[2026-06-17T10:22:18.389+0800][0.008s][info][gc,init] Initializing The Z Garbage Collector
[2026-06-17T10:22:18.390+0800][0.009s][info][gc,init] Version: 11.0.31+11 (release)
[2026-06-17T10:22:18.390+0800][0.009s][info][gc,init] NUMA Support: Disabled
[2026-06-17T10:22:18.391+0800][0.010s][info][gc,init] CPUs: 24 total, 24 available
[2026-06-17T10:22:18.391+0800][0.010s][info][gc,init] Memory: 15856M
[2026-06-17T10:22:18.392+0800][0.010s][info][gc,init] Large Page Support: Disabled
[2026-06-17T10:22:18.392+0800][0.011s][info][gc,init] Workers: 15 parallel, 3 concurrent
[2026-06-17T10:22:18.395+0800][0.014s][info][gc,init] Heap backed by file: /memfd:java_heap
[2026-06-17T10:22:18.395+0800][0.014s][info][gc,init] Available space on backing filesystem: N/A
[2026-06-17T10:22:18.435+0800][0.054s][info][gc,init] Pre-touching: Disabled
[2026-06-17T10:22:18.437+0800][0.056s][info][gc,init] Pre-mapping: 194M
[2026-06-17T10:22:18.446+0800][0.065s][info][gc,init] Runtime Workers: 15 parallel
[2026-06-17T10:22:18.449+0800][0.068s][info][gc     ] Using The Z Garbage Collector
[2026-06-17T10:22:18.563+0800][0.182s][info][gc,start] GC(0) Garbage Collection (Warmup)
[2026-06-17T10:22:18.564+0800][0.183s][info][gc,phases] GC(0) Pause Mark Start 0.226ms
[2026-06-17T10:22:18.566+0800][0.185s][info][gc,phases] GC(0) Concurrent Mark 1.475ms
[2026-06-17T10:22:18.566+0800][0.185s][info][gc,phases] GC(0) Pause Mark End 0.291ms
[2026-06-17T10:22:18.567+0800][0.186s][info][gc,phases] GC(0) Concurrent Process Non-Strong References 0.140ms
[2026-06-17T10:22:18.567+0800][0.186s][info][gc,phases] GC(0) Concurrent Reset Relocation Set 0.000ms
[2026-06-17T10:22:18.567+0800][0.186s][info][gc,phases] GC(0) Concurrent Destroy Detached Pages 0.001ms
[2026-06-17T10:22:18.570+0800][0.188s][info][gc,phases] GC(0) Concurrent Select Relocation Set 2.260ms
[2026-06-17T10:22:18.570+0800][0.189s][info][gc,phases] GC(0) Concurrent Prepare Relocation Set 0.084ms
[2026-06-17T10:22:18.570+0800][0.189s][info][gc,phases] GC(0) Pause Relocate Start 0.154ms
[2026-06-17T10:22:18.571+0800][0.190s][info][gc,phases] GC(0) Concurrent Relocate 0.385ms
[2026-06-17T10:22:18.571+0800][0.190s][info][gc,load  ] GC(0) Load: 0.30/0.22/0.29
[2026-06-17T10:22:18.573+0800][0.192s][info][gc,mmu   ] GC(0) MMU: 2ms/85.5%, 5ms/89.7%, 10ms/93.3%, 20ms/96.6%, 50ms/98.7%, 100ms/99.3%
[2026-06-17T10:22:18.573+0800][0.192s][info][gc,marking] GC(0) Mark: 2 stripe(s), 1 proactive flush(es), 1 terminate flush(es), 0 completion(s), 0 continuation(s) 
[2026-06-17T10:22:18.574+0800][0.192s][info][gc,reloc  ] GC(0) Relocation: Successful, 5M relocated
[2026-06-17T10:22:18.574+0800][0.192s][info][gc,nmethod] GC(0) NMethods: 8 registered, 0 unregistered
[2026-06-17T10:22:18.574+0800][0.193s][info][gc,metaspace] GC(0) Metaspace: 3M used, 4M capacity, 4M committed, 8M reserved
[2026-06-17T10:22:18.574+0800][0.193s][info][gc,ref      ] GC(0) Soft: 43 encountered, 0 discovered, 0 enqueued
[2026-06-17T10:22:18.574+0800][0.193s][info][gc,ref      ] GC(0) Weak: 7 encountered, 2 discovered, 0 enqueued
[2026-06-17T10:22:18.574+0800][0.193s][info][gc,ref      ] GC(0) Final: 0 encountered, 0 discovered, 0 enqueued
[2026-06-17T10:22:18.574+0800][0.193s][info][gc,ref      ] GC(0) Phantom: 1 encountered, 1 discovered, 0 enqueued
[2026-06-17T10:22:18.574+0800][0.193s][info][gc,heap     ] GC(0)                Mark Start          Mark End        Relocate Start      Relocate End           High               Low         
[2026-06-17T10:22:18.575+0800][0.193s][info][gc,heap     ] GC(0)  Capacity:      256M (100%)        256M (100%)        256M (100%)        256M (100%)        256M (100%)        256M (100%)   
[2026-06-17T10:22:18.575+0800][0.193s][info][gc,heap     ] GC(0)   Reserve:       62M (24%)          62M (24%)          62M (24%)          62M (24%)          62M (24%)          62M (24%)    
[2026-06-17T10:22:18.575+0800][0.194s][info][gc,heap     ] GC(0)      Free:      138M (54%)         134M (52%)         146M (57%)         150M (59%)         150M (59%)         134M (52%)    
[2026-06-17T10:22:18.575+0800][0.194s][info][gc,heap     ] GC(0)      Used:       56M (22%)          60M (23%)          48M (19%)          44M (17%)          60M (23%)          44M (17%)    
[2026-06-17T10:22:18.575+0800][0.194s][info][gc,heap     ] GC(0)      Live:         -                 5M (2%)            5M (2%)            5M (2%)             -                  -          
[2026-06-17T10:22:18.575+0800][0.194s][info][gc,heap     ] GC(0) Allocated:         -                 4M (2%)            4M (2%)           10M (4%)             -                  -          
[2026-06-17T10:22:18.575+0800][0.194s][info][gc,heap     ] GC(0)   Garbage:         -                50M (20%)          38M (15%)          34M (13%)            -                  -          
[2026-06-17T10:22:18.576+0800][0.194s][info][gc,heap     ] GC(0) Reclaimed:         -                  -                12M (5%)           16M (6%)             -                  -          
[2026-06-17T10:22:18.576+0800][0.195s][info][gc          ] GC(0) Garbage Collection (Warmup) 56M(22%)->44M(17%)
[2026-06-17T10:22:18.663+0800][0.282s][info][gc,start    ] GC(1) Garbage Collection (Warmup)
[2026-06-17T10:22:18.664+0800][0.283s][info][gc,phases   ] GC(1) Pause Mark Start 0.205ms
[2026-06-17T10:22:18.667+0800][0.285s][info][gc,phases   ] GC(1) Concurrent Mark 1.719ms
[2026-06-17T10:22:18.668+0800][0.286s][info][gc,phases   ] GC(1) Pause Mark End 0.323ms
[2026-06-17T10:22:18.668+0800][0.287s][info][gc,phases   ] GC(1) Concurrent Process Non-Strong References 0.172ms
[2026-06-17T10:22:18.669+0800][0.287s][info][gc,phases   ] GC(1) Concurrent Reset Relocation Set 0.024ms
[2026-06-17T10:22:18.669+0800][0.288s][info][gc,phases   ] GC(1) Concurrent Destroy Detached Pages 0.001ms
[2026-06-17T10:22:18.670+0800][0.288s][info][gc,phases   ] GC(1) Concurrent Select Relocation Set 0.567ms
[2026-06-17T10:22:18.670+0800][0.289s][info][gc,phases   ] GC(1) Concurrent Prepare Relocation Set 0.089ms
[2026-06-17T10:22:18.673+0800][0.291s][info][gc,phases   ] GC(1) Pause Relocate Start 0.142ms
[2026-06-17T10:22:18.676+0800][0.295s][info][gc,phases   ] GC(1) Concurrent Relocate 2.403ms
[2026-06-17T10:22:18.677+0800][0.296s][info][gc,load     ] GC(1) Load: 0.28/0.22/0.28
[2026-06-17T10:22:18.678+0800][0.296s][info][gc,mmu      ] GC(1) MMU: 2ms/83.8%, 5ms/89.4%, 10ms/93.3%, 20ms/96.6%, 50ms/98.7%, 100ms/99.3%
[2026-06-17T10:22:18.679+0800][0.297s][info][gc,marking  ] GC(1) Mark: 2 stripe(s), 1 proactive flush(es), 1 terminate flush(es), 0 completion(s), 0 continuation(s) 
[2026-06-17T10:22:18.679+0800][0.298s][info][gc,reloc    ] GC(1) Relocation: Successful, 11M relocated
[2026-06-17T10:22:18.681+0800][0.299s][info][gc,nmethod  ] GC(1) NMethods: 8 registered, 0 unregistered
[2026-06-17T10:22:18.681+0800][0.300s][info][gc,metaspace] GC(1) Metaspace: 3M used, 4M capacity, 4M committed, 8M reserved
[2026-06-17T10:22:18.681+0800][0.300s][info][gc,ref      ] GC(1) Soft: 43 encountered, 0 discovered, 0 enqueued
[2026-06-17T10:22:18.681+0800][0.300s][info][gc,ref      ] GC(1) Weak: 7 encountered, 2 discovered, 0 enqueued
[2026-06-17T10:22:18.682+0800][0.301s][info][gc,ref      ] GC(1) Final: 0 encountered, 0 discovered, 0 enqueued
[2026-06-17T10:22:18.683+0800][0.301s][info][gc,ref      ] GC(1) Phantom: 1 encountered, 1 discovered, 0 enqueued
[2026-06-17T10:22:18.683+0800][0.302s][info][gc,heap     ] GC(1)                Mark Start          Mark End        Relocate Start      Relocate End           High               Low         
[2026-06-17T10:22:18.684+0800][0.302s][info][gc,heap     ] GC(1)  Capacity:      256M (100%)        256M (100%)        256M (100%)        256M (100%)        256M (100%)        256M (100%)   
[2026-06-17T10:22:18.684+0800][0.303s][info][gc,heap     ] GC(1)   Reserve:       62M (24%)          62M (24%)          62M (24%)          62M (24%)          62M (24%)          62M (24%)    
[2026-06-17T10:22:18.684+0800][0.303s][info][gc,heap     ] GC(1)      Free:       86M (34%)          82M (32%)         106M (41%)         146M (57%)         146M (57%)          66M (26%)    
[2026-06-17T10:22:18.685+0800][0.303s][info][gc,heap     ] GC(1)      Used:      108M (42%)         112M (44%)          88M (34%)          48M (19%)         128M (50%)          48M (19%)    
[2026-06-17T10:22:18.685+0800][0.304s][info][gc,heap     ] GC(1)      Live:         -                11M (4%)           11M (4%)           11M (4%)             -                  -          
[2026-06-17T10:22:18.686+0800][0.305s][info][gc,heap     ] GC(1) Allocated:         -                 4M (2%)            4M (2%)           48M (19%)            -                  -          
[2026-06-17T10:22:18.686+0800][0.305s][info][gc,heap     ] GC(1)   Garbage:         -                96M (38%)          72M (28%)          32M (13%)            -                  -          
[2026-06-17T10:22:18.687+0800][0.305s][info][gc,heap     ] GC(1) Reclaimed:         -                  -                24M (9%)           64M (25%)            -                  -          
[2026-06-17T10:22:18.687+0800][0.306s][info][gc          ] GC(1) Garbage Collection (Warmup) 108M(42%)->48M(19%)
[2026-06-17T10:22:18.763+0800][0.382s][info][gc,start    ] GC(2) Garbage Collection (Warmup)
[2026-06-17T10:22:18.765+0800][0.383s][info][gc,phases   ] GC(2) Pause Mark Start 0.423ms
[2026-06-17T10:22:18.768+0800][0.387s][info][gc,phases   ] GC(2) Concurrent Mark 2.797ms
[2026-06-17T10:22:18.770+0800][0.389s][info][gc,phases   ] GC(2) Pause Mark End 0.726ms
[2026-06-17T10:22:18.771+0800][0.390s][info][gc,phases   ] GC(2) Concurrent Process Non-Strong References 0.367ms
[2026-06-17T10:22:18.772+0800][0.390s][info][gc,phases   ] GC(2) Concurrent Reset Relocation Set 0.003ms
[2026-06-17T10:22:18.772+0800][0.391s][info][gc,phases   ] GC(2) Concurrent Destroy Detached Pages 0.001ms
[2026-06-17T10:22:18.774+0800][0.392s][info][gc,phases   ] GC(2) Concurrent Select Relocation Set 1.322ms
[2026-06-17T10:22:18.774+0800][0.393s][info][gc,phases   ] GC(2) Concurrent Prepare Relocation Set 0.003ms
[2026-06-17T10:22:18.775+0800][0.394s][info][gc,phases   ] GC(2) Pause Relocate Start 0.333ms
[2026-06-17T10:22:18.776+0800][0.395s][info][gc,phases   ] GC(2) Concurrent Relocate 0.393ms
[2026-06-17T10:22:18.777+0800][0.396s][info][gc,load     ] GC(2) Load: 0.28/0.22/0.28
[2026-06-17T10:22:18.777+0800][0.396s][info][gc,mmu      ] GC(2) MMU: 2ms/63.7%, 5ms/85.5%, 10ms/88.5%, 20ms/92.6%, 50ms/97.0%, 100ms/98.5%
[2026-06-17T10:22:18.778+0800][0.396s][info][gc,marking  ] GC(2) Mark: 2 stripe(s), 2 proactive flush(es), 1 terminate flush(es), 0 completion(s), 0 continuation(s) 
[2026-06-17T10:22:18.778+0800][0.397s][info][gc,reloc    ] GC(2) Relocation: Successful, 15M relocated
[2026-06-17T10:22:18.778+0800][0.397s][info][gc,nmethod  ] GC(2) NMethods: 8 registered, 0 unregistered
[2026-06-17T10:22:18.778+0800][0.397s][info][gc,metaspace] GC(2) Metaspace: 3M used, 4M capacity, 4M committed, 8M reserved
[2026-06-17T10:22:18.779+0800][0.398s][info][gc,ref      ] GC(2) Soft: 43 encountered, 0 discovered, 0 enqueued
[2026-06-17T10:22:18.779+0800][0.398s][info][gc,ref      ] GC(2) Weak: 7 encountered, 2 discovered, 0 enqueued
[2026-06-17T10:22:18.779+0800][0.398s][info][gc,ref      ] GC(2) Final: 0 encountered, 0 discovered, 0 enqueued
[2026-06-17T10:22:18.780+0800][0.398s][info][gc,ref      ] GC(2) Phantom: 1 encountered, 1 discovered, 0 enqueued
[2026-06-17T10:22:18.780+0800][0.399s][info][gc,heap     ] GC(2)                Mark Start          Mark End        Relocate Start      Relocate End           High               Low         
[2026-06-17T10:22:18.780+0800][0.399s][info][gc,heap     ] GC(2)  Capacity:      256M (100%)        256M (100%)        256M (100%)        256M (100%)        256M (100%)        256M (100%)   
[2026-06-17T10:22:18.780+0800][0.399s][info][gc,heap     ] GC(2)   Reserve:       62M (24%)          62M (24%)          62M (24%)          62M (24%)          62M (24%)          62M (24%)    
[2026-06-17T10:22:18.781+0800][0.399s][info][gc,heap     ] GC(2)      Free:      116M (45%)         112M (44%)         140M (55%)         146M (57%)         146M (57%)         112M (44%)    
[2026-06-17T10:22:18.781+0800][0.400s][info][gc,heap     ] GC(2)      Used:       78M (30%)          82M (32%)          54M (21%)          48M (19%)          82M (32%)          48M (19%)    
[2026-06-17T10:22:18.781+0800][0.400s][info][gc,heap     ] GC(2)      Live:         -                18M (7%)           18M (7%)           18M (7%)             -                  -          
[2026-06-17T10:22:18.782+0800][0.401s][info][gc,heap     ] GC(2) Allocated:         -                 4M (2%)            4M (2%)           10M (4%)             -                  -          
[2026-06-17T10:22:18.784+0800][0.403s][info][gc,heap     ] GC(2)   Garbage:         -                59M (23%)          31M (12%)          25M (10%)            -                  -          
[2026-06-17T10:22:18.784+0800][0.403s][info][gc,heap     ] GC(2) Reclaimed:         -                  -                28M (11%)          34M (13%)            -                  -          
[2026-06-17T10:22:18.785+0800][0.403s][info][gc          ] GC(2) Garbage Collection (Warmup) 78M(30%)->48M(19%)
[2026-06-17T10:22:18.863+0800][0.482s][info][gc,start    ] GC(3) Garbage Collection (Allocation Rate)
[2026-06-17T10:22:18.864+0800][0.483s][info][gc,phases   ] GC(3) Pause Mark Start 0.154ms
[2026-06-17T10:22:18.867+0800][0.485s][info][gc,phases   ] GC(3) Concurrent Mark 1.713ms
[2026-06-17T10:22:18.868+0800][0.486s][info][gc,phases   ] GC(3) Pause Mark End 0.274ms
[2026-06-17T10:22:18.868+0800][0.487s][info][gc,phases   ] GC(3) Concurrent Process Non-Strong References 0.128ms
[2026-06-17T10:22:18.869+0800][0.487s][info][gc,phases   ] GC(3) Concurrent Reset Relocation Set 0.003ms
[2026-06-17T10:22:18.869+0800][0.488s][info][gc,phases   ] GC(3) Concurrent Destroy Detached Pages 0.001ms
[2026-06-17T10:22:18.870+0800][0.488s][info][gc,phases   ] GC(3) Concurrent Select Relocation Set 0.491ms
[2026-06-17T10:22:18.873+0800][0.491s][info][gc,phases   ] GC(3) Concurrent Prepare Relocation Set 0.010ms
[2026-06-17T10:22:18.874+0800][0.493s][info][gc,phases   ] GC(3) Pause Relocate Start 0.140ms
[2026-06-17T10:22:18.876+0800][0.495s][info][gc,phases   ] GC(3) Concurrent Relocate 1.903ms
[2026-06-17T10:22:18.877+0800][0.495s][info][gc,load     ] GC(3) Load: 0.28/0.22/0.28
[2026-06-17T10:22:18.877+0800][0.496s][info][gc,mmu      ] GC(3) MMU: 2ms/63.7%, 5ms/85.5%, 10ms/88.5%, 20ms/92.6%, 50ms/97.0%, 100ms/98.5%
[2026-06-17T10:22:18.877+0800][0.496s][info][gc,marking  ] GC(3) Mark: 2 stripe(s), 2 proactive flush(es), 1 terminate flush(es), 0 completion(s), 0 continuation(s) 
[2026-06-17T10:22:18.877+0800][0.496s][info][gc,reloc    ] GC(3) Relocation: Successful, 15M relocated
[2026-06-17T10:22:18.878+0800][0.496s][info][gc,nmethod  ] GC(3) NMethods: 8 registered, 0 unregistered
[2026-06-17T10:22:18.878+0800][0.497s][info][gc,metaspace] GC(3) Metaspace: 3M used, 4M capacity, 4M committed, 8M reserved
[2026-06-17T10:22:18.878+0800][0.497s][info][gc,ref      ] GC(3) Soft: 43 encountered, 0 discovered, 0 enqueued
[2026-06-17T10:22:18.878+0800][0.497s][info][gc,ref      ] GC(3) Weak: 7 encountered, 2 discovered, 0 enqueued
[2026-06-17T10:22:18.879+0800][0.498s][info][gc,ref      ] GC(3) Final: 0 encountered, 0 discovered, 0 enqueued
[2026-06-17T10:22:18.882+0800][0.500s][info][gc,ref      ] GC(3) Phantom: 1 encountered, 1 discovered, 0 enqueued
[2026-06-17T10:22:18.882+0800][0.501s][info][gc,heap     ] GC(3)                Mark Start          Mark End        Relocate Start      Relocate End           High               Low         
[2026-06-17T10:22:18.882+0800][0.501s][info][gc,heap     ] GC(3)  Capacity:      256M (100%)        256M (100%)        256M (100%)        256M (100%)        256M (100%)        256M (100%)   
[2026-06-17T10:22:18.883+0800][0.501s][info][gc,heap     ] GC(3)   Reserve:       62M (24%)          62M (24%)          62M (24%)          62M (24%)          62M (24%)          62M (24%)    
[2026-06-17T10:22:18.883+0800][0.502s][info][gc,heap     ] GC(3)      Free:       78M (30%)          76M (30%)         100M (39%)         144M (56%)         144M (56%)          62M (24%)    
[2026-06-17T10:22:18.883+0800][0.502s][info][gc,heap     ] GC(3)      Used:      116M (45%)         118M (46%)          94M (37%)          50M (20%)         132M (52%)          50M (20%)    
[2026-06-17T10:22:18.883+0800][0.502s][info][gc,heap     ] GC(3)      Live:         -                16M (7%)           16M (7%)           16M (7%)             -                  -          
[2026-06-17T10:22:18.884+0800][0.502s][info][gc,heap     ] GC(3) Allocated:         -                 2M (1%)            2M (1%)           48M (19%)            -                  -          
[2026-06-17T10:22:18.884+0800][0.503s][info][gc,heap     ] GC(3)   Garbage:         -                99M (39%)          75M (29%)          27M (11%)            -                  -          
[2026-06-17T10:22:18.884+0800][0.503s][info][gc,heap     ] GC(3) Reclaimed:         -                  -                24M (9%)           72M (28%)            -                  -          
[2026-06-17T10:22:18.884+0800][0.503s][info][gc          ] GC(3) Garbage Collection (Allocation Rate) 116M(45%)->50M(20%)
[2026-06-17T10:22:18.963+0800][0.582s][info][gc,start    ] GC(4) Garbage Collection (Allocation Rate)
[2026-06-17T10:22:18.983+0800][0.602s][info][gc,phases   ] GC(4) Pause Mark Start 0.447ms
[2026-06-17T10:22:18.989+0800][0.608s][info][gc,phases   ] GC(4) Concurrent Mark 2.278ms
[2026-06-17T10:22:18.991+0800][0.610s][info][gc,phases   ] GC(4) Pause Mark End 0.258ms
[2026-06-17T10:22:18.992+0800][0.611s][info][gc,phases   ] GC(4) Concurrent Process Non-Strong References 0.146ms
[2026-06-17T10:22:18.995+0800][0.614s][info][gc,phases   ] GC(4) Concurrent Reset Relocation Set 0.006ms
[2026-06-17T10:22:18.996+0800][0.615s][info][gc,phases   ] GC(4) Concurrent Destroy Detached Pages 0.003ms
[2026-06-17T10:22:18.999+0800][0.617s][info][gc,phases   ] GC(4) Concurrent Select Relocation Set 1.794ms
[2026-06-17T10:22:18.999+0800][0.618s][info][gc,phases   ] GC(4) Concurrent Prepare Relocation Set 0.008ms
[2026-06-17T10:22:19.001+0800][0.620s][info][gc,phases   ] GC(4) Pause Relocate Start 0.370ms
[2026-06-17T10:22:19.002+0800][0.621s][info][gc,phases   ] GC(4) Concurrent Relocate 0.309ms
[2026-06-17T10:22:19.003+0800][0.621s][info][gc,load     ] GC(4) Load: 0.28/0.22/0.28
[2026-06-17T10:22:19.003+0800][0.622s][info][gc,mmu      ] GC(4) MMU: 2ms/63.7%, 5ms/85.5%, 10ms/88.5%, 20ms/92.6%, 50ms/97.0%, 100ms/98.5%
[2026-06-17T10:22:19.004+0800][0.622s][info][gc,marking  ] GC(4) Mark: 2 stripe(s), 2 proactive flush(es), 1 terminate flush(es), 0 completion(s), 0 continuation(s) 
[2026-06-17T10:22:19.005+0800][0.624s][info][gc,reloc    ] GC(4) Relocation: Successful, 21M relocated
[2026-06-17T10:22:19.007+0800][0.626s][info][gc,nmethod  ] GC(4) NMethods: 8 registered, 0 unregistered
[2026-06-17T10:22:19.008+0800][0.627s][info][gc,metaspace] GC(4) Metaspace: 3M used, 4M capacity, 4M committed, 8M reserved
[2026-06-17T10:22:19.009+0800][0.627s][info][gc,ref      ] GC(4) Soft: 43 encountered, 0 discovered, 0 enqueued
[2026-06-17T10:22:19.009+0800][0.628s][info][gc,ref      ] GC(4) Weak: 7 encountered, 2 discovered, 0 enqueued
[2026-06-17T10:22:19.010+0800][0.628s][info][gc,ref      ] GC(4) Final: 0 encountered, 0 discovered, 0 enqueued
[2026-06-17T10:22:19.010+0800][0.629s][info][gc,ref      ] GC(4) Phantom: 1 encountered, 1 discovered, 0 enqueued
[2026-06-17T10:22:19.011+0800][0.629s][info][gc,heap     ] GC(4)                Mark Start          Mark End        Relocate Start      Relocate End           High               Low         
[2026-06-17T10:22:19.011+0800][0.630s][info][gc,heap     ] GC(4)  Capacity:      256M (100%)        256M (100%)        256M (100%)        256M (100%)        256M (100%)        256M (100%)   
[2026-06-17T10:22:19.012+0800][0.630s][info][gc,heap     ] GC(4)   Reserve:       62M (24%)          62M (24%)          62M (24%)          62M (24%)          62M (24%)          62M (24%)    
[2026-06-17T10:22:19.012+0800][0.631s][info][gc,heap     ] GC(4)      Free:      110M (43%)         106M (41%)         134M (52%)         144M (56%)         144M (56%)         106M (41%)    
[2026-06-17T10:22:19.013+0800][0.632s][info][gc,heap     ] GC(4)      Used:       84M (33%)          88M (34%)          60M (23%)          50M (20%)          88M (34%)          50M (20%)    
[2026-06-17T10:22:19.013+0800][0.632s][info][gc,heap     ] GC(4)      Live:         -                23M (9%)           23M (9%)           23M (9%)             -                  -          
[2026-06-17T10:22:19.014+0800][0.633s][info][gc,heap     ] GC(4) Allocated:         -                 4M (2%)            8M (3%)           14M (5%)             -                  -          
[2026-06-17T10:22:19.014+0800][0.633s][info][gc,heap     ] GC(4)   Garbage:         -                60M (24%)          28M (11%)          18M (7%)             -                  -          
[2026-06-17T10:22:19.015+0800][0.634s][info][gc,heap     ] GC(4) Reclaimed:         -                  -                32M (12%)          42M (16%)            -                  -          
[2026-06-17T10:22:19.015+0800][0.634s][info][gc          ] GC(4) Garbage Collection (Allocation Rate) 84M(33%)->50M(20%)
[2026-06-17T10:22:19.064+0800][0.682s][info][gc,start    ] GC(5) Garbage Collection (Allocation Rate)
[2026-06-17T10:22:19.067+0800][0.686s][info][gc,phases   ] GC(5) Pause Mark Start 0.543ms
[2026-06-17T10:22:19.070+0800][0.689s][info][gc,phases   ] GC(5) Concurrent Mark 2.397ms
[2026-06-17T10:22:19.074+0800][0.693s][info][gc,phases   ] GC(5) Pause Mark End 0.965ms
[2026-06-17T10:22:19.077+0800][0.696s][info][gc,phases   ] GC(5) Concurrent Process Non-Strong References 0.446ms
[2026-06-17T10:22:19.081+0800][0.700s][info][gc,phases   ] GC(5) Concurrent Reset Relocation Set 0.013ms
[2026-06-17T10:22:19.082+0800][0.701s][info][gc,phases   ] GC(5) Concurrent Destroy Detached Pages 0.002ms
[2026-06-17T10:22:19.084+0800][0.703s][info][gc,phases   ] GC(5) Concurrent Select Relocation Set 1.515ms
[2026-06-17T10:22:19.086+0800][0.704s][info][gc,phases   ] GC(5) Concurrent Prepare Relocation Set 0.008ms
[2026-06-17T10:22:19.087+0800][0.706s][info][gc,phases   ] GC(5) Pause Relocate Start 0.307ms
[2026-06-17T10:22:19.092+0800][0.711s][info][gc,phases   ] GC(5) Concurrent Relocate 3.314ms
[2026-06-17T10:22:19.093+0800][0.711s][info][gc,load     ] GC(5) Load: 0.28/0.22/0.28
[2026-06-17T10:22:19.093+0800][0.712s][info][gc,mmu      ] GC(5) MMU: 2ms/51.7%, 5ms/80.7%, 10ms/84.9%, 20ms/92.5%, 50ms/96.4%, 100ms/97.4%
[2026-06-17T10:22:19.094+0800][0.712s][info][gc,marking  ] GC(5) Mark: 2 stripe(s), 2 proactive flush(es), 1 terminate flush(es), 0 completion(s), 0 continuation(s) 
[2026-06-17T10:22:19.094+0800][0.713s][info][gc,reloc    ] GC(5) Relocation: Successful, 18M relocated
[2026-06-17T10:22:19.095+0800][0.713s][info][gc,nmethod  ] GC(5) NMethods: 8 registered, 0 unregistered
[2026-06-17T10:22:19.095+0800][0.714s][info][gc,metaspace] GC(5) Metaspace: 3M used, 4M capacity, 4M committed, 8M reserved
[2026-06-17T10:22:19.095+0800][0.714s][info][gc,ref      ] GC(5) Soft: 43 encountered, 0 discovered, 0 enqueued
[2026-06-17T10:22:19.096+0800][0.714s][info][gc,ref      ] GC(5) Weak: 7 encountered, 2 discovered, 0 enqueued
[2026-06-17T10:22:19.096+0800][0.715s][info][gc,ref      ] GC(5) Final: 0 encountered, 0 discovered, 0 enqueued
[2026-06-17T10:22:19.096+0800][0.715s][info][gc,ref      ] GC(5) Phantom: 1 encountered, 1 discovered, 0 enqueued
[2026-06-17T10:22:19.097+0800][0.715s][info][gc,heap     ] GC(5)                Mark Start          Mark End        Relocate Start      Relocate End           High               Low         
[2026-06-17T10:22:19.099+0800][0.717s][info][gc,heap     ] GC(5)  Capacity:      256M (100%)        256M (100%)        256M (100%)        256M (100%)        256M (100%)        256M (100%)   
[2026-06-17T10:22:19.101+0800][0.719s][info][gc,heap     ] GC(5)   Reserve:       62M (24%)          62M (24%)          62M (24%)          62M (24%)          62M (24%)          62M (24%)    
[2026-06-17T10:22:19.102+0800][0.721s][info][gc,heap     ] GC(5)      Free:       92M (36%)          88M (34%)          74M (29%)         136M (53%)         136M (53%)          64M (25%)    
[2026-06-17T10:22:19.103+0800][0.721s][info][gc,heap     ] GC(5)      Used:      102M (40%)         106M (41%)         120M (47%)          58M (23%)         130M (51%)          58M (23%)    
[2026-06-17T10:22:19.103+0800][0.722s][info][gc,heap     ] GC(5)      Live:         -                18M (7%)           18M (7%)           18M (7%)             -                  -          
[2026-06-17T10:22:19.104+0800][0.723s][info][gc,heap     ] GC(5) Allocated:         -                 4M (2%)           42M (16%)          54M (21%)            -                  -          
[2026-06-17T10:22:19.104+0800][0.723s][info][gc,heap     ] GC(5)   Garbage:         -                83M (33%)          59M (23%)    17592186044413M (6         -                  -          
[2026-06-17T10:22:19.105+0800][0.724s][info][gc,heap     ] GC(5) Reclaimed:         -                  -                24M (9%)           86M (34%)            -                  -          
[2026-06-17T10:22:19.107+0800][0.726s][info][gc          ] GC(5) Garbage Collection (Allocation Rate) 102M(40%)->58M(23%)
[2026-06-17T10:22:19.163+0800][0.782s][info][gc,start    ] GC(6) Garbage Collection (Allocation Rate)
[2026-06-17T10:22:19.165+0800][0.784s][info][gc,phases   ] GC(6) Pause Mark Start 0.257ms
[2026-06-17T10:22:19.167+0800][0.786s][info][gc,phases   ] GC(6) Concurrent Mark 1.791ms
[2026-06-17T10:22:19.168+0800][0.787s][info][gc,phases   ] GC(6) Pause Mark End 0.311ms
[2026-06-17T10:22:19.171+0800][0.789s][info][gc,phases   ] GC(6) Concurrent Process Non-Strong References 0.146ms
[2026-06-17T10:22:19.171+0800][0.790s][info][gc,phases   ] GC(6) Concurrent Reset Relocation Set 0.003ms
[2026-06-17T10:22:19.172+0800][0.791s][info][gc,phases   ] GC(6) Concurrent Destroy Detached Pages 0.001ms
[2026-06-17T10:22:19.173+0800][0.792s][info][gc,phases   ] GC(6) Concurrent Select Relocation Set 0.478ms
[2026-06-17T10:22:19.173+0800][0.792s][info][gc,phases   ] GC(6) Concurrent Prepare Relocation Set 0.013ms
[2026-06-17T10:22:19.175+0800][0.794s][info][gc,phases   ] GC(6) Pause Relocate Start 0.424ms
[2026-06-17T10:22:19.176+0800][0.795s][info][gc,phases   ] GC(6) Concurrent Relocate 0.658ms
[2026-06-17T10:22:19.177+0800][0.795s][info][gc,load     ] GC(6) Load: 0.28/0.22/0.28
[2026-06-17T10:22:19.177+0800][0.796s][info][gc,mmu      ] GC(6) MMU: 2ms/51.7%, 5ms/80.7%, 10ms/84.9%, 20ms/92.5%, 50ms/96.4%, 100ms/97.4%
[2026-06-17T10:22:19.178+0800][0.797s][info][gc,marking  ] GC(6) Mark: 2 stripe(s), 1 proactive flush(es), 1 terminate flush(es), 0 completion(s), 0 continuation(s) 
[2026-06-17T10:22:19.179+0800][0.798s][info][gc,reloc    ] GC(6) Relocation: Successful, 23M relocated
[2026-06-17T10:22:19.180+0800][0.799s][info][gc,nmethod  ] GC(6) NMethods: 8 registered, 0 unregistered
[2026-06-17T10:22:19.182+0800][0.801s][info][gc,metaspace] GC(6) Metaspace: 3M used, 4M capacity, 4M committed, 8M reserved
[2026-06-17T10:22:19.183+0800][0.801s][info][gc,ref      ] GC(6) Soft: 43 encountered, 0 discovered, 0 enqueued
[2026-06-17T10:22:19.183+0800][0.802s][info][gc,ref      ] GC(6) Weak: 7 encountered, 2 discovered, 0 enqueued
[2026-06-17T10:22:19.184+0800][0.802s][info][gc,ref      ] GC(6) Final: 0 encountered, 0 discovered, 0 enqueued
[2026-06-17T10:22:19.184+0800][0.803s][info][gc,ref      ] GC(6) Phantom: 1 encountered, 1 discovered, 0 enqueued
[2026-06-17T10:22:19.184+0800][0.803s][info][gc,heap     ] GC(6)                Mark Start          Mark End        Relocate Start      Relocate End           High               Low         
[2026-06-17T10:22:19.185+0800][0.803s][info][gc,heap     ] GC(6)  Capacity:      256M (100%)        256M (100%)        256M (100%)        256M (100%)        256M (100%)        256M (100%)   
[2026-06-17T10:22:19.185+0800][0.804s][info][gc,heap     ] GC(6)   Reserve:       62M (24%)          62M (24%)          62M (24%)          62M (24%)          62M (24%)          62M (24%)    
[2026-06-17T10:22:19.185+0800][0.804s][info][gc,heap     ] GC(6)      Free:      110M (43%)         110M (43%)         128M (50%)         148M (58%)         148M (58%)         108M (42%)    
[2026-06-17T10:22:19.186+0800][0.805s][info][gc,heap     ] GC(6)      Used:       84M (33%)          84M (33%)          66M (26%)          46M (18%)          86M (34%)          46M (18%)    
[2026-06-17T10:22:19.186+0800][0.805s][info][gc,heap     ] GC(6)      Live:         -                25M (10%)          25M (10%)          25M (10%)            -                  -          
[2026-06-17T10:22:19.187+0800][0.805s][info][gc,heap     ] GC(6) Allocated:         -                 0M (0%)            4M (2%)           12M (5%)             -                  -          
[2026-06-17T10:22:19.187+0800][0.806s][info][gc,heap     ] GC(6)   Garbage:         -                58M (23%)          36M (14%)          16M (7%)             -                  -          
[2026-06-17T10:22:19.187+0800][0.806s][info][gc,heap     ] GC(6) Reclaimed:         -                  -                22M (9%)           42M (16%)            -                  -          
[2026-06-17T10:22:19.188+0800][0.807s][info][gc          ] GC(6) Garbage Collection (Allocation Rate) 84M(33%)->46M(18%)
[2026-06-17T10:22:19.263+0800][0.882s][info][gc,start    ] GC(7) Garbage Collection (Allocation Rate)
[2026-06-17T10:22:19.265+0800][0.884s][info][gc,phases   ] GC(7) Pause Mark Start 0.532ms
[2026-06-17T10:22:19.268+0800][0.886s][info][gc,phases   ] GC(7) Concurrent Mark 1.528ms
[2026-06-17T10:22:19.268+0800][0.887s][info][gc,phases   ] GC(7) Pause Mark End 0.246ms
[2026-06-17T10:22:19.270+0800][0.889s][info][gc,phases   ] GC(7) Concurrent Process Non-Strong References 0.101ms
[2026-06-17T10:22:19.270+0800][0.889s][info][gc,phases   ] GC(7) Concurrent Reset Relocation Set 0.002ms
[2026-06-17T10:22:19.272+0800][0.890s][info][gc,phases   ] GC(7) Concurrent Destroy Detached Pages 0.001ms
[2026-06-17T10:22:19.274+0800][0.892s][info][gc,phases   ] GC(7) Concurrent Select Relocation Set 1.210ms
[2026-06-17T10:22:19.276+0800][0.895s][info][gc,phases   ] GC(7) Concurrent Prepare Relocation Set 0.019ms
[2026-06-17T10:22:19.277+0800][0.896s][info][gc,phases   ] GC(7) Pause Relocate Start 0.386ms
[2026-06-17T10:22:19.283+0800][0.901s][info][gc,phases   ] GC(7) Concurrent Relocate 4.095ms
[2026-06-17T10:22:19.284+0800][0.902s][info][gc,load     ] GC(7) Load: 0.28/0.22/0.28
[2026-06-17T10:22:19.284+0800][0.903s][info][gc,mmu      ] GC(7) MMU: 2ms/51.7%, 5ms/80.7%, 10ms/84.9%, 20ms/92.5%, 50ms/96.4%, 100ms/97.4%
[2026-06-17T10:22:19.285+0800][0.903s][info][gc,marking  ] GC(7) Mark: 2 stripe(s), 1 proactive flush(es), 1 terminate flush(es), 0 completion(s), 0 continuation(s) 
[2026-06-17T10:22:19.285+0800][0.904s][info][gc,reloc    ] GC(7) Relocation: Successful, 19M relocated
[2026-06-17T10:22:19.286+0800][0.905s][info][gc,nmethod  ] GC(7) NMethods: 8 registered, 0 unregistered
[2026-06-17T10:22:19.286+0800][0.905s][info][gc,metaspace] GC(7) Metaspace: 3M used, 4M capacity, 4M committed, 8M reserved
[2026-06-17T10:22:19.287+0800][0.906s][info][gc,ref      ] GC(7) Soft: 43 encountered, 0 discovered, 0 enqueued
[2026-06-17T10:22:19.287+0800][0.906s][info][gc,ref      ] GC(7) Weak: 7 encountered, 2 discovered, 0 enqueued
[2026-06-17T10:22:19.288+0800][0.906s][info][gc,ref      ] GC(7) Final: 0 encountered, 0 discovered, 0 enqueued
[2026-06-17T10:22:19.288+0800][0.907s][info][gc,ref      ] GC(7) Phantom: 1 encountered, 0 discovered, 0 enqueued
[2026-06-17T10:22:19.288+0800][0.907s][info][gc,heap     ] GC(7)                Mark Start          Mark End        Relocate Start      Relocate End           High               Low         
[2026-06-17T10:22:19.288+0800][0.907s][info][gc,heap     ] GC(7)  Capacity:      256M (100%)        256M (100%)        256M (100%)        256M (100%)        256M (100%)        256M (100%)   
[2026-06-17T10:22:19.289+0800][0.907s][info][gc,heap     ] GC(7)   Reserve:       62M (24%)          62M (24%)          62M (24%)          62M (24%)          62M (24%)          62M (24%)    
[2026-06-17T10:22:19.289+0800][0.908s][info][gc,heap     ] GC(7)      Free:       84M (33%)          84M (33%)          76M (30%)         142M (55%)         142M (55%)          48M (19%)    
[2026-06-17T10:22:19.289+0800][0.908s][info][gc,heap     ] GC(7)      Used:      110M (43%)         110M (43%)         118M (46%)          52M (20%)         146M (57%)          52M (20%)    
[2026-06-17T10:22:19.290+0800][0.909s][info][gc,heap     ] GC(7)      Live:         -                21M (8%)           21M (8%)           21M (8%)             -                  -          
[2026-06-17T10:22:19.290+0800][0.909s][info][gc,heap     ] GC(7) Allocated:         -                 0M (0%)           36M (14%)          50M (20%)            -                  -          
[2026-06-17T10:22:19.290+0800][0.909s][info][gc,heap     ] GC(7)   Garbage:         -                88M (35%)          60M (24%)    17592186044406M (6         -                  -          
[2026-06-17T10:22:19.291+0800][0.910s][info][gc,heap     ] GC(7) Reclaimed:         -                  -                28M (11%)          98M (38%)            -                  -          
[2026-06-17T10:22:19.292+0800][0.910s][info][gc          ] GC(7) Garbage Collection (Allocation Rate) 110M(43%)->52M(20%)
[2026-06-17T10:22:19.363+0800][0.981s][info][gc,start    ] GC(8) Garbage Collection (Allocation Rate)
[2026-06-17T10:22:19.364+0800][0.983s][info][gc,phases   ] GC(8) Pause Mark Start 0.373ms
[2026-06-17T10:22:19.367+0800][0.985s][info][gc,phases   ] GC(8) Concurrent Mark 1.577ms
[2026-06-17T10:22:19.368+0800][0.987s][info][gc,phases   ] GC(8) Pause Mark End 0.265ms
[2026-06-17T10:22:19.368+0800][0.987s][info][gc,phases   ] GC(8) Concurrent Process Non-Strong References 0.138ms
[2026-06-17T10:22:19.369+0800][0.987s][info][gc,phases   ] GC(8) Concurrent Reset Relocation Set 0.002ms
[2026-06-17T10:22:19.369+0800][0.988s][info][gc,phases   ] GC(8) Concurrent Destroy Detached Pages 0.001ms
[2026-06-17T10:22:19.370+0800][0.989s][info][gc,phases   ] GC(8) Concurrent Select Relocation Set 0.536ms
[2026-06-17T10:22:19.371+0800][0.990s][info][gc,phases   ] GC(8) Concurrent Prepare Relocation Set 0.006ms
[2026-06-17T10:22:19.371+0800][0.990s][info][gc,phases   ] GC(8) Pause Relocate Start 0.135ms
[2026-06-17T10:22:19.372+0800][0.991s][info][gc,phases   ] GC(8) Concurrent Relocate 0.433ms
[2026-06-17T10:22:19.372+0800][0.991s][info][gc,load     ] GC(8) Load: 0.28/0.22/0.28
[2026-06-17T10:22:19.373+0800][0.991s][info][gc,mmu      ] GC(8) MMU: 2ms/51.7%, 5ms/80.7%, 10ms/84.9%, 20ms/92.5%, 50ms/96.4%, 100ms/97.4%
[2026-06-17T10:22:19.373+0800][0.992s][info][gc,marking  ] GC(8) Mark: 2 stripe(s), 1 proactive flush(es), 1 terminate flush(es), 0 completion(s), 0 continuation(s) 
[2026-06-17T10:22:19.373+0800][0.992s][info][gc,reloc    ] GC(8) Relocation: Successful, 18M relocated
[2026-06-17T10:22:19.373+0800][0.992s][info][gc,nmethod  ] GC(8) NMethods: 8 registered, 0 unregistered
[2026-06-17T10:22:19.374+0800][0.992s][info][gc,metaspace] GC(8) Metaspace: 3M used, 4M capacity, 4M committed, 8M reserved
[2026-06-17T10:22:19.374+0800][0.993s][info][gc,ref      ] GC(8) Soft: 43 encountered, 0 discovered, 0 enqueued
[2026-06-17T10:22:19.374+0800][0.993s][info][gc,ref      ] GC(8) Weak: 7 encountered, 2 discovered, 0 enqueued
[2026-06-17T10:22:19.374+0800][0.993s][info][gc,ref      ] GC(8) Final: 0 encountered, 0 discovered, 0 enqueued
[2026-06-17T10:22:19.375+0800][0.993s][info][gc,ref      ] GC(8) Phantom: 1 encountered, 1 discovered, 0 enqueued
[2026-06-17T10:22:19.375+0800][0.994s][info][gc,heap     ] GC(8)                Mark Start          Mark End        Relocate Start      Relocate End           High               Low         
[2026-06-17T10:22:19.375+0800][0.994s][info][gc,heap     ] GC(8)  Capacity:      256M (100%)        256M (100%)        256M (100%)        256M (100%)        256M (100%)        256M (100%)   
[2026-06-17T10:22:19.375+0800][0.994s][info][gc,heap     ] GC(8)   Reserve:       62M (24%)          62M (24%)          62M (24%)          62M (24%)          62M (24%)          62M (24%)    
[2026-06-17T10:22:19.376+0800][0.995s][info][gc,heap     ] GC(8)      Free:      114M (45%)         114M (45%)         140M (55%)         152M (59%)         152M (59%)         114M (45%)    
[2026-06-17T10:22:19.376+0800][0.995s][info][gc,heap     ] GC(8)      Used:       80M (31%)          80M (31%)          54M (21%)          42M (16%)          80M (31%)          42M (16%)    
[2026-06-17T10:22:19.376+0800][0.995s][info][gc,heap     ] GC(8)      Live:         -                18M (7%)           18M (7%)           18M (7%)             -                  -          
[2026-06-17T10:22:19.377+0800][0.995s][info][gc,heap     ] GC(8) Allocated:         -                 0M (0%)            4M (2%)           10M (4%)             -                  -          
[2026-06-17T10:22:19.377+0800][0.996s][info][gc,heap     ] GC(8)   Garbage:         -                61M (24%)          31M (12%)          19M (8%)             -                  -          
[2026-06-17T10:22:19.377+0800][0.996s][info][gc,heap     ] GC(8) Reclaimed:         -                  -                30M (12%)          42M (16%)            -                  -          
[2026-06-17T10:22:19.377+0800][0.996s][info][gc          ] GC(8) Garbage Collection (Allocation Rate) 80M(31%)->42M(16%)
[2026-06-17T10:22:19.463+0800][1.082s][info][gc,start    ] GC(9) Garbage Collection (Allocation Rate)
[2026-06-17T10:22:19.464+0800][1.083s][info][gc,phases   ] GC(9) Pause Mark Start 0.151ms
[2026-06-17T10:22:19.466+0800][1.085s][info][gc,phases   ] GC(9) Concurrent Mark 1.581ms
[2026-06-17T10:22:19.470+0800][1.089s][info][gc,phases   ] GC(9) Pause Mark End 0.699ms
[2026-06-17T10:22:19.471+0800][1.090s][info][gc,phases   ] GC(9) Concurrent Process Non-Strong References 0.199ms
[2026-06-17T10:22:19.472+0800][1.090s][info][gc,phases   ] GC(9) Concurrent Reset Relocation Set 0.004ms
[2026-06-17T10:22:19.472+0800][1.091s][info][gc,phases   ] GC(9) Concurrent Destroy Detached Pages 0.001ms
[2026-06-17T10:22:19.474+0800][1.093s][info][gc,phases   ] GC(9) Concurrent Select Relocation Set 1.279ms
[2026-06-17T10:22:19.475+0800][1.094s][info][gc,phases   ] GC(9) Concurrent Prepare Relocation Set 0.003ms
[2026-06-17T10:22:19.476+0800][1.095s][info][gc,phases   ] GC(9) Pause Relocate Start 0.299ms
[2026-06-17T10:22:19.480+0800][1.099s][info][gc,phases   ] GC(9) Concurrent Relocate 3.345ms
[2026-06-17T10:22:19.481+0800][1.099s][info][gc,load     ] GC(9) Load: 0.28/0.22/0.28
[2026-06-17T10:22:19.481+0800][1.100s][info][gc,mmu      ] GC(9) MMU: 2ms/51.7%, 5ms/80.7%, 10ms/84.9%, 20ms/92.5%, 50ms/96.4%, 100ms/97.4%
[2026-06-17T10:22:19.481+0800][1.100s][info][gc,marking  ] GC(9) Mark: 2 stripe(s), 2 proactive flush(es), 1 terminate flush(es), 0 completion(s), 0 continuation(s) 
[2026-06-17T10:22:19.482+0800][1.101s][info][gc,reloc    ] GC(9) Relocation: Successful, 21M relocated
[2026-06-17T10:22:19.482+0800][1.101s][info][gc,nmethod  ] GC(9) NMethods: 8 registered, 0 unregistered
[2026-06-17T10:22:19.483+0800][1.102s][info][gc,metaspace] GC(9) Metaspace: 3M used, 4M capacity, 4M committed, 8M reserved
[2026-06-17T10:22:19.483+0800][1.102s][info][gc,ref      ] GC(9) Soft: 43 encountered, 0 discovered, 0 enqueued
[2026-06-17T10:22:19.484+0800][1.103s][info][gc,ref      ] GC(9) Weak: 7 encountered, 2 discovered, 0 enqueued
[2026-06-17T10:22:19.484+0800][1.103s][info][gc,ref      ] GC(9) Final: 0 encountered, 0 discovered, 0 enqueued
[2026-06-17T10:22:19.485+0800][1.103s][info][gc,ref      ] GC(9) Phantom: 1 encountered, 1 discovered, 0 enqueued
[2026-06-17T10:22:19.485+0800][1.104s][info][gc,heap     ] GC(9)                Mark Start          Mark End        Relocate Start      Relocate End           High               Low         
[2026-06-17T10:22:19.486+0800][1.104s][info][gc,heap     ] GC(9)  Capacity:      256M (100%)        256M (100%)        256M (100%)        256M (100%)        256M (100%)        256M (100%)   
[2026-06-17T10:22:19.486+0800][1.105s][info][gc,heap     ] GC(9)   Reserve:       62M (24%)          62M (24%)          62M (24%)          62M (24%)          62M (24%)          62M (24%)    
[2026-06-17T10:22:19.486+0800][1.105s][info][gc,heap     ] GC(9)      Free:       88M (34%)          84M (33%)         110M (43%)         142M (55%)         142M (55%)          70M (27%)    
[2026-06-17T10:22:19.487+0800][1.106s][info][gc,heap     ] GC(9)      Used:      106M (41%)         110M (43%)          84M (33%)          52M (20%)         124M (48%)          52M (20%)    
[2026-06-17T10:22:19.487+0800][1.106s][info][gc,heap     ] GC(9)      Live:         -                25M (10%)          25M (10%)          25M (10%)            -                  -          
[2026-06-17T10:22:19.488+0800][1.106s][info][gc,heap     ] GC(9) Allocated:         -                 4M (2%)            6M (2%)           48M (19%)            -                  -          
[2026-06-17T10:22:19.488+0800][1.107s][info][gc,heap     ] GC(9)   Garbage:         -                80M (32%)          52M (21%)          18M (7%)             -                  -          
[2026-06-17T10:22:19.488+0800][1.107s][info][gc,heap     ] GC(9) Reclaimed:         -                  -                28M (11%)          62M (24%)            -                  -          
[2026-06-17T10:22:19.488+0800][1.107s][info][gc          ] GC(9) Garbage Collection (Allocation Rate) 106M(41%)->52M(20%)
[2026-06-17T10:22:19.563+0800][1.182s][info][gc,start    ] GC(10) Garbage Collection (Allocation Rate)
[2026-06-17T10:22:19.565+0800][1.184s][info][gc,phases   ] GC(10) Pause Mark Start 0.347ms
[2026-06-17T10:22:19.567+0800][1.186s][info][gc,phases   ] GC(10) Concurrent Mark 1.497ms
[2026-06-17T10:22:19.568+0800][1.187s][info][gc,phases   ] GC(10) Pause Mark End 0.261ms
[2026-06-17T10:22:19.568+0800][1.187s][info][gc,phases   ] GC(10) Concurrent Process Non-Strong References 0.067ms
[2026-06-17T10:22:19.569+0800][1.187s][info][gc,phases   ] GC(10) Concurrent Reset Relocation Set 0.002ms
[2026-06-17T10:22:19.569+0800][1.188s][info][gc,phases   ] GC(10) Concurrent Destroy Detached Pages 0.001ms
[2026-06-17T10:22:19.569+0800][1.188s][info][gc,phases   ] GC(10) Concurrent Select Relocation Set 0.469ms
[2026-06-17T10:22:19.570+0800][1.189s][info][gc,phases   ] GC(10) Concurrent Prepare Relocation Set 0.080ms
[2026-06-17T10:22:19.571+0800][1.189s][info][gc,phases   ] GC(10) Pause Relocate Start 0.134ms
[2026-06-17T10:22:19.571+0800][1.190s][info][gc,phases   ] GC(10) Concurrent Relocate 0.358ms
[2026-06-17T10:22:19.572+0800][1.190s][info][gc,load     ] GC(10) Load: 0.28/0.22/0.28
[2026-06-17T10:22:19.572+0800][1.191s][info][gc,mmu      ] GC(10) MMU: 2ms/51.7%, 5ms/80.7%, 10ms/84.9%, 20ms/92.5%, 50ms/96.4%, 100ms/97.4%
[2026-06-17T10:22:19.572+0800][1.191s][info][gc,marking  ] GC(10) Mark: 2 stripe(s), 1 proactive flush(es), 1 terminate flush(es), 0 completion(s), 0 continuation(s) 
[2026-06-17T10:22:19.572+0800][1.191s][info][gc,reloc    ] GC(10) Relocation: Successful, 19M relocated
[2026-06-17T10:22:19.573+0800][1.191s][info][gc,nmethod  ] GC(10) NMethods: 8 registered, 0 unregistered
[2026-06-17T10:22:19.573+0800][1.192s][info][gc,metaspace] GC(10) Metaspace: 3M used, 4M capacity, 4M committed, 8M reserved
[2026-06-17T10:22:19.573+0800][1.192s][info][gc,ref      ] GC(10) Soft: 43 encountered, 0 discovered, 0 enqueued
[2026-06-17T10:22:19.573+0800][1.192s][info][gc,ref      ] GC(10) Weak: 7 encountered, 2 discovered, 0 enqueued
[2026-06-17T10:22:19.574+0800][1.192s][info][gc,ref      ] GC(10) Final: 0 encountered, 0 discovered, 0 enqueued
[2026-06-17T10:22:19.574+0800][1.193s][info][gc,ref      ] GC(10) Phantom: 1 encountered, 1 discovered, 0 enqueued
[2026-06-17T10:22:19.574+0800][1.193s][info][gc,heap     ] GC(10)                Mark Start          Mark End        Relocate Start      Relocate End           High               Low         
[2026-06-17T10:22:19.574+0800][1.193s][info][gc,heap     ] GC(10)  Capacity:      256M (100%)        256M (100%)        256M (100%)        256M (100%)        256M (100%)        256M (100%)   
[2026-06-17T10:22:19.575+0800][1.193s][info][gc,heap     ] GC(10)   Reserve:       62M (24%)          62M (24%)          62M (24%)          62M (24%)          62M (24%)          62M (24%)    
[2026-06-17T10:22:19.575+0800][1.194s][info][gc,heap     ] GC(10)      Free:      112M (44%)         112M (44%)         142M (55%)         152M (59%)         152M (59%)         112M (44%)    
[2026-06-17T10:22:19.575+0800][1.194s][info][gc,heap     ] GC(10)      Used:       82M (32%)          82M (32%)          52M (20%)          42M (16%)          82M (32%)          42M (16%)    
[2026-06-17T10:22:19.576+0800][1.195s][info][gc,heap     ] GC(10)      Live:         -                21M (8%)           21M (8%)           21M (8%)             -                  -          
[2026-06-17T10:22:19.576+0800][1.195s][info][gc,heap     ] GC(10) Allocated:         -                 0M (0%)            0M (0%)            6M (2%)             -                  -          
[2026-06-17T10:22:19.577+0800][1.195s][info][gc,heap     ] GC(10)   Garbage:         -                60M (24%)          30M (12%)          20M (8%)             -                  -          
[2026-06-17T10:22:19.577+0800][1.196s][info][gc,heap     ] GC(10) Reclaimed:         -                  -                30M (12%)          40M (16%)            -                  -          
[2026-06-17T10:22:19.577+0800][1.196s][info][gc          ] GC(10) Garbage Collection (Allocation Rate) 82M(32%)->42M(16%)
[2026-06-17T10:22:19.663+0800][1.281s][info][gc,start    ] GC(11) Garbage Collection (Allocation Rate)
[2026-06-17T10:22:19.664+0800][1.283s][info][gc,phases   ] GC(11) Pause Mark Start 0.306ms
[2026-06-17T10:22:19.666+0800][1.285s][info][gc,phases   ] GC(11) Concurrent Mark 1.485ms
[2026-06-17T10:22:19.667+0800][1.286s][info][gc,phases   ] GC(11) Pause Mark End 0.267ms
[2026-06-17T10:22:19.668+0800][1.287s][info][gc,phases   ] GC(11) Concurrent Process Non-Strong References 0.130ms
[2026-06-17T10:22:19.668+0800][1.287s][info][gc,phases   ] GC(11) Concurrent Reset Relocation Set 0.002ms
[2026-06-17T10:22:19.669+0800][1.287s][info][gc,phases   ] GC(11) Concurrent Destroy Detached Pages 0.002ms
[2026-06-17T10:22:19.670+0800][1.288s][info][gc,phases   ] GC(11) Concurrent Select Relocation Set 0.471ms
[2026-06-17T10:22:19.670+0800][1.289s][info][gc,phases   ] GC(11) Concurrent Prepare Relocation Set 0.009ms
[2026-06-17T10:22:19.671+0800][1.289s][info][gc,phases   ] GC(11) Pause Relocate Start 0.127ms
[2026-06-17T10:22:19.673+0800][1.292s][info][gc,phases   ] GC(11) Concurrent Relocate 2.468ms
[2026-06-17T10:22:19.674+0800][1.293s][info][gc,load     ] GC(11) Load: 0.28/0.22/0.28
[2026-06-17T10:22:19.674+0800][1.293s][info][gc,mmu      ] GC(11) MMU: 2ms/51.7%, 5ms/80.7%, 10ms/84.9%, 20ms/92.5%, 50ms/96.4%, 100ms/97.4%
[2026-06-17T10:22:19.675+0800][1.294s][info][gc,marking  ] GC(11) Mark: 2 stripe(s), 1 proactive flush(es), 1 terminate flush(es), 0 completion(s), 0 continuation(s) 
[2026-06-17T10:22:19.675+0800][1.294s][info][gc,reloc    ] GC(11) Relocation: Successful, 26M relocated
[2026-06-17T10:22:19.676+0800][1.294s][info][gc,nmethod  ] GC(11) NMethods: 11 registered, 0 unregistered
[2026-06-17T10:22:19.676+0800][1.295s][info][gc,metaspace] GC(11) Metaspace: 3M used, 4M capacity, 4M committed, 8M reserved
[2026-06-17T10:22:19.677+0800][1.295s][info][gc,ref      ] GC(11) Soft: 43 encountered, 0 discovered, 0 enqueued
[2026-06-17T10:22:19.677+0800][1.296s][info][gc,ref      ] GC(11) Weak: 7 encountered, 0 discovered, 0 enqueued
[2026-06-17T10:22:19.677+0800][1.296s][info][gc,ref      ] GC(11) Final: 0 encountered, 0 discovered, 0 enqueued
[2026-06-17T10:22:19.678+0800][1.297s][info][gc,ref      ] GC(11) Phantom: 1 encountered, 1 discovered, 0 enqueued
[2026-06-17T10:22:19.679+0800][1.298s][info][gc,heap     ] GC(11)                Mark Start          Mark End        Relocate Start      Relocate End           High               Low         
[2026-06-17T10:22:19.679+0800][1.298s][info][gc,heap     ] GC(11)  Capacity:      256M (100%)        256M (100%)        256M (100%)        256M (100%)        256M (100%)        256M (100%)   
[2026-06-17T10:22:19.680+0800][1.298s][info][gc,heap     ] GC(11)   Reserve:       62M (24%)          62M (24%)          62M (24%)          62M (24%)          62M (24%)          62M (24%)    
[2026-06-17T10:22:19.680+0800][1.299s][info][gc,heap     ] GC(11)      Free:       84M (33%)          84M (33%)          72M (28%)         140M (55%)         140M (55%)          46M (18%)    
[2026-06-17T10:22:19.680+0800][1.299s][info][gc,heap     ] GC(11)      Used:      110M (43%)         110M (43%)         122M (48%)          54M (21%)         148M (58%)          54M (21%)    
[2026-06-17T10:22:19.681+0800][1.300s][info][gc,heap     ] GC(11)      Live:         -                28M (11%)          28M (11%)          28M (11%)            -                  -          
[2026-06-17T10:22:19.681+0800][1.300s][info][gc,heap     ] GC(11) Allocated:         -                 0M (0%)           40M (16%)          50M (20%)            -                  -          
[2026-06-17T10:22:19.681+0800][1.300s][info][gc,heap     ] GC(11)   Garbage:         -                81M (32%)          53M (21%)    17592186044401M (6         -                  -          
[2026-06-17T10:22:19.682+0800][1.300s][info][gc,heap     ] GC(11) Reclaimed:         -                  -                28M (11%)          96M (38%)            -                  -          
[2026-06-17T10:22:19.682+0800][1.301s][info][gc          ] GC(11) Garbage Collection (Allocation Rate) 110M(43%)->54M(21%)
[2026-06-17T10:22:19.763+0800][1.382s][info][gc,start    ] GC(12) Garbage Collection (Allocation Rate)
[2026-06-17T10:22:19.765+0800][1.384s][info][gc,phases   ] GC(12) Pause Mark Start 0.370ms
[2026-06-17T10:22:19.768+0800][1.386s][info][gc,phases   ] GC(12) Concurrent Mark 1.758ms
[2026-06-17T10:22:19.769+0800][1.388s][info][gc,phases   ] GC(12) Pause Mark End 0.681ms
[2026-06-17T10:22:19.770+0800][1.389s][info][gc,phases   ] GC(12) Concurrent Process Non-Strong References 0.100ms
[2026-06-17T10:22:19.770+0800][1.389s][info][gc,phases   ] GC(12) Concurrent Reset Relocation Set 0.004ms
[2026-06-17T10:22:19.771+0800][1.389s][info][gc,phases   ] GC(12) Concurrent Destroy Detached Pages 0.001ms
[2026-06-17T10:22:19.771+0800][1.390s][info][gc,phases   ] GC(12) Concurrent Select Relocation Set 0.487ms
[2026-06-17T10:22:19.772+0800][1.391s][info][gc,phases   ] GC(12) Concurrent Prepare Relocation Set 0.002ms
[2026-06-17T10:22:19.772+0800][1.391s][info][gc,phases   ] GC(12) Pause Relocate Start 0.143ms
[2026-06-17T10:22:19.773+0800][1.392s][info][gc,phases   ] GC(12) Concurrent Relocate 0.258ms
[2026-06-17T10:22:19.773+0800][1.392s][info][gc,load     ] GC(12) Load: 0.28/0.22/0.28
[2026-06-17T10:22:19.774+0800][1.392s][info][gc,mmu      ] GC(12) MMU: 2ms/51.7%, 5ms/79.0%, 10ms/84.9%, 20ms/92.5%, 50ms/96.4%, 100ms/97.4%
[2026-06-17T10:22:19.774+0800][1.393s][info][gc,marking  ] GC(12) Mark: 2 stripe(s), 2 proactive flush(es), 1 terminate flush(es), 0 completion(s), 0 continuation(s) 
[2026-06-17T10:22:19.774+0800][1.393s][info][gc,reloc    ] GC(12) Relocation: Successful, 21M relocated
[2026-06-17T10:22:19.775+0800][1.393s][info][gc,nmethod  ] GC(12) NMethods: 12 registered, 0 unregistered
[2026-06-17T10:22:19.775+0800][1.394s][info][gc,metaspace] GC(12) Metaspace: 3M used, 4M capacity, 4M committed, 8M reserved
[2026-06-17T10:22:19.775+0800][1.394s][info][gc,ref      ] GC(12) Soft: 43 encountered, 0 discovered, 0 enqueued
[2026-06-17T10:22:19.775+0800][1.394s][info][gc,ref      ] GC(12) Weak: 7 encountered, 0 discovered, 0 enqueued
[2026-06-17T10:22:19.776+0800][1.395s][info][gc,ref      ] GC(12) Final: 0 encountered, 0 discovered, 0 enqueued
[2026-06-17T10:22:19.776+0800][1.395s][info][gc,ref      ] GC(12) Phantom: 1 encountered, 0 discovered, 0 enqueued
[2026-06-17T10:22:19.776+0800][1.395s][info][gc,heap     ] GC(12)                Mark Start          Mark End        Relocate Start      Relocate End           High               Low         
[2026-06-17T10:22:19.777+0800][1.395s][info][gc,heap     ] GC(12)  Capacity:      256M (100%)        256M (100%)        256M (100%)        256M (100%)        256M (100%)        256M (100%)   
[2026-06-17T10:22:19.777+0800][1.396s][info][gc,heap     ] GC(12)   Reserve:       62M (24%)          62M (24%)          62M (24%)          62M (24%)          62M (24%)          62M (24%)    
[2026-06-17T10:22:19.777+0800][1.396s][info][gc,heap     ] GC(12)      Free:      112M (44%)          74M (29%)         100M (39%)         114M (45%)         114M (45%)          74M (29%)    
[2026-06-17T10:22:19.778+0800][1.396s][info][gc,heap     ] GC(12)      Used:       82M (32%)         120M (47%)          94M (37%)          80M (31%)         120M (47%)          80M (31%)    
[2026-06-17T10:22:19.778+0800][1.397s][info][gc,heap     ] GC(12)      Live:         -                23M (9%)           23M (9%)           23M (9%)             -                  -          
[2026-06-17T10:22:19.778+0800][1.397s][info][gc,heap     ] GC(12) Allocated:         -                38M (15%)          38M (15%)          44M (17%)            -                  -          
[2026-06-17T10:22:19.781+0800][1.399s][info][gc,heap     ] GC(12)   Garbage:         -                58M (23%)          32M (13%)          18M (7%)             -                  -          
[2026-06-17T10:22:19.781+0800][1.400s][info][gc,heap     ] GC(12) Reclaimed:         -                  -                26M (10%)          40M (16%)            -                  -          
[2026-06-17T10:22:19.782+0800][1.400s][info][gc          ] GC(12) Garbage Collection (Allocation Rate) 82M(32%)->80M(31%)
[2026-06-17T10:22:19.863+0800][1.482s][info][gc,start    ] GC(13) Garbage Collection (Allocation Rate)
[2026-06-17T10:22:19.865+0800][1.484s][info][gc,phases   ] GC(13) Pause Mark Start 0.294ms
[2026-06-17T10:22:19.867+0800][1.486s][info][gc,phases   ] GC(13) Concurrent Mark 1.512ms
[2026-06-17T10:22:19.869+0800][1.487s][info][gc,phases   ] GC(13) Pause Mark End 0.459ms
[2026-06-17T10:22:19.869+0800][1.488s][info][gc,phases   ] GC(13) Concurrent Process Non-Strong References 0.130ms
[2026-06-17T10:22:19.870+0800][1.488s][info][gc,phases   ] GC(13) Concurrent Reset Relocation Set 0.002ms
[2026-06-17T10:22:19.870+0800][1.489s][info][gc,phases   ] GC(13) Concurrent Destroy Detached Pages 0.001ms
[2026-06-17T10:22:19.871+0800][1.490s][info][gc,phases   ] GC(13) Concurrent Select Relocation Set 0.476ms
[2026-06-17T10:22:19.871+0800][1.490s][info][gc,phases   ] GC(13) Concurrent Prepare Relocation Set 0.014ms
[2026-06-17T10:22:19.873+0800][1.491s][info][gc,phases   ] GC(13) Pause Relocate Start 0.192ms
[2026-06-17T10:22:19.875+0800][1.493s][info][gc,phases   ] GC(13) Concurrent Relocate 1.728ms
[2026-06-17T10:22:19.875+0800][1.494s][info][gc,load     ] GC(13) Load: 0.28/0.22/0.28
[2026-06-17T10:22:19.876+0800][1.494s][info][gc,mmu      ] GC(13) MMU: 2ms/51.7%, 5ms/79.0%, 10ms/84.9%, 20ms/92.5%, 50ms/96.4%, 100ms/97.4%
[2026-06-17T10:22:19.876+0800][1.495s][info][gc,marking  ] GC(13) Mark: 2 stripe(s), 1 proactive flush(es), 1 terminate flush(es), 0 completion(s), 0 continuation(s) 
[2026-06-17T10:22:19.877+0800][1.496s][info][gc,reloc    ] GC(13) Relocation: Successful, 23M relocated
[2026-06-17T10:22:19.877+0800][1.496s][info][gc,nmethod  ] GC(13) NMethods: 12 registered, 0 unregistered
[2026-06-17T10:22:19.878+0800][1.497s][info][gc,metaspace] GC(13) Metaspace: 3M used, 4M capacity, 4M committed, 8M reserved
[2026-06-17T10:22:19.879+0800][1.498s][info][gc,ref      ] GC(13) Soft: 43 encountered, 0 discovered, 0 enqueued
[2026-06-17T10:22:19.879+0800][1.498s][info][gc,ref      ] GC(13) Weak: 7 encountered, 2 discovered, 0 enqueued
[2026-06-17T10:22:19.880+0800][1.499s][info][gc,ref      ] GC(13) Final: 0 encountered, 0 discovered, 0 enqueued
[2026-06-17T10:22:19.880+0800][1.499s][info][gc,ref      ] GC(13) Phantom: 1 encountered, 1 discovered, 0 enqueued
[2026-06-17T10:22:19.881+0800][1.500s][info][gc,heap     ] GC(13)                Mark Start          Mark End        Relocate Start      Relocate End           High               Low         
[2026-06-17T10:22:19.881+0800][1.500s][info][gc,heap     ] GC(13)  Capacity:      256M (100%)        256M (100%)        256M (100%)        256M (100%)        256M (100%)        256M (100%)   
[2026-06-17T10:22:19.882+0800][1.500s][info][gc,heap     ] GC(13)   Reserve:       62M (24%)          62M (24%)          62M (24%)          62M (24%)          62M (24%)          62M (24%)    
[2026-06-17T10:22:19.882+0800][1.501s][info][gc,heap     ] GC(13)      Free:       80M (31%)          80M (31%)         110M (43%)         148M (58%)         148M (58%)          72M (28%)    
[2026-06-17T10:22:19.882+0800][1.501s][info][gc,heap     ] GC(13)      Used:      114M (45%)         114M (45%)          84M (33%)          46M (18%)         122M (48%)          46M (18%)    
[2026-06-17T10:22:19.883+0800][1.501s][info][gc,heap     ] GC(13)      Live:         -                23M (9%)           23M (9%)           23M (9%)             -                  -          
[2026-06-17T10:22:19.883+0800][1.502s][info][gc,heap     ] GC(13) Allocated:         -                 0M (0%)            0M (0%)           46M (18%)            -                  -          
[2026-06-17T10:22:19.883+0800][1.502s][info][gc,heap     ] GC(13)   Garbage:         -                90M (35%)          60M (24%)          18M (7%)             -                  -          
[2026-06-17T10:22:19.884+0800][1.502s][info][gc,heap     ] GC(13) Reclaimed:         -                  -                30M (12%)          72M (28%)            -                  -          
[2026-06-17T10:22:19.884+0800][1.503s][info][gc          ] GC(13) Garbage Collection (Allocation Rate) 114M(45%)->46M(18%)
[2026-06-17T10:22:19.963+0800][1.582s][info][gc,start    ] GC(14) Garbage Collection (Allocation Rate)
[2026-06-17T10:22:19.964+0800][1.583s][info][gc,phases   ] GC(14) Pause Mark Start 0.368ms
[2026-06-17T10:22:19.967+0800][1.586s][info][gc,phases   ] GC(14) Concurrent Mark 1.624ms
[2026-06-17T10:22:19.969+0800][1.588s][info][gc,phases   ] GC(14) Pause Mark End 0.819ms
[2026-06-17T10:22:19.971+0800][1.589s][info][gc,phases   ] GC(14) Concurrent Process Non-Strong References 0.341ms
[2026-06-17T10:22:19.971+0800][1.590s][info][gc,phases   ] GC(14) Concurrent Reset Relocation Set 0.006ms
[2026-06-17T10:22:19.972+0800][1.591s][info][gc,phases   ] GC(14) Concurrent Destroy Detached Pages 0.001ms
[2026-06-17T10:22:19.974+0800][1.592s][info][gc,phases   ] GC(14) Concurrent Select Relocation Set 1.208ms
[2026-06-17T10:22:19.974+0800][1.593s][info][gc,phases   ] GC(14) Concurrent Prepare Relocation Set 0.006ms
[2026-06-17T10:22:19.976+0800][1.594s][info][gc,phases   ] GC(14) Pause Relocate Start 0.233ms
[2026-06-17T10:22:19.976+0800][1.595s][info][gc,phases   ] GC(14) Concurrent Relocate 0.170ms
[2026-06-17T10:22:19.976+0800][1.595s][info][gc,load     ] GC(14) Load: 0.28/0.22/0.28
[2026-06-17T10:22:19.977+0800][1.595s][info][gc,mmu      ] GC(14) MMU: 2ms/51.7%, 5ms/78.6%, 10ms/84.9%, 20ms/92.5%, 50ms/96.4%, 100ms/97.4%
[2026-06-17T10:22:19.977+0800][1.596s][info][gc,marking  ] GC(14) Mark: 2 stripe(s), 1 proactive flush(es), 1 terminate flush(es), 0 completion(s), 0 continuation(s) 
[2026-06-17T10:22:19.978+0800][1.597s][info][gc,reloc    ] GC(14) Relocation: Successful, 25M relocated
[2026-06-17T10:22:19.978+0800][1.597s][info][gc,nmethod  ] GC(14) NMethods: 13 registered, 0 unregistered
[2026-06-17T10:22:19.979+0800][1.597s][info][gc,metaspace] GC(14) Metaspace: 3M used, 4M capacity, 4M committed, 8M reserved
[2026-06-17T10:22:19.979+0800][1.597s][info][gc,ref      ] GC(14) Soft: 43 encountered, 0 discovered, 0 enqueued
[2026-06-17T10:22:19.979+0800][1.598s][info][gc,ref      ] GC(14) Weak: 7 encountered, 0 discovered, 0 enqueued
[2026-06-17T10:22:19.979+0800][1.598s][info][gc,ref      ] GC(14) Final: 0 encountered, 0 discovered, 0 enqueued
[2026-06-17T10:22:19.979+0800][1.598s][info][gc,ref      ] GC(14) Phantom: 1 encountered, 1 discovered, 0 enqueued
[2026-06-17T10:22:19.980+0800][1.598s][info][gc,heap     ] GC(14)                Mark Start          Mark End        Relocate Start      Relocate End           High               Low         
[2026-06-17T10:22:19.980+0800][1.599s][info][gc,heap     ] GC(14)  Capacity:      256M (100%)        256M (100%)        256M (100%)        256M (100%)        256M (100%)        256M (100%)   
[2026-06-17T10:22:19.980+0800][1.599s][info][gc,heap     ] GC(14)   Reserve:       62M (24%)          62M (24%)          62M (24%)          62M (24%)          62M (24%)          62M (24%)    
[2026-06-17T10:22:19.980+0800][1.599s][info][gc,heap     ] GC(14)      Free:      116M (45%)         116M (45%)         142M (55%)         142M (55%)         142M (55%)         112M (44%)    
[2026-06-17T10:22:19.980+0800][1.599s][info][gc,heap     ] GC(14)      Used:       78M (30%)          78M (30%)          52M (20%)          52M (20%)          82M (32%)          52M (20%)    
[2026-06-17T10:22:19.981+0800][1.599s][info][gc,heap     ] GC(14)      Live:         -                29M (11%)          29M (11%)          29M (11%)            -                  -          
[2026-06-17T10:22:19.981+0800][1.600s][info][gc,heap     ] GC(14) Allocated:         -                 0M (0%)            4M (2%)           12M (5%)             -                  -          
[2026-06-17T10:22:19.981+0800][1.600s][info][gc,heap     ] GC(14)   Garbage:         -                48M (19%)          18M (7%)           18M (7%)             -                  -          
[2026-06-17T10:22:19.982+0800][1.601s][info][gc,heap     ] GC(14) Reclaimed:         -                  -                30M (12%)          30M (12%)            -                  -          
[2026-06-17T10:22:19.982+0800][1.601s][info][gc          ] GC(14) Garbage Collection (Allocation Rate) 78M(30%)->52M(20%)
[2026-06-17T10:22:20.063+0800][1.682s][info][gc,start    ] GC(15) Garbage Collection (Allocation Rate)
[2026-06-17T10:22:20.065+0800][1.684s][info][gc,phases   ] GC(15) Pause Mark Start 0.301ms
[2026-06-17T10:22:20.067+0800][1.686s][info][gc,phases   ] GC(15) Concurrent Mark 1.589ms
[2026-06-17T10:22:20.068+0800][1.687s][info][gc,phases   ] GC(15) Pause Mark End 0.261ms
[2026-06-17T10:22:20.069+0800][1.688s][info][gc,phases   ] GC(15) Concurrent Process Non-Strong References 0.113ms
[2026-06-17T10:22:20.069+0800][1.688s][info][gc,phases   ] GC(15) Concurrent Reset Relocation Set 0.001ms
[2026-06-17T10:22:20.069+0800][1.688s][info][gc,phases   ] GC(15) Concurrent Destroy Detached Pages 0.000ms
[2026-06-17T10:22:20.070+0800][1.689s][info][gc,phases   ] GC(15) Concurrent Select Relocation Set 0.472ms
[2026-06-17T10:22:20.071+0800][1.689s][info][gc,phases   ] GC(15) Concurrent Prepare Relocation Set 0.009ms
[2026-06-17T10:22:20.071+0800][1.690s][info][gc,phases   ] GC(15) Pause Relocate Start 0.126ms
[2026-06-17T10:22:20.074+0800][1.692s][info][gc,phases   ] GC(15) Concurrent Relocate 2.119ms
[2026-06-17T10:22:20.074+0800][1.693s][info][gc,load     ] GC(15) Load: 0.28/0.22/0.28
[2026-06-17T10:22:20.074+0800][1.693s][info][gc,mmu      ] GC(15) MMU: 2ms/51.7%, 5ms/78.6%, 10ms/84.9%, 20ms/92.5%, 50ms/96.4%, 100ms/97.4%
[2026-06-17T10:22:20.075+0800][1.694s][info][gc,marking  ] GC(15) Mark: 2 stripe(s), 1 proactive flush(es), 1 terminate flush(es), 0 completion(s), 0 continuation(s) 
[2026-06-17T10:22:20.075+0800][1.694s][info][gc,reloc    ] GC(15) Relocation: Successful, 26M relocated
[2026-06-17T10:22:20.075+0800][1.694s][info][gc,nmethod  ] GC(15) NMethods: 13 registered, 0 unregistered
[2026-06-17T10:22:20.076+0800][1.694s][info][gc,metaspace] GC(15) Metaspace: 3M used, 4M capacity, 4M committed, 8M reserved
[2026-06-17T10:22:20.076+0800][1.695s][info][gc,ref      ] GC(15) Soft: 43 encountered, 0 discovered, 0 enqueued
[2026-06-17T10:22:20.077+0800][1.696s][info][gc,ref      ] GC(15) Weak: 7 encountered, 2 discovered, 0 enqueued
[2026-06-17T10:22:20.078+0800][1.697s][info][gc,ref      ] GC(15) Final: 0 encountered, 0 discovered, 0 enqueued
[2026-06-17T10:22:20.078+0800][1.697s][info][gc,ref      ] GC(15) Phantom: 1 encountered, 1 discovered, 0 enqueued
[2026-06-17T10:22:20.079+0800][1.698s][info][gc,heap     ] GC(15)                Mark Start          Mark End        Relocate Start      Relocate End           High               Low         
[2026-06-17T10:22:20.079+0800][1.698s][info][gc,heap     ] GC(15)  Capacity:      256M (100%)        256M (100%)        256M (100%)        256M (100%)        256M (100%)        256M (100%)   
[2026-06-17T10:22:20.080+0800][1.699s][info][gc,heap     ] GC(15)   Reserve:       62M (24%)          62M (24%)          62M (24%)          62M (24%)          62M (24%)          62M (24%)    
[2026-06-17T10:22:20.080+0800][1.699s][info][gc,heap     ] GC(15)      Free:       78M (30%)          74M (29%)         100M (39%)         146M (57%)         146M (57%)          62M (24%)    
[2026-06-17T10:22:20.081+0800][1.700s][info][gc,heap     ] GC(15)      Used:      116M (45%)         120M (47%)          94M (37%)          48M (19%)         132M (52%)          48M (19%)    
[2026-06-17T10:22:20.081+0800][1.700s][info][gc,heap     ] GC(15)      Live:         -                26M (11%)          26M (11%)          26M (11%)            -                  -          
[2026-06-17T10:22:20.082+0800][1.700s][info][gc,heap     ] GC(15) Allocated:         -                 4M (2%)            4M (2%)           48M (19%)            -                  -          
[2026-06-17T10:22:20.082+0800][1.701s][info][gc,heap     ] GC(15)   Garbage:         -                89M (35%)          63M (25%)          17M (7%)             -                  -          
[2026-06-17T10:22:20.083+0800][1.701s][info][gc,heap     ] GC(15) Reclaimed:         -                  -                26M (10%)          72M (28%)            -                  -          
[2026-06-17T10:22:20.083+0800][1.702s][info][gc          ] GC(15) Garbage Collection (Allocation Rate) 116M(45%)->48M(19%)
[2026-06-17T10:22:20.163+0800][1.782s][info][gc,start    ] GC(16) Garbage Collection (Allocation Rate)
[2026-06-17T10:22:20.165+0800][1.784s][info][gc,phases   ] GC(16) Pause Mark Start 0.269ms
[2026-06-17T10:22:20.168+0800][1.786s][info][gc,phases   ] GC(16) Concurrent Mark 1.779ms
[2026-06-17T10:22:20.169+0800][1.788s][info][gc,phases   ] GC(16) Pause Mark End 0.277ms
[2026-06-17T10:22:20.170+0800][1.788s][info][gc,phases   ] GC(16) Concurrent Process Non-Strong References 0.128ms
[2026-06-17T10:22:20.170+0800][1.789s][info][gc,phases   ] GC(16) Concurrent Reset Relocation Set 0.004ms
[2026-06-17T10:22:20.171+0800][1.789s][info][gc,phases   ] GC(16) Concurrent Destroy Detached Pages 0.001ms
[2026-06-17T10:22:20.172+0800][1.791s][info][gc,phases   ] GC(16) Concurrent Select Relocation Set 0.705ms
[2026-06-17T10:22:20.173+0800][1.792s][info][gc,phases   ] GC(16) Concurrent Prepare Relocation Set 0.017ms
[2026-06-17T10:22:20.175+0800][1.793s][info][gc,phases   ] GC(16) Pause Relocate Start 0.490ms
[2026-06-17T10:22:20.176+0800][1.794s][info][gc,phases   ] GC(16) Concurrent Relocate 0.424ms
[2026-06-17T10:22:20.176+0800][1.795s][info][gc,load     ] GC(16) Load: 0.28/0.22/0.28
[2026-06-17T10:22:20.177+0800][1.796s][info][gc,mmu      ] GC(16) MMU: 2ms/51.7%, 5ms/78.6%, 10ms/84.9%, 20ms/92.5%, 50ms/96.4%, 100ms/97.4%
[2026-06-17T10:22:20.178+0800][1.796s][info][gc,marking  ] GC(16) Mark: 2 stripe(s), 2 proactive flush(es), 1 terminate flush(es), 0 completion(s), 0 continuation(s) 
[2026-06-17T10:22:20.178+0800][1.797s][info][gc,reloc    ] GC(16) Relocation: Successful, 21M relocated
[2026-06-17T10:22:20.179+0800][1.797s][info][gc,nmethod  ] GC(16) NMethods: 13 registered, 0 unregistered
[2026-06-17T10:22:20.179+0800][1.798s][info][gc,metaspace] GC(16) Metaspace: 3M used, 4M capacity, 4M committed, 8M reserved
[2026-06-17T10:22:20.180+0800][1.799s][info][gc,ref      ] GC(16) Soft: 43 encountered, 0 discovered, 0 enqueued
[2026-06-17T10:22:20.180+0800][1.799s][info][gc,ref      ] GC(16) Weak: 7 encountered, 2 discovered, 0 enqueued
[2026-06-17T10:22:20.181+0800][1.800s][info][gc,ref      ] GC(16) Final: 0 encountered, 0 discovered, 0 enqueued
[2026-06-17T10:22:20.182+0800][1.800s][info][gc,ref      ] GC(16) Phantom: 1 encountered, 0 discovered, 0 enqueued
[2026-06-17T10:22:20.182+0800][1.801s][info][gc,heap     ] GC(16)                Mark Start          Mark End        Relocate Start      Relocate End           High               Low         
[2026-06-17T10:22:20.183+0800][1.802s][info][gc,heap     ] GC(16)  Capacity:      256M (100%)        256M (100%)        256M (100%)        256M (100%)        256M (100%)        256M (100%)   
[2026-06-17T10:22:20.183+0800][1.802s][info][gc,heap     ] GC(16)   Reserve:       62M (24%)          62M (24%)          62M (24%)          62M (24%)          62M (24%)          62M (24%)    
[2026-06-17T10:22:20.184+0800][1.803s][info][gc,heap     ] GC(16)      Free:      114M (45%)         110M (43%)         138M (54%)         148M (58%)         148M (58%)         110M (43%)    
[2026-06-17T10:22:20.184+0800][1.803s][info][gc,heap     ] GC(16)      Used:       80M (31%)          84M (33%)          56M (22%)          46M (18%)          84M (33%)          46M (18%)    
[2026-06-17T10:22:20.185+0800][1.804s][info][gc,heap     ] GC(16)      Live:         -                21M (8%)           21M (8%)           21M (8%)             -                  -          
[2026-06-17T10:22:20.186+0800][1.804s][info][gc,heap     ] GC(16) Allocated:         -                 4M (2%)            4M (2%)           12M (5%)             -                  -          
[2026-06-17T10:22:20.186+0800][1.805s][info][gc,heap     ] GC(16)   Garbage:         -                58M (23%)          30M (12%)          20M (8%)             -                  -          
[2026-06-17T10:22:20.187+0800][1.805s][info][gc,heap     ] GC(16) Reclaimed:         -                  -                28M (11%)          38M (15%)            -                  -          
[2026-06-17T10:22:20.187+0800][1.806s][info][gc          ] GC(16) Garbage Collection (Allocation Rate) 80M(31%)->46M(18%)
[2026-06-17T10:22:20.263+0800][1.882s][info][gc,start    ] GC(17) Garbage Collection (Allocation Rate)
[2026-06-17T10:22:20.264+0800][1.883s][info][gc,phases   ] GC(17) Pause Mark Start 0.299ms
[2026-06-17T10:22:20.268+0800][1.887s][info][gc,phases   ] GC(17) Concurrent Mark 2.367ms
[2026-06-17T10:22:20.269+0800][1.888s][info][gc,phases   ] GC(17) Pause Mark End 0.243ms
[2026-06-17T10:22:20.271+0800][1.890s][info][gc,phases   ] GC(17) Concurrent Process Non-Strong References 0.117ms
[2026-06-17T10:22:20.272+0800][1.891s][info][gc,phases   ] GC(17) Concurrent Reset Relocation Set 0.003ms
[2026-06-17T10:22:20.273+0800][1.891s][info][gc,phases   ] GC(17) Concurrent Destroy Detached Pages 0.001ms
[2026-06-17T10:22:20.274+0800][1.892s][info][gc,phases   ] GC(17) Concurrent Select Relocation Set 0.471ms
[2026-06-17T10:22:20.274+0800][1.893s][info][gc,phases   ] GC(17) Concurrent Prepare Relocation Set 0.006ms
[2026-06-17T10:22:20.275+0800][1.894s][info][gc,phases   ] GC(17) Pause Relocate Start 0.131ms
[2026-06-17T10:22:20.278+0800][1.897s][info][gc,phases   ] GC(17) Concurrent Relocate 1.954ms
[2026-06-17T10:22:20.278+0800][1.897s][info][gc,load     ] GC(17) Load: 0.28/0.22/0.28
[2026-06-17T10:22:20.279+0800][1.898s][info][gc,mmu      ] GC(17) MMU: 2ms/51.7%, 5ms/78.6%, 10ms/84.9%, 20ms/92.5%, 50ms/96.4%, 100ms/97.4%
[2026-06-17T10:22:20.280+0800][1.898s][info][gc,marking  ] GC(17) Mark: 2 stripe(s), 1 proactive flush(es), 1 terminate flush(es), 0 completion(s), 0 continuation(s) 
[2026-06-17T10:22:20.280+0800][1.899s][info][gc,reloc    ] GC(17) Relocation: Successful, 24M relocated
[2026-06-17T10:22:20.281+0800][1.900s][info][gc,nmethod  ] GC(17) NMethods: 13 registered, 0 unregistered
[2026-06-17T10:22:20.282+0800][1.900s][info][gc,metaspace] GC(17) Metaspace: 3M used, 4M capacity, 4M committed, 8M reserved
[2026-06-17T10:22:20.284+0800][1.903s][info][gc,ref      ] GC(17) Soft: 43 encountered, 0 discovered, 0 enqueued
[2026-06-17T10:22:20.285+0800][1.903s][info][gc,ref      ] GC(17) Weak: 7 encountered, 2 discovered, 0 enqueued
[2026-06-17T10:22:20.285+0800][1.904s][info][gc,ref      ] GC(17) Final: 0 encountered, 0 discovered, 0 enqueued
[2026-06-17T10:22:20.286+0800][1.904s][info][gc,ref      ] GC(17) Phantom: 1 encountered, 1 discovered, 0 enqueued
[2026-06-17T10:22:20.286+0800][1.905s][info][gc,heap     ] GC(17)                Mark Start          Mark End        Relocate Start      Relocate End           High               Low         
[2026-06-17T10:22:20.287+0800][1.905s][info][gc,heap     ] GC(17)  Capacity:      256M (100%)        256M (100%)        256M (100%)        256M (100%)        256M (100%)        256M (100%)   
[2026-06-17T10:22:20.287+0800][1.906s][info][gc,heap     ] GC(17)   Reserve:       62M (24%)          62M (24%)          62M (24%)          62M (24%)          62M (24%)          62M (24%)    
[2026-06-17T10:22:20.288+0800][1.907s][info][gc,heap     ] GC(17)      Free:       80M (31%)          80M (31%)         110M (43%)         144M (56%)         144M (56%)          72M (28%)    
[2026-06-17T10:22:20.288+0800][1.907s][info][gc,heap     ] GC(17)      Used:      114M (45%)         114M (45%)          84M (33%)          50M (20%)         122M (48%)          50M (20%)    
[2026-06-17T10:22:20.289+0800][1.908s][info][gc,heap     ] GC(17)      Live:         -                28M (11%)          28M (11%)          28M (11%)            -                  -          
[2026-06-17T10:22:20.289+0800][1.908s][info][gc,heap     ] GC(17) Allocated:         -                 0M (0%)            4M (2%)           44M (17%)            -                  -          
[2026-06-17T10:22:20.290+0800][1.909s][info][gc,heap     ] GC(17)   Garbage:         -                85M (33%)          51M (20%)          17M (7%)             -                  -          
[2026-06-17T10:22:20.291+0800][1.909s][info][gc,heap     ] GC(17) Reclaimed:         -                  -                34M (13%)          68M (27%)            -                  -          
[2026-06-17T10:22:20.291+0800][1.910s][info][gc          ] GC(17) Garbage Collection (Allocation Rate) 114M(45%)->50M(20%)
[2026-06-17T10:22:20.363+0800][1.982s][info][gc,start    ] GC(18) Garbage Collection (Allocation Rate)
[2026-06-17T10:22:20.365+0800][1.983s][info][gc,phases   ] GC(18) Pause Mark Start 0.248ms
[2026-06-17T10:22:20.368+0800][1.986s][info][gc,phases   ] GC(18) Concurrent Mark 1.679ms
[2026-06-17T10:22:20.369+0800][1.988s][info][gc,phases   ] GC(18) Pause Mark End 0.424ms
[2026-06-17T10:22:20.370+0800][1.989s][info][gc,phases   ] GC(18) Concurrent Process Non-Strong References 0.255ms
[2026-06-17T10:22:20.371+0800][1.990s][info][gc,phases   ] GC(18) Concurrent Reset Relocation Set 0.003ms
[2026-06-17T10:22:20.372+0800][1.991s][info][gc,phases   ] GC(18) Concurrent Destroy Detached Pages 0.001ms
[2026-06-17T10:22:20.374+0800][1.992s][info][gc,phases   ] GC(18) Concurrent Select Relocation Set 0.603ms
[2026-06-17T10:22:20.375+0800][1.994s][info][gc,phases   ] GC(18) Concurrent Prepare Relocation Set 0.019ms
[2026-06-17T10:22:20.377+0800][1.996s][info][gc,phases   ] GC(18) Pause Relocate Start 0.433ms
[2026-06-17T10:22:20.379+0800][1.998s][info][gc,phases   ] GC(18) Concurrent Relocate 1.306ms
[2026-06-17T10:22:20.380+0800][1.999s][info][gc,load     ] GC(18) Load: 0.28/0.22/0.28
[2026-06-17T10:22:20.382+0800][2.001s][info][gc,mmu      ] GC(18) MMU: 2ms/51.7%, 5ms/78.6%, 10ms/84.9%, 20ms/92.5%, 50ms/96.4%, 100ms/97.4%
[2026-06-17T10:22:20.383+0800][2.001s][info][gc,marking  ] GC(18) Mark: 2 stripe(s), 1 proactive flush(es), 1 terminate flush(es), 0 completion(s), 0 continuation(s) 
[2026-06-17T10:22:20.384+0800][2.003s][info][gc,reloc    ] GC(18) Relocation: Successful, 24M relocated
[2026-06-17T10:22:20.386+0800][2.005s][info][gc,nmethod  ] GC(18) NMethods: 13 registered, 0 unregistered
[2026-06-17T10:22:20.388+0800][2.007s][info][gc,metaspace] GC(18) Metaspace: 3M used, 4M capacity, 4M committed, 8M reserved
[2026-06-17T10:22:20.389+0800][2.007s][info][gc,ref      ] GC(18) Soft: 43 encountered, 0 discovered, 0 enqueued
[2026-06-17T10:22:20.389+0800][2.008s][info][gc,ref      ] GC(18) Weak: 7 encountered, 2 discovered, 0 enqueued
[2026-06-17T10:22:20.390+0800][2.009s][info][gc,ref      ] GC(18) Final: 0 encountered, 0 discovered, 0 enqueued
[2026-06-17T10:22:20.391+0800][2.010s][info][gc,ref      ] GC(18) Phantom: 1 encountered, 1 discovered, 0 enqueued
[2026-06-17T10:22:20.392+0800][2.011s][info][gc,heap     ] GC(18)                Mark Start          Mark End        Relocate Start      Relocate End           High               Low         
[2026-06-17T10:22:20.393+0800][2.012s][info][gc,heap     ] GC(18)  Capacity:      256M (100%)        256M (100%)        256M (100%)        256M (100%)        256M (100%)        256M (100%)   
[2026-06-17T10:22:20.394+0800][2.013s][info][gc,heap     ] GC(18)   Reserve:       62M (24%)          62M (24%)          62M (24%)          62M (24%)          62M (24%)          62M (24%)    
[2026-06-17T10:22:20.395+0800][2.014s][info][gc,heap     ] GC(18)      Free:      112M (44%)         112M (44%)         104M (41%)         116M (45%)         116M (45%)          76M (30%)    
[2026-06-17T10:22:20.396+0800][2.015s][info][gc,heap     ] GC(18)      Used:       82M (32%)          82M (32%)          90M (35%)          78M (30%)         118M (46%)          78M (30%)    
[2026-06-17T10:22:20.397+0800][2.015s][info][gc,heap     ] GC(18)      Live:         -                24M (10%)          24M (10%)          24M (10%)            -                  -          
[2026-06-17T10:22:20.397+0800][2.016s][info][gc,heap     ] GC(18) Allocated:         -                 0M (0%)           36M (14%)          44M (17%)            -                  -          
[2026-06-17T10:22:20.398+0800][2.017s][info][gc,heap     ] GC(18)   Garbage:         -                57M (22%)          29M (11%)          17M (7%)             -                  -          
[2026-06-17T10:22:20.399+0800][2.017s][info][gc,heap     ] GC(18) Reclaimed:         -                  -                28M (11%)          40M (16%)            -                  -          
[2026-06-17T10:22:20.399+0800][2.018s][info][gc          ] GC(18) Garbage Collection (Allocation Rate) 82M(32%)->78M(30%)
[2026-06-17T10:22:20.463+0800][2.082s][info][gc,start    ] GC(19) Garbage Collection (Allocation Rate)
[2026-06-17T10:22:20.465+0800][2.084s][info][gc,phases   ] GC(19) Pause Mark Start 0.476ms
[2026-06-17T10:22:20.468+0800][2.087s][info][gc,phases   ] GC(19) Concurrent Mark 2.406ms
[2026-06-17T10:22:20.471+0800][2.089s][info][gc,phases   ] GC(19) Pause Mark End 0.931ms
[2026-06-17T10:22:20.472+0800][2.091s][info][gc,phases   ] GC(19) Concurrent Process Non-Strong References 0.391ms
[2026-06-17T10:22:20.473+0800][2.091s][info][gc,phases   ] GC(19) Concurrent Reset Relocation Set 0.006ms
[2026-06-17T10:22:20.473+0800][2.092s][info][gc,phases   ] GC(19) Concurrent Destroy Detached Pages 0.003ms
[2026-06-17T10:22:20.476+0800][2.094s][info][gc,phases   ] GC(19) Concurrent Select Relocation Set 1.443ms
[2026-06-17T10:22:20.476+0800][2.095s][info][gc,phases   ] GC(19) Concurrent Prepare Relocation Set 0.014ms
[2026-06-17T10:22:20.478+0800][2.096s][info][gc,phases   ] GC(19) Pause Relocate Start 0.302ms
[2026-06-17T10:22:20.480+0800][2.099s][info][gc,phases   ] GC(19) Concurrent Relocate 1.637ms
[2026-06-17T10:22:20.480+0800][2.099s][info][gc,load     ] GC(19) Load: 0.28/0.22/0.28
[2026-06-17T10:22:20.481+0800][2.099s][info][gc,mmu      ] GC(19) MMU: 2ms/51.7%, 5ms/78.6%, 10ms/84.9%, 20ms/91.5%, 50ms/96.4%, 100ms/97.4%
[2026-06-17T10:22:20.481+0800][2.100s][info][gc,marking  ] GC(19) Mark: 2 stripe(s), 2 proactive flush(es), 1 terminate flush(es), 0 completion(s), 0 continuation(s) 
[2026-06-17T10:22:20.481+0800][2.100s][info][gc,reloc    ] GC(19) Relocation: Successful, 21M relocated
[2026-06-17T10:22:20.481+0800][2.100s][info][gc,nmethod  ] GC(19) NMethods: 13 registered, 0 unregistered
[2026-06-17T10:22:20.482+0800][2.101s][info][gc,metaspace] GC(19) Metaspace: 3M used, 4M capacity, 4M committed, 8M reserved
[2026-06-17T10:22:20.482+0800][2.101s][info][gc,ref      ] GC(19) Soft: 43 encountered, 0 discovered, 0 enqueued
[2026-06-17T10:22:20.482+0800][2.101s][info][gc,ref      ] GC(19) Weak: 7 encountered, 0 discovered, 0 enqueued
[2026-06-17T10:22:20.483+0800][2.101s][info][gc,ref      ] GC(19) Final: 0 encountered, 0 discovered, 0 enqueued
[2026-06-17T10:22:20.483+0800][2.102s][info][gc,ref      ] GC(19) Phantom: 1 encountered, 0 discovered, 0 enqueued
[2026-06-17T10:22:20.483+0800][2.102s][info][gc,heap     ] GC(19)                Mark Start          Mark End        Relocate Start      Relocate End           High               Low         
[2026-06-17T10:22:20.483+0800][2.102s][info][gc,heap     ] GC(19)  Capacity:      256M (100%)        256M (100%)        256M (100%)        256M (100%)        256M (100%)        256M (100%)   
[2026-06-17T10:22:20.484+0800][2.102s][info][gc,heap     ] GC(19)   Reserve:       62M (24%)          62M (24%)          62M (24%)          62M (24%)          62M (24%)          62M (24%)    
[2026-06-17T10:22:20.484+0800][2.103s][info][gc,heap     ] GC(19)      Free:       84M (33%)          80M (31%)         108M (42%)         144M (56%)         144M (56%)          72M (28%)    
[2026-06-17T10:22:20.484+0800][2.103s][info][gc,heap     ] GC(19)      Used:      110M (43%)         114M (45%)          86M (34%)          50M (20%)         122M (48%)          50M (20%)    
[2026-06-17T10:22:20.485+0800][2.104s][info][gc,heap     ] GC(19)      Live:         -                25M (10%)          25M (10%)          25M (10%)            -                  -          
[2026-06-17T10:22:20.485+0800][2.104s][info][gc,heap     ] GC(19) Allocated:         -                 4M (2%)            4M (2%)           46M (18%)            -                  -          
[2026-06-17T10:22:20.486+0800][2.104s][info][gc,heap     ] GC(19)   Garbage:         -                84M (33%)          56M (22%)          16M (6%)             -                  -          
[2026-06-17T10:22:20.486+0800][2.105s][info][gc,heap     ] GC(19) Reclaimed:         -                  -                28M (11%)          68M (27%)            -                  -          
[2026-06-17T10:22:20.486+0800][2.105s][info][gc          ] GC(19) Garbage Collection (Allocation Rate) 110M(43%)->50M(20%)
[2026-06-17T10:22:20.563+0800][2.181s][info][gc,start    ] GC(20) Garbage Collection (Allocation Rate)
[2026-06-17T10:22:20.564+0800][2.183s][info][gc,phases   ] GC(20) Pause Mark Start 0.362ms
[2026-06-17T10:22:20.567+0800][2.186s][info][gc,phases   ] GC(20) Concurrent Mark 1.974ms
[2026-06-17T10:22:20.569+0800][2.188s][info][gc,phases   ] GC(20) Pause Mark End 0.703ms
[2026-06-17T10:22:20.570+0800][2.188s][info][gc,phases   ] GC(20) Concurrent Process Non-Strong References 0.206ms
[2026-06-17T10:22:20.570+0800][2.189s][info][gc,phases   ] GC(20) Concurrent Reset Relocation Set 0.002ms
[2026-06-17T10:22:20.570+0800][2.189s][info][gc,phases   ] GC(20) Concurrent Destroy Detached Pages 0.000ms
[2026-06-17T10:22:20.571+0800][2.190s][info][gc,phases   ] GC(20) Concurrent Select Relocation Set 0.471ms
[2026-06-17T10:22:20.571+0800][2.190s][info][gc,phases   ] GC(20) Concurrent Prepare Relocation Set 0.002ms
[2026-06-17T10:22:20.572+0800][2.191s][info][gc,phases   ] GC(20) Pause Relocate Start 0.136ms
[2026-06-17T10:22:20.573+0800][2.191s][info][gc,phases   ] GC(20) Concurrent Relocate 0.192ms
[2026-06-17T10:22:20.573+0800][2.192s][info][gc,load     ] GC(20) Load: 0.28/0.22/0.28
[2026-06-17T10:22:20.574+0800][2.193s][info][gc,mmu      ] GC(20) MMU: 2ms/51.7%, 5ms/78.6%, 10ms/84.9%, 20ms/91.5%, 50ms/96.4%, 100ms/97.4%
[2026-06-17T10:22:20.574+0800][2.193s][info][gc,marking  ] GC(20) Mark: 2 stripe(s), 2 proactive flush(es), 1 terminate flush(es), 0 completion(s), 0 continuation(s) 
[2026-06-17T10:22:20.574+0800][2.193s][info][gc,reloc    ] GC(20) Relocation: Successful, 18M relocated
[2026-06-17T10:22:20.574+0800][2.193s][info][gc,nmethod  ] GC(20) NMethods: 13 registered, 0 unregistered
[2026-06-17T10:22:20.575+0800][2.193s][info][gc,metaspace] GC(20) Metaspace: 3M used, 4M capacity, 4M committed, 8M reserved
[2026-06-17T10:22:20.575+0800][2.194s][info][gc,ref      ] GC(20) Soft: 43 encountered, 0 discovered, 0 enqueued
[2026-06-17T10:22:20.575+0800][2.194s][info][gc,ref      ] GC(20) Weak: 7 encountered, 0 discovered, 0 enqueued
[2026-06-17T10:22:20.576+0800][2.195s][info][gc,ref      ] GC(20) Final: 0 encountered, 0 discovered, 0 enqueued
[2026-06-17T10:22:20.576+0800][2.195s][info][gc,ref      ] GC(20) Phantom: 1 encountered, 0 discovered, 0 enqueued
[2026-06-17T10:22:20.577+0800][2.195s][info][gc,heap     ] GC(20)                Mark Start          Mark End        Relocate Start      Relocate End           High               Low         
[2026-06-17T10:22:20.577+0800][2.196s][info][gc,heap     ] GC(20)  Capacity:      256M (100%)        256M (100%)        256M (100%)        256M (100%)        256M (100%)        256M (100%)   
[2026-06-17T10:22:20.577+0800][2.196s][info][gc,heap     ] GC(20)   Reserve:       62M (24%)          62M (24%)          62M (24%)          62M (24%)          62M (24%)          62M (24%)    
[2026-06-17T10:22:20.578+0800][2.196s][info][gc,heap     ] GC(20)      Free:      116M (45%)         112M (44%)         140M (55%)         146M (57%)         146M (57%)         112M (44%)    
[2026-06-17T10:22:20.578+0800][2.197s][info][gc,heap     ] GC(20)      Used:       78M (30%)          82M (32%)          54M (21%)          48M (19%)          82M (32%)          48M (19%)    
[2026-06-17T10:22:20.578+0800][2.197s][info][gc,heap     ] GC(20)      Live:         -                22M (9%)           22M (9%)           22M (9%)             -                  -          
[2026-06-17T10:22:20.579+0800][2.198s][info][gc,heap     ] GC(20) Allocated:         -                 4M (2%)            4M (2%)           10M (4%)             -                  -          
[2026-06-17T10:22:20.579+0800][2.198s][info][gc,heap     ] GC(20)   Garbage:         -                55M (22%)          27M (11%)          21M (8%)             -                  -          
[2026-06-17T10:22:20.580+0800][2.198s][info][gc,heap     ] GC(20) Reclaimed:         -                  -                28M (11%)          34M (13%)            -                  -          
[2026-06-17T10:22:20.580+0800][2.199s][info][gc          ] GC(20) Garbage Collection (Allocation Rate) 78M(30%)->48M(19%)
[2026-06-17T10:22:20.663+0800][2.282s][info][gc,start    ] GC(21) Garbage Collection (Allocation Rate)
[2026-06-17T10:22:20.665+0800][2.283s][info][gc,phases   ] GC(21) Pause Mark Start 0.296ms
[2026-06-17T10:22:20.666+0800][2.285s][info][gc,phases   ] GC(21) Concurrent Mark 1.526ms
[2026-06-17T10:22:20.667+0800][2.286s][info][gc,phases   ] GC(21) Pause Mark End 0.247ms
[2026-06-17T10:22:20.668+0800][2.287s][info][gc,phases   ] GC(21) Concurrent Process Non-Strong References 0.250ms
[2026-06-17T10:22:20.668+0800][2.287s][info][gc,phases   ] GC(21) Concurrent Reset Relocation Set 0.001ms
[2026-06-17T10:22:20.668+0800][2.287s][info][gc,phases   ] GC(21) Concurrent Destroy Detached Pages 0.000ms
[2026-06-17T10:22:20.669+0800][2.288s][info][gc,phases   ] GC(21) Concurrent Select Relocation Set 0.469ms
[2026-06-17T10:22:20.669+0800][2.288s][info][gc,phases   ] GC(21) Concurrent Prepare Relocation Set 0.008ms
[2026-06-17T10:22:20.670+0800][2.289s][info][gc,phases   ] GC(21) Pause Relocate Start 0.133ms
[2026-06-17T10:22:20.671+0800][2.290s][info][gc,phases   ] GC(21) Concurrent Relocate 1.344ms
[2026-06-17T10:22:20.672+0800][2.291s][info][gc,load     ] GC(21) Load: 0.28/0.22/0.28
[2026-06-17T10:22:20.672+0800][2.291s][info][gc,mmu      ] GC(21) MMU: 2ms/51.7%, 5ms/78.6%, 10ms/84.9%, 20ms/91.5%, 50ms/96.4%, 100ms/97.4%
[2026-06-17T10:22:20.672+0800][2.291s][info][gc,marking  ] GC(21) Mark: 2 stripe(s), 1 proactive flush(es), 1 terminate flush(es), 0 completion(s), 0 continuation(s) 
[2026-06-17T10:22:20.673+0800][2.292s][info][gc,reloc    ] GC(21) Relocation: Successful, 19M relocated
[2026-06-17T10:22:20.674+0800][2.292s][info][gc,nmethod  ] GC(21) NMethods: 13 registered, 0 unregistered
[2026-06-17T10:22:20.674+0800][2.293s][info][gc,metaspace] GC(21) Metaspace: 3M used, 4M capacity, 4M committed, 8M reserved
[2026-06-17T10:22:20.674+0800][2.293s][info][gc,ref      ] GC(21) Soft: 43 encountered, 0 discovered, 0 enqueued
[2026-06-17T10:22:20.675+0800][2.293s][info][gc,ref      ] GC(21) Weak: 7 encountered, 2 discovered, 0 enqueued
[2026-06-17T10:22:20.675+0800][2.294s][info][gc,ref      ] GC(21) Final: 0 encountered, 0 discovered, 0 enqueued
[2026-06-17T10:22:20.675+0800][2.294s][info][gc,ref      ] GC(21) Phantom: 1 encountered, 1 discovered, 0 enqueued
[2026-06-17T10:22:20.676+0800][2.294s][info][gc,heap     ] GC(21)                Mark Start          Mark End        Relocate Start      Relocate End           High               Low         
[2026-06-17T10:22:20.676+0800][2.295s][info][gc,heap     ] GC(21)  Capacity:      256M (100%)        256M (100%)        256M (100%)        256M (100%)        256M (100%)        256M (100%)   
[2026-06-17T10:22:20.676+0800][2.295s][info][gc,heap     ] GC(21)   Reserve:       62M (24%)          62M (24%)          62M (24%)          62M (24%)          62M (24%)          62M (24%)    
[2026-06-17T10:22:20.677+0800][2.296s][info][gc,heap     ] GC(21)      Free:       80M (31%)          80M (31%)         110M (43%)         152M (59%)         152M (59%)          72M (28%)    
[2026-06-17T10:22:20.677+0800][2.296s][info][gc,heap     ] GC(21)      Used:      114M (45%)         114M (45%)          84M (33%)          42M (16%)         122M (48%)          42M (16%)    
[2026-06-17T10:22:20.678+0800][2.296s][info][gc,heap     ] GC(21)      Live:         -                19M (8%)           19M (8%)           19M (8%)             -                  -          
[2026-06-17T10:22:20.678+0800][2.297s][info][gc,heap     ] GC(21) Allocated:         -                 0M (0%)            0M (0%)           42M (16%)            -                  -          
[2026-06-17T10:22:20.678+0800][2.297s][info][gc,heap     ] GC(21)   Garbage:         -                94M (37%)          64M (25%)          22M (9%)             -                  -          
[2026-06-17T10:22:20.679+0800][2.298s][info][gc,heap     ] GC(21) Reclaimed:         -                  -                30M (12%)          72M (28%)            -                  -          
[2026-06-17T10:22:20.679+0800][2.298s][info][gc          ] GC(21) Garbage Collection (Allocation Rate) 114M(45%)->42M(16%)
[2026-06-17T10:22:20.763+0800][2.382s][info][gc,start    ] GC(22) Garbage Collection (Allocation Rate)
[2026-06-17T10:22:20.765+0800][2.384s][info][gc,phases   ] GC(22) Pause Mark Start 0.360ms
[2026-06-17T10:22:20.767+0800][2.386s][info][gc,phases   ] GC(22) Concurrent Mark 1.559ms
[2026-06-17T10:22:20.768+0800][2.387s][info][gc,phases   ] GC(22) Pause Mark End 0.242ms
[2026-06-17T10:22:20.768+0800][2.387s][info][gc,phases   ] GC(22) Concurrent Process Non-Strong References 0.231ms
[2026-06-17T10:22:20.769+0800][2.388s][info][gc,phases   ] GC(22) Concurrent Reset Relocation Set 0.002ms
[2026-06-17T10:22:20.769+0800][2.388s][info][gc,phases   ] GC(22) Concurrent Destroy Detached Pages 0.001ms
[2026-06-17T10:22:20.770+0800][2.389s][info][gc,phases   ] GC(22) Concurrent Select Relocation Set 0.470ms
[2026-06-17T10:22:20.771+0800][2.389s][info][gc,phases   ] GC(22) Concurrent Prepare Relocation Set 0.004ms
[2026-06-17T10:22:20.771+0800][2.390s][info][gc,phases   ] GC(22) Pause Relocate Start 0.121ms
[2026-06-17T10:22:20.772+0800][2.390s][info][gc,phases   ] GC(22) Concurrent Relocate 0.206ms
[2026-06-17T10:22:20.772+0800][2.391s][info][gc,load     ] GC(22) Load: 0.28/0.22/0.28
[2026-06-17T10:22:20.772+0800][2.391s][info][gc,mmu      ] GC(22) MMU: 2ms/51.7%, 5ms/78.6%, 10ms/84.9%, 20ms/91.5%, 50ms/96.4%, 100ms/97.4%
[2026-06-17T10:22:20.773+0800][2.391s][info][gc,marking  ] GC(22) Mark: 2 stripe(s), 1 proactive flush(es), 1 terminate flush(es), 0 completion(s), 0 continuation(s) 
[2026-06-17T10:22:20.773+0800][2.392s][info][gc,reloc    ] GC(22) Relocation: Successful, 21M relocated
[2026-06-17T10:22:20.773+0800][2.392s][info][gc,nmethod  ] GC(22) NMethods: 14 registered, 0 unregistered
[2026-06-17T10:22:20.773+0800][2.392s][info][gc,metaspace] GC(22) Metaspace: 3M used, 4M capacity, 4M committed, 8M reserved
[2026-06-17T10:22:20.774+0800][2.392s][info][gc,ref      ] GC(22) Soft: 43 encountered, 0 discovered, 0 enqueued
[2026-06-17T10:22:20.774+0800][2.393s][info][gc,ref      ] GC(22) Weak: 7 encountered, 2 discovered, 0 enqueued
[2026-06-17T10:22:20.774+0800][2.393s][info][gc,ref      ] GC(22) Final: 0 encountered, 0 discovered, 0 enqueued
[2026-06-17T10:22:20.774+0800][2.393s][info][gc,ref      ] GC(22) Phantom: 1 encountered, 1 discovered, 0 enqueued
[2026-06-17T10:22:20.774+0800][2.393s][info][gc,heap     ] GC(22)                Mark Start          Mark End        Relocate Start      Relocate End           High               Low         
[2026-06-17T10:22:20.775+0800][2.393s][info][gc,heap     ] GC(22)  Capacity:      256M (100%)        256M (100%)        256M (100%)        256M (100%)        256M (100%)        256M (100%)   
[2026-06-17T10:22:20.775+0800][2.394s][info][gc,heap     ] GC(22)   Reserve:       62M (24%)          62M (24%)          62M (24%)          62M (24%)          62M (24%)          62M (24%)    
[2026-06-17T10:22:20.775+0800][2.394s][info][gc,heap     ] GC(22)      Free:      116M (45%)         116M (45%)         102M (40%)         112M (44%)         116M (45%)          78M (30%)    
[2026-06-17T10:22:20.776+0800][2.395s][info][gc,heap     ] GC(22)      Used:       78M (30%)          78M (30%)          92M (36%)          82M (32%)         116M (45%)          78M (30%)    
[2026-06-17T10:22:20.776+0800][2.395s][info][gc,heap     ] GC(22)      Live:         -                25M (10%)          25M (10%)          25M (10%)            -                  -          
[2026-06-17T10:22:20.776+0800][2.395s][info][gc,heap     ] GC(22) Allocated:         -                 0M (0%)           38M (15%)          44M (17%)            -                  -          
[2026-06-17T10:22:20.776+0800][2.395s][info][gc,heap     ] GC(22)   Garbage:         -                52M (20%)          28M (11%)          18M (7%)             -                  -          
[2026-06-17T10:22:20.777+0800][2.395s][info][gc,heap     ] GC(22) Reclaimed:         -                  -                24M (9%)           34M (13%)            -                  -          
[2026-06-17T10:22:20.777+0800][2.396s][info][gc          ] GC(22) Garbage Collection (Allocation Rate) 78M(30%)->82M(32%)
[2026-06-17T10:22:20.864+0800][2.482s][info][gc,start    ] GC(23) Garbage Collection (Allocation Rate)
[2026-06-17T10:22:20.865+0800][2.484s][info][gc,phases   ] GC(23) Pause Mark Start 0.463ms
[2026-06-17T10:22:20.868+0800][2.487s][info][gc,phases   ] GC(23) Concurrent Mark 1.652ms
[2026-06-17T10:22:20.869+0800][2.488s][info][gc,phases   ] GC(23) Pause Mark End 0.530ms
[2026-06-17T10:22:20.870+0800][2.489s][info][gc,phases   ] GC(23) Concurrent Process Non-Strong References 0.322ms
[2026-06-17T10:22:20.871+0800][2.490s][info][gc,phases   ] GC(23) Concurrent Reset Relocation Set 0.006ms
[2026-06-17T10:22:20.873+0800][2.492s][info][gc,phases   ] GC(23) Concurrent Destroy Detached Pages 0.003ms
[2026-06-17T10:22:20.876+0800][2.494s][info][gc,phases   ] GC(23) Concurrent Select Relocation Set 1.716ms
[2026-06-17T10:22:20.876+0800][2.495s][info][gc,phases   ] GC(23) Concurrent Prepare Relocation Set 0.009ms
[2026-06-17T10:22:20.878+0800][2.497s][info][gc,phases   ] GC(23) Pause Relocate Start 0.346ms
[2026-06-17T10:22:20.880+0800][2.499s][info][gc,phases   ] GC(23) Concurrent Relocate 1.630ms
[2026-06-17T10:22:20.881+0800][2.500s][info][gc,load     ] GC(23) Load: 0.28/0.22/0.28
[2026-06-17T10:22:20.882+0800][2.500s][info][gc,mmu      ] GC(23) MMU: 2ms/51.7%, 5ms/78.6%, 10ms/84.9%, 20ms/91.5%, 50ms/96.4%, 100ms/97.4%
[2026-06-17T10:22:20.882+0800][2.501s][info][gc,marking  ] GC(23) Mark: 2 stripe(s), 2 proactive flush(es), 1 terminate flush(es), 0 completion(s), 0 continuation(s) 
[2026-06-17T10:22:20.883+0800][2.501s][info][gc,reloc    ] GC(23) Relocation: Successful, 21M relocated
[2026-06-17T10:22:20.883+0800][2.502s][info][gc,nmethod  ] GC(23) NMethods: 14 registered, 0 unregistered
[2026-06-17T10:22:20.884+0800][2.502s][info][gc,metaspace] GC(23) Metaspace: 3M used, 4M capacity, 4M committed, 8M reserved
[2026-06-17T10:22:20.888+0800][2.507s][info][gc,ref      ] GC(23) Soft: 43 encountered, 0 discovered, 0 enqueued
[2026-06-17T10:22:20.889+0800][2.507s][info][gc,ref      ] GC(23) Weak: 7 encountered, 2 discovered, 0 enqueued
[2026-06-17T10:22:20.889+0800][2.508s][info][gc,ref      ] GC(23) Final: 0 encountered, 0 discovered, 0 enqueued
[2026-06-17T10:22:20.890+0800][2.509s][info][gc,ref      ] GC(23) Phantom: 1 encountered, 1 discovered, 0 enqueued
[2026-06-17T10:22:20.890+0800][2.509s][info][gc,heap     ] GC(23)                Mark Start          Mark End        Relocate Start      Relocate End           High               Low         
[2026-06-17T10:22:20.891+0800][2.510s][info][gc,heap     ] GC(23)  Capacity:      256M (100%)        256M (100%)        256M (100%)        256M (100%)        256M (100%)        256M (100%)   
[2026-06-17T10:22:20.892+0800][2.511s][info][gc,heap     ] GC(23)   Reserve:       62M (24%)          62M (24%)          62M (24%)          62M (24%)          62M (24%)          62M (24%)    
[2026-06-17T10:22:20.893+0800][2.511s][info][gc,heap     ] GC(23)      Free:       82M (32%)          44M (17%)          70M (27%)         142M (55%)         142M (55%)          44M (17%)    
[2026-06-17T10:22:20.893+0800][2.512s][info][gc,heap     ] GC(23)      Used:      112M (44%)         150M (59%)         124M (48%)          52M (20%)         150M (59%)          52M (20%)    
[2026-06-17T10:22:20.894+0800][2.512s][info][gc,heap     ] GC(23)      Live:         -                21M (9%)           21M (9%)           21M (9%)             -                  -          
[2026-06-17T10:22:20.894+0800][2.513s][info][gc,heap     ] GC(23) Allocated:         -                38M (15%)          40M (16%)          48M (19%)            -                  -          
[2026-06-17T10:22:20.895+0800][2.513s][info][gc,heap     ] GC(23)   Garbage:         -                90M (35%)          62M (24%)    17592186044406M (6         -                  -          
[2026-06-17T10:22:20.895+0800][2.514s][info][gc,heap     ] GC(23) Reclaimed:         -                  -                28M (11%)         100M (39%)            -                  -          
[2026-06-17T10:22:20.896+0800][2.514s][info][gc          ] GC(23) Garbage Collection (Allocation Rate) 112M(44%)->52M(20%)
[2026-06-17T10:22:20.963+0800][2.582s][info][gc,start    ] GC(24) Garbage Collection (Allocation Rate)
[2026-06-17T10:22:20.966+0800][2.585s][info][gc,phases   ] GC(24) Pause Mark Start 0.147ms
[2026-06-17T10:22:20.971+0800][2.590s][info][gc,phases   ] GC(24) Concurrent Mark 1.862ms
[2026-06-17T10:22:20.974+0800][2.592s][info][gc,phases   ] GC(24) Pause Mark End 0.427ms
[2026-06-17T10:22:20.977+0800][2.596s][info][gc,phases   ] GC(24) Concurrent Process Non-Strong References 0.131ms
[2026-06-17T10:22:20.978+0800][2.597s][info][gc,phases   ] GC(24) Concurrent Reset Relocation Set 0.003ms
[2026-06-17T10:22:20.980+0800][2.599s][info][gc,phases   ] GC(24) Concurrent Destroy Detached Pages 0.003ms
[2026-06-17T10:22:20.986+0800][2.605s][info][gc,phases   ] GC(24) Concurrent Select Relocation Set 1.541ms
[2026-06-17T10:22:20.990+0800][2.609s][info][gc,phases   ] GC(24) Concurrent Prepare Relocation Set 0.010ms
[2026-06-17T10:22:20.994+0800][2.613s][info][gc,phases   ] GC(24) Pause Relocate Start 0.296ms
[2026-06-17T10:22:20.995+0800][2.614s][info][gc,phases   ] GC(24) Concurrent Relocate 0.379ms
[2026-06-17T10:22:20.996+0800][2.614s][info][gc,load     ] GC(24) Load: 0.28/0.22/0.28
[2026-06-17T10:22:20.996+0800][2.615s][info][gc,mmu      ] GC(24) MMU: 2ms/51.7%, 5ms/78.6%, 10ms/84.9%, 20ms/91.5%, 50ms/96.4%, 100ms/97.4%
[2026-06-17T10:22:20.997+0800][2.615s][info][gc,marking  ] GC(24) Mark: 2 stripe(s), 1 proactive flush(es), 1 terminate flush(es), 0 completion(s), 0 continuation(s) 
[2026-06-17T10:22:20.997+0800][2.616s][info][gc,reloc    ] GC(24) Relocation: Successful, 21M relocated
[2026-06-17T10:22:20.998+0800][2.617s][info][gc,nmethod  ] GC(24) NMethods: 14 registered, 0 unregistered
[2026-06-17T10:22:20.999+0800][2.617s][info][gc,metaspace] GC(24) Metaspace: 3M used, 4M capacity, 4M committed, 8M reserved
[2026-06-17T10:22:20.999+0800][2.618s][info][gc,ref      ] GC(24) Soft: 43 encountered, 0 discovered, 0 enqueued
[2026-06-17T10:22:20.999+0800][2.618s][info][gc,ref      ] GC(24) Weak: 7 encountered, 0 discovered, 0 enqueued
[2026-06-17T10:22:21.000+0800][2.619s][info][gc,ref      ] GC(24) Final: 0 encountered, 0 discovered, 0 enqueued
[2026-06-17T10:22:21.000+0800][2.619s][info][gc,ref      ] GC(24) Phantom: 1 encountered, 0 discovered, 0 enqueued
[2026-06-17T10:22:21.000+0800][2.619s][info][gc,heap     ] GC(24)                Mark Start          Mark End        Relocate Start      Relocate End           High               Low         
[2026-06-17T10:22:21.000+0800][2.619s][info][gc,heap     ] GC(24)  Capacity:      256M (100%)        256M (100%)        256M (100%)        256M (100%)        256M (100%)        256M (100%)   
[2026-06-17T10:22:21.001+0800][2.619s][info][gc,heap     ] GC(24)   Reserve:       62M (24%)          62M (24%)          62M (24%)          62M (24%)          62M (24%)          62M (24%)    
[2026-06-17T10:22:21.001+0800][2.620s][info][gc,heap     ] GC(24)      Free:      110M (43%)         110M (43%)         130M (51%)         142M (55%)         142M (55%)         106M (41%)    
[2026-06-17T10:22:21.001+0800][2.620s][info][gc,heap     ] GC(24)      Used:       84M (33%)          84M (33%)          64M (25%)          52M (20%)          88M (34%)          52M (20%)    
[2026-06-17T10:22:21.001+0800][2.620s][info][gc,heap     ] GC(24)      Live:         -                21M (8%)           21M (8%)           21M (8%)             -                  -          
[2026-06-17T10:22:21.001+0800][2.620s][info][gc,heap     ] GC(24) Allocated:         -                 0M (0%)            8M (3%)           20M (8%)             -                  -          
[2026-06-17T10:22:21.002+0800][2.621s][info][gc,heap     ] GC(24)   Garbage:         -                62M (25%)          34M (14%)          22M (9%)             -                  -          
[2026-06-17T10:22:21.003+0800][2.621s][info][gc,heap     ] GC(24) Reclaimed:         -                  -                28M (11%)          40M (16%)            -                  -          
[2026-06-17T10:22:21.003+0800][2.622s][info][gc          ] GC(24) Garbage Collection (Allocation Rate) 84M(33%)->52M(20%)
[2026-06-17T10:22:21.063+0800][2.682s][info][gc,start    ] GC(25) Garbage Collection (Allocation Rate)
[2026-06-17T10:22:21.065+0800][2.684s][info][gc,phases   ] GC(25) Pause Mark Start 0.366ms
[2026-06-17T10:22:21.067+0800][2.685s][info][gc,phases   ] GC(25) Concurrent Mark 1.564ms
[2026-06-17T10:22:21.068+0800][2.686s][info][gc,phases   ] GC(25) Pause Mark End 0.254ms
[2026-06-17T10:22:21.068+0800][2.687s][info][gc,phases   ] GC(25) Concurrent Process Non-Strong References 0.103ms
[2026-06-17T10:22:21.069+0800][2.688s][info][gc,phases   ] GC(25) Concurrent Reset Relocation Set 0.002ms
[2026-06-17T10:22:21.069+0800][2.688s][info][gc,phases   ] GC(25) Concurrent Destroy Detached Pages 0.000ms
[2026-06-17T10:22:21.070+0800][2.689s][info][gc,phases   ] GC(25) Concurrent Select Relocation Set 0.469ms
[2026-06-17T10:22:21.070+0800][2.689s][info][gc,phases   ] GC(25) Concurrent Prepare Relocation Set 0.017ms
[2026-06-17T10:22:21.071+0800][2.690s][info][gc,phases   ] GC(25) Pause Relocate Start 0.132ms
[2026-06-17T10:22:21.073+0800][2.692s][info][gc,phases   ] GC(25) Concurrent Relocate 1.854ms
[2026-06-17T10:22:21.073+0800][2.692s][info][gc,load     ] GC(25) Load: 0.28/0.22/0.28
[2026-06-17T10:22:21.074+0800][2.692s][info][gc,mmu      ] GC(25) MMU: 2ms/51.7%, 5ms/78.6%, 10ms/84.9%, 20ms/91.5%, 50ms/96.4%, 100ms/97.4%
[2026-06-17T10:22:21.074+0800][2.693s][info][gc,marking  ] GC(25) Mark: 2 stripe(s), 1 proactive flush(es), 1 terminate flush(es), 0 completion(s), 0 continuation(s) 
[2026-06-17T10:22:21.074+0800][2.693s][info][gc,reloc    ] GC(25) Relocation: Successful, 22M relocated
[2026-06-17T10:22:21.075+0800][2.693s][info][gc,nmethod  ] GC(25) NMethods: 14 registered, 0 unregistered
[2026-06-17T10:22:21.075+0800][2.694s][info][gc,metaspace] GC(25) Metaspace: 3M used, 4M capacity, 4M committed, 8M reserved
[2026-06-17T10:22:21.075+0800][2.694s][info][gc,ref      ] GC(25) Soft: 43 encountered, 0 discovered, 0 enqueued
[2026-06-17T10:22:21.075+0800][2.694s][info][gc,ref      ] GC(25) Weak: 7 encountered, 2 discovered, 0 enqueued
[2026-06-17T10:22:21.076+0800][2.694s][info][gc,ref      ] GC(25) Final: 0 encountered, 0 discovered, 0 enqueued
[2026-06-17T10:22:21.076+0800][2.695s][info][gc,ref      ] GC(25) Phantom: 1 encountered, 1 discovered, 0 enqueued
[2026-06-17T10:22:21.078+0800][2.696s][info][gc,heap     ] GC(25)                Mark Start          Mark End        Relocate Start      Relocate End           High               Low         
[2026-06-17T10:22:21.078+0800][2.697s][info][gc,heap     ] GC(25)  Capacity:      256M (100%)        256M (100%)        256M (100%)        256M (100%)        256M (100%)        256M (100%)   
[2026-06-17T10:22:21.078+0800][2.697s][info][gc,heap     ] GC(25)   Reserve:       62M (24%)          62M (24%)          62M (24%)          62M (24%)          62M (24%)          62M (24%)    
[2026-06-17T10:22:21.079+0800][2.697s][info][gc,heap     ] GC(25)      Free:       82M (32%)          82M (32%)         112M (44%)         148M (58%)         148M (58%)          76M (30%)    
[2026-06-17T10:22:21.079+0800][2.698s][info][gc,heap     ] GC(25)      Used:      112M (44%)         112M (44%)          82M (32%)          46M (18%)         118M (46%)          46M (18%)    
[2026-06-17T10:22:21.079+0800][2.698s][info][gc,heap     ] GC(25)      Live:         -                26M (10%)          26M (10%)          26M (10%)            -                  -          
[2026-06-17T10:22:21.079+0800][2.698s][info][gc,heap     ] GC(25) Allocated:         -                 0M (0%)            0M (0%)           40M (16%)            -                  -          
[2026-06-17T10:22:21.080+0800][2.699s][info][gc,heap     ] GC(25)   Garbage:         -                85M (33%)          55M (22%)          19M (8%)             -                  -          
[2026-06-17T10:22:21.080+0800][2.699s][info][gc,heap     ] GC(25) Reclaimed:         -                  -                30M (12%)          66M (26%)            -                  -          
[2026-06-17T10:22:21.080+0800][2.699s][info][gc          ] GC(25) Garbage Collection (Allocation Rate) 112M(44%)->46M(18%)
[2026-06-17T10:22:21.163+0800][2.782s][info][gc,start    ] GC(26) Garbage Collection (Allocation Rate)
[2026-06-17T10:22:21.165+0800][2.784s][info][gc,phases   ] GC(26) Pause Mark Start 0.336ms
[2026-06-17T10:22:21.167+0800][2.786s][info][gc,phases   ] GC(26) Concurrent Mark 1.527ms
[2026-06-17T10:22:21.168+0800][2.787s][info][gc,phases   ] GC(26) Pause Mark End 0.255ms
[2026-06-17T10:22:21.168+0800][2.787s][info][gc,phases   ] GC(26) Concurrent Process Non-Strong References 0.089ms
[2026-06-17T10:22:21.168+0800][2.787s][info][gc,phases   ] GC(26) Concurrent Reset Relocation Set 0.001ms
[2026-06-17T10:22:21.169+0800][2.787s][info][gc,phases   ] GC(26) Concurrent Destroy Detached Pages 0.000ms
[2026-06-17T10:22:21.169+0800][2.788s][info][gc,phases   ] GC(26) Concurrent Select Relocation Set 0.485ms
[2026-06-17T10:22:21.170+0800][2.789s][info][gc,phases   ] GC(26) Concurrent Prepare Relocation Set 0.003ms
[2026-06-17T10:22:21.171+0800][2.789s][info][gc,phases   ] GC(26) Pause Relocate Start 0.136ms
[2026-06-17T10:22:21.171+0800][2.790s][info][gc,phases   ] GC(26) Concurrent Relocate 0.290ms
[2026-06-17T10:22:21.171+0800][2.790s][info][gc,load     ] GC(26) Load: 0.28/0.22/0.28
[2026-06-17T10:22:21.172+0800][2.790s][info][gc,mmu      ] GC(26) MMU: 2ms/51.7%, 5ms/78.6%, 10ms/84.9%, 20ms/91.5%, 50ms/96.4%, 100ms/97.4%
[2026-06-17T10:22:21.172+0800][2.791s][info][gc,marking  ] GC(26) Mark: 2 stripe(s), 1 proactive flush(es), 1 terminate flush(es), 0 completion(s), 0 continuation(s) 
[2026-06-17T10:22:21.172+0800][2.791s][info][gc,reloc    ] GC(26) Relocation: Successful, 22M relocated
[2026-06-17T10:22:21.172+0800][2.791s][info][gc,nmethod  ] GC(26) NMethods: 14 registered, 0 unregistered
[2026-06-17T10:22:21.173+0800][2.791s][info][gc,metaspace] GC(26) Metaspace: 3M used, 4M capacity, 4M committed, 8M reserved
[2026-06-17T10:22:21.173+0800][2.791s][info][gc,ref      ] GC(26) Soft: 43 encountered, 0 discovered, 0 enqueued
[2026-06-17T10:22:21.173+0800][2.792s][info][gc,ref      ] GC(26) Weak: 7 encountered, 2 discovered, 0 enqueued
[2026-06-17T10:22:21.173+0800][2.792s][info][gc,ref      ] GC(26) Final: 0 encountered, 0 discovered, 0 enqueued
[2026-06-17T10:22:21.173+0800][2.792s][info][gc,ref      ] GC(26) Phantom: 1 encountered, 1 discovered, 0 enqueued
[2026-06-17T10:22:21.174+0800][2.792s][info][gc,heap     ] GC(26)                Mark Start          Mark End        Relocate Start      Relocate End           High               Low         
[2026-06-17T10:22:21.174+0800][2.793s][info][gc,heap     ] GC(26)  Capacity:      256M (100%)        256M (100%)        256M (100%)        256M (100%)        256M (100%)        256M (100%)   
[2026-06-17T10:22:21.174+0800][2.793s][info][gc,heap     ] GC(26)   Reserve:       62M (24%)          62M (24%)          62M (24%)          62M (24%)          62M (24%)          62M (24%)    
[2026-06-17T10:22:21.174+0800][2.793s][info][gc,heap     ] GC(26)      Free:      112M (44%)         112M (44%)         138M (54%)         150M (59%)         150M (59%)         112M (44%)    
[2026-06-17T10:22:21.175+0800][2.794s][info][gc,heap     ] GC(26)      Used:       82M (32%)          82M (32%)          56M (22%)          44M (17%)          82M (32%)          44M (17%)    
[2026-06-17T10:22:21.175+0800][2.794s][info][gc,heap     ] GC(26)      Live:         -                23M (9%)           23M (9%)           23M (9%)             -                  -          
[2026-06-17T10:22:21.175+0800][2.794s][info][gc,heap     ] GC(26) Allocated:         -                 0M (0%)            0M (0%)           10M (4%)             -                  -          
[2026-06-17T10:22:21.176+0800][2.795s][info][gc,heap     ] GC(26)   Garbage:         -                58M (23%)          32M (13%)          18M (7%)             -                  -          
[2026-06-17T10:22:21.176+0800][2.795s][info][gc,heap     ] GC(26) Reclaimed:         -                  -                26M (10%)          40M (16%)            -                  -          
[2026-06-17T10:22:21.176+0800][2.795s][info][gc          ] GC(26) Garbage Collection (Allocation Rate) 82M(32%)->44M(17%)
[2026-06-17T10:22:21.264+0800][2.882s][info][gc,start    ] GC(27) Garbage Collection (Allocation Rate)
[2026-06-17T10:22:21.265+0800][2.884s][info][gc,phases   ] GC(27) Pause Mark Start 0.408ms
[2026-06-17T10:22:21.268+0800][2.887s][info][gc,phases   ] GC(27) Concurrent Mark 1.770ms
[2026-06-17T10:22:21.270+0800][2.889s][info][gc,phases   ] GC(27) Pause Mark End 0.834ms
[2026-06-17T10:22:21.271+0800][2.890s][info][gc,phases   ] GC(27) Concurrent Process Non-Strong References 0.052ms
[2026-06-17T10:22:21.271+0800][2.890s][info][gc,phases   ] GC(27) Concurrent Reset Relocation Set 0.002ms
[2026-06-17T10:22:21.272+0800][2.891s][info][gc,phases   ] GC(27) Concurrent Destroy Detached Pages 0.001ms
[2026-06-17T10:22:21.273+0800][2.892s][info][gc,phases   ] GC(27) Concurrent Select Relocation Set 0.548ms
[2026-06-17T10:22:21.274+0800][2.892s][info][gc,phases   ] GC(27) Concurrent Prepare Relocation Set 0.002ms
[2026-06-17T10:22:21.275+0800][2.893s][info][gc,phases   ] GC(27) Pause Relocate Start 0.168ms
[2026-06-17T10:22:21.279+0800][2.897s][info][gc,phases   ] GC(27) Concurrent Relocate 3.729ms
[2026-06-17T10:22:21.280+0800][2.899s][info][gc,load     ] GC(27) Load: 0.28/0.22/0.28
[2026-06-17T10:22:21.281+0800][2.899s][info][gc,mmu      ] GC(27) MMU: 2ms/51.7%, 5ms/75.2%, 10ms/84.9%, 20ms/91.5%, 50ms/96.4%, 100ms/97.4%
[2026-06-17T10:22:21.283+0800][2.901s][info][gc,marking  ] GC(27) Mark: 2 stripe(s), 1 proactive flush(es), 1 terminate flush(es), 0 completion(s), 0 continuation(s) 
[2026-06-17T10:22:21.283+0800][2.902s][info][gc,reloc    ] GC(27) Relocation: Successful, 24M relocated
[2026-06-17T10:22:21.283+0800][2.902s][info][gc,nmethod  ] GC(27) NMethods: 14 registered, 0 unregistered
[2026-06-17T10:22:21.284+0800][2.902s][info][gc,metaspace] GC(27) Metaspace: 3M used, 4M capacity, 4M committed, 8M reserved
[2026-06-17T10:22:21.284+0800][2.903s][info][gc,ref      ] GC(27) Soft: 43 encountered, 0 discovered, 0 enqueued
[2026-06-17T10:22:21.284+0800][2.903s][info][gc,ref      ] GC(27) Weak: 7 encountered, 2 discovered, 0 enqueued
[2026-06-17T10:22:21.284+0800][2.903s][info][gc,ref      ] GC(27) Final: 0 encountered, 0 discovered, 0 enqueued
[2026-06-17T10:22:21.285+0800][2.903s][info][gc,ref      ] GC(27) Phantom: 1 encountered, 1 discovered, 0 enqueued
[2026-06-17T10:22:21.285+0800][2.904s][info][gc,heap     ] GC(27)                Mark Start          Mark End        Relocate Start      Relocate End           High               Low         
[2026-06-17T10:22:21.285+0800][2.904s][info][gc,heap     ] GC(27)  Capacity:      256M (100%)        256M (100%)        256M (100%)        256M (100%)        256M (100%)        256M (100%)   
[2026-06-17T10:22:21.285+0800][2.904s][info][gc,heap     ] GC(27)   Reserve:       62M (24%)          62M (24%)          62M (24%)          62M (24%)          62M (24%)          62M (24%)    
[2026-06-17T10:22:21.285+0800][2.904s][info][gc,heap     ] GC(27)      Free:       84M (33%)          80M (31%)         108M (42%)         144M (56%)         144M (56%)          74M (29%)    
[2026-06-17T10:22:21.286+0800][2.904s][info][gc,heap     ] GC(27)      Used:      110M (43%)         114M (45%)          86M (34%)          50M (20%)         120M (47%)          50M (20%)    
[2026-06-17T10:22:21.286+0800][2.905s][info][gc,heap     ] GC(27)      Live:         -                29M (12%)          29M (12%)          29M (12%)            -                  -          
[2026-06-17T10:22:21.286+0800][2.905s][info][gc,heap     ] GC(27) Allocated:         -                 4M (2%)            4M (2%)           40M (16%)            -                  -          
[2026-06-17T10:22:21.286+0800][2.905s][info][gc,heap     ] GC(27)   Garbage:         -                80M (31%)          52M (21%)          14M (6%)             -                  -          
[2026-06-17T10:22:21.287+0800][2.906s][info][gc,heap     ] GC(27) Reclaimed:         -                  -                28M (11%)          66M (26%)            -                  -          
[2026-06-17T10:22:21.287+0800][2.906s][info][gc          ] GC(27) Garbage Collection (Allocation Rate) 110M(43%)->50M(20%)
[2026-06-17T10:22:21.363+0800][2.982s][info][gc,start    ] GC(28) Garbage Collection (Allocation Rate)
[2026-06-17T10:22:21.365+0800][2.983s][info][gc,phases   ] GC(28) Pause Mark Start 0.516ms
[2026-06-17T10:22:21.368+0800][2.987s][info][gc,phases   ] GC(28) Concurrent Mark 2.156ms
[2026-06-17T10:22:21.370+0800][2.989s][info][gc,phases   ] GC(28) Pause Mark End 0.889ms
[2026-06-17T10:22:21.371+0800][2.989s][info][gc,phases   ] GC(28) Concurrent Process Non-Strong References 0.114ms
[2026-06-17T10:22:21.371+0800][2.990s][info][gc,phases   ] GC(28) Concurrent Reset Relocation Set 0.003ms
[2026-06-17T10:22:21.372+0800][2.990s][info][gc,phases   ] GC(28) Concurrent Destroy Detached Pages 0.000ms
[2026-06-17T10:22:21.372+0800][2.991s][info][gc,phases   ] GC(28) Concurrent Select Relocation Set 0.470ms
[2026-06-17T10:22:21.373+0800][2.992s][info][gc,phases   ] GC(28) Concurrent Prepare Relocation Set 0.009ms
[2026-06-17T10:22:21.374+0800][2.992s][info][gc,phases   ] GC(28) Pause Relocate Start 0.147ms
[2026-06-17T10:22:21.376+0800][2.994s][info][gc,phases   ] GC(28) Concurrent Relocate 0.419ms
[2026-06-17T10:22:21.377+0800][2.996s][info][gc,load     ] GC(28) Load: 0.28/0.22/0.28
[2026-06-17T10:22:21.381+0800][3.000s][info][gc,mmu      ] GC(28) MMU: 2ms/51.7%, 5ms/75.2%, 10ms/84.5%, 20ms/91.5%, 50ms/96.4%, 100ms/97.4%
[2026-06-17T10:22:21.383+0800][3.002s][info][gc,marking  ] GC(28) Mark: 2 stripe(s), 1 proactive flush(es), 1 terminate flush(es), 0 completion(s), 0 continuation(s) 
[2026-06-17T10:22:21.385+0800][3.004s][info][gc,reloc    ] GC(28) Relocation: Successful, 21M relocated
[2026-06-17T10:22:21.387+0800][3.006s][info][gc,nmethod  ] GC(28) NMethods: 15 registered, 0 unregistered
[2026-06-17T10:22:21.391+0800][3.009s][info][gc,metaspace] GC(28) Metaspace: 3M used, 4M capacity, 4M committed, 8M reserved
[2026-06-17T10:22:21.394+0800][3.013s][info][gc,ref      ] GC(28) Soft: 43 encountered, 0 discovered, 0 enqueued
[2026-06-17T10:22:21.399+0800][3.017s][info][gc,ref      ] GC(28) Weak: 7 encountered, 0 discovered, 0 enqueued
[2026-06-17T10:22:21.401+0800][3.020s][info][gc,ref      ] GC(28) Final: 0 encountered, 0 discovered, 0 enqueued
[2026-06-17T10:22:21.402+0800][3.020s][info][gc,ref      ] GC(28) Phantom: 1 encountered, 1 discovered, 0 enqueued
[2026-06-17T10:22:21.402+0800][3.021s][info][gc,heap     ] GC(28)                Mark Start          Mark End        Relocate Start      Relocate End           High               Low         
[2026-06-17T10:22:21.403+0800][3.022s][info][gc,heap     ] GC(28)  Capacity:      256M (100%)        256M (100%)        256M (100%)        256M (100%)        256M (100%)        256M (100%)   
[2026-06-17T10:22:21.404+0800][3.022s][info][gc,heap     ] GC(28)   Reserve:       62M (24%)          62M (24%)          62M (24%)          62M (24%)          62M (24%)          62M (24%)    
[2026-06-17T10:22:21.404+0800][3.023s][info][gc,heap     ] GC(28)      Free:      114M (45%)         110M (43%)         138M (54%)         146M (57%)         146M (57%)         110M (43%)    
[2026-06-17T10:22:21.405+0800][3.023s][info][gc,heap     ] GC(28)      Used:       80M (31%)          84M (33%)          56M (22%)          48M (19%)          84M (33%)          48M (19%)    
[2026-06-17T10:22:21.405+0800][3.024s][info][gc,heap     ] GC(28)      Live:         -                21M (8%)           21M (8%)           21M (8%)             -                  -          
[2026-06-17T10:22:21.406+0800][3.025s][info][gc,heap     ] GC(28) Allocated:         -                 4M (2%)            4M (2%)           14M (5%)             -                  -          
[2026-06-17T10:22:21.407+0800][3.026s][info][gc,heap     ] GC(28)   Garbage:         -                58M (23%)          30M (12%)          22M (9%)             -                  -          
[2026-06-17T10:22:21.407+0800][3.026s][info][gc,heap     ] GC(28) Reclaimed:         -                  -                28M (11%)          36M (14%)            -                  -          
[2026-06-17T10:22:21.408+0800][3.026s][info][gc          ] GC(28) Garbage Collection (Allocation Rate) 80M(31%)->48M(19%)
[2026-06-17T10:22:21.463+0800][3.082s][info][gc,start    ] GC(29) Garbage Collection (Allocation Rate)
[2026-06-17T10:22:21.466+0800][3.085s][info][gc,phases   ] GC(29) Pause Mark Start 0.473ms
[2026-06-17T10:22:21.472+0800][3.091s][info][gc,phases   ] GC(29) Concurrent Mark 2.341ms
[2026-06-17T10:22:21.476+0800][3.095s][info][gc,phases   ] GC(29) Pause Mark End 0.865ms
[2026-06-17T10:22:21.479+0800][3.097s][info][gc,phases   ] GC(29) Concurrent Process Non-Strong References 0.455ms
[2026-06-17T10:22:21.479+0800][3.098s][info][gc,phases   ] GC(29) Concurrent Reset Relocation Set 0.007ms
[2026-06-17T10:22:21.480+0800][3.099s][info][gc,phases   ] GC(29) Concurrent Destroy Detached Pages 0.003ms
[2026-06-17T10:22:21.483+0800][3.101s][info][gc,phases   ] GC(29) Concurrent Select Relocation Set 1.428ms
[2026-06-17T10:22:21.484+0800][3.102s][info][gc,phases   ] GC(29) Concurrent Prepare Relocation Set 0.015ms
[2026-06-17T10:22:21.485+0800][3.104s][info][gc,phases   ] GC(29) Pause Relocate Start 0.339ms
[2026-06-17T10:22:21.489+0800][3.108s][info][gc,phases   ] GC(29) Concurrent Relocate 1.779ms
[2026-06-17T10:22:21.491+0800][3.109s][info][gc,load     ] GC(29) Load: 0.28/0.22/0.28
[2026-06-17T10:22:21.491+0800][3.110s][info][gc,mmu      ] GC(29) MMU: 2ms/51.7%, 5ms/75.2%, 10ms/84.5%, 20ms/91.5%, 50ms/96.4%, 100ms/97.4%
[2026-06-17T10:22:21.492+0800][3.110s][info][gc,marking  ] GC(29) Mark: 2 stripe(s), 2 proactive flush(es), 1 terminate flush(es), 0 completion(s), 0 continuation(s) 
[2026-06-17T10:22:21.492+0800][3.111s][info][gc,reloc    ] GC(29) Relocation: Successful, 16M relocated
[2026-06-17T10:22:21.492+0800][3.111s][info][gc,nmethod  ] GC(29) NMethods: 15 registered, 0 unregistered
[2026-06-17T10:22:21.492+0800][3.111s][info][gc,metaspace] GC(29) Metaspace: 3M used, 4M capacity, 4M committed, 8M reserved
[2026-06-17T10:22:21.493+0800][3.111s][info][gc,ref      ] GC(29) Soft: 43 encountered, 0 discovered, 0 enqueued
[2026-06-17T10:22:21.493+0800][3.112s][info][gc,ref      ] GC(29) Weak: 7 encountered, 0 discovered, 0 enqueued
[2026-06-17T10:22:21.494+0800][3.112s][info][gc,ref      ] GC(29) Final: 0 encountered, 0 discovered, 0 enqueued
[2026-06-17T10:22:21.496+0800][3.115s][info][gc,ref      ] GC(29) Phantom: 1 encountered, 1 discovered, 0 enqueued
[2026-06-17T10:22:21.499+0800][3.117s][info][gc,heap     ] GC(29)                Mark Start          Mark End        Relocate Start      Relocate End           High               Low         
[2026-06-17T10:22:21.499+0800][3.118s][info][gc,heap     ] GC(29)  Capacity:      256M (100%)        256M (100%)        256M (100%)        256M (100%)        256M (100%)        256M (100%)   
[2026-06-17T10:22:21.499+0800][3.118s][info][gc,heap     ] GC(29)   Reserve:       62M (24%)          62M (24%)          62M (24%)          62M (24%)          62M (24%)          62M (24%)    
[2026-06-17T10:22:21.500+0800][3.119s][info][gc,heap     ] GC(29)      Free:       82M (32%)          78M (30%)          76M (30%)         144M (56%)         144M (56%)          72M (28%)    
[2026-06-17T10:22:21.500+0800][3.119s][info][gc,heap     ] GC(29)      Used:      112M (44%)         116M (45%)         118M (46%)          50M (20%)         122M (48%)          50M (20%)    
[2026-06-17T10:22:21.500+0800][3.119s][info][gc,heap     ] GC(29)      Live:         -                17M (7%)           17M (7%)           17M (7%)             -                  -          
[2026-06-17T10:22:21.501+0800][3.119s][info][gc,heap     ] GC(29) Allocated:         -                 4M (2%)           40M (16%)          44M (17%)            -                  -          
[2026-06-17T10:22:21.501+0800][3.120s][info][gc,heap     ] GC(29)   Garbage:         -                94M (37%)          60M (24%)    17592186044408M (6         -                  -          
[2026-06-17T10:22:21.501+0800][3.120s][info][gc,heap     ] GC(29) Reclaimed:         -                  -                34M (13%)         102M (40%)            -                  -          
[2026-06-17T10:22:21.502+0800][3.121s][info][gc          ] GC(29) Garbage Collection (Allocation Rate) 112M(44%)->50M(20%)
[2026-06-17T10:22:21.563+0800][3.182s][info][gc,start    ] GC(30) Garbage Collection (Allocation Rate)
[2026-06-17T10:22:21.565+0800][3.184s][info][gc,phases   ] GC(30) Pause Mark Start 0.416ms
[2026-06-17T10:22:21.569+0800][3.188s][info][gc,phases   ] GC(30) Concurrent Mark 2.158ms
[2026-06-17T10:22:21.571+0800][3.190s][info][gc,phases   ] GC(30) Pause Mark End 0.592ms
[2026-06-17T10:22:21.572+0800][3.191s][info][gc,phases   ] GC(30) Concurrent Process Non-Strong References 0.299ms
[2026-06-17T10:22:21.573+0800][3.192s][info][gc,phases   ] GC(30) Concurrent Reset Relocation Set 0.004ms
[2026-06-17T10:22:21.574+0800][3.192s][info][gc,phases   ] GC(30) Concurrent Destroy Detached Pages 0.001ms
[2026-06-17T10:22:21.576+0800][3.194s][info][gc,phases   ] GC(30) Concurrent Select Relocation Set 1.475ms
[2026-06-17T10:22:21.576+0800][3.195s][info][gc,phases   ] GC(30) Concurrent Prepare Relocation Set 0.006ms
[2026-06-17T10:22:21.578+0800][3.196s][info][gc,phases   ] GC(30) Pause Relocate Start 0.375ms
[2026-06-17T10:22:21.579+0800][3.197s][info][gc,phases   ] GC(30) Concurrent Relocate 0.410ms
[2026-06-17T10:22:21.579+0800][3.198s][info][gc,load     ] GC(30) Load: 0.28/0.22/0.28
[2026-06-17T10:22:21.580+0800][3.199s][info][gc,mmu      ] GC(30) MMU: 2ms/51.7%, 5ms/75.2%, 10ms/84.5%, 20ms/91.5%, 50ms/96.4%, 100ms/97.4%
[2026-06-17T10:22:21.582+0800][3.200s][info][gc,marking  ] GC(30) Mark: 2 stripe(s), 2 proactive flush(es), 1 terminate flush(es), 0 completion(s), 0 continuation(s) 
[2026-06-17T10:22:21.584+0800][3.202s][info][gc,reloc    ] GC(30) Relocation: Successful, 22M relocated
[2026-06-17T10:22:21.586+0800][3.205s][info][gc,nmethod  ] GC(30) NMethods: 15 registered, 0 unregistered
[2026-06-17T10:22:21.586+0800][3.205s][info][gc,metaspace] GC(30) Metaspace: 3M used, 4M capacity, 4M committed, 8M reserved
[2026-06-17T10:22:21.587+0800][3.205s][info][gc,ref      ] GC(30) Soft: 43 encountered, 0 discovered, 0 enqueued
[2026-06-17T10:22:21.587+0800][3.206s][info][gc,ref      ] GC(30) Weak: 7 encountered, 0 discovered, 0 enqueued
[2026-06-17T10:22:21.587+0800][3.206s][info][gc,ref      ] GC(30) Final: 0 encountered, 0 discovered, 0 enqueued
[2026-06-17T10:22:21.588+0800][3.207s][info][gc,ref      ] GC(30) Phantom: 1 encountered, 0 discovered, 0 enqueued
[2026-06-17T10:22:21.589+0800][3.207s][info][gc,heap     ] GC(30)                Mark Start          Mark End        Relocate Start      Relocate End           High               Low         
[2026-06-17T10:22:21.589+0800][3.208s][info][gc,heap     ] GC(30)  Capacity:      256M (100%)        256M (100%)        256M (100%)        256M (100%)        256M (100%)        256M (100%)   
[2026-06-17T10:22:21.589+0800][3.208s][info][gc,heap     ] GC(30)   Reserve:       62M (24%)          62M (24%)          62M (24%)          62M (24%)          62M (24%)          62M (24%)    
[2026-06-17T10:22:21.590+0800][3.208s][info][gc,heap     ] GC(30)      Free:      116M (45%)         112M (44%)         138M (54%)         142M (55%)         142M (55%)         112M (44%)    
[2026-06-17T10:22:21.590+0800][3.209s][info][gc,heap     ] GC(30)      Used:       78M (30%)          82M (32%)          56M (22%)          52M (20%)          82M (32%)          52M (20%)    
[2026-06-17T10:22:21.590+0800][3.209s][info][gc,heap     ] GC(30)      Live:         -                24M (10%)          24M (10%)          24M (10%)            -                  -          
[2026-06-17T10:22:21.591+0800][3.209s][info][gc,heap     ] GC(30) Allocated:         -                 4M (2%)            4M (2%)           14M (5%)             -                  -          
[2026-06-17T10:22:21.591+0800][3.210s][info][gc,heap     ] GC(30)   Garbage:         -                53M (21%)          27M (11%)          19M (8%)             -                  -          
[2026-06-17T10:22:21.591+0800][3.210s][info][gc,heap     ] GC(30) Reclaimed:         -                  -                26M (10%)          34M (13%)            -                  -          
[2026-06-17T10:22:21.592+0800][3.210s][info][gc          ] GC(30) Garbage Collection (Allocation Rate) 78M(30%)->52M(20%)
[2026-06-17T10:22:21.663+0800][3.281s][info][gc,start    ] GC(31) Garbage Collection (Allocation Rate)
[2026-06-17T10:22:21.664+0800][3.283s][info][gc,phases   ] GC(31) Pause Mark Start 0.335ms
[2026-06-17T10:22:21.667+0800][3.285s][info][gc,phases   ] GC(31) Concurrent Mark 1.584ms
[2026-06-17T10:22:21.668+0800][3.286s][info][gc,phases   ] GC(31) Pause Mark End 0.258ms
[2026-06-17T10:22:21.668+0800][3.287s][info][gc,phases   ] GC(31) Concurrent Process Non-Strong References 0.135ms
[2026-06-17T10:22:21.669+0800][3.288s][info][gc,phases   ] GC(31) Concurrent Reset Relocation Set 0.002ms
[2026-06-17T10:22:21.669+0800][3.288s][info][gc,phases   ] GC(31) Concurrent Destroy Detached Pages 0.001ms
[2026-06-17T10:22:21.670+0800][3.289s][info][gc,phases   ] GC(31) Concurrent Select Relocation Set 0.470ms
[2026-06-17T10:22:21.671+0800][3.289s][info][gc,phases   ] GC(31) Concurrent Prepare Relocation Set 0.009ms
[2026-06-17T10:22:21.671+0800][3.290s][info][gc,phases   ] GC(31) Pause Relocate Start 0.354ms
[2026-06-17T10:22:21.673+0800][3.292s][info][gc,phases   ] GC(31) Concurrent Relocate 1.560ms
[2026-06-17T10:22:21.674+0800][3.293s][info][gc,load     ] GC(31) Load: 0.28/0.22/0.28
[2026-06-17T10:22:21.674+0800][3.293s][info][gc,mmu      ] GC(31) MMU: 2ms/51.7%, 5ms/75.2%, 10ms/84.5%, 20ms/91.5%, 50ms/96.4%, 100ms/97.4%
[2026-06-17T10:22:21.674+0800][3.293s][info][gc,marking  ] GC(31) Mark: 2 stripe(s), 2 proactive flush(es), 1 terminate flush(es), 0 completion(s), 0 continuation(s) 
[2026-06-17T10:22:21.675+0800][3.293s][info][gc,reloc    ] GC(31) Relocation: Successful, 20M relocated
[2026-06-17T10:22:21.675+0800][3.294s][info][gc,nmethod  ] GC(31) NMethods: 15 registered, 0 unregistered
[2026-06-17T10:22:21.675+0800][3.294s][info][gc,metaspace] GC(31) Metaspace: 3M used, 4M capacity, 4M committed, 8M reserved
[2026-06-17T10:22:21.675+0800][3.294s][info][gc,ref      ] GC(31) Soft: 43 encountered, 0 discovered, 0 enqueued
[2026-06-17T10:22:21.676+0800][3.294s][info][gc,ref      ] GC(31) Weak: 7 encountered, 2 discovered, 0 enqueued
[2026-06-17T10:22:21.676+0800][3.295s][info][gc,ref      ] GC(31) Final: 0 encountered, 0 discovered, 0 enqueued
[2026-06-17T10:22:21.676+0800][3.295s][info][gc,ref      ] GC(31) Phantom: 1 encountered, 1 discovered, 0 enqueued
[2026-06-17T10:22:21.676+0800][3.295s][info][gc,heap     ] GC(31)                Mark Start          Mark End        Relocate Start      Relocate End           High               Low         
[2026-06-17T10:22:21.676+0800][3.295s][info][gc,heap     ] GC(31)  Capacity:      256M (100%)        256M (100%)        256M (100%)        256M (100%)        256M (100%)        256M (100%)   
[2026-06-17T10:22:21.677+0800][3.295s][info][gc,heap     ] GC(31)   Reserve:       62M (24%)          62M (24%)          62M (24%)          62M (24%)          62M (24%)          62M (24%)    
[2026-06-17T10:22:21.677+0800][3.296s][info][gc,heap     ] GC(31)      Free:       82M (32%)          46M (18%)          76M (30%)         148M (58%)         148M (58%)          46M (18%)    
[2026-06-17T10:22:21.677+0800][3.296s][info][gc,heap     ] GC(31)      Used:      112M (44%)         148M (58%)         118M (46%)          46M (18%)         148M (58%)          46M (18%)    
[2026-06-17T10:22:21.677+0800][3.296s][info][gc,heap     ] GC(31)      Live:         -                20M (8%)           20M (8%)           20M (8%)             -                  -          
[2026-06-17T10:22:21.677+0800][3.296s][info][gc,heap     ] GC(31) Allocated:         -                36M (14%)          36M (14%)          44M (17%)            -                  -          
[2026-06-17T10:22:21.678+0800][3.296s][info][gc,heap     ] GC(31)   Garbage:         -                91M (36%)          61M (24%)    17592186044405M (6         -                  -          
[2026-06-17T10:22:21.678+0800][3.297s][info][gc,heap     ] GC(31) Reclaimed:         -                  -                30M (12%)         102M (40%)            -                  -          
[2026-06-17T10:22:21.678+0800][3.297s][info][gc          ] GC(31) Garbage Collection (Allocation Rate) 112M(44%)->46M(18%)
[2026-06-17T10:22:21.763+0800][3.382s][info][gc,start    ] GC(32) Garbage Collection (Allocation Rate)
[2026-06-17T10:22:21.765+0800][3.384s][info][gc,phases   ] GC(32) Pause Mark Start 0.292ms
[2026-06-17T10:22:21.767+0800][3.386s][info][gc,phases   ] GC(32) Concurrent Mark 1.635ms
[2026-06-17T10:22:21.768+0800][3.387s][info][gc,phases   ] GC(32) Pause Mark End 0.290ms
[2026-06-17T10:22:21.769+0800][3.388s][info][gc,phases   ] GC(32) Concurrent Process Non-Strong References 0.091ms
[2026-06-17T10:22:21.769+0800][3.388s][info][gc,phases   ] GC(32) Concurrent Reset Relocation Set 0.003ms
[2026-06-17T10:22:21.770+0800][3.388s][info][gc,phases   ] GC(32) Concurrent Destroy Detached Pages 0.000ms
[2026-06-17T10:22:21.770+0800][3.389s][info][gc,phases   ] GC(32) Concurrent Select Relocation Set 0.469ms
[2026-06-17T10:22:21.771+0800][3.390s][info][gc,phases   ] GC(32) Concurrent Prepare Relocation Set 0.002ms
[2026-06-17T10:22:21.771+0800][3.390s][info][gc,phases   ] GC(32) Pause Relocate Start 0.134ms
[2026-06-17T10:22:21.772+0800][3.391s][info][gc,phases   ] GC(32) Concurrent Relocate 0.351ms
[2026-06-17T10:22:21.773+0800][3.392s][info][gc,load     ] GC(32) Load: 0.28/0.22/0.28
[2026-06-17T10:22:21.773+0800][3.392s][info][gc,mmu      ] GC(32) MMU: 2ms/51.7%, 5ms/75.2%, 10ms/84.5%, 20ms/91.5%, 50ms/96.4%, 100ms/97.4%
[2026-06-17T10:22:21.773+0800][3.392s][info][gc,marking  ] GC(32) Mark: 2 stripe(s), 1 proactive flush(es), 1 terminate flush(es), 0 completion(s), 0 continuation(s) 
[2026-06-17T10:22:21.774+0800][3.392s][info][gc,reloc    ] GC(32) Relocation: Successful, 23M relocated
[2026-06-17T10:22:21.774+0800][3.393s][info][gc,nmethod  ] GC(32) NMethods: 15 registered, 0 unregistered
[2026-06-17T10:22:21.774+0800][3.393s][info][gc,metaspace] GC(32) Metaspace: 3M used, 4M capacity, 4M committed, 8M reserved
[2026-06-17T10:22:21.774+0800][3.393s][info][gc,ref      ] GC(32) Soft: 43 encountered, 0 discovered, 0 enqueued
[2026-06-17T10:22:21.774+0800][3.393s][info][gc,ref      ] GC(32) Weak: 7 encountered, 2 discovered, 0 enqueued
[2026-06-17T10:22:21.775+0800][3.393s][info][gc,ref      ] GC(32) Final: 0 encountered, 0 discovered, 0 enqueued
[2026-06-17T10:22:21.775+0800][3.394s][info][gc,ref      ] GC(32) Phantom: 1 encountered, 1 discovered, 0 enqueued
[2026-06-17T10:22:21.775+0800][3.394s][info][gc,heap     ] GC(32)                Mark Start          Mark End        Relocate Start      Relocate End           High               Low         
[2026-06-17T10:22:21.776+0800][3.395s][info][gc,heap     ] GC(32)  Capacity:      256M (100%)        256M (100%)        256M (100%)        256M (100%)        256M (100%)        256M (100%)   
[2026-06-17T10:22:21.776+0800][3.395s][info][gc,heap     ] GC(32)   Reserve:       62M (24%)          62M (24%)          62M (24%)          62M (24%)          62M (24%)          62M (24%)    
[2026-06-17T10:22:21.777+0800][3.395s][info][gc,heap     ] GC(32)      Free:      114M (45%)         114M (45%)         142M (55%)         150M (59%)         150M (59%)         114M (45%)    
[2026-06-17T10:22:21.777+0800][3.396s][info][gc,heap     ] GC(32)      Used:       80M (31%)          80M (31%)          52M (20%)          44M (17%)          80M (31%)          44M (17%)    
[2026-06-17T10:22:21.777+0800][3.396s][info][gc,heap     ] GC(32)      Live:         -                27M (11%)          27M (11%)          27M (11%)            -                  -          
[2026-06-17T10:22:21.778+0800][3.396s][info][gc,heap     ] GC(32) Allocated:         -                 0M (0%)            0M (0%)            8M (3%)             -                  -          
[2026-06-17T10:22:21.778+0800][3.397s][info][gc,heap     ] GC(32)   Garbage:         -                52M (20%)          24M (10%)          16M (6%)             -                  -          
[2026-06-17T10:22:21.778+0800][3.397s][info][gc,heap     ] GC(32) Reclaimed:         -                  -                28M (11%)          36M (14%)            -                  -          
[2026-06-17T10:22:21.779+0800][3.397s][info][gc          ] GC(32) Garbage Collection (Allocation Rate) 80M(31%)->44M(17%)
[2026-06-17T10:22:21.863+0800][3.482s][info][gc,start    ] GC(33) Garbage Collection (Allocation Rate)
[2026-06-17T10:22:21.866+0800][3.485s][info][gc,phases   ] GC(33) Pause Mark Start 0.364ms
[2026-06-17T10:22:21.868+0800][3.487s][info][gc,phases   ] GC(33) Concurrent Mark 1.628ms
[2026-06-17T10:22:21.869+0800][3.488s][info][gc,phases   ] GC(33) Pause Mark End 0.258ms
[2026-06-17T10:22:21.869+0800][3.488s][info][gc,phases   ] GC(33) Concurrent Process Non-Strong References 0.082ms
[2026-06-17T10:22:21.869+0800][3.488s][info][gc,phases   ] GC(33) Concurrent Reset Relocation Set 0.002ms
[2026-06-17T10:22:21.870+0800][3.488s][info][gc,phases   ] GC(33) Concurrent Destroy Detached Pages 0.000ms
[2026-06-17T10:22:21.870+0800][3.489s][info][gc,phases   ] GC(33) Concurrent Select Relocation Set 0.476ms
[2026-06-17T10:22:21.871+0800][3.489s][info][gc,phases   ] GC(33) Concurrent Prepare Relocation Set 0.001ms
[2026-06-17T10:22:21.871+0800][3.490s][info][gc,phases   ] GC(33) Pause Relocate Start 0.144ms
[2026-06-17T10:22:21.874+0800][3.493s][info][gc,phases   ] GC(33) Concurrent Relocate 1.698ms
[2026-06-17T10:22:21.875+0800][3.493s][info][gc,load     ] GC(33) Load: 0.28/0.22/0.28
[2026-06-17T10:22:21.875+0800][3.494s][info][gc,mmu      ] GC(33) MMU: 2ms/51.7%, 5ms/75.2%, 10ms/84.5%, 20ms/91.5%, 50ms/96.4%, 100ms/97.4%
[2026-06-17T10:22:21.875+0800][3.494s][info][gc,marking  ] GC(33) Mark: 2 stripe(s), 1 proactive flush(es), 1 terminate flush(es), 0 completion(s), 0 continuation(s) 
[2026-06-17T10:22:21.876+0800][3.494s][info][gc,reloc    ] GC(33) Relocation: Successful, 23M relocated
[2026-06-17T10:22:21.876+0800][3.495s][info][gc,nmethod  ] GC(33) NMethods: 15 registered, 0 unregistered
[2026-06-17T10:22:21.876+0800][3.495s][info][gc,metaspace] GC(33) Metaspace: 3M used, 4M capacity, 4M committed, 8M reserved
[2026-06-17T10:22:21.877+0800][3.495s][info][gc,ref      ] GC(33) Soft: 43 encountered, 0 discovered, 0 enqueued
[2026-06-17T10:22:21.877+0800][3.496s][info][gc,ref      ] GC(33) Weak: 7 encountered, 0 discovered, 0 enqueued
[2026-06-17T10:22:21.877+0800][3.496s][info][gc,ref      ] GC(33) Final: 0 encountered, 0 discovered, 0 enqueued
[2026-06-17T10:22:21.878+0800][3.496s][info][gc,ref      ] GC(33) Phantom: 1 encountered, 0 discovered, 0 enqueued
[2026-06-17T10:22:21.878+0800][3.497s][info][gc,heap     ] GC(33)                Mark Start          Mark End        Relocate Start      Relocate End           High               Low         
[2026-06-17T10:22:21.878+0800][3.497s][info][gc,heap     ] GC(33)  Capacity:      256M (100%)        256M (100%)        256M (100%)        256M (100%)        256M (100%)        256M (100%)   
[2026-06-17T10:22:21.879+0800][3.498s][info][gc,heap     ] GC(33)   Reserve:       62M (24%)          62M (24%)          62M (24%)          62M (24%)          62M (24%)          62M (24%)    
[2026-06-17T10:22:21.879+0800][3.498s][info][gc,heap     ] GC(33)      Free:       82M (32%)          78M (30%)         108M (42%)         144M (56%)         144M (56%)          70M (27%)    
[2026-06-17T10:22:21.880+0800][3.498s][info][gc,heap     ] GC(33)      Used:      112M (44%)         116M (45%)          86M (34%)          50M (20%)         124M (48%)          50M (20%)    
[2026-06-17T10:22:21.880+0800][3.499s][info][gc,heap     ] GC(33)      Live:         -                25M (10%)          25M (10%)          25M (10%)            -                  -          
[2026-06-17T10:22:21.880+0800][3.499s][info][gc,heap     ] GC(33) Allocated:         -                 4M (2%)            4M (2%)           44M (17%)            -                  -          
[2026-06-17T10:22:21.880+0800][3.499s][info][gc,heap     ] GC(33)   Garbage:         -                86M (34%)          56M (22%)          20M (8%)             -                  -          
[2026-06-17T10:22:21.881+0800][3.499s][info][gc,heap     ] GC(33) Reclaimed:         -                  -                30M (12%)          66M (26%)            -                  -          
[2026-06-17T10:22:21.881+0800][3.500s][info][gc          ] GC(33) Garbage Collection (Allocation Rate) 112M(44%)->50M(20%)
[2026-06-17T10:22:21.963+0800][3.582s][info][gc,start    ] GC(34) Garbage Collection (Allocation Rate)
[2026-06-17T10:22:21.965+0800][3.584s][info][gc,phases   ] GC(34) Pause Mark Start 0.472ms
[2026-06-17T10:22:21.968+0800][3.587s][info][gc,phases   ] GC(34) Concurrent Mark 1.613ms
[2026-06-17T10:22:21.969+0800][3.588s][info][gc,phases   ] GC(34) Pause Mark End 0.422ms
[2026-06-17T10:22:21.970+0800][3.589s][info][gc,phases   ] GC(34) Concurrent Process Non-Strong References 0.121ms
[2026-06-17T10:22:21.970+0800][3.589s][info][gc,phases   ] GC(34) Concurrent Reset Relocation Set 0.018ms
[2026-06-17T10:22:21.971+0800][3.590s][info][gc,phases   ] GC(34) Concurrent Destroy Detached Pages 0.001ms
[2026-06-17T10:22:21.972+0800][3.591s][info][gc,phases   ] GC(34) Concurrent Select Relocation Set 0.473ms
[2026-06-17T10:22:21.972+0800][3.591s][info][gc,phases   ] GC(34) Concurrent Prepare Relocation Set 0.018ms
[2026-06-17T10:22:21.974+0800][3.592s][info][gc,phases   ] GC(34) Pause Relocate Start 0.414ms
[2026-06-17T10:22:21.974+0800][3.593s][info][gc,phases   ] GC(34) Concurrent Relocate 0.453ms
[2026-06-17T10:22:21.975+0800][3.594s][info][gc,load     ] GC(34) Load: 0.28/0.22/0.28
[2026-06-17T10:22:21.976+0800][3.595s][info][gc,mmu      ] GC(34) MMU: 2ms/51.7%, 5ms/75.2%, 10ms/84.5%, 20ms/91.5%, 50ms/96.4%, 100ms/97.4%
[2026-06-17T10:22:21.976+0800][3.595s][info][gc,marking  ] GC(34) Mark: 2 stripe(s), 2 proactive flush(es), 1 terminate flush(es), 0 completion(s), 0 continuation(s) 
[2026-06-17T10:22:21.977+0800][3.595s][info][gc,reloc    ] GC(34) Relocation: Successful, 22M relocated
[2026-06-17T10:22:21.977+0800][3.596s][info][gc,nmethod  ] GC(34) NMethods: 15 registered, 0 unregistered
[2026-06-17T10:22:21.978+0800][3.596s][info][gc,metaspace] GC(34) Metaspace: 3M used, 4M capacity, 4M committed, 8M reserved
[2026-06-17T10:22:21.978+0800][3.597s][info][gc,ref      ] GC(34) Soft: 43 encountered, 0 discovered, 0 enqueued
[2026-06-17T10:22:21.978+0800][3.597s][info][gc,ref      ] GC(34) Weak: 7 encountered, 2 discovered, 0 enqueued
[2026-06-17T10:22:21.979+0800][3.597s][info][gc,ref      ] GC(34) Final: 0 encountered, 0 discovered, 0 enqueued
[2026-06-17T10:22:21.979+0800][3.598s][info][gc,ref      ] GC(34) Phantom: 1 encountered, 1 discovered, 0 enqueued
[2026-06-17T10:22:21.979+0800][3.598s][info][gc,heap     ] GC(34)                Mark Start          Mark End        Relocate Start      Relocate End           High               Low         
[2026-06-17T10:22:21.980+0800][3.598s][info][gc,heap     ] GC(34)  Capacity:      256M (100%)        256M (100%)        256M (100%)        256M (100%)        256M (100%)        256M (100%)   
[2026-06-17T10:22:21.980+0800][3.599s][info][gc,heap     ] GC(34)   Reserve:       62M (24%)          62M (24%)          62M (24%)          62M (24%)          62M (24%)          62M (24%)    
[2026-06-17T10:22:21.980+0800][3.599s][info][gc,heap     ] GC(34)      Free:      110M (43%)         106M (41%)         132M (52%)         148M (58%)         148M (58%)         106M (41%)    
[2026-06-17T10:22:21.981+0800][3.599s][info][gc,heap     ] GC(34)      Used:       84M (33%)          88M (34%)          62M (24%)          46M (18%)          88M (34%)          46M (18%)    
[2026-06-17T10:22:21.981+0800][3.600s][info][gc,heap     ] GC(34)      Live:         -                22M (9%)           22M (9%)           22M (9%)             -                  -          
[2026-06-17T10:22:21.981+0800][3.600s][info][gc,heap     ] GC(34) Allocated:         -                 4M (2%)            4M (2%)           12M (5%)             -                  -          
[2026-06-17T10:22:21.982+0800][3.601s][info][gc,heap     ] GC(34)   Garbage:         -                61M (24%)          35M (14%)          19M (8%)             -                  -          
[2026-06-17T10:22:21.982+0800][3.601s][info][gc,heap     ] GC(34) Reclaimed:         -                  -                26M (10%)          42M (16%)            -                  -          
[2026-06-17T10:22:21.983+0800][3.601s][info][gc          ] GC(34) Garbage Collection (Allocation Rate) 84M(33%)->46M(18%)
[2026-06-17T10:22:22.063+0800][3.682s][info][gc,start    ] GC(35) Garbage Collection (Allocation Rate)
[2026-06-17T10:22:22.065+0800][3.683s][info][gc,phases   ] GC(35) Pause Mark Start 0.359ms
[2026-06-17T10:22:22.067+0800][3.685s][info][gc,phases   ] GC(35) Concurrent Mark 1.605ms
[2026-06-17T10:22:22.067+0800][3.686s][info][gc,phases   ] GC(35) Pause Mark End 0.249ms
[2026-06-17T10:22:22.068+0800][3.687s][info][gc,phases   ] GC(35) Concurrent Process Non-Strong References 0.078ms
[2026-06-17T10:22:22.068+0800][3.687s][info][gc,phases   ] GC(35) Concurrent Reset Relocation Set 0.002ms
[2026-06-17T10:22:22.068+0800][3.687s][info][gc,phases   ] GC(35) Concurrent Destroy Detached Pages 0.000ms
[2026-06-17T10:22:22.069+0800][3.688s][info][gc,phases   ] GC(35) Concurrent Select Relocation Set 0.477ms
[2026-06-17T10:22:22.069+0800][3.688s][info][gc,phases   ] GC(35) Concurrent Prepare Relocation Set 0.023ms
[2026-06-17T10:22:22.070+0800][3.688s][info][gc,phases   ] GC(35) Pause Relocate Start 0.117ms
[2026-06-17T10:22:22.072+0800][3.690s][info][gc,phases   ] GC(35) Concurrent Relocate 1.808ms
[2026-06-17T10:22:22.072+0800][3.691s][info][gc,load     ] GC(35) Load: 0.28/0.22/0.28
[2026-06-17T10:22:22.072+0800][3.691s][info][gc,mmu      ] GC(35) MMU: 2ms/51.7%, 5ms/75.2%, 10ms/84.5%, 20ms/91.5%, 50ms/96.4%, 100ms/97.4%
[2026-06-17T10:22:22.073+0800][3.691s][info][gc,marking  ] GC(35) Mark: 2 stripe(s), 1 proactive flush(es), 1 terminate flush(es), 0 completion(s), 0 continuation(s) 
[2026-06-17T10:22:22.073+0800][3.692s][info][gc,reloc    ] GC(35) Relocation: Successful, 27M relocated
[2026-06-17T10:22:22.073+0800][3.692s][info][gc,nmethod  ] GC(35) NMethods: 15 registered, 0 unregistered
[2026-06-17T10:22:22.073+0800][3.692s][info][gc,metaspace] GC(35) Metaspace: 3M used, 4M capacity, 4M committed, 8M reserved
[2026-06-17T10:22:22.073+0800][3.692s][info][gc,ref      ] GC(35) Soft: 43 encountered, 0 discovered, 0 enqueued
[2026-06-17T10:22:22.074+0800][3.692s][info][gc,ref      ] GC(35) Weak: 7 encountered, 2 discovered, 0 enqueued
[2026-06-17T10:22:22.074+0800][3.693s][info][gc,ref      ] GC(35) Final: 0 encountered, 0 discovered, 0 enqueued
[2026-06-17T10:22:22.074+0800][3.693s][info][gc,ref      ] GC(35) Phantom: 1 encountered, 1 discovered, 0 enqueued
[2026-06-17T10:22:22.074+0800][3.693s][info][gc,heap     ] GC(35)                Mark Start          Mark End        Relocate Start      Relocate End           High               Low         
[2026-06-17T10:22:22.074+0800][3.693s][info][gc,heap     ] GC(35)  Capacity:      256M (100%)        256M (100%)        256M (100%)        256M (100%)        256M (100%)        256M (100%)   
[2026-06-17T10:22:22.074+0800][3.693s][info][gc,heap     ] GC(35)   Reserve:       62M (24%)          62M (24%)          62M (24%)          62M (24%)          62M (24%)          62M (24%)    
[2026-06-17T10:22:22.075+0800][3.693s][info][gc,heap     ] GC(35)      Free:       82M (32%)          82M (32%)         112M (44%)         150M (59%)         150M (59%)          76M (30%)    
[2026-06-17T10:22:22.075+0800][3.693s][info][gc,heap     ] GC(35)      Used:      112M (44%)         112M (44%)          82M (32%)          44M (17%)         118M (46%)          44M (17%)    
[2026-06-17T10:22:22.075+0800][3.693s][info][gc,heap     ] GC(35)      Live:         -                28M (11%)          28M (11%)          28M (11%)            -                  -          
[2026-06-17T10:22:22.075+0800][3.694s][info][gc,heap     ] GC(35) Allocated:         -                 0M (0%)            0M (0%)           38M (15%)            -                  -          
[2026-06-17T10:22:22.075+0800][3.694s][info][gc,heap     ] GC(35)   Garbage:         -                83M (32%)          53M (21%)          15M (6%)             -                  -          
[2026-06-17T10:22:22.075+0800][3.694s][info][gc,heap     ] GC(35) Reclaimed:         -                  -                30M (12%)          68M (27%)            -                  -          
[2026-06-17T10:22:22.075+0800][3.694s][info][gc          ] GC(35) Garbage Collection (Allocation Rate) 112M(44%)->44M(17%)
[2026-06-17T10:22:22.164+0800][3.782s][info][gc,start    ] GC(36) Garbage Collection (Allocation Rate)
[2026-06-17T10:22:22.165+0800][3.784s][info][gc,phases   ] GC(36) Pause Mark Start 0.309ms
[2026-06-17T10:22:22.168+0800][3.786s][info][gc,phases   ] GC(36) Concurrent Mark 1.633ms
[2026-06-17T10:22:22.169+0800][3.787s][info][gc,phases   ] GC(36) Pause Mark End 0.287ms
[2026-06-17T10:22:22.169+0800][3.788s][info][gc,phases   ] GC(36) Concurrent Process Non-Strong References 0.106ms
[2026-06-17T10:22:22.170+0800][3.789s][info][gc,phases   ] GC(36) Concurrent Reset Relocation Set 0.002ms
[2026-06-17T10:22:22.171+0800][3.789s][info][gc,phases   ] GC(36) Concurrent Destroy Detached Pages 0.001ms
[2026-06-17T10:22:22.172+0800][3.791s][info][gc,phases   ] GC(36) Concurrent Select Relocation Set 0.737ms
[2026-06-17T10:22:22.173+0800][3.791s][info][gc,phases   ] GC(36) Concurrent Prepare Relocation Set 0.003ms
[2026-06-17T10:22:22.174+0800][3.793s][info][gc,phases   ] GC(36) Pause Relocate Start 0.430ms
[2026-06-17T10:22:22.176+0800][3.795s][info][gc,phases   ] GC(36) Concurrent Relocate 0.672ms
[2026-06-17T10:22:22.177+0800][3.795s][info][gc,load     ] GC(36) Load: 0.28/0.22/0.28
[2026-06-17T10:22:22.177+0800][3.796s][info][gc,mmu      ] GC(36) MMU: 2ms/51.7%, 5ms/75.2%, 10ms/84.5%, 20ms/91.5%, 50ms/96.4%, 100ms/97.4%
[2026-06-17T10:22:22.178+0800][3.797s][info][gc,marking  ] GC(36) Mark: 2 stripe(s), 1 proactive flush(es), 1 terminate flush(es), 0 completion(s), 0 continuation(s) 
[2026-06-17T10:22:22.178+0800][3.797s][info][gc,reloc    ] GC(36) Relocation: Successful, 22M relocated
[2026-06-17T10:22:22.179+0800][3.798s][info][gc,nmethod  ] GC(36) NMethods: 15 registered, 0 unregistered
[2026-06-17T10:22:22.180+0800][3.798s][info][gc,metaspace] GC(36) Metaspace: 3M used, 4M capacity, 4M committed, 8M reserved
[2026-06-17T10:22:22.180+0800][3.799s][info][gc,ref      ] GC(36) Soft: 43 encountered, 0 discovered, 0 enqueued
[2026-06-17T10:22:22.181+0800][3.800s][info][gc,ref      ] GC(36) Weak: 7 encountered, 0 discovered, 0 enqueued
[2026-06-17T10:22:22.181+0800][3.800s][info][gc,ref      ] GC(36) Final: 0 encountered, 0 discovered, 0 enqueued
[2026-06-17T10:22:22.182+0800][3.801s][info][gc,ref      ] GC(36) Phantom: 1 encountered, 0 discovered, 0 enqueued
[2026-06-17T10:22:22.182+0800][3.801s][info][gc,heap     ] GC(36)                Mark Start          Mark End        Relocate Start      Relocate End           High               Low         
[2026-06-17T10:22:22.183+0800][3.802s][info][gc,heap     ] GC(36)  Capacity:      256M (100%)        256M (100%)        256M (100%)        256M (100%)        256M (100%)        256M (100%)   
[2026-06-17T10:22:22.184+0800][3.802s][info][gc,heap     ] GC(36)   Reserve:       62M (24%)          62M (24%)          62M (24%)          62M (24%)          62M (24%)          62M (24%)    
[2026-06-17T10:22:22.184+0800][3.803s][info][gc,heap     ] GC(36)      Free:      114M (45%)          76M (30%)         100M (39%)         114M (45%)         114M (45%)          76M (30%)    
[2026-06-17T10:22:22.185+0800][3.803s][info][gc,heap     ] GC(36)      Used:       80M (31%)         118M (46%)          94M (37%)          80M (31%)         118M (46%)          80M (31%)    
[2026-06-17T10:22:22.185+0800][3.804s][info][gc,heap     ] GC(36)      Live:         -                24M (10%)          24M (10%)          24M (10%)            -                  -          
[2026-06-17T10:22:22.186+0800][3.805s][info][gc,heap     ] GC(36) Allocated:         -                38M (15%)          38M (15%)          46M (18%)            -                  -          
[2026-06-17T10:22:22.186+0800][3.805s][info][gc,heap     ] GC(36)   Garbage:         -                55M (22%)          31M (12%)          17M (7%)             -                  -          
[2026-06-17T10:22:22.187+0800][3.806s][info][gc,heap     ] GC(36) Reclaimed:         -                  -                24M (9%)           38M (15%)            -                  -          
[2026-06-17T10:22:22.188+0800][3.806s][info][gc          ] GC(36) Garbage Collection (Allocation Rate) 80M(31%)->80M(31%)
[2026-06-17T10:22:22.263+0800][3.882s][info][gc,start    ] GC(37) Garbage Collection (Allocation Rate)
[2026-06-17T10:22:22.265+0800][3.884s][info][gc,phases   ] GC(37) Pause Mark Start 0.341ms
[2026-06-17T10:22:22.267+0800][3.886s][info][gc,phases   ] GC(37) Concurrent Mark 1.570ms
[2026-06-17T10:22:22.268+0800][3.887s][info][gc,phases   ] GC(37) Pause Mark End 0.272ms
[2026-06-17T10:22:22.269+0800][3.888s][info][gc,phases   ] GC(37) Concurrent Process Non-Strong References 0.190ms
[2026-06-17T10:22:22.270+0800][3.889s][info][gc,phases   ] GC(37) Concurrent Reset Relocation Set 0.003ms
[2026-06-17T10:22:22.271+0800][3.889s][info][gc,phases   ] GC(37) Concurrent Destroy Detached Pages 0.001ms
[2026-06-17T10:22:22.272+0800][3.891s][info][gc,phases   ] GC(37) Concurrent Select Relocation Set 1.083ms
[2026-06-17T10:22:22.273+0800][3.892s][info][gc,phases   ] GC(37) Concurrent Prepare Relocation Set 0.021ms
[2026-06-17T10:22:22.275+0800][3.894s][info][gc,phases   ] GC(37) Pause Relocate Start 0.256ms
[2026-06-17T10:22:22.277+0800][3.896s][info][gc,phases   ] GC(37) Concurrent Relocate 1.492ms
[2026-06-17T10:22:22.278+0800][3.897s][info][gc,load     ] GC(37) Load: 0.28/0.22/0.28
[2026-06-17T10:22:22.279+0800][3.897s][info][gc,mmu      ] GC(37) MMU: 2ms/51.7%, 5ms/75.2%, 10ms/84.5%, 20ms/91.5%, 50ms/96.4%, 100ms/97.4%
[2026-06-17T10:22:22.279+0800][3.898s][info][gc,marking  ] GC(37) Mark: 2 stripe(s), 2 proactive flush(es), 1 terminate flush(es), 0 completion(s), 0 continuation(s) 
[2026-06-17T10:22:22.280+0800][3.899s][info][gc,reloc    ] GC(37) Relocation: Successful, 19M relocated
[2026-06-17T10:22:22.281+0800][3.899s][info][gc,nmethod  ] GC(37) NMethods: 15 registered, 0 unregistered
[2026-06-17T10:22:22.281+0800][3.900s][info][gc,metaspace] GC(37) Metaspace: 3M used, 4M capacity, 4M committed, 8M reserved
[2026-06-17T10:22:22.282+0800][3.900s][info][gc,ref      ] GC(37) Soft: 43 encountered, 0 discovered, 0 enqueued
[2026-06-17T10:22:22.282+0800][3.901s][info][gc,ref      ] GC(37) Weak: 7 encountered, 2 discovered, 0 enqueued
[2026-06-17T10:22:22.283+0800][3.902s][info][gc,ref      ] GC(37) Final: 0 encountered, 0 discovered, 0 enqueued
[2026-06-17T10:22:22.284+0800][3.902s][info][gc,ref      ] GC(37) Phantom: 1 encountered, 1 discovered, 0 enqueued
[2026-06-17T10:22:22.284+0800][3.903s][info][gc,heap     ] GC(37)                Mark Start          Mark End        Relocate Start      Relocate End           High               Low         
[2026-06-17T10:22:22.285+0800][3.904s][info][gc,heap     ] GC(37)  Capacity:      256M (100%)        256M (100%)        256M (100%)        256M (100%)        256M (100%)        256M (100%)   
[2026-06-17T10:22:22.286+0800][3.905s][info][gc,heap     ] GC(37)   Reserve:       62M (24%)          62M (24%)          62M (24%)          62M (24%)          62M (24%)          62M (24%)    
[2026-06-17T10:22:22.286+0800][3.905s][info][gc,heap     ] GC(37)      Free:       80M (31%)          78M (30%)         110M (43%)         144M (56%)         144M (56%)          70M (27%)    
[2026-06-17T10:22:22.287+0800][3.906s][info][gc,heap     ] GC(37)      Used:      114M (45%)         116M (45%)          84M (33%)          50M (20%)         124M (48%)          50M (20%)    
[2026-06-17T10:22:22.288+0800][3.907s][info][gc,heap     ] GC(37)      Live:         -                19M (8%)           19M (8%)           19M (8%)             -                  -          
[2026-06-17T10:22:22.289+0800][3.908s][info][gc,heap     ] GC(37) Allocated:         -                 2M (1%)            2M (1%)           50M (20%)            -                  -          
[2026-06-17T10:22:22.289+0800][3.908s][info][gc,heap     ] GC(37)   Garbage:         -                94M (37%)          62M (24%)          26M (10%)            -                  -          
[2026-06-17T10:22:22.290+0800][3.909s][info][gc,heap     ] GC(37) Reclaimed:         -                  -                32M (12%)          68M (27%)            -                  -          
[2026-06-17T10:22:22.291+0800][3.909s][info][gc          ] GC(37) Garbage Collection (Allocation Rate) 114M(45%)->50M(20%)
[2026-06-17T10:22:22.363+0800][3.982s][info][gc,start    ] GC(38) Garbage Collection (Allocation Rate)
[2026-06-17T10:22:22.365+0800][3.984s][info][gc,phases   ] GC(38) Pause Mark Start 0.286ms
[2026-06-17T10:22:22.367+0800][3.986s][info][gc,phases   ] GC(38) Concurrent Mark 1.559ms
[2026-06-17T10:22:22.369+0800][3.988s][info][gc,phases   ] GC(38) Pause Mark End 0.950ms
[2026-06-17T10:22:22.370+0800][3.989s][info][gc,phases   ] GC(38) Concurrent Process Non-Strong References 0.252ms
[2026-06-17T10:22:22.371+0800][3.990s][info][gc,phases   ] GC(38) Concurrent Reset Relocation Set 0.005ms
[2026-06-17T10:22:22.372+0800][3.991s][info][gc,phases   ] GC(38) Concurrent Destroy Detached Pages 0.002ms
[2026-06-17T10:22:22.374+0800][3.993s][info][gc,phases   ] GC(38) Concurrent Select Relocation Set 1.686ms
[2026-06-17T10:22:22.375+0800][3.994s][info][gc,phases   ] GC(38) Concurrent Prepare Relocation Set 0.006ms
[2026-06-17T10:22:22.377+0800][3.996s][info][gc,phases   ] GC(38) Pause Relocate Start 0.436ms
[2026-06-17T10:22:22.379+0800][3.998s][info][gc,phases   ] GC(38) Concurrent Relocate 0.391ms
[2026-06-17T10:22:22.380+0800][3.999s][info][gc,load     ] GC(38) Load: 0.28/0.22/0.28
[2026-06-17T10:22:22.381+0800][4.000s][info][gc,mmu      ] GC(38) MMU: 2ms/51.7%, 5ms/75.2%, 10ms/84.5%, 20ms/91.5%, 50ms/96.4%, 100ms/97.4%
[2026-06-17T10:22:22.382+0800][4.000s][info][gc,marking  ] GC(38) Mark: 2 stripe(s), 1 proactive flush(es), 1 terminate flush(es), 0 completion(s), 0 continuation(s) 
[2026-06-17T10:22:22.382+0800][4.001s][info][gc,reloc    ] GC(38) Relocation: Successful, 17M relocated
[2026-06-17T10:22:22.383+0800][4.002s][info][gc,nmethod  ] GC(38) NMethods: 15 registered, 0 unregistered
[2026-06-17T10:22:22.384+0800][4.002s][info][gc,metaspace] GC(38) Metaspace: 3M used, 4M capacity, 4M committed, 8M reserved
[2026-06-17T10:22:22.384+0800][4.003s][info][gc,ref      ] GC(38) Soft: 43 encountered, 0 discovered, 0 enqueued
[2026-06-17T10:22:22.385+0800][4.004s][info][gc,ref      ] GC(38) Weak: 7 encountered, 2 discovered, 0 enqueued
[2026-06-17T10:22:22.386+0800][4.005s][info][gc,ref      ] GC(38) Final: 0 encountered, 0 discovered, 0 enqueued
[2026-06-17T10:22:22.387+0800][4.005s][info][gc,ref      ] GC(38) Phantom: 1 encountered, 1 discovered, 0 enqueued
[2026-06-17T10:22:22.387+0800][4.006s][info][gc,heap     ] GC(38)                Mark Start          Mark End        Relocate Start      Relocate End           High               Low         
[2026-06-17T10:22:22.388+0800][4.007s][info][gc,heap     ] GC(38)  Capacity:      256M (100%)        256M (100%)        256M (100%)        256M (100%)        256M (100%)        256M (100%)   
[2026-06-17T10:22:22.389+0800][4.008s][info][gc,heap     ] GC(38)   Reserve:       62M (24%)          62M (24%)          62M (24%)          62M (24%)          62M (24%)          62M (24%)    
[2026-06-17T10:22:22.390+0800][4.008s][info][gc,heap     ] GC(38)      Free:      112M (44%)         112M (44%)         136M (53%)         146M (57%)         146M (57%)         112M (44%)    
[2026-06-17T10:22:22.391+0800][4.009s][info][gc,heap     ] GC(38)      Used:       82M (32%)          82M (32%)          58M (23%)          48M (19%)          82M (32%)          48M (19%)    
[2026-06-17T10:22:22.391+0800][4.010s][info][gc,heap     ] GC(38)      Live:         -                22M (9%)           22M (9%)           22M (9%)             -                  -          
[2026-06-17T10:22:22.392+0800][4.011s][info][gc,heap     ] GC(38) Allocated:         -                 0M (0%)            4M (2%)           10M (4%)             -                  -          
[2026-06-17T10:22:22.393+0800][4.011s][info][gc,heap     ] GC(38)   Garbage:         -                59M (23%)          31M (12%)          21M (8%)             -                  -          
[2026-06-17T10:22:22.393+0800][4.012s][info][gc,heap     ] GC(38) Reclaimed:         -                  -                28M (11%)          38M (15%)            -                  -          
[2026-06-17T10:22:22.394+0800][4.013s][info][gc          ] GC(38) Garbage Collection (Allocation Rate) 82M(32%)->48M(19%)
[2026-06-17T10:22:22.463+0800][4.082s][info][gc,start    ] GC(39) Garbage Collection (Allocation Rate)
[2026-06-17T10:22:22.465+0800][4.084s][info][gc,phases   ] GC(39) Pause Mark Start 0.368ms
[2026-06-17T10:22:22.468+0800][4.086s][info][gc,phases   ] GC(39) Concurrent Mark 1.623ms
[2026-06-17T10:22:22.469+0800][4.087s][info][gc,phases   ] GC(39) Pause Mark End 0.311ms
[2026-06-17T10:22:22.469+0800][4.088s][info][gc,phases   ] GC(39) Concurrent Process Non-Strong References 0.140ms
[2026-06-17T10:22:22.470+0800][4.089s][info][gc,phases   ] GC(39) Concurrent Reset Relocation Set 0.003ms
[2026-06-17T10:22:22.470+0800][4.089s][info][gc,phases   ] GC(39) Concurrent Destroy Detached Pages 0.001ms
[2026-06-17T10:22:22.471+0800][4.090s][info][gc,phases   ] GC(39) Concurrent Select Relocation Set 0.474ms
[2026-06-17T10:22:22.472+0800][4.090s][info][gc,phases   ] GC(39) Concurrent Prepare Relocation Set 0.012ms
[2026-06-17T10:22:22.472+0800][4.091s][info][gc,phases   ] GC(39) Pause Relocate Start 0.129ms
[2026-06-17T10:22:22.474+0800][4.093s][info][gc,phases   ] GC(39) Concurrent Relocate 1.503ms
[2026-06-17T10:22:22.475+0800][4.093s][info][gc,load     ] GC(39) Load: 0.28/0.22/0.28
[2026-06-17T10:22:22.475+0800][4.094s][info][gc,mmu      ] GC(39) MMU: 2ms/51.7%, 5ms/75.2%, 10ms/84.5%, 20ms/91.5%, 50ms/96.4%, 100ms/97.4%
[2026-06-17T10:22:22.475+0800][4.094s][info][gc,marking  ] GC(39) Mark: 2 stripe(s), 1 proactive flush(es), 1 terminate flush(es), 0 completion(s), 0 continuation(s) 
[2026-06-17T10:22:22.476+0800][4.095s][info][gc,reloc    ] GC(39) Relocation: Successful, 21M relocated
[2026-06-17T10:22:22.476+0800][4.095s][info][gc,nmethod  ] GC(39) NMethods: 15 registered, 0 unregistered
[2026-06-17T10:22:22.477+0800][4.095s][info][gc,metaspace] GC(39) Metaspace: 3M used, 4M capacity, 4M committed, 8M reserved
[2026-06-17T10:22:22.477+0800][4.096s][info][gc,ref      ] GC(39) Soft: 43 encountered, 0 discovered, 0 enqueued
[2026-06-17T10:22:22.477+0800][4.096s][info][gc,ref      ] GC(39) Weak: 7 encountered, 2 discovered, 0 enqueued
[2026-06-17T10:22:22.478+0800][4.096s][info][gc,ref      ] GC(39) Final: 0 encountered, 0 discovered, 0 enqueued
[2026-06-17T10:22:22.478+0800][4.097s][info][gc,ref      ] GC(39) Phantom: 1 encountered, 1 discovered, 0 enqueued
[2026-06-17T10:22:22.478+0800][4.097s][info][gc,heap     ] GC(39)                Mark Start          Mark End        Relocate Start      Relocate End           High               Low         
[2026-06-17T10:22:22.479+0800][4.098s][info][gc,heap     ] GC(39)  Capacity:      256M (100%)        256M (100%)        256M (100%)        256M (100%)        256M (100%)        256M (100%)   
[2026-06-17T10:22:22.481+0800][4.100s][info][gc,heap     ] GC(39)   Reserve:       62M (24%)          62M (24%)          62M (24%)          62M (24%)          62M (24%)          62M (24%)    
[2026-06-17T10:22:22.481+0800][4.100s][info][gc,heap     ] GC(39)      Free:       84M (33%)          84M (33%)         108M (42%)         146M (57%)         146M (57%)          70M (27%)    
[2026-06-17T10:22:22.481+0800][4.100s][info][gc,heap     ] GC(39)      Used:      110M (43%)         110M (43%)          86M (34%)          48M (19%)         124M (48%)          48M (19%)    
[2026-06-17T10:22:22.482+0800][4.100s][info][gc,heap     ] GC(39)      Live:         -                21M (8%)           21M (8%)           21M (8%)             -                  -          
[2026-06-17T10:22:22.482+0800][4.101s][info][gc,heap     ] GC(39) Allocated:         -                 0M (0%)            4M (2%)           44M (17%)            -                  -          
[2026-06-17T10:22:22.482+0800][4.101s][info][gc,heap     ] GC(39)   Garbage:         -                88M (35%)          60M (24%)          22M (9%)             -                  -          
[2026-06-17T10:22:22.482+0800][4.101s][info][gc,heap     ] GC(39) Reclaimed:         -                  -                28M (11%)          66M (26%)            -                  -          
[2026-06-17T10:22:22.483+0800][4.101s][info][gc          ] GC(39) Garbage Collection (Allocation Rate) 110M(43%)->48M(19%)
[2026-06-17T10:22:22.563+0800][4.182s][info][gc,start    ] GC(40) Garbage Collection (Allocation Rate)
[2026-06-17T10:22:22.564+0800][4.183s][info][gc,phases   ] GC(40) Pause Mark Start 0.355ms
[2026-06-17T10:22:22.566+0800][4.185s][info][gc,phases   ] GC(40) Concurrent Mark 1.620ms
[2026-06-17T10:22:22.568+0800][4.186s][info][gc,phases   ] GC(40) Pause Mark End 0.251ms
[2026-06-17T10:22:22.568+0800][4.187s][info][gc,phases   ] GC(40) Concurrent Process Non-Strong References 0.120ms
[2026-06-17T10:22:22.569+0800][4.187s][info][gc,phases   ] GC(40) Concurrent Reset Relocation Set 0.003ms
[2026-06-17T10:22:22.569+0800][4.188s][info][gc,phases   ] GC(40) Concurrent Destroy Detached Pages 0.001ms
[2026-06-17T10:22:22.570+0800][4.189s][info][gc,phases   ] GC(40) Concurrent Select Relocation Set 0.477ms
[2026-06-17T10:22:22.571+0800][4.189s][info][gc,phases   ] GC(40) Concurrent Prepare Relocation Set 0.005ms
[2026-06-17T10:22:22.571+0800][4.190s][info][gc,phases   ] GC(40) Pause Relocate Start 0.138ms
[2026-06-17T10:22:22.572+0800][4.191s][info][gc,phases   ] GC(40) Concurrent Relocate 0.336ms
[2026-06-17T10:22:22.572+0800][4.191s][info][gc,load     ] GC(40) Load: 0.28/0.22/0.28
[2026-06-17T10:22:22.572+0800][4.191s][info][gc,mmu      ] GC(40) MMU: 2ms/51.7%, 5ms/75.2%, 10ms/84.5%, 20ms/91.5%, 50ms/96.4%, 100ms/97.4%
[2026-06-17T10:22:22.573+0800][4.192s][info][gc,marking  ] GC(40) Mark: 2 stripe(s), 1 proactive flush(es), 1 terminate flush(es), 0 completion(s), 0 continuation(s) 
[2026-06-17T10:22:22.573+0800][4.192s][info][gc,reloc    ] GC(40) Relocation: Successful, 24M relocated
[2026-06-17T10:22:22.573+0800][4.192s][info][gc,nmethod  ] GC(40) NMethods: 15 registered, 0 unregistered
[2026-06-17T10:22:22.574+0800][4.192s][info][gc,metaspace] GC(40) Metaspace: 3M used, 4M capacity, 4M committed, 8M reserved
[2026-06-17T10:22:22.574+0800][4.193s][info][gc,ref      ] GC(40) Soft: 43 encountered, 0 discovered, 0 enqueued
[2026-06-17T10:22:22.574+0800][4.193s][info][gc,ref      ] GC(40) Weak: 7 encountered, 0 discovered, 0 enqueued
[2026-06-17T10:22:22.574+0800][4.193s][info][gc,ref      ] GC(40) Final: 0 encountered, 0 discovered, 0 enqueued
[2026-06-17T10:22:22.575+0800][4.193s][info][gc,ref      ] GC(40) Phantom: 1 encountered, 1 discovered, 0 enqueued
[2026-06-17T10:22:22.575+0800][4.194s][info][gc,heap     ] GC(40)                Mark Start          Mark End        Relocate Start      Relocate End           High               Low         
[2026-06-17T10:22:22.576+0800][4.195s][info][gc,heap     ] GC(40)  Capacity:      256M (100%)        256M (100%)        256M (100%)        256M (100%)        256M (100%)        256M (100%)   
[2026-06-17T10:22:22.576+0800][4.195s][info][gc,heap     ] GC(40)   Reserve:       62M (24%)          62M (24%)          62M (24%)          62M (24%)          62M (24%)          62M (24%)    
[2026-06-17T10:22:22.577+0800][4.195s][info][gc,heap     ] GC(40)      Free:      114M (45%)         110M (43%)         138M (54%)         146M (57%)         146M (57%)         110M (43%)    
[2026-06-17T10:22:22.577+0800][4.196s][info][gc,heap     ] GC(40)      Used:       80M (31%)          84M (33%)          56M (22%)          48M (19%)          84M (33%)          48M (19%)    
[2026-06-17T10:22:22.577+0800][4.196s][info][gc,heap     ] GC(40)      Live:         -                26M (10%)          26M (10%)          26M (10%)            -                  -          
[2026-06-17T10:22:22.578+0800][4.197s][info][gc,heap     ] GC(40) Allocated:         -                 4M (2%)            4M (2%)           12M (5%)             -                  -          
[2026-06-17T10:22:22.578+0800][4.197s][info][gc,heap     ] GC(40)   Garbage:         -                53M (21%)          25M (10%)          17M (7%)             -                  -          
[2026-06-17T10:22:22.579+0800][4.198s][info][gc,heap     ] GC(40) Reclaimed:         -                  -                28M (11%)          36M (14%)            -                  -          
[2026-06-17T10:22:22.580+0800][4.198s][info][gc          ] GC(40) Garbage Collection (Allocation Rate) 80M(31%)->48M(19%)
[2026-06-17T10:22:22.663+0800][4.282s][info][gc,start    ] GC(41) Garbage Collection (Allocation Rate)
[2026-06-17T10:22:22.664+0800][4.283s][info][gc,phases   ] GC(41) Pause Mark Start 0.352ms
[2026-06-17T10:22:22.666+0800][4.285s][info][gc,phases   ] GC(41) Concurrent Mark 1.401ms
[2026-06-17T10:22:22.667+0800][4.286s][info][gc,phases   ] GC(41) Pause Mark End 0.244ms
[2026-06-17T10:22:22.667+0800][4.286s][info][gc,phases   ] GC(41) Concurrent Process Non-Strong References 0.051ms
[2026-06-17T10:22:22.668+0800][4.286s][info][gc,phases   ] GC(41) Concurrent Reset Relocation Set 0.002ms
[2026-06-17T10:22:22.668+0800][4.287s][info][gc,phases   ] GC(41) Concurrent Destroy Detached Pages 0.001ms
[2026-06-17T10:22:22.669+0800][4.287s][info][gc,phases   ] GC(41) Concurrent Select Relocation Set 0.469ms
[2026-06-17T10:22:22.669+0800][4.288s][info][gc,phases   ] GC(41) Concurrent Prepare Relocation Set 0.004ms
[2026-06-17T10:22:22.670+0800][4.289s][info][gc,phases   ] GC(41) Pause Relocate Start 0.133ms
[2026-06-17T10:22:22.672+0800][4.290s][info][gc,phases   ] GC(41) Concurrent Relocate 1.561ms
[2026-06-17T10:22:22.672+0800][4.291s][info][gc,load     ] GC(41) Load: 0.28/0.22/0.28
[2026-06-17T10:22:22.673+0800][4.292s][info][gc,mmu      ] GC(41) MMU: 2ms/51.7%, 5ms/75.2%, 10ms/84.5%, 20ms/91.5%, 50ms/96.4%, 100ms/97.4%
[2026-06-17T10:22:22.673+0800][4.292s][info][gc,marking  ] GC(41) Mark: 2 stripe(s), 1 proactive flush(es), 1 terminate flush(es), 0 completion(s), 0 continuation(s) 
[2026-06-17T10:22:22.673+0800][4.292s][info][gc,reloc    ] GC(41) Relocation: Successful, 22M relocated
[2026-06-17T10:22:22.674+0800][4.292s][info][gc,nmethod  ] GC(41) NMethods: 17 registered, 0 unregistered
[2026-06-17T10:22:22.674+0800][4.293s][info][gc,metaspace] GC(41) Metaspace: 3M used, 4M capacity, 4M committed, 8M reserved
[2026-06-17T10:22:22.674+0800][4.293s][info][gc,ref      ] GC(41) Soft: 43 encountered, 0 discovered, 0 enqueued
[2026-06-17T10:22:22.675+0800][4.293s][info][gc,ref      ] GC(41) Weak: 7 encountered, 2 discovered, 0 enqueued
[2026-06-17T10:22:22.675+0800][4.294s][info][gc,ref      ] GC(41) Final: 0 encountered, 0 discovered, 0 enqueued
[2026-06-17T10:22:22.675+0800][4.294s][info][gc,ref      ] GC(41) Phantom: 1 encountered, 1 discovered, 0 enqueued
[2026-06-17T10:22:22.676+0800][4.294s][info][gc,heap     ] GC(41)                Mark Start          Mark End        Relocate Start      Relocate End           High               Low         
[2026-06-17T10:22:22.676+0800][4.295s][info][gc,heap     ] GC(41)  Capacity:      256M (100%)        256M (100%)        256M (100%)        256M (100%)        256M (100%)        256M (100%)   
[2026-06-17T10:22:22.676+0800][4.295s][info][gc,heap     ] GC(41)   Reserve:       62M (24%)          62M (24%)          62M (24%)          62M (24%)          62M (24%)          62M (24%)    
[2026-06-17T10:22:22.676+0800][4.295s][info][gc,heap     ] GC(41)      Free:       78M (30%)          78M (30%)         110M (43%)         148M (58%)         148M (58%)          72M (28%)    
[2026-06-17T10:22:22.677+0800][4.295s][info][gc,heap     ] GC(41)      Used:      116M (45%)         116M (45%)          84M (33%)          46M (18%)         122M (48%)          46M (18%)    
[2026-06-17T10:22:22.677+0800][4.296s][info][gc,heap     ] GC(41)      Live:         -                24M (9%)           24M (9%)           24M (9%)             -                  -          
[2026-06-17T10:22:22.677+0800][4.296s][info][gc,heap     ] GC(41) Allocated:         -                 0M (0%)            0M (0%)           40M (16%)            -                  -          
[2026-06-17T10:22:22.678+0800][4.297s][info][gc,heap     ] GC(41)   Garbage:         -                91M (36%)          59M (23%)          21M (9%)             -                  -          
[2026-06-17T10:22:22.679+0800][4.298s][info][gc,heap     ] GC(41) Reclaimed:         -                  -                32M (12%)          70M (27%)            -                  -          
[2026-06-17T10:22:22.679+0800][4.298s][info][gc          ] GC(41) Garbage Collection (Allocation Rate) 116M(45%)->46M(18%)
[2026-06-17T10:22:22.763+0800][4.382s][info][gc,start    ] GC(42) Garbage Collection (Allocation Rate)
[2026-06-17T10:22:22.765+0800][4.384s][info][gc,phases   ] GC(42) Pause Mark Start 0.171ms
[2026-06-17T10:22:22.767+0800][4.386s][info][gc,phases   ] GC(42) Concurrent Mark 1.447ms
[2026-06-17T10:22:22.768+0800][4.387s][info][gc,phases   ] GC(42) Pause Mark End 0.248ms
[2026-06-17T10:22:22.768+0800][4.387s][info][gc,phases   ] GC(42) Concurrent Process Non-Strong References 0.120ms
[2026-06-17T10:22:22.769+0800][4.388s][info][gc,phases   ] GC(42) Concurrent Reset Relocation Set 0.002ms
[2026-06-17T10:22:22.770+0800][4.388s][info][gc,phases   ] GC(42) Concurrent Destroy Detached Pages 0.001ms
[2026-06-17T10:22:22.771+0800][4.389s][info][gc,phases   ] GC(42) Concurrent Select Relocation Set 0.502ms
[2026-06-17T10:22:22.771+0800][4.390s][info][gc,phases   ] GC(42) Concurrent Prepare Relocation Set 0.019ms
[2026-06-17T10:22:22.772+0800][4.391s][info][gc,phases   ] GC(42) Pause Relocate Start 0.141ms
[2026-06-17T10:22:22.772+0800][4.391s][info][gc,phases   ] GC(42) Concurrent Relocate 0.389ms
[2026-06-17T10:22:22.773+0800][4.392s][info][gc,load     ] GC(42) Load: 0.28/0.22/0.28
[2026-06-17T10:22:22.773+0800][4.392s][info][gc,mmu      ] GC(42) MMU: 2ms/51.7%, 5ms/75.2%, 10ms/84.5%, 20ms/91.5%, 50ms/96.4%, 100ms/97.4%
[2026-06-17T10:22:22.774+0800][4.392s][info][gc,marking  ] GC(42) Mark: 2 stripe(s), 1 proactive flush(es), 1 terminate flush(es), 0 completion(s), 0 continuation(s) 
[2026-06-17T10:22:22.774+0800][4.393s][info][gc,reloc    ] GC(42) Relocation: Successful, 21M relocated
[2026-06-17T10:22:22.774+0800][4.393s][info][gc,nmethod  ] GC(42) NMethods: 17 registered, 0 unregistered
[2026-06-17T10:22:22.775+0800][4.393s][info][gc,metaspace] GC(42) Metaspace: 3M used, 4M capacity, 4M committed, 8M reserved
[2026-06-17T10:22:22.775+0800][4.394s][info][gc,ref      ] GC(42) Soft: 43 encountered, 0 discovered, 0 enqueued
[2026-06-17T10:22:22.776+0800][4.395s][info][gc,ref      ] GC(42) Weak: 7 encountered, 0 discovered, 0 enqueued
[2026-06-17T10:22:22.776+0800][4.395s][info][gc,ref      ] GC(42) Final: 0 encountered, 0 discovered, 0 enqueued
[2026-06-17T10:22:22.777+0800][4.395s][info][gc,ref      ] GC(42) Phantom: 1 encountered, 0 discovered, 0 enqueued
[2026-06-17T10:22:22.777+0800][4.396s][info][gc,heap     ] GC(42)                Mark Start          Mark End        Relocate Start      Relocate End           High               Low         
[2026-06-17T10:22:22.778+0800][4.396s][info][gc,heap     ] GC(42)  Capacity:      256M (100%)        256M (100%)        256M (100%)        256M (100%)        256M (100%)        256M (100%)   
[2026-06-17T10:22:22.778+0800][4.397s][info][gc,heap     ] GC(42)   Reserve:       62M (24%)          62M (24%)          62M (24%)          62M (24%)          62M (24%)          62M (24%)    
[2026-06-17T10:22:22.778+0800][4.397s][info][gc,heap     ] GC(42)      Free:      112M (44%)         112M (44%)         136M (53%)         148M (58%)         148M (58%)         108M (42%)    
[2026-06-17T10:22:22.778+0800][4.397s][info][gc,heap     ] GC(42)      Used:       82M (32%)          82M (32%)          58M (23%)          46M (18%)          86M (34%)          46M (18%)    
[2026-06-17T10:22:22.779+0800][4.397s][info][gc,heap     ] GC(42)      Live:         -                21M (9%)           21M (9%)           21M (9%)             -                  -          
[2026-06-17T10:22:22.779+0800][4.398s][info][gc,heap     ] GC(42) Allocated:         -                 0M (0%)            4M (2%)           12M (5%)             -                  -          
[2026-06-17T10:22:22.779+0800][4.398s][info][gc,heap     ] GC(42)   Garbage:         -                60M (23%)          32M (13%)          20M (8%)             -                  -          
[2026-06-17T10:22:22.779+0800][4.398s][info][gc,heap     ] GC(42) Reclaimed:         -                  -                28M (11%)          40M (16%)            -                  -          
[2026-06-17T10:22:22.780+0800][4.398s][info][gc          ] GC(42) Garbage Collection (Allocation Rate) 82M(32%)->46M(18%)
[2026-06-17T10:22:22.863+0800][4.481s][info][gc,start    ] GC(43) Garbage Collection (Allocation Rate)
[2026-06-17T10:22:22.864+0800][4.483s][info][gc,phases   ] GC(43) Pause Mark Start 0.356ms
[2026-06-17T10:22:22.866+0800][4.485s][info][gc,phases   ] GC(43) Concurrent Mark 1.635ms
[2026-06-17T10:22:22.867+0800][4.486s][info][gc,phases   ] GC(43) Pause Mark End 0.298ms
[2026-06-17T10:22:22.868+0800][4.487s][info][gc,phases   ] GC(43) Concurrent Process Non-Strong References 0.136ms
[2026-06-17T10:22:22.868+0800][4.487s][info][gc,phases   ] GC(43) Concurrent Reset Relocation Set 0.002ms
[2026-06-17T10:22:22.869+0800][4.487s][info][gc,phases   ] GC(43) Concurrent Destroy Detached Pages 0.001ms
[2026-06-17T10:22:22.869+0800][4.488s][info][gc,phases   ] GC(43) Concurrent Select Relocation Set 0.470ms
[2026-06-17T10:22:22.870+0800][4.488s][info][gc,phases   ] GC(43) Concurrent Prepare Relocation Set 0.010ms
[2026-06-17T10:22:22.870+0800][4.489s][info][gc,phases   ] GC(43) Pause Relocate Start 0.121ms
[2026-06-17T10:22:22.873+0800][4.492s][info][gc,phases   ] GC(43) Concurrent Relocate 2.296ms
[2026-06-17T10:22:22.873+0800][4.492s][info][gc,load     ] GC(43) Load: 0.28/0.22/0.28
[2026-06-17T10:22:22.874+0800][4.492s][info][gc,mmu      ] GC(43) MMU: 2ms/51.7%, 5ms/75.2%, 10ms/84.5%, 20ms/91.5%, 50ms/96.4%, 100ms/97.4%
[2026-06-17T10:22:22.874+0800][4.493s][info][gc,marking  ] GC(43) Mark: 2 stripe(s), 2 proactive flush(es), 1 terminate flush(es), 0 completion(s), 0 continuation(s) 
[2026-06-17T10:22:22.874+0800][4.493s][info][gc,reloc    ] GC(43) Relocation: Successful, 25M relocated
[2026-06-17T10:22:22.875+0800][4.493s][info][gc,nmethod  ] GC(43) NMethods: 17 registered, 0 unregistered
[2026-06-17T10:22:22.875+0800][4.494s][info][gc,metaspace] GC(43) Metaspace: 3M used, 4M capacity, 4M committed, 8M reserved
[2026-06-17T10:22:22.875+0800][4.494s][info][gc,ref      ] GC(43) Soft: 43 encountered, 0 discovered, 0 enqueued
[2026-06-17T10:22:22.875+0800][4.494s][info][gc,ref      ] GC(43) Weak: 7 encountered, 0 discovered, 0 enqueued
[2026-06-17T10:22:22.876+0800][4.494s][info][gc,ref      ] GC(43) Final: 0 encountered, 0 discovered, 0 enqueued
[2026-06-17T10:22:22.876+0800][4.495s][info][gc,ref      ] GC(43) Phantom: 1 encountered, 0 discovered, 0 enqueued
[2026-06-17T10:22:22.876+0800][4.495s][info][gc,heap     ] GC(43)                Mark Start          Mark End        Relocate Start      Relocate End           High               Low         
[2026-06-17T10:22:22.877+0800][4.496s][info][gc,heap     ] GC(43)  Capacity:      256M (100%)        256M (100%)        256M (100%)        256M (100%)        256M (100%)        256M (100%)   
[2026-06-17T10:22:22.878+0800][4.497s][info][gc,heap     ] GC(43)   Reserve:       62M (24%)          62M (24%)          62M (24%)          62M (24%)          62M (24%)          62M (24%)    
[2026-06-17T10:22:22.879+0800][4.498s][info][gc,heap     ] GC(43)      Free:       84M (33%)          80M (31%)         102M (40%)         144M (56%)         144M (56%)          64M (25%)    
[2026-06-17T10:22:22.879+0800][4.498s][info][gc,heap     ] GC(43)      Used:      110M (43%)         114M (45%)          92M (36%)          50M (20%)         130M (51%)          50M (20%)    
[2026-06-17T10:22:22.880+0800][4.498s][info][gc,heap     ] GC(43)      Live:         -                29M (12%)          29M (12%)          29M (12%)            -                  -          
[2026-06-17T10:22:22.880+0800][4.499s][info][gc,heap     ] GC(43) Allocated:         -                 4M (2%)            4M (2%)           44M (17%)            -                  -          
[2026-06-17T10:22:22.880+0800][4.499s][info][gc,heap     ] GC(43)   Garbage:         -                80M (31%)          58M (23%)          16M (6%)             -                  -          
[2026-06-17T10:22:22.880+0800][4.499s][info][gc,heap     ] GC(43) Reclaimed:         -                  -                22M (9%)           64M (25%)            -                  -          
[2026-06-17T10:22:22.881+0800][4.500s][info][gc          ] GC(43) Garbage Collection (Allocation Rate) 110M(43%)->50M(20%)
[2026-06-17T10:22:22.963+0800][4.582s][info][gc,start    ] GC(44) Garbage Collection (Allocation Rate)
[2026-06-17T10:22:22.966+0800][4.585s][info][gc,phases   ] GC(44) Pause Mark Start 0.614ms
[2026-06-17T10:22:22.970+0800][4.588s][info][gc,phases   ] GC(44) Concurrent Mark 2.484ms
[2026-06-17T10:22:22.972+0800][4.590s][info][gc,phases   ] GC(44) Pause Mark End 0.914ms
[2026-06-17T10:22:22.973+0800][4.591s][info][gc,phases   ] GC(44) Concurrent Process Non-Strong References 0.327ms
[2026-06-17T10:22:22.973+0800][4.592s][info][gc,phases   ] GC(44) Concurrent Reset Relocation Set 0.007ms
[2026-06-17T10:22:22.974+0800][4.593s][info][gc,phases   ] GC(44) Concurrent Destroy Detached Pages 0.002ms
[2026-06-17T10:22:22.976+0800][4.594s][info][gc,phases   ] GC(44) Concurrent Select Relocation Set 1.248ms
[2026-06-17T10:22:22.976+0800][4.595s][info][gc,phases   ] GC(44) Concurrent Prepare Relocation Set 0.011ms
[2026-06-17T10:22:22.977+0800][4.596s][info][gc,phases   ] GC(44) Pause Relocate Start 0.227ms
[2026-06-17T10:22:22.978+0800][4.597s][info][gc,phases   ] GC(44) Concurrent Relocate 0.783ms
[2026-06-17T10:22:22.979+0800][4.597s][info][gc,load     ] GC(44) Load: 0.28/0.22/0.28
[2026-06-17T10:22:22.979+0800][4.598s][info][gc,mmu      ] GC(44) MMU: 2ms/51.7%, 5ms/75.2%, 10ms/84.5%, 20ms/91.2%, 50ms/96.4%, 100ms/97.4%
[2026-06-17T10:22:22.979+0800][4.598s][info][gc,marking  ] GC(44) Mark: 2 stripe(s), 2 proactive flush(es), 1 terminate flush(es), 0 completion(s), 0 continuation(s) 
[2026-06-17T10:22:22.980+0800][4.598s][info][gc,reloc    ] GC(44) Relocation: Successful, 25M relocated
[2026-06-17T10:22:22.980+0800][4.598s][info][gc,nmethod  ] GC(44) NMethods: 17 registered, 0 unregistered
[2026-06-17T10:22:22.980+0800][4.599s][info][gc,metaspace] GC(44) Metaspace: 3M used, 4M capacity, 4M committed, 8M reserved
[2026-06-17T10:22:22.980+0800][4.599s][info][gc,ref      ] GC(44) Soft: 43 encountered, 0 discovered, 0 enqueued
[2026-06-17T10:22:22.980+0800][4.599s][info][gc,ref      ] GC(44) Weak: 7 encountered, 2 discovered, 0 enqueued
[2026-06-17T10:22:22.980+0800][4.599s][info][gc,ref      ] GC(44) Final: 0 encountered, 0 discovered, 0 enqueued
[2026-06-17T10:22:22.981+0800][4.599s][info][gc,ref      ] GC(44) Phantom: 1 encountered, 1 discovered, 0 enqueued
[2026-06-17T10:22:22.981+0800][4.600s][info][gc,heap     ] GC(44)                Mark Start          Mark End        Relocate Start      Relocate End           High               Low         
[2026-06-17T10:22:22.981+0800][4.600s][info][gc,heap     ] GC(44)  Capacity:      256M (100%)        256M (100%)        256M (100%)        256M (100%)        256M (100%)        256M (100%)   
[2026-06-17T10:22:22.981+0800][4.600s][info][gc,heap     ] GC(44)   Reserve:       62M (24%)          62M (24%)          62M (24%)          62M (24%)          62M (24%)          62M (24%)    
[2026-06-17T10:22:22.981+0800][4.600s][info][gc,heap     ] GC(44)      Free:      114M (45%)         110M (43%)         134M (52%)         114M (45%)         146M (57%)         110M (43%)    
[2026-06-17T10:22:22.981+0800][4.600s][info][gc,heap     ] GC(44)      Used:       80M (31%)          84M (33%)          60M (23%)          80M (31%)          84M (33%)          48M (19%)    
[2026-06-17T10:22:22.982+0800][4.600s][info][gc,heap     ] GC(44)      Live:         -                25M (10%)          25M (10%)          25M (10%)            -                  -          
[2026-06-17T10:22:22.982+0800][4.600s][info][gc,heap     ] GC(44) Allocated:         -                 4M (2%)            4M (2%)           48M (19%)            -                  -          
[2026-06-17T10:22:22.982+0800][4.601s][info][gc,heap     ] GC(44)   Garbage:         -                54M (21%)          30M (12%)          14M (6%)             -                  -          
[2026-06-17T10:22:22.982+0800][4.601s][info][gc,heap     ] GC(44) Reclaimed:         -                  -                24M (9%)           40M (16%)            -                  -          
[2026-06-17T10:22:22.982+0800][4.601s][info][gc          ] GC(44) Garbage Collection (Allocation Rate) 80M(31%)->80M(31%)
[2026-06-17T10:22:23.064+0800][4.682s][info][gc,start    ] GC(45) Garbage Collection (Allocation Rate)
[2026-06-17T10:22:23.066+0800][4.685s][info][gc,phases   ] GC(45) Pause Mark Start 0.594ms
[2026-06-17T10:22:23.070+0800][4.689s][info][gc,phases   ] GC(45) Concurrent Mark 2.507ms
[2026-06-17T10:22:23.072+0800][4.691s][info][gc,phases   ] GC(45) Pause Mark End 0.823ms
[2026-06-17T10:22:23.073+0800][4.692s][info][gc,phases   ] GC(45) Concurrent Process Non-Strong References 0.453ms
[2026-06-17T10:22:23.074+0800][4.693s][info][gc,phases   ] GC(45) Concurrent Reset Relocation Set 0.006ms
[2026-06-17T10:22:23.075+0800][4.693s][info][gc,phases   ] GC(45) Concurrent Destroy Detached Pages 0.002ms
[2026-06-17T10:22:23.076+0800][4.695s][info][gc,phases   ] GC(45) Concurrent Select Relocation Set 1.102ms
[2026-06-17T10:22:23.077+0800][4.695s][info][gc,phases   ] GC(45) Concurrent Prepare Relocation Set 0.009ms
[2026-06-17T10:22:23.078+0800][4.696s][info][gc,phases   ] GC(45) Pause Relocate Start 0.226ms
[2026-06-17T10:22:23.081+0800][4.700s][info][gc,phases   ] GC(45) Concurrent Relocate 3.038ms
[2026-06-17T10:22:23.082+0800][4.700s][info][gc,load     ] GC(45) Load: 0.28/0.22/0.28
[2026-06-17T10:22:23.082+0800][4.701s][info][gc,mmu      ] GC(45) MMU: 2ms/51.7%, 5ms/75.2%, 10ms/84.5%, 20ms/91.2%, 50ms/96.4%, 100ms/97.4%
[2026-06-17T10:22:23.082+0800][4.701s][info][gc,marking  ] GC(45) Mark: 2 stripe(s), 2 proactive flush(es), 1 terminate flush(es), 0 completion(s), 0 continuation(s) 
[2026-06-17T10:22:23.082+0800][4.701s][info][gc,reloc    ] GC(45) Relocation: Successful, 29M relocated
[2026-06-17T10:22:23.082+0800][4.701s][info][gc,nmethod  ] GC(45) NMethods: 17 registered, 0 unregistered
[2026-06-17T10:22:23.082+0800][4.701s][info][gc,metaspace] GC(45) Metaspace: 3M used, 4M capacity, 4M committed, 8M reserved
[2026-06-17T10:22:23.083+0800][4.701s][info][gc,ref      ] GC(45) Soft: 43 encountered, 0 discovered, 0 enqueued
[2026-06-17T10:22:23.083+0800][4.702s][info][gc,ref      ] GC(45) Weak: 7 encountered, 0 discovered, 0 enqueued
[2026-06-17T10:22:23.083+0800][4.702s][info][gc,ref      ] GC(45) Final: 0 encountered, 0 discovered, 0 enqueued
[2026-06-17T10:22:23.083+0800][4.702s][info][gc,ref      ] GC(45) Phantom: 1 encountered, 0 discovered, 0 enqueued
[2026-06-17T10:22:23.083+0800][4.702s][info][gc,heap     ] GC(45)                Mark Start          Mark End        Relocate Start      Relocate End           High               Low         
[2026-06-17T10:22:23.083+0800][4.702s][info][gc,heap     ] GC(45)  Capacity:      256M (100%)        256M (100%)        256M (100%)        256M (100%)        256M (100%)        256M (100%)   
[2026-06-17T10:22:23.084+0800][4.702s][info][gc,heap     ] GC(45)   Reserve:       62M (24%)          62M (24%)          62M (24%)          62M (24%)          62M (24%)          62M (24%)    
[2026-06-17T10:22:23.084+0800][4.702s][info][gc,heap     ] GC(45)      Free:       86M (34%)          82M (32%)         112M (44%)         142M (55%)         142M (55%)          76M (30%)    
[2026-06-17T10:22:23.084+0800][4.703s][info][gc,heap     ] GC(45)      Used:      108M (42%)         112M (44%)          82M (32%)          52M (20%)         118M (46%)          52M (20%)    
[2026-06-17T10:22:23.084+0800][4.703s][info][gc,heap     ] GC(45)      Live:         -                31M (12%)          31M (12%)          31M (12%)            -                  -          
[2026-06-17T10:22:23.084+0800][4.703s][info][gc,heap     ] GC(45) Allocated:         -                 4M (2%)            4M (2%)           46M (18%)            -                  -          
[2026-06-17T10:22:23.084+0800][4.703s][info][gc,heap     ] GC(45)   Garbage:         -                76M (30%)          46M (18%)          10M (4%)             -                  -          
[2026-06-17T10:22:23.084+0800][4.703s][info][gc,heap     ] GC(45) Reclaimed:         -                  -                30M (12%)          66M (26%)            -                  -          
[2026-06-17T10:22:23.085+0800][4.703s][info][gc          ] GC(45) Garbage Collection (Allocation Rate) 108M(42%)->52M(20%)
[2026-06-17T10:22:23.163+0800][4.782s][info][gc,start    ] GC(46) Garbage Collection (Allocation Rate)
[2026-06-17T10:22:23.166+0800][4.785s][info][gc,phases   ] GC(46) Pause Mark Start 0.488ms
[2026-06-17T10:22:23.171+0800][4.789s][info][gc,phases   ] GC(46) Concurrent Mark 2.825ms
[2026-06-17T10:22:23.172+0800][4.791s][info][gc,phases   ] GC(46) Pause Mark End 0.726ms
[2026-06-17T10:22:23.173+0800][4.792s][info][gc,phases   ] GC(46) Concurrent Process Non-Strong References 0.295ms
[2026-06-17T10:22:23.174+0800][4.793s][info][gc,phases   ] GC(46) Concurrent Reset Relocation Set 0.005ms
[2026-06-17T10:22:23.174+0800][4.793s][info][gc,phases   ] GC(46) Concurrent Destroy Detached Pages 0.002ms
[2026-06-17T10:22:23.176+0800][4.795s][info][gc,phases   ] GC(46) Concurrent Select Relocation Set 1.146ms
[2026-06-17T10:22:23.177+0800][4.795s][info][gc,phases   ] GC(46) Concurrent Prepare Relocation Set 0.004ms
[2026-06-17T10:22:23.178+0800][4.796s][info][gc,phases   ] GC(46) Pause Relocate Start 0.306ms
[2026-06-17T10:22:23.178+0800][4.797s][info][gc,phases   ] GC(46) Concurrent Relocate 0.306ms
[2026-06-17T10:22:23.179+0800][4.798s][info][gc,load     ] GC(46) Load: 0.28/0.22/0.28
[2026-06-17T10:22:23.179+0800][4.798s][info][gc,mmu      ] GC(46) MMU: 2ms/51.7%, 5ms/75.2%, 10ms/84.5%, 20ms/91.2%, 50ms/96.4%, 100ms/97.4%
[2026-06-17T10:22:23.179+0800][4.798s][info][gc,marking  ] GC(46) Mark: 2 stripe(s), 2 proactive flush(es), 1 terminate flush(es), 0 completion(s), 0 continuation(s) 
[2026-06-17T10:22:23.180+0800][4.798s][info][gc,reloc    ] GC(46) Relocation: Successful, 19M relocated
[2026-06-17T10:22:23.180+0800][4.799s][info][gc,nmethod  ] GC(46) NMethods: 17 registered, 0 unregistered
[2026-06-17T10:22:23.180+0800][4.799s][info][gc,metaspace] GC(46) Metaspace: 3M used, 4M capacity, 4M committed, 8M reserved
[2026-06-17T10:22:23.181+0800][4.799s][info][gc,ref      ] GC(46) Soft: 43 encountered, 0 discovered, 0 enqueued
[2026-06-17T10:22:23.181+0800][4.800s][info][gc,ref      ] GC(46) Weak: 7 encountered, 0 discovered, 0 enqueued
[2026-06-17T10:22:23.181+0800][4.800s][info][gc,ref      ] GC(46) Final: 0 encountered, 0 discovered, 0 enqueued
[2026-06-17T10:22:23.181+0800][4.800s][info][gc,ref      ] GC(46) Phantom: 1 encountered, 0 discovered, 0 enqueued
[2026-06-17T10:22:23.182+0800][4.800s][info][gc,heap     ] GC(46)                Mark Start          Mark End        Relocate Start      Relocate End           High               Low         
[2026-06-17T10:22:23.182+0800][4.800s][info][gc,heap     ] GC(46)  Capacity:      256M (100%)        256M (100%)        256M (100%)        256M (100%)        256M (100%)        256M (100%)   
[2026-06-17T10:22:23.182+0800][4.801s][info][gc,heap     ] GC(46)   Reserve:       62M (24%)          62M (24%)          62M (24%)          62M (24%)          62M (24%)          62M (24%)    
[2026-06-17T10:22:23.182+0800][4.801s][info][gc,heap     ] GC(46)      Free:      116M (45%)         112M (44%)         138M (54%)         146M (57%)         146M (57%)         112M (44%)    
[2026-06-17T10:22:23.182+0800][4.801s][info][gc,heap     ] GC(46)      Used:       78M (30%)          82M (32%)          56M (22%)          48M (19%)          82M (32%)          48M (19%)    
[2026-06-17T10:22:23.182+0800][4.801s][info][gc,heap     ] GC(46)      Live:         -                21M (8%)           21M (8%)           21M (8%)             -                  -          
[2026-06-17T10:22:23.182+0800][4.801s][info][gc,heap     ] GC(46) Allocated:         -                 4M (2%)            4M (2%)           10M (4%)             -                  -          
[2026-06-17T10:22:23.182+0800][4.801s][info][gc,heap     ] GC(46)   Garbage:         -                56M (22%)          30M (12%)          22M (9%)             -                  -          
[2026-06-17T10:22:23.183+0800][4.801s][info][gc,heap     ] GC(46) Reclaimed:         -                  -                26M (10%)          34M (13%)            -                  -          
[2026-06-17T10:22:23.183+0800][4.802s][info][gc          ] GC(46) Garbage Collection (Allocation Rate) 78M(30%)->48M(19%)
[2026-06-17T10:22:23.264+0800][4.882s][info][gc,start    ] GC(47) Garbage Collection (Allocation Rate)
[2026-06-17T10:22:23.266+0800][4.885s][info][gc,phases   ] GC(47) Pause Mark Start 0.651ms
[2026-06-17T10:22:23.272+0800][4.891s][info][gc,phases   ] GC(47) Concurrent Mark 3.544ms
[2026-06-17T10:22:23.275+0800][4.894s][info][gc,phases   ] GC(47) Pause Mark End 0.796ms
[2026-06-17T10:22:23.276+0800][4.895s][info][gc,phases   ] GC(47) Concurrent Process Non-Strong References 0.428ms
[2026-06-17T10:22:23.277+0800][4.896s][info][gc,phases   ] GC(47) Concurrent Reset Relocation Set 0.006ms
[2026-06-17T10:22:23.278+0800][4.897s][info][gc,phases   ] GC(47) Concurrent Destroy Detached Pages 0.002ms
[2026-06-17T10:22:23.281+0800][4.899s][info][gc,phases   ] GC(47) Concurrent Select Relocation Set 1.334ms
[2026-06-17T10:22:23.281+0800][4.900s][info][gc,phases   ] GC(47) Concurrent Prepare Relocation Set 0.016ms
[2026-06-17T10:22:23.283+0800][4.902s][info][gc,phases   ] GC(47) Pause Relocate Start 0.315ms
[2026-06-17T10:22:23.285+0800][4.904s][info][gc,phases   ] GC(47) Concurrent Relocate 1.455ms
[2026-06-17T10:22:23.286+0800][4.904s][info][gc,load     ] GC(47) Load: 0.28/0.22/0.28
[2026-06-17T10:22:23.286+0800][4.905s][info][gc,mmu      ] GC(47) MMU: 2ms/51.7%, 5ms/75.2%, 10ms/84.5%, 20ms/91.2%, 50ms/96.4%, 100ms/97.4%
[2026-06-17T10:22:23.287+0800][4.906s][info][gc,marking  ] GC(47) Mark: 2 stripe(s), 2 proactive flush(es), 1 terminate flush(es), 0 completion(s), 0 continuation(s) 
[2026-06-17T10:22:23.288+0800][4.907s][info][gc,reloc    ] GC(47) Relocation: Successful, 17M relocated
[2026-06-17T10:22:23.289+0800][4.907s][info][gc,nmethod  ] GC(47) NMethods: 17 registered, 0 unregistered
[2026-06-17T10:22:23.289+0800][4.908s][info][gc,metaspace] GC(47) Metaspace: 3M used, 4M capacity, 4M committed, 8M reserved
[2026-06-17T10:22:23.290+0800][4.909s][info][gc,ref      ] GC(47) Soft: 43 encountered, 0 discovered, 0 enqueued
[2026-06-17T10:22:23.291+0800][4.910s][info][gc,ref      ] GC(47) Weak: 7 encountered, 0 discovered, 0 enqueued
[2026-06-17T10:22:23.291+0800][4.910s][info][gc,ref      ] GC(47) Final: 0 encountered, 0 discovered, 0 enqueued
[2026-06-17T10:22:23.292+0800][4.911s][info][gc,ref      ] GC(47) Phantom: 1 encountered, 0 discovered, 0 enqueued
[2026-06-17T10:22:23.293+0800][4.912s][info][gc,heap     ] GC(47)                Mark Start          Mark End        Relocate Start      Relocate End           High               Low         
[2026-06-17T10:22:23.293+0800][4.912s][info][gc,heap     ] GC(47)  Capacity:      256M (100%)        256M (100%)        256M (100%)        256M (100%)        256M (100%)        256M (100%)   
[2026-06-17T10:22:23.294+0800][4.913s][info][gc,heap     ] GC(47)   Reserve:       62M (24%)          62M (24%)          62M (24%)          62M (24%)          62M (24%)          62M (24%)    
[2026-06-17T10:22:23.295+0800][4.913s][info][gc,heap     ] GC(47)      Free:       82M (32%)          78M (30%)          72M (28%)         140M (55%)         140M (55%)          66M (26%)    
[2026-06-17T10:22:23.295+0800][4.914s][info][gc,heap     ] GC(47)      Used:      112M (44%)         116M (45%)         122M (48%)          54M (21%)         128M (50%)          54M (21%)    
[2026-06-17T10:22:23.296+0800][4.914s][info][gc,heap     ] GC(47)      Live:         -                17M (7%)           17M (7%)           17M (7%)             -                  -          
[2026-06-17T10:22:23.296+0800][4.915s][info][gc,heap     ] GC(47) Allocated:         -                 4M (2%)           42M (16%)          50M (20%)            -                  -          
[2026-06-17T10:22:23.297+0800][4.916s][info][gc,heap     ] GC(47)   Garbage:         -                94M (37%)          62M (24%)    17592186044410M (6         -                  -          
[2026-06-17T10:22:23.298+0800][4.917s][info][gc,heap     ] GC(47) Reclaimed:         -                  -                32M (12%)         100M (39%)            -                  -          
[2026-06-17T10:22:23.299+0800][4.917s][info][gc          ] GC(47) Garbage Collection (Allocation Rate) 112M(44%)->54M(21%)
[2026-06-17T10:22:23.363+0800][4.982s][info][gc,start    ] GC(48) Garbage Collection (Allocation Rate)
[2026-06-17T10:22:23.365+0800][4.984s][info][gc,phases   ] GC(48) Pause Mark Start 0.489ms
[2026-06-17T10:22:23.369+0800][4.987s][info][gc,phases   ] GC(48) Concurrent Mark 2.594ms
[2026-06-17T10:22:23.371+0800][4.990s][info][gc,phases   ] GC(48) Pause Mark End 0.919ms
[2026-06-17T10:22:23.372+0800][4.991s][info][gc,phases   ] GC(48) Concurrent Process Non-Strong References 0.565ms
[2026-06-17T10:22:23.373+0800][4.992s][info][gc,phases   ] GC(48) Concurrent Reset Relocation Set 0.008ms
[2026-06-17T10:22:23.374+0800][4.992s][info][gc,phases   ] GC(48) Concurrent Destroy Detached Pages 0.003ms
[2026-06-17T10:22:23.376+0800][4.995s][info][gc,phases   ] GC(48) Concurrent Select Relocation Set 1.502ms
[2026-06-17T10:22:23.377+0800][4.995s][info][gc,phases   ] GC(48) Concurrent Prepare Relocation Set 0.012ms
[2026-06-17T10:22:23.378+0800][4.997s][info][gc,phases   ] GC(48) Pause Relocate Start 0.296ms
[2026-06-17T10:22:23.379+0800][4.998s][info][gc,phases   ] GC(48) Concurrent Relocate 0.802ms
[2026-06-17T10:22:23.380+0800][4.999s][info][gc,load     ] GC(48) Load: 0.28/0.22/0.28
[2026-06-17T10:22:23.380+0800][4.999s][info][gc,mmu      ] GC(48) MMU: 2ms/51.7%, 5ms/75.2%, 10ms/84.5%, 20ms/91.2%, 50ms/96.4%, 100ms/97.4%
[2026-06-17T10:22:23.380+0800][4.999s][info][gc,marking  ] GC(48) Mark: 2 stripe(s), 1 proactive flush(es), 1 terminate flush(es), 0 completion(s), 0 continuation(s) 
[2026-06-17T10:22:23.381+0800][4.999s][info][gc,reloc    ] GC(48) Relocation: Successful, 22M relocated
[2026-06-17T10:22:23.381+0800][5.000s][info][gc,nmethod  ] GC(48) NMethods: 17 registered, 0 unregistered
[2026-06-17T10:22:23.381+0800][5.000s][info][gc,metaspace] GC(48) Metaspace: 3M used, 4M capacity, 4M committed, 8M reserved
[2026-06-17T10:22:23.381+0800][5.000s][info][gc,ref      ] GC(48) Soft: 43 encountered, 0 discovered, 0 enqueued
[2026-06-17T10:22:23.381+0800][5.000s][info][gc,ref      ] GC(48) Weak: 7 encountered, 2 discovered, 0 enqueued
[2026-06-17T10:22:23.382+0800][5.000s][info][gc,ref      ] GC(48) Final: 0 encountered, 0 discovered, 0 enqueued
[2026-06-17T10:22:23.382+0800][5.001s][info][gc,ref      ] GC(48) Phantom: 1 encountered, 1 discovered, 0 enqueued
[2026-06-17T10:22:23.382+0800][5.001s][info][gc,heap     ] GC(48)                Mark Start          Mark End        Relocate Start      Relocate End           High               Low         
[2026-06-17T10:22:23.382+0800][5.001s][info][gc,heap     ] GC(48)  Capacity:      256M (100%)        256M (100%)        256M (100%)        256M (100%)        256M (100%)        256M (100%)   
[2026-06-17T10:22:23.383+0800][5.001s][info][gc,heap     ] GC(48)   Reserve:       62M (24%)          62M (24%)          62M (24%)          62M (24%)          62M (24%)          62M (24%)    
[2026-06-17T10:22:23.383+0800][5.002s][info][gc,heap     ] GC(48)      Free:      114M (45%)         110M (43%)         138M (54%)         108M (42%)         140M (55%)         106M (41%)    
[2026-06-17T10:22:23.383+0800][5.002s][info][gc,heap     ] GC(48)      Used:       80M (31%)          84M (33%)          56M (22%)          86M (34%)          88M (34%)          54M (21%)    
[2026-06-17T10:22:23.383+0800][5.002s][info][gc,heap     ] GC(48)      Live:         -                24M (10%)          24M (10%)          24M (10%)            -                  -          
[2026-06-17T10:22:23.383+0800][5.002s][info][gc,heap     ] GC(48) Allocated:         -                 4M (2%)            4M (2%)           48M (19%)            -                  -          
[2026-06-17T10:22:23.384+0800][5.002s][info][gc,heap     ] GC(48)   Garbage:         -                55M (22%)          27M (11%)          19M (8%)             -                  -          
[2026-06-17T10:22:23.384+0800][5.003s][info][gc,heap     ] GC(48) Reclaimed:         -                  -                28M (11%)          36M (14%)            -                  -          
[2026-06-17T10:22:23.384+0800][5.003s][info][gc          ] GC(48) Garbage Collection (Allocation Rate) 80M(31%)->86M(34%)
[2026-06-17T10:22:23.463+0800][5.082s][info][gc,start    ] GC(49) Garbage Collection (Allocation Rate)
[2026-06-17T10:22:23.465+0800][5.084s][info][gc,phases   ] GC(49) Pause Mark Start 0.404ms
[2026-06-17T10:22:23.470+0800][5.089s][info][gc,phases   ] GC(49) Concurrent Mark 2.341ms
[2026-06-17T10:22:23.472+0800][5.091s][info][gc,phases   ] GC(49) Pause Mark End 0.737ms
[2026-06-17T10:22:23.475+0800][5.094s][info][gc,phases   ] GC(49) Concurrent Process Non-Strong References 0.344ms
[2026-06-17T10:22:23.476+0800][5.094s][info][gc,phases   ] GC(49) Concurrent Reset Relocation Set 0.005ms
[2026-06-17T10:22:23.477+0800][5.096s][info][gc,phases   ] GC(49) Concurrent Destroy Detached Pages 0.002ms
[2026-06-17T10:22:23.479+0800][5.098s][info][gc,phases   ] GC(49) Concurrent Select Relocation Set 1.204ms
[2026-06-17T10:22:23.481+0800][5.100s][info][gc,phases   ] GC(49) Concurrent Prepare Relocation Set 0.014ms
[2026-06-17T10:22:23.483+0800][5.102s][info][gc,phases   ] GC(49) Pause Relocate Start 0.288ms
[2026-06-17T10:22:23.486+0800][5.104s][info][gc,phases   ] GC(49) Concurrent Relocate 1.862ms
[2026-06-17T10:22:23.486+0800][5.105s][info][gc,load     ] GC(49) Load: 0.28/0.22/0.28
[2026-06-17T10:22:23.490+0800][5.109s][info][gc,mmu      ] GC(49) MMU: 2ms/51.7%, 5ms/75.2%, 10ms/84.5%, 20ms/91.2%, 50ms/96.4%, 100ms/97.4%
[2026-06-17T10:22:23.491+0800][5.110s][info][gc,marking  ] GC(49) Mark: 2 stripe(s), 1 proactive flush(es), 1 terminate flush(es), 0 completion(s), 0 continuation(s) 
[2026-06-17T10:22:23.492+0800][5.111s][info][gc,reloc    ] GC(49) Relocation: Successful, 21M relocated
[2026-06-17T10:22:23.493+0800][5.112s][info][gc,nmethod  ] GC(49) NMethods: 17 registered, 0 unregistered
[2026-06-17T10:22:23.495+0800][5.113s][info][gc,metaspace] GC(49) Metaspace: 3M used, 4M capacity, 4M committed, 8M reserved
[2026-06-17T10:22:23.497+0800][5.115s][info][gc,ref      ] GC(49) Soft: 43 encountered, 0 discovered, 0 enqueued
[2026-06-17T10:22:23.497+0800][5.116s][info][gc,ref      ] GC(49) Weak: 7 encountered, 2 discovered, 0 enqueued
[2026-06-17T10:22:23.499+0800][5.118s][info][gc,ref      ] GC(49) Final: 0 encountered, 0 discovered, 0 enqueued
[2026-06-17T10:22:23.500+0800][5.119s][info][gc,ref      ] GC(49) Phantom: 1 encountered, 1 discovered, 0 enqueued
[2026-06-17T10:22:23.501+0800][5.119s][info][gc,heap     ] GC(49)                Mark Start          Mark End        Relocate Start      Relocate End           High               Low         
[2026-06-17T10:22:23.501+0800][5.120s][info][gc,heap     ] GC(49)  Capacity:      256M (100%)        256M (100%)        256M (100%)        256M (100%)        256M (100%)        256M (100%)   
[2026-06-17T10:22:23.502+0800][5.121s][info][gc,heap     ] GC(49)   Reserve:       62M (24%)          62M (24%)          62M (24%)          62M (24%)          62M (24%)          62M (24%)    
[2026-06-17T10:22:23.503+0800][5.121s][info][gc,heap     ] GC(49)      Free:       76M (30%)          76M (30%)          70M (27%)         144M (56%)         144M (56%)          38M (15%)    
[2026-06-17T10:22:23.503+0800][5.122s][info][gc,heap     ] GC(49)      Used:      118M (46%)         118M (46%)         124M (48%)          50M (20%)         156M (61%)          50M (20%)    
[2026-06-17T10:22:23.504+0800][5.122s][info][gc,heap     ] GC(49)      Live:         -                21M (8%)           21M (8%)           21M (8%)             -                  -          
[2026-06-17T10:22:23.504+0800][5.123s][info][gc,heap     ] GC(49) Allocated:         -                 0M (0%)           38M (15%)          48M (19%)            -                  -          
[2026-06-17T10:22:23.505+0800][5.123s][info][gc,heap     ] GC(49)   Garbage:         -                96M (38%)          64M (25%)    17592186044406M (6         -                  -          
[2026-06-17T10:22:23.505+0800][5.124s][info][gc,heap     ] GC(49) Reclaimed:         -                  -                32M (12%)         106M (41%)            -                  -          
[2026-06-17T10:22:23.505+0800][5.124s][info][gc          ] GC(49) Garbage Collection (Allocation Rate) 118M(46%)->50M(20%)
[2026-06-17T10:22:23.563+0800][5.182s][info][gc,start    ] GC(50) Garbage Collection (Allocation Rate)
[2026-06-17T10:22:23.566+0800][5.184s][info][gc,phases   ] GC(50) Pause Mark Start 0.615ms
[2026-06-17T10:22:23.569+0800][5.188s][info][gc,phases   ] GC(50) Concurrent Mark 2.698ms
[2026-06-17T10:22:23.571+0800][5.190s][info][gc,phases   ] GC(50) Pause Mark End 0.703ms
[2026-06-17T10:22:23.572+0800][5.191s][info][gc,phases   ] GC(50) Concurrent Process Non-Strong References 0.279ms
[2026-06-17T10:22:23.573+0800][5.191s][info][gc,phases   ] GC(50) Concurrent Reset Relocation Set 0.004ms
[2026-06-17T10:22:23.573+0800][5.192s][info][gc,phases   ] GC(50) Concurrent Destroy Detached Pages 0.002ms
[2026-06-17T10:22:23.575+0800][5.193s][info][gc,phases   ] GC(50) Concurrent Select Relocation Set 1.242ms
[2026-06-17T10:22:23.575+0800][5.194s][info][gc,phases   ] GC(50) Concurrent Prepare Relocation Set 0.004ms
[2026-06-17T10:22:23.576+0800][5.195s][info][gc,phases   ] GC(50) Pause Relocate Start 0.247ms
[2026-06-17T10:22:23.577+0800][5.196s][info][gc,phases   ] GC(50) Concurrent Relocate 0.413ms
[2026-06-17T10:22:23.578+0800][5.196s][info][gc,load     ] GC(50) Load: 0.28/0.22/0.28
[2026-06-17T10:22:23.578+0800][5.197s][info][gc,mmu      ] GC(50) MMU: 2ms/51.7%, 5ms/75.2%, 10ms/84.5%, 20ms/91.2%, 50ms/96.4%, 100ms/97.4%
[2026-06-17T10:22:23.578+0800][5.197s][info][gc,marking  ] GC(50) Mark: 2 stripe(s), 2 proactive flush(es), 1 terminate flush(es), 0 completion(s), 0 continuation(s) 
[2026-06-17T10:22:23.579+0800][5.197s][info][gc,reloc    ] GC(50) Relocation: Successful, 23M relocated
[2026-06-17T10:22:23.579+0800][5.198s][info][gc,nmethod  ] GC(50) NMethods: 17 registered, 0 unregistered
[2026-06-17T10:22:23.579+0800][5.198s][info][gc,metaspace] GC(50) Metaspace: 3M used, 4M capacity, 4M committed, 8M reserved
[2026-06-17T10:22:23.580+0800][5.198s][info][gc,ref      ] GC(50) Soft: 43 encountered, 0 discovered, 0 enqueued
[2026-06-17T10:22:23.580+0800][5.199s][info][gc,ref      ] GC(50) Weak: 7 encountered, 2 discovered, 0 enqueued
[2026-06-17T10:22:23.580+0800][5.199s][info][gc,ref      ] GC(50) Final: 0 encountered, 0 discovered, 0 enqueued
[2026-06-17T10:22:23.580+0800][5.199s][info][gc,ref      ] GC(50) Phantom: 1 encountered, 1 discovered, 0 enqueued
[2026-06-17T10:22:23.580+0800][5.199s][info][gc,heap     ] GC(50)                Mark Start          Mark End        Relocate Start      Relocate End           High               Low         
[2026-06-17T10:22:23.580+0800][5.199s][info][gc,heap     ] GC(50)  Capacity:      256M (100%)        256M (100%)        256M (100%)        256M (100%)        256M (100%)        256M (100%)   
[2026-06-17T10:22:23.581+0800][5.199s][info][gc,heap     ] GC(50)   Reserve:       62M (24%)          62M (24%)          62M (24%)          62M (24%)          62M (24%)          62M (24%)    
[2026-06-17T10:22:23.581+0800][5.200s][info][gc,heap     ] GC(50)      Free:      118M (46%)         114M (45%)         134M (52%)         148M (58%)         148M (58%)         114M (45%)    
[2026-06-17T10:22:23.581+0800][5.200s][info][gc,heap     ] GC(50)      Used:       76M (30%)          80M (31%)          60M (23%)          46M (18%)          80M (31%)          46M (18%)    
[2026-06-17T10:22:23.581+0800][5.200s][info][gc,heap     ] GC(50)      Live:         -                27M (11%)          27M (11%)          27M (11%)            -                  -          
[2026-06-17T10:22:23.581+0800][5.200s][info][gc,heap     ] GC(50) Allocated:         -                 4M (2%)            4M (2%)           10M (4%)             -                  -          
[2026-06-17T10:22:23.581+0800][5.200s][info][gc,heap     ] GC(50)   Garbage:         -                48M (19%)          28M (11%)          14M (6%)             -                  -          
[2026-06-17T10:22:23.581+0800][5.200s][info][gc,heap     ] GC(50) Reclaimed:         -                  -                20M (8%)           34M (13%)            -                  -          
[2026-06-17T10:22:23.582+0800][5.200s][info][gc          ] GC(50) Garbage Collection (Allocation Rate) 76M(30%)->46M(18%)
[2026-06-17T10:22:23.663+0800][5.282s][info][gc,start    ] GC(51) Garbage Collection (Allocation Rate)
[2026-06-17T10:22:23.664+0800][5.283s][info][gc,phases   ] GC(51) Pause Mark Start 0.225ms
[2026-06-17T10:22:23.666+0800][5.285s][info][gc,phases   ] GC(51) Concurrent Mark 1.447ms
[2026-06-17T10:22:23.667+0800][5.286s][info][gc,phases   ] GC(51) Pause Mark End 0.286ms
[2026-06-17T10:22:23.668+0800][5.287s][info][gc,phases   ] GC(51) Concurrent Process Non-Strong References 0.256ms
[2026-06-17T10:22:23.668+0800][5.287s][info][gc,phases   ] GC(51) Concurrent Reset Relocation Set 0.003ms
[2026-06-17T10:22:23.669+0800][5.287s][info][gc,phases   ] GC(51) Concurrent Destroy Detached Pages 0.001ms
[2026-06-17T10:22:23.669+0800][5.288s][info][gc,phases   ] GC(51) Concurrent Select Relocation Set 0.480ms
[2026-06-17T10:22:23.670+0800][5.289s][info][gc,phases   ] GC(51) Concurrent Prepare Relocation Set 0.008ms
[2026-06-17T10:22:23.671+0800][5.289s][info][gc,phases   ] GC(51) Pause Relocate Start 0.129ms
[2026-06-17T10:22:23.673+0800][5.291s][info][gc,phases   ] GC(51) Concurrent Relocate 1.547ms
[2026-06-17T10:22:23.673+0800][5.292s][info][gc,load     ] GC(51) Load: 0.26/0.21/0.28
[2026-06-17T10:22:23.673+0800][5.292s][info][gc,mmu      ] GC(51) MMU: 2ms/51.7%, 5ms/75.2%, 10ms/84.5%, 20ms/91.2%, 50ms/96.4%, 100ms/97.4%
[2026-06-17T10:22:23.674+0800][5.293s][info][gc,marking  ] GC(51) Mark: 2 stripe(s), 1 proactive flush(es), 1 terminate flush(es), 0 completion(s), 0 continuation(s) 
[2026-06-17T10:22:23.674+0800][5.293s][info][gc,reloc    ] GC(51) Relocation: Successful, 22M relocated
[2026-06-17T10:22:23.675+0800][5.293s][info][gc,nmethod  ] GC(51) NMethods: 17 registered, 0 unregistered
[2026-06-17T10:22:23.675+0800][5.294s][info][gc,metaspace] GC(51) Metaspace: 3M used, 4M capacity, 4M committed, 8M reserved
[2026-06-17T10:22:23.675+0800][5.294s][info][gc,ref      ] GC(51) Soft: 43 encountered, 0 discovered, 0 enqueued
[2026-06-17T10:22:23.676+0800][5.295s][info][gc,ref      ] GC(51) Weak: 7 encountered, 2 discovered, 0 enqueued
[2026-06-17T10:22:23.676+0800][5.295s][info][gc,ref      ] GC(51) Final: 0 encountered, 0 discovered, 0 enqueued
[2026-06-17T10:22:23.677+0800][5.295s][info][gc,ref      ] GC(51) Phantom: 1 encountered, 1 discovered, 0 enqueued
[2026-06-17T10:22:23.677+0800][5.296s][info][gc,heap     ] GC(51)                Mark Start          Mark End        Relocate Start      Relocate End           High               Low         
[2026-06-17T10:22:23.677+0800][5.296s][info][gc,heap     ] GC(51)  Capacity:      256M (100%)        256M (100%)        256M (100%)        256M (100%)        256M (100%)        256M (100%)   
[2026-06-17T10:22:23.678+0800][5.297s][info][gc,heap     ] GC(51)   Reserve:       62M (24%)          62M (24%)          62M (24%)          62M (24%)          62M (24%)          62M (24%)    
[2026-06-17T10:22:23.678+0800][5.297s][info][gc,heap     ] GC(51)      Free:       86M (34%)          82M (32%)         108M (42%)         148M (58%)         148M (58%)          74M (29%)    
[2026-06-17T10:22:23.679+0800][5.297s][info][gc,heap     ] GC(51)      Used:      108M (42%)         112M (44%)          86M (34%)          46M (18%)         120M (47%)          46M (18%)    
[2026-06-17T10:22:23.679+0800][5.298s][info][gc,heap     ] GC(51)      Live:         -                24M (9%)           24M (9%)           24M (9%)             -                  -          
[2026-06-17T10:22:23.679+0800][5.298s][info][gc,heap     ] GC(51) Allocated:         -                 4M (2%)            4M (2%)           40M (16%)            -                  -          
[2026-06-17T10:22:23.679+0800][5.298s][info][gc,heap     ] GC(51)   Garbage:         -                83M (33%)          57M (23%)          17M (7%)             -                  -          
[2026-06-17T10:22:23.679+0800][5.298s][info][gc,heap     ] GC(51) Reclaimed:         -                  -                26M (10%)          66M (26%)            -                  -          
[2026-06-17T10:22:23.680+0800][5.298s][info][gc          ] GC(51) Garbage Collection (Allocation Rate) 108M(42%)->46M(18%)
[2026-06-17T10:22:23.764+0800][5.382s][info][gc,start    ] GC(52) Garbage Collection (Allocation Rate)
[2026-06-17T10:22:23.767+0800][5.385s][info][gc,phases   ] GC(52) Pause Mark Start 0.354ms
[2026-06-17T10:22:23.777+0800][5.396s][info][gc,phases   ] GC(52) Concurrent Mark 2.127ms
[2026-06-17T10:22:23.780+0800][5.399s][info][gc,phases   ] GC(52) Pause Mark End 0.608ms
[2026-06-17T10:22:23.781+0800][5.400s][info][gc,phases   ] GC(52) Concurrent Process Non-Strong References 0.122ms
[2026-06-17T10:22:23.788+0800][5.407s][info][gc,phases   ] GC(52) Concurrent Reset Relocation Set 0.004ms
[2026-06-17T10:22:23.790+0800][5.408s][info][gc,phases   ] GC(52) Concurrent Destroy Detached Pages 0.002ms
[2026-06-17T10:22:23.795+0800][5.413s][info][gc,phases   ] GC(52) Concurrent Select Relocation Set 1.192ms
[2026-06-17T10:22:23.802+0800][5.421s][info][gc,phases   ] GC(52) Concurrent Prepare Relocation Set 0.015ms
[2026-06-17T10:22:23.805+0800][5.424s][info][gc,phases   ] GC(52) Pause Relocate Start 0.345ms
[2026-06-17T10:22:23.806+0800][5.425s][info][gc,phases   ] GC(52) Concurrent Relocate 0.501ms
[2026-06-17T10:22:23.806+0800][5.425s][info][gc,load     ] GC(52) Load: 0.26/0.21/0.28
[2026-06-17T10:22:23.807+0800][5.426s][info][gc,mmu      ] GC(52) MMU: 2ms/51.7%, 5ms/75.2%, 10ms/84.5%, 20ms/91.2%, 50ms/96.4%, 100ms/97.4%
[2026-06-17T10:22:23.807+0800][5.426s][info][gc,marking  ] GC(52) Mark: 2 stripe(s), 2 proactive flush(es), 1 terminate flush(es), 0 completion(s), 0 continuation(s) 
[2026-06-17T10:22:23.807+0800][5.426s][info][gc,reloc    ] GC(52) Relocation: Successful, 20M relocated
[2026-06-17T10:22:23.808+0800][5.427s][info][gc,nmethod  ] GC(52) NMethods: 17 registered, 0 unregistered
[2026-06-17T10:22:23.808+0800][5.427s][info][gc,metaspace] GC(52) Metaspace: 3M used, 4M capacity, 4M committed, 8M reserved
[2026-06-17T10:22:23.808+0800][5.427s][info][gc,ref      ] GC(52) Soft: 43 encountered, 0 discovered, 0 enqueued
[2026-06-17T10:22:23.809+0800][5.427s][info][gc,ref      ] GC(52) Weak: 7 encountered, 2 discovered, 0 enqueued
[2026-06-17T10:22:23.809+0800][5.428s][info][gc,ref      ] GC(52) Final: 0 encountered, 0 discovered, 0 enqueued
[2026-06-17T10:22:23.809+0800][5.428s][info][gc,ref      ] GC(52) Phantom: 1 encountered, 1 discovered, 0 enqueued
[2026-06-17T10:22:23.809+0800][5.428s][info][gc,heap     ] GC(52)                Mark Start          Mark End        Relocate Start      Relocate End           High               Low         
[2026-06-17T10:22:23.810+0800][5.428s][info][gc,heap     ] GC(52)  Capacity:      256M (100%)        256M (100%)        256M (100%)        256M (100%)        256M (100%)        256M (100%)   
[2026-06-17T10:22:23.810+0800][5.429s][info][gc,heap     ] GC(52)   Reserve:       62M (24%)          62M (24%)          62M (24%)          62M (24%)          62M (24%)          62M (24%)    
[2026-06-17T10:22:23.810+0800][5.429s][info][gc,heap     ] GC(52)      Free:      112M (44%)          74M (29%)         100M (39%)         108M (42%)         112M (44%)          70M (27%)    
[2026-06-17T10:22:23.811+0800][5.429s][info][gc,heap     ] GC(52)      Used:       82M (32%)         120M (47%)          94M (37%)          86M (34%)         124M (48%)          82M (32%)    
[2026-06-17T10:22:23.811+0800][5.430s][info][gc,heap     ] GC(52)      Live:         -                22M (9%)           22M (9%)           22M (9%)             -                  -          
[2026-06-17T10:22:23.811+0800][5.430s][info][gc,heap     ] GC(52) Allocated:         -                38M (15%)          46M (18%)          52M (20%)            -                  -          
[2026-06-17T10:22:23.811+0800][5.430s][info][gc,heap     ] GC(52)   Garbage:         -                59M (23%)          25M (10%)          17M (7%)             -                  -          
[2026-06-17T10:22:23.811+0800][5.430s][info][gc,heap     ] GC(52) Reclaimed:         -                  -                34M (13%)          42M (16%)            -                  -          
[2026-06-17T10:22:23.812+0800][5.430s][info][gc          ] GC(52) Garbage Collection (Allocation Rate) 82M(32%)->86M(34%)
[2026-06-17T10:22:23.863+0800][5.482s][info][gc,start    ] GC(53) Garbage Collection (Allocation Rate)
[2026-06-17T10:22:23.867+0800][5.485s][info][gc,phases   ] GC(53) Pause Mark Start 0.448ms
[2026-06-17T10:22:23.869+0800][5.488s][info][gc,phases   ] GC(53) Concurrent Mark 1.607ms
[2026-06-17T10:22:23.871+0800][5.490s][info][gc,phases   ] GC(53) Pause Mark End 0.263ms
[2026-06-17T10:22:23.873+0800][5.492s][info][gc,phases   ] GC(53) Concurrent Process Non-Strong References 0.504ms
[2026-06-17T10:22:23.873+0800][5.492s][info][gc,phases   ] GC(53) Concurrent Reset Relocation Set 0.007ms
[2026-06-17T10:22:23.874+0800][5.493s][info][gc,phases   ] GC(53) Concurrent Destroy Detached Pages 0.003ms
[2026-06-17T10:22:23.876+0800][5.495s][info][gc,phases   ] GC(53) Concurrent Select Relocation Set 1.589ms
[2026-06-17T10:22:23.877+0800][5.496s][info][gc,phases   ] GC(53) Concurrent Prepare Relocation Set 0.014ms
[2026-06-17T10:22:23.878+0800][5.497s][info][gc,phases   ] GC(53) Pause Relocate Start 0.291ms
[2026-06-17T10:22:23.881+0800][5.500s][info][gc,phases   ] GC(53) Concurrent Relocate 2.593ms
[2026-06-17T10:22:23.882+0800][5.501s][info][gc,load     ] GC(53) Load: 0.26/0.21/0.28
[2026-06-17T10:22:23.882+0800][5.501s][info][gc,mmu      ] GC(53) MMU: 2ms/51.7%, 5ms/75.2%, 10ms/84.5%, 20ms/91.2%, 50ms/96.4%, 100ms/97.4%
[2026-06-17T10:22:23.883+0800][5.502s][info][gc,marking  ] GC(53) Mark: 2 stripe(s), 1 proactive flush(es), 1 terminate flush(es), 0 completion(s), 0 continuation(s) 
[2026-06-17T10:22:23.883+0800][5.502s][info][gc,reloc    ] GC(53) Relocation: Successful, 26M relocated
[2026-06-17T10:22:23.884+0800][5.502s][info][gc,nmethod  ] GC(53) NMethods: 17 registered, 0 unregistered
[2026-06-17T10:22:23.884+0800][5.503s][info][gc,metaspace] GC(53) Metaspace: 3M used, 4M capacity, 4M committed, 8M reserved
[2026-06-17T10:22:23.885+0800][5.503s][info][gc,ref      ] GC(53) Soft: 43 encountered, 0 discovered, 0 enqueued
[2026-06-17T10:22:23.885+0800][5.504s][info][gc,ref      ] GC(53) Weak: 7 encountered, 2 discovered, 0 enqueued
[2026-06-17T10:22:23.885+0800][5.504s][info][gc,ref      ] GC(53) Final: 0 encountered, 0 discovered, 0 enqueued
[2026-06-17T10:22:23.886+0800][5.505s][info][gc,ref      ] GC(53) Phantom: 1 encountered, 1 discovered, 0 enqueued
[2026-06-17T10:22:23.886+0800][5.505s][info][gc,heap     ] GC(53)                Mark Start          Mark End        Relocate Start      Relocate End           High               Low         
[2026-06-17T10:22:23.886+0800][5.505s][info][gc,heap     ] GC(53)  Capacity:      256M (100%)        256M (100%)        256M (100%)        256M (100%)        256M (100%)        256M (100%)   
[2026-06-17T10:22:23.887+0800][5.505s][info][gc,heap     ] GC(53)   Reserve:       62M (24%)          62M (24%)          62M (24%)          62M (24%)          62M (24%)          62M (24%)    
[2026-06-17T10:22:23.887+0800][5.506s][info][gc,heap     ] GC(53)      Free:       86M (34%)          86M (34%)          76M (30%)         146M (57%)         146M (57%)          48M (19%)    
[2026-06-17T10:22:23.887+0800][5.506s][info][gc,heap     ] GC(53)      Used:      108M (42%)         108M (42%)         118M (46%)          48M (19%)         146M (57%)          48M (19%)    
[2026-06-17T10:22:23.887+0800][5.506s][info][gc,heap     ] GC(53)      Live:         -                28M (11%)          28M (11%)          28M (11%)            -                  -          
[2026-06-17T10:22:23.887+0800][5.506s][info][gc,heap     ] GC(53) Allocated:         -                 0M (0%)           38M (15%)          44M (17%)            -                  -          
[2026-06-17T10:22:23.887+0800][5.506s][info][gc,heap     ] GC(53)   Garbage:         -                79M (31%)          51M (20%)    17592186044397M (6         -                  -          
[2026-06-17T10:22:23.888+0800][5.506s][info][gc,heap     ] GC(53) Reclaimed:         -                  -                28M (11%)          98M (38%)            -                  -          
[2026-06-17T10:22:23.888+0800][5.507s][info][gc          ] GC(53) Garbage Collection (Allocation Rate) 108M(42%)->48M(19%)
[2026-06-17T10:22:23.963+0800][5.582s][info][gc,start    ] GC(54) Garbage Collection (Allocation Rate)
[2026-06-17T10:22:23.965+0800][5.584s][info][gc,phases   ] GC(54) Pause Mark Start 0.443ms
[2026-06-17T10:22:23.969+0800][5.587s][info][gc,phases   ] GC(54) Concurrent Mark 2.452ms
[2026-06-17T10:22:23.971+0800][5.590s][info][gc,phases   ] GC(54) Pause Mark End 0.973ms
[2026-06-17T10:22:23.972+0800][5.591s][info][gc,phases   ] GC(54) Concurrent Process Non-Strong References 0.432ms
[2026-06-17T10:22:23.973+0800][5.592s][info][gc,phases   ] GC(54) Concurrent Reset Relocation Set 0.007ms
[2026-06-17T10:22:23.974+0800][5.592s][info][gc,phases   ] GC(54) Concurrent Destroy Detached Pages 0.002ms
[2026-06-17T10:22:23.976+0800][5.594s][info][gc,phases   ] GC(54) Concurrent Select Relocation Set 1.468ms
[2026-06-17T10:22:23.976+0800][5.595s][info][gc,phases   ] GC(54) Concurrent Prepare Relocation Set 0.011ms
[2026-06-17T10:22:23.977+0800][5.596s][info][gc,phases   ] GC(54) Pause Relocate Start 0.273ms
[2026-06-17T10:22:23.978+0800][5.597s][info][gc,phases   ] GC(54) Concurrent Relocate 0.444ms
[2026-06-17T10:22:23.978+0800][5.597s][info][gc,load     ] GC(54) Load: 0.26/0.21/0.28
[2026-06-17T10:22:23.979+0800][5.597s][info][gc,mmu      ] GC(54) MMU: 2ms/51.4%, 5ms/75.2%, 10ms/84.5%, 20ms/91.2%, 50ms/96.4%, 100ms/97.4%
[2026-06-17T10:22:23.979+0800][5.598s][info][gc,marking  ] GC(54) Mark: 2 stripe(s), 1 proactive flush(es), 1 terminate flush(es), 0 completion(s), 0 continuation(s) 
[2026-06-17T10:22:23.979+0800][5.598s][info][gc,reloc    ] GC(54) Relocation: Successful, 25M relocated
[2026-06-17T10:22:23.979+0800][5.598s][info][gc,nmethod  ] GC(54) NMethods: 17 registered, 0 unregistered
[2026-06-17T10:22:23.979+0800][5.598s][info][gc,metaspace] GC(54) Metaspace: 3M used, 4M capacity, 4M committed, 8M reserved
[2026-06-17T10:22:23.980+0800][5.598s][info][gc,ref      ] GC(54) Soft: 43 encountered, 0 discovered, 0 enqueued
[2026-06-17T10:22:23.980+0800][5.599s][info][gc,ref      ] GC(54) Weak: 7 encountered, 2 discovered, 0 enqueued
[2026-06-17T10:22:23.980+0800][5.599s][info][gc,ref      ] GC(54) Final: 0 encountered, 0 discovered, 0 enqueued
[2026-06-17T10:22:23.980+0800][5.599s][info][gc,ref      ] GC(54) Phantom: 1 encountered, 1 discovered, 0 enqueued
[2026-06-17T10:22:23.980+0800][5.599s][info][gc,heap     ] GC(54)                Mark Start          Mark End        Relocate Start      Relocate End           High               Low         
[2026-06-17T10:22:23.981+0800][5.600s][info][gc,heap     ] GC(54)  Capacity:      256M (100%)        256M (100%)        256M (100%)        256M (100%)        256M (100%)        256M (100%)   
[2026-06-17T10:22:23.981+0800][5.600s][info][gc,heap     ] GC(54)   Reserve:       62M (24%)          62M (24%)          62M (24%)          62M (24%)          62M (24%)          62M (24%)    
[2026-06-17T10:22:23.981+0800][5.600s][info][gc,heap     ] GC(54)      Free:      116M (45%)         116M (45%)         104M (41%)         114M (45%)         116M (45%)          78M (30%)    
[2026-06-17T10:22:23.981+0800][5.600s][info][gc,heap     ] GC(54)      Used:       78M (30%)          78M (30%)          90M (35%)          80M (31%)         116M (45%)          78M (30%)    
[2026-06-17T10:22:23.981+0800][5.600s][info][gc,heap     ] GC(54)      Live:         -                25M (10%)          25M (10%)          25M (10%)            -                  -          
[2026-06-17T10:22:23.982+0800][5.600s][info][gc,heap     ] GC(54) Allocated:         -                 0M (0%)           38M (15%)          46M (18%)            -                  -          
[2026-06-17T10:22:23.982+0800][5.600s][info][gc,heap     ] GC(54)   Garbage:         -                52M (21%)          26M (11%)          16M (7%)             -                  -          
[2026-06-17T10:22:23.982+0800][5.601s][info][gc,heap     ] GC(54) Reclaimed:         -                  -                26M (10%)          36M (14%)            -                  -          
[2026-06-17T10:22:23.982+0800][5.601s][info][gc          ] GC(54) Garbage Collection (Allocation Rate) 78M(30%)->80M(31%)
[2026-06-17T10:22:24.063+0800][5.682s][info][gc,start    ] GC(55) Garbage Collection (Allocation Rate)
[2026-06-17T10:22:24.065+0800][5.683s][info][gc,phases   ] GC(55) Pause Mark Start 0.424ms
[2026-06-17T10:22:24.068+0800][5.686s][info][gc,phases   ] GC(55) Concurrent Mark 2.329ms
[2026-06-17T10:22:24.070+0800][5.689s][info][gc,phases   ] GC(55) Pause Mark End 0.829ms
[2026-06-17T10:22:24.071+0800][5.690s][info][gc,phases   ] GC(55) Concurrent Process Non-Strong References 0.386ms
[2026-06-17T10:22:24.072+0800][5.691s][info][gc,phases   ] GC(55) Concurrent Reset Relocation Set 0.006ms
[2026-06-17T10:22:24.072+0800][5.691s][info][gc,phases   ] GC(55) Concurrent Destroy Detached Pages 0.002ms
[2026-06-17T10:22:24.074+0800][5.692s][info][gc,phases   ] GC(55) Concurrent Select Relocation Set 1.144ms
[2026-06-17T10:22:24.074+0800][5.693s][info][gc,phases   ] GC(55) Concurrent Prepare Relocation Set 0.007ms
[2026-06-17T10:22:24.076+0800][5.694s][info][gc,phases   ] GC(55) Pause Relocate Start 0.239ms
[2026-06-17T10:22:24.079+0800][5.697s][info][gc,phases   ] GC(55) Concurrent Relocate 2.444ms
[2026-06-17T10:22:24.079+0800][5.698s][info][gc,load     ] GC(55) Load: 0.26/0.21/0.28
[2026-06-17T10:22:24.079+0800][5.698s][info][gc,mmu      ] GC(55) MMU: 2ms/51.4%, 5ms/75.2%, 10ms/84.5%, 20ms/91.2%, 50ms/96.4%, 100ms/97.4%
[2026-06-17T10:22:24.080+0800][5.699s][info][gc,marking  ] GC(55) Mark: 2 stripe(s), 1 proactive flush(es), 1 terminate flush(es), 0 completion(s), 0 continuation(s) 
[2026-06-17T10:22:24.080+0800][5.699s][info][gc,reloc    ] GC(55) Relocation: Successful, 27M relocated
[2026-06-17T10:22:24.082+0800][5.700s][info][gc,nmethod  ] GC(55) NMethods: 17 registered, 0 unregistered
[2026-06-17T10:22:24.082+0800][5.701s][info][gc,metaspace] GC(55) Metaspace: 3M used, 4M capacity, 4M committed, 8M reserved
[2026-06-17T10:22:24.082+0800][5.701s][info][gc,ref      ] GC(55) Soft: 43 encountered, 0 discovered, 0 enqueued
[2026-06-17T10:22:24.082+0800][5.701s][info][gc,ref      ] GC(55) Weak: 7 encountered, 2 discovered, 0 enqueued
[2026-06-17T10:22:24.082+0800][5.701s][info][gc,ref      ] GC(55) Final: 0 encountered, 0 discovered, 0 enqueued
[2026-06-17T10:22:24.083+0800][5.701s][info][gc,ref      ] GC(55) Phantom: 1 encountered, 1 discovered, 0 enqueued
[2026-06-17T10:22:24.083+0800][5.702s][info][gc,heap     ] GC(55)                Mark Start          Mark End        Relocate Start      Relocate End           High               Low         
[2026-06-17T10:22:24.083+0800][5.702s][info][gc,heap     ] GC(55)  Capacity:      256M (100%)        256M (100%)        256M (100%)        256M (100%)        256M (100%)        256M (100%)   
[2026-06-17T10:22:24.083+0800][5.702s][info][gc,heap     ] GC(55)   Reserve:       62M (24%)          62M (24%)          62M (24%)          62M (24%)          62M (24%)          62M (24%)    
[2026-06-17T10:22:24.083+0800][5.702s][info][gc,heap     ] GC(55)      Free:       84M (33%)          84M (33%)          72M (28%)         142M (55%)         142M (55%)          46M (18%)    
[2026-06-17T10:22:24.083+0800][5.702s][info][gc,heap     ] GC(55)      Used:      110M (43%)         110M (43%)         122M (48%)          52M (20%)         148M (58%)          52M (20%)    
[2026-06-17T10:22:24.084+0800][5.702s][info][gc,heap     ] GC(55)      Live:         -                30M (12%)          30M (12%)          30M (12%)            -                  -          
[2026-06-17T10:22:24.084+0800][5.702s][info][gc,heap     ] GC(55) Allocated:         -                 0M (0%)           38M (15%)          46M (18%)            -                  -          
[2026-06-17T10:22:24.084+0800][5.703s][info][gc,heap     ] GC(55)   Garbage:         -                79M (31%)          53M (21%)    17592186044399M (6         -                  -          
[2026-06-17T10:22:24.084+0800][5.703s][info][gc,heap     ] GC(55) Reclaimed:         -                  -                26M (10%)          96M (38%)            -                  -          
[2026-06-17T10:22:24.084+0800][5.703s][info][gc          ] GC(55) Garbage Collection (Allocation Rate) 110M(43%)->52M(20%)
[2026-06-17T10:22:24.163+0800][5.782s][info][gc,start    ] GC(56) Garbage Collection (Allocation Rate)
[2026-06-17T10:22:24.165+0800][5.783s][info][gc,phases   ] GC(56) Pause Mark Start 0.305ms
[2026-06-17T10:22:24.168+0800][5.787s][info][gc,phases   ] GC(56) Concurrent Mark 2.080ms
[2026-06-17T10:22:24.170+0800][5.788s][info][gc,phases   ] GC(56) Pause Mark End 0.651ms
[2026-06-17T10:22:24.171+0800][5.790s][info][gc,phases   ] GC(56) Concurrent Process Non-Strong References 0.603ms
[2026-06-17T10:22:24.172+0800][5.791s][info][gc,phases   ] GC(56) Concurrent Reset Relocation Set 0.006ms
[2026-06-17T10:22:24.173+0800][5.792s][info][gc,phases   ] GC(56) Concurrent Destroy Detached Pages 0.002ms
[2026-06-17T10:22:24.175+0800][5.794s][info][gc,phases   ] GC(56) Concurrent Select Relocation Set 1.446ms
[2026-06-17T10:22:24.176+0800][5.795s][info][gc,phases   ] GC(56) Concurrent Prepare Relocation Set 0.016ms
[2026-06-17T10:22:24.178+0800][5.796s][info][gc,phases   ] GC(56) Pause Relocate Start 0.300ms
[2026-06-17T10:22:24.179+0800][5.798s][info][gc,phases   ] GC(56) Concurrent Relocate 0.512ms
[2026-06-17T10:22:24.180+0800][5.799s][info][gc,load     ] GC(56) Load: 0.26/0.21/0.28
[2026-06-17T10:22:24.181+0800][5.799s][info][gc,mmu      ] GC(56) MMU: 2ms/51.4%, 5ms/75.2%, 10ms/84.5%, 20ms/91.2%, 50ms/96.4%, 100ms/97.4%
[2026-06-17T10:22:24.181+0800][5.800s][info][gc,marking  ] GC(56) Mark: 2 stripe(s), 1 proactive flush(es), 1 terminate flush(es), 0 completion(s), 0 continuation(s) 
[2026-06-17T10:22:24.182+0800][5.801s][info][gc,reloc    ] GC(56) Relocation: Successful, 21M relocated
[2026-06-17T10:22:24.182+0800][5.801s][info][gc,nmethod  ] GC(56) NMethods: 17 registered, 0 unregistered
[2026-06-17T10:22:24.183+0800][5.802s][info][gc,metaspace] GC(56) Metaspace: 3M used, 4M capacity, 4M committed, 8M reserved
[2026-06-17T10:22:24.184+0800][5.802s][info][gc,ref      ] GC(56) Soft: 43 encountered, 0 discovered, 0 enqueued
[2026-06-17T10:22:24.184+0800][5.803s][info][gc,ref      ] GC(56) Weak: 7 encountered, 2 discovered, 0 enqueued
[2026-06-17T10:22:24.185+0800][5.804s][info][gc,ref      ] GC(56) Final: 0 encountered, 0 discovered, 0 enqueued
[2026-06-17T10:22:24.186+0800][5.804s][info][gc,ref      ] GC(56) Phantom: 1 encountered, 1 discovered, 0 enqueued
[2026-06-17T10:22:24.186+0800][5.805s][info][gc,heap     ] GC(56)                Mark Start          Mark End        Relocate Start      Relocate End           High               Low         
[2026-06-17T10:22:24.187+0800][5.805s][info][gc,heap     ] GC(56)  Capacity:      256M (100%)        256M (100%)        256M (100%)        256M (100%)        256M (100%)        256M (100%)   
[2026-06-17T10:22:24.187+0800][5.806s][info][gc,heap     ] GC(56)   Reserve:       62M (24%)          62M (24%)          62M (24%)          62M (24%)          62M (24%)          62M (24%)    
[2026-06-17T10:22:24.188+0800][5.807s][info][gc,heap     ] GC(56)      Free:      114M (45%)         114M (45%)         100M (39%)         114M (45%)         114M (45%)          76M (30%)    
[2026-06-17T10:22:24.188+0800][5.807s][info][gc,heap     ] GC(56)      Used:       80M (31%)          80M (31%)          94M (37%)          80M (31%)         118M (46%)          80M (31%)    
[2026-06-17T10:22:24.189+0800][5.808s][info][gc,heap     ] GC(56)      Live:         -                23M (9%)           23M (9%)           23M (9%)             -                  -          
[2026-06-17T10:22:24.190+0800][5.809s][info][gc,heap     ] GC(56) Allocated:         -                 0M (0%)           38M (15%)          46M (18%)            -                  -          
[2026-06-17T10:22:24.190+0800][5.809s][info][gc,heap     ] GC(56)   Garbage:         -                56M (22%)          32M (13%)          18M (7%)             -                  -          
[2026-06-17T10:22:24.191+0800][5.810s][info][gc,heap     ] GC(56) Reclaimed:         -                  -                24M (9%)           38M (15%)            -                  -          
[2026-06-17T10:22:24.192+0800][5.810s][info][gc          ] GC(56) Garbage Collection (Allocation Rate) 80M(31%)->80M(31%)
[2026-06-17T10:22:24.263+0800][5.882s][info][gc,start    ] GC(57) Garbage Collection (Allocation Rate)
[2026-06-17T10:22:24.265+0800][5.884s][info][gc,phases   ] GC(57) Pause Mark Start 0.326ms
[2026-06-17T10:22:24.268+0800][5.886s][info][gc,phases   ] GC(57) Concurrent Mark 1.620ms
[2026-06-17T10:22:24.269+0800][5.888s][info][gc,phases   ] GC(57) Pause Mark End 0.291ms
[2026-06-17T10:22:24.270+0800][5.888s][info][gc,phases   ] GC(57) Concurrent Process Non-Strong References 0.121ms
[2026-06-17T10:22:24.271+0800][5.889s][info][gc,phases   ] GC(57) Concurrent Reset Relocation Set 0.003ms
[2026-06-17T10:22:24.271+0800][5.890s][info][gc,phases   ] GC(57) Concurrent Destroy Detached Pages 0.001ms
[2026-06-17T10:22:24.273+0800][5.891s][info][gc,phases   ] GC(57) Concurrent Select Relocation Set 0.674ms
[2026-06-17T10:22:24.273+0800][5.892s][info][gc,phases   ] GC(57) Concurrent Prepare Relocation Set 0.020ms
[2026-06-17T10:22:24.275+0800][5.894s][info][gc,phases   ] GC(57) Pause Relocate Start 0.413ms
[2026-06-17T10:22:24.278+0800][5.896s][info][gc,phases   ] GC(57) Concurrent Relocate 1.498ms
[2026-06-17T10:22:24.278+0800][5.897s][info][gc,load     ] GC(57) Load: 0.26/0.21/0.28
[2026-06-17T10:22:24.279+0800][5.898s][info][gc,mmu      ] GC(57) MMU: 2ms/51.4%, 5ms/75.2%, 10ms/84.5%, 20ms/91.2%, 50ms/96.4%, 100ms/97.4%
[2026-06-17T10:22:24.280+0800][5.899s][info][gc,marking  ] GC(57) Mark: 2 stripe(s), 1 proactive flush(es), 1 terminate flush(es), 0 completion(s), 0 continuation(s) 
[2026-06-17T10:22:24.281+0800][5.900s][info][gc,reloc    ] GC(57) Relocation: Successful, 19M relocated
[2026-06-17T10:22:24.282+0800][5.901s][info][gc,nmethod  ] GC(57) NMethods: 17 registered, 0 unregistered
[2026-06-17T10:22:24.283+0800][5.902s][info][gc,metaspace] GC(57) Metaspace: 3M used, 4M capacity, 4M committed, 8M reserved
[2026-06-17T10:22:24.284+0800][5.902s][info][gc,ref      ] GC(57) Soft: 43 encountered, 0 discovered, 0 enqueued
[2026-06-17T10:22:24.284+0800][5.903s][info][gc,ref      ] GC(57) Weak: 7 encountered, 2 discovered, 0 enqueued
[2026-06-17T10:22:24.285+0800][5.904s][info][gc,ref      ] GC(57) Final: 0 encountered, 0 discovered, 0 enqueued
[2026-06-17T10:22:24.286+0800][5.905s][info][gc,ref      ] GC(57) Phantom: 1 encountered, 1 discovered, 0 enqueued
[2026-06-17T10:22:24.287+0800][5.905s][info][gc,heap     ] GC(57)                Mark Start          Mark End        Relocate Start      Relocate End           High               Low         
[2026-06-17T10:22:24.287+0800][5.906s][info][gc,heap     ] GC(57)  Capacity:      256M (100%)        256M (100%)        256M (100%)        256M (100%)        256M (100%)        256M (100%)   
[2026-06-17T10:22:24.288+0800][5.907s][info][gc,heap     ] GC(57)   Reserve:       62M (24%)          62M (24%)          62M (24%)          62M (24%)          62M (24%)          62M (24%)    
[2026-06-17T10:22:24.289+0800][5.908s][info][gc,heap     ] GC(57)      Free:       86M (34%)          48M (19%)          74M (29%)         146M (57%)         146M (57%)          48M (19%)    
[2026-06-17T10:22:24.290+0800][5.908s][info][gc,heap     ] GC(57)      Used:      108M (42%)         146M (57%)         120M (47%)          48M (19%)         146M (57%)          48M (19%)    
[2026-06-17T10:22:24.290+0800][5.909s][info][gc,heap     ] GC(57)      Live:         -                20M (8%)           20M (8%)           20M (8%)             -                  -          
[2026-06-17T10:22:24.291+0800][5.910s][info][gc,heap     ] GC(57) Allocated:         -                38M (15%)          38M (15%)          46M (18%)            -                  -          
[2026-06-17T10:22:24.292+0800][5.910s][info][gc,heap     ] GC(57)   Garbage:         -                87M (34%)          61M (24%)    17592186044405M (6         -                  -          
[2026-06-17T10:22:24.292+0800][5.911s][info][gc,heap     ] GC(57) Reclaimed:         -                  -                26M (10%)          98M (38%)            -                  -          
[2026-06-17T10:22:24.293+0800][5.912s][info][gc          ] GC(57) Garbage Collection (Allocation Rate) 108M(42%)->48M(19%)
[2026-06-17T10:22:24.363+0800][5.982s][info][gc,start    ] GC(58) Garbage Collection (Allocation Rate)
[2026-06-17T10:22:24.364+0800][5.983s][info][gc,phases   ] GC(58) Pause Mark Start 0.193ms
[2026-06-17T10:22:24.368+0800][5.987s][info][gc,phases   ] GC(58) Concurrent Mark 1.600ms
[2026-06-17T10:22:24.369+0800][5.988s][info][gc,phases   ] GC(58) Pause Mark End 0.265ms
[2026-06-17T10:22:24.370+0800][5.988s][info][gc,phases   ] GC(58) Concurrent Process Non-Strong References 0.125ms
[2026-06-17T10:22:24.372+0800][5.991s][info][gc,phases   ] GC(58) Concurrent Reset Relocation Set 0.005ms
[2026-06-17T10:22:24.373+0800][5.991s][info][gc,phases   ] GC(58) Concurrent Destroy Detached Pages 0.001ms
[2026-06-17T10:22:24.374+0800][5.992s][info][gc,phases   ] GC(58) Concurrent Select Relocation Set 0.565ms
[2026-06-17T10:22:24.374+0800][5.993s][info][gc,phases   ] GC(58) Concurrent Prepare Relocation Set 0.002ms
[2026-06-17T10:22:24.375+0800][5.994s][info][gc,phases   ] GC(58) Pause Relocate Start 0.165ms
[2026-06-17T10:22:24.375+0800][5.994s][info][gc,phases   ] GC(58) Concurrent Relocate 0.328ms
[2026-06-17T10:22:24.376+0800][5.995s][info][gc,load     ] GC(58) Load: 0.26/0.21/0.28
[2026-06-17T10:22:24.377+0800][5.995s][info][gc,mmu      ] GC(58) MMU: 2ms/51.4%, 5ms/75.2%, 10ms/84.5%, 20ms/91.2%, 50ms/96.4%, 100ms/97.4%
[2026-06-17T10:22:24.377+0800][5.996s][info][gc,marking  ] GC(58) Mark: 2 stripe(s), 1 proactive flush(es), 1 terminate flush(es), 0 completion(s), 0 continuation(s) 
[2026-06-17T10:22:24.378+0800][5.997s][info][gc,reloc    ] GC(58) Relocation: Successful, 24M relocated
[2026-06-17T10:22:24.378+0800][5.997s][info][gc,nmethod  ] GC(58) NMethods: 18 registered, 0 unregistered
[2026-06-17T10:22:24.379+0800][5.998s][info][gc,metaspace] GC(58) Metaspace: 3M used, 4M capacity, 4M committed, 8M reserved
[2026-06-17T10:22:24.379+0800][5.998s][info][gc,ref      ] GC(58) Soft: 43 encountered, 0 discovered, 0 enqueued
[2026-06-17T10:22:24.380+0800][5.999s][info][gc,ref      ] GC(58) Weak: 7 encountered, 2 discovered, 0 enqueued
[2026-06-17T10:22:24.380+0800][5.999s][info][gc,ref      ] GC(58) Final: 0 encountered, 0 discovered, 0 enqueued
[2026-06-17T10:22:24.381+0800][5.999s][info][gc,ref      ] GC(58) Phantom: 1 encountered, 1 discovered, 0 enqueued
[2026-06-17T10:22:24.381+0800][6.000s][info][gc,heap     ] GC(58)                Mark Start          Mark End        Relocate Start      Relocate End           High               Low         
[2026-06-17T10:22:24.382+0800][6.001s][info][gc,heap     ] GC(58)  Capacity:      256M (100%)        256M (100%)        256M (100%)        256M (100%)        256M (100%)        256M (100%)   
[2026-06-17T10:22:24.383+0800][6.001s][info][gc,heap     ] GC(58)   Reserve:       62M (24%)          62M (24%)          62M (24%)          62M (24%)          62M (24%)          62M (24%)    
[2026-06-17T10:22:24.383+0800][6.002s][info][gc,heap     ] GC(58)      Free:      112M (44%)         112M (44%)         132M (52%)         148M (58%)         148M (58%)         112M (44%)    
[2026-06-17T10:22:24.384+0800][6.002s][info][gc,heap     ] GC(58)      Used:       82M (32%)          82M (32%)          62M (24%)          46M (18%)          82M (32%)          46M (18%)    
[2026-06-17T10:22:24.384+0800][6.003s][info][gc,heap     ] GC(58)      Live:         -                28M (11%)          28M (11%)          28M (11%)            -                  -          
[2026-06-17T10:22:24.385+0800][6.003s][info][gc,heap     ] GC(58) Allocated:         -                 0M (0%)            4M (2%)           10M (4%)             -                  -          
[2026-06-17T10:22:24.385+0800][6.004s][info][gc,heap     ] GC(58)   Garbage:         -                53M (21%)          29M (12%)          13M (5%)             -                  -          
[2026-06-17T10:22:24.386+0800][6.004s][info][gc,heap     ] GC(58) Reclaimed:         -                  -                24M (9%)           40M (16%)            -                  -          
[2026-06-17T10:22:24.386+0800][6.005s][info][gc          ] GC(58) Garbage Collection (Allocation Rate) 82M(32%)->46M(18%)
[2026-06-17T10:22:24.463+0800][6.082s][info][gc,start    ] GC(59) Garbage Collection (Allocation Rate)
[2026-06-17T10:22:24.465+0800][6.084s][info][gc,phases   ] GC(59) Pause Mark Start 0.519ms
[2026-06-17T10:22:24.470+0800][6.088s][info][gc,phases   ] GC(59) Concurrent Mark 2.181ms
[2026-06-17T10:22:24.472+0800][6.090s][info][gc,phases   ] GC(59) Pause Mark End 0.637ms
[2026-06-17T10:22:24.473+0800][6.092s][info][gc,phases   ] GC(59) Concurrent Process Non-Strong References 0.283ms
[2026-06-17T10:22:24.474+0800][6.093s][info][gc,phases   ] GC(59) Concurrent Reset Relocation Set 0.004ms
[2026-06-17T10:22:24.475+0800][6.093s][info][gc,phases   ] GC(59) Concurrent Destroy Detached Pages 0.002ms
[2026-06-17T10:22:24.476+0800][6.095s][info][gc,phases   ] GC(59) Concurrent Select Relocation Set 1.114ms
[2026-06-17T10:22:24.477+0800][6.096s][info][gc,phases   ] GC(59) Concurrent Prepare Relocation Set 0.015ms
[2026-06-17T10:22:24.478+0800][6.097s][info][gc,phases   ] GC(59) Pause Relocate Start 0.317ms
[2026-06-17T10:22:24.481+0800][6.100s][info][gc,phases   ] GC(59) Concurrent Relocate 1.999ms
[2026-06-17T10:22:24.481+0800][6.100s][info][gc,load     ] GC(59) Load: 0.26/0.21/0.28
[2026-06-17T10:22:24.481+0800][6.100s][info][gc,mmu      ] GC(59) MMU: 2ms/51.4%, 5ms/75.2%, 10ms/84.5%, 20ms/91.2%, 50ms/96.4%, 100ms/97.4%
[2026-06-17T10:22:24.482+0800][6.100s][info][gc,marking  ] GC(59) Mark: 2 stripe(s), 1 proactive flush(es), 1 terminate flush(es), 0 completion(s), 0 continuation(s) 
[2026-06-17T10:22:24.482+0800][6.101s][info][gc,reloc    ] GC(59) Relocation: Successful, 25M relocated
[2026-06-17T10:22:24.482+0800][6.101s][info][gc,nmethod  ] GC(59) NMethods: 18 registered, 0 unregistered
[2026-06-17T10:22:24.482+0800][6.101s][info][gc,metaspace] GC(59) Metaspace: 3M used, 4M capacity, 4M committed, 8M reserved
[2026-06-17T10:22:24.483+0800][6.101s][info][gc,ref      ] GC(59) Soft: 43 encountered, 0 discovered, 0 enqueued
[2026-06-17T10:22:24.483+0800][6.101s][info][gc,ref      ] GC(59) Weak: 7 encountered, 2 discovered, 0 enqueued
[2026-06-17T10:22:24.483+0800][6.102s][info][gc,ref      ] GC(59) Final: 0 encountered, 0 discovered, 0 enqueued
[2026-06-17T10:22:24.483+0800][6.102s][info][gc,ref      ] GC(59) Phantom: 1 encountered, 1 discovered, 0 enqueued
[2026-06-17T10:22:24.483+0800][6.102s][info][gc,heap     ] GC(59)                Mark Start          Mark End        Relocate Start      Relocate End           High               Low         
[2026-06-17T10:22:24.483+0800][6.102s][info][gc,heap     ] GC(59)  Capacity:      256M (100%)        256M (100%)        256M (100%)        256M (100%)        256M (100%)        256M (100%)   
[2026-06-17T10:22:24.484+0800][6.102s][info][gc,heap     ] GC(59)   Reserve:       62M (24%)          62M (24%)          62M (24%)          62M (24%)          62M (24%)          62M (24%)    
[2026-06-17T10:22:24.484+0800][6.102s][info][gc,heap     ] GC(59)      Free:       84M (33%)          80M (31%)         106M (41%)         144M (56%)         144M (56%)          70M (27%)    
[2026-06-17T10:22:24.484+0800][6.102s][info][gc,heap     ] GC(59)      Used:      110M (43%)         114M (45%)          88M (34%)          50M (20%)         124M (48%)          50M (20%)    
[2026-06-17T10:22:24.484+0800][6.103s][info][gc,heap     ] GC(59)      Live:         -                25M (10%)          25M (10%)          25M (10%)            -                  -          
[2026-06-17T10:22:24.484+0800][6.103s][info][gc,heap     ] GC(59) Allocated:         -                 4M (2%)            4M (2%)           46M (18%)            -                  -          
[2026-06-17T10:22:24.484+0800][6.103s][info][gc,heap     ] GC(59)   Garbage:         -                84M (33%)          58M (23%)          18M (7%)             -                  -          
[2026-06-17T10:22:24.484+0800][6.103s][info][gc,heap     ] GC(59) Reclaimed:         -                  -                26M (10%)          66M (26%)            -                  -          
[2026-06-17T10:22:24.484+0800][6.103s][info][gc          ] GC(59) Garbage Collection (Allocation Rate) 110M(43%)->50M(20%)
[2026-06-17T10:22:24.564+0800][6.182s][info][gc,start    ] GC(60) Garbage Collection (Allocation Rate)
[2026-06-17T10:22:24.565+0800][6.184s][info][gc,phases   ] GC(60) Pause Mark Start 0.532ms
[2026-06-17T10:22:24.569+0800][6.187s][info][gc,phases   ] GC(60) Concurrent Mark 2.489ms
[2026-06-17T10:22:24.571+0800][6.189s][info][gc,phases   ] GC(60) Pause Mark End 1.040ms
[2026-06-17T10:22:24.572+0800][6.190s][info][gc,phases   ] GC(60) Concurrent Process Non-Strong References 0.443ms
[2026-06-17T10:22:24.572+0800][6.191s][info][gc,phases   ] GC(60) Concurrent Reset Relocation Set 0.006ms
[2026-06-17T10:22:24.573+0800][6.192s][info][gc,phases   ] GC(60) Concurrent Destroy Detached Pages 0.002ms
[2026-06-17T10:22:24.575+0800][6.194s][info][gc,phases   ] GC(60) Concurrent Select Relocation Set 1.362ms
[2026-06-17T10:22:24.575+0800][6.194s][info][gc,phases   ] GC(60) Concurrent Prepare Relocation Set 0.007ms
[2026-06-17T10:22:24.577+0800][6.195s][info][gc,phases   ] GC(60) Pause Relocate Start 0.381ms
[2026-06-17T10:22:24.578+0800][6.196s][info][gc,phases   ] GC(60) Concurrent Relocate 0.294ms
[2026-06-17T10:22:24.578+0800][6.197s][info][gc,load     ] GC(60) Load: 0.26/0.21/0.28
[2026-06-17T10:22:24.579+0800][6.197s][info][gc,mmu      ] GC(60) MMU: 2ms/48.0%, 5ms/75.2%, 10ms/84.3%, 20ms/90.2%, 50ms/96.1%, 100ms/97.4%
[2026-06-17T10:22:24.579+0800][6.198s][info][gc,marking  ] GC(60) Mark: 2 stripe(s), 1 proactive flush(es), 1 terminate flush(es), 0 completion(s), 0 continuation(s) 
[2026-06-17T10:22:24.580+0800][6.198s][info][gc,reloc    ] GC(60) Relocation: Successful, 19M relocated
[2026-06-17T10:22:24.580+0800][6.199s][info][gc,nmethod  ] GC(60) NMethods: 18 registered, 0 unregistered
[2026-06-17T10:22:24.580+0800][6.199s][info][gc,metaspace] GC(60) Metaspace: 3M used, 4M capacity, 4M committed, 8M reserved
[2026-06-17T10:22:24.581+0800][6.199s][info][gc,ref      ] GC(60) Soft: 43 encountered, 0 discovered, 0 enqueued
[2026-06-17T10:22:24.581+0800][6.200s][info][gc,ref      ] GC(60) Weak: 7 encountered, 2 discovered, 0 enqueued
[2026-06-17T10:22:24.581+0800][6.200s][info][gc,ref      ] GC(60) Final: 0 encountered, 0 discovered, 0 enqueued
[2026-06-17T10:22:24.581+0800][6.200s][info][gc,ref      ] GC(60) Phantom: 1 encountered, 0 discovered, 0 enqueued
[2026-06-17T10:22:24.582+0800][6.200s][info][gc,heap     ] GC(60)                Mark Start          Mark End        Relocate Start      Relocate End           High               Low         
[2026-06-17T10:22:24.582+0800][6.201s][info][gc,heap     ] GC(60)  Capacity:      256M (100%)        256M (100%)        256M (100%)        256M (100%)        256M (100%)        256M (100%)   
[2026-06-17T10:22:24.582+0800][6.201s][info][gc,heap     ] GC(60)   Reserve:       62M (24%)          62M (24%)          62M (24%)          62M (24%)          62M (24%)          62M (24%)    
[2026-06-17T10:22:24.582+0800][6.201s][info][gc,heap     ] GC(60)      Free:      114M (45%)         110M (43%)         142M (55%)         148M (58%)         148M (58%)         110M (43%)    
[2026-06-17T10:22:24.583+0800][6.201s][info][gc,heap     ] GC(60)      Used:       80M (31%)          84M (33%)          52M (20%)          46M (18%)          84M (33%)          46M (18%)    
[2026-06-17T10:22:24.583+0800][6.202s][info][gc,heap     ] GC(60)      Live:         -                21M (8%)           21M (8%)           21M (8%)             -                  -          
[2026-06-17T10:22:24.583+0800][6.202s][info][gc,heap     ] GC(60) Allocated:         -                 4M (2%)            4M (2%)            8M (3%)             -                  -          
[2026-06-17T10:22:24.583+0800][6.202s][info][gc,heap     ] GC(60)   Garbage:         -                58M (23%)          26M (11%)          20M (8%)             -                  -          
[2026-06-17T10:22:24.584+0800][6.202s][info][gc,heap     ] GC(60) Reclaimed:         -                  -                32M (12%)          38M (15%)            -                  -          
[2026-06-17T10:22:24.584+0800][6.202s][info][gc          ] GC(60) Garbage Collection (Allocation Rate) 80M(31%)->46M(18%)
[2026-06-17T10:22:24.663+0800][6.282s][info][gc,start    ] GC(61) Garbage Collection (Allocation Rate)
[2026-06-17T10:22:24.666+0800][6.284s][info][gc,phases   ] GC(61) Pause Mark Start 0.578ms
[2026-06-17T10:22:24.669+0800][6.288s][info][gc,phases   ] GC(61) Concurrent Mark 2.333ms
[2026-06-17T10:22:24.671+0800][6.290s][info][gc,phases   ] GC(61) Pause Mark End 0.768ms
[2026-06-17T10:22:24.672+0800][6.291s][info][gc,phases   ] GC(61) Concurrent Process Non-Strong References 0.341ms
[2026-06-17T10:22:24.673+0800][6.291s][info][gc,phases   ] GC(61) Concurrent Reset Relocation Set 0.005ms
[2026-06-17T10:22:24.673+0800][6.292s][info][gc,phases   ] GC(61) Concurrent Destroy Detached Pages 0.002ms
[2026-06-17T10:22:24.675+0800][6.294s][info][gc,phases   ] GC(61) Concurrent Select Relocation Set 1.347ms
[2026-06-17T10:22:24.676+0800][6.295s][info][gc,phases   ] GC(61) Concurrent Prepare Relocation Set 0.006ms
[2026-06-17T10:22:24.677+0800][6.296s][info][gc,phases   ] GC(61) Pause Relocate Start 0.367ms
[2026-06-17T10:22:24.680+0800][6.299s][info][gc,phases   ] GC(61) Concurrent Relocate 2.568ms
[2026-06-17T10:22:24.681+0800][6.300s][info][gc,load     ] GC(61) Load: 0.26/0.21/0.28
[2026-06-17T10:22:24.681+0800][6.300s][info][gc,mmu      ] GC(61) MMU: 2ms/48.0%, 5ms/75.2%, 10ms/84.3%, 20ms/90.2%, 50ms/96.1%, 100ms/97.4%
[2026-06-17T10:22:24.682+0800][6.300s][info][gc,marking  ] GC(61) Mark: 2 stripe(s), 2 proactive flush(es), 1 terminate flush(es), 0 completion(s), 0 continuation(s) 
[2026-06-17T10:22:24.682+0800][6.301s][info][gc,reloc    ] GC(61) Relocation: Successful, 25M relocated
[2026-06-17T10:22:24.683+0800][6.301s][info][gc,nmethod  ] GC(61) NMethods: 18 registered, 0 unregistered
[2026-06-17T10:22:24.683+0800][6.302s][info][gc,metaspace] GC(61) Metaspace: 3M used, 4M capacity, 4M committed, 8M reserved
[2026-06-17T10:22:24.684+0800][6.302s][info][gc,ref      ] GC(61) Soft: 43 encountered, 0 discovered, 0 enqueued
[2026-06-17T10:22:24.685+0800][6.304s][info][gc,ref      ] GC(61) Weak: 7 encountered, 0 discovered, 0 enqueued
[2026-06-17T10:22:24.685+0800][6.304s][info][gc,ref      ] GC(61) Final: 0 encountered, 0 discovered, 0 enqueued
[2026-06-17T10:22:24.685+0800][6.304s][info][gc,ref      ] GC(61) Phantom: 1 encountered, 0 discovered, 0 enqueued
[2026-06-17T10:22:24.686+0800][6.304s][info][gc,heap     ] GC(61)                Mark Start          Mark End        Relocate Start      Relocate End           High               Low         
[2026-06-17T10:22:24.686+0800][6.305s][info][gc,heap     ] GC(61)  Capacity:      256M (100%)        256M (100%)        256M (100%)        256M (100%)        256M (100%)        256M (100%)   
[2026-06-17T10:22:24.686+0800][6.305s][info][gc,heap     ] GC(61)   Reserve:       62M (24%)          62M (24%)          62M (24%)          62M (24%)          62M (24%)          62M (24%)    
[2026-06-17T10:22:24.686+0800][6.305s][info][gc,heap     ] GC(61)      Free:       84M (33%)          80M (31%)         110M (43%)         140M (55%)         140M (55%)          68M (27%)    
[2026-06-17T10:22:24.687+0800][6.305s][info][gc,heap     ] GC(61)      Used:      110M (43%)         114M (45%)          84M (33%)          54M (21%)         126M (49%)          54M (21%)    
[2026-06-17T10:22:24.687+0800][6.306s][info][gc,heap     ] GC(61)      Live:         -                27M (11%)          27M (11%)          27M (11%)            -                  -          
[2026-06-17T10:22:24.687+0800][6.306s][info][gc,heap     ] GC(61) Allocated:         -                 4M (2%)            4M (2%)           52M (20%)            -                  -          
[2026-06-17T10:22:24.687+0800][6.306s][info][gc,heap     ] GC(61)   Garbage:         -                82M (32%)          52M (20%)          18M (7%)             -                  -          
[2026-06-17T10:22:24.687+0800][6.306s][info][gc,heap     ] GC(61) Reclaimed:         -                  -                30M (12%)          64M (25%)            -                  -          
[2026-06-17T10:22:24.687+0800][6.306s][info][gc          ] GC(61) Garbage Collection (Allocation Rate) 110M(43%)->54M(21%)
[2026-06-17T10:22:24.763+0800][6.382s][info][gc,start    ] GC(62) Garbage Collection (Allocation Rate)
[2026-06-17T10:22:24.766+0800][6.385s][info][gc,phases   ] GC(62) Pause Mark Start 0.456ms
[2026-06-17T10:22:24.769+0800][6.388s][info][gc,phases   ] GC(62) Concurrent Mark 2.212ms
[2026-06-17T10:22:24.771+0800][6.390s][info][gc,phases   ] GC(62) Pause Mark End 0.950ms
[2026-06-17T10:22:24.774+0800][6.392s][info][gc,phases   ] GC(62) Concurrent Process Non-Strong References 0.549ms
[2026-06-17T10:22:24.774+0800][6.393s][info][gc,phases   ] GC(62) Concurrent Reset Relocation Set 0.006ms
[2026-06-17T10:22:24.775+0800][6.394s][info][gc,phases   ] GC(62) Concurrent Destroy Detached Pages 0.002ms
[2026-06-17T10:22:24.777+0800][6.395s][info][gc,phases   ] GC(62) Concurrent Select Relocation Set 1.098ms
[2026-06-17T10:22:24.777+0800][6.396s][info][gc,phases   ] GC(62) Concurrent Prepare Relocation Set 0.017ms
[2026-06-17T10:22:24.778+0800][6.397s][info][gc,phases   ] GC(62) Pause Relocate Start 0.266ms
[2026-06-17T10:22:24.779+0800][6.398s][info][gc,phases   ] GC(62) Concurrent Relocate 0.544ms
[2026-06-17T10:22:24.780+0800][6.399s][info][gc,load     ] GC(62) Load: 0.26/0.21/0.28
[2026-06-17T10:22:24.780+0800][6.399s][info][gc,mmu      ] GC(62) MMU: 2ms/48.0%, 5ms/75.2%, 10ms/84.3%, 20ms/90.2%, 50ms/96.1%, 100ms/97.4%
[2026-06-17T10:22:24.781+0800][6.399s][info][gc,marking  ] GC(62) Mark: 2 stripe(s), 2 proactive flush(es), 1 terminate flush(es), 0 completion(s), 0 continuation(s) 
[2026-06-17T10:22:24.781+0800][6.399s][info][gc,reloc    ] GC(62) Relocation: Successful, 23M relocated
[2026-06-17T10:22:24.781+0800][6.400s][info][gc,nmethod  ] GC(62) NMethods: 18 registered, 0 unregistered
[2026-06-17T10:22:24.781+0800][6.400s][info][gc,metaspace] GC(62) Metaspace: 3M used, 4M capacity, 4M committed, 8M reserved
[2026-06-17T10:22:24.781+0800][6.400s][info][gc,ref      ] GC(62) Soft: 43 encountered, 0 discovered, 0 enqueued
[2026-06-17T10:22:24.782+0800][6.400s][info][gc,ref      ] GC(62) Weak: 7 encountered, 0 discovered, 0 enqueued
[2026-06-17T10:22:24.782+0800][6.401s][info][gc,ref      ] GC(62) Final: 0 encountered, 0 discovered, 0 enqueued
[2026-06-17T10:22:24.782+0800][6.401s][info][gc,ref      ] GC(62) Phantom: 1 encountered, 0 discovered, 0 enqueued
[2026-06-17T10:22:24.782+0800][6.401s][info][gc,heap     ] GC(62)                Mark Start          Mark End        Relocate Start      Relocate End           High               Low         
[2026-06-17T10:22:24.782+0800][6.401s][info][gc,heap     ] GC(62)  Capacity:      256M (100%)        256M (100%)        256M (100%)        256M (100%)        256M (100%)        256M (100%)   
[2026-06-17T10:22:24.782+0800][6.401s][info][gc,heap     ] GC(62)   Reserve:       62M (24%)          62M (24%)          62M (24%)          62M (24%)          62M (24%)          62M (24%)    
[2026-06-17T10:22:24.783+0800][6.401s][info][gc,heap     ] GC(62)      Free:      112M (44%)         108M (42%)         134M (52%)         144M (56%)         144M (56%)         108M (42%)    
[2026-06-17T10:22:24.783+0800][6.402s][info][gc,heap     ] GC(62)      Used:       82M (32%)          86M (34%)          60M (23%)          50M (20%)          86M (34%)          50M (20%)    
[2026-06-17T10:22:24.783+0800][6.402s][info][gc,heap     ] GC(62)      Live:         -                25M (10%)          25M (10%)          25M (10%)            -                  -          
[2026-06-17T10:22:24.783+0800][6.402s][info][gc,heap     ] GC(62) Allocated:         -                 4M (2%)            6M (2%)           12M (5%)             -                  -          
[2026-06-17T10:22:24.783+0800][6.402s][info][gc,heap     ] GC(62)   Garbage:         -                56M (22%)          28M (11%)          18M (7%)             -                  -          
[2026-06-17T10:22:24.783+0800][6.402s][info][gc,heap     ] GC(62) Reclaimed:         -                  -                28M (11%)          38M (15%)            -                  -          
[2026-06-17T10:22:24.783+0800][6.402s][info][gc          ] GC(62) Garbage Collection (Allocation Rate) 82M(32%)->50M(20%)
[2026-06-17T10:22:24.863+0800][6.482s][info][gc,start    ] GC(63) Garbage Collection (Allocation Rate)
[2026-06-17T10:22:24.865+0800][6.483s][info][gc,phases   ] GC(63) Pause Mark Start 0.432ms
[2026-06-17T10:22:24.868+0800][6.486s][info][gc,phases   ] GC(63) Concurrent Mark 2.181ms
[2026-06-17T10:22:24.869+0800][6.488s][info][gc,phases   ] GC(63) Pause Mark End 0.644ms
[2026-06-17T10:22:24.870+0800][6.489s][info][gc,phases   ] GC(63) Concurrent Process Non-Strong References 0.170ms
[2026-06-17T10:22:24.870+0800][6.489s][info][gc,phases   ] GC(63) Concurrent Reset Relocation Set 0.004ms
[2026-06-17T10:22:24.871+0800][6.490s][info][gc,phases   ] GC(63) Concurrent Destroy Detached Pages 0.002ms
[2026-06-17T10:22:24.873+0800][6.491s][info][gc,phases   ] GC(63) Concurrent Select Relocation Set 0.984ms
[2026-06-17T10:22:24.874+0800][6.493s][info][gc,phases   ] GC(63) Concurrent Prepare Relocation Set 0.013ms
[2026-06-17T10:22:24.876+0800][6.495s][info][gc,phases   ] GC(63) Pause Relocate Start 0.272ms
[2026-06-17T10:22:24.879+0800][6.498s][info][gc,phases   ] GC(63) Concurrent Relocate 2.661ms
[2026-06-17T10:22:24.880+0800][6.498s][info][gc,load     ] GC(63) Load: 0.26/0.21/0.28
[2026-06-17T10:22:24.880+0800][6.499s][info][gc,mmu      ] GC(63) MMU: 2ms/48.0%, 5ms/75.2%, 10ms/84.3%, 20ms/90.2%, 50ms/96.1%, 100ms/97.4%
[2026-06-17T10:22:24.881+0800][6.499s][info][gc,marking  ] GC(63) Mark: 2 stripe(s), 2 proactive flush(es), 1 terminate flush(es), 0 completion(s), 0 continuation(s) 
[2026-06-17T10:22:24.881+0800][6.500s][info][gc,reloc    ] GC(63) Relocation: Successful, 29M relocated
[2026-06-17T10:22:24.881+0800][6.500s][info][gc,nmethod  ] GC(63) NMethods: 18 registered, 0 unregistered
[2026-06-17T10:22:24.882+0800][6.501s][info][gc,metaspace] GC(63) Metaspace: 3M used, 4M capacity, 4M committed, 8M reserved
[2026-06-17T10:22:24.882+0800][6.501s][info][gc,ref      ] GC(63) Soft: 43 encountered, 0 discovered, 0 enqueued
[2026-06-17T10:22:24.882+0800][6.501s][info][gc,ref      ] GC(63) Weak: 7 encountered, 2 discovered, 0 enqueued
[2026-06-17T10:22:24.883+0800][6.501s][info][gc,ref      ] GC(63) Final: 0 encountered, 0 discovered, 0 enqueued
[2026-06-17T10:22:24.883+0800][6.502s][info][gc,ref      ] GC(63) Phantom: 1 encountered, 1 discovered, 0 enqueued
[2026-06-17T10:22:24.883+0800][6.502s][info][gc,heap     ] GC(63)                Mark Start          Mark End        Relocate Start      Relocate End           High               Low         
[2026-06-17T10:22:24.883+0800][6.502s][info][gc,heap     ] GC(63)  Capacity:      256M (100%)        256M (100%)        256M (100%)        256M (100%)        256M (100%)        256M (100%)   
[2026-06-17T10:22:24.883+0800][6.502s][info][gc,heap     ] GC(63)   Reserve:       62M (24%)          62M (24%)          62M (24%)          62M (24%)          62M (24%)          62M (24%)    
[2026-06-17T10:22:24.883+0800][6.502s][info][gc,heap     ] GC(63)      Free:       82M (32%)          78M (30%)         104M (41%)         140M (55%)         140M (55%)          62M (24%)    
[2026-06-17T10:22:24.884+0800][6.502s][info][gc,heap     ] GC(63)      Used:      112M (44%)         116M (45%)          90M (35%)          54M (21%)         132M (52%)          54M (21%)    
[2026-06-17T10:22:24.884+0800][6.502s][info][gc,heap     ] GC(63)      Live:         -                31M (12%)          31M (12%)          31M (12%)            -                  -          
[2026-06-17T10:22:24.884+0800][6.503s][info][gc,heap     ] GC(63) Allocated:         -                 4M (2%)            4M (2%)           52M (20%)            -                  -          
[2026-06-17T10:22:24.884+0800][6.503s][info][gc,heap     ] GC(63)   Garbage:         -                80M (31%)          54M (21%)          16M (6%)             -                  -          
[2026-06-17T10:22:24.884+0800][6.503s][info][gc,heap     ] GC(63) Reclaimed:         -                  -                26M (10%)          64M (25%)            -                  -          
[2026-06-17T10:22:24.884+0800][6.503s][info][gc          ] GC(63) Garbage Collection (Allocation Rate) 112M(44%)->54M(21%)
[2026-06-17T10:22:24.963+0800][6.582s][info][gc,start    ] GC(64) Garbage Collection (Allocation Rate)
[2026-06-17T10:22:24.965+0800][6.584s][info][gc,phases   ] GC(64) Pause Mark Start 0.489ms
[2026-06-17T10:22:24.969+0800][6.588s][info][gc,phases   ] GC(64) Concurrent Mark 3.010ms
[2026-06-17T10:22:24.971+0800][6.590s][info][gc,phases   ] GC(64) Pause Mark End 0.808ms
[2026-06-17T10:22:24.972+0800][6.591s][info][gc,phases   ] GC(64) Concurrent Process Non-Strong References 0.401ms
[2026-06-17T10:22:24.973+0800][6.592s][info][gc,phases   ] GC(64) Concurrent Reset Relocation Set 0.007ms
[2026-06-17T10:22:24.974+0800][6.593s][info][gc,phases   ] GC(64) Concurrent Destroy Detached Pages 0.002ms
[2026-06-17T10:22:24.976+0800][6.594s][info][gc,phases   ] GC(64) Concurrent Select Relocation Set 0.885ms
[2026-06-17T10:22:24.976+0800][6.595s][info][gc,phases   ] GC(64) Concurrent Prepare Relocation Set 0.003ms
[2026-06-17T10:22:24.977+0800][6.596s][info][gc,phases   ] GC(64) Pause Relocate Start 0.206ms
[2026-06-17T10:22:24.978+0800][6.597s][info][gc,phases   ] GC(64) Concurrent Relocate 0.338ms
[2026-06-17T10:22:24.978+0800][6.597s][info][gc,load     ] GC(64) Load: 0.26/0.21/0.28
[2026-06-17T10:22:24.979+0800][6.597s][info][gc,mmu      ] GC(64) MMU: 2ms/48.0%, 5ms/75.2%, 10ms/84.3%, 20ms/90.2%, 50ms/96.1%, 100ms/97.4%
[2026-06-17T10:22:24.979+0800][6.598s][info][gc,marking  ] GC(64) Mark: 2 stripe(s), 1 proactive flush(es), 1 terminate flush(es), 0 completion(s), 0 continuation(s) 
[2026-06-17T10:22:24.979+0800][6.598s][info][gc,reloc    ] GC(64) Relocation: Successful, 25M relocated
[2026-06-17T10:22:24.980+0800][6.599s][info][gc,nmethod  ] GC(64) NMethods: 18 registered, 0 unregistered
[2026-06-17T10:22:24.980+0800][6.599s][info][gc,metaspace] GC(64) Metaspace: 3M used, 4M capacity, 4M committed, 8M reserved
[2026-06-17T10:22:24.980+0800][6.599s][info][gc,ref      ] GC(64) Soft: 43 encountered, 0 discovered, 0 enqueued
[2026-06-17T10:22:24.981+0800][6.600s][info][gc,ref      ] GC(64) Weak: 7 encountered, 2 discovered, 0 enqueued
[2026-06-17T10:22:24.982+0800][6.600s][info][gc,ref      ] GC(64) Final: 0 encountered, 0 discovered, 0 enqueued
[2026-06-17T10:22:24.985+0800][6.603s][info][gc,ref      ] GC(64) Phantom: 1 encountered, 1 discovered, 0 enqueued
[2026-06-17T10:22:24.987+0800][6.606s][info][gc,heap     ] GC(64)                Mark Start          Mark End        Relocate Start      Relocate End           High               Low         
[2026-06-17T10:22:24.990+0800][6.608s][info][gc,heap     ] GC(64)  Capacity:      256M (100%)        256M (100%)        256M (100%)        256M (100%)        256M (100%)        256M (100%)   
[2026-06-17T10:22:24.992+0800][6.610s][info][gc,heap     ] GC(64)   Reserve:       62M (24%)          62M (24%)          62M (24%)          62M (24%)          62M (24%)          62M (24%)    
[2026-06-17T10:22:24.996+0800][6.615s][info][gc,heap     ] GC(64)      Free:      108M (42%)         108M (42%)         136M (53%)         148M (58%)         148M (58%)         104M (41%)    
[2026-06-17T10:22:24.997+0800][6.616s][info][gc,heap     ] GC(64)      Used:       86M (34%)          86M (34%)          58M (23%)          46M (18%)          90M (35%)          46M (18%)    
[2026-06-17T10:22:24.998+0800][6.616s][info][gc,heap     ] GC(64)      Live:         -                27M (11%)          27M (11%)          27M (11%)            -                  -          
[2026-06-17T10:22:24.998+0800][6.617s][info][gc,heap     ] GC(64) Allocated:         -                 0M (0%)            4M (2%)           10M (4%)             -                  -          
[2026-06-17T10:22:24.999+0800][6.618s][info][gc,heap     ] GC(64)   Garbage:         -                58M (23%)          26M (10%)          14M (6%)             -                  -          
[2026-06-17T10:22:24.999+0800][6.618s][info][gc,heap     ] GC(64) Reclaimed:         -                  -                32M (12%)          44M (17%)            -                  -          
[2026-06-17T10:22:25.000+0800][6.619s][info][gc          ] GC(64) Garbage Collection (Allocation Rate) 86M(34%)->46M(18%)
[2026-06-17T10:22:25.063+0800][6.682s][info][gc,start    ] GC(65) Garbage Collection (Allocation Rate)
[2026-06-17T10:22:25.065+0800][6.684s][info][gc,phases   ] GC(65) Pause Mark Start 0.579ms
[2026-06-17T10:22:25.069+0800][6.688s][info][gc,phases   ] GC(65) Concurrent Mark 2.451ms
[2026-06-17T10:22:25.071+0800][6.690s][info][gc,phases   ] GC(65) Pause Mark End 0.968ms
[2026-06-17T10:22:25.072+0800][6.691s][info][gc,phases   ] GC(65) Concurrent Process Non-Strong References 0.397ms
[2026-06-17T10:22:25.073+0800][6.691s][info][gc,phases   ] GC(65) Concurrent Reset Relocation Set 0.005ms
[2026-06-17T10:22:25.073+0800][6.692s][info][gc,phases   ] GC(65) Concurrent Destroy Detached Pages 0.002ms
[2026-06-17T10:22:25.075+0800][6.694s][info][gc,phases   ] GC(65) Concurrent Select Relocation Set 1.450ms
[2026-06-17T10:22:25.076+0800][6.694s][info][gc,phases   ] GC(65) Concurrent Prepare Relocation Set 0.023ms
[2026-06-17T10:22:25.077+0800][6.695s][info][gc,phases   ] GC(65) Pause Relocate Start 0.261ms
[2026-06-17T10:22:25.079+0800][6.697s][info][gc,phases   ] GC(65) Concurrent Relocate 1.317ms
[2026-06-17T10:22:25.079+0800][6.698s][info][gc,load     ] GC(65) Load: 0.26/0.21/0.28
[2026-06-17T10:22:25.079+0800][6.698s][info][gc,mmu      ] GC(65) MMU: 2ms/48.0%, 5ms/75.2%, 10ms/84.3%, 20ms/90.2%, 50ms/96.1%, 100ms/97.4%
[2026-06-17T10:22:25.079+0800][6.698s][info][gc,marking  ] GC(65) Mark: 2 stripe(s), 1 proactive flush(es), 1 terminate flush(es), 0 completion(s), 0 continuation(s) 
[2026-06-17T10:22:25.080+0800][6.698s][info][gc,reloc    ] GC(65) Relocation: Successful, 18M relocated
[2026-06-17T10:22:25.080+0800][6.699s][info][gc,nmethod  ] GC(65) NMethods: 18 registered, 0 unregistered
[2026-06-17T10:22:25.080+0800][6.699s][info][gc,metaspace] GC(65) Metaspace: 3M used, 4M capacity, 4M committed, 8M reserved
[2026-06-17T10:22:25.080+0800][6.699s][info][gc,ref      ] GC(65) Soft: 43 encountered, 0 discovered, 0 enqueued
[2026-06-17T10:22:25.080+0800][6.699s][info][gc,ref      ] GC(65) Weak: 7 encountered, 2 discovered, 0 enqueued
[2026-06-17T10:22:25.080+0800][6.699s][info][gc,ref      ] GC(65) Final: 0 encountered, 0 discovered, 0 enqueued
[2026-06-17T10:22:25.081+0800][6.699s][info][gc,ref      ] GC(65) Phantom: 1 encountered, 1 discovered, 0 enqueued
[2026-06-17T10:22:25.081+0800][6.700s][info][gc,heap     ] GC(65)                Mark Start          Mark End        Relocate Start      Relocate End           High               Low         
[2026-06-17T10:22:25.081+0800][6.700s][info][gc,heap     ] GC(65)  Capacity:      256M (100%)        256M (100%)        256M (100%)        256M (100%)        256M (100%)        256M (100%)   
[2026-06-17T10:22:25.081+0800][6.700s][info][gc,heap     ] GC(65)   Reserve:       62M (24%)          62M (24%)          62M (24%)          62M (24%)          62M (24%)          62M (24%)    
[2026-06-17T10:22:25.081+0800][6.700s][info][gc,heap     ] GC(65)      Free:       86M (34%)          86M (34%)         110M (43%)         148M (58%)         148M (58%)          74M (29%)    
[2026-06-17T10:22:25.081+0800][6.700s][info][gc,heap     ] GC(65)      Used:      108M (42%)         108M (42%)          84M (33%)          46M (18%)         120M (47%)          46M (18%)    
[2026-06-17T10:22:25.081+0800][6.700s][info][gc,heap     ] GC(65)      Live:         -                18M (7%)           18M (7%)           18M (7%)             -                  -          
[2026-06-17T10:22:25.082+0800][6.700s][info][gc,heap     ] GC(65) Allocated:         -                 0M (0%)            4M (2%)           44M (17%)            -                  -          
[2026-06-17T10:22:25.082+0800][6.700s][info][gc,heap     ] GC(65)   Garbage:         -                89M (35%)          61M (24%)          23M (9%)             -                  -          
[2026-06-17T10:22:25.082+0800][6.701s][info][gc,heap     ] GC(65) Reclaimed:         -                  -                28M (11%)          66M (26%)            -                  -          
[2026-06-17T10:22:25.082+0800][6.701s][info][gc          ] GC(65) Garbage Collection (Allocation Rate) 108M(42%)->46M(18%)
[2026-06-17T10:22:25.163+0800][6.781s][info][gc,start    ] GC(66) Garbage Collection (Allocation Rate)
[2026-06-17T10:22:25.169+0800][6.788s][info][gc,phases   ] GC(66) Pause Mark Start 0.343ms
[2026-06-17T10:22:25.175+0800][6.794s][info][gc,phases   ] GC(66) Concurrent Mark 2.251ms
[2026-06-17T10:22:25.177+0800][6.796s][info][gc,phases   ] GC(66) Pause Mark End 0.834ms
[2026-06-17T10:22:25.178+0800][6.797s][info][gc,phases   ] GC(66) Concurrent Process Non-Strong References 0.441ms
[2026-06-17T10:22:25.178+0800][6.797s][info][gc,phases   ] GC(66) Concurrent Reset Relocation Set 0.004ms
[2026-06-17T10:22:25.179+0800][6.797s][info][gc,phases   ] GC(66) Concurrent Destroy Detached Pages 0.002ms
[2026-06-17T10:22:25.181+0800][6.799s][info][gc,phases   ] GC(66) Concurrent Select Relocation Set 1.484ms
[2026-06-17T10:22:25.181+0800][6.800s][info][gc,phases   ] GC(66) Concurrent Prepare Relocation Set 0.005ms
[2026-06-17T10:22:25.182+0800][6.801s][info][gc,phases   ] GC(66) Pause Relocate Start 0.270ms
[2026-06-17T10:22:25.183+0800][6.802s][info][gc,phases   ] GC(66) Concurrent Relocate 0.364ms
[2026-06-17T10:22:25.183+0800][6.802s][info][gc,load     ] GC(66) Load: 0.26/0.21/0.28
[2026-06-17T10:22:25.184+0800][6.802s][info][gc,mmu      ] GC(66) MMU: 2ms/48.0%, 5ms/75.2%, 10ms/84.3%, 20ms/90.2%, 50ms/96.1%, 100ms/97.4%
[2026-06-17T10:22:25.184+0800][6.802s][info][gc,marking  ] GC(66) Mark: 2 stripe(s), 1 proactive flush(es), 1 terminate flush(es), 0 completion(s), 0 continuation(s) 
[2026-06-17T10:22:25.184+0800][6.803s][info][gc,reloc    ] GC(66) Relocation: Successful, 23M relocated
[2026-06-17T10:22:25.184+0800][6.803s][info][gc,nmethod  ] GC(66) NMethods: 18 registered, 0 unregistered
[2026-06-17T10:22:25.184+0800][6.803s][info][gc,metaspace] GC(66) Metaspace: 3M used, 4M capacity, 4M committed, 8M reserved
[2026-06-17T10:22:25.185+0800][6.803s][info][gc,ref      ] GC(66) Soft: 43 encountered, 0 discovered, 0 enqueued
[2026-06-17T10:22:25.185+0800][6.804s][info][gc,ref      ] GC(66) Weak: 7 encountered, 2 discovered, 0 enqueued
[2026-06-17T10:22:25.185+0800][6.804s][info][gc,ref      ] GC(66) Final: 0 encountered, 0 discovered, 0 enqueued
[2026-06-17T10:22:25.185+0800][6.804s][info][gc,ref      ] GC(66) Phantom: 1 encountered, 1 discovered, 0 enqueued
[2026-06-17T10:22:25.185+0800][6.804s][info][gc,heap     ] GC(66)                Mark Start          Mark End        Relocate Start      Relocate End           High               Low         
[2026-06-17T10:22:25.186+0800][6.804s][info][gc,heap     ] GC(66)  Capacity:      256M (100%)        256M (100%)        256M (100%)        256M (100%)        256M (100%)        256M (100%)   
[2026-06-17T10:22:25.186+0800][6.805s][info][gc,heap     ] GC(66)   Reserve:       62M (24%)          62M (24%)          62M (24%)          62M (24%)          62M (24%)          62M (24%)    
[2026-06-17T10:22:25.186+0800][6.805s][info][gc,heap     ] GC(66)      Free:      114M (45%)         114M (45%)         138M (54%)         146M (57%)         146M (57%)         114M (45%)    
[2026-06-17T10:22:25.186+0800][6.805s][info][gc,heap     ] GC(66)      Used:       80M (31%)          80M (31%)          56M (22%)          48M (19%)          80M (31%)          48M (19%)    
[2026-06-17T10:22:25.186+0800][6.805s][info][gc,heap     ] GC(66)      Live:         -                27M (11%)          27M (11%)          27M (11%)            -                  -          
[2026-06-17T10:22:25.186+0800][6.805s][info][gc,heap     ] GC(66) Allocated:         -                 0M (0%)            0M (0%)            8M (3%)             -                  -          
[2026-06-17T10:22:25.187+0800][6.805s][info][gc,heap     ] GC(66)   Garbage:         -                52M (20%)          28M (11%)          18M (7%)             -                  -          
[2026-06-17T10:22:25.187+0800][6.806s][info][gc,heap     ] GC(66) Reclaimed:         -                  -                24M (9%)           34M (13%)            -                  -          
[2026-06-17T10:22:25.187+0800][6.806s][info][gc          ] GC(66) Garbage Collection (Allocation Rate) 80M(31%)->48M(19%)
[2026-06-17T10:22:25.263+0800][6.882s][info][gc,start    ] GC(67) Garbage Collection (Allocation Rate)
[2026-06-17T10:22:25.264+0800][6.883s][info][gc,phases   ] GC(67) Pause Mark Start 0.241ms
[2026-06-17T10:22:25.266+0800][6.885s][info][gc,phases   ] GC(67) Concurrent Mark 1.626ms
[2026-06-17T10:22:25.267+0800][6.886s][info][gc,phases   ] GC(67) Pause Mark End 0.375ms
[2026-06-17T10:22:25.268+0800][6.887s][info][gc,phases   ] GC(67) Concurrent Process Non-Strong References 0.130ms
[2026-06-17T10:22:25.268+0800][6.887s][info][gc,phases   ] GC(67) Concurrent Reset Relocation Set 0.002ms
[2026-06-17T10:22:25.269+0800][6.887s][info][gc,phases   ] GC(67) Concurrent Destroy Detached Pages 0.001ms
[2026-06-17T10:22:25.269+0800][6.888s][info][gc,phases   ] GC(67) Concurrent Select Relocation Set 0.674ms
[2026-06-17T10:22:25.270+0800][6.889s][info][gc,phases   ] GC(67) Concurrent Prepare Relocation Set 0.010ms
[2026-06-17T10:22:25.271+0800][6.889s][info][gc,phases   ] GC(67) Pause Relocate Start 0.178ms
[2026-06-17T10:22:25.272+0800][6.891s][info][gc,phases   ] GC(67) Concurrent Relocate 1.558ms
[2026-06-17T10:22:25.273+0800][6.891s][info][gc,load     ] GC(67) Load: 0.26/0.21/0.28
[2026-06-17T10:22:25.273+0800][6.892s][info][gc,mmu      ] GC(67) MMU: 2ms/48.0%, 5ms/75.2%, 10ms/84.3%, 20ms/90.2%, 50ms/96.1%, 100ms/97.4%
[2026-06-17T10:22:25.273+0800][6.892s][info][gc,marking  ] GC(67) Mark: 2 stripe(s), 1 proactive flush(es), 1 terminate flush(es), 0 completion(s), 0 continuation(s) 
[2026-06-17T10:22:25.273+0800][6.892s][info][gc,reloc    ] GC(67) Relocation: Successful, 22M relocated
[2026-06-17T10:22:25.273+0800][6.892s][info][gc,nmethod  ] GC(67) NMethods: 19 registered, 0 unregistered
[2026-06-17T10:22:25.274+0800][6.892s][info][gc,metaspace] GC(67) Metaspace: 3M used, 4M capacity, 4M committed, 8M reserved
[2026-06-17T10:22:25.274+0800][6.893s][info][gc,ref      ] GC(67) Soft: 43 encountered, 0 discovered, 0 enqueued
[2026-06-17T10:22:25.274+0800][6.893s][info][gc,ref      ] GC(67) Weak: 7 encountered, 2 discovered, 0 enqueued
[2026-06-17T10:22:25.274+0800][6.893s][info][gc,ref      ] GC(67) Final: 0 encountered, 0 discovered, 0 enqueued
[2026-06-17T10:22:25.274+0800][6.893s][info][gc,ref      ] GC(67) Phantom: 1 encountered, 1 discovered, 0 enqueued
[2026-06-17T10:22:25.274+0800][6.893s][info][gc,heap     ] GC(67)                Mark Start          Mark End        Relocate Start      Relocate End           High               Low         
[2026-06-17T10:22:25.274+0800][6.893s][info][gc,heap     ] GC(67)  Capacity:      256M (100%)        256M (100%)        256M (100%)        256M (100%)        256M (100%)        256M (100%)   
[2026-06-17T10:22:25.275+0800][6.893s][info][gc,heap     ] GC(67)   Reserve:       62M (24%)          62M (24%)          62M (24%)          62M (24%)          62M (24%)          62M (24%)    
[2026-06-17T10:22:25.275+0800][6.893s][info][gc,heap     ] GC(67)      Free:       84M (33%)          84M (33%)         110M (43%)         148M (58%)         148M (58%)          72M (28%)    
[2026-06-17T10:22:25.275+0800][6.893s][info][gc,heap     ] GC(67)      Used:      110M (43%)         110M (43%)          84M (33%)          46M (18%)         122M (48%)          46M (18%)    
[2026-06-17T10:22:25.275+0800][6.894s][info][gc,heap     ] GC(67)      Live:         -                22M (9%)           22M (9%)           22M (9%)             -                  -          
[2026-06-17T10:22:25.275+0800][6.894s][info][gc,heap     ] GC(67) Allocated:         -                 0M (0%)            4M (2%)           46M (18%)            -                  -          
[2026-06-17T10:22:25.275+0800][6.894s][info][gc,heap     ] GC(67)   Garbage:         -                87M (34%)          57M (23%)          19M (8%)             -                  -          
[2026-06-17T10:22:25.275+0800][6.894s][info][gc,heap     ] GC(67) Reclaimed:         -                  -                30M (12%)          68M (27%)            -                  -          
[2026-06-17T10:22:25.275+0800][6.894s][info][gc          ] GC(67) Garbage Collection (Allocation Rate) 110M(43%)->46M(18%)
[2026-06-17T10:22:25.363+0800][6.982s][info][gc,start    ] GC(68) Garbage Collection (Allocation Rate)
[2026-06-17T10:22:25.366+0800][6.985s][info][gc,phases   ] GC(68) Pause Mark Start 0.513ms
[2026-06-17T10:22:25.369+0800][6.988s][info][gc,phases   ] GC(68) Concurrent Mark 2.393ms
[2026-06-17T10:22:25.371+0800][6.990s][info][gc,phases   ] GC(68) Pause Mark End 0.847ms
[2026-06-17T10:22:25.372+0800][6.991s][info][gc,phases   ] GC(68) Concurrent Process Non-Strong References 0.356ms
[2026-06-17T10:22:25.373+0800][6.991s][info][gc,phases   ] GC(68) Concurrent Reset Relocation Set 0.006ms
[2026-06-17T10:22:25.373+0800][6.992s][info][gc,phases   ] GC(68) Concurrent Destroy Detached Pages 0.002ms
[2026-06-17T10:22:25.375+0800][6.994s][info][gc,phases   ] GC(68) Concurrent Select Relocation Set 1.314ms
[2026-06-17T10:22:25.376+0800][6.994s][info][gc,phases   ] GC(68) Concurrent Prepare Relocation Set 0.005ms
[2026-06-17T10:22:25.377+0800][6.996s][info][gc,phases   ] GC(68) Pause Relocate Start 0.273ms
[2026-06-17T10:22:25.378+0800][6.996s][info][gc,phases   ] GC(68) Concurrent Relocate 0.352ms
[2026-06-17T10:22:25.378+0800][6.997s][info][gc,load     ] GC(68) Load: 0.26/0.21/0.28
[2026-06-17T10:22:25.379+0800][6.997s][info][gc,mmu      ] GC(68) MMU: 2ms/48.0%, 5ms/75.2%, 10ms/84.3%, 20ms/90.2%, 50ms/96.1%, 100ms/97.4%
[2026-06-17T10:22:25.379+0800][6.998s][info][gc,marking  ] GC(68) Mark: 2 stripe(s), 1 proactive flush(es), 1 terminate flush(es), 0 completion(s), 0 continuation(s) 
[2026-06-17T10:22:25.379+0800][6.998s][info][gc,reloc    ] GC(68) Relocation: Successful, 23M relocated
[2026-06-17T10:22:25.380+0800][6.999s][info][gc,nmethod  ] GC(68) NMethods: 19 registered, 0 unregistered
[2026-06-17T10:22:25.380+0800][6.999s][info][gc,metaspace] GC(68) Metaspace: 3M used, 4M capacity, 4M committed, 8M reserved
[2026-06-17T10:22:25.380+0800][6.999s][info][gc,ref      ] GC(68) Soft: 43 encountered, 0 discovered, 0 enqueued
[2026-06-17T10:22:25.380+0800][6.999s][info][gc,ref      ] GC(68) Weak: 7 encountered, 2 discovered, 0 enqueued
[2026-06-17T10:22:25.381+0800][7.000s][info][gc,ref      ] GC(68) Final: 0 encountered, 0 discovered, 0 enqueued
[2026-06-17T10:22:25.382+0800][7.001s][info][gc,ref      ] GC(68) Phantom: 1 encountered, 1 discovered, 0 enqueued
[2026-06-17T10:22:25.385+0800][7.004s][info][gc,heap     ] GC(68)                Mark Start          Mark End        Relocate Start      Relocate End           High               Low         
[2026-06-17T10:22:25.387+0800][7.006s][info][gc,heap     ] GC(68)  Capacity:      256M (100%)        256M (100%)        256M (100%)        256M (100%)        256M (100%)        256M (100%)   
[2026-06-17T10:22:25.388+0800][7.007s][info][gc,heap     ] GC(68)   Reserve:       62M (24%)          62M (24%)          62M (24%)          62M (24%)          62M (24%)          62M (24%)    
[2026-06-17T10:22:25.390+0800][7.009s][info][gc,heap     ] GC(68)      Free:      116M (45%)          80M (31%)         106M (41%)         114M (45%)         116M (45%)          80M (31%)    
[2026-06-17T10:22:25.392+0800][7.011s][info][gc,heap     ] GC(68)      Used:       78M (30%)         114M (45%)          88M (34%)          80M (31%)         114M (45%)          78M (30%)    
[2026-06-17T10:22:25.395+0800][7.014s][info][gc,heap     ] GC(68)      Live:         -                27M (11%)          27M (11%)          27M (11%)            -                  -          
[2026-06-17T10:22:25.396+0800][7.014s][info][gc,heap     ] GC(68) Allocated:         -                36M (14%)          36M (14%)          44M (17%)            -                  -          
[2026-06-17T10:22:25.398+0800][7.016s][info][gc,heap     ] GC(68)   Garbage:         -                50M (20%)          24M (10%)          14M (6%)             -                  -          
[2026-06-17T10:22:25.400+0800][7.018s][info][gc,heap     ] GC(68) Reclaimed:         -                  -                26M (10%)          36M (14%)            -                  -          
[2026-06-17T10:22:25.400+0800][7.019s][info][gc          ] GC(68) Garbage Collection (Allocation Rate) 78M(30%)->80M(31%)
[2026-06-17T10:22:25.464+0800][7.082s][info][gc,start    ] GC(69) Garbage Collection (Allocation Rate)
[2026-06-17T10:22:25.466+0800][7.085s][info][gc,phases   ] GC(69) Pause Mark Start 0.332ms
[2026-06-17T10:22:25.469+0800][7.088s][info][gc,phases   ] GC(69) Concurrent Mark 1.758ms
[2026-06-17T10:22:25.472+0800][7.091s][info][gc,phases   ] GC(69) Pause Mark End 0.788ms
[2026-06-17T10:22:25.473+0800][7.092s][info][gc,phases   ] GC(69) Concurrent Process Non-Strong References 0.272ms
[2026-06-17T10:22:25.474+0800][7.093s][info][gc,phases   ] GC(69) Concurrent Reset Relocation Set 0.006ms
[2026-06-17T10:22:25.476+0800][7.095s][info][gc,phases   ] GC(69) Concurrent Destroy Detached Pages 0.001ms
[2026-06-17T10:22:25.479+0800][7.098s][info][gc,phases   ] GC(69) Concurrent Select Relocation Set 1.268ms
[2026-06-17T10:22:25.480+0800][7.098s][info][gc,phases   ] GC(69) Concurrent Prepare Relocation Set 0.015ms
[2026-06-17T10:22:25.481+0800][7.100s][info][gc,phases   ] GC(69) Pause Relocate Start 0.314ms
[2026-06-17T10:22:25.484+0800][7.103s][info][gc,phases   ] GC(69) Concurrent Relocate 2.196ms
[2026-06-17T10:22:25.484+0800][7.103s][info][gc,load     ] GC(69) Load: 0.26/0.21/0.28
[2026-06-17T10:22:25.485+0800][7.104s][info][gc,mmu      ] GC(69) MMU: 2ms/48.0%, 5ms/75.2%, 10ms/84.3%, 20ms/90.2%, 50ms/96.1%, 100ms/97.4%
[2026-06-17T10:22:25.485+0800][7.104s][info][gc,marking  ] GC(69) Mark: 2 stripe(s), 1 proactive flush(es), 1 terminate flush(es), 0 completion(s), 0 continuation(s) 
[2026-06-17T10:22:25.486+0800][7.104s][info][gc,reloc    ] GC(69) Relocation: Successful, 24M relocated
[2026-06-17T10:22:25.486+0800][7.105s][info][gc,nmethod  ] GC(69) NMethods: 19 registered, 0 unregistered
[2026-06-17T10:22:25.486+0800][7.105s][info][gc,metaspace] GC(69) Metaspace: 3M used, 4M capacity, 4M committed, 8M reserved
[2026-06-17T10:22:25.487+0800][7.105s][info][gc,ref      ] GC(69) Soft: 43 encountered, 0 discovered, 0 enqueued
[2026-06-17T10:22:25.487+0800][7.106s][info][gc,ref      ] GC(69) Weak: 7 encountered, 2 discovered, 0 enqueued
[2026-06-17T10:22:25.488+0800][7.106s][info][gc,ref      ] GC(69) Final: 0 encountered, 0 discovered, 0 enqueued
[2026-06-17T10:22:25.488+0800][7.107s][info][gc,ref      ] GC(69) Phantom: 1 encountered, 0 discovered, 0 enqueued
[2026-06-17T10:22:25.488+0800][7.107s][info][gc,heap     ] GC(69)                Mark Start          Mark End        Relocate Start      Relocate End           High               Low         
[2026-06-17T10:22:25.488+0800][7.107s][info][gc,heap     ] GC(69)  Capacity:      256M (100%)        256M (100%)        256M (100%)        256M (100%)        256M (100%)        256M (100%)   
[2026-06-17T10:22:25.489+0800][7.107s][info][gc,heap     ] GC(69)   Reserve:       62M (24%)          62M (24%)          62M (24%)          62M (24%)          62M (24%)          62M (24%)    
[2026-06-17T10:22:25.489+0800][7.108s][info][gc,heap     ] GC(69)      Free:       82M (32%)          82M (32%)          74M (29%)         144M (56%)         144M (56%)          44M (17%)    
[2026-06-17T10:22:25.489+0800][7.108s][info][gc,heap     ] GC(69)      Used:      112M (44%)         112M (44%)         120M (47%)          50M (20%)         150M (59%)          50M (20%)    
[2026-06-17T10:22:25.489+0800][7.108s][info][gc,heap     ] GC(69)      Live:         -                24M (10%)          24M (10%)          24M (10%)            -                  -          
[2026-06-17T10:22:25.489+0800][7.108s][info][gc,heap     ] GC(69) Allocated:         -                 0M (0%)           38M (15%)          48M (19%)            -                  -          
[2026-06-17T10:22:25.490+0800][7.108s][info][gc,heap     ] GC(69)   Garbage:         -                87M (34%)          57M (22%)    17592186044403M (6         -                  -          
[2026-06-17T10:22:25.490+0800][7.109s][info][gc,heap     ] GC(69) Reclaimed:         -                  -                30M (12%)         100M (39%)            -                  -          
[2026-06-17T10:22:25.490+0800][7.109s][info][gc          ] GC(69) Garbage Collection (Allocation Rate) 112M(44%)->50M(20%)
[2026-06-17T10:22:25.563+0800][7.182s][info][gc,start    ] GC(70) Garbage Collection (Allocation Rate)
[2026-06-17T10:22:25.566+0800][7.185s][info][gc,phases   ] GC(70) Pause Mark Start 0.736ms
[2026-06-17T10:22:25.569+0800][7.188s][info][gc,phases   ] GC(70) Concurrent Mark 2.356ms
[2026-06-17T10:22:25.571+0800][7.190s][info][gc,phases   ] GC(70) Pause Mark End 0.771ms
[2026-06-17T10:22:25.572+0800][7.191s][info][gc,phases   ] GC(70) Concurrent Process Non-Strong References 0.297ms
[2026-06-17T10:22:25.573+0800][7.192s][info][gc,phases   ] GC(70) Concurrent Reset Relocation Set 0.005ms
[2026-06-17T10:22:25.573+0800][7.192s][info][gc,phases   ] GC(70) Concurrent Destroy Detached Pages 0.002ms
[2026-06-17T10:22:25.575+0800][7.194s][info][gc,phases   ] GC(70) Concurrent Select Relocation Set 1.217ms
[2026-06-17T10:22:25.576+0800][7.194s][info][gc,phases   ] GC(70) Concurrent Prepare Relocation Set 0.013ms
[2026-06-17T10:22:25.577+0800][7.195s][info][gc,phases   ] GC(70) Pause Relocate Start 0.234ms
[2026-06-17T10:22:25.578+0800][7.197s][info][gc,phases   ] GC(70) Concurrent Relocate 0.712ms
[2026-06-17T10:22:25.578+0800][7.197s][info][gc,load     ] GC(70) Load: 0.26/0.21/0.28
[2026-06-17T10:22:25.579+0800][7.198s][info][gc,mmu      ] GC(70) MMU: 2ms/48.0%, 5ms/75.2%, 10ms/84.3%, 20ms/90.2%, 50ms/96.1%, 100ms/97.4%
[2026-06-17T10:22:25.579+0800][7.198s][info][gc,marking  ] GC(70) Mark: 2 stripe(s), 1 proactive flush(es), 1 terminate flush(es), 0 completion(s), 0 continuation(s) 
[2026-06-17T10:22:25.579+0800][7.198s][info][gc,reloc    ] GC(70) Relocation: Successful, 22M relocated
[2026-06-17T10:22:25.580+0800][7.198s][info][gc,nmethod  ] GC(70) NMethods: 19 registered, 0 unregistered
[2026-06-17T10:22:25.580+0800][7.199s][info][gc,metaspace] GC(70) Metaspace: 3M used, 4M capacity, 4M committed, 8M reserved
[2026-06-17T10:22:25.580+0800][7.199s][info][gc,ref      ] GC(70) Soft: 43 encountered, 0 discovered, 0 enqueued
[2026-06-17T10:22:25.580+0800][7.199s][info][gc,ref      ] GC(70) Weak: 7 encountered, 0 discovered, 0 enqueued
[2026-06-17T10:22:25.580+0800][7.199s][info][gc,ref      ] GC(70) Final: 0 encountered, 0 discovered, 0 enqueued
[2026-06-17T10:22:25.581+0800][7.199s][info][gc,ref      ] GC(70) Phantom: 1 encountered, 1 discovered, 0 enqueued
[2026-06-17T10:22:25.581+0800][7.200s][info][gc,heap     ] GC(70)                Mark Start          Mark End        Relocate Start      Relocate End           High               Low         
[2026-06-17T10:22:25.581+0800][7.200s][info][gc,heap     ] GC(70)  Capacity:      256M (100%)        256M (100%)        256M (100%)        256M (100%)        256M (100%)        256M (100%)   
[2026-06-17T10:22:25.581+0800][7.200s][info][gc,heap     ] GC(70)   Reserve:       62M (24%)          62M (24%)          62M (24%)          62M (24%)          62M (24%)          62M (24%)    
[2026-06-17T10:22:25.581+0800][7.200s][info][gc,heap     ] GC(70)      Free:      114M (45%)         114M (45%)         102M (40%)         116M (45%)         116M (45%)          76M (30%)    
[2026-06-17T10:22:25.582+0800][7.201s][info][gc,heap     ] GC(70)      Used:       80M (31%)          80M (31%)          92M (36%)          78M (30%)         118M (46%)          78M (30%)    
[2026-06-17T10:22:25.582+0800][7.201s][info][gc,heap     ] GC(70)      Live:         -                22M (9%)           22M (9%)           22M (9%)             -                  -          
[2026-06-17T10:22:25.582+0800][7.201s][info][gc,heap     ] GC(70) Allocated:         -                 0M (0%)           38M (15%)          46M (18%)            -                  -          
[2026-06-17T10:22:25.582+0800][7.201s][info][gc,heap     ] GC(70)   Garbage:         -                57M (23%)          31M (12%)          17M (7%)             -                  -          
[2026-06-17T10:22:25.582+0800][7.201s][info][gc,heap     ] GC(70) Reclaimed:         -                  -                26M (10%)          40M (16%)            -                  -          
[2026-06-17T10:22:25.583+0800][7.201s][info][gc          ] GC(70) Garbage Collection (Allocation Rate) 80M(31%)->78M(30%)
[2026-06-17T10:22:25.664+0800][7.282s][info][gc,start    ] GC(71) Garbage Collection (Allocation Rate)
[2026-06-17T10:22:25.666+0800][7.285s][info][gc,phases   ] GC(71) Pause Mark Start 0.609ms
[2026-06-17T10:22:25.669+0800][7.288s][info][gc,phases   ] GC(71) Concurrent Mark 2.378ms
[2026-06-17T10:22:25.671+0800][7.290s][info][gc,phases   ] GC(71) Pause Mark End 0.819ms
[2026-06-17T10:22:25.672+0800][7.291s][info][gc,phases   ] GC(71) Concurrent Process Non-Strong References 0.397ms
[2026-06-17T10:22:25.673+0800][7.292s][info][gc,phases   ] GC(71) Concurrent Reset Relocation Set 0.006ms
[2026-06-17T10:22:25.674+0800][7.292s][info][gc,phases   ] GC(71) Concurrent Destroy Detached Pages 0.002ms
[2026-06-17T10:22:25.675+0800][7.294s][info][gc,phases   ] GC(71) Concurrent Select Relocation Set 1.130ms
[2026-06-17T10:22:25.676+0800][7.294s][info][gc,phases   ] GC(71) Concurrent Prepare Relocation Set 0.003ms
[2026-06-17T10:22:25.677+0800][7.295s][info][gc,phases   ] GC(71) Pause Relocate Start 0.226ms
[2026-06-17T10:22:25.679+0800][7.298s][info][gc,phases   ] GC(71) Concurrent Relocate 2.148ms
[2026-06-17T10:22:25.680+0800][7.298s][info][gc,load     ] GC(71) Load: 0.26/0.21/0.28
[2026-06-17T10:22:25.680+0800][7.299s][info][gc,mmu      ] GC(71) MMU: 2ms/48.0%, 5ms/75.2%, 10ms/84.3%, 20ms/90.2%, 50ms/96.1%, 100ms/97.4%
[2026-06-17T10:22:25.680+0800][7.299s][info][gc,marking  ] GC(71) Mark: 2 stripe(s), 1 proactive flush(es), 1 terminate flush(es), 0 completion(s), 0 continuation(s) 
[2026-06-17T10:22:25.680+0800][7.299s][info][gc,reloc    ] GC(71) Relocation: Successful, 26M relocated
[2026-06-17T10:22:25.681+0800][7.299s][info][gc,nmethod  ] GC(71) NMethods: 19 registered, 0 unregistered
[2026-06-17T10:22:25.681+0800][7.300s][info][gc,metaspace] GC(71) Metaspace: 3M used, 4M capacity, 4M committed, 8M reserved
[2026-06-17T10:22:25.681+0800][7.300s][info][gc,ref      ] GC(71) Soft: 43 encountered, 0 discovered, 0 enqueued
[2026-06-17T10:22:25.681+0800][7.300s][info][gc,ref      ] GC(71) Weak: 7 encountered, 0 discovered, 0 enqueued
[2026-06-17T10:22:25.682+0800][7.301s][info][gc,ref      ] GC(71) Final: 0 encountered, 0 discovered, 0 enqueued
[2026-06-17T10:22:25.682+0800][7.301s][info][gc,ref      ] GC(71) Phantom: 1 encountered, 0 discovered, 0 enqueued
[2026-06-17T10:22:25.682+0800][7.301s][info][gc,heap     ] GC(71)                Mark Start          Mark End        Relocate Start      Relocate End           High               Low         
[2026-06-17T10:22:25.683+0800][7.301s][info][gc,heap     ] GC(71)  Capacity:      256M (100%)        256M (100%)        256M (100%)        256M (100%)        256M (100%)        256M (100%)   
[2026-06-17T10:22:25.683+0800][7.301s][info][gc,heap     ] GC(71)   Reserve:       62M (24%)          62M (24%)          62M (24%)          62M (24%)          62M (24%)          62M (24%)    
[2026-06-17T10:22:25.683+0800][7.302s][info][gc,heap     ] GC(71)      Free:       88M (34%)          50M (20%)          74M (29%)         146M (57%)         146M (57%)          50M (20%)    
[2026-06-17T10:22:25.683+0800][7.302s][info][gc,heap     ] GC(71)      Used:      106M (41%)         144M (56%)         120M (47%)          48M (19%)         144M (56%)          48M (19%)    
[2026-06-17T10:22:25.683+0800][7.302s][info][gc,heap     ] GC(71)      Live:         -                28M (11%)          28M (11%)          28M (11%)            -                  -          
[2026-06-17T10:22:25.683+0800][7.302s][info][gc,heap     ] GC(71) Allocated:         -                38M (15%)          38M (15%)          42M (16%)            -                  -          
[2026-06-17T10:22:25.683+0800][7.302s][info][gc,heap     ] GC(71)   Garbage:         -                77M (30%)          53M (21%)    17592186044397M (6         -                  -          
[2026-06-17T10:22:25.683+0800][7.302s][info][gc,heap     ] GC(71) Reclaimed:         -                  -                24M (9%)           96M (38%)            -                  -          
[2026-06-17T10:22:25.683+0800][7.302s][info][gc          ] GC(71) Garbage Collection (Allocation Rate) 106M(41%)->48M(19%)
[2026-06-17T10:22:25.763+0800][7.382s][info][gc,start    ] GC(72) Garbage Collection (Allocation Rate)
[2026-06-17T10:22:25.765+0800][7.384s][info][gc,phases   ] GC(72) Pause Mark Start 0.474ms
[2026-06-17T10:22:25.769+0800][7.387s][info][gc,phases   ] GC(72) Concurrent Mark 2.286ms
[2026-06-17T10:22:25.772+0800][7.390s][info][gc,phases   ] GC(72) Pause Mark End 0.897ms
[2026-06-17T10:22:25.773+0800][7.392s][info][gc,phases   ] GC(72) Concurrent Process Non-Strong References 0.468ms
[2026-06-17T10:22:25.774+0800][7.393s][info][gc,phases   ] GC(72) Concurrent Reset Relocation Set 0.007ms
[2026-06-17T10:22:25.775+0800][7.393s][info][gc,phases   ] GC(72) Concurrent Destroy Detached Pages 0.002ms
[2026-06-17T10:22:25.776+0800][7.395s][info][gc,phases   ] GC(72) Concurrent Select Relocation Set 1.206ms
[2026-06-17T10:22:25.777+0800][7.396s][info][gc,phases   ] GC(72) Concurrent Prepare Relocation Set 0.014ms
[2026-06-17T10:22:25.778+0800][7.397s][info][gc,phases   ] GC(72) Pause Relocate Start 0.237ms
[2026-06-17T10:22:25.779+0800][7.398s][info][gc,phases   ] GC(72) Concurrent Relocate 0.598ms
[2026-06-17T10:22:25.780+0800][7.398s][info][gc,load     ] GC(72) Load: 0.26/0.21/0.28
[2026-06-17T10:22:25.780+0800][7.399s][info][gc,mmu      ] GC(72) MMU: 2ms/48.0%, 5ms/75.2%, 10ms/84.3%, 20ms/90.2%, 50ms/96.1%, 100ms/97.4%
[2026-06-17T10:22:25.780+0800][7.399s][info][gc,marking  ] GC(72) Mark: 2 stripe(s), 1 proactive flush(es), 1 terminate flush(es), 0 completion(s), 0 continuation(s) 
[2026-06-17T10:22:25.780+0800][7.399s][info][gc,reloc    ] GC(72) Relocation: Successful, 23M relocated
[2026-06-17T10:22:25.781+0800][7.399s][info][gc,nmethod  ] GC(72) NMethods: 19 registered, 0 unregistered
[2026-06-17T10:22:25.781+0800][7.400s][info][gc,metaspace] GC(72) Metaspace: 3M used, 4M capacity, 4M committed, 8M reserved
[2026-06-17T10:22:25.781+0800][7.400s][info][gc,ref      ] GC(72) Soft: 43 encountered, 0 discovered, 0 enqueued
[2026-06-17T10:22:25.781+0800][7.400s][info][gc,ref      ] GC(72) Weak: 7 encountered, 0 discovered, 0 enqueued
[2026-06-17T10:22:25.782+0800][7.400s][info][gc,ref      ] GC(72) Final: 0 encountered, 0 discovered, 0 enqueued
[2026-06-17T10:22:25.782+0800][7.401s][info][gc,ref      ] GC(72) Phantom: 1 encountered, 1 discovered, 0 enqueued
[2026-06-17T10:22:25.782+0800][7.401s][info][gc,heap     ] GC(72)                Mark Start          Mark End        Relocate Start      Relocate End           High               Low         
[2026-06-17T10:22:25.782+0800][7.401s][info][gc,heap     ] GC(72)  Capacity:      256M (100%)        256M (100%)        256M (100%)        256M (100%)        256M (100%)        256M (100%)   
[2026-06-17T10:22:25.782+0800][7.401s][info][gc,heap     ] GC(72)   Reserve:       62M (24%)          62M (24%)          62M (24%)          62M (24%)          62M (24%)          62M (24%)    
[2026-06-17T10:22:25.782+0800][7.401s][info][gc,heap     ] GC(72)      Free:      116M (45%)          80M (31%)         110M (43%)         116M (45%)         116M (45%)          80M (31%)    
[2026-06-17T10:22:25.783+0800][7.401s][info][gc,heap     ] GC(72)      Used:       78M (30%)         114M (45%)          84M (33%)          78M (30%)         114M (45%)          78M (30%)    
[2026-06-17T10:22:25.783+0800][7.402s][info][gc,heap     ] GC(72)      Live:         -                25M (10%)          25M (10%)          25M (10%)            -                  -          
[2026-06-17T10:22:25.783+0800][7.402s][info][gc,heap     ] GC(72) Allocated:         -                36M (14%)          36M (14%)          44M (17%)            -                  -          
[2026-06-17T10:22:25.783+0800][7.402s][info][gc,heap     ] GC(72)   Garbage:         -                52M (21%)          22M (9%)           16M (7%)             -                  -          
[2026-06-17T10:22:25.783+0800][7.402s][info][gc,heap     ] GC(72) Reclaimed:         -                  -                30M (12%)          36M (14%)            -                  -          
[2026-06-17T10:22:25.783+0800][7.402s][info][gc          ] GC(72) Garbage Collection (Allocation Rate) 78M(30%)->78M(30%)
[2026-06-17T10:22:25.863+0800][7.482s][info][gc,start    ] GC(73) Garbage Collection (Allocation Rate)
[2026-06-17T10:22:25.865+0800][7.484s][info][gc,phases   ] GC(73) Pause Mark Start 0.421ms
[2026-06-17T10:22:25.869+0800][7.488s][info][gc,phases   ] GC(73) Concurrent Mark 2.482ms
[2026-06-17T10:22:25.871+0800][7.490s][info][gc,phases   ] GC(73) Pause Mark End 0.573ms
[2026-06-17T10:22:25.872+0800][7.491s][info][gc,phases   ] GC(73) Concurrent Process Non-Strong References 0.353ms
[2026-06-17T10:22:25.872+0800][7.491s][info][gc,phases   ] GC(73) Concurrent Reset Relocation Set 0.004ms
[2026-06-17T10:22:25.873+0800][7.492s][info][gc,phases   ] GC(73) Concurrent Destroy Detached Pages 0.001ms
[2026-06-17T10:22:25.903+0800][7.521s][info][gc,phases   ] GC(73) Concurrent Select Relocation Set 1.830ms
[2026-06-17T10:22:25.904+0800][7.523s][info][gc,phases   ] GC(73) Concurrent Prepare Relocation Set 0.021ms
[2026-06-17T10:22:25.906+0800][7.525s][info][gc,phases   ] GC(73) Pause Relocate Start 0.459ms
[2026-06-17T10:22:25.937+0800][7.556s][info][gc,phases   ] GC(73) Concurrent Relocate 3.957ms
[2026-06-17T10:22:25.940+0800][7.558s][info][gc,load     ] GC(73) Load: 0.26/0.21/0.28
[2026-06-17T10:22:25.942+0800][7.561s][info][gc,mmu      ] GC(73) MMU: 2ms/48.0%, 5ms/75.2%, 10ms/84.3%, 20ms/90.2%, 50ms/96.1%, 100ms/97.4%
[2026-06-17T10:22:25.944+0800][7.563s][info][gc,marking  ] GC(73) Mark: 2 stripe(s), 2 proactive flush(es), 1 terminate flush(es), 0 completion(s), 0 continuation(s) 
[2026-06-17T10:22:25.946+0800][7.565s][info][gc,reloc    ] GC(73) Relocation: Successful, 27M relocated
[2026-06-17T10:22:25.950+0800][7.568s][info][gc,nmethod  ] GC(73) NMethods: 19 registered, 0 unregistered
[2026-06-17T10:22:25.951+0800][7.570s][info][gc,metaspace] GC(73) Metaspace: 3M used, 4M capacity, 4M committed, 8M reserved
[2026-06-17T10:22:25.952+0800][7.571s][info][gc,ref      ] GC(73) Soft: 43 encountered, 0 discovered, 0 enqueued
[2026-06-17T10:22:25.954+0800][7.572s][info][gc,ref      ] GC(73) Weak: 7 encountered, 0 discovered, 0 enqueued
[2026-06-17T10:22:25.955+0800][7.574s][info][gc,ref      ] GC(73) Final: 0 encountered, 0 discovered, 0 enqueued
[2026-06-17T10:22:26.019+0800][7.638s][info][gc,ref      ] GC(73) Phantom: 1 encountered, 0 discovered, 0 enqueued
[2026-06-17T10:22:26.020+0800][7.638s][info][gc,heap     ] GC(73)                Mark Start          Mark End        Relocate Start      Relocate End           High               Low         
[2026-06-17T10:22:26.021+0800][7.639s][info][gc,heap     ] GC(73)  Capacity:      256M (100%)        256M (100%)        256M (100%)        256M (100%)        256M (100%)        256M (100%)   
[2026-06-17T10:22:26.021+0800][7.640s][info][gc,heap     ] GC(73)   Reserve:       62M (24%)          62M (24%)          62M (24%)          62M (24%)          62M (24%)          62M (24%)    
[2026-06-17T10:22:26.022+0800][7.641s][info][gc,heap     ] GC(73)      Free:       86M (34%)          50M (20%)          64M (25%)         130M (51%)         130M (51%)          38M (15%)    
[2026-06-17T10:22:26.023+0800][7.642s][info][gc,heap     ] GC(73)      Used:      108M (42%)         144M (56%)         130M (51%)          64M (25%)         156M (61%)          64M (25%)    
[2026-06-17T10:22:26.023+0800][7.642s][info][gc,heap     ] GC(73)      Live:         -                31M (12%)          31M (12%)          31M (12%)            -                  -          
[2026-06-17T10:22:26.024+0800][7.643s][info][gc,heap     ] GC(73) Allocated:         -                36M (14%)          48M (19%)          60M (23%)            -                  -          
[2026-06-17T10:22:26.024+0800][7.643s][info][gc,heap     ] GC(73)   Garbage:         -                76M (30%)          50M (20%)    17592186044396M (6         -                  -          
[2026-06-17T10:22:26.025+0800][7.643s][info][gc,heap     ] GC(73) Reclaimed:         -                  -                26M (10%)          96M (38%)            -                  -          
[2026-06-17T10:22:26.025+0800][7.644s][info][gc          ] GC(73) Garbage Collection (Allocation Rate) 108M(42%)->64M(25%)
[2026-06-17T10:22:26.063+0800][7.682s][info][gc,start    ] GC(74) Garbage Collection (Allocation Rate)
[2026-06-17T10:22:26.064+0800][7.683s][info][gc,phases   ] GC(74) Pause Mark Start 0.146ms
[2026-06-17T10:22:26.066+0800][7.685s][info][gc,phases   ] GC(74) Concurrent Mark 1.679ms
[2026-06-17T10:22:26.067+0800][7.686s][info][gc,phases   ] GC(74) Pause Mark End 0.249ms
[2026-06-17T10:22:26.068+0800][7.686s][info][gc,phases   ] GC(74) Concurrent Process Non-Strong References 0.093ms
[2026-06-17T10:22:26.073+0800][7.692s][info][gc,phases   ] GC(74) Concurrent Reset Relocation Set 0.003ms
[2026-06-17T10:22:26.078+0800][7.696s][info][gc,phases   ] GC(74) Concurrent Destroy Detached Pages 0.001ms
[2026-06-17T10:22:26.079+0800][7.698s][info][gc,phases   ] GC(74) Concurrent Select Relocation Set 0.758ms
[2026-06-17T10:22:26.080+0800][7.699s][info][gc,phases   ] GC(74) Concurrent Prepare Relocation Set 0.010ms
[2026-06-17T10:22:26.081+0800][7.700s][info][gc,phases   ] GC(74) Pause Relocate Start 0.211ms
[2026-06-17T10:22:26.085+0800][7.704s][info][gc,phases   ] GC(74) Concurrent Relocate 1.666ms
[2026-06-17T10:22:26.087+0800][7.706s][info][gc,load     ] GC(74) Load: 0.26/0.21/0.28
[2026-06-17T10:22:26.090+0800][7.708s][info][gc,mmu      ] GC(74) MMU: 2ms/48.0%, 5ms/75.2%, 10ms/84.3%, 20ms/90.2%, 50ms/96.1%, 100ms/97.4%
[2026-06-17T10:22:26.091+0800][7.710s][info][gc,marking  ] GC(74) Mark: 2 stripe(s), 1 proactive flush(es), 1 terminate flush(es), 0 completion(s), 0 continuation(s) 
[2026-06-17T10:22:26.093+0800][7.711s][info][gc,reloc    ] GC(74) Relocation: Successful, 19M relocated
[2026-06-17T10:22:26.093+0800][7.712s][info][gc,nmethod  ] GC(74) NMethods: 19 registered, 0 unregistered
[2026-06-17T10:22:26.096+0800][7.714s][info][gc,metaspace] GC(74) Metaspace: 3M used, 4M capacity, 4M committed, 8M reserved
[2026-06-17T10:22:26.097+0800][7.716s][info][gc,ref      ] GC(74) Soft: 43 encountered, 0 discovered, 0 enqueued
[2026-06-17T10:22:26.099+0800][7.717s][info][gc,ref      ] GC(74) Weak: 7 encountered, 0 discovered, 0 enqueued
[2026-06-17T10:22:26.101+0800][7.720s][info][gc,ref      ] GC(74) Final: 0 encountered, 0 discovered, 0 enqueued
[2026-06-17T10:22:26.103+0800][7.722s][info][gc,ref      ] GC(74) Phantom: 1 encountered, 0 discovered, 0 enqueued
[2026-06-17T10:22:26.105+0800][7.724s][info][gc,heap     ] GC(74)                Mark Start          Mark End        Relocate Start      Relocate End           High               Low         
[2026-06-17T10:22:26.108+0800][7.727s][info][gc,heap     ] GC(74)  Capacity:      256M (100%)        256M (100%)        256M (100%)        256M (100%)        256M (100%)        256M (100%)   
[2026-06-17T10:22:26.109+0800][7.728s][info][gc,heap     ] GC(74)   Reserve:       62M (24%)          62M (24%)          62M (24%)          62M (24%)          62M (24%)          62M (24%)    
[2026-06-17T10:22:26.111+0800][7.730s][info][gc,heap     ] GC(74)      Free:       56M (22%)          56M (22%)          98M (38%)         142M (55%)         142M (55%)          52M (20%)    
[2026-06-17T10:22:26.113+0800][7.732s][info][gc,heap     ] GC(74)      Used:      138M (54%)         138M (54%)          96M (38%)          52M (20%)         142M (55%)          52M (20%)    
[2026-06-17T10:22:26.115+0800][7.734s][info][gc,heap     ] GC(74)      Live:         -                19M (8%)           19M (8%)           19M (8%)             -                  -          
[2026-06-17T10:22:26.117+0800][7.736s][info][gc,heap     ] GC(74) Allocated:         -                 0M (0%)            8M (3%)           52M (20%)            -                  -          
[2026-06-17T10:22:26.118+0800][7.737s][info][gc,heap     ] GC(74)   Garbage:         -               118M (46%)          68M (27%)          24M (10%)            -                  -          
[2026-06-17T10:22:26.121+0800][7.740s][info][gc,heap     ] GC(74) Reclaimed:         -                  -                50M (20%)          94M (37%)            -                  -          
[2026-06-17T10:22:26.125+0800][7.744s][info][gc          ] GC(74) Garbage Collection (Allocation Rate) 138M(54%)->52M(20%)
[2026-06-17T10:22:26.163+0800][7.782s][info][gc,start    ] GC(75) Garbage Collection (Allocation Rate)
[2026-06-17T10:22:26.165+0800][7.784s][info][gc,phases   ] GC(75) Pause Mark Start 0.446ms
[2026-06-17T10:22:26.168+0800][7.787s][info][gc,phases   ] GC(75) Concurrent Mark 2.251ms
[2026-06-17T10:22:26.169+0800][7.788s][info][gc,phases   ] GC(75) Pause Mark End 0.650ms
[2026-06-17T10:22:26.170+0800][7.789s][info][gc,phases   ] GC(75) Concurrent Process Non-Strong References 0.265ms
[2026-06-17T10:22:26.170+0800][7.789s][info][gc,phases   ] GC(75) Concurrent Reset Relocation Set 0.004ms
[2026-06-17T10:22:26.171+0800][7.789s][info][gc,phases   ] GC(75) Concurrent Destroy Detached Pages 0.001ms
[2026-06-17T10:22:26.172+0800][7.791s][info][gc,phases   ] GC(75) Concurrent Select Relocation Set 1.097ms
[2026-06-17T10:22:26.172+0800][7.791s][info][gc,phases   ] GC(75) Concurrent Prepare Relocation Set 0.002ms
[2026-06-17T10:22:26.173+0800][7.792s][info][gc,phases   ] GC(75) Pause Relocate Start 0.226ms
[2026-06-17T10:22:26.174+0800][7.792s][info][gc,phases   ] GC(75) Concurrent Relocate 0.393ms
[2026-06-17T10:22:26.174+0800][7.793s][info][gc,load     ] GC(75) Load: 0.26/0.21/0.28
[2026-06-17T10:22:26.174+0800][7.793s][info][gc,mmu      ] GC(75) MMU: 2ms/48.0%, 5ms/75.2%, 10ms/84.3%, 20ms/90.2%, 50ms/96.1%, 100ms/97.4%
[2026-06-17T10:22:26.174+0800][7.793s][info][gc,marking  ] GC(75) Mark: 2 stripe(s), 1 proactive flush(es), 1 terminate flush(es), 0 completion(s), 0 continuation(s) 
[2026-06-17T10:22:26.174+0800][7.793s][info][gc,reloc    ] GC(75) Relocation: Successful, 24M relocated
[2026-06-17T10:22:26.175+0800][7.793s][info][gc,nmethod  ] GC(75) NMethods: 19 registered, 0 unregistered
[2026-06-17T10:22:26.175+0800][7.794s][info][gc,metaspace] GC(75) Metaspace: 3M used, 4M capacity, 4M committed, 8M reserved
[2026-06-17T10:22:26.175+0800][7.794s][info][gc,ref      ] GC(75) Soft: 43 encountered, 0 discovered, 0 enqueued
[2026-06-17T10:22:26.175+0800][7.794s][info][gc,ref      ] GC(75) Weak: 7 encountered, 0 discovered, 0 enqueued
[2026-06-17T10:22:26.175+0800][7.794s][info][gc,ref      ] GC(75) Final: 0 encountered, 0 discovered, 0 enqueued
[2026-06-17T10:22:26.176+0800][7.794s][info][gc,ref      ] GC(75) Phantom: 1 encountered, 1 discovered, 0 enqueued
[2026-06-17T10:22:26.176+0800][7.795s][info][gc,heap     ] GC(75)                Mark Start          Mark End        Relocate Start      Relocate End           High               Low         
[2026-06-17T10:22:26.176+0800][7.795s][info][gc,heap     ] GC(75)  Capacity:      256M (100%)        256M (100%)        256M (100%)        256M (100%)        256M (100%)        256M (100%)   
[2026-06-17T10:22:26.176+0800][7.795s][info][gc,heap     ] GC(75)   Reserve:       62M (24%)          62M (24%)          62M (24%)          62M (24%)          62M (24%)          62M (24%)    
[2026-06-17T10:22:26.176+0800][7.795s][info][gc,heap     ] GC(75)      Free:      114M (45%)         110M (43%)         138M (54%)         146M (57%)         146M (57%)         110M (43%)    
[2026-06-17T10:22:26.176+0800][7.795s][info][gc,heap     ] GC(75)      Used:       80M (31%)          84M (33%)          56M (22%)          48M (19%)          84M (33%)          48M (19%)    
[2026-06-17T10:22:26.177+0800][7.795s][info][gc,heap     ] GC(75)      Live:         -                26M (10%)          26M (10%)          26M (10%)            -                  -          
[2026-06-17T10:22:26.177+0800][7.795s][info][gc,heap     ] GC(75) Allocated:         -                 4M (2%)            4M (2%)            8M (3%)             -                  -          
[2026-06-17T10:22:26.177+0800][7.796s][info][gc,heap     ] GC(75)   Garbage:         -                53M (21%)          25M (10%)          17M (7%)             -                  -          
[2026-06-17T10:22:26.177+0800][7.796s][info][gc,heap     ] GC(75) Reclaimed:         -                  -                28M (11%)          36M (14%)            -                  -          
[2026-06-17T10:22:26.177+0800][7.796s][info][gc          ] GC(75) Garbage Collection (Allocation Rate) 80M(31%)->48M(19%)
[2026-06-17T10:22:26.264+0800][7.882s][info][gc,start    ] GC(76) Garbage Collection (Allocation Rate)
[2026-06-17T10:22:26.266+0800][7.884s][info][gc,phases   ] GC(76) Pause Mark Start 0.451ms
[2026-06-17T10:22:26.268+0800][7.887s][info][gc,phases   ] GC(76) Concurrent Mark 2.074ms
[2026-06-17T10:22:26.271+0800][7.889s][info][gc,phases   ] GC(76) Pause Mark End 0.846ms
[2026-06-17T10:22:26.272+0800][7.890s][info][gc,phases   ] GC(76) Concurrent Process Non-Strong References 0.317ms
[2026-06-17T10:22:26.272+0800][7.891s][info][gc,phases   ] GC(76) Concurrent Reset Relocation Set 0.005ms
[2026-06-17T10:22:26.273+0800][7.892s][info][gc,phases   ] GC(76) Concurrent Destroy Detached Pages 0.003ms
[2026-06-17T10:22:26.275+0800][7.894s][info][gc,phases   ] GC(76) Concurrent Select Relocation Set 1.507ms
[2026-06-17T10:22:26.276+0800][7.894s][info][gc,phases   ] GC(76) Concurrent Prepare Relocation Set 0.017ms
[2026-06-17T10:22:26.277+0800][7.896s][info][gc,phases   ] GC(76) Pause Relocate Start 0.278ms
[2026-06-17T10:22:26.279+0800][7.898s][info][gc,phases   ] GC(76) Concurrent Relocate 1.968ms
[2026-06-17T10:22:26.280+0800][7.899s][info][gc,load     ] GC(76) Load: 0.26/0.21/0.28
[2026-06-17T10:22:26.281+0800][7.899s][info][gc,mmu      ] GC(76) MMU: 2ms/48.0%, 5ms/75.2%, 10ms/84.3%, 20ms/90.2%, 50ms/96.1%, 100ms/97.4%
[2026-06-17T10:22:26.281+0800][7.900s][info][gc,marking  ] GC(76) Mark: 2 stripe(s), 2 proactive flush(es), 1 terminate flush(es), 0 completion(s), 0 continuation(s) 
[2026-06-17T10:22:26.281+0800][7.900s][info][gc,reloc    ] GC(76) Relocation: Successful, 21M relocated
[2026-06-17T10:22:26.282+0800][7.900s][info][gc,nmethod  ] GC(76) NMethods: 19 registered, 0 unregistered
[2026-06-17T10:22:26.282+0800][7.901s][info][gc,metaspace] GC(76) Metaspace: 3M used, 4M capacity, 4M committed, 8M reserved
[2026-06-17T10:22:26.282+0800][7.901s][info][gc,ref      ] GC(76) Soft: 43 encountered, 0 discovered, 0 enqueued
[2026-06-17T10:22:26.282+0800][7.901s][info][gc,ref      ] GC(76) Weak: 7 encountered, 0 discovered, 0 enqueued
[2026-06-17T10:22:26.283+0800][7.901s][info][gc,ref      ] GC(76) Final: 0 encountered, 0 discovered, 0 enqueued
[2026-06-17T10:22:26.283+0800][7.902s][info][gc,ref      ] GC(76) Phantom: 1 encountered, 1 discovered, 0 enqueued
[2026-06-17T10:22:26.283+0800][7.902s][info][gc,heap     ] GC(76)                Mark Start          Mark End        Relocate Start      Relocate End           High               Low         
[2026-06-17T10:22:26.283+0800][7.902s][info][gc,heap     ] GC(76)  Capacity:      256M (100%)        256M (100%)        256M (100%)        256M (100%)        256M (100%)        256M (100%)   
[2026-06-17T10:22:26.283+0800][7.902s][info][gc,heap     ] GC(76)   Reserve:       62M (24%)          62M (24%)          62M (24%)          62M (24%)          62M (24%)          62M (24%)    
[2026-06-17T10:22:26.284+0800][7.902s][info][gc,heap     ] GC(76)      Free:       82M (32%)          78M (30%)         104M (41%)         144M (56%)         144M (56%)          34M (13%)    
[2026-06-17T10:22:26.284+0800][7.902s][info][gc,heap     ] GC(76)      Used:      112M (44%)         116M (45%)          90M (35%)          50M (20%)         160M (62%)          50M (20%)    
[2026-06-17T10:22:26.284+0800][7.903s][info][gc,heap     ] GC(76)      Live:         -                21M (9%)           21M (9%)           21M (9%)             -                  -          
[2026-06-17T10:22:26.284+0800][7.903s][info][gc,heap     ] GC(76) Allocated:         -                 4M (2%)            4M (2%)           82M (32%)            -                  -          
[2026-06-17T10:22:26.284+0800][7.903s][info][gc,heap     ] GC(76)   Garbage:         -                90M (35%)          64M (25%)          54M (21%)            -                  -          
[2026-06-17T10:22:26.284+0800][7.903s][info][gc,heap     ] GC(76) Reclaimed:         -                  -                26M (10%)          36M (14%)            -                  -          
[2026-06-17T10:22:26.285+0800][7.903s][info][gc          ] GC(76) Garbage Collection (Allocation Rate) 112M(44%)->50M(20%)
[2026-06-17T10:22:26.363+0800][7.982s][info][gc,start    ] GC(77) Garbage Collection (Allocation Rate)
[2026-06-17T10:22:26.366+0800][7.984s][info][gc,phases   ] GC(77) Pause Mark Start 0.500ms
[2026-06-17T10:22:26.369+0800][7.988s][info][gc,phases   ] GC(77) Concurrent Mark 3.127ms
[2026-06-17T10:22:26.372+0800][7.990s][info][gc,phases   ] GC(77) Pause Mark End 0.841ms
[2026-06-17T10:22:26.373+0800][7.991s][info][gc,phases   ] GC(77) Concurrent Process Non-Strong References 0.417ms
[2026-06-17T10:22:26.373+0800][7.992s][info][gc,phases   ] GC(77) Concurrent Reset Relocation Set 0.005ms
[2026-06-17T10:22:26.374+0800][7.993s][info][gc,phases   ] GC(77) Concurrent Destroy Detached Pages 0.002ms
[2026-06-17T10:22:26.376+0800][7.994s][info][gc,phases   ] GC(77) Concurrent Select Relocation Set 1.122ms
[2026-06-17T10:22:26.376+0800][7.995s][info][gc,phases   ] GC(77) Concurrent Prepare Relocation Set 0.004ms
[2026-06-17T10:22:26.377+0800][7.996s][info][gc,phases   ] GC(77) Pause Relocate Start 0.240ms
[2026-06-17T10:22:26.378+0800][7.997s][info][gc,phases   ] GC(77) Concurrent Relocate 0.394ms
[2026-06-17T10:22:26.379+0800][7.997s][info][gc,load     ] GC(77) Load: 0.26/0.21/0.28
[2026-06-17T10:22:26.379+0800][7.998s][info][gc,mmu      ] GC(77) MMU: 2ms/48.0%, 5ms/75.2%, 10ms/84.3%, 20ms/90.2%, 50ms/96.1%, 100ms/97.4%
[2026-06-17T10:22:26.379+0800][7.998s][info][gc,marking  ] GC(77) Mark: 2 stripe(s), 2 proactive flush(es), 1 terminate flush(es), 0 completion(s), 0 continuation(s) 
[2026-06-17T10:22:26.380+0800][7.998s][info][gc,reloc    ] GC(77) Relocation: Successful, 23M relocated
[2026-06-17T10:22:26.380+0800][7.998s][info][gc,nmethod  ] GC(77) NMethods: 19 registered, 0 unregistered
[2026-06-17T10:22:26.380+0800][7.999s][info][gc,metaspace] GC(77) Metaspace: 3M used, 4M capacity, 4M committed, 8M reserved
[2026-06-17T10:22:26.380+0800][7.999s][info][gc,ref      ] GC(77) Soft: 43 encountered, 0 discovered, 0 enqueued
[2026-06-17T10:22:26.380+0800][7.999s][info][gc,ref      ] GC(77) Weak: 7 encountered, 2 discovered, 0 enqueued
[2026-06-17T10:22:26.380+0800][7.999s][info][gc,ref      ] GC(77) Final: 0 encountered, 0 discovered, 0 enqueued
[2026-06-17T10:22:26.381+0800][7.999s][info][gc,ref      ] GC(77) Phantom: 1 encountered, 1 discovered, 0 enqueued
[2026-06-17T10:22:26.381+0800][8.000s][info][gc,heap     ] GC(77)                Mark Start          Mark End        Relocate Start      Relocate End           High               Low         
[2026-06-17T10:22:26.381+0800][8.000s][info][gc,heap     ] GC(77)  Capacity:      256M (100%)        256M (100%)        256M (100%)        256M (100%)        256M (100%)        256M (100%)   
[2026-06-17T10:22:26.381+0800][8.000s][info][gc,heap     ] GC(77)   Reserve:       62M (24%)          62M (24%)          62M (24%)          62M (24%)          62M (24%)          62M (24%)    
[2026-06-17T10:22:26.381+0800][8.000s][info][gc,heap     ] GC(77)      Free:      116M (45%)         112M (44%)         136M (53%)         142M (55%)         142M (55%)         112M (44%)    
[2026-06-17T10:22:26.381+0800][8.000s][info][gc,heap     ] GC(77)      Used:       78M (30%)          82M (32%)          58M (23%)          52M (20%)          82M (32%)          52M (20%)    
[2026-06-17T10:22:26.382+0800][8.000s][info][gc,heap     ] GC(77)      Live:         -                28M (11%)          28M (11%)          28M (11%)            -                  -          
[2026-06-17T10:22:26.382+0800][8.000s][info][gc,heap     ] GC(77) Allocated:         -                 4M (2%)            4M (2%)           14M (5%)             -                  -          
[2026-06-17T10:22:26.382+0800][8.001s][info][gc,heap     ] GC(77)   Garbage:         -                49M (19%)          25M (10%)          15M (6%)             -                  -          
[2026-06-17T10:22:26.382+0800][8.001s][info][gc,heap     ] GC(77) Reclaimed:         -                  -                24M (9%)           34M (13%)            -                  -          
[2026-06-17T10:22:26.382+0800][8.001s][info][gc          ] GC(77) Garbage Collection (Allocation Rate) 78M(30%)->52M(20%)
[2026-06-17T10:22:26.464+0800][8.083s][info][gc,start    ] GC(78) Garbage Collection (Allocation Rate)
[2026-06-17T10:22:26.466+0800][8.084s][info][gc,phases   ] GC(78) Pause Mark Start 0.439ms
[2026-06-17T10:22:26.468+0800][8.087s][info][gc,phases   ] GC(78) Concurrent Mark 2.300ms
[2026-06-17T10:22:26.470+0800][8.089s][info][gc,phases   ] GC(78) Pause Mark End 0.561ms
[2026-06-17T10:22:26.471+0800][8.090s][info][gc,phases   ] GC(78) Concurrent Process Non-Strong References 0.232ms
[2026-06-17T10:22:26.471+0800][8.090s][info][gc,phases   ] GC(78) Concurrent Reset Relocation Set 0.004ms
[2026-06-17T10:22:26.472+0800][8.091s][info][gc,phases   ] GC(78) Concurrent Destroy Detached Pages 0.002ms
[2026-06-17T10:22:26.473+0800][8.092s][info][gc,phases   ] GC(78) Concurrent Select Relocation Set 0.953ms
[2026-06-17T10:22:26.474+0800][8.093s][info][gc,phases   ] GC(78) Concurrent Prepare Relocation Set 0.015ms
[2026-06-17T10:22:26.475+0800][8.094s][info][gc,phases   ] GC(78) Pause Relocate Start 0.228ms
[2026-06-17T10:22:26.478+0800][8.097s][info][gc,phases   ] GC(78) Concurrent Relocate 2.154ms
[2026-06-17T10:22:26.478+0800][8.097s][info][gc,load     ] GC(78) Load: 0.26/0.21/0.28
[2026-06-17T10:22:26.479+0800][8.097s][info][gc,mmu      ] GC(78) MMU: 2ms/48.0%, 5ms/75.2%, 10ms/84.3%, 20ms/90.2%, 50ms/96.1%, 100ms/97.4%
[2026-06-17T10:22:26.479+0800][8.098s][info][gc,marking  ] GC(78) Mark: 2 stripe(s), 2 proactive flush(es), 1 terminate flush(es), 0 completion(s), 0 continuation(s) 
[2026-06-17T10:22:26.479+0800][8.098s][info][gc,reloc    ] GC(78) Relocation: Successful, 25M relocated
[2026-06-17T10:22:26.480+0800][8.099s][info][gc,nmethod  ] GC(78) NMethods: 19 registered, 0 unregistered
[2026-06-17T10:22:26.480+0800][8.099s][info][gc,metaspace] GC(78) Metaspace: 3M used, 4M capacity, 4M committed, 8M reserved
[2026-06-17T10:22:26.480+0800][8.099s][info][gc,ref      ] GC(78) Soft: 43 encountered, 0 discovered, 0 enqueued
[2026-06-17T10:22:26.480+0800][8.099s][info][gc,ref      ] GC(78) Weak: 7 encountered, 0 discovered, 0 enqueued
[2026-06-17T10:22:26.481+0800][8.099s][info][gc,ref      ] GC(78) Final: 0 encountered, 0 discovered, 0 enqueued
[2026-06-17T10:22:26.481+0800][8.099s][info][gc,ref      ] GC(78) Phantom: 1 encountered, 0 discovered, 0 enqueued
[2026-06-17T10:22:26.481+0800][8.100s][info][gc,heap     ] GC(78)                Mark Start          Mark End        Relocate Start      Relocate End           High               Low         
[2026-06-17T10:22:26.481+0800][8.100s][info][gc,heap     ] GC(78)  Capacity:      256M (100%)        256M (100%)        256M (100%)        256M (100%)        256M (100%)        256M (100%)   
[2026-06-17T10:22:26.481+0800][8.100s][info][gc,heap     ] GC(78)   Reserve:       62M (24%)          62M (24%)          62M (24%)          62M (24%)          62M (24%)          62M (24%)    
[2026-06-17T10:22:26.481+0800][8.100s][info][gc,heap     ] GC(78)      Free:       80M (31%)          80M (31%)         106M (41%)         148M (58%)         148M (58%)          70M (27%)    
[2026-06-17T10:22:26.481+0800][8.100s][info][gc,heap     ] GC(78)      Used:      114M (45%)         114M (45%)          88M (34%)          46M (18%)         124M (48%)          46M (18%)    
[2026-06-17T10:22:26.482+0800][8.100s][info][gc,heap     ] GC(78)      Live:         -                25M (10%)          25M (10%)          25M (10%)            -                  -          
[2026-06-17T10:22:26.482+0800][8.100s][info][gc,heap     ] GC(78) Allocated:         -                 0M (0%)            4M (2%)           44M (17%)            -                  -          
[2026-06-17T10:22:26.482+0800][8.101s][info][gc,heap     ] GC(78)   Garbage:         -                88M (35%)          58M (23%)          16M (7%)             -                  -          
[2026-06-17T10:22:26.482+0800][8.101s][info][gc,heap     ] GC(78) Reclaimed:         -                  -                30M (12%)          72M (28%)            -                  -          
[2026-06-17T10:22:26.482+0800][8.101s][info][gc          ] GC(78) Garbage Collection (Allocation Rate) 114M(45%)->46M(18%)
[2026-06-17T10:22:26.563+0800][8.182s][info][gc,start    ] GC(79) Garbage Collection (Allocation Rate)
[2026-06-17T10:22:26.566+0800][8.184s][info][gc,phases   ] GC(79) Pause Mark Start 0.593ms
[2026-06-17T10:22:26.571+0800][8.190s][info][gc,phases   ] GC(79) Concurrent Mark 2.194ms
[2026-06-17T10:22:26.574+0800][8.193s][info][gc,phases   ] GC(79) Pause Mark End 0.864ms
[2026-06-17T10:22:26.576+0800][8.194s][info][gc,phases   ] GC(79) Concurrent Process Non-Strong References 0.191ms
[2026-06-17T10:22:26.576+0800][8.195s][info][gc,phases   ] GC(79) Concurrent Reset Relocation Set 0.006ms
[2026-06-17T10:22:26.578+0800][8.196s][info][gc,phases   ] GC(79) Concurrent Destroy Detached Pages 0.002ms
[2026-06-17T10:22:26.581+0800][8.199s][info][gc,phases   ] GC(79) Concurrent Select Relocation Set 1.404ms
[2026-06-17T10:22:26.582+0800][8.201s][info][gc,phases   ] GC(79) Concurrent Prepare Relocation Set 0.013ms
[2026-06-17T10:22:26.584+0800][8.203s][info][gc,phases   ] GC(79) Pause Relocate Start 0.395ms
[2026-06-17T10:22:26.587+0800][8.206s][info][gc,phases   ] GC(79) Concurrent Relocate 0.618ms
[2026-06-17T10:22:26.587+0800][8.206s][info][gc,load     ] GC(79) Load: 0.26/0.21/0.28
[2026-06-17T10:22:26.588+0800][8.206s][info][gc,mmu      ] GC(79) MMU: 2ms/48.0%, 5ms/75.2%, 10ms/84.3%, 20ms/90.2%, 50ms/96.1%, 100ms/97.4%
[2026-06-17T10:22:26.588+0800][8.207s][info][gc,marking  ] GC(79) Mark: 2 stripe(s), 1 proactive flush(es), 1 terminate flush(es), 0 completion(s), 0 continuation(s) 
[2026-06-17T10:22:26.589+0800][8.207s][info][gc,reloc    ] GC(79) Relocation: Successful, 22M relocated
[2026-06-17T10:22:26.589+0800][8.208s][info][gc,nmethod  ] GC(79) NMethods: 19 registered, 0 unregistered
[2026-06-17T10:22:26.590+0800][8.208s][info][gc,metaspace] GC(79) Metaspace: 3M used, 4M capacity, 4M committed, 8M reserved
[2026-06-17T10:22:26.590+0800][8.209s][info][gc,ref      ] GC(79) Soft: 43 encountered, 0 discovered, 0 enqueued
[2026-06-17T10:22:26.591+0800][8.209s][info][gc,ref      ] GC(79) Weak: 7 encountered, 2 discovered, 0 enqueued
[2026-06-17T10:22:26.591+0800][8.210s][info][gc,ref      ] GC(79) Final: 0 encountered, 0 discovered, 0 enqueued
[2026-06-17T10:22:26.591+0800][8.210s][info][gc,ref      ] GC(79) Phantom: 1 encountered, 0 discovered, 0 enqueued
[2026-06-17T10:22:26.592+0800][8.210s][info][gc,heap     ] GC(79)                Mark Start          Mark End        Relocate Start      Relocate End           High               Low         
[2026-06-17T10:22:26.592+0800][8.211s][info][gc,heap     ] GC(79)  Capacity:      256M (100%)        256M (100%)        256M (100%)        256M (100%)        256M (100%)        256M (100%)   
[2026-06-17T10:22:26.593+0800][8.211s][info][gc,heap     ] GC(79)   Reserve:       62M (24%)          62M (24%)          62M (24%)          62M (24%)          62M (24%)          62M (24%)    
[2026-06-17T10:22:26.593+0800][8.212s][info][gc,heap     ] GC(79)      Free:      116M (45%)         112M (44%)         136M (53%)         110M (43%)         140M (55%)         106M (41%)    
[2026-06-17T10:22:26.593+0800][8.212s][info][gc,heap     ] GC(79)      Used:       78M (30%)          82M (32%)          58M (23%)          84M (33%)          88M (34%)          54M (21%)    
[2026-06-17T10:22:26.593+0800][8.212s][info][gc,heap     ] GC(79)      Live:         -                22M (9%)           22M (9%)           22M (9%)             -                  -          
[2026-06-17T10:22:26.594+0800][8.212s][info][gc,heap     ] GC(79) Allocated:         -                 4M (2%)            6M (2%)           48M (19%)            -                  -          
[2026-06-17T10:22:26.594+0800][8.213s][info][gc,heap     ] GC(79)   Garbage:         -                55M (22%)          29M (12%)          19M (8%)             -                  -          
[2026-06-17T10:22:26.594+0800][8.213s][info][gc,heap     ] GC(79) Reclaimed:         -                  -                26M (10%)          36M (14%)            -                  -          
[2026-06-17T10:22:26.594+0800][8.213s][info][gc          ] GC(79) Garbage Collection (Allocation Rate) 78M(30%)->84M(33%)
[2026-06-17T10:22:26.663+0800][8.282s][info][gc,start    ] GC(80) Garbage Collection (Allocation Rate)
[2026-06-17T10:22:26.665+0800][8.284s][info][gc,phases   ] GC(80) Pause Mark Start 0.519ms
[2026-06-17T10:22:26.668+0800][8.287s][info][gc,phases   ] GC(80) Concurrent Mark 2.443ms
[2026-06-17T10:22:26.670+0800][8.289s][info][gc,phases   ] GC(80) Pause Mark End 0.767ms
[2026-06-17T10:22:26.671+0800][8.290s][info][gc,phases   ] GC(80) Concurrent Process Non-Strong References 0.324ms
[2026-06-17T10:22:26.672+0800][8.290s][info][gc,phases   ] GC(80) Concurrent Reset Relocation Set 0.003ms
[2026-06-17T10:22:26.672+0800][8.291s][info][gc,phases   ] GC(80) Concurrent Destroy Detached Pages 0.002ms
[2026-06-17T10:22:26.674+0800][8.293s][info][gc,phases   ] GC(80) Concurrent Select Relocation Set 1.464ms
[2026-06-17T10:22:26.675+0800][8.293s][info][gc,phases   ] GC(80) Concurrent Prepare Relocation Set 0.012ms
[2026-06-17T10:22:26.676+0800][8.295s][info][gc,phases   ] GC(80) Pause Relocate Start 0.275ms
[2026-06-17T10:22:26.679+0800][8.297s][info][gc,phases   ] GC(80) Concurrent Relocate 2.231ms
[2026-06-17T10:22:26.679+0800][8.298s][info][gc,load     ] GC(80) Load: 0.26/0.21/0.28
[2026-06-17T10:22:26.679+0800][8.298s][info][gc,mmu      ] GC(80) MMU: 2ms/48.0%, 5ms/75.2%, 10ms/84.3%, 20ms/90.2%, 50ms/96.1%, 100ms/97.4%
[2026-06-17T10:22:26.679+0800][8.298s][info][gc,marking  ] GC(80) Mark: 2 stripe(s), 1 proactive flush(es), 1 terminate flush(es), 0 completion(s), 0 continuation(s) 
[2026-06-17T10:22:26.679+0800][8.298s][info][gc,reloc    ] GC(80) Relocation: Successful, 26M relocated
[2026-06-17T10:22:26.680+0800][8.298s][info][gc,nmethod  ] GC(80) NMethods: 19 registered, 0 unregistered
[2026-06-17T10:22:26.680+0800][8.299s][info][gc,metaspace] GC(80) Metaspace: 3M used, 4M capacity, 4M committed, 8M reserved
[2026-06-17T10:22:26.680+0800][8.299s][info][gc,ref      ] GC(80) Soft: 43 encountered, 0 discovered, 0 enqueued
[2026-06-17T10:22:26.681+0800][8.299s][info][gc,ref      ] GC(80) Weak: 7 encountered, 2 discovered, 0 enqueued
[2026-06-17T10:22:26.681+0800][8.300s][info][gc,ref      ] GC(80) Final: 0 encountered, 0 discovered, 0 enqueued
[2026-06-17T10:22:26.681+0800][8.300s][info][gc,ref      ] GC(80) Phantom: 1 encountered, 1 discovered, 0 enqueued
[2026-06-17T10:22:26.681+0800][8.300s][info][gc,heap     ] GC(80)                Mark Start          Mark End        Relocate Start      Relocate End           High               Low         
[2026-06-17T10:22:26.681+0800][8.300s][info][gc,heap     ] GC(80)  Capacity:      256M (100%)        256M (100%)        256M (100%)        256M (100%)        256M (100%)        256M (100%)   
[2026-06-17T10:22:26.682+0800][8.300s][info][gc,heap     ] GC(80)   Reserve:       62M (24%)          62M (24%)          62M (24%)          62M (24%)          62M (24%)          62M (24%)    
[2026-06-17T10:22:26.682+0800][8.301s][info][gc,heap     ] GC(80)      Free:       84M (33%)          84M (33%)         106M (41%)         146M (57%)         146M (57%)          68M (27%)    
[2026-06-17T10:22:26.682+0800][8.301s][info][gc,heap     ] GC(80)      Used:      110M (43%)         110M (43%)          88M (34%)          48M (19%)         126M (49%)          48M (19%)    
[2026-06-17T10:22:26.682+0800][8.301s][info][gc,heap     ] GC(80)      Live:         -                28M (11%)          28M (11%)          28M (11%)            -                  -          
[2026-06-17T10:22:26.682+0800][8.301s][info][gc,heap     ] GC(80) Allocated:         -                 0M (0%)            4M (2%)           42M (16%)            -                  -          
[2026-06-17T10:22:26.682+0800][8.301s][info][gc,heap     ] GC(80)   Garbage:         -                81M (32%)          55M (22%)          15M (6%)             -                  -          
[2026-06-17T10:22:26.682+0800][8.301s][info][gc,heap     ] GC(80) Reclaimed:         -                  -                26M (10%)          66M (26%)            -                  -          
[2026-06-17T10:22:26.682+0800][8.301s][info][gc          ] GC(80) Garbage Collection (Allocation Rate) 110M(43%)->48M(19%)
[2026-06-17T10:22:26.764+0800][8.382s][info][gc,start    ] GC(81) Garbage Collection (Allocation Rate)
[2026-06-17T10:22:26.765+0800][8.384s][info][gc,phases   ] GC(81) Pause Mark Start 0.429ms
[2026-06-17T10:22:26.769+0800][8.387s][info][gc,phases   ] GC(81) Concurrent Mark 2.553ms
[2026-06-17T10:22:26.772+0800][8.391s][info][gc,phases   ] GC(81) Pause Mark End 0.715ms
[2026-06-17T10:22:26.773+0800][8.392s][info][gc,phases   ] GC(81) Concurrent Process Non-Strong References 0.370ms
[2026-06-17T10:22:26.774+0800][8.392s][info][gc,phases   ] GC(81) Concurrent Reset Relocation Set 0.006ms
[2026-06-17T10:22:26.774+0800][8.393s][info][gc,phases   ] GC(81) Concurrent Destroy Detached Pages 0.002ms
[2026-06-17T10:22:26.776+0800][8.394s][info][gc,phases   ] GC(81) Concurrent Select Relocation Set 1.069ms
[2026-06-17T10:22:26.776+0800][8.395s][info][gc,phases   ] GC(81) Concurrent Prepare Relocation Set 0.005ms
[2026-06-17T10:22:26.777+0800][8.396s][info][gc,phases   ] GC(81) Pause Relocate Start 0.310ms
[2026-06-17T10:22:26.778+0800][8.397s][info][gc,phases   ] GC(81) Concurrent Relocate 0.225ms
[2026-06-17T10:22:26.779+0800][8.397s][info][gc,load     ] GC(81) Load: 0.26/0.21/0.28
[2026-06-17T10:22:26.779+0800][8.398s][info][gc,mmu      ] GC(81) MMU: 2ms/48.0%, 5ms/75.2%, 10ms/84.3%, 20ms/90.2%, 50ms/96.1%, 100ms/97.4%
[2026-06-17T10:22:26.779+0800][8.398s][info][gc,marking  ] GC(81) Mark: 2 stripe(s), 1 proactive flush(es), 1 terminate flush(es), 0 completion(s), 0 continuation(s) 
[2026-06-17T10:22:26.780+0800][8.398s][info][gc,reloc    ] GC(81) Relocation: Successful, 21M relocated
[2026-06-17T10:22:26.780+0800][8.399s][info][gc,nmethod  ] GC(81) NMethods: 19 registered, 0 unregistered
[2026-06-17T10:22:26.780+0800][8.399s][info][gc,metaspace] GC(81) Metaspace: 3M used, 4M capacity, 4M committed, 8M reserved
[2026-06-17T10:22:26.780+0800][8.399s][info][gc,ref      ] GC(81) Soft: 43 encountered, 0 discovered, 0 enqueued
[2026-06-17T10:22:26.781+0800][8.399s][info][gc,ref      ] GC(81) Weak: 7 encountered, 2 discovered, 0 enqueued
[2026-06-17T10:22:26.781+0800][8.399s][info][gc,ref      ] GC(81) Final: 0 encountered, 0 discovered, 0 enqueued
[2026-06-17T10:22:26.781+0800][8.400s][info][gc,ref      ] GC(81) Phantom: 1 encountered, 1 discovered, 0 enqueued
[2026-06-17T10:22:26.781+0800][8.400s][info][gc,heap     ] GC(81)                Mark Start          Mark End        Relocate Start      Relocate End           High               Low         
[2026-06-17T10:22:26.782+0800][8.400s][info][gc,heap     ] GC(81)  Capacity:      256M (100%)        256M (100%)        256M (100%)        256M (100%)        256M (100%)        256M (100%)   
[2026-06-17T10:22:26.782+0800][8.401s][info][gc,heap     ] GC(81)   Reserve:       62M (24%)          62M (24%)          62M (24%)          62M (24%)          62M (24%)          62M (24%)    
[2026-06-17T10:22:26.782+0800][8.401s][info][gc,heap     ] GC(81)      Free:      114M (45%)         114M (45%)         142M (55%)         148M (58%)         148M (58%)         110M (43%)    
[2026-06-17T10:22:26.782+0800][8.401s][info][gc,heap     ] GC(81)      Used:       80M (31%)          80M (31%)          52M (20%)          46M (18%)          84M (33%)          46M (18%)    
[2026-06-17T10:22:26.782+0800][8.401s][info][gc,heap     ] GC(81)      Live:         -                25M (10%)          25M (10%)          25M (10%)            -                  -          
[2026-06-17T10:22:26.783+0800][8.401s][info][gc,heap     ] GC(81) Allocated:         -                 0M (0%)            4M (2%)            8M (3%)             -                  -          
[2026-06-17T10:22:26.783+0800][8.402s][info][gc,heap     ] GC(81)   Garbage:         -                54M (21%)          22M (9%)           16M (6%)             -                  -          
[2026-06-17T10:22:26.783+0800][8.402s][info][gc,heap     ] GC(81) Reclaimed:         -                  -                32M (12%)          38M (15%)            -                  -          
[2026-06-17T10:22:26.783+0800][8.402s][info][gc          ] GC(81) Garbage Collection (Allocation Rate) 80M(31%)->46M(18%)
[2026-06-17T10:22:26.863+0800][8.482s][info][gc,start    ] GC(82) Garbage Collection (Allocation Rate)
[2026-06-17T10:22:26.865+0800][8.484s][info][gc,phases   ] GC(82) Pause Mark Start 0.473ms
[2026-06-17T10:22:26.868+0800][8.487s][info][gc,phases   ] GC(82) Concurrent Mark 2.415ms
[2026-06-17T10:22:26.870+0800][8.489s][info][gc,phases   ] GC(82) Pause Mark End 0.814ms
[2026-06-17T10:22:26.871+0800][8.490s][info][gc,phases   ] GC(82) Concurrent Process Non-Strong References 0.410ms
[2026-06-17T10:22:26.872+0800][8.491s][info][gc,phases   ] GC(82) Concurrent Reset Relocation Set 0.004ms
[2026-06-17T10:22:26.873+0800][8.492s][info][gc,phases   ] GC(82) Concurrent Destroy Detached Pages 0.002ms
[2026-06-17T10:22:26.874+0800][8.493s][info][gc,phases   ] GC(82) Concurrent Select Relocation Set 1.006ms
[2026-06-17T10:22:26.875+0800][8.493s][info][gc,phases   ] GC(82) Concurrent Prepare Relocation Set 0.004ms
[2026-06-17T10:22:26.876+0800][8.495s][info][gc,phases   ] GC(82) Pause Relocate Start 0.360ms
[2026-06-17T10:22:26.879+0800][8.497s][info][gc,phases   ] GC(82) Concurrent Relocate 2.285ms
[2026-06-17T10:22:26.879+0800][8.498s][info][gc,load     ] GC(82) Load: 0.26/0.21/0.28
[2026-06-17T10:22:26.880+0800][8.498s][info][gc,mmu      ] GC(82) MMU: 2ms/48.0%, 5ms/75.2%, 10ms/84.3%, 20ms/90.2%, 50ms/96.1%, 100ms/97.4%
[2026-06-17T10:22:26.880+0800][8.498s][info][gc,marking  ] GC(82) Mark: 2 stripe(s), 1 proactive flush(es), 1 terminate flush(es), 0 completion(s), 0 continuation(s) 
[2026-06-17T10:22:26.880+0800][8.499s][info][gc,reloc    ] GC(82) Relocation: Successful, 27M relocated
[2026-06-17T10:22:26.880+0800][8.499s][info][gc,nmethod  ] GC(82) NMethods: 19 registered, 0 unregistered
[2026-06-17T10:22:26.881+0800][8.499s][info][gc,metaspace] GC(82) Metaspace: 3M used, 4M capacity, 4M committed, 8M reserved
[2026-06-17T10:22:26.881+0800][8.500s][info][gc,ref      ] GC(82) Soft: 43 encountered, 0 discovered, 0 enqueued
[2026-06-17T10:22:26.881+0800][8.500s][info][gc,ref      ] GC(82) Weak: 7 encountered, 2 discovered, 0 enqueued
[2026-06-17T10:22:26.881+0800][8.500s][info][gc,ref      ] GC(82) Final: 0 encountered, 0 discovered, 0 enqueued
[2026-06-17T10:22:26.882+0800][8.501s][info][gc,ref      ] GC(82) Phantom: 1 encountered, 1 discovered, 0 enqueued
[2026-06-17T10:22:26.882+0800][8.501s][info][gc,heap     ] GC(82)                Mark Start          Mark End        Relocate Start      Relocate End           High               Low         
[2026-06-17T10:22:26.882+0800][8.501s][info][gc,heap     ] GC(82)  Capacity:      256M (100%)        256M (100%)        256M (100%)        256M (100%)        256M (100%)        256M (100%)   
[2026-06-17T10:22:26.882+0800][8.501s][info][gc,heap     ] GC(82)   Reserve:       62M (24%)          62M (24%)          62M (24%)          62M (24%)          62M (24%)          62M (24%)    
[2026-06-17T10:22:26.883+0800][8.501s][info][gc,heap     ] GC(82)      Free:       84M (33%)          84M (33%)         108M (42%)         148M (58%)         148M (58%)          74M (29%)    
[2026-06-17T10:22:26.883+0800][8.502s][info][gc,heap     ] GC(82)      Used:      110M (43%)         110M (43%)          86M (34%)          46M (18%)         120M (47%)          46M (18%)    
[2026-06-17T10:22:26.883+0800][8.502s][info][gc,heap     ] GC(82)      Live:         -                30M (12%)          30M (12%)          30M (12%)            -                  -          
[2026-06-17T10:22:26.883+0800][8.502s][info][gc,heap     ] GC(82) Allocated:         -                 0M (0%)            4M (2%)           42M (16%)            -                  -          
[2026-06-17T10:22:26.883+0800][8.502s][info][gc,heap     ] GC(82)   Garbage:         -                79M (31%)          51M (20%)          11M (4%)             -                  -          
[2026-06-17T10:22:26.883+0800][8.502s][info][gc,heap     ] GC(82) Reclaimed:         -                  -                28M (11%)          68M (27%)            -                  -          
[2026-06-17T10:22:26.883+0800][8.502s][info][gc          ] GC(82) Garbage Collection (Allocation Rate) 110M(43%)->46M(18%)
[2026-06-17T10:22:26.964+0800][8.582s][info][gc,start    ] GC(83) Garbage Collection (Allocation Rate)
[2026-06-17T10:22:26.969+0800][8.588s][info][gc,phases   ] GC(83) Pause Mark Start 0.470ms
[2026-06-17T10:22:26.973+0800][8.592s][info][gc,phases   ] GC(83) Concurrent Mark 2.203ms
[2026-06-17T10:22:26.975+0800][8.594s][info][gc,phases   ] GC(83) Pause Mark End 0.966ms
[2026-06-17T10:22:26.976+0800][8.595s][info][gc,phases   ] GC(83) Concurrent Process Non-Strong References 0.195ms
[2026-06-17T10:22:26.979+0800][8.598s][info][gc,phases   ] GC(83) Concurrent Reset Relocation Set 0.007ms
[2026-06-17T10:22:26.981+0800][8.600s][info][gc,phases   ] GC(83) Concurrent Destroy Detached Pages 0.003ms
[2026-06-17T10:22:26.984+0800][8.602s][info][gc,phases   ] GC(83) Concurrent Select Relocation Set 1.751ms
[2026-06-17T10:22:26.984+0800][8.603s][info][gc,phases   ] GC(83) Concurrent Prepare Relocation Set 0.016ms
[2026-06-17T10:22:26.986+0800][8.604s][info][gc,phases   ] GC(83) Pause Relocate Start 0.335ms
[2026-06-17T10:22:26.987+0800][8.606s][info][gc,phases   ] GC(83) Concurrent Relocate 0.794ms
[2026-06-17T10:22:26.988+0800][8.606s][info][gc,load     ] GC(83) Load: 0.26/0.21/0.28
[2026-06-17T10:22:26.988+0800][8.607s][info][gc,mmu      ] GC(83) MMU: 2ms/48.0%, 5ms/75.2%, 10ms/84.3%, 20ms/90.2%, 50ms/96.1%, 100ms/97.4%
[2026-06-17T10:22:26.989+0800][8.607s][info][gc,marking  ] GC(83) Mark: 2 stripe(s), 2 proactive flush(es), 1 terminate flush(es), 0 completion(s), 0 continuation(s) 
[2026-06-17T10:22:26.989+0800][8.608s][info][gc,reloc    ] GC(83) Relocation: Successful, 19M relocated
[2026-06-17T10:22:26.989+0800][8.608s][info][gc,nmethod  ] GC(83) NMethods: 22 registered, 0 unregistered
[2026-06-17T10:22:26.989+0800][8.608s][info][gc,metaspace] GC(83) Metaspace: 3M used, 4M capacity, 4M committed, 8M reserved
[2026-06-17T10:22:26.990+0800][8.608s][info][gc,ref      ] GC(83) Soft: 43 encountered, 0 discovered, 0 enqueued
[2026-06-17T10:22:26.990+0800][8.609s][info][gc,ref      ] GC(83) Weak: 7 encountered, 0 discovered, 0 enqueued
[2026-06-17T10:22:26.990+0800][8.609s][info][gc,ref      ] GC(83) Final: 0 encountered, 0 discovered, 0 enqueued
[2026-06-17T10:22:26.990+0800][8.609s][info][gc,ref      ] GC(83) Phantom: 1 encountered, 1 discovered, 0 enqueued
[2026-06-17T10:22:26.991+0800][8.609s][info][gc,heap     ] GC(83)                Mark Start          Mark End        Relocate Start      Relocate End           High               Low         
[2026-06-17T10:22:26.991+0800][8.610s][info][gc,heap     ] GC(83)  Capacity:      256M (100%)        256M (100%)        256M (100%)        256M (100%)        256M (100%)        256M (100%)   
[2026-06-17T10:22:26.991+0800][8.610s][info][gc,heap     ] GC(83)   Reserve:       62M (24%)          62M (24%)          62M (24%)          62M (24%)          62M (24%)          62M (24%)    
[2026-06-17T10:22:26.991+0800][8.610s][info][gc,heap     ] GC(83)      Free:      116M (45%)         112M (44%)         104M (41%)         110M (43%)         116M (45%)          76M (30%)    
[2026-06-17T10:22:26.992+0800][8.610s][info][gc,heap     ] GC(83)      Used:       78M (30%)          82M (32%)          90M (35%)          84M (33%)         118M (46%)          78M (30%)    
[2026-06-17T10:22:26.992+0800][8.611s][info][gc,heap     ] GC(83)      Live:         -                21M (8%)           21M (8%)           21M (8%)             -                  -          
[2026-06-17T10:22:26.992+0800][8.611s][info][gc,heap     ] GC(83) Allocated:         -                 4M (2%)           40M (16%)          46M (18%)            -                  -          
[2026-06-17T10:22:26.992+0800][8.611s][info][gc,heap     ] GC(83)   Garbage:         -                56M (22%)          28M (11%)          22M (9%)             -                  -          
[2026-06-17T10:22:26.992+0800][8.611s][info][gc,heap     ] GC(83) Reclaimed:         -                  -                28M (11%)          34M (13%)            -                  -          
[2026-06-17T10:22:26.993+0800][8.611s][info][gc          ] GC(83) Garbage Collection (Allocation Rate) 78M(30%)->84M(33%)
[2026-06-17T10:22:27.063+0800][8.682s][info][gc,start    ] GC(84) Garbage Collection (Allocation Rate)
[2026-06-17T10:22:27.065+0800][8.684s][info][gc,phases   ] GC(84) Pause Mark Start 0.392ms
[2026-06-17T10:22:27.068+0800][8.686s][info][gc,phases   ] GC(84) Concurrent Mark 2.124ms
[2026-06-17T10:22:27.069+0800][8.688s][info][gc,phases   ] GC(84) Pause Mark End 0.848ms
[2026-06-17T10:22:27.070+0800][8.689s][info][gc,phases   ] GC(84) Concurrent Process Non-Strong References 0.322ms
[2026-06-17T10:22:27.073+0800][8.692s][info][gc,phases   ] GC(84) Concurrent Reset Relocation Set 0.006ms
[2026-06-17T10:22:27.075+0800][8.694s][info][gc,phases   ] GC(84) Concurrent Destroy Detached Pages 0.002ms
[2026-06-17T10:22:27.081+0800][8.699s][info][gc,phases   ] GC(84) Concurrent Select Relocation Set 1.324ms
[2026-06-17T10:22:27.082+0800][8.700s][info][gc,phases   ] GC(84) Concurrent Prepare Relocation Set 0.018ms
[2026-06-17T10:22:27.086+0800][8.705s][info][gc,phases   ] GC(84) Pause Relocate Start 0.361ms
[2026-06-17T10:22:27.091+0800][8.710s][info][gc,phases   ] GC(84) Concurrent Relocate 1.961ms
[2026-06-17T10:22:27.093+0800][8.711s][info][gc,load     ] GC(84) Load: 0.26/0.21/0.28
[2026-06-17T10:22:27.093+0800][8.712s][info][gc,mmu      ] GC(84) MMU: 2ms/48.0%, 5ms/75.2%, 10ms/84.3%, 20ms/90.2%, 50ms/96.1%, 100ms/97.4%
[2026-06-17T10:22:27.094+0800][8.712s][info][gc,marking  ] GC(84) Mark: 2 stripe(s), 1 proactive flush(es), 1 terminate flush(es), 0 completion(s), 0 continuation(s) 
[2026-06-17T10:22:27.094+0800][8.713s][info][gc,reloc    ] GC(84) Relocation: Successful, 18M relocated
[2026-06-17T10:22:27.095+0800][8.713s][info][gc,nmethod  ] GC(84) NMethods: 22 registered, 0 unregistered
[2026-06-17T10:22:27.095+0800][8.714s][info][gc,metaspace] GC(84) Metaspace: 3M used, 4M capacity, 4M committed, 8M reserved
[2026-06-17T10:22:27.096+0800][8.714s][info][gc,ref      ] GC(84) Soft: 43 encountered, 0 discovered, 0 enqueued
[2026-06-17T10:22:27.096+0800][8.715s][info][gc,ref      ] GC(84) Weak: 7 encountered, 2 discovered, 0 enqueued
[2026-06-17T10:22:27.097+0800][8.716s][info][gc,ref      ] GC(84) Final: 0 encountered, 0 discovered, 0 enqueued
[2026-06-17T10:22:27.097+0800][8.716s][info][gc,ref      ] GC(84) Phantom: 1 encountered, 1 discovered, 0 enqueued
[2026-06-17T10:22:27.098+0800][8.717s][info][gc,heap     ] GC(84)                Mark Start          Mark End        Relocate Start      Relocate End           High               Low         
[2026-06-17T10:22:27.098+0800][8.717s][info][gc,heap     ] GC(84)  Capacity:      256M (100%)        256M (100%)        256M (100%)        256M (100%)        256M (100%)        256M (100%)   
[2026-06-17T10:22:27.099+0800][8.717s][info][gc,heap     ] GC(84)   Reserve:       62M (24%)          62M (24%)          62M (24%)          62M (24%)          62M (24%)          62M (24%)    
[2026-06-17T10:22:27.099+0800][8.718s][info][gc,heap     ] GC(84)      Free:       82M (32%)          46M (18%)          72M (28%)         140M (55%)         140M (55%)          42M (16%)    
[2026-06-17T10:22:27.099+0800][8.718s][info][gc,heap     ] GC(84)      Used:      112M (44%)         148M (58%)         122M (48%)          54M (21%)         152M (59%)          54M (21%)    
[2026-06-17T10:22:27.099+0800][8.718s][info][gc,heap     ] GC(84)      Live:         -                18M (7%)           18M (7%)           18M (7%)             -                  -          
[2026-06-17T10:22:27.100+0800][8.718s][info][gc,heap     ] GC(84) Allocated:         -                36M (14%)          40M (16%)          54M (21%)            -                  -          
[2026-06-17T10:22:27.100+0800][8.719s][info][gc,heap     ] GC(84)   Garbage:         -                93M (36%)          63M (25%)    17592186044407M (6         -                  -          
[2026-06-17T10:22:27.100+0800][8.719s][info][gc,heap     ] GC(84) Reclaimed:         -                  -                30M (12%)         102M (40%)            -                  -          
[2026-06-17T10:22:27.100+0800][8.719s][info][gc          ] GC(84) Garbage Collection (Allocation Rate) 112M(44%)->54M(21%)
[2026-06-17T10:22:27.163+0800][8.782s][info][gc,start    ] GC(85) Garbage Collection (Allocation Rate)
[2026-06-17T10:22:27.165+0800][8.784s][info][gc,phases   ] GC(85) Pause Mark Start 0.555ms
[2026-06-17T10:22:27.168+0800][8.787s][info][gc,phases   ] GC(85) Concurrent Mark 2.211ms
[2026-06-17T10:22:27.170+0800][8.788s][info][gc,phases   ] GC(85) Pause Mark End 0.627ms
[2026-06-17T10:22:27.170+0800][8.789s][info][gc,phases   ] GC(85) Concurrent Process Non-Strong References 0.307ms
[2026-06-17T10:22:27.171+0800][8.790s][info][gc,phases   ] GC(85) Concurrent Reset Relocation Set 0.004ms
[2026-06-17T10:22:27.171+0800][8.790s][info][gc,phases   ] GC(85) Concurrent Destroy Detached Pages 0.002ms
[2026-06-17T10:22:27.173+0800][8.792s][info][gc,phases   ] GC(85) Concurrent Select Relocation Set 0.945ms
[2026-06-17T10:22:27.173+0800][8.792s][info][gc,phases   ] GC(85) Concurrent Prepare Relocation Set 0.003ms
[2026-06-17T10:22:27.174+0800][8.793s][info][gc,phases   ] GC(85) Pause Relocate Start 0.242ms
[2026-06-17T10:22:27.175+0800][8.794s][info][gc,phases   ] GC(85) Concurrent Relocate 0.394ms
[2026-06-17T10:22:27.176+0800][8.794s][info][gc,load     ] GC(85) Load: 0.26/0.21/0.28
[2026-06-17T10:22:27.176+0800][8.795s][info][gc,mmu      ] GC(85) MMU: 2ms/48.0%, 5ms/75.2%, 10ms/84.3%, 20ms/90.2%, 50ms/96.1%, 100ms/97.4%
[2026-06-17T10:22:27.176+0800][8.795s][info][gc,marking  ] GC(85) Mark: 2 stripe(s), 2 proactive flush(es), 1 terminate flush(es), 0 completion(s), 0 continuation(s) 
[2026-06-17T10:22:27.176+0800][8.795s][info][gc,reloc    ] GC(85) Relocation: Successful, 20M relocated
[2026-06-17T10:22:27.176+0800][8.795s][info][gc,nmethod  ] GC(85) NMethods: 22 registered, 0 unregistered
[2026-06-17T10:22:27.177+0800][8.795s][info][gc,metaspace] GC(85) Metaspace: 3M used, 4M capacity, 4M committed, 8M reserved
[2026-06-17T10:22:27.177+0800][8.796s][info][gc,ref      ] GC(85) Soft: 43 encountered, 0 discovered, 0 enqueued
[2026-06-17T10:22:27.177+0800][8.796s][info][gc,ref      ] GC(85) Weak: 7 encountered, 0 discovered, 0 enqueued
[2026-06-17T10:22:27.177+0800][8.796s][info][gc,ref      ] GC(85) Final: 0 encountered, 0 discovered, 0 enqueued
[2026-06-17T10:22:27.177+0800][8.796s][info][gc,ref      ] GC(85) Phantom: 1 encountered, 0 discovered, 0 enqueued
[2026-06-17T10:22:27.178+0800][8.796s][info][gc,heap     ] GC(85)                Mark Start          Mark End        Relocate Start      Relocate End           High               Low         
[2026-06-17T10:22:27.178+0800][8.796s][info][gc,heap     ] GC(85)  Capacity:      256M (100%)        256M (100%)        256M (100%)        256M (100%)        256M (100%)        256M (100%)   
[2026-06-17T10:22:27.178+0800][8.797s][info][gc,heap     ] GC(85)   Reserve:       62M (24%)          62M (24%)          62M (24%)          62M (24%)          62M (24%)          62M (24%)    
[2026-06-17T10:22:27.178+0800][8.797s][info][gc,heap     ] GC(85)      Free:      116M (45%)         112M (44%)         138M (54%)         146M (57%)         146M (57%)         112M (44%)    
[2026-06-17T10:22:27.178+0800][8.797s][info][gc,heap     ] GC(85)      Used:       78M (30%)          82M (32%)          56M (22%)          48M (19%)          82M (32%)          48M (19%)    
[2026-06-17T10:22:27.178+0800][8.797s][info][gc,heap     ] GC(85)      Live:         -                24M (10%)          24M (10%)          24M (10%)            -                  -          
[2026-06-17T10:22:27.178+0800][8.797s][info][gc,heap     ] GC(85) Allocated:         -                 4M (2%)            4M (2%)           12M (5%)             -                  -          
[2026-06-17T10:22:27.179+0800][8.797s][info][gc,heap     ] GC(85)   Garbage:         -                53M (21%)          27M (11%)          19M (8%)             -                  -          
[2026-06-17T10:22:27.179+0800][8.797s][info][gc,heap     ] GC(85) Reclaimed:         -                  -                26M (10%)          34M (13%)            -                  -          
[2026-06-17T10:22:27.179+0800][8.798s][info][gc          ] GC(85) Garbage Collection (Allocation Rate) 78M(30%)->48M(19%)
[2026-06-17T10:22:27.264+0800][8.882s][info][gc,start    ] GC(86) Garbage Collection (Allocation Rate)
[2026-06-17T10:22:27.266+0800][8.884s][info][gc,phases   ] GC(86) Pause Mark Start 0.549ms
[2026-06-17T10:22:27.269+0800][8.887s][info][gc,phases   ] GC(86) Concurrent Mark 2.112ms
[2026-06-17T10:22:27.271+0800][8.889s][info][gc,phases   ] GC(86) Pause Mark End 0.764ms
[2026-06-17T10:22:27.272+0800][8.891s][info][gc,phases   ] GC(86) Concurrent Process Non-Strong References 0.366ms
[2026-06-17T10:22:27.273+0800][8.891s][info][gc,phases   ] GC(86) Concurrent Reset Relocation Set 0.004ms
[2026-06-17T10:22:27.273+0800][8.892s][info][gc,phases   ] GC(86) Concurrent Destroy Detached Pages 0.002ms
[2026-06-17T10:22:27.275+0800][8.894s][info][gc,phases   ] GC(86) Concurrent Select Relocation Set 1.195ms
[2026-06-17T10:22:27.275+0800][8.894s][info][gc,phases   ] GC(86) Concurrent Prepare Relocation Set 0.013ms
[2026-06-17T10:22:27.277+0800][8.895s][info][gc,phases   ] GC(86) Pause Relocate Start 0.210ms
[2026-06-17T10:22:27.279+0800][8.897s][info][gc,phases   ] GC(86) Concurrent Relocate 1.575ms
[2026-06-17T10:22:27.279+0800][8.898s][info][gc,load     ] GC(86) Load: 0.26/0.21/0.28
[2026-06-17T10:22:27.279+0800][8.898s][info][gc,mmu      ] GC(86) MMU: 2ms/48.0%, 5ms/75.2%, 10ms/84.3%, 20ms/90.2%, 50ms/96.1%, 100ms/97.4%
[2026-06-17T10:22:27.280+0800][8.898s][info][gc,marking  ] GC(86) Mark: 2 stripe(s), 1 proactive flush(es), 1 terminate flush(es), 0 completion(s), 0 continuation(s) 
[2026-06-17T10:22:27.280+0800][8.899s][info][gc,reloc    ] GC(86) Relocation: Successful, 22M relocated
[2026-06-17T10:22:27.281+0800][8.899s][info][gc,nmethod  ] GC(86) NMethods: 23 registered, 0 unregistered
[2026-06-17T10:22:27.281+0800][8.900s][info][gc,metaspace] GC(86) Metaspace: 3M used, 4M capacity, 4M committed, 8M reserved
[2026-06-17T10:22:27.281+0800][8.900s][info][gc,ref      ] GC(86) Soft: 43 encountered, 0 discovered, 0 enqueued
[2026-06-17T10:22:27.281+0800][8.900s][info][gc,ref      ] GC(86) Weak: 7 encountered, 0 discovered, 0 enqueued
[2026-06-17T10:22:27.281+0800][8.900s][info][gc,ref      ] GC(86) Final: 0 encountered, 0 discovered, 0 enqueued
[2026-06-17T10:22:27.281+0800][8.900s][info][gc,ref      ] GC(86) Phantom: 1 encountered, 0 discovered, 0 enqueued
[2026-06-17T10:22:27.282+0800][8.900s][info][gc,heap     ] GC(86)                Mark Start          Mark End        Relocate Start      Relocate End           High               Low         
[2026-06-17T10:22:27.282+0800][8.901s][info][gc,heap     ] GC(86)  Capacity:      256M (100%)        256M (100%)        256M (100%)        256M (100%)        256M (100%)        256M (100%)   
[2026-06-17T10:22:27.282+0800][8.901s][info][gc,heap     ] GC(86)   Reserve:       62M (24%)          62M (24%)          62M (24%)          62M (24%)          62M (24%)          62M (24%)    
[2026-06-17T10:22:27.282+0800][8.901s][info][gc,heap     ] GC(86)      Free:       80M (31%)          80M (31%)          74M (29%)         144M (56%)         144M (56%)          68M (27%)    
[2026-06-17T10:22:27.282+0800][8.901s][info][gc,heap     ] GC(86)      Used:      114M (45%)         114M (45%)         120M (47%)          50M (20%)         126M (49%)          50M (20%)    
[2026-06-17T10:22:27.283+0800][8.901s][info][gc,heap     ] GC(86)      Live:         -                22M (9%)           22M (9%)           22M (9%)             -                  -          
[2026-06-17T10:22:27.283+0800][8.901s][info][gc,heap     ] GC(86) Allocated:         -                 0M (0%)           38M (15%)          46M (18%)            -                  -          
[2026-06-17T10:22:27.283+0800][8.902s][info][gc,heap     ] GC(86)   Garbage:         -                91M (36%)          59M (23%)    17592186044405M (6         -                  -          
[2026-06-17T10:22:27.283+0800][8.902s][info][gc,heap     ] GC(86) Reclaimed:         -                  -                32M (12%)         102M (40%)            -                  -          
[2026-06-17T10:22:27.283+0800][8.902s][info][gc          ] GC(86) Garbage Collection (Allocation Rate) 114M(45%)->50M(20%)
[2026-06-17T10:22:27.363+0800][8.982s][info][gc,start    ] GC(87) Garbage Collection (Allocation Rate)
[2026-06-17T10:22:27.365+0800][8.984s][info][gc,phases   ] GC(87) Pause Mark Start 0.471ms
[2026-06-17T10:22:27.369+0800][8.987s][info][gc,phases   ] GC(87) Concurrent Mark 2.520ms
[2026-06-17T10:22:27.371+0800][8.989s][info][gc,phases   ] GC(87) Pause Mark End 0.872ms
[2026-06-17T10:22:27.375+0800][8.993s][info][gc,phases   ] GC(87) Concurrent Process Non-Strong References 0.388ms
[2026-06-17T10:22:27.375+0800][8.994s][info][gc,phases   ] GC(87) Concurrent Reset Relocation Set 0.008ms
[2026-06-17T10:22:27.376+0800][8.994s][info][gc,phases   ] GC(87) Concurrent Destroy Detached Pages 0.002ms
[2026-06-17T10:22:27.377+0800][8.996s][info][gc,phases   ] GC(87) Concurrent Select Relocation Set 1.104ms
[2026-06-17T10:22:27.378+0800][8.996s][info][gc,phases   ] GC(87) Concurrent Prepare Relocation Set 0.003ms
[2026-06-17T10:22:27.379+0800][8.997s][info][gc,phases   ] GC(87) Pause Relocate Start 0.293ms
[2026-06-17T10:22:27.380+0800][8.998s][info][gc,phases   ] GC(87) Concurrent Relocate 0.338ms
[2026-06-17T10:22:27.380+0800][8.999s][info][gc,load     ] GC(87) Load: 0.26/0.21/0.28
[2026-06-17T10:22:27.380+0800][8.999s][info][gc,mmu      ] GC(87) MMU: 2ms/48.0%, 5ms/75.2%, 10ms/84.3%, 20ms/90.2%, 50ms/96.1%, 100ms/97.4%
[2026-06-17T10:22:27.381+0800][9.000s][info][gc,marking  ] GC(87) Mark: 2 stripe(s), 1 proactive flush(es), 1 terminate flush(es), 0 completion(s), 0 continuation(s) 
[2026-06-17T10:22:27.381+0800][9.000s][info][gc,reloc    ] GC(87) Relocation: Successful, 24M relocated
[2026-06-17T10:22:27.382+0800][9.000s][info][gc,nmethod  ] GC(87) NMethods: 23 registered, 0 unregistered
[2026-06-17T10:22:27.382+0800][9.001s][info][gc,metaspace] GC(87) Metaspace: 3M used, 4M capacity, 4M committed, 8M reserved
[2026-06-17T10:22:27.382+0800][9.001s][info][gc,ref      ] GC(87) Soft: 43 encountered, 0 discovered, 0 enqueued
[2026-06-17T10:22:27.383+0800][9.001s][info][gc,ref      ] GC(87) Weak: 7 encountered, 2 discovered, 0 enqueued
[2026-06-17T10:22:27.383+0800][9.002s][info][gc,ref      ] GC(87) Final: 0 encountered, 0 discovered, 0 enqueued
[2026-06-17T10:22:27.383+0800][9.002s][info][gc,ref      ] GC(87) Phantom: 1 encountered, 1 discovered, 0 enqueued
[2026-06-17T10:22:27.383+0800][9.002s][info][gc,heap     ] GC(87)                Mark Start          Mark End        Relocate Start      Relocate End           High               Low         
[2026-06-17T10:22:27.383+0800][9.002s][info][gc,heap     ] GC(87)  Capacity:      256M (100%)        256M (100%)        256M (100%)        256M (100%)        256M (100%)        256M (100%)   
[2026-06-17T10:22:27.383+0800][9.002s][info][gc,heap     ] GC(87)   Reserve:       62M (24%)          62M (24%)          62M (24%)          62M (24%)          62M (24%)          62M (24%)    
[2026-06-17T10:22:27.384+0800][9.002s][info][gc,heap     ] GC(87)      Free:      114M (45%)         114M (45%)         102M (40%)         110M (43%)         114M (45%)          76M (30%)    
[2026-06-17T10:22:27.384+0800][9.003s][info][gc,heap     ] GC(87)      Used:       80M (31%)          80M (31%)          92M (36%)          84M (33%)         118M (46%)          80M (31%)    
[2026-06-17T10:22:27.384+0800][9.003s][info][gc,heap     ] GC(87)      Live:         -                28M (11%)          28M (11%)          28M (11%)            -                  -          
[2026-06-17T10:22:27.384+0800][9.003s][info][gc,heap     ] GC(87) Allocated:         -                 0M (0%)           38M (15%)          44M (17%)            -                  -          
[2026-06-17T10:22:27.384+0800][9.003s][info][gc,heap     ] GC(87)   Garbage:         -                51M (20%)          25M (10%)          17M (7%)             -                  -          
[2026-06-17T10:22:27.385+0800][9.003s][info][gc,heap     ] GC(87) Reclaimed:         -                  -                26M (10%)          34M (13%)            -                  -          
[2026-06-17T10:22:27.385+0800][9.003s][info][gc          ] GC(87) Garbage Collection (Allocation Rate) 80M(31%)->84M(33%)
[2026-06-17T10:22:27.463+0800][9.082s][info][gc,start    ] GC(88) Garbage Collection (Allocation Rate)
[2026-06-17T10:22:27.465+0800][9.084s][info][gc,phases   ] GC(88) Pause Mark Start 0.520ms
[2026-06-17T10:22:27.468+0800][9.087s][info][gc,phases   ] GC(88) Concurrent Mark 2.248ms
[2026-06-17T10:22:27.470+0800][9.089s][info][gc,phases   ] GC(88) Pause Mark End 0.671ms
[2026-06-17T10:22:27.471+0800][9.089s][info][gc,phases   ] GC(88) Concurrent Process Non-Strong References 0.345ms
[2026-06-17T10:22:27.471+0800][9.090s][info][gc,phases   ] GC(88) Concurrent Reset Relocation Set 0.003ms
[2026-06-17T10:22:27.471+0800][9.090s][info][gc,phases   ] GC(88) Concurrent Destroy Detached Pages 0.002ms
[2026-06-17T10:22:27.473+0800][9.092s][info][gc,phases   ] GC(88) Concurrent Select Relocation Set 1.116ms
[2026-06-17T10:22:27.473+0800][9.092s][info][gc,phases   ] GC(88) Concurrent Prepare Relocation Set 0.014ms
[2026-06-17T10:22:27.474+0800][9.093s][info][gc,phases   ] GC(88) Pause Relocate Start 0.214ms
[2026-06-17T10:22:27.477+0800][9.095s][info][gc,phases   ] GC(88) Concurrent Relocate 1.941ms
[2026-06-17T10:22:27.477+0800][9.096s][info][gc,load     ] GC(88) Load: 0.26/0.21/0.28
[2026-06-17T10:22:27.477+0800][9.096s][info][gc,mmu      ] GC(88) MMU: 2ms/48.0%, 5ms/75.2%, 10ms/84.3%, 20ms/90.2%, 50ms/96.1%, 100ms/97.4%
[2026-06-17T10:22:27.478+0800][9.096s][info][gc,marking  ] GC(88) Mark: 2 stripe(s), 1 proactive flush(es), 1 terminate flush(es), 0 completion(s), 0 continuation(s) 
[2026-06-17T10:22:27.478+0800][9.096s][info][gc,reloc    ] GC(88) Relocation: Successful, 26M relocated
[2026-06-17T10:22:27.478+0800][9.097s][info][gc,nmethod  ] GC(88) NMethods: 23 registered, 0 unregistered
[2026-06-17T10:22:27.478+0800][9.097s][info][gc,metaspace] GC(88) Metaspace: 3M used, 4M capacity, 4M committed, 8M reserved
[2026-06-17T10:22:27.478+0800][9.097s][info][gc,ref      ] GC(88) Soft: 43 encountered, 0 discovered, 0 enqueued
[2026-06-17T10:22:27.479+0800][9.097s][info][gc,ref      ] GC(88) Weak: 7 encountered, 0 discovered, 0 enqueued
[2026-06-17T10:22:27.479+0800][9.097s][info][gc,ref      ] GC(88) Final: 0 encountered, 0 discovered, 0 enqueued
[2026-06-17T10:22:27.479+0800][9.098s][info][gc,ref      ] GC(88) Phantom: 1 encountered, 1 discovered, 0 enqueued
[2026-06-17T10:22:27.479+0800][9.098s][info][gc,heap     ] GC(88)                Mark Start          Mark End        Relocate Start      Relocate End           High               Low         
[2026-06-17T10:22:27.479+0800][9.098s][info][gc,heap     ] GC(88)  Capacity:      256M (100%)        256M (100%)        256M (100%)        256M (100%)        256M (100%)        256M (100%)   
[2026-06-17T10:22:27.479+0800][9.098s][info][gc,heap     ] GC(88)   Reserve:       62M (24%)          62M (24%)          62M (24%)          62M (24%)          62M (24%)          62M (24%)    
[2026-06-17T10:22:27.479+0800][9.098s][info][gc,heap     ] GC(88)      Free:       82M (32%)          82M (32%)          70M (27%)         148M (58%)         148M (58%)          46M (18%)    
[2026-06-17T10:22:27.480+0800][9.098s][info][gc,heap     ] GC(88)      Used:      112M (44%)         112M (44%)         124M (48%)          46M (18%)         148M (58%)          46M (18%)    
[2026-06-17T10:22:27.480+0800][9.098s][info][gc,heap     ] GC(88)      Live:         -                26M (10%)          26M (10%)          26M (10%)            -                  -          
[2026-06-17T10:22:27.480+0800][9.099s][info][gc,heap     ] GC(88) Allocated:         -                 0M (0%)           36M (14%)          44M (17%)            -                  -          
[2026-06-17T10:22:27.480+0800][9.099s][info][gc,heap     ] GC(88)   Garbage:         -                85M (33%)          61M (24%)    17592186044399M (6         -                  -          
[2026-06-17T10:22:27.480+0800][9.099s][info][gc,heap     ] GC(88) Reclaimed:         -                  -                24M (9%)          102M (40%)            -                  -          
[2026-06-17T10:22:27.480+0800][9.099s][info][gc          ] GC(88) Garbage Collection (Allocation Rate) 112M(44%)->46M(18%)
[2026-06-17T10:22:27.564+0800][9.183s][info][gc,start    ] GC(89) Garbage Collection (Allocation Rate)
[2026-06-17T10:22:27.566+0800][9.185s][info][gc,phases   ] GC(89) Pause Mark Start 0.496ms
[2026-06-17T10:22:27.569+0800][9.188s][info][gc,phases   ] GC(89) Concurrent Mark 2.362ms
[2026-06-17T10:22:27.571+0800][9.190s][info][gc,phases   ] GC(89) Pause Mark End 0.834ms
[2026-06-17T10:22:27.572+0800][9.191s][info][gc,phases   ] GC(89) Concurrent Process Non-Strong References 0.290ms
[2026-06-17T10:22:27.573+0800][9.192s][info][gc,phases   ] GC(89) Concurrent Reset Relocation Set 0.007ms
[2026-06-17T10:22:27.573+0800][9.192s][info][gc,phases   ] GC(89) Concurrent Destroy Detached Pages 0.002ms
[2026-06-17T10:22:27.575+0800][9.194s][info][gc,phases   ] GC(89) Concurrent Select Relocation Set 1.298ms
[2026-06-17T10:22:27.578+0800][9.197s][info][gc,phases   ] GC(89) Concurrent Prepare Relocation Set 0.019ms
[2026-06-17T10:22:27.581+0800][9.200s][info][gc,phases   ] GC(89) Pause Relocate Start 0.372ms
[2026-06-17T10:22:27.583+0800][9.202s][info][gc,phases   ] GC(89) Concurrent Relocate 1.149ms
[2026-06-17T10:22:27.585+0800][9.204s][info][gc,load     ] GC(89) Load: 0.26/0.21/0.28
[2026-06-17T10:22:27.585+0800][9.204s][info][gc,mmu      ] GC(89) MMU: 2ms/48.0%, 5ms/75.2%, 10ms/84.3%, 20ms/90.2%, 50ms/96.1%, 100ms/97.4%
[2026-06-17T10:22:27.586+0800][9.205s][info][gc,marking  ] GC(89) Mark: 2 stripe(s), 1 proactive flush(es), 1 terminate flush(es), 0 completion(s), 0 continuation(s) 
[2026-06-17T10:22:27.586+0800][9.205s][info][gc,reloc    ] GC(89) Relocation: Successful, 21M relocated
[2026-06-17T10:22:27.587+0800][9.205s][info][gc,nmethod  ] GC(89) NMethods: 23 registered, 0 unregistered
[2026-06-17T10:22:27.587+0800][9.206s][info][gc,metaspace] GC(89) Metaspace: 3M used, 4M capacity, 4M committed, 8M reserved
[2026-06-17T10:22:27.588+0800][9.206s][info][gc,ref      ] GC(89) Soft: 43 encountered, 0 discovered, 0 enqueued
[2026-06-17T10:22:27.588+0800][9.207s][info][gc,ref      ] GC(89) Weak: 7 encountered, 2 discovered, 0 enqueued
[2026-06-17T10:22:27.589+0800][9.207s][info][gc,ref      ] GC(89) Final: 0 encountered, 0 discovered, 0 enqueued
[2026-06-17T10:22:27.589+0800][9.208s][info][gc,ref      ] GC(89) Phantom: 1 encountered, 1 discovered, 0 enqueued
[2026-06-17T10:22:27.589+0800][9.208s][info][gc,heap     ] GC(89)                Mark Start          Mark End        Relocate Start      Relocate End           High               Low         
[2026-06-17T10:22:27.590+0800][9.209s][info][gc,heap     ] GC(89)  Capacity:      256M (100%)        256M (100%)        256M (100%)        256M (100%)        256M (100%)        256M (100%)   
[2026-06-17T10:22:27.590+0800][9.209s][info][gc,heap     ] GC(89)   Reserve:       62M (24%)          62M (24%)          62M (24%)          62M (24%)          62M (24%)          62M (24%)    
[2026-06-17T10:22:27.591+0800][9.209s][info][gc,heap     ] GC(89)      Free:      116M (45%)          78M (30%)         104M (41%)         114M (45%)         116M (45%)          78M (30%)    
[2026-06-17T10:22:27.591+0800][9.209s][info][gc,heap     ] GC(89)      Used:       78M (30%)         116M (45%)          90M (35%)          80M (31%)         116M (45%)          78M (30%)    
[2026-06-17T10:22:27.591+0800][9.210s][info][gc,heap     ] GC(89)      Live:         -                21M (9%)           21M (9%)           21M (9%)             -                  -          
[2026-06-17T10:22:27.591+0800][9.210s][info][gc,heap     ] GC(89) Allocated:         -                38M (15%)          40M (16%)          48M (19%)            -                  -          
[2026-06-17T10:22:27.591+0800][9.210s][info][gc,heap     ] GC(89)   Garbage:         -                56M (22%)          28M (11%)          18M (7%)             -                  -          
[2026-06-17T10:22:27.592+0800][9.210s][info][gc,heap     ] GC(89) Reclaimed:         -                  -                28M (11%)          38M (15%)            -                  -          
[2026-06-17T10:22:27.592+0800][9.211s][info][gc          ] GC(89) Garbage Collection (Allocation Rate) 78M(30%)->80M(31%)
[2026-06-17T10:22:27.663+0800][9.282s][info][gc,start    ] GC(90) Garbage Collection (Allocation Rate)
[2026-06-17T10:22:27.665+0800][9.284s][info][gc,phases   ] GC(90) Pause Mark Start 0.496ms
[2026-06-17T10:22:27.669+0800][9.288s][info][gc,phases   ] GC(90) Concurrent Mark 2.655ms
[2026-06-17T10:22:27.671+0800][9.290s][info][gc,phases   ] GC(90) Pause Mark End 0.874ms
[2026-06-17T10:22:27.672+0800][9.291s][info][gc,phases   ] GC(90) Concurrent Process Non-Strong References 0.377ms
[2026-06-17T10:22:27.673+0800][9.292s][info][gc,phases   ] GC(90) Concurrent Reset Relocation Set 0.006ms
[2026-06-17T10:22:27.674+0800][9.293s][info][gc,phases   ] GC(90) Concurrent Destroy Detached Pages 0.002ms
[2026-06-17T10:22:27.676+0800][9.295s][info][gc,phases   ] GC(90) Concurrent Select Relocation Set 1.226ms
[2026-06-17T10:22:27.676+0800][9.295s][info][gc,phases   ] GC(90) Concurrent Prepare Relocation Set 0.010ms
[2026-06-17T10:22:27.678+0800][9.296s][info][gc,phases   ] GC(90) Pause Relocate Start 0.274ms
[2026-06-17T10:22:27.681+0800][9.299s][info][gc,phases   ] GC(90) Concurrent Relocate 2.457ms
[2026-06-17T10:22:27.681+0800][9.300s][info][gc,load     ] GC(90) Load: 0.26/0.21/0.28
[2026-06-17T10:22:27.682+0800][9.300s][info][gc,mmu      ] GC(90) MMU: 2ms/48.0%, 5ms/75.2%, 10ms/84.3%, 20ms/90.2%, 50ms/96.1%, 100ms/97.4%
[2026-06-17T10:22:27.682+0800][9.301s][info][gc,marking  ] GC(90) Mark: 2 stripe(s), 2 proactive flush(es), 1 terminate flush(es), 0 completion(s), 0 continuation(s) 
[2026-06-17T10:22:27.682+0800][9.301s][info][gc,reloc    ] GC(90) Relocation: Successful, 24M relocated
[2026-06-17T10:22:27.683+0800][9.301s][info][gc,nmethod  ] GC(90) NMethods: 23 registered, 0 unregistered
[2026-06-17T10:22:27.683+0800][9.302s][info][gc,metaspace] GC(90) Metaspace: 3M used, 4M capacity, 4M committed, 8M reserved
[2026-06-17T10:22:27.683+0800][9.302s][info][gc,ref      ] GC(90) Soft: 43 encountered, 0 discovered, 0 enqueued
[2026-06-17T10:22:27.683+0800][9.302s][info][gc,ref      ] GC(90) Weak: 7 encountered, 2 discovered, 0 enqueued
[2026-06-17T10:22:27.683+0800][9.302s][info][gc,ref      ] GC(90) Final: 0 encountered, 0 discovered, 0 enqueued
[2026-06-17T10:22:27.683+0800][9.302s][info][gc,ref      ] GC(90) Phantom: 1 encountered, 1 discovered, 0 enqueued
[2026-06-17T10:22:27.684+0800][9.302s][info][gc,heap     ] GC(90)                Mark Start          Mark End        Relocate Start      Relocate End           High               Low         
[2026-06-17T10:22:27.684+0800][9.303s][info][gc,heap     ] GC(90)  Capacity:      256M (100%)        256M (100%)        256M (100%)        256M (100%)        256M (100%)        256M (100%)   
[2026-06-17T10:22:27.684+0800][9.303s][info][gc,heap     ] GC(90)   Reserve:       62M (24%)          62M (24%)          62M (24%)          62M (24%)          62M (24%)          62M (24%)    
[2026-06-17T10:22:27.684+0800][9.303s][info][gc,heap     ] GC(90)      Free:       86M (34%)          48M (19%)          76M (30%)         140M (55%)         140M (55%)          48M (19%)    
[2026-06-17T10:22:27.685+0800][9.303s][info][gc,heap     ] GC(90)      Used:      108M (42%)         146M (57%)         118M (46%)          54M (21%)         146M (57%)          54M (21%)    
[2026-06-17T10:22:27.685+0800][9.304s][info][gc,heap     ] GC(90)      Live:         -                28M (11%)          28M (11%)          28M (11%)            -                  -          
[2026-06-17T10:22:27.685+0800][9.304s][info][gc,heap     ] GC(90) Allocated:         -                38M (15%)          38M (15%)          50M (20%)            -                  -          
[2026-06-17T10:22:27.685+0800][9.304s][info][gc,heap     ] GC(90)   Garbage:         -                79M (31%)          51M (20%)    17592186044399M (6         -                  -          
[2026-06-17T10:22:27.685+0800][9.304s][info][gc,heap     ] GC(90) Reclaimed:         -                  -                28M (11%)          96M (38%)            -                  -          
[2026-06-17T10:22:27.685+0800][9.304s][info][gc          ] GC(90) Garbage Collection (Allocation Rate) 108M(42%)->54M(21%)
[2026-06-17T10:22:27.763+0800][9.382s][info][gc,start    ] GC(91) Garbage Collection (Allocation Rate)
[2026-06-17T10:22:27.765+0800][9.384s][info][gc,phases   ] GC(91) Pause Mark Start 0.408ms
[2026-06-17T10:22:27.770+0800][9.389s][info][gc,phases   ] GC(91) Concurrent Mark 2.257ms
[2026-06-17T10:22:27.774+0800][9.393s][info][gc,phases   ] GC(91) Pause Mark End 0.730ms
[2026-06-17T10:22:27.776+0800][9.395s][info][gc,phases   ] GC(91) Concurrent Process Non-Strong References 0.466ms
[2026-06-17T10:22:27.779+0800][9.398s][info][gc,phases   ] GC(91) Concurrent Reset Relocation Set 0.006ms
[2026-06-17T10:22:27.781+0800][9.400s][info][gc,phases   ] GC(91) Concurrent Destroy Detached Pages 0.002ms
[2026-06-17T10:22:27.783+0800][9.402s][info][gc,phases   ] GC(91) Concurrent Select Relocation Set 1.085ms
[2026-06-17T10:22:27.784+0800][9.403s][info][gc,phases   ] GC(91) Concurrent Prepare Relocation Set 0.005ms
[2026-06-17T10:22:27.787+0800][9.406s][info][gc,phases   ] GC(91) Pause Relocate Start 0.392ms
[2026-06-17T10:22:27.789+0800][9.408s][info][gc,phases   ] GC(91) Concurrent Relocate 0.367ms
[2026-06-17T10:22:27.789+0800][9.408s][info][gc,load     ] GC(91) Load: 0.26/0.21/0.28
[2026-06-17T10:22:27.790+0800][9.409s][info][gc,mmu      ] GC(91) MMU: 2ms/48.0%, 5ms/75.2%, 10ms/84.3%, 20ms/90.2%, 50ms/96.1%, 100ms/97.4%
[2026-06-17T10:22:27.791+0800][9.409s][info][gc,marking  ] GC(91) Mark: 2 stripe(s), 2 proactive flush(es), 1 terminate flush(es), 0 completion(s), 0 continuation(s) 
[2026-06-17T10:22:27.791+0800][9.410s][info][gc,reloc    ] GC(91) Relocation: Successful, 23M relocated
[2026-06-17T10:22:27.791+0800][9.410s][info][gc,nmethod  ] GC(91) NMethods: 23 registered, 0 unregistered
[2026-06-17T10:22:27.792+0800][9.411s][info][gc,metaspace] GC(91) Metaspace: 3M used, 4M capacity, 4M committed, 8M reserved
[2026-06-17T10:22:27.792+0800][9.411s][info][gc,ref      ] GC(91) Soft: 43 encountered, 0 discovered, 0 enqueued
[2026-06-17T10:22:27.793+0800][9.412s][info][gc,ref      ] GC(91) Weak: 7 encountered, 2 discovered, 0 enqueued
[2026-06-17T10:22:27.793+0800][9.412s][info][gc,ref      ] GC(91) Final: 0 encountered, 0 discovered, 0 enqueued
[2026-06-17T10:22:27.793+0800][9.412s][info][gc,ref      ] GC(91) Phantom: 1 encountered, 1 discovered, 0 enqueued
[2026-06-17T10:22:27.794+0800][9.412s][info][gc,heap     ] GC(91)                Mark Start          Mark End        Relocate Start      Relocate End           High               Low         
[2026-06-17T10:22:27.794+0800][9.413s][info][gc,heap     ] GC(91)  Capacity:      256M (100%)        256M (100%)        256M (100%)        256M (100%)        256M (100%)        256M (100%)   
[2026-06-17T10:22:27.794+0800][9.413s][info][gc,heap     ] GC(91)   Reserve:       62M (24%)          62M (24%)          62M (24%)          62M (24%)          62M (24%)          62M (24%)    
[2026-06-17T10:22:27.794+0800][9.413s][info][gc,heap     ] GC(91)      Free:      114M (45%)          76M (30%)         100M (39%)         110M (43%)         114M (45%)          72M (28%)    
[2026-06-17T10:22:27.795+0800][9.413s][info][gc,heap     ] GC(91)      Used:       80M (31%)         118M (46%)          94M (37%)          84M (33%)         122M (48%)          80M (31%)    
[2026-06-17T10:22:27.795+0800][9.414s][info][gc,heap     ] GC(91)      Live:         -                24M (10%)          24M (10%)          24M (10%)            -                  -          
[2026-06-17T10:22:27.795+0800][9.414s][info][gc,heap     ] GC(91) Allocated:         -                38M (15%)          42M (16%)          48M (19%)            -                  -          
[2026-06-17T10:22:27.795+0800][9.414s][info][gc,heap     ] GC(91)   Garbage:         -                55M (22%)          27M (11%)          17M (7%)             -                  -          
[2026-06-17T10:22:27.795+0800][9.414s][info][gc,heap     ] GC(91) Reclaimed:         -                  -                28M (11%)          38M (15%)            -                  -          
[2026-06-17T10:22:27.796+0800][9.414s][info][gc          ] GC(91) Garbage Collection (Allocation Rate) 80M(31%)->84M(33%)
[2026-06-17T10:22:27.864+0800][9.483s][info][gc,start    ] GC(92) Garbage Collection (Allocation Rate)
[2026-06-17T10:22:27.867+0800][9.485s][info][gc,phases   ] GC(92) Pause Mark Start 0.733ms
[2026-06-17T10:22:27.870+0800][9.489s][info][gc,phases   ] GC(92) Concurrent Mark 2.429ms
[2026-06-17T10:22:27.872+0800][9.491s][info][gc,phases   ] GC(92) Pause Mark End 0.848ms
[2026-06-17T10:22:27.874+0800][9.492s][info][gc,phases   ] GC(92) Concurrent Process Non-Strong References 0.529ms
[2026-06-17T10:22:27.874+0800][9.493s][info][gc,phases   ] GC(92) Concurrent Reset Relocation Set 0.006ms
[2026-06-17T10:22:27.875+0800][9.494s][info][gc,phases   ] GC(92) Concurrent Destroy Detached Pages 0.002ms
[2026-06-17T10:22:27.877+0800][9.495s][info][gc,phases   ] GC(92) Concurrent Select Relocation Set 1.311ms
[2026-06-17T10:22:27.878+0800][9.496s][info][gc,phases   ] GC(92) Concurrent Prepare Relocation Set 0.010ms
[2026-06-17T10:22:27.879+0800][9.498s][info][gc,phases   ] GC(92) Pause Relocate Start 0.323ms
[2026-06-17T10:22:27.881+0800][9.500s][info][gc,phases   ] GC(92) Concurrent Relocate 1.998ms
[2026-06-17T10:22:27.882+0800][9.501s][info][gc,load     ] GC(92) Load: 0.26/0.21/0.28
[2026-06-17T10:22:27.882+0800][9.501s][info][gc,mmu      ] GC(92) MMU: 2ms/48.0%, 5ms/75.2%, 10ms/84.2%, 20ms/90.2%, 50ms/96.1%, 100ms/97.3%
[2026-06-17T10:22:27.883+0800][9.502s][info][gc,marking  ] GC(92) Mark: 2 stripe(s), 2 proactive flush(es), 1 terminate flush(es), 0 completion(s), 0 continuation(s) 
[2026-06-17T10:22:27.883+0800][9.502s][info][gc,reloc    ] GC(92) Relocation: Successful, 24M relocated
[2026-06-17T10:22:27.884+0800][9.502s][info][gc,nmethod  ] GC(92) NMethods: 23 registered, 0 unregistered
[2026-06-17T10:22:27.884+0800][9.503s][info][gc,metaspace] GC(92) Metaspace: 3M used, 4M capacity, 4M committed, 8M reserved
[2026-06-17T10:22:27.884+0800][9.503s][info][gc,ref      ] GC(92) Soft: 43 encountered, 0 discovered, 0 enqueued
[2026-06-17T10:22:27.884+0800][9.503s][info][gc,ref      ] GC(92) Weak: 7 encountered, 0 discovered, 0 enqueued
[2026-06-17T10:22:27.885+0800][9.503s][info][gc,ref      ] GC(92) Final: 0 encountered, 0 discovered, 0 enqueued
[2026-06-17T10:22:27.885+0800][9.504s][info][gc,ref      ] GC(92) Phantom: 1 encountered, 1 discovered, 0 enqueued
[2026-06-17T10:22:27.885+0800][9.504s][info][gc,heap     ] GC(92)                Mark Start          Mark End        Relocate Start      Relocate End           High               Low         
[2026-06-17T10:22:27.885+0800][9.504s][info][gc,heap     ] GC(92)  Capacity:      256M (100%)        256M (100%)        256M (100%)        256M (100%)        256M (100%)        256M (100%)   
[2026-06-17T10:22:27.885+0800][9.504s][info][gc,heap     ] GC(92)   Reserve:       62M (24%)          62M (24%)          62M (24%)          62M (24%)          62M (24%)          62M (24%)    
[2026-06-17T10:22:27.885+0800][9.504s][info][gc,heap     ] GC(92)      Free:       84M (33%)          48M (19%)          72M (28%)         140M (55%)         140M (55%)          48M (19%)    
[2026-06-17T10:22:27.886+0800][9.504s][info][gc,heap     ] GC(92)      Used:      110M (43%)         146M (57%)         122M (48%)          54M (21%)         146M (57%)          54M (21%)    
[2026-06-17T10:22:27.886+0800][9.504s][info][gc,heap     ] GC(92)      Live:         -                26M (10%)          26M (10%)          26M (10%)            -                  -          
[2026-06-17T10:22:27.886+0800][9.505s][info][gc,heap     ] GC(92) Allocated:         -                36M (14%)          36M (14%)          50M (20%)            -                  -          
[2026-06-17T10:22:27.886+0800][9.505s][info][gc,heap     ] GC(92)   Garbage:         -                83M (33%)          59M (23%)    17592186044403M (6         -                  -          
[2026-06-17T10:22:27.886+0800][9.505s][info][gc,heap     ] GC(92) Reclaimed:         -                  -                24M (9%)           96M (38%)            -                  -          
[2026-06-17T10:22:27.886+0800][9.505s][info][gc          ] GC(92) Garbage Collection (Allocation Rate) 110M(43%)->54M(21%)
[2026-06-17T10:22:27.963+0800][9.582s][info][gc,start    ] GC(93) Garbage Collection (Allocation Rate)
[2026-06-17T10:22:27.966+0800][9.585s][info][gc,phases   ] GC(93) Pause Mark Start 0.543ms
[2026-06-17T10:22:27.969+0800][9.588s][info][gc,phases   ] GC(93) Concurrent Mark 2.418ms
[2026-06-17T10:22:27.971+0800][9.590s][info][gc,phases   ] GC(93) Pause Mark End 0.804ms
[2026-06-17T10:22:27.972+0800][9.591s][info][gc,phases   ] GC(93) Concurrent Process Non-Strong References 0.497ms
[2026-06-17T10:22:27.973+0800][9.592s][info][gc,phases   ] GC(93) Concurrent Reset Relocation Set 0.006ms
[2026-06-17T10:22:27.974+0800][9.592s][info][gc,phases   ] GC(93) Concurrent Destroy Detached Pages 0.002ms
[2026-06-17T10:22:27.976+0800][9.594s][info][gc,phases   ] GC(93) Concurrent Select Relocation Set 1.336ms
[2026-06-17T10:22:27.976+0800][9.595s][info][gc,phases   ] GC(93) Concurrent Prepare Relocation Set 0.015ms
[2026-06-17T10:22:27.977+0800][9.596s][info][gc,phases   ] GC(93) Pause Relocate Start 0.285ms
[2026-06-17T10:22:27.979+0800][9.598s][info][gc,phases   ] GC(93) Concurrent Relocate 0.728ms
[2026-06-17T10:22:27.979+0800][9.598s][info][gc,load     ] GC(93) Load: 0.26/0.21/0.28
[2026-06-17T10:22:27.980+0800][9.598s][info][gc,mmu      ] GC(93) MMU: 2ms/48.0%, 5ms/75.2%, 10ms/84.2%, 20ms/90.2%, 50ms/96.1%, 100ms/97.3%
[2026-06-17T10:22:27.980+0800][9.598s][info][gc,marking  ] GC(93) Mark: 2 stripe(s), 2 proactive flush(es), 1 terminate flush(es), 0 completion(s), 0 continuation(s) 
[2026-06-17T10:22:27.980+0800][9.599s][info][gc,reloc    ] GC(93) Relocation: Successful, 22M relocated
[2026-06-17T10:22:27.980+0800][9.599s][info][gc,nmethod  ] GC(93) NMethods: 23 registered, 0 unregistered
[2026-06-17T10:22:27.980+0800][9.599s][info][gc,metaspace] GC(93) Metaspace: 3M used, 4M capacity, 4M committed, 8M reserved
[2026-06-17T10:22:27.981+0800][9.599s][info][gc,ref      ] GC(93) Soft: 43 encountered, 0 discovered, 0 enqueued
[2026-06-17T10:22:27.981+0800][9.600s][info][gc,ref      ] GC(93) Weak: 7 encountered, 2 discovered, 0 enqueued
[2026-06-17T10:22:27.981+0800][9.600s][info][gc,ref      ] GC(93) Final: 0 encountered, 0 discovered, 0 enqueued
[2026-06-17T10:22:27.981+0800][9.600s][info][gc,ref      ] GC(93) Phantom: 1 encountered, 1 discovered, 0 enqueued
[2026-06-17T10:22:27.982+0800][9.600s][info][gc,heap     ] GC(93)                Mark Start          Mark End        Relocate Start      Relocate End           High               Low         
[2026-06-17T10:22:27.982+0800][9.601s][info][gc,heap     ] GC(93)  Capacity:      256M (100%)        256M (100%)        256M (100%)        256M (100%)        256M (100%)        256M (100%)   
[2026-06-17T10:22:27.982+0800][9.601s][info][gc,heap     ] GC(93)   Reserve:       62M (24%)          62M (24%)          62M (24%)          62M (24%)          62M (24%)          62M (24%)    
[2026-06-17T10:22:27.982+0800][9.601s][info][gc,heap     ] GC(93)      Free:      114M (45%)          76M (30%)         104M (41%)         110M (43%)         114M (45%)          76M (30%)    
[2026-06-17T10:22:27.982+0800][9.601s][info][gc,heap     ] GC(93)      Used:       80M (31%)         118M (46%)          90M (35%)          84M (33%)         118M (46%)          80M (31%)    
[2026-06-17T10:22:27.982+0800][9.601s][info][gc,heap     ] GC(93)      Live:         -                22M (9%)           22M (9%)           22M (9%)             -                  -          
[2026-06-17T10:22:27.983+0800][9.601s][info][gc,heap     ] GC(93) Allocated:         -                38M (15%)          38M (15%)          52M (20%)            -                  -          
[2026-06-17T10:22:27.983+0800][9.602s][info][gc,heap     ] GC(93)   Garbage:         -                57M (22%)          29M (11%)          21M (8%)             -                  -          
[2026-06-17T10:22:27.983+0800][9.602s][info][gc,heap     ] GC(93) Reclaimed:         -                  -                28M (11%)          36M (14%)            -                  -          
[2026-06-17T10:22:27.983+0800][9.602s][info][gc          ] GC(93) Garbage Collection (Allocation Rate) 80M(31%)->84M(33%)
[2026-06-17T10:22:28.064+0800][9.682s][info][gc,start    ] GC(94) Garbage Collection (Allocation Rate)
[2026-06-17T10:22:28.066+0800][9.685s][info][gc,phases   ] GC(94) Pause Mark Start 0.495ms
[2026-06-17T10:22:28.070+0800][9.688s][info][gc,phases   ] GC(94) Concurrent Mark 2.304ms
[2026-06-17T10:22:28.072+0800][9.690s][info][gc,phases   ] GC(94) Pause Mark End 0.742ms
[2026-06-17T10:22:28.073+0800][9.691s][info][gc,phases   ] GC(94) Concurrent Process Non-Strong References 0.280ms
[2026-06-17T10:22:28.073+0800][9.692s][info][gc,phases   ] GC(94) Concurrent Reset Relocation Set 0.005ms
[2026-06-17T10:22:28.074+0800][9.692s][info][gc,phases   ] GC(94) Concurrent Destroy Detached Pages 0.002ms
[2026-06-17T10:22:28.075+0800][9.694s][info][gc,phases   ] GC(94) Concurrent Select Relocation Set 1.145ms
[2026-06-17T10:22:28.076+0800][9.694s][info][gc,phases   ] GC(94) Concurrent Prepare Relocation Set 0.010ms
[2026-06-17T10:22:28.077+0800][9.695s][info][gc,phases   ] GC(94) Pause Relocate Start 0.263ms
[2026-06-17T10:22:28.079+0800][9.698s][info][gc,phases   ] GC(94) Concurrent Relocate 1.521ms
[2026-06-17T10:22:28.079+0800][9.698s][info][gc,load     ] GC(94) Load: 0.26/0.21/0.28
[2026-06-17T10:22:28.080+0800][9.698s][info][gc,mmu      ] GC(94) MMU: 2ms/48.0%, 5ms/75.2%, 10ms/84.2%, 20ms/90.2%, 50ms/96.1%, 100ms/97.3%
[2026-06-17T10:22:28.080+0800][9.699s][info][gc,marking  ] GC(94) Mark: 2 stripe(s), 2 proactive flush(es), 1 terminate flush(es), 0 completion(s), 0 continuation(s) 
[2026-06-17T10:22:28.080+0800][9.699s][info][gc,reloc    ] GC(94) Relocation: Successful, 18M relocated
[2026-06-17T10:22:28.081+0800][9.700s][info][gc,nmethod  ] GC(94) NMethods: 23 registered, 0 unregistered
[2026-06-17T10:22:28.081+0800][9.700s][info][gc,metaspace] GC(94) Metaspace: 3M used, 4M capacity, 4M committed, 8M reserved
[2026-06-17T10:22:28.081+0800][9.700s][info][gc,ref      ] GC(94) Soft: 43 encountered, 0 discovered, 0 enqueued
[2026-06-17T10:22:28.081+0800][9.700s][info][gc,ref      ] GC(94) Weak: 7 encountered, 2 discovered, 0 enqueued
[2026-06-17T10:22:28.082+0800][9.700s][info][gc,ref      ] GC(94) Final: 0 encountered, 0 discovered, 0 enqueued
[2026-06-17T10:22:28.082+0800][9.701s][info][gc,ref      ] GC(94) Phantom: 1 encountered, 1 discovered, 0 enqueued
[2026-06-17T10:22:28.082+0800][9.701s][info][gc,heap     ] GC(94)                Mark Start          Mark End        Relocate Start      Relocate End           High               Low         
[2026-06-17T10:22:28.082+0800][9.701s][info][gc,heap     ] GC(94)  Capacity:      256M (100%)        256M (100%)        256M (100%)        256M (100%)        256M (100%)        256M (100%)   
[2026-06-17T10:22:28.082+0800][9.701s][info][gc,heap     ] GC(94)   Reserve:       62M (24%)          62M (24%)          62M (24%)          62M (24%)          62M (24%)          62M (24%)    
[2026-06-17T10:22:28.082+0800][9.701s][info][gc,heap     ] GC(94)      Free:       78M (30%)          44M (17%)          80M (31%)         148M (58%)         148M (58%)          44M (17%)    
[2026-06-17T10:22:28.083+0800][9.702s][info][gc,heap     ] GC(94)      Used:      116M (45%)         150M (59%)         114M (45%)          46M (18%)         150M (59%)          46M (18%)    
[2026-06-17T10:22:28.083+0800][9.702s][info][gc,heap     ] GC(94)      Live:         -                20M (8%)           20M (8%)           20M (8%)             -                  -          
[2026-06-17T10:22:28.083+0800][9.702s][info][gc,heap     ] GC(94) Allocated:         -                34M (13%)          34M (13%)          44M (17%)            -                  -          
[2026-06-17T10:22:28.083+0800][9.702s][info][gc,heap     ] GC(94)   Garbage:         -                95M (37%)          59M (23%)    17592186044405M (6         -                  -          
[2026-06-17T10:22:28.084+0800][9.702s][info][gc,heap     ] GC(94) Reclaimed:         -                  -                36M (14%)         106M (41%)            -                  -          
[2026-06-17T10:22:28.084+0800][9.703s][info][gc          ] GC(94) Garbage Collection (Allocation Rate) 116M(45%)->46M(18%)
[2026-06-17T10:22:28.163+0800][9.782s][info][gc,start    ] GC(95) Garbage Collection (Allocation Rate)
[2026-06-17T10:22:28.166+0800][9.784s][info][gc,phases   ] GC(95) Pause Mark Start 0.166ms
[2026-06-17T10:22:28.169+0800][9.787s][info][gc,phases   ] GC(95) Concurrent Mark 1.640ms
[2026-06-17T10:22:28.173+0800][9.791s][info][gc,phases   ] GC(95) Pause Mark End 0.388ms
[2026-06-17T10:22:28.173+0800][9.792s][info][gc,phases   ] GC(95) Concurrent Process Non-Strong References 0.175ms
[2026-06-17T10:22:28.178+0800][9.797s][info][gc,phases   ] GC(95) Concurrent Reset Relocation Set 0.010ms
[2026-06-17T10:22:28.183+0800][9.802s][info][gc,phases   ] GC(95) Concurrent Destroy Detached Pages 0.003ms
[2026-06-17T10:22:28.190+0800][9.808s][info][gc,phases   ] GC(95) Concurrent Select Relocation Set 0.477ms
[2026-06-17T10:22:28.191+0800][9.809s][info][gc,phases   ] GC(95) Concurrent Prepare Relocation Set 0.003ms
[2026-06-17T10:22:28.191+0800][9.810s][info][gc,phases   ] GC(95) Pause Relocate Start 0.178ms
[2026-06-17T10:22:28.215+0800][9.834s][info][gc,phases   ] GC(95) Concurrent Relocate 0.355ms
[2026-06-17T10:22:28.216+0800][9.835s][info][gc,load     ] GC(95) Load: 0.26/0.21/0.28
[2026-06-17T10:22:28.216+0800][9.835s][info][gc,mmu      ] GC(95) MMU: 2ms/48.0%, 5ms/75.2%, 10ms/84.2%, 20ms/90.2%, 50ms/96.1%, 100ms/97.3%
[2026-06-17T10:22:28.246+0800][9.865s][info][gc,marking  ] GC(95) Mark: 2 stripe(s), 1 proactive flush(es), 1 terminate flush(es), 0 completion(s), 0 continuation(s) 
[2026-06-17T10:22:28.247+0800][9.866s][info][gc,reloc    ] GC(95) Relocation: Successful, 23M relocated
[2026-06-17T10:22:28.248+0800][9.867s][info][gc,nmethod  ] GC(95) NMethods: 23 registered, 0 unregistered
[2026-06-17T10:22:28.249+0800][9.867s][info][gc,metaspace] GC(95) Metaspace: 3M used, 4M capacity, 4M committed, 8M reserved
[2026-06-17T10:22:28.285+0800][9.904s][info][gc,ref      ] GC(95) Soft: 43 encountered, 0 discovered, 0 enqueued
[2026-06-17T10:22:28.288+0800][9.906s][info][gc,ref      ] GC(95) Weak: 7 encountered, 0 discovered, 0 enqueued
[2026-06-17T10:22:28.292+0800][9.911s][info][gc,ref      ] GC(95) Final: 0 encountered, 0 discovered, 0 enqueued
[2026-06-17T10:22:28.293+0800][9.912s][info][gc,ref      ] GC(95) Phantom: 1 encountered, 0 discovered, 0 enqueued
[2026-06-17T10:22:28.295+0800][9.913s][info][gc,heap     ] GC(95)                Mark Start          Mark End        Relocate Start      Relocate End           High               Low         
[2026-06-17T10:22:28.295+0800][9.914s][info][gc,heap     ] GC(95)  Capacity:      256M (100%)        256M (100%)        256M (100%)        256M (100%)        256M (100%)        256M (100%)   
[2026-06-17T10:22:28.296+0800][9.915s][info][gc,heap     ] GC(95)   Reserve:       62M (24%)          62M (24%)          62M (24%)          62M (24%)          62M (24%)          62M (24%)    
[2026-06-17T10:22:28.297+0800][9.916s][info][gc,heap     ] GC(95)      Free:      116M (45%)         116M (45%)         100M (39%)         106M (41%)         116M (45%)          76M (30%)    
[2026-06-17T10:22:28.298+0800][9.917s][info][gc,heap     ] GC(95)      Used:       78M (30%)          78M (30%)          94M (37%)          88M (34%)         118M (46%)          78M (30%)    
[2026-06-17T10:22:28.298+0800][9.917s][info][gc,heap     ] GC(95)      Live:         -                27M (11%)          27M (11%)          27M (11%)            -                  -          
[2026-06-17T10:22:28.299+0800][9.918s][info][gc,heap     ] GC(95) Allocated:         -                 0M (0%)           40M (16%)          50M (20%)            -                  -          
[2026-06-17T10:22:28.300+0800][9.918s][info][gc,heap     ] GC(95)   Garbage:         -                50M (20%)          26M (11%)          16M (7%)             -                  -          
[2026-06-17T10:22:28.300+0800][9.919s][info][gc,heap     ] GC(95) Reclaimed:         -                  -                24M (9%)           34M (13%)            -                  -          
[2026-06-17T10:22:28.301+0800][9.920s][info][gc          ] GC(95) Garbage Collection (Allocation Rate) 78M(30%)->88M(34%)
[2026-06-17T10:22:28.364+0800][9.982s][info][gc,start    ] GC(96) Garbage Collection (Allocation Rate)
[2026-06-17T10:22:28.365+0800][9.984s][info][gc,phases   ] GC(96) Pause Mark Start 0.272ms
[2026-06-17T10:22:28.370+0800][9.989s][info][gc,phases   ] GC(96) Concurrent Mark 1.855ms
[2026-06-17T10:22:28.373+0800][9.992s][info][gc,phases   ] GC(96) Pause Mark End 0.529ms
[2026-06-17T10:22:28.376+0800][9.994s][info][gc,heap     ] Page Cache Flushed: 2M requested, 32M(64M->32M) flushed
[2026-06-17T10:22:28.376+0800][9.995s][info][gc,phases   ] GC(96) Concurrent Process Non-Strong References 0.162ms
[2026-06-17T10:22:28.377+0800][9.996s][info][gc,phases   ] GC(96) Concurrent Reset Relocation Set 0.002ms
[2026-06-17T10:22:28.379+0800][9.997s][info][gc,phases   ] GC(96) Concurrent Destroy Detached Pages 0.003ms
[2026-06-17T10:22:28.380+0800][9.999s][info][gc,phases   ] GC(96) Concurrent Select Relocation Set 0.648ms
[2026-06-17T10:22:28.380+0800][9.999s][info][gc,phases   ] GC(96) Concurrent Prepare Relocation Set 0.010ms
[2026-06-17T10:22:28.383+0800][10.002s][info][gc,phases   ] GC(96) Pause Relocate Start 0.178ms
[2026-06-17T10:22:28.387+0800][10.006s][info][gc,phases   ] GC(96) Concurrent Relocate 2.855ms
[2026-06-17T10:22:28.389+0800][10.008s][info][gc,load     ] GC(96) Load: 0.26/0.21/0.28
[2026-06-17T10:22:28.390+0800][10.009s][info][gc,mmu      ] GC(96) MMU: 2ms/48.0%, 5ms/75.2%, 10ms/84.2%, 20ms/90.2%, 50ms/96.1%, 100ms/97.3%
[2026-06-17T10:22:28.391+0800][10.010s][info][gc,marking  ] GC(96) Mark: 2 stripe(s), 1 proactive flush(es), 1 terminate flush(es), 0 completion(s), 0 continuation(s) 
[2026-06-17T10:22:28.392+0800][10.011s][info][gc,reloc    ] GC(96) Relocation: Successful, 28M relocated
[2026-06-17T10:22:28.393+0800][10.012s][info][gc,nmethod  ] GC(96) NMethods: 23 registered, 0 unregistered
[2026-06-17T10:22:28.394+0800][10.012s][info][gc,metaspace] GC(96) Metaspace: 3M used, 4M capacity, 4M committed, 8M reserved
[2026-06-17T10:22:28.394+0800][10.013s][info][gc,ref      ] GC(96) Soft: 43 encountered, 0 discovered, 0 enqueued
[2026-06-17T10:22:28.396+0800][10.014s][info][gc,ref      ] GC(96) Weak: 7 encountered, 2 discovered, 0 enqueued
[2026-06-17T10:22:28.397+0800][10.016s][info][gc,ref      ] GC(96) Final: 0 encountered, 0 discovered, 0 enqueued
[2026-06-17T10:22:28.397+0800][10.016s][info][gc,ref      ] GC(96) Phantom: 1 encountered, 1 discovered, 0 enqueued
[2026-06-17T10:22:28.398+0800][10.017s][info][gc,heap     ] GC(96)                Mark Start          Mark End        Relocate Start      Relocate End           High               Low         
[2026-06-17T10:22:28.399+0800][10.018s][info][gc,heap     ] GC(96)  Capacity:      256M (100%)        256M (100%)        256M (100%)        256M (100%)        256M (100%)        256M (100%)   
[2026-06-17T10:22:28.401+0800][10.020s][info][gc,heap     ] GC(96)   Reserve:       62M (24%)          62M (24%)          62M (24%)          62M (24%)          62M (24%)          62M (24%)    
[2026-06-17T10:22:28.402+0800][10.020s][info][gc,heap     ] GC(96)      Free:       52M (20%)          52M (20%)          66M (26%)         142M (55%)         142M (55%)          14M (5%)     
[2026-06-17T10:22:28.407+0800][10.026s][info][gc,heap     ] GC(96)      Used:      142M (55%)         142M (55%)         128M (50%)          52M (20%)         180M (70%)          52M (20%)    
[2026-06-17T10:22:28.412+0800][10.031s][info][gc,heap     ] GC(96)      Live:         -                28M (11%)          28M (11%)          28M (11%)            -                  -          
[2026-06-17T10:22:28.412+0800][10.031s][info][gc,heap     ] GC(96) Allocated:         -                 0M (0%)           38M (15%)          50M (20%)            -                  -          
[2026-06-17T10:22:28.414+0800][10.033s][info][gc,heap     ] GC(96)   Garbage:         -               113M (44%)          61M (24%)    17592186044401M (6         -                  -          
[2026-06-17T10:22:28.416+0800][10.035s][info][gc,heap     ] GC(96) Reclaimed:         -                  -                52M (20%)         128M (50%)            -                  -          
[2026-06-17T10:22:28.417+0800][10.036s][info][gc          ] GC(96) Garbage Collection (Allocation Rate) 142M(55%)->52M(20%)
[2026-06-17T10:22:28.463+0800][10.081s][info][gc,start    ] GC(97) Garbage Collection (Allocation Rate)
[2026-06-17T10:22:28.464+0800][10.083s][info][gc,phases   ] GC(97) Pause Mark Start 0.170ms
[2026-06-17T10:22:28.464+0800][10.083s][info][gc,stats    ] === Garbage Collection Statistics =======================================================================================================================
[2026-06-17T10:22:28.465+0800][10.084s][info][gc,stats    ]                                                              Last 10s              Last 10m              Last 10h                Total
[2026-06-17T10:22:28.466+0800][10.084s][info][gc,stats    ]                                                              Avg / Max             Avg / Max             Avg / Max             Avg / Max
[2026-06-17T10:22:28.466+0800][10.085s][info][gc,stats    ]   Collector: Garbage Collection Cycle                     17.143 / 76.121       17.143 / 76.121       17.143 / 76.121       17.143 / 76.121      ms
[2026-06-17T10:22:28.466+0800][10.085s][info][gc,phases   ] GC(97) Concurrent Mark 1.788ms
[2026-06-17T10:22:28.467+0800][10.085s][info][gc,stats    ]  Contention: Mark Segment Reset Contention                     0 / 1                 0 / 1                 0 / 1                 0 / 1           ops/s
[2026-06-17T10:22:28.468+0800][10.086s][info][gc,stats    ]  Contention: Mark SeqNum Reset Contention                      0 / 0                 0 / 0                 0 / 0                 0 / 0           ops/s
[2026-06-17T10:22:28.468+0800][10.087s][info][gc,stats    ]  Contention: Relocation Contention                             2 / 10                2 / 10                2 / 10                2 / 10          ops/s
[2026-06-17T10:22:28.469+0800][10.088s][info][gc,stats    ]    Critical: Allocation Stall                              0.000 / 0.000         0.000 / 0.000         0.000 / 0.000         0.000 / 0.000       ms
[2026-06-17T10:22:28.469+0800][10.088s][info][gc,stats    ]    Critical: Allocation Stall                                  0 / 0                 0 / 0                 0 / 0                 0 / 0           ops/s
[2026-06-17T10:22:28.470+0800][10.089s][info][gc,stats    ]    Critical: GC Locker Stall                               0.000 / 0.000         0.000 / 0.000         0.000 / 0.000         0.000 / 0.000       ms
[2026-06-17T10:22:28.471+0800][10.089s][info][gc,stats    ]    Critical: GC Locker Stall                                   0 / 0                 0 / 0                 0 / 0                 0 / 0           ops/s
[2026-06-17T10:22:28.471+0800][10.090s][info][gc,stats    ]      Memory: Allocation Rate                                 587 / 646             587 / 646             587 / 646             587 / 646         MB/s
[2026-06-17T10:22:28.472+0800][10.091s][info][gc,stats    ]      Memory: Heap Used After Mark                            104 / 150             104 / 150             104 / 150             104 / 150         MB
[2026-06-17T10:22:28.472+0800][10.091s][info][gc,stats    ]      Memory: Heap Used After Relocation                       55 / 88               55 / 88               55 / 88               55 / 88          MB
[2026-06-17T10:22:28.473+0800][10.092s][info][gc,stats    ]      Memory: Heap Used Before Mark                            95 / 142              95 / 142              95 / 142              95 / 142         MB
[2026-06-17T10:22:28.473+0800][10.092s][info][gc,stats    ]      Memory: Heap Used Before Relocation                      85 / 130              85 / 130              85 / 130              85 / 130         MB
[2026-06-17T10:22:28.474+0800][10.092s][info][gc,stats    ]      Memory: Out Of Memory                                     0 / 0                 0 / 0                 0 / 0                 0 / 0           ops/s
[2026-06-17T10:22:28.474+0800][10.093s][info][gc,stats    ]      Memory: Page Cache Flush                                  3 / 32                3 / 32                3 / 32                3 / 32          MB/s
[2026-06-17T10:22:28.474+0800][10.093s][info][gc,stats    ]      Memory: Page Cache Hit L1                               222 / 237             222 / 237             222 / 237             222 / 237         ops/s
[2026-06-17T10:22:28.468+0800][10.086s][info][gc,phases   ] GC(97) Pause Mark End 0.280ms
[2026-06-17T10:22:28.474+0800][10.093s][info][gc,stats    ]      Memory: Page Cache Hit L2                                 0 / 0                 0 / 0                 0 / 0                 0 / 0           ops/s
[2026-06-17T10:22:28.475+0800][10.094s][info][gc,phases   ] GC(97) Concurrent Process Non-Strong References 0.215ms
[2026-06-17T10:22:28.476+0800][10.095s][info][gc,phases   ] GC(97) Concurrent Reset Relocation Set 0.003ms
[2026-06-17T10:22:28.476+0800][10.095s][info][gc,phases   ] GC(97) Concurrent Destroy Detached Pages 0.001ms
[2026-06-17T10:22:28.475+0800][10.094s][info][gc,stats    ]      Memory: Page Cache Miss                                   4 / 31                4 / 31                4 / 31                4 / 31          ops/s
[2026-06-17T10:22:28.477+0800][10.096s][info][gc,stats    ]      Memory: Undo Object Allocation Failed                     1 / 7                 1 / 7                 1 / 7                 1 / 7           ops/s
[2026-06-17T10:22:28.477+0800][10.096s][info][gc,stats    ]      Memory: Undo Object Allocation Succeeded                  1 / 3                 1 / 3                 1 / 3                 1 / 3           ops/s
[2026-06-17T10:22:28.477+0800][10.096s][info][gc,phases   ] GC(97) Concurrent Select Relocation Set 0.501ms
[2026-06-17T10:22:28.478+0800][10.096s][info][gc,stats    ]      Memory: Undo Page Allocation                              0 / 1                 0 / 1                 0 / 1                 0 / 1           ops/s
[2026-06-17T10:22:28.479+0800][10.097s][info][gc,stats    ]       Phase: Concurrent Destroy Detached Pages             0.002 / 0.003         0.002 / 0.003         0.002 / 0.003         0.002 / 0.003       ms
[2026-06-17T10:22:28.479+0800][10.098s][info][gc,stats    ]       Phase: Concurrent Mark                               2.043 / 3.544         2.043 / 3.544         2.043 / 3.544         2.043 / 3.544       ms
[2026-06-17T10:22:28.479+0800][10.098s][info][gc,stats    ]       Phase: Concurrent Mark Continue                      0.000 / 0.000         0.000 / 0.000         0.000 / 0.000         0.000 / 0.000       ms
[2026-06-17T10:22:28.478+0800][10.097s][info][gc,phases   ] GC(97) Concurrent Prepare Relocation Set 0.013ms
[2026-06-17T10:22:28.480+0800][10.099s][info][gc,stats    ]       Phase: Concurrent Prepare Relocation Set             0.012 / 0.089         0.012 / 0.089         0.012 / 0.089         0.012 / 0.089       ms
[2026-06-17T10:22:28.481+0800][10.099s][info][gc,phases   ] GC(97) Pause Relocate Start 0.175ms
[2026-06-17T10:22:28.481+0800][10.099s][info][gc,stats    ]       Phase: Concurrent Process Non-Strong References      0.263 / 0.603         0.263 / 0.603         0.263 / 0.603         0.263 / 0.603       ms
[2026-06-17T10:22:28.481+0800][10.100s][info][gc,stats    ]       Phase: Concurrent Relocate                           1.308 / 4.095         1.308 / 4.095         1.308 / 4.095         1.308 / 4.095       ms
[2026-06-17T10:22:28.482+0800][10.100s][info][gc,phases   ] GC(97) Concurrent Relocate 0.525ms
[2026-06-17T10:22:28.482+0800][10.101s][info][gc,load     ] GC(97) Load: 0.26/0.21/0.28
[2026-06-17T10:22:28.483+0800][10.101s][info][gc,mmu      ] GC(97) MMU: 2ms/48.0%, 5ms/75.2%, 10ms/84.2%, 20ms/90.2%, 50ms/96.1%, 100ms/97.3%
[2026-06-17T10:22:28.483+0800][10.102s][info][gc,marking  ] GC(97) Mark: 2 stripe(s), 1 proactive flush(es), 1 terminate flush(es), 0 completion(s), 0 continuation(s) 
[2026-06-17T10:22:28.483+0800][10.102s][info][gc,reloc    ] GC(97) Relocation: Successful, 23M relocated
[2026-06-17T10:22:28.484+0800][10.102s][info][gc,nmethod  ] GC(97) NMethods: 23 registered, 0 unregistered
[2026-06-17T10:22:28.484+0800][10.103s][info][gc,metaspace] GC(97) Metaspace: 3M used, 4M capacity, 4M committed, 8M reserved
[2026-06-17T10:22:28.484+0800][10.103s][info][gc,ref      ] GC(97) Soft: 43 encountered, 0 discovered, 0 enqueued
[2026-06-17T10:22:28.482+0800][10.101s][info][gc,stats    ]       Phase: Concurrent Reset Relocation Set               0.005 / 0.024         0.005 / 0.024         0.005 / 0.024         0.005 / 0.024       ms
[2026-06-17T10:22:28.485+0800][10.104s][info][gc,stats    ]       Phase: Concurrent Select Relocation Set              1.011 / 2.260         1.011 / 2.260         1.011 / 2.260         1.011 / 2.260       ms
[2026-06-17T10:22:28.485+0800][10.104s][info][gc,ref      ] GC(97) Weak: 7 encountered, 2 discovered, 0 enqueued
[2026-06-17T10:22:28.486+0800][10.104s][info][gc,stats    ]       Phase: Pause Mark End                                0.592 / 1.040         0.592 / 1.040         0.592 / 1.040         0.592 / 1.040       ms
[2026-06-17T10:22:28.486+0800][10.105s][info][gc,stats    ]       Phase: Pause Mark Start                              0.405 / 0.736         0.405 / 0.736         0.405 / 0.736         0.405 / 0.736       ms
[2026-06-17T10:22:28.486+0800][10.105s][info][gc,stats    ]       Phase: Pause Relocate Start                          0.258 / 0.490         0.258 / 0.490         0.258 / 0.490         0.258 / 0.490       ms
[2026-06-17T10:22:28.487+0800][10.106s][info][gc,stats    ]    Subphase: Concurrent Mark                               1.522 / 3.232         1.522 / 3.232         1.522 / 3.232         1.522 / 3.232       ms
[2026-06-17T10:22:28.487+0800][10.106s][info][gc,stats    ]    Subphase: Concurrent Mark Idle                          1.223 / 1.556         1.223 / 1.556         1.223 / 1.556         1.223 / 1.556       ms
[2026-06-17T10:22:28.488+0800][10.107s][info][gc,stats    ]    Subphase: Concurrent Mark Try Flush                     0.175 / 0.439         0.175 / 0.439         0.175 / 0.439         0.175 / 0.439       ms
[2026-06-17T10:22:28.488+0800][10.107s][info][gc,stats    ]    Subphase: Concurrent Mark Try Terminate                 0.648 / 1.560         0.648 / 1.560         0.648 / 1.560         0.648 / 1.560       ms
[2026-06-17T10:22:28.489+0800][10.108s][info][gc,stats    ]    Subphase: Concurrent References Enqueue                 0.000 / 0.001         0.000 / 0.001         0.000 / 0.001         0.000 / 0.001       ms
[2026-06-17T10:22:28.490+0800][10.108s][info][gc,stats    ]    Subphase: Concurrent References Process                 0.118 / 0.269         0.118 / 0.269         0.118 / 0.269         0.118 / 0.269       ms
[2026-06-17T10:22:28.486+0800][10.105s][info][gc,ref      ] GC(97) Final: 0 encountered, 0 discovered, 0 enqueued
[2026-06-17T10:22:28.491+0800][10.110s][info][gc,ref      ] GC(97) Phantom: 1 encountered, 1 discovered, 0 enqueued
[2026-06-17T10:22:28.490+0800][10.109s][info][gc,stats    ]    Subphase: Concurrent Weak Roots                         0.022 / 0.156         0.022 / 0.156         0.022 / 0.156         0.022 / 0.156       ms
[2026-06-17T10:22:28.492+0800][10.111s][info][gc,stats    ]    Subphase: Concurrent Weak Roots JNIWeakHandles          0.000 / 0.001         0.000 / 0.001         0.000 / 0.001         0.000 / 0.001       ms
[2026-06-17T10:22:28.492+0800][10.111s][info][gc,stats    ]    Subphase: Concurrent Weak Roots StringTable             0.028 / 0.150         0.028 / 0.150         0.028 / 0.150         0.028 / 0.150       ms
[2026-06-17T10:22:28.493+0800][10.112s][info][gc,stats    ]    Subphase: Concurrent Weak Roots VMWeakHandles           0.003 / 0.006         0.003 / 0.006         0.003 / 0.006         0.003 / 0.006       ms
[2026-06-17T10:22:28.494+0800][10.112s][info][gc,stats    ]    Subphase: Pause Mark Try Complete                       0.000 / 0.000         0.000 / 0.000         0.000 / 0.000         0.000 / 0.000       ms
[2026-06-17T10:22:28.494+0800][10.113s][info][gc,stats    ]    Subphase: Pause Remap TLABS                             0.001 / 0.016         0.001 / 0.016         0.001 / 0.016         0.001 / 0.016       ms
[2026-06-17T10:22:28.494+0800][10.113s][info][gc,stats    ]    Subphase: Pause Retire TLABS                            0.009 / 0.035         0.009 / 0.035         0.009 / 0.035         0.009 / 0.035       ms
[2026-06-17T10:22:28.495+0800][10.114s][info][gc,stats    ]    Subphase: Pause Roots                                   0.006 / 0.167         0.006 / 0.167         0.006 / 0.167         0.006 / 0.167       ms
[2026-06-17T10:22:28.496+0800][10.114s][info][gc,stats    ]    Subphase: Pause Roots ClassLoaderDataGraph              0.020 / 0.142         0.020 / 0.142         0.020 / 0.142         0.020 / 0.142       ms
[2026-06-17T10:22:28.496+0800][10.115s][info][gc,stats    ]    Subphase: Pause Roots CodeCache                         0.009 / 0.022         0.009 / 0.022         0.009 / 0.022         0.009 / 0.022       ms
[2026-06-17T10:22:28.496+0800][10.115s][info][gc,stats    ]    Subphase: Pause Roots JNIHandles                        0.002 / 0.062         0.002 / 0.062         0.002 / 0.062         0.002 / 0.062       ms
[2026-06-17T10:22:28.492+0800][10.110s][info][gc,heap     ] GC(97)                Mark Start          Mark End        Relocate Start      Relocate End           High               Low         
[2026-06-17T10:22:28.497+0800][10.115s][info][gc,stats    ]    Subphase: Pause Roots JNIWeakHandles                    0.000 / 0.000         0.000 / 0.000         0.000 / 0.000         0.000 / 0.000       ms
[2026-06-17T10:22:28.498+0800][10.116s][info][gc,stats    ]    Subphase: Pause Roots JRFWeak                           0.000 / 0.000         0.000 / 0.000         0.000 / 0.000         0.000 / 0.000       ms
[2026-06-17T10:22:28.498+0800][10.117s][info][gc,stats    ]    Subphase: Pause Roots JVMTIExport                       0.001 / 0.002         0.001 / 0.002         0.001 / 0.002         0.001 / 0.002       ms
[2026-06-17T10:22:28.497+0800][10.116s][info][gc,heap     ] GC(97)  Capacity:      256M (100%)        256M (100%)        256M (100%)        256M (100%)        256M (100%)        256M (100%)   
[2026-06-17T10:22:28.498+0800][10.117s][info][gc,heap     ] GC(97)   Reserve:       62M (24%)          62M (24%)          62M (24%)          62M (24%)          62M (24%)          62M (24%)    
[2026-06-17T10:22:28.499+0800][10.117s][info][gc,heap     ] GC(97)      Free:      112M (44%)         112M (44%)          98M (38%)         112M (44%)         112M (44%)          74M (29%)    
[2026-06-17T10:22:28.499+0800][10.118s][info][gc,heap     ] GC(97)      Used:       82M (32%)          82M (32%)          96M (38%)          82M (32%)         120M (47%)          82M (32%)    
[2026-06-17T10:22:28.499+0800][10.118s][info][gc,heap     ] GC(97)      Live:         -                25M (10%)          25M (10%)          25M (10%)            -                  -          
[2026-06-17T10:22:28.500+0800][10.118s][info][gc,heap     ] GC(97) Allocated:         -                 0M (0%)           38M (15%)          48M (19%)            -                  -          
[2026-06-17T10:22:28.500+0800][10.119s][info][gc,heap     ] GC(97)   Garbage:         -                56M (22%)          32M (13%)          18M (7%)             -                  -          
[2026-06-17T10:22:28.498+0800][10.117s][info][gc,stats    ]    Subphase: Pause Roots JVMTIWeakExport                   0.000 / 0.001         0.000 / 0.001         0.000 / 0.001         0.000 / 0.001       ms
[2026-06-17T10:22:28.501+0800][10.119s][info][gc,heap     ] GC(97) Reclaimed:         -                  -                24M (9%)           38M (15%)            -                  -          
[2026-06-17T10:22:28.501+0800][10.120s][info][gc,stats    ]    Subphase: Pause Roots Management                        0.002 / 0.005         0.002 / 0.005         0.002 / 0.005         0.002 / 0.005       ms
[2026-06-17T10:22:28.501+0800][10.120s][info][gc,stats    ]    Subphase: Pause Roots ObjectSynchronizer                0.001 / 0.001         0.001 / 0.001         0.001 / 0.001         0.001 / 0.001       ms
[2026-06-17T10:22:28.501+0800][10.120s][info][gc,stats    ]    Subphase: Pause Roots Setup                             0.001 / 0.002         0.001 / 0.002         0.001 / 0.002         0.001 / 0.002       ms
[2026-06-17T10:22:28.502+0800][10.120s][info][gc,stats    ]    Subphase: Pause Roots StringTable                       0.000 / 0.000         0.000 / 0.000         0.000 / 0.000         0.000 / 0.000       ms
[2026-06-17T10:22:28.502+0800][10.121s][info][gc,stats    ]    Subphase: Pause Roots SystemDictionary                  0.002 / 0.017         0.002 / 0.017         0.002 / 0.017         0.002 / 0.017       ms
[2026-06-17T10:22:28.502+0800][10.121s][info][gc,stats    ]    Subphase: Pause Roots Teardown                          0.001 / 0.004         0.001 / 0.004         0.001 / 0.004         0.001 / 0.004       ms
[2026-06-17T10:22:28.502+0800][10.121s][info][gc,stats    ]    Subphase: Pause Roots Threads                           0.020 / 0.150         0.020 / 0.150         0.020 / 0.150         0.020 / 0.150       ms
[2026-06-17T10:22:28.502+0800][10.121s][info][gc,stats    ]    Subphase: Pause Roots Universe                          0.006 / 0.084         0.006 / 0.084         0.006 / 0.084         0.006 / 0.084       ms
[2026-06-17T10:22:28.503+0800][10.121s][info][gc,stats    ]    Subphase: Pause Roots VMWeakHandles                     0.000 / 0.000         0.000 / 0.000         0.000 / 0.000         0.000 / 0.000       ms
[2026-06-17T10:22:28.501+0800][10.120s][info][gc          ] GC(97) Garbage Collection (Allocation Rate) 82M(32%)->82M(32%)
[2026-06-17T10:22:28.503+0800][10.122s][info][gc,stats    ]    Subphase: Pause Weak Roots                              0.000 / 0.013         0.000 / 0.013         0.000 / 0.013         0.000 / 0.013       ms
[2026-06-17T10:22:28.503+0800][10.122s][info][gc,stats    ]    Subphase: Pause Weak Roots JFRWeak                      0.001 / 0.002         0.001 / 0.002         0.001 / 0.002         0.001 / 0.002       ms
[2026-06-17T10:22:28.504+0800][10.122s][info][gc,stats    ]    Subphase: Pause Weak Roots JNIWeakHandles               0.000 / 0.000         0.000 / 0.000         0.000 / 0.000         0.000 / 0.000       ms
[2026-06-17T10:22:28.504+0800][10.122s][info][gc,stats    ]    Subphase: Pause Weak Roots JVMTIWeakExport              0.001 / 0.004         0.001 / 0.004         0.001 / 0.004         0.001 / 0.004       ms
[2026-06-17T10:22:28.504+0800][10.123s][info][gc,stats    ]    Subphase: Pause Weak Roots Setup                        0.000 / 0.000         0.000 / 0.000         0.000 / 0.000         0.000 / 0.000       ms
[2026-06-17T10:22:28.504+0800][10.123s][info][gc,stats    ]    Subphase: Pause Weak Roots StringTable                  0.000 / 0.000         0.000 / 0.000         0.000 / 0.000         0.000 / 0.000       ms
[2026-06-17T10:22:28.504+0800][10.123s][info][gc,stats    ]    Subphase: Pause Weak Roots SymbolTable                  0.000 / 0.000         0.000 / 0.000         0.000 / 0.000         0.000 / 0.000       ms
[2026-06-17T10:22:28.504+0800][10.123s][info][gc,stats    ]    Subphase: Pause Weak Roots Teardown                     0.001 / 0.002         0.001 / 0.002         0.001 / 0.002         0.001 / 0.002       ms
[2026-06-17T10:22:28.504+0800][10.123s][info][gc,stats    ]    Subphase: Pause Weak Roots VMWeakHandles                0.000 / 0.000         0.000 / 0.000         0.000 / 0.000         0.000 / 0.000       ms
[2026-06-17T10:22:28.504+0800][10.123s][info][gc,stats    ]      System: Java Threads                                      9 / 10                9 / 10                9 / 10                9 / 10          threads
[2026-06-17T10:22:28.504+0800][10.123s][info][gc,stats    ] =========================================================================================================================================================
[2026-06-17T10:22:28.563+0800][10.182s][info][gc,start    ] GC(98) Garbage Collection (Allocation Rate)
[2026-06-17T10:22:28.564+0800][10.182s][info][gc,phases   ] GC(98) Pause Mark Start 0.225ms
[2026-06-17T10:22:28.566+0800][10.184s][info][gc,phases   ] GC(98) Concurrent Mark 1.489ms
[2026-06-17T10:22:28.566+0800][10.185s][info][gc,phases   ] GC(98) Pause Mark End 0.299ms
[2026-06-17T10:22:28.567+0800][10.185s][info][gc,phases   ] GC(98) Concurrent Process Non-Strong References 0.173ms
[2026-06-17T10:22:28.567+0800][10.185s][info][gc,phases   ] GC(98) Concurrent Reset Relocation Set 0.003ms
[2026-06-17T10:22:28.567+0800][10.185s][info][gc,phases   ] GC(98) Concurrent Destroy Detached Pages 0.000ms
[2026-06-17T10:22:28.567+0800][10.186s][info][gc,phases   ] GC(98) Concurrent Select Relocation Set 0.497ms
[2026-06-17T10:22:28.567+0800][10.186s][info][gc,phases   ] GC(98) Concurrent Prepare Relocation Set 0.017ms
[2026-06-17T10:22:28.568+0800][10.187s][info][gc,phases   ] GC(98) Pause Relocate Start 0.144ms
[2026-06-17T10:22:28.570+0800][10.189s][info][gc,phases   ] GC(98) Concurrent Relocate 1.800ms
[2026-06-17T10:22:28.570+0800][10.189s][info][gc,load     ] GC(98) Load: 0.26/0.21/0.28
[2026-06-17T10:22:28.570+0800][10.189s][info][gc,mmu      ] GC(98) MMU: 2ms/48.0%, 5ms/75.2%, 10ms/84.2%, 20ms/90.2%, 50ms/96.1%, 100ms/97.3%
[2026-06-17T10:22:28.570+0800][10.189s][info][gc,marking  ] GC(98) Mark: 2 stripe(s), 1 proactive flush(es), 1 terminate flush(es), 0 completion(s), 0 continuation(s) 
[2026-06-17T10:22:28.570+0800][10.189s][info][gc,reloc    ] GC(98) Relocation: Successful, 21M relocated
[2026-06-17T10:22:28.571+0800][10.189s][info][gc,nmethod  ] GC(98) NMethods: 23 registered, 0 unregistered
[2026-06-17T10:22:28.571+0800][10.189s][info][gc,metaspace] GC(98) Metaspace: 3M used, 4M capacity, 4M committed, 8M reserved
[2026-06-17T10:22:28.571+0800][10.190s][info][gc,ref      ] GC(98) Soft: 43 encountered, 0 discovered, 0 enqueued
[2026-06-17T10:22:28.571+0800][10.190s][info][gc,ref      ] GC(98) Weak: 7 encountered, 0 discovered, 0 enqueued
[2026-06-17T10:22:28.571+0800][10.190s][info][gc,ref      ] GC(98) Final: 0 encountered, 0 discovered, 0 enqueued
[2026-06-17T10:22:28.571+0800][10.190s][info][gc,ref      ] GC(98) Phantom: 1 encountered, 1 discovered, 0 enqueued
[2026-06-17T10:22:28.571+0800][10.190s][info][gc,heap     ] GC(98)                Mark Start          Mark End        Relocate Start      Relocate End           High               Low         
[2026-06-17T10:22:28.571+0800][10.190s][info][gc,heap     ] GC(98)  Capacity:      256M (100%)        256M (100%)        256M (100%)        256M (100%)        256M (100%)        256M (100%)   
[2026-06-17T10:22:28.571+0800][10.190s][info][gc,heap     ] GC(98)   Reserve:       62M (24%)          62M (24%)          62M (24%)          62M (24%)          62M (24%)          62M (24%)    
[2026-06-17T10:22:28.571+0800][10.190s][info][gc,heap     ] GC(98)      Free:       82M (32%)          82M (32%)         110M (43%)         146M (57%)         146M (57%)          72M (28%)    
[2026-06-17T10:22:28.572+0800][10.190s][info][gc,heap     ] GC(98)      Used:      112M (44%)         112M (44%)          84M (33%)          48M (19%)         122M (48%)          48M (19%)    
[2026-06-17T10:22:28.572+0800][10.190s][info][gc,heap     ] GC(98)      Live:         -                21M (8%)           21M (8%)           21M (8%)             -                  -          
[2026-06-17T10:22:28.572+0800][10.191s][info][gc,heap     ] GC(98) Allocated:         -                 0M (0%)            0M (0%)           48M (19%)            -                  -          
[2026-06-17T10:22:28.572+0800][10.191s][info][gc,heap     ] GC(98)   Garbage:         -                90M (36%)          62M (25%)          20M (8%)             -                  -          
[2026-06-17T10:22:28.572+0800][10.191s][info][gc,heap     ] GC(98) Reclaimed:         -                  -                28M (11%)          70M (27%)            -                  -          
[2026-06-17T10:22:28.572+0800][10.191s][info][gc          ] GC(98) Garbage Collection (Allocation Rate) 112M(44%)->48M(19%)
[2026-06-17T10:22:28.663+0800][10.282s][info][gc,start    ] GC(99) Garbage Collection (Allocation Rate)
[2026-06-17T10:22:28.664+0800][10.283s][info][gc,phases   ] GC(99) Pause Mark Start 0.142ms
[2026-06-17T10:22:28.666+0800][10.285s][info][gc,phases   ] GC(99) Concurrent Mark 1.529ms
[2026-06-17T10:22:28.667+0800][10.286s][info][gc,phases   ] GC(99) Pause Mark End 0.315ms
[2026-06-17T10:22:28.668+0800][10.286s][info][gc,phases   ] GC(99) Concurrent Process Non-Strong References 0.083ms
[2026-06-17T10:22:28.668+0800][10.287s][info][gc,phases   ] GC(99) Concurrent Reset Relocation Set 0.002ms
[2026-06-17T10:22:28.669+0800][10.288s][info][gc,phases   ] GC(99) Concurrent Destroy Detached Pages 0.000ms
[2026-06-17T10:22:28.670+0800][10.289s][info][gc,phases   ] GC(99) Concurrent Select Relocation Set 0.472ms
[2026-06-17T10:22:28.671+0800][10.289s][info][gc,phases   ] GC(99) Concurrent Prepare Relocation Set 0.002ms
[2026-06-17T10:22:28.673+0800][10.292s][info][gc,phases   ] GC(99) Pause Relocate Start 0.134ms
[2026-06-17T10:22:28.674+0800][10.293s][info][gc,phases   ] GC(99) Concurrent Relocate 0.302ms
[2026-06-17T10:22:28.675+0800][10.293s][info][gc,load     ] GC(99) Load: 0.24/0.21/0.28
[2026-06-17T10:22:28.677+0800][10.295s][info][gc,mmu      ] GC(99) MMU: 2ms/48.0%, 5ms/75.2%, 10ms/84.2%, 20ms/90.2%, 50ms/96.1%, 100ms/97.3%
[2026-06-17T10:22:28.677+0800][10.296s][info][gc,marking  ] GC(99) Mark: 2 stripe(s), 1 proactive flush(es), 1 terminate flush(es), 0 completion(s), 0 continuation(s) 
[2026-06-17T10:22:28.677+0800][10.296s][info][gc,reloc    ] GC(99) Relocation: Successful, 26M relocated
[2026-06-17T10:22:28.678+0800][10.297s][info][gc,nmethod  ] GC(99) NMethods: 23 registered, 0 unregistered
[2026-06-17T10:22:28.679+0800][10.297s][info][gc,metaspace] GC(99) Metaspace: 3M used, 4M capacity, 4M committed, 8M reserved
[2026-06-17T10:22:28.679+0800][10.298s][info][gc,ref      ] GC(99) Soft: 43 encountered, 0 discovered, 0 enqueued
[2026-06-17T10:22:28.679+0800][10.298s][info][gc,ref      ] GC(99) Weak: 7 encountered, 0 discovered, 0 enqueued
[2026-06-17T10:22:28.680+0800][10.299s][info][gc,ref      ] GC(99) Final: 0 encountered, 0 discovered, 0 enqueued
[2026-06-17T10:22:28.680+0800][10.299s][info][gc,ref      ] GC(99) Phantom: 1 encountered, 0 discovered, 0 enqueued
[2026-06-17T10:22:28.681+0800][10.300s][info][gc,heap     ] GC(99)                Mark Start          Mark End        Relocate Start      Relocate End           High               Low         
[2026-06-17T10:22:28.681+0800][10.300s][info][gc,heap     ] GC(99)  Capacity:      256M (100%)        256M (100%)        256M (100%)        256M (100%)        256M (100%)        256M (100%)   
[2026-06-17T10:22:28.682+0800][10.301s][info][gc,heap     ] GC(99)   Reserve:       62M (24%)          62M (24%)          62M (24%)          62M (24%)          62M (24%)          62M (24%)    
[2026-06-17T10:22:28.682+0800][10.301s][info][gc,heap     ] GC(99)      Free:      112M (44%)         112M (44%)         138M (54%)         144M (56%)         144M (56%)         112M (44%)    
[2026-06-17T10:22:28.683+0800][10.301s][info][gc,heap     ] GC(99)      Used:       82M (32%)          82M (32%)          56M (22%)          50M (20%)          82M (32%)          50M (20%)    
[2026-06-17T10:22:28.683+0800][10.302s][info][gc,heap     ] GC(99)      Live:         -                30M (12%)          30M (12%)          30M (12%)            -                  -          
[2026-06-17T10:22:28.684+0800][10.302s][info][gc,heap     ] GC(99) Allocated:         -                 0M (0%)            0M (0%)           12M (5%)             -                  -          
[2026-06-17T10:22:28.685+0800][10.303s][info][gc,heap     ] GC(99)   Garbage:         -                51M (20%)          25M (10%)          15M (6%)             -                  -          
[2026-06-17T10:22:28.685+0800][10.304s][info][gc,heap     ] GC(99) Reclaimed:         -                  -                26M (10%)          36M (14%)            -                  -          
[2026-06-17T10:22:28.686+0800][10.304s][info][gc          ] GC(99) Garbage Collection (Allocation Rate) 82M(32%)->50M(20%)
[2026-06-17T10:22:28.764+0800][10.382s][info][gc,start    ] GC(100) Garbage Collection (Allocation Rate)
[2026-06-17T10:22:28.768+0800][10.386s][info][gc,phases   ] GC(100) Pause Mark Start 0.398ms
[2026-06-17T10:22:28.771+0800][10.390s][info][gc,phases   ] GC(100) Concurrent Mark 1.677ms
[2026-06-17T10:22:28.774+0800][10.393s][info][gc,phases   ] GC(100) Pause Mark End 0.468ms
[2026-06-17T10:22:28.776+0800][10.395s][info][gc,phases   ] GC(100) Concurrent Process Non-Strong References 0.140ms
[2026-06-17T10:22:28.777+0800][10.395s][info][gc,phases   ] GC(100) Concurrent Reset Relocation Set 0.005ms
[2026-06-17T10:22:28.777+0800][10.396s][info][gc,phases   ] GC(100) Concurrent Destroy Detached Pages 0.001ms
[2026-06-17T10:22:28.778+0800][10.397s][info][gc,phases   ] GC(100) Concurrent Select Relocation Set 0.734ms
[2026-06-17T10:22:28.779+0800][10.398s][info][gc,phases   ] GC(100) Concurrent Prepare Relocation Set 0.020ms
[2026-06-17T10:22:28.780+0800][10.399s][info][gc,phases   ] GC(100) Pause Relocate Start 0.347ms
[2026-06-17T10:22:28.782+0800][10.401s][info][gc,phases   ] GC(100) Concurrent Relocate 1.772ms
[2026-06-17T10:22:28.783+0800][10.402s][info][gc,load     ] GC(100) Load: 0.24/0.21/0.28
[2026-06-17T10:22:28.783+0800][10.402s][info][gc,mmu      ] GC(100) MMU: 2ms/48.0%, 5ms/75.2%, 10ms/84.2%, 20ms/90.2%, 50ms/96.1%, 100ms/97.3%
[2026-06-17T10:22:28.784+0800][10.403s][info][gc,marking  ] GC(100) Mark: 2 stripe(s), 2 proactive flush(es), 1 terminate flush(es), 0 completion(s), 0 continuation(s) 
[2026-06-17T10:22:28.784+0800][10.403s][info][gc,reloc    ] GC(100) Relocation: Successful, 20M relocated
[2026-06-17T10:22:28.785+0800][10.403s][info][gc,nmethod  ] GC(100) NMethods: 23 registered, 0 unregistered
[2026-06-17T10:22:28.785+0800][10.404s][info][gc,metaspace] GC(100) Metaspace: 3M used, 4M capacity, 4M committed, 8M reserved
[2026-06-17T10:22:28.785+0800][10.404s][info][gc,ref      ] GC(100) Soft: 43 encountered, 0 discovered, 0 enqueued
[2026-06-17T10:22:28.786+0800][10.405s][info][gc,ref      ] GC(100) Weak: 7 encountered, 0 discovered, 0 enqueued
[2026-06-17T10:22:28.786+0800][10.405s][info][gc,ref      ] GC(100) Final: 0 encountered, 0 discovered, 0 enqueued
[2026-06-17T10:22:28.787+0800][10.406s][info][gc,ref      ] GC(100) Phantom: 1 encountered, 0 discovered, 0 enqueued
[2026-06-17T10:22:28.787+0800][10.406s][info][gc,heap     ] GC(100)                Mark Start          Mark End        Relocate Start      Relocate End           High               Low         
[2026-06-17T10:22:28.787+0800][10.406s][info][gc,heap     ] GC(100)  Capacity:      256M (100%)        256M (100%)        256M (100%)        256M (100%)        256M (100%)        256M (100%)   
[2026-06-17T10:22:28.787+0800][10.406s][info][gc,heap     ] GC(100)   Reserve:       62M (24%)          62M (24%)          62M (24%)          62M (24%)          62M (24%)          62M (24%)    
[2026-06-17T10:22:28.788+0800][10.406s][info][gc,heap     ] GC(100)      Free:       78M (30%)          74M (29%)         100M (39%)         142M (55%)         142M (55%)          58M (23%)    
[2026-06-17T10:22:28.788+0800][10.407s][info][gc,heap     ] GC(100)      Used:      116M (45%)         120M (47%)          94M (37%)          52M (20%)         136M (53%)          52M (20%)    
[2026-06-17T10:22:28.788+0800][10.407s][info][gc,heap     ] GC(100)      Live:         -                22M (9%)           22M (9%)           22M (9%)             -                  -          
[2026-06-17T10:22:28.788+0800][10.407s][info][gc,heap     ] GC(100) Allocated:         -                 4M (2%)            4M (2%)           48M (19%)            -                  -          
[2026-06-17T10:22:28.788+0800][10.407s][info][gc,heap     ] GC(100)   Garbage:         -                93M (37%)          67M (26%)          21M (8%)             -                  -          
[2026-06-17T10:22:28.788+0800][10.407s][info][gc,heap     ] GC(100) Reclaimed:         -                  -                26M (10%)          72M (28%)            -                  -          
[2026-06-17T10:22:28.788+0800][10.407s][info][gc          ] GC(100) Garbage Collection (Allocation Rate) 116M(45%)->52M(20%)
[2026-06-17T10:22:28.863+0800][10.482s][info][gc,start    ] GC(101) Garbage Collection (Allocation Rate)
[2026-06-17T10:22:28.864+0800][10.483s][info][gc,phases   ] GC(101) Pause Mark Start 0.156ms
[2026-06-17T10:22:28.866+0800][10.484s][info][gc,phases   ] GC(101) Concurrent Mark 1.586ms
[2026-06-17T10:22:28.867+0800][10.485s][info][gc,phases   ] GC(101) Pause Mark End 0.278ms
[2026-06-17T10:22:28.867+0800][10.486s][info][gc,phases   ] GC(101) Concurrent Process Non-Strong References 0.124ms
[2026-06-17T10:22:28.867+0800][10.486s][info][gc,phases   ] GC(101) Concurrent Reset Relocation Set 0.003ms
[2026-06-17T10:22:28.867+0800][10.486s][info][gc,phases   ] GC(101) Concurrent Destroy Detached Pages 0.002ms
[2026-06-17T10:22:28.868+0800][10.487s][info][gc,phases   ] GC(101) Concurrent Select Relocation Set 0.470ms
[2026-06-17T10:22:28.868+0800][10.487s][info][gc,phases   ] GC(101) Concurrent Prepare Relocation Set 0.001ms
[2026-06-17T10:22:28.869+0800][10.488s][info][gc,phases   ] GC(101) Pause Relocate Start 0.120ms
[2026-06-17T10:22:28.869+0800][10.488s][info][gc,phases   ] GC(101) Concurrent Relocate 0.171ms
[2026-06-17T10:22:28.870+0800][10.488s][info][gc,load     ] GC(101) Load: 0.24/0.21/0.28
[2026-06-17T10:22:28.870+0800][10.489s][info][gc,mmu      ] GC(101) MMU: 2ms/48.0%, 5ms/75.2%, 10ms/84.2%, 20ms/90.2%, 50ms/96.1%, 100ms/97.3%
[2026-06-17T10:22:28.870+0800][10.489s][info][gc,marking  ] GC(101) Mark: 2 stripe(s), 2 proactive flush(es), 1 terminate flush(es), 0 completion(s), 0 continuation(s) 
[2026-06-17T10:22:28.870+0800][10.489s][info][gc,reloc    ] GC(101) Relocation: Successful, 16M relocated
[2026-06-17T10:22:28.870+0800][10.489s][info][gc,nmethod  ] GC(101) NMethods: 23 registered, 0 unregistered
[2026-06-17T10:22:28.870+0800][10.489s][info][gc,metaspace] GC(101) Metaspace: 3M used, 4M capacity, 4M committed, 8M reserved
[2026-06-17T10:22:28.871+0800][10.489s][info][gc,ref      ] GC(101) Soft: 43 encountered, 0 discovered, 0 enqueued
[2026-06-17T10:22:28.871+0800][10.489s][info][gc,ref      ] GC(101) Weak: 7 encountered, 2 discovered, 0 enqueued
[2026-06-17T10:22:28.871+0800][10.490s][info][gc,ref      ] GC(101) Final: 0 encountered, 0 discovered, 0 enqueued
[2026-06-17T10:22:28.871+0800][10.490s][info][gc,ref      ] GC(101) Phantom: 1 encountered, 1 discovered, 0 enqueued
[2026-06-17T10:22:28.871+0800][10.490s][info][gc,heap     ] GC(101)                Mark Start          Mark End        Relocate Start      Relocate End           High               Low         
[2026-06-17T10:22:28.871+0800][10.490s][info][gc,heap     ] GC(101)  Capacity:      256M (100%)        256M (100%)        256M (100%)        256M (100%)        256M (100%)        256M (100%)   
[2026-06-17T10:22:28.871+0800][10.490s][info][gc,heap     ] GC(101)   Reserve:       62M (24%)          62M (24%)          62M (24%)          62M (24%)          62M (24%)          62M (24%)    
[2026-06-17T10:22:28.871+0800][10.490s][info][gc,heap     ] GC(101)      Free:      116M (45%)         112M (44%)         138M (54%)         148M (58%)         148M (58%)         112M (44%)    
[2026-06-17T10:22:28.871+0800][10.490s][info][gc,heap     ] GC(101)      Used:       78M (30%)          82M (32%)          56M (22%)          46M (18%)          82M (32%)          46M (18%)    
[2026-06-17T10:22:28.871+0800][10.490s][info][gc,heap     ] GC(101)      Live:         -                18M (7%)           18M (7%)           18M (7%)             -                  -          
[2026-06-17T10:22:28.871+0800][10.490s][info][gc,heap     ] GC(101) Allocated:         -                 4M (2%)            4M (2%)           10M (4%)             -                  -          
[2026-06-17T10:22:28.872+0800][10.490s][info][gc,heap     ] GC(101)   Garbage:         -                59M (23%)          33M (13%)          23M (9%)             -                  -          
[2026-06-17T10:22:28.872+0800][10.490s][info][gc,heap     ] GC(101) Reclaimed:         -                  -                26M (10%)          36M (14%)            -                  -          
[2026-06-17T10:22:28.872+0800][10.491s][info][gc          ] GC(101) Garbage Collection (Allocation Rate) 78M(30%)->46M(18%)
[2026-06-17T10:22:28.963+0800][10.582s][info][gc,start    ] GC(102) Garbage Collection (Allocation Rate)
[2026-06-17T10:22:28.965+0800][10.584s][info][gc,phases   ] GC(102) Pause Mark Start 0.524ms
[2026-06-17T10:22:28.968+0800][10.587s][info][gc,phases   ] GC(102) Concurrent Mark 2.233ms
[2026-06-17T10:22:28.970+0800][10.589s][info][gc,phases   ] GC(102) Pause Mark End 0.862ms
[2026-06-17T10:22:28.971+0800][10.590s][info][gc,phases   ] GC(102) Concurrent Process Non-Strong References 0.321ms
[2026-06-17T10:22:28.972+0800][10.591s][info][gc,phases   ] GC(102) Concurrent Reset Relocation Set 0.004ms
[2026-06-17T10:22:28.973+0800][10.591s][info][gc,phases   ] GC(102) Concurrent Destroy Detached Pages 0.002ms
[2026-06-17T10:22:28.974+0800][10.593s][info][gc,phases   ] GC(102) Concurrent Select Relocation Set 1.237ms
[2026-06-17T10:22:28.975+0800][10.594s][info][gc,phases   ] GC(102) Concurrent Prepare Relocation Set 0.015ms
[2026-06-17T10:22:28.976+0800][10.595s][info][gc,phases   ] GC(102) Pause Relocate Start 0.251ms
[2026-06-17T10:22:28.978+0800][10.597s][info][gc,phases   ] GC(102) Concurrent Relocate 1.870ms
[2026-06-17T10:22:28.979+0800][10.597s][info][gc,load     ] GC(102) Load: 0.24/0.21/0.28
[2026-06-17T10:22:28.979+0800][10.598s][info][gc,mmu      ] GC(102) MMU: 2ms/48.0%, 5ms/75.2%, 10ms/84.2%, 20ms/90.2%, 50ms/96.1%, 100ms/97.3%
[2026-06-17T10:22:28.979+0800][10.598s][info][gc,marking  ] GC(102) Mark: 2 stripe(s), 1 proactive flush(es), 1 terminate flush(es), 0 completion(s), 0 continuation(s) 
[2026-06-17T10:22:28.980+0800][10.599s][info][gc,reloc    ] GC(102) Relocation: Successful, 23M relocated
[2026-06-17T10:22:28.980+0800][10.599s][info][gc,nmethod  ] GC(102) NMethods: 23 registered, 0 unregistered
[2026-06-17T10:22:28.981+0800][10.599s][info][gc,metaspace] GC(102) Metaspace: 3M used, 4M capacity, 4M committed, 8M reserved
[2026-06-17T10:22:28.981+0800][10.600s][info][gc,ref      ] GC(102) Soft: 43 encountered, 0 discovered, 0 enqueued
[2026-06-17T10:22:28.981+0800][10.600s][info][gc,ref      ] GC(102) Weak: 7 encountered, 2 discovered, 0 enqueued
[2026-06-17T10:22:28.981+0800][10.600s][info][gc,ref      ] GC(102) Final: 0 encountered, 0 discovered, 0 enqueued
[2026-06-17T10:22:28.981+0800][10.600s][info][gc,ref      ] GC(102) Phantom: 1 encountered, 1 discovered, 0 enqueued
[2026-06-17T10:22:28.982+0800][10.600s][info][gc,heap     ] GC(102)                Mark Start          Mark End        Relocate Start      Relocate End           High               Low         
[2026-06-17T10:22:28.982+0800][10.601s][info][gc,heap     ] GC(102)  Capacity:      256M (100%)        256M (100%)        256M (100%)        256M (100%)        256M (100%)        256M (100%)   
[2026-06-17T10:22:28.982+0800][10.601s][info][gc,heap     ] GC(102)   Reserve:       62M (24%)          62M (24%)          62M (24%)          62M (24%)          62M (24%)          62M (24%)    
[2026-06-17T10:22:28.982+0800][10.601s][info][gc,heap     ] GC(102)      Free:       80M (31%)          80M (31%)         106M (41%)         148M (58%)         148M (58%)          70M (27%)    
[2026-06-17T10:22:28.982+0800][10.601s][info][gc,heap     ] GC(102)      Used:      114M (45%)         114M (45%)          88M (34%)          46M (18%)         124M (48%)          46M (18%)    
[2026-06-17T10:22:28.982+0800][10.601s][info][gc,heap     ] GC(102)      Live:         -                25M (10%)          25M (10%)          25M (10%)            -                  -          
[2026-06-17T10:22:28.983+0800][10.601s][info][gc,heap     ] GC(102) Allocated:         -                 0M (0%)            4M (2%)           44M (17%)            -                  -          
[2026-06-17T10:22:28.983+0800][10.601s][info][gc,heap     ] GC(102)   Garbage:         -                88M (35%)          58M (23%)          16M (6%)             -                  -          
[2026-06-17T10:22:28.983+0800][10.602s][info][gc,heap     ] GC(102) Reclaimed:         -                  -                30M (12%)          72M (28%)            -                  -          
[2026-06-17T10:22:28.983+0800][10.602s][info][gc          ] GC(102) Garbage Collection (Allocation Rate) 114M(45%)->46M(18%)
[2026-06-17T10:22:29.064+0800][10.683s][info][gc,start    ] GC(103) Garbage Collection (Allocation Rate)
[2026-06-17T10:22:29.066+0800][10.685s][info][gc,phases   ] GC(103) Pause Mark Start 0.491ms
[2026-06-17T10:22:29.069+0800][10.688s][info][gc,phases   ] GC(103) Concurrent Mark 2.434ms
[2026-06-17T10:22:29.071+0800][10.690s][info][gc,phases   ] GC(103) Pause Mark End 0.767ms
[2026-06-17T10:22:29.072+0800][10.691s][info][gc,phases   ] GC(103) Concurrent Process Non-Strong References 0.444ms
[2026-06-17T10:22:29.073+0800][10.692s][info][gc,phases   ] GC(103) Concurrent Reset Relocation Set 0.006ms
[2026-06-17T10:22:29.074+0800][10.692s][info][gc,phases   ] GC(103) Concurrent Destroy Detached Pages 0.002ms
[2026-06-17T10:22:29.075+0800][10.694s][info][gc,phases   ] GC(103) Concurrent Select Relocation Set 1.098ms
[2026-06-17T10:22:29.076+0800][10.694s][info][gc,phases   ] GC(103) Concurrent Prepare Relocation Set 0.011ms
[2026-06-17T10:22:29.077+0800][10.696s][info][gc,phases   ] GC(103) Pause Relocate Start 0.240ms
[2026-06-17T10:22:29.078+0800][10.697s][info][gc,phases   ] GC(103) Concurrent Relocate 0.684ms
[2026-06-17T10:22:29.078+0800][10.697s][info][gc,load     ] GC(103) Load: 0.24/0.21/0.28
[2026-06-17T10:22:29.079+0800][10.698s][info][gc,mmu      ] GC(103) MMU: 2ms/48.0%, 5ms/75.2%, 10ms/84.2%, 20ms/90.2%, 50ms/96.1%, 100ms/97.3%
[2026-06-17T10:22:29.079+0800][10.698s][info][gc,marking  ] GC(103) Mark: 2 stripe(s), 1 proactive flush(es), 1 terminate flush(es), 0 completion(s), 0 continuation(s) 
[2026-06-17T10:22:29.080+0800][10.698s][info][gc,reloc    ] GC(103) Relocation: Successful, 19M relocated
[2026-06-17T10:22:29.080+0800][10.699s][info][gc,nmethod  ] GC(103) NMethods: 23 registered, 0 unregistered
[2026-06-17T10:22:29.080+0800][10.699s][info][gc,metaspace] GC(103) Metaspace: 3M used, 4M capacity, 4M committed, 8M reserved
[2026-06-17T10:22:29.080+0800][10.699s][info][gc,ref      ] GC(103) Soft: 43 encountered, 0 discovered, 0 enqueued
[2026-06-17T10:22:29.081+0800][10.699s][info][gc,ref      ] GC(103) Weak: 7 encountered, 2 discovered, 0 enqueued
[2026-06-17T10:22:29.081+0800][10.699s][info][gc,ref      ] GC(103) Final: 0 encountered, 0 discovered, 0 enqueued
[2026-06-17T10:22:29.081+0800][10.700s][info][gc,ref      ] GC(103) Phantom: 1 encountered, 1 discovered, 0 enqueued
[2026-06-17T10:22:29.081+0800][10.700s][info][gc,heap     ] GC(103)                Mark Start          Mark End        Relocate Start      Relocate End           High               Low         
[2026-06-17T10:22:29.081+0800][10.700s][info][gc,heap     ] GC(103)  Capacity:      256M (100%)        256M (100%)        256M (100%)        256M (100%)        256M (100%)        256M (100%)   
[2026-06-17T10:22:29.081+0800][10.700s][info][gc,heap     ] GC(103)   Reserve:       62M (24%)          62M (24%)          62M (24%)          62M (24%)          62M (24%)          62M (24%)    
[2026-06-17T10:22:29.081+0800][10.700s][info][gc,heap     ] GC(103)      Free:      118M (46%)         114M (45%)         140M (55%)         148M (58%)         148M (58%)         114M (45%)    
[2026-06-17T10:22:29.082+0800][10.700s][info][gc,heap     ] GC(103)      Used:       76M (30%)          80M (31%)          54M (21%)          46M (18%)          80M (31%)          46M (18%)    
[2026-06-17T10:22:29.082+0800][10.701s][info][gc,heap     ] GC(103)      Live:         -                21M (8%)           21M (8%)           21M (8%)             -                  -          
[2026-06-17T10:22:29.082+0800][10.701s][info][gc,heap     ] GC(103) Allocated:         -                 4M (2%)            4M (2%)           10M (4%)             -                  -          
[2026-06-17T10:22:29.082+0800][10.701s][info][gc,heap     ] GC(103)   Garbage:         -                54M (21%)          28M (11%)          20M (8%)             -                  -          
[2026-06-17T10:22:29.082+0800][10.701s][info][gc,heap     ] GC(103) Reclaimed:         -                  -                26M (10%)          34M (13%)            -                  -          
[2026-06-17T10:22:29.082+0800][10.701s][info][gc          ] GC(103) Garbage Collection (Allocation Rate) 76M(30%)->46M(18%)
[2026-06-17T10:22:29.163+0800][10.782s][info][gc,start    ] GC(104) Garbage Collection (Allocation Rate)
[2026-06-17T10:22:29.164+0800][10.783s][info][gc,phases   ] GC(104) Pause Mark Start 0.150ms
[2026-06-17T10:22:29.168+0800][10.787s][info][gc,phases   ] GC(104) Concurrent Mark 1.746ms
[2026-06-17T10:22:29.170+0800][10.789s][info][gc,phases   ] GC(104) Pause Mark End 0.399ms
[2026-06-17T10:22:29.172+0800][10.791s][info][gc,phases   ] GC(104) Concurrent Process Non-Strong References 0.123ms
[2026-06-17T10:22:29.172+0800][10.791s][info][gc,phases   ] GC(104) Concurrent Reset Relocation Set 0.002ms
[2026-06-17T10:22:29.174+0800][10.793s][info][gc,phases   ] GC(104) Concurrent Destroy Detached Pages 0.001ms
[2026-06-17T10:22:29.176+0800][10.794s][info][gc,phases   ] GC(104) Concurrent Select Relocation Set 0.488ms
[2026-06-17T10:22:29.178+0800][10.797s][info][gc,phases   ] GC(104) Concurrent Prepare Relocation Set 0.009ms
[2026-06-17T10:22:29.183+0800][10.801s][info][gc,phases   ] GC(104) Pause Relocate Start 0.141ms
[2026-06-17T10:22:29.190+0800][10.809s][info][gc,phases   ] GC(104) Concurrent Relocate 1.952ms
[2026-06-17T10:22:29.195+0800][10.813s][info][gc,load     ] GC(104) Load: 0.24/0.21/0.28
[2026-06-17T10:22:29.197+0800][10.816s][info][gc,mmu      ] GC(104) MMU: 2ms/48.0%, 5ms/75.2%, 10ms/84.2%, 20ms/90.2%, 50ms/96.1%, 100ms/97.3%
[2026-06-17T10:22:29.198+0800][10.817s][info][gc,marking  ] GC(104) Mark: 2 stripe(s), 2 proactive flush(es), 1 terminate flush(es), 0 completion(s), 0 continuation(s) 
[2026-06-17T10:22:29.201+0800][10.820s][info][gc,reloc    ] GC(104) Relocation: Successful, 27M relocated
[2026-06-17T10:22:29.203+0800][10.822s][info][gc,nmethod  ] GC(104) NMethods: 23 registered, 0 unregistered
[2026-06-17T10:22:29.204+0800][10.822s][info][gc,metaspace] GC(104) Metaspace: 3M used, 4M capacity, 4M committed, 8M reserved
[2026-06-17T10:22:29.204+0800][10.823s][info][gc,ref      ] GC(104) Soft: 43 encountered, 0 discovered, 0 enqueued
[2026-06-17T10:22:29.208+0800][10.827s][info][gc,ref      ] GC(104) Weak: 7 encountered, 0 discovered, 0 enqueued
[2026-06-17T10:22:29.209+0800][10.828s][info][gc,ref      ] GC(104) Final: 0 encountered, 0 discovered, 0 enqueued
[2026-06-17T10:22:29.209+0800][10.828s][info][gc,ref      ] GC(104) Phantom: 1 encountered, 0 discovered, 0 enqueued
[2026-06-17T10:22:29.210+0800][10.828s][info][gc,heap     ] GC(104)                Mark Start          Mark End        Relocate Start      Relocate End           High               Low         
[2026-06-17T10:22:29.210+0800][10.829s][info][gc,heap     ] GC(104)  Capacity:      256M (100%)        256M (100%)        256M (100%)        256M (100%)        256M (100%)        256M (100%)   
[2026-06-17T10:22:29.211+0800][10.829s][info][gc,heap     ] GC(104)   Reserve:       62M (24%)          62M (24%)          62M (24%)          62M (24%)          62M (24%)          62M (24%)    
[2026-06-17T10:22:29.211+0800][10.830s][info][gc,heap     ] GC(104)      Free:       84M (33%)          80M (31%)          70M (27%)         136M (53%)         136M (53%)          62M (24%)    
[2026-06-17T10:22:29.212+0800][10.830s][info][gc,heap     ] GC(104)      Used:      110M (43%)         114M (45%)         124M (48%)          58M (23%)         132M (52%)          58M (23%)    
[2026-06-17T10:22:29.212+0800][10.831s][info][gc,heap     ] GC(104)      Live:         -                29M (11%)          29M (11%)          29M (11%)            -                  -          
[2026-06-17T10:22:29.212+0800][10.831s][info][gc,heap     ] GC(104) Allocated:         -                 4M (2%)           40M (16%)          54M (21%)            -                  -          
[2026-06-17T10:22:29.213+0800][10.831s][info][gc,heap     ] GC(104)   Garbage:         -                80M (32%)          54M (21%)    17592186044402M (6         -                  -          
[2026-06-17T10:22:29.213+0800][10.832s][info][gc,heap     ] GC(104) Reclaimed:         -                  -                26M (10%)          94M (37%)            -                  -          
[2026-06-17T10:22:29.213+0800][10.832s][info][gc          ] GC(104) Garbage Collection (Allocation Rate) 110M(43%)->58M(23%)
[2026-06-17T10:22:29.263+0800][10.882s][info][gc,start    ] GC(105) Garbage Collection (Allocation Rate)
[2026-06-17T10:22:29.264+0800][10.883s][info][gc,phases   ] GC(105) Pause Mark Start 0.166ms
[2026-06-17T10:22:29.266+0800][10.885s][info][gc,phases   ] GC(105) Concurrent Mark 1.556ms
[2026-06-17T10:22:29.267+0800][10.886s][info][gc,phases   ] GC(105) Pause Mark End 0.276ms
[2026-06-17T10:22:29.267+0800][10.886s][info][gc,phases   ] GC(105) Concurrent Process Non-Strong References 0.091ms
[2026-06-17T10:22:29.268+0800][10.886s][info][gc,phases   ] GC(105) Concurrent Reset Relocation Set 0.002ms
[2026-06-17T10:22:29.268+0800][10.887s][info][gc,phases   ] GC(105) Concurrent Destroy Detached Pages 0.000ms
[2026-06-17T10:22:29.269+0800][10.888s][info][gc,phases   ] GC(105) Concurrent Select Relocation Set 0.566ms
[2026-06-17T10:22:29.269+0800][10.888s][info][gc,phases   ] GC(105) Concurrent Prepare Relocation Set 0.010ms
[2026-06-17T10:22:29.270+0800][10.889s][info][gc,phases   ] GC(105) Pause Relocate Start 0.140ms
[2026-06-17T10:22:29.271+0800][10.890s][info][gc,phases   ] GC(105) Concurrent Relocate 0.331ms
[2026-06-17T10:22:29.271+0800][10.890s][info][gc,load     ] GC(105) Load: 0.24/0.21/0.28
[2026-06-17T10:22:29.272+0800][10.890s][info][gc,mmu      ] GC(105) MMU: 2ms/48.0%, 5ms/75.2%, 10ms/84.2%, 20ms/90.2%, 50ms/96.1%, 100ms/97.3%
[2026-06-17T10:22:29.272+0800][10.891s][info][gc,marking  ] GC(105) Mark: 2 stripe(s), 1 proactive flush(es), 1 terminate flush(es), 0 completion(s), 0 continuation(s) 
[2026-06-17T10:22:29.272+0800][10.891s][info][gc,reloc    ] GC(105) Relocation: Successful, 21M relocated
[2026-06-17T10:22:29.272+0800][10.891s][info][gc,nmethod  ] GC(105) NMethods: 23 registered, 0 unregistered
[2026-06-17T10:22:29.273+0800][10.891s][info][gc,metaspace] GC(105) Metaspace: 3M used, 4M capacity, 4M committed, 8M reserved
[2026-06-17T10:22:29.273+0800][10.892s][info][gc,ref      ] GC(105) Soft: 43 encountered, 0 discovered, 0 enqueued
[2026-06-17T10:22:29.273+0800][10.892s][info][gc,ref      ] GC(105) Weak: 7 encountered, 0 discovered, 0 enqueued
[2026-06-17T10:22:29.274+0800][10.893s][info][gc,ref      ] GC(105) Final: 0 encountered, 0 discovered, 0 enqueued
[2026-06-17T10:22:29.274+0800][10.893s][info][gc,ref      ] GC(105) Phantom: 1 encountered, 0 discovered, 0 enqueued
[2026-06-17T10:22:29.274+0800][10.893s][info][gc,heap     ] GC(105)                Mark Start          Mark End        Relocate Start      Relocate End           High               Low         
[2026-06-17T10:22:29.275+0800][10.893s][info][gc,heap     ] GC(105)  Capacity:      256M (100%)        256M (100%)        256M (100%)        256M (100%)        256M (100%)        256M (100%)   
[2026-06-17T10:22:29.275+0800][10.894s][info][gc,heap     ] GC(105)   Reserve:       62M (24%)          62M (24%)          62M (24%)          62M (24%)          62M (24%)          62M (24%)    
[2026-06-17T10:22:29.276+0800][10.894s][info][gc,heap     ] GC(105)      Free:      108M (42%)         108M (42%)         138M (54%)         152M (59%)         152M (59%)         108M (42%)    
[2026-06-17T10:22:29.276+0800][10.895s][info][gc,heap     ] GC(105)      Used:       86M (34%)          86M (34%)          56M (22%)          42M (16%)          86M (34%)          42M (16%)    
[2026-06-17T10:22:29.276+0800][10.895s][info][gc,heap     ] GC(105)      Live:         -                23M (9%)           23M (9%)           23M (9%)             -                  -          
[2026-06-17T10:22:29.276+0800][10.895s][info][gc,heap     ] GC(105) Allocated:         -                 0M (0%)            0M (0%)            6M (2%)             -                  -          
[2026-06-17T10:22:29.277+0800][10.896s][info][gc,heap     ] GC(105)   Garbage:         -                62M (24%)          32M (13%)          18M (7%)             -                  -          
[2026-06-17T10:22:29.277+0800][10.896s][info][gc,heap     ] GC(105) Reclaimed:         -                  -                30M (12%)          44M (17%)            -                  -          
[2026-06-17T10:22:29.277+0800][10.896s][info][gc          ] GC(105) Garbage Collection (Allocation Rate) 86M(34%)->42M(16%)
[2026-06-17T10:22:29.363+0800][10.982s][info][gc,start    ] GC(106) Garbage Collection (Allocation Rate)
[2026-06-17T10:22:29.365+0800][10.984s][info][gc,phases   ] GC(106) Pause Mark Start 0.321ms
[2026-06-17T10:22:29.367+0800][10.986s][info][gc,phases   ] GC(106) Concurrent Mark 1.585ms
[2026-06-17T10:22:29.368+0800][10.987s][info][gc,phases   ] GC(106) Pause Mark End 0.314ms
[2026-06-17T10:22:29.368+0800][10.987s][info][gc,phases   ] GC(106) Concurrent Process Non-Strong References 0.119ms
[2026-06-17T10:22:29.369+0800][10.987s][info][gc,phases   ] GC(106) Concurrent Reset Relocation Set 0.003ms
[2026-06-17T10:22:29.369+0800][10.988s][info][gc,phases   ] GC(106) Concurrent Destroy Detached Pages 0.001ms
[2026-06-17T10:22:29.370+0800][10.988s][info][gc,phases   ] GC(106) Concurrent Select Relocation Set 0.528ms
[2026-06-17T10:22:29.370+0800][10.989s][info][gc,phases   ] GC(106) Concurrent Prepare Relocation Set 0.010ms
[2026-06-17T10:22:29.371+0800][10.989s][info][gc,phases   ] GC(106) Pause Relocate Start 0.172ms
[2026-06-17T10:22:29.372+0800][10.991s][info][gc,phases   ] GC(106) Concurrent Relocate 1.374ms
[2026-06-17T10:22:29.372+0800][10.991s][info][gc,load     ] GC(106) Load: 0.24/0.21/0.28
[2026-06-17T10:22:29.373+0800][10.992s][info][gc,mmu      ] GC(106) MMU: 2ms/48.0%, 5ms/75.2%, 10ms/84.2%, 20ms/90.2%, 50ms/96.1%, 100ms/97.3%
[2026-06-17T10:22:29.373+0800][10.992s][info][gc,marking  ] GC(106) Mark: 2 stripe(s), 1 proactive flush(es), 1 terminate flush(es), 0 completion(s), 0 continuation(s) 
[2026-06-17T10:22:29.373+0800][10.992s][info][gc,reloc    ] GC(106) Relocation: Successful, 19M relocated
[2026-06-17T10:22:29.373+0800][10.992s][info][gc,nmethod  ] GC(106) NMethods: 23 registered, 0 unregistered
[2026-06-17T10:22:29.374+0800][10.992s][info][gc,metaspace] GC(106) Metaspace: 3M used, 4M capacity, 4M committed, 8M reserved
[2026-06-17T10:22:29.374+0800][10.993s][info][gc,ref      ] GC(106) Soft: 43 encountered, 0 discovered, 0 enqueued
[2026-06-17T10:22:29.374+0800][10.993s][info][gc,ref      ] GC(106) Weak: 7 encountered, 0 discovered, 0 enqueued
[2026-06-17T10:22:29.374+0800][10.993s][info][gc,ref      ] GC(106) Final: 0 encountered, 0 discovered, 0 enqueued
[2026-06-17T10:22:29.375+0800][10.993s][info][gc,ref      ] GC(106) Phantom: 1 encountered, 0 discovered, 0 enqueued
[2026-06-17T10:22:29.375+0800][10.994s][info][gc,heap     ] GC(106)                Mark Start          Mark End        Relocate Start      Relocate End           High               Low         
[2026-06-17T10:22:29.375+0800][10.994s][info][gc,heap     ] GC(106)  Capacity:      256M (100%)        256M (100%)        256M (100%)        256M (100%)        256M (100%)        256M (100%)   
[2026-06-17T10:22:29.375+0800][10.994s][info][gc,heap     ] GC(106)   Reserve:       62M (24%)          62M (24%)          62M (24%)          62M (24%)          62M (24%)          62M (24%)    
[2026-06-17T10:22:29.376+0800][10.994s][info][gc,heap     ] GC(106)      Free:       84M (33%)          46M (18%)          74M (29%)         146M (57%)         146M (57%)          46M (18%)    
[2026-06-17T10:22:29.376+0800][10.995s][info][gc,heap     ] GC(106)      Used:      110M (43%)         148M (58%)         120M (47%)          48M (19%)         148M (58%)          48M (19%)    
[2026-06-17T10:22:29.376+0800][10.995s][info][gc,heap     ] GC(106)      Live:         -                21M (8%)           21M (8%)           21M (8%)             -                  -          
[2026-06-17T10:22:29.376+0800][10.995s][info][gc,heap     ] GC(106) Allocated:         -                38M (15%)          38M (15%)          46M (18%)            -                  -          
[2026-06-17T10:22:29.377+0800][10.995s][info][gc,heap     ] GC(106)   Garbage:         -                88M (35%)          60M (24%)    17592186044404M (6         -                  -          
[2026-06-17T10:22:29.377+0800][10.996s][info][gc,heap     ] GC(106) Reclaimed:         -                  -                28M (11%)         100M (39%)            -                  -          
[2026-06-17T10:22:29.377+0800][10.996s][info][gc          ] GC(106) Garbage Collection (Allocation Rate) 110M(43%)->48M(19%)
[2026-06-17T10:22:29.463+0800][11.081s][info][gc,start    ] GC(107) Garbage Collection (Allocation Rate)
[2026-06-17T10:22:29.465+0800][11.084s][info][gc,phases   ] GC(107) Pause Mark Start 0.237ms
[2026-06-17T10:22:29.468+0800][11.087s][info][gc,phases   ] GC(107) Concurrent Mark 2.178ms
[2026-06-17T10:22:29.473+0800][11.091s][info][gc,phases   ] GC(107) Pause Mark End 0.565ms
[2026-06-17T10:22:29.474+0800][11.093s][info][gc,phases   ] GC(107) Concurrent Process Non-Strong References 0.123ms
[2026-06-17T10:22:29.476+0800][11.094s][info][gc,phases   ] GC(107) Concurrent Reset Relocation Set 0.003ms
[2026-06-17T10:22:29.478+0800][11.097s][info][gc,phases   ] GC(107) Concurrent Destroy Detached Pages 0.001ms
[2026-06-17T10:22:29.481+0800][11.099s][info][gc,phases   ] GC(107) Concurrent Select Relocation Set 0.849ms
[2026-06-17T10:22:29.482+0800][11.101s][info][gc,phases   ] GC(107) Concurrent Prepare Relocation Set 0.006ms
[2026-06-17T10:22:29.484+0800][11.103s][info][gc,phases   ] GC(107) Pause Relocate Start 0.240ms
[2026-06-17T10:22:29.488+0800][11.107s][info][gc,phases   ] GC(107) Concurrent Relocate 0.391ms
[2026-06-17T10:22:29.491+0800][11.110s][info][gc,load     ] GC(107) Load: 0.24/0.21/0.28
[2026-06-17T10:22:29.491+0800][11.110s][info][gc,mmu      ] GC(107) MMU: 2ms/48.0%, 5ms/75.2%, 10ms/84.2%, 20ms/90.2%, 50ms/96.1%, 100ms/97.3%
[2026-06-17T10:22:29.493+0800][11.112s][info][gc,marking  ] GC(107) Mark: 2 stripe(s), 1 proactive flush(es), 1 terminate flush(es), 0 completion(s), 0 continuation(s) 
[2026-06-17T10:22:29.495+0800][11.114s][info][gc,reloc    ] GC(107) Relocation: Successful, 24M relocated
[2026-06-17T10:22:29.497+0800][11.115s][info][gc,nmethod  ] GC(107) NMethods: 23 registered, 0 unregistered
[2026-06-17T10:22:29.499+0800][11.117s][info][gc,metaspace] GC(107) Metaspace: 3M used, 4M capacity, 4M committed, 8M reserved
[2026-06-17T10:22:29.501+0800][11.120s][info][gc,ref      ] GC(107) Soft: 43 encountered, 0 discovered, 0 enqueued
[2026-06-17T10:22:29.501+0800][11.120s][info][gc,ref      ] GC(107) Weak: 7 encountered, 2 discovered, 0 enqueued
[2026-06-17T10:22:29.502+0800][11.120s][info][gc,ref      ] GC(107) Final: 0 encountered, 0 discovered, 0 enqueued
[2026-06-17T10:22:29.502+0800][11.121s][info][gc,ref      ] GC(107) Phantom: 1 encountered, 1 discovered, 0 enqueued
[2026-06-17T10:22:29.502+0800][11.121s][info][gc,heap     ] GC(107)                Mark Start          Mark End        Relocate Start      Relocate End           High               Low         
[2026-06-17T10:22:29.505+0800][11.124s][info][gc,heap     ] GC(107)  Capacity:      256M (100%)        256M (100%)        256M (100%)        256M (100%)        256M (100%)        256M (100%)   
[2026-06-17T10:22:29.508+0800][11.127s][info][gc,heap     ] GC(107)   Reserve:       62M (24%)          62M (24%)          62M (24%)          62M (24%)          62M (24%)          62M (24%)    
[2026-06-17T10:22:29.511+0800][11.129s][info][gc,heap     ] GC(107)      Free:      112M (44%)          76M (30%)         100M (39%)         110M (43%)         112M (44%)          76M (30%)    
[2026-06-17T10:22:29.511+0800][11.130s][info][gc,heap     ] GC(107)      Used:       82M (32%)         118M (46%)          94M (37%)          84M (33%)         118M (46%)          82M (32%)    
[2026-06-17T10:22:29.517+0800][11.136s][info][gc,heap     ] GC(107)      Live:         -                28M (11%)          28M (11%)          28M (11%)            -                  -          
[2026-06-17T10:22:29.526+0800][11.145s][info][gc,heap     ] GC(107) Allocated:         -                36M (14%)          40M (16%)          46M (18%)            -                  -          
[2026-06-17T10:22:29.531+0800][11.149s][info][gc,heap     ] GC(107)   Garbage:         -                53M (21%)          25M (10%)          15M (6%)             -                  -          
[2026-06-17T10:22:29.533+0800][11.152s][info][gc,heap     ] GC(107) Reclaimed:         -                  -                28M (11%)          38M (15%)            -                  -          
[2026-06-17T10:22:29.534+0800][11.153s][info][gc          ] GC(107) Garbage Collection (Allocation Rate) 82M(32%)->84M(33%)
[2026-06-17T10:22:29.563+0800][11.182s][info][gc,start    ] GC(108) Garbage Collection (Allocation Rate)
[2026-06-17T10:22:29.569+0800][11.188s][info][gc,phases   ] GC(108) Pause Mark Start 0.445ms
[2026-06-17T10:22:29.571+0800][11.190s][info][gc,phases   ] GC(108) Concurrent Mark 1.639ms
[2026-06-17T10:22:29.579+0800][11.198s][info][gc,phases   ] GC(108) Pause Mark End 0.817ms
[2026-06-17T10:22:29.581+0800][11.200s][info][gc,phases   ] GC(108) Concurrent Process Non-Strong References 0.468ms
[2026-06-17T10:22:29.584+0800][11.203s][info][gc,phases   ] GC(108) Concurrent Reset Relocation Set 0.006ms
[2026-06-17T10:22:29.588+0800][11.207s][info][gc,phases   ] GC(108) Concurrent Destroy Detached Pages 0.003ms
[2026-06-17T10:22:29.594+0800][11.213s][info][gc,phases   ] GC(108) Concurrent Select Relocation Set 1.348ms
[2026-06-17T10:22:29.600+0800][11.219s][info][gc,phases   ] GC(108) Concurrent Prepare Relocation Set 0.024ms
[2026-06-17T10:22:29.608+0800][11.227s][info][gc,phases   ] GC(108) Pause Relocate Start 0.353ms
[2026-06-17T10:22:29.615+0800][11.233s][info][gc,phases   ] GC(108) Concurrent Relocate 2.409ms
[2026-06-17T10:22:29.619+0800][11.238s][info][gc,load     ] GC(108) Load: 0.24/0.21/0.28
[2026-06-17T10:22:29.624+0800][11.243s][info][gc,mmu      ] GC(108) MMU: 2ms/48.0%, 5ms/75.2%, 10ms/84.2%, 20ms/90.2%, 50ms/96.1%, 100ms/97.3%
[2026-06-17T10:22:29.628+0800][11.247s][info][gc,marking  ] GC(108) Mark: 2 stripe(s), 1 proactive flush(es), 1 terminate flush(es), 0 completion(s), 0 continuation(s) 
[2026-06-17T10:22:29.631+0800][11.250s][info][gc,reloc    ] GC(108) Relocation: Successful, 24M relocated
[2026-06-17T10:22:29.632+0800][11.251s][info][gc,nmethod  ] GC(108) NMethods: 23 registered, 0 unregistered
[2026-06-17T10:22:29.634+0800][11.253s][info][gc,metaspace] GC(108) Metaspace: 3M used, 4M capacity, 4M committed, 8M reserved
[2026-06-17T10:22:29.637+0800][11.255s][info][gc,ref      ] GC(108) Soft: 43 encountered, 0 discovered, 0 enqueued
[2026-06-17T10:22:29.639+0800][11.257s][info][gc,ref      ] GC(108) Weak: 7 encountered, 2 discovered, 0 enqueued
[2026-06-17T10:22:29.642+0800][11.261s][info][gc,ref      ] GC(108) Final: 0 encountered, 0 discovered, 0 enqueued
[2026-06-17T10:22:29.644+0800][11.263s][info][gc,ref      ] GC(108) Phantom: 1 encountered, 1 discovered, 0 enqueued
[2026-06-17T10:22:29.647+0800][11.266s][info][gc,heap     ] GC(108)                Mark Start          Mark End        Relocate Start      Relocate End           High               Low         
[2026-06-17T10:22:29.648+0800][11.266s][info][gc,heap     ] GC(108)  Capacity:      256M (100%)        256M (100%)        256M (100%)        256M (100%)        256M (100%)        256M (100%)   
[2026-06-17T10:22:29.650+0800][11.268s][info][gc,heap     ] GC(108)   Reserve:       62M (24%)          62M (24%)          62M (24%)          62M (24%)          62M (24%)          62M (24%)    
[2026-06-17T10:22:29.652+0800][11.270s][info][gc,heap     ] GC(108)      Free:       78M (30%)          74M (29%)          62M (24%)         134M (52%)         134M (52%)          36M (14%)    
[2026-06-17T10:22:29.654+0800][11.273s][info][gc,heap     ] GC(108)      Used:      116M (45%)         120M (47%)         132M (52%)          60M (23%)         158M (62%)          60M (23%)    
[2026-06-17T10:22:29.655+0800][11.274s][info][gc,heap     ] GC(108)      Live:         -                26M (10%)          26M (10%)          26M (10%)            -                  -          
[2026-06-17T10:22:29.657+0800][11.276s][info][gc,heap     ] GC(108) Allocated:         -                 4M (2%)           46M (18%)          58M (23%)            -                  -          
[2026-06-17T10:22:29.660+0800][11.279s][info][gc,heap     ] GC(108)   Garbage:         -                89M (35%)          59M (23%)    17592186044401M (6         -                  -          
[2026-06-17T10:22:29.661+0800][11.280s][info][gc,heap     ] GC(108) Reclaimed:         -                  -                30M (12%)         104M (41%)            -                  -          
[2026-06-17T10:22:29.663+0800][11.282s][info][gc          ] GC(108) Garbage Collection (Allocation Rate) 116M(45%)->60M(23%)
[2026-06-17T10:22:29.763+0800][11.382s][info][gc,start    ] GC(109) Garbage Collection (Allocation Rate)
[2026-06-17T10:22:29.765+0800][11.384s][info][gc,phases   ] GC(109) Pause Mark Start 0.480ms
[2026-06-17T10:22:29.768+0800][11.387s][info][gc,phases   ] GC(109) Concurrent Mark 2.012ms
[2026-06-17T10:22:29.770+0800][11.388s][info][gc,phases   ] GC(109) Pause Mark End 0.789ms
[2026-06-17T10:22:29.770+0800][11.389s][info][gc,phases   ] GC(109) Concurrent Process Non-Strong References 0.189ms
[2026-06-17T10:22:29.771+0800][11.389s][info][gc,phases   ] GC(109) Concurrent Reset Relocation Set 0.004ms
[2026-06-17T10:22:29.771+0800][11.390s][info][gc,phases   ] GC(109) Concurrent Destroy Detached Pages 0.002ms
[2026-06-17T10:22:29.772+0800][11.391s][info][gc,phases   ] GC(109) Concurrent Select Relocation Set 0.943ms
[2026-06-17T10:22:29.773+0800][11.391s][info][gc,phases   ] GC(109) Concurrent Prepare Relocation Set 0.005ms
[2026-06-17T10:22:29.774+0800][11.393s][info][gc,phases   ] GC(109) Pause Relocate Start 0.240ms
[2026-06-17T10:22:29.775+0800][11.393s][info][gc,phases   ] GC(109) Concurrent Relocate 0.491ms
[2026-06-17T10:22:29.775+0800][11.394s][info][gc,load     ] GC(109) Load: 0.24/0.21/0.28
[2026-06-17T10:22:29.775+0800][11.394s][info][gc,mmu      ] GC(109) MMU: 2ms/48.0%, 5ms/74.6%, 10ms/84.2%, 20ms/90.2%, 50ms/96.1%, 100ms/97.3%
[2026-06-17T10:22:29.775+0800][11.394s][info][gc,marking  ] GC(109) Mark: 2 stripe(s), 1 proactive flush(es), 1 terminate flush(es), 0 completion(s), 0 continuation(s) 
[2026-06-17T10:22:29.776+0800][11.394s][info][gc,reloc    ] GC(109) Relocation: Successful, 22M relocated
[2026-06-17T10:22:29.776+0800][11.395s][info][gc,nmethod  ] GC(109) NMethods: 23 registered, 0 unregistered
[2026-06-17T10:22:29.776+0800][11.395s][info][gc,metaspace] GC(109) Metaspace: 3M used, 4M capacity, 4M committed, 8M reserved
[2026-06-17T10:22:29.776+0800][11.395s][info][gc,ref      ] GC(109) Soft: 43 encountered, 0 discovered, 0 enqueued
[2026-06-17T10:22:29.776+0800][11.395s][info][gc,ref      ] GC(109) Weak: 7 encountered, 0 discovered, 0 enqueued
[2026-06-17T10:22:29.776+0800][11.395s][info][gc,ref      ] GC(109) Final: 0 encountered, 0 discovered, 0 enqueued
[2026-06-17T10:22:29.777+0800][11.395s][info][gc,ref      ] GC(109) Phantom: 1 encountered, 1 discovered, 0 enqueued
[2026-06-17T10:22:29.777+0800][11.395s][info][gc,heap     ] GC(109)                Mark Start          Mark End        Relocate Start      Relocate End           High               Low         
[2026-06-17T10:22:29.777+0800][11.396s][info][gc,heap     ] GC(109)  Capacity:      256M (100%)        256M (100%)        256M (100%)        256M (100%)        256M (100%)        256M (100%)   
[2026-06-17T10:22:29.777+0800][11.396s][info][gc,heap     ] GC(109)   Reserve:       62M (24%)          62M (24%)          62M (24%)          62M (24%)          62M (24%)          62M (24%)    
[2026-06-17T10:22:29.777+0800][11.396s][info][gc,heap     ] GC(109)      Free:       78M (30%)          78M (30%)         130M (51%)         146M (57%)         146M (57%)          78M (30%)    
[2026-06-17T10:22:29.777+0800][11.396s][info][gc,heap     ] GC(109)      Used:      116M (45%)         116M (45%)          64M (25%)          48M (19%)         116M (45%)          48M (19%)    
[2026-06-17T10:22:29.777+0800][11.396s][info][gc,heap     ] GC(109)      Live:         -                24M (9%)           24M (9%)           24M (9%)             -                  -          
[2026-06-17T10:22:29.778+0800][11.396s][info][gc,heap     ] GC(109) Allocated:         -                 0M (0%)            4M (2%)           14M (5%)             -                  -          
[2026-06-17T10:22:29.778+0800][11.396s][info][gc,heap     ] GC(109)   Garbage:         -                91M (36%)          35M (14%)          19M (8%)             -                  -          
[2026-06-17T10:22:29.778+0800][11.397s][info][gc,heap     ] GC(109) Reclaimed:         -                  -                56M (22%)          72M (28%)            -                  -          
[2026-06-17T10:22:29.778+0800][11.397s][info][gc          ] GC(109) Garbage Collection (Allocation Rate) 116M(45%)->48M(19%)
[2026-06-17T10:22:29.863+0800][11.481s][info][gc,start    ] GC(110) Garbage Collection (Allocation Rate)
[2026-06-17T10:22:29.864+0800][11.483s][info][gc,phases   ] GC(110) Pause Mark Start 0.275ms
[2026-06-17T10:22:29.866+0800][11.485s][info][gc,phases   ] GC(110) Concurrent Mark 1.694ms
[2026-06-17T10:22:29.867+0800][11.486s][info][gc,phases   ] GC(110) Pause Mark End 0.367ms
[2026-06-17T10:22:29.868+0800][11.487s][info][gc,phases   ] GC(110) Concurrent Process Non-Strong References 0.159ms
[2026-06-17T10:22:29.868+0800][11.487s][info][gc,phases   ] GC(110) Concurrent Reset Relocation Set 0.003ms
[2026-06-17T10:22:29.868+0800][11.487s][info][gc,phases   ] GC(110) Concurrent Destroy Detached Pages 0.001ms
[2026-06-17T10:22:29.869+0800][11.488s][info][gc,phases   ] GC(110) Concurrent Select Relocation Set 0.627ms
[2026-06-17T10:22:29.869+0800][11.488s][info][gc,phases   ] GC(110) Concurrent Prepare Relocation Set 0.015ms
[2026-06-17T10:22:29.870+0800][11.489s][info][gc,phases   ] GC(110) Pause Relocate Start 0.162ms
[2026-06-17T10:22:29.872+0800][11.490s][info][gc,phases   ] GC(110) Concurrent Relocate 1.472ms
[2026-06-17T10:22:29.872+0800][11.491s][info][gc,load     ] GC(110) Load: 0.24/0.21/0.28
[2026-06-17T10:22:29.872+0800][11.491s][info][gc,mmu      ] GC(110) MMU: 2ms/48.0%, 5ms/74.6%, 10ms/84.2%, 20ms/90.2%, 50ms/96.1%, 100ms/97.3%
[2026-06-17T10:22:29.872+0800][11.491s][info][gc,marking  ] GC(110) Mark: 2 stripe(s), 2 proactive flush(es), 1 terminate flush(es), 0 completion(s), 0 continuation(s) 
[2026-06-17T10:22:29.872+0800][11.491s][info][gc,reloc    ] GC(110) Relocation: Successful, 21M relocated
[2026-06-17T10:22:29.873+0800][11.491s][info][gc,nmethod  ] GC(110) NMethods: 23 registered, 0 unregistered
[2026-06-17T10:22:29.873+0800][11.492s][info][gc,metaspace] GC(110) Metaspace: 3M used, 4M capacity, 4M committed, 8M reserved
[2026-06-17T10:22:29.873+0800][11.492s][info][gc,ref      ] GC(110) Soft: 43 encountered, 0 discovered, 0 enqueued
[2026-06-17T10:22:29.873+0800][11.492s][info][gc,ref      ] GC(110) Weak: 7 encountered, 0 discovered, 0 enqueued
[2026-06-17T10:22:29.873+0800][11.492s][info][gc,ref      ] GC(110) Final: 0 encountered, 0 discovered, 0 enqueued
[2026-06-17T10:22:29.873+0800][11.492s][info][gc,ref      ] GC(110) Phantom: 1 encountered, 0 discovered, 0 enqueued
[2026-06-17T10:22:29.873+0800][11.492s][info][gc,heap     ] GC(110)                Mark Start          Mark End        Relocate Start      Relocate End           High               Low         
[2026-06-17T10:22:29.873+0800][11.492s][info][gc,heap     ] GC(110)  Capacity:      256M (100%)        256M (100%)        256M (100%)        256M (100%)        256M (100%)        256M (100%)   
[2026-06-17T10:22:29.874+0800][11.492s][info][gc,heap     ] GC(110)   Reserve:       62M (24%)          62M (24%)          62M (24%)          62M (24%)          62M (24%)          62M (24%)    
[2026-06-17T10:22:29.874+0800][11.492s][info][gc,heap     ] GC(110)      Free:       82M (32%)          82M (32%)         110M (43%)         148M (58%)         148M (58%)          72M (28%)    
[2026-06-17T10:22:29.874+0800][11.493s][info][gc,heap     ] GC(110)      Used:      112M (44%)         112M (44%)          84M (33%)          46M (18%)         122M (48%)          46M (18%)    
[2026-06-17T10:22:29.874+0800][11.493s][info][gc,heap     ] GC(110)      Live:         -                21M (8%)           21M (8%)           21M (8%)             -                  -          
[2026-06-17T10:22:29.874+0800][11.493s][info][gc,heap     ] GC(110) Allocated:         -                 0M (0%)            4M (2%)           46M (18%)            -                  -          
[2026-06-17T10:22:29.874+0800][11.493s][info][gc,heap     ] GC(110)   Garbage:         -                90M (35%)          58M (23%)          20M (8%)             -                  -          
[2026-06-17T10:22:29.874+0800][11.493s][info][gc,heap     ] GC(110) Reclaimed:         -                  -                32M (12%)          70M (27%)            -                  -          
[2026-06-17T10:22:29.874+0800][11.493s][info][gc          ] GC(110) Garbage Collection (Allocation Rate) 112M(44%)->46M(18%)
[2026-06-17T10:22:29.963+0800][11.582s][info][gc,start    ] GC(111) Garbage Collection (Allocation Rate)
[2026-06-17T10:22:29.964+0800][11.583s][info][gc,phases   ] GC(111) Pause Mark Start 0.423ms
[2026-06-17T10:22:29.967+0800][11.586s][info][gc,phases   ] GC(111) Concurrent Mark 1.922ms
[2026-06-17T10:22:29.968+0800][11.587s][info][gc,phases   ] GC(111) Pause Mark End 0.426ms
[2026-06-17T10:22:29.969+0800][11.588s][info][gc,phases   ] GC(111) Concurrent Process Non-Strong References 0.248ms
[2026-06-17T10:22:29.969+0800][11.588s][info][gc,phases   ] GC(111) Concurrent Reset Relocation Set 0.005ms
[2026-06-17T10:22:29.970+0800][11.589s][info][gc,phases   ] GC(111) Concurrent Destroy Detached Pages 0.001ms
[2026-06-17T10:22:29.971+0800][11.590s][info][gc,phases   ] GC(111) Concurrent Select Relocation Set 0.776ms
[2026-06-17T10:22:29.971+0800][11.590s][info][gc,phases   ] GC(111) Concurrent Prepare Relocation Set 0.005ms
[2026-06-17T10:22:29.972+0800][11.591s][info][gc,phases   ] GC(111) Pause Relocate Start 0.157ms
[2026-06-17T10:22:29.972+0800][11.591s][info][gc,phases   ] GC(111) Concurrent Relocate 0.338ms
[2026-06-17T10:22:29.973+0800][11.591s][info][gc,load     ] GC(111) Load: 0.24/0.21/0.28
[2026-06-17T10:22:29.973+0800][11.592s][info][gc,mmu      ] GC(111) MMU: 2ms/48.0%, 5ms/74.6%, 10ms/84.2%, 20ms/90.2%, 50ms/96.1%, 100ms/97.3%
[2026-06-17T10:22:29.973+0800][11.592s][info][gc,marking  ] GC(111) Mark: 2 stripe(s), 1 proactive flush(es), 1 terminate flush(es), 0 completion(s), 0 continuation(s) 
[2026-06-17T10:22:29.973+0800][11.592s][info][gc,reloc    ] GC(111) Relocation: Successful, 22M relocated
[2026-06-17T10:22:29.973+0800][11.592s][info][gc,nmethod  ] GC(111) NMethods: 23 registered, 0 unregistered
[2026-06-17T10:22:29.973+0800][11.592s][info][gc,metaspace] GC(111) Metaspace: 3M used, 4M capacity, 4M committed, 8M reserved
[2026-06-17T10:22:29.974+0800][11.592s][info][gc,ref      ] GC(111) Soft: 43 encountered, 0 discovered, 0 enqueued
[2026-06-17T10:22:29.974+0800][11.592s][info][gc,ref      ] GC(111) Weak: 7 encountered, 0 discovered, 0 enqueued
[2026-06-17T10:22:29.974+0800][11.593s][info][gc,ref      ] GC(111) Final: 0 encountered, 0 discovered, 0 enqueued
[2026-06-17T10:22:29.974+0800][11.593s][info][gc,ref      ] GC(111) Phantom: 1 encountered, 1 discovered, 0 enqueued
[2026-06-17T10:22:29.974+0800][11.593s][info][gc,heap     ] GC(111)                Mark Start          Mark End        Relocate Start      Relocate End           High               Low         
[2026-06-17T10:22:29.974+0800][11.593s][info][gc,heap     ] GC(111)  Capacity:      256M (100%)        256M (100%)        256M (100%)        256M (100%)        256M (100%)        256M (100%)   
[2026-06-17T10:22:29.974+0800][11.593s][info][gc,heap     ] GC(111)   Reserve:       62M (24%)          62M (24%)          62M (24%)          62M (24%)          62M (24%)          62M (24%)    
[2026-06-17T10:22:29.974+0800][11.593s][info][gc,heap     ] GC(111)      Free:      112M (44%)         112M (44%)         146M (57%)         150M (59%)         150M (59%)         112M (44%)    
[2026-06-17T10:22:29.975+0800][11.594s][info][gc,heap     ] GC(111)      Used:       82M (32%)          82M (32%)          48M (19%)          44M (17%)          82M (32%)          44M (17%)    
[2026-06-17T10:22:29.976+0800][11.594s][info][gc,heap     ] GC(111)      Live:         -                26M (10%)          26M (10%)          26M (10%)            -                  -          
[2026-06-17T10:22:29.976+0800][11.595s][info][gc,heap     ] GC(111) Allocated:         -                 0M (0%)            0M (0%)            8M (3%)             -                  -          
[2026-06-17T10:22:29.976+0800][11.595s][info][gc,heap     ] GC(111)   Garbage:         -                55M (22%)          21M (8%)           17M (7%)             -                  -          
[2026-06-17T10:22:29.976+0800][11.595s][info][gc,heap     ] GC(111) Reclaimed:         -                  -                34M (13%)          38M (15%)            -                  -          
[2026-06-17T10:22:29.976+0800][11.595s][info][gc          ] GC(111) Garbage Collection (Allocation Rate) 82M(32%)->44M(17%)
[2026-06-17T10:22:30.063+0800][11.682s][info][gc,start    ] GC(112) Garbage Collection (Allocation Rate)
[2026-06-17T10:22:30.065+0800][11.684s][info][gc,phases   ] GC(112) Pause Mark Start 0.407ms
[2026-06-17T10:22:30.068+0800][11.687s][info][gc,phases   ] GC(112) Concurrent Mark 2.378ms
[2026-06-17T10:22:30.071+0800][11.689s][info][gc,phases   ] GC(112) Pause Mark End 0.947ms
[2026-06-17T10:22:30.072+0800][11.691s][info][gc,phases   ] GC(112) Concurrent Process Non-Strong References 0.427ms
[2026-06-17T10:22:30.074+0800][11.692s][info][gc,phases   ] GC(112) Concurrent Reset Relocation Set 0.004ms
[2026-06-17T10:22:30.074+0800][11.693s][info][gc,phases   ] GC(112) Concurrent Destroy Detached Pages 0.001ms
[2026-06-17T10:22:30.076+0800][11.695s][info][gc,phases   ] GC(112) Concurrent Select Relocation Set 1.434ms
[2026-06-17T10:22:30.077+0800][11.695s][info][gc,phases   ] GC(112) Concurrent Prepare Relocation Set 0.004ms
[2026-06-17T10:22:30.078+0800][11.696s][info][gc,phases   ] GC(112) Pause Relocate Start 0.358ms
[2026-06-17T10:22:30.080+0800][11.699s][info][gc,phases   ] GC(112) Concurrent Relocate 1.778ms
[2026-06-17T10:22:30.081+0800][11.699s][info][gc,load     ] GC(112) Load: 0.24/0.21/0.28
[2026-06-17T10:22:30.081+0800][11.700s][info][gc,mmu      ] GC(112) MMU: 2ms/48.0%, 5ms/74.6%, 10ms/84.2%, 20ms/90.2%, 50ms/96.1%, 100ms/97.3%
[2026-06-17T10:22:30.081+0800][11.700s][info][gc,marking  ] GC(112) Mark: 2 stripe(s), 1 proactive flush(es), 1 terminate flush(es), 0 completion(s), 0 continuation(s) 
[2026-06-17T10:22:30.081+0800][11.700s][info][gc,reloc    ] GC(112) Relocation: Successful, 20M relocated
[2026-06-17T10:22:30.082+0800][11.700s][info][gc,nmethod  ] GC(112) NMethods: 23 registered, 0 unregistered
[2026-06-17T10:22:30.082+0800][11.701s][info][gc,metaspace] GC(112) Metaspace: 3M used, 4M capacity, 4M committed, 8M reserved
[2026-06-17T10:22:30.082+0800][11.701s][info][gc,ref      ] GC(112) Soft: 43 encountered, 0 discovered, 0 enqueued
[2026-06-17T10:22:30.083+0800][11.701s][info][gc,ref      ] GC(112) Weak: 7 encountered, 2 discovered, 0 enqueued
[2026-06-17T10:22:30.083+0800][11.702s][info][gc,ref      ] GC(112) Final: 0 encountered, 0 discovered, 0 enqueued
[2026-06-17T10:22:30.083+0800][11.702s][info][gc,ref      ] GC(112) Phantom: 1 encountered, 1 discovered, 0 enqueued
[2026-06-17T10:22:30.083+0800][11.702s][info][gc,heap     ] GC(112)                Mark Start          Mark End        Relocate Start      Relocate End           High               Low         
[2026-06-17T10:22:30.083+0800][11.702s][info][gc,heap     ] GC(112)  Capacity:      256M (100%)        256M (100%)        256M (100%)        256M (100%)        256M (100%)        256M (100%)   
[2026-06-17T10:22:30.083+0800][11.702s][info][gc,heap     ] GC(112)   Reserve:       62M (24%)          62M (24%)          62M (24%)          62M (24%)          62M (24%)          62M (24%)    
[2026-06-17T10:22:30.084+0800][11.702s][info][gc,heap     ] GC(112)      Free:       82M (32%)          78M (30%)          70M (27%)         142M (55%)         142M (55%)          44M (17%)    
[2026-06-17T10:22:30.084+0800][11.703s][info][gc,heap     ] GC(112)      Used:      112M (44%)         116M (45%)         124M (48%)          52M (20%)         150M (59%)          52M (20%)    
[2026-06-17T10:22:30.084+0800][11.703s][info][gc,heap     ] GC(112)      Live:         -                24M (9%)           24M (9%)           24M (9%)             -                  -          
[2026-06-17T10:22:30.084+0800][11.703s][info][gc,heap     ] GC(112) Allocated:         -                 4M (2%)           38M (15%)          46M (18%)            -                  -          
[2026-06-17T10:22:30.084+0800][11.703s][info][gc,heap     ] GC(112)   Garbage:         -                87M (34%)          61M (24%)    17592186044405M (6         -                  -          
[2026-06-17T10:22:30.084+0800][11.703s][info][gc,heap     ] GC(112) Reclaimed:         -                  -                26M (10%)          98M (38%)            -                  -          
[2026-06-17T10:22:30.084+0800][11.703s][info][gc          ] GC(112) Garbage Collection (Allocation Rate) 112M(44%)->52M(20%)
[2026-06-17T10:22:30.163+0800][11.781s][info][gc,start    ] GC(113) Garbage Collection (Allocation Rate)
[2026-06-17T10:22:30.163+0800][11.782s][info][gc,phases   ] GC(113) Pause Mark Start 0.177ms
[2026-06-17T10:22:30.165+0800][11.784s][info][gc,phases   ] GC(113) Concurrent Mark 1.394ms
[2026-06-17T10:22:30.166+0800][11.784s][info][gc,phases   ] GC(113) Pause Mark End 0.315ms
[2026-06-17T10:22:30.166+0800][11.785s][info][gc,phases   ] GC(113) Concurrent Process Non-Strong References 0.072ms
[2026-06-17T10:22:30.166+0800][11.785s][info][gc,phases   ] GC(113) Concurrent Reset Relocation Set 0.003ms
[2026-06-17T10:22:30.166+0800][11.785s][info][gc,phases   ] GC(113) Concurrent Destroy Detached Pages 0.001ms
[2026-06-17T10:22:30.167+0800][11.786s][info][gc,phases   ] GC(113) Concurrent Select Relocation Set 0.517ms
[2026-06-17T10:22:30.167+0800][11.786s][info][gc,phases   ] GC(113) Concurrent Prepare Relocation Set 0.009ms
[2026-06-17T10:22:30.168+0800][11.787s][info][gc,phases   ] GC(113) Pause Relocate Start 0.157ms
[2026-06-17T10:22:30.168+0800][11.787s][info][gc,phases   ] GC(113) Concurrent Relocate 0.344ms
[2026-06-17T10:22:30.169+0800][11.787s][info][gc,load     ] GC(113) Load: 0.24/0.21/0.28
[2026-06-17T10:22:30.169+0800][11.787s][info][gc,mmu      ] GC(113) MMU: 2ms/48.0%, 5ms/74.6%, 10ms/84.2%, 20ms/90.2%, 50ms/96.1%, 100ms/97.3%
[2026-06-17T10:22:30.169+0800][11.788s][info][gc,marking  ] GC(113) Mark: 2 stripe(s), 1 proactive flush(es), 1 terminate flush(es), 0 completion(s), 0 continuation(s) 
[2026-06-17T10:22:30.169+0800][11.788s][info][gc,reloc    ] GC(113) Relocation: Successful, 19M relocated
[2026-06-17T10:22:30.169+0800][11.788s][info][gc,nmethod  ] GC(113) NMethods: 23 registered, 0 unregistered
[2026-06-17T10:22:30.169+0800][11.788s][info][gc,metaspace] GC(113) Metaspace: 3M used, 4M capacity, 4M committed, 8M reserved
[2026-06-17T10:22:30.169+0800][11.788s][info][gc,ref      ] GC(113) Soft: 43 encountered, 0 discovered, 0 enqueued
[2026-06-17T10:22:30.170+0800][11.788s][info][gc,ref      ] GC(113) Weak: 7 encountered, 0 discovered, 0 enqueued
[2026-06-17T10:22:30.170+0800][11.788s][info][gc,ref      ] GC(113) Final: 0 encountered, 0 discovered, 0 enqueued
[2026-06-17T10:22:30.170+0800][11.789s][info][gc,ref      ] GC(113) Phantom: 1 encountered, 1 discovered, 0 enqueued
[2026-06-17T10:22:30.170+0800][11.789s][info][gc,heap     ] GC(113)                Mark Start          Mark End        Relocate Start      Relocate End           High               Low         
[2026-06-17T10:22:30.170+0800][11.789s][info][gc,heap     ] GC(113)  Capacity:      256M (100%)        256M (100%)        256M (100%)        256M (100%)        256M (100%)        256M (100%)   
[2026-06-17T10:22:30.170+0800][11.789s][info][gc,heap     ] GC(113)   Reserve:       62M (24%)          62M (24%)          62M (24%)          62M (24%)          62M (24%)          62M (24%)    
[2026-06-17T10:22:30.170+0800][11.789s][info][gc,heap     ] GC(113)      Free:      112M (44%)         112M (44%)         108M (42%)         114M (45%)         114M (45%)          76M (30%)    
[2026-06-17T10:22:30.171+0800][11.789s][info][gc,heap     ] GC(113)      Used:       82M (32%)          82M (32%)          86M (34%)          80M (31%)         118M (46%)          80M (31%)    
[2026-06-17T10:22:30.171+0800][11.790s][info][gc,heap     ] GC(113)      Live:         -                21M (8%)           21M (8%)           21M (8%)             -                  -          
[2026-06-17T10:22:30.171+0800][11.790s][info][gc,heap     ] GC(113) Allocated:         -                 0M (0%)           36M (14%)          44M (17%)            -                  -          
[2026-06-17T10:22:30.171+0800][11.790s][info][gc,heap     ] GC(113)   Garbage:         -                60M (24%)          28M (11%)          22M (9%)             -                  -          
[2026-06-17T10:22:30.171+0800][11.790s][info][gc,heap     ] GC(113) Reclaimed:         -                  -                32M (12%)          38M (15%)            -                  -          
[2026-06-17T10:22:30.172+0800][11.791s][info][gc          ] GC(113) Garbage Collection (Allocation Rate) 82M(32%)->80M(31%)
[2026-06-17T10:22:30.263+0800][11.882s][info][gc,start    ] GC(114) Garbage Collection (Allocation Rate)
[2026-06-17T10:22:30.264+0800][11.883s][info][gc,phases   ] GC(114) Pause Mark Start 0.243ms
[2026-06-17T10:22:30.266+0800][11.885s][info][gc,phases   ] GC(114) Concurrent Mark 1.757ms
[2026-06-17T10:22:30.267+0800][11.886s][info][gc,phases   ] GC(114) Pause Mark End 0.306ms
[2026-06-17T10:22:30.268+0800][11.886s][info][gc,phases   ] GC(114) Concurrent Process Non-Strong References 0.148ms
[2026-06-17T10:22:30.268+0800][11.887s][info][gc,phases   ] GC(114) Concurrent Reset Relocation Set 0.004ms
[2026-06-17T10:22:30.268+0800][11.887s][info][gc,phases   ] GC(114) Concurrent Destroy Detached Pages 0.000ms
[2026-06-17T10:22:30.269+0800][11.888s][info][gc,phases   ] GC(114) Concurrent Select Relocation Set 0.530ms
[2026-06-17T10:22:30.269+0800][11.888s][info][gc,phases   ] GC(114) Concurrent Prepare Relocation Set 0.005ms
[2026-06-17T10:22:30.271+0800][11.889s][info][gc,phases   ] GC(114) Pause Relocate Start 0.134ms
[2026-06-17T10:22:30.273+0800][11.892s][info][gc,phases   ] GC(114) Concurrent Relocate 2.171ms
[2026-06-17T10:22:30.274+0800][11.892s][info][gc,load     ] GC(114) Load: 0.24/0.21/0.28
[2026-06-17T10:22:30.274+0800][11.892s][info][gc,mmu      ] GC(114) MMU: 2ms/48.0%, 5ms/74.6%, 10ms/84.2%, 20ms/90.2%, 50ms/96.1%, 100ms/97.3%
[2026-06-17T10:22:30.274+0800][11.893s][info][gc,marking  ] GC(114) Mark: 2 stripe(s), 1 proactive flush(es), 1 terminate flush(es), 0 completion(s), 0 continuation(s) 
[2026-06-17T10:22:30.274+0800][11.893s][info][gc,reloc    ] GC(114) Relocation: Successful, 27M relocated
[2026-06-17T10:22:30.274+0800][11.893s][info][gc,nmethod  ] GC(114) NMethods: 23 registered, 0 unregistered
[2026-06-17T10:22:30.274+0800][11.893s][info][gc,metaspace] GC(114) Metaspace: 3M used, 4M capacity, 4M committed, 8M reserved
[2026-06-17T10:22:30.274+0800][11.893s][info][gc,ref      ] GC(114) Soft: 43 encountered, 0 discovered, 0 enqueued
[2026-06-17T10:22:30.275+0800][11.893s][info][gc,ref      ] GC(114) Weak: 7 encountered, 2 discovered, 0 enqueued
[2026-06-17T10:22:30.275+0800][11.894s][info][gc,ref      ] GC(114) Final: 0 encountered, 0 discovered, 0 enqueued
[2026-06-17T10:22:30.275+0800][11.894s][info][gc,ref      ] GC(114) Phantom: 1 encountered, 0 discovered, 0 enqueued
[2026-06-17T10:22:30.275+0800][11.894s][info][gc,heap     ] GC(114)                Mark Start          Mark End        Relocate Start      Relocate End           High               Low         
[2026-06-17T10:22:30.275+0800][11.894s][info][gc,heap     ] GC(114)  Capacity:      256M (100%)        256M (100%)        256M (100%)        256M (100%)        256M (100%)        256M (100%)   
[2026-06-17T10:22:30.275+0800][11.894s][info][gc,heap     ] GC(114)   Reserve:       62M (24%)          62M (24%)          62M (24%)          62M (24%)          62M (24%)          62M (24%)    
[2026-06-17T10:22:30.275+0800][11.894s][info][gc,heap     ] GC(114)      Free:       78M (30%)          78M (30%)         106M (41%)         146M (57%)         146M (57%)          66M (26%)    
[2026-06-17T10:22:30.276+0800][11.894s][info][gc,heap     ] GC(114)      Used:      116M (45%)         116M (45%)          88M (34%)          48M (19%)         128M (50%)          48M (19%)    
[2026-06-17T10:22:30.276+0800][11.894s][info][gc,heap     ] GC(114)      Live:         -                29M (11%)          29M (11%)          29M (11%)            -                  -          
[2026-06-17T10:22:30.276+0800][11.894s][info][gc,heap     ] GC(114) Allocated:         -                 0M (0%)            0M (0%)           46M (18%)            -                  -          
[2026-06-17T10:22:30.276+0800][11.895s][info][gc,heap     ] GC(114)   Garbage:         -                86M (34%)          58M (23%)          14M (6%)             -                  -          
[2026-06-17T10:22:30.276+0800][11.895s][info][gc,heap     ] GC(114) Reclaimed:         -                  -                28M (11%)          72M (28%)            -                  -          
[2026-06-17T10:22:30.276+0800][11.895s][info][gc          ] GC(114) Garbage Collection (Allocation Rate) 116M(45%)->48M(19%)
[2026-06-17T10:22:30.363+0800][11.982s][info][gc,start    ] GC(115) Garbage Collection (Allocation Rate)
[2026-06-17T10:22:30.364+0800][11.983s][info][gc,phases   ] GC(115) Pause Mark Start 0.265ms
[2026-06-17T10:22:30.366+0800][11.985s][info][gc,phases   ] GC(115) Concurrent Mark 1.736ms
[2026-06-17T10:22:30.367+0800][11.986s][info][gc,phases   ] GC(115) Pause Mark End 0.364ms
[2026-06-17T10:22:30.368+0800][11.986s][info][gc,phases   ] GC(115) Concurrent Process Non-Strong References 0.146ms
[2026-06-17T10:22:30.368+0800][11.987s][info][gc,phases   ] GC(115) Concurrent Reset Relocation Set 0.004ms
[2026-06-17T10:22:30.368+0800][11.987s][info][gc,phases   ] GC(115) Concurrent Destroy Detached Pages 0.001ms
[2026-06-17T10:22:30.369+0800][11.988s][info][gc,phases   ] GC(115) Concurrent Select Relocation Set 0.684ms
[2026-06-17T10:22:30.369+0800][11.988s][info][gc,phases   ] GC(115) Concurrent Prepare Relocation Set 0.007ms
[2026-06-17T10:22:30.371+0800][11.990s][info][gc,phases   ] GC(115) Pause Relocate Start 0.154ms
[2026-06-17T10:22:30.372+0800][11.990s][info][gc,phases   ] GC(115) Concurrent Relocate 0.232ms
[2026-06-17T10:22:30.372+0800][11.991s][info][gc,load     ] GC(115) Load: 0.24/0.21/0.28
[2026-06-17T10:22:30.372+0800][11.991s][info][gc,mmu      ] GC(115) MMU: 2ms/48.0%, 5ms/74.6%, 10ms/84.2%, 20ms/90.2%, 50ms/96.1%, 100ms/97.3%
[2026-06-17T10:22:30.372+0800][11.991s][info][gc,marking  ] GC(115) Mark: 2 stripe(s), 1 proactive flush(es), 1 terminate flush(es), 0 completion(s), 0 continuation(s) 
[2026-06-17T10:22:30.372+0800][11.991s][info][gc,reloc    ] GC(115) Relocation: Successful, 23M relocated
[2026-06-17T10:22:30.372+0800][11.991s][info][gc,nmethod  ] GC(115) NMethods: 23 registered, 0 unregistered
[2026-06-17T10:22:30.373+0800][11.991s][info][gc,metaspace] GC(115) Metaspace: 3M used, 4M capacity, 4M committed, 8M reserved
[2026-06-17T10:22:30.373+0800][11.992s][info][gc,ref      ] GC(115) Soft: 43 encountered, 0 discovered, 0 enqueued
[2026-06-17T10:22:30.373+0800][11.992s][info][gc,ref      ] GC(115) Weak: 7 encountered, 0 discovered, 0 enqueued
[2026-06-17T10:22:30.373+0800][11.992s][info][gc,ref      ] GC(115) Final: 0 encountered, 0 discovered, 0 enqueued
[2026-06-17T10:22:30.373+0800][11.992s][info][gc,ref      ] GC(115) Phantom: 1 encountered, 0 discovered, 0 enqueued
[2026-06-17T10:22:30.373+0800][11.992s][info][gc,heap     ] GC(115)                Mark Start          Mark End        Relocate Start      Relocate End           High               Low         
[2026-06-17T10:22:30.373+0800][11.992s][info][gc,heap     ] GC(115)  Capacity:      256M (100%)        256M (100%)        256M (100%)        256M (100%)        256M (100%)        256M (100%)   
[2026-06-17T10:22:30.373+0800][11.992s][info][gc,heap     ] GC(115)   Reserve:       62M (24%)          62M (24%)          62M (24%)          62M (24%)          62M (24%)          62M (24%)    
[2026-06-17T10:22:30.374+0800][11.992s][info][gc,heap     ] GC(115)      Free:      116M (45%)         112M (44%)         138M (54%)         148M (58%)         148M (58%)         112M (44%)    
[2026-06-17T10:22:30.374+0800][11.992s][info][gc,heap     ] GC(115)      Used:       78M (30%)          82M (32%)          56M (22%)          46M (18%)          82M (32%)          46M (18%)    
[2026-06-17T10:22:30.374+0800][11.993s][info][gc,heap     ] GC(115)      Live:         -                25M (10%)          25M (10%)          25M (10%)            -                  -          
[2026-06-17T10:22:30.374+0800][11.993s][info][gc,heap     ] GC(115) Allocated:         -                 4M (2%)            4M (2%)           10M (4%)             -                  -          
[2026-06-17T10:22:30.374+0800][11.993s][info][gc,heap     ] GC(115)   Garbage:         -                52M (21%)          26M (10%)          16M (7%)             -                  -          
[2026-06-17T10:22:30.374+0800][11.993s][info][gc,heap     ] GC(115) Reclaimed:         -                  -                26M (10%)          36M (14%)            -                  -          
[2026-06-17T10:22:30.374+0800][11.993s][info][gc          ] GC(115) Garbage Collection (Allocation Rate) 78M(30%)->46M(18%)
[2026-06-17T10:22:30.463+0800][12.082s][info][gc,start    ] GC(116) Garbage Collection (Allocation Rate)
[2026-06-17T10:22:30.471+0800][12.089s][info][gc,phases   ] GC(116) Pause Mark Start 0.230ms
[2026-06-17T10:22:30.484+0800][12.103s][info][gc,phases   ] GC(116) Concurrent Mark 1.652ms
[2026-06-17T10:22:30.523+0800][12.142s][info][gc,phases   ] GC(116) Pause Mark End 0.498ms
[2026-06-17T10:22:30.525+0800][12.144s][info][gc,phases   ] GC(116) Concurrent Process Non-Strong References 0.127ms
[2026-06-17T10:22:30.526+0800][12.145s][info][gc,phases   ] GC(116) Concurrent Reset Relocation Set 0.005ms
[2026-06-17T10:22:30.528+0800][12.147s][info][gc,phases   ] GC(116) Concurrent Destroy Detached Pages 0.003ms
[2026-06-17T10:22:30.531+0800][12.150s][info][gc,phases   ] GC(116) Concurrent Select Relocation Set 0.950ms
[2026-06-17T10:22:30.533+0800][12.152s][info][gc,phases   ] GC(116) Concurrent Prepare Relocation Set 0.017ms
[2026-06-17T10:22:30.536+0800][12.155s][info][gc,phases   ] GC(116) Pause Relocate Start 0.350ms
[2026-06-17T10:22:30.540+0800][12.158s][info][gc,phases   ] GC(116) Concurrent Relocate 2.013ms
[2026-06-17T10:22:30.542+0800][12.161s][info][gc,load     ] GC(116) Load: 0.24/0.21/0.28
[2026-06-17T10:22:30.543+0800][12.161s][info][gc,mmu      ] GC(116) MMU: 2ms/48.0%, 5ms/74.6%, 10ms/84.2%, 20ms/90.2%, 50ms/96.1%, 100ms/97.3%
[2026-06-17T10:22:30.559+0800][12.178s][info][gc,marking  ] GC(116) Mark: 2 stripe(s), 2 proactive flush(es), 1 terminate flush(es), 0 completion(s), 0 continuation(s) 
[2026-06-17T10:22:30.560+0800][12.179s][info][gc,reloc    ] GC(116) Relocation: Successful, 25M relocated
[2026-06-17T10:22:30.570+0800][12.188s][info][gc,nmethod  ] GC(116) NMethods: 23 registered, 0 unregistered
[2026-06-17T10:22:30.572+0800][12.191s][info][gc,metaspace] GC(116) Metaspace: 3M used, 4M capacity, 4M committed, 8M reserved
[2026-06-17T10:22:30.572+0800][12.191s][info][gc,ref      ] GC(116) Soft: 43 encountered, 0 discovered, 0 enqueued
[2026-06-17T10:22:30.572+0800][12.191s][info][gc,ref      ] GC(116) Weak: 7 encountered, 2 discovered, 0 enqueued
[2026-06-17T10:22:30.573+0800][12.192s][info][gc,ref      ] GC(116) Final: 0 encountered, 0 discovered, 0 enqueued
[2026-06-17T10:22:30.573+0800][12.192s][info][gc,ref      ] GC(116) Phantom: 1 encountered, 1 discovered, 0 enqueued
[2026-06-17T10:22:30.574+0800][12.193s][info][gc,heap     ] GC(116)                Mark Start          Mark End        Relocate Start      Relocate End           High               Low         
[2026-06-17T10:22:30.574+0800][12.193s][info][gc,heap     ] GC(116)  Capacity:      256M (100%)        256M (100%)        256M (100%)        256M (100%)        256M (100%)        256M (100%)   
[2026-06-17T10:22:30.575+0800][12.194s][info][gc,heap     ] GC(116)   Reserve:       62M (24%)          62M (24%)          62M (24%)          62M (24%)          62M (24%)          62M (24%)    
[2026-06-17T10:22:30.576+0800][12.194s][info][gc,heap     ] GC(116)      Free:       78M (30%)          34M (13%)          58M (23%)         130M (51%)         130M (51%)          30M (12%)    
[2026-06-17T10:22:30.577+0800][12.196s][info][gc,heap     ] GC(116)      Used:      116M (45%)         160M (62%)         136M (53%)          64M (25%)         164M (64%)          64M (25%)    
[2026-06-17T10:22:30.578+0800][12.197s][info][gc,heap     ] GC(116)      Live:         -                26M (11%)          26M (11%)          26M (11%)            -                  -          
[2026-06-17T10:22:30.579+0800][12.198s][info][gc,heap     ] GC(116) Allocated:         -                44M (17%)          48M (19%)          60M (23%)            -                  -          
[2026-06-17T10:22:30.583+0800][12.202s][info][gc,heap     ] GC(116)   Garbage:         -                89M (35%)          61M (24%)    17592186044401M (6         -                  -          
[2026-06-17T10:22:30.583+0800][12.202s][info][gc,heap     ] GC(116) Reclaimed:         -                  -                28M (11%)         104M (41%)            -                  -          
[2026-06-17T10:22:30.584+0800][12.202s][info][gc          ] GC(116) Garbage Collection (Allocation Rate) 116M(45%)->64M(25%)
[2026-06-17T10:22:30.664+0800][12.282s][info][gc,start    ] GC(117) Garbage Collection (Allocation Rate)
[2026-06-17T10:22:30.665+0800][12.284s][info][gc,phases   ] GC(117) Pause Mark Start 0.245ms
[2026-06-17T10:22:30.670+0800][12.288s][info][gc,phases   ] GC(117) Concurrent Mark 1.765ms
[2026-06-17T10:22:30.671+0800][12.290s][info][gc,phases   ] GC(117) Pause Mark End 0.301ms
[2026-06-17T10:22:30.672+0800][12.290s][info][gc,phases   ] GC(117) Concurrent Process Non-Strong References 0.299ms
[2026-06-17T10:22:30.675+0800][12.294s][info][gc,phases   ] GC(117) Concurrent Reset Relocation Set 0.004ms
[2026-06-17T10:22:30.679+0800][12.298s][info][gc,phases   ] GC(117) Concurrent Destroy Detached Pages 0.001ms
[2026-06-17T10:22:30.681+0800][12.299s][info][gc,phases   ] GC(117) Concurrent Select Relocation Set 0.652ms
[2026-06-17T10:22:30.682+0800][12.301s][info][gc,phases   ] GC(117) Concurrent Prepare Relocation Set 0.011ms
[2026-06-17T10:22:30.684+0800][12.302s][info][gc,phases   ] GC(117) Pause Relocate Start 0.169ms
[2026-06-17T10:22:30.685+0800][12.304s][info][gc,phases   ] GC(117) Concurrent Relocate 0.442ms
[2026-06-17T10:22:30.687+0800][12.306s][info][gc,load     ] GC(117) Load: 0.24/0.21/0.28
[2026-06-17T10:22:30.690+0800][12.308s][info][gc,mmu      ] GC(117) MMU: 2ms/48.0%, 5ms/74.6%, 10ms/84.2%, 20ms/90.2%, 50ms/96.1%, 100ms/97.3%
[2026-06-17T10:22:30.691+0800][12.310s][info][gc,marking  ] GC(117) Mark: 2 stripe(s), 2 proactive flush(es), 1 terminate flush(es), 0 completion(s), 0 continuation(s) 
[2026-06-17T10:22:30.691+0800][12.310s][info][gc,reloc    ] GC(117) Relocation: Successful, 21M relocated
[2026-06-17T10:22:30.693+0800][12.312s][info][gc,nmethod  ] GC(117) NMethods: 23 registered, 0 unregistered
[2026-06-17T10:22:30.696+0800][12.315s][info][gc,metaspace] GC(117) Metaspace: 3M used, 4M capacity, 4M committed, 8M reserved
[2026-06-17T10:22:30.696+0800][12.315s][info][gc,ref      ] GC(117) Soft: 43 encountered, 0 discovered, 0 enqueued
[2026-06-17T10:22:30.697+0800][12.315s][info][gc,ref      ] GC(117) Weak: 7 encountered, 0 discovered, 0 enqueued
[2026-06-17T10:22:30.698+0800][12.316s][info][gc,ref      ] GC(117) Final: 0 encountered, 0 discovered, 0 enqueued
[2026-06-17T10:22:30.700+0800][12.318s][info][gc,ref      ] GC(117) Phantom: 1 encountered, 0 discovered, 0 enqueued
[2026-06-17T10:22:30.702+0800][12.320s][info][gc,heap     ] GC(117)                Mark Start          Mark End        Relocate Start      Relocate End           High               Low         
[2026-06-17T10:22:30.706+0800][12.324s][info][gc,heap     ] GC(117)  Capacity:      256M (100%)        256M (100%)        256M (100%)        256M (100%)        256M (100%)        256M (100%)   
[2026-06-17T10:22:30.708+0800][12.326s][info][gc,heap     ] GC(117)   Reserve:       62M (24%)          62M (24%)          62M (24%)          62M (24%)          62M (24%)          62M (24%)    
[2026-06-17T10:22:30.708+0800][12.327s][info][gc,heap     ] GC(117)      Free:       86M (34%)          82M (32%)         130M (51%)         146M (57%)         146M (57%)          78M (30%)    
[2026-06-17T10:22:30.710+0800][12.329s][info][gc,heap     ] GC(117)      Used:      108M (42%)         112M (44%)          64M (25%)          48M (19%)         116M (45%)          48M (19%)    
[2026-06-17T10:22:30.712+0800][12.331s][info][gc,heap     ] GC(117)      Live:         -                21M (8%)           21M (8%)           21M (8%)             -                  -          
[2026-06-17T10:22:30.714+0800][12.333s][info][gc,heap     ] GC(117) Allocated:         -                 4M (2%)            8M (3%)           16M (6%)             -                  -          
[2026-06-17T10:22:30.716+0800][12.335s][info][gc,heap     ] GC(117)   Garbage:         -                86M (34%)          34M (13%)          18M (7%)             -                  -          
[2026-06-17T10:22:30.718+0800][12.337s][info][gc,heap     ] GC(117) Reclaimed:         -                  -                52M (20%)          68M (27%)            -                  -          
[2026-06-17T10:22:30.720+0800][12.339s][info][gc          ] GC(117) Garbage Collection (Allocation Rate) 108M(42%)->48M(19%)
[2026-06-17T10:22:30.763+0800][12.382s][info][gc,start    ] GC(118) Garbage Collection (Allocation Rate)
[2026-06-17T10:22:30.765+0800][12.384s][info][gc,phases   ] GC(118) Pause Mark Start 0.465ms
[2026-06-17T10:22:30.769+0800][12.387s][info][gc,phases   ] GC(118) Concurrent Mark 2.531ms
[2026-06-17T10:22:30.771+0800][12.389s][info][gc,phases   ] GC(118) Pause Mark End 0.704ms
[2026-06-17T10:22:30.772+0800][12.390s][info][gc,phases   ] GC(118) Concurrent Process Non-Strong References 0.295ms
[2026-06-17T10:22:30.772+0800][12.391s][info][gc,phases   ] GC(118) Concurrent Reset Relocation Set 0.007ms
[2026-06-17T10:22:30.772+0800][12.391s][info][gc,phases   ] GC(118) Concurrent Destroy Detached Pages 0.002ms
[2026-06-17T10:22:30.774+0800][12.393s][info][gc,phases   ] GC(118) Concurrent Select Relocation Set 0.965ms
[2026-06-17T10:22:30.774+0800][12.393s][info][gc,phases   ] GC(118) Concurrent Prepare Relocation Set 0.003ms
[2026-06-17T10:22:30.775+0800][12.394s][info][gc,phases   ] GC(118) Pause Relocate Start 0.223ms
[2026-06-17T10:22:30.778+0800][12.397s][info][gc,phases   ] GC(118) Concurrent Relocate 2.002ms
[2026-06-17T10:22:30.778+0800][12.397s][info][gc,load     ] GC(118) Load: 0.24/0.21/0.28
[2026-06-17T10:22:30.779+0800][12.397s][info][gc,mmu      ] GC(118) MMU: 2ms/48.0%, 5ms/74.6%, 10ms/84.2%, 20ms/90.2%, 50ms/96.1%, 100ms/97.3%
[2026-06-17T10:22:30.779+0800][12.398s][info][gc,marking  ] GC(118) Mark: 2 stripe(s), 1 proactive flush(es), 1 terminate flush(es), 0 completion(s), 0 continuation(s) 
[2026-06-17T10:22:30.779+0800][12.398s][info][gc,reloc    ] GC(118) Relocation: Successful, 26M relocated
[2026-06-17T10:22:30.780+0800][12.398s][info][gc,nmethod  ] GC(118) NMethods: 23 registered, 0 unregistered
[2026-06-17T10:22:30.780+0800][12.399s][info][gc,metaspace] GC(118) Metaspace: 3M used, 4M capacity, 4M committed, 8M reserved
[2026-06-17T10:22:30.780+0800][12.399s][info][gc,ref      ] GC(118) Soft: 43 encountered, 0 discovered, 0 enqueued
[2026-06-17T10:22:30.781+0800][12.399s][info][gc,ref      ] GC(118) Weak: 7 encountered, 2 discovered, 0 enqueued
[2026-06-17T10:22:30.781+0800][12.400s][info][gc,ref      ] GC(118) Final: 0 encountered, 0 discovered, 0 enqueued
[2026-06-17T10:22:30.781+0800][12.400s][info][gc,ref      ] GC(118) Phantom: 1 encountered, 0 discovered, 0 enqueued
[2026-06-17T10:22:30.782+0800][12.400s][info][gc,heap     ] GC(118)                Mark Start          Mark End        Relocate Start      Relocate End           High               Low         
[2026-06-17T10:22:30.782+0800][12.401s][info][gc,heap     ] GC(118)  Capacity:      256M (100%)        256M (100%)        256M (100%)        256M (100%)        256M (100%)        256M (100%)   
[2026-06-17T10:22:30.782+0800][12.401s][info][gc,heap     ] GC(118)   Reserve:       62M (24%)          62M (24%)          62M (24%)          62M (24%)          62M (24%)          62M (24%)    
[2026-06-17T10:22:30.782+0800][12.401s][info][gc,heap     ] GC(118)      Free:       84M (33%)          84M (33%)         108M (42%)         148M (58%)         148M (58%)          74M (29%)    
[2026-06-17T10:22:30.782+0800][12.401s][info][gc,heap     ] GC(118)      Used:      110M (43%)         110M (43%)          86M (34%)          46M (18%)         120M (47%)          46M (18%)    
[2026-06-17T10:22:30.782+0800][12.401s][info][gc,heap     ] GC(118)      Live:         -                28M (11%)          28M (11%)          28M (11%)            -                  -          
[2026-06-17T10:22:30.783+0800][12.401s][info][gc,heap     ] GC(118) Allocated:         -                 0M (0%)            4M (2%)           40M (16%)            -                  -          
[2026-06-17T10:22:30.783+0800][12.401s][info][gc,heap     ] GC(118)   Garbage:         -                81M (32%)          53M (21%)          13M (5%)             -                  -          
[2026-06-17T10:22:30.783+0800][12.402s][info][gc,heap     ] GC(118) Reclaimed:         -                  -                28M (11%)          68M (27%)            -                  -          
[2026-06-17T10:22:30.783+0800][12.402s][info][gc          ] GC(118) Garbage Collection (Allocation Rate) 110M(43%)->46M(18%)
[2026-06-17T10:22:30.863+0800][12.482s][info][gc,start    ] GC(119) Garbage Collection (Allocation Rate)
[2026-06-17T10:22:30.864+0800][12.483s][info][gc,phases   ] GC(119) Pause Mark Start 0.224ms
[2026-06-17T10:22:30.866+0800][12.485s][info][gc,phases   ] GC(119) Concurrent Mark 1.480ms
[2026-06-17T10:22:30.867+0800][12.486s][info][gc,phases   ] GC(119) Pause Mark End 0.369ms
[2026-06-17T10:22:30.867+0800][12.486s][info][gc,phases   ] GC(119) Concurrent Process Non-Strong References 0.078ms
[2026-06-17T10:22:30.868+0800][12.486s][info][gc,phases   ] GC(119) Concurrent Reset Relocation Set 0.002ms
[2026-06-17T10:22:30.868+0800][12.487s][info][gc,phases   ] GC(119) Concurrent Destroy Detached Pages 0.001ms
[2026-06-17T10:22:30.869+0800][12.487s][info][gc,phases   ] GC(119) Concurrent Select Relocation Set 0.567ms
[2026-06-17T10:22:30.869+0800][12.488s][info][gc,phases   ] GC(119) Concurrent Prepare Relocation Set 0.016ms
[2026-06-17T10:22:30.869+0800][12.488s][info][gc,phases   ] GC(119) Pause Relocate Start 0.150ms
[2026-06-17T10:22:30.870+0800][12.489s][info][gc,phases   ] GC(119) Concurrent Relocate 0.538ms
[2026-06-17T10:22:30.870+0800][12.489s][info][gc,load     ] GC(119) Load: 0.24/0.21/0.28
[2026-06-17T10:22:30.870+0800][12.489s][info][gc,mmu      ] GC(119) MMU: 2ms/48.0%, 5ms/74.6%, 10ms/84.2%, 20ms/90.2%, 50ms/96.1%, 100ms/97.3%
[2026-06-17T10:22:30.871+0800][12.489s][info][gc,marking  ] GC(119) Mark: 2 stripe(s), 1 proactive flush(es), 1 terminate flush(es), 0 completion(s), 0 continuation(s) 
[2026-06-17T10:22:30.871+0800][12.490s][info][gc,reloc    ] GC(119) Relocation: Successful, 24M relocated
[2026-06-17T10:22:30.871+0800][12.490s][info][gc,nmethod  ] GC(119) NMethods: 23 registered, 0 unregistered
[2026-06-17T10:22:30.871+0800][12.490s][info][gc,metaspace] GC(119) Metaspace: 3M used, 4M capacity, 4M committed, 8M reserved
[2026-06-17T10:22:30.871+0800][12.490s][info][gc,ref      ] GC(119) Soft: 43 encountered, 0 discovered, 0 enqueued
[2026-06-17T10:22:30.871+0800][12.490s][info][gc,ref      ] GC(119) Weak: 7 encountered, 2 discovered, 0 enqueued
[2026-06-17T10:22:30.871+0800][12.490s][info][gc,ref      ] GC(119) Final: 0 encountered, 0 discovered, 0 enqueued
[2026-06-17T10:22:30.872+0800][12.490s][info][gc,ref      ] GC(119) Phantom: 1 encountered, 0 discovered, 0 enqueued
[2026-06-17T10:22:30.872+0800][12.490s][info][gc,heap     ] GC(119)                Mark Start          Mark End        Relocate Start      Relocate End           High               Low         
[2026-06-17T10:22:30.872+0800][12.490s][info][gc,heap     ] GC(119)  Capacity:      256M (100%)        256M (100%)        256M (100%)        256M (100%)        256M (100%)        256M (100%)   
[2026-06-17T10:22:30.872+0800][12.491s][info][gc,heap     ] GC(119)   Reserve:       62M (24%)          62M (24%)          62M (24%)          62M (24%)          62M (24%)          62M (24%)    
[2026-06-17T10:22:30.872+0800][12.491s][info][gc,heap     ] GC(119)      Free:      116M (45%)         116M (45%)         142M (55%)         150M (59%)         150M (59%)         116M (45%)    
[2026-06-17T10:22:30.872+0800][12.491s][info][gc,heap     ] GC(119)      Used:       78M (30%)          78M (30%)          52M (20%)          44M (17%)          78M (30%)          44M (17%)    
[2026-06-17T10:22:30.872+0800][12.491s][info][gc,heap     ] GC(119)      Live:         -                24M (10%)          24M (10%)          24M (10%)            -                  -          
[2026-06-17T10:22:30.872+0800][12.491s][info][gc,heap     ] GC(119) Allocated:         -                 0M (0%)            4M (2%)           12M (5%)             -                  -          
[2026-06-17T10:22:30.872+0800][12.491s][info][gc,heap     ] GC(119)   Garbage:         -                53M (21%)          23M (9%)           15M (6%)             -                  -          
[2026-06-17T10:22:30.873+0800][12.491s][info][gc,heap     ] GC(119) Reclaimed:         -                  -                30M (12%)          38M (15%)            -                  -          
[2026-06-17T10:22:30.873+0800][12.491s][info][gc          ] GC(119) Garbage Collection (Allocation Rate) 78M(30%)->44M(17%)
[2026-06-17T10:22:30.964+0800][12.582s][info][gc,start    ] GC(120) Garbage Collection (Allocation Rate)
[2026-06-17T10:22:30.965+0800][12.584s][info][gc,phases   ] GC(120) Pause Mark Start 0.475ms
[2026-06-17T10:22:30.968+0800][12.586s][info][gc,phases   ] GC(120) Concurrent Mark 1.877ms
[2026-06-17T10:22:30.969+0800][12.587s][info][gc,phases   ] GC(120) Pause Mark End 0.364ms
[2026-06-17T10:22:30.969+0800][12.588s][info][gc,phases   ] GC(120) Concurrent Process Non-Strong References 0.252ms
[2026-06-17T10:22:30.970+0800][12.588s][info][gc,phases   ] GC(120) Concurrent Reset Relocation Set 0.003ms
[2026-06-17T10:22:30.970+0800][12.589s][info][gc,phases   ] GC(120) Concurrent Destroy Detached Pages 0.001ms
[2026-06-17T10:22:30.971+0800][12.590s][info][gc,phases   ] GC(120) Concurrent Select Relocation Set 0.670ms
[2026-06-17T10:22:30.972+0800][12.590s][info][gc,phases   ] GC(120) Concurrent Prepare Relocation Set 0.008ms
[2026-06-17T10:22:30.972+0800][12.591s][info][gc,phases   ] GC(120) Pause Relocate Start 0.154ms
[2026-06-17T10:22:30.974+0800][12.593s][info][gc,phases   ] GC(120) Concurrent Relocate 1.567ms
[2026-06-17T10:22:30.974+0800][12.593s][info][gc,load     ] GC(120) Load: 0.24/0.21/0.28
[2026-06-17T10:22:30.974+0800][12.593s][info][gc,mmu      ] GC(120) MMU: 2ms/48.0%, 5ms/74.6%, 10ms/84.2%, 20ms/90.2%, 50ms/96.1%, 100ms/97.3%
[2026-06-17T10:22:30.975+0800][12.593s][info][gc,marking  ] GC(120) Mark: 2 stripe(s), 1 proactive flush(es), 1 terminate flush(es), 0 completion(s), 0 continuation(s) 
[2026-06-17T10:22:30.975+0800][12.593s][info][gc,reloc    ] GC(120) Relocation: Successful, 21M relocated
[2026-06-17T10:22:30.975+0800][12.594s][info][gc,nmethod  ] GC(120) NMethods: 23 registered, 0 unregistered
[2026-06-17T10:22:30.975+0800][12.594s][info][gc,metaspace] GC(120) Metaspace: 3M used, 4M capacity, 4M committed, 8M reserved
[2026-06-17T10:22:30.975+0800][12.594s][info][gc,ref      ] GC(120) Soft: 43 encountered, 0 discovered, 0 enqueued
[2026-06-17T10:22:30.975+0800][12.594s][info][gc,ref      ] GC(120) Weak: 7 encountered, 0 discovered, 0 enqueued
[2026-06-17T10:22:30.975+0800][12.594s][info][gc,ref      ] GC(120) Final: 0 encountered, 0 discovered, 0 enqueued
[2026-06-17T10:22:30.976+0800][12.594s][info][gc,ref      ] GC(120) Phantom: 1 encountered, 0 discovered, 0 enqueued
[2026-06-17T10:22:30.976+0800][12.595s][info][gc,heap     ] GC(120)                Mark Start          Mark End        Relocate Start      Relocate End           High               Low         
[2026-06-17T10:22:30.976+0800][12.595s][info][gc,heap     ] GC(120)  Capacity:      256M (100%)        256M (100%)        256M (100%)        256M (100%)        256M (100%)        256M (100%)   
[2026-06-17T10:22:30.976+0800][12.595s][info][gc,heap     ] GC(120)   Reserve:       62M (24%)          62M (24%)          62M (24%)          62M (24%)          62M (24%)          62M (24%)    
[2026-06-17T10:22:30.976+0800][12.595s][info][gc,heap     ] GC(120)      Free:       82M (32%)          82M (32%)         114M (45%)         146M (57%)         146M (57%)          76M (30%)    
[2026-06-17T10:22:30.976+0800][12.595s][info][gc,heap     ] GC(120)      Used:      112M (44%)         112M (44%)          80M (31%)          48M (19%)         118M (46%)          48M (19%)    
[2026-06-17T10:22:30.976+0800][12.595s][info][gc,heap     ] GC(120)      Live:         -                21M (8%)           21M (8%)           21M (8%)             -                  -          
[2026-06-17T10:22:30.976+0800][12.595s][info][gc,heap     ] GC(120) Allocated:         -                 0M (0%)            0M (0%)           48M (19%)            -                  -          
[2026-06-17T10:22:30.977+0800][12.595s][info][gc,heap     ] GC(120)   Garbage:         -                90M (35%)          58M (23%)          20M (8%)             -                  -          
[2026-06-17T10:22:30.977+0800][12.595s][info][gc,heap     ] GC(120) Reclaimed:         -                  -                32M (12%)          70M (27%)            -                  -          
[2026-06-17T10:22:30.977+0800][12.596s][info][gc          ] GC(120) Garbage Collection (Allocation Rate) 112M(44%)->48M(19%)
[2026-06-17T10:22:31.063+0800][12.682s][info][gc,start    ] GC(121) Garbage Collection (Allocation Rate)
[2026-06-17T10:22:31.064+0800][12.683s][info][gc,phases   ] GC(121) Pause Mark Start 0.304ms
[2026-06-17T10:22:31.066+0800][12.685s][info][gc,phases   ] GC(121) Concurrent Mark 1.753ms
[2026-06-17T10:22:31.067+0800][12.686s][info][gc,phases   ] GC(121) Pause Mark End 0.359ms
[2026-06-17T10:22:31.068+0800][12.687s][info][gc,phases   ] GC(121) Concurrent Process Non-Strong References 0.184ms
[2026-06-17T10:22:31.069+0800][12.688s][info][gc,phases   ] GC(121) Concurrent Reset Relocation Set 0.004ms
[2026-06-17T10:22:31.070+0800][12.689s][info][gc,phases   ] GC(121) Concurrent Destroy Detached Pages 0.001ms
[2026-06-17T10:22:31.073+0800][12.692s][info][gc,phases   ] GC(121) Concurrent Select Relocation Set 0.500ms
[2026-06-17T10:22:31.076+0800][12.695s][info][gc,phases   ] GC(121) Concurrent Prepare Relocation Set 0.007ms
[2026-06-17T10:22:31.078+0800][12.697s][info][gc,phases   ] GC(121) Pause Relocate Start 0.168ms
[2026-06-17T10:22:31.079+0800][12.698s][info][gc,phases   ] GC(121) Concurrent Relocate 0.375ms
[2026-06-17T10:22:31.082+0800][12.701s][info][gc,load     ] GC(121) Load: 0.24/0.21/0.28
[2026-06-17T10:22:31.082+0800][12.701s][info][gc,mmu      ] GC(121) MMU: 2ms/48.0%, 5ms/74.6%, 10ms/84.2%, 20ms/90.2%, 50ms/96.1%, 100ms/97.3%
[2026-06-17T10:22:31.085+0800][12.703s][info][gc,marking  ] GC(121) Mark: 2 stripe(s), 1 proactive flush(es), 1 terminate flush(es), 0 completion(s), 0 continuation(s) 
[2026-06-17T10:22:31.087+0800][12.706s][info][gc,reloc    ] GC(121) Relocation: Successful, 23M relocated
[2026-06-17T10:22:31.087+0800][12.706s][info][gc,nmethod  ] GC(121) NMethods: 23 registered, 0 unregistered
[2026-06-17T10:22:31.087+0800][12.706s][info][gc,metaspace] GC(121) Metaspace: 3M used, 4M capacity, 4M committed, 8M reserved
[2026-06-17T10:22:31.088+0800][12.706s][info][gc,ref      ] GC(121) Soft: 43 encountered, 0 discovered, 0 enqueued
[2026-06-17T10:22:31.088+0800][12.707s][info][gc,ref      ] GC(121) Weak: 7 encountered, 0 discovered, 0 enqueued
[2026-06-17T10:22:31.088+0800][12.707s][info][gc,ref      ] GC(121) Final: 0 encountered, 0 discovered, 0 enqueued
[2026-06-17T10:22:31.088+0800][12.707s][info][gc,ref      ] GC(121) Phantom: 1 encountered, 0 discovered, 0 enqueued
[2026-06-17T10:22:31.088+0800][12.707s][info][gc,heap     ] GC(121)                Mark Start          Mark End        Relocate Start      Relocate End           High               Low         
[2026-06-17T10:22:31.089+0800][12.707s][info][gc,heap     ] GC(121)  Capacity:      256M (100%)        256M (100%)        256M (100%)        256M (100%)        256M (100%)        256M (100%)   
[2026-06-17T10:22:31.089+0800][12.708s][info][gc,heap     ] GC(121)   Reserve:       62M (24%)          62M (24%)          62M (24%)          62M (24%)          62M (24%)          62M (24%)    
[2026-06-17T10:22:31.089+0800][12.708s][info][gc,heap     ] GC(121)      Free:      116M (45%)         116M (45%)         104M (41%)         112M (44%)         116M (45%)          78M (30%)    
[2026-06-17T10:22:31.089+0800][12.708s][info][gc,heap     ] GC(121)      Used:       78M (30%)          78M (30%)          90M (35%)          82M (32%)         116M (45%)          78M (30%)    
[2026-06-17T10:22:31.089+0800][12.708s][info][gc,heap     ] GC(121)      Live:         -                27M (11%)          27M (11%)          27M (11%)            -                  -          
[2026-06-17T10:22:31.089+0800][12.708s][info][gc,heap     ] GC(121) Allocated:         -                 0M (0%)           38M (15%)          44M (17%)            -                  -          
[2026-06-17T10:22:31.090+0800][12.708s][info][gc,heap     ] GC(121)   Garbage:         -                50M (20%)          24M (10%)          16M (7%)             -                  -          
[2026-06-17T10:22:31.090+0800][12.709s][info][gc,heap     ] GC(121) Reclaimed:         -                  -                26M (10%)          34M (13%)            -                  -          
[2026-06-17T10:22:31.090+0800][12.709s][info][gc          ] GC(121) Garbage Collection (Allocation Rate) 78M(30%)->82M(32%)
[2026-06-17T10:22:31.163+0800][12.782s][info][gc,start    ] GC(122) Garbage Collection (Allocation Rate)
[2026-06-17T10:22:31.165+0800][12.784s][info][gc,phases   ] GC(122) Pause Mark Start 0.465ms
[2026-06-17T10:22:31.168+0800][12.787s][info][gc,phases   ] GC(122) Concurrent Mark 2.049ms
[2026-06-17T10:22:31.170+0800][12.789s][info][gc,phases   ] GC(122) Pause Mark End 0.882ms
[2026-06-17T10:22:31.173+0800][12.792s][info][gc,phases   ] GC(122) Concurrent Process Non-Strong References 0.537ms
[2026-06-17T10:22:31.174+0800][12.792s][info][gc,phases   ] GC(122) Concurrent Reset Relocation Set 0.005ms
[2026-06-17T10:22:31.174+0800][12.793s][info][gc,phases   ] GC(122) Concurrent Destroy Detached Pages 0.001ms
[2026-06-17T10:22:31.177+0800][12.795s][info][gc,phases   ] GC(122) Concurrent Select Relocation Set 1.575ms
[2026-06-17T10:22:31.177+0800][12.796s][info][gc,phases   ] GC(122) Concurrent Prepare Relocation Set 0.016ms
[2026-06-17T10:22:31.178+0800][12.797s][info][gc,phases   ] GC(122) Pause Relocate Start 0.320ms
[2026-06-17T10:22:31.181+0800][12.800s][info][gc,phases   ] GC(122) Concurrent Relocate 2.116ms
[2026-06-17T10:22:31.181+0800][12.800s][info][gc,load     ] GC(122) Load: 0.24/0.21/0.28
[2026-06-17T10:22:31.182+0800][12.801s][info][gc,mmu      ] GC(122) MMU: 2ms/48.0%, 5ms/74.6%, 10ms/84.2%, 20ms/90.2%, 50ms/96.1%, 100ms/97.3%
[2026-06-17T10:22:31.182+0800][12.801s][info][gc,marking  ] GC(122) Mark: 2 stripe(s), 1 proactive flush(es), 1 terminate flush(es), 0 completion(s), 0 continuation(s) 
[2026-06-17T10:22:31.183+0800][12.801s][info][gc,reloc    ] GC(122) Relocation: Successful, 24M relocated
[2026-06-17T10:22:31.183+0800][12.802s][info][gc,nmethod  ] GC(122) NMethods: 23 registered, 0 unregistered
[2026-06-17T10:22:31.183+0800][12.802s][info][gc,metaspace] GC(122) Metaspace: 3M used, 4M capacity, 4M committed, 8M reserved
[2026-06-17T10:22:31.183+0800][12.802s][info][gc,ref      ] GC(122) Soft: 43 encountered, 0 discovered, 0 enqueued
[2026-06-17T10:22:31.184+0800][12.802s][info][gc,ref      ] GC(122) Weak: 7 encountered, 2 discovered, 0 enqueued
[2026-06-17T10:22:31.184+0800][12.803s][info][gc,ref      ] GC(122) Final: 0 encountered, 0 discovered, 0 enqueued
[2026-06-17T10:22:31.184+0800][12.803s][info][gc,ref      ] GC(122) Phantom: 1 encountered, 1 discovered, 0 enqueued
[2026-06-17T10:22:31.184+0800][12.803s][info][gc,heap     ] GC(122)                Mark Start          Mark End        Relocate Start      Relocate End           High               Low         
[2026-06-17T10:22:31.185+0800][12.803s][info][gc,heap     ] GC(122)  Capacity:      256M (100%)        256M (100%)        256M (100%)        256M (100%)        256M (100%)        256M (100%)   
[2026-06-17T10:22:31.185+0800][12.804s][info][gc,heap     ] GC(122)   Reserve:       62M (24%)          62M (24%)          62M (24%)          62M (24%)          62M (24%)          62M (24%)    
[2026-06-17T10:22:31.185+0800][12.804s][info][gc,heap     ] GC(122)      Free:       76M (30%)          76M (30%)         100M (39%)         148M (58%)         148M (58%)          66M (26%)    
[2026-06-17T10:22:31.185+0800][12.804s][info][gc,heap     ] GC(122)      Used:      118M (46%)         118M (46%)          94M (37%)          46M (18%)         128M (50%)          46M (18%)    
[2026-06-17T10:22:31.185+0800][12.804s][info][gc,heap     ] GC(122)      Live:         -                26M (10%)          26M (10%)          26M (10%)            -                  -          
[2026-06-17T10:22:31.186+0800][12.804s][info][gc,heap     ] GC(122) Allocated:         -                 0M (0%)            4M (2%)           42M (16%)            -                  -          
[2026-06-17T10:22:31.186+0800][12.805s][info][gc,heap     ] GC(122)   Garbage:         -                91M (36%)          63M (25%)          15M (6%)             -                  -          
[2026-06-17T10:22:31.186+0800][12.805s][info][gc,heap     ] GC(122) Reclaimed:         -                  -                28M (11%)          76M (30%)            -                  -          
[2026-06-17T10:22:31.186+0800][12.805s][info][gc          ] GC(122) Garbage Collection (Allocation Rate) 118M(46%)->46M(18%)
[2026-06-17T10:22:31.264+0800][12.882s][info][gc,start    ] GC(123) Garbage Collection (Allocation Rate)
[2026-06-17T10:22:31.265+0800][12.884s][info][gc,phases   ] GC(123) Pause Mark Start 0.462ms
[2026-06-17T10:22:31.269+0800][12.887s][info][gc,phases   ] GC(123) Concurrent Mark 2.425ms
[2026-06-17T10:22:31.270+0800][12.889s][info][gc,phases   ] GC(123) Pause Mark End 0.661ms
[2026-06-17T10:22:31.271+0800][12.890s][info][gc,phases   ] GC(123) Concurrent Process Non-Strong References 0.266ms
[2026-06-17T10:22:31.272+0800][12.891s][info][gc,phases   ] GC(123) Concurrent Reset Relocation Set 0.006ms
[2026-06-17T10:22:31.272+0800][12.891s][info][gc,phases   ] GC(123) Concurrent Destroy Detached Pages 0.002ms
[2026-06-17T10:22:31.274+0800][12.892s][info][gc,phases   ] GC(123) Concurrent Select Relocation Set 0.931ms
[2026-06-17T10:22:31.274+0800][12.893s][info][gc,phases   ] GC(123) Concurrent Prepare Relocation Set 0.005ms
[2026-06-17T10:22:31.275+0800][12.894s][info][gc,phases   ] GC(123) Pause Relocate Start 0.238ms
[2026-06-17T10:22:31.276+0800][12.895s][info][gc,phases   ] GC(123) Concurrent Relocate 0.322ms
[2026-06-17T10:22:31.276+0800][12.895s][info][gc,load     ] GC(123) Load: 0.24/0.21/0.28
[2026-06-17T10:22:31.276+0800][12.895s][info][gc,mmu      ] GC(123) MMU: 2ms/48.0%, 5ms/74.6%, 10ms/84.2%, 20ms/90.2%, 50ms/96.1%, 100ms/97.3%
[2026-06-17T10:22:31.277+0800][12.895s][info][gc,marking  ] GC(123) Mark: 2 stripe(s), 1 proactive flush(es), 1 terminate flush(es), 0 completion(s), 0 continuation(s) 
[2026-06-17T10:22:31.277+0800][12.896s][info][gc,reloc    ] GC(123) Relocation: Successful, 21M relocated
[2026-06-17T10:22:31.277+0800][12.896s][info][gc,nmethod  ] GC(123) NMethods: 23 registered, 0 unregistered
[2026-06-17T10:22:31.277+0800][12.896s][info][gc,metaspace] GC(123) Metaspace: 3M used, 4M capacity, 4M committed, 8M reserved
[2026-06-17T10:22:31.277+0800][12.896s][info][gc,ref      ] GC(123) Soft: 43 encountered, 0 discovered, 0 enqueued
[2026-06-17T10:22:31.278+0800][12.896s][info][gc,ref      ] GC(123) Weak: 7 encountered, 0 discovered, 0 enqueued
[2026-06-17T10:22:31.278+0800][12.897s][info][gc,ref      ] GC(123) Final: 0 encountered, 0 discovered, 0 enqueued
[2026-06-17T10:22:31.278+0800][12.897s][info][gc,ref      ] GC(123) Phantom: 1 encountered, 0 discovered, 0 enqueued
[2026-06-17T10:22:31.278+0800][12.897s][info][gc,heap     ] GC(123)                Mark Start          Mark End        Relocate Start      Relocate End           High               Low         
[2026-06-17T10:22:31.279+0800][12.898s][info][gc,heap     ] GC(123)  Capacity:      256M (100%)        256M (100%)        256M (100%)        256M (100%)        256M (100%)        256M (100%)   
[2026-06-17T10:22:31.279+0800][12.898s][info][gc,heap     ] GC(123)   Reserve:       62M (24%)          62M (24%)          62M (24%)          62M (24%)          62M (24%)          62M (24%)    
[2026-06-17T10:22:31.279+0800][12.898s][info][gc,heap     ] GC(123)      Free:      116M (45%)         114M (45%)         138M (54%)         148M (58%)         148M (58%)         112M (44%)    
[2026-06-17T10:22:31.279+0800][12.898s][info][gc,heap     ] GC(123)      Used:       78M (30%)          80M (31%)          56M (22%)          46M (18%)          82M (32%)          46M (18%)    
[2026-06-17T10:22:31.280+0800][12.898s][info][gc,heap     ] GC(123)      Live:         -                21M (9%)           21M (9%)           21M (9%)             -                  -          
[2026-06-17T10:22:31.280+0800][12.898s][info][gc,heap     ] GC(123) Allocated:         -                 2M (1%)            4M (2%)           10M (4%)             -                  -          
[2026-06-17T10:22:31.280+0800][12.899s][info][gc,heap     ] GC(123)   Garbage:         -                56M (22%)          30M (12%)          20M (8%)             -                  -          
[2026-06-17T10:22:31.280+0800][12.899s][info][gc,heap     ] GC(123) Reclaimed:         -                  -                26M (10%)          36M (14%)            -                  -          
[2026-06-17T10:22:31.280+0800][12.899s][info][gc          ] GC(123) Garbage Collection (Allocation Rate) 78M(30%)->46M(18%)
[2026-06-17T10:22:31.363+0800][12.982s][info][gc,start    ] GC(124) Garbage Collection (Allocation Rate)
[2026-06-17T10:22:31.364+0800][12.982s][info][gc,phases   ] GC(124) Pause Mark Start 0.170ms
[2026-06-17T10:22:31.365+0800][12.984s][info][gc,phases   ] GC(124) Concurrent Mark 1.435ms
[2026-06-17T10:22:31.367+0800][12.985s][info][gc,phases   ] GC(124) Pause Mark End 0.322ms
[2026-06-17T10:22:31.367+0800][12.986s][info][gc,phases   ] GC(124) Concurrent Process Non-Strong References 0.084ms
[2026-06-17T10:22:31.367+0800][12.986s][info][gc,phases   ] GC(124) Concurrent Reset Relocation Set 0.003ms
[2026-06-17T10:22:31.368+0800][12.986s][info][gc,phases   ] GC(124) Concurrent Destroy Detached Pages 0.001ms
[2026-06-17T10:22:31.368+0800][12.987s][info][gc,phases   ] GC(124) Concurrent Select Relocation Set 0.516ms
[2026-06-17T10:22:31.369+0800][12.987s][info][gc,phases   ] GC(124) Concurrent Prepare Relocation Set 0.011ms
[2026-06-17T10:22:31.369+0800][12.988s][info][gc,phases   ] GC(124) Pause Relocate Start 0.154ms
[2026-06-17T10:22:31.372+0800][12.991s][info][gc,phases   ] GC(124) Concurrent Relocate 2.662ms
[2026-06-17T10:22:31.373+0800][12.991s][info][gc,load     ] GC(124) Load: 0.24/0.21/0.28
[2026-06-17T10:22:31.373+0800][12.992s][info][gc,mmu      ] GC(124) MMU: 2ms/48.0%, 5ms/74.6%, 10ms/84.2%, 20ms/90.2%, 50ms/96.1%, 100ms/97.3%
[2026-06-17T10:22:31.373+0800][12.992s][info][gc,marking  ] GC(124) Mark: 2 stripe(s), 1 proactive flush(es), 1 terminate flush(es), 0 completion(s), 0 continuation(s) 
[2026-06-17T10:22:31.373+0800][12.992s][info][gc,reloc    ] GC(124) Relocation: Successful, 27M relocated
[2026-06-17T10:22:31.374+0800][12.992s][info][gc,nmethod  ] GC(124) NMethods: 23 registered, 0 unregistered
[2026-06-17T10:22:31.374+0800][12.993s][info][gc,metaspace] GC(124) Metaspace: 3M used, 4M capacity, 4M committed, 8M reserved
[2026-06-17T10:22:31.374+0800][12.993s][info][gc,ref      ] GC(124) Soft: 43 encountered, 0 discovered, 0 enqueued
[2026-06-17T10:22:31.374+0800][12.993s][info][gc,ref      ] GC(124) Weak: 7 encountered, 2 discovered, 0 enqueued
[2026-06-17T10:22:31.374+0800][12.993s][info][gc,ref      ] GC(124) Final: 0 encountered, 0 discovered, 0 enqueued
[2026-06-17T10:22:31.375+0800][12.993s][info][gc,ref      ] GC(124) Phantom: 1 encountered, 1 discovered, 0 enqueued
[2026-06-17T10:22:31.375+0800][12.994s][info][gc,heap     ] GC(124)                Mark Start          Mark End        Relocate Start      Relocate End           High               Low         
[2026-06-17T10:22:31.375+0800][12.994s][info][gc,heap     ] GC(124)  Capacity:      256M (100%)        256M (100%)        256M (100%)        256M (100%)        256M (100%)        256M (100%)   
[2026-06-17T10:22:31.376+0800][12.994s][info][gc,heap     ] GC(124)   Reserve:       62M (24%)          62M (24%)          62M (24%)          62M (24%)          62M (24%)          62M (24%)    
[2026-06-17T10:22:31.376+0800][12.995s][info][gc,heap     ] GC(124)      Free:       84M (33%)          80M (31%)         110M (43%)         144M (56%)         144M (56%)          72M (28%)    
[2026-06-17T10:22:31.376+0800][12.995s][info][gc,heap     ] GC(124)      Used:      110M (43%)         114M (45%)          84M (33%)          50M (20%)         122M (48%)          50M (20%)    
[2026-06-17T10:22:31.377+0800][12.996s][info][gc,heap     ] GC(124)      Live:         -                28M (11%)          28M (11%)          28M (11%)            -                  -          
[2026-06-17T10:22:31.377+0800][12.996s][info][gc,heap     ] GC(124) Allocated:         -                 4M (2%)            4M (2%)           46M (18%)            -                  -          
[2026-06-17T10:22:31.378+0800][12.996s][info][gc,heap     ] GC(124)   Garbage:         -                81M (32%)          51M (20%)          17M (7%)             -                  -          
[2026-06-17T10:22:31.379+0800][12.997s][info][gc,heap     ] GC(124) Reclaimed:         -                  -                30M (12%)          64M (25%)            -                  -          
[2026-06-17T10:22:31.379+0800][12.998s][info][gc          ] GC(124) Garbage Collection (Allocation Rate) 110M(43%)->50M(20%)
[2026-06-17T10:22:31.463+0800][13.082s][info][gc,start    ] GC(125) Garbage Collection (Allocation Rate)
[2026-06-17T10:22:31.464+0800][13.083s][info][gc,phases   ] GC(125) Pause Mark Start 0.176ms
[2026-06-17T10:22:31.466+0800][13.084s][info][gc,phases   ] GC(125) Concurrent Mark 1.531ms
[2026-06-17T10:22:31.466+0800][13.085s][info][gc,phases   ] GC(125) Pause Mark End 0.343ms
[2026-06-17T10:22:31.467+0800][13.086s][info][gc,phases   ] GC(125) Concurrent Process Non-Strong References 0.134ms
[2026-06-17T10:22:31.467+0800][13.086s][info][gc,phases   ] GC(125) Concurrent Reset Relocation Set 0.005ms
[2026-06-17T10:22:31.467+0800][13.086s][info][gc,phases   ] GC(125) Concurrent Destroy Detached Pages 0.001ms
[2026-06-17T10:22:31.468+0800][13.087s][info][gc,phases   ] GC(125) Concurrent Select Relocation Set 0.492ms
[2026-06-17T10:22:31.468+0800][13.087s][info][gc,phases   ] GC(125) Concurrent Prepare Relocation Set 0.007ms
[2026-06-17T10:22:31.469+0800][13.087s][info][gc,phases   ] GC(125) Pause Relocate Start 0.145ms
[2026-06-17T10:22:31.469+0800][13.088s][info][gc,phases   ] GC(125) Concurrent Relocate 0.301ms
[2026-06-17T10:22:31.469+0800][13.088s][info][gc,load     ] GC(125) Load: 0.24/0.21/0.28
[2026-06-17T10:22:31.469+0800][13.088s][info][gc,mmu      ] GC(125) MMU: 2ms/48.0%, 5ms/74.6%, 10ms/84.2%, 20ms/90.2%, 50ms/96.1%, 100ms/97.3%
[2026-06-17T10:22:31.469+0800][13.088s][info][gc,marking  ] GC(125) Mark: 2 stripe(s), 1 proactive flush(es), 1 terminate flush(es), 0 completion(s), 0 continuation(s) 
[2026-06-17T10:22:31.469+0800][13.088s][info][gc,reloc    ] GC(125) Relocation: Successful, 24M relocated
[2026-06-17T10:22:31.470+0800][13.088s][info][gc,nmethod  ] GC(125) NMethods: 23 registered, 0 unregistered
[2026-06-17T10:22:31.470+0800][13.088s][info][gc,metaspace] GC(125) Metaspace: 3M used, 4M capacity, 4M committed, 8M reserved
[2026-06-17T10:22:31.470+0800][13.088s][info][gc,ref      ] GC(125) Soft: 43 encountered, 0 discovered, 0 enqueued
[2026-06-17T10:22:31.470+0800][13.088s][info][gc,ref      ] GC(125) Weak: 7 encountered, 2 discovered, 0 enqueued
[2026-06-17T10:22:31.470+0800][13.089s][info][gc,ref      ] GC(125) Final: 0 encountered, 0 discovered, 0 enqueued
[2026-06-17T10:22:31.470+0800][13.089s][info][gc,ref      ] GC(125) Phantom: 1 encountered, 1 discovered, 0 enqueued
[2026-06-17T10:22:31.470+0800][13.089s][info][gc,heap     ] GC(125)                Mark Start          Mark End        Relocate Start      Relocate End           High               Low         
[2026-06-17T10:22:31.470+0800][13.089s][info][gc,heap     ] GC(125)  Capacity:      256M (100%)        256M (100%)        256M (100%)        256M (100%)        256M (100%)        256M (100%)   
[2026-06-17T10:22:31.470+0800][13.089s][info][gc,heap     ] GC(125)   Reserve:       62M (24%)          62M (24%)          62M (24%)          62M (24%)          62M (24%)          62M (24%)    
[2026-06-17T10:22:31.470+0800][13.089s][info][gc,heap     ] GC(125)      Free:      108M (42%)         108M (42%)         140M (55%)         152M (59%)         152M (59%)         108M (42%)    
[2026-06-17T10:22:31.470+0800][13.089s][info][gc,heap     ] GC(125)      Used:       86M (34%)          86M (34%)          54M (21%)          42M (16%)          86M (34%)          42M (16%)    
[2026-06-17T10:22:31.470+0800][13.089s][info][gc,heap     ] GC(125)      Live:         -                24M (10%)          24M (10%)          24M (10%)            -                  -          
[2026-06-17T10:22:31.471+0800][13.089s][info][gc,heap     ] GC(125) Allocated:         -                 0M (0%)            0M (0%)            8M (3%)             -                  -          
[2026-06-17T10:22:31.471+0800][13.089s][info][gc,heap     ] GC(125)   Garbage:         -                61M (24%)          29M (11%)          17M (7%)             -                  -          
[2026-06-17T10:22:31.471+0800][13.089s][info][gc,heap     ] GC(125) Reclaimed:         -                  -                32M (12%)          44M (17%)            -                  -          
[2026-06-17T10:22:31.471+0800][13.090s][info][gc          ] GC(125) Garbage Collection (Allocation Rate) 86M(34%)->42M(16%)
[2026-06-17T10:22:31.563+0800][13.182s][info][gc,start    ] GC(126) Garbage Collection (Allocation Rate)
[2026-06-17T10:22:31.564+0800][13.183s][info][gc,phases   ] GC(126) Pause Mark Start 0.159ms
[2026-06-17T10:22:31.566+0800][13.185s][info][gc,phases   ] GC(126) Concurrent Mark 1.668ms
[2026-06-17T10:22:31.567+0800][13.185s][info][gc,phases   ] GC(126) Pause Mark End 0.289ms
[2026-06-17T10:22:31.567+0800][13.186s][info][gc,phases   ] GC(126) Concurrent Process Non-Strong References 0.122ms
[2026-06-17T10:22:31.567+0800][13.186s][info][gc,phases   ] GC(126) Concurrent Reset Relocation Set 0.003ms
[2026-06-17T10:22:31.567+0800][13.186s][info][gc,phases   ] GC(126) Concurrent Destroy Detached Pages 0.001ms
[2026-06-17T10:22:31.568+0800][13.187s][info][gc,phases   ] GC(126) Concurrent Select Relocation Set 0.491ms
[2026-06-17T10:22:31.568+0800][13.187s][info][gc,phases   ] GC(126) Concurrent Prepare Relocation Set 0.008ms
[2026-06-17T10:22:31.570+0800][13.189s][info][gc,phases   ] GC(126) Pause Relocate Start 0.152ms
[2026-06-17T10:22:31.572+0800][13.190s][info][gc,phases   ] GC(126) Concurrent Relocate 1.517ms
[2026-06-17T10:22:31.572+0800][13.191s][info][gc,load     ] GC(126) Load: 0.24/0.21/0.28
[2026-06-17T10:22:31.572+0800][13.191s][info][gc,mmu      ] GC(126) MMU: 2ms/48.0%, 5ms/74.6%, 10ms/84.2%, 20ms/90.2%, 50ms/96.1%, 100ms/97.3%
[2026-06-17T10:22:31.572+0800][13.191s][info][gc,marking  ] GC(126) Mark: 2 stripe(s), 2 proactive flush(es), 1 terminate flush(es), 0 completion(s), 0 continuation(s) 
[2026-06-17T10:22:31.572+0800][13.191s][info][gc,reloc    ] GC(126) Relocation: Successful, 22M relocated
[2026-06-17T10:22:31.572+0800][13.191s][info][gc,nmethod  ] GC(126) NMethods: 23 registered, 0 unregistered
[2026-06-17T10:22:31.573+0800][13.191s][info][gc,metaspace] GC(126) Metaspace: 3M used, 4M capacity, 4M committed, 8M reserved
[2026-06-17T10:22:31.573+0800][13.191s][info][gc,ref      ] GC(126) Soft: 43 encountered, 0 discovered, 0 enqueued
[2026-06-17T10:22:31.573+0800][13.192s][info][gc,ref      ] GC(126) Weak: 7 encountered, 2 discovered, 0 enqueued
[2026-06-17T10:22:31.573+0800][13.192s][info][gc,ref      ] GC(126) Final: 0 encountered, 0 discovered, 0 enqueued
[2026-06-17T10:22:31.573+0800][13.192s][info][gc,ref      ] GC(126) Phantom: 1 encountered, 1 discovered, 0 enqueued
[2026-06-17T10:22:31.573+0800][13.192s][info][gc,heap     ] GC(126)                Mark Start          Mark End        Relocate Start      Relocate End           High               Low         
[2026-06-17T10:22:31.574+0800][13.192s][info][gc,heap     ] GC(126)  Capacity:      256M (100%)        256M (100%)        256M (100%)        256M (100%)        256M (100%)        256M (100%)   
[2026-06-17T10:22:31.574+0800][13.193s][info][gc,heap     ] GC(126)   Reserve:       62M (24%)          62M (24%)          62M (24%)          62M (24%)          62M (24%)          62M (24%)    
[2026-06-17T10:22:31.574+0800][13.193s][info][gc,heap     ] GC(126)      Free:       86M (34%)          82M (32%)         106M (41%)         144M (56%)         144M (56%)          70M (27%)    
[2026-06-17T10:22:31.574+0800][13.193s][info][gc,heap     ] GC(126)      Used:      108M (42%)         112M (44%)          88M (34%)          50M (20%)         124M (48%)          50M (20%)    
[2026-06-17T10:22:31.574+0800][13.193s][info][gc,heap     ] GC(126)      Live:         -                26M (10%)          26M (10%)          26M (10%)            -                  -          
[2026-06-17T10:22:31.574+0800][13.193s][info][gc,heap     ] GC(126) Allocated:         -                 4M (2%)            4M (2%)           44M (17%)            -                  -          
[2026-06-17T10:22:31.574+0800][13.193s][info][gc,heap     ] GC(126)   Garbage:         -                81M (32%)          57M (23%)          19M (8%)             -                  -          
[2026-06-17T10:22:31.574+0800][13.193s][info][gc,heap     ] GC(126) Reclaimed:         -                  -                24M (9%)           62M (24%)            -                  -          
[2026-06-17T10:22:31.575+0800][13.193s][info][gc          ] GC(126) Garbage Collection (Allocation Rate) 108M(42%)->50M(20%)
[2026-06-17T10:22:31.663+0800][13.282s][info][gc,start    ] GC(127) Garbage Collection (Allocation Rate)
[2026-06-17T10:22:31.664+0800][13.283s][info][gc,phases   ] GC(127) Pause Mark Start 0.185ms
[2026-06-17T10:22:31.666+0800][13.285s][info][gc,phases   ] GC(127) Concurrent Mark 1.430ms
[2026-06-17T10:22:31.667+0800][13.286s][info][gc,phases   ] GC(127) Pause Mark End 0.271ms
[2026-06-17T10:22:31.668+0800][13.286s][info][gc,phases   ] GC(127) Concurrent Process Non-Strong References 0.088ms
[2026-06-17T10:22:31.668+0800][13.287s][info][gc,phases   ] GC(127) Concurrent Reset Relocation Set 0.003ms
[2026-06-17T10:22:31.668+0800][13.287s][info][gc,phases   ] GC(127) Concurrent Destroy Detached Pages 0.001ms
[2026-06-17T10:22:31.669+0800][13.287s][info][gc,phases   ] GC(127) Concurrent Select Relocation Set 0.504ms
[2026-06-17T10:22:31.669+0800][13.288s][info][gc,phases   ] GC(127) Concurrent Prepare Relocation Set 0.017ms
[2026-06-17T10:22:31.669+0800][13.288s][info][gc,phases   ] GC(127) Pause Relocate Start 0.122ms
[2026-06-17T10:22:31.670+0800][13.289s][info][gc,phases   ] GC(127) Concurrent Relocate 0.437ms
[2026-06-17T10:22:31.670+0800][13.289s][info][gc,load     ] GC(127) Load: 0.24/0.21/0.28
[2026-06-17T10:22:31.670+0800][13.289s][info][gc,mmu      ] GC(127) MMU: 2ms/48.0%, 5ms/74.6%, 10ms/84.2%, 20ms/90.2%, 50ms/96.1%, 100ms/97.3%
[2026-06-17T10:22:31.671+0800][13.289s][info][gc,marking  ] GC(127) Mark: 2 stripe(s), 1 proactive flush(es), 1 terminate flush(es), 0 completion(s), 0 continuation(s) 
[2026-06-17T10:22:31.671+0800][13.289s][info][gc,reloc    ] GC(127) Relocation: Successful, 20M relocated
[2026-06-17T10:22:31.671+0800][13.290s][info][gc,nmethod  ] GC(127) NMethods: 23 registered, 0 unregistered
[2026-06-17T10:22:31.671+0800][13.290s][info][gc,metaspace] GC(127) Metaspace: 3M used, 4M capacity, 4M committed, 8M reserved
[2026-06-17T10:22:31.671+0800][13.290s][info][gc,ref      ] GC(127) Soft: 43 encountered, 0 discovered, 0 enqueued
[2026-06-17T10:22:31.671+0800][13.290s][info][gc,ref      ] GC(127) Weak: 7 encountered, 2 discovered, 0 enqueued
[2026-06-17T10:22:31.671+0800][13.290s][info][gc,ref      ] GC(127) Final: 0 encountered, 0 discovered, 0 enqueued
[2026-06-17T10:22:31.671+0800][13.290s][info][gc,ref      ] GC(127) Phantom: 1 encountered, 1 discovered, 0 enqueued
[2026-06-17T10:22:31.671+0800][13.290s][info][gc,heap     ] GC(127)                Mark Start          Mark End        Relocate Start      Relocate End           High               Low         
[2026-06-17T10:22:31.672+0800][13.290s][info][gc,heap     ] GC(127)  Capacity:      256M (100%)        256M (100%)        256M (100%)        256M (100%)        256M (100%)        256M (100%)   
[2026-06-17T10:22:31.672+0800][13.291s][info][gc,heap     ] GC(127)   Reserve:       62M (24%)          62M (24%)          62M (24%)          62M (24%)          62M (24%)          62M (24%)    
[2026-06-17T10:22:31.672+0800][13.291s][info][gc,heap     ] GC(127)      Free:      110M (43%)         110M (43%)         102M (40%)         112M (44%)         140M (55%)          94M (37%)    
[2026-06-17T10:22:31.672+0800][13.291s][info][gc,heap     ] GC(127)      Used:       84M (33%)          84M (33%)          92M (36%)          82M (32%)         100M (39%)          54M (21%)    
[2026-06-17T10:22:31.673+0800][13.291s][info][gc,heap     ] GC(127)      Live:         -                22M (9%)           22M (9%)           22M (9%)             -                  -          
[2026-06-17T10:22:31.673+0800][13.291s][info][gc,heap     ] GC(127) Allocated:         -                 0M (0%)           38M (15%)          48M (19%)            -                  -          
[2026-06-17T10:22:31.673+0800][13.292s][info][gc,heap     ] GC(127)   Garbage:         -                61M (24%)          31M (12%)          21M (8%)             -                  -          
[2026-06-17T10:22:31.673+0800][13.292s][info][gc,heap     ] GC(127) Reclaimed:         -                  -                30M (12%)          40M (16%)            -                  -          
[2026-06-17T10:22:31.673+0800][13.292s][info][gc          ] GC(127) Garbage Collection (Allocation Rate) 84M(33%)->82M(32%)
[2026-06-17T10:22:31.763+0800][13.381s][info][gc,start    ] GC(128) Garbage Collection (Allocation Rate)
[2026-06-17T10:22:31.764+0800][13.383s][info][gc,phases   ] GC(128) Pause Mark Start 0.374ms
[2026-06-17T10:22:31.769+0800][13.387s][info][gc,phases   ] GC(128) Concurrent Mark 1.438ms
[2026-06-17T10:22:31.771+0800][13.389s][info][gc,phases   ] GC(128) Pause Mark End 0.397ms
[2026-06-17T10:22:31.773+0800][13.392s][info][gc,phases   ] GC(128) Concurrent Process Non-Strong References 0.253ms
[2026-06-17T10:22:31.775+0800][13.394s][info][gc,phases   ] GC(128) Concurrent Reset Relocation Set 0.005ms
[2026-06-17T10:22:31.776+0800][13.395s][info][gc,phases   ] GC(128) Concurrent Destroy Detached Pages 0.002ms
[2026-06-17T10:22:31.779+0800][13.398s][info][gc,phases   ] GC(128) Concurrent Select Relocation Set 0.460ms
[2026-06-17T10:22:31.781+0800][13.400s][info][gc,phases   ] GC(128) Concurrent Prepare Relocation Set 0.014ms
[2026-06-17T10:22:31.782+0800][13.401s][info][gc,phases   ] GC(128) Pause Relocate Start 0.172ms
[2026-06-17T10:22:31.785+0800][13.404s][info][gc,phases   ] GC(128) Concurrent Relocate 1.477ms
[2026-06-17T10:22:31.786+0800][13.404s][info][gc,load     ] GC(128) Load: 0.24/0.21/0.28
[2026-06-17T10:22:31.786+0800][13.405s][info][gc,mmu      ] GC(128) MMU: 2ms/48.0%, 5ms/74.6%, 10ms/84.2%, 20ms/90.2%, 50ms/96.1%, 100ms/97.3%
[2026-06-17T10:22:31.787+0800][13.405s][info][gc,marking  ] GC(128) Mark: 2 stripe(s), 1 proactive flush(es), 1 terminate flush(es), 0 completion(s), 0 continuation(s) 
[2026-06-17T10:22:31.787+0800][13.406s][info][gc,reloc    ] GC(128) Relocation: Successful, 21M relocated
[2026-06-17T10:22:31.787+0800][13.406s][info][gc,nmethod  ] GC(128) NMethods: 23 registered, 0 unregistered
[2026-06-17T10:22:31.788+0800][13.406s][info][gc,metaspace] GC(128) Metaspace: 3M used, 4M capacity, 4M committed, 8M reserved
[2026-06-17T10:22:31.788+0800][13.407s][info][gc,ref      ] GC(128) Soft: 43 encountered, 0 discovered, 0 enqueued
[2026-06-17T10:22:31.788+0800][13.407s][info][gc,ref      ] GC(128) Weak: 7 encountered, 2 discovered, 0 enqueued
[2026-06-17T10:22:31.789+0800][13.408s][info][gc,ref      ] GC(128) Final: 0 encountered, 0 discovered, 0 enqueued
[2026-06-17T10:22:31.789+0800][13.408s][info][gc,ref      ] GC(128) Phantom: 1 encountered, 1 discovered, 0 enqueued
[2026-06-17T10:22:31.789+0800][13.408s][info][gc,heap     ] GC(128)                Mark Start          Mark End        Relocate Start      Relocate End           High               Low         
[2026-06-17T10:22:31.790+0800][13.408s][info][gc,heap     ] GC(128)  Capacity:      256M (100%)        256M (100%)        256M (100%)        256M (100%)        256M (100%)        256M (100%)   
[2026-06-17T10:22:31.790+0800][13.409s][info][gc,heap     ] GC(128)   Reserve:       62M (24%)          62M (24%)          62M (24%)          62M (24%)          62M (24%)          62M (24%)    
[2026-06-17T10:22:31.790+0800][13.409s][info][gc,heap     ] GC(128)      Free:       78M (30%)          78M (30%)         102M (40%)         142M (55%)         142M (55%)          64M (25%)    
[2026-06-17T10:22:31.791+0800][13.409s][info][gc,heap     ] GC(128)      Used:      116M (45%)         116M (45%)          92M (36%)          52M (20%)         130M (51%)          52M (20%)    
[2026-06-17T10:22:31.791+0800][13.410s][info][gc,heap     ] GC(128)      Live:         -                21M (8%)           21M (8%)           21M (8%)             -                  -          
[2026-06-17T10:22:31.791+0800][13.410s][info][gc,heap     ] GC(128) Allocated:         -                 0M (0%)            4M (2%)           50M (20%)            -                  -          
[2026-06-17T10:22:31.791+0800][13.410s][info][gc,heap     ] GC(128)   Garbage:         -                94M (37%)          66M (26%)          24M (10%)            -                  -          
[2026-06-17T10:22:31.791+0800][13.410s][info][gc,heap     ] GC(128) Reclaimed:         -                  -                28M (11%)          70M (27%)            -                  -          
[2026-06-17T10:22:31.791+0800][13.410s][info][gc          ] GC(128) Garbage Collection (Allocation Rate) 116M(45%)->52M(20%)
[2026-06-17T10:22:31.863+0800][13.481s][info][gc,start    ] GC(129) Garbage Collection (Allocation Rate)
[2026-06-17T10:22:31.864+0800][13.482s][info][gc,phases   ] GC(129) Pause Mark Start 0.175ms
[2026-06-17T10:22:31.866+0800][13.484s][info][gc,phases   ] GC(129) Concurrent Mark 1.466ms
[2026-06-17T10:22:31.866+0800][13.485s][info][gc,phases   ] GC(129) Pause Mark End 0.313ms
[2026-06-17T10:22:31.867+0800][13.486s][info][gc,phases   ] GC(129) Concurrent Process Non-Strong References 0.131ms
[2026-06-17T10:22:31.867+0800][13.486s][info][gc,phases   ] GC(129) Concurrent Reset Relocation Set 0.004ms
[2026-06-17T10:22:31.867+0800][13.486s][info][gc,phases   ] GC(129) Concurrent Destroy Detached Pages 0.001ms
[2026-06-17T10:22:31.868+0800][13.487s][info][gc,phases   ] GC(129) Concurrent Select Relocation Set 0.483ms
[2026-06-17T10:22:31.868+0800][13.487s][info][gc,phases   ] GC(129) Concurrent Prepare Relocation Set 0.003ms
[2026-06-17T10:22:31.869+0800][13.488s][info][gc,phases   ] GC(129) Pause Relocate Start 0.145ms
[2026-06-17T10:22:31.869+0800][13.488s][info][gc,phases   ] GC(129) Concurrent Relocate 0.200ms
[2026-06-17T10:22:31.870+0800][13.488s][info][gc,load     ] GC(129) Load: 0.24/0.21/0.28
[2026-06-17T10:22:31.870+0800][13.489s][info][gc,mmu      ] GC(129) MMU: 2ms/48.0%, 5ms/74.6%, 10ms/84.2%, 20ms/90.2%, 50ms/96.1%, 100ms/97.3%
[2026-06-17T10:22:31.870+0800][13.489s][info][gc,marking  ] GC(129) Mark: 2 stripe(s), 1 proactive flush(es), 1 terminate flush(es), 0 completion(s), 0 continuation(s) 
[2026-06-17T10:22:31.870+0800][13.489s][info][gc,reloc    ] GC(129) Relocation: Successful, 23M relocated
[2026-06-17T10:22:31.870+0800][13.489s][info][gc,nmethod  ] GC(129) NMethods: 23 registered, 0 unregistered
[2026-06-17T10:22:31.871+0800][13.489s][info][gc,metaspace] GC(129) Metaspace: 3M used, 4M capacity, 4M committed, 8M reserved
[2026-06-17T10:22:31.871+0800][13.489s][info][gc,ref      ] GC(129) Soft: 43 encountered, 0 discovered, 0 enqueued
[2026-06-17T10:22:31.871+0800][13.490s][info][gc,ref      ] GC(129) Weak: 7 encountered, 2 discovered, 0 enqueued
[2026-06-17T10:22:31.871+0800][13.490s][info][gc,ref      ] GC(129) Final: 0 encountered, 0 discovered, 0 enqueued
[2026-06-17T10:22:31.871+0800][13.490s][info][gc,ref      ] GC(129) Phantom: 1 encountered, 1 discovered, 0 enqueued
[2026-06-17T10:22:31.871+0800][13.490s][info][gc,heap     ] GC(129)                Mark Start          Mark End        Relocate Start      Relocate End           High               Low         
[2026-06-17T10:22:31.871+0800][13.490s][info][gc,heap     ] GC(129)  Capacity:      256M (100%)        256M (100%)        256M (100%)        256M (100%)        256M (100%)        256M (100%)   
[2026-06-17T10:22:31.872+0800][13.490s][info][gc,heap     ] GC(129)   Reserve:       62M (24%)          62M (24%)          62M (24%)          62M (24%)          62M (24%)          62M (24%)    
[2026-06-17T10:22:31.872+0800][13.490s][info][gc,heap     ] GC(129)      Free:      114M (45%)         114M (45%)         134M (52%)         146M (57%)         146M (57%)         110M (43%)    
[2026-06-17T10:22:31.872+0800][13.491s][info][gc,heap     ] GC(129)      Used:       80M (31%)          80M (31%)          60M (23%)          48M (19%)          84M (33%)          48M (19%)    
[2026-06-17T10:22:31.872+0800][13.491s][info][gc,heap     ] GC(129)      Live:         -                27M (11%)          27M (11%)          27M (11%)            -                  -          
[2026-06-17T10:22:31.872+0800][13.491s][info][gc,heap     ] GC(129) Allocated:         -                 0M (0%)            4M (2%)           10M (4%)             -                  -          
[2026-06-17T10:22:31.872+0800][13.491s][info][gc,heap     ] GC(129)   Garbage:         -                52M (20%)          28M (11%)          16M (6%)             -                  -          
[2026-06-17T10:22:31.873+0800][13.491s][info][gc,heap     ] GC(129) Reclaimed:         -                  -                24M (9%)           36M (14%)            -                  -          
[2026-06-17T10:22:31.873+0800][13.492s][info][gc          ] GC(129) Garbage Collection (Allocation Rate) 80M(31%)->48M(19%)
[2026-06-17T10:22:31.963+0800][13.582s][info][gc,start    ] GC(130) Garbage Collection (Allocation Rate)
[2026-06-17T10:22:31.964+0800][13.583s][info][gc,phases   ] GC(130) Pause Mark Start 0.180ms
[2026-06-17T10:22:31.966+0800][13.585s][info][gc,phases   ] GC(130) Concurrent Mark 1.457ms
[2026-06-17T10:22:31.967+0800][13.586s][info][gc,phases   ] GC(130) Pause Mark End 0.269ms
[2026-06-17T10:22:31.968+0800][13.586s][info][gc,phases   ] GC(130) Concurrent Process Non-Strong References 0.052ms
[2026-06-17T10:22:31.968+0800][13.587s][info][gc,phases   ] GC(130) Concurrent Reset Relocation Set 0.002ms
[2026-06-17T10:22:31.968+0800][13.587s][info][gc,phases   ] GC(130) Concurrent Destroy Detached Pages 0.001ms
[2026-06-17T10:22:31.969+0800][13.588s][info][gc,phases   ] GC(130) Concurrent Select Relocation Set 0.556ms
[2026-06-17T10:22:31.970+0800][13.588s][info][gc,phases   ] GC(130) Concurrent Prepare Relocation Set 0.005ms
[2026-06-17T10:22:31.970+0800][13.589s][info][gc,phases   ] GC(130) Pause Relocate Start 0.145ms
[2026-06-17T10:22:31.972+0800][13.591s][info][gc,phases   ] GC(130) Concurrent Relocate 1.836ms
[2026-06-17T10:22:31.973+0800][13.591s][info][gc,load     ] GC(130) Load: 0.24/0.21/0.28
[2026-06-17T10:22:31.973+0800][13.592s][info][gc,mmu      ] GC(130) MMU: 2ms/48.0%, 5ms/74.6%, 10ms/84.2%, 20ms/90.2%, 50ms/96.1%, 100ms/97.3%
[2026-06-17T10:22:31.973+0800][13.592s][info][gc,marking  ] GC(130) Mark: 2 stripe(s), 1 proactive flush(es), 1 terminate flush(es), 0 completion(s), 0 continuation(s) 
[2026-06-17T10:22:31.973+0800][13.592s][info][gc,reloc    ] GC(130) Relocation: Successful, 25M relocated
[2026-06-17T10:22:31.973+0800][13.592s][info][gc,nmethod  ] GC(130) NMethods: 23 registered, 0 unregistered
[2026-06-17T10:22:31.974+0800][13.592s][info][gc,metaspace] GC(130) Metaspace: 3M used, 4M capacity, 4M committed, 8M reserved
[2026-06-17T10:22:31.974+0800][13.593s][info][gc,ref      ] GC(130) Soft: 43 encountered, 0 discovered, 0 enqueued
[2026-06-17T10:22:31.974+0800][13.593s][info][gc,ref      ] GC(130) Weak: 7 encountered, 2 discovered, 0 enqueued
[2026-06-17T10:22:31.974+0800][13.593s][info][gc,ref      ] GC(130) Final: 0 encountered, 0 discovered, 0 enqueued
[2026-06-17T10:22:31.974+0800][13.593s][info][gc,ref      ] GC(130) Phantom: 1 encountered, 1 discovered, 0 enqueued
[2026-06-17T10:22:31.975+0800][13.593s][info][gc,heap     ] GC(130)                Mark Start          Mark End        Relocate Start      Relocate End           High               Low         
[2026-06-17T10:22:31.975+0800][13.594s][info][gc,heap     ] GC(130)  Capacity:      256M (100%)        256M (100%)        256M (100%)        256M (100%)        256M (100%)        256M (100%)   
[2026-06-17T10:22:31.975+0800][13.594s][info][gc,heap     ] GC(130)   Reserve:       62M (24%)          62M (24%)          62M (24%)          62M (24%)          62M (24%)          62M (24%)    
[2026-06-17T10:22:31.975+0800][13.594s][info][gc,heap     ] GC(130)      Free:       80M (31%)          80M (31%)         110M (43%)         144M (56%)         144M (56%)          70M (27%)    
[2026-06-17T10:22:31.976+0800][13.594s][info][gc,heap     ] GC(130)      Used:      114M (45%)         114M (45%)          84M (33%)          50M (20%)         124M (48%)          50M (20%)    
[2026-06-17T10:22:31.976+0800][13.595s][info][gc,heap     ] GC(130)      Live:         -                25M (10%)          25M (10%)          25M (10%)            -                  -          
[2026-06-17T10:22:31.976+0800][13.595s][info][gc,heap     ] GC(130) Allocated:         -                 0M (0%)            0M (0%)           46M (18%)            -                  -          
[2026-06-17T10:22:31.976+0800][13.595s][info][gc,heap     ] GC(130)   Garbage:         -                88M (35%)          58M (23%)          20M (8%)             -                  -          
[2026-06-17T10:22:31.976+0800][13.595s][info][gc,heap     ] GC(130) Reclaimed:         -                  -                30M (12%)          68M (27%)            -                  -          
[2026-06-17T10:22:31.976+0800][13.595s][info][gc          ] GC(130) Garbage Collection (Allocation Rate) 114M(45%)->50M(20%)
[2026-06-17T10:22:32.063+0800][13.682s][info][gc,start    ] GC(131) Garbage Collection (Allocation Rate)
[2026-06-17T10:22:32.064+0800][13.683s][info][gc,phases   ] GC(131) Pause Mark Start 0.170ms
[2026-06-17T10:22:32.066+0800][13.685s][info][gc,phases   ] GC(131) Concurrent Mark 1.355ms
[2026-06-17T10:22:32.067+0800][13.685s][info][gc,phases   ] GC(131) Pause Mark End 0.273ms
[2026-06-17T10:22:32.067+0800][13.686s][info][gc,phases   ] GC(131) Concurrent Process Non-Strong References 0.062ms
[2026-06-17T10:22:32.067+0800][13.686s][info][gc,phases   ] GC(131) Concurrent Reset Relocation Set 0.006ms
[2026-06-17T10:22:32.067+0800][13.686s][info][gc,phases   ] GC(131) Concurrent Destroy Detached Pages 0.001ms
[2026-06-17T10:22:32.068+0800][13.687s][info][gc,phases   ] GC(131) Concurrent Select Relocation Set 0.493ms
[2026-06-17T10:22:32.068+0800][13.687s][info][gc,phases   ] GC(131) Concurrent Prepare Relocation Set 0.011ms
[2026-06-17T10:22:32.069+0800][13.688s][info][gc,phases   ] GC(131) Pause Relocate Start 0.141ms
[2026-06-17T10:22:32.069+0800][13.688s][info][gc,phases   ] GC(131) Concurrent Relocate 0.248ms
[2026-06-17T10:22:32.070+0800][13.688s][info][gc,load     ] GC(131) Load: 0.24/0.21/0.28
[2026-06-17T10:22:32.070+0800][13.689s][info][gc,mmu      ] GC(131) MMU: 2ms/48.0%, 5ms/74.6%, 10ms/84.2%, 20ms/90.2%, 50ms/96.1%, 100ms/97.3%
[2026-06-17T10:22:32.070+0800][13.689s][info][gc,marking  ] GC(131) Mark: 2 stripe(s), 1 proactive flush(es), 1 terminate flush(es), 0 completion(s), 0 continuation(s) 
[2026-06-17T10:22:32.070+0800][13.689s][info][gc,reloc    ] GC(131) Relocation: Successful, 20M relocated
[2026-06-17T10:22:32.071+0800][13.689s][info][gc,nmethod  ] GC(131) NMethods: 23 registered, 0 unregistered
[2026-06-17T10:22:32.071+0800][13.689s][info][gc,metaspace] GC(131) Metaspace: 3M used, 4M capacity, 4M committed, 8M reserved
[2026-06-17T10:22:32.071+0800][13.690s][info][gc,ref      ] GC(131) Soft: 43 encountered, 0 discovered, 0 enqueued
[2026-06-17T10:22:32.071+0800][13.690s][info][gc,ref      ] GC(131) Weak: 7 encountered, 0 discovered, 0 enqueued
[2026-06-17T10:22:32.071+0800][13.690s][info][gc,ref      ] GC(131) Final: 0 encountered, 0 discovered, 0 enqueued
[2026-06-17T10:22:32.071+0800][13.690s][info][gc,ref      ] GC(131) Phantom: 1 encountered, 0 discovered, 0 enqueued
[2026-06-17T10:22:32.072+0800][13.690s][info][gc,heap     ] GC(131)                Mark Start          Mark End        Relocate Start      Relocate End           High               Low         
[2026-06-17T10:22:32.072+0800][13.690s][info][gc,heap     ] GC(131)  Capacity:      256M (100%)        256M (100%)        256M (100%)        256M (100%)        256M (100%)        256M (100%)   
[2026-06-17T10:22:32.072+0800][13.691s][info][gc,heap     ] GC(131)   Reserve:       62M (24%)          62M (24%)          62M (24%)          62M (24%)          62M (24%)          62M (24%)    
[2026-06-17T10:22:32.072+0800][13.691s][info][gc,heap     ] GC(131)      Free:      112M (44%)         108M (42%)         136M (53%)         148M (58%)         148M (58%)         108M (42%)    
[2026-06-17T10:22:32.072+0800][13.691s][info][gc,heap     ] GC(131)      Used:       82M (32%)          86M (34%)          58M (23%)          46M (18%)          86M (34%)          46M (18%)    
[2026-06-17T10:22:32.073+0800][13.691s][info][gc,heap     ] GC(131)      Live:         -                22M (9%)           22M (9%)           22M (9%)             -                  -          
[2026-06-17T10:22:32.073+0800][13.691s][info][gc,heap     ] GC(131) Allocated:         -                 4M (2%)            4M (2%)           12M (5%)             -                  -          
[2026-06-17T10:22:32.073+0800][13.692s][info][gc,heap     ] GC(131)   Garbage:         -                59M (23%)          31M (12%)          19M (8%)             -                  -          
[2026-06-17T10:22:32.073+0800][13.692s][info][gc,heap     ] GC(131) Reclaimed:         -                  -                28M (11%)          40M (16%)            -                  -          
[2026-06-17T10:22:32.073+0800][13.692s][info][gc          ] GC(131) Garbage Collection (Allocation Rate) 82M(32%)->46M(18%)
[2026-06-17T10:22:32.163+0800][13.782s][info][gc,start    ] GC(132) Garbage Collection (Allocation Rate)
[2026-06-17T10:22:32.164+0800][13.783s][info][gc,phases   ] GC(132) Pause Mark Start 0.219ms
[2026-06-17T10:22:32.166+0800][13.785s][info][gc,phases   ] GC(132) Concurrent Mark 1.605ms
[2026-06-17T10:22:32.167+0800][13.786s][info][gc,phases   ] GC(132) Pause Mark End 0.311ms
[2026-06-17T10:22:32.168+0800][13.786s][info][gc,phases   ] GC(132) Concurrent Process Non-Strong References 0.090ms
[2026-06-17T10:22:32.168+0800][13.787s][info][gc,phases   ] GC(132) Concurrent Reset Relocation Set 0.005ms
[2026-06-17T10:22:32.168+0800][13.787s][info][gc,phases   ] GC(132) Concurrent Destroy Detached Pages 0.001ms
[2026-06-17T10:22:32.169+0800][13.788s][info][gc,phases   ] GC(132) Concurrent Select Relocation Set 0.694ms
[2026-06-17T10:22:32.169+0800][13.788s][info][gc,phases   ] GC(132) Concurrent Prepare Relocation Set 0.009ms
[2026-06-17T10:22:32.170+0800][13.789s][info][gc,phases   ] GC(132) Pause Relocate Start 0.141ms
[2026-06-17T10:22:32.172+0800][13.791s][info][gc,phases   ] GC(132) Concurrent Relocate 1.899ms
[2026-06-17T10:22:32.172+0800][13.791s][info][gc,load     ] GC(132) Load: 0.24/0.21/0.28
[2026-06-17T10:22:32.173+0800][13.791s][info][gc,mmu      ] GC(132) MMU: 2ms/48.0%, 5ms/74.6%, 10ms/84.2%, 20ms/90.2%, 50ms/96.1%, 100ms/97.3%
[2026-06-17T10:22:32.173+0800][13.791s][info][gc,marking  ] GC(132) Mark: 2 stripe(s), 1 proactive flush(es), 1 terminate flush(es), 0 completion(s), 0 continuation(s) 
[2026-06-17T10:22:32.173+0800][13.792s][info][gc,reloc    ] GC(132) Relocation: Successful, 25M relocated
[2026-06-17T10:22:32.173+0800][13.792s][info][gc,nmethod  ] GC(132) NMethods: 23 registered, 0 unregistered
[2026-06-17T10:22:32.173+0800][13.792s][info][gc,metaspace] GC(132) Metaspace: 3M used, 4M capacity, 4M committed, 8M reserved
[2026-06-17T10:22:32.173+0800][13.792s][info][gc,ref      ] GC(132) Soft: 43 encountered, 0 discovered, 0 enqueued
[2026-06-17T10:22:32.173+0800][13.792s][info][gc,ref      ] GC(132) Weak: 7 encountered, 2 discovered, 0 enqueued
[2026-06-17T10:22:32.174+0800][13.792s][info][gc,ref      ] GC(132) Final: 0 encountered, 0 discovered, 0 enqueued
[2026-06-17T10:22:32.174+0800][13.793s][info][gc,ref      ] GC(132) Phantom: 1 encountered, 1 discovered, 0 enqueued
[2026-06-17T10:22:32.174+0800][13.793s][info][gc,heap     ] GC(132)                Mark Start          Mark End        Relocate Start      Relocate End           High               Low         
[2026-06-17T10:22:32.174+0800][13.793s][info][gc,heap     ] GC(132)  Capacity:      256M (100%)        256M (100%)        256M (100%)        256M (100%)        256M (100%)        256M (100%)   
[2026-06-17T10:22:32.174+0800][13.793s][info][gc,heap     ] GC(132)   Reserve:       62M (24%)          62M (24%)          62M (24%)          62M (24%)          62M (24%)          62M (24%)    
[2026-06-17T10:22:32.174+0800][13.793s][info][gc,heap     ] GC(132)      Free:       80M (31%)          80M (31%)         112M (44%)         142M (55%)         142M (55%)          72M (28%)    
[2026-06-17T10:22:32.174+0800][13.793s][info][gc,heap     ] GC(132)      Used:      114M (45%)         114M (45%)          82M (32%)          52M (20%)         122M (48%)          52M (20%)    
[2026-06-17T10:22:32.175+0800][13.793s][info][gc,heap     ] GC(132)      Live:         -                28M (11%)          28M (11%)          28M (11%)            -                  -          
[2026-06-17T10:22:32.176+0800][13.795s][info][gc,heap     ] GC(132) Allocated:         -                 0M (0%)            0M (0%)           46M (18%)            -                  -          
[2026-06-17T10:22:32.176+0800][13.795s][info][gc,heap     ] GC(132)   Garbage:         -                85M (34%)          53M (21%)          17M (7%)             -                  -          
[2026-06-17T10:22:32.176+0800][13.795s][info][gc,heap     ] GC(132) Reclaimed:         -                  -                32M (12%)          68M (27%)            -                  -          
[2026-06-17T10:22:32.177+0800][13.795s][info][gc          ] GC(132) Garbage Collection (Allocation Rate) 114M(45%)->52M(20%)
[2026-06-17T10:22:32.263+0800][13.881s][info][gc,start    ] GC(133) Garbage Collection (Allocation Rate)
[2026-06-17T10:22:32.264+0800][13.882s][info][gc,phases   ] GC(133) Pause Mark Start 0.193ms
[2026-06-17T10:22:32.266+0800][13.884s][info][gc,phases   ] GC(133) Concurrent Mark 1.506ms
[2026-06-17T10:22:32.267+0800][13.885s][info][gc,phases   ] GC(133) Pause Mark End 0.420ms
[2026-06-17T10:22:32.267+0800][13.886s][info][gc,phases   ] GC(133) Concurrent Process Non-Strong References 0.127ms
[2026-06-17T10:22:32.267+0800][13.886s][info][gc,phases   ] GC(133) Concurrent Reset Relocation Set 0.003ms
[2026-06-17T10:22:32.268+0800][13.886s][info][gc,phases   ] GC(133) Concurrent Destroy Detached Pages 0.001ms
[2026-06-17T10:22:32.269+0800][13.887s][info][gc,phases   ] GC(133) Concurrent Select Relocation Set 0.588ms
[2026-06-17T10:22:32.269+0800][13.888s][info][gc,phases   ] GC(133) Concurrent Prepare Relocation Set 0.005ms
[2026-06-17T10:22:32.270+0800][13.888s][info][gc,phases   ] GC(133) Pause Relocate Start 0.141ms
[2026-06-17T10:22:32.270+0800][13.889s][info][gc,phases   ] GC(133) Concurrent Relocate 0.243ms
[2026-06-17T10:22:32.271+0800][13.889s][info][gc,load     ] GC(133) Load: 0.24/0.21/0.28
[2026-06-17T10:22:32.271+0800][13.890s][info][gc,mmu      ] GC(133) MMU: 2ms/48.0%, 5ms/74.6%, 10ms/84.2%, 20ms/90.2%, 50ms/96.1%, 100ms/97.3%
[2026-06-17T10:22:32.271+0800][13.890s][info][gc,marking  ] GC(133) Mark: 2 stripe(s), 1 proactive flush(es), 1 terminate flush(es), 0 completion(s), 0 continuation(s) 
[2026-06-17T10:22:32.271+0800][13.890s][info][gc,reloc    ] GC(133) Relocation: Successful, 24M relocated
[2026-06-17T10:22:32.271+0800][13.890s][info][gc,nmethod  ] GC(133) NMethods: 23 registered, 0 unregistered
[2026-06-17T10:22:32.272+0800][13.890s][info][gc,metaspace] GC(133) Metaspace: 3M used, 4M capacity, 4M committed, 8M reserved
[2026-06-17T10:22:32.272+0800][13.891s][info][gc,ref      ] GC(133) Soft: 43 encountered, 0 discovered, 0 enqueued
[2026-06-17T10:22:32.272+0800][13.891s][info][gc,ref      ] GC(133) Weak: 7 encountered, 0 discovered, 0 enqueued
[2026-06-17T10:22:32.272+0800][13.891s][info][gc,ref      ] GC(133) Final: 0 encountered, 0 discovered, 0 enqueued
[2026-06-17T10:22:32.273+0800][13.891s][info][gc,ref      ] GC(133) Phantom: 1 encountered, 1 discovered, 0 enqueued
[2026-06-17T10:22:32.273+0800][13.892s][info][gc,heap     ] GC(133)                Mark Start          Mark End        Relocate Start      Relocate End           High               Low         
[2026-06-17T10:22:32.273+0800][13.892s][info][gc,heap     ] GC(133)  Capacity:      256M (100%)        256M (100%)        256M (100%)        256M (100%)        256M (100%)        256M (100%)   
[2026-06-17T10:22:32.273+0800][13.892s][info][gc,heap     ] GC(133)   Reserve:       62M (24%)          62M (24%)          62M (24%)          62M (24%)          62M (24%)          62M (24%)    
[2026-06-17T10:22:32.274+0800][13.892s][info][gc,heap     ] GC(133)      Free:      114M (45%)          76M (30%)         100M (39%)         116M (45%)         116M (45%)          76M (30%)    
[2026-06-17T10:22:32.274+0800][13.892s][info][gc,heap     ] GC(133)      Used:       80M (31%)         118M (46%)          94M (37%)          78M (30%)         118M (46%)          78M (30%)    
[2026-06-17T10:22:32.274+0800][13.892s][info][gc,heap     ] GC(133)      Live:         -                26M (10%)          26M (10%)          26M (10%)            -                  -          
[2026-06-17T10:22:32.274+0800][13.893s][info][gc,heap     ] GC(133) Allocated:         -                38M (15%)          38M (15%)          44M (17%)            -                  -          
[2026-06-17T10:22:32.274+0800][13.893s][info][gc,heap     ] GC(133)   Garbage:         -                53M (21%)          29M (12%)          13M (5%)             -                  -          
[2026-06-17T10:22:32.274+0800][13.893s][info][gc,heap     ] GC(133) Reclaimed:         -                  -                24M (9%)           40M (16%)            -                  -          
[2026-06-17T10:22:32.274+0800][13.893s][info][gc          ] GC(133) Garbage Collection (Allocation Rate) 80M(31%)->78M(30%)
[2026-06-17T10:22:32.363+0800][13.982s][info][gc,start    ] GC(134) Garbage Collection (Allocation Rate)
[2026-06-17T10:22:32.364+0800][13.983s][info][gc,phases   ] GC(134) Pause Mark Start 0.177ms
[2026-06-17T10:22:32.366+0800][13.984s][info][gc,phases   ] GC(134) Concurrent Mark 1.499ms
[2026-06-17T10:22:32.367+0800][13.986s][info][gc,phases   ] GC(134) Pause Mark End 0.303ms
[2026-06-17T10:22:32.367+0800][13.986s][info][gc,phases   ] GC(134) Concurrent Process Non-Strong References 0.100ms
[2026-06-17T10:22:32.367+0800][13.986s][info][gc,phases   ] GC(134) Concurrent Reset Relocation Set 0.003ms
[2026-06-17T10:22:32.368+0800][13.986s][info][gc,phases   ] GC(134) Concurrent Destroy Detached Pages 0.001ms
[2026-06-17T10:22:32.368+0800][13.987s][info][gc,phases   ] GC(134) Concurrent Select Relocation Set 0.551ms
[2026-06-17T10:22:32.369+0800][13.987s][info][gc,phases   ] GC(134) Concurrent Prepare Relocation Set 0.013ms
[2026-06-17T10:22:32.369+0800][13.988s][info][gc,phases   ] GC(134) Pause Relocate Start 0.192ms
[2026-06-17T10:22:32.371+0800][13.990s][info][gc,phases   ] GC(134) Concurrent Relocate 1.636ms
[2026-06-17T10:22:32.377+0800][13.996s][info][gc,load     ] GC(134) Load: 0.24/0.21/0.28
[2026-06-17T10:22:32.381+0800][14.000s][info][gc,mmu      ] GC(134) MMU: 2ms/48.0%, 5ms/74.6%, 10ms/84.2%, 20ms/90.2%, 50ms/96.1%, 100ms/97.3%
[2026-06-17T10:22:32.384+0800][14.003s][info][gc,marking  ] GC(134) Mark: 2 stripe(s), 1 proactive flush(es), 1 terminate flush(es), 0 completion(s), 0 continuation(s) 
[2026-06-17T10:22:32.387+0800][14.005s][info][gc,reloc    ] GC(134) Relocation: Successful, 19M relocated
[2026-06-17T10:22:32.387+0800][14.006s][info][gc,nmethod  ] GC(134) NMethods: 23 registered, 0 unregistered
[2026-06-17T10:22:32.387+0800][14.006s][info][gc,metaspace] GC(134) Metaspace: 3M used, 4M capacity, 4M committed, 8M reserved
[2026-06-17T10:22:32.387+0800][14.006s][info][gc,ref      ] GC(134) Soft: 43 encountered, 0 discovered, 0 enqueued
[2026-06-17T10:22:32.388+0800][14.007s][info][gc,ref      ] GC(134) Weak: 7 encountered, 2 discovered, 0 enqueued
[2026-06-17T10:22:32.391+0800][14.010s][info][gc,ref      ] GC(134) Final: 0 encountered, 0 discovered, 0 enqueued
[2026-06-17T10:22:32.391+0800][14.010s][info][gc,ref      ] GC(134) Phantom: 1 encountered, 1 discovered, 0 enqueued
[2026-06-17T10:22:32.392+0800][14.011s][info][gc,heap     ] GC(134)                Mark Start          Mark End        Relocate Start      Relocate End           High               Low         
[2026-06-17T10:22:32.392+0800][14.011s][info][gc,heap     ] GC(134)  Capacity:      256M (100%)        256M (100%)        256M (100%)        256M (100%)        256M (100%)        256M (100%)   
[2026-06-17T10:22:32.393+0800][14.012s][info][gc,heap     ] GC(134)   Reserve:       62M (24%)          62M (24%)          62M (24%)          62M (24%)          62M (24%)          62M (24%)    
[2026-06-17T10:22:32.394+0800][14.012s][info][gc,heap     ] GC(134)      Free:       82M (32%)          82M (32%)         110M (43%)         148M (58%)         148M (58%)          68M (27%)    
[2026-06-17T10:22:32.394+0800][14.013s][info][gc,heap     ] GC(134)      Used:      112M (44%)         112M (44%)          84M (33%)          46M (18%)         126M (49%)          46M (18%)    
[2026-06-17T10:22:32.394+0800][14.013s][info][gc,heap     ] GC(134)      Live:         -                19M (8%)           19M (8%)           19M (8%)             -                  -          
[2026-06-17T10:22:32.395+0800][14.013s][info][gc,heap     ] GC(134) Allocated:         -                 0M (0%)            0M (0%)           46M (18%)            -                  -          
[2026-06-17T10:22:32.395+0800][14.014s][info][gc,heap     ] GC(134)   Garbage:         -                92M (36%)          64M (25%)          22M (9%)             -                  -          
[2026-06-17T10:22:32.395+0800][14.014s][info][gc,heap     ] GC(134) Reclaimed:         -                  -                28M (11%)          70M (27%)            -                  -          
[2026-06-17T10:22:32.396+0800][14.015s][info][gc          ] GC(134) Garbage Collection (Allocation Rate) 112M(44%)->46M(18%)
[2026-06-17T10:22:32.463+0800][14.082s][info][gc,start    ] GC(135) Garbage Collection (Allocation Rate)
[2026-06-17T10:22:32.464+0800][14.083s][info][gc,phases   ] GC(135) Pause Mark Start 0.174ms
[2026-06-17T10:22:32.466+0800][14.085s][info][gc,phases   ] GC(135) Concurrent Mark 1.522ms
[2026-06-17T10:22:32.467+0800][14.086s][info][gc,phases   ] GC(135) Pause Mark End 0.338ms
[2026-06-17T10:22:32.467+0800][14.086s][info][gc,phases   ] GC(135) Concurrent Process Non-Strong References 0.087ms
[2026-06-17T10:22:32.468+0800][14.086s][info][gc,phases   ] GC(135) Concurrent Reset Relocation Set 0.003ms
[2026-06-17T10:22:32.468+0800][14.087s][info][gc,phases   ] GC(135) Concurrent Destroy Detached Pages 0.001ms
[2026-06-17T10:22:32.469+0800][14.088s][info][gc,phases   ] GC(135) Concurrent Select Relocation Set 0.572ms
[2026-06-17T10:22:32.469+0800][14.088s][info][gc,phases   ] GC(135) Concurrent Prepare Relocation Set 0.003ms
[2026-06-17T10:22:32.470+0800][14.088s][info][gc,phases   ] GC(135) Pause Relocate Start 0.153ms
[2026-06-17T10:22:32.470+0800][14.089s][info][gc,phases   ] GC(135) Concurrent Relocate 0.238ms
[2026-06-17T10:22:32.470+0800][14.089s][info][gc,load     ] GC(135) Load: 0.24/0.21/0.28
[2026-06-17T10:22:32.471+0800][14.089s][info][gc,mmu      ] GC(135) MMU: 2ms/48.0%, 5ms/74.6%, 10ms/84.2%, 20ms/90.2%, 50ms/96.1%, 100ms/97.3%
[2026-06-17T10:22:32.471+0800][14.090s][info][gc,marking  ] GC(135) Mark: 2 stripe(s), 2 proactive flush(es), 1 terminate flush(es), 0 completion(s), 0 continuation(s) 
[2026-06-17T10:22:32.471+0800][14.090s][info][gc,reloc    ] GC(135) Relocation: Successful, 21M relocated
[2026-06-17T10:22:32.472+0800][14.090s][info][gc,nmethod  ] GC(135) NMethods: 23 registered, 0 unregistered
[2026-06-17T10:22:32.472+0800][14.091s][info][gc,metaspace] GC(135) Metaspace: 3M used, 4M capacity, 4M committed, 8M reserved
[2026-06-17T10:22:32.472+0800][14.091s][info][gc,ref      ] GC(135) Soft: 43 encountered, 0 discovered, 0 enqueued
[2026-06-17T10:22:32.473+0800][14.091s][info][gc,ref      ] GC(135) Weak: 7 encountered, 2 discovered, 0 enqueued
[2026-06-17T10:22:32.473+0800][14.092s][info][gc,ref      ] GC(135) Final: 0 encountered, 0 discovered, 0 enqueued
[2026-06-17T10:22:32.473+0800][14.092s][info][gc,ref      ] GC(135) Phantom: 1 encountered, 1 discovered, 0 enqueued
[2026-06-17T10:22:32.474+0800][14.092s][info][gc,heap     ] GC(135)                Mark Start          Mark End        Relocate Start      Relocate End           High               Low         
[2026-06-17T10:22:32.474+0800][14.093s][info][gc,heap     ] GC(135)  Capacity:      256M (100%)        256M (100%)        256M (100%)        256M (100%)        256M (100%)        256M (100%)   
[2026-06-17T10:22:32.474+0800][14.093s][info][gc,heap     ] GC(135)   Reserve:       62M (24%)          62M (24%)          62M (24%)          62M (24%)          62M (24%)          62M (24%)    
[2026-06-17T10:22:32.475+0800][14.093s][info][gc,heap     ] GC(135)      Free:      116M (45%)         112M (44%)         138M (54%)         146M (57%)         146M (57%)         112M (44%)    
[2026-06-17T10:22:32.475+0800][14.094s][info][gc,heap     ] GC(135)      Used:       78M (30%)          82M (32%)          56M (22%)          48M (19%)          82M (32%)          48M (19%)    
[2026-06-17T10:22:32.475+0800][14.094s][info][gc,heap     ] GC(135)      Live:         -                25M (10%)          25M (10%)          25M (10%)            -                  -          
[2026-06-17T10:22:32.476+0800][14.094s][info][gc,heap     ] GC(135) Allocated:         -                 4M (2%)            4M (2%)           12M (5%)             -                  -          
[2026-06-17T10:22:32.476+0800][14.095s][info][gc,heap     ] GC(135)   Garbage:         -                52M (20%)          26M (10%)          18M (7%)             -                  -          
[2026-06-17T10:22:32.476+0800][14.095s][info][gc,heap     ] GC(135) Reclaimed:         -                  -                26M (10%)          34M (13%)            -                  -          
[2026-06-17T10:22:32.476+0800][14.095s][info][gc          ] GC(135) Garbage Collection (Allocation Rate) 78M(30%)->48M(19%)
[2026-06-17T10:22:32.563+0800][14.182s][info][gc,start    ] GC(136) Garbage Collection (Allocation Rate)
[2026-06-17T10:22:32.564+0800][14.183s][info][gc,phases   ] GC(136) Pause Mark Start 0.176ms
[2026-06-17T10:22:32.566+0800][14.185s][info][gc,phases   ] GC(136) Concurrent Mark 1.448ms
[2026-06-17T10:22:32.567+0800][14.186s][info][gc,phases   ] GC(136) Pause Mark End 0.325ms
[2026-06-17T10:22:32.567+0800][14.186s][info][gc,phases   ] GC(136) Concurrent Process Non-Strong References 0.069ms
[2026-06-17T10:22:32.568+0800][14.186s][info][gc,phases   ] GC(136) Concurrent Reset Relocation Set 0.004ms
[2026-06-17T10:22:32.568+0800][14.187s][info][gc,phases   ] GC(136) Concurrent Destroy Detached Pages 0.001ms
[2026-06-17T10:22:32.568+0800][14.187s][info][gc,phases   ] GC(136) Concurrent Select Relocation Set 0.517ms
[2026-06-17T10:22:32.569+0800][14.187s][info][gc,phases   ] GC(136) Concurrent Prepare Relocation Set 0.002ms
[2026-06-17T10:22:32.569+0800][14.188s][info][gc,phases   ] GC(136) Pause Relocate Start 0.159ms
[2026-06-17T10:22:32.572+0800][14.190s][info][gc,phases   ] GC(136) Concurrent Relocate 2.163ms
[2026-06-17T10:22:32.572+0800][14.191s][info][gc,load     ] GC(136) Load: 0.24/0.21/0.28
[2026-06-17T10:22:32.572+0800][14.191s][info][gc,mmu      ] GC(136) MMU: 2ms/48.0%, 5ms/74.6%, 10ms/84.2%, 20ms/90.2%, 50ms/96.1%, 100ms/97.3%
[2026-06-17T10:22:32.572+0800][14.191s][info][gc,marking  ] GC(136) Mark: 2 stripe(s), 1 proactive flush(es), 1 terminate flush(es), 0 completion(s), 0 continuation(s) 
[2026-06-17T10:22:32.573+0800][14.192s][info][gc,reloc    ] GC(136) Relocation: Successful, 22M relocated
[2026-06-17T10:22:32.573+0800][14.192s][info][gc,nmethod  ] GC(136) NMethods: 23 registered, 0 unregistered
[2026-06-17T10:22:32.573+0800][14.192s][info][gc,metaspace] GC(136) Metaspace: 3M used, 4M capacity, 4M committed, 8M reserved
[2026-06-17T10:22:32.574+0800][14.192s][info][gc,ref      ] GC(136) Soft: 43 encountered, 0 discovered, 0 enqueued
[2026-06-17T10:22:32.574+0800][14.192s][info][gc,ref      ] GC(136) Weak: 7 encountered, 0 discovered, 0 enqueued
[2026-06-17T10:22:32.574+0800][14.193s][info][gc,ref      ] GC(136) Final: 0 encountered, 0 discovered, 0 enqueued
[2026-06-17T10:22:32.574+0800][14.193s][info][gc,ref      ] GC(136) Phantom: 1 encountered, 1 discovered, 0 enqueued
[2026-06-17T10:22:32.574+0800][14.193s][info][gc,heap     ] GC(136)                Mark Start          Mark End        Relocate Start      Relocate End           High               Low         
[2026-06-17T10:22:32.574+0800][14.193s][info][gc,heap     ] GC(136)  Capacity:      256M (100%)        256M (100%)        256M (100%)        256M (100%)        256M (100%)        256M (100%)   
[2026-06-17T10:22:32.575+0800][14.194s][info][gc,heap     ] GC(136)   Reserve:       62M (24%)          62M (24%)          62M (24%)          62M (24%)          62M (24%)          62M (24%)    
[2026-06-17T10:22:32.575+0800][14.194s][info][gc,heap     ] GC(136)      Free:       80M (31%)          80M (31%)         112M (44%)         146M (57%)         146M (57%)          72M (28%)    
[2026-06-17T10:22:32.575+0800][14.194s][info][gc,heap     ] GC(136)      Used:      114M (45%)         114M (45%)          82M (32%)          48M (19%)         122M (48%)          48M (19%)    
[2026-06-17T10:22:32.575+0800][14.194s][info][gc,heap     ] GC(136)      Live:         -                22M (9%)           22M (9%)           22M (9%)             -                  -          
[2026-06-17T10:22:32.576+0800][14.195s][info][gc,heap     ] GC(136) Allocated:         -                 0M (0%)            0M (0%)           44M (17%)            -                  -          
[2026-06-17T10:22:32.576+0800][14.195s][info][gc,heap     ] GC(136)   Garbage:         -                91M (36%)          59M (23%)          21M (8%)             -                  -          
[2026-06-17T10:22:32.576+0800][14.195s][info][gc,heap     ] GC(136) Reclaimed:         -                  -                32M (12%)          70M (27%)            -                  -          
[2026-06-17T10:22:32.577+0800][14.195s][info][gc          ] GC(136) Garbage Collection (Allocation Rate) 114M(45%)->48M(19%)
[2026-06-17T10:22:32.663+0800][14.281s][info][gc,start    ] GC(137) Garbage Collection (Allocation Rate)
[2026-06-17T10:22:32.663+0800][14.282s][info][gc,phases   ] GC(137) Pause Mark Start 0.168ms
[2026-06-17T10:22:32.665+0800][14.284s][info][gc,phases   ] GC(137) Concurrent Mark 1.397ms
[2026-06-17T10:22:32.666+0800][14.285s][info][gc,phases   ] GC(137) Pause Mark End 0.285ms
[2026-06-17T10:22:32.666+0800][14.285s][info][gc,phases   ] GC(137) Concurrent Process Non-Strong References 0.059ms
[2026-06-17T10:22:32.666+0800][14.285s][info][gc,phases   ] GC(137) Concurrent Reset Relocation Set 0.004ms
[2026-06-17T10:22:32.667+0800][14.285s][info][gc,phases   ] GC(137) Concurrent Destroy Detached Pages 0.001ms
[2026-06-17T10:22:32.667+0800][14.286s][info][gc,phases   ] GC(137) Concurrent Select Relocation Set 0.517ms
[2026-06-17T10:22:32.668+0800][14.287s][info][gc,phases   ] GC(137) Concurrent Prepare Relocation Set 0.011ms
[2026-06-17T10:22:32.668+0800][14.287s][info][gc,phases   ] GC(137) Pause Relocate Start 0.171ms
[2026-06-17T10:22:32.669+0800][14.288s][info][gc,phases   ] GC(137) Concurrent Relocate 0.623ms
[2026-06-17T10:22:32.670+0800][14.288s][info][gc,load     ] GC(137) Load: 0.24/0.21/0.28
[2026-06-17T10:22:32.670+0800][14.289s][info][gc,mmu      ] GC(137) MMU: 2ms/48.0%, 5ms/74.6%, 10ms/84.2%, 20ms/90.2%, 50ms/96.1%, 100ms/97.3%
[2026-06-17T10:22:32.670+0800][14.289s][info][gc,marking  ] GC(137) Mark: 2 stripe(s), 2 proactive flush(es), 1 terminate flush(es), 0 completion(s), 0 continuation(s) 
[2026-06-17T10:22:32.670+0800][14.289s][info][gc,reloc    ] GC(137) Relocation: Successful, 25M relocated
[2026-06-17T10:22:32.671+0800][14.289s][info][gc,nmethod  ] GC(137) NMethods: 23 registered, 0 unregistered
[2026-06-17T10:22:32.671+0800][14.290s][info][gc,metaspace] GC(137) Metaspace: 3M used, 4M capacity, 4M committed, 8M reserved
[2026-06-17T10:22:32.671+0800][14.290s][info][gc,ref      ] GC(137) Soft: 43 encountered, 0 discovered, 0 enqueued
[2026-06-17T10:22:32.672+0800][14.290s][info][gc,ref      ] GC(137) Weak: 7 encountered, 2 discovered, 0 enqueued
[2026-06-17T10:22:32.672+0800][14.291s][info][gc,ref      ] GC(137) Final: 0 encountered, 0 discovered, 0 enqueued
[2026-06-17T10:22:32.672+0800][14.291s][info][gc,ref      ] GC(137) Phantom: 1 encountered, 1 discovered, 0 enqueued
[2026-06-17T10:22:32.672+0800][14.291s][info][gc,heap     ] GC(137)                Mark Start          Mark End        Relocate Start      Relocate End           High               Low         
[2026-06-17T10:22:32.672+0800][14.291s][info][gc,heap     ] GC(137)  Capacity:      256M (100%)        256M (100%)        256M (100%)        256M (100%)        256M (100%)        256M (100%)   
[2026-06-17T10:22:32.673+0800][14.291s][info][gc,heap     ] GC(137)   Reserve:       62M (24%)          62M (24%)          62M (24%)          62M (24%)          62M (24%)          62M (24%)    
[2026-06-17T10:22:32.673+0800][14.292s][info][gc,heap     ] GC(137)      Free:      114M (45%)         110M (43%)         136M (53%)         144M (56%)         144M (56%)         110M (43%)    
[2026-06-17T10:22:32.673+0800][14.292s][info][gc,heap     ] GC(137)      Used:       80M (31%)          84M (33%)          58M (23%)          50M (20%)          84M (33%)          50M (20%)    
[2026-06-17T10:22:32.674+0800][14.292s][info][gc,heap     ] GC(137)      Live:         -                27M (11%)          27M (11%)          27M (11%)            -                  -          
[2026-06-17T10:22:32.674+0800][14.293s][info][gc,heap     ] GC(137) Allocated:         -                 4M (2%)            4M (2%)           14M (5%)             -                  -          
[2026-06-17T10:22:32.674+0800][14.293s][info][gc,heap     ] GC(137)   Garbage:         -                52M (20%)          26M (10%)          18M (7%)             -                  -          
[2026-06-17T10:22:32.675+0800][14.293s][info][gc,heap     ] GC(137) Reclaimed:         -                  -                26M (10%)          34M (13%)            -                  -          
[2026-06-17T10:22:32.675+0800][14.294s][info][gc          ] GC(137) Garbage Collection (Allocation Rate) 80M(31%)->50M(20%)
[2026-06-17T10:22:32.763+0800][14.381s][info][gc,start    ] GC(138) Garbage Collection (Allocation Rate)
[2026-06-17T10:22:32.764+0800][14.382s][info][gc,phases   ] GC(138) Pause Mark Start 0.174ms
[2026-06-17T10:22:32.766+0800][14.384s][info][gc,phases   ] GC(138) Concurrent Mark 1.494ms
[2026-06-17T10:22:32.767+0800][14.385s][info][gc,phases   ] GC(138) Pause Mark End 0.318ms
[2026-06-17T10:22:32.767+0800][14.386s][info][gc,phases   ] GC(138) Concurrent Process Non-Strong References 0.132ms
[2026-06-17T10:22:32.768+0800][14.386s][info][gc,phases   ] GC(138) Concurrent Reset Relocation Set 0.004ms
[2026-06-17T10:22:32.768+0800][14.387s][info][gc,phases   ] GC(138) Concurrent Destroy Detached Pages 0.001ms
[2026-06-17T10:22:32.769+0800][14.388s][info][gc,phases   ] GC(138) Concurrent Select Relocation Set 0.535ms
[2026-06-17T10:22:32.769+0800][14.388s][info][gc,phases   ] GC(138) Concurrent Prepare Relocation Set 0.011ms
[2026-06-17T10:22:32.770+0800][14.389s][info][gc,phases   ] GC(138) Pause Relocate Start 0.181ms
[2026-06-17T10:22:32.772+0800][14.391s][info][gc,phases   ] GC(138) Concurrent Relocate 1.846ms
[2026-06-17T10:22:32.773+0800][14.392s][info][gc,load     ] GC(138) Load: 0.24/0.21/0.28
[2026-06-17T10:22:32.773+0800][14.392s][info][gc,mmu      ] GC(138) MMU: 2ms/48.0%, 5ms/74.6%, 10ms/84.2%, 20ms/90.2%, 50ms/96.1%, 100ms/97.3%
[2026-06-17T10:22:32.774+0800][14.393s][info][gc,marking  ] GC(138) Mark: 2 stripe(s), 1 proactive flush(es), 1 terminate flush(es), 0 completion(s), 0 continuation(s) 
[2026-06-17T10:22:32.774+0800][14.393s][info][gc,reloc    ] GC(138) Relocation: Successful, 22M relocated
[2026-06-17T10:22:32.775+0800][14.393s][info][gc,nmethod  ] GC(138) NMethods: 23 registered, 0 unregistered
[2026-06-17T10:22:32.775+0800][14.394s][info][gc,metaspace] GC(138) Metaspace: 3M used, 4M capacity, 4M committed, 8M reserved
[2026-06-17T10:22:32.775+0800][14.394s][info][gc,ref      ] GC(138) Soft: 43 encountered, 0 discovered, 0 enqueued
[2026-06-17T10:22:32.776+0800][14.394s][info][gc,ref      ] GC(138) Weak: 7 encountered, 0 discovered, 0 enqueued
[2026-06-17T10:22:32.776+0800][14.395s][info][gc,ref      ] GC(138) Final: 0 encountered, 0 discovered, 0 enqueued
[2026-06-17T10:22:32.776+0800][14.395s][info][gc,ref      ] GC(138) Phantom: 1 encountered, 1 discovered, 0 enqueued
[2026-06-17T10:22:32.777+0800][14.396s][info][gc,heap     ] GC(138)                Mark Start          Mark End        Relocate Start      Relocate End           High               Low         
[2026-06-17T10:22:32.777+0800][14.396s][info][gc,heap     ] GC(138)  Capacity:      256M (100%)        256M (100%)        256M (100%)        256M (100%)        256M (100%)        256M (100%)   
[2026-06-17T10:22:32.778+0800][14.396s][info][gc,heap     ] GC(138)   Reserve:       62M (24%)          62M (24%)          62M (24%)          62M (24%)          62M (24%)          62M (24%)    
[2026-06-17T10:22:32.778+0800][14.397s][info][gc,heap     ] GC(138)      Free:       76M (30%)          76M (30%)          74M (29%)         144M (56%)         144M (56%)          68M (27%)    
[2026-06-17T10:22:32.778+0800][14.397s][info][gc,heap     ] GC(138)      Used:      118M (46%)         118M (46%)         120M (47%)          50M (20%)         126M (49%)          50M (20%)    
[2026-06-17T10:22:32.779+0800][14.398s][info][gc,heap     ] GC(138)      Live:         -                24M (10%)          24M (10%)          24M (10%)            -                  -          
[2026-06-17T10:22:32.779+0800][14.398s][info][gc,heap     ] GC(138) Allocated:         -                 0M (0%)           38M (15%)          48M (19%)            -                  -          
[2026-06-17T10:22:32.780+0800][14.398s][info][gc,heap     ] GC(138)   Garbage:         -                93M (37%)          57M (22%)    17592186044403M (6         -                  -          
[2026-06-17T10:22:32.780+0800][14.399s][info][gc,heap     ] GC(138) Reclaimed:         -                  -                36M (14%)         106M (41%)            -                  -          
[2026-06-17T10:22:32.780+0800][14.399s][info][gc          ] GC(138) Garbage Collection (Allocation Rate) 118M(46%)->50M(20%)
[2026-06-17T10:22:32.863+0800][14.482s][info][gc,start    ] GC(139) Garbage Collection (Allocation Rate)
[2026-06-17T10:22:32.864+0800][14.482s][info][gc,phases   ] GC(139) Pause Mark Start 0.207ms
[2026-06-17T10:22:32.866+0800][14.484s][info][gc,phases   ] GC(139) Concurrent Mark 1.666ms
[2026-06-17T10:22:32.866+0800][14.485s][info][gc,phases   ] GC(139) Pause Mark End 0.301ms
[2026-06-17T10:22:32.867+0800][14.486s][info][gc,phases   ] GC(139) Concurrent Process Non-Strong References 0.113ms
[2026-06-17T10:22:32.868+0800][14.486s][info][gc,phases   ] GC(139) Concurrent Reset Relocation Set 0.003ms
[2026-06-17T10:22:32.872+0800][14.491s][info][gc,phases   ] GC(139) Concurrent Destroy Detached Pages 0.003ms
[2026-06-17T10:22:32.874+0800][14.493s][info][gc,phases   ] GC(139) Concurrent Select Relocation Set 0.461ms
[2026-06-17T10:22:32.880+0800][14.499s][info][gc,phases   ] GC(139) Concurrent Prepare Relocation Set 0.013ms
[2026-06-17T10:22:32.886+0800][14.505s][info][gc,phases   ] GC(139) Pause Relocate Start 0.153ms
[2026-06-17T10:22:32.892+0800][14.511s][info][gc,phases   ] GC(139) Concurrent Relocate 1.140ms
[2026-06-17T10:22:32.893+0800][14.511s][info][gc,load     ] GC(139) Load: 0.24/0.21/0.28
[2026-06-17T10:22:32.894+0800][14.512s][info][gc,mmu      ] GC(139) MMU: 2ms/48.0%, 5ms/74.6%, 10ms/84.2%, 20ms/90.2%, 50ms/96.1%, 100ms/97.3%
[2026-06-17T10:22:32.894+0800][14.513s][info][gc,marking  ] GC(139) Mark: 2 stripe(s), 1 proactive flush(es), 1 terminate flush(es), 0 completion(s), 0 continuation(s) 
[2026-06-17T10:22:32.894+0800][14.513s][info][gc,reloc    ] GC(139) Relocation: Successful, 22M relocated
[2026-06-17T10:22:32.894+0800][14.513s][info][gc,nmethod  ] GC(139) NMethods: 23 registered, 0 unregistered
[2026-06-17T10:22:32.895+0800][14.513s][info][gc,metaspace] GC(139) Metaspace: 3M used, 4M capacity, 4M committed, 8M reserved
[2026-06-17T10:22:32.895+0800][14.514s][info][gc,ref      ] GC(139) Soft: 43 encountered, 0 discovered, 0 enqueued
[2026-06-17T10:22:32.895+0800][14.514s][info][gc,ref      ] GC(139) Weak: 7 encountered, 2 discovered, 0 enqueued
[2026-06-17T10:22:32.895+0800][14.514s][info][gc,ref      ] GC(139) Final: 0 encountered, 0 discovered, 0 enqueued
[2026-06-17T10:22:32.896+0800][14.515s][info][gc,ref      ] GC(139) Phantom: 1 encountered, 1 discovered, 0 enqueued
[2026-06-17T10:22:32.896+0800][14.515s][info][gc,heap     ] GC(139)                Mark Start          Mark End        Relocate Start      Relocate End           High               Low         
[2026-06-17T10:22:32.897+0800][14.515s][info][gc,heap     ] GC(139)  Capacity:      256M (100%)        256M (100%)        256M (100%)        256M (100%)        256M (100%)        256M (100%)   
[2026-06-17T10:22:32.901+0800][14.520s][info][gc,heap     ] GC(139)   Reserve:       62M (24%)          62M (24%)          62M (24%)          62M (24%)          62M (24%)          62M (24%)    
[2026-06-17T10:22:32.904+0800][14.522s][info][gc,heap     ] GC(139)      Free:      112M (44%)         112M (44%)         132M (52%)         144M (56%)         144M (56%)         108M (42%)    
[2026-06-17T10:22:32.904+0800][14.523s][info][gc,heap     ] GC(139)      Used:       82M (32%)          82M (32%)          62M (24%)          50M (20%)          86M (34%)          50M (20%)    
[2026-06-17T10:22:32.905+0800][14.523s][info][gc,heap     ] GC(139)      Live:         -                22M (9%)           22M (9%)           22M (9%)             -                  -          
[2026-06-17T10:22:32.905+0800][14.524s][info][gc,heap     ] GC(139) Allocated:         -                 0M (0%)            8M (3%)           18M (7%)             -                  -          
[2026-06-17T10:22:32.905+0800][14.524s][info][gc,heap     ] GC(139)   Garbage:         -                59M (23%)          31M (12%)          19M (8%)             -                  -          
[2026-06-17T10:22:32.906+0800][14.524s][info][gc,heap     ] GC(139) Reclaimed:         -                  -                28M (11%)          40M (16%)            -                  -          
[2026-06-17T10:22:32.906+0800][14.525s][info][gc          ] GC(139) Garbage Collection (Allocation Rate) 82M(32%)->50M(20%)
[2026-06-17T10:22:32.963+0800][14.582s][info][gc,start    ] GC(140) Garbage Collection (Allocation Rate)
[2026-06-17T10:22:32.965+0800][14.584s][info][gc,phases   ] GC(140) Pause Mark Start 0.475ms
[2026-06-17T10:22:32.967+0800][14.586s][info][gc,phases   ] GC(140) Concurrent Mark 1.714ms
[2026-06-17T10:22:32.968+0800][14.587s][info][gc,phases   ] GC(140) Pause Mark End 0.294ms
[2026-06-17T10:22:32.969+0800][14.588s][info][gc,phases   ] GC(140) Concurrent Process Non-Strong References 0.188ms
[2026-06-17T10:22:32.969+0800][14.588s][info][gc,phases   ] GC(140) Concurrent Reset Relocation Set 0.003ms
[2026-06-17T10:22:32.970+0800][14.588s][info][gc,phases   ] GC(140) Concurrent Destroy Detached Pages 0.001ms
[2026-06-17T10:22:32.971+0800][14.590s][info][gc,phases   ] GC(140) Concurrent Select Relocation Set 0.662ms
[2026-06-17T10:22:32.972+0800][14.590s][info][gc,phases   ] GC(140) Concurrent Prepare Relocation Set 0.009ms
[2026-06-17T10:22:32.972+0800][14.591s][info][gc,phases   ] GC(140) Pause Relocate Start 0.172ms
[2026-06-17T10:22:32.975+0800][14.594s][info][gc,phases   ] GC(140) Concurrent Relocate 2.026ms
[2026-06-17T10:22:32.976+0800][14.594s][info][gc,load     ] GC(140) Load: 0.24/0.21/0.28
[2026-06-17T10:22:32.976+0800][14.595s][info][gc,mmu      ] GC(140) MMU: 2ms/48.0%, 5ms/74.6%, 10ms/84.2%, 20ms/90.2%, 50ms/96.1%, 100ms/97.3%
[2026-06-17T10:22:32.977+0800][14.595s][info][gc,marking  ] GC(140) Mark: 2 stripe(s), 1 proactive flush(es), 1 terminate flush(es), 0 completion(s), 0 continuation(s) 
[2026-06-17T10:22:32.977+0800][14.596s][info][gc,reloc    ] GC(140) Relocation: Successful, 25M relocated
[2026-06-17T10:22:32.978+0800][14.596s][info][gc,nmethod  ] GC(140) NMethods: 23 registered, 0 unregistered
[2026-06-17T10:22:32.978+0800][14.597s][info][gc,metaspace] GC(140) Metaspace: 3M used, 4M capacity, 4M committed, 8M reserved
[2026-06-17T10:22:32.979+0800][14.597s][info][gc,ref      ] GC(140) Soft: 43 encountered, 0 discovered, 0 enqueued
[2026-06-17T10:22:32.979+0800][14.598s][info][gc,ref      ] GC(140) Weak: 7 encountered, 2 discovered, 0 enqueued
[2026-06-17T10:22:32.980+0800][14.598s][info][gc,ref      ] GC(140) Final: 0 encountered, 0 discovered, 0 enqueued
[2026-06-17T10:22:32.980+0800][14.599s][info][gc,ref      ] GC(140) Phantom: 1 encountered, 1 discovered, 0 enqueued
[2026-06-17T10:22:32.980+0800][14.599s][info][gc,heap     ] GC(140)                Mark Start          Mark End        Relocate Start      Relocate End           High               Low         
[2026-06-17T10:22:32.981+0800][14.599s][info][gc,heap     ] GC(140)  Capacity:      256M (100%)        256M (100%)        256M (100%)        256M (100%)        256M (100%)        256M (100%)   
[2026-06-17T10:22:32.981+0800][14.600s][info][gc,heap     ] GC(140)   Reserve:       62M (24%)          62M (24%)          62M (24%)          62M (24%)          62M (24%)          62M (24%)    
[2026-06-17T10:22:32.981+0800][14.600s][info][gc,heap     ] GC(140)      Free:       84M (33%)          80M (31%)         108M (42%)         146M (57%)         146M (57%)          72M (28%)    
[2026-06-17T10:22:32.982+0800][14.601s][info][gc,heap     ] GC(140)      Used:      110M (43%)         114M (45%)          86M (34%)          48M (19%)         122M (48%)          48M (19%)    
[2026-06-17T10:22:32.982+0800][14.601s][info][gc,heap     ] GC(140)      Live:         -                29M (11%)          29M (11%)          29M (11%)            -                  -          
[2026-06-17T10:22:32.983+0800][14.601s][info][gc,heap     ] GC(140) Allocated:         -                 4M (2%)            4M (2%)           44M (17%)            -                  -          
[2026-06-17T10:22:32.983+0800][14.602s][info][gc,heap     ] GC(140)   Garbage:         -                80M (32%)          52M (21%)          14M (6%)             -                  -          
[2026-06-17T10:22:32.984+0800][14.602s][info][gc,heap     ] GC(140) Reclaimed:         -                  -                28M (11%)          66M (26%)            -                  -          
[2026-06-17T10:22:32.984+0800][14.603s][info][gc          ] GC(140) Garbage Collection (Allocation Rate) 110M(43%)->48M(19%)
[2026-06-17T10:22:33.063+0800][14.682s][info][gc,start    ] GC(141) Garbage Collection (Allocation Rate)
[2026-06-17T10:22:33.065+0800][14.683s][info][gc,phases   ] GC(141) Pause Mark Start 0.508ms
[2026-06-17T10:22:33.066+0800][14.685s][info][gc,phases   ] GC(141) Concurrent Mark 1.513ms
[2026-06-17T10:22:33.067+0800][14.686s][info][gc,phases   ] GC(141) Pause Mark End 0.310ms
[2026-06-17T10:22:33.068+0800][14.686s][info][gc,phases   ] GC(141) Concurrent Process Non-Strong References 0.158ms
[2026-06-17T10:22:33.068+0800][14.687s][info][gc,phases   ] GC(141) Concurrent Reset Relocation Set 0.003ms
[2026-06-17T10:22:33.068+0800][14.687s][info][gc,phases   ] GC(141) Concurrent Destroy Detached Pages 0.001ms
[2026-06-17T10:22:33.069+0800][14.687s][info][gc,phases   ] GC(141) Concurrent Select Relocation Set 0.495ms
[2026-06-17T10:22:33.069+0800][14.687s][info][gc,phases   ] GC(141) Concurrent Prepare Relocation Set 0.006ms
[2026-06-17T10:22:33.069+0800][14.688s][info][gc,phases   ] GC(141) Pause Relocate Start 0.147ms
[2026-06-17T10:22:33.069+0800][14.688s][info][gc,phases   ] GC(141) Concurrent Relocate 0.253ms
[2026-06-17T10:22:33.070+0800][14.688s][info][gc,load     ] GC(141) Load: 0.24/0.21/0.28
[2026-06-17T10:22:33.070+0800][14.688s][info][gc,mmu      ] GC(141) MMU: 2ms/48.0%, 5ms/74.6%, 10ms/84.2%, 20ms/90.2%, 50ms/96.1%, 100ms/97.3%
[2026-06-17T10:22:33.070+0800][14.689s][info][gc,marking  ] GC(141) Mark: 2 stripe(s), 1 proactive flush(es), 1 terminate flush(es), 0 completion(s), 0 continuation(s) 
[2026-06-17T10:22:33.070+0800][14.689s][info][gc,reloc    ] GC(141) Relocation: Successful, 25M relocated
[2026-06-17T10:22:33.070+0800][14.689s][info][gc,nmethod  ] GC(141) NMethods: 23 registered, 0 unregistered
[2026-06-17T10:22:33.070+0800][14.689s][info][gc,metaspace] GC(141) Metaspace: 3M used, 4M capacity, 4M committed, 8M reserved
[2026-06-17T10:22:33.070+0800][14.689s][info][gc,ref      ] GC(141) Soft: 43 encountered, 0 discovered, 0 enqueued
[2026-06-17T10:22:33.070+0800][14.689s][info][gc,ref      ] GC(141) Weak: 7 encountered, 2 discovered, 0 enqueued
[2026-06-17T10:22:33.070+0800][14.689s][info][gc,ref      ] GC(141) Final: 0 encountered, 0 discovered, 0 enqueued
[2026-06-17T10:22:33.070+0800][14.689s][info][gc,ref      ] GC(141) Phantom: 1 encountered, 1 discovered, 0 enqueued
[2026-06-17T10:22:33.071+0800][14.689s][info][gc,heap     ] GC(141)                Mark Start          Mark End        Relocate Start      Relocate End           High               Low         
[2026-06-17T10:22:33.071+0800][14.689s][info][gc,heap     ] GC(141)  Capacity:      256M (100%)        256M (100%)        256M (100%)        256M (100%)        256M (100%)        256M (100%)   
[2026-06-17T10:22:33.071+0800][14.689s][info][gc,heap     ] GC(141)   Reserve:       62M (24%)          62M (24%)          62M (24%)          62M (24%)          62M (24%)          62M (24%)    
[2026-06-17T10:22:33.071+0800][14.690s][info][gc,heap     ] GC(141)      Free:      110M (43%)         110M (43%)         144M (56%)         150M (59%)         150M (59%)         110M (43%)    
[2026-06-17T10:22:33.071+0800][14.690s][info][gc,heap     ] GC(141)      Used:       84M (33%)          84M (33%)          50M (20%)          44M (17%)          84M (33%)          44M (17%)    
[2026-06-17T10:22:33.071+0800][14.690s][info][gc,heap     ] GC(141)      Live:         -                25M (10%)          25M (10%)          25M (10%)            -                  -          
[2026-06-17T10:22:33.071+0800][14.690s][info][gc,heap     ] GC(141) Allocated:         -                 0M (0%)            0M (0%)            8M (3%)             -                  -          
[2026-06-17T10:22:33.071+0800][14.690s][info][gc,heap     ] GC(141)   Garbage:         -                58M (23%)          24M (10%)          18M (7%)             -                  -          
[2026-06-17T10:22:33.071+0800][14.690s][info][gc,heap     ] GC(141) Reclaimed:         -                  -                34M (13%)          40M (16%)            -                  -          
[2026-06-17T10:22:33.071+0800][14.690s][info][gc          ] GC(141) Garbage Collection (Allocation Rate) 84M(33%)->44M(17%)
[2026-06-17T10:22:33.163+0800][14.782s][info][gc,start    ] GC(142) Garbage Collection (Allocation Rate)
[2026-06-17T10:22:33.167+0800][14.786s][info][gc,phases   ] GC(142) Pause Mark Start 0.191ms
[2026-06-17T10:22:33.169+0800][14.788s][info][gc,phases   ] GC(142) Concurrent Mark 1.404ms
[2026-06-17T10:22:33.170+0800][14.789s][info][gc,phases   ] GC(142) Pause Mark End 0.279ms
[2026-06-17T10:22:33.171+0800][14.790s][info][gc,phases   ] GC(142) Concurrent Process Non-Strong References 0.120ms
[2026-06-17T10:22:33.171+0800][14.790s][info][gc,phases   ] GC(142) Concurrent Reset Relocation Set 0.002ms
[2026-06-17T10:22:33.172+0800][14.791s][info][gc,phases   ] GC(142) Concurrent Destroy Detached Pages 0.000ms
[2026-06-17T10:22:33.173+0800][14.792s][info][gc,phases   ] GC(142) Concurrent Select Relocation Set 0.470ms
[2026-06-17T10:22:33.173+0800][14.792s][info][gc,phases   ] GC(142) Concurrent Prepare Relocation Set 0.010ms
[2026-06-17T10:22:33.174+0800][14.793s][info][gc,phases   ] GC(142) Pause Relocate Start 0.197ms
[2026-06-17T10:22:33.177+0800][14.796s][info][gc,phases   ] GC(142) Concurrent Relocate 1.872ms
[2026-06-17T10:22:33.177+0800][14.796s][info][gc,load     ] GC(142) Load: 0.24/0.21/0.28
[2026-06-17T10:22:33.178+0800][14.797s][info][gc,mmu      ] GC(142) MMU: 2ms/48.0%, 5ms/74.6%, 10ms/84.2%, 20ms/90.2%, 50ms/96.1%, 100ms/97.3%
[2026-06-17T10:22:33.179+0800][14.797s][info][gc,marking  ] GC(142) Mark: 2 stripe(s), 1 proactive flush(es), 1 terminate flush(es), 0 completion(s), 0 continuation(s) 
[2026-06-17T10:22:33.179+0800][14.798s][info][gc,reloc    ] GC(142) Relocation: Successful, 23M relocated
[2026-06-17T10:22:33.179+0800][14.798s][info][gc,nmethod  ] GC(142) NMethods: 23 registered, 0 unregistered
[2026-06-17T10:22:33.180+0800][14.799s][info][gc,metaspace] GC(142) Metaspace: 3M used, 4M capacity, 4M committed, 8M reserved
[2026-06-17T10:22:33.180+0800][14.799s][info][gc,ref      ] GC(142) Soft: 43 encountered, 0 discovered, 0 enqueued
[2026-06-17T10:22:33.181+0800][14.800s][info][gc,ref      ] GC(142) Weak: 7 encountered, 2 discovered, 0 enqueued
[2026-06-17T10:22:33.181+0800][14.800s][info][gc,ref      ] GC(142) Final: 0 encountered, 0 discovered, 0 enqueued
[2026-06-17T10:22:33.182+0800][14.800s][info][gc,ref      ] GC(142) Phantom: 1 encountered, 1 discovered, 0 enqueued
[2026-06-17T10:22:33.182+0800][14.801s][info][gc,heap     ] GC(142)                Mark Start          Mark End        Relocate Start      Relocate End           High               Low         
[2026-06-17T10:22:33.182+0800][14.801s][info][gc,heap     ] GC(142)  Capacity:      256M (100%)        256M (100%)        256M (100%)        256M (100%)        256M (100%)        256M (100%)   
[2026-06-17T10:22:33.184+0800][14.802s][info][gc,heap     ] GC(142)   Reserve:       62M (24%)          62M (24%)          62M (24%)          62M (24%)          62M (24%)          62M (24%)    
[2026-06-17T10:22:33.184+0800][14.803s][info][gc,heap     ] GC(142)      Free:       80M (31%)          80M (31%)         110M (43%)         146M (57%)         146M (57%)          72M (28%)    
[2026-06-17T10:22:33.184+0800][14.803s][info][gc,heap     ] GC(142)      Used:      114M (45%)         114M (45%)          84M (33%)          48M (19%)         122M (48%)          48M (19%)    
[2026-06-17T10:22:33.185+0800][14.803s][info][gc,heap     ] GC(142)      Live:         -                23M (9%)           23M (9%)           23M (9%)             -                  -          
[2026-06-17T10:22:33.185+0800][14.804s][info][gc,heap     ] GC(142) Allocated:         -                 0M (0%)            0M (0%)           48M (19%)            -                  -          
[2026-06-17T10:22:33.186+0800][14.804s][info][gc,heap     ] GC(142)   Garbage:         -                90M (35%)          60M (24%)          18M (7%)             -                  -          
[2026-06-17T10:22:33.186+0800][14.805s][info][gc,heap     ] GC(142) Reclaimed:         -                  -                30M (12%)          72M (28%)            -                  -          
[2026-06-17T10:22:33.186+0800][14.805s][info][gc          ] GC(142) Garbage Collection (Allocation Rate) 114M(45%)->48M(19%)
[2026-06-17T10:22:33.263+0800][14.882s][info][gc,start    ] GC(143) Garbage Collection (Allocation Rate)
[2026-06-17T10:22:33.264+0800][14.883s][info][gc,phases   ] GC(143) Pause Mark Start 0.270ms
[2026-06-17T10:22:33.266+0800][14.885s][info][gc,phases   ] GC(143) Concurrent Mark 1.651ms
[2026-06-17T10:22:33.267+0800][14.886s][info][gc,phases   ] GC(143) Pause Mark End 0.354ms
[2026-06-17T10:22:33.268+0800][14.886s][info][gc,phases   ] GC(143) Concurrent Process Non-Strong References 0.233ms
[2026-06-17T10:22:33.268+0800][14.887s][info][gc,phases   ] GC(143) Concurrent Reset Relocation Set 0.003ms
[2026-06-17T10:22:33.268+0800][14.887s][info][gc,phases   ] GC(143) Concurrent Destroy Detached Pages 0.001ms
[2026-06-17T10:22:33.269+0800][14.888s][info][gc,phases   ] GC(143) Concurrent Select Relocation Set 0.584ms
[2026-06-17T10:22:33.269+0800][14.888s][info][gc,phases   ] GC(143) Concurrent Prepare Relocation Set 0.003ms
[2026-06-17T10:22:33.270+0800][14.888s][info][gc,phases   ] GC(143) Pause Relocate Start 0.152ms
[2026-06-17T10:22:33.270+0800][14.889s][info][gc,phases   ] GC(143) Concurrent Relocate 0.212ms
[2026-06-17T10:22:33.270+0800][14.889s][info][gc,load     ] GC(143) Load: 0.24/0.21/0.28
[2026-06-17T10:22:33.270+0800][14.889s][info][gc,mmu      ] GC(143) MMU: 2ms/48.0%, 5ms/74.6%, 10ms/84.2%, 20ms/90.2%, 50ms/96.1%, 100ms/97.3%
[2026-06-17T10:22:33.271+0800][14.889s][info][gc,marking  ] GC(143) Mark: 2 stripe(s), 1 proactive flush(es), 1 terminate flush(es), 0 completion(s), 0 continuation(s) 
[2026-06-17T10:22:33.271+0800][14.890s][info][gc,reloc    ] GC(143) Relocation: Successful, 21M relocated
[2026-06-17T10:22:33.271+0800][14.890s][info][gc,nmethod  ] GC(143) NMethods: 23 registered, 0 unregistered
[2026-06-17T10:22:33.271+0800][14.890s][info][gc,metaspace] GC(143) Metaspace: 3M used, 4M capacity, 4M committed, 8M reserved
[2026-06-17T10:22:33.271+0800][14.890s][info][gc,ref      ] GC(143) Soft: 43 encountered, 0 discovered, 0 enqueued
[2026-06-17T10:22:33.271+0800][14.890s][info][gc,ref      ] GC(143) Weak: 7 encountered, 2 discovered, 0 enqueued
[2026-06-17T10:22:33.271+0800][14.890s][info][gc,ref      ] GC(143) Final: 0 encountered, 0 discovered, 0 enqueued
[2026-06-17T10:22:33.272+0800][14.891s][info][gc,ref      ] GC(143) Phantom: 1 encountered, 1 discovered, 0 enqueued
[2026-06-17T10:22:33.272+0800][14.891s][info][gc,heap     ] GC(143)                Mark Start          Mark End        Relocate Start      Relocate End           High               Low         
[2026-06-17T10:22:33.272+0800][14.891s][info][gc,heap     ] GC(143)  Capacity:      256M (100%)        256M (100%)        256M (100%)        256M (100%)        256M (100%)        256M (100%)   
[2026-06-17T10:22:33.272+0800][14.891s][info][gc,heap     ] GC(143)   Reserve:       62M (24%)          62M (24%)          62M (24%)          62M (24%)          62M (24%)          62M (24%)    
[2026-06-17T10:22:33.272+0800][14.891s][info][gc,heap     ] GC(143)      Free:      118M (46%)         118M (46%)         142M (55%)         150M (59%)         150M (59%)         118M (46%)    
[2026-06-17T10:22:33.273+0800][14.891s][info][gc,heap     ] GC(143)      Used:       76M (30%)          76M (30%)          52M (20%)          44M (17%)          76M (30%)          44M (17%)    
[2026-06-17T10:22:33.273+0800][14.891s][info][gc,heap     ] GC(143)      Live:         -                25M (10%)          25M (10%)          25M (10%)            -                  -          
[2026-06-17T10:22:33.273+0800][14.892s][info][gc,heap     ] GC(143) Allocated:         -                 0M (0%)            0M (0%)            8M (3%)             -                  -          
[2026-06-17T10:22:33.273+0800][14.892s][info][gc,heap     ] GC(143)   Garbage:         -                50M (20%)          26M (10%)          18M (7%)             -                  -          
[2026-06-17T10:22:33.273+0800][14.892s][info][gc,heap     ] GC(143) Reclaimed:         -                  -                24M (9%)           32M (12%)            -                  -          
[2026-06-17T10:22:33.273+0800][14.892s][info][gc          ] GC(143) Garbage Collection (Allocation Rate) 76M(30%)->44M(17%)
[2026-06-17T10:22:33.363+0800][14.982s][info][gc,start    ] GC(144) Garbage Collection (Allocation Rate)
[2026-06-17T10:22:33.364+0800][14.983s][info][gc,phases   ] GC(144) Pause Mark Start 0.208ms
[2026-06-17T10:22:33.367+0800][14.985s][info][gc,phases   ] GC(144) Concurrent Mark 1.776ms
[2026-06-17T10:22:33.368+0800][14.987s][info][gc,phases   ] GC(144) Pause Mark End 0.338ms
[2026-06-17T10:22:33.368+0800][14.987s][info][gc,phases   ] GC(144) Concurrent Process Non-Strong References 0.141ms
[2026-06-17T10:22:33.369+0800][14.988s][info][gc,phases   ] GC(144) Concurrent Reset Relocation Set 0.003ms
[2026-06-17T10:22:33.370+0800][14.988s][info][gc,phases   ] GC(144) Concurrent Destroy Detached Pages 0.001ms
[2026-06-17T10:22:33.370+0800][14.989s][info][gc,phases   ] GC(144) Concurrent Select Relocation Set 0.508ms
[2026-06-17T10:22:33.371+0800][14.989s][info][gc,phases   ] GC(144) Concurrent Prepare Relocation Set 0.010ms
[2026-06-17T10:22:33.371+0800][14.990s][info][gc,phases   ] GC(144) Pause Relocate Start 0.139ms
[2026-06-17T10:22:33.373+0800][14.992s][info][gc,phases   ] GC(144) Concurrent Relocate 1.583ms
[2026-06-17T10:22:33.373+0800][14.992s][info][gc,load     ] GC(144) Load: 0.24/0.21/0.28
[2026-06-17T10:22:33.373+0800][14.992s][info][gc,mmu      ] GC(144) MMU: 2ms/48.0%, 5ms/74.6%, 10ms/84.2%, 20ms/90.2%, 50ms/96.1%, 100ms/97.3%
[2026-06-17T10:22:33.374+0800][14.992s][info][gc,marking  ] GC(144) Mark: 2 stripe(s), 1 proactive flush(es), 1 terminate flush(es), 0 completion(s), 0 continuation(s) 
[2026-06-17T10:22:33.374+0800][14.992s][info][gc,reloc    ] GC(144) Relocation: Successful, 21M relocated
[2026-06-17T10:22:33.374+0800][14.993s][info][gc,nmethod  ] GC(144) NMethods: 23 registered, 0 unregistered
[2026-06-17T10:22:33.374+0800][14.993s][info][gc,metaspace] GC(144) Metaspace: 3M used, 4M capacity, 4M committed, 8M reserved
[2026-06-17T10:22:33.374+0800][14.993s][info][gc,ref      ] GC(144) Soft: 43 encountered, 0 discovered, 0 enqueued
[2026-06-17T10:22:33.375+0800][14.993s][info][gc,ref      ] GC(144) Weak: 7 encountered, 0 discovered, 0 enqueued
[2026-06-17T10:22:33.375+0800][14.994s][info][gc,ref      ] GC(144) Final: 0 encountered, 0 discovered, 0 enqueued
[2026-06-17T10:22:33.375+0800][14.994s][info][gc,ref      ] GC(144) Phantom: 1 encountered, 0 discovered, 0 enqueued
[2026-06-17T10:22:33.376+0800][14.994s][info][gc,heap     ] GC(144)                Mark Start          Mark End        Relocate Start      Relocate End           High               Low         
[2026-06-17T10:22:33.376+0800][14.995s][info][gc,heap     ] GC(144)  Capacity:      256M (100%)        256M (100%)        256M (100%)        256M (100%)        256M (100%)        256M (100%)   
[2026-06-17T10:22:33.376+0800][14.995s][info][gc,heap     ] GC(144)   Reserve:       62M (24%)          62M (24%)          62M (24%)          62M (24%)          62M (24%)          62M (24%)    
[2026-06-17T10:22:33.376+0800][14.995s][info][gc,heap     ] GC(144)      Free:       82M (32%)          44M (17%)          70M (27%)         146M (57%)         146M (57%)          44M (17%)    
[2026-06-17T10:22:33.376+0800][14.995s][info][gc,heap     ] GC(144)      Used:      112M (44%)         150M (59%)         124M (48%)          48M (19%)         150M (59%)          48M (19%)    
[2026-06-17T10:22:33.377+0800][14.995s][info][gc,heap     ] GC(144)      Live:         -                21M (8%)           21M (8%)           21M (8%)             -                  -          
[2026-06-17T10:22:33.377+0800][14.995s][info][gc,heap     ] GC(144) Allocated:         -                38M (15%)          38M (15%)          46M (18%)            -                  -          
[2026-06-17T10:22:33.377+0800][14.996s][info][gc,heap     ] GC(144)   Garbage:         -                90M (35%)          64M (25%)    17592186044404M (6         -                  -          
[2026-06-17T10:22:33.377+0800][14.996s][info][gc,heap     ] GC(144) Reclaimed:         -                  -                26M (10%)         102M (40%)            -                  -          
[2026-06-17T10:22:33.377+0800][14.996s][info][gc          ] GC(144) Garbage Collection (Allocation Rate) 112M(44%)->48M(19%)
[2026-06-17T10:22:33.463+0800][15.082s][info][gc,start    ] GC(145) Garbage Collection (Allocation Rate)
[2026-06-17T10:22:33.464+0800][15.083s][info][gc,phases   ] GC(145) Pause Mark Start 0.191ms
[2026-06-17T10:22:33.466+0800][15.085s][info][gc,phases   ] GC(145) Concurrent Mark 1.572ms
[2026-06-17T10:22:33.467+0800][15.086s][info][gc,phases   ] GC(145) Pause Mark End 0.289ms
[2026-06-17T10:22:33.468+0800][15.087s][info][gc,phases   ] GC(145) Concurrent Process Non-Strong References 0.169ms
[2026-06-17T10:22:33.468+0800][15.087s][info][gc,phases   ] GC(145) Concurrent Reset Relocation Set 0.003ms
[2026-06-17T10:22:33.468+0800][15.087s][info][gc,phases   ] GC(145) Concurrent Destroy Detached Pages 0.001ms
[2026-06-17T10:22:33.469+0800][15.088s][info][gc,phases   ] GC(145) Concurrent Select Relocation Set 0.552ms
[2026-06-17T10:22:33.469+0800][15.088s][info][gc,phases   ] GC(145) Concurrent Prepare Relocation Set 0.015ms
[2026-06-17T10:22:33.470+0800][15.089s][info][gc,phases   ] GC(145) Pause Relocate Start 0.184ms
[2026-06-17T10:22:33.471+0800][15.089s][info][gc,phases   ] GC(145) Concurrent Relocate 0.423ms
[2026-06-17T10:22:33.471+0800][15.090s][info][gc,load     ] GC(145) Load: 0.24/0.21/0.28
[2026-06-17T10:22:33.471+0800][15.090s][info][gc,mmu      ] GC(145) MMU: 2ms/48.0%, 5ms/74.6%, 10ms/84.2%, 20ms/90.2%, 50ms/96.1%, 100ms/97.3%
[2026-06-17T10:22:33.471+0800][15.090s][info][gc,marking  ] GC(145) Mark: 2 stripe(s), 1 proactive flush(es), 1 terminate flush(es), 0 completion(s), 0 continuation(s) 
[2026-06-17T10:22:33.472+0800][15.090s][info][gc,reloc    ] GC(145) Relocation: Successful, 19M relocated
[2026-06-17T10:22:33.472+0800][15.091s][info][gc,nmethod  ] GC(145) NMethods: 23 registered, 0 unregistered
[2026-06-17T10:22:33.472+0800][15.091s][info][gc,metaspace] GC(145) Metaspace: 3M used, 4M capacity, 4M committed, 8M reserved
[2026-06-17T10:22:33.472+0800][15.091s][info][gc,ref      ] GC(145) Soft: 43 encountered, 0 discovered, 0 enqueued
[2026-06-17T10:22:33.473+0800][15.091s][info][gc,ref      ] GC(145) Weak: 7 encountered, 2 discovered, 0 enqueued
[2026-06-17T10:22:33.473+0800][15.091s][info][gc,ref      ] GC(145) Final: 0 encountered, 0 discovered, 0 enqueued
[2026-06-17T10:22:33.473+0800][15.092s][info][gc,ref      ] GC(145) Phantom: 1 encountered, 1 discovered, 0 enqueued
[2026-06-17T10:22:33.473+0800][15.092s][info][gc,heap     ] GC(145)                Mark Start          Mark End        Relocate Start      Relocate End           High               Low         
[2026-06-17T10:22:33.473+0800][15.092s][info][gc,heap     ] GC(145)  Capacity:      256M (100%)        256M (100%)        256M (100%)        256M (100%)        256M (100%)        256M (100%)   
[2026-06-17T10:22:33.473+0800][15.092s][info][gc,heap     ] GC(145)   Reserve:       62M (24%)          62M (24%)          62M (24%)          62M (24%)          62M (24%)          62M (24%)    
[2026-06-17T10:22:33.473+0800][15.092s][info][gc,heap     ] GC(145)      Free:      112M (44%)         112M (44%)         138M (54%)         150M (59%)         150M (59%)         112M (44%)    
[2026-06-17T10:22:33.474+0800][15.092s][info][gc,heap     ] GC(145)      Used:       82M (32%)          82M (32%)          56M (22%)          44M (17%)          82M (32%)          44M (17%)    
[2026-06-17T10:22:33.474+0800][15.093s][info][gc,heap     ] GC(145)      Live:         -                19M (8%)           19M (8%)           19M (8%)             -                  -          
[2026-06-17T10:22:33.474+0800][15.093s][info][gc,heap     ] GC(145) Allocated:         -                 0M (0%)            2M (1%)           10M (4%)             -                  -          
[2026-06-17T10:22:33.474+0800][15.093s][info][gc,heap     ] GC(145)   Garbage:         -                62M (24%)          34M (13%)          20M (8%)             -                  -          
[2026-06-17T10:22:33.474+0800][15.093s][info][gc,heap     ] GC(145) Reclaimed:         -                  -                28M (11%)          42M (16%)            -                  -          
[2026-06-17T10:22:33.474+0800][15.093s][info][gc          ] GC(145) Garbage Collection (Allocation Rate) 82M(32%)->44M(17%)
[2026-06-17T10:22:33.563+0800][15.181s][info][gc,start    ] GC(146) Garbage Collection (Allocation Rate)
[2026-06-17T10:22:33.564+0800][15.183s][info][gc,phases   ] GC(146) Pause Mark Start 0.303ms
[2026-06-17T10:22:33.566+0800][15.185s][info][gc,phases   ] GC(146) Concurrent Mark 1.642ms
[2026-06-17T10:22:33.567+0800][15.186s][info][gc,phases   ] GC(146) Pause Mark End 0.330ms
[2026-06-17T10:22:33.568+0800][15.186s][info][gc,phases   ] GC(146) Concurrent Process Non-Strong References 0.119ms
[2026-06-17T10:22:33.568+0800][15.187s][info][gc,phases   ] GC(146) Concurrent Reset Relocation Set 0.002ms
[2026-06-17T10:22:33.568+0800][15.187s][info][gc,phases   ] GC(146) Concurrent Destroy Detached Pages 0.001ms
[2026-06-17T10:22:33.569+0800][15.188s][info][gc,phases   ] GC(146) Concurrent Select Relocation Set 0.764ms
[2026-06-17T10:22:33.570+0800][15.188s][info][gc,phases   ] GC(146) Concurrent Prepare Relocation Set 0.010ms
[2026-06-17T10:22:33.570+0800][15.189s][info][gc,phases   ] GC(146) Pause Relocate Start 0.185ms
[2026-06-17T10:22:33.572+0800][15.191s][info][gc,phases   ] GC(146) Concurrent Relocate 1.530ms
[2026-06-17T10:22:33.572+0800][15.191s][info][gc,load     ] GC(146) Load: 0.24/0.21/0.28
[2026-06-17T10:22:33.573+0800][15.191s][info][gc,mmu      ] GC(146) MMU: 2ms/48.0%, 5ms/74.6%, 10ms/84.2%, 20ms/90.2%, 50ms/96.1%, 100ms/97.3%
[2026-06-17T10:22:33.573+0800][15.192s][info][gc,marking  ] GC(146) Mark: 2 stripe(s), 1 proactive flush(es), 1 terminate flush(es), 0 completion(s), 0 continuation(s) 
[2026-06-17T10:22:33.573+0800][15.192s][info][gc,reloc    ] GC(146) Relocation: Successful, 22M relocated
[2026-06-17T10:22:33.573+0800][15.192s][info][gc,nmethod  ] GC(146) NMethods: 23 registered, 0 unregistered
[2026-06-17T10:22:33.573+0800][15.192s][info][gc,metaspace] GC(146) Metaspace: 3M used, 4M capacity, 4M committed, 8M reserved
[2026-06-17T10:22:33.573+0800][15.192s][info][gc,ref      ] GC(146) Soft: 43 encountered, 0 discovered, 0 enqueued
[2026-06-17T10:22:33.574+0800][15.192s][info][gc,ref      ] GC(146) Weak: 7 encountered, 0 discovered, 0 enqueued
[2026-06-17T10:22:33.574+0800][15.193s][info][gc,ref      ] GC(146) Final: 0 encountered, 0 discovered, 0 enqueued
[2026-06-17T10:22:33.574+0800][15.193s][info][gc,ref      ] GC(146) Phantom: 1 encountered, 0 discovered, 0 enqueued
[2026-06-17T10:22:33.574+0800][15.193s][info][gc,heap     ] GC(146)                Mark Start          Mark End        Relocate Start      Relocate End           High               Low         
[2026-06-17T10:22:33.574+0800][15.193s][info][gc,heap     ] GC(146)  Capacity:      256M (100%)        256M (100%)        256M (100%)        256M (100%)        256M (100%)        256M (100%)   
[2026-06-17T10:22:33.574+0800][15.193s][info][gc,heap     ] GC(146)   Reserve:       62M (24%)          62M (24%)          62M (24%)          62M (24%)          62M (24%)          62M (24%)    
[2026-06-17T10:22:33.575+0800][15.194s][info][gc,heap     ] GC(146)      Free:       86M (34%)          82M (32%)         106M (41%)         144M (56%)         144M (56%)          68M (27%)    
[2026-06-17T10:22:33.575+0800][15.194s][info][gc,heap     ] GC(146)      Used:      108M (42%)         112M (44%)          88M (34%)          50M (20%)         126M (49%)          50M (20%)    
[2026-06-17T10:22:33.575+0800][15.194s][info][gc,heap     ] GC(146)      Live:         -                25M (10%)          25M (10%)          25M (10%)            -                  -          
[2026-06-17T10:22:33.575+0800][15.194s][info][gc,heap     ] GC(146) Allocated:         -                 4M (2%)            4M (2%)           42M (16%)            -                  -          
[2026-06-17T10:22:33.575+0800][15.194s][info][gc,heap     ] GC(146)   Garbage:         -                82M (32%)          58M (23%)          20M (8%)             -                  -          
[2026-06-17T10:22:33.576+0800][15.194s][info][gc,heap     ] GC(146) Reclaimed:         -                  -                24M (9%)           62M (24%)            -                  -          
[2026-06-17T10:22:33.576+0800][15.195s][info][gc          ] GC(146) Garbage Collection (Allocation Rate) 108M(42%)->50M(20%)
[2026-06-17T10:22:33.663+0800][15.282s][info][gc,start    ] GC(147) Garbage Collection (Allocation Rate)
[2026-06-17T10:22:33.664+0800][15.283s][info][gc,phases   ] GC(147) Pause Mark Start 0.206ms
[2026-06-17T10:22:33.666+0800][15.285s][info][gc,phases   ] GC(147) Concurrent Mark 1.600ms
[2026-06-17T10:22:33.667+0800][15.286s][info][gc,phases   ] GC(147) Pause Mark End 0.338ms
[2026-06-17T10:22:33.667+0800][15.286s][info][gc,phases   ] GC(147) Concurrent Process Non-Strong References 0.101ms
[2026-06-17T10:22:33.668+0800][15.286s][info][gc,phases   ] GC(147) Concurrent Reset Relocation Set 0.002ms
[2026-06-17T10:22:33.668+0800][15.286s][info][gc,phases   ] GC(147) Concurrent Destroy Detached Pages 0.001ms
[2026-06-17T10:22:33.668+0800][15.287s][info][gc,phases   ] GC(147) Concurrent Select Relocation Set 0.532ms
[2026-06-17T10:22:33.669+0800][15.287s][info][gc,phases   ] GC(147) Concurrent Prepare Relocation Set 0.003ms
[2026-06-17T10:22:33.669+0800][15.288s][info][gc,phases   ] GC(147) Pause Relocate Start 0.141ms
[2026-06-17T10:22:33.670+0800][15.288s][info][gc,phases   ] GC(147) Concurrent Relocate 0.204ms
[2026-06-17T10:22:33.670+0800][15.289s][info][gc,load     ] GC(147) Load: 0.22/0.21/0.28
[2026-06-17T10:22:33.670+0800][15.289s][info][gc,mmu      ] GC(147) MMU: 2ms/48.0%, 5ms/74.6%, 10ms/84.2%, 20ms/90.2%, 50ms/96.1%, 100ms/97.3%
[2026-06-17T10:22:33.670+0800][15.289s][info][gc,marking  ] GC(147) Mark: 2 stripe(s), 1 proactive flush(es), 1 terminate flush(es), 0 completion(s), 0 continuation(s) 
[2026-06-17T10:22:33.670+0800][15.289s][info][gc,reloc    ] GC(147) Relocation: Successful, 23M relocated
[2026-06-17T10:22:33.671+0800][15.289s][info][gc,nmethod  ] GC(147) NMethods: 23 registered, 0 unregistered
[2026-06-17T10:22:33.671+0800][15.289s][info][gc,metaspace] GC(147) Metaspace: 3M used, 4M capacity, 4M committed, 8M reserved
[2026-06-17T10:22:33.671+0800][15.290s][info][gc,ref      ] GC(147) Soft: 43 encountered, 0 discovered, 0 enqueued
[2026-06-17T10:22:33.671+0800][15.290s][info][gc,ref      ] GC(147) Weak: 7 encountered, 2 discovered, 0 enqueued
[2026-06-17T10:22:33.671+0800][15.290s][info][gc,ref      ] GC(147) Final: 0 encountered, 0 discovered, 0 enqueued
[2026-06-17T10:22:33.672+0800][15.290s][info][gc,ref      ] GC(147) Phantom: 1 encountered, 1 discovered, 0 enqueued
[2026-06-17T10:22:33.672+0800][15.290s][info][gc,heap     ] GC(147)                Mark Start          Mark End        Relocate Start      Relocate End           High               Low         
[2026-06-17T10:22:33.672+0800][15.291s][info][gc,heap     ] GC(147)  Capacity:      256M (100%)        256M (100%)        256M (100%)        256M (100%)        256M (100%)        256M (100%)   
[2026-06-17T10:22:33.672+0800][15.291s][info][gc,heap     ] GC(147)   Reserve:       62M (24%)          62M (24%)          62M (24%)          62M (24%)          62M (24%)          62M (24%)    
[2026-06-17T10:22:33.672+0800][15.291s][info][gc,heap     ] GC(147)      Free:      108M (42%)         108M (42%)         140M (55%)         150M (59%)         150M (59%)         108M (42%)    
[2026-06-17T10:22:33.672+0800][15.291s][info][gc,heap     ] GC(147)      Used:       86M (34%)          86M (34%)          54M (21%)          44M (17%)          86M (34%)          44M (17%)    
[2026-06-17T10:22:33.672+0800][15.291s][info][gc,heap     ] GC(147)      Live:         -                23M (9%)           23M (9%)           23M (9%)             -                  -          
[2026-06-17T10:22:33.673+0800][15.291s][info][gc,heap     ] GC(147) Allocated:         -                 0M (0%)            0M (0%)            8M (3%)             -                  -          
[2026-06-17T10:22:33.673+0800][15.291s][info][gc,heap     ] GC(147)   Garbage:         -                62M (24%)          30M (12%)          20M (8%)             -                  -          
[2026-06-17T10:22:33.673+0800][15.292s][info][gc,heap     ] GC(147) Reclaimed:         -                  -                32M (12%)          42M (16%)            -                  -          
[2026-06-17T10:22:33.673+0800][15.292s][info][gc          ] GC(147) Garbage Collection (Allocation Rate) 86M(34%)->44M(17%)
[2026-06-17T10:22:33.763+0800][15.382s][info][gc,start    ] GC(148) Garbage Collection (Allocation Rate)
[2026-06-17T10:22:33.764+0800][15.383s][info][gc,phases   ] GC(148) Pause Mark Start 0.174ms
[2026-06-17T10:22:33.766+0800][15.384s][info][gc,phases   ] GC(148) Concurrent Mark 1.368ms
[2026-06-17T10:22:33.766+0800][15.385s][info][gc,phases   ] GC(148) Pause Mark End 0.266ms
[2026-06-17T10:22:33.767+0800][15.385s][info][gc,phases   ] GC(148) Concurrent Process Non-Strong References 0.059ms
[2026-06-17T10:22:33.767+0800][15.386s][info][gc,phases   ] GC(148) Concurrent Reset Relocation Set 0.002ms
[2026-06-17T10:22:33.767+0800][15.386s][info][gc,phases   ] GC(148) Concurrent Destroy Detached Pages 0.001ms
[2026-06-17T10:22:33.768+0800][15.387s][info][gc,phases   ] GC(148) Concurrent Select Relocation Set 0.506ms
[2026-06-17T10:22:33.768+0800][15.387s][info][gc,phases   ] GC(148) Concurrent Prepare Relocation Set 0.001ms
[2026-06-17T10:22:33.768+0800][15.387s][info][gc,phases   ] GC(148) Pause Relocate Start 0.137ms
[2026-06-17T10:22:33.771+0800][15.390s][info][gc,phases   ] GC(148) Concurrent Relocate 2.095ms
[2026-06-17T10:22:33.771+0800][15.390s][info][gc,load     ] GC(148) Load: 0.22/0.21/0.28
[2026-06-17T10:22:33.771+0800][15.390s][info][gc,mmu      ] GC(148) MMU: 2ms/48.0%, 5ms/74.6%, 10ms/84.2%, 20ms/90.2%, 50ms/96.1%, 100ms/97.3%
[2026-06-17T10:22:33.772+0800][15.390s][info][gc,marking  ] GC(148) Mark: 2 stripe(s), 1 proactive flush(es), 1 terminate flush(es), 0 completion(s), 0 continuation(s) 
[2026-06-17T10:22:33.772+0800][15.391s][info][gc,reloc    ] GC(148) Relocation: Successful, 29M relocated
[2026-06-17T10:22:33.772+0800][15.391s][info][gc,nmethod  ] GC(148) NMethods: 23 registered, 0 unregistered
[2026-06-17T10:22:33.772+0800][15.391s][info][gc,metaspace] GC(148) Metaspace: 3M used, 4M capacity, 4M committed, 8M reserved
[2026-06-17T10:22:33.772+0800][15.391s][info][gc,ref      ] GC(148) Soft: 43 encountered, 0 discovered, 0 enqueued
[2026-06-17T10:22:33.772+0800][15.391s][info][gc,ref      ] GC(148) Weak: 7 encountered, 2 discovered, 0 enqueued
[2026-06-17T10:22:33.773+0800][15.391s][info][gc,ref      ] GC(148) Final: 0 encountered, 0 discovered, 0 enqueued
[2026-06-17T10:22:33.773+0800][15.392s][info][gc,ref      ] GC(148) Phantom: 1 encountered, 1 discovered, 0 enqueued
[2026-06-17T10:22:33.773+0800][15.392s][info][gc,heap     ] GC(148)                Mark Start          Mark End        Relocate Start      Relocate End           High               Low         
[2026-06-17T10:22:33.773+0800][15.392s][info][gc,heap     ] GC(148)  Capacity:      256M (100%)        256M (100%)        256M (100%)        256M (100%)        256M (100%)        256M (100%)   
[2026-06-17T10:22:33.773+0800][15.392s][info][gc,heap     ] GC(148)   Reserve:       62M (24%)          62M (24%)          62M (24%)          62M (24%)          62M (24%)          62M (24%)    
[2026-06-17T10:22:33.773+0800][15.392s][info][gc,heap     ] GC(148)      Free:       82M (32%)          78M (30%)         104M (41%)         146M (57%)         146M (57%)          38M (15%)    
[2026-06-17T10:22:33.774+0800][15.392s][info][gc,heap     ] GC(148)      Used:      112M (44%)         116M (45%)          90M (35%)          48M (19%)         156M (61%)          48M (19%)    
[2026-06-17T10:22:33.774+0800][15.392s][info][gc,heap     ] GC(148)      Live:         -                29M (12%)          29M (12%)          29M (12%)            -                  -          
[2026-06-17T10:22:33.774+0800][15.392s][info][gc,heap     ] GC(148) Allocated:         -                 4M (2%)            4M (2%)           76M (30%)            -                  -          
[2026-06-17T10:22:33.774+0800][15.392s][info][gc,heap     ] GC(148)   Garbage:         -                82M (32%)          56M (22%)          46M (18%)            -                  -          
[2026-06-17T10:22:33.774+0800][15.393s][info][gc,heap     ] GC(148) Reclaimed:         -                  -                26M (10%)          36M (14%)            -                  -          
[2026-06-17T10:22:33.774+0800][15.393s][info][gc          ] GC(148) Garbage Collection (Allocation Rate) 112M(44%)->48M(19%)
[2026-06-17T10:22:33.863+0800][15.482s][info][gc,start    ] GC(149) Garbage Collection (Allocation Rate)
[2026-06-17T10:22:33.864+0800][15.483s][info][gc,phases   ] GC(149) Pause Mark Start 0.165ms
[2026-06-17T10:22:33.866+0800][15.484s][info][gc,phases   ] GC(149) Concurrent Mark 1.411ms
[2026-06-17T10:22:33.867+0800][15.485s][info][gc,phases   ] GC(149) Pause Mark End 0.296ms
[2026-06-17T10:22:33.867+0800][15.486s][info][gc,phases   ] GC(149) Concurrent Process Non-Strong References 0.080ms
[2026-06-17T10:22:33.867+0800][15.486s][info][gc,phases   ] GC(149) Concurrent Reset Relocation Set 0.002ms
[2026-06-17T10:22:33.867+0800][15.486s][info][gc,phases   ] GC(149) Concurrent Destroy Detached Pages 0.001ms
[2026-06-17T10:22:33.868+0800][15.487s][info][gc,phases   ] GC(149) Concurrent Select Relocation Set 0.503ms
[2026-06-17T10:22:33.868+0800][15.487s][info][gc,phases   ] GC(149) Concurrent Prepare Relocation Set 0.010ms
[2026-06-17T10:22:33.869+0800][15.487s][info][gc,phases   ] GC(149) Pause Relocate Start 0.121ms
[2026-06-17T10:22:33.869+0800][15.488s][info][gc,phases   ] GC(149) Concurrent Relocate 0.317ms
[2026-06-17T10:22:33.869+0800][15.488s][info][gc,load     ] GC(149) Load: 0.22/0.21/0.28
[2026-06-17T10:22:33.870+0800][15.488s][info][gc,mmu      ] GC(149) MMU: 2ms/48.0%, 5ms/74.6%, 10ms/84.2%, 20ms/90.2%, 50ms/96.1%, 100ms/97.3%
[2026-06-17T10:22:33.870+0800][15.488s][info][gc,marking  ] GC(149) Mark: 2 stripe(s), 1 proactive flush(es), 1 terminate flush(es), 0 completion(s), 0 continuation(s) 
[2026-06-17T10:22:33.870+0800][15.489s][info][gc,reloc    ] GC(149) Relocation: Successful, 23M relocated
[2026-06-17T10:22:33.870+0800][15.489s][info][gc,nmethod  ] GC(149) NMethods: 23 registered, 0 unregistered
[2026-06-17T10:22:33.870+0800][15.489s][info][gc,metaspace] GC(149) Metaspace: 3M used, 4M capacity, 4M committed, 8M reserved
[2026-06-17T10:22:33.870+0800][15.489s][info][gc,ref      ] GC(149) Soft: 43 encountered, 0 discovered, 0 enqueued
[2026-06-17T10:22:33.870+0800][15.489s][info][gc,ref      ] GC(149) Weak: 7 encountered, 2 discovered, 0 enqueued
[2026-06-17T10:22:33.870+0800][15.489s][info][gc,ref      ] GC(149) Final: 0 encountered, 0 discovered, 0 enqueued
[2026-06-17T10:22:33.870+0800][15.489s][info][gc,ref      ] GC(149) Phantom: 1 encountered, 1 discovered, 0 enqueued
[2026-06-17T10:22:33.870+0800][15.489s][info][gc,heap     ] GC(149)                Mark Start          Mark End        Relocate Start      Relocate End           High               Low         
[2026-06-17T10:22:33.871+0800][15.489s][info][gc,heap     ] GC(149)  Capacity:      256M (100%)        256M (100%)        256M (100%)        256M (100%)        256M (100%)        256M (100%)   
[2026-06-17T10:22:33.871+0800][15.489s][info][gc,heap     ] GC(149)   Reserve:       62M (24%)          62M (24%)          62M (24%)          62M (24%)          62M (24%)          62M (24%)    
[2026-06-17T10:22:33.871+0800][15.489s][info][gc,heap     ] GC(149)      Free:      112M (44%)         112M (44%)         144M (56%)         150M (59%)         150M (59%)         112M (44%)    
[2026-06-17T10:22:33.871+0800][15.490s][info][gc,heap     ] GC(149)      Used:       82M (32%)          82M (32%)          50M (20%)          44M (17%)          82M (32%)          44M (17%)    
[2026-06-17T10:22:33.871+0800][15.490s][info][gc,heap     ] GC(149)      Live:         -                25M (10%)          25M (10%)          25M (10%)            -                  -          
[2026-06-17T10:22:33.871+0800][15.490s][info][gc,heap     ] GC(149) Allocated:         -                 0M (0%)            0M (0%)            8M (3%)             -                  -          
[2026-06-17T10:22:33.871+0800][15.490s][info][gc,heap     ] GC(149)   Garbage:         -                56M (22%)          24M (9%)           16M (6%)             -                  -          
[2026-06-17T10:22:33.871+0800][15.490s][info][gc,heap     ] GC(149) Reclaimed:         -                  -                32M (12%)          40M (16%)            -                  -          
[2026-06-17T10:22:33.871+0800][15.490s][info][gc          ] GC(149) Garbage Collection (Allocation Rate) 82M(32%)->44M(17%)
[2026-06-17T10:22:33.963+0800][15.582s][info][gc,start    ] GC(150) Garbage Collection (Allocation Rate)
[2026-06-17T10:22:33.966+0800][15.585s][info][gc,phases   ] GC(150) Pause Mark Start 0.156ms
[2026-06-17T10:22:33.970+0800][15.588s][info][gc,phases   ] GC(150) Concurrent Mark 1.461ms
[2026-06-17T10:22:33.972+0800][15.591s][info][gc,phases   ] GC(150) Pause Mark End 0.266ms
[2026-06-17T10:22:33.973+0800][15.592s][info][gc,phases   ] GC(150) Concurrent Process Non-Strong References 0.102ms
[2026-06-17T10:22:33.975+0800][15.594s][info][gc,phases   ] GC(150) Concurrent Reset Relocation Set 0.003ms
[2026-06-17T10:22:33.975+0800][15.594s][info][gc,phases   ] GC(150) Concurrent Destroy Detached Pages 0.001ms
[2026-06-17T10:22:33.978+0800][15.597s][info][gc,phases   ] GC(150) Concurrent Select Relocation Set 0.458ms
[2026-06-17T10:22:33.980+0800][15.598s][info][gc,phases   ] GC(150) Concurrent Prepare Relocation Set 0.015ms
[2026-06-17T10:22:33.982+0800][15.601s][info][gc,phases   ] GC(150) Pause Relocate Start 0.215ms
[2026-06-17T10:22:33.986+0800][15.605s][info][gc,phases   ] GC(150) Concurrent Relocate 1.624ms
[2026-06-17T10:22:33.987+0800][15.606s][info][gc,load     ] GC(150) Load: 0.22/0.21/0.28
[2026-06-17T10:22:33.988+0800][15.607s][info][gc,mmu      ] GC(150) MMU: 2ms/48.0%, 5ms/74.6%, 10ms/84.2%, 20ms/90.2%, 50ms/96.1%, 100ms/97.3%
[2026-06-17T10:22:33.989+0800][15.608s][info][gc,marking  ] GC(150) Mark: 2 stripe(s), 1 proactive flush(es), 1 terminate flush(es), 0 completion(s), 0 continuation(s) 
[2026-06-17T10:22:33.990+0800][15.609s][info][gc,reloc    ] GC(150) Relocation: Successful, 23M relocated
[2026-06-17T10:22:33.990+0800][15.609s][info][gc,nmethod  ] GC(150) NMethods: 23 registered, 0 unregistered
[2026-06-17T10:22:33.992+0800][15.611s][info][gc,metaspace] GC(150) Metaspace: 3M used, 4M capacity, 4M committed, 8M reserved
[2026-06-17T10:22:33.996+0800][15.615s][info][gc,ref      ] GC(150) Soft: 43 encountered, 0 discovered, 0 enqueued
[2026-06-17T10:22:33.998+0800][15.617s][info][gc,ref      ] GC(150) Weak: 7 encountered, 2 discovered, 0 enqueued
[2026-06-17T10:22:34.000+0800][15.619s][info][gc,ref      ] GC(150) Final: 0 encountered, 0 discovered, 0 enqueued
[2026-06-17T10:22:34.004+0800][15.623s][info][gc,ref      ] GC(150) Phantom: 1 encountered, 1 discovered, 0 enqueued
[2026-06-17T10:22:34.005+0800][15.624s][info][gc,heap     ] GC(150)                Mark Start          Mark End        Relocate Start      Relocate End           High               Low         
[2026-06-17T10:22:34.006+0800][15.625s][info][gc,heap     ] GC(150)  Capacity:      256M (100%)        256M (100%)        256M (100%)        256M (100%)        256M (100%)        256M (100%)   
[2026-06-17T10:22:34.008+0800][15.627s][info][gc,heap     ] GC(150)   Reserve:       62M (24%)          62M (24%)          62M (24%)          62M (24%)          62M (24%)          62M (24%)    
[2026-06-17T10:22:34.012+0800][15.631s][info][gc,heap     ] GC(150)      Free:       80M (31%)          80M (31%)         110M (43%)         142M (55%)         142M (55%)          68M (27%)    
[2026-06-17T10:22:34.016+0800][15.635s][info][gc,heap     ] GC(150)      Used:      114M (45%)         114M (45%)          84M (33%)          52M (20%)         126M (49%)          52M (20%)    
[2026-06-17T10:22:34.020+0800][15.639s][info][gc,heap     ] GC(150)      Live:         -                24M (10%)          24M (10%)          24M (10%)            -                  -          
[2026-06-17T10:22:34.024+0800][15.643s][info][gc,heap     ] GC(150) Allocated:         -                 0M (0%)            4M (2%)           48M (19%)            -                  -          
[2026-06-17T10:22:34.024+0800][15.643s][info][gc,heap     ] GC(150)   Garbage:         -                89M (35%)          55M (22%)          19M (8%)             -                  -          
[2026-06-17T10:22:34.026+0800][15.645s][info][gc,heap     ] GC(150) Reclaimed:         -                  -                34M (13%)          70M (27%)            -                  -          
[2026-06-17T10:22:34.028+0800][15.647s][info][gc          ] GC(150) Garbage Collection (Allocation Rate) 114M(45%)->52M(20%)
[2026-06-17T10:22:34.063+0800][15.681s][info][gc,start    ] GC(151) Garbage Collection (Allocation Rate)
[2026-06-17T10:22:34.063+0800][15.682s][info][gc,phases   ] GC(151) Pause Mark Start 0.164ms
[2026-06-17T10:22:34.065+0800][15.684s][info][gc,phases   ] GC(151) Concurrent Mark 1.517ms
[2026-06-17T10:22:34.066+0800][15.685s][info][gc,phases   ] GC(151) Pause Mark End 0.244ms
[2026-06-17T10:22:34.066+0800][15.685s][info][gc,phases   ] GC(151) Concurrent Process Non-Strong References 0.110ms
[2026-06-17T10:22:34.066+0800][15.685s][info][gc,phases   ] GC(151) Concurrent Reset Relocation Set 0.003ms
[2026-06-17T10:22:34.067+0800][15.685s][info][gc,phases   ] GC(151) Concurrent Destroy Detached Pages 0.001ms
[2026-06-17T10:22:34.067+0800][15.686s][info][gc,phases   ] GC(151) Concurrent Select Relocation Set 0.471ms
[2026-06-17T10:22:34.068+0800][15.686s][info][gc,phases   ] GC(151) Concurrent Prepare Relocation Set 0.005ms
[2026-06-17T10:22:34.068+0800][15.687s][info][gc,phases   ] GC(151) Pause Relocate Start 0.167ms
[2026-06-17T10:22:34.069+0800][15.687s][info][gc,phases   ] GC(151) Concurrent Relocate 0.205ms
[2026-06-17T10:22:34.069+0800][15.687s][info][gc,load     ] GC(151) Load: 0.22/0.21/0.28
[2026-06-17T10:22:34.069+0800][15.688s][info][gc,mmu      ] GC(151) MMU: 2ms/48.0%, 5ms/74.6%, 10ms/84.2%, 20ms/90.2%, 50ms/96.1%, 100ms/97.3%
[2026-06-17T10:22:34.069+0800][15.688s][info][gc,marking  ] GC(151) Mark: 2 stripe(s), 2 proactive flush(es), 1 terminate flush(es), 0 completion(s), 0 continuation(s) 
[2026-06-17T10:22:34.069+0800][15.688s][info][gc,reloc    ] GC(151) Relocation: Successful, 27M relocated
[2026-06-17T10:22:34.069+0800][15.688s][info][gc,nmethod  ] GC(151) NMethods: 23 registered, 0 unregistered
[2026-06-17T10:22:34.069+0800][15.688s][info][gc,metaspace] GC(151) Metaspace: 3M used, 4M capacity, 4M committed, 8M reserved
[2026-06-17T10:22:34.069+0800][15.688s][info][gc,ref      ] GC(151) Soft: 43 encountered, 0 discovered, 0 enqueued
[2026-06-17T10:22:34.070+0800][15.688s][info][gc,ref      ] GC(151) Weak: 7 encountered, 0 discovered, 0 enqueued
[2026-06-17T10:22:34.070+0800][15.689s][info][gc,ref      ] GC(151) Final: 0 encountered, 0 discovered, 0 enqueued
[2026-06-17T10:22:34.070+0800][15.689s][info][gc,ref      ] GC(151) Phantom: 1 encountered, 1 discovered, 0 enqueued
[2026-06-17T10:22:34.070+0800][15.689s][info][gc,heap     ] GC(151)                Mark Start          Mark End        Relocate Start      Relocate End           High               Low         
[2026-06-17T10:22:34.070+0800][15.689s][info][gc,heap     ] GC(151)  Capacity:      256M (100%)        256M (100%)        256M (100%)        256M (100%)        256M (100%)        256M (100%)   
[2026-06-17T10:22:34.070+0800][15.689s][info][gc,heap     ] GC(151)   Reserve:       62M (24%)          62M (24%)          62M (24%)          62M (24%)          62M (24%)          62M (24%)    
[2026-06-17T10:22:34.070+0800][15.689s][info][gc,heap     ] GC(151)      Free:      116M (45%)         116M (45%)         134M (52%)         146M (57%)         146M (57%)         116M (45%)    
[2026-06-17T10:22:34.070+0800][15.689s][info][gc,heap     ] GC(151)      Used:       78M (30%)          78M (30%)          60M (23%)          48M (19%)          78M (30%)          48M (19%)    
[2026-06-17T10:22:34.071+0800][15.689s][info][gc,heap     ] GC(151)      Live:         -                30M (12%)          30M (12%)          30M (12%)            -                  -          
[2026-06-17T10:22:34.071+0800][15.689s][info][gc,heap     ] GC(151) Allocated:         -                 0M (0%)            4M (2%)           10M (4%)             -                  -          
[2026-06-17T10:22:34.071+0800][15.689s][info][gc,heap     ] GC(151)   Garbage:         -                47M (19%)          25M (10%)          13M (5%)             -                  -          
[2026-06-17T10:22:34.071+0800][15.690s][info][gc,heap     ] GC(151) Reclaimed:         -                  -                22M (9%)           34M (13%)            -                  -          
[2026-06-17T10:22:34.071+0800][15.690s][info][gc          ] GC(151) Garbage Collection (Allocation Rate) 78M(30%)->48M(19%)
[2026-06-17T10:22:34.163+0800][15.782s][info][gc,start    ] GC(152) Garbage Collection (Allocation Rate)
[2026-06-17T10:22:34.164+0800][15.783s][info][gc,phases   ] GC(152) Pause Mark Start 0.180ms
[2026-06-17T10:22:34.166+0800][15.784s][info][gc,phases   ] GC(152) Concurrent Mark 1.506ms
[2026-06-17T10:22:34.167+0800][15.785s][info][gc,phases   ] GC(152) Pause Mark End 0.364ms
[2026-06-17T10:22:34.167+0800][15.786s][info][gc,phases   ] GC(152) Concurrent Process Non-Strong References 0.140ms
[2026-06-17T10:22:34.167+0800][15.786s][info][gc,phases   ] GC(152) Concurrent Reset Relocation Set 0.002ms
[2026-06-17T10:22:34.167+0800][15.786s][info][gc,phases   ] GC(152) Concurrent Destroy Detached Pages 0.001ms
[2026-06-17T10:22:34.168+0800][15.787s][info][gc,phases   ] GC(152) Concurrent Select Relocation Set 0.522ms
[2026-06-17T10:22:34.168+0800][15.787s][info][gc,phases   ] GC(152) Concurrent Prepare Relocation Set 0.010ms
[2026-06-17T10:22:34.169+0800][15.788s][info][gc,phases   ] GC(152) Pause Relocate Start 0.120ms
[2026-06-17T10:22:34.171+0800][15.789s][info][gc,phases   ] GC(152) Concurrent Relocate 1.557ms
[2026-06-17T10:22:34.171+0800][15.790s][info][gc,load     ] GC(152) Load: 0.22/0.21/0.28
[2026-06-17T10:22:34.171+0800][15.790s][info][gc,mmu      ] GC(152) MMU: 2ms/48.0%, 5ms/74.6%, 10ms/84.2%, 20ms/90.2%, 50ms/96.1%, 100ms/97.3%
[2026-06-17T10:22:34.171+0800][15.790s][info][gc,marking  ] GC(152) Mark: 2 stripe(s), 1 proactive flush(es), 1 terminate flush(es), 0 completion(s), 0 continuation(s) 
[2026-06-17T10:22:34.171+0800][15.790s][info][gc,reloc    ] GC(152) Relocation: Successful, 23M relocated
[2026-06-17T10:22:34.171+0800][15.790s][info][gc,nmethod  ] GC(152) NMethods: 23 registered, 0 unregistered
[2026-06-17T10:22:34.172+0800][15.790s][info][gc,metaspace] GC(152) Metaspace: 3M used, 4M capacity, 4M committed, 8M reserved
[2026-06-17T10:22:34.172+0800][15.790s][info][gc,ref      ] GC(152) Soft: 43 encountered, 0 discovered, 0 enqueued
[2026-06-17T10:22:34.172+0800][15.791s][info][gc,ref      ] GC(152) Weak: 7 encountered, 0 discovered, 0 enqueued
[2026-06-17T10:22:34.172+0800][15.791s][info][gc,ref      ] GC(152) Final: 0 encountered, 0 discovered, 0 enqueued
[2026-06-17T10:22:34.172+0800][15.791s][info][gc,ref      ] GC(152) Phantom: 1 encountered, 1 discovered, 0 enqueued
[2026-06-17T10:22:34.172+0800][15.791s][info][gc,heap     ] GC(152)                Mark Start          Mark End        Relocate Start      Relocate End           High               Low         
[2026-06-17T10:22:34.172+0800][15.791s][info][gc,heap     ] GC(152)  Capacity:      256M (100%)        256M (100%)        256M (100%)        256M (100%)        256M (100%)        256M (100%)   
[2026-06-17T10:22:34.173+0800][15.791s][info][gc,heap     ] GC(152)   Reserve:       62M (24%)          62M (24%)          62M (24%)          62M (24%)          62M (24%)          62M (24%)    
[2026-06-17T10:22:34.173+0800][15.791s][info][gc,heap     ] GC(152)      Free:       80M (31%)          80M (31%)         110M (43%)         150M (59%)         150M (59%)          72M (28%)    
[2026-06-17T10:22:34.173+0800][15.791s][info][gc,heap     ] GC(152)      Used:      114M (45%)         114M (45%)          84M (33%)          44M (17%)         122M (48%)          44M (17%)    
[2026-06-17T10:22:34.173+0800][15.792s][info][gc,heap     ] GC(152)      Live:         -                23M (9%)           23M (9%)           23M (9%)             -                  -          
[2026-06-17T10:22:34.173+0800][15.792s][info][gc,heap     ] GC(152) Allocated:         -                 0M (0%)            0M (0%)           42M (16%)            -                  -          
[2026-06-17T10:22:34.173+0800][15.792s][info][gc,heap     ] GC(152)   Garbage:         -                90M (35%)          60M (24%)          20M (8%)             -                  -          
[2026-06-17T10:22:34.173+0800][15.792s][info][gc,heap     ] GC(152) Reclaimed:         -                  -                30M (12%)          70M (27%)            -                  -          
[2026-06-17T10:22:34.173+0800][15.792s][info][gc          ] GC(152) Garbage Collection (Allocation Rate) 114M(45%)->44M(17%)
[2026-06-17T10:22:34.263+0800][15.882s][info][gc,start    ] GC(153) Garbage Collection (Allocation Rate)
[2026-06-17T10:22:34.264+0800][15.883s][info][gc,phases   ] GC(153) Pause Mark Start 0.153ms
[2026-06-17T10:22:34.268+0800][15.886s][info][gc,phases   ] GC(153) Concurrent Mark 1.804ms
[2026-06-17T10:22:34.270+0800][15.889s][info][gc,phases   ] GC(153) Pause Mark End 0.262ms
[2026-06-17T10:22:34.270+0800][15.889s][info][gc,phases   ] GC(153) Concurrent Process Non-Strong References 0.169ms
[2026-06-17T10:22:34.271+0800][15.890s][info][gc,phases   ] GC(153) Concurrent Reset Relocation Set 0.005ms
[2026-06-17T10:22:34.271+0800][15.890s][info][gc,phases   ] GC(153) Concurrent Destroy Detached Pages 0.001ms
[2026-06-17T10:22:34.272+0800][15.891s][info][gc,phases   ] GC(153) Concurrent Select Relocation Set 0.517ms
[2026-06-17T10:22:34.272+0800][15.891s][info][gc,phases   ] GC(153) Concurrent Prepare Relocation Set 0.007ms
[2026-06-17T10:22:34.273+0800][15.891s][info][gc,phases   ] GC(153) Pause Relocate Start 0.141ms
[2026-06-17T10:22:34.273+0800][15.892s][info][gc,phases   ] GC(153) Concurrent Relocate 0.296ms
[2026-06-17T10:22:34.273+0800][15.892s][info][gc,load     ] GC(153) Load: 0.22/0.21/0.28
[2026-06-17T10:22:34.274+0800][15.892s][info][gc,mmu      ] GC(153) MMU: 2ms/48.0%, 5ms/74.6%, 10ms/84.2%, 20ms/90.2%, 50ms/96.1%, 100ms/97.3%
[2026-06-17T10:22:34.274+0800][15.893s][info][gc,marking  ] GC(153) Mark: 2 stripe(s), 2 proactive flush(es), 1 terminate flush(es), 0 completion(s), 0 continuation(s) 
[2026-06-17T10:22:34.274+0800][15.893s][info][gc,reloc    ] GC(153) Relocation: Successful, 19M relocated
[2026-06-17T10:22:34.274+0800][15.893s][info][gc,nmethod  ] GC(153) NMethods: 23 registered, 0 unregistered
[2026-06-17T10:22:34.275+0800][15.893s][info][gc,metaspace] GC(153) Metaspace: 3M used, 4M capacity, 4M committed, 8M reserved
[2026-06-17T10:22:34.275+0800][15.893s][info][gc,ref      ] GC(153) Soft: 43 encountered, 0 discovered, 0 enqueued
[2026-06-17T10:22:34.275+0800][15.894s][info][gc,ref      ] GC(153) Weak: 7 encountered, 2 discovered, 0 enqueued
[2026-06-17T10:22:34.275+0800][15.894s][info][gc,ref      ] GC(153) Final: 0 encountered, 0 discovered, 0 enqueued
[2026-06-17T10:22:34.275+0800][15.894s][info][gc,ref      ] GC(153) Phantom: 1 encountered, 1 discovered, 0 enqueued
[2026-06-17T10:22:34.275+0800][15.894s][info][gc,heap     ] GC(153)                Mark Start          Mark End        Relocate Start      Relocate End           High               Low         
[2026-06-17T10:22:34.275+0800][15.894s][info][gc,heap     ] GC(153)  Capacity:      256M (100%)        256M (100%)        256M (100%)        256M (100%)        256M (100%)        256M (100%)   
[2026-06-17T10:22:34.275+0800][15.894s][info][gc,heap     ] GC(153)   Reserve:       62M (24%)          62M (24%)          62M (24%)          62M (24%)          62M (24%)          62M (24%)    
[2026-06-17T10:22:34.276+0800][15.894s][info][gc,heap     ] GC(153)      Free:      116M (45%)         112M (44%)         138M (54%)         150M (59%)         150M (59%)         112M (44%)    
[2026-06-17T10:22:34.276+0800][15.895s][info][gc,heap     ] GC(153)      Used:       78M (30%)          82M (32%)          56M (22%)          44M (17%)          82M (32%)          44M (17%)    
[2026-06-17T10:22:34.276+0800][15.895s][info][gc,heap     ] GC(153)      Live:         -                19M (8%)           19M (8%)           19M (8%)             -                  -          
[2026-06-17T10:22:34.276+0800][15.895s][info][gc,heap     ] GC(153) Allocated:         -                 4M (2%)            4M (2%)           10M (4%)             -                  -          
[2026-06-17T10:22:34.276+0800][15.895s][info][gc,heap     ] GC(153)   Garbage:         -                58M (23%)          32M (13%)          20M (8%)             -                  -          
[2026-06-17T10:22:34.276+0800][15.895s][info][gc,heap     ] GC(153) Reclaimed:         -                  -                26M (10%)          38M (15%)            -                  -          
[2026-06-17T10:22:34.276+0800][15.895s][info][gc          ] GC(153) Garbage Collection (Allocation Rate) 78M(30%)->44M(17%)
[2026-06-17T10:22:34.363+0800][15.982s][info][gc,start    ] GC(154) Garbage Collection (Allocation Rate)
[2026-06-17T10:22:34.364+0800][15.983s][info][gc,phases   ] GC(154) Pause Mark Start 0.164ms
[2026-06-17T10:22:34.368+0800][15.987s][info][gc,phases   ] GC(154) Concurrent Mark 1.549ms
[2026-06-17T10:22:34.369+0800][15.988s][info][gc,phases   ] GC(154) Pause Mark End 0.281ms
[2026-06-17T10:22:34.372+0800][15.991s][info][gc,phases   ] GC(154) Concurrent Process Non-Strong References 0.188ms
[2026-06-17T10:22:34.375+0800][15.994s][info][gc,phases   ] GC(154) Concurrent Reset Relocation Set 0.005ms
[2026-06-17T10:22:34.377+0800][15.996s][info][gc,phases   ] GC(154) Concurrent Destroy Detached Pages 0.002ms
[2026-06-17T10:22:34.378+0800][15.997s][info][gc,phases   ] GC(154) Concurrent Select Relocation Set 0.494ms
[2026-06-17T10:22:34.379+0800][15.998s][info][gc,phases   ] GC(154) Concurrent Prepare Relocation Set 0.035ms
[2026-06-17T10:22:34.380+0800][15.999s][info][gc,phases   ] GC(154) Pause Relocate Start 0.151ms
[2026-06-17T10:22:34.382+0800][16.001s][info][gc,phases   ] GC(154) Concurrent Relocate 1.957ms
[2026-06-17T10:22:34.382+0800][16.001s][info][gc,load     ] GC(154) Load: 0.22/0.21/0.28
[2026-06-17T10:22:34.383+0800][16.001s][info][gc,mmu      ] GC(154) MMU: 2ms/48.0%, 5ms/74.6%, 10ms/84.2%, 20ms/90.2%, 50ms/96.1%, 100ms/97.3%
[2026-06-17T10:22:34.383+0800][16.001s][info][gc,marking  ] GC(154) Mark: 2 stripe(s), 1 proactive flush(es), 1 terminate flush(es), 0 completion(s), 0 continuation(s) 
[2026-06-17T10:22:34.383+0800][16.002s][info][gc,reloc    ] GC(154) Relocation: Successful, 25M relocated
[2026-06-17T10:22:34.383+0800][16.002s][info][gc,nmethod  ] GC(154) NMethods: 23 registered, 0 unregistered
[2026-06-17T10:22:34.383+0800][16.002s][info][gc,metaspace] GC(154) Metaspace: 3M used, 4M capacity, 4M committed, 8M reserved
[2026-06-17T10:22:34.383+0800][16.002s][info][gc,ref      ] GC(154) Soft: 43 encountered, 0 discovered, 0 enqueued
[2026-06-17T10:22:34.383+0800][16.002s][info][gc,ref      ] GC(154) Weak: 7 encountered, 2 discovered, 0 enqueued
[2026-06-17T10:22:34.383+0800][16.002s][info][gc,ref      ] GC(154) Final: 0 encountered, 0 discovered, 0 enqueued
[2026-06-17T10:22:34.383+0800][16.002s][info][gc,ref      ] GC(154) Phantom: 1 encountered, 1 discovered, 0 enqueued
[2026-06-17T10:22:34.384+0800][16.002s][info][gc,heap     ] GC(154)                Mark Start          Mark End        Relocate Start      Relocate End           High               Low         
[2026-06-17T10:22:34.384+0800][16.002s][info][gc,heap     ] GC(154)  Capacity:      256M (100%)        256M (100%)        256M (100%)        256M (100%)        256M (100%)        256M (100%)   
[2026-06-17T10:22:34.384+0800][16.003s][info][gc,heap     ] GC(154)   Reserve:       62M (24%)          62M (24%)          62M (24%)          62M (24%)          62M (24%)          62M (24%)    
[2026-06-17T10:22:34.384+0800][16.003s][info][gc,heap     ] GC(154)      Free:       84M (33%)          84M (33%)          76M (30%)         144M (56%)         144M (56%)          48M (19%)    
[2026-06-17T10:22:34.384+0800][16.003s][info][gc,heap     ] GC(154)      Used:      110M (43%)         110M (43%)         118M (46%)          50M (20%)         146M (57%)          50M (20%)    
[2026-06-17T10:22:34.384+0800][16.003s][info][gc,heap     ] GC(154)      Live:         -                27M (11%)          27M (11%)          27M (11%)            -                  -          
[2026-06-17T10:22:34.384+0800][16.003s][info][gc,heap     ] GC(154) Allocated:         -                 0M (0%)           36M (14%)          46M (18%)            -                  -          
[2026-06-17T10:22:34.384+0800][16.003s][info][gc,heap     ] GC(154)   Garbage:         -                82M (32%)          54M (21%)    17592186044402M (6         -                  -          
[2026-06-17T10:22:34.385+0800][16.003s][info][gc,heap     ] GC(154) Reclaimed:         -                  -                28M (11%)          96M (38%)            -                  -          
[2026-06-17T10:22:34.385+0800][16.004s][info][gc          ] GC(154) Garbage Collection (Allocation Rate) 110M(43%)->50M(20%)
[2026-06-17T10:22:34.463+0800][16.082s][info][gc,start    ] GC(155) Garbage Collection (Allocation Rate)
[2026-06-17T10:22:34.464+0800][16.083s][info][gc,phases   ] GC(155) Pause Mark Start 0.156ms
[2026-06-17T10:22:34.466+0800][16.085s][info][gc,phases   ] GC(155) Concurrent Mark 1.447ms
[2026-06-17T10:22:34.474+0800][16.092s][info][gc,phases   ] GC(155) Pause Mark End 0.304ms
[2026-06-17T10:22:34.476+0800][16.094s][info][gc,phases   ] GC(155) Concurrent Process Non-Strong References 0.106ms
[2026-06-17T10:22:34.477+0800][16.095s][info][gc,phases   ] GC(155) Concurrent Reset Relocation Set 0.004ms
[2026-06-17T10:22:34.480+0800][16.099s][info][gc,phases   ] GC(155) Concurrent Destroy Detached Pages 0.003ms
[2026-06-17T10:22:34.485+0800][16.104s][info][gc,phases   ] GC(155) Concurrent Select Relocation Set 0.574ms
[2026-06-17T10:22:34.485+0800][16.104s][info][gc,phases   ] GC(155) Concurrent Prepare Relocation Set 0.007ms
[2026-06-17T10:22:34.486+0800][16.105s][info][gc,phases   ] GC(155) Pause Relocate Start 0.163ms
[2026-06-17T10:22:34.487+0800][16.106s][info][gc,phases   ] GC(155) Concurrent Relocate 0.243ms
[2026-06-17T10:22:34.487+0800][16.106s][info][gc,load     ] GC(155) Load: 0.22/0.21/0.28
[2026-06-17T10:22:34.488+0800][16.106s][info][gc,mmu      ] GC(155) MMU: 2ms/48.0%, 5ms/74.6%, 10ms/84.2%, 20ms/90.2%, 50ms/96.1%, 100ms/97.3%
[2026-06-17T10:22:34.488+0800][16.107s][info][gc,marking  ] GC(155) Mark: 2 stripe(s), 1 proactive flush(es), 1 terminate flush(es), 0 completion(s), 0 continuation(s) 
[2026-06-17T10:22:34.488+0800][16.107s][info][gc,reloc    ] GC(155) Relocation: Successful, 20M relocated
[2026-06-17T10:22:34.489+0800][16.107s][info][gc,nmethod  ] GC(155) NMethods: 23 registered, 0 unregistered
[2026-06-17T10:22:34.489+0800][16.108s][info][gc,metaspace] GC(155) Metaspace: 3M used, 4M capacity, 4M committed, 8M reserved
[2026-06-17T10:22:34.489+0800][16.108s][info][gc,ref      ] GC(155) Soft: 43 encountered, 0 discovered, 0 enqueued
[2026-06-17T10:22:34.489+0800][16.108s][info][gc,ref      ] GC(155) Weak: 7 encountered, 2 discovered, 0 enqueued
[2026-06-17T10:22:34.490+0800][16.108s][info][gc,ref      ] GC(155) Final: 0 encountered, 0 discovered, 0 enqueued
[2026-06-17T10:22:34.490+0800][16.109s][info][gc,ref      ] GC(155) Phantom: 1 encountered, 1 discovered, 0 enqueued
[2026-06-17T10:22:34.490+0800][16.109s][info][gc,heap     ] GC(155)                Mark Start          Mark End        Relocate Start      Relocate End           High               Low         
[2026-06-17T10:22:34.491+0800][16.109s][info][gc,heap     ] GC(155)  Capacity:      256M (100%)        256M (100%)        256M (100%)        256M (100%)        256M (100%)        256M (100%)   
[2026-06-17T10:22:34.491+0800][16.110s][info][gc,heap     ] GC(155)   Reserve:       62M (24%)          62M (24%)          62M (24%)          62M (24%)          62M (24%)          62M (24%)    
[2026-06-17T10:22:34.492+0800][16.110s][info][gc,heap     ] GC(155)      Free:      112M (44%)          76M (30%)         100M (39%)         110M (43%)         112M (44%)          72M (28%)    
[2026-06-17T10:22:34.492+0800][16.111s][info][gc,heap     ] GC(155)      Used:       82M (32%)         118M (46%)          94M (37%)          84M (33%)         122M (48%)          82M (32%)    
[2026-06-17T10:22:34.493+0800][16.112s][info][gc,heap     ] GC(155)      Live:         -                22M (9%)           22M (9%)           22M (9%)             -                  -          
[2026-06-17T10:22:34.493+0800][16.112s][info][gc,heap     ] GC(155) Allocated:         -                36M (14%)          40M (16%)          50M (20%)            -                  -          
[2026-06-17T10:22:34.494+0800][16.113s][info][gc,heap     ] GC(155)   Garbage:         -                59M (23%)          31M (12%)          19M (8%)             -                  -          
[2026-06-17T10:22:34.494+0800][16.113s][info][gc,heap     ] GC(155) Reclaimed:         -                  -                28M (11%)          40M (16%)            -                  -          
[2026-06-17T10:22:34.495+0800][16.114s][info][gc          ] GC(155) Garbage Collection (Allocation Rate) 82M(32%)->84M(33%)
[2026-06-17T10:22:34.562+0800][16.181s][info][gc,start    ] GC(156) Garbage Collection (Allocation Rate)
[2026-06-17T10:22:34.564+0800][16.182s][info][gc,phases   ] GC(156) Pause Mark Start 0.197ms
[2026-06-17T10:22:34.566+0800][16.185s][info][gc,phases   ] GC(156) Concurrent Mark 1.435ms
[2026-06-17T10:22:34.567+0800][16.186s][info][gc,phases   ] GC(156) Pause Mark End 0.282ms
[2026-06-17T10:22:34.567+0800][16.186s][info][gc,phases   ] GC(156) Concurrent Process Non-Strong References 0.090ms
[2026-06-17T10:22:34.568+0800][16.187s][info][gc,phases   ] GC(156) Concurrent Reset Relocation Set 0.002ms
[2026-06-17T10:22:34.568+0800][16.187s][info][gc,phases   ] GC(156) Concurrent Destroy Detached Pages 0.001ms
[2026-06-17T10:22:34.569+0800][16.188s][info][gc,phases   ] GC(156) Concurrent Select Relocation Set 0.527ms
[2026-06-17T10:22:34.570+0800][16.189s][info][gc,phases   ] GC(156) Concurrent Prepare Relocation Set 0.013ms
[2026-06-17T10:22:34.571+0800][16.190s][info][gc,phases   ] GC(156) Pause Relocate Start 0.153ms
[2026-06-17T10:22:34.573+0800][16.192s][info][gc,phases   ] GC(156) Concurrent Relocate 1.396ms
[2026-06-17T10:22:34.573+0800][16.192s][info][gc,load     ] GC(156) Load: 0.22/0.21/0.28
[2026-06-17T10:22:34.574+0800][16.192s][info][gc,mmu      ] GC(156) MMU: 2ms/48.0%, 5ms/74.6%, 10ms/84.2%, 20ms/90.2%, 50ms/96.1%, 100ms/97.3%
[2026-06-17T10:22:34.574+0800][16.193s][info][gc,marking  ] GC(156) Mark: 2 stripe(s), 1 proactive flush(es), 1 terminate flush(es), 0 completion(s), 0 continuation(s) 
[2026-06-17T10:22:34.575+0800][16.194s][info][gc,reloc    ] GC(156) Relocation: Successful, 21M relocated
[2026-06-17T10:22:34.575+0800][16.194s][info][gc,nmethod  ] GC(156) NMethods: 23 registered, 0 unregistered
[2026-06-17T10:22:34.576+0800][16.195s][info][gc,metaspace] GC(156) Metaspace: 3M used, 4M capacity, 4M committed, 8M reserved
[2026-06-17T10:22:34.576+0800][16.195s][info][gc,ref      ] GC(156) Soft: 43 encountered, 0 discovered, 0 enqueued
[2026-06-17T10:22:34.577+0800][16.196s][info][gc,ref      ] GC(156) Weak: 7 encountered, 2 discovered, 0 enqueued
[2026-06-17T10:22:34.577+0800][16.196s][info][gc,ref      ] GC(156) Final: 0 encountered, 0 discovered, 0 enqueued
[2026-06-17T10:22:34.578+0800][16.197s][info][gc,ref      ] GC(156) Phantom: 1 encountered, 1 discovered, 0 enqueued
[2026-06-17T10:22:34.579+0800][16.197s][info][gc,heap     ] GC(156)                Mark Start          Mark End        Relocate Start      Relocate End           High               Low         
[2026-06-17T10:22:34.579+0800][16.198s][info][gc,heap     ] GC(156)  Capacity:      256M (100%)        256M (100%)        256M (100%)        256M (100%)        256M (100%)        256M (100%)   
[2026-06-17T10:22:34.580+0800][16.198s][info][gc,heap     ] GC(156)   Reserve:       62M (24%)          62M (24%)          62M (24%)          62M (24%)          62M (24%)          62M (24%)    
[2026-06-17T10:22:34.580+0800][16.199s][info][gc,heap     ] GC(156)      Free:       80M (31%)          80M (31%)         106M (41%)         146M (57%)         146M (57%)          66M (26%)    
[2026-06-17T10:22:34.580+0800][16.199s][info][gc,heap     ] GC(156)      Used:      114M (45%)         114M (45%)          88M (34%)          48M (19%)         128M (50%)          48M (19%)    
[2026-06-17T10:22:34.581+0800][16.200s][info][gc,heap     ] GC(156)      Live:         -                21M (8%)           21M (8%)           21M (8%)             -                  -          
[2026-06-17T10:22:34.581+0800][16.200s][info][gc,heap     ] GC(156) Allocated:         -                 0M (0%)            4M (2%)           48M (19%)            -                  -          
[2026-06-17T10:22:34.582+0800][16.201s][info][gc,heap     ] GC(156)   Garbage:         -                92M (36%)          62M (24%)          22M (9%)             -                  -          
[2026-06-17T10:22:34.582+0800][16.201s][info][gc,heap     ] GC(156) Reclaimed:         -                  -                30M (12%)          70M (27%)            -                  -          
[2026-06-17T10:22:34.583+0800][16.202s][info][gc          ] GC(156) Garbage Collection (Allocation Rate) 114M(45%)->48M(19%)
[2026-06-17T10:22:34.663+0800][16.282s][info][gc,start    ] GC(157) Garbage Collection (Allocation Rate)
[2026-06-17T10:22:34.665+0800][16.284s][info][gc,phases   ] GC(157) Pause Mark Start 0.243ms
[2026-06-17T10:22:34.667+0800][16.286s][info][gc,phases   ] GC(157) Concurrent Mark 1.742ms
[2026-06-17T10:22:34.668+0800][16.287s][info][gc,phases   ] GC(157) Pause Mark End 0.275ms
[2026-06-17T10:22:34.669+0800][16.288s][info][gc,phases   ] GC(157) Concurrent Process Non-Strong References 0.155ms
[2026-06-17T10:22:34.669+0800][16.288s][info][gc,phases   ] GC(157) Concurrent Reset Relocation Set 0.002ms
[2026-06-17T10:22:34.670+0800][16.289s][info][gc,phases   ] GC(157) Concurrent Destroy Detached Pages 0.001ms
[2026-06-17T10:22:34.671+0800][16.290s][info][gc,phases   ] GC(157) Concurrent Select Relocation Set 0.574ms
[2026-06-17T10:22:34.672+0800][16.291s][info][gc,phases   ] GC(157) Concurrent Prepare Relocation Set 0.004ms
[2026-06-17T10:22:34.673+0800][16.291s][info][gc,phases   ] GC(157) Pause Relocate Start 0.165ms
[2026-06-17T10:22:34.673+0800][16.292s][info][gc,phases   ] GC(157) Concurrent Relocate 0.223ms
[2026-06-17T10:22:34.674+0800][16.293s][info][gc,load     ] GC(157) Load: 0.22/0.21/0.28
[2026-06-17T10:22:34.674+0800][16.293s][info][gc,mmu      ] GC(157) MMU: 2ms/48.0%, 5ms/74.6%, 10ms/84.2%, 20ms/90.2%, 50ms/96.1%, 100ms/97.3%
[2026-06-17T10:22:34.675+0800][16.294s][info][gc,marking  ] GC(157) Mark: 2 stripe(s), 2 proactive flush(es), 1 terminate flush(es), 0 completion(s), 0 continuation(s) 
[2026-06-17T10:22:34.676+0800][16.294s][info][gc,reloc    ] GC(157) Relocation: Successful, 23M relocated
[2026-06-17T10:22:34.676+0800][16.295s][info][gc,nmethod  ] GC(157) NMethods: 23 registered, 0 unregistered
[2026-06-17T10:22:34.676+0800][16.295s][info][gc,metaspace] GC(157) Metaspace: 3M used, 4M capacity, 4M committed, 8M reserved
[2026-06-17T10:22:34.677+0800][16.296s][info][gc,ref      ] GC(157) Soft: 43 encountered, 0 discovered, 0 enqueued
[2026-06-17T10:22:34.677+0800][16.296s][info][gc,ref      ] GC(157) Weak: 7 encountered, 0 discovered, 0 enqueued
[2026-06-17T10:22:34.678+0800][16.296s][info][gc,ref      ] GC(157) Final: 0 encountered, 0 discovered, 0 enqueued
[2026-06-17T10:22:34.678+0800][16.297s][info][gc,ref      ] GC(157) Phantom: 1 encountered, 1 discovered, 0 enqueued
[2026-06-17T10:22:34.679+0800][16.297s][info][gc,heap     ] GC(157)                Mark Start          Mark End        Relocate Start      Relocate End           High               Low         
[2026-06-17T10:22:34.679+0800][16.298s][info][gc,heap     ] GC(157)  Capacity:      256M (100%)        256M (100%)        256M (100%)        256M (100%)        256M (100%)        256M (100%)   
[2026-06-17T10:22:34.679+0800][16.298s][info][gc,heap     ] GC(157)   Reserve:       62M (24%)          62M (24%)          62M (24%)          62M (24%)          62M (24%)          62M (24%)    
[2026-06-17T10:22:34.680+0800][16.299s][info][gc,heap     ] GC(157)      Free:      114M (45%)         110M (43%)         138M (54%)         144M (56%)         144M (56%)         110M (43%)    
[2026-06-17T10:22:34.680+0800][16.299s][info][gc,heap     ] GC(157)      Used:       80M (31%)          84M (33%)          56M (22%)          50M (20%)          84M (33%)          50M (20%)    
[2026-06-17T10:22:34.681+0800][16.299s][info][gc,heap     ] GC(157)      Live:         -                27M (11%)          27M (11%)          27M (11%)            -                  -          
[2026-06-17T10:22:34.681+0800][16.300s][info][gc,heap     ] GC(157) Allocated:         -                 4M (2%)            4M (2%)           14M (5%)             -                  -          
[2026-06-17T10:22:34.682+0800][16.300s][info][gc,heap     ] GC(157)   Garbage:         -                52M (21%)          24M (10%)          18M (7%)             -                  -          
[2026-06-17T10:22:34.682+0800][16.301s][info][gc,heap     ] GC(157) Reclaimed:         -                  -                28M (11%)          34M (13%)            -                  -          
[2026-06-17T10:22:34.683+0800][16.301s][info][gc          ] GC(157) Garbage Collection (Allocation Rate) 80M(31%)->50M(20%)
[2026-06-17T10:22:34.763+0800][16.382s][info][gc,start    ] GC(158) Garbage Collection (Allocation Rate)
[2026-06-17T10:22:34.764+0800][16.382s][info][gc,phases   ] GC(158) Pause Mark Start 0.174ms
[2026-06-17T10:22:34.766+0800][16.384s][info][gc,phases   ] GC(158) Concurrent Mark 1.580ms
[2026-06-17T10:22:34.767+0800][16.386s][info][gc,phases   ] GC(158) Pause Mark End 0.279ms
[2026-06-17T10:22:34.768+0800][16.387s][info][gc,phases   ] GC(158) Concurrent Process Non-Strong References 0.054ms
[2026-06-17T10:22:34.768+0800][16.387s][info][gc,phases   ] GC(158) Concurrent Reset Relocation Set 0.005ms
[2026-06-17T10:22:34.769+0800][16.387s][info][gc,phases   ] GC(158) Concurrent Destroy Detached Pages 0.001ms
[2026-06-17T10:22:34.770+0800][16.388s][info][gc,phases   ] GC(158) Concurrent Select Relocation Set 0.497ms
[2026-06-17T10:22:34.771+0800][16.390s][info][gc,phases   ] GC(158) Concurrent Prepare Relocation Set 0.004ms
[2026-06-17T10:22:34.772+0800][16.391s][info][gc,phases   ] GC(158) Pause Relocate Start 0.154ms
[2026-06-17T10:22:34.774+0800][16.393s][info][gc,phases   ] GC(158) Concurrent Relocate 1.536ms
[2026-06-17T10:22:34.775+0800][16.394s][info][gc,load     ] GC(158) Load: 0.22/0.21/0.28
[2026-06-17T10:22:34.775+0800][16.394s][info][gc,mmu      ] GC(158) MMU: 2ms/48.0%, 5ms/74.6%, 10ms/84.2%, 20ms/90.2%, 50ms/96.1%, 100ms/97.3%
[2026-06-17T10:22:34.776+0800][16.395s][info][gc,marking  ] GC(158) Mark: 2 stripe(s), 1 proactive flush(es), 1 terminate flush(es), 0 completion(s), 0 continuation(s) 
[2026-06-17T10:22:34.776+0800][16.395s][info][gc,reloc    ] GC(158) Relocation: Successful, 24M relocated
[2026-06-17T10:22:34.778+0800][16.397s][info][gc,nmethod  ] GC(158) NMethods: 23 registered, 0 unregistered
[2026-06-17T10:22:34.779+0800][16.398s][info][gc,metaspace] GC(158) Metaspace: 3M used, 4M capacity, 4M committed, 8M reserved
[2026-06-17T10:22:34.780+0800][16.399s][info][gc,ref      ] GC(158) Soft: 43 encountered, 0 discovered, 0 enqueued
[2026-06-17T10:22:34.780+0800][16.399s][info][gc,ref      ] GC(158) Weak: 7 encountered, 2 discovered, 0 enqueued
[2026-06-17T10:22:34.781+0800][16.400s][info][gc,ref      ] GC(158) Final: 0 encountered, 0 discovered, 0 enqueued
[2026-06-17T10:22:34.783+0800][16.401s][info][gc,ref      ] GC(158) Phantom: 1 encountered, 1 discovered, 0 enqueued
[2026-06-17T10:22:34.783+0800][16.402s][info][gc,heap     ] GC(158)                Mark Start          Mark End        Relocate Start      Relocate End           High               Low         
[2026-06-17T10:22:34.783+0800][16.402s][info][gc,heap     ] GC(158)  Capacity:      256M (100%)        256M (100%)        256M (100%)        256M (100%)        256M (100%)        256M (100%)   
[2026-06-17T10:22:34.784+0800][16.403s][info][gc,heap     ] GC(158)   Reserve:       62M (24%)          62M (24%)          62M (24%)          62M (24%)          62M (24%)          62M (24%)    
[2026-06-17T10:22:34.785+0800][16.403s][info][gc,heap     ] GC(158)      Free:       78M (30%)          78M (30%)         106M (41%)         146M (57%)         146M (57%)          68M (27%)    
[2026-06-17T10:22:34.785+0800][16.404s][info][gc,heap     ] GC(158)      Used:      116M (45%)         116M (45%)          88M (34%)          48M (19%)         126M (49%)          48M (19%)    
[2026-06-17T10:22:34.785+0800][16.404s][info][gc,heap     ] GC(158)      Live:         -                24M (10%)          24M (10%)          24M (10%)            -                  -          
[2026-06-17T10:22:34.786+0800][16.405s][info][gc,heap     ] GC(158) Allocated:         -                 0M (0%)            4M (2%)           44M (17%)            -                  -          
[2026-06-17T10:22:34.786+0800][16.405s][info][gc,heap     ] GC(158)   Garbage:         -                91M (36%)          59M (23%)          19M (7%)             -                  -          
[2026-06-17T10:22:34.786+0800][16.405s][info][gc,heap     ] GC(158) Reclaimed:         -                  -                32M (12%)          72M (28%)            -                  -          
[2026-06-17T10:22:34.787+0800][16.406s][info][gc          ] GC(158) Garbage Collection (Allocation Rate) 116M(45%)->48M(19%)
[2026-06-17T10:22:34.863+0800][16.482s][info][gc,start    ] GC(159) Garbage Collection (Allocation Rate)
[2026-06-17T10:22:34.864+0800][16.483s][info][gc,phases   ] GC(159) Pause Mark Start 0.171ms
[2026-06-17T10:22:34.866+0800][16.485s][info][gc,phases   ] GC(159) Concurrent Mark 1.563ms
[2026-06-17T10:22:34.867+0800][16.485s][info][gc,phases   ] GC(159) Pause Mark End 0.300ms
[2026-06-17T10:22:34.867+0800][16.486s][info][gc,phases   ] GC(159) Concurrent Process Non-Strong References 0.112ms
[2026-06-17T10:22:34.867+0800][16.486s][info][gc,phases   ] GC(159) Concurrent Reset Relocation Set 0.002ms
[2026-06-17T10:22:34.867+0800][16.486s][info][gc,phases   ] GC(159) Concurrent Destroy Detached Pages 0.001ms
[2026-06-17T10:22:34.868+0800][16.487s][info][gc,phases   ] GC(159) Concurrent Select Relocation Set 0.472ms
[2026-06-17T10:22:34.868+0800][16.487s][info][gc,phases   ] GC(159) Concurrent Prepare Relocation Set 0.004ms
[2026-06-17T10:22:34.869+0800][16.488s][info][gc,phases   ] GC(159) Pause Relocate Start 0.131ms
[2026-06-17T10:22:34.869+0800][16.488s][info][gc,phases   ] GC(159) Concurrent Relocate 0.221ms
[2026-06-17T10:22:34.869+0800][16.488s][info][gc,load     ] GC(159) Load: 0.22/0.21/0.28
[2026-06-17T10:22:34.870+0800][16.488s][info][gc,mmu      ] GC(159) MMU: 2ms/48.0%, 5ms/74.6%, 10ms/84.2%, 20ms/90.2%, 50ms/96.1%, 100ms/97.3%
[2026-06-17T10:22:34.870+0800][16.488s][info][gc,marking  ] GC(159) Mark: 2 stripe(s), 2 proactive flush(es), 1 terminate flush(es), 0 completion(s), 0 continuation(s) 
[2026-06-17T10:22:34.870+0800][16.489s][info][gc,reloc    ] GC(159) Relocation: Successful, 5M relocated
[2026-06-17T10:22:34.870+0800][16.489s][info][gc,nmethod  ] GC(159) NMethods: 23 registered, 0 unregistered
[2026-06-17T10:22:34.870+0800][16.489s][info][gc,metaspace] GC(159) Metaspace: 3M used, 4M capacity, 4M committed, 8M reserved
[2026-06-17T10:22:34.870+0800][16.489s][info][gc,ref      ] GC(159) Soft: 43 encountered, 0 discovered, 0 enqueued
[2026-06-17T10:22:34.870+0800][16.489s][info][gc,ref      ] GC(159) Weak: 7 encountered, 0 discovered, 0 enqueued
[2026-06-17T10:22:34.870+0800][16.489s][info][gc,ref      ] GC(159) Final: 0 encountered, 0 discovered, 0 enqueued
[2026-06-17T10:22:34.871+0800][16.489s][info][gc,ref      ] GC(159) Phantom: 1 encountered, 0 discovered, 0 enqueued
[2026-06-17T10:22:34.871+0800][16.489s][info][gc,heap     ] GC(159)                Mark Start          Mark End        Relocate Start      Relocate End           High               Low         
[2026-06-17T10:22:34.871+0800][16.489s][info][gc,heap     ] GC(159)  Capacity:      256M (100%)        256M (100%)        256M (100%)        256M (100%)        256M (100%)        256M (100%)   
[2026-06-17T10:22:34.871+0800][16.490s][info][gc,heap     ] GC(159)   Reserve:       62M (24%)          62M (24%)          62M (24%)          62M (24%)          62M (24%)          62M (24%)    
[2026-06-17T10:22:34.871+0800][16.490s][info][gc,heap     ] GC(159)      Free:      114M (45%)         110M (43%)         136M (53%)         146M (57%)         146M (57%)         110M (43%)    
[2026-06-17T10:22:34.871+0800][16.490s][info][gc,heap     ] GC(159)      Used:       80M (31%)          84M (33%)          58M (23%)          48M (19%)          84M (33%)          48M (19%)    
[2026-06-17T10:22:34.871+0800][16.490s][info][gc,heap     ] GC(159)      Live:         -                32M (13%)          32M (13%)          32M (13%)            -                  -          
[2026-06-17T10:22:34.871+0800][16.490s][info][gc,heap     ] GC(159) Allocated:         -                 4M (2%)            4M (2%)           10M (4%)             -                  -          
[2026-06-17T10:22:34.871+0800][16.490s][info][gc,heap     ] GC(159)   Garbage:         -                47M (19%)          21M (9%)           11M (5%)             -                  -          
[2026-06-17T10:22:34.871+0800][16.490s][info][gc,heap     ] GC(159) Reclaimed:         -                  -                26M (10%)          36M (14%)            -                  -          
[2026-06-17T10:22:34.871+0800][16.490s][info][gc          ] GC(159) Garbage Collection (Allocation Rate) 80M(31%)->48M(19%)
[2026-06-17T10:22:34.963+0800][16.582s][info][gc,start    ] GC(160) Garbage Collection (Allocation Rate)
[2026-06-17T10:22:34.964+0800][16.583s][info][gc,phases   ] GC(160) Pause Mark Start 0.258ms
[2026-06-17T10:22:34.966+0800][16.585s][info][gc,phases   ] GC(160) Concurrent Mark 1.535ms
[2026-06-17T10:22:34.967+0800][16.586s][info][gc,phases   ] GC(160) Pause Mark End 0.373ms
[2026-06-17T10:22:34.968+0800][16.587s][info][gc,phases   ] GC(160) Concurrent Process Non-Strong References 0.160ms
[2026-06-17T10:22:34.968+0800][16.587s][info][gc,phases   ] GC(160) Concurrent Reset Relocation Set 0.002ms
[2026-06-17T10:22:34.968+0800][16.587s][info][gc,phases   ] GC(160) Concurrent Destroy Detached Pages 0.001ms
[2026-06-17T10:22:34.970+0800][16.588s][info][gc,phases   ] GC(160) Concurrent Select Relocation Set 0.942ms
[2026-06-17T10:22:34.970+0800][16.589s][info][gc,phases   ] GC(160) Concurrent Prepare Relocation Set 0.012ms
[2026-06-17T10:22:34.971+0800][16.589s][info][gc,phases   ] GC(160) Pause Relocate Start 0.160ms
[2026-06-17T10:22:34.973+0800][16.592s][info][gc,phases   ] GC(160) Concurrent Relocate 1.984ms
[2026-06-17T10:22:34.973+0800][16.592s][info][gc,load     ] GC(160) Load: 0.22/0.21/0.28
[2026-06-17T10:22:34.974+0800][16.592s][info][gc,mmu      ] GC(160) MMU: 2ms/48.0%, 5ms/74.6%, 10ms/84.2%, 20ms/90.2%, 50ms/96.1%, 100ms/97.3%
[2026-06-17T10:22:34.974+0800][16.593s][info][gc,marking  ] GC(160) Mark: 2 stripe(s), 1 proactive flush(es), 1 terminate flush(es), 0 completion(s), 0 continuation(s) 
[2026-06-17T10:22:34.974+0800][16.593s][info][gc,reloc    ] GC(160) Relocation: Successful, 28M relocated
[2026-06-17T10:22:34.974+0800][16.593s][info][gc,nmethod  ] GC(160) NMethods: 23 registered, 0 unregistered
[2026-06-17T10:22:34.974+0800][16.593s][info][gc,metaspace] GC(160) Metaspace: 3M used, 4M capacity, 4M committed, 8M reserved
[2026-06-17T10:22:34.975+0800][16.594s][info][gc,ref      ] GC(160) Soft: 43 encountered, 0 discovered, 0 enqueued
[2026-06-17T10:22:34.975+0800][16.594s][info][gc,ref      ] GC(160) Weak: 7 encountered, 2 discovered, 0 enqueued
[2026-06-17T10:22:34.975+0800][16.594s][info][gc,ref      ] GC(160) Final: 0 encountered, 0 discovered, 0 enqueued
[2026-06-17T10:22:34.976+0800][16.594s][info][gc,ref      ] GC(160) Phantom: 1 encountered, 0 discovered, 0 enqueued
[2026-06-17T10:22:34.976+0800][16.594s][info][gc,heap     ] GC(160)                Mark Start          Mark End        Relocate Start      Relocate End           High               Low         
[2026-06-17T10:22:34.976+0800][16.595s][info][gc,heap     ] GC(160)  Capacity:      256M (100%)        256M (100%)        256M (100%)        256M (100%)        256M (100%)        256M (100%)   
[2026-06-17T10:22:34.976+0800][16.595s][info][gc,heap     ] GC(160)   Reserve:       62M (24%)          62M (24%)          62M (24%)          62M (24%)          62M (24%)          62M (24%)    
[2026-06-17T10:22:34.976+0800][16.595s][info][gc,heap     ] GC(160)      Free:       80M (31%)          80M (31%)          74M (29%)         142M (55%)         142M (55%)          66M (26%)    
[2026-06-17T10:22:34.976+0800][16.595s][info][gc,heap     ] GC(160)      Used:      114M (45%)         114M (45%)         120M (47%)          52M (20%)         128M (50%)          52M (20%)    
[2026-06-17T10:22:34.976+0800][16.595s][info][gc,heap     ] GC(160)      Live:         -                28M (11%)          28M (11%)          28M (11%)            -                  -          
[2026-06-17T10:22:34.977+0800][16.595s][info][gc,heap     ] GC(160) Allocated:         -                 0M (0%)           38M (15%)          52M (20%)            -                  -          
[2026-06-17T10:22:34.977+0800][16.595s][info][gc,heap     ] GC(160)   Garbage:         -                85M (33%)          53M (21%)    17592186044401M (6         -                  -          
[2026-06-17T10:22:34.977+0800][16.596s][info][gc,heap     ] GC(160) Reclaimed:         -                  -                32M (12%)         100M (39%)            -                  -          
[2026-06-17T10:22:34.977+0800][16.596s][info][gc          ] GC(160) Garbage Collection (Allocation Rate) 114M(45%)->52M(20%)
[2026-06-17T10:22:35.063+0800][16.682s][info][gc,start    ] GC(161) Garbage Collection (Allocation Rate)
[2026-06-17T10:22:35.064+0800][16.683s][info][gc,phases   ] GC(161) Pause Mark Start 0.208ms
[2026-06-17T10:22:35.067+0800][16.685s][info][gc,phases   ] GC(161) Concurrent Mark 1.688ms
[2026-06-17T10:22:35.068+0800][16.686s][info][gc,phases   ] GC(161) Pause Mark End 0.284ms
[2026-06-17T10:22:35.068+0800][16.687s][info][gc,phases   ] GC(161) Concurrent Process Non-Strong References 0.134ms
[2026-06-17T10:22:35.069+0800][16.687s][info][gc,phases   ] GC(161) Concurrent Reset Relocation Set 0.004ms
[2026-06-17T10:22:35.069+0800][16.688s][info][gc,phases   ] GC(161) Concurrent Destroy Detached Pages 0.001ms
[2026-06-17T10:22:35.070+0800][16.688s][info][gc,phases   ] GC(161) Concurrent Select Relocation Set 0.545ms
[2026-06-17T10:22:35.070+0800][16.689s][info][gc,phases   ] GC(161) Concurrent Prepare Relocation Set 0.007ms
[2026-06-17T10:22:35.070+0800][16.689s][info][gc,phases   ] GC(161) Pause Relocate Start 0.130ms
[2026-06-17T10:22:35.071+0800][16.690s][info][gc,phases   ] GC(161) Concurrent Relocate 0.599ms
[2026-06-17T10:22:35.072+0800][16.690s][info][gc,load     ] GC(161) Load: 0.22/0.21/0.28
[2026-06-17T10:22:35.072+0800][16.691s][info][gc,mmu      ] GC(161) MMU: 2ms/48.0%, 5ms/74.6%, 10ms/84.2%, 20ms/90.2%, 50ms/96.1%, 100ms/97.3%
[2026-06-17T10:22:35.072+0800][16.691s][info][gc,marking  ] GC(161) Mark: 2 stripe(s), 1 proactive flush(es), 1 terminate flush(es), 0 completion(s), 0 continuation(s) 
[2026-06-17T10:22:35.072+0800][16.691s][info][gc,reloc    ] GC(161) Relocation: Successful, 21M relocated
[2026-06-17T10:22:35.073+0800][16.691s][info][gc,nmethod  ] GC(161) NMethods: 23 registered, 0 unregistered
[2026-06-17T10:22:35.073+0800][16.691s][info][gc,metaspace] GC(161) Metaspace: 3M used, 4M capacity, 4M committed, 8M reserved
[2026-06-17T10:22:35.073+0800][16.692s][info][gc,ref      ] GC(161) Soft: 43 encountered, 0 discovered, 0 enqueued
[2026-06-17T10:22:35.073+0800][16.692s][info][gc,ref      ] GC(161) Weak: 7 encountered, 0 discovered, 0 enqueued
[2026-06-17T10:22:35.073+0800][16.692s][info][gc,ref      ] GC(161) Final: 0 encountered, 0 discovered, 0 enqueued
[2026-06-17T10:22:35.073+0800][16.692s][info][gc,ref      ] GC(161) Phantom: 1 encountered, 0 discovered, 0 enqueued
[2026-06-17T10:22:35.074+0800][16.692s][info][gc,heap     ] GC(161)                Mark Start          Mark End        Relocate Start      Relocate End           High               Low         
[2026-06-17T10:22:35.074+0800][16.693s][info][gc,heap     ] GC(161)  Capacity:      256M (100%)        256M (100%)        256M (100%)        256M (100%)        256M (100%)        256M (100%)   
[2026-06-17T10:22:35.074+0800][16.693s][info][gc,heap     ] GC(161)   Reserve:       62M (24%)          62M (24%)          62M (24%)          62M (24%)          62M (24%)          62M (24%)    
[2026-06-17T10:22:35.074+0800][16.693s][info][gc,heap     ] GC(161)      Free:      108M (42%)         108M (42%)         138M (54%)         152M (59%)         152M (59%)         108M (42%)    
[2026-06-17T10:22:35.074+0800][16.693s][info][gc,heap     ] GC(161)      Used:       86M (34%)          86M (34%)          56M (22%)          42M (16%)          86M (34%)          42M (16%)    
[2026-06-17T10:22:35.074+0800][16.693s][info][gc,heap     ] GC(161)      Live:         -                21M (8%)           21M (8%)           21M (8%)             -                  -          
[2026-06-17T10:22:35.074+0800][16.693s][info][gc,heap     ] GC(161) Allocated:         -                 0M (0%)            0M (0%)           10M (4%)             -                  -          
[2026-06-17T10:22:35.074+0800][16.693s][info][gc,heap     ] GC(161)   Garbage:         -                64M (25%)          34M (13%)          20M (8%)             -                  -          
[2026-06-17T10:22:35.074+0800][16.693s][info][gc,heap     ] GC(161) Reclaimed:         -                  -                30M (12%)          44M (17%)            -                  -          
[2026-06-17T10:22:35.074+0800][16.693s][info][gc          ] GC(161) Garbage Collection (Allocation Rate) 86M(34%)->42M(16%)
[2026-06-17T10:22:35.163+0800][16.781s][info][gc,start    ] GC(162) Garbage Collection (Allocation Rate)
[2026-06-17T10:22:35.164+0800][16.783s][info][gc,phases   ] GC(162) Pause Mark Start 0.174ms
[2026-06-17T10:22:35.168+0800][16.787s][info][gc,phases   ] GC(162) Concurrent Mark 1.522ms
[2026-06-17T10:22:35.169+0800][16.788s][info][gc,phases   ] GC(162) Pause Mark End 0.302ms
[2026-06-17T10:22:35.170+0800][16.789s][info][gc,phases   ] GC(162) Concurrent Process Non-Strong References 0.099ms
[2026-06-17T10:22:35.172+0800][16.791s][info][gc,phases   ] GC(162) Concurrent Reset Relocation Set 0.004ms
[2026-06-17T10:22:35.173+0800][16.792s][info][gc,phases   ] GC(162) Concurrent Destroy Detached Pages 0.001ms
[2026-06-17T10:22:35.175+0800][16.793s][info][gc,phases   ] GC(162) Concurrent Select Relocation Set 0.505ms
[2026-06-17T10:22:35.176+0800][16.794s][info][gc,phases   ] GC(162) Concurrent Prepare Relocation Set 0.007ms
[2026-06-17T10:22:35.182+0800][16.800s][info][gc,phases   ] GC(162) Pause Relocate Start 0.153ms
[2026-06-17T10:22:35.188+0800][16.807s][info][gc,phases   ] GC(162) Concurrent Relocate 1.806ms
[2026-06-17T10:22:35.192+0800][16.811s][info][gc,load     ] GC(162) Load: 0.22/0.21/0.28
[2026-06-17T10:22:35.199+0800][16.818s][info][gc,mmu      ] GC(162) MMU: 2ms/48.0%, 5ms/74.6%, 10ms/84.2%, 20ms/90.2%, 50ms/96.1%, 100ms/97.3%
[2026-06-17T10:22:35.203+0800][16.822s][info][gc,marking  ] GC(162) Mark: 2 stripe(s), 1 proactive flush(es), 1 terminate flush(es), 0 completion(s), 0 continuation(s) 
[2026-06-17T10:22:35.205+0800][16.824s][info][gc,reloc    ] GC(162) Relocation: Successful, 21M relocated
[2026-06-17T10:22:35.216+0800][16.835s][info][gc,nmethod  ] GC(162) NMethods: 23 registered, 0 unregistered
[2026-06-17T10:22:35.218+0800][16.837s][info][gc,metaspace] GC(162) Metaspace: 3M used, 4M capacity, 4M committed, 8M reserved
[2026-06-17T10:22:35.219+0800][16.837s][info][gc,ref      ] GC(162) Soft: 43 encountered, 0 discovered, 0 enqueued
[2026-06-17T10:22:35.223+0800][16.841s][info][gc,ref      ] GC(162) Weak: 7 encountered, 0 discovered, 0 enqueued
[2026-06-17T10:22:35.224+0800][16.843s][info][gc,ref      ] GC(162) Final: 0 encountered, 0 discovered, 0 enqueued
[2026-06-17T10:22:35.235+0800][16.853s][info][gc,ref      ] GC(162) Phantom: 1 encountered, 0 discovered, 0 enqueued
[2026-06-17T10:22:35.237+0800][16.855s][info][gc,heap     ] GC(162)                Mark Start          Mark End        Relocate Start      Relocate End           High               Low         
[2026-06-17T10:22:35.245+0800][16.864s][info][gc,heap     ] GC(162)  Capacity:      256M (100%)        256M (100%)        256M (100%)        256M (100%)        256M (100%)        256M (100%)   
[2026-06-17T10:22:35.254+0800][16.873s][info][gc,heap     ] GC(162)   Reserve:       62M (24%)          62M (24%)          62M (24%)          62M (24%)          62M (24%)          62M (24%)    
[2026-06-17T10:22:35.255+0800][16.874s][info][gc,heap     ] GC(162)      Free:       86M (34%)          82M (32%)         104M (41%)         144M (56%)         144M (56%)          70M (27%)    
[2026-06-17T10:22:35.257+0800][16.876s][info][gc,heap     ] GC(162)      Used:      108M (42%)         112M (44%)          90M (35%)          50M (20%)         124M (48%)          50M (20%)    
[2026-06-17T10:22:35.259+0800][16.878s][info][gc,heap     ] GC(162)      Live:         -                27M (11%)          27M (11%)          27M (11%)            -                  -          
[2026-06-17T10:22:35.261+0800][16.880s][info][gc,heap     ] GC(162) Allocated:         -                 4M (2%)            8M (3%)           44M (17%)            -                  -          
[2026-06-17T10:22:35.263+0800][16.882s][info][gc,heap     ] GC(162)   Garbage:         -                80M (31%)          54M (21%)          14M (6%)             -                  -          
[2026-06-17T10:22:35.265+0800][16.884s][info][gc,heap     ] GC(162) Reclaimed:         -                  -                26M (10%)          66M (26%)            -                  -          
[2026-06-17T10:22:35.266+0800][16.885s][info][gc          ] GC(162) Garbage Collection (Allocation Rate) 108M(42%)->50M(20%)
[2026-06-17T10:22:35.363+0800][16.982s][info][gc,start    ] GC(163) Garbage Collection (Allocation Rate)
[2026-06-17T10:22:35.364+0800][16.983s][info][gc,phases   ] GC(163) Pause Mark Start 0.256ms
[2026-06-17T10:22:35.366+0800][16.985s][info][gc,phases   ] GC(163) Concurrent Mark 1.856ms
[2026-06-17T10:22:35.367+0800][16.986s][info][gc,phases   ] GC(163) Pause Mark End 0.407ms
[2026-06-17T10:22:35.368+0800][16.986s][info][gc,heap     ] Page Cache Flushed: 2M requested, 32M(96M->64M) flushed
[2026-06-17T10:22:35.368+0800][16.987s][info][gc,phases   ] GC(163) Concurrent Process Non-Strong References 0.332ms
[2026-06-17T10:22:35.368+0800][16.987s][info][gc,phases   ] GC(163) Concurrent Reset Relocation Set 0.003ms
[2026-06-17T10:22:35.369+0800][16.988s][info][gc,phases   ] GC(163) Concurrent Destroy Detached Pages 0.004ms
[2026-06-17T10:22:35.373+0800][16.992s][info][gc,phases   ] GC(163) Concurrent Select Relocation Set 0.490ms
[2026-06-17T10:22:35.373+0800][16.992s][info][gc,phases   ] GC(163) Concurrent Prepare Relocation Set 0.012ms
[2026-06-17T10:22:35.374+0800][16.992s][info][gc,phases   ] GC(163) Pause Relocate Start 0.163ms
[2026-06-17T10:22:35.374+0800][16.993s][info][gc,phases   ] GC(163) Concurrent Relocate 0.494ms
[2026-06-17T10:22:35.375+0800][16.994s][info][gc,load     ] GC(163) Load: 0.22/0.21/0.28
[2026-06-17T10:22:35.375+0800][16.994s][info][gc,mmu      ] GC(163) MMU: 2ms/48.0%, 5ms/74.6%, 10ms/84.2%, 20ms/90.2%, 50ms/96.1%, 100ms/97.3%
[2026-06-17T10:22:35.375+0800][16.994s][info][gc,marking  ] GC(163) Mark: 2 stripe(s), 1 proactive flush(es), 1 terminate flush(es), 0 completion(s), 0 continuation(s) 
[2026-06-17T10:22:35.375+0800][16.994s][info][gc,reloc    ] GC(163) Relocation: Successful, 20M relocated
[2026-06-17T10:22:35.375+0800][16.994s][info][gc,nmethod  ] GC(163) NMethods: 23 registered, 0 unregistered
[2026-06-17T10:22:35.376+0800][16.994s][info][gc,metaspace] GC(163) Metaspace: 3M used, 4M capacity, 4M committed, 8M reserved
[2026-06-17T10:22:35.376+0800][16.994s][info][gc,ref      ] GC(163) Soft: 43 encountered, 0 discovered, 0 enqueued
[2026-06-17T10:22:35.376+0800][16.995s][info][gc,ref      ] GC(163) Weak: 7 encountered, 0 discovered, 0 enqueued
[2026-06-17T10:22:35.376+0800][16.995s][info][gc,ref      ] GC(163) Final: 0 encountered, 0 discovered, 0 enqueued
[2026-06-17T10:22:35.376+0800][16.995s][info][gc,ref      ] GC(163) Phantom: 1 encountered, 0 discovered, 0 enqueued
[2026-06-17T10:22:35.376+0800][16.995s][info][gc,heap     ] GC(163)                Mark Start          Mark End        Relocate Start      Relocate End           High               Low         
[2026-06-17T10:22:35.377+0800][16.995s][info][gc,heap     ] GC(163)  Capacity:      256M (100%)        256M (100%)        256M (100%)        256M (100%)        256M (100%)        256M (100%)   
[2026-06-17T10:22:35.377+0800][16.995s][info][gc,heap     ] GC(163)   Reserve:       62M (24%)          62M (24%)          62M (24%)          62M (24%)          62M (24%)          62M (24%)    
[2026-06-17T10:22:35.377+0800][16.996s][info][gc,heap     ] GC(163)      Free:       78M (30%)          78M (30%)         130M (51%)         148M (58%)         148M (58%)          74M (29%)    
[2026-06-17T10:22:35.377+0800][16.996s][info][gc,heap     ] GC(163)      Used:      116M (45%)         116M (45%)          64M (25%)          46M (18%)         120M (47%)          46M (18%)    
[2026-06-17T10:22:35.377+0800][16.996s][info][gc,heap     ] GC(163)      Live:         -                20M (8%)           20M (8%)           20M (8%)             -                  -          
[2026-06-17T10:22:35.377+0800][16.996s][info][gc,heap     ] GC(163) Allocated:         -                 0M (0%)            4M (2%)           12M (5%)             -                  -          
[2026-06-17T10:22:35.377+0800][16.996s][info][gc,heap     ] GC(163)   Garbage:         -                95M (37%)          39M (15%)          21M (8%)             -                  -          
[2026-06-17T10:22:35.377+0800][16.996s][info][gc,heap     ] GC(163) Reclaimed:         -                  -                56M (22%)          74M (29%)            -                  -          
[2026-06-17T10:22:35.377+0800][16.996s][info][gc          ] GC(163) Garbage Collection (Allocation Rate) 116M(45%)->46M(18%)
[2026-06-17T10:22:35.463+0800][17.082s][info][gc,start    ] GC(164) Garbage Collection (Allocation Rate)
[2026-06-17T10:22:35.472+0800][17.091s][info][gc,phases   ] GC(164) Pause Mark Start 0.324ms
[2026-06-17T10:22:35.480+0800][17.099s][info][gc,phases   ] GC(164) Concurrent Mark 1.649ms
[2026-06-17T10:22:35.484+0800][17.103s][info][gc,phases   ] GC(164) Pause Mark End 0.527ms
[2026-06-17T10:22:35.489+0800][17.108s][info][gc,phases   ] GC(164) Concurrent Process Non-Strong References 0.411ms
[2026-06-17T10:22:35.495+0800][17.113s][info][gc,phases   ] GC(164) Concurrent Reset Relocation Set 0.007ms
[2026-06-17T10:22:35.500+0800][17.119s][info][gc,phases   ] GC(164) Concurrent Destroy Detached Pages 0.003ms
[2026-06-17T10:22:35.507+0800][17.126s][info][gc,phases   ] GC(164) Concurrent Select Relocation Set 0.644ms
[2026-06-17T10:22:35.511+0800][17.130s][info][gc,phases   ] GC(164) Concurrent Prepare Relocation Set 0.005ms
[2026-06-17T10:22:35.518+0800][17.136s][info][gc,phases   ] GC(164) Pause Relocate Start 0.152ms
[2026-06-17T10:22:35.524+0800][17.142s][info][gc,phases   ] GC(164) Concurrent Relocate 1.919ms
[2026-06-17T10:22:35.524+0800][17.143s][info][gc,load     ] GC(164) Load: 0.22/0.21/0.28
[2026-06-17T10:22:35.524+0800][17.143s][info][gc,mmu      ] GC(164) MMU: 2ms/48.0%, 5ms/74.6%, 10ms/84.2%, 20ms/90.2%, 50ms/96.1%, 100ms/97.3%
[2026-06-17T10:22:35.524+0800][17.143s][info][gc,marking  ] GC(164) Mark: 2 stripe(s), 2 proactive flush(es), 1 terminate flush(es), 0 completion(s), 0 continuation(s) 
[2026-06-17T10:22:35.525+0800][17.143s][info][gc,reloc    ] GC(164) Relocation: Successful, 24M relocated
[2026-06-17T10:22:35.525+0800][17.144s][info][gc,nmethod  ] GC(164) NMethods: 23 registered, 0 unregistered
[2026-06-17T10:22:35.525+0800][17.144s][info][gc,metaspace] GC(164) Metaspace: 3M used, 4M capacity, 4M committed, 8M reserved
[2026-06-17T10:22:35.525+0800][17.144s][info][gc,ref      ] GC(164) Soft: 43 encountered, 0 discovered, 0 enqueued
[2026-06-17T10:22:35.525+0800][17.144s][info][gc,ref      ] GC(164) Weak: 7 encountered, 2 discovered, 0 enqueued
[2026-06-17T10:22:35.525+0800][17.144s][info][gc,ref      ] GC(164) Final: 0 encountered, 0 discovered, 0 enqueued
[2026-06-17T10:22:35.526+0800][17.144s][info][gc,ref      ] GC(164) Phantom: 1 encountered, 1 discovered, 0 enqueued
[2026-06-17T10:22:35.526+0800][17.144s][info][gc,heap     ] GC(164)                Mark Start          Mark End        Relocate Start      Relocate End           High               Low         
[2026-06-17T10:22:35.526+0800][17.145s][info][gc,heap     ] GC(164)  Capacity:      256M (100%)        256M (100%)        256M (100%)        256M (100%)        256M (100%)        256M (100%)   
[2026-06-17T10:22:35.526+0800][17.145s][info][gc,heap     ] GC(164)   Reserve:       62M (24%)          62M (24%)          62M (24%)          62M (24%)          62M (24%)          62M (24%)    
[2026-06-17T10:22:35.527+0800][17.145s][info][gc,heap     ] GC(164)      Free:       82M (32%)          44M (17%)          62M (24%)         128M (50%)         128M (50%)          38M (15%)    
[2026-06-17T10:22:35.527+0800][17.145s][info][gc,heap     ] GC(164)      Used:      112M (44%)         150M (59%)         132M (52%)          66M (26%)         156M (61%)          66M (26%)    
[2026-06-17T10:22:35.527+0800][17.146s][info][gc,heap     ] GC(164)      Live:         -                28M (11%)          28M (11%)          28M (11%)            -                  -          
[2026-06-17T10:22:35.527+0800][17.146s][info][gc,heap     ] GC(164) Allocated:         -                38M (15%)          50M (20%)          60M (23%)            -                  -          
[2026-06-17T10:22:35.527+0800][17.146s][info][gc,heap     ] GC(164)   Garbage:         -                83M (33%)          53M (21%)    17592186044401M (6         -                  -          
[2026-06-17T10:22:35.527+0800][17.146s][info][gc,heap     ] GC(164) Reclaimed:         -                  -                30M (12%)          98M (38%)            -                  -          
[2026-06-17T10:22:35.527+0800][17.146s][info][gc          ] GC(164) Garbage Collection (Allocation Rate) 112M(44%)->66M(26%)
[2026-06-17T10:22:35.563+0800][17.182s][info][gc,start    ] GC(165) Garbage Collection (Allocation Rate)
[2026-06-17T10:22:35.564+0800][17.183s][info][gc,phases   ] GC(165) Pause Mark Start 0.170ms
[2026-06-17T10:22:35.566+0800][17.185s][info][gc,phases   ] GC(165) Concurrent Mark 1.490ms
[2026-06-17T10:22:35.567+0800][17.185s][info][gc,phases   ] GC(165) Pause Mark End 0.301ms
[2026-06-17T10:22:35.567+0800][17.186s][info][gc,phases   ] GC(165) Concurrent Process Non-Strong References 0.086ms
[2026-06-17T10:22:35.567+0800][17.186s][info][gc,phases   ] GC(165) Concurrent Reset Relocation Set 0.002ms
[2026-06-17T10:22:35.567+0800][17.186s][info][gc,phases   ] GC(165) Concurrent Destroy Detached Pages 0.000ms
[2026-06-17T10:22:35.568+0800][17.187s][info][gc,phases   ] GC(165) Concurrent Select Relocation Set 0.491ms
[2026-06-17T10:22:35.568+0800][17.187s][info][gc,phases   ] GC(165) Concurrent Prepare Relocation Set 0.022ms
[2026-06-17T10:22:35.569+0800][17.188s][info][gc,phases   ] GC(165) Pause Relocate Start 0.187ms
[2026-06-17T10:22:35.570+0800][17.188s][info][gc,phases   ] GC(165) Concurrent Relocate 0.339ms
[2026-06-17T10:22:35.570+0800][17.189s][info][gc,load     ] GC(165) Load: 0.22/0.21/0.28
[2026-06-17T10:22:35.570+0800][17.189s][info][gc,mmu      ] GC(165) MMU: 2ms/48.0%, 5ms/74.6%, 10ms/84.2%, 20ms/90.2%, 50ms/96.1%, 100ms/97.3%
[2026-06-17T10:22:35.570+0800][17.189s][info][gc,marking  ] GC(165) Mark: 2 stripe(s), 1 proactive flush(es), 1 terminate flush(es), 0 completion(s), 0 continuation(s) 
[2026-06-17T10:22:35.571+0800][17.189s][info][gc,reloc    ] GC(165) Relocation: Successful, 25M relocated
[2026-06-17T10:22:35.571+0800][17.189s][info][gc,nmethod  ] GC(165) NMethods: 23 registered, 0 unregistered
[2026-06-17T10:22:35.571+0800][17.190s][info][gc,metaspace] GC(165) Metaspace: 3M used, 4M capacity, 4M committed, 8M reserved
[2026-06-17T10:22:35.571+0800][17.190s][info][gc,ref      ] GC(165) Soft: 43 encountered, 0 discovered, 0 enqueued
[2026-06-17T10:22:35.571+0800][17.190s][info][gc,ref      ] GC(165) Weak: 7 encountered, 2 discovered, 0 enqueued
[2026-06-17T10:22:35.571+0800][17.190s][info][gc,ref      ] GC(165) Final: 0 encountered, 0 discovered, 0 enqueued
[2026-06-17T10:22:35.571+0800][17.190s][info][gc,ref      ] GC(165) Phantom: 1 encountered, 1 discovered, 0 enqueued
[2026-06-17T10:22:35.571+0800][17.190s][info][gc,heap     ] GC(165)                Mark Start          Mark End        Relocate Start      Relocate End           High               Low         
[2026-06-17T10:22:35.572+0800][17.190s][info][gc,heap     ] GC(165)  Capacity:      256M (100%)        256M (100%)        256M (100%)        256M (100%)        256M (100%)        256M (100%)   
[2026-06-17T10:22:35.572+0800][17.190s][info][gc,heap     ] GC(165)   Reserve:       62M (24%)          62M (24%)          62M (24%)          62M (24%)          62M (24%)          62M (24%)    
[2026-06-17T10:22:35.572+0800][17.190s][info][gc,heap     ] GC(165)      Free:      112M (44%)         112M (44%)         136M (53%)         152M (59%)         152M (59%)         112M (44%)    
[2026-06-17T10:22:35.572+0800][17.191s][info][gc,heap     ] GC(165)      Used:       82M (32%)          82M (32%)          58M (23%)          42M (16%)          82M (32%)          42M (16%)    
[2026-06-17T10:22:35.572+0800][17.191s][info][gc,heap     ] GC(165)      Live:         -                25M (10%)          25M (10%)          25M (10%)            -                  -          
[2026-06-17T10:22:35.572+0800][17.191s][info][gc,heap     ] GC(165) Allocated:         -                 0M (0%)            0M (0%)            8M (3%)             -                  -          
[2026-06-17T10:22:35.572+0800][17.191s][info][gc,heap     ] GC(165)   Garbage:         -                56M (22%)          32M (13%)          16M (7%)             -                  -          
[2026-06-17T10:22:35.572+0800][17.191s][info][gc,heap     ] GC(165) Reclaimed:         -                  -                24M (9%)           40M (16%)            -                  -          
[2026-06-17T10:22:35.572+0800][17.191s][info][gc          ] GC(165) Garbage Collection (Allocation Rate) 82M(32%)->42M(16%)
[2026-06-17T10:22:35.663+0800][17.281s][info][gc,start    ] GC(166) Garbage Collection (Allocation Rate)
[2026-06-17T10:22:35.665+0800][17.283s][info][gc,phases   ] GC(166) Pause Mark Start 0.227ms
[2026-06-17T10:22:35.667+0800][17.286s][info][gc,phases   ] GC(166) Concurrent Mark 1.791ms
[2026-06-17T10:22:35.668+0800][17.287s][info][gc,phases   ] GC(166) Pause Mark End 0.328ms
[2026-06-17T10:22:35.669+0800][17.287s][info][gc,phases   ] GC(166) Concurrent Process Non-Strong References 0.159ms
[2026-06-17T10:22:35.669+0800][17.288s][info][gc,phases   ] GC(166) Concurrent Reset Relocation Set 0.003ms
[2026-06-17T10:22:35.669+0800][17.288s][info][gc,phases   ] GC(166) Concurrent Destroy Detached Pages 0.001ms
[2026-06-17T10:22:35.670+0800][17.289s][info][gc,phases   ] GC(166) Concurrent Select Relocation Set 0.662ms
[2026-06-17T10:22:35.670+0800][17.289s][info][gc,phases   ] GC(166) Concurrent Prepare Relocation Set 0.009ms
[2026-06-17T10:22:35.671+0800][17.290s][info][gc,phases   ] GC(166) Pause Relocate Start 0.132ms
[2026-06-17T10:22:35.674+0800][17.292s][info][gc,phases   ] GC(166) Concurrent Relocate 2.490ms
[2026-06-17T10:22:35.674+0800][17.293s][info][gc,load     ] GC(166) Load: 0.22/0.21/0.28
[2026-06-17T10:22:35.675+0800][17.293s][info][gc,mmu      ] GC(166) MMU: 2ms/48.0%, 5ms/74.6%, 10ms/84.2%, 20ms/90.2%, 50ms/96.1%, 100ms/97.3%
[2026-06-17T10:22:35.675+0800][17.294s][info][gc,marking  ] GC(166) Mark: 2 stripe(s), 1 proactive flush(es), 1 terminate flush(es), 0 completion(s), 0 continuation(s) 
[2026-06-17T10:22:35.675+0800][17.294s][info][gc,reloc    ] GC(166) Relocation: Successful, 30M relocated
[2026-06-17T10:22:35.675+0800][17.294s][info][gc,nmethod  ] GC(166) NMethods: 23 registered, 0 unregistered
[2026-06-17T10:22:35.676+0800][17.294s][info][gc,metaspace] GC(166) Metaspace: 3M used, 4M capacity, 4M committed, 8M reserved
[2026-06-17T10:22:35.676+0800][17.294s][info][gc,ref      ] GC(166) Soft: 43 encountered, 0 discovered, 0 enqueued
[2026-06-17T10:22:35.676+0800][17.295s][info][gc,ref      ] GC(166) Weak: 7 encountered, 2 discovered, 0 enqueued
[2026-06-17T10:22:35.676+0800][17.295s][info][gc,ref      ] GC(166) Final: 0 encountered, 0 discovered, 0 enqueued
[2026-06-17T10:22:35.676+0800][17.295s][info][gc,ref      ] GC(166) Phantom: 1 encountered, 1 discovered, 0 enqueued
[2026-06-17T10:22:35.676+0800][17.295s][info][gc,heap     ] GC(166)                Mark Start          Mark End        Relocate Start      Relocate End           High               Low         
[2026-06-17T10:22:35.677+0800][17.295s][info][gc,heap     ] GC(166)  Capacity:      256M (100%)        256M (100%)        256M (100%)        256M (100%)        256M (100%)        256M (100%)   
[2026-06-17T10:22:35.677+0800][17.295s][info][gc,heap     ] GC(166)   Reserve:       62M (24%)          62M (24%)          62M (24%)          62M (24%)          62M (24%)          62M (24%)    
[2026-06-17T10:22:35.677+0800][17.296s][info][gc,heap     ] GC(166)      Free:       84M (33%)          84M (33%)          72M (28%)         142M (55%)         142M (55%)          46M (18%)    
[2026-06-17T10:22:35.677+0800][17.296s][info][gc,heap     ] GC(166)      Used:      110M (43%)         110M (43%)         122M (48%)          52M (20%)         148M (58%)          52M (20%)    
[2026-06-17T10:22:35.677+0800][17.296s][info][gc,heap     ] GC(166)      Live:         -                32M (13%)          32M (13%)          32M (13%)            -                  -          
[2026-06-17T10:22:35.677+0800][17.296s][info][gc,heap     ] GC(166) Allocated:         -                 0M (0%)           38M (15%)          48M (19%)            -                  -          
[2026-06-17T10:22:35.677+0800][17.296s][info][gc,heap     ] GC(166)   Garbage:         -                77M (30%)          51M (20%)    17592186044397M (6         -                  -          
[2026-06-17T10:22:35.678+0800][17.296s][info][gc,heap     ] GC(166) Reclaimed:         -                  -                26M (10%)          96M (38%)            -                  -          
[2026-06-17T10:22:35.678+0800][17.296s][info][gc          ] GC(166) Garbage Collection (Allocation Rate) 110M(43%)->52M(20%)
[2026-06-17T10:22:35.763+0800][17.382s][info][gc,start    ] GC(167) Garbage Collection (Allocation Rate)
[2026-06-17T10:22:35.764+0800][17.383s][info][gc,phases   ] GC(167) Pause Mark Start 0.223ms
[2026-06-17T10:22:35.766+0800][17.385s][info][gc,phases   ] GC(167) Concurrent Mark 1.742ms
[2026-06-17T10:22:35.767+0800][17.386s][info][gc,phases   ] GC(167) Pause Mark End 0.349ms
[2026-06-17T10:22:35.768+0800][17.387s][info][gc,phases   ] GC(167) Concurrent Process Non-Strong References 0.166ms
[2026-06-17T10:22:35.768+0800][17.387s][info][gc,phases   ] GC(167) Concurrent Reset Relocation Set 0.002ms
[2026-06-17T10:22:35.768+0800][17.387s][info][gc,phases   ] GC(167) Concurrent Destroy Detached Pages 0.001ms
[2026-06-17T10:22:35.769+0800][17.388s][info][gc,phases   ] GC(167) Concurrent Select Relocation Set 0.668ms
[2026-06-17T10:22:35.770+0800][17.388s][info][gc,phases   ] GC(167) Concurrent Prepare Relocation Set 0.003ms
[2026-06-17T10:22:35.770+0800][17.389s][info][gc,phases   ] GC(167) Pause Relocate Start 0.196ms
[2026-06-17T10:22:35.771+0800][17.389s][info][gc,phases   ] GC(167) Concurrent Relocate 0.210ms
[2026-06-17T10:22:35.771+0800][17.390s][info][gc,load     ] GC(167) Load: 0.22/0.21/0.28
[2026-06-17T10:22:35.771+0800][17.390s][info][gc,mmu      ] GC(167) MMU: 2ms/48.0%, 5ms/74.6%, 10ms/84.2%, 20ms/90.2%, 50ms/96.1%, 100ms/97.3%
[2026-06-17T10:22:35.771+0800][17.390s][info][gc,marking  ] GC(167) Mark: 2 stripe(s), 1 proactive flush(es), 1 terminate flush(es), 0 completion(s), 0 continuation(s) 
[2026-06-17T10:22:35.772+0800][17.390s][info][gc,reloc    ] GC(167) Relocation: Successful, 25M relocated
[2026-06-17T10:22:35.772+0800][17.390s][info][gc,nmethod  ] GC(167) NMethods: 23 registered, 0 unregistered
[2026-06-17T10:22:35.772+0800][17.391s][info][gc,metaspace] GC(167) Metaspace: 3M used, 4M capacity, 4M committed, 8M reserved
[2026-06-17T10:22:35.772+0800][17.391s][info][gc,ref      ] GC(167) Soft: 43 encountered, 0 discovered, 0 enqueued
[2026-06-17T10:22:35.772+0800][17.391s][info][gc,ref      ] GC(167) Weak: 7 encountered, 2 discovered, 0 enqueued
[2026-06-17T10:22:35.772+0800][17.391s][info][gc,ref      ] GC(167) Final: 0 encountered, 0 discovered, 0 enqueued
[2026-06-17T10:22:35.772+0800][17.391s][info][gc,ref      ] GC(167) Phantom: 1 encountered, 1 discovered, 0 enqueued
[2026-06-17T10:22:35.773+0800][17.391s][info][gc,heap     ] GC(167)                Mark Start          Mark End        Relocate Start      Relocate End           High               Low         
[2026-06-17T10:22:35.773+0800][17.391s][info][gc,heap     ] GC(167)  Capacity:      256M (100%)        256M (100%)        256M (100%)        256M (100%)        256M (100%)        256M (100%)   
[2026-06-17T10:22:35.773+0800][17.391s][info][gc,heap     ] GC(167)   Reserve:       62M (24%)          62M (24%)          62M (24%)          62M (24%)          62M (24%)          62M (24%)    
[2026-06-17T10:22:35.773+0800][17.391s][info][gc,heap     ] GC(167)      Free:      114M (45%)          76M (30%)         106M (41%)         114M (45%)         114M (45%)          76M (30%)    
[2026-06-17T10:22:35.773+0800][17.392s][info][gc,heap     ] GC(167)      Used:       80M (31%)         118M (46%)          88M (34%)          80M (31%)         118M (46%)          80M (31%)    
[2026-06-17T10:22:35.773+0800][17.392s][info][gc,heap     ] GC(167)      Live:         -                29M (11%)          29M (11%)          29M (11%)            -                  -          
[2026-06-17T10:22:35.773+0800][17.392s][info][gc,heap     ] GC(167) Allocated:         -                38M (15%)          38M (15%)          44M (17%)            -                  -          
[2026-06-17T10:22:35.773+0800][17.392s][info][gc,heap     ] GC(167)   Garbage:         -                50M (20%)          20M (8%)           12M (5%)             -                  -          
[2026-06-17T10:22:35.773+0800][17.392s][info][gc,heap     ] GC(167) Reclaimed:         -                  -                30M (12%)          38M (15%)            -                  -          
[2026-06-17T10:22:35.773+0800][17.392s][info][gc          ] GC(167) Garbage Collection (Allocation Rate) 80M(31%)->80M(31%)
[2026-06-17T10:22:35.863+0800][17.482s][info][gc,start    ] GC(168) Garbage Collection (Allocation Rate)
[2026-06-17T10:22:35.867+0800][17.485s][info][gc,phases   ] GC(168) Pause Mark Start 2.837ms
[2026-06-17T10:22:35.869+0800][17.487s][info][gc,phases   ] GC(168) Concurrent Mark 1.513ms
[2026-06-17T10:22:35.870+0800][17.488s][info][gc,phases   ] GC(168) Pause Mark End 0.316ms
[2026-06-17T10:22:35.870+0800][17.489s][info][gc,phases   ] GC(168) Concurrent Process Non-Strong References 0.116ms
[2026-06-17T10:22:35.870+0800][17.489s][info][gc,phases   ] GC(168) Concurrent Reset Relocation Set 0.003ms
[2026-06-17T10:22:35.871+0800][17.489s][info][gc,phases   ] GC(168) Concurrent Destroy Detached Pages 0.001ms
[2026-06-17T10:22:35.871+0800][17.490s][info][gc,phases   ] GC(168) Concurrent Select Relocation Set 0.493ms
[2026-06-17T10:22:35.872+0800][17.490s][info][gc,phases   ] GC(168) Concurrent Prepare Relocation Set 0.014ms
[2026-06-17T10:22:35.873+0800][17.491s][info][gc,phases   ] GC(168) Pause Relocate Start 0.152ms
[2026-06-17T10:22:35.875+0800][17.494s][info][gc,phases   ] GC(168) Concurrent Relocate 2.229ms
[2026-06-17T10:22:35.876+0800][17.494s][info][gc,load     ] GC(168) Load: 0.22/0.21/0.28
[2026-06-17T10:22:35.876+0800][17.495s][info][gc,mmu      ] GC(168) MMU: 2ms/0.0%, 5ms/43.3%, 10ms/66.9%, 20ms/83.5%, 50ms/93.4%, 100ms/96.6%
[2026-06-17T10:22:35.876+0800][17.495s][info][gc,marking  ] GC(168) Mark: 2 stripe(s), 1 proactive flush(es), 1 terminate flush(es), 0 completion(s), 0 continuation(s) 
[2026-06-17T10:22:35.877+0800][17.495s][info][gc,reloc    ] GC(168) Relocation: Successful, 26M relocated
[2026-06-17T10:22:35.877+0800][17.496s][info][gc,nmethod  ] GC(168) NMethods: 23 registered, 0 unregistered
[2026-06-17T10:22:35.877+0800][17.496s][info][gc,metaspace] GC(168) Metaspace: 3M used, 4M capacity, 4M committed, 8M reserved
[2026-06-17T10:22:35.878+0800][17.497s][info][gc,ref      ] GC(168) Soft: 43 encountered, 0 discovered, 0 enqueued
[2026-06-17T10:22:35.879+0800][17.497s][info][gc,ref      ] GC(168) Weak: 7 encountered, 2 discovered, 0 enqueued
[2026-06-17T10:22:35.879+0800][17.498s][info][gc,ref      ] GC(168) Final: 0 encountered, 0 discovered, 0 enqueued
[2026-06-17T10:22:35.879+0800][17.498s][info][gc,ref      ] GC(168) Phantom: 1 encountered, 1 discovered, 0 enqueued
[2026-06-17T10:22:35.879+0800][17.498s][info][gc,heap     ] GC(168)                Mark Start          Mark End        Relocate Start      Relocate End           High               Low         
[2026-06-17T10:22:35.879+0800][17.498s][info][gc,heap     ] GC(168)  Capacity:      256M (100%)        256M (100%)        256M (100%)        256M (100%)        256M (100%)        256M (100%)   
[2026-06-17T10:22:35.880+0800][17.498s][info][gc,heap     ] GC(168)   Reserve:       62M (24%)          62M (24%)          62M (24%)          62M (24%)          62M (24%)          62M (24%)    
[2026-06-17T10:22:35.880+0800][17.498s][info][gc,heap     ] GC(168)      Free:       80M (31%)          80M (31%)         102M (40%)         148M (58%)         148M (58%)          64M (25%)    
[2026-06-17T10:22:35.880+0800][17.499s][info][gc,heap     ] GC(168)      Used:      114M (45%)         114M (45%)          92M (36%)          46M (18%)         130M (51%)          46M (18%)    
[2026-06-17T10:22:35.880+0800][17.499s][info][gc,heap     ] GC(168)      Live:         -                26M (11%)          26M (11%)          26M (11%)            -                  -          
[2026-06-17T10:22:35.880+0800][17.499s][info][gc,heap     ] GC(168) Allocated:         -                 0M (0%)            4M (2%)           44M (17%)            -                  -          
[2026-06-17T10:22:35.880+0800][17.499s][info][gc,heap     ] GC(168)   Garbage:         -                87M (34%)          61M (24%)          15M (6%)             -                  -          
[2026-06-17T10:22:35.880+0800][17.499s][info][gc,heap     ] GC(168) Reclaimed:         -                  -                26M (10%)          72M (28%)            -                  -          
[2026-06-17T10:22:35.881+0800][17.499s][info][gc          ] GC(168) Garbage Collection (Allocation Rate) 114M(45%)->46M(18%)
[2026-06-17T10:22:35.963+0800][17.582s][info][gc,start    ] GC(169) Garbage Collection (Allocation Rate)
[2026-06-17T10:22:35.964+0800][17.583s][info][gc,phases   ] GC(169) Pause Mark Start 0.187ms
[2026-06-17T10:22:35.966+0800][17.585s][info][gc,phases   ] GC(169) Concurrent Mark 1.631ms
[2026-06-17T10:22:35.967+0800][17.586s][info][gc,phases   ] GC(169) Pause Mark End 0.266ms
[2026-06-17T10:22:35.967+0800][17.586s][info][gc,phases   ] GC(169) Concurrent Process Non-Strong References 0.097ms
[2026-06-17T10:22:35.967+0800][17.586s][info][gc,phases   ] GC(169) Concurrent Reset Relocation Set 0.003ms
[2026-06-17T10:22:35.968+0800][17.586s][info][gc,phases   ] GC(169) Concurrent Destroy Detached Pages 0.000ms
[2026-06-17T10:22:35.968+0800][17.587s][info][gc,phases   ] GC(169) Concurrent Select Relocation Set 0.491ms
[2026-06-17T10:22:35.969+0800][17.587s][info][gc,phases   ] GC(169) Concurrent Prepare Relocation Set 0.007ms
[2026-06-17T10:22:35.969+0800][17.588s][info][gc,phases   ] GC(169) Pause Relocate Start 0.146ms
[2026-06-17T10:22:35.970+0800][17.589s][info][gc,phases   ] GC(169) Concurrent Relocate 0.436ms
[2026-06-17T10:22:35.970+0800][17.589s][info][gc,load     ] GC(169) Load: 0.22/0.21/0.28
[2026-06-17T10:22:35.970+0800][17.589s][info][gc,mmu      ] GC(169) MMU: 2ms/0.0%, 5ms/43.3%, 10ms/66.9%, 20ms/83.5%, 50ms/93.4%, 100ms/96.6%
[2026-06-17T10:22:35.970+0800][17.589s][info][gc,marking  ] GC(169) Mark: 2 stripe(s), 1 proactive flush(es), 1 terminate flush(es), 0 completion(s), 0 continuation(s) 
[2026-06-17T10:22:35.971+0800][17.589s][info][gc,reloc    ] GC(169) Relocation: Successful, 23M relocated
[2026-06-17T10:22:35.971+0800][17.590s][info][gc,nmethod  ] GC(169) NMethods: 23 registered, 0 unregistered
[2026-06-17T10:22:35.971+0800][17.590s][info][gc,metaspace] GC(169) Metaspace: 3M used, 4M capacity, 4M committed, 8M reserved
[2026-06-17T10:22:35.971+0800][17.590s][info][gc,ref      ] GC(169) Soft: 43 encountered, 0 discovered, 0 enqueued
[2026-06-17T10:22:35.971+0800][17.590s][info][gc,ref      ] GC(169) Weak: 7 encountered, 2 discovered, 0 enqueued
[2026-06-17T10:22:35.971+0800][17.590s][info][gc,ref      ] GC(169) Final: 0 encountered, 0 discovered, 0 enqueued
[2026-06-17T10:22:35.972+0800][17.590s][info][gc,ref      ] GC(169) Phantom: 1 encountered, 1 discovered, 0 enqueued
[2026-06-17T10:22:35.972+0800][17.590s][info][gc,heap     ] GC(169)                Mark Start          Mark End        Relocate Start      Relocate End           High               Low         
[2026-06-17T10:22:35.972+0800][17.590s][info][gc,heap     ] GC(169)  Capacity:      256M (100%)        256M (100%)        256M (100%)        256M (100%)        256M (100%)        256M (100%)   
[2026-06-17T10:22:35.972+0800][17.590s][info][gc,heap     ] GC(169)   Reserve:       62M (24%)          62M (24%)          62M (24%)          62M (24%)          62M (24%)          62M (24%)    
[2026-06-17T10:22:35.972+0800][17.591s][info][gc,heap     ] GC(169)      Free:      116M (45%)         112M (44%)         140M (55%)         144M (56%)         144M (56%)         112M (44%)    
[2026-06-17T10:22:35.972+0800][17.591s][info][gc,heap     ] GC(169)      Used:       78M (30%)          82M (32%)          54M (21%)          50M (20%)          82M (32%)          50M (20%)    
[2026-06-17T10:22:35.972+0800][17.591s][info][gc,heap     ] GC(169)      Live:         -                26M (10%)          26M (10%)          26M (10%)            -                  -          
[2026-06-17T10:22:35.972+0800][17.591s][info][gc,heap     ] GC(169) Allocated:         -                 4M (2%)            4M (2%)           14M (5%)             -                  -          
[2026-06-17T10:22:35.972+0800][17.591s][info][gc,heap     ] GC(169)   Garbage:         -                51M (20%)          23M (9%)           19M (8%)             -                  -          
[2026-06-17T10:22:35.972+0800][17.591s][info][gc,heap     ] GC(169) Reclaimed:         -                  -                28M (11%)          32M (12%)            -                  -          
[2026-06-17T10:22:35.972+0800][17.591s][info][gc          ] GC(169) Garbage Collection (Allocation Rate) 78M(30%)->50M(20%)
[2026-06-17T10:22:36.064+0800][17.682s][info][gc,start    ] GC(170) Garbage Collection (Allocation Rate)
[2026-06-17T10:22:36.065+0800][17.683s][info][gc,phases   ] GC(170) Pause Mark Start 0.225ms
[2026-06-17T10:22:36.066+0800][17.685s][info][gc,phases   ] GC(170) Concurrent Mark 1.513ms
[2026-06-17T10:22:36.068+0800][17.686s][info][gc,phases   ] GC(170) Pause Mark End 0.320ms
[2026-06-17T10:22:36.068+0800][17.687s][info][gc,phases   ] GC(170) Concurrent Process Non-Strong References 0.071ms
[2026-06-17T10:22:36.068+0800][17.687s][info][gc,phases   ] GC(170) Concurrent Reset Relocation Set 0.002ms
[2026-06-17T10:22:36.068+0800][17.687s][info][gc,phases   ] GC(170) Concurrent Destroy Detached Pages 0.001ms
[2026-06-17T10:22:36.069+0800][17.688s][info][gc,phases   ] GC(170) Concurrent Select Relocation Set 0.542ms
[2026-06-17T10:22:36.069+0800][17.688s][info][gc,phases   ] GC(170) Concurrent Prepare Relocation Set 0.006ms
[2026-06-17T10:22:36.070+0800][17.688s][info][gc,phases   ] GC(170) Pause Relocate Start 0.174ms
[2026-06-17T10:22:36.072+0800][17.690s][info][gc,phases   ] GC(170) Concurrent Relocate 1.567ms
[2026-06-17T10:22:36.072+0800][17.691s][info][gc,load     ] GC(170) Load: 0.22/0.21/0.28
[2026-06-17T10:22:36.072+0800][17.691s][info][gc,mmu      ] GC(170) MMU: 2ms/0.0%, 5ms/43.3%, 10ms/66.9%, 20ms/83.5%, 50ms/93.4%, 100ms/96.6%
[2026-06-17T10:22:36.072+0800][17.691s][info][gc,marking  ] GC(170) Mark: 2 stripe(s), 1 proactive flush(es), 1 terminate flush(es), 0 completion(s), 0 continuation(s) 
[2026-06-17T10:22:36.072+0800][17.691s][info][gc,reloc    ] GC(170) Relocation: Successful, 21M relocated
[2026-06-17T10:22:36.073+0800][17.692s][info][gc,nmethod  ] GC(170) NMethods: 23 registered, 0 unregistered
[2026-06-17T10:22:36.073+0800][17.692s][info][gc,metaspace] GC(170) Metaspace: 3M used, 4M capacity, 4M committed, 8M reserved
[2026-06-17T10:22:36.073+0800][17.692s][info][gc,ref      ] GC(170) Soft: 43 encountered, 0 discovered, 0 enqueued
[2026-06-17T10:22:36.073+0800][17.692s][info][gc,ref      ] GC(170) Weak: 7 encountered, 2 discovered, 0 enqueued
[2026-06-17T10:22:36.074+0800][17.692s][info][gc,ref      ] GC(170) Final: 0 encountered, 0 discovered, 0 enqueued
[2026-06-17T10:22:36.074+0800][17.693s][info][gc,ref      ] GC(170) Phantom: 1 encountered, 1 discovered, 0 enqueued
[2026-06-17T10:22:36.074+0800][17.693s][info][gc,heap     ] GC(170)                Mark Start          Mark End        Relocate Start      Relocate End           High               Low         
[2026-06-17T10:22:36.074+0800][17.693s][info][gc,heap     ] GC(170)  Capacity:      256M (100%)        256M (100%)        256M (100%)        256M (100%)        256M (100%)        256M (100%)   
[2026-06-17T10:22:36.074+0800][17.693s][info][gc,heap     ] GC(170)   Reserve:       62M (24%)          62M (24%)          62M (24%)          62M (24%)          62M (24%)          62M (24%)    
[2026-06-17T10:22:36.074+0800][17.693s][info][gc,heap     ] GC(170)      Free:       78M (30%)          78M (30%)         108M (42%)         144M (56%)         144M (56%)          70M (27%)    
[2026-06-17T10:22:36.075+0800][17.693s][info][gc,heap     ] GC(170)      Used:      116M (45%)         116M (45%)          86M (34%)          50M (20%)         124M (48%)          50M (20%)    
[2026-06-17T10:22:36.075+0800][17.693s][info][gc,heap     ] GC(170)      Live:         -                23M (9%)           23M (9%)           23M (9%)             -                  -          
[2026-06-17T10:22:36.075+0800][17.694s][info][gc,heap     ] GC(170) Allocated:         -                 0M (0%)            0M (0%)           46M (18%)            -                  -          
[2026-06-17T10:22:36.075+0800][17.694s][info][gc,heap     ] GC(170)   Garbage:         -                92M (36%)          62M (24%)          22M (9%)             -                  -          
[2026-06-17T10:22:36.075+0800][17.694s][info][gc,heap     ] GC(170) Reclaimed:         -                  -                30M (12%)          70M (27%)            -                  -          
[2026-06-17T10:22:36.075+0800][17.694s][info][gc          ] GC(170) Garbage Collection (Allocation Rate) 116M(45%)->50M(20%)
[2026-06-17T10:22:36.163+0800][17.782s][info][gc,start    ] GC(171) Garbage Collection (Allocation Rate)
[2026-06-17T10:22:36.164+0800][17.783s][info][gc,phases   ] GC(171) Pause Mark Start 0.232ms
[2026-06-17T10:22:36.166+0800][17.785s][info][gc,phases   ] GC(171) Concurrent Mark 1.769ms
[2026-06-17T10:22:36.167+0800][17.786s][info][gc,phases   ] GC(171) Pause Mark End 0.322ms
[2026-06-17T10:22:36.168+0800][17.786s][info][gc,phases   ] GC(171) Concurrent Process Non-Strong References 0.148ms
[2026-06-17T10:22:36.168+0800][17.787s][info][gc,phases   ] GC(171) Concurrent Reset Relocation Set 0.003ms
[2026-06-17T10:22:36.168+0800][17.787s][info][gc,phases   ] GC(171) Concurrent Destroy Detached Pages 0.002ms
[2026-06-17T10:22:36.169+0800][17.788s][info][gc,phases   ] GC(171) Concurrent Select Relocation Set 0.706ms
[2026-06-17T10:22:36.170+0800][17.788s][info][gc,phases   ] GC(171) Concurrent Prepare Relocation Set 0.013ms
[2026-06-17T10:22:36.170+0800][17.789s][info][gc,phases   ] GC(171) Pause Relocate Start 0.172ms
[2026-06-17T10:22:36.171+0800][17.790s][info][gc,phases   ] GC(171) Concurrent Relocate 0.354ms
[2026-06-17T10:22:36.171+0800][17.790s][info][gc,load     ] GC(171) Load: 0.22/0.21/0.28
[2026-06-17T10:22:36.171+0800][17.790s][info][gc,mmu      ] GC(171) MMU: 2ms/0.0%, 5ms/43.3%, 10ms/66.9%, 20ms/83.5%, 50ms/93.4%, 100ms/96.6%
[2026-06-17T10:22:36.171+0800][17.790s][info][gc,marking  ] GC(171) Mark: 2 stripe(s), 2 proactive flush(es), 1 terminate flush(es), 0 completion(s), 0 continuation(s) 
[2026-06-17T10:22:36.171+0800][17.790s][info][gc,reloc    ] GC(171) Relocation: Successful, 22M relocated
[2026-06-17T10:22:36.172+0800][17.790s][info][gc,nmethod  ] GC(171) NMethods: 23 registered, 0 unregistered
[2026-06-17T10:22:36.172+0800][17.791s][info][gc,metaspace] GC(171) Metaspace: 3M used, 4M capacity, 4M committed, 8M reserved
[2026-06-17T10:22:36.172+0800][17.791s][info][gc,ref      ] GC(171) Soft: 43 encountered, 0 discovered, 0 enqueued
[2026-06-17T10:22:36.172+0800][17.791s][info][gc,ref      ] GC(171) Weak: 7 encountered, 2 discovered, 0 enqueued
[2026-06-17T10:22:36.172+0800][17.791s][info][gc,ref      ] GC(171) Final: 0 encountered, 0 discovered, 0 enqueued
[2026-06-17T10:22:36.172+0800][17.791s][info][gc,ref      ] GC(171) Phantom: 1 encountered, 1 discovered, 0 enqueued
[2026-06-17T10:22:36.173+0800][17.791s][info][gc,heap     ] GC(171)                Mark Start          Mark End        Relocate Start      Relocate End           High               Low         
[2026-06-17T10:22:36.173+0800][17.791s][info][gc,heap     ] GC(171)  Capacity:      256M (100%)        256M (100%)        256M (100%)        256M (100%)        256M (100%)        256M (100%)   
[2026-06-17T10:22:36.173+0800][17.792s][info][gc,heap     ] GC(171)   Reserve:       62M (24%)          62M (24%)          62M (24%)          62M (24%)          62M (24%)          62M (24%)    
[2026-06-17T10:22:36.173+0800][17.792s][info][gc,heap     ] GC(171)      Free:      112M (44%)         108M (42%)         136M (53%)         150M (59%)         150M (59%)         108M (42%)    
[2026-06-17T10:22:36.173+0800][17.792s][info][gc,heap     ] GC(171)      Used:       82M (32%)          86M (34%)          58M (23%)          44M (17%)          86M (34%)          44M (17%)    
[2026-06-17T10:22:36.173+0800][17.792s][info][gc,heap     ] GC(171)      Live:         -                22M (9%)           22M (9%)           22M (9%)             -                  -          
[2026-06-17T10:22:36.173+0800][17.792s][info][gc,heap     ] GC(171) Allocated:         -                 4M (2%)            4M (2%)           12M (5%)             -                  -          
[2026-06-17T10:22:36.173+0800][17.792s][info][gc,heap     ] GC(171)   Garbage:         -                59M (23%)          31M (12%)          17M (7%)             -                  -          
[2026-06-17T10:22:36.173+0800][17.792s][info][gc,heap     ] GC(171) Reclaimed:         -                  -                28M (11%)          42M (16%)            -                  -          
[2026-06-17T10:22:36.173+0800][17.792s][info][gc          ] GC(171) Garbage Collection (Allocation Rate) 82M(32%)->44M(17%)
[2026-06-17T10:22:36.263+0800][17.882s][info][gc,start    ] GC(172) Garbage Collection (Allocation Rate)
[2026-06-17T10:22:36.264+0800][17.883s][info][gc,phases   ] GC(172) Pause Mark Start 0.247ms
[2026-06-17T10:22:36.267+0800][17.886s][info][gc,phases   ] GC(172) Concurrent Mark 1.723ms
[2026-06-17T10:22:36.268+0800][17.887s][info][gc,phases   ] GC(172) Pause Mark End 0.369ms
[2026-06-17T10:22:36.268+0800][17.887s][info][gc,phases   ] GC(172) Concurrent Process Non-Strong References 0.117ms
[2026-06-17T10:22:36.269+0800][17.887s][info][gc,phases   ] GC(172) Concurrent Reset Relocation Set 0.002ms
[2026-06-17T10:22:36.269+0800][17.888s][info][gc,phases   ] GC(172) Concurrent Destroy Detached Pages 0.001ms
[2026-06-17T10:22:36.270+0800][17.888s][info][gc,phases   ] GC(172) Concurrent Select Relocation Set 0.584ms
[2026-06-17T10:22:36.270+0800][17.889s][info][gc,phases   ] GC(172) Concurrent Prepare Relocation Set 0.006ms
[2026-06-17T10:22:36.270+0800][17.889s][info][gc,phases   ] GC(172) Pause Relocate Start 0.212ms
[2026-06-17T10:22:36.273+0800][17.892s][info][gc,phases   ] GC(172) Concurrent Relocate 2.079ms
[2026-06-17T10:22:36.273+0800][17.892s][info][gc,load     ] GC(172) Load: 0.22/0.21/0.28
[2026-06-17T10:22:36.273+0800][17.892s][info][gc,mmu      ] GC(172) MMU: 2ms/0.0%, 5ms/43.3%, 10ms/66.9%, 20ms/83.5%, 50ms/93.4%, 100ms/96.6%
[2026-06-17T10:22:36.274+0800][17.892s][info][gc,marking  ] GC(172) Mark: 2 stripe(s), 1 proactive flush(es), 1 terminate flush(es), 0 completion(s), 0 continuation(s) 
[2026-06-17T10:22:36.274+0800][17.892s][info][gc,reloc    ] GC(172) Relocation: Successful, 25M relocated
[2026-06-17T10:22:36.274+0800][17.893s][info][gc,nmethod  ] GC(172) NMethods: 23 registered, 0 unregistered
[2026-06-17T10:22:36.274+0800][17.893s][info][gc,metaspace] GC(172) Metaspace: 3M used, 4M capacity, 4M committed, 8M reserved
[2026-06-17T10:22:36.274+0800][17.893s][info][gc,ref      ] GC(172) Soft: 43 encountered, 0 discovered, 0 enqueued
[2026-06-17T10:22:36.274+0800][17.893s][info][gc,ref      ] GC(172) Weak: 7 encountered, 2 discovered, 0 enqueued
[2026-06-17T10:22:36.275+0800][17.893s][info][gc,ref      ] GC(172) Final: 0 encountered, 0 discovered, 0 enqueued
[2026-06-17T10:22:36.275+0800][17.893s][info][gc,ref      ] GC(172) Phantom: 1 encountered, 1 discovered, 0 enqueued
[2026-06-17T10:22:36.275+0800][17.894s][info][gc,heap     ] GC(172)                Mark Start          Mark End        Relocate Start      Relocate End           High               Low         
[2026-06-17T10:22:36.275+0800][17.894s][info][gc,heap     ] GC(172)  Capacity:      256M (100%)        256M (100%)        256M (100%)        256M (100%)        256M (100%)        256M (100%)   
[2026-06-17T10:22:36.275+0800][17.894s][info][gc,heap     ] GC(172)   Reserve:       62M (24%)          62M (24%)          62M (24%)          62M (24%)          62M (24%)          62M (24%)    
[2026-06-17T10:22:36.275+0800][17.894s][info][gc,heap     ] GC(172)      Free:       84M (33%)          84M (33%)          76M (30%)         142M (55%)         142M (55%)          70M (27%)    
[2026-06-17T10:22:36.275+0800][17.894s][info][gc,heap     ] GC(172)      Used:      110M (43%)         110M (43%)         118M (46%)          52M (20%)         124M (48%)          52M (20%)    
[2026-06-17T10:22:36.276+0800][17.894s][info][gc,heap     ] GC(172)      Live:         -                27M (11%)          27M (11%)          27M (11%)            -                  -          
[2026-06-17T10:22:36.276+0800][17.894s][info][gc,heap     ] GC(172) Allocated:         -                 0M (0%)           38M (15%)          46M (18%)            -                  -          
[2026-06-17T10:22:36.276+0800][17.895s][info][gc,heap     ] GC(172)   Garbage:         -                82M (32%)          52M (20%)    17592186044402M (6         -                  -          
[2026-06-17T10:22:36.276+0800][17.895s][info][gc,heap     ] GC(172) Reclaimed:         -                  -                30M (12%)          96M (38%)            -                  -          
[2026-06-17T10:22:36.276+0800][17.895s][info][gc          ] GC(172) Garbage Collection (Allocation Rate) 110M(43%)->52M(20%)
[2026-06-17T10:22:36.364+0800][17.982s][info][gc,start    ] GC(173) Garbage Collection (Allocation Rate)
[2026-06-17T10:22:36.365+0800][17.983s][info][gc,phases   ] GC(173) Pause Mark Start 0.249ms
[2026-06-17T10:22:36.367+0800][17.986s][info][gc,phases   ] GC(173) Concurrent Mark 1.714ms
[2026-06-17T10:22:36.369+0800][17.987s][info][gc,phases   ] GC(173) Pause Mark End 0.406ms
[2026-06-17T10:22:36.369+0800][17.988s][info][gc,phases   ] GC(173) Concurrent Process Non-Strong References 0.115ms
[2026-06-17T10:22:36.369+0800][17.988s][info][gc,phases   ] GC(173) Concurrent Reset Relocation Set 0.003ms
[2026-06-17T10:22:36.370+0800][17.988s][info][gc,phases   ] GC(173) Concurrent Destroy Detached Pages 0.001ms
[2026-06-17T10:22:36.371+0800][17.989s][info][gc,phases   ] GC(173) Concurrent Select Relocation Set 0.606ms
[2026-06-17T10:22:36.371+0800][17.990s][info][gc,phases   ] GC(173) Concurrent Prepare Relocation Set 0.012ms
[2026-06-17T10:22:36.371+0800][17.990s][info][gc,phases   ] GC(173) Pause Relocate Start 0.155ms
[2026-06-17T10:22:36.372+0800][17.991s][info][gc,phases   ] GC(173) Concurrent Relocate 0.355ms
[2026-06-17T10:22:36.372+0800][17.991s][info][gc,load     ] GC(173) Load: 0.22/0.21/0.28
[2026-06-17T10:22:36.373+0800][17.991s][info][gc,mmu      ] GC(173) MMU: 2ms/0.0%, 5ms/43.3%, 10ms/66.9%, 20ms/83.5%, 50ms/93.4%, 100ms/96.6%
[2026-06-17T10:22:36.373+0800][17.992s][info][gc,marking  ] GC(173) Mark: 2 stripe(s), 2 proactive flush(es), 1 terminate flush(es), 0 completion(s), 0 continuation(s) 
[2026-06-17T10:22:36.373+0800][17.992s][info][gc,reloc    ] GC(173) Relocation: Successful, 25M relocated
[2026-06-17T10:22:36.373+0800][17.992s][info][gc,nmethod  ] GC(173) NMethods: 23 registered, 0 unregistered
[2026-06-17T10:22:36.373+0800][17.992s][info][gc,metaspace] GC(173) Metaspace: 3M used, 4M capacity, 4M committed, 8M reserved
[2026-06-17T10:22:36.374+0800][17.992s][info][gc,ref      ] GC(173) Soft: 43 encountered, 0 discovered, 0 enqueued
[2026-06-17T10:22:36.374+0800][17.993s][info][gc,ref      ] GC(173) Weak: 7 encountered, 2 discovered, 0 enqueued
[2026-06-17T10:22:36.374+0800][17.993s][info][gc,ref      ] GC(173) Final: 0 encountered, 0 discovered, 0 enqueued
[2026-06-17T10:22:36.374+0800][17.993s][info][gc,ref      ] GC(173) Phantom: 1 encountered, 1 discovered, 0 enqueued
[2026-06-17T10:22:36.375+0800][17.993s][info][gc,heap     ] GC(173)                Mark Start          Mark End        Relocate Start      Relocate End           High               Low         
[2026-06-17T10:22:36.375+0800][17.994s][info][gc,heap     ] GC(173)  Capacity:      256M (100%)        256M (100%)        256M (100%)        256M (100%)        256M (100%)        256M (100%)   
[2026-06-17T10:22:36.375+0800][17.994s][info][gc,heap     ] GC(173)   Reserve:       62M (24%)          62M (24%)          62M (24%)          62M (24%)          62M (24%)          62M (24%)    
[2026-06-17T10:22:36.376+0800][17.994s][info][gc,heap     ] GC(173)      Free:      112M (44%)          74M (29%)          98M (38%)         114M (45%)         114M (45%)          74M (29%)    
[2026-06-17T10:22:36.376+0800][17.995s][info][gc,heap     ] GC(173)      Used:       82M (32%)         120M (47%)          96M (38%)          80M (31%)         120M (47%)          80M (31%)    
[2026-06-17T10:22:36.376+0800][17.995s][info][gc,heap     ] GC(173)      Live:         -                25M (10%)          25M (10%)          25M (10%)            -                  -          
[2026-06-17T10:22:36.376+0800][17.995s][info][gc,heap     ] GC(173) Allocated:         -                38M (15%)          38M (15%)          44M (17%)            -                  -          
[2026-06-17T10:22:36.376+0800][17.995s][info][gc,heap     ] GC(173)   Garbage:         -                56M (22%)          32M (13%)          16M (7%)             -                  -          
[2026-06-17T10:22:36.376+0800][17.995s][info][gc,heap     ] GC(173) Reclaimed:         -                  -                24M (9%)           40M (16%)            -                  -          
[2026-06-17T10:22:36.376+0800][17.995s][info][gc          ] GC(173) Garbage Collection (Allocation Rate) 82M(32%)->80M(31%)
[2026-06-17T10:22:36.463+0800][18.081s][info][gc,start    ] GC(174) Garbage Collection (Allocation Rate)
[2026-06-17T10:22:36.465+0800][18.083s][info][gc,phases   ] GC(174) Pause Mark Start 0.213ms
[2026-06-17T10:22:36.467+0800][18.085s][info][gc,phases   ] GC(174) Concurrent Mark 1.609ms
[2026-06-17T10:22:36.468+0800][18.086s][info][gc,phases   ] GC(174) Pause Mark End 0.324ms
[2026-06-17T10:22:36.468+0800][18.087s][info][gc,phases   ] GC(174) Concurrent Process Non-Strong References 0.135ms
[2026-06-17T10:22:36.468+0800][18.087s][info][gc,phases   ] GC(174) Concurrent Reset Relocation Set 0.003ms
[2026-06-17T10:22:36.468+0800][18.087s][info][gc,phases   ] GC(174) Concurrent Destroy Detached Pages 0.001ms
[2026-06-17T10:22:36.469+0800][18.088s][info][gc,phases   ] GC(174) Concurrent Select Relocation Set 0.605ms
[2026-06-17T10:22:36.469+0800][18.088s][info][gc,phases   ] GC(174) Concurrent Prepare Relocation Set 0.013ms
[2026-06-17T10:22:36.470+0800][18.089s][info][gc,phases   ] GC(174) Pause Relocate Start 0.123ms
[2026-06-17T10:22:36.472+0800][18.091s][info][gc,phases   ] GC(174) Concurrent Relocate 1.703ms
[2026-06-17T10:22:36.472+0800][18.091s][info][gc,load     ] GC(174) Load: 0.22/0.21/0.28
[2026-06-17T10:22:36.472+0800][18.091s][info][gc,mmu      ] GC(174) MMU: 2ms/0.0%, 5ms/43.3%, 10ms/66.9%, 20ms/83.5%, 50ms/93.4%, 100ms/96.6%
[2026-06-17T10:22:36.473+0800][18.091s][info][gc,marking  ] GC(174) Mark: 2 stripe(s), 1 proactive flush(es), 1 terminate flush(es), 0 completion(s), 0 continuation(s) 
[2026-06-17T10:22:36.473+0800][18.092s][info][gc,reloc    ] GC(174) Relocation: Successful, 21M relocated
[2026-06-17T10:22:36.473+0800][18.092s][info][gc,nmethod  ] GC(174) NMethods: 23 registered, 0 unregistered
[2026-06-17T10:22:36.473+0800][18.092s][info][gc,metaspace] GC(174) Metaspace: 3M used, 4M capacity, 4M committed, 8M reserved
[2026-06-17T10:22:36.473+0800][18.092s][info][gc,ref      ] GC(174) Soft: 43 encountered, 0 discovered, 0 enqueued
[2026-06-17T10:22:36.474+0800][18.092s][info][gc,ref      ] GC(174) Weak: 7 encountered, 2 discovered, 0 enqueued
[2026-06-17T10:22:36.474+0800][18.093s][info][gc,ref      ] GC(174) Final: 0 encountered, 0 discovered, 0 enqueued
[2026-06-17T10:22:36.474+0800][18.093s][info][gc,ref      ] GC(174) Phantom: 1 encountered, 1 discovered, 0 enqueued
[2026-06-17T10:22:36.474+0800][18.093s][info][gc,heap     ] GC(174)                Mark Start          Mark End        Relocate Start      Relocate End           High               Low         
[2026-06-17T10:22:36.474+0800][18.093s][info][gc,heap     ] GC(174)  Capacity:      256M (100%)        256M (100%)        256M (100%)        256M (100%)        256M (100%)        256M (100%)   
[2026-06-17T10:22:36.475+0800][18.093s][info][gc,heap     ] GC(174)   Reserve:       62M (24%)          62M (24%)          62M (24%)          62M (24%)          62M (24%)          62M (24%)    
[2026-06-17T10:22:36.475+0800][18.093s][info][gc,heap     ] GC(174)      Free:       80M (31%)          80M (31%)         110M (43%)         146M (57%)         146M (57%)          66M (26%)    
[2026-06-17T10:22:36.475+0800][18.094s][info][gc,heap     ] GC(174)      Used:      114M (45%)         114M (45%)          84M (33%)          48M (19%)         128M (50%)          48M (19%)    
[2026-06-17T10:22:36.475+0800][18.094s][info][gc,heap     ] GC(174)      Live:         -                21M (9%)           21M (9%)           21M (9%)             -                  -          
[2026-06-17T10:22:36.475+0800][18.094s][info][gc,heap     ] GC(174) Allocated:         -                 0M (0%)            0M (0%)           48M (19%)            -                  -          
[2026-06-17T10:22:36.475+0800][18.094s][info][gc,heap     ] GC(174)   Garbage:         -                92M (36%)          62M (24%)          22M (9%)             -                  -          
[2026-06-17T10:22:36.475+0800][18.094s][info][gc,heap     ] GC(174) Reclaimed:         -                  -                30M (12%)          70M (27%)            -                  -          
[2026-06-17T10:22:36.475+0800][18.094s][info][gc          ] GC(174) Garbage Collection (Allocation Rate) 114M(45%)->48M(19%)
[2026-06-17T10:22:36.563+0800][18.182s][info][gc,start    ] GC(175) Garbage Collection (Allocation Rate)
[2026-06-17T10:22:36.564+0800][18.183s][info][gc,phases   ] GC(175) Pause Mark Start 0.224ms
[2026-06-17T10:22:36.567+0800][18.185s][info][gc,phases   ] GC(175) Concurrent Mark 1.902ms
[2026-06-17T10:22:36.567+0800][18.186s][info][gc,phases   ] GC(175) Pause Mark End 0.266ms
[2026-06-17T10:22:36.568+0800][18.187s][info][gc,phases   ] GC(175) Concurrent Process Non-Strong References 0.124ms
[2026-06-17T10:22:36.568+0800][18.187s][info][gc,phases   ] GC(175) Concurrent Reset Relocation Set 0.002ms
[2026-06-17T10:22:36.569+0800][18.187s][info][gc,phases   ] GC(175) Concurrent Destroy Detached Pages 0.001ms
[2026-06-17T10:22:36.569+0800][18.188s][info][gc,phases   ] GC(175) Concurrent Select Relocation Set 0.497ms
[2026-06-17T10:22:36.570+0800][18.188s][info][gc,phases   ] GC(175) Concurrent Prepare Relocation Set 0.003ms
[2026-06-17T10:22:36.570+0800][18.189s][info][gc,phases   ] GC(175) Pause Relocate Start 0.132ms
[2026-06-17T10:22:36.571+0800][18.190s][info][gc,phases   ] GC(175) Concurrent Relocate 0.238ms
[2026-06-17T10:22:36.571+0800][18.190s][info][gc,load     ] GC(175) Load: 0.22/0.21/0.28
[2026-06-17T10:22:36.571+0800][18.190s][info][gc,mmu      ] GC(175) MMU: 2ms/0.0%, 5ms/43.3%, 10ms/66.9%, 20ms/83.5%, 50ms/93.4%, 100ms/96.6%
[2026-06-17T10:22:36.571+0800][18.190s][info][gc,marking  ] GC(175) Mark: 2 stripe(s), 1 proactive flush(es), 1 terminate flush(es), 0 completion(s), 0 continuation(s) 
[2026-06-17T10:22:36.571+0800][18.190s][info][gc,reloc    ] GC(175) Relocation: Successful, 25M relocated
[2026-06-17T10:22:36.572+0800][18.190s][info][gc,nmethod  ] GC(175) NMethods: 23 registered, 0 unregistered
[2026-06-17T10:22:36.572+0800][18.191s][info][gc,metaspace] GC(175) Metaspace: 3M used, 4M capacity, 4M committed, 8M reserved
[2026-06-17T10:22:36.572+0800][18.191s][info][gc,ref      ] GC(175) Soft: 43 encountered, 0 discovered, 0 enqueued
[2026-06-17T10:22:36.572+0800][18.191s][info][gc,ref      ] GC(175) Weak: 7 encountered, 2 discovered, 0 enqueued
[2026-06-17T10:22:36.572+0800][18.191s][info][gc,ref      ] GC(175) Final: 0 encountered, 0 discovered, 0 enqueued
[2026-06-17T10:22:36.572+0800][18.191s][info][gc,ref      ] GC(175) Phantom: 1 encountered, 1 discovered, 0 enqueued
[2026-06-17T10:22:36.573+0800][18.191s][info][gc,heap     ] GC(175)                Mark Start          Mark End        Relocate Start      Relocate End           High               Low         
[2026-06-17T10:22:36.573+0800][18.191s][info][gc,heap     ] GC(175)  Capacity:      256M (100%)        256M (100%)        256M (100%)        256M (100%)        256M (100%)        256M (100%)   
[2026-06-17T10:22:36.573+0800][18.192s][info][gc,heap     ] GC(175)   Reserve:       62M (24%)          62M (24%)          62M (24%)          62M (24%)          62M (24%)          62M (24%)    
[2026-06-17T10:22:36.573+0800][18.192s][info][gc,heap     ] GC(175)      Free:      116M (45%)         112M (44%)         136M (53%)         148M (58%)         148M (58%)         112M (44%)    
[2026-06-17T10:22:36.573+0800][18.192s][info][gc,heap     ] GC(175)      Used:       78M (30%)          82M (32%)          58M (23%)          46M (18%)          82M (32%)          46M (18%)    
[2026-06-17T10:22:36.573+0800][18.192s][info][gc,heap     ] GC(175)      Live:         -                28M (11%)          28M (11%)          28M (11%)            -                  -          
[2026-06-17T10:22:36.573+0800][18.192s][info][gc,heap     ] GC(175) Allocated:         -                 4M (2%)            4M (2%)           10M (4%)             -                  -          
[2026-06-17T10:22:36.573+0800][18.192s][info][gc,heap     ] GC(175)   Garbage:         -                49M (19%)          25M (10%)          13M (5%)             -                  -          
[2026-06-17T10:22:36.573+0800][18.192s][info][gc,heap     ] GC(175) Reclaimed:         -                  -                24M (9%)           36M (14%)            -                  -          
[2026-06-17T10:22:36.573+0800][18.192s][info][gc          ] GC(175) Garbage Collection (Allocation Rate) 78M(30%)->46M(18%)
[2026-06-17T10:22:36.663+0800][18.282s][info][gc,start    ] GC(176) Garbage Collection (Allocation Rate)
[2026-06-17T10:22:36.664+0800][18.283s][info][gc,phases   ] GC(176) Pause Mark Start 0.215ms
[2026-06-17T10:22:36.666+0800][18.285s][info][gc,phases   ] GC(176) Concurrent Mark 1.592ms
[2026-06-17T10:22:36.668+0800][18.286s][info][gc,phases   ] GC(176) Pause Mark End 0.452ms
[2026-06-17T10:22:36.670+0800][18.289s][info][gc,phases   ] GC(176) Concurrent Process Non-Strong References 0.152ms
[2026-06-17T10:22:36.673+0800][18.292s][info][gc,phases   ] GC(176) Concurrent Reset Relocation Set 0.005ms
[2026-06-17T10:22:36.674+0800][18.293s][info][gc,phases   ] GC(176) Concurrent Destroy Detached Pages 0.002ms
[2026-06-17T10:22:36.677+0800][18.296s][info][gc,phases   ] GC(176) Concurrent Select Relocation Set 0.665ms
[2026-06-17T10:22:36.678+0800][18.297s][info][gc,phases   ] GC(176) Concurrent Prepare Relocation Set 0.013ms
[2026-06-17T10:22:36.679+0800][18.298s][info][gc,phases   ] GC(176) Pause Relocate Start 0.189ms
[2026-06-17T10:22:36.685+0800][18.303s][info][gc,phases   ] GC(176) Concurrent Relocate 2.044ms
[2026-06-17T10:22:36.687+0800][18.305s][info][gc,load     ] GC(176) Load: 0.22/0.21/0.28
[2026-06-17T10:22:36.690+0800][18.309s][info][gc,mmu      ] GC(176) MMU: 2ms/0.0%, 5ms/43.3%, 10ms/66.9%, 20ms/83.5%, 50ms/93.4%, 100ms/96.6%
[2026-06-17T10:22:36.691+0800][18.309s][info][gc,marking  ] GC(176) Mark: 2 stripe(s), 1 proactive flush(es), 1 terminate flush(es), 0 completion(s), 0 continuation(s) 
[2026-06-17T10:22:36.691+0800][18.310s][info][gc,reloc    ] GC(176) Relocation: Successful, 26M relocated
[2026-06-17T10:22:36.691+0800][18.310s][info][gc,nmethod  ] GC(176) NMethods: 23 registered, 0 unregistered
[2026-06-17T10:22:36.692+0800][18.310s][info][gc,metaspace] GC(176) Metaspace: 3M used, 4M capacity, 4M committed, 8M reserved
[2026-06-17T10:22:36.692+0800][18.311s][info][gc,ref      ] GC(176) Soft: 43 encountered, 0 discovered, 0 enqueued
[2026-06-17T10:22:36.692+0800][18.311s][info][gc,ref      ] GC(176) Weak: 7 encountered, 2 discovered, 0 enqueued
[2026-06-17T10:22:36.693+0800][18.311s][info][gc,ref      ] GC(176) Final: 0 encountered, 0 discovered, 0 enqueued
[2026-06-17T10:22:36.693+0800][18.312s][info][gc,ref      ] GC(176) Phantom: 1 encountered, 1 discovered, 0 enqueued
[2026-06-17T10:22:36.693+0800][18.312s][info][gc,heap     ] GC(176)                Mark Start          Mark End        Relocate Start      Relocate End           High               Low         
[2026-06-17T10:22:36.693+0800][18.312s][info][gc,heap     ] GC(176)  Capacity:      256M (100%)        256M (100%)        256M (100%)        256M (100%)        256M (100%)        256M (100%)   
[2026-06-17T10:22:36.693+0800][18.312s][info][gc,heap     ] GC(176)   Reserve:       62M (24%)          62M (24%)          62M (24%)          62M (24%)          62M (24%)          62M (24%)    
[2026-06-17T10:22:36.694+0800][18.312s][info][gc,heap     ] GC(176)      Free:       82M (32%)          82M (32%)         108M (42%)         144M (56%)         144M (56%)          70M (27%)    
[2026-06-17T10:22:36.694+0800][18.313s][info][gc,heap     ] GC(176)      Used:      112M (44%)         112M (44%)          86M (34%)          50M (20%)         124M (48%)          50M (20%)    
[2026-06-17T10:22:36.694+0800][18.313s][info][gc,heap     ] GC(176)      Live:         -                26M (10%)          26M (10%)          26M (10%)            -                  -          
[2026-06-17T10:22:36.694+0800][18.313s][info][gc,heap     ] GC(176) Allocated:         -                 0M (0%)            4M (2%)           46M (18%)            -                  -          
[2026-06-17T10:22:36.694+0800][18.313s][info][gc,heap     ] GC(176)   Garbage:         -                85M (34%)          55M (22%)          13M (5%)             -                  -          
[2026-06-17T10:22:36.695+0800][18.313s][info][gc,heap     ] GC(176) Reclaimed:         -                  -                30M (12%)          72M (28%)            -                  -          
[2026-06-17T10:22:36.695+0800][18.313s][info][gc          ] GC(176) Garbage Collection (Allocation Rate) 112M(44%)->50M(20%)
[2026-06-17T10:22:36.763+0800][18.381s][info][gc,start    ] GC(177) Garbage Collection (Allocation Rate)
[2026-06-17T10:22:36.764+0800][18.383s][info][gc,phases   ] GC(177) Pause Mark Start 0.321ms
[2026-06-17T10:22:36.766+0800][18.385s][info][gc,phases   ] GC(177) Concurrent Mark 1.793ms
[2026-06-17T10:22:36.767+0800][18.386s][info][gc,phases   ] GC(177) Pause Mark End 0.419ms
[2026-06-17T10:22:36.768+0800][18.387s][info][gc,phases   ] GC(177) Concurrent Process Non-Strong References 0.204ms
[2026-06-17T10:22:36.768+0800][18.387s][info][gc,phases   ] GC(177) Concurrent Reset Relocation Set 0.003ms
[2026-06-17T10:22:36.769+0800][18.387s][info][gc,phases   ] GC(177) Concurrent Destroy Detached Pages 0.001ms
[2026-06-17T10:22:36.770+0800][18.388s][info][gc,phases   ] GC(177) Concurrent Select Relocation Set 0.776ms
[2026-06-17T10:22:36.770+0800][18.389s][info][gc,phases   ] GC(177) Concurrent Prepare Relocation Set 0.004ms
[2026-06-17T10:22:36.771+0800][18.389s][info][gc,phases   ] GC(177) Pause Relocate Start 0.232ms
[2026-06-17T10:22:36.771+0800][18.390s][info][gc,phases   ] GC(177) Concurrent Relocate 0.362ms
[2026-06-17T10:22:36.772+0800][18.390s][info][gc,load     ] GC(177) Load: 0.22/0.21/0.28
[2026-06-17T10:22:36.772+0800][18.391s][info][gc,mmu      ] GC(177) MMU: 2ms/0.0%, 5ms/43.3%, 10ms/66.9%, 20ms/83.5%, 50ms/93.4%, 100ms/96.6%
[2026-06-17T10:22:36.772+0800][18.391s][info][gc,marking  ] GC(177) Mark: 2 stripe(s), 1 proactive flush(es), 1 terminate flush(es), 0 completion(s), 0 continuation(s) 
[2026-06-17T10:22:36.772+0800][18.391s][info][gc,reloc    ] GC(177) Relocation: Successful, 29M relocated
[2026-06-17T10:22:36.772+0800][18.391s][info][gc,nmethod  ] GC(177) NMethods: 23 registered, 0 unregistered
[2026-06-17T10:22:36.773+0800][18.391s][info][gc,metaspace] GC(177) Metaspace: 3M used, 4M capacity, 4M committed, 8M reserved
[2026-06-17T10:22:36.773+0800][18.391s][info][gc,ref      ] GC(177) Soft: 43 encountered, 0 discovered, 0 enqueued
[2026-06-17T10:22:36.773+0800][18.392s][info][gc,ref      ] GC(177) Weak: 7 encountered, 2 discovered, 0 enqueued
[2026-06-17T10:22:36.773+0800][18.392s][info][gc,ref      ] GC(177) Final: 0 encountered, 0 discovered, 0 enqueued
[2026-06-17T10:22:36.773+0800][18.392s][info][gc,ref      ] GC(177) Phantom: 1 encountered, 1 discovered, 0 enqueued
[2026-06-17T10:22:36.773+0800][18.392s][info][gc,heap     ] GC(177)                Mark Start          Mark End        Relocate Start      Relocate End           High               Low         
[2026-06-17T10:22:36.773+0800][18.392s][info][gc,heap     ] GC(177)  Capacity:      256M (100%)        256M (100%)        256M (100%)        256M (100%)        256M (100%)        256M (100%)   
[2026-06-17T10:22:36.774+0800][18.392s][info][gc,heap     ] GC(177)   Reserve:       62M (24%)          62M (24%)          62M (24%)          62M (24%)          62M (24%)          62M (24%)    
[2026-06-17T10:22:36.774+0800][18.392s][info][gc,heap     ] GC(177)      Free:      116M (45%)         112M (44%)         140M (55%)         148M (58%)         148M (58%)         112M (44%)    
[2026-06-17T10:22:36.774+0800][18.393s][info][gc,heap     ] GC(177)      Used:       78M (30%)          82M (32%)          54M (21%)          46M (18%)          82M (32%)          46M (18%)    
[2026-06-17T10:22:36.774+0800][18.393s][info][gc,heap     ] GC(177)      Live:         -                31M (12%)          31M (12%)          31M (12%)            -                  -          
[2026-06-17T10:22:36.774+0800][18.393s][info][gc,heap     ] GC(177) Allocated:         -                 4M (2%)            4M (2%)           10M (4%)             -                  -          
[2026-06-17T10:22:36.774+0800][18.393s][info][gc,heap     ] GC(177)   Garbage:         -                46M (18%)          18M (7%)           10M (4%)             -                  -          
[2026-06-17T10:22:36.774+0800][18.393s][info][gc,heap     ] GC(177) Reclaimed:         -                  -                28M (11%)          36M (14%)            -                  -          
[2026-06-17T10:22:36.774+0800][18.393s][info][gc          ] GC(177) Garbage Collection (Allocation Rate) 78M(30%)->46M(18%)
[2026-06-17T10:22:36.863+0800][18.482s][info][gc,start    ] GC(178) Garbage Collection (Allocation Rate)
[2026-06-17T10:22:36.866+0800][18.484s][info][gc,phases   ] GC(178) Pause Mark Start 0.165ms
[2026-06-17T10:22:36.868+0800][18.487s][info][gc,phases   ] GC(178) Concurrent Mark 1.684ms
[2026-06-17T10:22:36.869+0800][18.488s][info][gc,phases   ] GC(178) Pause Mark End 0.310ms
[2026-06-17T10:22:36.870+0800][18.489s][info][gc,phases   ] GC(178) Concurrent Process Non-Strong References 0.181ms
[2026-06-17T10:22:36.870+0800][18.489s][info][gc,phases   ] GC(178) Concurrent Reset Relocation Set 0.002ms
[2026-06-17T10:22:36.871+0800][18.490s][info][gc,phases   ] GC(178) Concurrent Destroy Detached Pages 0.001ms
[2026-06-17T10:22:36.872+0800][18.491s][info][gc,phases   ] GC(178) Concurrent Select Relocation Set 0.510ms
[2026-06-17T10:22:36.872+0800][18.491s][info][gc,phases   ] GC(178) Concurrent Prepare Relocation Set 0.002ms
[2026-06-17T10:22:36.873+0800][18.492s][info][gc,phases   ] GC(178) Pause Relocate Start 0.169ms
[2026-06-17T10:22:36.875+0800][18.493s][info][gc,phases   ] GC(178) Concurrent Relocate 1.308ms
[2026-06-17T10:22:36.875+0800][18.494s][info][gc,load     ] GC(178) Load: 0.22/0.21/0.28
[2026-06-17T10:22:36.875+0800][18.494s][info][gc,mmu      ] GC(178) MMU: 2ms/0.0%, 5ms/43.3%, 10ms/66.9%, 20ms/83.5%, 50ms/93.4%, 100ms/96.6%
[2026-06-17T10:22:36.875+0800][18.494s][info][gc,marking  ] GC(178) Mark: 2 stripe(s), 1 proactive flush(es), 1 terminate flush(es), 0 completion(s), 0 continuation(s) 
[2026-06-17T10:22:36.876+0800][18.494s][info][gc,reloc    ] GC(178) Relocation: Successful, 18M relocated
[2026-06-17T10:22:36.876+0800][18.495s][info][gc,nmethod  ] GC(178) NMethods: 23 registered, 0 unregistered
[2026-06-17T10:22:36.876+0800][18.495s][info][gc,metaspace] GC(178) Metaspace: 3M used, 4M capacity, 4M committed, 8M reserved
[2026-06-17T10:22:36.876+0800][18.495s][info][gc,ref      ] GC(178) Soft: 43 encountered, 0 discovered, 0 enqueued
[2026-06-17T10:22:36.876+0800][18.495s][info][gc,ref      ] GC(178) Weak: 7 encountered, 0 discovered, 0 enqueued
[2026-06-17T10:22:36.876+0800][18.495s][info][gc,ref      ] GC(178) Final: 0 encountered, 0 discovered, 0 enqueued
[2026-06-17T10:22:36.877+0800][18.495s][info][gc,ref      ] GC(178) Phantom: 1 encountered, 1 discovered, 0 enqueued
[2026-06-17T10:22:36.877+0800][18.496s][info][gc,heap     ] GC(178)                Mark Start          Mark End        Relocate Start      Relocate End           High               Low         
[2026-06-17T10:22:36.877+0800][18.496s][info][gc,heap     ] GC(178)  Capacity:      256M (100%)        256M (100%)        256M (100%)        256M (100%)        256M (100%)        256M (100%)   
[2026-06-17T10:22:36.877+0800][18.496s][info][gc,heap     ] GC(178)   Reserve:       62M (24%)          62M (24%)          62M (24%)          62M (24%)          62M (24%)          62M (24%)    
[2026-06-17T10:22:36.877+0800][18.496s][info][gc,heap     ] GC(178)      Free:       80M (31%)          80M (31%)          76M (30%)         142M (55%)         142M (55%)          72M (28%)    
[2026-06-17T10:22:36.877+0800][18.496s][info][gc,heap     ] GC(178)      Used:      114M (45%)         114M (45%)         118M (46%)          52M (20%)         122M (48%)          52M (20%)    
[2026-06-17T10:22:36.878+0800][18.496s][info][gc,heap     ] GC(178)      Live:         -                21M (9%)           21M (9%)           21M (9%)             -                  -          
[2026-06-17T10:22:36.878+0800][18.497s][info][gc,heap     ] GC(178) Allocated:         -                 0M (0%)           38M (15%)          46M (18%)            -                  -          
[2026-06-17T10:22:36.878+0800][18.497s][info][gc,heap     ] GC(178)   Garbage:         -                92M (36%)          58M (23%)    17592186044408M (6         -                  -          
[2026-06-17T10:22:36.878+0800][18.497s][info][gc,heap     ] GC(178) Reclaimed:         -                  -                34M (13%)         100M (39%)            -                  -          
[2026-06-17T10:22:36.878+0800][18.497s][info][gc          ] GC(178) Garbage Collection (Allocation Rate) 114M(45%)->52M(20%)
[2026-06-17T10:22:36.963+0800][18.582s][info][gc,start    ] GC(179) Garbage Collection (Allocation Rate)
[2026-06-17T10:22:36.965+0800][18.583s][info][gc,phases   ] GC(179) Pause Mark Start 0.303ms
[2026-06-17T10:22:36.967+0800][18.586s][info][gc,phases   ] GC(179) Concurrent Mark 1.737ms
[2026-06-17T10:22:36.968+0800][18.587s][info][gc,phases   ] GC(179) Pause Mark End 0.373ms
[2026-06-17T10:22:36.968+0800][18.587s][info][gc,phases   ] GC(179) Concurrent Process Non-Strong References 0.078ms
[2026-06-17T10:22:36.969+0800][18.588s][info][gc,phases   ] GC(179) Concurrent Reset Relocation Set 0.004ms
[2026-06-17T10:22:36.970+0800][18.589s][info][gc,phases   ] GC(179) Concurrent Destroy Detached Pages 0.001ms
[2026-06-17T10:22:36.971+0800][18.590s][info][gc,phases   ] GC(179) Concurrent Select Relocation Set 0.511ms
[2026-06-17T10:22:36.971+0800][18.590s][info][gc,phases   ] GC(179) Concurrent Prepare Relocation Set 0.012ms
[2026-06-17T10:22:36.972+0800][18.591s][info][gc,phases   ] GC(179) Pause Relocate Start 0.146ms
[2026-06-17T10:22:36.973+0800][18.592s][info][gc,phases   ] GC(179) Concurrent Relocate 0.380ms
[2026-06-17T10:22:36.973+0800][18.592s][info][gc,load     ] GC(179) Load: 0.22/0.21/0.28
[2026-06-17T10:22:36.973+0800][18.592s][info][gc,mmu      ] GC(179) MMU: 2ms/0.0%, 5ms/43.3%, 10ms/66.9%, 20ms/83.5%, 50ms/93.4%, 100ms/96.6%
[2026-06-17T10:22:36.974+0800][18.592s][info][gc,marking  ] GC(179) Mark: 2 stripe(s), 1 proactive flush(es), 1 terminate flush(es), 0 completion(s), 0 continuation(s) 
[2026-06-17T10:22:36.974+0800][18.593s][info][gc,reloc    ] GC(179) Relocation: Successful, 19M relocated
[2026-06-17T10:22:36.974+0800][18.593s][info][gc,nmethod  ] GC(179) NMethods: 23 registered, 0 unregistered
[2026-06-17T10:22:36.974+0800][18.593s][info][gc,metaspace] GC(179) Metaspace: 3M used, 4M capacity, 4M committed, 8M reserved
[2026-06-17T10:22:36.975+0800][18.594s][info][gc,ref      ] GC(179) Soft: 43 encountered, 0 discovered, 0 enqueued
[2026-06-17T10:22:36.976+0800][18.594s][info][gc,ref      ] GC(179) Weak: 7 encountered, 0 discovered, 0 enqueued
[2026-06-17T10:22:36.977+0800][18.596s][info][gc,ref      ] GC(179) Final: 0 encountered, 0 discovered, 0 enqueued
[2026-06-17T10:22:36.979+0800][18.598s][info][gc,ref      ] GC(179) Phantom: 1 encountered, 1 discovered, 0 enqueued
[2026-06-17T10:22:36.982+0800][18.600s][info][gc,heap     ] GC(179)                Mark Start          Mark End        Relocate Start      Relocate End           High               Low         
[2026-06-17T10:22:36.983+0800][18.602s][info][gc,heap     ] GC(179)  Capacity:      256M (100%)        256M (100%)        256M (100%)        256M (100%)        256M (100%)        256M (100%)   
[2026-06-17T10:22:36.985+0800][18.604s][info][gc,heap     ] GC(179)   Reserve:       62M (24%)          62M (24%)          62M (24%)          62M (24%)          62M (24%)          62M (24%)    
[2026-06-17T10:22:36.986+0800][18.604s][info][gc,heap     ] GC(179)      Free:      112M (44%)          74M (29%)         100M (39%)         116M (45%)         116M (45%)          74M (29%)    
[2026-06-17T10:22:36.986+0800][18.605s][info][gc,heap     ] GC(179)      Used:       82M (32%)         120M (47%)          94M (37%)          78M (30%)         120M (47%)          78M (30%)    
[2026-06-17T10:22:36.986+0800][18.605s][info][gc,heap     ] GC(179)      Live:         -                19M (8%)           19M (8%)           19M (8%)             -                  -          
[2026-06-17T10:22:36.986+0800][18.605s][info][gc,heap     ] GC(179) Allocated:         -                38M (15%)          38M (15%)          46M (18%)            -                  -          
[2026-06-17T10:22:36.986+0800][18.605s][info][gc,heap     ] GC(179)   Garbage:         -                62M (24%)          36M (14%)          20M (8%)             -                  -          
[2026-06-17T10:22:36.987+0800][18.605s][info][gc,heap     ] GC(179) Reclaimed:         -                  -                26M (10%)          42M (16%)            -                  -          
[2026-06-17T10:22:36.987+0800][18.606s][info][gc          ] GC(179) Garbage Collection (Allocation Rate) 82M(32%)->78M(30%)
[2026-06-17T10:22:37.063+0800][18.682s][info][gc,start    ] GC(180) Garbage Collection (Allocation Rate)
[2026-06-17T10:22:37.065+0800][18.683s][info][gc,phases   ] GC(180) Pause Mark Start 0.288ms
[2026-06-17T10:22:37.068+0800][18.687s][info][gc,phases   ] GC(180) Concurrent Mark 1.887ms
[2026-06-17T10:22:37.070+0800][18.689s][info][gc,phases   ] GC(180) Pause Mark End 0.294ms
[2026-06-17T10:22:37.073+0800][18.692s][info][gc,phases   ] GC(180) Concurrent Process Non-Strong References 0.349ms
[2026-06-17T10:22:37.073+0800][18.692s][info][gc,phases   ] GC(180) Concurrent Reset Relocation Set 0.003ms
[2026-06-17T10:22:37.075+0800][18.694s][info][gc,phases   ] GC(180) Concurrent Destroy Detached Pages 0.001ms
[2026-06-17T10:22:37.078+0800][18.697s][info][gc,phases   ] GC(180) Concurrent Select Relocation Set 0.573ms
[2026-06-17T10:22:37.081+0800][18.699s][info][gc,phases   ] GC(180) Concurrent Prepare Relocation Set 0.010ms
[2026-06-17T10:22:37.085+0800][18.704s][info][gc,phases   ] GC(180) Pause Relocate Start 0.286ms
[2026-06-17T10:22:37.089+0800][18.708s][info][gc,phases   ] GC(180) Concurrent Relocate 1.923ms
[2026-06-17T10:22:37.091+0800][18.710s][info][gc,load     ] GC(180) Load: 0.22/0.21/0.28
[2026-06-17T10:22:37.093+0800][18.712s][info][gc,mmu      ] GC(180) MMU: 2ms/0.0%, 5ms/43.3%, 10ms/66.9%, 20ms/83.5%, 50ms/93.4%, 100ms/96.6%
[2026-06-17T10:22:37.095+0800][18.714s][info][gc,marking  ] GC(180) Mark: 2 stripe(s), 1 proactive flush(es), 1 terminate flush(es), 0 completion(s), 0 continuation(s) 
[2026-06-17T10:22:37.097+0800][18.716s][info][gc,reloc    ] GC(180) Relocation: Successful, 24M relocated
[2026-06-17T10:22:37.099+0800][18.717s][info][gc,nmethod  ] GC(180) NMethods: 23 registered, 0 unregistered
[2026-06-17T10:22:37.100+0800][18.719s][info][gc,metaspace] GC(180) Metaspace: 3M used, 4M capacity, 4M committed, 8M reserved
[2026-06-17T10:22:37.100+0800][18.719s][info][gc,ref      ] GC(180) Soft: 43 encountered, 0 discovered, 0 enqueued
[2026-06-17T10:22:37.100+0800][18.719s][info][gc,ref      ] GC(180) Weak: 7 encountered, 2 discovered, 0 enqueued
[2026-06-17T10:22:37.101+0800][18.719s][info][gc,ref      ] GC(180) Final: 0 encountered, 0 discovered, 0 enqueued
[2026-06-17T10:22:37.101+0800][18.719s][info][gc,ref      ] GC(180) Phantom: 1 encountered, 1 discovered, 0 enqueued
[2026-06-17T10:22:37.101+0800][18.720s][info][gc,heap     ] GC(180)                Mark Start          Mark End        Relocate Start      Relocate End           High               Low         
[2026-06-17T10:22:37.101+0800][18.720s][info][gc,heap     ] GC(180)  Capacity:      256M (100%)        256M (100%)        256M (100%)        256M (100%)        256M (100%)        256M (100%)   
[2026-06-17T10:22:37.101+0800][18.720s][info][gc,heap     ] GC(180)   Reserve:       62M (24%)          62M (24%)          62M (24%)          62M (24%)          62M (24%)          62M (24%)    
[2026-06-17T10:22:37.102+0800][18.720s][info][gc,heap     ] GC(180)      Free:       82M (32%)          82M (32%)         104M (41%)         138M (54%)         138M (54%)          64M (25%)    
[2026-06-17T10:22:37.102+0800][18.721s][info][gc,heap     ] GC(180)      Used:      112M (44%)         112M (44%)          90M (35%)          56M (22%)         130M (51%)          56M (22%)    
[2026-06-17T10:22:37.102+0800][18.721s][info][gc,heap     ] GC(180)      Live:         -                28M (11%)          28M (11%)          28M (11%)            -                  -          
[2026-06-17T10:22:37.102+0800][18.721s][info][gc,heap     ] GC(180) Allocated:         -                 0M (0%)            8M (3%)           50M (20%)            -                  -          
[2026-06-17T10:22:37.103+0800][18.721s][info][gc,heap     ] GC(180)   Garbage:         -                83M (33%)          53M (21%)          19M (8%)             -                  -          
[2026-06-17T10:22:37.103+0800][18.722s][info][gc,heap     ] GC(180) Reclaimed:         -                  -                30M (12%)          64M (25%)            -                  -          
[2026-06-17T10:22:37.103+0800][18.722s][info][gc          ] GC(180) Garbage Collection (Allocation Rate) 112M(44%)->56M(22%)
[2026-06-17T10:22:37.163+0800][18.781s][info][gc,start    ] GC(181) Garbage Collection (Allocation Rate)
[2026-06-17T10:22:37.164+0800][18.782s][info][gc,phases   ] GC(181) Pause Mark Start 0.205ms
[2026-06-17T10:22:37.165+0800][18.784s][info][gc,phases   ] GC(181) Concurrent Mark 1.543ms
[2026-06-17T10:22:37.166+0800][18.785s][info][gc,phases   ] GC(181) Pause Mark End 0.337ms
[2026-06-17T10:22:37.167+0800][18.785s][info][gc,phases   ] GC(181) Concurrent Process Non-Strong References 0.099ms
[2026-06-17T10:22:37.167+0800][18.786s][info][gc,phases   ] GC(181) Concurrent Reset Relocation Set 0.002ms
[2026-06-17T10:22:37.167+0800][18.786s][info][gc,phases   ] GC(181) Concurrent Destroy Detached Pages 0.001ms
[2026-06-17T10:22:37.168+0800][18.787s][info][gc,phases   ] GC(181) Concurrent Select Relocation Set 0.504ms
[2026-06-17T10:22:37.168+0800][18.787s][info][gc,phases   ] GC(181) Concurrent Prepare Relocation Set 0.012ms
[2026-06-17T10:22:37.169+0800][18.787s][info][gc,phases   ] GC(181) Pause Relocate Start 0.176ms
[2026-06-17T10:22:37.169+0800][18.788s][info][gc,phases   ] GC(181) Concurrent Relocate 0.404ms
[2026-06-17T10:22:37.170+0800][18.788s][info][gc,load     ] GC(181) Load: 0.22/0.21/0.28
[2026-06-17T10:22:37.170+0800][18.789s][info][gc,mmu      ] GC(181) MMU: 2ms/0.0%, 5ms/43.3%, 10ms/66.9%, 20ms/83.5%, 50ms/93.4%, 100ms/96.6%
[2026-06-17T10:22:37.170+0800][18.789s][info][gc,marking  ] GC(181) Mark: 2 stripe(s), 1 proactive flush(es), 1 terminate flush(es), 0 completion(s), 0 continuation(s) 
[2026-06-17T10:22:37.170+0800][18.789s][info][gc,reloc    ] GC(181) Relocation: Successful, 23M relocated
[2026-06-17T10:22:37.171+0800][18.789s][info][gc,nmethod  ] GC(181) NMethods: 23 registered, 0 unregistered
[2026-06-17T10:22:37.171+0800][18.790s][info][gc,metaspace] GC(181) Metaspace: 3M used, 4M capacity, 4M committed, 8M reserved
[2026-06-17T10:22:37.171+0800][18.790s][info][gc,ref      ] GC(181) Soft: 43 encountered, 0 discovered, 0 enqueued
[2026-06-17T10:22:37.171+0800][18.790s][info][gc,ref      ] GC(181) Weak: 7 encountered, 0 discovered, 0 enqueued
[2026-06-17T10:22:37.172+0800][18.790s][info][gc,ref      ] GC(181) Final: 0 encountered, 0 discovered, 0 enqueued
[2026-06-17T10:22:37.172+0800][18.790s][info][gc,ref      ] GC(181) Phantom: 1 encountered, 0 discovered, 0 enqueued
[2026-06-17T10:22:37.172+0800][18.790s][info][gc,heap     ] GC(181)                Mark Start          Mark End        Relocate Start      Relocate End           High               Low         
[2026-06-17T10:22:37.172+0800][18.791s][info][gc,heap     ] GC(181)  Capacity:      256M (100%)        256M (100%)        256M (100%)        256M (100%)        256M (100%)        256M (100%)   
[2026-06-17T10:22:37.172+0800][18.791s][info][gc,heap     ] GC(181)   Reserve:       62M (24%)          62M (24%)          62M (24%)          62M (24%)          62M (24%)          62M (24%)    
[2026-06-17T10:22:37.172+0800][18.791s][info][gc,heap     ] GC(181)      Free:      110M (43%)         110M (43%)         136M (53%)         148M (58%)         148M (58%)         106M (41%)    
[2026-06-17T10:22:37.172+0800][18.791s][info][gc,heap     ] GC(181)      Used:       84M (33%)          84M (33%)          58M (23%)          46M (18%)          88M (34%)          46M (18%)    
[2026-06-17T10:22:37.172+0800][18.791s][info][gc,heap     ] GC(181)      Live:         -                23M (9%)           23M (9%)           23M (9%)             -                  -          
[2026-06-17T10:22:37.172+0800][18.791s][info][gc,heap     ] GC(181) Allocated:         -                 0M (0%)            4M (2%)           10M (4%)             -                  -          
[2026-06-17T10:22:37.172+0800][18.791s][info][gc,heap     ] GC(181)   Garbage:         -                60M (23%)          30M (12%)          18M (7%)             -                  -          
[2026-06-17T10:22:37.172+0800][18.791s][info][gc,heap     ] GC(181) Reclaimed:         -                  -                30M (12%)          42M (16%)            -                  -          
[2026-06-17T10:22:37.173+0800][18.791s][info][gc          ] GC(181) Garbage Collection (Allocation Rate) 84M(33%)->46M(18%)
[2026-06-17T10:22:37.263+0800][18.882s][info][gc,start    ] GC(182) Garbage Collection (Allocation Rate)
[2026-06-17T10:22:37.264+0800][18.883s][info][gc,phases   ] GC(182) Pause Mark Start 0.175ms
[2026-06-17T10:22:37.266+0800][18.885s][info][gc,phases   ] GC(182) Concurrent Mark 1.562ms
[2026-06-17T10:22:37.267+0800][18.886s][info][gc,phases   ] GC(182) Pause Mark End 0.344ms
[2026-06-17T10:22:37.268+0800][18.886s][info][gc,phases   ] GC(182) Concurrent Process Non-Strong References 0.211ms
[2026-06-17T10:22:37.268+0800][18.887s][info][gc,phases   ] GC(182) Concurrent Reset Relocation Set 0.002ms
[2026-06-17T10:22:37.268+0800][18.887s][info][gc,phases   ] GC(182) Concurrent Destroy Detached Pages 0.001ms
[2026-06-17T10:22:37.269+0800][18.887s][info][gc,phases   ] GC(182) Concurrent Select Relocation Set 0.513ms
[2026-06-17T10:22:37.269+0800][18.888s][info][gc,phases   ] GC(182) Concurrent Prepare Relocation Set 0.009ms
[2026-06-17T10:22:37.269+0800][18.888s][info][gc,phases   ] GC(182) Pause Relocate Start 0.127ms
[2026-06-17T10:22:37.271+0800][18.890s][info][gc,phases   ] GC(182) Concurrent Relocate 1.296ms
[2026-06-17T10:22:37.271+0800][18.890s][info][gc,load     ] GC(182) Load: 0.22/0.21/0.28
[2026-06-17T10:22:37.272+0800][18.890s][info][gc,mmu      ] GC(182) MMU: 2ms/0.0%, 5ms/43.3%, 10ms/66.9%, 20ms/83.5%, 50ms/93.4%, 100ms/96.6%
[2026-06-17T10:22:37.272+0800][18.891s][info][gc,marking  ] GC(182) Mark: 2 stripe(s), 1 proactive flush(es), 1 terminate flush(es), 0 completion(s), 0 continuation(s) 
[2026-06-17T10:22:37.272+0800][18.891s][info][gc,reloc    ] GC(182) Relocation: Successful, 19M relocated
[2026-06-17T10:22:37.272+0800][18.891s][info][gc,nmethod  ] GC(182) NMethods: 23 registered, 0 unregistered
[2026-06-17T10:22:37.272+0800][18.891s][info][gc,metaspace] GC(182) Metaspace: 3M used, 4M capacity, 4M committed, 8M reserved
[2026-06-17T10:22:37.273+0800][18.891s][info][gc,ref      ] GC(182) Soft: 43 encountered, 0 discovered, 0 enqueued
[2026-06-17T10:22:37.273+0800][18.892s][info][gc,ref      ] GC(182) Weak: 7 encountered, 2 discovered, 0 enqueued
[2026-06-17T10:22:37.273+0800][18.892s][info][gc,ref      ] GC(182) Final: 0 encountered, 0 discovered, 0 enqueued
[2026-06-17T10:22:37.273+0800][18.892s][info][gc,ref      ] GC(182) Phantom: 1 encountered, 1 discovered, 0 enqueued
[2026-06-17T10:22:37.273+0800][18.892s][info][gc,heap     ] GC(182)                Mark Start          Mark End        Relocate Start      Relocate End           High               Low         
[2026-06-17T10:22:37.274+0800][18.892s][info][gc,heap     ] GC(182)  Capacity:      256M (100%)        256M (100%)        256M (100%)        256M (100%)        256M (100%)        256M (100%)   
[2026-06-17T10:22:37.274+0800][18.893s][info][gc,heap     ] GC(182)   Reserve:       62M (24%)          62M (24%)          62M (24%)          62M (24%)          62M (24%)          62M (24%)    
[2026-06-17T10:22:37.274+0800][18.893s][info][gc,heap     ] GC(182)      Free:       82M (32%)          82M (32%)         116M (45%)         152M (59%)         152M (59%)          78M (30%)    
[2026-06-17T10:22:37.274+0800][18.893s][info][gc,heap     ] GC(182)      Used:      112M (44%)         112M (44%)          78M (30%)          42M (16%)         116M (45%)          42M (16%)    
[2026-06-17T10:22:37.274+0800][18.893s][info][gc,heap     ] GC(182)      Live:         -                20M (8%)           20M (8%)           20M (8%)             -                  -          
[2026-06-17T10:22:37.274+0800][18.893s][info][gc,heap     ] GC(182) Allocated:         -                 0M (0%)            0M (0%)           40M (16%)            -                  -          
[2026-06-17T10:22:37.274+0800][18.893s][info][gc,heap     ] GC(182)   Garbage:         -                91M (36%)          57M (22%)          21M (8%)             -                  -          
[2026-06-17T10:22:37.275+0800][18.893s][info][gc,heap     ] GC(182) Reclaimed:         -                  -                34M (13%)          70M (27%)            -                  -          
[2026-06-17T10:22:37.275+0800][18.893s][info][gc          ] GC(182) Garbage Collection (Allocation Rate) 112M(44%)->42M(16%)
[2026-06-17T10:22:37.363+0800][18.982s][info][gc,start    ] GC(183) Garbage Collection (Allocation Rate)
[2026-06-17T10:22:37.389+0800][19.008s][info][gc,phases   ] GC(183) Pause Mark Start 0.216ms
[2026-06-17T10:22:37.402+0800][19.021s][info][gc,phases   ] GC(183) Concurrent Mark 1.830ms
[2026-06-17T10:22:37.406+0800][19.025s][info][gc,phases   ] GC(183) Pause Mark End 0.296ms
[2026-06-17T10:22:37.414+0800][19.033s][info][gc,phases   ] GC(183) Concurrent Process Non-Strong References 0.139ms
[2026-06-17T10:22:37.417+0800][19.035s][info][gc,phases   ] GC(183) Concurrent Reset Relocation Set 0.008ms
[2026-06-17T10:22:37.418+0800][19.037s][info][gc,phases   ] GC(183) Concurrent Destroy Detached Pages 0.003ms
[2026-06-17T10:22:37.424+0800][19.043s][info][gc,phases   ] GC(183) Concurrent Select Relocation Set 0.615ms
[2026-06-17T10:22:37.431+0800][19.050s][info][gc,phases   ] GC(183) Concurrent Prepare Relocation Set 0.008ms
[2026-06-17T10:22:37.434+0800][19.053s][info][gc,phases   ] GC(183) Pause Relocate Start 0.163ms
[2026-06-17T10:22:37.437+0800][19.056s][info][gc,phases   ] GC(183) Concurrent Relocate 0.294ms
[2026-06-17T10:22:37.439+0800][19.058s][info][gc,load     ] GC(183) Load: 0.22/0.21/0.28
[2026-06-17T10:22:37.440+0800][19.059s][info][gc,mmu      ] GC(183) MMU: 2ms/0.0%, 5ms/43.3%, 10ms/66.9%, 20ms/83.5%, 50ms/93.4%, 100ms/96.6%
[2026-06-17T10:22:37.440+0800][19.059s][info][gc,marking  ] GC(183) Mark: 2 stripe(s), 2 proactive flush(es), 1 terminate flush(es), 0 completion(s), 0 continuation(s) 
[2026-06-17T10:22:37.440+0800][19.059s][info][gc,reloc    ] GC(183) Relocation: Successful, 26M relocated
[2026-06-17T10:22:37.441+0800][19.060s][info][gc,nmethod  ] GC(183) NMethods: 23 registered, 0 unregistered
[2026-06-17T10:22:37.441+0800][19.060s][info][gc,metaspace] GC(183) Metaspace: 3M used, 4M capacity, 4M committed, 8M reserved
[2026-06-17T10:22:37.441+0800][19.060s][info][gc,ref      ] GC(183) Soft: 43 encountered, 0 discovered, 0 enqueued
[2026-06-17T10:22:37.442+0800][19.060s][info][gc,ref      ] GC(183) Weak: 7 encountered, 2 discovered, 0 enqueued
[2026-06-17T10:22:37.442+0800][19.061s][info][gc,ref      ] GC(183) Final: 0 encountered, 0 discovered, 0 enqueued
[2026-06-17T10:22:37.442+0800][19.061s][info][gc,ref      ] GC(183) Phantom: 1 encountered, 1 discovered, 0 enqueued
[2026-06-17T10:22:37.443+0800][19.061s][info][gc,heap     ] GC(183)                Mark Start          Mark End        Relocate Start      Relocate End           High               Low         
[2026-06-17T10:22:37.443+0800][19.062s][info][gc,heap     ] GC(183)  Capacity:      256M (100%)        256M (100%)        256M (100%)        256M (100%)        256M (100%)        256M (100%)   
[2026-06-17T10:22:37.443+0800][19.062s][info][gc,heap     ] GC(183)   Reserve:       62M (24%)          62M (24%)          62M (24%)          62M (24%)          62M (24%)          62M (24%)    
[2026-06-17T10:22:37.444+0800][19.062s][info][gc,heap     ] GC(183)      Free:      106M (41%)         102M (40%)          96M (38%)         102M (40%)         106M (41%)          64M (25%)    
[2026-06-17T10:22:37.444+0800][19.063s][info][gc,heap     ] GC(183)      Used:       88M (34%)          92M (36%)          98M (38%)          92M (36%)         130M (51%)          88M (34%)    
[2026-06-17T10:22:37.444+0800][19.063s][info][gc,heap     ] GC(183)      Live:         -                30M (12%)          30M (12%)          30M (12%)            -                  -          
[2026-06-17T10:22:37.444+0800][19.063s][info][gc,heap     ] GC(183) Allocated:         -                 4M (2%)           46M (18%)          56M (22%)            -                  -          
[2026-06-17T10:22:37.445+0800][19.063s][info][gc,heap     ] GC(183)   Garbage:         -                57M (22%)          21M (8%)           11M (4%)             -                  -          
[2026-06-17T10:22:37.445+0800][19.064s][info][gc,heap     ] GC(183) Reclaimed:         -                  -                36M (14%)          46M (18%)            -                  -          
[2026-06-17T10:22:37.445+0800][19.064s][info][gc          ] GC(183) Garbage Collection (Allocation Rate) 88M(34%)->92M(36%)
[2026-06-17T10:22:37.463+0800][19.082s][info][gc,start    ] GC(184) Garbage Collection (Allocation Rate)
[2026-06-17T10:22:37.475+0800][19.093s][info][gc,phases   ] GC(184) Pause Mark Start 0.184ms
[2026-06-17T10:22:37.492+0800][19.111s][info][gc,phases   ] GC(184) Concurrent Mark 1.548ms
[2026-06-17T10:22:37.493+0800][19.112s][info][gc,phases   ] GC(184) Pause Mark End 0.289ms
[2026-06-17T10:22:37.494+0800][19.113s][info][gc,phases   ] GC(184) Concurrent Process Non-Strong References 0.060ms
[2026-06-17T10:22:37.495+0800][19.113s][info][gc,phases   ] GC(184) Concurrent Reset Relocation Set 0.003ms
[2026-06-17T10:22:37.495+0800][19.114s][info][gc,phases   ] GC(184) Concurrent Destroy Detached Pages 0.001ms
[2026-06-17T10:22:37.496+0800][19.115s][info][gc,phases   ] GC(184) Concurrent Select Relocation Set 0.586ms
[2026-06-17T10:22:37.497+0800][19.115s][info][gc,phases   ] GC(184) Concurrent Prepare Relocation Set 0.019ms
[2026-06-17T10:22:37.497+0800][19.116s][info][gc,phases   ] GC(184) Pause Relocate Start 0.160ms
[2026-06-17T10:22:37.502+0800][19.121s][info][gc,phases   ] GC(184) Concurrent Relocate 2.047ms
[2026-06-17T10:22:37.502+0800][19.121s][info][gc,load     ] GC(184) Load: 0.22/0.21/0.28
[2026-06-17T10:22:37.503+0800][19.122s][info][gc,mmu      ] GC(184) MMU: 2ms/0.0%, 5ms/43.3%, 10ms/66.9%, 20ms/83.5%, 50ms/93.4%, 100ms/96.6%
[2026-06-17T10:22:37.503+0800][19.122s][info][gc,marking  ] GC(184) Mark: 2 stripe(s), 2 proactive flush(es), 1 terminate flush(es), 0 completion(s), 0 continuation(s) 
[2026-06-17T10:22:37.503+0800][19.122s][info][gc,reloc    ] GC(184) Relocation: Successful, 24M relocated
[2026-06-17T10:22:37.504+0800][19.123s][info][gc,nmethod  ] GC(184) NMethods: 23 registered, 0 unregistered
[2026-06-17T10:22:37.504+0800][19.123s][info][gc,metaspace] GC(184) Metaspace: 3M used, 4M capacity, 4M committed, 8M reserved
[2026-06-17T10:22:37.505+0800][19.123s][info][gc,ref      ] GC(184) Soft: 43 encountered, 0 discovered, 0 enqueued
[2026-06-17T10:22:37.507+0800][19.125s][info][gc,ref      ] GC(184) Weak: 7 encountered, 2 discovered, 0 enqueued
[2026-06-17T10:22:37.508+0800][19.127s][info][gc,ref      ] GC(184) Final: 0 encountered, 0 discovered, 0 enqueued
[2026-06-17T10:22:37.508+0800][19.127s][info][gc,ref      ] GC(184) Phantom: 1 encountered, 1 discovered, 0 enqueued
[2026-06-17T10:22:37.509+0800][19.128s][info][gc,heap     ] GC(184)                Mark Start          Mark End        Relocate Start      Relocate End           High               Low         
[2026-06-17T10:22:37.509+0800][19.128s][info][gc,heap     ] GC(184)  Capacity:      256M (100%)        256M (100%)        256M (100%)        256M (100%)        256M (100%)        256M (100%)   
[2026-06-17T10:22:37.509+0800][19.128s][info][gc,heap     ] GC(184)   Reserve:       62M (24%)          62M (24%)          62M (24%)          62M (24%)          62M (24%)          62M (24%)    
[2026-06-17T10:22:37.510+0800][19.129s][info][gc,heap     ] GC(184)      Free:       92M (36%)          54M (21%)          74M (29%)         144M (56%)         144M (56%)          54M (21%)    
[2026-06-17T10:22:37.510+0800][19.129s][info][gc,heap     ] GC(184)      Used:      102M (40%)         140M (55%)         120M (47%)          50M (20%)         140M (55%)          50M (20%)    
[2026-06-17T10:22:37.511+0800][19.129s][info][gc,heap     ] GC(184)      Live:         -                24M (10%)          24M (10%)          24M (10%)            -                  -          
[2026-06-17T10:22:37.511+0800][19.130s][info][gc,heap     ] GC(184) Allocated:         -                38M (15%)          38M (15%)          46M (18%)            -                  -          
[2026-06-17T10:22:37.512+0800][19.130s][info][gc,heap     ] GC(184)   Garbage:         -                77M (30%)          57M (22%)    17592186044399M (6         -                  -          
[2026-06-17T10:22:37.512+0800][19.131s][info][gc,heap     ] GC(184) Reclaimed:         -                  -                20M (8%)           94M (37%)            -                  -          
[2026-06-17T10:22:37.512+0800][19.131s][info][gc          ] GC(184) Garbage Collection (Allocation Rate) 102M(40%)->50M(20%)
[2026-06-17T10:22:37.563+0800][19.181s][info][gc,start    ] GC(185) Garbage Collection (Allocation Rate)
[2026-06-17T10:22:37.564+0800][19.183s][info][gc,phases   ] GC(185) Pause Mark Start 0.180ms
[2026-06-17T10:22:37.568+0800][19.187s][info][gc,phases   ] GC(185) Concurrent Mark 1.652ms
[2026-06-17T10:22:37.577+0800][19.195s][info][gc,phases   ] GC(185) Pause Mark End 0.322ms
[2026-06-17T10:22:37.577+0800][19.196s][info][gc,phases   ] GC(185) Concurrent Process Non-Strong References 0.184ms
[2026-06-17T10:22:37.588+0800][19.207s][info][gc,phases   ] GC(185) Concurrent Reset Relocation Set 0.006ms
[2026-06-17T10:22:37.592+0800][19.211s][info][gc,phases   ] GC(185) Concurrent Destroy Detached Pages 0.002ms
[2026-06-17T10:22:37.594+0800][19.213s][info][gc,phases   ] GC(185) Concurrent Select Relocation Set 1.049ms
[2026-06-17T10:22:37.597+0800][19.215s][info][gc,phases   ] GC(185) Concurrent Prepare Relocation Set 0.003ms
[2026-06-17T10:22:37.598+0800][19.217s][info][gc,phases   ] GC(185) Pause Relocate Start 0.241ms
[2026-06-17T10:22:37.599+0800][19.218s][info][gc,phases   ] GC(185) Concurrent Relocate 0.392ms
[2026-06-17T10:22:37.600+0800][19.218s][info][gc,load     ] GC(185) Load: 0.22/0.21/0.28
[2026-06-17T10:22:37.603+0800][19.222s][info][gc,mmu      ] GC(185) MMU: 2ms/0.0%, 5ms/43.3%, 10ms/66.9%, 20ms/83.5%, 50ms/93.4%, 100ms/96.6%
[2026-06-17T10:22:37.606+0800][19.225s][info][gc,marking  ] GC(185) Mark: 2 stripe(s), 2 proactive flush(es), 1 terminate flush(es), 0 completion(s), 0 continuation(s) 
[2026-06-17T10:22:37.609+0800][19.228s][info][gc,reloc    ] GC(185) Relocation: Successful, 27M relocated
[2026-06-17T10:22:37.611+0800][19.230s][info][gc,nmethod  ] GC(185) NMethods: 23 registered, 0 unregistered
[2026-06-17T10:22:37.612+0800][19.231s][info][gc,metaspace] GC(185) Metaspace: 3M used, 4M capacity, 4M committed, 8M reserved
[2026-06-17T10:22:37.614+0800][19.233s][info][gc,ref      ] GC(185) Soft: 43 encountered, 0 discovered, 0 enqueued
[2026-06-17T10:22:37.616+0800][19.235s][info][gc,ref      ] GC(185) Weak: 7 encountered, 2 discovered, 0 enqueued
[2026-06-17T10:22:37.618+0800][19.237s][info][gc,ref      ] GC(185) Final: 0 encountered, 0 discovered, 0 enqueued
[2026-06-17T10:22:37.620+0800][19.238s][info][gc,ref      ] GC(185) Phantom: 1 encountered, 1 discovered, 0 enqueued
[2026-06-17T10:22:37.622+0800][19.240s][info][gc,heap     ] GC(185)                Mark Start          Mark End        Relocate Start      Relocate End           High               Low         
[2026-06-17T10:22:37.625+0800][19.244s][info][gc,heap     ] GC(185)  Capacity:      256M (100%)        256M (100%)        256M (100%)        256M (100%)        256M (100%)        256M (100%)   
[2026-06-17T10:22:37.626+0800][19.245s][info][gc,heap     ] GC(185)   Reserve:       62M (24%)          62M (24%)          62M (24%)          62M (24%)          62M (24%)          62M (24%)    
[2026-06-17T10:22:37.626+0800][19.245s][info][gc,heap     ] GC(185)      Free:      126M (49%)          90M (35%)         102M (40%)         102M (40%)         126M (49%)          82M (32%)    
[2026-06-17T10:22:37.627+0800][19.246s][info][gc,heap     ] GC(185)      Used:       68M (27%)         104M (41%)          92M (36%)          92M (36%)         112M (44%)          68M (27%)    
[2026-06-17T10:22:37.629+0800][19.248s][info][gc,heap     ] GC(185)      Live:         -                30M (12%)          30M (12%)          30M (12%)            -                  -          
[2026-06-17T10:22:37.630+0800][19.249s][info][gc,heap     ] GC(185) Allocated:         -                36M (14%)          44M (17%)          54M (21%)            -                  -          
[2026-06-17T10:22:37.632+0800][19.251s][info][gc,heap     ] GC(185)   Garbage:         -                37M (15%)          17M (7%)           13M (5%)             -                  -          
[2026-06-17T10:22:37.634+0800][19.253s][info][gc,heap     ] GC(185) Reclaimed:         -                  -                20M (8%)           24M (9%)             -                  -          
[2026-06-17T10:22:37.637+0800][19.255s][info][gc          ] GC(185) Garbage Collection (Allocation Rate) 68M(27%)->92M(36%)
[2026-06-17T10:22:37.663+0800][19.282s][info][gc,start    ] GC(186) Garbage Collection (Allocation Rate)
[2026-06-17T10:22:37.664+0800][19.283s][info][gc,phases   ] GC(186) Pause Mark Start 0.219ms
[2026-06-17T10:22:37.666+0800][19.284s][info][gc,phases   ] GC(186) Concurrent Mark 1.504ms
[2026-06-17T10:22:37.667+0800][19.285s][info][gc,phases   ] GC(186) Pause Mark End 0.443ms
[2026-06-17T10:22:37.667+0800][19.286s][info][gc,phases   ] GC(186) Concurrent Process Non-Strong References 0.071ms
[2026-06-17T10:22:37.667+0800][19.286s][info][gc,phases   ] GC(186) Concurrent Reset Relocation Set 0.003ms
[2026-06-17T10:22:37.668+0800][19.286s][info][gc,phases   ] GC(186) Concurrent Destroy Detached Pages 0.001ms
[2026-06-17T10:22:37.668+0800][19.287s][info][gc,phases   ] GC(186) Concurrent Select Relocation Set 0.577ms
[2026-06-17T10:22:37.669+0800][19.287s][info][gc,phases   ] GC(186) Concurrent Prepare Relocation Set 0.004ms
[2026-06-17T10:22:37.669+0800][19.288s][info][gc,phases   ] GC(186) Pause Relocate Start 0.138ms
[2026-06-17T10:22:37.671+0800][19.290s][info][gc,phases   ] GC(186) Concurrent Relocate 1.761ms
[2026-06-17T10:22:37.672+0800][19.290s][info][gc,load     ] GC(186) Load: 0.22/0.21/0.28
[2026-06-17T10:22:37.672+0800][19.291s][info][gc,mmu      ] GC(186) MMU: 2ms/0.0%, 5ms/43.3%, 10ms/66.9%, 20ms/83.5%, 50ms/93.4%, 100ms/96.6%
[2026-06-17T10:22:37.672+0800][19.291s][info][gc,marking  ] GC(186) Mark: 2 stripe(s), 1 proactive flush(es), 1 terminate flush(es), 0 completion(s), 0 continuation(s) 
[2026-06-17T10:22:37.672+0800][19.291s][info][gc,reloc    ] GC(186) Relocation: Successful, 25M relocated
[2026-06-17T10:22:37.673+0800][19.291s][info][gc,nmethod  ] GC(186) NMethods: 23 registered, 0 unregistered
[2026-06-17T10:22:37.673+0800][19.291s][info][gc,metaspace] GC(186) Metaspace: 3M used, 4M capacity, 4M committed, 8M reserved
[2026-06-17T10:22:37.673+0800][19.292s][info][gc,ref      ] GC(186) Soft: 43 encountered, 0 discovered, 0 enqueued
[2026-06-17T10:22:37.673+0800][19.292s][info][gc,ref      ] GC(186) Weak: 7 encountered, 2 discovered, 0 enqueued
[2026-06-17T10:22:37.673+0800][19.292s][info][gc,ref      ] GC(186) Final: 0 encountered, 0 discovered, 0 enqueued
[2026-06-17T10:22:37.674+0800][19.292s][info][gc,ref      ] GC(186) Phantom: 1 encountered, 1 discovered, 0 enqueued
[2026-06-17T10:22:37.674+0800][19.292s][info][gc,heap     ] GC(186)                Mark Start          Mark End        Relocate Start      Relocate End           High               Low         
[2026-06-17T10:22:37.674+0800][19.293s][info][gc,heap     ] GC(186)  Capacity:      256M (100%)        256M (100%)        256M (100%)        256M (100%)        256M (100%)        256M (100%)   
[2026-06-17T10:22:37.674+0800][19.293s][info][gc,heap     ] GC(186)   Reserve:       62M (24%)          62M (24%)          62M (24%)          62M (24%)          62M (24%)          62M (24%)    
[2026-06-17T10:22:37.674+0800][19.293s][info][gc,heap     ] GC(186)      Free:       78M (30%)          78M (30%)         112M (44%)         148M (58%)         148M (58%)          72M (28%)    
[2026-06-17T10:22:37.674+0800][19.293s][info][gc,heap     ] GC(186)      Used:      116M (45%)         116M (45%)          82M (32%)          46M (18%)         122M (48%)          46M (18%)    
[2026-06-17T10:22:37.675+0800][19.293s][info][gc,heap     ] GC(186)      Live:         -                27M (11%)          27M (11%)          27M (11%)            -                  -          
[2026-06-17T10:22:37.675+0800][19.293s][info][gc,heap     ] GC(186) Allocated:         -                 0M (0%)            0M (0%)           42M (16%)            -                  -          
[2026-06-17T10:22:37.675+0800][19.294s][info][gc,heap     ] GC(186)   Garbage:         -                88M (35%)          54M (21%)          18M (7%)             -                  -          
[2026-06-17T10:22:37.675+0800][19.294s][info][gc,heap     ] GC(186) Reclaimed:         -                  -                34M (13%)          70M (27%)            -                  -          
[2026-06-17T10:22:37.675+0800][19.294s][info][gc          ] GC(186) Garbage Collection (Allocation Rate) 116M(45%)->46M(18%)
[2026-06-17T10:22:37.763+0800][19.382s][info][gc,start    ] GC(187) Garbage Collection (Allocation Rate)
[2026-06-17T10:22:37.764+0800][19.383s][info][gc,phases   ] GC(187) Pause Mark Start 0.212ms
[2026-06-17T10:22:37.766+0800][19.385s][info][gc,phases   ] GC(187) Concurrent Mark 1.622ms
[2026-06-17T10:22:37.767+0800][19.386s][info][gc,phases   ] GC(187) Pause Mark End 0.365ms
[2026-06-17T10:22:37.768+0800][19.386s][info][gc,phases   ] GC(187) Concurrent Process Non-Strong References 0.167ms
[2026-06-17T10:22:37.768+0800][19.387s][info][gc,phases   ] GC(187) Concurrent Reset Relocation Set 0.002ms
[2026-06-17T10:22:37.768+0800][19.387s][info][gc,phases   ] GC(187) Concurrent Destroy Detached Pages 0.001ms
[2026-06-17T10:22:37.769+0800][19.388s][info][gc,phases   ] GC(187) Concurrent Select Relocation Set 0.699ms
[2026-06-17T10:22:37.769+0800][19.388s][info][gc,phases   ] GC(187) Concurrent Prepare Relocation Set 0.018ms
[2026-06-17T10:22:37.770+0800][19.389s][info][gc,phases   ] GC(187) Pause Relocate Start 0.208ms
[2026-06-17T10:22:37.771+0800][19.390s][info][gc,phases   ] GC(187) Concurrent Relocate 0.503ms
[2026-06-17T10:22:37.771+0800][19.390s][info][gc,load     ] GC(187) Load: 0.22/0.21/0.28
[2026-06-17T10:22:37.771+0800][19.390s][info][gc,mmu      ] GC(187) MMU: 2ms/0.0%, 5ms/43.3%, 10ms/66.9%, 20ms/83.5%, 50ms/93.4%, 100ms/96.6%
[2026-06-17T10:22:37.771+0800][19.390s][info][gc,marking  ] GC(187) Mark: 2 stripe(s), 1 proactive flush(es), 1 terminate flush(es), 0 completion(s), 0 continuation(s) 
[2026-06-17T10:22:37.772+0800][19.390s][info][gc,reloc    ] GC(187) Relocation: Successful, 18M relocated
[2026-06-17T10:22:37.772+0800][19.391s][info][gc,nmethod  ] GC(187) NMethods: 23 registered, 0 unregistered
[2026-06-17T10:22:37.772+0800][19.391s][info][gc,metaspace] GC(187) Metaspace: 3M used, 4M capacity, 4M committed, 8M reserved
[2026-06-17T10:22:37.772+0800][19.391s][info][gc,ref      ] GC(187) Soft: 43 encountered, 0 discovered, 0 enqueued
[2026-06-17T10:22:37.772+0800][19.391s][info][gc,ref      ] GC(187) Weak: 7 encountered, 2 discovered, 0 enqueued
[2026-06-17T10:22:37.772+0800][19.391s][info][gc,ref      ] GC(187) Final: 0 encountered, 0 discovered, 0 enqueued
[2026-06-17T10:22:37.772+0800][19.391s][info][gc,ref      ] GC(187) Phantom: 1 encountered, 1 discovered, 0 enqueued
[2026-06-17T10:22:37.773+0800][19.391s][info][gc,heap     ] GC(187)                Mark Start          Mark End        Relocate Start      Relocate End           High               Low         
[2026-06-17T10:22:37.773+0800][19.391s][info][gc,heap     ] GC(187)  Capacity:      256M (100%)        256M (100%)        256M (100%)        256M (100%)        256M (100%)        256M (100%)   
[2026-06-17T10:22:37.773+0800][19.392s][info][gc,heap     ] GC(187)   Reserve:       62M (24%)          62M (24%)          62M (24%)          62M (24%)          62M (24%)          62M (24%)    
[2026-06-17T10:22:37.773+0800][19.392s][info][gc,heap     ] GC(187)      Free:      112M (44%)         112M (44%)         136M (53%)         148M (58%)         148M (58%)         108M (42%)    
[2026-06-17T10:22:37.773+0800][19.392s][info][gc,heap     ] GC(187)      Used:       82M (32%)          82M (32%)          58M (23%)          46M (18%)          86M (34%)          46M (18%)    
[2026-06-17T10:22:37.773+0800][19.392s][info][gc,heap     ] GC(187)      Live:         -                18M (7%)           18M (7%)           18M (7%)             -                  -          
[2026-06-17T10:22:37.773+0800][19.392s][info][gc,heap     ] GC(187) Allocated:         -                 0M (0%)            4M (2%)           12M (5%)             -                  -          
[2026-06-17T10:22:37.773+0800][19.392s][info][gc,heap     ] GC(187)   Garbage:         -                63M (25%)          35M (14%)          23M (9%)             -                  -          
[2026-06-17T10:22:37.773+0800][19.392s][info][gc,heap     ] GC(187) Reclaimed:         -                  -                28M (11%)          40M (16%)            -                  -          
[2026-06-17T10:22:37.773+0800][19.392s][info][gc          ] GC(187) Garbage Collection (Allocation Rate) 82M(32%)->46M(18%)
[2026-06-17T10:22:37.863+0800][19.482s][info][gc,start    ] GC(188) Garbage Collection (Allocation Rate)
[2026-06-17T10:22:37.864+0800][19.483s][info][gc,phases   ] GC(188) Pause Mark Start 0.245ms
[2026-06-17T10:22:37.866+0800][19.485s][info][gc,phases   ] GC(188) Concurrent Mark 1.712ms
[2026-06-17T10:22:37.868+0800][19.486s][info][gc,phases   ] GC(188) Pause Mark End 0.517ms
[2026-06-17T10:22:37.868+0800][19.487s][info][gc,phases   ] GC(188) Concurrent Process Non-Strong References 0.124ms
[2026-06-17T10:22:37.868+0800][19.487s][info][gc,phases   ] GC(188) Concurrent Reset Relocation Set 0.002ms
[2026-06-17T10:22:37.868+0800][19.487s][info][gc,phases   ] GC(188) Concurrent Destroy Detached Pages 0.001ms
[2026-06-17T10:22:37.869+0800][19.488s][info][gc,phases   ] GC(188) Concurrent Select Relocation Set 0.526ms
[2026-06-17T10:22:37.869+0800][19.488s][info][gc,phases   ] GC(188) Concurrent Prepare Relocation Set 0.014ms
[2026-06-17T10:22:37.870+0800][19.489s][info][gc,phases   ] GC(188) Pause Relocate Start 0.127ms
[2026-06-17T10:22:37.872+0800][19.490s][info][gc,phases   ] GC(188) Concurrent Relocate 1.539ms
[2026-06-17T10:22:37.872+0800][19.491s][info][gc,load     ] GC(188) Load: 0.22/0.21/0.28
[2026-06-17T10:22:37.872+0800][19.491s][info][gc,mmu      ] GC(188) MMU: 2ms/0.0%, 5ms/43.3%, 10ms/66.9%, 20ms/83.5%, 50ms/93.4%, 100ms/96.6%
[2026-06-17T10:22:37.872+0800][19.491s][info][gc,marking  ] GC(188) Mark: 2 stripe(s), 1 proactive flush(es), 1 terminate flush(es), 0 completion(s), 0 continuation(s) 
[2026-06-17T10:22:37.873+0800][19.491s][info][gc,reloc    ] GC(188) Relocation: Successful, 22M relocated
[2026-06-17T10:22:37.873+0800][19.492s][info][gc,nmethod  ] GC(188) NMethods: 23 registered, 0 unregistered
[2026-06-17T10:22:37.873+0800][19.492s][info][gc,metaspace] GC(188) Metaspace: 3M used, 4M capacity, 4M committed, 8M reserved
[2026-06-17T10:22:37.873+0800][19.492s][info][gc,ref      ] GC(188) Soft: 43 encountered, 0 discovered, 0 enqueued
[2026-06-17T10:22:37.873+0800][19.492s][info][gc,ref      ] GC(188) Weak: 7 encountered, 2 discovered, 0 enqueued
[2026-06-17T10:22:37.873+0800][19.492s][info][gc,ref      ] GC(188) Final: 0 encountered, 0 discovered, 0 enqueued
[2026-06-17T10:22:37.874+0800][19.492s][info][gc,ref      ] GC(188) Phantom: 1 encountered, 1 discovered, 0 enqueued
[2026-06-17T10:22:37.874+0800][19.493s][info][gc,heap     ] GC(188)                Mark Start          Mark End        Relocate Start      Relocate End           High               Low         
[2026-06-17T10:22:37.874+0800][19.493s][info][gc,heap     ] GC(188)  Capacity:      256M (100%)        256M (100%)        256M (100%)        256M (100%)        256M (100%)        256M (100%)   
[2026-06-17T10:22:37.874+0800][19.493s][info][gc,heap     ] GC(188)   Reserve:       62M (24%)          62M (24%)          62M (24%)          62M (24%)          62M (24%)          62M (24%)    
[2026-06-17T10:22:37.874+0800][19.493s][info][gc,heap     ] GC(188)      Free:       80M (31%)          80M (31%)         110M (43%)         150M (59%)         150M (59%)          72M (28%)    
[2026-06-17T10:22:37.874+0800][19.493s][info][gc,heap     ] GC(188)      Used:      114M (45%)         114M (45%)          84M (33%)          44M (17%)         122M (48%)          44M (17%)    
[2026-06-17T10:22:37.874+0800][19.493s][info][gc,heap     ] GC(188)      Live:         -                24M (9%)           24M (9%)           24M (9%)             -                  -          
[2026-06-17T10:22:37.874+0800][19.493s][info][gc,heap     ] GC(188) Allocated:         -                 0M (0%)            0M (0%)           40M (16%)            -                  -          
[2026-06-17T10:22:37.874+0800][19.493s][info][gc,heap     ] GC(188)   Garbage:         -                89M (35%)          59M (23%)          19M (8%)             -                  -          
[2026-06-17T10:22:37.874+0800][19.493s][info][gc,heap     ] GC(188) Reclaimed:         -                  -                30M (12%)          70M (27%)            -                  -          
[2026-06-17T10:22:37.875+0800][19.493s][info][gc          ] GC(188) Garbage Collection (Allocation Rate) 114M(45%)->44M(17%)
[2026-06-17T10:22:37.963+0800][19.582s][info][gc,start    ] GC(189) Garbage Collection (Allocation Rate)
[2026-06-17T10:22:37.965+0800][19.584s][info][gc,phases   ] GC(189) Pause Mark Start 0.432ms
[2026-06-17T10:22:37.968+0800][19.586s][info][gc,phases   ] GC(189) Concurrent Mark 1.852ms
[2026-06-17T10:22:37.969+0800][19.588s][info][gc,phases   ] GC(189) Pause Mark End 0.430ms
[2026-06-17T10:22:37.970+0800][19.588s][info][gc,phases   ] GC(189) Concurrent Process Non-Strong References 0.244ms
[2026-06-17T10:22:37.970+0800][19.589s][info][gc,phases   ] GC(189) Concurrent Reset Relocation Set 0.004ms
[2026-06-17T10:22:37.970+0800][19.589s][info][gc,phases   ] GC(189) Concurrent Destroy Detached Pages 0.001ms
[2026-06-17T10:22:37.972+0800][19.590s][info][gc,phases   ] GC(189) Concurrent Select Relocation Set 0.689ms
[2026-06-17T10:22:37.972+0800][19.591s][info][gc,phases   ] GC(189) Concurrent Prepare Relocation Set 0.007ms
[2026-06-17T10:22:37.973+0800][19.591s][info][gc,phases   ] GC(189) Pause Relocate Start 0.164ms
[2026-06-17T10:22:37.973+0800][19.592s][info][gc,phases   ] GC(189) Concurrent Relocate 0.476ms
[2026-06-17T10:22:37.974+0800][19.593s][info][gc,load     ] GC(189) Load: 0.22/0.21/0.28
[2026-06-17T10:22:37.974+0800][19.593s][info][gc,mmu      ] GC(189) MMU: 2ms/0.0%, 5ms/43.3%, 10ms/66.9%, 20ms/83.5%, 50ms/93.4%, 100ms/96.6%
[2026-06-17T10:22:37.974+0800][19.593s][info][gc,marking  ] GC(189) Mark: 2 stripe(s), 1 proactive flush(es), 1 terminate flush(es), 0 completion(s), 0 continuation(s) 
[2026-06-17T10:22:37.974+0800][19.593s][info][gc,reloc    ] GC(189) Relocation: Successful, 21M relocated
[2026-06-17T10:22:37.975+0800][19.593s][info][gc,nmethod  ] GC(189) NMethods: 23 registered, 0 unregistered
[2026-06-17T10:22:37.975+0800][19.594s][info][gc,metaspace] GC(189) Metaspace: 3M used, 4M capacity, 4M committed, 8M reserved
[2026-06-17T10:22:37.975+0800][19.594s][info][gc,ref      ] GC(189) Soft: 43 encountered, 0 discovered, 0 enqueued
[2026-06-17T10:22:37.975+0800][19.594s][info][gc,ref      ] GC(189) Weak: 7 encountered, 2 discovered, 0 enqueued
[2026-06-17T10:22:37.976+0800][19.594s][info][gc,ref      ] GC(189) Final: 0 encountered, 0 discovered, 0 enqueued
[2026-06-17T10:22:37.976+0800][19.595s][info][gc,ref      ] GC(189) Phantom: 1 encountered, 1 discovered, 0 enqueued
[2026-06-17T10:22:37.976+0800][19.595s][info][gc,heap     ] GC(189)                Mark Start          Mark End        Relocate Start      Relocate End           High               Low         
[2026-06-17T10:22:37.976+0800][19.595s][info][gc,heap     ] GC(189)  Capacity:      256M (100%)        256M (100%)        256M (100%)        256M (100%)        256M (100%)        256M (100%)   
[2026-06-17T10:22:37.976+0800][19.595s][info][gc,heap     ] GC(189)   Reserve:       62M (24%)          62M (24%)          62M (24%)          62M (24%)          62M (24%)          62M (24%)    
[2026-06-17T10:22:37.976+0800][19.595s][info][gc,heap     ] GC(189)      Free:      114M (45%)          76M (30%)         104M (41%)         114M (45%)         114M (45%)          76M (30%)    
[2026-06-17T10:22:37.976+0800][19.595s][info][gc,heap     ] GC(189)      Used:       80M (31%)         118M (46%)          90M (35%)          80M (31%)         118M (46%)          80M (31%)    
[2026-06-17T10:22:37.977+0800][19.595s][info][gc,heap     ] GC(189)      Live:         -                21M (9%)           21M (9%)           21M (9%)             -                  -          
[2026-06-17T10:22:37.977+0800][19.595s][info][gc,heap     ] GC(189) Allocated:         -                38M (15%)          38M (15%)          46M (18%)            -                  -          
[2026-06-17T10:22:37.977+0800][19.595s][info][gc,heap     ] GC(189)   Garbage:         -                58M (23%)          30M (12%)          20M (8%)             -                  -          
[2026-06-17T10:22:37.977+0800][19.596s][info][gc,heap     ] GC(189) Reclaimed:         -                  -                28M (11%)          38M (15%)            -                  -          
[2026-06-17T10:22:37.977+0800][19.596s][info][gc          ] GC(189) Garbage Collection (Allocation Rate) 80M(31%)->80M(31%)
[2026-06-17T10:22:38.063+0800][19.681s][info][gc,start    ] GC(190) Garbage Collection (Allocation Rate)
[2026-06-17T10:22:38.064+0800][19.682s][info][gc,phases   ] GC(190) Pause Mark Start 0.233ms
[2026-06-17T10:22:38.066+0800][19.685s][info][gc,phases   ] GC(190) Concurrent Mark 1.680ms
[2026-06-17T10:22:38.067+0800][19.686s][info][gc,phases   ] GC(190) Pause Mark End 0.367ms
[2026-06-17T10:22:38.067+0800][19.686s][info][gc,phases   ] GC(190) Concurrent Process Non-Strong References 0.166ms
[2026-06-17T10:22:38.068+0800][19.687s][info][gc,phases   ] GC(190) Concurrent Reset Relocation Set 0.003ms
[2026-06-17T10:22:38.068+0800][19.687s][info][gc,phases   ] GC(190) Concurrent Destroy Detached Pages 0.001ms
[2026-06-17T10:22:38.069+0800][19.688s][info][gc,phases   ] GC(190) Concurrent Select Relocation Set 0.620ms
[2026-06-17T10:22:38.069+0800][19.688s][info][gc,phases   ] GC(190) Concurrent Prepare Relocation Set 0.016ms
[2026-06-17T10:22:38.070+0800][19.689s][info][gc,phases   ] GC(190) Pause Relocate Start 0.121ms
[2026-06-17T10:22:38.072+0800][19.690s][info][gc,phases   ] GC(190) Concurrent Relocate 1.396ms
[2026-06-17T10:22:38.072+0800][19.691s][info][gc,load     ] GC(190) Load: 0.22/0.21/0.28
[2026-06-17T10:22:38.072+0800][19.691s][info][gc,mmu      ] GC(190) MMU: 2ms/0.0%, 5ms/43.3%, 10ms/66.9%, 20ms/83.5%, 50ms/93.4%, 100ms/96.6%
[2026-06-17T10:22:38.072+0800][19.691s][info][gc,marking  ] GC(190) Mark: 2 stripe(s), 1 proactive flush(es), 1 terminate flush(es), 0 completion(s), 0 continuation(s) 
[2026-06-17T10:22:38.073+0800][19.691s][info][gc,reloc    ] GC(190) Relocation: Successful, 18M relocated
[2026-06-17T10:22:38.073+0800][19.692s][info][gc,nmethod  ] GC(190) NMethods: 23 registered, 0 unregistered
[2026-06-17T10:22:38.073+0800][19.692s][info][gc,metaspace] GC(190) Metaspace: 3M used, 4M capacity, 4M committed, 8M reserved
[2026-06-17T10:22:38.073+0800][19.692s][info][gc,ref      ] GC(190) Soft: 43 encountered, 0 discovered, 0 enqueued
[2026-06-17T10:22:38.073+0800][19.692s][info][gc,ref      ] GC(190) Weak: 7 encountered, 2 discovered, 0 enqueued
[2026-06-17T10:22:38.074+0800][19.692s][info][gc,ref      ] GC(190) Final: 0 encountered, 0 discovered, 0 enqueued
[2026-06-17T10:22:38.074+0800][19.692s][info][gc,ref      ] GC(190) Phantom: 1 encountered, 1 discovered, 0 enqueued
[2026-06-17T10:22:38.074+0800][19.693s][info][gc,heap     ] GC(190)                Mark Start          Mark End        Relocate Start      Relocate End           High               Low         
[2026-06-17T10:22:38.074+0800][19.693s][info][gc,heap     ] GC(190)  Capacity:      256M (100%)        256M (100%)        256M (100%)        256M (100%)        256M (100%)        256M (100%)   
[2026-06-17T10:22:38.074+0800][19.693s][info][gc,heap     ] GC(190)   Reserve:       62M (24%)          62M (24%)          62M (24%)          62M (24%)          62M (24%)          62M (24%)    
[2026-06-17T10:22:38.074+0800][19.693s][info][gc,heap     ] GC(190)      Free:       78M (30%)          78M (30%)         110M (43%)         150M (59%)         150M (59%)          72M (28%)    
[2026-06-17T10:22:38.074+0800][19.693s][info][gc,heap     ] GC(190)      Used:      116M (45%)         116M (45%)          84M (33%)          44M (17%)         122M (48%)          44M (17%)    
[2026-06-17T10:22:38.075+0800][19.693s][info][gc,heap     ] GC(190)      Live:         -                19M (8%)           19M (8%)           19M (8%)             -                  -          
[2026-06-17T10:22:38.075+0800][19.693s][info][gc,heap     ] GC(190) Allocated:         -                 0M (0%)            0M (0%)           42M (16%)            -                  -          
[2026-06-17T10:22:38.075+0800][19.693s][info][gc,heap     ] GC(190)   Garbage:         -                96M (38%)          64M (25%)          24M (10%)            -                  -          
[2026-06-17T10:22:38.075+0800][19.694s][info][gc,heap     ] GC(190) Reclaimed:         -                  -                32M (12%)          72M (28%)            -                  -          
[2026-06-17T10:22:38.075+0800][19.694s][info][gc          ] GC(190) Garbage Collection (Allocation Rate) 116M(45%)->44M(17%)
[2026-06-17T10:22:38.163+0800][19.782s][info][gc,start    ] GC(191) Garbage Collection (Allocation Rate)
[2026-06-17T10:22:38.164+0800][19.783s][info][gc,phases   ] GC(191) Pause Mark Start 0.262ms
[2026-06-17T10:22:38.167+0800][19.785s][info][gc,phases   ] GC(191) Concurrent Mark 1.757ms
[2026-06-17T10:22:38.168+0800][19.786s][info][gc,phases   ] GC(191) Pause Mark End 0.410ms
[2026-06-17T10:22:38.168+0800][19.787s][info][gc,phases   ] GC(191) Concurrent Process Non-Strong References 0.238ms
[2026-06-17T10:22:38.169+0800][19.788s][info][gc,phases   ] GC(191) Concurrent Reset Relocation Set 0.004ms
[2026-06-17T10:22:38.170+0800][19.788s][info][gc,phases   ] GC(191) Concurrent Destroy Detached Pages 0.001ms
[2026-06-17T10:22:38.172+0800][19.791s][info][gc,phases   ] GC(191) Concurrent Select Relocation Set 1.554ms
[2026-06-17T10:22:38.172+0800][19.791s][info][gc,phases   ] GC(191) Concurrent Prepare Relocation Set 0.002ms
[2026-06-17T10:22:38.173+0800][19.792s][info][gc,phases   ] GC(191) Pause Relocate Start 0.215ms
[2026-06-17T10:22:38.174+0800][19.793s][info][gc,phases   ] GC(191) Concurrent Relocate 0.163ms
[2026-06-17T10:22:38.174+0800][19.793s][info][gc,load     ] GC(191) Load: 0.22/0.21/0.28
[2026-06-17T10:22:38.175+0800][19.794s][info][gc,mmu      ] GC(191) MMU: 2ms/0.0%, 5ms/43.3%, 10ms/66.9%, 20ms/83.5%, 50ms/93.4%, 100ms/96.6%
[2026-06-17T10:22:38.176+0800][19.794s][info][gc,marking  ] GC(191) Mark: 2 stripe(s), 1 proactive flush(es), 1 terminate flush(es), 0 completion(s), 0 continuation(s) 
[2026-06-17T10:22:38.176+0800][19.795s][info][gc,reloc    ] GC(191) Relocation: Successful, 20M relocated
[2026-06-17T10:22:38.176+0800][19.795s][info][gc,nmethod  ] GC(191) NMethods: 23 registered, 0 unregistered
[2026-06-17T10:22:38.176+0800][19.795s][info][gc,metaspace] GC(191) Metaspace: 3M used, 4M capacity, 4M committed, 8M reserved
[2026-06-17T10:22:38.176+0800][19.795s][info][gc,ref      ] GC(191) Soft: 43 encountered, 0 discovered, 0 enqueued
[2026-06-17T10:22:38.177+0800][19.795s][info][gc,ref      ] GC(191) Weak: 7 encountered, 0 discovered, 0 enqueued
[2026-06-17T10:22:38.177+0800][19.796s][info][gc,ref      ] GC(191) Final: 0 encountered, 0 discovered, 0 enqueued
[2026-06-17T10:22:38.177+0800][19.796s][info][gc,ref      ] GC(191) Phantom: 1 encountered, 0 discovered, 0 enqueued
[2026-06-17T10:22:38.177+0800][19.796s][info][gc,heap     ] GC(191)                Mark Start          Mark End        Relocate Start      Relocate End           High               Low         
[2026-06-17T10:22:38.177+0800][19.796s][info][gc,heap     ] GC(191)  Capacity:      256M (100%)        256M (100%)        256M (100%)        256M (100%)        256M (100%)        256M (100%)   
[2026-06-17T10:22:38.178+0800][19.796s][info][gc,heap     ] GC(191)   Reserve:       62M (24%)          62M (24%)          62M (24%)          62M (24%)          62M (24%)          62M (24%)    
[2026-06-17T10:22:38.178+0800][19.796s][info][gc,heap     ] GC(191)      Free:      116M (45%)         116M (45%)         140M (55%)         146M (57%)         146M (57%)         112M (44%)    
[2026-06-17T10:22:38.178+0800][19.797s][info][gc,heap     ] GC(191)      Used:       78M (30%)          78M (30%)          54M (21%)          48M (19%)          82M (32%)          48M (19%)    
[2026-06-17T10:22:38.178+0800][19.797s][info][gc,heap     ] GC(191)      Live:         -                26M (10%)          26M (10%)          26M (10%)            -                  -          
[2026-06-17T10:22:38.178+0800][19.797s][info][gc,heap     ] GC(191) Allocated:         -                 0M (0%)            4M (2%)            8M (3%)             -                  -          
[2026-06-17T10:22:38.178+0800][19.797s][info][gc,heap     ] GC(191)   Garbage:         -                51M (20%)          23M (9%)           17M (7%)             -                  -          
[2026-06-17T10:22:38.178+0800][19.797s][info][gc,heap     ] GC(191) Reclaimed:         -                  -                28M (11%)          34M (13%)            -                  -          
[2026-06-17T10:22:38.178+0800][19.797s][info][gc          ] GC(191) Garbage Collection (Allocation Rate) 78M(30%)->48M(19%)
[2026-06-17T10:22:38.263+0800][19.882s][info][gc,start    ] GC(192) Garbage Collection (Allocation Rate)
[2026-06-17T10:22:38.264+0800][19.883s][info][gc,phases   ] GC(192) Pause Mark Start 0.260ms
[2026-06-17T10:22:38.267+0800][19.885s][info][gc,phases   ] GC(192) Concurrent Mark 1.698ms
[2026-06-17T10:22:38.270+0800][19.888s][info][gc,phases   ] GC(192) Pause Mark End 0.506ms
[2026-06-17T10:22:38.270+0800][19.889s][info][gc,phases   ] GC(192) Concurrent Process Non-Strong References 0.164ms
[2026-06-17T10:22:38.271+0800][19.890s][info][gc,phases   ] GC(192) Concurrent Reset Relocation Set 0.002ms
[2026-06-17T10:22:38.271+0800][19.890s][info][gc,phases   ] GC(192) Concurrent Destroy Detached Pages 0.002ms
[2026-06-17T10:22:38.273+0800][19.892s][info][gc,phases   ] GC(192) Concurrent Select Relocation Set 0.895ms
[2026-06-17T10:22:38.274+0800][19.892s][info][gc,phases   ] GC(192) Concurrent Prepare Relocation Set 0.012ms
[2026-06-17T10:22:38.275+0800][19.893s][info][gc,phases   ] GC(192) Pause Relocate Start 0.258ms
[2026-06-17T10:22:38.277+0800][19.896s][info][gc,phases   ] GC(192) Concurrent Relocate 1.706ms
[2026-06-17T10:22:38.277+0800][19.896s][info][gc,load     ] GC(192) Load: 0.22/0.21/0.28
[2026-06-17T10:22:38.278+0800][19.897s][info][gc,mmu      ] GC(192) MMU: 2ms/0.0%, 5ms/43.3%, 10ms/66.9%, 20ms/83.5%, 50ms/93.4%, 100ms/96.6%
[2026-06-17T10:22:38.278+0800][19.897s][info][gc,marking  ] GC(192) Mark: 2 stripe(s), 1 proactive flush(es), 1 terminate flush(es), 0 completion(s), 0 continuation(s) 
[2026-06-17T10:22:38.279+0800][19.897s][info][gc,reloc    ] GC(192) Relocation: Successful, 22M relocated
[2026-06-17T10:22:38.279+0800][19.898s][info][gc,nmethod  ] GC(192) NMethods: 23 registered, 0 unregistered
[2026-06-17T10:22:38.279+0800][19.898s][info][gc,metaspace] GC(192) Metaspace: 3M used, 4M capacity, 4M committed, 8M reserved
[2026-06-17T10:22:38.280+0800][19.898s][info][gc,ref      ] GC(192) Soft: 43 encountered, 0 discovered, 0 enqueued
[2026-06-17T10:22:38.280+0800][19.899s][info][gc,ref      ] GC(192) Weak: 7 encountered, 0 discovered, 0 enqueued
[2026-06-17T10:22:38.280+0800][19.899s][info][gc,ref      ] GC(192) Final: 0 encountered, 0 discovered, 0 enqueued
[2026-06-17T10:22:38.281+0800][19.899s][info][gc,ref      ] GC(192) Phantom: 1 encountered, 0 discovered, 0 enqueued
[2026-06-17T10:22:38.281+0800][19.900s][info][gc,heap     ] GC(192)                Mark Start          Mark End        Relocate Start      Relocate End           High               Low         
[2026-06-17T10:22:38.281+0800][19.900s][info][gc,heap     ] GC(192)  Capacity:      256M (100%)        256M (100%)        256M (100%)        256M (100%)        256M (100%)        256M (100%)   
[2026-06-17T10:22:38.282+0800][19.901s][info][gc,heap     ] GC(192)   Reserve:       62M (24%)          62M (24%)          62M (24%)          62M (24%)          62M (24%)          62M (24%)    
[2026-06-17T10:22:38.282+0800][19.901s][info][gc,heap     ] GC(192)      Free:       78M (30%)          78M (30%)         108M (42%)         146M (57%)         146M (57%)          70M (27%)    
[2026-06-17T10:22:38.283+0800][19.901s][info][gc,heap     ] GC(192)      Used:      116M (45%)         116M (45%)          86M (34%)          48M (19%)         124M (48%)          48M (19%)    
[2026-06-17T10:22:38.283+0800][19.902s][info][gc,heap     ] GC(192)      Live:         -                22M (9%)           22M (9%)           22M (9%)             -                  -          
[2026-06-17T10:22:38.283+0800][19.902s][info][gc,heap     ] GC(192) Allocated:         -                 0M (0%)            4M (2%)           46M (18%)            -                  -          
[2026-06-17T10:22:38.284+0800][19.903s][info][gc,heap     ] GC(192)   Garbage:         -                93M (36%)          59M (23%)          21M (8%)             -                  -          
[2026-06-17T10:22:38.284+0800][19.903s][info][gc,heap     ] GC(192) Reclaimed:         -                  -                34M (13%)          72M (28%)            -                  -          
[2026-06-17T10:22:38.284+0800][19.903s][info][gc          ] GC(192) Garbage Collection (Allocation Rate) 116M(45%)->48M(19%)
[2026-06-17T10:22:38.363+0800][19.982s][info][gc,start    ] GC(193) Garbage Collection (Allocation Rate)
[2026-06-17T10:22:38.365+0800][19.984s][info][gc,phases   ] GC(193) Pause Mark Start 0.362ms
[2026-06-17T10:22:38.367+0800][19.986s][info][gc,phases   ] GC(193) Concurrent Mark 1.782ms
[2026-06-17T10:22:38.368+0800][19.987s][info][gc,phases   ] GC(193) Pause Mark End 0.466ms
[2026-06-17T10:22:38.369+0800][19.988s][info][gc,phases   ] GC(193) Concurrent Process Non-Strong References 0.214ms
[2026-06-17T10:22:38.369+0800][19.988s][info][gc,phases   ] GC(193) Concurrent Reset Relocation Set 0.004ms
[2026-06-17T10:22:38.370+0800][19.988s][info][gc,phases   ] GC(193) Concurrent Destroy Detached Pages 0.001ms
[2026-06-17T10:22:38.371+0800][19.989s][info][gc,phases   ] GC(193) Concurrent Select Relocation Set 0.718ms
[2026-06-17T10:22:38.371+0800][19.990s][info][gc,phases   ] GC(193) Concurrent Prepare Relocation Set 0.001ms
[2026-06-17T10:22:38.372+0800][19.990s][info][gc,phases   ] GC(193) Pause Relocate Start 0.176ms
[2026-06-17T10:22:38.372+0800][19.991s][info][gc,phases   ] GC(193) Concurrent Relocate 0.248ms
[2026-06-17T10:22:38.372+0800][19.991s][info][gc,load     ] GC(193) Load: 0.22/0.21/0.28
[2026-06-17T10:22:38.373+0800][19.991s][info][gc,mmu      ] GC(193) MMU: 2ms/0.0%, 5ms/43.3%, 10ms/66.9%, 20ms/83.5%, 50ms/93.4%, 100ms/96.6%
[2026-06-17T10:22:38.373+0800][19.991s][info][gc,marking  ] GC(193) Mark: 2 stripe(s), 1 proactive flush(es), 1 terminate flush(es), 0 completion(s), 0 continuation(s) 
[2026-06-17T10:22:38.373+0800][19.992s][info][gc,reloc    ] GC(193) Relocation: Successful, 24M relocated
[2026-06-17T10:22:38.373+0800][19.992s][info][gc,nmethod  ] GC(193) NMethods: 23 registered, 0 unregistered
[2026-06-17T10:22:38.373+0800][19.992s][info][gc,metaspace] GC(193) Metaspace: 3M used, 4M capacity, 4M committed, 8M reserved
[2026-06-17T10:22:38.373+0800][19.992s][info][gc,ref      ] GC(193) Soft: 43 encountered, 0 discovered, 0 enqueued
[2026-06-17T10:22:38.374+0800][19.992s][info][gc,ref      ] GC(193) Weak: 7 encountered, 2 discovered, 0 enqueued
[2026-06-17T10:22:38.374+0800][19.992s][info][gc,ref      ] GC(193) Final: 0 encountered, 0 discovered, 0 enqueued
[2026-06-17T10:22:38.374+0800][19.993s][info][gc,ref      ] GC(193) Phantom: 1 encountered, 1 discovered, 0 enqueued
[2026-06-17T10:22:38.374+0800][19.993s][info][gc,heap     ] GC(193)                Mark Start          Mark End        Relocate Start      Relocate End           High               Low         
[2026-06-17T10:22:38.374+0800][19.993s][info][gc,heap     ] GC(193)  Capacity:      256M (100%)        256M (100%)        256M (100%)        256M (100%)        256M (100%)        256M (100%)   
[2026-06-17T10:22:38.375+0800][19.993s][info][gc,heap     ] GC(193)   Reserve:       62M (24%)          62M (24%)          62M (24%)          62M (24%)          62M (24%)          62M (24%)    
[2026-06-17T10:22:38.375+0800][19.993s][info][gc,heap     ] GC(193)      Free:      114M (45%)         110M (43%)         138M (54%)         144M (56%)         144M (56%)         110M (43%)    
[2026-06-17T10:22:38.375+0800][19.994s][info][gc,heap     ] GC(193)      Used:       80M (31%)          84M (33%)          56M (22%)          50M (20%)          84M (33%)          50M (20%)    
[2026-06-17T10:22:38.375+0800][19.994s][info][gc,heap     ] GC(193)      Live:         -                28M (11%)          28M (11%)          28M (11%)            -                  -          
[2026-06-17T10:22:38.375+0800][19.994s][info][gc,heap     ] GC(193) Allocated:         -                 4M (2%)            4M (2%)           12M (5%)             -                  -          
[2026-06-17T10:22:38.376+0800][19.994s][info][gc,heap     ] GC(193)   Garbage:         -                51M (20%)          23M (9%)           17M (7%)             -                  -          
[2026-06-17T10:22:38.376+0800][19.995s][info][gc,heap     ] GC(193) Reclaimed:         -                  -                28M (11%)          34M (13%)            -                  -          
[2026-06-17T10:22:38.376+0800][19.995s][info][gc          ] GC(193) Garbage Collection (Allocation Rate) 80M(31%)->50M(20%)
[2026-06-17T10:22:38.463+0800][20.082s][info][gc,start    ] GC(194) Garbage Collection (Allocation Rate)
[2026-06-17T10:22:38.464+0800][20.082s][info][gc,stats    ] === Garbage Collection Statistics =======================================================================================================================
[2026-06-17T10:22:38.468+0800][20.087s][info][gc,stats    ]                                                              Last 10s              Last 10m              Last 10h                Total
[2026-06-17T10:22:38.469+0800][20.087s][info][gc,stats    ]                                                              Avg / Max             Avg / Max             Avg / Max             Avg / Max
[2026-06-17T10:22:38.468+0800][20.087s][info][gc,phases   ] GC(194) Pause Mark Start 0.202ms
[2026-06-17T10:22:38.475+0800][20.094s][info][gc,stats    ]   Collector: Garbage Collection Cycle                     14.737 / 78.886       15.940 / 78.886       15.940 / 78.886       15.940 / 78.886      ms
[2026-06-17T10:22:38.478+0800][20.097s][info][gc,stats    ]  Contention: Mark Segment Reset Contention                     0 / 3                 0 / 3                 0 / 3                 0 / 3           ops/s
[2026-06-17T10:22:38.479+0800][20.097s][info][gc,stats    ]  Contention: Mark SeqNum Reset Contention                      0 / 1                 0 / 1                 0 / 1                 0 / 1           ops/s
[2026-06-17T10:22:38.483+0800][20.102s][info][gc,stats    ]  Contention: Relocation Contention                             0 / 3                 1 / 10                1 / 10                1 / 10          ops/s
[2026-06-17T10:22:38.491+0800][20.109s][info][gc,stats    ]    Critical: Allocation Stall                              0.000 / 0.000         0.000 / 0.000         0.000 / 0.000         0.000 / 0.000       ms
[2026-06-17T10:22:38.492+0800][20.111s][info][gc,stats    ]    Critical: Allocation Stall                                  0 / 0                 0 / 0                 0 / 0                 0 / 0           ops/s
[2026-06-17T10:22:38.479+0800][20.098s][info][gc,phases   ] GC(194) Concurrent Mark 1.546ms
[2026-06-17T10:22:38.492+0800][20.111s][info][gc,stats    ]    Critical: GC Locker Stall                               0.000 / 0.000         0.000 / 0.000         0.000 / 0.000         0.000 / 0.000       ms
[2026-06-17T10:22:38.497+0800][20.115s][info][gc,stats    ]    Critical: GC Locker Stall                                   0 / 0                 0 / 0                 0 / 0                 0 / 0           ops/s
[2026-06-17T10:22:38.496+0800][20.114s][info][gc,phases   ] GC(194) Pause Mark End 0.416ms
[2026-06-17T10:22:38.497+0800][20.116s][info][gc,stats    ]      Memory: Allocation Rate                                 574 / 628             580 / 646             580 / 646             580 / 646         MB/s
[2026-06-17T10:22:38.501+0800][20.119s][info][gc,stats    ]      Memory: Heap Used After Mark                            103 / 160             103 / 160             103 / 160             103 / 160         MB
[2026-06-17T10:22:38.501+0800][20.120s][info][gc,stats    ]      Memory: Heap Used After Relocation                       52 / 92               54 / 92               54 / 92               54 / 92          MB
[2026-06-17T10:22:38.497+0800][20.116s][info][gc,phases   ] GC(194) Concurrent Process Non-Strong References 0.079ms
[2026-06-17T10:22:38.501+0800][20.120s][info][gc,stats    ]      Memory: Heap Used Before Mark                            97 / 118              96 / 142              96 / 142              96 / 142         MB
[2026-06-17T10:22:38.502+0800][20.121s][info][gc,stats    ]      Memory: Heap Used Before Relocation                      81 / 136              83 / 136              83 / 136              83 / 136         MB
[2026-06-17T10:22:38.502+0800][20.121s][info][gc,stats    ]      Memory: Out Of Memory                                     0 / 0                 0 / 0                 0 / 0                 0 / 0           ops/s
[2026-06-17T10:22:38.502+0800][20.121s][info][gc,stats    ]      Memory: Page Cache Flush                                  3 / 32                3 / 32                3 / 32                3 / 32          MB/s
[2026-06-17T10:22:38.502+0800][20.121s][info][gc,stats    ]      Memory: Page Cache Hit L1                               234 / 242             228 / 242             228 / 242             228 / 242         ops/s
[2026-06-17T10:22:38.502+0800][20.121s][info][gc,stats    ]      Memory: Page Cache Hit L2                                 0 / 0                 0 / 0                 0 / 0                 0 / 0           ops/s
[2026-06-17T10:22:38.502+0800][20.121s][info][gc,stats    ]      Memory: Page Cache Miss                                   0 / 2                 2 / 31                2 / 31                2 / 31          ops/s
[2026-06-17T10:22:38.502+0800][20.120s][info][gc,phases   ] GC(194) Concurrent Reset Relocation Set 0.003ms
[2026-06-17T10:22:38.503+0800][20.121s][info][gc,phases   ] GC(194) Concurrent Destroy Detached Pages 0.001ms
[2026-06-17T10:22:38.503+0800][20.121s][info][gc,stats    ]      Memory: Undo Object Allocation Failed                     0 / 0                 0 / 7                 0 / 7                 0 / 7           ops/s
[2026-06-17T10:22:38.503+0800][20.122s][info][gc,stats    ]      Memory: Undo Object Allocation Succeeded                  0 / 3                 1 / 3                 1 / 3                 1 / 3           ops/s
[2026-06-17T10:22:38.503+0800][20.122s][info][gc,stats    ]      Memory: Undo Page Allocation                              0 / 1                 0 / 1                 0 / 1                 0 / 1           ops/s
[2026-06-17T10:22:38.503+0800][20.122s][info][gc,stats    ]       Phase: Concurrent Destroy Detached Pages             0.001 / 0.004         0.001 / 0.004         0.001 / 0.004         0.001 / 0.004       ms
[2026-06-17T10:22:38.503+0800][20.122s][info][gc,stats    ]       Phase: Concurrent Mark                               1.671 / 2.531         1.857 / 3.544         1.857 / 3.544         1.857 / 3.544       ms
[2026-06-17T10:22:38.503+0800][20.122s][info][gc,stats    ]       Phase: Concurrent Mark Continue                      0.000 / 0.000         0.000 / 0.000         0.000 / 0.000         0.000 / 0.000       ms
[2026-06-17T10:22:38.503+0800][20.122s][info][gc,stats    ]       Phase: Concurrent Prepare Relocation Set             0.009 / 0.035         0.011 / 0.089         0.011 / 0.089         0.011 / 0.089       ms
[2026-06-17T10:22:38.503+0800][20.122s][info][gc,phases   ] GC(194) Concurrent Select Relocation Set 0.529ms
[2026-06-17T10:22:38.504+0800][20.122s][info][gc,stats    ]       Phase: Concurrent Process Non-Strong References      0.161 / 0.537         0.212 / 0.603         0.212 / 0.603         0.212 / 0.603       ms
[2026-06-17T10:22:38.504+0800][20.122s][info][gc,phases   ] GC(194) Concurrent Prepare Relocation Set 0.011ms
[2026-06-17T10:22:38.504+0800][20.123s][info][gc,stats    ]       Phase: Concurrent Relocate                           1.083 / 2.662         1.196 / 4.095         1.196 / 4.095         1.196 / 4.095       ms
[2026-06-17T10:22:38.504+0800][20.123s][info][gc,stats    ]       Phase: Concurrent Reset Relocation Set               0.003 / 0.008         0.004 / 0.024         0.004 / 0.024         0.004 / 0.024       ms
[2026-06-17T10:22:38.504+0800][20.123s][info][gc,stats    ]       Phase: Concurrent Select Relocation Set              0.642 / 1.575         0.827 / 2.260         0.827 / 2.260         0.827 / 2.260       ms
[2026-06-17T10:22:38.504+0800][20.123s][info][gc,stats    ]       Phase: Pause Mark End                                0.379 / 0.947         0.485 / 1.040         0.485 / 1.040         0.485 / 1.040       ms
[2026-06-17T10:22:38.504+0800][20.123s][info][gc,stats    ]       Phase: Pause Mark Start                              0.278 / 2.837         0.342 / 2.837         0.342 / 2.837         0.342 / 2.837       ms
[2026-06-17T10:22:38.504+0800][20.123s][info][gc,stats    ]       Phase: Pause Relocate Start                          0.176 / 0.358         0.217 / 0.490         0.217 / 0.490         0.217 / 0.490       ms
[2026-06-17T10:22:38.505+0800][20.123s][info][gc,stats    ]    Subphase: Concurrent Mark                               1.208 / 2.190         1.365 / 3.232         1.365 / 3.232         1.365 / 3.232       ms
[2026-06-17T10:22:38.505+0800][20.123s][info][gc,stats    ]    Subphase: Concurrent Mark Idle                          1.172 / 1.445         1.198 / 1.556         1.198 / 1.556         1.198 / 1.556       ms
[2026-06-17T10:22:38.504+0800][20.123s][info][gc,phases   ] GC(194) Pause Relocate Start 0.177ms
[2026-06-17T10:22:38.505+0800][20.124s][info][gc,stats    ]    Subphase: Concurrent Mark Try Flush                     0.109 / 0.656         0.143 / 0.656         0.143 / 0.656         0.143 / 0.656       ms
[2026-06-17T10:22:38.506+0800][20.124s][info][gc,stats    ]    Subphase: Concurrent Mark Try Terminate                 0.607 / 1.447         0.628 / 1.560         0.628 / 1.560         0.628 / 1.560       ms
[2026-06-17T10:22:38.506+0800][20.125s][info][gc,stats    ]    Subphase: Concurrent References Enqueue                 0.000 / 0.001         0.000 / 0.001         0.000 / 0.001         0.000 / 0.001       ms
[2026-06-17T10:22:38.506+0800][20.125s][info][gc,stats    ]    Subphase: Concurrent References Process                 0.073 / 0.305         0.096 / 0.305         0.096 / 0.305         0.096 / 0.305       ms
[2026-06-17T10:22:38.506+0800][20.125s][info][gc,stats    ]    Subphase: Concurrent Weak Roots                         0.016 / 0.081         0.019 / 0.156         0.019 / 0.156         0.019 / 0.156       ms
[2026-06-17T10:22:38.506+0800][20.125s][info][gc,stats    ]    Subphase: Concurrent Weak Roots JNIWeakHandles          0.000 / 0.001         0.000 / 0.001         0.000 / 0.001         0.000 / 0.001       ms
[2026-06-17T10:22:38.506+0800][20.125s][info][gc,stats    ]    Subphase: Concurrent Weak Roots StringTable             0.020 / 0.076         0.024 / 0.150         0.024 / 0.150         0.024 / 0.150       ms
[2026-06-17T10:22:38.506+0800][20.125s][info][gc,stats    ]    Subphase: Concurrent Weak Roots VMWeakHandles           0.002 / 0.008         0.002 / 0.008         0.002 / 0.008         0.002 / 0.008       ms
[2026-06-17T10:22:38.506+0800][20.125s][info][gc,stats    ]    Subphase: Pause Mark Try Complete                       0.000 / 0.000         0.000 / 0.000         0.000 / 0.000         0.000 / 0.000       ms
[2026-06-17T10:22:38.506+0800][20.125s][info][gc,stats    ]    Subphase: Pause Remap TLABS                             0.001 / 0.001         0.001 / 0.016         0.001 / 0.016         0.001 / 0.016       ms
[2026-06-17T10:22:38.507+0800][20.125s][info][gc,stats    ]    Subphase: Pause Retire TLABS                            0.006 / 0.030         0.008 / 0.035         0.008 / 0.035         0.008 / 0.035       ms
[2026-06-17T10:22:38.507+0800][20.125s][info][gc,stats    ]    Subphase: Pause Roots                                   0.005 / 0.267         0.005 / 0.267         0.005 / 0.267         0.005 / 0.267       ms
[2026-06-17T10:22:38.507+0800][20.125s][info][gc,stats    ]    Subphase: Pause Roots ClassLoaderDataGraph              0.013 / 0.092         0.017 / 0.142         0.017 / 0.142         0.017 / 0.142       ms
[2026-06-17T10:22:38.507+0800][20.126s][info][gc,stats    ]    Subphase: Pause Roots CodeCache                         0.007 / 0.035         0.008 / 0.035         0.008 / 0.035         0.008 / 0.035       ms
[2026-06-17T10:22:38.507+0800][20.126s][info][gc,stats    ]    Subphase: Pause Roots JNIHandles                        0.001 / 0.008         0.002 / 0.062         0.002 / 0.062         0.002 / 0.062       ms
[2026-06-17T10:22:38.507+0800][20.125s][info][gc,phases   ] GC(194) Concurrent Relocate 1.623ms
[2026-06-17T10:22:38.507+0800][20.126s][info][gc,load     ] GC(194) Load: 0.22/0.21/0.28
[2026-06-17T10:22:38.507+0800][20.126s][info][gc,mmu      ] GC(194) MMU: 2ms/0.0%, 5ms/43.3%, 10ms/66.9%, 20ms/83.5%, 50ms/93.4%, 100ms/96.6%
[2026-06-17T10:22:38.507+0800][20.126s][info][gc,marking  ] GC(194) Mark: 2 stripe(s), 2 proactive flush(es), 1 terminate flush(es), 0 completion(s), 0 continuation(s) 
[2026-06-17T10:22:38.507+0800][20.126s][info][gc,reloc    ] GC(194) Relocation: Successful, 25M relocated
[2026-06-17T10:22:38.507+0800][20.126s][info][gc,nmethod  ] GC(194) NMethods: 23 registered, 0 unregistered
[2026-06-17T10:22:38.507+0800][20.126s][info][gc,stats    ]    Subphase: Pause Roots JNIWeakHandles                    0.000 / 0.000         0.000 / 0.000         0.000 / 0.000         0.000 / 0.000       ms
[2026-06-17T10:22:38.508+0800][20.127s][info][gc,stats    ]    Subphase: Pause Roots JRFWeak                           0.000 / 0.000         0.000 / 0.000         0.000 / 0.000         0.000 / 0.000       ms
[2026-06-17T10:22:38.509+0800][20.128s][info][gc,stats    ]    Subphase: Pause Roots JVMTIExport                       0.001 / 0.002         0.001 / 0.002         0.001 / 0.002         0.001 / 0.002       ms
[2026-06-17T10:22:38.509+0800][20.128s][info][gc,stats    ]    Subphase: Pause Roots JVMTIWeakExport                   0.000 / 0.001         0.000 / 0.001         0.000 / 0.001         0.000 / 0.001       ms
[2026-06-17T10:22:38.508+0800][20.126s][info][gc,metaspace] GC(194) Metaspace: 3M used, 4M capacity, 4M committed, 8M reserved
[2026-06-17T10:22:38.510+0800][20.128s][info][gc,ref      ] GC(194) Soft: 43 encountered, 0 discovered, 0 enqueued
[2026-06-17T10:22:38.509+0800][20.128s][info][gc,stats    ]    Subphase: Pause Roots Management                        0.001 / 0.004         0.002 / 0.005         0.002 / 0.005         0.002 / 0.005       ms
[2026-06-17T10:22:38.510+0800][20.129s][info][gc,stats    ]    Subphase: Pause Roots ObjectSynchronizer                0.000 / 0.001         0.000 / 0.001         0.000 / 0.001         0.000 / 0.001       ms
[2026-06-17T10:22:38.510+0800][20.129s][info][gc,stats    ]    Subphase: Pause Roots Setup                             0.001 / 0.005         0.001 / 0.005         0.001 / 0.005         0.001 / 0.005       ms
[2026-06-17T10:22:38.510+0800][20.129s][info][gc,stats    ]    Subphase: Pause Roots StringTable                       0.000 / 0.000         0.000 / 0.000         0.000 / 0.000         0.000 / 0.000       ms
[2026-06-17T10:22:38.510+0800][20.129s][info][gc,stats    ]    Subphase: Pause Roots SystemDictionary                  0.002 / 0.008         0.002 / 0.017         0.002 / 0.017         0.002 / 0.017       ms
[2026-06-17T10:22:38.510+0800][20.129s][info][gc,ref      ] GC(194) Weak: 7 encountered, 2 discovered, 0 enqueued
[2026-06-17T10:22:38.511+0800][20.129s][info][gc,ref      ] GC(194) Final: 0 encountered, 0 discovered, 0 enqueued
[2026-06-17T10:22:38.511+0800][20.129s][info][gc,ref      ] GC(194) Phantom: 1 encountered, 1 discovered, 0 enqueued
[2026-06-17T10:22:38.511+0800][20.129s][info][gc,heap     ] GC(194)                Mark Start          Mark End        Relocate Start      Relocate End           High               Low         
[2026-06-17T10:22:38.511+0800][20.130s][info][gc,heap     ] GC(194)  Capacity:      256M (100%)        256M (100%)        256M (100%)        256M (100%)        256M (100%)        256M (100%)   
[2026-06-17T10:22:38.511+0800][20.130s][info][gc,heap     ] GC(194)   Reserve:       62M (24%)          62M (24%)          62M (24%)          62M (24%)          62M (24%)          62M (24%)    
[2026-06-17T10:22:38.511+0800][20.130s][info][gc,heap     ] GC(194)      Free:       76M (30%)          36M (14%)          64M (25%)         138M (54%)         138M (54%)          32M (12%)    
[2026-06-17T10:22:38.511+0800][20.130s][info][gc,heap     ] GC(194)      Used:      118M (46%)         158M (62%)         130M (51%)          56M (22%)         162M (63%)          56M (22%)    
[2026-06-17T10:22:38.511+0800][20.130s][info][gc,heap     ] GC(194)      Live:         -                25M (10%)          25M (10%)          25M (10%)            -                  -          
[2026-06-17T10:22:38.511+0800][20.130s][info][gc,heap     ] GC(194) Allocated:         -                40M (16%)          44M (17%)          52M (20%)            -                  -          
[2026-06-17T10:22:38.510+0800][20.129s][info][gc,stats    ]    Subphase: Pause Roots Teardown                          0.001 / 0.009         0.001 / 0.009         0.001 / 0.009         0.001 / 0.009       ms
[2026-06-17T10:22:38.511+0800][20.130s][info][gc,stats    ]    Subphase: Pause Roots Threads                           0.014 / 0.263         0.017 / 0.263         0.017 / 0.263         0.017 / 0.263       ms
[2026-06-17T10:22:38.511+0800][20.130s][info][gc,stats    ]    Subphase: Pause Roots Universe                          0.004 / 0.021         0.005 / 0.084         0.005 / 0.084         0.005 / 0.084       ms
[2026-06-17T10:22:38.512+0800][20.130s][info][gc,stats    ]    Subphase: Pause Roots VMWeakHandles                     0.000 / 0.000         0.000 / 0.000         0.000 / 0.000         0.000 / 0.000       ms
[2026-06-17T10:22:38.512+0800][20.130s][info][gc,stats    ]    Subphase: Pause Weak Roots                              0.000 / 0.013         0.000 / 0.013         0.000 / 0.013         0.000 / 0.013       ms
[2026-06-17T10:22:38.511+0800][20.130s][info][gc,heap     ] GC(194)   Garbage:         -                92M (36%)          60M (24%)    17592186044402M (6         -                  -          
[2026-06-17T10:22:38.512+0800][20.130s][info][gc,stats    ]    Subphase: Pause Weak Roots JFRWeak                      0.001 / 0.001         0.001 / 0.002         0.001 / 0.002         0.001 / 0.002       ms
[2026-06-17T10:22:38.512+0800][20.131s][info][gc,stats    ]    Subphase: Pause Weak Roots JNIWeakHandles               0.000 / 0.000         0.000 / 0.000         0.000 / 0.000         0.000 / 0.000       ms
[2026-06-17T10:22:38.512+0800][20.131s][info][gc,stats    ]    Subphase: Pause Weak Roots JVMTIWeakExport              0.001 / 0.001         0.001 / 0.004         0.001 / 0.004         0.001 / 0.004       ms
[2026-06-17T10:22:38.512+0800][20.131s][info][gc,stats    ]    Subphase: Pause Weak Roots Setup                        0.000 / 0.000         0.000 / 0.000         0.000 / 0.000         0.000 / 0.000       ms
[2026-06-17T10:22:38.512+0800][20.131s][info][gc,stats    ]    Subphase: Pause Weak Roots StringTable                  0.000 / 0.000         0.000 / 0.000         0.000 / 0.000         0.000 / 0.000       ms
[2026-06-17T10:22:38.512+0800][20.131s][info][gc,stats    ]    Subphase: Pause Weak Roots SymbolTable                  0.000 / 0.000         0.000 / 0.000         0.000 / 0.000         0.000 / 0.000       ms
[2026-06-17T10:22:38.512+0800][20.131s][info][gc,stats    ]    Subphase: Pause Weak Roots Teardown                     0.001 / 0.001         0.001 / 0.002         0.001 / 0.002         0.001 / 0.002       ms
[2026-06-17T10:22:38.512+0800][20.131s][info][gc,stats    ]    Subphase: Pause Weak Roots VMWeakHandles                0.000 / 0.000         0.000 / 0.000         0.000 / 0.000         0.000 / 0.000       ms
[2026-06-17T10:22:38.512+0800][20.131s][info][gc,heap     ] GC(194) Reclaimed:         -                  -                32M (12%)         106M (41%)            -                  -          
[2026-06-17T10:22:38.513+0800][20.131s][info][gc          ] GC(194) Garbage Collection (Allocation Rate) 118M(46%)->56M(22%)
[2026-06-17T10:22:38.513+0800][20.131s][info][gc,stats    ]      System: Java Threads                                     10 / 10                9 / 10                9 / 10                9 / 10          threads
[2026-06-17T10:22:38.513+0800][20.132s][info][gc,stats    ] =========================================================================================================================================================
[2026-06-17T10:22:38.563+0800][20.181s][info][gc,start    ] GC(195) Garbage Collection (Allocation Rate)
[2026-06-17T10:22:38.563+0800][20.182s][info][gc,phases   ] GC(195) Pause Mark Start 0.148ms
[2026-06-17T10:22:38.565+0800][20.184s][info][gc,phases   ] GC(195) Concurrent Mark 1.581ms
[2026-06-17T10:22:38.566+0800][20.185s][info][gc,phases   ] GC(195) Pause Mark End 0.271ms
[2026-06-17T10:22:38.567+0800][20.185s][info][gc,phases   ] GC(195) Concurrent Process Non-Strong References 0.078ms
[2026-06-17T10:22:38.567+0800][20.186s][info][gc,phases   ] GC(195) Concurrent Reset Relocation Set 0.002ms
[2026-06-17T10:22:38.567+0800][20.186s][info][gc,phases   ] GC(195) Concurrent Destroy Detached Pages 0.001ms
[2026-06-17T10:22:38.568+0800][20.187s][info][gc,phases   ] GC(195) Concurrent Select Relocation Set 0.508ms
[2026-06-17T10:22:38.568+0800][20.187s][info][gc,phases   ] GC(195) Concurrent Prepare Relocation Set 0.013ms
[2026-06-17T10:22:38.569+0800][20.188s][info][gc,phases   ] GC(195) Pause Relocate Start 0.177ms
[2026-06-17T10:22:38.570+0800][20.189s][info][gc,phases   ] GC(195) Concurrent Relocate 0.508ms
[2026-06-17T10:22:38.570+0800][20.189s][info][gc,load     ] GC(195) Load: 0.22/0.21/0.28
[2026-06-17T10:22:38.570+0800][20.189s][info][gc,mmu      ] GC(195) MMU: 2ms/0.0%, 5ms/43.3%, 10ms/66.9%, 20ms/83.5%, 50ms/93.4%, 100ms/96.6%
[2026-06-17T10:22:38.571+0800][20.189s][info][gc,marking  ] GC(195) Mark: 2 stripe(s), 1 proactive flush(es), 1 terminate flush(es), 0 completion(s), 0 continuation(s) 
[2026-06-17T10:22:38.571+0800][20.190s][info][gc,reloc    ] GC(195) Relocation: Successful, 22M relocated
[2026-06-17T10:22:38.571+0800][20.190s][info][gc,nmethod  ] GC(195) NMethods: 23 registered, 0 unregistered
[2026-06-17T10:22:38.571+0800][20.190s][info][gc,metaspace] GC(195) Metaspace: 3M used, 4M capacity, 4M committed, 8M reserved
[2026-06-17T10:22:38.571+0800][20.190s][info][gc,ref      ] GC(195) Soft: 43 encountered, 0 discovered, 0 enqueued
[2026-06-17T10:22:38.572+0800][20.190s][info][gc,ref      ] GC(195) Weak: 7 encountered, 2 discovered, 0 enqueued
[2026-06-17T10:22:38.572+0800][20.191s][info][gc,ref      ] GC(195) Final: 0 encountered, 0 discovered, 0 enqueued
[2026-06-17T10:22:38.572+0800][20.191s][info][gc,ref      ] GC(195) Phantom: 1 encountered, 1 discovered, 0 enqueued
[2026-06-17T10:22:38.572+0800][20.191s][info][gc,heap     ] GC(195)                Mark Start          Mark End        Relocate Start      Relocate End           High               Low         
[2026-06-17T10:22:38.572+0800][20.191s][info][gc,heap     ] GC(195)  Capacity:      256M (100%)        256M (100%)        256M (100%)        256M (100%)        256M (100%)        256M (100%)   
[2026-06-17T10:22:38.573+0800][20.191s][info][gc,heap     ] GC(195)   Reserve:       62M (24%)          62M (24%)          62M (24%)          62M (24%)          62M (24%)          62M (24%)    
[2026-06-17T10:22:38.573+0800][20.191s][info][gc,heap     ] GC(195)      Free:      116M (45%)         116M (45%)         144M (56%)         150M (59%)         150M (59%)         116M (45%)    
[2026-06-17T10:22:38.573+0800][20.192s][info][gc,heap     ] GC(195)      Used:       78M (30%)          78M (30%)          50M (20%)          44M (17%)          78M (30%)          44M (17%)    
[2026-06-17T10:22:38.573+0800][20.192s][info][gc,heap     ] GC(195)      Live:         -                22M (9%)           22M (9%)           22M (9%)             -                  -          
[2026-06-17T10:22:38.573+0800][20.192s][info][gc,heap     ] GC(195) Allocated:         -                 0M (0%)            0M (0%)           10M (4%)             -                  -          
[2026-06-17T10:22:38.573+0800][20.192s][info][gc,heap     ] GC(195)   Garbage:         -                55M (22%)          27M (11%)          21M (8%)             -                  -          
[2026-06-17T10:22:38.573+0800][20.192s][info][gc,heap     ] GC(195) Reclaimed:         -                  -                28M (11%)          34M (13%)            -                  -          
[2026-06-17T10:22:38.573+0800][20.192s][info][gc          ] GC(195) Garbage Collection (Allocation Rate) 78M(30%)->44M(17%)
[2026-06-17T10:22:38.663+0800][20.281s][info][gc,start    ] GC(196) Garbage Collection (Allocation Rate)
[2026-06-17T10:22:38.665+0800][20.283s][info][gc,phases   ] GC(196) Pause Mark Start 0.152ms
[2026-06-17T10:22:38.668+0800][20.286s][info][gc,phases   ] GC(196) Concurrent Mark 1.633ms
[2026-06-17T10:22:38.668+0800][20.287s][info][gc,phases   ] GC(196) Pause Mark End 0.296ms
[2026-06-17T10:22:38.669+0800][20.288s][info][gc,phases   ] GC(196) Concurrent Process Non-Strong References 0.091ms
[2026-06-17T10:22:38.669+0800][20.288s][info][gc,phases   ] GC(196) Concurrent Reset Relocation Set 0.004ms
[2026-06-17T10:22:38.669+0800][20.288s][info][gc,phases   ] GC(196) Concurrent Destroy Detached Pages 0.001ms
[2026-06-17T10:22:38.670+0800][20.289s][info][gc,phases   ] GC(196) Concurrent Select Relocation Set 0.492ms
[2026-06-17T10:22:38.670+0800][20.289s][info][gc,phases   ] GC(196) Concurrent Prepare Relocation Set 0.002ms
[2026-06-17T10:22:38.671+0800][20.290s][info][gc,phases   ] GC(196) Pause Relocate Start 0.149ms
[2026-06-17T10:22:38.673+0800][20.292s][info][gc,phases   ] GC(196) Concurrent Relocate 1.735ms
[2026-06-17T10:22:38.673+0800][20.292s][info][gc,load     ] GC(196) Load: 0.20/0.20/0.28
[2026-06-17T10:22:38.673+0800][20.292s][info][gc,mmu      ] GC(196) MMU: 2ms/0.0%, 5ms/43.3%, 10ms/66.9%, 20ms/83.5%, 50ms/93.4%, 100ms/96.6%
[2026-06-17T10:22:38.674+0800][20.292s][info][gc,marking  ] GC(196) Mark: 2 stripe(s), 2 proactive flush(es), 1 terminate flush(es), 0 completion(s), 0 continuation(s) 
[2026-06-17T10:22:38.674+0800][20.292s][info][gc,reloc    ] GC(196) Relocation: Successful, 22M relocated
[2026-06-17T10:22:38.674+0800][20.293s][info][gc,nmethod  ] GC(196) NMethods: 23 registered, 0 unregistered
[2026-06-17T10:22:38.674+0800][20.293s][info][gc,metaspace] GC(196) Metaspace: 3M used, 4M capacity, 4M committed, 8M reserved
[2026-06-17T10:22:38.674+0800][20.293s][info][gc,ref      ] GC(196) Soft: 43 encountered, 0 discovered, 0 enqueued
[2026-06-17T10:22:38.674+0800][20.293s][info][gc,ref      ] GC(196) Weak: 7 encountered, 2 discovered, 0 enqueued
[2026-06-17T10:22:38.674+0800][20.293s][info][gc,ref      ] GC(196) Final: 0 encountered, 0 discovered, 0 enqueued
[2026-06-17T10:22:38.674+0800][20.293s][info][gc,ref      ] GC(196) Phantom: 1 encountered, 1 discovered, 0 enqueued
[2026-06-17T10:22:38.675+0800][20.293s][info][gc,heap     ] GC(196)                Mark Start          Mark End        Relocate Start      Relocate End           High               Low         
[2026-06-17T10:22:38.675+0800][20.293s][info][gc,heap     ] GC(196)  Capacity:      256M (100%)        256M (100%)        256M (100%)        256M (100%)        256M (100%)        256M (100%)   
[2026-06-17T10:22:38.675+0800][20.294s][info][gc,heap     ] GC(196)   Reserve:       62M (24%)          62M (24%)          62M (24%)          62M (24%)          62M (24%)          62M (24%)    
[2026-06-17T10:22:38.675+0800][20.294s][info][gc,heap     ] GC(196)      Free:       82M (32%)          44M (17%)          72M (28%)         144M (56%)         144M (56%)          44M (17%)    
[2026-06-17T10:22:38.675+0800][20.294s][info][gc,heap     ] GC(196)      Used:      112M (44%)         150M (59%)         122M (48%)          50M (20%)         150M (59%)          50M (20%)    
[2026-06-17T10:22:38.675+0800][20.294s][info][gc,heap     ] GC(196)      Live:         -                24M (10%)          24M (10%)          24M (10%)            -                  -          
[2026-06-17T10:22:38.675+0800][20.294s][info][gc,heap     ] GC(196) Allocated:         -                38M (15%)          38M (15%)          46M (18%)            -                  -          
[2026-06-17T10:22:38.675+0800][20.294s][info][gc,heap     ] GC(196)   Garbage:         -                87M (34%)          59M (23%)    17592186044403M (6         -                  -          
[2026-06-17T10:22:38.675+0800][20.294s][info][gc,heap     ] GC(196) Reclaimed:         -                  -                28M (11%)         100M (39%)            -                  -          
[2026-06-17T10:22:38.675+0800][20.294s][info][gc          ] GC(196) Garbage Collection (Allocation Rate) 112M(44%)->50M(20%)
[2026-06-17T10:22:38.763+0800][20.382s][info][gc,start    ] GC(197) Garbage Collection (Allocation Rate)
[2026-06-17T10:22:38.764+0800][20.383s][info][gc,phases   ] GC(197) Pause Mark Start 0.162ms
[2026-06-17T10:22:38.766+0800][20.385s][info][gc,phases   ] GC(197) Concurrent Mark 1.432ms
[2026-06-17T10:22:38.767+0800][20.386s][info][gc,phases   ] GC(197) Pause Mark End 0.266ms
[2026-06-17T10:22:38.769+0800][20.388s][info][gc,phases   ] GC(197) Concurrent Process Non-Strong References 0.169ms
[2026-06-17T10:22:38.771+0800][20.390s][info][gc,phases   ] GC(197) Concurrent Reset Relocation Set 0.003ms
[2026-06-17T10:22:38.773+0800][20.392s][info][gc,phases   ] GC(197) Concurrent Destroy Detached Pages 0.001ms
[2026-06-17T10:22:38.776+0800][20.395s][info][gc,phases   ] GC(197) Concurrent Select Relocation Set 0.510ms
[2026-06-17T10:22:38.779+0800][20.398s][info][gc,phases   ] GC(197) Concurrent Prepare Relocation Set 0.016ms
[2026-06-17T10:22:38.782+0800][20.400s][info][gc,phases   ] GC(197) Pause Relocate Start 0.187ms
[2026-06-17T10:22:38.785+0800][20.404s][info][gc,phases   ] GC(197) Concurrent Relocate 0.608ms
[2026-06-17T10:22:38.787+0800][20.405s][info][gc,load     ] GC(197) Load: 0.20/0.20/0.28
[2026-06-17T10:22:38.788+0800][20.407s][info][gc,mmu      ] GC(197) MMU: 2ms/0.0%, 5ms/43.3%, 10ms/66.9%, 20ms/83.5%, 50ms/93.4%, 100ms/96.6%
[2026-06-17T10:22:38.789+0800][20.408s][info][gc,marking  ] GC(197) Mark: 2 stripe(s), 1 proactive flush(es), 1 terminate flush(es), 0 completion(s), 0 continuation(s) 
[2026-06-17T10:22:38.790+0800][20.408s][info][gc,reloc    ] GC(197) Relocation: Successful, 23M relocated
[2026-06-17T10:22:38.790+0800][20.409s][info][gc,nmethod  ] GC(197) NMethods: 23 registered, 0 unregistered
[2026-06-17T10:22:38.790+0800][20.409s][info][gc,metaspace] GC(197) Metaspace: 3M used, 4M capacity, 4M committed, 8M reserved
[2026-06-17T10:22:38.790+0800][20.409s][info][gc,ref      ] GC(197) Soft: 43 encountered, 0 discovered, 0 enqueued
[2026-06-17T10:22:38.791+0800][20.409s][info][gc,ref      ] GC(197) Weak: 7 encountered, 2 discovered, 0 enqueued
[2026-06-17T10:22:38.791+0800][20.409s][info][gc,ref      ] GC(197) Final: 0 encountered, 0 discovered, 0 enqueued
[2026-06-17T10:22:38.791+0800][20.410s][info][gc,ref      ] GC(197) Phantom: 1 encountered, 1 discovered, 0 enqueued
[2026-06-17T10:22:38.791+0800][20.410s][info][gc,heap     ] GC(197)                Mark Start          Mark End        Relocate Start      Relocate End           High               Low         
[2026-06-17T10:22:38.791+0800][20.410s][info][gc,heap     ] GC(197)  Capacity:      256M (100%)        256M (100%)        256M (100%)        256M (100%)        256M (100%)        256M (100%)   
[2026-06-17T10:22:38.791+0800][20.410s][info][gc,heap     ] GC(197)   Reserve:       62M (24%)          62M (24%)          62M (24%)          62M (24%)          62M (24%)          62M (24%)    
[2026-06-17T10:22:38.791+0800][20.410s][info][gc,heap     ] GC(197)      Free:      112M (44%)         112M (44%)         134M (52%)         144M (56%)         144M (56%)         108M (42%)    
[2026-06-17T10:22:38.792+0800][20.410s][info][gc,heap     ] GC(197)      Used:       82M (32%)          82M (32%)          60M (23%)          50M (20%)          86M (34%)          50M (20%)    
[2026-06-17T10:22:38.792+0800][20.410s][info][gc,heap     ] GC(197)      Live:         -                23M (9%)           23M (9%)           23M (9%)             -                  -          
[2026-06-17T10:22:38.792+0800][20.411s][info][gc,heap     ] GC(197) Allocated:         -                 0M (0%)            8M (3%)           14M (5%)             -                  -          
[2026-06-17T10:22:38.792+0800][20.411s][info][gc,heap     ] GC(197)   Garbage:         -                58M (23%)          28M (11%)          18M (7%)             -                  -          
[2026-06-17T10:22:38.792+0800][20.411s][info][gc,heap     ] GC(197) Reclaimed:         -                  -                30M (12%)          40M (16%)            -                  -          
[2026-06-17T10:22:38.792+0800][20.411s][info][gc          ] GC(197) Garbage Collection (Allocation Rate) 82M(32%)->50M(20%)
[2026-06-17T10:22:38.863+0800][20.482s][info][gc,start    ] GC(198) Garbage Collection (Allocation Rate)
[2026-06-17T10:22:38.865+0800][20.484s][info][gc,phases   ] GC(198) Pause Mark Start 0.211ms
[2026-06-17T10:22:38.868+0800][20.487s][info][gc,phases   ] GC(198) Concurrent Mark 1.510ms
[2026-06-17T10:22:38.871+0800][20.489s][info][gc,phases   ] GC(198) Pause Mark End 0.334ms
[2026-06-17T10:22:38.871+0800][20.490s][info][gc,phases   ] GC(198) Concurrent Process Non-Strong References 0.144ms
[2026-06-17T10:22:38.872+0800][20.491s][info][gc,phases   ] GC(198) Concurrent Reset Relocation Set 0.004ms
[2026-06-17T10:22:38.874+0800][20.493s][info][gc,phases   ] GC(198) Concurrent Destroy Detached Pages 0.002ms
[2026-06-17T10:22:38.877+0800][20.495s][info][gc,phases   ] GC(198) Concurrent Select Relocation Set 0.472ms
[2026-06-17T10:22:38.879+0800][20.497s][info][gc,phases   ] GC(198) Concurrent Prepare Relocation Set 0.015ms
[2026-06-17T10:22:38.880+0800][20.499s][info][gc,phases   ] GC(198) Pause Relocate Start 0.153ms
[2026-06-17T10:22:38.885+0800][20.504s][info][gc,phases   ] GC(198) Concurrent Relocate 1.581ms
[2026-06-17T10:22:38.887+0800][20.506s][info][gc,load     ] GC(198) Load: 0.20/0.20/0.28
[2026-06-17T10:22:38.887+0800][20.506s][info][gc,mmu      ] GC(198) MMU: 2ms/0.0%, 5ms/43.3%, 10ms/66.9%, 20ms/83.5%, 50ms/93.4%, 100ms/96.6%
[2026-06-17T10:22:38.888+0800][20.506s][info][gc,marking  ] GC(198) Mark: 2 stripe(s), 1 proactive flush(es), 1 terminate flush(es), 0 completion(s), 0 continuation(s) 
[2026-06-17T10:22:38.888+0800][20.506s][info][gc,reloc    ] GC(198) Relocation: Successful, 20M relocated
[2026-06-17T10:22:38.888+0800][20.507s][info][gc,nmethod  ] GC(198) NMethods: 23 registered, 0 unregistered
[2026-06-17T10:22:38.888+0800][20.507s][info][gc,metaspace] GC(198) Metaspace: 3M used, 4M capacity, 4M committed, 8M reserved
[2026-06-17T10:22:38.888+0800][20.507s][info][gc,ref      ] GC(198) Soft: 43 encountered, 0 discovered, 0 enqueued
[2026-06-17T10:22:38.888+0800][20.507s][info][gc,ref      ] GC(198) Weak: 7 encountered, 2 discovered, 0 enqueued
[2026-06-17T10:22:38.889+0800][20.507s][info][gc,ref      ] GC(198) Final: 0 encountered, 0 discovered, 0 enqueued
[2026-06-17T10:22:38.889+0800][20.508s][info][gc,ref      ] GC(198) Phantom: 1 encountered, 1 discovered, 0 enqueued
[2026-06-17T10:22:38.889+0800][20.508s][info][gc,heap     ] GC(198)                Mark Start          Mark End        Relocate Start      Relocate End           High               Low         
[2026-06-17T10:22:38.889+0800][20.508s][info][gc,heap     ] GC(198)  Capacity:      256M (100%)        256M (100%)        256M (100%)        256M (100%)        256M (100%)        256M (100%)   
[2026-06-17T10:22:38.889+0800][20.508s][info][gc,heap     ] GC(198)   Reserve:       62M (24%)          62M (24%)          62M (24%)          62M (24%)          62M (24%)          62M (24%)    
[2026-06-17T10:22:38.890+0800][20.508s][info][gc,heap     ] GC(198)      Free:       84M (33%)          80M (31%)         108M (42%)         146M (57%)         146M (57%)          70M (27%)    
[2026-06-17T10:22:38.890+0800][20.509s][info][gc,heap     ] GC(198)      Used:      110M (43%)         114M (45%)          86M (34%)          48M (19%)         124M (48%)          48M (19%)    
[2026-06-17T10:22:38.890+0800][20.509s][info][gc,heap     ] GC(198)      Live:         -                20M (8%)           20M (8%)           20M (8%)             -                  -          
[2026-06-17T10:22:38.890+0800][20.509s][info][gc,heap     ] GC(198) Allocated:         -                 4M (2%)            8M (3%)           48M (19%)            -                  -          
[2026-06-17T10:22:38.891+0800][20.509s][info][gc,heap     ] GC(198)   Garbage:         -                89M (35%)          57M (23%)          19M (8%)             -                  -          
[2026-06-17T10:22:38.891+0800][20.509s][info][gc,heap     ] GC(198) Reclaimed:         -                  -                32M (12%)          70M (27%)            -                  -          
[2026-06-17T10:22:38.891+0800][20.510s][info][gc          ] GC(198) Garbage Collection (Allocation Rate) 110M(43%)->48M(19%)
[2026-06-17T10:22:38.963+0800][20.582s][info][gc,start    ] GC(199) Garbage Collection (Allocation Rate)
[2026-06-17T10:22:38.964+0800][20.583s][info][gc,phases   ] GC(199) Pause Mark Start 0.221ms
[2026-06-17T10:22:38.967+0800][20.585s][info][gc,phases   ] GC(199) Concurrent Mark 1.820ms
[2026-06-17T10:22:38.968+0800][20.586s][info][gc,phases   ] GC(199) Pause Mark End 0.368ms
[2026-06-17T10:22:38.968+0800][20.587s][info][gc,phases   ] GC(199) Concurrent Process Non-Strong References 0.265ms
[2026-06-17T10:22:38.969+0800][20.587s][info][gc,phases   ] GC(199) Concurrent Reset Relocation Set 0.004ms
[2026-06-17T10:22:38.969+0800][20.588s][info][gc,phases   ] GC(199) Concurrent Destroy Detached Pages 0.002ms
[2026-06-17T10:22:38.970+0800][20.589s][info][gc,phases   ] GC(199) Concurrent Select Relocation Set 0.595ms
[2026-06-17T10:22:38.970+0800][20.589s][info][gc,phases   ] GC(199) Concurrent Prepare Relocation Set 0.003ms
[2026-06-17T10:22:38.971+0800][20.590s][info][gc,phases   ] GC(199) Pause Relocate Start 0.145ms
[2026-06-17T10:22:38.971+0800][20.590s][info][gc,phases   ] GC(199) Concurrent Relocate 0.235ms
[2026-06-17T10:22:38.972+0800][20.590s][info][gc,load     ] GC(199) Load: 0.20/0.20/0.28
[2026-06-17T10:22:38.972+0800][20.591s][info][gc,mmu      ] GC(199) MMU: 2ms/0.0%, 5ms/43.3%, 10ms/66.9%, 20ms/83.5%, 50ms/93.4%, 100ms/96.6%
[2026-06-17T10:22:38.972+0800][20.591s][info][gc,marking  ] GC(199) Mark: 2 stripe(s), 1 proactive flush(es), 1 terminate flush(es), 0 completion(s), 0 continuation(s) 
[2026-06-17T10:22:38.972+0800][20.591s][info][gc,reloc    ] GC(199) Relocation: Successful, 22M relocated
[2026-06-17T10:22:38.972+0800][20.591s][info][gc,nmethod  ] GC(199) NMethods: 23 registered, 0 unregistered
[2026-06-17T10:22:38.972+0800][20.591s][info][gc,metaspace] GC(199) Metaspace: 3M used, 4M capacity, 4M committed, 8M reserved
[2026-06-17T10:22:38.973+0800][20.591s][info][gc,ref      ] GC(199) Soft: 43 encountered, 0 discovered, 0 enqueued
[2026-06-17T10:22:38.973+0800][20.592s][info][gc,ref      ] GC(199) Weak: 7 encountered, 0 discovered, 0 enqueued
[2026-06-17T10:22:38.973+0800][20.592s][info][gc,ref      ] GC(199) Final: 0 encountered, 0 discovered, 0 enqueued
[2026-06-17T10:22:38.973+0800][20.592s][info][gc,ref      ] GC(199) Phantom: 1 encountered, 0 discovered, 0 enqueued
[2026-06-17T10:22:38.973+0800][20.592s][info][gc,heap     ] GC(199)                Mark Start          Mark End        Relocate Start      Relocate End           High               Low         
[2026-06-17T10:22:38.973+0800][20.592s][info][gc,heap     ] GC(199)  Capacity:      256M (100%)        256M (100%)        256M (100%)        256M (100%)        256M (100%)        256M (100%)   
[2026-06-17T10:22:38.974+0800][20.592s][info][gc,heap     ] GC(199)   Reserve:       62M (24%)          62M (24%)          62M (24%)          62M (24%)          62M (24%)          62M (24%)    
[2026-06-17T10:22:38.974+0800][20.592s][info][gc,heap     ] GC(199)      Free:      114M (45%)         114M (45%)         146M (57%)         152M (59%)         152M (59%)         114M (45%)    
[2026-06-17T10:22:38.974+0800][20.592s][info][gc,heap     ] GC(199)      Used:       80M (31%)          80M (31%)          48M (19%)          42M (16%)          80M (31%)          42M (16%)    
[2026-06-17T10:22:38.974+0800][20.593s][info][gc,heap     ] GC(199)      Live:         -                26M (10%)          26M (10%)          26M (10%)            -                  -          
[2026-06-17T10:22:38.974+0800][20.593s][info][gc,heap     ] GC(199) Allocated:         -                 0M (0%)            0M (0%)            6M (2%)             -                  -          
[2026-06-17T10:22:38.974+0800][20.593s][info][gc,heap     ] GC(199)   Garbage:         -                53M (21%)          21M (8%)           15M (6%)             -                  -          
[2026-06-17T10:22:38.974+0800][20.593s][info][gc,heap     ] GC(199) Reclaimed:         -                  -                32M (12%)          38M (15%)            -                  -          
[2026-06-17T10:22:38.974+0800][20.593s][info][gc          ] GC(199) Garbage Collection (Allocation Rate) 80M(31%)->42M(16%)
[2026-06-17T10:22:39.064+0800][20.682s][info][gc,start    ] GC(200) Garbage Collection (Allocation Rate)
[2026-06-17T10:22:39.066+0800][20.684s][info][gc,phases   ] GC(200) Pause Mark Start 0.389ms
[2026-06-17T10:22:39.068+0800][20.687s][info][gc,phases   ] GC(200) Concurrent Mark 1.503ms
[2026-06-17T10:22:39.070+0800][20.689s][info][gc,phases   ] GC(200) Pause Mark End 0.311ms
[2026-06-17T10:22:39.071+0800][20.690s][info][gc,phases   ] GC(200) Concurrent Process Non-Strong References 0.086ms
[2026-06-17T10:22:39.072+0800][20.690s][info][gc,phases   ] GC(200) Concurrent Reset Relocation Set 0.003ms
[2026-06-17T10:22:39.072+0800][20.691s][info][gc,phases   ] GC(200) Concurrent Destroy Detached Pages 0.001ms
[2026-06-17T10:22:39.073+0800][20.692s][info][gc,phases   ] GC(200) Concurrent Select Relocation Set 0.584ms
[2026-06-17T10:22:39.073+0800][20.692s][info][gc,phases   ] GC(200) Concurrent Prepare Relocation Set 0.011ms
[2026-06-17T10:22:39.074+0800][20.692s][info][gc,phases   ] GC(200) Pause Relocate Start 0.164ms
[2026-06-17T10:22:39.076+0800][20.694s][info][gc,phases   ] GC(200) Concurrent Relocate 1.570ms
[2026-06-17T10:22:39.076+0800][20.695s][info][gc,load     ] GC(200) Load: 0.20/0.20/0.28
[2026-06-17T10:22:39.076+0800][20.695s][info][gc,mmu      ] GC(200) MMU: 2ms/0.0%, 5ms/43.3%, 10ms/66.9%, 20ms/83.5%, 50ms/93.4%, 100ms/96.6%
[2026-06-17T10:22:39.076+0800][20.695s][info][gc,marking  ] GC(200) Mark: 2 stripe(s), 1 proactive flush(es), 1 terminate flush(es), 0 completion(s), 0 continuation(s) 
[2026-06-17T10:22:39.076+0800][20.695s][info][gc,reloc    ] GC(200) Relocation: Successful, 23M relocated
[2026-06-17T10:22:39.077+0800][20.695s][info][gc,nmethod  ] GC(200) NMethods: 23 registered, 0 unregistered
[2026-06-17T10:22:39.077+0800][20.695s][info][gc,metaspace] GC(200) Metaspace: 3M used, 4M capacity, 4M committed, 8M reserved
[2026-06-17T10:22:39.077+0800][20.696s][info][gc,ref      ] GC(200) Soft: 43 encountered, 0 discovered, 0 enqueued
[2026-06-17T10:22:39.077+0800][20.696s][info][gc,ref      ] GC(200) Weak: 7 encountered, 2 discovered, 0 enqueued
[2026-06-17T10:22:39.077+0800][20.696s][info][gc,ref      ] GC(200) Final: 0 encountered, 0 discovered, 0 enqueued
[2026-06-17T10:22:39.078+0800][20.696s][info][gc,ref      ] GC(200) Phantom: 1 encountered, 1 discovered, 0 enqueued
[2026-06-17T10:22:39.078+0800][20.697s][info][gc,heap     ] GC(200)                Mark Start          Mark End        Relocate Start      Relocate End           High               Low         
[2026-06-17T10:22:39.078+0800][20.697s][info][gc,heap     ] GC(200)  Capacity:      256M (100%)        256M (100%)        256M (100%)        256M (100%)        256M (100%)        256M (100%)   
[2026-06-17T10:22:39.078+0800][20.697s][info][gc,heap     ] GC(200)   Reserve:       62M (24%)          62M (24%)          62M (24%)          62M (24%)          62M (24%)          62M (24%)    
[2026-06-17T10:22:39.079+0800][20.697s][info][gc,heap     ] GC(200)      Free:       84M (33%)          80M (31%)         108M (42%)         146M (57%)         146M (57%)          70M (27%)    
[2026-06-17T10:22:39.079+0800][20.697s][info][gc,heap     ] GC(200)      Used:      110M (43%)         114M (45%)          86M (34%)          48M (19%)         124M (48%)          48M (19%)    
[2026-06-17T10:22:39.079+0800][20.698s][info][gc,heap     ] GC(200)      Live:         -                23M (9%)           23M (9%)           23M (9%)             -                  -          
[2026-06-17T10:22:39.079+0800][20.698s][info][gc,heap     ] GC(200) Allocated:         -                 4M (2%)            4M (2%)           46M (18%)            -                  -          
[2026-06-17T10:22:39.079+0800][20.698s][info][gc,heap     ] GC(200)   Garbage:         -                86M (34%)          58M (23%)          20M (8%)             -                  -          
[2026-06-17T10:22:39.079+0800][20.698s][info][gc,heap     ] GC(200) Reclaimed:         -                  -                28M (11%)          66M (26%)            -                  -          
[2026-06-17T10:22:39.079+0800][20.698s][info][gc          ] GC(200) Garbage Collection (Allocation Rate) 110M(43%)->48M(19%)
[2026-06-17T10:22:39.163+0800][20.781s][info][gc,start    ] GC(201) Garbage Collection (Allocation Rate)
[2026-06-17T10:22:39.163+0800][20.782s][info][gc,phases   ] GC(201) Pause Mark Start 0.200ms
[2026-06-17T10:22:39.166+0800][20.784s][info][gc,phases   ] GC(201) Concurrent Mark 1.500ms
[2026-06-17T10:22:39.166+0800][20.785s][info][gc,phases   ] GC(201) Pause Mark End 0.292ms
[2026-06-17T10:22:39.167+0800][20.786s][info][gc,phases   ] GC(201) Concurrent Process Non-Strong References 0.111ms
[2026-06-17T10:22:39.167+0800][20.786s][info][gc,phases   ] GC(201) Concurrent Reset Relocation Set 0.003ms
[2026-06-17T10:22:39.167+0800][20.786s][info][gc,phases   ] GC(201) Concurrent Destroy Detached Pages 0.001ms
[2026-06-17T10:22:39.168+0800][20.787s][info][gc,phases   ] GC(201) Concurrent Select Relocation Set 0.523ms
[2026-06-17T10:22:39.169+0800][20.787s][info][gc,phases   ] GC(201) Concurrent Prepare Relocation Set 0.002ms
[2026-06-17T10:22:39.170+0800][20.788s][info][gc,phases   ] GC(201) Pause Relocate Start 0.178ms
[2026-06-17T10:22:39.170+0800][20.789s][info][gc,phases   ] GC(201) Concurrent Relocate 0.327ms
[2026-06-17T10:22:39.170+0800][20.789s][info][gc,load     ] GC(201) Load: 0.20/0.20/0.28
[2026-06-17T10:22:39.171+0800][20.789s][info][gc,mmu      ] GC(201) MMU: 2ms/0.0%, 5ms/43.3%, 10ms/66.9%, 20ms/83.5%, 50ms/93.4%, 100ms/96.6%
[2026-06-17T10:22:39.171+0800][20.790s][info][gc,marking  ] GC(201) Mark: 2 stripe(s), 1 proactive flush(es), 1 terminate flush(es), 0 completion(s), 0 continuation(s) 
[2026-06-17T10:22:39.171+0800][20.790s][info][gc,reloc    ] GC(201) Relocation: Successful, 25M relocated
[2026-06-17T10:22:39.171+0800][20.790s][info][gc,nmethod  ] GC(201) NMethods: 23 registered, 0 unregistered
[2026-06-17T10:22:39.171+0800][20.790s][info][gc,metaspace] GC(201) Metaspace: 3M used, 4M capacity, 4M committed, 8M reserved
[2026-06-17T10:22:39.172+0800][20.790s][info][gc,ref      ] GC(201) Soft: 43 encountered, 0 discovered, 0 enqueued
[2026-06-17T10:22:39.172+0800][20.790s][info][gc,ref      ] GC(201) Weak: 7 encountered, 2 discovered, 0 enqueued
[2026-06-17T10:22:39.172+0800][20.791s][info][gc,ref      ] GC(201) Final: 0 encountered, 0 discovered, 0 enqueued
[2026-06-17T10:22:39.172+0800][20.791s][info][gc,ref      ] GC(201) Phantom: 1 encountered, 1 discovered, 0 enqueued
[2026-06-17T10:22:39.172+0800][20.791s][info][gc,heap     ] GC(201)                Mark Start          Mark End        Relocate Start      Relocate End           High               Low         
[2026-06-17T10:22:39.172+0800][20.791s][info][gc,heap     ] GC(201)  Capacity:      256M (100%)        256M (100%)        256M (100%)        256M (100%)        256M (100%)        256M (100%)   
[2026-06-17T10:22:39.173+0800][20.791s][info][gc,heap     ] GC(201)   Reserve:       62M (24%)          62M (24%)          62M (24%)          62M (24%)          62M (24%)          62M (24%)    
[2026-06-17T10:22:39.173+0800][20.791s][info][gc,heap     ] GC(201)      Free:      110M (43%)         110M (43%)         138M (54%)         150M (59%)         150M (59%)         110M (43%)    
[2026-06-17T10:22:39.173+0800][20.791s][info][gc,heap     ] GC(201)      Used:       84M (33%)          84M (33%)          56M (22%)          44M (17%)          84M (33%)          44M (17%)    
[2026-06-17T10:22:39.173+0800][20.792s][info][gc,heap     ] GC(201)      Live:         -                28M (11%)          28M (11%)          28M (11%)            -                  -          
[2026-06-17T10:22:39.173+0800][20.792s][info][gc,heap     ] GC(201) Allocated:         -                 0M (0%)            0M (0%)            8M (3%)             -                  -          
[2026-06-17T10:22:39.173+0800][20.792s][info][gc,heap     ] GC(201)   Garbage:         -                55M (22%)          27M (11%)          15M (6%)             -                  -          
[2026-06-17T10:22:39.173+0800][20.792s][info][gc,heap     ] GC(201) Reclaimed:         -                  -                28M (11%)          40M (16%)            -                  -          
[2026-06-17T10:22:39.173+0800][20.792s][info][gc          ] GC(201) Garbage Collection (Allocation Rate) 84M(33%)->44M(17%)
[2026-06-17T10:22:39.263+0800][20.882s][info][gc,start    ] GC(202) Garbage Collection (Allocation Rate)
[2026-06-17T10:22:39.264+0800][20.883s][info][gc,phases   ] GC(202) Pause Mark Start 0.207ms
[2026-06-17T10:22:39.266+0800][20.885s][info][gc,phases   ] GC(202) Concurrent Mark 1.471ms
[2026-06-17T10:22:39.267+0800][20.886s][info][gc,phases   ] GC(202) Pause Mark End 0.324ms
[2026-06-17T10:22:39.267+0800][20.886s][info][gc,phases   ] GC(202) Concurrent Process Non-Strong References 0.075ms
[2026-06-17T10:22:39.268+0800][20.886s][info][gc,phases   ] GC(202) Concurrent Reset Relocation Set 0.004ms
[2026-06-17T10:22:39.268+0800][20.887s][info][gc,phases   ] GC(202) Concurrent Destroy Detached Pages 0.001ms
[2026-06-17T10:22:39.269+0800][20.888s][info][gc,phases   ] GC(202) Concurrent Select Relocation Set 0.598ms
[2026-06-17T10:22:39.269+0800][20.888s][info][gc,phases   ] GC(202) Concurrent Prepare Relocation Set 0.010ms
[2026-06-17T10:22:39.270+0800][20.889s][info][gc,phases   ] GC(202) Pause Relocate Start 0.162ms
[2026-06-17T10:22:39.272+0800][20.891s][info][gc,phases   ] GC(202) Concurrent Relocate 1.891ms
[2026-06-17T10:22:39.272+0800][20.891s][info][gc,load     ] GC(202) Load: 0.20/0.20/0.28
[2026-06-17T10:22:39.273+0800][20.891s][info][gc,mmu      ] GC(202) MMU: 2ms/0.0%, 5ms/43.3%, 10ms/66.9%, 20ms/83.5%, 50ms/93.4%, 100ms/96.6%
[2026-06-17T10:22:39.273+0800][20.892s][info][gc,marking  ] GC(202) Mark: 2 stripe(s), 1 proactive flush(es), 1 terminate flush(es), 0 completion(s), 0 continuation(s) 
[2026-06-17T10:22:39.273+0800][20.892s][info][gc,reloc    ] GC(202) Relocation: Successful, 24M relocated
[2026-06-17T10:22:39.273+0800][20.892s][info][gc,nmethod  ] GC(202) NMethods: 23 registered, 0 unregistered
[2026-06-17T10:22:39.274+0800][20.892s][info][gc,metaspace] GC(202) Metaspace: 3M used, 4M capacity, 4M committed, 8M reserved
[2026-06-17T10:22:39.274+0800][20.892s][info][gc,ref      ] GC(202) Soft: 43 encountered, 0 discovered, 0 enqueued
[2026-06-17T10:22:39.274+0800][20.893s][info][gc,ref      ] GC(202) Weak: 7 encountered, 0 discovered, 0 enqueued
[2026-06-17T10:22:39.274+0800][20.893s][info][gc,ref      ] GC(202) Final: 0 encountered, 0 discovered, 0 enqueued
[2026-06-17T10:22:39.274+0800][20.893s][info][gc,ref      ] GC(202) Phantom: 1 encountered, 1 discovered, 0 enqueued
[2026-06-17T10:22:39.275+0800][20.893s][info][gc,heap     ] GC(202)                Mark Start          Mark End        Relocate Start      Relocate End           High               Low         
[2026-06-17T10:22:39.275+0800][20.894s][info][gc,heap     ] GC(202)  Capacity:      256M (100%)        256M (100%)        256M (100%)        256M (100%)        256M (100%)        256M (100%)   
[2026-06-17T10:22:39.275+0800][20.894s][info][gc,heap     ] GC(202)   Reserve:       62M (24%)          62M (24%)          62M (24%)          62M (24%)          62M (24%)          62M (24%)    
[2026-06-17T10:22:39.275+0800][20.894s][info][gc,heap     ] GC(202)      Free:       82M (32%)          82M (32%)          72M (28%)         146M (57%)         146M (57%)          46M (18%)    
[2026-06-17T10:22:39.275+0800][20.894s][info][gc,heap     ] GC(202)      Used:      112M (44%)         112M (44%)         122M (48%)          48M (19%)         148M (58%)          48M (19%)    
[2026-06-17T10:22:39.275+0800][20.894s][info][gc,heap     ] GC(202)      Live:         -                24M (10%)          24M (10%)          24M (10%)            -                  -          
[2026-06-17T10:22:39.275+0800][20.894s][info][gc,heap     ] GC(202) Allocated:         -                 0M (0%)           36M (14%)          44M (17%)            -                  -          
[2026-06-17T10:22:39.275+0800][20.894s][info][gc,heap     ] GC(202)   Garbage:         -                87M (34%)          61M (24%)    17592186044403M (6         -                  -          
[2026-06-17T10:22:39.275+0800][20.894s][info][gc,heap     ] GC(202) Reclaimed:         -                  -                26M (10%)         100M (39%)            -                  -          
[2026-06-17T10:22:39.276+0800][20.894s][info][gc          ] GC(202) Garbage Collection (Allocation Rate) 112M(44%)->48M(19%)
[2026-06-17T10:22:39.363+0800][20.982s][info][gc,start    ] GC(203) Garbage Collection (Allocation Rate)
[2026-06-17T10:22:39.364+0800][20.983s][info][gc,phases   ] GC(203) Pause Mark Start 0.242ms
[2026-06-17T10:22:39.367+0800][20.985s][info][gc,phases   ] GC(203) Concurrent Mark 1.823ms
[2026-06-17T10:22:39.367+0800][20.986s][info][gc,phases   ] GC(203) Pause Mark End 0.359ms
[2026-06-17T10:22:39.368+0800][20.987s][info][gc,phases   ] GC(203) Concurrent Process Non-Strong References 0.196ms
[2026-06-17T10:22:39.368+0800][20.987s][info][gc,phases   ] GC(203) Concurrent Reset Relocation Set 0.006ms
[2026-06-17T10:22:39.369+0800][20.988s][info][gc,phases   ] GC(203) Concurrent Destroy Detached Pages 0.001ms
[2026-06-17T10:22:39.370+0800][20.989s][info][gc,phases   ] GC(203) Concurrent Select Relocation Set 0.652ms
[2026-06-17T10:22:39.370+0800][20.989s][info][gc,phases   ] GC(203) Concurrent Prepare Relocation Set 0.016ms
[2026-06-17T10:22:39.371+0800][20.990s][info][gc,phases   ] GC(203) Pause Relocate Start 0.182ms
[2026-06-17T10:22:39.372+0800][20.990s][info][gc,phases   ] GC(203) Concurrent Relocate 0.399ms
[2026-06-17T10:22:39.372+0800][20.991s][info][gc,load     ] GC(203) Load: 0.20/0.20/0.28
[2026-06-17T10:22:39.372+0800][20.991s][info][gc,mmu      ] GC(203) MMU: 2ms/0.0%, 5ms/43.3%, 10ms/66.9%, 20ms/83.5%, 50ms/93.4%, 100ms/96.6%
[2026-06-17T10:22:39.372+0800][20.991s][info][gc,marking  ] GC(203) Mark: 2 stripe(s), 1 proactive flush(es), 1 terminate flush(es), 0 completion(s), 0 continuation(s) 
[2026-06-17T10:22:39.372+0800][20.991s][info][gc,reloc    ] GC(203) Relocation: Successful, 21M relocated
[2026-06-17T10:22:39.373+0800][20.991s][info][gc,nmethod  ] GC(203) NMethods: 23 registered, 0 unregistered
[2026-06-17T10:22:39.373+0800][20.991s][info][gc,metaspace] GC(203) Metaspace: 3M used, 4M capacity, 4M committed, 8M reserved
[2026-06-17T10:22:39.373+0800][20.992s][info][gc,ref      ] GC(203) Soft: 43 encountered, 0 discovered, 0 enqueued
[2026-06-17T10:22:39.373+0800][20.992s][info][gc,ref      ] GC(203) Weak: 7 encountered, 2 discovered, 0 enqueued
[2026-06-17T10:22:39.373+0800][20.992s][info][gc,ref      ] GC(203) Final: 0 encountered, 0 discovered, 0 enqueued
[2026-06-17T10:22:39.373+0800][20.992s][info][gc,ref      ] GC(203) Phantom: 1 encountered, 1 discovered, 0 enqueued
[2026-06-17T10:22:39.374+0800][20.992s][info][gc,heap     ] GC(203)                Mark Start          Mark End        Relocate Start      Relocate End           High               Low         
[2026-06-17T10:22:39.374+0800][20.993s][info][gc,heap     ] GC(203)  Capacity:      256M (100%)        256M (100%)        256M (100%)        256M (100%)        256M (100%)        256M (100%)   
[2026-06-17T10:22:39.374+0800][20.993s][info][gc,heap     ] GC(203)   Reserve:       62M (24%)          62M (24%)          62M (24%)          62M (24%)          62M (24%)          62M (24%)    
[2026-06-17T10:22:39.374+0800][20.993s][info][gc,heap     ] GC(203)      Free:      110M (43%)         110M (43%)         142M (55%)         152M (59%)         152M (59%)         110M (43%)    
[2026-06-17T10:22:39.374+0800][20.993s][info][gc,heap     ] GC(203)      Used:       84M (33%)          84M (33%)          52M (20%)          42M (16%)          84M (33%)          42M (16%)    
[2026-06-17T10:22:39.375+0800][20.993s][info][gc,heap     ] GC(203)      Live:         -                23M (9%)           23M (9%)           23M (9%)             -                  -          
[2026-06-17T10:22:39.375+0800][20.994s][info][gc,heap     ] GC(203) Allocated:         -                 0M (0%)            0M (0%)            6M (2%)             -                  -          
[2026-06-17T10:22:39.375+0800][20.994s][info][gc,heap     ] GC(203)   Garbage:         -                60M (23%)          28M (11%)          18M (7%)             -                  -          
[2026-06-17T10:22:39.375+0800][20.994s][info][gc,heap     ] GC(203) Reclaimed:         -                  -                32M (12%)          42M (16%)            -                  -          
[2026-06-17T10:22:39.375+0800][20.994s][info][gc          ] GC(203) Garbage Collection (Allocation Rate) 84M(33%)->42M(16%)
[2026-06-17T10:22:39.463+0800][21.082s][info][gc,start    ] GC(204) Garbage Collection (Allocation Rate)
[2026-06-17T10:22:39.464+0800][21.083s][info][gc,phases   ] GC(204) Pause Mark Start 0.187ms
[2026-06-17T10:22:39.466+0800][21.085s][info][gc,phases   ] GC(204) Concurrent Mark 1.663ms
[2026-06-17T10:22:39.467+0800][21.086s][info][gc,phases   ] GC(204) Pause Mark End 0.283ms
[2026-06-17T10:22:39.468+0800][21.087s][info][gc,phases   ] GC(204) Concurrent Process Non-Strong References 0.121ms
[2026-06-17T10:22:39.468+0800][21.087s][info][gc,phases   ] GC(204) Concurrent Reset Relocation Set 0.002ms
[2026-06-17T10:22:39.468+0800][21.087s][info][gc,phases   ] GC(204) Concurrent Destroy Detached Pages 0.001ms
[2026-06-17T10:22:39.469+0800][21.088s][info][gc,phases   ] GC(204) Concurrent Select Relocation Set 0.548ms
[2026-06-17T10:22:39.469+0800][21.088s][info][gc,phases   ] GC(204) Concurrent Prepare Relocation Set 0.009ms
[2026-06-17T10:22:39.470+0800][21.089s][info][gc,phases   ] GC(204) Pause Relocate Start 0.137ms
[2026-06-17T10:22:39.472+0800][21.091s][info][gc,phases   ] GC(204) Concurrent Relocate 2.177ms
[2026-06-17T10:22:39.473+0800][21.091s][info][gc,load     ] GC(204) Load: 0.20/0.20/0.28
[2026-06-17T10:22:39.473+0800][21.092s][info][gc,mmu      ] GC(204) MMU: 2ms/0.0%, 5ms/43.3%, 10ms/66.9%, 20ms/83.5%, 50ms/93.4%, 100ms/96.6%
[2026-06-17T10:22:39.473+0800][21.092s][info][gc,marking  ] GC(204) Mark: 2 stripe(s), 1 proactive flush(es), 1 terminate flush(es), 0 completion(s), 0 continuation(s) 
[2026-06-17T10:22:39.473+0800][21.092s][info][gc,reloc    ] GC(204) Relocation: Successful, 26M relocated
[2026-06-17T10:22:39.474+0800][21.092s][info][gc,nmethod  ] GC(204) NMethods: 23 registered, 0 unregistered
[2026-06-17T10:22:39.474+0800][21.092s][info][gc,metaspace] GC(204) Metaspace: 3M used, 4M capacity, 4M committed, 8M reserved
[2026-06-17T10:22:39.474+0800][21.093s][info][gc,ref      ] GC(204) Soft: 43 encountered, 0 discovered, 0 enqueued
[2026-06-17T10:22:39.474+0800][21.093s][info][gc,ref      ] GC(204) Weak: 7 encountered, 0 discovered, 0 enqueued
[2026-06-17T10:22:39.474+0800][21.093s][info][gc,ref      ] GC(204) Final: 0 encountered, 0 discovered, 0 enqueued
[2026-06-17T10:22:39.474+0800][21.093s][info][gc,ref      ] GC(204) Phantom: 1 encountered, 0 discovered, 0 enqueued
[2026-06-17T10:22:39.475+0800][21.093s][info][gc,heap     ] GC(204)                Mark Start          Mark End        Relocate Start      Relocate End           High               Low         
[2026-06-17T10:22:39.475+0800][21.094s][info][gc,heap     ] GC(204)  Capacity:      256M (100%)        256M (100%)        256M (100%)        256M (100%)        256M (100%)        256M (100%)   
[2026-06-17T10:22:39.475+0800][21.094s][info][gc,heap     ] GC(204)   Reserve:       62M (24%)          62M (24%)          62M (24%)          62M (24%)          62M (24%)          62M (24%)    
[2026-06-17T10:22:39.475+0800][21.094s][info][gc,heap     ] GC(204)      Free:       84M (33%)          80M (31%)         108M (42%)         144M (56%)         144M (56%)          70M (27%)    
[2026-06-17T10:22:39.475+0800][21.094s][info][gc,heap     ] GC(204)      Used:      110M (43%)         114M (45%)          86M (34%)          50M (20%)         124M (48%)          50M (20%)    
[2026-06-17T10:22:39.475+0800][21.094s][info][gc,heap     ] GC(204)      Live:         -                29M (12%)          29M (12%)          29M (12%)            -                  -          
[2026-06-17T10:22:39.475+0800][21.094s][info][gc,heap     ] GC(204) Allocated:         -                 4M (2%)            4M (2%)           46M (18%)            -                  -          
[2026-06-17T10:22:39.476+0800][21.094s][info][gc,heap     ] GC(204)   Garbage:         -                80M (31%)          52M (20%)          16M (6%)             -                  -          
[2026-06-17T10:22:39.476+0800][21.094s][info][gc,heap     ] GC(204) Reclaimed:         -                  -                28M (11%)          64M (25%)            -                  -          
[2026-06-17T10:22:39.476+0800][21.094s][info][gc          ] GC(204) Garbage Collection (Allocation Rate) 110M(43%)->50M(20%)
[2026-06-17T10:22:39.562+0800][21.181s][info][gc,start    ] GC(205) Garbage Collection (Allocation Rate)
[2026-06-17T10:22:39.564+0800][21.182s][info][gc,phases   ] GC(205) Pause Mark Start 0.199ms
[2026-06-17T10:22:39.566+0800][21.185s][info][gc,phases   ] GC(205) Concurrent Mark 1.643ms
[2026-06-17T10:22:39.567+0800][21.186s][info][gc,phases   ] GC(205) Pause Mark End 0.356ms
[2026-06-17T10:22:39.567+0800][21.186s][info][gc,phases   ] GC(205) Concurrent Process Non-Strong References 0.114ms
[2026-06-17T10:22:39.568+0800][21.186s][info][gc,phases   ] GC(205) Concurrent Reset Relocation Set 0.003ms
[2026-06-17T10:22:39.568+0800][21.187s][info][gc,phases   ] GC(205) Concurrent Destroy Detached Pages 0.001ms
[2026-06-17T10:22:39.569+0800][21.188s][info][gc,phases   ] GC(205) Concurrent Select Relocation Set 0.722ms
[2026-06-17T10:22:39.569+0800][21.188s][info][gc,phases   ] GC(205) Concurrent Prepare Relocation Set 0.002ms
[2026-06-17T10:22:39.570+0800][21.189s][info][gc,phases   ] GC(205) Pause Relocate Start 0.161ms
[2026-06-17T10:22:39.570+0800][21.189s][info][gc,phases   ] GC(205) Concurrent Relocate 0.155ms
[2026-06-17T10:22:39.570+0800][21.189s][info][gc,load     ] GC(205) Load: 0.20/0.20/0.28
[2026-06-17T10:22:39.571+0800][21.190s][info][gc,mmu      ] GC(205) MMU: 2ms/0.0%, 5ms/43.3%, 10ms/66.9%, 20ms/83.5%, 50ms/93.4%, 100ms/96.6%
[2026-06-17T10:22:39.571+0800][21.190s][info][gc,marking  ] GC(205) Mark: 2 stripe(s), 1 proactive flush(es), 1 terminate flush(es), 0 completion(s), 0 continuation(s) 
[2026-06-17T10:22:39.571+0800][21.190s][info][gc,reloc    ] GC(205) Relocation: Successful, 19M relocated
[2026-06-17T10:22:39.571+0800][21.190s][info][gc,nmethod  ] GC(205) NMethods: 23 registered, 0 unregistered
[2026-06-17T10:22:39.572+0800][21.190s][info][gc,metaspace] GC(205) Metaspace: 3M used, 4M capacity, 4M committed, 8M reserved
[2026-06-17T10:22:39.572+0800][21.190s][info][gc,ref      ] GC(205) Soft: 43 encountered, 0 discovered, 0 enqueued
[2026-06-17T10:22:39.572+0800][21.191s][info][gc,ref      ] GC(205) Weak: 7 encountered, 2 discovered, 0 enqueued
[2026-06-17T10:22:39.572+0800][21.191s][info][gc,ref      ] GC(205) Final: 0 encountered, 0 discovered, 0 enqueued
[2026-06-17T10:22:39.572+0800][21.191s][info][gc,ref      ] GC(205) Phantom: 1 encountered, 1 discovered, 0 enqueued
[2026-06-17T10:22:39.572+0800][21.191s][info][gc,heap     ] GC(205)                Mark Start          Mark End        Relocate Start      Relocate End           High               Low         
[2026-06-17T10:22:39.573+0800][21.191s][info][gc,heap     ] GC(205)  Capacity:      256M (100%)        256M (100%)        256M (100%)        256M (100%)        256M (100%)        256M (100%)   
[2026-06-17T10:22:39.573+0800][21.191s][info][gc,heap     ] GC(205)   Reserve:       62M (24%)          62M (24%)          62M (24%)          62M (24%)          62M (24%)          62M (24%)    
[2026-06-17T10:22:39.573+0800][21.191s][info][gc,heap     ] GC(205)      Free:      108M (42%)         108M (42%)         144M (56%)         150M (59%)         150M (59%)         108M (42%)    
[2026-06-17T10:22:39.573+0800][21.192s][info][gc,heap     ] GC(205)      Used:       86M (34%)          86M (34%)          50M (20%)          44M (17%)          86M (34%)          44M (17%)    
[2026-06-17T10:22:39.573+0800][21.192s][info][gc,heap     ] GC(205)      Live:         -                22M (9%)           22M (9%)           22M (9%)             -                  -          
[2026-06-17T10:22:39.573+0800][21.192s][info][gc,heap     ] GC(205) Allocated:         -                 0M (0%)            0M (0%)            4M (2%)             -                  -          
[2026-06-17T10:22:39.573+0800][21.192s][info][gc,heap     ] GC(205)   Garbage:         -                63M (25%)          27M (11%)          21M (8%)             -                  -          
[2026-06-17T10:22:39.573+0800][21.192s][info][gc,heap     ] GC(205) Reclaimed:         -                  -                36M (14%)          42M (16%)            -                  -          
[2026-06-17T10:22:39.573+0800][21.192s][info][gc          ] GC(205) Garbage Collection (Allocation Rate) 86M(34%)->44M(17%)
[2026-06-17T10:22:39.663+0800][21.282s][info][gc,start    ] GC(206) Garbage Collection (Allocation Rate)
[2026-06-17T10:22:39.664+0800][21.283s][info][gc,phases   ] GC(206) Pause Mark Start 0.210ms
[2026-06-17T10:22:39.666+0800][21.285s][info][gc,phases   ] GC(206) Concurrent Mark 1.660ms
[2026-06-17T10:22:39.667+0800][21.286s][info][gc,phases   ] GC(206) Pause Mark End 0.317ms
[2026-06-17T10:22:39.668+0800][21.287s][info][gc,phases   ] GC(206) Concurrent Process Non-Strong References 0.238ms
[2026-06-17T10:22:39.685+0800][21.303s][info][gc,phases   ] GC(206) Concurrent Reset Relocation Set 0.007ms
[2026-06-17T10:22:39.747+0800][21.365s][info][gc,phases   ] GC(206) Concurrent Destroy Detached Pages 0.004ms
[2026-06-17T10:22:39.748+0800][21.366s][info][gc,phases   ] GC(206) Concurrent Select Relocation Set 0.456ms
[2026-06-17T10:22:39.749+0800][21.368s][info][gc,phases   ] GC(206) Concurrent Prepare Relocation Set 0.012ms
[2026-06-17T10:22:39.752+0800][21.371s][info][gc,phases   ] GC(206) Pause Relocate Start 0.203ms
[2026-06-17T10:22:39.757+0800][21.376s][info][gc,phases   ] GC(206) Concurrent Relocate 1.667ms
[2026-06-17T10:22:39.758+0800][21.377s][info][gc,load     ] GC(206) Load: 0.20/0.20/0.28
[2026-06-17T10:22:39.760+0800][21.379s][info][gc,mmu      ] GC(206) MMU: 2ms/0.0%, 5ms/43.3%, 10ms/66.9%, 20ms/83.5%, 50ms/93.4%, 100ms/96.6%
[2026-06-17T10:22:39.762+0800][21.381s][info][gc,marking  ] GC(206) Mark: 2 stripe(s), 1 proactive flush(es), 1 terminate flush(es), 0 completion(s), 0 continuation(s) 
[2026-06-17T10:22:39.763+0800][21.381s][info][gc,reloc    ] GC(206) Relocation: Successful, 19M relocated
[2026-06-17T10:22:39.763+0800][21.382s][info][gc,nmethod  ] GC(206) NMethods: 23 registered, 0 unregistered
[2026-06-17T10:22:39.766+0800][21.385s][info][gc,metaspace] GC(206) Metaspace: 3M used, 4M capacity, 4M committed, 8M reserved
[2026-06-17T10:22:39.768+0800][21.387s][info][gc,ref      ] GC(206) Soft: 43 encountered, 0 discovered, 0 enqueued
[2026-06-17T10:22:39.770+0800][21.389s][info][gc,ref      ] GC(206) Weak: 7 encountered, 2 discovered, 0 enqueued
[2026-06-17T10:22:39.771+0800][21.390s][info][gc,ref      ] GC(206) Final: 0 encountered, 0 discovered, 0 enqueued
[2026-06-17T10:22:39.771+0800][21.390s][info][gc,ref      ] GC(206) Phantom: 1 encountered, 1 discovered, 0 enqueued
[2026-06-17T10:22:39.812+0800][21.431s][info][gc,heap     ] GC(206)                Mark Start          Mark End        Relocate Start      Relocate End           High               Low         
[2026-06-17T10:22:39.819+0800][21.438s][info][gc,heap     ] GC(206)  Capacity:      256M (100%)        256M (100%)        256M (100%)        256M (100%)        256M (100%)        256M (100%)   
[2026-06-17T10:22:39.822+0800][21.441s][info][gc,heap     ] GC(206)   Reserve:       62M (24%)          62M (24%)          62M (24%)          62M (24%)          62M (24%)          62M (24%)    
[2026-06-17T10:22:39.825+0800][21.444s][info][gc,heap     ] GC(206)      Free:       84M (33%)          80M (31%)          46M (18%)         114M (45%)         114M (45%)          20M (8%)     
[2026-06-17T10:22:39.826+0800][21.445s][info][gc,heap     ] GC(206)      Used:      110M (43%)         114M (45%)         148M (58%)          80M (31%)         174M (68%)          80M (31%)    
[2026-06-17T10:22:39.826+0800][21.445s][info][gc,heap     ] GC(206)      Live:         -                19M (8%)           19M (8%)           19M (8%)             -                  -          
[2026-06-17T10:22:39.826+0800][21.445s][info][gc,heap     ] GC(206) Allocated:         -                 4M (2%)           66M (26%)          78M (30%)            -                  -          
[2026-06-17T10:22:39.827+0800][21.445s][info][gc,heap     ] GC(206)   Garbage:         -                90M (35%)          62M (24%)    17592186044410M (6         -                  -          
[2026-06-17T10:22:39.827+0800][21.446s][info][gc,heap     ] GC(206) Reclaimed:         -                  -                28M (11%)          96M (38%)            -                  -          
[2026-06-17T10:22:39.827+0800][21.446s][info][gc          ] GC(206) Garbage Collection (Allocation Rate) 110M(43%)->80M(31%)
[2026-06-17T10:22:39.863+0800][21.482s][info][gc,start    ] GC(207) Garbage Collection (Allocation Rate)
[2026-06-17T10:22:39.864+0800][21.483s][info][gc,phases   ] GC(207) Pause Mark Start 0.193ms
[2026-06-17T10:22:39.866+0800][21.485s][info][gc,phases   ] GC(207) Concurrent Mark 1.516ms
[2026-06-17T10:22:39.874+0800][21.492s][info][gc,phases   ] GC(207) Pause Mark End 0.296ms
[2026-06-17T10:22:39.875+0800][21.494s][info][gc,phases   ] GC(207) Concurrent Process Non-Strong References 0.091ms
[2026-06-17T10:22:39.884+0800][21.503s][info][gc,phases   ] GC(207) Concurrent Reset Relocation Set 0.008ms
[2026-06-17T10:22:39.885+0800][21.504s][info][gc,phases   ] GC(207) Concurrent Destroy Detached Pages 0.004ms
[2026-06-17T10:22:39.887+0800][21.506s][info][gc,phases   ] GC(207) Concurrent Select Relocation Set 0.603ms
[2026-06-17T10:22:39.889+0800][21.508s][info][gc,phases   ] GC(207) Concurrent Prepare Relocation Set 0.005ms
[2026-06-17T10:22:39.891+0800][21.510s][info][gc,phases   ] GC(207) Pause Relocate Start 0.192ms
[2026-06-17T10:22:39.892+0800][21.511s][info][gc,phases   ] GC(207) Concurrent Relocate 0.257ms
[2026-06-17T10:22:39.893+0800][21.512s][info][gc,load     ] GC(207) Load: 0.20/0.20/0.28
[2026-06-17T10:22:39.894+0800][21.513s][info][gc,mmu      ] GC(207) MMU: 2ms/0.0%, 5ms/43.3%, 10ms/66.9%, 20ms/83.5%, 50ms/93.4%, 100ms/96.6%
[2026-06-17T10:22:39.895+0800][21.514s][info][gc,marking  ] GC(207) Mark: 2 stripe(s), 1 proactive flush(es), 1 terminate flush(es), 0 completion(s), 0 continuation(s) 
[2026-06-17T10:22:39.897+0800][21.515s][info][gc,reloc    ] GC(207) Relocation: Successful, 22M relocated
[2026-06-17T10:22:39.897+0800][21.516s][info][gc,nmethod  ] GC(207) NMethods: 23 registered, 0 unregistered
[2026-06-17T10:22:39.900+0800][21.518s][info][gc,metaspace] GC(207) Metaspace: 3M used, 4M capacity, 4M committed, 8M reserved
[2026-06-17T10:22:39.902+0800][21.520s][info][gc,ref      ] GC(207) Soft: 43 encountered, 0 discovered, 0 enqueued
[2026-06-17T10:22:39.902+0800][21.521s][info][gc,ref      ] GC(207) Weak: 7 encountered, 2 discovered, 0 enqueued
[2026-06-17T10:22:39.903+0800][21.522s][info][gc,ref      ] GC(207) Final: 0 encountered, 0 discovered, 0 enqueued
[2026-06-17T10:22:39.904+0800][21.522s][info][gc,ref      ] GC(207) Phantom: 1 encountered, 1 discovered, 0 enqueued
[2026-06-17T10:22:39.906+0800][21.524s][info][gc,heap     ] GC(207)                Mark Start          Mark End        Relocate Start      Relocate End           High               Low         
[2026-06-17T10:22:39.908+0800][21.526s][info][gc,heap     ] GC(207)  Capacity:      256M (100%)        256M (100%)        256M (100%)        256M (100%)        256M (100%)        256M (100%)   
[2026-06-17T10:22:39.909+0800][21.528s][info][gc,heap     ] GC(207)   Reserve:       62M (24%)          62M (24%)          62M (24%)          62M (24%)          62M (24%)          62M (24%)    
[2026-06-17T10:22:39.910+0800][21.528s][info][gc,heap     ] GC(207)      Free:       76M (30%)          38M (15%)          96M (38%)         110M (43%)         110M (43%)          36M (14%)    
[2026-06-17T10:22:39.911+0800][21.529s][info][gc,heap     ] GC(207)      Used:      118M (46%)         156M (61%)          98M (38%)          84M (33%)         158M (62%)          84M (33%)    
[2026-06-17T10:22:39.912+0800][21.531s][info][gc,heap     ] GC(207)      Live:         -                22M (9%)           22M (9%)           22M (9%)             -                  -          
[2026-06-17T10:22:39.912+0800][21.531s][info][gc,heap     ] GC(207) Allocated:         -                38M (15%)          44M (17%)          50M (20%)            -                  -          
[2026-06-17T10:22:39.914+0800][21.532s][info][gc,heap     ] GC(207)   Garbage:         -                95M (37%)          31M (12%)          17M (7%)             -                  -          
[2026-06-17T10:22:39.914+0800][21.533s][info][gc,heap     ] GC(207) Reclaimed:         -                  -                64M (25%)          78M (30%)            -                  -          
[2026-06-17T10:22:39.915+0800][21.533s][info][gc          ] GC(207) Garbage Collection (Allocation Rate) 118M(46%)->84M(33%)
[2026-06-17T10:22:39.963+0800][21.582s][info][gc,start    ] GC(208) Garbage Collection (Allocation Rate)
[2026-06-17T10:22:39.964+0800][21.583s][info][gc,phases   ] GC(208) Pause Mark Start 0.265ms
[2026-06-17T10:22:39.967+0800][21.585s][info][gc,phases   ] GC(208) Concurrent Mark 1.762ms
[2026-06-17T10:22:39.968+0800][21.586s][info][gc,phases   ] GC(208) Pause Mark End 0.408ms
[2026-06-17T10:22:39.968+0800][21.587s][info][gc,phases   ] GC(208) Concurrent Process Non-Strong References 0.206ms
[2026-06-17T10:22:39.969+0800][21.588s][info][gc,phases   ] GC(208) Concurrent Reset Relocation Set 0.003ms
[2026-06-17T10:22:39.969+0800][21.588s][info][gc,phases   ] GC(208) Concurrent Destroy Detached Pages 0.001ms
[2026-06-17T10:22:39.970+0800][21.589s][info][gc,phases   ] GC(208) Concurrent Select Relocation Set 0.703ms
[2026-06-17T10:22:39.971+0800][21.589s][info][gc,phases   ] GC(208) Concurrent Prepare Relocation Set 0.010ms
[2026-06-17T10:22:39.971+0800][21.590s][info][gc,phases   ] GC(208) Pause Relocate Start 0.158ms
[2026-06-17T10:22:39.973+0800][21.592s][info][gc,phases   ] GC(208) Concurrent Relocate 1.827ms
[2026-06-17T10:22:39.974+0800][21.592s][info][gc,load     ] GC(208) Load: 0.20/0.20/0.28
[2026-06-17T10:22:39.974+0800][21.593s][info][gc,mmu      ] GC(208) MMU: 2ms/0.0%, 5ms/43.3%, 10ms/66.9%, 20ms/83.5%, 50ms/93.4%, 100ms/96.6%
[2026-06-17T10:22:39.974+0800][21.593s][info][gc,marking  ] GC(208) Mark: 2 stripe(s), 1 proactive flush(es), 1 terminate flush(es), 0 completion(s), 0 continuation(s) 
[2026-06-17T10:22:39.974+0800][21.593s][info][gc,reloc    ] GC(208) Relocation: Successful, 22M relocated
[2026-06-17T10:22:39.975+0800][21.593s][info][gc,nmethod  ] GC(208) NMethods: 23 registered, 0 unregistered
[2026-06-17T10:22:39.975+0800][21.593s][info][gc,metaspace] GC(208) Metaspace: 3M used, 4M capacity, 4M committed, 8M reserved
[2026-06-17T10:22:39.975+0800][21.594s][info][gc,ref      ] GC(208) Soft: 43 encountered, 0 discovered, 0 enqueued
[2026-06-17T10:22:39.975+0800][21.594s][info][gc,ref      ] GC(208) Weak: 7 encountered, 2 discovered, 0 enqueued
[2026-06-17T10:22:39.975+0800][21.594s][info][gc,ref      ] GC(208) Final: 0 encountered, 0 discovered, 0 enqueued
[2026-06-17T10:22:39.976+0800][21.594s][info][gc,ref      ] GC(208) Phantom: 1 encountered, 1 discovered, 0 enqueued
[2026-06-17T10:22:39.976+0800][21.595s][info][gc,heap     ] GC(208)                Mark Start          Mark End        Relocate Start      Relocate End           High               Low         
[2026-06-17T10:22:39.976+0800][21.595s][info][gc,heap     ] GC(208)  Capacity:      256M (100%)        256M (100%)        256M (100%)        256M (100%)        256M (100%)        256M (100%)   
[2026-06-17T10:22:39.976+0800][21.595s][info][gc,heap     ] GC(208)   Reserve:       62M (24%)          62M (24%)          62M (24%)          62M (24%)          62M (24%)          62M (24%)    
[2026-06-17T10:22:39.976+0800][21.595s][info][gc,heap     ] GC(208)      Free:       82M (32%)          82M (32%)         108M (42%)         148M (58%)         148M (58%)          70M (27%)    
[2026-06-17T10:22:39.976+0800][21.595s][info][gc,heap     ] GC(208)      Used:      112M (44%)         112M (44%)          86M (34%)          46M (18%)         124M (48%)          46M (18%)    
[2026-06-17T10:22:39.977+0800][21.595s][info][gc,heap     ] GC(208)      Live:         -                22M (9%)           22M (9%)           22M (9%)             -                  -          
[2026-06-17T10:22:39.977+0800][21.595s][info][gc,heap     ] GC(208) Allocated:         -                 0M (0%)            2M (1%)           44M (17%)            -                  -          
[2026-06-17T10:22:39.977+0800][21.595s][info][gc,heap     ] GC(208)   Garbage:         -                89M (35%)          61M (24%)          19M (8%)             -                  -          
[2026-06-17T10:22:39.977+0800][21.596s][info][gc,heap     ] GC(208) Reclaimed:         -                  -                28M (11%)          70M (27%)            -                  -          
[2026-06-17T10:22:39.977+0800][21.596s][info][gc          ] GC(208) Garbage Collection (Allocation Rate) 112M(44%)->46M(18%)
[2026-06-17T10:22:40.064+0800][21.682s][info][gc,start    ] GC(209) Garbage Collection (Allocation Rate)
[2026-06-17T10:22:40.065+0800][21.684s][info][gc,phases   ] GC(209) Pause Mark Start 0.228ms
[2026-06-17T10:22:40.067+0800][21.686s][info][gc,phases   ] GC(209) Concurrent Mark 1.899ms
[2026-06-17T10:22:40.068+0800][21.687s][info][gc,phases   ] GC(209) Pause Mark End 0.321ms
[2026-06-17T10:22:40.069+0800][21.687s][info][gc,phases   ] GC(209) Concurrent Process Non-Strong References 0.169ms
[2026-06-17T10:22:40.069+0800][21.688s][info][gc,phases   ] GC(209) Concurrent Reset Relocation Set 0.002ms
[2026-06-17T10:22:40.069+0800][21.688s][info][gc,phases   ] GC(209) Concurrent Destroy Detached Pages 0.001ms
[2026-06-17T10:22:40.070+0800][21.689s][info][gc,phases   ] GC(209) Concurrent Select Relocation Set 0.557ms
[2026-06-17T10:22:40.071+0800][21.689s][info][gc,phases   ] GC(209) Concurrent Prepare Relocation Set 0.002ms
[2026-06-17T10:22:40.071+0800][21.690s][info][gc,phases   ] GC(209) Pause Relocate Start 0.187ms
[2026-06-17T10:22:40.072+0800][21.690s][info][gc,phases   ] GC(209) Concurrent Relocate 0.304ms
[2026-06-17T10:22:40.072+0800][21.691s][info][gc,load     ] GC(209) Load: 0.20/0.20/0.28
[2026-06-17T10:22:40.072+0800][21.691s][info][gc,mmu      ] GC(209) MMU: 2ms/0.0%, 5ms/43.3%, 10ms/66.9%, 20ms/83.5%, 50ms/93.4%, 100ms/96.6%
[2026-06-17T10:22:40.072+0800][21.691s][info][gc,marking  ] GC(209) Mark: 2 stripe(s), 1 proactive flush(es), 1 terminate flush(es), 0 completion(s), 0 continuation(s) 
[2026-06-17T10:22:40.073+0800][21.691s][info][gc,reloc    ] GC(209) Relocation: Successful, 26M relocated
[2026-06-17T10:22:40.073+0800][21.692s][info][gc,nmethod  ] GC(209) NMethods: 23 registered, 0 unregistered
[2026-06-17T10:22:40.073+0800][21.692s][info][gc,metaspace] GC(209) Metaspace: 3M used, 4M capacity, 4M committed, 8M reserved
[2026-06-17T10:22:40.073+0800][21.692s][info][gc,ref      ] GC(209) Soft: 43 encountered, 0 discovered, 0 enqueued
[2026-06-17T10:22:40.073+0800][21.692s][info][gc,ref      ] GC(209) Weak: 7 encountered, 0 discovered, 0 enqueued
[2026-06-17T10:22:40.074+0800][21.692s][info][gc,ref      ] GC(209) Final: 0 encountered, 0 discovered, 0 enqueued
[2026-06-17T10:22:40.074+0800][21.692s][info][gc,ref      ] GC(209) Phantom: 1 encountered, 0 discovered, 0 enqueued
[2026-06-17T10:22:40.074+0800][21.693s][info][gc,heap     ] GC(209)                Mark Start          Mark End        Relocate Start      Relocate End           High               Low         
[2026-06-17T10:22:40.074+0800][21.693s][info][gc,heap     ] GC(209)  Capacity:      256M (100%)        256M (100%)        256M (100%)        256M (100%)        256M (100%)        256M (100%)   
[2026-06-17T10:22:40.074+0800][21.693s][info][gc,heap     ] GC(209)   Reserve:       62M (24%)          62M (24%)          62M (24%)          62M (24%)          62M (24%)          62M (24%)    
[2026-06-17T10:22:40.074+0800][21.693s][info][gc,heap     ] GC(209)      Free:      116M (45%)         112M (44%)         136M (53%)         148M (58%)         148M (58%)         112M (44%)    
[2026-06-17T10:22:40.074+0800][21.693s][info][gc,heap     ] GC(209)      Used:       78M (30%)          82M (32%)          58M (23%)          46M (18%)          82M (32%)          46M (18%)    
[2026-06-17T10:22:40.074+0800][21.693s][info][gc,heap     ] GC(209)      Live:         -                28M (11%)          28M (11%)          28M (11%)            -                  -          
[2026-06-17T10:22:40.075+0800][21.693s][info][gc,heap     ] GC(209) Allocated:         -                 4M (2%)            4M (2%)           10M (4%)             -                  -          
[2026-06-17T10:22:40.075+0800][21.693s][info][gc,heap     ] GC(209)   Garbage:         -                49M (19%)          25M (10%)          13M (5%)             -                  -          
[2026-06-17T10:22:40.075+0800][21.694s][info][gc,heap     ] GC(209) Reclaimed:         -                  -                24M (9%)           36M (14%)            -                  -          
[2026-06-17T10:22:40.075+0800][21.694s][info][gc          ] GC(209) Garbage Collection (Allocation Rate) 78M(30%)->46M(18%)
[2026-06-17T10:22:40.163+0800][21.782s][info][gc,start    ] GC(210) Garbage Collection (Allocation Rate)
[2026-06-17T10:22:40.164+0800][21.783s][info][gc,phases   ] GC(210) Pause Mark Start 0.276ms
[2026-06-17T10:22:40.166+0800][21.785s][info][gc,phases   ] GC(210) Concurrent Mark 1.737ms
[2026-06-17T10:22:40.167+0800][21.786s][info][gc,phases   ] GC(210) Pause Mark End 0.433ms
[2026-06-17T10:22:40.168+0800][21.787s][info][gc,phases   ] GC(210) Concurrent Process Non-Strong References 0.169ms
[2026-06-17T10:22:40.169+0800][21.788s][info][gc,phases   ] GC(210) Concurrent Reset Relocation Set 0.004ms
[2026-06-17T10:22:40.169+0800][21.788s][info][gc,phases   ] GC(210) Concurrent Destroy Detached Pages 0.002ms
[2026-06-17T10:22:40.170+0800][21.789s][info][gc,phases   ] GC(210) Concurrent Select Relocation Set 0.648ms
[2026-06-17T10:22:40.171+0800][21.789s][info][gc,phases   ] GC(210) Concurrent Prepare Relocation Set 0.004ms
[2026-06-17T10:22:40.171+0800][21.790s][info][gc,phases   ] GC(210) Pause Relocate Start 0.194ms
[2026-06-17T10:22:40.173+0800][21.792s][info][gc,phases   ] GC(210) Concurrent Relocate 1.665ms
[2026-06-17T10:22:40.173+0800][21.792s][info][gc,load     ] GC(210) Load: 0.20/0.20/0.28
[2026-06-17T10:22:40.174+0800][21.792s][info][gc,mmu      ] GC(210) MMU: 2ms/0.0%, 5ms/43.3%, 10ms/66.9%, 20ms/83.5%, 50ms/93.4%, 100ms/96.6%
[2026-06-17T10:22:40.174+0800][21.793s][info][gc,marking  ] GC(210) Mark: 2 stripe(s), 1 proactive flush(es), 1 terminate flush(es), 0 completion(s), 0 continuation(s) 
[2026-06-17T10:22:40.174+0800][21.793s][info][gc,reloc    ] GC(210) Relocation: Successful, 25M relocated
[2026-06-17T10:22:40.175+0800][21.793s][info][gc,nmethod  ] GC(210) NMethods: 23 registered, 0 unregistered
[2026-06-17T10:22:40.175+0800][21.794s][info][gc,metaspace] GC(210) Metaspace: 3M used, 4M capacity, 4M committed, 8M reserved
[2026-06-17T10:22:40.175+0800][21.794s][info][gc,ref      ] GC(210) Soft: 43 encountered, 0 discovered, 0 enqueued
[2026-06-17T10:22:40.175+0800][21.794s][info][gc,ref      ] GC(210) Weak: 7 encountered, 2 discovered, 0 enqueued
[2026-06-17T10:22:40.175+0800][21.794s][info][gc,ref      ] GC(210) Final: 0 encountered, 0 discovered, 0 enqueued
[2026-06-17T10:22:40.176+0800][21.794s][info][gc,ref      ] GC(210) Phantom: 1 encountered, 1 discovered, 0 enqueued
[2026-06-17T10:22:40.176+0800][21.795s][info][gc,heap     ] GC(210)                Mark Start          Mark End        Relocate Start      Relocate End           High               Low         
[2026-06-17T10:22:40.176+0800][21.795s][info][gc,heap     ] GC(210)  Capacity:      256M (100%)        256M (100%)        256M (100%)        256M (100%)        256M (100%)        256M (100%)   
[2026-06-17T10:22:40.176+0800][21.795s][info][gc,heap     ] GC(210)   Reserve:       62M (24%)          62M (24%)          62M (24%)          62M (24%)          62M (24%)          62M (24%)    
[2026-06-17T10:22:40.176+0800][21.795s][info][gc,heap     ] GC(210)      Free:       82M (32%)          82M (32%)         112M (44%)         146M (57%)         146M (57%)          76M (30%)    
[2026-06-17T10:22:40.177+0800][21.795s][info][gc,heap     ] GC(210)      Used:      112M (44%)         112M (44%)          82M (32%)          48M (19%)         118M (46%)          48M (19%)    
[2026-06-17T10:22:40.177+0800][21.795s][info][gc,heap     ] GC(210)      Live:         -                25M (10%)          25M (10%)          25M (10%)            -                  -          
[2026-06-17T10:22:40.177+0800][21.796s][info][gc,heap     ] GC(210) Allocated:         -                 0M (0%)            0M (0%)           44M (17%)            -                  -          
[2026-06-17T10:22:40.177+0800][21.796s][info][gc,heap     ] GC(210)   Garbage:         -                86M (34%)          56M (22%)          18M (7%)             -                  -          
[2026-06-17T10:22:40.177+0800][21.796s][info][gc,heap     ] GC(210) Reclaimed:         -                  -                30M (12%)          68M (27%)            -                  -          
[2026-06-17T10:22:40.177+0800][21.796s][info][gc          ] GC(210) Garbage Collection (Allocation Rate) 112M(44%)->48M(19%)
[2026-06-17T10:22:40.263+0800][21.882s][info][gc,start    ] GC(211) Garbage Collection (Allocation Rate)
[2026-06-17T10:22:40.264+0800][21.883s][info][gc,phases   ] GC(211) Pause Mark Start 0.185ms
[2026-06-17T10:22:40.266+0800][21.885s][info][gc,phases   ] GC(211) Concurrent Mark 1.531ms
[2026-06-17T10:22:40.268+0800][21.887s][info][gc,phases   ] GC(211) Pause Mark End 0.304ms
[2026-06-17T10:22:40.271+0800][21.890s][info][gc,phases   ] GC(211) Concurrent Process Non-Strong References 0.185ms
[2026-06-17T10:22:40.274+0800][21.893s][info][gc,phases   ] GC(211) Concurrent Reset Relocation Set 0.007ms
[2026-06-17T10:22:40.276+0800][21.895s][info][gc,phases   ] GC(211) Concurrent Destroy Detached Pages 0.002ms
[2026-06-17T10:22:40.279+0800][21.898s][info][gc,phases   ] GC(211) Concurrent Select Relocation Set 0.595ms
[2026-06-17T10:22:40.280+0800][21.899s][info][gc,phases   ] GC(211) Concurrent Prepare Relocation Set 0.012ms
[2026-06-17T10:22:40.283+0800][21.902s][info][gc,phases   ] GC(211) Pause Relocate Start 0.189ms
[2026-06-17T10:22:40.285+0800][21.903s][info][gc,phases   ] GC(211) Concurrent Relocate 0.492ms
[2026-06-17T10:22:40.287+0800][21.906s][info][gc,load     ] GC(211) Load: 0.20/0.20/0.28
[2026-06-17T10:22:40.289+0800][21.907s][info][gc,mmu      ] GC(211) MMU: 2ms/0.0%, 5ms/43.3%, 10ms/66.9%, 20ms/83.5%, 50ms/93.4%, 100ms/96.6%
[2026-06-17T10:22:40.289+0800][21.908s][info][gc,marking  ] GC(211) Mark: 2 stripe(s), 1 proactive flush(es), 1 terminate flush(es), 0 completion(s), 0 continuation(s) 
[2026-06-17T10:22:40.289+0800][21.908s][info][gc,reloc    ] GC(211) Relocation: Successful, 5M relocated
[2026-06-17T10:22:40.289+0800][21.908s][info][gc,nmethod  ] GC(211) NMethods: 23 registered, 0 unregistered
[2026-06-17T10:22:40.290+0800][21.908s][info][gc,metaspace] GC(211) Metaspace: 3M used, 4M capacity, 4M committed, 8M reserved
[2026-06-17T10:22:40.290+0800][21.909s][info][gc,ref      ] GC(211) Soft: 43 encountered, 0 discovered, 0 enqueued
[2026-06-17T10:22:40.290+0800][21.909s][info][gc,ref      ] GC(211) Weak: 7 encountered, 2 discovered, 0 enqueued
[2026-06-17T10:22:40.290+0800][21.909s][info][gc,ref      ] GC(211) Final: 0 encountered, 0 discovered, 0 enqueued
[2026-06-17T10:22:40.291+0800][21.909s][info][gc,ref      ] GC(211) Phantom: 1 encountered, 1 discovered, 0 enqueued
[2026-06-17T10:22:40.291+0800][21.909s][info][gc,heap     ] GC(211)                Mark Start          Mark End        Relocate Start      Relocate End           High               Low         
[2026-06-17T10:22:40.291+0800][21.910s][info][gc,heap     ] GC(211)  Capacity:      256M (100%)        256M (100%)        256M (100%)        256M (100%)        256M (100%)        256M (100%)   
[2026-06-17T10:22:40.291+0800][21.910s][info][gc,heap     ] GC(211)   Reserve:       62M (24%)          62M (24%)          62M (24%)          62M (24%)          62M (24%)          62M (24%)    
[2026-06-17T10:22:40.291+0800][21.910s][info][gc,heap     ] GC(211)      Free:      116M (45%)         114M (45%)         100M (39%)         108M (42%)         138M (54%)          96M (38%)    
[2026-06-17T10:22:40.291+0800][21.910s][info][gc,heap     ] GC(211)      Used:       78M (30%)          80M (31%)          94M (37%)          86M (34%)          98M (38%)          56M (22%)    
[2026-06-17T10:22:40.292+0800][21.910s][info][gc,heap     ] GC(211)      Live:         -                31M (12%)          31M (12%)          31M (12%)            -                  -          
[2026-06-17T10:22:40.292+0800][21.911s][info][gc,heap     ] GC(211) Allocated:         -                 2M (1%)           42M (16%)          48M (19%)            -                  -          
[2026-06-17T10:22:40.292+0800][21.911s][info][gc,heap     ] GC(211)   Garbage:         -                46M (18%)          20M (8%)           12M (5%)             -                  -          
[2026-06-17T10:22:40.292+0800][21.911s][info][gc,heap     ] GC(211) Reclaimed:         -                  -                26M (10%)          34M (13%)            -                  -          
[2026-06-17T10:22:40.292+0800][21.911s][info][gc          ] GC(211) Garbage Collection (Allocation Rate) 78M(30%)->86M(34%)
[2026-06-17T10:22:40.363+0800][21.982s][info][gc,start    ] GC(212) Garbage Collection (Allocation Rate)
[2026-06-17T10:22:40.364+0800][21.983s][info][gc,phases   ] GC(212) Pause Mark Start 0.177ms
[2026-06-17T10:22:40.366+0800][21.985s][info][gc,phases   ] GC(212) Concurrent Mark 1.570ms
[2026-06-17T10:22:40.367+0800][21.986s][info][gc,phases   ] GC(212) Pause Mark End 0.309ms
[2026-06-17T10:22:40.368+0800][21.987s][info][gc,phases   ] GC(212) Concurrent Process Non-Strong References 0.126ms
[2026-06-17T10:22:40.368+0800][21.987s][info][gc,phases   ] GC(212) Concurrent Reset Relocation Set 0.002ms
[2026-06-17T10:22:40.369+0800][21.987s][info][gc,phases   ] GC(212) Concurrent Destroy Detached Pages 0.001ms
[2026-06-17T10:22:40.369+0800][21.988s][info][gc,phases   ] GC(212) Concurrent Select Relocation Set 0.506ms
[2026-06-17T10:22:40.370+0800][21.989s][info][gc,phases   ] GC(212) Concurrent Prepare Relocation Set 0.020ms
[2026-06-17T10:22:40.370+0800][21.989s][info][gc,phases   ] GC(212) Pause Relocate Start 0.158ms
[2026-06-17T10:22:40.373+0800][21.992s][info][gc,phases   ] GC(212) Concurrent Relocate 2.007ms
[2026-06-17T10:22:40.373+0800][21.992s][info][gc,load     ] GC(212) Load: 0.20/0.20/0.28
[2026-06-17T10:22:40.374+0800][21.992s][info][gc,mmu      ] GC(212) MMU: 2ms/0.0%, 5ms/43.3%, 10ms/66.9%, 20ms/83.5%, 50ms/93.4%, 100ms/96.6%
[2026-06-17T10:22:40.374+0800][21.993s][info][gc,marking  ] GC(212) Mark: 2 stripe(s), 1 proactive flush(es), 1 terminate flush(es), 0 completion(s), 0 continuation(s) 
[2026-06-17T10:22:40.374+0800][21.993s][info][gc,reloc    ] GC(212) Relocation: Successful, 27M relocated
[2026-06-17T10:22:40.375+0800][21.994s][info][gc,nmethod  ] GC(212) NMethods: 23 registered, 0 unregistered
[2026-06-17T10:22:40.375+0800][21.994s][info][gc,metaspace] GC(212) Metaspace: 3M used, 4M capacity, 4M committed, 8M reserved
[2026-06-17T10:22:40.375+0800][21.994s][info][gc,ref      ] GC(212) Soft: 43 encountered, 0 discovered, 0 enqueued
[2026-06-17T10:22:40.376+0800][21.994s][info][gc,ref      ] GC(212) Weak: 7 encountered, 2 discovered, 0 enqueued
[2026-06-17T10:22:40.376+0800][21.995s][info][gc,ref      ] GC(212) Final: 0 encountered, 0 discovered, 0 enqueued
[2026-06-17T10:22:40.376+0800][21.995s][info][gc,ref      ] GC(212) Phantom: 1 encountered, 0 discovered, 0 enqueued
[2026-06-17T10:22:40.376+0800][21.995s][info][gc,heap     ] GC(212)                Mark Start          Mark End        Relocate Start      Relocate End           High               Low         
[2026-06-17T10:22:40.377+0800][21.995s][info][gc,heap     ] GC(212)  Capacity:      256M (100%)        256M (100%)        256M (100%)        256M (100%)        256M (100%)        256M (100%)   
[2026-06-17T10:22:40.377+0800][21.996s][info][gc,heap     ] GC(212)   Reserve:       62M (24%)          62M (24%)          62M (24%)          62M (24%)          62M (24%)          62M (24%)    
[2026-06-17T10:22:40.377+0800][21.996s][info][gc,heap     ] GC(212)      Free:       80M (31%)          76M (30%)         104M (41%)         148M (58%)         148M (58%)          70M (27%)    
[2026-06-17T10:22:40.378+0800][21.996s][info][gc,heap     ] GC(212)      Used:      114M (45%)         118M (46%)          90M (35%)          46M (18%)         124M (48%)          46M (18%)    
[2026-06-17T10:22:40.378+0800][21.997s][info][gc,heap     ] GC(212)      Live:         -                27M (11%)          27M (11%)          27M (11%)            -                  -          
[2026-06-17T10:22:40.378+0800][21.997s][info][gc,heap     ] GC(212) Allocated:         -                 4M (2%)            4M (2%)           42M (16%)            -                  -          
[2026-06-17T10:22:40.379+0800][21.997s][info][gc,heap     ] GC(212)   Garbage:         -                86M (34%)          58M (23%)          14M (6%)             -                  -          
[2026-06-17T10:22:40.379+0800][21.998s][info][gc,heap     ] GC(212) Reclaimed:         -                  -                28M (11%)          72M (28%)            -                  -          
[2026-06-17T10:22:40.379+0800][21.998s][info][gc          ] GC(212) Garbage Collection (Allocation Rate) 114M(45%)->46M(18%)
[2026-06-17T10:22:40.463+0800][22.081s][info][gc,start    ] GC(213) Garbage Collection (Allocation Rate)
[2026-06-17T10:22:40.463+0800][22.082s][info][gc,phases   ] GC(213) Pause Mark Start 0.172ms
[2026-06-17T10:22:40.465+0800][22.084s][info][gc,phases   ] GC(213) Concurrent Mark 1.419ms
[2026-06-17T10:22:40.466+0800][22.085s][info][gc,phases   ] GC(213) Pause Mark End 0.292ms
[2026-06-17T10:22:40.467+0800][22.085s][info][gc,phases   ] GC(213) Concurrent Process Non-Strong References 0.200ms
[2026-06-17T10:22:40.467+0800][22.086s][info][gc,phases   ] GC(213) Concurrent Reset Relocation Set 0.004ms
[2026-06-17T10:22:40.467+0800][22.086s][info][gc,phases   ] GC(213) Concurrent Destroy Detached Pages 0.001ms
[2026-06-17T10:22:40.468+0800][22.087s][info][gc,phases   ] GC(213) Concurrent Select Relocation Set 0.486ms
[2026-06-17T10:22:40.468+0800][22.087s][info][gc,phases   ] GC(213) Concurrent Prepare Relocation Set 0.010ms
[2026-06-17T10:22:40.469+0800][22.087s][info][gc,phases   ] GC(213) Pause Relocate Start 0.147ms
[2026-06-17T10:22:40.469+0800][22.088s][info][gc,phases   ] GC(213) Concurrent Relocate 0.397ms
[2026-06-17T10:22:40.469+0800][22.088s][info][gc,load     ] GC(213) Load: 0.20/0.20/0.28
[2026-06-17T10:22:40.470+0800][22.088s][info][gc,mmu      ] GC(213) MMU: 2ms/0.0%, 5ms/43.3%, 10ms/66.9%, 20ms/83.5%, 50ms/93.4%, 100ms/96.6%
[2026-06-17T10:22:40.470+0800][22.089s][info][gc,marking  ] GC(213) Mark: 2 stripe(s), 1 proactive flush(es), 1 terminate flush(es), 0 completion(s), 0 continuation(s) 
[2026-06-17T10:22:40.470+0800][22.089s][info][gc,reloc    ] GC(213) Relocation: Successful, 17M relocated
[2026-06-17T10:22:40.470+0800][22.089s][info][gc,nmethod  ] GC(213) NMethods: 23 registered, 0 unregistered
[2026-06-17T10:22:40.470+0800][22.089s][info][gc,metaspace] GC(213) Metaspace: 3M used, 4M capacity, 4M committed, 8M reserved
[2026-06-17T10:22:40.471+0800][22.089s][info][gc,ref      ] GC(213) Soft: 43 encountered, 0 discovered, 0 enqueued
[2026-06-17T10:22:40.471+0800][22.090s][info][gc,ref      ] GC(213) Weak: 7 encountered, 0 discovered, 0 enqueued
[2026-06-17T10:22:40.471+0800][22.090s][info][gc,ref      ] GC(213) Final: 0 encountered, 0 discovered, 0 enqueued
[2026-06-17T10:22:40.472+0800][22.090s][info][gc,ref      ] GC(213) Phantom: 1 encountered, 0 discovered, 0 enqueued
[2026-06-17T10:22:40.472+0800][22.090s][info][gc,heap     ] GC(213)                Mark Start          Mark End        Relocate Start      Relocate End           High               Low         
[2026-06-17T10:22:40.472+0800][22.091s][info][gc,heap     ] GC(213)  Capacity:      256M (100%)        256M (100%)        256M (100%)        256M (100%)        256M (100%)        256M (100%)   
[2026-06-17T10:22:40.472+0800][22.091s][info][gc,heap     ] GC(213)   Reserve:       62M (24%)          62M (24%)          62M (24%)          62M (24%)          62M (24%)          62M (24%)    
[2026-06-17T10:22:40.472+0800][22.091s][info][gc,heap     ] GC(213)      Free:      112M (44%)         112M (44%)         146M (57%)         152M (59%)         152M (59%)         112M (44%)    
[2026-06-17T10:22:40.472+0800][22.091s][info][gc,heap     ] GC(213)      Used:       82M (32%)          82M (32%)          48M (19%)          42M (16%)          82M (32%)          42M (16%)    
[2026-06-17T10:22:40.472+0800][22.091s][info][gc,heap     ] GC(213)      Live:         -                19M (7%)           19M (7%)           19M (7%)             -                  -          
[2026-06-17T10:22:40.472+0800][22.091s][info][gc,heap     ] GC(213) Allocated:         -                 0M (0%)            0M (0%)            6M (2%)             -                  -          
[2026-06-17T10:22:40.473+0800][22.091s][info][gc,heap     ] GC(213)   Garbage:         -                62M (25%)          28M (11%)          22M (9%)             -                  -          
[2026-06-17T10:22:40.473+0800][22.091s][info][gc,heap     ] GC(213) Reclaimed:         -                  -                34M (13%)          40M (16%)            -                  -          
[2026-06-17T10:22:40.473+0800][22.091s][info][gc          ] GC(213) Garbage Collection (Allocation Rate) 82M(32%)->42M(16%)
[2026-06-17T10:22:40.563+0800][22.182s][info][gc,start    ] GC(214) Garbage Collection (Allocation Rate)
[2026-06-17T10:22:40.564+0800][22.183s][info][gc,phases   ] GC(214) Pause Mark Start 0.234ms
[2026-06-17T10:22:40.567+0800][22.185s][info][gc,phases   ] GC(214) Concurrent Mark 1.842ms
[2026-06-17T10:22:40.568+0800][22.186s][info][gc,phases   ] GC(214) Pause Mark End 0.391ms
[2026-06-17T10:22:40.568+0800][22.187s][info][gc,phases   ] GC(214) Concurrent Process Non-Strong References 0.191ms
[2026-06-17T10:22:40.569+0800][22.188s][info][gc,phases   ] GC(214) Concurrent Reset Relocation Set 0.003ms
[2026-06-17T10:22:40.569+0800][22.188s][info][gc,phases   ] GC(214) Concurrent Destroy Detached Pages 0.001ms
[2026-06-17T10:22:40.570+0800][22.189s][info][gc,phases   ] GC(214) Concurrent Select Relocation Set 0.676ms
[2026-06-17T10:22:40.571+0800][22.189s][info][gc,phases   ] GC(214) Concurrent Prepare Relocation Set 0.004ms
[2026-06-17T10:22:40.571+0800][22.190s][info][gc,phases   ] GC(214) Pause Relocate Start 0.178ms
[2026-06-17T10:22:40.573+0800][22.192s][info][gc,phases   ] GC(214) Concurrent Relocate 1.456ms
[2026-06-17T10:22:40.574+0800][22.192s][info][gc,load     ] GC(214) Load: 0.20/0.20/0.28
[2026-06-17T10:22:40.574+0800][22.193s][info][gc,mmu      ] GC(214) MMU: 2ms/0.0%, 5ms/43.3%, 10ms/66.9%, 20ms/83.5%, 50ms/93.4%, 100ms/96.6%
[2026-06-17T10:22:40.574+0800][22.193s][info][gc,marking  ] GC(214) Mark: 2 stripe(s), 2 proactive flush(es), 1 terminate flush(es), 0 completion(s), 0 continuation(s) 
[2026-06-17T10:22:40.574+0800][22.193s][info][gc,reloc    ] GC(214) Relocation: Successful, 21M relocated
[2026-06-17T10:22:40.575+0800][22.193s][info][gc,nmethod  ] GC(214) NMethods: 23 registered, 0 unregistered
[2026-06-17T10:22:40.575+0800][22.194s][info][gc,metaspace] GC(214) Metaspace: 3M used, 4M capacity, 4M committed, 8M reserved
[2026-06-17T10:22:40.575+0800][22.194s][info][gc,ref      ] GC(214) Soft: 43 encountered, 0 discovered, 0 enqueued
[2026-06-17T10:22:40.575+0800][22.194s][info][gc,ref      ] GC(214) Weak: 7 encountered, 2 discovered, 0 enqueued
[2026-06-17T10:22:40.576+0800][22.194s][info][gc,ref      ] GC(214) Final: 0 encountered, 0 discovered, 0 enqueued
[2026-06-17T10:22:40.576+0800][22.195s][info][gc,ref      ] GC(214) Phantom: 1 encountered, 1 discovered, 0 enqueued
[2026-06-17T10:22:40.576+0800][22.195s][info][gc,heap     ] GC(214)                Mark Start          Mark End        Relocate Start      Relocate End           High               Low         
[2026-06-17T10:22:40.576+0800][22.195s][info][gc,heap     ] GC(214)  Capacity:      256M (100%)        256M (100%)        256M (100%)        256M (100%)        256M (100%)        256M (100%)   
[2026-06-17T10:22:40.576+0800][22.195s][info][gc,heap     ] GC(214)   Reserve:       62M (24%)          62M (24%)          62M (24%)          62M (24%)          62M (24%)          62M (24%)    
[2026-06-17T10:22:40.577+0800][22.195s][info][gc,heap     ] GC(214)      Free:       84M (33%)          46M (18%)          70M (27%)         138M (54%)         138M (54%)          46M (18%)    
[2026-06-17T10:22:40.577+0800][22.196s][info][gc,heap     ] GC(214)      Used:      110M (43%)         148M (58%)         124M (48%)          56M (22%)         148M (58%)          56M (22%)    
[2026-06-17T10:22:40.577+0800][22.196s][info][gc,heap     ] GC(214)      Live:         -                24M (10%)          24M (10%)          24M (10%)            -                  -          
[2026-06-17T10:22:40.577+0800][22.196s][info][gc,heap     ] GC(214) Allocated:         -                38M (15%)          38M (15%)          50M (20%)            -                  -          
[2026-06-17T10:22:40.577+0800][22.196s][info][gc,heap     ] GC(214)   Garbage:         -                85M (33%)          61M (24%)    17592186044409M (6         -                  -          
[2026-06-17T10:22:40.577+0800][22.196s][info][gc,heap     ] GC(214) Reclaimed:         -                  -                24M (9%)           92M (36%)            -                  -          
[2026-06-17T10:22:40.577+0800][22.196s][info][gc          ] GC(214) Garbage Collection (Allocation Rate) 110M(43%)->56M(22%)
[2026-06-17T10:22:40.663+0800][22.282s][info][gc,start    ] GC(215) Garbage Collection (Allocation Rate)
[2026-06-17T10:22:40.664+0800][22.283s][info][gc,phases   ] GC(215) Pause Mark Start 0.264ms
[2026-06-17T10:22:40.667+0800][22.285s][info][gc,phases   ] GC(215) Concurrent Mark 1.784ms
[2026-06-17T10:22:40.668+0800][22.286s][info][gc,phases   ] GC(215) Pause Mark End 0.416ms
[2026-06-17T10:22:40.668+0800][22.287s][info][gc,phases   ] GC(215) Concurrent Process Non-Strong References 0.164ms
[2026-06-17T10:22:40.669+0800][22.287s][info][gc,phases   ] GC(215) Concurrent Reset Relocation Set 0.004ms
[2026-06-17T10:22:40.669+0800][22.288s][info][gc,phases   ] GC(215) Concurrent Destroy Detached Pages 0.001ms
[2026-06-17T10:22:40.670+0800][22.289s][info][gc,phases   ] GC(215) Concurrent Select Relocation Set 0.673ms
[2026-06-17T10:22:40.670+0800][22.289s][info][gc,phases   ] GC(215) Concurrent Prepare Relocation Set 0.015ms
[2026-06-17T10:22:40.671+0800][22.289s][info][gc,phases   ] GC(215) Pause Relocate Start 0.172ms
[2026-06-17T10:22:40.672+0800][22.290s][info][gc,phases   ] GC(215) Concurrent Relocate 0.581ms
[2026-06-17T10:22:40.673+0800][22.292s][info][gc,load     ] GC(215) Load: 0.20/0.20/0.28
[2026-06-17T10:22:40.673+0800][22.292s][info][gc,mmu      ] GC(215) MMU: 2ms/0.0%, 5ms/43.3%, 10ms/66.9%, 20ms/83.5%, 50ms/93.4%, 100ms/96.6%
[2026-06-17T10:22:40.674+0800][22.292s][info][gc,marking  ] GC(215) Mark: 2 stripe(s), 1 proactive flush(es), 1 terminate flush(es), 0 completion(s), 0 continuation(s) 
[2026-06-17T10:22:40.674+0800][22.292s][info][gc,reloc    ] GC(215) Relocation: Successful, 22M relocated
[2026-06-17T10:22:40.674+0800][22.293s][info][gc,nmethod  ] GC(215) NMethods: 23 registered, 0 unregistered
[2026-06-17T10:22:40.674+0800][22.293s][info][gc,metaspace] GC(215) Metaspace: 3M used, 4M capacity, 4M committed, 8M reserved
[2026-06-17T10:22:40.674+0800][22.293s][info][gc,ref      ] GC(215) Soft: 43 encountered, 0 discovered, 0 enqueued
[2026-06-17T10:22:40.674+0800][22.293s][info][gc,ref      ] GC(215) Weak: 7 encountered, 0 discovered, 0 enqueued
[2026-06-17T10:22:40.674+0800][22.293s][info][gc,ref      ] GC(215) Final: 0 encountered, 0 discovered, 0 enqueued
[2026-06-17T10:22:40.675+0800][22.293s][info][gc,ref      ] GC(215) Phantom: 1 encountered, 0 discovered, 0 enqueued
[2026-06-17T10:22:40.675+0800][22.294s][info][gc,heap     ] GC(215)                Mark Start          Mark End        Relocate Start      Relocate End           High               Low         
[2026-06-17T10:22:40.675+0800][22.294s][info][gc,heap     ] GC(215)  Capacity:      256M (100%)        256M (100%)        256M (100%)        256M (100%)        256M (100%)        256M (100%)   
[2026-06-17T10:22:40.675+0800][22.294s][info][gc,heap     ] GC(215)   Reserve:       62M (24%)          62M (24%)          62M (24%)          62M (24%)          62M (24%)          62M (24%)    
[2026-06-17T10:22:40.675+0800][22.294s][info][gc,heap     ] GC(215)      Free:      104M (41%)         104M (41%)         136M (53%)         144M (56%)         144M (56%)         104M (41%)    
[2026-06-17T10:22:40.675+0800][22.294s][info][gc,heap     ] GC(215)      Used:       90M (35%)          90M (35%)          58M (23%)          50M (20%)          90M (35%)          50M (20%)    
[2026-06-17T10:22:40.675+0800][22.294s][info][gc,heap     ] GC(215)      Live:         -                23M (9%)           23M (9%)           23M (9%)             -                  -          
[2026-06-17T10:22:40.675+0800][22.294s][info][gc,heap     ] GC(215) Allocated:         -                 0M (0%)            2M (1%)           16M (6%)             -                  -          
[2026-06-17T10:22:40.676+0800][22.294s][info][gc,heap     ] GC(215)   Garbage:         -                66M (26%)          32M (13%)          22M (9%)             -                  -          
[2026-06-17T10:22:40.676+0800][22.294s][info][gc,heap     ] GC(215) Reclaimed:         -                  -                34M (13%)          44M (17%)            -                  -          
[2026-06-17T10:22:40.676+0800][22.295s][info][gc          ] GC(215) Garbage Collection (Allocation Rate) 90M(35%)->50M(20%)
[2026-06-17T10:22:40.763+0800][22.382s][info][gc,start    ] GC(216) Garbage Collection (Allocation Rate)
[2026-06-17T10:22:40.764+0800][22.383s][info][gc,phases   ] GC(216) Pause Mark Start 0.164ms
[2026-06-17T10:22:40.766+0800][22.385s][info][gc,phases   ] GC(216) Concurrent Mark 1.502ms
[2026-06-17T10:22:40.767+0800][22.386s][info][gc,phases   ] GC(216) Pause Mark End 0.257ms
[2026-06-17T10:22:40.767+0800][22.386s][info][gc,phases   ] GC(216) Concurrent Process Non-Strong References 0.082ms
[2026-06-17T10:22:40.768+0800][22.386s][info][gc,phases   ] GC(216) Concurrent Reset Relocation Set 0.003ms
[2026-06-17T10:22:40.768+0800][22.387s][info][gc,phases   ] GC(216) Concurrent Destroy Detached Pages 0.001ms
[2026-06-17T10:22:40.769+0800][22.387s][info][gc,phases   ] GC(216) Concurrent Select Relocation Set 0.495ms
[2026-06-17T10:22:40.769+0800][22.388s][info][gc,phases   ] GC(216) Concurrent Prepare Relocation Set 0.007ms
[2026-06-17T10:22:40.769+0800][22.388s][info][gc,phases   ] GC(216) Pause Relocate Start 0.158ms
[2026-06-17T10:22:40.771+0800][22.390s][info][gc,phases   ] GC(216) Concurrent Relocate 1.256ms
[2026-06-17T10:22:40.771+0800][22.390s][info][gc,load     ] GC(216) Load: 0.20/0.20/0.28
[2026-06-17T10:22:40.771+0800][22.390s][info][gc,mmu      ] GC(216) MMU: 2ms/0.0%, 5ms/43.3%, 10ms/66.9%, 20ms/83.5%, 50ms/93.4%, 100ms/96.6%
[2026-06-17T10:22:40.772+0800][22.390s][info][gc,marking  ] GC(216) Mark: 2 stripe(s), 1 proactive flush(es), 1 terminate flush(es), 0 completion(s), 0 continuation(s) 
[2026-06-17T10:22:40.772+0800][22.390s][info][gc,reloc    ] GC(216) Relocation: Successful, 19M relocated
[2026-06-17T10:22:40.772+0800][22.391s][info][gc,nmethod  ] GC(216) NMethods: 23 registered, 0 unregistered
[2026-06-17T10:22:40.772+0800][22.391s][info][gc,metaspace] GC(216) Metaspace: 3M used, 4M capacity, 4M committed, 8M reserved
[2026-06-17T10:22:40.772+0800][22.391s][info][gc,ref      ] GC(216) Soft: 43 encountered, 0 discovered, 0 enqueued
[2026-06-17T10:22:40.772+0800][22.391s][info][gc,ref      ] GC(216) Weak: 7 encountered, 0 discovered, 0 enqueued
[2026-06-17T10:22:40.773+0800][22.391s][info][gc,ref      ] GC(216) Final: 0 encountered, 0 discovered, 0 enqueued
[2026-06-17T10:22:40.773+0800][22.391s][info][gc,ref      ] GC(216) Phantom: 1 encountered, 0 discovered, 0 enqueued
[2026-06-17T10:22:40.773+0800][22.392s][info][gc,heap     ] GC(216)                Mark Start          Mark End        Relocate Start      Relocate End           High               Low         
[2026-06-17T10:22:40.773+0800][22.392s][info][gc,heap     ] GC(216)  Capacity:      256M (100%)        256M (100%)        256M (100%)        256M (100%)        256M (100%)        256M (100%)   
[2026-06-17T10:22:40.773+0800][22.392s][info][gc,heap     ] GC(216)   Reserve:       62M (24%)          62M (24%)          62M (24%)          62M (24%)          62M (24%)          62M (24%)    
[2026-06-17T10:22:40.773+0800][22.392s][info][gc,heap     ] GC(216)      Free:       80M (31%)          76M (30%)         106M (41%)         146M (57%)         146M (57%)          68M (27%)    
[2026-06-17T10:22:40.773+0800][22.392s][info][gc,heap     ] GC(216)      Used:      114M (45%)         118M (46%)          88M (34%)          48M (19%)         126M (49%)          48M (19%)    
[2026-06-17T10:22:40.774+0800][22.392s][info][gc,heap     ] GC(216)      Live:         -                21M (8%)           21M (8%)           21M (8%)             -                  -          
[2026-06-17T10:22:40.774+0800][22.392s][info][gc,heap     ] GC(216) Allocated:         -                 4M (2%)            4M (2%)           42M (16%)            -                  -          
[2026-06-17T10:22:40.774+0800][22.392s][info][gc,heap     ] GC(216)   Garbage:         -                92M (36%)          62M (25%)          22M (9%)             -                  -          
[2026-06-17T10:22:40.774+0800][22.393s][info][gc,heap     ] GC(216) Reclaimed:         -                  -                30M (12%)          70M (27%)            -                  -          
[2026-06-17T10:22:40.774+0800][22.393s][info][gc          ] GC(216) Garbage Collection (Allocation Rate) 114M(45%)->48M(19%)
[2026-06-17T10:22:40.864+0800][22.482s][info][gc,start    ] GC(217) Garbage Collection (Allocation Rate)
[2026-06-17T10:22:40.865+0800][22.483s][info][gc,phases   ] GC(217) Pause Mark Start 0.225ms
[2026-06-17T10:22:40.867+0800][22.486s][info][gc,phases   ] GC(217) Concurrent Mark 1.604ms
[2026-06-17T10:22:40.868+0800][22.487s][info][gc,phases   ] GC(217) Pause Mark End 0.375ms
[2026-06-17T10:22:40.868+0800][22.487s][info][gc,phases   ] GC(217) Concurrent Process Non-Strong References 0.173ms
[2026-06-17T10:22:40.869+0800][22.488s][info][gc,phases   ] GC(217) Concurrent Reset Relocation Set 0.003ms
[2026-06-17T10:22:40.869+0800][22.488s][info][gc,phases   ] GC(217) Concurrent Destroy Detached Pages 0.003ms
[2026-06-17T10:22:40.870+0800][22.489s][info][gc,phases   ] GC(217) Concurrent Select Relocation Set 0.595ms
[2026-06-17T10:22:40.870+0800][22.489s][info][gc,phases   ] GC(217) Concurrent Prepare Relocation Set 0.002ms
[2026-06-17T10:22:40.871+0800][22.489s][info][gc,phases   ] GC(217) Pause Relocate Start 0.180ms
[2026-06-17T10:22:40.871+0800][22.490s][info][gc,phases   ] GC(217) Concurrent Relocate 0.225ms
[2026-06-17T10:22:40.871+0800][22.490s][info][gc,load     ] GC(217) Load: 0.20/0.20/0.28
[2026-06-17T10:22:40.872+0800][22.490s][info][gc,mmu      ] GC(217) MMU: 2ms/0.0%, 5ms/43.3%, 10ms/66.9%, 20ms/83.5%, 50ms/93.4%, 100ms/96.6%
[2026-06-17T10:22:40.872+0800][22.491s][info][gc,marking  ] GC(217) Mark: 2 stripe(s), 1 proactive flush(es), 1 terminate flush(es), 0 completion(s), 0 continuation(s) 
[2026-06-17T10:22:40.872+0800][22.491s][info][gc,reloc    ] GC(217) Relocation: Successful, 26M relocated
[2026-06-17T10:22:40.872+0800][22.491s][info][gc,nmethod  ] GC(217) NMethods: 23 registered, 0 unregistered
[2026-06-17T10:22:40.872+0800][22.491s][info][gc,metaspace] GC(217) Metaspace: 3M used, 4M capacity, 4M committed, 8M reserved
[2026-06-17T10:22:40.873+0800][22.491s][info][gc,ref      ] GC(217) Soft: 43 encountered, 0 discovered, 0 enqueued
[2026-06-17T10:22:40.873+0800][22.491s][info][gc,ref      ] GC(217) Weak: 7 encountered, 0 discovered, 0 enqueued
[2026-06-17T10:22:40.873+0800][22.492s][info][gc,ref      ] GC(217) Final: 0 encountered, 0 discovered, 0 enqueued
[2026-06-17T10:22:40.873+0800][22.492s][info][gc,ref      ] GC(217) Phantom: 1 encountered, 0 discovered, 0 enqueued
[2026-06-17T10:22:40.873+0800][22.492s][info][gc,heap     ] GC(217)                Mark Start          Mark End        Relocate Start      Relocate End           High               Low         
[2026-06-17T10:22:40.874+0800][22.492s][info][gc,heap     ] GC(217)  Capacity:      256M (100%)        256M (100%)        256M (100%)        256M (100%)        256M (100%)        256M (100%)   
[2026-06-17T10:22:40.874+0800][22.492s][info][gc,heap     ] GC(217)   Reserve:       62M (24%)          62M (24%)          62M (24%)          62M (24%)          62M (24%)          62M (24%)    
[2026-06-17T10:22:40.874+0800][22.493s][info][gc,heap     ] GC(217)      Free:      112M (44%)         112M (44%)         140M (55%)         146M (57%)         146M (57%)         108M (42%)    
[2026-06-17T10:22:40.874+0800][22.493s][info][gc,heap     ] GC(217)      Used:       82M (32%)          82M (32%)          54M (21%)          48M (19%)          86M (34%)          48M (19%)    
[2026-06-17T10:22:40.874+0800][22.493s][info][gc,heap     ] GC(217)      Live:         -                28M (11%)          28M (11%)          28M (11%)            -                  -          
[2026-06-17T10:22:40.874+0800][22.493s][info][gc,heap     ] GC(217) Allocated:         -                 0M (0%)            4M (2%)           10M (4%)             -                  -          
[2026-06-17T10:22:40.874+0800][22.493s][info][gc,heap     ] GC(217)   Garbage:         -                53M (21%)          21M (8%)           15M (6%)             -                  -          
[2026-06-17T10:22:40.874+0800][22.493s][info][gc,heap     ] GC(217) Reclaimed:         -                  -                32M (12%)          38M (15%)            -                  -          
[2026-06-17T10:22:40.874+0800][22.493s][info][gc          ] GC(217) Garbage Collection (Allocation Rate) 82M(32%)->48M(19%)
[2026-06-17T10:22:40.963+0800][22.581s][info][gc,start    ] GC(218) Garbage Collection (Allocation Rate)
[2026-06-17T10:22:40.964+0800][22.583s][info][gc,phases   ] GC(218) Pause Mark Start 0.283ms
[2026-06-17T10:22:40.967+0800][22.586s][info][gc,phases   ] GC(218) Concurrent Mark 1.765ms
[2026-06-17T10:22:40.968+0800][22.587s][info][gc,phases   ] GC(218) Pause Mark End 0.507ms
[2026-06-17T10:22:40.969+0800][22.588s][info][gc,phases   ] GC(218) Concurrent Process Non-Strong References 0.138ms
[2026-06-17T10:22:40.969+0800][22.588s][info][gc,phases   ] GC(218) Concurrent Reset Relocation Set 0.003ms
[2026-06-17T10:22:40.970+0800][22.588s][info][gc,phases   ] GC(218) Concurrent Destroy Detached Pages 0.001ms
[2026-06-17T10:22:40.971+0800][22.590s][info][gc,phases   ] GC(218) Concurrent Select Relocation Set 0.757ms
[2026-06-17T10:22:40.971+0800][22.590s][info][gc,phases   ] GC(218) Concurrent Prepare Relocation Set 0.011ms
[2026-06-17T10:22:40.972+0800][22.591s][info][gc,phases   ] GC(218) Pause Relocate Start 0.177ms
[2026-06-17T10:22:40.975+0800][22.594s][info][gc,phases   ] GC(218) Concurrent Relocate 1.996ms
[2026-06-17T10:22:40.975+0800][22.594s][info][gc,load     ] GC(218) Load: 0.20/0.20/0.28
[2026-06-17T10:22:40.976+0800][22.595s][info][gc,mmu      ] GC(218) MMU: 2ms/0.0%, 5ms/43.3%, 10ms/66.9%, 20ms/83.5%, 50ms/93.4%, 100ms/96.6%
[2026-06-17T10:22:40.976+0800][22.595s][info][gc,marking  ] GC(218) Mark: 2 stripe(s), 2 proactive flush(es), 1 terminate flush(es), 0 completion(s), 0 continuation(s) 
[2026-06-17T10:22:40.977+0800][22.595s][info][gc,reloc    ] GC(218) Relocation: Successful, 25M relocated
[2026-06-17T10:22:40.977+0800][22.596s][info][gc,nmethod  ] GC(218) NMethods: 23 registered, 0 unregistered
[2026-06-17T10:22:40.977+0800][22.596s][info][gc,metaspace] GC(218) Metaspace: 3M used, 4M capacity, 4M committed, 8M reserved
[2026-06-17T10:22:40.978+0800][22.597s][info][gc,ref      ] GC(218) Soft: 43 encountered, 0 discovered, 0 enqueued
[2026-06-17T10:22:40.978+0800][22.597s][info][gc,ref      ] GC(218) Weak: 7 encountered, 0 discovered, 0 enqueued
[2026-06-17T10:22:40.978+0800][22.597s][info][gc,ref      ] GC(218) Final: 0 encountered, 0 discovered, 0 enqueued
[2026-06-17T10:22:40.979+0800][22.597s][info][gc,ref      ] GC(218) Phantom: 1 encountered, 0 discovered, 0 enqueued
[2026-06-17T10:22:40.979+0800][22.598s][info][gc,heap     ] GC(218)                Mark Start          Mark End        Relocate Start      Relocate End           High               Low         
[2026-06-17T10:22:40.979+0800][22.598s][info][gc,heap     ] GC(218)  Capacity:      256M (100%)        256M (100%)        256M (100%)        256M (100%)        256M (100%)        256M (100%)   
[2026-06-17T10:22:40.979+0800][22.598s][info][gc,heap     ] GC(218)   Reserve:       62M (24%)          62M (24%)          62M (24%)          62M (24%)          62M (24%)          62M (24%)    
[2026-06-17T10:22:40.979+0800][22.598s][info][gc,heap     ] GC(218)      Free:       80M (31%)          76M (30%)         104M (41%)         146M (57%)         146M (57%)          66M (26%)    
[2026-06-17T10:22:40.979+0800][22.598s][info][gc,heap     ] GC(218)      Used:      114M (45%)         118M (46%)          90M (35%)          48M (19%)         128M (50%)          48M (19%)    
[2026-06-17T10:22:40.980+0800][22.598s][info][gc,heap     ] GC(218)      Live:         -                25M (10%)          25M (10%)          25M (10%)            -                  -          
[2026-06-17T10:22:40.980+0800][22.599s][info][gc,heap     ] GC(218) Allocated:         -                 4M (2%)            4M (2%)           48M (19%)            -                  -          
[2026-06-17T10:22:40.980+0800][22.599s][info][gc,heap     ] GC(218)   Garbage:         -                88M (34%)          60M (24%)          18M (7%)             -                  -          
[2026-06-17T10:22:40.980+0800][22.599s][info][gc,heap     ] GC(218) Reclaimed:         -                  -                28M (11%)          70M (27%)            -                  -          
[2026-06-17T10:22:40.980+0800][22.599s][info][gc          ] GC(218) Garbage Collection (Allocation Rate) 114M(45%)->48M(19%)
[2026-06-17T10:22:41.063+0800][22.682s][info][gc,start    ] GC(219) Garbage Collection (Allocation Rate)
[2026-06-17T10:22:41.064+0800][22.683s][info][gc,phases   ] GC(219) Pause Mark Start 0.247ms
[2026-06-17T10:22:41.067+0800][22.685s][info][gc,phases   ] GC(219) Concurrent Mark 1.782ms
[2026-06-17T10:22:41.068+0800][22.687s][info][gc,phases   ] GC(219) Pause Mark End 0.407ms
[2026-06-17T10:22:41.068+0800][22.687s][info][gc,phases   ] GC(219) Concurrent Process Non-Strong References 0.156ms
[2026-06-17T10:22:41.069+0800][22.688s][info][gc,phases   ] GC(219) Concurrent Reset Relocation Set 0.008ms
[2026-06-17T10:22:41.069+0800][22.688s][info][gc,phases   ] GC(219) Concurrent Destroy Detached Pages 0.001ms
[2026-06-17T10:22:41.070+0800][22.689s][info][gc,phases   ] GC(219) Concurrent Select Relocation Set 0.636ms
[2026-06-17T10:22:41.070+0800][22.689s][info][gc,phases   ] GC(219) Concurrent Prepare Relocation Set 0.002ms
[2026-06-17T10:22:41.071+0800][22.689s][info][gc,phases   ] GC(219) Pause Relocate Start 0.167ms
[2026-06-17T10:22:41.071+0800][22.690s][info][gc,phases   ] GC(219) Concurrent Relocate 0.254ms
[2026-06-17T10:22:41.072+0800][22.690s][info][gc,load     ] GC(219) Load: 0.20/0.20/0.28
[2026-06-17T10:22:41.072+0800][22.691s][info][gc,mmu      ] GC(219) MMU: 2ms/0.0%, 5ms/43.3%, 10ms/66.9%, 20ms/83.5%, 50ms/93.4%, 100ms/96.6%
[2026-06-17T10:22:41.072+0800][22.691s][info][gc,marking  ] GC(219) Mark: 2 stripe(s), 1 proactive flush(es), 1 terminate flush(es), 0 completion(s), 0 continuation(s) 
[2026-06-17T10:22:41.072+0800][22.691s][info][gc,reloc    ] GC(219) Relocation: Successful, 27M relocated
[2026-06-17T10:22:41.073+0800][22.691s][info][gc,nmethod  ] GC(219) NMethods: 23 registered, 0 unregistered
[2026-06-17T10:22:41.073+0800][22.691s][info][gc,metaspace] GC(219) Metaspace: 3M used, 4M capacity, 4M committed, 8M reserved
[2026-06-17T10:22:41.073+0800][22.692s][info][gc,ref      ] GC(219) Soft: 43 encountered, 0 discovered, 0 enqueued
[2026-06-17T10:22:41.073+0800][22.692s][info][gc,ref      ] GC(219) Weak: 7 encountered, 2 discovered, 0 enqueued
[2026-06-17T10:22:41.073+0800][22.692s][info][gc,ref      ] GC(219) Final: 0 encountered, 0 discovered, 0 enqueued
[2026-06-17T10:22:41.074+0800][22.692s][info][gc,ref      ] GC(219) Phantom: 1 encountered, 1 discovered, 0 enqueued
[2026-06-17T10:22:41.074+0800][22.693s][info][gc,heap     ] GC(219)                Mark Start          Mark End        Relocate Start      Relocate End           High               Low         
[2026-06-17T10:22:41.074+0800][22.693s][info][gc,heap     ] GC(219)  Capacity:      256M (100%)        256M (100%)        256M (100%)        256M (100%)        256M (100%)        256M (100%)   
[2026-06-17T10:22:41.074+0800][22.693s][info][gc,heap     ] GC(219)   Reserve:       62M (24%)          62M (24%)          62M (24%)          62M (24%)          62M (24%)          62M (24%)    
[2026-06-17T10:22:41.074+0800][22.693s][info][gc,heap     ] GC(219)      Free:      114M (45%)         114M (45%)         104M (41%)         112M (44%)         142M (55%)         100M (39%)    
[2026-06-17T10:22:41.074+0800][22.693s][info][gc,heap     ] GC(219)      Used:       80M (31%)          80M (31%)          90M (35%)          82M (32%)          94M (37%)          52M (20%)    
[2026-06-17T10:22:41.074+0800][22.693s][info][gc,heap     ] GC(219)      Live:         -                31M (12%)          31M (12%)          31M (12%)            -                  -          
[2026-06-17T10:22:41.074+0800][22.693s][info][gc,heap     ] GC(219) Allocated:         -                 0M (0%)           38M (15%)          44M (17%)            -                  -          
[2026-06-17T10:22:41.075+0800][22.693s][info][gc,heap     ] GC(219)   Garbage:         -                48M (19%)          20M (8%)           12M (5%)             -                  -          
[2026-06-17T10:22:41.075+0800][22.693s][info][gc,heap     ] GC(219) Reclaimed:         -                  -                28M (11%)          36M (14%)            -                  -          
[2026-06-17T10:22:41.075+0800][22.693s][info][gc          ] GC(219) Garbage Collection (Allocation Rate) 80M(31%)->82M(32%)
[2026-06-17T10:22:41.163+0800][22.782s][info][gc,start    ] GC(220) Garbage Collection (Allocation Rate)
[2026-06-17T10:22:41.164+0800][22.783s][info][gc,phases   ] GC(220) Pause Mark Start 0.153ms
[2026-06-17T10:22:41.166+0800][22.785s][info][gc,phases   ] GC(220) Concurrent Mark 1.612ms
[2026-06-17T10:22:41.167+0800][22.786s][info][gc,phases   ] GC(220) Pause Mark End 0.284ms
[2026-06-17T10:22:41.167+0800][22.786s][info][gc,phases   ] GC(220) Concurrent Process Non-Strong References 0.193ms
[2026-06-17T10:22:41.168+0800][22.786s][info][gc,phases   ] GC(220) Concurrent Reset Relocation Set 0.002ms
[2026-06-17T10:22:41.168+0800][22.787s][info][gc,phases   ] GC(220) Concurrent Destroy Detached Pages 0.001ms
[2026-06-17T10:22:41.169+0800][22.788s][info][gc,phases   ] GC(220) Concurrent Select Relocation Set 0.486ms
[2026-06-17T10:22:41.170+0800][22.788s][info][gc,phases   ] GC(220) Concurrent Prepare Relocation Set 0.015ms
[2026-06-17T10:22:41.170+0800][22.789s][info][gc,phases   ] GC(220) Pause Relocate Start 0.172ms
[2026-06-17T10:22:41.173+0800][22.791s][info][gc,phases   ] GC(220) Concurrent Relocate 1.958ms
[2026-06-17T10:22:41.173+0800][22.792s][info][gc,load     ] GC(220) Load: 0.20/0.20/0.28
[2026-06-17T10:22:41.173+0800][22.792s][info][gc,mmu      ] GC(220) MMU: 2ms/0.0%, 5ms/43.3%, 10ms/66.9%, 20ms/83.5%, 50ms/93.4%, 100ms/96.6%
[2026-06-17T10:22:41.173+0800][22.792s][info][gc,marking  ] GC(220) Mark: 2 stripe(s), 2 proactive flush(es), 1 terminate flush(es), 0 completion(s), 0 continuation(s) 
[2026-06-17T10:22:41.174+0800][22.792s][info][gc,reloc    ] GC(220) Relocation: Successful, 27M relocated
[2026-06-17T10:22:41.174+0800][22.793s][info][gc,nmethod  ] GC(220) NMethods: 23 registered, 0 unregistered
[2026-06-17T10:22:41.174+0800][22.793s][info][gc,metaspace] GC(220) Metaspace: 3M used, 4M capacity, 4M committed, 8M reserved
[2026-06-17T10:22:41.174+0800][22.793s][info][gc,ref      ] GC(220) Soft: 43 encountered, 0 discovered, 0 enqueued
[2026-06-17T10:22:41.175+0800][22.793s][info][gc,ref      ] GC(220) Weak: 7 encountered, 2 discovered, 0 enqueued
[2026-06-17T10:22:41.175+0800][22.794s][info][gc,ref      ] GC(220) Final: 0 encountered, 0 discovered, 0 enqueued
[2026-06-17T10:22:41.175+0800][22.794s][info][gc,ref      ] GC(220) Phantom: 1 encountered, 1 discovered, 0 enqueued
[2026-06-17T10:22:41.175+0800][22.794s][info][gc,heap     ] GC(220)                Mark Start          Mark End        Relocate Start      Relocate End           High               Low         
[2026-06-17T10:22:41.176+0800][22.794s][info][gc,heap     ] GC(220)  Capacity:      256M (100%)        256M (100%)        256M (100%)        256M (100%)        256M (100%)        256M (100%)   
[2026-06-17T10:22:41.176+0800][22.795s][info][gc,heap     ] GC(220)   Reserve:       62M (24%)          62M (24%)          62M (24%)          62M (24%)          62M (24%)          62M (24%)    
[2026-06-17T10:22:41.176+0800][22.795s][info][gc,heap     ] GC(220)      Free:       82M (32%)          46M (18%)          72M (28%)         146M (57%)         146M (57%)          46M (18%)    
[2026-06-17T10:22:41.176+0800][22.795s][info][gc,heap     ] GC(220)      Used:      112M (44%)         148M (58%)         122M (48%)          48M (19%)         148M (58%)          48M (19%)    
[2026-06-17T10:22:41.176+0800][22.795s][info][gc,heap     ] GC(220)      Live:         -                27M (11%)          27M (11%)          27M (11%)            -                  -          
[2026-06-17T10:22:41.176+0800][22.795s][info][gc,heap     ] GC(220) Allocated:         -                36M (14%)          36M (14%)          48M (19%)            -                  -          
[2026-06-17T10:22:41.176+0800][22.795s][info][gc,heap     ] GC(220)   Garbage:         -                84M (33%)          58M (23%)    17592186044400M (6         -                  -          
[2026-06-17T10:22:41.176+0800][22.795s][info][gc,heap     ] GC(220) Reclaimed:         -                  -                26M (10%)         100M (39%)            -                  -          
[2026-06-17T10:22:41.177+0800][22.795s][info][gc          ] GC(220) Garbage Collection (Allocation Rate) 112M(44%)->48M(19%)
[2026-06-17T10:22:41.263+0800][22.882s][info][gc,start    ] GC(221) Garbage Collection (Allocation Rate)
[2026-06-17T10:22:41.265+0800][22.883s][info][gc,phases   ] GC(221) Pause Mark Start 0.216ms
[2026-06-17T10:22:41.267+0800][22.886s][info][gc,phases   ] GC(221) Concurrent Mark 1.736ms
[2026-06-17T10:22:41.268+0800][22.887s][info][gc,phases   ] GC(221) Pause Mark End 0.281ms
[2026-06-17T10:22:41.269+0800][22.888s][info][gc,phases   ] GC(221) Concurrent Process Non-Strong References 0.149ms
[2026-06-17T10:22:41.269+0800][22.888s][info][gc,phases   ] GC(221) Concurrent Reset Relocation Set 0.002ms
[2026-06-17T10:22:41.269+0800][22.888s][info][gc,phases   ] GC(221) Concurrent Destroy Detached Pages 0.001ms
[2026-06-17T10:22:41.270+0800][22.889s][info][gc,phases   ] GC(221) Concurrent Select Relocation Set 0.490ms
[2026-06-17T10:22:41.271+0800][22.889s][info][gc,phases   ] GC(221) Concurrent Prepare Relocation Set 0.003ms
[2026-06-17T10:22:41.271+0800][22.890s][info][gc,phases   ] GC(221) Pause Relocate Start 0.149ms
[2026-06-17T10:22:41.272+0800][22.891s][info][gc,phases   ] GC(221) Concurrent Relocate 0.169ms
[2026-06-17T10:22:41.273+0800][22.892s][info][gc,load     ] GC(221) Load: 0.20/0.20/0.28
[2026-06-17T10:22:41.273+0800][22.892s][info][gc,mmu      ] GC(221) MMU: 2ms/0.0%, 5ms/43.3%, 10ms/66.9%, 20ms/83.5%, 50ms/93.4%, 100ms/96.6%
[2026-06-17T10:22:41.274+0800][22.892s][info][gc,marking  ] GC(221) Mark: 2 stripe(s), 1 proactive flush(es), 1 terminate flush(es), 0 completion(s), 0 continuation(s) 
[2026-06-17T10:22:41.274+0800][22.893s][info][gc,reloc    ] GC(221) Relocation: Successful, 24M relocated
[2026-06-17T10:22:41.274+0800][22.893s][info][gc,nmethod  ] GC(221) NMethods: 23 registered, 0 unregistered
[2026-06-17T10:22:41.275+0800][22.894s][info][gc,metaspace] GC(221) Metaspace: 3M used, 4M capacity, 4M committed, 8M reserved
[2026-06-17T10:22:41.275+0800][22.894s][info][gc,ref      ] GC(221) Soft: 43 encountered, 0 discovered, 0 enqueued
[2026-06-17T10:22:41.275+0800][22.894s][info][gc,ref      ] GC(221) Weak: 7 encountered, 0 discovered, 0 enqueued
[2026-06-17T10:22:41.276+0800][22.894s][info][gc,ref      ] GC(221) Final: 0 encountered, 0 discovered, 0 enqueued
[2026-06-17T10:22:41.276+0800][22.894s][info][gc,ref      ] GC(221) Phantom: 1 encountered, 1 discovered, 0 enqueued
[2026-06-17T10:22:41.276+0800][22.895s][info][gc,heap     ] GC(221)                Mark Start          Mark End        Relocate Start      Relocate End           High               Low         
[2026-06-17T10:22:41.276+0800][22.895s][info][gc,heap     ] GC(221)  Capacity:      256M (100%)        256M (100%)        256M (100%)        256M (100%)        256M (100%)        256M (100%)   
[2026-06-17T10:22:41.276+0800][22.895s][info][gc,heap     ] GC(221)   Reserve:       62M (24%)          62M (24%)          62M (24%)          62M (24%)          62M (24%)          62M (24%)    
[2026-06-17T10:22:41.276+0800][22.895s][info][gc,heap     ] GC(221)      Free:      112M (44%)         112M (44%)         142M (55%)         148M (58%)         148M (58%)         108M (42%)    
[2026-06-17T10:22:41.276+0800][22.895s][info][gc,heap     ] GC(221)      Used:       82M (32%)          82M (32%)          52M (20%)          46M (18%)          86M (34%)          46M (18%)    
[2026-06-17T10:22:41.276+0800][22.895s][info][gc,heap     ] GC(221)      Live:         -                26M (10%)          26M (10%)          26M (10%)            -                  -          
[2026-06-17T10:22:41.276+0800][22.895s][info][gc,heap     ] GC(221) Allocated:         -                 0M (0%)            4M (2%)            8M (3%)             -                  -          
[2026-06-17T10:22:41.277+0800][22.895s][info][gc,heap     ] GC(221)   Garbage:         -                55M (22%)          21M (8%)           15M (6%)             -                  -          
[2026-06-17T10:22:41.277+0800][22.895s][info][gc,heap     ] GC(221) Reclaimed:         -                  -                34M (13%)          40M (16%)            -                  -          
[2026-06-17T10:22:41.277+0800][22.896s][info][gc          ] GC(221) Garbage Collection (Allocation Rate) 82M(32%)->46M(18%)
[2026-06-17T10:22:41.363+0800][22.981s][info][gc,start    ] GC(222) Garbage Collection (Allocation Rate)
[2026-06-17T10:22:41.368+0800][22.987s][info][gc,phases   ] GC(222) Pause Mark Start 0.162ms
[2026-06-17T10:22:41.372+0800][22.990s][info][gc,phases   ] GC(222) Concurrent Mark 1.423ms
[2026-06-17T10:22:41.373+0800][22.992s][info][gc,phases   ] GC(222) Pause Mark End 0.274ms
[2026-06-17T10:22:41.382+0800][23.000s][info][gc,phases   ] GC(222) Concurrent Process Non-Strong References 0.136ms
[2026-06-17T10:22:41.393+0800][23.012s][info][gc,phases   ] GC(222) Concurrent Reset Relocation Set 0.005ms
[2026-06-17T10:22:41.394+0800][23.013s][info][gc,phases   ] GC(222) Concurrent Destroy Detached Pages 0.002ms
[2026-06-17T10:22:41.395+0800][23.014s][info][gc,phases   ] GC(222) Concurrent Select Relocation Set 0.530ms
[2026-06-17T10:22:41.395+0800][23.014s][info][gc,phases   ] GC(222) Concurrent Prepare Relocation Set 0.003ms
[2026-06-17T10:22:41.396+0800][23.014s][info][gc,phases   ] GC(222) Pause Relocate Start 0.168ms
[2026-06-17T10:22:41.398+0800][23.016s][info][gc,phases   ] GC(222) Concurrent Relocate 1.644ms
[2026-06-17T10:22:41.398+0800][23.017s][info][gc,load     ] GC(222) Load: 0.20/0.20/0.28
[2026-06-17T10:22:41.398+0800][23.017s][info][gc,mmu      ] GC(222) MMU: 2ms/0.0%, 5ms/43.3%, 10ms/66.9%, 20ms/83.5%, 50ms/93.4%, 100ms/96.6%
[2026-06-17T10:22:41.398+0800][23.017s][info][gc,marking  ] GC(222) Mark: 2 stripe(s), 1 proactive flush(es), 1 terminate flush(es), 0 completion(s), 0 continuation(s) 
[2026-06-17T10:22:41.398+0800][23.017s][info][gc,reloc    ] GC(222) Relocation: Successful, 25M relocated
[2026-06-17T10:22:41.399+0800][23.017s][info][gc,nmethod  ] GC(222) NMethods: 23 registered, 0 unregistered
[2026-06-17T10:22:41.399+0800][23.017s][info][gc,metaspace] GC(222) Metaspace: 3M used, 4M capacity, 4M committed, 8M reserved
[2026-06-17T10:22:41.399+0800][23.018s][info][gc,ref      ] GC(222) Soft: 43 encountered, 0 discovered, 0 enqueued
[2026-06-17T10:22:41.399+0800][23.018s][info][gc,ref      ] GC(222) Weak: 7 encountered, 2 discovered, 0 enqueued
[2026-06-17T10:22:41.400+0800][23.018s][info][gc,ref      ] GC(222) Final: 0 encountered, 0 discovered, 0 enqueued
[2026-06-17T10:22:41.400+0800][23.019s][info][gc,ref      ] GC(222) Phantom: 1 encountered, 1 discovered, 0 enqueued
[2026-06-17T10:22:41.400+0800][23.019s][info][gc,heap     ] GC(222)                Mark Start          Mark End        Relocate Start      Relocate End           High               Low         
[2026-06-17T10:22:41.400+0800][23.019s][info][gc,heap     ] GC(222)  Capacity:      256M (100%)        256M (100%)        256M (100%)        256M (100%)        256M (100%)        256M (100%)   
[2026-06-17T10:22:41.400+0800][23.019s][info][gc,heap     ] GC(222)   Reserve:       62M (24%)          62M (24%)          62M (24%)          62M (24%)          62M (24%)          62M (24%)    
[2026-06-17T10:22:41.401+0800][23.019s][info][gc,heap     ] GC(222)      Free:       80M (31%)          80M (31%)          74M (29%)         142M (55%)         142M (55%)          40M (16%)    
[2026-06-17T10:22:41.401+0800][23.019s][info][gc,heap     ] GC(222)      Used:      114M (45%)         114M (45%)         120M (47%)          52M (20%)         154M (60%)          52M (20%)    
[2026-06-17T10:22:41.401+0800][23.020s][info][gc,heap     ] GC(222)      Live:         -                27M (11%)          27M (11%)          27M (11%)            -                  -          
[2026-06-17T10:22:41.401+0800][23.020s][info][gc,heap     ] GC(222) Allocated:         -                 0M (0%)           40M (16%)          46M (18%)            -                  -          
[2026-06-17T10:22:41.401+0800][23.020s][info][gc,heap     ] GC(222)   Garbage:         -                86M (34%)          52M (21%)    17592186044400M (6         -                  -          
[2026-06-17T10:22:41.401+0800][23.020s][info][gc,heap     ] GC(222) Reclaimed:         -                  -                34M (13%)         102M (40%)            -                  -          
[2026-06-17T10:22:41.401+0800][23.020s][info][gc          ] GC(222) Garbage Collection (Allocation Rate) 114M(45%)->52M(20%)
[2026-06-17T10:22:41.463+0800][23.082s][info][gc,start    ] GC(223) Garbage Collection (Allocation Rate)
[2026-06-17T10:22:41.464+0800][23.082s][info][gc,phases   ] GC(223) Pause Mark Start 0.162ms
[2026-06-17T10:22:41.465+0800][23.084s][info][gc,phases   ] GC(223) Concurrent Mark 1.419ms
[2026-06-17T10:22:41.466+0800][23.085s][info][gc,phases   ] GC(223) Pause Mark End 0.290ms
[2026-06-17T10:22:41.467+0800][23.085s][info][gc,phases   ] GC(223) Concurrent Process Non-Strong References 0.117ms
[2026-06-17T10:22:41.467+0800][23.086s][info][gc,phases   ] GC(223) Concurrent Reset Relocation Set 0.003ms
[2026-06-17T10:22:41.467+0800][23.086s][info][gc,phases   ] GC(223) Concurrent Destroy Detached Pages 0.001ms
[2026-06-17T10:22:41.468+0800][23.086s][info][gc,phases   ] GC(223) Concurrent Select Relocation Set 0.470ms
[2026-06-17T10:22:41.468+0800][23.087s][info][gc,phases   ] GC(223) Concurrent Prepare Relocation Set 0.010ms
[2026-06-17T10:22:41.468+0800][23.087s][info][gc,phases   ] GC(223) Pause Relocate Start 0.128ms
[2026-06-17T10:22:41.469+0800][23.088s][info][gc,phases   ] GC(223) Concurrent Relocate 0.456ms
[2026-06-17T10:22:41.469+0800][23.088s][info][gc,load     ] GC(223) Load: 0.20/0.20/0.28
[2026-06-17T10:22:41.470+0800][23.088s][info][gc,mmu      ] GC(223) MMU: 2ms/0.0%, 5ms/43.3%, 10ms/66.9%, 20ms/83.5%, 50ms/93.4%, 100ms/96.6%
[2026-06-17T10:22:41.470+0800][23.088s][info][gc,marking  ] GC(223) Mark: 2 stripe(s), 1 proactive flush(es), 1 terminate flush(es), 0 completion(s), 0 continuation(s) 
[2026-06-17T10:22:41.470+0800][23.089s][info][gc,reloc    ] GC(223) Relocation: Successful, 23M relocated
[2026-06-17T10:22:41.470+0800][23.089s][info][gc,nmethod  ] GC(223) NMethods: 23 registered, 0 unregistered
[2026-06-17T10:22:41.470+0800][23.089s][info][gc,metaspace] GC(223) Metaspace: 3M used, 4M capacity, 4M committed, 8M reserved
[2026-06-17T10:22:41.470+0800][23.089s][info][gc,ref      ] GC(223) Soft: 43 encountered, 0 discovered, 0 enqueued
[2026-06-17T10:22:41.470+0800][23.089s][info][gc,ref      ] GC(223) Weak: 7 encountered, 0 discovered, 0 enqueued
[2026-06-17T10:22:41.470+0800][23.089s][info][gc,ref      ] GC(223) Final: 0 encountered, 0 discovered, 0 enqueued
[2026-06-17T10:22:41.470+0800][23.089s][info][gc,ref      ] GC(223) Phantom: 1 encountered, 0 discovered, 0 enqueued
[2026-06-17T10:22:41.470+0800][23.089s][info][gc,heap     ] GC(223)                Mark Start          Mark End        Relocate Start      Relocate End           High               Low         
[2026-06-17T10:22:41.471+0800][23.089s][info][gc,heap     ] GC(223)  Capacity:      256M (100%)        256M (100%)        256M (100%)        256M (100%)        256M (100%)        256M (100%)   
[2026-06-17T10:22:41.471+0800][23.089s][info][gc,heap     ] GC(223)   Reserve:       62M (24%)          62M (24%)          62M (24%)          62M (24%)          62M (24%)          62M (24%)    
[2026-06-17T10:22:41.471+0800][23.090s][info][gc,heap     ] GC(223)      Free:      118M (46%)         114M (45%)         140M (55%)         148M (58%)         148M (58%)         114M (45%)    
[2026-06-17T10:22:41.471+0800][23.090s][info][gc,heap     ] GC(223)      Used:       76M (30%)          80M (31%)          54M (21%)          46M (18%)          80M (31%)          46M (18%)    
[2026-06-17T10:22:41.471+0800][23.090s][info][gc,heap     ] GC(223)      Live:         -                23M (9%)           23M (9%)           23M (9%)             -                  -          
[2026-06-17T10:22:41.471+0800][23.090s][info][gc,heap     ] GC(223) Allocated:         -                 4M (2%)            4M (2%)           14M (5%)             -                  -          
[2026-06-17T10:22:41.471+0800][23.090s][info][gc,heap     ] GC(223)   Garbage:         -                52M (21%)          26M (10%)          18M (7%)             -                  -          
[2026-06-17T10:22:41.471+0800][23.090s][info][gc,heap     ] GC(223) Reclaimed:         -                  -                26M (10%)          34M (13%)            -                  -          
[2026-06-17T10:22:41.473+0800][23.091s][info][gc          ] GC(223) Garbage Collection (Allocation Rate) 76M(30%)->46M(18%)
[2026-06-17T10:22:41.563+0800][23.182s][info][gc,start    ] GC(224) Garbage Collection (Allocation Rate)
[2026-06-17T10:22:41.564+0800][23.183s][info][gc,phases   ] GC(224) Pause Mark Start 0.195ms
[2026-06-17T10:22:41.566+0800][23.185s][info][gc,phases   ] GC(224) Concurrent Mark 1.664ms
[2026-06-17T10:22:41.567+0800][23.186s][info][gc,phases   ] GC(224) Pause Mark End 0.295ms
[2026-06-17T10:22:41.568+0800][23.186s][info][gc,phases   ] GC(224) Concurrent Process Non-Strong References 0.152ms
[2026-06-17T10:22:41.568+0800][23.187s][info][gc,phases   ] GC(224) Concurrent Reset Relocation Set 0.003ms
[2026-06-17T10:22:41.568+0800][23.187s][info][gc,phases   ] GC(224) Concurrent Destroy Detached Pages 0.001ms
[2026-06-17T10:22:41.569+0800][23.188s][info][gc,phases   ] GC(224) Concurrent Select Relocation Set 0.759ms
[2026-06-17T10:22:41.570+0800][23.189s][info][gc,phases   ] GC(224) Concurrent Prepare Relocation Set 0.021ms
[2026-06-17T10:22:41.570+0800][23.189s][info][gc,phases   ] GC(224) Pause Relocate Start 0.168ms
[2026-06-17T10:22:41.572+0800][23.191s][info][gc,phases   ] GC(224) Concurrent Relocate 1.159ms
[2026-06-17T10:22:41.572+0800][23.191s][info][gc,load     ] GC(224) Load: 0.20/0.20/0.28
[2026-06-17T10:22:41.572+0800][23.191s][info][gc,mmu      ] GC(224) MMU: 2ms/0.0%, 5ms/43.3%, 10ms/66.9%, 20ms/83.5%, 50ms/93.4%, 100ms/96.6%
[2026-06-17T10:22:41.572+0800][23.191s][info][gc,marking  ] GC(224) Mark: 2 stripe(s), 1 proactive flush(es), 1 terminate flush(es), 0 completion(s), 0 continuation(s) 
[2026-06-17T10:22:41.573+0800][23.191s][info][gc,reloc    ] GC(224) Relocation: Successful, 18M relocated
[2026-06-17T10:22:41.573+0800][23.192s][info][gc,nmethod  ] GC(224) NMethods: 23 registered, 0 unregistered
[2026-06-17T10:22:41.573+0800][23.192s][info][gc,metaspace] GC(224) Metaspace: 3M used, 4M capacity, 4M committed, 8M reserved
[2026-06-17T10:22:41.573+0800][23.192s][info][gc,ref      ] GC(224) Soft: 43 encountered, 0 discovered, 0 enqueued
[2026-06-17T10:22:41.573+0800][23.192s][info][gc,ref      ] GC(224) Weak: 7 encountered, 0 discovered, 0 enqueued
[2026-06-17T10:22:41.573+0800][23.192s][info][gc,ref      ] GC(224) Final: 0 encountered, 0 discovered, 0 enqueued
[2026-06-17T10:22:41.574+0800][23.192s][info][gc,ref      ] GC(224) Phantom: 1 encountered, 1 discovered, 0 enqueued
[2026-06-17T10:22:41.574+0800][23.192s][info][gc,heap     ] GC(224)                Mark Start          Mark End        Relocate Start      Relocate End           High               Low         
[2026-06-17T10:22:41.574+0800][23.193s][info][gc,heap     ] GC(224)  Capacity:      256M (100%)        256M (100%)        256M (100%)        256M (100%)        256M (100%)        256M (100%)   
[2026-06-17T10:22:41.574+0800][23.193s][info][gc,heap     ] GC(224)   Reserve:       62M (24%)          62M (24%)          62M (24%)          62M (24%)          62M (24%)          62M (24%)    
[2026-06-17T10:22:41.574+0800][23.193s][info][gc,heap     ] GC(224)      Free:       80M (31%)          80M (31%)         114M (45%)         144M (56%)         144M (56%)          74M (29%)    
[2026-06-17T10:22:41.574+0800][23.193s][info][gc,heap     ] GC(224)      Used:      114M (45%)         114M (45%)          80M (31%)          50M (20%)         120M (47%)          50M (20%)    
[2026-06-17T10:22:41.574+0800][23.193s][info][gc,heap     ] GC(224)      Live:         -                20M (8%)           20M (8%)           20M (8%)             -                  -          
[2026-06-17T10:22:41.574+0800][23.193s][info][gc,heap     ] GC(224) Allocated:         -                 0M (0%)            4M (2%)           46M (18%)            -                  -          
[2026-06-17T10:22:41.575+0800][23.193s][info][gc,heap     ] GC(224)   Garbage:         -                93M (37%)          55M (22%)          25M (10%)            -                  -          
[2026-06-17T10:22:41.575+0800][23.193s][info][gc,heap     ] GC(224) Reclaimed:         -                  -                38M (15%)          68M (27%)            -                  -          
[2026-06-17T10:22:41.575+0800][23.193s][info][gc          ] GC(224) Garbage Collection (Allocation Rate) 114M(45%)->50M(20%)
[2026-06-17T10:22:41.663+0800][23.282s][info][gc,start    ] GC(225) Garbage Collection (Allocation Rate)
[2026-06-17T10:22:41.666+0800][23.284s][info][gc,phases   ] GC(225) Pause Mark Start 0.285ms
[2026-06-17T10:22:41.668+0800][23.287s][info][gc,phases   ] GC(225) Concurrent Mark 2.081ms
[2026-06-17T10:22:41.670+0800][23.289s][info][gc,phases   ] GC(225) Pause Mark End 0.336ms
[2026-06-17T10:22:41.672+0800][23.291s][info][gc,phases   ] GC(225) Concurrent Process Non-Strong References 0.250ms
[2026-06-17T10:22:41.673+0800][23.292s][info][gc,phases   ] GC(225) Concurrent Reset Relocation Set 0.005ms
[2026-06-17T10:22:41.675+0800][23.294s][info][gc,phases   ] GC(225) Concurrent Destroy Detached Pages 0.001ms
[2026-06-17T10:22:41.678+0800][23.297s][info][gc,phases   ] GC(225) Concurrent Select Relocation Set 0.615ms
[2026-06-17T10:22:41.679+0800][23.297s][info][gc,phases   ] GC(225) Concurrent Prepare Relocation Set 0.004ms
[2026-06-17T10:22:41.681+0800][23.300s][info][gc,phases   ] GC(225) Pause Relocate Start 0.221ms
[2026-06-17T10:22:41.682+0800][23.301s][info][gc,phases   ] GC(225) Concurrent Relocate 0.265ms
[2026-06-17T10:22:41.682+0800][23.301s][info][gc,load     ] GC(225) Load: 0.20/0.20/0.28
[2026-06-17T10:22:41.682+0800][23.301s][info][gc,mmu      ] GC(225) MMU: 2ms/0.0%, 5ms/43.3%, 10ms/66.9%, 20ms/83.5%, 50ms/93.4%, 100ms/96.6%
[2026-06-17T10:22:41.682+0800][23.301s][info][gc,marking  ] GC(225) Mark: 2 stripe(s), 1 proactive flush(es), 1 terminate flush(es), 0 completion(s), 0 continuation(s) 
[2026-06-17T10:22:41.683+0800][23.301s][info][gc,reloc    ] GC(225) Relocation: Successful, 21M relocated
[2026-06-17T10:22:41.683+0800][23.302s][info][gc,nmethod  ] GC(225) NMethods: 23 registered, 0 unregistered
[2026-06-17T10:22:41.683+0800][23.302s][info][gc,metaspace] GC(225) Metaspace: 3M used, 4M capacity, 4M committed, 8M reserved
[2026-06-17T10:22:41.683+0800][23.302s][info][gc,ref      ] GC(225) Soft: 43 encountered, 0 discovered, 0 enqueued
[2026-06-17T10:22:41.683+0800][23.302s][info][gc,ref      ] GC(225) Weak: 7 encountered, 2 discovered, 0 enqueued
[2026-06-17T10:22:41.684+0800][23.302s][info][gc,ref      ] GC(225) Final: 0 encountered, 0 discovered, 0 enqueued
[2026-06-17T10:22:41.684+0800][23.303s][info][gc,ref      ] GC(225) Phantom: 1 encountered, 0 discovered, 0 enqueued
[2026-06-17T10:22:41.684+0800][23.303s][info][gc,heap     ] GC(225)                Mark Start          Mark End        Relocate Start      Relocate End           High               Low         
[2026-06-17T10:22:41.684+0800][23.303s][info][gc,heap     ] GC(225)  Capacity:      256M (100%)        256M (100%)        256M (100%)        256M (100%)        256M (100%)        256M (100%)   
[2026-06-17T10:22:41.685+0800][23.303s][info][gc,heap     ] GC(225)   Reserve:       62M (24%)          62M (24%)          62M (24%)          62M (24%)          62M (24%)          62M (24%)    
[2026-06-17T10:22:41.685+0800][23.304s][info][gc,heap     ] GC(225)      Free:      108M (42%)         108M (42%)         102M (40%)         112M (44%)         112M (44%)          70M (27%)    
[2026-06-17T10:22:41.685+0800][23.304s][info][gc,heap     ] GC(225)      Used:       86M (34%)          86M (34%)          92M (36%)          82M (32%)         124M (48%)          82M (32%)    
[2026-06-17T10:22:41.685+0800][23.304s][info][gc,heap     ] GC(225)      Live:         -                25M (10%)          25M (10%)          25M (10%)            -                  -          
[2026-06-17T10:22:41.685+0800][23.304s][info][gc,heap     ] GC(225) Allocated:         -                 0M (0%)           38M (15%)          44M (17%)            -                  -          
[2026-06-17T10:22:41.686+0800][23.304s][info][gc,heap     ] GC(225)   Garbage:         -                60M (24%)          28M (11%)          18M (7%)             -                  -          
[2026-06-17T10:22:41.686+0800][23.305s][info][gc,heap     ] GC(225) Reclaimed:         -                  -                32M (12%)          42M (16%)            -                  -          
[2026-06-17T10:22:41.686+0800][23.305s][info][gc          ] GC(225) Garbage Collection (Allocation Rate) 86M(34%)->82M(32%)
[2026-06-17T10:22:41.763+0800][23.381s][info][gc,start    ] GC(226) Garbage Collection (Allocation Rate)
[2026-06-17T10:22:41.764+0800][23.383s][info][gc,phases   ] GC(226) Pause Mark Start 0.267ms
[2026-06-17T10:22:41.766+0800][23.385s][info][gc,phases   ] GC(226) Concurrent Mark 1.839ms
[2026-06-17T10:22:41.768+0800][23.386s][info][gc,phases   ] GC(226) Pause Mark End 0.351ms
[2026-06-17T10:22:41.768+0800][23.387s][info][gc,phases   ] GC(226) Concurrent Process Non-Strong References 0.158ms
[2026-06-17T10:22:41.769+0800][23.387s][info][gc,phases   ] GC(226) Concurrent Reset Relocation Set 0.003ms
[2026-06-17T10:22:41.769+0800][23.388s][info][gc,phases   ] GC(226) Concurrent Destroy Detached Pages 0.001ms
[2026-06-17T10:22:41.770+0800][23.389s][info][gc,phases   ] GC(226) Concurrent Select Relocation Set 0.609ms
[2026-06-17T10:22:41.771+0800][23.389s][info][gc,phases   ] GC(226) Concurrent Prepare Relocation Set 0.011ms
[2026-06-17T10:22:41.771+0800][23.390s][info][gc,phases   ] GC(226) Pause Relocate Start 0.152ms
[2026-06-17T10:22:41.773+0800][23.392s][info][gc,phases   ] GC(226) Concurrent Relocate 1.519ms
[2026-06-17T10:22:41.773+0800][23.392s][info][gc,load     ] GC(226) Load: 0.20/0.20/0.28
[2026-06-17T10:22:41.774+0800][23.392s][info][gc,mmu      ] GC(226) MMU: 2ms/0.0%, 5ms/43.3%, 10ms/66.9%, 20ms/83.5%, 50ms/93.4%, 100ms/96.6%
[2026-06-17T10:22:41.774+0800][23.393s][info][gc,marking  ] GC(226) Mark: 2 stripe(s), 1 proactive flush(es), 1 terminate flush(es), 0 completion(s), 0 continuation(s) 
[2026-06-17T10:22:41.774+0800][23.393s][info][gc,reloc    ] GC(226) Relocation: Successful, 21M relocated
[2026-06-17T10:22:41.774+0800][23.393s][info][gc,nmethod  ] GC(226) NMethods: 23 registered, 0 unregistered
[2026-06-17T10:22:41.775+0800][23.393s][info][gc,metaspace] GC(226) Metaspace: 3M used, 4M capacity, 4M committed, 8M reserved
[2026-06-17T10:22:41.775+0800][23.394s][info][gc,ref      ] GC(226) Soft: 43 encountered, 0 discovered, 0 enqueued
[2026-06-17T10:22:41.775+0800][23.394s][info][gc,ref      ] GC(226) Weak: 7 encountered, 0 discovered, 0 enqueued
[2026-06-17T10:22:41.775+0800][23.394s][info][gc,ref      ] GC(226) Final: 0 encountered, 0 discovered, 0 enqueued
[2026-06-17T10:22:41.775+0800][23.394s][info][gc,ref      ] GC(226) Phantom: 1 encountered, 1 discovered, 0 enqueued
[2026-06-17T10:22:41.775+0800][23.394s][info][gc,heap     ] GC(226)                Mark Start          Mark End        Relocate Start      Relocate End           High               Low         
[2026-06-17T10:22:41.775+0800][23.394s][info][gc,heap     ] GC(226)  Capacity:      256M (100%)        256M (100%)        256M (100%)        256M (100%)        256M (100%)        256M (100%)   
[2026-06-17T10:22:41.776+0800][23.394s][info][gc,heap     ] GC(226)   Reserve:       62M (24%)          62M (24%)          62M (24%)          62M (24%)          62M (24%)          62M (24%)    
[2026-06-17T10:22:41.776+0800][23.394s][info][gc,heap     ] GC(226)      Free:       82M (32%)          82M (32%)          68M (27%)         146M (57%)         146M (57%)          44M (17%)    
[2026-06-17T10:22:41.776+0800][23.395s][info][gc,heap     ] GC(226)      Used:      112M (44%)         112M (44%)         126M (49%)          48M (19%)         150M (59%)          48M (19%)    
[2026-06-17T10:22:41.776+0800][23.395s][info][gc,heap     ] GC(226)      Live:         -                22M (9%)           22M (9%)           22M (9%)             -                  -          
[2026-06-17T10:22:41.776+0800][23.395s][info][gc,heap     ] GC(226) Allocated:         -                 0M (0%)           38M (15%)          46M (18%)            -                  -          
[2026-06-17T10:22:41.776+0800][23.395s][info][gc,heap     ] GC(226)   Garbage:         -                89M (35%)          65M (26%)    17592186044403M (6         -                  -          
[2026-06-17T10:22:41.776+0800][23.395s][info][gc,heap     ] GC(226) Reclaimed:         -                  -                24M (9%)          102M (40%)            -                  -          
[2026-06-17T10:22:41.776+0800][23.395s][info][gc          ] GC(226) Garbage Collection (Allocation Rate) 112M(44%)->48M(19%)
[2026-06-17T10:22:41.863+0800][23.482s][info][gc,start    ] GC(227) Garbage Collection (Allocation Rate)
[2026-06-17T10:22:41.864+0800][23.483s][info][gc,phases   ] GC(227) Pause Mark Start 0.204ms
[2026-06-17T10:22:41.866+0800][23.485s][info][gc,phases   ] GC(227) Concurrent Mark 1.552ms
[2026-06-17T10:22:41.867+0800][23.486s][info][gc,phases   ] GC(227) Pause Mark End 0.277ms
[2026-06-17T10:22:41.867+0800][23.486s][info][gc,phases   ] GC(227) Concurrent Process Non-Strong References 0.173ms
[2026-06-17T10:22:41.868+0800][23.486s][info][gc,phases   ] GC(227) Concurrent Reset Relocation Set 0.004ms
[2026-06-17T10:22:41.868+0800][23.487s][info][gc,phases   ] GC(227) Concurrent Destroy Detached Pages 0.001ms
[2026-06-17T10:22:41.868+0800][23.487s][info][gc,phases   ] GC(227) Concurrent Select Relocation Set 0.495ms
[2026-06-17T10:22:41.869+0800][23.487s][info][gc,phases   ] GC(227) Concurrent Prepare Relocation Set 0.002ms
[2026-06-17T10:22:41.869+0800][23.488s][info][gc,phases   ] GC(227) Pause Relocate Start 0.132ms
[2026-06-17T10:22:41.870+0800][23.488s][info][gc,phases   ] GC(227) Concurrent Relocate 0.338ms
[2026-06-17T10:22:41.870+0800][23.489s][info][gc,load     ] GC(227) Load: 0.20/0.20/0.28
[2026-06-17T10:22:41.870+0800][23.489s][info][gc,mmu      ] GC(227) MMU: 2ms/0.0%, 5ms/43.3%, 10ms/66.9%, 20ms/83.5%, 50ms/93.4%, 100ms/96.6%
[2026-06-17T10:22:41.870+0800][23.489s][info][gc,marking  ] GC(227) Mark: 2 stripe(s), 2 proactive flush(es), 1 terminate flush(es), 0 completion(s), 0 continuation(s) 
[2026-06-17T10:22:41.870+0800][23.489s][info][gc,reloc    ] GC(227) Relocation: Successful, 24M relocated
[2026-06-17T10:22:41.870+0800][23.489s][info][gc,nmethod  ] GC(227) NMethods: 23 registered, 0 unregistered
[2026-06-17T10:22:41.871+0800][23.489s][info][gc,metaspace] GC(227) Metaspace: 3M used, 4M capacity, 4M committed, 8M reserved
[2026-06-17T10:22:41.871+0800][23.489s][info][gc,ref      ] GC(227) Soft: 43 encountered, 0 discovered, 0 enqueued
[2026-06-17T10:22:41.871+0800][23.490s][info][gc,ref      ] GC(227) Weak: 7 encountered, 2 discovered, 0 enqueued
[2026-06-17T10:22:41.871+0800][23.490s][info][gc,ref      ] GC(227) Final: 0 encountered, 0 discovered, 0 enqueued
[2026-06-17T10:22:41.871+0800][23.490s][info][gc,ref      ] GC(227) Phantom: 1 encountered, 1 discovered, 0 enqueued
[2026-06-17T10:22:41.871+0800][23.490s][info][gc,heap     ] GC(227)                Mark Start          Mark End        Relocate Start      Relocate End           High               Low         
[2026-06-17T10:22:41.872+0800][23.490s][info][gc,heap     ] GC(227)  Capacity:      256M (100%)        256M (100%)        256M (100%)        256M (100%)        256M (100%)        256M (100%)   
[2026-06-17T10:22:41.872+0800][23.491s][info][gc,heap     ] GC(227)   Reserve:       62M (24%)          62M (24%)          62M (24%)          62M (24%)          62M (24%)          62M (24%)    
[2026-06-17T10:22:41.872+0800][23.491s][info][gc,heap     ] GC(227)      Free:      114M (45%)          78M (30%)         100M (39%)         112M (44%)         114M (45%)          78M (30%)    
[2026-06-17T10:22:41.872+0800][23.491s][info][gc,heap     ] GC(227)      Used:       80M (31%)         116M (45%)          94M (37%)          82M (32%)         116M (45%)          80M (31%)    
[2026-06-17T10:22:41.872+0800][23.491s][info][gc,heap     ] GC(227)      Live:         -                29M (12%)          29M (12%)          29M (12%)            -                  -          
[2026-06-17T10:22:41.872+0800][23.491s][info][gc,heap     ] GC(227) Allocated:         -                36M (14%)          36M (14%)          44M (17%)            -                  -          
[2026-06-17T10:22:41.872+0800][23.491s][info][gc,heap     ] GC(227)   Garbage:         -                50M (20%)          28M (11%)          16M (6%)             -                  -          
[2026-06-17T10:22:41.873+0800][23.491s][info][gc,heap     ] GC(227) Reclaimed:         -                  -                22M (9%)           34M (13%)            -                  -          
[2026-06-17T10:22:41.873+0800][23.491s][info][gc          ] GC(227) Garbage Collection (Allocation Rate) 80M(31%)->82M(32%)
[2026-06-17T10:22:41.963+0800][23.582s][info][gc,start    ] GC(228) Garbage Collection (Allocation Rate)
[2026-06-17T10:22:41.995+0800][23.614s][info][gc,phases   ] GC(228) Pause Mark Start 0.160ms
[2026-06-17T10:22:41.999+0800][23.618s][info][gc,phases   ] GC(228) Concurrent Mark 1.445ms
[2026-06-17T10:22:42.031+0800][23.650s][info][gc,phases   ] GC(228) Pause Mark End 0.331ms
[2026-06-17T10:22:42.031+0800][23.650s][info][gc,phases   ] GC(228) Concurrent Process Non-Strong References 0.113ms
[2026-06-17T10:22:42.032+0800][23.650s][info][gc,phases   ] GC(228) Concurrent Reset Relocation Set 0.002ms
[2026-06-17T10:22:42.032+0800][23.651s][info][gc,phases   ] GC(228) Concurrent Destroy Detached Pages 0.001ms
[2026-06-17T10:22:42.032+0800][23.651s][info][gc,phases   ] GC(228) Concurrent Select Relocation Set 0.501ms
[2026-06-17T10:22:42.096+0800][23.715s][info][gc,phases   ] GC(228) Concurrent Prepare Relocation Set 0.015ms
[2026-06-17T10:22:42.097+0800][23.716s][info][gc,phases   ] GC(228) Pause Relocate Start 0.163ms
[2026-06-17T10:22:42.099+0800][23.718s][info][gc,phases   ] GC(228) Concurrent Relocate 1.928ms
[2026-06-17T10:22:42.117+0800][23.736s][info][gc,load     ] GC(228) Load: 0.20/0.20/0.28
[2026-06-17T10:22:42.118+0800][23.737s][info][gc,mmu      ] GC(228) MMU: 2ms/0.0%, 5ms/43.3%, 10ms/66.9%, 20ms/83.5%, 50ms/93.4%, 100ms/96.6%
[2026-06-17T10:22:42.121+0800][23.740s][info][gc,marking  ] GC(228) Mark: 2 stripe(s), 1 proactive flush(es), 1 terminate flush(es), 0 completion(s), 0 continuation(s) 
[2026-06-17T10:22:42.121+0800][23.740s][info][gc,reloc    ] GC(228) Relocation: Successful, 26M relocated
[2026-06-17T10:22:42.122+0800][23.741s][info][gc,nmethod  ] GC(228) NMethods: 23 registered, 0 unregistered
[2026-06-17T10:22:42.122+0800][23.741s][info][gc,metaspace] GC(228) Metaspace: 3M used, 4M capacity, 4M committed, 8M reserved
[2026-06-17T10:22:42.123+0800][23.741s][info][gc,ref      ] GC(228) Soft: 43 encountered, 0 discovered, 0 enqueued
[2026-06-17T10:22:42.123+0800][23.742s][info][gc,ref      ] GC(228) Weak: 7 encountered, 2 discovered, 0 enqueued
[2026-06-17T10:22:42.123+0800][23.742s][info][gc,ref      ] GC(228) Final: 0 encountered, 0 discovered, 0 enqueued
[2026-06-17T10:22:42.126+0800][23.745s][info][gc,ref      ] GC(228) Phantom: 1 encountered, 1 discovered, 0 enqueued
[2026-06-17T10:22:42.133+0800][23.751s][info][gc,heap     ] GC(228)                Mark Start          Mark End        Relocate Start      Relocate End           High               Low         
[2026-06-17T10:22:42.138+0800][23.757s][info][gc,heap     ] GC(228)  Capacity:      256M (100%)        256M (100%)        256M (100%)        256M (100%)        256M (100%)        256M (100%)   
[2026-06-17T10:22:42.143+0800][23.762s][info][gc,heap     ] GC(228)   Reserve:       62M (24%)          62M (24%)          62M (24%)          62M (24%)          62M (24%)          62M (24%)    
[2026-06-17T10:22:42.145+0800][23.764s][info][gc,heap     ] GC(228)      Free:       68M (27%)          24M (9%)           36M (14%)         110M (43%)         110M (43%)          24M (9%)     
[2026-06-17T10:22:42.148+0800][23.767s][info][gc,heap     ] GC(228)      Used:      126M (49%)         170M (66%)         158M (62%)          84M (33%)         170M (66%)          84M (33%)    
[2026-06-17T10:22:42.149+0800][23.767s][info][gc,heap     ] GC(228)      Live:         -                30M (12%)          30M (12%)          30M (12%)            -                  -          
[2026-06-17T10:22:42.156+0800][23.775s][info][gc,heap     ] GC(228) Allocated:         -                44M (17%)          70M (27%)          78M (30%)            -                  -          
[2026-06-17T10:22:42.158+0800][23.776s][info][gc,heap     ] GC(228)   Garbage:         -                95M (37%)          57M (23%)    17592186044399M (6         -                  -          
[2026-06-17T10:22:42.158+0800][23.777s][info][gc,heap     ] GC(228) Reclaimed:         -                  -                38M (15%)         112M (44%)            -                  -          
[2026-06-17T10:22:42.160+0800][23.779s][info][gc          ] GC(228) Garbage Collection (Allocation Rate) 126M(49%)->84M(33%)
[2026-06-17T10:22:42.222+0800][23.841s][info][gc,heap     ] Page Cache Flushed: 2M requested, 32M(32M->0M) flushed
[2026-06-17T10:22:42.263+0800][23.881s][info][gc,start    ] GC(229) Garbage Collection (Allocation Rate)
[2026-06-17T10:22:42.264+0800][23.883s][info][gc,phases   ] GC(229) Pause Mark Start 0.163ms
[2026-06-17T10:22:42.266+0800][23.885s][info][gc,phases   ] GC(229) Concurrent Mark 1.545ms
[2026-06-17T10:22:42.267+0800][23.886s][info][gc,phases   ] GC(229) Pause Mark End 0.297ms
[2026-06-17T10:22:42.267+0800][23.886s][info][gc,phases   ] GC(229) Concurrent Process Non-Strong References 0.143ms
[2026-06-17T10:22:42.268+0800][23.886s][info][gc,phases   ] GC(229) Concurrent Reset Relocation Set 0.002ms
[2026-06-17T10:22:42.268+0800][23.887s][info][gc,phases   ] GC(229) Concurrent Destroy Detached Pages 0.002ms
[2026-06-17T10:22:42.269+0800][23.887s][info][gc,phases   ] GC(229) Concurrent Select Relocation Set 0.501ms
[2026-06-17T10:22:42.269+0800][23.888s][info][gc,phases   ] GC(229) Concurrent Prepare Relocation Set 0.019ms
[2026-06-17T10:22:42.269+0800][23.888s][info][gc,phases   ] GC(229) Pause Relocate Start 0.175ms
[2026-06-17T10:22:42.274+0800][23.893s][info][gc,phases   ] GC(229) Concurrent Relocate 4.387ms
[2026-06-17T10:22:42.274+0800][23.893s][info][gc,load     ] GC(229) Load: 0.20/0.20/0.28
[2026-06-17T10:22:42.275+0800][23.893s][info][gc,mmu      ] GC(229) MMU: 2ms/0.0%, 5ms/43.3%, 10ms/66.9%, 20ms/83.5%, 50ms/93.4%, 100ms/96.6%
[2026-06-17T10:22:42.275+0800][23.893s][info][gc,marking  ] GC(229) Mark: 2 stripe(s), 1 proactive flush(es), 1 terminate flush(es), 0 completion(s), 0 continuation(s) 
[2026-06-17T10:22:42.275+0800][23.894s][info][gc,reloc    ] GC(229) Relocation: Successful, 22M relocated
[2026-06-17T10:22:42.275+0800][23.894s][info][gc,nmethod  ] GC(229) NMethods: 23 registered, 0 unregistered
[2026-06-17T10:22:42.275+0800][23.894s][info][gc,metaspace] GC(229) Metaspace: 3M used, 4M capacity, 4M committed, 8M reserved
[2026-06-17T10:22:42.275+0800][23.894s][info][gc,ref      ] GC(229) Soft: 43 encountered, 0 discovered, 0 enqueued
[2026-06-17T10:22:42.275+0800][23.894s][info][gc,ref      ] GC(229) Weak: 7 encountered, 2 discovered, 0 enqueued
[2026-06-17T10:22:42.275+0800][23.894s][info][gc,ref      ] GC(229) Final: 0 encountered, 0 discovered, 0 enqueued
[2026-06-17T10:22:42.276+0800][23.894s][info][gc,ref      ] GC(229) Phantom: 1 encountered, 1 discovered, 0 enqueued
[2026-06-17T10:22:42.276+0800][23.894s][info][gc,heap     ] GC(229)                Mark Start          Mark End        Relocate Start      Relocate End           High               Low         
[2026-06-17T10:22:42.276+0800][23.895s][info][gc,heap     ] GC(229)  Capacity:      256M (100%)        256M (100%)        256M (100%)        256M (100%)        256M (100%)        256M (100%)   
[2026-06-17T10:22:42.276+0800][23.895s][info][gc,heap     ] GC(229)   Reserve:       62M (24%)          62M (24%)          62M (24%)          62M (24%)          62M (24%)          62M (24%)    
[2026-06-17T10:22:42.276+0800][23.895s][info][gc,heap     ] GC(229)      Free:       20M (8%)           20M (8%)           96M (38%)         146M (57%)         146M (57%)          20M (8%)     
[2026-06-17T10:22:42.276+0800][23.895s][info][gc,heap     ] GC(229)      Used:      174M (68%)         174M (68%)          98M (38%)          48M (19%)         174M (68%)          48M (19%)    
[2026-06-17T10:22:42.276+0800][23.895s][info][gc,heap     ] GC(229)      Live:         -                22M (9%)           22M (9%)           22M (9%)             -                  -          
[2026-06-17T10:22:42.276+0800][23.895s][info][gc,heap     ] GC(229) Allocated:         -                 0M (0%)            0M (0%)           78M (30%)            -                  -          
[2026-06-17T10:22:42.277+0800][23.895s][info][gc,heap     ] GC(229)   Garbage:         -               151M (59%)          75M (29%)          53M (21%)            -                  -          
[2026-06-17T10:22:42.277+0800][23.895s][info][gc,heap     ] GC(229) Reclaimed:         -                  -                76M (30%)          98M (38%)            -                  -          
[2026-06-17T10:22:42.277+0800][23.896s][info][gc          ] GC(229) Garbage Collection (Allocation Rate) 174M(68%)->48M(19%)
[2026-06-17T10:22:42.363+0800][23.982s][info][gc,start    ] GC(230) Garbage Collection (Allocation Rate)
[2026-06-17T10:22:42.364+0800][23.983s][info][gc,phases   ] GC(230) Pause Mark Start 0.213ms
[2026-06-17T10:22:42.366+0800][23.985s][info][gc,phases   ] GC(230) Concurrent Mark 1.700ms
[2026-06-17T10:22:42.367+0800][23.986s][info][gc,phases   ] GC(230) Pause Mark End 0.302ms
[2026-06-17T10:22:42.368+0800][23.987s][info][gc,phases   ] GC(230) Concurrent Process Non-Strong References 0.152ms
[2026-06-17T10:22:42.368+0800][23.987s][info][gc,phases   ] GC(230) Concurrent Reset Relocation Set 0.004ms
[2026-06-17T10:22:42.368+0800][23.987s][info][gc,phases   ] GC(230) Concurrent Destroy Detached Pages 0.001ms
[2026-06-17T10:22:42.369+0800][23.988s][info][gc,phases   ] GC(230) Concurrent Select Relocation Set 0.670ms
[2026-06-17T10:22:42.370+0800][23.988s][info][gc,phases   ] GC(230) Concurrent Prepare Relocation Set 0.003ms
[2026-06-17T10:22:42.370+0800][23.989s][info][gc,phases   ] GC(230) Pause Relocate Start 0.136ms
[2026-06-17T10:22:42.371+0800][23.990s][info][gc,phases   ] GC(230) Concurrent Relocate 0.229ms
[2026-06-17T10:22:42.371+0800][23.990s][info][gc,load     ] GC(230) Load: 0.20/0.20/0.28
[2026-06-17T10:22:42.371+0800][23.990s][info][gc,mmu      ] GC(230) MMU: 2ms/0.0%, 5ms/43.3%, 10ms/66.9%, 20ms/83.5%, 50ms/93.4%, 100ms/96.6%
[2026-06-17T10:22:42.371+0800][23.990s][info][gc,marking  ] GC(230) Mark: 2 stripe(s), 1 proactive flush(es), 1 terminate flush(es), 0 completion(s), 0 continuation(s) 
[2026-06-17T10:22:42.372+0800][23.990s][info][gc,reloc    ] GC(230) Relocation: Successful, 19M relocated
[2026-06-17T10:22:42.372+0800][23.991s][info][gc,nmethod  ] GC(230) NMethods: 23 registered, 0 unregistered
[2026-06-17T10:22:42.372+0800][23.991s][info][gc,metaspace] GC(230) Metaspace: 3M used, 4M capacity, 4M committed, 8M reserved
[2026-06-17T10:22:42.372+0800][23.991s][info][gc,ref      ] GC(230) Soft: 43 encountered, 0 discovered, 0 enqueued
[2026-06-17T10:22:42.372+0800][23.991s][info][gc,ref      ] GC(230) Weak: 7 encountered, 2 discovered, 0 enqueued
[2026-06-17T10:22:42.372+0800][23.991s][info][gc,ref      ] GC(230) Final: 0 encountered, 0 discovered, 0 enqueued
[2026-06-17T10:22:42.372+0800][23.991s][info][gc,ref      ] GC(230) Phantom: 1 encountered, 1 discovered, 0 enqueued
[2026-06-17T10:22:42.373+0800][23.991s][info][gc,heap     ] GC(230)                Mark Start          Mark End        Relocate Start      Relocate End           High               Low         
[2026-06-17T10:22:42.373+0800][23.991s][info][gc,heap     ] GC(230)  Capacity:      256M (100%)        256M (100%)        256M (100%)        256M (100%)        256M (100%)        256M (100%)   
[2026-06-17T10:22:42.373+0800][23.992s][info][gc,heap     ] GC(230)   Reserve:       62M (24%)          62M (24%)          62M (24%)          62M (24%)          62M (24%)          62M (24%)    
[2026-06-17T10:22:42.373+0800][23.992s][info][gc,heap     ] GC(230)      Free:      116M (45%)         112M (44%)         138M (54%)         150M (59%)         150M (59%)         112M (44%)    
[2026-06-17T10:22:42.373+0800][23.992s][info][gc,heap     ] GC(230)      Used:       78M (30%)          82M (32%)          56M (22%)          44M (17%)          82M (32%)          44M (17%)    
[2026-06-17T10:22:42.373+0800][23.992s][info][gc,heap     ] GC(230)      Live:         -                19M (8%)           19M (8%)           19M (8%)             -                  -          
[2026-06-17T10:22:42.373+0800][23.992s][info][gc,heap     ] GC(230) Allocated:         -                 4M (2%)            4M (2%)           10M (4%)             -                  -          
[2026-06-17T10:22:42.373+0800][23.992s][info][gc,heap     ] GC(230)   Garbage:         -                58M (23%)          32M (13%)          20M (8%)             -                  -          
[2026-06-17T10:22:42.373+0800][23.992s][info][gc,heap     ] GC(230) Reclaimed:         -                  -                26M (10%)          38M (15%)            -                  -          
[2026-06-17T10:22:42.374+0800][23.992s][info][gc          ] GC(230) Garbage Collection (Allocation Rate) 78M(30%)->44M(17%)
[2026-06-17T10:22:42.463+0800][24.082s][info][gc,start    ] GC(231) Garbage Collection (Allocation Rate)
[2026-06-17T10:22:42.464+0800][24.083s][info][gc,phases   ] GC(231) Pause Mark Start 0.226ms
[2026-06-17T10:22:42.466+0800][24.085s][info][gc,phases   ] GC(231) Concurrent Mark 1.477ms
[2026-06-17T10:22:42.467+0800][24.085s][info][gc,phases   ] GC(231) Pause Mark End 0.325ms
[2026-06-17T10:22:42.467+0800][24.086s][info][gc,phases   ] GC(231) Concurrent Process Non-Strong References 0.095ms
[2026-06-17T10:22:42.467+0800][24.086s][info][gc,phases   ] GC(231) Concurrent Reset Relocation Set 0.004ms
[2026-06-17T10:22:42.467+0800][24.086s][info][gc,phases   ] GC(231) Concurrent Destroy Detached Pages 0.001ms
[2026-06-17T10:22:42.468+0800][24.087s][info][gc,phases   ] GC(231) Concurrent Select Relocation Set 0.498ms
[2026-06-17T10:22:42.468+0800][24.087s][info][gc,phases   ] GC(231) Concurrent Prepare Relocation Set 0.009ms
[2026-06-17T10:22:42.469+0800][24.087s][info][gc,phases   ] GC(231) Pause Relocate Start 0.134ms
[2026-06-17T10:22:42.471+0800][24.089s][info][gc,phases   ] GC(231) Concurrent Relocate 1.803ms
[2026-06-17T10:22:42.471+0800][24.090s][info][gc,load     ] GC(231) Load: 0.20/0.20/0.28
[2026-06-17T10:22:42.471+0800][24.090s][info][gc,mmu      ] GC(231) MMU: 2ms/0.0%, 5ms/43.3%, 10ms/66.9%, 20ms/83.5%, 50ms/93.4%, 100ms/96.6%
[2026-06-17T10:22:42.472+0800][24.091s][info][gc,marking  ] GC(231) Mark: 2 stripe(s), 1 proactive flush(es), 1 terminate flush(es), 0 completion(s), 0 continuation(s) 
[2026-06-17T10:22:42.472+0800][24.091s][info][gc,reloc    ] GC(231) Relocation: Successful, 23M relocated
[2026-06-17T10:22:42.472+0800][24.091s][info][gc,nmethod  ] GC(231) NMethods: 23 registered, 0 unregistered
[2026-06-17T10:22:42.473+0800][24.091s][info][gc,metaspace] GC(231) Metaspace: 3M used, 4M capacity, 4M committed, 8M reserved
[2026-06-17T10:22:42.473+0800][24.091s][info][gc,ref      ] GC(231) Soft: 43 encountered, 0 discovered, 0 enqueued
[2026-06-17T10:22:42.473+0800][24.092s][info][gc,ref      ] GC(231) Weak: 7 encountered, 2 discovered, 0 enqueued
[2026-06-17T10:22:42.473+0800][24.092s][info][gc,ref      ] GC(231) Final: 0 encountered, 0 discovered, 0 enqueued
[2026-06-17T10:22:42.473+0800][24.092s][info][gc,ref      ] GC(231) Phantom: 1 encountered, 0 discovered, 0 enqueued
[2026-06-17T10:22:42.473+0800][24.092s][info][gc,heap     ] GC(231)                Mark Start          Mark End        Relocate Start      Relocate End           High               Low         
[2026-06-17T10:22:42.473+0800][24.092s][info][gc,heap     ] GC(231)  Capacity:      256M (100%)        256M (100%)        256M (100%)        256M (100%)        256M (100%)        256M (100%)   
[2026-06-17T10:22:42.474+0800][24.092s][info][gc,heap     ] GC(231)   Reserve:       62M (24%)          62M (24%)          62M (24%)          62M (24%)          62M (24%)          62M (24%)    
[2026-06-17T10:22:42.474+0800][24.093s][info][gc,heap     ] GC(231)      Free:       84M (33%)          84M (33%)         112M (44%)         148M (58%)         148M (58%)          74M (29%)    
[2026-06-17T10:22:42.474+0800][24.093s][info][gc,heap     ] GC(231)      Used:      110M (43%)         110M (43%)          82M (32%)          46M (18%)         120M (47%)          46M (18%)    
[2026-06-17T10:22:42.474+0800][24.093s][info][gc,heap     ] GC(231)      Live:         -                25M (10%)          25M (10%)          25M (10%)            -                  -          
[2026-06-17T10:22:42.474+0800][24.093s][info][gc,heap     ] GC(231) Allocated:         -                 0M (0%)            0M (0%)           44M (17%)            -                  -          
[2026-06-17T10:22:42.474+0800][24.093s][info][gc,heap     ] GC(231)   Garbage:         -                84M (33%)          56M (22%)          16M (6%)             -                  -          
[2026-06-17T10:22:42.474+0800][24.093s][info][gc,heap     ] GC(231) Reclaimed:         -                  -                28M (11%)          68M (27%)            -                  -          
[2026-06-17T10:22:42.474+0800][24.093s][info][gc          ] GC(231) Garbage Collection (Allocation Rate) 110M(43%)->46M(18%)
[2026-06-17T10:22:42.563+0800][24.182s][info][gc,start    ] GC(232) Garbage Collection (Allocation Rate)
[2026-06-17T10:22:42.564+0800][24.183s][info][gc,phases   ] GC(232) Pause Mark Start 0.180ms
[2026-06-17T10:22:42.566+0800][24.185s][info][gc,phases   ] GC(232) Concurrent Mark 1.765ms
[2026-06-17T10:22:42.567+0800][24.186s][info][gc,phases   ] GC(232) Pause Mark End 0.274ms
[2026-06-17T10:22:42.567+0800][24.186s][info][gc,phases   ] GC(232) Concurrent Process Non-Strong References 0.101ms
[2026-06-17T10:22:42.568+0800][24.186s][info][gc,phases   ] GC(232) Concurrent Reset Relocation Set 0.004ms
[2026-06-17T10:22:42.568+0800][24.186s][info][gc,phases   ] GC(232) Concurrent Destroy Detached Pages 0.001ms
[2026-06-17T10:22:42.568+0800][24.187s][info][gc,phases   ] GC(232) Concurrent Select Relocation Set 0.526ms
[2026-06-17T10:22:42.569+0800][24.187s][info][gc,phases   ] GC(232) Concurrent Prepare Relocation Set 0.007ms
[2026-06-17T10:22:42.569+0800][24.188s][info][gc,phases   ] GC(232) Pause Relocate Start 0.125ms
[2026-06-17T10:22:42.570+0800][24.188s][info][gc,phases   ] GC(232) Concurrent Relocate 0.327ms
[2026-06-17T10:22:42.570+0800][24.189s][info][gc,load     ] GC(232) Load: 0.20/0.20/0.28
[2026-06-17T10:22:42.570+0800][24.189s][info][gc,mmu      ] GC(232) MMU: 2ms/0.0%, 5ms/43.3%, 10ms/66.9%, 20ms/83.5%, 50ms/93.4%, 100ms/96.6%
[2026-06-17T10:22:42.570+0800][24.189s][info][gc,marking  ] GC(232) Mark: 2 stripe(s), 2 proactive flush(es), 1 terminate flush(es), 0 completion(s), 0 continuation(s) 
[2026-06-17T10:22:42.570+0800][24.189s][info][gc,reloc    ] GC(232) Relocation: Successful, 20M relocated
[2026-06-17T10:22:42.571+0800][24.189s][info][gc,nmethod  ] GC(232) NMethods: 23 registered, 0 unregistered
[2026-06-17T10:22:42.571+0800][24.189s][info][gc,metaspace] GC(232) Metaspace: 3M used, 4M capacity, 4M committed, 8M reserved
[2026-06-17T10:22:42.571+0800][24.190s][info][gc,ref      ] GC(232) Soft: 43 encountered, 0 discovered, 0 enqueued
[2026-06-17T10:22:42.571+0800][24.190s][info][gc,ref      ] GC(232) Weak: 7 encountered, 2 discovered, 0 enqueued
[2026-06-17T10:22:42.571+0800][24.190s][info][gc,ref      ] GC(232) Final: 0 encountered, 0 discovered, 0 enqueued
[2026-06-17T10:22:42.571+0800][24.190s][info][gc,ref      ] GC(232) Phantom: 1 encountered, 0 discovered, 0 enqueued
[2026-06-17T10:22:42.571+0800][24.190s][info][gc,heap     ] GC(232)                Mark Start          Mark End        Relocate Start      Relocate End           High               Low         
[2026-06-17T10:22:42.571+0800][24.190s][info][gc,heap     ] GC(232)  Capacity:      256M (100%)        256M (100%)        256M (100%)        256M (100%)        256M (100%)        256M (100%)   
[2026-06-17T10:22:42.571+0800][24.190s][info][gc,heap     ] GC(232)   Reserve:       62M (24%)          62M (24%)          62M (24%)          62M (24%)          62M (24%)          62M (24%)    
[2026-06-17T10:22:42.572+0800][24.190s][info][gc,heap     ] GC(232)      Free:      116M (45%)          78M (30%)         106M (41%)         114M (45%)         116M (45%)          78M (30%)    
[2026-06-17T10:22:42.572+0800][24.190s][info][gc,heap     ] GC(232)      Used:       78M (30%)         116M (45%)          88M (34%)          80M (31%)         116M (45%)          78M (30%)    
[2026-06-17T10:22:42.572+0800][24.190s][info][gc,heap     ] GC(232)      Live:         -                20M (8%)           20M (8%)           20M (8%)             -                  -          
[2026-06-17T10:22:42.572+0800][24.191s][info][gc,heap     ] GC(232) Allocated:         -                38M (15%)          38M (15%)          46M (18%)            -                  -          
[2026-06-17T10:22:42.572+0800][24.191s][info][gc,heap     ] GC(232)   Garbage:         -                57M (22%)          29M (11%)          21M (8%)             -                  -          
[2026-06-17T10:22:42.572+0800][24.191s][info][gc,heap     ] GC(232) Reclaimed:         -                  -                28M (11%)          36M (14%)            -                  -          
[2026-06-17T10:22:42.572+0800][24.191s][info][gc          ] GC(232) Garbage Collection (Allocation Rate) 78M(30%)->80M(31%)
[2026-06-17T10:22:42.662+0800][24.281s][info][gc,start    ] GC(233) Garbage Collection (Allocation Rate)
[2026-06-17T10:22:42.663+0800][24.282s][info][gc,phases   ] GC(233) Pause Mark Start 0.198ms
[2026-06-17T10:22:42.666+0800][24.284s][info][gc,phases   ] GC(233) Concurrent Mark 1.728ms
[2026-06-17T10:22:42.667+0800][24.286s][info][gc,phases   ] GC(233) Pause Mark End 0.364ms
[2026-06-17T10:22:42.668+0800][24.287s][info][gc,phases   ] GC(233) Concurrent Process Non-Strong References 0.103ms
[2026-06-17T10:22:42.671+0800][24.290s][info][gc,phases   ] GC(233) Concurrent Reset Relocation Set 0.004ms
[2026-06-17T10:22:42.673+0800][24.291s][info][gc,phases   ] GC(233) Concurrent Destroy Detached Pages 0.002ms
[2026-06-17T10:22:42.674+0800][24.293s][info][gc,phases   ] GC(233) Concurrent Select Relocation Set 0.493ms
[2026-06-17T10:22:42.675+0800][24.293s][info][gc,phases   ] GC(233) Concurrent Prepare Relocation Set 0.009ms
[2026-06-17T10:22:42.675+0800][24.294s][info][gc,phases   ] GC(233) Pause Relocate Start 0.187ms
[2026-06-17T10:22:42.677+0800][24.295s][info][gc,phases   ] GC(233) Concurrent Relocate 1.213ms
[2026-06-17T10:22:42.677+0800][24.296s][info][gc,load     ] GC(233) Load: 0.20/0.20/0.28
[2026-06-17T10:22:42.677+0800][24.296s][info][gc,mmu      ] GC(233) MMU: 2ms/0.0%, 5ms/43.3%, 10ms/66.9%, 20ms/83.5%, 50ms/93.4%, 100ms/96.6%
[2026-06-17T10:22:42.677+0800][24.296s][info][gc,marking  ] GC(233) Mark: 2 stripe(s), 1 proactive flush(es), 1 terminate flush(es), 0 completion(s), 0 continuation(s) 
[2026-06-17T10:22:42.678+0800][24.296s][info][gc,reloc    ] GC(233) Relocation: Successful, 19M relocated
[2026-06-17T10:22:42.678+0800][24.297s][info][gc,nmethod  ] GC(233) NMethods: 23 registered, 0 unregistered
[2026-06-17T10:22:42.678+0800][24.297s][info][gc,metaspace] GC(233) Metaspace: 3M used, 4M capacity, 4M committed, 8M reserved
[2026-06-17T10:22:42.678+0800][24.297s][info][gc,ref      ] GC(233) Soft: 43 encountered, 0 discovered, 0 enqueued
[2026-06-17T10:22:42.678+0800][24.297s][info][gc,ref      ] GC(233) Weak: 7 encountered, 0 discovered, 0 enqueued
[2026-06-17T10:22:42.679+0800][24.297s][info][gc,ref      ] GC(233) Final: 0 encountered, 0 discovered, 0 enqueued
[2026-06-17T10:22:42.679+0800][24.298s][info][gc,ref      ] GC(233) Phantom: 1 encountered, 1 discovered, 0 enqueued
[2026-06-17T10:22:42.679+0800][24.298s][info][gc,heap     ] GC(233)                Mark Start          Mark End        Relocate Start      Relocate End           High               Low         
[2026-06-17T10:22:42.679+0800][24.298s][info][gc,heap     ] GC(233)  Capacity:      256M (100%)        256M (100%)        256M (100%)        256M (100%)        256M (100%)        256M (100%)   
[2026-06-17T10:22:42.679+0800][24.298s][info][gc,heap     ] GC(233)   Reserve:       62M (24%)          62M (24%)          62M (24%)          62M (24%)          62M (24%)          62M (24%)    
[2026-06-17T10:22:42.679+0800][24.298s][info][gc,heap     ] GC(233)      Free:       78M (30%)          78M (30%)         104M (41%)         148M (58%)         148M (58%)          66M (26%)    
[2026-06-17T10:22:42.680+0800][24.298s][info][gc,heap     ] GC(233)      Used:      116M (45%)         116M (45%)          90M (35%)          46M (18%)         128M (50%)          46M (18%)    
[2026-06-17T10:22:42.680+0800][24.298s][info][gc,heap     ] GC(233)      Live:         -                19M (8%)           19M (8%)           19M (8%)             -                  -          
[2026-06-17T10:22:42.680+0800][24.299s][info][gc,heap     ] GC(233) Allocated:         -                 0M (0%)            4M (2%)           44M (17%)            -                  -          
[2026-06-17T10:22:42.680+0800][24.299s][info][gc,heap     ] GC(233)   Garbage:         -                96M (38%)          66M (26%)          22M (9%)             -                  -          
[2026-06-17T10:22:42.680+0800][24.299s][info][gc,heap     ] GC(233) Reclaimed:         -                  -                30M (12%)          74M (29%)            -                  -          
[2026-06-17T10:22:42.680+0800][24.299s][info][gc          ] GC(233) Garbage Collection (Allocation Rate) 116M(45%)->46M(18%)
[2026-06-17T10:22:42.763+0800][24.381s][info][gc,start    ] GC(234) Garbage Collection (Allocation Rate)
[2026-06-17T10:22:42.764+0800][24.383s][info][gc,phases   ] GC(234) Pause Mark Start 0.361ms
[2026-06-17T10:22:42.766+0800][24.385s][info][gc,phases   ] GC(234) Concurrent Mark 1.798ms
[2026-06-17T10:22:42.767+0800][24.386s][info][gc,phases   ] GC(234) Pause Mark End 0.424ms
[2026-06-17T10:22:42.768+0800][24.386s][info][gc,phases   ] GC(234) Concurrent Process Non-Strong References 0.127ms
[2026-06-17T10:22:42.768+0800][24.387s][info][gc,phases   ] GC(234) Concurrent Reset Relocation Set 0.004ms
[2026-06-17T10:22:42.770+0800][24.388s][info][gc,phases   ] GC(234) Concurrent Destroy Detached Pages 0.001ms
[2026-06-17T10:22:42.770+0800][24.389s][info][gc,phases   ] GC(234) Concurrent Select Relocation Set 0.568ms
[2026-06-17T10:22:42.771+0800][24.389s][info][gc,phases   ] GC(234) Concurrent Prepare Relocation Set 0.003ms
[2026-06-17T10:22:42.771+0800][24.390s][info][gc,phases   ] GC(234) Pause Relocate Start 0.156ms
[2026-06-17T10:22:42.772+0800][24.390s][info][gc,phases   ] GC(234) Concurrent Relocate 0.196ms
[2026-06-17T10:22:42.772+0800][24.391s][info][gc,load     ] GC(234) Load: 0.20/0.20/0.28
[2026-06-17T10:22:42.772+0800][24.391s][info][gc,mmu      ] GC(234) MMU: 2ms/0.0%, 5ms/43.3%, 10ms/66.9%, 20ms/83.5%, 50ms/93.4%, 100ms/96.6%
[2026-06-17T10:22:42.772+0800][24.391s][info][gc,marking  ] GC(234) Mark: 2 stripe(s), 2 proactive flush(es), 1 terminate flush(es), 0 completion(s), 0 continuation(s) 
[2026-06-17T10:22:42.772+0800][24.391s][info][gc,reloc    ] GC(234) Relocation: Successful, 21M relocated
[2026-06-17T10:22:42.772+0800][24.391s][info][gc,nmethod  ] GC(234) NMethods: 23 registered, 0 unregistered
[2026-06-17T10:22:42.773+0800][24.391s][info][gc,metaspace] GC(234) Metaspace: 3M used, 4M capacity, 4M committed, 8M reserved
[2026-06-17T10:22:42.773+0800][24.392s][info][gc,ref      ] GC(234) Soft: 43 encountered, 0 discovered, 0 enqueued
[2026-06-17T10:22:42.773+0800][24.392s][info][gc,ref      ] GC(234) Weak: 7 encountered, 0 discovered, 0 enqueued
[2026-06-17T10:22:42.773+0800][24.392s][info][gc,ref      ] GC(234) Final: 0 encountered, 0 discovered, 0 enqueued
[2026-06-17T10:22:42.773+0800][24.392s][info][gc,ref      ] GC(234) Phantom: 1 encountered, 0 discovered, 0 enqueued
[2026-06-17T10:22:42.773+0800][24.392s][info][gc,heap     ] GC(234)                Mark Start          Mark End        Relocate Start      Relocate End           High               Low         
[2026-06-17T10:22:42.773+0800][24.392s][info][gc,heap     ] GC(234)  Capacity:      256M (100%)        256M (100%)        256M (100%)        256M (100%)        256M (100%)        256M (100%)   
[2026-06-17T10:22:42.774+0800][24.392s][info][gc,heap     ] GC(234)   Reserve:       62M (24%)          62M (24%)          62M (24%)          62M (24%)          62M (24%)          62M (24%)    
[2026-06-17T10:22:42.774+0800][24.392s][info][gc,heap     ] GC(234)      Free:      116M (45%)         112M (44%)         142M (55%)         146M (57%)         146M (57%)         112M (44%)    
[2026-06-17T10:22:42.774+0800][24.392s][info][gc,heap     ] GC(234)      Used:       78M (30%)          82M (32%)          52M (20%)          48M (19%)          82M (32%)          48M (19%)    
[2026-06-17T10:22:42.774+0800][24.393s][info][gc,heap     ] GC(234)      Live:         -                25M (10%)          25M (10%)          25M (10%)            -                  -          
[2026-06-17T10:22:42.774+0800][24.393s][info][gc,heap     ] GC(234) Allocated:         -                 4M (2%)            4M (2%)           10M (4%)             -                  -          
[2026-06-17T10:22:42.774+0800][24.393s][info][gc,heap     ] GC(234)   Garbage:         -                52M (21%)          22M (9%)           18M (7%)             -                  -          
[2026-06-17T10:22:42.774+0800][24.393s][info][gc,heap     ] GC(234) Reclaimed:         -                  -                30M (12%)          34M (13%)            -                  -          
[2026-06-17T10:22:42.775+0800][24.394s][info][gc          ] GC(234) Garbage Collection (Allocation Rate) 78M(30%)->48M(19%)
[2026-06-17T10:22:42.863+0800][24.482s][info][gc,start    ] GC(235) Garbage Collection (Allocation Rate)
[2026-06-17T10:22:42.864+0800][24.483s][info][gc,phases   ] GC(235) Pause Mark Start 0.185ms
[2026-06-17T10:22:42.866+0800][24.485s][info][gc,phases   ] GC(235) Concurrent Mark 1.567ms
[2026-06-17T10:22:42.867+0800][24.486s][info][gc,phases   ] GC(235) Pause Mark End 0.288ms
[2026-06-17T10:22:42.867+0800][24.486s][info][gc,phases   ] GC(235) Concurrent Process Non-Strong References 0.067ms
[2026-06-17T10:22:42.868+0800][24.486s][info][gc,phases   ] GC(235) Concurrent Reset Relocation Set 0.002ms
[2026-06-17T10:22:42.868+0800][24.486s][info][gc,phases   ] GC(235) Concurrent Destroy Detached Pages 0.001ms
[2026-06-17T10:22:42.868+0800][24.487s][info][gc,phases   ] GC(235) Concurrent Select Relocation Set 0.503ms
[2026-06-17T10:22:42.869+0800][24.487s][info][gc,phases   ] GC(235) Concurrent Prepare Relocation Set 0.002ms
[2026-06-17T10:22:42.869+0800][24.488s][info][gc,phases   ] GC(235) Pause Relocate Start 0.119ms
[2026-06-17T10:22:42.871+0800][24.490s][info][gc,phases   ] GC(235) Concurrent Relocate 1.713ms
[2026-06-17T10:22:42.872+0800][24.490s][info][gc,load     ] GC(235) Load: 0.20/0.20/0.28
[2026-06-17T10:22:42.872+0800][24.491s][info][gc,mmu      ] GC(235) MMU: 2ms/0.0%, 5ms/43.3%, 10ms/66.9%, 20ms/83.5%, 50ms/93.4%, 100ms/96.6%
[2026-06-17T10:22:42.872+0800][24.491s][info][gc,marking  ] GC(235) Mark: 2 stripe(s), 1 proactive flush(es), 1 terminate flush(es), 0 completion(s), 0 continuation(s) 
[2026-06-17T10:22:42.873+0800][24.491s][info][gc,reloc    ] GC(235) Relocation: Successful, 23M relocated
[2026-06-17T10:22:42.873+0800][24.492s][info][gc,nmethod  ] GC(235) NMethods: 23 registered, 0 unregistered
[2026-06-17T10:22:42.873+0800][24.492s][info][gc,metaspace] GC(235) Metaspace: 3M used, 4M capacity, 4M committed, 8M reserved
[2026-06-17T10:22:42.873+0800][24.492s][info][gc,ref      ] GC(235) Soft: 43 encountered, 0 discovered, 0 enqueued
[2026-06-17T10:22:42.873+0800][24.492s][info][gc,ref      ] GC(235) Weak: 7 encountered, 2 discovered, 0 enqueued
[2026-06-17T10:22:42.873+0800][24.492s][info][gc,ref      ] GC(235) Final: 0 encountered, 0 discovered, 0 enqueued
[2026-06-17T10:22:42.874+0800][24.492s][info][gc,ref      ] GC(235) Phantom: 1 encountered, 1 discovered, 0 enqueued
[2026-06-17T10:22:42.874+0800][24.492s][info][gc,heap     ] GC(235)                Mark Start          Mark End        Relocate Start      Relocate End           High               Low         
[2026-06-17T10:22:42.874+0800][24.493s][info][gc,heap     ] GC(235)  Capacity:      256M (100%)        256M (100%)        256M (100%)        256M (100%)        256M (100%)        256M (100%)   
[2026-06-17T10:22:42.874+0800][24.493s][info][gc,heap     ] GC(235)   Reserve:       62M (24%)          62M (24%)          62M (24%)          62M (24%)          62M (24%)          62M (24%)    
[2026-06-17T10:22:42.874+0800][24.493s][info][gc,heap     ] GC(235)      Free:       78M (30%)          78M (30%)         114M (45%)         146M (57%)         146M (57%)          74M (29%)    
[2026-06-17T10:22:42.874+0800][24.493s][info][gc,heap     ] GC(235)      Used:      116M (45%)         116M (45%)          80M (31%)          48M (19%)         120M (47%)          48M (19%)    
[2026-06-17T10:22:42.875+0800][24.493s][info][gc,heap     ] GC(235)      Live:         -                23M (9%)           23M (9%)           23M (9%)             -                  -          
[2026-06-17T10:22:42.875+0800][24.493s][info][gc,heap     ] GC(235) Allocated:         -                 0M (0%)            0M (0%)           46M (18%)            -                  -          
[2026-06-17T10:22:42.875+0800][24.493s][info][gc,heap     ] GC(235)   Garbage:         -                92M (36%)          56M (22%)          20M (8%)             -                  -          
[2026-06-17T10:22:42.875+0800][24.494s][info][gc,heap     ] GC(235) Reclaimed:         -                  -                36M (14%)          72M (28%)            -                  -          
[2026-06-17T10:22:42.875+0800][24.494s][info][gc          ] GC(235) Garbage Collection (Allocation Rate) 116M(45%)->48M(19%)
[2026-06-17T10:22:42.963+0800][24.582s][info][gc,start    ] GC(236) Garbage Collection (Allocation Rate)
[2026-06-17T10:22:42.964+0800][24.583s][info][gc,phases   ] GC(236) Pause Mark Start 0.222ms
[2026-06-17T10:22:42.966+0800][24.585s][info][gc,phases   ] GC(236) Concurrent Mark 1.774ms
[2026-06-17T10:22:42.968+0800][24.586s][info][gc,phases   ] GC(236) Pause Mark End 0.339ms
[2026-06-17T10:22:42.968+0800][24.587s][info][gc,phases   ] GC(236) Concurrent Process Non-Strong References 0.180ms
[2026-06-17T10:22:42.969+0800][24.587s][info][gc,phases   ] GC(236) Concurrent Reset Relocation Set 0.004ms
[2026-06-17T10:22:42.969+0800][24.588s][info][gc,phases   ] GC(236) Concurrent Destroy Detached Pages 0.001ms
[2026-06-17T10:22:42.970+0800][24.589s][info][gc,phases   ] GC(236) Concurrent Select Relocation Set 0.580ms
[2026-06-17T10:22:42.970+0800][24.589s][info][gc,phases   ] GC(236) Concurrent Prepare Relocation Set 0.003ms
[2026-06-17T10:22:42.971+0800][24.590s][info][gc,phases   ] GC(236) Pause Relocate Start 0.162ms
[2026-06-17T10:22:42.972+0800][24.590s][info][gc,phases   ] GC(236) Concurrent Relocate 0.281ms
[2026-06-17T10:22:42.972+0800][24.591s][info][gc,load     ] GC(236) Load: 0.20/0.20/0.28
[2026-06-17T10:22:42.972+0800][24.591s][info][gc,mmu      ] GC(236) MMU: 2ms/0.0%, 5ms/43.3%, 10ms/66.9%, 20ms/83.5%, 50ms/93.4%, 100ms/96.6%
[2026-06-17T10:22:42.972+0800][24.591s][info][gc,marking  ] GC(236) Mark: 2 stripe(s), 2 proactive flush(es), 1 terminate flush(es), 0 completion(s), 0 continuation(s) 
[2026-06-17T10:22:42.972+0800][24.591s][info][gc,reloc    ] GC(236) Relocation: Successful, 26M relocated
[2026-06-17T10:22:42.973+0800][24.591s][info][gc,nmethod  ] GC(236) NMethods: 23 registered, 0 unregistered
[2026-06-17T10:22:42.973+0800][24.592s][info][gc,metaspace] GC(236) Metaspace: 3M used, 4M capacity, 4M committed, 8M reserved
[2026-06-17T10:22:42.973+0800][24.592s][info][gc,ref      ] GC(236) Soft: 43 encountered, 0 discovered, 0 enqueued
[2026-06-17T10:22:42.973+0800][24.592s][info][gc,ref      ] GC(236) Weak: 7 encountered, 0 discovered, 0 enqueued
[2026-06-17T10:22:42.973+0800][24.592s][info][gc,ref      ] GC(236) Final: 0 encountered, 0 discovered, 0 enqueued
[2026-06-17T10:22:42.973+0800][24.592s][info][gc,ref      ] GC(236) Phantom: 1 encountered, 0 discovered, 0 enqueued
[2026-06-17T10:22:42.973+0800][24.592s][info][gc,heap     ] GC(236)                Mark Start          Mark End        Relocate Start      Relocate End           High               Low         
[2026-06-17T10:22:42.973+0800][24.592s][info][gc,heap     ] GC(236)  Capacity:      256M (100%)        256M (100%)        256M (100%)        256M (100%)        256M (100%)        256M (100%)   
[2026-06-17T10:22:42.974+0800][24.592s][info][gc,heap     ] GC(236)   Reserve:       62M (24%)          62M (24%)          62M (24%)          62M (24%)          62M (24%)          62M (24%)    
[2026-06-17T10:22:42.974+0800][24.592s][info][gc,heap     ] GC(236)      Free:      110M (43%)         110M (43%)         144M (56%)         150M (59%)         150M (59%)         110M (43%)    
[2026-06-17T10:22:42.974+0800][24.592s][info][gc,heap     ] GC(236)      Used:       84M (33%)          84M (33%)          50M (20%)          44M (17%)          84M (33%)          44M (17%)    
[2026-06-17T10:22:42.974+0800][24.593s][info][gc,heap     ] GC(236)      Live:         -                29M (12%)          29M (12%)          29M (12%)            -                  -          
[2026-06-17T10:22:42.974+0800][24.593s][info][gc,heap     ] GC(236) Allocated:         -                 0M (0%)            0M (0%)            6M (2%)             -                  -          
[2026-06-17T10:22:42.975+0800][24.593s][info][gc,heap     ] GC(236)   Garbage:         -                54M (21%)          20M (8%)           14M (5%)             -                  -          
[2026-06-17T10:22:42.975+0800][24.594s][info][gc,heap     ] GC(236) Reclaimed:         -                  -                34M (13%)          40M (16%)            -                  -          
[2026-06-17T10:22:42.975+0800][24.594s][info][gc          ] GC(236) Garbage Collection (Allocation Rate) 84M(33%)->44M(17%)
[2026-06-17T10:22:43.063+0800][24.682s][info][gc,start    ] GC(237) Garbage Collection (Allocation Rate)
[2026-06-17T10:22:43.064+0800][24.683s][info][gc,phases   ] GC(237) Pause Mark Start 0.191ms
[2026-06-17T10:22:43.066+0800][24.685s][info][gc,phases   ] GC(237) Concurrent Mark 1.418ms
[2026-06-17T10:22:43.066+0800][24.685s][info][gc,phases   ] GC(237) Pause Mark End 0.285ms
[2026-06-17T10:22:43.067+0800][24.686s][info][gc,phases   ] GC(237) Concurrent Process Non-Strong References 0.074ms
[2026-06-17T10:22:43.067+0800][24.686s][info][gc,phases   ] GC(237) Concurrent Reset Relocation Set 0.002ms
[2026-06-17T10:22:43.067+0800][24.686s][info][gc,phases   ] GC(237) Concurrent Destroy Detached Pages 0.001ms
[2026-06-17T10:22:43.068+0800][24.687s][info][gc,phases   ] GC(237) Concurrent Select Relocation Set 0.528ms
[2026-06-17T10:22:43.068+0800][24.687s][info][gc,phases   ] GC(237) Concurrent Prepare Relocation Set 0.015ms
[2026-06-17T10:22:43.068+0800][24.687s][info][gc,phases   ] GC(237) Pause Relocate Start 0.129ms
[2026-06-17T10:22:43.070+0800][24.689s][info][gc,phases   ] GC(237) Concurrent Relocate 1.715ms
[2026-06-17T10:22:43.071+0800][24.689s][info][gc,load     ] GC(237) Load: 0.20/0.20/0.28
[2026-06-17T10:22:43.071+0800][24.690s][info][gc,mmu      ] GC(237) MMU: 2ms/0.0%, 5ms/43.3%, 10ms/66.9%, 20ms/83.5%, 50ms/93.4%, 100ms/96.6%
[2026-06-17T10:22:43.071+0800][24.690s][info][gc,marking  ] GC(237) Mark: 2 stripe(s), 1 proactive flush(es), 1 terminate flush(es), 0 completion(s), 0 continuation(s) 
[2026-06-17T10:22:43.071+0800][24.690s][info][gc,reloc    ] GC(237) Relocation: Successful, 24M relocated
[2026-06-17T10:22:43.071+0800][24.690s][info][gc,nmethod  ] GC(237) NMethods: 23 registered, 0 unregistered
[2026-06-17T10:22:43.072+0800][24.690s][info][gc,metaspace] GC(237) Metaspace: 3M used, 4M capacity, 4M committed, 8M reserved
[2026-06-17T10:22:43.072+0800][24.691s][info][gc,ref      ] GC(237) Soft: 43 encountered, 0 discovered, 0 enqueued
[2026-06-17T10:22:43.072+0800][24.691s][info][gc,ref      ] GC(237) Weak: 7 encountered, 2 discovered, 0 enqueued
[2026-06-17T10:22:43.072+0800][24.691s][info][gc,ref      ] GC(237) Final: 0 encountered, 0 discovered, 0 enqueued
[2026-06-17T10:22:43.072+0800][24.691s][info][gc,ref      ] GC(237) Phantom: 1 encountered, 1 discovered, 0 enqueued
[2026-06-17T10:22:43.072+0800][24.691s][info][gc,heap     ] GC(237)                Mark Start          Mark End        Relocate Start      Relocate End           High               Low         
[2026-06-17T10:22:43.073+0800][24.691s][info][gc,heap     ] GC(237)  Capacity:      256M (100%)        256M (100%)        256M (100%)        256M (100%)        256M (100%)        256M (100%)   
[2026-06-17T10:22:43.073+0800][24.692s][info][gc,heap     ] GC(237)   Reserve:       62M (24%)          62M (24%)          62M (24%)          62M (24%)          62M (24%)          62M (24%)    
[2026-06-17T10:22:43.073+0800][24.692s][info][gc,heap     ] GC(237)      Free:       84M (33%)          84M (33%)         104M (41%)         144M (56%)         144M (56%)          66M (26%)    
[2026-06-17T10:22:43.073+0800][24.692s][info][gc,heap     ] GC(237)      Used:      110M (43%)         110M (43%)          90M (35%)          50M (20%)         128M (50%)          50M (20%)    
[2026-06-17T10:22:43.073+0800][24.692s][info][gc,heap     ] GC(237)      Live:         -                26M (10%)          26M (10%)          26M (10%)            -                  -          
[2026-06-17T10:22:43.073+0800][24.692s][info][gc,heap     ] GC(237) Allocated:         -                 0M (0%)            4M (2%)           46M (18%)            -                  -          
[2026-06-17T10:22:43.073+0800][24.692s][info][gc,heap     ] GC(237)   Garbage:         -                83M (33%)          59M (23%)          17M (7%)             -                  -          
[2026-06-17T10:22:43.073+0800][24.692s][info][gc,heap     ] GC(237) Reclaimed:         -                  -                24M (9%)           66M (26%)            -                  -          
[2026-06-17T10:22:43.073+0800][24.692s][info][gc          ] GC(237) Garbage Collection (Allocation Rate) 110M(43%)->50M(20%)
[2026-06-17T10:22:43.163+0800][24.782s][info][gc,start    ] GC(238) Garbage Collection (Allocation Rate)
[2026-06-17T10:22:43.164+0800][24.783s][info][gc,phases   ] GC(238) Pause Mark Start 0.184ms
[2026-06-17T10:22:43.166+0800][24.785s][info][gc,phases   ] GC(238) Concurrent Mark 1.586ms
[2026-06-17T10:22:43.167+0800][24.786s][info][gc,phases   ] GC(238) Pause Mark End 0.287ms
[2026-06-17T10:22:43.167+0800][24.786s][info][gc,phases   ] GC(238) Concurrent Process Non-Strong References 0.064ms
[2026-06-17T10:22:43.168+0800][24.786s][info][gc,phases   ] GC(238) Concurrent Reset Relocation Set 0.004ms
[2026-06-17T10:22:43.168+0800][24.787s][info][gc,phases   ] GC(238) Concurrent Destroy Detached Pages 0.001ms
[2026-06-17T10:22:43.169+0800][24.787s][info][gc,phases   ] GC(238) Concurrent Select Relocation Set 0.493ms
[2026-06-17T10:22:43.169+0800][24.788s][info][gc,phases   ] GC(238) Concurrent Prepare Relocation Set 0.006ms
[2026-06-17T10:22:43.169+0800][24.788s][info][gc,phases   ] GC(238) Pause Relocate Start 0.141ms
[2026-06-17T10:22:43.170+0800][24.789s][info][gc,phases   ] GC(238) Concurrent Relocate 0.226ms
[2026-06-17T10:22:43.170+0800][24.789s][info][gc,load     ] GC(238) Load: 0.20/0.20/0.28
[2026-06-17T10:22:43.170+0800][24.789s][info][gc,mmu      ] GC(238) MMU: 2ms/0.0%, 5ms/43.3%, 10ms/66.9%, 20ms/83.5%, 50ms/93.4%, 100ms/96.6%
[2026-06-17T10:22:43.170+0800][24.789s][info][gc,marking  ] GC(238) Mark: 2 stripe(s), 1 proactive flush(es), 1 terminate flush(es), 0 completion(s), 0 continuation(s) 
[2026-06-17T10:22:43.171+0800][24.789s][info][gc,reloc    ] GC(238) Relocation: Successful, 18M relocated
[2026-06-17T10:22:43.171+0800][24.789s][info][gc,nmethod  ] GC(238) NMethods: 23 registered, 0 unregistered
[2026-06-17T10:22:43.171+0800][24.790s][info][gc,metaspace] GC(238) Metaspace: 3M used, 4M capacity, 4M committed, 8M reserved
[2026-06-17T10:22:43.171+0800][24.790s][info][gc,ref      ] GC(238) Soft: 43 encountered, 0 discovered, 0 enqueued
[2026-06-17T10:22:43.171+0800][24.790s][info][gc,ref      ] GC(238) Weak: 7 encountered, 2 discovered, 0 enqueued
[2026-06-17T10:22:43.171+0800][24.790s][info][gc,ref      ] GC(238) Final: 0 encountered, 0 discovered, 0 enqueued
[2026-06-17T10:22:43.171+0800][24.790s][info][gc,ref      ] GC(238) Phantom: 1 encountered, 1 discovered, 0 enqueued
[2026-06-17T10:22:43.171+0800][24.790s][info][gc,heap     ] GC(238)                Mark Start          Mark End        Relocate Start      Relocate End           High               Low         
[2026-06-17T10:22:43.172+0800][24.790s][info][gc,heap     ] GC(238)  Capacity:      256M (100%)        256M (100%)        256M (100%)        256M (100%)        256M (100%)        256M (100%)   
[2026-06-17T10:22:43.172+0800][24.790s][info][gc,heap     ] GC(238)   Reserve:       62M (24%)          62M (24%)          62M (24%)          62M (24%)          62M (24%)          62M (24%)    
[2026-06-17T10:22:43.172+0800][24.790s][info][gc,heap     ] GC(238)      Free:      110M (43%)         110M (43%)         144M (56%)         152M (59%)         152M (59%)         110M (43%)    
[2026-06-17T10:22:43.172+0800][24.790s][info][gc,heap     ] GC(238)      Used:       84M (33%)          84M (33%)          50M (20%)          42M (16%)          84M (33%)          42M (16%)    
[2026-06-17T10:22:43.172+0800][24.791s][info][gc,heap     ] GC(238)      Live:         -                20M (8%)           20M (8%)           20M (8%)             -                  -          
[2026-06-17T10:22:43.172+0800][24.791s][info][gc,heap     ] GC(238) Allocated:         -                 0M (0%)            0M (0%)            8M (3%)             -                  -          
[2026-06-17T10:22:43.172+0800][24.791s][info][gc,heap     ] GC(238)   Garbage:         -                63M (25%)          29M (11%)          21M (8%)             -                  -          
[2026-06-17T10:22:43.172+0800][24.791s][info][gc,heap     ] GC(238) Reclaimed:         -                  -                34M (13%)          42M (16%)            -                  -          
[2026-06-17T10:22:43.172+0800][24.791s][info][gc          ] GC(238) Garbage Collection (Allocation Rate) 84M(33%)->42M(16%)
[2026-06-17T10:22:43.263+0800][24.881s][info][gc,start    ] GC(239) Garbage Collection (Allocation Rate)
[2026-06-17T10:22:43.264+0800][24.883s][info][gc,phases   ] GC(239) Pause Mark Start 0.167ms
[2026-06-17T10:22:43.266+0800][24.885s][info][gc,phases   ] GC(239) Concurrent Mark 1.450ms
[2026-06-17T10:22:43.267+0800][24.886s][info][gc,phases   ] GC(239) Pause Mark End 0.529ms
[2026-06-17T10:22:43.268+0800][24.887s][info][gc,phases   ] GC(239) Concurrent Process Non-Strong References 0.229ms
[2026-06-17T10:22:43.269+0800][24.887s][info][gc,phases   ] GC(239) Concurrent Reset Relocation Set 0.003ms
[2026-06-17T10:22:43.269+0800][24.888s][info][gc,phases   ] GC(239) Concurrent Destroy Detached Pages 0.003ms
[2026-06-17T10:22:43.270+0800][24.889s][info][gc,phases   ] GC(239) Concurrent Select Relocation Set 0.512ms
[2026-06-17T10:22:43.271+0800][24.889s][info][gc,phases   ] GC(239) Concurrent Prepare Relocation Set 0.002ms
[2026-06-17T10:22:43.271+0800][24.890s][info][gc,phases   ] GC(239) Pause Relocate Start 0.147ms
[2026-06-17T10:22:43.274+0800][24.892s][info][gc,phases   ] GC(239) Concurrent Relocate 2.000ms
[2026-06-17T10:22:43.274+0800][24.893s][info][gc,load     ] GC(239) Load: 0.20/0.20/0.28
[2026-06-17T10:22:43.275+0800][24.893s][info][gc,mmu      ] GC(239) MMU: 2ms/0.0%, 5ms/43.3%, 10ms/66.9%, 20ms/83.5%, 50ms/93.4%, 100ms/96.6%
[2026-06-17T10:22:43.275+0800][24.894s][info][gc,marking  ] GC(239) Mark: 2 stripe(s), 1 proactive flush(es), 1 terminate flush(es), 0 completion(s), 0 continuation(s) 
[2026-06-17T10:22:43.276+0800][24.894s][info][gc,reloc    ] GC(239) Relocation: Successful, 23M relocated
[2026-06-17T10:22:43.276+0800][24.895s][info][gc,nmethod  ] GC(239) NMethods: 23 registered, 0 unregistered
[2026-06-17T10:22:43.277+0800][24.895s][info][gc,metaspace] GC(239) Metaspace: 3M used, 4M capacity, 4M committed, 8M reserved
[2026-06-17T10:22:43.277+0800][24.896s][info][gc,ref      ] GC(239) Soft: 43 encountered, 0 discovered, 0 enqueued
[2026-06-17T10:22:43.278+0800][24.896s][info][gc,ref      ] GC(239) Weak: 7 encountered, 0 discovered, 0 enqueued
[2026-06-17T10:22:43.278+0800][24.897s][info][gc,ref      ] GC(239) Final: 0 encountered, 0 discovered, 0 enqueued
[2026-06-17T10:22:43.278+0800][24.897s][info][gc,ref      ] GC(239) Phantom: 1 encountered, 0 discovered, 0 enqueued
[2026-06-17T10:22:43.279+0800][24.897s][info][gc,heap     ] GC(239)                Mark Start          Mark End        Relocate Start      Relocate End           High               Low         
[2026-06-17T10:22:43.279+0800][24.898s][info][gc,heap     ] GC(239)  Capacity:      256M (100%)        256M (100%)        256M (100%)        256M (100%)        256M (100%)        256M (100%)   
[2026-06-17T10:22:43.280+0800][24.898s][info][gc,heap     ] GC(239)   Reserve:       62M (24%)          62M (24%)          62M (24%)          62M (24%)          62M (24%)          62M (24%)    
[2026-06-17T10:22:43.280+0800][24.899s][info][gc,heap     ] GC(239)      Free:       86M (34%)          86M (34%)         108M (42%)         146M (57%)         146M (57%)          70M (27%)    
[2026-06-17T10:22:43.280+0800][24.899s][info][gc,heap     ] GC(239)      Used:      108M (42%)         108M (42%)          86M (34%)          48M (19%)         124M (48%)          48M (19%)    
[2026-06-17T10:22:43.281+0800][24.899s][info][gc,heap     ] GC(239)      Live:         -                27M (11%)          27M (11%)          27M (11%)            -                  -          
[2026-06-17T10:22:43.281+0800][24.900s][info][gc,heap     ] GC(239) Allocated:         -                 0M (0%)            4M (2%)           44M (17%)            -                  -          
[2026-06-17T10:22:43.281+0800][24.900s][info][gc,heap     ] GC(239)   Garbage:         -                80M (31%)          54M (21%)          16M (6%)             -                  -          
[2026-06-17T10:22:43.282+0800][24.900s][info][gc,heap     ] GC(239) Reclaimed:         -                  -                26M (10%)          64M (25%)            -                  -          
[2026-06-17T10:22:43.282+0800][24.901s][info][gc          ] GC(239) Garbage Collection (Allocation Rate) 108M(42%)->48M(19%)
[2026-06-17T10:22:43.363+0800][24.982s][info][gc,start    ] GC(240) Garbage Collection (Allocation Rate)
[2026-06-17T10:22:43.364+0800][24.982s][info][gc,phases   ] GC(240) Pause Mark Start 0.206ms
[2026-06-17T10:22:43.366+0800][24.984s][info][gc,phases   ] GC(240) Concurrent Mark 1.539ms
[2026-06-17T10:22:43.366+0800][24.985s][info][gc,phases   ] GC(240) Pause Mark End 0.308ms
[2026-06-17T10:22:43.367+0800][24.985s][info][gc,phases   ] GC(240) Concurrent Process Non-Strong References 0.112ms
[2026-06-17T10:22:43.367+0800][24.986s][info][gc,phases   ] GC(240) Concurrent Reset Relocation Set 0.002ms
[2026-06-17T10:22:43.367+0800][24.986s][info][gc,phases   ] GC(240) Concurrent Destroy Detached Pages 0.001ms
[2026-06-17T10:22:43.368+0800][24.986s][info][gc,phases   ] GC(240) Concurrent Select Relocation Set 0.558ms
[2026-06-17T10:22:43.368+0800][24.987s][info][gc,phases   ] GC(240) Concurrent Prepare Relocation Set 0.010ms
[2026-06-17T10:22:43.368+0800][24.987s][info][gc,phases   ] GC(240) Pause Relocate Start 0.184ms
[2026-06-17T10:22:43.370+0800][24.989s][info][gc,phases   ] GC(240) Concurrent Relocate 0.463ms
[2026-06-17T10:22:43.371+0800][24.989s][info][gc,load     ] GC(240) Load: 0.20/0.20/0.28
[2026-06-17T10:22:43.371+0800][24.990s][info][gc,mmu      ] GC(240) MMU: 2ms/0.0%, 5ms/43.3%, 10ms/66.9%, 20ms/83.5%, 50ms/93.4%, 100ms/96.6%
[2026-06-17T10:22:43.371+0800][24.990s][info][gc,marking  ] GC(240) Mark: 2 stripe(s), 1 proactive flush(es), 1 terminate flush(es), 0 completion(s), 0 continuation(s) 
[2026-06-17T10:22:43.371+0800][24.990s][info][gc,reloc    ] GC(240) Relocation: Successful, 22M relocated
[2026-06-17T10:22:43.371+0800][24.990s][info][gc,nmethod  ] GC(240) NMethods: 23 registered, 0 unregistered
[2026-06-17T10:22:43.371+0800][24.990s][info][gc,metaspace] GC(240) Metaspace: 3M used, 4M capacity, 4M committed, 8M reserved
[2026-06-17T10:22:43.372+0800][24.990s][info][gc,ref      ] GC(240) Soft: 43 encountered, 0 discovered, 0 enqueued
[2026-06-17T10:22:43.372+0800][24.990s][info][gc,ref      ] GC(240) Weak: 7 encountered, 0 discovered, 0 enqueued
[2026-06-17T10:22:43.372+0800][24.990s][info][gc,ref      ] GC(240) Final: 0 encountered, 0 discovered, 0 enqueued
[2026-06-17T10:22:43.372+0800][24.991s][info][gc,ref      ] GC(240) Phantom: 1 encountered, 1 discovered, 0 enqueued
[2026-06-17T10:22:43.372+0800][24.991s][info][gc,heap     ] GC(240)                Mark Start          Mark End        Relocate Start      Relocate End           High               Low         
[2026-06-17T10:22:43.372+0800][24.991s][info][gc,heap     ] GC(240)  Capacity:      256M (100%)        256M (100%)        256M (100%)        256M (100%)        256M (100%)        256M (100%)   
[2026-06-17T10:22:43.372+0800][24.991s][info][gc,heap     ] GC(240)   Reserve:       62M (24%)          62M (24%)          62M (24%)          62M (24%)          62M (24%)          62M (24%)    
[2026-06-17T10:22:43.372+0800][24.991s][info][gc,heap     ] GC(240)      Free:      112M (44%)         112M (44%)         140M (55%)         150M (59%)         150M (59%)         112M (44%)    
[2026-06-17T10:22:43.372+0800][24.991s][info][gc,heap     ] GC(240)      Used:       82M (32%)          82M (32%)          54M (21%)          44M (17%)          82M (32%)          44M (17%)    
[2026-06-17T10:22:43.372+0800][24.991s][info][gc,heap     ] GC(240)      Live:         -                24M (10%)          24M (10%)          24M (10%)            -                  -          
[2026-06-17T10:22:43.372+0800][24.991s][info][gc,heap     ] GC(240) Allocated:         -                 0M (0%)            0M (0%)            8M (3%)             -                  -          
[2026-06-17T10:22:43.373+0800][24.991s][info][gc,heap     ] GC(240)   Garbage:         -                57M (22%)          29M (12%)          19M (8%)             -                  -          
[2026-06-17T10:22:43.373+0800][24.991s][info][gc,heap     ] GC(240) Reclaimed:         -                  -                28M (11%)          38M (15%)            -                  -          
[2026-06-17T10:22:43.373+0800][24.992s][info][gc          ] GC(240) Garbage Collection (Allocation Rate) 82M(32%)->44M(17%)
[2026-06-17T10:22:43.463+0800][25.082s][info][gc,start    ] GC(241) Garbage Collection (Allocation Rate)
[2026-06-17T10:22:43.465+0800][25.083s][info][gc,phases   ] GC(241) Pause Mark Start 0.229ms
[2026-06-17T10:22:43.468+0800][25.087s][info][gc,phases   ] GC(241) Concurrent Mark 1.629ms
[2026-06-17T10:22:43.471+0800][25.090s][info][gc,phases   ] GC(241) Pause Mark End 0.318ms
[2026-06-17T10:22:43.473+0800][25.091s][info][gc,phases   ] GC(241) Concurrent Process Non-Strong References 0.128ms
[2026-06-17T10:22:43.475+0800][25.093s][info][gc,phases   ] GC(241) Concurrent Reset Relocation Set 0.003ms
[2026-06-17T10:22:43.477+0800][25.096s][info][gc,phases   ] GC(241) Concurrent Destroy Detached Pages 0.001ms
[2026-06-17T10:22:43.480+0800][25.098s][info][gc,phases   ] GC(241) Concurrent Select Relocation Set 0.536ms
[2026-06-17T10:22:43.483+0800][25.102s][info][gc,phases   ] GC(241) Concurrent Prepare Relocation Set 0.026ms
[2026-06-17T10:22:43.485+0800][25.104s][info][gc,phases   ] GC(241) Pause Relocate Start 0.189ms
[2026-06-17T10:22:43.489+0800][25.108s][info][gc,phases   ] GC(241) Concurrent Relocate 1.398ms
[2026-06-17T10:22:43.489+0800][25.108s][info][gc,load     ] GC(241) Load: 0.20/0.20/0.28
[2026-06-17T10:22:43.490+0800][25.108s][info][gc,mmu      ] GC(241) MMU: 2ms/0.0%, 5ms/43.3%, 10ms/66.9%, 20ms/83.5%, 50ms/93.4%, 100ms/96.6%
[2026-06-17T10:22:43.490+0800][25.109s][info][gc,marking  ] GC(241) Mark: 2 stripe(s), 2 proactive flush(es), 1 terminate flush(es), 0 completion(s), 0 continuation(s) 
[2026-06-17T10:22:43.491+0800][25.110s][info][gc,reloc    ] GC(241) Relocation: Successful, 19M relocated
[2026-06-17T10:22:43.491+0800][25.110s][info][gc,nmethod  ] GC(241) NMethods: 23 registered, 0 unregistered
[2026-06-17T10:22:43.492+0800][25.110s][info][gc,metaspace] GC(241) Metaspace: 3M used, 4M capacity, 4M committed, 8M reserved
[2026-06-17T10:22:43.492+0800][25.111s][info][gc,ref      ] GC(241) Soft: 43 encountered, 0 discovered, 0 enqueued
[2026-06-17T10:22:43.492+0800][25.111s][info][gc,ref      ] GC(241) Weak: 7 encountered, 2 discovered, 0 enqueued
[2026-06-17T10:22:43.492+0800][25.111s][info][gc,ref      ] GC(241) Final: 0 encountered, 0 discovered, 0 enqueued
[2026-06-17T10:22:43.492+0800][25.111s][info][gc,ref      ] GC(241) Phantom: 1 encountered, 1 discovered, 0 enqueued
[2026-06-17T10:22:43.493+0800][25.111s][info][gc,heap     ] GC(241)                Mark Start          Mark End        Relocate Start      Relocate End           High               Low         
[2026-06-17T10:22:43.493+0800][25.111s][info][gc,heap     ] GC(241)  Capacity:      256M (100%)        256M (100%)        256M (100%)        256M (100%)        256M (100%)        256M (100%)   
[2026-06-17T10:22:43.493+0800][25.112s][info][gc,heap     ] GC(241)   Reserve:       62M (24%)          62M (24%)          62M (24%)          62M (24%)          62M (24%)          62M (24%)    
[2026-06-17T10:22:43.493+0800][25.112s][info][gc,heap     ] GC(241)      Free:       82M (32%)          78M (30%)          68M (27%)         142M (55%)         142M (55%)          42M (16%)    
[2026-06-17T10:22:43.493+0800][25.112s][info][gc,heap     ] GC(241)      Used:      112M (44%)         116M (45%)         126M (49%)          52M (20%)         152M (59%)          52M (20%)    
[2026-06-17T10:22:43.493+0800][25.112s][info][gc,heap     ] GC(241)      Live:         -                19M (8%)           19M (8%)           19M (8%)             -                  -          
[2026-06-17T10:22:43.493+0800][25.112s][info][gc,heap     ] GC(241) Allocated:         -                 4M (2%)           40M (16%)          52M (20%)            -                  -          
[2026-06-17T10:22:43.494+0800][25.112s][info][gc,heap     ] GC(241)   Garbage:         -                92M (36%)          66M (26%)    17592186044404M (6         -                  -          
[2026-06-17T10:22:43.494+0800][25.113s][info][gc,heap     ] GC(241) Reclaimed:         -                  -                26M (10%)         104M (41%)            -                  -          
[2026-06-17T10:22:43.494+0800][25.113s][info][gc          ] GC(241) Garbage Collection (Allocation Rate) 112M(44%)->52M(20%)
[2026-06-17T10:22:43.563+0800][25.182s][info][gc,start    ] GC(242) Garbage Collection (Allocation Rate)
[2026-06-17T10:22:43.564+0800][25.183s][info][gc,phases   ] GC(242) Pause Mark Start 0.172ms
[2026-06-17T10:22:43.566+0800][25.185s][info][gc,phases   ] GC(242) Concurrent Mark 1.654ms
[2026-06-17T10:22:43.567+0800][25.186s][info][gc,phases   ] GC(242) Pause Mark End 0.298ms
[2026-06-17T10:22:43.568+0800][25.187s][info][gc,phases   ] GC(242) Concurrent Process Non-Strong References 0.109ms
[2026-06-17T10:22:43.568+0800][25.187s][info][gc,phases   ] GC(242) Concurrent Reset Relocation Set 0.005ms
[2026-06-17T10:22:43.569+0800][25.187s][info][gc,phases   ] GC(242) Concurrent Destroy Detached Pages 0.001ms
[2026-06-17T10:22:43.570+0800][25.189s][info][gc,phases   ] GC(242) Concurrent Select Relocation Set 0.495ms
[2026-06-17T10:22:43.570+0800][25.189s][info][gc,phases   ] GC(242) Concurrent Prepare Relocation Set 0.002ms
[2026-06-17T10:22:43.571+0800][25.190s][info][gc,phases   ] GC(242) Pause Relocate Start 0.165ms
[2026-06-17T10:22:43.572+0800][25.191s][info][gc,phases   ] GC(242) Concurrent Relocate 0.260ms
[2026-06-17T10:22:43.572+0800][25.191s][info][gc,load     ] GC(242) Load: 0.20/0.20/0.28
[2026-06-17T10:22:43.573+0800][25.192s][info][gc,mmu      ] GC(242) MMU: 2ms/0.0%, 5ms/43.3%, 10ms/66.9%, 20ms/83.5%, 50ms/93.4%, 100ms/96.6%
[2026-06-17T10:22:43.573+0800][25.192s][info][gc,marking  ] GC(242) Mark: 2 stripe(s), 2 proactive flush(es), 1 terminate flush(es), 0 completion(s), 0 continuation(s) 
[2026-06-17T10:22:43.574+0800][25.193s][info][gc,reloc    ] GC(242) Relocation: Successful, 23M relocated
[2026-06-17T10:22:43.574+0800][25.193s][info][gc,nmethod  ] GC(242) NMethods: 23 registered, 0 unregistered
[2026-06-17T10:22:43.574+0800][25.193s][info][gc,metaspace] GC(242) Metaspace: 3M used, 4M capacity, 4M committed, 8M reserved
[2026-06-17T10:22:43.575+0800][25.193s][info][gc,ref      ] GC(242) Soft: 43 encountered, 0 discovered, 0 enqueued
[2026-06-17T10:22:43.575+0800][25.194s][info][gc,ref      ] GC(242) Weak: 7 encountered, 0 discovered, 0 enqueued
[2026-06-17T10:22:43.575+0800][25.194s][info][gc,ref      ] GC(242) Final: 0 encountered, 0 discovered, 0 enqueued
[2026-06-17T10:22:43.576+0800][25.195s][info][gc,ref      ] GC(242) Phantom: 1 encountered, 0 discovered, 0 enqueued
[2026-06-17T10:22:43.576+0800][25.195s][info][gc,heap     ] GC(242)                Mark Start          Mark End        Relocate Start      Relocate End           High               Low         
[2026-06-17T10:22:43.577+0800][25.196s][info][gc,heap     ] GC(242)  Capacity:      256M (100%)        256M (100%)        256M (100%)        256M (100%)        256M (100%)        256M (100%)   
[2026-06-17T10:22:43.577+0800][25.196s][info][gc,heap     ] GC(242)   Reserve:       62M (24%)          62M (24%)          62M (24%)          62M (24%)          62M (24%)          62M (24%)    
[2026-06-17T10:22:43.578+0800][25.197s][info][gc,heap     ] GC(242)      Free:      120M (47%)         116M (45%)         142M (55%)         146M (57%)         146M (57%)         116M (45%)    
[2026-06-17T10:22:43.578+0800][25.197s][info][gc,heap     ] GC(242)      Used:       74M (29%)          78M (30%)          52M (20%)          48M (19%)          78M (30%)          48M (19%)    
[2026-06-17T10:22:43.579+0800][25.197s][info][gc,heap     ] GC(242)      Live:         -                26M (10%)          26M (10%)          26M (10%)            -                  -          
[2026-06-17T10:22:43.579+0800][25.198s][info][gc,heap     ] GC(242) Allocated:         -                 4M (2%)            4M (2%)           10M (4%)             -                  -          
[2026-06-17T10:22:43.579+0800][25.198s][info][gc,heap     ] GC(242)   Garbage:         -                47M (18%)          21M (8%)           17M (7%)             -                  -          
[2026-06-17T10:22:43.580+0800][25.199s][info][gc,heap     ] GC(242) Reclaimed:         -                  -                26M (10%)          30M (12%)            -                  -          
[2026-06-17T10:22:43.580+0800][25.199s][info][gc          ] GC(242) Garbage Collection (Allocation Rate) 74M(29%)->48M(19%)
[2026-06-17T10:22:43.664+0800][25.282s][info][gc,start    ] GC(243) Garbage Collection (Allocation Rate)
[2026-06-17T10:22:43.665+0800][25.284s][info][gc,phases   ] GC(243) Pause Mark Start 0.232ms
[2026-06-17T10:22:43.667+0800][25.286s][info][gc,phases   ] GC(243) Concurrent Mark 1.629ms
[2026-06-17T10:22:43.668+0800][25.287s][info][gc,phases   ] GC(243) Pause Mark End 0.353ms
[2026-06-17T10:22:43.669+0800][25.287s][info][gc,phases   ] GC(243) Concurrent Process Non-Strong References 0.108ms
[2026-06-17T10:22:43.669+0800][25.288s][info][gc,phases   ] GC(243) Concurrent Reset Relocation Set 0.001ms
[2026-06-17T10:22:43.669+0800][25.288s][info][gc,phases   ] GC(243) Concurrent Destroy Detached Pages 0.001ms
[2026-06-17T10:22:43.670+0800][25.289s][info][gc,phases   ] GC(243) Concurrent Select Relocation Set 0.638ms
[2026-06-17T10:22:43.670+0800][25.289s][info][gc,phases   ] GC(243) Concurrent Prepare Relocation Set 0.012ms
[2026-06-17T10:22:43.671+0800][25.289s][info][gc,phases   ] GC(243) Pause Relocate Start 0.156ms
[2026-06-17T10:22:43.673+0800][25.292s][info][gc,phases   ] GC(243) Concurrent Relocate 1.926ms
[2026-06-17T10:22:43.674+0800][25.292s][info][gc,load     ] GC(243) Load: 0.18/0.20/0.27
[2026-06-17T10:22:43.674+0800][25.292s][info][gc,mmu      ] GC(243) MMU: 2ms/0.0%, 5ms/43.3%, 10ms/66.9%, 20ms/83.5%, 50ms/93.4%, 100ms/96.6%
[2026-06-17T10:22:43.674+0800][25.293s][info][gc,marking  ] GC(243) Mark: 2 stripe(s), 1 proactive flush(es), 1 terminate flush(es), 0 completion(s), 0 continuation(s) 
[2026-06-17T10:22:43.674+0800][25.293s][info][gc,reloc    ] GC(243) Relocation: Successful, 22M relocated
[2026-06-17T10:22:43.674+0800][25.293s][info][gc,nmethod  ] GC(243) NMethods: 23 registered, 0 unregistered
[2026-06-17T10:22:43.674+0800][25.293s][info][gc,metaspace] GC(243) Metaspace: 3M used, 4M capacity, 4M committed, 8M reserved
[2026-06-17T10:22:43.674+0800][25.293s][info][gc,ref      ] GC(243) Soft: 43 encountered, 0 discovered, 0 enqueued
[2026-06-17T10:22:43.675+0800][25.293s][info][gc,ref      ] GC(243) Weak: 7 encountered, 2 discovered, 0 enqueued
[2026-06-17T10:22:43.675+0800][25.294s][info][gc,ref      ] GC(243) Final: 0 encountered, 0 discovered, 0 enqueued
[2026-06-17T10:22:43.675+0800][25.294s][info][gc,ref      ] GC(243) Phantom: 1 encountered, 1 discovered, 0 enqueued
[2026-06-17T10:22:43.675+0800][25.294s][info][gc,heap     ] GC(243)                Mark Start          Mark End        Relocate Start      Relocate End           High               Low         
[2026-06-17T10:22:43.675+0800][25.294s][info][gc,heap     ] GC(243)  Capacity:      256M (100%)        256M (100%)        256M (100%)        256M (100%)        256M (100%)        256M (100%)   
[2026-06-17T10:22:43.675+0800][25.294s][info][gc,heap     ] GC(243)   Reserve:       62M (24%)          62M (24%)          62M (24%)          62M (24%)          62M (24%)          62M (24%)    
[2026-06-17T10:22:43.675+0800][25.294s][info][gc,heap     ] GC(243)      Free:       78M (30%)          78M (30%)          74M (29%)         146M (57%)         146M (57%)          70M (27%)    
[2026-06-17T10:22:43.676+0800][25.294s][info][gc,heap     ] GC(243)      Used:      116M (45%)         116M (45%)         120M (47%)          48M (19%)         124M (48%)          48M (19%)    
[2026-06-17T10:22:43.676+0800][25.294s][info][gc,heap     ] GC(243)      Live:         -                22M (9%)           22M (9%)           22M (9%)             -                  -          
[2026-06-17T10:22:43.676+0800][25.294s][info][gc,heap     ] GC(243) Allocated:         -                 0M (0%)           38M (15%)          48M (19%)            -                  -          
[2026-06-17T10:22:43.676+0800][25.295s][info][gc,heap     ] GC(243)   Garbage:         -                93M (36%)          59M (23%)    17592186044403M (6         -                  -          
[2026-06-17T10:22:43.676+0800][25.295s][info][gc,heap     ] GC(243) Reclaimed:         -                  -                34M (13%)         106M (41%)            -                  -          
[2026-06-17T10:22:43.676+0800][25.295s][info][gc          ] GC(243) Garbage Collection (Allocation Rate) 116M(45%)->48M(19%)
[2026-06-17T10:22:43.763+0800][25.381s][info][gc,start    ] GC(244) Garbage Collection (Allocation Rate)
[2026-06-17T10:22:43.764+0800][25.383s][info][gc,phases   ] GC(244) Pause Mark Start 0.315ms
[2026-06-17T10:22:43.767+0800][25.385s][info][gc,phases   ] GC(244) Concurrent Mark 1.994ms
[2026-06-17T10:22:43.768+0800][25.387s][info][gc,phases   ] GC(244) Pause Mark End 0.390ms
[2026-06-17T10:22:43.768+0800][25.387s][info][gc,phases   ] GC(244) Concurrent Process Non-Strong References 0.114ms
[2026-06-17T10:22:43.768+0800][25.387s][info][gc,phases   ] GC(244) Concurrent Reset Relocation Set 0.004ms
[2026-06-17T10:22:43.769+0800][25.387s][info][gc,phases   ] GC(244) Concurrent Destroy Detached Pages 0.001ms
[2026-06-17T10:22:43.769+0800][25.388s][info][gc,phases   ] GC(244) Concurrent Select Relocation Set 0.520ms
[2026-06-17T10:22:43.770+0800][25.388s][info][gc,phases   ] GC(244) Concurrent Prepare Relocation Set 0.004ms
[2026-06-17T10:22:43.770+0800][25.389s][info][gc,phases   ] GC(244) Pause Relocate Start 0.264ms
[2026-06-17T10:22:43.771+0800][25.390s][info][gc,phases   ] GC(244) Concurrent Relocate 0.405ms
[2026-06-17T10:22:43.772+0800][25.390s][info][gc,load     ] GC(244) Load: 0.18/0.20/0.27
[2026-06-17T10:22:43.772+0800][25.391s][info][gc,mmu      ] GC(244) MMU: 2ms/0.0%, 5ms/43.3%, 10ms/66.9%, 20ms/83.5%, 50ms/93.4%, 100ms/96.6%
[2026-06-17T10:22:43.772+0800][25.391s][info][gc,marking  ] GC(244) Mark: 2 stripe(s), 2 proactive flush(es), 1 terminate flush(es), 0 completion(s), 0 continuation(s) 
[2026-06-17T10:22:43.773+0800][25.392s][info][gc,reloc    ] GC(244) Relocation: Successful, 25M relocated
[2026-06-17T10:22:43.773+0800][25.392s][info][gc,nmethod  ] GC(244) NMethods: 23 registered, 0 unregistered
[2026-06-17T10:22:43.773+0800][25.392s][info][gc,metaspace] GC(244) Metaspace: 3M used, 4M capacity, 4M committed, 8M reserved
[2026-06-17T10:22:43.774+0800][25.392s][info][gc,ref      ] GC(244) Soft: 43 encountered, 0 discovered, 0 enqueued
[2026-06-17T10:22:43.774+0800][25.393s][info][gc,ref      ] GC(244) Weak: 7 encountered, 2 discovered, 0 enqueued
[2026-06-17T10:22:43.775+0800][25.393s][info][gc,ref      ] GC(244) Final: 0 encountered, 0 discovered, 0 enqueued
[2026-06-17T10:22:43.775+0800][25.394s][info][gc,ref      ] GC(244) Phantom: 1 encountered, 1 discovered, 0 enqueued
[2026-06-17T10:22:43.776+0800][25.395s][info][gc,heap     ] GC(244)                Mark Start          Mark End        Relocate Start      Relocate End           High               Low         
[2026-06-17T10:22:43.776+0800][25.395s][info][gc,heap     ] GC(244)  Capacity:      256M (100%)        256M (100%)        256M (100%)        256M (100%)        256M (100%)        256M (100%)   
[2026-06-17T10:22:43.777+0800][25.395s][info][gc,heap     ] GC(244)   Reserve:       62M (24%)          62M (24%)          62M (24%)          62M (24%)          62M (24%)          62M (24%)    
[2026-06-17T10:22:43.777+0800][25.396s][info][gc,heap     ] GC(244)      Free:      116M (45%)          80M (31%)         106M (41%)         112M (44%)         116M (45%)          80M (31%)    
[2026-06-17T10:22:43.777+0800][25.396s][info][gc,heap     ] GC(244)      Used:       78M (30%)         114M (45%)          88M (34%)          82M (32%)         114M (45%)          78M (30%)    
[2026-06-17T10:22:43.777+0800][25.396s][info][gc,heap     ] GC(244)      Live:         -                31M (12%)          31M (12%)          31M (12%)            -                  -          
[2026-06-17T10:22:43.778+0800][25.396s][info][gc,heap     ] GC(244) Allocated:         -                36M (14%)          36M (14%)          44M (17%)            -                  -          
[2026-06-17T10:22:43.778+0800][25.397s][info][gc,heap     ] GC(244)   Garbage:         -                46M (18%)          20M (8%)           14M (6%)             -                  -          
[2026-06-17T10:22:43.779+0800][25.397s][info][gc,heap     ] GC(244) Reclaimed:         -                  -                26M (10%)          32M (12%)            -                  -          
[2026-06-17T10:22:43.779+0800][25.398s][info][gc          ] GC(244) Garbage Collection (Allocation Rate) 78M(30%)->82M(32%)
[2026-06-17T10:22:43.863+0800][25.482s][info][gc,start    ] GC(245) Garbage Collection (Allocation Rate)
[2026-06-17T10:22:43.865+0800][25.484s][info][gc,phases   ] GC(245) Pause Mark Start 0.363ms
[2026-06-17T10:22:43.868+0800][25.487s][info][gc,phases   ] GC(245) Concurrent Mark 2.111ms
[2026-06-17T10:22:43.870+0800][25.489s][info][gc,phases   ] GC(245) Pause Mark End 0.598ms
[2026-06-17T10:22:43.872+0800][25.490s][info][gc,phases   ] GC(245) Concurrent Process Non-Strong References 0.437ms
[2026-06-17T10:22:43.872+0800][25.491s][info][gc,phases   ] GC(245) Concurrent Reset Relocation Set 0.005ms
[2026-06-17T10:22:43.873+0800][25.492s][info][gc,phases   ] GC(245) Concurrent Destroy Detached Pages 0.002ms
[2026-06-17T10:22:43.874+0800][25.493s][info][gc,phases   ] GC(245) Concurrent Select Relocation Set 0.755ms
[2026-06-17T10:22:43.875+0800][25.493s][info][gc,phases   ] GC(245) Concurrent Prepare Relocation Set 0.013ms
[2026-06-17T10:22:43.876+0800][25.495s][info][gc,phases   ] GC(245) Pause Relocate Start 0.266ms
[2026-06-17T10:22:43.878+0800][25.497s][info][gc,phases   ] GC(245) Concurrent Relocate 2.075ms
[2026-06-17T10:22:43.879+0800][25.498s][info][gc,load     ] GC(245) Load: 0.18/0.20/0.27
[2026-06-17T10:22:43.879+0800][25.498s][info][gc,mmu      ] GC(245) MMU: 2ms/0.0%, 5ms/43.3%, 10ms/66.9%, 20ms/83.5%, 50ms/93.4%, 100ms/96.6%
[2026-06-17T10:22:43.880+0800][25.498s][info][gc,marking  ] GC(245) Mark: 2 stripe(s), 1 proactive flush(es), 1 terminate flush(es), 0 completion(s), 0 continuation(s) 
[2026-06-17T10:22:43.880+0800][25.499s][info][gc,reloc    ] GC(245) Relocation: Successful, 27M relocated
[2026-06-17T10:22:43.881+0800][25.500s][info][gc,nmethod  ] GC(245) NMethods: 23 registered, 0 unregistered
[2026-06-17T10:22:43.881+0800][25.500s][info][gc,metaspace] GC(245) Metaspace: 3M used, 4M capacity, 4M committed, 8M reserved
[2026-06-17T10:22:43.881+0800][25.500s][info][gc,ref      ] GC(245) Soft: 43 encountered, 0 discovered, 0 enqueued
[2026-06-17T10:22:43.882+0800][25.501s][info][gc,ref      ] GC(245) Weak: 7 encountered, 2 discovered, 0 enqueued
[2026-06-17T10:22:43.882+0800][25.501s][info][gc,ref      ] GC(245) Final: 0 encountered, 0 discovered, 0 enqueued
[2026-06-17T10:22:43.882+0800][25.501s][info][gc,ref      ] GC(245) Phantom: 1 encountered, 1 discovered, 0 enqueued
[2026-06-17T10:22:43.883+0800][25.501s][info][gc,heap     ] GC(245)                Mark Start          Mark End        Relocate Start      Relocate End           High               Low         
[2026-06-17T10:22:43.883+0800][25.502s][info][gc,heap     ] GC(245)  Capacity:      256M (100%)        256M (100%)        256M (100%)        256M (100%)        256M (100%)        256M (100%)   
[2026-06-17T10:22:43.883+0800][25.502s][info][gc,heap     ] GC(245)   Reserve:       62M (24%)          62M (24%)          62M (24%)          62M (24%)          62M (24%)          62M (24%)    
[2026-06-17T10:22:43.884+0800][25.502s][info][gc,heap     ] GC(245)      Free:       78M (30%)          78M (30%)         102M (40%)         146M (57%)         146M (57%)          64M (25%)    
[2026-06-17T10:22:43.884+0800][25.502s][info][gc,heap     ] GC(245)      Used:      116M (45%)         116M (45%)          92M (36%)          48M (19%)         130M (51%)          48M (19%)    
[2026-06-17T10:22:43.884+0800][25.503s][info][gc,heap     ] GC(245)      Live:         -                27M (11%)          27M (11%)          27M (11%)            -                  -          
[2026-06-17T10:22:43.884+0800][25.503s][info][gc,heap     ] GC(245) Allocated:         -                 0M (0%)            4M (2%)           46M (18%)            -                  -          
[2026-06-17T10:22:43.884+0800][25.503s][info][gc,heap     ] GC(245)   Garbage:         -                88M (34%)          60M (23%)          16M (6%)             -                  -          
[2026-06-17T10:22:43.885+0800][25.503s][info][gc,heap     ] GC(245) Reclaimed:         -                  -                28M (11%)          72M (28%)            -                  -          
[2026-06-17T10:22:43.885+0800][25.503s][info][gc          ] GC(245) Garbage Collection (Allocation Rate) 116M(45%)->48M(19%)
[2026-06-17T10:22:43.963+0800][25.582s][info][gc,start    ] GC(246) Garbage Collection (Allocation Rate)
[2026-06-17T10:22:43.965+0800][25.584s][info][gc,phases   ] GC(246) Pause Mark Start 0.305ms
[2026-06-17T10:22:43.968+0800][25.586s][info][gc,phases   ] GC(246) Concurrent Mark 2.025ms
[2026-06-17T10:22:43.969+0800][25.588s][info][gc,phases   ] GC(246) Pause Mark End 0.456ms
[2026-06-17T10:22:43.970+0800][25.589s][info][gc,phases   ] GC(246) Concurrent Process Non-Strong References 0.225ms
[2026-06-17T10:22:43.971+0800][25.590s][info][gc,phases   ] GC(246) Concurrent Reset Relocation Set 0.004ms
[2026-06-17T10:22:43.972+0800][25.591s][info][gc,phases   ] GC(246) Concurrent Destroy Detached Pages 0.001ms
[2026-06-17T10:22:43.974+0800][25.592s][info][gc,phases   ] GC(246) Concurrent Select Relocation Set 1.004ms
[2026-06-17T10:22:43.975+0800][25.593s][info][gc,phases   ] GC(246) Concurrent Prepare Relocation Set 0.005ms
[2026-06-17T10:22:43.976+0800][25.594s][info][gc,phases   ] GC(246) Pause Relocate Start 0.244ms
[2026-06-17T10:22:43.977+0800][25.596s][info][gc,phases   ] GC(246) Concurrent Relocate 0.347ms
[2026-06-17T10:22:43.978+0800][25.596s][info][gc,load     ] GC(246) Load: 0.18/0.20/0.27
[2026-06-17T10:22:43.978+0800][25.597s][info][gc,mmu      ] GC(246) MMU: 2ms/0.0%, 5ms/43.3%, 10ms/66.9%, 20ms/83.5%, 50ms/93.4%, 100ms/96.6%
[2026-06-17T10:22:43.979+0800][25.598s][info][gc,marking  ] GC(246) Mark: 2 stripe(s), 1 proactive flush(es), 1 terminate flush(es), 0 completion(s), 0 continuation(s) 
[2026-06-17T10:22:43.979+0800][25.598s][info][gc,reloc    ] GC(246) Relocation: Successful, 22M relocated
[2026-06-17T10:22:43.980+0800][25.599s][info][gc,nmethod  ] GC(246) NMethods: 23 registered, 0 unregistered
[2026-06-17T10:22:43.981+0800][25.599s][info][gc,metaspace] GC(246) Metaspace: 3M used, 4M capacity, 4M committed, 8M reserved
[2026-06-17T10:22:43.981+0800][25.600s][info][gc,ref      ] GC(246) Soft: 43 encountered, 0 discovered, 0 enqueued
[2026-06-17T10:22:43.982+0800][25.600s][info][gc,ref      ] GC(246) Weak: 7 encountered, 0 discovered, 0 enqueued
[2026-06-17T10:22:43.982+0800][25.601s][info][gc,ref      ] GC(246) Final: 0 encountered, 0 discovered, 0 enqueued
[2026-06-17T10:22:43.982+0800][25.601s][info][gc,ref      ] GC(246) Phantom: 1 encountered, 0 discovered, 0 enqueued
[2026-06-17T10:22:43.983+0800][25.601s][info][gc,heap     ] GC(246)                Mark Start          Mark End        Relocate Start      Relocate End           High               Low         
[2026-06-17T10:22:43.983+0800][25.602s][info][gc,heap     ] GC(246)  Capacity:      256M (100%)        256M (100%)        256M (100%)        256M (100%)        256M (100%)        256M (100%)   
[2026-06-17T10:22:43.983+0800][25.602s][info][gc,heap     ] GC(246)   Reserve:       62M (24%)          62M (24%)          62M (24%)          62M (24%)          62M (24%)          62M (24%)    
[2026-06-17T10:22:43.983+0800][25.602s][info][gc,heap     ] GC(246)      Free:      114M (45%)         110M (43%)         136M (53%)         144M (56%)         144M (56%)         110M (43%)    
[2026-06-17T10:22:43.983+0800][25.602s][info][gc,heap     ] GC(246)      Used:       80M (31%)          84M (33%)          58M (23%)          50M (20%)          84M (33%)          50M (20%)    
[2026-06-17T10:22:43.983+0800][25.602s][info][gc,heap     ] GC(246)      Live:         -                24M (9%)           24M (9%)           24M (9%)             -                  -          
[2026-06-17T10:22:43.984+0800][25.602s][info][gc,heap     ] GC(246) Allocated:         -                 4M (2%)            4M (2%)           14M (5%)             -                  -          
[2026-06-17T10:22:43.984+0800][25.603s][info][gc,heap     ] GC(246)   Garbage:         -                55M (22%)          29M (12%)          17M (7%)             -                  -          
[2026-06-17T10:22:43.984+0800][25.603s][info][gc,heap     ] GC(246) Reclaimed:         -                  -                26M (10%)          38M (15%)            -                  -          
[2026-06-17T10:22:43.984+0800][25.603s][info][gc          ] GC(246) Garbage Collection (Allocation Rate) 80M(31%)->50M(20%)
[2026-06-17T10:22:44.063+0800][25.682s][info][gc,start    ] GC(247) Garbage Collection (Allocation Rate)
[2026-06-17T10:22:44.064+0800][25.683s][info][gc,phases   ] GC(247) Pause Mark Start 0.294ms
[2026-06-17T10:22:44.067+0800][25.685s][info][gc,phases   ] GC(247) Concurrent Mark 1.726ms
[2026-06-17T10:22:44.068+0800][25.686s][info][gc,phases   ] GC(247) Pause Mark End 0.438ms
[2026-06-17T10:22:44.068+0800][25.687s][info][gc,phases   ] GC(247) Concurrent Process Non-Strong References 0.170ms
[2026-06-17T10:22:44.068+0800][25.687s][info][gc,phases   ] GC(247) Concurrent Reset Relocation Set 0.004ms
[2026-06-17T10:22:44.069+0800][25.687s][info][gc,phases   ] GC(247) Concurrent Destroy Detached Pages 0.001ms
[2026-06-17T10:22:44.069+0800][25.688s][info][gc,phases   ] GC(247) Concurrent Select Relocation Set 0.722ms
[2026-06-17T10:22:44.070+0800][25.689s][info][gc,phases   ] GC(247) Concurrent Prepare Relocation Set 0.004ms
[2026-06-17T10:22:44.070+0800][25.689s][info][gc,phases   ] GC(247) Pause Relocate Start 0.154ms
[2026-06-17T10:22:44.072+0800][25.691s][info][gc,phases   ] GC(247) Concurrent Relocate 1.656ms
[2026-06-17T10:22:44.073+0800][25.691s][info][gc,load     ] GC(247) Load: 0.18/0.20/0.27
[2026-06-17T10:22:44.073+0800][25.691s][info][gc,mmu      ] GC(247) MMU: 2ms/0.0%, 5ms/43.3%, 10ms/66.9%, 20ms/83.5%, 50ms/93.4%, 100ms/96.6%
[2026-06-17T10:22:44.073+0800][25.692s][info][gc,marking  ] GC(247) Mark: 2 stripe(s), 1 proactive flush(es), 1 terminate flush(es), 0 completion(s), 0 continuation(s) 
[2026-06-17T10:22:44.073+0800][25.692s][info][gc,reloc    ] GC(247) Relocation: Successful, 23M relocated
[2026-06-17T10:22:44.073+0800][25.692s][info][gc,nmethod  ] GC(247) NMethods: 23 registered, 0 unregistered
[2026-06-17T10:22:44.074+0800][25.692s][info][gc,metaspace] GC(247) Metaspace: 3M used, 4M capacity, 4M committed, 8M reserved
[2026-06-17T10:22:44.074+0800][25.692s][info][gc,ref      ] GC(247) Soft: 43 encountered, 0 discovered, 0 enqueued
[2026-06-17T10:22:44.074+0800][25.693s][info][gc,ref      ] GC(247) Weak: 7 encountered, 0 discovered, 0 enqueued
[2026-06-17T10:22:44.074+0800][25.693s][info][gc,ref      ] GC(247) Final: 0 encountered, 0 discovered, 0 enqueued
[2026-06-17T10:22:44.074+0800][25.693s][info][gc,ref      ] GC(247) Phantom: 1 encountered, 0 discovered, 0 enqueued
[2026-06-17T10:22:44.074+0800][25.693s][info][gc,heap     ] GC(247)                Mark Start          Mark End        Relocate Start      Relocate End           High               Low         
[2026-06-17T10:22:44.074+0800][25.693s][info][gc,heap     ] GC(247)  Capacity:      256M (100%)        256M (100%)        256M (100%)        256M (100%)        256M (100%)        256M (100%)   
[2026-06-17T10:22:44.075+0800][25.693s][info][gc,heap     ] GC(247)   Reserve:       62M (24%)          62M (24%)          62M (24%)          62M (24%)          62M (24%)          62M (24%)    
[2026-06-17T10:22:44.075+0800][25.693s][info][gc,heap     ] GC(247)      Free:       80M (31%)          80M (31%)         112M (44%)         142M (55%)         142M (55%)          74M (29%)    
[2026-06-17T10:22:44.075+0800][25.694s][info][gc,heap     ] GC(247)      Used:      114M (45%)         114M (45%)          82M (32%)          52M (20%)         120M (47%)          52M (20%)    
[2026-06-17T10:22:44.075+0800][25.694s][info][gc,heap     ] GC(247)      Live:         -                25M (10%)          25M (10%)          25M (10%)            -                  -          
[2026-06-17T10:22:44.075+0800][25.694s][info][gc,heap     ] GC(247) Allocated:         -                 0M (0%)            0M (0%)           44M (17%)            -                  -          
[2026-06-17T10:22:44.075+0800][25.694s][info][gc,heap     ] GC(247)   Garbage:         -                88M (34%)          56M (22%)          22M (9%)             -                  -          
[2026-06-17T10:22:44.075+0800][25.694s][info][gc,heap     ] GC(247) Reclaimed:         -                  -                32M (12%)          66M (26%)            -                  -          
[2026-06-17T10:22:44.075+0800][25.694s][info][gc          ] GC(247) Garbage Collection (Allocation Rate) 114M(45%)->52M(20%)
[2026-06-17T10:22:44.163+0800][25.781s][info][gc,start    ] GC(248) Garbage Collection (Allocation Rate)
[2026-06-17T10:22:44.163+0800][25.782s][info][gc,phases   ] GC(248) Pause Mark Start 0.181ms
[2026-06-17T10:22:44.165+0800][25.784s][info][gc,phases   ] GC(248) Concurrent Mark 1.481ms
[2026-06-17T10:22:44.166+0800][25.785s][info][gc,phases   ] GC(248) Pause Mark End 0.263ms
[2026-06-17T10:22:44.166+0800][25.785s][info][gc,phases   ] GC(248) Concurrent Process Non-Strong References 0.100ms
[2026-06-17T10:22:44.166+0800][25.785s][info][gc,phases   ] GC(248) Concurrent Reset Relocation Set 0.002ms
[2026-06-17T10:22:44.166+0800][25.785s][info][gc,phases   ] GC(248) Concurrent Destroy Detached Pages 0.000ms
[2026-06-17T10:22:44.167+0800][25.786s][info][gc,phases   ] GC(248) Concurrent Select Relocation Set 0.503ms
[2026-06-17T10:22:44.167+0800][25.786s][info][gc,phases   ] GC(248) Concurrent Prepare Relocation Set 0.016ms
[2026-06-17T10:22:44.168+0800][25.787s][info][gc,phases   ] GC(248) Pause Relocate Start 0.129ms
[2026-06-17T10:22:44.168+0800][25.787s][info][gc,phases   ] GC(248) Concurrent Relocate 0.510ms
[2026-06-17T10:22:44.169+0800][25.787s][info][gc,load     ] GC(248) Load: 0.18/0.20/0.27
[2026-06-17T10:22:44.169+0800][25.788s][info][gc,mmu      ] GC(248) MMU: 2ms/0.0%, 5ms/43.3%, 10ms/66.9%, 20ms/83.5%, 50ms/93.4%, 100ms/96.6%
[2026-06-17T10:22:44.169+0800][25.788s][info][gc,marking  ] GC(248) Mark: 2 stripe(s), 1 proactive flush(es), 1 terminate flush(es), 0 completion(s), 0 continuation(s) 
[2026-06-17T10:22:44.169+0800][25.788s][info][gc,reloc    ] GC(248) Relocation: Successful, 22M relocated
[2026-06-17T10:22:44.169+0800][25.788s][info][gc,nmethod  ] GC(248) NMethods: 23 registered, 0 unregistered
[2026-06-17T10:22:44.170+0800][25.788s][info][gc,metaspace] GC(248) Metaspace: 3M used, 4M capacity, 4M committed, 8M reserved
[2026-06-17T10:22:44.170+0800][25.788s][info][gc,ref      ] GC(248) Soft: 43 encountered, 0 discovered, 0 enqueued
[2026-06-17T10:22:44.170+0800][25.789s][info][gc,ref      ] GC(248) Weak: 7 encountered, 0 discovered, 0 enqueued
[2026-06-17T10:22:44.170+0800][25.789s][info][gc,ref      ] GC(248) Final: 0 encountered, 0 discovered, 0 enqueued
[2026-06-17T10:22:44.170+0800][25.789s][info][gc,ref      ] GC(248) Phantom: 1 encountered, 1 discovered, 0 enqueued
[2026-06-17T10:22:44.170+0800][25.789s][info][gc,heap     ] GC(248)                Mark Start          Mark End        Relocate Start      Relocate End           High               Low         
[2026-06-17T10:22:44.170+0800][25.789s][info][gc,heap     ] GC(248)  Capacity:      256M (100%)        256M (100%)        256M (100%)        256M (100%)        256M (100%)        256M (100%)   
[2026-06-17T10:22:44.170+0800][25.789s][info][gc,heap     ] GC(248)   Reserve:       62M (24%)          62M (24%)          62M (24%)          62M (24%)          62M (24%)          62M (24%)    
[2026-06-17T10:22:44.170+0800][25.789s][info][gc,heap     ] GC(248)      Free:      112M (44%)         108M (42%)         136M (53%)         148M (58%)         148M (58%)         108M (42%)    
[2026-06-17T10:22:44.170+0800][25.789s][info][gc,heap     ] GC(248)      Used:       82M (32%)          86M (34%)          58M (23%)          46M (18%)          86M (34%)          46M (18%)    
[2026-06-17T10:22:44.171+0800][25.789s][info][gc,heap     ] GC(248)      Live:         -                22M (9%)           22M (9%)           22M (9%)             -                  -          
[2026-06-17T10:22:44.171+0800][25.789s][info][gc,heap     ] GC(248) Allocated:         -                 4M (2%)            4M (2%)           14M (5%)             -                  -          
[2026-06-17T10:22:44.171+0800][25.790s][info][gc,heap     ] GC(248)   Garbage:         -                59M (23%)          31M (12%)          19M (8%)             -                  -          
[2026-06-17T10:22:44.171+0800][25.790s][info][gc,heap     ] GC(248) Reclaimed:         -                  -                28M (11%)          40M (16%)            -                  -          
[2026-06-17T10:22:44.171+0800][25.790s][info][gc          ] GC(248) Garbage Collection (Allocation Rate) 82M(32%)->46M(18%)
[2026-06-17T10:22:44.263+0800][25.881s][info][gc,start    ] GC(249) Garbage Collection (Allocation Rate)
[2026-06-17T10:22:44.264+0800][25.882s][info][gc,phases   ] GC(249) Pause Mark Start 0.239ms
[2026-06-17T10:22:44.266+0800][25.885s][info][gc,phases   ] GC(249) Concurrent Mark 1.559ms
[2026-06-17T10:22:44.267+0800][25.886s][info][gc,phases   ] GC(249) Pause Mark End 0.288ms
[2026-06-17T10:22:44.269+0800][25.888s][info][gc,phases   ] GC(249) Concurrent Process Non-Strong References 0.092ms
[2026-06-17T10:22:44.271+0800][25.889s][info][gc,phases   ] GC(249) Concurrent Reset Relocation Set 0.004ms
[2026-06-17T10:22:44.271+0800][25.890s][info][gc,phases   ] GC(249) Concurrent Destroy Detached Pages 0.001ms
[2026-06-17T10:22:44.272+0800][25.891s][info][gc,phases   ] GC(249) Concurrent Select Relocation Set 0.593ms
[2026-06-17T10:22:44.273+0800][25.892s][info][gc,phases   ] GC(249) Concurrent Prepare Relocation Set 0.010ms
[2026-06-17T10:22:44.274+0800][25.893s][info][gc,phases   ] GC(249) Pause Relocate Start 0.167ms
[2026-06-17T10:22:44.278+0800][25.897s][info][gc,phases   ] GC(249) Concurrent Relocate 1.601ms
[2026-06-17T10:22:44.279+0800][25.898s][info][gc,load     ] GC(249) Load: 0.18/0.20/0.27
[2026-06-17T10:22:44.280+0800][25.899s][info][gc,mmu      ] GC(249) MMU: 2ms/0.0%, 5ms/43.3%, 10ms/66.9%, 20ms/83.5%, 50ms/93.4%, 100ms/96.6%
[2026-06-17T10:22:44.335+0800][25.954s][info][gc,marking  ] GC(249) Mark: 2 stripe(s), 1 proactive flush(es), 1 terminate flush(es), 0 completion(s), 0 continuation(s) 
[2026-06-17T10:22:44.336+0800][25.955s][info][gc,reloc    ] GC(249) Relocation: Successful, 20M relocated
[2026-06-17T10:22:44.358+0800][25.976s][info][gc,nmethod  ] GC(249) NMethods: 23 registered, 0 unregistered
[2026-06-17T10:22:44.358+0800][25.977s][info][gc,metaspace] GC(249) Metaspace: 3M used, 4M capacity, 4M committed, 8M reserved
[2026-06-17T10:22:44.359+0800][25.978s][info][gc,ref      ] GC(249) Soft: 43 encountered, 0 discovered, 0 enqueued
[2026-06-17T10:22:44.361+0800][25.980s][info][gc,ref      ] GC(249) Weak: 7 encountered, 2 discovered, 0 enqueued
[2026-06-17T10:22:44.362+0800][25.981s][info][gc,ref      ] GC(249) Final: 0 encountered, 0 discovered, 0 enqueued
[2026-06-17T10:22:44.363+0800][25.981s][info][gc,ref      ] GC(249) Phantom: 1 encountered, 1 discovered, 0 enqueued
[2026-06-17T10:22:44.364+0800][25.983s][info][gc,heap     ] GC(249)                Mark Start          Mark End        Relocate Start      Relocate End           High               Low         
[2026-06-17T10:22:44.366+0800][25.985s][info][gc,heap     ] GC(249)  Capacity:      256M (100%)        256M (100%)        256M (100%)        256M (100%)        256M (100%)        256M (100%)   
[2026-06-17T10:22:44.367+0800][25.986s][info][gc,heap     ] GC(249)   Reserve:       62M (24%)          62M (24%)          62M (24%)          62M (24%)          62M (24%)          62M (24%)    
[2026-06-17T10:22:44.369+0800][25.988s][info][gc,heap     ] GC(249)      Free:       80M (31%)          80M (31%)          78M (30%)         150M (59%)         150M (59%)          44M (17%)    
[2026-06-17T10:22:44.370+0800][25.988s][info][gc,heap     ] GC(249)      Used:      114M (45%)         114M (45%)         116M (45%)          44M (17%)         150M (59%)          44M (17%)    
[2026-06-17T10:22:44.371+0800][25.989s][info][gc,heap     ] GC(249)      Live:         -                20M (8%)           20M (8%)           20M (8%)             -                  -          
[2026-06-17T10:22:44.373+0800][25.991s][info][gc,heap     ] GC(249) Allocated:         -                 0M (0%)           36M (14%)          44M (17%)            -                  -          
[2026-06-17T10:22:44.375+0800][25.993s][info][gc,heap     ] GC(249)   Garbage:         -                93M (37%)          59M (23%)    17592186044403M (6         -                  -          
[2026-06-17T10:22:44.377+0800][25.996s][info][gc,heap     ] GC(249) Reclaimed:         -                  -                34M (13%)         106M (41%)            -                  -          
[2026-06-17T10:22:44.378+0800][25.996s][info][gc          ] GC(249) Garbage Collection (Allocation Rate) 114M(45%)->44M(17%)
[2026-06-17T10:22:44.463+0800][26.082s][info][gc,start    ] GC(250) Garbage Collection (Allocation Rate)
[2026-06-17T10:22:44.464+0800][26.083s][info][gc,phases   ] GC(250) Pause Mark Start 0.197ms
[2026-06-17T10:22:44.468+0800][26.087s][info][gc,phases   ] GC(250) Concurrent Mark 1.553ms
[2026-06-17T10:22:44.473+0800][26.092s][info][gc,phases   ] GC(250) Pause Mark End 0.350ms
[2026-06-17T10:22:44.478+0800][26.097s][info][gc,phases   ] GC(250) Concurrent Process Non-Strong References 0.248ms
[2026-06-17T10:22:44.482+0800][26.101s][info][gc,phases   ] GC(250) Concurrent Reset Relocation Set 0.006ms
[2026-06-17T10:22:44.484+0800][26.103s][info][gc,phases   ] GC(250) Concurrent Destroy Detached Pages 0.002ms
[2026-06-17T10:22:44.486+0800][26.105s][info][gc,phases   ] GC(250) Concurrent Select Relocation Set 0.978ms
[2026-06-17T10:22:44.487+0800][26.106s][info][gc,phases   ] GC(250) Concurrent Prepare Relocation Set 0.012ms
[2026-06-17T10:22:44.489+0800][26.107s][info][gc,phases   ] GC(250) Pause Relocate Start 0.170ms
[2026-06-17T10:22:44.491+0800][26.110s][info][gc,phases   ] GC(250) Concurrent Relocate 0.612ms
[2026-06-17T10:22:44.492+0800][26.111s][info][gc,load     ] GC(250) Load: 0.18/0.20/0.27
[2026-06-17T10:22:44.494+0800][26.113s][info][gc,mmu      ] GC(250) MMU: 2ms/0.0%, 5ms/43.3%, 10ms/66.9%, 20ms/83.5%, 50ms/93.4%, 100ms/96.6%
[2026-06-17T10:22:44.496+0800][26.115s][info][gc,marking  ] GC(250) Mark: 2 stripe(s), 1 proactive flush(es), 1 terminate flush(es), 0 completion(s), 0 continuation(s) 
[2026-06-17T10:22:44.498+0800][26.117s][info][gc,reloc    ] GC(250) Relocation: Successful, 25M relocated
[2026-06-17T10:22:44.502+0800][26.121s][info][gc,nmethod  ] GC(250) NMethods: 23 registered, 0 unregistered
[2026-06-17T10:22:44.503+0800][26.122s][info][gc,metaspace] GC(250) Metaspace: 3M used, 4M capacity, 4M committed, 8M reserved
[2026-06-17T10:22:44.503+0800][26.122s][info][gc,ref      ] GC(250) Soft: 43 encountered, 0 discovered, 0 enqueued
[2026-06-17T10:22:44.505+0800][26.124s][info][gc,ref      ] GC(250) Weak: 7 encountered, 0 discovered, 0 enqueued
[2026-06-17T10:22:44.507+0800][26.126s][info][gc,ref      ] GC(250) Final: 0 encountered, 0 discovered, 0 enqueued
[2026-06-17T10:22:44.509+0800][26.128s][info][gc,ref      ] GC(250) Phantom: 1 encountered, 1 discovered, 0 enqueued
[2026-06-17T10:22:44.511+0800][26.129s][info][gc,heap     ] GC(250)                Mark Start          Mark End        Relocate Start      Relocate End           High               Low         
[2026-06-17T10:22:44.511+0800][26.130s][info][gc,heap     ] GC(250)  Capacity:      256M (100%)        256M (100%)        256M (100%)        256M (100%)        256M (100%)        256M (100%)   
[2026-06-17T10:22:44.513+0800][26.132s][info][gc,heap     ] GC(250)   Reserve:       62M (24%)          62M (24%)          62M (24%)          62M (24%)          62M (24%)          62M (24%)    
[2026-06-17T10:22:44.515+0800][26.134s][info][gc,heap     ] GC(250)      Free:       80M (31%)          76M (30%)         132M (52%)         106M (41%)         132M (52%)          72M (28%)    
[2026-06-17T10:22:44.517+0800][26.135s][info][gc,heap     ] GC(250)      Used:      114M (45%)         118M (46%)          62M (24%)          88M (34%)         122M (48%)          62M (24%)    
[2026-06-17T10:22:44.518+0800][26.137s][info][gc,heap     ] GC(250)      Live:         -                25M (10%)          25M (10%)          25M (10%)            -                  -          
[2026-06-17T10:22:44.521+0800][26.140s][info][gc,heap     ] GC(250) Allocated:         -                 4M (2%)            8M (3%)           52M (20%)            -                  -          
[2026-06-17T10:22:44.523+0800][26.142s][info][gc,heap     ] GC(250)   Garbage:         -                88M (35%)          28M (11%)          18M (7%)             -                  -          
[2026-06-17T10:22:44.525+0800][26.144s][info][gc,heap     ] GC(250) Reclaimed:         -                  -                60M (23%)          70M (27%)            -                  -          
[2026-06-17T10:22:44.527+0800][26.145s][info][gc          ] GC(250) Garbage Collection (Allocation Rate) 114M(45%)->88M(34%)
[2026-06-17T10:22:44.563+0800][26.182s][info][gc,start    ] GC(251) Garbage Collection (Allocation Rate)
[2026-06-17T10:22:44.565+0800][26.184s][info][gc,phases   ] GC(251) Pause Mark Start 0.470ms
[2026-06-17T10:22:44.568+0800][26.187s][info][gc,phases   ] GC(251) Concurrent Mark 2.352ms
[2026-06-17T10:22:44.570+0800][26.188s][info][gc,phases   ] GC(251) Pause Mark End 0.632ms
[2026-06-17T10:22:44.570+0800][26.189s][info][gc,phases   ] GC(251) Concurrent Process Non-Strong References 0.176ms
[2026-06-17T10:22:44.571+0800][26.189s][info][gc,phases   ] GC(251) Concurrent Reset Relocation Set 0.004ms
[2026-06-17T10:22:44.571+0800][26.190s][info][gc,phases   ] GC(251) Concurrent Destroy Detached Pages 0.002ms
[2026-06-17T10:22:44.572+0800][26.191s][info][gc,phases   ] GC(251) Concurrent Select Relocation Set 1.019ms
[2026-06-17T10:22:44.572+0800][26.191s][info][gc,phases   ] GC(251) Concurrent Prepare Relocation Set 0.006ms
[2026-06-17T10:22:44.573+0800][26.192s][info][gc,phases   ] GC(251) Pause Relocate Start 0.237ms
[2026-06-17T10:22:44.575+0800][26.194s][info][gc,phases   ] GC(251) Concurrent Relocate 1.817ms
[2026-06-17T10:22:44.576+0800][26.194s][info][gc,load     ] GC(251) Load: 0.18/0.20/0.27
[2026-06-17T10:22:44.576+0800][26.194s][info][gc,mmu      ] GC(251) MMU: 2ms/0.0%, 5ms/43.3%, 10ms/66.9%, 20ms/83.5%, 50ms/93.4%, 100ms/96.6%
[2026-06-17T10:22:44.576+0800][26.195s][info][gc,marking  ] GC(251) Mark: 2 stripe(s), 2 proactive flush(es), 1 terminate flush(es), 0 completion(s), 0 continuation(s) 
[2026-06-17T10:22:44.576+0800][26.195s][info][gc,reloc    ] GC(251) Relocation: Successful, 19M relocated
[2026-06-17T10:22:44.576+0800][26.195s][info][gc,nmethod  ] GC(251) NMethods: 23 registered, 0 unregistered
[2026-06-17T10:22:44.576+0800][26.195s][info][gc,metaspace] GC(251) Metaspace: 3M used, 4M capacity, 4M committed, 8M reserved
[2026-06-17T10:22:44.577+0800][26.195s][info][gc,ref      ] GC(251) Soft: 43 encountered, 0 discovered, 0 enqueued
[2026-06-17T10:22:44.577+0800][26.195s][info][gc,ref      ] GC(251) Weak: 7 encountered, 2 discovered, 0 enqueued
[2026-06-17T10:22:44.577+0800][26.196s][info][gc,ref      ] GC(251) Final: 0 encountered, 0 discovered, 0 enqueued
[2026-06-17T10:22:44.577+0800][26.196s][info][gc,ref      ] GC(251) Phantom: 1 encountered, 1 discovered, 0 enqueued
[2026-06-17T10:22:44.577+0800][26.196s][info][gc,heap     ] GC(251)                Mark Start          Mark End        Relocate Start      Relocate End           High               Low         
[2026-06-17T10:22:44.577+0800][26.196s][info][gc,heap     ] GC(251)  Capacity:      256M (100%)        256M (100%)        256M (100%)        256M (100%)        256M (100%)        256M (100%)   
[2026-06-17T10:22:44.577+0800][26.196s][info][gc,heap     ] GC(251)   Reserve:       62M (24%)          62M (24%)          62M (24%)          62M (24%)          62M (24%)          62M (24%)    
[2026-06-17T10:22:44.578+0800][26.196s][info][gc,heap     ] GC(251)      Free:       82M (32%)          46M (18%)          78M (30%)         146M (57%)         146M (57%)          46M (18%)    
[2026-06-17T10:22:44.578+0800][26.196s][info][gc,heap     ] GC(251)      Used:      112M (44%)         148M (58%)         116M (45%)          48M (19%)         148M (58%)          48M (19%)    
[2026-06-17T10:22:44.578+0800][26.197s][info][gc,heap     ] GC(251)      Live:         -                23M (9%)           23M (9%)           23M (9%)             -                  -          
[2026-06-17T10:22:44.578+0800][26.197s][info][gc,heap     ] GC(251) Allocated:         -                36M (14%)          36M (14%)          42M (16%)            -                  -          
[2026-06-17T10:22:44.578+0800][26.197s][info][gc,heap     ] GC(251)   Garbage:         -                88M (35%)          56M (22%)    17592186044404M (6         -                  -          
[2026-06-17T10:22:44.578+0800][26.197s][info][gc,heap     ] GC(251) Reclaimed:         -                  -                32M (12%)         100M (39%)            -                  -          
[2026-06-17T10:22:44.578+0800][26.197s][info][gc          ] GC(251) Garbage Collection (Allocation Rate) 112M(44%)->48M(19%)
[2026-06-17T10:22:44.664+0800][26.283s][info][gc,start    ] GC(252) Garbage Collection (Allocation Rate)
[2026-06-17T10:22:44.666+0800][26.285s][info][gc,phases   ] GC(252) Pause Mark Start 0.595ms
[2026-06-17T10:22:44.669+0800][26.288s][info][gc,phases   ] GC(252) Concurrent Mark 2.345ms
[2026-06-17T10:22:44.672+0800][26.291s][info][gc,phases   ] GC(252) Pause Mark End 0.986ms
[2026-06-17T10:22:44.673+0800][26.292s][info][gc,phases   ] GC(252) Concurrent Process Non-Strong References 0.358ms
[2026-06-17T10:22:44.674+0800][26.292s][info][gc,phases   ] GC(252) Concurrent Reset Relocation Set 0.007ms
[2026-06-17T10:22:44.674+0800][26.293s][info][gc,phases   ] GC(252) Concurrent Destroy Detached Pages 0.003ms
[2026-06-17T10:22:44.677+0800][26.296s][info][gc,phases   ] GC(252) Concurrent Select Relocation Set 1.469ms
[2026-06-17T10:22:44.678+0800][26.296s][info][gc,phases   ] GC(252) Concurrent Prepare Relocation Set 0.004ms
[2026-06-17T10:22:44.679+0800][26.298s][info][gc,phases   ] GC(252) Pause Relocate Start 0.354ms
[2026-06-17T10:22:44.680+0800][26.299s][info][gc,phases   ] GC(252) Concurrent Relocate 0.416ms
[2026-06-17T10:22:44.680+0800][26.299s][info][gc,load     ] GC(252) Load: 0.18/0.20/0.27
[2026-06-17T10:22:44.681+0800][26.299s][info][gc,mmu      ] GC(252) MMU: 2ms/0.0%, 5ms/43.3%, 10ms/66.9%, 20ms/83.5%, 50ms/93.4%, 100ms/96.6%
[2026-06-17T10:22:44.681+0800][26.300s][info][gc,marking  ] GC(252) Mark: 2 stripe(s), 1 proactive flush(es), 1 terminate flush(es), 0 completion(s), 0 continuation(s) 
[2026-06-17T10:22:44.681+0800][26.300s][info][gc,reloc    ] GC(252) Relocation: Successful, 25M relocated
[2026-06-17T10:22:44.681+0800][26.300s][info][gc,nmethod  ] GC(252) NMethods: 23 registered, 0 unregistered
[2026-06-17T10:22:44.682+0800][26.300s][info][gc,metaspace] GC(252) Metaspace: 3M used, 4M capacity, 4M committed, 8M reserved
[2026-06-17T10:22:44.682+0800][26.301s][info][gc,ref      ] GC(252) Soft: 43 encountered, 0 discovered, 0 enqueued
[2026-06-17T10:22:44.682+0800][26.301s][info][gc,ref      ] GC(252) Weak: 7 encountered, 2 discovered, 0 enqueued
[2026-06-17T10:22:44.682+0800][26.301s][info][gc,ref      ] GC(252) Final: 0 encountered, 0 discovered, 0 enqueued
[2026-06-17T10:22:44.682+0800][26.301s][info][gc,ref      ] GC(252) Phantom: 1 encountered, 1 discovered, 0 enqueued
[2026-06-17T10:22:44.683+0800][26.301s][info][gc,heap     ] GC(252)                Mark Start          Mark End        Relocate Start      Relocate End           High               Low         
[2026-06-17T10:22:44.683+0800][26.302s][info][gc,heap     ] GC(252)  Capacity:      256M (100%)        256M (100%)        256M (100%)        256M (100%)        256M (100%)        256M (100%)   
[2026-06-17T10:22:44.683+0800][26.302s][info][gc,heap     ] GC(252)   Reserve:       62M (24%)          62M (24%)          62M (24%)          62M (24%)          62M (24%)          62M (24%)    
[2026-06-17T10:22:44.683+0800][26.302s][info][gc,heap     ] GC(252)      Free:      112M (44%)         112M (44%)         140M (55%)         146M (57%)         146M (57%)         108M (42%)    
[2026-06-17T10:22:44.684+0800][26.302s][info][gc,heap     ] GC(252)      Used:       82M (32%)          82M (32%)          54M (21%)          48M (19%)          86M (34%)          48M (19%)    
[2026-06-17T10:22:44.684+0800][26.303s][info][gc,heap     ] GC(252)      Live:         -                28M (11%)          28M (11%)          28M (11%)            -                  -          
[2026-06-17T10:22:44.684+0800][26.303s][info][gc,heap     ] GC(252) Allocated:         -                 0M (0%)            4M (2%)           10M (4%)             -                  -          
[2026-06-17T10:22:44.684+0800][26.303s][info][gc,heap     ] GC(252)   Garbage:         -                53M (21%)          21M (8%)           15M (6%)             -                  -          
[2026-06-17T10:22:44.684+0800][26.303s][info][gc,heap     ] GC(252) Reclaimed:         -                  -                32M (12%)          38M (15%)            -                  -          
[2026-06-17T10:22:44.684+0800][26.303s][info][gc          ] GC(252) Garbage Collection (Allocation Rate) 82M(32%)->48M(19%)
[2026-06-17T10:22:44.763+0800][26.382s][info][gc,start    ] GC(253) Garbage Collection (Allocation Rate)
[2026-06-17T10:22:44.765+0800][26.384s][info][gc,phases   ] GC(253) Pause Mark Start 0.466ms
[2026-06-17T10:22:44.768+0800][26.387s][info][gc,phases   ] GC(253) Concurrent Mark 2.100ms
[2026-06-17T10:22:44.771+0800][26.390s][info][gc,phases   ] GC(253) Pause Mark End 0.569ms
[2026-06-17T10:22:44.772+0800][26.391s][info][gc,phases   ] GC(253) Concurrent Process Non-Strong References 0.322ms
[2026-06-17T10:22:44.773+0800][26.391s][info][gc,phases   ] GC(253) Concurrent Reset Relocation Set 0.003ms
[2026-06-17T10:22:44.773+0800][26.392s][info][gc,phases   ] GC(253) Concurrent Destroy Detached Pages 0.002ms
[2026-06-17T10:22:44.774+0800][26.393s][info][gc,phases   ] GC(253) Concurrent Select Relocation Set 0.887ms
[2026-06-17T10:22:44.775+0800][26.394s][info][gc,phases   ] GC(253) Concurrent Prepare Relocation Set 0.015ms
[2026-06-17T10:22:44.776+0800][26.394s][info][gc,phases   ] GC(253) Pause Relocate Start 0.241ms
[2026-06-17T10:22:44.778+0800][26.396s][info][gc,phases   ] GC(253) Concurrent Relocate 1.874ms
[2026-06-17T10:22:44.778+0800][26.397s][info][gc,load     ] GC(253) Load: 0.18/0.20/0.27
[2026-06-17T10:22:44.778+0800][26.397s][info][gc,mmu      ] GC(253) MMU: 2ms/0.0%, 5ms/43.3%, 10ms/66.9%, 20ms/83.5%, 50ms/93.4%, 100ms/96.6%
[2026-06-17T10:22:44.779+0800][26.397s][info][gc,marking  ] GC(253) Mark: 2 stripe(s), 1 proactive flush(es), 1 terminate flush(es), 0 completion(s), 0 continuation(s) 
[2026-06-17T10:22:44.779+0800][26.398s][info][gc,reloc    ] GC(253) Relocation: Successful, 25M relocated
[2026-06-17T10:22:44.779+0800][26.398s][info][gc,nmethod  ] GC(253) NMethods: 23 registered, 0 unregistered
[2026-06-17T10:22:44.779+0800][26.398s][info][gc,metaspace] GC(253) Metaspace: 3M used, 4M capacity, 4M committed, 8M reserved
[2026-06-17T10:22:44.779+0800][26.398s][info][gc,ref      ] GC(253) Soft: 43 encountered, 0 discovered, 0 enqueued
[2026-06-17T10:22:44.779+0800][26.398s][info][gc,ref      ] GC(253) Weak: 7 encountered, 2 discovered, 0 enqueued
[2026-06-17T10:22:44.780+0800][26.398s][info][gc,ref      ] GC(253) Final: 0 encountered, 0 discovered, 0 enqueued
[2026-06-17T10:22:44.780+0800][26.398s][info][gc,ref      ] GC(253) Phantom: 1 encountered, 1 discovered, 0 enqueued
[2026-06-17T10:22:44.780+0800][26.399s][info][gc,heap     ] GC(253)                Mark Start          Mark End        Relocate Start      Relocate End           High               Low         
[2026-06-17T10:22:44.780+0800][26.399s][info][gc,heap     ] GC(253)  Capacity:      256M (100%)        256M (100%)        256M (100%)        256M (100%)        256M (100%)        256M (100%)   
[2026-06-17T10:22:44.780+0800][26.399s][info][gc,heap     ] GC(253)   Reserve:       62M (24%)          62M (24%)          62M (24%)          62M (24%)          62M (24%)          62M (24%)    
[2026-06-17T10:22:44.781+0800][26.399s][info][gc,heap     ] GC(253)      Free:       82M (32%)          82M (32%)         108M (42%)         148M (58%)         148M (58%)          70M (27%)    
[2026-06-17T10:22:44.781+0800][26.399s][info][gc,heap     ] GC(253)      Used:      112M (44%)         112M (44%)          86M (34%)          46M (18%)         124M (48%)          46M (18%)    
[2026-06-17T10:22:44.781+0800][26.400s][info][gc,heap     ] GC(253)      Live:         -                25M (10%)          25M (10%)          25M (10%)            -                  -          
[2026-06-17T10:22:44.781+0800][26.400s][info][gc,heap     ] GC(253) Allocated:         -                 0M (0%)            4M (2%)           44M (17%)            -                  -          
[2026-06-17T10:22:44.781+0800][26.400s][info][gc,heap     ] GC(253)   Garbage:         -                86M (34%)          56M (22%)          16M (6%)             -                  -          
[2026-06-17T10:22:44.781+0800][26.400s][info][gc,heap     ] GC(253) Reclaimed:         -                  -                30M (12%)          70M (27%)            -                  -          
[2026-06-17T10:22:44.781+0800][26.400s][info][gc          ] GC(253) Garbage Collection (Allocation Rate) 112M(44%)->46M(18%)
[2026-06-17T10:22:44.863+0800][26.482s][info][gc,start    ] GC(254) Garbage Collection (Allocation Rate)
[2026-06-17T10:22:44.864+0800][26.483s][info][gc,phases   ] GC(254) Pause Mark Start 0.285ms
[2026-06-17T10:22:44.867+0800][26.485s][info][gc,phases   ] GC(254) Concurrent Mark 1.879ms
[2026-06-17T10:22:44.868+0800][26.486s][info][gc,phases   ] GC(254) Pause Mark End 0.453ms
[2026-06-17T10:22:44.868+0800][26.487s][info][gc,phases   ] GC(254) Concurrent Process Non-Strong References 0.133ms
[2026-06-17T10:22:44.868+0800][26.487s][info][gc,phases   ] GC(254) Concurrent Reset Relocation Set 0.006ms
[2026-06-17T10:22:44.869+0800][26.487s][info][gc,phases   ] GC(254) Concurrent Destroy Detached Pages 0.002ms
[2026-06-17T10:22:44.870+0800][26.489s][info][gc,phases   ] GC(254) Concurrent Select Relocation Set 0.758ms
[2026-06-17T10:22:44.870+0800][26.489s][info][gc,phases   ] GC(254) Concurrent Prepare Relocation Set 0.003ms
[2026-06-17T10:22:44.871+0800][26.489s][info][gc,phases   ] GC(254) Pause Relocate Start 0.174ms
[2026-06-17T10:22:44.871+0800][26.490s][info][gc,phases   ] GC(254) Concurrent Relocate 0.269ms
[2026-06-17T10:22:44.871+0800][26.490s][info][gc,load     ] GC(254) Load: 0.18/0.20/0.27
[2026-06-17T10:22:44.872+0800][26.490s][info][gc,mmu      ] GC(254) MMU: 2ms/0.0%, 5ms/43.3%, 10ms/66.9%, 20ms/83.5%, 50ms/93.4%, 100ms/96.6%
[2026-06-17T10:22:44.872+0800][26.490s][info][gc,marking  ] GC(254) Mark: 2 stripe(s), 2 proactive flush(es), 1 terminate flush(es), 0 completion(s), 0 continuation(s) 
[2026-06-17T10:22:44.872+0800][26.491s][info][gc,reloc    ] GC(254) Relocation: Successful, 27M relocated
[2026-06-17T10:22:44.872+0800][26.491s][info][gc,nmethod  ] GC(254) NMethods: 23 registered, 0 unregistered
[2026-06-17T10:22:44.872+0800][26.491s][info][gc,metaspace] GC(254) Metaspace: 3M used, 4M capacity, 4M committed, 8M reserved
[2026-06-17T10:22:44.872+0800][26.491s][info][gc,ref      ] GC(254) Soft: 43 encountered, 0 discovered, 0 enqueued
[2026-06-17T10:22:44.872+0800][26.491s][info][gc,ref      ] GC(254) Weak: 7 encountered, 0 discovered, 0 enqueued
[2026-06-17T10:22:44.873+0800][26.491s][info][gc,ref      ] GC(254) Final: 0 encountered, 0 discovered, 0 enqueued
[2026-06-17T10:22:44.873+0800][26.491s][info][gc,ref      ] GC(254) Phantom: 1 encountered, 0 discovered, 0 enqueued
[2026-06-17T10:22:44.873+0800][26.491s][info][gc,heap     ] GC(254)                Mark Start          Mark End        Relocate Start      Relocate End           High               Low         
[2026-06-17T10:22:44.873+0800][26.492s][info][gc,heap     ] GC(254)  Capacity:      256M (100%)        256M (100%)        256M (100%)        256M (100%)        256M (100%)        256M (100%)   
[2026-06-17T10:22:44.873+0800][26.492s][info][gc,heap     ] GC(254)   Reserve:       62M (24%)          62M (24%)          62M (24%)          62M (24%)          62M (24%)          62M (24%)    
[2026-06-17T10:22:44.873+0800][26.492s][info][gc,heap     ] GC(254)      Free:      116M (45%)         116M (45%)         138M (54%)         146M (57%)         146M (57%)         112M (44%)    
[2026-06-17T10:22:44.873+0800][26.492s][info][gc,heap     ] GC(254)      Used:       78M (30%)          78M (30%)          56M (22%)          48M (19%)          82M (32%)          48M (19%)    
[2026-06-17T10:22:44.873+0800][26.492s][info][gc,heap     ] GC(254)      Live:         -                31M (12%)          31M (12%)          31M (12%)            -                  -          
[2026-06-17T10:22:44.873+0800][26.492s][info][gc,heap     ] GC(254) Allocated:         -                 0M (0%)            4M (2%)           10M (4%)             -                  -          
[2026-06-17T10:22:44.873+0800][26.492s][info][gc,heap     ] GC(254)   Garbage:         -                46M (18%)          20M (8%)           12M (5%)             -                  -          
[2026-06-17T10:22:44.873+0800][26.492s][info][gc,heap     ] GC(254) Reclaimed:         -                  -                26M (10%)          34M (13%)            -                  -          
[2026-06-17T10:22:44.874+0800][26.492s][info][gc          ] GC(254) Garbage Collection (Allocation Rate) 78M(30%)->48M(19%)
[2026-06-17T10:22:44.963+0800][26.582s][info][gc,start    ] GC(255) Garbage Collection (Allocation Rate)
[2026-06-17T10:22:44.964+0800][26.583s][info][gc,phases   ] GC(255) Pause Mark Start 0.188ms
[2026-06-17T10:22:44.966+0800][26.585s][info][gc,phases   ] GC(255) Concurrent Mark 1.552ms
[2026-06-17T10:22:44.967+0800][26.586s][info][gc,phases   ] GC(255) Pause Mark End 0.295ms
[2026-06-17T10:22:44.967+0800][26.586s][info][gc,phases   ] GC(255) Concurrent Process Non-Strong References 0.061ms
[2026-06-17T10:22:44.968+0800][26.586s][info][gc,phases   ] GC(255) Concurrent Reset Relocation Set 0.002ms
[2026-06-17T10:22:44.968+0800][26.587s][info][gc,phases   ] GC(255) Concurrent Destroy Detached Pages 0.001ms
[2026-06-17T10:22:44.969+0800][26.587s][info][gc,phases   ] GC(255) Concurrent Select Relocation Set 0.583ms
[2026-06-17T10:22:44.969+0800][26.588s][info][gc,phases   ] GC(255) Concurrent Prepare Relocation Set 0.005ms
[2026-06-17T10:22:44.969+0800][26.588s][info][gc,phases   ] GC(255) Pause Relocate Start 0.136ms
[2026-06-17T10:22:44.971+0800][26.590s][info][gc,phases   ] GC(255) Concurrent Relocate 1.469ms
[2026-06-17T10:22:44.972+0800][26.590s][info][gc,load     ] GC(255) Load: 0.18/0.20/0.27
[2026-06-17T10:22:44.972+0800][26.590s][info][gc,mmu      ] GC(255) MMU: 2ms/0.0%, 5ms/43.3%, 10ms/66.9%, 20ms/83.5%, 50ms/93.4%, 100ms/96.6%
[2026-06-17T10:22:44.972+0800][26.591s][info][gc,marking  ] GC(255) Mark: 2 stripe(s), 1 proactive flush(es), 1 terminate flush(es), 0 completion(s), 0 continuation(s) 
[2026-06-17T10:22:44.972+0800][26.591s][info][gc,reloc    ] GC(255) Relocation: Successful, 22M relocated
[2026-06-17T10:22:44.972+0800][26.591s][info][gc,nmethod  ] GC(255) NMethods: 23 registered, 0 unregistered
[2026-06-17T10:22:44.972+0800][26.591s][info][gc,metaspace] GC(255) Metaspace: 3M used, 4M capacity, 4M committed, 8M reserved
[2026-06-17T10:22:44.973+0800][26.591s][info][gc,ref      ] GC(255) Soft: 43 encountered, 0 discovered, 0 enqueued
[2026-06-17T10:22:44.973+0800][26.591s][info][gc,ref      ] GC(255) Weak: 7 encountered, 2 discovered, 0 enqueued
[2026-06-17T10:22:44.973+0800][26.592s][info][gc,ref      ] GC(255) Final: 0 encountered, 0 discovered, 0 enqueued
[2026-06-17T10:22:44.973+0800][26.592s][info][gc,ref      ] GC(255) Phantom: 1 encountered, 1 discovered, 0 enqueued
[2026-06-17T10:22:44.973+0800][26.592s][info][gc,heap     ] GC(255)                Mark Start          Mark End        Relocate Start      Relocate End           High               Low         
[2026-06-17T10:22:44.973+0800][26.592s][info][gc,heap     ] GC(255)  Capacity:      256M (100%)        256M (100%)        256M (100%)        256M (100%)        256M (100%)        256M (100%)   
[2026-06-17T10:22:44.973+0800][26.592s][info][gc,heap     ] GC(255)   Reserve:       62M (24%)          62M (24%)          62M (24%)          62M (24%)          62M (24%)          62M (24%)    
[2026-06-17T10:22:44.973+0800][26.592s][info][gc,heap     ] GC(255)      Free:       80M (31%)          80M (31%)         110M (43%)         148M (58%)         148M (58%)          72M (28%)    
[2026-06-17T10:22:44.974+0800][26.592s][info][gc,heap     ] GC(255)      Used:      114M (45%)         114M (45%)          84M (33%)          46M (18%)         122M (48%)          46M (18%)    
[2026-06-17T10:22:44.974+0800][26.592s][info][gc,heap     ] GC(255)      Live:         -                22M (9%)           22M (9%)           22M (9%)             -                  -          
[2026-06-17T10:22:44.974+0800][26.592s][info][gc,heap     ] GC(255) Allocated:         -                 0M (0%)            0M (0%)           42M (16%)            -                  -          
[2026-06-17T10:22:44.974+0800][26.593s][info][gc,heap     ] GC(255)   Garbage:         -                91M (36%)          61M (24%)          23M (9%)             -                  -          
[2026-06-17T10:22:44.974+0800][26.593s][info][gc,heap     ] GC(255) Reclaimed:         -                  -                30M (12%)          68M (27%)            -                  -          
[2026-06-17T10:22:44.974+0800][26.593s][info][gc          ] GC(255) Garbage Collection (Allocation Rate) 114M(45%)->46M(18%)
[2026-06-17T10:22:45.062+0800][26.681s][info][gc,start    ] GC(256) Garbage Collection (Allocation Rate)
[2026-06-17T10:22:45.063+0800][26.682s][info][gc,phases   ] GC(256) Pause Mark Start 0.242ms
[2026-06-17T10:22:45.065+0800][26.684s][info][gc,phases   ] GC(256) Concurrent Mark 1.624ms
[2026-06-17T10:22:45.066+0800][26.685s][info][gc,phases   ] GC(256) Pause Mark End 0.368ms
[2026-06-17T10:22:45.067+0800][26.686s][info][gc,phases   ] GC(256) Concurrent Process Non-Strong References 0.133ms
[2026-06-17T10:22:45.067+0800][26.686s][info][gc,phases   ] GC(256) Concurrent Reset Relocation Set 0.003ms
[2026-06-17T10:22:45.067+0800][26.686s][info][gc,phases   ] GC(256) Concurrent Destroy Detached Pages 0.001ms
[2026-06-17T10:22:45.068+0800][26.687s][info][gc,phases   ] GC(256) Concurrent Select Relocation Set 0.554ms
[2026-06-17T10:22:45.069+0800][26.687s][info][gc,phases   ] GC(256) Concurrent Prepare Relocation Set 0.011ms
[2026-06-17T10:22:45.069+0800][26.688s][info][gc,phases   ] GC(256) Pause Relocate Start 0.141ms
[2026-06-17T10:22:45.070+0800][26.688s][info][gc,phases   ] GC(256) Concurrent Relocate 0.383ms
[2026-06-17T10:22:45.070+0800][26.689s][info][gc,load     ] GC(256) Load: 0.18/0.20/0.27
[2026-06-17T10:22:45.070+0800][26.689s][info][gc,mmu      ] GC(256) MMU: 2ms/0.0%, 5ms/43.3%, 10ms/66.9%, 20ms/83.5%, 50ms/93.4%, 100ms/96.6%
[2026-06-17T10:22:45.070+0800][26.689s][info][gc,marking  ] GC(256) Mark: 2 stripe(s), 1 proactive flush(es), 1 terminate flush(es), 0 completion(s), 0 continuation(s) 
[2026-06-17T10:22:45.070+0800][26.689s][info][gc,reloc    ] GC(256) Relocation: Successful, 17M relocated
[2026-06-17T10:22:45.071+0800][26.689s][info][gc,nmethod  ] GC(256) NMethods: 23 registered, 0 unregistered
[2026-06-17T10:22:45.071+0800][26.689s][info][gc,metaspace] GC(256) Metaspace: 3M used, 4M capacity, 4M committed, 8M reserved
[2026-06-17T10:22:45.071+0800][26.690s][info][gc,ref      ] GC(256) Soft: 43 encountered, 0 discovered, 0 enqueued
[2026-06-17T10:22:45.071+0800][26.690s][info][gc,ref      ] GC(256) Weak: 7 encountered, 2 discovered, 0 enqueued
[2026-06-17T10:22:45.071+0800][26.690s][info][gc,ref      ] GC(256) Final: 0 encountered, 0 discovered, 0 enqueued
[2026-06-17T10:22:45.071+0800][26.690s][info][gc,ref      ] GC(256) Phantom: 1 encountered, 0 discovered, 0 enqueued
[2026-06-17T10:22:45.071+0800][26.690s][info][gc,heap     ] GC(256)                Mark Start          Mark End        Relocate Start      Relocate End           High               Low         
[2026-06-17T10:22:45.072+0800][26.690s][info][gc,heap     ] GC(256)  Capacity:      256M (100%)        256M (100%)        256M (100%)        256M (100%)        256M (100%)        256M (100%)   
[2026-06-17T10:22:45.072+0800][26.690s][info][gc,heap     ] GC(256)   Reserve:       62M (24%)          62M (24%)          62M (24%)          62M (24%)          62M (24%)          62M (24%)    
[2026-06-17T10:22:45.072+0800][26.691s][info][gc,heap     ] GC(256)      Free:      112M (44%)         112M (44%)         100M (39%)         114M (45%)         114M (45%)          74M (29%)    
[2026-06-17T10:22:45.072+0800][26.691s][info][gc,heap     ] GC(256)      Used:       82M (32%)          82M (32%)          94M (37%)          80M (31%)         120M (47%)          80M (31%)    
[2026-06-17T10:22:45.072+0800][26.691s][info][gc,heap     ] GC(256)      Live:         -                19M (8%)           19M (8%)           19M (8%)             -                  -          
[2026-06-17T10:22:45.072+0800][26.691s][info][gc,heap     ] GC(256) Allocated:         -                 0M (0%)           38M (15%)          44M (17%)            -                  -          
[2026-06-17T10:22:45.072+0800][26.691s][info][gc,heap     ] GC(256)   Garbage:         -                62M (25%)          36M (14%)          22M (9%)             -                  -          
[2026-06-17T10:22:45.072+0800][26.691s][info][gc,heap     ] GC(256) Reclaimed:         -                  -                26M (10%)          40M (16%)            -                  -          
[2026-06-17T10:22:45.072+0800][26.691s][info][gc          ] GC(256) Garbage Collection (Allocation Rate) 82M(32%)->80M(31%)
[2026-06-17T10:22:45.163+0800][26.781s][info][gc,start    ] GC(257) Garbage Collection (Allocation Rate)
[2026-06-17T10:22:45.164+0800][26.783s][info][gc,phases   ] GC(257) Pause Mark Start 0.277ms
[2026-06-17T10:22:45.166+0800][26.785s][info][gc,phases   ] GC(257) Concurrent Mark 1.555ms
[2026-06-17T10:22:45.167+0800][26.786s][info][gc,phases   ] GC(257) Pause Mark End 0.382ms
[2026-06-17T10:22:45.167+0800][26.786s][info][gc,phases   ] GC(257) Concurrent Process Non-Strong References 0.128ms
[2026-06-17T10:22:45.168+0800][26.786s][info][gc,phases   ] GC(257) Concurrent Reset Relocation Set 0.004ms
[2026-06-17T10:22:45.168+0800][26.786s][info][gc,phases   ] GC(257) Concurrent Destroy Detached Pages 0.001ms
[2026-06-17T10:22:45.169+0800][26.787s][info][gc,phases   ] GC(257) Concurrent Select Relocation Set 0.668ms
[2026-06-17T10:22:45.169+0800][26.788s][info][gc,phases   ] GC(257) Concurrent Prepare Relocation Set 0.013ms
[2026-06-17T10:22:45.169+0800][26.788s][info][gc,phases   ] GC(257) Pause Relocate Start 0.206ms
[2026-06-17T10:22:45.171+0800][26.790s][info][gc,phases   ] GC(257) Concurrent Relocate 1.744ms
[2026-06-17T10:22:45.171+0800][26.790s][info][gc,load     ] GC(257) Load: 0.18/0.20/0.27
[2026-06-17T10:22:45.172+0800][26.790s][info][gc,mmu      ] GC(257) MMU: 2ms/0.0%, 5ms/43.3%, 10ms/66.9%, 20ms/83.5%, 50ms/93.4%, 100ms/96.6%
[2026-06-17T10:22:45.172+0800][26.791s][info][gc,marking  ] GC(257) Mark: 2 stripe(s), 1 proactive flush(es), 1 terminate flush(es), 0 completion(s), 0 continuation(s) 
[2026-06-17T10:22:45.172+0800][26.791s][info][gc,reloc    ] GC(257) Relocation: Successful, 26M relocated
[2026-06-17T10:22:45.172+0800][26.791s][info][gc,nmethod  ] GC(257) NMethods: 23 registered, 0 unregistered
[2026-06-17T10:22:45.172+0800][26.791s][info][gc,metaspace] GC(257) Metaspace: 3M used, 4M capacity, 4M committed, 8M reserved
[2026-06-17T10:22:45.172+0800][26.791s][info][gc,ref      ] GC(257) Soft: 43 encountered, 0 discovered, 0 enqueued
[2026-06-17T10:22:45.172+0800][26.791s][info][gc,ref      ] GC(257) Weak: 7 encountered, 2 discovered, 0 enqueued
[2026-06-17T10:22:45.172+0800][26.791s][info][gc,ref      ] GC(257) Final: 0 encountered, 0 discovered, 0 enqueued
[2026-06-17T10:22:45.173+0800][26.791s][info][gc,ref      ] GC(257) Phantom: 1 encountered, 0 discovered, 0 enqueued
[2026-06-17T10:22:45.173+0800][26.791s][info][gc,heap     ] GC(257)                Mark Start          Mark End        Relocate Start      Relocate End           High               Low         
[2026-06-17T10:22:45.173+0800][26.792s][info][gc,heap     ] GC(257)  Capacity:      256M (100%)        256M (100%)        256M (100%)        256M (100%)        256M (100%)        256M (100%)   
[2026-06-17T10:22:45.173+0800][26.792s][info][gc,heap     ] GC(257)   Reserve:       62M (24%)          62M (24%)          62M (24%)          62M (24%)          62M (24%)          62M (24%)    
[2026-06-17T10:22:45.173+0800][26.792s][info][gc,heap     ] GC(257)      Free:       78M (30%)          78M (30%)         104M (41%)         146M (57%)         148M (58%)          66M (26%)    
[2026-06-17T10:22:45.173+0800][26.792s][info][gc,heap     ] GC(257)      Used:      116M (45%)         116M (45%)          90M (35%)          48M (19%)         128M (50%)          46M (18%)    
[2026-06-17T10:22:45.173+0800][26.792s][info][gc,heap     ] GC(257)      Live:         -                28M (11%)          28M (11%)          28M (11%)            -                  -          
[2026-06-17T10:22:45.173+0800][26.792s][info][gc,heap     ] GC(257) Allocated:         -                 0M (0%)            0M (0%)           44M (17%)            -                  -          
[2026-06-17T10:22:45.173+0800][26.792s][info][gc,heap     ] GC(257)   Garbage:         -                87M (34%)          61M (24%)          17M (7%)             -                  -          
[2026-06-17T10:22:45.173+0800][26.792s][info][gc,heap     ] GC(257) Reclaimed:         -                  -                26M (10%)          70M (27%)            -                  -          
[2026-06-17T10:22:45.174+0800][26.792s][info][gc          ] GC(257) Garbage Collection (Allocation Rate) 116M(45%)->48M(19%)
[2026-06-17T10:22:45.263+0800][26.882s][info][gc,start    ] GC(258) Garbage Collection (Allocation Rate)
[2026-06-17T10:22:45.265+0800][26.884s][info][gc,phases   ] GC(258) Pause Mark Start 0.513ms
[2026-06-17T10:22:45.269+0800][26.887s][info][gc,phases   ] GC(258) Concurrent Mark 2.657ms
[2026-06-17T10:22:45.274+0800][26.892s][info][gc,phases   ] GC(258) Pause Mark End 0.557ms
[2026-06-17T10:22:45.274+0800][26.893s][info][gc,phases   ] GC(258) Concurrent Process Non-Strong References 0.313ms
[2026-06-17T10:22:45.277+0800][26.896s][info][gc,phases   ] GC(258) Concurrent Reset Relocation Set 0.008ms
[2026-06-17T10:22:45.277+0800][26.896s][info][gc,phases   ] GC(258) Concurrent Destroy Detached Pages 0.002ms
[2026-06-17T10:22:45.279+0800][26.898s][info][gc,phases   ] GC(258) Concurrent Select Relocation Set 1.029ms
[2026-06-17T10:22:45.279+0800][26.898s][info][gc,phases   ] GC(258) Concurrent Prepare Relocation Set 0.005ms
[2026-06-17T10:22:45.280+0800][26.899s][info][gc,phases   ] GC(258) Pause Relocate Start 0.225ms
[2026-06-17T10:22:45.281+0800][26.900s][info][gc,phases   ] GC(258) Concurrent Relocate 0.339ms
[2026-06-17T10:22:45.282+0800][26.900s][info][gc,load     ] GC(258) Load: 0.18/0.20/0.27
[2026-06-17T10:22:45.282+0800][26.901s][info][gc,mmu      ] GC(258) MMU: 2ms/0.0%, 5ms/43.3%, 10ms/66.9%, 20ms/83.5%, 50ms/93.4%, 100ms/96.6%
[2026-06-17T10:22:45.282+0800][26.901s][info][gc,marking  ] GC(258) Mark: 2 stripe(s), 1 proactive flush(es), 1 terminate flush(es), 0 completion(s), 0 continuation(s) 
[2026-06-17T10:22:45.283+0800][26.901s][info][gc,reloc    ] GC(258) Relocation: Successful, 22M relocated
[2026-06-17T10:22:45.283+0800][26.902s][info][gc,nmethod  ] GC(258) NMethods: 23 registered, 0 unregistered
[2026-06-17T10:22:45.283+0800][26.902s][info][gc,metaspace] GC(258) Metaspace: 3M used, 4M capacity, 4M committed, 8M reserved
[2026-06-17T10:22:45.283+0800][26.902s][info][gc,ref      ] GC(258) Soft: 43 encountered, 0 discovered, 0 enqueued
[2026-06-17T10:22:45.284+0800][26.902s][info][gc,ref      ] GC(258) Weak: 7 encountered, 0 discovered, 0 enqueued
[2026-06-17T10:22:45.284+0800][26.903s][info][gc,ref      ] GC(258) Final: 0 encountered, 0 discovered, 0 enqueued
[2026-06-17T10:22:45.284+0800][26.903s][info][gc,ref      ] GC(258) Phantom: 1 encountered, 1 discovered, 0 enqueued
[2026-06-17T10:22:45.285+0800][26.903s][info][gc,heap     ] GC(258)                Mark Start          Mark End        Relocate Start      Relocate End           High               Low         
[2026-06-17T10:22:45.285+0800][26.903s][info][gc,heap     ] GC(258)  Capacity:      256M (100%)        256M (100%)        256M (100%)        256M (100%)        256M (100%)        256M (100%)   
[2026-06-17T10:22:45.285+0800][26.904s][info][gc,heap     ] GC(258)   Reserve:       62M (24%)          62M (24%)          62M (24%)          62M (24%)          62M (24%)          62M (24%)    
[2026-06-17T10:22:45.285+0800][26.904s][info][gc,heap     ] GC(258)      Free:      112M (44%)         108M (42%)         136M (53%)         142M (55%)         142M (55%)         104M (41%)    
[2026-06-17T10:22:45.285+0800][26.904s][info][gc,heap     ] GC(258)      Used:       82M (32%)          86M (34%)          58M (23%)          52M (20%)          90M (35%)          52M (20%)    
[2026-06-17T10:22:45.285+0800][26.904s][info][gc,heap     ] GC(258)      Live:         -                24M (9%)           24M (9%)           24M (9%)             -                  -          
[2026-06-17T10:22:45.285+0800][26.904s][info][gc,heap     ] GC(258) Allocated:         -                 4M (2%)            8M (3%)           14M (5%)             -                  -          
[2026-06-17T10:22:45.286+0800][26.904s][info][gc,heap     ] GC(258)   Garbage:         -                57M (23%)          25M (10%)          19M (8%)             -                  -          
[2026-06-17T10:22:45.286+0800][26.904s][info][gc,heap     ] GC(258) Reclaimed:         -                  -                32M (12%)          38M (15%)            -                  -          
[2026-06-17T10:22:45.286+0800][26.905s][info][gc          ] GC(258) Garbage Collection (Allocation Rate) 82M(32%)->52M(20%)
[2026-06-17T10:22:45.363+0800][26.982s][info][gc,start    ] GC(259) Garbage Collection (Allocation Rate)
[2026-06-17T10:22:45.366+0800][26.984s][info][gc,phases   ] GC(259) Pause Mark Start 0.559ms
[2026-06-17T10:22:45.369+0800][26.987s][info][gc,phases   ] GC(259) Concurrent Mark 2.012ms
[2026-06-17T10:22:45.370+0800][26.989s][info][gc,phases   ] GC(259) Pause Mark End 0.691ms
[2026-06-17T10:22:45.371+0800][26.990s][info][gc,phases   ] GC(259) Concurrent Process Non-Strong References 0.381ms
[2026-06-17T10:22:45.372+0800][26.991s][info][gc,phases   ] GC(259) Concurrent Reset Relocation Set 0.005ms
[2026-06-17T10:22:45.372+0800][26.991s][info][gc,phases   ] GC(259) Concurrent Destroy Detached Pages 0.002ms
[2026-06-17T10:22:45.374+0800][26.993s][info][gc,phases   ] GC(259) Concurrent Select Relocation Set 1.287ms
[2026-06-17T10:22:45.375+0800][26.994s][info][gc,phases   ] GC(259) Concurrent Prepare Relocation Set 0.016ms
[2026-06-17T10:22:45.376+0800][26.995s][info][gc,phases   ] GC(259) Pause Relocate Start 0.253ms
[2026-06-17T10:22:45.378+0800][26.997s][info][gc,phases   ] GC(259) Concurrent Relocate 1.766ms
[2026-06-17T10:22:45.379+0800][26.997s][info][gc,load     ] GC(259) Load: 0.18/0.20/0.27
[2026-06-17T10:22:45.379+0800][26.998s][info][gc,mmu      ] GC(259) MMU: 2ms/0.0%, 5ms/43.3%, 10ms/66.9%, 20ms/83.5%, 50ms/93.4%, 100ms/96.6%
[2026-06-17T10:22:45.380+0800][26.998s][info][gc,marking  ] GC(259) Mark: 2 stripe(s), 1 proactive flush(es), 1 terminate flush(es), 0 completion(s), 0 continuation(s) 
[2026-06-17T10:22:45.380+0800][26.999s][info][gc,reloc    ] GC(259) Relocation: Successful, 22M relocated
[2026-06-17T10:22:45.381+0800][27.000s][info][gc,nmethod  ] GC(259) NMethods: 23 registered, 0 unregistered
[2026-06-17T10:22:45.384+0800][27.002s][info][gc,metaspace] GC(259) Metaspace: 3M used, 4M capacity, 4M committed, 8M reserved
[2026-06-17T10:22:45.387+0800][27.006s][info][gc,ref      ] GC(259) Soft: 43 encountered, 0 discovered, 0 enqueued
[2026-06-17T10:22:45.391+0800][27.010s][info][gc,ref      ] GC(259) Weak: 7 encountered, 0 discovered, 0 enqueued
[2026-06-17T10:22:45.391+0800][27.010s][info][gc,ref      ] GC(259) Final: 0 encountered, 0 discovered, 0 enqueued
[2026-06-17T10:22:45.393+0800][27.012s][info][gc,ref      ] GC(259) Phantom: 1 encountered, 0 discovered, 0 enqueued
[2026-06-17T10:22:45.394+0800][27.012s][info][gc,heap     ] GC(259)                Mark Start          Mark End        Relocate Start      Relocate End           High               Low         
[2026-06-17T10:22:45.397+0800][27.016s][info][gc,heap     ] GC(259)  Capacity:      256M (100%)        256M (100%)        256M (100%)        256M (100%)        256M (100%)        256M (100%)   
[2026-06-17T10:22:45.399+0800][27.017s][info][gc,heap     ] GC(259)   Reserve:       62M (24%)          62M (24%)          62M (24%)          62M (24%)          62M (24%)          62M (24%)    
[2026-06-17T10:22:45.401+0800][27.019s][info][gc,heap     ] GC(259)      Free:       80M (31%)          80M (31%)         104M (41%)         148M (58%)         148M (58%)          68M (27%)    
[2026-06-17T10:22:45.403+0800][27.021s][info][gc,heap     ] GC(259)      Used:      114M (45%)         114M (45%)          90M (35%)          46M (18%)         126M (49%)          46M (18%)    
[2026-06-17T10:22:45.403+0800][27.022s][info][gc,heap     ] GC(259)      Live:         -                22M (9%)           22M (9%)           22M (9%)             -                  -          
[2026-06-17T10:22:45.403+0800][27.022s][info][gc,heap     ] GC(259) Allocated:         -                 0M (0%)            4M (2%)           44M (17%)            -                  -          
[2026-06-17T10:22:45.404+0800][27.022s][info][gc,heap     ] GC(259)   Garbage:         -                91M (36%)          63M (25%)          19M (8%)             -                  -          
[2026-06-17T10:22:45.404+0800][27.023s][info][gc,heap     ] GC(259) Reclaimed:         -                  -                28M (11%)          72M (28%)            -                  -          
[2026-06-17T10:22:45.404+0800][27.023s][info][gc          ] GC(259) Garbage Collection (Allocation Rate) 114M(45%)->46M(18%)
[2026-06-17T10:22:45.463+0800][27.082s][info][gc,start    ] GC(260) Garbage Collection (Allocation Rate)
[2026-06-17T10:22:45.465+0800][27.084s][info][gc,phases   ] GC(260) Pause Mark Start 0.296ms
[2026-06-17T10:22:45.468+0800][27.087s][info][gc,phases   ] GC(260) Concurrent Mark 1.958ms
[2026-06-17T10:22:45.469+0800][27.088s][info][gc,phases   ] GC(260) Pause Mark End 0.542ms
[2026-06-17T10:22:45.471+0800][27.090s][info][gc,phases   ] GC(260) Concurrent Process Non-Strong References 0.278ms
[2026-06-17T10:22:45.472+0800][27.090s][info][gc,phases   ] GC(260) Concurrent Reset Relocation Set 0.005ms
[2026-06-17T10:22:45.472+0800][27.091s][info][gc,phases   ] GC(260) Concurrent Destroy Detached Pages 0.002ms
[2026-06-17T10:22:45.474+0800][27.093s][info][gc,phases   ] GC(260) Concurrent Select Relocation Set 0.957ms
[2026-06-17T10:22:45.474+0800][27.093s][info][gc,phases   ] GC(260) Concurrent Prepare Relocation Set 0.001ms
[2026-06-17T10:22:45.475+0800][27.094s][info][gc,phases   ] GC(260) Pause Relocate Start 0.214ms
[2026-06-17T10:22:45.476+0800][27.095s][info][gc,phases   ] GC(260) Concurrent Relocate 0.288ms
[2026-06-17T10:22:45.477+0800][27.096s][info][gc,load     ] GC(260) Load: 0.18/0.20/0.27
[2026-06-17T10:22:45.477+0800][27.096s][info][gc,mmu      ] GC(260) MMU: 2ms/0.0%, 5ms/43.3%, 10ms/66.9%, 20ms/83.5%, 50ms/93.4%, 100ms/96.6%
[2026-06-17T10:22:45.478+0800][27.097s][info][gc,marking  ] GC(260) Mark: 2 stripe(s), 1 proactive flush(es), 1 terminate flush(es), 0 completion(s), 0 continuation(s) 
[2026-06-17T10:22:45.479+0800][27.097s][info][gc,reloc    ] GC(260) Relocation: Successful, 24M relocated
[2026-06-17T10:22:45.479+0800][27.098s][info][gc,nmethod  ] GC(260) NMethods: 23 registered, 0 unregistered
[2026-06-17T10:22:45.480+0800][27.099s][info][gc,metaspace] GC(260) Metaspace: 3M used, 4M capacity, 4M committed, 8M reserved
[2026-06-17T10:22:45.480+0800][27.099s][info][gc,ref      ] GC(260) Soft: 43 encountered, 0 discovered, 0 enqueued
[2026-06-17T10:22:45.481+0800][27.099s][info][gc,ref      ] GC(260) Weak: 7 encountered, 2 discovered, 0 enqueued
[2026-06-17T10:22:45.481+0800][27.100s][info][gc,ref      ] GC(260) Final: 0 encountered, 0 discovered, 0 enqueued
[2026-06-17T10:22:45.481+0800][27.100s][info][gc,ref      ] GC(260) Phantom: 1 encountered, 1 discovered, 0 enqueued
[2026-06-17T10:22:45.481+0800][27.100s][info][gc,heap     ] GC(260)                Mark Start          Mark End        Relocate Start      Relocate End           High               Low         
[2026-06-17T10:22:45.481+0800][27.100s][info][gc,heap     ] GC(260)  Capacity:      256M (100%)        256M (100%)        256M (100%)        256M (100%)        256M (100%)        256M (100%)   
[2026-06-17T10:22:45.482+0800][27.100s][info][gc,heap     ] GC(260)   Reserve:       62M (24%)          62M (24%)          62M (24%)          62M (24%)          62M (24%)          62M (24%)    
[2026-06-17T10:22:45.482+0800][27.101s][info][gc,heap     ] GC(260)      Free:      118M (46%)         118M (46%)         106M (41%)         116M (45%)         118M (46%)          82M (32%)    
[2026-06-17T10:22:45.482+0800][27.101s][info][gc,heap     ] GC(260)      Used:       76M (30%)          76M (30%)          88M (34%)          78M (30%)         112M (44%)          76M (30%)    
[2026-06-17T10:22:45.482+0800][27.101s][info][gc,heap     ] GC(260)      Live:         -                28M (11%)          28M (11%)          28M (11%)            -                  -          
[2026-06-17T10:22:45.482+0800][27.101s][info][gc,heap     ] GC(260) Allocated:         -                 0M (0%)           36M (14%)          40M (16%)            -                  -          
[2026-06-17T10:22:45.482+0800][27.101s][info][gc,heap     ] GC(260)   Garbage:         -                47M (19%)          23M (9%)           13M (5%)             -                  -          
[2026-06-17T10:22:45.483+0800][27.101s][info][gc,heap     ] GC(260) Reclaimed:         -                  -                24M (9%)           34M (13%)            -                  -          
[2026-06-17T10:22:45.483+0800][27.101s][info][gc          ] GC(260) Garbage Collection (Allocation Rate) 76M(30%)->78M(30%)
[2026-06-17T10:22:45.563+0800][27.181s][info][gc,start    ] GC(261) Garbage Collection (Allocation Rate)
[2026-06-17T10:22:45.564+0800][27.183s][info][gc,phases   ] GC(261) Pause Mark Start 0.298ms
[2026-06-17T10:22:45.566+0800][27.185s][info][gc,phases   ] GC(261) Concurrent Mark 1.538ms
[2026-06-17T10:22:45.567+0800][27.186s][info][gc,phases   ] GC(261) Pause Mark End 0.376ms
[2026-06-17T10:22:45.567+0800][27.186s][info][gc,phases   ] GC(261) Concurrent Process Non-Strong References 0.080ms
[2026-06-17T10:22:45.568+0800][27.186s][info][gc,phases   ] GC(261) Concurrent Reset Relocation Set 0.003ms
[2026-06-17T10:22:45.568+0800][27.186s][info][gc,phases   ] GC(261) Concurrent Destroy Detached Pages 0.001ms
[2026-06-17T10:22:45.569+0800][27.187s][info][gc,phases   ] GC(261) Concurrent Select Relocation Set 0.703ms
[2026-06-17T10:22:45.569+0800][27.188s][info][gc,phases   ] GC(261) Concurrent Prepare Relocation Set 0.010ms
[2026-06-17T10:22:45.569+0800][27.188s][info][gc,phases   ] GC(261) Pause Relocate Start 0.155ms
[2026-06-17T10:22:45.572+0800][27.191s][info][gc,phases   ] GC(261) Concurrent Relocate 2.032ms
[2026-06-17T10:22:45.572+0800][27.191s][info][gc,load     ] GC(261) Load: 0.18/0.20/0.27
[2026-06-17T10:22:45.572+0800][27.191s][info][gc,mmu      ] GC(261) MMU: 2ms/0.0%, 5ms/43.3%, 10ms/66.9%, 20ms/83.5%, 50ms/93.4%, 100ms/96.6%
[2026-06-17T10:22:45.572+0800][27.191s][info][gc,marking  ] GC(261) Mark: 2 stripe(s), 1 proactive flush(es), 1 terminate flush(es), 0 completion(s), 0 continuation(s) 
[2026-06-17T10:22:45.573+0800][27.191s][info][gc,reloc    ] GC(261) Relocation: Successful, 25M relocated
[2026-06-17T10:22:45.573+0800][27.191s][info][gc,nmethod  ] GC(261) NMethods: 23 registered, 0 unregistered
[2026-06-17T10:22:45.573+0800][27.192s][info][gc,metaspace] GC(261) Metaspace: 3M used, 4M capacity, 4M committed, 8M reserved
[2026-06-17T10:22:45.573+0800][27.192s][info][gc,ref      ] GC(261) Soft: 43 encountered, 0 discovered, 0 enqueued
[2026-06-17T10:22:45.573+0800][27.192s][info][gc,ref      ] GC(261) Weak: 7 encountered, 2 discovered, 0 enqueued
[2026-06-17T10:22:45.573+0800][27.192s][info][gc,ref      ] GC(261) Final: 0 encountered, 0 discovered, 0 enqueued
[2026-06-17T10:22:45.573+0800][27.192s][info][gc,ref      ] GC(261) Phantom: 1 encountered, 1 discovered, 0 enqueued
[2026-06-17T10:22:45.573+0800][27.192s][info][gc,heap     ] GC(261)                Mark Start          Mark End        Relocate Start      Relocate End           High               Low         
[2026-06-17T10:22:45.573+0800][27.192s][info][gc,heap     ] GC(261)  Capacity:      256M (100%)        256M (100%)        256M (100%)        256M (100%)        256M (100%)        256M (100%)   
[2026-06-17T10:22:45.574+0800][27.192s][info][gc,heap     ] GC(261)   Reserve:       62M (24%)          62M (24%)          62M (24%)          62M (24%)          62M (24%)          62M (24%)    
[2026-06-17T10:22:45.574+0800][27.192s][info][gc,heap     ] GC(261)      Free:       84M (33%)          80M (31%)         110M (43%)         148M (58%)         148M (58%)          72M (28%)    
[2026-06-17T10:22:45.574+0800][27.193s][info][gc,heap     ] GC(261)      Used:      110M (43%)         114M (45%)          84M (33%)          46M (18%)         122M (48%)          46M (18%)    
[2026-06-17T10:22:45.574+0800][27.193s][info][gc,heap     ] GC(261)      Live:         -                25M (10%)          25M (10%)          25M (10%)            -                  -          
[2026-06-17T10:22:45.574+0800][27.193s][info][gc,heap     ] GC(261) Allocated:         -                 4M (2%)            4M (2%)           44M (17%)            -                  -          
[2026-06-17T10:22:45.574+0800][27.193s][info][gc,heap     ] GC(261)   Garbage:         -                84M (33%)          54M (21%)          16M (7%)             -                  -          
[2026-06-17T10:22:45.574+0800][27.193s][info][gc,heap     ] GC(261) Reclaimed:         -                  -                30M (12%)          68M (27%)            -                  -          
[2026-06-17T10:22:45.574+0800][27.193s][info][gc          ] GC(261) Garbage Collection (Allocation Rate) 110M(43%)->46M(18%)
[2026-06-17T10:22:45.663+0800][27.282s][info][gc,start    ] GC(262) Garbage Collection (Allocation Rate)
[2026-06-17T10:22:45.664+0800][27.283s][info][gc,phases   ] GC(262) Pause Mark Start 0.255ms
[2026-06-17T10:22:45.666+0800][27.285s][info][gc,phases   ] GC(262) Concurrent Mark 1.676ms
[2026-06-17T10:22:45.667+0800][27.286s][info][gc,phases   ] GC(262) Pause Mark End 0.331ms
[2026-06-17T10:22:45.667+0800][27.286s][info][gc,phases   ] GC(262) Concurrent Process Non-Strong References 0.139ms
[2026-06-17T10:22:45.667+0800][27.286s][info][gc,phases   ] GC(262) Concurrent Reset Relocation Set 0.003ms
[2026-06-17T10:22:45.668+0800][27.286s][info][gc,phases   ] GC(262) Concurrent Destroy Detached Pages 0.001ms
[2026-06-17T10:22:45.668+0800][27.287s][info][gc,phases   ] GC(262) Concurrent Select Relocation Set 0.553ms
[2026-06-17T10:22:45.669+0800][27.287s][info][gc,phases   ] GC(262) Concurrent Prepare Relocation Set 0.005ms
[2026-06-17T10:22:45.669+0800][27.288s][info][gc,phases   ] GC(262) Pause Relocate Start 0.147ms
[2026-06-17T10:22:45.669+0800][27.288s][info][gc,phases   ] GC(262) Concurrent Relocate 0.205ms
[2026-06-17T10:22:45.670+0800][27.288s][info][gc,load     ] GC(262) Load: 0.18/0.20/0.27
[2026-06-17T10:22:45.670+0800][27.289s][info][gc,mmu      ] GC(262) MMU: 2ms/0.0%, 5ms/43.3%, 10ms/66.9%, 20ms/83.5%, 50ms/93.4%, 100ms/96.6%
[2026-06-17T10:22:45.670+0800][27.289s][info][gc,marking  ] GC(262) Mark: 2 stripe(s), 1 proactive flush(es), 1 terminate flush(es), 0 completion(s), 0 continuation(s) 
[2026-06-17T10:22:45.670+0800][27.289s][info][gc,reloc    ] GC(262) Relocation: Successful, 4M relocated
[2026-06-17T10:22:45.670+0800][27.289s][info][gc,nmethod  ] GC(262) NMethods: 23 registered, 0 unregistered
[2026-06-17T10:22:45.670+0800][27.289s][info][gc,metaspace] GC(262) Metaspace: 3M used, 4M capacity, 4M committed, 8M reserved
[2026-06-17T10:22:45.671+0800][27.289s][info][gc,ref      ] GC(262) Soft: 43 encountered, 0 discovered, 0 enqueued
[2026-06-17T10:22:45.671+0800][27.290s][info][gc,ref      ] GC(262) Weak: 7 encountered, 2 discovered, 0 enqueued
[2026-06-17T10:22:45.671+0800][27.290s][info][gc,ref      ] GC(262) Final: 0 encountered, 0 discovered, 0 enqueued
[2026-06-17T10:22:45.671+0800][27.290s][info][gc,ref      ] GC(262) Phantom: 1 encountered, 1 discovered, 0 enqueued
[2026-06-17T10:22:45.671+0800][27.290s][info][gc,heap     ] GC(262)                Mark Start          Mark End        Relocate Start      Relocate End           High               Low         
[2026-06-17T10:22:45.671+0800][27.290s][info][gc,heap     ] GC(262)  Capacity:      256M (100%)        256M (100%)        256M (100%)        256M (100%)        256M (100%)        256M (100%)   
[2026-06-17T10:22:45.672+0800][27.290s][info][gc,heap     ] GC(262)   Reserve:       62M (24%)          62M (24%)          62M (24%)          62M (24%)          62M (24%)          62M (24%)    
[2026-06-17T10:22:45.672+0800][27.290s][info][gc,heap     ] GC(262)      Free:      112M (44%)         112M (44%)         146M (57%)         150M (59%)         150M (59%)         112M (44%)    
[2026-06-17T10:22:45.672+0800][27.291s][info][gc,heap     ] GC(262)      Used:       82M (32%)          82M (32%)          48M (19%)          44M (17%)          82M (32%)          44M (17%)    
[2026-06-17T10:22:45.672+0800][27.291s][info][gc,heap     ] GC(262)      Live:         -                32M (13%)          32M (13%)          32M (13%)            -                  -          
[2026-06-17T10:22:45.672+0800][27.291s][info][gc,heap     ] GC(262) Allocated:         -                 0M (0%)            0M (0%)            6M (2%)             -                  -          
[2026-06-17T10:22:45.672+0800][27.291s][info][gc,heap     ] GC(262)   Garbage:         -                49M (19%)          15M (6%)           11M (5%)             -                  -          
[2026-06-17T10:22:45.672+0800][27.291s][info][gc,heap     ] GC(262) Reclaimed:         -                  -                34M (13%)          38M (15%)            -                  -          
[2026-06-17T10:22:45.672+0800][27.291s][info][gc          ] GC(262) Garbage Collection (Allocation Rate) 82M(32%)->44M(17%)
[2026-06-17T10:22:45.763+0800][27.382s][info][gc,start    ] GC(263) Garbage Collection (Allocation Rate)
[2026-06-17T10:22:45.766+0800][27.384s][info][gc,phases   ] GC(263) Pause Mark Start 0.576ms
[2026-06-17T10:22:45.769+0800][27.388s][info][gc,phases   ] GC(263) Concurrent Mark 2.544ms
[2026-06-17T10:22:45.771+0800][27.390s][info][gc,phases   ] GC(263) Pause Mark End 0.756ms
[2026-06-17T10:22:45.772+0800][27.391s][info][gc,phases   ] GC(263) Concurrent Process Non-Strong References 0.288ms
[2026-06-17T10:22:45.772+0800][27.391s][info][gc,phases   ] GC(263) Concurrent Reset Relocation Set 0.004ms
[2026-06-17T10:22:45.773+0800][27.392s][info][gc,phases   ] GC(263) Concurrent Destroy Detached Pages 0.002ms
[2026-06-17T10:22:45.775+0800][27.393s][info][gc,phases   ] GC(263) Concurrent Select Relocation Set 1.367ms
[2026-06-17T10:22:45.775+0800][27.394s][info][gc,phases   ] GC(263) Concurrent Prepare Relocation Set 0.015ms
[2026-06-17T10:22:45.776+0800][27.395s][info][gc,phases   ] GC(263) Pause Relocate Start 0.274ms
[2026-06-17T10:22:45.779+0800][27.398s][info][gc,phases   ] GC(263) Concurrent Relocate 2.426ms
[2026-06-17T10:22:45.779+0800][27.398s][info][gc,load     ] GC(263) Load: 0.18/0.20/0.27
[2026-06-17T10:22:45.779+0800][27.398s][info][gc,mmu      ] GC(263) MMU: 2ms/0.0%, 5ms/43.3%, 10ms/66.9%, 20ms/83.5%, 50ms/93.4%, 100ms/96.6%
[2026-06-17T10:22:45.780+0800][27.398s][info][gc,marking  ] GC(263) Mark: 2 stripe(s), 2 proactive flush(es), 1 terminate flush(es), 0 completion(s), 0 continuation(s) 
[2026-06-17T10:22:45.780+0800][27.399s][info][gc,reloc    ] GC(263) Relocation: Successful, 24M relocated
[2026-06-17T10:22:45.780+0800][27.399s][info][gc,nmethod  ] GC(263) NMethods: 23 registered, 0 unregistered
[2026-06-17T10:22:45.781+0800][27.399s][info][gc,metaspace] GC(263) Metaspace: 3M used, 4M capacity, 4M committed, 8M reserved
[2026-06-17T10:22:45.781+0800][27.399s][info][gc,ref      ] GC(263) Soft: 43 encountered, 0 discovered, 0 enqueued
[2026-06-17T10:22:45.781+0800][27.400s][info][gc,ref      ] GC(263) Weak: 7 encountered, 2 discovered, 0 enqueued
[2026-06-17T10:22:45.781+0800][27.400s][info][gc,ref      ] GC(263) Final: 0 encountered, 0 discovered, 0 enqueued
[2026-06-17T10:22:45.781+0800][27.400s][info][gc,ref      ] GC(263) Phantom: 1 encountered, 1 discovered, 0 enqueued
[2026-06-17T10:22:45.781+0800][27.400s][info][gc,heap     ] GC(263)                Mark Start          Mark End        Relocate Start      Relocate End           High               Low         
[2026-06-17T10:22:45.782+0800][27.400s][info][gc,heap     ] GC(263)  Capacity:      256M (100%)        256M (100%)        256M (100%)        256M (100%)        256M (100%)        256M (100%)   
[2026-06-17T10:22:45.782+0800][27.401s][info][gc,heap     ] GC(263)   Reserve:       62M (24%)          62M (24%)          62M (24%)          62M (24%)          62M (24%)          62M (24%)    
[2026-06-17T10:22:45.782+0800][27.401s][info][gc,heap     ] GC(263)      Free:       84M (33%)          46M (18%)          72M (28%)         140M (55%)         140M (55%)          46M (18%)    
[2026-06-17T10:22:45.782+0800][27.401s][info][gc,heap     ] GC(263)      Used:      110M (43%)         148M (58%)         122M (48%)          54M (21%)         148M (58%)          54M (21%)    
[2026-06-17T10:22:45.782+0800][27.401s][info][gc,heap     ] GC(263)      Live:         -                28M (11%)          28M (11%)          28M (11%)            -                  -          
[2026-06-17T10:22:45.783+0800][27.401s][info][gc,heap     ] GC(263) Allocated:         -                38M (15%)          38M (15%)          50M (20%)            -                  -          
[2026-06-17T10:22:45.783+0800][27.401s][info][gc,heap     ] GC(263)   Garbage:         -                81M (32%)          55M (22%)    17592186044399M (6         -                  -          
[2026-06-17T10:22:45.783+0800][27.402s][info][gc,heap     ] GC(263) Reclaimed:         -                  -                26M (10%)          98M (38%)            -                  -          
[2026-06-17T10:22:45.783+0800][27.402s][info][gc          ] GC(263) Garbage Collection (Allocation Rate) 110M(43%)->54M(21%)
[2026-06-17T10:22:45.864+0800][27.482s][info][gc,start    ] GC(264) Garbage Collection (Allocation Rate)
[2026-06-17T10:22:45.866+0800][27.484s][info][gc,phases   ] GC(264) Pause Mark Start 0.493ms
[2026-06-17T10:22:45.869+0800][27.488s][info][gc,phases   ] GC(264) Concurrent Mark 2.256ms
[2026-06-17T10:22:45.871+0800][27.489s][info][gc,phases   ] GC(264) Pause Mark End 0.769ms
[2026-06-17T10:22:45.871+0800][27.490s][info][gc,phases   ] GC(264) Concurrent Process Non-Strong References 0.274ms
[2026-06-17T10:22:45.872+0800][27.490s][info][gc,phases   ] GC(264) Concurrent Reset Relocation Set 0.004ms
[2026-06-17T10:22:45.872+0800][27.491s][info][gc,phases   ] GC(264) Concurrent Destroy Detached Pages 0.001ms
[2026-06-17T10:22:45.873+0800][27.492s][info][gc,phases   ] GC(264) Concurrent Select Relocation Set 1.069ms
[2026-06-17T10:22:45.873+0800][27.492s][info][gc,phases   ] GC(264) Concurrent Prepare Relocation Set 0.005ms
[2026-06-17T10:22:45.874+0800][27.493s][info][gc,phases   ] GC(264) Pause Relocate Start 0.198ms
[2026-06-17T10:22:45.875+0800][27.493s][info][gc,phases   ] GC(264) Concurrent Relocate 0.394ms
[2026-06-17T10:22:45.875+0800][27.494s][info][gc,load     ] GC(264) Load: 0.18/0.20/0.27
[2026-06-17T10:22:45.876+0800][27.495s][info][gc,mmu      ] GC(264) MMU: 2ms/0.0%, 5ms/43.3%, 10ms/66.9%, 20ms/83.5%, 50ms/93.4%, 100ms/96.6%
[2026-06-17T10:22:45.876+0800][27.495s][info][gc,marking  ] GC(264) Mark: 2 stripe(s), 1 proactive flush(es), 1 terminate flush(es), 0 completion(s), 0 continuation(s) 
[2026-06-17T10:22:45.877+0800][27.495s][info][gc,reloc    ] GC(264) Relocation: Successful, 19M relocated
[2026-06-17T10:22:45.877+0800][27.496s][info][gc,nmethod  ] GC(264) NMethods: 23 registered, 0 unregistered
[2026-06-17T10:22:45.877+0800][27.496s][info][gc,metaspace] GC(264) Metaspace: 3M used, 4M capacity, 4M committed, 8M reserved
[2026-06-17T10:22:45.878+0800][27.496s][info][gc,ref      ] GC(264) Soft: 43 encountered, 0 discovered, 0 enqueued
[2026-06-17T10:22:45.878+0800][27.497s][info][gc,ref      ] GC(264) Weak: 7 encountered, 0 discovered, 0 enqueued
[2026-06-17T10:22:45.878+0800][27.497s][info][gc,ref      ] GC(264) Final: 0 encountered, 0 discovered, 0 enqueued
[2026-06-17T10:22:45.878+0800][27.497s][info][gc,ref      ] GC(264) Phantom: 1 encountered, 0 discovered, 0 enqueued
[2026-06-17T10:22:45.878+0800][27.497s][info][gc,heap     ] GC(264)                Mark Start          Mark End        Relocate Start      Relocate End           High               Low         
[2026-06-17T10:22:45.878+0800][27.497s][info][gc,heap     ] GC(264)  Capacity:      256M (100%)        256M (100%)        256M (100%)        256M (100%)        256M (100%)        256M (100%)   
[2026-06-17T10:22:45.879+0800][27.497s][info][gc,heap     ] GC(264)   Reserve:       62M (24%)          62M (24%)          62M (24%)          62M (24%)          62M (24%)          62M (24%)    
[2026-06-17T10:22:45.879+0800][27.497s][info][gc,heap     ] GC(264)      Free:      108M (42%)         108M (42%)         138M (54%)         152M (59%)         152M (59%)         108M (42%)    
[2026-06-17T10:22:45.879+0800][27.498s][info][gc,heap     ] GC(264)      Used:       86M (34%)          86M (34%)          56M (22%)          42M (16%)          86M (34%)          42M (16%)    
[2026-06-17T10:22:45.879+0800][27.498s][info][gc,heap     ] GC(264)      Live:         -                21M (8%)           21M (8%)           21M (8%)             -                  -          
[2026-06-17T10:22:45.879+0800][27.498s][info][gc,heap     ] GC(264) Allocated:         -                 0M (0%)            0M (0%)            8M (3%)             -                  -          
[2026-06-17T10:22:45.879+0800][27.498s][info][gc,heap     ] GC(264)   Garbage:         -                64M (25%)          34M (14%)          16M (7%)             -                  -          
[2026-06-17T10:22:45.879+0800][27.498s][info][gc,heap     ] GC(264) Reclaimed:         -                  -                30M (12%)          48M (19%)            -                  -          
[2026-06-17T10:22:45.880+0800][27.498s][info][gc          ] GC(264) Garbage Collection (Allocation Rate) 86M(34%)->42M(16%)
[2026-06-17T10:22:45.963+0800][27.582s][info][gc,start    ] GC(265) Garbage Collection (Allocation Rate)
[2026-06-17T10:22:45.964+0800][27.583s][info][gc,phases   ] GC(265) Pause Mark Start 0.407ms
[2026-06-17T10:22:45.967+0800][27.586s][info][gc,phases   ] GC(265) Concurrent Mark 1.961ms
[2026-06-17T10:22:45.969+0800][27.588s][info][gc,phases   ] GC(265) Pause Mark End 0.719ms
[2026-06-17T10:22:45.971+0800][27.589s][info][gc,phases   ] GC(265) Concurrent Process Non-Strong References 0.445ms
[2026-06-17T10:22:45.973+0800][27.592s][info][gc,phases   ] GC(265) Concurrent Reset Relocation Set 0.006ms
[2026-06-17T10:22:45.973+0800][27.592s][info][gc,phases   ] GC(265) Concurrent Destroy Detached Pages 0.003ms
[2026-06-17T10:22:45.976+0800][27.594s][info][gc,phases   ] GC(265) Concurrent Select Relocation Set 1.472ms
[2026-06-17T10:22:45.976+0800][27.595s][info][gc,phases   ] GC(265) Concurrent Prepare Relocation Set 0.004ms
[2026-06-17T10:22:45.978+0800][27.596s][info][gc,phases   ] GC(265) Pause Relocate Start 0.392ms
[2026-06-17T10:22:45.981+0800][27.599s][info][gc,phases   ] GC(265) Concurrent Relocate 2.357ms
[2026-06-17T10:22:45.981+0800][27.600s][info][gc,load     ] GC(265) Load: 0.18/0.20/0.27
[2026-06-17T10:22:45.982+0800][27.600s][info][gc,mmu      ] GC(265) MMU: 2ms/0.0%, 5ms/43.3%, 10ms/66.9%, 20ms/83.5%, 50ms/93.4%, 100ms/96.6%
[2026-06-17T10:22:45.982+0800][27.601s][info][gc,marking  ] GC(265) Mark: 2 stripe(s), 1 proactive flush(es), 1 terminate flush(es), 0 completion(s), 0 continuation(s) 
[2026-06-17T10:22:45.983+0800][27.601s][info][gc,reloc    ] GC(265) Relocation: Successful, 23M relocated
[2026-06-17T10:22:45.983+0800][27.602s][info][gc,nmethod  ] GC(265) NMethods: 23 registered, 0 unregistered
[2026-06-17T10:22:45.983+0800][27.602s][info][gc,metaspace] GC(265) Metaspace: 3M used, 4M capacity, 4M committed, 8M reserved
[2026-06-17T10:22:45.984+0800][27.602s][info][gc,ref      ] GC(265) Soft: 43 encountered, 0 discovered, 0 enqueued
[2026-06-17T10:22:45.984+0800][27.603s][info][gc,ref      ] GC(265) Weak: 7 encountered, 0 discovered, 0 enqueued
[2026-06-17T10:22:45.984+0800][27.603s][info][gc,ref      ] GC(265) Final: 0 encountered, 0 discovered, 0 enqueued
[2026-06-17T10:22:45.984+0800][27.603s][info][gc,ref      ] GC(265) Phantom: 1 encountered, 1 discovered, 0 enqueued
[2026-06-17T10:22:45.984+0800][27.603s][info][gc,heap     ] GC(265)                Mark Start          Mark End        Relocate Start      Relocate End           High               Low         
[2026-06-17T10:22:45.985+0800][27.603s][info][gc,heap     ] GC(265)  Capacity:      256M (100%)        256M (100%)        256M (100%)        256M (100%)        256M (100%)        256M (100%)   
[2026-06-17T10:22:45.985+0800][27.603s][info][gc,heap     ] GC(265)   Reserve:       62M (24%)          62M (24%)          62M (24%)          62M (24%)          62M (24%)          62M (24%)    
[2026-06-17T10:22:45.985+0800][27.604s][info][gc,heap     ] GC(265)      Free:       88M (34%)          88M (34%)         112M (44%)         148M (58%)         148M (58%)          78M (30%)    
[2026-06-17T10:22:45.985+0800][27.604s][info][gc,heap     ] GC(265)      Used:      106M (41%)         106M (41%)          82M (32%)          46M (18%)         116M (45%)          46M (18%)    
[2026-06-17T10:22:45.986+0800][27.604s][info][gc,heap     ] GC(265)      Live:         -                27M (11%)          27M (11%)          27M (11%)            -                  -          
[2026-06-17T10:22:45.986+0800][27.604s][info][gc,heap     ] GC(265) Allocated:         -                 0M (0%)            4M (2%)           38M (15%)            -                  -          
[2026-06-17T10:22:45.986+0800][27.605s][info][gc,heap     ] GC(265)   Garbage:         -                78M (31%)          50M (20%)          14M (6%)             -                  -          
[2026-06-17T10:22:45.986+0800][27.605s][info][gc,heap     ] GC(265) Reclaimed:         -                  -                28M (11%)          64M (25%)            -                  -          
[2026-06-17T10:22:45.986+0800][27.605s][info][gc          ] GC(265) Garbage Collection (Allocation Rate) 106M(41%)->46M(18%)
[2026-06-17T10:22:46.063+0800][27.682s][info][gc,start    ] GC(266) Garbage Collection (Allocation Rate)
[2026-06-17T10:22:46.065+0800][27.683s][info][gc,phases   ] GC(266) Pause Mark Start 0.410ms
[2026-06-17T10:22:46.067+0800][27.686s][info][gc,phases   ] GC(266) Concurrent Mark 2.104ms
[2026-06-17T10:22:46.069+0800][27.687s][info][gc,phases   ] GC(266) Pause Mark End 0.420ms
[2026-06-17T10:22:46.069+0800][27.688s][info][gc,phases   ] GC(266) Concurrent Process Non-Strong References 0.086ms
[2026-06-17T10:22:46.069+0800][27.688s][info][gc,phases   ] GC(266) Concurrent Reset Relocation Set 0.002ms
[2026-06-17T10:22:46.070+0800][27.688s][info][gc,phases   ] GC(266) Concurrent Destroy Detached Pages 0.002ms
[2026-06-17T10:22:46.071+0800][27.689s][info][gc,phases   ] GC(266) Concurrent Select Relocation Set 0.735ms
[2026-06-17T10:22:46.072+0800][27.691s][info][gc,phases   ] GC(266) Concurrent Prepare Relocation Set 0.011ms
[2026-06-17T10:22:46.072+0800][27.691s][info][gc,phases   ] GC(266) Pause Relocate Start 0.151ms
[2026-06-17T10:22:46.073+0800][27.692s][info][gc,phases   ] GC(266) Concurrent Relocate 0.368ms
[2026-06-17T10:22:46.074+0800][27.692s][info][gc,load     ] GC(266) Load: 0.18/0.20/0.27
[2026-06-17T10:22:46.074+0800][27.692s][info][gc,mmu      ] GC(266) MMU: 2ms/0.0%, 5ms/43.3%, 10ms/66.9%, 20ms/83.5%, 50ms/93.4%, 100ms/96.6%
[2026-06-17T10:22:46.074+0800][27.693s][info][gc,marking  ] GC(266) Mark: 2 stripe(s), 1 proactive flush(es), 1 terminate flush(es), 0 completion(s), 0 continuation(s) 
[2026-06-17T10:22:46.074+0800][27.693s][info][gc,reloc    ] GC(266) Relocation: Successful, 22M relocated
[2026-06-17T10:22:46.074+0800][27.693s][info][gc,nmethod  ] GC(266) NMethods: 23 registered, 0 unregistered
[2026-06-17T10:22:46.074+0800][27.693s][info][gc,metaspace] GC(266) Metaspace: 3M used, 4M capacity, 4M committed, 8M reserved
[2026-06-17T10:22:46.074+0800][27.693s][info][gc,ref      ] GC(266) Soft: 43 encountered, 0 discovered, 0 enqueued
[2026-06-17T10:22:46.075+0800][27.693s][info][gc,ref      ] GC(266) Weak: 7 encountered, 2 discovered, 0 enqueued
[2026-06-17T10:22:46.075+0800][27.693s][info][gc,ref      ] GC(266) Final: 0 encountered, 0 discovered, 0 enqueued
[2026-06-17T10:22:46.075+0800][27.694s][info][gc,ref      ] GC(266) Phantom: 1 encountered, 1 discovered, 0 enqueued
[2026-06-17T10:22:46.075+0800][27.694s][info][gc,heap     ] GC(266)                Mark Start          Mark End        Relocate Start      Relocate End           High               Low         
[2026-06-17T10:22:46.075+0800][27.694s][info][gc,heap     ] GC(266)  Capacity:      256M (100%)        256M (100%)        256M (100%)        256M (100%)        256M (100%)        256M (100%)   
[2026-06-17T10:22:46.075+0800][27.694s][info][gc,heap     ] GC(266)   Reserve:       62M (24%)          62M (24%)          62M (24%)          62M (24%)          62M (24%)          62M (24%)    
[2026-06-17T10:22:46.075+0800][27.694s][info][gc,heap     ] GC(266)      Free:      114M (45%)         110M (43%)         136M (53%)         146M (57%)         146M (57%)         110M (43%)    
[2026-06-17T10:22:46.076+0800][27.694s][info][gc,heap     ] GC(266)      Used:       80M (31%)          84M (33%)          58M (23%)          48M (19%)          84M (33%)          48M (19%)    
[2026-06-17T10:22:46.076+0800][27.695s][info][gc,heap     ] GC(266)      Live:         -                24M (9%)           24M (9%)           24M (9%)             -                  -          
[2026-06-17T10:22:46.076+0800][27.695s][info][gc,heap     ] GC(266) Allocated:         -                 4M (2%)            4M (2%)           12M (5%)             -                  -          
[2026-06-17T10:22:46.076+0800][27.695s][info][gc,heap     ] GC(266)   Garbage:         -                55M (22%)          29M (12%)          19M (8%)             -                  -          
[2026-06-17T10:22:46.076+0800][27.695s][info][gc,heap     ] GC(266) Reclaimed:         -                  -                26M (10%)          36M (14%)            -                  -          
[2026-06-17T10:22:46.076+0800][27.695s][info][gc          ] GC(266) Garbage Collection (Allocation Rate) 80M(31%)->48M(19%)
[2026-06-17T10:22:46.163+0800][27.782s][info][gc,start    ] GC(267) Garbage Collection (Allocation Rate)
[2026-06-17T10:22:46.164+0800][27.783s][info][gc,phases   ] GC(267) Pause Mark Start 0.203ms
[2026-06-17T10:22:46.166+0800][27.785s][info][gc,phases   ] GC(267) Concurrent Mark 1.506ms
[2026-06-17T10:22:46.167+0800][27.786s][info][gc,phases   ] GC(267) Pause Mark End 0.278ms
[2026-06-17T10:22:46.168+0800][27.787s][info][gc,phases   ] GC(267) Concurrent Process Non-Strong References 0.162ms
[2026-06-17T10:22:46.169+0800][27.787s][info][gc,phases   ] GC(267) Concurrent Reset Relocation Set 0.003ms
[2026-06-17T10:22:46.169+0800][27.788s][info][gc,phases   ] GC(267) Concurrent Destroy Detached Pages 0.001ms
[2026-06-17T10:22:46.170+0800][27.789s][info][gc,phases   ] GC(267) Concurrent Select Relocation Set 0.503ms
[2026-06-17T10:22:46.170+0800][27.789s][info][gc,phases   ] GC(267) Concurrent Prepare Relocation Set 0.010ms
[2026-06-17T10:22:46.171+0800][27.790s][info][gc,phases   ] GC(267) Pause Relocate Start 0.145ms
[2026-06-17T10:22:46.173+0800][27.792s][info][gc,phases   ] GC(267) Concurrent Relocate 1.237ms
[2026-06-17T10:22:46.173+0800][27.792s][info][gc,load     ] GC(267) Load: 0.18/0.20/0.27
[2026-06-17T10:22:46.174+0800][27.793s][info][gc,mmu      ] GC(267) MMU: 2ms/0.0%, 5ms/43.3%, 10ms/66.9%, 20ms/83.5%, 50ms/93.4%, 100ms/96.6%
[2026-06-17T10:22:46.175+0800][27.793s][info][gc,marking  ] GC(267) Mark: 2 stripe(s), 1 proactive flush(es), 1 terminate flush(es), 0 completion(s), 0 continuation(s) 
[2026-06-17T10:22:46.175+0800][27.794s][info][gc,reloc    ] GC(267) Relocation: Successful, 17M relocated
[2026-06-17T10:22:46.176+0800][27.794s][info][gc,nmethod  ] GC(267) NMethods: 23 registered, 0 unregistered
[2026-06-17T10:22:46.176+0800][27.795s][info][gc,metaspace] GC(267) Metaspace: 3M used, 4M capacity, 4M committed, 8M reserved
[2026-06-17T10:22:46.177+0800][27.795s][info][gc,ref      ] GC(267) Soft: 43 encountered, 0 discovered, 0 enqueued
[2026-06-17T10:22:46.177+0800][27.796s][info][gc,ref      ] GC(267) Weak: 7 encountered, 2 discovered, 0 enqueued
[2026-06-17T10:22:46.177+0800][27.796s][info][gc,ref      ] GC(267) Final: 0 encountered, 0 discovered, 0 enqueued
[2026-06-17T10:22:46.178+0800][27.797s][info][gc,ref      ] GC(267) Phantom: 1 encountered, 1 discovered, 0 enqueued
[2026-06-17T10:22:46.179+0800][27.797s][info][gc,heap     ] GC(267)                Mark Start          Mark End        Relocate Start      Relocate End           High               Low         
[2026-06-17T10:22:46.179+0800][27.798s][info][gc,heap     ] GC(267)  Capacity:      256M (100%)        256M (100%)        256M (100%)        256M (100%)        256M (100%)        256M (100%)   
[2026-06-17T10:22:46.180+0800][27.798s][info][gc,heap     ] GC(267)   Reserve:       62M (24%)          62M (24%)          62M (24%)          62M (24%)          62M (24%)          62M (24%)    
[2026-06-17T10:22:46.180+0800][27.799s][info][gc,heap     ] GC(267)      Free:       78M (30%)          78M (30%)         112M (44%)         144M (56%)         144M (56%)          70M (27%)    
[2026-06-17T10:22:46.181+0800][27.799s][info][gc,heap     ] GC(267)      Used:      116M (45%)         116M (45%)          82M (32%)          50M (20%)         124M (48%)          50M (20%)    
[2026-06-17T10:22:46.181+0800][27.800s][info][gc,heap     ] GC(267)      Live:         -                19M (8%)           19M (8%)           19M (8%)             -                  -          
[2026-06-17T10:22:46.182+0800][27.800s][info][gc,heap     ] GC(267) Allocated:         -                 0M (0%)            2M (1%)           46M (18%)            -                  -          
[2026-06-17T10:22:46.182+0800][27.801s][info][gc,heap     ] GC(267)   Garbage:         -                96M (38%)          60M (24%)          26M (10%)            -                  -          
[2026-06-17T10:22:46.182+0800][27.801s][info][gc,heap     ] GC(267) Reclaimed:         -                  -                36M (14%)          70M (27%)            -                  -          
[2026-06-17T10:22:46.183+0800][27.802s][info][gc          ] GC(267) Garbage Collection (Allocation Rate) 116M(45%)->50M(20%)
[2026-06-17T10:22:46.263+0800][27.882s][info][gc,start    ] GC(268) Garbage Collection (Allocation Rate)
[2026-06-17T10:22:46.265+0800][27.883s][info][gc,phases   ] GC(268) Pause Mark Start 0.190ms
[2026-06-17T10:22:46.267+0800][27.886s][info][gc,phases   ] GC(268) Concurrent Mark 1.448ms
[2026-06-17T10:22:46.268+0800][27.887s][info][gc,phases   ] GC(268) Pause Mark End 0.285ms
[2026-06-17T10:22:46.268+0800][27.887s][info][gc,phases   ] GC(268) Concurrent Process Non-Strong References 0.118ms
[2026-06-17T10:22:46.269+0800][27.888s][info][gc,phases   ] GC(268) Concurrent Reset Relocation Set 0.003ms
[2026-06-17T10:22:46.269+0800][27.888s][info][gc,phases   ] GC(268) Concurrent Destroy Detached Pages 0.001ms
[2026-06-17T10:22:46.271+0800][27.889s][info][gc,phases   ] GC(268) Concurrent Select Relocation Set 0.512ms
[2026-06-17T10:22:46.271+0800][27.890s][info][gc,phases   ] GC(268) Concurrent Prepare Relocation Set 0.008ms
[2026-06-17T10:22:46.272+0800][27.891s][info][gc,phases   ] GC(268) Pause Relocate Start 0.144ms
[2026-06-17T10:22:46.273+0800][27.892s][info][gc,phases   ] GC(268) Concurrent Relocate 0.431ms
[2026-06-17T10:22:46.273+0800][27.892s][info][gc,load     ] GC(268) Load: 0.18/0.20/0.27
[2026-06-17T10:22:46.274+0800][27.893s][info][gc,mmu      ] GC(268) MMU: 2ms/0.0%, 5ms/43.3%, 10ms/66.9%, 20ms/83.5%, 50ms/93.4%, 100ms/96.6%
[2026-06-17T10:22:46.274+0800][27.893s][info][gc,marking  ] GC(268) Mark: 2 stripe(s), 2 proactive flush(es), 1 terminate flush(es), 0 completion(s), 0 continuation(s) 
[2026-06-17T10:22:46.274+0800][27.893s][info][gc,reloc    ] GC(268) Relocation: Successful, 22M relocated
[2026-06-17T10:22:46.275+0800][27.894s][info][gc,nmethod  ] GC(268) NMethods: 23 registered, 0 unregistered
[2026-06-17T10:22:46.275+0800][27.894s][info][gc,metaspace] GC(268) Metaspace: 3M used, 4M capacity, 4M committed, 8M reserved
[2026-06-17T10:22:46.276+0800][27.895s][info][gc,ref      ] GC(268) Soft: 43 encountered, 0 discovered, 0 enqueued
[2026-06-17T10:22:46.276+0800][27.895s][info][gc,ref      ] GC(268) Weak: 7 encountered, 2 discovered, 0 enqueued
[2026-06-17T10:22:46.277+0800][27.896s][info][gc,ref      ] GC(268) Final: 0 encountered, 0 discovered, 0 enqueued
[2026-06-17T10:22:46.277+0800][27.896s][info][gc,ref      ] GC(268) Phantom: 1 encountered, 1 discovered, 0 enqueued
[2026-06-17T10:22:46.278+0800][27.896s][info][gc,heap     ] GC(268)                Mark Start          Mark End        Relocate Start      Relocate End           High               Low         
[2026-06-17T10:22:46.278+0800][27.897s][info][gc,heap     ] GC(268)  Capacity:      256M (100%)        256M (100%)        256M (100%)        256M (100%)        256M (100%)        256M (100%)   
[2026-06-17T10:22:46.278+0800][27.897s][info][gc,heap     ] GC(268)   Reserve:       62M (24%)          62M (24%)          62M (24%)          62M (24%)          62M (24%)          62M (24%)    
[2026-06-17T10:22:46.279+0800][27.898s][info][gc,heap     ] GC(268)      Free:      112M (44%)         108M (42%)         134M (52%)         144M (56%)         144M (56%)         108M (42%)    
[2026-06-17T10:22:46.279+0800][27.898s][info][gc,heap     ] GC(268)      Used:       82M (32%)          86M (34%)          60M (23%)          50M (20%)          86M (34%)          50M (20%)    
[2026-06-17T10:22:46.280+0800][27.899s][info][gc,heap     ] GC(268)      Live:         -                25M (10%)          25M (10%)          25M (10%)            -                  -          
[2026-06-17T10:22:46.280+0800][27.899s][info][gc,heap     ] GC(268) Allocated:         -                 4M (2%)            4M (2%)           12M (5%)             -                  -          
[2026-06-17T10:22:46.281+0800][27.899s][info][gc,heap     ] GC(268)   Garbage:         -                56M (22%)          30M (12%)          20M (8%)             -                  -          
[2026-06-17T10:22:46.281+0800][27.900s][info][gc,heap     ] GC(268) Reclaimed:         -                  -                26M (10%)          36M (14%)            -                  -          
[2026-06-17T10:22:46.281+0800][27.900s][info][gc          ] GC(268) Garbage Collection (Allocation Rate) 82M(32%)->50M(20%)
[2026-06-17T10:22:46.363+0800][27.981s][info][gc,start    ] GC(269) Garbage Collection (Allocation Rate)
[2026-06-17T10:22:46.364+0800][27.982s][info][gc,phases   ] GC(269) Pause Mark Start 0.241ms
[2026-06-17T10:22:46.366+0800][27.984s][info][gc,phases   ] GC(269) Concurrent Mark 1.611ms
[2026-06-17T10:22:46.366+0800][27.985s][info][gc,phases   ] GC(269) Pause Mark End 0.339ms
[2026-06-17T10:22:46.367+0800][27.985s][info][gc,phases   ] GC(269) Concurrent Process Non-Strong References 0.098ms
[2026-06-17T10:22:46.367+0800][27.986s][info][gc,phases   ] GC(269) Concurrent Reset Relocation Set 0.004ms
[2026-06-17T10:22:46.367+0800][27.986s][info][gc,phases   ] GC(269) Concurrent Destroy Detached Pages 0.001ms
[2026-06-17T10:22:46.368+0800][27.987s][info][gc,phases   ] GC(269) Concurrent Select Relocation Set 0.583ms
[2026-06-17T10:22:46.368+0800][27.987s][info][gc,phases   ] GC(269) Concurrent Prepare Relocation Set 0.003ms
[2026-06-17T10:22:46.369+0800][27.987s][info][gc,phases   ] GC(269) Pause Relocate Start 0.153ms
[2026-06-17T10:22:46.371+0800][27.989s][info][gc,phases   ] GC(269) Concurrent Relocate 1.682ms
[2026-06-17T10:22:46.371+0800][27.990s][info][gc,load     ] GC(269) Load: 0.18/0.20/0.27
[2026-06-17T10:22:46.371+0800][27.990s][info][gc,mmu      ] GC(269) MMU: 2ms/0.0%, 5ms/43.3%, 10ms/66.9%, 20ms/83.5%, 50ms/93.4%, 100ms/96.6%
[2026-06-17T10:22:46.371+0800][27.990s][info][gc,marking  ] GC(269) Mark: 2 stripe(s), 1 proactive flush(es), 1 terminate flush(es), 0 completion(s), 0 continuation(s) 
[2026-06-17T10:22:46.371+0800][27.990s][info][gc,reloc    ] GC(269) Relocation: Successful, 22M relocated
[2026-06-17T10:22:46.371+0800][27.990s][info][gc,nmethod  ] GC(269) NMethods: 23 registered, 0 unregistered
[2026-06-17T10:22:46.371+0800][27.990s][info][gc,metaspace] GC(269) Metaspace: 3M used, 4M capacity, 4M committed, 8M reserved
[2026-06-17T10:22:46.372+0800][27.990s][info][gc,ref      ] GC(269) Soft: 43 encountered, 0 discovered, 0 enqueued
[2026-06-17T10:22:46.372+0800][27.990s][info][gc,ref      ] GC(269) Weak: 7 encountered, 2 discovered, 0 enqueued
[2026-06-17T10:22:46.372+0800][27.991s][info][gc,ref      ] GC(269) Final: 0 encountered, 0 discovered, 0 enqueued
[2026-06-17T10:22:46.372+0800][27.991s][info][gc,ref      ] GC(269) Phantom: 1 encountered, 1 discovered, 0 enqueued
[2026-06-17T10:22:46.372+0800][27.991s][info][gc,heap     ] GC(269)                Mark Start          Mark End        Relocate Start      Relocate End           High               Low         
[2026-06-17T10:22:46.372+0800][27.991s][info][gc,heap     ] GC(269)  Capacity:      256M (100%)        256M (100%)        256M (100%)        256M (100%)        256M (100%)        256M (100%)   
[2026-06-17T10:22:46.372+0800][27.991s][info][gc,heap     ] GC(269)   Reserve:       62M (24%)          62M (24%)          62M (24%)          62M (24%)          62M (24%)          62M (24%)    
[2026-06-17T10:22:46.373+0800][27.991s][info][gc,heap     ] GC(269)      Free:       78M (30%)          78M (30%)         108M (42%)         144M (56%)         144M (56%)          70M (27%)    
[2026-06-17T10:22:46.373+0800][27.991s][info][gc,heap     ] GC(269)      Used:      116M (45%)         116M (45%)          86M (34%)          50M (20%)         124M (48%)          50M (20%)    
[2026-06-17T10:22:46.373+0800][27.991s][info][gc,heap     ] GC(269)      Live:         -                22M (9%)           22M (9%)           22M (9%)             -                  -          
[2026-06-17T10:22:46.373+0800][27.992s][info][gc,heap     ] GC(269) Allocated:         -                 0M (0%)            0M (0%)           46M (18%)            -                  -          
[2026-06-17T10:22:46.373+0800][27.992s][info][gc,heap     ] GC(269)   Garbage:         -                93M (36%)          63M (25%)          21M (8%)             -                  -          
[2026-06-17T10:22:46.373+0800][27.992s][info][gc,heap     ] GC(269) Reclaimed:         -                  -                30M (12%)          72M (28%)            -                  -          
[2026-06-17T10:22:46.373+0800][27.992s][info][gc          ] GC(269) Garbage Collection (Allocation Rate) 116M(45%)->50M(20%)
[2026-06-17T10:22:46.463+0800][28.082s][info][gc,start    ] GC(270) Garbage Collection (Allocation Rate)
[2026-06-17T10:22:46.464+0800][28.082s][info][gc,phases   ] GC(270) Pause Mark Start 0.217ms
[2026-06-17T10:22:46.466+0800][28.085s][info][gc,phases   ] GC(270) Concurrent Mark 1.648ms
[2026-06-17T10:22:46.467+0800][28.085s][info][gc,phases   ] GC(270) Pause Mark End 0.360ms
[2026-06-17T10:22:46.467+0800][28.086s][info][gc,phases   ] GC(270) Concurrent Process Non-Strong References 0.064ms
[2026-06-17T10:22:46.467+0800][28.086s][info][gc,phases   ] GC(270) Concurrent Reset Relocation Set 0.004ms
[2026-06-17T10:22:46.467+0800][28.086s][info][gc,phases   ] GC(270) Concurrent Destroy Detached Pages 0.001ms
[2026-06-17T10:22:46.468+0800][28.087s][info][gc,phases   ] GC(270) Concurrent Select Relocation Set 0.555ms
[2026-06-17T10:22:46.468+0800][28.087s][info][gc,phases   ] GC(270) Concurrent Prepare Relocation Set 0.002ms
[2026-06-17T10:22:46.469+0800][28.088s][info][gc,phases   ] GC(270) Pause Relocate Start 0.136ms
[2026-06-17T10:22:46.469+0800][28.088s][info][gc,phases   ] GC(270) Concurrent Relocate 0.232ms
[2026-06-17T10:22:46.470+0800][28.088s][info][gc,load     ] GC(270) Load: 0.18/0.20/0.27
[2026-06-17T10:22:46.470+0800][28.088s][info][gc,mmu      ] GC(270) MMU: 2ms/0.0%, 5ms/43.3%, 10ms/66.9%, 20ms/83.5%, 50ms/93.4%, 100ms/96.6%
[2026-06-17T10:22:46.470+0800][28.089s][info][gc,marking  ] GC(270) Mark: 2 stripe(s), 2 proactive flush(es), 1 terminate flush(es), 0 completion(s), 0 continuation(s) 
[2026-06-17T10:22:46.470+0800][28.089s][info][gc,reloc    ] GC(270) Relocation: Successful, 27M relocated
[2026-06-17T10:22:46.470+0800][28.089s][info][gc,nmethod  ] GC(270) NMethods: 23 registered, 0 unregistered
[2026-06-17T10:22:46.470+0800][28.089s][info][gc,metaspace] GC(270) Metaspace: 3M used, 4M capacity, 4M committed, 8M reserved
[2026-06-17T10:22:46.470+0800][28.089s][info][gc,ref      ] GC(270) Soft: 43 encountered, 0 discovered, 0 enqueued
[2026-06-17T10:22:46.471+0800][28.089s][info][gc,ref      ] GC(270) Weak: 7 encountered, 2 discovered, 0 enqueued
[2026-06-17T10:22:46.471+0800][28.089s][info][gc,ref      ] GC(270) Final: 0 encountered, 0 discovered, 0 enqueued
[2026-06-17T10:22:46.471+0800][28.090s][info][gc,ref      ] GC(270) Phantom: 1 encountered, 1 discovered, 0 enqueued
[2026-06-17T10:22:46.471+0800][28.090s][info][gc,heap     ] GC(270)                Mark Start          Mark End        Relocate Start      Relocate End           High               Low         
[2026-06-17T10:22:46.471+0800][28.090s][info][gc,heap     ] GC(270)  Capacity:      256M (100%)        256M (100%)        256M (100%)        256M (100%)        256M (100%)        256M (100%)   
[2026-06-17T10:22:46.471+0800][28.090s][info][gc,heap     ] GC(270)   Reserve:       62M (24%)          62M (24%)          62M (24%)          62M (24%)          62M (24%)          62M (24%)    
[2026-06-17T10:22:46.471+0800][28.090s][info][gc,heap     ] GC(270)      Free:      114M (45%)          76M (30%)         102M (40%)         112M (44%)         114M (45%)          76M (30%)    
[2026-06-17T10:22:46.471+0800][28.090s][info][gc,heap     ] GC(270)      Used:       80M (31%)         118M (46%)          92M (36%)          82M (32%)         118M (46%)          80M (31%)    
[2026-06-17T10:22:46.472+0800][28.090s][info][gc,heap     ] GC(270)      Live:         -                29M (12%)          29M (12%)          29M (12%)            -                  -          
[2026-06-17T10:22:46.472+0800][28.090s][info][gc,heap     ] GC(270) Allocated:         -                38M (15%)          38M (15%)          44M (17%)            -                  -          
[2026-06-17T10:22:46.472+0800][28.091s][info][gc,heap     ] GC(270)   Garbage:         -                50M (20%)          24M (9%)           14M (6%)             -                  -          
[2026-06-17T10:22:46.472+0800][28.091s][info][gc,heap     ] GC(270) Reclaimed:         -                  -                26M (10%)          36M (14%)            -                  -          
[2026-06-17T10:22:46.472+0800][28.091s][info][gc          ] GC(270) Garbage Collection (Allocation Rate) 80M(31%)->82M(32%)
[2026-06-17T10:22:46.563+0800][28.182s][info][gc,start    ] GC(271) Garbage Collection (Allocation Rate)
[2026-06-17T10:22:46.582+0800][28.201s][info][gc,phases   ] GC(271) Pause Mark Start 0.161ms
[2026-06-17T10:22:46.676+0800][28.295s][info][gc,phases   ] GC(271) Concurrent Mark 1.537ms
[2026-06-17T10:22:46.678+0800][28.296s][info][gc,phases   ] GC(271) Pause Mark End 0.273ms
[2026-06-17T10:22:46.681+0800][28.299s][info][gc,phases   ] GC(271) Concurrent Process Non-Strong References 0.059ms
[2026-06-17T10:22:46.682+0800][28.300s][info][gc,phases   ] GC(271) Concurrent Reset Relocation Set 0.002ms
[2026-06-17T10:22:46.689+0800][28.308s][info][gc,phases   ] GC(271) Concurrent Destroy Detached Pages 0.002ms
[2026-06-17T10:22:46.690+0800][28.309s][info][gc,phases   ] GC(271) Concurrent Select Relocation Set 0.632ms
[2026-06-17T10:22:46.692+0800][28.311s][info][gc,phases   ] GC(271) Concurrent Prepare Relocation Set 0.017ms
[2026-06-17T10:22:46.693+0800][28.312s][info][gc,phases   ] GC(271) Pause Relocate Start 0.263ms
[2026-06-17T10:22:46.706+0800][28.325s][info][gc,phases   ] GC(271) Concurrent Relocate 3.101ms
[2026-06-17T10:22:46.707+0800][28.325s][info][gc,load     ] GC(271) Load: 0.18/0.20/0.27
[2026-06-17T10:22:46.707+0800][28.326s][info][gc,mmu      ] GC(271) MMU: 2ms/0.0%, 5ms/43.3%, 10ms/66.9%, 20ms/83.5%, 50ms/93.4%, 100ms/96.6%
[2026-06-17T10:22:46.708+0800][28.326s][info][gc,marking  ] GC(271) Mark: 2 stripe(s), 2 proactive flush(es), 1 terminate flush(es), 0 completion(s), 0 continuation(s) 
[2026-06-17T10:22:46.708+0800][28.327s][info][gc,reloc    ] GC(271) Relocation: Successful, 30M relocated
[2026-06-17T10:22:46.708+0800][28.327s][info][gc,nmethod  ] GC(271) NMethods: 23 registered, 0 unregistered
[2026-06-17T10:22:46.709+0800][28.327s][info][gc,metaspace] GC(271) Metaspace: 3M used, 4M capacity, 4M committed, 8M reserved
[2026-06-17T10:22:46.709+0800][28.328s][info][gc,ref      ] GC(271) Soft: 43 encountered, 0 discovered, 0 enqueued
[2026-06-17T10:22:46.709+0800][28.328s][info][gc,ref      ] GC(271) Weak: 7 encountered, 2 discovered, 0 enqueued
[2026-06-17T10:22:46.710+0800][28.328s][info][gc,ref      ] GC(271) Final: 0 encountered, 0 discovered, 0 enqueued
[2026-06-17T10:22:46.710+0800][28.329s][info][gc,ref      ] GC(271) Phantom: 1 encountered, 1 discovered, 0 enqueued
[2026-06-17T10:22:46.710+0800][28.329s][info][gc,heap     ] GC(271)                Mark Start          Mark End        Relocate Start      Relocate End           High               Low         
[2026-06-17T10:22:46.711+0800][28.329s][info][gc,heap     ] GC(271)  Capacity:      256M (100%)        256M (100%)        256M (100%)        256M (100%)        256M (100%)        256M (100%)   
[2026-06-17T10:22:46.711+0800][28.330s][info][gc,heap     ] GC(271)   Reserve:       62M (24%)          62M (24%)          62M (24%)          62M (24%)          62M (24%)          62M (24%)    
[2026-06-17T10:22:46.711+0800][28.330s][info][gc,heap     ] GC(271)      Free:       70M (27%)          34M (13%)          68M (27%)         138M (54%)         138M (54%)          30M (12%)    
[2026-06-17T10:22:46.711+0800][28.330s][info][gc,heap     ] GC(271)      Used:      124M (48%)         160M (62%)         126M (49%)          56M (22%)         164M (64%)          56M (22%)    
[2026-06-17T10:22:46.712+0800][28.331s][info][gc,heap     ] GC(271)      Live:         -                30M (12%)          30M (12%)          30M (12%)            -                  -          
[2026-06-17T10:22:46.713+0800][28.331s][info][gc,heap     ] GC(271) Allocated:         -                36M (14%)          40M (16%)          54M (21%)            -                  -          
[2026-06-17T10:22:46.713+0800][28.332s][info][gc,heap     ] GC(271)   Garbage:         -                93M (37%)          55M (22%)    17592186044397M (6         -                  -          
[2026-06-17T10:22:46.714+0800][28.333s][info][gc,heap     ] GC(271) Reclaimed:         -                  -                38M (15%)         112M (44%)            -                  -          
[2026-06-17T10:22:46.715+0800][28.334s][info][gc          ] GC(271) Garbage Collection (Allocation Rate) 124M(48%)->56M(22%)
[2026-06-17T10:22:46.763+0800][28.382s][info][gc,start    ] GC(272) Garbage Collection (Allocation Rate)
[2026-06-17T10:22:46.764+0800][28.383s][info][gc,phases   ] GC(272) Pause Mark Start 0.183ms
[2026-06-17T10:22:46.766+0800][28.385s][info][gc,phases   ] GC(272) Concurrent Mark 1.497ms
[2026-06-17T10:22:46.767+0800][28.386s][info][gc,phases   ] GC(272) Pause Mark End 0.279ms
[2026-06-17T10:22:46.767+0800][28.386s][info][gc,phases   ] GC(272) Concurrent Process Non-Strong References 0.085ms
[2026-06-17T10:22:46.768+0800][28.386s][info][gc,phases   ] GC(272) Concurrent Reset Relocation Set 0.003ms
[2026-06-17T10:22:46.768+0800][28.387s][info][gc,phases   ] GC(272) Concurrent Destroy Detached Pages 0.001ms
[2026-06-17T10:22:46.771+0800][28.389s][info][gc,phases   ] GC(272) Concurrent Select Relocation Set 0.519ms
[2026-06-17T10:22:46.772+0800][28.391s][info][gc,phases   ] GC(272) Concurrent Prepare Relocation Set 0.004ms
[2026-06-17T10:22:46.774+0800][28.393s][info][gc,phases   ] GC(272) Pause Relocate Start 0.191ms
[2026-06-17T10:22:46.778+0800][28.397s][info][gc,phases   ] GC(272) Concurrent Relocate 0.260ms
[2026-06-17T10:22:46.778+0800][28.397s][info][gc,load     ] GC(272) Load: 0.18/0.20/0.27
[2026-06-17T10:22:46.780+0800][28.399s][info][gc,mmu      ] GC(272) MMU: 2ms/0.0%, 5ms/43.3%, 10ms/66.9%, 20ms/83.5%, 50ms/93.4%, 100ms/96.6%
[2026-06-17T10:22:46.781+0800][28.400s][info][gc,marking  ] GC(272) Mark: 2 stripe(s), 1 proactive flush(es), 1 terminate flush(es), 0 completion(s), 0 continuation(s) 
[2026-06-17T10:22:46.784+0800][28.402s][info][gc,reloc    ] GC(272) Relocation: Successful, 24M relocated
[2026-06-17T10:22:46.786+0800][28.405s][info][gc,nmethod  ] GC(272) NMethods: 23 registered, 0 unregistered
[2026-06-17T10:22:46.790+0800][28.409s][info][gc,metaspace] GC(272) Metaspace: 3M used, 4M capacity, 4M committed, 8M reserved
[2026-06-17T10:22:46.794+0800][28.412s][info][gc,ref      ] GC(272) Soft: 43 encountered, 0 discovered, 0 enqueued
[2026-06-17T10:22:46.797+0800][28.416s][info][gc,ref      ] GC(272) Weak: 7 encountered, 0 discovered, 0 enqueued
[2026-06-17T10:22:46.798+0800][28.416s][info][gc,ref      ] GC(272) Final: 0 encountered, 0 discovered, 0 enqueued
[2026-06-17T10:22:46.798+0800][28.417s][info][gc,ref      ] GC(272) Phantom: 1 encountered, 1 discovered, 0 enqueued
[2026-06-17T10:22:46.801+0800][28.420s][info][gc,heap     ] GC(272)                Mark Start          Mark End        Relocate Start      Relocate End           High               Low         
[2026-06-17T10:22:46.805+0800][28.424s][info][gc,heap     ] GC(272)  Capacity:      256M (100%)        256M (100%)        256M (100%)        256M (100%)        256M (100%)        256M (100%)   
[2026-06-17T10:22:46.806+0800][28.425s][info][gc,heap     ] GC(272)   Reserve:       62M (24%)          62M (24%)          62M (24%)          62M (24%)          62M (24%)          62M (24%)    
[2026-06-17T10:22:46.808+0800][28.427s][info][gc,heap     ] GC(272)      Free:      120M (47%)         120M (47%)         136M (53%)         114M (45%)         144M (56%)         112M (44%)    
[2026-06-17T10:22:46.810+0800][28.429s][info][gc,heap     ] GC(272)      Used:       74M (29%)          74M (29%)          58M (23%)          80M (31%)          82M (32%)          50M (20%)    
[2026-06-17T10:22:46.812+0800][28.431s][info][gc,heap     ] GC(272)      Live:         -                26M (10%)          26M (10%)          26M (10%)            -                  -          
[2026-06-17T10:22:46.814+0800][28.433s][info][gc,heap     ] GC(272) Allocated:         -                 0M (0%)            4M (2%)           46M (18%)            -                  -          
[2026-06-17T10:22:46.816+0800][28.435s][info][gc,heap     ] GC(272)   Garbage:         -                47M (19%)          27M (11%)          13M (5%)             -                  -          
[2026-06-17T10:22:46.818+0800][28.437s][info][gc,heap     ] GC(272) Reclaimed:         -                  -                20M (8%)           34M (13%)            -                  -          
[2026-06-17T10:22:46.822+0800][28.441s][info][gc          ] GC(272) Garbage Collection (Allocation Rate) 74M(29%)->80M(31%)
[2026-06-17T10:22:46.863+0800][28.482s][info][gc,start    ] GC(273) Garbage Collection (Allocation Rate)
[2026-06-17T10:22:46.865+0800][28.483s][info][gc,phases   ] GC(273) Pause Mark Start 0.279ms
[2026-06-17T10:22:46.867+0800][28.486s][info][gc,phases   ] GC(273) Concurrent Mark 1.867ms
[2026-06-17T10:22:46.868+0800][28.487s][info][gc,phases   ] GC(273) Pause Mark End 0.436ms
[2026-06-17T10:22:46.868+0800][28.487s][info][gc,phases   ] GC(273) Concurrent Process Non-Strong References 0.137ms
[2026-06-17T10:22:46.869+0800][28.487s][info][gc,phases   ] GC(273) Concurrent Reset Relocation Set 0.003ms
[2026-06-17T10:22:46.869+0800][28.488s][info][gc,phases   ] GC(273) Concurrent Destroy Detached Pages 0.001ms
[2026-06-17T10:22:46.870+0800][28.488s][info][gc,phases   ] GC(273) Concurrent Select Relocation Set 0.635ms
[2026-06-17T10:22:46.870+0800][28.489s][info][gc,phases   ] GC(273) Concurrent Prepare Relocation Set 0.003ms
[2026-06-17T10:22:46.870+0800][28.489s][info][gc,phases   ] GC(273) Pause Relocate Start 0.171ms
[2026-06-17T10:22:46.873+0800][28.491s][info][gc,phases   ] GC(273) Concurrent Relocate 2.003ms
[2026-06-17T10:22:46.873+0800][28.492s][info][gc,load     ] GC(273) Load: 0.18/0.20/0.27
[2026-06-17T10:22:46.873+0800][28.492s][info][gc,mmu      ] GC(273) MMU: 2ms/0.0%, 5ms/43.3%, 10ms/66.9%, 20ms/83.5%, 50ms/93.4%, 100ms/96.6%
[2026-06-17T10:22:46.873+0800][28.492s][info][gc,marking  ] GC(273) Mark: 2 stripe(s), 1 proactive flush(es), 1 terminate flush(es), 0 completion(s), 0 continuation(s) 
[2026-06-17T10:22:46.873+0800][28.492s][info][gc,reloc    ] GC(273) Relocation: Successful, 24M relocated
[2026-06-17T10:22:46.874+0800][28.492s][info][gc,nmethod  ] GC(273) NMethods: 23 registered, 0 unregistered
[2026-06-17T10:22:46.874+0800][28.493s][info][gc,metaspace] GC(273) Metaspace: 3M used, 4M capacity, 4M committed, 8M reserved
[2026-06-17T10:22:46.874+0800][28.493s][info][gc,ref      ] GC(273) Soft: 43 encountered, 0 discovered, 0 enqueued
[2026-06-17T10:22:46.874+0800][28.493s][info][gc,ref      ] GC(273) Weak: 7 encountered, 2 discovered, 0 enqueued
[2026-06-17T10:22:46.874+0800][28.493s][info][gc,ref      ] GC(273) Final: 0 encountered, 0 discovered, 0 enqueued
[2026-06-17T10:22:46.874+0800][28.493s][info][gc,ref      ] GC(273) Phantom: 1 encountered, 1 discovered, 0 enqueued
[2026-06-17T10:22:46.874+0800][28.493s][info][gc,heap     ] GC(273)                Mark Start          Mark End        Relocate Start      Relocate End           High               Low         
[2026-06-17T10:22:46.875+0800][28.493s][info][gc,heap     ] GC(273)  Capacity:      256M (100%)        256M (100%)        256M (100%)        256M (100%)        256M (100%)        256M (100%)   
[2026-06-17T10:22:46.875+0800][28.493s][info][gc,heap     ] GC(273)   Reserve:       62M (24%)          62M (24%)          62M (24%)          62M (24%)          62M (24%)          62M (24%)    
[2026-06-17T10:22:46.875+0800][28.494s][info][gc,heap     ] GC(273)      Free:       82M (32%)          82M (32%)         112M (44%)         144M (56%)         144M (56%)          74M (29%)    
[2026-06-17T10:22:46.875+0800][28.494s][info][gc,heap     ] GC(273)      Used:      112M (44%)         112M (44%)          82M (32%)          50M (20%)         120M (47%)          50M (20%)    
[2026-06-17T10:22:46.875+0800][28.494s][info][gc,heap     ] GC(273)      Live:         -                26M (10%)          26M (10%)          26M (10%)            -                  -          
[2026-06-17T10:22:46.875+0800][28.494s][info][gc,heap     ] GC(273) Allocated:         -                 0M (0%)            0M (0%)           44M (17%)            -                  -          
[2026-06-17T10:22:46.875+0800][28.494s][info][gc,heap     ] GC(273)   Garbage:         -                85M (33%)          55M (22%)          17M (7%)             -                  -          
[2026-06-17T10:22:46.875+0800][28.494s][info][gc,heap     ] GC(273) Reclaimed:         -                  -                30M (12%)          68M (27%)            -                  -          
[2026-06-17T10:22:46.875+0800][28.494s][info][gc          ] GC(273) Garbage Collection (Allocation Rate) 112M(44%)->50M(20%)
[2026-06-17T10:22:46.963+0800][28.581s][info][gc,start    ] GC(274) Garbage Collection (Allocation Rate)
[2026-06-17T10:22:46.964+0800][28.583s][info][gc,phases   ] GC(274) Pause Mark Start 0.310ms
[2026-06-17T10:22:46.968+0800][28.586s][info][gc,phases   ] GC(274) Concurrent Mark 1.554ms
[2026-06-17T10:22:46.969+0800][28.588s][info][gc,phases   ] GC(274) Pause Mark End 0.358ms
[2026-06-17T10:22:46.971+0800][28.590s][info][gc,phases   ] GC(274) Concurrent Process Non-Strong References 0.079ms
[2026-06-17T10:22:46.973+0800][28.592s][info][gc,phases   ] GC(274) Concurrent Reset Relocation Set 0.004ms
[2026-06-17T10:22:46.974+0800][28.593s][info][gc,phases   ] GC(274) Concurrent Destroy Detached Pages 0.002ms
[2026-06-17T10:22:46.977+0800][28.596s][info][gc,phases   ] GC(274) Concurrent Select Relocation Set 0.814ms
[2026-06-17T10:22:46.979+0800][28.598s][info][gc,phases   ] GC(274) Concurrent Prepare Relocation Set 0.011ms
[2026-06-17T10:22:46.980+0800][28.599s][info][gc,phases   ] GC(274) Pause Relocate Start 0.277ms
[2026-06-17T10:22:46.984+0800][28.603s][info][gc,phases   ] GC(274) Concurrent Relocate 0.626ms
[2026-06-17T10:22:46.985+0800][28.604s][info][gc,load     ] GC(274) Load: 0.18/0.20/0.27
[2026-06-17T10:22:46.986+0800][28.605s][info][gc,mmu      ] GC(274) MMU: 2ms/0.0%, 5ms/43.3%, 10ms/66.9%, 20ms/83.5%, 50ms/93.4%, 100ms/96.6%
[2026-06-17T10:22:46.986+0800][28.605s][info][gc,marking  ] GC(274) Mark: 2 stripe(s), 2 proactive flush(es), 1 terminate flush(es), 0 completion(s), 0 continuation(s) 
[2026-06-17T10:22:46.987+0800][28.605s][info][gc,reloc    ] GC(274) Relocation: Successful, 21M relocated
[2026-06-17T10:22:46.987+0800][28.606s][info][gc,nmethod  ] GC(274) NMethods: 23 registered, 0 unregistered
[2026-06-17T10:22:46.987+0800][28.606s][info][gc,metaspace] GC(274) Metaspace: 3M used, 4M capacity, 4M committed, 8M reserved
[2026-06-17T10:22:46.988+0800][28.606s][info][gc,ref      ] GC(274) Soft: 43 encountered, 0 discovered, 0 enqueued
[2026-06-17T10:22:46.988+0800][28.607s][info][gc,ref      ] GC(274) Weak: 7 encountered, 2 discovered, 0 enqueued
[2026-06-17T10:22:46.988+0800][28.607s][info][gc,ref      ] GC(274) Final: 0 encountered, 0 discovered, 0 enqueued
[2026-06-17T10:22:46.988+0800][28.607s][info][gc,ref      ] GC(274) Phantom: 1 encountered, 1 discovered, 0 enqueued
[2026-06-17T10:22:46.988+0800][28.607s][info][gc,heap     ] GC(274)                Mark Start          Mark End        Relocate Start      Relocate End           High               Low         
[2026-06-17T10:22:46.989+0800][28.607s][info][gc,heap     ] GC(274)  Capacity:      256M (100%)        256M (100%)        256M (100%)        256M (100%)        256M (100%)        256M (100%)   
[2026-06-17T10:22:46.989+0800][28.608s][info][gc,heap     ] GC(274)   Reserve:       62M (24%)          62M (24%)          62M (24%)          62M (24%)          62M (24%)          62M (24%)    
[2026-06-17T10:22:46.989+0800][28.608s][info][gc,heap     ] GC(274)      Free:      116M (45%)          78M (30%)         102M (40%)         112M (44%)         116M (45%)          78M (30%)    
[2026-06-17T10:22:46.989+0800][28.608s][info][gc,heap     ] GC(274)      Used:       78M (30%)         116M (45%)          92M (36%)          82M (32%)         116M (45%)          78M (30%)    
[2026-06-17T10:22:46.990+0800][28.608s][info][gc,heap     ] GC(274)      Live:         -                22M (9%)           22M (9%)           22M (9%)             -                  -          
[2026-06-17T10:22:46.990+0800][28.608s][info][gc,heap     ] GC(274) Allocated:         -                38M (15%)          40M (16%)          46M (18%)            -                  -          
[2026-06-17T10:22:46.990+0800][28.609s][info][gc,heap     ] GC(274)   Garbage:         -                55M (22%)          29M (11%)          19M (7%)             -                  -          
[2026-06-17T10:22:46.990+0800][28.609s][info][gc,heap     ] GC(274) Reclaimed:         -                  -                26M (10%)          36M (14%)            -                  -          
[2026-06-17T10:22:46.990+0800][28.609s][info][gc          ] GC(274) Garbage Collection (Allocation Rate) 78M(30%)->82M(32%)
[2026-06-17T10:22:47.063+0800][28.682s][info][gc,start    ] GC(275) Garbage Collection (Allocation Rate)
[2026-06-17T10:22:47.064+0800][28.683s][info][gc,phases   ] GC(275) Pause Mark Start 0.250ms
[2026-06-17T10:22:47.066+0800][28.685s][info][gc,phases   ] GC(275) Concurrent Mark 1.666ms
[2026-06-17T10:22:47.067+0800][28.686s][info][gc,phases   ] GC(275) Pause Mark End 0.369ms
[2026-06-17T10:22:47.067+0800][28.686s][info][gc,phases   ] GC(275) Concurrent Process Non-Strong References 0.145ms
[2026-06-17T10:22:47.068+0800][28.686s][info][gc,phases   ] GC(275) Concurrent Reset Relocation Set 0.003ms
[2026-06-17T10:22:47.068+0800][28.687s][info][gc,phases   ] GC(275) Concurrent Destroy Detached Pages 0.001ms
[2026-06-17T10:22:47.069+0800][28.687s][info][gc,phases   ] GC(275) Concurrent Select Relocation Set 0.673ms
[2026-06-17T10:22:47.069+0800][28.688s][info][gc,phases   ] GC(275) Concurrent Prepare Relocation Set 0.009ms
[2026-06-17T10:22:47.069+0800][28.688s][info][gc,phases   ] GC(275) Pause Relocate Start 0.164ms
[2026-06-17T10:22:47.071+0800][28.690s][info][gc,phases   ] GC(275) Concurrent Relocate 1.518ms
[2026-06-17T10:22:47.072+0800][28.690s][info][gc,load     ] GC(275) Load: 0.18/0.20/0.27
[2026-06-17T10:22:47.072+0800][28.690s][info][gc,mmu      ] GC(275) MMU: 2ms/0.0%, 5ms/43.3%, 10ms/66.9%, 20ms/83.5%, 50ms/93.4%, 100ms/96.6%
[2026-06-17T10:22:47.072+0800][28.691s][info][gc,marking  ] GC(275) Mark: 2 stripe(s), 1 proactive flush(es), 1 terminate flush(es), 0 completion(s), 0 continuation(s) 
[2026-06-17T10:22:47.072+0800][28.691s][info][gc,reloc    ] GC(275) Relocation: Successful, 21M relocated
[2026-06-17T10:22:47.072+0800][28.691s][info][gc,nmethod  ] GC(275) NMethods: 23 registered, 0 unregistered
[2026-06-17T10:22:47.072+0800][28.691s][info][gc,metaspace] GC(275) Metaspace: 3M used, 4M capacity, 4M committed, 8M reserved
[2026-06-17T10:22:47.072+0800][28.691s][info][gc,ref      ] GC(275) Soft: 43 encountered, 0 discovered, 0 enqueued
[2026-06-17T10:22:47.073+0800][28.691s][info][gc,ref      ] GC(275) Weak: 7 encountered, 0 discovered, 0 enqueued
[2026-06-17T10:22:47.073+0800][28.691s][info][gc,ref      ] GC(275) Final: 0 encountered, 0 discovered, 0 enqueued
[2026-06-17T10:22:47.073+0800][28.692s][info][gc,ref      ] GC(275) Phantom: 1 encountered, 0 discovered, 0 enqueued
[2026-06-17T10:22:47.073+0800][28.692s][info][gc,heap     ] GC(275)                Mark Start          Mark End        Relocate Start      Relocate End           High               Low         
[2026-06-17T10:22:47.073+0800][28.692s][info][gc,heap     ] GC(275)  Capacity:      256M (100%)        256M (100%)        256M (100%)        256M (100%)        256M (100%)        256M (100%)   
[2026-06-17T10:22:47.073+0800][28.692s][info][gc,heap     ] GC(275)   Reserve:       62M (24%)          62M (24%)          62M (24%)          62M (24%)          62M (24%)          62M (24%)    
[2026-06-17T10:22:47.073+0800][28.692s][info][gc,heap     ] GC(275)      Free:       80M (31%)          80M (31%)         108M (42%)         150M (59%)         150M (59%)          68M (27%)    
[2026-06-17T10:22:47.073+0800][28.692s][info][gc,heap     ] GC(275)      Used:      114M (45%)         114M (45%)          86M (34%)          44M (17%)         126M (49%)          44M (17%)    
[2026-06-17T10:22:47.074+0800][28.692s][info][gc,heap     ] GC(275)      Live:         -                21M (9%)           21M (9%)           21M (9%)             -                  -          
[2026-06-17T10:22:47.074+0800][28.692s][info][gc,heap     ] GC(275) Allocated:         -                 0M (0%)            0M (0%)           44M (17%)            -                  -          
[2026-06-17T10:22:47.074+0800][28.692s][info][gc,heap     ] GC(275)   Garbage:         -                92M (36%)          64M (25%)          22M (9%)             -                  -          
[2026-06-17T10:22:47.074+0800][28.692s][info][gc,heap     ] GC(275) Reclaimed:         -                  -                28M (11%)          70M (27%)            -                  -          
[2026-06-17T10:22:47.074+0800][28.693s][info][gc          ] GC(275) Garbage Collection (Allocation Rate) 114M(45%)->44M(17%)
[2026-06-17T10:22:47.163+0800][28.782s][info][gc,start    ] GC(276) Garbage Collection (Allocation Rate)
[2026-06-17T10:22:47.164+0800][28.783s][info][gc,phases   ] GC(276) Pause Mark Start 0.196ms
[2026-06-17T10:22:47.166+0800][28.785s][info][gc,phases   ] GC(276) Concurrent Mark 1.532ms
[2026-06-17T10:22:47.167+0800][28.786s][info][gc,phases   ] GC(276) Pause Mark End 0.360ms
[2026-06-17T10:22:47.168+0800][28.787s][info][gc,phases   ] GC(276) Concurrent Process Non-Strong References 0.154ms
[2026-06-17T10:22:47.169+0800][28.787s][info][gc,phases   ] GC(276) Concurrent Reset Relocation Set 0.003ms
[2026-06-17T10:22:47.169+0800][28.788s][info][gc,phases   ] GC(276) Concurrent Destroy Detached Pages 0.001ms
[2026-06-17T10:22:47.170+0800][28.789s][info][gc,phases   ] GC(276) Concurrent Select Relocation Set 0.542ms
[2026-06-17T10:22:47.171+0800][28.790s][info][gc,phases   ] GC(276) Concurrent Prepare Relocation Set 0.004ms
[2026-06-17T10:22:47.172+0800][28.790s][info][gc,phases   ] GC(276) Pause Relocate Start 0.168ms
[2026-06-17T10:22:47.172+0800][28.791s][info][gc,phases   ] GC(276) Concurrent Relocate 0.157ms
[2026-06-17T10:22:47.173+0800][28.791s][info][gc,load     ] GC(276) Load: 0.18/0.20/0.27
[2026-06-17T10:22:47.173+0800][28.792s][info][gc,mmu      ] GC(276) MMU: 2ms/0.0%, 5ms/43.3%, 10ms/66.9%, 20ms/83.5%, 50ms/93.4%, 100ms/96.6%
[2026-06-17T10:22:47.173+0800][28.792s][info][gc,marking  ] GC(276) Mark: 2 stripe(s), 1 proactive flush(es), 1 terminate flush(es), 0 completion(s), 0 continuation(s) 
[2026-06-17T10:22:47.174+0800][28.793s][info][gc,reloc    ] GC(276) Relocation: Successful, 23M relocated
[2026-06-17T10:22:47.174+0800][28.793s][info][gc,nmethod  ] GC(276) NMethods: 23 registered, 0 unregistered
[2026-06-17T10:22:47.175+0800][28.794s][info][gc,metaspace] GC(276) Metaspace: 3M used, 4M capacity, 4M committed, 8M reserved
[2026-06-17T10:22:47.175+0800][28.794s][info][gc,ref      ] GC(276) Soft: 43 encountered, 0 discovered, 0 enqueued
[2026-06-17T10:22:47.176+0800][28.794s][info][gc,ref      ] GC(276) Weak: 7 encountered, 2 discovered, 0 enqueued
[2026-06-17T10:22:47.176+0800][28.795s][info][gc,ref      ] GC(276) Final: 0 encountered, 0 discovered, 0 enqueued
[2026-06-17T10:22:47.177+0800][28.795s][info][gc,ref      ] GC(276) Phantom: 1 encountered, 1 discovered, 0 enqueued
[2026-06-17T10:22:47.177+0800][28.796s][info][gc,heap     ] GC(276)                Mark Start          Mark End        Relocate Start      Relocate End           High               Low         
[2026-06-17T10:22:47.177+0800][28.796s][info][gc,heap     ] GC(276)  Capacity:      256M (100%)        256M (100%)        256M (100%)        256M (100%)        256M (100%)        256M (100%)   
[2026-06-17T10:22:47.177+0800][28.796s][info][gc,heap     ] GC(276)   Reserve:       62M (24%)          62M (24%)          62M (24%)          62M (24%)          62M (24%)          62M (24%)    
[2026-06-17T10:22:47.178+0800][28.796s][info][gc,heap     ] GC(276)      Free:      114M (45%)         110M (43%)         136M (53%)         142M (55%)         142M (55%)         110M (43%)    
[2026-06-17T10:22:47.178+0800][28.796s][info][gc,heap     ] GC(276)      Used:       80M (31%)          84M (33%)          58M (23%)          52M (20%)          84M (33%)          52M (20%)    
[2026-06-17T10:22:47.178+0800][28.797s][info][gc,heap     ] GC(276)      Live:         -                27M (11%)          27M (11%)          27M (11%)            -                  -          
[2026-06-17T10:22:47.178+0800][28.797s][info][gc,heap     ] GC(276) Allocated:         -                 4M (2%)            4M (2%)           12M (5%)             -                  -          
[2026-06-17T10:22:47.178+0800][28.797s][info][gc,heap     ] GC(276)   Garbage:         -                52M (21%)          26M (10%)          20M (8%)             -                  -          
[2026-06-17T10:22:47.178+0800][28.797s][info][gc,heap     ] GC(276) Reclaimed:         -                  -                26M (10%)          32M (12%)            -                  -          
[2026-06-17T10:22:47.178+0800][28.797s][info][gc          ] GC(276) Garbage Collection (Allocation Rate) 80M(31%)->52M(20%)
[2026-06-17T10:22:47.263+0800][28.882s][info][gc,start    ] GC(277) Garbage Collection (Allocation Rate)
[2026-06-17T10:22:47.264+0800][28.883s][info][gc,phases   ] GC(277) Pause Mark Start 0.216ms
[2026-06-17T10:22:47.266+0800][28.884s][info][gc,phases   ] GC(277) Concurrent Mark 1.401ms
[2026-06-17T10:22:47.267+0800][28.885s][info][gc,phases   ] GC(277) Pause Mark End 0.407ms
[2026-06-17T10:22:47.267+0800][28.886s][info][gc,phases   ] GC(277) Concurrent Process Non-Strong References 0.068ms
[2026-06-17T10:22:47.267+0800][28.886s][info][gc,phases   ] GC(277) Concurrent Reset Relocation Set 0.002ms
[2026-06-17T10:22:47.267+0800][28.886s][info][gc,phases   ] GC(277) Concurrent Destroy Detached Pages 0.001ms
[2026-06-17T10:22:47.268+0800][28.887s][info][gc,phases   ] GC(277) Concurrent Select Relocation Set 0.636ms
[2026-06-17T10:22:47.268+0800][28.887s][info][gc,phases   ] GC(277) Concurrent Prepare Relocation Set 0.011ms
[2026-06-17T10:22:47.269+0800][28.888s][info][gc,phases   ] GC(277) Pause Relocate Start 0.148ms
[2026-06-17T10:22:47.271+0800][28.889s][info][gc,phases   ] GC(277) Concurrent Relocate 1.538ms
[2026-06-17T10:22:47.271+0800][28.890s][info][gc,load     ] GC(277) Load: 0.18/0.20/0.27
[2026-06-17T10:22:47.271+0800][28.890s][info][gc,mmu      ] GC(277) MMU: 2ms/0.0%, 5ms/43.3%, 10ms/66.9%, 20ms/83.5%, 50ms/93.4%, 100ms/96.6%
[2026-06-17T10:22:47.271+0800][28.890s][info][gc,marking  ] GC(277) Mark: 2 stripe(s), 1 proactive flush(es), 1 terminate flush(es), 0 completion(s), 0 continuation(s) 
[2026-06-17T10:22:47.271+0800][28.890s][info][gc,reloc    ] GC(277) Relocation: Successful, 24M relocated
[2026-06-17T10:22:47.272+0800][28.890s][info][gc,nmethod  ] GC(277) NMethods: 23 registered, 0 unregistered
[2026-06-17T10:22:47.272+0800][28.891s][info][gc,metaspace] GC(277) Metaspace: 3M used, 4M capacity, 4M committed, 8M reserved
[2026-06-17T10:22:47.272+0800][28.891s][info][gc,ref      ] GC(277) Soft: 43 encountered, 0 discovered, 0 enqueued
[2026-06-17T10:22:47.272+0800][28.891s][info][gc,ref      ] GC(277) Weak: 7 encountered, 0 discovered, 0 enqueued
[2026-06-17T10:22:47.272+0800][28.891s][info][gc,ref      ] GC(277) Final: 0 encountered, 0 discovered, 0 enqueued
[2026-06-17T10:22:47.272+0800][28.891s][info][gc,ref      ] GC(277) Phantom: 1 encountered, 0 discovered, 0 enqueued
[2026-06-17T10:22:47.272+0800][28.891s][info][gc,heap     ] GC(277)                Mark Start          Mark End        Relocate Start      Relocate End           High               Low         
[2026-06-17T10:22:47.272+0800][28.891s][info][gc,heap     ] GC(277)  Capacity:      256M (100%)        256M (100%)        256M (100%)        256M (100%)        256M (100%)        256M (100%)   
[2026-06-17T10:22:47.273+0800][28.891s][info][gc,heap     ] GC(277)   Reserve:       62M (24%)          62M (24%)          62M (24%)          62M (24%)          62M (24%)          62M (24%)    
[2026-06-17T10:22:47.273+0800][28.891s][info][gc,heap     ] GC(277)      Free:       76M (30%)          76M (30%)         104M (41%)         146M (57%)         146M (57%)          66M (26%)    
[2026-06-17T10:22:47.273+0800][28.892s][info][gc,heap     ] GC(277)      Used:      118M (46%)         118M (46%)          90M (35%)          48M (19%)         128M (50%)          48M (19%)    
[2026-06-17T10:22:47.273+0800][28.892s][info][gc,heap     ] GC(277)      Live:         -                24M (10%)          24M (10%)          24M (10%)            -                  -          
[2026-06-17T10:22:47.273+0800][28.892s][info][gc,heap     ] GC(277) Allocated:         -                 0M (0%)            0M (0%)           44M (17%)            -                  -          
[2026-06-17T10:22:47.273+0800][28.892s][info][gc,heap     ] GC(277)   Garbage:         -                93M (37%)          65M (26%)          19M (8%)             -                  -          
[2026-06-17T10:22:47.273+0800][28.892s][info][gc,heap     ] GC(277) Reclaimed:         -                  -                28M (11%)          74M (29%)            -                  -          
[2026-06-17T10:22:47.273+0800][28.892s][info][gc          ] GC(277) Garbage Collection (Allocation Rate) 118M(46%)->48M(19%)
[2026-06-17T10:22:47.363+0800][28.982s][info][gc,start    ] GC(278) Garbage Collection (Allocation Rate)
[2026-06-17T10:22:47.364+0800][28.983s][info][gc,phases   ] GC(278) Pause Mark Start 0.224ms
[2026-06-17T10:22:47.366+0800][28.985s][info][gc,phases   ] GC(278) Concurrent Mark 1.681ms
[2026-06-17T10:22:47.368+0800][28.986s][info][gc,phases   ] GC(278) Pause Mark End 0.315ms
[2026-06-17T10:22:47.368+0800][28.987s][info][gc,phases   ] GC(278) Concurrent Process Non-Strong References 0.150ms
[2026-06-17T10:22:47.369+0800][28.987s][info][gc,phases   ] GC(278) Concurrent Reset Relocation Set 0.004ms
[2026-06-17T10:22:47.369+0800][28.988s][info][gc,phases   ] GC(278) Concurrent Destroy Detached Pages 0.001ms
[2026-06-17T10:22:47.370+0800][28.989s][info][gc,phases   ] GC(278) Concurrent Select Relocation Set 0.554ms
[2026-06-17T10:22:47.373+0800][28.991s][info][gc,phases   ] GC(278) Concurrent Prepare Relocation Set 0.003ms
[2026-06-17T10:22:47.375+0800][28.994s][info][gc,phases   ] GC(278) Pause Relocate Start 0.203ms
[2026-06-17T10:22:47.378+0800][28.996s][info][gc,phases   ] GC(278) Concurrent Relocate 0.310ms
[2026-06-17T10:22:47.378+0800][28.997s][info][gc,load     ] GC(278) Load: 0.18/0.20/0.27
[2026-06-17T10:22:47.378+0800][28.997s][info][gc,mmu      ] GC(278) MMU: 2ms/0.0%, 5ms/43.3%, 10ms/66.9%, 20ms/83.5%, 50ms/93.4%, 100ms/96.6%
[2026-06-17T10:22:47.378+0800][28.997s][info][gc,marking  ] GC(278) Mark: 2 stripe(s), 2 proactive flush(es), 1 terminate flush(es), 0 completion(s), 0 continuation(s) 
[2026-06-17T10:22:47.378+0800][28.997s][info][gc,reloc    ] GC(278) Relocation: Successful, 21M relocated
[2026-06-17T10:22:47.379+0800][28.997s][info][gc,nmethod  ] GC(278) NMethods: 23 registered, 0 unregistered
[2026-06-17T10:22:47.379+0800][28.998s][info][gc,metaspace] GC(278) Metaspace: 3M used, 4M capacity, 4M committed, 8M reserved
[2026-06-17T10:22:47.379+0800][28.998s][info][gc,ref      ] GC(278) Soft: 43 encountered, 0 discovered, 0 enqueued
[2026-06-17T10:22:47.379+0800][28.998s][info][gc,ref      ] GC(278) Weak: 7 encountered, 2 discovered, 0 enqueued
[2026-06-17T10:22:47.379+0800][28.998s][info][gc,ref      ] GC(278) Final: 0 encountered, 0 discovered, 0 enqueued
[2026-06-17T10:22:47.379+0800][28.998s][info][gc,ref      ] GC(278) Phantom: 1 encountered, 1 discovered, 0 enqueued
[2026-06-17T10:22:47.379+0800][28.998s][info][gc,heap     ] GC(278)                Mark Start          Mark End        Relocate Start      Relocate End           High               Low         
[2026-06-17T10:22:47.379+0800][28.998s][info][gc,heap     ] GC(278)  Capacity:      256M (100%)        256M (100%)        256M (100%)        256M (100%)        256M (100%)        256M (100%)   
[2026-06-17T10:22:47.380+0800][28.998s][info][gc,heap     ] GC(278)   Reserve:       62M (24%)          62M (24%)          62M (24%)          62M (24%)          62M (24%)          62M (24%)    
[2026-06-17T10:22:47.380+0800][28.999s][info][gc,heap     ] GC(278)      Free:      116M (45%)         112M (44%)         144M (56%)         110M (43%)         144M (56%)         108M (42%)    
[2026-06-17T10:22:47.380+0800][28.999s][info][gc,heap     ] GC(278)      Used:       78M (30%)          82M (32%)          50M (20%)          84M (33%)          86M (34%)          50M (20%)    
[2026-06-17T10:22:47.380+0800][28.999s][info][gc,heap     ] GC(278)      Live:         -                21M (8%)           21M (8%)           21M (8%)             -                  -          
[2026-06-17T10:22:47.380+0800][28.999s][info][gc,heap     ] GC(278) Allocated:         -                 4M (2%)            4M (2%)           48M (19%)            -                  -          
[2026-06-17T10:22:47.380+0800][28.999s][info][gc,heap     ] GC(278)   Garbage:         -                56M (22%)          24M (10%)          20M (8%)             -                  -          
[2026-06-17T10:22:47.380+0800][28.999s][info][gc,heap     ] GC(278) Reclaimed:         -                  -                32M (12%)          36M (14%)            -                  -          
[2026-06-17T10:22:47.380+0800][28.999s][info][gc          ] GC(278) Garbage Collection (Allocation Rate) 78M(30%)->84M(33%)
[2026-06-17T10:22:47.463+0800][29.082s][info][gc,start    ] GC(279) Garbage Collection (Allocation Rate)
[2026-06-17T10:22:47.464+0800][29.083s][info][gc,phases   ] GC(279) Pause Mark Start 0.182ms
[2026-06-17T10:22:47.466+0800][29.085s][info][gc,phases   ] GC(279) Concurrent Mark 1.394ms
[2026-06-17T10:22:47.466+0800][29.085s][info][gc,phases   ] GC(279) Pause Mark End 0.243ms
[2026-06-17T10:22:47.467+0800][29.086s][info][gc,phases   ] GC(279) Concurrent Process Non-Strong References 0.063ms
[2026-06-17T10:22:47.467+0800][29.086s][info][gc,phases   ] GC(279) Concurrent Reset Relocation Set 0.002ms
[2026-06-17T10:22:47.467+0800][29.086s][info][gc,phases   ] GC(279) Concurrent Destroy Detached Pages 0.001ms
[2026-06-17T10:22:47.468+0800][29.087s][info][gc,phases   ] GC(279) Concurrent Select Relocation Set 0.493ms
[2026-06-17T10:22:47.468+0800][29.087s][info][gc,phases   ] GC(279) Concurrent Prepare Relocation Set 0.010ms
[2026-06-17T10:22:47.469+0800][29.087s][info][gc,phases   ] GC(279) Pause Relocate Start 0.130ms
[2026-06-17T10:22:47.471+0800][29.089s][info][gc,phases   ] GC(279) Concurrent Relocate 1.778ms
[2026-06-17T10:22:47.471+0800][29.090s][info][gc,load     ] GC(279) Load: 0.18/0.20/0.27
[2026-06-17T10:22:47.471+0800][29.090s][info][gc,mmu      ] GC(279) MMU: 2ms/0.0%, 5ms/43.3%, 10ms/66.9%, 20ms/83.5%, 50ms/93.4%, 100ms/96.6%
[2026-06-17T10:22:47.471+0800][29.090s][info][gc,marking  ] GC(279) Mark: 2 stripe(s), 1 proactive flush(es), 1 terminate flush(es), 0 completion(s), 0 continuation(s) 
[2026-06-17T10:22:47.472+0800][29.091s][info][gc,reloc    ] GC(279) Relocation: Successful, 26M relocated
[2026-06-17T10:22:47.473+0800][29.091s][info][gc,nmethod  ] GC(279) NMethods: 23 registered, 0 unregistered
[2026-06-17T10:22:47.473+0800][29.091s][info][gc,metaspace] GC(279) Metaspace: 3M used, 4M capacity, 4M committed, 8M reserved
[2026-06-17T10:22:47.473+0800][29.092s][info][gc,ref      ] GC(279) Soft: 43 encountered, 0 discovered, 0 enqueued
[2026-06-17T10:22:47.473+0800][29.092s][info][gc,ref      ] GC(279) Weak: 7 encountered, 2 discovered, 0 enqueued
[2026-06-17T10:22:47.473+0800][29.092s][info][gc,ref      ] GC(279) Final: 0 encountered, 0 discovered, 0 enqueued
[2026-06-17T10:22:47.473+0800][29.092s][info][gc,ref      ] GC(279) Phantom: 1 encountered, 1 discovered, 0 enqueued
[2026-06-17T10:22:47.473+0800][29.092s][info][gc,heap     ] GC(279)                Mark Start          Mark End        Relocate Start      Relocate End           High               Low         
[2026-06-17T10:22:47.473+0800][29.092s][info][gc,heap     ] GC(279)  Capacity:      256M (100%)        256M (100%)        256M (100%)        256M (100%)        256M (100%)        256M (100%)   
[2026-06-17T10:22:47.473+0800][29.092s][info][gc,heap     ] GC(279)   Reserve:       62M (24%)          62M (24%)          62M (24%)          62M (24%)          62M (24%)          62M (24%)    
[2026-06-17T10:22:47.474+0800][29.092s][info][gc,heap     ] GC(279)      Free:       78M (30%)          78M (30%)         108M (42%)         150M (59%)         150M (59%)          70M (27%)    
[2026-06-17T10:22:47.474+0800][29.092s][info][gc,heap     ] GC(279)      Used:      116M (45%)         116M (45%)          86M (34%)          44M (17%)         124M (48%)          44M (17%)    
[2026-06-17T10:22:47.474+0800][29.093s][info][gc,heap     ] GC(279)      Live:         -                26M (10%)          26M (10%)          26M (10%)            -                  -          
[2026-06-17T10:22:47.474+0800][29.093s][info][gc,heap     ] GC(279) Allocated:         -                 0M (0%)            0M (0%)           42M (16%)            -                  -          
[2026-06-17T10:22:47.474+0800][29.093s][info][gc,heap     ] GC(279)   Garbage:         -                89M (35%)          59M (23%)          17M (7%)             -                  -          
[2026-06-17T10:22:47.474+0800][29.093s][info][gc,heap     ] GC(279) Reclaimed:         -                  -                30M (12%)          72M (28%)            -                  -          
[2026-06-17T10:22:47.474+0800][29.093s][info][gc          ] GC(279) Garbage Collection (Allocation Rate) 116M(45%)->44M(17%)
[2026-06-17T10:22:47.563+0800][29.181s][info][gc,start    ] GC(280) Garbage Collection (Allocation Rate)
[2026-06-17T10:22:47.563+0800][29.182s][info][gc,phases   ] GC(280) Pause Mark Start 0.193ms
[2026-06-17T10:22:47.565+0800][29.184s][info][gc,phases   ] GC(280) Concurrent Mark 1.515ms
[2026-06-17T10:22:47.566+0800][29.185s][info][gc,phases   ] GC(280) Pause Mark End 0.337ms
[2026-06-17T10:22:47.567+0800][29.185s][info][gc,phases   ] GC(280) Concurrent Process Non-Strong References 0.122ms
[2026-06-17T10:22:47.567+0800][29.186s][info][gc,phases   ] GC(280) Concurrent Reset Relocation Set 0.003ms
[2026-06-17T10:22:47.567+0800][29.186s][info][gc,phases   ] GC(280) Concurrent Destroy Detached Pages 0.001ms
[2026-06-17T10:22:47.568+0800][29.186s][info][gc,phases   ] GC(280) Concurrent Select Relocation Set 0.506ms
[2026-06-17T10:22:47.568+0800][29.187s][info][gc,phases   ] GC(280) Concurrent Prepare Relocation Set 0.010ms
[2026-06-17T10:22:47.568+0800][29.187s][info][gc,phases   ] GC(280) Pause Relocate Start 0.117ms
[2026-06-17T10:22:47.569+0800][29.188s][info][gc,phases   ] GC(280) Concurrent Relocate 0.341ms
[2026-06-17T10:22:47.569+0800][29.188s][info][gc,load     ] GC(280) Load: 0.18/0.20/0.27
[2026-06-17T10:22:47.569+0800][29.188s][info][gc,mmu      ] GC(280) MMU: 2ms/0.0%, 5ms/43.3%, 10ms/66.9%, 20ms/83.5%, 50ms/93.4%, 100ms/96.6%
[2026-06-17T10:22:47.569+0800][29.188s][info][gc,marking  ] GC(280) Mark: 2 stripe(s), 1 proactive flush(es), 1 terminate flush(es), 0 completion(s), 0 continuation(s) 
[2026-06-17T10:22:47.570+0800][29.188s][info][gc,reloc    ] GC(280) Relocation: Successful, 21M relocated
[2026-06-17T10:22:47.570+0800][29.188s][info][gc,nmethod  ] GC(280) NMethods: 23 registered, 0 unregistered
[2026-06-17T10:22:47.570+0800][29.188s][info][gc,metaspace] GC(280) Metaspace: 3M used, 4M capacity, 4M committed, 8M reserved
[2026-06-17T10:22:47.570+0800][29.189s][info][gc,ref      ] GC(280) Soft: 43 encountered, 0 discovered, 0 enqueued
[2026-06-17T10:22:47.570+0800][29.189s][info][gc,ref      ] GC(280) Weak: 7 encountered, 2 discovered, 0 enqueued
[2026-06-17T10:22:47.570+0800][29.189s][info][gc,ref      ] GC(280) Final: 0 encountered, 0 discovered, 0 enqueued
[2026-06-17T10:22:47.571+0800][29.189s][info][gc,ref      ] GC(280) Phantom: 1 encountered, 1 discovered, 0 enqueued
[2026-06-17T10:22:47.571+0800][29.190s][info][gc,heap     ] GC(280)                Mark Start          Mark End        Relocate Start      Relocate End           High               Low         
[2026-06-17T10:22:47.571+0800][29.190s][info][gc,heap     ] GC(280)  Capacity:      256M (100%)        256M (100%)        256M (100%)        256M (100%)        256M (100%)        256M (100%)   
[2026-06-17T10:22:47.571+0800][29.190s][info][gc,heap     ] GC(280)   Reserve:       62M (24%)          62M (24%)          62M (24%)          62M (24%)          62M (24%)          62M (24%)    
[2026-06-17T10:22:47.571+0800][29.190s][info][gc,heap     ] GC(280)      Free:      114M (45%)          76M (30%)         102M (40%)         114M (45%)         114M (45%)          76M (30%)    
[2026-06-17T10:22:47.571+0800][29.190s][info][gc,heap     ] GC(280)      Used:       80M (31%)         118M (46%)          92M (36%)          80M (31%)         118M (46%)          80M (31%)    
[2026-06-17T10:22:47.572+0800][29.190s][info][gc,heap     ] GC(280)      Live:         -                23M (9%)           23M (9%)           23M (9%)             -                  -          
[2026-06-17T10:22:47.572+0800][29.190s][info][gc,heap     ] GC(280) Allocated:         -                38M (15%)          38M (15%)          46M (18%)            -                  -          
[2026-06-17T10:22:47.572+0800][29.191s][info][gc,heap     ] GC(280)   Garbage:         -                56M (22%)          30M (12%)          18M (7%)             -                  -          
[2026-06-17T10:22:47.572+0800][29.191s][info][gc,heap     ] GC(280) Reclaimed:         -                  -                26M (10%)          38M (15%)            -                  -          
[2026-06-17T10:22:47.572+0800][29.191s][info][gc          ] GC(280) Garbage Collection (Allocation Rate) 80M(31%)->80M(31%)
[2026-06-17T10:22:47.663+0800][29.282s][info][gc,start    ] GC(281) Garbage Collection (Allocation Rate)
[2026-06-17T10:22:47.664+0800][29.283s][info][gc,phases   ] GC(281) Pause Mark Start 0.287ms
[2026-06-17T10:22:47.666+0800][29.285s][info][gc,phases   ] GC(281) Concurrent Mark 1.845ms
[2026-06-17T10:22:47.668+0800][29.286s][info][gc,phases   ] GC(281) Pause Mark End 0.461ms
[2026-06-17T10:22:47.668+0800][29.287s][info][gc,phases   ] GC(281) Concurrent Process Non-Strong References 0.136ms
[2026-06-17T10:22:47.668+0800][29.287s][info][gc,phases   ] GC(281) Concurrent Reset Relocation Set 0.002ms
[2026-06-17T10:22:47.668+0800][29.287s][info][gc,phases   ] GC(281) Concurrent Destroy Detached Pages 0.001ms
[2026-06-17T10:22:47.670+0800][29.288s][info][gc,phases   ] GC(281) Concurrent Select Relocation Set 0.844ms
[2026-06-17T10:22:47.671+0800][29.289s][info][gc,phases   ] GC(281) Concurrent Prepare Relocation Set 0.009ms
[2026-06-17T10:22:47.671+0800][29.290s][info][gc,phases   ] GC(281) Pause Relocate Start 0.195ms
[2026-06-17T10:22:47.673+0800][29.292s][info][gc,phases   ] GC(281) Concurrent Relocate 1.547ms
[2026-06-17T10:22:47.673+0800][29.292s][info][gc,load     ] GC(281) Load: 0.18/0.20/0.27
[2026-06-17T10:22:47.674+0800][29.292s][info][gc,mmu      ] GC(281) MMU: 2ms/0.0%, 5ms/43.3%, 10ms/66.9%, 20ms/83.5%, 50ms/93.4%, 100ms/96.6%
[2026-06-17T10:22:47.674+0800][29.292s][info][gc,marking  ] GC(281) Mark: 2 stripe(s), 1 proactive flush(es), 1 terminate flush(es), 0 completion(s), 0 continuation(s) 
[2026-06-17T10:22:47.674+0800][29.293s][info][gc,reloc    ] GC(281) Relocation: Successful, 22M relocated
[2026-06-17T10:22:47.674+0800][29.293s][info][gc,nmethod  ] GC(281) NMethods: 23 registered, 0 unregistered
[2026-06-17T10:22:47.674+0800][29.293s][info][gc,metaspace] GC(281) Metaspace: 3M used, 4M capacity, 4M committed, 8M reserved
[2026-06-17T10:22:47.674+0800][29.293s][info][gc,ref      ] GC(281) Soft: 43 encountered, 0 discovered, 0 enqueued
[2026-06-17T10:22:47.674+0800][29.293s][info][gc,ref      ] GC(281) Weak: 7 encountered, 0 discovered, 0 enqueued
[2026-06-17T10:22:47.675+0800][29.293s][info][gc,ref      ] GC(281) Final: 0 encountered, 0 discovered, 0 enqueued
[2026-06-17T10:22:47.675+0800][29.294s][info][gc,ref      ] GC(281) Phantom: 1 encountered, 0 discovered, 0 enqueued
[2026-06-17T10:22:47.675+0800][29.294s][info][gc,heap     ] GC(281)                Mark Start          Mark End        Relocate Start      Relocate End           High               Low         
[2026-06-17T10:22:47.675+0800][29.294s][info][gc,heap     ] GC(281)  Capacity:      256M (100%)        256M (100%)        256M (100%)        256M (100%)        256M (100%)        256M (100%)   
[2026-06-17T10:22:47.675+0800][29.294s][info][gc,heap     ] GC(281)   Reserve:       62M (24%)          62M (24%)          62M (24%)          62M (24%)          62M (24%)          62M (24%)    
[2026-06-17T10:22:47.675+0800][29.294s][info][gc,heap     ] GC(281)      Free:       80M (31%)          80M (31%)         108M (42%)         148M (58%)         148M (58%)          72M (28%)    
[2026-06-17T10:22:47.675+0800][29.294s][info][gc,heap     ] GC(281)      Used:      114M (45%)         114M (45%)          86M (34%)          46M (18%)         122M (48%)          46M (18%)    
[2026-06-17T10:22:47.676+0800][29.295s][info][gc,heap     ] GC(281)      Live:         -                22M (9%)           22M (9%)           22M (9%)             -                  -          
[2026-06-17T10:22:47.676+0800][29.295s][info][gc,heap     ] GC(281) Allocated:         -                 0M (0%)            4M (2%)           46M (18%)            -                  -          
[2026-06-17T10:22:47.676+0800][29.295s][info][gc,heap     ] GC(281)   Garbage:         -                91M (36%)          59M (23%)          19M (8%)             -                  -          
[2026-06-17T10:22:47.676+0800][29.295s][info][gc,heap     ] GC(281) Reclaimed:         -                  -                32M (12%)          72M (28%)            -                  -          
[2026-06-17T10:22:47.676+0800][29.295s][info][gc          ] GC(281) Garbage Collection (Allocation Rate) 114M(45%)->46M(18%)
[2026-06-17T10:22:47.763+0800][29.382s][info][gc,start    ] GC(282) Garbage Collection (Allocation Rate)
[2026-06-17T10:22:47.764+0800][29.383s][info][gc,phases   ] GC(282) Pause Mark Start 0.239ms
[2026-06-17T10:22:47.766+0800][29.385s][info][gc,phases   ] GC(282) Concurrent Mark 1.581ms
[2026-06-17T10:22:47.767+0800][29.385s][info][gc,phases   ] GC(282) Pause Mark End 0.366ms
[2026-06-17T10:22:47.767+0800][29.386s][info][gc,phases   ] GC(282) Concurrent Process Non-Strong References 0.096ms
[2026-06-17T10:22:47.767+0800][29.386s][info][gc,phases   ] GC(282) Concurrent Reset Relocation Set 0.005ms
[2026-06-17T10:22:47.767+0800][29.386s][info][gc,phases   ] GC(282) Concurrent Destroy Detached Pages 0.001ms
[2026-06-17T10:22:47.768+0800][29.387s][info][gc,phases   ] GC(282) Concurrent Select Relocation Set 0.635ms
[2026-06-17T10:22:47.768+0800][29.387s][info][gc,phases   ] GC(282) Concurrent Prepare Relocation Set 0.002ms
[2026-06-17T10:22:47.769+0800][29.388s][info][gc,phases   ] GC(282) Pause Relocate Start 0.150ms
[2026-06-17T10:22:47.769+0800][29.388s][info][gc,phases   ] GC(282) Concurrent Relocate 0.130ms
[2026-06-17T10:22:47.769+0800][29.388s][info][gc,load     ] GC(282) Load: 0.18/0.20/0.27
[2026-06-17T10:22:47.770+0800][29.388s][info][gc,mmu      ] GC(282) MMU: 2ms/0.0%, 5ms/43.3%, 10ms/66.9%, 20ms/83.5%, 50ms/93.4%, 100ms/96.6%
[2026-06-17T10:22:47.770+0800][29.388s][info][gc,marking  ] GC(282) Mark: 2 stripe(s), 2 proactive flush(es), 1 terminate flush(es), 0 completion(s), 0 continuation(s) 
[2026-06-17T10:22:47.770+0800][29.389s][info][gc,reloc    ] GC(282) Relocation: Successful, 20M relocated
[2026-06-17T10:22:47.770+0800][29.389s][info][gc,nmethod  ] GC(282) NMethods: 23 registered, 0 unregistered
[2026-06-17T10:22:47.770+0800][29.389s][info][gc,metaspace] GC(282) Metaspace: 3M used, 4M capacity, 4M committed, 8M reserved
[2026-06-17T10:22:47.770+0800][29.389s][info][gc,ref      ] GC(282) Soft: 43 encountered, 0 discovered, 0 enqueued
[2026-06-17T10:22:47.770+0800][29.389s][info][gc,ref      ] GC(282) Weak: 7 encountered, 2 discovered, 0 enqueued
[2026-06-17T10:22:47.771+0800][29.389s][info][gc,ref      ] GC(282) Final: 0 encountered, 0 discovered, 0 enqueued
[2026-06-17T10:22:47.771+0800][29.390s][info][gc,ref      ] GC(282) Phantom: 1 encountered, 1 discovered, 0 enqueued
[2026-06-17T10:22:47.771+0800][29.390s][info][gc,heap     ] GC(282)                Mark Start          Mark End        Relocate Start      Relocate End           High               Low         
[2026-06-17T10:22:47.771+0800][29.390s][info][gc,heap     ] GC(282)  Capacity:      256M (100%)        256M (100%)        256M (100%)        256M (100%)        256M (100%)        256M (100%)   
[2026-06-17T10:22:47.771+0800][29.390s][info][gc,heap     ] GC(282)   Reserve:       62M (24%)          62M (24%)          62M (24%)          62M (24%)          62M (24%)          62M (24%)    
[2026-06-17T10:22:47.771+0800][29.390s][info][gc,heap     ] GC(282)      Free:      116M (45%)         112M (44%)         142M (55%)         146M (57%)         146M (57%)         112M (44%)    
[2026-06-17T10:22:47.772+0800][29.390s][info][gc,heap     ] GC(282)      Used:       78M (30%)          82M (32%)          52M (20%)          48M (19%)          82M (32%)          48M (19%)    
[2026-06-17T10:22:47.772+0800][29.390s][info][gc,heap     ] GC(282)      Live:         -                24M (10%)          24M (10%)          24M (10%)            -                  -          
[2026-06-17T10:22:47.772+0800][29.390s][info][gc,heap     ] GC(282) Allocated:         -                 4M (2%)            4M (2%)            8M (3%)             -                  -          
[2026-06-17T10:22:47.772+0800][29.391s][info][gc,heap     ] GC(282)   Garbage:         -                53M (21%)          23M (9%)           19M (8%)             -                  -          
[2026-06-17T10:22:47.772+0800][29.391s][info][gc,heap     ] GC(282) Reclaimed:         -                  -                30M (12%)          34M (13%)            -                  -          
[2026-06-17T10:22:47.772+0800][29.391s][info][gc          ] GC(282) Garbage Collection (Allocation Rate) 78M(30%)->48M(19%)
[2026-06-17T10:22:47.863+0800][29.482s][info][gc,start    ] GC(283) Garbage Collection (Allocation Rate)
[2026-06-17T10:22:47.864+0800][29.483s][info][gc,phases   ] GC(283) Pause Mark Start 0.243ms
[2026-06-17T10:22:47.866+0800][29.484s][info][gc,phases   ] GC(283) Concurrent Mark 1.475ms
[2026-06-17T10:22:47.867+0800][29.485s][info][gc,phases   ] GC(283) Pause Mark End 0.385ms
[2026-06-17T10:22:47.867+0800][29.486s][info][gc,phases   ] GC(283) Concurrent Process Non-Strong References 0.148ms
[2026-06-17T10:22:47.867+0800][29.486s][info][gc,phases   ] GC(283) Concurrent Reset Relocation Set 0.002ms
[2026-06-17T10:22:47.867+0800][29.486s][info][gc,phases   ] GC(283) Concurrent Destroy Detached Pages 0.001ms
[2026-06-17T10:22:47.868+0800][29.487s][info][gc,phases   ] GC(283) Concurrent Select Relocation Set 0.585ms
[2026-06-17T10:22:47.869+0800][29.487s][info][gc,phases   ] GC(283) Concurrent Prepare Relocation Set 0.007ms
[2026-06-17T10:22:47.869+0800][29.488s][info][gc,phases   ] GC(283) Pause Relocate Start 0.147ms
[2026-06-17T10:22:47.871+0800][29.489s][info][gc,phases   ] GC(283) Concurrent Relocate 1.379ms
[2026-06-17T10:22:47.871+0800][29.490s][info][gc,load     ] GC(283) Load: 0.18/0.20/0.27
[2026-06-17T10:22:47.871+0800][29.490s][info][gc,mmu      ] GC(283) MMU: 2ms/0.0%, 5ms/43.3%, 10ms/66.9%, 20ms/83.5%, 50ms/93.4%, 100ms/96.6%
[2026-06-17T10:22:47.871+0800][29.490s][info][gc,marking  ] GC(283) Mark: 2 stripe(s), 1 proactive flush(es), 1 terminate flush(es), 0 completion(s), 0 continuation(s) 
[2026-06-17T10:22:47.872+0800][29.490s][info][gc,reloc    ] GC(283) Relocation: Successful, 20M relocated
[2026-06-17T10:22:47.872+0800][29.491s][info][gc,nmethod  ] GC(283) NMethods: 23 registered, 0 unregistered
[2026-06-17T10:22:47.872+0800][29.491s][info][gc,metaspace] GC(283) Metaspace: 3M used, 4M capacity, 4M committed, 8M reserved
[2026-06-17T10:22:47.872+0800][29.491s][info][gc,ref      ] GC(283) Soft: 43 encountered, 0 discovered, 0 enqueued
[2026-06-17T10:22:47.872+0800][29.491s][info][gc,ref      ] GC(283) Weak: 7 encountered, 2 discovered, 0 enqueued
[2026-06-17T10:22:47.872+0800][29.491s][info][gc,ref      ] GC(283) Final: 0 encountered, 0 discovered, 0 enqueued
[2026-06-17T10:22:47.873+0800][29.491s][info][gc,ref      ] GC(283) Phantom: 1 encountered, 1 discovered, 0 enqueued
[2026-06-17T10:22:47.873+0800][29.492s][info][gc,heap     ] GC(283)                Mark Start          Mark End        Relocate Start      Relocate End           High               Low         
[2026-06-17T10:22:47.873+0800][29.492s][info][gc,heap     ] GC(283)  Capacity:      256M (100%)        256M (100%)        256M (100%)        256M (100%)        256M (100%)        256M (100%)   
[2026-06-17T10:22:47.873+0800][29.492s][info][gc,heap     ] GC(283)   Reserve:       62M (24%)          62M (24%)          62M (24%)          62M (24%)          62M (24%)          62M (24%)    
[2026-06-17T10:22:47.873+0800][29.492s][info][gc,heap     ] GC(283)      Free:       80M (31%)          80M (31%)         108M (42%)         148M (58%)         148M (58%)          70M (27%)    
[2026-06-17T10:22:47.873+0800][29.492s][info][gc,heap     ] GC(283)      Used:      114M (45%)         114M (45%)          86M (34%)          46M (18%)         124M (48%)          46M (18%)    
[2026-06-17T10:22:47.873+0800][29.492s][info][gc,heap     ] GC(283)      Live:         -                20M (8%)           20M (8%)           20M (8%)             -                  -          
[2026-06-17T10:22:47.874+0800][29.492s][info][gc,heap     ] GC(283) Allocated:         -                 0M (0%)            4M (2%)           44M (17%)            -                  -          
[2026-06-17T10:22:47.874+0800][29.492s][info][gc,heap     ] GC(283)   Garbage:         -                93M (36%)          61M (24%)          21M (8%)             -                  -          
[2026-06-17T10:22:47.874+0800][29.492s][info][gc,heap     ] GC(283) Reclaimed:         -                  -                32M (12%)          72M (28%)            -                  -          
[2026-06-17T10:22:47.874+0800][29.493s][info][gc          ] GC(283) Garbage Collection (Allocation Rate) 114M(45%)->46M(18%)
[2026-06-17T10:22:47.963+0800][29.582s][info][gc,start    ] GC(284) Garbage Collection (Allocation Rate)
[2026-06-17T10:22:47.965+0800][29.584s][info][gc,phases   ] GC(284) Pause Mark Start 0.425ms
[2026-06-17T10:22:47.969+0800][29.587s][info][gc,phases   ] GC(284) Concurrent Mark 1.826ms
[2026-06-17T10:22:47.970+0800][29.589s][info][gc,phases   ] GC(284) Pause Mark End 0.590ms
[2026-06-17T10:22:47.971+0800][29.590s][info][gc,phases   ] GC(284) Concurrent Process Non-Strong References 0.185ms
[2026-06-17T10:22:47.972+0800][29.591s][info][gc,phases   ] GC(284) Concurrent Reset Relocation Set 0.004ms
[2026-06-17T10:22:47.973+0800][29.591s][info][gc,phases   ] GC(284) Concurrent Destroy Detached Pages 0.002ms
[2026-06-17T10:22:47.974+0800][29.593s][info][gc,phases   ] GC(284) Concurrent Select Relocation Set 0.899ms
[2026-06-17T10:22:47.975+0800][29.594s][info][gc,phases   ] GC(284) Concurrent Prepare Relocation Set 0.004ms
[2026-06-17T10:22:47.976+0800][29.595s][info][gc,phases   ] GC(284) Pause Relocate Start 0.161ms
[2026-06-17T10:22:47.977+0800][29.596s][info][gc,phases   ] GC(284) Concurrent Relocate 0.268ms
[2026-06-17T10:22:47.977+0800][29.596s][info][gc,load     ] GC(284) Load: 0.18/0.20/0.27
[2026-06-17T10:22:47.978+0800][29.596s][info][gc,mmu      ] GC(284) MMU: 2ms/0.0%, 5ms/43.3%, 10ms/66.9%, 20ms/83.5%, 50ms/93.4%, 100ms/96.6%
[2026-06-17T10:22:47.978+0800][29.597s][info][gc,marking  ] GC(284) Mark: 2 stripe(s), 1 proactive flush(es), 1 terminate flush(es), 0 completion(s), 0 continuation(s) 
[2026-06-17T10:22:47.978+0800][29.597s][info][gc,reloc    ] GC(284) Relocation: Successful, 24M relocated
[2026-06-17T10:22:47.978+0800][29.597s][info][gc,nmethod  ] GC(284) NMethods: 23 registered, 0 unregistered
[2026-06-17T10:22:47.978+0800][29.597s][info][gc,metaspace] GC(284) Metaspace: 3M used, 4M capacity, 4M committed, 8M reserved
[2026-06-17T10:22:47.978+0800][29.597s][info][gc,ref      ] GC(284) Soft: 43 encountered, 0 discovered, 0 enqueued
[2026-06-17T10:22:47.979+0800][29.597s][info][gc,ref      ] GC(284) Weak: 7 encountered, 2 discovered, 0 enqueued
[2026-06-17T10:22:47.979+0800][29.598s][info][gc,ref      ] GC(284) Final: 0 encountered, 0 discovered, 0 enqueued
[2026-06-17T10:22:47.979+0800][29.598s][info][gc,ref      ] GC(284) Phantom: 1 encountered, 1 discovered, 0 enqueued
[2026-06-17T10:22:47.979+0800][29.598s][info][gc,heap     ] GC(284)                Mark Start          Mark End        Relocate Start      Relocate End           High               Low         
[2026-06-17T10:22:47.979+0800][29.598s][info][gc,heap     ] GC(284)  Capacity:      256M (100%)        256M (100%)        256M (100%)        256M (100%)        256M (100%)        256M (100%)   
[2026-06-17T10:22:47.979+0800][29.598s][info][gc,heap     ] GC(284)   Reserve:       62M (24%)          62M (24%)          62M (24%)          62M (24%)          62M (24%)          62M (24%)    
[2026-06-17T10:22:47.979+0800][29.598s][info][gc,heap     ] GC(284)      Free:      114M (45%)         114M (45%)         106M (41%)         116M (45%)         142M (55%)         102M (40%)    
[2026-06-17T10:22:47.979+0800][29.598s][info][gc,heap     ] GC(284)      Used:       80M (31%)          80M (31%)          88M (34%)          78M (30%)          92M (36%)          52M (20%)    
[2026-06-17T10:22:47.979+0800][29.598s][info][gc,heap     ] GC(284)      Live:         -                28M (11%)          28M (11%)          28M (11%)            -                  -          
[2026-06-17T10:22:47.980+0800][29.598s][info][gc,heap     ] GC(284) Allocated:         -                 0M (0%)           36M (14%)          40M (16%)            -                  -          
[2026-06-17T10:22:47.980+0800][29.598s][info][gc,heap     ] GC(284)   Garbage:         -                51M (20%)          23M (9%)           13M (5%)             -                  -          
[2026-06-17T10:22:47.980+0800][29.599s][info][gc,heap     ] GC(284) Reclaimed:         -                  -                28M (11%)          38M (15%)            -                  -          
[2026-06-17T10:22:47.980+0800][29.599s][info][gc          ] GC(284) Garbage Collection (Allocation Rate) 80M(31%)->78M(30%)
[2026-06-17T10:22:48.063+0800][29.682s][info][gc,start    ] GC(285) Garbage Collection (Allocation Rate)
[2026-06-17T10:22:48.066+0800][29.685s][info][gc,phases   ] GC(285) Pause Mark Start 0.273ms
[2026-06-17T10:22:48.071+0800][29.689s][info][gc,phases   ] GC(285) Concurrent Mark 1.557ms
[2026-06-17T10:22:48.073+0800][29.692s][info][gc,phases   ] GC(285) Pause Mark End 0.294ms
[2026-06-17T10:22:48.075+0800][29.694s][info][gc,phases   ] GC(285) Concurrent Process Non-Strong References 0.075ms
[2026-06-17T10:22:48.078+0800][29.696s][info][gc,phases   ] GC(285) Concurrent Reset Relocation Set 0.003ms
[2026-06-17T10:22:48.078+0800][29.697s][info][gc,phases   ] GC(285) Concurrent Destroy Detached Pages 0.002ms
[2026-06-17T10:22:48.079+0800][29.698s][info][gc,phases   ] GC(285) Concurrent Select Relocation Set 0.748ms
[2026-06-17T10:22:48.079+0800][29.698s][info][gc,phases   ] GC(285) Concurrent Prepare Relocation Set 0.015ms
[2026-06-17T10:22:48.080+0800][29.698s][info][gc,phases   ] GC(285) Pause Relocate Start 0.165ms
[2026-06-17T10:22:48.082+0800][29.701s][info][gc,phases   ] GC(285) Concurrent Relocate 1.834ms
[2026-06-17T10:22:48.082+0800][29.701s][info][gc,load     ] GC(285) Load: 0.18/0.20/0.27
[2026-06-17T10:22:48.082+0800][29.701s][info][gc,mmu      ] GC(285) MMU: 2ms/0.0%, 5ms/43.3%, 10ms/66.9%, 20ms/83.5%, 50ms/93.4%, 100ms/96.6%
[2026-06-17T10:22:48.082+0800][29.701s][info][gc,marking  ] GC(285) Mark: 2 stripe(s), 2 proactive flush(es), 1 terminate flush(es), 0 completion(s), 0 continuation(s) 
[2026-06-17T10:22:48.083+0800][29.701s][info][gc,reloc    ] GC(285) Relocation: Successful, 24M relocated
[2026-06-17T10:22:48.083+0800][29.701s][info][gc,nmethod  ] GC(285) NMethods: 23 registered, 0 unregistered
[2026-06-17T10:22:48.083+0800][29.702s][info][gc,metaspace] GC(285) Metaspace: 3M used, 4M capacity, 4M committed, 8M reserved
[2026-06-17T10:22:48.083+0800][29.702s][info][gc,ref      ] GC(285) Soft: 43 encountered, 0 discovered, 0 enqueued
[2026-06-17T10:22:48.083+0800][29.702s][info][gc,ref      ] GC(285) Weak: 7 encountered, 2 discovered, 0 enqueued
[2026-06-17T10:22:48.083+0800][29.702s][info][gc,ref      ] GC(285) Final: 0 encountered, 0 discovered, 0 enqueued
[2026-06-17T10:22:48.083+0800][29.702s][info][gc,ref      ] GC(285) Phantom: 1 encountered, 1 discovered, 0 enqueued
[2026-06-17T10:22:48.084+0800][29.702s][info][gc,heap     ] GC(285)                Mark Start          Mark End        Relocate Start      Relocate End           High               Low         
[2026-06-17T10:22:48.084+0800][29.703s][info][gc,heap     ] GC(285)  Capacity:      256M (100%)        256M (100%)        256M (100%)        256M (100%)        256M (100%)        256M (100%)   
[2026-06-17T10:22:48.084+0800][29.703s][info][gc,heap     ] GC(285)   Reserve:       62M (24%)          62M (24%)          62M (24%)          62M (24%)          62M (24%)          62M (24%)    
[2026-06-17T10:22:48.084+0800][29.703s][info][gc,heap     ] GC(285)      Free:       86M (34%)          48M (19%)          76M (30%)         144M (56%)         144M (56%)          48M (19%)    
[2026-06-17T10:22:48.084+0800][29.703s][info][gc,heap     ] GC(285)      Used:      108M (42%)         146M (57%)         118M (46%)          50M (20%)         146M (57%)          50M (20%)    
[2026-06-17T10:22:48.084+0800][29.703s][info][gc,heap     ] GC(285)      Live:         -                24M (10%)          24M (10%)          24M (10%)            -                  -          
[2026-06-17T10:22:48.084+0800][29.703s][info][gc,heap     ] GC(285) Allocated:         -                38M (15%)          38M (15%)          46M (18%)            -                  -          
[2026-06-17T10:22:48.084+0800][29.703s][info][gc,heap     ] GC(285)   Garbage:         -                83M (32%)          55M (22%)    17592186044399M (6         -                  -          
[2026-06-17T10:22:48.084+0800][29.703s][info][gc,heap     ] GC(285) Reclaimed:         -                  -                28M (11%)         100M (39%)            -                  -          
[2026-06-17T10:22:48.085+0800][29.703s][info][gc          ] GC(285) Garbage Collection (Allocation Rate) 108M(42%)->50M(20%)
[2026-06-17T10:22:48.163+0800][29.781s][info][gc,start    ] GC(286) Garbage Collection (Allocation Rate)
[2026-06-17T10:22:48.164+0800][29.783s][info][gc,phases   ] GC(286) Pause Mark Start 0.398ms
[2026-06-17T10:22:48.167+0800][29.786s][info][gc,phases   ] GC(286) Concurrent Mark 2.013ms
[2026-06-17T10:22:48.169+0800][29.788s][info][gc,phases   ] GC(286) Pause Mark End 0.675ms
[2026-06-17T10:22:48.170+0800][29.789s][info][gc,phases   ] GC(286) Concurrent Process Non-Strong References 0.215ms
[2026-06-17T10:22:48.171+0800][29.790s][info][gc,phases   ] GC(286) Concurrent Reset Relocation Set 0.008ms
[2026-06-17T10:22:48.172+0800][29.790s][info][gc,phases   ] GC(286) Concurrent Destroy Detached Pages 0.002ms
[2026-06-17T10:22:48.174+0800][29.792s][info][gc,phases   ] GC(286) Concurrent Select Relocation Set 1.301ms
[2026-06-17T10:22:48.174+0800][29.793s][info][gc,phases   ] GC(286) Concurrent Prepare Relocation Set 0.017ms
[2026-06-17T10:22:48.176+0800][29.795s][info][gc,phases   ] GC(286) Pause Relocate Start 0.331ms
[2026-06-17T10:22:48.177+0800][29.796s][info][gc,phases   ] GC(286) Concurrent Relocate 0.765ms
[2026-06-17T10:22:48.178+0800][29.797s][info][gc,load     ] GC(286) Load: 0.18/0.20/0.27
[2026-06-17T10:22:48.179+0800][29.797s][info][gc,mmu      ] GC(286) MMU: 2ms/0.0%, 5ms/43.3%, 10ms/66.9%, 20ms/83.5%, 50ms/93.4%, 100ms/96.6%
[2026-06-17T10:22:48.179+0800][29.798s][info][gc,marking  ] GC(286) Mark: 2 stripe(s), 2 proactive flush(es), 1 terminate flush(es), 0 completion(s), 0 continuation(s) 
[2026-06-17T10:22:48.180+0800][29.799s][info][gc,reloc    ] GC(286) Relocation: Successful, 21M relocated
[2026-06-17T10:22:48.181+0800][29.799s][info][gc,nmethod  ] GC(286) NMethods: 23 registered, 0 unregistered
[2026-06-17T10:22:48.181+0800][29.800s][info][gc,metaspace] GC(286) Metaspace: 3M used, 4M capacity, 4M committed, 8M reserved
[2026-06-17T10:22:48.182+0800][29.801s][info][gc,ref      ] GC(286) Soft: 43 encountered, 0 discovered, 0 enqueued
[2026-06-17T10:22:48.183+0800][29.801s][info][gc,ref      ] GC(286) Weak: 7 encountered, 2 discovered, 0 enqueued
[2026-06-17T10:22:48.183+0800][29.802s][info][gc,ref      ] GC(286) Final: 0 encountered, 0 discovered, 0 enqueued
[2026-06-17T10:22:48.184+0800][29.803s][info][gc,ref      ] GC(286) Phantom: 1 encountered, 1 discovered, 0 enqueued
[2026-06-17T10:22:48.185+0800][29.803s][info][gc,heap     ] GC(286)                Mark Start          Mark End        Relocate Start      Relocate End           High               Low         
[2026-06-17T10:22:48.186+0800][29.804s][info][gc,heap     ] GC(286)  Capacity:      256M (100%)        256M (100%)        256M (100%)        256M (100%)        256M (100%)        256M (100%)   
[2026-06-17T10:22:48.186+0800][29.805s][info][gc,heap     ] GC(286)   Reserve:       62M (24%)          62M (24%)          62M (24%)          62M (24%)          62M (24%)          62M (24%)    
[2026-06-17T10:22:48.187+0800][29.806s][info][gc,heap     ] GC(286)      Free:      118M (46%)          80M (31%)         106M (41%)         114M (45%)         118M (46%)          80M (31%)    
[2026-06-17T10:22:48.188+0800][29.807s][info][gc,heap     ] GC(286)      Used:       76M (30%)         114M (45%)          88M (34%)          80M (31%)         114M (45%)          76M (30%)    
[2026-06-17T10:22:48.189+0800][29.807s][info][gc,heap     ] GC(286)      Live:         -                21M (8%)           21M (8%)           21M (8%)             -                  -          
[2026-06-17T10:22:48.189+0800][29.808s][info][gc,heap     ] GC(286) Allocated:         -                38M (15%)          38M (15%)          48M (19%)            -                  -          
[2026-06-17T10:22:48.190+0800][29.809s][info][gc,heap     ] GC(286)   Garbage:         -                54M (21%)          28M (11%)          18M (7%)             -                  -          
[2026-06-17T10:22:48.191+0800][29.809s][info][gc,heap     ] GC(286) Reclaimed:         -                  -                26M (10%)          36M (14%)            -                  -          
[2026-06-17T10:22:48.191+0800][29.810s][info][gc          ] GC(286) Garbage Collection (Allocation Rate) 76M(30%)->80M(31%)
[2026-06-17T10:22:48.263+0800][29.882s][info][gc,start    ] GC(287) Garbage Collection (Allocation Rate)
[2026-06-17T10:22:48.265+0800][29.883s][info][gc,phases   ] GC(287) Pause Mark Start 0.341ms
[2026-06-17T10:22:48.267+0800][29.886s][info][gc,phases   ] GC(287) Concurrent Mark 1.718ms
[2026-06-17T10:22:48.269+0800][29.888s][info][gc,phases   ] GC(287) Pause Mark End 0.625ms
[2026-06-17T10:22:48.270+0800][29.889s][info][gc,phases   ] GC(287) Concurrent Process Non-Strong References 0.151ms
[2026-06-17T10:22:48.271+0800][29.889s][info][gc,phases   ] GC(287) Concurrent Reset Relocation Set 0.002ms
[2026-06-17T10:22:48.272+0800][29.890s][info][gc,phases   ] GC(287) Concurrent Destroy Detached Pages 0.001ms
[2026-06-17T10:22:48.273+0800][29.892s][info][gc,phases   ] GC(287) Concurrent Select Relocation Set 0.579ms
[2026-06-17T10:22:48.274+0800][29.893s][info][gc,phases   ] GC(287) Concurrent Prepare Relocation Set 0.016ms
[2026-06-17T10:22:48.275+0800][29.894s][info][gc,phases   ] GC(287) Pause Relocate Start 0.335ms
[2026-06-17T10:22:48.278+0800][29.897s][info][gc,phases   ] GC(287) Concurrent Relocate 1.975ms
[2026-06-17T10:22:48.279+0800][29.898s][info][gc,load     ] GC(287) Load: 0.18/0.20/0.27
[2026-06-17T10:22:48.280+0800][29.899s][info][gc,mmu      ] GC(287) MMU: 2ms/0.0%, 5ms/43.3%, 10ms/66.9%, 20ms/83.5%, 50ms/93.4%, 100ms/96.6%
[2026-06-17T10:22:48.280+0800][29.899s][info][gc,marking  ] GC(287) Mark: 2 stripe(s), 1 proactive flush(es), 1 terminate flush(es), 0 completion(s), 0 continuation(s) 
[2026-06-17T10:22:48.281+0800][29.900s][info][gc,reloc    ] GC(287) Relocation: Successful, 27M relocated
[2026-06-17T10:22:48.282+0800][29.900s][info][gc,nmethod  ] GC(287) NMethods: 23 registered, 0 unregistered
[2026-06-17T10:22:48.282+0800][29.901s][info][gc,metaspace] GC(287) Metaspace: 3M used, 4M capacity, 4M committed, 8M reserved
[2026-06-17T10:22:48.283+0800][29.902s][info][gc,ref      ] GC(287) Soft: 43 encountered, 0 discovered, 0 enqueued
[2026-06-17T10:22:48.284+0800][29.903s][info][gc,ref      ] GC(287) Weak: 7 encountered, 0 discovered, 0 enqueued
[2026-06-17T10:22:48.284+0800][29.903s][info][gc,ref      ] GC(287) Final: 0 encountered, 0 discovered, 0 enqueued
[2026-06-17T10:22:48.285+0800][29.904s][info][gc,ref      ] GC(287) Phantom: 1 encountered, 0 discovered, 0 enqueued
[2026-06-17T10:22:48.286+0800][29.904s][info][gc,heap     ] GC(287)                Mark Start          Mark End        Relocate Start      Relocate End           High               Low         
[2026-06-17T10:22:48.286+0800][29.905s][info][gc,heap     ] GC(287)  Capacity:      256M (100%)        256M (100%)        256M (100%)        256M (100%)        256M (100%)        256M (100%)   
[2026-06-17T10:22:48.287+0800][29.906s][info][gc,heap     ] GC(287)   Reserve:       62M (24%)          62M (24%)          62M (24%)          62M (24%)          62M (24%)          62M (24%)    
[2026-06-17T10:22:48.288+0800][29.907s][info][gc,heap     ] GC(287)      Free:       82M (32%)          82M (32%)         108M (42%)         148M (58%)         148M (58%)          74M (29%)    
[2026-06-17T10:22:48.288+0800][29.907s][info][gc,heap     ] GC(287)      Used:      112M (44%)         112M (44%)          86M (34%)          46M (18%)         120M (47%)          46M (18%)    
[2026-06-17T10:22:48.289+0800][29.908s][info][gc,heap     ] GC(287)      Live:         -                29M (12%)          29M (12%)          29M (12%)            -                  -          
[2026-06-17T10:22:48.290+0800][29.909s][info][gc,heap     ] GC(287) Allocated:         -                 0M (0%)            4M (2%)           42M (16%)            -                  -          
[2026-06-17T10:22:48.290+0800][29.909s][info][gc,heap     ] GC(287)   Garbage:         -                82M (32%)          52M (20%)          12M (5%)             -                  -          
[2026-06-17T10:22:48.291+0800][29.910s][info][gc,heap     ] GC(287) Reclaimed:         -                  -                30M (12%)          70M (27%)            -                  -          
[2026-06-17T10:22:48.292+0800][29.911s][info][gc          ] GC(287) Garbage Collection (Allocation Rate) 112M(44%)->46M(18%)
[2026-06-17T10:22:48.363+0800][29.982s][info][gc,start    ] GC(288) Garbage Collection (Allocation Rate)
[2026-06-17T10:22:48.364+0800][29.983s][info][gc,phases   ] GC(288) Pause Mark Start 0.165ms
[2026-06-17T10:22:48.367+0800][29.985s][info][gc,phases   ] GC(288) Concurrent Mark 1.531ms
[2026-06-17T10:22:48.368+0800][29.987s][info][gc,phases   ] GC(288) Pause Mark End 0.355ms
[2026-06-17T10:22:48.369+0800][29.988s][info][gc,phases   ] GC(288) Concurrent Process Non-Strong References 0.174ms
[2026-06-17T10:22:48.370+0800][29.988s][info][gc,phases   ] GC(288) Concurrent Reset Relocation Set 0.003ms
[2026-06-17T10:22:48.370+0800][29.989s][info][gc,phases   ] GC(288) Concurrent Destroy Detached Pages 0.001ms
[2026-06-17T10:22:48.372+0800][29.991s][info][gc,phases   ] GC(288) Concurrent Select Relocation Set 0.774ms
[2026-06-17T10:22:48.373+0800][29.992s][info][gc,phases   ] GC(288) Concurrent Prepare Relocation Set 0.004ms
[2026-06-17T10:22:48.374+0800][29.993s][info][gc,phases   ] GC(288) Pause Relocate Start 0.265ms
[2026-06-17T10:22:48.375+0800][29.994s][info][gc,phases   ] GC(288) Concurrent Relocate 0.332ms
[2026-06-17T10:22:48.376+0800][29.995s][info][gc,load     ] GC(288) Load: 0.18/0.20/0.27
[2026-06-17T10:22:48.377+0800][29.995s][info][gc,mmu      ] GC(288) MMU: 2ms/0.0%, 5ms/43.3%, 10ms/66.9%, 20ms/83.5%, 50ms/93.4%, 100ms/96.6%
[2026-06-17T10:22:48.377+0800][29.996s][info][gc,marking  ] GC(288) Mark: 2 stripe(s), 1 proactive flush(es), 1 terminate flush(es), 0 completion(s), 0 continuation(s) 
[2026-06-17T10:22:48.378+0800][29.997s][info][gc,reloc    ] GC(288) Relocation: Successful, 25M relocated
[2026-06-17T10:22:48.379+0800][29.997s][info][gc,nmethod  ] GC(288) NMethods: 23 registered, 0 unregistered
[2026-06-17T10:22:48.379+0800][29.998s][info][gc,metaspace] GC(288) Metaspace: 3M used, 4M capacity, 4M committed, 8M reserved
[2026-06-17T10:22:48.380+0800][29.999s][info][gc,ref      ] GC(288) Soft: 43 encountered, 0 discovered, 0 enqueued
[2026-06-17T10:22:48.381+0800][29.999s][info][gc,ref      ] GC(288) Weak: 7 encountered, 2 discovered, 0 enqueued
[2026-06-17T10:22:48.381+0800][30.000s][info][gc,ref      ] GC(288) Final: 0 encountered, 0 discovered, 0 enqueued
[2026-06-17T10:22:48.382+0800][30.001s][info][gc,ref      ] GC(288) Phantom: 1 encountered, 1 discovered, 0 enqueued
[2026-06-17T10:22:48.383+0800][30.002s][info][gc,heap     ] GC(288)                Mark Start          Mark End        Relocate Start      Relocate End           High               Low         
[2026-06-17T10:22:48.384+0800][30.002s][info][gc,heap     ] GC(288)  Capacity:      256M (100%)        256M (100%)        256M (100%)        256M (100%)        256M (100%)        256M (100%)   
[2026-06-17T10:22:48.385+0800][30.004s][info][gc,heap     ] GC(288)   Reserve:       62M (24%)          62M (24%)          62M (24%)          62M (24%)          62M (24%)          62M (24%)    
[2026-06-17T10:22:48.386+0800][30.005s][info][gc,heap     ] GC(288)      Free:      116M (45%)         112M (44%)         140M (55%)         146M (57%)         146M (57%)         112M (44%)    
[2026-06-17T10:22:48.388+0800][30.007s][info][gc,heap     ] GC(288)      Used:       78M (30%)          82M (32%)          54M (21%)          48M (19%)          82M (32%)          48M (19%)    
[2026-06-17T10:22:48.390+0800][30.009s][info][gc,heap     ] GC(288)      Live:         -                25M (10%)          25M (10%)          25M (10%)            -                  -          
[2026-06-17T10:22:48.391+0800][30.009s][info][gc,heap     ] GC(288) Allocated:         -                 4M (2%)            4M (2%)           14M (5%)             -                  -          
[2026-06-17T10:22:48.392+0800][30.011s][info][gc,heap     ] GC(288)   Garbage:         -                52M (20%)          24M (10%)          18M (7%)             -                  -          
[2026-06-17T10:22:48.393+0800][30.012s][info][gc,heap     ] GC(288) Reclaimed:         -                  -                28M (11%)          34M (13%)            -                  -          
[2026-06-17T10:22:48.394+0800][30.013s][info][gc          ] GC(288) Garbage Collection (Allocation Rate) 78M(30%)->48M(19%)
[2026-06-17T10:22:48.463+0800][30.082s][info][gc,start    ] GC(289) Garbage Collection (Allocation Rate)
[2026-06-17T10:22:48.464+0800][30.082s][info][gc,stats    ] === Garbage Collection Statistics =======================================================================================================================
[2026-06-17T10:22:48.471+0800][30.090s][info][gc,stats    ]                                                              Last 10s              Last 10m              Last 10h                Total
[2026-06-17T10:22:48.472+0800][30.090s][info][gc,stats    ]                                                              Avg / Max             Avg / Max             Avg / Max             Avg / Max
[2026-06-17T10:22:48.472+0800][30.091s][info][gc,stats    ]   Collector: Garbage Collection Cycle                     16.041 / 154.253      15.973 / 154.253      15.973 / 154.253      15.973 / 154.253     ms
[2026-06-17T10:22:48.473+0800][30.092s][info][gc,stats    ]  Contention: Mark Segment Reset Contention                     0 / 2                 0 / 3                 0 / 3                 0 / 3           ops/s
[2026-06-17T10:22:48.474+0800][30.092s][info][gc,stats    ]  Contention: Mark SeqNum Reset Contention                      0 / 0                 0 / 1                 0 / 1                 0 / 1           ops/s
[2026-06-17T10:22:48.474+0800][30.093s][info][gc,stats    ]  Contention: Relocation Contention                             0 / 3                 1 / 10                1 / 10                1 / 10          ops/s
[2026-06-17T10:22:48.475+0800][30.093s][info][gc,stats    ]    Critical: Allocation Stall                              0.000 / 0.000         0.000 / 0.000         0.000 / 0.000         0.000 / 0.000       ms
[2026-06-17T10:22:48.475+0800][30.094s][info][gc,stats    ]    Critical: Allocation Stall                                  0 / 0                 0 / 0                 0 / 0                 0 / 0           ops/s
[2026-06-17T10:22:48.480+0800][30.098s][info][gc,stats    ]    Critical: GC Locker Stall                               0.000 / 0.000         0.000 / 0.000         0.000 / 0.000         0.000 / 0.000       ms
[2026-06-17T10:22:48.480+0800][30.099s][info][gc,stats    ]    Critical: GC Locker Stall                                   0 / 0                 0 / 0                 0 / 0                 0 / 0           ops/s
[2026-06-17T10:22:48.471+0800][30.090s][info][gc,phases   ] GC(289) Pause Mark Start 0.192ms
[2026-06-17T10:22:48.481+0800][30.099s][info][gc,stats    ]      Memory: Allocation Rate                                 574 / 628             578 / 646             578 / 646             578 / 646         MB/s
[2026-06-17T10:22:48.483+0800][30.102s][info][gc,phases   ] GC(289) Concurrent Mark 1.521ms
[2026-06-17T10:22:48.485+0800][30.104s][info][gc,stats    ]      Memory: Heap Used After Mark                            106 / 174             104 / 174             104 / 174             104 / 174         MB
[2026-06-17T10:22:48.487+0800][30.105s][info][gc,stats    ]      Memory: Heap Used After Relocation                       54 / 88               54 / 92               54 / 92               54 / 92          MB
[2026-06-17T10:22:48.488+0800][30.107s][info][gc,stats    ]      Memory: Heap Used Before Mark                            98 / 174              97 / 174              97 / 174              97 / 174         MB
[2026-06-17T10:22:48.486+0800][30.105s][info][gc,phases   ] GC(289) Pause Mark End 0.295ms
[2026-06-17T10:22:48.491+0800][30.110s][info][gc,stats    ]      Memory: Heap Used Before Relocation                      82 / 158              82 / 158              82 / 158              82 / 158         MB
[2026-06-17T10:22:48.495+0800][30.114s][info][gc,stats    ]      Memory: Out Of Memory                                     0 / 0                 0 / 0                 0 / 0                 0 / 0           ops/s
[2026-06-17T10:22:48.495+0800][30.113s][info][gc,phases   ] GC(289) Concurrent Process Non-Strong References 0.085ms
[2026-06-17T10:22:48.495+0800][30.114s][info][gc,stats    ]      Memory: Page Cache Flush                                  3 / 32                3 / 32                3 / 32                3 / 32          MB/s
[2026-06-17T10:22:48.496+0800][30.114s][info][gc,stats    ]      Memory: Page Cache Hit L1                               229 / 237             228 / 242             228 / 242             228 / 242         ops/s
[2026-06-17T10:22:48.496+0800][30.115s][info][gc,stats    ]      Memory: Page Cache Hit L2                                 0 / 0                 0 / 0                 0 / 0                 0 / 0           ops/s
[2026-06-17T10:22:48.496+0800][30.115s][info][gc,stats    ]      Memory: Page Cache Miss                                   1 / 10                2 / 31                2 / 31                2 / 31          ops/s
[2026-06-17T10:22:48.497+0800][30.116s][info][gc,stats    ]      Memory: Undo Object Allocation Failed                     0 / 0                 0 / 7                 0 / 7                 0 / 7           ops/s
[2026-06-17T10:22:48.499+0800][30.117s][info][gc,stats    ]      Memory: Undo Object Allocation Succeeded                  0 / 3                 0 / 3                 0 / 3                 0 / 3           ops/s
[2026-06-17T10:22:48.495+0800][30.114s][info][gc,phases   ] GC(289) Concurrent Reset Relocation Set 0.002ms
[2026-06-17T10:22:48.499+0800][30.118s][info][gc,stats    ]      Memory: Undo Page Allocation                              0 / 1                 0 / 1                 0 / 1                 0 / 1           ops/s
[2026-06-17T10:22:48.501+0800][30.120s][info][gc,stats    ]       Phase: Concurrent Destroy Detached Pages             0.001 / 0.004         0.001 / 0.004         0.001 / 0.004         0.001 / 0.004       ms
[2026-06-17T10:22:48.499+0800][30.118s][info][gc,phases   ] GC(289) Concurrent Destroy Detached Pages 0.002ms
[2026-06-17T10:22:48.507+0800][30.126s][info][gc,stats    ]       Phase: Concurrent Mark                               1.700 / 2.657         1.806 / 3.544         1.806 / 3.544         1.806 / 3.544       ms
[2026-06-17T10:22:48.510+0800][30.129s][info][gc,phases   ] GC(289) Concurrent Select Relocation Set 0.527ms
[2026-06-17T10:22:48.510+0800][30.129s][info][gc,stats    ]       Phase: Concurrent Mark Continue                      0.000 / 0.000         0.000 / 0.000         0.000 / 0.000         0.000 / 0.000       ms
[2026-06-17T10:22:48.511+0800][30.130s][info][gc,stats    ]       Phase: Concurrent Prepare Relocation Set             0.009 / 0.026         0.010 / 0.089         0.010 / 0.089         0.010 / 0.089       ms
[2026-06-17T10:22:48.515+0800][30.133s][info][gc,stats    ]       Phase: Concurrent Process Non-Strong References      0.155 / 0.445         0.193 / 0.603         0.193 / 0.603         0.193 / 0.603       ms
[2026-06-17T10:22:48.521+0800][30.140s][info][gc,stats    ]       Phase: Concurrent Relocate                           1.090 / 4.387         1.161 / 4.387         1.161 / 4.387         1.161 / 4.387       ms
[2026-06-17T10:22:48.526+0800][30.145s][info][gc,stats    ]       Phase: Concurrent Reset Relocation Set               0.004 / 0.008         0.004 / 0.024         0.004 / 0.024         0.004 / 0.024       ms
[2026-06-17T10:22:48.511+0800][30.130s][info][gc,phases   ] GC(289) Concurrent Prepare Relocation Set 0.016ms
[2026-06-17T10:22:48.526+0800][30.145s][info][gc,stats    ]       Phase: Concurrent Select Relocation Set              0.662 / 1.472         0.772 / 2.260         0.772 / 2.260         0.772 / 2.260       ms
[2026-06-17T10:22:48.527+0800][30.146s][info][gc,phases   ] GC(289) Pause Relocate Start 0.150ms
[2026-06-17T10:22:48.527+0800][30.146s][info][gc,stats    ]       Phase: Pause Mark End                                0.386 / 0.986         0.453 / 1.040         0.453 / 1.040         0.453 / 1.040       ms
[2026-06-17T10:22:48.528+0800][30.147s][info][gc,stats    ]       Phase: Pause Mark Start                              0.255 / 0.595         0.313 / 2.837         0.313 / 2.837         0.313 / 2.837       ms
[2026-06-17T10:22:48.528+0800][30.147s][info][gc,stats    ]       Phase: Pause Relocate Start                          0.181 / 0.392         0.205 / 0.490         0.205 / 0.490         0.205 / 0.490       ms
[2026-06-17T10:22:48.528+0800][30.147s][info][gc,stats    ]    Subphase: Concurrent Mark                               1.242 / 2.380         1.324 / 3.232         1.324 / 3.232         1.324 / 3.232       ms
[2026-06-17T10:22:48.529+0800][30.147s][info][gc,stats    ]    Subphase: Concurrent Mark Idle                          1.169 / 1.543         1.188 / 1.556         1.188 / 1.556         1.188 / 1.556       ms
[2026-06-17T10:22:48.529+0800][30.147s][info][gc,stats    ]    Subphase: Concurrent Mark Try Flush                     0.123 / 0.347         0.136 / 0.656         0.136 / 0.656         0.136 / 0.656       ms
[2026-06-17T10:22:48.529+0800][30.147s][info][gc,stats    ]    Subphase: Concurrent Mark Try Terminate                 0.608 / 1.549         0.621 / 1.560         0.621 / 1.560         0.621 / 1.560       ms
[2026-06-17T10:22:48.529+0800][30.148s][info][gc,stats    ]    Subphase: Concurrent References Enqueue                 0.000 / 0.001         0.000 / 0.001         0.000 / 0.001         0.000 / 0.001       ms
[2026-06-17T10:22:48.529+0800][30.148s][info][gc,stats    ]    Subphase: Concurrent References Process                 0.068 / 0.215         0.087 / 0.305         0.087 / 0.305         0.087 / 0.305       ms
[2026-06-17T10:22:48.529+0800][30.148s][info][gc,stats    ]    Subphase: Concurrent Weak Roots                         0.016 / 0.088         0.018 / 0.156         0.018 / 0.156         0.018 / 0.156       ms
[2026-06-17T10:22:48.529+0800][30.148s][info][gc,stats    ]    Subphase: Concurrent Weak Roots JNIWeakHandles          0.000 / 0.001         0.000 / 0.001         0.000 / 0.001         0.000 / 0.001       ms
[2026-06-17T10:22:48.529+0800][30.148s][info][gc,stats    ]    Subphase: Concurrent Weak Roots StringTable             0.019 / 0.085         0.022 / 0.150         0.022 / 0.150         0.022 / 0.150       ms
[2026-06-17T10:22:48.529+0800][30.148s][info][gc,stats    ]    Subphase: Concurrent Weak Roots VMWeakHandles           0.002 / 0.006         0.002 / 0.008         0.002 / 0.008         0.002 / 0.008       ms
[2026-06-17T10:22:48.529+0800][30.148s][info][gc,stats    ]    Subphase: Pause Mark Try Complete                       0.000 / 0.000         0.000 / 0.000         0.000 / 0.000         0.000 / 0.000       ms
[2026-06-17T10:22:48.530+0800][30.148s][info][gc,stats    ]    Subphase: Pause Remap TLABS                             0.001 / 0.001         0.001 / 0.016         0.001 / 0.016         0.001 / 0.016       ms
[2026-06-17T10:22:48.530+0800][30.148s][info][gc,stats    ]    Subphase: Pause Retire TLABS                            0.006 / 0.013         0.007 / 0.035         0.007 / 0.035         0.007 / 0.035       ms
[2026-06-17T10:22:48.530+0800][30.148s][info][gc,stats    ]    Subphase: Pause Roots                                   0.005 / 0.118         0.005 / 0.267         0.005 / 0.267         0.005 / 0.267       ms
[2026-06-17T10:22:48.530+0800][30.149s][info][gc,stats    ]    Subphase: Pause Roots ClassLoaderDataGraph              0.015 / 0.082         0.016 / 0.142         0.016 / 0.142         0.016 / 0.142       ms
[2026-06-17T10:22:48.530+0800][30.149s][info][gc,stats    ]    Subphase: Pause Roots CodeCache                         0.007 / 0.055         0.008 / 0.055         0.008 / 0.055         0.008 / 0.055       ms
[2026-06-17T10:22:48.529+0800][30.148s][info][gc,phases   ] GC(289) Concurrent Relocate 1.676ms
[2026-06-17T10:22:48.530+0800][30.149s][info][gc,stats    ]    Subphase: Pause Roots JNIHandles                        0.001 / 0.008         0.002 / 0.062         0.002 / 0.062         0.002 / 0.062       ms
[2026-06-17T10:22:48.530+0800][30.149s][info][gc,stats    ]    Subphase: Pause Roots JNIWeakHandles                    0.000 / 0.000         0.000 / 0.000         0.000 / 0.000         0.000 / 0.000       ms
[2026-06-17T10:22:48.530+0800][30.149s][info][gc,stats    ]    Subphase: Pause Roots JRFWeak                           0.000 / 0.000         0.000 / 0.000         0.000 / 0.000         0.000 / 0.000       ms
[2026-06-17T10:22:48.530+0800][30.149s][info][gc,load     ] GC(289) Load: 0.18/0.20/0.27
[2026-06-17T10:22:48.531+0800][30.149s][info][gc,mmu      ] GC(289) MMU: 2ms/0.0%, 5ms/43.3%, 10ms/66.9%, 20ms/83.5%, 50ms/93.4%, 100ms/96.6%
[2026-06-17T10:22:48.531+0800][30.150s][info][gc,marking  ] GC(289) Mark: 2 stripe(s), 2 proactive flush(es), 1 terminate flush(es), 0 completion(s), 0 continuation(s) 
[2026-06-17T10:22:48.531+0800][30.150s][info][gc,reloc    ] GC(289) Relocation: Successful, 24M relocated
[2026-06-17T10:22:48.531+0800][30.150s][info][gc,nmethod  ] GC(289) NMethods: 23 registered, 0 unregistered
[2026-06-17T10:22:48.531+0800][30.149s][info][gc,stats    ]    Subphase: Pause Roots JVMTIExport                       0.001 / 0.002         0.001 / 0.002         0.001 / 0.002         0.001 / 0.002       ms
[2026-06-17T10:22:48.531+0800][30.150s][info][gc,metaspace] GC(289) Metaspace: 3M used, 4M capacity, 4M committed, 8M reserved
[2026-06-17T10:22:48.532+0800][30.150s][info][gc,stats    ]    Subphase: Pause Roots JVMTIWeakExport                   0.000 / 0.001         0.000 / 0.001         0.000 / 0.001         0.000 / 0.001       ms
[2026-06-17T10:22:48.532+0800][30.150s][info][gc,ref      ] GC(289) Soft: 43 encountered, 0 discovered, 0 enqueued
[2026-06-17T10:22:48.532+0800][30.151s][info][gc,ref      ] GC(289) Weak: 7 encountered, 2 discovered, 0 enqueued
[2026-06-17T10:22:48.532+0800][30.151s][info][gc,ref      ] GC(289) Final: 0 encountered, 0 discovered, 0 enqueued
[2026-06-17T10:22:48.532+0800][30.151s][info][gc,ref      ] GC(289) Phantom: 1 encountered, 1 discovered, 0 enqueued
[2026-06-17T10:22:48.532+0800][30.151s][info][gc,heap     ] GC(289)                Mark Start          Mark End        Relocate Start      Relocate End           High               Low         
[2026-06-17T10:22:48.532+0800][30.151s][info][gc,heap     ] GC(289)  Capacity:      256M (100%)        256M (100%)        256M (100%)        256M (100%)        256M (100%)        256M (100%)   
[2026-06-17T10:22:48.532+0800][30.151s][info][gc,stats    ]    Subphase: Pause Roots Management                        0.001 / 0.004         0.002 / 0.005         0.002 / 0.005         0.002 / 0.005       ms
[2026-06-17T10:22:48.532+0800][30.151s][info][gc,stats    ]    Subphase: Pause Roots ObjectSynchronizer                0.000 / 0.001         0.000 / 0.001         0.000 / 0.001         0.000 / 0.001       ms
[2026-06-17T10:22:48.533+0800][30.151s][info][gc,stats    ]    Subphase: Pause Roots Setup                             0.001 / 0.002         0.001 / 0.005         0.001 / 0.005         0.001 / 0.005       ms
[2026-06-17T10:22:48.533+0800][30.151s][info][gc,stats    ]    Subphase: Pause Roots StringTable                       0.000 / 0.000         0.000 / 0.000         0.000 / 0.000         0.000 / 0.000       ms
[2026-06-17T10:22:48.533+0800][30.151s][info][gc,stats    ]    Subphase: Pause Roots SystemDictionary                  0.002 / 0.005         0.002 / 0.017         0.002 / 0.017         0.002 / 0.017       ms
[2026-06-17T10:22:48.532+0800][30.151s][info][gc,heap     ] GC(289)   Reserve:       62M (24%)          62M (24%)          62M (24%)          62M (24%)          62M (24%)          62M (24%)    
[2026-06-17T10:22:48.533+0800][30.152s][info][gc,stats    ]    Subphase: Pause Roots Teardown                          0.001 / 0.003         0.001 / 0.009         0.001 / 0.009         0.001 / 0.009       ms
[2026-06-17T10:22:48.533+0800][30.152s][info][gc,stats    ]    Subphase: Pause Roots Threads                           0.014 / 0.075         0.016 / 0.263         0.016 / 0.263         0.016 / 0.263       ms
[2026-06-17T10:22:48.533+0800][30.152s][info][gc,heap     ] GC(289)      Free:       80M (31%)          76M (30%)          60M (23%)         130M (51%)         130M (51%)          36M (14%)    
[2026-06-17T10:22:48.533+0800][30.152s][info][gc,heap     ] GC(289)      Used:      114M (45%)         118M (46%)         134M (52%)          64M (25%)         158M (62%)          64M (25%)    
[2026-06-17T10:22:48.533+0800][30.152s][info][gc,heap     ] GC(289)      Live:         -                24M (10%)          24M (10%)          24M (10%)            -                  -          
[2026-06-17T10:22:48.533+0800][30.152s][info][gc,stats    ]    Subphase: Pause Roots Universe                          0.004 / 0.011         0.005 / 0.084         0.005 / 0.084         0.005 / 0.084       ms
[2026-06-17T10:22:48.534+0800][30.152s][info][gc,stats    ]    Subphase: Pause Roots VMWeakHandles                     0.000 / 0.000         0.000 / 0.000         0.000 / 0.000         0.000 / 0.000       ms
[2026-06-17T10:22:48.534+0800][30.152s][info][gc,stats    ]    Subphase: Pause Weak Roots                              0.000 / 0.005         0.000 / 0.013         0.000 / 0.013         0.000 / 0.013       ms
[2026-06-17T10:22:48.533+0800][30.152s][info][gc,heap     ] GC(289) Allocated:         -                 4M (2%)           52M (20%)          62M (24%)            -                  -          
[2026-06-17T10:22:48.534+0800][30.152s][info][gc,stats    ]    Subphase: Pause Weak Roots JFRWeak                      0.001 / 0.001         0.001 / 0.002         0.001 / 0.002         0.001 / 0.002       ms
[2026-06-17T10:22:48.534+0800][30.153s][info][gc,heap     ] GC(289)   Garbage:         -                89M (35%)          57M (22%)    17592186044403M (6         -                  -          
[2026-06-17T10:22:48.534+0800][30.153s][info][gc,heap     ] GC(289) Reclaimed:         -                  -                32M (12%)         102M (40%)            -                  -          
[2026-06-17T10:22:48.534+0800][30.153s][info][gc,stats    ]    Subphase: Pause Weak Roots JNIWeakHandles               0.000 / 0.000         0.000 / 0.000         0.000 / 0.000         0.000 / 0.000       ms
[2026-06-17T10:22:48.534+0800][30.153s][info][gc,stats    ]    Subphase: Pause Weak Roots JVMTIWeakExport              0.001 / 0.001         0.001 / 0.004         0.001 / 0.004         0.001 / 0.004       ms
[2026-06-17T10:22:48.534+0800][30.153s][info][gc,stats    ]    Subphase: Pause Weak Roots Setup                        0.000 / 0.000         0.000 / 0.000         0.000 / 0.000         0.000 / 0.000       ms
[2026-06-17T10:22:48.534+0800][30.153s][info][gc          ] GC(289) Garbage Collection (Allocation Rate) 114M(45%)->64M(25%)
[2026-06-17T10:22:48.535+0800][30.153s][info][gc,stats    ]    Subphase: Pause Weak Roots StringTable                  0.000 / 0.000         0.000 / 0.000         0.000 / 0.000         0.000 / 0.000       ms
[2026-06-17T10:22:48.535+0800][30.153s][info][gc,stats    ]    Subphase: Pause Weak Roots SymbolTable                  0.000 / 0.000         0.000 / 0.000         0.000 / 0.000         0.000 / 0.000       ms
[2026-06-17T10:22:48.535+0800][30.154s][info][gc,stats    ]    Subphase: Pause Weak Roots Teardown                     0.001 / 0.001         0.001 / 0.002         0.001 / 0.002         0.001 / 0.002       ms
[2026-06-17T10:22:48.535+0800][30.154s][info][gc,stats    ]    Subphase: Pause Weak Roots VMWeakHandles                0.000 / 0.000         0.000 / 0.000         0.000 / 0.000         0.000 / 0.000       ms
[2026-06-17T10:22:48.535+0800][30.154s][info][gc,stats    ]      System: Java Threads                                     10 / 10                9 / 10                9 / 10                9 / 10          threads
[2026-06-17T10:22:48.535+0800][30.154s][info][gc,stats    ] =========================================================================================================================================================
[2026-06-17T10:22:48.563+0800][30.182s][info][gc,start    ] GC(290) Garbage Collection (Allocation Rate)
[2026-06-17T10:22:48.564+0800][30.183s][info][gc,phases   ] GC(290) Pause Mark Start 0.266ms
[2026-06-17T10:22:48.566+0800][30.185s][info][gc,phases   ] GC(290) Concurrent Mark 1.730ms
[2026-06-17T10:22:48.567+0800][30.185s][info][gc,phases   ] GC(290) Pause Mark End 0.293ms
[2026-06-17T10:22:48.567+0800][30.186s][info][gc,phases   ] GC(290) Concurrent Process Non-Strong References 0.181ms
[2026-06-17T10:22:48.567+0800][30.186s][info][gc,phases   ] GC(290) Concurrent Reset Relocation Set 0.002ms
[2026-06-17T10:22:48.568+0800][30.186s][info][gc,phases   ] GC(290) Concurrent Destroy Detached Pages 0.001ms
[2026-06-17T10:22:48.568+0800][30.187s][info][gc,phases   ] GC(290) Concurrent Select Relocation Set 0.532ms
[2026-06-17T10:22:48.569+0800][30.187s][info][gc,phases   ] GC(290) Concurrent Prepare Relocation Set 0.002ms
[2026-06-17T10:22:48.569+0800][30.188s][info][gc,phases   ] GC(290) Pause Relocate Start 0.143ms
[2026-06-17T10:22:48.569+0800][30.188s][info][gc,phases   ] GC(290) Concurrent Relocate 0.257ms
[2026-06-17T10:22:48.570+0800][30.188s][info][gc,load     ] GC(290) Load: 0.18/0.20/0.27
[2026-06-17T10:22:48.570+0800][30.188s][info][gc,mmu      ] GC(290) MMU: 2ms/0.0%, 5ms/43.3%, 10ms/66.9%, 20ms/83.5%, 50ms/93.4%, 100ms/96.6%
[2026-06-17T10:22:48.570+0800][30.189s][info][gc,marking  ] GC(290) Mark: 2 stripe(s), 1 proactive flush(es), 1 terminate flush(es), 0 completion(s), 0 continuation(s) 
[2026-06-17T10:22:48.570+0800][30.189s][info][gc,reloc    ] GC(290) Relocation: Successful, 27M relocated
[2026-06-17T10:22:48.570+0800][30.189s][info][gc,nmethod  ] GC(290) NMethods: 23 registered, 0 unregistered
[2026-06-17T10:22:48.570+0800][30.189s][info][gc,metaspace] GC(290) Metaspace: 3M used, 4M capacity, 4M committed, 8M reserved
[2026-06-17T10:22:48.570+0800][30.189s][info][gc,ref      ] GC(290) Soft: 43 encountered, 0 discovered, 0 enqueued
[2026-06-17T10:22:48.570+0800][30.189s][info][gc,ref      ] GC(290) Weak: 7 encountered, 0 discovered, 0 enqueued
[2026-06-17T10:22:48.570+0800][30.189s][info][gc,ref      ] GC(290) Final: 0 encountered, 0 discovered, 0 enqueued
[2026-06-17T10:22:48.570+0800][30.189s][info][gc,ref      ] GC(290) Phantom: 1 encountered, 1 discovered, 0 enqueued
[2026-06-17T10:22:48.571+0800][30.189s][info][gc,heap     ] GC(290)                Mark Start          Mark End        Relocate Start      Relocate End           High               Low         
[2026-06-17T10:22:48.571+0800][30.189s][info][gc,heap     ] GC(290)  Capacity:      256M (100%)        256M (100%)        256M (100%)        256M (100%)        256M (100%)        256M (100%)   
[2026-06-17T10:22:48.571+0800][30.190s][info][gc,heap     ] GC(290)   Reserve:       62M (24%)          62M (24%)          62M (24%)          62M (24%)          62M (24%)          62M (24%)    
[2026-06-17T10:22:48.571+0800][30.190s][info][gc,heap     ] GC(290)      Free:      118M (46%)         118M (46%)         138M (54%)         148M (58%)         148M (58%)         118M (46%)    
[2026-06-17T10:22:48.571+0800][30.190s][info][gc,heap     ] GC(290)      Used:       76M (30%)          76M (30%)          56M (22%)          46M (18%)          76M (30%)          46M (18%)    
[2026-06-17T10:22:48.571+0800][30.190s][info][gc,heap     ] GC(290)      Live:         -                29M (12%)          29M (12%)          29M (12%)            -                  -          
[2026-06-17T10:22:48.571+0800][30.190s][info][gc,heap     ] GC(290) Allocated:         -                 0M (0%)            4M (2%)           10M (4%)             -                  -          
[2026-06-17T10:22:48.571+0800][30.190s][info][gc,heap     ] GC(290)   Garbage:         -                46M (18%)          22M (9%)           12M (5%)             -                  -          
[2026-06-17T10:22:48.571+0800][30.190s][info][gc,heap     ] GC(290) Reclaimed:         -                  -                24M (9%)           34M (13%)            -                  -          
[2026-06-17T10:22:48.571+0800][30.190s][info][gc          ] GC(290) Garbage Collection (Allocation Rate) 76M(30%)->46M(18%)
[2026-06-17T10:22:48.662+0800][30.281s][info][gc,start    ] GC(291) Garbage Collection (Allocation Rate)
[2026-06-17T10:22:48.663+0800][30.282s][info][gc,phases   ] GC(291) Pause Mark Start 0.161ms
[2026-06-17T10:22:48.665+0800][30.284s][info][gc,phases   ] GC(291) Concurrent Mark 1.472ms
[2026-06-17T10:22:48.666+0800][30.284s][info][gc,phases   ] GC(291) Pause Mark End 0.243ms
[2026-06-17T10:22:48.666+0800][30.285s][info][gc,phases   ] GC(291) Concurrent Process Non-Strong References 0.068ms
[2026-06-17T10:22:48.666+0800][30.285s][info][gc,phases   ] GC(291) Concurrent Reset Relocation Set 0.001ms
[2026-06-17T10:22:48.666+0800][30.285s][info][gc,phases   ] GC(291) Concurrent Destroy Detached Pages 0.001ms
[2026-06-17T10:22:48.667+0800][30.286s][info][gc,phases   ] GC(291) Concurrent Select Relocation Set 0.498ms
[2026-06-17T10:22:48.668+0800][30.286s][info][gc,phases   ] GC(291) Concurrent Prepare Relocation Set 0.009ms
[2026-06-17T10:22:48.668+0800][30.287s][info][gc,phases   ] GC(291) Pause Relocate Start 0.128ms
[2026-06-17T10:22:48.670+0800][30.289s][info][gc,phases   ] GC(291) Concurrent Relocate 1.540ms
[2026-06-17T10:22:48.670+0800][30.289s][info][gc,load     ] GC(291) Load: 0.17/0.20/0.27
[2026-06-17T10:22:48.671+0800][30.290s][info][gc,mmu      ] GC(291) MMU: 2ms/0.0%, 5ms/43.3%, 10ms/66.9%, 20ms/83.5%, 50ms/93.4%, 100ms/96.6%
[2026-06-17T10:22:48.671+0800][30.290s][info][gc,marking  ] GC(291) Mark: 2 stripe(s), 1 proactive flush(es), 1 terminate flush(es), 0 completion(s), 0 continuation(s) 
[2026-06-17T10:22:48.671+0800][30.290s][info][gc,reloc    ] GC(291) Relocation: Successful, 20M relocated
[2026-06-17T10:22:48.671+0800][30.290s][info][gc,nmethod  ] GC(291) NMethods: 23 registered, 0 unregistered
[2026-06-17T10:22:48.671+0800][30.290s][info][gc,metaspace] GC(291) Metaspace: 3M used, 4M capacity, 4M committed, 8M reserved
[2026-06-17T10:22:48.672+0800][30.290s][info][gc,ref      ] GC(291) Soft: 43 encountered, 0 discovered, 0 enqueued
[2026-06-17T10:22:48.672+0800][30.291s][info][gc,ref      ] GC(291) Weak: 7 encountered, 2 discovered, 0 enqueued
[2026-06-17T10:22:48.672+0800][30.291s][info][gc,ref      ] GC(291) Final: 0 encountered, 0 discovered, 0 enqueued
[2026-06-17T10:22:48.672+0800][30.291s][info][gc,ref      ] GC(291) Phantom: 1 encountered, 1 discovered, 0 enqueued
[2026-06-17T10:22:48.672+0800][30.291s][info][gc,heap     ] GC(291)                Mark Start          Mark End        Relocate Start      Relocate End           High               Low         
[2026-06-17T10:22:48.673+0800][30.291s][info][gc,heap     ] GC(291)  Capacity:      256M (100%)        256M (100%)        256M (100%)        256M (100%)        256M (100%)        256M (100%)   
[2026-06-17T10:22:48.673+0800][30.292s][info][gc,heap     ] GC(291)   Reserve:       62M (24%)          62M (24%)          62M (24%)          62M (24%)          62M (24%)          62M (24%)    
[2026-06-17T10:22:48.673+0800][30.292s][info][gc,heap     ] GC(291)      Free:       80M (31%)          80M (31%)         110M (43%)         152M (59%)         152M (59%)          72M (28%)    
[2026-06-17T10:22:48.673+0800][30.292s][info][gc,heap     ] GC(291)      Used:      114M (45%)         114M (45%)          84M (33%)          42M (16%)         122M (48%)          42M (16%)    
[2026-06-17T10:22:48.673+0800][30.292s][info][gc,heap     ] GC(291)      Live:         -                20M (8%)           20M (8%)           20M (8%)             -                  -          
[2026-06-17T10:22:48.673+0800][30.292s][info][gc,heap     ] GC(291) Allocated:         -                 0M (0%)            0M (0%)           40M (16%)            -                  -          
[2026-06-17T10:22:48.673+0800][30.292s][info][gc,heap     ] GC(291)   Garbage:         -                93M (36%)          63M (25%)          21M (8%)             -                  -          
[2026-06-17T10:22:48.673+0800][30.292s][info][gc,heap     ] GC(291) Reclaimed:         -                  -                30M (12%)          72M (28%)            -                  -          
[2026-06-17T10:22:48.673+0800][30.292s][info][gc          ] GC(291) Garbage Collection (Allocation Rate) 114M(45%)->42M(16%)
[2026-06-17T10:22:48.763+0800][30.381s][info][gc,start    ] GC(292) Garbage Collection (Allocation Rate)
[2026-06-17T10:22:48.765+0800][30.383s][info][gc,phases   ] GC(292) Pause Mark Start 0.158ms
[2026-06-17T10:22:48.768+0800][30.386s][info][gc,phases   ] GC(292) Concurrent Mark 1.661ms
[2026-06-17T10:22:48.777+0800][30.395s][info][gc,phases   ] GC(292) Pause Mark End 0.336ms
[2026-06-17T10:22:48.777+0800][30.396s][info][gc,phases   ] GC(292) Concurrent Process Non-Strong References 0.127ms
[2026-06-17T10:22:48.779+0800][30.397s][info][gc,phases   ] GC(292) Concurrent Reset Relocation Set 0.004ms
[2026-06-17T10:22:48.779+0800][30.398s][info][gc,phases   ] GC(292) Concurrent Destroy Detached Pages 0.001ms
[2026-06-17T10:22:48.780+0800][30.399s][info][gc,phases   ] GC(292) Concurrent Select Relocation Set 0.625ms
[2026-06-17T10:22:48.780+0800][30.399s][info][gc,phases   ] GC(292) Concurrent Prepare Relocation Set 0.003ms
[2026-06-17T10:22:48.781+0800][30.399s][info][gc,phases   ] GC(292) Pause Relocate Start 0.160ms
[2026-06-17T10:22:48.781+0800][30.400s][info][gc,phases   ] GC(292) Concurrent Relocate 0.324ms
[2026-06-17T10:22:48.781+0800][30.400s][info][gc,load     ] GC(292) Load: 0.17/0.20/0.27
[2026-06-17T10:22:48.781+0800][30.400s][info][gc,mmu      ] GC(292) MMU: 2ms/0.0%, 5ms/43.3%, 10ms/66.9%, 20ms/83.5%, 50ms/93.4%, 100ms/96.6%
[2026-06-17T10:22:48.782+0800][30.400s][info][gc,marking  ] GC(292) Mark: 2 stripe(s), 1 proactive flush(es), 1 terminate flush(es), 0 completion(s), 0 continuation(s) 
[2026-06-17T10:22:48.782+0800][30.401s][info][gc,reloc    ] GC(292) Relocation: Successful, 22M relocated
[2026-06-17T10:22:48.782+0800][30.401s][info][gc,nmethod  ] GC(292) NMethods: 23 registered, 0 unregistered
[2026-06-17T10:22:48.782+0800][30.401s][info][gc,metaspace] GC(292) Metaspace: 3M used, 4M capacity, 4M committed, 8M reserved
[2026-06-17T10:22:48.782+0800][30.401s][info][gc,ref      ] GC(292) Soft: 43 encountered, 0 discovered, 0 enqueued
[2026-06-17T10:22:48.783+0800][30.401s][info][gc,ref      ] GC(292) Weak: 7 encountered, 2 discovered, 0 enqueued
[2026-06-17T10:22:48.783+0800][30.401s][info][gc,ref      ] GC(292) Final: 0 encountered, 0 discovered, 0 enqueued
[2026-06-17T10:22:48.783+0800][30.402s][info][gc,ref      ] GC(292) Phantom: 1 encountered, 1 discovered, 0 enqueued
[2026-06-17T10:22:48.783+0800][30.402s][info][gc,heap     ] GC(292)                Mark Start          Mark End        Relocate Start      Relocate End           High               Low         
[2026-06-17T10:22:48.783+0800][30.402s][info][gc,heap     ] GC(292)  Capacity:      256M (100%)        256M (100%)        256M (100%)        256M (100%)        256M (100%)        256M (100%)   
[2026-06-17T10:22:48.783+0800][30.402s][info][gc,heap     ] GC(292)   Reserve:       62M (24%)          62M (24%)          62M (24%)          62M (24%)          62M (24%)          62M (24%)    
[2026-06-17T10:22:48.783+0800][30.402s][info][gc,heap     ] GC(292)      Free:      116M (45%)         112M (44%)         100M (39%)         108M (42%)         116M (45%)          74M (29%)    
[2026-06-17T10:22:48.784+0800][30.402s][info][gc,heap     ] GC(292)      Used:       78M (30%)          82M (32%)          94M (37%)          86M (34%)         120M (47%)          78M (30%)    
[2026-06-17T10:22:48.784+0800][30.402s][info][gc,heap     ] GC(292)      Live:         -                25M (10%)          25M (10%)          25M (10%)            -                  -          
[2026-06-17T10:22:48.784+0800][30.403s][info][gc,heap     ] GC(292) Allocated:         -                 4M (2%)           42M (16%)          50M (20%)            -                  -          
[2026-06-17T10:22:48.784+0800][30.403s][info][gc,heap     ] GC(292)   Garbage:         -                52M (20%)          26M (10%)          18M (7%)             -                  -          
[2026-06-17T10:22:48.784+0800][30.403s][info][gc,heap     ] GC(292) Reclaimed:         -                  -                26M (10%)          34M (13%)            -                  -          
[2026-06-17T10:22:48.784+0800][30.403s][info][gc          ] GC(292) Garbage Collection (Allocation Rate) 78M(30%)->86M(34%)
[2026-06-17T10:22:48.863+0800][30.482s][info][gc,start    ] GC(293) Garbage Collection (Allocation Rate)
[2026-06-17T10:22:48.864+0800][30.482s][info][gc,phases   ] GC(293) Pause Mark Start 0.166ms
[2026-06-17T10:22:48.865+0800][30.484s][info][gc,phases   ] GC(293) Concurrent Mark 1.433ms
[2026-06-17T10:22:48.866+0800][30.485s][info][gc,phases   ] GC(293) Pause Mark End 0.279ms
[2026-06-17T10:22:48.867+0800][30.485s][info][gc,phases   ] GC(293) Concurrent Process Non-Strong References 0.104ms
[2026-06-17T10:22:48.867+0800][30.485s][info][gc,phases   ] GC(293) Concurrent Reset Relocation Set 0.002ms
[2026-06-17T10:22:48.867+0800][30.486s][info][gc,phases   ] GC(293) Concurrent Destroy Detached Pages 0.001ms
[2026-06-17T10:22:48.868+0800][30.486s][info][gc,phases   ] GC(293) Concurrent Select Relocation Set 0.492ms
[2026-06-17T10:22:48.868+0800][30.487s][info][gc,phases   ] GC(293) Concurrent Prepare Relocation Set 0.006ms
[2026-06-17T10:22:48.868+0800][30.487s][info][gc,phases   ] GC(293) Pause Relocate Start 0.148ms
[2026-06-17T10:22:48.870+0800][30.489s][info][gc,phases   ] GC(293) Concurrent Relocate 1.565ms
[2026-06-17T10:22:48.871+0800][30.489s][info][gc,load     ] GC(293) Load: 0.17/0.20/0.27
[2026-06-17T10:22:48.871+0800][30.490s][info][gc,mmu      ] GC(293) MMU: 2ms/0.0%, 5ms/43.3%, 10ms/66.9%, 20ms/83.5%, 50ms/93.4%, 100ms/96.6%
[2026-06-17T10:22:48.872+0800][30.490s][info][gc,marking  ] GC(293) Mark: 2 stripe(s), 1 proactive flush(es), 1 terminate flush(es), 0 completion(s), 0 continuation(s) 
[2026-06-17T10:22:48.873+0800][30.491s][info][gc,reloc    ] GC(293) Relocation: Successful, 19M relocated
[2026-06-17T10:22:48.885+0800][30.504s][info][gc,nmethod  ] GC(293) NMethods: 23 registered, 0 unregistered
[2026-06-17T10:22:48.905+0800][30.524s][info][gc,metaspace] GC(293) Metaspace: 3M used, 4M capacity, 4M committed, 8M reserved
[2026-06-17T10:22:48.915+0800][30.534s][info][gc,ref      ] GC(293) Soft: 43 encountered, 0 discovered, 0 enqueued
[2026-06-17T10:22:48.918+0800][30.536s][info][gc,ref      ] GC(293) Weak: 7 encountered, 2 discovered, 0 enqueued
[2026-06-17T10:22:48.918+0800][30.537s][info][gc,ref      ] GC(293) Final: 0 encountered, 0 discovered, 0 enqueued
[2026-06-17T10:22:48.921+0800][30.540s][info][gc,ref      ] GC(293) Phantom: 1 encountered, 1 discovered, 0 enqueued
[2026-06-17T10:22:48.925+0800][30.544s][info][gc,heap     ] GC(293)                Mark Start          Mark End        Relocate Start      Relocate End           High               Low         
[2026-06-17T10:22:48.927+0800][30.545s][info][gc,heap     ] GC(293)  Capacity:      256M (100%)        256M (100%)        256M (100%)        256M (100%)        256M (100%)        256M (100%)   
[2026-06-17T10:22:48.929+0800][30.548s][info][gc,heap     ] GC(293)   Reserve:       62M (24%)          62M (24%)          62M (24%)          62M (24%)          62M (24%)          62M (24%)    
[2026-06-17T10:22:48.930+0800][30.549s][info][gc,heap     ] GC(293)      Free:       78M (30%)          78M (30%)         106M (41%)         148M (58%)         148M (58%)          68M (27%)    
[2026-06-17T10:22:48.938+0800][30.556s][info][gc,heap     ] GC(293)      Used:      116M (45%)         116M (45%)          88M (34%)          46M (18%)         126M (49%)          46M (18%)    
[2026-06-17T10:22:48.938+0800][30.557s][info][gc,heap     ] GC(293)      Live:         -                23M (9%)           23M (9%)           23M (9%)             -                  -          
[2026-06-17T10:22:48.938+0800][30.557s][info][gc,heap     ] GC(293) Allocated:         -                 0M (0%)            0M (0%)           42M (16%)            -                  -          
[2026-06-17T10:22:48.938+0800][30.557s][info][gc,heap     ] GC(293)   Garbage:         -                92M (36%)          64M (25%)          22M (9%)             -                  -          
[2026-06-17T10:22:48.939+0800][30.557s][info][gc,heap     ] GC(293) Reclaimed:         -                  -                28M (11%)          70M (27%)            -                  -          
[2026-06-17T10:22:48.939+0800][30.558s][info][gc          ] GC(293) Garbage Collection (Allocation Rate) 116M(45%)->46M(18%)
[2026-06-17T10:22:48.963+0800][30.582s][info][gc,start    ] GC(294) Garbage Collection (Allocation Rate)
[2026-06-17T10:22:48.964+0800][30.583s][info][gc,phases   ] GC(294) Pause Mark Start 0.204ms
[2026-06-17T10:22:48.965+0800][30.584s][info][gc,phases   ] GC(294) Concurrent Mark 1.468ms
[2026-06-17T10:22:48.966+0800][30.585s][info][gc,phases   ] GC(294) Pause Mark End 0.294ms
[2026-06-17T10:22:48.966+0800][30.585s][info][gc,phases   ] GC(294) Concurrent Process Non-Strong References 0.113ms
[2026-06-17T10:22:48.967+0800][30.585s][info][gc,phases   ] GC(294) Concurrent Reset Relocation Set 0.003ms
[2026-06-17T10:22:48.967+0800][30.586s][info][gc,phases   ] GC(294) Concurrent Destroy Detached Pages 0.002ms
[2026-06-17T10:22:48.967+0800][30.586s][info][gc,phases   ] GC(294) Concurrent Select Relocation Set 0.512ms
[2026-06-17T10:22:48.967+0800][30.586s][info][gc,phases   ] GC(294) Concurrent Prepare Relocation Set 0.012ms
[2026-06-17T10:22:48.968+0800][30.587s][info][gc,phases   ] GC(294) Pause Relocate Start 0.177ms
[2026-06-17T10:22:48.969+0800][30.587s][info][gc,phases   ] GC(294) Concurrent Relocate 0.363ms
[2026-06-17T10:22:48.969+0800][30.587s][info][gc,load     ] GC(294) Load: 0.17/0.20/0.27
[2026-06-17T10:22:48.969+0800][30.588s][info][gc,mmu      ] GC(294) MMU: 2ms/0.0%, 5ms/43.3%, 10ms/66.9%, 20ms/83.5%, 50ms/93.4%, 100ms/96.6%
[2026-06-17T10:22:48.969+0800][30.588s][info][gc,marking  ] GC(294) Mark: 2 stripe(s), 1 proactive flush(es), 1 terminate flush(es), 0 completion(s), 0 continuation(s) 
[2026-06-17T10:22:48.969+0800][30.588s][info][gc,reloc    ] GC(294) Relocation: Successful, 18M relocated
[2026-06-17T10:22:48.969+0800][30.588s][info][gc,nmethod  ] GC(294) NMethods: 23 registered, 0 unregistered
[2026-06-17T10:22:48.969+0800][30.588s][info][gc,metaspace] GC(294) Metaspace: 3M used, 4M capacity, 4M committed, 8M reserved
[2026-06-17T10:22:48.969+0800][30.588s][info][gc,ref      ] GC(294) Soft: 43 encountered, 0 discovered, 0 enqueued
[2026-06-17T10:22:48.969+0800][30.588s][info][gc,ref      ] GC(294) Weak: 7 encountered, 2 discovered, 0 enqueued
[2026-06-17T10:22:48.969+0800][30.588s][info][gc,ref      ] GC(294) Final: 0 encountered, 0 discovered, 0 enqueued
[2026-06-17T10:22:48.970+0800][30.588s][info][gc,ref      ] GC(294) Phantom: 1 encountered, 1 discovered, 0 enqueued
[2026-06-17T10:22:48.970+0800][30.588s][info][gc,heap     ] GC(294)                Mark Start          Mark End        Relocate Start      Relocate End           High               Low         
[2026-06-17T10:22:48.970+0800][30.589s][info][gc,heap     ] GC(294)  Capacity:      256M (100%)        256M (100%)        256M (100%)        256M (100%)        256M (100%)        256M (100%)   
[2026-06-17T10:22:48.970+0800][30.589s][info][gc,heap     ] GC(294)   Reserve:       62M (24%)          62M (24%)          62M (24%)          62M (24%)          62M (24%)          62M (24%)    
[2026-06-17T10:22:48.970+0800][30.589s][info][gc,heap     ] GC(294)      Free:      112M (44%)          74M (29%)         102M (40%)         114M (45%)         114M (45%)          74M (29%)    
[2026-06-17T10:22:48.970+0800][30.589s][info][gc,heap     ] GC(294)      Used:       82M (32%)         120M (47%)          92M (36%)          80M (31%)         120M (47%)          80M (31%)    
[2026-06-17T10:22:48.970+0800][30.589s][info][gc,heap     ] GC(294)      Live:         -                20M (8%)           20M (8%)           20M (8%)             -                  -          
[2026-06-17T10:22:48.970+0800][30.589s][info][gc,heap     ] GC(294) Allocated:         -                38M (15%)          38M (15%)          44M (17%)            -                  -          
[2026-06-17T10:22:48.971+0800][30.589s][info][gc,heap     ] GC(294)   Garbage:         -                61M (24%)          33M (13%)          21M (8%)             -                  -          
[2026-06-17T10:22:48.971+0800][30.589s][info][gc,heap     ] GC(294) Reclaimed:         -                  -                28M (11%)          40M (16%)            -                  -          
[2026-06-17T10:22:48.971+0800][30.589s][info][gc          ] GC(294) Garbage Collection (Allocation Rate) 82M(32%)->80M(31%)
[2026-06-17T10:22:49.063+0800][30.682s][info][gc,start    ] GC(295) Garbage Collection (Allocation Rate)
[2026-06-17T10:22:49.064+0800][30.683s][info][gc,phases   ] GC(295) Pause Mark Start 0.296ms
[2026-06-17T10:22:49.067+0800][30.685s][info][gc,phases   ] GC(295) Concurrent Mark 1.744ms
[2026-06-17T10:22:49.068+0800][30.687s][info][gc,phases   ] GC(295) Pause Mark End 0.423ms
[2026-06-17T10:22:49.069+0800][30.687s][info][gc,phases   ] GC(295) Concurrent Process Non-Strong References 0.213ms
[2026-06-17T10:22:49.072+0800][30.690s][info][gc,phases   ] GC(295) Concurrent Reset Relocation Set 0.004ms
[2026-06-17T10:22:49.075+0800][30.694s][info][gc,phases   ] GC(295) Concurrent Destroy Detached Pages 0.001ms
[2026-06-17T10:22:49.077+0800][30.696s][info][gc,phases   ] GC(295) Concurrent Select Relocation Set 0.481ms
[2026-06-17T10:22:49.077+0800][30.696s][info][gc,phases   ] GC(295) Concurrent Prepare Relocation Set 0.016ms
[2026-06-17T10:22:49.078+0800][30.697s][info][gc,phases   ] GC(295) Pause Relocate Start 0.141ms
[2026-06-17T10:22:49.080+0800][30.699s][info][gc,phases   ] GC(295) Concurrent Relocate 1.933ms
[2026-06-17T10:22:49.080+0800][30.699s][info][gc,load     ] GC(295) Load: 0.17/0.20/0.27
[2026-06-17T10:22:49.081+0800][30.699s][info][gc,mmu      ] GC(295) MMU: 2ms/0.0%, 5ms/43.3%, 10ms/66.9%, 20ms/83.5%, 50ms/93.4%, 100ms/96.6%
[2026-06-17T10:22:49.081+0800][30.700s][info][gc,marking  ] GC(295) Mark: 2 stripe(s), 1 proactive flush(es), 1 terminate flush(es), 0 completion(s), 0 continuation(s) 
[2026-06-17T10:22:49.081+0800][30.700s][info][gc,reloc    ] GC(295) Relocation: Successful, 24M relocated
[2026-06-17T10:22:49.081+0800][30.700s][info][gc,nmethod  ] GC(295) NMethods: 23 registered, 0 unregistered
[2026-06-17T10:22:49.081+0800][30.700s][info][gc,metaspace] GC(295) Metaspace: 3M used, 4M capacity, 4M committed, 8M reserved
[2026-06-17T10:22:49.081+0800][30.700s][info][gc,ref      ] GC(295) Soft: 43 encountered, 0 discovered, 0 enqueued
[2026-06-17T10:22:49.082+0800][30.700s][info][gc,ref      ] GC(295) Weak: 7 encountered, 2 discovered, 0 enqueued
[2026-06-17T10:22:49.082+0800][30.700s][info][gc,ref      ] GC(295) Final: 0 encountered, 0 discovered, 0 enqueued
[2026-06-17T10:22:49.082+0800][30.701s][info][gc,ref      ] GC(295) Phantom: 1 encountered, 1 discovered, 0 enqueued
[2026-06-17T10:22:49.082+0800][30.701s][info][gc,heap     ] GC(295)                Mark Start          Mark End        Relocate Start      Relocate End           High               Low         
[2026-06-17T10:22:49.082+0800][30.701s][info][gc,heap     ] GC(295)  Capacity:      256M (100%)        256M (100%)        256M (100%)        256M (100%)        256M (100%)        256M (100%)   
[2026-06-17T10:22:49.082+0800][30.701s][info][gc,heap     ] GC(295)   Reserve:       62M (24%)          62M (24%)          62M (24%)          62M (24%)          62M (24%)          62M (24%)    
[2026-06-17T10:22:49.082+0800][30.701s][info][gc,heap     ] GC(295)      Free:       78M (30%)          78M (30%)         100M (39%)         136M (53%)         136M (53%)          62M (24%)    
[2026-06-17T10:22:49.083+0800][30.701s][info][gc,heap     ] GC(295)      Used:      116M (45%)         116M (45%)          94M (37%)          58M (23%)         132M (52%)          58M (23%)    
[2026-06-17T10:22:49.083+0800][30.701s][info][gc,heap     ] GC(295)      Live:         -                28M (11%)          28M (11%)          28M (11%)            -                  -          
[2026-06-17T10:22:49.083+0800][30.702s][info][gc,heap     ] GC(295) Allocated:         -                 0M (0%)            4M (2%)           50M (20%)            -                  -          
[2026-06-17T10:22:49.083+0800][30.702s][info][gc,heap     ] GC(295)   Garbage:         -                87M (34%)          61M (24%)          21M (9%)             -                  -          
[2026-06-17T10:22:49.083+0800][30.702s][info][gc,heap     ] GC(295) Reclaimed:         -                  -                26M (10%)          66M (26%)            -                  -          
[2026-06-17T10:22:49.083+0800][30.702s][info][gc          ] GC(295) Garbage Collection (Allocation Rate) 116M(45%)->58M(23%)
[2026-06-17T10:22:49.164+0800][30.782s][info][gc,start    ] GC(296) Garbage Collection (Allocation Rate)
[2026-06-17T10:22:49.165+0800][30.784s][info][gc,phases   ] GC(296) Pause Mark Start 0.469ms
[2026-06-17T10:22:49.168+0800][30.787s][info][gc,phases   ] GC(296) Concurrent Mark 2.252ms
[2026-06-17T10:22:49.170+0800][30.789s][info][gc,phases   ] GC(296) Pause Mark End 0.739ms
[2026-06-17T10:22:49.171+0800][30.789s][info][gc,phases   ] GC(296) Concurrent Process Non-Strong References 0.211ms
[2026-06-17T10:22:49.171+0800][30.790s][info][gc,phases   ] GC(296) Concurrent Reset Relocation Set 0.003ms
[2026-06-17T10:22:49.171+0800][30.790s][info][gc,phases   ] GC(296) Concurrent Destroy Detached Pages 0.002ms
[2026-06-17T10:22:49.172+0800][30.791s][info][gc,phases   ] GC(296) Concurrent Select Relocation Set 1.076ms
[2026-06-17T10:22:49.175+0800][30.793s][info][gc,phases   ] GC(296) Concurrent Prepare Relocation Set 0.002ms
[2026-06-17T10:22:49.176+0800][30.794s][info][gc,phases   ] GC(296) Pause Relocate Start 0.242ms
[2026-06-17T10:22:49.176+0800][30.795s][info][gc,phases   ] GC(296) Concurrent Relocate 0.265ms
[2026-06-17T10:22:49.176+0800][30.795s][info][gc,load     ] GC(296) Load: 0.17/0.20/0.27
[2026-06-17T10:22:49.177+0800][30.795s][info][gc,mmu      ] GC(296) MMU: 2ms/0.0%, 5ms/43.3%, 10ms/66.9%, 20ms/83.5%, 50ms/93.4%, 100ms/96.6%
[2026-06-17T10:22:49.177+0800][30.795s][info][gc,marking  ] GC(296) Mark: 2 stripe(s), 1 proactive flush(es), 1 terminate flush(es), 0 completion(s), 0 continuation(s) 
[2026-06-17T10:22:49.177+0800][30.796s][info][gc,reloc    ] GC(296) Relocation: Successful, 22M relocated
[2026-06-17T10:22:49.177+0800][30.796s][info][gc,nmethod  ] GC(296) NMethods: 23 registered, 0 unregistered
[2026-06-17T10:22:49.177+0800][30.796s][info][gc,metaspace] GC(296) Metaspace: 3M used, 4M capacity, 4M committed, 8M reserved
[2026-06-17T10:22:49.178+0800][30.796s][info][gc,ref      ] GC(296) Soft: 43 encountered, 0 discovered, 0 enqueued
[2026-06-17T10:22:49.178+0800][30.796s][info][gc,ref      ] GC(296) Weak: 7 encountered, 2 discovered, 0 enqueued
[2026-06-17T10:22:49.178+0800][30.797s][info][gc,ref      ] GC(296) Final: 0 encountered, 0 discovered, 0 enqueued
[2026-06-17T10:22:49.178+0800][30.797s][info][gc,ref      ] GC(296) Phantom: 1 encountered, 1 discovered, 0 enqueued
[2026-06-17T10:22:49.178+0800][30.797s][info][gc,heap     ] GC(296)                Mark Start          Mark End        Relocate Start      Relocate End           High               Low         
[2026-06-17T10:22:49.178+0800][30.797s][info][gc,heap     ] GC(296)  Capacity:      256M (100%)        256M (100%)        256M (100%)        256M (100%)        256M (100%)        256M (100%)   
[2026-06-17T10:22:49.178+0800][30.797s][info][gc,heap     ] GC(296)   Reserve:       62M (24%)          62M (24%)          62M (24%)          62M (24%)          62M (24%)          62M (24%)    
[2026-06-17T10:22:49.179+0800][30.797s][info][gc,heap     ] GC(296)      Free:      106M (41%)         106M (41%)         138M (54%)         146M (57%)         146M (57%)         106M (41%)    
[2026-06-17T10:22:49.179+0800][30.798s][info][gc,heap     ] GC(296)      Used:       88M (34%)          88M (34%)          56M (22%)          48M (19%)          88M (34%)          48M (19%)    
[2026-06-17T10:22:49.179+0800][30.798s][info][gc,heap     ] GC(296)      Live:         -                25M (10%)          25M (10%)          25M (10%)            -                  -          
[2026-06-17T10:22:49.179+0800][30.798s][info][gc,heap     ] GC(296) Allocated:         -                 0M (0%)            4M (2%)           10M (4%)             -                  -          
[2026-06-17T10:22:49.179+0800][30.798s][info][gc,heap     ] GC(296)   Garbage:         -                62M (24%)          26M (10%)          18M (7%)             -                  -          
[2026-06-17T10:22:49.179+0800][30.798s][info][gc,heap     ] GC(296) Reclaimed:         -                  -                36M (14%)          44M (17%)            -                  -          
[2026-06-17T10:22:49.179+0800][30.798s][info][gc          ] GC(296) Garbage Collection (Allocation Rate) 88M(34%)->48M(19%)
[2026-06-17T10:22:49.263+0800][30.881s][info][gc,start    ] GC(297) Garbage Collection (Allocation Rate)
[2026-06-17T10:22:49.264+0800][30.883s][info][gc,phases   ] GC(297) Pause Mark Start 0.240ms
[2026-06-17T10:22:49.266+0800][30.885s][info][gc,phases   ] GC(297) Concurrent Mark 1.772ms
[2026-06-17T10:22:49.267+0800][30.886s][info][gc,phases   ] GC(297) Pause Mark End 0.366ms
[2026-06-17T10:22:49.268+0800][30.887s][info][gc,phases   ] GC(297) Concurrent Process Non-Strong References 0.126ms
[2026-06-17T10:22:49.268+0800][30.887s][info][gc,phases   ] GC(297) Concurrent Reset Relocation Set 0.001ms
[2026-06-17T10:22:49.269+0800][30.887s][info][gc,phases   ] GC(297) Concurrent Destroy Detached Pages 0.001ms
[2026-06-17T10:22:49.269+0800][30.888s][info][gc,phases   ] GC(297) Concurrent Select Relocation Set 0.552ms
[2026-06-17T10:22:49.270+0800][30.888s][info][gc,phases   ] GC(297) Concurrent Prepare Relocation Set 0.009ms
[2026-06-17T10:22:49.270+0800][30.889s][info][gc,phases   ] GC(297) Pause Relocate Start 0.133ms
[2026-06-17T10:22:49.272+0800][30.891s][info][gc,phases   ] GC(297) Concurrent Relocate 1.813ms
[2026-06-17T10:22:49.273+0800][30.891s][info][gc,load     ] GC(297) Load: 0.17/0.20/0.27
[2026-06-17T10:22:49.273+0800][30.892s][info][gc,mmu      ] GC(297) MMU: 2ms/0.0%, 5ms/43.3%, 10ms/66.9%, 20ms/83.5%, 50ms/93.4%, 100ms/96.6%
[2026-06-17T10:22:49.273+0800][30.892s][info][gc,marking  ] GC(297) Mark: 2 stripe(s), 1 proactive flush(es), 1 terminate flush(es), 0 completion(s), 0 continuation(s) 
[2026-06-17T10:22:49.274+0800][30.892s][info][gc,reloc    ] GC(297) Relocation: Successful, 22M relocated
[2026-06-17T10:22:49.274+0800][30.893s][info][gc,nmethod  ] GC(297) NMethods: 23 registered, 0 unregistered
[2026-06-17T10:22:49.274+0800][30.893s][info][gc,metaspace] GC(297) Metaspace: 3M used, 4M capacity, 4M committed, 8M reserved
[2026-06-17T10:22:49.274+0800][30.893s][info][gc,ref      ] GC(297) Soft: 43 encountered, 0 discovered, 0 enqueued
[2026-06-17T10:22:49.274+0800][30.893s][info][gc,ref      ] GC(297) Weak: 7 encountered, 2 discovered, 0 enqueued
[2026-06-17T10:22:49.274+0800][30.893s][info][gc,ref      ] GC(297) Final: 0 encountered, 0 discovered, 0 enqueued
[2026-06-17T10:22:49.275+0800][30.893s][info][gc,ref      ] GC(297) Phantom: 1 encountered, 1 discovered, 0 enqueued
[2026-06-17T10:22:49.275+0800][30.894s][info][gc,heap     ] GC(297)                Mark Start          Mark End        Relocate Start      Relocate End           High               Low         
[2026-06-17T10:22:49.275+0800][30.894s][info][gc,heap     ] GC(297)  Capacity:      256M (100%)        256M (100%)        256M (100%)        256M (100%)        256M (100%)        256M (100%)   
[2026-06-17T10:22:49.275+0800][30.894s][info][gc,heap     ] GC(297)   Reserve:       62M (24%)          62M (24%)          62M (24%)          62M (24%)          62M (24%)          62M (24%)    
[2026-06-17T10:22:49.275+0800][30.894s][info][gc,heap     ] GC(297)      Free:       82M (32%)          82M (32%)         112M (44%)         150M (59%)         150M (59%)          76M (30%)    
[2026-06-17T10:22:49.275+0800][30.894s][info][gc,heap     ] GC(297)      Used:      112M (44%)         112M (44%)          82M (32%)          44M (17%)         118M (46%)          44M (17%)    
[2026-06-17T10:22:49.275+0800][30.894s][info][gc,heap     ] GC(297)      Live:         -                22M (9%)           22M (9%)           22M (9%)             -                  -          
[2026-06-17T10:22:49.275+0800][30.894s][info][gc,heap     ] GC(297) Allocated:         -                 0M (0%)            0M (0%)           44M (17%)            -                  -          
[2026-06-17T10:22:49.275+0800][30.894s][info][gc,heap     ] GC(297)   Garbage:         -                89M (35%)          59M (23%)          17M (7%)             -                  -          
[2026-06-17T10:22:49.276+0800][30.894s][info][gc,heap     ] GC(297) Reclaimed:         -                  -                30M (12%)          72M (28%)            -                  -          
[2026-06-17T10:22:49.276+0800][30.894s][info][gc          ] GC(297) Garbage Collection (Allocation Rate) 112M(44%)->44M(17%)
[2026-06-17T10:22:49.363+0800][30.982s][info][gc,start    ] GC(298) Garbage Collection (Allocation Rate)
[2026-06-17T10:22:49.364+0800][30.983s][info][gc,phases   ] GC(298) Pause Mark Start 0.199ms
[2026-06-17T10:22:49.366+0800][30.984s][info][gc,phases   ] GC(298) Concurrent Mark 1.545ms
[2026-06-17T10:22:49.367+0800][30.985s][info][gc,phases   ] GC(298) Pause Mark End 0.273ms
[2026-06-17T10:22:49.367+0800][30.986s][info][gc,phases   ] GC(298) Concurrent Process Non-Strong References 0.127ms
[2026-06-17T10:22:49.367+0800][30.986s][info][gc,phases   ] GC(298) Concurrent Reset Relocation Set 0.002ms
[2026-06-17T10:22:49.367+0800][30.986s][info][gc,phases   ] GC(298) Concurrent Destroy Detached Pages 0.001ms
[2026-06-17T10:22:49.368+0800][30.987s][info][gc,phases   ] GC(298) Concurrent Select Relocation Set 0.487ms
[2026-06-17T10:22:49.368+0800][30.987s][info][gc,phases   ] GC(298) Concurrent Prepare Relocation Set 0.002ms
[2026-06-17T10:22:49.369+0800][30.988s][info][gc,phases   ] GC(298) Pause Relocate Start 0.114ms
[2026-06-17T10:22:49.369+0800][30.988s][info][gc,phases   ] GC(298) Concurrent Relocate 0.234ms
[2026-06-17T10:22:49.369+0800][30.988s][info][gc,load     ] GC(298) Load: 0.17/0.20/0.27
[2026-06-17T10:22:49.370+0800][30.988s][info][gc,mmu      ] GC(298) MMU: 2ms/0.0%, 5ms/43.3%, 10ms/66.9%, 20ms/83.5%, 50ms/93.4%, 100ms/96.6%
[2026-06-17T10:22:49.370+0800][30.988s][info][gc,marking  ] GC(298) Mark: 2 stripe(s), 1 proactive flush(es), 1 terminate flush(es), 0 completion(s), 0 continuation(s) 
[2026-06-17T10:22:49.370+0800][30.989s][info][gc,reloc    ] GC(298) Relocation: Successful, 26M relocated
[2026-06-17T10:22:49.370+0800][30.989s][info][gc,nmethod  ] GC(298) NMethods: 23 registered, 0 unregistered
[2026-06-17T10:22:49.370+0800][30.989s][info][gc,metaspace] GC(298) Metaspace: 3M used, 4M capacity, 4M committed, 8M reserved
[2026-06-17T10:22:49.370+0800][30.989s][info][gc,ref      ] GC(298) Soft: 43 encountered, 0 discovered, 0 enqueued
[2026-06-17T10:22:49.371+0800][30.990s][info][gc,ref      ] GC(298) Weak: 7 encountered, 0 discovered, 0 enqueued
[2026-06-17T10:22:49.371+0800][30.990s][info][gc,ref      ] GC(298) Final: 0 encountered, 0 discovered, 0 enqueued
[2026-06-17T10:22:49.372+0800][30.990s][info][gc,ref      ] GC(298) Phantom: 1 encountered, 0 discovered, 0 enqueued
[2026-06-17T10:22:49.372+0800][30.990s][info][gc,heap     ] GC(298)                Mark Start          Mark End        Relocate Start      Relocate End           High               Low         
[2026-06-17T10:22:49.372+0800][30.991s][info][gc,heap     ] GC(298)  Capacity:      256M (100%)        256M (100%)        256M (100%)        256M (100%)        256M (100%)        256M (100%)   
[2026-06-17T10:22:49.372+0800][30.991s][info][gc,heap     ] GC(298)   Reserve:       62M (24%)          62M (24%)          62M (24%)          62M (24%)          62M (24%)          62M (24%)    
[2026-06-17T10:22:49.372+0800][30.991s][info][gc,heap     ] GC(298)      Free:      118M (46%)         114M (45%)         142M (55%)         148M (58%)         148M (58%)         114M (45%)    
[2026-06-17T10:22:49.372+0800][30.991s][info][gc,heap     ] GC(298)      Used:       76M (30%)          80M (31%)          52M (20%)          46M (18%)          80M (31%)          46M (18%)    
[2026-06-17T10:22:49.372+0800][30.991s][info][gc,heap     ] GC(298)      Live:         -                30M (12%)          30M (12%)          30M (12%)            -                  -          
[2026-06-17T10:22:49.372+0800][30.991s][info][gc,heap     ] GC(298) Allocated:         -                 4M (2%)            4M (2%)           10M (4%)             -                  -          
[2026-06-17T10:22:49.372+0800][30.991s][info][gc,heap     ] GC(298)   Garbage:         -                45M (18%)          17M (7%)           11M (5%)             -                  -          
[2026-06-17T10:22:49.372+0800][30.991s][info][gc,heap     ] GC(298) Reclaimed:         -                  -                28M (11%)          34M (13%)            -                  -          
[2026-06-17T10:22:49.373+0800][30.991s][info][gc          ] GC(298) Garbage Collection (Allocation Rate) 76M(30%)->46M(18%)
[2026-06-17T10:22:49.463+0800][31.082s][info][gc,start    ] GC(299) Garbage Collection (Allocation Rate)
[2026-06-17T10:22:49.465+0800][31.084s][info][gc,phases   ] GC(299) Pause Mark Start 0.374ms
[2026-06-17T10:22:49.468+0800][31.087s][info][gc,phases   ] GC(299) Concurrent Mark 1.764ms
[2026-06-17T10:22:49.470+0800][31.089s][info][gc,phases   ] GC(299) Pause Mark End 0.578ms
[2026-06-17T10:22:49.471+0800][31.090s][info][gc,phases   ] GC(299) Concurrent Process Non-Strong References 0.260ms
[2026-06-17T10:22:49.472+0800][31.091s][info][gc,phases   ] GC(299) Concurrent Reset Relocation Set 0.003ms
[2026-06-17T10:22:49.472+0800][31.091s][info][gc,phases   ] GC(299) Concurrent Destroy Detached Pages 0.002ms
[2026-06-17T10:22:49.474+0800][31.093s][info][gc,phases   ] GC(299) Concurrent Select Relocation Set 1.027ms
[2026-06-17T10:22:49.475+0800][31.094s][info][gc,phases   ] GC(299) Concurrent Prepare Relocation Set 0.015ms
[2026-06-17T10:22:49.476+0800][31.095s][info][gc,phases   ] GC(299) Pause Relocate Start 0.258ms
[2026-06-17T10:22:49.480+0800][31.099s][info][gc,phases   ] GC(299) Concurrent Relocate 2.218ms
[2026-06-17T10:22:49.481+0800][31.100s][info][gc,load     ] GC(299) Load: 0.17/0.20/0.27
[2026-06-17T10:22:49.481+0800][31.100s][info][gc,mmu      ] GC(299) MMU: 2ms/0.0%, 5ms/43.3%, 10ms/66.9%, 20ms/83.5%, 50ms/93.4%, 100ms/96.6%
[2026-06-17T10:22:49.482+0800][31.101s][info][gc,marking  ] GC(299) Mark: 2 stripe(s), 1 proactive flush(es), 1 terminate flush(es), 0 completion(s), 0 continuation(s) 
[2026-06-17T10:22:49.483+0800][31.102s][info][gc,reloc    ] GC(299) Relocation: Successful, 26M relocated
[2026-06-17T10:22:49.484+0800][31.103s][info][gc,nmethod  ] GC(299) NMethods: 23 registered, 0 unregistered
[2026-06-17T10:22:49.485+0800][31.104s][info][gc,metaspace] GC(299) Metaspace: 3M used, 4M capacity, 4M committed, 8M reserved
[2026-06-17T10:22:49.486+0800][31.104s][info][gc,ref      ] GC(299) Soft: 43 encountered, 0 discovered, 0 enqueued
[2026-06-17T10:22:49.486+0800][31.105s][info][gc,ref      ] GC(299) Weak: 7 encountered, 2 discovered, 0 enqueued
[2026-06-17T10:22:49.487+0800][31.106s][info][gc,ref      ] GC(299) Final: 0 encountered, 0 discovered, 0 enqueued
[2026-06-17T10:22:49.487+0800][31.106s][info][gc,ref      ] GC(299) Phantom: 1 encountered, 1 discovered, 0 enqueued
[2026-06-17T10:22:49.488+0800][31.107s][info][gc,heap     ] GC(299)                Mark Start          Mark End        Relocate Start      Relocate End           High               Low         
[2026-06-17T10:22:49.489+0800][31.107s][info][gc,heap     ] GC(299)  Capacity:      256M (100%)        256M (100%)        256M (100%)        256M (100%)        256M (100%)        256M (100%)   
[2026-06-17T10:22:49.489+0800][31.108s][info][gc,heap     ] GC(299)   Reserve:       62M (24%)          62M (24%)          62M (24%)          62M (24%)          62M (24%)          62M (24%)    
[2026-06-17T10:22:49.490+0800][31.108s][info][gc,heap     ] GC(299)      Free:       80M (31%)          80M (31%)          72M (28%)         144M (56%)         144M (56%)          42M (16%)    
[2026-06-17T10:22:49.490+0800][31.109s][info][gc,heap     ] GC(299)      Used:      114M (45%)         114M (45%)         122M (48%)          50M (20%)         152M (59%)          50M (20%)    
[2026-06-17T10:22:49.490+0800][31.109s][info][gc,heap     ] GC(299)      Live:         -                26M (10%)          26M (10%)          26M (10%)            -                  -          
[2026-06-17T10:22:49.491+0800][31.109s][info][gc,heap     ] GC(299) Allocated:         -                 0M (0%)           38M (15%)          48M (19%)            -                  -          
[2026-06-17T10:22:49.491+0800][31.110s][info][gc,heap     ] GC(299)   Garbage:         -                87M (34%)          57M (22%)    17592186044401M (6         -                  -          
[2026-06-17T10:22:49.491+0800][31.110s][info][gc,heap     ] GC(299) Reclaimed:         -                  -                30M (12%)         102M (40%)            -                  -          
[2026-06-17T10:22:49.492+0800][31.111s][info][gc          ] GC(299) Garbage Collection (Allocation Rate) 114M(45%)->50M(20%)
[2026-06-17T10:22:49.563+0800][31.182s][info][gc,start    ] GC(300) Garbage Collection (Allocation Rate)
[2026-06-17T10:22:49.565+0800][31.184s][info][gc,phases   ] GC(300) Pause Mark Start 0.464ms
[2026-06-17T10:22:49.568+0800][31.187s][info][gc,phases   ] GC(300) Concurrent Mark 2.354ms
[2026-06-17T10:22:49.570+0800][31.189s][info][gc,phases   ] GC(300) Pause Mark End 0.731ms
[2026-06-17T10:22:49.571+0800][31.190s][info][gc,phases   ] GC(300) Concurrent Process Non-Strong References 0.295ms
[2026-06-17T10:22:49.572+0800][31.190s][info][gc,phases   ] GC(300) Concurrent Reset Relocation Set 0.004ms
[2026-06-17T10:22:49.572+0800][31.191s][info][gc,phases   ] GC(300) Concurrent Destroy Detached Pages 0.003ms
[2026-06-17T10:22:49.574+0800][31.192s][info][gc,phases   ] GC(300) Concurrent Select Relocation Set 1.388ms
[2026-06-17T10:22:49.574+0800][31.193s][info][gc,phases   ] GC(300) Concurrent Prepare Relocation Set 0.003ms
[2026-06-17T10:22:49.575+0800][31.194s][info][gc,phases   ] GC(300) Pause Relocate Start 0.336ms
[2026-06-17T10:22:49.576+0800][31.195s][info][gc,phases   ] GC(300) Concurrent Relocate 0.288ms
[2026-06-17T10:22:49.576+0800][31.195s][info][gc,load     ] GC(300) Load: 0.17/0.20/0.27
[2026-06-17T10:22:49.576+0800][31.195s][info][gc,mmu      ] GC(300) MMU: 2ms/0.0%, 5ms/43.3%, 10ms/66.9%, 20ms/83.5%, 50ms/93.4%, 100ms/96.6%
[2026-06-17T10:22:49.577+0800][31.195s][info][gc,marking  ] GC(300) Mark: 2 stripe(s), 1 proactive flush(es), 1 terminate flush(es), 0 completion(s), 0 continuation(s) 
[2026-06-17T10:22:49.577+0800][31.196s][info][gc,reloc    ] GC(300) Relocation: Successful, 23M relocated
[2026-06-17T10:22:49.577+0800][31.196s][info][gc,nmethod  ] GC(300) NMethods: 23 registered, 0 unregistered
[2026-06-17T10:22:49.577+0800][31.196s][info][gc,metaspace] GC(300) Metaspace: 3M used, 4M capacity, 4M committed, 8M reserved
[2026-06-17T10:22:49.578+0800][31.196s][info][gc,ref      ] GC(300) Soft: 43 encountered, 0 discovered, 0 enqueued
[2026-06-17T10:22:49.578+0800][31.196s][info][gc,ref      ] GC(300) Weak: 7 encountered, 2 discovered, 0 enqueued
[2026-06-17T10:22:49.578+0800][31.197s][info][gc,ref      ] GC(300) Final: 0 encountered, 0 discovered, 0 enqueued
[2026-06-17T10:22:49.578+0800][31.197s][info][gc,ref      ] GC(300) Phantom: 1 encountered, 1 discovered, 0 enqueued
[2026-06-17T10:22:49.578+0800][31.197s][info][gc,heap     ] GC(300)                Mark Start          Mark End        Relocate Start      Relocate End           High               Low         
[2026-06-17T10:22:49.579+0800][31.197s][info][gc,heap     ] GC(300)  Capacity:      256M (100%)        256M (100%)        256M (100%)        256M (100%)        256M (100%)        256M (100%)   
[2026-06-17T10:22:49.579+0800][31.198s][info][gc,heap     ] GC(300)   Reserve:       62M (24%)          62M (24%)          62M (24%)          62M (24%)          62M (24%)          62M (24%)    
[2026-06-17T10:22:49.579+0800][31.198s][info][gc,heap     ] GC(300)      Free:      114M (45%)          76M (30%)         102M (40%)         112M (44%)         114M (45%)          76M (30%)    
[2026-06-17T10:22:49.579+0800][31.198s][info][gc,heap     ] GC(300)      Used:       80M (31%)         118M (46%)          92M (36%)          82M (32%)         118M (46%)          80M (31%)    
[2026-06-17T10:22:49.579+0800][31.198s][info][gc,heap     ] GC(300)      Live:         -                27M (11%)          27M (11%)          27M (11%)            -                  -          
[2026-06-17T10:22:49.579+0800][31.198s][info][gc,heap     ] GC(300) Allocated:         -                38M (15%)          38M (15%)          44M (17%)            -                  -          
[2026-06-17T10:22:49.580+0800][31.198s][info][gc,heap     ] GC(300)   Garbage:         -                52M (20%)          26M (10%)          16M (6%)             -                  -          
[2026-06-17T10:22:49.580+0800][31.198s][info][gc,heap     ] GC(300) Reclaimed:         -                  -                26M (10%)          36M (14%)            -                  -          
[2026-06-17T10:22:49.580+0800][31.199s][info][gc          ] GC(300) Garbage Collection (Allocation Rate) 80M(31%)->82M(32%)
[2026-06-17T10:22:49.663+0800][31.282s][info][gc,start    ] GC(301) Garbage Collection (Allocation Rate)
[2026-06-17T10:22:49.665+0800][31.284s][info][gc,phases   ] GC(301) Pause Mark Start 0.480ms
[2026-06-17T10:22:49.668+0800][31.287s][info][gc,phases   ] GC(301) Concurrent Mark 2.314ms
[2026-06-17T10:22:49.671+0800][31.290s][info][gc,phases   ] GC(301) Pause Mark End 1.172ms
[2026-06-17T10:22:49.673+0800][31.291s][info][gc,phases   ] GC(301) Concurrent Process Non-Strong References 0.460ms
[2026-06-17T10:22:49.673+0800][31.292s][info][gc,phases   ] GC(301) Concurrent Reset Relocation Set 0.005ms
[2026-06-17T10:22:49.674+0800][31.293s][info][gc,phases   ] GC(301) Concurrent Destroy Detached Pages 0.002ms
[2026-06-17T10:22:49.676+0800][31.295s][info][gc,phases   ] GC(301) Concurrent Select Relocation Set 1.264ms
[2026-06-17T10:22:49.677+0800][31.295s][info][gc,phases   ] GC(301) Concurrent Prepare Relocation Set 0.015ms
[2026-06-17T10:22:49.678+0800][31.296s][info][gc,phases   ] GC(301) Pause Relocate Start 0.224ms
[2026-06-17T10:22:49.680+0800][31.299s][info][gc,phases   ] GC(301) Concurrent Relocate 2.056ms
[2026-06-17T10:22:49.681+0800][31.299s][info][gc,load     ] GC(301) Load: 0.17/0.20/0.27
[2026-06-17T10:22:49.681+0800][31.300s][info][gc,mmu      ] GC(301) MMU: 2ms/0.0%, 5ms/43.3%, 10ms/66.9%, 20ms/83.5%, 50ms/93.4%, 100ms/96.6%
[2026-06-17T10:22:49.681+0800][31.300s][info][gc,marking  ] GC(301) Mark: 2 stripe(s), 1 proactive flush(es), 1 terminate flush(es), 0 completion(s), 0 continuation(s) 
[2026-06-17T10:22:49.682+0800][31.300s][info][gc,reloc    ] GC(301) Relocation: Successful, 25M relocated
[2026-06-17T10:22:49.682+0800][31.301s][info][gc,nmethod  ] GC(301) NMethods: 23 registered, 0 unregistered
[2026-06-17T10:22:49.682+0800][31.301s][info][gc,metaspace] GC(301) Metaspace: 3M used, 4M capacity, 4M committed, 8M reserved
[2026-06-17T10:22:49.683+0800][31.301s][info][gc,ref      ] GC(301) Soft: 43 encountered, 0 discovered, 0 enqueued
[2026-06-17T10:22:49.683+0800][31.302s][info][gc,ref      ] GC(301) Weak: 7 encountered, 2 discovered, 0 enqueued
[2026-06-17T10:22:49.683+0800][31.302s][info][gc,ref      ] GC(301) Final: 0 encountered, 0 discovered, 0 enqueued
[2026-06-17T10:22:49.683+0800][31.302s][info][gc,ref      ] GC(301) Phantom: 1 encountered, 1 discovered, 0 enqueued
[2026-06-17T10:22:49.684+0800][31.302s][info][gc,heap     ] GC(301)                Mark Start          Mark End        Relocate Start      Relocate End           High               Low         
[2026-06-17T10:22:49.684+0800][31.302s][info][gc,heap     ] GC(301)  Capacity:      256M (100%)        256M (100%)        256M (100%)        256M (100%)        256M (100%)        256M (100%)   
[2026-06-17T10:22:49.684+0800][31.303s][info][gc,heap     ] GC(301)   Reserve:       62M (24%)          62M (24%)          62M (24%)          62M (24%)          62M (24%)          62M (24%)    
[2026-06-17T10:22:49.684+0800][31.303s][info][gc,heap     ] GC(301)      Free:       78M (30%)          78M (30%)         100M (39%)         146M (57%)         146M (57%)          62M (24%)    
[2026-06-17T10:22:49.684+0800][31.303s][info][gc,heap     ] GC(301)      Used:      116M (45%)         116M (45%)          94M (37%)          48M (19%)         132M (52%)          48M (19%)    
[2026-06-17T10:22:49.685+0800][31.304s][info][gc,heap     ] GC(301)      Live:         -                25M (10%)          25M (10%)          25M (10%)            -                  -          
[2026-06-17T10:22:49.686+0800][31.304s][info][gc,heap     ] GC(301) Allocated:         -                 0M (0%)            4M (2%)           46M (18%)            -                  -          
[2026-06-17T10:22:49.686+0800][31.305s][info][gc,heap     ] GC(301)   Garbage:         -                90M (35%)          64M (25%)          18M (7%)             -                  -          
[2026-06-17T10:22:49.686+0800][31.305s][info][gc,heap     ] GC(301) Reclaimed:         -                  -                26M (10%)          72M (28%)            -                  -          
[2026-06-17T10:22:49.687+0800][31.305s][info][gc          ] GC(301) Garbage Collection (Allocation Rate) 116M(45%)->48M(19%)
[2026-06-17T10:22:49.763+0800][31.382s][info][gc,start    ] GC(302) Garbage Collection (Allocation Rate)
[2026-06-17T10:22:49.764+0800][31.383s][info][gc,phases   ] GC(302) Pause Mark Start 0.234ms
[2026-06-17T10:22:49.766+0800][31.385s][info][gc,phases   ] GC(302) Concurrent Mark 1.612ms
[2026-06-17T10:22:49.767+0800][31.386s][info][gc,phases   ] GC(302) Pause Mark End 0.346ms
[2026-06-17T10:22:49.767+0800][31.386s][info][gc,phases   ] GC(302) Concurrent Process Non-Strong References 0.103ms
[2026-06-17T10:22:49.768+0800][31.386s][info][gc,phases   ] GC(302) Concurrent Reset Relocation Set 0.003ms
[2026-06-17T10:22:49.768+0800][31.387s][info][gc,phases   ] GC(302) Concurrent Destroy Detached Pages 0.001ms
[2026-06-17T10:22:49.769+0800][31.387s][info][gc,phases   ] GC(302) Concurrent Select Relocation Set 0.625ms
[2026-06-17T10:22:49.769+0800][31.388s][info][gc,phases   ] GC(302) Concurrent Prepare Relocation Set 0.023ms
[2026-06-17T10:22:49.769+0800][31.388s][info][gc,phases   ] GC(302) Pause Relocate Start 0.146ms
[2026-06-17T10:22:49.770+0800][31.389s][info][gc,phases   ] GC(302) Concurrent Relocate 0.418ms
[2026-06-17T10:22:49.770+0800][31.389s][info][gc,load     ] GC(302) Load: 0.17/0.20/0.27
[2026-06-17T10:22:49.771+0800][31.389s][info][gc,mmu      ] GC(302) MMU: 2ms/0.0%, 5ms/43.3%, 10ms/66.9%, 20ms/83.5%, 50ms/93.4%, 100ms/96.6%
[2026-06-17T10:22:49.771+0800][31.390s][info][gc,marking  ] GC(302) Mark: 2 stripe(s), 1 proactive flush(es), 1 terminate flush(es), 0 completion(s), 0 continuation(s) 
[2026-06-17T10:22:49.771+0800][31.390s][info][gc,reloc    ] GC(302) Relocation: Successful, 22M relocated
[2026-06-17T10:22:49.771+0800][31.390s][info][gc,nmethod  ] GC(302) NMethods: 23 registered, 0 unregistered
[2026-06-17T10:22:49.771+0800][31.390s][info][gc,metaspace] GC(302) Metaspace: 3M used, 4M capacity, 4M committed, 8M reserved
[2026-06-17T10:22:49.772+0800][31.390s][info][gc,ref      ] GC(302) Soft: 43 encountered, 0 discovered, 0 enqueued
[2026-06-17T10:22:49.772+0800][31.390s][info][gc,ref      ] GC(302) Weak: 7 encountered, 2 discovered, 0 enqueued
[2026-06-17T10:22:49.772+0800][31.391s][info][gc,ref      ] GC(302) Final: 0 encountered, 0 discovered, 0 enqueued
[2026-06-17T10:22:49.772+0800][31.391s][info][gc,ref      ] GC(302) Phantom: 1 encountered, 1 discovered, 0 enqueued
[2026-06-17T10:22:49.772+0800][31.391s][info][gc,heap     ] GC(302)                Mark Start          Mark End        Relocate Start      Relocate End           High               Low         
[2026-06-17T10:22:49.772+0800][31.391s][info][gc,heap     ] GC(302)  Capacity:      256M (100%)        256M (100%)        256M (100%)        256M (100%)        256M (100%)        256M (100%)   
[2026-06-17T10:22:49.772+0800][31.391s][info][gc,heap     ] GC(302)   Reserve:       62M (24%)          62M (24%)          62M (24%)          62M (24%)          62M (24%)          62M (24%)    
[2026-06-17T10:22:49.772+0800][31.391s][info][gc,heap     ] GC(302)      Free:      114M (45%)         114M (45%)         142M (55%)         148M (58%)         148M (58%)         114M (45%)    
[2026-06-17T10:22:49.772+0800][31.391s][info][gc,heap     ] GC(302)      Used:       80M (31%)          80M (31%)          52M (20%)          46M (18%)          80M (31%)          46M (18%)    
[2026-06-17T10:22:49.773+0800][31.391s][info][gc,heap     ] GC(302)      Live:         -                22M (9%)           22M (9%)           22M (9%)             -                  -          
[2026-06-17T10:22:49.773+0800][31.391s][info][gc,heap     ] GC(302) Allocated:         -                 0M (0%)            0M (0%)           10M (4%)             -                  -          
[2026-06-17T10:22:49.773+0800][31.391s][info][gc,heap     ] GC(302)   Garbage:         -                57M (22%)          29M (12%)          19M (8%)             -                  -          
[2026-06-17T10:22:49.773+0800][31.392s][info][gc,heap     ] GC(302) Reclaimed:         -                  -                28M (11%)          38M (15%)            -                  -          
[2026-06-17T10:22:49.773+0800][31.392s][info][gc          ] GC(302) Garbage Collection (Allocation Rate) 80M(31%)->46M(18%)
[2026-06-17T10:22:49.864+0800][31.482s][info][gc,start    ] GC(303) Garbage Collection (Allocation Rate)
[2026-06-17T10:22:49.866+0800][31.485s][info][gc,phases   ] GC(303) Pause Mark Start 0.447ms
[2026-06-17T10:22:49.869+0800][31.488s][info][gc,phases   ] GC(303) Concurrent Mark 2.299ms
[2026-06-17T10:22:49.871+0800][31.490s][info][gc,phases   ] GC(303) Pause Mark End 0.549ms
[2026-06-17T10:22:49.872+0800][31.491s][info][gc,phases   ] GC(303) Concurrent Process Non-Strong References 0.167ms
[2026-06-17T10:22:49.873+0800][31.491s][info][gc,phases   ] GC(303) Concurrent Reset Relocation Set 0.003ms
[2026-06-17T10:22:49.873+0800][31.492s][info][gc,phases   ] GC(303) Concurrent Destroy Detached Pages 0.001ms
[2026-06-17T10:22:49.874+0800][31.493s][info][gc,phases   ] GC(303) Concurrent Select Relocation Set 0.877ms
[2026-06-17T10:22:49.875+0800][31.493s][info][gc,phases   ] GC(303) Concurrent Prepare Relocation Set 0.011ms
[2026-06-17T10:22:49.876+0800][31.494s][info][gc,phases   ] GC(303) Pause Relocate Start 0.190ms
[2026-06-17T10:22:49.878+0800][31.497s][info][gc,phases   ] GC(303) Concurrent Relocate 2.227ms
[2026-06-17T10:22:49.879+0800][31.498s][info][gc,load     ] GC(303) Load: 0.17/0.20/0.27
[2026-06-17T10:22:49.879+0800][31.498s][info][gc,mmu      ] GC(303) MMU: 2ms/0.0%, 5ms/43.3%, 10ms/66.9%, 20ms/83.5%, 50ms/93.4%, 100ms/96.6%
[2026-06-17T10:22:49.879+0800][31.498s][info][gc,marking  ] GC(303) Mark: 2 stripe(s), 2 proactive flush(es), 1 terminate flush(es), 0 completion(s), 0 continuation(s) 
[2026-06-17T10:22:49.880+0800][31.499s][info][gc,reloc    ] GC(303) Relocation: Successful, 26M relocated
[2026-06-17T10:22:49.880+0800][31.499s][info][gc,nmethod  ] GC(303) NMethods: 23 registered, 0 unregistered
[2026-06-17T10:22:49.880+0800][31.499s][info][gc,metaspace] GC(303) Metaspace: 3M used, 4M capacity, 4M committed, 8M reserved
[2026-06-17T10:22:49.881+0800][31.499s][info][gc,ref      ] GC(303) Soft: 43 encountered, 0 discovered, 0 enqueued
[2026-06-17T10:22:49.881+0800][31.500s][info][gc,ref      ] GC(303) Weak: 7 encountered, 0 discovered, 0 enqueued
[2026-06-17T10:22:49.881+0800][31.500s][info][gc,ref      ] GC(303) Final: 0 encountered, 0 discovered, 0 enqueued
[2026-06-17T10:22:49.881+0800][31.500s][info][gc,ref      ] GC(303) Phantom: 1 encountered, 0 discovered, 0 enqueued
[2026-06-17T10:22:49.882+0800][31.500s][info][gc,heap     ] GC(303)                Mark Start          Mark End        Relocate Start      Relocate End           High               Low         
[2026-06-17T10:22:49.882+0800][31.501s][info][gc,heap     ] GC(303)  Capacity:      256M (100%)        256M (100%)        256M (100%)        256M (100%)        256M (100%)        256M (100%)   
[2026-06-17T10:22:49.883+0800][31.502s][info][gc,heap     ] GC(303)   Reserve:       62M (24%)          62M (24%)          62M (24%)          62M (24%)          62M (24%)          62M (24%)    
[2026-06-17T10:22:49.883+0800][31.502s][info][gc,heap     ] GC(303)      Free:       84M (33%)          80M (31%)         106M (41%)         140M (55%)         140M (55%)          68M (27%)    
[2026-06-17T10:22:49.883+0800][31.502s][info][gc,heap     ] GC(303)      Used:      110M (43%)         114M (45%)          88M (34%)          54M (21%)         126M (49%)          54M (21%)    
[2026-06-17T10:22:49.884+0800][31.502s][info][gc,heap     ] GC(303)      Live:         -                28M (11%)          28M (11%)          28M (11%)            -                  -          
[2026-06-17T10:22:49.884+0800][31.503s][info][gc,heap     ] GC(303) Allocated:         -                 4M (2%)            4M (2%)           48M (19%)            -                  -          
[2026-06-17T10:22:49.884+0800][31.503s][info][gc,heap     ] GC(303)   Garbage:         -                81M (32%)          55M (22%)          17M (7%)             -                  -          
[2026-06-17T10:22:49.884+0800][31.503s][info][gc,heap     ] GC(303) Reclaimed:         -                  -                26M (10%)          64M (25%)            -                  -          
[2026-06-17T10:22:49.884+0800][31.503s][info][gc          ] GC(303) Garbage Collection (Allocation Rate) 110M(43%)->54M(21%)
[2026-06-17T10:22:49.963+0800][31.581s][info][gc,start    ] GC(304) Garbage Collection (Allocation Rate)
[2026-06-17T10:22:49.963+0800][31.582s][info][gc,phases   ] GC(304) Pause Mark Start 0.171ms
[2026-06-17T10:22:49.965+0800][31.584s][info][gc,phases   ] GC(304) Concurrent Mark 1.460ms
[2026-06-17T10:22:49.966+0800][31.584s][info][gc,phases   ] GC(304) Pause Mark End 0.237ms
[2026-06-17T10:22:49.966+0800][31.585s][info][gc,phases   ] GC(304) Concurrent Process Non-Strong References 0.099ms
[2026-06-17T10:22:49.966+0800][31.585s][info][gc,phases   ] GC(304) Concurrent Reset Relocation Set 0.005ms
[2026-06-17T10:22:49.966+0800][31.585s][info][gc,phases   ] GC(304) Concurrent Destroy Detached Pages 0.001ms
[2026-06-17T10:22:49.967+0800][31.586s][info][gc,phases   ] GC(304) Concurrent Select Relocation Set 0.484ms
[2026-06-17T10:22:49.967+0800][31.586s][info][gc,phases   ] GC(304) Concurrent Prepare Relocation Set 0.003ms
[2026-06-17T10:22:49.968+0800][31.587s][info][gc,phases   ] GC(304) Pause Relocate Start 0.112ms
[2026-06-17T10:22:49.968+0800][31.587s][info][gc,phases   ] GC(304) Concurrent Relocate 0.183ms
[2026-06-17T10:22:49.968+0800][31.587s][info][gc,load     ] GC(304) Load: 0.17/0.20/0.27
[2026-06-17T10:22:49.969+0800][31.587s][info][gc,mmu      ] GC(304) MMU: 2ms/0.0%, 5ms/43.3%, 10ms/66.9%, 20ms/83.5%, 50ms/93.4%, 100ms/96.6%
[2026-06-17T10:22:49.969+0800][31.588s][info][gc,marking  ] GC(304) Mark: 2 stripe(s), 1 proactive flush(es), 1 terminate flush(es), 0 completion(s), 0 continuation(s) 
[2026-06-17T10:22:49.969+0800][31.588s][info][gc,reloc    ] GC(304) Relocation: Successful, 23M relocated
[2026-06-17T10:22:49.969+0800][31.588s][info][gc,nmethod  ] GC(304) NMethods: 23 registered, 0 unregistered
[2026-06-17T10:22:49.969+0800][31.588s][info][gc,metaspace] GC(304) Metaspace: 3M used, 4M capacity, 4M committed, 8M reserved
[2026-06-17T10:22:49.969+0800][31.588s][info][gc,ref      ] GC(304) Soft: 43 encountered, 0 discovered, 0 enqueued
[2026-06-17T10:22:49.970+0800][31.588s][info][gc,ref      ] GC(304) Weak: 7 encountered, 2 discovered, 0 enqueued
[2026-06-17T10:22:49.970+0800][31.589s][info][gc,ref      ] GC(304) Final: 0 encountered, 0 discovered, 0 enqueued
[2026-06-17T10:22:49.970+0800][31.589s][info][gc,ref      ] GC(304) Phantom: 1 encountered, 1 discovered, 0 enqueued
[2026-06-17T10:22:49.971+0800][31.589s][info][gc,heap     ] GC(304)                Mark Start          Mark End        Relocate Start      Relocate End           High               Low         
[2026-06-17T10:22:49.971+0800][31.589s][info][gc,heap     ] GC(304)  Capacity:      256M (100%)        256M (100%)        256M (100%)        256M (100%)        256M (100%)        256M (100%)   
[2026-06-17T10:22:49.971+0800][31.590s][info][gc,heap     ] GC(304)   Reserve:       62M (24%)          62M (24%)          62M (24%)          62M (24%)          62M (24%)          62M (24%)    
[2026-06-17T10:22:49.971+0800][31.590s][info][gc,heap     ] GC(304)      Free:      108M (42%)         108M (42%)         144M (56%)         152M (59%)         152M (59%)         108M (42%)    
[2026-06-17T10:22:49.971+0800][31.590s][info][gc,heap     ] GC(304)      Used:       86M (34%)          86M (34%)          50M (20%)          42M (16%)          86M (34%)          42M (16%)    
[2026-06-17T10:22:49.971+0800][31.590s][info][gc,heap     ] GC(304)      Live:         -                25M (10%)          25M (10%)          25M (10%)            -                  -          
[2026-06-17T10:22:49.972+0800][31.590s][info][gc,heap     ] GC(304) Allocated:         -                 0M (0%)            0M (0%)            6M (2%)             -                  -          
[2026-06-17T10:22:49.972+0800][31.590s][info][gc,heap     ] GC(304)   Garbage:         -                60M (23%)          24M (9%)           16M (6%)             -                  -          
[2026-06-17T10:22:49.972+0800][31.591s][info][gc,heap     ] GC(304) Reclaimed:         -                  -                36M (14%)          44M (17%)            -                  -          
[2026-06-17T10:22:49.972+0800][31.591s][info][gc          ] GC(304) Garbage Collection (Allocation Rate) 86M(34%)->42M(16%)
[2026-06-17T10:22:50.063+0800][31.682s][info][gc,start    ] GC(305) Garbage Collection (Allocation Rate)
[2026-06-17T10:22:50.064+0800][31.683s][info][gc,phases   ] GC(305) Pause Mark Start 0.371ms
[2026-06-17T10:22:50.067+0800][31.685s][info][gc,phases   ] GC(305) Concurrent Mark 1.628ms
[2026-06-17T10:22:50.069+0800][31.688s][info][gc,phases   ] GC(305) Pause Mark End 0.530ms
[2026-06-17T10:22:50.072+0800][31.690s][info][gc,phases   ] GC(305) Concurrent Process Non-Strong References 0.231ms
[2026-06-17T10:22:50.074+0800][31.693s][info][gc,phases   ] GC(305) Concurrent Reset Relocation Set 0.004ms
[2026-06-17T10:22:50.075+0800][31.693s][info][gc,phases   ] GC(305) Concurrent Destroy Detached Pages 0.001ms
[2026-06-17T10:22:50.076+0800][31.695s][info][gc,phases   ] GC(305) Concurrent Select Relocation Set 1.169ms
[2026-06-17T10:22:50.077+0800][31.696s][info][gc,phases   ] GC(305) Concurrent Prepare Relocation Set 0.017ms
[2026-06-17T10:22:50.078+0800][31.697s][info][gc,phases   ] GC(305) Pause Relocate Start 0.272ms
[2026-06-17T10:22:50.081+0800][31.700s][info][gc,phases   ] GC(305) Concurrent Relocate 2.012ms
[2026-06-17T10:22:50.082+0800][31.700s][info][gc,load     ] GC(305) Load: 0.17/0.20/0.27
[2026-06-17T10:22:50.082+0800][31.701s][info][gc,mmu      ] GC(305) MMU: 2ms/0.0%, 5ms/43.3%, 10ms/66.9%, 20ms/83.5%, 50ms/93.4%, 100ms/96.6%
[2026-06-17T10:22:50.082+0800][31.701s][info][gc,marking  ] GC(305) Mark: 2 stripe(s), 1 proactive flush(es), 1 terminate flush(es), 0 completion(s), 0 continuation(s) 
[2026-06-17T10:22:50.082+0800][31.701s][info][gc,reloc    ] GC(305) Relocation: Successful, 22M relocated
[2026-06-17T10:22:50.082+0800][31.701s][info][gc,nmethod  ] GC(305) NMethods: 23 registered, 0 unregistered
[2026-06-17T10:22:50.083+0800][31.701s][info][gc,metaspace] GC(305) Metaspace: 3M used, 4M capacity, 4M committed, 8M reserved
[2026-06-17T10:22:50.083+0800][31.702s][info][gc,ref      ] GC(305) Soft: 43 encountered, 0 discovered, 0 enqueued
[2026-06-17T10:22:50.083+0800][31.702s][info][gc,ref      ] GC(305) Weak: 7 encountered, 0 discovered, 0 enqueued
[2026-06-17T10:22:50.083+0800][31.702s][info][gc,ref      ] GC(305) Final: 0 encountered, 0 discovered, 0 enqueued
[2026-06-17T10:22:50.084+0800][31.702s][info][gc,ref      ] GC(305) Phantom: 1 encountered, 0 discovered, 0 enqueued
[2026-06-17T10:22:50.084+0800][31.703s][info][gc,heap     ] GC(305)                Mark Start          Mark End        Relocate Start      Relocate End           High               Low         
[2026-06-17T10:22:50.084+0800][31.703s][info][gc,heap     ] GC(305)  Capacity:      256M (100%)        256M (100%)        256M (100%)        256M (100%)        256M (100%)        256M (100%)   
[2026-06-17T10:22:50.084+0800][31.703s][info][gc,heap     ] GC(305)   Reserve:       62M (24%)          62M (24%)          62M (24%)          62M (24%)          62M (24%)          62M (24%)    
[2026-06-17T10:22:50.084+0800][31.703s][info][gc,heap     ] GC(305)      Free:       84M (33%)          80M (31%)          70M (27%)         142M (55%)         142M (55%)          64M (25%)    
[2026-06-17T10:22:50.085+0800][31.703s][info][gc,heap     ] GC(305)      Used:      110M (43%)         114M (45%)         124M (48%)          52M (20%)         130M (51%)          52M (20%)    
[2026-06-17T10:22:50.085+0800][31.703s][info][gc,heap     ] GC(305)      Live:         -                22M (9%)           22M (9%)           22M (9%)             -                  -          
[2026-06-17T10:22:50.085+0800][31.704s][info][gc,heap     ] GC(305) Allocated:         -                 4M (2%)           42M (16%)          50M (20%)            -                  -          
[2026-06-17T10:22:50.085+0800][31.704s][info][gc,heap     ] GC(305)   Garbage:         -                87M (34%)          59M (23%)    17592186044403M (6         -                  -          
[2026-06-17T10:22:50.085+0800][31.704s][info][gc,heap     ] GC(305) Reclaimed:         -                  -                28M (11%)         100M (39%)            -                  -          
[2026-06-17T10:22:50.085+0800][31.704s][info][gc          ] GC(305) Garbage Collection (Allocation Rate) 110M(43%)->52M(20%)
[2026-06-17T10:22:50.163+0800][31.782s][info][gc,start    ] GC(306) Garbage Collection (Allocation Rate)
[2026-06-17T10:22:50.165+0800][31.783s][info][gc,phases   ] GC(306) Pause Mark Start 0.351ms
[2026-06-17T10:22:50.168+0800][31.787s][info][gc,phases   ] GC(306) Concurrent Mark 2.082ms
[2026-06-17T10:22:50.169+0800][31.788s][info][gc,phases   ] GC(306) Pause Mark End 0.602ms
[2026-06-17T10:22:50.171+0800][31.789s][info][gc,phases   ] GC(306) Concurrent Process Non-Strong References 0.258ms
[2026-06-17T10:22:50.171+0800][31.790s][info][gc,phases   ] GC(306) Concurrent Reset Relocation Set 0.006ms
[2026-06-17T10:22:50.172+0800][31.790s][info][gc,phases   ] GC(306) Concurrent Destroy Detached Pages 0.001ms
[2026-06-17T10:22:50.173+0800][31.792s][info][gc,phases   ] GC(306) Concurrent Select Relocation Set 0.748ms
[2026-06-17T10:22:50.174+0800][31.792s][info][gc,phases   ] GC(306) Concurrent Prepare Relocation Set 0.006ms
[2026-06-17T10:22:50.175+0800][31.794s][info][gc,phases   ] GC(306) Pause Relocate Start 0.214ms
[2026-06-17T10:22:50.176+0800][31.795s][info][gc,phases   ] GC(306) Concurrent Relocate 0.367ms
[2026-06-17T10:22:50.177+0800][31.795s][info][gc,load     ] GC(306) Load: 0.17/0.20/0.27
[2026-06-17T10:22:50.177+0800][31.796s][info][gc,mmu      ] GC(306) MMU: 2ms/0.0%, 5ms/43.3%, 10ms/66.9%, 20ms/83.5%, 50ms/93.4%, 100ms/96.6%
[2026-06-17T10:22:50.178+0800][31.796s][info][gc,marking  ] GC(306) Mark: 2 stripe(s), 1 proactive flush(es), 1 terminate flush(es), 0 completion(s), 0 continuation(s) 
[2026-06-17T10:22:50.178+0800][31.797s][info][gc,reloc    ] GC(306) Relocation: Successful, 26M relocated
[2026-06-17T10:22:50.179+0800][31.798s][info][gc,nmethod  ] GC(306) NMethods: 23 registered, 0 unregistered
[2026-06-17T10:22:50.179+0800][31.798s][info][gc,metaspace] GC(306) Metaspace: 3M used, 4M capacity, 4M committed, 8M reserved
[2026-06-17T10:22:50.180+0800][31.799s][info][gc,ref      ] GC(306) Soft: 43 encountered, 0 discovered, 0 enqueued
[2026-06-17T10:22:50.181+0800][31.799s][info][gc,ref      ] GC(306) Weak: 7 encountered, 2 discovered, 0 enqueued
[2026-06-17T10:22:50.181+0800][31.800s][info][gc,ref      ] GC(306) Final: 0 encountered, 0 discovered, 0 enqueued
[2026-06-17T10:22:50.182+0800][31.801s][info][gc,ref      ] GC(306) Phantom: 1 encountered, 1 discovered, 0 enqueued
[2026-06-17T10:22:50.183+0800][31.801s][info][gc,heap     ] GC(306)                Mark Start          Mark End        Relocate Start      Relocate End           High               Low         
[2026-06-17T10:22:50.183+0800][31.802s][info][gc,heap     ] GC(306)  Capacity:      256M (100%)        256M (100%)        256M (100%)        256M (100%)        256M (100%)        256M (100%)   
[2026-06-17T10:22:50.184+0800][31.802s][info][gc,heap     ] GC(306)   Reserve:       62M (24%)          62M (24%)          62M (24%)          62M (24%)          62M (24%)          62M (24%)    
[2026-06-17T10:22:50.184+0800][31.803s][info][gc,heap     ] GC(306)      Free:      112M (44%)         112M (44%)         104M (41%)         114M (45%)         114M (45%)          74M (29%)    
[2026-06-17T10:22:50.185+0800][31.804s][info][gc,heap     ] GC(306)      Used:       82M (32%)          82M (32%)          90M (35%)          80M (31%)         120M (47%)          80M (31%)    
[2026-06-17T10:22:50.186+0800][31.804s][info][gc,heap     ] GC(306)      Live:         -                28M (11%)          28M (11%)          28M (11%)            -                  -          
[2026-06-17T10:22:50.186+0800][31.805s][info][gc,heap     ] GC(306) Allocated:         -                 0M (0%)           38M (15%)          46M (18%)            -                  -          
[2026-06-17T10:22:50.187+0800][31.806s][info][gc,heap     ] GC(306)   Garbage:         -                53M (21%)          23M (9%)           13M (5%)             -                  -          
[2026-06-17T10:22:50.188+0800][31.806s][info][gc,heap     ] GC(306) Reclaimed:         -                  -                30M (12%)          40M (16%)            -                  -          
[2026-06-17T10:22:50.188+0800][31.807s][info][gc          ] GC(306) Garbage Collection (Allocation Rate) 82M(32%)->80M(31%)
[2026-06-17T10:22:50.263+0800][31.882s][info][gc,start    ] GC(307) Garbage Collection (Allocation Rate)
[2026-06-17T10:22:50.266+0800][31.885s][info][gc,phases   ] GC(307) Pause Mark Start 0.157ms
[2026-06-17T10:22:50.269+0800][31.888s][info][gc,phases   ] GC(307) Concurrent Mark 1.624ms
[2026-06-17T10:22:50.271+0800][31.890s][info][gc,phases   ] GC(307) Pause Mark End 0.664ms
[2026-06-17T10:22:50.272+0800][31.891s][info][gc,phases   ] GC(307) Concurrent Process Non-Strong References 0.205ms
[2026-06-17T10:22:50.273+0800][31.891s][info][gc,phases   ] GC(307) Concurrent Reset Relocation Set 0.002ms
[2026-06-17T10:22:50.274+0800][31.892s][info][gc,phases   ] GC(307) Concurrent Destroy Detached Pages 0.001ms
[2026-06-17T10:22:50.275+0800][31.894s][info][gc,phases   ] GC(307) Concurrent Select Relocation Set 0.487ms
[2026-06-17T10:22:50.276+0800][31.895s][info][gc,phases   ] GC(307) Concurrent Prepare Relocation Set 0.017ms
[2026-06-17T10:22:50.278+0800][31.896s][info][gc,phases   ] GC(307) Pause Relocate Start 0.303ms
[2026-06-17T10:22:50.280+0800][31.899s][info][gc,phases   ] GC(307) Concurrent Relocate 2.074ms
[2026-06-17T10:22:50.281+0800][31.900s][info][gc,load     ] GC(307) Load: 0.17/0.20/0.27
[2026-06-17T10:22:50.282+0800][31.901s][info][gc,mmu      ] GC(307) MMU: 2ms/0.0%, 5ms/43.3%, 10ms/66.9%, 20ms/83.5%, 50ms/93.4%, 100ms/96.6%
[2026-06-17T10:22:50.283+0800][31.902s][info][gc,marking  ] GC(307) Mark: 2 stripe(s), 2 proactive flush(es), 1 terminate flush(es), 0 completion(s), 0 continuation(s) 
[2026-06-17T10:22:50.284+0800][31.902s][info][gc,reloc    ] GC(307) Relocation: Successful, 24M relocated
[2026-06-17T10:22:50.284+0800][31.903s][info][gc,nmethod  ] GC(307) NMethods: 23 registered, 0 unregistered
[2026-06-17T10:22:50.285+0800][31.904s][info][gc,metaspace] GC(307) Metaspace: 3M used, 4M capacity, 4M committed, 8M reserved
[2026-06-17T10:22:50.286+0800][31.905s][info][gc,ref      ] GC(307) Soft: 43 encountered, 0 discovered, 0 enqueued
[2026-06-17T10:22:50.287+0800][31.905s][info][gc,ref      ] GC(307) Weak: 7 encountered, 2 discovered, 0 enqueued
[2026-06-17T10:22:50.287+0800][31.906s][info][gc,ref      ] GC(307) Final: 0 encountered, 0 discovered, 0 enqueued
[2026-06-17T10:22:50.288+0800][31.907s][info][gc,ref      ] GC(307) Phantom: 1 encountered, 1 discovered, 0 enqueued
[2026-06-17T10:22:50.289+0800][31.908s][info][gc,heap     ] GC(307)                Mark Start          Mark End        Relocate Start      Relocate End           High               Low         
[2026-06-17T10:22:50.290+0800][31.909s][info][gc,heap     ] GC(307)  Capacity:      256M (100%)        256M (100%)        256M (100%)        256M (100%)        256M (100%)        256M (100%)   
[2026-06-17T10:22:50.291+0800][31.909s][info][gc,heap     ] GC(307)   Reserve:       62M (24%)          62M (24%)          62M (24%)          62M (24%)          62M (24%)          62M (24%)    
[2026-06-17T10:22:50.291+0800][31.910s][info][gc,heap     ] GC(307)      Free:       80M (31%)          78M (30%)         110M (43%)         144M (56%)         144M (56%)          42M (16%)    
[2026-06-17T10:22:50.292+0800][31.911s][info][gc,heap     ] GC(307)      Used:      114M (45%)         116M (45%)          84M (33%)          50M (20%)         152M (59%)          50M (20%)    
[2026-06-17T10:22:50.293+0800][31.911s][info][gc,heap     ] GC(307)      Live:         -                26M (10%)          26M (10%)          26M (10%)            -                  -          
[2026-06-17T10:22:50.293+0800][31.912s][info][gc,heap     ] GC(307) Allocated:         -                 2M (1%)            2M (1%)           80M (31%)            -                  -          
[2026-06-17T10:22:50.294+0800][31.913s][info][gc,heap     ] GC(307)   Garbage:         -                87M (34%)          55M (22%)          49M (19%)            -                  -          
[2026-06-17T10:22:50.295+0800][31.913s][info][gc,heap     ] GC(307) Reclaimed:         -                  -                32M (12%)          38M (15%)            -                  -          
[2026-06-17T10:22:50.296+0800][31.915s][info][gc          ] GC(307) Garbage Collection (Allocation Rate) 114M(45%)->50M(20%)
[2026-06-17T10:22:50.363+0800][31.982s][info][gc,start    ] GC(308) Garbage Collection (Allocation Rate)
[2026-06-17T10:22:50.365+0800][31.983s][info][gc,phases   ] GC(308) Pause Mark Start 0.149ms
[2026-06-17T10:22:50.366+0800][31.985s][info][gc,phases   ] GC(308) Concurrent Mark 1.401ms
[2026-06-17T10:22:50.367+0800][31.986s][info][gc,phases   ] GC(308) Pause Mark End 0.250ms
[2026-06-17T10:22:50.368+0800][31.987s][info][gc,phases   ] GC(308) Concurrent Process Non-Strong References 0.113ms
[2026-06-17T10:22:50.369+0800][31.988s][info][gc,phases   ] GC(308) Concurrent Reset Relocation Set 0.003ms
[2026-06-17T10:22:50.370+0800][31.988s][info][gc,phases   ] GC(308) Concurrent Destroy Detached Pages 0.000ms
[2026-06-17T10:22:50.371+0800][31.990s][info][gc,phases   ] GC(308) Concurrent Select Relocation Set 0.470ms
[2026-06-17T10:22:50.372+0800][31.990s][info][gc,phases   ] GC(308) Concurrent Prepare Relocation Set 0.015ms
[2026-06-17T10:22:50.373+0800][31.992s][info][gc,phases   ] GC(308) Pause Relocate Start 0.234ms
[2026-06-17T10:22:50.374+0800][31.993s][info][gc,phases   ] GC(308) Concurrent Relocate 0.605ms
[2026-06-17T10:22:50.375+0800][31.994s][info][gc,load     ] GC(308) Load: 0.17/0.20/0.27
[2026-06-17T10:22:50.375+0800][31.994s][info][gc,mmu      ] GC(308) MMU: 2ms/0.0%, 5ms/43.3%, 10ms/66.9%, 20ms/83.5%, 50ms/93.4%, 100ms/96.6%
[2026-06-17T10:22:50.376+0800][31.995s][info][gc,marking  ] GC(308) Mark: 2 stripe(s), 1 proactive flush(es), 1 terminate flush(es), 0 completion(s), 0 continuation(s) 
[2026-06-17T10:22:50.376+0800][31.995s][info][gc,reloc    ] GC(308) Relocation: Successful, 23M relocated
[2026-06-17T10:22:50.377+0800][31.996s][info][gc,nmethod  ] GC(308) NMethods: 23 registered, 0 unregistered
[2026-06-17T10:22:50.377+0800][31.996s][info][gc,metaspace] GC(308) Metaspace: 3M used, 4M capacity, 4M committed, 8M reserved
[2026-06-17T10:22:50.378+0800][31.997s][info][gc,ref      ] GC(308) Soft: 43 encountered, 0 discovered, 0 enqueued
[2026-06-17T10:22:50.378+0800][31.997s][info][gc,ref      ] GC(308) Weak: 7 encountered, 2 discovered, 0 enqueued
[2026-06-17T10:22:50.379+0800][31.998s][info][gc,ref      ] GC(308) Final: 0 encountered, 0 discovered, 0 enqueued
[2026-06-17T10:22:50.379+0800][31.998s][info][gc,ref      ] GC(308) Phantom: 1 encountered, 1 discovered, 0 enqueued
[2026-06-17T10:22:50.380+0800][31.999s][info][gc,heap     ] GC(308)                Mark Start          Mark End        Relocate Start      Relocate End           High               Low         
[2026-06-17T10:22:50.380+0800][31.999s][info][gc,heap     ] GC(308)  Capacity:      256M (100%)        256M (100%)        256M (100%)        256M (100%)        256M (100%)        256M (100%)   
[2026-06-17T10:22:50.381+0800][32.000s][info][gc,heap     ] GC(308)   Reserve:       62M (24%)          62M (24%)          62M (24%)          62M (24%)          62M (24%)          62M (24%)    
[2026-06-17T10:22:50.381+0800][32.000s][info][gc,heap     ] GC(308)      Free:      114M (45%)         114M (45%)         138M (54%)         148M (58%)         148M (58%)         114M (45%)    
[2026-06-17T10:22:50.382+0800][32.000s][info][gc,heap     ] GC(308)      Used:       80M (31%)          80M (31%)          56M (22%)          46M (18%)          80M (31%)          46M (18%)    
[2026-06-17T10:22:50.382+0800][32.001s][info][gc,heap     ] GC(308)      Live:         -                23M (9%)           23M (9%)           23M (9%)             -                  -          
[2026-06-17T10:22:50.383+0800][32.001s][info][gc,heap     ] GC(308) Allocated:         -                 0M (0%)            0M (0%)           10M (4%)             -                  -          
[2026-06-17T10:22:50.383+0800][32.002s][info][gc,heap     ] GC(308)   Garbage:         -                56M (22%)          32M (13%)          18M (7%)             -                  -          
[2026-06-17T10:22:50.384+0800][32.002s][info][gc,heap     ] GC(308) Reclaimed:         -                  -                24M (9%)           38M (15%)            -                  -          
[2026-06-17T10:22:50.384+0800][32.003s][info][gc          ] GC(308) Garbage Collection (Allocation Rate) 80M(31%)->46M(18%)
[2026-06-17T10:22:50.463+0800][32.081s][info][gc,start    ] GC(309) Garbage Collection (Allocation Rate)
[2026-06-17T10:22:50.464+0800][32.083s][info][gc,phases   ] GC(309) Pause Mark Start 0.304ms
[2026-06-17T10:22:50.467+0800][32.086s][info][gc,phases   ] GC(309) Concurrent Mark 1.582ms
[2026-06-17T10:22:50.470+0800][32.089s][info][gc,phases   ] GC(309) Pause Mark End 0.455ms
[2026-06-17T10:22:50.472+0800][32.091s][info][gc,phases   ] GC(309) Concurrent Process Non-Strong References 0.223ms
[2026-06-17T10:22:50.475+0800][32.093s][info][gc,phases   ] GC(309) Concurrent Reset Relocation Set 0.003ms
[2026-06-17T10:22:50.484+0800][32.102s][info][gc,phases   ] GC(309) Concurrent Destroy Detached Pages 0.002ms
[2026-06-17T10:22:50.486+0800][32.105s][info][gc,phases   ] GC(309) Concurrent Select Relocation Set 1.264ms
[2026-06-17T10:22:50.487+0800][32.105s][info][gc,phases   ] GC(309) Concurrent Prepare Relocation Set 0.009ms
[2026-06-17T10:22:50.488+0800][32.106s][info][gc,phases   ] GC(309) Pause Relocate Start 0.318ms
[2026-06-17T10:22:50.492+0800][32.111s][info][gc,phases   ] GC(309) Concurrent Relocate 1.695ms
[2026-06-17T10:22:50.493+0800][32.112s][info][gc,load     ] GC(309) Load: 0.17/0.20/0.27
[2026-06-17T10:22:50.496+0800][32.115s][info][gc,mmu      ] GC(309) MMU: 2ms/0.0%, 5ms/43.3%, 10ms/66.9%, 20ms/83.5%, 50ms/93.4%, 100ms/96.6%
[2026-06-17T10:22:50.500+0800][32.118s][info][gc,marking  ] GC(309) Mark: 2 stripe(s), 1 proactive flush(es), 1 terminate flush(es), 0 completion(s), 0 continuation(s) 
[2026-06-17T10:22:50.503+0800][32.121s][info][gc,reloc    ] GC(309) Relocation: Successful, 23M relocated
[2026-06-17T10:22:50.503+0800][32.122s][info][gc,nmethod  ] GC(309) NMethods: 23 registered, 0 unregistered
[2026-06-17T10:22:50.503+0800][32.122s][info][gc,metaspace] GC(309) Metaspace: 3M used, 4M capacity, 4M committed, 8M reserved
[2026-06-17T10:22:50.504+0800][32.122s][info][gc,ref      ] GC(309) Soft: 43 encountered, 0 discovered, 0 enqueued
[2026-06-17T10:22:50.504+0800][32.123s][info][gc,ref      ] GC(309) Weak: 7 encountered, 2 discovered, 0 enqueued
[2026-06-17T10:22:50.504+0800][32.123s][info][gc,ref      ] GC(309) Final: 0 encountered, 0 discovered, 0 enqueued
[2026-06-17T10:22:50.504+0800][32.123s][info][gc,ref      ] GC(309) Phantom: 1 encountered, 1 discovered, 0 enqueued
[2026-06-17T10:22:50.504+0800][32.123s][info][gc,heap     ] GC(309)                Mark Start          Mark End        Relocate Start      Relocate End           High               Low         
[2026-06-17T10:22:50.504+0800][32.123s][info][gc,heap     ] GC(309)  Capacity:      256M (100%)        256M (100%)        256M (100%)        256M (100%)        256M (100%)        256M (100%)   
[2026-06-17T10:22:50.505+0800][32.123s][info][gc,heap     ] GC(309)   Reserve:       62M (24%)          62M (24%)          62M (24%)          62M (24%)          62M (24%)          62M (24%)    
[2026-06-17T10:22:50.505+0800][32.123s][info][gc,heap     ] GC(309)      Free:       84M (33%)          80M (31%)         100M (39%)         136M (53%)         136M (53%)          28M (11%)    
[2026-06-17T10:22:50.505+0800][32.124s][info][gc,heap     ] GC(309)      Used:      110M (43%)         114M (45%)          94M (37%)          58M (23%)         166M (65%)          58M (23%)    
[2026-06-17T10:22:50.505+0800][32.124s][info][gc,heap     ] GC(309)      Live:         -                25M (10%)          25M (10%)          25M (10%)            -                  -          
[2026-06-17T10:22:50.505+0800][32.124s][info][gc,heap     ] GC(309) Allocated:         -                 4M (2%)            8M (3%)           86M (34%)            -                  -          
[2026-06-17T10:22:50.505+0800][32.124s][info][gc,heap     ] GC(309)   Garbage:         -                84M (33%)          60M (24%)          52M (21%)            -                  -          
[2026-06-17T10:22:50.505+0800][32.124s][info][gc,heap     ] GC(309) Reclaimed:         -                  -                24M (9%)           32M (12%)            -                  -          
[2026-06-17T10:22:50.506+0800][32.124s][info][gc          ] GC(309) Garbage Collection (Allocation Rate) 110M(43%)->58M(23%)
[2026-06-17T10:22:50.563+0800][32.182s][info][gc,start    ] GC(310) Garbage Collection (Allocation Rate)
[2026-06-17T10:22:50.566+0800][32.185s][info][gc,phases   ] GC(310) Pause Mark Start 0.595ms
[2026-06-17T10:22:50.569+0800][32.188s][info][gc,phases   ] GC(310) Concurrent Mark 2.381ms
[2026-06-17T10:22:50.571+0800][32.190s][info][gc,phases   ] GC(310) Pause Mark End 0.686ms
[2026-06-17T10:22:50.572+0800][32.191s][info][gc,phases   ] GC(310) Concurrent Process Non-Strong References 0.262ms
[2026-06-17T10:22:50.572+0800][32.191s][info][gc,phases   ] GC(310) Concurrent Reset Relocation Set 0.004ms
[2026-06-17T10:22:50.573+0800][32.191s][info][gc,phases   ] GC(310) Concurrent Destroy Detached Pages 0.001ms
[2026-06-17T10:22:50.574+0800][32.193s][info][gc,phases   ] GC(310) Concurrent Select Relocation Set 1.172ms
[2026-06-17T10:22:50.575+0800][32.193s][info][gc,phases   ] GC(310) Concurrent Prepare Relocation Set 0.015ms
[2026-06-17T10:22:50.576+0800][32.194s][info][gc,phases   ] GC(310) Pause Relocate Start 0.255ms
[2026-06-17T10:22:50.577+0800][32.195s][info][gc,phases   ] GC(310) Concurrent Relocate 0.529ms
[2026-06-17T10:22:50.577+0800][32.196s][info][gc,load     ] GC(310) Load: 0.17/0.20/0.27
[2026-06-17T10:22:50.577+0800][32.196s][info][gc,mmu      ] GC(310) MMU: 2ms/0.0%, 5ms/43.3%, 10ms/66.9%, 20ms/83.5%, 50ms/93.4%, 100ms/96.6%
[2026-06-17T10:22:50.577+0800][32.196s][info][gc,marking  ] GC(310) Mark: 2 stripe(s), 2 proactive flush(es), 1 terminate flush(es), 0 completion(s), 0 continuation(s) 
[2026-06-17T10:22:50.578+0800][32.196s][info][gc,reloc    ] GC(310) Relocation: Successful, 20M relocated
[2026-06-17T10:22:50.578+0800][32.197s][info][gc,nmethod  ] GC(310) NMethods: 23 registered, 0 unregistered
[2026-06-17T10:22:50.578+0800][32.197s][info][gc,metaspace] GC(310) Metaspace: 3M used, 4M capacity, 4M committed, 8M reserved
[2026-06-17T10:22:50.578+0800][32.197s][info][gc,ref      ] GC(310) Soft: 43 encountered, 0 discovered, 0 enqueued
[2026-06-17T10:22:50.578+0800][32.197s][info][gc,ref      ] GC(310) Weak: 7 encountered, 2 discovered, 0 enqueued
[2026-06-17T10:22:50.578+0800][32.197s][info][gc,ref      ] GC(310) Final: 0 encountered, 0 discovered, 0 enqueued
[2026-06-17T10:22:50.579+0800][32.197s][info][gc,ref      ] GC(310) Phantom: 1 encountered, 1 discovered, 0 enqueued
[2026-06-17T10:22:50.579+0800][32.198s][info][gc,heap     ] GC(310)                Mark Start          Mark End        Relocate Start      Relocate End           High               Low         
[2026-06-17T10:22:50.579+0800][32.198s][info][gc,heap     ] GC(310)  Capacity:      256M (100%)        256M (100%)        256M (100%)        256M (100%)        256M (100%)        256M (100%)   
[2026-06-17T10:22:50.579+0800][32.198s][info][gc,heap     ] GC(310)   Reserve:       62M (24%)          62M (24%)          62M (24%)          62M (24%)          62M (24%)          62M (24%)    
[2026-06-17T10:22:50.580+0800][32.198s][info][gc,heap     ] GC(310)      Free:      114M (45%)         110M (43%)         138M (54%)         150M (59%)         150M (59%)         110M (43%)    
[2026-06-17T10:22:50.580+0800][32.198s][info][gc,heap     ] GC(310)      Used:       80M (31%)          84M (33%)          56M (22%)          44M (17%)          84M (33%)          44M (17%)    
[2026-06-17T10:22:50.580+0800][32.199s][info][gc,heap     ] GC(310)      Live:         -                22M (9%)           22M (9%)           22M (9%)             -                  -          
[2026-06-17T10:22:50.580+0800][32.199s][info][gc,heap     ] GC(310) Allocated:         -                 4M (2%)            4M (2%)           10M (4%)             -                  -          
[2026-06-17T10:22:50.580+0800][32.199s][info][gc,heap     ] GC(310)   Garbage:         -                57M (23%)          29M (12%)          17M (7%)             -                  -          
[2026-06-17T10:22:50.580+0800][32.199s][info][gc,heap     ] GC(310) Reclaimed:         -                  -                28M (11%)          40M (16%)            -                  -          
[2026-06-17T10:22:50.581+0800][32.199s][info][gc          ] GC(310) Garbage Collection (Allocation Rate) 80M(31%)->44M(17%)
[2026-06-17T10:22:50.663+0800][32.282s][info][gc,start    ] GC(311) Garbage Collection (Allocation Rate)
[2026-06-17T10:22:50.666+0800][32.284s][info][gc,phases   ] GC(311) Pause Mark Start 0.601ms
[2026-06-17T10:22:50.669+0800][32.287s][info][gc,phases   ] GC(311) Concurrent Mark 2.264ms
[2026-06-17T10:22:50.671+0800][32.289s][info][gc,phases   ] GC(311) Pause Mark End 0.977ms
[2026-06-17T10:22:50.672+0800][32.290s][info][gc,phases   ] GC(311) Concurrent Process Non-Strong References 0.206ms
[2026-06-17T10:22:50.672+0800][32.291s][info][gc,phases   ] GC(311) Concurrent Reset Relocation Set 0.005ms
[2026-06-17T10:22:50.672+0800][32.291s][info][gc,phases   ] GC(311) Concurrent Destroy Detached Pages 0.002ms
[2026-06-17T10:22:50.674+0800][32.293s][info][gc,phases   ] GC(311) Concurrent Select Relocation Set 1.186ms
[2026-06-17T10:22:50.674+0800][32.293s][info][gc,phases   ] GC(311) Concurrent Prepare Relocation Set 0.014ms
[2026-06-17T10:22:50.675+0800][32.294s][info][gc,phases   ] GC(311) Pause Relocate Start 0.279ms
[2026-06-17T10:22:50.678+0800][32.296s][info][gc,phases   ] GC(311) Concurrent Relocate 2.266ms
[2026-06-17T10:22:50.678+0800][32.297s][info][gc,load     ] GC(311) Load: 0.17/0.20/0.27
[2026-06-17T10:22:50.678+0800][32.297s][info][gc,mmu      ] GC(311) MMU: 2ms/0.0%, 5ms/43.3%, 10ms/66.9%, 20ms/83.5%, 50ms/93.4%, 100ms/96.6%
[2026-06-17T10:22:50.678+0800][32.297s][info][gc,marking  ] GC(311) Mark: 2 stripe(s), 1 proactive flush(es), 1 terminate flush(es), 0 completion(s), 0 continuation(s) 
[2026-06-17T10:22:50.679+0800][32.297s][info][gc,reloc    ] GC(311) Relocation: Successful, 26M relocated
[2026-06-17T10:22:50.679+0800][32.298s][info][gc,nmethod  ] GC(311) NMethods: 23 registered, 0 unregistered
[2026-06-17T10:22:50.679+0800][32.298s][info][gc,metaspace] GC(311) Metaspace: 3M used, 4M capacity, 4M committed, 8M reserved
[2026-06-17T10:22:50.679+0800][32.298s][info][gc,ref      ] GC(311) Soft: 43 encountered, 0 discovered, 0 enqueued
[2026-06-17T10:22:50.679+0800][32.298s][info][gc,ref      ] GC(311) Weak: 7 encountered, 2 discovered, 0 enqueued
[2026-06-17T10:22:50.680+0800][32.298s][info][gc,ref      ] GC(311) Final: 0 encountered, 0 discovered, 0 enqueued
[2026-06-17T10:22:50.680+0800][32.298s][info][gc,ref      ] GC(311) Phantom: 1 encountered, 1 discovered, 0 enqueued
[2026-06-17T10:22:50.680+0800][32.299s][info][gc,heap     ] GC(311)                Mark Start          Mark End        Relocate Start      Relocate End           High               Low         
[2026-06-17T10:22:50.680+0800][32.299s][info][gc,heap     ] GC(311)  Capacity:      256M (100%)        256M (100%)        256M (100%)        256M (100%)        256M (100%)        256M (100%)   
[2026-06-17T10:22:50.680+0800][32.299s][info][gc,heap     ] GC(311)   Reserve:       62M (24%)          62M (24%)          62M (24%)          62M (24%)          62M (24%)          62M (24%)    
[2026-06-17T10:22:50.680+0800][32.299s][info][gc,heap     ] GC(311)      Free:       82M (32%)          82M (32%)         110M (43%)         146M (57%)         146M (57%)          72M (28%)    
[2026-06-17T10:22:50.680+0800][32.299s][info][gc,heap     ] GC(311)      Used:      112M (44%)         112M (44%)          84M (33%)          48M (19%)         122M (48%)          48M (19%)    
[2026-06-17T10:22:50.681+0800][32.299s][info][gc,heap     ] GC(311)      Live:         -                28M (11%)          28M (11%)          28M (11%)            -                  -          
[2026-06-17T10:22:50.681+0800][32.299s][info][gc,heap     ] GC(311) Allocated:         -                 0M (0%)            4M (2%)           46M (18%)            -                  -          
[2026-06-17T10:22:50.681+0800][32.300s][info][gc,heap     ] GC(311)   Garbage:         -                83M (33%)          51M (20%)          15M (6%)             -                  -          
[2026-06-17T10:22:50.681+0800][32.300s][info][gc,heap     ] GC(311) Reclaimed:         -                  -                32M (12%)          68M (27%)            -                  -          
[2026-06-17T10:22:50.681+0800][32.300s][info][gc          ] GC(311) Garbage Collection (Allocation Rate) 112M(44%)->48M(19%)
[2026-06-17T10:22:50.763+0800][32.381s][info][gc,start    ] GC(312) Garbage Collection (Allocation Rate)
[2026-06-17T10:22:50.764+0800][32.383s][info][gc,phases   ] GC(312) Pause Mark Start 0.413ms
[2026-06-17T10:22:50.767+0800][32.386s][info][gc,phases   ] GC(312) Concurrent Mark 1.953ms
[2026-06-17T10:22:50.768+0800][32.387s][info][gc,phases   ] GC(312) Pause Mark End 0.601ms
[2026-06-17T10:22:50.769+0800][32.388s][info][gc,phases   ] GC(312) Concurrent Process Non-Strong References 0.150ms
[2026-06-17T10:22:50.769+0800][32.388s][info][gc,phases   ] GC(312) Concurrent Reset Relocation Set 0.005ms
[2026-06-17T10:22:50.770+0800][32.388s][info][gc,phases   ] GC(312) Concurrent Destroy Detached Pages 0.001ms
[2026-06-17T10:22:50.771+0800][32.390s][info][gc,phases   ] GC(312) Concurrent Select Relocation Set 0.961ms
[2026-06-17T10:22:50.771+0800][32.390s][info][gc,phases   ] GC(312) Concurrent Prepare Relocation Set 0.013ms
[2026-06-17T10:22:50.772+0800][32.390s][info][gc,phases   ] GC(312) Pause Relocate Start 0.218ms
[2026-06-17T10:22:50.772+0800][32.391s][info][gc,phases   ] GC(312) Concurrent Relocate 0.457ms
[2026-06-17T10:22:50.773+0800][32.392s][info][gc,load     ] GC(312) Load: 0.17/0.20/0.27
[2026-06-17T10:22:50.773+0800][32.392s][info][gc,mmu      ] GC(312) MMU: 2ms/0.0%, 5ms/43.3%, 10ms/66.9%, 20ms/83.5%, 50ms/93.4%, 100ms/96.6%
[2026-06-17T10:22:50.773+0800][32.392s][info][gc,marking  ] GC(312) Mark: 2 stripe(s), 1 proactive flush(es), 1 terminate flush(es), 0 completion(s), 0 continuation(s) 
[2026-06-17T10:22:50.774+0800][32.392s][info][gc,reloc    ] GC(312) Relocation: Successful, 22M relocated
[2026-06-17T10:22:50.774+0800][32.393s][info][gc,nmethod  ] GC(312) NMethods: 23 registered, 0 unregistered
[2026-06-17T10:22:50.774+0800][32.393s][info][gc,metaspace] GC(312) Metaspace: 3M used, 4M capacity, 4M committed, 8M reserved
[2026-06-17T10:22:50.774+0800][32.393s][info][gc,ref      ] GC(312) Soft: 43 encountered, 0 discovered, 0 enqueued
[2026-06-17T10:22:50.774+0800][32.393s][info][gc,ref      ] GC(312) Weak: 7 encountered, 2 discovered, 0 enqueued
[2026-06-17T10:22:50.775+0800][32.393s][info][gc,ref      ] GC(312) Final: 0 encountered, 0 discovered, 0 enqueued
[2026-06-17T10:22:50.775+0800][32.394s][info][gc,ref      ] GC(312) Phantom: 1 encountered, 1 discovered, 0 enqueued
[2026-06-17T10:22:50.775+0800][32.394s][info][gc,heap     ] GC(312)                Mark Start          Mark End        Relocate Start      Relocate End           High               Low         
[2026-06-17T10:22:50.775+0800][32.394s][info][gc,heap     ] GC(312)  Capacity:      256M (100%)        256M (100%)        256M (100%)        256M (100%)        256M (100%)        256M (100%)   
[2026-06-17T10:22:50.775+0800][32.394s][info][gc,heap     ] GC(312)   Reserve:       62M (24%)          62M (24%)          62M (24%)          62M (24%)          62M (24%)          62M (24%)    
[2026-06-17T10:22:50.776+0800][32.394s][info][gc,heap     ] GC(312)      Free:      114M (45%)         114M (45%)         144M (56%)         146M (57%)         146M (57%)         110M (43%)    
[2026-06-17T10:22:50.776+0800][32.395s][info][gc,heap     ] GC(312)      Used:       80M (31%)          80M (31%)          50M (20%)          48M (19%)          84M (33%)          48M (19%)    
[2026-06-17T10:22:50.776+0800][32.395s][info][gc,heap     ] GC(312)      Live:         -                24M (10%)          24M (10%)          24M (10%)            -                  -          
[2026-06-17T10:22:50.776+0800][32.395s][info][gc,heap     ] GC(312) Allocated:         -                 0M (0%)            4M (2%)           10M (4%)             -                  -          
[2026-06-17T10:22:50.776+0800][32.395s][info][gc,heap     ] GC(312)   Garbage:         -                55M (22%)          21M (8%)           19M (8%)             -                  -          
[2026-06-17T10:22:50.776+0800][32.395s][info][gc,heap     ] GC(312) Reclaimed:         -                  -                34M (13%)          36M (14%)            -                  -          
[2026-06-17T10:22:50.776+0800][32.395s][info][gc          ] GC(312) Garbage Collection (Allocation Rate) 80M(31%)->48M(19%)
[2026-06-17T10:22:50.863+0800][32.482s][info][gc,start    ] GC(313) Garbage Collection (Allocation Rate)
[2026-06-17T10:22:50.864+0800][32.483s][info][gc,phases   ] GC(313) Pause Mark Start 0.342ms
[2026-06-17T10:22:50.867+0800][32.486s][info][gc,phases   ] GC(313) Concurrent Mark 1.836ms
[2026-06-17T10:22:50.868+0800][32.487s][info][gc,phases   ] GC(313) Pause Mark End 0.437ms
[2026-06-17T10:22:50.869+0800][32.488s][info][gc,phases   ] GC(313) Concurrent Process Non-Strong References 0.253ms
[2026-06-17T10:22:50.869+0800][32.488s][info][gc,phases   ] GC(313) Concurrent Reset Relocation Set 0.002ms
[2026-06-17T10:22:50.870+0800][32.488s][info][gc,phases   ] GC(313) Concurrent Destroy Detached Pages 0.001ms
[2026-06-17T10:22:50.871+0800][32.489s][info][gc,phases   ] GC(313) Concurrent Select Relocation Set 0.860ms
[2026-06-17T10:22:50.871+0800][32.490s][info][gc,phases   ] GC(313) Concurrent Prepare Relocation Set 0.009ms
[2026-06-17T10:22:50.872+0800][32.490s][info][gc,phases   ] GC(313) Pause Relocate Start 0.146ms
[2026-06-17T10:22:50.873+0800][32.492s][info][gc,phases   ] GC(313) Concurrent Relocate 1.534ms
[2026-06-17T10:22:50.874+0800][32.492s][info][gc,load     ] GC(313) Load: 0.17/0.20/0.27
[2026-06-17T10:22:50.874+0800][32.493s][info][gc,mmu      ] GC(313) MMU: 2ms/0.0%, 5ms/43.3%, 10ms/66.9%, 20ms/83.5%, 50ms/93.4%, 100ms/96.6%
[2026-06-17T10:22:50.874+0800][32.493s][info][gc,marking  ] GC(313) Mark: 2 stripe(s), 2 proactive flush(es), 1 terminate flush(es), 0 completion(s), 0 continuation(s) 
[2026-06-17T10:22:50.874+0800][32.493s][info][gc,reloc    ] GC(313) Relocation: Successful, 22M relocated
[2026-06-17T10:22:50.874+0800][32.493s][info][gc,nmethod  ] GC(313) NMethods: 23 registered, 0 unregistered
[2026-06-17T10:22:50.875+0800][32.493s][info][gc,metaspace] GC(313) Metaspace: 3M used, 4M capacity, 4M committed, 8M reserved
[2026-06-17T10:22:50.875+0800][32.493s][info][gc,ref      ] GC(313) Soft: 43 encountered, 0 discovered, 0 enqueued
[2026-06-17T10:22:50.875+0800][32.494s][info][gc,ref      ] GC(313) Weak: 7 encountered, 2 discovered, 0 enqueued
[2026-06-17T10:22:50.875+0800][32.494s][info][gc,ref      ] GC(313) Final: 0 encountered, 0 discovered, 0 enqueued
[2026-06-17T10:22:50.875+0800][32.494s][info][gc,ref      ] GC(313) Phantom: 1 encountered, 1 discovered, 0 enqueued
[2026-06-17T10:22:50.875+0800][32.494s][info][gc,heap     ] GC(313)                Mark Start          Mark End        Relocate Start      Relocate End           High               Low         
[2026-06-17T10:22:50.875+0800][32.494s][info][gc,heap     ] GC(313)  Capacity:      256M (100%)        256M (100%)        256M (100%)        256M (100%)        256M (100%)        256M (100%)   
[2026-06-17T10:22:50.876+0800][32.494s][info][gc,heap     ] GC(313)   Reserve:       62M (24%)          62M (24%)          62M (24%)          62M (24%)          62M (24%)          62M (24%)    
[2026-06-17T10:22:50.876+0800][32.494s][info][gc,heap     ] GC(313)      Free:       82M (32%)          78M (30%)         108M (42%)         150M (59%)         150M (59%)          70M (27%)    
[2026-06-17T10:22:50.876+0800][32.494s][info][gc,heap     ] GC(313)      Used:      112M (44%)         116M (45%)          86M (34%)          44M (17%)         124M (48%)          44M (17%)    
[2026-06-17T10:22:50.876+0800][32.495s][info][gc,heap     ] GC(313)      Live:         -                22M (9%)           22M (9%)           22M (9%)             -                  -          
[2026-06-17T10:22:50.876+0800][32.495s][info][gc,heap     ] GC(313) Allocated:         -                 4M (2%)            4M (2%)           42M (16%)            -                  -          
[2026-06-17T10:22:50.876+0800][32.495s][info][gc,heap     ] GC(313)   Garbage:         -                89M (35%)          59M (23%)          17M (7%)             -                  -          
[2026-06-17T10:22:50.876+0800][32.495s][info][gc,heap     ] GC(313) Reclaimed:         -                  -                30M (12%)          72M (28%)            -                  -          
[2026-06-17T10:22:50.876+0800][32.495s][info][gc          ] GC(313) Garbage Collection (Allocation Rate) 112M(44%)->44M(17%)
[2026-06-17T10:22:50.963+0800][32.582s][info][gc,start    ] GC(314) Garbage Collection (Allocation Rate)
[2026-06-17T10:22:50.965+0800][32.583s][info][gc,phases   ] GC(314) Pause Mark Start 0.604ms
[2026-06-17T10:22:50.967+0800][32.585s][info][gc,phases   ] GC(314) Concurrent Mark 1.718ms
[2026-06-17T10:22:50.968+0800][32.587s][info][gc,phases   ] GC(314) Pause Mark End 0.445ms
[2026-06-17T10:22:50.968+0800][32.587s][info][gc,phases   ] GC(314) Concurrent Process Non-Strong References 0.225ms
[2026-06-17T10:22:50.969+0800][32.588s][info][gc,phases   ] GC(314) Concurrent Reset Relocation Set 0.004ms
[2026-06-17T10:22:50.969+0800][32.588s][info][gc,phases   ] GC(314) Concurrent Destroy Detached Pages 0.003ms
[2026-06-17T10:22:50.970+0800][32.589s][info][gc,phases   ] GC(314) Concurrent Select Relocation Set 1.024ms
[2026-06-17T10:22:50.971+0800][32.590s][info][gc,phases   ] GC(314) Concurrent Prepare Relocation Set 0.004ms
[2026-06-17T10:22:50.971+0800][32.590s][info][gc,phases   ] GC(314) Pause Relocate Start 0.179ms
[2026-06-17T10:22:50.972+0800][32.591s][info][gc,phases   ] GC(314) Concurrent Relocate 0.252ms
[2026-06-17T10:22:50.972+0800][32.591s][info][gc,load     ] GC(314) Load: 0.17/0.20/0.27
[2026-06-17T10:22:50.973+0800][32.591s][info][gc,mmu      ] GC(314) MMU: 2ms/0.0%, 5ms/43.3%, 10ms/66.9%, 20ms/83.5%, 50ms/93.4%, 100ms/96.6%
[2026-06-17T10:22:50.973+0800][32.592s][info][gc,marking  ] GC(314) Mark: 2 stripe(s), 1 proactive flush(es), 1 terminate flush(es), 0 completion(s), 0 continuation(s) 
[2026-06-17T10:22:50.973+0800][32.592s][info][gc,reloc    ] GC(314) Relocation: Successful, 26M relocated
[2026-06-17T10:22:50.973+0800][32.592s][info][gc,nmethod  ] GC(314) NMethods: 23 registered, 0 unregistered
[2026-06-17T10:22:50.973+0800][32.592s][info][gc,metaspace] GC(314) Metaspace: 3M used, 4M capacity, 4M committed, 8M reserved
[2026-06-17T10:22:50.974+0800][32.592s][info][gc,ref      ] GC(314) Soft: 43 encountered, 0 discovered, 0 enqueued
[2026-06-17T10:22:50.974+0800][32.592s][info][gc,ref      ] GC(314) Weak: 7 encountered, 2 discovered, 0 enqueued
[2026-06-17T10:22:50.974+0800][32.593s][info][gc,ref      ] GC(314) Final: 0 encountered, 0 discovered, 0 enqueued
[2026-06-17T10:22:50.974+0800][32.593s][info][gc,ref      ] GC(314) Phantom: 1 encountered, 1 discovered, 0 enqueued
[2026-06-17T10:22:50.974+0800][32.593s][info][gc,heap     ] GC(314)                Mark Start          Mark End        Relocate Start      Relocate End           High               Low         
[2026-06-17T10:22:50.974+0800][32.593s][info][gc,heap     ] GC(314)  Capacity:      256M (100%)        256M (100%)        256M (100%)        256M (100%)        256M (100%)        256M (100%)   
[2026-06-17T10:22:50.975+0800][32.593s][info][gc,heap     ] GC(314)   Reserve:       62M (24%)          62M (24%)          62M (24%)          62M (24%)          62M (24%)          62M (24%)    
[2026-06-17T10:22:50.975+0800][32.593s][info][gc,heap     ] GC(314)      Free:      116M (45%)         116M (45%)         108M (42%)         114M (45%)         146M (57%)         104M (41%)    
[2026-06-17T10:22:50.975+0800][32.594s][info][gc,heap     ] GC(314)      Used:       78M (30%)          78M (30%)          86M (34%)          80M (31%)          90M (35%)          48M (19%)    
[2026-06-17T10:22:50.975+0800][32.594s][info][gc,heap     ] GC(314)      Live:         -                28M (11%)          28M (11%)          28M (11%)            -                  -          
[2026-06-17T10:22:50.975+0800][32.594s][info][gc,heap     ] GC(314) Allocated:         -                 0M (0%)           38M (15%)          44M (17%)            -                  -          
[2026-06-17T10:22:50.975+0800][32.594s][info][gc,heap     ] GC(314)   Garbage:         -                49M (19%)          19M (8%)           13M (5%)             -                  -          
[2026-06-17T10:22:50.977+0800][32.596s][info][gc,heap     ] GC(314) Reclaimed:         -                  -                30M (12%)          36M (14%)            -                  -          
[2026-06-17T10:22:50.980+0800][32.599s][info][gc          ] GC(314) Garbage Collection (Allocation Rate) 78M(30%)->80M(31%)
[2026-06-17T10:22:51.063+0800][32.682s][info][gc,start    ] GC(315) Garbage Collection (Allocation Rate)
[2026-06-17T10:22:51.064+0800][32.683s][info][gc,phases   ] GC(315) Pause Mark Start 0.302ms
[2026-06-17T10:22:51.067+0800][32.685s][info][gc,phases   ] GC(315) Concurrent Mark 1.686ms
[2026-06-17T10:22:51.068+0800][32.686s][info][gc,phases   ] GC(315) Pause Mark End 0.460ms
[2026-06-17T10:22:51.068+0800][32.687s][info][gc,phases   ] GC(315) Concurrent Process Non-Strong References 0.085ms
[2026-06-17T10:22:51.068+0800][32.687s][info][gc,phases   ] GC(315) Concurrent Reset Relocation Set 0.004ms
[2026-06-17T10:22:51.069+0800][32.687s][info][gc,phases   ] GC(315) Concurrent Destroy Detached Pages 0.001ms
[2026-06-17T10:22:51.069+0800][32.688s][info][gc,phases   ] GC(315) Concurrent Select Relocation Set 0.766ms
[2026-06-17T10:22:51.070+0800][32.688s][info][gc,phases   ] GC(315) Concurrent Prepare Relocation Set 0.019ms
[2026-06-17T10:22:51.070+0800][32.689s][info][gc,phases   ] GC(315) Pause Relocate Start 0.165ms
[2026-06-17T10:22:51.072+0800][32.691s][info][gc,phases   ] GC(315) Concurrent Relocate 1.722ms
[2026-06-17T10:22:51.073+0800][32.691s][info][gc,load     ] GC(315) Load: 0.17/0.20/0.27
[2026-06-17T10:22:51.073+0800][32.691s][info][gc,mmu      ] GC(315) MMU: 2ms/0.0%, 5ms/43.3%, 10ms/66.9%, 20ms/83.5%, 50ms/93.4%, 100ms/96.6%
[2026-06-17T10:22:51.073+0800][32.692s][info][gc,marking  ] GC(315) Mark: 2 stripe(s), 1 proactive flush(es), 1 terminate flush(es), 0 completion(s), 0 continuation(s) 
[2026-06-17T10:22:51.073+0800][32.692s][info][gc,reloc    ] GC(315) Relocation: Successful, 23M relocated
[2026-06-17T10:22:51.073+0800][32.692s][info][gc,nmethod  ] GC(315) NMethods: 23 registered, 0 unregistered
[2026-06-17T10:22:51.074+0800][32.692s][info][gc,metaspace] GC(315) Metaspace: 3M used, 4M capacity, 4M committed, 8M reserved
[2026-06-17T10:22:51.074+0800][32.692s][info][gc,ref      ] GC(315) Soft: 43 encountered, 0 discovered, 0 enqueued
[2026-06-17T10:22:51.074+0800][32.693s][info][gc,ref      ] GC(315) Weak: 7 encountered, 2 discovered, 0 enqueued
[2026-06-17T10:22:51.074+0800][32.693s][info][gc,ref      ] GC(315) Final: 0 encountered, 0 discovered, 0 enqueued
[2026-06-17T10:22:51.074+0800][32.693s][info][gc,ref      ] GC(315) Phantom: 1 encountered, 1 discovered, 0 enqueued
[2026-06-17T10:22:51.074+0800][32.693s][info][gc,heap     ] GC(315)                Mark Start          Mark End        Relocate Start      Relocate End           High               Low         
[2026-06-17T10:22:51.075+0800][32.693s][info][gc,heap     ] GC(315)  Capacity:      256M (100%)        256M (100%)        256M (100%)        256M (100%)        256M (100%)        256M (100%)   
[2026-06-17T10:22:51.075+0800][32.693s][info][gc,heap     ] GC(315)   Reserve:       62M (24%)          62M (24%)          62M (24%)          62M (24%)          62M (24%)          62M (24%)    
[2026-06-17T10:22:51.075+0800][32.693s][info][gc,heap     ] GC(315)      Free:       84M (33%)          46M (18%)          72M (28%)         146M (57%)         146M (57%)          46M (18%)    
[2026-06-17T10:22:51.075+0800][32.694s][info][gc,heap     ] GC(315)      Used:      110M (43%)         148M (58%)         122M (48%)          48M (19%)         148M (58%)          48M (19%)    
[2026-06-17T10:22:51.075+0800][32.694s][info][gc,heap     ] GC(315)      Live:         -                23M (9%)           23M (9%)           23M (9%)             -                  -          
[2026-06-17T10:22:51.075+0800][32.694s][info][gc,heap     ] GC(315) Allocated:         -                38M (15%)          38M (15%)          46M (18%)            -                  -          
[2026-06-17T10:22:51.075+0800][32.694s][info][gc,heap     ] GC(315)   Garbage:         -                86M (34%)          60M (23%)    17592186044402M (6         -                  -          
[2026-06-17T10:22:51.075+0800][32.694s][info][gc,heap     ] GC(315) Reclaimed:         -                  -                26M (10%)         100M (39%)            -                  -          
[2026-06-17T10:22:51.075+0800][32.694s][info][gc          ] GC(315) Garbage Collection (Allocation Rate) 110M(43%)->48M(19%)
[2026-06-17T10:22:51.163+0800][32.782s][info][gc,start    ] GC(316) Garbage Collection (Allocation Rate)
[2026-06-17T10:22:51.173+0800][32.792s][info][gc,phases   ] GC(316) Pause Mark Start 0.381ms
[2026-06-17T10:22:51.219+0800][32.838s][info][gc,phases   ] GC(316) Concurrent Mark 1.839ms
[2026-06-17T10:22:51.220+0800][32.839s][info][gc,phases   ] GC(316) Pause Mark End 0.283ms
[2026-06-17T10:22:51.221+0800][32.840s][info][gc,phases   ] GC(316) Concurrent Process Non-Strong References 0.124ms
[2026-06-17T10:22:51.233+0800][32.852s][info][gc,phases   ] GC(316) Concurrent Reset Relocation Set 0.008ms
[2026-06-17T10:22:51.233+0800][32.852s][info][gc,phases   ] GC(316) Concurrent Destroy Detached Pages 0.003ms
[2026-06-17T10:22:51.234+0800][32.853s][info][gc,phases   ] GC(316) Concurrent Select Relocation Set 0.853ms
[2026-06-17T10:22:51.235+0800][32.854s][info][gc,phases   ] GC(316) Concurrent Prepare Relocation Set 0.010ms
[2026-06-17T10:22:51.236+0800][32.854s][info][gc,phases   ] GC(316) Pause Relocate Start 0.226ms
[2026-06-17T10:22:51.237+0800][32.855s][info][gc,phases   ] GC(316) Concurrent Relocate 0.454ms
[2026-06-17T10:22:51.237+0800][32.856s][info][gc,load     ] GC(316) Load: 0.17/0.20/0.27
[2026-06-17T10:22:51.237+0800][32.856s][info][gc,mmu      ] GC(316) MMU: 2ms/0.0%, 5ms/43.3%, 10ms/66.9%, 20ms/83.5%, 50ms/93.4%, 100ms/96.6%
[2026-06-17T10:22:51.237+0800][32.856s][info][gc,marking  ] GC(316) Mark: 2 stripe(s), 2 proactive flush(es), 1 terminate flush(es), 0 completion(s), 0 continuation(s) 
[2026-06-17T10:22:51.238+0800][32.856s][info][gc,reloc    ] GC(316) Relocation: Successful, 22M relocated
[2026-06-17T10:22:51.238+0800][32.857s][info][gc,nmethod  ] GC(316) NMethods: 23 registered, 0 unregistered
[2026-06-17T10:22:51.238+0800][32.857s][info][gc,metaspace] GC(316) Metaspace: 3M used, 4M capacity, 4M committed, 8M reserved
[2026-06-17T10:22:51.238+0800][32.857s][info][gc,ref      ] GC(316) Soft: 43 encountered, 0 discovered, 0 enqueued
[2026-06-17T10:22:51.238+0800][32.857s][info][gc,ref      ] GC(316) Weak: 7 encountered, 0 discovered, 0 enqueued
[2026-06-17T10:22:51.238+0800][32.857s][info][gc,ref      ] GC(316) Final: 0 encountered, 0 discovered, 0 enqueued
[2026-06-17T10:22:51.239+0800][32.857s][info][gc,ref      ] GC(316) Phantom: 1 encountered, 0 discovered, 0 enqueued
[2026-06-17T10:22:51.239+0800][32.858s][info][gc,heap     ] GC(316)                Mark Start          Mark End        Relocate Start      Relocate End           High               Low         
[2026-06-17T10:22:51.239+0800][32.858s][info][gc,heap     ] GC(316)  Capacity:      256M (100%)        256M (100%)        256M (100%)        256M (100%)        256M (100%)        256M (100%)   
[2026-06-17T10:22:51.239+0800][32.858s][info][gc,heap     ] GC(316)   Reserve:       62M (24%)          62M (24%)          62M (24%)          62M (24%)          62M (24%)          62M (24%)    
[2026-06-17T10:22:51.239+0800][32.858s][info][gc,heap     ] GC(316)      Free:      108M (42%)         104M (41%)         100M (39%)         110M (43%)         110M (43%)          66M (26%)    
[2026-06-17T10:22:51.239+0800][32.858s][info][gc,heap     ] GC(316)      Used:       86M (34%)          90M (35%)          94M (37%)          84M (33%)         128M (50%)          84M (33%)    
[2026-06-17T10:22:51.240+0800][32.858s][info][gc,heap     ] GC(316)      Live:         -                22M (9%)           22M (9%)           22M (9%)             -                  -          
[2026-06-17T10:22:51.240+0800][32.858s][info][gc,heap     ] GC(316) Allocated:         -                 4M (2%)           42M (16%)          50M (20%)            -                  -          
[2026-06-17T10:22:51.240+0800][32.859s][info][gc,heap     ] GC(316)   Garbage:         -                63M (25%)          29M (11%)          19M (8%)             -                  -          
[2026-06-17T10:22:51.240+0800][32.859s][info][gc,heap     ] GC(316) Reclaimed:         -                  -                34M (13%)          44M (17%)            -                  -          
[2026-06-17T10:22:51.240+0800][32.859s][info][gc          ] GC(316) Garbage Collection (Allocation Rate) 86M(34%)->84M(33%)
[2026-06-17T10:22:51.263+0800][32.881s][info][gc,start    ] GC(317) Garbage Collection (Allocation Rate)
[2026-06-17T10:22:51.266+0800][32.885s][info][gc,phases   ] GC(317) Pause Mark Start 0.396ms
[2026-06-17T10:22:51.274+0800][32.893s][info][gc,phases   ] GC(317) Concurrent Mark 2.215ms
[2026-06-17T10:22:51.279+0800][32.898s][info][gc,phases   ] GC(317) Pause Mark End 0.426ms
[2026-06-17T10:22:51.285+0800][32.904s][info][gc,phases   ] GC(317) Concurrent Process Non-Strong References 0.377ms
[2026-06-17T10:22:51.287+0800][32.905s][info][gc,phases   ] GC(317) Concurrent Reset Relocation Set 0.002ms
[2026-06-17T10:22:51.288+0800][32.907s][info][gc,phases   ] GC(317) Concurrent Destroy Detached Pages 0.001ms
[2026-06-17T10:22:51.289+0800][32.908s][info][gc,phases   ] GC(317) Concurrent Select Relocation Set 0.457ms
[2026-06-17T10:22:51.291+0800][32.909s][info][gc,phases   ] GC(317) Concurrent Prepare Relocation Set 0.015ms
[2026-06-17T10:22:51.295+0800][32.914s][info][gc,phases   ] GC(317) Pause Relocate Start 0.662ms
[2026-06-17T10:22:51.299+0800][32.918s][info][gc,phases   ] GC(317) Concurrent Relocate 2.543ms
[2026-06-17T10:22:51.302+0800][32.921s][info][gc,load     ] GC(317) Load: 0.17/0.20/0.27
[2026-06-17T10:22:51.305+0800][32.924s][info][gc,mmu      ] GC(317) MMU: 2ms/0.0%, 5ms/43.3%, 10ms/66.9%, 20ms/83.5%, 50ms/93.4%, 100ms/96.6%
[2026-06-17T10:22:51.306+0800][32.924s][info][gc,marking  ] GC(317) Mark: 2 stripe(s), 2 proactive flush(es), 1 terminate flush(es), 0 completion(s), 0 continuation(s) 
[2026-06-17T10:22:51.307+0800][32.926s][info][gc,reloc    ] GC(317) Relocation: Successful, 22M relocated
[2026-06-17T10:22:51.314+0800][32.932s][info][gc,nmethod  ] GC(317) NMethods: 23 registered, 0 unregistered
[2026-06-17T10:22:51.318+0800][32.937s][info][gc,metaspace] GC(317) Metaspace: 3M used, 4M capacity, 4M committed, 8M reserved
[2026-06-17T10:22:51.319+0800][32.938s][info][gc,ref      ] GC(317) Soft: 43 encountered, 0 discovered, 0 enqueued
[2026-06-17T10:22:51.321+0800][32.939s][info][gc,ref      ] GC(317) Weak: 7 encountered, 2 discovered, 0 enqueued
[2026-06-17T10:22:51.321+0800][32.940s][info][gc,ref      ] GC(317) Final: 0 encountered, 0 discovered, 0 enqueued
[2026-06-17T10:22:51.326+0800][32.944s][info][gc,ref      ] GC(317) Phantom: 1 encountered, 1 discovered, 0 enqueued
[2026-06-17T10:22:51.329+0800][32.948s][info][gc,heap     ] GC(317)                Mark Start          Mark End        Relocate Start      Relocate End           High               Low         
[2026-06-17T10:22:51.331+0800][32.950s][info][gc,heap     ] GC(317)  Capacity:      256M (100%)        256M (100%)        256M (100%)        256M (100%)        256M (100%)        256M (100%)   
[2026-06-17T10:22:51.332+0800][32.951s][info][gc,heap     ] GC(317)   Reserve:       62M (24%)          62M (24%)          62M (24%)          62M (24%)          62M (24%)          62M (24%)    
[2026-06-17T10:22:51.333+0800][32.952s][info][gc,heap     ] GC(317)      Free:       98M (38%)          94M (37%)         104M (41%)         136M (53%)         136M (53%)          66M (26%)    
[2026-06-17T10:22:51.333+0800][32.952s][info][gc,heap     ] GC(317)      Used:       96M (38%)         100M (39%)          90M (35%)          58M (23%)         128M (50%)          58M (23%)    
[2026-06-17T10:22:51.334+0800][32.953s][info][gc,heap     ] GC(317)      Live:         -                26M (10%)          26M (10%)          26M (10%)            -                  -          
[2026-06-17T10:22:51.336+0800][32.955s][info][gc,heap     ] GC(317) Allocated:         -                 4M (2%)            8M (3%)           52M (20%)            -                  -          
[2026-06-17T10:22:51.339+0800][32.957s][info][gc,heap     ] GC(317)   Garbage:         -                69M (27%)          55M (22%)          17M (7%)             -                  -          
[2026-06-17T10:22:51.340+0800][32.958s][info][gc,heap     ] GC(317) Reclaimed:         -                  -                14M (5%)           52M (20%)            -                  -          
[2026-06-17T10:22:51.341+0800][32.960s][info][gc          ] GC(317) Garbage Collection (Allocation Rate) 96M(38%)->58M(23%)
[2026-06-17T10:22:51.363+0800][32.981s][info][gc,start    ] GC(318) Garbage Collection (Allocation Rate)
[2026-06-17T10:22:51.365+0800][32.984s][info][gc,phases   ] GC(318) Pause Mark Start 0.301ms
[2026-06-17T10:22:51.369+0800][32.988s][info][gc,phases   ] GC(318) Concurrent Mark 1.652ms
[2026-06-17T10:22:51.370+0800][32.989s][info][gc,phases   ] GC(318) Pause Mark End 0.333ms
[2026-06-17T10:22:51.372+0800][32.991s][info][gc,phases   ] GC(318) Concurrent Process Non-Strong References 0.257ms
[2026-06-17T10:22:51.374+0800][32.993s][info][gc,phases   ] GC(318) Concurrent Reset Relocation Set 0.005ms
[2026-06-17T10:22:51.378+0800][32.996s][info][gc,phases   ] GC(318) Concurrent Destroy Detached Pages 0.002ms
[2026-06-17T10:22:51.381+0800][33.000s][info][gc,phases   ] GC(318) Concurrent Select Relocation Set 1.370ms
[2026-06-17T10:22:51.384+0800][33.003s][info][gc,phases   ] GC(318) Concurrent Prepare Relocation Set 0.017ms
[2026-06-17T10:22:51.387+0800][33.006s][info][gc,phases   ] GC(318) Pause Relocate Start 0.353ms
[2026-06-17T10:22:51.389+0800][33.007s][info][gc,phases   ] GC(318) Concurrent Relocate 0.448ms
[2026-06-17T10:22:51.389+0800][33.008s][info][gc,load     ] GC(318) Load: 0.17/0.20/0.27
[2026-06-17T10:22:51.393+0800][33.011s][info][gc,mmu      ] GC(318) MMU: 2ms/0.0%, 5ms/43.3%, 10ms/66.9%, 20ms/83.5%, 50ms/93.4%, 100ms/96.6%
[2026-06-17T10:22:51.396+0800][33.014s][info][gc,marking  ] GC(318) Mark: 2 stripe(s), 1 proactive flush(es), 1 terminate flush(es), 0 completion(s), 0 continuation(s) 
[2026-06-17T10:22:51.397+0800][33.015s][info][gc,reloc    ] GC(318) Relocation: Successful, 17M relocated
[2026-06-17T10:22:51.397+0800][33.016s][info][gc,nmethod  ] GC(318) NMethods: 23 registered, 0 unregistered
[2026-06-17T10:22:51.397+0800][33.016s][info][gc,metaspace] GC(318) Metaspace: 3M used, 4M capacity, 4M committed, 8M reserved
[2026-06-17T10:22:51.398+0800][33.016s][info][gc,ref      ] GC(318) Soft: 43 encountered, 0 discovered, 0 enqueued
[2026-06-17T10:22:51.398+0800][33.017s][info][gc,ref      ] GC(318) Weak: 7 encountered, 0 discovered, 0 enqueued
[2026-06-17T10:22:51.398+0800][33.017s][info][gc,ref      ] GC(318) Final: 0 encountered, 0 discovered, 0 enqueued
[2026-06-17T10:22:51.399+0800][33.017s][info][gc,ref      ] GC(318) Phantom: 1 encountered, 0 discovered, 0 enqueued
[2026-06-17T10:22:51.399+0800][33.018s][info][gc,heap     ] GC(318)                Mark Start          Mark End        Relocate Start      Relocate End           High               Low         
[2026-06-17T10:22:51.399+0800][33.018s][info][gc,heap     ] GC(318)  Capacity:      256M (100%)        256M (100%)        256M (100%)        256M (100%)        256M (100%)        256M (100%)   
[2026-06-17T10:22:51.400+0800][33.018s][info][gc,heap     ] GC(318)   Reserve:       62M (24%)          62M (24%)          62M (24%)          62M (24%)          62M (24%)          62M (24%)    
[2026-06-17T10:22:51.400+0800][33.019s][info][gc,heap     ] GC(318)      Free:      112M (44%)         112M (44%)         130M (51%)         142M (55%)         142M (55%)         108M (42%)    
[2026-06-17T10:22:51.400+0800][33.019s][info][gc,heap     ] GC(318)      Used:       82M (32%)          82M (32%)          64M (25%)          52M (20%)          86M (34%)          52M (20%)    
[2026-06-17T10:22:51.401+0800][33.019s][info][gc,heap     ] GC(318)      Live:         -                17M (7%)           17M (7%)           17M (7%)             -                  -          
[2026-06-17T10:22:51.401+0800][33.020s][info][gc,heap     ] GC(318) Allocated:         -                 0M (0%)            8M (3%)           16M (6%)             -                  -          
[2026-06-17T10:22:51.401+0800][33.020s][info][gc,heap     ] GC(318)   Garbage:         -                64M (25%)          38M (15%)          26M (10%)            -                  -          
[2026-06-17T10:22:51.401+0800][33.020s][info][gc,heap     ] GC(318) Reclaimed:         -                  -                26M (10%)          38M (15%)            -                  -          
[2026-06-17T10:22:51.402+0800][33.020s][info][gc          ] GC(318) Garbage Collection (Allocation Rate) 82M(32%)->52M(20%)
[2026-06-17T10:22:51.463+0800][33.082s][info][gc,start    ] GC(319) Garbage Collection (Allocation Rate)
[2026-06-17T10:22:51.465+0800][33.083s][info][gc,phases   ] GC(319) Pause Mark Start 0.462ms
[2026-06-17T10:22:51.468+0800][33.086s][info][gc,phases   ] GC(319) Concurrent Mark 2.025ms
[2026-06-17T10:22:51.469+0800][33.088s][info][gc,phases   ] GC(319) Pause Mark End 0.610ms
[2026-06-17T10:22:51.470+0800][33.089s][info][gc,phases   ] GC(319) Concurrent Process Non-Strong References 0.297ms
[2026-06-17T10:22:51.471+0800][33.089s][info][gc,phases   ] GC(319) Concurrent Reset Relocation Set 0.008ms
[2026-06-17T10:22:51.471+0800][33.090s][info][gc,phases   ] GC(319) Concurrent Destroy Detached Pages 0.002ms
[2026-06-17T10:22:51.472+0800][33.091s][info][gc,phases   ] GC(319) Concurrent Select Relocation Set 1.027ms
[2026-06-17T10:22:51.473+0800][33.091s][info][gc,phases   ] GC(319) Concurrent Prepare Relocation Set 0.008ms
[2026-06-17T10:22:51.474+0800][33.092s][info][gc,phases   ] GC(319) Pause Relocate Start 0.227ms
[2026-06-17T10:22:51.476+0800][33.095s][info][gc,phases   ] GC(319) Concurrent Relocate 2.157ms
[2026-06-17T10:22:51.477+0800][33.096s][info][gc,load     ] GC(319) Load: 0.17/0.20/0.27
[2026-06-17T10:22:51.477+0800][33.096s][info][gc,mmu      ] GC(319) MMU: 2ms/0.0%, 5ms/43.3%, 10ms/66.9%, 20ms/83.5%, 50ms/93.4%, 100ms/96.6%
[2026-06-17T10:22:51.478+0800][33.096s][info][gc,marking  ] GC(319) Mark: 2 stripe(s), 1 proactive flush(es), 1 terminate flush(es), 0 completion(s), 0 continuation(s) 
[2026-06-17T10:22:51.478+0800][33.097s][info][gc,reloc    ] GC(319) Relocation: Successful, 19M relocated
[2026-06-17T10:22:51.479+0800][33.098s][info][gc,nmethod  ] GC(319) NMethods: 23 registered, 0 unregistered
[2026-06-17T10:22:51.480+0800][33.099s][info][gc,metaspace] GC(319) Metaspace: 3M used, 4M capacity, 4M committed, 8M reserved
[2026-06-17T10:22:51.481+0800][33.099s][info][gc,ref      ] GC(319) Soft: 43 encountered, 0 discovered, 0 enqueued
[2026-06-17T10:22:51.481+0800][33.100s][info][gc,ref      ] GC(319) Weak: 7 encountered, 2 discovered, 0 enqueued
[2026-06-17T10:22:51.481+0800][33.100s][info][gc,ref      ] GC(319) Final: 0 encountered, 0 discovered, 0 enqueued
[2026-06-17T10:22:51.482+0800][33.101s][info][gc,ref      ] GC(319) Phantom: 1 encountered, 1 discovered, 0 enqueued
[2026-06-17T10:22:51.484+0800][33.103s][info][gc,heap     ] GC(319)                Mark Start          Mark End        Relocate Start      Relocate End           High               Low         
[2026-06-17T10:22:51.485+0800][33.103s][info][gc,heap     ] GC(319)  Capacity:      256M (100%)        256M (100%)        256M (100%)        256M (100%)        256M (100%)        256M (100%)   
[2026-06-17T10:22:51.485+0800][33.104s][info][gc,heap     ] GC(319)   Reserve:       62M (24%)          62M (24%)          62M (24%)          62M (24%)          62M (24%)          62M (24%)    
[2026-06-17T10:22:51.487+0800][33.106s][info][gc,heap     ] GC(319)      Free:       82M (32%)          78M (30%)         104M (41%)         144M (56%)         144M (56%)          66M (26%)    
[2026-06-17T10:22:51.494+0800][33.113s][info][gc,heap     ] GC(319)      Used:      112M (44%)         116M (45%)          90M (35%)          50M (20%)         128M (50%)          50M (20%)    
[2026-06-17T10:22:51.496+0800][33.114s][info][gc,heap     ] GC(319)      Live:         -                23M (9%)           23M (9%)           23M (9%)             -                  -          
[2026-06-17T10:22:51.496+0800][33.115s][info][gc,heap     ] GC(319) Allocated:         -                 4M (2%)            4M (2%)           44M (17%)            -                  -          
[2026-06-17T10:22:51.496+0800][33.115s][info][gc,heap     ] GC(319)   Garbage:         -                88M (35%)          62M (24%)          22M (9%)             -                  -          
[2026-06-17T10:22:51.497+0800][33.115s][info][gc,heap     ] GC(319) Reclaimed:         -                  -                26M (10%)          66M (26%)            -                  -          
[2026-06-17T10:22:51.497+0800][33.116s][info][gc          ] GC(319) Garbage Collection (Allocation Rate) 112M(44%)->50M(20%)
[2026-06-17T10:22:51.563+0800][33.182s][info][gc,start    ] GC(320) Garbage Collection (Allocation Rate)
[2026-06-17T10:22:51.564+0800][33.183s][info][gc,phases   ] GC(320) Pause Mark Start 0.201ms
[2026-06-17T10:22:51.566+0800][33.185s][info][gc,phases   ] GC(320) Concurrent Mark 1.451ms
[2026-06-17T10:22:51.567+0800][33.185s][info][gc,phases   ] GC(320) Pause Mark End 0.291ms
[2026-06-17T10:22:51.567+0800][33.186s][info][gc,phases   ] GC(320) Concurrent Process Non-Strong References 0.123ms
[2026-06-17T10:22:51.567+0800][33.186s][info][gc,phases   ] GC(320) Concurrent Reset Relocation Set 0.002ms
[2026-06-17T10:22:51.567+0800][33.186s][info][gc,phases   ] GC(320) Concurrent Destroy Detached Pages 0.001ms
[2026-06-17T10:22:51.568+0800][33.187s][info][gc,phases   ] GC(320) Concurrent Select Relocation Set 0.547ms
[2026-06-17T10:22:51.568+0800][33.187s][info][gc,phases   ] GC(320) Concurrent Prepare Relocation Set 0.003ms
[2026-06-17T10:22:51.569+0800][33.188s][info][gc,phases   ] GC(320) Pause Relocate Start 0.160ms
[2026-06-17T10:22:51.570+0800][33.188s][info][gc,phases   ] GC(320) Concurrent Relocate 0.239ms
[2026-06-17T10:22:51.570+0800][33.189s][info][gc,load     ] GC(320) Load: 0.17/0.20/0.27
[2026-06-17T10:22:51.570+0800][33.189s][info][gc,mmu      ] GC(320) MMU: 2ms/0.0%, 5ms/43.3%, 10ms/66.9%, 20ms/83.5%, 50ms/93.4%, 100ms/96.6%
[2026-06-17T10:22:51.571+0800][33.190s][info][gc,marking  ] GC(320) Mark: 2 stripe(s), 1 proactive flush(es), 1 terminate flush(es), 0 completion(s), 0 continuation(s) 
[2026-06-17T10:22:51.571+0800][33.190s][info][gc,reloc    ] GC(320) Relocation: Successful, 17M relocated
[2026-06-17T10:22:51.571+0800][33.190s][info][gc,nmethod  ] GC(320) NMethods: 23 registered, 0 unregistered
[2026-06-17T10:22:51.572+0800][33.190s][info][gc,metaspace] GC(320) Metaspace: 3M used, 4M capacity, 4M committed, 8M reserved
[2026-06-17T10:22:51.572+0800][33.191s][info][gc,ref      ] GC(320) Soft: 43 encountered, 0 discovered, 0 enqueued
[2026-06-17T10:22:51.572+0800][33.191s][info][gc,ref      ] GC(320) Weak: 7 encountered, 0 discovered, 0 enqueued
[2026-06-17T10:22:51.573+0800][33.191s][info][gc,ref      ] GC(320) Final: 0 encountered, 0 discovered, 0 enqueued
[2026-06-17T10:22:51.573+0800][33.192s][info][gc,ref      ] GC(320) Phantom: 1 encountered, 1 discovered, 0 enqueued
[2026-06-17T10:22:51.573+0800][33.192s][info][gc,heap     ] GC(320)                Mark Start          Mark End        Relocate Start      Relocate End           High               Low         
[2026-06-17T10:22:51.573+0800][33.192s][info][gc,heap     ] GC(320)  Capacity:      256M (100%)        256M (100%)        256M (100%)        256M (100%)        256M (100%)        256M (100%)   
[2026-06-17T10:22:51.574+0800][33.192s][info][gc,heap     ] GC(320)   Reserve:       62M (24%)          62M (24%)          62M (24%)          62M (24%)          62M (24%)          62M (24%)    
[2026-06-17T10:22:51.574+0800][33.193s][info][gc,heap     ] GC(320)      Free:      108M (42%)         108M (42%)         144M (56%)         150M (59%)         150M (59%)         108M (42%)    
[2026-06-17T10:22:51.574+0800][33.193s][info][gc,heap     ] GC(320)      Used:       86M (34%)          86M (34%)          50M (20%)          44M (17%)          86M (34%)          44M (17%)    
[2026-06-17T10:22:51.574+0800][33.193s][info][gc,heap     ] GC(320)      Live:         -                21M (8%)           21M (8%)           21M (8%)             -                  -          
[2026-06-17T10:22:51.575+0800][33.193s][info][gc,heap     ] GC(320) Allocated:         -                 0M (0%)            0M (0%)            8M (3%)             -                  -          
[2026-06-17T10:22:51.575+0800][33.194s][info][gc,heap     ] GC(320)   Garbage:         -                64M (25%)          28M (11%)          22M (9%)             -                  -          
[2026-06-17T10:22:51.575+0800][33.194s][info][gc,heap     ] GC(320) Reclaimed:         -                  -                36M (14%)          42M (16%)            -                  -          
[2026-06-17T10:22:51.575+0800][33.194s][info][gc          ] GC(320) Garbage Collection (Allocation Rate) 86M(34%)->44M(17%)
[2026-06-17T10:22:51.663+0800][33.282s][info][gc,start    ] GC(321) Garbage Collection (Allocation Rate)
[2026-06-17T10:22:51.664+0800][33.283s][info][gc,phases   ] GC(321) Pause Mark Start 0.189ms
[2026-06-17T10:22:51.666+0800][33.285s][info][gc,phases   ] GC(321) Concurrent Mark 1.603ms
[2026-06-17T10:22:51.667+0800][33.286s][info][gc,phases   ] GC(321) Pause Mark End 0.246ms
[2026-06-17T10:22:51.668+0800][33.286s][info][gc,phases   ] GC(321) Concurrent Process Non-Strong References 0.099ms
[2026-06-17T10:22:51.668+0800][33.287s][info][gc,phases   ] GC(321) Concurrent Reset Relocation Set 0.001ms
[2026-06-17T10:22:51.668+0800][33.287s][info][gc,phases   ] GC(321) Concurrent Destroy Detached Pages 0.001ms
[2026-06-17T10:22:51.669+0800][33.287s][info][gc,phases   ] GC(321) Concurrent Select Relocation Set 0.492ms
[2026-06-17T10:22:51.669+0800][33.288s][info][gc,phases   ] GC(321) Concurrent Prepare Relocation Set 0.011ms
[2026-06-17T10:22:51.669+0800][33.288s][info][gc,phases   ] GC(321) Pause Relocate Start 0.124ms
[2026-06-17T10:22:51.671+0800][33.290s][info][gc,phases   ] GC(321) Concurrent Relocate 1.617ms
[2026-06-17T10:22:51.671+0800][33.290s][info][gc,load     ] GC(321) Load: 0.17/0.20/0.27
[2026-06-17T10:22:51.672+0800][33.290s][info][gc,mmu      ] GC(321) MMU: 2ms/0.0%, 5ms/43.3%, 10ms/66.9%, 20ms/83.5%, 50ms/93.4%, 100ms/96.6%
[2026-06-17T10:22:51.672+0800][33.291s][info][gc,marking  ] GC(321) Mark: 2 stripe(s), 1 proactive flush(es), 1 terminate flush(es), 0 completion(s), 0 continuation(s) 
[2026-06-17T10:22:51.672+0800][33.291s][info][gc,reloc    ] GC(321) Relocation: Successful, 20M relocated
[2026-06-17T10:22:51.672+0800][33.291s][info][gc,nmethod  ] GC(321) NMethods: 23 registered, 0 unregistered
[2026-06-17T10:22:51.672+0800][33.291s][info][gc,metaspace] GC(321) Metaspace: 3M used, 4M capacity, 4M committed, 8M reserved
[2026-06-17T10:22:51.672+0800][33.291s][info][gc,ref      ] GC(321) Soft: 43 encountered, 0 discovered, 0 enqueued
[2026-06-17T10:22:51.673+0800][33.291s][info][gc,ref      ] GC(321) Weak: 7 encountered, 2 discovered, 0 enqueued
[2026-06-17T10:22:51.673+0800][33.291s][info][gc,ref      ] GC(321) Final: 0 encountered, 0 discovered, 0 enqueued
[2026-06-17T10:22:51.673+0800][33.292s][info][gc,ref      ] GC(321) Phantom: 1 encountered, 1 discovered, 0 enqueued
[2026-06-17T10:22:51.673+0800][33.292s][info][gc,heap     ] GC(321)                Mark Start          Mark End        Relocate Start      Relocate End           High               Low         
[2026-06-17T10:22:51.673+0800][33.292s][info][gc,heap     ] GC(321)  Capacity:      256M (100%)        256M (100%)        256M (100%)        256M (100%)        256M (100%)        256M (100%)   
[2026-06-17T10:22:51.673+0800][33.292s][info][gc,heap     ] GC(321)   Reserve:       62M (24%)          62M (24%)          62M (24%)          62M (24%)          62M (24%)          62M (24%)    
[2026-06-17T10:22:51.673+0800][33.292s][info][gc,heap     ] GC(321)      Free:       82M (32%)          82M (32%)         104M (41%)         142M (55%)         142M (55%)          66M (26%)    
[2026-06-17T10:22:51.673+0800][33.292s][info][gc,heap     ] GC(321)      Used:      112M (44%)         112M (44%)          90M (35%)          52M (20%)         128M (50%)          52M (20%)    
[2026-06-17T10:22:51.673+0800][33.292s][info][gc,heap     ] GC(321)      Live:         -                26M (10%)          26M (10%)          26M (10%)            -                  -          
[2026-06-17T10:22:51.673+0800][33.292s][info][gc,heap     ] GC(321) Allocated:         -                 0M (0%)            4M (2%)           46M (18%)            -                  -          
[2026-06-17T10:22:51.674+0800][33.292s][info][gc,heap     ] GC(321)   Garbage:         -                85M (33%)          59M (23%)          21M (8%)             -                  -          
[2026-06-17T10:22:51.674+0800][33.292s][info][gc,heap     ] GC(321) Reclaimed:         -                  -                26M (10%)          64M (25%)            -                  -          
[2026-06-17T10:22:51.674+0800][33.292s][info][gc          ] GC(321) Garbage Collection (Allocation Rate) 112M(44%)->52M(20%)
[2026-06-17T10:22:51.763+0800][33.382s][info][gc,start    ] GC(322) Garbage Collection (Allocation Rate)
[2026-06-17T10:22:51.764+0800][33.383s][info][gc,phases   ] GC(322) Pause Mark Start 0.169ms
[2026-06-17T10:22:51.766+0800][33.385s][info][gc,phases   ] GC(322) Concurrent Mark 1.450ms
[2026-06-17T10:22:51.767+0800][33.386s][info][gc,phases   ] GC(322) Pause Mark End 0.274ms
[2026-06-17T10:22:51.767+0800][33.386s][info][gc,phases   ] GC(322) Concurrent Process Non-Strong References 0.077ms
[2026-06-17T10:22:51.767+0800][33.386s][info][gc,phases   ] GC(322) Concurrent Reset Relocation Set 0.001ms
[2026-06-17T10:22:51.767+0800][33.386s][info][gc,phases   ] GC(322) Concurrent Destroy Detached Pages 0.001ms
[2026-06-17T10:22:51.768+0800][33.387s][info][gc,phases   ] GC(322) Concurrent Select Relocation Set 0.490ms
[2026-06-17T10:22:51.768+0800][33.387s][info][gc,phases   ] GC(322) Concurrent Prepare Relocation Set 0.009ms
[2026-06-17T10:22:51.769+0800][33.388s][info][gc,phases   ] GC(322) Pause Relocate Start 0.134ms
[2026-06-17T10:22:51.769+0800][33.388s][info][gc,phases   ] GC(322) Concurrent Relocate 0.337ms
[2026-06-17T10:22:51.770+0800][33.388s][info][gc,load     ] GC(322) Load: 0.17/0.20/0.27
[2026-06-17T10:22:51.770+0800][33.388s][info][gc,mmu      ] GC(322) MMU: 2ms/0.0%, 5ms/43.3%, 10ms/66.9%, 20ms/83.5%, 50ms/93.4%, 100ms/96.6%
[2026-06-17T10:22:51.770+0800][33.389s][info][gc,marking  ] GC(322) Mark: 2 stripe(s), 1 proactive flush(es), 1 terminate flush(es), 0 completion(s), 0 continuation(s) 
[2026-06-17T10:22:51.770+0800][33.389s][info][gc,reloc    ] GC(322) Relocation: Successful, 19M relocated
[2026-06-17T10:22:51.770+0800][33.389s][info][gc,nmethod  ] GC(322) NMethods: 24 registered, 0 unregistered
[2026-06-17T10:22:51.770+0800][33.389s][info][gc,metaspace] GC(322) Metaspace: 3M used, 4M capacity, 4M committed, 8M reserved
[2026-06-17T10:22:51.770+0800][33.389s][info][gc,ref      ] GC(322) Soft: 43 encountered, 0 discovered, 0 enqueued
[2026-06-17T10:22:51.771+0800][33.389s][info][gc,ref      ] GC(322) Weak: 7 encountered, 2 discovered, 0 enqueued
[2026-06-17T10:22:51.771+0800][33.389s][info][gc,ref      ] GC(322) Final: 0 encountered, 0 discovered, 0 enqueued
[2026-06-17T10:22:51.771+0800][33.389s][info][gc,ref      ] GC(322) Phantom: 1 encountered, 1 discovered, 0 enqueued
[2026-06-17T10:22:51.771+0800][33.390s][info][gc,heap     ] GC(322)                Mark Start          Mark End        Relocate Start      Relocate End           High               Low         
[2026-06-17T10:22:51.771+0800][33.390s][info][gc,heap     ] GC(322)  Capacity:      256M (100%)        256M (100%)        256M (100%)        256M (100%)        256M (100%)        256M (100%)   
[2026-06-17T10:22:51.771+0800][33.390s][info][gc,heap     ] GC(322)   Reserve:       62M (24%)          62M (24%)          62M (24%)          62M (24%)          62M (24%)          62M (24%)    
[2026-06-17T10:22:51.771+0800][33.390s][info][gc,heap     ] GC(322)      Free:      106M (41%)         106M (41%)         136M (53%)         150M (59%)         150M (59%)         106M (41%)    
[2026-06-17T10:22:51.771+0800][33.390s][info][gc,heap     ] GC(322)      Used:       88M (34%)          88M (34%)          58M (23%)          44M (17%)          88M (34%)          44M (17%)    
[2026-06-17T10:22:51.771+0800][33.390s][info][gc,heap     ] GC(322)      Live:         -                23M (9%)           23M (9%)           23M (9%)             -                  -          
[2026-06-17T10:22:51.771+0800][33.390s][info][gc,heap     ] GC(322) Allocated:         -                 0M (0%)            0M (0%)            8M (3%)             -                  -          
[2026-06-17T10:22:51.771+0800][33.390s][info][gc,heap     ] GC(322)   Garbage:         -                64M (25%)          34M (13%)          20M (8%)             -                  -          
[2026-06-17T10:22:51.772+0800][33.390s][info][gc,heap     ] GC(322) Reclaimed:         -                  -                30M (12%)          44M (17%)            -                  -          
[2026-06-17T10:22:51.772+0800][33.390s][info][gc          ] GC(322) Garbage Collection (Allocation Rate) 88M(34%)->44M(17%)
[2026-06-17T10:22:51.863+0800][33.482s][info][gc,start    ] GC(323) Garbage Collection (Allocation Rate)
[2026-06-17T10:22:51.864+0800][33.483s][info][gc,phases   ] GC(323) Pause Mark Start 0.308ms
[2026-06-17T10:22:51.867+0800][33.485s][info][gc,phases   ] GC(323) Concurrent Mark 2.115ms
[2026-06-17T10:22:51.868+0800][33.486s][info][gc,phases   ] GC(323) Pause Mark End 0.415ms
[2026-06-17T10:22:51.868+0800][33.487s][info][gc,phases   ] GC(323) Concurrent Process Non-Strong References 0.129ms
[2026-06-17T10:22:51.868+0800][33.487s][info][gc,phases   ] GC(323) Concurrent Reset Relocation Set 0.003ms
[2026-06-17T10:22:51.869+0800][33.487s][info][gc,phases   ] GC(323) Concurrent Destroy Detached Pages 0.001ms
[2026-06-17T10:22:51.870+0800][33.488s][info][gc,phases   ] GC(323) Concurrent Select Relocation Set 0.760ms
[2026-06-17T10:22:51.870+0800][33.489s][info][gc,phases   ] GC(323) Concurrent Prepare Relocation Set 0.018ms
[2026-06-17T10:22:51.871+0800][33.489s][info][gc,phases   ] GC(323) Pause Relocate Start 0.292ms
[2026-06-17T10:22:51.872+0800][33.491s][info][gc,phases   ] GC(323) Concurrent Relocate 1.441ms
[2026-06-17T10:22:51.873+0800][33.491s][info][gc,load     ] GC(323) Load: 0.17/0.20/0.27
[2026-06-17T10:22:51.873+0800][33.491s][info][gc,mmu      ] GC(323) MMU: 2ms/0.0%, 5ms/43.3%, 10ms/66.9%, 20ms/83.5%, 50ms/93.4%, 100ms/96.6%
[2026-06-17T10:22:51.873+0800][33.492s][info][gc,marking  ] GC(323) Mark: 2 stripe(s), 1 proactive flush(es), 1 terminate flush(es), 0 completion(s), 0 continuation(s) 
[2026-06-17T10:22:51.873+0800][33.492s][info][gc,reloc    ] GC(323) Relocation: Successful, 19M relocated
[2026-06-17T10:22:51.873+0800][33.492s][info][gc,nmethod  ] GC(323) NMethods: 24 registered, 0 unregistered
[2026-06-17T10:22:51.873+0800][33.492s][info][gc,metaspace] GC(323) Metaspace: 3M used, 4M capacity, 4M committed, 8M reserved
[2026-06-17T10:22:51.873+0800][33.492s][info][gc,ref      ] GC(323) Soft: 43 encountered, 0 discovered, 0 enqueued
[2026-06-17T10:22:51.873+0800][33.492s][info][gc,ref      ] GC(323) Weak: 7 encountered, 2 discovered, 0 enqueued
[2026-06-17T10:22:51.874+0800][33.492s][info][gc,ref      ] GC(323) Final: 0 encountered, 0 discovered, 0 enqueued
[2026-06-17T10:22:51.874+0800][33.492s][info][gc,ref      ] GC(323) Phantom: 1 encountered, 1 discovered, 0 enqueued
[2026-06-17T10:22:51.874+0800][33.493s][info][gc,heap     ] GC(323)                Mark Start          Mark End        Relocate Start      Relocate End           High               Low         
[2026-06-17T10:22:51.874+0800][33.493s][info][gc,heap     ] GC(323)  Capacity:      256M (100%)        256M (100%)        256M (100%)        256M (100%)        256M (100%)        256M (100%)   
[2026-06-17T10:22:51.874+0800][33.493s][info][gc,heap     ] GC(323)   Reserve:       62M (24%)          62M (24%)          62M (24%)          62M (24%)          62M (24%)          62M (24%)    
[2026-06-17T10:22:51.874+0800][33.493s][info][gc,heap     ] GC(323)      Free:       82M (32%)          46M (18%)          72M (28%)         150M (59%)         150M (59%)          46M (18%)    
[2026-06-17T10:22:51.874+0800][33.493s][info][gc,heap     ] GC(323)      Used:      112M (44%)         148M (58%)         122M (48%)          44M (17%)         148M (58%)          44M (17%)    
[2026-06-17T10:22:51.874+0800][33.493s][info][gc,heap     ] GC(323)      Live:         -                21M (8%)           21M (8%)           21M (8%)             -                  -          
[2026-06-17T10:22:51.874+0800][33.493s][info][gc,heap     ] GC(323) Allocated:         -                36M (14%)          36M (14%)          40M (16%)            -                  -          
[2026-06-17T10:22:51.875+0800][33.493s][info][gc,heap     ] GC(323)   Garbage:         -                90M (35%)          64M (25%)    17592186044402M (6         -                  -          
[2026-06-17T10:22:51.875+0800][33.493s][info][gc,heap     ] GC(323) Reclaimed:         -                  -                26M (10%)         104M (41%)            -                  -          
[2026-06-17T10:22:51.875+0800][33.494s][info][gc          ] GC(323) Garbage Collection (Allocation Rate) 112M(44%)->44M(17%)
[2026-06-17T10:22:51.963+0800][33.582s][info][gc,start    ] GC(324) Garbage Collection (Allocation Rate)
[2026-06-17T10:22:51.964+0800][33.583s][info][gc,phases   ] GC(324) Pause Mark Start 0.236ms
[2026-06-17T10:22:51.966+0800][33.585s][info][gc,phases   ] GC(324) Concurrent Mark 1.606ms
[2026-06-17T10:22:51.967+0800][33.585s][info][gc,phases   ] GC(324) Pause Mark End 0.417ms
[2026-06-17T10:22:51.967+0800][33.586s][info][gc,phases   ] GC(324) Concurrent Process Non-Strong References 0.125ms
[2026-06-17T10:22:51.967+0800][33.586s][info][gc,phases   ] GC(324) Concurrent Reset Relocation Set 0.002ms
[2026-06-17T10:22:51.968+0800][33.587s][info][gc,phases   ] GC(324) Concurrent Destroy Detached Pages 0.001ms
[2026-06-17T10:22:51.969+0800][33.588s][info][gc,phases   ] GC(324) Concurrent Select Relocation Set 0.551ms
[2026-06-17T10:22:51.969+0800][33.588s][info][gc,phases   ] GC(324) Concurrent Prepare Relocation Set 0.006ms
[2026-06-17T10:22:51.970+0800][33.588s][info][gc,phases   ] GC(324) Pause Relocate Start 0.134ms
[2026-06-17T10:22:51.970+0800][33.589s][info][gc,phases   ] GC(324) Concurrent Relocate 0.245ms
[2026-06-17T10:22:51.970+0800][33.589s][info][gc,load     ] GC(324) Load: 0.17/0.20/0.27
[2026-06-17T10:22:51.971+0800][33.589s][info][gc,mmu      ] GC(324) MMU: 2ms/0.0%, 5ms/43.3%, 10ms/66.9%, 20ms/83.5%, 50ms/93.4%, 100ms/96.6%
[2026-06-17T10:22:51.971+0800][33.590s][info][gc,marking  ] GC(324) Mark: 2 stripe(s), 1 proactive flush(es), 1 terminate flush(es), 0 completion(s), 0 continuation(s) 
[2026-06-17T10:22:51.971+0800][33.590s][info][gc,reloc    ] GC(324) Relocation: Successful, 27M relocated
[2026-06-17T10:22:51.971+0800][33.590s][info][gc,nmethod  ] GC(324) NMethods: 24 registered, 0 unregistered
[2026-06-17T10:22:51.971+0800][33.590s][info][gc,metaspace] GC(324) Metaspace: 3M used, 4M capacity, 4M committed, 8M reserved
[2026-06-17T10:22:51.971+0800][33.590s][info][gc,ref      ] GC(324) Soft: 43 encountered, 0 discovered, 0 enqueued
[2026-06-17T10:22:51.971+0800][33.590s][info][gc,ref      ] GC(324) Weak: 7 encountered, 0 discovered, 0 enqueued
[2026-06-17T10:22:51.972+0800][33.590s][info][gc,ref      ] GC(324) Final: 0 encountered, 0 discovered, 0 enqueued
[2026-06-17T10:22:51.972+0800][33.590s][info][gc,ref      ] GC(324) Phantom: 1 encountered, 0 discovered, 0 enqueued
[2026-06-17T10:22:51.972+0800][33.591s][info][gc,heap     ] GC(324)                Mark Start          Mark End        Relocate Start      Relocate End           High               Low         
[2026-06-17T10:22:51.972+0800][33.591s][info][gc,heap     ] GC(324)  Capacity:      256M (100%)        256M (100%)        256M (100%)        256M (100%)        256M (100%)        256M (100%)   
[2026-06-17T10:22:51.972+0800][33.591s][info][gc,heap     ] GC(324)   Reserve:       62M (24%)          62M (24%)          62M (24%)          62M (24%)          62M (24%)          62M (24%)    
[2026-06-17T10:22:51.972+0800][33.591s][info][gc,heap     ] GC(324)      Free:      114M (45%)         114M (45%)         142M (55%)         152M (59%)         152M (59%)         114M (45%)    
[2026-06-17T10:22:51.972+0800][33.591s][info][gc,heap     ] GC(324)      Used:       80M (31%)          80M (31%)          52M (20%)          42M (16%)          80M (31%)          42M (16%)    
[2026-06-17T10:22:51.972+0800][33.591s][info][gc,heap     ] GC(324)      Live:         -                30M (12%)          30M (12%)          30M (12%)            -                  -          
[2026-06-17T10:22:51.972+0800][33.591s][info][gc,heap     ] GC(324) Allocated:         -                 0M (0%)            0M (0%)            4M (2%)             -                  -          
[2026-06-17T10:22:51.972+0800][33.591s][info][gc,heap     ] GC(324)   Garbage:         -                49M (19%)          21M (8%)           11M (4%)             -                  -          
[2026-06-17T10:22:51.972+0800][33.591s][info][gc,heap     ] GC(324) Reclaimed:         -                  -                28M (11%)          38M (15%)            -                  -          
[2026-06-17T10:22:51.972+0800][33.591s][info][gc          ] GC(324) Garbage Collection (Allocation Rate) 80M(31%)->42M(16%)
[2026-06-17T10:22:52.063+0800][33.682s][info][gc,start    ] GC(325) Garbage Collection (Allocation Rate)
[2026-06-17T10:22:52.064+0800][33.683s][info][gc,phases   ] GC(325) Pause Mark Start 0.290ms
[2026-06-17T10:22:52.066+0800][33.685s][info][gc,phases   ] GC(325) Concurrent Mark 1.577ms
[2026-06-17T10:22:52.067+0800][33.686s][info][gc,phases   ] GC(325) Pause Mark End 0.430ms
[2026-06-17T10:22:52.068+0800][33.686s][info][gc,phases   ] GC(325) Concurrent Process Non-Strong References 0.109ms
[2026-06-17T10:22:52.068+0800][33.687s][info][gc,phases   ] GC(325) Concurrent Reset Relocation Set 0.003ms
[2026-06-17T10:22:52.068+0800][33.687s][info][gc,phases   ] GC(325) Concurrent Destroy Detached Pages 0.001ms
[2026-06-17T10:22:52.069+0800][33.688s][info][gc,phases   ] GC(325) Concurrent Select Relocation Set 0.902ms
[2026-06-17T10:22:52.070+0800][33.688s][info][gc,phases   ] GC(325) Concurrent Prepare Relocation Set 0.014ms
[2026-06-17T10:22:52.070+0800][33.689s][info][gc,phases   ] GC(325) Pause Relocate Start 0.175ms
[2026-06-17T10:22:52.072+0800][33.691s][info][gc,phases   ] GC(325) Concurrent Relocate 1.926ms
[2026-06-17T10:22:52.073+0800][33.692s][info][gc,load     ] GC(325) Load: 0.17/0.20/0.27
[2026-06-17T10:22:52.073+0800][33.692s][info][gc,mmu      ] GC(325) MMU: 2ms/0.0%, 5ms/43.3%, 10ms/66.9%, 20ms/83.5%, 50ms/93.4%, 100ms/96.6%
[2026-06-17T10:22:52.073+0800][33.692s][info][gc,marking  ] GC(325) Mark: 2 stripe(s), 1 proactive flush(es), 1 terminate flush(es), 0 completion(s), 0 continuation(s) 
[2026-06-17T10:22:52.073+0800][33.692s][info][gc,reloc    ] GC(325) Relocation: Successful, 24M relocated
[2026-06-17T10:22:52.073+0800][33.692s][info][gc,nmethod  ] GC(325) NMethods: 24 registered, 0 unregistered
[2026-06-17T10:22:52.074+0800][33.692s][info][gc,metaspace] GC(325) Metaspace: 3M used, 4M capacity, 4M committed, 8M reserved
[2026-06-17T10:22:52.074+0800][33.693s][info][gc,ref      ] GC(325) Soft: 43 encountered, 0 discovered, 0 enqueued
[2026-06-17T10:22:52.074+0800][33.693s][info][gc,ref      ] GC(325) Weak: 7 encountered, 2 discovered, 0 enqueued
[2026-06-17T10:22:52.074+0800][33.693s][info][gc,ref      ] GC(325) Final: 0 encountered, 0 discovered, 0 enqueued
[2026-06-17T10:22:52.074+0800][33.693s][info][gc,ref      ] GC(325) Phantom: 1 encountered, 1 discovered, 0 enqueued
[2026-06-17T10:22:52.074+0800][33.693s][info][gc,heap     ] GC(325)                Mark Start          Mark End        Relocate Start      Relocate End           High               Low         
[2026-06-17T10:22:52.075+0800][33.693s][info][gc,heap     ] GC(325)  Capacity:      256M (100%)        256M (100%)        256M (100%)        256M (100%)        256M (100%)        256M (100%)   
[2026-06-17T10:22:52.075+0800][33.693s][info][gc,heap     ] GC(325)   Reserve:       62M (24%)          62M (24%)          62M (24%)          62M (24%)          62M (24%)          62M (24%)    
[2026-06-17T10:22:52.075+0800][33.694s][info][gc,heap     ] GC(325)      Free:       84M (33%)          80M (31%)         110M (43%)         146M (57%)         146M (57%)          72M (28%)    
[2026-06-17T10:22:52.075+0800][33.694s][info][gc,heap     ] GC(325)      Used:      110M (43%)         114M (45%)          84M (33%)          48M (19%)         122M (48%)          48M (19%)    
[2026-06-17T10:22:52.075+0800][33.694s][info][gc,heap     ] GC(325)      Live:         -                26M (10%)          26M (10%)          26M (10%)            -                  -          
[2026-06-17T10:22:52.075+0800][33.694s][info][gc,heap     ] GC(325) Allocated:         -                 4M (2%)            4M (2%)           44M (17%)            -                  -          
[2026-06-17T10:22:52.075+0800][33.694s][info][gc,heap     ] GC(325)   Garbage:         -                83M (33%)          53M (21%)          17M (7%)             -                  -          
[2026-06-17T10:22:52.075+0800][33.694s][info][gc,heap     ] GC(325) Reclaimed:         -                  -                30M (12%)          66M (26%)            -                  -          
[2026-06-17T10:22:52.075+0800][33.694s][info][gc          ] GC(325) Garbage Collection (Allocation Rate) 110M(43%)->48M(19%)
[2026-06-17T10:22:52.163+0800][33.782s][info][gc,start    ] GC(326) Garbage Collection (Allocation Rate)
[2026-06-17T10:22:52.166+0800][33.785s][info][gc,phases   ] GC(326) Pause Mark Start 0.370ms
[2026-06-17T10:22:52.169+0800][33.788s][info][gc,phases   ] GC(326) Concurrent Mark 1.598ms
[2026-06-17T10:22:52.170+0800][33.789s][info][gc,phases   ] GC(326) Pause Mark End 0.290ms
[2026-06-17T10:22:52.171+0800][33.790s][info][gc,phases   ] GC(326) Concurrent Process Non-Strong References 0.105ms
[2026-06-17T10:22:52.172+0800][33.791s][info][gc,phases   ] GC(326) Concurrent Reset Relocation Set 0.002ms
[2026-06-17T10:22:52.173+0800][33.791s][info][gc,phases   ] GC(326) Concurrent Destroy Detached Pages 0.001ms
[2026-06-17T10:22:52.174+0800][33.793s][info][gc,phases   ] GC(326) Concurrent Select Relocation Set 0.678ms
[2026-06-17T10:22:52.175+0800][33.793s][info][gc,phases   ] GC(326) Concurrent Prepare Relocation Set 0.009ms
[2026-06-17T10:22:52.175+0800][33.794s][info][gc,phases   ] GC(326) Pause Relocate Start 0.181ms
[2026-06-17T10:22:52.177+0800][33.795s][info][gc,phases   ] GC(326) Concurrent Relocate 0.525ms
[2026-06-17T10:22:52.177+0800][33.796s][info][gc,load     ] GC(326) Load: 0.17/0.20/0.27
[2026-06-17T10:22:52.178+0800][33.797s][info][gc,mmu      ] GC(326) MMU: 2ms/0.0%, 5ms/43.3%, 10ms/66.9%, 20ms/83.5%, 50ms/93.4%, 100ms/96.6%
[2026-06-17T10:22:52.178+0800][33.797s][info][gc,marking  ] GC(326) Mark: 2 stripe(s), 1 proactive flush(es), 1 terminate flush(es), 0 completion(s), 0 continuation(s) 
[2026-06-17T10:22:52.179+0800][33.798s][info][gc,reloc    ] GC(326) Relocation: Successful, 21M relocated
[2026-06-17T10:22:52.179+0800][33.798s][info][gc,nmethod  ] GC(326) NMethods: 24 registered, 0 unregistered
[2026-06-17T10:22:52.181+0800][33.799s][info][gc,metaspace] GC(326) Metaspace: 3M used, 4M capacity, 4M committed, 8M reserved
[2026-06-17T10:22:52.181+0800][33.800s][info][gc,ref      ] GC(326) Soft: 43 encountered, 0 discovered, 0 enqueued
[2026-06-17T10:22:52.183+0800][33.802s][info][gc,ref      ] GC(326) Weak: 7 encountered, 2 discovered, 0 enqueued
[2026-06-17T10:22:52.184+0800][33.802s][info][gc,ref      ] GC(326) Final: 0 encountered, 0 discovered, 0 enqueued
[2026-06-17T10:22:52.184+0800][33.803s][info][gc,ref      ] GC(326) Phantom: 1 encountered, 1 discovered, 0 enqueued
[2026-06-17T10:22:52.185+0800][33.804s][info][gc,heap     ] GC(326)                Mark Start          Mark End        Relocate Start      Relocate End           High               Low         
[2026-06-17T10:22:52.185+0800][33.804s][info][gc,heap     ] GC(326)  Capacity:      256M (100%)        256M (100%)        256M (100%)        256M (100%)        256M (100%)        256M (100%)   
[2026-06-17T10:22:52.186+0800][33.805s][info][gc,heap     ] GC(326)   Reserve:       62M (24%)          62M (24%)          62M (24%)          62M (24%)          62M (24%)          62M (24%)    
[2026-06-17T10:22:52.187+0800][33.806s][info][gc,heap     ] GC(326)      Free:      110M (43%)         110M (43%)         138M (54%)         150M (59%)         150M (59%)         106M (41%)    
[2026-06-17T10:22:52.187+0800][33.806s][info][gc,heap     ] GC(326)      Used:       84M (33%)          84M (33%)          56M (22%)          44M (17%)          88M (34%)          44M (17%)    
[2026-06-17T10:22:52.188+0800][33.807s][info][gc,heap     ] GC(326)      Live:         -                23M (9%)           23M (9%)           23M (9%)             -                  -          
[2026-06-17T10:22:52.189+0800][33.807s][info][gc,heap     ] GC(326) Allocated:         -                 0M (0%)            4M (2%)           10M (4%)             -                  -          
[2026-06-17T10:22:52.189+0800][33.808s][info][gc,heap     ] GC(326)   Garbage:         -                60M (24%)          28M (11%)          16M (6%)             -                  -          
[2026-06-17T10:22:52.190+0800][33.809s][info][gc,heap     ] GC(326) Reclaimed:         -                  -                32M (12%)          44M (17%)            -                  -          
[2026-06-17T10:22:52.190+0800][33.809s][info][gc          ] GC(326) Garbage Collection (Allocation Rate) 84M(33%)->44M(17%)
[2026-06-17T10:22:52.263+0800][33.882s][info][gc,start    ] GC(327) Garbage Collection (Allocation Rate)
[2026-06-17T10:22:52.265+0800][33.884s][info][gc,phases   ] GC(327) Pause Mark Start 0.348ms
[2026-06-17T10:22:52.267+0800][33.886s][info][gc,phases   ] GC(327) Concurrent Mark 1.679ms
[2026-06-17T10:22:52.269+0800][33.887s][info][gc,phases   ] GC(327) Pause Mark End 0.424ms
[2026-06-17T10:22:52.269+0800][33.888s][info][gc,phases   ] GC(327) Concurrent Process Non-Strong References 0.161ms
[2026-06-17T10:22:52.270+0800][33.889s][info][gc,phases   ] GC(327) Concurrent Reset Relocation Set 0.002ms
[2026-06-17T10:22:52.271+0800][33.889s][info][gc,phases   ] GC(327) Concurrent Destroy Detached Pages 0.002ms
[2026-06-17T10:22:52.272+0800][33.891s][info][gc,phases   ] GC(327) Concurrent Select Relocation Set 0.972ms
[2026-06-17T10:22:52.273+0800][33.891s][info][gc,phases   ] GC(327) Concurrent Prepare Relocation Set 0.004ms
[2026-06-17T10:22:52.273+0800][33.892s][info][gc,phases   ] GC(327) Pause Relocate Start 0.193ms
[2026-06-17T10:22:52.276+0800][33.894s][info][gc,phases   ] GC(327) Concurrent Relocate 1.612ms
[2026-06-17T10:22:52.276+0800][33.895s][info][gc,load     ] GC(327) Load: 0.17/0.20/0.27
[2026-06-17T10:22:52.277+0800][33.896s][info][gc,mmu      ] GC(327) MMU: 2ms/0.0%, 5ms/43.3%, 10ms/66.9%, 20ms/83.5%, 50ms/93.4%, 100ms/96.6%
[2026-06-17T10:22:52.278+0800][33.897s][info][gc,marking  ] GC(327) Mark: 2 stripe(s), 2 proactive flush(es), 1 terminate flush(es), 0 completion(s), 0 continuation(s) 
[2026-06-17T10:22:52.278+0800][33.897s][info][gc,reloc    ] GC(327) Relocation: Successful, 21M relocated
[2026-06-17T10:22:52.279+0800][33.897s][info][gc,nmethod  ] GC(327) NMethods: 24 registered, 0 unregistered
[2026-06-17T10:22:52.279+0800][33.898s][info][gc,metaspace] GC(327) Metaspace: 3M used, 4M capacity, 4M committed, 8M reserved
[2026-06-17T10:22:52.280+0800][33.898s][info][gc,ref      ] GC(327) Soft: 43 encountered, 0 discovered, 0 enqueued
[2026-06-17T10:22:52.280+0800][33.899s][info][gc,ref      ] GC(327) Weak: 7 encountered, 0 discovered, 0 enqueued
[2026-06-17T10:22:52.281+0800][33.899s][info][gc,ref      ] GC(327) Final: 0 encountered, 0 discovered, 0 enqueued
[2026-06-17T10:22:52.281+0800][33.900s][info][gc,ref      ] GC(327) Phantom: 1 encountered, 0 discovered, 0 enqueued
[2026-06-17T10:22:52.282+0800][33.900s][info][gc,heap     ] GC(327)                Mark Start          Mark End        Relocate Start      Relocate End           High               Low         
[2026-06-17T10:22:52.282+0800][33.901s][info][gc,heap     ] GC(327)  Capacity:      256M (100%)        256M (100%)        256M (100%)        256M (100%)        256M (100%)        256M (100%)   
[2026-06-17T10:22:52.283+0800][33.901s][info][gc,heap     ] GC(327)   Reserve:       62M (24%)          62M (24%)          62M (24%)          62M (24%)          62M (24%)          62M (24%)    
[2026-06-17T10:22:52.283+0800][33.902s][info][gc,heap     ] GC(327)      Free:       86M (34%)          82M (32%)         110M (43%)         146M (57%)         146M (57%)          74M (29%)    
[2026-06-17T10:22:52.284+0800][33.902s][info][gc,heap     ] GC(327)      Used:      108M (42%)         112M (44%)          84M (33%)          48M (19%)         120M (47%)          48M (19%)    
[2026-06-17T10:22:52.284+0800][33.903s][info][gc,heap     ] GC(327)      Live:         -                25M (10%)          25M (10%)          25M (10%)            -                  -          
[2026-06-17T10:22:52.285+0800][33.903s][info][gc,heap     ] GC(327) Allocated:         -                 4M (2%)            4M (2%)           42M (16%)            -                  -          
[2026-06-17T10:22:52.285+0800][33.904s][info][gc,heap     ] GC(327)   Garbage:         -                82M (32%)          54M (21%)          18M (7%)             -                  -          
[2026-06-17T10:22:52.286+0800][33.904s][info][gc,heap     ] GC(327) Reclaimed:         -                  -                28M (11%)          64M (25%)            -                  -          
[2026-06-17T10:22:52.286+0800][33.905s][info][gc          ] GC(327) Garbage Collection (Allocation Rate) 108M(42%)->48M(19%)
[2026-06-17T10:22:52.363+0800][33.981s][info][gc,start    ] GC(328) Garbage Collection (Allocation Rate)
[2026-06-17T10:22:52.364+0800][33.983s][info][gc,phases   ] GC(328) Pause Mark Start 0.294ms
[2026-06-17T10:22:52.367+0800][33.985s][info][gc,phases   ] GC(328) Concurrent Mark 1.502ms
[2026-06-17T10:22:52.368+0800][33.987s][info][gc,phases   ] GC(328) Pause Mark End 0.287ms
[2026-06-17T10:22:52.369+0800][33.987s][info][gc,phases   ] GC(328) Concurrent Process Non-Strong References 0.132ms
[2026-06-17T10:22:52.369+0800][33.988s][info][gc,phases   ] GC(328) Concurrent Reset Relocation Set 0.002ms
[2026-06-17T10:22:52.370+0800][33.988s][info][gc,phases   ] GC(328) Concurrent Destroy Detached Pages 0.001ms
[2026-06-17T10:22:52.371+0800][33.989s][info][gc,phases   ] GC(328) Concurrent Select Relocation Set 0.511ms
[2026-06-17T10:22:52.371+0800][33.990s][info][gc,phases   ] GC(328) Concurrent Prepare Relocation Set 0.011ms
[2026-06-17T10:22:52.372+0800][33.991s][info][gc,phases   ] GC(328) Pause Relocate Start 0.174ms
[2026-06-17T10:22:52.373+0800][33.992s][info][gc,phases   ] GC(328) Concurrent Relocate 0.403ms
[2026-06-17T10:22:52.374+0800][33.993s][info][gc,load     ] GC(328) Load: 0.17/0.20/0.27
[2026-06-17T10:22:52.374+0800][33.993s][info][gc,mmu      ] GC(328) MMU: 2ms/0.0%, 5ms/43.3%, 10ms/66.9%, 20ms/83.5%, 50ms/93.4%, 100ms/96.6%
[2026-06-17T10:22:52.375+0800][33.994s][info][gc,marking  ] GC(328) Mark: 2 stripe(s), 1 proactive flush(es), 1 terminate flush(es), 0 completion(s), 0 continuation(s) 
[2026-06-17T10:22:52.375+0800][33.994s][info][gc,reloc    ] GC(328) Relocation: Successful, 19M relocated
[2026-06-17T10:22:52.376+0800][33.995s][info][gc,nmethod  ] GC(328) NMethods: 24 registered, 0 unregistered
[2026-06-17T10:22:52.376+0800][33.995s][info][gc,metaspace] GC(328) Metaspace: 3M used, 4M capacity, 4M committed, 8M reserved
[2026-06-17T10:22:52.377+0800][33.996s][info][gc,ref      ] GC(328) Soft: 43 encountered, 0 discovered, 0 enqueued
[2026-06-17T10:22:52.377+0800][33.996s][info][gc,ref      ] GC(328) Weak: 7 encountered, 2 discovered, 0 enqueued
[2026-06-17T10:22:52.378+0800][33.997s][info][gc,ref      ] GC(328) Final: 0 encountered, 0 discovered, 0 enqueued
[2026-06-17T10:22:52.379+0800][33.997s][info][gc,ref      ] GC(328) Phantom: 1 encountered, 1 discovered, 0 enqueued
[2026-06-17T10:22:52.379+0800][33.998s][info][gc,heap     ] GC(328)                Mark Start          Mark End        Relocate Start      Relocate End           High               Low         
[2026-06-17T10:22:52.380+0800][33.999s][info][gc,heap     ] GC(328)  Capacity:      256M (100%)        256M (100%)        256M (100%)        256M (100%)        256M (100%)        256M (100%)   
[2026-06-17T10:22:52.380+0800][33.999s][info][gc,heap     ] GC(328)   Reserve:       62M (24%)          62M (24%)          62M (24%)          62M (24%)          62M (24%)          62M (24%)    
[2026-06-17T10:22:52.381+0800][34.000s][info][gc,heap     ] GC(328)      Free:      112M (44%)         112M (44%)         102M (40%)         116M (45%)         140M (55%)          96M (38%)    
[2026-06-17T10:22:52.382+0800][34.000s][info][gc,heap     ] GC(328)      Used:       82M (32%)          82M (32%)          92M (36%)          78M (30%)          98M (38%)          54M (21%)    
[2026-06-17T10:22:52.382+0800][34.001s][info][gc,heap     ] GC(328)      Live:         -                21M (8%)           21M (8%)           21M (8%)             -                  -          
[2026-06-17T10:22:52.383+0800][34.001s][info][gc,heap     ] GC(328) Allocated:         -                 0M (0%)           38M (15%)          44M (17%)            -                  -          
[2026-06-17T10:22:52.383+0800][34.002s][info][gc,heap     ] GC(328)   Garbage:         -                60M (24%)          32M (13%)          18M (7%)             -                  -          
[2026-06-17T10:22:52.384+0800][34.002s][info][gc,heap     ] GC(328) Reclaimed:         -                  -                28M (11%)          42M (16%)            -                  -          
[2026-06-17T10:22:52.384+0800][34.003s][info][gc          ] GC(328) Garbage Collection (Allocation Rate) 82M(32%)->78M(30%)
[2026-06-17T10:22:52.463+0800][34.082s][info][gc,start    ] GC(329) Garbage Collection (Allocation Rate)
[2026-06-17T10:22:52.465+0800][34.083s][info][gc,phases   ] GC(329) Pause Mark Start 0.345ms
[2026-06-17T10:22:52.467+0800][34.086s][info][gc,phases   ] GC(329) Concurrent Mark 1.847ms
[2026-06-17T10:22:52.468+0800][34.087s][info][gc,phases   ] GC(329) Pause Mark End 0.473ms
[2026-06-17T10:22:52.469+0800][34.088s][info][gc,phases   ] GC(329) Concurrent Process Non-Strong References 0.198ms
[2026-06-17T10:22:52.469+0800][34.088s][info][gc,phases   ] GC(329) Concurrent Reset Relocation Set 0.002ms
[2026-06-17T10:22:52.469+0800][34.088s][info][gc,phases   ] GC(329) Concurrent Destroy Detached Pages 0.001ms
[2026-06-17T10:22:52.471+0800][34.089s][info][gc,phases   ] GC(329) Concurrent Select Relocation Set 1.021ms
[2026-06-17T10:22:52.471+0800][34.090s][info][gc,phases   ] GC(329) Concurrent Prepare Relocation Set 0.019ms
[2026-06-17T10:22:52.471+0800][34.090s][info][gc,phases   ] GC(329) Pause Relocate Start 0.191ms
[2026-06-17T10:22:52.474+0800][34.093s][info][gc,phases   ] GC(329) Concurrent Relocate 1.996ms
[2026-06-17T10:22:52.474+0800][34.093s][info][gc,load     ] GC(329) Load: 0.17/0.20/0.27
[2026-06-17T10:22:52.474+0800][34.093s][info][gc,mmu      ] GC(329) MMU: 2ms/0.0%, 5ms/43.3%, 10ms/66.9%, 20ms/83.5%, 50ms/93.4%, 100ms/96.6%
[2026-06-17T10:22:52.474+0800][34.093s][info][gc,marking  ] GC(329) Mark: 2 stripe(s), 1 proactive flush(es), 1 terminate flush(es), 0 completion(s), 0 continuation(s) 
[2026-06-17T10:22:52.475+0800][34.093s][info][gc,reloc    ] GC(329) Relocation: Successful, 26M relocated
[2026-06-17T10:22:52.475+0800][34.094s][info][gc,nmethod  ] GC(329) NMethods: 24 registered, 0 unregistered
[2026-06-17T10:22:52.475+0800][34.094s][info][gc,metaspace] GC(329) Metaspace: 3M used, 4M capacity, 4M committed, 8M reserved
[2026-06-17T10:22:52.475+0800][34.094s][info][gc,ref      ] GC(329) Soft: 43 encountered, 0 discovered, 0 enqueued
[2026-06-17T10:22:52.475+0800][34.094s][info][gc,ref      ] GC(329) Weak: 7 encountered, 2 discovered, 0 enqueued
[2026-06-17T10:22:52.475+0800][34.094s][info][gc,ref      ] GC(329) Final: 0 encountered, 0 discovered, 0 enqueued
[2026-06-17T10:22:52.475+0800][34.094s][info][gc,ref      ] GC(329) Phantom: 1 encountered, 1 discovered, 0 enqueued
[2026-06-17T10:22:52.476+0800][34.094s][info][gc,heap     ] GC(329)                Mark Start          Mark End        Relocate Start      Relocate End           High               Low         
[2026-06-17T10:22:52.476+0800][34.094s][info][gc,heap     ] GC(329)  Capacity:      256M (100%)        256M (100%)        256M (100%)        256M (100%)        256M (100%)        256M (100%)   
[2026-06-17T10:22:52.476+0800][34.095s][info][gc,heap     ] GC(329)   Reserve:       62M (24%)          62M (24%)          62M (24%)          62M (24%)          62M (24%)          62M (24%)    
[2026-06-17T10:22:52.476+0800][34.095s][info][gc,heap     ] GC(329)      Free:       86M (34%)          50M (20%)          76M (30%)         146M (57%)         146M (57%)          50M (20%)    
[2026-06-17T10:22:52.476+0800][34.095s][info][gc,heap     ] GC(329)      Used:      108M (42%)         144M (56%)         118M (46%)          48M (19%)         144M (56%)          48M (19%)    
[2026-06-17T10:22:52.476+0800][34.095s][info][gc,heap     ] GC(329)      Live:         -                28M (11%)          28M (11%)          28M (11%)            -                  -          
[2026-06-17T10:22:52.476+0800][34.095s][info][gc,heap     ] GC(329) Allocated:         -                36M (14%)          36M (14%)          44M (17%)            -                  -          
[2026-06-17T10:22:52.476+0800][34.095s][info][gc,heap     ] GC(329)   Garbage:         -                79M (31%)          53M (21%)    17592186044399M (6         -                  -          
[2026-06-17T10:22:52.476+0800][34.095s][info][gc,heap     ] GC(329) Reclaimed:         -                  -                26M (10%)          96M (38%)            -                  -          
[2026-06-17T10:22:52.477+0800][34.095s][info][gc          ] GC(329) Garbage Collection (Allocation Rate) 108M(42%)->48M(19%)
[2026-06-17T10:22:52.563+0800][34.182s][info][gc,start    ] GC(330) Garbage Collection (Allocation Rate)
[2026-06-17T10:22:52.565+0800][34.184s][info][gc,phases   ] GC(330) Pause Mark Start 0.305ms
[2026-06-17T10:22:52.567+0800][34.186s][info][gc,phases   ] GC(330) Concurrent Mark 1.939ms
[2026-06-17T10:22:52.568+0800][34.187s][info][gc,phases   ] GC(330) Pause Mark End 0.465ms
[2026-06-17T10:22:52.569+0800][34.187s][info][gc,phases   ] GC(330) Concurrent Process Non-Strong References 0.127ms
[2026-06-17T10:22:52.569+0800][34.188s][info][gc,phases   ] GC(330) Concurrent Reset Relocation Set 0.002ms
[2026-06-17T10:22:52.569+0800][34.188s][info][gc,phases   ] GC(330) Concurrent Destroy Detached Pages 0.001ms
[2026-06-17T10:22:52.570+0800][34.189s][info][gc,phases   ] GC(330) Concurrent Select Relocation Set 0.837ms
[2026-06-17T10:22:52.571+0800][34.190s][info][gc,phases   ] GC(330) Concurrent Prepare Relocation Set 0.003ms
[2026-06-17T10:22:52.572+0800][34.191s][info][gc,phases   ] GC(330) Pause Relocate Start 0.199ms
[2026-06-17T10:22:52.573+0800][34.191s][info][gc,phases   ] GC(330) Concurrent Relocate 0.276ms
[2026-06-17T10:22:52.573+0800][34.191s][info][gc,load     ] GC(330) Load: 0.17/0.20/0.27
[2026-06-17T10:22:52.573+0800][34.192s][info][gc,mmu      ] GC(330) MMU: 2ms/0.0%, 5ms/43.3%, 10ms/66.9%, 20ms/83.5%, 50ms/93.4%, 100ms/96.6%
[2026-06-17T10:22:52.573+0800][34.192s][info][gc,marking  ] GC(330) Mark: 2 stripe(s), 1 proactive flush(es), 1 terminate flush(es), 0 completion(s), 0 continuation(s) 
[2026-06-17T10:22:52.573+0800][34.192s][info][gc,reloc    ] GC(330) Relocation: Successful, 22M relocated
[2026-06-17T10:22:52.573+0800][34.192s][info][gc,nmethod  ] GC(330) NMethods: 24 registered, 0 unregistered
[2026-06-17T10:22:52.573+0800][34.192s][info][gc,metaspace] GC(330) Metaspace: 3M used, 4M capacity, 4M committed, 8M reserved
[2026-06-17T10:22:52.574+0800][34.192s][info][gc,ref      ] GC(330) Soft: 43 encountered, 0 discovered, 0 enqueued
[2026-06-17T10:22:52.574+0800][34.192s][info][gc,ref      ] GC(330) Weak: 7 encountered, 0 discovered, 0 enqueued
[2026-06-17T10:22:52.574+0800][34.193s][info][gc,ref      ] GC(330) Final: 0 encountered, 0 discovered, 0 enqueued
[2026-06-17T10:22:52.574+0800][34.193s][info][gc,ref      ] GC(330) Phantom: 1 encountered, 0 discovered, 0 enqueued
[2026-06-17T10:22:52.574+0800][34.193s][info][gc,heap     ] GC(330)                Mark Start          Mark End        Relocate Start      Relocate End           High               Low         
[2026-06-17T10:22:52.574+0800][34.193s][info][gc,heap     ] GC(330)  Capacity:      256M (100%)        256M (100%)        256M (100%)        256M (100%)        256M (100%)        256M (100%)   
[2026-06-17T10:22:52.574+0800][34.193s][info][gc,heap     ] GC(330)   Reserve:       62M (24%)          62M (24%)          62M (24%)          62M (24%)          62M (24%)          62M (24%)    
[2026-06-17T10:22:52.574+0800][34.193s][info][gc,heap     ] GC(330)      Free:      110M (43%)         110M (43%)         138M (54%)         146M (57%)         146M (57%)         110M (43%)    
[2026-06-17T10:22:52.575+0800][34.193s][info][gc,heap     ] GC(330)      Used:       84M (33%)          84M (33%)          56M (22%)          48M (19%)          84M (33%)          48M (19%)    
[2026-06-17T10:22:52.575+0800][34.194s][info][gc,heap     ] GC(330)      Live:         -                25M (10%)          25M (10%)          25M (10%)            -                  -          
[2026-06-17T10:22:52.575+0800][34.194s][info][gc,heap     ] GC(330) Allocated:         -                 0M (0%)            2M (1%)           10M (4%)             -                  -          
[2026-06-17T10:22:52.575+0800][34.194s][info][gc,heap     ] GC(330)   Garbage:         -                58M (23%)          28M (11%)          18M (7%)             -                  -          
[2026-06-17T10:22:52.575+0800][34.194s][info][gc,heap     ] GC(330) Reclaimed:         -                  -                30M (12%)          40M (16%)            -                  -          
[2026-06-17T10:22:52.575+0800][34.194s][info][gc          ] GC(330) Garbage Collection (Allocation Rate) 84M(33%)->48M(19%)
[2026-06-17T10:22:52.663+0800][34.281s][info][gc,start    ] GC(331) Garbage Collection (Allocation Rate)
[2026-06-17T10:22:52.664+0800][34.282s][info][gc,phases   ] GC(331) Pause Mark Start 0.224ms
[2026-06-17T10:22:52.666+0800][34.284s][info][gc,phases   ] GC(331) Concurrent Mark 1.613ms
[2026-06-17T10:22:52.667+0800][34.285s][info][gc,phases   ] GC(331) Pause Mark End 0.381ms
[2026-06-17T10:22:52.667+0800][34.286s][info][gc,phases   ] GC(331) Concurrent Process Non-Strong References 0.102ms
[2026-06-17T10:22:52.667+0800][34.286s][info][gc,phases   ] GC(331) Concurrent Reset Relocation Set 0.003ms
[2026-06-17T10:22:52.667+0800][34.286s][info][gc,phases   ] GC(331) Concurrent Destroy Detached Pages 0.001ms
[2026-06-17T10:22:52.668+0800][34.287s][info][gc,phases   ] GC(331) Concurrent Select Relocation Set 0.590ms
[2026-06-17T10:22:52.668+0800][34.287s][info][gc,phases   ] GC(331) Concurrent Prepare Relocation Set 0.014ms
[2026-06-17T10:22:52.669+0800][34.288s][info][gc,phases   ] GC(331) Pause Relocate Start 0.276ms
[2026-06-17T10:22:52.672+0800][34.290s][info][gc,phases   ] GC(331) Concurrent Relocate 1.875ms
[2026-06-17T10:22:52.672+0800][34.291s][info][gc,load     ] GC(331) Load: 0.17/0.20/0.27
[2026-06-17T10:22:52.672+0800][34.291s][info][gc,mmu      ] GC(331) MMU: 2ms/0.0%, 5ms/43.3%, 10ms/66.9%, 20ms/83.5%, 50ms/93.4%, 100ms/96.6%
[2026-06-17T10:22:52.673+0800][34.291s][info][gc,marking  ] GC(331) Mark: 2 stripe(s), 1 proactive flush(es), 1 terminate flush(es), 0 completion(s), 0 continuation(s) 
[2026-06-17T10:22:52.673+0800][34.292s][info][gc,reloc    ] GC(331) Relocation: Successful, 23M relocated
[2026-06-17T10:22:52.673+0800][34.292s][info][gc,nmethod  ] GC(331) NMethods: 24 registered, 0 unregistered
[2026-06-17T10:22:52.674+0800][34.293s][info][gc,metaspace] GC(331) Metaspace: 3M used, 4M capacity, 4M committed, 8M reserved
[2026-06-17T10:22:52.674+0800][34.293s][info][gc,ref      ] GC(331) Soft: 43 encountered, 0 discovered, 0 enqueued
[2026-06-17T10:22:52.674+0800][34.293s][info][gc,ref      ] GC(331) Weak: 7 encountered, 0 discovered, 0 enqueued
[2026-06-17T10:22:52.674+0800][34.293s][info][gc,ref      ] GC(331) Final: 0 encountered, 0 discovered, 0 enqueued
[2026-06-17T10:22:52.674+0800][34.293s][info][gc,ref      ] GC(331) Phantom: 1 encountered, 0 discovered, 0 enqueued
[2026-06-17T10:22:52.675+0800][34.293s][info][gc,heap     ] GC(331)                Mark Start          Mark End        Relocate Start      Relocate End           High               Low         
[2026-06-17T10:22:52.675+0800][34.294s][info][gc,heap     ] GC(331)  Capacity:      256M (100%)        256M (100%)        256M (100%)        256M (100%)        256M (100%)        256M (100%)   
[2026-06-17T10:22:52.675+0800][34.294s][info][gc,heap     ] GC(331)   Reserve:       62M (24%)          62M (24%)          62M (24%)          62M (24%)          62M (24%)          62M (24%)    
[2026-06-17T10:22:52.675+0800][34.294s][info][gc,heap     ] GC(331)      Free:       80M (31%)          80M (31%)         106M (41%)         148M (58%)         148M (58%)          36M (14%)    
[2026-06-17T10:22:52.675+0800][34.294s][info][gc,heap     ] GC(331)      Used:      114M (45%)         114M (45%)          88M (34%)          46M (18%)         158M (62%)          46M (18%)    
[2026-06-17T10:22:52.675+0800][34.294s][info][gc,heap     ] GC(331)      Live:         -                23M (9%)           23M (9%)           23M (9%)             -                  -          
[2026-06-17T10:22:52.675+0800][34.294s][info][gc,heap     ] GC(331) Allocated:         -                 0M (0%)            4M (2%)           76M (30%)            -                  -          
[2026-06-17T10:22:52.676+0800][34.294s][info][gc,heap     ] GC(331)   Garbage:         -                90M (35%)          60M (24%)          50M (20%)            -                  -          
[2026-06-17T10:22:52.676+0800][34.295s][info][gc,heap     ] GC(331) Reclaimed:         -                  -                30M (12%)          40M (16%)            -                  -          
[2026-06-17T10:22:52.676+0800][34.295s][info][gc          ] GC(331) Garbage Collection (Allocation Rate) 114M(45%)->46M(18%)
[2026-06-17T10:22:52.763+0800][34.382s][info][gc,start    ] GC(332) Garbage Collection (Allocation Rate)
[2026-06-17T10:22:52.764+0800][34.383s][info][gc,phases   ] GC(332) Pause Mark Start 0.203ms
[2026-06-17T10:22:52.767+0800][34.385s][info][gc,phases   ] GC(332) Concurrent Mark 1.846ms
[2026-06-17T10:22:52.768+0800][34.387s][info][gc,phases   ] GC(332) Pause Mark End 0.351ms
[2026-06-17T10:22:52.768+0800][34.387s][info][gc,phases   ] GC(332) Concurrent Process Non-Strong References 0.165ms
[2026-06-17T10:22:52.769+0800][34.388s][info][gc,phases   ] GC(332) Concurrent Reset Relocation Set 0.004ms
[2026-06-17T10:22:52.769+0800][34.388s][info][gc,phases   ] GC(332) Concurrent Destroy Detached Pages 0.001ms
[2026-06-17T10:22:52.770+0800][34.389s][info][gc,phases   ] GC(332) Concurrent Select Relocation Set 0.611ms
[2026-06-17T10:22:52.771+0800][34.389s][info][gc,phases   ] GC(332) Concurrent Prepare Relocation Set 0.003ms
[2026-06-17T10:22:52.771+0800][34.390s][info][gc,phases   ] GC(332) Pause Relocate Start 0.154ms
[2026-06-17T10:22:52.772+0800][34.391s][info][gc,phases   ] GC(332) Concurrent Relocate 0.252ms
[2026-06-17T10:22:52.772+0800][34.391s][info][gc,load     ] GC(332) Load: 0.17/0.20/0.27
[2026-06-17T10:22:52.772+0800][34.391s][info][gc,mmu      ] GC(332) MMU: 2ms/0.0%, 5ms/43.3%, 10ms/66.9%, 20ms/83.5%, 50ms/93.4%, 100ms/96.6%
[2026-06-17T10:22:52.773+0800][34.391s][info][gc,marking  ] GC(332) Mark: 2 stripe(s), 1 proactive flush(es), 1 terminate flush(es), 0 completion(s), 0 continuation(s) 
[2026-06-17T10:22:52.773+0800][34.392s][info][gc,reloc    ] GC(332) Relocation: Successful, 26M relocated
[2026-06-17T10:22:52.773+0800][34.392s][info][gc,nmethod  ] GC(332) NMethods: 24 registered, 0 unregistered
[2026-06-17T10:22:52.773+0800][34.392s][info][gc,metaspace] GC(332) Metaspace: 3M used, 4M capacity, 4M committed, 8M reserved
[2026-06-17T10:22:52.773+0800][34.392s][info][gc,ref      ] GC(332) Soft: 43 encountered, 0 discovered, 0 enqueued
[2026-06-17T10:22:52.774+0800][34.392s][info][gc,ref      ] GC(332) Weak: 7 encountered, 0 discovered, 0 enqueued
[2026-06-17T10:22:52.774+0800][34.392s][info][gc,ref      ] GC(332) Final: 0 encountered, 0 discovered, 0 enqueued
[2026-06-17T10:22:52.774+0800][34.393s][info][gc,ref      ] GC(332) Phantom: 1 encountered, 1 discovered, 0 enqueued
[2026-06-17T10:22:52.774+0800][34.393s][info][gc,heap     ] GC(332)                Mark Start          Mark End        Relocate Start      Relocate End           High               Low         
[2026-06-17T10:22:52.774+0800][34.393s][info][gc,heap     ] GC(332)  Capacity:      256M (100%)        256M (100%)        256M (100%)        256M (100%)        256M (100%)        256M (100%)   
[2026-06-17T10:22:52.774+0800][34.393s][info][gc,heap     ] GC(332)   Reserve:       62M (24%)          62M (24%)          62M (24%)          62M (24%)          62M (24%)          62M (24%)    
[2026-06-17T10:22:52.774+0800][34.393s][info][gc,heap     ] GC(332)      Free:      112M (44%)         112M (44%)         142M (55%)         150M (59%)         150M (59%)         112M (44%)    
[2026-06-17T10:22:52.774+0800][34.393s][info][gc,heap     ] GC(332)      Used:       82M (32%)          82M (32%)          52M (20%)          44M (17%)          82M (32%)          44M (17%)    
[2026-06-17T10:22:52.774+0800][34.393s][info][gc,heap     ] GC(332)      Live:         -                29M (12%)          29M (12%)          29M (12%)            -                  -          
[2026-06-17T10:22:52.775+0800][34.393s][info][gc,heap     ] GC(332) Allocated:         -                 0M (0%)            0M (0%)            6M (2%)             -                  -          
[2026-06-17T10:22:52.775+0800][34.393s][info][gc,heap     ] GC(332)   Garbage:         -                52M (20%)          22M (9%)           14M (6%)             -                  -          
[2026-06-17T10:22:52.775+0800][34.393s][info][gc,heap     ] GC(332) Reclaimed:         -                  -                30M (12%)          38M (15%)            -                  -          
[2026-06-17T10:22:52.775+0800][34.394s][info][gc          ] GC(332) Garbage Collection (Allocation Rate) 82M(32%)->44M(17%)
[2026-06-17T10:22:52.863+0800][34.482s][info][gc,start    ] GC(333) Garbage Collection (Allocation Rate)
[2026-06-17T10:22:52.864+0800][34.483s][info][gc,phases   ] GC(333) Pause Mark Start 0.214ms
[2026-06-17T10:22:52.866+0800][34.485s][info][gc,phases   ] GC(333) Concurrent Mark 1.589ms
[2026-06-17T10:22:52.867+0800][34.486s][info][gc,phases   ] GC(333) Pause Mark End 0.336ms
[2026-06-17T10:22:52.868+0800][34.486s][info][gc,phases   ] GC(333) Concurrent Process Non-Strong References 0.155ms
[2026-06-17T10:22:52.868+0800][34.487s][info][gc,phases   ] GC(333) Concurrent Reset Relocation Set 0.002ms
[2026-06-17T10:22:52.868+0800][34.487s][info][gc,phases   ] GC(333) Concurrent Destroy Detached Pages 0.001ms
[2026-06-17T10:22:52.869+0800][34.488s][info][gc,phases   ] GC(333) Concurrent Select Relocation Set 0.591ms
[2026-06-17T10:22:52.869+0800][34.488s][info][gc,phases   ] GC(333) Concurrent Prepare Relocation Set 0.005ms
[2026-06-17T10:22:52.870+0800][34.488s][info][gc,phases   ] GC(333) Pause Relocate Start 0.132ms
[2026-06-17T10:22:52.872+0800][34.490s][info][gc,phases   ] GC(333) Concurrent Relocate 1.856ms
[2026-06-17T10:22:52.872+0800][34.491s][info][gc,load     ] GC(333) Load: 0.17/0.20/0.27
[2026-06-17T10:22:52.872+0800][34.491s][info][gc,mmu      ] GC(333) MMU: 2ms/0.0%, 5ms/43.3%, 10ms/66.9%, 20ms/83.5%, 50ms/93.4%, 100ms/96.6%
[2026-06-17T10:22:52.872+0800][34.491s][info][gc,marking  ] GC(333) Mark: 2 stripe(s), 1 proactive flush(es), 1 terminate flush(es), 0 completion(s), 0 continuation(s) 
[2026-06-17T10:22:52.872+0800][34.491s][info][gc,reloc    ] GC(333) Relocation: Successful, 26M relocated
[2026-06-17T10:22:52.873+0800][34.491s][info][gc,nmethod  ] GC(333) NMethods: 24 registered, 0 unregistered
[2026-06-17T10:22:52.873+0800][34.491s][info][gc,metaspace] GC(333) Metaspace: 3M used, 4M capacity, 4M committed, 8M reserved
[2026-06-17T10:22:52.873+0800][34.492s][info][gc,ref      ] GC(333) Soft: 43 encountered, 0 discovered, 0 enqueued
[2026-06-17T10:22:52.873+0800][34.492s][info][gc,ref      ] GC(333) Weak: 7 encountered, 2 discovered, 0 enqueued
[2026-06-17T10:22:52.873+0800][34.492s][info][gc,ref      ] GC(333) Final: 0 encountered, 0 discovered, 0 enqueued
[2026-06-17T10:22:52.873+0800][34.492s][info][gc,ref      ] GC(333) Phantom: 1 encountered, 1 discovered, 0 enqueued
[2026-06-17T10:22:52.873+0800][34.492s][info][gc,heap     ] GC(333)                Mark Start          Mark End        Relocate Start      Relocate End           High               Low         
[2026-06-17T10:22:52.873+0800][34.492s][info][gc,heap     ] GC(333)  Capacity:      256M (100%)        256M (100%)        256M (100%)        256M (100%)        256M (100%)        256M (100%)   
[2026-06-17T10:22:52.874+0800][34.492s][info][gc,heap     ] GC(333)   Reserve:       62M (24%)          62M (24%)          62M (24%)          62M (24%)          62M (24%)          62M (24%)    
[2026-06-17T10:22:52.874+0800][34.492s][info][gc,heap     ] GC(333)      Free:       82M (32%)          82M (32%)         108M (42%)         146M (57%)         146M (57%)          70M (27%)    
[2026-06-17T10:22:52.874+0800][34.492s][info][gc,heap     ] GC(333)      Used:      112M (44%)         112M (44%)          86M (34%)          48M (19%)         124M (48%)          48M (19%)    
[2026-06-17T10:22:52.874+0800][34.493s][info][gc,heap     ] GC(333)      Live:         -                28M (11%)          28M (11%)          28M (11%)            -                  -          
[2026-06-17T10:22:52.874+0800][34.493s][info][gc,heap     ] GC(333) Allocated:         -                 0M (0%)            4M (2%)           44M (17%)            -                  -          
[2026-06-17T10:22:52.874+0800][34.493s][info][gc,heap     ] GC(333)   Garbage:         -                83M (33%)          53M (21%)          15M (6%)             -                  -          
[2026-06-17T10:22:52.874+0800][34.493s][info][gc,heap     ] GC(333) Reclaimed:         -                  -                30M (12%)          68M (27%)            -                  -          
[2026-06-17T10:22:52.874+0800][34.493s][info][gc          ] GC(333) Garbage Collection (Allocation Rate) 112M(44%)->48M(19%)
[2026-06-17T10:22:52.963+0800][34.582s][info][gc,start    ] GC(334) Garbage Collection (Allocation Rate)
[2026-06-17T10:22:52.965+0800][34.583s][info][gc,phases   ] GC(334) Pause Mark Start 0.629ms
[2026-06-17T10:22:52.967+0800][34.585s][info][gc,phases   ] GC(334) Concurrent Mark 1.537ms
[2026-06-17T10:22:52.968+0800][34.586s][info][gc,phases   ] GC(334) Pause Mark End 0.404ms
[2026-06-17T10:22:52.968+0800][34.587s][info][gc,phases   ] GC(334) Concurrent Process Non-Strong References 0.207ms
[2026-06-17T10:22:52.969+0800][34.587s][info][gc,phases   ] GC(334) Concurrent Reset Relocation Set 0.002ms
[2026-06-17T10:22:52.969+0800][34.588s][info][gc,phases   ] GC(334) Concurrent Destroy Detached Pages 0.001ms
[2026-06-17T10:22:52.970+0800][34.588s][info][gc,phases   ] GC(334) Concurrent Select Relocation Set 0.736ms
[2026-06-17T10:22:52.970+0800][34.589s][info][gc,phases   ] GC(334) Concurrent Prepare Relocation Set 0.059ms
[2026-06-17T10:22:52.971+0800][34.590s][info][gc,phases   ] GC(334) Pause Relocate Start 0.237ms
[2026-06-17T10:22:52.972+0800][34.590s][info][gc,phases   ] GC(334) Concurrent Relocate 0.314ms
[2026-06-17T10:22:52.972+0800][34.591s][info][gc,load     ] GC(334) Load: 0.17/0.20/0.27
[2026-06-17T10:22:52.972+0800][34.591s][info][gc,mmu      ] GC(334) MMU: 2ms/0.0%, 5ms/43.3%, 10ms/66.9%, 20ms/83.5%, 50ms/93.4%, 100ms/96.6%
[2026-06-17T10:22:52.972+0800][34.591s][info][gc,marking  ] GC(334) Mark: 2 stripe(s), 1 proactive flush(es), 1 terminate flush(es), 0 completion(s), 0 continuation(s) 
[2026-06-17T10:22:52.973+0800][34.591s][info][gc,reloc    ] GC(334) Relocation: Successful, 23M relocated
[2026-06-17T10:22:52.973+0800][34.591s][info][gc,nmethod  ] GC(334) NMethods: 24 registered, 0 unregistered
[2026-06-17T10:22:52.973+0800][34.592s][info][gc,metaspace] GC(334) Metaspace: 3M used, 4M capacity, 4M committed, 8M reserved
[2026-06-17T10:22:52.973+0800][34.592s][info][gc,ref      ] GC(334) Soft: 43 encountered, 0 discovered, 0 enqueued
[2026-06-17T10:22:52.973+0800][34.592s][info][gc,ref      ] GC(334) Weak: 7 encountered, 2 discovered, 0 enqueued
[2026-06-17T10:22:52.973+0800][34.592s][info][gc,ref      ] GC(334) Final: 0 encountered, 0 discovered, 0 enqueued
[2026-06-17T10:22:52.973+0800][34.592s][info][gc,ref      ] GC(334) Phantom: 1 encountered, 1 discovered, 0 enqueued
[2026-06-17T10:22:52.974+0800][34.592s][info][gc,heap     ] GC(334)                Mark Start          Mark End        Relocate Start      Relocate End           High               Low         
[2026-06-17T10:22:52.974+0800][34.592s][info][gc,heap     ] GC(334)  Capacity:      256M (100%)        256M (100%)        256M (100%)        256M (100%)        256M (100%)        256M (100%)   
[2026-06-17T10:22:52.974+0800][34.593s][info][gc,heap     ] GC(334)   Reserve:       62M (24%)          62M (24%)          62M (24%)          62M (24%)          62M (24%)          62M (24%)    
[2026-06-17T10:22:52.974+0800][34.593s][info][gc,heap     ] GC(334)      Free:      112M (44%)         112M (44%)         144M (56%)         154M (60%)         154M (60%)         112M (44%)    
[2026-06-17T10:22:52.974+0800][34.593s][info][gc,heap     ] GC(334)      Used:       82M (32%)          82M (32%)          50M (20%)          40M (16%)          82M (32%)          40M (16%)    
[2026-06-17T10:22:52.974+0800][34.593s][info][gc,heap     ] GC(334)      Live:         -                25M (10%)          25M (10%)          25M (10%)            -                  -          
[2026-06-17T10:22:52.974+0800][34.593s][info][gc,heap     ] GC(334) Allocated:         -                 0M (0%)            0M (0%)            4M (2%)             -                  -          
[2026-06-17T10:22:52.974+0800][34.593s][info][gc,heap     ] GC(334)   Garbage:         -                56M (22%)          24M (10%)          14M (6%)             -                  -          
[2026-06-17T10:22:52.975+0800][34.593s][info][gc,heap     ] GC(334) Reclaimed:         -                  -                32M (12%)          42M (16%)            -                  -          
[2026-06-17T10:22:52.975+0800][34.593s][info][gc          ] GC(334) Garbage Collection (Allocation Rate) 82M(32%)->40M(16%)
[2026-06-17T10:22:53.063+0800][34.682s][info][gc,start    ] GC(335) Garbage Collection (Allocation Rate)
[2026-06-17T10:22:53.065+0800][34.684s][info][gc,phases   ] GC(335) Pause Mark Start 0.383ms
[2026-06-17T10:22:53.068+0800][34.687s][info][gc,phases   ] GC(335) Concurrent Mark 2.043ms
[2026-06-17T10:22:53.071+0800][34.690s][info][gc,phases   ] GC(335) Pause Mark End 0.792ms
[2026-06-17T10:22:53.072+0800][34.691s][info][gc,phases   ] GC(335) Concurrent Process Non-Strong References 0.187ms
[2026-06-17T10:22:53.075+0800][34.694s][info][gc,phases   ] GC(335) Concurrent Reset Relocation Set 0.004ms
[2026-06-17T10:22:53.078+0800][34.696s][info][gc,phases   ] GC(335) Concurrent Destroy Detached Pages 0.002ms
[2026-06-17T10:22:53.080+0800][34.699s][info][gc,phases   ] GC(335) Concurrent Select Relocation Set 1.298ms
[2026-06-17T10:22:53.081+0800][34.699s][info][gc,phases   ] GC(335) Concurrent Prepare Relocation Set 0.012ms
[2026-06-17T10:22:53.083+0800][34.701s][info][gc,phases   ] GC(335) Pause Relocate Start 0.419ms
[2026-06-17T10:22:53.086+0800][34.705s][info][gc,phases   ] GC(335) Concurrent Relocate 2.656ms
[2026-06-17T10:22:53.086+0800][34.705s][info][gc,load     ] GC(335) Load: 0.17/0.20/0.27
[2026-06-17T10:22:53.086+0800][34.705s][info][gc,mmu      ] GC(335) MMU: 2ms/0.0%, 5ms/43.3%, 10ms/66.9%, 20ms/83.5%, 50ms/93.4%, 100ms/96.6%
[2026-06-17T10:22:53.087+0800][34.705s][info][gc,marking  ] GC(335) Mark: 2 stripe(s), 1 proactive flush(es), 1 terminate flush(es), 0 completion(s), 0 continuation(s) 
[2026-06-17T10:22:53.087+0800][34.706s][info][gc,reloc    ] GC(335) Relocation: Successful, 30M relocated
[2026-06-17T10:22:53.087+0800][34.706s][info][gc,nmethod  ] GC(335) NMethods: 24 registered, 0 unregistered
[2026-06-17T10:22:53.087+0800][34.706s][info][gc,metaspace] GC(335) Metaspace: 3M used, 4M capacity, 4M committed, 8M reserved
[2026-06-17T10:22:53.087+0800][34.706s][info][gc,ref      ] GC(335) Soft: 43 encountered, 0 discovered, 0 enqueued
[2026-06-17T10:22:53.087+0800][34.706s][info][gc,ref      ] GC(335) Weak: 7 encountered, 2 discovered, 0 enqueued
[2026-06-17T10:22:53.088+0800][34.706s][info][gc,ref      ] GC(335) Final: 0 encountered, 0 discovered, 0 enqueued
[2026-06-17T10:22:53.088+0800][34.707s][info][gc,ref      ] GC(335) Phantom: 1 encountered, 0 discovered, 0 enqueued
[2026-06-17T10:22:53.088+0800][34.707s][info][gc,heap     ] GC(335)                Mark Start          Mark End        Relocate Start      Relocate End           High               Low         
[2026-06-17T10:22:53.088+0800][34.707s][info][gc,heap     ] GC(335)  Capacity:      256M (100%)        256M (100%)        256M (100%)        256M (100%)        256M (100%)        256M (100%)   
[2026-06-17T10:22:53.088+0800][34.707s][info][gc,heap     ] GC(335)   Reserve:       62M (24%)          62M (24%)          62M (24%)          62M (24%)          62M (24%)          62M (24%)    
[2026-06-17T10:22:53.088+0800][34.707s][info][gc,heap     ] GC(335)      Free:       86M (34%)          48M (19%)          72M (28%)         142M (55%)         142M (55%)          46M (18%)    
[2026-06-17T10:22:53.089+0800][34.707s][info][gc,heap     ] GC(335)      Used:      108M (42%)         146M (57%)         122M (48%)          52M (20%)         148M (58%)          52M (20%)    
[2026-06-17T10:22:53.089+0800][34.708s][info][gc,heap     ] GC(335)      Live:         -                32M (13%)          32M (13%)          32M (13%)            -                  -          
[2026-06-17T10:22:53.089+0800][34.708s][info][gc,heap     ] GC(335) Allocated:         -                38M (15%)          40M (16%)          48M (19%)            -                  -          
[2026-06-17T10:22:53.089+0800][34.708s][info][gc,heap     ] GC(335)   Garbage:         -                75M (30%)          49M (20%)    17592186044395M (6         -                  -          
[2026-06-17T10:22:53.089+0800][34.708s][info][gc,heap     ] GC(335) Reclaimed:         -                  -                26M (10%)          96M (38%)            -                  -          
[2026-06-17T10:22:53.089+0800][34.708s][info][gc          ] GC(335) Garbage Collection (Allocation Rate) 108M(42%)->52M(20%)
[2026-06-17T10:22:53.163+0800][34.782s][info][gc,start    ] GC(336) Garbage Collection (Allocation Rate)
[2026-06-17T10:22:53.165+0800][34.783s][info][gc,phases   ] GC(336) Pause Mark Start 0.431ms
[2026-06-17T10:22:53.168+0800][34.786s][info][gc,phases   ] GC(336) Concurrent Mark 2.411ms
[2026-06-17T10:22:53.169+0800][34.788s][info][gc,phases   ] GC(336) Pause Mark End 0.603ms
[2026-06-17T10:22:53.170+0800][34.789s][info][gc,phases   ] GC(336) Concurrent Process Non-Strong References 0.257ms
[2026-06-17T10:22:53.170+0800][34.789s][info][gc,phases   ] GC(336) Concurrent Reset Relocation Set 0.006ms
[2026-06-17T10:22:53.171+0800][34.790s][info][gc,phases   ] GC(336) Concurrent Destroy Detached Pages 0.002ms
[2026-06-17T10:22:53.172+0800][34.791s][info][gc,phases   ] GC(336) Concurrent Select Relocation Set 0.998ms
[2026-06-17T10:22:53.173+0800][34.791s][info][gc,phases   ] GC(336) Concurrent Prepare Relocation Set 0.013ms
[2026-06-17T10:22:53.173+0800][34.792s][info][gc,phases   ] GC(336) Pause Relocate Start 0.206ms
[2026-06-17T10:22:53.174+0800][34.793s][info][gc,phases   ] GC(336) Concurrent Relocate 0.746ms
[2026-06-17T10:22:53.175+0800][34.793s][info][gc,load     ] GC(336) Load: 0.17/0.20/0.27
[2026-06-17T10:22:53.175+0800][34.794s][info][gc,mmu      ] GC(336) MMU: 2ms/0.0%, 5ms/43.3%, 10ms/66.9%, 20ms/83.5%, 50ms/93.4%, 100ms/96.6%
[2026-06-17T10:22:53.175+0800][34.794s][info][gc,marking  ] GC(336) Mark: 2 stripe(s), 1 proactive flush(es), 1 terminate flush(es), 0 completion(s), 0 continuation(s) 
[2026-06-17T10:22:53.175+0800][34.794s][info][gc,reloc    ] GC(336) Relocation: Successful, 23M relocated
[2026-06-17T10:22:53.175+0800][34.794s][info][gc,nmethod  ] GC(336) NMethods: 24 registered, 0 unregistered
[2026-06-17T10:22:53.176+0800][34.794s][info][gc,metaspace] GC(336) Metaspace: 3M used, 4M capacity, 4M committed, 8M reserved
[2026-06-17T10:22:53.176+0800][34.794s][info][gc,ref      ] GC(336) Soft: 43 encountered, 0 discovered, 0 enqueued
[2026-06-17T10:22:53.176+0800][34.795s][info][gc,ref      ] GC(336) Weak: 7 encountered, 2 discovered, 0 enqueued
[2026-06-17T10:22:53.176+0800][34.795s][info][gc,ref      ] GC(336) Final: 0 encountered, 0 discovered, 0 enqueued
[2026-06-17T10:22:53.176+0800][34.795s][info][gc,ref      ] GC(336) Phantom: 1 encountered, 1 discovered, 0 enqueued
[2026-06-17T10:22:53.176+0800][34.795s][info][gc,heap     ] GC(336)                Mark Start          Mark End        Relocate Start      Relocate End           High               Low         
[2026-06-17T10:22:53.176+0800][34.795s][info][gc,heap     ] GC(336)  Capacity:      256M (100%)        256M (100%)        256M (100%)        256M (100%)        256M (100%)        256M (100%)   
[2026-06-17T10:22:53.177+0800][34.795s][info][gc,heap     ] GC(336)   Reserve:       62M (24%)          62M (24%)          62M (24%)          62M (24%)          62M (24%)          62M (24%)    
[2026-06-17T10:22:53.177+0800][34.795s][info][gc,heap     ] GC(336)      Free:      110M (43%)         110M (43%)         134M (52%)         150M (59%)         150M (59%)         110M (43%)    
[2026-06-17T10:22:53.177+0800][34.796s][info][gc,heap     ] GC(336)      Used:       84M (33%)          84M (33%)          60M (23%)          44M (17%)          84M (33%)          44M (17%)    
[2026-06-17T10:22:53.177+0800][34.796s][info][gc,heap     ] GC(336)      Live:         -                23M (9%)           23M (9%)           23M (9%)             -                  -          
[2026-06-17T10:22:53.177+0800][34.796s][info][gc,heap     ] GC(336) Allocated:         -                 0M (0%)            4M (2%)           12M (5%)             -                  -          
[2026-06-17T10:22:53.177+0800][34.796s][info][gc,heap     ] GC(336)   Garbage:         -                60M (24%)          32M (13%)          16M (6%)             -                  -          
[2026-06-17T10:22:53.177+0800][34.796s][info][gc,heap     ] GC(336) Reclaimed:         -                  -                28M (11%)          44M (17%)            -                  -          
[2026-06-17T10:22:53.177+0800][34.796s][info][gc          ] GC(336) Garbage Collection (Allocation Rate) 84M(33%)->44M(17%)
[2026-06-17T10:22:53.263+0800][34.882s][info][gc,start    ] GC(337) Garbage Collection (Allocation Rate)
[2026-06-17T10:22:53.266+0800][34.885s][info][gc,phases   ] GC(337) Pause Mark Start 0.675ms
[2026-06-17T10:22:53.270+0800][34.888s][info][gc,phases   ] GC(337) Concurrent Mark 2.686ms
[2026-06-17T10:22:53.274+0800][34.892s][info][gc,phases   ] GC(337) Pause Mark End 0.695ms
[2026-06-17T10:22:53.275+0800][34.893s][info][gc,phases   ] GC(337) Concurrent Process Non-Strong References 0.334ms
[2026-06-17T10:22:53.275+0800][34.894s][info][gc,phases   ] GC(337) Concurrent Reset Relocation Set 0.004ms
[2026-06-17T10:22:53.276+0800][34.894s][info][gc,phases   ] GC(337) Concurrent Destroy Detached Pages 0.001ms
[2026-06-17T10:22:53.277+0800][34.896s][info][gc,phases   ] GC(337) Concurrent Select Relocation Set 0.949ms
[2026-06-17T10:22:53.277+0800][34.896s][info][gc,phases   ] GC(337) Concurrent Prepare Relocation Set 0.011ms
[2026-06-17T10:22:53.278+0800][34.897s][info][gc,phases   ] GC(337) Pause Relocate Start 0.308ms
[2026-06-17T10:22:53.280+0800][34.899s][info][gc,phases   ] GC(337) Concurrent Relocate 1.327ms
[2026-06-17T10:22:53.280+0800][34.899s][info][gc,load     ] GC(337) Load: 0.17/0.20/0.27
[2026-06-17T10:22:53.280+0800][34.899s][info][gc,mmu      ] GC(337) MMU: 2ms/0.0%, 5ms/43.3%, 10ms/66.9%, 20ms/83.5%, 50ms/93.4%, 100ms/96.6%
[2026-06-17T10:22:53.280+0800][34.899s][info][gc,marking  ] GC(337) Mark: 2 stripe(s), 1 proactive flush(es), 1 terminate flush(es), 0 completion(s), 0 continuation(s) 
[2026-06-17T10:22:53.280+0800][34.899s][info][gc,reloc    ] GC(337) Relocation: Successful, 17M relocated
[2026-06-17T10:22:53.281+0800][34.899s][info][gc,nmethod  ] GC(337) NMethods: 24 registered, 0 unregistered
[2026-06-17T10:22:53.281+0800][34.899s][info][gc,metaspace] GC(337) Metaspace: 3M used, 4M capacity, 4M committed, 8M reserved
[2026-06-17T10:22:53.281+0800][34.900s][info][gc,ref      ] GC(337) Soft: 43 encountered, 0 discovered, 0 enqueued
[2026-06-17T10:22:53.281+0800][34.900s][info][gc,ref      ] GC(337) Weak: 7 encountered, 2 discovered, 0 enqueued
[2026-06-17T10:22:53.281+0800][34.900s][info][gc,ref      ] GC(337) Final: 0 encountered, 0 discovered, 0 enqueued
[2026-06-17T10:22:53.281+0800][34.900s][info][gc,ref      ] GC(337) Phantom: 1 encountered, 1 discovered, 0 enqueued
[2026-06-17T10:22:53.281+0800][34.900s][info][gc,heap     ] GC(337)                Mark Start          Mark End        Relocate Start      Relocate End           High               Low         
[2026-06-17T10:22:53.281+0800][34.900s][info][gc,heap     ] GC(337)  Capacity:      256M (100%)        256M (100%)        256M (100%)        256M (100%)        256M (100%)        256M (100%)   
[2026-06-17T10:22:53.282+0800][34.900s][info][gc,heap     ] GC(337)   Reserve:       62M (24%)          62M (24%)          62M (24%)          62M (24%)          62M (24%)          62M (24%)    
[2026-06-17T10:22:53.282+0800][34.900s][info][gc,heap     ] GC(337)      Free:       86M (34%)          82M (32%)         112M (44%)         148M (58%)         148M (58%)          76M (30%)    
[2026-06-17T10:22:53.282+0800][34.900s][info][gc,heap     ] GC(337)      Used:      108M (42%)         112M (44%)          82M (32%)          46M (18%)         118M (46%)          46M (18%)    
[2026-06-17T10:22:53.282+0800][34.900s][info][gc,heap     ] GC(337)      Live:         -                18M (7%)           18M (7%)           18M (7%)             -                  -          
[2026-06-17T10:22:53.282+0800][34.901s][info][gc,heap     ] GC(337) Allocated:         -                 4M (2%)            4M (2%)           44M (17%)            -                  -          
[2026-06-17T10:22:53.282+0800][34.901s][info][gc,heap     ] GC(337)   Garbage:         -                89M (35%)          59M (23%)          23M (9%)             -                  -          
[2026-06-17T10:22:53.282+0800][34.901s][info][gc,heap     ] GC(337) Reclaimed:         -                  -                30M (12%)          66M (26%)            -                  -          
[2026-06-17T10:22:53.282+0800][34.901s][info][gc          ] GC(337) Garbage Collection (Allocation Rate) 108M(42%)->46M(18%)
[2026-06-17T10:22:53.363+0800][34.982s][info][gc,start    ] GC(338) Garbage Collection (Allocation Rate)
[2026-06-17T10:22:53.365+0800][34.983s][info][gc,phases   ] GC(338) Pause Mark Start 0.317ms
[2026-06-17T10:22:53.367+0800][34.986s][info][gc,phases   ] GC(338) Concurrent Mark 1.881ms
[2026-06-17T10:22:53.368+0800][34.987s][info][gc,phases   ] GC(338) Pause Mark End 0.465ms
[2026-06-17T10:22:53.369+0800][34.988s][info][gc,phases   ] GC(338) Concurrent Process Non-Strong References 0.123ms
[2026-06-17T10:22:53.369+0800][34.988s][info][gc,phases   ] GC(338) Concurrent Reset Relocation Set 0.003ms
[2026-06-17T10:22:53.369+0800][34.988s][info][gc,phases   ] GC(338) Concurrent Destroy Detached Pages 0.002ms
[2026-06-17T10:22:53.370+0800][34.989s][info][gc,phases   ] GC(338) Concurrent Select Relocation Set 0.753ms
[2026-06-17T10:22:53.370+0800][34.989s][info][gc,phases   ] GC(338) Concurrent Prepare Relocation Set 0.002ms
[2026-06-17T10:22:53.371+0800][34.990s][info][gc,phases   ] GC(338) Pause Relocate Start 0.176ms
[2026-06-17T10:22:53.372+0800][34.990s][info][gc,phases   ] GC(338) Concurrent Relocate 0.210ms
[2026-06-17T10:22:53.372+0800][34.991s][info][gc,load     ] GC(338) Load: 0.17/0.20/0.27
[2026-06-17T10:22:53.372+0800][34.991s][info][gc,mmu      ] GC(338) MMU: 2ms/0.0%, 5ms/43.3%, 10ms/66.9%, 20ms/83.5%, 50ms/93.4%, 100ms/96.6%
[2026-06-17T10:22:53.372+0800][34.991s][info][gc,marking  ] GC(338) Mark: 2 stripe(s), 2 proactive flush(es), 1 terminate flush(es), 0 completion(s), 0 continuation(s) 
[2026-06-17T10:22:53.372+0800][34.991s][info][gc,reloc    ] GC(338) Relocation: Successful, 20M relocated
[2026-06-17T10:22:53.372+0800][34.991s][info][gc,nmethod  ] GC(338) NMethods: 24 registered, 0 unregistered
[2026-06-17T10:22:53.373+0800][34.991s][info][gc,metaspace] GC(338) Metaspace: 3M used, 4M capacity, 4M committed, 8M reserved
[2026-06-17T10:22:53.373+0800][34.992s][info][gc,ref      ] GC(338) Soft: 43 encountered, 0 discovered, 0 enqueued
[2026-06-17T10:22:53.373+0800][34.992s][info][gc,ref      ] GC(338) Weak: 7 encountered, 2 discovered, 0 enqueued
[2026-06-17T10:22:53.373+0800][34.992s][info][gc,ref      ] GC(338) Final: 0 encountered, 0 discovered, 0 enqueued
[2026-06-17T10:22:53.373+0800][34.992s][info][gc,ref      ] GC(338) Phantom: 1 encountered, 1 discovered, 0 enqueued
[2026-06-17T10:22:53.374+0800][34.992s][info][gc,heap     ] GC(338)                Mark Start          Mark End        Relocate Start      Relocate End           High               Low         
[2026-06-17T10:22:53.374+0800][34.992s][info][gc,heap     ] GC(338)  Capacity:      256M (100%)        256M (100%)        256M (100%)        256M (100%)        256M (100%)        256M (100%)   
[2026-06-17T10:22:53.374+0800][34.993s][info][gc,heap     ] GC(338)   Reserve:       62M (24%)          62M (24%)          62M (24%)          62M (24%)          62M (24%)          62M (24%)    
[2026-06-17T10:22:53.374+0800][34.993s][info][gc,heap     ] GC(338)      Free:      114M (45%)         110M (43%)         138M (54%)         144M (56%)         144M (56%)         110M (43%)    
[2026-06-17T10:22:53.374+0800][34.993s][info][gc,heap     ] GC(338)      Used:       80M (31%)          84M (33%)          56M (22%)          50M (20%)          84M (33%)          50M (20%)    
[2026-06-17T10:22:53.374+0800][34.993s][info][gc,heap     ] GC(338)      Live:         -                25M (10%)          25M (10%)          25M (10%)            -                  -          
[2026-06-17T10:22:53.374+0800][34.993s][info][gc,heap     ] GC(338) Allocated:         -                 4M (2%)            4M (2%)           10M (4%)             -                  -          
[2026-06-17T10:22:53.374+0800][34.993s][info][gc,heap     ] GC(338)   Garbage:         -                54M (21%)          26M (10%)          20M (8%)             -                  -          
[2026-06-17T10:22:53.374+0800][34.993s][info][gc,heap     ] GC(338) Reclaimed:         -                  -                28M (11%)          34M (13%)            -                  -          
[2026-06-17T10:22:53.374+0800][34.993s][info][gc          ] GC(338) Garbage Collection (Allocation Rate) 80M(31%)->50M(20%)
[2026-06-17T10:22:53.463+0800][35.081s][info][gc,start    ] GC(339) Garbage Collection (Allocation Rate)
[2026-06-17T10:22:53.472+0800][35.091s][info][gc,phases   ] GC(339) Pause Mark Start 0.159ms
[2026-06-17T10:22:53.534+0800][35.153s][info][gc,phases   ] GC(339) Concurrent Mark 1.525ms
[2026-06-17T10:22:53.535+0800][35.154s][info][gc,phases   ] GC(339) Pause Mark End 0.264ms
[2026-06-17T10:22:53.542+0800][35.161s][info][gc,phases   ] GC(339) Concurrent Process Non-Strong References 0.075ms
[2026-06-17T10:22:53.545+0800][35.164s][info][gc,phases   ] GC(339) Concurrent Reset Relocation Set 0.003ms
[2026-06-17T10:22:53.545+0800][35.164s][info][gc,phases   ] GC(339) Concurrent Destroy Detached Pages 0.001ms
[2026-06-17T10:22:53.552+0800][35.171s][info][gc,phases   ] GC(339) Concurrent Select Relocation Set 0.480ms
[2026-06-17T10:22:53.553+0800][35.171s][info][gc,phases   ] GC(339) Concurrent Prepare Relocation Set 0.009ms
[2026-06-17T10:22:53.553+0800][35.172s][info][gc,phases   ] GC(339) Pause Relocate Start 0.137ms
[2026-06-17T10:22:53.555+0800][35.174s][info][gc,phases   ] GC(339) Concurrent Relocate 1.364ms
[2026-06-17T10:22:53.555+0800][35.174s][info][gc,load     ] GC(339) Load: 0.17/0.20/0.27
[2026-06-17T10:22:53.558+0800][35.177s][info][gc,mmu      ] GC(339) MMU: 2ms/0.0%, 5ms/43.3%, 10ms/66.9%, 20ms/83.5%, 50ms/93.4%, 100ms/96.6%
[2026-06-17T10:22:53.559+0800][35.178s][info][gc,marking  ] GC(339) Mark: 2 stripe(s), 2 proactive flush(es), 1 terminate flush(es), 0 completion(s), 0 continuation(s) 
[2026-06-17T10:22:53.560+0800][35.179s][info][gc,reloc    ] GC(339) Relocation: Successful, 20M relocated
[2026-06-17T10:22:53.561+0800][35.180s][info][gc,nmethod  ] GC(339) NMethods: 24 registered, 0 unregistered
[2026-06-17T10:22:53.562+0800][35.181s][info][gc,metaspace] GC(339) Metaspace: 3M used, 4M capacity, 4M committed, 8M reserved
[2026-06-17T10:22:53.563+0800][35.182s][info][gc,ref      ] GC(339) Soft: 43 encountered, 0 discovered, 0 enqueued
[2026-06-17T10:22:53.565+0800][35.183s][info][gc,ref      ] GC(339) Weak: 7 encountered, 2 discovered, 0 enqueued
[2026-06-17T10:22:53.567+0800][35.186s][info][gc,ref      ] GC(339) Final: 0 encountered, 0 discovered, 0 enqueued
[2026-06-17T10:22:53.570+0800][35.188s][info][gc,ref      ] GC(339) Phantom: 1 encountered, 1 discovered, 0 enqueued
[2026-06-17T10:22:53.571+0800][35.189s][info][gc,heap     ] GC(339)                Mark Start          Mark End        Relocate Start      Relocate End           High               Low         
[2026-06-17T10:22:53.571+0800][35.190s][info][gc,heap     ] GC(339)  Capacity:      256M (100%)        256M (100%)        256M (100%)        256M (100%)        256M (100%)        256M (100%)   
[2026-06-17T10:22:53.573+0800][35.192s][info][gc,heap     ] GC(339)   Reserve:       62M (24%)          62M (24%)          62M (24%)          62M (24%)          62M (24%)          62M (24%)    
[2026-06-17T10:22:53.575+0800][35.193s][info][gc,heap     ] GC(339)      Free:       72M (28%)          34M (13%)          72M (28%)         136M (53%)         136M (53%)          32M (12%)    
[2026-06-17T10:22:53.577+0800][35.195s][info][gc,heap     ] GC(339)      Used:      122M (48%)         160M (62%)         122M (48%)          58M (23%)         162M (63%)          58M (23%)    
[2026-06-17T10:22:53.579+0800][35.198s][info][gc,heap     ] GC(339)      Live:         -                21M (8%)           21M (8%)           21M (8%)             -                  -          
[2026-06-17T10:22:53.580+0800][35.199s][info][gc,heap     ] GC(339) Allocated:         -                38M (15%)          40M (16%)          54M (21%)            -                  -          
[2026-06-17T10:22:53.581+0800][35.199s][info][gc,heap     ] GC(339)   Garbage:         -               100M (39%)          60M (24%)    17592186044412M (6         -                  -          
[2026-06-17T10:22:53.582+0800][35.200s][info][gc,heap     ] GC(339) Reclaimed:         -                  -                40M (16%)         104M (41%)            -                  -          
[2026-06-17T10:22:53.583+0800][35.201s][info][gc          ] GC(339) Garbage Collection (Allocation Rate) 122M(48%)->58M(23%)
[2026-06-17T10:22:53.663+0800][35.282s][info][gc,start    ] GC(340) Garbage Collection (Allocation Rate)
[2026-06-17T10:22:53.664+0800][35.283s][info][gc,phases   ] GC(340) Pause Mark Start 0.212ms
[2026-06-17T10:22:53.666+0800][35.285s][info][gc,phases   ] GC(340) Concurrent Mark 1.648ms
[2026-06-17T10:22:53.668+0800][35.287s][info][gc,phases   ] GC(340) Pause Mark End 0.256ms
[2026-06-17T10:22:53.669+0800][35.287s][info][gc,phases   ] GC(340) Concurrent Process Non-Strong References 0.083ms
[2026-06-17T10:22:53.669+0800][35.288s][info][gc,phases   ] GC(340) Concurrent Reset Relocation Set 0.003ms
[2026-06-17T10:22:53.669+0800][35.288s][info][gc,phases   ] GC(340) Concurrent Destroy Detached Pages 0.001ms
[2026-06-17T10:22:53.670+0800][35.289s][info][gc,phases   ] GC(340) Concurrent Select Relocation Set 0.494ms
[2026-06-17T10:22:53.671+0800][35.290s][info][gc,phases   ] GC(340) Concurrent Prepare Relocation Set 0.023ms
[2026-06-17T10:22:53.673+0800][35.292s][info][gc,phases   ] GC(340) Pause Relocate Start 0.160ms
[2026-06-17T10:22:53.676+0800][35.294s][info][gc,phases   ] GC(340) Concurrent Relocate 0.356ms
[2026-06-17T10:22:53.677+0800][35.296s][info][gc,load     ] GC(340) Load: 0.15/0.19/0.27
[2026-06-17T10:22:53.677+0800][35.296s][info][gc,mmu      ] GC(340) MMU: 2ms/0.0%, 5ms/43.3%, 10ms/66.9%, 20ms/83.5%, 50ms/93.4%, 100ms/96.6%
[2026-06-17T10:22:53.679+0800][35.298s][info][gc,marking  ] GC(340) Mark: 2 stripe(s), 1 proactive flush(es), 1 terminate flush(es), 0 completion(s), 0 continuation(s) 
[2026-06-17T10:22:53.681+0800][35.299s][info][gc,reloc    ] GC(340) Relocation: Successful, 23M relocated
[2026-06-17T10:22:53.683+0800][35.301s][info][gc,nmethod  ] GC(340) NMethods: 24 registered, 0 unregistered
[2026-06-17T10:22:53.683+0800][35.302s][info][gc,metaspace] GC(340) Metaspace: 3M used, 4M capacity, 4M committed, 8M reserved
[2026-06-17T10:22:53.685+0800][35.304s][info][gc,ref      ] GC(340) Soft: 43 encountered, 0 discovered, 0 enqueued
[2026-06-17T10:22:53.689+0800][35.308s][info][gc,ref      ] GC(340) Weak: 7 encountered, 2 discovered, 0 enqueued
[2026-06-17T10:22:53.689+0800][35.308s][info][gc,ref      ] GC(340) Final: 0 encountered, 0 discovered, 0 enqueued
[2026-06-17T10:22:53.691+0800][35.310s][info][gc,ref      ] GC(340) Phantom: 1 encountered, 1 discovered, 0 enqueued
[2026-06-17T10:22:53.693+0800][35.312s][info][gc,heap     ] GC(340)                Mark Start          Mark End        Relocate Start      Relocate End           High               Low         
[2026-06-17T10:22:53.695+0800][35.313s][info][gc,heap     ] GC(340)  Capacity:      256M (100%)        256M (100%)        256M (100%)        256M (100%)        256M (100%)        256M (100%)   
[2026-06-17T10:22:53.695+0800][35.314s][info][gc,heap     ] GC(340)   Reserve:       62M (24%)          62M (24%)          62M (24%)          62M (24%)          62M (24%)          62M (24%)    
[2026-06-17T10:22:53.697+0800][35.316s][info][gc,heap     ] GC(340)      Free:       92M (36%)          92M (36%)         132M (52%)         148M (58%)         148M (58%)          92M (36%)    
[2026-06-17T10:22:53.701+0800][35.319s][info][gc,heap     ] GC(340)      Used:      102M (40%)         102M (40%)          62M (24%)          46M (18%)         102M (40%)          46M (18%)    
[2026-06-17T10:22:53.701+0800][35.320s][info][gc,heap     ] GC(340)      Live:         -                23M (9%)           23M (9%)           23M (9%)             -                  -          
[2026-06-17T10:22:53.704+0800][35.322s][info][gc,heap     ] GC(340) Allocated:         -                 0M (0%)            4M (2%)           12M (5%)             -                  -          
[2026-06-17T10:22:53.705+0800][35.323s][info][gc,heap     ] GC(340)   Garbage:         -                78M (31%)          34M (14%)          18M (7%)             -                  -          
[2026-06-17T10:22:53.705+0800][35.324s][info][gc,heap     ] GC(340) Reclaimed:         -                  -                44M (17%)          60M (23%)            -                  -          
[2026-06-17T10:22:53.707+0800][35.326s][info][gc          ] GC(340) Garbage Collection (Allocation Rate) 102M(40%)->46M(18%)
[2026-06-17T10:22:53.763+0800][35.382s][info][gc,start    ] GC(341) Garbage Collection (Allocation Rate)
[2026-06-17T10:22:53.765+0800][35.384s][info][gc,phases   ] GC(341) Pause Mark Start 0.460ms
[2026-06-17T10:22:53.768+0800][35.387s][info][gc,phases   ] GC(341) Concurrent Mark 2.327ms
[2026-06-17T10:22:53.770+0800][35.388s][info][gc,phases   ] GC(341) Pause Mark End 0.812ms
[2026-06-17T10:22:53.771+0800][35.389s][info][gc,phases   ] GC(341) Concurrent Process Non-Strong References 0.407ms
[2026-06-17T10:22:53.771+0800][35.390s][info][gc,phases   ] GC(341) Concurrent Reset Relocation Set 0.003ms
[2026-06-17T10:22:53.772+0800][35.390s][info][gc,phases   ] GC(341) Concurrent Destroy Detached Pages 0.002ms
[2026-06-17T10:22:53.773+0800][35.392s][info][gc,phases   ] GC(341) Concurrent Select Relocation Set 1.204ms
[2026-06-17T10:22:53.773+0800][35.392s][info][gc,phases   ] GC(341) Concurrent Prepare Relocation Set 0.020ms
[2026-06-17T10:22:53.774+0800][35.393s][info][gc,phases   ] GC(341) Pause Relocate Start 0.258ms
[2026-06-17T10:22:53.777+0800][35.396s][info][gc,phases   ] GC(341) Concurrent Relocate 2.200ms
[2026-06-17T10:22:53.778+0800][35.396s][info][gc,load     ] GC(341) Load: 0.15/0.19/0.27
[2026-06-17T10:22:53.778+0800][35.397s][info][gc,mmu      ] GC(341) MMU: 2ms/0.0%, 5ms/43.3%, 10ms/66.9%, 20ms/83.5%, 50ms/93.4%, 100ms/96.6%
[2026-06-17T10:22:53.778+0800][35.397s][info][gc,marking  ] GC(341) Mark: 2 stripe(s), 2 proactive flush(es), 1 terminate flush(es), 0 completion(s), 0 continuation(s) 
[2026-06-17T10:22:53.778+0800][35.397s][info][gc,reloc    ] GC(341) Relocation: Successful, 25M relocated
[2026-06-17T10:22:53.778+0800][35.397s][info][gc,nmethod  ] GC(341) NMethods: 24 registered, 0 unregistered
[2026-06-17T10:22:53.779+0800][35.397s][info][gc,metaspace] GC(341) Metaspace: 3M used, 4M capacity, 4M committed, 8M reserved
[2026-06-17T10:22:53.779+0800][35.398s][info][gc,ref      ] GC(341) Soft: 43 encountered, 0 discovered, 0 enqueued
[2026-06-17T10:22:53.779+0800][35.398s][info][gc,ref      ] GC(341) Weak: 7 encountered, 2 discovered, 0 enqueued
[2026-06-17T10:22:53.779+0800][35.398s][info][gc,ref      ] GC(341) Final: 0 encountered, 0 discovered, 0 enqueued
[2026-06-17T10:22:53.779+0800][35.398s][info][gc,ref      ] GC(341) Phantom: 1 encountered, 1 discovered, 0 enqueued
[2026-06-17T10:22:53.780+0800][35.398s][info][gc,heap     ] GC(341)                Mark Start          Mark End        Relocate Start      Relocate End           High               Low         
[2026-06-17T10:22:53.780+0800][35.399s][info][gc,heap     ] GC(341)  Capacity:      256M (100%)        256M (100%)        256M (100%)        256M (100%)        256M (100%)        256M (100%)   
[2026-06-17T10:22:53.781+0800][35.400s][info][gc,heap     ] GC(341)   Reserve:       62M (24%)          62M (24%)          62M (24%)          62M (24%)          62M (24%)          62M (24%)    
[2026-06-17T10:22:53.781+0800][35.400s][info][gc,heap     ] GC(341)      Free:       86M (34%)          82M (32%)         108M (42%)         142M (55%)         142M (55%)          72M (28%)    
[2026-06-17T10:22:53.781+0800][35.400s][info][gc,heap     ] GC(341)      Used:      108M (42%)         112M (44%)          86M (34%)          52M (20%)         122M (48%)          52M (20%)    
[2026-06-17T10:22:53.782+0800][35.400s][info][gc,heap     ] GC(341)      Live:         -                29M (12%)          29M (12%)          29M (12%)            -                  -          
[2026-06-17T10:22:53.782+0800][35.400s][info][gc,heap     ] GC(341) Allocated:         -                 4M (2%)            4M (2%)           46M (18%)            -                  -          
[2026-06-17T10:22:53.782+0800][35.401s][info][gc,heap     ] GC(341)   Garbage:         -                78M (31%)          52M (20%)          14M (6%)             -                  -          
[2026-06-17T10:22:53.782+0800][35.401s][info][gc,heap     ] GC(341) Reclaimed:         -                  -                26M (10%)          64M (25%)            -                  -          
[2026-06-17T10:22:53.782+0800][35.401s][info][gc          ] GC(341) Garbage Collection (Allocation Rate) 108M(42%)->52M(20%)
[2026-06-17T10:22:53.863+0800][35.482s][info][gc,start    ] GC(342) Garbage Collection (Allocation Rate)
[2026-06-17T10:22:53.865+0800][35.484s][info][gc,phases   ] GC(342) Pause Mark Start 0.494ms
[2026-06-17T10:22:53.868+0800][35.487s][info][gc,phases   ] GC(342) Concurrent Mark 2.178ms
[2026-06-17T10:22:53.870+0800][35.488s][info][gc,phases   ] GC(342) Pause Mark End 0.605ms
[2026-06-17T10:22:53.870+0800][35.489s][info][gc,phases   ] GC(342) Concurrent Process Non-Strong References 0.247ms
[2026-06-17T10:22:53.871+0800][35.490s][info][gc,phases   ] GC(342) Concurrent Reset Relocation Set 0.004ms
[2026-06-17T10:22:53.871+0800][35.490s][info][gc,phases   ] GC(342) Concurrent Destroy Detached Pages 0.001ms
[2026-06-17T10:22:53.873+0800][35.491s][info][gc,phases   ] GC(342) Concurrent Select Relocation Set 0.943ms
[2026-06-17T10:22:53.873+0800][35.492s][info][gc,phases   ] GC(342) Concurrent Prepare Relocation Set 0.011ms
[2026-06-17T10:22:53.874+0800][35.492s][info][gc,phases   ] GC(342) Pause Relocate Start 0.208ms
[2026-06-17T10:22:53.875+0800][35.493s][info][gc,phases   ] GC(342) Concurrent Relocate 0.744ms
[2026-06-17T10:22:53.875+0800][35.494s][info][gc,load     ] GC(342) Load: 0.15/0.19/0.27
[2026-06-17T10:22:53.875+0800][35.494s][info][gc,mmu      ] GC(342) MMU: 2ms/0.0%, 5ms/43.3%, 10ms/66.9%, 20ms/83.5%, 50ms/93.4%, 100ms/96.6%
[2026-06-17T10:22:53.875+0800][35.494s][info][gc,marking  ] GC(342) Mark: 2 stripe(s), 1 proactive flush(es), 1 terminate flush(es), 0 completion(s), 0 continuation(s) 
[2026-06-17T10:22:53.876+0800][35.494s][info][gc,reloc    ] GC(342) Relocation: Successful, 24M relocated
[2026-06-17T10:22:53.876+0800][35.495s][info][gc,nmethod  ] GC(342) NMethods: 24 registered, 0 unregistered
[2026-06-17T10:22:53.876+0800][35.495s][info][gc,metaspace] GC(342) Metaspace: 3M used, 4M capacity, 4M committed, 8M reserved
[2026-06-17T10:22:53.876+0800][35.495s][info][gc,ref      ] GC(342) Soft: 43 encountered, 0 discovered, 0 enqueued
[2026-06-17T10:22:53.876+0800][35.495s][info][gc,ref      ] GC(342) Weak: 7 encountered, 2 discovered, 0 enqueued
[2026-06-17T10:22:53.877+0800][35.495s][info][gc,ref      ] GC(342) Final: 0 encountered, 0 discovered, 0 enqueued
[2026-06-17T10:22:53.877+0800][35.495s][info][gc,ref      ] GC(342) Phantom: 1 encountered, 0 discovered, 0 enqueued
[2026-06-17T10:22:53.877+0800][35.496s][info][gc,heap     ] GC(342)                Mark Start          Mark End        Relocate Start      Relocate End           High               Low         
[2026-06-17T10:22:53.877+0800][35.496s][info][gc,heap     ] GC(342)  Capacity:      256M (100%)        256M (100%)        256M (100%)        256M (100%)        256M (100%)        256M (100%)   
[2026-06-17T10:22:53.877+0800][35.496s][info][gc,heap     ] GC(342)   Reserve:       62M (24%)          62M (24%)          62M (24%)          62M (24%)          62M (24%)          62M (24%)    
[2026-06-17T10:22:53.877+0800][35.496s][info][gc,heap     ] GC(342)      Free:      112M (44%)         112M (44%)         140M (55%)         148M (58%)         148M (58%)         108M (42%)    
[2026-06-17T10:22:53.878+0800][35.496s][info][gc,heap     ] GC(342)      Used:       82M (32%)          82M (32%)          54M (21%)          46M (18%)          86M (34%)          46M (18%)    
[2026-06-17T10:22:53.878+0800][35.497s][info][gc,heap     ] GC(342)      Live:         -                26M (10%)          26M (10%)          26M (10%)            -                  -          
[2026-06-17T10:22:53.878+0800][35.497s][info][gc,heap     ] GC(342) Allocated:         -                 0M (0%)            4M (2%)           12M (5%)             -                  -          
[2026-06-17T10:22:53.878+0800][35.497s][info][gc,heap     ] GC(342)   Garbage:         -                55M (22%)          23M (9%)           15M (6%)             -                  -          
[2026-06-17T10:22:53.878+0800][35.497s][info][gc,heap     ] GC(342) Reclaimed:         -                  -                32M (12%)          40M (16%)            -                  -          
[2026-06-17T10:22:53.878+0800][35.497s][info][gc          ] GC(342) Garbage Collection (Allocation Rate) 82M(32%)->46M(18%)
[2026-06-17T10:22:53.964+0800][35.583s][info][gc,start    ] GC(343) Garbage Collection (Allocation Rate)
[2026-06-17T10:22:53.966+0800][35.585s][info][gc,phases   ] GC(343) Pause Mark Start 0.489ms
[2026-06-17T10:22:53.969+0800][35.587s][info][gc,phases   ] GC(343) Concurrent Mark 2.321ms
[2026-06-17T10:22:53.970+0800][35.589s][info][gc,phases   ] GC(343) Pause Mark End 0.593ms
[2026-06-17T10:22:53.971+0800][35.590s][info][gc,phases   ] GC(343) Concurrent Process Non-Strong References 0.243ms
[2026-06-17T10:22:53.972+0800][35.590s][info][gc,phases   ] GC(343) Concurrent Reset Relocation Set 0.003ms
[2026-06-17T10:22:53.972+0800][35.591s][info][gc,phases   ] GC(343) Concurrent Destroy Detached Pages 0.002ms
[2026-06-17T10:22:53.973+0800][35.592s][info][gc,phases   ] GC(343) Concurrent Select Relocation Set 0.954ms
[2026-06-17T10:22:53.973+0800][35.592s][info][gc,phases   ] GC(343) Concurrent Prepare Relocation Set 0.010ms
[2026-06-17T10:22:53.974+0800][35.593s][info][gc,phases   ] GC(343) Pause Relocate Start 0.235ms
[2026-06-17T10:22:53.976+0800][35.595s][info][gc,phases   ] GC(343) Concurrent Relocate 1.686ms
[2026-06-17T10:22:53.977+0800][35.595s][info][gc,load     ] GC(343) Load: 0.15/0.19/0.27
[2026-06-17T10:22:53.977+0800][35.596s][info][gc,mmu      ] GC(343) MMU: 2ms/0.0%, 5ms/43.3%, 10ms/66.9%, 20ms/83.5%, 50ms/93.4%, 100ms/96.6%
[2026-06-17T10:22:53.977+0800][35.596s][info][gc,marking  ] GC(343) Mark: 2 stripe(s), 1 proactive flush(es), 1 terminate flush(es), 0 completion(s), 0 continuation(s) 
[2026-06-17T10:22:53.977+0800][35.596s][info][gc,reloc    ] GC(343) Relocation: Successful, 23M relocated
[2026-06-17T10:22:53.977+0800][35.596s][info][gc,nmethod  ] GC(343) NMethods: 25 registered, 0 unregistered
[2026-06-17T10:22:53.978+0800][35.597s][info][gc,metaspace] GC(343) Metaspace: 3M used, 4M capacity, 4M committed, 8M reserved
[2026-06-17T10:22:53.978+0800][35.597s][info][gc,ref      ] GC(343) Soft: 43 encountered, 0 discovered, 0 enqueued
[2026-06-17T10:22:53.978+0800][35.597s][info][gc,ref      ] GC(343) Weak: 7 encountered, 0 discovered, 0 enqueued
[2026-06-17T10:22:53.978+0800][35.597s][info][gc,ref      ] GC(343) Final: 0 encountered, 0 discovered, 0 enqueued
[2026-06-17T10:22:53.979+0800][35.597s][info][gc,ref      ] GC(343) Phantom: 1 encountered, 1 discovered, 0 enqueued
[2026-06-17T10:22:53.979+0800][35.598s][info][gc,heap     ] GC(343)                Mark Start          Mark End        Relocate Start      Relocate End           High               Low         
[2026-06-17T10:22:53.979+0800][35.598s][info][gc,heap     ] GC(343)  Capacity:      256M (100%)        256M (100%)        256M (100%)        256M (100%)        256M (100%)        256M (100%)   
[2026-06-17T10:22:53.979+0800][35.598s][info][gc,heap     ] GC(343)   Reserve:       62M (24%)          62M (24%)          62M (24%)          62M (24%)          62M (24%)          62M (24%)    
[2026-06-17T10:22:53.979+0800][35.598s][info][gc,heap     ] GC(343)      Free:       82M (32%)          78M (30%)         106M (41%)         146M (57%)         146M (57%)          68M (27%)    
[2026-06-17T10:22:53.979+0800][35.598s][info][gc,heap     ] GC(343)      Used:      112M (44%)         116M (45%)          88M (34%)          48M (19%)         126M (49%)          48M (19%)    
[2026-06-17T10:22:53.980+0800][35.598s][info][gc,heap     ] GC(343)      Live:         -                23M (9%)           23M (9%)           23M (9%)             -                  -          
[2026-06-17T10:22:53.980+0800][35.598s][info][gc,heap     ] GC(343) Allocated:         -                 4M (2%)            4M (2%)           44M (17%)            -                  -          
[2026-06-17T10:22:53.980+0800][35.599s][info][gc,heap     ] GC(343)   Garbage:         -                88M (35%)          60M (24%)          20M (8%)             -                  -          
[2026-06-17T10:22:53.980+0800][35.599s][info][gc,heap     ] GC(343) Reclaimed:         -                  -                28M (11%)          68M (27%)            -                  -          
[2026-06-17T10:22:53.980+0800][35.599s][info][gc          ] GC(343) Garbage Collection (Allocation Rate) 112M(44%)->48M(19%)
[2026-06-17T10:22:54.063+0800][35.682s][info][gc,start    ] GC(344) Garbage Collection (Allocation Rate)
[2026-06-17T10:22:54.067+0800][35.686s][info][gc,phases   ] GC(344) Pause Mark Start 0.353ms
[2026-06-17T10:22:54.070+0800][35.689s][info][gc,phases   ] GC(344) Concurrent Mark 1.950ms
[2026-06-17T10:22:54.072+0800][35.690s][info][gc,phases   ] GC(344) Pause Mark End 0.376ms
[2026-06-17T10:22:54.072+0800][35.691s][info][gc,phases   ] GC(344) Concurrent Process Non-Strong References 0.201ms
[2026-06-17T10:22:54.073+0800][35.691s][info][gc,phases   ] GC(344) Concurrent Reset Relocation Set 0.003ms
[2026-06-17T10:22:54.073+0800][35.692s][info][gc,phases   ] GC(344) Concurrent Destroy Detached Pages 0.001ms
[2026-06-17T10:22:54.074+0800][35.693s][info][gc,phases   ] GC(344) Concurrent Select Relocation Set 0.636ms
[2026-06-17T10:22:54.074+0800][35.693s][info][gc,phases   ] GC(344) Concurrent Prepare Relocation Set 0.002ms
[2026-06-17T10:22:54.075+0800][35.694s][info][gc,phases   ] GC(344) Pause Relocate Start 0.219ms
[2026-06-17T10:22:54.076+0800][35.694s][info][gc,phases   ] GC(344) Concurrent Relocate 0.298ms
[2026-06-17T10:22:54.076+0800][35.695s][info][gc,load     ] GC(344) Load: 0.15/0.19/0.27
[2026-06-17T10:22:54.076+0800][35.695s][info][gc,mmu      ] GC(344) MMU: 2ms/0.0%, 5ms/43.3%, 10ms/66.9%, 20ms/83.5%, 50ms/93.4%, 100ms/96.6%
[2026-06-17T10:22:54.077+0800][35.696s][info][gc,marking  ] GC(344) Mark: 2 stripe(s), 1 proactive flush(es), 1 terminate flush(es), 0 completion(s), 0 continuation(s) 
[2026-06-17T10:22:54.077+0800][35.696s][info][gc,reloc    ] GC(344) Relocation: Successful, 27M relocated
[2026-06-17T10:22:54.077+0800][35.696s][info][gc,nmethod  ] GC(344) NMethods: 25 registered, 0 unregistered
[2026-06-17T10:22:54.077+0800][35.696s][info][gc,metaspace] GC(344) Metaspace: 3M used, 4M capacity, 4M committed, 8M reserved
[2026-06-17T10:22:54.077+0800][35.696s][info][gc,ref      ] GC(344) Soft: 43 encountered, 0 discovered, 0 enqueued
[2026-06-17T10:22:54.078+0800][35.696s][info][gc,ref      ] GC(344) Weak: 7 encountered, 2 discovered, 0 enqueued
[2026-06-17T10:22:54.078+0800][35.697s][info][gc,ref      ] GC(344) Final: 0 encountered, 0 discovered, 0 enqueued
[2026-06-17T10:22:54.078+0800][35.697s][info][gc,ref      ] GC(344) Phantom: 1 encountered, 1 discovered, 0 enqueued
[2026-06-17T10:22:54.078+0800][35.697s][info][gc,heap     ] GC(344)                Mark Start          Mark End        Relocate Start      Relocate End           High               Low         
[2026-06-17T10:22:54.078+0800][35.697s][info][gc,heap     ] GC(344)  Capacity:      256M (100%)        256M (100%)        256M (100%)        256M (100%)        256M (100%)        256M (100%)   
[2026-06-17T10:22:54.078+0800][35.697s][info][gc,heap     ] GC(344)   Reserve:       62M (24%)          62M (24%)          62M (24%)          62M (24%)          62M (24%)          62M (24%)    
[2026-06-17T10:22:54.078+0800][35.697s][info][gc,heap     ] GC(344)      Free:      112M (44%)         112M (44%)         104M (41%)         112M (44%)         142M (55%)         102M (40%)    
[2026-06-17T10:22:54.078+0800][35.697s][info][gc,heap     ] GC(344)      Used:       82M (32%)          82M (32%)          90M (35%)          82M (32%)          92M (36%)          52M (20%)    
[2026-06-17T10:22:54.079+0800][35.697s][info][gc,heap     ] GC(344)      Live:         -                29M (11%)          29M (11%)          29M (11%)            -                  -          
[2026-06-17T10:22:54.079+0800][35.697s][info][gc,heap     ] GC(344) Allocated:         -                 0M (0%)           38M (15%)          44M (17%)            -                  -          
[2026-06-17T10:22:54.079+0800][35.697s][info][gc,heap     ] GC(344)   Garbage:         -                52M (21%)          22M (9%)           14M (6%)             -                  -          
[2026-06-17T10:22:54.079+0800][35.698s][info][gc,heap     ] GC(344) Reclaimed:         -                  -                30M (12%)          38M (15%)            -                  -          
[2026-06-17T10:22:54.079+0800][35.698s][info][gc          ] GC(344) Garbage Collection (Allocation Rate) 82M(32%)->82M(32%)
[2026-06-17T10:22:54.163+0800][35.782s][info][gc,start    ] GC(345) Garbage Collection (Allocation Rate)
[2026-06-17T10:22:54.164+0800][35.783s][info][gc,phases   ] GC(345) Pause Mark Start 0.175ms
[2026-06-17T10:22:54.166+0800][35.784s][info][gc,phases   ] GC(345) Concurrent Mark 1.430ms
[2026-06-17T10:22:54.166+0800][35.785s][info][gc,phases   ] GC(345) Pause Mark End 0.316ms
[2026-06-17T10:22:54.167+0800][35.785s][info][gc,phases   ] GC(345) Concurrent Process Non-Strong References 0.063ms
[2026-06-17T10:22:54.167+0800][35.786s][info][gc,phases   ] GC(345) Concurrent Reset Relocation Set 0.003ms
[2026-06-17T10:22:54.167+0800][35.786s][info][gc,phases   ] GC(345) Concurrent Destroy Detached Pages 0.001ms
[2026-06-17T10:22:54.168+0800][35.787s][info][gc,phases   ] GC(345) Concurrent Select Relocation Set 0.521ms
[2026-06-17T10:22:54.168+0800][35.787s][info][gc,phases   ] GC(345) Concurrent Prepare Relocation Set 0.011ms
[2026-06-17T10:22:54.169+0800][35.787s][info][gc,phases   ] GC(345) Pause Relocate Start 0.165ms
[2026-06-17T10:22:54.171+0800][35.789s][info][gc,phases   ] GC(345) Concurrent Relocate 1.635ms
[2026-06-17T10:22:54.171+0800][35.790s][info][gc,load     ] GC(345) Load: 0.15/0.19/0.27
[2026-06-17T10:22:54.171+0800][35.790s][info][gc,mmu      ] GC(345) MMU: 2ms/0.0%, 5ms/43.3%, 10ms/66.9%, 20ms/83.5%, 50ms/93.4%, 100ms/96.6%
[2026-06-17T10:22:54.171+0800][35.790s][info][gc,marking  ] GC(345) Mark: 2 stripe(s), 1 proactive flush(es), 1 terminate flush(es), 0 completion(s), 0 continuation(s) 
[2026-06-17T10:22:54.172+0800][35.790s][info][gc,reloc    ] GC(345) Relocation: Successful, 20M relocated
[2026-06-17T10:22:54.172+0800][35.791s][info][gc,nmethod  ] GC(345) NMethods: 25 registered, 0 unregistered
[2026-06-17T10:22:54.172+0800][35.791s][info][gc,metaspace] GC(345) Metaspace: 3M used, 4M capacity, 4M committed, 8M reserved
[2026-06-17T10:22:54.172+0800][35.791s][info][gc,ref      ] GC(345) Soft: 43 encountered, 0 discovered, 0 enqueued
[2026-06-17T10:22:54.172+0800][35.791s][info][gc,ref      ] GC(345) Weak: 7 encountered, 2 discovered, 0 enqueued
[2026-06-17T10:22:54.173+0800][35.791s][info][gc,ref      ] GC(345) Final: 0 encountered, 0 discovered, 0 enqueued
[2026-06-17T10:22:54.173+0800][35.792s][info][gc,ref      ] GC(345) Phantom: 1 encountered, 1 discovered, 0 enqueued
[2026-06-17T10:22:54.173+0800][35.792s][info][gc,heap     ] GC(345)                Mark Start          Mark End        Relocate Start      Relocate End           High               Low         
[2026-06-17T10:22:54.173+0800][35.792s][info][gc,heap     ] GC(345)  Capacity:      256M (100%)        256M (100%)        256M (100%)        256M (100%)        256M (100%)        256M (100%)   
[2026-06-17T10:22:54.174+0800][35.792s][info][gc,heap     ] GC(345)   Reserve:       62M (24%)          62M (24%)          62M (24%)          62M (24%)          62M (24%)          62M (24%)    
[2026-06-17T10:22:54.174+0800][35.792s][info][gc,heap     ] GC(345)      Free:       82M (32%)          82M (32%)         108M (42%)         142M (55%)         142M (55%)          66M (26%)    
[2026-06-17T10:22:54.174+0800][35.793s][info][gc,heap     ] GC(345)      Used:      112M (44%)         112M (44%)          86M (34%)          52M (20%)         128M (50%)          52M (20%)    
[2026-06-17T10:22:54.174+0800][35.793s][info][gc,heap     ] GC(345)      Live:         -                20M (8%)           20M (8%)           20M (8%)             -                  -          
[2026-06-17T10:22:54.174+0800][35.793s][info][gc,heap     ] GC(345) Allocated:         -                 0M (0%)            0M (0%)           48M (19%)            -                  -          
[2026-06-17T10:22:54.175+0800][35.793s][info][gc,heap     ] GC(345)   Garbage:         -                91M (36%)          65M (25%)          25M (10%)            -                  -          
[2026-06-17T10:22:54.175+0800][35.794s][info][gc,heap     ] GC(345) Reclaimed:         -                  -                26M (10%)          66M (26%)            -                  -          
[2026-06-17T10:22:54.175+0800][35.794s][info][gc          ] GC(345) Garbage Collection (Allocation Rate) 112M(44%)->52M(20%)
[2026-06-17T10:22:54.263+0800][35.882s][info][gc,start    ] GC(346) Garbage Collection (Allocation Rate)
[2026-06-17T10:22:54.264+0800][35.883s][info][gc,phases   ] GC(346) Pause Mark Start 0.176ms
[2026-06-17T10:22:54.266+0800][35.885s][info][gc,phases   ] GC(346) Concurrent Mark 1.429ms
[2026-06-17T10:22:54.267+0800][35.886s][info][gc,phases   ] GC(346) Pause Mark End 0.247ms
[2026-06-17T10:22:54.268+0800][35.887s][info][gc,phases   ] GC(346) Concurrent Process Non-Strong References 0.074ms
[2026-06-17T10:22:54.268+0800][35.887s][info][gc,phases   ] GC(346) Concurrent Reset Relocation Set 0.002ms
[2026-06-17T10:22:54.268+0800][35.887s][info][gc,phases   ] GC(346) Concurrent Destroy Detached Pages 0.001ms
[2026-06-17T10:22:54.269+0800][35.888s][info][gc,phases   ] GC(346) Concurrent Select Relocation Set 0.492ms
[2026-06-17T10:22:54.270+0800][35.889s][info][gc,phases   ] GC(346) Concurrent Prepare Relocation Set 0.006ms
[2026-06-17T10:22:54.270+0800][35.889s][info][gc,phases   ] GC(346) Pause Relocate Start 0.173ms
[2026-06-17T10:22:54.271+0800][35.890s][info][gc,phases   ] GC(346) Concurrent Relocate 0.262ms
[2026-06-17T10:22:54.271+0800][35.890s][info][gc,load     ] GC(346) Load: 0.15/0.19/0.27
[2026-06-17T10:22:54.272+0800][35.891s][info][gc,mmu      ] GC(346) MMU: 2ms/0.0%, 5ms/43.3%, 10ms/66.9%, 20ms/83.5%, 50ms/93.4%, 100ms/96.6%
[2026-06-17T10:22:54.272+0800][35.891s][info][gc,marking  ] GC(346) Mark: 2 stripe(s), 1 proactive flush(es), 1 terminate flush(es), 0 completion(s), 0 continuation(s) 
[2026-06-17T10:22:54.272+0800][35.891s][info][gc,reloc    ] GC(346) Relocation: Successful, 19M relocated
[2026-06-17T10:22:54.273+0800][35.891s][info][gc,nmethod  ] GC(346) NMethods: 25 registered, 0 unregistered
[2026-06-17T10:22:54.273+0800][35.892s][info][gc,metaspace] GC(346) Metaspace: 3M used, 4M capacity, 4M committed, 8M reserved
[2026-06-17T10:22:54.273+0800][35.892s][info][gc,ref      ] GC(346) Soft: 43 encountered, 0 discovered, 0 enqueued
[2026-06-17T10:22:54.274+0800][35.892s][info][gc,ref      ] GC(346) Weak: 7 encountered, 0 discovered, 0 enqueued
[2026-06-17T10:22:54.274+0800][35.892s][info][gc,ref      ] GC(346) Final: 0 encountered, 0 discovered, 0 enqueued
[2026-06-17T10:22:54.274+0800][35.893s][info][gc,ref      ] GC(346) Phantom: 1 encountered, 0 discovered, 0 enqueued
[2026-06-17T10:22:54.274+0800][35.893s][info][gc,heap     ] GC(346)                Mark Start          Mark End        Relocate Start      Relocate End           High               Low         
[2026-06-17T10:22:54.274+0800][35.893s][info][gc,heap     ] GC(346)  Capacity:      256M (100%)        256M (100%)        256M (100%)        256M (100%)        256M (100%)        256M (100%)   
[2026-06-17T10:22:54.274+0800][35.893s][info][gc,heap     ] GC(346)   Reserve:       62M (24%)          62M (24%)          62M (24%)          62M (24%)          62M (24%)          62M (24%)    
[2026-06-17T10:22:54.274+0800][35.893s][info][gc,heap     ] GC(346)      Free:      108M (42%)         108M (42%)         138M (54%)         152M (59%)         152M (59%)         108M (42%)    
[2026-06-17T10:22:54.275+0800][35.893s][info][gc,heap     ] GC(346)      Used:       86M (34%)          86M (34%)          56M (22%)          42M (16%)          86M (34%)          42M (16%)    
[2026-06-17T10:22:54.275+0800][35.893s][info][gc,heap     ] GC(346)      Live:         -                19M (8%)           19M (8%)           19M (8%)             -                  -          
[2026-06-17T10:22:54.275+0800][35.894s][info][gc,heap     ] GC(346) Allocated:         -                 0M (0%)            0M (0%)            8M (3%)             -                  -          
[2026-06-17T10:22:54.275+0800][35.894s][info][gc,heap     ] GC(346)   Garbage:         -                66M (26%)          36M (14%)          22M (9%)             -                  -          
[2026-06-17T10:22:54.275+0800][35.894s][info][gc,heap     ] GC(346) Reclaimed:         -                  -                30M (12%)          44M (17%)            -                  -          
[2026-06-17T10:22:54.275+0800][35.894s][info][gc          ] GC(346) Garbage Collection (Allocation Rate) 86M(34%)->42M(16%)
[2026-06-17T10:22:54.363+0800][35.982s][info][gc,start    ] GC(347) Garbage Collection (Allocation Rate)
[2026-06-17T10:22:54.364+0800][35.983s][info][gc,phases   ] GC(347) Pause Mark Start 0.139ms
[2026-06-17T10:22:54.366+0800][35.985s][info][gc,phases   ] GC(347) Concurrent Mark 1.428ms
[2026-06-17T10:22:54.366+0800][35.985s][info][gc,phases   ] GC(347) Pause Mark End 0.242ms
[2026-06-17T10:22:54.367+0800][35.986s][info][gc,phases   ] GC(347) Concurrent Process Non-Strong References 0.075ms
[2026-06-17T10:22:54.367+0800][35.986s][info][gc,phases   ] GC(347) Concurrent Reset Relocation Set 0.002ms
[2026-06-17T10:22:54.367+0800][35.986s][info][gc,phases   ] GC(347) Concurrent Destroy Detached Pages 0.001ms
[2026-06-17T10:22:54.368+0800][35.987s][info][gc,phases   ] GC(347) Concurrent Select Relocation Set 0.470ms
[2026-06-17T10:22:54.368+0800][35.987s][info][gc,phases   ] GC(347) Concurrent Prepare Relocation Set 0.012ms
[2026-06-17T10:22:54.369+0800][35.988s][info][gc,phases   ] GC(347) Pause Relocate Start 0.119ms
[2026-06-17T10:22:54.371+0800][35.989s][info][gc,phases   ] GC(347) Concurrent Relocate 1.653ms
[2026-06-17T10:22:54.371+0800][35.990s][info][gc,load     ] GC(347) Load: 0.15/0.19/0.27
[2026-06-17T10:22:54.371+0800][35.990s][info][gc,mmu      ] GC(347) MMU: 2ms/0.0%, 5ms/43.3%, 10ms/66.9%, 20ms/83.5%, 50ms/93.4%, 100ms/96.6%
[2026-06-17T10:22:54.371+0800][35.990s][info][gc,marking  ] GC(347) Mark: 2 stripe(s), 1 proactive flush(es), 1 terminate flush(es), 0 completion(s), 0 continuation(s) 
[2026-06-17T10:22:54.371+0800][35.990s][info][gc,reloc    ] GC(347) Relocation: Successful, 25M relocated
[2026-06-17T10:22:54.371+0800][35.990s][info][gc,nmethod  ] GC(347) NMethods: 25 registered, 0 unregistered
[2026-06-17T10:22:54.372+0800][35.990s][info][gc,metaspace] GC(347) Metaspace: 3M used, 4M capacity, 4M committed, 8M reserved
[2026-06-17T10:22:54.372+0800][35.990s][info][gc,ref      ] GC(347) Soft: 43 encountered, 0 discovered, 0 enqueued
[2026-06-17T10:22:54.372+0800][35.991s][info][gc,ref      ] GC(347) Weak: 7 encountered, 2 discovered, 0 enqueued
[2026-06-17T10:22:54.372+0800][35.991s][info][gc,ref      ] GC(347) Final: 0 encountered, 0 discovered, 0 enqueued
[2026-06-17T10:22:54.372+0800][35.991s][info][gc,ref      ] GC(347) Phantom: 1 encountered, 1 discovered, 0 enqueued
[2026-06-17T10:22:54.372+0800][35.991s][info][gc,heap     ] GC(347)                Mark Start          Mark End        Relocate Start      Relocate End           High               Low         
[2026-06-17T10:22:54.372+0800][35.991s][info][gc,heap     ] GC(347)  Capacity:      256M (100%)        256M (100%)        256M (100%)        256M (100%)        256M (100%)        256M (100%)   
[2026-06-17T10:22:54.372+0800][35.991s][info][gc,heap     ] GC(347)   Reserve:       62M (24%)          62M (24%)          62M (24%)          62M (24%)          62M (24%)          62M (24%)    
[2026-06-17T10:22:54.372+0800][35.991s][info][gc,heap     ] GC(347)      Free:       84M (33%)          84M (33%)         110M (43%)         144M (56%)         144M (56%)          72M (28%)    
[2026-06-17T10:22:54.373+0800][35.991s][info][gc,heap     ] GC(347)      Used:      110M (43%)         110M (43%)          84M (33%)          50M (20%)         122M (48%)          50M (20%)    
[2026-06-17T10:22:54.373+0800][35.991s][info][gc,heap     ] GC(347)      Live:         -                27M (11%)          27M (11%)          27M (11%)            -                  -          
[2026-06-17T10:22:54.373+0800][35.991s][info][gc,heap     ] GC(347) Allocated:         -                 0M (0%)            4M (2%)           44M (17%)            -                  -          
[2026-06-17T10:22:54.373+0800][35.992s][info][gc,heap     ] GC(347)   Garbage:         -                82M (32%)          52M (21%)          18M (7%)             -                  -          
[2026-06-17T10:22:54.373+0800][35.992s][info][gc,heap     ] GC(347) Reclaimed:         -                  -                30M (12%)          64M (25%)            -                  -          
[2026-06-17T10:22:54.373+0800][35.992s][info][gc          ] GC(347) Garbage Collection (Allocation Rate) 110M(43%)->50M(20%)
[2026-06-17T10:22:54.463+0800][36.081s][info][gc,start    ] GC(348) Garbage Collection (Allocation Rate)
[2026-06-17T10:22:54.463+0800][36.082s][info][gc,phases   ] GC(348) Pause Mark Start 0.172ms
[2026-06-17T10:22:54.465+0800][36.084s][info][gc,phases   ] GC(348) Concurrent Mark 1.395ms
[2026-06-17T10:22:54.466+0800][36.084s][info][gc,phases   ] GC(348) Pause Mark End 0.259ms
[2026-06-17T10:22:54.466+0800][36.085s][info][gc,phases   ] GC(348) Concurrent Process Non-Strong References 0.083ms
[2026-06-17T10:22:54.466+0800][36.085s][info][gc,phases   ] GC(348) Concurrent Reset Relocation Set 0.002ms
[2026-06-17T10:22:54.466+0800][36.085s][info][gc,phases   ] GC(348) Concurrent Destroy Detached Pages 0.000ms
[2026-06-17T10:22:54.467+0800][36.086s][info][gc,phases   ] GC(348) Concurrent Select Relocation Set 0.516ms
[2026-06-17T10:22:54.467+0800][36.086s][info][gc,phases   ] GC(348) Concurrent Prepare Relocation Set 0.006ms
[2026-06-17T10:22:54.467+0800][36.086s][info][gc,phases   ] GC(348) Pause Relocate Start 0.106ms
[2026-06-17T10:22:54.468+0800][36.087s][info][gc,phases   ] GC(348) Concurrent Relocate 0.214ms
[2026-06-17T10:22:54.468+0800][36.087s][info][gc,load     ] GC(348) Load: 0.15/0.19/0.27
[2026-06-17T10:22:54.468+0800][36.087s][info][gc,mmu      ] GC(348) MMU: 2ms/0.0%, 5ms/43.3%, 10ms/66.9%, 20ms/83.5%, 50ms/93.4%, 100ms/96.6%
[2026-06-17T10:22:54.468+0800][36.087s][info][gc,marking  ] GC(348) Mark: 2 stripe(s), 1 proactive flush(es), 1 terminate flush(es), 0 completion(s), 0 continuation(s) 
[2026-06-17T10:22:54.468+0800][36.087s][info][gc,reloc    ] GC(348) Relocation: Successful, 21M relocated
[2026-06-17T10:22:54.469+0800][36.087s][info][gc,nmethod  ] GC(348) NMethods: 25 registered, 0 unregistered
[2026-06-17T10:22:54.469+0800][36.088s][info][gc,metaspace] GC(348) Metaspace: 3M used, 4M capacity, 4M committed, 8M reserved
[2026-06-17T10:22:54.469+0800][36.088s][info][gc,ref      ] GC(348) Soft: 43 encountered, 0 discovered, 0 enqueued
[2026-06-17T10:22:54.469+0800][36.088s][info][gc,ref      ] GC(348) Weak: 7 encountered, 2 discovered, 0 enqueued
[2026-06-17T10:22:54.469+0800][36.088s][info][gc,ref      ] GC(348) Final: 0 encountered, 0 discovered, 0 enqueued
[2026-06-17T10:22:54.469+0800][36.088s][info][gc,ref      ] GC(348) Phantom: 1 encountered, 0 discovered, 0 enqueued
[2026-06-17T10:22:54.469+0800][36.088s][info][gc,heap     ] GC(348)                Mark Start          Mark End        Relocate Start      Relocate End           High               Low         
[2026-06-17T10:22:54.469+0800][36.088s][info][gc,heap     ] GC(348)  Capacity:      256M (100%)        256M (100%)        256M (100%)        256M (100%)        256M (100%)        256M (100%)   
[2026-06-17T10:22:54.469+0800][36.088s][info][gc,heap     ] GC(348)   Reserve:       62M (24%)          62M (24%)          62M (24%)          62M (24%)          62M (24%)          62M (24%)    
[2026-06-17T10:22:54.470+0800][36.088s][info][gc,heap     ] GC(348)      Free:      108M (42%)         108M (42%)         142M (55%)         152M (59%)         152M (59%)         108M (42%)    
[2026-06-17T10:22:54.470+0800][36.088s][info][gc,heap     ] GC(348)      Used:       86M (34%)          86M (34%)          52M (20%)          42M (16%)          86M (34%)          42M (16%)    
[2026-06-17T10:22:54.470+0800][36.089s][info][gc,heap     ] GC(348)      Live:         -                23M (9%)           23M (9%)           23M (9%)             -                  -          
[2026-06-17T10:22:54.470+0800][36.089s][info][gc,heap     ] GC(348) Allocated:         -                 0M (0%)            0M (0%)            6M (2%)             -                  -          
[2026-06-17T10:22:54.470+0800][36.089s][info][gc,heap     ] GC(348)   Garbage:         -                62M (25%)          28M (11%)          18M (7%)             -                  -          
[2026-06-17T10:22:54.470+0800][36.089s][info][gc,heap     ] GC(348) Reclaimed:         -                  -                34M (13%)          44M (17%)            -                  -          
[2026-06-17T10:22:54.470+0800][36.089s][info][gc          ] GC(348) Garbage Collection (Allocation Rate) 86M(34%)->42M(16%)
[2026-06-17T10:22:54.563+0800][36.182s][info][gc,start    ] GC(349) Garbage Collection (Allocation Rate)
[2026-06-17T10:22:54.564+0800][36.183s][info][gc,phases   ] GC(349) Pause Mark Start 0.583ms
[2026-06-17T10:22:54.567+0800][36.186s][info][gc,phases   ] GC(349) Concurrent Mark 1.779ms
[2026-06-17T10:22:54.568+0800][36.187s][info][gc,phases   ] GC(349) Pause Mark End 0.585ms
[2026-06-17T10:22:54.569+0800][36.188s][info][gc,phases   ] GC(349) Concurrent Process Non-Strong References 0.136ms
[2026-06-17T10:22:54.569+0800][36.188s][info][gc,phases   ] GC(349) Concurrent Reset Relocation Set 0.004ms
[2026-06-17T10:22:54.569+0800][36.188s][info][gc,phases   ] GC(349) Concurrent Destroy Detached Pages 0.002ms
[2026-06-17T10:22:54.570+0800][36.189s][info][gc,phases   ] GC(349) Concurrent Select Relocation Set 0.707ms
[2026-06-17T10:22:54.571+0800][36.190s][info][gc,phases   ] GC(349) Concurrent Prepare Relocation Set 0.011ms
[2026-06-17T10:22:54.572+0800][36.190s][info][gc,phases   ] GC(349) Pause Relocate Start 0.297ms
[2026-06-17T10:22:54.574+0800][36.193s][info][gc,phases   ] GC(349) Concurrent Relocate 1.934ms
[2026-06-17T10:22:54.574+0800][36.193s][info][gc,load     ] GC(349) Load: 0.15/0.19/0.27
[2026-06-17T10:22:54.574+0800][36.193s][info][gc,mmu      ] GC(349) MMU: 2ms/0.0%, 5ms/43.3%, 10ms/66.9%, 20ms/83.5%, 50ms/93.4%, 100ms/96.6%
[2026-06-17T10:22:54.575+0800][36.193s][info][gc,marking  ] GC(349) Mark: 2 stripe(s), 1 proactive flush(es), 1 terminate flush(es), 0 completion(s), 0 continuation(s) 
[2026-06-17T10:22:54.575+0800][36.193s][info][gc,reloc    ] GC(349) Relocation: Successful, 26M relocated
[2026-06-17T10:22:54.575+0800][36.194s][info][gc,nmethod  ] GC(349) NMethods: 25 registered, 0 unregistered
[2026-06-17T10:22:54.575+0800][36.194s][info][gc,metaspace] GC(349) Metaspace: 3M used, 4M capacity, 4M committed, 8M reserved
[2026-06-17T10:22:54.575+0800][36.194s][info][gc,ref      ] GC(349) Soft: 43 encountered, 0 discovered, 0 enqueued
[2026-06-17T10:22:54.575+0800][36.194s][info][gc,ref      ] GC(349) Weak: 7 encountered, 2 discovered, 0 enqueued
[2026-06-17T10:22:54.575+0800][36.194s][info][gc,ref      ] GC(349) Final: 0 encountered, 0 discovered, 0 enqueued
[2026-06-17T10:22:54.575+0800][36.194s][info][gc,ref      ] GC(349) Phantom: 1 encountered, 1 discovered, 0 enqueued
[2026-06-17T10:22:54.576+0800][36.194s][info][gc,heap     ] GC(349)                Mark Start          Mark End        Relocate Start      Relocate End           High               Low         
[2026-06-17T10:22:54.576+0800][36.194s][info][gc,heap     ] GC(349)  Capacity:      256M (100%)        256M (100%)        256M (100%)        256M (100%)        256M (100%)        256M (100%)   
[2026-06-17T10:22:54.576+0800][36.194s][info][gc,heap     ] GC(349)   Reserve:       62M (24%)          62M (24%)          62M (24%)          62M (24%)          62M (24%)          62M (24%)    
[2026-06-17T10:22:54.576+0800][36.195s][info][gc,heap     ] GC(349)      Free:       84M (33%)          80M (31%)         106M (41%)         146M (57%)         146M (57%)          70M (27%)    
[2026-06-17T10:22:54.576+0800][36.195s][info][gc,heap     ] GC(349)      Used:      110M (43%)         114M (45%)          88M (34%)          48M (19%)         124M (48%)          48M (19%)    
[2026-06-17T10:22:54.576+0800][36.195s][info][gc,heap     ] GC(349)      Live:         -                28M (11%)          28M (11%)          28M (11%)            -                  -          
[2026-06-17T10:22:54.576+0800][36.195s][info][gc,heap     ] GC(349) Allocated:         -                 4M (2%)            4M (2%)           46M (18%)            -                  -          
[2026-06-17T10:22:54.576+0800][36.195s][info][gc,heap     ] GC(349)   Garbage:         -                81M (32%)          55M (22%)          15M (6%)             -                  -          
[2026-06-17T10:22:54.576+0800][36.195s][info][gc,heap     ] GC(349) Reclaimed:         -                  -                26M (10%)          66M (26%)            -                  -          
[2026-06-17T10:22:54.577+0800][36.195s][info][gc          ] GC(349) Garbage Collection (Allocation Rate) 110M(43%)->48M(19%)
[2026-06-17T10:22:54.663+0800][36.282s][info][gc,start    ] GC(350) Garbage Collection (Allocation Rate)
[2026-06-17T10:22:54.664+0800][36.283s][info][gc,phases   ] GC(350) Pause Mark Start 0.336ms
[2026-06-17T10:22:54.667+0800][36.285s][info][gc,phases   ] GC(350) Concurrent Mark 1.873ms
[2026-06-17T10:22:54.668+0800][36.287s][info][gc,phases   ] GC(350) Pause Mark End 0.428ms
[2026-06-17T10:22:54.668+0800][36.287s][info][gc,phases   ] GC(350) Concurrent Process Non-Strong References 0.114ms
[2026-06-17T10:22:54.669+0800][36.287s][info][gc,phases   ] GC(350) Concurrent Reset Relocation Set 0.003ms
[2026-06-17T10:22:54.669+0800][36.288s][info][gc,phases   ] GC(350) Concurrent Destroy Detached Pages 0.002ms
[2026-06-17T10:22:54.670+0800][36.288s][info][gc,phases   ] GC(350) Concurrent Select Relocation Set 0.733ms
[2026-06-17T10:22:54.670+0800][36.289s][info][gc,phases   ] GC(350) Concurrent Prepare Relocation Set 0.018ms
[2026-06-17T10:22:54.671+0800][36.289s][info][gc,phases   ] GC(350) Pause Relocate Start 0.186ms
[2026-06-17T10:22:54.672+0800][36.290s][info][gc,phases   ] GC(350) Concurrent Relocate 0.526ms
[2026-06-17T10:22:54.672+0800][36.291s][info][gc,load     ] GC(350) Load: 0.15/0.19/0.27
[2026-06-17T10:22:54.672+0800][36.291s][info][gc,mmu      ] GC(350) MMU: 2ms/0.0%, 5ms/43.3%, 10ms/66.9%, 20ms/83.5%, 50ms/93.4%, 100ms/96.6%
[2026-06-17T10:22:54.672+0800][36.291s][info][gc,marking  ] GC(350) Mark: 2 stripe(s), 1 proactive flush(es), 1 terminate flush(es), 0 completion(s), 0 continuation(s) 
[2026-06-17T10:22:54.672+0800][36.291s][info][gc,reloc    ] GC(350) Relocation: Successful, 24M relocated
[2026-06-17T10:22:54.673+0800][36.291s][info][gc,nmethod  ] GC(350) NMethods: 25 registered, 0 unregistered
[2026-06-17T10:22:54.673+0800][36.291s][info][gc,metaspace] GC(350) Metaspace: 3M used, 4M capacity, 4M committed, 8M reserved
[2026-06-17T10:22:54.673+0800][36.292s][info][gc,ref      ] GC(350) Soft: 43 encountered, 0 discovered, 0 enqueued
[2026-06-17T10:22:54.673+0800][36.292s][info][gc,ref      ] GC(350) Weak: 7 encountered, 2 discovered, 0 enqueued
[2026-06-17T10:22:54.673+0800][36.292s][info][gc,ref      ] GC(350) Final: 0 encountered, 0 discovered, 0 enqueued
[2026-06-17T10:22:54.673+0800][36.292s][info][gc,ref      ] GC(350) Phantom: 1 encountered, 1 discovered, 0 enqueued
[2026-06-17T10:22:54.673+0800][36.292s][info][gc,heap     ] GC(350)                Mark Start          Mark End        Relocate Start      Relocate End           High               Low         
[2026-06-17T10:22:54.673+0800][36.292s][info][gc,heap     ] GC(350)  Capacity:      256M (100%)        256M (100%)        256M (100%)        256M (100%)        256M (100%)        256M (100%)   
[2026-06-17T10:22:54.674+0800][36.292s][info][gc,heap     ] GC(350)   Reserve:       62M (24%)          62M (24%)          62M (24%)          62M (24%)          62M (24%)          62M (24%)    
[2026-06-17T10:22:54.674+0800][36.292s][info][gc,heap     ] GC(350)      Free:      110M (43%)         110M (43%)         140M (55%)         116M (45%)         146M (57%)         110M (43%)    
[2026-06-17T10:22:54.674+0800][36.293s][info][gc,heap     ] GC(350)      Used:       84M (33%)          84M (33%)          54M (21%)          78M (30%)          84M (33%)          48M (19%)    
[2026-06-17T10:22:54.674+0800][36.293s][info][gc,heap     ] GC(350)      Live:         -                26M (10%)          26M (10%)          26M (10%)            -                  -          
[2026-06-17T10:22:54.674+0800][36.293s][info][gc,heap     ] GC(350) Allocated:         -                 0M (0%)            0M (0%)           44M (17%)            -                  -          
[2026-06-17T10:22:54.674+0800][36.293s][info][gc,heap     ] GC(350)   Garbage:         -                57M (23%)          27M (11%)          13M (5%)             -                  -          
[2026-06-17T10:22:54.674+0800][36.293s][info][gc,heap     ] GC(350) Reclaimed:         -                  -                30M (12%)          44M (17%)            -                  -          
[2026-06-17T10:22:54.674+0800][36.293s][info][gc          ] GC(350) Garbage Collection (Allocation Rate) 84M(33%)->78M(30%)
[2026-06-17T10:22:54.763+0800][36.382s][info][gc,start    ] GC(351) Garbage Collection (Allocation Rate)
[2026-06-17T10:22:54.765+0800][36.384s][info][gc,phases   ] GC(351) Pause Mark Start 0.455ms
[2026-06-17T10:22:54.767+0800][36.386s][info][gc,phases   ] GC(351) Concurrent Mark 2.102ms
[2026-06-17T10:22:54.769+0800][36.388s][info][gc,phases   ] GC(351) Pause Mark End 0.665ms
[2026-06-17T10:22:54.770+0800][36.388s][info][gc,phases   ] GC(351) Concurrent Process Non-Strong References 0.251ms
[2026-06-17T10:22:54.770+0800][36.389s][info][gc,phases   ] GC(351) Concurrent Reset Relocation Set 0.004ms
[2026-06-17T10:22:54.770+0800][36.389s][info][gc,phases   ] GC(351) Concurrent Destroy Detached Pages 0.002ms
[2026-06-17T10:22:54.772+0800][36.391s][info][gc,phases   ] GC(351) Concurrent Select Relocation Set 1.057ms
[2026-06-17T10:22:54.772+0800][36.391s][info][gc,phases   ] GC(351) Concurrent Prepare Relocation Set 0.020ms
[2026-06-17T10:22:54.773+0800][36.392s][info][gc,phases   ] GC(351) Pause Relocate Start 0.232ms
[2026-06-17T10:22:54.776+0800][36.394s][info][gc,phases   ] GC(351) Concurrent Relocate 2.100ms
[2026-06-17T10:22:54.776+0800][36.395s][info][gc,load     ] GC(351) Load: 0.15/0.19/0.27
[2026-06-17T10:22:54.776+0800][36.395s][info][gc,mmu      ] GC(351) MMU: 2ms/0.0%, 5ms/43.3%, 10ms/66.9%, 20ms/83.5%, 50ms/93.4%, 100ms/96.6%
[2026-06-17T10:22:54.776+0800][36.395s][info][gc,marking  ] GC(351) Mark: 2 stripe(s), 1 proactive flush(es), 1 terminate flush(es), 0 completion(s), 0 continuation(s) 
[2026-06-17T10:22:54.776+0800][36.395s][info][gc,reloc    ] GC(351) Relocation: Successful, 22M relocated
[2026-06-17T10:22:54.777+0800][36.395s][info][gc,nmethod  ] GC(351) NMethods: 25 registered, 0 unregistered
[2026-06-17T10:22:54.777+0800][36.396s][info][gc,metaspace] GC(351) Metaspace: 3M used, 4M capacity, 4M committed, 8M reserved
[2026-06-17T10:22:54.777+0800][36.396s][info][gc,ref      ] GC(351) Soft: 43 encountered, 0 discovered, 0 enqueued
[2026-06-17T10:22:54.777+0800][36.396s][info][gc,ref      ] GC(351) Weak: 7 encountered, 2 discovered, 0 enqueued
[2026-06-17T10:22:54.777+0800][36.396s][info][gc,ref      ] GC(351) Final: 0 encountered, 0 discovered, 0 enqueued
[2026-06-17T10:22:54.777+0800][36.396s][info][gc,ref      ] GC(351) Phantom: 1 encountered, 1 discovered, 0 enqueued
[2026-06-17T10:22:54.778+0800][36.396s][info][gc,heap     ] GC(351)                Mark Start          Mark End        Relocate Start      Relocate End           High               Low         
[2026-06-17T10:22:54.778+0800][36.397s][info][gc,heap     ] GC(351)  Capacity:      256M (100%)        256M (100%)        256M (100%)        256M (100%)        256M (100%)        256M (100%)   
[2026-06-17T10:22:54.778+0800][36.397s][info][gc,heap     ] GC(351)   Reserve:       62M (24%)          62M (24%)          62M (24%)          62M (24%)          62M (24%)          62M (24%)    
[2026-06-17T10:22:54.778+0800][36.397s][info][gc,heap     ] GC(351)      Free:       86M (34%)          48M (19%)          74M (29%)         146M (57%)         146M (57%)          48M (19%)    
[2026-06-17T10:22:54.778+0800][36.397s][info][gc,heap     ] GC(351)      Used:      108M (42%)         146M (57%)         120M (47%)          48M (19%)         146M (57%)          48M (19%)    
[2026-06-17T10:22:54.779+0800][36.397s][info][gc,heap     ] GC(351)      Live:         -                23M (9%)           23M (9%)           23M (9%)             -                  -          
[2026-06-17T10:22:54.779+0800][36.397s][info][gc,heap     ] GC(351) Allocated:         -                38M (15%)          38M (15%)          46M (18%)            -                  -          
[2026-06-17T10:22:54.779+0800][36.398s][info][gc,heap     ] GC(351)   Garbage:         -                84M (33%)          58M (23%)    17592186044402M (6         -                  -          
[2026-06-17T10:22:54.779+0800][36.398s][info][gc,heap     ] GC(351) Reclaimed:         -                  -                26M (10%)          98M (38%)            -                  -          
[2026-06-17T10:22:54.779+0800][36.398s][info][gc          ] GC(351) Garbage Collection (Allocation Rate) 108M(42%)->48M(19%)
[2026-06-17T10:22:54.863+0800][36.482s][info][gc,start    ] GC(352) Garbage Collection (Allocation Rate)
[2026-06-17T10:22:54.866+0800][36.485s][info][gc,phases   ] GC(352) Pause Mark Start 0.472ms
[2026-06-17T10:22:54.869+0800][36.487s][info][gc,phases   ] GC(352) Concurrent Mark 2.023ms
[2026-06-17T10:22:54.870+0800][36.489s][info][gc,phases   ] GC(352) Pause Mark End 0.749ms
[2026-06-17T10:22:54.871+0800][36.490s][info][gc,phases   ] GC(352) Concurrent Process Non-Strong References 0.162ms
[2026-06-17T10:22:54.871+0800][36.490s][info][gc,phases   ] GC(352) Concurrent Reset Relocation Set 0.003ms
[2026-06-17T10:22:54.871+0800][36.490s][info][gc,phases   ] GC(352) Concurrent Destroy Detached Pages 0.002ms
[2026-06-17T10:22:54.873+0800][36.491s][info][gc,phases   ] GC(352) Concurrent Select Relocation Set 0.916ms
[2026-06-17T10:22:54.873+0800][36.492s][info][gc,phases   ] GC(352) Concurrent Prepare Relocation Set 0.015ms
[2026-06-17T10:22:54.874+0800][36.492s][info][gc,phases   ] GC(352) Pause Relocate Start 0.243ms
[2026-06-17T10:22:54.874+0800][36.493s][info][gc,phases   ] GC(352) Concurrent Relocate 0.482ms
[2026-06-17T10:22:54.875+0800][36.493s][info][gc,load     ] GC(352) Load: 0.15/0.19/0.27
[2026-06-17T10:22:54.875+0800][36.494s][info][gc,mmu      ] GC(352) MMU: 2ms/0.0%, 5ms/43.3%, 10ms/66.9%, 20ms/83.5%, 50ms/93.4%, 100ms/96.6%
[2026-06-17T10:22:54.875+0800][36.494s][info][gc,marking  ] GC(352) Mark: 2 stripe(s), 1 proactive flush(es), 1 terminate flush(es), 0 completion(s), 0 continuation(s) 
[2026-06-17T10:22:54.875+0800][36.494s][info][gc,reloc    ] GC(352) Relocation: Successful, 4M relocated
[2026-06-17T10:22:54.875+0800][36.494s][info][gc,nmethod  ] GC(352) NMethods: 25 registered, 0 unregistered
[2026-06-17T10:22:54.875+0800][36.494s][info][gc,metaspace] GC(352) Metaspace: 3M used, 4M capacity, 4M committed, 8M reserved
[2026-06-17T10:22:54.876+0800][36.494s][info][gc,ref      ] GC(352) Soft: 43 encountered, 0 discovered, 0 enqueued
[2026-06-17T10:22:54.876+0800][36.494s][info][gc,ref      ] GC(352) Weak: 7 encountered, 2 discovered, 0 enqueued
[2026-06-17T10:22:54.876+0800][36.495s][info][gc,ref      ] GC(352) Final: 0 encountered, 0 discovered, 0 enqueued
[2026-06-17T10:22:54.876+0800][36.495s][info][gc,ref      ] GC(352) Phantom: 1 encountered, 1 discovered, 0 enqueued
[2026-06-17T10:22:54.876+0800][36.495s][info][gc,heap     ] GC(352)                Mark Start          Mark End        Relocate Start      Relocate End           High               Low         
[2026-06-17T10:22:54.877+0800][36.495s][info][gc,heap     ] GC(352)  Capacity:      256M (100%)        256M (100%)        256M (100%)        256M (100%)        256M (100%)        256M (100%)   
[2026-06-17T10:22:54.877+0800][36.495s][info][gc,heap     ] GC(352)   Reserve:       62M (24%)          62M (24%)          62M (24%)          62M (24%)          62M (24%)          62M (24%)    
[2026-06-17T10:22:54.877+0800][36.496s][info][gc,heap     ] GC(352)      Free:      110M (43%)         110M (43%)         136M (53%)         146M (57%)         146M (57%)         110M (43%)    
[2026-06-17T10:22:54.877+0800][36.496s][info][gc,heap     ] GC(352)      Used:       84M (33%)          84M (33%)          58M (23%)          48M (19%)          84M (33%)          48M (19%)    
[2026-06-17T10:22:54.877+0800][36.496s][info][gc,heap     ] GC(352)      Live:         -                32M (13%)          32M (13%)          32M (13%)            -                  -          
[2026-06-17T10:22:54.877+0800][36.496s][info][gc,heap     ] GC(352) Allocated:         -                 0M (0%)            0M (0%)           12M (5%)             -                  -          
[2026-06-17T10:22:54.877+0800][36.496s][info][gc,heap     ] GC(352)   Garbage:         -                51M (20%)          25M (10%)          11M (4%)             -                  -          
[2026-06-17T10:22:54.877+0800][36.496s][info][gc,heap     ] GC(352) Reclaimed:         -                  -                26M (10%)          40M (16%)            -                  -          
[2026-06-17T10:22:54.878+0800][36.496s][info][gc          ] GC(352) Garbage Collection (Allocation Rate) 84M(33%)->48M(19%)
[2026-06-17T10:22:54.963+0800][36.582s][info][gc,start    ] GC(353) Garbage Collection (Allocation Rate)
[2026-06-17T10:22:54.965+0800][36.584s][info][gc,phases   ] GC(353) Pause Mark Start 0.586ms
[2026-06-17T10:22:54.969+0800][36.588s][info][gc,phases   ] GC(353) Concurrent Mark 2.525ms
[2026-06-17T10:22:54.971+0800][36.589s][info][gc,phases   ] GC(353) Pause Mark End 0.669ms
[2026-06-17T10:22:54.972+0800][36.590s][info][gc,phases   ] GC(353) Concurrent Process Non-Strong References 0.404ms
[2026-06-17T10:22:54.972+0800][36.591s][info][gc,phases   ] GC(353) Concurrent Reset Relocation Set 0.005ms
[2026-06-17T10:22:54.972+0800][36.591s][info][gc,phases   ] GC(353) Concurrent Destroy Detached Pages 0.002ms
[2026-06-17T10:22:54.974+0800][36.592s][info][gc,phases   ] GC(353) Concurrent Select Relocation Set 1.039ms
[2026-06-17T10:22:54.975+0800][36.594s][info][gc,phases   ] GC(353) Concurrent Prepare Relocation Set 0.011ms
[2026-06-17T10:22:54.976+0800][36.595s][info][gc,phases   ] GC(353) Pause Relocate Start 0.404ms
[2026-06-17T10:22:54.979+0800][36.598s][info][gc,phases   ] GC(353) Concurrent Relocate 2.034ms
[2026-06-17T10:22:54.979+0800][36.598s][info][gc,load     ] GC(353) Load: 0.15/0.19/0.27
[2026-06-17T10:22:54.980+0800][36.598s][info][gc,mmu      ] GC(353) MMU: 2ms/0.0%, 5ms/43.3%, 10ms/66.9%, 20ms/83.5%, 50ms/93.4%, 100ms/96.6%
[2026-06-17T10:22:54.980+0800][36.599s][info][gc,marking  ] GC(353) Mark: 2 stripe(s), 1 proactive flush(es), 1 terminate flush(es), 0 completion(s), 0 continuation(s) 
[2026-06-17T10:22:54.980+0800][36.599s][info][gc,reloc    ] GC(353) Relocation: Successful, 26M relocated
[2026-06-17T10:22:54.980+0800][36.599s][info][gc,nmethod  ] GC(353) NMethods: 25 registered, 0 unregistered
[2026-06-17T10:22:54.980+0800][36.599s][info][gc,metaspace] GC(353) Metaspace: 3M used, 4M capacity, 4M committed, 8M reserved
[2026-06-17T10:22:54.980+0800][36.599s][info][gc,ref      ] GC(353) Soft: 43 encountered, 0 discovered, 0 enqueued
[2026-06-17T10:22:54.981+0800][36.599s][info][gc,ref      ] GC(353) Weak: 7 encountered, 2 discovered, 0 enqueued
[2026-06-17T10:22:54.981+0800][36.600s][info][gc,ref      ] GC(353) Final: 0 encountered, 0 discovered, 0 enqueued
[2026-06-17T10:22:54.981+0800][36.600s][info][gc,ref      ] GC(353) Phantom: 1 encountered, 1 discovered, 0 enqueued
[2026-06-17T10:22:54.981+0800][36.600s][info][gc,heap     ] GC(353)                Mark Start          Mark End        Relocate Start      Relocate End           High               Low         
[2026-06-17T10:22:54.981+0800][36.600s][info][gc,heap     ] GC(353)  Capacity:      256M (100%)        256M (100%)        256M (100%)        256M (100%)        256M (100%)        256M (100%)   
[2026-06-17T10:22:54.981+0800][36.600s][info][gc,heap     ] GC(353)   Reserve:       62M (24%)          62M (24%)          62M (24%)          62M (24%)          62M (24%)          62M (24%)    
[2026-06-17T10:22:54.981+0800][36.600s][info][gc,heap     ] GC(353)      Free:       82M (32%)          82M (32%)         106M (41%)         148M (58%)         148M (58%)          70M (27%)    
[2026-06-17T10:22:54.981+0800][36.600s][info][gc,heap     ] GC(353)      Used:      112M (44%)         112M (44%)          88M (34%)          46M (18%)         124M (48%)          46M (18%)    
[2026-06-17T10:22:54.982+0800][36.600s][info][gc,heap     ] GC(353)      Live:         -                28M (11%)          28M (11%)          28M (11%)            -                  -          
[2026-06-17T10:22:54.982+0800][36.600s][info][gc,heap     ] GC(353) Allocated:         -                 0M (0%)            4M (2%)           44M (17%)            -                  -          
[2026-06-17T10:22:54.982+0800][36.600s][info][gc,heap     ] GC(353)   Garbage:         -                83M (33%)          55M (22%)          13M (5%)             -                  -          
[2026-06-17T10:22:54.982+0800][36.600s][info][gc,heap     ] GC(353) Reclaimed:         -                  -                28M (11%)          70M (27%)            -                  -          
[2026-06-17T10:22:54.982+0800][36.601s][info][gc          ] GC(353) Garbage Collection (Allocation Rate) 112M(44%)->46M(18%)
[2026-06-17T10:22:55.063+0800][36.682s][info][gc,start    ] GC(354) Garbage Collection (Allocation Rate)
[2026-06-17T10:22:55.065+0800][36.684s][info][gc,phases   ] GC(354) Pause Mark Start 0.380ms
[2026-06-17T10:22:55.068+0800][36.687s][info][gc,phases   ] GC(354) Concurrent Mark 2.062ms
[2026-06-17T10:22:55.071+0800][36.690s][info][gc,phases   ] GC(354) Pause Mark End 0.568ms
[2026-06-17T10:22:55.072+0800][36.690s][info][gc,phases   ] GC(354) Concurrent Process Non-Strong References 0.211ms
[2026-06-17T10:22:55.072+0800][36.691s][info][gc,phases   ] GC(354) Concurrent Reset Relocation Set 0.003ms
[2026-06-17T10:22:55.072+0800][36.691s][info][gc,phases   ] GC(354) Concurrent Destroy Detached Pages 0.001ms
[2026-06-17T10:22:55.074+0800][36.693s][info][gc,phases   ] GC(354) Concurrent Select Relocation Set 1.269ms
[2026-06-17T10:22:55.075+0800][36.693s][info][gc,phases   ] GC(354) Concurrent Prepare Relocation Set 0.006ms
[2026-06-17T10:22:55.076+0800][36.694s][info][gc,phases   ] GC(354) Pause Relocate Start 0.305ms
[2026-06-17T10:22:55.077+0800][36.696s][info][gc,phases   ] GC(354) Concurrent Relocate 0.563ms
[2026-06-17T10:22:55.077+0800][36.696s][info][gc,load     ] GC(354) Load: 0.15/0.19/0.27
[2026-06-17T10:22:55.078+0800][36.696s][info][gc,mmu      ] GC(354) MMU: 2ms/0.0%, 5ms/43.3%, 10ms/66.9%, 20ms/83.5%, 50ms/93.4%, 100ms/96.6%
[2026-06-17T10:22:55.078+0800][36.697s][info][gc,marking  ] GC(354) Mark: 2 stripe(s), 1 proactive flush(es), 1 terminate flush(es), 0 completion(s), 0 continuation(s) 
[2026-06-17T10:22:55.079+0800][36.697s][info][gc,reloc    ] GC(354) Relocation: Successful, 19M relocated
[2026-06-17T10:22:55.079+0800][36.698s][info][gc,nmethod  ] GC(354) NMethods: 25 registered, 0 unregistered
[2026-06-17T10:22:55.079+0800][36.698s][info][gc,metaspace] GC(354) Metaspace: 3M used, 4M capacity, 4M committed, 8M reserved
[2026-06-17T10:22:55.079+0800][36.698s][info][gc,ref      ] GC(354) Soft: 43 encountered, 0 discovered, 0 enqueued
[2026-06-17T10:22:55.080+0800][36.698s][info][gc,ref      ] GC(354) Weak: 7 encountered, 2 discovered, 0 enqueued
[2026-06-17T10:22:55.080+0800][36.699s][info][gc,ref      ] GC(354) Final: 0 encountered, 0 discovered, 0 enqueued
[2026-06-17T10:22:55.080+0800][36.699s][info][gc,ref      ] GC(354) Phantom: 1 encountered, 1 discovered, 0 enqueued
[2026-06-17T10:22:55.080+0800][36.699s][info][gc,heap     ] GC(354)                Mark Start          Mark End        Relocate Start      Relocate End           High               Low         
[2026-06-17T10:22:55.081+0800][36.699s][info][gc,heap     ] GC(354)  Capacity:      256M (100%)        256M (100%)        256M (100%)        256M (100%)        256M (100%)        256M (100%)   
[2026-06-17T10:22:55.081+0800][36.700s][info][gc,heap     ] GC(354)   Reserve:       62M (24%)          62M (24%)          62M (24%)          62M (24%)          62M (24%)          62M (24%)    
[2026-06-17T10:22:55.081+0800][36.700s][info][gc,heap     ] GC(354)      Free:      116M (45%)         112M (44%)         142M (55%)         150M (59%)         150M (59%)         112M (44%)    
[2026-06-17T10:22:55.081+0800][36.700s][info][gc,heap     ] GC(354)      Used:       78M (30%)          82M (32%)          52M (20%)          44M (17%)          82M (32%)          44M (17%)    
[2026-06-17T10:22:55.081+0800][36.700s][info][gc,heap     ] GC(354)      Live:         -                19M (8%)           19M (8%)           19M (8%)             -                  -          
[2026-06-17T10:22:55.082+0800][36.700s][info][gc,heap     ] GC(354) Allocated:         -                 4M (2%)            4M (2%)           10M (4%)             -                  -          
[2026-06-17T10:22:55.082+0800][36.701s][info][gc,heap     ] GC(354)   Garbage:         -                58M (23%)          28M (11%)          20M (8%)             -                  -          
[2026-06-17T10:22:55.082+0800][36.701s][info][gc,heap     ] GC(354) Reclaimed:         -                  -                30M (12%)          38M (15%)            -                  -          
[2026-06-17T10:22:55.082+0800][36.701s][info][gc          ] GC(354) Garbage Collection (Allocation Rate) 78M(30%)->44M(17%)
[2026-06-17T10:22:55.163+0800][36.782s][info][gc,start    ] GC(355) Garbage Collection (Allocation Rate)
[2026-06-17T10:22:55.166+0800][36.784s][info][gc,phases   ] GC(355) Pause Mark Start 0.411ms
[2026-06-17T10:22:55.169+0800][36.787s][info][gc,phases   ] GC(355) Concurrent Mark 2.208ms
[2026-06-17T10:22:55.171+0800][36.789s][info][gc,phases   ] GC(355) Pause Mark End 0.901ms
[2026-06-17T10:22:55.171+0800][36.790s][info][gc,phases   ] GC(355) Concurrent Process Non-Strong References 0.174ms
[2026-06-17T10:22:55.172+0800][36.791s][info][gc,phases   ] GC(355) Concurrent Reset Relocation Set 0.004ms
[2026-06-17T10:22:55.173+0800][36.791s][info][gc,phases   ] GC(355) Concurrent Destroy Detached Pages 0.002ms
[2026-06-17T10:22:55.175+0800][36.794s][info][gc,phases   ] GC(355) Concurrent Select Relocation Set 1.204ms
[2026-06-17T10:22:55.175+0800][36.794s][info][gc,phases   ] GC(355) Concurrent Prepare Relocation Set 0.003ms
[2026-06-17T10:22:55.176+0800][36.795s][info][gc,phases   ] GC(355) Pause Relocate Start 0.243ms
[2026-06-17T10:22:55.178+0800][36.797s][info][gc,phases   ] GC(355) Concurrent Relocate 1.680ms
[2026-06-17T10:22:55.179+0800][36.798s][info][gc,load     ] GC(355) Load: 0.15/0.19/0.27
[2026-06-17T10:22:55.179+0800][36.798s][info][gc,mmu      ] GC(355) MMU: 2ms/0.0%, 5ms/43.3%, 10ms/66.9%, 20ms/83.5%, 50ms/93.4%, 100ms/96.6%
[2026-06-17T10:22:55.179+0800][36.798s][info][gc,marking  ] GC(355) Mark: 2 stripe(s), 1 proactive flush(es), 1 terminate flush(es), 0 completion(s), 0 continuation(s) 
[2026-06-17T10:22:55.180+0800][36.798s][info][gc,reloc    ] GC(355) Relocation: Successful, 21M relocated
[2026-06-17T10:22:55.180+0800][36.799s][info][gc,nmethod  ] GC(355) NMethods: 25 registered, 0 unregistered
[2026-06-17T10:22:55.180+0800][36.799s][info][gc,metaspace] GC(355) Metaspace: 3M used, 4M capacity, 4M committed, 8M reserved
[2026-06-17T10:22:55.180+0800][36.799s][info][gc,ref      ] GC(355) Soft: 43 encountered, 0 discovered, 0 enqueued
[2026-06-17T10:22:55.180+0800][36.799s][info][gc,ref      ] GC(355) Weak: 7 encountered, 2 discovered, 0 enqueued
[2026-06-17T10:22:55.181+0800][36.799s][info][gc,ref      ] GC(355) Final: 0 encountered, 0 discovered, 0 enqueued
[2026-06-17T10:22:55.181+0800][36.800s][info][gc,ref      ] GC(355) Phantom: 1 encountered, 1 discovered, 0 enqueued
[2026-06-17T10:22:55.181+0800][36.800s][info][gc,heap     ] GC(355)                Mark Start          Mark End        Relocate Start      Relocate End           High               Low         
[2026-06-17T10:22:55.181+0800][36.800s][info][gc,heap     ] GC(355)  Capacity:      256M (100%)        256M (100%)        256M (100%)        256M (100%)        256M (100%)        256M (100%)   
[2026-06-17T10:22:55.181+0800][36.800s][info][gc,heap     ] GC(355)   Reserve:       62M (24%)          62M (24%)          62M (24%)          62M (24%)          62M (24%)          62M (24%)    
[2026-06-17T10:22:55.181+0800][36.800s][info][gc,heap     ] GC(355)      Free:       84M (33%)          84M (33%)         110M (43%)         148M (58%)         148M (58%)          76M (30%)    
[2026-06-17T10:22:55.182+0800][36.800s][info][gc,heap     ] GC(355)      Used:      110M (43%)         110M (43%)          84M (33%)          46M (18%)         118M (46%)          46M (18%)    
[2026-06-17T10:22:55.182+0800][36.800s][info][gc,heap     ] GC(355)      Live:         -                25M (10%)          25M (10%)          25M (10%)            -                  -          
[2026-06-17T10:22:55.182+0800][36.801s][info][gc,heap     ] GC(355) Allocated:         -                 0M (0%)            4M (2%)           40M (16%)            -                  -          
[2026-06-17T10:22:55.182+0800][36.801s][info][gc,heap     ] GC(355)   Garbage:         -                84M (33%)          54M (21%)          16M (7%)             -                  -          
[2026-06-17T10:22:55.182+0800][36.801s][info][gc,heap     ] GC(355) Reclaimed:         -                  -                30M (12%)          68M (27%)            -                  -          
[2026-06-17T10:22:55.182+0800][36.801s][info][gc          ] GC(355) Garbage Collection (Allocation Rate) 110M(43%)->46M(18%)
[2026-06-17T10:22:55.263+0800][36.882s][info][gc,start    ] GC(356) Garbage Collection (Allocation Rate)
[2026-06-17T10:22:55.265+0800][36.884s][info][gc,phases   ] GC(356) Pause Mark Start 0.504ms
[2026-06-17T10:22:55.268+0800][36.887s][info][gc,phases   ] GC(356) Concurrent Mark 2.203ms
[2026-06-17T10:22:55.273+0800][36.892s][info][gc,phases   ] GC(356) Pause Mark End 0.718ms
[2026-06-17T10:22:55.277+0800][36.896s][info][gc,phases   ] GC(356) Concurrent Process Non-Strong References 0.406ms
[2026-06-17T10:22:55.278+0800][36.896s][info][gc,phases   ] GC(356) Concurrent Reset Relocation Set 0.002ms
[2026-06-17T10:22:55.278+0800][36.897s][info][gc,phases   ] GC(356) Concurrent Destroy Detached Pages 0.001ms
[2026-06-17T10:22:55.279+0800][36.898s][info][gc,phases   ] GC(356) Concurrent Select Relocation Set 0.451ms
[2026-06-17T10:22:55.280+0800][36.899s][info][gc,phases   ] GC(356) Concurrent Prepare Relocation Set 0.018ms
[2026-06-17T10:22:55.282+0800][36.900s][info][gc,phases   ] GC(356) Pause Relocate Start 0.326ms
[2026-06-17T10:22:55.284+0800][36.903s][info][gc,phases   ] GC(356) Concurrent Relocate 0.714ms
[2026-06-17T10:22:55.284+0800][36.903s][info][gc,load     ] GC(356) Load: 0.15/0.19/0.27
[2026-06-17T10:22:55.285+0800][36.904s][info][gc,mmu      ] GC(356) MMU: 2ms/0.0%, 5ms/43.3%, 10ms/66.9%, 20ms/83.5%, 50ms/93.4%, 100ms/96.6%
[2026-06-17T10:22:55.285+0800][36.904s][info][gc,marking  ] GC(356) Mark: 2 stripe(s), 1 proactive flush(es), 1 terminate flush(es), 0 completion(s), 0 continuation(s) 
[2026-06-17T10:22:55.285+0800][36.904s][info][gc,reloc    ] GC(356) Relocation: Successful, 20M relocated
[2026-06-17T10:22:55.286+0800][36.904s][info][gc,nmethod  ] GC(356) NMethods: 25 registered, 0 unregistered
[2026-06-17T10:22:55.286+0800][36.905s][info][gc,metaspace] GC(356) Metaspace: 3M used, 4M capacity, 4M committed, 8M reserved
[2026-06-17T10:22:55.286+0800][36.905s][info][gc,ref      ] GC(356) Soft: 43 encountered, 0 discovered, 0 enqueued
[2026-06-17T10:22:55.286+0800][36.905s][info][gc,ref      ] GC(356) Weak: 7 encountered, 2 discovered, 0 enqueued
[2026-06-17T10:22:55.287+0800][36.905s][info][gc,ref      ] GC(356) Final: 0 encountered, 0 discovered, 0 enqueued
[2026-06-17T10:22:55.287+0800][36.906s][info][gc,ref      ] GC(356) Phantom: 1 encountered, 1 discovered, 0 enqueued
[2026-06-17T10:22:55.287+0800][36.906s][info][gc,heap     ] GC(356)                Mark Start          Mark End        Relocate Start      Relocate End           High               Low         
[2026-06-17T10:22:55.287+0800][36.906s][info][gc,heap     ] GC(356)  Capacity:      256M (100%)        256M (100%)        256M (100%)        256M (100%)        256M (100%)        256M (100%)   
[2026-06-17T10:22:55.287+0800][36.906s][info][gc,heap     ] GC(356)   Reserve:       62M (24%)          62M (24%)          62M (24%)          62M (24%)          62M (24%)          62M (24%)    
[2026-06-17T10:22:55.288+0800][36.906s][info][gc,heap     ] GC(356)      Free:      116M (45%)         112M (44%)         104M (41%)         112M (44%)         140M (55%)         100M (39%)    
[2026-06-17T10:22:55.288+0800][36.907s][info][gc,heap     ] GC(356)      Used:       78M (30%)          82M (32%)          90M (35%)          82M (32%)          94M (37%)          54M (21%)    
[2026-06-17T10:22:55.288+0800][36.907s][info][gc,heap     ] GC(356)      Live:         -                22M (9%)           22M (9%)           22M (9%)             -                  -          
[2026-06-17T10:22:55.288+0800][36.907s][info][gc,heap     ] GC(356) Allocated:         -                 4M (2%)           40M (16%)          46M (18%)            -                  -          
[2026-06-17T10:22:55.289+0800][36.907s][info][gc,heap     ] GC(356)   Garbage:         -                55M (22%)          27M (11%)          19M (8%)             -                  -          
[2026-06-17T10:22:55.289+0800][36.908s][info][gc,heap     ] GC(356) Reclaimed:         -                  -                28M (11%)          36M (14%)            -                  -          
[2026-06-17T10:22:55.289+0800][36.908s][info][gc          ] GC(356) Garbage Collection (Allocation Rate) 78M(30%)->82M(32%)
[2026-06-17T10:22:55.363+0800][36.982s][info][gc,start    ] GC(357) Garbage Collection (Allocation Rate)
[2026-06-17T10:22:55.365+0800][36.984s][info][gc,phases   ] GC(357) Pause Mark Start 0.462ms
[2026-06-17T10:22:55.369+0800][36.987s][info][gc,phases   ] GC(357) Concurrent Mark 1.965ms
[2026-06-17T10:22:55.370+0800][36.989s][info][gc,phases   ] GC(357) Pause Mark End 0.459ms
[2026-06-17T10:22:55.371+0800][36.990s][info][gc,phases   ] GC(357) Concurrent Process Non-Strong References 0.251ms
[2026-06-17T10:22:55.371+0800][36.990s][info][gc,phases   ] GC(357) Concurrent Reset Relocation Set 0.002ms
[2026-06-17T10:22:55.371+0800][36.990s][info][gc,phases   ] GC(357) Concurrent Destroy Detached Pages 0.001ms
[2026-06-17T10:22:55.372+0800][36.991s][info][gc,phases   ] GC(357) Concurrent Select Relocation Set 0.745ms
[2026-06-17T10:22:55.373+0800][36.991s][info][gc,phases   ] GC(357) Concurrent Prepare Relocation Set 0.011ms
[2026-06-17T10:22:55.373+0800][36.992s][info][gc,phases   ] GC(357) Pause Relocate Start 0.444ms
[2026-06-17T10:22:55.376+0800][36.995s][info][gc,phases   ] GC(357) Concurrent Relocate 2.041ms
[2026-06-17T10:22:55.376+0800][36.995s][info][gc,load     ] GC(357) Load: 0.15/0.19/0.27
[2026-06-17T10:22:55.376+0800][36.995s][info][gc,mmu      ] GC(357) MMU: 2ms/0.0%, 5ms/43.3%, 10ms/66.9%, 20ms/83.5%, 50ms/93.4%, 100ms/96.6%
[2026-06-17T10:22:55.377+0800][36.995s][info][gc,marking  ] GC(357) Mark: 2 stripe(s), 2 proactive flush(es), 1 terminate flush(es), 0 completion(s), 0 continuation(s) 
[2026-06-17T10:22:55.377+0800][36.996s][info][gc,reloc    ] GC(357) Relocation: Successful, 24M relocated
[2026-06-17T10:22:55.377+0800][36.996s][info][gc,nmethod  ] GC(357) NMethods: 25 registered, 0 unregistered
[2026-06-17T10:22:55.377+0800][36.996s][info][gc,metaspace] GC(357) Metaspace: 3M used, 4M capacity, 4M committed, 8M reserved
[2026-06-17T10:22:55.377+0800][36.996s][info][gc,ref      ] GC(357) Soft: 43 encountered, 0 discovered, 0 enqueued
[2026-06-17T10:22:55.377+0800][36.996s][info][gc,ref      ] GC(357) Weak: 7 encountered, 2 discovered, 0 enqueued
[2026-06-17T10:22:55.378+0800][36.996s][info][gc,ref      ] GC(357) Final: 0 encountered, 0 discovered, 0 enqueued
[2026-06-17T10:22:55.378+0800][36.997s][info][gc,ref      ] GC(357) Phantom: 1 encountered, 1 discovered, 0 enqueued
[2026-06-17T10:22:55.378+0800][36.997s][info][gc,heap     ] GC(357)                Mark Start          Mark End        Relocate Start      Relocate End           High               Low         
[2026-06-17T10:22:55.378+0800][36.997s][info][gc,heap     ] GC(357)  Capacity:      256M (100%)        256M (100%)        256M (100%)        256M (100%)        256M (100%)        256M (100%)   
[2026-06-17T10:22:55.378+0800][36.997s][info][gc,heap     ] GC(357)   Reserve:       62M (24%)          62M (24%)          62M (24%)          62M (24%)          62M (24%)          62M (24%)    
[2026-06-17T10:22:55.378+0800][36.997s][info][gc,heap     ] GC(357)      Free:       86M (34%)          50M (20%)          76M (30%)         146M (57%)         146M (57%)          50M (20%)    
[2026-06-17T10:22:55.378+0800][36.997s][info][gc,heap     ] GC(357)      Used:      108M (42%)         144M (56%)         118M (46%)          48M (19%)         144M (56%)          48M (19%)    
[2026-06-17T10:22:55.378+0800][36.997s][info][gc,heap     ] GC(357)      Live:         -                28M (11%)          28M (11%)          28M (11%)            -                  -          
[2026-06-17T10:22:55.378+0800][36.997s][info][gc,heap     ] GC(357) Allocated:         -                36M (14%)          36M (14%)          44M (17%)            -                  -          
[2026-06-17T10:22:55.379+0800][36.997s][info][gc,heap     ] GC(357)   Garbage:         -                79M (31%)          53M (21%)    17592186044399M (6         -                  -          
[2026-06-17T10:22:55.379+0800][36.997s][info][gc,heap     ] GC(357) Reclaimed:         -                  -                26M (10%)          96M (38%)            -                  -          
[2026-06-17T10:22:55.379+0800][36.998s][info][gc          ] GC(357) Garbage Collection (Allocation Rate) 108M(42%)->48M(19%)
[2026-06-17T10:22:55.464+0800][37.082s][info][gc,start    ] GC(358) Garbage Collection (Allocation Rate)
[2026-06-17T10:22:55.466+0800][37.085s][info][gc,phases   ] GC(358) Pause Mark Start 0.610ms
[2026-06-17T10:22:55.470+0800][37.088s][info][gc,phases   ] GC(358) Concurrent Mark 2.327ms
[2026-06-17T10:22:55.472+0800][37.091s][info][gc,phases   ] GC(358) Pause Mark End 0.884ms
[2026-06-17T10:22:55.473+0800][37.092s][info][gc,phases   ] GC(358) Concurrent Process Non-Strong References 0.335ms
[2026-06-17T10:22:55.474+0800][37.093s][info][gc,phases   ] GC(358) Concurrent Reset Relocation Set 0.005ms
[2026-06-17T10:22:55.475+0800][37.094s][info][gc,phases   ] GC(358) Concurrent Destroy Detached Pages 0.002ms
[2026-06-17T10:22:55.477+0800][37.096s][info][gc,phases   ] GC(358) Concurrent Select Relocation Set 1.236ms
[2026-06-17T10:22:55.478+0800][37.097s][info][gc,phases   ] GC(358) Concurrent Prepare Relocation Set 0.003ms
[2026-06-17T10:22:55.479+0800][37.098s][info][gc,phases   ] GC(358) Pause Relocate Start 0.295ms
[2026-06-17T10:22:55.480+0800][37.099s][info][gc,phases   ] GC(358) Concurrent Relocate 0.399ms
[2026-06-17T10:22:55.481+0800][37.100s][info][gc,load     ] GC(358) Load: 0.15/0.19/0.27
[2026-06-17T10:22:55.481+0800][37.100s][info][gc,mmu      ] GC(358) MMU: 2ms/0.0%, 5ms/43.3%, 10ms/66.9%, 20ms/83.5%, 50ms/93.4%, 100ms/96.6%
[2026-06-17T10:22:55.482+0800][37.101s][info][gc,marking  ] GC(358) Mark: 2 stripe(s), 1 proactive flush(es), 1 terminate flush(es), 0 completion(s), 0 continuation(s) 
[2026-06-17T10:22:55.482+0800][37.101s][info][gc,reloc    ] GC(358) Relocation: Successful, 23M relocated
[2026-06-17T10:22:55.483+0800][37.101s][info][gc,nmethod  ] GC(358) NMethods: 25 registered, 0 unregistered
[2026-06-17T10:22:55.483+0800][37.102s][info][gc,metaspace] GC(358) Metaspace: 3M used, 4M capacity, 4M committed, 8M reserved
[2026-06-17T10:22:55.484+0800][37.103s][info][gc,ref      ] GC(358) Soft: 43 encountered, 0 discovered, 0 enqueued
[2026-06-17T10:22:55.484+0800][37.103s][info][gc,ref      ] GC(358) Weak: 7 encountered, 0 discovered, 0 enqueued
[2026-06-17T10:22:55.485+0800][37.104s][info][gc,ref      ] GC(358) Final: 0 encountered, 0 discovered, 0 enqueued
[2026-06-17T10:22:55.485+0800][37.104s][info][gc,ref      ] GC(358) Phantom: 1 encountered, 0 discovered, 0 enqueued
[2026-06-17T10:22:55.486+0800][37.105s][info][gc,heap     ] GC(358)                Mark Start          Mark End        Relocate Start      Relocate End           High               Low         
[2026-06-17T10:22:55.486+0800][37.105s][info][gc,heap     ] GC(358)  Capacity:      256M (100%)        256M (100%)        256M (100%)        256M (100%)        256M (100%)        256M (100%)   
[2026-06-17T10:22:55.487+0800][37.105s][info][gc,heap     ] GC(358)   Reserve:       62M (24%)          62M (24%)          62M (24%)          62M (24%)          62M (24%)          62M (24%)    
[2026-06-17T10:22:55.487+0800][37.106s][info][gc,heap     ] GC(358)      Free:      110M (43%)         110M (43%)         106M (41%)         112M (44%)         112M (44%)          72M (28%)    
[2026-06-17T10:22:55.488+0800][37.107s][info][gc,heap     ] GC(358)      Used:       84M (33%)          84M (33%)          88M (34%)          82M (32%)         122M (48%)          82M (32%)    
[2026-06-17T10:22:55.488+0800][37.107s][info][gc,heap     ] GC(358)      Live:         -                25M (10%)          25M (10%)          25M (10%)            -                  -          
[2026-06-17T10:22:55.489+0800][37.108s][info][gc,heap     ] GC(358) Allocated:         -                 0M (0%)           38M (15%)          44M (17%)            -                  -          
[2026-06-17T10:22:55.489+0800][37.108s][info][gc,heap     ] GC(358)   Garbage:         -                58M (23%)          24M (10%)          18M (7%)             -                  -          
[2026-06-17T10:22:55.490+0800][37.108s][info][gc,heap     ] GC(358) Reclaimed:         -                  -                34M (13%)          40M (16%)            -                  -          
[2026-06-17T10:22:55.490+0800][37.108s][info][gc          ] GC(358) Garbage Collection (Allocation Rate) 84M(33%)->82M(32%)
[2026-06-17T10:22:55.563+0800][37.181s][info][gc,start    ] GC(359) Garbage Collection (Allocation Rate)
[2026-06-17T10:22:55.563+0800][37.182s][info][gc,phases   ] GC(359) Pause Mark Start 0.154ms
[2026-06-17T10:22:55.565+0800][37.184s][info][gc,phases   ] GC(359) Concurrent Mark 1.454ms
[2026-06-17T10:22:55.566+0800][37.185s][info][gc,phases   ] GC(359) Pause Mark End 0.245ms
[2026-06-17T10:22:55.566+0800][37.185s][info][gc,phases   ] GC(359) Concurrent Process Non-Strong References 0.089ms
[2026-06-17T10:22:55.567+0800][37.185s][info][gc,phases   ] GC(359) Concurrent Reset Relocation Set 0.002ms
[2026-06-17T10:22:55.567+0800][37.186s][info][gc,phases   ] GC(359) Concurrent Destroy Detached Pages 0.002ms
[2026-06-17T10:22:55.567+0800][37.186s][info][gc,phases   ] GC(359) Concurrent Select Relocation Set 0.493ms
[2026-06-17T10:22:55.568+0800][37.186s][info][gc,phases   ] GC(359) Concurrent Prepare Relocation Set 0.011ms
[2026-06-17T10:22:55.568+0800][37.187s][info][gc,phases   ] GC(359) Pause Relocate Start 0.131ms
[2026-06-17T10:22:55.570+0800][37.189s][info][gc,phases   ] GC(359) Concurrent Relocate 1.361ms
[2026-06-17T10:22:55.570+0800][37.189s][info][gc,load     ] GC(359) Load: 0.15/0.19/0.27
[2026-06-17T10:22:55.570+0800][37.189s][info][gc,mmu      ] GC(359) MMU: 2ms/0.0%, 5ms/43.3%, 10ms/66.9%, 20ms/83.5%, 50ms/93.4%, 100ms/96.6%
[2026-06-17T10:22:55.570+0800][37.189s][info][gc,marking  ] GC(359) Mark: 2 stripe(s), 1 proactive flush(es), 1 terminate flush(es), 0 completion(s), 0 continuation(s) 
[2026-06-17T10:22:55.571+0800][37.189s][info][gc,reloc    ] GC(359) Relocation: Successful, 20M relocated
[2026-06-17T10:22:55.571+0800][37.189s][info][gc,nmethod  ] GC(359) NMethods: 25 registered, 0 unregistered
[2026-06-17T10:22:55.571+0800][37.190s][info][gc,metaspace] GC(359) Metaspace: 3M used, 4M capacity, 4M committed, 8M reserved
[2026-06-17T10:22:55.571+0800][37.190s][info][gc,ref      ] GC(359) Soft: 43 encountered, 0 discovered, 0 enqueued
[2026-06-17T10:22:55.571+0800][37.190s][info][gc,ref      ] GC(359) Weak: 7 encountered, 2 discovered, 0 enqueued
[2026-06-17T10:22:55.571+0800][37.190s][info][gc,ref      ] GC(359) Final: 0 encountered, 0 discovered, 0 enqueued
[2026-06-17T10:22:55.572+0800][37.190s][info][gc,ref      ] GC(359) Phantom: 1 encountered, 0 discovered, 0 enqueued
[2026-06-17T10:22:55.572+0800][37.191s][info][gc,heap     ] GC(359)                Mark Start          Mark End        Relocate Start      Relocate End           High               Low         
[2026-06-17T10:22:55.572+0800][37.191s][info][gc,heap     ] GC(359)  Capacity:      256M (100%)        256M (100%)        256M (100%)        256M (100%)        256M (100%)        256M (100%)   
[2026-06-17T10:22:55.572+0800][37.191s][info][gc,heap     ] GC(359)   Reserve:       62M (24%)          62M (24%)          62M (24%)          62M (24%)          62M (24%)          62M (24%)    
[2026-06-17T10:22:55.573+0800][37.191s][info][gc,heap     ] GC(359)      Free:       82M (32%)          82M (32%)          72M (28%)         146M (57%)         146M (57%)          68M (27%)    
[2026-06-17T10:22:55.573+0800][37.191s][info][gc,heap     ] GC(359)      Used:      112M (44%)         112M (44%)         122M (48%)          48M (19%)         126M (49%)          48M (19%)    
[2026-06-17T10:22:55.573+0800][37.192s][info][gc,heap     ] GC(359)      Live:         -                22M (9%)           22M (9%)           22M (9%)             -                  -          
[2026-06-17T10:22:55.573+0800][37.192s][info][gc,heap     ] GC(359) Allocated:         -                 0M (0%)           36M (14%)          44M (17%)            -                  -          
[2026-06-17T10:22:55.573+0800][37.192s][info][gc,heap     ] GC(359)   Garbage:         -                89M (35%)          63M (25%)    17592186044405M (6         -                  -          
[2026-06-17T10:22:55.573+0800][37.192s][info][gc,heap     ] GC(359) Reclaimed:         -                  -                26M (10%)         100M (39%)            -                  -          
[2026-06-17T10:22:55.573+0800][37.192s][info][gc          ] GC(359) Garbage Collection (Allocation Rate) 112M(44%)->48M(19%)
[2026-06-17T10:22:55.663+0800][37.282s][info][gc,start    ] GC(360) Garbage Collection (Allocation Rate)
[2026-06-17T10:22:55.664+0800][37.282s][info][gc,phases   ] GC(360) Pause Mark Start 0.184ms
[2026-06-17T10:22:55.665+0800][37.284s][info][gc,phases   ] GC(360) Concurrent Mark 1.413ms
[2026-06-17T10:22:55.666+0800][37.285s][info][gc,phases   ] GC(360) Pause Mark End 0.283ms
[2026-06-17T10:22:55.667+0800][37.285s][info][gc,phases   ] GC(360) Concurrent Process Non-Strong References 0.079ms
[2026-06-17T10:22:55.667+0800][37.286s][info][gc,phases   ] GC(360) Concurrent Reset Relocation Set 0.002ms
[2026-06-17T10:22:55.667+0800][37.286s][info][gc,phases   ] GC(360) Concurrent Destroy Detached Pages 0.001ms
[2026-06-17T10:22:55.668+0800][37.287s][info][gc,phases   ] GC(360) Concurrent Select Relocation Set 0.515ms
[2026-06-17T10:22:55.668+0800][37.287s][info][gc,phases   ] GC(360) Concurrent Prepare Relocation Set 0.003ms
[2026-06-17T10:22:55.669+0800][37.288s][info][gc,phases   ] GC(360) Pause Relocate Start 0.159ms
[2026-06-17T10:22:55.670+0800][37.288s][info][gc,phases   ] GC(360) Concurrent Relocate 0.297ms
[2026-06-17T10:22:55.670+0800][37.289s][info][gc,load     ] GC(360) Load: 0.15/0.19/0.27
[2026-06-17T10:22:55.670+0800][37.289s][info][gc,mmu      ] GC(360) MMU: 2ms/0.0%, 5ms/43.3%, 10ms/66.9%, 20ms/83.5%, 50ms/93.4%, 100ms/96.6%
[2026-06-17T10:22:55.671+0800][37.289s][info][gc,marking  ] GC(360) Mark: 2 stripe(s), 1 proactive flush(es), 1 terminate flush(es), 0 completion(s), 0 continuation(s) 
[2026-06-17T10:22:55.671+0800][37.290s][info][gc,reloc    ] GC(360) Relocation: Successful, 26M relocated
[2026-06-17T10:22:55.671+0800][37.290s][info][gc,nmethod  ] GC(360) NMethods: 25 registered, 0 unregistered
[2026-06-17T10:22:55.672+0800][37.290s][info][gc,metaspace] GC(360) Metaspace: 3M used, 4M capacity, 4M committed, 8M reserved
[2026-06-17T10:22:55.672+0800][37.291s][info][gc,ref      ] GC(360) Soft: 43 encountered, 0 discovered, 0 enqueued
[2026-06-17T10:22:55.672+0800][37.291s][info][gc,ref      ] GC(360) Weak: 7 encountered, 2 discovered, 0 enqueued
[2026-06-17T10:22:55.672+0800][37.291s][info][gc,ref      ] GC(360) Final: 0 encountered, 0 discovered, 0 enqueued
[2026-06-17T10:22:55.673+0800][37.292s][info][gc,ref      ] GC(360) Phantom: 1 encountered, 0 discovered, 0 enqueued
[2026-06-17T10:22:55.673+0800][37.292s][info][gc,heap     ] GC(360)                Mark Start          Mark End        Relocate Start      Relocate End           High               Low         
[2026-06-17T10:22:55.673+0800][37.292s][info][gc,heap     ] GC(360)  Capacity:      256M (100%)        256M (100%)        256M (100%)        256M (100%)        256M (100%)        256M (100%)   
[2026-06-17T10:22:55.674+0800][37.292s][info][gc,heap     ] GC(360)   Reserve:       62M (24%)          62M (24%)          62M (24%)          62M (24%)          62M (24%)          62M (24%)    
[2026-06-17T10:22:55.674+0800][37.293s][info][gc,heap     ] GC(360)      Free:      110M (43%)         110M (43%)         140M (55%)         152M (59%)         152M (59%)         110M (43%)    
[2026-06-17T10:22:55.674+0800][37.293s][info][gc,heap     ] GC(360)      Used:       84M (33%)          84M (33%)          54M (21%)          42M (16%)          84M (33%)          42M (16%)    
[2026-06-17T10:22:55.675+0800][37.293s][info][gc,heap     ] GC(360)      Live:         -                30M (12%)          30M (12%)          30M (12%)            -                  -          
[2026-06-17T10:22:55.675+0800][37.294s][info][gc,heap     ] GC(360) Allocated:         -                 0M (0%)            0M (0%)            6M (2%)             -                  -          
[2026-06-17T10:22:55.675+0800][37.294s][info][gc,heap     ] GC(360)   Garbage:         -                53M (21%)          23M (9%)           11M (4%)             -                  -          
[2026-06-17T10:22:55.676+0800][37.295s][info][gc,heap     ] GC(360) Reclaimed:         -                  -                30M (12%)          42M (16%)            -                  -          
[2026-06-17T10:22:55.676+0800][37.295s][info][gc          ] GC(360) Garbage Collection (Allocation Rate) 84M(33%)->42M(16%)
[2026-06-17T10:22:55.763+0800][37.382s][info][gc,start    ] GC(361) Garbage Collection (Allocation Rate)
[2026-06-17T10:22:55.764+0800][37.383s][info][gc,phases   ] GC(361) Pause Mark Start 0.165ms
[2026-06-17T10:22:55.766+0800][37.385s][info][gc,phases   ] GC(361) Concurrent Mark 1.626ms
[2026-06-17T10:22:55.766+0800][37.385s][info][gc,phases   ] GC(361) Pause Mark End 0.277ms
[2026-06-17T10:22:55.767+0800][37.386s][info][gc,phases   ] GC(361) Concurrent Process Non-Strong References 0.051ms
[2026-06-17T10:22:55.767+0800][37.386s][info][gc,phases   ] GC(361) Concurrent Reset Relocation Set 0.002ms
[2026-06-17T10:22:55.767+0800][37.386s][info][gc,phases   ] GC(361) Concurrent Destroy Detached Pages 0.001ms
[2026-06-17T10:22:55.768+0800][37.386s][info][gc,phases   ] GC(361) Concurrent Select Relocation Set 0.492ms
[2026-06-17T10:22:55.768+0800][37.387s][info][gc,phases   ] GC(361) Concurrent Prepare Relocation Set 0.005ms
[2026-06-17T10:22:55.768+0800][37.387s][info][gc,phases   ] GC(361) Pause Relocate Start 0.168ms
[2026-06-17T10:22:55.771+0800][37.390s][info][gc,phases   ] GC(361) Concurrent Relocate 2.137ms
[2026-06-17T10:22:55.771+0800][37.390s][info][gc,load     ] GC(361) Load: 0.15/0.19/0.27
[2026-06-17T10:22:55.771+0800][37.390s][info][gc,mmu      ] GC(361) MMU: 2ms/0.0%, 5ms/43.3%, 10ms/66.9%, 20ms/83.5%, 50ms/93.4%, 100ms/96.6%
[2026-06-17T10:22:55.771+0800][37.390s][info][gc,marking  ] GC(361) Mark: 2 stripe(s), 1 proactive flush(es), 1 terminate flush(es), 0 completion(s), 0 continuation(s) 
[2026-06-17T10:22:55.772+0800][37.390s][info][gc,reloc    ] GC(361) Relocation: Successful, 27M relocated
[2026-06-17T10:22:55.772+0800][37.390s][info][gc,nmethod  ] GC(361) NMethods: 25 registered, 0 unregistered
[2026-06-17T10:22:55.772+0800][37.391s][info][gc,metaspace] GC(361) Metaspace: 3M used, 4M capacity, 4M committed, 8M reserved
[2026-06-17T10:22:55.772+0800][37.391s][info][gc,ref      ] GC(361) Soft: 43 encountered, 0 discovered, 0 enqueued
[2026-06-17T10:22:55.772+0800][37.391s][info][gc,ref      ] GC(361) Weak: 7 encountered, 2 discovered, 0 enqueued
[2026-06-17T10:22:55.772+0800][37.391s][info][gc,ref      ] GC(361) Final: 0 encountered, 0 discovered, 0 enqueued
[2026-06-17T10:22:55.773+0800][37.391s][info][gc,ref      ] GC(361) Phantom: 1 encountered, 1 discovered, 0 enqueued
[2026-06-17T10:22:55.773+0800][37.391s][info][gc,heap     ] GC(361)                Mark Start          Mark End        Relocate Start      Relocate End           High               Low         
[2026-06-17T10:22:55.773+0800][37.392s][info][gc,heap     ] GC(361)  Capacity:      256M (100%)        256M (100%)        256M (100%)        256M (100%)        256M (100%)        256M (100%)   
[2026-06-17T10:22:55.773+0800][37.392s][info][gc,heap     ] GC(361)   Reserve:       62M (24%)          62M (24%)          62M (24%)          62M (24%)          62M (24%)          62M (24%)    
[2026-06-17T10:22:55.773+0800][37.392s][info][gc,heap     ] GC(361)      Free:       84M (33%)          80M (31%)         106M (41%)         144M (56%)         144M (56%)          66M (26%)    
[2026-06-17T10:22:55.773+0800][37.392s][info][gc,heap     ] GC(361)      Used:      110M (43%)         114M (45%)          88M (34%)          50M (20%)         128M (50%)          50M (20%)    
[2026-06-17T10:22:55.773+0800][37.392s][info][gc,heap     ] GC(361)      Live:         -                28M (11%)          28M (11%)          28M (11%)            -                  -          
[2026-06-17T10:22:55.773+0800][37.392s][info][gc,heap     ] GC(361) Allocated:         -                 4M (2%)            4M (2%)           46M (18%)            -                  -          
[2026-06-17T10:22:55.774+0800][37.393s][info][gc,heap     ] GC(361)   Garbage:         -                81M (32%)          55M (22%)          17M (7%)             -                  -          
[2026-06-17T10:22:55.774+0800][37.393s][info][gc,heap     ] GC(361) Reclaimed:         -                  -                26M (10%)          64M (25%)            -                  -          
[2026-06-17T10:22:55.774+0800][37.393s][info][gc          ] GC(361) Garbage Collection (Allocation Rate) 110M(43%)->50M(20%)
[2026-06-17T10:22:55.863+0800][37.482s][info][gc,start    ] GC(362) Garbage Collection (Allocation Rate)
[2026-06-17T10:22:55.864+0800][37.483s][info][gc,phases   ] GC(362) Pause Mark Start 0.208ms
[2026-06-17T10:22:55.866+0800][37.485s][info][gc,phases   ] GC(362) Concurrent Mark 1.627ms
[2026-06-17T10:22:55.867+0800][37.486s][info][gc,phases   ] GC(362) Pause Mark End 0.256ms
[2026-06-17T10:22:55.871+0800][37.489s][info][gc,phases   ] GC(362) Concurrent Process Non-Strong References 0.134ms
[2026-06-17T10:22:55.878+0800][37.496s][info][gc,phases   ] GC(362) Concurrent Reset Relocation Set 0.005ms
[2026-06-17T10:22:55.878+0800][37.497s][info][gc,phases   ] GC(362) Concurrent Destroy Detached Pages 0.001ms
[2026-06-17T10:22:55.880+0800][37.498s][info][gc,phases   ] GC(362) Concurrent Select Relocation Set 0.759ms
[2026-06-17T10:22:55.881+0800][37.500s][info][gc,phases   ] GC(362) Concurrent Prepare Relocation Set 0.015ms
[2026-06-17T10:22:55.883+0800][37.501s][info][gc,phases   ] GC(362) Pause Relocate Start 0.283ms
[2026-06-17T10:22:55.885+0800][37.504s][info][gc,phases   ] GC(362) Concurrent Relocate 0.401ms
[2026-06-17T10:22:55.886+0800][37.504s][info][gc,load     ] GC(362) Load: 0.15/0.19/0.27
[2026-06-17T10:22:55.887+0800][37.505s][info][gc,mmu      ] GC(362) MMU: 2ms/0.0%, 5ms/43.3%, 10ms/66.9%, 20ms/83.5%, 50ms/93.4%, 100ms/96.6%
[2026-06-17T10:22:55.890+0800][37.509s][info][gc,marking  ] GC(362) Mark: 2 stripe(s), 1 proactive flush(es), 1 terminate flush(es), 0 completion(s), 0 continuation(s) 
[2026-06-17T10:22:55.891+0800][37.509s][info][gc,reloc    ] GC(362) Relocation: Successful, 24M relocated
[2026-06-17T10:22:55.891+0800][37.510s][info][gc,nmethod  ] GC(362) NMethods: 25 registered, 0 unregistered
[2026-06-17T10:22:55.892+0800][37.511s][info][gc,metaspace] GC(362) Metaspace: 3M used, 4M capacity, 4M committed, 8M reserved
[2026-06-17T10:22:55.892+0800][37.511s][info][gc,ref      ] GC(362) Soft: 43 encountered, 0 discovered, 0 enqueued
[2026-06-17T10:22:55.893+0800][37.512s][info][gc,ref      ] GC(362) Weak: 7 encountered, 2 discovered, 0 enqueued
[2026-06-17T10:22:55.895+0800][37.513s][info][gc,ref      ] GC(362) Final: 0 encountered, 0 discovered, 0 enqueued
[2026-06-17T10:22:55.896+0800][37.515s][info][gc,ref      ] GC(362) Phantom: 1 encountered, 0 discovered, 0 enqueued
[2026-06-17T10:22:55.898+0800][37.516s][info][gc,heap     ] GC(362)                Mark Start          Mark End        Relocate Start      Relocate End           High               Low         
[2026-06-17T10:22:55.899+0800][37.517s][info][gc,heap     ] GC(362)  Capacity:      256M (100%)        256M (100%)        256M (100%)        256M (100%)        256M (100%)        256M (100%)   
[2026-06-17T10:22:55.902+0800][37.520s][info][gc,heap     ] GC(362)   Reserve:       62M (24%)          62M (24%)          62M (24%)          62M (24%)          62M (24%)          62M (24%)    
[2026-06-17T10:22:55.903+0800][37.521s][info][gc,heap     ] GC(362)      Free:      108M (42%)         108M (42%)          96M (38%)         110M (43%)         134M (52%)          90M (35%)    
[2026-06-17T10:22:55.905+0800][37.523s][info][gc,heap     ] GC(362)      Used:       86M (34%)          86M (34%)          98M (38%)          84M (33%)         104M (41%)          60M (23%)    
[2026-06-17T10:22:55.907+0800][37.525s][info][gc,heap     ] GC(362)      Live:         -                24M (10%)          24M (10%)          24M (10%)            -                  -          
[2026-06-17T10:22:55.908+0800][37.526s][info][gc,heap     ] GC(362) Allocated:         -                 0M (0%)           42M (16%)          48M (19%)            -                  -          
[2026-06-17T10:22:55.909+0800][37.527s][info][gc,heap     ] GC(362)   Garbage:         -                61M (24%)          31M (12%)          17M (7%)             -                  -          
[2026-06-17T10:22:55.909+0800][37.528s][info][gc,heap     ] GC(362) Reclaimed:         -                  -                30M (12%)          44M (17%)            -                  -          
[2026-06-17T10:22:55.909+0800][37.528s][info][gc          ] GC(362) Garbage Collection (Allocation Rate) 86M(34%)->84M(33%)
[2026-06-17T10:22:55.963+0800][37.582s][info][gc,start    ] GC(363) Garbage Collection (Allocation Rate)
[2026-06-17T10:22:55.970+0800][37.589s][info][gc,phases   ] GC(363) Pause Mark Start 0.341ms
[2026-06-17T10:22:55.973+0800][37.591s][info][gc,phases   ] GC(363) Concurrent Mark 1.490ms
[2026-06-17T10:22:55.978+0800][37.597s][info][gc,phases   ] GC(363) Pause Mark End 0.278ms
[2026-06-17T10:22:55.983+0800][37.601s][info][gc,phases   ] GC(363) Concurrent Process Non-Strong References 0.133ms
[2026-06-17T10:22:55.986+0800][37.605s][info][gc,phases   ] GC(363) Concurrent Reset Relocation Set 0.003ms
[2026-06-17T10:22:55.997+0800][37.615s][info][gc,phases   ] GC(363) Concurrent Destroy Detached Pages 0.002ms
[2026-06-17T10:22:56.002+0800][37.621s][info][gc,phases   ] GC(363) Concurrent Select Relocation Set 0.814ms
[2026-06-17T10:22:56.003+0800][37.622s][info][gc,phases   ] GC(363) Concurrent Prepare Relocation Set 0.012ms
[2026-06-17T10:22:56.008+0800][37.626s][info][gc,phases   ] GC(363) Pause Relocate Start 0.239ms
[2026-06-17T10:22:56.015+0800][37.634s][info][gc,phases   ] GC(363) Concurrent Relocate 2.001ms
[2026-06-17T10:22:56.017+0800][37.636s][info][gc,load     ] GC(363) Load: 0.15/0.19/0.27
[2026-06-17T10:22:56.018+0800][37.637s][info][gc,mmu      ] GC(363) MMU: 2ms/0.0%, 5ms/43.3%, 10ms/66.9%, 20ms/83.5%, 50ms/93.4%, 100ms/96.6%
[2026-06-17T10:22:56.019+0800][37.638s][info][gc,marking  ] GC(363) Mark: 2 stripe(s), 1 proactive flush(es), 1 terminate flush(es), 0 completion(s), 0 continuation(s) 
[2026-06-17T10:22:56.020+0800][37.638s][info][gc,reloc    ] GC(363) Relocation: Successful, 23M relocated
[2026-06-17T10:22:56.020+0800][37.639s][info][gc,nmethod  ] GC(363) NMethods: 25 registered, 0 unregistered
[2026-06-17T10:22:56.025+0800][37.644s][info][gc,metaspace] GC(363) Metaspace: 3M used, 4M capacity, 4M committed, 8M reserved
[2026-06-17T10:22:56.028+0800][37.646s][info][gc,ref      ] GC(363) Soft: 43 encountered, 0 discovered, 0 enqueued
[2026-06-17T10:22:56.028+0800][37.647s][info][gc,ref      ] GC(363) Weak: 7 encountered, 2 discovered, 0 enqueued
[2026-06-17T10:22:56.028+0800][37.647s][info][gc,ref      ] GC(363) Final: 0 encountered, 0 discovered, 0 enqueued
[2026-06-17T10:22:56.029+0800][37.648s][info][gc,ref      ] GC(363) Phantom: 1 encountered, 1 discovered, 0 enqueued
[2026-06-17T10:22:56.029+0800][37.648s][info][gc,heap     ] GC(363)                Mark Start          Mark End        Relocate Start      Relocate End           High               Low         
[2026-06-17T10:22:56.030+0800][37.648s][info][gc,heap     ] GC(363)  Capacity:      256M (100%)        256M (100%)        256M (100%)        256M (100%)        256M (100%)        256M (100%)   
[2026-06-17T10:22:56.030+0800][37.649s][info][gc,heap     ] GC(363)   Reserve:       62M (24%)          62M (24%)          62M (24%)          62M (24%)          62M (24%)          62M (24%)    
[2026-06-17T10:22:56.030+0800][37.649s][info][gc,heap     ] GC(363)      Free:       82M (32%)          44M (17%)          60M (23%)         132M (52%)         132M (52%)          38M (15%)    
[2026-06-17T10:22:56.030+0800][37.649s][info][gc,heap     ] GC(363)      Used:      112M (44%)         150M (59%)         134M (52%)          62M (24%)         156M (61%)          62M (24%)    
[2026-06-17T10:22:56.031+0800][37.650s][info][gc,heap     ] GC(363)      Live:         -                25M (10%)          25M (10%)          25M (10%)            -                  -          
[2026-06-17T10:22:56.031+0800][37.650s][info][gc,heap     ] GC(363) Allocated:         -                38M (15%)          50M (20%)          58M (23%)            -                  -          
[2026-06-17T10:22:56.031+0800][37.650s][info][gc,heap     ] GC(363)   Garbage:         -                86M (34%)          58M (23%)    17592186044402M (6         -                  -          
[2026-06-17T10:22:56.031+0800][37.650s][info][gc,heap     ] GC(363) Reclaimed:         -                  -                28M (11%)         100M (39%)            -                  -          
[2026-06-17T10:22:56.032+0800][37.650s][info][gc          ] GC(363) Garbage Collection (Allocation Rate) 112M(44%)->62M(24%)
[2026-06-17T10:22:56.063+0800][37.681s][info][gc,start    ] GC(364) Garbage Collection (Allocation Rate)
[2026-06-17T10:22:56.065+0800][37.684s][info][gc,phases   ] GC(364) Pause Mark Start 0.607ms
[2026-06-17T10:22:56.069+0800][37.688s][info][gc,phases   ] GC(364) Concurrent Mark 2.435ms
[2026-06-17T10:22:56.071+0800][37.689s][info][gc,phases   ] GC(364) Pause Mark End 0.824ms
[2026-06-17T10:22:56.071+0800][37.690s][info][gc,phases   ] GC(364) Concurrent Process Non-Strong References 0.272ms
[2026-06-17T10:22:56.072+0800][37.691s][info][gc,phases   ] GC(364) Concurrent Reset Relocation Set 0.005ms
[2026-06-17T10:22:56.072+0800][37.691s][info][gc,phases   ] GC(364) Concurrent Destroy Detached Pages 0.003ms
[2026-06-17T10:22:56.074+0800][37.693s][info][gc,phases   ] GC(364) Concurrent Select Relocation Set 1.263ms
[2026-06-17T10:22:56.074+0800][37.693s][info][gc,phases   ] GC(364) Concurrent Prepare Relocation Set 0.005ms
[2026-06-17T10:22:56.075+0800][37.694s][info][gc,phases   ] GC(364) Pause Relocate Start 0.276ms
[2026-06-17T10:22:56.076+0800][37.695s][info][gc,phases   ] GC(364) Concurrent Relocate 0.319ms
[2026-06-17T10:22:56.076+0800][37.695s][info][gc,load     ] GC(364) Load: 0.15/0.19/0.27
[2026-06-17T10:22:56.077+0800][37.695s][info][gc,mmu      ] GC(364) MMU: 2ms/0.0%, 5ms/43.3%, 10ms/66.9%, 20ms/83.5%, 50ms/93.4%, 100ms/96.6%
[2026-06-17T10:22:56.077+0800][37.696s][info][gc,marking  ] GC(364) Mark: 2 stripe(s), 1 proactive flush(es), 1 terminate flush(es), 0 completion(s), 0 continuation(s) 
[2026-06-17T10:22:56.077+0800][37.696s][info][gc,reloc    ] GC(364) Relocation: Successful, 19M relocated
[2026-06-17T10:22:56.077+0800][37.696s][info][gc,nmethod  ] GC(364) NMethods: 25 registered, 0 unregistered
[2026-06-17T10:22:56.078+0800][37.696s][info][gc,metaspace] GC(364) Metaspace: 3M used, 4M capacity, 4M committed, 8M reserved
[2026-06-17T10:22:56.078+0800][37.697s][info][gc,ref      ] GC(364) Soft: 43 encountered, 0 discovered, 0 enqueued
[2026-06-17T10:22:56.078+0800][37.697s][info][gc,ref      ] GC(364) Weak: 7 encountered, 2 discovered, 0 enqueued
[2026-06-17T10:22:56.078+0800][37.697s][info][gc,ref      ] GC(364) Final: 0 encountered, 0 discovered, 0 enqueued
[2026-06-17T10:22:56.078+0800][37.697s][info][gc,ref      ] GC(364) Phantom: 1 encountered, 1 discovered, 0 enqueued
[2026-06-17T10:22:56.079+0800][37.697s][info][gc,heap     ] GC(364)                Mark Start          Mark End        Relocate Start      Relocate End           High               Low         
[2026-06-17T10:22:56.079+0800][37.698s][info][gc,heap     ] GC(364)  Capacity:      256M (100%)        256M (100%)        256M (100%)        256M (100%)        256M (100%)        256M (100%)   
[2026-06-17T10:22:56.079+0800][37.698s][info][gc,heap     ] GC(364)   Reserve:       62M (24%)          62M (24%)          62M (24%)          62M (24%)          62M (24%)          62M (24%)    
[2026-06-17T10:22:56.079+0800][37.698s][info][gc,heap     ] GC(364)      Free:      114M (45%)         114M (45%)         100M (39%)         114M (45%)         114M (45%)          76M (30%)    
[2026-06-17T10:22:56.079+0800][37.698s][info][gc,heap     ] GC(364)      Used:       80M (31%)          80M (31%)          94M (37%)          80M (31%)         118M (46%)          80M (31%)    
[2026-06-17T10:22:56.080+0800][37.698s][info][gc,heap     ] GC(364)      Live:         -                21M (9%)           21M (9%)           21M (9%)             -                  -          
[2026-06-17T10:22:56.080+0800][37.698s][info][gc,heap     ] GC(364) Allocated:         -                 0M (0%)           38M (15%)          44M (17%)            -                  -          
[2026-06-17T10:22:56.080+0800][37.699s][info][gc,heap     ] GC(364)   Garbage:         -                58M (23%)          34M (13%)          20M (8%)             -                  -          
[2026-06-17T10:22:56.080+0800][37.699s][info][gc,heap     ] GC(364) Reclaimed:         -                  -                24M (9%)           38M (15%)            -                  -          
[2026-06-17T10:22:56.080+0800][37.699s][info][gc          ] GC(364) Garbage Collection (Allocation Rate) 80M(31%)->80M(31%)
[2026-06-17T10:22:56.163+0800][37.782s][info][gc,start    ] GC(365) Garbage Collection (Allocation Rate)
[2026-06-17T10:22:56.165+0800][37.784s][info][gc,phases   ] GC(365) Pause Mark Start 0.371ms
[2026-06-17T10:22:56.167+0800][37.786s][info][gc,phases   ] GC(365) Concurrent Mark 1.609ms
[2026-06-17T10:22:56.170+0800][37.789s][info][gc,phases   ] GC(365) Pause Mark End 0.474ms
[2026-06-17T10:22:56.173+0800][37.792s][info][gc,phases   ] GC(365) Concurrent Process Non-Strong References 0.145ms
[2026-06-17T10:22:56.175+0800][37.793s][info][gc,phases   ] GC(365) Concurrent Reset Relocation Set 0.004ms
[2026-06-17T10:22:56.177+0800][37.796s][info][gc,phases   ] GC(365) Concurrent Destroy Detached Pages 0.002ms
[2026-06-17T10:22:56.178+0800][37.797s][info][gc,phases   ] GC(365) Concurrent Select Relocation Set 0.863ms
[2026-06-17T10:22:56.180+0800][37.798s][info][gc,phases   ] GC(365) Concurrent Prepare Relocation Set 0.002ms
[2026-06-17T10:22:56.181+0800][37.800s][info][gc,phases   ] GC(365) Pause Relocate Start 0.277ms
[2026-06-17T10:22:56.185+0800][37.803s][info][gc,phases   ] GC(365) Concurrent Relocate 1.970ms
[2026-06-17T10:22:56.185+0800][37.804s][info][gc,load     ] GC(365) Load: 0.15/0.19/0.27
[2026-06-17T10:22:56.185+0800][37.804s][info][gc,mmu      ] GC(365) MMU: 2ms/0.0%, 5ms/43.3%, 10ms/66.9%, 20ms/83.5%, 50ms/93.4%, 100ms/96.6%
[2026-06-17T10:22:56.185+0800][37.804s][info][gc,marking  ] GC(365) Mark: 2 stripe(s), 1 proactive flush(es), 1 terminate flush(es), 0 completion(s), 0 continuation(s) 
[2026-06-17T10:22:56.186+0800][37.804s][info][gc,reloc    ] GC(365) Relocation: Successful, 25M relocated
[2026-06-17T10:22:56.186+0800][37.805s][info][gc,nmethod  ] GC(365) NMethods: 25 registered, 0 unregistered
[2026-06-17T10:22:56.186+0800][37.805s][info][gc,metaspace] GC(365) Metaspace: 3M used, 4M capacity, 4M committed, 8M reserved
[2026-06-17T10:22:56.186+0800][37.805s][info][gc,ref      ] GC(365) Soft: 43 encountered, 0 discovered, 0 enqueued
[2026-06-17T10:22:56.187+0800][37.805s][info][gc,ref      ] GC(365) Weak: 7 encountered, 2 discovered, 0 enqueued
[2026-06-17T10:22:56.187+0800][37.805s][info][gc,ref      ] GC(365) Final: 0 encountered, 0 discovered, 0 enqueued
[2026-06-17T10:22:56.187+0800][37.806s][info][gc,ref      ] GC(365) Phantom: 1 encountered, 1 discovered, 0 enqueued
[2026-06-17T10:22:56.187+0800][37.806s][info][gc,heap     ] GC(365)                Mark Start          Mark End        Relocate Start      Relocate End           High               Low         
[2026-06-17T10:22:56.187+0800][37.806s][info][gc,heap     ] GC(365)  Capacity:      256M (100%)        256M (100%)        256M (100%)        256M (100%)        256M (100%)        256M (100%)   
[2026-06-17T10:22:56.187+0800][37.806s][info][gc,heap     ] GC(365)   Reserve:       62M (24%)          62M (24%)          62M (24%)          62M (24%)          62M (24%)          62M (24%)    
[2026-06-17T10:22:56.188+0800][37.806s][info][gc,heap     ] GC(365)      Free:       86M (34%)          48M (19%)          70M (27%)         138M (54%)         138M (54%)          44M (17%)    
[2026-06-17T10:22:56.188+0800][37.806s][info][gc,heap     ] GC(365)      Used:      108M (42%)         146M (57%)         124M (48%)          56M (22%)         150M (59%)          56M (22%)    
[2026-06-17T10:22:56.188+0800][37.807s][info][gc,heap     ] GC(365)      Live:         -                29M (11%)          29M (11%)          29M (11%)            -                  -          
[2026-06-17T10:22:56.188+0800][37.807s][info][gc,heap     ] GC(365) Allocated:         -                38M (15%)          42M (16%)          52M (20%)            -                  -          
[2026-06-17T10:22:56.188+0800][37.807s][info][gc,heap     ] GC(365)   Garbage:         -                78M (31%)          52M (21%)    17592186044400M (6         -                  -          
[2026-06-17T10:22:56.188+0800][37.807s][info][gc,heap     ] GC(365) Reclaimed:         -                  -                26M (10%)          94M (37%)            -                  -          
[2026-06-17T10:22:56.188+0800][37.807s][info][gc          ] GC(365) Garbage Collection (Allocation Rate) 108M(42%)->56M(22%)
[2026-06-17T10:22:56.263+0800][37.882s][info][gc,start    ] GC(366) Garbage Collection (Allocation Rate)
[2026-06-17T10:22:56.266+0800][37.884s][info][gc,phases   ] GC(366) Pause Mark Start 0.502ms
[2026-06-17T10:22:56.269+0800][37.887s][info][gc,phases   ] GC(366) Concurrent Mark 1.994ms
[2026-06-17T10:22:56.271+0800][37.889s][info][gc,phases   ] GC(366) Pause Mark End 0.776ms
[2026-06-17T10:22:56.272+0800][37.890s][info][gc,phases   ] GC(366) Concurrent Process Non-Strong References 0.391ms
[2026-06-17T10:22:56.272+0800][37.891s][info][gc,phases   ] GC(366) Concurrent Reset Relocation Set 0.004ms
[2026-06-17T10:22:56.273+0800][37.891s][info][gc,phases   ] GC(366) Concurrent Destroy Detached Pages 0.002ms
[2026-06-17T10:22:56.274+0800][37.893s][info][gc,phases   ] GC(366) Concurrent Select Relocation Set 1.229ms
[2026-06-17T10:22:56.275+0800][37.894s][info][gc,phases   ] GC(366) Concurrent Prepare Relocation Set 0.016ms
[2026-06-17T10:22:56.276+0800][37.895s][info][gc,phases   ] GC(366) Pause Relocate Start 0.287ms
[2026-06-17T10:22:56.277+0800][37.896s][info][gc,phases   ] GC(366) Concurrent Relocate 0.657ms
[2026-06-17T10:22:56.278+0800][37.897s][info][gc,load     ] GC(366) Load: 0.15/0.19/0.27
[2026-06-17T10:22:56.278+0800][37.897s][info][gc,mmu      ] GC(366) MMU: 2ms/0.0%, 5ms/43.3%, 10ms/66.9%, 20ms/83.5%, 50ms/93.4%, 100ms/96.6%
[2026-06-17T10:22:56.279+0800][37.897s][info][gc,marking  ] GC(366) Mark: 2 stripe(s), 1 proactive flush(es), 1 terminate flush(es), 0 completion(s), 0 continuation(s) 
[2026-06-17T10:22:56.279+0800][37.898s][info][gc,reloc    ] GC(366) Relocation: Successful, 25M relocated
[2026-06-17T10:22:56.280+0800][37.898s][info][gc,nmethod  ] GC(366) NMethods: 25 registered, 0 unregistered
[2026-06-17T10:22:56.280+0800][37.899s][info][gc,metaspace] GC(366) Metaspace: 3M used, 4M capacity, 4M committed, 8M reserved
[2026-06-17T10:22:56.280+0800][37.899s][info][gc,ref      ] GC(366) Soft: 43 encountered, 0 discovered, 0 enqueued
[2026-06-17T10:22:56.280+0800][37.899s][info][gc,ref      ] GC(366) Weak: 7 encountered, 2 discovered, 0 enqueued
[2026-06-17T10:22:56.281+0800][37.899s][info][gc,ref      ] GC(366) Final: 0 encountered, 0 discovered, 0 enqueued
[2026-06-17T10:22:56.281+0800][37.900s][info][gc,ref      ] GC(366) Phantom: 1 encountered, 1 discovered, 0 enqueued
[2026-06-17T10:22:56.281+0800][37.900s][info][gc,heap     ] GC(366)                Mark Start          Mark End        Relocate Start      Relocate End           High               Low         
[2026-06-17T10:22:56.281+0800][37.900s][info][gc,heap     ] GC(366)  Capacity:      256M (100%)        256M (100%)        256M (100%)        256M (100%)        256M (100%)        256M (100%)   
[2026-06-17T10:22:56.281+0800][37.900s][info][gc,heap     ] GC(366)   Reserve:       62M (24%)          62M (24%)          62M (24%)          62M (24%)          62M (24%)          62M (24%)    
[2026-06-17T10:22:56.282+0800][37.900s][info][gc,heap     ] GC(366)      Free:      108M (42%)         108M (42%)         134M (52%)         142M (55%)         142M (55%)         104M (41%)    
[2026-06-17T10:22:56.282+0800][37.901s][info][gc,heap     ] GC(366)      Used:       86M (34%)          86M (34%)          60M (23%)          52M (20%)          90M (35%)          52M (20%)    
[2026-06-17T10:22:56.282+0800][37.901s][info][gc,heap     ] GC(366)      Live:         -                27M (11%)          27M (11%)          27M (11%)            -                  -          
[2026-06-17T10:22:56.282+0800][37.901s][info][gc,heap     ] GC(366) Allocated:         -                 0M (0%)            4M (2%)           16M (6%)             -                  -          
[2026-06-17T10:22:56.283+0800][37.901s][info][gc,heap     ] GC(366)   Garbage:         -                58M (23%)          28M (11%)          20M (8%)             -                  -          
[2026-06-17T10:22:56.283+0800][37.902s][info][gc,heap     ] GC(366) Reclaimed:         -                  -                30M (12%)          38M (15%)            -                  -          
[2026-06-17T10:22:56.283+0800][37.902s][info][gc          ] GC(366) Garbage Collection (Allocation Rate) 86M(34%)->52M(20%)
[2026-06-17T10:22:56.363+0800][37.981s][info][gc,start    ] GC(367) Garbage Collection (Allocation Rate)
[2026-06-17T10:22:56.365+0800][37.983s][info][gc,phases   ] GC(367) Pause Mark Start 0.502ms
[2026-06-17T10:22:56.367+0800][37.986s][info][gc,phases   ] GC(367) Concurrent Mark 2.105ms
[2026-06-17T10:22:56.369+0800][37.988s][info][gc,phases   ] GC(367) Pause Mark End 0.645ms
[2026-06-17T10:22:56.370+0800][37.988s][info][gc,phases   ] GC(367) Concurrent Process Non-Strong References 0.196ms
[2026-06-17T10:22:56.370+0800][37.989s][info][gc,phases   ] GC(367) Concurrent Reset Relocation Set 0.004ms
[2026-06-17T10:22:56.370+0800][37.989s][info][gc,phases   ] GC(367) Concurrent Destroy Detached Pages 0.001ms
[2026-06-17T10:22:56.372+0800][37.990s][info][gc,phases   ] GC(367) Concurrent Select Relocation Set 1.022ms
[2026-06-17T10:22:56.372+0800][37.991s][info][gc,phases   ] GC(367) Concurrent Prepare Relocation Set 0.013ms
[2026-06-17T10:22:56.373+0800][37.991s][info][gc,phases   ] GC(367) Pause Relocate Start 0.190ms
[2026-06-17T10:22:56.375+0800][37.993s][info][gc,phases   ] GC(367) Concurrent Relocate 1.753ms
[2026-06-17T10:22:56.375+0800][37.994s][info][gc,load     ] GC(367) Load: 0.15/0.19/0.27
[2026-06-17T10:22:56.375+0800][37.994s][info][gc,mmu      ] GC(367) MMU: 2ms/0.0%, 5ms/43.3%, 10ms/66.9%, 20ms/83.5%, 50ms/93.4%, 100ms/96.6%
[2026-06-17T10:22:56.375+0800][37.994s][info][gc,marking  ] GC(367) Mark: 2 stripe(s), 1 proactive flush(es), 1 terminate flush(es), 0 completion(s), 0 continuation(s) 
[2026-06-17T10:22:56.375+0800][37.994s][info][gc,reloc    ] GC(367) Relocation: Successful, 21M relocated
[2026-06-17T10:22:56.375+0800][37.994s][info][gc,nmethod  ] GC(367) NMethods: 25 registered, 0 unregistered
[2026-06-17T10:22:56.376+0800][37.994s][info][gc,metaspace] GC(367) Metaspace: 3M used, 4M capacity, 4M committed, 8M reserved
[2026-06-17T10:22:56.376+0800][37.994s][info][gc,ref      ] GC(367) Soft: 43 encountered, 0 discovered, 0 enqueued
[2026-06-17T10:22:56.376+0800][37.995s][info][gc,ref      ] GC(367) Weak: 7 encountered, 2 discovered, 0 enqueued
[2026-06-17T10:22:56.376+0800][37.995s][info][gc,ref      ] GC(367) Final: 0 encountered, 0 discovered, 0 enqueued
[2026-06-17T10:22:56.376+0800][37.995s][info][gc,ref      ] GC(367) Phantom: 1 encountered, 1 discovered, 0 enqueued
[2026-06-17T10:22:56.376+0800][37.995s][info][gc,heap     ] GC(367)                Mark Start          Mark End        Relocate Start      Relocate End           High               Low         
[2026-06-17T10:22:56.376+0800][37.995s][info][gc,heap     ] GC(367)  Capacity:      256M (100%)        256M (100%)        256M (100%)        256M (100%)        256M (100%)        256M (100%)   
[2026-06-17T10:22:56.377+0800][37.995s][info][gc,heap     ] GC(367)   Reserve:       62M (24%)          62M (24%)          62M (24%)          62M (24%)          62M (24%)          62M (24%)    
[2026-06-17T10:22:56.377+0800][37.995s][info][gc,heap     ] GC(367)      Free:       78M (30%)          76M (30%)         102M (40%)         148M (58%)         148M (58%)          64M (25%)    
[2026-06-17T10:22:56.377+0800][37.995s][info][gc,heap     ] GC(367)      Used:      116M (45%)         118M (46%)          92M (36%)          46M (18%)         130M (51%)          46M (18%)    
[2026-06-17T10:22:56.377+0800][37.996s][info][gc,heap     ] GC(367)      Live:         -                23M (9%)           23M (9%)           23M (9%)             -                  -          
[2026-06-17T10:22:56.377+0800][37.996s][info][gc,heap     ] GC(367) Allocated:         -                 2M (1%)            4M (2%)           44M (17%)            -                  -          
[2026-06-17T10:22:56.377+0800][37.996s][info][gc,heap     ] GC(367)   Garbage:         -                92M (36%)          64M (25%)          18M (7%)             -                  -          
[2026-06-17T10:22:56.378+0800][37.996s][info][gc,heap     ] GC(367) Reclaimed:         -                  -                28M (11%)          74M (29%)            -                  -          
[2026-06-17T10:22:56.378+0800][37.997s][info][gc          ] GC(367) Garbage Collection (Allocation Rate) 116M(45%)->46M(18%)
[2026-06-17T10:22:56.463+0800][38.082s][info][gc,start    ] GC(368) Garbage Collection (Allocation Rate)
[2026-06-17T10:22:56.465+0800][38.083s][info][gc,phases   ] GC(368) Pause Mark Start 0.494ms
[2026-06-17T10:22:56.467+0800][38.086s][info][gc,phases   ] GC(368) Concurrent Mark 1.970ms
[2026-06-17T10:22:56.469+0800][38.087s][info][gc,phases   ] GC(368) Pause Mark End 0.578ms
[2026-06-17T10:22:56.469+0800][38.088s][info][gc,phases   ] GC(368) Concurrent Process Non-Strong References 0.352ms
[2026-06-17T10:22:56.470+0800][38.089s][info][gc,phases   ] GC(368) Concurrent Reset Relocation Set 0.004ms
[2026-06-17T10:22:56.471+0800][38.089s][info][gc,phases   ] GC(368) Concurrent Destroy Detached Pages 0.001ms
[2026-06-17T10:22:56.472+0800][38.091s][info][gc,phases   ] GC(368) Concurrent Select Relocation Set 0.973ms
[2026-06-17T10:22:56.472+0800][38.091s][info][gc,phases   ] GC(368) Concurrent Prepare Relocation Set 0.001ms
[2026-06-17T10:22:56.473+0800][38.092s][info][gc,phases   ] GC(368) Pause Relocate Start 0.197ms
[2026-06-17T10:22:56.473+0800][38.092s][info][gc,phases   ] GC(368) Concurrent Relocate 0.171ms
[2026-06-17T10:22:56.473+0800][38.092s][info][gc,load     ] GC(368) Load: 0.15/0.19/0.27
[2026-06-17T10:22:56.474+0800][38.092s][info][gc,mmu      ] GC(368) MMU: 2ms/0.0%, 5ms/43.3%, 10ms/66.9%, 20ms/83.5%, 50ms/93.4%, 100ms/96.6%
[2026-06-17T10:22:56.474+0800][38.093s][info][gc,marking  ] GC(368) Mark: 2 stripe(s), 2 proactive flush(es), 1 terminate flush(es), 0 completion(s), 0 continuation(s) 
[2026-06-17T10:22:56.474+0800][38.093s][info][gc,reloc    ] GC(368) Relocation: Successful, 24M relocated
[2026-06-17T10:22:56.474+0800][38.093s][info][gc,nmethod  ] GC(368) NMethods: 25 registered, 0 unregistered
[2026-06-17T10:22:56.475+0800][38.093s][info][gc,metaspace] GC(368) Metaspace: 3M used, 4M capacity, 4M committed, 8M reserved
[2026-06-17T10:22:56.475+0800][38.093s][info][gc,ref      ] GC(368) Soft: 43 encountered, 0 discovered, 0 enqueued
[2026-06-17T10:22:56.475+0800][38.094s][info][gc,ref      ] GC(368) Weak: 7 encountered, 2 discovered, 0 enqueued
[2026-06-17T10:22:56.475+0800][38.094s][info][gc,ref      ] GC(368) Final: 0 encountered, 0 discovered, 0 enqueued
[2026-06-17T10:22:56.475+0800][38.094s][info][gc,ref      ] GC(368) Phantom: 1 encountered, 1 discovered, 0 enqueued
[2026-06-17T10:22:56.475+0800][38.094s][info][gc,heap     ] GC(368)                Mark Start          Mark End        Relocate Start      Relocate End           High               Low         
[2026-06-17T10:22:56.475+0800][38.094s][info][gc,heap     ] GC(368)  Capacity:      256M (100%)        256M (100%)        256M (100%)        256M (100%)        256M (100%)        256M (100%)   
[2026-06-17T10:22:56.476+0800][38.094s][info][gc,heap     ] GC(368)   Reserve:       62M (24%)          62M (24%)          62M (24%)          62M (24%)          62M (24%)          62M (24%)    
[2026-06-17T10:22:56.476+0800][38.095s][info][gc,heap     ] GC(368)      Free:      116M (45%)         112M (44%)         140M (55%)         144M (56%)         144M (56%)         112M (44%)    
[2026-06-17T10:22:56.476+0800][38.095s][info][gc,heap     ] GC(368)      Used:       78M (30%)          82M (32%)          54M (21%)          50M (20%)          82M (32%)          50M (20%)    
[2026-06-17T10:22:56.476+0800][38.095s][info][gc,heap     ] GC(368)      Live:         -                31M (12%)          31M (12%)          31M (12%)            -                  -          
[2026-06-17T10:22:56.476+0800][38.095s][info][gc,heap     ] GC(368) Allocated:         -                 4M (2%)            4M (2%)            8M (3%)             -                  -          
[2026-06-17T10:22:56.477+0800][38.095s][info][gc,heap     ] GC(368)   Garbage:         -                46M (18%)          18M (7%)           14M (6%)             -                  -          
[2026-06-17T10:22:56.477+0800][38.096s][info][gc,heap     ] GC(368) Reclaimed:         -                  -                28M (11%)          32M (12%)            -                  -          
[2026-06-17T10:22:56.477+0800][38.096s][info][gc          ] GC(368) Garbage Collection (Allocation Rate) 78M(30%)->50M(20%)
[2026-06-17T10:22:56.563+0800][38.182s][info][gc,start    ] GC(369) Garbage Collection (Allocation Rate)
[2026-06-17T10:22:56.565+0800][38.184s][info][gc,phases   ] GC(369) Pause Mark Start 0.416ms
[2026-06-17T10:22:56.568+0800][38.186s][info][gc,phases   ] GC(369) Concurrent Mark 1.953ms
[2026-06-17T10:22:56.569+0800][38.188s][info][gc,phases   ] GC(369) Pause Mark End 0.465ms
[2026-06-17T10:22:56.569+0800][38.188s][info][gc,phases   ] GC(369) Concurrent Process Non-Strong References 0.103ms
[2026-06-17T10:22:56.570+0800][38.189s][info][gc,phases   ] GC(369) Concurrent Reset Relocation Set 0.003ms
[2026-06-17T10:22:56.570+0800][38.189s][info][gc,phases   ] GC(369) Concurrent Destroy Detached Pages 0.001ms
[2026-06-17T10:22:56.571+0800][38.190s][info][gc,phases   ] GC(369) Concurrent Select Relocation Set 0.801ms
[2026-06-17T10:22:56.572+0800][38.191s][info][gc,phases   ] GC(369) Concurrent Prepare Relocation Set 0.004ms
[2026-06-17T10:22:56.573+0800][38.192s][info][gc,phases   ] GC(369) Pause Relocate Start 0.337ms
[2026-06-17T10:22:56.576+0800][38.194s][info][gc,phases   ] GC(369) Concurrent Relocate 2.050ms
[2026-06-17T10:22:56.576+0800][38.195s][info][gc,load     ] GC(369) Load: 0.15/0.19/0.27
[2026-06-17T10:22:56.576+0800][38.195s][info][gc,mmu      ] GC(369) MMU: 2ms/0.0%, 5ms/43.3%, 10ms/66.9%, 20ms/83.5%, 50ms/93.4%, 100ms/96.6%
[2026-06-17T10:22:56.576+0800][38.195s][info][gc,marking  ] GC(369) Mark: 2 stripe(s), 1 proactive flush(es), 1 terminate flush(es), 0 completion(s), 0 continuation(s) 
[2026-06-17T10:22:56.577+0800][38.195s][info][gc,reloc    ] GC(369) Relocation: Successful, 24M relocated
[2026-06-17T10:22:56.577+0800][38.196s][info][gc,nmethod  ] GC(369) NMethods: 25 registered, 0 unregistered
[2026-06-17T10:22:56.577+0800][38.196s][info][gc,metaspace] GC(369) Metaspace: 3M used, 4M capacity, 4M committed, 8M reserved
[2026-06-17T10:22:56.577+0800][38.196s][info][gc,ref      ] GC(369) Soft: 43 encountered, 0 discovered, 0 enqueued
[2026-06-17T10:22:56.577+0800][38.196s][info][gc,ref      ] GC(369) Weak: 7 encountered, 2 discovered, 0 enqueued
[2026-06-17T10:22:56.577+0800][38.196s][info][gc,ref      ] GC(369) Final: 0 encountered, 0 discovered, 0 enqueued
[2026-06-17T10:22:56.578+0800][38.196s][info][gc,ref      ] GC(369) Phantom: 1 encountered, 1 discovered, 0 enqueued
[2026-06-17T10:22:56.578+0800][38.196s][info][gc,heap     ] GC(369)                Mark Start          Mark End        Relocate Start      Relocate End           High               Low         
[2026-06-17T10:22:56.578+0800][38.197s][info][gc,heap     ] GC(369)  Capacity:      256M (100%)        256M (100%)        256M (100%)        256M (100%)        256M (100%)        256M (100%)   
[2026-06-17T10:22:56.578+0800][38.197s][info][gc,heap     ] GC(369)   Reserve:       62M (24%)          62M (24%)          62M (24%)          62M (24%)          62M (24%)          62M (24%)    
[2026-06-17T10:22:56.578+0800][38.197s][info][gc,heap     ] GC(369)      Free:       78M (30%)          78M (30%)         104M (41%)         150M (59%)         150M (59%)          70M (27%)    
[2026-06-17T10:22:56.578+0800][38.197s][info][gc,heap     ] GC(369)      Used:      116M (45%)         116M (45%)          90M (35%)          44M (17%)         124M (48%)          44M (17%)    
[2026-06-17T10:22:56.578+0800][38.197s][info][gc,heap     ] GC(369)      Live:         -                26M (10%)          26M (10%)          26M (10%)            -                  -          
[2026-06-17T10:22:56.578+0800][38.197s][info][gc,heap     ] GC(369) Allocated:         -                 0M (0%)            4M (2%)           42M (16%)            -                  -          
[2026-06-17T10:22:56.579+0800][38.197s][info][gc,heap     ] GC(369)   Garbage:         -                89M (35%)          59M (23%)          13M (5%)             -                  -          
[2026-06-17T10:22:56.580+0800][38.198s][info][gc,heap     ] GC(369) Reclaimed:         -                  -                30M (12%)          76M (30%)            -                  -          
[2026-06-17T10:22:56.580+0800][38.199s][info][gc          ] GC(369) Garbage Collection (Allocation Rate) 116M(45%)->44M(17%)
[2026-06-17T10:22:56.663+0800][38.282s][info][gc,start    ] GC(370) Garbage Collection (Allocation Rate)
[2026-06-17T10:22:56.666+0800][38.284s][info][gc,phases   ] GC(370) Pause Mark Start 0.503ms
[2026-06-17T10:22:56.669+0800][38.287s][info][gc,phases   ] GC(370) Concurrent Mark 2.253ms
[2026-06-17T10:22:56.671+0800][38.290s][info][gc,phases   ] GC(370) Pause Mark End 1.273ms
[2026-06-17T10:22:56.672+0800][38.291s][info][gc,phases   ] GC(370) Concurrent Process Non-Strong References 0.165ms
[2026-06-17T10:22:56.672+0800][38.291s][info][gc,phases   ] GC(370) Concurrent Reset Relocation Set 0.003ms
[2026-06-17T10:22:56.673+0800][38.291s][info][gc,phases   ] GC(370) Concurrent Destroy Detached Pages 0.002ms
[2026-06-17T10:22:56.674+0800][38.293s][info][gc,phases   ] GC(370) Concurrent Select Relocation Set 1.087ms
[2026-06-17T10:22:56.675+0800][38.293s][info][gc,phases   ] GC(370) Concurrent Prepare Relocation Set 0.012ms
[2026-06-17T10:22:56.676+0800][38.294s][info][gc,phases   ] GC(370) Pause Relocate Start 0.300ms
[2026-06-17T10:22:56.677+0800][38.296s][info][gc,phases   ] GC(370) Concurrent Relocate 0.878ms
[2026-06-17T10:22:56.677+0800][38.296s][info][gc,load     ] GC(370) Load: 0.15/0.19/0.27
[2026-06-17T10:22:56.677+0800][38.296s][info][gc,mmu      ] GC(370) MMU: 2ms/0.0%, 5ms/43.3%, 10ms/66.9%, 20ms/83.5%, 50ms/93.4%, 100ms/96.6%
[2026-06-17T10:22:56.678+0800][38.296s][info][gc,marking  ] GC(370) Mark: 2 stripe(s), 2 proactive flush(es), 1 terminate flush(es), 0 completion(s), 0 continuation(s) 
[2026-06-17T10:22:56.678+0800][38.297s][info][gc,reloc    ] GC(370) Relocation: Successful, 23M relocated
[2026-06-17T10:22:56.678+0800][38.297s][info][gc,nmethod  ] GC(370) NMethods: 25 registered, 0 unregistered
[2026-06-17T10:22:56.678+0800][38.297s][info][gc,metaspace] GC(370) Metaspace: 3M used, 4M capacity, 4M committed, 8M reserved
[2026-06-17T10:22:56.678+0800][38.297s][info][gc,ref      ] GC(370) Soft: 43 encountered, 0 discovered, 0 enqueued
[2026-06-17T10:22:56.679+0800][38.297s][info][gc,ref      ] GC(370) Weak: 7 encountered, 2 discovered, 0 enqueued
[2026-06-17T10:22:56.679+0800][38.298s][info][gc,ref      ] GC(370) Final: 0 encountered, 0 discovered, 0 enqueued
[2026-06-17T10:22:56.679+0800][38.298s][info][gc,ref      ] GC(370) Phantom: 1 encountered, 1 discovered, 0 enqueued
[2026-06-17T10:22:56.679+0800][38.298s][info][gc,heap     ] GC(370)                Mark Start          Mark End        Relocate Start      Relocate End           High               Low         
[2026-06-17T10:22:56.679+0800][38.298s][info][gc,heap     ] GC(370)  Capacity:      256M (100%)        256M (100%)        256M (100%)        256M (100%)        256M (100%)        256M (100%)   
[2026-06-17T10:22:56.679+0800][38.298s][info][gc,heap     ] GC(370)   Reserve:       62M (24%)          62M (24%)          62M (24%)          62M (24%)          62M (24%)          62M (24%)    
[2026-06-17T10:22:56.680+0800][38.298s][info][gc,heap     ] GC(370)      Free:      118M (46%)         114M (45%)         144M (56%)         148M (58%)         148M (58%)         114M (45%)    
[2026-06-17T10:22:56.680+0800][38.298s][info][gc,heap     ] GC(370)      Used:       76M (30%)          80M (31%)          50M (20%)          46M (18%)          80M (31%)          46M (18%)    
[2026-06-17T10:22:56.680+0800][38.299s][info][gc,heap     ] GC(370)      Live:         -                23M (9%)           23M (9%)           23M (9%)             -                  -          
[2026-06-17T10:22:56.680+0800][38.299s][info][gc,heap     ] GC(370) Allocated:         -                 4M (2%)            4M (2%)           10M (4%)             -                  -          
[2026-06-17T10:22:56.680+0800][38.299s][info][gc,heap     ] GC(370)   Garbage:         -                52M (21%)          22M (9%)           18M (7%)             -                  -          
[2026-06-17T10:22:56.680+0800][38.299s][info][gc,heap     ] GC(370) Reclaimed:         -                  -                30M (12%)          34M (13%)            -                  -          
[2026-06-17T10:22:56.680+0800][38.299s][info][gc          ] GC(370) Garbage Collection (Allocation Rate) 76M(30%)->46M(18%)
[2026-06-17T10:22:56.763+0800][38.382s][info][gc,start    ] GC(371) Garbage Collection (Allocation Rate)
[2026-06-17T10:22:56.765+0800][38.383s][info][gc,phases   ] GC(371) Pause Mark Start 0.499ms
[2026-06-17T10:22:56.767+0800][38.386s][info][gc,phases   ] GC(371) Concurrent Mark 1.982ms
[2026-06-17T10:22:56.769+0800][38.388s][info][gc,phases   ] GC(371) Pause Mark End 0.760ms
[2026-06-17T10:22:56.770+0800][38.389s][info][gc,phases   ] GC(371) Concurrent Process Non-Strong References 0.239ms
[2026-06-17T10:22:56.771+0800][38.389s][info][gc,phases   ] GC(371) Concurrent Reset Relocation Set 0.003ms
[2026-06-17T10:22:56.771+0800][38.390s][info][gc,phases   ] GC(371) Concurrent Destroy Detached Pages 0.003ms
[2026-06-17T10:22:56.773+0800][38.392s][info][gc,phases   ] GC(371) Concurrent Select Relocation Set 1.349ms
[2026-06-17T10:22:56.774+0800][38.393s][info][gc,phases   ] GC(371) Concurrent Prepare Relocation Set 0.011ms
[2026-06-17T10:22:56.775+0800][38.394s][info][gc,phases   ] GC(371) Pause Relocate Start 0.257ms
[2026-06-17T10:22:56.778+0800][38.396s][info][gc,phases   ] GC(371) Concurrent Relocate 2.348ms
[2026-06-17T10:22:56.778+0800][38.397s][info][gc,load     ] GC(371) Load: 0.15/0.19/0.27
[2026-06-17T10:22:56.778+0800][38.397s][info][gc,mmu      ] GC(371) MMU: 2ms/0.0%, 5ms/43.3%, 10ms/66.9%, 20ms/83.5%, 50ms/93.4%, 100ms/96.6%
[2026-06-17T10:22:56.779+0800][38.397s][info][gc,marking  ] GC(371) Mark: 2 stripe(s), 1 proactive flush(es), 1 terminate flush(es), 0 completion(s), 0 continuation(s) 
[2026-06-17T10:22:56.779+0800][38.398s][info][gc,reloc    ] GC(371) Relocation: Successful, 27M relocated
[2026-06-17T10:22:56.779+0800][38.398s][info][gc,nmethod  ] GC(371) NMethods: 25 registered, 0 unregistered
[2026-06-17T10:22:56.779+0800][38.398s][info][gc,metaspace] GC(371) Metaspace: 3M used, 4M capacity, 4M committed, 8M reserved
[2026-06-17T10:22:56.780+0800][38.399s][info][gc,ref      ] GC(371) Soft: 43 encountered, 0 discovered, 0 enqueued
[2026-06-17T10:22:56.780+0800][38.399s][info][gc,ref      ] GC(371) Weak: 7 encountered, 2 discovered, 0 enqueued
[2026-06-17T10:22:56.780+0800][38.399s][info][gc,ref      ] GC(371) Final: 0 encountered, 0 discovered, 0 enqueued
[2026-06-17T10:22:56.781+0800][38.399s][info][gc,ref      ] GC(371) Phantom: 1 encountered, 1 discovered, 0 enqueued
[2026-06-17T10:22:56.781+0800][38.399s][info][gc,heap     ] GC(371)                Mark Start          Mark End        Relocate Start      Relocate End           High               Low         
[2026-06-17T10:22:56.781+0800][38.400s][info][gc,heap     ] GC(371)  Capacity:      256M (100%)        256M (100%)        256M (100%)        256M (100%)        256M (100%)        256M (100%)   
[2026-06-17T10:22:56.781+0800][38.400s][info][gc,heap     ] GC(371)   Reserve:       62M (24%)          62M (24%)          62M (24%)          62M (24%)          62M (24%)          62M (24%)    
[2026-06-17T10:22:56.781+0800][38.400s][info][gc,heap     ] GC(371)      Free:       80M (31%)          80M (31%)          74M (29%)         146M (57%)         146M (57%)          72M (28%)    
[2026-06-17T10:22:56.781+0800][38.400s][info][gc,heap     ] GC(371)      Used:      114M (45%)         114M (45%)         120M (47%)          48M (19%)         122M (48%)          48M (19%)    
[2026-06-17T10:22:56.781+0800][38.400s][info][gc,heap     ] GC(371)      Live:         -                29M (11%)          29M (11%)          29M (11%)            -                  -          
[2026-06-17T10:22:56.782+0800][38.400s][info][gc,heap     ] GC(371) Allocated:         -                 0M (0%)           38M (15%)          44M (17%)            -                  -          
[2026-06-17T10:22:56.782+0800][38.400s][info][gc,heap     ] GC(371)   Garbage:         -                84M (33%)          52M (21%)    17592186044396M (6         -                  -          
[2026-06-17T10:22:56.782+0800][38.401s][info][gc,heap     ] GC(371) Reclaimed:         -                  -                32M (12%)         104M (41%)            -                  -          
[2026-06-17T10:22:56.782+0800][38.401s][info][gc          ] GC(371) Garbage Collection (Allocation Rate) 114M(45%)->48M(19%)
[2026-06-17T10:22:56.863+0800][38.482s][info][gc,start    ] GC(372) Garbage Collection (Allocation Rate)
[2026-06-17T10:22:56.864+0800][38.483s][info][gc,phases   ] GC(372) Pause Mark Start 0.279ms
[2026-06-17T10:22:56.867+0800][38.486s][info][gc,phases   ] GC(372) Concurrent Mark 1.536ms
[2026-06-17T10:22:56.868+0800][38.487s][info][gc,phases   ] GC(372) Pause Mark End 0.317ms
[2026-06-17T10:22:56.868+0800][38.487s][info][gc,phases   ] GC(372) Concurrent Process Non-Strong References 0.100ms
[2026-06-17T10:22:56.868+0800][38.487s][info][gc,phases   ] GC(372) Concurrent Reset Relocation Set 0.002ms
[2026-06-17T10:22:56.869+0800][38.487s][info][gc,phases   ] GC(372) Concurrent Destroy Detached Pages 0.001ms
[2026-06-17T10:22:56.869+0800][38.488s][info][gc,phases   ] GC(372) Concurrent Select Relocation Set 0.462ms
[2026-06-17T10:22:56.870+0800][38.488s][info][gc,phases   ] GC(372) Concurrent Prepare Relocation Set 0.005ms
[2026-06-17T10:22:56.871+0800][38.489s][info][gc,phases   ] GC(372) Pause Relocate Start 0.313ms
[2026-06-17T10:22:56.871+0800][38.490s][info][gc,phases   ] GC(372) Concurrent Relocate 0.310ms
[2026-06-17T10:22:56.872+0800][38.490s][info][gc,load     ] GC(372) Load: 0.15/0.19/0.27
[2026-06-17T10:22:56.872+0800][38.491s][info][gc,mmu      ] GC(372) MMU: 2ms/0.0%, 5ms/43.3%, 10ms/66.9%, 20ms/83.5%, 50ms/93.4%, 100ms/96.6%
[2026-06-17T10:22:56.872+0800][38.491s][info][gc,marking  ] GC(372) Mark: 2 stripe(s), 1 proactive flush(es), 1 terminate flush(es), 0 completion(s), 0 continuation(s) 
[2026-06-17T10:22:56.873+0800][38.491s][info][gc,reloc    ] GC(372) Relocation: Successful, 18M relocated
[2026-06-17T10:22:56.873+0800][38.492s][info][gc,nmethod  ] GC(372) NMethods: 25 registered, 0 unregistered
[2026-06-17T10:22:56.873+0800][38.492s][info][gc,metaspace] GC(372) Metaspace: 3M used, 4M capacity, 4M committed, 8M reserved
[2026-06-17T10:22:56.873+0800][38.492s][info][gc,ref      ] GC(372) Soft: 43 encountered, 0 discovered, 0 enqueued
[2026-06-17T10:22:56.874+0800][38.492s][info][gc,ref      ] GC(372) Weak: 7 encountered, 0 discovered, 0 enqueued
[2026-06-17T10:22:56.874+0800][38.492s][info][gc,ref      ] GC(372) Final: 0 encountered, 0 discovered, 0 enqueued
[2026-06-17T10:22:56.874+0800][38.493s][info][gc,ref      ] GC(372) Phantom: 1 encountered, 0 discovered, 0 enqueued
[2026-06-17T10:22:56.874+0800][38.493s][info][gc,heap     ] GC(372)                Mark Start          Mark End        Relocate Start      Relocate End           High               Low         
[2026-06-17T10:22:56.875+0800][38.493s][info][gc,heap     ] GC(372)  Capacity:      256M (100%)        256M (100%)        256M (100%)        256M (100%)        256M (100%)        256M (100%)   
[2026-06-17T10:22:56.875+0800][38.494s][info][gc,heap     ] GC(372)   Reserve:       62M (24%)          62M (24%)          62M (24%)          62M (24%)          62M (24%)          62M (24%)    
[2026-06-17T10:22:56.875+0800][38.494s][info][gc,heap     ] GC(372)      Free:      116M (45%)         116M (45%)         108M (42%)         114M (45%)         146M (57%)         104M (41%)    
[2026-06-17T10:22:56.875+0800][38.494s][info][gc,heap     ] GC(372)      Used:       78M (30%)          78M (30%)          86M (34%)          80M (31%)          90M (35%)          48M (19%)    
[2026-06-17T10:22:56.875+0800][38.494s][info][gc,heap     ] GC(372)      Live:         -                21M (8%)           21M (8%)           21M (8%)             -                  -          
[2026-06-17T10:22:56.876+0800][38.495s][info][gc,heap     ] GC(372) Allocated:         -                 0M (0%)           38M (15%)          44M (17%)            -                  -          
[2026-06-17T10:22:56.876+0800][38.495s][info][gc,heap     ] GC(372)   Garbage:         -                56M (22%)          26M (10%)          20M (8%)             -                  -          
[2026-06-17T10:22:56.876+0800][38.495s][info][gc,heap     ] GC(372) Reclaimed:         -                  -                30M (12%)          36M (14%)            -                  -          
[2026-06-17T10:22:56.877+0800][38.495s][info][gc          ] GC(372) Garbage Collection (Allocation Rate) 78M(30%)->80M(31%)
[2026-06-17T10:22:56.963+0800][38.582s][info][gc,start    ] GC(373) Garbage Collection (Allocation Rate)
[2026-06-17T10:22:56.964+0800][38.583s][info][gc,phases   ] GC(373) Pause Mark Start 0.192ms
[2026-06-17T10:22:56.966+0800][38.585s][info][gc,phases   ] GC(373) Concurrent Mark 1.535ms
[2026-06-17T10:22:56.967+0800][38.585s][info][gc,phases   ] GC(373) Pause Mark End 0.323ms
[2026-06-17T10:22:56.967+0800][38.586s][info][gc,phases   ] GC(373) Concurrent Process Non-Strong References 0.097ms
[2026-06-17T10:22:56.967+0800][38.586s][info][gc,phases   ] GC(373) Concurrent Reset Relocation Set 0.002ms
[2026-06-17T10:22:56.968+0800][38.586s][info][gc,phases   ] GC(373) Concurrent Destroy Detached Pages 0.001ms
[2026-06-17T10:22:56.968+0800][38.587s][info][gc,phases   ] GC(373) Concurrent Select Relocation Set 0.539ms
[2026-06-17T10:22:56.968+0800][38.587s][info][gc,phases   ] GC(373) Concurrent Prepare Relocation Set 0.014ms
[2026-06-17T10:22:56.969+0800][38.588s][info][gc,phases   ] GC(373) Pause Relocate Start 0.138ms
[2026-06-17T10:22:56.970+0800][38.589s][info][gc,phases   ] GC(373) Concurrent Relocate 1.329ms
[2026-06-17T10:22:56.971+0800][38.589s][info][gc,load     ] GC(373) Load: 0.15/0.19/0.27
[2026-06-17T10:22:56.971+0800][38.590s][info][gc,mmu      ] GC(373) MMU: 2ms/0.0%, 5ms/43.3%, 10ms/66.9%, 20ms/83.5%, 50ms/93.4%, 100ms/96.6%
[2026-06-17T10:22:56.971+0800][38.590s][info][gc,marking  ] GC(373) Mark: 2 stripe(s), 1 proactive flush(es), 1 terminate flush(es), 0 completion(s), 0 continuation(s) 
[2026-06-17T10:22:56.971+0800][38.590s][info][gc,reloc    ] GC(373) Relocation: Successful, 19M relocated
[2026-06-17T10:22:56.971+0800][38.590s][info][gc,nmethod  ] GC(373) NMethods: 25 registered, 0 unregistered
[2026-06-17T10:22:56.971+0800][38.590s][info][gc,metaspace] GC(373) Metaspace: 3M used, 4M capacity, 4M committed, 8M reserved
[2026-06-17T10:22:56.971+0800][38.590s][info][gc,ref      ] GC(373) Soft: 43 encountered, 0 discovered, 0 enqueued
[2026-06-17T10:22:56.972+0800][38.590s][info][gc,ref      ] GC(373) Weak: 7 encountered, 2 discovered, 0 enqueued
[2026-06-17T10:22:56.972+0800][38.590s][info][gc,ref      ] GC(373) Final: 0 encountered, 0 discovered, 0 enqueued
[2026-06-17T10:22:56.972+0800][38.591s][info][gc,ref      ] GC(373) Phantom: 1 encountered, 1 discovered, 0 enqueued
[2026-06-17T10:22:56.972+0800][38.591s][info][gc,heap     ] GC(373)                Mark Start          Mark End        Relocate Start      Relocate End           High               Low         
[2026-06-17T10:22:56.972+0800][38.591s][info][gc,heap     ] GC(373)  Capacity:      256M (100%)        256M (100%)        256M (100%)        256M (100%)        256M (100%)        256M (100%)   
[2026-06-17T10:22:56.972+0800][38.591s][info][gc,heap     ] GC(373)   Reserve:       62M (24%)          62M (24%)          62M (24%)          62M (24%)          62M (24%)          62M (24%)    
[2026-06-17T10:22:56.972+0800][38.591s][info][gc,heap     ] GC(373)      Free:       80M (31%)          80M (31%)         112M (44%)         152M (59%)         152M (59%)          74M (29%)    
[2026-06-17T10:22:56.972+0800][38.591s][info][gc,heap     ] GC(373)      Used:      114M (45%)         114M (45%)          82M (32%)          42M (16%)         120M (47%)          42M (16%)    
[2026-06-17T10:22:56.972+0800][38.591s][info][gc,heap     ] GC(373)      Live:         -                19M (8%)           19M (8%)           19M (8%)             -                  -          
[2026-06-17T10:22:56.973+0800][38.591s][info][gc,heap     ] GC(373) Allocated:         -                 0M (0%)            0M (0%)           40M (16%)            -                  -          
[2026-06-17T10:22:56.973+0800][38.591s][info][gc,heap     ] GC(373)   Garbage:         -                94M (37%)          62M (24%)          22M (9%)             -                  -          
[2026-06-17T10:22:56.973+0800][38.591s][info][gc,heap     ] GC(373) Reclaimed:         -                  -                32M (12%)          72M (28%)            -                  -          
[2026-06-17T10:22:56.973+0800][38.592s][info][gc          ] GC(373) Garbage Collection (Allocation Rate) 114M(45%)->42M(16%)
[2026-06-17T10:22:57.063+0800][38.682s][info][gc,start    ] GC(374) Garbage Collection (Allocation Rate)
[2026-06-17T10:22:57.065+0800][38.684s][info][gc,phases   ] GC(374) Pause Mark Start 0.407ms
[2026-06-17T10:22:57.068+0800][38.687s][info][gc,phases   ] GC(374) Concurrent Mark 2.106ms
[2026-06-17T10:22:57.069+0800][38.688s][info][gc,phases   ] GC(374) Pause Mark End 0.453ms
[2026-06-17T10:22:57.070+0800][38.689s][info][gc,phases   ] GC(374) Concurrent Process Non-Strong References 0.154ms
[2026-06-17T10:22:57.070+0800][38.689s][info][gc,phases   ] GC(374) Concurrent Reset Relocation Set 0.004ms
[2026-06-17T10:22:57.071+0800][38.690s][info][gc,phases   ] GC(374) Concurrent Destroy Detached Pages 0.001ms
[2026-06-17T10:22:57.072+0800][38.691s][info][gc,phases   ] GC(374) Concurrent Select Relocation Set 0.759ms
[2026-06-17T10:22:57.073+0800][38.691s][info][gc,phases   ] GC(374) Concurrent Prepare Relocation Set 0.002ms
[2026-06-17T10:22:57.073+0800][38.692s][info][gc,phases   ] GC(374) Pause Relocate Start 0.150ms
[2026-06-17T10:22:57.074+0800][38.693s][info][gc,phases   ] GC(374) Concurrent Relocate 0.221ms
[2026-06-17T10:22:57.074+0800][38.693s][info][gc,load     ] GC(374) Load: 0.15/0.19/0.27
[2026-06-17T10:22:57.074+0800][38.693s][info][gc,mmu      ] GC(374) MMU: 2ms/0.0%, 5ms/43.3%, 10ms/66.9%, 20ms/83.5%, 50ms/93.4%, 100ms/96.6%
[2026-06-17T10:22:57.074+0800][38.693s][info][gc,marking  ] GC(374) Mark: 2 stripe(s), 1 proactive flush(es), 1 terminate flush(es), 0 completion(s), 0 continuation(s) 
[2026-06-17T10:22:57.075+0800][38.693s][info][gc,reloc    ] GC(374) Relocation: Successful, 22M relocated
[2026-06-17T10:22:57.075+0800][38.693s][info][gc,nmethod  ] GC(374) NMethods: 25 registered, 0 unregistered
[2026-06-17T10:22:57.075+0800][38.694s][info][gc,metaspace] GC(374) Metaspace: 3M used, 4M capacity, 4M committed, 8M reserved
[2026-06-17T10:22:57.075+0800][38.694s][info][gc,ref      ] GC(374) Soft: 43 encountered, 0 discovered, 0 enqueued
[2026-06-17T10:22:57.075+0800][38.694s][info][gc,ref      ] GC(374) Weak: 7 encountered, 2 discovered, 0 enqueued
[2026-06-17T10:22:57.075+0800][38.694s][info][gc,ref      ] GC(374) Final: 0 encountered, 0 discovered, 0 enqueued
[2026-06-17T10:22:57.075+0800][38.694s][info][gc,ref      ] GC(374) Phantom: 1 encountered, 1 discovered, 0 enqueued
[2026-06-17T10:22:57.075+0800][38.694s][info][gc,heap     ] GC(374)                Mark Start          Mark End        Relocate Start      Relocate End           High               Low         
[2026-06-17T10:22:57.076+0800][38.694s][info][gc,heap     ] GC(374)  Capacity:      256M (100%)        256M (100%)        256M (100%)        256M (100%)        256M (100%)        256M (100%)   
[2026-06-17T10:22:57.076+0800][38.694s][info][gc,heap     ] GC(374)   Reserve:       62M (24%)          62M (24%)          62M (24%)          62M (24%)          62M (24%)          62M (24%)    
[2026-06-17T10:22:57.076+0800][38.694s][info][gc,heap     ] GC(374)      Free:      116M (45%)         112M (44%)         138M (54%)         146M (57%)         146M (57%)         112M (44%)    
[2026-06-17T10:22:57.076+0800][38.695s][info][gc,heap     ] GC(374)      Used:       78M (30%)          82M (32%)          56M (22%)          48M (19%)          82M (32%)          48M (19%)    
[2026-06-17T10:22:57.076+0800][38.695s][info][gc,heap     ] GC(374)      Live:         -                26M (10%)          26M (10%)          26M (10%)            -                  -          
[2026-06-17T10:22:57.076+0800][38.695s][info][gc,heap     ] GC(374) Allocated:         -                 4M (2%)            4M (2%)           10M (4%)             -                  -          
[2026-06-17T10:22:57.076+0800][38.695s][info][gc,heap     ] GC(374)   Garbage:         -                51M (20%)          25M (10%)          17M (7%)             -                  -          
[2026-06-17T10:22:57.076+0800][38.695s][info][gc,heap     ] GC(374) Reclaimed:         -                  -                26M (10%)          34M (13%)            -                  -          
[2026-06-17T10:22:57.076+0800][38.695s][info][gc          ] GC(374) Garbage Collection (Allocation Rate) 78M(30%)->48M(19%)
[2026-06-17T10:22:57.163+0800][38.782s][info][gc,start    ] GC(375) Garbage Collection (Allocation Rate)
[2026-06-17T10:22:57.166+0800][38.784s][info][gc,phases   ] GC(375) Pause Mark Start 0.407ms
[2026-06-17T10:22:57.170+0800][38.789s][info][gc,phases   ] GC(375) Concurrent Mark 1.802ms
[2026-06-17T10:22:57.173+0800][38.792s][info][gc,phases   ] GC(375) Pause Mark End 0.789ms
[2026-06-17T10:22:57.174+0800][38.793s][info][gc,phases   ] GC(375) Concurrent Process Non-Strong References 0.169ms
[2026-06-17T10:22:57.177+0800][38.795s][info][gc,phases   ] GC(375) Concurrent Reset Relocation Set 0.002ms
[2026-06-17T10:22:57.178+0800][38.797s][info][gc,phases   ] GC(375) Concurrent Destroy Detached Pages 0.001ms
[2026-06-17T10:22:57.184+0800][38.803s][info][gc,phases   ] GC(375) Concurrent Select Relocation Set 1.517ms
[2026-06-17T10:22:57.185+0800][38.804s][info][gc,phases   ] GC(375) Concurrent Prepare Relocation Set 0.018ms
[2026-06-17T10:22:57.187+0800][38.806s][info][gc,phases   ] GC(375) Pause Relocate Start 0.331ms
[2026-06-17T10:22:57.190+0800][38.808s][info][gc,phases   ] GC(375) Concurrent Relocate 2.270ms
[2026-06-17T10:22:57.190+0800][38.809s][info][gc,load     ] GC(375) Load: 0.15/0.19/0.27
[2026-06-17T10:22:57.190+0800][38.809s][info][gc,mmu      ] GC(375) MMU: 2ms/0.0%, 5ms/43.3%, 10ms/66.9%, 20ms/83.5%, 50ms/93.4%, 100ms/96.6%
[2026-06-17T10:22:57.191+0800][38.809s][info][gc,marking  ] GC(375) Mark: 2 stripe(s), 1 proactive flush(es), 1 terminate flush(es), 0 completion(s), 0 continuation(s) 
[2026-06-17T10:22:57.191+0800][38.810s][info][gc,reloc    ] GC(375) Relocation: Successful, 25M relocated
[2026-06-17T10:22:57.191+0800][38.810s][info][gc,nmethod  ] GC(375) NMethods: 25 registered, 0 unregistered
[2026-06-17T10:22:57.192+0800][38.811s][info][gc,metaspace] GC(375) Metaspace: 3M used, 4M capacity, 4M committed, 8M reserved
[2026-06-17T10:22:57.192+0800][38.811s][info][gc,ref      ] GC(375) Soft: 43 encountered, 0 discovered, 0 enqueued
[2026-06-17T10:22:57.192+0800][38.811s][info][gc,ref      ] GC(375) Weak: 7 encountered, 2 discovered, 0 enqueued
[2026-06-17T10:22:57.193+0800][38.811s][info][gc,ref      ] GC(375) Final: 0 encountered, 0 discovered, 0 enqueued
[2026-06-17T10:22:57.193+0800][38.812s][info][gc,ref      ] GC(375) Phantom: 1 encountered, 1 discovered, 0 enqueued
[2026-06-17T10:22:57.193+0800][38.812s][info][gc,heap     ] GC(375)                Mark Start          Mark End        Relocate Start      Relocate End           High               Low         
[2026-06-17T10:22:57.193+0800][38.812s][info][gc,heap     ] GC(375)  Capacity:      256M (100%)        256M (100%)        256M (100%)        256M (100%)        256M (100%)        256M (100%)   
[2026-06-17T10:22:57.193+0800][38.812s][info][gc,heap     ] GC(375)   Reserve:       62M (24%)          62M (24%)          62M (24%)          62M (24%)          62M (24%)          62M (24%)    
[2026-06-17T10:22:57.194+0800][38.812s][info][gc,heap     ] GC(375)      Free:       80M (31%)          80M (31%)          72M (28%)         142M (55%)         142M (55%)          66M (26%)    
[2026-06-17T10:22:57.194+0800][38.813s][info][gc,heap     ] GC(375)      Used:      114M (45%)         114M (45%)         122M (48%)          52M (20%)         128M (50%)          52M (20%)    
[2026-06-17T10:22:57.194+0800][38.813s][info][gc,heap     ] GC(375)      Live:         -                25M (10%)          25M (10%)          25M (10%)            -                  -          
[2026-06-17T10:22:57.194+0800][38.813s][info][gc,heap     ] GC(375) Allocated:         -                 0M (0%)           42M (16%)          52M (20%)            -                  -          
[2026-06-17T10:22:57.194+0800][38.813s][info][gc,heap     ] GC(375)   Garbage:         -                88M (35%)          54M (21%)    17592186044400M (6         -                  -          
[2026-06-17T10:22:57.194+0800][38.813s][info][gc,heap     ] GC(375) Reclaimed:         -                  -                34M (13%)         104M (41%)            -                  -          
[2026-06-17T10:22:57.194+0800][38.813s][info][gc          ] GC(375) Garbage Collection (Allocation Rate) 114M(45%)->52M(20%)
[2026-06-17T10:22:57.263+0800][38.882s][info][gc,start    ] GC(376) Garbage Collection (Allocation Rate)
[2026-06-17T10:22:57.265+0800][38.883s][info][gc,phases   ] GC(376) Pause Mark Start 0.362ms
[2026-06-17T10:22:57.267+0800][38.885s][info][gc,phases   ] GC(376) Concurrent Mark 1.702ms
[2026-06-17T10:22:57.268+0800][38.887s][info][gc,phases   ] GC(376) Pause Mark End 0.291ms
[2026-06-17T10:22:57.268+0800][38.887s][info][gc,phases   ] GC(376) Concurrent Process Non-Strong References 0.154ms
[2026-06-17T10:22:57.269+0800][38.887s][info][gc,phases   ] GC(376) Concurrent Reset Relocation Set 0.011ms
[2026-06-17T10:22:57.269+0800][38.888s][info][gc,phases   ] GC(376) Concurrent Destroy Detached Pages 0.000ms
[2026-06-17T10:22:57.269+0800][38.888s][info][gc,phases   ] GC(376) Concurrent Select Relocation Set 0.453ms
[2026-06-17T10:22:57.270+0800][38.889s][info][gc,phases   ] GC(376) Concurrent Prepare Relocation Set 0.005ms
[2026-06-17T10:22:57.270+0800][38.889s][info][gc,phases   ] GC(376) Pause Relocate Start 0.123ms
[2026-06-17T10:22:57.271+0800][38.890s][info][gc,phases   ] GC(376) Concurrent Relocate 0.262ms
[2026-06-17T10:22:57.271+0800][38.890s][info][gc,load     ] GC(376) Load: 0.15/0.19/0.27
[2026-06-17T10:22:57.272+0800][38.890s][info][gc,mmu      ] GC(376) MMU: 2ms/0.0%, 5ms/43.3%, 10ms/66.9%, 20ms/83.5%, 50ms/93.4%, 100ms/96.6%
[2026-06-17T10:22:57.272+0800][38.891s][info][gc,marking  ] GC(376) Mark: 2 stripe(s), 1 proactive flush(es), 1 terminate flush(es), 0 completion(s), 0 continuation(s) 
[2026-06-17T10:22:57.272+0800][38.891s][info][gc,reloc    ] GC(376) Relocation: Successful, 27M relocated
[2026-06-17T10:22:57.272+0800][38.891s][info][gc,nmethod  ] GC(376) NMethods: 25 registered, 0 unregistered
[2026-06-17T10:22:57.272+0800][38.891s][info][gc,metaspace] GC(376) Metaspace: 3M used, 4M capacity, 4M committed, 8M reserved
[2026-06-17T10:22:57.272+0800][38.891s][info][gc,ref      ] GC(376) Soft: 43 encountered, 0 discovered, 0 enqueued
[2026-06-17T10:22:57.272+0800][38.891s][info][gc,ref      ] GC(376) Weak: 7 encountered, 0 discovered, 0 enqueued
[2026-06-17T10:22:57.272+0800][38.891s][info][gc,ref      ] GC(376) Final: 0 encountered, 0 discovered, 0 enqueued
[2026-06-17T10:22:57.273+0800][38.891s][info][gc,ref      ] GC(376) Phantom: 1 encountered, 1 discovered, 0 enqueued
[2026-06-17T10:22:57.273+0800][38.891s][info][gc,heap     ] GC(376)                Mark Start          Mark End        Relocate Start      Relocate End           High               Low         
[2026-06-17T10:22:57.273+0800][38.892s][info][gc,heap     ] GC(376)  Capacity:      256M (100%)        256M (100%)        256M (100%)        256M (100%)        256M (100%)        256M (100%)   
[2026-06-17T10:22:57.273+0800][38.892s][info][gc,heap     ] GC(376)   Reserve:       62M (24%)          62M (24%)          62M (24%)          62M (24%)          62M (24%)          62M (24%)    
[2026-06-17T10:22:57.273+0800][38.892s][info][gc,heap     ] GC(376)      Free:      116M (45%)         116M (45%)         138M (54%)         146M (57%)         146M (57%)         112M (44%)    
[2026-06-17T10:22:57.273+0800][38.892s][info][gc,heap     ] GC(376)      Used:       78M (30%)          78M (30%)          56M (22%)          48M (19%)          82M (32%)          48M (19%)    
[2026-06-17T10:22:57.273+0800][38.892s][info][gc,heap     ] GC(376)      Live:         -                31M (12%)          31M (12%)          31M (12%)            -                  -          
[2026-06-17T10:22:57.273+0800][38.892s][info][gc,heap     ] GC(376) Allocated:         -                 0M (0%)            4M (2%)           10M (4%)             -                  -          
[2026-06-17T10:22:57.273+0800][38.892s][info][gc,heap     ] GC(376)   Garbage:         -                46M (18%)          20M (8%)           12M (5%)             -                  -          
[2026-06-17T10:22:57.274+0800][38.892s][info][gc,heap     ] GC(376) Reclaimed:         -                  -                26M (10%)          34M (13%)            -                  -          
[2026-06-17T10:22:57.274+0800][38.892s][info][gc          ] GC(376) Garbage Collection (Allocation Rate) 78M(30%)->48M(19%)
[2026-06-17T10:22:57.363+0800][38.982s][info][gc,start    ] GC(377) Garbage Collection (Allocation Rate)
[2026-06-17T10:22:57.364+0800][38.983s][info][gc,phases   ] GC(377) Pause Mark Start 0.207ms
[2026-06-17T10:22:57.366+0800][38.985s][info][gc,phases   ] GC(377) Concurrent Mark 1.583ms
[2026-06-17T10:22:57.367+0800][38.986s][info][gc,phases   ] GC(377) Pause Mark End 0.321ms
[2026-06-17T10:22:57.368+0800][38.986s][info][gc,phases   ] GC(377) Concurrent Process Non-Strong References 0.089ms
[2026-06-17T10:22:57.368+0800][38.987s][info][gc,phases   ] GC(377) Concurrent Reset Relocation Set 0.002ms
[2026-06-17T10:22:57.368+0800][38.987s][info][gc,phases   ] GC(377) Concurrent Destroy Detached Pages 0.001ms
[2026-06-17T10:22:57.369+0800][38.988s][info][gc,phases   ] GC(377) Concurrent Select Relocation Set 0.691ms
[2026-06-17T10:22:57.369+0800][38.988s][info][gc,phases   ] GC(377) Concurrent Prepare Relocation Set 0.005ms
[2026-06-17T10:22:57.369+0800][38.988s][info][gc,phases   ] GC(377) Pause Relocate Start 0.153ms
[2026-06-17T10:22:57.372+0800][38.991s][info][gc,phases   ] GC(377) Concurrent Relocate 2.003ms
[2026-06-17T10:22:57.372+0800][38.991s][info][gc,load     ] GC(377) Load: 0.15/0.19/0.27
[2026-06-17T10:22:57.372+0800][38.991s][info][gc,mmu      ] GC(377) MMU: 2ms/0.0%, 5ms/43.3%, 10ms/66.9%, 20ms/83.5%, 50ms/93.4%, 100ms/96.6%
[2026-06-17T10:22:57.372+0800][38.991s][info][gc,marking  ] GC(377) Mark: 2 stripe(s), 2 proactive flush(es), 1 terminate flush(es), 0 completion(s), 0 continuation(s) 
[2026-06-17T10:22:57.372+0800][38.991s][info][gc,reloc    ] GC(377) Relocation: Successful, 30M relocated
[2026-06-17T10:22:57.373+0800][38.991s][info][gc,nmethod  ] GC(377) NMethods: 25 registered, 0 unregistered
[2026-06-17T10:22:57.373+0800][38.991s][info][gc,metaspace] GC(377) Metaspace: 3M used, 4M capacity, 4M committed, 8M reserved
[2026-06-17T10:22:57.373+0800][38.992s][info][gc,ref      ] GC(377) Soft: 43 encountered, 0 discovered, 0 enqueued
[2026-06-17T10:22:57.373+0800][38.992s][info][gc,ref      ] GC(377) Weak: 7 encountered, 0 discovered, 0 enqueued
[2026-06-17T10:22:57.373+0800][38.992s][info][gc,ref      ] GC(377) Final: 0 encountered, 0 discovered, 0 enqueued
[2026-06-17T10:22:57.374+0800][38.992s][info][gc,ref      ] GC(377) Phantom: 1 encountered, 1 discovered, 0 enqueued
[2026-06-17T10:22:57.374+0800][38.993s][info][gc,heap     ] GC(377)                Mark Start          Mark End        Relocate Start      Relocate End           High               Low         
[2026-06-17T10:22:57.374+0800][38.993s][info][gc,heap     ] GC(377)  Capacity:      256M (100%)        256M (100%)        256M (100%)        256M (100%)        256M (100%)        256M (100%)   
[2026-06-17T10:22:57.374+0800][38.993s][info][gc,heap     ] GC(377)   Reserve:       62M (24%)          62M (24%)          62M (24%)          62M (24%)          62M (24%)          62M (24%)    
[2026-06-17T10:22:57.374+0800][38.993s][info][gc,heap     ] GC(377)      Free:       80M (31%)          78M (30%)         102M (40%)         146M (57%)         146M (57%)          64M (25%)    
[2026-06-17T10:22:57.374+0800][38.993s][info][gc,heap     ] GC(377)      Used:      114M (45%)         116M (45%)          92M (36%)          48M (19%)         130M (51%)          48M (19%)    
[2026-06-17T10:22:57.374+0800][38.993s][info][gc,heap     ] GC(377)      Live:         -                30M (12%)          30M (12%)          30M (12%)            -                  -          
[2026-06-17T10:22:57.374+0800][38.993s][info][gc,heap     ] GC(377) Allocated:         -                 2M (1%)            2M (1%)           44M (17%)            -                  -          
[2026-06-17T10:22:57.374+0800][38.993s][info][gc,heap     ] GC(377)   Garbage:         -                83M (33%)          59M (23%)          15M (6%)             -                  -          
[2026-06-17T10:22:57.375+0800][38.993s][info][gc,heap     ] GC(377) Reclaimed:         -                  -                24M (9%)           68M (27%)            -                  -          
[2026-06-17T10:22:57.375+0800][38.993s][info][gc          ] GC(377) Garbage Collection (Allocation Rate) 114M(45%)->48M(19%)
[2026-06-17T10:22:57.463+0800][39.082s][info][gc,start    ] GC(378) Garbage Collection (Allocation Rate)
[2026-06-17T10:22:57.464+0800][39.083s][info][gc,phases   ] GC(378) Pause Mark Start 0.462ms
[2026-06-17T10:22:57.467+0800][39.085s][info][gc,phases   ] GC(378) Concurrent Mark 1.797ms
[2026-06-17T10:22:57.468+0800][39.087s][info][gc,phases   ] GC(378) Pause Mark End 0.516ms
[2026-06-17T10:22:57.469+0800][39.087s][info][gc,phases   ] GC(378) Concurrent Process Non-Strong References 0.200ms
[2026-06-17T10:22:57.469+0800][39.088s][info][gc,phases   ] GC(378) Concurrent Reset Relocation Set 0.003ms
[2026-06-17T10:22:57.469+0800][39.088s][info][gc,phases   ] GC(378) Concurrent Destroy Detached Pages 0.002ms
[2026-06-17T10:22:57.471+0800][39.089s][info][gc,phases   ] GC(378) Concurrent Select Relocation Set 1.200ms
[2026-06-17T10:22:57.471+0800][39.090s][info][gc,phases   ] GC(378) Concurrent Prepare Relocation Set 0.015ms
[2026-06-17T10:22:57.472+0800][39.090s][info][gc,phases   ] GC(378) Pause Relocate Start 0.208ms
[2026-06-17T10:22:57.472+0800][39.091s][info][gc,phases   ] GC(378) Concurrent Relocate 0.335ms
[2026-06-17T10:22:57.473+0800][39.091s][info][gc,load     ] GC(378) Load: 0.15/0.19/0.27
[2026-06-17T10:22:57.473+0800][39.091s][info][gc,mmu      ] GC(378) MMU: 2ms/0.0%, 5ms/43.3%, 10ms/66.9%, 20ms/83.5%, 50ms/93.4%, 100ms/96.6%
[2026-06-17T10:22:57.473+0800][39.092s][info][gc,marking  ] GC(378) Mark: 2 stripe(s), 1 proactive flush(es), 1 terminate flush(es), 0 completion(s), 0 continuation(s) 
[2026-06-17T10:22:57.473+0800][39.092s][info][gc,reloc    ] GC(378) Relocation: Successful, 24M relocated
[2026-06-17T10:22:57.473+0800][39.092s][info][gc,nmethod  ] GC(378) NMethods: 25 registered, 0 unregistered
[2026-06-17T10:22:57.473+0800][39.092s][info][gc,metaspace] GC(378) Metaspace: 3M used, 4M capacity, 4M committed, 8M reserved
[2026-06-17T10:22:57.474+0800][39.092s][info][gc,ref      ] GC(378) Soft: 43 encountered, 0 discovered, 0 enqueued
[2026-06-17T10:22:57.474+0800][39.092s][info][gc,ref      ] GC(378) Weak: 7 encountered, 0 discovered, 0 enqueued
[2026-06-17T10:22:57.474+0800][39.093s][info][gc,ref      ] GC(378) Final: 0 encountered, 0 discovered, 0 enqueued
[2026-06-17T10:22:57.474+0800][39.093s][info][gc,ref      ] GC(378) Phantom: 1 encountered, 0 discovered, 0 enqueued
[2026-06-17T10:22:57.474+0800][39.093s][info][gc,heap     ] GC(378)                Mark Start          Mark End        Relocate Start      Relocate End           High               Low         
[2026-06-17T10:22:57.474+0800][39.093s][info][gc,heap     ] GC(378)  Capacity:      256M (100%)        256M (100%)        256M (100%)        256M (100%)        256M (100%)        256M (100%)   
[2026-06-17T10:22:57.475+0800][39.093s][info][gc,heap     ] GC(378)   Reserve:       62M (24%)          62M (24%)          62M (24%)          62M (24%)          62M (24%)          62M (24%)    
[2026-06-17T10:22:57.475+0800][39.093s][info][gc,heap     ] GC(378)      Free:      112M (44%)         112M (44%)         102M (40%)         114M (45%)         114M (45%)          74M (29%)    
[2026-06-17T10:22:57.475+0800][39.094s][info][gc,heap     ] GC(378)      Used:       82M (32%)          82M (32%)          92M (36%)          80M (31%)         120M (47%)          80M (31%)    
[2026-06-17T10:22:57.475+0800][39.094s][info][gc,heap     ] GC(378)      Live:         -                24M (9%)           24M (9%)           24M (9%)             -                  -          
[2026-06-17T10:22:57.475+0800][39.094s][info][gc,heap     ] GC(378) Allocated:         -                 0M (0%)           38M (15%)          44M (17%)            -                  -          
[2026-06-17T10:22:57.475+0800][39.094s][info][gc,heap     ] GC(378)   Garbage:         -                57M (23%)          29M (12%)          17M (7%)             -                  -          
[2026-06-17T10:22:57.475+0800][39.094s][info][gc,heap     ] GC(378) Reclaimed:         -                  -                28M (11%)          40M (16%)            -                  -          
[2026-06-17T10:22:57.475+0800][39.094s][info][gc          ] GC(378) Garbage Collection (Allocation Rate) 82M(32%)->80M(31%)
[2026-06-17T10:22:57.563+0800][39.182s][info][gc,start    ] GC(379) Garbage Collection (Allocation Rate)
[2026-06-17T10:22:57.565+0800][39.184s][info][gc,phases   ] GC(379) Pause Mark Start 0.350ms
[2026-06-17T10:22:57.568+0800][39.186s][info][gc,phases   ] GC(379) Concurrent Mark 2.150ms
[2026-06-17T10:22:57.569+0800][39.188s][info][gc,phases   ] GC(379) Pause Mark End 0.540ms
[2026-06-17T10:22:57.572+0800][39.190s][info][gc,phases   ] GC(379) Concurrent Process Non-Strong References 0.128ms
[2026-06-17T10:22:57.572+0800][39.191s][info][gc,phases   ] GC(379) Concurrent Reset Relocation Set 0.003ms
[2026-06-17T10:22:57.572+0800][39.191s][info][gc,phases   ] GC(379) Concurrent Destroy Detached Pages 0.001ms
[2026-06-17T10:22:57.574+0800][39.192s][info][gc,phases   ] GC(379) Concurrent Select Relocation Set 0.763ms
[2026-06-17T10:22:57.574+0800][39.193s][info][gc,phases   ] GC(379) Concurrent Prepare Relocation Set 0.007ms
[2026-06-17T10:22:57.575+0800][39.194s][info][gc,phases   ] GC(379) Pause Relocate Start 0.113ms
[2026-06-17T10:22:57.577+0800][39.196s][info][gc,phases   ] GC(379) Concurrent Relocate 2.076ms
[2026-06-17T10:22:57.578+0800][39.196s][info][gc,load     ] GC(379) Load: 0.15/0.19/0.27
[2026-06-17T10:22:57.578+0800][39.197s][info][gc,mmu      ] GC(379) MMU: 2ms/0.0%, 5ms/43.3%, 10ms/66.9%, 20ms/83.5%, 50ms/93.4%, 100ms/96.6%
[2026-06-17T10:22:57.578+0800][39.197s][info][gc,marking  ] GC(379) Mark: 2 stripe(s), 2 proactive flush(es), 1 terminate flush(es), 0 completion(s), 0 continuation(s) 
[2026-06-17T10:22:57.578+0800][39.197s][info][gc,reloc    ] GC(379) Relocation: Successful, 31M relocated
[2026-06-17T10:22:57.578+0800][39.197s][info][gc,nmethod  ] GC(379) NMethods: 25 registered, 0 unregistered
[2026-06-17T10:22:57.578+0800][39.197s][info][gc,metaspace] GC(379) Metaspace: 3M used, 4M capacity, 4M committed, 8M reserved
[2026-06-17T10:22:57.579+0800][39.197s][info][gc,ref      ] GC(379) Soft: 43 encountered, 0 discovered, 0 enqueued
[2026-06-17T10:22:57.579+0800][39.197s][info][gc,ref      ] GC(379) Weak: 7 encountered, 2 discovered, 0 enqueued
[2026-06-17T10:22:57.579+0800][39.198s][info][gc,ref      ] GC(379) Final: 0 encountered, 0 discovered, 0 enqueued
[2026-06-17T10:22:57.579+0800][39.198s][info][gc,ref      ] GC(379) Phantom: 1 encountered, 1 discovered, 0 enqueued
[2026-06-17T10:22:57.579+0800][39.198s][info][gc,heap     ] GC(379)                Mark Start          Mark End        Relocate Start      Relocate End           High               Low         
[2026-06-17T10:22:57.579+0800][39.198s][info][gc,heap     ] GC(379)  Capacity:      256M (100%)        256M (100%)        256M (100%)        256M (100%)        256M (100%)        256M (100%)   
[2026-06-17T10:22:57.579+0800][39.198s][info][gc,heap     ] GC(379)   Reserve:       62M (24%)          62M (24%)          62M (24%)          62M (24%)          62M (24%)          62M (24%)    
[2026-06-17T10:22:57.580+0800][39.198s][info][gc,heap     ] GC(379)      Free:       82M (32%)          46M (18%)          68M (27%)         144M (56%)         144M (56%)          46M (18%)    
[2026-06-17T10:22:57.580+0800][39.198s][info][gc,heap     ] GC(379)      Used:      112M (44%)         148M (58%)         126M (49%)          50M (20%)         148M (58%)          50M (20%)    
[2026-06-17T10:22:57.580+0800][39.199s][info][gc,heap     ] GC(379)      Live:         -                31M (12%)          31M (12%)          31M (12%)            -                  -          
[2026-06-17T10:22:57.580+0800][39.199s][info][gc,heap     ] GC(379) Allocated:         -                36M (14%)          36M (14%)          50M (20%)            -                  -          
[2026-06-17T10:22:57.580+0800][39.199s][info][gc,heap     ] GC(379)   Garbage:         -                80M (31%)          58M (23%)    17592186044394M (6         -                  -          
[2026-06-17T10:22:57.580+0800][39.199s][info][gc,heap     ] GC(379) Reclaimed:         -                  -                22M (9%)          102M (40%)            -                  -          
[2026-06-17T10:22:57.580+0800][39.199s][info][gc          ] GC(379) Garbage Collection (Allocation Rate) 112M(44%)->50M(20%)
[2026-06-17T10:22:57.664+0800][39.282s][info][gc,start    ] GC(380) Garbage Collection (Allocation Rate)
[2026-06-17T10:22:57.666+0800][39.284s][info][gc,phases   ] GC(380) Pause Mark Start 0.363ms
[2026-06-17T10:22:57.671+0800][39.289s][info][gc,phases   ] GC(380) Concurrent Mark 2.223ms
[2026-06-17T10:22:57.673+0800][39.291s][info][gc,phases   ] GC(380) Pause Mark End 0.728ms
[2026-06-17T10:22:57.674+0800][39.293s][info][gc,phases   ] GC(380) Concurrent Process Non-Strong References 0.305ms
[2026-06-17T10:22:57.675+0800][39.294s][info][gc,phases   ] GC(380) Concurrent Reset Relocation Set 0.007ms
[2026-06-17T10:22:57.676+0800][39.295s][info][gc,phases   ] GC(380) Concurrent Destroy Detached Pages 0.002ms
[2026-06-17T10:22:57.678+0800][39.297s][info][gc,phases   ] GC(380) Concurrent Select Relocation Set 1.407ms
[2026-06-17T10:22:57.679+0800][39.297s][info][gc,phases   ] GC(380) Concurrent Prepare Relocation Set 0.005ms
[2026-06-17T10:22:57.680+0800][39.299s][info][gc,phases   ] GC(380) Pause Relocate Start 0.321ms
[2026-06-17T10:22:57.681+0800][39.299s][info][gc,phases   ] GC(380) Concurrent Relocate 0.432ms
[2026-06-17T10:22:57.681+0800][39.300s][info][gc,load     ] GC(380) Load: 0.15/0.19/0.27
[2026-06-17T10:22:57.682+0800][39.300s][info][gc,mmu      ] GC(380) MMU: 2ms/0.0%, 5ms/43.3%, 10ms/66.9%, 20ms/83.5%, 50ms/93.4%, 100ms/96.6%
[2026-06-17T10:22:57.682+0800][39.301s][info][gc,marking  ] GC(380) Mark: 2 stripe(s), 1 proactive flush(es), 1 terminate flush(es), 0 completion(s), 0 continuation(s) 
[2026-06-17T10:22:57.682+0800][39.301s][info][gc,reloc    ] GC(380) Relocation: Successful, 25M relocated
[2026-06-17T10:22:57.683+0800][39.302s][info][gc,nmethod  ] GC(380) NMethods: 25 registered, 0 unregistered
[2026-06-17T10:22:57.683+0800][39.302s][info][gc,metaspace] GC(380) Metaspace: 3M used, 4M capacity, 4M committed, 8M reserved
[2026-06-17T10:22:57.683+0800][39.302s][info][gc,ref      ] GC(380) Soft: 43 encountered, 0 discovered, 0 enqueued
[2026-06-17T10:22:57.684+0800][39.302s][info][gc,ref      ] GC(380) Weak: 7 encountered, 0 discovered, 0 enqueued
[2026-06-17T10:22:57.684+0800][39.303s][info][gc,ref      ] GC(380) Final: 0 encountered, 0 discovered, 0 enqueued
[2026-06-17T10:22:57.684+0800][39.303s][info][gc,ref      ] GC(380) Phantom: 1 encountered, 1 discovered, 0 enqueued
[2026-06-17T10:22:57.684+0800][39.303s][info][gc,heap     ] GC(380)                Mark Start          Mark End        Relocate Start      Relocate End           High               Low         
[2026-06-17T10:22:57.684+0800][39.303s][info][gc,heap     ] GC(380)  Capacity:      256M (100%)        256M (100%)        256M (100%)        256M (100%)        256M (100%)        256M (100%)   
[2026-06-17T10:22:57.685+0800][39.303s][info][gc,heap     ] GC(380)   Reserve:       62M (24%)          62M (24%)          62M (24%)          62M (24%)          62M (24%)          62M (24%)    
[2026-06-17T10:22:57.685+0800][39.304s][info][gc,heap     ] GC(380)      Free:      112M (44%)         112M (44%)         138M (54%)         146M (57%)         146M (57%)         108M (42%)    
[2026-06-17T10:22:57.685+0800][39.304s][info][gc,heap     ] GC(380)      Used:       82M (32%)          82M (32%)          56M (22%)          48M (19%)          86M (34%)          48M (19%)    
[2026-06-17T10:22:57.685+0800][39.304s][info][gc,heap     ] GC(380)      Live:         -                28M (11%)          28M (11%)          28M (11%)            -                  -          
[2026-06-17T10:22:57.685+0800][39.304s][info][gc,heap     ] GC(380) Allocated:         -                 0M (0%)            4M (2%)           10M (4%)             -                  -          
[2026-06-17T10:22:57.685+0800][39.304s][info][gc,heap     ] GC(380)   Garbage:         -                53M (21%)          23M (9%)           15M (6%)             -                  -          
[2026-06-17T10:22:57.686+0800][39.304s][info][gc,heap     ] GC(380) Reclaimed:         -                  -                30M (12%)          38M (15%)            -                  -          
[2026-06-17T10:22:57.686+0800][39.305s][info][gc          ] GC(380) Garbage Collection (Allocation Rate) 82M(32%)->48M(19%)
[2026-06-17T10:22:57.763+0800][39.382s][info][gc,start    ] GC(381) Garbage Collection (Allocation Rate)
[2026-06-17T10:22:57.764+0800][39.383s][info][gc,phases   ] GC(381) Pause Mark Start 0.286ms
[2026-06-17T10:22:57.766+0800][39.385s][info][gc,phases   ] GC(381) Concurrent Mark 1.612ms
[2026-06-17T10:22:57.767+0800][39.386s][info][gc,phases   ] GC(381) Pause Mark End 0.590ms
[2026-06-17T10:22:57.768+0800][39.387s][info][gc,phases   ] GC(381) Concurrent Process Non-Strong References 0.143ms
[2026-06-17T10:22:57.768+0800][39.387s][info][gc,phases   ] GC(381) Concurrent Reset Relocation Set 0.003ms
[2026-06-17T10:22:57.769+0800][39.387s][info][gc,phases   ] GC(381) Concurrent Destroy Detached Pages 0.001ms
[2026-06-17T10:22:57.770+0800][39.388s][info][gc,phases   ] GC(381) Concurrent Select Relocation Set 0.909ms
[2026-06-17T10:22:57.770+0800][39.389s][info][gc,phases   ] GC(381) Concurrent Prepare Relocation Set 0.018ms
[2026-06-17T10:22:57.771+0800][39.390s][info][gc,phases   ] GC(381) Pause Relocate Start 0.262ms
[2026-06-17T10:22:57.773+0800][39.391s][info][gc,phases   ] GC(381) Concurrent Relocate 1.500ms
[2026-06-17T10:22:57.773+0800][39.392s][info][gc,load     ] GC(381) Load: 0.15/0.19/0.27
[2026-06-17T10:22:57.774+0800][39.392s][info][gc,mmu      ] GC(381) MMU: 2ms/0.0%, 5ms/43.3%, 10ms/66.9%, 20ms/83.5%, 50ms/93.4%, 100ms/96.6%
[2026-06-17T10:22:57.774+0800][39.393s][info][gc,marking  ] GC(381) Mark: 2 stripe(s), 1 proactive flush(es), 1 terminate flush(es), 0 completion(s), 0 continuation(s) 
[2026-06-17T10:22:57.774+0800][39.393s][info][gc,reloc    ] GC(381) Relocation: Successful, 19M relocated
[2026-06-17T10:22:57.774+0800][39.393s][info][gc,nmethod  ] GC(381) NMethods: 25 registered, 0 unregistered
[2026-06-17T10:22:57.775+0800][39.393s][info][gc,metaspace] GC(381) Metaspace: 3M used, 4M capacity, 4M committed, 8M reserved
[2026-06-17T10:22:57.775+0800][39.394s][info][gc,ref      ] GC(381) Soft: 43 encountered, 0 discovered, 0 enqueued
[2026-06-17T10:22:57.775+0800][39.394s][info][gc,ref      ] GC(381) Weak: 7 encountered, 0 discovered, 0 enqueued
[2026-06-17T10:22:57.775+0800][39.394s][info][gc,ref      ] GC(381) Final: 0 encountered, 0 discovered, 0 enqueued
[2026-06-17T10:22:57.775+0800][39.394s][info][gc,ref      ] GC(381) Phantom: 1 encountered, 0 discovered, 0 enqueued
[2026-06-17T10:22:57.776+0800][39.394s][info][gc,heap     ] GC(381)                Mark Start          Mark End        Relocate Start      Relocate End           High               Low         
[2026-06-17T10:22:57.776+0800][39.394s][info][gc,heap     ] GC(381)  Capacity:      256M (100%)        256M (100%)        256M (100%)        256M (100%)        256M (100%)        256M (100%)   
[2026-06-17T10:22:57.776+0800][39.395s][info][gc,heap     ] GC(381)   Reserve:       62M (24%)          62M (24%)          62M (24%)          62M (24%)          62M (24%)          62M (24%)    
[2026-06-17T10:22:57.776+0800][39.395s][info][gc,heap     ] GC(381)      Free:       82M (32%)          82M (32%)         108M (42%)         146M (57%)         146M (57%)          70M (27%)    
[2026-06-17T10:22:57.776+0800][39.395s][info][gc,heap     ] GC(381)      Used:      112M (44%)         112M (44%)          86M (34%)          48M (19%)         124M (48%)          48M (19%)    
[2026-06-17T10:22:57.776+0800][39.395s][info][gc,heap     ] GC(381)      Live:         -                19M (8%)           19M (8%)           19M (8%)             -                  -          
[2026-06-17T10:22:57.776+0800][39.395s][info][gc,heap     ] GC(381) Allocated:         -                 0M (0%)            4M (2%)           46M (18%)            -                  -          
[2026-06-17T10:22:57.777+0800][39.395s][info][gc,heap     ] GC(381)   Garbage:         -                92M (36%)          62M (24%)          24M (10%)            -                  -          
[2026-06-17T10:22:57.777+0800][39.395s][info][gc,heap     ] GC(381) Reclaimed:         -                  -                30M (12%)          68M (27%)            -                  -          
[2026-06-17T10:22:57.777+0800][39.396s][info][gc          ] GC(381) Garbage Collection (Allocation Rate) 112M(44%)->48M(19%)
[2026-06-17T10:22:57.863+0800][39.482s][info][gc,start    ] GC(382) Garbage Collection (Allocation Rate)
[2026-06-17T10:22:57.866+0800][39.485s][info][gc,phases   ] GC(382) Pause Mark Start 0.677ms
[2026-06-17T10:22:57.870+0800][39.488s][info][gc,phases   ] GC(382) Concurrent Mark 2.560ms
[2026-06-17T10:22:57.872+0800][39.491s][info][gc,phases   ] GC(382) Pause Mark End 0.661ms
[2026-06-17T10:22:57.873+0800][39.492s][info][gc,phases   ] GC(382) Concurrent Process Non-Strong References 0.299ms
[2026-06-17T10:22:57.873+0800][39.492s][info][gc,phases   ] GC(382) Concurrent Reset Relocation Set 0.005ms
[2026-06-17T10:22:57.874+0800][39.493s][info][gc,phases   ] GC(382) Concurrent Destroy Detached Pages 0.002ms
[2026-06-17T10:22:57.876+0800][39.494s][info][gc,phases   ] GC(382) Concurrent Select Relocation Set 1.226ms
[2026-06-17T10:22:57.876+0800][39.495s][info][gc,phases   ] GC(382) Concurrent Prepare Relocation Set 0.005ms
[2026-06-17T10:22:57.878+0800][39.496s][info][gc,phases   ] GC(382) Pause Relocate Start 0.242ms
[2026-06-17T10:22:57.879+0800][39.497s][info][gc,phases   ] GC(382) Concurrent Relocate 0.506ms
[2026-06-17T10:22:57.879+0800][39.498s][info][gc,load     ] GC(382) Load: 0.15/0.19/0.27
[2026-06-17T10:22:57.879+0800][39.498s][info][gc,mmu      ] GC(382) MMU: 2ms/0.0%, 5ms/43.3%, 10ms/66.9%, 20ms/83.5%, 50ms/93.4%, 100ms/96.6%
[2026-06-17T10:22:57.880+0800][39.498s][info][gc,marking  ] GC(382) Mark: 2 stripe(s), 2 proactive flush(es), 1 terminate flush(es), 0 completion(s), 0 continuation(s) 
[2026-06-17T10:22:57.880+0800][39.499s][info][gc,reloc    ] GC(382) Relocation: Successful, 21M relocated
[2026-06-17T10:22:57.880+0800][39.499s][info][gc,nmethod  ] GC(382) NMethods: 25 registered, 0 unregistered
[2026-06-17T10:22:57.880+0800][39.499s][info][gc,metaspace] GC(382) Metaspace: 3M used, 4M capacity, 4M committed, 8M reserved
[2026-06-17T10:22:57.881+0800][39.499s][info][gc,ref      ] GC(382) Soft: 43 encountered, 0 discovered, 0 enqueued
[2026-06-17T10:22:57.881+0800][39.499s][info][gc,ref      ] GC(382) Weak: 7 encountered, 2 discovered, 0 enqueued
[2026-06-17T10:22:57.881+0800][39.500s][info][gc,ref      ] GC(382) Final: 0 encountered, 0 discovered, 0 enqueued
[2026-06-17T10:22:57.881+0800][39.500s][info][gc,ref      ] GC(382) Phantom: 1 encountered, 1 discovered, 0 enqueued
[2026-06-17T10:22:57.881+0800][39.500s][info][gc,heap     ] GC(382)                Mark Start          Mark End        Relocate Start      Relocate End           High               Low         
[2026-06-17T10:22:57.881+0800][39.500s][info][gc,heap     ] GC(382)  Capacity:      256M (100%)        256M (100%)        256M (100%)        256M (100%)        256M (100%)        256M (100%)   
[2026-06-17T10:22:57.882+0800][39.500s][info][gc,heap     ] GC(382)   Reserve:       62M (24%)          62M (24%)          62M (24%)          62M (24%)          62M (24%)          62M (24%)    
[2026-06-17T10:22:57.882+0800][39.501s][info][gc,heap     ] GC(382)      Free:      114M (45%)         110M (43%)         138M (54%)         144M (56%)         144M (56%)         110M (43%)    
[2026-06-17T10:22:57.882+0800][39.501s][info][gc,heap     ] GC(382)      Used:       80M (31%)          84M (33%)          56M (22%)          50M (20%)          84M (33%)          50M (20%)    
[2026-06-17T10:22:57.882+0800][39.501s][info][gc,heap     ] GC(382)      Live:         -                25M (10%)          25M (10%)          25M (10%)            -                  -          
[2026-06-17T10:22:57.883+0800][39.501s][info][gc,heap     ] GC(382) Allocated:         -                 4M (2%)            4M (2%)           12M (5%)             -                  -          
[2026-06-17T10:22:57.883+0800][39.502s][info][gc,heap     ] GC(382)   Garbage:         -                54M (21%)          26M (10%)          16M (7%)             -                  -          
[2026-06-17T10:22:57.883+0800][39.502s][info][gc,heap     ] GC(382) Reclaimed:         -                  -                28M (11%)          38M (15%)            -                  -          
[2026-06-17T10:22:57.883+0800][39.502s][info][gc          ] GC(382) Garbage Collection (Allocation Rate) 80M(31%)->50M(20%)
[2026-06-17T10:22:57.963+0800][39.582s][info][gc,start    ] GC(383) Garbage Collection (Allocation Rate)
[2026-06-17T10:22:57.980+0800][39.599s][info][gc,phases   ] GC(383) Pause Mark Start 0.303ms
[2026-06-17T10:22:57.982+0800][39.601s][info][gc,phases   ] GC(383) Concurrent Mark 1.562ms
[2026-06-17T10:22:58.028+0800][39.647s][info][gc,phases   ] GC(383) Pause Mark End 0.337ms
[2026-06-17T10:22:58.079+0800][39.698s][info][gc,phases   ] GC(383) Concurrent Process Non-Strong References 0.223ms
[2026-06-17T10:22:58.081+0800][39.700s][info][gc,phases   ] GC(383) Concurrent Reset Relocation Set 0.008ms
[2026-06-17T10:22:58.084+0800][39.703s][info][gc,phases   ] GC(383) Concurrent Destroy Detached Pages 0.002ms
[2026-06-17T10:22:58.089+0800][39.708s][info][gc,phases   ] GC(383) Concurrent Select Relocation Set 1.738ms
[2026-06-17T10:22:58.090+0800][39.709s][info][gc,phases   ] GC(383) Concurrent Prepare Relocation Set 0.023ms
[2026-06-17T10:22:58.094+0800][39.713s][info][gc,phases   ] GC(383) Pause Relocate Start 0.492ms
[2026-06-17T10:22:58.097+0800][39.716s][info][gc,phases   ] GC(383) Concurrent Relocate 1.515ms
[2026-06-17T10:22:58.099+0800][39.718s][info][gc,load     ] GC(383) Load: 0.15/0.19/0.27
[2026-06-17T10:22:58.102+0800][39.721s][info][gc,mmu      ] GC(383) MMU: 2ms/0.0%, 5ms/43.3%, 10ms/66.9%, 20ms/83.5%, 50ms/93.4%, 100ms/96.6%
[2026-06-17T10:22:58.103+0800][39.722s][info][gc,marking  ] GC(383) Mark: 2 stripe(s), 1 proactive flush(es), 1 terminate flush(es), 0 completion(s), 0 continuation(s) 
[2026-06-17T10:22:58.106+0800][39.724s][info][gc,reloc    ] GC(383) Relocation: Successful, 22M relocated
[2026-06-17T10:22:58.108+0800][39.727s][info][gc,nmethod  ] GC(383) NMethods: 25 registered, 0 unregistered
[2026-06-17T10:22:58.109+0800][39.728s][info][gc,metaspace] GC(383) Metaspace: 3M used, 4M capacity, 4M committed, 8M reserved
[2026-06-17T10:22:58.111+0800][39.730s][info][gc,ref      ] GC(383) Soft: 43 encountered, 0 discovered, 0 enqueued
[2026-06-17T10:22:58.113+0800][39.732s][info][gc,ref      ] GC(383) Weak: 7 encountered, 2 discovered, 0 enqueued
[2026-06-17T10:22:58.115+0800][39.733s][info][gc,ref      ] GC(383) Final: 0 encountered, 0 discovered, 0 enqueued
[2026-06-17T10:22:58.117+0800][39.736s][info][gc,ref      ] GC(383) Phantom: 1 encountered, 1 discovered, 0 enqueued
[2026-06-17T10:22:58.119+0800][39.738s][info][gc,heap     ] GC(383)                Mark Start          Mark End        Relocate Start      Relocate End           High               Low         
[2026-06-17T10:22:58.120+0800][39.739s][info][gc,heap     ] GC(383)  Capacity:      256M (100%)        256M (100%)        256M (100%)        256M (100%)        256M (100%)        256M (100%)   
[2026-06-17T10:22:58.122+0800][39.741s][info][gc,heap     ] GC(383)   Reserve:       62M (24%)          62M (24%)          62M (24%)          62M (24%)          62M (24%)          62M (24%)    
[2026-06-17T10:22:58.126+0800][39.745s][info][gc,heap     ] GC(383)      Free:       78M (30%)          28M (11%)          60M (23%)         128M (50%)         128M (50%)          26M (10%)    
[2026-06-17T10:22:58.132+0800][39.750s][info][gc,heap     ] GC(383)      Used:      116M (45%)         166M (65%)         134M (52%)          66M (26%)         168M (66%)          66M (26%)    
[2026-06-17T10:22:58.135+0800][39.754s][info][gc,heap     ] GC(383)      Live:         -                22M (9%)           22M (9%)           22M (9%)             -                  -          
[2026-06-17T10:22:58.139+0800][39.757s][info][gc,heap     ] GC(383) Allocated:         -                50M (20%)          56M (22%)          64M (25%)            -                  -          
[2026-06-17T10:22:58.141+0800][39.760s][info][gc,heap     ] GC(383)   Garbage:         -                93M (37%)          55M (22%)    17592186044403M (6         -                  -          
[2026-06-17T10:22:58.142+0800][39.761s][info][gc,heap     ] GC(383) Reclaimed:         -                  -                38M (15%)         106M (41%)            -                  -          
[2026-06-17T10:22:58.144+0800][39.763s][info][gc          ] GC(383) Garbage Collection (Allocation Rate) 116M(45%)->66M(26%)
[2026-06-17T10:22:58.163+0800][39.782s][info][gc,start    ] GC(384) Garbage Collection (Allocation Rate)
[2026-06-17T10:22:58.165+0800][39.784s][info][gc,phases   ] GC(384) Pause Mark Start 0.398ms
[2026-06-17T10:22:58.168+0800][39.787s][info][gc,phases   ] GC(384) Concurrent Mark 2.189ms
[2026-06-17T10:22:58.170+0800][39.789s][info][gc,phases   ] GC(384) Pause Mark End 0.641ms
[2026-06-17T10:22:58.172+0800][39.790s][info][gc,phases   ] GC(384) Concurrent Process Non-Strong References 0.228ms
[2026-06-17T10:22:58.173+0800][39.792s][info][gc,phases   ] GC(384) Concurrent Reset Relocation Set 0.004ms
[2026-06-17T10:22:58.174+0800][39.793s][info][gc,phases   ] GC(384) Concurrent Destroy Detached Pages 0.002ms
[2026-06-17T10:22:58.180+0800][39.799s][info][gc,phases   ] GC(384) Concurrent Select Relocation Set 1.519ms
[2026-06-17T10:22:58.183+0800][39.802s][info][gc,phases   ] GC(384) Concurrent Prepare Relocation Set 0.007ms
[2026-06-17T10:22:58.186+0800][39.804s][info][gc,phases   ] GC(384) Pause Relocate Start 0.367ms
[2026-06-17T10:22:58.187+0800][39.805s][info][gc,phases   ] GC(384) Concurrent Relocate 0.327ms
[2026-06-17T10:22:58.190+0800][39.809s][info][gc,load     ] GC(384) Load: 0.15/0.19/0.27
[2026-06-17T10:22:58.193+0800][39.812s][info][gc,mmu      ] GC(384) MMU: 2ms/0.0%, 5ms/43.3%, 10ms/66.9%, 20ms/83.5%, 50ms/93.4%, 100ms/96.6%
[2026-06-17T10:22:58.193+0800][39.812s][info][gc,marking  ] GC(384) Mark: 2 stripe(s), 2 proactive flush(es), 1 terminate flush(es), 0 completion(s), 0 continuation(s) 
[2026-06-17T10:22:58.194+0800][39.813s][info][gc,reloc    ] GC(384) Relocation: Successful, 22M relocated
[2026-06-17T10:22:58.195+0800][39.813s][info][gc,nmethod  ] GC(384) NMethods: 25 registered, 0 unregistered
[2026-06-17T10:22:58.195+0800][39.814s][info][gc,metaspace] GC(384) Metaspace: 3M used, 4M capacity, 4M committed, 8M reserved
[2026-06-17T10:22:58.196+0800][39.815s][info][gc,ref      ] GC(384) Soft: 43 encountered, 0 discovered, 0 enqueued
[2026-06-17T10:22:58.196+0800][39.815s][info][gc,ref      ] GC(384) Weak: 7 encountered, 0 discovered, 0 enqueued
[2026-06-17T10:22:58.197+0800][39.816s][info][gc,ref      ] GC(384) Final: 0 encountered, 0 discovered, 0 enqueued
[2026-06-17T10:22:58.197+0800][39.816s][info][gc,ref      ] GC(384) Phantom: 1 encountered, 1 discovered, 0 enqueued
[2026-06-17T10:22:58.198+0800][39.816s][info][gc,heap     ] GC(384)                Mark Start          Mark End        Relocate Start      Relocate End           High               Low         
[2026-06-17T10:22:58.198+0800][39.817s][info][gc,heap     ] GC(384)  Capacity:      256M (100%)        256M (100%)        256M (100%)        256M (100%)        256M (100%)        256M (100%)   
[2026-06-17T10:22:58.199+0800][39.817s][info][gc,heap     ] GC(384)   Reserve:       62M (24%)          62M (24%)          62M (24%)          62M (24%)          62M (24%)          62M (24%)    
[2026-06-17T10:22:58.199+0800][39.818s][info][gc,heap     ] GC(384)      Free:      104M (41%)          66M (26%)         100M (39%)         108M (42%)         108M (42%)          62M (24%)    
[2026-06-17T10:22:58.199+0800][39.818s][info][gc,heap     ] GC(384)      Used:       90M (35%)         128M (50%)          94M (37%)          86M (34%)         132M (52%)          86M (34%)    
[2026-06-17T10:22:58.200+0800][39.818s][info][gc,heap     ] GC(384)      Live:         -                22M (9%)           22M (9%)           22M (9%)             -                  -          
[2026-06-17T10:22:58.200+0800][39.819s][info][gc,heap     ] GC(384) Allocated:         -                38M (15%)          42M (16%)          52M (20%)            -                  -          
[2026-06-17T10:22:58.200+0800][39.819s][info][gc,heap     ] GC(384)   Garbage:         -                67M (27%)          29M (12%)          21M (9%)             -                  -          
[2026-06-17T10:22:58.200+0800][39.819s][info][gc,heap     ] GC(384) Reclaimed:         -                  -                38M (15%)          46M (18%)            -                  -          
[2026-06-17T10:22:58.201+0800][39.819s][info][gc          ] GC(384) Garbage Collection (Allocation Rate) 90M(35%)->86M(34%)
[2026-06-17T10:22:58.263+0800][39.882s][info][gc,start    ] GC(385) Garbage Collection (Allocation Rate)
[2026-06-17T10:22:58.265+0800][39.884s][info][gc,phases   ] GC(385) Pause Mark Start 0.582ms
[2026-06-17T10:22:58.270+0800][39.888s][info][gc,phases   ] GC(385) Concurrent Mark 2.254ms
[2026-06-17T10:22:58.273+0800][39.892s][info][gc,phases   ] GC(385) Pause Mark End 0.828ms
[2026-06-17T10:22:58.277+0800][39.896s][info][gc,phases   ] GC(385) Concurrent Process Non-Strong References 0.325ms
[2026-06-17T10:22:58.278+0800][39.897s][info][gc,phases   ] GC(385) Concurrent Reset Relocation Set 0.007ms
[2026-06-17T10:22:58.281+0800][39.899s][info][gc,phases   ] GC(385) Concurrent Destroy Detached Pages 0.003ms
[2026-06-17T10:22:58.284+0800][39.903s][info][gc,phases   ] GC(385) Concurrent Select Relocation Set 1.726ms
[2026-06-17T10:22:58.285+0800][39.903s][info][gc,phases   ] GC(385) Concurrent Prepare Relocation Set 0.018ms
[2026-06-17T10:22:58.286+0800][39.905s][info][gc,phases   ] GC(385) Pause Relocate Start 0.366ms
[2026-06-17T10:22:58.289+0800][39.908s][info][gc,phases   ] GC(385) Concurrent Relocate 2.658ms
[2026-06-17T10:22:58.290+0800][39.909s][info][gc,load     ] GC(385) Load: 0.15/0.19/0.27
[2026-06-17T10:22:58.290+0800][39.909s][info][gc,mmu      ] GC(385) MMU: 2ms/0.0%, 5ms/43.3%, 10ms/66.9%, 20ms/83.5%, 50ms/93.4%, 100ms/96.6%
[2026-06-17T10:22:58.291+0800][39.909s][info][gc,marking  ] GC(385) Mark: 2 stripe(s), 1 proactive flush(es), 1 terminate flush(es), 0 completion(s), 0 continuation(s) 
[2026-06-17T10:22:58.291+0800][39.910s][info][gc,reloc    ] GC(385) Relocation: Successful, 28M relocated
[2026-06-17T10:22:58.291+0800][39.910s][info][gc,nmethod  ] GC(385) NMethods: 25 registered, 0 unregistered
[2026-06-17T10:22:58.292+0800][39.911s][info][gc,metaspace] GC(385) Metaspace: 3M used, 4M capacity, 4M committed, 8M reserved
[2026-06-17T10:22:58.292+0800][39.911s][info][gc,ref      ] GC(385) Soft: 43 encountered, 0 discovered, 0 enqueued
[2026-06-17T10:22:58.293+0800][39.911s][info][gc,ref      ] GC(385) Weak: 7 encountered, 2 discovered, 0 enqueued
[2026-06-17T10:22:58.293+0800][39.911s][info][gc,ref      ] GC(385) Final: 0 encountered, 0 discovered, 0 enqueued
[2026-06-17T10:22:58.293+0800][39.912s][info][gc,ref      ] GC(385) Phantom: 1 encountered, 1 discovered, 0 enqueued
[2026-06-17T10:22:58.293+0800][39.912s][info][gc,heap     ] GC(385)                Mark Start          Mark End        Relocate Start      Relocate End           High               Low         
[2026-06-17T10:22:58.293+0800][39.912s][info][gc,heap     ] GC(385)  Capacity:      256M (100%)        256M (100%)        256M (100%)        256M (100%)        256M (100%)        256M (100%)   
[2026-06-17T10:22:58.293+0800][39.912s][info][gc,heap     ] GC(385)   Reserve:       62M (24%)          62M (24%)          62M (24%)          62M (24%)          62M (24%)          62M (24%)    
[2026-06-17T10:22:58.294+0800][39.912s][info][gc,heap     ] GC(385)      Free:       78M (30%)          78M (30%)         102M (40%)         140M (55%)         140M (55%)          66M (26%)    
[2026-06-17T10:22:58.294+0800][39.912s][info][gc,heap     ] GC(385)      Used:      116M (45%)         116M (45%)          92M (36%)          54M (21%)         128M (50%)          54M (21%)    
[2026-06-17T10:22:58.294+0800][39.913s][info][gc,heap     ] GC(385)      Live:         -                30M (12%)          30M (12%)          30M (12%)            -                  -          
[2026-06-17T10:22:58.294+0800][39.913s][info][gc,heap     ] GC(385) Allocated:         -                 0M (0%)            4M (2%)           52M (20%)            -                  -          
[2026-06-17T10:22:58.295+0800][39.913s][info][gc,heap     ] GC(385)   Garbage:         -                85M (33%)          57M (22%)          15M (6%)             -                  -          
[2026-06-17T10:22:58.295+0800][39.913s][info][gc,heap     ] GC(385) Reclaimed:         -                  -                28M (11%)          70M (27%)            -                  -          
[2026-06-17T10:22:58.295+0800][39.914s][info][gc          ] GC(385) Garbage Collection (Allocation Rate) 116M(45%)->54M(21%)
[2026-06-17T10:22:58.363+0800][39.982s][info][gc,start    ] GC(386) Garbage Collection (Allocation Rate)
[2026-06-17T10:22:58.365+0800][39.984s][info][gc,phases   ] GC(386) Pause Mark Start 0.541ms
[2026-06-17T10:22:58.369+0800][39.988s][info][gc,phases   ] GC(386) Concurrent Mark 2.438ms
[2026-06-17T10:22:58.371+0800][39.990s][info][gc,phases   ] GC(386) Pause Mark End 0.874ms
[2026-06-17T10:22:58.372+0800][39.990s][info][gc,phases   ] GC(386) Concurrent Process Non-Strong References 0.311ms
[2026-06-17T10:22:58.372+0800][39.991s][info][gc,phases   ] GC(386) Concurrent Reset Relocation Set 0.006ms
[2026-06-17T10:22:58.373+0800][39.991s][info][gc,phases   ] GC(386) Concurrent Destroy Detached Pages 0.002ms
[2026-06-17T10:22:58.374+0800][39.993s][info][gc,phases   ] GC(386) Concurrent Select Relocation Set 1.343ms
[2026-06-17T10:22:58.375+0800][39.993s][info][gc,phases   ] GC(386) Concurrent Prepare Relocation Set 0.005ms
[2026-06-17T10:22:58.376+0800][39.994s][info][gc,phases   ] GC(386) Pause Relocate Start 0.258ms
[2026-06-17T10:22:58.377+0800][39.995s][info][gc,phases   ] GC(386) Concurrent Relocate 0.373ms
[2026-06-17T10:22:58.377+0800][39.996s][info][gc,load     ] GC(386) Load: 0.15/0.19/0.27
[2026-06-17T10:22:58.377+0800][39.996s][info][gc,mmu      ] GC(386) MMU: 2ms/0.0%, 5ms/43.3%, 10ms/66.9%, 20ms/83.5%, 50ms/93.4%, 100ms/96.6%
[2026-06-17T10:22:58.377+0800][39.996s][info][gc,marking  ] GC(386) Mark: 2 stripe(s), 1 proactive flush(es), 1 terminate flush(es), 0 completion(s), 0 continuation(s) 
[2026-06-17T10:22:58.378+0800][39.996s][info][gc,reloc    ] GC(386) Relocation: Successful, 23M relocated
[2026-06-17T10:22:58.378+0800][39.997s][info][gc,nmethod  ] GC(386) NMethods: 25 registered, 0 unregistered
[2026-06-17T10:22:58.378+0800][39.997s][info][gc,metaspace] GC(386) Metaspace: 3M used, 4M capacity, 4M committed, 8M reserved
[2026-06-17T10:22:58.378+0800][39.997s][info][gc,ref      ] GC(386) Soft: 43 encountered, 0 discovered, 0 enqueued
[2026-06-17T10:22:58.378+0800][39.997s][info][gc,ref      ] GC(386) Weak: 7 encountered, 2 discovered, 0 enqueued
[2026-06-17T10:22:58.379+0800][39.997s][info][gc,ref      ] GC(386) Final: 0 encountered, 0 discovered, 0 enqueued
[2026-06-17T10:22:58.379+0800][39.998s][info][gc,ref      ] GC(386) Phantom: 1 encountered, 1 discovered, 0 enqueued
[2026-06-17T10:22:58.379+0800][39.998s][info][gc,heap     ] GC(386)                Mark Start          Mark End        Relocate Start      Relocate End           High               Low         
[2026-06-17T10:22:58.379+0800][39.998s][info][gc,heap     ] GC(386)  Capacity:      256M (100%)        256M (100%)        256M (100%)        256M (100%)        256M (100%)        256M (100%)   
[2026-06-17T10:22:58.380+0800][39.998s][info][gc,heap     ] GC(386)   Reserve:       62M (24%)          62M (24%)          62M (24%)          62M (24%)          62M (24%)          62M (24%)    
[2026-06-17T10:22:58.380+0800][39.999s][info][gc,heap     ] GC(386)      Free:      114M (45%)         114M (45%)         136M (53%)         148M (58%)         148M (58%)         114M (45%)    
[2026-06-17T10:22:58.380+0800][39.999s][info][gc,heap     ] GC(386)      Used:       80M (31%)          80M (31%)          58M (23%)          46M (18%)          80M (31%)          46M (18%)    
[2026-06-17T10:22:58.380+0800][39.999s][info][gc,heap     ] GC(386)      Live:         -                27M (11%)          27M (11%)          27M (11%)            -                  -          
[2026-06-17T10:22:58.381+0800][39.999s][info][gc,heap     ] GC(386) Allocated:         -                 0M (0%)            4M (2%)           10M (4%)             -                  -          
[2026-06-17T10:22:58.381+0800][40.000s][info][gc,heap     ] GC(386)   Garbage:         -                52M (21%)          26M (10%)          14M (6%)             -                  -          
[2026-06-17T10:22:58.381+0800][40.000s][info][gc,heap     ] GC(386) Reclaimed:         -                  -                26M (10%)          38M (15%)            -                  -          
[2026-06-17T10:22:58.381+0800][40.000s][info][gc          ] GC(386) Garbage Collection (Allocation Rate) 80M(31%)->46M(18%)
[2026-06-17T10:22:58.463+0800][40.082s][info][gc,start    ] GC(387) Garbage Collection (Allocation Rate)
[2026-06-17T10:22:58.464+0800][40.083s][info][gc,stats    ] === Garbage Collection Statistics =======================================================================================================================
[2026-06-17T10:22:58.466+0800][40.085s][info][gc,stats    ]                                                              Last 10s              Last 10m              Last 10h                Total
[2026-06-17T10:22:58.466+0800][40.085s][info][gc,stats    ]                                                              Avg / Max             Avg / Max             Avg / Max             Avg / Max
[2026-06-17T10:22:58.466+0800][40.084s][info][gc,phases   ] GC(387) Pause Mark Start 0.173ms
[2026-06-17T10:22:58.467+0800][40.086s][info][gc,stats    ]   Collector: Garbage Collection Cycle                     16.734 / 136.663      16.166 / 154.253      16.166 / 154.253      16.166 / 154.253     ms
[2026-06-17T10:22:58.468+0800][40.086s][info][gc,stats    ]  Contention: Mark Segment Reset Contention                     0 / 1                 0 / 3                 0 / 3                 0 / 3           ops/s
[2026-06-17T10:22:58.468+0800][40.087s][info][gc,stats    ]  Contention: Mark SeqNum Reset Contention                      0 / 0                 0 / 1                 0 / 1                 0 / 1           ops/s
[2026-06-17T10:22:58.469+0800][40.087s][info][gc,phases   ] GC(387) Concurrent Mark 1.490ms
[2026-06-17T10:22:58.469+0800][40.087s][info][gc,stats    ]  Contention: Relocation Contention                             0 / 1                 1 / 10                1 / 10                1 / 10          ops/s
[2026-06-17T10:22:58.470+0800][40.088s][info][gc,phases   ] GC(387) Pause Mark End 0.293ms
[2026-06-17T10:22:58.471+0800][40.090s][info][gc,stats    ]    Critical: Allocation Stall                              0.000 / 0.000         0.000 / 0.000         0.000 / 0.000         0.000 / 0.000       ms
[2026-06-17T10:22:58.473+0800][40.092s][info][gc,phases   ] GC(387) Concurrent Process Non-Strong References 0.106ms
[2026-06-17T10:22:58.473+0800][40.092s][info][gc,phases   ] GC(387) Concurrent Reset Relocation Set 0.003ms
[2026-06-17T10:22:58.474+0800][40.093s][info][gc,phases   ] GC(387) Concurrent Destroy Detached Pages 0.001ms
[2026-06-17T10:22:58.473+0800][40.092s][info][gc,stats    ]    Critical: Allocation Stall                                  0 / 0                 0 / 0                 0 / 0                 0 / 0           ops/s
[2026-06-17T10:22:58.475+0800][40.093s][info][gc,stats    ]    Critical: GC Locker Stall                               0.000 / 0.000         0.000 / 0.000         0.000 / 0.000         0.000 / 0.000       ms
[2026-06-17T10:22:58.475+0800][40.093s][info][gc,phases   ] GC(387) Concurrent Select Relocation Set 0.588ms
[2026-06-17T10:22:58.475+0800][40.094s][info][gc,stats    ]    Critical: GC Locker Stall                                   0 / 0                 0 / 0                 0 / 0                 0 / 0           ops/s
[2026-06-17T10:22:58.476+0800][40.094s][info][gc,phases   ] GC(387) Concurrent Prepare Relocation Set 0.011ms
[2026-06-17T10:22:58.476+0800][40.095s][info][gc,stats    ]      Memory: Allocation Rate                                 581 / 628             579 / 646             579 / 646             579 / 646         MB/s
[2026-06-17T10:22:58.477+0800][40.096s][info][gc,phases   ] GC(387) Pause Relocate Start 0.153ms
[2026-06-17T10:22:58.477+0800][40.096s][info][gc,stats    ]      Memory: Heap Used After Mark                            103 / 166             104 / 174             104 / 174             104 / 174         MB
[2026-06-17T10:22:58.478+0800][40.097s][info][gc,stats    ]      Memory: Heap Used After Relocation                       53 / 86               54 / 92               54 / 92               54 / 92          MB
[2026-06-17T10:22:58.479+0800][40.097s][info][gc,stats    ]      Memory: Heap Used Before Mark                            97 / 122              97 / 174              97 / 174              97 / 174         MB
[2026-06-17T10:22:58.479+0800][40.098s][info][gc,stats    ]      Memory: Heap Used Before Relocation                      83 / 134              83 / 158              83 / 158              83 / 158         MB
[2026-06-17T10:22:58.479+0800][40.098s][info][gc,stats    ]      Memory: Out Of Memory                                     0 / 0                 0 / 0                 0 / 0                 0 / 0           ops/s
[2026-06-17T10:22:58.480+0800][40.098s][info][gc,phases   ] GC(387) Concurrent Relocate 1.842ms
[2026-06-17T10:22:58.480+0800][40.099s][info][gc,load     ] GC(387) Load: 0.15/0.19/0.27
[2026-06-17T10:22:58.481+0800][40.099s][info][gc,mmu      ] GC(387) MMU: 2ms/0.0%, 5ms/43.3%, 10ms/66.9%, 20ms/83.5%, 50ms/93.4%, 100ms/96.6%
[2026-06-17T10:22:58.480+0800][40.098s][info][gc,stats    ]      Memory: Page Cache Flush                                  0 / 0                 2 / 32                2 / 32                2 / 32          MB/s
[2026-06-17T10:22:58.481+0800][40.100s][info][gc,marking  ] GC(387) Mark: 2 stripe(s), 1 proactive flush(es), 1 terminate flush(es), 0 completion(s), 0 continuation(s) 
[2026-06-17T10:22:58.482+0800][40.101s][info][gc,reloc    ] GC(387) Relocation: Successful, 21M relocated
[2026-06-17T10:22:58.482+0800][40.101s][info][gc,nmethod  ] GC(387) NMethods: 25 registered, 0 unregistered
[2026-06-17T10:22:58.483+0800][40.102s][info][gc,metaspace] GC(387) Metaspace: 3M used, 4M capacity, 4M committed, 8M reserved
[2026-06-17T10:22:58.484+0800][40.102s][info][gc,ref      ] GC(387) Soft: 43 encountered, 0 discovered, 0 enqueued
[2026-06-17T10:22:58.484+0800][40.103s][info][gc,ref      ] GC(387) Weak: 7 encountered, 2 discovered, 0 enqueued
[2026-06-17T10:22:58.485+0800][40.103s][info][gc,ref      ] GC(387) Final: 0 encountered, 0 discovered, 0 enqueued
[2026-06-17T10:22:58.485+0800][40.104s][info][gc,ref      ] GC(387) Phantom: 1 encountered, 1 discovered, 0 enqueued
[2026-06-17T10:22:58.486+0800][40.104s][info][gc,heap     ] GC(387)                Mark Start          Mark End        Relocate Start      Relocate End           High               Low         
[2026-06-17T10:22:58.486+0800][40.105s][info][gc,heap     ] GC(387)  Capacity:      256M (100%)        256M (100%)        256M (100%)        256M (100%)        256M (100%)        256M (100%)   
[2026-06-17T10:22:58.486+0800][40.105s][info][gc,heap     ] GC(387)   Reserve:       62M (24%)          62M (24%)          62M (24%)          62M (24%)          62M (24%)          62M (24%)    
[2026-06-17T10:22:58.481+0800][40.100s][info][gc,stats    ]      Memory: Page Cache Hit L1                               231 / 238             229 / 242             229 / 242             229 / 242         ops/s
[2026-06-17T10:22:58.487+0800][40.106s][info][gc,stats    ]      Memory: Page Cache Hit L2                                 0 / 0                 0 / 0                 0 / 0                 0 / 0           ops/s
[2026-06-17T10:22:58.487+0800][40.105s][info][gc,heap     ] GC(387)      Free:       84M (33%)          80M (31%)         112M (44%)         142M (55%)         142M (55%)          72M (28%)    
[2026-06-17T10:22:58.488+0800][40.106s][info][gc,stats    ]      Memory: Page Cache Miss                                   0 / 0                 1 / 31                1 / 31                1 / 31          ops/s
[2026-06-17T10:22:58.488+0800][40.107s][info][gc,heap     ] GC(387)      Used:      110M (43%)         114M (45%)          82M (32%)          52M (20%)         122M (48%)          52M (20%)    
[2026-06-17T10:22:58.489+0800][40.107s][info][gc,heap     ] GC(387)      Live:         -                23M (9%)           23M (9%)           23M (9%)             -                  -          
[2026-06-17T10:22:58.489+0800][40.108s][info][gc,heap     ] GC(387) Allocated:         -                 4M (2%)            4M (2%)           50M (20%)            -                  -          
[2026-06-17T10:22:58.490+0800][40.108s][info][gc,heap     ] GC(387)   Garbage:         -                86M (34%)          54M (21%)          20M (8%)             -                  -          
[2026-06-17T10:22:58.490+0800][40.109s][info][gc,heap     ] GC(387) Reclaimed:         -                  -                32M (12%)          66M (26%)            -                  -          
[2026-06-17T10:22:58.490+0800][40.109s][info][gc          ] GC(387) Garbage Collection (Allocation Rate) 110M(43%)->52M(20%)
[2026-06-17T10:22:58.488+0800][40.107s][info][gc,stats    ]      Memory: Undo Object Allocation Failed                     0 / 0                 0 / 7                 0 / 7                 0 / 7           ops/s
[2026-06-17T10:22:58.491+0800][40.110s][info][gc,stats    ]      Memory: Undo Object Allocation Succeeded                  0 / 1                 0 / 3                 0 / 3                 0 / 3           ops/s
[2026-06-17T10:22:58.491+0800][40.110s][info][gc,stats    ]      Memory: Undo Page Allocation                              0 / 1                 0 / 1                 0 / 1                 0 / 1           ops/s
[2026-06-17T10:22:58.492+0800][40.110s][info][gc,stats    ]       Phase: Concurrent Destroy Detached Pages             0.001 / 0.003         0.001 / 0.004         0.001 / 0.004         0.001 / 0.004       ms
[2026-06-17T10:22:58.492+0800][40.110s][info][gc,stats    ]       Phase: Concurrent Mark                               1.856 / 2.686         1.818 / 3.544         1.818 / 3.544         1.818 / 3.544       ms
[2026-06-17T10:22:58.492+0800][40.111s][info][gc,stats    ]       Phase: Concurrent Mark Continue                      0.000 / 0.000         0.000 / 0.000         0.000 / 0.000         0.000 / 0.000       ms
[2026-06-17T10:22:58.492+0800][40.111s][info][gc,stats    ]       Phase: Concurrent Prepare Relocation Set             0.011 / 0.059         0.010 / 0.089         0.010 / 0.089         0.010 / 0.089       ms
[2026-06-17T10:22:58.493+0800][40.111s][info][gc,stats    ]       Phase: Concurrent Process Non-Strong References      0.186 / 0.460         0.191 / 0.603         0.191 / 0.603         0.191 / 0.603       ms
[2026-06-17T10:22:58.493+0800][40.112s][info][gc,stats    ]       Phase: Concurrent Relocate                           1.139 / 2.658         1.156 / 4.387         1.156 / 4.387         1.156 / 4.387       ms
[2026-06-17T10:22:58.493+0800][40.112s][info][gc,stats    ]       Phase: Concurrent Reset Relocation Set               0.003 / 0.011         0.004 / 0.024         0.004 / 0.024         0.004 / 0.024       ms
[2026-06-17T10:22:58.494+0800][40.113s][info][gc,stats    ]       Phase: Concurrent Select Relocation Set              0.852 / 1.738         0.793 / 2.260         0.793 / 2.260         0.793 / 2.260       ms
[2026-06-17T10:22:58.494+0800][40.113s][info][gc,stats    ]       Phase: Pause Mark End                                0.499 / 1.273         0.464 / 1.273         0.464 / 1.273         0.464 / 1.273       ms
[2026-06-17T10:22:58.494+0800][40.113s][info][gc,stats    ]       Phase: Pause Mark Start                              0.355 / 0.677         0.324 / 2.837         0.324 / 2.837         0.324 / 2.837       ms
[2026-06-17T10:22:58.495+0800][40.113s][info][gc,stats    ]       Phase: Pause Relocate Start                          0.229 / 0.662         0.211 / 0.662         0.211 / 0.662         0.211 / 0.662       ms
[2026-06-17T10:22:58.495+0800][40.114s][info][gc,stats    ]    Subphase: Concurrent Mark                               1.356 / 2.443         1.332 / 3.232         1.332 / 3.232         1.332 / 3.232       ms
[2026-06-17T10:22:58.495+0800][40.114s][info][gc,stats    ]    Subphase: Concurrent Mark Idle                          1.173 / 1.421         1.184 / 1.556         1.184 / 1.556         1.184 / 1.556       ms
[2026-06-17T10:22:58.496+0800][40.115s][info][gc,stats    ]    Subphase: Concurrent Mark Try Flush                     0.146 / 0.462         0.139 / 0.656         0.139 / 0.656         0.139 / 0.656       ms
[2026-06-17T10:22:58.496+0800][40.115s][info][gc,stats    ]    Subphase: Concurrent Mark Try Terminate                 0.613 / 1.424         0.619 / 1.560         0.619 / 1.560         0.619 / 1.560       ms
[2026-06-17T10:22:58.496+0800][40.115s][info][gc,stats    ]    Subphase: Concurrent References Enqueue                 0.000 / 0.001         0.000 / 0.001         0.000 / 0.001         0.000 / 0.001       ms
[2026-06-17T10:22:58.497+0800][40.115s][info][gc,stats    ]    Subphase: Concurrent References Process                 0.079 / 0.241         0.085 / 0.305         0.085 / 0.305         0.085 / 0.305       ms
[2026-06-17T10:22:58.497+0800][40.116s][info][gc,stats    ]    Subphase: Concurrent Weak Roots                         0.020 / 0.099         0.019 / 0.156         0.019 / 0.156         0.019 / 0.156       ms
[2026-06-17T10:22:58.497+0800][40.116s][info][gc,stats    ]    Subphase: Concurrent Weak Roots JNIWeakHandles          0.000 / 0.001         0.000 / 0.001         0.000 / 0.001         0.000 / 0.001       ms
[2026-06-17T10:22:58.497+0800][40.116s][info][gc,stats    ]    Subphase: Concurrent Weak Roots StringTable             0.025 / 0.093         0.023 / 0.150         0.023 / 0.150         0.023 / 0.150       ms
[2026-06-17T10:22:58.498+0800][40.117s][info][gc,stats    ]    Subphase: Concurrent Weak Roots VMWeakHandles           0.002 / 0.004         0.002 / 0.008         0.002 / 0.008         0.002 / 0.008       ms
[2026-06-17T10:22:58.498+0800][40.117s][info][gc,stats    ]    Subphase: Pause Mark Try Complete                       0.000 / 0.000         0.000 / 0.000         0.000 / 0.000         0.000 / 0.000       ms
[2026-06-17T10:22:58.498+0800][40.117s][info][gc,stats    ]    Subphase: Pause Remap TLABS                             0.001 / 0.002         0.001 / 0.016         0.001 / 0.016         0.001 / 0.016       ms
[2026-06-17T10:22:58.499+0800][40.117s][info][gc,stats    ]    Subphase: Pause Retire TLABS                            0.008 / 0.048         0.008 / 0.048         0.008 / 0.048         0.008 / 0.048       ms
[2026-06-17T10:22:58.499+0800][40.118s][info][gc,stats    ]    Subphase: Pause Roots                                   0.005 / 0.336         0.005 / 0.336         0.005 / 0.336         0.005 / 0.336       ms
[2026-06-17T10:22:58.499+0800][40.118s][info][gc,stats    ]    Subphase: Pause Roots ClassLoaderDataGraph              0.019 / 0.313         0.017 / 0.313         0.017 / 0.313         0.017 / 0.313       ms
[2026-06-17T10:22:58.500+0800][40.118s][info][gc,stats    ]    Subphase: Pause Roots CodeCache                         0.010 / 0.066         0.008 / 0.066         0.008 / 0.066         0.008 / 0.066       ms
[2026-06-17T10:22:58.500+0800][40.119s][info][gc,stats    ]    Subphase: Pause Roots JNIHandles                        0.001 / 0.018         0.002 / 0.062         0.002 / 0.062         0.002 / 0.062       ms
[2026-06-17T10:22:58.500+0800][40.119s][info][gc,stats    ]    Subphase: Pause Roots JNIWeakHandles                    0.000 / 0.000         0.000 / 0.000         0.000 / 0.000         0.000 / 0.000       ms
[2026-06-17T10:22:58.500+0800][40.119s][info][gc,stats    ]    Subphase: Pause Roots JRFWeak                           0.000 / 0.000         0.000 / 0.000         0.000 / 0.000         0.000 / 0.000       ms
[2026-06-17T10:22:58.501+0800][40.120s][info][gc,stats    ]    Subphase: Pause Roots JVMTIExport                       0.001 / 0.002         0.001 / 0.002         0.001 / 0.002         0.001 / 0.002       ms
[2026-06-17T10:22:58.501+0800][40.120s][info][gc,stats    ]    Subphase: Pause Roots JVMTIWeakExport                   0.000 / 0.001         0.000 / 0.001         0.000 / 0.001         0.000 / 0.001       ms
[2026-06-17T10:22:58.501+0800][40.120s][info][gc,stats    ]    Subphase: Pause Roots Management                        0.002 / 0.087         0.002 / 0.087         0.002 / 0.087         0.002 / 0.087       ms
[2026-06-17T10:22:58.502+0800][40.121s][info][gc,stats    ]    Subphase: Pause Roots ObjectSynchronizer                0.000 / 0.001         0.000 / 0.001         0.000 / 0.001         0.000 / 0.001       ms
[2026-06-17T10:22:58.502+0800][40.121s][info][gc,stats    ]    Subphase: Pause Roots Setup                             0.001 / 0.006         0.001 / 0.006         0.001 / 0.006         0.001 / 0.006       ms
[2026-06-17T10:22:58.502+0800][40.121s][info][gc,stats    ]    Subphase: Pause Roots StringTable                       0.000 / 0.000         0.000 / 0.000         0.000 / 0.000         0.000 / 0.000       ms
[2026-06-17T10:22:58.503+0800][40.121s][info][gc,stats    ]    Subphase: Pause Roots SystemDictionary                  0.002 / 0.079         0.002 / 0.079         0.002 / 0.079         0.002 / 0.079       ms
[2026-06-17T10:22:58.503+0800][40.122s][info][gc,stats    ]    Subphase: Pause Roots Teardown                          0.001 / 0.004         0.001 / 0.009         0.001 / 0.009         0.001 / 0.009       ms
[2026-06-17T10:22:58.503+0800][40.122s][info][gc,stats    ]    Subphase: Pause Roots Threads                           0.018 / 0.138         0.016 / 0.263         0.016 / 0.263         0.016 / 0.263       ms
[2026-06-17T10:22:58.503+0800][40.122s][info][gc,stats    ]    Subphase: Pause Roots Universe                          0.005 / 0.080         0.005 / 0.084         0.005 / 0.084         0.005 / 0.084       ms
[2026-06-17T10:22:58.504+0800][40.122s][info][gc,stats    ]    Subphase: Pause Roots VMWeakHandles                     0.000 / 0.000         0.000 / 0.000         0.000 / 0.000         0.000 / 0.000       ms
[2026-06-17T10:22:58.504+0800][40.123s][info][gc,stats    ]    Subphase: Pause Weak Roots                              0.000 / 0.005         0.000 / 0.013         0.000 / 0.013         0.000 / 0.013       ms
[2026-06-17T10:22:58.504+0800][40.123s][info][gc,stats    ]    Subphase: Pause Weak Roots JFRWeak                      0.001 / 0.001         0.001 / 0.002         0.001 / 0.002         0.001 / 0.002       ms
[2026-06-17T10:22:58.504+0800][40.123s][info][gc,stats    ]    Subphase: Pause Weak Roots JNIWeakHandles               0.000 / 0.000         0.000 / 0.000         0.000 / 0.000         0.000 / 0.000       ms
[2026-06-17T10:22:58.505+0800][40.123s][info][gc,stats    ]    Subphase: Pause Weak Roots JVMTIWeakExport              0.001 / 0.004         0.001 / 0.004         0.001 / 0.004         0.001 / 0.004       ms
[2026-06-17T10:22:58.505+0800][40.124s][info][gc,stats    ]    Subphase: Pause Weak Roots Setup                        0.000 / 0.000         0.000 / 0.000         0.000 / 0.000         0.000 / 0.000       ms
[2026-06-17T10:22:58.506+0800][40.124s][info][gc,stats    ]    Subphase: Pause Weak Roots StringTable                  0.000 / 0.000         0.000 / 0.000         0.000 / 0.000         0.000 / 0.000       ms
[2026-06-17T10:22:58.506+0800][40.125s][info][gc,stats    ]    Subphase: Pause Weak Roots SymbolTable                  0.000 / 0.000         0.000 / 0.000         0.000 / 0.000         0.000 / 0.000       ms
[2026-06-17T10:22:58.506+0800][40.125s][info][gc,stats    ]    Subphase: Pause Weak Roots Teardown                     0.001 / 0.002         0.001 / 0.002         0.001 / 0.002         0.001 / 0.002       ms
[2026-06-17T10:22:58.507+0800][40.125s][info][gc,stats    ]    Subphase: Pause Weak Roots VMWeakHandles                0.000 / 0.000         0.000 / 0.000         0.000 / 0.000         0.000 / 0.000       ms
[2026-06-17T10:22:58.507+0800][40.126s][info][gc,stats    ]      System: Java Threads                                     10 / 10                9 / 10                9 / 10                9 / 10          threads
[2026-06-17T10:22:58.508+0800][40.126s][info][gc,stats    ] =========================================================================================================================================================
[2026-06-17T10:22:58.563+0800][40.181s][info][gc,start    ] GC(388) Garbage Collection (Allocation Rate)
[2026-06-17T10:22:58.564+0800][40.182s][info][gc,phases   ] GC(388) Pause Mark Start 0.165ms
[2026-06-17T10:22:58.566+0800][40.184s][info][gc,phases   ] GC(388) Concurrent Mark 1.619ms
[2026-06-17T10:22:58.567+0800][40.186s][info][gc,phases   ] GC(388) Pause Mark End 0.318ms
[2026-06-17T10:22:58.567+0800][40.186s][info][gc,phases   ] GC(388) Concurrent Process Non-Strong References 0.164ms
[2026-06-17T10:22:58.568+0800][40.186s][info][gc,phases   ] GC(388) Concurrent Reset Relocation Set 0.002ms
[2026-06-17T10:22:58.568+0800][40.187s][info][gc,phases   ] GC(388) Concurrent Destroy Detached Pages 0.001ms
[2026-06-17T10:22:58.569+0800][40.188s][info][gc,phases   ] GC(388) Concurrent Select Relocation Set 0.469ms
[2026-06-17T10:22:58.569+0800][40.188s][info][gc,phases   ] GC(388) Concurrent Prepare Relocation Set 0.001ms
[2026-06-17T10:22:58.570+0800][40.189s][info][gc,phases   ] GC(388) Pause Relocate Start 0.133ms
[2026-06-17T10:22:58.571+0800][40.190s][info][gc,phases   ] GC(388) Concurrent Relocate 0.254ms
[2026-06-17T10:22:58.571+0800][40.190s][info][gc,load     ] GC(388) Load: 0.15/0.19/0.27
[2026-06-17T10:22:58.572+0800][40.191s][info][gc,mmu      ] GC(388) MMU: 2ms/0.0%, 5ms/43.3%, 10ms/66.9%, 20ms/83.5%, 50ms/93.4%, 100ms/96.6%
[2026-06-17T10:22:58.572+0800][40.191s][info][gc,marking  ] GC(388) Mark: 2 stripe(s), 2 proactive flush(es), 1 terminate flush(es), 0 completion(s), 0 continuation(s) 
[2026-06-17T10:22:58.573+0800][40.191s][info][gc,reloc    ] GC(388) Relocation: Successful, 3M relocated
[2026-06-17T10:22:58.573+0800][40.192s][info][gc,nmethod  ] GC(388) NMethods: 25 registered, 0 unregistered
[2026-06-17T10:22:58.574+0800][40.193s][info][gc,metaspace] GC(388) Metaspace: 3M used, 4M capacity, 4M committed, 8M reserved
[2026-06-17T10:22:58.574+0800][40.193s][info][gc,ref      ] GC(388) Soft: 43 encountered, 0 discovered, 0 enqueued
[2026-06-17T10:22:58.575+0800][40.194s][info][gc,ref      ] GC(388) Weak: 7 encountered, 0 discovered, 0 enqueued
[2026-06-17T10:22:58.575+0800][40.194s][info][gc,ref      ] GC(388) Final: 0 encountered, 0 discovered, 0 enqueued
[2026-06-17T10:22:58.576+0800][40.194s][info][gc,ref      ] GC(388) Phantom: 1 encountered, 1 discovered, 0 enqueued
[2026-06-17T10:22:58.576+0800][40.195s][info][gc,heap     ] GC(388)                Mark Start          Mark End        Relocate Start      Relocate End           High               Low         
[2026-06-17T10:22:58.577+0800][40.195s][info][gc,heap     ] GC(388)  Capacity:      256M (100%)        256M (100%)        256M (100%)        256M (100%)        256M (100%)        256M (100%)   
[2026-06-17T10:22:58.577+0800][40.196s][info][gc,heap     ] GC(388)   Reserve:       62M (24%)          62M (24%)          62M (24%)          62M (24%)          62M (24%)          62M (24%)    
[2026-06-17T10:22:58.577+0800][40.196s][info][gc,heap     ] GC(388)      Free:      114M (45%)         110M (43%)         140M (55%)         150M (59%)         150M (59%)         110M (43%)    
[2026-06-17T10:22:58.578+0800][40.197s][info][gc,heap     ] GC(388)      Used:       80M (31%)          84M (33%)          54M (21%)          44M (17%)          84M (33%)          44M (17%)    
[2026-06-17T10:22:58.578+0800][40.197s][info][gc,heap     ] GC(388)      Live:         -                30M (12%)          30M (12%)          30M (12%)            -                  -          
[2026-06-17T10:22:58.579+0800][40.198s][info][gc,heap     ] GC(388) Allocated:         -                 4M (2%)            4M (2%)            8M (3%)             -                  -          
[2026-06-17T10:22:58.579+0800][40.198s][info][gc,heap     ] GC(388)   Garbage:         -                49M (19%)          19M (8%)            9M (4%)             -                  -          
[2026-06-17T10:22:58.580+0800][40.199s][info][gc,heap     ] GC(388) Reclaimed:         -                  -                30M (12%)          40M (16%)            -                  -          
[2026-06-17T10:22:58.580+0800][40.199s][info][gc          ] GC(388) Garbage Collection (Allocation Rate) 80M(31%)->44M(17%)
[2026-06-17T10:22:58.663+0800][40.282s][info][gc,start    ] GC(389) Garbage Collection (Allocation Rate)
[2026-06-17T10:22:58.664+0800][40.283s][info][gc,phases   ] GC(389) Pause Mark Start 0.214ms
[2026-06-17T10:22:58.666+0800][40.285s][info][gc,phases   ] GC(389) Concurrent Mark 1.491ms
[2026-06-17T10:22:58.667+0800][40.286s][info][gc,phases   ] GC(389) Pause Mark End 0.287ms
[2026-06-17T10:22:58.667+0800][40.286s][info][gc,phases   ] GC(389) Concurrent Process Non-Strong References 0.113ms
[2026-06-17T10:22:58.667+0800][40.286s][info][gc,phases   ] GC(389) Concurrent Reset Relocation Set 0.002ms
[2026-06-17T10:22:58.668+0800][40.286s][info][gc,phases   ] GC(389) Concurrent Destroy Detached Pages 0.000ms
[2026-06-17T10:22:58.668+0800][40.287s][info][gc,phases   ] GC(389) Concurrent Select Relocation Set 0.518ms
[2026-06-17T10:22:58.669+0800][40.287s][info][gc,phases   ] GC(389) Concurrent Prepare Relocation Set 0.002ms
[2026-06-17T10:22:58.669+0800][40.288s][info][gc,phases   ] GC(389) Pause Relocate Start 0.126ms
[2026-06-17T10:22:58.672+0800][40.290s][info][gc,phases   ] GC(389) Concurrent Relocate 2.170ms
[2026-06-17T10:22:58.672+0800][40.291s][info][gc,load     ] GC(389) Load: 0.14/0.19/0.27
[2026-06-17T10:22:58.672+0800][40.291s][info][gc,mmu      ] GC(389) MMU: 2ms/0.0%, 5ms/43.3%, 10ms/66.9%, 20ms/83.5%, 50ms/93.4%, 100ms/96.6%
[2026-06-17T10:22:58.672+0800][40.291s][info][gc,marking  ] GC(389) Mark: 2 stripe(s), 1 proactive flush(es), 1 terminate flush(es), 0 completion(s), 0 continuation(s) 
[2026-06-17T10:22:58.672+0800][40.291s][info][gc,reloc    ] GC(389) Relocation: Successful, 26M relocated
[2026-06-17T10:22:58.673+0800][40.291s][info][gc,nmethod  ] GC(389) NMethods: 25 registered, 0 unregistered
[2026-06-17T10:22:58.673+0800][40.292s][info][gc,metaspace] GC(389) Metaspace: 3M used, 4M capacity, 4M committed, 8M reserved
[2026-06-17T10:22:58.673+0800][40.292s][info][gc,ref      ] GC(389) Soft: 43 encountered, 0 discovered, 0 enqueued
[2026-06-17T10:22:58.673+0800][40.292s][info][gc,ref      ] GC(389) Weak: 7 encountered, 2 discovered, 0 enqueued
[2026-06-17T10:22:58.674+0800][40.292s][info][gc,ref      ] GC(389) Final: 0 encountered, 0 discovered, 0 enqueued
[2026-06-17T10:22:58.674+0800][40.293s][info][gc,ref      ] GC(389) Phantom: 1 encountered, 1 discovered, 0 enqueued
[2026-06-17T10:22:58.674+0800][40.293s][info][gc,heap     ] GC(389)                Mark Start          Mark End        Relocate Start      Relocate End           High               Low         
[2026-06-17T10:22:58.674+0800][40.293s][info][gc,heap     ] GC(389)  Capacity:      256M (100%)        256M (100%)        256M (100%)        256M (100%)        256M (100%)        256M (100%)   
[2026-06-17T10:22:58.681+0800][40.299s][info][gc,heap     ] GC(389)   Reserve:       62M (24%)          62M (24%)          62M (24%)          62M (24%)          62M (24%)          62M (24%)    
[2026-06-17T10:22:58.681+0800][40.300s][info][gc,heap     ] GC(389)      Free:       84M (33%)          84M (33%)          76M (30%)         144M (56%)         144M (56%)          68M (27%)    
[2026-06-17T10:22:58.682+0800][40.301s][info][gc,heap     ] GC(389)      Used:      110M (43%)         110M (43%)         118M (46%)          50M (20%)         126M (49%)          50M (20%)    
[2026-06-17T10:22:58.683+0800][40.302s][info][gc,heap     ] GC(389)      Live:         -                26M (10%)          26M (10%)          26M (10%)            -                  -          
[2026-06-17T10:22:58.684+0800][40.303s][info][gc,heap     ] GC(389) Allocated:         -                 0M (0%)           36M (14%)          46M (18%)            -                  -          
[2026-06-17T10:22:58.685+0800][40.304s][info][gc,heap     ] GC(389)   Garbage:         -                83M (33%)          55M (22%)    17592186044403M (6         -                  -          
[2026-06-17T10:22:58.686+0800][40.304s][info][gc,heap     ] GC(389) Reclaimed:         -                  -                28M (11%)          96M (38%)            -                  -          
[2026-06-17T10:22:58.689+0800][40.308s][info][gc          ] GC(389) Garbage Collection (Allocation Rate) 110M(43%)->50M(20%)
[2026-06-17T10:22:58.763+0800][40.382s][info][gc,start    ] GC(390) Garbage Collection (Allocation Rate)
[2026-06-17T10:22:58.764+0800][40.383s][info][gc,phases   ] GC(390) Pause Mark Start 0.162ms
[2026-06-17T10:22:58.768+0800][40.387s][info][gc,phases   ] GC(390) Concurrent Mark 1.465ms
[2026-06-17T10:22:58.770+0800][40.388s][info][gc,phases   ] GC(390) Pause Mark End 0.265ms
[2026-06-17T10:22:58.772+0800][40.390s][info][gc,phases   ] GC(390) Concurrent Process Non-Strong References 0.074ms
[2026-06-17T10:22:58.772+0800][40.391s][info][gc,phases   ] GC(390) Concurrent Reset Relocation Set 0.002ms
[2026-06-17T10:22:58.780+0800][40.399s][info][gc,phases   ] GC(390) Concurrent Destroy Detached Pages 0.001ms
[2026-06-17T10:22:58.785+0800][40.404s][info][gc,phases   ] GC(390) Concurrent Select Relocation Set 0.792ms
[2026-06-17T10:22:58.791+0800][40.409s][info][gc,phases   ] GC(390) Concurrent Prepare Relocation Set 0.014ms
[2026-06-17T10:22:58.798+0800][40.417s][info][gc,phases   ] GC(390) Pause Relocate Start 0.332ms
[2026-06-17T10:22:58.799+0800][40.418s][info][gc,phases   ] GC(390) Concurrent Relocate 0.450ms
[2026-06-17T10:22:58.802+0800][40.421s][info][gc,load     ] GC(390) Load: 0.14/0.19/0.27
[2026-06-17T10:22:58.804+0800][40.423s][info][gc,mmu      ] GC(390) MMU: 2ms/0.0%, 5ms/43.3%, 10ms/66.9%, 20ms/83.5%, 50ms/93.4%, 100ms/96.6%
[2026-06-17T10:22:58.806+0800][40.425s][info][gc,marking  ] GC(390) Mark: 2 stripe(s), 1 proactive flush(es), 1 terminate flush(es), 0 completion(s), 0 continuation(s) 
[2026-06-17T10:22:58.807+0800][40.426s][info][gc,reloc    ] GC(390) Relocation: Successful, 24M relocated
[2026-06-17T10:22:58.811+0800][40.429s][info][gc,nmethod  ] GC(390) NMethods: 25 registered, 0 unregistered
[2026-06-17T10:22:58.812+0800][40.431s][info][gc,metaspace] GC(390) Metaspace: 3M used, 4M capacity, 4M committed, 8M reserved
[2026-06-17T10:22:58.815+0800][40.433s][info][gc,ref      ] GC(390) Soft: 43 encountered, 0 discovered, 0 enqueued
[2026-06-17T10:22:58.817+0800][40.435s][info][gc,ref      ] GC(390) Weak: 7 encountered, 2 discovered, 0 enqueued
[2026-06-17T10:22:58.817+0800][40.436s][info][gc,ref      ] GC(390) Final: 0 encountered, 0 discovered, 0 enqueued
[2026-06-17T10:22:58.817+0800][40.436s][info][gc,ref      ] GC(390) Phantom: 1 encountered, 1 discovered, 0 enqueued
[2026-06-17T10:22:58.817+0800][40.436s][info][gc,heap     ] GC(390)                Mark Start          Mark End        Relocate Start      Relocate End           High               Low         
[2026-06-17T10:22:58.818+0800][40.436s][info][gc,heap     ] GC(390)  Capacity:      256M (100%)        256M (100%)        256M (100%)        256M (100%)        256M (100%)        256M (100%)   
[2026-06-17T10:22:58.818+0800][40.437s][info][gc,heap     ] GC(390)   Reserve:       62M (24%)          62M (24%)          62M (24%)          62M (24%)          62M (24%)          62M (24%)    
[2026-06-17T10:22:58.818+0800][40.437s][info][gc,heap     ] GC(390)      Free:      108M (42%)         108M (42%)          96M (38%)         104M (41%)         108M (42%)          66M (26%)    
[2026-06-17T10:22:58.818+0800][40.437s][info][gc,heap     ] GC(390)      Used:       86M (34%)          86M (34%)          98M (38%)          90M (35%)         128M (50%)          86M (34%)    
[2026-06-17T10:22:58.819+0800][40.437s][info][gc,heap     ] GC(390)      Live:         -                26M (10%)          26M (10%)          26M (10%)            -                  -          
[2026-06-17T10:22:58.819+0800][40.438s][info][gc,heap     ] GC(390) Allocated:         -                 0M (0%)           44M (17%)          54M (21%)            -                  -          
[2026-06-17T10:22:58.819+0800][40.438s][info][gc,heap     ] GC(390)   Garbage:         -                59M (23%)          27M (11%)          19M (8%)             -                  -          
[2026-06-17T10:22:58.819+0800][40.438s][info][gc,heap     ] GC(390) Reclaimed:         -                  -                32M (12%)          40M (16%)            -                  -          
[2026-06-17T10:22:58.820+0800][40.438s][info][gc          ] GC(390) Garbage Collection (Allocation Rate) 86M(34%)->90M(35%)
[2026-06-17T10:22:58.863+0800][40.482s][info][gc,start    ] GC(391) Garbage Collection (Allocation Rate)
[2026-06-17T10:22:58.864+0800][40.483s][info][gc,phases   ] GC(391) Pause Mark Start 0.255ms
[2026-06-17T10:22:58.866+0800][40.485s][info][gc,phases   ] GC(391) Concurrent Mark 1.524ms
[2026-06-17T10:22:58.867+0800][40.486s][info][gc,phases   ] GC(391) Pause Mark End 0.287ms
[2026-06-17T10:22:58.867+0800][40.486s][info][gc,phases   ] GC(391) Concurrent Process Non-Strong References 0.177ms
[2026-06-17T10:22:58.868+0800][40.487s][info][gc,phases   ] GC(391) Concurrent Reset Relocation Set 0.001ms
[2026-06-17T10:22:58.868+0800][40.487s][info][gc,phases   ] GC(391) Concurrent Destroy Detached Pages 0.001ms
[2026-06-17T10:22:58.869+0800][40.487s][info][gc,phases   ] GC(391) Concurrent Select Relocation Set 0.478ms
[2026-06-17T10:22:58.869+0800][40.488s][info][gc,phases   ] GC(391) Concurrent Prepare Relocation Set 0.008ms
[2026-06-17T10:22:58.869+0800][40.488s][info][gc,phases   ] GC(391) Pause Relocate Start 0.155ms
[2026-06-17T10:22:58.871+0800][40.490s][info][gc,phases   ] GC(391) Concurrent Relocate 1.326ms
[2026-06-17T10:22:58.871+0800][40.490s][info][gc,load     ] GC(391) Load: 0.14/0.19/0.27
[2026-06-17T10:22:58.871+0800][40.490s][info][gc,mmu      ] GC(391) MMU: 2ms/0.0%, 5ms/43.3%, 10ms/66.9%, 20ms/83.5%, 50ms/93.4%, 100ms/96.6%
[2026-06-17T10:22:58.872+0800][40.490s][info][gc,marking  ] GC(391) Mark: 2 stripe(s), 1 proactive flush(es), 1 terminate flush(es), 0 completion(s), 0 continuation(s) 
[2026-06-17T10:22:58.872+0800][40.491s][info][gc,reloc    ] GC(391) Relocation: Successful, 21M relocated
[2026-06-17T10:22:58.872+0800][40.491s][info][gc,nmethod  ] GC(391) NMethods: 25 registered, 0 unregistered
[2026-06-17T10:22:58.872+0800][40.491s][info][gc,metaspace] GC(391) Metaspace: 3M used, 4M capacity, 4M committed, 8M reserved
[2026-06-17T10:22:58.872+0800][40.491s][info][gc,ref      ] GC(391) Soft: 43 encountered, 0 discovered, 0 enqueued
[2026-06-17T10:22:58.872+0800][40.491s][info][gc,ref      ] GC(391) Weak: 7 encountered, 2 discovered, 0 enqueued
[2026-06-17T10:22:58.873+0800][40.491s][info][gc,ref      ] GC(391) Final: 0 encountered, 0 discovered, 0 enqueued
[2026-06-17T10:22:58.873+0800][40.491s][info][gc,ref      ] GC(391) Phantom: 1 encountered, 1 discovered, 0 enqueued
[2026-06-17T10:22:58.873+0800][40.492s][info][gc,heap     ] GC(391)                Mark Start          Mark End        Relocate Start      Relocate End           High               Low         
[2026-06-17T10:22:58.873+0800][40.492s][info][gc,heap     ] GC(391)  Capacity:      256M (100%)        256M (100%)        256M (100%)        256M (100%)        256M (100%)        256M (100%)   
[2026-06-17T10:22:58.873+0800][40.492s][info][gc,heap     ] GC(391)   Reserve:       62M (24%)          62M (24%)          62M (24%)          62M (24%)          62M (24%)          62M (24%)    
[2026-06-17T10:22:58.873+0800][40.492s][info][gc,heap     ] GC(391)      Free:       80M (31%)          42M (16%)          70M (27%)         142M (55%)         142M (55%)          42M (16%)    
[2026-06-17T10:22:58.873+0800][40.492s][info][gc,heap     ] GC(391)      Used:      114M (45%)         152M (59%)         124M (48%)          52M (20%)         152M (59%)          52M (20%)    
[2026-06-17T10:22:58.873+0800][40.492s][info][gc,heap     ] GC(391)      Live:         -                23M (9%)           23M (9%)           23M (9%)             -                  -          
[2026-06-17T10:22:58.874+0800][40.492s][info][gc,heap     ] GC(391) Allocated:         -                38M (15%)          38M (15%)          46M (18%)            -                  -          
[2026-06-17T10:22:58.874+0800][40.492s][info][gc,heap     ] GC(391)   Garbage:         -                90M (35%)          62M (25%)    17592186044406M (6         -                  -          
[2026-06-17T10:22:58.874+0800][40.492s][info][gc,heap     ] GC(391) Reclaimed:         -                  -                28M (11%)         100M (39%)            -                  -          
[2026-06-17T10:22:58.874+0800][40.493s][info][gc          ] GC(391) Garbage Collection (Allocation Rate) 114M(45%)->52M(20%)
[2026-06-17T10:22:58.963+0800][40.581s][info][gc,start    ] GC(392) Garbage Collection (Allocation Rate)
[2026-06-17T10:22:58.964+0800][40.582s][info][gc,phases   ] GC(392) Pause Mark Start 0.155ms
[2026-06-17T10:22:58.966+0800][40.584s][info][gc,phases   ] GC(392) Concurrent Mark 1.695ms
[2026-06-17T10:22:58.966+0800][40.585s][info][gc,phases   ] GC(392) Pause Mark End 0.228ms
[2026-06-17T10:22:58.967+0800][40.586s][info][gc,phases   ] GC(392) Concurrent Process Non-Strong References 0.091ms
[2026-06-17T10:22:58.969+0800][40.587s][info][gc,phases   ] GC(392) Concurrent Reset Relocation Set 0.003ms
[2026-06-17T10:22:58.969+0800][40.588s][info][gc,phases   ] GC(392) Concurrent Destroy Detached Pages 0.001ms
[2026-06-17T10:22:58.970+0800][40.588s][info][gc,phases   ] GC(392) Concurrent Select Relocation Set 0.478ms
[2026-06-17T10:22:58.970+0800][40.589s][info][gc,phases   ] GC(392) Concurrent Prepare Relocation Set 0.003ms
[2026-06-17T10:22:58.971+0800][40.589s][info][gc,phases   ] GC(392) Pause Relocate Start 0.118ms
[2026-06-17T10:22:58.971+0800][40.590s][info][gc,phases   ] GC(392) Concurrent Relocate 0.355ms
[2026-06-17T10:22:58.971+0800][40.590s][info][gc,load     ] GC(392) Load: 0.14/0.19/0.27
[2026-06-17T10:22:58.972+0800][40.590s][info][gc,mmu      ] GC(392) MMU: 2ms/0.0%, 5ms/43.3%, 10ms/66.9%, 20ms/83.5%, 50ms/93.4%, 100ms/96.6%
[2026-06-17T10:22:58.972+0800][40.591s][info][gc,marking  ] GC(392) Mark: 2 stripe(s), 1 proactive flush(es), 1 terminate flush(es), 0 completion(s), 0 continuation(s) 
[2026-06-17T10:22:58.972+0800][40.591s][info][gc,reloc    ] GC(392) Relocation: Successful, 20M relocated
[2026-06-17T10:22:58.972+0800][40.591s][info][gc,nmethod  ] GC(392) NMethods: 25 registered, 0 unregistered
[2026-06-17T10:22:58.972+0800][40.591s][info][gc,metaspace] GC(392) Metaspace: 3M used, 4M capacity, 4M committed, 8M reserved
[2026-06-17T10:22:58.973+0800][40.591s][info][gc,ref      ] GC(392) Soft: 43 encountered, 0 discovered, 0 enqueued
[2026-06-17T10:22:58.973+0800][40.591s][info][gc,ref      ] GC(392) Weak: 7 encountered, 2 discovered, 0 enqueued
[2026-06-17T10:22:58.973+0800][40.592s][info][gc,ref      ] GC(392) Final: 0 encountered, 0 discovered, 0 enqueued
[2026-06-17T10:22:58.973+0800][40.592s][info][gc,ref      ] GC(392) Phantom: 1 encountered, 1 discovered, 0 enqueued
[2026-06-17T10:22:58.973+0800][40.592s][info][gc,heap     ] GC(392)                Mark Start          Mark End        Relocate Start      Relocate End           High               Low         
[2026-06-17T10:22:58.973+0800][40.592s][info][gc,heap     ] GC(392)  Capacity:      256M (100%)        256M (100%)        256M (100%)        256M (100%)        256M (100%)        256M (100%)   
[2026-06-17T10:22:58.973+0800][40.592s][info][gc,heap     ] GC(392)   Reserve:       62M (24%)          62M (24%)          62M (24%)          62M (24%)          62M (24%)          62M (24%)    
[2026-06-17T10:22:58.973+0800][40.592s][info][gc,heap     ] GC(392)      Free:      108M (42%)         108M (42%)         136M (53%)         150M (59%)         150M (59%)         108M (42%)    
[2026-06-17T10:22:58.974+0800][40.592s][info][gc,heap     ] GC(392)      Used:       86M (34%)          86M (34%)          58M (23%)          44M (17%)          86M (34%)          44M (17%)    
[2026-06-17T10:22:58.974+0800][40.592s][info][gc,heap     ] GC(392)      Live:         -                22M (9%)           22M (9%)           22M (9%)             -                  -          
[2026-06-17T10:22:58.974+0800][40.593s][info][gc,heap     ] GC(392) Allocated:         -                 0M (0%)            0M (0%)            8M (3%)             -                  -          
[2026-06-17T10:22:58.974+0800][40.593s][info][gc,heap     ] GC(392)   Garbage:         -                63M (25%)          35M (14%)          17M (7%)             -                  -          
[2026-06-17T10:22:58.974+0800][40.593s][info][gc,heap     ] GC(392) Reclaimed:         -                  -                28M (11%)          46M (18%)            -                  -          
[2026-06-17T10:22:58.974+0800][40.593s][info][gc          ] GC(392) Garbage Collection (Allocation Rate) 86M(34%)->44M(17%)
[2026-06-17T10:22:59.063+0800][40.682s][info][gc,start    ] GC(393) Garbage Collection (Allocation Rate)
[2026-06-17T10:22:59.064+0800][40.682s][info][gc,phases   ] GC(393) Pause Mark Start 0.146ms
[2026-06-17T10:22:59.066+0800][40.685s][info][gc,phases   ] GC(393) Concurrent Mark 1.627ms
[2026-06-17T10:22:59.067+0800][40.686s][info][gc,phases   ] GC(393) Pause Mark End 0.256ms
[2026-06-17T10:22:59.068+0800][40.686s][info][gc,phases   ] GC(393) Concurrent Process Non-Strong References 0.142ms
[2026-06-17T10:22:59.068+0800][40.687s][info][gc,phases   ] GC(393) Concurrent Reset Relocation Set 0.003ms
[2026-06-17T10:22:59.068+0800][40.687s][info][gc,phases   ] GC(393) Concurrent Destroy Detached Pages 0.003ms
[2026-06-17T10:22:59.069+0800][40.688s][info][gc,phases   ] GC(393) Concurrent Select Relocation Set 0.470ms
[2026-06-17T10:22:59.069+0800][40.688s][info][gc,phases   ] GC(393) Concurrent Prepare Relocation Set 0.002ms
[2026-06-17T10:22:59.070+0800][40.689s][info][gc,phases   ] GC(393) Pause Relocate Start 0.113ms
[2026-06-17T10:22:59.072+0800][40.691s][info][gc,phases   ] GC(393) Concurrent Relocate 1.800ms
[2026-06-17T10:22:59.072+0800][40.691s][info][gc,load     ] GC(393) Load: 0.14/0.19/0.27
[2026-06-17T10:22:59.072+0800][40.691s][info][gc,mmu      ] GC(393) MMU: 2ms/0.0%, 5ms/43.3%, 10ms/66.9%, 20ms/83.5%, 50ms/93.4%, 100ms/96.6%
[2026-06-17T10:22:59.073+0800][40.691s][info][gc,marking  ] GC(393) Mark: 2 stripe(s), 1 proactive flush(es), 1 terminate flush(es), 0 completion(s), 0 continuation(s) 
[2026-06-17T10:22:59.073+0800][40.692s][info][gc,reloc    ] GC(393) Relocation: Successful, 25M relocated
[2026-06-17T10:22:59.073+0800][40.692s][info][gc,nmethod  ] GC(393) NMethods: 25 registered, 0 unregistered
[2026-06-17T10:22:59.073+0800][40.692s][info][gc,metaspace] GC(393) Metaspace: 3M used, 4M capacity, 4M committed, 8M reserved
[2026-06-17T10:22:59.073+0800][40.692s][info][gc,ref      ] GC(393) Soft: 43 encountered, 0 discovered, 0 enqueued
[2026-06-17T10:22:59.073+0800][40.692s][info][gc,ref      ] GC(393) Weak: 7 encountered, 2 discovered, 0 enqueued
[2026-06-17T10:22:59.074+0800][40.692s][info][gc,ref      ] GC(393) Final: 0 encountered, 0 discovered, 0 enqueued
[2026-06-17T10:22:59.074+0800][40.692s][info][gc,ref      ] GC(393) Phantom: 1 encountered, 1 discovered, 0 enqueued
[2026-06-17T10:22:59.074+0800][40.693s][info][gc,heap     ] GC(393)                Mark Start          Mark End        Relocate Start      Relocate End           High               Low         
[2026-06-17T10:22:59.074+0800][40.693s][info][gc,heap     ] GC(393)  Capacity:      256M (100%)        256M (100%)        256M (100%)        256M (100%)        256M (100%)        256M (100%)   
[2026-06-17T10:22:59.074+0800][40.693s][info][gc,heap     ] GC(393)   Reserve:       62M (24%)          62M (24%)          62M (24%)          62M (24%)          62M (24%)          62M (24%)    
[2026-06-17T10:22:59.074+0800][40.693s][info][gc,heap     ] GC(393)      Free:       88M (34%)          84M (33%)         108M (42%)         148M (58%)         148M (58%)          74M (29%)    
[2026-06-17T10:22:59.074+0800][40.693s][info][gc,heap     ] GC(393)      Used:      106M (41%)         110M (43%)          86M (34%)          46M (18%)         120M (47%)          46M (18%)    
[2026-06-17T10:22:59.074+0800][40.693s][info][gc,heap     ] GC(393)      Live:         -                28M (11%)          28M (11%)          28M (11%)            -                  -          
[2026-06-17T10:22:59.074+0800][40.693s][info][gc,heap     ] GC(393) Allocated:         -                 4M (2%)            4M (2%)           40M (16%)            -                  -          
[2026-06-17T10:22:59.075+0800][40.693s][info][gc,heap     ] GC(393)   Garbage:         -                77M (30%)          53M (21%)          13M (5%)             -                  -          
[2026-06-17T10:22:59.075+0800][40.693s][info][gc,heap     ] GC(393) Reclaimed:         -                  -                24M (9%)           64M (25%)            -                  -          
[2026-06-17T10:22:59.075+0800][40.693s][info][gc          ] GC(393) Garbage Collection (Allocation Rate) 106M(41%)->46M(18%)
[2026-06-17T10:22:59.163+0800][40.782s][info][gc,start    ] GC(394) Garbage Collection (Allocation Rate)
[2026-06-17T10:22:59.165+0800][40.784s][info][gc,phases   ] GC(394) Pause Mark Start 0.711ms
[2026-06-17T10:22:59.168+0800][40.787s][info][gc,phases   ] GC(394) Concurrent Mark 2.432ms
[2026-06-17T10:22:59.170+0800][40.789s][info][gc,phases   ] GC(394) Pause Mark End 0.586ms
[2026-06-17T10:22:59.171+0800][40.790s][info][gc,phases   ] GC(394) Concurrent Process Non-Strong References 0.236ms
[2026-06-17T10:22:59.171+0800][40.790s][info][gc,phases   ] GC(394) Concurrent Reset Relocation Set 0.004ms
[2026-06-17T10:22:59.172+0800][40.791s][info][gc,phases   ] GC(394) Concurrent Destroy Detached Pages 0.001ms
[2026-06-17T10:22:59.173+0800][40.792s][info][gc,phases   ] GC(394) Concurrent Select Relocation Set 1.121ms
[2026-06-17T10:22:59.174+0800][40.793s][info][gc,phases   ] GC(394) Concurrent Prepare Relocation Set 0.013ms
[2026-06-17T10:22:59.175+0800][40.793s][info][gc,phases   ] GC(394) Pause Relocate Start 0.319ms
[2026-06-17T10:22:59.175+0800][40.794s][info][gc,phases   ] GC(394) Concurrent Relocate 0.367ms
[2026-06-17T10:22:59.176+0800][40.794s][info][gc,load     ] GC(394) Load: 0.14/0.19/0.27
[2026-06-17T10:22:59.176+0800][40.794s][info][gc,mmu      ] GC(394) MMU: 2ms/0.0%, 5ms/43.3%, 10ms/66.9%, 20ms/83.5%, 50ms/93.4%, 100ms/96.6%
[2026-06-17T10:22:59.176+0800][40.795s][info][gc,marking  ] GC(394) Mark: 2 stripe(s), 1 proactive flush(es), 1 terminate flush(es), 0 completion(s), 0 continuation(s) 
[2026-06-17T10:22:59.176+0800][40.795s][info][gc,reloc    ] GC(394) Relocation: Successful, 21M relocated
[2026-06-17T10:22:59.176+0800][40.795s][info][gc,nmethod  ] GC(394) NMethods: 25 registered, 0 unregistered
[2026-06-17T10:22:59.176+0800][40.795s][info][gc,metaspace] GC(394) Metaspace: 3M used, 4M capacity, 4M committed, 8M reserved
[2026-06-17T10:22:59.176+0800][40.795s][info][gc,ref      ] GC(394) Soft: 43 encountered, 0 discovered, 0 enqueued
[2026-06-17T10:22:59.177+0800][40.795s][info][gc,ref      ] GC(394) Weak: 7 encountered, 0 discovered, 0 enqueued
[2026-06-17T10:22:59.177+0800][40.795s][info][gc,ref      ] GC(394) Final: 0 encountered, 0 discovered, 0 enqueued
[2026-06-17T10:22:59.177+0800][40.796s][info][gc,ref      ] GC(394) Phantom: 1 encountered, 0 discovered, 0 enqueued
[2026-06-17T10:22:59.177+0800][40.796s][info][gc,heap     ] GC(394)                Mark Start          Mark End        Relocate Start      Relocate End           High               Low         
[2026-06-17T10:22:59.177+0800][40.796s][info][gc,heap     ] GC(394)  Capacity:      256M (100%)        256M (100%)        256M (100%)        256M (100%)        256M (100%)        256M (100%)   
[2026-06-17T10:22:59.177+0800][40.796s][info][gc,heap     ] GC(394)   Reserve:       62M (24%)          62M (24%)          62M (24%)          62M (24%)          62M (24%)          62M (24%)    
[2026-06-17T10:22:59.177+0800][40.796s][info][gc,heap     ] GC(394)      Free:      114M (45%)         114M (45%)         140M (55%)         148M (58%)         148M (58%)         112M (44%)    
[2026-06-17T10:22:59.178+0800][40.796s][info][gc,heap     ] GC(394)      Used:       80M (31%)          80M (31%)          54M (21%)          46M (18%)          82M (32%)          46M (18%)    
[2026-06-17T10:22:59.178+0800][40.796s][info][gc,heap     ] GC(394)      Live:         -                25M (10%)          25M (10%)          25M (10%)            -                  -          
[2026-06-17T10:22:59.178+0800][40.796s][info][gc,heap     ] GC(394) Allocated:         -                 0M (0%)            4M (2%)            8M (3%)             -                  -          
[2026-06-17T10:22:59.178+0800][40.797s][info][gc,heap     ] GC(394)   Garbage:         -                54M (21%)          24M (10%)          16M (6%)             -                  -          
[2026-06-17T10:22:59.178+0800][40.797s][info][gc,heap     ] GC(394) Reclaimed:         -                  -                30M (12%)          38M (15%)            -                  -          
[2026-06-17T10:22:59.178+0800][40.797s][info][gc          ] GC(394) Garbage Collection (Allocation Rate) 80M(31%)->46M(18%)
[2026-06-17T10:22:59.264+0800][40.882s][info][gc,start    ] GC(395) Garbage Collection (Allocation Rate)
[2026-06-17T10:22:59.268+0800][40.887s][info][gc,phases   ] GC(395) Pause Mark Start 0.446ms
[2026-06-17T10:22:59.273+0800][40.892s][info][gc,phases   ] GC(395) Concurrent Mark 2.462ms
[2026-06-17T10:22:59.277+0800][40.896s][info][gc,phases   ] GC(395) Pause Mark End 1.056ms
[2026-06-17T10:22:59.278+0800][40.897s][info][gc,phases   ] GC(395) Concurrent Process Non-Strong References 0.404ms
[2026-06-17T10:22:59.281+0800][40.900s][info][gc,phases   ] GC(395) Concurrent Reset Relocation Set 0.023ms
[2026-06-17T10:22:59.282+0800][40.901s][info][gc,phases   ] GC(395) Concurrent Destroy Detached Pages 0.003ms
[2026-06-17T10:22:59.284+0800][40.903s][info][gc,phases   ] GC(395) Concurrent Select Relocation Set 1.271ms
[2026-06-17T10:22:59.285+0800][40.903s][info][gc,phases   ] GC(395) Concurrent Prepare Relocation Set 0.011ms
[2026-06-17T10:22:59.286+0800][40.904s][info][gc,phases   ] GC(395) Pause Relocate Start 0.259ms
[2026-06-17T10:22:59.288+0800][40.907s][info][gc,phases   ] GC(395) Concurrent Relocate 1.912ms
[2026-06-17T10:22:59.288+0800][40.907s][info][gc,load     ] GC(395) Load: 0.14/0.19/0.27
[2026-06-17T10:22:59.289+0800][40.907s][info][gc,mmu      ] GC(395) MMU: 2ms/0.0%, 5ms/43.3%, 10ms/66.9%, 20ms/83.5%, 50ms/93.4%, 100ms/96.6%
[2026-06-17T10:22:59.289+0800][40.908s][info][gc,marking  ] GC(395) Mark: 2 stripe(s), 2 proactive flush(es), 1 terminate flush(es), 0 completion(s), 0 continuation(s) 
[2026-06-17T10:22:59.289+0800][40.908s][info][gc,reloc    ] GC(395) Relocation: Successful, 21M relocated
[2026-06-17T10:22:59.290+0800][40.908s][info][gc,nmethod  ] GC(395) NMethods: 25 registered, 0 unregistered
[2026-06-17T10:22:59.290+0800][40.909s][info][gc,metaspace] GC(395) Metaspace: 3M used, 4M capacity, 4M committed, 8M reserved
[2026-06-17T10:22:59.290+0800][40.909s][info][gc,ref      ] GC(395) Soft: 43 encountered, 0 discovered, 0 enqueued
[2026-06-17T10:22:59.290+0800][40.909s][info][gc,ref      ] GC(395) Weak: 7 encountered, 0 discovered, 0 enqueued
[2026-06-17T10:22:59.291+0800][40.909s][info][gc,ref      ] GC(395) Final: 0 encountered, 0 discovered, 0 enqueued
[2026-06-17T10:22:59.291+0800][40.910s][info][gc,ref      ] GC(395) Phantom: 1 encountered, 1 discovered, 0 enqueued
[2026-06-17T10:22:59.291+0800][40.910s][info][gc,heap     ] GC(395)                Mark Start          Mark End        Relocate Start      Relocate End           High               Low         
[2026-06-17T10:22:59.291+0800][40.910s][info][gc,heap     ] GC(395)  Capacity:      256M (100%)        256M (100%)        256M (100%)        256M (100%)        256M (100%)        256M (100%)   
[2026-06-17T10:22:59.291+0800][40.910s][info][gc,heap     ] GC(395)   Reserve:       62M (24%)          62M (24%)          62M (24%)          62M (24%)          62M (24%)          62M (24%)    
[2026-06-17T10:22:59.292+0800][40.910s][info][gc,heap     ] GC(395)      Free:       84M (33%)          80M (31%)          68M (27%)         140M (55%)         140M (55%)          42M (16%)    
[2026-06-17T10:22:59.292+0800][40.911s][info][gc,heap     ] GC(395)      Used:      110M (43%)         114M (45%)         126M (49%)          54M (21%)         152M (59%)          54M (21%)    
[2026-06-17T10:22:59.292+0800][40.911s][info][gc,heap     ] GC(395)      Live:         -                21M (8%)           21M (8%)           21M (8%)             -                  -          
[2026-06-17T10:22:59.292+0800][40.911s][info][gc,heap     ] GC(395) Allocated:         -                 4M (2%)           42M (16%)          52M (20%)            -                  -          
[2026-06-17T10:22:59.292+0800][40.911s][info][gc,heap     ] GC(395)   Garbage:         -                88M (35%)          62M (24%)    17592186044406M (6         -                  -          
[2026-06-17T10:22:59.292+0800][40.911s][info][gc,heap     ] GC(395) Reclaimed:         -                  -                26M (10%)          98M (38%)            -                  -          
[2026-06-17T10:22:59.292+0800][40.911s][info][gc          ] GC(395) Garbage Collection (Allocation Rate) 110M(43%)->54M(21%)
[2026-06-17T10:22:59.363+0800][40.982s][info][gc,start    ] GC(396) Garbage Collection (Allocation Rate)
[2026-06-17T10:22:59.364+0800][40.983s][info][gc,phases   ] GC(396) Pause Mark Start 0.270ms
[2026-06-17T10:22:59.367+0800][40.985s][info][gc,phases   ] GC(396) Concurrent Mark 1.887ms
[2026-06-17T10:22:59.368+0800][40.987s][info][gc,phases   ] GC(396) Pause Mark End 0.430ms
[2026-06-17T10:22:59.369+0800][40.987s][info][gc,phases   ] GC(396) Concurrent Process Non-Strong References 0.184ms
[2026-06-17T10:22:59.369+0800][40.988s][info][gc,phases   ] GC(396) Concurrent Reset Relocation Set 0.002ms
[2026-06-17T10:22:59.369+0800][40.988s][info][gc,phases   ] GC(396) Concurrent Destroy Detached Pages 0.000ms
[2026-06-17T10:22:59.370+0800][40.989s][info][gc,phases   ] GC(396) Concurrent Select Relocation Set 0.807ms
[2026-06-17T10:22:59.371+0800][40.989s][info][gc,phases   ] GC(396) Concurrent Prepare Relocation Set 0.002ms
[2026-06-17T10:22:59.371+0800][40.990s][info][gc,phases   ] GC(396) Pause Relocate Start 0.206ms
[2026-06-17T10:22:59.372+0800][40.991s][info][gc,phases   ] GC(396) Concurrent Relocate 0.267ms
[2026-06-17T10:22:59.372+0800][40.991s][info][gc,load     ] GC(396) Load: 0.14/0.19/0.27
[2026-06-17T10:22:59.372+0800][40.991s][info][gc,mmu      ] GC(396) MMU: 2ms/0.0%, 5ms/43.3%, 10ms/66.9%, 20ms/83.5%, 50ms/93.4%, 100ms/96.6%
[2026-06-17T10:22:59.373+0800][40.991s][info][gc,marking  ] GC(396) Mark: 2 stripe(s), 1 proactive flush(es), 1 terminate flush(es), 0 completion(s), 0 continuation(s) 
[2026-06-17T10:22:59.373+0800][40.992s][info][gc,reloc    ] GC(396) Relocation: Successful, 23M relocated
[2026-06-17T10:22:59.373+0800][40.992s][info][gc,nmethod  ] GC(396) NMethods: 25 registered, 0 unregistered
[2026-06-17T10:22:59.374+0800][40.992s][info][gc,metaspace] GC(396) Metaspace: 3M used, 4M capacity, 4M committed, 8M reserved
[2026-06-17T10:22:59.374+0800][40.993s][info][gc,ref      ] GC(396) Soft: 43 encountered, 0 discovered, 0 enqueued
[2026-06-17T10:22:59.374+0800][40.993s][info][gc,ref      ] GC(396) Weak: 7 encountered, 2 discovered, 0 enqueued
[2026-06-17T10:22:59.375+0800][40.993s][info][gc,ref      ] GC(396) Final: 0 encountered, 0 discovered, 0 enqueued
[2026-06-17T10:22:59.375+0800][40.993s][info][gc,ref      ] GC(396) Phantom: 1 encountered, 1 discovered, 0 enqueued
[2026-06-17T10:22:59.375+0800][40.994s][info][gc,heap     ] GC(396)                Mark Start          Mark End        Relocate Start      Relocate End           High               Low         
[2026-06-17T10:22:59.375+0800][40.994s][info][gc,heap     ] GC(396)  Capacity:      256M (100%)        256M (100%)        256M (100%)        256M (100%)        256M (100%)        256M (100%)   
[2026-06-17T10:22:59.375+0800][40.994s][info][gc,heap     ] GC(396)   Reserve:       62M (24%)          62M (24%)          62M (24%)          62M (24%)          62M (24%)          62M (24%)    
[2026-06-17T10:22:59.375+0800][40.994s][info][gc,heap     ] GC(396)      Free:      114M (45%)         110M (43%)         138M (54%)         146M (57%)         146M (57%)         110M (43%)    
[2026-06-17T10:22:59.376+0800][40.994s][info][gc,heap     ] GC(396)      Used:       80M (31%)          84M (33%)          56M (22%)          48M (19%)          84M (33%)          48M (19%)    
[2026-06-17T10:22:59.376+0800][40.995s][info][gc,heap     ] GC(396)      Live:         -                27M (11%)          27M (11%)          27M (11%)            -                  -          
[2026-06-17T10:22:59.376+0800][40.995s][info][gc,heap     ] GC(396) Allocated:         -                 4M (2%)            4M (2%)           10M (4%)             -                  -          
[2026-06-17T10:22:59.376+0800][40.995s][info][gc,heap     ] GC(396)   Garbage:         -                52M (21%)          24M (10%)          16M (7%)             -                  -          
[2026-06-17T10:22:59.376+0800][40.995s][info][gc,heap     ] GC(396) Reclaimed:         -                  -                28M (11%)          36M (14%)            -                  -          
[2026-06-17T10:22:59.376+0800][40.995s][info][gc          ] GC(396) Garbage Collection (Allocation Rate) 80M(31%)->48M(19%)
[2026-06-17T10:22:59.463+0800][41.082s][info][gc,start    ] GC(397) Garbage Collection (Allocation Rate)
[2026-06-17T10:22:59.464+0800][41.083s][info][gc,phases   ] GC(397) Pause Mark Start 0.168ms
[2026-06-17T10:22:59.466+0800][41.084s][info][gc,phases   ] GC(397) Concurrent Mark 1.410ms
[2026-06-17T10:22:59.466+0800][41.085s][info][gc,phases   ] GC(397) Pause Mark End 0.315ms
[2026-06-17T10:22:59.467+0800][41.086s][info][gc,phases   ] GC(397) Concurrent Process Non-Strong References 0.060ms
[2026-06-17T10:22:59.467+0800][41.086s][info][gc,phases   ] GC(397) Concurrent Reset Relocation Set 0.001ms
[2026-06-17T10:22:59.467+0800][41.086s][info][gc,phases   ] GC(397) Concurrent Destroy Detached Pages 0.001ms
[2026-06-17T10:22:59.468+0800][41.087s][info][gc,phases   ] GC(397) Concurrent Select Relocation Set 0.589ms
[2026-06-17T10:22:59.468+0800][41.087s][info][gc,phases   ] GC(397) Concurrent Prepare Relocation Set 0.015ms
[2026-06-17T10:22:59.469+0800][41.087s][info][gc,phases   ] GC(397) Pause Relocate Start 0.156ms
[2026-06-17T10:22:59.470+0800][41.089s][info][gc,phases   ] GC(397) Concurrent Relocate 1.620ms
[2026-06-17T10:22:59.471+0800][41.089s][info][gc,load     ] GC(397) Load: 0.14/0.19/0.27
[2026-06-17T10:22:59.471+0800][41.090s][info][gc,mmu      ] GC(397) MMU: 2ms/0.0%, 5ms/43.3%, 10ms/66.9%, 20ms/83.5%, 50ms/93.4%, 100ms/96.6%
[2026-06-17T10:22:59.471+0800][41.090s][info][gc,marking  ] GC(397) Mark: 2 stripe(s), 1 proactive flush(es), 1 terminate flush(es), 0 completion(s), 0 continuation(s) 
[2026-06-17T10:22:59.471+0800][41.090s][info][gc,reloc    ] GC(397) Relocation: Successful, 24M relocated
[2026-06-17T10:22:59.471+0800][41.090s][info][gc,nmethod  ] GC(397) NMethods: 25 registered, 0 unregistered
[2026-06-17T10:22:59.472+0800][41.090s][info][gc,metaspace] GC(397) Metaspace: 3M used, 4M capacity, 4M committed, 8M reserved
[2026-06-17T10:22:59.472+0800][41.090s][info][gc,ref      ] GC(397) Soft: 43 encountered, 0 discovered, 0 enqueued
[2026-06-17T10:22:59.472+0800][41.091s][info][gc,ref      ] GC(397) Weak: 7 encountered, 2 discovered, 0 enqueued
[2026-06-17T10:22:59.472+0800][41.091s][info][gc,ref      ] GC(397) Final: 0 encountered, 0 discovered, 0 enqueued
[2026-06-17T10:22:59.472+0800][41.091s][info][gc,ref      ] GC(397) Phantom: 1 encountered, 1 discovered, 0 enqueued
[2026-06-17T10:22:59.472+0800][41.091s][info][gc,heap     ] GC(397)                Mark Start          Mark End        Relocate Start      Relocate End           High               Low         
[2026-06-17T10:22:59.472+0800][41.091s][info][gc,heap     ] GC(397)  Capacity:      256M (100%)        256M (100%)        256M (100%)        256M (100%)        256M (100%)        256M (100%)   
[2026-06-17T10:22:59.473+0800][41.091s][info][gc,heap     ] GC(397)   Reserve:       62M (24%)          62M (24%)          62M (24%)          62M (24%)          62M (24%)          62M (24%)    
[2026-06-17T10:22:59.473+0800][41.091s][info][gc,heap     ] GC(397)      Free:       80M (31%)          80M (31%)         110M (43%)         152M (59%)         152M (59%)          74M (29%)    
[2026-06-17T10:22:59.473+0800][41.091s][info][gc,heap     ] GC(397)      Used:      114M (45%)         114M (45%)          84M (33%)          42M (16%)         120M (47%)          42M (16%)    
[2026-06-17T10:22:59.473+0800][41.091s][info][gc,heap     ] GC(397)      Live:         -                24M (10%)          24M (10%)          24M (10%)            -                  -          
[2026-06-17T10:22:59.473+0800][41.092s][info][gc,heap     ] GC(397) Allocated:         -                 0M (0%)            0M (0%)           40M (16%)            -                  -          
[2026-06-17T10:22:59.473+0800][41.092s][info][gc,heap     ] GC(397)   Garbage:         -                89M (35%)          59M (23%)          17M (7%)             -                  -          
[2026-06-17T10:22:59.473+0800][41.092s][info][gc,heap     ] GC(397) Reclaimed:         -                  -                30M (12%)          72M (28%)            -                  -          
[2026-06-17T10:22:59.473+0800][41.092s][info][gc          ] GC(397) Garbage Collection (Allocation Rate) 114M(45%)->42M(16%)
[2026-06-17T10:22:59.563+0800][41.182s][info][gc,start    ] GC(398) Garbage Collection (Allocation Rate)
[2026-06-17T10:22:59.566+0800][41.185s][info][gc,phases   ] GC(398) Pause Mark Start 0.707ms
[2026-06-17T10:22:59.571+0800][41.190s][info][gc,phases   ] GC(398) Concurrent Mark 2.463ms
[2026-06-17T10:22:59.573+0800][41.192s][info][gc,phases   ] GC(398) Pause Mark End 0.615ms
[2026-06-17T10:22:59.574+0800][41.193s][info][gc,phases   ] GC(398) Concurrent Process Non-Strong References 0.233ms
[2026-06-17T10:22:59.574+0800][41.193s][info][gc,phases   ] GC(398) Concurrent Reset Relocation Set 0.005ms
[2026-06-17T10:22:59.575+0800][41.193s][info][gc,phases   ] GC(398) Concurrent Destroy Detached Pages 0.002ms
[2026-06-17T10:22:59.576+0800][41.195s][info][gc,phases   ] GC(398) Concurrent Select Relocation Set 0.980ms
[2026-06-17T10:22:59.577+0800][41.195s][info][gc,phases   ] GC(398) Concurrent Prepare Relocation Set 0.003ms
[2026-06-17T10:22:59.577+0800][41.196s][info][gc,phases   ] GC(398) Pause Relocate Start 0.235ms
[2026-06-17T10:22:59.578+0800][41.197s][info][gc,phases   ] GC(398) Concurrent Relocate 0.292ms
[2026-06-17T10:22:59.578+0800][41.197s][info][gc,load     ] GC(398) Load: 0.14/0.19/0.27
[2026-06-17T10:22:59.579+0800][41.197s][info][gc,mmu      ] GC(398) MMU: 2ms/0.0%, 5ms/43.3%, 10ms/66.9%, 20ms/83.5%, 50ms/93.4%, 100ms/96.6%
[2026-06-17T10:22:59.579+0800][41.198s][info][gc,marking  ] GC(398) Mark: 2 stripe(s), 2 proactive flush(es), 1 terminate flush(es), 0 completion(s), 0 continuation(s) 
[2026-06-17T10:22:59.579+0800][41.198s][info][gc,reloc    ] GC(398) Relocation: Successful, 26M relocated
[2026-06-17T10:22:59.580+0800][41.199s][info][gc,nmethod  ] GC(398) NMethods: 25 registered, 0 unregistered
[2026-06-17T10:22:59.580+0800][41.199s][info][gc,metaspace] GC(398) Metaspace: 3M used, 4M capacity, 4M committed, 8M reserved
[2026-06-17T10:22:59.580+0800][41.199s][info][gc,ref      ] GC(398) Soft: 43 encountered, 0 discovered, 0 enqueued
[2026-06-17T10:22:59.580+0800][41.199s][info][gc,ref      ] GC(398) Weak: 7 encountered, 0 discovered, 0 enqueued
[2026-06-17T10:22:59.581+0800][41.199s][info][gc,ref      ] GC(398) Final: 0 encountered, 0 discovered, 0 enqueued
[2026-06-17T10:22:59.581+0800][41.200s][info][gc,ref      ] GC(398) Phantom: 1 encountered, 1 discovered, 0 enqueued
[2026-06-17T10:22:59.581+0800][41.200s][info][gc,heap     ] GC(398)                Mark Start          Mark End        Relocate Start      Relocate End           High               Low         
[2026-06-17T10:22:59.581+0800][41.200s][info][gc,heap     ] GC(398)  Capacity:      256M (100%)        256M (100%)        256M (100%)        256M (100%)        256M (100%)        256M (100%)   
[2026-06-17T10:22:59.581+0800][41.200s][info][gc,heap     ] GC(398)   Reserve:       62M (24%)          62M (24%)          62M (24%)          62M (24%)          62M (24%)          62M (24%)    
[2026-06-17T10:22:59.582+0800][41.200s][info][gc,heap     ] GC(398)      Free:      116M (45%)          78M (30%)         102M (40%)         112M (44%)         116M (45%)          78M (30%)    
[2026-06-17T10:22:59.582+0800][41.200s][info][gc,heap     ] GC(398)      Used:       78M (30%)         116M (45%)          92M (36%)          82M (32%)         116M (45%)          78M (30%)    
[2026-06-17T10:22:59.582+0800][41.201s][info][gc,heap     ] GC(398)      Live:         -                30M (12%)          30M (12%)          30M (12%)            -                  -          
[2026-06-17T10:22:59.582+0800][41.201s][info][gc,heap     ] GC(398) Allocated:         -                38M (15%)          38M (15%)          44M (17%)            -                  -          
[2026-06-17T10:22:59.582+0800][41.201s][info][gc,heap     ] GC(398)   Garbage:         -                47M (19%)          23M (9%)           13M (5%)             -                  -          
[2026-06-17T10:22:59.582+0800][41.201s][info][gc,heap     ] GC(398) Reclaimed:         -                  -                24M (9%)           34M (13%)            -                  -          
[2026-06-17T10:22:59.582+0800][41.201s][info][gc          ] GC(398) Garbage Collection (Allocation Rate) 78M(30%)->82M(32%)
[2026-06-17T10:22:59.663+0800][41.282s][info][gc,start    ] GC(399) Garbage Collection (Allocation Rate)
[2026-06-17T10:22:59.665+0800][41.284s][info][gc,phases   ] GC(399) Pause Mark Start 0.672ms
[2026-06-17T10:22:59.669+0800][41.287s][info][gc,phases   ] GC(399) Concurrent Mark 2.221ms
[2026-06-17T10:22:59.671+0800][41.290s][info][gc,phases   ] GC(399) Pause Mark End 1.239ms
[2026-06-17T10:22:59.672+0800][41.291s][info][gc,phases   ] GC(399) Concurrent Process Non-Strong References 0.158ms
[2026-06-17T10:22:59.673+0800][41.291s][info][gc,phases   ] GC(399) Concurrent Reset Relocation Set 0.005ms
[2026-06-17T10:22:59.673+0800][41.292s][info][gc,phases   ] GC(399) Concurrent Destroy Detached Pages 0.003ms
[2026-06-17T10:22:59.675+0800][41.294s][info][gc,phases   ] GC(399) Concurrent Select Relocation Set 1.540ms
[2026-06-17T10:22:59.676+0800][41.295s][info][gc,phases   ] GC(399) Concurrent Prepare Relocation Set 0.015ms
[2026-06-17T10:22:59.677+0800][41.296s][info][gc,phases   ] GC(399) Pause Relocate Start 0.345ms
[2026-06-17T10:22:59.679+0800][41.298s][info][gc,phases   ] GC(399) Concurrent Relocate 1.718ms
[2026-06-17T10:22:59.680+0800][41.299s][info][gc,load     ] GC(399) Load: 0.14/0.19/0.27
[2026-06-17T10:22:59.680+0800][41.299s][info][gc,mmu      ] GC(399) MMU: 2ms/0.0%, 5ms/43.3%, 10ms/66.9%, 20ms/83.5%, 50ms/93.4%, 100ms/96.6%
[2026-06-17T10:22:59.680+0800][41.299s][info][gc,marking  ] GC(399) Mark: 2 stripe(s), 2 proactive flush(es), 1 terminate flush(es), 0 completion(s), 0 continuation(s) 
[2026-06-17T10:22:59.681+0800][41.299s][info][gc,reloc    ] GC(399) Relocation: Successful, 20M relocated
[2026-06-17T10:22:59.681+0800][41.300s][info][gc,nmethod  ] GC(399) NMethods: 25 registered, 0 unregistered
[2026-06-17T10:22:59.681+0800][41.300s][info][gc,metaspace] GC(399) Metaspace: 3M used, 4M capacity, 4M committed, 8M reserved
[2026-06-17T10:22:59.681+0800][41.300s][info][gc,ref      ] GC(399) Soft: 43 encountered, 0 discovered, 0 enqueued
[2026-06-17T10:22:59.682+0800][41.300s][info][gc,ref      ] GC(399) Weak: 7 encountered, 0 discovered, 0 enqueued
[2026-06-17T10:22:59.682+0800][41.301s][info][gc,ref      ] GC(399) Final: 0 encountered, 0 discovered, 0 enqueued
[2026-06-17T10:22:59.682+0800][41.301s][info][gc,ref      ] GC(399) Phantom: 1 encountered, 0 discovered, 0 enqueued
[2026-06-17T10:22:59.682+0800][41.301s][info][gc,heap     ] GC(399)                Mark Start          Mark End        Relocate Start      Relocate End           High               Low         
[2026-06-17T10:22:59.683+0800][41.301s][info][gc,heap     ] GC(399)  Capacity:      256M (100%)        256M (100%)        256M (100%)        256M (100%)        256M (100%)        256M (100%)   
[2026-06-17T10:22:59.683+0800][41.302s][info][gc,heap     ] GC(399)   Reserve:       62M (24%)          62M (24%)          62M (24%)          62M (24%)          62M (24%)          62M (24%)    
[2026-06-17T10:22:59.683+0800][41.302s][info][gc,heap     ] GC(399)      Free:       80M (31%)          42M (16%)          70M (27%)         140M (55%)         140M (55%)          42M (16%)    
[2026-06-17T10:22:59.683+0800][41.302s][info][gc,heap     ] GC(399)      Used:      114M (45%)         152M (59%)         124M (48%)          54M (21%)         152M (59%)          54M (21%)    
[2026-06-17T10:22:59.683+0800][41.302s][info][gc,heap     ] GC(399)      Live:         -                22M (9%)           22M (9%)           22M (9%)             -                  -          
[2026-06-17T10:22:59.684+0800][41.302s][info][gc,heap     ] GC(399) Allocated:         -                38M (15%)          38M (15%)          50M (20%)            -                  -          
[2026-06-17T10:22:59.684+0800][41.303s][info][gc,heap     ] GC(399)   Garbage:         -                91M (36%)          63M (25%)    17592186044405M (6         -                  -          
[2026-06-17T10:22:59.684+0800][41.303s][info][gc,heap     ] GC(399) Reclaimed:         -                  -                28M (11%)         102M (40%)            -                  -          
[2026-06-17T10:22:59.684+0800][41.303s][info][gc          ] GC(399) Garbage Collection (Allocation Rate) 114M(45%)->54M(21%)
[2026-06-17T10:22:59.763+0800][41.382s][info][gc,start    ] GC(400) Garbage Collection (Allocation Rate)
[2026-06-17T10:22:59.765+0800][41.384s][info][gc,phases   ] GC(400) Pause Mark Start 0.486ms
[2026-06-17T10:22:59.770+0800][41.388s][info][gc,phases   ] GC(400) Concurrent Mark 2.124ms
[2026-06-17T10:22:59.772+0800][41.391s][info][gc,phases   ] GC(400) Pause Mark End 0.797ms
[2026-06-17T10:22:59.773+0800][41.391s][info][gc,phases   ] GC(400) Concurrent Process Non-Strong References 0.306ms
[2026-06-17T10:22:59.773+0800][41.392s][info][gc,phases   ] GC(400) Concurrent Reset Relocation Set 0.005ms
[2026-06-17T10:22:59.774+0800][41.392s][info][gc,phases   ] GC(400) Concurrent Destroy Detached Pages 0.002ms
[2026-06-17T10:22:59.775+0800][41.394s][info][gc,phases   ] GC(400) Concurrent Select Relocation Set 1.128ms
[2026-06-17T10:22:59.776+0800][41.395s][info][gc,phases   ] GC(400) Concurrent Prepare Relocation Set 0.010ms
[2026-06-17T10:22:59.777+0800][41.396s][info][gc,phases   ] GC(400) Pause Relocate Start 0.246ms
[2026-06-17T10:22:59.778+0800][41.397s][info][gc,phases   ] GC(400) Concurrent Relocate 0.707ms
[2026-06-17T10:22:59.779+0800][41.397s][info][gc,load     ] GC(400) Load: 0.14/0.19/0.27
[2026-06-17T10:22:59.779+0800][41.398s][info][gc,mmu      ] GC(400) MMU: 2ms/0.0%, 5ms/43.3%, 10ms/66.9%, 20ms/83.5%, 50ms/93.4%, 100ms/96.6%
[2026-06-17T10:22:59.780+0800][41.398s][info][gc,marking  ] GC(400) Mark: 2 stripe(s), 1 proactive flush(es), 1 terminate flush(es), 0 completion(s), 0 continuation(s) 
[2026-06-17T10:22:59.780+0800][41.399s][info][gc,reloc    ] GC(400) Relocation: Successful, 20M relocated
[2026-06-17T10:22:59.780+0800][41.399s][info][gc,nmethod  ] GC(400) NMethods: 25 registered, 0 unregistered
[2026-06-17T10:22:59.781+0800][41.399s][info][gc,metaspace] GC(400) Metaspace: 3M used, 4M capacity, 4M committed, 8M reserved
[2026-06-17T10:22:59.781+0800][41.400s][info][gc,ref      ] GC(400) Soft: 43 encountered, 0 discovered, 0 enqueued
[2026-06-17T10:22:59.781+0800][41.400s][info][gc,ref      ] GC(400) Weak: 7 encountered, 0 discovered, 0 enqueued
[2026-06-17T10:22:59.781+0800][41.400s][info][gc,ref      ] GC(400) Final: 0 encountered, 0 discovered, 0 enqueued
[2026-06-17T10:22:59.782+0800][41.400s][info][gc,ref      ] GC(400) Phantom: 1 encountered, 1 discovered, 0 enqueued
[2026-06-17T10:22:59.782+0800][41.401s][info][gc,heap     ] GC(400)                Mark Start          Mark End        Relocate Start      Relocate End           High               Low         
[2026-06-17T10:22:59.782+0800][41.401s][info][gc,heap     ] GC(400)  Capacity:      256M (100%)        256M (100%)        256M (100%)        256M (100%)        256M (100%)        256M (100%)   
[2026-06-17T10:22:59.782+0800][41.401s][info][gc,heap     ] GC(400)   Reserve:       62M (24%)          62M (24%)          62M (24%)          62M (24%)          62M (24%)          62M (24%)    
[2026-06-17T10:22:59.783+0800][41.401s][info][gc,heap     ] GC(400)      Free:      110M (43%)         110M (43%)         134M (52%)         148M (58%)         148M (58%)         110M (43%)    
[2026-06-17T10:22:59.783+0800][41.402s][info][gc,heap     ] GC(400)      Used:       84M (33%)          84M (33%)          60M (23%)          46M (18%)          84M (33%)          46M (18%)    
[2026-06-17T10:22:59.783+0800][41.402s][info][gc,heap     ] GC(400)      Live:         -                22M (9%)           22M (9%)           22M (9%)             -                  -          
[2026-06-17T10:22:59.783+0800][41.402s][info][gc,heap     ] GC(400) Allocated:         -                 0M (0%)            4M (2%)           10M (4%)             -                  -          
[2026-06-17T10:22:59.784+0800][41.402s][info][gc,heap     ] GC(400)   Garbage:         -                61M (24%)          33M (13%)          19M (8%)             -                  -          
[2026-06-17T10:22:59.784+0800][41.402s][info][gc,heap     ] GC(400) Reclaimed:         -                  -                28M (11%)          42M (16%)            -                  -          
[2026-06-17T10:22:59.784+0800][41.403s][info][gc          ] GC(400) Garbage Collection (Allocation Rate) 84M(33%)->46M(18%)
[2026-06-17T10:22:59.864+0800][41.483s][info][gc,start    ] GC(401) Garbage Collection (Allocation Rate)
[2026-06-17T10:22:59.866+0800][41.484s][info][gc,phases   ] GC(401) Pause Mark Start 0.435ms
[2026-06-17T10:22:59.869+0800][41.488s][info][gc,phases   ] GC(401) Concurrent Mark 2.447ms
[2026-06-17T10:22:59.871+0800][41.490s][info][gc,phases   ] GC(401) Pause Mark End 0.865ms
[2026-06-17T10:22:59.872+0800][41.491s][info][gc,phases   ] GC(401) Concurrent Process Non-Strong References 0.244ms
[2026-06-17T10:22:59.873+0800][41.491s][info][gc,phases   ] GC(401) Concurrent Reset Relocation Set 0.006ms
[2026-06-17T10:22:59.873+0800][41.492s][info][gc,phases   ] GC(401) Concurrent Destroy Detached Pages 0.002ms
[2026-06-17T10:22:59.875+0800][41.494s][info][gc,phases   ] GC(401) Concurrent Select Relocation Set 1.415ms
[2026-06-17T10:22:59.876+0800][41.494s][info][gc,phases   ] GC(401) Concurrent Prepare Relocation Set 0.025ms
[2026-06-17T10:22:59.878+0800][41.497s][info][gc,phases   ] GC(401) Pause Relocate Start 0.258ms
[2026-06-17T10:22:59.881+0800][41.500s][info][gc,phases   ] GC(401) Concurrent Relocate 2.225ms
[2026-06-17T10:22:59.882+0800][41.500s][info][gc,load     ] GC(401) Load: 0.14/0.19/0.27
[2026-06-17T10:22:59.882+0800][41.501s][info][gc,mmu      ] GC(401) MMU: 2ms/0.0%, 5ms/43.3%, 10ms/66.9%, 20ms/83.5%, 50ms/93.4%, 100ms/96.6%
[2026-06-17T10:22:59.883+0800][41.502s][info][gc,marking  ] GC(401) Mark: 2 stripe(s), 1 proactive flush(es), 1 terminate flush(es), 0 completion(s), 0 continuation(s) 
[2026-06-17T10:22:59.883+0800][41.502s][info][gc,reloc    ] GC(401) Relocation: Successful, 25M relocated
[2026-06-17T10:22:59.884+0800][41.502s][info][gc,nmethod  ] GC(401) NMethods: 25 registered, 0 unregistered
[2026-06-17T10:22:59.884+0800][41.503s][info][gc,metaspace] GC(401) Metaspace: 3M used, 4M capacity, 4M committed, 8M reserved
[2026-06-17T10:22:59.885+0800][41.503s][info][gc,ref      ] GC(401) Soft: 43 encountered, 0 discovered, 0 enqueued
[2026-06-17T10:22:59.885+0800][41.504s][info][gc,ref      ] GC(401) Weak: 7 encountered, 0 discovered, 0 enqueued
[2026-06-17T10:22:59.885+0800][41.504s][info][gc,ref      ] GC(401) Final: 0 encountered, 0 discovered, 0 enqueued
[2026-06-17T10:22:59.886+0800][41.504s][info][gc,ref      ] GC(401) Phantom: 1 encountered, 0 discovered, 0 enqueued
[2026-06-17T10:22:59.886+0800][41.505s][info][gc,heap     ] GC(401)                Mark Start          Mark End        Relocate Start      Relocate End           High               Low         
[2026-06-17T10:22:59.886+0800][41.505s][info][gc,heap     ] GC(401)  Capacity:      256M (100%)        256M (100%)        256M (100%)        256M (100%)        256M (100%)        256M (100%)   
[2026-06-17T10:22:59.886+0800][41.505s][info][gc,heap     ] GC(401)   Reserve:       62M (24%)          62M (24%)          62M (24%)          62M (24%)          62M (24%)          62M (24%)    
[2026-06-17T10:22:59.886+0800][41.505s][info][gc,heap     ] GC(401)      Free:       84M (33%)          84M (33%)         106M (41%)         142M (55%)         142M (55%)          68M (27%)    
[2026-06-17T10:22:59.887+0800][41.505s][info][gc,heap     ] GC(401)      Used:      110M (43%)         110M (43%)          88M (34%)          52M (20%)         126M (49%)          52M (20%)    
[2026-06-17T10:22:59.887+0800][41.506s][info][gc,heap     ] GC(401)      Live:         -                27M (11%)          27M (11%)          27M (11%)            -                  -          
[2026-06-17T10:22:59.887+0800][41.506s][info][gc,heap     ] GC(401) Allocated:         -                 0M (0%)            4M (2%)           44M (17%)            -                  -          
[2026-06-17T10:22:59.888+0800][41.506s][info][gc,heap     ] GC(401)   Garbage:         -                82M (32%)          56M (22%)          20M (8%)             -                  -          
[2026-06-17T10:22:59.888+0800][41.506s][info][gc,heap     ] GC(401) Reclaimed:         -                  -                26M (10%)          62M (24%)            -                  -          
[2026-06-17T10:22:59.888+0800][41.507s][info][gc          ] GC(401) Garbage Collection (Allocation Rate) 110M(43%)->52M(20%)
[2026-06-17T10:22:59.963+0800][41.582s][info][gc,start    ] GC(402) Garbage Collection (Allocation Rate)
[2026-06-17T10:22:59.966+0800][41.584s][info][gc,phases   ] GC(402) Pause Mark Start 0.578ms
[2026-06-17T10:22:59.969+0800][41.588s][info][gc,phases   ] GC(402) Concurrent Mark 2.364ms
[2026-06-17T10:22:59.971+0800][41.589s][info][gc,phases   ] GC(402) Pause Mark End 0.645ms
[2026-06-17T10:22:59.972+0800][41.591s][info][gc,phases   ] GC(402) Concurrent Process Non-Strong References 0.279ms
[2026-06-17T10:22:59.972+0800][41.591s][info][gc,phases   ] GC(402) Concurrent Reset Relocation Set 0.004ms
[2026-06-17T10:22:59.973+0800][41.591s][info][gc,phases   ] GC(402) Concurrent Destroy Detached Pages 0.001ms
[2026-06-17T10:22:59.974+0800][41.593s][info][gc,phases   ] GC(402) Concurrent Select Relocation Set 1.118ms
[2026-06-17T10:22:59.975+0800][41.593s][info][gc,phases   ] GC(402) Concurrent Prepare Relocation Set 0.011ms
[2026-06-17T10:22:59.975+0800][41.594s][info][gc,phases   ] GC(402) Pause Relocate Start 0.175ms
[2026-06-17T10:22:59.976+0800][41.595s][info][gc,phases   ] GC(402) Concurrent Relocate 0.303ms
[2026-06-17T10:22:59.976+0800][41.595s][info][gc,load     ] GC(402) Load: 0.14/0.19/0.27
[2026-06-17T10:22:59.976+0800][41.595s][info][gc,mmu      ] GC(402) MMU: 2ms/0.0%, 5ms/43.3%, 10ms/66.9%, 20ms/83.5%, 50ms/93.4%, 100ms/96.6%
[2026-06-17T10:22:59.976+0800][41.595s][info][gc,marking  ] GC(402) Mark: 2 stripe(s), 1 proactive flush(es), 1 terminate flush(es), 0 completion(s), 0 continuation(s) 
[2026-06-17T10:22:59.977+0800][41.596s][info][gc,reloc    ] GC(402) Relocation: Successful, 22M relocated
[2026-06-17T10:22:59.977+0800][41.596s][info][gc,nmethod  ] GC(402) NMethods: 25 registered, 0 unregistered
[2026-06-17T10:22:59.977+0800][41.596s][info][gc,metaspace] GC(402) Metaspace: 3M used, 4M capacity, 4M committed, 8M reserved
[2026-06-17T10:22:59.977+0800][41.596s][info][gc,ref      ] GC(402) Soft: 43 encountered, 0 discovered, 0 enqueued
[2026-06-17T10:22:59.978+0800][41.596s][info][gc,ref      ] GC(402) Weak: 7 encountered, 2 discovered, 0 enqueued
[2026-06-17T10:22:59.978+0800][41.596s][info][gc,ref      ] GC(402) Final: 0 encountered, 0 discovered, 0 enqueued
[2026-06-17T10:22:59.978+0800][41.597s][info][gc,ref      ] GC(402) Phantom: 1 encountered, 1 discovered, 0 enqueued
[2026-06-17T10:22:59.978+0800][41.597s][info][gc,heap     ] GC(402)                Mark Start          Mark End        Relocate Start      Relocate End           High               Low         
[2026-06-17T10:22:59.978+0800][41.597s][info][gc,heap     ] GC(402)  Capacity:      256M (100%)        256M (100%)        256M (100%)        256M (100%)        256M (100%)        256M (100%)   
[2026-06-17T10:22:59.978+0800][41.597s][info][gc,heap     ] GC(402)   Reserve:       62M (24%)          62M (24%)          62M (24%)          62M (24%)          62M (24%)          62M (24%)    
[2026-06-17T10:22:59.978+0800][41.597s][info][gc,heap     ] GC(402)      Free:      110M (43%)         106M (41%)         136M (53%)         148M (58%)         148M (58%)         106M (41%)    
[2026-06-17T10:22:59.979+0800][41.597s][info][gc,heap     ] GC(402)      Used:       84M (33%)          88M (34%)          58M (23%)          46M (18%)          88M (34%)          46M (18%)    
[2026-06-17T10:22:59.979+0800][41.597s][info][gc,heap     ] GC(402)      Live:         -                24M (10%)          24M (10%)          24M (10%)            -                  -          
[2026-06-17T10:22:59.979+0800][41.597s][info][gc,heap     ] GC(402) Allocated:         -                 4M (2%)            4M (2%)           10M (4%)             -                  -          
[2026-06-17T10:22:59.979+0800][41.598s][info][gc,heap     ] GC(402)   Garbage:         -                59M (23%)          29M (12%)          17M (7%)             -                  -          
[2026-06-17T10:22:59.979+0800][41.598s][info][gc,heap     ] GC(402) Reclaimed:         -                  -                30M (12%)          42M (16%)            -                  -          
[2026-06-17T10:22:59.979+0800][41.598s][info][gc          ] GC(402) Garbage Collection (Allocation Rate) 84M(33%)->46M(18%)
[2026-06-17T10:23:00.064+0800][41.683s][info][gc,start    ] GC(403) Garbage Collection (Allocation Rate)
[2026-06-17T10:23:00.066+0800][41.685s][info][gc,phases   ] GC(403) Pause Mark Start 0.470ms
[2026-06-17T10:23:00.069+0800][41.688s][info][gc,phases   ] GC(403) Concurrent Mark 2.155ms
[2026-06-17T10:23:00.071+0800][41.690s][info][gc,phases   ] GC(403) Pause Mark End 0.733ms
[2026-06-17T10:23:00.072+0800][41.691s][info][gc,phases   ] GC(403) Concurrent Process Non-Strong References 0.432ms
[2026-06-17T10:23:00.073+0800][41.691s][info][gc,phases   ] GC(403) Concurrent Reset Relocation Set 0.006ms
[2026-06-17T10:23:00.073+0800][41.692s][info][gc,phases   ] GC(403) Concurrent Destroy Detached Pages 0.002ms
[2026-06-17T10:23:00.075+0800][41.694s][info][gc,phases   ] GC(403) Concurrent Select Relocation Set 1.143ms
[2026-06-17T10:23:00.075+0800][41.694s][info][gc,phases   ] GC(403) Concurrent Prepare Relocation Set 0.014ms
[2026-06-17T10:23:00.077+0800][41.695s][info][gc,phases   ] GC(403) Pause Relocate Start 0.248ms
[2026-06-17T10:23:00.079+0800][41.698s][info][gc,phases   ] GC(403) Concurrent Relocate 1.610ms
[2026-06-17T10:23:00.081+0800][41.700s][info][gc,load     ] GC(403) Load: 0.14/0.19/0.27
[2026-06-17T10:23:00.082+0800][41.701s][info][gc,mmu      ] GC(403) MMU: 2ms/0.0%, 5ms/43.3%, 10ms/66.9%, 20ms/83.5%, 50ms/93.4%, 100ms/96.6%
[2026-06-17T10:23:00.083+0800][41.701s][info][gc,marking  ] GC(403) Mark: 2 stripe(s), 1 proactive flush(es), 1 terminate flush(es), 0 completion(s), 0 continuation(s) 
[2026-06-17T10:23:00.083+0800][41.702s][info][gc,reloc    ] GC(403) Relocation: Successful, 20M relocated
[2026-06-17T10:23:00.084+0800][41.702s][info][gc,nmethod  ] GC(403) NMethods: 25 registered, 0 unregistered
[2026-06-17T10:23:00.084+0800][41.703s][info][gc,metaspace] GC(403) Metaspace: 3M used, 4M capacity, 4M committed, 8M reserved
[2026-06-17T10:23:00.084+0800][41.703s][info][gc,ref      ] GC(403) Soft: 43 encountered, 0 discovered, 0 enqueued
[2026-06-17T10:23:00.084+0800][41.703s][info][gc,ref      ] GC(403) Weak: 7 encountered, 2 discovered, 0 enqueued
[2026-06-17T10:23:00.085+0800][41.703s][info][gc,ref      ] GC(403) Final: 0 encountered, 0 discovered, 0 enqueued
[2026-06-17T10:23:00.085+0800][41.704s][info][gc,ref      ] GC(403) Phantom: 1 encountered, 1 discovered, 0 enqueued
[2026-06-17T10:23:00.085+0800][41.704s][info][gc,heap     ] GC(403)                Mark Start          Mark End        Relocate Start      Relocate End           High               Low         
[2026-06-17T10:23:00.085+0800][41.704s][info][gc,heap     ] GC(403)  Capacity:      256M (100%)        256M (100%)        256M (100%)        256M (100%)        256M (100%)        256M (100%)   
[2026-06-17T10:23:00.085+0800][41.704s][info][gc,heap     ] GC(403)   Reserve:       62M (24%)          62M (24%)          62M (24%)          62M (24%)          62M (24%)          62M (24%)    
[2026-06-17T10:23:00.086+0800][41.704s][info][gc,heap     ] GC(403)      Free:       82M (32%)          82M (32%)         108M (42%)         148M (58%)         148M (58%)          70M (27%)    
[2026-06-17T10:23:00.086+0800][41.705s][info][gc,heap     ] GC(403)      Used:      112M (44%)         112M (44%)          86M (34%)          46M (18%)         124M (48%)          46M (18%)    
[2026-06-17T10:23:00.086+0800][41.705s][info][gc,heap     ] GC(403)      Live:         -                20M (8%)           20M (8%)           20M (8%)             -                  -          
[2026-06-17T10:23:00.086+0800][41.705s][info][gc,heap     ] GC(403) Allocated:         -                 0M (0%)            4M (2%)           42M (16%)            -                  -          
[2026-06-17T10:23:00.086+0800][41.705s][info][gc,heap     ] GC(403)   Garbage:         -                91M (36%)          61M (24%)          21M (8%)             -                  -          
[2026-06-17T10:23:00.086+0800][41.705s][info][gc,heap     ] GC(403) Reclaimed:         -                  -                30M (12%)          70M (27%)            -                  -          
[2026-06-17T10:23:00.087+0800][41.705s][info][gc          ] GC(403) Garbage Collection (Allocation Rate) 112M(44%)->46M(18%)
[2026-06-17T10:23:00.163+0800][41.782s][info][gc,start    ] GC(404) Garbage Collection (Allocation Rate)
[2026-06-17T10:23:00.165+0800][41.784s][info][gc,phases   ] GC(404) Pause Mark Start 0.467ms
[2026-06-17T10:23:00.168+0800][41.787s][info][gc,phases   ] GC(404) Concurrent Mark 2.408ms
[2026-06-17T10:23:00.170+0800][41.789s][info][gc,phases   ] GC(404) Pause Mark End 0.655ms
[2026-06-17T10:23:00.171+0800][41.790s][info][gc,phases   ] GC(404) Concurrent Process Non-Strong References 0.254ms
[2026-06-17T10:23:00.171+0800][41.790s][info][gc,phases   ] GC(404) Concurrent Reset Relocation Set 0.005ms
[2026-06-17T10:23:00.172+0800][41.790s][info][gc,phases   ] GC(404) Concurrent Destroy Detached Pages 0.001ms
[2026-06-17T10:23:00.173+0800][41.792s][info][gc,phases   ] GC(404) Concurrent Select Relocation Set 1.365ms
[2026-06-17T10:23:00.174+0800][41.792s][info][gc,phases   ] GC(404) Concurrent Prepare Relocation Set 0.005ms
[2026-06-17T10:23:00.174+0800][41.793s][info][gc,phases   ] GC(404) Pause Relocate Start 0.226ms
[2026-06-17T10:23:00.175+0800][41.794s][info][gc,phases   ] GC(404) Concurrent Relocate 0.388ms
[2026-06-17T10:23:00.175+0800][41.794s][info][gc,load     ] GC(404) Load: 0.14/0.19/0.27
[2026-06-17T10:23:00.176+0800][41.794s][info][gc,mmu      ] GC(404) MMU: 2ms/0.0%, 5ms/43.3%, 10ms/66.9%, 20ms/83.5%, 50ms/93.4%, 100ms/96.6%
[2026-06-17T10:23:00.176+0800][41.795s][info][gc,marking  ] GC(404) Mark: 2 stripe(s), 1 proactive flush(es), 1 terminate flush(es), 0 completion(s), 0 continuation(s) 
[2026-06-17T10:23:00.176+0800][41.795s][info][gc,reloc    ] GC(404) Relocation: Successful, 26M relocated
[2026-06-17T10:23:00.176+0800][41.795s][info][gc,nmethod  ] GC(404) NMethods: 25 registered, 0 unregistered
[2026-06-17T10:23:00.176+0800][41.795s][info][gc,metaspace] GC(404) Metaspace: 3M used, 4M capacity, 4M committed, 8M reserved
[2026-06-17T10:23:00.176+0800][41.795s][info][gc,ref      ] GC(404) Soft: 43 encountered, 0 discovered, 0 enqueued
[2026-06-17T10:23:00.177+0800][41.795s][info][gc,ref      ] GC(404) Weak: 7 encountered, 0 discovered, 0 enqueued
[2026-06-17T10:23:00.177+0800][41.796s][info][gc,ref      ] GC(404) Final: 0 encountered, 0 discovered, 0 enqueued
[2026-06-17T10:23:00.177+0800][41.796s][info][gc,ref      ] GC(404) Phantom: 1 encountered, 1 discovered, 0 enqueued
[2026-06-17T10:23:00.177+0800][41.796s][info][gc,heap     ] GC(404)                Mark Start          Mark End        Relocate Start      Relocate End           High               Low         
[2026-06-17T10:23:00.177+0800][41.796s][info][gc,heap     ] GC(404)  Capacity:      256M (100%)        256M (100%)        256M (100%)        256M (100%)        256M (100%)        256M (100%)   
[2026-06-17T10:23:00.178+0800][41.796s][info][gc,heap     ] GC(404)   Reserve:       62M (24%)          62M (24%)          62M (24%)          62M (24%)          62M (24%)          62M (24%)    
[2026-06-17T10:23:00.178+0800][41.796s][info][gc,heap     ] GC(404)      Free:      118M (46%)         118M (46%)         140M (55%)         148M (58%)         148M (58%)         114M (45%)    
[2026-06-17T10:23:00.178+0800][41.797s][info][gc,heap     ] GC(404)      Used:       76M (30%)          76M (30%)          54M (21%)          46M (18%)          80M (31%)          46M (18%)    
[2026-06-17T10:23:00.178+0800][41.797s][info][gc,heap     ] GC(404)      Live:         -                28M (11%)          28M (11%)          28M (11%)            -                  -          
[2026-06-17T10:23:00.178+0800][41.797s][info][gc,heap     ] GC(404) Allocated:         -                 0M (0%)            4M (2%)           12M (5%)             -                  -          
[2026-06-17T10:23:00.178+0800][41.797s][info][gc,heap     ] GC(404)   Garbage:         -                47M (19%)          21M (8%)           13M (5%)             -                  -          
[2026-06-17T10:23:00.178+0800][41.797s][info][gc,heap     ] GC(404) Reclaimed:         -                  -                26M (10%)          34M (13%)            -                  -          
[2026-06-17T10:23:00.178+0800][41.797s][info][gc          ] GC(404) Garbage Collection (Allocation Rate) 76M(30%)->46M(18%)
[2026-06-17T10:23:00.263+0800][41.882s][info][gc,start    ] GC(405) Garbage Collection (Allocation Rate)
[2026-06-17T10:23:00.267+0800][41.886s][info][gc,phases   ] GC(405) Pause Mark Start 0.175ms
[2026-06-17T10:23:00.275+0800][41.894s][info][gc,phases   ] GC(405) Concurrent Mark 1.855ms
[2026-06-17T10:23:00.279+0800][41.898s][info][gc,phases   ] GC(405) Pause Mark End 0.539ms
[2026-06-17T10:23:00.281+0800][41.900s][info][gc,phases   ] GC(405) Concurrent Process Non-Strong References 0.177ms
[2026-06-17T10:23:00.282+0800][41.900s][info][gc,phases   ] GC(405) Concurrent Reset Relocation Set 0.004ms
[2026-06-17T10:23:00.284+0800][41.903s][info][gc,phases   ] GC(405) Concurrent Destroy Detached Pages 0.003ms
[2026-06-17T10:23:00.290+0800][41.908s][info][gc,phases   ] GC(405) Concurrent Select Relocation Set 1.759ms
[2026-06-17T10:23:00.291+0800][41.910s][info][gc,phases   ] GC(405) Concurrent Prepare Relocation Set 0.020ms
[2026-06-17T10:23:00.295+0800][41.913s][info][gc,phases   ] GC(405) Pause Relocate Start 0.282ms
[2026-06-17T10:23:00.299+0800][41.917s][info][gc,phases   ] GC(405) Concurrent Relocate 2.228ms
[2026-06-17T10:23:00.300+0800][41.919s][info][gc,load     ] GC(405) Load: 0.14/0.19/0.27
[2026-06-17T10:23:00.303+0800][41.921s][info][gc,mmu      ] GC(405) MMU: 2ms/0.0%, 5ms/43.3%, 10ms/66.9%, 20ms/83.5%, 50ms/93.4%, 100ms/96.6%
[2026-06-17T10:23:00.305+0800][41.924s][info][gc,marking  ] GC(405) Mark: 2 stripe(s), 2 proactive flush(es), 1 terminate flush(es), 0 completion(s), 0 continuation(s) 
[2026-06-17T10:23:00.308+0800][41.927s][info][gc,reloc    ] GC(405) Relocation: Successful, 25M relocated
[2026-06-17T10:23:00.309+0800][41.928s][info][gc,nmethod  ] GC(405) NMethods: 25 registered, 0 unregistered
[2026-06-17T10:23:00.311+0800][41.930s][info][gc,metaspace] GC(405) Metaspace: 3M used, 4M capacity, 4M committed, 8M reserved
[2026-06-17T10:23:00.314+0800][41.933s][info][gc,ref      ] GC(405) Soft: 43 encountered, 0 discovered, 0 enqueued
[2026-06-17T10:23:00.316+0800][41.935s][info][gc,ref      ] GC(405) Weak: 7 encountered, 2 discovered, 0 enqueued
[2026-06-17T10:23:00.317+0800][41.936s][info][gc,ref      ] GC(405) Final: 0 encountered, 0 discovered, 0 enqueued
[2026-06-17T10:23:00.318+0800][41.937s][info][gc,ref      ] GC(405) Phantom: 1 encountered, 1 discovered, 0 enqueued
[2026-06-17T10:23:00.321+0800][41.939s][info][gc,heap     ] GC(405)                Mark Start          Mark End        Relocate Start      Relocate End           High               Low         
[2026-06-17T10:23:00.324+0800][41.943s][info][gc,heap     ] GC(405)  Capacity:      256M (100%)        256M (100%)        256M (100%)        256M (100%)        256M (100%)        256M (100%)   
[2026-06-17T10:23:00.327+0800][41.946s][info][gc,heap     ] GC(405)   Reserve:       62M (24%)          62M (24%)          62M (24%)          62M (24%)          62M (24%)          62M (24%)    
[2026-06-17T10:23:00.328+0800][41.947s][info][gc,heap     ] GC(405)      Free:       86M (34%)          82M (32%)          72M (28%)         140M (55%)         140M (55%)          46M (18%)    
[2026-06-17T10:23:00.329+0800][41.947s][info][gc,heap     ] GC(405)      Used:      108M (42%)         112M (44%)         122M (48%)          54M (21%)         148M (58%)          54M (21%)    
[2026-06-17T10:23:00.329+0800][41.948s][info][gc,heap     ] GC(405)      Live:         -                25M (10%)          25M (10%)          25M (10%)            -                  -          
[2026-06-17T10:23:00.330+0800][41.949s][info][gc,heap     ] GC(405) Allocated:         -                 4M (2%)           40M (16%)          52M (20%)            -                  -          
[2026-06-17T10:23:00.331+0800][41.950s][info][gc,heap     ] GC(405)   Garbage:         -                82M (32%)          56M (22%)    17592186044400M (6         -                  -          
[2026-06-17T10:23:00.332+0800][41.951s][info][gc,heap     ] GC(405) Reclaimed:         -                  -                26M (10%)          98M (38%)            -                  -          
[2026-06-17T10:23:00.336+0800][41.955s][info][gc          ] GC(405) Garbage Collection (Allocation Rate) 108M(42%)->54M(21%)
[2026-06-17T10:23:00.363+0800][41.982s][info][gc,start    ] GC(406) Garbage Collection (Allocation Rate)
[2026-06-17T10:23:00.389+0800][42.008s][info][gc,phases   ] GC(406) Pause Mark Start 0.545ms
[2026-06-17T10:23:00.392+0800][42.011s][info][gc,phases   ] GC(406) Concurrent Mark 1.827ms
[2026-06-17T10:23:00.396+0800][42.015s][info][gc,phases   ] GC(406) Pause Mark End 0.517ms
[2026-06-17T10:23:00.406+0800][42.024s][info][gc,phases   ] GC(406) Concurrent Process Non-Strong References 0.197ms
[2026-06-17T10:23:00.407+0800][42.025s][info][gc,phases   ] GC(406) Concurrent Reset Relocation Set 0.004ms
[2026-06-17T10:23:00.410+0800][42.028s][info][gc,phases   ] GC(406) Concurrent Destroy Detached Pages 0.003ms
[2026-06-17T10:23:00.413+0800][42.032s][info][gc,phases   ] GC(406) Concurrent Select Relocation Set 0.941ms
[2026-06-17T10:23:00.414+0800][42.033s][info][gc,phases   ] GC(406) Concurrent Prepare Relocation Set 0.015ms
[2026-06-17T10:23:00.415+0800][42.034s][info][gc,phases   ] GC(406) Pause Relocate Start 0.249ms
[2026-06-17T10:23:00.416+0800][42.035s][info][gc,phases   ] GC(406) Concurrent Relocate 0.808ms
[2026-06-17T10:23:00.417+0800][42.036s][info][gc,load     ] GC(406) Load: 0.14/0.19/0.27
[2026-06-17T10:23:00.418+0800][42.037s][info][gc,mmu      ] GC(406) MMU: 2ms/0.0%, 5ms/43.3%, 10ms/66.9%, 20ms/83.5%, 50ms/93.4%, 100ms/96.6%
[2026-06-17T10:23:00.423+0800][42.042s][info][gc,marking  ] GC(406) Mark: 2 stripe(s), 1 proactive flush(es), 1 terminate flush(es), 0 completion(s), 0 continuation(s) 
[2026-06-17T10:23:00.424+0800][42.043s][info][gc,reloc    ] GC(406) Relocation: Successful, 24M relocated
[2026-06-17T10:23:00.425+0800][42.044s][info][gc,nmethod  ] GC(406) NMethods: 25 registered, 0 unregistered
[2026-06-17T10:23:00.430+0800][42.049s][info][gc,metaspace] GC(406) Metaspace: 3M used, 4M capacity, 4M committed, 8M reserved
[2026-06-17T10:23:00.430+0800][42.049s][info][gc,ref      ] GC(406) Soft: 43 encountered, 0 discovered, 0 enqueued
[2026-06-17T10:23:00.431+0800][42.050s][info][gc,ref      ] GC(406) Weak: 7 encountered, 0 discovered, 0 enqueued
[2026-06-17T10:23:00.432+0800][42.051s][info][gc,ref      ] GC(406) Final: 0 encountered, 0 discovered, 0 enqueued
[2026-06-17T10:23:00.433+0800][42.051s][info][gc,ref      ] GC(406) Phantom: 1 encountered, 0 discovered, 0 enqueued
[2026-06-17T10:23:00.433+0800][42.052s][info][gc,heap     ] GC(406)                Mark Start          Mark End        Relocate Start      Relocate End           High               Low         
[2026-06-17T10:23:00.434+0800][42.052s][info][gc,heap     ] GC(406)  Capacity:      256M (100%)        256M (100%)        256M (100%)        256M (100%)        256M (100%)        256M (100%)   
[2026-06-17T10:23:00.434+0800][42.053s][info][gc,heap     ] GC(406)   Reserve:       62M (24%)          62M (24%)          62M (24%)          62M (24%)          62M (24%)          62M (24%)    
[2026-06-17T10:23:00.435+0800][42.054s][info][gc,heap     ] GC(406)      Free:      108M (42%)         104M (41%)         132M (52%)         144M (56%)         146M (57%)         100M (39%)    
[2026-06-17T10:23:00.437+0800][42.056s][info][gc,heap     ] GC(406)      Used:       86M (34%)          90M (35%)          62M (24%)          50M (20%)          94M (37%)          48M (19%)    
[2026-06-17T10:23:00.438+0800][42.056s][info][gc,heap     ] GC(406)      Live:         -                24M (9%)           24M (9%)           24M (9%)             -                  -          
[2026-06-17T10:23:00.438+0800][42.057s][info][gc,heap     ] GC(406) Allocated:         -                 4M (2%)            8M (3%)           18M (7%)             -                  -          
[2026-06-17T10:23:00.440+0800][42.059s][info][gc,heap     ] GC(406)   Garbage:         -                61M (24%)          29M (12%)          13M (5%)             -                  -          
[2026-06-17T10:23:00.441+0800][42.060s][info][gc,heap     ] GC(406) Reclaimed:         -                  -                32M (12%)          48M (19%)            -                  -          
[2026-06-17T10:23:00.448+0800][42.067s][info][gc          ] GC(406) Garbage Collection (Allocation Rate) 86M(34%)->50M(20%)
[2026-06-17T10:23:00.463+0800][42.082s][info][gc,start    ] GC(407) Garbage Collection (Allocation Rate)
[2026-06-17T10:23:00.464+0800][42.083s][info][gc,phases   ] GC(407) Pause Mark Start 0.171ms
[2026-06-17T10:23:00.466+0800][42.085s][info][gc,phases   ] GC(407) Concurrent Mark 1.423ms
[2026-06-17T10:23:00.467+0800][42.086s][info][gc,phases   ] GC(407) Pause Mark End 0.385ms
[2026-06-17T10:23:00.469+0800][42.088s][info][gc,phases   ] GC(407) Concurrent Process Non-Strong References 0.105ms
[2026-06-17T10:23:00.471+0800][42.090s][info][gc,phases   ] GC(407) Concurrent Reset Relocation Set 0.003ms
[2026-06-17T10:23:00.474+0800][42.093s][info][gc,phases   ] GC(407) Concurrent Destroy Detached Pages 0.001ms
[2026-06-17T10:23:00.479+0800][42.098s][info][gc,phases   ] GC(407) Concurrent Select Relocation Set 0.492ms
[2026-06-17T10:23:00.481+0800][42.100s][info][gc,phases   ] GC(407) Concurrent Prepare Relocation Set 0.001ms
[2026-06-17T10:23:00.485+0800][42.104s][info][gc,phases   ] GC(407) Pause Relocate Start 0.146ms
[2026-06-17T10:23:00.492+0800][42.111s][info][gc,phases   ] GC(407) Concurrent Relocate 1.716ms
[2026-06-17T10:23:00.493+0800][42.112s][info][gc,load     ] GC(407) Load: 0.14/0.19/0.27
[2026-06-17T10:23:00.501+0800][42.120s][info][gc,mmu      ] GC(407) MMU: 2ms/0.0%, 5ms/43.3%, 10ms/66.9%, 20ms/83.5%, 50ms/93.4%, 100ms/96.6%
[2026-06-17T10:23:00.504+0800][42.123s][info][gc,marking  ] GC(407) Mark: 2 stripe(s), 1 proactive flush(es), 1 terminate flush(es), 0 completion(s), 0 continuation(s) 
[2026-06-17T10:23:00.508+0800][42.127s][info][gc,reloc    ] GC(407) Relocation: Successful, 24M relocated
[2026-06-17T10:23:00.512+0800][42.131s][info][gc,nmethod  ] GC(407) NMethods: 25 registered, 0 unregistered
[2026-06-17T10:23:00.513+0800][42.132s][info][gc,metaspace] GC(407) Metaspace: 3M used, 4M capacity, 4M committed, 8M reserved
[2026-06-17T10:23:00.514+0800][42.133s][info][gc,ref      ] GC(407) Soft: 43 encountered, 0 discovered, 0 enqueued
[2026-06-17T10:23:00.516+0800][42.134s][info][gc,ref      ] GC(407) Weak: 7 encountered, 2 discovered, 0 enqueued
[2026-06-17T10:23:00.518+0800][42.137s][info][gc,ref      ] GC(407) Final: 0 encountered, 0 discovered, 0 enqueued
[2026-06-17T10:23:00.520+0800][42.139s][info][gc,ref      ] GC(407) Phantom: 1 encountered, 1 discovered, 0 enqueued
[2026-06-17T10:23:00.521+0800][42.140s][info][gc,heap     ] GC(407)                Mark Start          Mark End        Relocate Start      Relocate End           High               Low         
[2026-06-17T10:23:00.524+0800][42.142s][info][gc,heap     ] GC(407)  Capacity:      256M (100%)        256M (100%)        256M (100%)        256M (100%)        256M (100%)        256M (100%)   
[2026-06-17T10:23:00.526+0800][42.144s][info][gc,heap     ] GC(407)   Reserve:       62M (24%)          62M (24%)          62M (24%)          62M (24%)          62M (24%)          62M (24%)    
[2026-06-17T10:23:00.530+0800][42.148s][info][gc,heap     ] GC(407)      Free:       96M (38%)          96M (38%)          78M (30%)         140M (55%)         140M (55%)          72M (28%)    
[2026-06-17T10:23:00.532+0800][42.150s][info][gc,heap     ] GC(407)      Used:       98M (38%)          98M (38%)         116M (45%)          54M (21%)         122M (48%)          54M (21%)    
[2026-06-17T10:23:00.535+0800][42.154s][info][gc,heap     ] GC(407)      Live:         -                28M (11%)          28M (11%)          28M (11%)            -                  -          
[2026-06-17T10:23:00.538+0800][42.156s][info][gc,heap     ] GC(407) Allocated:         -                 0M (0%)           42M (16%)          48M (19%)            -                  -          
[2026-06-17T10:23:00.540+0800][42.159s][info][gc,heap     ] GC(407)   Garbage:         -                69M (27%)          45M (18%)    17592186044395M (6         -                  -          
[2026-06-17T10:23:00.541+0800][42.160s][info][gc,heap     ] GC(407) Reclaimed:         -                  -                24M (9%)           90M (35%)            -                  -          
[2026-06-17T10:23:00.544+0800][42.162s][info][gc          ] GC(407) Garbage Collection (Allocation Rate) 98M(38%)->54M(21%)
[2026-06-17T10:23:00.563+0800][42.182s][info][gc,start    ] GC(408) Garbage Collection (Allocation Rate)
[2026-06-17T10:23:00.566+0800][42.185s][info][gc,phases   ] GC(408) Pause Mark Start 0.294ms
[2026-06-17T10:23:00.569+0800][42.188s][info][gc,phases   ] GC(408) Concurrent Mark 1.710ms
[2026-06-17T10:23:00.571+0800][42.190s][info][gc,phases   ] GC(408) Pause Mark End 0.912ms
[2026-06-17T10:23:00.572+0800][42.191s][info][gc,phases   ] GC(408) Concurrent Process Non-Strong References 0.357ms
[2026-06-17T10:23:00.573+0800][42.191s][info][gc,phases   ] GC(408) Concurrent Reset Relocation Set 0.005ms
[2026-06-17T10:23:00.573+0800][42.192s][info][gc,phases   ] GC(408) Concurrent Destroy Detached Pages 0.002ms
[2026-06-17T10:23:00.575+0800][42.194s][info][gc,phases   ] GC(408) Concurrent Select Relocation Set 1.412ms
[2026-06-17T10:23:00.576+0800][42.194s][info][gc,phases   ] GC(408) Concurrent Prepare Relocation Set 0.024ms
[2026-06-17T10:23:00.577+0800][42.195s][info][gc,phases   ] GC(408) Pause Relocate Start 0.261ms
[2026-06-17T10:23:00.578+0800][42.196s][info][gc,phases   ] GC(408) Concurrent Relocate 0.557ms
[2026-06-17T10:23:00.578+0800][42.197s][info][gc,load     ] GC(408) Load: 0.14/0.19/0.27
[2026-06-17T10:23:00.579+0800][42.197s][info][gc,mmu      ] GC(408) MMU: 2ms/0.0%, 5ms/43.3%, 10ms/66.9%, 20ms/83.5%, 50ms/93.4%, 100ms/96.6%
[2026-06-17T10:23:00.579+0800][42.198s][info][gc,marking  ] GC(408) Mark: 2 stripe(s), 1 proactive flush(es), 1 terminate flush(es), 0 completion(s), 0 continuation(s) 
[2026-06-17T10:23:00.579+0800][42.198s][info][gc,reloc    ] GC(408) Relocation: Successful, 17M relocated
[2026-06-17T10:23:00.579+0800][42.198s][info][gc,nmethod  ] GC(408) NMethods: 25 registered, 0 unregistered
[2026-06-17T10:23:00.580+0800][42.199s][info][gc,metaspace] GC(408) Metaspace: 3M used, 4M capacity, 4M committed, 8M reserved
[2026-06-17T10:23:00.580+0800][42.199s][info][gc,ref      ] GC(408) Soft: 43 encountered, 0 discovered, 0 enqueued
[2026-06-17T10:23:00.580+0800][42.199s][info][gc,ref      ] GC(408) Weak: 7 encountered, 2 discovered, 0 enqueued
[2026-06-17T10:23:00.581+0800][42.199s][info][gc,ref      ] GC(408) Final: 0 encountered, 0 discovered, 0 enqueued
[2026-06-17T10:23:00.581+0800][42.199s][info][gc,ref      ] GC(408) Phantom: 1 encountered, 1 discovered, 0 enqueued
[2026-06-17T10:23:00.581+0800][42.200s][info][gc,heap     ] GC(408)                Mark Start          Mark End        Relocate Start      Relocate End           High               Low         
[2026-06-17T10:23:00.581+0800][42.200s][info][gc,heap     ] GC(408)  Capacity:      256M (100%)        256M (100%)        256M (100%)        256M (100%)        256M (100%)        256M (100%)   
[2026-06-17T10:23:00.581+0800][42.200s][info][gc,heap     ] GC(408)   Reserve:       62M (24%)          62M (24%)          62M (24%)          62M (24%)          62M (24%)          62M (24%)    
[2026-06-17T10:23:00.582+0800][42.200s][info][gc,heap     ] GC(408)      Free:      114M (45%)         114M (45%)         104M (41%)         114M (45%)         142M (55%)          98M (38%)    
[2026-06-17T10:23:00.582+0800][42.200s][info][gc,heap     ] GC(408)      Used:       80M (31%)          80M (31%)          90M (35%)          80M (31%)          96M (38%)          52M (20%)    
[2026-06-17T10:23:00.582+0800][42.201s][info][gc,heap     ] GC(408)      Live:         -                19M (7%)           19M (7%)           19M (7%)             -                  -          
[2026-06-17T10:23:00.582+0800][42.201s][info][gc,heap     ] GC(408) Allocated:         -                 0M (0%)           38M (15%)          44M (17%)            -                  -          
[2026-06-17T10:23:00.582+0800][42.201s][info][gc,heap     ] GC(408)   Garbage:         -                60M (24%)          32M (13%)          22M (9%)             -                  -          
[2026-06-17T10:23:00.583+0800][42.201s][info][gc,heap     ] GC(408) Reclaimed:         -                  -                28M (11%)          38M (15%)            -                  -          
[2026-06-17T10:23:00.583+0800][42.202s][info][gc          ] GC(408) Garbage Collection (Allocation Rate) 80M(31%)->80M(31%)
[2026-06-17T10:23:00.663+0800][42.282s][info][gc,start    ] GC(409) Garbage Collection (Allocation Rate)
[2026-06-17T10:23:00.665+0800][42.284s][info][gc,phases   ] GC(409) Pause Mark Start 0.576ms
[2026-06-17T10:23:00.669+0800][42.287s][info][gc,phases   ] GC(409) Concurrent Mark 2.355ms
[2026-06-17T10:23:00.671+0800][42.289s][info][gc,phases   ] GC(409) Pause Mark End 0.886ms
[2026-06-17T10:23:00.672+0800][42.290s][info][gc,phases   ] GC(409) Concurrent Process Non-Strong References 0.379ms
[2026-06-17T10:23:00.672+0800][42.291s][info][gc,phases   ] GC(409) Concurrent Reset Relocation Set 0.005ms
[2026-06-17T10:23:00.673+0800][42.291s][info][gc,phases   ] GC(409) Concurrent Destroy Detached Pages 0.002ms
[2026-06-17T10:23:00.674+0800][42.293s][info][gc,phases   ] GC(409) Concurrent Select Relocation Set 1.064ms
[2026-06-17T10:23:00.675+0800][42.293s][info][gc,phases   ] GC(409) Concurrent Prepare Relocation Set 0.013ms
[2026-06-17T10:23:00.676+0800][42.294s][info][gc,phases   ] GC(409) Pause Relocate Start 0.253ms
[2026-06-17T10:23:00.678+0800][42.297s][info][gc,phases   ] GC(409) Concurrent Relocate 1.756ms
[2026-06-17T10:23:00.679+0800][42.297s][info][gc,load     ] GC(409) Load: 0.14/0.19/0.27
[2026-06-17T10:23:00.679+0800][42.298s][info][gc,mmu      ] GC(409) MMU: 2ms/0.0%, 5ms/43.3%, 10ms/66.9%, 20ms/83.5%, 50ms/93.4%, 100ms/96.6%
[2026-06-17T10:23:00.680+0800][42.298s][info][gc,marking  ] GC(409) Mark: 2 stripe(s), 1 proactive flush(es), 1 terminate flush(es), 0 completion(s), 0 continuation(s) 
[2026-06-17T10:23:00.680+0800][42.299s][info][gc,reloc    ] GC(409) Relocation: Successful, 21M relocated
[2026-06-17T10:23:00.680+0800][42.299s][info][gc,nmethod  ] GC(409) NMethods: 25 registered, 0 unregistered
[2026-06-17T10:23:00.681+0800][42.299s][info][gc,metaspace] GC(409) Metaspace: 3M used, 4M capacity, 4M committed, 8M reserved
[2026-06-17T10:23:00.681+0800][42.299s][info][gc,ref      ] GC(409) Soft: 43 encountered, 0 discovered, 0 enqueued
[2026-06-17T10:23:00.681+0800][42.300s][info][gc,ref      ] GC(409) Weak: 7 encountered, 2 discovered, 0 enqueued
[2026-06-17T10:23:00.681+0800][42.300s][info][gc,ref      ] GC(409) Final: 0 encountered, 0 discovered, 0 enqueued
[2026-06-17T10:23:00.681+0800][42.300s][info][gc,ref      ] GC(409) Phantom: 1 encountered, 1 discovered, 0 enqueued
[2026-06-17T10:23:00.681+0800][42.300s][info][gc,heap     ] GC(409)                Mark Start          Mark End        Relocate Start      Relocate End           High               Low         
[2026-06-17T10:23:00.682+0800][42.300s][info][gc,heap     ] GC(409)  Capacity:      256M (100%)        256M (100%)        256M (100%)        256M (100%)        256M (100%)        256M (100%)   
[2026-06-17T10:23:00.682+0800][42.301s][info][gc,heap     ] GC(409)   Reserve:       62M (24%)          62M (24%)          62M (24%)          62M (24%)          62M (24%)          62M (24%)    
[2026-06-17T10:23:00.682+0800][42.301s][info][gc,heap     ] GC(409)      Free:       84M (33%)          84M (33%)          70M (27%)         144M (56%)         144M (56%)          46M (18%)    
[2026-06-17T10:23:00.683+0800][42.301s][info][gc,heap     ] GC(409)      Used:      110M (43%)         110M (43%)         124M (48%)          50M (20%)         148M (58%)          50M (20%)    
[2026-06-17T10:23:00.683+0800][42.302s][info][gc,heap     ] GC(409)      Live:         -                25M (10%)          25M (10%)          25M (10%)            -                  -          
[2026-06-17T10:23:00.683+0800][42.302s][info][gc,heap     ] GC(409) Allocated:         -                 0M (0%)           38M (15%)          46M (18%)            -                  -          
[2026-06-17T10:23:00.683+0800][42.302s][info][gc,heap     ] GC(409)   Garbage:         -                84M (33%)          60M (24%)    17592186044402M (6         -                  -          
[2026-06-17T10:23:00.684+0800][42.302s][info][gc,heap     ] GC(409) Reclaimed:         -                  -                24M (9%)           98M (38%)            -                  -          
[2026-06-17T10:23:00.684+0800][42.303s][info][gc          ] GC(409) Garbage Collection (Allocation Rate) 110M(43%)->50M(20%)
[2026-06-17T10:23:00.763+0800][42.382s][info][gc,start    ] GC(410) Garbage Collection (Allocation Rate)
[2026-06-17T10:23:00.765+0800][42.384s][info][gc,phases   ] GC(410) Pause Mark Start 0.491ms
[2026-06-17T10:23:00.768+0800][42.387s][info][gc,phases   ] GC(410) Concurrent Mark 2.279ms
[2026-06-17T10:23:00.770+0800][42.389s][info][gc,phases   ] GC(410) Pause Mark End 0.788ms
[2026-06-17T10:23:00.771+0800][42.390s][info][gc,phases   ] GC(410) Concurrent Process Non-Strong References 0.277ms
[2026-06-17T10:23:00.771+0800][42.390s][info][gc,phases   ] GC(410) Concurrent Reset Relocation Set 0.005ms
[2026-06-17T10:23:00.772+0800][42.390s][info][gc,phases   ] GC(410) Concurrent Destroy Detached Pages 0.001ms
[2026-06-17T10:23:00.773+0800][42.392s][info][gc,phases   ] GC(410) Concurrent Select Relocation Set 1.203ms
[2026-06-17T10:23:00.774+0800][42.392s][info][gc,phases   ] GC(410) Concurrent Prepare Relocation Set 0.012ms
[2026-06-17T10:23:00.775+0800][42.393s][info][gc,phases   ] GC(410) Pause Relocate Start 0.260ms
[2026-06-17T10:23:00.776+0800][42.394s][info][gc,phases   ] GC(410) Concurrent Relocate 0.657ms
[2026-06-17T10:23:00.776+0800][42.395s][info][gc,load     ] GC(410) Load: 0.14/0.19/0.27
[2026-06-17T10:23:00.776+0800][42.395s][info][gc,mmu      ] GC(410) MMU: 2ms/0.0%, 5ms/43.3%, 10ms/66.9%, 20ms/83.5%, 50ms/93.4%, 100ms/96.6%
[2026-06-17T10:23:00.776+0800][42.395s][info][gc,marking  ] GC(410) Mark: 2 stripe(s), 1 proactive flush(es), 1 terminate flush(es), 0 completion(s), 0 continuation(s) 
[2026-06-17T10:23:00.777+0800][42.395s][info][gc,reloc    ] GC(410) Relocation: Successful, 20M relocated
[2026-06-17T10:23:00.777+0800][42.396s][info][gc,nmethod  ] GC(410) NMethods: 25 registered, 0 unregistered
[2026-06-17T10:23:00.777+0800][42.396s][info][gc,metaspace] GC(410) Metaspace: 3M used, 4M capacity, 4M committed, 8M reserved
[2026-06-17T10:23:00.777+0800][42.396s][info][gc,ref      ] GC(410) Soft: 43 encountered, 0 discovered, 0 enqueued
[2026-06-17T10:23:00.777+0800][42.396s][info][gc,ref      ] GC(410) Weak: 7 encountered, 2 discovered, 0 enqueued
[2026-06-17T10:23:00.778+0800][42.396s][info][gc,ref      ] GC(410) Final: 0 encountered, 0 discovered, 0 enqueued
[2026-06-17T10:23:00.778+0800][42.397s][info][gc,ref      ] GC(410) Phantom: 1 encountered, 1 discovered, 0 enqueued
[2026-06-17T10:23:00.778+0800][42.397s][info][gc,heap     ] GC(410)                Mark Start          Mark End        Relocate Start      Relocate End           High               Low         
[2026-06-17T10:23:00.778+0800][42.397s][info][gc,heap     ] GC(410)  Capacity:      256M (100%)        256M (100%)        256M (100%)        256M (100%)        256M (100%)        256M (100%)   
[2026-06-17T10:23:00.779+0800][42.397s][info][gc,heap     ] GC(410)   Reserve:       62M (24%)          62M (24%)          62M (24%)          62M (24%)          62M (24%)          62M (24%)    
[2026-06-17T10:23:00.779+0800][42.398s][info][gc,heap     ] GC(410)      Free:      114M (45%)          76M (30%)         102M (40%)         114M (45%)         114M (45%)          76M (30%)    
[2026-06-17T10:23:00.779+0800][42.398s][info][gc,heap     ] GC(410)      Used:       80M (31%)         118M (46%)          92M (36%)          80M (31%)         118M (46%)          80M (31%)    
[2026-06-17T10:23:00.779+0800][42.398s][info][gc,heap     ] GC(410)      Live:         -                22M (9%)           22M (9%)           22M (9%)             -                  -          
[2026-06-17T10:23:00.780+0800][42.398s][info][gc,heap     ] GC(410) Allocated:         -                38M (15%)          38M (15%)          44M (17%)            -                  -          
[2026-06-17T10:23:00.780+0800][42.399s][info][gc,heap     ] GC(410)   Garbage:         -                57M (23%)          31M (12%)          19M (8%)             -                  -          
[2026-06-17T10:23:00.780+0800][42.399s][info][gc,heap     ] GC(410) Reclaimed:         -                  -                26M (10%)          38M (15%)            -                  -          
[2026-06-17T10:23:00.780+0800][42.399s][info][gc          ] GC(410) Garbage Collection (Allocation Rate) 80M(31%)->80M(31%)
[2026-06-17T10:23:00.864+0800][42.482s][info][gc,start    ] GC(411) Garbage Collection (Allocation Rate)
[2026-06-17T10:23:00.866+0800][42.484s][info][gc,phases   ] GC(411) Pause Mark Start 0.298ms
[2026-06-17T10:23:00.868+0800][42.487s][info][gc,phases   ] GC(411) Concurrent Mark 2.059ms
[2026-06-17T10:23:00.869+0800][42.488s][info][gc,phases   ] GC(411) Pause Mark End 0.361ms
[2026-06-17T10:23:00.870+0800][42.489s][info][gc,phases   ] GC(411) Concurrent Process Non-Strong References 0.209ms
[2026-06-17T10:23:00.871+0800][42.489s][info][gc,phases   ] GC(411) Concurrent Reset Relocation Set 0.003ms
[2026-06-17T10:23:00.871+0800][42.490s][info][gc,phases   ] GC(411) Concurrent Destroy Detached Pages 0.001ms
[2026-06-17T10:23:00.872+0800][42.491s][info][gc,phases   ] GC(411) Concurrent Select Relocation Set 0.554ms
[2026-06-17T10:23:00.872+0800][42.491s][info][gc,phases   ] GC(411) Concurrent Prepare Relocation Set 0.006ms
[2026-06-17T10:23:00.873+0800][42.492s][info][gc,phases   ] GC(411) Pause Relocate Start 0.141ms
[2026-06-17T10:23:00.875+0800][42.493s][info][gc,phases   ] GC(411) Concurrent Relocate 1.210ms
[2026-06-17T10:23:00.875+0800][42.494s][info][gc,load     ] GC(411) Load: 0.14/0.19/0.27
[2026-06-17T10:23:00.875+0800][42.494s][info][gc,mmu      ] GC(411) MMU: 2ms/0.0%, 5ms/43.3%, 10ms/66.9%, 20ms/83.5%, 50ms/93.4%, 100ms/96.6%
[2026-06-17T10:23:00.875+0800][42.494s][info][gc,marking  ] GC(411) Mark: 2 stripe(s), 1 proactive flush(es), 1 terminate flush(es), 0 completion(s), 0 continuation(s) 
[2026-06-17T10:23:00.876+0800][42.494s][info][gc,reloc    ] GC(411) Relocation: Successful, 20M relocated
[2026-06-17T10:23:00.876+0800][42.495s][info][gc,nmethod  ] GC(411) NMethods: 25 registered, 0 unregistered
[2026-06-17T10:23:00.876+0800][42.495s][info][gc,metaspace] GC(411) Metaspace: 3M used, 4M capacity, 4M committed, 8M reserved
[2026-06-17T10:23:00.877+0800][42.495s][info][gc,ref      ] GC(411) Soft: 43 encountered, 0 discovered, 0 enqueued
[2026-06-17T10:23:00.877+0800][42.496s][info][gc,ref      ] GC(411) Weak: 7 encountered, 2 discovered, 0 enqueued
[2026-06-17T10:23:00.877+0800][42.496s][info][gc,ref      ] GC(411) Final: 0 encountered, 0 discovered, 0 enqueued
[2026-06-17T10:23:00.877+0800][42.496s][info][gc,ref      ] GC(411) Phantom: 1 encountered, 1 discovered, 0 enqueued
[2026-06-17T10:23:00.877+0800][42.496s][info][gc,heap     ] GC(411)                Mark Start          Mark End        Relocate Start      Relocate End           High               Low         
[2026-06-17T10:23:00.877+0800][42.496s][info][gc,heap     ] GC(411)  Capacity:      256M (100%)        256M (100%)        256M (100%)        256M (100%)        256M (100%)        256M (100%)   
[2026-06-17T10:23:00.878+0800][42.496s][info][gc,heap     ] GC(411)   Reserve:       62M (24%)          62M (24%)          62M (24%)          62M (24%)          62M (24%)          62M (24%)    
[2026-06-17T10:23:00.878+0800][42.497s][info][gc,heap     ] GC(411)      Free:       80M (31%)          80M (31%)         112M (44%)         150M (59%)         150M (59%)          74M (29%)    
[2026-06-17T10:23:00.878+0800][42.497s][info][gc,heap     ] GC(411)      Used:      114M (45%)         114M (45%)          82M (32%)          44M (17%)         120M (47%)          44M (17%)    
[2026-06-17T10:23:00.878+0800][42.497s][info][gc,heap     ] GC(411)      Live:         -                20M (8%)           20M (8%)           20M (8%)             -                  -          
[2026-06-17T10:23:00.878+0800][42.497s][info][gc,heap     ] GC(411) Allocated:         -                 0M (0%)            0M (0%)           40M (16%)            -                  -          
[2026-06-17T10:23:00.878+0800][42.497s][info][gc,heap     ] GC(411)   Garbage:         -                93M (37%)          61M (24%)          23M (9%)             -                  -          
[2026-06-17T10:23:00.878+0800][42.497s][info][gc,heap     ] GC(411) Reclaimed:         -                  -                32M (12%)          70M (27%)            -                  -          
[2026-06-17T10:23:00.878+0800][42.497s][info][gc          ] GC(411) Garbage Collection (Allocation Rate) 114M(45%)->44M(17%)
[2026-06-17T10:23:00.963+0800][42.582s][info][gc,start    ] GC(412) Garbage Collection (Allocation Rate)
[2026-06-17T10:23:00.965+0800][42.584s][info][gc,phases   ] GC(412) Pause Mark Start 0.566ms
[2026-06-17T10:23:00.968+0800][42.587s][info][gc,phases   ] GC(412) Concurrent Mark 2.286ms
[2026-06-17T10:23:00.970+0800][42.588s][info][gc,phases   ] GC(412) Pause Mark End 0.649ms
[2026-06-17T10:23:00.971+0800][42.589s][info][gc,phases   ] GC(412) Concurrent Process Non-Strong References 0.355ms
[2026-06-17T10:23:00.971+0800][42.590s][info][gc,phases   ] GC(412) Concurrent Reset Relocation Set 0.006ms
[2026-06-17T10:23:00.972+0800][42.590s][info][gc,phases   ] GC(412) Concurrent Destroy Detached Pages 0.001ms
[2026-06-17T10:23:00.973+0800][42.592s][info][gc,phases   ] GC(412) Concurrent Select Relocation Set 1.346ms
[2026-06-17T10:23:00.974+0800][42.593s][info][gc,phases   ] GC(412) Concurrent Prepare Relocation Set 0.005ms
[2026-06-17T10:23:00.975+0800][42.594s][info][gc,phases   ] GC(412) Pause Relocate Start 0.352ms
[2026-06-17T10:23:00.976+0800][42.595s][info][gc,phases   ] GC(412) Concurrent Relocate 0.438ms
[2026-06-17T10:23:00.976+0800][42.595s][info][gc,load     ] GC(412) Load: 0.14/0.19/0.27
[2026-06-17T10:23:00.977+0800][42.595s][info][gc,mmu      ] GC(412) MMU: 2ms/0.0%, 5ms/43.3%, 10ms/66.9%, 20ms/83.5%, 50ms/93.4%, 100ms/96.6%
[2026-06-17T10:23:00.977+0800][42.596s][info][gc,marking  ] GC(412) Mark: 2 stripe(s), 1 proactive flush(es), 1 terminate flush(es), 0 completion(s), 0 continuation(s) 
[2026-06-17T10:23:00.977+0800][42.596s][info][gc,reloc    ] GC(412) Relocation: Successful, 24M relocated
[2026-06-17T10:23:00.977+0800][42.596s][info][gc,nmethod  ] GC(412) NMethods: 25 registered, 0 unregistered
[2026-06-17T10:23:00.977+0800][42.596s][info][gc,metaspace] GC(412) Metaspace: 3M used, 4M capacity, 4M committed, 8M reserved
[2026-06-17T10:23:00.978+0800][42.596s][info][gc,ref      ] GC(412) Soft: 43 encountered, 0 discovered, 0 enqueued
[2026-06-17T10:23:00.978+0800][42.597s][info][gc,ref      ] GC(412) Weak: 7 encountered, 2 discovered, 0 enqueued
[2026-06-17T10:23:00.978+0800][42.597s][info][gc,ref      ] GC(412) Final: 0 encountered, 0 discovered, 0 enqueued
[2026-06-17T10:23:00.978+0800][42.597s][info][gc,ref      ] GC(412) Phantom: 1 encountered, 1 discovered, 0 enqueued
[2026-06-17T10:23:00.979+0800][42.597s][info][gc,heap     ] GC(412)                Mark Start          Mark End        Relocate Start      Relocate End           High               Low         
[2026-06-17T10:23:00.979+0800][42.598s][info][gc,heap     ] GC(412)  Capacity:      256M (100%)        256M (100%)        256M (100%)        256M (100%)        256M (100%)        256M (100%)   
[2026-06-17T10:23:00.979+0800][42.598s][info][gc,heap     ] GC(412)   Reserve:       62M (24%)          62M (24%)          62M (24%)          62M (24%)          62M (24%)          62M (24%)    
[2026-06-17T10:23:00.980+0800][42.598s][info][gc,heap     ] GC(412)      Free:      114M (45%)         114M (45%)         136M (53%)         148M (58%)         148M (58%)         110M (43%)    
[2026-06-17T10:23:00.980+0800][42.599s][info][gc,heap     ] GC(412)      Used:       80M (31%)          80M (31%)          58M (23%)          46M (18%)          84M (33%)          46M (18%)    
[2026-06-17T10:23:00.980+0800][42.599s][info][gc,heap     ] GC(412)      Live:         -                26M (10%)          26M (10%)          26M (10%)            -                  -          
[2026-06-17T10:23:00.980+0800][42.599s][info][gc,heap     ] GC(412) Allocated:         -                 0M (0%)            4M (2%)           10M (4%)             -                  -          
[2026-06-17T10:23:00.980+0800][42.599s][info][gc,heap     ] GC(412)   Garbage:         -                53M (21%)          27M (11%)          15M (6%)             -                  -          
[2026-06-17T10:23:00.981+0800][42.599s][info][gc,heap     ] GC(412) Reclaimed:         -                  -                26M (10%)          38M (15%)            -                  -          
[2026-06-17T10:23:00.981+0800][42.599s][info][gc          ] GC(412) Garbage Collection (Allocation Rate) 80M(31%)->46M(18%)
[2026-06-17T10:23:01.063+0800][42.682s][info][gc,start    ] GC(413) Garbage Collection (Allocation Rate)
[2026-06-17T10:23:01.066+0800][42.685s][info][gc,phases   ] GC(413) Pause Mark Start 0.574ms
[2026-06-17T10:23:01.070+0800][42.688s][info][gc,phases   ] GC(413) Concurrent Mark 2.163ms
[2026-06-17T10:23:01.072+0800][42.690s][info][gc,phases   ] GC(413) Pause Mark End 0.725ms
[2026-06-17T10:23:01.073+0800][42.691s][info][gc,phases   ] GC(413) Concurrent Process Non-Strong References 0.366ms
[2026-06-17T10:23:01.073+0800][42.692s][info][gc,phases   ] GC(413) Concurrent Reset Relocation Set 0.004ms
[2026-06-17T10:23:01.074+0800][42.692s][info][gc,phases   ] GC(413) Concurrent Destroy Detached Pages 0.002ms
[2026-06-17T10:23:01.075+0800][42.694s][info][gc,phases   ] GC(413) Concurrent Select Relocation Set 1.205ms
[2026-06-17T10:23:01.076+0800][42.695s][info][gc,phases   ] GC(413) Concurrent Prepare Relocation Set 0.012ms
[2026-06-17T10:23:01.077+0800][42.696s][info][gc,phases   ] GC(413) Pause Relocate Start 0.424ms
[2026-06-17T10:23:01.079+0800][42.698s][info][gc,phases   ] GC(413) Concurrent Relocate 1.827ms
[2026-06-17T10:23:01.080+0800][42.699s][info][gc,load     ] GC(413) Load: 0.14/0.19/0.27
[2026-06-17T10:23:01.080+0800][42.699s][info][gc,mmu      ] GC(413) MMU: 2ms/0.0%, 5ms/43.3%, 10ms/66.9%, 20ms/83.5%, 50ms/93.4%, 100ms/96.6%
[2026-06-17T10:23:01.081+0800][42.699s][info][gc,marking  ] GC(413) Mark: 2 stripe(s), 2 proactive flush(es), 1 terminate flush(es), 0 completion(s), 0 continuation(s) 
[2026-06-17T10:23:01.081+0800][42.700s][info][gc,reloc    ] GC(413) Relocation: Successful, 23M relocated
[2026-06-17T10:23:01.081+0800][42.700s][info][gc,nmethod  ] GC(413) NMethods: 25 registered, 0 unregistered
[2026-06-17T10:23:01.082+0800][42.700s][info][gc,metaspace] GC(413) Metaspace: 3M used, 4M capacity, 4M committed, 8M reserved
[2026-06-17T10:23:01.082+0800][42.701s][info][gc,ref      ] GC(413) Soft: 43 encountered, 0 discovered, 0 enqueued
[2026-06-17T10:23:01.082+0800][42.701s][info][gc,ref      ] GC(413) Weak: 7 encountered, 2 discovered, 0 enqueued
[2026-06-17T10:23:01.083+0800][42.701s][info][gc,ref      ] GC(413) Final: 0 encountered, 0 discovered, 0 enqueued
[2026-06-17T10:23:01.083+0800][42.702s][info][gc,ref      ] GC(413) Phantom: 1 encountered, 1 discovered, 0 enqueued
[2026-06-17T10:23:01.083+0800][42.702s][info][gc,heap     ] GC(413)                Mark Start          Mark End        Relocate Start      Relocate End           High               Low         
[2026-06-17T10:23:01.083+0800][42.702s][info][gc,heap     ] GC(413)  Capacity:      256M (100%)        256M (100%)        256M (100%)        256M (100%)        256M (100%)        256M (100%)   
[2026-06-17T10:23:01.083+0800][42.702s][info][gc,heap     ] GC(413)   Reserve:       62M (24%)          62M (24%)          62M (24%)          62M (24%)          62M (24%)          62M (24%)    
[2026-06-17T10:23:01.084+0800][42.702s][info][gc,heap     ] GC(413)      Free:       84M (33%)          80M (31%)         110M (43%)         144M (56%)         146M (57%)          74M (29%)    
[2026-06-17T10:23:01.084+0800][42.703s][info][gc,heap     ] GC(413)      Used:      110M (43%)         114M (45%)          84M (33%)          50M (20%)         120M (47%)          48M (19%)    
[2026-06-17T10:23:01.084+0800][42.703s][info][gc,heap     ] GC(413)      Live:         -                23M (9%)           23M (9%)           23M (9%)             -                  -          
[2026-06-17T10:23:01.084+0800][42.703s][info][gc,heap     ] GC(413) Allocated:         -                 4M (2%)            4M (2%)           50M (20%)            -                  -          
[2026-06-17T10:23:01.084+0800][42.703s][info][gc,heap     ] GC(413)   Garbage:         -                86M (34%)          56M (22%)          18M (7%)             -                  -          
[2026-06-17T10:23:01.084+0800][42.703s][info][gc,heap     ] GC(413) Reclaimed:         -                  -                30M (12%)          68M (27%)            -                  -          
[2026-06-17T10:23:01.085+0800][42.703s][info][gc          ] GC(413) Garbage Collection (Allocation Rate) 110M(43%)->50M(20%)
[2026-06-17T10:23:01.163+0800][42.782s][info][gc,start    ] GC(414) Garbage Collection (Allocation Rate)
[2026-06-17T10:23:01.165+0800][42.784s][info][gc,phases   ] GC(414) Pause Mark Start 0.519ms
[2026-06-17T10:23:01.168+0800][42.787s][info][gc,phases   ] GC(414) Concurrent Mark 2.309ms
[2026-06-17T10:23:01.170+0800][42.788s][info][gc,phases   ] GC(414) Pause Mark End 0.735ms
[2026-06-17T10:23:01.171+0800][42.789s][info][gc,phases   ] GC(414) Concurrent Process Non-Strong References 0.236ms
[2026-06-17T10:23:01.171+0800][42.790s][info][gc,phases   ] GC(414) Concurrent Reset Relocation Set 0.005ms
[2026-06-17T10:23:01.171+0800][42.790s][info][gc,phases   ] GC(414) Concurrent Destroy Detached Pages 0.001ms
[2026-06-17T10:23:01.173+0800][42.792s][info][gc,phases   ] GC(414) Concurrent Select Relocation Set 1.222ms
[2026-06-17T10:23:01.174+0800][42.793s][info][gc,phases   ] GC(414) Concurrent Prepare Relocation Set 0.003ms
[2026-06-17T10:23:01.175+0800][42.794s][info][gc,phases   ] GC(414) Pause Relocate Start 0.257ms
[2026-06-17T10:23:01.176+0800][42.795s][info][gc,phases   ] GC(414) Concurrent Relocate 0.313ms
[2026-06-17T10:23:01.176+0800][42.795s][info][gc,load     ] GC(414) Load: 0.14/0.19/0.27
[2026-06-17T10:23:01.177+0800][42.795s][info][gc,mmu      ] GC(414) MMU: 2ms/0.0%, 5ms/43.3%, 10ms/66.9%, 20ms/83.5%, 50ms/93.4%, 100ms/96.6%
[2026-06-17T10:23:01.177+0800][42.796s][info][gc,marking  ] GC(414) Mark: 2 stripe(s), 2 proactive flush(es), 1 terminate flush(es), 0 completion(s), 0 continuation(s) 
[2026-06-17T10:23:01.177+0800][42.796s][info][gc,reloc    ] GC(414) Relocation: Successful, 23M relocated
[2026-06-17T10:23:01.177+0800][42.796s][info][gc,nmethod  ] GC(414) NMethods: 25 registered, 0 unregistered
[2026-06-17T10:23:01.177+0800][42.796s][info][gc,metaspace] GC(414) Metaspace: 3M used, 4M capacity, 4M committed, 8M reserved
[2026-06-17T10:23:01.178+0800][42.796s][info][gc,ref      ] GC(414) Soft: 43 encountered, 0 discovered, 0 enqueued
[2026-06-17T10:23:01.178+0800][42.797s][info][gc,ref      ] GC(414) Weak: 7 encountered, 2 discovered, 0 enqueued
[2026-06-17T10:23:01.178+0800][42.797s][info][gc,ref      ] GC(414) Final: 0 encountered, 0 discovered, 0 enqueued
[2026-06-17T10:23:01.178+0800][42.797s][info][gc,ref      ] GC(414) Phantom: 1 encountered, 1 discovered, 0 enqueued
[2026-06-17T10:23:01.179+0800][42.797s][info][gc,heap     ] GC(414)                Mark Start          Mark End        Relocate Start      Relocate End           High               Low         
[2026-06-17T10:23:01.179+0800][42.797s][info][gc,heap     ] GC(414)  Capacity:      256M (100%)        256M (100%)        256M (100%)        256M (100%)        256M (100%)        256M (100%)   
[2026-06-17T10:23:01.179+0800][42.798s][info][gc,heap     ] GC(414)   Reserve:       62M (24%)          62M (24%)          62M (24%)          62M (24%)          62M (24%)          62M (24%)    
[2026-06-17T10:23:01.179+0800][42.798s][info][gc,heap     ] GC(414)      Free:      116M (45%)         112M (44%)         142M (55%)         146M (57%)         146M (57%)         112M (44%)    
[2026-06-17T10:23:01.180+0800][42.798s][info][gc,heap     ] GC(414)      Used:       78M (30%)          82M (32%)          52M (20%)          48M (19%)          82M (32%)          48M (19%)    
[2026-06-17T10:23:01.180+0800][42.798s][info][gc,heap     ] GC(414)      Live:         -                28M (11%)          28M (11%)          28M (11%)            -                  -          
[2026-06-17T10:23:01.180+0800][42.799s][info][gc,heap     ] GC(414) Allocated:         -                 4M (2%)            4M (2%)           10M (4%)             -                  -          
[2026-06-17T10:23:01.180+0800][42.799s][info][gc,heap     ] GC(414)   Garbage:         -                49M (19%)          19M (7%)           15M (6%)             -                  -          
[2026-06-17T10:23:01.180+0800][42.799s][info][gc,heap     ] GC(414) Reclaimed:         -                  -                30M (12%)          34M (13%)            -                  -          
[2026-06-17T10:23:01.180+0800][42.799s][info][gc          ] GC(414) Garbage Collection (Allocation Rate) 78M(30%)->48M(19%)
[2026-06-17T10:23:01.263+0800][42.882s][info][gc,start    ] GC(415) Garbage Collection (Allocation Rate)
[2026-06-17T10:23:01.266+0800][42.885s][info][gc,phases   ] GC(415) Pause Mark Start 0.604ms
[2026-06-17T10:23:01.269+0800][42.888s][info][gc,phases   ] GC(415) Concurrent Mark 2.242ms
[2026-06-17T10:23:01.272+0800][42.890s][info][gc,phases   ] GC(415) Pause Mark End 0.678ms
[2026-06-17T10:23:01.272+0800][42.891s][info][gc,phases   ] GC(415) Concurrent Process Non-Strong References 0.339ms
[2026-06-17T10:23:01.273+0800][42.892s][info][gc,phases   ] GC(415) Concurrent Reset Relocation Set 0.004ms
[2026-06-17T10:23:01.274+0800][42.892s][info][gc,phases   ] GC(415) Concurrent Destroy Detached Pages 0.002ms
[2026-06-17T10:23:01.275+0800][42.894s][info][gc,phases   ] GC(415) Concurrent Select Relocation Set 1.074ms
[2026-06-17T10:23:01.276+0800][42.894s][info][gc,phases   ] GC(415) Concurrent Prepare Relocation Set 0.005ms
[2026-06-17T10:23:01.277+0800][42.896s][info][gc,phases   ] GC(415) Pause Relocate Start 0.251ms
[2026-06-17T10:23:01.279+0800][42.898s][info][gc,phases   ] GC(415) Concurrent Relocate 1.977ms
[2026-06-17T10:23:01.279+0800][42.898s][info][gc,load     ] GC(415) Load: 0.14/0.19/0.27
[2026-06-17T10:23:01.280+0800][42.898s][info][gc,mmu      ] GC(415) MMU: 2ms/0.0%, 5ms/43.3%, 10ms/66.9%, 20ms/83.5%, 50ms/93.4%, 100ms/96.6%
[2026-06-17T10:23:01.280+0800][42.899s][info][gc,marking  ] GC(415) Mark: 2 stripe(s), 1 proactive flush(es), 1 terminate flush(es), 0 completion(s), 0 continuation(s) 
[2026-06-17T10:23:01.280+0800][42.899s][info][gc,reloc    ] GC(415) Relocation: Successful, 25M relocated
[2026-06-17T10:23:01.281+0800][42.899s][info][gc,nmethod  ] GC(415) NMethods: 25 registered, 0 unregistered
[2026-06-17T10:23:01.281+0800][42.900s][info][gc,metaspace] GC(415) Metaspace: 3M used, 4M capacity, 4M committed, 8M reserved
[2026-06-17T10:23:01.281+0800][42.900s][info][gc,ref      ] GC(415) Soft: 43 encountered, 0 discovered, 0 enqueued
[2026-06-17T10:23:01.282+0800][42.900s][info][gc,ref      ] GC(415) Weak: 7 encountered, 2 discovered, 0 enqueued
[2026-06-17T10:23:01.282+0800][42.901s][info][gc,ref      ] GC(415) Final: 0 encountered, 0 discovered, 0 enqueued
[2026-06-17T10:23:01.282+0800][42.901s][info][gc,ref      ] GC(415) Phantom: 1 encountered, 1 discovered, 0 enqueued
[2026-06-17T10:23:01.283+0800][42.901s][info][gc,heap     ] GC(415)                Mark Start          Mark End        Relocate Start      Relocate End           High               Low         
[2026-06-17T10:23:01.283+0800][42.902s][info][gc,heap     ] GC(415)  Capacity:      256M (100%)        256M (100%)        256M (100%)        256M (100%)        256M (100%)        256M (100%)   
[2026-06-17T10:23:01.283+0800][42.902s][info][gc,heap     ] GC(415)   Reserve:       62M (24%)          62M (24%)          62M (24%)          62M (24%)          62M (24%)          62M (24%)    
[2026-06-17T10:23:01.283+0800][42.902s][info][gc,heap     ] GC(415)      Free:       80M (31%)          80M (31%)         112M (44%)         146M (57%)         146M (57%)          74M (29%)    
[2026-06-17T10:23:01.283+0800][42.902s][info][gc,heap     ] GC(415)      Used:      114M (45%)         114M (45%)          82M (32%)          48M (19%)         120M (47%)          48M (19%)    
[2026-06-17T10:23:01.284+0800][42.902s][info][gc,heap     ] GC(415)      Live:         -                26M (11%)          26M (11%)          26M (11%)            -                  -          
[2026-06-17T10:23:01.284+0800][42.903s][info][gc,heap     ] GC(415) Allocated:         -                 0M (0%)            4M (2%)           44M (17%)            -                  -          
[2026-06-17T10:23:01.284+0800][42.903s][info][gc,heap     ] GC(415)   Garbage:         -                87M (34%)          51M (20%)          17M (7%)             -                  -          
[2026-06-17T10:23:01.284+0800][42.903s][info][gc,heap     ] GC(415) Reclaimed:         -                  -                36M (14%)          70M (27%)            -                  -          
[2026-06-17T10:23:01.284+0800][42.903s][info][gc          ] GC(415) Garbage Collection (Allocation Rate) 114M(45%)->48M(19%)
[2026-06-17T10:23:01.364+0800][42.982s][info][gc,start    ] GC(416) Garbage Collection (Allocation Rate)
[2026-06-17T10:23:01.365+0800][42.984s][info][gc,phases   ] GC(416) Pause Mark Start 0.356ms
[2026-06-17T10:23:01.368+0800][42.987s][info][gc,phases   ] GC(416) Concurrent Mark 2.156ms
[2026-06-17T10:23:01.370+0800][42.988s][info][gc,phases   ] GC(416) Pause Mark End 0.745ms
[2026-06-17T10:23:01.371+0800][42.989s][info][gc,phases   ] GC(416) Concurrent Process Non-Strong References 0.259ms
[2026-06-17T10:23:01.371+0800][42.990s][info][gc,phases   ] GC(416) Concurrent Reset Relocation Set 0.005ms
[2026-06-17T10:23:01.372+0800][42.990s][info][gc,phases   ] GC(416) Concurrent Destroy Detached Pages 0.002ms
[2026-06-17T10:23:01.374+0800][42.992s][info][gc,phases   ] GC(416) Concurrent Select Relocation Set 1.392ms
[2026-06-17T10:23:01.374+0800][42.993s][info][gc,phases   ] GC(416) Concurrent Prepare Relocation Set 0.014ms
[2026-06-17T10:23:01.375+0800][42.994s][info][gc,phases   ] GC(416) Pause Relocate Start 0.238ms
[2026-06-17T10:23:01.376+0800][42.995s][info][gc,phases   ] GC(416) Concurrent Relocate 0.533ms
[2026-06-17T10:23:01.376+0800][42.995s][info][gc,load     ] GC(416) Load: 0.14/0.19/0.27
[2026-06-17T10:23:01.376+0800][42.995s][info][gc,mmu      ] GC(416) MMU: 2ms/0.0%, 5ms/43.3%, 10ms/66.9%, 20ms/83.5%, 50ms/93.4%, 100ms/96.6%
[2026-06-17T10:23:01.377+0800][42.995s][info][gc,marking  ] GC(416) Mark: 2 stripe(s), 1 proactive flush(es), 1 terminate flush(es), 0 completion(s), 0 continuation(s) 
[2026-06-17T10:23:01.377+0800][42.996s][info][gc,reloc    ] GC(416) Relocation: Successful, 24M relocated
[2026-06-17T10:23:01.377+0800][42.996s][info][gc,nmethod  ] GC(416) NMethods: 25 registered, 0 unregistered
[2026-06-17T10:23:01.377+0800][42.996s][info][gc,metaspace] GC(416) Metaspace: 3M used, 4M capacity, 4M committed, 8M reserved
[2026-06-17T10:23:01.378+0800][42.996s][info][gc,ref      ] GC(416) Soft: 43 encountered, 0 discovered, 0 enqueued
[2026-06-17T10:23:01.378+0800][42.996s][info][gc,ref      ] GC(416) Weak: 7 encountered, 0 discovered, 0 enqueued
[2026-06-17T10:23:01.378+0800][42.997s][info][gc,ref      ] GC(416) Final: 0 encountered, 0 discovered, 0 enqueued
[2026-06-17T10:23:01.378+0800][42.997s][info][gc,ref      ] GC(416) Phantom: 1 encountered, 0 discovered, 0 enqueued
[2026-06-17T10:23:01.378+0800][42.997s][info][gc,heap     ] GC(416)                Mark Start          Mark End        Relocate Start      Relocate End           High               Low         
[2026-06-17T10:23:01.379+0800][42.997s][info][gc,heap     ] GC(416)  Capacity:      256M (100%)        256M (100%)        256M (100%)        256M (100%)        256M (100%)        256M (100%)   
[2026-06-17T10:23:01.379+0800][42.998s][info][gc,heap     ] GC(416)   Reserve:       62M (24%)          62M (24%)          62M (24%)          62M (24%)          62M (24%)          62M (24%)    
[2026-06-17T10:23:01.379+0800][42.998s][info][gc,heap     ] GC(416)      Free:      114M (45%)         114M (45%)         138M (54%)         150M (59%)         150M (59%)         110M (43%)    
[2026-06-17T10:23:01.380+0800][42.998s][info][gc,heap     ] GC(416)      Used:       80M (31%)          80M (31%)          56M (22%)          44M (17%)          84M (33%)          44M (17%)    
[2026-06-17T10:23:01.380+0800][42.999s][info][gc,heap     ] GC(416)      Live:         -                24M (10%)          24M (10%)          24M (10%)            -                  -          
[2026-06-17T10:23:01.380+0800][42.999s][info][gc,heap     ] GC(416) Allocated:         -                 0M (0%)            4M (2%)           10M (4%)             -                  -          
[2026-06-17T10:23:01.380+0800][42.999s][info][gc,heap     ] GC(416)   Garbage:         -                55M (22%)          27M (11%)          15M (6%)             -                  -          
[2026-06-17T10:23:01.380+0800][42.999s][info][gc,heap     ] GC(416) Reclaimed:         -                  -                28M (11%)          40M (16%)            -                  -          
[2026-06-17T10:23:01.380+0800][42.999s][info][gc          ] GC(416) Garbage Collection (Allocation Rate) 80M(31%)->44M(17%)
[2026-06-17T10:23:01.463+0800][43.081s][info][gc,start    ] GC(417) Garbage Collection (Allocation Rate)
[2026-06-17T10:23:01.468+0800][43.087s][info][gc,phases   ] GC(417) Pause Mark Start 0.155ms
[2026-06-17T10:23:01.472+0800][43.091s][info][gc,phases   ] GC(417) Concurrent Mark 1.435ms
[2026-06-17T10:23:01.473+0800][43.091s][info][gc,phases   ] GC(417) Pause Mark End 0.244ms
[2026-06-17T10:23:01.473+0800][43.092s][info][gc,phases   ] GC(417) Concurrent Process Non-Strong References 0.074ms
[2026-06-17T10:23:01.473+0800][43.092s][info][gc,phases   ] GC(417) Concurrent Reset Relocation Set 0.003ms
[2026-06-17T10:23:01.473+0800][43.092s][info][gc,phases   ] GC(417) Concurrent Destroy Detached Pages 0.001ms
[2026-06-17T10:23:01.474+0800][43.093s][info][gc,phases   ] GC(417) Concurrent Select Relocation Set 0.497ms
[2026-06-17T10:23:01.474+0800][43.093s][info][gc,phases   ] GC(417) Concurrent Prepare Relocation Set 0.015ms
[2026-06-17T10:23:01.475+0800][43.093s][info][gc,phases   ] GC(417) Pause Relocate Start 0.159ms
[2026-06-17T10:23:01.477+0800][43.096s][info][gc,phases   ] GC(417) Concurrent Relocate 1.971ms
[2026-06-17T10:23:01.477+0800][43.096s][info][gc,load     ] GC(417) Load: 0.14/0.19/0.27
[2026-06-17T10:23:01.477+0800][43.096s][info][gc,mmu      ] GC(417) MMU: 2ms/0.0%, 5ms/43.3%, 10ms/66.9%, 20ms/83.5%, 50ms/93.4%, 100ms/96.6%
[2026-06-17T10:23:01.478+0800][43.096s][info][gc,marking  ] GC(417) Mark: 2 stripe(s), 1 proactive flush(es), 1 terminate flush(es), 0 completion(s), 0 continuation(s) 
[2026-06-17T10:23:01.478+0800][43.096s][info][gc,reloc    ] GC(417) Relocation: Successful, 22M relocated
[2026-06-17T10:23:01.478+0800][43.097s][info][gc,nmethod  ] GC(417) NMethods: 25 registered, 0 unregistered
[2026-06-17T10:23:01.478+0800][43.097s][info][gc,metaspace] GC(417) Metaspace: 3M used, 4M capacity, 4M committed, 8M reserved
[2026-06-17T10:23:01.478+0800][43.097s][info][gc,ref      ] GC(417) Soft: 43 encountered, 0 discovered, 0 enqueued
[2026-06-17T10:23:01.478+0800][43.097s][info][gc,ref      ] GC(417) Weak: 7 encountered, 2 discovered, 0 enqueued
[2026-06-17T10:23:01.478+0800][43.097s][info][gc,ref      ] GC(417) Final: 0 encountered, 0 discovered, 0 enqueued
[2026-06-17T10:23:01.479+0800][43.097s][info][gc,ref      ] GC(417) Phantom: 1 encountered, 1 discovered, 0 enqueued
[2026-06-17T10:23:01.479+0800][43.098s][info][gc,heap     ] GC(417)                Mark Start          Mark End        Relocate Start      Relocate End           High               Low         
[2026-06-17T10:23:01.479+0800][43.098s][info][gc,heap     ] GC(417)  Capacity:      256M (100%)        256M (100%)        256M (100%)        256M (100%)        256M (100%)        256M (100%)   
[2026-06-17T10:23:01.479+0800][43.098s][info][gc,heap     ] GC(417)   Reserve:       62M (24%)          62M (24%)          62M (24%)          62M (24%)          62M (24%)          62M (24%)    
[2026-06-17T10:23:01.479+0800][43.098s][info][gc,heap     ] GC(417)      Free:       82M (32%)          82M (32%)         116M (45%)         146M (57%)         146M (57%)          78M (30%)    
[2026-06-17T10:23:01.479+0800][43.098s][info][gc,heap     ] GC(417)      Used:      112M (44%)         112M (44%)          78M (30%)          48M (19%)         116M (45%)          48M (19%)    
[2026-06-17T10:23:01.479+0800][43.098s][info][gc,heap     ] GC(417)      Live:         -                24M (10%)          24M (10%)          24M (10%)            -                  -          
[2026-06-17T10:23:01.480+0800][43.098s][info][gc,heap     ] GC(417) Allocated:         -                 0M (0%)            0M (0%)           46M (18%)            -                  -          
[2026-06-17T10:23:01.480+0800][43.098s][info][gc,heap     ] GC(417)   Garbage:         -                87M (34%)          53M (21%)          17M (7%)             -                  -          
[2026-06-17T10:23:01.480+0800][43.099s][info][gc,heap     ] GC(417) Reclaimed:         -                  -                34M (13%)          70M (27%)            -                  -          
[2026-06-17T10:23:01.480+0800][43.099s][info][gc          ] GC(417) Garbage Collection (Allocation Rate) 112M(44%)->48M(19%)
[2026-06-17T10:23:01.563+0800][43.182s][info][gc,start    ] GC(418) Garbage Collection (Allocation Rate)
[2026-06-17T10:23:01.565+0800][43.183s][info][gc,phases   ] GC(418) Pause Mark Start 0.507ms
[2026-06-17T10:23:01.567+0800][43.186s][info][gc,phases   ] GC(418) Concurrent Mark 1.962ms
[2026-06-17T10:23:01.569+0800][43.187s][info][gc,phases   ] GC(418) Pause Mark End 0.564ms
[2026-06-17T10:23:01.569+0800][43.188s][info][gc,phases   ] GC(418) Concurrent Process Non-Strong References 0.164ms
[2026-06-17T10:23:01.570+0800][43.188s][info][gc,phases   ] GC(418) Concurrent Reset Relocation Set 0.004ms
[2026-06-17T10:23:01.570+0800][43.189s][info][gc,phases   ] GC(418) Concurrent Destroy Detached Pages 0.002ms
[2026-06-17T10:23:01.571+0800][43.190s][info][gc,phases   ] GC(418) Concurrent Select Relocation Set 0.969ms
[2026-06-17T10:23:01.571+0800][43.190s][info][gc,phases   ] GC(418) Concurrent Prepare Relocation Set 0.005ms
[2026-06-17T10:23:01.572+0800][43.191s][info][gc,phases   ] GC(418) Pause Relocate Start 0.265ms
[2026-06-17T10:23:01.573+0800][43.191s][info][gc,phases   ] GC(418) Concurrent Relocate 0.262ms
[2026-06-17T10:23:01.573+0800][43.192s][info][gc,load     ] GC(418) Load: 0.14/0.19/0.27
[2026-06-17T10:23:01.573+0800][43.192s][info][gc,mmu      ] GC(418) MMU: 2ms/0.0%, 5ms/43.3%, 10ms/66.9%, 20ms/83.5%, 50ms/93.4%, 100ms/96.6%
[2026-06-17T10:23:01.573+0800][43.192s][info][gc,marking  ] GC(418) Mark: 2 stripe(s), 1 proactive flush(es), 1 terminate flush(es), 0 completion(s), 0 continuation(s) 
[2026-06-17T10:23:01.574+0800][43.192s][info][gc,reloc    ] GC(418) Relocation: Successful, 17M relocated
[2026-06-17T10:23:01.574+0800][43.192s][info][gc,nmethod  ] GC(418) NMethods: 25 registered, 0 unregistered
[2026-06-17T10:23:01.574+0800][43.193s][info][gc,metaspace] GC(418) Metaspace: 3M used, 4M capacity, 4M committed, 8M reserved
[2026-06-17T10:23:01.574+0800][43.193s][info][gc,ref      ] GC(418) Soft: 43 encountered, 0 discovered, 0 enqueued
[2026-06-17T10:23:01.574+0800][43.193s][info][gc,ref      ] GC(418) Weak: 7 encountered, 0 discovered, 0 enqueued
[2026-06-17T10:23:01.574+0800][43.193s][info][gc,ref      ] GC(418) Final: 0 encountered, 0 discovered, 0 enqueued
[2026-06-17T10:23:01.575+0800][43.193s][info][gc,ref      ] GC(418) Phantom: 1 encountered, 1 discovered, 0 enqueued
[2026-06-17T10:23:01.575+0800][43.194s][info][gc,heap     ] GC(418)                Mark Start          Mark End        Relocate Start      Relocate End           High               Low         
[2026-06-17T10:23:01.575+0800][43.194s][info][gc,heap     ] GC(418)  Capacity:      256M (100%)        256M (100%)        256M (100%)        256M (100%)        256M (100%)        256M (100%)   
[2026-06-17T10:23:01.575+0800][43.194s][info][gc,heap     ] GC(418)   Reserve:       62M (24%)          62M (24%)          62M (24%)          62M (24%)          62M (24%)          62M (24%)    
[2026-06-17T10:23:01.575+0800][43.194s][info][gc,heap     ] GC(418)      Free:      116M (45%)         116M (45%)         104M (41%)         114M (45%)         142M (55%)         100M (39%)    
[2026-06-17T10:23:01.576+0800][43.195s][info][gc,heap     ] GC(418)      Used:       78M (30%)          78M (30%)          90M (35%)          80M (31%)          94M (37%)          52M (20%)    
[2026-06-17T10:23:01.577+0800][43.195s][info][gc,heap     ] GC(418)      Live:         -                19M (8%)           19M (8%)           19M (8%)             -                  -          
[2026-06-17T10:23:01.577+0800][43.196s][info][gc,heap     ] GC(418) Allocated:         -                 0M (0%)           38M (15%)          44M (17%)            -                  -          
[2026-06-17T10:23:01.577+0800][43.196s][info][gc,heap     ] GC(418)   Garbage:         -                58M (23%)          32M (13%)          22M (9%)             -                  -          
[2026-06-17T10:23:01.577+0800][43.196s][info][gc,heap     ] GC(418) Reclaimed:         -                  -                26M (10%)          36M (14%)            -                  -          
[2026-06-17T10:23:01.578+0800][43.196s][info][gc          ] GC(418) Garbage Collection (Allocation Rate) 78M(30%)->80M(31%)
[2026-06-17T10:23:01.663+0800][43.282s][info][gc,start    ] GC(419) Garbage Collection (Allocation Rate)
[2026-06-17T10:23:01.666+0800][43.284s][info][gc,phases   ] GC(419) Pause Mark Start 0.513ms
[2026-06-17T10:23:01.669+0800][43.287s][info][gc,phases   ] GC(419) Concurrent Mark 2.311ms
[2026-06-17T10:23:01.671+0800][43.290s][info][gc,phases   ] GC(419) Pause Mark End 0.728ms
[2026-06-17T10:23:01.672+0800][43.290s][info][gc,phases   ] GC(419) Concurrent Process Non-Strong References 0.178ms
[2026-06-17T10:23:01.672+0800][43.291s][info][gc,phases   ] GC(419) Concurrent Reset Relocation Set 0.005ms
[2026-06-17T10:23:01.672+0800][43.291s][info][gc,phases   ] GC(419) Concurrent Destroy Detached Pages 0.002ms
[2026-06-17T10:23:01.674+0800][43.292s][info][gc,phases   ] GC(419) Concurrent Select Relocation Set 1.091ms
[2026-06-17T10:23:01.674+0800][43.293s][info][gc,phases   ] GC(419) Concurrent Prepare Relocation Set 0.007ms
[2026-06-17T10:23:01.675+0800][43.293s][info][gc,phases   ] GC(419) Pause Relocate Start 0.200ms
[2026-06-17T10:23:01.677+0800][43.296s][info][gc,phases   ] GC(419) Concurrent Relocate 2.022ms
[2026-06-17T10:23:01.677+0800][43.296s][info][gc,load     ] GC(419) Load: 0.14/0.19/0.27
[2026-06-17T10:23:01.678+0800][43.296s][info][gc,mmu      ] GC(419) MMU: 2ms/0.0%, 5ms/43.3%, 10ms/66.9%, 20ms/83.5%, 50ms/93.4%, 100ms/96.6%
[2026-06-17T10:23:01.678+0800][43.297s][info][gc,marking  ] GC(419) Mark: 2 stripe(s), 2 proactive flush(es), 1 terminate flush(es), 0 completion(s), 0 continuation(s) 
[2026-06-17T10:23:01.678+0800][43.297s][info][gc,reloc    ] GC(419) Relocation: Successful, 24M relocated
[2026-06-17T10:23:01.678+0800][43.297s][info][gc,nmethod  ] GC(419) NMethods: 25 registered, 0 unregistered
[2026-06-17T10:23:01.678+0800][43.297s][info][gc,metaspace] GC(419) Metaspace: 3M used, 4M capacity, 4M committed, 8M reserved
[2026-06-17T10:23:01.678+0800][43.297s][info][gc,ref      ] GC(419) Soft: 43 encountered, 0 discovered, 0 enqueued
[2026-06-17T10:23:01.679+0800][43.297s][info][gc,ref      ] GC(419) Weak: 7 encountered, 2 discovered, 0 enqueued
[2026-06-17T10:23:01.679+0800][43.298s][info][gc,ref      ] GC(419) Final: 0 encountered, 0 discovered, 0 enqueued
[2026-06-17T10:23:01.679+0800][43.298s][info][gc,ref      ] GC(419) Phantom: 1 encountered, 0 discovered, 0 enqueued
[2026-06-17T10:23:01.679+0800][43.298s][info][gc,heap     ] GC(419)                Mark Start          Mark End        Relocate Start      Relocate End           High               Low         
[2026-06-17T10:23:01.679+0800][43.298s][info][gc,heap     ] GC(419)  Capacity:      256M (100%)        256M (100%)        256M (100%)        256M (100%)        256M (100%)        256M (100%)   
[2026-06-17T10:23:01.679+0800][43.298s][info][gc,heap     ] GC(419)   Reserve:       62M (24%)          62M (24%)          62M (24%)          62M (24%)          62M (24%)          62M (24%)    
[2026-06-17T10:23:01.679+0800][43.298s][info][gc,heap     ] GC(419)      Free:       84M (33%)          46M (18%)          72M (28%)         144M (56%)         144M (56%)          46M (18%)    
[2026-06-17T10:23:01.679+0800][43.298s][info][gc,heap     ] GC(419)      Used:      110M (43%)         148M (58%)         122M (48%)          50M (20%)         148M (58%)          50M (20%)    
[2026-06-17T10:23:01.679+0800][43.298s][info][gc,heap     ] GC(419)      Live:         -                26M (10%)          26M (10%)          26M (10%)            -                  -          
[2026-06-17T10:23:01.679+0800][43.298s][info][gc,heap     ] GC(419) Allocated:         -                38M (15%)          38M (15%)          46M (18%)            -                  -          
[2026-06-17T10:23:01.680+0800][43.298s][info][gc,heap     ] GC(419)   Garbage:         -                83M (33%)          57M (23%)    17592186044401M (6         -                  -          
[2026-06-17T10:23:01.680+0800][43.298s][info][gc,heap     ] GC(419) Reclaimed:         -                  -                26M (10%)          98M (38%)            -                  -          
[2026-06-17T10:23:01.680+0800][43.298s][info][gc          ] GC(419) Garbage Collection (Allocation Rate) 110M(43%)->50M(20%)
[2026-06-17T10:23:01.763+0800][43.382s][info][gc,start    ] GC(420) Garbage Collection (Allocation Rate)
[2026-06-17T10:23:01.767+0800][43.386s][info][gc,phases   ] GC(420) Pause Mark Start 0.619ms
[2026-06-17T10:23:01.771+0800][43.390s][info][gc,phases   ] GC(420) Concurrent Mark 2.313ms
[2026-06-17T10:23:01.773+0800][43.392s][info][gc,phases   ] GC(420) Pause Mark End 0.846ms
[2026-06-17T10:23:01.774+0800][43.393s][info][gc,phases   ] GC(420) Concurrent Process Non-Strong References 0.458ms
[2026-06-17T10:23:01.775+0800][43.394s][info][gc,phases   ] GC(420) Concurrent Reset Relocation Set 0.007ms
[2026-06-17T10:23:01.776+0800][43.395s][info][gc,phases   ] GC(420) Concurrent Destroy Detached Pages 0.003ms
[2026-06-17T10:23:01.778+0800][43.397s][info][gc,phases   ] GC(420) Concurrent Select Relocation Set 1.483ms
[2026-06-17T10:23:01.779+0800][43.397s][info][gc,phases   ] GC(420) Concurrent Prepare Relocation Set 0.016ms
[2026-06-17T10:23:01.780+0800][43.399s][info][gc,phases   ] GC(420) Pause Relocate Start 0.279ms
[2026-06-17T10:23:01.781+0800][43.400s][info][gc,phases   ] GC(420) Concurrent Relocate 0.653ms
[2026-06-17T10:23:01.782+0800][43.400s][info][gc,load     ] GC(420) Load: 0.14/0.19/0.27
[2026-06-17T10:23:01.782+0800][43.401s][info][gc,mmu      ] GC(420) MMU: 2ms/0.0%, 5ms/43.3%, 10ms/66.9%, 20ms/83.5%, 50ms/93.4%, 100ms/96.6%
[2026-06-17T10:23:01.782+0800][43.401s][info][gc,marking  ] GC(420) Mark: 2 stripe(s), 1 proactive flush(es), 1 terminate flush(es), 0 completion(s), 0 continuation(s) 
[2026-06-17T10:23:01.782+0800][43.401s][info][gc,reloc    ] GC(420) Relocation: Successful, 24M relocated
[2026-06-17T10:23:01.783+0800][43.402s][info][gc,nmethod  ] GC(420) NMethods: 25 registered, 0 unregistered
[2026-06-17T10:23:01.783+0800][43.402s][info][gc,metaspace] GC(420) Metaspace: 3M used, 4M capacity, 4M committed, 8M reserved
[2026-06-17T10:23:01.783+0800][43.402s][info][gc,ref      ] GC(420) Soft: 43 encountered, 0 discovered, 0 enqueued
[2026-06-17T10:23:01.783+0800][43.402s][info][gc,ref      ] GC(420) Weak: 7 encountered, 2 discovered, 0 enqueued
[2026-06-17T10:23:01.784+0800][43.402s][info][gc,ref      ] GC(420) Final: 0 encountered, 0 discovered, 0 enqueued
[2026-06-17T10:23:01.784+0800][43.403s][info][gc,ref      ] GC(420) Phantom: 1 encountered, 1 discovered, 0 enqueued
[2026-06-17T10:23:01.784+0800][43.403s][info][gc,heap     ] GC(420)                Mark Start          Mark End        Relocate Start      Relocate End           High               Low         
[2026-06-17T10:23:01.785+0800][43.403s][info][gc,heap     ] GC(420)  Capacity:      256M (100%)        256M (100%)        256M (100%)        256M (100%)        256M (100%)        256M (100%)   
[2026-06-17T10:23:01.785+0800][43.403s][info][gc,heap     ] GC(420)   Reserve:       62M (24%)          62M (24%)          62M (24%)          62M (24%)          62M (24%)          62M (24%)    
[2026-06-17T10:23:01.785+0800][43.404s][info][gc,heap     ] GC(420)      Free:      110M (43%)         110M (43%)         132M (52%)         148M (58%)         148M (58%)         106M (41%)    
[2026-06-17T10:23:01.785+0800][43.404s][info][gc,heap     ] GC(420)      Used:       84M (33%)          84M (33%)          62M (24%)          46M (18%)          88M (34%)          46M (18%)    
[2026-06-17T10:23:01.786+0800][43.404s][info][gc,heap     ] GC(420)      Live:         -                26M (10%)          26M (10%)          26M (10%)            -                  -          
[2026-06-17T10:23:01.786+0800][43.405s][info][gc,heap     ] GC(420) Allocated:         -                 0M (0%)            4M (2%)           10M (4%)             -                  -          
[2026-06-17T10:23:01.786+0800][43.405s][info][gc,heap     ] GC(420)   Garbage:         -                57M (23%)          31M (12%)          15M (6%)             -                  -          
[2026-06-17T10:23:01.786+0800][43.405s][info][gc,heap     ] GC(420) Reclaimed:         -                  -                26M (10%)          42M (16%)            -                  -          
[2026-06-17T10:23:01.786+0800][43.405s][info][gc          ] GC(420) Garbage Collection (Allocation Rate) 84M(33%)->46M(18%)
[2026-06-17T10:23:01.863+0800][43.481s][info][gc,start    ] GC(421) Garbage Collection (Allocation Rate)
[2026-06-17T10:23:01.865+0800][43.483s][info][gc,phases   ] GC(421) Pause Mark Start 0.394ms
[2026-06-17T10:23:01.867+0800][43.486s][info][gc,phases   ] GC(421) Concurrent Mark 2.107ms
[2026-06-17T10:23:01.871+0800][43.490s][info][gc,phases   ] GC(421) Pause Mark End 0.715ms
[2026-06-17T10:23:01.872+0800][43.491s][info][gc,phases   ] GC(421) Concurrent Process Non-Strong References 0.255ms
[2026-06-17T10:23:01.873+0800][43.492s][info][gc,phases   ] GC(421) Concurrent Reset Relocation Set 0.005ms
[2026-06-17T10:23:01.873+0800][43.492s][info][gc,phases   ] GC(421) Concurrent Destroy Detached Pages 0.002ms
[2026-06-17T10:23:01.875+0800][43.493s][info][gc,phases   ] GC(421) Concurrent Select Relocation Set 1.150ms
[2026-06-17T10:23:01.875+0800][43.494s][info][gc,phases   ] GC(421) Concurrent Prepare Relocation Set 0.012ms
[2026-06-17T10:23:01.876+0800][43.495s][info][gc,phases   ] GC(421) Pause Relocate Start 0.528ms
[2026-06-17T10:23:01.878+0800][43.497s][info][gc,phases   ] GC(421) Concurrent Relocate 1.793ms
[2026-06-17T10:23:01.879+0800][43.498s][info][gc,load     ] GC(421) Load: 0.14/0.19/0.27
[2026-06-17T10:23:01.879+0800][43.498s][info][gc,mmu      ] GC(421) MMU: 2ms/0.0%, 5ms/43.3%, 10ms/66.9%, 20ms/83.5%, 50ms/93.4%, 100ms/96.6%
[2026-06-17T10:23:01.879+0800][43.498s][info][gc,marking  ] GC(421) Mark: 2 stripe(s), 1 proactive flush(es), 1 terminate flush(es), 0 completion(s), 0 continuation(s) 
[2026-06-17T10:23:01.879+0800][43.498s][info][gc,reloc    ] GC(421) Relocation: Successful, 19M relocated
[2026-06-17T10:23:01.880+0800][43.498s][info][gc,nmethod  ] GC(421) NMethods: 25 registered, 0 unregistered
[2026-06-17T10:23:01.880+0800][43.499s][info][gc,metaspace] GC(421) Metaspace: 3M used, 4M capacity, 4M committed, 8M reserved
[2026-06-17T10:23:01.880+0800][43.499s][info][gc,ref      ] GC(421) Soft: 43 encountered, 0 discovered, 0 enqueued
[2026-06-17T10:23:01.880+0800][43.499s][info][gc,ref      ] GC(421) Weak: 7 encountered, 0 discovered, 0 enqueued
[2026-06-17T10:23:01.880+0800][43.499s][info][gc,ref      ] GC(421) Final: 0 encountered, 0 discovered, 0 enqueued
[2026-06-17T10:23:01.881+0800][43.499s][info][gc,ref      ] GC(421) Phantom: 1 encountered, 0 discovered, 0 enqueued
[2026-06-17T10:23:01.881+0800][43.500s][info][gc,heap     ] GC(421)                Mark Start          Mark End        Relocate Start      Relocate End           High               Low         
[2026-06-17T10:23:01.881+0800][43.500s][info][gc,heap     ] GC(421)  Capacity:      256M (100%)        256M (100%)        256M (100%)        256M (100%)        256M (100%)        256M (100%)   
[2026-06-17T10:23:01.881+0800][43.500s][info][gc,heap     ] GC(421)   Reserve:       62M (24%)          62M (24%)          62M (24%)          62M (24%)          62M (24%)          62M (24%)    
[2026-06-17T10:23:01.881+0800][43.500s][info][gc,heap     ] GC(421)      Free:       84M (33%)          82M (32%)         110M (43%)         146M (57%)         146M (57%)          72M (28%)    
[2026-06-17T10:23:01.881+0800][43.500s][info][gc,heap     ] GC(421)      Used:      110M (43%)         112M (44%)          84M (33%)          48M (19%)         122M (48%)          48M (19%)    
[2026-06-17T10:23:01.882+0800][43.500s][info][gc,heap     ] GC(421)      Live:         -                21M (9%)           21M (9%)           21M (9%)             -                  -          
[2026-06-17T10:23:01.882+0800][43.500s][info][gc,heap     ] GC(421) Allocated:         -                 2M (1%)            4M (2%)           44M (17%)            -                  -          
[2026-06-17T10:23:01.882+0800][43.501s][info][gc,heap     ] GC(421)   Garbage:         -                88M (34%)          58M (23%)          22M (9%)             -                  -          
[2026-06-17T10:23:01.882+0800][43.501s][info][gc,heap     ] GC(421) Reclaimed:         -                  -                30M (12%)          66M (26%)            -                  -          
[2026-06-17T10:23:01.883+0800][43.502s][info][gc          ] GC(421) Garbage Collection (Allocation Rate) 110M(43%)->48M(19%)
[2026-06-17T10:23:01.963+0800][43.582s][info][gc,start    ] GC(422) Garbage Collection (Allocation Rate)
[2026-06-17T10:23:01.965+0800][43.584s][info][gc,phases   ] GC(422) Pause Mark Start 0.617ms
[2026-06-17T10:23:01.969+0800][43.588s][info][gc,phases   ] GC(422) Concurrent Mark 2.533ms
[2026-06-17T10:23:01.971+0800][43.589s][info][gc,phases   ] GC(422) Pause Mark End 0.821ms
[2026-06-17T10:23:01.972+0800][43.591s][info][gc,phases   ] GC(422) Concurrent Process Non-Strong References 0.424ms
[2026-06-17T10:23:01.972+0800][43.591s][info][gc,phases   ] GC(422) Concurrent Reset Relocation Set 0.005ms
[2026-06-17T10:23:01.972+0800][43.591s][info][gc,phases   ] GC(422) Concurrent Destroy Detached Pages 0.001ms
[2026-06-17T10:23:01.974+0800][43.593s][info][gc,phases   ] GC(422) Concurrent Select Relocation Set 1.041ms
[2026-06-17T10:23:01.975+0800][43.593s][info][gc,phases   ] GC(422) Concurrent Prepare Relocation Set 0.006ms
[2026-06-17T10:23:01.976+0800][43.594s][info][gc,phases   ] GC(422) Pause Relocate Start 0.255ms
[2026-06-17T10:23:01.976+0800][43.595s][info][gc,phases   ] GC(422) Concurrent Relocate 0.370ms
[2026-06-17T10:23:01.977+0800][43.595s][info][gc,load     ] GC(422) Load: 0.14/0.19/0.27
[2026-06-17T10:23:01.977+0800][43.596s][info][gc,mmu      ] GC(422) MMU: 2ms/0.0%, 5ms/43.3%, 10ms/66.9%, 20ms/83.5%, 50ms/93.4%, 100ms/96.6%
[2026-06-17T10:23:01.977+0800][43.596s][info][gc,marking  ] GC(422) Mark: 2 stripe(s), 1 proactive flush(es), 1 terminate flush(es), 0 completion(s), 0 continuation(s) 
[2026-06-17T10:23:01.977+0800][43.596s][info][gc,reloc    ] GC(422) Relocation: Successful, 24M relocated
[2026-06-17T10:23:01.978+0800][43.596s][info][gc,nmethod  ] GC(422) NMethods: 25 registered, 0 unregistered
[2026-06-17T10:23:01.978+0800][43.596s][info][gc,metaspace] GC(422) Metaspace: 3M used, 4M capacity, 4M committed, 8M reserved
[2026-06-17T10:23:01.978+0800][43.597s][info][gc,ref      ] GC(422) Soft: 43 encountered, 0 discovered, 0 enqueued
[2026-06-17T10:23:01.978+0800][43.597s][info][gc,ref      ] GC(422) Weak: 7 encountered, 2 discovered, 0 enqueued
[2026-06-17T10:23:01.978+0800][43.597s][info][gc,ref      ] GC(422) Final: 0 encountered, 0 discovered, 0 enqueued
[2026-06-17T10:23:01.979+0800][43.597s][info][gc,ref      ] GC(422) Phantom: 1 encountered, 1 discovered, 0 enqueued
[2026-06-17T10:23:01.979+0800][43.597s][info][gc,heap     ] GC(422)                Mark Start          Mark End        Relocate Start      Relocate End           High               Low         
[2026-06-17T10:23:01.979+0800][43.598s][info][gc,heap     ] GC(422)  Capacity:      256M (100%)        256M (100%)        256M (100%)        256M (100%)        256M (100%)        256M (100%)   
[2026-06-17T10:23:01.979+0800][43.598s][info][gc,heap     ] GC(422)   Reserve:       62M (24%)          62M (24%)          62M (24%)          62M (24%)          62M (24%)          62M (24%)    
[2026-06-17T10:23:01.980+0800][43.598s][info][gc,heap     ] GC(422)      Free:      114M (45%)         114M (45%)         136M (53%)         146M (57%)         146M (57%)         110M (43%)    
[2026-06-17T10:23:01.980+0800][43.599s][info][gc,heap     ] GC(422)      Used:       80M (31%)          80M (31%)          58M (23%)          48M (19%)          84M (33%)          48M (19%)    
[2026-06-17T10:23:01.980+0800][43.599s][info][gc,heap     ] GC(422)      Live:         -                28M (11%)          28M (11%)          28M (11%)            -                  -          
[2026-06-17T10:23:01.980+0800][43.599s][info][gc,heap     ] GC(422) Allocated:         -                 0M (0%)            4M (2%)           10M (4%)             -                  -          
[2026-06-17T10:23:01.981+0800][43.599s][info][gc,heap     ] GC(422)   Garbage:         -                51M (20%)          25M (10%)          15M (6%)             -                  -          
[2026-06-17T10:23:01.981+0800][43.599s][info][gc,heap     ] GC(422) Reclaimed:         -                  -                26M (10%)          36M (14%)            -                  -          
[2026-06-17T10:23:01.981+0800][43.600s][info][gc          ] GC(422) Garbage Collection (Allocation Rate) 80M(31%)->48M(19%)
[2026-06-17T10:23:02.063+0800][43.682s][info][gc,start    ] GC(423) Garbage Collection (Allocation Rate)
[2026-06-17T10:23:02.065+0800][43.684s][info][gc,phases   ] GC(423) Pause Mark Start 0.554ms
[2026-06-17T10:23:02.068+0800][43.687s][info][gc,phases   ] GC(423) Concurrent Mark 2.163ms
[2026-06-17T10:23:02.071+0800][43.689s][info][gc,phases   ] GC(423) Pause Mark End 1.065ms
[2026-06-17T10:23:02.071+0800][43.690s][info][gc,phases   ] GC(423) Concurrent Process Non-Strong References 0.233ms
[2026-06-17T10:23:02.072+0800][43.691s][info][gc,phases   ] GC(423) Concurrent Reset Relocation Set 0.004ms
[2026-06-17T10:23:02.072+0800][43.691s][info][gc,phases   ] GC(423) Concurrent Destroy Detached Pages 0.002ms
[2026-06-17T10:23:02.074+0800][43.692s][info][gc,phases   ] GC(423) Concurrent Select Relocation Set 1.116ms
[2026-06-17T10:23:02.074+0800][43.693s][info][gc,phases   ] GC(423) Concurrent Prepare Relocation Set 0.017ms
[2026-06-17T10:23:02.075+0800][43.694s][info][gc,phases   ] GC(423) Pause Relocate Start 0.242ms
[2026-06-17T10:23:02.077+0800][43.696s][info][gc,phases   ] GC(423) Concurrent Relocate 2.252ms
[2026-06-17T10:23:02.078+0800][43.696s][info][gc,load     ] GC(423) Load: 0.14/0.19/0.27
[2026-06-17T10:23:02.078+0800][43.697s][info][gc,mmu      ] GC(423) MMU: 2ms/0.0%, 5ms/43.3%, 10ms/66.9%, 20ms/83.5%, 50ms/93.4%, 100ms/96.6%
[2026-06-17T10:23:02.078+0800][43.697s][info][gc,marking  ] GC(423) Mark: 2 stripe(s), 1 proactive flush(es), 1 terminate flush(es), 0 completion(s), 0 continuation(s) 
[2026-06-17T10:23:02.078+0800][43.697s][info][gc,reloc    ] GC(423) Relocation: Successful, 24M relocated
[2026-06-17T10:23:02.079+0800][43.697s][info][gc,nmethod  ] GC(423) NMethods: 25 registered, 0 unregistered
[2026-06-17T10:23:02.079+0800][43.698s][info][gc,metaspace] GC(423) Metaspace: 3M used, 4M capacity, 4M committed, 8M reserved
[2026-06-17T10:23:02.079+0800][43.698s][info][gc,ref      ] GC(423) Soft: 43 encountered, 0 discovered, 0 enqueued
[2026-06-17T10:23:02.079+0800][43.698s][info][gc,ref      ] GC(423) Weak: 7 encountered, 1 discovered, 0 enqueued
[2026-06-17T10:23:02.079+0800][43.698s][info][gc,ref      ] GC(423) Final: 0 encountered, 0 discovered, 0 enqueued
[2026-06-17T10:23:02.079+0800][43.698s][info][gc,ref      ] GC(423) Phantom: 1 encountered, 1 discovered, 0 enqueued
[2026-06-17T10:23:02.080+0800][43.698s][info][gc,heap     ] GC(423)                Mark Start          Mark End        Relocate Start      Relocate End           High               Low         
[2026-06-17T10:23:02.080+0800][43.699s][info][gc,heap     ] GC(423)  Capacity:      256M (100%)        256M (100%)        256M (100%)        256M (100%)        256M (100%)        256M (100%)   
[2026-06-17T10:23:02.080+0800][43.699s][info][gc,heap     ] GC(423)   Reserve:       62M (24%)          62M (24%)          62M (24%)          62M (24%)          62M (24%)          62M (24%)    
[2026-06-17T10:23:02.080+0800][43.699s][info][gc,heap     ] GC(423)      Free:       82M (32%)          78M (30%)         106M (41%)         148M (58%)         148M (58%)          70M (27%)    
[2026-06-17T10:23:02.080+0800][43.699s][info][gc,heap     ] GC(423)      Used:      112M (44%)         116M (45%)          88M (34%)          46M (18%)         124M (48%)          46M (18%)    
[2026-06-17T10:23:02.081+0800][43.699s][info][gc,heap     ] GC(423)      Live:         -                24M (10%)          24M (10%)          24M (10%)            -                  -          
[2026-06-17T10:23:02.081+0800][43.699s][info][gc,heap     ] GC(423) Allocated:         -                 4M (2%)            4M (2%)           44M (17%)            -                  -          
[2026-06-17T10:23:02.081+0800][43.699s][info][gc,heap     ] GC(423)   Garbage:         -                87M (34%)          59M (23%)          17M (7%)             -                  -          
[2026-06-17T10:23:02.081+0800][43.700s][info][gc,heap     ] GC(423) Reclaimed:         -                  -                28M (11%)          70M (27%)            -                  -          
[2026-06-17T10:23:02.081+0800][43.700s][info][gc          ] GC(423) Garbage Collection (Allocation Rate) 112M(44%)->46M(18%)
[2026-06-17T10:23:02.164+0800][43.782s][info][gc,start    ] GC(424) Garbage Collection (Allocation Rate)
[2026-06-17T10:23:02.166+0800][43.784s][info][gc,phases   ] GC(424) Pause Mark Start 0.669ms
[2026-06-17T10:23:02.169+0800][43.788s][info][gc,phases   ] GC(424) Concurrent Mark 2.445ms
[2026-06-17T10:23:02.171+0800][43.789s][info][gc,phases   ] GC(424) Pause Mark End 0.833ms
[2026-06-17T10:23:02.171+0800][43.790s][info][gc,phases   ] GC(424) Concurrent Process Non-Strong References 0.239ms
[2026-06-17T10:23:02.172+0800][43.791s][info][gc,phases   ] GC(424) Concurrent Reset Relocation Set 0.006ms
[2026-06-17T10:23:02.172+0800][43.791s][info][gc,phases   ] GC(424) Concurrent Destroy Detached Pages 0.002ms
[2026-06-17T10:23:02.174+0800][43.793s][info][gc,phases   ] GC(424) Concurrent Select Relocation Set 1.547ms
[2026-06-17T10:23:02.174+0800][43.793s][info][gc,phases   ] GC(424) Concurrent Prepare Relocation Set 0.018ms
[2026-06-17T10:23:02.175+0800][43.794s][info][gc,phases   ] GC(424) Pause Relocate Start 0.260ms
[2026-06-17T10:23:02.176+0800][43.795s][info][gc,phases   ] GC(424) Concurrent Relocate 0.543ms
[2026-06-17T10:23:02.177+0800][43.795s][info][gc,load     ] GC(424) Load: 0.14/0.19/0.27
[2026-06-17T10:23:02.177+0800][43.795s][info][gc,mmu      ] GC(424) MMU: 2ms/0.0%, 5ms/43.3%, 10ms/66.9%, 20ms/83.5%, 50ms/93.4%, 100ms/96.6%
[2026-06-17T10:23:02.177+0800][43.796s][info][gc,marking  ] GC(424) Mark: 2 stripe(s), 1 proactive flush(es), 1 terminate flush(es), 0 completion(s), 0 continuation(s) 
[2026-06-17T10:23:02.177+0800][43.796s][info][gc,reloc    ] GC(424) Relocation: Successful, 21M relocated
[2026-06-17T10:23:02.177+0800][43.796s][info][gc,nmethod  ] GC(424) NMethods: 25 registered, 0 unregistered
[2026-06-17T10:23:02.178+0800][43.796s][info][gc,metaspace] GC(424) Metaspace: 3M used, 4M capacity, 4M committed, 8M reserved
[2026-06-17T10:23:02.178+0800][43.796s][info][gc,ref      ] GC(424) Soft: 43 encountered, 0 discovered, 0 enqueued
[2026-06-17T10:23:02.178+0800][43.797s][info][gc,ref      ] GC(424) Weak: 7 encountered, 2 discovered, 0 enqueued
[2026-06-17T10:23:02.178+0800][43.797s][info][gc,ref      ] GC(424) Final: 0 encountered, 0 discovered, 0 enqueued
[2026-06-17T10:23:02.178+0800][43.797s][info][gc,ref      ] GC(424) Phantom: 1 encountered, 0 discovered, 0 enqueued
[2026-06-17T10:23:02.179+0800][43.797s][info][gc,heap     ] GC(424)                Mark Start          Mark End        Relocate Start      Relocate End           High               Low         
[2026-06-17T10:23:02.179+0800][43.798s][info][gc,heap     ] GC(424)  Capacity:      256M (100%)        256M (100%)        256M (100%)        256M (100%)        256M (100%)        256M (100%)   
[2026-06-17T10:23:02.179+0800][43.798s][info][gc,heap     ] GC(424)   Reserve:       62M (24%)          62M (24%)          62M (24%)          62M (24%)          62M (24%)          62M (24%)    
[2026-06-17T10:23:02.179+0800][43.798s][info][gc,heap     ] GC(424)      Free:      114M (45%)         114M (45%)         140M (55%)         150M (59%)         150M (59%)         114M (45%)    
[2026-06-17T10:23:02.180+0800][43.798s][info][gc,heap     ] GC(424)      Used:       80M (31%)          80M (31%)          54M (21%)          44M (17%)          80M (31%)          44M (17%)    
[2026-06-17T10:23:02.180+0800][43.798s][info][gc,heap     ] GC(424)      Live:         -                22M (9%)           22M (9%)           22M (9%)             -                  -          
[2026-06-17T10:23:02.180+0800][43.799s][info][gc,heap     ] GC(424) Allocated:         -                 0M (0%)            4M (2%)           10M (4%)             -                  -          
[2026-06-17T10:23:02.180+0800][43.799s][info][gc,heap     ] GC(424)   Garbage:         -                57M (22%)          27M (11%)          17M (7%)             -                  -          
[2026-06-17T10:23:02.180+0800][43.799s][info][gc,heap     ] GC(424) Reclaimed:         -                  -                30M (12%)          40M (16%)            -                  -          
[2026-06-17T10:23:02.180+0800][43.799s][info][gc          ] GC(424) Garbage Collection (Allocation Rate) 80M(31%)->44M(17%)
[2026-06-17T10:23:02.263+0800][43.882s][info][gc,start    ] GC(425) Garbage Collection (Allocation Rate)
[2026-06-17T10:23:02.265+0800][43.884s][info][gc,phases   ] GC(425) Pause Mark Start 0.661ms
[2026-06-17T10:23:02.268+0800][43.887s][info][gc,phases   ] GC(425) Concurrent Mark 2.414ms
[2026-06-17T10:23:02.270+0800][43.889s][info][gc,phases   ] GC(425) Pause Mark End 0.589ms
[2026-06-17T10:23:02.271+0800][43.889s][info][gc,phases   ] GC(425) Concurrent Process Non-Strong References 0.280ms
[2026-06-17T10:23:02.271+0800][43.890s][info][gc,phases   ] GC(425) Concurrent Reset Relocation Set 0.007ms
[2026-06-17T10:23:02.271+0800][43.890s][info][gc,phases   ] GC(425) Concurrent Destroy Detached Pages 0.001ms
[2026-06-17T10:23:02.272+0800][43.891s][info][gc,phases   ] GC(425) Concurrent Select Relocation Set 0.940ms
[2026-06-17T10:23:02.273+0800][43.892s][info][gc,phases   ] GC(425) Concurrent Prepare Relocation Set 0.009ms
[2026-06-17T10:23:02.274+0800][43.892s][info][gc,phases   ] GC(425) Pause Relocate Start 0.166ms
[2026-06-17T10:23:02.276+0800][43.895s][info][gc,phases   ] GC(425) Concurrent Relocate 2.255ms
[2026-06-17T10:23:02.277+0800][43.896s][info][gc,load     ] GC(425) Load: 0.14/0.19/0.27
[2026-06-17T10:23:02.277+0800][43.896s][info][gc,mmu      ] GC(425) MMU: 2ms/0.0%, 5ms/43.3%, 10ms/66.9%, 20ms/83.5%, 50ms/93.4%, 100ms/96.6%
[2026-06-17T10:23:02.278+0800][43.896s][info][gc,marking  ] GC(425) Mark: 2 stripe(s), 1 proactive flush(es), 1 terminate flush(es), 0 completion(s), 0 continuation(s) 
[2026-06-17T10:23:02.278+0800][43.897s][info][gc,reloc    ] GC(425) Relocation: Successful, 25M relocated
[2026-06-17T10:23:02.278+0800][43.897s][info][gc,nmethod  ] GC(425) NMethods: 25 registered, 0 unregistered
[2026-06-17T10:23:02.278+0800][43.897s][info][gc,metaspace] GC(425) Metaspace: 3M used, 4M capacity, 4M committed, 8M reserved
[2026-06-17T10:23:02.278+0800][43.897s][info][gc,ref      ] GC(425) Soft: 43 encountered, 0 discovered, 0 enqueued
[2026-06-17T10:23:02.279+0800][43.897s][info][gc,ref      ] GC(425) Weak: 7 encountered, 2 discovered, 0 enqueued
[2026-06-17T10:23:02.279+0800][43.898s][info][gc,ref      ] GC(425) Final: 0 encountered, 0 discovered, 0 enqueued
[2026-06-17T10:23:02.279+0800][43.898s][info][gc,ref      ] GC(425) Phantom: 1 encountered, 1 discovered, 0 enqueued
[2026-06-17T10:23:02.279+0800][43.898s][info][gc,heap     ] GC(425)                Mark Start          Mark End        Relocate Start      Relocate End           High               Low         
[2026-06-17T10:23:02.279+0800][43.898s][info][gc,heap     ] GC(425)  Capacity:      256M (100%)        256M (100%)        256M (100%)        256M (100%)        256M (100%)        256M (100%)   
[2026-06-17T10:23:02.279+0800][43.898s][info][gc,heap     ] GC(425)   Reserve:       62M (24%)          62M (24%)          62M (24%)          62M (24%)          62M (24%)          62M (24%)    
[2026-06-17T10:23:02.280+0800][43.898s][info][gc,heap     ] GC(425)      Free:       88M (34%)          88M (34%)         108M (42%)         144M (56%)         144M (56%)          70M (27%)    
[2026-06-17T10:23:02.280+0800][43.898s][info][gc,heap     ] GC(425)      Used:      106M (41%)         106M (41%)          86M (34%)          50M (20%)         124M (48%)          50M (20%)    
[2026-06-17T10:23:02.280+0800][43.898s][info][gc,heap     ] GC(425)      Live:         -                28M (11%)          28M (11%)          28M (11%)            -                  -          
[2026-06-17T10:23:02.280+0800][43.899s][info][gc,heap     ] GC(425) Allocated:         -                 0M (0%)            4M (2%)           42M (16%)            -                  -          
[2026-06-17T10:23:02.280+0800][43.899s][info][gc,heap     ] GC(425)   Garbage:         -                77M (30%)          53M (21%)          17M (7%)             -                  -          
[2026-06-17T10:23:02.280+0800][43.899s][info][gc,heap     ] GC(425) Reclaimed:         -                  -                24M (9%)           60M (23%)            -                  -          
[2026-06-17T10:23:02.280+0800][43.899s][info][gc          ] GC(425) Garbage Collection (Allocation Rate) 106M(41%)->50M(20%)
[2026-06-17T10:23:02.363+0800][43.982s][info][gc,start    ] GC(426) Garbage Collection (Allocation Rate)
[2026-06-17T10:23:02.365+0800][43.984s][info][gc,phases   ] GC(426) Pause Mark Start 0.532ms
[2026-06-17T10:23:02.367+0800][43.986s][info][gc,phases   ] GC(426) Concurrent Mark 1.841ms
[2026-06-17T10:23:02.369+0800][43.987s][info][gc,phases   ] GC(426) Pause Mark End 0.583ms
[2026-06-17T10:23:02.369+0800][43.988s][info][gc,phases   ] GC(426) Concurrent Process Non-Strong References 0.115ms
[2026-06-17T10:23:02.370+0800][43.988s][info][gc,phases   ] GC(426) Concurrent Reset Relocation Set 0.003ms
[2026-06-17T10:23:02.370+0800][43.989s][info][gc,phases   ] GC(426) Concurrent Destroy Detached Pages 0.001ms
[2026-06-17T10:23:02.371+0800][43.990s][info][gc,phases   ] GC(426) Concurrent Select Relocation Set 1.012ms
[2026-06-17T10:23:02.372+0800][43.990s][info][gc,phases   ] GC(426) Concurrent Prepare Relocation Set 0.010ms
[2026-06-17T10:23:02.372+0800][43.991s][info][gc,phases   ] GC(426) Pause Relocate Start 0.209ms
[2026-06-17T10:23:02.374+0800][43.993s][info][gc,phases   ] GC(426) Concurrent Relocate 0.806ms
[2026-06-17T10:23:02.375+0800][43.994s][info][gc,load     ] GC(426) Load: 0.14/0.19/0.27
[2026-06-17T10:23:02.377+0800][43.995s][info][gc,mmu      ] GC(426) MMU: 2ms/0.0%, 5ms/43.3%, 10ms/66.9%, 20ms/83.5%, 50ms/93.4%, 100ms/96.6%
[2026-06-17T10:23:02.379+0800][43.997s][info][gc,marking  ] GC(426) Mark: 2 stripe(s), 1 proactive flush(es), 1 terminate flush(es), 0 completion(s), 0 continuation(s) 
[2026-06-17T10:23:02.379+0800][43.998s][info][gc,reloc    ] GC(426) Relocation: Successful, 18M relocated
[2026-06-17T10:23:02.380+0800][43.999s][info][gc,nmethod  ] GC(426) NMethods: 25 registered, 0 unregistered
[2026-06-17T10:23:02.381+0800][43.999s][info][gc,metaspace] GC(426) Metaspace: 3M used, 4M capacity, 4M committed, 8M reserved
[2026-06-17T10:23:02.381+0800][44.000s][info][gc,ref      ] GC(426) Soft: 43 encountered, 0 discovered, 0 enqueued
[2026-06-17T10:23:02.383+0800][44.002s][info][gc,ref      ] GC(426) Weak: 7 encountered, 0 discovered, 0 enqueued
[2026-06-17T10:23:02.384+0800][44.003s][info][gc,ref      ] GC(426) Final: 0 encountered, 0 discovered, 0 enqueued
[2026-06-17T10:23:02.385+0800][44.003s][info][gc,ref      ] GC(426) Phantom: 1 encountered, 0 discovered, 0 enqueued
[2026-06-17T10:23:02.386+0800][44.005s][info][gc,heap     ] GC(426)                Mark Start          Mark End        Relocate Start      Relocate End           High               Low         
[2026-06-17T10:23:02.386+0800][44.005s][info][gc,heap     ] GC(426)  Capacity:      256M (100%)        256M (100%)        256M (100%)        256M (100%)        256M (100%)        256M (100%)   
[2026-06-17T10:23:02.389+0800][44.007s][info][gc,heap     ] GC(426)   Reserve:       62M (24%)          62M (24%)          62M (24%)          62M (24%)          62M (24%)          62M (24%)    
[2026-06-17T10:23:02.391+0800][44.010s][info][gc,heap     ] GC(426)      Free:      112M (44%)         108M (42%)         138M (54%)         146M (57%)         146M (57%)         108M (42%)    
[2026-06-17T10:23:02.392+0800][44.010s][info][gc,heap     ] GC(426)      Used:       82M (32%)          86M (34%)          56M (22%)          48M (19%)          86M (34%)          48M (19%)    
[2026-06-17T10:23:02.392+0800][44.011s][info][gc,heap     ] GC(426)      Live:         -                19M (8%)           19M (8%)           19M (8%)             -                  -          
[2026-06-17T10:23:02.393+0800][44.012s][info][gc,heap     ] GC(426) Allocated:         -                 4M (2%)            4M (2%)           12M (5%)             -                  -          
[2026-06-17T10:23:02.395+0800][44.013s][info][gc,heap     ] GC(426)   Garbage:         -                62M (24%)          32M (13%)          24M (9%)             -                  -          
[2026-06-17T10:23:02.395+0800][44.014s][info][gc,heap     ] GC(426) Reclaimed:         -                  -                30M (12%)          38M (15%)            -                  -          
[2026-06-17T10:23:02.395+0800][44.014s][info][gc          ] GC(426) Garbage Collection (Allocation Rate) 82M(32%)->48M(19%)
[2026-06-17T10:23:02.463+0800][44.082s][info][gc,start    ] GC(427) Garbage Collection (Allocation Rate)
[2026-06-17T10:23:02.466+0800][44.084s][info][gc,phases   ] GC(427) Pause Mark Start 0.413ms
[2026-06-17T10:23:02.468+0800][44.087s][info][gc,phases   ] GC(427) Concurrent Mark 2.036ms
[2026-06-17T10:23:02.470+0800][44.089s][info][gc,phases   ] GC(427) Pause Mark End 0.827ms
[2026-06-17T10:23:02.471+0800][44.090s][info][gc,phases   ] GC(427) Concurrent Process Non-Strong References 0.288ms
[2026-06-17T10:23:02.472+0800][44.090s][info][gc,phases   ] GC(427) Concurrent Reset Relocation Set 0.004ms
[2026-06-17T10:23:02.472+0800][44.091s][info][gc,phases   ] GC(427) Concurrent Destroy Detached Pages 0.001ms
[2026-06-17T10:23:02.474+0800][44.093s][info][gc,phases   ] GC(427) Concurrent Select Relocation Set 1.009ms
[2026-06-17T10:23:02.474+0800][44.093s][info][gc,phases   ] GC(427) Concurrent Prepare Relocation Set 0.012ms
[2026-06-17T10:23:02.475+0800][44.094s][info][gc,phases   ] GC(427) Pause Relocate Start 0.214ms
[2026-06-17T10:23:02.478+0800][44.096s][info][gc,phases   ] GC(427) Concurrent Relocate 1.922ms
[2026-06-17T10:23:02.478+0800][44.097s][info][gc,load     ] GC(427) Load: 0.14/0.19/0.27
[2026-06-17T10:23:02.478+0800][44.097s][info][gc,mmu      ] GC(427) MMU: 2ms/0.0%, 5ms/43.3%, 10ms/66.9%, 20ms/83.5%, 50ms/93.4%, 100ms/96.6%
[2026-06-17T10:23:02.479+0800][44.097s][info][gc,marking  ] GC(427) Mark: 2 stripe(s), 1 proactive flush(es), 1 terminate flush(es), 0 completion(s), 0 continuation(s) 
[2026-06-17T10:23:02.479+0800][44.098s][info][gc,reloc    ] GC(427) Relocation: Successful, 23M relocated
[2026-06-17T10:23:02.479+0800][44.098s][info][gc,nmethod  ] GC(427) NMethods: 25 registered, 0 unregistered
[2026-06-17T10:23:02.479+0800][44.098s][info][gc,metaspace] GC(427) Metaspace: 3M used, 4M capacity, 4M committed, 8M reserved
[2026-06-17T10:23:02.480+0800][44.098s][info][gc,ref      ] GC(427) Soft: 43 encountered, 0 discovered, 0 enqueued
[2026-06-17T10:23:02.480+0800][44.098s][info][gc,ref      ] GC(427) Weak: 7 encountered, 2 discovered, 0 enqueued
[2026-06-17T10:23:02.480+0800][44.099s][info][gc,ref      ] GC(427) Final: 0 encountered, 0 discovered, 0 enqueued
[2026-06-17T10:23:02.481+0800][44.099s][info][gc,ref      ] GC(427) Phantom: 1 encountered, 1 discovered, 0 enqueued
[2026-06-17T10:23:02.481+0800][44.099s][info][gc,heap     ] GC(427)                Mark Start          Mark End        Relocate Start      Relocate End           High               Low         
[2026-06-17T10:23:02.481+0800][44.100s][info][gc,heap     ] GC(427)  Capacity:      256M (100%)        256M (100%)        256M (100%)        256M (100%)        256M (100%)        256M (100%)   
[2026-06-17T10:23:02.481+0800][44.100s][info][gc,heap     ] GC(427)   Reserve:       62M (24%)          62M (24%)          62M (24%)          62M (24%)          62M (24%)          62M (24%)    
[2026-06-17T10:23:02.481+0800][44.100s][info][gc,heap     ] GC(427)      Free:       80M (31%)          80M (31%)          72M (28%)         142M (55%)         142M (55%)          42M (16%)    
[2026-06-17T10:23:02.482+0800][44.100s][info][gc,heap     ] GC(427)      Used:      114M (45%)         114M (45%)         122M (48%)          52M (20%)         152M (59%)          52M (20%)    
[2026-06-17T10:23:02.482+0800][44.100s][info][gc,heap     ] GC(427)      Live:         -                26M (10%)          26M (10%)          26M (10%)            -                  -          
[2026-06-17T10:23:02.482+0800][44.101s][info][gc,heap     ] GC(427) Allocated:         -                 0M (0%)           38M (15%)          46M (18%)            -                  -          
[2026-06-17T10:23:02.482+0800][44.101s][info][gc,heap     ] GC(427)   Garbage:         -                87M (34%)          57M (22%)    17592186044403M (6         -                  -          
[2026-06-17T10:23:02.482+0800][44.101s][info][gc,heap     ] GC(427) Reclaimed:         -                  -                30M (12%)         100M (39%)            -                  -          
[2026-06-17T10:23:02.482+0800][44.101s][info][gc          ] GC(427) Garbage Collection (Allocation Rate) 114M(45%)->52M(20%)
[2026-06-17T10:23:02.563+0800][44.182s][info][gc,start    ] GC(428) Garbage Collection (Allocation Rate)
[2026-06-17T10:23:02.565+0800][44.184s][info][gc,phases   ] GC(428) Pause Mark Start 0.473ms
[2026-06-17T10:23:02.568+0800][44.187s][info][gc,phases   ] GC(428) Concurrent Mark 2.037ms
[2026-06-17T10:23:02.570+0800][44.189s][info][gc,phases   ] GC(428) Pause Mark End 0.790ms
[2026-06-17T10:23:02.571+0800][44.190s][info][gc,phases   ] GC(428) Concurrent Process Non-Strong References 0.582ms
[2026-06-17T10:23:02.572+0800][44.190s][info][gc,phases   ] GC(428) Concurrent Reset Relocation Set 0.005ms
[2026-06-17T10:23:02.572+0800][44.191s][info][gc,phases   ] GC(428) Concurrent Destroy Detached Pages 0.002ms
[2026-06-17T10:23:02.574+0800][44.193s][info][gc,phases   ] GC(428) Concurrent Select Relocation Set 1.344ms
[2026-06-17T10:23:02.575+0800][44.193s][info][gc,phases   ] GC(428) Concurrent Prepare Relocation Set 0.018ms
[2026-06-17T10:23:02.576+0800][44.194s][info][gc,phases   ] GC(428) Pause Relocate Start 0.273ms
[2026-06-17T10:23:02.577+0800][44.195s][info][gc,phases   ] GC(428) Concurrent Relocate 0.484ms
[2026-06-17T10:23:02.577+0800][44.196s][info][gc,load     ] GC(428) Load: 0.14/0.19/0.27
[2026-06-17T10:23:02.577+0800][44.196s][info][gc,mmu      ] GC(428) MMU: 2ms/0.0%, 5ms/43.3%, 10ms/66.9%, 20ms/83.5%, 50ms/93.4%, 100ms/96.6%
[2026-06-17T10:23:02.577+0800][44.196s][info][gc,marking  ] GC(428) Mark: 2 stripe(s), 1 proactive flush(es), 1 terminate flush(es), 0 completion(s), 0 continuation(s) 
[2026-06-17T10:23:02.578+0800][44.196s][info][gc,reloc    ] GC(428) Relocation: Successful, 22M relocated
[2026-06-17T10:23:02.578+0800][44.197s][info][gc,nmethod  ] GC(428) NMethods: 25 registered, 0 unregistered
[2026-06-17T10:23:02.578+0800][44.197s][info][gc,metaspace] GC(428) Metaspace: 3M used, 4M capacity, 4M committed, 8M reserved
[2026-06-17T10:23:02.578+0800][44.197s][info][gc,ref      ] GC(428) Soft: 43 encountered, 0 discovered, 0 enqueued
[2026-06-17T10:23:02.579+0800][44.197s][info][gc,ref      ] GC(428) Weak: 7 encountered, 2 discovered, 0 enqueued
[2026-06-17T10:23:02.579+0800][44.198s][info][gc,ref      ] GC(428) Final: 0 encountered, 0 discovered, 0 enqueued
[2026-06-17T10:23:02.579+0800][44.198s][info][gc,ref      ] GC(428) Phantom: 1 encountered, 1 discovered, 0 enqueued
[2026-06-17T10:23:02.579+0800][44.198s][info][gc,heap     ] GC(428)                Mark Start          Mark End        Relocate Start      Relocate End           High               Low         
[2026-06-17T10:23:02.580+0800][44.198s][info][gc,heap     ] GC(428)  Capacity:      256M (100%)        256M (100%)        256M (100%)        256M (100%)        256M (100%)        256M (100%)   
[2026-06-17T10:23:02.580+0800][44.199s][info][gc,heap     ] GC(428)   Reserve:       62M (24%)          62M (24%)          62M (24%)          62M (24%)          62M (24%)          62M (24%)    
[2026-06-17T10:23:02.580+0800][44.199s][info][gc,heap     ] GC(428)      Free:      112M (44%)         108M (42%)         104M (41%)         116M (45%)         116M (45%)          76M (30%)    
[2026-06-17T10:23:02.580+0800][44.199s][info][gc,heap     ] GC(428)      Used:       82M (32%)          86M (34%)          90M (35%)          78M (30%)         118M (46%)          78M (30%)    
[2026-06-17T10:23:02.581+0800][44.199s][info][gc,heap     ] GC(428)      Live:         -                24M (9%)           24M (9%)           24M (9%)             -                  -          
[2026-06-17T10:23:02.581+0800][44.199s][info][gc,heap     ] GC(428) Allocated:         -                 4M (2%)           36M (14%)          42M (16%)            -                  -          
[2026-06-17T10:23:02.581+0800][44.200s][info][gc,heap     ] GC(428)   Garbage:         -                57M (23%)          29M (12%)          17M (7%)             -                  -          
[2026-06-17T10:23:02.581+0800][44.200s][info][gc,heap     ] GC(428) Reclaimed:         -                  -                28M (11%)          40M (16%)            -                  -          
[2026-06-17T10:23:02.581+0800][44.200s][info][gc          ] GC(428) Garbage Collection (Allocation Rate) 82M(32%)->78M(30%)
[2026-06-17T10:23:02.663+0800][44.282s][info][gc,start    ] GC(429) Garbage Collection (Allocation Rate)
[2026-06-17T10:23:02.674+0800][44.293s][info][gc,phases   ] GC(429) Pause Mark Start 0.222ms
[2026-06-17T10:23:02.686+0800][44.305s][info][gc,phases   ] GC(429) Concurrent Mark 1.833ms
[2026-06-17T10:23:02.690+0800][44.308s][info][gc,phases   ] GC(429) Pause Mark End 0.409ms
[2026-06-17T10:23:02.690+0800][44.309s][info][gc,phases   ] GC(429) Concurrent Process Non-Strong References 0.155ms
[2026-06-17T10:23:02.691+0800][44.309s][info][gc,phases   ] GC(429) Concurrent Reset Relocation Set 0.004ms
[2026-06-17T10:23:02.691+0800][44.310s][info][gc,phases   ] GC(429) Concurrent Destroy Detached Pages 0.001ms
[2026-06-17T10:23:02.692+0800][44.311s][info][gc,phases   ] GC(429) Concurrent Select Relocation Set 1.104ms
[2026-06-17T10:23:02.693+0800][44.311s][info][gc,phases   ] GC(429) Concurrent Prepare Relocation Set 0.023ms
[2026-06-17T10:23:02.694+0800][44.312s][info][gc,phases   ] GC(429) Pause Relocate Start 0.503ms
[2026-06-17T10:23:02.696+0800][44.315s][info][gc,phases   ] GC(429) Concurrent Relocate 1.781ms
[2026-06-17T10:23:02.696+0800][44.315s][info][gc,load     ] GC(429) Load: 0.14/0.19/0.27
[2026-06-17T10:23:02.696+0800][44.315s][info][gc,mmu      ] GC(429) MMU: 2ms/0.0%, 5ms/43.3%, 10ms/66.9%, 20ms/83.5%, 50ms/93.4%, 100ms/96.6%
[2026-06-17T10:23:02.697+0800][44.315s][info][gc,marking  ] GC(429) Mark: 2 stripe(s), 2 proactive flush(es), 1 terminate flush(es), 0 completion(s), 0 continuation(s) 
[2026-06-17T10:23:02.697+0800][44.316s][info][gc,reloc    ] GC(429) Relocation: Successful, 22M relocated
[2026-06-17T10:23:02.697+0800][44.316s][info][gc,nmethod  ] GC(429) NMethods: 25 registered, 0 unregistered
[2026-06-17T10:23:02.697+0800][44.316s][info][gc,metaspace] GC(429) Metaspace: 3M used, 4M capacity, 4M committed, 8M reserved
[2026-06-17T10:23:02.698+0800][44.316s][info][gc,ref      ] GC(429) Soft: 43 encountered, 0 discovered, 0 enqueued
[2026-06-17T10:23:02.698+0800][44.317s][info][gc,ref      ] GC(429) Weak: 7 encountered, 2 discovered, 0 enqueued
[2026-06-17T10:23:02.698+0800][44.317s][info][gc,ref      ] GC(429) Final: 0 encountered, 0 discovered, 0 enqueued
[2026-06-17T10:23:02.698+0800][44.317s][info][gc,ref      ] GC(429) Phantom: 1 encountered, 1 discovered, 0 enqueued
[2026-06-17T10:23:02.699+0800][44.317s][info][gc,heap     ] GC(429)                Mark Start          Mark End        Relocate Start      Relocate End           High               Low         
[2026-06-17T10:23:02.699+0800][44.318s][info][gc,heap     ] GC(429)  Capacity:      256M (100%)        256M (100%)        256M (100%)        256M (100%)        256M (100%)        256M (100%)   
[2026-06-17T10:23:02.700+0800][44.318s][info][gc,heap     ] GC(429)   Reserve:       62M (24%)          62M (24%)          62M (24%)          62M (24%)          62M (24%)          62M (24%)    
[2026-06-17T10:23:02.700+0800][44.319s][info][gc,heap     ] GC(429)      Free:       80M (31%)          44M (17%)          76M (30%)         142M (55%)         142M (55%)          44M (17%)    
[2026-06-17T10:23:02.700+0800][44.319s][info][gc,heap     ] GC(429)      Used:      114M (45%)         150M (59%)         118M (46%)          52M (20%)         150M (59%)          52M (20%)    
[2026-06-17T10:23:02.701+0800][44.319s][info][gc,heap     ] GC(429)      Live:         -                22M (9%)           22M (9%)           22M (9%)             -                  -          
[2026-06-17T10:23:02.701+0800][44.320s][info][gc,heap     ] GC(429) Allocated:         -                36M (14%)          36M (14%)          48M (19%)            -                  -          
[2026-06-17T10:23:02.701+0800][44.320s][info][gc,heap     ] GC(429)   Garbage:         -                91M (36%)          59M (23%)    17592186044405M (6         -                  -          
[2026-06-17T10:23:02.701+0800][44.320s][info][gc,heap     ] GC(429) Reclaimed:         -                  -                32M (12%)         102M (40%)            -                  -          
[2026-06-17T10:23:02.701+0800][44.320s][info][gc          ] GC(429) Garbage Collection (Allocation Rate) 114M(45%)->52M(20%)
[2026-06-17T10:23:02.763+0800][44.382s][info][gc,start    ] GC(430) Garbage Collection (Allocation Rate)
[2026-06-17T10:23:02.764+0800][44.383s][info][gc,phases   ] GC(430) Pause Mark Start 0.231ms
[2026-06-17T10:23:02.767+0800][44.385s][info][gc,phases   ] GC(430) Concurrent Mark 1.700ms
[2026-06-17T10:23:02.767+0800][44.386s][info][gc,phases   ] GC(430) Pause Mark End 0.277ms
[2026-06-17T10:23:02.770+0800][44.389s][info][gc,phases   ] GC(430) Concurrent Process Non-Strong References 0.239ms
[2026-06-17T10:23:02.772+0800][44.391s][info][gc,phases   ] GC(430) Concurrent Reset Relocation Set 0.002ms
[2026-06-17T10:23:02.773+0800][44.391s][info][gc,phases   ] GC(430) Concurrent Destroy Detached Pages 0.001ms
[2026-06-17T10:23:02.775+0800][44.394s][info][gc,phases   ] GC(430) Concurrent Select Relocation Set 0.799ms
[2026-06-17T10:23:02.777+0800][44.395s][info][gc,phases   ] GC(430) Concurrent Prepare Relocation Set 0.013ms
[2026-06-17T10:23:02.780+0800][44.399s][info][gc,phases   ] GC(430) Pause Relocate Start 0.258ms
[2026-06-17T10:23:02.784+0800][44.402s][info][gc,phases   ] GC(430) Concurrent Relocate 0.605ms
[2026-06-17T10:23:02.785+0800][44.404s][info][gc,load     ] GC(430) Load: 0.14/0.19/0.27
[2026-06-17T10:23:02.786+0800][44.405s][info][gc,mmu      ] GC(430) MMU: 2ms/0.0%, 5ms/43.3%, 10ms/66.9%, 20ms/83.5%, 50ms/93.4%, 100ms/96.6%
[2026-06-17T10:23:02.788+0800][44.407s][info][gc,marking  ] GC(430) Mark: 2 stripe(s), 1 proactive flush(es), 1 terminate flush(es), 0 completion(s), 0 continuation(s) 
[2026-06-17T10:23:02.789+0800][44.408s][info][gc,reloc    ] GC(430) Relocation: Successful, 24M relocated
[2026-06-17T10:23:02.791+0800][44.409s][info][gc,nmethod  ] GC(430) NMethods: 25 registered, 0 unregistered
[2026-06-17T10:23:02.792+0800][44.411s][info][gc,metaspace] GC(430) Metaspace: 3M used, 4M capacity, 4M committed, 8M reserved
[2026-06-17T10:23:02.793+0800][44.412s][info][gc,ref      ] GC(430) Soft: 43 encountered, 0 discovered, 0 enqueued
[2026-06-17T10:23:02.794+0800][44.413s][info][gc,ref      ] GC(430) Weak: 7 encountered, 2 discovered, 0 enqueued
[2026-06-17T10:23:02.796+0800][44.414s][info][gc,ref      ] GC(430) Final: 0 encountered, 0 discovered, 0 enqueued
[2026-06-17T10:23:02.798+0800][44.417s][info][gc,ref      ] GC(430) Phantom: 1 encountered, 1 discovered, 0 enqueued
[2026-06-17T10:23:02.801+0800][44.419s][info][gc,heap     ] GC(430)                Mark Start          Mark End        Relocate Start      Relocate End           High               Low         
[2026-06-17T10:23:02.804+0800][44.422s][info][gc,heap     ] GC(430)  Capacity:      256M (100%)        256M (100%)        256M (100%)        256M (100%)        256M (100%)        256M (100%)   
[2026-06-17T10:23:02.804+0800][44.423s][info][gc,heap     ] GC(430)   Reserve:       62M (24%)          62M (24%)          62M (24%)          62M (24%)          62M (24%)          62M (24%)    
[2026-06-17T10:23:02.806+0800][44.425s][info][gc,heap     ] GC(430)      Free:      120M (47%)         120M (47%)         106M (41%)         110M (43%)         120M (47%)          82M (32%)    
[2026-06-17T10:23:02.807+0800][44.425s][info][gc,heap     ] GC(430)      Used:       74M (29%)          74M (29%)          88M (34%)          84M (33%)         112M (44%)          74M (29%)    
[2026-06-17T10:23:02.809+0800][44.427s][info][gc,heap     ] GC(430)      Live:         -                26M (10%)          26M (10%)          26M (10%)            -                  -          
[2026-06-17T10:23:02.809+0800][44.428s][info][gc,heap     ] GC(430) Allocated:         -                 0M (0%)           38M (15%)          50M (20%)            -                  -          
[2026-06-17T10:23:02.810+0800][44.429s][info][gc,heap     ] GC(430)   Garbage:         -                47M (18%)          23M (9%)           15M (6%)             -                  -          
[2026-06-17T10:23:02.812+0800][44.431s][info][gc,heap     ] GC(430) Reclaimed:         -                  -                24M (9%)           32M (12%)            -                  -          
[2026-06-17T10:23:02.812+0800][44.431s][info][gc          ] GC(430) Garbage Collection (Allocation Rate) 74M(29%)->84M(33%)
[2026-06-17T10:23:02.863+0800][44.482s][info][gc,start    ] GC(431) Garbage Collection (Allocation Rate)
[2026-06-17T10:23:02.866+0800][44.485s][info][gc,phases   ] GC(431) Pause Mark Start 0.498ms
[2026-06-17T10:23:02.869+0800][44.488s][info][gc,phases   ] GC(431) Concurrent Mark 2.260ms
[2026-06-17T10:23:02.871+0800][44.490s][info][gc,phases   ] GC(431) Pause Mark End 0.872ms
[2026-06-17T10:23:02.872+0800][44.491s][info][gc,phases   ] GC(431) Concurrent Process Non-Strong References 0.298ms
[2026-06-17T10:23:02.873+0800][44.492s][info][gc,phases   ] GC(431) Concurrent Reset Relocation Set 0.006ms
[2026-06-17T10:23:02.873+0800][44.492s][info][gc,phases   ] GC(431) Concurrent Destroy Detached Pages 0.003ms
[2026-06-17T10:23:02.876+0800][44.494s][info][gc,phases   ] GC(431) Concurrent Select Relocation Set 1.597ms
[2026-06-17T10:23:02.876+0800][44.495s][info][gc,phases   ] GC(431) Concurrent Prepare Relocation Set 0.009ms
[2026-06-17T10:23:02.878+0800][44.496s][info][gc,phases   ] GC(431) Pause Relocate Start 0.409ms
[2026-06-17T10:23:02.880+0800][44.499s][info][gc,phases   ] GC(431) Concurrent Relocate 2.183ms
[2026-06-17T10:23:02.881+0800][44.500s][info][gc,load     ] GC(431) Load: 0.14/0.19/0.27
[2026-06-17T10:23:02.881+0800][44.500s][info][gc,mmu      ] GC(431) MMU: 2ms/0.0%, 5ms/43.3%, 10ms/66.9%, 20ms/83.5%, 50ms/93.4%, 100ms/96.6%
[2026-06-17T10:23:02.882+0800][44.501s][info][gc,marking  ] GC(431) Mark: 2 stripe(s), 1 proactive flush(es), 1 terminate flush(es), 0 completion(s), 0 continuation(s) 
[2026-06-17T10:23:02.883+0800][44.501s][info][gc,reloc    ] GC(431) Relocation: Successful, 20M relocated
[2026-06-17T10:23:02.883+0800][44.502s][info][gc,nmethod  ] GC(431) NMethods: 25 registered, 0 unregistered
[2026-06-17T10:23:02.884+0800][44.502s][info][gc,metaspace] GC(431) Metaspace: 3M used, 4M capacity, 4M committed, 8M reserved
[2026-06-17T10:23:02.884+0800][44.503s][info][gc,ref      ] GC(431) Soft: 43 encountered, 0 discovered, 0 enqueued
[2026-06-17T10:23:02.885+0800][44.503s][info][gc,ref      ] GC(431) Weak: 7 encountered, 2 discovered, 0 enqueued
[2026-06-17T10:23:02.885+0800][44.504s][info][gc,ref      ] GC(431) Final: 0 encountered, 0 discovered, 0 enqueued
[2026-06-17T10:23:02.885+0800][44.504s][info][gc,ref      ] GC(431) Phantom: 1 encountered, 1 discovered, 0 enqueued
[2026-06-17T10:23:02.886+0800][44.504s][info][gc,heap     ] GC(431)                Mark Start          Mark End        Relocate Start      Relocate End           High               Low         
[2026-06-17T10:23:02.886+0800][44.505s][info][gc,heap     ] GC(431)  Capacity:      256M (100%)        256M (100%)        256M (100%)        256M (100%)        256M (100%)        256M (100%)   
[2026-06-17T10:23:02.886+0800][44.505s][info][gc,heap     ] GC(431)   Reserve:       62M (24%)          62M (24%)          62M (24%)          62M (24%)          62M (24%)          62M (24%)    
[2026-06-17T10:23:02.886+0800][44.505s][info][gc,heap     ] GC(431)      Free:       84M (33%)          46M (18%)          74M (29%)         142M (55%)         142M (55%)          46M (18%)    
[2026-06-17T10:23:02.887+0800][44.505s][info][gc,heap     ] GC(431)      Used:      110M (43%)         148M (58%)         120M (47%)          52M (20%)         148M (58%)          52M (20%)    
[2026-06-17T10:23:02.887+0800][44.505s][info][gc,heap     ] GC(431)      Live:         -                21M (9%)           21M (9%)           21M (9%)             -                  -          
[2026-06-17T10:23:02.887+0800][44.506s][info][gc,heap     ] GC(431) Allocated:         -                38M (15%)          38M (15%)          48M (19%)            -                  -          
[2026-06-17T10:23:02.887+0800][44.506s][info][gc,heap     ] GC(431)   Garbage:         -                88M (34%)          60M (23%)    17592186044404M (6         -                  -          
[2026-06-17T10:23:02.887+0800][44.506s][info][gc,heap     ] GC(431) Reclaimed:         -                  -                28M (11%)         100M (39%)            -                  -          
[2026-06-17T10:23:02.888+0800][44.506s][info][gc          ] GC(431) Garbage Collection (Allocation Rate) 110M(43%)->52M(20%)
[2026-06-17T10:23:02.964+0800][44.582s][info][gc,start    ] GC(432) Garbage Collection (Allocation Rate)
[2026-06-17T10:23:02.966+0800][44.585s][info][gc,phases   ] GC(432) Pause Mark Start 0.549ms
[2026-06-17T10:23:02.969+0800][44.588s][info][gc,phases   ] GC(432) Concurrent Mark 2.103ms
[2026-06-17T10:23:02.971+0800][44.590s][info][gc,phases   ] GC(432) Pause Mark End 0.869ms
[2026-06-17T10:23:02.972+0800][44.591s][info][gc,phases   ] GC(432) Concurrent Process Non-Strong References 0.395ms
[2026-06-17T10:23:02.973+0800][44.592s][info][gc,phases   ] GC(432) Concurrent Reset Relocation Set 0.005ms
[2026-06-17T10:23:02.973+0800][44.592s][info][gc,phases   ] GC(432) Concurrent Destroy Detached Pages 0.001ms
[2026-06-17T10:23:02.975+0800][44.594s][info][gc,phases   ] GC(432) Concurrent Select Relocation Set 1.382ms
[2026-06-17T10:23:02.976+0800][44.594s][info][gc,phases   ] GC(432) Concurrent Prepare Relocation Set 0.005ms
[2026-06-17T10:23:02.977+0800][44.596s][info][gc,phases   ] GC(432) Pause Relocate Start 0.268ms
[2026-06-17T10:23:02.978+0800][44.597s][info][gc,phases   ] GC(432) Concurrent Relocate 0.380ms
[2026-06-17T10:23:02.979+0800][44.597s][info][gc,load     ] GC(432) Load: 0.14/0.19/0.27
[2026-06-17T10:23:02.979+0800][44.598s][info][gc,mmu      ] GC(432) MMU: 2ms/0.0%, 5ms/43.3%, 10ms/66.9%, 20ms/83.5%, 50ms/93.4%, 100ms/96.6%
[2026-06-17T10:23:02.979+0800][44.598s][info][gc,marking  ] GC(432) Mark: 2 stripe(s), 2 proactive flush(es), 1 terminate flush(es), 0 completion(s), 0 continuation(s) 
[2026-06-17T10:23:02.980+0800][44.598s][info][gc,reloc    ] GC(432) Relocation: Successful, 25M relocated
[2026-06-17T10:23:02.980+0800][44.599s][info][gc,nmethod  ] GC(432) NMethods: 25 registered, 0 unregistered
[2026-06-17T10:23:02.980+0800][44.599s][info][gc,metaspace] GC(432) Metaspace: 3M used, 4M capacity, 4M committed, 8M reserved
[2026-06-17T10:23:02.980+0800][44.599s][info][gc,ref      ] GC(432) Soft: 43 encountered, 0 discovered, 0 enqueued
[2026-06-17T10:23:02.981+0800][44.599s][info][gc,ref      ] GC(432) Weak: 7 encountered, 2 discovered, 0 enqueued
[2026-06-17T10:23:02.981+0800][44.599s][info][gc,ref      ] GC(432) Final: 0 encountered, 0 discovered, 0 enqueued
[2026-06-17T10:23:02.981+0800][44.600s][info][gc,ref      ] GC(432) Phantom: 1 encountered, 1 discovered, 0 enqueued
[2026-06-17T10:23:02.981+0800][44.600s][info][gc,heap     ] GC(432)                Mark Start          Mark End        Relocate Start      Relocate End           High               Low         
[2026-06-17T10:23:02.981+0800][44.600s][info][gc,heap     ] GC(432)  Capacity:      256M (100%)        256M (100%)        256M (100%)        256M (100%)        256M (100%)        256M (100%)   
[2026-06-17T10:23:02.982+0800][44.600s][info][gc,heap     ] GC(432)   Reserve:       62M (24%)          62M (24%)          62M (24%)          62M (24%)          62M (24%)          62M (24%)    
[2026-06-17T10:23:02.982+0800][44.600s][info][gc,heap     ] GC(432)      Free:      118M (46%)          80M (31%)         104M (41%)         110M (43%)         118M (46%)          80M (31%)    
[2026-06-17T10:23:02.982+0800][44.601s][info][gc,heap     ] GC(432)      Used:       76M (30%)         114M (45%)          90M (35%)          84M (33%)         114M (45%)          76M (30%)    
[2026-06-17T10:23:02.982+0800][44.601s][info][gc,heap     ] GC(432)      Live:         -                28M (11%)          28M (11%)          28M (11%)            -                  -          
[2026-06-17T10:23:02.982+0800][44.601s][info][gc,heap     ] GC(432) Allocated:         -                38M (15%)          38M (15%)          46M (18%)            -                  -          
[2026-06-17T10:23:02.982+0800][44.601s][info][gc,heap     ] GC(432)   Garbage:         -                47M (19%)          23M (9%)           15M (6%)             -                  -          
[2026-06-17T10:23:02.983+0800][44.601s][info][gc,heap     ] GC(432) Reclaimed:         -                  -                24M (9%)           32M (12%)            -                  -          
[2026-06-17T10:23:02.983+0800][44.601s][info][gc          ] GC(432) Garbage Collection (Allocation Rate) 76M(30%)->84M(33%)
[2026-06-17T10:23:03.063+0800][44.682s][info][gc,start    ] GC(433) Garbage Collection (Allocation Rate)
[2026-06-17T10:23:03.066+0800][44.685s][info][gc,phases   ] GC(433) Pause Mark Start 0.506ms
[2026-06-17T10:23:03.069+0800][44.688s][info][gc,phases   ] GC(433) Concurrent Mark 2.309ms
[2026-06-17T10:23:03.071+0800][44.690s][info][gc,phases   ] GC(433) Pause Mark End 0.806ms
[2026-06-17T10:23:03.072+0800][44.691s][info][gc,phases   ] GC(433) Concurrent Process Non-Strong References 0.250ms
[2026-06-17T10:23:03.073+0800][44.691s][info][gc,phases   ] GC(433) Concurrent Reset Relocation Set 0.005ms
[2026-06-17T10:23:03.073+0800][44.692s][info][gc,phases   ] GC(433) Concurrent Destroy Detached Pages 0.002ms
[2026-06-17T10:23:03.075+0800][44.694s][info][gc,phases   ] GC(433) Concurrent Select Relocation Set 1.253ms
[2026-06-17T10:23:03.076+0800][44.694s][info][gc,phases   ] GC(433) Concurrent Prepare Relocation Set 0.021ms
[2026-06-17T10:23:03.077+0800][44.696s][info][gc,phases   ] GC(433) Pause Relocate Start 0.275ms
[2026-06-17T10:23:03.080+0800][44.699s][info][gc,phases   ] GC(433) Concurrent Relocate 2.414ms
[2026-06-17T10:23:03.081+0800][44.699s][info][gc,load     ] GC(433) Load: 0.14/0.19/0.27
[2026-06-17T10:23:03.081+0800][44.700s][info][gc,mmu      ] GC(433) MMU: 2ms/0.0%, 5ms/43.3%, 10ms/66.9%, 20ms/83.5%, 50ms/93.4%, 100ms/96.6%
[2026-06-17T10:23:03.082+0800][44.701s][info][gc,marking  ] GC(433) Mark: 2 stripe(s), 2 proactive flush(es), 1 terminate flush(es), 0 completion(s), 0 continuation(s) 
[2026-06-17T10:23:03.082+0800][44.701s][info][gc,reloc    ] GC(433) Relocation: Successful, 27M relocated
[2026-06-17T10:23:03.083+0800][44.702s][info][gc,nmethod  ] GC(433) NMethods: 25 registered, 0 unregistered
[2026-06-17T10:23:03.084+0800][44.702s][info][gc,metaspace] GC(433) Metaspace: 3M used, 4M capacity, 4M committed, 8M reserved
[2026-06-17T10:23:03.084+0800][44.703s][info][gc,ref      ] GC(433) Soft: 43 encountered, 0 discovered, 0 enqueued
[2026-06-17T10:23:03.085+0800][44.703s][info][gc,ref      ] GC(433) Weak: 7 encountered, 0 discovered, 0 enqueued
[2026-06-17T10:23:03.085+0800][44.704s][info][gc,ref      ] GC(433) Final: 0 encountered, 0 discovered, 0 enqueued
[2026-06-17T10:23:03.086+0800][44.705s][info][gc,ref      ] GC(433) Phantom: 1 encountered, 1 discovered, 0 enqueued
[2026-06-17T10:23:03.086+0800][44.705s][info][gc,heap     ] GC(433)                Mark Start          Mark End        Relocate Start      Relocate End           High               Low         
[2026-06-17T10:23:03.087+0800][44.705s][info][gc,heap     ] GC(433)  Capacity:      256M (100%)        256M (100%)        256M (100%)        256M (100%)        256M (100%)        256M (100%)   
[2026-06-17T10:23:03.087+0800][44.706s][info][gc,heap     ] GC(433)   Reserve:       62M (24%)          62M (24%)          62M (24%)          62M (24%)          62M (24%)          62M (24%)    
[2026-06-17T10:23:03.088+0800][44.706s][info][gc,heap     ] GC(433)      Free:       82M (32%)          46M (18%)          70M (27%)         140M (55%)         140M (55%)          46M (18%)    
[2026-06-17T10:23:03.088+0800][44.707s][info][gc,heap     ] GC(433)      Used:      112M (44%)         148M (58%)         124M (48%)          54M (21%)         148M (58%)          54M (21%)    
[2026-06-17T10:23:03.089+0800][44.708s][info][gc,heap     ] GC(433)      Live:         -                27M (11%)          27M (11%)          27M (11%)            -                  -          
[2026-06-17T10:23:03.090+0800][44.708s][info][gc,heap     ] GC(433) Allocated:         -                36M (14%)          36M (14%)          50M (20%)            -                  -          
[2026-06-17T10:23:03.090+0800][44.709s][info][gc,heap     ] GC(433)   Garbage:         -                84M (33%)          60M (24%)    17592186044402M (6         -                  -          
[2026-06-17T10:23:03.091+0800][44.709s][info][gc,heap     ] GC(433) Reclaimed:         -                  -                24M (9%)           98M (38%)            -                  -          
[2026-06-17T10:23:03.091+0800][44.710s][info][gc          ] GC(433) Garbage Collection (Allocation Rate) 112M(44%)->54M(21%)
[2026-06-17T10:23:03.164+0800][44.783s][info][gc,start    ] GC(434) Garbage Collection (Allocation Rate)
[2026-06-17T10:23:03.166+0800][44.785s][info][gc,phases   ] GC(434) Pause Mark Start 0.545ms
[2026-06-17T10:23:03.170+0800][44.789s][info][gc,phases   ] GC(434) Concurrent Mark 2.565ms
[2026-06-17T10:23:03.172+0800][44.791s][info][gc,phases   ] GC(434) Pause Mark End 0.727ms
[2026-06-17T10:23:03.173+0800][44.792s][info][gc,phases   ] GC(434) Concurrent Process Non-Strong References 0.395ms
[2026-06-17T10:23:03.174+0800][44.793s][info][gc,phases   ] GC(434) Concurrent Reset Relocation Set 0.007ms
[2026-06-17T10:23:03.175+0800][44.794s][info][gc,phases   ] GC(434) Concurrent Destroy Detached Pages 0.002ms
[2026-06-17T10:23:03.176+0800][44.795s][info][gc,phases   ] GC(434) Concurrent Select Relocation Set 1.125ms
[2026-06-17T10:23:03.177+0800][44.796s][info][gc,phases   ] GC(434) Concurrent Prepare Relocation Set 0.004ms
[2026-06-17T10:23:03.178+0800][44.797s][info][gc,phases   ] GC(434) Pause Relocate Start 0.278ms
[2026-06-17T10:23:03.179+0800][44.797s][info][gc,phases   ] GC(434) Concurrent Relocate 0.196ms
[2026-06-17T10:23:03.179+0800][44.798s][info][gc,load     ] GC(434) Load: 0.14/0.19/0.27
[2026-06-17T10:23:03.180+0800][44.798s][info][gc,mmu      ] GC(434) MMU: 2ms/0.0%, 5ms/43.3%, 10ms/66.9%, 20ms/83.5%, 50ms/93.4%, 100ms/96.6%
[2026-06-17T10:23:03.180+0800][44.799s][info][gc,marking  ] GC(434) Mark: 2 stripe(s), 1 proactive flush(es), 1 terminate flush(es), 0 completion(s), 0 continuation(s) 
[2026-06-17T10:23:03.180+0800][44.799s][info][gc,reloc    ] GC(434) Relocation: Successful, 23M relocated
[2026-06-17T10:23:03.181+0800][44.799s][info][gc,nmethod  ] GC(434) NMethods: 25 registered, 0 unregistered
[2026-06-17T10:23:03.181+0800][44.800s][info][gc,metaspace] GC(434) Metaspace: 3M used, 4M capacity, 4M committed, 8M reserved
[2026-06-17T10:23:03.181+0800][44.800s][info][gc,ref      ] GC(434) Soft: 43 encountered, 0 discovered, 0 enqueued
[2026-06-17T10:23:03.181+0800][44.800s][info][gc,ref      ] GC(434) Weak: 7 encountered, 2 discovered, 0 enqueued
[2026-06-17T10:23:03.182+0800][44.800s][info][gc,ref      ] GC(434) Final: 0 encountered, 0 discovered, 0 enqueued
[2026-06-17T10:23:03.182+0800][44.800s][info][gc,ref      ] GC(434) Phantom: 1 encountered, 0 discovered, 0 enqueued
[2026-06-17T10:23:03.182+0800][44.801s][info][gc,heap     ] GC(434)                Mark Start          Mark End        Relocate Start      Relocate End           High               Low         
[2026-06-17T10:23:03.182+0800][44.801s][info][gc,heap     ] GC(434)  Capacity:      256M (100%)        256M (100%)        256M (100%)        256M (100%)        256M (100%)        256M (100%)   
[2026-06-17T10:23:03.182+0800][44.801s][info][gc,heap     ] GC(434)   Reserve:       62M (24%)          62M (24%)          62M (24%)          62M (24%)          62M (24%)          62M (24%)    
[2026-06-17T10:23:03.182+0800][44.801s][info][gc,heap     ] GC(434)      Free:      110M (43%)         110M (43%)         140M (55%)         148M (58%)         148M (58%)         106M (41%)    
[2026-06-17T10:23:03.183+0800][44.801s][info][gc,heap     ] GC(434)      Used:       84M (33%)          84M (33%)          54M (21%)          46M (18%)          88M (34%)          46M (18%)    
[2026-06-17T10:23:03.183+0800][44.802s][info][gc,heap     ] GC(434)      Live:         -                25M (10%)          25M (10%)          25M (10%)            -                  -          
[2026-06-17T10:23:03.183+0800][44.802s][info][gc,heap     ] GC(434) Allocated:         -                 0M (0%)            4M (2%)            8M (3%)             -                  -          
[2026-06-17T10:23:03.183+0800][44.802s][info][gc,heap     ] GC(434)   Garbage:         -                58M (23%)          24M (10%)          16M (7%)             -                  -          
[2026-06-17T10:23:03.183+0800][44.802s][info][gc,heap     ] GC(434) Reclaimed:         -                  -                34M (13%)          42M (16%)            -                  -          
[2026-06-17T10:23:03.183+0800][44.802s][info][gc          ] GC(434) Garbage Collection (Allocation Rate) 84M(33%)->46M(18%)
[2026-06-17T10:23:03.263+0800][44.882s][info][gc,start    ] GC(435) Garbage Collection (Allocation Rate)
[2026-06-17T10:23:03.267+0800][44.886s][info][gc,phases   ] GC(435) Pause Mark Start 0.616ms
[2026-06-17T10:23:03.270+0800][44.889s][info][gc,phases   ] GC(435) Concurrent Mark 2.135ms
[2026-06-17T10:23:03.272+0800][44.891s][info][gc,phases   ] GC(435) Pause Mark End 0.716ms
[2026-06-17T10:23:03.273+0800][44.892s][info][gc,phases   ] GC(435) Concurrent Process Non-Strong References 0.341ms
[2026-06-17T10:23:03.274+0800][44.893s][info][gc,phases   ] GC(435) Concurrent Reset Relocation Set 0.003ms
[2026-06-17T10:23:03.274+0800][44.893s][info][gc,phases   ] GC(435) Concurrent Destroy Detached Pages 0.001ms
[2026-06-17T10:23:03.276+0800][44.895s][info][gc,phases   ] GC(435) Concurrent Select Relocation Set 1.231ms
[2026-06-17T10:23:03.277+0800][44.895s][info][gc,phases   ] GC(435) Concurrent Prepare Relocation Set 0.005ms
[2026-06-17T10:23:03.278+0800][44.897s][info][gc,phases   ] GC(435) Pause Relocate Start 0.349ms
[2026-06-17T10:23:03.281+0800][44.899s][info][gc,phases   ] GC(435) Concurrent Relocate 2.037ms
[2026-06-17T10:23:03.281+0800][44.900s][info][gc,load     ] GC(435) Load: 0.14/0.19/0.27
[2026-06-17T10:23:03.282+0800][44.901s][info][gc,mmu      ] GC(435) MMU: 2ms/0.0%, 5ms/43.3%, 10ms/66.9%, 20ms/83.5%, 50ms/93.4%, 100ms/96.6%
[2026-06-17T10:23:03.282+0800][44.901s][info][gc,marking  ] GC(435) Mark: 2 stripe(s), 1 proactive flush(es), 1 terminate flush(es), 0 completion(s), 0 continuation(s) 
[2026-06-17T10:23:03.283+0800][44.902s][info][gc,reloc    ] GC(435) Relocation: Successful, 25M relocated
[2026-06-17T10:23:03.283+0800][44.902s][info][gc,nmethod  ] GC(435) NMethods: 25 registered, 0 unregistered
[2026-06-17T10:23:03.284+0800][44.903s][info][gc,metaspace] GC(435) Metaspace: 3M used, 4M capacity, 4M committed, 8M reserved
[2026-06-17T10:23:03.284+0800][44.903s][info][gc,ref      ] GC(435) Soft: 43 encountered, 0 discovered, 0 enqueued
[2026-06-17T10:23:03.285+0800][44.903s][info][gc,ref      ] GC(435) Weak: 7 encountered, 2 discovered, 0 enqueued
[2026-06-17T10:23:03.285+0800][44.904s][info][gc,ref      ] GC(435) Final: 0 encountered, 0 discovered, 0 enqueued
[2026-06-17T10:23:03.286+0800][44.904s][info][gc,ref      ] GC(435) Phantom: 1 encountered, 1 discovered, 0 enqueued
[2026-06-17T10:23:03.286+0800][44.905s][info][gc,heap     ] GC(435)                Mark Start          Mark End        Relocate Start      Relocate End           High               Low         
[2026-06-17T10:23:03.286+0800][44.905s][info][gc,heap     ] GC(435)  Capacity:      256M (100%)        256M (100%)        256M (100%)        256M (100%)        256M (100%)        256M (100%)   
[2026-06-17T10:23:03.287+0800][44.906s][info][gc,heap     ] GC(435)   Reserve:       62M (24%)          62M (24%)          62M (24%)          62M (24%)          62M (24%)          62M (24%)    
[2026-06-17T10:23:03.287+0800][44.906s][info][gc,heap     ] GC(435)      Free:       86M (34%)          86M (34%)         108M (42%)         146M (57%)         146M (57%)          72M (28%)    
[2026-06-17T10:23:03.288+0800][44.907s][info][gc,heap     ] GC(435)      Used:      108M (42%)         108M (42%)          86M (34%)          48M (19%)         122M (48%)          48M (19%)    
[2026-06-17T10:23:03.288+0800][44.907s][info][gc,heap     ] GC(435)      Live:         -                27M (11%)          27M (11%)          27M (11%)            -                  -          
[2026-06-17T10:23:03.289+0800][44.908s][info][gc,heap     ] GC(435) Allocated:         -                 0M (0%)            4M (2%)           44M (17%)            -                  -          
[2026-06-17T10:23:03.289+0800][44.908s][info][gc,heap     ] GC(435)   Garbage:         -                80M (32%)          54M (21%)          16M (7%)             -                  -          
[2026-06-17T10:23:03.290+0800][44.909s][info][gc,heap     ] GC(435) Reclaimed:         -                  -                26M (10%)          64M (25%)            -                  -          
[2026-06-17T10:23:03.290+0800][44.909s][info][gc          ] GC(435) Garbage Collection (Allocation Rate) 108M(42%)->48M(19%)
[2026-06-17T10:23:03.363+0800][44.982s][info][gc,start    ] GC(436) Garbage Collection (Allocation Rate)
[2026-06-17T10:23:03.365+0800][44.984s][info][gc,phases   ] GC(436) Pause Mark Start 0.161ms
[2026-06-17T10:23:03.368+0800][44.987s][info][gc,phases   ] GC(436) Concurrent Mark 1.427ms
[2026-06-17T10:23:03.371+0800][44.990s][info][gc,phases   ] GC(436) Pause Mark End 0.292ms
[2026-06-17T10:23:03.373+0800][44.991s][info][gc,phases   ] GC(436) Concurrent Process Non-Strong References 0.107ms
[2026-06-17T10:23:03.374+0800][44.992s][info][gc,phases   ] GC(436) Concurrent Reset Relocation Set 0.004ms
[2026-06-17T10:23:03.377+0800][44.996s][info][gc,phases   ] GC(436) Concurrent Destroy Detached Pages 0.001ms
[2026-06-17T10:23:03.378+0800][44.997s][info][gc,phases   ] GC(436) Concurrent Select Relocation Set 0.558ms
[2026-06-17T10:23:03.379+0800][44.998s][info][gc,phases   ] GC(436) Concurrent Prepare Relocation Set 0.011ms
[2026-06-17T10:23:03.379+0800][44.998s][info][gc,phases   ] GC(436) Pause Relocate Start 0.145ms
[2026-06-17T10:23:03.380+0800][44.999s][info][gc,phases   ] GC(436) Concurrent Relocate 0.375ms
[2026-06-17T10:23:03.381+0800][44.999s][info][gc,load     ] GC(436) Load: 0.14/0.19/0.27
[2026-06-17T10:23:03.381+0800][45.000s][info][gc,mmu      ] GC(436) MMU: 2ms/0.0%, 5ms/43.3%, 10ms/66.9%, 20ms/83.5%, 50ms/93.4%, 100ms/96.6%
[2026-06-17T10:23:03.381+0800][45.000s][info][gc,marking  ] GC(436) Mark: 2 stripe(s), 1 proactive flush(es), 1 terminate flush(es), 0 completion(s), 0 continuation(s) 
[2026-06-17T10:23:03.381+0800][45.000s][info][gc,reloc    ] GC(436) Relocation: Successful, 21M relocated
[2026-06-17T10:23:03.381+0800][45.000s][info][gc,nmethod  ] GC(436) NMethods: 25 registered, 0 unregistered
[2026-06-17T10:23:03.381+0800][45.000s][info][gc,metaspace] GC(436) Metaspace: 3M used, 4M capacity, 4M committed, 8M reserved
[2026-06-17T10:23:03.381+0800][45.000s][info][gc,ref      ] GC(436) Soft: 43 encountered, 0 discovered, 0 enqueued
[2026-06-17T10:23:03.382+0800][45.000s][info][gc,ref      ] GC(436) Weak: 7 encountered, 2 discovered, 0 enqueued
[2026-06-17T10:23:03.382+0800][45.000s][info][gc,ref      ] GC(436) Final: 0 encountered, 0 discovered, 0 enqueued
[2026-06-17T10:23:03.382+0800][45.001s][info][gc,ref      ] GC(436) Phantom: 1 encountered, 1 discovered, 0 enqueued
[2026-06-17T10:23:03.382+0800][45.001s][info][gc,heap     ] GC(436)                Mark Start          Mark End        Relocate Start      Relocate End           High               Low         
[2026-06-17T10:23:03.382+0800][45.001s][info][gc,heap     ] GC(436)  Capacity:      256M (100%)        256M (100%)        256M (100%)        256M (100%)        256M (100%)        256M (100%)   
[2026-06-17T10:23:03.382+0800][45.001s][info][gc,heap     ] GC(436)   Reserve:       62M (24%)          62M (24%)          62M (24%)          62M (24%)          62M (24%)          62M (24%)    
[2026-06-17T10:23:03.382+0800][45.001s][info][gc,heap     ] GC(436)      Free:      114M (45%)         110M (43%)         136M (53%)         144M (56%)         144M (56%)         106M (41%)    
[2026-06-17T10:23:03.382+0800][45.001s][info][gc,heap     ] GC(436)      Used:       80M (31%)          84M (33%)          58M (23%)          50M (20%)          88M (34%)          50M (20%)    
[2026-06-17T10:23:03.382+0800][45.001s][info][gc,heap     ] GC(436)      Live:         -                23M (9%)           23M (9%)           23M (9%)             -                  -          
[2026-06-17T10:23:03.383+0800][45.001s][info][gc,heap     ] GC(436) Allocated:         -                 4M (2%)            8M (3%)           14M (5%)             -                  -          
[2026-06-17T10:23:03.383+0800][45.001s][info][gc,heap     ] GC(436)   Garbage:         -                56M (22%)          26M (11%)          18M (7%)             -                  -          
[2026-06-17T10:23:03.383+0800][45.001s][info][gc,heap     ] GC(436) Reclaimed:         -                  -                30M (12%)          38M (15%)            -                  -          
[2026-06-17T10:23:03.383+0800][45.002s][info][gc          ] GC(436) Garbage Collection (Allocation Rate) 80M(31%)->50M(20%)
[2026-06-17T10:23:03.463+0800][45.081s][info][gc,start    ] GC(437) Garbage Collection (Allocation Rate)
[2026-06-17T10:23:03.464+0800][45.083s][info][gc,phases   ] GC(437) Pause Mark Start 0.282ms
[2026-06-17T10:23:03.467+0800][45.085s][info][gc,phases   ] GC(437) Concurrent Mark 1.668ms
[2026-06-17T10:23:03.468+0800][45.086s][info][gc,phases   ] GC(437) Pause Mark End 0.445ms
[2026-06-17T10:23:03.468+0800][45.087s][info][gc,phases   ] GC(437) Concurrent Process Non-Strong References 0.183ms
[2026-06-17T10:23:03.468+0800][45.087s][info][gc,phases   ] GC(437) Concurrent Reset Relocation Set 0.003ms
[2026-06-17T10:23:03.469+0800][45.087s][info][gc,phases   ] GC(437) Concurrent Destroy Detached Pages 0.001ms
[2026-06-17T10:23:03.470+0800][45.088s][info][gc,phases   ] GC(437) Concurrent Select Relocation Set 0.705ms
[2026-06-17T10:23:03.470+0800][45.089s][info][gc,phases   ] GC(437) Concurrent Prepare Relocation Set 0.013ms
[2026-06-17T10:23:03.471+0800][45.089s][info][gc,phases   ] GC(437) Pause Relocate Start 0.211ms
[2026-06-17T10:23:03.472+0800][45.091s][info][gc,phases   ] GC(437) Concurrent Relocate 1.262ms
[2026-06-17T10:23:03.473+0800][45.092s][info][gc,load     ] GC(437) Load: 0.14/0.19/0.27
[2026-06-17T10:23:03.473+0800][45.092s][info][gc,mmu      ] GC(437) MMU: 2ms/0.0%, 5ms/43.3%, 10ms/66.9%, 20ms/83.5%, 50ms/93.4%, 100ms/96.6%
[2026-06-17T10:23:03.473+0800][45.092s][info][gc,marking  ] GC(437) Mark: 2 stripe(s), 1 proactive flush(es), 1 terminate flush(es), 0 completion(s), 0 continuation(s) 
[2026-06-17T10:23:03.473+0800][45.092s][info][gc,reloc    ] GC(437) Relocation: Successful, 18M relocated
[2026-06-17T10:23:03.473+0800][45.092s][info][gc,nmethod  ] GC(437) NMethods: 25 registered, 0 unregistered
[2026-06-17T10:23:03.474+0800][45.092s][info][gc,metaspace] GC(437) Metaspace: 3M used, 4M capacity, 4M committed, 8M reserved
[2026-06-17T10:23:03.474+0800][45.093s][info][gc,ref      ] GC(437) Soft: 43 encountered, 0 discovered, 0 enqueued
[2026-06-17T10:23:03.474+0800][45.093s][info][gc,ref      ] GC(437) Weak: 7 encountered, 2 discovered, 0 enqueued
[2026-06-17T10:23:03.474+0800][45.093s][info][gc,ref      ] GC(437) Final: 0 encountered, 0 discovered, 0 enqueued
[2026-06-17T10:23:03.474+0800][45.093s][info][gc,ref      ] GC(437) Phantom: 1 encountered, 1 discovered, 0 enqueued
[2026-06-17T10:23:03.474+0800][45.093s][info][gc,heap     ] GC(437)                Mark Start          Mark End        Relocate Start      Relocate End           High               Low         
[2026-06-17T10:23:03.475+0800][45.093s][info][gc,heap     ] GC(437)  Capacity:      256M (100%)        256M (100%)        256M (100%)        256M (100%)        256M (100%)        256M (100%)   
[2026-06-17T10:23:03.475+0800][45.093s][info][gc,heap     ] GC(437)   Reserve:       62M (24%)          62M (24%)          62M (24%)          62M (24%)          62M (24%)          62M (24%)    
[2026-06-17T10:23:03.475+0800][45.093s][info][gc,heap     ] GC(437)      Free:       80M (31%)          80M (31%)         114M (45%)         148M (58%)         148M (58%)          76M (30%)    
[2026-06-17T10:23:03.475+0800][45.094s][info][gc,heap     ] GC(437)      Used:      114M (45%)         114M (45%)          80M (31%)          46M (18%)         118M (46%)          46M (18%)    
[2026-06-17T10:23:03.475+0800][45.094s][info][gc,heap     ] GC(437)      Live:         -                18M (7%)           18M (7%)           18M (7%)             -                  -          
[2026-06-17T10:23:03.475+0800][45.094s][info][gc,heap     ] GC(437) Allocated:         -                 0M (0%)            0M (0%)           44M (17%)            -                  -          
[2026-06-17T10:23:03.475+0800][45.094s][info][gc,heap     ] GC(437)   Garbage:         -                95M (37%)          61M (24%)          23M (9%)             -                  -          
[2026-06-17T10:23:03.475+0800][45.094s][info][gc,heap     ] GC(437) Reclaimed:         -                  -                34M (13%)          72M (28%)            -                  -          
[2026-06-17T10:23:03.475+0800][45.094s][info][gc          ] GC(437) Garbage Collection (Allocation Rate) 114M(45%)->46M(18%)
[2026-06-17T10:23:03.563+0800][45.182s][info][gc,start    ] GC(438) Garbage Collection (Allocation Rate)
[2026-06-17T10:23:03.564+0800][45.183s][info][gc,phases   ] GC(438) Pause Mark Start 0.420ms
[2026-06-17T10:23:03.567+0800][45.185s][info][gc,phases   ] GC(438) Concurrent Mark 1.881ms
[2026-06-17T10:23:03.568+0800][45.187s][info][gc,phases   ] GC(438) Pause Mark End 0.629ms
[2026-06-17T10:23:03.569+0800][45.187s][info][gc,phases   ] GC(438) Concurrent Process Non-Strong References 0.170ms
[2026-06-17T10:23:03.569+0800][45.188s][info][gc,phases   ] GC(438) Concurrent Reset Relocation Set 0.004ms
[2026-06-17T10:23:03.570+0800][45.188s][info][gc,phases   ] GC(438) Concurrent Destroy Detached Pages 0.001ms
[2026-06-17T10:23:03.571+0800][45.190s][info][gc,phases   ] GC(438) Concurrent Select Relocation Set 0.977ms
[2026-06-17T10:23:03.571+0800][45.190s][info][gc,phases   ] GC(438) Concurrent Prepare Relocation Set 0.002ms
[2026-06-17T10:23:03.572+0800][45.190s][info][gc,phases   ] GC(438) Pause Relocate Start 0.190ms
[2026-06-17T10:23:03.572+0800][45.191s][info][gc,phases   ] GC(438) Concurrent Relocate 0.271ms
[2026-06-17T10:23:03.572+0800][45.191s][info][gc,load     ] GC(438) Load: 0.14/0.19/0.27
[2026-06-17T10:23:03.573+0800][45.191s][info][gc,mmu      ] GC(438) MMU: 2ms/0.0%, 5ms/43.3%, 10ms/66.9%, 20ms/83.5%, 50ms/93.4%, 100ms/96.6%
[2026-06-17T10:23:03.573+0800][45.192s][info][gc,marking  ] GC(438) Mark: 2 stripe(s), 1 proactive flush(es), 1 terminate flush(es), 0 completion(s), 0 continuation(s) 
[2026-06-17T10:23:03.573+0800][45.192s][info][gc,reloc    ] GC(438) Relocation: Successful, 19M relocated
[2026-06-17T10:23:03.573+0800][45.192s][info][gc,nmethod  ] GC(438) NMethods: 25 registered, 0 unregistered
[2026-06-17T10:23:03.574+0800][45.192s][info][gc,metaspace] GC(438) Metaspace: 3M used, 4M capacity, 4M committed, 8M reserved
[2026-06-17T10:23:03.574+0800][45.192s][info][gc,ref      ] GC(438) Soft: 43 encountered, 0 discovered, 0 enqueued
[2026-06-17T10:23:03.574+0800][45.193s][info][gc,ref      ] GC(438) Weak: 7 encountered, 0 discovered, 0 enqueued
[2026-06-17T10:23:03.574+0800][45.193s][info][gc,ref      ] GC(438) Final: 0 encountered, 0 discovered, 0 enqueued
[2026-06-17T10:23:03.575+0800][45.193s][info][gc,ref      ] GC(438) Phantom: 1 encountered, 1 discovered, 0 enqueued
[2026-06-17T10:23:03.575+0800][45.194s][info][gc,heap     ] GC(438)                Mark Start          Mark End        Relocate Start      Relocate End           High               Low         
[2026-06-17T10:23:03.575+0800][45.194s][info][gc,heap     ] GC(438)  Capacity:      256M (100%)        256M (100%)        256M (100%)        256M (100%)        256M (100%)        256M (100%)   
[2026-06-17T10:23:03.575+0800][45.194s][info][gc,heap     ] GC(438)   Reserve:       62M (24%)          62M (24%)          62M (24%)          62M (24%)          62M (24%)          62M (24%)    
[2026-06-17T10:23:03.575+0800][45.194s][info][gc,heap     ] GC(438)      Free:      116M (45%)         116M (45%)         142M (55%)         146M (57%)         146M (57%)         112M (44%)    
[2026-06-17T10:23:03.575+0800][45.194s][info][gc,heap     ] GC(438)      Used:       78M (30%)          78M (30%)          52M (20%)          48M (19%)          82M (32%)          48M (19%)    
[2026-06-17T10:23:03.576+0800][45.194s][info][gc,heap     ] GC(438)      Live:         -                23M (9%)           23M (9%)           23M (9%)             -                  -          
[2026-06-17T10:23:03.576+0800][45.194s][info][gc,heap     ] GC(438) Allocated:         -                 0M (0%)            4M (2%)           10M (4%)             -                  -          
[2026-06-17T10:23:03.576+0800][45.194s][info][gc,heap     ] GC(438)   Garbage:         -                54M (21%)          24M (10%)          20M (8%)             -                  -          
[2026-06-17T10:23:03.576+0800][45.195s][info][gc,heap     ] GC(438) Reclaimed:         -                  -                30M (12%)          34M (13%)            -                  -          
[2026-06-17T10:23:03.576+0800][45.195s][info][gc          ] GC(438) Garbage Collection (Allocation Rate) 78M(30%)->48M(19%)
[2026-06-17T10:23:03.663+0800][45.282s][info][gc,start    ] GC(439) Garbage Collection (Allocation Rate)
[2026-06-17T10:23:03.665+0800][45.284s][info][gc,phases   ] GC(439) Pause Mark Start 0.452ms
[2026-06-17T10:23:03.667+0800][45.286s][info][gc,phases   ] GC(439) Concurrent Mark 1.871ms
[2026-06-17T10:23:03.670+0800][45.289s][info][gc,phases   ] GC(439) Pause Mark End 0.705ms
[2026-06-17T10:23:03.671+0800][45.290s][info][gc,phases   ] GC(439) Concurrent Process Non-Strong References 0.111ms
[2026-06-17T10:23:03.671+0800][45.290s][info][gc,phases   ] GC(439) Concurrent Reset Relocation Set 0.002ms
[2026-06-17T10:23:03.671+0800][45.290s][info][gc,phases   ] GC(439) Concurrent Destroy Detached Pages 0.002ms
[2026-06-17T10:23:03.673+0800][45.291s][info][gc,phases   ] GC(439) Concurrent Select Relocation Set 0.910ms
[2026-06-17T10:23:03.673+0800][45.292s][info][gc,phases   ] GC(439) Concurrent Prepare Relocation Set 0.016ms
[2026-06-17T10:23:03.674+0800][45.293s][info][gc,phases   ] GC(439) Pause Relocate Start 0.233ms
[2026-06-17T10:23:03.676+0800][45.294s][info][gc,phases   ] GC(439) Concurrent Relocate 1.480ms
[2026-06-17T10:23:03.676+0800][45.295s][info][gc,load     ] GC(439) Load: 0.13/0.19/0.27
[2026-06-17T10:23:03.676+0800][45.295s][info][gc,mmu      ] GC(439) MMU: 2ms/0.0%, 5ms/43.3%, 10ms/66.9%, 20ms/83.5%, 50ms/93.4%, 100ms/96.6%
[2026-06-17T10:23:03.677+0800][45.295s][info][gc,marking  ] GC(439) Mark: 2 stripe(s), 2 proactive flush(es), 1 terminate flush(es), 0 completion(s), 0 continuation(s) 
[2026-06-17T10:23:03.677+0800][45.296s][info][gc,reloc    ] GC(439) Relocation: Successful, 19M relocated
[2026-06-17T10:23:03.677+0800][45.296s][info][gc,nmethod  ] GC(439) NMethods: 25 registered, 0 unregistered
[2026-06-17T10:23:03.677+0800][45.296s][info][gc,metaspace] GC(439) Metaspace: 3M used, 4M capacity, 4M committed, 8M reserved
[2026-06-17T10:23:03.677+0800][45.296s][info][gc,ref      ] GC(439) Soft: 43 encountered, 0 discovered, 0 enqueued
[2026-06-17T10:23:03.678+0800][45.296s][info][gc,ref      ] GC(439) Weak: 7 encountered, 2 discovered, 0 enqueued
[2026-06-17T10:23:03.678+0800][45.297s][info][gc,ref      ] GC(439) Final: 0 encountered, 0 discovered, 0 enqueued
[2026-06-17T10:23:03.678+0800][45.297s][info][gc,ref      ] GC(439) Phantom: 1 encountered, 1 discovered, 0 enqueued
[2026-06-17T10:23:03.678+0800][45.297s][info][gc,heap     ] GC(439)                Mark Start          Mark End        Relocate Start      Relocate End           High               Low         
[2026-06-17T10:23:03.678+0800][45.297s][info][gc,heap     ] GC(439)  Capacity:      256M (100%)        256M (100%)        256M (100%)        256M (100%)        256M (100%)        256M (100%)   
[2026-06-17T10:23:03.678+0800][45.297s][info][gc,heap     ] GC(439)   Reserve:       62M (24%)          62M (24%)          62M (24%)          62M (24%)          62M (24%)          62M (24%)    
[2026-06-17T10:23:03.678+0800][45.297s][info][gc,heap     ] GC(439)      Free:       82M (32%)          78M (30%)         104M (41%)         146M (57%)         146M (57%)          66M (26%)    
[2026-06-17T10:23:03.679+0800][45.297s][info][gc,heap     ] GC(439)      Used:      112M (44%)         116M (45%)          90M (35%)          48M (19%)         128M (50%)          48M (19%)    
[2026-06-17T10:23:03.679+0800][45.297s][info][gc,heap     ] GC(439)      Live:         -                21M (8%)           21M (8%)           21M (8%)             -                  -          
[2026-06-17T10:23:03.679+0800][45.298s][info][gc,heap     ] GC(439) Allocated:         -                 4M (2%)            4M (2%)           46M (18%)            -                  -          
[2026-06-17T10:23:03.679+0800][45.298s][info][gc,heap     ] GC(439)   Garbage:         -                90M (35%)          64M (25%)          22M (9%)             -                  -          
[2026-06-17T10:23:03.679+0800][45.298s][info][gc,heap     ] GC(439) Reclaimed:         -                  -                26M (10%)          68M (27%)            -                  -          
[2026-06-17T10:23:03.679+0800][45.298s][info][gc          ] GC(439) Garbage Collection (Allocation Rate) 112M(44%)->48M(19%)
[2026-06-17T10:23:03.763+0800][45.382s][info][gc,start    ] GC(440) Garbage Collection (Allocation Rate)
[2026-06-17T10:23:03.765+0800][45.384s][info][gc,phases   ] GC(440) Pause Mark Start 0.482ms
[2026-06-17T10:23:03.769+0800][45.388s][info][gc,phases   ] GC(440) Concurrent Mark 1.905ms
[2026-06-17T10:23:03.772+0800][45.391s][info][gc,phases   ] GC(440) Pause Mark End 0.726ms
[2026-06-17T10:23:03.773+0800][45.391s][info][gc,phases   ] GC(440) Concurrent Process Non-Strong References 0.234ms
[2026-06-17T10:23:03.773+0800][45.392s][info][gc,phases   ] GC(440) Concurrent Reset Relocation Set 0.004ms
[2026-06-17T10:23:03.773+0800][45.392s][info][gc,phases   ] GC(440) Concurrent Destroy Detached Pages 0.002ms
[2026-06-17T10:23:03.775+0800][45.393s][info][gc,phases   ] GC(440) Concurrent Select Relocation Set 1.047ms
[2026-06-17T10:23:03.775+0800][45.394s][info][gc,phases   ] GC(440) Concurrent Prepare Relocation Set 0.005ms
[2026-06-17T10:23:03.776+0800][45.394s][info][gc,phases   ] GC(440) Pause Relocate Start 0.260ms
[2026-06-17T10:23:03.776+0800][45.395s][info][gc,phases   ] GC(440) Concurrent Relocate 0.237ms
[2026-06-17T10:23:03.777+0800][45.395s][info][gc,load     ] GC(440) Load: 0.13/0.19/0.27
[2026-06-17T10:23:03.777+0800][45.395s][info][gc,mmu      ] GC(440) MMU: 2ms/0.0%, 5ms/43.3%, 10ms/66.9%, 20ms/83.5%, 50ms/93.4%, 100ms/96.6%
[2026-06-17T10:23:03.777+0800][45.396s][info][gc,marking  ] GC(440) Mark: 2 stripe(s), 1 proactive flush(es), 1 terminate flush(es), 0 completion(s), 0 continuation(s) 
[2026-06-17T10:23:03.777+0800][45.396s][info][gc,reloc    ] GC(440) Relocation: Successful, 21M relocated
[2026-06-17T10:23:03.778+0800][45.396s][info][gc,nmethod  ] GC(440) NMethods: 25 registered, 0 unregistered
[2026-06-17T10:23:03.778+0800][45.397s][info][gc,metaspace] GC(440) Metaspace: 3M used, 4M capacity, 4M committed, 8M reserved
[2026-06-17T10:23:03.778+0800][45.397s][info][gc,ref      ] GC(440) Soft: 43 encountered, 0 discovered, 0 enqueued
[2026-06-17T10:23:03.778+0800][45.397s][info][gc,ref      ] GC(440) Weak: 7 encountered, 0 discovered, 0 enqueued
[2026-06-17T10:23:03.778+0800][45.397s][info][gc,ref      ] GC(440) Final: 0 encountered, 0 discovered, 0 enqueued
[2026-06-17T10:23:03.779+0800][45.397s][info][gc,ref      ] GC(440) Phantom: 1 encountered, 0 discovered, 0 enqueued
[2026-06-17T10:23:03.779+0800][45.397s][info][gc,heap     ] GC(440)                Mark Start          Mark End        Relocate Start      Relocate End           High               Low         
[2026-06-17T10:23:03.779+0800][45.398s][info][gc,heap     ] GC(440)  Capacity:      256M (100%)        256M (100%)        256M (100%)        256M (100%)        256M (100%)        256M (100%)   
[2026-06-17T10:23:03.780+0800][45.398s][info][gc,heap     ] GC(440)   Reserve:       62M (24%)          62M (24%)          62M (24%)          62M (24%)          62M (24%)          62M (24%)    
[2026-06-17T10:23:03.780+0800][45.399s][info][gc,heap     ] GC(440)      Free:      110M (43%)         110M (43%)         100M (39%)         108M (42%)         110M (43%)          72M (28%)    
[2026-06-17T10:23:03.780+0800][45.399s][info][gc,heap     ] GC(440)      Used:       84M (33%)          84M (33%)          94M (37%)          86M (34%)         122M (48%)          84M (33%)    
[2026-06-17T10:23:03.780+0800][45.399s][info][gc,heap     ] GC(440)      Live:         -                26M (10%)          26M (10%)          26M (10%)            -                  -          
[2026-06-17T10:23:03.780+0800][45.399s][info][gc,heap     ] GC(440) Allocated:         -                 0M (0%)           38M (15%)          46M (18%)            -                  -          
[2026-06-17T10:23:03.780+0800][45.399s][info][gc,heap     ] GC(440)   Garbage:         -                57M (22%)          29M (11%)          21M (8%)             -                  -          
[2026-06-17T10:23:03.780+0800][45.399s][info][gc,heap     ] GC(440) Reclaimed:         -                  -                28M (11%)          36M (14%)            -                  -          
[2026-06-17T10:23:03.780+0800][45.399s][info][gc          ] GC(440) Garbage Collection (Allocation Rate) 84M(33%)->86M(34%)
[2026-06-17T10:23:03.863+0800][45.482s][info][gc,start    ] GC(441) Garbage Collection (Allocation Rate)
[2026-06-17T10:23:03.864+0800][45.483s][info][gc,phases   ] GC(441) Pause Mark Start 0.169ms
[2026-06-17T10:23:03.866+0800][45.485s][info][gc,phases   ] GC(441) Concurrent Mark 1.394ms
[2026-06-17T10:23:03.867+0800][45.485s][info][gc,phases   ] GC(441) Pause Mark End 0.327ms
[2026-06-17T10:23:03.867+0800][45.486s][info][gc,phases   ] GC(441) Concurrent Process Non-Strong References 0.100ms
[2026-06-17T10:23:03.867+0800][45.486s][info][gc,phases   ] GC(441) Concurrent Reset Relocation Set 0.004ms
[2026-06-17T10:23:03.867+0800][45.486s][info][gc,phases   ] GC(441) Concurrent Destroy Detached Pages 0.001ms
[2026-06-17T10:23:03.868+0800][45.487s][info][gc,phases   ] GC(441) Concurrent Select Relocation Set 0.491ms
[2026-06-17T10:23:03.868+0800][45.487s][info][gc,phases   ] GC(441) Concurrent Prepare Relocation Set 0.018ms
[2026-06-17T10:23:03.869+0800][45.487s][info][gc,phases   ] GC(441) Pause Relocate Start 0.133ms
[2026-06-17T10:23:03.870+0800][45.489s][info][gc,phases   ] GC(441) Concurrent Relocate 1.681ms
[2026-06-17T10:23:03.871+0800][45.490s][info][gc,load     ] GC(441) Load: 0.13/0.19/0.27
[2026-06-17T10:23:03.872+0800][45.490s][info][gc,mmu      ] GC(441) MMU: 2ms/0.0%, 5ms/43.3%, 10ms/66.9%, 20ms/83.5%, 50ms/93.4%, 100ms/96.6%
[2026-06-17T10:23:03.872+0800][45.491s][info][gc,marking  ] GC(441) Mark: 2 stripe(s), 1 proactive flush(es), 1 terminate flush(es), 0 completion(s), 0 continuation(s) 
[2026-06-17T10:23:03.872+0800][45.491s][info][gc,reloc    ] GC(441) Relocation: Successful, 23M relocated
[2026-06-17T10:23:03.872+0800][45.491s][info][gc,nmethod  ] GC(441) NMethods: 25 registered, 0 unregistered
[2026-06-17T10:23:03.872+0800][45.491s][info][gc,metaspace] GC(441) Metaspace: 3M used, 4M capacity, 4M committed, 8M reserved
[2026-06-17T10:23:03.872+0800][45.491s][info][gc,ref      ] GC(441) Soft: 43 encountered, 0 discovered, 0 enqueued
[2026-06-17T10:23:03.873+0800][45.491s][info][gc,ref      ] GC(441) Weak: 7 encountered, 2 discovered, 0 enqueued
[2026-06-17T10:23:03.873+0800][45.491s][info][gc,ref      ] GC(441) Final: 0 encountered, 0 discovered, 0 enqueued
[2026-06-17T10:23:03.873+0800][45.492s][info][gc,ref      ] GC(441) Phantom: 1 encountered, 1 discovered, 0 enqueued
[2026-06-17T10:23:03.873+0800][45.492s][info][gc,heap     ] GC(441)                Mark Start          Mark End        Relocate Start      Relocate End           High               Low         
[2026-06-17T10:23:03.873+0800][45.492s][info][gc,heap     ] GC(441)  Capacity:      256M (100%)        256M (100%)        256M (100%)        256M (100%)        256M (100%)        256M (100%)   
[2026-06-17T10:23:03.873+0800][45.492s][info][gc,heap     ] GC(441)   Reserve:       62M (24%)          62M (24%)          62M (24%)          62M (24%)          62M (24%)          62M (24%)    
[2026-06-17T10:23:03.873+0800][45.492s][info][gc,heap     ] GC(441)      Free:       78M (30%)          78M (30%)          66M (26%)         142M (55%)         142M (55%)          40M (16%)    
[2026-06-17T10:23:03.873+0800][45.492s][info][gc,heap     ] GC(441)      Used:      116M (45%)         116M (45%)         128M (50%)          52M (20%)         154M (60%)          52M (20%)    
[2026-06-17T10:23:03.873+0800][45.492s][info][gc,heap     ] GC(441)      Live:         -                25M (10%)          25M (10%)          25M (10%)            -                  -          
[2026-06-17T10:23:03.874+0800][45.492s][info][gc,heap     ] GC(441) Allocated:         -                 0M (0%)           38M (15%)          46M (18%)            -                  -          
[2026-06-17T10:23:03.874+0800][45.492s][info][gc,heap     ] GC(441)   Garbage:         -                90M (36%)          64M (25%)    17592186044404M (6         -                  -          
[2026-06-17T10:23:03.874+0800][45.492s][info][gc,heap     ] GC(441) Reclaimed:         -                  -                26M (10%)         102M (40%)            -                  -          
[2026-06-17T10:23:03.874+0800][45.493s][info][gc          ] GC(441) Garbage Collection (Allocation Rate) 116M(45%)->52M(20%)
[2026-06-17T10:23:03.963+0800][45.581s][info][gc,start    ] GC(442) Garbage Collection (Allocation Rate)
[2026-06-17T10:23:03.964+0800][45.583s][info][gc,phases   ] GC(442) Pause Mark Start 0.306ms
[2026-06-17T10:23:03.966+0800][45.585s][info][gc,phases   ] GC(442) Concurrent Mark 1.632ms
[2026-06-17T10:23:03.967+0800][45.586s][info][gc,phases   ] GC(442) Pause Mark End 0.521ms
[2026-06-17T10:23:03.968+0800][45.587s][info][gc,phases   ] GC(442) Concurrent Process Non-Strong References 0.210ms
[2026-06-17T10:23:03.968+0800][45.587s][info][gc,phases   ] GC(442) Concurrent Reset Relocation Set 0.004ms
[2026-06-17T10:23:03.968+0800][45.587s][info][gc,phases   ] GC(442) Concurrent Destroy Detached Pages 0.001ms
[2026-06-17T10:23:03.969+0800][45.588s][info][gc,phases   ] GC(442) Concurrent Select Relocation Set 0.721ms
[2026-06-17T10:23:03.970+0800][45.588s][info][gc,phases   ] GC(442) Concurrent Prepare Relocation Set 0.004ms
[2026-06-17T10:23:03.970+0800][45.589s][info][gc,phases   ] GC(442) Pause Relocate Start 0.175ms
[2026-06-17T10:23:03.971+0800][45.589s][info][gc,phases   ] GC(442) Concurrent Relocate 0.227ms
[2026-06-17T10:23:03.971+0800][45.590s][info][gc,load     ] GC(442) Load: 0.13/0.19/0.27
[2026-06-17T10:23:03.971+0800][45.590s][info][gc,mmu      ] GC(442) MMU: 2ms/0.0%, 5ms/43.3%, 10ms/66.9%, 20ms/83.5%, 50ms/93.4%, 100ms/96.6%
[2026-06-17T10:23:03.972+0800][45.590s][info][gc,marking  ] GC(442) Mark: 2 stripe(s), 1 proactive flush(es), 1 terminate flush(es), 0 completion(s), 0 continuation(s) 
[2026-06-17T10:23:03.972+0800][45.591s][info][gc,reloc    ] GC(442) Relocation: Successful, 23M relocated
[2026-06-17T10:23:03.972+0800][45.591s][info][gc,nmethod  ] GC(442) NMethods: 25 registered, 0 unregistered
[2026-06-17T10:23:03.972+0800][45.591s][info][gc,metaspace] GC(442) Metaspace: 3M used, 4M capacity, 4M committed, 8M reserved
[2026-06-17T10:23:03.973+0800][45.591s][info][gc,ref      ] GC(442) Soft: 43 encountered, 0 discovered, 0 enqueued
[2026-06-17T10:23:03.973+0800][45.592s][info][gc,ref      ] GC(442) Weak: 7 encountered, 2 discovered, 0 enqueued
[2026-06-17T10:23:03.973+0800][45.592s][info][gc,ref      ] GC(442) Final: 0 encountered, 0 discovered, 0 enqueued
[2026-06-17T10:23:03.973+0800][45.592s][info][gc,ref      ] GC(442) Phantom: 1 encountered, 1 discovered, 0 enqueued
[2026-06-17T10:23:03.974+0800][45.592s][info][gc,heap     ] GC(442)                Mark Start          Mark End        Relocate Start      Relocate End           High               Low         
[2026-06-17T10:23:03.974+0800][45.593s][info][gc,heap     ] GC(442)  Capacity:      256M (100%)        256M (100%)        256M (100%)        256M (100%)        256M (100%)        256M (100%)   
[2026-06-17T10:23:03.974+0800][45.593s][info][gc,heap     ] GC(442)   Reserve:       62M (24%)          62M (24%)          62M (24%)          62M (24%)          62M (24%)          62M (24%)    
[2026-06-17T10:23:03.974+0800][45.593s][info][gc,heap     ] GC(442)      Free:      108M (42%)         108M (42%)         140M (55%)         152M (59%)         152M (59%)         108M (42%)    
[2026-06-17T10:23:03.975+0800][45.594s][info][gc,heap     ] GC(442)      Used:       86M (34%)          86M (34%)          54M (21%)          42M (16%)          86M (34%)          42M (16%)    
[2026-06-17T10:23:03.975+0800][45.594s][info][gc,heap     ] GC(442)      Live:         -                25M (10%)          25M (10%)          25M (10%)            -                  -          
[2026-06-17T10:23:03.975+0800][45.594s][info][gc,heap     ] GC(442) Allocated:         -                 0M (0%)            0M (0%)            6M (2%)             -                  -          
[2026-06-17T10:23:03.975+0800][45.594s][info][gc,heap     ] GC(442)   Garbage:         -                60M (24%)          28M (11%)          16M (6%)             -                  -          
[2026-06-17T10:23:03.975+0800][45.594s][info][gc,heap     ] GC(442) Reclaimed:         -                  -                32M (12%)          44M (17%)            -                  -          
[2026-06-17T10:23:03.976+0800][45.594s][info][gc          ] GC(442) Garbage Collection (Allocation Rate) 86M(34%)->42M(16%)
[2026-06-17T10:23:04.063+0800][45.682s][info][gc,start    ] GC(443) Garbage Collection (Allocation Rate)
[2026-06-17T10:23:04.064+0800][45.683s][info][gc,phases   ] GC(443) Pause Mark Start 0.399ms
[2026-06-17T10:23:04.067+0800][45.686s][info][gc,phases   ] GC(443) Concurrent Mark 1.730ms
[2026-06-17T10:23:04.068+0800][45.687s][info][gc,phases   ] GC(443) Pause Mark End 0.542ms
[2026-06-17T10:23:04.069+0800][45.687s][info][gc,phases   ] GC(443) Concurrent Process Non-Strong References 0.168ms
[2026-06-17T10:23:04.069+0800][45.688s][info][gc,phases   ] GC(443) Concurrent Reset Relocation Set 0.004ms
[2026-06-17T10:23:04.069+0800][45.688s][info][gc,phases   ] GC(443) Concurrent Destroy Detached Pages 0.001ms
[2026-06-17T10:23:04.071+0800][45.689s][info][gc,phases   ] GC(443) Concurrent Select Relocation Set 0.876ms
[2026-06-17T10:23:04.071+0800][45.690s][info][gc,phases   ] GC(443) Concurrent Prepare Relocation Set 0.006ms
[2026-06-17T10:23:04.072+0800][45.690s][info][gc,phases   ] GC(443) Pause Relocate Start 0.203ms
[2026-06-17T10:23:04.074+0800][45.693s][info][gc,phases   ] GC(443) Concurrent Relocate 2.268ms
[2026-06-17T10:23:04.074+0800][45.693s][info][gc,load     ] GC(443) Load: 0.13/0.19/0.27
[2026-06-17T10:23:04.075+0800][45.693s][info][gc,mmu      ] GC(443) MMU: 2ms/0.0%, 5ms/43.3%, 10ms/66.9%, 20ms/83.5%, 50ms/93.4%, 100ms/96.6%
[2026-06-17T10:23:04.075+0800][45.694s][info][gc,marking  ] GC(443) Mark: 2 stripe(s), 1 proactive flush(es), 1 terminate flush(es), 0 completion(s), 0 continuation(s) 
[2026-06-17T10:23:04.075+0800][45.694s][info][gc,reloc    ] GC(443) Relocation: Successful, 29M relocated
[2026-06-17T10:23:04.075+0800][45.694s][info][gc,nmethod  ] GC(443) NMethods: 25 registered, 0 unregistered
[2026-06-17T10:23:04.075+0800][45.694s][info][gc,metaspace] GC(443) Metaspace: 3M used, 4M capacity, 4M committed, 8M reserved
[2026-06-17T10:23:04.075+0800][45.694s][info][gc,ref      ] GC(443) Soft: 43 encountered, 0 discovered, 0 enqueued
[2026-06-17T10:23:04.075+0800][45.694s][info][gc,ref      ] GC(443) Weak: 7 encountered, 0 discovered, 0 enqueued
[2026-06-17T10:23:04.076+0800][45.694s][info][gc,ref      ] GC(443) Final: 0 encountered, 0 discovered, 0 enqueued
[2026-06-17T10:23:04.076+0800][45.694s][info][gc,ref      ] GC(443) Phantom: 1 encountered, 1 discovered, 0 enqueued
[2026-06-17T10:23:04.076+0800][45.695s][info][gc,heap     ] GC(443)                Mark Start          Mark End        Relocate Start      Relocate End           High               Low         
[2026-06-17T10:23:04.076+0800][45.695s][info][gc,heap     ] GC(443)  Capacity:      256M (100%)        256M (100%)        256M (100%)        256M (100%)        256M (100%)        256M (100%)   
[2026-06-17T10:23:04.077+0800][45.695s][info][gc,heap     ] GC(443)   Reserve:       62M (24%)          62M (24%)          62M (24%)          62M (24%)          62M (24%)          62M (24%)    
[2026-06-17T10:23:04.077+0800][45.695s][info][gc,heap     ] GC(443)      Free:       86M (34%)          84M (33%)         110M (43%)         144M (56%)         144M (56%)          72M (28%)    
[2026-06-17T10:23:04.077+0800][45.695s][info][gc,heap     ] GC(443)      Used:      108M (42%)         110M (43%)          84M (33%)          50M (20%)         122M (48%)          50M (20%)    
[2026-06-17T10:23:04.077+0800][45.696s][info][gc,heap     ] GC(443)      Live:         -                31M (12%)          31M (12%)          31M (12%)            -                  -          
[2026-06-17T10:23:04.077+0800][45.696s][info][gc,heap     ] GC(443) Allocated:         -                 2M (1%)            4M (2%)           44M (17%)            -                  -          
[2026-06-17T10:23:04.077+0800][45.696s][info][gc,heap     ] GC(443)   Garbage:         -                76M (30%)          48M (19%)          14M (6%)             -                  -          
[2026-06-17T10:23:04.077+0800][45.696s][info][gc,heap     ] GC(443) Reclaimed:         -                  -                28M (11%)          62M (24%)            -                  -          
[2026-06-17T10:23:04.077+0800][45.696s][info][gc          ] GC(443) Garbage Collection (Allocation Rate) 108M(42%)->50M(20%)
[2026-06-17T10:23:04.163+0800][45.782s][info][gc,start    ] GC(444) Garbage Collection (Allocation Rate)
[2026-06-17T10:23:04.164+0800][45.783s][info][gc,phases   ] GC(444) Pause Mark Start 0.263ms
[2026-06-17T10:23:04.167+0800][45.786s][info][gc,phases   ] GC(444) Concurrent Mark 1.622ms
[2026-06-17T10:23:04.168+0800][45.787s][info][gc,phases   ] GC(444) Pause Mark End 0.403ms
[2026-06-17T10:23:04.171+0800][45.789s][info][gc,phases   ] GC(444) Concurrent Process Non-Strong References 0.155ms
[2026-06-17T10:23:04.174+0800][45.792s][info][gc,phases   ] GC(444) Concurrent Reset Relocation Set 0.004ms
[2026-06-17T10:23:04.174+0800][45.793s][info][gc,phases   ] GC(444) Concurrent Destroy Detached Pages 0.001ms
[2026-06-17T10:23:04.176+0800][45.795s][info][gc,phases   ] GC(444) Concurrent Select Relocation Set 0.808ms
[2026-06-17T10:23:04.177+0800][45.796s][info][gc,phases   ] GC(444) Concurrent Prepare Relocation Set 0.012ms
[2026-06-17T10:23:04.179+0800][45.798s][info][gc,phases   ] GC(444) Pause Relocate Start 0.251ms
[2026-06-17T10:23:04.180+0800][45.799s][info][gc,phases   ] GC(444) Concurrent Relocate 0.530ms
[2026-06-17T10:23:04.182+0800][45.801s][info][gc,load     ] GC(444) Load: 0.13/0.19/0.27
[2026-06-17T10:23:04.182+0800][45.801s][info][gc,mmu      ] GC(444) MMU: 2ms/0.0%, 5ms/43.3%, 10ms/66.9%, 20ms/83.5%, 50ms/93.4%, 100ms/96.6%
[2026-06-17T10:23:04.182+0800][45.801s][info][gc,marking  ] GC(444) Mark: 2 stripe(s), 1 proactive flush(es), 1 terminate flush(es), 0 completion(s), 0 continuation(s) 
[2026-06-17T10:23:04.183+0800][45.801s][info][gc,reloc    ] GC(444) Relocation: Successful, 23M relocated
[2026-06-17T10:23:04.183+0800][45.801s][info][gc,nmethod  ] GC(444) NMethods: 25 registered, 0 unregistered
[2026-06-17T10:23:04.183+0800][45.802s][info][gc,metaspace] GC(444) Metaspace: 3M used, 4M capacity, 4M committed, 8M reserved
[2026-06-17T10:23:04.183+0800][45.802s][info][gc,ref      ] GC(444) Soft: 43 encountered, 0 discovered, 0 enqueued
[2026-06-17T10:23:04.183+0800][45.802s][info][gc,ref      ] GC(444) Weak: 7 encountered, 2 discovered, 0 enqueued
[2026-06-17T10:23:04.183+0800][45.802s][info][gc,ref      ] GC(444) Final: 0 encountered, 0 discovered, 0 enqueued
[2026-06-17T10:23:04.184+0800][45.802s][info][gc,ref      ] GC(444) Phantom: 1 encountered, 1 discovered, 0 enqueued
[2026-06-17T10:23:04.184+0800][45.803s][info][gc,heap     ] GC(444)                Mark Start          Mark End        Relocate Start      Relocate End           High               Low         
[2026-06-17T10:23:04.184+0800][45.803s][info][gc,heap     ] GC(444)  Capacity:      256M (100%)        256M (100%)        256M (100%)        256M (100%)        256M (100%)        256M (100%)   
[2026-06-17T10:23:04.184+0800][45.803s][info][gc,heap     ] GC(444)   Reserve:       62M (24%)          62M (24%)          62M (24%)          62M (24%)          62M (24%)          62M (24%)    
[2026-06-17T10:23:04.184+0800][45.803s][info][gc,heap     ] GC(444)      Free:      110M (43%)         110M (43%)         136M (53%)         150M (59%)         150M (59%)         106M (41%)    
[2026-06-17T10:23:04.184+0800][45.803s][info][gc,heap     ] GC(444)      Used:       84M (33%)          84M (33%)          58M (23%)          44M (17%)          88M (34%)          44M (17%)    
[2026-06-17T10:23:04.184+0800][45.803s][info][gc,heap     ] GC(444)      Live:         -                23M (9%)           23M (9%)           23M (9%)             -                  -          
[2026-06-17T10:23:04.185+0800][45.803s][info][gc,heap     ] GC(444) Allocated:         -                 0M (0%)            4M (2%)           10M (4%)             -                  -          
[2026-06-17T10:23:04.185+0800][45.803s][info][gc,heap     ] GC(444)   Garbage:         -                60M (24%)          30M (12%)          16M (6%)             -                  -          
[2026-06-17T10:23:04.185+0800][45.804s][info][gc,heap     ] GC(444) Reclaimed:         -                  -                30M (12%)          44M (17%)            -                  -          
[2026-06-17T10:23:04.185+0800][45.804s][info][gc          ] GC(444) Garbage Collection (Allocation Rate) 84M(33%)->44M(17%)
[2026-06-17T10:23:04.263+0800][45.882s][info][gc,start    ] GC(445) Garbage Collection (Allocation Rate)
[2026-06-17T10:23:04.265+0800][45.883s][info][gc,phases   ] GC(445) Pause Mark Start 0.296ms
[2026-06-17T10:23:04.267+0800][45.886s][info][gc,phases   ] GC(445) Concurrent Mark 1.692ms
[2026-06-17T10:23:04.268+0800][45.887s][info][gc,phases   ] GC(445) Pause Mark End 0.379ms
[2026-06-17T10:23:04.268+0800][45.887s][info][gc,phases   ] GC(445) Concurrent Process Non-Strong References 0.165ms
[2026-06-17T10:23:04.268+0800][45.887s][info][gc,phases   ] GC(445) Concurrent Reset Relocation Set 0.003ms
[2026-06-17T10:23:04.269+0800][45.887s][info][gc,phases   ] GC(445) Concurrent Destroy Detached Pages 0.001ms
[2026-06-17T10:23:04.270+0800][45.888s][info][gc,phases   ] GC(445) Concurrent Select Relocation Set 0.717ms
[2026-06-17T10:23:04.270+0800][45.889s][info][gc,phases   ] GC(445) Concurrent Prepare Relocation Set 0.018ms
[2026-06-17T10:23:04.271+0800][45.890s][info][gc,phases   ] GC(445) Pause Relocate Start 0.147ms
[2026-06-17T10:23:04.273+0800][45.892s][info][gc,phases   ] GC(445) Concurrent Relocate 1.352ms
[2026-06-17T10:23:04.274+0800][45.892s][info][gc,load     ] GC(445) Load: 0.13/0.19/0.27
[2026-06-17T10:23:04.274+0800][45.893s][info][gc,mmu      ] GC(445) MMU: 2ms/0.0%, 5ms/43.3%, 10ms/66.9%, 20ms/83.5%, 50ms/93.4%, 100ms/96.6%
[2026-06-17T10:23:04.274+0800][45.893s][info][gc,marking  ] GC(445) Mark: 2 stripe(s), 1 proactive flush(es), 1 terminate flush(es), 0 completion(s), 0 continuation(s) 
[2026-06-17T10:23:04.274+0800][45.893s][info][gc,reloc    ] GC(445) Relocation: Successful, 19M relocated
[2026-06-17T10:23:04.275+0800][45.893s][info][gc,nmethod  ] GC(445) NMethods: 25 registered, 0 unregistered
[2026-06-17T10:23:04.275+0800][45.894s][info][gc,metaspace] GC(445) Metaspace: 3M used, 4M capacity, 4M committed, 8M reserved
[2026-06-17T10:23:04.275+0800][45.894s][info][gc,ref      ] GC(445) Soft: 43 encountered, 0 discovered, 0 enqueued
[2026-06-17T10:23:04.275+0800][45.894s][info][gc,ref      ] GC(445) Weak: 7 encountered, 2 discovered, 0 enqueued
[2026-06-17T10:23:04.275+0800][45.894s][info][gc,ref      ] GC(445) Final: 0 encountered, 0 discovered, 0 enqueued
[2026-06-17T10:23:04.275+0800][45.894s][info][gc,ref      ] GC(445) Phantom: 1 encountered, 1 discovered, 0 enqueued
[2026-06-17T10:23:04.275+0800][45.894s][info][gc,heap     ] GC(445)                Mark Start          Mark End        Relocate Start      Relocate End           High               Low         
[2026-06-17T10:23:04.275+0800][45.894s][info][gc,heap     ] GC(445)  Capacity:      256M (100%)        256M (100%)        256M (100%)        256M (100%)        256M (100%)        256M (100%)   
[2026-06-17T10:23:04.276+0800][45.894s][info][gc,heap     ] GC(445)   Reserve:       62M (24%)          62M (24%)          62M (24%)          62M (24%)          62M (24%)          62M (24%)    
[2026-06-17T10:23:04.276+0800][45.895s][info][gc,heap     ] GC(445)      Free:       86M (34%)          86M (34%)         112M (44%)         148M (58%)         148M (58%)          74M (29%)    
[2026-06-17T10:23:04.276+0800][45.895s][info][gc,heap     ] GC(445)      Used:      108M (42%)         108M (42%)          82M (32%)          46M (18%)         120M (47%)          46M (18%)    
[2026-06-17T10:23:04.276+0800][45.895s][info][gc,heap     ] GC(445)      Live:         -                19M (7%)           19M (7%)           19M (7%)             -                  -          
[2026-06-17T10:23:04.277+0800][45.895s][info][gc,heap     ] GC(445) Allocated:         -                 0M (0%)            4M (2%)           46M (18%)            -                  -          
[2026-06-17T10:23:04.277+0800][45.895s][info][gc,heap     ] GC(445)   Garbage:         -                88M (35%)          58M (23%)          22M (9%)             -                  -          
[2026-06-17T10:23:04.277+0800][45.895s][info][gc,heap     ] GC(445) Reclaimed:         -                  -                30M (12%)          66M (26%)            -                  -          
[2026-06-17T10:23:04.277+0800][45.896s][info][gc          ] GC(445) Garbage Collection (Allocation Rate) 108M(42%)->46M(18%)
[2026-06-17T10:23:04.364+0800][45.982s][info][gc,start    ] GC(446) Garbage Collection (Allocation Rate)
[2026-06-17T10:23:04.365+0800][45.984s][info][gc,phases   ] GC(446) Pause Mark Start 0.458ms
[2026-06-17T10:23:04.368+0800][45.987s][info][gc,phases   ] GC(446) Concurrent Mark 2.192ms
[2026-06-17T10:23:04.370+0800][45.989s][info][gc,phases   ] GC(446) Pause Mark End 0.763ms
[2026-06-17T10:23:04.371+0800][45.989s][info][gc,phases   ] GC(446) Concurrent Process Non-Strong References 0.239ms
[2026-06-17T10:23:04.371+0800][45.990s][info][gc,phases   ] GC(446) Concurrent Reset Relocation Set 0.004ms
[2026-06-17T10:23:04.371+0800][45.990s][info][gc,phases   ] GC(446) Concurrent Destroy Detached Pages 0.002ms
[2026-06-17T10:23:04.373+0800][45.992s][info][gc,phases   ] GC(446) Concurrent Select Relocation Set 1.483ms
[2026-06-17T10:23:04.373+0800][45.992s][info][gc,phases   ] GC(446) Concurrent Prepare Relocation Set 0.003ms
[2026-06-17T10:23:04.374+0800][45.993s][info][gc,phases   ] GC(446) Pause Relocate Start 0.234ms
[2026-06-17T10:23:04.375+0800][45.994s][info][gc,phases   ] GC(446) Concurrent Relocate 0.393ms
[2026-06-17T10:23:04.375+0800][45.994s][info][gc,load     ] GC(446) Load: 0.13/0.19/0.27
[2026-06-17T10:23:04.375+0800][45.994s][info][gc,mmu      ] GC(446) MMU: 2ms/0.0%, 5ms/43.3%, 10ms/66.9%, 20ms/83.5%, 50ms/93.4%, 100ms/96.6%
[2026-06-17T10:23:04.376+0800][45.994s][info][gc,marking  ] GC(446) Mark: 2 stripe(s), 1 proactive flush(es), 1 terminate flush(es), 0 completion(s), 0 continuation(s) 
[2026-06-17T10:23:04.376+0800][45.995s][info][gc,reloc    ] GC(446) Relocation: Successful, 22M relocated
[2026-06-17T10:23:04.376+0800][45.995s][info][gc,nmethod  ] GC(446) NMethods: 25 registered, 0 unregistered
[2026-06-17T10:23:04.376+0800][45.995s][info][gc,metaspace] GC(446) Metaspace: 3M used, 4M capacity, 4M committed, 8M reserved
[2026-06-17T10:23:04.376+0800][45.995s][info][gc,ref      ] GC(446) Soft: 43 encountered, 0 discovered, 0 enqueued
[2026-06-17T10:23:04.377+0800][45.995s][info][gc,ref      ] GC(446) Weak: 7 encountered, 2 discovered, 0 enqueued
[2026-06-17T10:23:04.377+0800][45.996s][info][gc,ref      ] GC(446) Final: 0 encountered, 0 discovered, 0 enqueued
[2026-06-17T10:23:04.377+0800][45.996s][info][gc,ref      ] GC(446) Phantom: 1 encountered, 1 discovered, 0 enqueued
[2026-06-17T10:23:04.377+0800][45.996s][info][gc,heap     ] GC(446)                Mark Start          Mark End        Relocate Start      Relocate End           High               Low         
[2026-06-17T10:23:04.377+0800][45.996s][info][gc,heap     ] GC(446)  Capacity:      256M (100%)        256M (100%)        256M (100%)        256M (100%)        256M (100%)        256M (100%)   
[2026-06-17T10:23:04.377+0800][45.996s][info][gc,heap     ] GC(446)   Reserve:       62M (24%)          62M (24%)          62M (24%)          62M (24%)          62M (24%)          62M (24%)    
[2026-06-17T10:23:04.378+0800][45.996s][info][gc,heap     ] GC(446)      Free:      112M (44%)         112M (44%)         142M (55%)         114M (45%)         146M (57%)         112M (44%)    
[2026-06-17T10:23:04.378+0800][45.996s][info][gc,heap     ] GC(446)      Used:       82M (32%)          82M (32%)          52M (20%)          80M (31%)          82M (32%)          48M (19%)    
[2026-06-17T10:23:04.378+0800][45.997s][info][gc,heap     ] GC(446)      Live:         -                25M (10%)          25M (10%)          25M (10%)            -                  -          
[2026-06-17T10:23:04.378+0800][45.997s][info][gc,heap     ] GC(446) Allocated:         -                 0M (0%)            0M (0%)           42M (16%)            -                  -          
[2026-06-17T10:23:04.378+0800][45.997s][info][gc,heap     ] GC(446)   Garbage:         -                56M (22%)          26M (10%)          16M (6%)             -                  -          
[2026-06-17T10:23:04.378+0800][45.997s][info][gc,heap     ] GC(446) Reclaimed:         -                  -                30M (12%)          40M (16%)            -                  -          
[2026-06-17T10:23:04.378+0800][45.997s][info][gc          ] GC(446) Garbage Collection (Allocation Rate) 82M(32%)->80M(31%)
[2026-06-17T10:23:04.463+0800][46.081s][info][gc,start    ] GC(447) Garbage Collection (Allocation Rate)
[2026-06-17T10:23:04.464+0800][46.083s][info][gc,phases   ] GC(447) Pause Mark Start 0.335ms
[2026-06-17T10:23:04.466+0800][46.085s][info][gc,phases   ] GC(447) Concurrent Mark 1.627ms
[2026-06-17T10:23:04.467+0800][46.086s][info][gc,phases   ] GC(447) Pause Mark End 0.557ms
[2026-06-17T10:23:04.468+0800][46.087s][info][gc,phases   ] GC(447) Concurrent Process Non-Strong References 0.193ms
[2026-06-17T10:23:04.468+0800][46.087s][info][gc,phases   ] GC(447) Concurrent Reset Relocation Set 0.003ms
[2026-06-17T10:23:04.469+0800][46.087s][info][gc,phases   ] GC(447) Concurrent Destroy Detached Pages 0.001ms
[2026-06-17T10:23:04.470+0800][46.089s][info][gc,phases   ] GC(447) Concurrent Select Relocation Set 1.134ms
[2026-06-17T10:23:04.470+0800][46.089s][info][gc,phases   ] GC(447) Concurrent Prepare Relocation Set 0.012ms
[2026-06-17T10:23:04.471+0800][46.090s][info][gc,phases   ] GC(447) Pause Relocate Start 0.207ms
[2026-06-17T10:23:04.473+0800][46.092s][info][gc,phases   ] GC(447) Concurrent Relocate 1.477ms
[2026-06-17T10:23:04.473+0800][46.092s][info][gc,load     ] GC(447) Load: 0.13/0.19/0.27
[2026-06-17T10:23:04.473+0800][46.092s][info][gc,mmu      ] GC(447) MMU: 2ms/0.0%, 5ms/43.3%, 10ms/66.9%, 20ms/83.5%, 50ms/93.4%, 100ms/96.6%
[2026-06-17T10:23:04.473+0800][46.092s][info][gc,marking  ] GC(447) Mark: 2 stripe(s), 1 proactive flush(es), 1 terminate flush(es), 0 completion(s), 0 continuation(s) 
[2026-06-17T10:23:04.474+0800][46.092s][info][gc,reloc    ] GC(447) Relocation: Successful, 18M relocated
[2026-06-17T10:23:04.474+0800][46.093s][info][gc,nmethod  ] GC(447) NMethods: 25 registered, 0 unregistered
[2026-06-17T10:23:04.476+0800][46.095s][info][gc,metaspace] GC(447) Metaspace: 3M used, 4M capacity, 4M committed, 8M reserved
[2026-06-17T10:23:04.477+0800][46.095s][info][gc,ref      ] GC(447) Soft: 43 encountered, 0 discovered, 0 enqueued
[2026-06-17T10:23:04.477+0800][46.096s][info][gc,ref      ] GC(447) Weak: 7 encountered, 2 discovered, 0 enqueued
[2026-06-17T10:23:04.478+0800][46.096s][info][gc,ref      ] GC(447) Final: 0 encountered, 0 discovered, 0 enqueued
[2026-06-17T10:23:04.479+0800][46.097s][info][gc,ref      ] GC(447) Phantom: 1 encountered, 1 discovered, 0 enqueued
[2026-06-17T10:23:04.479+0800][46.098s][info][gc,heap     ] GC(447)                Mark Start          Mark End        Relocate Start      Relocate End           High               Low         
[2026-06-17T10:23:04.482+0800][46.100s][info][gc,heap     ] GC(447)  Capacity:      256M (100%)        256M (100%)        256M (100%)        256M (100%)        256M (100%)        256M (100%)   
[2026-06-17T10:23:04.482+0800][46.101s][info][gc,heap     ] GC(447)   Reserve:       62M (24%)          62M (24%)          62M (24%)          62M (24%)          62M (24%)          62M (24%)    
[2026-06-17T10:23:04.483+0800][46.102s][info][gc,heap     ] GC(447)      Free:       86M (34%)          86M (34%)          78M (30%)         148M (58%)         148M (58%)          76M (30%)    
[2026-06-17T10:23:04.483+0800][46.102s][info][gc,heap     ] GC(447)      Used:      108M (42%)         108M (42%)         116M (45%)          46M (18%)         118M (46%)          46M (18%)    
[2026-06-17T10:23:04.484+0800][46.102s][info][gc,heap     ] GC(447)      Live:         -                21M (9%)           21M (9%)           21M (9%)             -                  -          
[2026-06-17T10:23:04.484+0800][46.103s][info][gc,heap     ] GC(447) Allocated:         -                 0M (0%)           36M (14%)          42M (16%)            -                  -          
[2026-06-17T10:23:04.484+0800][46.103s][info][gc,heap     ] GC(447)   Garbage:         -                86M (34%)          58M (23%)    17592186044404M (6         -                  -          
[2026-06-17T10:23:04.485+0800][46.103s][info][gc,heap     ] GC(447) Reclaimed:         -                  -                28M (11%)          98M (38%)            -                  -          
[2026-06-17T10:23:04.485+0800][46.104s][info][gc          ] GC(447) Garbage Collection (Allocation Rate) 108M(42%)->46M(18%)
[2026-06-17T10:23:04.563+0800][46.182s][info][gc,start    ] GC(448) Garbage Collection (Allocation Rate)
[2026-06-17T10:23:04.565+0800][46.183s][info][gc,phases   ] GC(448) Pause Mark Start 0.299ms
[2026-06-17T10:23:04.567+0800][46.185s][info][gc,phases   ] GC(448) Concurrent Mark 1.686ms
[2026-06-17T10:23:04.567+0800][46.186s][info][gc,phases   ] GC(448) Pause Mark End 0.353ms
[2026-06-17T10:23:04.568+0800][46.187s][info][gc,phases   ] GC(448) Concurrent Process Non-Strong References 0.102ms
[2026-06-17T10:23:04.568+0800][46.187s][info][gc,phases   ] GC(448) Concurrent Reset Relocation Set 0.002ms
[2026-06-17T10:23:04.568+0800][46.187s][info][gc,phases   ] GC(448) Concurrent Destroy Detached Pages 0.000ms
[2026-06-17T10:23:04.569+0800][46.188s][info][gc,phases   ] GC(448) Concurrent Select Relocation Set 0.495ms
[2026-06-17T10:23:04.569+0800][46.188s][info][gc,phases   ] GC(448) Concurrent Prepare Relocation Set 0.005ms
[2026-06-17T10:23:04.570+0800][46.189s][info][gc,phases   ] GC(448) Pause Relocate Start 0.124ms
[2026-06-17T10:23:04.570+0800][46.189s][info][gc,phases   ] GC(448) Concurrent Relocate 0.189ms
[2026-06-17T10:23:04.570+0800][46.189s][info][gc,load     ] GC(448) Load: 0.13/0.19/0.27
[2026-06-17T10:23:04.571+0800][46.189s][info][gc,mmu      ] GC(448) MMU: 2ms/0.0%, 5ms/43.3%, 10ms/66.9%, 20ms/83.5%, 50ms/93.4%, 100ms/96.6%
[2026-06-17T10:23:04.571+0800][46.189s][info][gc,marking  ] GC(448) Mark: 2 stripe(s), 1 proactive flush(es), 1 terminate flush(es), 0 completion(s), 0 continuation(s) 
[2026-06-17T10:23:04.571+0800][46.190s][info][gc,reloc    ] GC(448) Relocation: Successful, 22M relocated
[2026-06-17T10:23:04.571+0800][46.190s][info][gc,nmethod  ] GC(448) NMethods: 25 registered, 0 unregistered
[2026-06-17T10:23:04.571+0800][46.190s][info][gc,metaspace] GC(448) Metaspace: 3M used, 4M capacity, 4M committed, 8M reserved
[2026-06-17T10:23:04.571+0800][46.190s][info][gc,ref      ] GC(448) Soft: 43 encountered, 0 discovered, 0 enqueued
[2026-06-17T10:23:04.571+0800][46.190s][info][gc,ref      ] GC(448) Weak: 7 encountered, 2 discovered, 0 enqueued
[2026-06-17T10:23:04.571+0800][46.190s][info][gc,ref      ] GC(448) Final: 0 encountered, 0 discovered, 0 enqueued
[2026-06-17T10:23:04.571+0800][46.190s][info][gc,ref      ] GC(448) Phantom: 1 encountered, 1 discovered, 0 enqueued
[2026-06-17T10:23:04.572+0800][46.190s][info][gc,heap     ] GC(448)                Mark Start          Mark End        Relocate Start      Relocate End           High               Low         
[2026-06-17T10:23:04.572+0800][46.190s][info][gc,heap     ] GC(448)  Capacity:      256M (100%)        256M (100%)        256M (100%)        256M (100%)        256M (100%)        256M (100%)   
[2026-06-17T10:23:04.572+0800][46.190s][info][gc,heap     ] GC(448)   Reserve:       62M (24%)          62M (24%)          62M (24%)          62M (24%)          62M (24%)          62M (24%)    
[2026-06-17T10:23:04.572+0800][46.191s][info][gc,heap     ] GC(448)      Free:      114M (45%)         114M (45%)         142M (55%)         152M (59%)         152M (59%)         114M (45%)    
[2026-06-17T10:23:04.572+0800][46.191s][info][gc,heap     ] GC(448)      Used:       80M (31%)          80M (31%)          52M (20%)          42M (16%)          80M (31%)          42M (16%)    
[2026-06-17T10:23:04.572+0800][46.191s][info][gc,heap     ] GC(448)      Live:         -                22M (9%)           22M (9%)           22M (9%)             -                  -          
[2026-06-17T10:23:04.572+0800][46.191s][info][gc,heap     ] GC(448) Allocated:         -                 0M (0%)            0M (0%)            8M (3%)             -                  -          
[2026-06-17T10:23:04.572+0800][46.191s][info][gc,heap     ] GC(448)   Garbage:         -                57M (22%)          29M (12%)          19M (8%)             -                  -          
[2026-06-17T10:23:04.572+0800][46.191s][info][gc,heap     ] GC(448) Reclaimed:         -                  -                28M (11%)          38M (15%)            -                  -          
[2026-06-17T10:23:04.572+0800][46.191s][info][gc          ] GC(448) Garbage Collection (Allocation Rate) 80M(31%)->42M(16%)
[2026-06-17T10:23:04.664+0800][46.283s][info][gc,start    ] GC(449) Garbage Collection (Allocation Rate)
[2026-06-17T10:23:04.666+0800][46.285s][info][gc,phases   ] GC(449) Pause Mark Start 0.533ms
[2026-06-17T10:23:04.669+0800][46.288s][info][gc,phases   ] GC(449) Concurrent Mark 2.197ms
[2026-06-17T10:23:04.671+0800][46.290s][info][gc,phases   ] GC(449) Pause Mark End 0.912ms
[2026-06-17T10:23:04.673+0800][46.291s][info][gc,phases   ] GC(449) Concurrent Process Non-Strong References 0.399ms
[2026-06-17T10:23:04.673+0800][46.292s][info][gc,phases   ] GC(449) Concurrent Reset Relocation Set 0.006ms
[2026-06-17T10:23:04.674+0800][46.292s][info][gc,phases   ] GC(449) Concurrent Destroy Detached Pages 0.002ms
[2026-06-17T10:23:04.675+0800][46.294s][info][gc,phases   ] GC(449) Concurrent Select Relocation Set 1.409ms
[2026-06-17T10:23:04.676+0800][46.295s][info][gc,phases   ] GC(449) Concurrent Prepare Relocation Set 0.022ms
[2026-06-17T10:23:04.677+0800][46.296s][info][gc,phases   ] GC(449) Pause Relocate Start 0.234ms
[2026-06-17T10:23:04.680+0800][46.299s][info][gc,phases   ] GC(449) Concurrent Relocate 2.518ms
[2026-06-17T10:23:04.680+0800][46.299s][info][gc,load     ] GC(449) Load: 0.13/0.19/0.27
[2026-06-17T10:23:04.681+0800][46.299s][info][gc,mmu      ] GC(449) MMU: 2ms/0.0%, 5ms/43.3%, 10ms/66.9%, 20ms/83.5%, 50ms/93.4%, 100ms/96.6%
[2026-06-17T10:23:04.681+0800][46.300s][info][gc,marking  ] GC(449) Mark: 2 stripe(s), 1 proactive flush(es), 1 terminate flush(es), 0 completion(s), 0 continuation(s) 
[2026-06-17T10:23:04.681+0800][46.300s][info][gc,reloc    ] GC(449) Relocation: Successful, 28M relocated
[2026-06-17T10:23:04.681+0800][46.300s][info][gc,nmethod  ] GC(449) NMethods: 25 registered, 0 unregistered
[2026-06-17T10:23:04.681+0800][46.300s][info][gc,metaspace] GC(449) Metaspace: 3M used, 4M capacity, 4M committed, 8M reserved
[2026-06-17T10:23:04.681+0800][46.300s][info][gc,ref      ] GC(449) Soft: 43 encountered, 0 discovered, 0 enqueued
[2026-06-17T10:23:04.682+0800][46.300s][info][gc,ref      ] GC(449) Weak: 7 encountered, 2 discovered, 0 enqueued
[2026-06-17T10:23:04.682+0800][46.301s][info][gc,ref      ] GC(449) Final: 0 encountered, 0 discovered, 0 enqueued
[2026-06-17T10:23:04.682+0800][46.301s][info][gc,ref      ] GC(449) Phantom: 1 encountered, 1 discovered, 0 enqueued
[2026-06-17T10:23:04.683+0800][46.302s][info][gc,heap     ] GC(449)                Mark Start          Mark End        Relocate Start      Relocate End           High               Low         
[2026-06-17T10:23:04.683+0800][46.302s][info][gc,heap     ] GC(449)  Capacity:      256M (100%)        256M (100%)        256M (100%)        256M (100%)        256M (100%)        256M (100%)   
[2026-06-17T10:23:04.683+0800][46.302s][info][gc,heap     ] GC(449)   Reserve:       62M (24%)          62M (24%)          62M (24%)          62M (24%)          62M (24%)          62M (24%)    
[2026-06-17T10:23:04.683+0800][46.302s][info][gc,heap     ] GC(449)      Free:       86M (34%)          86M (34%)         108M (42%)         150M (59%)         150M (59%)          74M (29%)    
[2026-06-17T10:23:04.683+0800][46.302s][info][gc,heap     ] GC(449)      Used:      108M (42%)         108M (42%)          86M (34%)          44M (17%)         120M (47%)          44M (17%)    
[2026-06-17T10:23:04.684+0800][46.302s][info][gc,heap     ] GC(449)      Live:         -                28M (11%)          28M (11%)          28M (11%)            -                  -          
[2026-06-17T10:23:04.684+0800][46.302s][info][gc,heap     ] GC(449) Allocated:         -                 0M (0%)            4M (2%)           42M (16%)            -                  -          
[2026-06-17T10:23:04.684+0800][46.302s][info][gc,heap     ] GC(449)   Garbage:         -                79M (31%)          53M (21%)          11M (5%)             -                  -          
[2026-06-17T10:23:04.684+0800][46.303s][info][gc,heap     ] GC(449) Reclaimed:         -                  -                26M (10%)          68M (27%)            -                  -          
[2026-06-17T10:23:04.684+0800][46.303s][info][gc          ] GC(449) Garbage Collection (Allocation Rate) 108M(42%)->44M(17%)
[2026-06-17T10:23:04.763+0800][46.382s][info][gc,start    ] GC(450) Garbage Collection (Allocation Rate)
[2026-06-17T10:23:04.765+0800][46.384s][info][gc,phases   ] GC(450) Pause Mark Start 0.494ms
[2026-06-17T10:23:04.768+0800][46.387s][info][gc,phases   ] GC(450) Concurrent Mark 2.140ms
[2026-06-17T10:23:04.769+0800][46.388s][info][gc,phases   ] GC(450) Pause Mark End 0.543ms
[2026-06-17T10:23:04.770+0800][46.389s][info][gc,phases   ] GC(450) Concurrent Process Non-Strong References 0.201ms
[2026-06-17T10:23:04.770+0800][46.389s][info][gc,phases   ] GC(450) Concurrent Reset Relocation Set 0.004ms
[2026-06-17T10:23:04.771+0800][46.390s][info][gc,phases   ] GC(450) Concurrent Destroy Detached Pages 0.002ms
[2026-06-17T10:23:04.772+0800][46.391s][info][gc,phases   ] GC(450) Concurrent Select Relocation Set 0.933ms
[2026-06-17T10:23:04.773+0800][46.391s][info][gc,phases   ] GC(450) Concurrent Prepare Relocation Set 0.012ms
[2026-06-17T10:23:04.773+0800][46.392s][info][gc,phases   ] GC(450) Pause Relocate Start 0.184ms
[2026-06-17T10:23:04.774+0800][46.393s][info][gc,phases   ] GC(450) Concurrent Relocate 0.323ms
[2026-06-17T10:23:04.774+0800][46.393s][info][gc,load     ] GC(450) Load: 0.13/0.19/0.27
[2026-06-17T10:23:04.774+0800][46.393s][info][gc,mmu      ] GC(450) MMU: 2ms/0.0%, 5ms/43.3%, 10ms/66.9%, 20ms/83.5%, 50ms/93.4%, 100ms/96.6%
[2026-06-17T10:23:04.775+0800][46.393s][info][gc,marking  ] GC(450) Mark: 2 stripe(s), 1 proactive flush(es), 1 terminate flush(es), 0 completion(s), 0 continuation(s) 
[2026-06-17T10:23:04.775+0800][46.394s][info][gc,reloc    ] GC(450) Relocation: Successful, 23M relocated
[2026-06-17T10:23:04.775+0800][46.394s][info][gc,nmethod  ] GC(450) NMethods: 25 registered, 0 unregistered
[2026-06-17T10:23:04.775+0800][46.394s][info][gc,metaspace] GC(450) Metaspace: 3M used, 4M capacity, 4M committed, 8M reserved
[2026-06-17T10:23:04.775+0800][46.394s][info][gc,ref      ] GC(450) Soft: 43 encountered, 0 discovered, 0 enqueued
[2026-06-17T10:23:04.775+0800][46.394s][info][gc,ref      ] GC(450) Weak: 7 encountered, 0 discovered, 0 enqueued
[2026-06-17T10:23:04.776+0800][46.394s][info][gc,ref      ] GC(450) Final: 0 encountered, 0 discovered, 0 enqueued
[2026-06-17T10:23:04.776+0800][46.394s][info][gc,ref      ] GC(450) Phantom: 1 encountered, 1 discovered, 0 enqueued
[2026-06-17T10:23:04.776+0800][46.395s][info][gc,heap     ] GC(450)                Mark Start          Mark End        Relocate Start      Relocate End           High               Low         
[2026-06-17T10:23:04.776+0800][46.395s][info][gc,heap     ] GC(450)  Capacity:      256M (100%)        256M (100%)        256M (100%)        256M (100%)        256M (100%)        256M (100%)   
[2026-06-17T10:23:04.776+0800][46.395s][info][gc,heap     ] GC(450)   Reserve:       62M (24%)          62M (24%)          62M (24%)          62M (24%)          62M (24%)          62M (24%)    
[2026-06-17T10:23:04.776+0800][46.395s][info][gc,heap     ] GC(450)      Free:      118M (46%)         118M (46%)         144M (56%)         150M (59%)         150M (59%)         114M (45%)    
[2026-06-17T10:23:04.776+0800][46.395s][info][gc,heap     ] GC(450)      Used:       76M (30%)          76M (30%)          50M (20%)          44M (17%)          80M (31%)          44M (17%)    
[2026-06-17T10:23:04.776+0800][46.395s][info][gc,heap     ] GC(450)      Live:         -                25M (10%)          25M (10%)          25M (10%)            -                  -          
[2026-06-17T10:23:04.776+0800][46.395s][info][gc,heap     ] GC(450) Allocated:         -                 0M (0%)            4M (2%)           10M (4%)             -                  -          
[2026-06-17T10:23:04.777+0800][46.395s][info][gc,heap     ] GC(450)   Garbage:         -                50M (20%)          20M (8%)           14M (6%)             -                  -          
[2026-06-17T10:23:04.777+0800][46.395s][info][gc,heap     ] GC(450) Reclaimed:         -                  -                30M (12%)          36M (14%)            -                  -          
[2026-06-17T10:23:04.777+0800][46.395s][info][gc          ] GC(450) Garbage Collection (Allocation Rate) 76M(30%)->44M(17%)
[2026-06-17T10:23:04.863+0800][46.482s][info][gc,start    ] GC(451) Garbage Collection (Allocation Rate)
[2026-06-17T10:23:04.866+0800][46.485s][info][gc,phases   ] GC(451) Pause Mark Start 0.194ms
[2026-06-17T10:23:04.892+0800][46.510s][info][gc,phases   ] GC(451) Concurrent Mark 2.145ms
[2026-06-17T10:23:04.895+0800][46.513s][info][gc,phases   ] GC(451) Pause Mark End 0.289ms
[2026-06-17T10:23:04.898+0800][46.516s][info][gc,phases   ] GC(451) Concurrent Process Non-Strong References 0.169ms
[2026-06-17T10:23:04.899+0800][46.518s][info][gc,phases   ] GC(451) Concurrent Reset Relocation Set 0.003ms
[2026-06-17T10:23:04.901+0800][46.520s][info][gc,phases   ] GC(451) Concurrent Destroy Detached Pages 0.003ms
[2026-06-17T10:23:04.905+0800][46.524s][info][gc,phases   ] GC(451) Concurrent Select Relocation Set 1.721ms
[2026-06-17T10:23:04.907+0800][46.526s][info][gc,phases   ] GC(451) Concurrent Prepare Relocation Set 0.021ms
[2026-06-17T10:23:04.909+0800][46.528s][info][gc,phases   ] GC(451) Pause Relocate Start 0.369ms
[2026-06-17T10:23:04.913+0800][46.532s][info][gc,phases   ] GC(451) Concurrent Relocate 2.533ms
[2026-06-17T10:23:04.915+0800][46.533s][info][gc,load     ] GC(451) Load: 0.13/0.19/0.27
[2026-06-17T10:23:04.918+0800][46.537s][info][gc,mmu      ] GC(451) MMU: 2ms/0.0%, 5ms/43.3%, 10ms/66.9%, 20ms/83.5%, 50ms/93.4%, 100ms/96.6%
[2026-06-17T10:23:04.920+0800][46.539s][info][gc,marking  ] GC(451) Mark: 2 stripe(s), 2 proactive flush(es), 1 terminate flush(es), 0 completion(s), 0 continuation(s) 
[2026-06-17T10:23:04.921+0800][46.540s][info][gc,reloc    ] GC(451) Relocation: Successful, 27M relocated
[2026-06-17T10:23:04.922+0800][46.541s][info][gc,nmethod  ] GC(451) NMethods: 25 registered, 0 unregistered
[2026-06-17T10:23:04.925+0800][46.544s][info][gc,metaspace] GC(451) Metaspace: 3M used, 4M capacity, 4M committed, 8M reserved
[2026-06-17T10:23:04.926+0800][46.545s][info][gc,ref      ] GC(451) Soft: 43 encountered, 0 discovered, 0 enqueued
[2026-06-17T10:23:04.928+0800][46.547s][info][gc,ref      ] GC(451) Weak: 7 encountered, 0 discovered, 0 enqueued
[2026-06-17T10:23:04.940+0800][46.559s][info][gc,ref      ] GC(451) Final: 0 encountered, 0 discovered, 0 enqueued
[2026-06-17T10:23:04.962+0800][46.581s][info][gc,ref      ] GC(451) Phantom: 1 encountered, 1 discovered, 0 enqueued
[2026-06-17T10:23:04.965+0800][46.583s][info][gc,heap     ] GC(451)                Mark Start          Mark End        Relocate Start      Relocate End           High               Low         
[2026-06-17T10:23:04.966+0800][46.585s][info][gc,heap     ] GC(451)  Capacity:      256M (100%)        256M (100%)        256M (100%)        256M (100%)        256M (100%)        256M (100%)   
[2026-06-17T10:23:04.967+0800][46.586s][info][gc,heap     ] GC(451)   Reserve:       62M (24%)          62M (24%)          62M (24%)          62M (24%)          62M (24%)          62M (24%)    
[2026-06-17T10:23:04.969+0800][46.587s][info][gc,heap     ] GC(451)      Free:       86M (34%)          50M (20%)          74M (29%)         136M (53%)         136M (53%)          46M (18%)    
[2026-06-17T10:23:04.970+0800][46.589s][info][gc,heap     ] GC(451)      Used:      108M (42%)         144M (56%)         120M (47%)          58M (23%)         148M (58%)          58M (23%)    
[2026-06-17T10:23:04.972+0800][46.591s][info][gc,heap     ] GC(451)      Live:         -                30M (12%)          30M (12%)          30M (12%)            -                  -          
[2026-06-17T10:23:04.975+0800][46.594s][info][gc,heap     ] GC(451) Allocated:         -                36M (14%)          40M (16%)          50M (20%)            -                  -          
[2026-06-17T10:23:04.977+0800][46.596s][info][gc,heap     ] GC(451)   Garbage:         -                77M (30%)          49M (19%)    17592186044399M (6         -                  -          
[2026-06-17T10:23:04.978+0800][46.597s][info][gc,heap     ] GC(451) Reclaimed:         -                  -                28M (11%)          94M (37%)            -                  -          
[2026-06-17T10:23:04.980+0800][46.599s][info][gc          ] GC(451) Garbage Collection (Allocation Rate) 108M(42%)->58M(23%)
[2026-06-17T10:23:05.063+0800][46.682s][info][gc,start    ] GC(452) Garbage Collection (Allocation Rate)
[2026-06-17T10:23:05.065+0800][46.684s][info][gc,phases   ] GC(452) Pause Mark Start 0.174ms
[2026-06-17T10:23:05.074+0800][46.693s][info][gc,phases   ] GC(452) Concurrent Mark 1.849ms
[2026-06-17T10:23:05.076+0800][46.694s][info][gc,phases   ] GC(452) Pause Mark End 0.414ms
[2026-06-17T10:23:05.081+0800][46.699s][info][gc,phases   ] GC(452) Concurrent Process Non-Strong References 0.317ms
[2026-06-17T10:23:05.087+0800][46.705s][info][gc,phases   ] GC(452) Concurrent Reset Relocation Set 0.002ms
[2026-06-17T10:23:05.088+0800][46.707s][info][gc,phases   ] GC(452) Concurrent Destroy Detached Pages 0.001ms
[2026-06-17T10:23:05.092+0800][46.711s][info][gc,phases   ] GC(452) Concurrent Select Relocation Set 1.458ms
[2026-06-17T10:23:05.094+0800][46.713s][info][gc,phases   ] GC(452) Concurrent Prepare Relocation Set 0.012ms
[2026-06-17T10:23:05.096+0800][46.714s][info][gc,phases   ] GC(452) Pause Relocate Start 0.213ms
[2026-06-17T10:23:05.097+0800][46.716s][info][gc,phases   ] GC(452) Concurrent Relocate 0.296ms
[2026-06-17T10:23:05.098+0800][46.717s][info][gc,load     ] GC(452) Load: 0.13/0.19/0.27
[2026-06-17T10:23:05.100+0800][46.718s][info][gc,mmu      ] GC(452) MMU: 2ms/0.0%, 5ms/43.3%, 10ms/66.9%, 20ms/83.5%, 50ms/93.4%, 100ms/96.6%
[2026-06-17T10:23:05.102+0800][46.720s][info][gc,marking  ] GC(452) Mark: 2 stripe(s), 1 proactive flush(es), 1 terminate flush(es), 0 completion(s), 0 continuation(s) 
[2026-06-17T10:23:05.103+0800][46.722s][info][gc,reloc    ] GC(452) Relocation: Successful, 6M relocated
[2026-06-17T10:23:05.105+0800][46.724s][info][gc,nmethod  ] GC(452) NMethods: 25 registered, 0 unregistered
[2026-06-17T10:23:05.107+0800][46.726s][info][gc,metaspace] GC(452) Metaspace: 3M used, 4M capacity, 4M committed, 8M reserved
[2026-06-17T10:23:05.108+0800][46.727s][info][gc,ref      ] GC(452) Soft: 43 encountered, 0 discovered, 0 enqueued
[2026-06-17T10:23:05.109+0800][46.728s][info][gc,ref      ] GC(452) Weak: 7 encountered, 0 discovered, 0 enqueued
[2026-06-17T10:23:05.111+0800][46.729s][info][gc,ref      ] GC(452) Final: 0 encountered, 0 discovered, 0 enqueued
[2026-06-17T10:23:05.111+0800][46.730s][info][gc,ref      ] GC(452) Phantom: 1 encountered, 1 discovered, 0 enqueued
[2026-06-17T10:23:05.113+0800][46.732s][info][gc,heap     ] GC(452)                Mark Start          Mark End        Relocate Start      Relocate End           High               Low         
[2026-06-17T10:23:05.114+0800][46.733s][info][gc,heap     ] GC(452)  Capacity:      256M (100%)        256M (100%)        256M (100%)        256M (100%)        256M (100%)        256M (100%)   
[2026-06-17T10:23:05.115+0800][46.733s][info][gc,heap     ] GC(452)   Reserve:       62M (24%)          62M (24%)          62M (24%)          62M (24%)          62M (24%)          62M (24%)    
[2026-06-17T10:23:05.115+0800][46.734s][info][gc,heap     ] GC(452)      Free:       82M (32%)          44M (17%)          96M (38%)         110M (43%)         110M (43%)          44M (17%)    
[2026-06-17T10:23:05.116+0800][46.735s][info][gc,heap     ] GC(452)      Used:      112M (44%)         150M (59%)          98M (38%)          84M (33%)         150M (59%)          84M (33%)    
[2026-06-17T10:23:05.117+0800][46.736s][info][gc,heap     ] GC(452)      Live:         -                32M (13%)          32M (13%)          32M (13%)            -                  -          
[2026-06-17T10:23:05.117+0800][46.736s][info][gc,heap     ] GC(452) Allocated:         -                38M (15%)          40M (16%)          46M (18%)            -                  -          
[2026-06-17T10:23:05.118+0800][46.737s][info][gc,heap     ] GC(452)   Garbage:         -                79M (31%)          25M (10%)          11M (5%)             -                  -          
[2026-06-17T10:23:05.119+0800][46.738s][info][gc,heap     ] GC(452) Reclaimed:         -                  -                54M (21%)          68M (27%)            -                  -          
[2026-06-17T10:23:05.120+0800][46.738s][info][gc          ] GC(452) Garbage Collection (Allocation Rate) 112M(44%)->84M(33%)
[2026-06-17T10:23:05.163+0800][46.782s][info][gc,start    ] GC(453) Garbage Collection (Allocation Rate)
[2026-06-17T10:23:05.165+0800][46.783s][info][gc,phases   ] GC(453) Pause Mark Start 0.393ms
[2026-06-17T10:23:05.167+0800][46.786s][info][gc,phases   ] GC(453) Concurrent Mark 2.117ms
[2026-06-17T10:23:05.169+0800][46.788s][info][gc,phases   ] GC(453) Pause Mark End 0.726ms
[2026-06-17T10:23:05.170+0800][46.788s][info][gc,phases   ] GC(453) Concurrent Process Non-Strong References 0.237ms
[2026-06-17T10:23:05.170+0800][46.789s][info][gc,phases   ] GC(453) Concurrent Reset Relocation Set 0.005ms
[2026-06-17T10:23:05.170+0800][46.789s][info][gc,phases   ] GC(453) Concurrent Destroy Detached Pages 0.002ms
[2026-06-17T10:23:05.172+0800][46.791s][info][gc,phases   ] GC(453) Concurrent Select Relocation Set 1.438ms
[2026-06-17T10:23:05.173+0800][46.791s][info][gc,phases   ] GC(453) Concurrent Prepare Relocation Set 0.018ms
[2026-06-17T10:23:05.174+0800][46.793s][info][gc,phases   ] GC(453) Pause Relocate Start 0.420ms
[2026-06-17T10:23:05.176+0800][46.795s][info][gc,phases   ] GC(453) Concurrent Relocate 2.032ms
[2026-06-17T10:23:05.177+0800][46.795s][info][gc,load     ] GC(453) Load: 0.13/0.19/0.27
[2026-06-17T10:23:05.177+0800][46.796s][info][gc,mmu      ] GC(453) MMU: 2ms/0.0%, 5ms/43.3%, 10ms/66.9%, 20ms/83.5%, 50ms/93.4%, 100ms/96.6%
[2026-06-17T10:23:05.177+0800][46.796s][info][gc,marking  ] GC(453) Mark: 2 stripe(s), 2 proactive flush(es), 1 terminate flush(es), 0 completion(s), 0 continuation(s) 
[2026-06-17T10:23:05.177+0800][46.796s][info][gc,reloc    ] GC(453) Relocation: Successful, 23M relocated
[2026-06-17T10:23:05.177+0800][46.796s][info][gc,nmethod  ] GC(453) NMethods: 25 registered, 0 unregistered
[2026-06-17T10:23:05.178+0800][46.796s][info][gc,metaspace] GC(453) Metaspace: 3M used, 4M capacity, 4M committed, 8M reserved
[2026-06-17T10:23:05.178+0800][46.796s][info][gc,ref      ] GC(453) Soft: 43 encountered, 0 discovered, 0 enqueued
[2026-06-17T10:23:05.178+0800][46.797s][info][gc,ref      ] GC(453) Weak: 7 encountered, 0 discovered, 0 enqueued
[2026-06-17T10:23:05.178+0800][46.797s][info][gc,ref      ] GC(453) Final: 0 encountered, 0 discovered, 0 enqueued
[2026-06-17T10:23:05.178+0800][46.797s][info][gc,ref      ] GC(453) Phantom: 1 encountered, 1 discovered, 0 enqueued
[2026-06-17T10:23:05.179+0800][46.797s][info][gc,heap     ] GC(453)                Mark Start          Mark End        Relocate Start      Relocate End           High               Low         
[2026-06-17T10:23:05.179+0800][46.798s][info][gc,heap     ] GC(453)  Capacity:      256M (100%)        256M (100%)        256M (100%)        256M (100%)        256M (100%)        256M (100%)   
[2026-06-17T10:23:05.179+0800][46.798s][info][gc,heap     ] GC(453)   Reserve:       62M (24%)          62M (24%)          62M (24%)          62M (24%)          62M (24%)          62M (24%)    
[2026-06-17T10:23:05.179+0800][46.798s][info][gc,heap     ] GC(453)      Free:       86M (34%)          82M (32%)         106M (41%)         140M (55%)         140M (55%)          68M (27%)    
[2026-06-17T10:23:05.179+0800][46.798s][info][gc,heap     ] GC(453)      Used:      108M (42%)         112M (44%)          88M (34%)          54M (21%)         126M (49%)          54M (21%)    
[2026-06-17T10:23:05.179+0800][46.798s][info][gc,heap     ] GC(453)      Live:         -                23M (9%)           23M (9%)           23M (9%)             -                  -          
[2026-06-17T10:23:05.179+0800][46.798s][info][gc,heap     ] GC(453) Allocated:         -                 4M (2%)            4M (2%)           50M (20%)            -                  -          
[2026-06-17T10:23:05.180+0800][46.798s][info][gc,heap     ] GC(453)   Garbage:         -                84M (33%)          60M (24%)          20M (8%)             -                  -          
[2026-06-17T10:23:05.180+0800][46.798s][info][gc,heap     ] GC(453) Reclaimed:         -                  -                24M (9%)           64M (25%)            -                  -          
[2026-06-17T10:23:05.180+0800][46.799s][info][gc          ] GC(453) Garbage Collection (Allocation Rate) 108M(42%)->54M(21%)
[2026-06-17T10:23:05.264+0800][46.882s][info][gc,start    ] GC(454) Garbage Collection (Allocation Rate)
[2026-06-17T10:23:05.266+0800][46.885s][info][gc,phases   ] GC(454) Pause Mark Start 0.701ms
[2026-06-17T10:23:05.269+0800][46.888s][info][gc,phases   ] GC(454) Concurrent Mark 2.260ms
[2026-06-17T10:23:05.271+0800][46.890s][info][gc,phases   ] GC(454) Pause Mark End 0.929ms
[2026-06-17T10:23:05.272+0800][46.891s][info][gc,phases   ] GC(454) Concurrent Process Non-Strong References 0.449ms
[2026-06-17T10:23:05.273+0800][46.892s][info][gc,phases   ] GC(454) Concurrent Reset Relocation Set 0.006ms
[2026-06-17T10:23:05.274+0800][46.892s][info][gc,phases   ] GC(454) Concurrent Destroy Detached Pages 0.002ms
[2026-06-17T10:23:05.276+0800][46.894s][info][gc,phases   ] GC(454) Concurrent Select Relocation Set 1.259ms
[2026-06-17T10:23:05.276+0800][46.895s][info][gc,phases   ] GC(454) Concurrent Prepare Relocation Set 0.012ms
[2026-06-17T10:23:05.277+0800][46.896s][info][gc,phases   ] GC(454) Pause Relocate Start 0.274ms
[2026-06-17T10:23:05.280+0800][46.899s][info][gc,phases   ] GC(454) Concurrent Relocate 0.320ms
[2026-06-17T10:23:05.281+0800][46.900s][info][gc,load     ] GC(454) Load: 0.13/0.19/0.27
[2026-06-17T10:23:05.281+0800][46.900s][info][gc,mmu      ] GC(454) MMU: 2ms/0.0%, 5ms/43.3%, 10ms/66.9%, 20ms/83.5%, 50ms/93.4%, 100ms/96.6%
[2026-06-17T10:23:05.282+0800][46.901s][info][gc,marking  ] GC(454) Mark: 2 stripe(s), 1 proactive flush(es), 1 terminate flush(es), 0 completion(s), 0 continuation(s) 
[2026-06-17T10:23:05.282+0800][46.901s][info][gc,reloc    ] GC(454) Relocation: Successful, 19M relocated
[2026-06-17T10:23:05.283+0800][46.902s][info][gc,nmethod  ] GC(454) NMethods: 25 registered, 0 unregistered
[2026-06-17T10:23:05.283+0800][46.902s][info][gc,metaspace] GC(454) Metaspace: 3M used, 4M capacity, 4M committed, 8M reserved
[2026-06-17T10:23:05.283+0800][46.902s][info][gc,ref      ] GC(454) Soft: 43 encountered, 0 discovered, 0 enqueued
[2026-06-17T10:23:05.284+0800][46.902s][info][gc,ref      ] GC(454) Weak: 7 encountered, 2 discovered, 0 enqueued
[2026-06-17T10:23:05.284+0800][46.903s][info][gc,ref      ] GC(454) Final: 0 encountered, 0 discovered, 0 enqueued
[2026-06-17T10:23:05.284+0800][46.903s][info][gc,ref      ] GC(454) Phantom: 1 encountered, 1 discovered, 0 enqueued
[2026-06-17T10:23:05.284+0800][46.903s][info][gc,heap     ] GC(454)                Mark Start          Mark End        Relocate Start      Relocate End           High               Low         
[2026-06-17T10:23:05.284+0800][46.903s][info][gc,heap     ] GC(454)  Capacity:      256M (100%)        256M (100%)        256M (100%)        256M (100%)        256M (100%)        256M (100%)   
[2026-06-17T10:23:05.285+0800][46.903s][info][gc,heap     ] GC(454)   Reserve:       62M (24%)          62M (24%)          62M (24%)          62M (24%)          62M (24%)          62M (24%)    
[2026-06-17T10:23:05.285+0800][46.904s][info][gc,heap     ] GC(454)      Free:      112M (44%)         112M (44%)         104M (41%)         116M (45%)         116M (45%)          76M (30%)    
[2026-06-17T10:23:05.285+0800][46.904s][info][gc,heap     ] GC(454)      Used:       82M (32%)          82M (32%)          90M (35%)          78M (30%)         118M (46%)          78M (30%)    
[2026-06-17T10:23:05.285+0800][46.904s][info][gc,heap     ] GC(454)      Live:         -                21M (8%)           21M (8%)           21M (8%)             -                  -          
[2026-06-17T10:23:05.285+0800][46.904s][info][gc,heap     ] GC(454) Allocated:         -                 0M (0%)           36M (14%)          42M (16%)            -                  -          
[2026-06-17T10:23:05.285+0800][46.904s][info][gc,heap     ] GC(454)   Garbage:         -                60M (24%)          32M (13%)          20M (8%)             -                  -          
[2026-06-17T10:23:05.286+0800][46.904s][info][gc,heap     ] GC(454) Reclaimed:         -                  -                28M (11%)          40M (16%)            -                  -          
[2026-06-17T10:23:05.286+0800][46.904s][info][gc          ] GC(454) Garbage Collection (Allocation Rate) 82M(32%)->78M(30%)
[2026-06-17T10:23:05.363+0800][46.981s][info][gc,start    ] GC(455) Garbage Collection (Allocation Rate)
[2026-06-17T10:23:05.364+0800][46.982s][info][gc,phases   ] GC(455) Pause Mark Start 0.263ms
[2026-06-17T10:23:05.366+0800][46.984s][info][gc,phases   ] GC(455) Concurrent Mark 1.606ms
[2026-06-17T10:23:05.367+0800][46.986s][info][gc,phases   ] GC(455) Pause Mark End 0.545ms
[2026-06-17T10:23:05.367+0800][46.986s][info][gc,phases   ] GC(455) Concurrent Process Non-Strong References 0.137ms
[2026-06-17T10:23:05.367+0800][46.986s][info][gc,phases   ] GC(455) Concurrent Reset Relocation Set 0.003ms
[2026-06-17T10:23:05.368+0800][46.986s][info][gc,phases   ] GC(455) Concurrent Destroy Detached Pages 0.001ms
[2026-06-17T10:23:05.369+0800][46.987s][info][gc,phases   ] GC(455) Concurrent Select Relocation Set 0.730ms
[2026-06-17T10:23:05.369+0800][46.988s][info][gc,phases   ] GC(455) Concurrent Prepare Relocation Set 0.007ms
[2026-06-17T10:23:05.369+0800][46.988s][info][gc,phases   ] GC(455) Pause Relocate Start 0.183ms
[2026-06-17T10:23:05.372+0800][46.991s][info][gc,phases   ] GC(455) Concurrent Relocate 2.160ms
[2026-06-17T10:23:05.373+0800][46.991s][info][gc,load     ] GC(455) Load: 0.13/0.19/0.27
[2026-06-17T10:23:05.373+0800][46.992s][info][gc,mmu      ] GC(455) MMU: 2ms/0.0%, 5ms/43.3%, 10ms/66.9%, 20ms/83.5%, 50ms/93.4%, 100ms/96.6%
[2026-06-17T10:23:05.374+0800][46.993s][info][gc,marking  ] GC(455) Mark: 2 stripe(s), 1 proactive flush(es), 1 terminate flush(es), 0 completion(s), 0 continuation(s) 
[2026-06-17T10:23:05.374+0800][46.993s][info][gc,reloc    ] GC(455) Relocation: Successful, 26M relocated
[2026-06-17T10:23:05.376+0800][46.994s][info][gc,nmethod  ] GC(455) NMethods: 25 registered, 0 unregistered
[2026-06-17T10:23:05.377+0800][46.995s][info][gc,metaspace] GC(455) Metaspace: 3M used, 4M capacity, 4M committed, 8M reserved
[2026-06-17T10:23:05.378+0800][46.996s][info][gc,ref      ] GC(455) Soft: 43 encountered, 0 discovered, 0 enqueued
[2026-06-17T10:23:05.379+0800][46.998s][info][gc,ref      ] GC(455) Weak: 7 encountered, 2 discovered, 0 enqueued
[2026-06-17T10:23:05.380+0800][46.998s][info][gc,ref      ] GC(455) Final: 0 encountered, 0 discovered, 0 enqueued
[2026-06-17T10:23:05.380+0800][46.999s][info][gc,ref      ] GC(455) Phantom: 1 encountered, 1 discovered, 0 enqueued
[2026-06-17T10:23:05.381+0800][47.000s][info][gc,heap     ] GC(455)                Mark Start          Mark End        Relocate Start      Relocate End           High               Low         
[2026-06-17T10:23:05.382+0800][47.001s][info][gc,heap     ] GC(455)  Capacity:      256M (100%)        256M (100%)        256M (100%)        256M (100%)        256M (100%)        256M (100%)   
[2026-06-17T10:23:05.383+0800][47.002s][info][gc,heap     ] GC(455)   Reserve:       62M (24%)          62M (24%)          62M (24%)          62M (24%)          62M (24%)          62M (24%)    
[2026-06-17T10:23:05.383+0800][47.002s][info][gc,heap     ] GC(455)      Free:       84M (33%)          84M (33%)         112M (44%)         144M (56%)         144M (56%)          70M (27%)    
[2026-06-17T10:23:05.384+0800][47.002s][info][gc,heap     ] GC(455)      Used:      110M (43%)         110M (43%)          82M (32%)          50M (20%)         124M (48%)          50M (20%)    
[2026-06-17T10:23:05.384+0800][47.003s][info][gc,heap     ] GC(455)      Live:         -                27M (11%)          27M (11%)          27M (11%)            -                  -          
[2026-06-17T10:23:05.384+0800][47.003s][info][gc,heap     ] GC(455) Allocated:         -                 0M (0%)            2M (1%)           46M (18%)            -                  -          
[2026-06-17T10:23:05.384+0800][47.003s][info][gc,heap     ] GC(455)   Garbage:         -                82M (32%)          52M (20%)          16M (6%)             -                  -          
[2026-06-17T10:23:05.384+0800][47.003s][info][gc,heap     ] GC(455) Reclaimed:         -                  -                30M (12%)          66M (26%)            -                  -          
[2026-06-17T10:23:05.385+0800][47.003s][info][gc          ] GC(455) Garbage Collection (Allocation Rate) 110M(43%)->50M(20%)
[2026-06-17T10:23:05.463+0800][47.082s][info][gc,start    ] GC(456) Garbage Collection (Allocation Rate)
[2026-06-17T10:23:05.464+0800][47.083s][info][gc,phases   ] GC(456) Pause Mark Start 0.180ms
[2026-06-17T10:23:05.466+0800][47.085s][info][gc,phases   ] GC(456) Concurrent Mark 1.454ms
[2026-06-17T10:23:05.467+0800][47.086s][info][gc,phases   ] GC(456) Pause Mark End 0.254ms
[2026-06-17T10:23:05.467+0800][47.086s][info][gc,phases   ] GC(456) Concurrent Process Non-Strong References 0.105ms
[2026-06-17T10:23:05.467+0800][47.086s][info][gc,phases   ] GC(456) Concurrent Reset Relocation Set 0.004ms
[2026-06-17T10:23:05.467+0800][47.086s][info][gc,phases   ] GC(456) Concurrent Destroy Detached Pages 0.000ms
[2026-06-17T10:23:05.468+0800][47.087s][info][gc,phases   ] GC(456) Concurrent Select Relocation Set 0.472ms
[2026-06-17T10:23:05.468+0800][47.087s][info][gc,phases   ] GC(456) Concurrent Prepare Relocation Set 0.015ms
[2026-06-17T10:23:05.469+0800][47.087s][info][gc,phases   ] GC(456) Pause Relocate Start 0.119ms
[2026-06-17T10:23:05.469+0800][47.088s][info][gc,phases   ] GC(456) Concurrent Relocate 0.305ms
[2026-06-17T10:23:05.469+0800][47.088s][info][gc,load     ] GC(456) Load: 0.13/0.19/0.27
[2026-06-17T10:23:05.470+0800][47.089s][info][gc,mmu      ] GC(456) MMU: 2ms/0.0%, 5ms/43.3%, 10ms/66.9%, 20ms/83.5%, 50ms/93.4%, 100ms/96.6%
[2026-06-17T10:23:05.470+0800][47.089s][info][gc,marking  ] GC(456) Mark: 2 stripe(s), 2 proactive flush(es), 1 terminate flush(es), 0 completion(s), 0 continuation(s) 
[2026-06-17T10:23:05.470+0800][47.089s][info][gc,reloc    ] GC(456) Relocation: Successful, 25M relocated
[2026-06-17T10:23:05.470+0800][47.089s][info][gc,nmethod  ] GC(456) NMethods: 25 registered, 0 unregistered
[2026-06-17T10:23:05.470+0800][47.089s][info][gc,metaspace] GC(456) Metaspace: 3M used, 4M capacity, 4M committed, 8M reserved
[2026-06-17T10:23:05.471+0800][47.089s][info][gc,ref      ] GC(456) Soft: 43 encountered, 0 discovered, 0 enqueued
[2026-06-17T10:23:05.471+0800][47.090s][info][gc,ref      ] GC(456) Weak: 7 encountered, 2 discovered, 0 enqueued
[2026-06-17T10:23:05.471+0800][47.090s][info][gc,ref      ] GC(456) Final: 0 encountered, 0 discovered, 0 enqueued
[2026-06-17T10:23:05.471+0800][47.090s][info][gc,ref      ] GC(456) Phantom: 1 encountered, 1 discovered, 0 enqueued
[2026-06-17T10:23:05.471+0800][47.090s][info][gc,heap     ] GC(456)                Mark Start          Mark End        Relocate Start      Relocate End           High               Low         
[2026-06-17T10:23:05.471+0800][47.090s][info][gc,heap     ] GC(456)  Capacity:      256M (100%)        256M (100%)        256M (100%)        256M (100%)        256M (100%)        256M (100%)   
[2026-06-17T10:23:05.471+0800][47.090s][info][gc,heap     ] GC(456)   Reserve:       62M (24%)          62M (24%)          62M (24%)          62M (24%)          62M (24%)          62M (24%)    
[2026-06-17T10:23:05.472+0800][47.090s][info][gc,heap     ] GC(456)      Free:      110M (43%)         108M (42%)         136M (53%)         148M (58%)         148M (58%)         108M (42%)    
[2026-06-17T10:23:05.472+0800][47.090s][info][gc,heap     ] GC(456)      Used:       84M (33%)          86M (34%)          58M (23%)          46M (18%)          86M (34%)          46M (18%)    
[2026-06-17T10:23:05.472+0800][47.091s][info][gc,heap     ] GC(456)      Live:         -                25M (10%)          25M (10%)          25M (10%)            -                  -          
[2026-06-17T10:23:05.472+0800][47.091s][info][gc,heap     ] GC(456) Allocated:         -                 2M (1%)            2M (1%)           12M (5%)             -                  -          
[2026-06-17T10:23:05.472+0800][47.091s][info][gc,heap     ] GC(456)   Garbage:         -                58M (23%)          30M (12%)          18M (7%)             -                  -          
[2026-06-17T10:23:05.472+0800][47.091s][info][gc,heap     ] GC(456) Reclaimed:         -                  -                28M (11%)          40M (16%)            -                  -          
[2026-06-17T10:23:05.472+0800][47.091s][info][gc          ] GC(456) Garbage Collection (Allocation Rate) 84M(33%)->46M(18%)
[2026-06-17T10:23:05.563+0800][47.182s][info][gc,start    ] GC(457) Garbage Collection (Allocation Rate)
[2026-06-17T10:23:05.565+0800][47.183s][info][gc,phases   ] GC(457) Pause Mark Start 0.356ms
[2026-06-17T10:23:05.567+0800][47.186s][info][gc,phases   ] GC(457) Concurrent Mark 1.793ms
[2026-06-17T10:23:05.568+0800][47.187s][info][gc,phases   ] GC(457) Pause Mark End 0.577ms
[2026-06-17T10:23:05.569+0800][47.187s][info][gc,phases   ] GC(457) Concurrent Process Non-Strong References 0.207ms
[2026-06-17T10:23:05.569+0800][47.188s][info][gc,phases   ] GC(457) Concurrent Reset Relocation Set 0.004ms
[2026-06-17T10:23:05.569+0800][47.188s][info][gc,phases   ] GC(457) Concurrent Destroy Detached Pages 0.002ms
[2026-06-17T10:23:05.571+0800][47.190s][info][gc,phases   ] GC(457) Concurrent Select Relocation Set 0.932ms
[2026-06-17T10:23:05.571+0800][47.190s][info][gc,phases   ] GC(457) Concurrent Prepare Relocation Set 0.016ms
[2026-06-17T10:23:05.572+0800][47.191s][info][gc,phases   ] GC(457) Pause Relocate Start 0.254ms
[2026-06-17T10:23:05.574+0800][47.193s][info][gc,phases   ] GC(457) Concurrent Relocate 1.895ms
[2026-06-17T10:23:05.575+0800][47.193s][info][gc,load     ] GC(457) Load: 0.13/0.19/0.27
[2026-06-17T10:23:05.575+0800][47.194s][info][gc,mmu      ] GC(457) MMU: 2ms/0.0%, 5ms/43.3%, 10ms/66.9%, 20ms/83.5%, 50ms/93.4%, 100ms/96.6%
[2026-06-17T10:23:05.575+0800][47.194s][info][gc,marking  ] GC(457) Mark: 2 stripe(s), 1 proactive flush(es), 1 terminate flush(es), 0 completion(s), 0 continuation(s) 
[2026-06-17T10:23:05.575+0800][47.194s][info][gc,reloc    ] GC(457) Relocation: Successful, 20M relocated
[2026-06-17T10:23:05.575+0800][47.194s][info][gc,nmethod  ] GC(457) NMethods: 25 registered, 0 unregistered
[2026-06-17T10:23:05.576+0800][47.194s][info][gc,metaspace] GC(457) Metaspace: 3M used, 4M capacity, 4M committed, 8M reserved
[2026-06-17T10:23:05.576+0800][47.194s][info][gc,ref      ] GC(457) Soft: 43 encountered, 0 discovered, 0 enqueued
[2026-06-17T10:23:05.576+0800][47.195s][info][gc,ref      ] GC(457) Weak: 7 encountered, 2 discovered, 0 enqueued
[2026-06-17T10:23:05.576+0800][47.195s][info][gc,ref      ] GC(457) Final: 0 encountered, 0 discovered, 0 enqueued
[2026-06-17T10:23:05.576+0800][47.195s][info][gc,ref      ] GC(457) Phantom: 1 encountered, 1 discovered, 0 enqueued
[2026-06-17T10:23:05.577+0800][47.195s][info][gc,heap     ] GC(457)                Mark Start          Mark End        Relocate Start      Relocate End           High               Low         
[2026-06-17T10:23:05.577+0800][47.196s][info][gc,heap     ] GC(457)  Capacity:      256M (100%)        256M (100%)        256M (100%)        256M (100%)        256M (100%)        256M (100%)   
[2026-06-17T10:23:05.577+0800][47.196s][info][gc,heap     ] GC(457)   Reserve:       62M (24%)          62M (24%)          62M (24%)          62M (24%)          62M (24%)          62M (24%)    
[2026-06-17T10:23:05.577+0800][47.196s][info][gc,heap     ] GC(457)      Free:       82M (32%)          82M (32%)         108M (42%)         150M (59%)         150M (59%)          72M (28%)    
[2026-06-17T10:23:05.577+0800][47.196s][info][gc,heap     ] GC(457)      Used:      112M (44%)         112M (44%)          86M (34%)          44M (17%)         122M (48%)          44M (17%)    
[2026-06-17T10:23:05.577+0800][47.196s][info][gc,heap     ] GC(457)      Live:         -                20M (8%)           20M (8%)           20M (8%)             -                  -          
[2026-06-17T10:23:05.577+0800][47.196s][info][gc,heap     ] GC(457) Allocated:         -                 0M (0%)            4M (2%)           42M (16%)            -                  -          
[2026-06-17T10:23:05.577+0800][47.196s][info][gc,heap     ] GC(457)   Garbage:         -                91M (36%)          61M (24%)          19M (8%)             -                  -          
[2026-06-17T10:23:05.577+0800][47.196s][info][gc,heap     ] GC(457) Reclaimed:         -                  -                30M (12%)          72M (28%)            -                  -          
[2026-06-17T10:23:05.578+0800][47.196s][info][gc          ] GC(457) Garbage Collection (Allocation Rate) 112M(44%)->44M(17%)
[2026-06-17T10:23:05.663+0800][47.282s][info][gc,start    ] GC(458) Garbage Collection (Allocation Rate)
[2026-06-17T10:23:05.665+0800][47.284s][info][gc,phases   ] GC(458) Pause Mark Start 0.365ms
[2026-06-17T10:23:05.668+0800][47.287s][info][gc,phases   ] GC(458) Concurrent Mark 1.936ms
[2026-06-17T10:23:05.669+0800][47.288s][info][gc,phases   ] GC(458) Pause Mark End 0.559ms
[2026-06-17T10:23:05.670+0800][47.288s][info][gc,phases   ] GC(458) Concurrent Process Non-Strong References 0.154ms
[2026-06-17T10:23:05.670+0800][47.289s][info][gc,phases   ] GC(458) Concurrent Reset Relocation Set 0.004ms
[2026-06-17T10:23:05.671+0800][47.289s][info][gc,phases   ] GC(458) Concurrent Destroy Detached Pages 0.002ms
[2026-06-17T10:23:05.672+0800][47.290s][info][gc,phases   ] GC(458) Concurrent Select Relocation Set 0.868ms
[2026-06-17T10:23:05.672+0800][47.291s][info][gc,phases   ] GC(458) Concurrent Prepare Relocation Set 0.002ms
[2026-06-17T10:23:05.673+0800][47.291s][info][gc,phases   ] GC(458) Pause Relocate Start 0.182ms
[2026-06-17T10:23:05.673+0800][47.292s][info][gc,phases   ] GC(458) Concurrent Relocate 0.254ms
[2026-06-17T10:23:05.673+0800][47.292s][info][gc,load     ] GC(458) Load: 0.13/0.19/0.27
[2026-06-17T10:23:05.674+0800][47.292s][info][gc,mmu      ] GC(458) MMU: 2ms/0.0%, 5ms/43.3%, 10ms/66.9%, 20ms/83.5%, 50ms/93.4%, 100ms/96.6%
[2026-06-17T10:23:05.674+0800][47.293s][info][gc,marking  ] GC(458) Mark: 2 stripe(s), 1 proactive flush(es), 1 terminate flush(es), 0 completion(s), 0 continuation(s) 
[2026-06-17T10:23:05.674+0800][47.293s][info][gc,reloc    ] GC(458) Relocation: Successful, 23M relocated
[2026-06-17T10:23:05.674+0800][47.293s][info][gc,nmethod  ] GC(458) NMethods: 25 registered, 0 unregistered
[2026-06-17T10:23:05.674+0800][47.293s][info][gc,metaspace] GC(458) Metaspace: 3M used, 4M capacity, 4M committed, 8M reserved
[2026-06-17T10:23:05.675+0800][47.293s][info][gc,ref      ] GC(458) Soft: 43 encountered, 0 discovered, 0 enqueued
[2026-06-17T10:23:05.675+0800][47.294s][info][gc,ref      ] GC(458) Weak: 7 encountered, 2 discovered, 0 enqueued
[2026-06-17T10:23:05.675+0800][47.294s][info][gc,ref      ] GC(458) Final: 0 encountered, 0 discovered, 0 enqueued
[2026-06-17T10:23:05.675+0800][47.294s][info][gc,ref      ] GC(458) Phantom: 1 encountered, 1 discovered, 0 enqueued
[2026-06-17T10:23:05.675+0800][47.294s][info][gc,heap     ] GC(458)                Mark Start          Mark End        Relocate Start      Relocate End           High               Low         
[2026-06-17T10:23:05.676+0800][47.294s][info][gc,heap     ] GC(458)  Capacity:      256M (100%)        256M (100%)        256M (100%)        256M (100%)        256M (100%)        256M (100%)   
[2026-06-17T10:23:05.676+0800][47.295s][info][gc,heap     ] GC(458)   Reserve:       62M (24%)          62M (24%)          62M (24%)          62M (24%)          62M (24%)          62M (24%)    
[2026-06-17T10:23:05.676+0800][47.295s][info][gc,heap     ] GC(458)      Free:      114M (45%)         114M (45%)         146M (57%)         150M (59%)         150M (59%)         114M (45%)    
[2026-06-17T10:23:05.676+0800][47.295s][info][gc,heap     ] GC(458)      Used:       80M (31%)          80M (31%)          48M (19%)          44M (17%)          80M (31%)          44M (17%)    
[2026-06-17T10:23:05.676+0800][47.295s][info][gc,heap     ] GC(458)      Live:         -                26M (10%)          26M (10%)          26M (10%)            -                  -          
[2026-06-17T10:23:05.677+0800][47.295s][info][gc,heap     ] GC(458) Allocated:         -                 0M (0%)            0M (0%)            6M (2%)             -                  -          
[2026-06-17T10:23:05.677+0800][47.295s][info][gc,heap     ] GC(458)   Garbage:         -                53M (21%)          21M (8%)           17M (7%)             -                  -          
[2026-06-17T10:23:05.677+0800][47.295s][info][gc,heap     ] GC(458) Reclaimed:         -                  -                32M (12%)          36M (14%)            -                  -          
[2026-06-17T10:23:05.677+0800][47.296s][info][gc          ] GC(458) Garbage Collection (Allocation Rate) 80M(31%)->44M(17%)
[2026-06-17T10:23:05.763+0800][47.381s][info][gc,start    ] GC(459) Garbage Collection (Allocation Rate)
[2026-06-17T10:23:05.764+0800][47.383s][info][gc,phases   ] GC(459) Pause Mark Start 0.368ms
[2026-06-17T10:23:05.766+0800][47.385s][info][gc,phases   ] GC(459) Concurrent Mark 1.660ms
[2026-06-17T10:23:05.767+0800][47.386s][info][gc,phases   ] GC(459) Pause Mark End 0.480ms
[2026-06-17T10:23:05.768+0800][47.387s][info][gc,phases   ] GC(459) Concurrent Process Non-Strong References 0.123ms
[2026-06-17T10:23:05.768+0800][47.387s][info][gc,phases   ] GC(459) Concurrent Reset Relocation Set 0.002ms
[2026-06-17T10:23:05.768+0800][47.387s][info][gc,phases   ] GC(459) Concurrent Destroy Detached Pages 0.002ms
[2026-06-17T10:23:05.769+0800][47.388s][info][gc,phases   ] GC(459) Concurrent Select Relocation Set 0.829ms
[2026-06-17T10:23:05.770+0800][47.389s][info][gc,phases   ] GC(459) Concurrent Prepare Relocation Set 0.012ms
[2026-06-17T10:23:05.770+0800][47.389s][info][gc,phases   ] GC(459) Pause Relocate Start 0.200ms
[2026-06-17T10:23:05.772+0800][47.391s][info][gc,phases   ] GC(459) Concurrent Relocate 1.698ms
[2026-06-17T10:23:05.773+0800][47.392s][info][gc,load     ] GC(459) Load: 0.13/0.19/0.27
[2026-06-17T10:23:05.773+0800][47.392s][info][gc,mmu      ] GC(459) MMU: 2ms/0.0%, 5ms/43.3%, 10ms/66.9%, 20ms/83.5%, 50ms/93.4%, 100ms/96.6%
[2026-06-17T10:23:05.773+0800][47.392s][info][gc,marking  ] GC(459) Mark: 2 stripe(s), 1 proactive flush(es), 1 terminate flush(es), 0 completion(s), 0 continuation(s) 
[2026-06-17T10:23:05.773+0800][47.392s][info][gc,reloc    ] GC(459) Relocation: Successful, 22M relocated
[2026-06-17T10:23:05.774+0800][47.392s][info][gc,nmethod  ] GC(459) NMethods: 25 registered, 0 unregistered
[2026-06-17T10:23:05.774+0800][47.393s][info][gc,metaspace] GC(459) Metaspace: 3M used, 4M capacity, 4M committed, 8M reserved
[2026-06-17T10:23:05.774+0800][47.393s][info][gc,ref      ] GC(459) Soft: 43 encountered, 0 discovered, 0 enqueued
[2026-06-17T10:23:05.774+0800][47.393s][info][gc,ref      ] GC(459) Weak: 7 encountered, 2 discovered, 0 enqueued
[2026-06-17T10:23:05.774+0800][47.393s][info][gc,ref      ] GC(459) Final: 0 encountered, 0 discovered, 0 enqueued
[2026-06-17T10:23:05.774+0800][47.393s][info][gc,ref      ] GC(459) Phantom: 1 encountered, 1 discovered, 0 enqueued
[2026-06-17T10:23:05.775+0800][47.393s][info][gc,heap     ] GC(459)                Mark Start          Mark End        Relocate Start      Relocate End           High               Low         
[2026-06-17T10:23:05.775+0800][47.394s][info][gc,heap     ] GC(459)  Capacity:      256M (100%)        256M (100%)        256M (100%)        256M (100%)        256M (100%)        256M (100%)   
[2026-06-17T10:23:05.775+0800][47.394s][info][gc,heap     ] GC(459)   Reserve:       62M (24%)          62M (24%)          62M (24%)          62M (24%)          62M (24%)          62M (24%)    
[2026-06-17T10:23:05.775+0800][47.394s][info][gc,heap     ] GC(459)      Free:       82M (32%)          82M (32%)         106M (41%)         148M (58%)         148M (58%)          70M (27%)    
[2026-06-17T10:23:05.775+0800][47.394s][info][gc,heap     ] GC(459)      Used:      112M (44%)         112M (44%)          88M (34%)          46M (18%)         124M (48%)          46M (18%)    
[2026-06-17T10:23:05.775+0800][47.394s][info][gc,heap     ] GC(459)      Live:         -                22M (9%)           22M (9%)           22M (9%)             -                  -          
[2026-06-17T10:23:05.776+0800][47.394s][info][gc,heap     ] GC(459) Allocated:         -                 0M (0%)            4M (2%)           46M (18%)            -                  -          
[2026-06-17T10:23:05.776+0800][47.395s][info][gc,heap     ] GC(459)   Garbage:         -                89M (35%)          61M (24%)          19M (7%)             -                  -          
[2026-06-17T10:23:05.776+0800][47.395s][info][gc,heap     ] GC(459) Reclaimed:         -                  -                28M (11%)          70M (27%)            -                  -          
[2026-06-17T10:23:05.776+0800][47.395s][info][gc          ] GC(459) Garbage Collection (Allocation Rate) 112M(44%)->46M(18%)
[2026-06-17T10:23:05.863+0800][47.482s][info][gc,start    ] GC(460) Garbage Collection (Allocation Rate)
[2026-06-17T10:23:05.865+0800][47.483s][info][gc,phases   ] GC(460) Pause Mark Start 0.335ms
[2026-06-17T10:23:05.867+0800][47.486s][info][gc,phases   ] GC(460) Concurrent Mark 2.058ms
[2026-06-17T10:23:05.869+0800][47.488s][info][gc,phases   ] GC(460) Pause Mark End 0.559ms
[2026-06-17T10:23:05.870+0800][47.489s][info][gc,phases   ] GC(460) Concurrent Process Non-Strong References 0.342ms
[2026-06-17T10:23:05.870+0800][47.489s][info][gc,phases   ] GC(460) Concurrent Reset Relocation Set 0.005ms
[2026-06-17T10:23:05.871+0800][47.490s][info][gc,phases   ] GC(460) Concurrent Destroy Detached Pages 0.002ms
[2026-06-17T10:23:05.872+0800][47.491s][info][gc,phases   ] GC(460) Concurrent Select Relocation Set 0.927ms
[2026-06-17T10:23:05.873+0800][47.491s][info][gc,phases   ] GC(460) Concurrent Prepare Relocation Set 0.002ms
[2026-06-17T10:23:05.873+0800][47.492s][info][gc,phases   ] GC(460) Pause Relocate Start 0.208ms
[2026-06-17T10:23:05.874+0800][47.493s][info][gc,phases   ] GC(460) Concurrent Relocate 0.263ms
[2026-06-17T10:23:05.874+0800][47.493s][info][gc,load     ] GC(460) Load: 0.13/0.19/0.27
[2026-06-17T10:23:05.874+0800][47.493s][info][gc,mmu      ] GC(460) MMU: 2ms/0.0%, 5ms/43.3%, 10ms/66.9%, 20ms/83.5%, 50ms/93.4%, 100ms/96.6%
[2026-06-17T10:23:05.875+0800][47.494s][info][gc,marking  ] GC(460) Mark: 2 stripe(s), 1 proactive flush(es), 1 terminate flush(es), 0 completion(s), 0 continuation(s) 
[2026-06-17T10:23:05.875+0800][47.494s][info][gc,reloc    ] GC(460) Relocation: Successful, 23M relocated
[2026-06-17T10:23:05.875+0800][47.494s][info][gc,nmethod  ] GC(460) NMethods: 25 registered, 0 unregistered
[2026-06-17T10:23:05.875+0800][47.494s][info][gc,metaspace] GC(460) Metaspace: 3M used, 4M capacity, 4M committed, 8M reserved
[2026-06-17T10:23:05.876+0800][47.494s][info][gc,ref      ] GC(460) Soft: 43 encountered, 0 discovered, 0 enqueued
[2026-06-17T10:23:05.876+0800][47.495s][info][gc,ref      ] GC(460) Weak: 7 encountered, 2 discovered, 0 enqueued
[2026-06-17T10:23:05.876+0800][47.495s][info][gc,ref      ] GC(460) Final: 0 encountered, 0 discovered, 0 enqueued
[2026-06-17T10:23:05.876+0800][47.495s][info][gc,ref      ] GC(460) Phantom: 1 encountered, 1 discovered, 0 enqueued
[2026-06-17T10:23:05.877+0800][47.495s][info][gc,heap     ] GC(460)                Mark Start          Mark End        Relocate Start      Relocate End           High               Low         
[2026-06-17T10:23:05.877+0800][47.496s][info][gc,heap     ] GC(460)  Capacity:      256M (100%)        256M (100%)        256M (100%)        256M (100%)        256M (100%)        256M (100%)   
[2026-06-17T10:23:05.877+0800][47.496s][info][gc,heap     ] GC(460)   Reserve:       62M (24%)          62M (24%)          62M (24%)          62M (24%)          62M (24%)          62M (24%)    
[2026-06-17T10:23:05.877+0800][47.496s][info][gc,heap     ] GC(460)      Free:      112M (44%)         112M (44%)         142M (55%)         148M (58%)         148M (58%)         112M (44%)    
[2026-06-17T10:23:05.877+0800][47.496s][info][gc,heap     ] GC(460)      Used:       82M (32%)          82M (32%)          52M (20%)          46M (18%)          82M (32%)          46M (18%)    
[2026-06-17T10:23:05.877+0800][47.496s][info][gc,heap     ] GC(460)      Live:         -                29M (11%)          29M (11%)          29M (11%)            -                  -          
[2026-06-17T10:23:05.877+0800][47.496s][info][gc,heap     ] GC(460) Allocated:         -                 0M (0%)            0M (0%)            6M (2%)             -                  -          
[2026-06-17T10:23:05.878+0800][47.496s][info][gc,heap     ] GC(460)   Garbage:         -                52M (21%)          22M (9%)           16M (7%)             -                  -          
[2026-06-17T10:23:05.878+0800][47.496s][info][gc,heap     ] GC(460) Reclaimed:         -                  -                30M (12%)          36M (14%)            -                  -          
[2026-06-17T10:23:05.878+0800][47.497s][info][gc          ] GC(460) Garbage Collection (Allocation Rate) 82M(32%)->46M(18%)
[2026-06-17T10:23:05.963+0800][47.582s][info][gc,start    ] GC(461) Garbage Collection (Allocation Rate)
[2026-06-17T10:23:05.964+0800][47.583s][info][gc,phases   ] GC(461) Pause Mark Start 0.283ms
[2026-06-17T10:23:05.967+0800][47.585s][info][gc,phases   ] GC(461) Concurrent Mark 1.909ms
[2026-06-17T10:23:05.968+0800][47.587s][info][gc,phases   ] GC(461) Pause Mark End 0.640ms
[2026-06-17T10:23:05.968+0800][47.587s][info][gc,phases   ] GC(461) Concurrent Process Non-Strong References 0.175ms
[2026-06-17T10:23:05.969+0800][47.588s][info][gc,phases   ] GC(461) Concurrent Reset Relocation Set 0.001ms
[2026-06-17T10:23:05.969+0800][47.588s][info][gc,phases   ] GC(461) Concurrent Destroy Detached Pages 0.008ms
[2026-06-17T10:23:05.970+0800][47.589s][info][gc,phases   ] GC(461) Concurrent Select Relocation Set 0.716ms
[2026-06-17T10:23:05.970+0800][47.589s][info][gc,phases   ] GC(461) Concurrent Prepare Relocation Set 0.004ms
[2026-06-17T10:23:05.971+0800][47.590s][info][gc,phases   ] GC(461) Pause Relocate Start 0.258ms
[2026-06-17T10:23:05.973+0800][47.592s][info][gc,phases   ] GC(461) Concurrent Relocate 1.871ms
[2026-06-17T10:23:05.973+0800][47.592s][info][gc,load     ] GC(461) Load: 0.13/0.19/0.27
[2026-06-17T10:23:05.973+0800][47.592s][info][gc,mmu      ] GC(461) MMU: 2ms/0.0%, 5ms/43.3%, 10ms/66.9%, 20ms/83.5%, 50ms/93.4%, 100ms/96.6%
[2026-06-17T10:23:05.974+0800][47.592s][info][gc,marking  ] GC(461) Mark: 2 stripe(s), 1 proactive flush(es), 1 terminate flush(es), 0 completion(s), 0 continuation(s) 
[2026-06-17T10:23:05.974+0800][47.592s][info][gc,reloc    ] GC(461) Relocation: Successful, 25M relocated
[2026-06-17T10:23:05.974+0800][47.593s][info][gc,nmethod  ] GC(461) NMethods: 25 registered, 0 unregistered
[2026-06-17T10:23:05.974+0800][47.593s][info][gc,metaspace] GC(461) Metaspace: 3M used, 4M capacity, 4M committed, 8M reserved
[2026-06-17T10:23:05.974+0800][47.593s][info][gc,ref      ] GC(461) Soft: 43 encountered, 0 discovered, 0 enqueued
[2026-06-17T10:23:05.974+0800][47.593s][info][gc,ref      ] GC(461) Weak: 7 encountered, 2 discovered, 0 enqueued
[2026-06-17T10:23:05.974+0800][47.593s][info][gc,ref      ] GC(461) Final: 0 encountered, 0 discovered, 0 enqueued
[2026-06-17T10:23:05.975+0800][47.593s][info][gc,ref      ] GC(461) Phantom: 1 encountered, 1 discovered, 0 enqueued
[2026-06-17T10:23:05.975+0800][47.593s][info][gc,heap     ] GC(461)                Mark Start          Mark End        Relocate Start      Relocate End           High               Low         
[2026-06-17T10:23:05.975+0800][47.594s][info][gc,heap     ] GC(461)  Capacity:      256M (100%)        256M (100%)        256M (100%)        256M (100%)        256M (100%)        256M (100%)   
[2026-06-17T10:23:05.975+0800][47.594s][info][gc,heap     ] GC(461)   Reserve:       62M (24%)          62M (24%)          62M (24%)          62M (24%)          62M (24%)          62M (24%)    
[2026-06-17T10:23:05.975+0800][47.594s][info][gc,heap     ] GC(461)      Free:       82M (32%)          82M (32%)          70M (27%)         144M (56%)         144M (56%)          66M (26%)    
[2026-06-17T10:23:05.975+0800][47.594s][info][gc,heap     ] GC(461)      Used:      112M (44%)         112M (44%)         124M (48%)          50M (20%)         128M (50%)          50M (20%)    
[2026-06-17T10:23:05.975+0800][47.594s][info][gc,heap     ] GC(461)      Live:         -                25M (10%)          25M (10%)          25M (10%)            -                  -          
[2026-06-17T10:23:05.975+0800][47.594s][info][gc,heap     ] GC(461) Allocated:         -                 0M (0%)           38M (15%)          46M (18%)            -                  -          
[2026-06-17T10:23:05.975+0800][47.594s][info][gc,heap     ] GC(461)   Garbage:         -                86M (34%)          60M (24%)    17592186044402M (6         -                  -          
[2026-06-17T10:23:05.975+0800][47.594s][info][gc,heap     ] GC(461) Reclaimed:         -                  -                26M (10%)         100M (39%)            -                  -          
[2026-06-17T10:23:05.975+0800][47.594s][info][gc          ] GC(461) Garbage Collection (Allocation Rate) 112M(44%)->50M(20%)
[2026-06-17T10:23:06.064+0800][47.682s][info][gc,start    ] GC(462) Garbage Collection (Allocation Rate)
[2026-06-17T10:23:06.065+0800][47.684s][info][gc,phases   ] GC(462) Pause Mark Start 0.544ms
[2026-06-17T10:23:06.068+0800][47.687s][info][gc,phases   ] GC(462) Concurrent Mark 2.190ms
[2026-06-17T10:23:06.071+0800][47.690s][info][gc,phases   ] GC(462) Pause Mark End 1.574ms
[2026-06-17T10:23:06.072+0800][47.691s][info][gc,phases   ] GC(462) Concurrent Process Non-Strong References 0.271ms
[2026-06-17T10:23:06.072+0800][47.691s][info][gc,phases   ] GC(462) Concurrent Reset Relocation Set 0.004ms
[2026-06-17T10:23:06.073+0800][47.691s][info][gc,phases   ] GC(462) Concurrent Destroy Detached Pages 0.002ms
[2026-06-17T10:23:06.074+0800][47.693s][info][gc,phases   ] GC(462) Concurrent Select Relocation Set 1.213ms
