OpenJDK 64-Bit Server VM (25.492-b09) for linux-amd64 JRE (1.8.0_492-b09), built on Apr 26 2026 11:46:09 by "jenkins" with gcc 7.5.0
Memory: 4k page, physical 16236216k(11367288k free), swap 4194304k(4194304k free)
CommandLine flags: -XX:InitialHeapSize=268435456 -XX:MaxHeapSize=268435456 -XX:MaxNewSize=89481216 -XX:MaxTenuringThreshold=6 -XX:NewSize=89481216 -XX:OldPLABSize=16 -XX:OldSize=178954240 -XX:+PrintGC -XX:+PrintGCDateStamps -XX:+PrintGCDetails -XX:+PrintGCTimeStamps -XX:+UseCompressedClassPointers -XX:+UseCompressedOops -XX:+UseConcMarkSweepGC -XX:+UseParNewGC 
2026-06-18T14:07:29.328+0800: 0.235: [GC (Allocation Failure) 2026-06-18T14:07:29.329+0800: 0.236: [ParNew: 69930K->8681K(78656K), 0.0221119 secs] 69930K->12415K(253440K), 0.0255713 secs] [Times: user=0.30 sys=0.03, real=0.03 secs] 
2026-06-18T14:07:29.545+0800: 0.451: [GC (Allocation Failure) 2026-06-18T14:07:29.547+0800: 0.453: [ParNew: 78633K->8672K(78656K), 0.0145148 secs] 82367K->18627K(253440K), 0.0179204 secs] [Times: user=0.11 sys=0.02, real=0.02 secs] 
2026-06-18T14:07:29.735+0800: 0.641: [GC (Allocation Failure) 2026-06-18T14:07:29.736+0800: 0.642: [ParNew: 78624K->8699K(78656K), 0.0105456 secs] 88579K->26837K(253440K), 0.0129245 secs] [Times: user=0.10 sys=0.04, real=0.01 secs] 
2026-06-18T14:07:29.926+0800: 0.833: [GC (Allocation Failure) 2026-06-18T14:07:29.928+0800: 0.834: [ParNew: 78651K->8703K(78656K), 0.0124895 secs] 96789K->34079K(253440K), 0.0156935 secs] [Times: user=0.15 sys=0.01, real=0.02 secs] 
2026-06-18T14:07:30.124+0800: 1.030: [GC (Allocation Failure) 2026-06-18T14:07:30.126+0800: 1.032: [ParNew: 78655K->8695K(78656K), 0.0123112 secs] 104031K->43320K(253440K), 0.0153568 secs] [Times: user=0.09 sys=0.03, real=0.01 secs] 
2026-06-18T14:07:30.312+0800: 1.218: [GC (Allocation Failure) 2026-06-18T14:07:30.314+0800: 1.221: [ParNew: 78447K->8595K(78656K), 0.0138423 secs] 113073K->50015K(253440K), 0.0183563 secs] [Times: user=0.12 sys=0.01, real=0.02 secs] 
2026-06-18T14:07:30.524+0800: 1.431: [GC (Allocation Failure) 2026-06-18T14:07:30.527+0800: 1.433: [ParNew: 78547K->8688K(78656K), 0.0147730 secs] 119967K->61485K(253440K), 0.0187981 secs] [Times: user=0.13 sys=0.01, real=0.02 secs] 
2026-06-18T14:07:30.729+0800: 1.636: [GC (Allocation Failure) 2026-06-18T14:07:30.731+0800: 1.637: [ParNew: 78593K->8608K(78656K), 0.0108059 secs] 131390K->71745K(253440K), 0.0135045 secs] [Times: user=0.09 sys=0.02, real=0.02 secs] 
2026-06-18T14:07:30.926+0800: 1.833: [GC (Allocation Failure) 2026-06-18T14:07:30.931+0800: 1.837: [ParNew: 78560K->8651K(78656K), 0.0209543 secs] 141697K->81636K(253440K), 0.0270441 secs] [Times: user=0.14 sys=0.00, real=0.03 secs] 
2026-06-18T14:07:31.030+0800: 1.937: [Full GC (System.gc()) 2026-06-18T14:07:31.032+0800: 1.939: [CMS: 72985K->26480K(174784K), 0.0098078 secs] 116446K->26480K(253440K), [Metaspace: 2705K->2705K(1056768K)], 0.0136065 secs] [Times: user=0.01 sys=0.01, real=0.01 secs] 
2026-06-18T14:07:31.232+0800: 2.138: [GC (Allocation Failure) 2026-06-18T14:07:31.234+0800: 2.140: [ParNew: 69952K->8702K(78656K), 0.0461248 secs] 96432K->40051K(253440K), 0.0487833 secs] [Times: user=0.38 sys=0.00, real=0.04 secs] 
2026-06-18T14:07:31.466+0800: 2.372: [GC (Allocation Failure) 2026-06-18T14:07:31.468+0800: 2.375: [ParNew: 78654K->8686K(78656K), 0.0132735 secs] 110003K->48483K(253440K), 0.0167639 secs] [Times: user=0.10 sys=0.00, real=0.02 secs] 
2026-06-18T14:07:31.652+0800: 2.558: [GC (Allocation Failure) 2026-06-18T14:07:31.653+0800: 2.559: [ParNew: 78638K->8680K(78656K), 0.0228183 secs] 118435K->56034K(253440K), 0.0252327 secs] [Times: user=0.19 sys=0.00, real=0.02 secs] 
2026-06-18T14:07:31.861+0800: 2.768: [GC (Allocation Failure) 2026-06-18T14:07:31.863+0800: 2.770: [ParNew: 78632K->8641K(78656K), 0.0154579 secs] 125986K->68231K(253440K), 0.0186474 secs] [Times: user=0.13 sys=0.00, real=0.02 secs] 
2026-06-18T14:07:32.064+0800: 2.970: [GC (Allocation Failure) 2026-06-18T14:07:32.065+0800: 2.972: [ParNew: 78593K->8678K(78656K), 0.0103592 secs] 138183K->74237K(253440K), 0.0134659 secs] [Times: user=0.12 sys=0.00, real=0.01 secs] 
2026-06-18T14:07:32.255+0800: 3.161: [GC (Allocation Failure) 2026-06-18T14:07:32.256+0800: 3.162: [ParNew: 78630K->8697K(78656K), 0.0145017 secs] 144189K->81828K(253440K), 0.0165677 secs] [Times: user=0.10 sys=0.01, real=0.02 secs] 
2026-06-18T14:07:32.337+0800: 3.243: [Full GC (System.gc()) 2026-06-18T14:07:32.339+0800: 3.245: [CMS: 73131K->21598K(174784K), 0.0074473 secs] 106543K->21598K(253440K), [Metaspace: 2706K->2706K(1056768K)], 0.0113235 secs] [Times: user=0.00 sys=0.00, real=0.01 secs] 
2026-06-18T14:07:32.532+0800: 3.439: [GC (Allocation Failure) 2026-06-18T14:07:32.533+0800: 3.439: [ParNew: 69942K->8672K(78656K), 0.0119162 secs] 91540K->35320K(253440K), 0.0138342 secs] [Times: user=0.11 sys=0.00, real=0.01 secs] 
2026-06-18T14:07:32.643+0800: 3.550: [Full GC (System.gc()) 2026-06-18T14:07:32.645+0800: 3.551: [CMS: 26647K->22955K(174784K), 0.0107308 secs] 75810K->22955K(253440K), [Metaspace: 2706K->2706K(1056768K)], 0.0136222 secs] [Times: user=0.00 sys=0.00, real=0.01 secs] 
2026-06-18T14:07:32.844+0800: 3.750: [GC (Allocation Failure) 2026-06-18T14:07:32.846+0800: 3.752: [ParNew: 69849K->8679K(78656K), 0.0160357 secs] 92805K->33740K(253440K), 0.0192063 secs] [Times: user=0.16 sys=0.00, real=0.02 secs] 
2026-06-18T14:07:33.046+0800: 3.953: [GC (Allocation Failure) 2026-06-18T14:07:33.049+0800: 3.955: [ParNew: 78631K->8693K(78656K), 0.0163799 secs] 103692K->42927K(253440K), 0.0201672 secs] [Times: user=0.12 sys=0.00, real=0.02 secs] 
2026-06-18T14:07:33.080+0800: 3.987: [Full GC (System.gc()) 2026-06-18T14:07:33.082+0800: 3.989: [CMS: 34233K->28605K(174784K), 0.0070974 secs] 49289K->28605K(253440K), [Metaspace: 2706K->2706K(1056768K)], 0.0107625 secs] [Times: user=0.00 sys=0.00, real=0.02 secs] 
2026-06-18T14:07:33.279+0800: 4.186: [GC (Allocation Failure) 2026-06-18T14:07:33.281+0800: 4.187: [ParNew: 69952K->8701K(78656K), 0.0106775 secs] 98557K->43264K(253440K), 0.0136816 secs] [Times: user=0.09 sys=0.00, real=0.02 secs] 
2026-06-18T14:07:33.475+0800: 4.381: [GC (Allocation Failure) 2026-06-18T14:07:33.476+0800: 4.383: [ParNew: 78653K->8700K(78656K), 0.0060611 secs] 113216K->54224K(253440K), 0.0093893 secs] [Times: user=0.05 sys=0.01, real=0.01 secs] 
2026-06-18T14:07:33.665+0800: 4.571: [GC (Allocation Failure) 2026-06-18T14:07:33.666+0800: 4.573: [ParNew: 78652K->8692K(78656K), 0.0095919 secs] 124176K->64471K(253440K), 0.0119983 secs] [Times: user=0.11 sys=0.00, real=0.01 secs] 
2026-06-18T14:07:33.846+0800: 4.753: [GC (Allocation Failure) 2026-06-18T14:07:33.848+0800: 4.754: [ParNew: 77393K->8668K(78656K), 0.0078237 secs] 133172K->69283K(253440K), 0.0097451 secs] [Times: user=0.05 sys=0.00, real=0.01 secs] 
2026-06-18T14:07:34.024+0800: 4.931: [Full GC (System.gc()) 2026-06-18T14:07:34.025+0800: 4.932: [CMS: 60615K->22856K(174784K), 0.0042032 secs] 136581K->22856K(253440K), [Metaspace: 2706K->2706K(1056768K)], 0.0067481 secs] [Times: user=0.00 sys=0.00, real=0.01 secs] 
2026-06-18T14:07:34.203+0800: 5.110: [GC (Allocation Failure) 2026-06-18T14:07:34.205+0800: 5.111: [ParNew: 69689K->8690K(78656K), 0.0122060 secs] 92546K->33925K(253440K), 0.0146531 secs] [Times: user=0.14 sys=0.00, real=0.01 secs] 
2026-06-18T14:07:34.400+0800: 5.307: [GC (Allocation Failure) 2026-06-18T14:07:34.402+0800: 5.309: [ParNew: 78642K->8633K(78656K), 0.0107162 secs] 103877K->42810K(253440K), 0.0134805 secs] [Times: user=0.12 sys=0.00, real=0.02 secs] 
2026-06-18T14:07:34.582+0800: 5.489: [GC (Allocation Failure) 2026-06-18T14:07:34.586+0800: 5.492: [ParNew: 78370K->8651K(78656K), 0.0142405 secs] 112547K->50367K(253440K), 0.0210796 secs] [Times: user=0.14 sys=0.00, real=0.02 secs] 
2026-06-18T14:07:34.796+0800: 5.703: [GC (Allocation Failure) 2026-06-18T14:07:34.803+0800: 5.709: [ParNew: 78603K->8688K(78656K), 0.0176362 secs] 120319K->57707K(253440K), 0.0274067 secs] [Times: user=0.11 sys=0.00, real=0.03 secs] 
2026-06-18T14:07:34.999+0800: 5.906: [GC (Allocation Failure) 2026-06-18T14:07:35.001+0800: 5.908: [ParNew: 78640K->8694K(78656K), 0.0265001 secs] 127659K->67495K(253440K), 0.0292624 secs] [Times: user=0.22 sys=0.00, real=0.03 secs] 
2026-06-18T14:07:35.211+0800: 6.118: [GC (Allocation Failure) 2026-06-18T14:07:35.212+0800: 6.118: [ParNew: 78646K->8685K(78656K), 0.0156199 secs] 137447K->75378K(253440K), 0.0192914 secs] [Times: user=0.14 sys=0.00, real=0.02 secs] 
2026-06-18T14:07:35.403+0800: 6.310: [GC (Allocation Failure) 2026-06-18T14:07:35.404+0800: 6.310: [ParNew: 78634K->8698K(78656K), 0.0147532 secs] 145327K->88964K(253440K), 0.0169583 secs] [Times: user=0.15 sys=0.02, real=0.01 secs] 
2026-06-18T14:07:35.600+0800: 6.506: [GC (Allocation Failure) 2026-06-18T14:07:35.601+0800: 6.507: [ParNew: 78650K->8695K(78656K), 0.0080962 secs] 158916K->98790K(253440K), 0.0102741 secs] [Times: user=0.07 sys=0.02, real=0.02 secs] 
2026-06-18T14:07:35.613+0800: 6.519: [GC (CMS Initial Mark) [1 CMS-initial-mark: 90095K(174784K)] 100215K(253440K), 0.0018416 secs] [Times: user=0.01 sys=0.00, real=0.00 secs] 
2026-06-18T14:07:35.617+0800: 6.523: [CMS-concurrent-mark-start]
2026-06-18T14:07:35.617+0800: 6.524: [CMS-concurrent-mark: 0.000/0.000 secs] [Times: user=0.00 sys=0.00, real=0.00 secs] 
2026-06-18T14:07:35.618+0800: 6.525: [CMS-concurrent-preclean-start]
2026-06-18T14:07:35.618+0800: 6.525: [CMS-concurrent-preclean: 0.000/0.000 secs] [Times: user=0.00 sys=0.00, real=0.00 secs] 
2026-06-18T14:07:35.619+0800: 6.526: [CMS-concurrent-abortable-preclean-start]
2026-06-18T14:07:35.793+0800: 6.700: [GC (Allocation Failure) 2026-06-18T14:07:35.794+0800: 6.701: [ParNew: 78647K->8682K(78656K), 0.0115332 secs] 168742K->103305K(253440K), 0.0135705 secs] [Times: user=0.15 sys=0.01, real=0.01 secs] 
2026-06-18T14:07:35.809+0800: 6.715: [CMS-concurrent-abortable-preclean: 0.000/0.189 secs] [Times: user=0.15 sys=0.01, real=0.19 secs] 
2026-06-18T14:07:35.810+0800: 6.716: [GC (CMS Final Remark) [YG occupancy: 12944 K (78656 K)]2026-06-18T14:07:35.811+0800: 6.717: [Rescan (parallel) , 0.0031447 secs]2026-06-18T14:07:35.815+0800: 6.721: [weak refs processing, 0.0004719 secs]2026-06-18T14:07:35.816+0800: 6.723: [class unloading, 0.0009329 secs]2026-06-18T14:07:35.817+0800: 6.724: [scrub symbol table, 0.0005919 secs]2026-06-18T14:07:35.818+0800: 6.725: [scrub string table, 0.0004908 secs][1 CMS-remark: 94623K(174784K)] 107567K(253440K), 0.0095200 secs] [Times: user=0.02 sys=0.01, real=0.00 secs] 
2026-06-18T14:07:35.821+0800: 6.727: [CMS-concurrent-sweep-start]
2026-06-18T14:07:35.821+0800: 6.727: [CMS-concurrent-sweep: 0.000/0.000 secs] [Times: user=0.01 sys=0.00, real=0.00 secs] 
2026-06-18T14:07:35.822+0800: 6.728: [CMS-concurrent-reset-start]
2026-06-18T14:07:35.822+0800: 6.728: [CMS-concurrent-reset: 0.000/0.000 secs] [Times: user=0.00 sys=0.00, real=0.00 secs] 
2026-06-18T14:07:35.976+0800: 6.883: [GC (Allocation Failure) 2026-06-18T14:07:35.978+0800: 6.884: [ParNew: 78634K->8702K(78656K), 0.0105284 secs] 94798K->33499K(253440K), 0.0124462 secs] [Times: user=0.11 sys=0.00, real=0.01 secs] 
2026-06-18T14:07:36.156+0800: 7.063: [GC (Allocation Failure) 2026-06-18T14:07:36.158+0800: 7.064: [ParNew: 78654K->8701K(78656K), 0.0090231 secs] 103451K->43382K(253440K), 0.0118739 secs] [Times: user=0.11 sys=0.00, real=0.01 secs] 
2026-06-18T14:07:36.347+0800: 7.253: [GC (Allocation Failure) 2026-06-18T14:07:36.348+0800: 7.254: [ParNew: 78653K->8696K(78656K), 0.0095635 secs] 113334K->52783K(253440K), 0.0117068 secs] [Times: user=0.12 sys=0.00, real=0.01 secs] 
2026-06-18T14:07:36.536+0800: 7.443: [GC (Allocation Failure) 2026-06-18T14:07:36.538+0800: 7.444: [ParNew: 78648K->8674K(78656K), 0.0089552 secs] 122735K->61729K(253440K), 0.0113391 secs] [Times: user=0.11 sys=0.01, real=0.01 secs] 
2026-06-18T14:07:36.716+0800: 7.622: [GC (Allocation Failure) 2026-06-18T14:07:36.717+0800: 7.623: [ParNew: 78626K->8678K(78656K), 0.0103996 secs] 131681K->68727K(253440K), 0.0127455 secs] [Times: user=0.13 sys=0.00, real=0.01 secs] 
2026-06-18T14:07:36.917+0800: 7.824: [GC (Allocation Failure) 2026-06-18T14:07:36.920+0800: 7.826: [ParNew: 78630K->8618K(78656K), 0.0116925 secs] 138679K->78563K(253440K), 0.0151373 secs] [Times: user=0.07 sys=0.00, real=0.02 secs] 
2026-06-18T14:07:37.111+0800: 8.018: [GC (Allocation Failure) 2026-06-18T14:07:37.113+0800: 8.020: [ParNew: 78559K->8687K(78656K), 0.0133462 secs] 148504K->87836K(253440K), 0.0172559 secs] [Times: user=0.13 sys=0.00, real=0.01 secs] 
2026-06-18T14:07:37.298+0800: 8.205: [GC (Allocation Failure) 2026-06-18T14:07:37.300+0800: 8.206: [ParNew: 78639K->8678K(78656K), 0.0326844 secs] 157788K->97346K(253440K), 0.0350877 secs] [Times: user=0.29 sys=0.00, real=0.04 secs] 
2026-06-18T14:07:37.512+0800: 8.418: [GC (Allocation Failure) 2026-06-18T14:07:37.513+0800: 8.420: [ParNew: 78600K->8697K(78656K), 0.0144625 secs] 167268K->104361K(253440K), 0.0171876 secs] [Times: user=0.14 sys=0.01, real=0.01 secs] 
2026-06-18T14:07:37.707+0800: 8.613: [GC (Allocation Failure) 2026-06-18T14:07:37.708+0800: 8.614: [ParNew: 78649K->8697K(78656K), 0.0110989 secs] 174313K->113005K(253440K), 0.0134466 secs] [Times: user=0.10 sys=0.01, real=0.01 secs] 
2026-06-18T14:07:37.899+0800: 8.805: [GC (Allocation Failure) 2026-06-18T14:07:37.899+0800: 8.806: [ParNew: 78649K->8687K(78656K), 0.0268160 secs] 182957K->120495K(253440K), 0.0289910 secs] [Times: user=0.34 sys=0.03, real=0.03 secs] 
2026-06-18T14:07:38.096+0800: 9.002: [GC (Allocation Failure) 2026-06-18T14:07:38.097+0800: 9.003: [ParNew: 78639K->8703K(78656K), 0.0139425 secs] 190447K->131832K(253440K), 0.0161556 secs] [Times: user=0.19 sys=0.03, real=0.02 secs] 
2026-06-18T14:07:38.291+0800: 9.197: [GC (Allocation Failure) 2026-06-18T14:07:38.292+0800: 9.198: [ParNew: 78655K->8691K(78656K), 0.0271664 secs] 201784K->139507K(253440K), 0.0295200 secs] [Times: user=0.30 sys=0.04, real=0.02 secs] 
2026-06-18T14:07:38.499+0800: 9.406: [GC (Allocation Failure) 2026-06-18T14:07:38.586+0800: 9.493: [ParNew: 78643K->8597K(78656K), 0.0084993 secs] 209459K->147122K(253440K), 0.0983855 secs] [Times: user=0.10 sys=0.01, real=0.10 secs] 
2026-06-18T14:07:38.767+0800: 9.674: [GC (Allocation Failure) 2026-06-18T14:07:38.768+0800: 9.675: [ParNew: 78549K->8699K(78656K), 0.0159163 secs] 217074K->158482K(253440K), 0.0177338 secs] [Times: user=0.17 sys=0.03, real=0.02 secs] 
2026-06-18T14:07:38.786+0800: 9.693: [GC (CMS Initial Mark) [1 CMS-initial-mark: 149783K(174784K)] 159916K(253440K), 0.0012368 secs] [Times: user=0.00 sys=0.00, real=0.00 secs] 
2026-06-18T14:07:38.788+0800: 9.695: [CMS-concurrent-mark-start]
2026-06-18T14:07:38.789+0800: 9.695: [CMS-concurrent-mark: 0.000/0.000 secs] [Times: user=0.00 sys=0.00, real=0.00 secs] 
2026-06-18T14:07:38.790+0800: 9.696: [CMS-concurrent-preclean-start]
2026-06-18T14:07:38.790+0800: 9.697: [CMS-concurrent-preclean: 0.000/0.000 secs] [Times: user=0.00 sys=0.00, real=0.01 secs] 
2026-06-18T14:07:38.791+0800: 9.697: [GC (CMS Final Remark) [YG occupancy: 10643 K (78656 K)]2026-06-18T14:07:38.792+0800: 9.698: [Rescan (parallel) , 0.0105655 secs]2026-06-18T14:07:38.804+0800: 9.710: [weak refs processing, 0.0022632 secs]2026-06-18T14:07:38.807+0800: 9.713: [class unloading, 0.0011668 secs]2026-06-18T14:07:38.809+0800: 9.716: [scrub symbol table, 0.0013100 secs]2026-06-18T14:07:38.812+0800: 9.718: [scrub string table, 0.0012156 secs][1 CMS-remark: 149783K(174784K)] 160427K(253440K), 0.0231011 secs] [Times: user=0.14 sys=0.01, real=0.02 secs] 
2026-06-18T14:07:38.816+0800: 9.723: [CMS-concurrent-sweep-start]
2026-06-18T14:07:38.817+0800: 9.723: [CMS-concurrent-sweep: 0.000/0.000 secs] [Times: user=0.00 sys=0.00, real=0.00 secs] 
2026-06-18T14:07:38.818+0800: 9.724: [CMS-concurrent-reset-start]
2026-06-18T14:07:38.818+0800: 9.724: [CMS-concurrent-reset: 0.000/0.000 secs] [Times: user=0.00 sys=0.00, real=0.00 secs] 
2026-06-18T14:07:38.986+0800: 9.892: [GC (Allocation Failure) 2026-06-18T14:07:38.988+0800: 9.895: [ParNew: 78639K->8702K(78656K), 0.0164890 secs] 100913K->42365K(253440K), 0.0198434 secs] [Times: user=0.14 sys=0.00, real=0.02 secs] 
2026-06-18T14:07:39.192+0800: 10.098: [GC (Allocation Failure) 2026-06-18T14:07:39.193+0800: 10.099: [ParNew: 78654K->8668K(78656K), 0.0155018 secs] 112317K->47738K(253440K), 0.0176573 secs] [Times: user=0.12 sys=0.00, real=0.02 secs] 
2026-06-18T14:07:39.392+0800: 10.298: [GC (Allocation Failure) 2026-06-18T14:07:39.393+0800: 10.300: [ParNew: 78620K->8652K(78656K), 0.0168575 secs] 117690K->53754K(253440K), 0.0195885 secs] [Times: user=0.15 sys=0.00, real=0.02 secs] 
2026-06-18T14:07:39.593+0800: 10.500: [GC (Allocation Failure) 2026-06-18T14:07:39.595+0800: 10.502: [ParNew: 78604K->8640K(78656K), 0.0150903 secs] 123706K->59995K(253440K), 0.0189233 secs] [Times: user=0.12 sys=0.01, real=0.02 secs] 
2026-06-18T14:07:39.782+0800: 10.689: [GC (Allocation Failure) 2026-06-18T14:07:39.783+0800: 10.690: [ParNew: 78592K->8699K(78656K), 0.0139177 secs] 129947K->68758K(253440K), 0.0166161 secs] [Times: user=0.12 sys=0.00, real=0.01 secs] 
2026-06-18T14:07:39.981+0800: 10.888: [GC (Allocation Failure) 2026-06-18T14:07:39.983+0800: 10.890: [ParNew: 78651K->8691K(78656K), 0.0157936 secs] 138710K->76566K(253440K), 0.0197389 secs] [Times: user=0.13 sys=0.00, real=0.03 secs] 
2026-06-18T14:07:40.175+0800: 11.081: [GC (Allocation Failure) 2026-06-18T14:07:40.176+0800: 11.083: [ParNew: 78643K->8656K(78656K), 0.0141653 secs] 146518K->83148K(253440K), 0.0173273 secs] [Times: user=0.14 sys=0.00, real=0.02 secs] 
2026-06-18T14:07:40.375+0800: 11.282: [GC (Allocation Failure) 2026-06-18T14:07:40.377+0800: 11.283: [ParNew: 78608K->8662K(78656K), 0.0101658 secs] 153100K->93027K(253440K), 0.0130821 secs] [Times: user=0.07 sys=0.01, real=0.02 secs] 
2026-06-18T14:07:40.560+0800: 11.467: [GC (Allocation Failure) 2026-06-18T14:07:40.561+0800: 11.468: [ParNew: 78458K->8694K(78656K), 0.0155347 secs] 162823K->103782K(253440K), 0.0171035 secs] [Times: user=0.12 sys=0.01, real=0.02 secs] 
2026-06-18T14:07:40.761+0800: 11.667: [GC (Allocation Failure) 2026-06-18T14:07:40.769+0800: 11.675: [ParNew: 78646K->8694K(78656K), 0.4903850 secs] 173734K->117079K(253440K), 0.5167593 secs] [Times: user=0.02 sys=0.02, real=0.65 secs] 
2026-06-18T14:07:41.748+0800: 12.655: [GC (Allocation Failure) 2026-06-18T14:07:41.749+0800: 12.656: [ParNew: 78646K->8702K(78656K), 0.0071835 secs] 187031K->123497K(253440K), 0.0083644 secs] [Times: user=0.09 sys=0.00, real=0.01 secs] 
2026-06-18T14:07:41.936+0800: 12.843: [GC (Allocation Failure) 2026-06-18T14:07:41.938+0800: 12.845: [ParNew: 78654K->8702K(78656K), 0.0145920 secs] 193449K->127762K(253440K), 0.0177368 secs] [Times: user=0.15 sys=0.03, real=0.02 secs] 
2026-06-18T14:07:42.133+0800: 13.039: [GC (Allocation Failure) 2026-06-18T14:07:42.134+0800: 13.041: [ParNew: 78654K->8667K(78656K), 0.0116946 secs] 197714K->134323K(253440K), 0.0150416 secs] [Times: user=0.11 sys=0.02, real=0.01 secs] 
2026-06-18T14:07:42.320+0800: 13.226: [GC (Allocation Failure) 2026-06-18T14:07:42.322+0800: 13.228: [ParNew: 78619K->8697K(78656K), 0.0114450 secs] 204275K->141318K(253440K), 0.0152687 secs] [Times: user=0.12 sys=0.01, real=0.02 secs] 
2026-06-18T14:07:42.506+0800: 13.412: [GC (Allocation Failure) 2026-06-18T14:07:42.508+0800: 13.414: [ParNew: 78649K->8698K(78656K), 0.0172721 secs] 211270K->152719K(253440K), 0.0199524 secs] [Times: user=0.12 sys=0.00, real=0.02 secs] 
2026-06-18T14:07:42.708+0800: 13.615: [GC (Allocation Failure) 2026-06-18T14:07:42.710+0800: 13.616: [ParNew: 78570K->8561K(78656K), 0.0155278 secs] 222591K->158008K(253440K), 0.0177784 secs] [Times: user=0.16 sys=0.00, real=0.02 secs] 
2026-06-18T14:07:42.906+0800: 13.812: [GC (Allocation Failure) 2026-06-18T14:07:42.907+0800: 13.814: [ParNew: 78513K->8703K(78656K), 0.0089689 secs] 227960K->170810K(253440K), 0.0116943 secs] [Times: user=0.09 sys=0.00, real=0.01 secs] 
2026-06-18T14:07:42.919+0800: 13.825: [GC (CMS Initial Mark) [1 CMS-initial-mark: 162106K(174784K)] 172283K(253440K), 0.0040945 secs] [Times: user=0.00 sys=0.00, real=0.01 secs] 
2026-06-18T14:07:42.926+0800: 13.833: [CMS-concurrent-mark-start]
2026-06-18T14:07:42.927+0800: 13.833: [CMS-concurrent-mark: 0.000/0.000 secs] [Times: user=0.00 sys=0.00, real=0.00 secs] 
2026-06-18T14:07:42.928+0800: 13.834: [CMS-concurrent-preclean-start]
2026-06-18T14:07:42.928+0800: 13.834: [CMS-concurrent-preclean: 0.000/0.000 secs] [Times: user=0.00 sys=0.00, real=0.00 secs] 
2026-06-18T14:07:42.929+0800: 13.836: [CMS-concurrent-abortable-preclean-start]
2026-06-18T14:07:42.929+0800: 13.836: [CMS-concurrent-abortable-preclean: 0.000/0.000 secs] [Times: user=0.00 sys=0.00, real=0.00 secs] 
2026-06-18T14:07:42.931+0800: 13.837: [GC (CMS Final Remark) [YG occupancy: 14462 K (78656 K)]2026-06-18T14:07:42.932+0800: 13.839: [Rescan (parallel) , 0.0078388 secs]2026-06-18T14:07:42.941+0800: 13.848: [weak refs processing, 0.0013664 secs]2026-06-18T14:07:42.944+0800: 13.851: [class unloading, 0.0017104 secs]2026-06-18T14:07:42.947+0800: 13.854: [scrub symbol table, 0.0015273 secs]2026-06-18T14:07:42.950+0800: 13.856: [scrub string table, 0.0006256 secs][1 CMS-remark: 162106K(174784K)] 176568K(253440K), 0.0205954 secs] [Times: user=0.06 sys=0.00, real=0.02 secs] 
2026-06-18T14:07:42.953+0800: 13.860: [CMS-concurrent-sweep-start]
2026-06-18T14:07:42.954+0800: 13.860: [CMS-concurrent-sweep: 0.000/0.000 secs] [Times: user=0.00 sys=0.00, real=0.00 secs] 
2026-06-18T14:07:42.955+0800: 13.861: [CMS-concurrent-reset-start]
2026-06-18T14:07:42.955+0800: 13.862: [CMS-concurrent-reset: 0.000/0.000 secs] [Times: user=0.00 sys=0.00, real=0.00 secs] 
2026-06-18T14:07:43.110+0800: 14.016: [GC (Allocation Failure) 2026-06-18T14:07:43.111+0800: 14.018: [ParNew: 78655K->8691K(78656K), 0.0120225 secs] 102471K->42187K(253440K), 0.0147562 secs] [Times: user=0.09 sys=0.00, real=0.02 secs] 
2026-06-18T14:07:43.303+0800: 14.209: [GC (Allocation Failure) 2026-06-18T14:07:43.304+0800: 14.210: [ParNew: 78643K->8658K(78656K), 0.0097467 secs] 112139K->52463K(253440K), 0.0117034 secs] [Times: user=0.12 sys=0.01, real=0.01 secs] 
2026-06-18T14:07:43.483+0800: 14.389: [GC (Allocation Failure) 2026-06-18T14:07:43.484+0800: 14.391: [ParNew: 78610K->8699K(78656K), 0.0118733 secs] 122415K->59356K(253440K), 0.0142758 secs] [Times: user=0.15 sys=0.00, real=0.01 secs] 
2026-06-18T14:07:43.676+0800: 14.583: [GC (Allocation Failure) 2026-06-18T14:07:43.677+0800: 14.584: [ParNew: 78651K->8702K(78656K), 0.0058608 secs] 129308K->66337K(253440K), 0.0076921 secs] [Times: user=0.06 sys=0.00, real=0.01 secs] 
2026-06-18T14:07:43.851+0800: 14.758: [GC (Allocation Failure) 2026-06-18T14:07:43.852+0800: 14.759: [ParNew: 78654K->8699K(78656K), 0.0045739 secs] 136289K->76324K(253440K), 0.0069602 secs] [Times: user=0.04 sys=0.00, real=0.00 secs] 
2026-06-18T14:07:44.036+0800: 14.942: [GC (Allocation Failure) 2026-06-18T14:07:44.037+0800: 14.944: [ParNew: 78651K->8703K(78656K), 0.0112586 secs] 146276K->84142K(253440K), 0.0140574 secs] [Times: user=0.10 sys=0.01, real=0.02 secs] 
2026-06-18T14:07:44.223+0800: 15.129: [GC (Allocation Failure) 2026-06-18T14:07:44.224+0800: 15.131: [ParNew: 77815K->8649K(78656K), 0.0249770 secs] 153254K->91136K(253440K), 0.0278244 secs] [Times: user=0.24 sys=0.00, real=0.03 secs] 
2026-06-18T14:07:44.430+0800: 15.337: [GC (Allocation Failure) 2026-06-18T14:07:44.432+0800: 15.339: [ParNew: 78601K->8699K(78656K), 0.0149565 secs] 161088K->100784K(253440K), 0.0190908 secs] [Times: user=0.15 sys=0.00, real=0.02 secs] 
2026-06-18T14:07:44.632+0800: 15.538: [GC (Allocation Failure) 2026-06-18T14:07:44.634+0800: 15.541: [ParNew: 78651K->8596K(78656K), 0.0149054 secs] 170736K->110368K(253440K), 0.0184267 secs] [Times: user=0.12 sys=0.01, real=0.02 secs] 
2026-06-18T14:07:44.823+0800: 15.730: [GC (Allocation Failure) 2026-06-18T14:07:44.829+0800: 15.735: [ParNew: 78408K->8700K(78656K), 0.0181172 secs] 180180K->117823K(253440K), 0.0243876 secs] [Times: user=0.13 sys=0.00, real=0.02 secs] 
2026-06-18T14:07:45.029+0800: 15.935: [GC (Allocation Failure) 2026-06-18T14:07:45.030+0800: 15.937: [ParNew: 78652K->8691K(78656K), 0.0226426 secs] 187775K->131255K(253440K), 0.0257345 secs] [Times: user=0.20 sys=0.00, real=0.03 secs] 
2026-06-18T14:07:45.237+0800: 16.144: [GC (Allocation Failure) 2026-06-18T14:07:45.238+0800: 16.145: [ParNew: 78622K->8701K(78656K), 0.0146516 secs] 201186K->138586K(253440K), 0.0180066 secs] [Times: user=0.10 sys=0.00, real=0.02 secs] 
2026-06-18T14:07:45.439+0800: 16.346: [GC (Allocation Failure) 2026-06-18T14:07:45.441+0800: 16.348: [ParNew: 78653K->8679K(78656K), 0.0148386 secs] 208538K->147299K(253440K), 0.0183335 secs] [Times: user=0.11 sys=0.00, real=0.02 secs] 
2026-06-18T14:07:45.639+0800: 16.545: [GC (Allocation Failure) 2026-06-18T14:07:45.640+0800: 16.547: [ParNew: 78631K->8695K(78656K), 0.0356062 secs] 217251K->155802K(253440K), 0.0378981 secs] [Times: user=0.33 sys=0.00, real=0.04 secs] 
2026-06-18T14:07:45.855+0800: 16.761: [GC (Allocation Failure) 2026-06-18T14:07:45.855+0800: 16.762: [ParNew: 78647K->8689K(78656K), 0.0196933 secs] 225754K->163604K(253440K), 0.0213899 secs] [Times: user=0.15 sys=0.00, real=0.02 secs] 
2026-06-18T14:07:45.877+0800: 16.784: [GC (CMS Initial Mark) [1 CMS-initial-mark: 154915K(174784K)] 165137K(253440K), 0.0013561 secs] [Times: user=0.00 sys=0.00, real=0.00 secs] 
2026-06-18T14:07:45.880+0800: 16.786: [CMS-concurrent-mark-start]
2026-06-18T14:07:45.882+0800: 16.789: [CMS-concurrent-mark: 0.003/0.003 secs] [Times: user=0.01 sys=0.00, real=0.01 secs] 
2026-06-18T14:07:45.883+0800: 16.789: [CMS-concurrent-preclean-start]
2026-06-18T14:07:45.883+0800: 16.789: [CMS-concurrent-preclean: 0.000/0.000 secs] [Times: user=0.00 sys=0.00, real=0.00 secs] 
2026-06-18T14:07:45.884+0800: 16.790: [CMS-concurrent-abortable-preclean-start]
2026-06-18T14:07:46.049+0800: 16.956: [GC (Allocation Failure) 2026-06-18T14:07:46.055+0800: 16.961: [ParNew2026-06-18T14:07:46.085+0800: 16.991: [CMS-concurrent-abortable-preclean: 0.001/0.201 secs] [Times: user=0.16 sys=0.00, real=0.20 secs] 
: 78641K->8693K(78656K), 0.0366493 secs] 233556K->172755K(253440K), 0.0436330 secs] [Times: user=0.30 sys=0.00, real=0.05 secs] 
2026-06-18T14:07:46.095+0800: 17.001: [GC (CMS Final Remark) [YG occupancy: 10129 K (78656 K)]2026-06-18T14:07:46.095+0800: 17.002: [Rescan (parallel) , 0.0035876 secs]2026-06-18T14:07:46.100+0800: 17.006: [weak refs processing, 0.0019605 secs]2026-06-18T14:07:46.102+0800: 17.009: [class unloading, 0.0008201 secs]2026-06-18T14:07:46.104+0800: 17.010: [scrub symbol table, 0.0009930 secs]2026-06-18T14:07:46.105+0800: 17.012: [scrub string table, 0.0008026 secs][1 CMS-remark: 164061K(174784K)] 174191K(253440K), 0.0123794 secs] [Times: user=0.03 sys=0.00, real=0.01 secs] 
2026-06-18T14:07:46.109+0800: 17.015: [CMS-concurrent-sweep-start]
2026-06-18T14:07:46.109+0800: 17.016: [CMS-concurrent-sweep: 0.000/0.000 secs] [Times: user=0.00 sys=0.00, real=0.00 secs] 
2026-06-18T14:07:46.110+0800: 17.016: [CMS-concurrent-reset-start]
2026-06-18T14:07:46.110+0800: 17.017: [CMS-concurrent-reset: 0.000/0.000 secs] [Times: user=0.00 sys=0.00, real=0.00 secs] 
2026-06-18T14:07:46.277+0800: 17.184: [GC (Allocation Failure) 2026-06-18T14:07:46.279+0800: 17.186: [ParNew: 78645K->8678K(78656K), 0.0477777 secs] 104789K->44331K(253440K), 0.0514348 secs] [Times: user=0.40 sys=0.00, real=0.05 secs] 
2026-06-18T14:07:46.507+0800: 17.414: [GC (Allocation Failure) 2026-06-18T14:07:46.508+0800: 17.415: [ParNew: 78630K->8702K(78656K), 0.0039375 secs] 114283K->53836K(253440K), 0.0063542 secs] [Times: user=0.01 sys=0.00, real=0.01 secs] 
2026-06-18T14:07:46.691+0800: 17.598: [GC (Allocation Failure) 2026-06-18T14:07:46.701+0800: 17.608: [ParNew: 78654K->8674K(78656K), 0.0136755 secs] 123788K->64186K(253440K), 0.0247036 secs] [Times: user=0.15 sys=0.00, real=0.02 secs] 
2026-06-18T14:07:46.895+0800: 17.801: [GC (Allocation Failure) 2026-06-18T14:07:46.896+0800: 17.802: [ParNew: 78611K->8664K(78656K), 0.0133704 secs] 134123K->69601K(253440K), 0.0157066 secs] [Times: user=0.11 sys=0.01, real=0.02 secs] 
2026-06-18T14:07:47.089+0800: 17.996: [GC (Allocation Failure) 2026-06-18T14:07:47.090+0800: 17.997: [ParNew: 78616K->8644K(78656K), 0.0186944 secs] 139553K->75937K(253440K), 0.0206511 secs] [Times: user=0.12 sys=0.00, real=0.03 secs] 
2026-06-18T14:07:47.293+0800: 18.199: [GC (Allocation Failure) 2026-06-18T14:07:47.294+0800: 18.201: [ParNew: 78596K->8694K(78656K), 0.0052336 secs] 145889K->82688K(253440K), 0.0084261 secs] [Times: user=0.02 sys=0.00, real=0.01 secs] 
2026-06-18T14:07:47.472+0800: 18.379: [GC (Allocation Failure) 2026-06-18T14:07:47.473+0800: 18.380: [ParNew: 78471K->8688K(78656K), 0.0152709 secs] 152464K->88874K(253440K), 0.0172610 secs] [Times: user=0.11 sys=0.00, real=0.02 secs] 
2026-06-18T14:07:47.670+0800: 18.576: [GC (Allocation Failure) 2026-06-18T14:07:47.671+0800: 18.577: [ParNew: 78640K->8700K(78656K), 0.0148928 secs] 158826K->99344K(253440K), 0.0167908 secs] [Times: user=0.11 sys=0.00, real=0.02 secs] 
2026-06-18T14:07:47.867+0800: 18.773: [GC (Allocation Failure) 2026-06-18T14:07:47.868+0800: 18.774: [ParNew: 78652K->8697K(78656K), 0.0180735 secs] 169296K->108644K(253440K), 0.0198654 secs] [Times: user=0.14 sys=0.00, real=0.02 secs] 
2026-06-18T14:07:48.067+0800: 18.973: [GC (Allocation Failure) 2026-06-18T14:07:48.068+0800: 18.975: [ParNew: 78649K->8700K(78656K), 0.0238289 secs] 178596K->116174K(253440K), 0.0255115 secs] [Times: user=0.19 sys=0.00, real=0.03 secs] 
2026-06-18T14:07:48.272+0800: 19.178: [GC (Allocation Failure) 2026-06-18T14:07:48.277+0800: 19.184: [ParNew: 78652K->8602K(78656K), 0.0156109 secs] 186126K->127943K(253440K), 0.0226013 secs] [Times: user=0.11 sys=0.00, real=0.02 secs] 
2026-06-18T14:07:48.465+0800: 19.371: [GC (Allocation Failure) 2026-06-18T14:07:48.469+0800: 19.375: [ParNew: 78241K->8664K(78656K), 0.0102188 secs] 197581K->136783K(253440K), 0.0153530 secs] [Times: user=0.12 sys=0.01, real=0.01 secs] 
2026-06-18T14:07:48.661+0800: 19.568: [GC (Allocation Failure) 2026-06-18T14:07:48.662+0800: 19.569: [ParNew: 78573K->8596K(78656K), 0.0088810 secs] 206692K->143719K(253440K), 0.0107950 secs] [Times: user=0.07 sys=0.00, real=0.02 secs] 
2026-06-18T14:07:48.841+0800: 19.748: [GC (Allocation Failure) 2026-06-18T14:07:48.842+0800: 19.749: [ParNew: 78548K->8648K(78656K), 0.0203387 secs] 213671K->149984K(253440K), 0.0227862 secs] [Times: user=0.16 sys=0.00, real=0.03 secs] 
2026-06-18T14:07:49.045+0800: 19.952: [GC (Allocation Failure) 2026-06-18T14:07:49.049+0800: 19.956: [ParNew: 78600K->8580K(78656K), 0.0157327 secs] 219936K->159325K(253440K), 0.0210245 secs] [Times: user=0.12 sys=0.01, real=0.02 secs] 
2026-06-18T14:07:49.070+0800: 19.976: [GC (CMS Initial Mark) [1 CMS-initial-mark: 150744K(174784K)] 160817K(253440K), 0.0029521 secs] [Times: user=0.00 sys=0.00, real=0.01 secs] 
2026-06-18T14:07:49.075+0800: 19.982: [CMS-concurrent-mark-start]
2026-06-18T14:07:49.076+0800: 19.983: [CMS-concurrent-mark: 0.001/0.001 secs] [Times: user=0.00 sys=0.00, real=0.00 secs] 
2026-06-18T14:07:49.077+0800: 19.984: [CMS-concurrent-preclean-start]
2026-06-18T14:07:49.077+0800: 19.984: [CMS-concurrent-preclean: 0.000/0.000 secs] [Times: user=0.00 sys=0.00, real=0.00 secs] 
2026-06-18T14:07:49.078+0800: 19.985: [GC (CMS Final Remark) [YG occupancy: 10072 K (78656 K)]2026-06-18T14:07:49.079+0800: 19.986: [Rescan (parallel) , 0.0088637 secs]2026-06-18T14:07:49.090+0800: 19.996: [weak refs processing, 0.0013311 secs]2026-06-18T14:07:49.092+0800: 19.999: [class unloading, 0.0012917 secs]2026-06-18T14:07:49.094+0800: 20.001: [scrub symbol table, 0.0012805 secs]2026-06-18T14:07:49.097+0800: 20.003: [scrub string table, 0.0011296 secs][1 CMS-remark: 150744K(174784K)] 160817K(253440K), 0.0206755 secs] [Times: user=0.10 sys=0.00, real=0.02 secs] 
2026-06-18T14:07:49.102+0800: 20.008: [CMS-concurrent-sweep-start]
2026-06-18T14:07:49.102+0800: 20.008: [CMS-concurrent-sweep: 0.000/0.000 secs] [Times: user=0.00 sys=0.00, real=0.01 secs] 
2026-06-18T14:07:49.103+0800: 20.010: [CMS-concurrent-reset-start]
2026-06-18T14:07:49.103+0800: 20.010: [CMS-concurrent-reset: 0.000/0.000 secs] [Times: user=0.00 sys=0.00, real=0.00 secs] 
2026-06-18T14:07:49.274+0800: 20.180: [GC (Allocation Failure) 2026-06-18T14:07:49.275+0800: 20.181: [ParNew: 78532K->8675K(78656K), 0.0178436 secs] 98020K->38773K(253440K), 0.0200541 secs] [Times: user=0.14 sys=0.00, real=0.02 secs] 
2026-06-18T14:07:49.474+0800: 20.380: [GC (Allocation Failure) 2026-06-18T14:07:49.475+0800: 20.382: [ParNew: 78627K->8677K(78656K), 0.0138727 secs] 108725K->46212K(253440K), 0.0165534 secs] [Times: user=0.14 sys=0.00, real=0.02 secs] 
2026-06-18T14:07:49.672+0800: 20.579: [GC (Allocation Failure) 2026-06-18T14:07:49.675+0800: 20.582: [ParNew: 78629K->8667K(78656K), 0.0144190 secs] 116164K->54438K(253440K), 0.0185617 secs] [Times: user=0.10 sys=0.00, real=0.02 secs] 
2026-06-18T14:07:49.861+0800: 20.767: [GC (Allocation Failure) 2026-06-18T14:07:49.862+0800: 20.768: [ParNew: 78619K->8612K(78656K), 0.0202716 secs] 124390K->62331K(253440K), 0.0227718 secs] [Times: user=0.18 sys=0.01, real=0.03 secs] 
2026-06-18T14:07:50.064+0800: 20.971: [GC (Allocation Failure) 2026-06-18T14:07:50.066+0800: 20.973: [ParNew: 78564K->8678K(78656K), 0.0155331 secs] 132283K->74484K(253440K), 0.0183710 secs] [Times: user=0.11 sys=0.00, real=0.02 secs] 
2026-06-18T14:07:50.251+0800: 21.157: [GC (Allocation Failure) 2026-06-18T14:07:50.252+0800: 21.158: [ParNew: 78630K->8613K(78656K), 0.0184261 secs] 144436K->87410K(253440K), 0.0212807 secs] [Times: user=0.17 sys=0.00, real=0.02 secs] 
2026-06-18T14:07:50.452+0800: 21.358: [GC (Allocation Failure) 2026-06-18T14:07:50.458+0800: 21.364: [ParNew: 78565K->8674K(78656K), 0.0163218 secs] 157362K->93305K(253440K), 0.0232037 secs] [Times: user=0.16 sys=0.00, real=0.02 secs] 
2026-06-18T14:07:50.644+0800: 21.550: [GC (Allocation Failure) 2026-06-18T14:07:50.678+0800: 21.584: [ParNew: 78626K->8693K(78656K), 0.0129048 secs] 163257K->98476K(253440K), 0.0503738 secs] [Times: user=0.15 sys=0.00, real=0.05 secs] 
2026-06-18T14:07:50.874+0800: 21.780: [GC (Allocation Failure) 2026-06-18T14:07:50.875+0800: 21.781: [ParNew: 78645K->8655K(78656K), 0.0176492 secs] 168428K->107520K(253440K), 0.0195335 secs] [Times: user=0.17 sys=0.00, real=0.02 secs] 
2026-06-18T14:07:51.072+0800: 21.979: [GC (Allocation Failure) 2026-06-18T14:07:51.073+0800: 21.980: [ParNew: 78607K->8661K(78656K), 0.0111128 secs] 177472K->115478K(253440K), 0.0136039 secs] [Times: user=0.11 sys=0.00, real=0.01 secs] 
2026-06-18T14:07:51.265+0800: 22.172: [GC (Allocation Failure) 2026-06-18T14:07:51.266+0800: 22.173: [ParNew: 78613K->8588K(78656K), 0.0176158 secs] 185430K->122150K(253440K), 0.0196858 secs] [Times: user=0.13 sys=0.00, real=0.02 secs] 
2026-06-18T14:07:51.454+0800: 22.360: [GC (Allocation Failure) 2026-06-18T14:07:51.455+0800: 22.362: [ParNew: 78540K->8691K(78656K), 0.0141010 secs] 192102K->132955K(253440K), 0.0163528 secs] [Times: user=0.13 sys=0.01, real=0.02 secs] 
2026-06-18T14:07:51.649+0800: 22.555: [GC (Allocation Failure) 2026-06-18T14:07:51.651+0800: 22.557: [ParNew: 78643K->8703K(78656K), 0.0158932 secs] 202907K->142111K(253440K), 0.0192404 secs] [Times: user=0.15 sys=0.00, real=0.02 secs] 
2026-06-18T14:07:51.847+0800: 22.754: [GC (Allocation Failure) 2026-06-18T14:07:51.849+0800: 22.755: [ParNew: 78655K->8676K(78656K), 0.0121575 secs] 212063K->151966K(253440K), 0.0146450 secs] [Times: user=0.10 sys=0.00, real=0.02 secs] 
2026-06-18T14:07:52.032+0800: 22.938: [GC (Allocation Failure) 2026-06-18T14:07:52.033+0800: 22.939: [ParNew: 78623K->8642K(78656K), 0.0161956 secs] 221912K->161057K(253440K), 0.0186228 secs] [Times: user=0.14 sys=0.00, real=0.02 secs] 
2026-06-18T14:07:52.055+0800: 22.961: [GC (CMS Initial Mark) [1 CMS-initial-mark: 152414K(174784K)] 162604K(253440K), 0.0024909 secs] [Times: user=0.00 sys=0.00, real=0.00 secs] 
2026-06-18T14:07:52.061+0800: 22.967: [CMS-concurrent-mark-start]
2026-06-18T14:07:52.061+0800: 22.968: [CMS-concurrent-mark: 0.000/0.000 secs] [Times: user=0.00 sys=0.00, real=0.00 secs] 
2026-06-18T14:07:52.062+0800: 22.969: [CMS-concurrent-preclean-start]
2026-06-18T14:07:52.062+0800: 22.969: [CMS-concurrent-preclean: 0.000/0.000 secs] [Times: user=0.00 sys=0.00, real=0.00 secs] 
2026-06-18T14:07:52.064+0800: 22.971: [GC (CMS Final Remark) [YG occupancy: 10189 K (78656 K)]2026-06-18T14:07:52.065+0800: 22.972: [Rescan (parallel) , 0.0116616 secs]2026-06-18T14:07:52.078+0800: 22.985: [weak refs processing, 0.0010148 secs]2026-06-18T14:07:52.080+0800: 22.986: [class unloading, 0.0006316 secs]2026-06-18T14:07:52.081+0800: 22.988: [scrub symbol table, 0.0009259 secs]2026-06-18T14:07:52.083+0800: 22.989: [scrub string table, 0.0009090 secs][1 CMS-remark: 152414K(174784K)] 162604K(253440K), 0.0202504 secs] [Times: user=0.13 sys=0.00, real=0.02 secs] 
2026-06-18T14:07:52.086+0800: 22.993: [CMS-concurrent-sweep-start]
2026-06-18T14:07:52.087+0800: 22.993: [CMS-concurrent-sweep: 0.000/0.000 secs] [Times: user=0.00 sys=0.00, real=0.00 secs] 
2026-06-18T14:07:52.087+0800: 22.994: [CMS-concurrent-reset-start]
2026-06-18T14:07:52.088+0800: 22.994: [CMS-concurrent-reset: 0.000/0.000 secs] [Times: user=0.00 sys=0.00, real=0.00 secs] 
2026-06-18T14:07:52.253+0800: 23.159: [GC (Allocation Failure) 2026-06-18T14:07:52.254+0800: 23.160: [ParNew: 78594K->8701K(78656K), 0.0140303 secs] 91655K->29953K(253440K), 0.0167360 secs] [Times: user=0.13 sys=0.00, real=0.02 secs] 
2026-06-18T14:07:52.448+0800: 23.355: [GC (Allocation Failure) 2026-06-18T14:07:52.450+0800: 23.356: [ParNew: 78653K->8698K(78656K), 0.0142913 secs] 99905K->38094K(253440K), 0.0161995 secs] [Times: user=0.14 sys=0.00, real=0.02 secs] 
2026-06-18T14:07:52.633+0800: 23.539: [GC (Allocation Failure) 2026-06-18T14:07:52.634+0800: 23.540: [ParNew: 78650K->8697K(78656K), 0.0134079 secs] 108046K->46266K(253440K), 0.0156923 secs] [Times: user=0.14 sys=0.00, real=0.01 secs] 
2026-06-18T14:07:52.827+0800: 23.734: [GC (Allocation Failure) 2026-06-18T14:07:52.837+0800: 23.743: [ParNew: 78646K->8673K(78656K), 0.0248464 secs] 116215K->54839K(253440K), 0.0354910 secs] [Times: user=0.10 sys=0.01, real=0.04 secs] 
2026-06-18T14:07:53.046+0800: 23.953: [GC (Allocation Failure) 2026-06-18T14:07:53.048+0800: 23.955: [ParNew: 78625K->8609K(78656K), 0.0128637 secs] 124791K->60621K(253440K), 0.0167075 secs] [Times: user=0.10 sys=0.00, real=0.02 secs] 
2026-06-18T14:07:53.231+0800: 24.137: [GC (Allocation Failure) 2026-06-18T14:07:53.231+0800: 24.138: [ParNew: 78561K->8606K(78656K), 0.0187380 secs] 130573K->71371K(253440K), 0.0202887 secs] [Times: user=0.16 sys=0.01, real=0.02 secs] 
2026-06-18T14:07:53.430+0800: 24.337: [GC (Allocation Failure) 2026-06-18T14:07:53.431+0800: 24.337: [ParNew: 78558K->8688K(78656K), 0.0132664 secs] 141323K->80321K(253440K), 0.0148196 secs] [Times: user=0.14 sys=0.00, real=0.01 secs] 
2026-06-18T14:07:53.623+0800: 24.530: [GC (Allocation Failure) 2026-06-18T14:07:53.624+0800: 24.531: [ParNew: 78640K->8688K(78656K), 0.0170982 secs] 150273K->89886K(253440K), 0.0197397 secs] [Times: user=0.18 sys=0.00, real=0.02 secs] 
2026-06-18T14:07:53.812+0800: 24.718: [GC (Allocation Failure) 2026-06-18T14:07:53.813+0800: 24.720: [ParNew: 78640K->8692K(78656K), 0.0239554 secs] 159838K->99179K(253440K), 0.0266270 secs] [Times: user=0.25 sys=0.00, real=0.02 secs] 
2026-06-18T14:07:54.018+0800: 24.924: [GC (Allocation Failure) 2026-06-18T14:07:54.019+0800: 24.926: [ParNew: 78644K->8654K(78656K), 0.0115845 secs] 169131K->106696K(253440K), 0.0141382 secs] [Times: user=0.11 sys=0.01, real=0.02 secs] 
2026-06-18T14:07:54.201+0800: 25.107: [GC (Allocation Failure) 2026-06-18T14:07:54.202+0800: 25.108: [ParNew: 78606K->8591K(78656K), 0.0113396 secs] 176648K->113949K(253440K), 0.0135612 secs] [Times: user=0.09 sys=0.00, real=0.02 secs] 
2026-06-18T14:07:54.404+0800: 25.310: [GC (Allocation Failure) 2026-06-18T14:07:54.405+0800: 25.311: [ParNew: 78543K->8650K(78656K), 0.0146560 secs] 183901K->120444K(253440K), 0.0170979 secs] [Times: user=0.14 sys=0.00, real=0.02 secs] 
2026-06-18T14:07:54.590+0800: 25.497: [GC (Allocation Failure) 2026-06-18T14:07:54.591+0800: 25.498: [ParNew: 78602K->8703K(78656K), 0.0169987 secs] 190396K->131224K(253440K), 0.0209704 secs] [Times: user=0.14 sys=0.00, real=0.02 secs] 
2026-06-18T14:07:55.937+0800: 25.699: [GC (Allocation Failure) 2026-06-18T14:07:55.938+0800: 25.700: [ParNew: 78655K->8696K(78656K), 0.0269778 secs] 201176K->138420K(253440K), 0.0292007 secs] [Times: user=0.26 sys=0.01, real=0.03 secs] 
2026-06-18T14:07:56.145+0800: 25.908: [GC (Allocation Failure) 2026-06-18T14:07:56.146+0800: 25.908: [ParNew: 78648K->8617K(78656K), 0.0173425 secs] 208372K->146575K(253440K), 0.0189236 secs] [Times: user=0.13 sys=0.00, real=0.02 secs] 
2026-06-18T14:07:56.333+0800: 26.096: [GC (Allocation Failure) 2026-06-18T14:07:56.348+0800: 26.110: [ParNew: 78569K->8657K(78656K), 0.0204911 secs] 216527K->153376K(253440K), 0.0409430 secs] [Times: user=0.15 sys=0.00, real=0.05 secs] 
2026-06-18T14:07:56.556+0800: 26.318: [GC (Allocation Failure) 2026-06-18T14:07:56.557+0800: 26.320: [ParNew: 78609K->8652K(78656K), 0.0097060 secs] 223328K->165195K(253440K), 0.0117014 secs] [Times: user=0.09 sys=0.00, real=0.01 secs] 
2026-06-18T14:07:56.569+0800: 26.332: [GC (CMS Initial Mark) [1 CMS-initial-mark: 156543K(174784K)] 166705K(253440K), 0.0016149 secs] [Times: user=0.00 sys=0.00, real=0.00 secs] 
2026-06-18T14:07:56.574+0800: 26.337: [CMS-concurrent-mark-start]
2026-06-18T14:07:56.574+0800: 26.337: [CMS-concurrent-mark: 0.000/0.000 secs] [Times: user=0.00 sys=0.00, real=0.00 secs] 
2026-06-18T14:07:56.575+0800: 26.338: [CMS-concurrent-preclean-start]
2026-06-18T14:07:56.575+0800: 26.338: [CMS-concurrent-preclean: 0.000/0.000 secs] [Times: user=0.00 sys=0.00, real=0.00 secs] 
2026-06-18T14:07:56.576+0800: 26.339: [CMS-concurrent-abortable-preclean-start]
2026-06-18T14:07:56.742+0800: 26.504: [GC (Allocation Failure) 2026-06-18T14:07:56.754+0800: 26.516: [ParNew: 78604K->8659K(78656K), 0.0123330 secs] 235147K->178981K(253440K), 0.0255209 secs] [Times: user=0.13 sys=0.00, real=0.03 secs] 
2026-06-18T14:07:56.769+0800: 26.532: [CMS-concurrent-abortable-preclean: 0.000/0.193 secs] [Times: user=0.13 sys=0.00, real=0.19 secs] 
2026-06-18T14:07:56.770+0800: 26.532: [GC (CMS Final Remark) [YG occupancy: 11821 K (78656 K)]2026-06-18T14:07:56.770+0800: 26.533: [Rescan (parallel) , 0.0042747 secs]2026-06-18T14:07:56.775+0800: 26.538: [weak refs processing, 0.0006151 secs]2026-06-18T14:07:56.776+0800: 26.539: [class unloading, 0.0007436 secs]2026-06-18T14:07:56.777+0800: 26.540: [scrub symbol table, 0.0009572 secs]2026-06-18T14:07:56.779+0800: 26.542: [scrub string table, 0.0011245 secs][1 CMS-remark: 170322K(174784K)] 182143K(253440K), 0.0116505 secs] [Times: user=0.02 sys=0.00, real=0.01 secs] 
2026-06-18T14:07:56.783+0800: 26.545: [CMS-concurrent-sweep-start]
2026-06-18T14:07:56.783+0800: 26.546: [CMS-concurrent-sweep: 0.000/0.000 secs] [Times: user=0.00 sys=0.00, real=0.00 secs] 
2026-06-18T14:07:56.784+0800: 26.547: [CMS-concurrent-reset-start]
2026-06-18T14:07:56.784+0800: 26.547: [CMS-concurrent-reset: 0.000/0.000 secs] [Times: user=0.00 sys=0.00, real=0.00 secs] 
2026-06-18T14:07:56.950+0800: 26.712: [GC (Allocation Failure) 2026-06-18T14:07:56.951+0800: 26.714: [ParNew: 78611K->8699K(78656K), 0.0150883 secs] 111556K->47822K(253440K), 0.0179504 secs] [Times: user=0.15 sys=0.00, real=0.02 secs] 
2026-06-18T14:07:57.139+0800: 26.901: [GC (Allocation Failure) 2026-06-18T14:07:57.140+0800: 26.903: [ParNew: 78623K->8698K(78656K), 0.0124984 secs] 117746K->53423K(253440K), 0.0152832 secs] [Times: user=0.11 sys=0.00, real=0.02 secs] 
2026-06-18T14:07:57.334+0800: 27.097: [GC (Allocation Failure) 2026-06-18T14:07:57.335+0800: 27.097: [ParNew: 78650K->8693K(78656K), 0.0134500 secs] 123375K->61880K(253440K), 0.0158023 secs] [Times: user=0.12 sys=0.00, real=0.02 secs] 
2026-06-18T14:07:57.535+0800: 27.297: [GC (Allocation Failure) 2026-06-18T14:07:57.537+0800: 27.300: [ParNew: 78336K->8590K(78656K), 0.0094363 secs] 131522K->69365K(253440K), 0.0124048 secs] [Times: user=0.09 sys=0.00, real=0.01 secs] 
2026-06-18T14:07:57.726+0800: 27.489: [GC (Allocation Failure) 2026-06-18T14:07:57.728+0800: 27.491: [ParNew: 78542K->8701K(78656K), 0.0163721 secs] 139317K->79254K(253440K), 0.0198570 secs] [Times: user=0.15 sys=0.01, real=0.02 secs] 
2026-06-18T14:07:57.926+0800: 27.688: [GC (Allocation Failure) 2026-06-18T14:07:57.926+0800: 27.689: [ParNew: 78653K->8659K(78656K), 0.0082812 secs] 149206K->87714K(253440K), 0.0125823 secs] [Times: user=0.07 sys=0.00, real=0.02 secs] 
2026-06-18T14:07:58.119+0800: 27.882: [GC (Allocation Failure) 2026-06-18T14:07:58.120+0800: 27.882: [ParNew: 78611K->8699K(78656K), 0.0130940 secs] 157666K->94800K(253440K), 0.0145582 secs] [Times: user=0.10 sys=0.00, real=0.02 secs] 
2026-06-18T14:07:58.302+0800: 28.065: [GC (Allocation Failure) 2026-06-18T14:07:58.303+0800: 28.066: [ParNew: 78651K->8703K(78656K), 0.0109145 secs] 164752K->107863K(253440K), 0.0129942 secs] [Times: user=0.09 sys=0.00, real=0.02 secs] 
2026-06-18T14:07:58.495+0800: 28.258: [GC (Allocation Failure) 2026-06-18T14:07:58.510+0800: 28.273: [ParNew: 78495K->8694K(78656K), 0.0129845 secs] 177655K->115436K(253440K), 0.0371472 secs] [Times: user=0.13 sys=0.00, real=0.04 secs] 
2026-06-18T14:07:58.718+0800: 28.480: [GC (Allocation Failure) 2026-06-18T14:07:58.719+0800: 28.482: [ParNew: 78646K->8650K(78656K), 0.0127677 secs] 185388K->121144K(253440K), 0.0192652 secs] [Times: user=0.11 sys=0.00, real=0.02 secs] 
2026-06-18T14:07:58.906+0800: 28.669: [GC (Allocation Failure) 2026-06-18T14:07:58.908+0800: 28.670: [ParNew: 78602K->8667K(78656K), 0.0137525 secs] 191096K->128162K(253440K), 0.0159761 secs] [Times: user=0.10 sys=0.01, real=0.01 secs] 
2026-06-18T14:07:59.111+0800: 28.874: [GC (Allocation Failure) 2026-06-18T14:07:59.112+0800: 28.875: [ParNew: 78619K->8654K(78656K), 0.0144475 secs] 198114K->134833K(253440K), 0.0179011 secs] [Times: user=0.16 sys=0.00, real=0.02 secs] 
2026-06-18T14:07:59.302+0800: 29.064: [GC (Allocation Failure) 2026-06-18T14:07:59.303+0800: 29.065: [ParNew: 78606K->8670K(78656K), 0.0105707 secs] 204785K->145710K(253440K), 0.0124770 secs] [Times: user=0.11 sys=0.00, real=0.02 secs] 
2026-06-18T14:07:59.491+0800: 29.254: [GC (Allocation Failure) 2026-06-18T14:07:59.492+0800: 29.255: [ParNew: 78622K->8685K(78656K), 0.0140857 secs] 215662K->153708K(253440K), 0.0156967 secs] [Times: user=0.14 sys=0.00, real=0.02 secs] 
2026-06-18T14:07:59.674+0800: 29.437: [GC (Allocation Failure) 2026-06-18T14:07:59.675+0800: 29.438: [ParNew: 78625K->8700K(78656K), 0.0165081 secs] 223648K->165356K(253440K), 0.0180316 secs] [Times: user=0.16 sys=0.00, real=0.01 secs] 
2026-06-18T14:07:59.693+0800: 29.456: [GC (CMS Initial Mark) [1 CMS-initial-mark: 156655K(174784K)] 166832K(253440K), 0.0013876 secs] [Times: user=0.00 sys=0.00, real=0.01 secs] 
2026-06-18T14:07:59.696+0800: 29.458: [CMS-concurrent-mark-start]
2026-06-18T14:07:59.696+0800: 29.459: [CMS-concurrent-mark: 0.000/0.000 secs] [Times: user=0.00 sys=0.00, real=0.00 secs] 
2026-06-18T14:07:59.696+0800: 29.459: [CMS-concurrent-preclean-start]
2026-06-18T14:07:59.696+0800: 29.459: [CMS-concurrent-preclean: 0.000/0.000 secs] [Times: user=0.00 sys=0.00, real=0.00 secs] 
2026-06-18T14:07:59.697+0800: 29.459: [GC (CMS Final Remark) [YG occupancy: 10176 K (78656 K)]2026-06-18T14:07:59.697+0800: 29.460: [Rescan (parallel) , 0.0118509 secs]2026-06-18T14:07:59.711+0800: 29.474: [weak refs processing, 0.0009360 secs]2026-06-18T14:07:59.713+0800: 29.476: [class unloading, 0.0011230 secs]2026-06-18T14:07:59.715+0800: 29.478: [scrub symbol table, 0.0008344 secs]2026-06-18T14:07:59.717+0800: 29.480: [scrub string table, 0.0008195 secs][1 CMS-remark: 156655K(174784K)] 166832K(253440K), 0.0221798 secs] [Times: user=0.16 sys=0.00, real=0.02 secs] 
2026-06-18T14:07:59.721+0800: 29.484: [CMS-concurrent-sweep-start]
2026-06-18T14:07:59.721+0800: 29.484: [CMS-concurrent-sweep: 0.000/0.000 secs] [Times: user=0.00 sys=0.00, real=0.00 secs] 
2026-06-18T14:07:59.722+0800: 29.485: [CMS-concurrent-reset-start]
2026-06-18T14:07:59.723+0800: 29.485: [CMS-concurrent-reset: 0.000/0.000 secs] [Times: user=0.00 sys=0.00, real=0.00 secs] 
2026-06-18T14:07:59.887+0800: 29.649: [GC (Allocation Failure) 2026-06-18T14:07:59.888+0800: 29.650: [ParNew: 78652K->8699K(78656K), 0.0107888 secs] 99181K->37374K(253440K), 0.0123180 secs] [Times: user=0.10 sys=0.00, real=0.01 secs] 
2026-06-18T14:08:00.075+0800: 29.838: [GC (Allocation Failure) 2026-06-18T14:08:00.076+0800: 29.839: [ParNew: 78651K->8667K(78656K), 0.0137849 secs] 107326K->48142K(253440K), 0.0187722 secs] [Times: user=0.10 sys=0.01, real=0.02 secs] 
2026-06-18T14:08:00.265+0800: 30.027: [GC (Allocation Failure) 2026-06-18T14:08:00.266+0800: 30.029: [ParNew: 78479K->8692K(78656K), 0.0109148 secs] 117954K->57313K(253440K), 0.0140013 secs] [Times: user=0.11 sys=0.00, real=0.02 secs] 
2026-06-18T14:08:00.456+0800: 30.219: [GC (Allocation Failure) 2026-06-18T14:08:00.457+0800: 30.220: [ParNew: 78644K->8594K(78656K), 0.0226296 secs] 127265K->64614K(253440K), 0.0238545 secs] [Times: user=0.25 sys=0.00, real=0.02 secs] 
2026-06-18T14:08:00.647+0800: 30.410: [GC (Allocation Failure) 2026-06-18T14:08:00.650+0800: 30.413: [ParNew: 78410K->8671K(78656K), 0.0087727 secs] 134430K->71777K(253440K), 0.0151576 secs] [Times: user=0.10 sys=0.00, real=0.01 secs] 
2026-06-18T14:08:00.842+0800: 30.605: [GC (Allocation Failure) 2026-06-18T14:08:00.843+0800: 30.606: [ParNew: 78623K->8677K(78656K), 0.0137728 secs] 141729K->81383K(253440K), 0.0155224 secs] [Times: user=0.15 sys=0.00, real=0.02 secs] 
2026-06-18T14:08:01.043+0800: 30.805: [GC (Allocation Failure) 2026-06-18T14:08:01.043+0800: 30.806: [ParNew: 78629K->8621K(78656K), 0.0147577 secs] 151335K->90028K(253440K), 0.0163596 secs] [Times: user=0.15 sys=0.00, real=0.02 secs] 
2026-06-18T14:08:01.227+0800: 30.990: [GC (Allocation Failure) 2026-06-18T14:08:01.229+0800: 30.991: [ParNew: 78573K->8614K(78656K), 0.0159773 secs] 159980K->99100K(253440K), 0.0181881 secs] [Times: user=0.15 sys=0.01, real=0.02 secs] 
2026-06-18T14:08:01.412+0800: 31.175: [GC (Allocation Failure) 2026-06-18T14:08:01.413+0800: 31.176: [ParNew: 78566K->8682K(78656K), 0.0138597 secs] 169052K->105115K(253440K), 0.0158323 secs] [Times: user=0.14 sys=0.00, real=0.02 secs] 
2026-06-18T14:08:01.605+0800: 31.368: [GC (Allocation Failure) 2026-06-18T14:08:01.606+0800: 31.369: [ParNew: 78634K->8635K(78656K), 0.0165613 secs] 175067K->115027K(253440K), 0.0185617 secs] [Times: user=0.16 sys=0.01, real=0.02 secs] 
2026-06-18T14:08:01.790+0800: 31.553: [GC (Allocation Failure) 2026-06-18T14:08:01.791+0800: 31.554: [ParNew: 78527K->8575K(78656K), 0.0260547 secs] 184919K->124776K(253440K), 0.0279672 secs] [Times: user=0.25 sys=0.00, real=0.03 secs] 
2026-06-18T14:08:01.995+0800: 31.758: [GC (Allocation Failure) 2026-06-18T14:08:01.995+0800: 31.758: [ParNew: 78527K->8675K(78656K), 0.0112086 secs] 194728K->136807K(253440K), 0.0130683 secs] [Times: user=0.12 sys=0.00, real=0.01 secs] 
2026-06-18T14:08:02.175+0800: 31.938: [GC (Allocation Failure) 2026-06-18T14:08:02.175+0800: 31.938: [ParNew: 78309K->8685K(78656K), 0.0168328 secs] 206441K->146237K(253440K), 0.0183500 secs] [Times: user=0.18 sys=0.00, real=0.02 secs] 
2026-06-18T14:08:02.370+0800: 32.133: [GC (Allocation Failure) 2026-06-18T14:08:02.371+0800: 32.134: [ParNew: 78637K->8702K(78656K), 0.0338246 secs] 216189K->154816K(253440K), 0.0355122 secs] [Times: user=0.39 sys=0.00, real=0.04 secs] 
2026-06-18T14:08:02.584+0800: 32.346: [GC (Allocation Failure) 2026-06-18T14:08:02.584+0800: 32.347: [ParNew: 78654K->8673K(78656K), 0.0140637 secs] 224768K->164777K(253440K), 0.0153135 secs] [Times: user=0.12 sys=0.00, real=0.02 secs] 
2026-06-18T14:08:02.601+0800: 32.364: [GC (CMS Initial Mark) [1 CMS-initial-mark: 156103K(174784K)] 167656K(253440K), 0.0017631 secs] [Times: user=0.00 sys=0.00, real=0.00 secs] 
2026-06-18T14:08:02.605+0800: 32.368: [CMS-concurrent-mark-start]
2026-06-18T14:08:02.605+0800: 32.368: [CMS-concurrent-mark: 0.000/0.000 secs] [Times: user=0.00 sys=0.00, real=0.00 secs] 
2026-06-18T14:08:02.606+0800: 32.369: [CMS-concurrent-preclean-start]
2026-06-18T14:08:02.606+0800: 32.369: [CMS-concurrent-preclean: 0.000/0.000 secs] [Times: user=0.00 sys=0.00, real=0.00 secs] 
2026-06-18T14:08:02.607+0800: 32.370: [CMS-concurrent-abortable-preclean-start]
2026-06-18T14:08:02.780+0800: 32.543: [GC (Allocation Failure) 2026-06-18T14:08:02.808+0800: 32.577: 2026-06-18T14:08:02.814+0800: [CMS-concurrent-abortable-preclean: 0.000/0.200 secs]32.577: [ParNew [Times: user=0.01 sys=0.00, real=0.21 secs] 
: 78625K->8629K(78656K), 0.0051827 secs] 234729K->171210K(253440K), 0.0399640 secs] [Times: user=0.04 sys=0.00, real=0.04 secs] 
2026-06-18T14:08:02.822+0800: 32.585: [GC (CMS Final Remark) [YG occupancy: 11474 K (78656 K)]2026-06-18T14:08:02.824+0800: 32.586: [Rescan (parallel) , 0.0050935 secs]2026-06-18T14:08:02.829+0800: 32.592: [weak refs processing, 0.0007421 secs]2026-06-18T14:08:02.831+0800: 32.594: [class unloading, 0.0009834 secs]2026-06-18T14:08:02.833+0800: 32.595: [scrub symbol table, 0.0008867 secs]2026-06-18T14:08:02.834+0800: 32.597: [scrub string table, 0.0010622 secs][1 CMS-remark: 162581K(174784K)] 174055K(253440K), 0.0137148 secs] [Times: user=0.06 sys=0.00, real=0.02 secs] 
2026-06-18T14:08:02.838+0800: 32.600: [CMS-concurrent-sweep-start]
2026-06-18T14:08:02.838+0800: 32.601: [CMS-concurrent-sweep: 0.000/0.000 secs] [Times: user=0.00 sys=0.00, real=0.00 secs] 
2026-06-18T14:08:02.839+0800: 32.601: [CMS-concurrent-reset-start]
2026-06-18T14:08:02.839+0800: 32.602: [CMS-concurrent-reset: 0.000/0.000 secs] [Times: user=0.00 sys=0.00, real=0.00 secs] 
2026-06-18T14:08:03.004+0800: 32.766: [GC (Allocation Failure) 2026-06-18T14:08:03.005+0800: 32.767: [ParNew: 78581K->8701K(78656K), 0.0055174 secs] 99902K->40604K(253440K), 0.0076046 secs] [Times: user=0.06 sys=0.00, real=0.01 secs] 
2026-06-18T14:08:03.189+0800: 32.952: [GC (Allocation Failure) 2026-06-18T14:08:03.191+0800: 32.953: [ParNew: 78653K->8689K(78656K), 0.0181318 secs] 110556K->49232K(253440K), 0.0207771 secs] [Times: user=0.16 sys=0.00, real=0.02 secs] 
2026-06-18T14:08:03.387+0800: 33.150: [GC (Allocation Failure) 2026-06-18T14:08:03.388+0800: 33.151: [ParNew: 78641K->8703K(78656K), 0.0099223 secs] 119184K->57680K(253440K), 0.0111027 secs] [Times: user=0.12 sys=0.00, real=0.01 secs] 
2026-06-18T14:08:03.576+0800: 33.339: [GC (Allocation Failure) 2026-06-18T14:08:03.577+0800: 33.340: [ParNew: 78617K->8682K(78656K), 0.0107820 secs] 127594K->66429K(253440K), 0.0136602 secs] [Times: user=0.12 sys=0.00, real=0.01 secs] 
2026-06-18T14:08:03.768+0800: 33.531: [GC (Allocation Failure) 2026-06-18T14:08:03.769+0800: 33.532: [ParNew: 78634K->8641K(78656K), 0.0066172 secs] 136381K->75468K(253440K), 0.0084191 secs] [Times: user=0.06 sys=0.00, real=0.01 secs] 
2026-06-18T14:08:03.945+0800: 33.708: [GC (Allocation Failure) 2026-06-18T14:08:03.946+0800: 33.709: [ParNew: 78593K->8697K(78656K), 0.0061245 secs] 145420K->83293K(253440K), 0.0084420 secs] [Times: user=0.05 sys=0.00, real=0.02 secs] 
2026-06-18T14:08:04.133+0800: 33.896: [GC (Allocation Failure) 2026-06-18T14:08:04.134+0800: 33.897: [ParNew: 78649K->8698K(78656K), 0.0044462 secs] 153245K->90762K(253440K), 0.0060134 secs] [Times: user=0.04 sys=0.00, real=0.01 secs] 
2026-06-18T14:08:04.321+0800: 34.084: [GC (Allocation Failure) 2026-06-18T14:08:04.323+0800: 34.085: [ParNew: 78650K->8694K(78656K), 0.0161400 secs] 160714K->97788K(253440K), 0.0187842 secs] [Times: user=0.19 sys=0.00, real=0.02 secs] 
2026-06-18T14:08:04.510+0800: 34.273: [GC (Allocation Failure) 2026-06-18T14:08:04.513+0800: 34.276: [ParNew: 78646K->8625K(78656K), 0.0171744 secs] 167740K->103707K(253440K), 0.0211889 secs] [Times: user=0.18 sys=0.01, real=0.02 secs] 
2026-06-18T14:08:04.711+0800: 34.473: [GC (Allocation Failure) 2026-06-18T14:08:04.712+0800: 34.474: [ParNew: 78577K->8695K(78656K), 0.0070432 secs] 173659K->114390K(253440K), 0.0097141 secs] [Times: user=0.05 sys=0.00, real=0.01 secs] 
2026-06-18T14:08:04.901+0800: 34.664: [GC (Allocation Failure) 2026-06-18T14:08:04.903+0800: 34.665: [ParNew: 78647K->8697K(78656K), 0.0096986 secs] 184342K->124447K(253440K), 0.0116023 secs] [Times: user=0.09 sys=0.00, real=0.01 secs] 
2026-06-18T14:08:05.082+0800: 34.845: [GC (Allocation Failure) 2026-06-18T14:08:05.087+0800: 34.850: [ParNew: 78649K->8696K(78656K), 0.0110040 secs] 194399K->136062K(253440K), 0.0217163 secs] [Times: user=0.13 sys=0.00, real=0.02 secs] 
2026-06-18T14:08:05.284+0800: 35.047: [GC (Allocation Failure) 2026-06-18T14:08:05.285+0800: 35.047: [ParNew: 78648K->8646K(78656K), 0.0125897 secs] 206014K->146595K(253440K), 0.0140802 secs] [Times: user=0.13 sys=0.00, real=0.02 secs] 
2026-06-18T14:08:05.478+0800: 35.241: [GC (Allocation Failure) 2026-06-18T14:08:05.479+0800: 35.242: [ParNew: 78598K->8620K(78656K), 0.0148215 secs] 216547K->156729K(253440K), 0.0180704 secs] [Times: user=0.12 sys=0.00, real=0.02 secs] 
2026-06-18T14:08:05.499+0800: 35.262: [GC (CMS Initial Mark) [1 CMS-initial-mark: 148108K(174784K)] 158254K(253440K), 0.0024652 secs] [Times: user=0.00 sys=0.00, real=0.00 secs] 
2026-06-18T14:08:05.504+0800: 35.266: [CMS-concurrent-mark-start]
2026-06-18T14:08:05.504+0800: 35.267: [CMS-concurrent-mark: 0.000/0.000 secs] [Times: user=0.01 sys=0.00, real=0.00 secs] 
2026-06-18T14:08:05.505+0800: 35.267: [CMS-concurrent-preclean-start]
2026-06-18T14:08:05.505+0800: 35.267: [CMS-concurrent-preclean: 0.000/0.000 secs] [Times: user=0.00 sys=0.00, real=0.00 secs] 
2026-06-18T14:08:05.506+0800: 35.268: [CMS-concurrent-abortable-preclean-start]
2026-06-18T14:08:05.672+0800: 35.435: [GC (Allocation Failure) 2026-06-18T14:08:05.674+0800: 35.436: [ParNew: 78572K->8702K(78656K), 0.0127394 secs] 226681K->164422K(253440K), 0.0155366 secs] [Times: user=0.12 sys=0.01, real=0.02 secs] 
2026-06-18T14:08:05.690+0800: 35.453: [CMS-concurrent-abortable-preclean: 0.000/0.184 secs] [Times: user=0.12 sys=0.01, real=0.19 secs] 
2026-06-18T14:08:05.691+0800: 35.454: [GC (CMS Final Remark) [YG occupancy: 10135 K (78656 K)]2026-06-18T14:08:05.692+0800: 35.454: [Rescan (parallel) , 0.0048542 secs]2026-06-18T14:08:05.698+0800: 35.460: [weak refs processing, 0.0009027 secs]2026-06-18T14:08:05.700+0800: 35.462: [class unloading, 0.0006284 secs]2026-06-18T14:08:05.701+0800: 35.464: [scrub symbol table, 0.0010129 secs]2026-06-18T14:08:05.703+0800: 35.466: [scrub string table, 0.0008134 secs][1 CMS-remark: 155720K(174784K)] 165855K(253440K), 0.0137875 secs] [Times: user=0.04 sys=0.00, real=0.01 secs] 
2026-06-18T14:08:05.707+0800: 35.469: [CMS-concurrent-sweep-start]
2026-06-18T14:08:05.707+0800: 35.470: [CMS-concurrent-sweep: 0.000/0.000 secs] [Times: user=0.00 sys=0.00, real=0.00 secs] 
2026-06-18T14:08:05.708+0800: 35.471: [CMS-concurrent-reset-start]
2026-06-18T14:08:05.708+0800: 35.471: [CMS-concurrent-reset: 0.000/0.000 secs] [Times: user=0.00 sys=0.00, real=0.00 secs] 
2026-06-18T14:08:05.875+0800: 35.637: [GC (Allocation Failure) 2026-06-18T14:08:05.876+0800: 35.639: [ParNew: 78654K->8645K(78656K), 0.0092225 secs] 95950K->33473K(253440K), 0.0121561 secs] [Times: user=0.09 sys=0.00, real=0.01 secs] 
2026-06-18T14:08:06.056+0800: 35.819: [GC (Allocation Failure) 2026-06-18T14:08:06.057+0800: 35.820: [ParNew: 78597K->8699K(78656K), 0.0107528 secs] 103425K->44258K(253440K), 0.0126515 secs] [Times: user=0.11 sys=0.00, real=0.01 secs] 
2026-06-18T14:08:06.248+0800: 36.011: [GC (Allocation Failure) 2026-06-18T14:08:06.249+0800: 36.011: [ParNew: 78651K->8697K(78656K), 0.0096882 secs] 114210K->49949K(253440K), 0.0110671 secs] [Times: user=0.11 sys=0.00, real=0.01 secs] 
2026-06-18T14:08:06.437+0800: 36.200: [GC (Allocation Failure) 2026-06-18T14:08:06.439+0800: 36.201: [ParNew: 78649K->8688K(78656K), 0.0113488 secs] 119901K->58450K(253440K), 0.0143125 secs] [Times: user=0.10 sys=0.00, real=0.01 secs] 
2026-06-18T14:08:06.620+0800: 36.383: [GC (Allocation Failure) 2026-06-18T14:08:06.621+0800: 36.383: [ParNew: 78603K->8616K(78656K), 0.0105612 secs] 128366K->66429K(253440K), 0.0125413 secs] [Times: user=0.11 sys=0.00, real=0.01 secs] 
2026-06-18T14:08:06.811+0800: 36.574: [GC (Allocation Failure) 2026-06-18T14:08:06.812+0800: 36.575: [ParNew: 78552K->8699K(78656K), 0.0111830 secs] 136366K->78166K(253440K), 0.0135138 secs] [Times: user=0.12 sys=0.01, real=0.02 secs] 
2026-06-18T14:08:07.004+0800: 36.767: [GC (Allocation Failure) 2026-06-18T14:08:07.005+0800: 36.767: [ParNew: 78651K->8650K(78656K), 0.0097949 secs] 148118K->89318K(253440K), 0.0127641 secs] [Times: user=0.11 sys=0.00, real=0.02 secs] 
2026-06-18T14:08:07.194+0800: 36.957: [GC (Allocation Failure) 2026-06-18T14:08:07.195+0800: 36.958: [ParNew: 78602K->8574K(78656K), 0.0088699 secs] 159270K->98631K(253440K), 0.0100729 secs] [Times: user=0.09 sys=0.00, real=0.01 secs] 
2026-06-18T14:08:07.373+0800: 37.136: [GC (Allocation Failure) 2026-06-18T14:08:07.374+0800: 37.137: [ParNew: 78526K->8617K(78656K), 0.0052717 secs] 168583K->105172K(253440K), 0.0072247 secs] [Times: user=0.05 sys=0.00, real=0.01 secs] 
2026-06-18T14:08:07.557+0800: 37.320: [GC (Allocation Failure) 2026-06-18T14:08:07.558+0800: 37.321: [ParNew: 78569K->8659K(78656K), 0.0120859 secs] 175124K->110921K(253440K), 0.0144230 secs] [Times: user=0.14 sys=0.00, real=0.01 secs] 
2026-06-18T14:08:07.740+0800: 37.503: [GC (Allocation Failure) 2026-06-18T14:08:07.742+0800: 37.505: [ParNew: 78611K->8646K(78656K), 0.0114959 secs] 180873K->118781K(253440K), 0.0141034 secs] [Times: user=0.13 sys=0.01, real=0.02 secs] 
2026-06-18T14:08:07.922+0800: 37.685: [GC (Allocation Failure) 2026-06-18T14:08:07.923+0800: 37.686: [ParNew: 78598K->8701K(78656K), 0.0032402 secs] 188733K->127635K(253440K), 0.0051003 secs] [Times: user=0.03 sys=0.00, real=0.01 secs] 
2026-06-18T14:08:08.104+0800: 37.867: [GC (Allocation Failure) 2026-06-18T14:08:08.105+0800: 37.868: [ParNew: 78645K->8603K(78656K), 0.0096614 secs] 197580K->135567K(253440K), 0.0109687 secs] [Times: user=0.11 sys=0.00, real=0.02 secs] 
2026-06-18T14:08:08.292+0800: 38.055: [GC (Allocation Failure) 2026-06-18T14:08:08.293+0800: 38.056: [ParNew: 78555K->8658K(78656K), 0.0113797 secs] 205519K->143328K(253440K), 0.0132045 secs] [Times: user=0.13 sys=0.00, real=0.02 secs] 
2026-06-18T14:08:08.473+0800: 38.236: [GC (Allocation Failure) 2026-06-18T14:08:08.474+0800: 38.237: [ParNew: 78610K->8686K(78656K), 0.0035706 secs] 213280K->153735K(253440K), 0.0053287 secs] [Times: user=0.02 sys=0.00, real=0.01 secs] 
2026-06-18T14:08:08.481+0800: 38.243: [GC (CMS Initial Mark) [1 CMS-initial-mark: 145048K(174784K)] 155258K(253440K), 0.0024189 secs] [Times: user=0.00 sys=0.00, real=0.00 secs] 
2026-06-18T14:08:08.486+0800: 38.248: [CMS-concurrent-mark-start]
2026-06-18T14:08:08.486+0800: 38.249: [CMS-concurrent-mark: 0.000/0.000 secs] [Times: user=0.00 sys=0.00, real=0.01 secs] 
2026-06-18T14:08:08.487+0800: 38.250: [CMS-concurrent-preclean-start]
2026-06-18T14:08:08.487+0800: 38.250: [CMS-concurrent-preclean: 0.000/0.000 secs] [Times: user=0.00 sys=0.00, real=0.00 secs] 
2026-06-18T14:08:08.488+0800: 38.251: [CMS-concurrent-abortable-preclean-start]
2026-06-18T14:08:08.661+0800: 38.424: [GC (Allocation Failure) 2026-06-18T14:08:08.662+0800: 38.425: [ParNew: 78638K->8694K(78656K), 0.0197411 secs] 223687K->161976K(253440K), 0.0212824 secs] [Times: user=0.25 sys=0.01, real=0.02 secs] 
2026-06-18T14:08:08.684+0800: 38.447: [CMS-concurrent-abortable-preclean: 0.000/0.196 secs] [Times: user=0.25 sys=0.01, real=0.19 secs] 
2026-06-18T14:08:08.685+0800: 38.448: [GC (CMS Final Remark) [YG occupancy: 12125 K (78656 K)]2026-06-18T14:08:08.686+0800: 38.449: [Rescan (parallel) , 0.0038538 secs]2026-06-18T14:08:08.690+0800: 38.453: [weak refs processing, 0.0006430 secs]2026-06-18T14:08:08.692+0800: 38.454: [class unloading, 0.0007856 secs]2026-06-18T14:08:08.693+0800: 38.456: [scrub symbol table, 0.0009757 secs]2026-06-18T14:08:08.695+0800: 38.457: [scrub string table, 0.0005990 secs][1 CMS-remark: 153282K(174784K)] 165408K(253440K), 0.0110950 secs] [Times: user=0.05 sys=0.00, real=0.02 secs] 
2026-06-18T14:08:08.698+0800: 38.460: [CMS-concurrent-sweep-start]
2026-06-18T14:08:08.698+0800: 38.461: [CMS-concurrent-sweep: 0.000/0.000 secs] [Times: user=0.00 sys=0.00, real=0.00 secs] 
2026-06-18T14:08:08.699+0800: 38.461: [CMS-concurrent-reset-start]
2026-06-18T14:08:08.699+0800: 38.462: [CMS-concurrent-reset: 0.000/0.000 secs] [Times: user=0.00 sys=0.00, real=0.00 secs] 
2026-06-18T14:08:08.863+0800: 38.625: [GC (Allocation Failure) 2026-06-18T14:08:08.863+0800: 38.626: [ParNew: 78646K->8646K(78656K), 0.0134074 secs] 105834K->45688K(253440K), 0.0149872 secs] [Times: user=0.12 sys=0.01, real=0.02 secs] 
2026-06-18T14:08:09.046+0800: 38.808: [GC (Allocation Failure) 2026-06-18T14:08:09.046+0800: 38.809: [ParNew: 78577K->8701K(78656K), 0.0095746 secs] 115619K->55722K(253440K), 0.0114048 secs] [Times: user=0.12 sys=0.00, real=0.02 secs] 
2026-06-18T14:08:09.236+0800: 38.998: [GC (Allocation Failure) 2026-06-18T14:08:09.236+0800: 38.999: [ParNew: 78653K->8679K(78656K), 0.0060083 secs] 125674K->62751K(253440K), 0.0078931 secs] [Times: user=0.07 sys=0.00, real=0.00 secs] 
2026-06-18T14:08:09.412+0800: 39.175: [GC (Allocation Failure) 2026-06-18T14:08:09.414+0800: 39.177: [ParNew: 78559K->8695K(78656K), 0.0126159 secs] 132630K->68925K(253440K), 0.0156749 secs] [Times: user=0.15 sys=0.01, real=0.02 secs] 
2026-06-18T14:08:09.617+0800: 39.380: [GC (Allocation Failure) 2026-06-18T14:08:09.618+0800: 39.381: [ParNew: 78647K->8606K(78656K), 0.0116092 secs] 138877K->75235K(253440K), 0.0140916 secs] [Times: user=0.15 sys=0.00, real=0.02 secs] 
2026-06-18T14:08:09.803+0800: 39.566: [GC (Allocation Failure) 2026-06-18T14:08:09.804+0800: 39.567: [ParNew: 78558K->8688K(78656K), 0.0134751 secs] 145187K->85768K(253440K), 0.0150797 secs] [Times: user=0.15 sys=0.00, real=0.02 secs] 
2026-06-18T14:08:09.997+0800: 39.760: [GC (Allocation Failure) 2026-06-18T14:08:09.998+0800: 39.761: [ParNew: 78600K->8666K(78656K), 0.0116396 secs] 155681K->93541K(253440K), 0.0129920 secs] [Times: user=0.10 sys=0.01, real=0.01 secs] 
2026-06-18T14:08:10.189+0800: 39.952: [GC (Allocation Failure) 2026-06-18T14:08:10.190+0800: 39.952: [ParNew: 78618K->8635K(78656K), 0.0131829 secs] 163493K->101739K(253440K), 0.0146674 secs] [Times: user=0.15 sys=0.00, real=0.01 secs] 
2026-06-18T14:08:10.370+0800: 40.133: [GC (Allocation Failure) 2026-06-18T14:08:10.371+0800: 40.134: [ParNew: 78587K->8661K(78656K), 0.0111773 secs] 171691K->111879K(253440K), 0.0140799 secs] [Times: user=0.10 sys=0.00, real=0.02 secs] 
2026-06-18T14:08:10.562+0800: 40.325: [GC (Allocation Failure) 2026-06-18T14:08:10.563+0800: 40.326: [ParNew: 78613K->8703K(78656K), 0.0128856 secs] 181831K->123344K(253440K), 0.0144857 secs] [Times: user=0.12 sys=0.00, real=0.02 secs] 
2026-06-18T14:08:10.755+0800: 40.518: [GC (Allocation Failure) 2026-06-18T14:08:10.756+0800: 40.519: [ParNew: 78655K->8698K(78656K), 0.0141153 secs] 193296K->132584K(253440K), 0.0165341 secs] [Times: user=0.17 sys=0.00, real=0.01 secs] 
2026-06-18T14:08:10.952+0800: 40.714: [GC (Allocation Failure) 2026-06-18T14:08:10.953+0800: 40.715: [ParNew: 78650K->8633K(78656K), 0.0060291 secs] 202536K->137863K(253440K), 0.0084128 secs] [Times: user=0.04 sys=0.00, real=0.01 secs] 
2026-06-18T14:08:11.130+0800: 40.893: [GC (Allocation Failure) 2026-06-18T14:08:11.132+0800: 40.894: [ParNew: 78583K->8694K(78656K), 0.0141414 secs] 207814K->143687K(253440K), 0.0163630 secs] [Times: user=0.19 sys=0.00, real=0.02 secs] 
2026-06-18T14:08:11.328+0800: 41.091: [GC (Allocation Failure) 2026-06-18T14:08:11.330+0800: 41.092: [ParNew: 78646K->8703K(78656K), 0.0087358 secs] 213639K->153507K(253440K), 0.0114371 secs] [Times: user=0.10 sys=0.01, real=0.01 secs] 
2026-06-18T14:08:11.342+0800: 41.105: [GC (CMS Initial Mark) [1 CMS-initial-mark: 144804K(174784K)] 156402K(253440K), 0.0024781 secs] [Times: user=0.00 sys=0.00, real=0.01 secs] 
2026-06-18T14:08:11.347+0800: 41.110: [CMS-concurrent-mark-start]
2026-06-18T14:08:11.347+0800: 41.110: [CMS-concurrent-mark: 0.000/0.000 secs] [Times: user=0.00 sys=0.00, real=0.00 secs] 
2026-06-18T14:08:11.348+0800: 41.111: [CMS-concurrent-preclean-start]
2026-06-18T14:08:11.348+0800: 41.111: [CMS-concurrent-preclean: 0.000/0.000 secs] [Times: user=0.00 sys=0.00, real=0.00 secs] 
2026-06-18T14:08:11.349+0800: 41.112: [CMS-concurrent-abortable-preclean-start]
2026-06-18T14:08:11.526+0800: 41.288: [GC (Allocation Failure) 2026-06-18T14:08:11.527+0800: 41.290: [ParNew: 78655K->8625K(78656K), 0.0191581 secs] 223459K->161631K(253440K), 0.0219095 secs] [Times: user=0.24 sys=0.00, real=0.03 secs] 
2026-06-18T14:08:11.550+0800: 41.313: [CMS-concurrent-abortable-preclean: 0.000/0.201 secs] [Times: user=0.25 sys=0.00, real=0.20 secs] 
2026-06-18T14:08:11.551+0800: 41.314: [GC (CMS Final Remark) [YG occupancy: 13153 K (78656 K)]2026-06-18T14:08:11.552+0800: 41.314: [Rescan (parallel) , 0.0081735 secs]2026-06-18T14:08:11.561+0800: 41.324: [weak refs processing, 0.0010797 secs]2026-06-18T14:08:11.564+0800: 41.326: [class unloading, 0.0013294 secs]2026-06-18T14:08:11.566+0800: 41.329: [scrub symbol table, 0.0010293 secs]2026-06-18T14:08:11.568+0800: 41.331: [scrub string table, 0.0012190 secs][1 CMS-remark: 153006K(174784K)] 166160K(253440K), 0.0196801 secs] [Times: user=0.10 sys=0.00, real=0.02 secs] 
2026-06-18T14:08:11.573+0800: 41.335: [CMS-concurrent-sweep-start]
2026-06-18T14:08:11.573+0800: 41.336: [CMS-concurrent-sweep: 0.000/0.000 secs] [Times: user=0.00 sys=0.00, real=0.00 secs] 
2026-06-18T14:08:11.574+0800: 41.337: [CMS-concurrent-reset-start]
2026-06-18T14:08:11.574+0800: 41.337: [CMS-concurrent-reset: 0.000/0.000 secs] [Times: user=0.00 sys=0.00, real=0.00 secs] 
2026-06-18T14:08:11.732+0800: 41.494: [GC (Allocation Failure) 2026-06-18T14:08:11.733+0800: 41.496: [ParNew: 78547K->8695K(78656K), 0.0135162 secs] 102585K->42567K(253440K), 0.0159341 secs] [Times: user=0.15 sys=0.00, real=0.02 secs] 
2026-06-18T14:08:11.930+0800: 41.692: [GC (Allocation Failure) 2026-06-18T14:08:11.931+0800: 41.693: [ParNew: 78647K->8676K(78656K), 0.0117896 secs] 112519K->51473K(253440K), 0.0141916 secs] [Times: user=0.13 sys=0.01, real=0.01 secs] 
2026-06-18T14:08:12.124+0800: 41.887: [GC (Allocation Failure) 2026-06-18T14:08:12.126+0800: 41.888: [ParNew: 78628K->8631K(78656K), 0.0140455 secs] 121425K->59923K(253440K), 0.0166226 secs] [Times: user=0.13 sys=0.00, real=0.02 secs] 
2026-06-18T14:08:12.312+0800: 42.075: [GC (Allocation Failure) 2026-06-18T14:08:12.313+0800: 42.076: [ParNew: 78557K->8600K(78656K), 0.0074474 secs] 129850K->72536K(253440K), 0.0095396 secs] [Times: user=0.08 sys=0.00, real=0.01 secs] 
2026-06-18T14:08:12.502+0800: 42.265: [GC (Allocation Failure) 2026-06-18T14:08:12.503+0800: 42.266: [ParNew: 78552K->8646K(78656K), 0.0148873 secs] 142488K->83144K(253440K), 0.0172382 secs] [Times: user=0.21 sys=0.01, real=0.02 secs] 
2026-06-18T14:08:12.690+0800: 42.453: [GC (Allocation Failure) 2026-06-18T14:08:12.691+0800: 42.454: [ParNew: 78587K->8699K(78656K), 0.0148171 secs] 153084K->91297K(253440K), 0.0171699 secs] [Times: user=0.18 sys=0.01, real=0.02 secs] 
2026-06-18T14:08:12.889+0800: 42.651: [GC (Allocation Failure) 2026-06-18T14:08:12.890+0800: 42.653: [ParNew: 78651K->8703K(78656K), 0.0122427 secs] 161249K->98971K(253440K), 0.0145235 secs] [Times: user=0.17 sys=0.00, real=0.01 secs] 
2026-06-18T14:08:13.084+0800: 42.847: [GC (Allocation Failure) 2026-06-18T14:08:13.085+0800: 42.848: [ParNew: 78655K->8599K(78656K), 0.0138120 secs] 168923K->106669K(253440K), 0.0160978 secs] [Times: user=0.13 sys=0.00, real=0.02 secs] 
2026-06-18T14:08:13.270+0800: 43.033: [GC (Allocation Failure) 2026-06-18T14:08:13.272+0800: 43.034: [ParNew: 78518K->8684K(78656K), 0.0161910 secs] 176588K->112840K(253440K), 0.0195728 secs] [Times: user=0.24 sys=0.00, real=0.02 secs] 
2026-06-18T14:08:13.470+0800: 43.233: [GC (Allocation Failure) 2026-06-18T14:08:13.472+0800: 43.234: [ParNew: 78636K->8699K(78656K), 0.0071355 secs] 182792K->122227K(253440K), 0.0101641 secs] [Times: user=0.08 sys=0.00, real=0.01 secs] 
2026-06-18T14:08:13.660+0800: 43.423: [GC (Allocation Failure) 2026-06-18T14:08:13.662+0800: 43.424: [ParNew: 78651K->8674K(78656K), 0.0144070 secs] 192179K->131117K(253440K), 0.0174254 secs] [Times: user=0.16 sys=0.00, real=0.02 secs] 
2026-06-18T14:08:13.847+0800: 43.610: [GC (Allocation Failure) 2026-06-18T14:08:13.849+0800: 43.611: [ParNew: 78626K->8703K(78656K), 0.0103549 secs] 201069K->141357K(253440K), 0.0129314 secs] [Times: user=0.12 sys=0.00, real=0.01 secs] 
2026-06-18T14:08:14.030+0800: 43.793: [GC (Allocation Failure) 2026-06-18T14:08:14.033+0800: 43.796: [ParNew: 78442K->8689K(78656K), 0.0459830 secs] 211096K->149855K(253440K), 0.0500948 secs] [Times: user=0.13 sys=0.00, real=0.05 secs] 
2026-06-18T14:08:14.262+0800: 44.025: [GC (Allocation Failure) 2026-06-18T14:08:14.264+0800: 44.026: [ParNew: 78641K->8650K(78656K), 0.0074328 secs] 219807K->162038K(253440K), 0.0095858 secs] [Times: user=0.09 sys=0.00, real=0.01 secs] 
2026-06-18T14:08:14.274+0800: 44.037: [GC (CMS Initial Mark) [1 CMS-initial-mark: 153388K(174784K)] 164916K(253440K), 0.0018615 secs] [Times: user=0.00 sys=0.00, real=0.00 secs] 
2026-06-18T14:08:14.278+0800: 44.041: [CMS-concurrent-mark-start]
2026-06-18T14:08:14.278+0800: 44.041: [CMS-concurrent-mark: 0.001/0.001 secs] [Times: user=0.01 sys=0.00, real=0.00 secs] 
2026-06-18T14:08:14.279+0800: 44.042: [CMS-concurrent-preclean-start]
2026-06-18T14:08:14.280+0800: 44.042: [CMS-concurrent-preclean: 0.000/0.000 secs] [Times: user=0.00 sys=0.00, real=0.00 secs] 
2026-06-18T14:08:14.281+0800: 44.043: [CMS-concurrent-abortable-preclean-start]
2026-06-18T14:08:14.445+0800: 44.208: [GC (Allocation Failure) 2026-06-18T14:08:14.445+0800: 44.208: [ParNew2026-06-18T14:08:14.481+0800: 44.244: [CMS-concurrent-abortable-preclean: 0.000/0.201 secs] [Times: user=0.50 sys=0.00, real=0.20 secs] 
: 78392K->8627K(78656K), 0.0372693 secs] 231781K->172834K(253440K), 0.0390209 secs] [Times: user=0.50 sys=0.00, real=0.04 secs] 
2026-06-18T14:08:14.487+0800: 44.249: [GC (CMS Final Remark) [YG occupancy: 10254 K (78656 K)]2026-06-18T14:08:14.490+0800: 44.253: [Rescan (parallel) , 0.0127439 secs]2026-06-18T14:08:14.504+0800: 44.267: [weak refs processing, 0.0014080 secs]2026-06-18T14:08:14.507+0800: 44.269: [class unloading, 0.0009573 secs]2026-06-18T14:08:14.508+0800: 44.271: [scrub symbol table, 0.0007260 secs]2026-06-18T14:08:14.510+0800: 44.273: [scrub string table, 0.0008642 secs][1 CMS-remark: 164207K(174784K)] 174461K(253440K), 0.0252452 secs] [Times: user=0.11 sys=0.00, real=0.02 secs] 
2026-06-18T14:08:14.514+0800: 44.276: [CMS-concurrent-sweep-start]
2026-06-18T14:08:14.514+0800: 44.277: [CMS-concurrent-sweep: 0.000/0.000 secs] [Times: user=0.00 sys=0.00, real=0.01 secs] 
2026-06-18T14:08:14.515+0800: 44.278: [CMS-concurrent-reset-start]
2026-06-18T14:08:14.515+0800: 44.278: [CMS-concurrent-reset: 0.000/0.000 secs] [Times: user=0.00 sys=0.00, real=0.00 secs] 
2026-06-18T14:08:14.701+0800: 44.464: [GC (Allocation Failure) 2026-06-18T14:08:14.702+0800: 44.465: [ParNew: 78579K->8645K(78656K), 0.0177231 secs] 111531K->46005K(253440K), 0.0192306 secs] [Times: user=0.18 sys=0.00, real=0.02 secs] 
2026-06-18T14:08:14.889+0800: 44.652: [GC (Allocation Failure) 2026-06-18T14:08:14.890+0800: 44.653: [ParNew: 78597K->8698K(78656K), 0.0146346 secs] 115957K->54296K(253440K), 0.0165663 secs] [Times: user=0.14 sys=0.00, real=0.02 secs] 
2026-06-18T14:08:15.085+0800: 44.847: [GC (Allocation Failure) 2026-06-18T14:08:15.085+0800: 44.848: [ParNew: 78650K->8697K(78656K), 0.0154593 secs] 124248K->61363K(253440K), 0.0174512 secs] [Times: user=0.16 sys=0.00, real=0.02 secs] 
2026-06-18T14:08:15.270+0800: 45.033: [GC (Allocation Failure) 2026-06-18T14:08:15.271+0800: 45.033: [ParNew: 78649K->8632K(78656K), 0.0177064 secs] 131315K->66904K(253440K), 0.0191878 secs] [Times: user=0.22 sys=0.00, real=0.02 secs] 
2026-06-18T14:08:15.467+0800: 45.230: [GC (Allocation Failure) 2026-06-18T14:08:15.468+0800: 45.230: [ParNew: 78584K->8702K(78656K), 0.0140262 secs] 136856K->75635K(253440K), 0.0155039 secs] [Times: user=0.17 sys=0.01, real=0.01 secs] 
2026-06-18T14:08:15.660+0800: 45.422: [GC (Allocation Failure) 2026-06-18T14:08:15.660+0800: 45.423: [ParNew: 78654K->8690K(78656K), 0.0163311 secs] 145587K->85039K(253440K), 0.0178510 secs] [Times: user=0.17 sys=0.00, real=0.02 secs] 
2026-06-18T14:08:15.845+0800: 45.607: [GC (Allocation Failure) 2026-06-18T14:08:15.846+0800: 45.609: [ParNew: 78642K->8644K(78656K), 0.0174971 secs] 154991K->91347K(253440K), 0.0203093 secs] [Times: user=0.24 sys=0.00, real=0.03 secs] 
2026-06-18T14:08:16.044+0800: 45.806: [GC (Allocation Failure) 2026-06-18T14:08:16.044+0800: 45.807: [ParNew: 78596K->8677K(78656K), 0.0130370 secs] 161299K->102662K(253440K), 0.0149157 secs] [Times: user=0.10 sys=0.01, real=0.02 secs] 
2026-06-18T14:08:16.227+0800: 45.990: [GC (Allocation Failure) 2026-06-18T14:08:16.275+0800: 46.037: [ParNew: 78629K->8636K(78656K), 0.0164210 secs] 172614K->113118K(253440K), 0.0653309 secs] [Times: user=0.18 sys=0.00, real=0.06 secs] 
2026-06-18T14:08:16.471+0800: 46.234: [GC (Allocation Failure) 2026-06-18T14:08:16.472+0800: 46.234: [ParNew: 78588K->8703K(78656K), 0.0191130 secs] 183070K->120861K(253440K), 0.0209570 secs] [Times: user=0.21 sys=0.00, real=0.02 secs] 
2026-06-18T14:08:16.671+0800: 46.434: [GC (Allocation Failure) 2026-06-18T14:08:16.672+0800: 46.435: [ParNew: 78655K->8645K(78656K), 0.0148291 secs] 190813K->130548K(253440K), 0.0165918 secs] [Times: user=0.13 sys=0.00, real=0.02 secs] 
2026-06-18T14:08:16.865+0800: 46.628: [GC (Allocation Failure) 2026-06-18T14:08:16.868+0800: 46.631: [ParNew: 78597K->8703K(78656K), 0.0188040 secs] 200500K->135827K(253440K), 0.0233557 secs] [Times: user=0.15 sys=0.00, real=0.03 secs] 
2026-06-18T14:08:17.057+0800: 46.820: [GC (Allocation Failure) 2026-06-18T14:08:17.059+0800: 46.822: [ParNew: 78655K->8702K(78656K), 0.0101539 secs] 205779K->145503K(253440K), 0.0131313 secs] [Times: user=0.12 sys=0.01, real=0.01 secs] 
2026-06-18T14:08:17.249+0800: 47.012: [GC (Allocation Failure) 2026-06-18T14:08:17.251+0800: 47.014: [ParNew: 78654K->8692K(78656K), 0.0051708 secs] 215455K->153591K(253440K), 0.0081030 secs] [Times: user=0.04 sys=0.00, real=0.01 secs] 
2026-06-18T14:08:17.260+0800: 47.022: [GC (CMS Initial Mark) [1 CMS-initial-mark: 144898K(174784K)] 155701K(253440K), 0.0014558 secs] [Times: user=0.00 sys=0.00, real=0.00 secs] 
2026-06-18T14:08:17.263+0800: 47.025: [CMS-concurrent-mark-start]
2026-06-18T14:08:17.263+0800: 47.026: [CMS-concurrent-mark: 0.000/0.000 secs] [Times: user=0.00 sys=0.00, real=0.00 secs] 
2026-06-18T14:08:17.264+0800: 47.027: [CMS-concurrent-preclean-start]
2026-06-18T14:08:17.264+0800: 47.027: [CMS-concurrent-preclean: 0.000/0.000 secs] [Times: user=0.00 sys=0.00, real=0.00 secs] 
2026-06-18T14:08:17.265+0800: 47.027: [CMS-concurrent-abortable-preclean-start]
2026-06-18T14:08:17.429+0800: 47.192: [GC (Allocation Failure) 2026-06-18T14:08:17.430+0800: 47.193: [ParNew: 78644K->8695K(78656K), 0.0143009 secs] 223543K->165190K(253440K), 0.0168567 secs] [Times: user=0.18 sys=0.01, real=0.02 secs] 
2026-06-18T14:08:17.449+0800: 47.212: [CMS-concurrent-abortable-preclean: 0.000/0.184 secs] [Times: user=0.20 sys=0.01, real=0.19 secs] 
2026-06-18T14:08:17.450+0800: 47.213: [GC (CMS Final Remark) [YG occupancy: 10174 K (78656 K)]2026-06-18T14:08:17.451+0800: 47.214: [Rescan (parallel) , 0.0087038 secs]2026-06-18T14:08:17.462+0800: 47.224: [weak refs processing, 0.0008182 secs]2026-06-18T14:08:17.463+0800: 47.226: [class unloading, 0.0007022 secs]2026-06-18T14:08:17.465+0800: 47.227: [scrub symbol table, 0.0010250 secs]2026-06-18T14:08:17.466+0800: 47.229: [scrub string table, 0.0010977 secs][1 CMS-remark: 156494K(174784K)] 166669K(253440K), 0.0183326 secs] [Times: user=0.09 sys=0.00, real=0.02 secs] 
2026-06-18T14:08:17.470+0800: 47.233: [CMS-concurrent-sweep-start]
2026-06-18T14:08:17.470+0800: 47.233: [CMS-concurrent-sweep: 0.000/0.000 secs] [Times: user=0.00 sys=0.00, real=0.00 secs] 
2026-06-18T14:08:17.471+0800: 47.234: [CMS-concurrent-reset-start]
2026-06-18T14:08:17.471+0800: 47.234: [CMS-concurrent-reset: 0.000/0.000 secs] [Times: user=0.00 sys=0.00, real=0.00 secs] 
2026-06-18T14:08:17.636+0800: 47.399: [GC (Allocation Failure) 2026-06-18T14:08:17.638+0800: 47.401: [ParNew: 78647K->8703K(78656K), 0.0139555 secs] 106413K->46712K(253440K), 0.0164649 secs] [Times: user=0.15 sys=0.00, real=0.02 secs] 
2026-06-18T14:08:17.831+0800: 47.593: [GC (Allocation Failure) 2026-06-18T14:08:17.832+0800: 47.595: [ParNew: 78655K->8614K(78656K), 0.0105254 secs] 116664K->57431K(253440K), 0.0131525 secs] [Times: user=0.08 sys=0.00, real=0.01 secs] 
2026-06-18T14:08:18.012+0800: 47.774: [GC (Allocation Failure) 2026-06-18T14:08:18.013+0800: 47.776: [ParNew: 78566K->8693K(78656K), 0.0141219 secs] 127383K->66506K(253440K), 0.0174466 secs] [Times: user=0.14 sys=0.00, real=0.02 secs] 
2026-06-18T14:08:18.207+0800: 47.970: [GC (Allocation Failure) 2026-06-18T14:08:18.208+0800: 47.971: [ParNew: 78645K->8698K(78656K), 0.0130442 secs] 136458K->73886K(253440K), 0.0153740 secs] [Times: user=0.16 sys=0.00, real=0.01 secs] 
2026-06-18T14:08:18.401+0800: 48.164: [GC (Allocation Failure) 2026-06-18T14:08:18.430+0800: 48.193: [ParNew: 78650K->8693K(78656K), 0.0094685 secs] 143838K->80933K(253440K), 0.0398547 secs] [Times: user=0.10 sys=0.00, real=0.04 secs] 
2026-06-18T14:08:18.620+0800: 48.382: [GC (Allocation Failure) 2026-06-18T14:08:18.621+0800: 48.383: [ParNew: 78645K->8570K(78656K), 0.0099904 secs] 150885K->88099K(253440K), 0.0122344 secs] [Times: user=0.09 sys=0.00, real=0.02 secs] 
2026-06-18T14:08:18.801+0800: 48.563: [GC (Allocation Failure) 2026-06-18T14:08:18.802+0800: 48.565: [ParNew: 78522K->8703K(78656K), 0.0087358 secs] 158051K->99333K(253440K), 0.0113376 secs] [Times: user=0.10 sys=0.00, real=0.01 secs] 
2026-06-18T14:08:18.990+0800: 48.753: [GC (Allocation Failure) 2026-06-18T14:08:18.991+0800: 48.754: [ParNew: 78570K->8636K(78656K), 0.0091523 secs] 169200K->104630K(253440K), 0.0110875 secs] [Times: user=0.08 sys=0.01, real=0.01 secs] 
2026-06-18T14:08:19.190+0800: 48.953: [GC (Allocation Failure) 2026-06-18T14:08:19.191+0800: 48.954: [ParNew: 78588K->8681K(78656K), 0.0096245 secs] 174582K->113974K(253440K), 0.0116446 secs] [Times: user=0.12 sys=0.00, real=0.01 secs] 
2026-06-18T14:08:19.374+0800: 49.136: [GC (Allocation Failure) 2026-06-18T14:08:19.375+0800: 49.138: [ParNew: 78633K->8686K(78656K), 0.0087276 secs] 183926K->126835K(253440K), 0.0113284 secs] [Times: user=0.09 sys=0.00, real=0.02 secs] 
2026-06-18T14:08:19.564+0800: 49.327: [GC (Allocation Failure) 2026-06-18T14:08:19.566+0800: 49.328: [ParNew: 78638K->8697K(78656K), 0.0095698 secs] 196787K->136282K(253440K), 0.0121173 secs] [Times: user=0.13 sys=0.00, real=0.02 secs] 
2026-06-18T14:08:19.746+0800: 49.509: [GC (Allocation Failure) 2026-06-18T14:08:19.747+0800: 49.510: [ParNew: 78649K->8698K(78656K), 0.0064816 secs] 206234K->145174K(253440K), 0.0084039 secs] [Times: user=0.07 sys=0.00, real=0.01 secs] 
2026-06-18T14:08:19.934+0800: 49.697: [GC (Allocation Failure) 2026-06-18T14:08:19.935+0800: 49.697: [ParNew: 78650K->8702K(78656K), 0.0087408 secs] 215126K->151838K(253440K), 0.0111932 secs] [Times: user=0.11 sys=0.00, real=0.01 secs] 
2026-06-18T14:08:20.128+0800: 49.891: [GC (Allocation Failure) 2026-06-18T14:08:20.129+0800: 49.892: [ParNew: 78654K->8674K(78656K), 0.0095413 secs] 221790K->159485K(253440K), 0.0113878 secs] [Times: user=0.11 sys=0.00, real=0.01 secs] 
2026-06-18T14:08:20.142+0800: 49.905: [GC (CMS Initial Mark) [1 CMS-initial-mark: 150810K(174784K)] 162365K(253440K), 0.0015131 secs] [Times: user=0.00 sys=0.00, real=0.00 secs] 
2026-06-18T14:08:20.145+0800: 49.908: [CMS-concurrent-mark-start]
2026-06-18T14:08:20.145+0800: 49.908: [CMS-concurrent-mark: 0.000/0.000 secs] [Times: user=0.00 sys=0.00, real=0.00 secs] 
2026-06-18T14:08:20.146+0800: 49.909: [CMS-concurrent-preclean-start]
2026-06-18T14:08:20.146+0800: 49.909: [CMS-concurrent-preclean: 0.000/0.000 secs] [Times: user=0.00 sys=0.00, real=0.00 secs] 
2026-06-18T14:08:20.147+0800: 49.910: [CMS-concurrent-abortable-preclean-start]
2026-06-18T14:08:20.312+0800: 50.075: [GC (Allocation Failure) 2026-06-18T14:08:20.313+0800: 50.076: [ParNew: 78626K->8690K(78656K), 0.0207582 secs] 229437K->166530K(253440K), 0.0226674 secs] [Times: user=0.23 sys=0.00, real=0.03 secs] 
2026-06-18T14:08:20.336+0800: 50.099: [CMS-concurrent-abortable-preclean: 0.000/0.189 secs] [Times: user=0.23 sys=0.00, real=0.19 secs] 
2026-06-18T14:08:20.337+0800: 50.099: [GC (CMS Final Remark) [YG occupancy: 11148 K (78656 K)]2026-06-18T14:08:20.337+0800: 50.100: [Rescan (parallel) , 0.0058828 secs]2026-06-18T14:08:20.345+0800: 50.107: [weak refs processing, 0.0013622 secs]2026-06-18T14:08:20.347+0800: 50.109: [class unloading, 0.0013175 secs]2026-06-18T14:08:20.349+0800: 50.112: [scrub symbol table, 0.0010248 secs]2026-06-18T14:08:20.351+0800: 50.113: [scrub string table, 0.0009925 secs][1 CMS-remark: 157839K(174784K)] 168988K(253440K), 0.0157789 secs] [Times: user=0.05 sys=0.00, real=0.01 secs] 
2026-06-18T14:08:20.355+0800: 50.118: [CMS-concurrent-sweep-start]
2026-06-18T14:08:20.355+0800: 50.118: [CMS-concurrent-sweep: 0.000/0.000 secs] [Times: user=0.00 sys=0.00, real=0.00 secs] 
2026-06-18T14:08:20.356+0800: 50.119: [CMS-concurrent-reset-start]
2026-06-18T14:08:20.356+0800: 50.119: [CMS-concurrent-reset: 0.000/0.000 secs] [Times: user=0.00 sys=0.00, real=0.00 secs] 
2026-06-18T14:08:20.523+0800: 50.286: [GC (Allocation Failure) 2026-06-18T14:08:20.525+0800: 50.288: [ParNew: 78642K->8614K(78656K), 0.0176181 secs] 98105K->35382K(253440K), 0.0200761 secs] [Times: user=0.11 sys=0.00, real=0.02 secs] 
2026-06-18T14:08:20.712+0800: 50.475: [GC (Allocation Failure) 2026-06-18T14:08:20.719+0800: 50.481: [ParNew: 78566K->8606K(78656K), 0.0415817 secs] 105334K->41667K(253440K), 0.0503193 secs] [Times: user=0.11 sys=0.00, real=0.05 secs] 
2026-06-18T14:08:20.942+0800: 50.705: [GC (Allocation Failure) 2026-06-18T14:08:20.944+0800: 50.706: [ParNew: 78558K->8633K(78656K), 0.0134698 secs] 111619K->52619K(253440K), 0.0155199 secs] [Times: user=0.09 sys=0.00, real=0.02 secs] 
2026-06-18T14:08:21.128+0800: 50.891: [GC (Allocation Failure) 2026-06-18T14:08:21.129+0800: 50.892: [ParNew: 78487K->8637K(78656K), 0.0158393 secs] 122473K->62067K(253440K), 0.0179434 secs] [Times: user=0.13 sys=0.00, real=0.02 secs] 
2026-06-18T14:08:21.337+0800: 51.100: [GC (Allocation Failure) 2026-06-18T14:08:21.343+0800: 51.105: [ParNew: 78589K->8647K(78656K), 0.0161623 secs] 132019K->71618K(253440K), 0.0227925 secs] [Times: user=0.10 sys=0.00, real=0.02 secs] 
2026-06-18T14:08:21.531+0800: 51.294: [GC (Allocation Failure) 2026-06-18T14:08:21.532+0800: 51.295: [ParNew: 78599K->8700K(78656K), 0.0166656 secs] 141570K->79074K(253440K), 0.0186968 secs] [Times: user=0.13 sys=0.00, real=0.02 secs] 
2026-06-18T14:08:21.731+0800: 51.494: [GC (Allocation Failure) 2026-06-18T14:08:21.732+0800: 51.494: [ParNew: 78350K->8680K(78656K), 0.0204347 secs] 148724K->84038K(253440K), 0.0227121 secs] [Times: user=0.15 sys=0.00, real=0.03 secs] 
2026-06-18T14:08:21.924+0800: 51.687: [GC (Allocation Failure) 2026-06-18T14:08:21.925+0800: 51.688: [ParNew: 78632K->8702K(78656K), 0.0139908 secs] 153990K->96470K(253440K), 0.0157627 secs] [Times: user=0.10 sys=0.00, real=0.02 secs] 
2026-06-18T14:08:22.119+0800: 51.882: [GC (Allocation Failure) 2026-06-18T14:08:22.120+0800: 51.883: [ParNew: 78654K->8700K(78656K), 0.0248825 secs] 166422K->106670K(253440K), 0.0275229 secs] [Times: user=0.22 sys=0.00, real=0.03 secs] 
2026-06-18T14:08:22.328+0800: 52.090: [GC (Allocation Failure) 2026-06-18T14:08:22.329+0800: 52.091: [ParNew: 78652K->8647K(78656K), 0.0128413 secs] 176622K->116491K(253440K), 0.0150689 secs] [Times: user=0.10 sys=0.00, real=0.01 secs] 
2026-06-18T14:08:22.523+0800: 52.286: [GC (Allocation Failure) 2026-06-18T14:08:22.527+0800: 52.289: [ParNew: 78599K->8682K(78656K), 0.0143522 secs] 186443K->123859K(253440K), 0.0189262 secs] [Times: user=0.13 sys=0.00, real=0.02 secs] 
2026-06-18T14:08:22.722+0800: 52.484: [GC (Allocation Failure) 2026-06-18T14:08:22.722+0800: 52.485: [ParNew: 78634K->8671K(78656K), 0.0152432 secs] 193811K->131226K(253440K), 0.0170491 secs] [Times: user=0.13 sys=0.01, real=0.02 secs] 
2026-06-18T14:08:22.907+0800: 52.670: [GC (Allocation Failure) 2026-06-18T14:08:22.908+0800: 52.671: [ParNew: 78623K->8689K(78656K), 0.0102681 secs] 201178K->144260K(253440K), 0.0117553 secs] [Times: user=0.10 sys=0.00, real=0.01 secs] 
2026-06-18T14:08:22.920+0800: 52.683: [GC (CMS Initial Mark) [1 CMS-initial-mark: 135570K(174784K)] 145750K(253440K), 0.0014091 secs] [Times: user=0.00 sys=0.00, real=0.00 secs] 
2026-06-18T14:08:22.923+0800: 52.686: [CMS-concurrent-mark-start]
2026-06-18T14:08:22.924+0800: 52.686: [CMS-concurrent-mark: 0.000/0.000 secs] [Times: user=0.00 sys=0.00, real=0.00 secs] 
2026-06-18T14:08:22.924+0800: 52.687: [CMS-concurrent-preclean-start]
2026-06-18T14:08:22.925+0800: 52.687: [CMS-concurrent-preclean: 0.000/0.000 secs] [Times: user=0.00 sys=0.00, real=0.00 secs] 
2026-06-18T14:08:22.926+0800: 52.689: [GC (CMS Final Remark) [YG occupancy: 10179 K (78656 K)]2026-06-18T14:08:22.927+0800: 52.689: [Rescan (parallel) , 0.0122400 secs]2026-06-18T14:08:22.940+0800: 52.703: [weak refs processing, 0.0010025 secs]2026-06-18T14:08:22.942+0800: 52.705: [class unloading, 0.0015439 secs]2026-06-18T14:08:22.945+0800: 52.708: [scrub symbol table, 0.0013408 secs]2026-06-18T14:08:22.948+0800: 52.710: [scrub string table, 0.0010060 secs][1 CMS-remark: 135570K(174784K)] 145750K(253440K), 0.0237902 secs] [Times: user=0.13 sys=0.01, real=0.02 secs] 
2026-06-18T14:08:22.952+0800: 52.714: [CMS-concurrent-sweep-start]
2026-06-18T14:08:22.952+0800: 52.715: [CMS-concurrent-sweep: 0.000/0.000 secs] [Times: user=0.00 sys=0.00, real=0.00 secs] 
2026-06-18T14:08:22.953+0800: 52.716: [CMS-concurrent-reset-start]
2026-06-18T14:08:22.953+0800: 52.716: [CMS-concurrent-reset: 0.000/0.000 secs] [Times: user=0.00 sys=0.00, real=0.00 secs] 
2026-06-18T14:08:23.119+0800: 52.882: [GC (Allocation Failure) 2026-06-18T14:08:23.121+0800: 52.883: [ParNew: 78641K->8587K(78656K), 0.0028439 secs] 102695K->41219K(253440K), 0.0050575 secs] [Times: user=0.02 sys=0.00, real=0.00 secs] 
2026-06-18T14:08:23.313+0800: 53.076: [GC (Allocation Failure) 2026-06-18T14:08:23.314+0800: 53.077: [ParNew: 78539K->8610K(78656K), 0.0059874 secs] 111171K->46983K(253440K), 0.0106451 secs] [Times: user=0.05 sys=0.00, real=0.02 secs] 
2026-06-18T14:08:23.509+0800: 53.271: [GC (Allocation Failure) 2026-06-18T14:08:23.510+0800: 53.273: [ParNew: 78562K->8691K(78656K), 0.0128711 secs] 116935K->53471K(253440K), 0.0158321 secs] [Times: user=0.12 sys=0.00, real=0.02 secs] 
2026-06-18T14:08:23.694+0800: 53.457: [GC (Allocation Failure) 2026-06-18T14:08:23.695+0800: 53.458: [ParNew: 78462K->8688K(78656K), 0.0098395 secs] 123241K->59384K(253440K), 0.0123207 secs] [Times: user=0.10 sys=0.00, real=0.01 secs] 
2026-06-18T14:08:23.885+0800: 53.648: [GC (Allocation Failure) 2026-06-18T14:08:23.886+0800: 53.649: [ParNew: 78640K->8686K(78656K), 0.0130675 secs] 129336K->70210K(253440K), 0.0150261 secs] [Times: user=0.12 sys=0.00, real=0.02 secs] 
2026-06-18T14:08:24.069+0800: 53.832: [GC (Allocation Failure) 2026-06-18T14:08:24.071+0800: 53.834: [ParNew: 78610K->8698K(78656K), 0.0176473 secs] 140134K->79380K(253440K), 0.0203789 secs] [Times: user=0.17 sys=0.00, real=0.02 secs] 
2026-06-18T14:08:24.269+0800: 54.032: [GC (Allocation Failure) 2026-06-18T14:08:24.270+0800: 54.033: [ParNew: 78650K->8698K(78656K), 0.0143851 secs] 149332K->90929K(253440K), 0.0163471 secs] [Times: user=0.14 sys=0.00, real=0.02 secs] 
2026-06-18T14:08:24.454+0800: 54.217: [GC (Allocation Failure) 2026-06-18T14:08:24.455+0800: 54.218: [ParNew: 78650K->8603K(78656K), 0.0111020 secs] 160881K->100265K(253440K), 0.0131312 secs] [Times: user=0.07 sys=0.00, real=0.01 secs] 
2026-06-18T14:08:24.646+0800: 54.409: [GC (Allocation Failure) 2026-06-18T14:08:24.647+0800: 54.409: [ParNew: 78555K->8629K(78656K), 0.0199082 secs] 170217K->112543K(253440K), 0.0220244 secs] [Times: user=0.20 sys=0.00, real=0.02 secs] 
2026-06-18T14:08:24.837+0800: 54.600: [GC (Allocation Failure) 2026-06-18T14:08:24.838+0800: 54.601: [ParNew: 78579K->8693K(78656K), 0.0201974 secs] 182493K->122472K(253440K), 0.0226387 secs] [Times: user=0.19 sys=0.00, real=0.02 secs] 
2026-06-18T14:08:25.038+0800: 54.800: [GC (Allocation Failure) 2026-06-18T14:08:25.039+0800: 54.802: [ParNew: 78645K->8702K(78656K), 0.0059566 secs] 192424K->129688K(253440K), 0.0080330 secs] [Times: user=0.05 sys=0.00, real=0.01 secs] 
2026-06-18T14:08:25.215+0800: 54.978: [GC (Allocation Failure) 2026-06-18T14:08:25.289+0800: 55.052: [ParNew: 78654K->8632K(78656K), 0.0146492 secs] 199640K->136979K(253440K), 0.0897771 secs] [Times: user=0.15 sys=0.00, real=0.09 secs] 
2026-06-18T14:08:25.485+0800: 55.248: [GC (Allocation Failure) 2026-06-18T14:08:25.997+0800: 55.759: [ParNew: 78584K->8702K(78656K), 0.0067982 secs] 206931K->146678K(253440K), 0.5438905 secs] [Times: user=0.02 sys=0.01, real=0.56 secs] 
2026-06-18T14:08:26.230+0800: 55.993: [GC (Allocation Failure) 2026-06-18T14:08:26.231+0800: 55.994: [ParNew: 78628K->8686K(78656K), 0.0154171 secs] 216604K->154583K(253440K), 0.0178479 secs] [Times: user=0.16 sys=0.00, real=0.02 secs] 
2026-06-18T14:08:26.417+0800: 56.179: [GC (Allocation Failure) 2026-06-18T14:08:26.418+0800: 56.181: [ParNew: 78638K->8618K(78656K), 0.0155457 secs] 224535K->161165K(253440K), 0.0175117 secs] [Times: user=0.21 sys=0.00, real=0.02 secs] 
2026-06-18T14:08:26.612+0800: 56.375: [GC (Allocation Failure) 2026-06-18T14:08:26.613+0800: 56.376: [ParNew: 78570K->8699K(78656K), 0.0119141 secs] 231117K->170703K(253440K), 0.0136091 secs] [Times: user=0.08 sys=0.01, real=0.02 secs] 
2026-06-18T14:08:26.627+0800: 56.389: [GC (CMS Initial Mark) [1 CMS-initial-mark: 162004K(174784K)] 173582K(253440K), 0.0011316 secs] [Times: user=0.00 sys=0.00, real=0.00 secs] 
2026-06-18T14:08:26.629+0800: 56.392: [CMS-concurrent-mark-start]
2026-06-18T14:08:26.629+0800: 56.392: [CMS-concurrent-mark: 0.000/0.000 secs] [Times: user=0.00 sys=0.00, real=0.00 secs] 
2026-06-18T14:08:26.630+0800: 56.392: [CMS-concurrent-preclean-start]
2026-06-18T14:08:26.630+0800: 56.393: [CMS-concurrent-preclean: 0.000/0.000 secs] [Times: user=0.00 sys=0.00, real=0.00 secs] 
2026-06-18T14:08:26.630+0800: 56.393: [CMS-concurrent-abortable-preclean-start]
2026-06-18T14:08:26.806+0800: 56.569: [GC (Allocation Failure) 2026-06-18T14:08:26.807+0800: 56.570: [ParNew2026-06-18T14:08:26.833+0800: 56.595: [CMS-concurrent-abortable-preclean: 0.000/0.203 secs] [Times: user=0.17 sys=0.00, real=0.20 secs] 
: 78651K->8695K(78656K), 0.0493074 secs] 240655K->178117K(253440K), 0.0512933 secs] [Times: user=0.51 sys=0.00, real=0.05 secs] 
2026-06-18T14:08:26.859+0800: 56.622: [GC (CMS Final Remark) [YG occupancy: 11623 K (78656 K)]2026-06-18T14:08:26.859+0800: 56.622: [Rescan (parallel) , 0.0062760 secs]2026-06-18T14:08:26.866+0800: 56.629: [weak refs processing, 0.0010326 secs]2026-06-18T14:08:26.868+0800: 56.631: [class unloading, 0.0009955 secs]2026-06-18T14:08:26.870+0800: 56.633: [scrub symbol table, 0.0013994 secs]2026-06-18T14:08:26.873+0800: 56.636: [scrub string table, 0.0015652 secs][1 CMS-remark: 169422K(174784K)] 181045K(253440K), 0.0170374 secs] [Times: user=0.04 sys=0.00, real=0.02 secs] 
2026-06-18T14:08:26.878+0800: 56.641: [CMS-concurrent-sweep-start]
2026-06-18T14:08:26.879+0800: 56.642: [CMS-concurrent-sweep: 0.001/0.001 secs] [Times: user=0.00 sys=0.00, real=0.00 secs] 
2026-06-18T14:08:26.880+0800: 56.643: [CMS-concurrent-reset-start]
2026-06-18T14:08:26.880+0800: 56.643: [CMS-concurrent-reset: 0.000/0.000 secs] [Times: user=0.00 sys=0.00, real=0.00 secs] 
2026-06-18T14:08:27.045+0800: 56.807: [GC (Allocation Failure) 2026-06-18T14:08:27.045+0800: 56.808: [ParNew: 78647K->8692K(78656K), 0.0132267 secs] 102172K->44506K(253440K), 0.0148353 secs] [Times: user=0.13 sys=0.00, real=0.02 secs] 
2026-06-18T14:08:27.237+0800: 57.000: [GC (Allocation Failure) 2026-06-18T14:08:27.238+0800: 57.001: [ParNew: 78644K->8673K(78656K), 0.0129543 secs] 114458K->54158K(253440K), 0.0157050 secs] [Times: user=0.11 sys=0.00, real=0.02 secs] 
2026-06-18T14:08:27.423+0800: 57.185: [GC (Allocation Failure) 2026-06-18T14:08:27.424+0800: 57.186: [ParNew: 78625K->8695K(78656K), 0.0168173 secs] 124110K->61954K(253440K), 0.0190657 secs] [Times: user=0.13 sys=0.00, real=0.02 secs] 
2026-06-18T14:08:27.622+0800: 57.385: [GC (Allocation Failure) 2026-06-18T14:08:27.623+0800: 57.386: [ParNew: 78647K->8696K(78656K), 0.0161157 secs] 131906K->69475K(253440K), 0.0175740 secs] [Times: user=0.15 sys=0.00, real=0.02 secs] 
2026-06-18T14:08:27.820+0800: 57.582: [GC (Allocation Failure) 2026-06-18T14:08:27.822+0800: 57.584: [ParNew: 78648K->8697K(78656K), 0.0127233 secs] 139427K->76846K(253440K), 0.0158258 secs] [Times: user=0.12 sys=0.00, real=0.02 secs] 
2026-06-18T14:08:28.004+0800: 57.767: [GC (Allocation Failure) 2026-06-18T14:08:28.006+0800: 57.769: [ParNew: 78649K->8702K(78656K), 0.0157288 secs] 146798K->85537K(253440K), 0.0194421 secs] [Times: user=0.15 sys=0.00, real=0.02 secs] 
2026-06-18T14:08:28.203+0800: 57.966: [GC (Allocation Failure) 2026-06-18T14:08:28.206+0800: 57.969: [ParNew: 78654K->8633K(78656K), 0.0181654 secs] 155489K->93185K(253440K), 0.0223558 secs] [Times: user=0.13 sys=0.00, real=0.03 secs] 
2026-06-18T14:08:28.396+0800: 58.159: [GC (Allocation Failure) 2026-06-18T14:08:28.398+0800: 58.160: [ParNew: 78585K->8691K(78656K), 0.0153933 secs] 163137K->100248K(253440K), 0.0179075 secs] [Times: user=0.17 sys=0.01, real=0.02 secs] 
Heap
 par new generation   total 78656K, used 11835K [0x00000000f0000000, 0x00000000f5550000, 0x00000000f5550000)
  eden space 69952K,   4% used [0x00000000f0000000, 0x00000000f0311f38, 0x00000000f4450000)
  from space 8704K,  99% used [0x00000000f4cd0000, 0x00000000f554ce30, 0x00000000f5550000)
  to   space 8704K,   0% used [0x00000000f4450000, 0x00000000f4450000, 0x00000000f4cd0000)
 concurrent mark-sweep generation total 174784K, used 91556K [0x00000000f5550000, 0x0000000100000000, 0x0000000100000000)
 Metaspace       used 2722K, capacity 4494K, committed 4864K, reserved 1056768K
  class space    used 282K, capacity 386K, committed 512K, reserved 1048576K
