OpenJDK 64-Bit Server VM (25.492-b09) for linux-amd64 JRE (1.8.0_492-b09), built on Apr 26 2026 11:46:09 by "jenkins" with gcc 7.5.0
Memory: 4k page, physical 16236216k(11326268k free), swap 4194304k(4194304k free)
CommandLine flags: -XX:InitialHeapSize=268435456 -XX:MaxHeapSize=268435456 -XX:+PrintGC -XX:+PrintGCDateStamps -XX:+PrintGCDetails -XX:+PrintGCTimeStamps -XX:+UseCompressedClassPointers -XX:+UseCompressedOops -XX:+UseG1GC 
2026-06-18T14:06:28.084+0800: 0.116: [GC pause (G1 Evacuation Pause) (young), 0.0230848 secs]
   [Parallel Time: 18.3 ms, GC Workers: 18]
      [GC Worker Start (ms): Min: 115.7, Avg: 120.9, Max: 130.5, Diff: 14.8]
      [Ext Root Scanning (ms): Min: 0.0, Avg: 0.0, Max: 0.2, Diff: 0.2, Sum: 0.8]
      [Update RS (ms): Min: 0.0, Avg: 0.0, Max: 0.0, Diff: 0.0, Sum: 0.0]
         [Processed Buffers: Min: 0, Avg: 0.0, Max: 0, Diff: 0, Sum: 0]
      [Scan RS (ms): Min: 0.0, Avg: 0.0, Max: 0.0, Diff: 0.0, Sum: 0.0]
      [Code Root Scanning (ms): Min: 0.0, Avg: 0.0, Max: 0.0, Diff: 0.0, Sum: 0.0]
      [Object Copy (ms): Min: 0.0, Avg: 2.3, Max: 16.9, Diff: 16.9, Sum: 41.4]
      [Termination (ms): Min: 0.0, Avg: 9.7, Max: 16.5, Diff: 16.5, Sum: 174.6]
         [Termination Attempts: Min: 1, Avg: 1.0, Max: 1, Diff: 0, Sum: 18]
      [GC Worker Other (ms): Min: 0.0, Avg: 0.0, Max: 0.0, Diff: 0.0, Sum: 0.2]
      [GC Worker Total (ms): Min: 2.4, Avg: 12.1, Max: 17.3, Diff: 14.9, Sum: 217.0]
      [GC Worker End (ms): Min: 132.9, Avg: 133.0, Max: 133.1, Diff: 0.2]
   [Code Root Fixup: 0.0 ms]
   [Code Root Purge: 0.0 ms]
   [Clear CT: 1.1 ms]
   [Other: 3.7 ms]
      [Choose CSet: 0.0 ms]
      [Ref Proc: 2.6 ms]
      [Ref Enq: 0.0 ms]
      [Redirty Cards: 1.0 ms]
      [Humongous Register: 0.0 ms]
      [Humongous Reclaim: 0.0 ms]
      [Free CSet: 0.0 ms]
   [Eden: 24576.0K(24576.0K)->0.0B(33792.0K) Survivors: 0.0B->3072.0K Heap: 26014.0K(256.0M)->8009.5K(256.0M)]
 [Times: user=0.22 sys=0.02, real=0.03 secs] 
2026-06-18T14:06:28.195+0800: 0.227: [GC pause (G1 Evacuation Pause) (young), 0.0124424 secs]
   [Parallel Time: 8.4 ms, GC Workers: 18]
      [GC Worker Start (ms): Min: 226.8, Avg: 230.0, Max: 234.4, Diff: 7.6]
      [Ext Root Scanning (ms): Min: 0.0, Avg: 0.0, Max: 0.2, Diff: 0.2, Sum: 0.4]
      [Update RS (ms): Min: 0.0, Avg: 0.0, Max: 0.1, Diff: 0.1, Sum: 0.1]
         [Processed Buffers: Min: 0, Avg: 0.1, Max: 1, Diff: 1, Sum: 2]
      [Scan RS (ms): Min: 0.0, Avg: 0.0, Max: 0.0, Diff: 0.0, Sum: 0.0]
      [Code Root Scanning (ms): Min: 0.0, Avg: 0.0, Max: 0.0, Diff: 0.0, Sum: 0.0]
      [Object Copy (ms): Min: 0.0, Avg: 0.3, Max: 0.7, Diff: 0.7, Sum: 4.7]
      [Termination (ms): Min: 0.0, Avg: 4.1, Max: 6.8, Diff: 6.8, Sum: 74.6]
         [Termination Attempts: Min: 1, Avg: 1.0, Max: 1, Diff: 0, Sum: 18]
      [GC Worker Other (ms): Min: 0.0, Avg: 0.0, Max: 0.0, Diff: 0.0, Sum: 0.2]
      [GC Worker Total (ms): Min: 0.0, Avg: 4.4, Max: 7.7, Diff: 7.7, Sum: 80.0]
      [GC Worker End (ms): Min: 234.4, Avg: 234.5, Max: 234.6, Diff: 0.1]
   [Code Root Fixup: 0.0 ms]
   [Code Root Purge: 0.0 ms]
   [Clear CT: 1.3 ms]
   [Other: 2.8 ms]
      [Choose CSet: 0.0 ms]
      [Ref Proc: 1.8 ms]
      [Ref Enq: 0.0 ms]
      [Redirty Cards: 0.9 ms]
      [Humongous Register: 0.0 ms]
      [Humongous Reclaim: 0.0 ms]
      [Free CSet: 0.0 ms]
   [Eden: 33792.0K(33792.0K)->0.0B(148.0M) Survivors: 3072.0K->5120.0K Heap: 41801.5K(256.0M)->15404.5K(256.0M)]
 [Times: user=0.09 sys=0.00, real=0.01 secs] 
2026-06-18T14:06:28.617+0800: 0.649: [GC pause (G1 Evacuation Pause) (young), 0.0144293 secs]
   [Parallel Time: 8.0 ms, GC Workers: 18]
      [GC Worker Start (ms): Min: 648.9, Avg: 649.7, Max: 650.6, Diff: 1.7]
      [Ext Root Scanning (ms): Min: 0.0, Avg: 0.0, Max: 0.2, Diff: 0.2, Sum: 0.4]
      [Update RS (ms): Min: 0.0, Avg: 0.0, Max: 0.1, Diff: 0.1, Sum: 0.2]
         [Processed Buffers: Min: 0, Avg: 0.3, Max: 4, Diff: 4, Sum: 6]
      [Scan RS (ms): Min: 0.0, Avg: 0.0, Max: 0.0, Diff: 0.0, Sum: 0.1]
      [Code Root Scanning (ms): Min: 0.0, Avg: 0.0, Max: 0.0, Diff: 0.0, Sum: 0.0]
      [Object Copy (ms): Min: 0.3, Avg: 2.2, Max: 7.5, Diff: 7.2, Sum: 39.5]
      [Termination (ms): Min: 0.0, Avg: 4.8, Max: 5.9, Diff: 5.9, Sum: 86.8]
         [Termination Attempts: Min: 1, Avg: 1.0, Max: 1, Diff: 0, Sum: 18]
      [GC Worker Other (ms): Min: 0.0, Avg: 0.0, Max: 0.0, Diff: 0.0, Sum: 0.1]
      [GC Worker Total (ms): Min: 6.1, Avg: 7.1, Max: 7.8, Diff: 1.8, Sum: 127.1]
      [GC Worker End (ms): Min: 656.7, Avg: 656.7, Max: 656.8, Diff: 0.1]
   [Code Root Fixup: 0.0 ms]
   [Code Root Purge: 0.0 ms]
   [Clear CT: 1.5 ms]
   [Other: 4.9 ms]
      [Choose CSet: 0.0 ms]
      [Ref Proc: 4.1 ms]
      [Ref Enq: 0.0 ms]
      [Redirty Cards: 0.7 ms]
      [Humongous Register: 0.0 ms]
      [Humongous Reclaim: 0.0 ms]
      [Free CSet: 0.0 ms]
   [Eden: 148.0M(148.0M)->0.0B(64512.0K) Survivors: 5120.0K->20480.0K Heap: 164.9M(256.0M)->45467.5K(256.0M)]
 [Times: user=0.12 sys=0.07, real=0.01 secs] 
2026-06-18T14:06:28.792+0800: 0.824: [GC pause (G1 Evacuation Pause) (young), 0.0243189 secs]
   [Parallel Time: 18.7 ms, GC Workers: 18]
      [GC Worker Start (ms): Min: 823.9, Avg: 826.0, Max: 834.5, Diff: 10.6]
      [Ext Root Scanning (ms): Min: 0.0, Avg: 0.0, Max: 0.2, Diff: 0.2, Sum: 0.5]
      [Update RS (ms): Min: 0.0, Avg: 0.0, Max: 0.0, Diff: 0.0, Sum: 0.0]
         [Processed Buffers: Min: 0, Avg: 0.3, Max: 6, Diff: 6, Sum: 6]
      [Scan RS (ms): Min: 0.0, Avg: 0.0, Max: 0.0, Diff: 0.0, Sum: 0.1]
      [Code Root Scanning (ms): Min: 0.0, Avg: 0.0, Max: 0.0, Diff: 0.0, Sum: 0.0]
      [Object Copy (ms): Min: 0.0, Avg: 5.1, Max: 17.5, Diff: 17.5, Sum: 91.4]
      [Termination (ms): Min: 0.0, Avg: 10.8, Max: 16.5, Diff: 16.5, Sum: 193.9]
         [Termination Attempts: Min: 1, Avg: 1.0, Max: 1, Diff: 0, Sum: 18]
      [GC Worker Other (ms): Min: 0.0, Avg: 0.0, Max: 0.0, Diff: 0.0, Sum: 0.1]
      [GC Worker Total (ms): Min: 7.4, Avg: 15.9, Max: 17.9, Diff: 10.6, Sum: 286.0]
      [GC Worker End (ms): Min: 841.8, Avg: 841.9, Max: 841.9, Diff: 0.1]
   [Code Root Fixup: 0.0 ms]
   [Code Root Purge: 0.0 ms]
   [Clear CT: 1.0 ms]
   [Other: 4.6 ms]
      [Choose CSet: 0.0 ms]
      [Ref Proc: 3.6 ms]
      [Ref Enq: 0.0 ms]
      [Redirty Cards: 0.9 ms]
      [Humongous Register: 0.0 ms]
      [Humongous Reclaim: 0.0 ms]
      [Free CSet: 0.0 ms]
   [Eden: 64512.0K(64512.0K)->0.0B(138.0M) Survivors: 20480.0K->11264.0K Heap: 108.3M(256.0M)->59200.6K(256.0M)]
 [Times: user=0.27 sys=0.05, real=0.03 secs] 
2026-06-18T14:06:29.173+0800: 1.205: [GC pause (G1 Evacuation Pause) (young), 0.0169236 secs]
   [Parallel Time: 12.4 ms, GC Workers: 18]
      [GC Worker Start (ms): Min: 1204.9, Avg: 1209.2, Max: 1216.2, Diff: 11.3]
      [Ext Root Scanning (ms): Min: 0.0, Avg: 0.0, Max: 0.2, Diff: 0.2, Sum: 0.5]
      [Update RS (ms): Min: 0.0, Avg: 0.0, Max: 0.0, Diff: 0.0, Sum: 0.1]
         [Processed Buffers: Min: 0, Avg: 0.4, Max: 2, Diff: 2, Sum: 8]
      [Scan RS (ms): Min: 0.0, Avg: 0.0, Max: 0.0, Diff: 0.0, Sum: 0.1]
      [Code Root Scanning (ms): Min: 0.0, Avg: 0.0, Max: 0.0, Diff: 0.0, Sum: 0.0]
      [Object Copy (ms): Min: 0.0, Avg: 0.5, Max: 4.0, Diff: 4.0, Sum: 8.4]
      [Termination (ms): Min: 0.0, Avg: 6.6, Max: 10.9, Diff: 10.9, Sum: 118.1]
         [Termination Attempts: Min: 1, Avg: 1.3, Max: 2, Diff: 1, Sum: 23]
      [GC Worker Other (ms): Min: 0.0, Avg: 0.0, Max: 0.0, Diff: 0.0, Sum: 0.1]
      [GC Worker Total (ms): Min: 0.0, Avg: 7.1, Max: 11.4, Diff: 11.4, Sum: 127.3]
      [GC Worker End (ms): Min: 1216.2, Avg: 1216.3, Max: 1216.5, Diff: 0.3]
   [Code Root Fixup: 0.0 ms]
   [Code Root Purge: 0.0 ms]
   [Clear CT: 1.3 ms]
   [Other: 3.2 ms]
      [Choose CSet: 0.0 ms]
      [Ref Proc: 2.3 ms]
      [Ref Enq: 0.0 ms]
      [Redirty Cards: 0.8 ms]
      [Humongous Register: 0.0 ms]
      [Humongous Reclaim: 0.0 ms]
      [Free CSet: 0.0 ms]
   [Eden: 138.0M(138.0M)->0.0B(132.0M) Survivors: 11264.0K->19456.0K Heap: 198.1M(256.0M)->70019.1K(256.0M)]
 [Times: user=0.16 sys=0.00, real=0.02 secs] 
2026-06-18T14:06:29.530+0800: 1.561: [GC pause (G1 Evacuation Pause) (young), 0.0189688 secs]
   [Parallel Time: 15.6 ms, GC Workers: 18]
      [GC Worker Start (ms): Min: 1561.4, Avg: 1568.5, Max: 1576.5, Diff: 15.1]
      [Ext Root Scanning (ms): Min: 0.0, Avg: 0.0, Max: 0.2, Diff: 0.2, Sum: 0.4]
      [Update RS (ms): Min: 0.0, Avg: 0.0, Max: 0.0, Diff: 0.0, Sum: 0.0]
         [Processed Buffers: Min: 0, Avg: 0.2, Max: 1, Diff: 1, Sum: 3]
      [Scan RS (ms): Min: 0.0, Avg: 0.0, Max: 0.0, Diff: 0.0, Sum: 0.1]
      [Code Root Scanning (ms): Min: 0.0, Avg: 0.0, Max: 0.0, Diff: 0.0, Sum: 0.0]
      [Object Copy (ms): Min: 0.0, Avg: 1.6, Max: 12.9, Diff: 12.9, Sum: 28.0]
      [Termination (ms): Min: 0.0, Avg: 6.5, Max: 14.3, Diff: 14.3, Sum: 116.3]
         [Termination Attempts: Min: 1, Avg: 1.0, Max: 1, Diff: 0, Sum: 18]
      [GC Worker Other (ms): Min: 0.0, Avg: 0.0, Max: 0.0, Diff: 0.0, Sum: 0.1]
      [GC Worker Total (ms): Min: 0.0, Avg: 8.1, Max: 15.3, Diff: 15.3, Sum: 145.0]
      [GC Worker End (ms): Min: 1576.5, Avg: 1576.6, Max: 1576.7, Diff: 0.2]
   [Code Root Fixup: 0.0 ms]
   [Code Root Purge: 0.0 ms]
   [Clear CT: 0.7 ms]
   [Other: 2.7 ms]
      [Choose CSet: 0.0 ms]
      [Ref Proc: 1.9 ms]
      [Ref Enq: 0.0 ms]
      [Redirty Cards: 0.7 ms]
      [Humongous Register: 0.0 ms]
      [Humongous Reclaim: 0.0 ms]
      [Free CSet: 0.0 ms]
   [Eden: 132.0M(132.0M)->0.0B(128.0M) Survivors: 19456.0K->19456.0K Heap: 202.4M(256.0M)->73554.6K(256.0M)]
 [Times: user=0.16 sys=0.01, real=0.02 secs] 
2026-06-18T14:06:29.839+0800: 1.871: [Full GC (System.gc())  186M->26476K(256M), 0.0080060 secs]
   [Eden: 113.0M(128.0M)->0.0B(153.0M) Survivors: 19456.0K->0.0B Heap: 187.0M(256.0M)->26476.2K(256.0M)], [Metaspace: 2705K->2705K(1056768K)]
 [Times: user=0.00 sys=0.01, real=0.01 secs] 
2026-06-18T14:06:30.235+0800: 2.267: [GC pause (G1 Evacuation Pause) (young), 0.0293658 secs]
   [Parallel Time: 24.3 ms, GC Workers: 18]
      [GC Worker Start (ms): Min: 2266.7, Avg: 2272.0, Max: 2283.2, Diff: 16.6]
      [Ext Root Scanning (ms): Min: 0.0, Avg: 0.0, Max: 0.2, Diff: 0.2, Sum: 0.3]
      [Update RS (ms): Min: 0.0, Avg: 0.0, Max: 0.0, Diff: 0.0, Sum: 0.0]
         [Processed Buffers: Min: 0, Avg: 0.1, Max: 1, Diff: 1, Sum: 2]
      [Scan RS (ms): Min: 0.0, Avg: 0.0, Max: 0.0, Diff: 0.0, Sum: 0.1]
      [Code Root Scanning (ms): Min: 0.0, Avg: 0.0, Max: 0.0, Diff: 0.0, Sum: 0.0]
      [Object Copy (ms): Min: 0.0, Avg: 2.8, Max: 22.9, Diff: 22.9, Sum: 50.7]
      [Termination (ms): Min: 0.0, Avg: 15.6, Max: 22.7, Diff: 22.7, Sum: 280.9]
         [Termination Attempts: Min: 1, Avg: 1.0, Max: 1, Diff: 0, Sum: 18]
      [GC Worker Other (ms): Min: 0.0, Avg: 0.0, Max: 0.0, Diff: 0.0, Sum: 0.1]
      [GC Worker Total (ms): Min: 7.2, Avg: 18.5, Max: 23.8, Diff: 16.6, Sum: 332.2]
      [GC Worker End (ms): Min: 2290.3, Avg: 2290.4, Max: 2290.6, Diff: 0.2]
   [Code Root Fixup: 0.0 ms]
   [Code Root Purge: 0.0 ms]
   [Clear CT: 1.5 ms]
   [Other: 3.6 ms]
      [Choose CSet: 0.0 ms]
      [Ref Proc: 2.6 ms]
      [Ref Enq: 0.0 ms]
      [Redirty Cards: 0.8 ms]
      [Humongous Register: 0.0 ms]
      [Humongous Reclaim: 0.0 ms]
      [Free CSet: 0.0 ms]
   [Eden: 153.0M(153.0M)->0.0B(133.0M) Survivors: 0.0B->20480.0K Heap: 181.2M(256.0M)->56109.7K(256.0M)]
 [Times: user=0.32 sys=0.01, real=0.02 secs] 
2026-06-18T14:06:30.599+0800: 2.630: [GC pause (G1 Evacuation Pause) (young), 0.0135647 secs]
   [Parallel Time: 6.2 ms, GC Workers: 18]
      [GC Worker Start (ms): Min: 2630.6, Avg: 2633.3, Max: 2635.7, Diff: 5.1]
      [Ext Root Scanning (ms): Min: 0.0, Avg: 0.0, Max: 0.2, Diff: 0.2, Sum: 0.5]
      [Update RS (ms): Min: 0.0, Avg: 0.0, Max: 0.0, Diff: 0.0, Sum: 0.0]
         [Processed Buffers: Min: 0, Avg: 0.2, Max: 1, Diff: 1, Sum: 4]
      [Scan RS (ms): Min: 0.0, Avg: 0.0, Max: 0.0, Diff: 0.0, Sum: 0.2]
      [Code Root Scanning (ms): Min: 0.0, Avg: 0.0, Max: 0.0, Diff: 0.0, Sum: 0.0]
      [Object Copy (ms): Min: 0.0, Avg: 0.2, Max: 0.5, Diff: 0.5, Sum: 2.7]
      [Termination (ms): Min: 0.0, Avg: 2.3, Max: 4.5, Diff: 4.5, Sum: 41.4]
         [Termination Attempts: Min: 1, Avg: 1.0, Max: 1, Diff: 0, Sum: 18]
      [GC Worker Other (ms): Min: 0.0, Avg: 0.0, Max: 0.0, Diff: 0.0, Sum: 0.1]
      [GC Worker Total (ms): Min: 0.0, Avg: 2.5, Max: 5.2, Diff: 5.2, Sum: 44.9]
      [GC Worker End (ms): Min: 2635.7, Avg: 2635.8, Max: 2635.9, Diff: 0.2]
   [Code Root Fixup: 0.0 ms]
   [Code Root Purge: 0.0 ms]
   [Clear CT: 1.1 ms]
   [Other: 6.3 ms]
      [Choose CSet: 0.0 ms]
      [Ref Proc: 5.6 ms]
      [Ref Enq: 0.0 ms]
      [Redirty Cards: 0.6 ms]
      [Humongous Register: 0.0 ms]
      [Humongous Reclaim: 0.0 ms]
      [Free CSet: 0.0 ms]
   [Eden: 133.0M(133.0M)->0.0B(137.0M) Survivors: 20480.0K->16384.0K Heap: 189.8M(256.0M)->53989.5K(256.0M)]
 [Times: user=0.10 sys=0.01, real=0.01 secs] 
2026-06-18T14:06:30.959+0800: 2.991: [GC pause (G1 Evacuation Pause) (young), 0.0196350 secs]
   [Parallel Time: 14.3 ms, GC Workers: 18]
      [GC Worker Start (ms): Min: 2990.7, Avg: 2995.9, Max: 3004.2, Diff: 13.5]
      [Ext Root Scanning (ms): Min: 0.0, Avg: 0.0, Max: 0.2, Diff: 0.2, Sum: 0.4]
      [Update RS (ms): Min: 0.0, Avg: 0.0, Max: 0.0, Diff: 0.0, Sum: 0.0]
         [Processed Buffers: Min: 0, Avg: 0.2, Max: 2, Diff: 2, Sum: 4]
      [Scan RS (ms): Min: 0.0, Avg: 0.0, Max: 0.0, Diff: 0.0, Sum: 0.1]
      [Code Root Scanning (ms): Min: 0.0, Avg: 0.0, Max: 0.0, Diff: 0.0, Sum: 0.0]
      [Object Copy (ms): Min: 0.0, Avg: 0.2, Max: 0.6, Diff: 0.6, Sum: 3.6]
      [Termination (ms): Min: 0.0, Avg: 8.2, Max: 12.9, Diff: 12.9, Sum: 147.5]
         [Termination Attempts: Min: 1, Avg: 1.0, Max: 1, Diff: 0, Sum: 18]
      [GC Worker Other (ms): Min: 0.0, Avg: 0.0, Max: 0.0, Diff: 0.0, Sum: 0.1]
      [GC Worker Total (ms): Min: 0.0, Avg: 8.4, Max: 13.7, Diff: 13.7, Sum: 151.9]
      [GC Worker End (ms): Min: 3004.2, Avg: 3004.3, Max: 3004.5, Diff: 0.2]
   [Code Root Fixup: 0.0 ms]
   [Code Root Purge: 0.0 ms]
   [Clear CT: 1.5 ms]
   [Other: 3.8 ms]
      [Choose CSet: 0.0 ms]
      [Ref Proc: 2.6 ms]
      [Ref Enq: 0.0 ms]
      [Redirty Cards: 1.1 ms]
      [Humongous Register: 0.0 ms]
      [Humongous Reclaim: 0.0 ms]
      [Free CSet: 0.0 ms]
   [Eden: 137.0M(137.0M)->0.0B(133.0M) Survivors: 16384.0K->20480.0K Heap: 192.1M(256.0M)->59891.3K(256.0M)]
 [Times: user=0.18 sys=0.00, real=0.02 secs] 
2026-06-18T14:06:31.022+0800: 3.054: [Full GC (System.gc())  75251K->21594K(256M), 0.0071445 secs]
   [Eden: 15360.0K(133.0M)->0.0B(153.0M) Survivors: 20480.0K->0.0B Heap: 75251.3K(256.0M)->21594.3K(256.0M)], [Metaspace: 2706K->2706K(1056768K)]
 [Times: user=0.01 sys=0.00, real=0.01 secs] 
2026-06-18T14:06:31.304+0800: 3.336: [Full GC (System.gc())  130M->22952K(256M), 0.0074597 secs]
   [Eden: 108.0M(153.0M)->0.0B(153.0M) Survivors: 0.0B->0.0B Heap: 130.7M(256.0M)->22952.1K(256.0M)], [Metaspace: 2706K->2706K(1056768K)]
 [Times: user=0.01 sys=0.00, real=0.02 secs] 
2026-06-18T14:06:31.692+0800: 3.723: [Full GC (System.gc())  167M->28601K(256M), 0.0062563 secs]
   [Eden: 144.0M(153.0M)->0.0B(153.0M) Survivors: 0.0B->0.0B Heap: 167.9M(256.0M)->28601.5K(256.0M)], [Metaspace: 2706K->2706K(1056768K)]
 [Times: user=0.01 sys=0.00, real=0.01 secs] 
2026-06-18T14:06:32.097+0800: 4.128: [GC pause (G1 Evacuation Pause) (young), 0.0141853 secs]
   [Parallel Time: 10.4 ms, GC Workers: 18]
      [GC Worker Start (ms): Min: 4128.4, Avg: 4133.0, Max: 4137.9, Diff: 9.5]
      [Ext Root Scanning (ms): Min: 0.0, Avg: 0.0, Max: 0.3, Diff: 0.3, Sum: 0.5]
      [Update RS (ms): Min: 0.0, Avg: 0.0, Max: 0.0, Diff: 0.0, Sum: 0.0]
         [Processed Buffers: Min: 0, Avg: 0.1, Max: 1, Diff: 1, Sum: 1]
      [Scan RS (ms): Min: 0.0, Avg: 0.0, Max: 0.0, Diff: 0.0, Sum: 0.2]
      [Code Root Scanning (ms): Min: 0.0, Avg: 0.0, Max: 0.0, Diff: 0.0, Sum: 0.0]
      [Object Copy (ms): Min: 0.0, Avg: 0.6, Max: 8.1, Diff: 8.1, Sum: 10.8]
      [Termination (ms): Min: 0.0, Avg: 4.3, Max: 9.0, Diff: 9.0, Sum: 77.8]
         [Termination Attempts: Min: 1, Avg: 1.0, Max: 1, Diff: 0, Sum: 18]
      [GC Worker Other (ms): Min: 0.0, Avg: 0.0, Max: 0.0, Diff: 0.0, Sum: 0.1]
      [GC Worker Total (ms): Min: 0.0, Avg: 5.0, Max: 9.5, Diff: 9.5, Sum: 89.5]
      [GC Worker End (ms): Min: 4137.9, Avg: 4138.0, Max: 4138.2, Diff: 0.3]
   [Code Root Fixup: 0.0 ms]
   [Code Root Purge: 0.0 ms]
   [Clear CT: 0.9 ms]
   [Other: 2.8 ms]
      [Choose CSet: 0.0 ms]
      [Ref Proc: 2.0 ms]
      [Ref Enq: 0.0 ms]
      [Redirty Cards: 0.7 ms]
      [Humongous Register: 0.0 ms]
      [Humongous Reclaim: 0.0 ms]
      [Free CSet: 0.0 ms]
   [Eden: 153.0M(153.0M)->0.0B(138.0M) Survivors: 0.0B->15360.0K Heap: 183.4M(256.0M)->40896.5K(256.0M)]
 [Times: user=0.10 sys=0.01, real=0.01 secs] 
2026-06-18T14:06:32.469+0800: 4.500: [GC pause (G1 Evacuation Pause) (young), 0.0208091 secs]
   [Parallel Time: 14.1 ms, GC Workers: 18]
      [GC Worker Start (ms): Min: 4500.5, Avg: 4504.4, Max: 4512.8, Diff: 12.3]
      [Ext Root Scanning (ms): Min: 0.0, Avg: 0.0, Max: 0.3, Diff: 0.3, Sum: 0.7]
      [Update RS (ms): Min: 0.0, Avg: 0.0, Max: 0.0, Diff: 0.0, Sum: 0.0]
         [Processed Buffers: Min: 0, Avg: 0.2, Max: 1, Diff: 1, Sum: 3]
      [Scan RS (ms): Min: 0.0, Avg: 0.0, Max: 0.0, Diff: 0.0, Sum: 0.2]
      [Code Root Scanning (ms): Min: 0.0, Avg: 0.0, Max: 0.0, Diff: 0.0, Sum: 0.0]
      [Object Copy (ms): Min: 0.0, Avg: 0.2, Max: 0.5, Diff: 0.5, Sum: 3.1]
      [Termination (ms): Min: 0.0, Avg: 8.3, Max: 11.8, Diff: 11.8, Sum: 150.2]
         [Termination Attempts: Min: 1, Avg: 1.0, Max: 1, Diff: 0, Sum: 18]
      [GC Worker Other (ms): Min: 0.0, Avg: 0.0, Max: 0.0, Diff: 0.0, Sum: 0.1]
      [GC Worker Total (ms): Min: 0.0, Avg: 8.6, Max: 12.6, Diff: 12.6, Sum: 154.4]
      [GC Worker End (ms): Min: 4512.8, Avg: 4512.9, Max: 4513.1, Diff: 0.3]
   [Code Root Fixup: 0.0 ms]
   [Code Root Purge: 0.0 ms]
   [Clear CT: 1.2 ms]
   [Other: 5.5 ms]
      [Choose CSet: 0.0 ms]
      [Ref Proc: 4.8 ms]
      [Ref Enq: 0.0 ms]
      [Redirty Cards: 0.6 ms]
      [Humongous Register: 0.0 ms]
      [Humongous Reclaim: 0.0 ms]
      [Free CSet: 0.0 ms]
   [Eden: 138.0M(138.0M)->0.0B(136.0M) Survivors: 15360.0K->17408.0K Heap: 180.3M(256.0M)->45587.6K(256.0M)]
 [Times: user=0.19 sys=0.00, real=0.02 secs] 
2026-06-18T14:06:32.607+0800: 4.639: [Full GC (System.gc())  95605K->22852K(256M), 0.0079236 secs]
   [Eden: 50176.0K(136.0M)->0.0B(153.0M) Survivors: 17408.0K->0.0B Heap: 95605.7K(256.0M)->22852.9K(256.0M)], [Metaspace: 2706K->2706K(1056768K)]
 [Times: user=0.00 sys=0.01, real=0.01 secs] 
2026-06-18T14:06:33.003+0800: 5.034: [GC pause (G1 Evacuation Pause) (young), 0.0240273 secs]
   [Parallel Time: 19.3 ms, GC Workers: 18]
      [GC Worker Start (ms): Min: 5034.2, Avg: 5042.0, Max: 5052.8, Diff: 18.6]
      [Ext Root Scanning (ms): Min: 0.0, Avg: 0.0, Max: 0.2, Diff: 0.2, Sum: 0.7]
      [Update RS (ms): Min: 0.0, Avg: 0.0, Max: 0.0, Diff: 0.0, Sum: 0.0]
         [Processed Buffers: Min: 0, Avg: 0.1, Max: 1, Diff: 1, Sum: 2]
      [Scan RS (ms): Min: 0.0, Avg: 0.0, Max: 0.0, Diff: 0.0, Sum: 0.2]
      [Code Root Scanning (ms): Min: 0.0, Avg: 0.0, Max: 0.0, Diff: 0.0, Sum: 0.0]
      [Object Copy (ms): Min: 0.0, Avg: 0.8, Max: 11.3, Diff: 11.3, Sum: 14.9]
      [Termination (ms): Min: 0.0, Avg: 10.1, Max: 18.1, Diff: 18.1, Sum: 181.8]
         [Termination Attempts: Min: 1, Avg: 1.0, Max: 1, Diff: 0, Sum: 18]
      [GC Worker Other (ms): Min: 0.0, Avg: 0.0, Max: 0.0, Diff: 0.0, Sum: 0.1]
      [GC Worker Total (ms): Min: 0.0, Avg: 11.0, Max: 19.1, Diff: 19.1, Sum: 197.6]
      [GC Worker End (ms): Min: 5052.8, Avg: 5052.9, Max: 5053.3, Diff: 0.5]
   [Code Root Fixup: 0.0 ms]
   [Code Root Purge: 0.0 ms]
   [Clear CT: 1.5 ms]
   [Other: 3.2 ms]
      [Choose CSet: 0.0 ms]
      [Ref Proc: 1.8 ms]
      [Ref Enq: 0.0 ms]
      [Redirty Cards: 1.3 ms]
      [Humongous Register: 0.0 ms]
      [Humongous Reclaim: 0.0 ms]
      [Free CSet: 0.0 ms]
   [Eden: 153.0M(153.0M)->0.0B(133.0M) Survivors: 0.0B->20480.0K Heap: 178.5M(256.0M)->40871.4K(256.0M)]
 [Times: user=0.20 sys=0.00, real=0.03 secs] 
2026-06-18T14:06:33.362+0800: 5.394: [GC pause (G1 Evacuation Pause) (young), 0.0217462 secs]
   [Parallel Time: 18.3 ms, GC Workers: 18]
      [GC Worker Start (ms): Min: 5393.7, Avg: 5400.6, Max: 5410.2, Diff: 16.5]
      [Ext Root Scanning (ms): Min: 0.0, Avg: 0.0, Max: 0.2, Diff: 0.2, Sum: 0.4]
      [Update RS (ms): Min: 0.0, Avg: 0.0, Max: 0.0, Diff: 0.0, Sum: 0.0]
         [Processed Buffers: Min: 0, Avg: 0.2, Max: 2, Diff: 2, Sum: 4]
      [Scan RS (ms): Min: 0.0, Avg: 0.0, Max: 0.0, Diff: 0.0, Sum: 0.1]
      [Code Root Scanning (ms): Min: 0.0, Avg: 0.0, Max: 0.0, Diff: 0.0, Sum: 0.0]
      [Object Copy (ms): Min: 0.0, Avg: 0.3, Max: 1.4, Diff: 1.4, Sum: 5.1]
      [Termination (ms): Min: 0.0, Avg: 9.4, Max: 15.9, Diff: 15.9, Sum: 169.8]
         [Termination Attempts: Min: 1, Avg: 1.0, Max: 1, Diff: 0, Sum: 18]
      [GC Worker Other (ms): Min: 0.0, Avg: 0.0, Max: 0.0, Diff: 0.0, Sum: 0.1]
      [GC Worker Total (ms): Min: 0.0, Avg: 9.8, Max: 16.7, Diff: 16.7, Sum: 175.6]
      [GC Worker End (ms): Min: 5410.2, Avg: 5410.3, Max: 5410.6, Diff: 0.4]
   [Code Root Fixup: 0.0 ms]
   [Code Root Purge: 0.0 ms]
   [Clear CT: 1.0 ms]
   [Other: 2.5 ms]
      [Choose CSet: 0.0 ms]
      [Ref Proc: 1.6 ms]
      [Ref Enq: 0.0 ms]
      [Redirty Cards: 0.8 ms]
      [Humongous Register: 0.0 ms]
      [Humongous Reclaim: 0.0 ms]
      [Free CSet: 0.0 ms]
   [Eden: 133.0M(133.0M)->0.0B(133.0M) Survivors: 20480.0K->20480.0K Heap: 173.7M(256.0M)->44509.4K(256.0M)]
 [Times: user=0.20 sys=0.00, real=0.03 secs] 
2026-06-18T14:06:33.733+0800: 5.764: [GC pause (G1 Evacuation Pause) (young), 0.0162117 secs]
   [Parallel Time: 12.6 ms, GC Workers: 18]
      [GC Worker Start (ms): Min: 5764.2, Avg: 5769.1, Max: 5775.9, Diff: 11.7]
      [Ext Root Scanning (ms): Min: 0.0, Avg: 0.0, Max: 0.2, Diff: 0.2, Sum: 0.5]
      [Update RS (ms): Min: 0.0, Avg: 0.0, Max: 0.0, Diff: 0.0, Sum: 0.0]
         [Processed Buffers: Min: 0, Avg: 0.3, Max: 2, Diff: 2, Sum: 5]
      [Scan RS (ms): Min: 0.0, Avg: 0.0, Max: 0.0, Diff: 0.0, Sum: 0.2]
      [Code Root Scanning (ms): Min: 0.0, Avg: 0.0, Max: 0.0, Diff: 0.0, Sum: 0.0]
      [Object Copy (ms): Min: 0.0, Avg: 0.2, Max: 0.6, Diff: 0.6, Sum: 4.0]
      [Termination (ms): Min: 0.0, Avg: 6.6, Max: 11.0, Diff: 11.0, Sum: 119.0]
         [Termination Attempts: Min: 1, Avg: 1.0, Max: 1, Diff: 0, Sum: 18]
      [GC Worker Other (ms): Min: 0.0, Avg: 0.0, Max: 0.0, Diff: 0.0, Sum: 0.1]
      [GC Worker Total (ms): Min: 0.0, Avg: 6.9, Max: 11.8, Diff: 11.8, Sum: 123.7]
      [GC Worker End (ms): Min: 5775.9, Avg: 5775.9, Max: 5776.0, Diff: 0.2]
   [Code Root Fixup: 0.0 ms]
   [Code Root Purge: 0.0 ms]
   [Clear CT: 0.9 ms]
   [Other: 2.6 ms]
      [Choose CSet: 0.0 ms]
      [Ref Proc: 2.0 ms]
      [Ref Enq: 0.0 ms]
      [Redirty Cards: 0.6 ms]
      [Humongous Register: 0.0 ms]
      [Humongous Reclaim: 0.0 ms]
      [Free CSet: 0.0 ms]
   [Eden: 133.0M(133.0M)->0.0B(133.0M) Survivors: 20480.0K->20480.0K Heap: 178.8M(256.0M)->48964.4K(256.0M)]
 [Times: user=0.15 sys=0.00, real=0.02 secs] 
2026-06-18T14:06:34.084+0800: 6.115: [GC pause (G1 Evacuation Pause) (young), 0.0289353 secs]
   [Parallel Time: 24.4 ms, GC Workers: 18]
      [GC Worker Start (ms): Min: 6115.3, Avg: 6125.8, Max: 6138.6, Diff: 23.2]
      [Ext Root Scanning (ms): Min: 0.0, Avg: 0.0, Max: 0.2, Diff: 0.2, Sum: 0.5]
      [Update RS (ms): Min: 0.0, Avg: 0.0, Max: 0.0, Diff: 0.0, Sum: 0.0]
         [Processed Buffers: Min: 0, Avg: 0.2, Max: 1, Diff: 1, Sum: 3]
      [Scan RS (ms): Min: 0.0, Avg: 0.0, Max: 0.0, Diff: 0.0, Sum: 0.1]
      [Code Root Scanning (ms): Min: 0.0, Avg: 0.0, Max: 0.0, Diff: 0.0, Sum: 0.0]
      [Object Copy (ms): Min: 0.0, Avg: 0.1, Max: 0.5, Diff: 0.5, Sum: 1.9]
      [Termination (ms): Min: 0.0, Avg: 12.7, Max: 22.6, Diff: 22.6, Sum: 228.9]
         [Termination Attempts: Min: 1, Avg: 1.0, Max: 1, Diff: 0, Sum: 18]
      [GC Worker Other (ms): Min: 0.0, Avg: 0.0, Max: 0.0, Diff: 0.0, Sum: 0.1]
      [GC Worker Total (ms): Min: 0.0, Avg: 12.9, Max: 23.3, Diff: 23.2, Sum: 231.5]
      [GC Worker End (ms): Min: 6138.6, Avg: 6138.7, Max: 6139.0, Diff: 0.4]
   [Code Root Fixup: 0.0 ms]
   [Code Root Purge: 0.0 ms]
   [Clear CT: 1.0 ms]
   [Other: 3.6 ms]
      [Choose CSet: 0.0 ms]
      [Ref Proc: 2.1 ms]
      [Ref Enq: 0.0 ms]
      [Redirty Cards: 1.4 ms]
      [Humongous Register: 0.0 ms]
      [Humongous Reclaim: 0.0 ms]
      [Free CSet: 0.0 ms]
   [Eden: 133.0M(133.0M)->0.0B(140.0M) Survivors: 20480.0K->13312.0K Heap: 182.9M(256.0M)->37677.4K(256.0M)]
 [Times: user=0.25 sys=0.00, real=0.03 secs] 
2026-06-18T14:06:34.458+0800: 6.489: [GC pause (G1 Evacuation Pause) (young), 0.0424652 secs]
   [Parallel Time: 37.6 ms, GC Workers: 18]
      [GC Worker Start (ms): Min: 6489.3, Avg: 6503.8, Max: 6525.8, Diff: 36.5]
      [Ext Root Scanning (ms): Min: 0.0, Avg: 0.0, Max: 0.2, Diff: 0.2, Sum: 0.4]
      [Update RS (ms): Min: 0.0, Avg: 0.0, Max: 0.0, Diff: 0.0, Sum: 0.0]
         [Processed Buffers: Min: 0, Avg: 0.2, Max: 2, Diff: 2, Sum: 4]
      [Scan RS (ms): Min: 0.0, Avg: 0.0, Max: 0.0, Diff: 0.0, Sum: 0.1]
      [Code Root Scanning (ms): Min: 0.0, Avg: 0.0, Max: 0.0, Diff: 0.0, Sum: 0.0]
      [Object Copy (ms): Min: 0.0, Avg: 0.2, Max: 0.6, Diff: 0.6, Sum: 2.8]
      [Termination (ms): Min: 0.0, Avg: 22.0, Max: 36.5, Diff: 36.5, Sum: 396.1]
         [Termination Attempts: Min: 1, Avg: 1.0, Max: 1, Diff: 0, Sum: 18]
      [GC Worker Other (ms): Min: 0.0, Avg: 0.0, Max: 0.0, Diff: 0.0, Sum: 0.1]
      [GC Worker Total (ms): Min: 0.0, Avg: 22.2, Max: 37.3, Diff: 37.3, Sum: 399.5]
      [GC Worker End (ms): Min: 6525.8, Avg: 6526.0, Max: 6526.5, Diff: 0.7]
   [Code Root Fixup: 0.0 ms]
   [Code Root Purge: 0.0 ms]
   [Clear CT: 1.5 ms]
   [Other: 3.4 ms]
      [Choose CSet: 0.0 ms]
      [Ref Proc: 2.7 ms]
      [Ref Enq: 0.0 ms]
      [Redirty Cards: 0.6 ms]
      [Humongous Register: 0.0 ms]
      [Humongous Reclaim: 0.0 ms]
      [Free CSet: 0.0 ms]
   [Eden: 140.0M(140.0M)->0.0B(135.0M) Survivors: 13312.0K->18432.0K Heap: 179.0M(256.0M)->44942.0K(256.0M)]
 [Times: user=0.42 sys=0.01, real=0.04 secs] 
2026-06-18T14:06:34.836+0800: 6.868: [GC pause (G1 Evacuation Pause) (young), 0.0208190 secs]
   [Parallel Time: 14.7 ms, GC Workers: 18]
      [GC Worker Start (ms): Min: 6867.8, Avg: 6875.5, Max: 6881.3, Diff: 13.5]
      [Ext Root Scanning (ms): Min: 0.0, Avg: 0.0, Max: 0.1, Diff: 0.1, Sum: 0.4]
      [Update RS (ms): Min: 0.0, Avg: 0.0, Max: 0.0, Diff: 0.0, Sum: 0.0]
         [Processed Buffers: Min: 0, Avg: 0.2, Max: 2, Diff: 2, Sum: 4]
      [Scan RS (ms): Min: 0.0, Avg: 0.0, Max: 0.0, Diff: 0.0, Sum: 0.1]
      [Code Root Scanning (ms): Min: 0.0, Avg: 0.0, Max: 0.0, Diff: 0.0, Sum: 0.0]
      [Object Copy (ms): Min: 0.0, Avg: 0.3, Max: 2.0, Diff: 2.0, Sum: 5.0]
      [Termination (ms): Min: 0.0, Avg: 5.6, Max: 12.8, Diff: 12.8, Sum: 100.3]
         [Termination Attempts: Min: 1, Avg: 1.0, Max: 1, Diff: 0, Sum: 18]
      [GC Worker Other (ms): Min: 0.0, Avg: 0.0, Max: 0.1, Diff: 0.1, Sum: 0.2]
      [GC Worker Total (ms): Min: 0.0, Avg: 5.9, Max: 13.6, Diff: 13.6, Sum: 106.1]
      [GC Worker End (ms): Min: 6881.3, Avg: 6881.4, Max: 6881.4, Diff: 0.1]
   [Code Root Fixup: 0.0 ms]
   [Code Root Purge: 0.0 ms]
   [Clear CT: 1.9 ms]
   [Other: 4.2 ms]
      [Choose CSet: 0.0 ms]
      [Ref Proc: 2.6 ms]
      [Ref Enq: 0.0 ms]
      [Redirty Cards: 1.5 ms]
      [Humongous Register: 0.0 ms]
      [Humongous Reclaim: 0.0 ms]
      [Free CSet: 0.0 ms]
   [Eden: 135.0M(135.0M)->0.0B(137.0M) Survivors: 18432.0K->16384.0K Heap: 181.8M(256.0M)->40635.0K(256.0M)]
 [Times: user=0.13 sys=0.01, real=0.02 secs] 
2026-06-18T14:06:35.202+0800: 7.234: [GC pause (G1 Evacuation Pause) (young), 0.0295491 secs]
   [Parallel Time: 23.9 ms, GC Workers: 18]
      [GC Worker Start (ms): Min: 7234.0, Avg: 7243.6, Max: 7257.0, Diff: 23.0]
      [Ext Root Scanning (ms): Min: 0.0, Avg: 0.0, Max: 0.2, Diff: 0.2, Sum: 0.4]
      [Update RS (ms): Min: 0.0, Avg: 0.0, Max: 0.0, Diff: 0.0, Sum: 0.0]
         [Processed Buffers: Min: 0, Avg: 0.2, Max: 2, Diff: 2, Sum: 4]
      [Scan RS (ms): Min: 0.0, Avg: 0.0, Max: 0.0, Diff: 0.0, Sum: 0.1]
      [Code Root Scanning (ms): Min: 0.0, Avg: 0.0, Max: 0.0, Diff: 0.0, Sum: 0.0]
      [Object Copy (ms): Min: 0.0, Avg: 0.2, Max: 0.7, Diff: 0.7, Sum: 2.9]
      [Termination (ms): Min: 0.0, Avg: 13.4, Max: 22.3, Diff: 22.3, Sum: 240.7]
         [Termination Attempts: Min: 1, Avg: 1.0, Max: 1, Diff: 0, Sum: 18]
      [GC Worker Other (ms): Min: 0.0, Avg: 0.0, Max: 0.0, Diff: 0.0, Sum: 0.1]
      [GC Worker Total (ms): Min: 0.0, Avg: 13.6, Max: 23.2, Diff: 23.1, Sum: 244.2]
      [GC Worker End (ms): Min: 7257.0, Avg: 7257.1, Max: 7257.2, Diff: 0.2]
   [Code Root Fixup: 0.0 ms]
   [Code Root Purge: 0.0 ms]
   [Clear CT: 0.9 ms]
   [Other: 4.8 ms]
      [Choose CSet: 0.0 ms]
      [Ref Proc: 3.8 ms]
      [Ref Enq: 0.0 ms]
      [Redirty Cards: 0.8 ms]
      [Humongous Register: 0.0 ms]
      [Humongous Reclaim: 0.0 ms]
      [Free CSet: 0.0 ms]
   [Eden: 137.0M(137.0M)->0.0B(133.0M) Survivors: 16384.0K->20480.0K Heap: 178.8M(256.0M)->46658.9K(256.0M)]
 [Times: user=0.28 sys=0.01, real=0.03 secs] 
2026-06-18T14:06:35.577+0800: 7.609: [GC pause (G1 Evacuation Pause) (young), 0.0318460 secs]
   [Parallel Time: 26.5 ms, GC Workers: 18]
      [GC Worker Start (ms): Min: 7609.0, Avg: 7618.4, Max: 7633.7, Diff: 24.7]
      [Ext Root Scanning (ms): Min: 0.0, Avg: 0.0, Max: 0.2, Diff: 0.2, Sum: 0.4]
      [Update RS (ms): Min: 0.0, Avg: 0.0, Max: 0.0, Diff: 0.0, Sum: 0.0]
         [Processed Buffers: Min: 0, Avg: 0.2, Max: 2, Diff: 2, Sum: 4]
      [Scan RS (ms): Min: 0.0, Avg: 0.0, Max: 0.0, Diff: 0.0, Sum: 0.1]
      [Code Root Scanning (ms): Min: 0.0, Avg: 0.0, Max: 0.0, Diff: 0.0, Sum: 0.0]
      [Object Copy (ms): Min: 0.0, Avg: 0.2, Max: 0.6, Diff: 0.6, Sum: 3.0]
      [Termination (ms): Min: 0.0, Avg: 15.3, Max: 24.5, Diff: 24.5, Sum: 275.9]
         [Termination Attempts: Min: 1, Avg: 1.0, Max: 1, Diff: 0, Sum: 18]
      [GC Worker Other (ms): Min: 0.0, Avg: 0.0, Max: 0.0, Diff: 0.0, Sum: 0.1]
      [GC Worker Total (ms): Min: 0.0, Avg: 15.5, Max: 25.3, Diff: 25.3, Sum: 279.5]
      [GC Worker End (ms): Min: 7633.7, Avg: 7633.9, Max: 7634.3, Diff: 0.6]
   [Code Root Fixup: 0.0 ms]
   [Code Root Purge: 0.0 ms]
   [Clear CT: 0.9 ms]
   [Other: 4.4 ms]
      [Choose CSet: 0.0 ms]
      [Ref Proc: 3.7 ms]
      [Ref Enq: 0.0 ms]
      [Redirty Cards: 0.6 ms]
      [Humongous Register: 0.0 ms]
      [Humongous Reclaim: 0.0 ms]
      [Free CSet: 0.0 ms]
   [Eden: 133.0M(133.0M)->0.0B(133.0M) Survivors: 20480.0K->20480.0K Heap: 180.2M(256.0M)->48671.0K(256.0M)]
 [Times: user=0.31 sys=0.01, real=0.03 secs] 
2026-06-18T14:06:35.955+0800: 7.987: [GC pause (G1 Evacuation Pause) (young), 0.0265345 secs]
   [Parallel Time: 21.5 ms, GC Workers: 18]
      [GC Worker Start (ms): Min: 7986.8, Avg: 7996.4, Max: 8007.1, Diff: 20.3]
      [Ext Root Scanning (ms): Min: 0.0, Avg: 0.0, Max: 0.2, Diff: 0.2, Sum: 0.5]
      [Update RS (ms): Min: 0.0, Avg: 0.0, Max: 0.0, Diff: 0.0, Sum: 0.0]
         [Processed Buffers: Min: 0, Avg: 0.2, Max: 1, Diff: 1, Sum: 3]
      [Scan RS (ms): Min: 0.0, Avg: 0.0, Max: 0.0, Diff: 0.0, Sum: 0.2]
      [Code Root Scanning (ms): Min: 0.0, Avg: 0.0, Max: 0.0, Diff: 0.0, Sum: 0.0]
      [Object Copy (ms): Min: 0.0, Avg: 0.6, Max: 6.8, Diff: 6.8, Sum: 10.6]
      [Termination (ms): Min: 0.0, Avg: 10.2, Max: 19.5, Diff: 19.5, Sum: 182.9]
         [Termination Attempts: Min: 1, Avg: 1.0, Max: 1, Diff: 0, Sum: 18]
      [GC Worker Other (ms): Min: 0.0, Avg: 0.0, Max: 0.0, Diff: 0.0, Sum: 0.1]
      [GC Worker Total (ms): Min: 0.0, Avg: 10.8, Max: 20.5, Diff: 20.4, Sum: 194.3]
      [GC Worker End (ms): Min: 8007.2, Avg: 8007.2, Max: 8007.3, Diff: 0.2]
   [Code Root Fixup: 0.0 ms]
   [Code Root Purge: 0.0 ms]
   [Clear CT: 1.3 ms]
   [Other: 3.7 ms]
      [Choose CSet: 0.0 ms]
      [Ref Proc: 2.8 ms]
      [Ref Enq: 0.0 ms]
      [Redirty Cards: 0.9 ms]
      [Humongous Register: 0.0 ms]
      [Humongous Reclaim: 0.0 ms]
      [Free CSet: 0.0 ms]
   [Eden: 133.0M(133.0M)->0.0B(133.0M) Survivors: 20480.0K->20480.0K Heap: 182.6M(256.0M)->48999.4K(256.0M)]
 [Times: user=0.23 sys=0.00, real=0.02 secs] 
2026-06-18T14:06:36.317+0800: 8.349: [GC pause (G1 Evacuation Pause) (young), 0.0219457 secs]
   [Parallel Time: 14.5 ms, GC Workers: 18]
      [GC Worker Start (ms): Min: 8348.7, Avg: 8354.5, Max: 8362.3, Diff: 13.6]
      [Ext Root Scanning (ms): Min: 0.0, Avg: 0.0, Max: 0.2, Diff: 0.2, Sum: 0.4]
      [Update RS (ms): Min: 0.0, Avg: 0.0, Max: 0.0, Diff: 0.0, Sum: 0.0]
         [Processed Buffers: Min: 0, Avg: 0.2, Max: 1, Diff: 1, Sum: 3]
      [Scan RS (ms): Min: 0.0, Avg: 0.0, Max: 0.0, Diff: 0.0, Sum: 0.2]
      [Code Root Scanning (ms): Min: 0.0, Avg: 0.0, Max: 0.0, Diff: 0.0, Sum: 0.0]
      [Object Copy (ms): Min: 0.0, Avg: 0.1, Max: 0.6, Diff: 0.6, Sum: 2.2]
      [Termination (ms): Min: 0.0, Avg: 7.7, Max: 13.1, Diff: 13.1, Sum: 139.1]
         [Termination Attempts: Min: 1, Avg: 1.0, Max: 1, Diff: 0, Sum: 18]
      [GC Worker Other (ms): Min: 0.0, Avg: 0.0, Max: 0.0, Diff: 0.0, Sum: 0.1]
      [GC Worker Total (ms): Min: 0.0, Avg: 7.9, Max: 13.8, Diff: 13.8, Sum: 142.0]
      [GC Worker End (ms): Min: 8362.3, Avg: 8362.4, Max: 8362.6, Diff: 0.3]
   [Code Root Fixup: 0.0 ms]
   [Code Root Purge: 0.0 ms]
   [Clear CT: 1.2 ms]
   [Other: 6.3 ms]
      [Choose CSet: 0.0 ms]
      [Ref Proc: 5.0 ms]
      [Ref Enq: 0.0 ms]
      [Redirty Cards: 1.1 ms]
      [Humongous Register: 0.0 ms]
      [Humongous Reclaim: 0.0 ms]
      [Free CSet: 0.0 ms]
   [Eden: 133.0M(133.0M)->0.0B(137.0M) Survivors: 20480.0K->16384.0K Heap: 183.5M(256.0M)->47407.5K(256.0M)]
 [Times: user=0.20 sys=0.01, real=0.02 secs] 
2026-06-18T14:06:36.684+0800: 8.715: [GC pause (G1 Evacuation Pause) (young), 0.0274466 secs]
   [Parallel Time: 19.5 ms, GC Workers: 18]
      [GC Worker Start (ms): Min: 8715.2, Avg: 8724.8, Max: 8733.7, Diff: 18.5]
      [Ext Root Scanning (ms): Min: 0.0, Avg: 0.0, Max: 0.1, Diff: 0.1, Sum: 0.3]
      [Update RS (ms): Min: 0.0, Avg: 0.0, Max: 0.0, Diff: 0.0, Sum: 0.0]
         [Processed Buffers: Min: 0, Avg: 0.2, Max: 1, Diff: 1, Sum: 3]
      [Scan RS (ms): Min: 0.0, Avg: 0.0, Max: 0.1, Diff: 0.1, Sum: 0.2]
      [Code Root Scanning (ms): Min: 0.0, Avg: 0.0, Max: 0.0, Diff: 0.0, Sum: 0.0]
      [Object Copy (ms): Min: 0.0, Avg: 0.2, Max: 1.9, Diff: 1.9, Sum: 3.9]
      [Termination (ms): Min: 0.0, Avg: 8.6, Max: 17.7, Diff: 17.7, Sum: 155.5]
         [Termination Attempts: Min: 1, Avg: 1.0, Max: 1, Diff: 0, Sum: 18]
      [GC Worker Other (ms): Min: 0.0, Avg: 0.0, Max: 0.0, Diff: 0.0, Sum: 0.1]
      [GC Worker Total (ms): Min: 0.0, Avg: 8.9, Max: 18.6, Diff: 18.5, Sum: 160.1]
      [GC Worker End (ms): Min: 8733.7, Avg: 8733.7, Max: 8733.8, Diff: 0.2]
   [Code Root Fixup: 0.0 ms]
   [Code Root Purge: 0.0 ms]
   [Clear CT: 1.9 ms]
   [Other: 6.0 ms]
      [Choose CSet: 0.0 ms]
      [Ref Proc: 4.8 ms]
      [Ref Enq: 0.0 ms]
      [Redirty Cards: 1.1 ms]
      [Humongous Register: 0.0 ms]
      [Humongous Reclaim: 0.0 ms]
      [Free CSet: 0.0 ms]
   [Eden: 137.0M(137.0M)->0.0B(135.0M) Survivors: 16384.0K->18432.0K Heap: 185.7M(256.0M)->46809.5K(256.0M)]
 [Times: user=0.22 sys=0.01, real=0.03 secs] 
2026-06-18T14:06:37.055+0800: 9.087: [GC pause (G1 Evacuation Pause) (young), 0.0320551 secs]
   [Parallel Time: 27.3 ms, GC Workers: 18]
      [GC Worker Start (ms): Min: 9086.8, Avg: 9100.0, Max: 9113.2, Diff: 26.4]
      [Ext Root Scanning (ms): Min: 0.0, Avg: 0.0, Max: 0.2, Diff: 0.2, Sum: 0.5]
      [Update RS (ms): Min: 0.0, Avg: 0.0, Max: 0.0, Diff: 0.0, Sum: 0.0]
         [Processed Buffers: Min: 0, Avg: 0.2, Max: 1, Diff: 1, Sum: 3]
      [Scan RS (ms): Min: 0.0, Avg: 0.0, Max: 0.0, Diff: 0.0, Sum: 0.1]
      [Code Root Scanning (ms): Min: 0.0, Avg: 0.0, Max: 0.0, Diff: 0.0, Sum: 0.0]
      [Object Copy (ms): Min: 0.0, Avg: 0.1, Max: 0.6, Diff: 0.6, Sum: 2.4]
      [Termination (ms): Min: 0.0, Avg: 13.2, Max: 25.9, Diff: 25.9, Sum: 236.9]
         [Termination Attempts: Min: 1, Avg: 1.0, Max: 1, Diff: 0, Sum: 18]
      [GC Worker Other (ms): Min: 0.0, Avg: 0.0, Max: 0.0, Diff: 0.0, Sum: 0.1]
      [GC Worker Total (ms): Min: 0.0, Avg: 13.3, Max: 26.6, Diff: 26.6, Sum: 240.1]
      [GC Worker End (ms): Min: 9113.2, Avg: 9113.3, Max: 9113.5, Diff: 0.3]
   [Code Root Fixup: 0.0 ms]
   [Code Root Purge: 0.0 ms]
   [Clear CT: 1.5 ms]
   [Other: 3.3 ms]
      [Choose CSet: 0.0 ms]
      [Ref Proc: 2.0 ms]
      [Ref Enq: 0.0 ms]
      [Redirty Cards: 1.1 ms]
      [Humongous Register: 0.0 ms]
      [Humongous Reclaim: 0.0 ms]
      [Free CSet: 0.0 ms]
   [Eden: 135.0M(135.0M)->0.0B(135.0M) Survivors: 18432.0K->18432.0K Heap: 182.9M(256.0M)->48444.4K(256.0M)]
 [Times: user=0.26 sys=0.01, real=0.03 secs] 
2026-06-18T14:06:37.431+0800: 9.463: [GC pause (G1 Evacuation Pause) (young), 0.0451739 secs]
   [Parallel Time: 38.6 ms, GC Workers: 18]
      [GC Worker Start (ms): Min: 9462.7, Avg: 9476.0, Max: 9499.5, Diff: 36.9]
      [Ext Root Scanning (ms): Min: 0.0, Avg: 0.1, Max: 1.1, Diff: 1.1, Sum: 1.2]
      [Update RS (ms): Min: 0.0, Avg: 0.0, Max: 0.0, Diff: 0.0, Sum: 0.0]
         [Processed Buffers: Min: 0, Avg: 0.2, Max: 2, Diff: 2, Sum: 3]
      [Scan RS (ms): Min: 0.0, Avg: 0.0, Max: 0.0, Diff: 0.0, Sum: 0.1]
      [Code Root Scanning (ms): Min: 0.0, Avg: 0.0, Max: 0.0, Diff: 0.0, Sum: 0.0]
      [Object Copy (ms): Min: 0.0, Avg: 0.5, Max: 5.9, Diff: 5.9, Sum: 8.1]
      [Termination (ms): Min: 0.0, Avg: 23.2, Max: 36.3, Diff: 36.3, Sum: 417.9]
         [Termination Attempts: Min: 1, Avg: 1.1, Max: 2, Diff: 1, Sum: 20]
      [GC Worker Other (ms): Min: 0.0, Avg: 0.0, Max: 0.0, Diff: 0.0, Sum: 0.1]
      [GC Worker Total (ms): Min: 0.0, Avg: 23.7, Max: 37.3, Diff: 37.3, Sum: 427.4]
      [GC Worker End (ms): Min: 9499.6, Avg: 9499.8, Max: 9500.2, Diff: 0.7]
   [Code Root Fixup: 0.0 ms]
   [Code Root Purge: 0.0 ms]
   [Clear CT: 1.5 ms]
   [Other: 5.1 ms]
      [Choose CSet: 0.0 ms]
      [Ref Proc: 4.3 ms]
      [Ref Enq: 0.0 ms]
      [Redirty Cards: 0.7 ms]
      [Humongous Register: 0.0 ms]
      [Humongous Reclaim: 0.0 ms]
      [Free CSet: 0.0 ms]
   [Eden: 135.0M(135.0M)->0.0B(133.0M) Survivors: 18432.0K->20480.0K Heap: 184.2M(256.0M)->52941.7K(256.0M)]
 [Times: user=0.47 sys=0.02, real=0.05 secs] 
2026-06-18T14:06:37.812+0800: 9.843: [GC pause (G1 Evacuation Pause) (young), 0.0203779 secs]
   [Parallel Time: 16.0 ms, GC Workers: 18]
      [GC Worker Start (ms): Min: 9843.4, Avg: 9850.1, Max: 9858.2, Diff: 14.8]
      [Ext Root Scanning (ms): Min: 0.0, Avg: 0.0, Max: 0.2, Diff: 0.2, Sum: 0.4]
      [Update RS (ms): Min: 0.0, Avg: 0.0, Max: 0.0, Diff: 0.0, Sum: 0.0]
         [Processed Buffers: Min: 0, Avg: 0.2, Max: 1, Diff: 1, Sum: 3]
      [Scan RS (ms): Min: 0.0, Avg: 0.0, Max: 0.0, Diff: 0.0, Sum: 0.1]
      [Code Root Scanning (ms): Min: 0.0, Avg: 0.0, Max: 0.0, Diff: 0.0, Sum: 0.0]
      [Object Copy (ms): Min: 0.0, Avg: 0.3, Max: 1.1, Diff: 1.1, Sum: 4.8]
      [Termination (ms): Min: 0.0, Avg: 8.0, Max: 14.2, Diff: 14.2, Sum: 143.6]
         [Termination Attempts: Min: 1, Avg: 1.0, Max: 1, Diff: 0, Sum: 18]
      [GC Worker Other (ms): Min: 0.0, Avg: 0.0, Max: 0.0, Diff: 0.0, Sum: 0.1]
      [GC Worker Total (ms): Min: 0.0, Avg: 8.3, Max: 14.9, Diff: 14.9, Sum: 149.1]
      [GC Worker End (ms): Min: 9858.2, Avg: 9858.4, Max: 9858.6, Diff: 0.4]
   [Code Root Fixup: 0.0 ms]
   [Code Root Purge: 0.0 ms]
   [Clear CT: 1.3 ms]
   [Other: 3.1 ms]
      [Choose CSet: 0.0 ms]
      [Ref Proc: 2.2 ms]
      [Ref Enq: 0.0 ms]
      [Redirty Cards: 0.8 ms]
      [Humongous Register: 0.0 ms]
      [Humongous Reclaim: 0.0 ms]
      [Free CSet: 0.0 ms]
   [Eden: 133.0M(133.0M)->0.0B(133.0M) Survivors: 20480.0K->20480.0K Heap: 186.7M(256.0M)->51576.4K(256.0M)]
 [Times: user=0.18 sys=0.00, real=0.03 secs] 
2026-06-18T14:06:38.178+0800: 10.209: [GC pause (G1 Evacuation Pause) (young), 0.0475846 secs]
   [Parallel Time: 43.0 ms, GC Workers: 18]
      [GC Worker Start (ms): Min: 10209.3, Avg: 10227.9, Max: 10251.2, Diff: 41.9]
      [Ext Root Scanning (ms): Min: 0.0, Avg: 0.0, Max: 0.2, Diff: 0.2, Sum: 0.3]
      [Update RS (ms): Min: 0.0, Avg: 0.0, Max: 0.0, Diff: 0.0, Sum: 0.0]
         [Processed Buffers: Min: 0, Avg: 0.2, Max: 1, Diff: 1, Sum: 3]
      [Scan RS (ms): Min: 0.0, Avg: 0.0, Max: 0.0, Diff: 0.0, Sum: 0.1]
      [Code Root Scanning (ms): Min: 0.0, Avg: 0.0, Max: 0.0, Diff: 0.0, Sum: 0.0]
      [Object Copy (ms): Min: 0.0, Avg: 0.8, Max: 10.9, Diff: 10.9, Sum: 15.1]
      [Termination (ms): Min: 0.0, Avg: 22.6, Max: 41.1, Diff: 41.1, Sum: 406.2]
         [Termination Attempts: Min: 1, Avg: 1.0, Max: 1, Diff: 0, Sum: 18]
      [GC Worker Other (ms): Min: 0.0, Avg: 0.0, Max: 0.0, Diff: 0.0, Sum: 0.1]
      [GC Worker Total (ms): Min: 0.0, Avg: 23.4, Max: 42.1, Diff: 42.1, Sum: 421.8]
      [GC Worker End (ms): Min: 10251.2, Avg: 10251.4, Max: 10251.8, Diff: 0.6]
   [Code Root Fixup: 0.0 ms]
   [Code Root Purge: 0.0 ms]
   [Clear CT: 1.3 ms]
   [Other: 3.3 ms]
      [Choose CSet: 0.0 ms]
      [Ref Proc: 2.3 ms]
      [Ref Enq: 0.0 ms]
      [Redirty Cards: 0.9 ms]
      [Humongous Register: 0.0 ms]
      [Humongous Reclaim: 0.0 ms]
      [Free CSet: 0.0 ms]
   [Eden: 133.0M(133.0M)->0.0B(133.0M) Survivors: 20480.0K->20480.0K Heap: 184.6M(256.0M)->58188.4K(256.0M)]
 [Times: user=0.45 sys=0.00, real=0.04 secs] 
2026-06-18T14:06:38.561+0800: 10.592: [GC pause (G1 Evacuation Pause) (young), 0.0256472 secs]
   [Parallel Time: 19.3 ms, GC Workers: 18]
      [GC Worker Start (ms): Min: 10592.4, Avg: 10601.0, Max: 10610.4, Diff: 18.0]
      [Ext Root Scanning (ms): Min: 0.0, Avg: 0.0, Max: 0.2, Diff: 0.2, Sum: 0.3]
      [Update RS (ms): Min: 0.0, Avg: 0.0, Max: 0.0, Diff: 0.0, Sum: 0.0]
         [Processed Buffers: Min: 0, Avg: 0.2, Max: 2, Diff: 2, Sum: 3]
      [Scan RS (ms): Min: 0.0, Avg: 0.0, Max: 0.0, Diff: 0.0, Sum: 0.1]
      [Code Root Scanning (ms): Min: 0.0, Avg: 0.0, Max: 0.0, Diff: 0.0, Sum: 0.0]
      [Object Copy (ms): Min: 0.0, Avg: 0.1, Max: 0.5, Diff: 0.5, Sum: 2.0]
      [Termination (ms): Min: 0.0, Avg: 9.3, Max: 17.6, Diff: 17.6, Sum: 167.4]
         [Termination Attempts: Min: 1, Avg: 1.0, Max: 1, Diff: 0, Sum: 18]
      [GC Worker Other (ms): Min: 0.0, Avg: 0.0, Max: 0.0, Diff: 0.0, Sum: 0.1]
      [GC Worker Total (ms): Min: 0.0, Avg: 9.4, Max: 18.2, Diff: 18.2, Sum: 170.0]
      [GC Worker End (ms): Min: 10610.4, Avg: 10610.5, Max: 10610.6, Diff: 0.3]
   [Code Root Fixup: 0.0 ms]
   [Code Root Purge: 0.0 ms]
   [Clear CT: 0.8 ms]
   [Other: 5.5 ms]
      [Choose CSet: 0.0 ms]
      [Ref Proc: 4.8 ms]
      [Ref Enq: 0.0 ms]
      [Redirty Cards: 0.6 ms]
      [Humongous Register: 0.0 ms]
      [Humongous Reclaim: 0.0 ms]
      [Free CSet: 0.0 ms]
   [Eden: 133.0M(133.0M)->0.0B(138.0M) Survivors: 20480.0K->15360.0K Heap: 192.1M(256.0M)->54703.5K(256.0M)]
 [Times: user=0.23 sys=0.01, real=0.03 secs] 
2026-06-18T14:06:38.952+0800: 10.984: [GC pause (G1 Evacuation Pause) (young), 0.0163107 secs]
   [Parallel Time: 9.2 ms, GC Workers: 18]
      [GC Worker Start (ms): Min: 10983.8, Avg: 10987.5, Max: 10992.1, Diff: 8.3]
      [Ext Root Scanning (ms): Min: 0.0, Avg: 0.1, Max: 0.5, Diff: 0.5, Sum: 1.1]
      [Update RS (ms): Min: 0.0, Avg: 0.0, Max: 0.0, Diff: 0.0, Sum: 0.1]
         [Processed Buffers: Min: 0, Avg: 0.2, Max: 1, Diff: 1, Sum: 3]
      [Scan RS (ms): Min: 0.0, Avg: 0.0, Max: 0.1, Diff: 0.1, Sum: 0.3]
      [Code Root Scanning (ms): Min: 0.0, Avg: 0.0, Max: 0.0, Diff: 0.0, Sum: 0.0]
      [Object Copy (ms): Min: 0.0, Avg: 0.2, Max: 0.8, Diff: 0.8, Sum: 4.4]
      [Termination (ms): Min: 0.0, Avg: 4.4, Max: 7.2, Diff: 7.2, Sum: 78.9]
         [Termination Attempts: Min: 1, Avg: 1.0, Max: 1, Diff: 0, Sum: 18]
      [GC Worker Other (ms): Min: 0.0, Avg: 0.0, Max: 0.0, Diff: 0.0, Sum: 0.2]
      [GC Worker Total (ms): Min: 0.0, Avg: 4.7, Max: 8.4, Diff: 8.4, Sum: 85.0]
      [GC Worker End (ms): Min: 10992.1, Avg: 10992.2, Max: 10992.3, Diff: 0.2]
   [Code Root Fixup: 0.0 ms]
   [Code Root Purge: 0.0 ms]
   [Clear CT: 0.7 ms]
   [Other: 6.4 ms]
      [Choose CSet: 0.0 ms]
      [Ref Proc: 5.6 ms]
      [Ref Enq: 0.0 ms]
      [Redirty Cards: 0.7 ms]
      [Humongous Register: 0.0 ms]
      [Humongous Reclaim: 0.0 ms]
      [Free CSet: 0.0 ms]
   [Eden: 138.0M(138.0M)->0.0B(137.0M) Survivors: 15360.0K->16384.0K Heap: 193.4M(256.0M)->52689.4K(256.0M)]
 [Times: user=0.16 sys=0.01, real=0.02 secs] 
2026-06-18T14:06:39.321+0800: 11.353: [GC pause (G1 Evacuation Pause) (young), 0.0147017 secs]
   [Parallel Time: 11.1 ms, GC Workers: 18]
      [GC Worker Start (ms): Min: 11353.2, Avg: 11357.6, Max: 11363.1, Diff: 10.0]
      [Ext Root Scanning (ms): Min: 0.0, Avg: 0.0, Max: 0.4, Diff: 0.4, Sum: 0.8]
      [Update RS (ms): Min: 0.0, Avg: 0.0, Max: 0.0, Diff: 0.0, Sum: 0.0]
         [Processed Buffers: Min: 0, Avg: 0.2, Max: 1, Diff: 1, Sum: 3]
      [Scan RS (ms): Min: 0.0, Avg: 0.0, Max: 0.1, Diff: 0.0, Sum: 0.3]
      [Code Root Scanning (ms): Min: 0.0, Avg: 0.0, Max: 0.0, Diff: 0.0, Sum: 0.0]
      [Object Copy (ms): Min: 0.0, Avg: 0.2, Max: 0.8, Diff: 0.8, Sum: 4.4]
      [Termination (ms): Min: 0.0, Avg: 5.3, Max: 8.8, Diff: 8.8, Sum: 95.3]
         [Termination Attempts: Min: 1, Avg: 1.0, Max: 1, Diff: 0, Sum: 18]
      [GC Worker Other (ms): Min: 0.0, Avg: 0.0, Max: 0.0, Diff: 0.0, Sum: 0.1]
      [GC Worker Total (ms): Min: 0.0, Avg: 5.6, Max: 10.0, Diff: 10.0, Sum: 101.1]
      [GC Worker End (ms): Min: 11363.1, Avg: 11363.2, Max: 11363.3, Diff: 0.2]
   [Code Root Fixup: 0.0 ms]
   [Code Root Purge: 0.0 ms]
   [Clear CT: 1.1 ms]
   [Other: 2.5 ms]
      [Choose CSet: 0.0 ms]
      [Ref Proc: 2.0 ms]
      [Ref Enq: 0.0 ms]
      [Redirty Cards: 0.5 ms]
      [Humongous Register: 0.0 ms]
      [Humongous Reclaim: 0.0 ms]
      [Free CSet: 0.0 ms]
   [Eden: 137.0M(137.0M)->0.0B(134.0M) Survivors: 16384.0K->19456.0K Heap: 190.0M(256.0M)->57536.5K(256.0M)]
 [Times: user=0.12 sys=0.00, real=0.02 secs] 
2026-06-18T14:06:39.677+0800: 11.708: [GC pause (G1 Evacuation Pause) (young), 0.0237588 secs]
   [Parallel Time: 13.4 ms, GC Workers: 18]
      [GC Worker Start (ms): Min: 11708.5, Avg: 11713.4, Max: 11721.2, Diff: 12.7]
      [Ext Root Scanning (ms): Min: 0.0, Avg: 0.0, Max: 0.4, Diff: 0.4, Sum: 0.7]
      [Update RS (ms): Min: 0.0, Avg: 0.0, Max: 0.0, Diff: 0.0, Sum: 0.0]
         [Processed Buffers: Min: 0, Avg: 0.2, Max: 2, Diff: 2, Sum: 4]
      [Scan RS (ms): Min: 0.0, Avg: 0.0, Max: 0.0, Diff: 0.0, Sum: 0.2]
      [Code Root Scanning (ms): Min: 0.0, Avg: 0.0, Max: 0.0, Diff: 0.0, Sum: 0.0]
      [Object Copy (ms): Min: 0.0, Avg: 0.3, Max: 1.1, Diff: 1.1, Sum: 5.7]
      [Termination (ms): Min: 0.0, Avg: 7.4, Max: 11.5, Diff: 11.5, Sum: 134.1]
         [Termination Attempts: Min: 1, Avg: 1.0, Max: 1, Diff: 0, Sum: 18]
      [GC Worker Other (ms): Min: 0.0, Avg: 0.0, Max: 0.0, Diff: 0.0, Sum: 0.1]
      [GC Worker Total (ms): Min: 0.0, Avg: 7.8, Max: 12.8, Diff: 12.8, Sum: 140.9]
      [GC Worker End (ms): Min: 11721.2, Avg: 11721.3, Max: 11721.4, Diff: 0.2]
   [Code Root Fixup: 0.0 ms]
   [Code Root Purge: 0.0 ms]
   [Clear CT: 0.9 ms]
   [Other: 9.4 ms]
      [Choose CSet: 0.0 ms]
      [Ref Proc: 8.8 ms]
      [Ref Enq: 0.0 ms]
      [Redirty Cards: 0.5 ms]
      [Humongous Register: 0.0 ms]
      [Humongous Reclaim: 0.0 ms]
      [Free CSet: 0.0 ms]
   [Eden: 134.0M(134.0M)->0.0B(133.0M) Survivors: 19456.0K->20480.0K Heap: 193.0M(256.0M)->57663.4K(256.0M)]
 [Times: user=0.26 sys=0.00, real=0.02 secs] 
2026-06-18T14:06:40.045+0800: 12.077: [GC pause (G1 Evacuation Pause) (young), 0.0189449 secs]
   [Parallel Time: 11.3 ms, GC Workers: 18]
      [GC Worker Start (ms): Min: 12076.9, Avg: 12080.3, Max: 12086.9, Diff: 10.0]
      [Ext Root Scanning (ms): Min: 0.0, Avg: 0.0, Max: 0.4, Diff: 0.4, Sum: 0.7]
      [Update RS (ms): Min: 0.0, Avg: 0.0, Max: 0.0, Diff: 0.0, Sum: 0.1]
         [Processed Buffers: Min: 0, Avg: 0.2, Max: 1, Diff: 1, Sum: 3]
      [Scan RS (ms): Min: 0.0, Avg: 0.0, Max: 0.1, Diff: 0.1, Sum: 0.4]
      [Code Root Scanning (ms): Min: 0.0, Avg: 0.0, Max: 0.0, Diff: 0.0, Sum: 0.0]
      [Object Copy (ms): Min: 0.0, Avg: 0.4, Max: 1.2, Diff: 1.2, Sum: 7.9]
      [Termination (ms): Min: 0.0, Avg: 6.2, Max: 8.6, Diff: 8.6, Sum: 111.3]
         [Termination Attempts: Min: 1, Avg: 1.0, Max: 1, Diff: 0, Sum: 18]
      [GC Worker Other (ms): Min: 0.0, Avg: 0.0, Max: 0.0, Diff: 0.0, Sum: 0.2]
      [GC Worker Total (ms): Min: 0.0, Avg: 6.7, Max: 10.1, Diff: 10.0, Sum: 120.5]
      [GC Worker End (ms): Min: 12086.9, Avg: 12087.0, Max: 12087.2, Diff: 0.2]
   [Code Root Fixup: 0.0 ms]
   [Code Root Purge: 0.0 ms]
   [Clear CT: 1.3 ms]
   [Other: 6.4 ms]
      [Choose CSet: 0.0 ms]
      [Ref Proc: 5.5 ms]
      [Ref Enq: 0.0 ms]
      [Redirty Cards: 0.7 ms]
      [Humongous Register: 0.0 ms]
      [Humongous Reclaim: 0.0 ms]
      [Free CSet: 0.0 ms]
   [Eden: 133.0M(133.0M)->0.0B(129.0M) Survivors: 20480.0K->20480.0K Heap: 192.2M(256.0M)->64787.4K(256.0M)]
 [Times: user=0.19 sys=0.01, real=0.02 secs] 
2026-06-18T14:06:40.406+0800: 12.438: [GC pause (G1 Evacuation Pause) (young), 0.0123550 secs]
   [Parallel Time: 7.6 ms, GC Workers: 18]
      [GC Worker Start (ms): Min: 12438.2, Avg: 12440.2, Max: 12444.6, Diff: 6.4]
      [Ext Root Scanning (ms): Min: 0.0, Avg: 0.1, Max: 0.5, Diff: 0.5, Sum: 1.2]
      [Update RS (ms): Min: 0.0, Avg: 0.0, Max: 0.0, Diff: 0.0, Sum: 0.1]
         [Processed Buffers: Min: 0, Avg: 0.2, Max: 1, Diff: 1, Sum: 3]
      [Scan RS (ms): Min: 0.0, Avg: 0.0, Max: 0.1, Diff: 0.1, Sum: 0.3]
      [Code Root Scanning (ms): Min: 0.0, Avg: 0.0, Max: 0.0, Diff: 0.0, Sum: 0.0]
      [Object Copy (ms): Min: 0.0, Avg: 0.7, Max: 5.7, Diff: 5.7, Sum: 12.8]
      [Termination (ms): Min: 0.0, Avg: 3.8, Max: 5.0, Diff: 5.0, Sum: 67.7]
         [Termination Attempts: Min: 1, Avg: 1.0, Max: 1, Diff: 0, Sum: 18]
      [GC Worker Other (ms): Min: 0.0, Avg: 0.0, Max: 0.0, Diff: 0.0, Sum: 0.1]
      [GC Worker Total (ms): Min: 0.0, Avg: 4.6, Max: 6.6, Diff: 6.6, Sum: 82.1]
      [GC Worker End (ms): Min: 12444.6, Avg: 12444.7, Max: 12444.8, Diff: 0.2]
   [Code Root Fixup: 0.0 ms]
   [Code Root Purge: 0.0 ms]
   [Clear CT: 0.9 ms]
   [Other: 3.8 ms]
      [Choose CSet: 0.0 ms]
      [Ref Proc: 2.8 ms]
      [Ref Enq: 0.0 ms]
      [Redirty Cards: 0.9 ms]
      [Humongous Register: 0.1 ms]
      [Humongous Reclaim: 0.0 ms]
      [Free CSet: 0.0 ms]
   [Eden: 129.0M(129.0M)->0.0B(123.0M) Survivors: 20480.0K->19456.0K Heap: 194.5M(256.0M)->70111.4K(256.0M)]
 [Times: user=0.10 sys=0.00, real=0.02 secs] 
2026-06-18T14:06:40.735+0800: 12.766: [GC pause (G1 Evacuation Pause) (young), 0.0147326 secs]
   [Parallel Time: 10.5 ms, GC Workers: 18]
      [GC Worker Start (ms): Min: 12766.6, Avg: 12769.9, Max: 12776.0, Diff: 9.4]
      [Ext Root Scanning (ms): Min: 0.0, Avg: 0.0, Max: 0.4, Diff: 0.3, Sum: 0.7]
      [Update RS (ms): Min: 0.0, Avg: 0.0, Max: 0.0, Diff: 0.0, Sum: 0.0]
         [Processed Buffers: Min: 0, Avg: 0.2, Max: 1, Diff: 1, Sum: 3]
      [Scan RS (ms): Min: 0.0, Avg: 0.0, Max: 0.0, Diff: 0.0, Sum: 0.1]
      [Code Root Scanning (ms): Min: 0.0, Avg: 0.0, Max: 0.0, Diff: 0.0, Sum: 0.0]
      [Object Copy (ms): Min: 0.0, Avg: 0.8, Max: 9.0, Diff: 9.0, Sum: 14.2]
      [Termination (ms): Min: 0.0, Avg: 5.3, Max: 8.2, Diff: 8.2, Sum: 95.1]
         [Termination Attempts: Min: 1, Avg: 1.0, Max: 1, Diff: 0, Sum: 18]
      [GC Worker Other (ms): Min: 0.0, Avg: 0.0, Max: 0.0, Diff: 0.0, Sum: 0.1]
      [GC Worker Total (ms): Min: 0.0, Avg: 6.1, Max: 9.4, Diff: 9.4, Sum: 110.3]
      [GC Worker End (ms): Min: 12776.0, Avg: 12776.1, Max: 12776.2, Diff: 0.2]
   [Code Root Fixup: 0.0 ms]
   [Code Root Purge: 0.0 ms]
   [Clear CT: 1.2 ms]
   [Other: 3.1 ms]
      [Choose CSet: 0.0 ms]
      [Ref Proc: 2.4 ms]
      [Ref Enq: 0.0 ms]
      [Redirty Cards: 0.6 ms]
      [Humongous Register: 0.0 ms]
      [Humongous Reclaim: 0.0 ms]
      [Free CSet: 0.0 ms]
   [Eden: 123.0M(123.0M)->0.0B(123.0M) Survivors: 19456.0K->18432.0K Heap: 193.6M(256.0M)->71406.4K(256.0M)]
 [Times: user=0.13 sys=0.00, real=0.01 secs] 
2026-06-18T14:06:41.060+0800: 13.091: [GC pause (G1 Evacuation Pause) (young), 0.0209936 secs]
   [Parallel Time: 11.4 ms, GC Workers: 18]
      [GC Worker Start (ms): Min: 13091.3, Avg: 13095.4, Max: 13101.8, Diff: 10.5]
      [Ext Root Scanning (ms): Min: 0.0, Avg: 0.0, Max: 0.4, Diff: 0.4, Sum: 0.9]
      [Update RS (ms): Min: 0.0, Avg: 0.0, Max: 0.0, Diff: 0.0, Sum: 0.1]
         [Processed Buffers: Min: 0, Avg: 0.2, Max: 1, Diff: 1, Sum: 3]
      [Scan RS (ms): Min: 0.0, Avg: 0.0, Max: 0.1, Diff: 0.0, Sum: 0.3]
      [Code Root Scanning (ms): Min: 0.0, Avg: 0.0, Max: 0.0, Diff: 0.0, Sum: 0.0]
      [Object Copy (ms): Min: 0.0, Avg: 0.4, Max: 1.6, Diff: 1.6, Sum: 7.0]
      [Termination (ms): Min: 0.0, Avg: 6.0, Max: 9.0, Diff: 9.0, Sum: 108.5]
         [Termination Attempts: Min: 1, Avg: 1.0, Max: 1, Diff: 0, Sum: 18]
      [GC Worker Other (ms): Min: 0.0, Avg: 0.0, Max: 0.0, Diff: 0.0, Sum: 0.1]
      [GC Worker Total (ms): Min: 0.0, Avg: 6.5, Max: 10.5, Diff: 10.5, Sum: 116.9]
      [GC Worker End (ms): Min: 13101.8, Avg: 13101.9, Max: 13102.0, Diff: 0.1]
   [Code Root Fixup: 0.0 ms]
   [Code Root Purge: 0.0 ms]
   [Clear CT: 1.6 ms]
   [Other: 8.0 ms]
      [Choose CSet: 0.0 ms]
      [Ref Proc: 7.3 ms]
      [Ref Enq: 0.0 ms]
      [Redirty Cards: 0.6 ms]
      [Humongous Register: 0.0 ms]
      [Humongous Reclaim: 0.0 ms]
      [Free CSet: 0.0 ms]
   [Eden: 123.0M(123.0M)->0.0B(117.0M) Survivors: 18432.0K->18432.0K Heap: 193.9M(256.0M)->78445.4K(256.0M)]
 [Times: user=0.16 sys=0.02, real=0.02 secs] 
2026-06-18T14:06:41.383+0800: 13.415: [GC pause (G1 Evacuation Pause) (young), 0.0202678 secs]
   [Parallel Time: 11.3 ms, GC Workers: 18]
      [GC Worker Start (ms): Min: 13414.7, Avg: 13418.2, Max: 13425.2, Diff: 10.4]
      [Ext Root Scanning (ms): Min: 0.0, Avg: 0.0, Max: 0.4, Diff: 0.4, Sum: 0.7]
      [Update RS (ms): Min: 0.0, Avg: 0.0, Max: 0.0, Diff: 0.0, Sum: 0.0]
         [Processed Buffers: Min: 0, Avg: 0.2, Max: 2, Diff: 2, Sum: 3]
      [Scan RS (ms): Min: 0.0, Avg: 0.0, Max: 0.0, Diff: 0.0, Sum: 0.2]
      [Code Root Scanning (ms): Min: 0.0, Avg: 0.0, Max: 0.0, Diff: 0.0, Sum: 0.0]
      [Object Copy (ms): Min: 0.0, Avg: 2.0, Max: 9.2, Diff: 9.2, Sum: 35.4]
      [Termination (ms): Min: 0.0, Avg: 5.1, Max: 8.9, Diff: 8.9, Sum: 91.2]
         [Termination Attempts: Min: 1, Avg: 1.0, Max: 1, Diff: 0, Sum: 18]
      [GC Worker Other (ms): Min: 0.0, Avg: 0.0, Max: 0.0, Diff: 0.0, Sum: 0.1]
      [GC Worker Total (ms): Min: 0.1, Avg: 7.1, Max: 10.5, Diff: 10.4, Sum: 127.6]
      [GC Worker End (ms): Min: 13425.2, Avg: 13425.3, Max: 13425.4, Diff: 0.1]
   [Code Root Fixup: 0.0 ms]
   [Code Root Purge: 0.0 ms]
   [Clear CT: 1.0 ms]
   [Other: 8.0 ms]
      [Choose CSet: 0.0 ms]
      [Ref Proc: 6.7 ms]
      [Ref Enq: 0.0 ms]
      [Redirty Cards: 1.2 ms]
      [Humongous Register: 0.0 ms]
      [Humongous Reclaim: 0.0 ms]
      [Free CSet: 0.0 ms]
   [Eden: 117.0M(117.0M)->0.0B(109.0M) Survivors: 18432.0K->17408.0K Heap: 196.0M(256.0M)->85688.4K(256.0M)]
 [Times: user=0.18 sys=0.02, real=0.03 secs] 
2026-06-18T14:06:41.688+0800: 13.719: [GC pause (G1 Evacuation Pause) (young), 0.0273612 secs]
   [Parallel Time: 23.4 ms, GC Workers: 18]
      [GC Worker Start (ms): Min: 13719.5, Avg: 13726.2, Max: 13739.2, Diff: 19.8]
      [Ext Root Scanning (ms): Min: 0.0, Avg: 0.0, Max: 0.4, Diff: 0.4, Sum: 0.8]
      [Update RS (ms): Min: 0.0, Avg: 0.0, Max: 0.0, Diff: 0.0, Sum: 0.0]
         [Processed Buffers: Min: 0, Avg: 0.2, Max: 1, Diff: 1, Sum: 3]
      [Scan RS (ms): Min: 0.0, Avg: 0.0, Max: 0.0, Diff: 0.0, Sum: 0.2]
      [Code Root Scanning (ms): Min: 0.0, Avg: 0.0, Max: 0.0, Diff: 0.0, Sum: 0.0]
      [Object Copy (ms): Min: 0.0, Avg: 4.4, Max: 21.9, Diff: 21.9, Sum: 80.0]
      [Termination (ms): Min: 0.0, Avg: 11.2, Max: 20.6, Diff: 20.6, Sum: 201.7]
         [Termination Attempts: Min: 1, Avg: 1.0, Max: 1, Diff: 0, Sum: 18]
      [GC Worker Other (ms): Min: 0.0, Avg: 0.0, Max: 0.0, Diff: 0.0, Sum: 0.1]
      [GC Worker Total (ms): Min: 2.8, Avg: 15.7, Max: 22.4, Diff: 19.7, Sum: 282.9]
      [GC Worker End (ms): Min: 13741.9, Avg: 13741.9, Max: 13742.0, Diff: 0.1]
   [Code Root Fixup: 0.0 ms]
   [Code Root Purge: 0.0 ms]
   [Clear CT: 0.8 ms]
   [Other: 3.2 ms]
      [Choose CSet: 0.0 ms]
      [Ref Proc: 2.4 ms]
      [Ref Enq: 0.0 ms]
      [Redirty Cards: 0.7 ms]
      [Humongous Register: 0.0 ms]
      [Humongous Reclaim: 0.0 ms]
      [Free CSet: 0.0 ms]
   [Eden: 109.0M(109.0M)->0.0B(111.0M) Survivors: 17408.0K->16384.0K Heap: 195.1M(256.0M)->85965.4K(256.0M)]
 [Times: user=0.27 sys=0.03, real=0.03 secs] 
2026-06-18T14:06:42.004+0800: 14.036: [GC pause (G1 Evacuation Pause) (young), 0.0197798 secs]
   [Parallel Time: 13.8 ms, GC Workers: 18]
      [GC Worker Start (ms): Min: 14035.9, Avg: 14041.2, Max: 14048.8, Diff: 12.9]
      [Ext Root Scanning (ms): Min: 0.0, Avg: 0.1, Max: 0.4, Diff: 0.4, Sum: 0.9]
      [Update RS (ms): Min: 0.0, Avg: 0.0, Max: 0.0, Diff: 0.0, Sum: 0.1]
         [Processed Buffers: Min: 0, Avg: 0.2, Max: 2, Diff: 2, Sum: 4]
      [Scan RS (ms): Min: 0.0, Avg: 0.0, Max: 0.0, Diff: 0.0, Sum: 0.2]
      [Code Root Scanning (ms): Min: 0.0, Avg: 0.0, Max: 0.0, Diff: 0.0, Sum: 0.0]
      [Object Copy (ms): Min: 0.0, Avg: 0.5, Max: 6.1, Diff: 6.1, Sum: 8.6]
      [Termination (ms): Min: 0.0, Avg: 7.2, Max: 11.9, Diff: 11.9, Sum: 129.4]
         [Termination Attempts: Min: 1, Avg: 1.0, Max: 1, Diff: 0, Sum: 18]
      [GC Worker Other (ms): Min: 0.0, Avg: 0.0, Max: 0.0, Diff: 0.0, Sum: 0.1]
      [GC Worker Total (ms): Min: 0.0, Avg: 7.7, Max: 13.2, Diff: 13.2, Sum: 139.3]
      [GC Worker End (ms): Min: 14048.8, Avg: 14048.9, Max: 14049.1, Diff: 0.2]
   [Code Root Fixup: 0.0 ms]
   [Code Root Purge: 0.0 ms]
   [Clear CT: 0.9 ms]
   [Other: 5.1 ms]
      [Choose CSet: 0.0 ms]
      [Ref Proc: 4.4 ms]
      [Ref Enq: 0.0 ms]
      [Redirty Cards: 0.5 ms]
      [Humongous Register: 0.0 ms]
      [Humongous Reclaim: 0.0 ms]
      [Free CSet: 0.0 ms]
   [Eden: 111.0M(111.0M)->0.0B(110.0M) Survivors: 16384.0K->16384.0K Heap: 196.3M(256.0M)->87831.9K(256.0M)]
 [Times: user=0.18 sys=0.01, real=0.02 secs] 
2026-06-18T14:06:42.306+0800: 14.337: [GC pause (G1 Evacuation Pause) (young), 0.0188302 secs]
   [Parallel Time: 13.6 ms, GC Workers: 18]
      [GC Worker Start (ms): Min: 14337.6, Avg: 14341.1, Max: 14350.8, Diff: 13.1]
      [Ext Root Scanning (ms): Min: 0.0, Avg: 0.0, Max: 0.3, Diff: 0.3, Sum: 0.7]
      [Update RS (ms): Min: 0.0, Avg: 0.0, Max: 0.0, Diff: 0.0, Sum: 0.0]
         [Processed Buffers: Min: 0, Avg: 0.2, Max: 2, Diff: 2, Sum: 3]
      [Scan RS (ms): Min: 0.0, Avg: 0.0, Max: 0.0, Diff: 0.0, Sum: 0.2]
      [Code Root Scanning (ms): Min: 0.0, Avg: 0.0, Max: 0.0, Diff: 0.0, Sum: 0.0]
      [Object Copy (ms): Min: 0.0, Avg: 0.2, Max: 0.6, Diff: 0.6, Sum: 3.0]
      [Termination (ms): Min: 0.0, Avg: 9.6, Max: 12.4, Diff: 12.4, Sum: 172.5]
         [Termination Attempts: Min: 1, Avg: 1.0, Max: 1, Diff: 0, Sum: 18]
      [GC Worker Other (ms): Min: 0.0, Avg: 0.0, Max: 0.0, Diff: 0.0, Sum: 0.1]
      [GC Worker Total (ms): Min: 0.0, Avg: 9.8, Max: 13.3, Diff: 13.3, Sum: 176.6]
      [GC Worker End (ms): Min: 14350.8, Avg: 14350.9, Max: 14351.0, Diff: 0.2]
   [Code Root Fixup: 0.0 ms]
   [Code Root Purge: 0.0 ms]
   [Clear CT: 1.6 ms]
   [Other: 3.7 ms]
      [Choose CSet: 0.0 ms]
      [Ref Proc: 2.0 ms]
      [Ref Enq: 0.0 ms]
      [Redirty Cards: 1.5 ms]
      [Humongous Register: 0.0 ms]
      [Humongous Reclaim: 0.0 ms]
      [Free CSet: 0.0 ms]
   [Eden: 110.0M(110.0M)->0.0B(107.0M) Survivors: 16384.0K->16384.0K Heap: 197.5M(256.0M)->91005.4K(256.0M)]
 [Times: user=0.19 sys=0.01, real=0.02 secs] 
2026-06-18T14:06:42.611+0800: 14.643: [GC pause (G1 Evacuation Pause) (young), 0.0180593 secs]
   [Parallel Time: 14.4 ms, GC Workers: 18]
      [GC Worker Start (ms): Min: 14643.1, Avg: 14649.8, Max: 14656.7, Diff: 13.5]
      [Ext Root Scanning (ms): Min: 0.0, Avg: 0.0, Max: 0.3, Diff: 0.3, Sum: 0.7]
      [Update RS (ms): Min: 0.0, Avg: 0.0, Max: 0.0, Diff: 0.0, Sum: 0.0]
         [Processed Buffers: Min: 0, Avg: 0.2, Max: 1, Diff: 1, Sum: 3]
      [Scan RS (ms): Min: 0.0, Avg: 0.0, Max: 0.0, Diff: 0.0, Sum: 0.2]
      [Code Root Scanning (ms): Min: 0.0, Avg: 0.0, Max: 0.0, Diff: 0.0, Sum: 0.0]
      [Object Copy (ms): Min: 0.0, Avg: 0.4, Max: 2.5, Diff: 2.5, Sum: 6.8]
      [Termination (ms): Min: 0.0, Avg: 6.5, Max: 12.2, Diff: 12.2, Sum: 117.4]
         [Termination Attempts: Min: 1, Avg: 1.0, Max: 1, Diff: 0, Sum: 18]
      [GC Worker Other (ms): Min: 0.0, Avg: 0.0, Max: 0.0, Diff: 0.0, Sum: 0.1]
      [GC Worker Total (ms): Min: 0.0, Avg: 7.0, Max: 13.7, Diff: 13.7, Sum: 125.2]
      [GC Worker End (ms): Min: 14656.7, Avg: 14656.7, Max: 14656.9, Diff: 0.2]
   [Code Root Fixup: 0.0 ms]
   [Code Root Purge: 0.0 ms]
   [Clear CT: 0.8 ms]
   [Other: 2.8 ms]
      [Choose CSet: 0.0 ms]
      [Ref Proc: 2.1 ms]
      [Ref Enq: 0.0 ms]
      [Redirty Cards: 0.6 ms]
      [Humongous Register: 0.0 ms]
      [Humongous Reclaim: 0.0 ms]
      [Free CSet: 0.0 ms]
   [Eden: 107.0M(107.0M)->0.0B(108.0M) Survivors: 16384.0K->16384.0K Heap: 197.4M(256.0M)->91844.4K(256.0M)]
 [Times: user=0.14 sys=0.00, real=0.02 secs] 
2026-06-18T14:06:42.909+0800: 14.940: [GC pause (G1 Evacuation Pause) (young), 0.0182602 secs]
   [Parallel Time: 11.6 ms, GC Workers: 18]
      [GC Worker Start (ms): Min: 14940.6, Avg: 14944.4, Max: 14951.2, Diff: 10.6]
      [Ext Root Scanning (ms): Min: 0.0, Avg: 0.1, Max: 0.5, Diff: 0.5, Sum: 1.3]
      [Update RS (ms): Min: 0.0, Avg: 0.0, Max: 0.0, Diff: 0.0, Sum: 0.1]
         [Processed Buffers: Min: 0, Avg: 0.2, Max: 1, Diff: 1, Sum: 4]
      [Scan RS (ms): Min: 0.0, Avg: 0.0, Max: 0.1, Diff: 0.1, Sum: 0.3]
      [Code Root Scanning (ms): Min: 0.0, Avg: 0.0, Max: 0.0, Diff: 0.0, Sum: 0.0]
      [Object Copy (ms): Min: 0.0, Avg: 0.4, Max: 1.3, Diff: 1.3, Sum: 6.6]
      [Termination (ms): Min: 0.0, Avg: 6.4, Max: 9.1, Diff: 9.1, Sum: 115.6]
         [Termination Attempts: Min: 1, Avg: 1.0, Max: 1, Diff: 0, Sum: 18]
      [GC Worker Other (ms): Min: 0.0, Avg: 0.0, Max: 0.0, Diff: 0.0, Sum: 0.2]
      [GC Worker Total (ms): Min: 0.0, Avg: 6.9, Max: 10.6, Diff: 10.6, Sum: 124.0]
      [GC Worker End (ms): Min: 14951.2, Avg: 14951.3, Max: 14951.4, Diff: 0.2]
   [Code Root Fixup: 0.0 ms]
   [Code Root Purge: 0.0 ms]
   [Clear CT: 3.3 ms]
   [Other: 3.4 ms]
      [Choose CSet: 0.0 ms]
      [Ref Proc: 1.7 ms]
      [Ref Enq: 0.0 ms]
      [Redirty Cards: 1.5 ms]
      [Humongous Register: 0.0 ms]
      [Humongous Reclaim: 0.0 ms]
      [Free CSet: 0.0 ms]
   [Eden: 108.0M(108.0M)->0.0B(103.0M) Survivors: 16384.0K->16384.0K Heap: 199.5M(256.0M)->96846.4K(256.0M)]
 [Times: user=0.14 sys=0.01, real=0.02 secs] 
2026-06-18T14:06:43.195+0800: 15.226: [GC pause (G1 Evacuation Pause) (young), 0.0182639 secs]
   [Parallel Time: 14.6 ms, GC Workers: 18]
      [GC Worker Start (ms): Min: 15226.4, Avg: 15229.8, Max: 15239.9, Diff: 13.5]
      [Ext Root Scanning (ms): Min: 0.0, Avg: 0.0, Max: 0.2, Diff: 0.2, Sum: 0.6]
      [Update RS (ms): Min: 0.0, Avg: 0.0, Max: 0.0, Diff: 0.0, Sum: 0.0]
         [Processed Buffers: Min: 0, Avg: 0.2, Max: 1, Diff: 1, Sum: 3]
      [Scan RS (ms): Min: 0.0, Avg: 0.0, Max: 0.0, Diff: 0.0, Sum: 0.2]
      [Code Root Scanning (ms): Min: 0.0, Avg: 0.0, Max: 0.0, Diff: 0.0, Sum: 0.0]
      [Object Copy (ms): Min: 0.0, Avg: 0.2, Max: 0.5, Diff: 0.5, Sum: 3.8]
      [Termination (ms): Min: 0.0, Avg: 9.9, Max: 13.0, Diff: 13.0, Sum: 179.0]
         [Termination Attempts: Min: 1, Avg: 1.0, Max: 1, Diff: 0, Sum: 18]
      [GC Worker Other (ms): Min: 0.0, Avg: 0.0, Max: 0.0, Diff: 0.0, Sum: 0.1]
      [GC Worker Total (ms): Min: 0.0, Avg: 10.2, Max: 13.7, Diff: 13.6, Sum: 183.8]
      [GC Worker End (ms): Min: 15239.9, Avg: 15240.0, Max: 15240.1, Diff: 0.2]
   [Code Root Fixup: 0.0 ms]
   [Code Root Purge: 0.0 ms]
   [Clear CT: 0.8 ms]
   [Other: 2.9 ms]
      [Choose CSet: 0.0 ms]
      [Ref Proc: 1.7 ms]
      [Ref Enq: 0.0 ms]
      [Redirty Cards: 1.0 ms]
      [Humongous Register: 0.0 ms]
      [Humongous Reclaim: 0.0 ms]
      [Free CSet: 0.0 ms]
   [Eden: 103.0M(103.0M)->0.0B(101.0M) Survivors: 16384.0K->15360.0K Heap: 198.8M(256.0M)->99136.4K(256.0M)]
 [Times: user=0.20 sys=0.00, real=0.01 secs] 
2026-06-18T14:06:43.477+0800: 15.508: [GC pause (G1 Evacuation Pause) (young), 0.0144036 secs]
   [Parallel Time: 10.2 ms, GC Workers: 18]
      [GC Worker Start (ms): Min: 15508.5, Avg: 15513.0, Max: 15517.9, Diff: 9.3]
      [Ext Root Scanning (ms): Min: 0.0, Avg: 0.0, Max: 0.2, Diff: 0.2, Sum: 0.7]
      [Update RS (ms): Min: 0.0, Avg: 0.0, Max: 0.0, Diff: 0.0, Sum: 0.0]
         [Processed Buffers: Min: 0, Avg: 0.2, Max: 1, Diff: 1, Sum: 3]
      [Scan RS (ms): Min: 0.0, Avg: 0.0, Max: 0.0, Diff: 0.0, Sum: 0.1]
      [Code Root Scanning (ms): Min: 0.0, Avg: 0.0, Max: 0.0, Diff: 0.0, Sum: 0.0]
      [Object Copy (ms): Min: 0.0, Avg: 0.2, Max: 0.7, Diff: 0.7, Sum: 4.4]
      [Termination (ms): Min: 0.0, Avg: 4.6, Max: 8.5, Diff: 8.5, Sum: 83.3]
         [Termination Attempts: Min: 1, Avg: 1.0, Max: 1, Diff: 0, Sum: 18]
      [GC Worker Other (ms): Min: 0.0, Avg: 0.0, Max: 0.1, Diff: 0.1, Sum: 0.4]
      [GC Worker Total (ms): Min: 0.0, Avg: 4.9, Max: 9.4, Diff: 9.4, Sum: 88.9]
      [GC Worker End (ms): Min: 15517.9, Avg: 15517.9, Max: 15518.0, Diff: 0.1]
   [Code Root Fixup: 0.0 ms]
   [Code Root Purge: 0.0 ms]
   [Clear CT: 0.6 ms]
   [Other: 3.5 ms]
      [Choose CSet: 0.0 ms]
      [Ref Proc: 2.8 ms]
      [Ref Enq: 0.0 ms]
      [Redirty Cards: 0.6 ms]
      [Humongous Register: 0.0 ms]
      [Humongous Reclaim: 0.0 ms]
      [Free CSet: 0.0 ms]
   [Eden: 101.0M(101.0M)->0.0B(101376.0K) Survivors: 15360.0K->15360.0K Heap: 199.4M(256.0M)->100.2M(256.0M)]
 [Times: user=0.10 sys=0.00, real=0.01 secs] 
2026-06-18T14:06:43.747+0800: 15.779: [GC pause (G1 Evacuation Pause) (young), 0.0156045 secs]
   [Parallel Time: 10.8 ms, GC Workers: 18]
      [GC Worker Start (ms): Min: 15779.2, Avg: 15784.3, Max: 15788.9, Diff: 9.7]
      [Ext Root Scanning (ms): Min: 0.0, Avg: 0.1, Max: 0.5, Diff: 0.5, Sum: 1.1]
      [Update RS (ms): Min: 0.0, Avg: 0.0, Max: 0.0, Diff: 0.0, Sum: 0.1]
         [Processed Buffers: Min: 0, Avg: 0.3, Max: 2, Diff: 2, Sum: 5]
      [Scan RS (ms): Min: 0.0, Avg: 0.0, Max: 0.0, Diff: 0.0, Sum: 0.2]
      [Code Root Scanning (ms): Min: 0.0, Avg: 0.0, Max: 0.0, Diff: 0.0, Sum: 0.0]
      [Object Copy (ms): Min: 0.0, Avg: 0.3, Max: 1.0, Diff: 1.0, Sum: 5.4]
      [Termination (ms): Min: 0.0, Avg: 4.3, Max: 8.3, Diff: 8.3, Sum: 77.1]
         [Termination Attempts: Min: 1, Avg: 1.0, Max: 1, Diff: 0, Sum: 18]
      [GC Worker Other (ms): Min: 0.0, Avg: 0.0, Max: 0.0, Diff: 0.0, Sum: 0.2]
      [GC Worker Total (ms): Min: 0.0, Avg: 4.7, Max: 9.8, Diff: 9.8, Sum: 84.1]
      [GC Worker End (ms): Min: 15788.9, Avg: 15788.9, Max: 15789.0, Diff: 0.2]
   [Code Root Fixup: 0.0 ms]
   [Code Root Purge: 0.0 ms]
   [Clear CT: 0.7 ms]
   [Other: 4.1 ms]
      [Choose CSet: 0.0 ms]
      [Ref Proc: 3.2 ms]
      [Ref Enq: 0.0 ms]
      [Redirty Cards: 0.8 ms]
      [Humongous Register: 0.0 ms]
      [Humongous Reclaim: 0.0 ms]
      [Free CSet: 0.0 ms]
   [Eden: 101376.0K(101376.0K)->0.0B(96256.0K) Survivors: 15360.0K->15360.0K Heap: 200.6M(256.0M)->105.5M(256.0M)]
 [Times: user=0.11 sys=0.01, real=0.01 secs] 
2026-06-18T14:06:44.010+0800: 16.041: [GC pause (G1 Evacuation Pause) (young), 0.0183286 secs]
   [Parallel Time: 14.4 ms, GC Workers: 18]
      [GC Worker Start (ms): Min: 16041.7, Avg: 16046.3, Max: 16054.5, Diff: 12.8]
      [Ext Root Scanning (ms): Min: 0.0, Avg: 0.1, Max: 0.5, Diff: 0.5, Sum: 1.3]
      [Update RS (ms): Min: 0.0, Avg: 0.0, Max: 0.0, Diff: 0.0, Sum: 0.1]
         [Processed Buffers: Min: 0, Avg: 0.2, Max: 1, Diff: 1, Sum: 3]
      [Scan RS (ms): Min: 0.0, Avg: 0.0, Max: 0.0, Diff: 0.0, Sum: 0.3]
      [Code Root Scanning (ms): Min: 0.0, Avg: 0.0, Max: 0.0, Diff: 0.0, Sum: 0.0]
      [Object Copy (ms): Min: 0.0, Avg: 0.2, Max: 0.7, Diff: 0.7, Sum: 3.8]
      [Termination (ms): Min: 0.0, Avg: 8.0, Max: 11.8, Diff: 11.8, Sum: 143.9]
         [Termination Attempts: Min: 1, Avg: 1.0, Max: 1, Diff: 0, Sum: 18]
      [GC Worker Other (ms): Min: 0.0, Avg: 0.0, Max: 0.0, Diff: 0.0, Sum: 0.2]
      [GC Worker Total (ms): Min: 0.0, Avg: 8.3, Max: 13.0, Diff: 13.0, Sum: 149.4]
      [GC Worker End (ms): Min: 16054.5, Avg: 16054.6, Max: 16054.8, Diff: 0.3]
   [Code Root Fixup: 0.0 ms]
   [Code Root Purge: 0.0 ms]
   [Clear CT: 1.0 ms]
   [Other: 2.9 ms]
      [Choose CSet: 0.0 ms]
      [Ref Proc: 2.2 ms]
      [Ref Enq: 0.0 ms]
      [Redirty Cards: 0.6 ms]
      [Humongous Register: 0.0 ms]
      [Humongous Reclaim: 0.0 ms]
      [Free CSet: 0.0 ms]
   [Eden: 96256.0K(96256.0K)->0.0B(98304.0K) Survivors: 15360.0K->13312.0K Heap: 200.4M(256.0M)->104.4M(256.0M)]
 [Times: user=0.17 sys=0.01, real=0.02 secs] 
2026-06-18T14:06:44.283+0800: 16.315: [GC pause (G1 Evacuation Pause) (young), 0.0154867 secs]
   [Parallel Time: 11.9 ms, GC Workers: 18]
      [GC Worker Start (ms): Min: 16314.8, Avg: 16318.7, Max: 16326.0, Diff: 11.2]
      [Ext Root Scanning (ms): Min: 0.0, Avg: 0.0, Max: 0.2, Diff: 0.2, Sum: 0.4]
      [Update RS (ms): Min: 0.0, Avg: 0.0, Max: 0.0, Diff: 0.0, Sum: 0.0]
         [Processed Buffers: Min: 0, Avg: 0.2, Max: 1, Diff: 1, Sum: 3]
      [Scan RS (ms): Min: 0.0, Avg: 0.0, Max: 0.0, Diff: 0.0, Sum: 0.1]
      [Code Root Scanning (ms): Min: 0.0, Avg: 0.0, Max: 0.0, Diff: 0.0, Sum: 0.0]
      [Object Copy (ms): Min: 0.0, Avg: 0.2, Max: 0.6, Diff: 0.6, Sum: 3.4]
      [Termination (ms): Min: 0.0, Avg: 7.2, Max: 10.6, Diff: 10.6, Sum: 128.8]
         [Termination Attempts: Min: 1, Avg: 1.0, Max: 1, Diff: 0, Sum: 18]
      [GC Worker Other (ms): Min: 0.0, Avg: 0.0, Max: 0.0, Diff: 0.0, Sum: 0.1]
      [GC Worker Total (ms): Min: 0.0, Avg: 7.4, Max: 11.2, Diff: 11.2, Sum: 132.9]
      [GC Worker End (ms): Min: 16326.0, Avg: 16326.1, Max: 16326.2, Diff: 0.2]
   [Code Root Fixup: 0.0 ms]
   [Code Root Purge: 0.0 ms]
   [Clear CT: 0.9 ms]
   [Other: 2.6 ms]
      [Choose CSet: 0.0 ms]
      [Ref Proc: 1.9 ms]
      [Ref Enq: 0.0 ms]
      [Redirty Cards: 0.6 ms]
      [Humongous Register: 0.0 ms]
      [Humongous Reclaim: 0.0 ms]
      [Free CSet: 0.0 ms]
   [Eden: 98304.0K(98304.0K)->0.0B(88064.0K) Survivors: 13312.0K->14336.0K Heap: 203.2M(256.0M)->114.6M(256.0M)]
 [Times: user=0.14 sys=0.01, real=0.02 secs] 
2026-06-18T14:06:44.523+0800: 16.555: [GC pause (G1 Evacuation Pause) (young), 0.0217704 secs]
   [Parallel Time: 14.9 ms, GC Workers: 18]
      [GC Worker Start (ms): Min: 16555.2, Avg: 16562.1, Max: 16569.3, Diff: 14.1]
      [Ext Root Scanning (ms): Min: 0.0, Avg: 0.1, Max: 0.6, Diff: 0.6, Sum: 1.2]
      [Update RS (ms): Min: 0.0, Avg: 0.0, Max: 0.0, Diff: 0.0, Sum: 0.1]
         [Processed Buffers: Min: 0, Avg: 0.2, Max: 2, Diff: 2, Sum: 4]
      [Scan RS (ms): Min: 0.0, Avg: 0.0, Max: 0.0, Diff: 0.0, Sum: 0.2]
      [Code Root Scanning (ms): Min: 0.0, Avg: 0.0, Max: 0.0, Diff: 0.0, Sum: 0.0]
      [Object Copy (ms): Min: 0.0, Avg: 0.2, Max: 0.7, Diff: 0.7, Sum: 3.3]
      [Termination (ms): Min: 0.0, Avg: 6.9, Max: 12.9, Diff: 12.9, Sum: 124.6]
         [Termination Attempts: Min: 1, Avg: 1.0, Max: 1, Diff: 0, Sum: 18]
      [GC Worker Other (ms): Min: 0.0, Avg: 0.0, Max: 0.0, Diff: 0.0, Sum: 0.1]
      [GC Worker Total (ms): Min: 0.0, Avg: 7.2, Max: 14.1, Diff: 14.1, Sum: 129.6]
      [GC Worker End (ms): Min: 16569.3, Avg: 16569.3, Max: 16569.5, Diff: 0.2]
   [Code Root Fixup: 0.0 ms]
   [Code Root Purge: 0.0 ms]
   [Clear CT: 0.9 ms]
   [Other: 5.9 ms]
      [Choose CSet: 0.0 ms]
      [Ref Proc: 5.2 ms]
      [Ref Enq: 0.0 ms]
      [Redirty Cards: 0.6 ms]
      [Humongous Register: 0.0 ms]
      [Humongous Reclaim: 0.0 ms]
      [Free CSet: 0.0 ms]
   [Eden: 88064.0K(88064.0K)->0.0B(95232.0K) Survivors: 14336.0K->13312.0K Heap: 201.7M(256.0M)->109.1M(256.0M)]
 [Times: user=0.18 sys=0.00, real=0.02 secs] 
2026-06-18T14:06:44.789+0800: 16.821: [GC pause (G1 Evacuation Pause) (young), 0.0167246 secs]
   [Parallel Time: 11.5 ms, GC Workers: 18]
      [GC Worker Start (ms): Min: 16821.2, Avg: 16824.9, Max: 16831.3, Diff: 10.2]
      [Ext Root Scanning (ms): Min: 0.0, Avg: 0.1, Max: 0.4, Diff: 0.4, Sum: 1.1]
      [Update RS (ms): Min: 0.0, Avg: 0.0, Max: 0.0, Diff: 0.0, Sum: 0.0]
         [Processed Buffers: Min: 0, Avg: 0.2, Max: 1, Diff: 1, Sum: 3]
      [Scan RS (ms): Min: 0.0, Avg: 0.0, Max: 0.0, Diff: 0.0, Sum: 0.2]
      [Code Root Scanning (ms): Min: 0.0, Avg: 0.0, Max: 0.0, Diff: 0.0, Sum: 0.0]
      [Object Copy (ms): Min: 0.0, Avg: 0.2, Max: 0.7, Diff: 0.7, Sum: 4.3]
      [Termination (ms): Min: 0.0, Avg: 6.1, Max: 9.1, Diff: 9.1, Sum: 110.6]
         [Termination Attempts: Min: 1, Avg: 1.0, Max: 1, Diff: 0, Sum: 18]
      [GC Worker Other (ms): Min: 0.0, Avg: 0.0, Max: 0.0, Diff: 0.0, Sum: 0.3]
      [GC Worker Total (ms): Min: 0.0, Avg: 6.5, Max: 10.2, Diff: 10.2, Sum: 116.6]
      [GC Worker End (ms): Min: 16831.4, Avg: 16831.4, Max: 16831.5, Diff: 0.2]
   [Code Root Fixup: 0.0 ms]
   [Code Root Purge: 0.0 ms]
   [Clear CT: 1.6 ms]
   [Other: 3.7 ms]
      [Choose CSet: 0.0 ms]
      [Ref Proc: 2.9 ms]
      [Ref Enq: 0.0 ms]
      [Redirty Cards: 0.6 ms]
      [Humongous Register: 0.0 ms]
      [Humongous Reclaim: 0.0 ms]
      [Free CSet: 0.0 ms]
   [Eden: 95232.0K(95232.0K)->0.0B(90112.0K) Survivors: 13312.0K->14336.0K Heap: 202.9M(256.0M)->114.3M(256.0M)]
 [Times: user=0.14 sys=0.00, real=0.02 secs] 
2026-06-18T14:06:45.030+0800: 17.061: [GC pause (G1 Evacuation Pause) (young), 0.0173200 secs]
   [Parallel Time: 12.5 ms, GC Workers: 18]
      [GC Worker Start (ms): Min: 17061.3, Avg: 17065.9, Max: 17072.4, Diff: 11.1]
      [Ext Root Scanning (ms): Min: 0.0, Avg: 0.0, Max: 0.4, Diff: 0.4, Sum: 0.7]
      [Update RS (ms): Min: 0.0, Avg: 0.0, Max: 0.0, Diff: 0.0, Sum: 0.1]
         [Processed Buffers: Min: 0, Avg: 0.2, Max: 2, Diff: 2, Sum: 4]
      [Scan RS (ms): Min: 0.0, Avg: 0.0, Max: 0.0, Diff: 0.0, Sum: 0.2]
      [Code Root Scanning (ms): Min: 0.0, Avg: 0.0, Max: 0.0, Diff: 0.0, Sum: 0.0]
      [Object Copy (ms): Min: 0.0, Avg: 0.5, Max: 3.4, Diff: 3.4, Sum: 8.9]
      [Termination (ms): Min: 0.0, Avg: 6.0, Max: 9.7, Diff: 9.7, Sum: 107.5]
         [Termination Attempts: Min: 1, Avg: 1.0, Max: 1, Diff: 0, Sum: 18]
      [GC Worker Other (ms): Min: 0.0, Avg: 0.0, Max: 0.0, Diff: 0.0, Sum: 0.2]
      [GC Worker Total (ms): Min: 0.0, Avg: 6.5, Max: 11.1, Diff: 11.1, Sum: 117.4]
      [GC Worker End (ms): Min: 17072.4, Avg: 17072.4, Max: 17072.6, Diff: 0.2]
   [Code Root Fixup: 0.0 ms]
   [Code Root Purge: 0.0 ms]
   [Clear CT: 0.9 ms]
   [Other: 3.9 ms]
      [Choose CSet: 0.0 ms]
      [Ref Proc: 3.1 ms]
      [Ref Enq: 0.0 ms]
      [Redirty Cards: 0.7 ms]
      [Humongous Register: 0.0 ms]
      [Humongous Reclaim: 0.0 ms]
      [Free CSet: 0.0 ms]
   [Eden: 90112.0K(90112.0K)->0.0B(78848.0K) Survivors: 14336.0K->13312.0K Heap: 204.4M(256.0M)->126.3M(256.0M)]
 [Times: user=0.14 sys=0.01, real=0.02 secs] 
2026-06-18T14:06:45.186+0800: 17.218: [GC pause (G1 Humongous Allocation) (young) (initial-mark), 0.0206969 secs]
   [Parallel Time: 14.0 ms, GC Workers: 18]
      [GC Worker Start (ms): Min: 17217.8, Avg: 17218.3, Max: 17218.6, Diff: 0.8]
      [Ext Root Scanning (ms): Min: 0.0, Avg: 3.5, Max: 11.8, Diff: 11.8, Sum: 63.2]
      [Update RS (ms): Min: 0.0, Avg: 0.0, Max: 0.0, Diff: 0.0, Sum: 0.0]
         [Processed Buffers: Min: 0, Avg: 0.3, Max: 5, Diff: 5, Sum: 5]
      [Scan RS (ms): Min: 0.0, Avg: 0.0, Max: 0.0, Diff: 0.0, Sum: 0.1]
      [Code Root Scanning (ms): Min: 0.0, Avg: 0.0, Max: 0.0, Diff: 0.0, Sum: 0.0]
      [Object Copy (ms): Min: 0.0, Avg: 0.2, Max: 0.6, Diff: 0.6, Sum: 3.3]
      [Termination (ms): Min: 0.0, Avg: 8.4, Max: 11.3, Diff: 11.3, Sum: 151.8]
         [Termination Attempts: Min: 1, Avg: 1.0, Max: 1, Diff: 0, Sum: 18]
      [GC Worker Other (ms): Min: 0.0, Avg: 0.0, Max: 0.0, Diff: 0.0, Sum: 0.1]
      [GC Worker Total (ms): Min: 11.8, Avg: 12.1, Max: 12.8, Diff: 1.0, Sum: 218.6]
      [GC Worker End (ms): Min: 17230.4, Avg: 17230.5, Max: 17230.6, Diff: 0.2]
   [Code Root Fixup: 0.0 ms]
   [Code Root Purge: 0.0 ms]
   [Clear CT: 1.9 ms]
   [Other: 4.8 ms]
      [Choose CSet: 0.0 ms]
      [Ref Proc: 3.3 ms]
      [Ref Enq: 0.0 ms]
      [Redirty Cards: 1.3 ms]
      [Humongous Register: 0.0 ms]
      [Humongous Reclaim: 0.0 ms]
      [Free CSet: 0.1 ms]
   [Eden: 57344.0K(78848.0K)->0.0B(74752.0K) Survivors: 13312.0K->11264.0K Heap: 181.8M(256.0M)->130.3M(256.0M)]
 [Times: user=0.18 sys=0.00, real=0.03 secs] 
2026-06-18T14:06:45.210+0800: 17.241: [GC concurrent-root-region-scan-start]
2026-06-18T14:06:45.210+0800: 17.242: [GC concurrent-root-region-scan-end, 0.0004778 secs]
2026-06-18T14:06:45.210+0800: 17.242: [GC concurrent-mark-start]
2026-06-18T14:06:45.211+0800: 17.242: [GC concurrent-mark-end, 0.0006332 secs]
2026-06-18T14:06:45.211+0800: 17.243: [GC remark 2026-06-18T14:06:45.213+0800: 17.244: [Finalize Marking, 0.0110530 secs] 2026-06-18T14:06:45.225+0800: 17.256: [GC ref-proc, 0.0014533 secs] 2026-06-18T14:06:45.227+0800: 17.259: [Unloading, 0.0021012 secs], 0.0200603 secs]
 [Times: user=0.11 sys=0.00, real=0.02 secs] 
2026-06-18T14:06:45.233+0800: 17.265: [GC cleanup 132M->37856K(256M), 0.0040013 secs]
 [Times: user=0.00 sys=0.00, real=0.01 secs] 
2026-06-18T14:06:45.239+0800: 17.270: [GC concurrent-cleanup-start]
2026-06-18T14:06:45.239+0800: 17.270: [GC concurrent-cleanup-end, 0.0000412 secs]
2026-06-18T14:06:45.417+0800: 17.449: [GC pause (G1 Evacuation Pause) (young), 0.0166731 secs]
   [Parallel Time: 11.7 ms, GC Workers: 18]
      [GC Worker Start (ms): Min: 17448.7, Avg: 17452.1, Max: 17459.9, Diff: 11.2]
      [Ext Root Scanning (ms): Min: 0.0, Avg: 0.0, Max: 0.3, Diff: 0.3, Sum: 0.7]
      [Update RS (ms): Min: 0.0, Avg: 0.0, Max: 0.0, Diff: 0.0, Sum: 0.0]
         [Processed Buffers: Min: 0, Avg: 0.3, Max: 2, Diff: 2, Sum: 5]
      [Scan RS (ms): Min: 0.0, Avg: 0.0, Max: 0.0, Diff: 0.0, Sum: 0.1]
      [Code Root Scanning (ms): Min: 0.0, Avg: 0.0, Max: 0.0, Diff: 0.0, Sum: 0.0]
      [Object Copy (ms): Min: 0.0, Avg: 0.1, Max: 0.6, Diff: 0.6, Sum: 2.7]
      [Termination (ms): Min: 0.0, Avg: 7.6, Max: 10.6, Diff: 10.6, Sum: 137.4]
         [Termination Attempts: Min: 1, Avg: 1.0, Max: 1, Diff: 0, Sum: 18]
      [GC Worker Other (ms): Min: 0.0, Avg: 0.0, Max: 0.0, Diff: 0.0, Sum: 0.1]
      [GC Worker Total (ms): Min: 0.0, Avg: 7.8, Max: 11.4, Diff: 11.3, Sum: 141.0]
      [GC Worker End (ms): Min: 17459.9, Avg: 17460.0, Max: 17460.1, Diff: 0.2]
   [Code Root Fixup: 0.0 ms]
   [Code Root Purge: 0.0 ms]
   [Clear CT: 1.2 ms]
   [Other: 3.7 ms]
      [Choose CSet: 0.0 ms]
      [Ref Proc: 2.9 ms]
      [Ref Enq: 0.0 ms]
      [Redirty Cards: 0.7 ms]
      [Humongous Register: 0.0 ms]
      [Humongous Reclaim: 0.0 ms]
      [Free CSet: 0.0 ms]
   [Eden: 74752.0K(74752.0K)->0.0B(142.0M) Survivors: 11264.0K->11264.0K Heap: 110.5M(256.0M)->37051.2K(256.0M)]
 [Times: user=0.17 sys=0.00, real=0.02 secs] 
2026-06-18T14:06:45.804+0800: 17.836: [GC pause (G1 Evacuation Pause) (young), 0.0173009 secs]
   [Parallel Time: 12.8 ms, GC Workers: 18]
      [GC Worker Start (ms): Min: 17835.7, Avg: 17838.5, Max: 17847.3, Diff: 11.6]
      [Ext Root Scanning (ms): Min: 0.0, Avg: 0.0, Max: 0.4, Diff: 0.4, Sum: 0.9]
      [Update RS (ms): Min: 0.0, Avg: 0.0, Max: 0.0, Diff: 0.0, Sum: 0.1]
         [Processed Buffers: Min: 0, Avg: 0.2, Max: 1, Diff: 1, Sum: 3]
      [Scan RS (ms): Min: 0.0, Avg: 0.0, Max: 0.1, Diff: 0.1, Sum: 0.3]
      [Code Root Scanning (ms): Min: 0.0, Avg: 0.0, Max: 0.0, Diff: 0.0, Sum: 0.0]
      [Object Copy (ms): Min: 0.0, Avg: 0.7, Max: 6.4, Diff: 6.4, Sum: 12.4]
      [Termination (ms): Min: 0.0, Avg: 8.1, Max: 10.5, Diff: 10.5, Sum: 145.7]
         [Termination Attempts: Min: 1, Avg: 1.0, Max: 1, Diff: 0, Sum: 18]
      [GC Worker Other (ms): Min: 0.0, Avg: 0.0, Max: 0.0, Diff: 0.0, Sum: 0.2]
      [GC Worker Total (ms): Min: 0.0, Avg: 8.9, Max: 11.7, Diff: 11.7, Sum: 159.5]
      [GC Worker End (ms): Min: 17847.3, Avg: 17847.4, Max: 17847.5, Diff: 0.2]
   [Code Root Fixup: 0.0 ms]
   [Code Root Purge: 0.0 ms]
   [Clear CT: 1.1 ms]
   [Other: 3.4 ms]
      [Choose CSet: 0.0 ms]
      [Ref Proc: 2.7 ms]
      [Ref Enq: 0.0 ms]
      [Redirty Cards: 0.6 ms]
      [Humongous Register: 0.0 ms]
      [Humongous Reclaim: 0.0 ms]
      [Free CSet: 0.0 ms]
   [Eden: 142.0M(142.0M)->0.0B(137.0M) Survivors: 11264.0K->16384.0K Heap: 180.8M(256.0M)->44124.3K(256.0M)]
 [Times: user=0.18 sys=0.01, real=0.02 secs] 
2026-06-18T14:06:46.162+0800: 18.194: [GC pause (G1 Evacuation Pause) (young), 0.0147205 secs]
   [Parallel Time: 10.9 ms, GC Workers: 18]
      [GC Worker Start (ms): Min: 18193.7, Avg: 18197.8, Max: 18203.9, Diff: 10.2]
      [Ext Root Scanning (ms): Min: 0.0, Avg: 0.0, Max: 0.5, Diff: 0.5, Sum: 0.8]
      [Update RS (ms): Min: 0.0, Avg: 0.0, Max: 0.0, Diff: 0.0, Sum: 0.0]
         [Processed Buffers: Min: 0, Avg: 0.2, Max: 2, Diff: 2, Sum: 3]
      [Scan RS (ms): Min: 0.0, Avg: 0.0, Max: 0.1, Diff: 0.1, Sum: 0.3]
      [Code Root Scanning (ms): Min: 0.0, Avg: 0.0, Max: 0.0, Diff: 0.0, Sum: 0.0]
      [Object Copy (ms): Min: 0.0, Avg: 0.2, Max: 0.8, Diff: 0.8, Sum: 4.2]
      [Termination (ms): Min: 0.0, Avg: 5.8, Max: 9.1, Diff: 9.1, Sum: 105.1]
         [Termination Attempts: Min: 1, Avg: 1.0, Max: 1, Diff: 0, Sum: 18]
      [GC Worker Other (ms): Min: 0.0, Avg: 0.0, Max: 0.0, Diff: 0.0, Sum: 0.1]
      [GC Worker Total (ms): Min: 0.0, Avg: 6.1, Max: 10.4, Diff: 10.4, Sum: 110.5]
      [GC Worker End (ms): Min: 18203.9, Avg: 18204.0, Max: 18204.1, Diff: 0.2]
   [Code Root Fixup: 0.0 ms]
   [Code Root Purge: 0.0 ms]
   [Clear CT: 0.8 ms]
   [Other: 3.0 ms]
      [Choose CSet: 0.0 ms]
      [Ref Proc: 2.1 ms]
      [Ref Enq: 0.0 ms]
      [Redirty Cards: 0.7 ms]
      [Humongous Register: 0.0 ms]
      [Humongous Reclaim: 0.0 ms]
      [Free CSet: 0.0 ms]
   [Eden: 137.0M(137.0M)->0.0B(133.0M) Survivors: 16384.0K->20480.0K Heap: 181.0M(256.0M)->50704.3K(256.0M)]
 [Times: user=0.13 sys=0.00, real=0.02 secs] 
2026-06-18T14:06:46.527+0800: 18.558: [GC pause (G1 Evacuation Pause) (young), 0.0193111 secs]
   [Parallel Time: 13.9 ms, GC Workers: 18]
      [GC Worker Start (ms): Min: 18558.4, Avg: 18563.0, Max: 18570.9, Diff: 12.5]
      [Ext Root Scanning (ms): Min: 0.0, Avg: 0.1, Max: 0.5, Diff: 0.5, Sum: 1.1]
      [Update RS (ms): Min: 0.0, Avg: 0.0, Max: 0.0, Diff: 0.0, Sum: 0.0]
         [Processed Buffers: Min: 0, Avg: 0.2, Max: 1, Diff: 1, Sum: 3]
      [Scan RS (ms): Min: 0.0, Avg: 0.0, Max: 0.1, Diff: 0.1, Sum: 0.3]
      [Code Root Scanning (ms): Min: 0.0, Avg: 0.0, Max: 0.0, Diff: 0.0, Sum: 0.0]
      [Object Copy (ms): Min: 0.0, Avg: 1.0, Max: 7.5, Diff: 7.5, Sum: 18.0]
      [Termination (ms): Min: 0.0, Avg: 6.8, Max: 11.2, Diff: 11.2, Sum: 122.8]
         [Termination Attempts: Min: 1, Avg: 1.0, Max: 1, Diff: 0, Sum: 18]
      [GC Worker Other (ms): Min: 0.0, Avg: 0.0, Max: 0.3, Diff: 0.3, Sum: 0.5]
      [GC Worker Total (ms): Min: 0.0, Avg: 7.9, Max: 12.6, Diff: 12.6, Sum: 142.7]
      [GC Worker End (ms): Min: 18570.9, Avg: 18570.9, Max: 18571.1, Diff: 0.2]
   [Code Root Fixup: 0.0 ms]
   [Code Root Purge: 0.0 ms]
   [Clear CT: 1.4 ms]
   [Other: 4.0 ms]
      [Choose CSet: 0.0 ms]
      [Ref Proc: 2.9 ms]
      [Ref Enq: 0.0 ms]
      [Redirty Cards: 0.9 ms]
      [Humongous Register: 0.1 ms]
      [Humongous Reclaim: 0.0 ms]
      [Free CSet: 0.0 ms]
   [Eden: 133.0M(133.0M)->0.0B(133.0M) Survivors: 20480.0K->20480.0K Heap: 185.0M(256.0M)->47537.3K(256.0M)]
 [Times: user=0.15 sys=0.01, real=0.03 secs] 
2026-06-18T14:06:46.887+0800: 18.919: [GC pause (G1 Evacuation Pause) (young), 0.0160772 secs]
   [Parallel Time: 10.1 ms, GC Workers: 18]
      [GC Worker Start (ms): Min: 18918.7, Avg: 18922.1, Max: 18927.6, Diff: 8.9]
      [Ext Root Scanning (ms): Min: 0.0, Avg: 0.0, Max: 0.4, Diff: 0.4, Sum: 0.9]
      [Update RS (ms): Min: 0.0, Avg: 0.0, Max: 0.0, Diff: 0.0, Sum: 0.0]
         [Processed Buffers: Min: 0, Avg: 0.2, Max: 1, Diff: 1, Sum: 3]
      [Scan RS (ms): Min: 0.0, Avg: 0.0, Max: 0.1, Diff: 0.0, Sum: 0.3]
      [Code Root Scanning (ms): Min: 0.0, Avg: 0.0, Max: 0.0, Diff: 0.0, Sum: 0.0]
      [Object Copy (ms): Min: 0.0, Avg: 0.3, Max: 0.8, Diff: 0.8, Sum: 4.7]
      [Termination (ms): Min: 0.0, Avg: 5.2, Max: 7.7, Diff: 7.7, Sum: 93.3]
         [Termination Attempts: Min: 1, Avg: 1.0, Max: 1, Diff: 0, Sum: 18]
      [GC Worker Other (ms): Min: 0.0, Avg: 0.0, Max: 0.0, Diff: 0.0, Sum: 0.1]
      [GC Worker Total (ms): Min: 0.0, Avg: 5.5, Max: 8.9, Diff: 8.9, Sum: 99.4]
      [GC Worker End (ms): Min: 18927.6, Avg: 18927.7, Max: 18927.7, Diff: 0.2]
   [Code Root Fixup: 0.0 ms]
   [Code Root Purge: 0.0 ms]
   [Clear CT: 1.0 ms]
   [Other: 4.9 ms]
      [Choose CSet: 0.0 ms]
      [Ref Proc: 3.7 ms]
      [Ref Enq: 0.0 ms]
      [Redirty Cards: 1.1 ms]
      [Humongous Register: 0.0 ms]
      [Humongous Reclaim: 0.0 ms]
      [Free CSet: 0.0 ms]
   [Eden: 133.0M(133.0M)->0.0B(133.0M) Survivors: 20480.0K->20480.0K Heap: 182.1M(256.0M)->52124.3K(256.0M)]
 [Times: user=0.14 sys=0.01, real=0.01 secs] 
2026-06-18T14:06:47.242+0800: 19.274: [GC pause (G1 Evacuation Pause) (young), 0.0194685 secs]
   [Parallel Time: 13.7 ms, GC Workers: 18]
      [GC Worker Start (ms): Min: 19274.0, Avg: 19277.5, Max: 19286.4, Diff: 12.5]
      [Ext Root Scanning (ms): Min: 0.0, Avg: 0.1, Max: 0.6, Diff: 0.6, Sum: 1.6]
      [Update RS (ms): Min: 0.0, Avg: 0.0, Max: 0.0, Diff: 0.0, Sum: 0.1]
         [Processed Buffers: Min: 0, Avg: 0.2, Max: 1, Diff: 1, Sum: 3]
      [Scan RS (ms): Min: 0.0, Avg: 0.0, Max: 0.1, Diff: 0.1, Sum: 0.4]
      [Code Root Scanning (ms): Min: 0.0, Avg: 0.0, Max: 0.0, Diff: 0.0, Sum: 0.0]
      [Object Copy (ms): Min: 0.0, Avg: 0.8, Max: 4.1, Diff: 4.1, Sum: 14.7]
      [Termination (ms): Min: 0.0, Avg: 8.1, Max: 10.8, Diff: 10.8, Sum: 145.4]
         [Termination Attempts: Min: 1, Avg: 1.0, Max: 1, Diff: 0, Sum: 18]
      [GC Worker Other (ms): Min: 0.0, Avg: 0.0, Max: 0.0, Diff: 0.0, Sum: 0.2]
      [GC Worker Total (ms): Min: 0.0, Avg: 9.0, Max: 12.5, Diff: 12.5, Sum: 162.5]
      [GC Worker End (ms): Min: 19286.4, Avg: 19286.5, Max: 19286.7, Diff: 0.2]
   [Code Root Fixup: 0.0 ms]
   [Code Root Purge: 0.0 ms]
   [Clear CT: 1.6 ms]
   [Other: 4.1 ms]
      [Choose CSet: 0.0 ms]
      [Ref Proc: 2.7 ms]
      [Ref Enq: 0.0 ms]
      [Redirty Cards: 1.2 ms]
      [Humongous Register: 0.0 ms]
      [Humongous Reclaim: 0.0 ms]
      [Free CSet: 0.0 ms]
   [Eden: 133.0M(133.0M)->0.0B(133.0M) Survivors: 20480.0K->20480.0K Heap: 186.8M(256.0M)->58209.3K(256.0M)]
 [Times: user=0.17 sys=0.02, real=0.02 secs] 
2026-06-18T14:06:47.605+0800: 19.636: [GC pause (G1 Evacuation Pause) (young), 0.0172459 secs]
   [Parallel Time: 12.9 ms, GC Workers: 18]
      [GC Worker Start (ms): Min: 19636.4, Avg: 19641.6, Max: 19648.3, Diff: 11.9]
      [Ext Root Scanning (ms): Min: 0.0, Avg: 0.0, Max: 0.2, Diff: 0.2, Sum: 0.4]
      [Update RS (ms): Min: 0.0, Avg: 0.0, Max: 0.0, Diff: 0.0, Sum: 0.0]
         [Processed Buffers: Min: 0, Avg: 0.2, Max: 2, Diff: 2, Sum: 3]
      [Scan RS (ms): Min: 0.0, Avg: 0.0, Max: 0.0, Diff: 0.0, Sum: 0.2]
      [Code Root Scanning (ms): Min: 0.0, Avg: 0.0, Max: 0.0, Diff: 0.0, Sum: 0.0]
      [Object Copy (ms): Min: 0.0, Avg: 0.1, Max: 0.4, Diff: 0.4, Sum: 1.9]
      [Termination (ms): Min: 0.0, Avg: 6.7, Max: 11.5, Diff: 11.5, Sum: 119.9]
         [Termination Attempts: Min: 1, Avg: 1.0, Max: 1, Diff: 0, Sum: 18]
      [GC Worker Other (ms): Min: 0.0, Avg: 0.0, Max: 0.0, Diff: 0.0, Sum: 0.1]
      [GC Worker Total (ms): Min: 0.0, Avg: 6.8, Max: 12.1, Diff: 12.1, Sum: 122.4]
      [GC Worker End (ms): Min: 19648.4, Avg: 19648.4, Max: 19648.6, Diff: 0.2]
   [Code Root Fixup: 0.0 ms]
   [Code Root Purge: 0.0 ms]
   [Clear CT: 0.8 ms]
   [Other: 3.5 ms]
      [Choose CSet: 0.0 ms]
      [Ref Proc: 2.7 ms]
      [Ref Enq: 0.0 ms]
      [Redirty Cards: 0.7 ms]
      [Humongous Register: 0.0 ms]
      [Humongous Reclaim: 0.0 ms]
      [Free CSet: 0.0 ms]
   [Eden: 133.0M(133.0M)->0.0B(139.0M) Survivors: 20480.0K->14336.0K Heap: 191.7M(256.0M)->46968.3K(256.0M)]
 [Times: user=0.15 sys=0.00, real=0.02 secs] 
2026-06-18T14:06:49.010+0800: 20.000: [GC pause (G1 Evacuation Pause) (young), 0.0155757 secs]
   [Parallel Time: 10.0 ms, GC Workers: 18]
      [GC Worker Start (ms): Min: 20000.6, Avg: 20004.0, Max: 20010.1, Diff: 9.5]
      [Ext Root Scanning (ms): Min: 0.0, Avg: 0.0, Max: 0.2, Diff: 0.2, Sum: 0.2]
      [Update RS (ms): Min: 0.0, Avg: 0.0, Max: 0.0, Diff: 0.0, Sum: 0.0]
         [Processed Buffers: Min: 0, Avg: 0.2, Max: 1, Diff: 1, Sum: 3]
      [Scan RS (ms): Min: 0.0, Avg: 0.0, Max: 0.0, Diff: 0.0, Sum: 0.1]
      [Code Root Scanning (ms): Min: 0.0, Avg: 0.0, Max: 0.0, Diff: 0.0, Sum: 0.0]
      [Object Copy (ms): Min: 0.0, Avg: 0.2, Max: 0.6, Diff: 0.6, Sum: 3.0]
      [Termination (ms): Min: 0.0, Avg: 6.0, Max: 8.9, Diff: 8.9, Sum: 107.1]
         [Termination Attempts: Min: 1, Avg: 1.0, Max: 1, Diff: 0, Sum: 18]
      [GC Worker Other (ms): Min: 0.0, Avg: 0.0, Max: 0.0, Diff: 0.0, Sum: 0.1]
      [GC Worker Total (ms): Min: 0.0, Avg: 6.1, Max: 9.6, Diff: 9.6, Sum: 110.6]
      [GC Worker End (ms): Min: 20010.1, Avg: 20010.1, Max: 20010.3, Diff: 0.2]
   [Code Root Fixup: 0.0 ms]
   [Code Root Purge: 0.0 ms]
   [Clear CT: 1.0 ms]
   [Other: 4.6 ms]
      [Choose CSet: 0.0 ms]
      [Ref Proc: 3.5 ms]
      [Ref Enq: 0.0 ms]
      [Redirty Cards: 0.9 ms]
      [Humongous Register: 0.0 ms]
      [Humongous Reclaim: 0.0 ms]
      [Free CSet: 0.0 ms]
   [Eden: 139.0M(139.0M)->0.0B(135.0M) Survivors: 14336.0K->18432.0K Heap: 187.0M(256.0M)->53600.3K(256.0M)]
 [Times: user=0.15 sys=0.01, real=0.01 secs] 
2026-06-18T14:06:49.369+0800: 20.360: [GC pause (G1 Evacuation Pause) (young), 0.0140425 secs]
   [Parallel Time: 11.0 ms, GC Workers: 18]
      [GC Worker Start (ms): Min: 20360.5, Avg: 20364.3, Max: 20370.5, Diff: 10.1]
      [Ext Root Scanning (ms): Min: 0.0, Avg: 0.0, Max: 0.2, Diff: 0.2, Sum: 0.5]
      [Update RS (ms): Min: 0.0, Avg: 0.0, Max: 0.0, Diff: 0.0, Sum: 0.0]
         [Processed Buffers: Min: 0, Avg: 0.2, Max: 1, Diff: 1, Sum: 3]
      [Scan RS (ms): Min: 0.0, Avg: 0.0, Max: 0.0, Diff: 0.0, Sum: 0.1]
      [Code Root Scanning (ms): Min: 0.0, Avg: 0.0, Max: 0.0, Diff: 0.0, Sum: 0.0]
      [Object Copy (ms): Min: 0.0, Avg: 0.2, Max: 0.6, Diff: 0.6, Sum: 3.2]
      [Termination (ms): Min: 0.0, Avg: 6.1, Max: 9.4, Diff: 9.4, Sum: 109.2]
         [Termination Attempts: Min: 1, Avg: 1.0, Max: 1, Diff: 0, Sum: 18]
      [GC Worker Other (ms): Min: 0.0, Avg: 0.0, Max: 0.0, Diff: 0.0, Sum: 0.1]
      [GC Worker Total (ms): Min: 0.0, Avg: 6.3, Max: 10.2, Diff: 10.2, Sum: 113.1]
      [GC Worker End (ms): Min: 20370.5, Avg: 20370.6, Max: 20370.7, Diff: 0.2]
   [Code Root Fixup: 0.0 ms]
   [Code Root Purge: 0.0 ms]
   [Clear CT: 0.7 ms]
   [Other: 2.4 ms]
      [Choose CSet: 0.0 ms]
      [Ref Proc: 1.4 ms]
      [Ref Enq: 0.0 ms]
      [Redirty Cards: 0.8 ms]
      [Humongous Register: 0.0 ms]
      [Humongous Reclaim: 0.0 ms]
      [Free CSet: 0.0 ms]
   [Eden: 135.0M(135.0M)->0.0B(134.0M) Survivors: 18432.0K->19456.0K Heap: 189.8M(256.0M)->49672.2K(256.0M)]
 [Times: user=0.12 sys=0.00, real=0.01 secs] 
2026-06-18T14:06:49.727+0800: 20.718: [GC pause (G1 Evacuation Pause) (young), 0.0136417 secs]
   [Parallel Time: 10.2 ms, GC Workers: 18]
      [GC Worker Start (ms): Min: 20718.0, Avg: 20721.8, Max: 20727.9, Diff: 9.9]
      [Ext Root Scanning (ms): Min: 0.0, Avg: 0.0, Max: 0.2, Diff: 0.2, Sum: 0.5]
      [Update RS (ms): Min: 0.0, Avg: 0.0, Max: 0.0, Diff: 0.0, Sum: 0.0]
         [Processed Buffers: Min: 0, Avg: 0.2, Max: 1, Diff: 1, Sum: 3]
      [Scan RS (ms): Min: 0.0, Avg: 0.0, Max: 0.0, Diff: 0.0, Sum: 0.1]
      [Code Root Scanning (ms): Min: 0.0, Avg: 0.0, Max: 0.0, Diff: 0.0, Sum: 0.0]
      [Object Copy (ms): Min: 0.0, Avg: 0.3, Max: 2.1, Diff: 2.1, Sum: 5.4]
      [Termination (ms): Min: 0.0, Avg: 5.9, Max: 9.2, Diff: 9.2, Sum: 106.1]
         [Termination Attempts: Min: 1, Avg: 1.0, Max: 1, Diff: 0, Sum: 18]
      [GC Worker Other (ms): Min: 0.0, Avg: 0.0, Max: 0.0, Diff: 0.0, Sum: 0.1]
      [GC Worker Total (ms): Min: 0.0, Avg: 6.2, Max: 10.0, Diff: 10.0, Sum: 112.2]
      [GC Worker End (ms): Min: 20727.9, Avg: 20728.0, Max: 20728.1, Diff: 0.2]
   [Code Root Fixup: 0.0 ms]
   [Code Root Purge: 0.0 ms]
   [Clear CT: 0.9 ms]
   [Other: 2.6 ms]
      [Choose CSet: 0.0 ms]
      [Ref Proc: 1.9 ms]
      [Ref Enq: 0.0 ms]
      [Redirty Cards: 0.6 ms]
      [Humongous Register: 0.0 ms]
      [Humongous Reclaim: 0.0 ms]
      [Free CSet: 0.0 ms]
   [Eden: 134.0M(134.0M)->0.0B(133.0M) Survivors: 19456.0K->20480.0K Heap: 184.7M(256.0M)->53412.3K(256.0M)]
 [Times: user=0.13 sys=0.01, real=0.02 secs] 
2026-06-18T14:06:50.078+0800: 21.069: [GC pause (G1 Evacuation Pause) (young), 0.0168036 secs]
   [Parallel Time: 10.5 ms, GC Workers: 18]
      [GC Worker Start (ms): Min: 21069.2, Avg: 21071.9, Max: 21079.1, Diff: 9.9]
      [Ext Root Scanning (ms): Min: 0.0, Avg: 0.0, Max: 0.2, Diff: 0.2, Sum: 0.6]
      [Update RS (ms): Min: 0.0, Avg: 0.0, Max: 0.0, Diff: 0.0, Sum: 0.1]
         [Processed Buffers: Min: 0, Avg: 0.2, Max: 1, Diff: 1, Sum: 3]
      [Scan RS (ms): Min: 0.0, Avg: 0.0, Max: 0.0, Diff: 0.0, Sum: 0.2]
      [Code Root Scanning (ms): Min: 0.0, Avg: 0.0, Max: 0.0, Diff: 0.0, Sum: 0.0]
      [Object Copy (ms): Min: 0.0, Avg: 0.4, Max: 0.8, Diff: 0.8, Sum: 6.5]
      [Termination (ms): Min: 0.0, Avg: 6.8, Max: 9.0, Diff: 9.0, Sum: 123.1]
         [Termination Attempts: Min: 1, Avg: 1.1, Max: 2, Diff: 1, Sum: 19]
      [GC Worker Other (ms): Min: 0.0, Avg: 0.0, Max: 0.0, Diff: 0.0, Sum: 0.1]
      [GC Worker Total (ms): Min: 0.0, Avg: 7.2, Max: 10.0, Diff: 10.0, Sum: 130.5]
      [GC Worker End (ms): Min: 21079.1, Avg: 21079.2, Max: 21079.3, Diff: 0.2]
   [Code Root Fixup: 0.0 ms]
   [Code Root Purge: 0.0 ms]
   [Clear CT: 1.1 ms]
   [Other: 5.1 ms]
      [Choose CSet: 0.0 ms]
      [Ref Proc: 4.2 ms]
      [Ref Enq: 0.0 ms]
      [Redirty Cards: 0.8 ms]
      [Humongous Register: 0.0 ms]
      [Humongous Reclaim: 0.0 ms]
      [Free CSet: 0.0 ms]
   [Eden: 133.0M(133.0M)->0.0B(133.0M) Survivors: 20480.0K->20480.0K Heap: 187.3M(256.0M)->58869.3K(256.0M)]
 [Times: user=0.16 sys=0.00, real=0.02 secs] 
2026-06-18T14:06:50.429+0800: 21.420: [GC pause (G1 Evacuation Pause) (young), 0.0134433 secs]
   [Parallel Time: 8.2 ms, GC Workers: 18]
      [GC Worker Start (ms): Min: 21420.0, Avg: 21422.1, Max: 21427.4, Diff: 7.5]
      [Ext Root Scanning (ms): Min: 0.0, Avg: 0.0, Max: 0.1, Diff: 0.1, Sum: 0.2]
      [Update RS (ms): Min: 0.0, Avg: 0.0, Max: 0.0, Diff: 0.0, Sum: 0.0]
         [Processed Buffers: Min: 0, Avg: 0.2, Max: 2, Diff: 2, Sum: 3]
      [Scan RS (ms): Min: 0.0, Avg: 0.0, Max: 0.0, Diff: 0.0, Sum: 0.1]
      [Code Root Scanning (ms): Min: 0.0, Avg: 0.0, Max: 0.0, Diff: 0.0, Sum: 0.0]
      [Object Copy (ms): Min: 0.0, Avg: 0.1, Max: 0.5, Diff: 0.5, Sum: 2.1]
      [Termination (ms): Min: 0.0, Avg: 5.3, Max: 7.0, Diff: 7.0, Sum: 95.8]
         [Termination Attempts: Min: 1, Avg: 1.0, Max: 1, Diff: 0, Sum: 18]
      [GC Worker Other (ms): Min: 0.0, Avg: 0.0, Max: 0.0, Diff: 0.0, Sum: 0.1]
      [GC Worker Total (ms): Min: 0.0, Avg: 5.5, Max: 7.6, Diff: 7.6, Sum: 98.3]
      [GC Worker End (ms): Min: 21427.5, Avg: 21427.5, Max: 21427.6, Diff: 0.2]
   [Code Root Fixup: 0.0 ms]
   [Code Root Purge: 0.0 ms]
   [Clear CT: 1.1 ms]
   [Other: 4.2 ms]
      [Choose CSet: 0.0 ms]
      [Ref Proc: 3.5 ms]
      [Ref Enq: 0.0 ms]
      [Redirty Cards: 0.6 ms]
      [Humongous Register: 0.0 ms]
      [Humongous Reclaim: 0.0 ms]
      [Free CSet: 0.0 ms]
   [Eden: 133.0M(133.0M)->0.0B(139.0M) Survivors: 20480.0K->14336.0K Heap: 192.6M(256.0M)->48853.3K(256.0M)]
 [Times: user=0.13 sys=0.00, real=0.01 secs] 
2026-06-18T14:06:50.785+0800: 21.776: [GC pause (G1 Evacuation Pause) (young), 0.0285835 secs]
   [Parallel Time: 19.1 ms, GC Workers: 18]
      [GC Worker Start (ms): Min: 21776.2, Avg: 21784.7, Max: 21794.1, Diff: 18.0]
      [Ext Root Scanning (ms): Min: 0.0, Avg: 0.0, Max: 0.2, Diff: 0.2, Sum: 0.4]
      [Update RS (ms): Min: 0.0, Avg: 0.0, Max: 0.0, Diff: 0.0, Sum: 0.0]
         [Processed Buffers: Min: 0, Avg: 0.2, Max: 2, Diff: 2, Sum: 3]
      [Scan RS (ms): Min: 0.0, Avg: 0.0, Max: 0.0, Diff: 0.0, Sum: 0.1]
      [Code Root Scanning (ms): Min: 0.0, Avg: 0.0, Max: 0.0, Diff: 0.0, Sum: 0.0]
      [Object Copy (ms): Min: 0.0, Avg: 1.0, Max: 15.4, Diff: 15.4, Sum: 17.4]
      [Termination (ms): Min: 0.0, Avg: 8.7, Max: 17.7, Diff: 17.7, Sum: 155.7]
         [Termination Attempts: Min: 1, Avg: 1.0, Max: 1, Diff: 0, Sum: 18]
      [GC Worker Other (ms): Min: 0.0, Avg: 0.0, Max: 0.0, Diff: 0.0, Sum: 0.1]
      [GC Worker Total (ms): Min: 0.0, Avg: 9.6, Max: 18.3, Diff: 18.2, Sum: 173.7]
      [GC Worker End (ms): Min: 21794.2, Avg: 21794.3, Max: 21794.6, Diff: 0.5]
   [Code Root Fixup: 0.0 ms]
   [Code Root Purge: 0.0 ms]
   [Clear CT: 0.9 ms]
   [Other: 8.5 ms]
      [Choose CSet: 0.0 ms]
      [Ref Proc: 7.7 ms]
      [Ref Enq: 0.0 ms]
      [Redirty Cards: 0.7 ms]
      [Humongous Register: 0.0 ms]
      [Humongous Reclaim: 0.0 ms]
      [Free CSet: 0.0 ms]
   [Eden: 139.0M(139.0M)->0.0B(137.0M) Survivors: 14336.0K->16384.0K Heap: 188.9M(256.0M)->53350.3K(256.0M)]
 [Times: user=0.26 sys=0.00, real=0.03 secs] 
2026-06-18T14:06:51.158+0800: 22.149: [GC pause (G1 Evacuation Pause) (young), 0.0311930 secs]
   [Parallel Time: 25.0 ms, GC Workers: 18]
      [GC Worker Start (ms): Min: 22148.9, Avg: 22161.6, Max: 22172.8, Diff: 23.9]
      [Ext Root Scanning (ms): Min: 0.0, Avg: 0.0, Max: 0.2, Diff: 0.2, Sum: 0.3]
      [Update RS (ms): Min: 0.0, Avg: 0.0, Max: 0.0, Diff: 0.0, Sum: 0.0]
         [Processed Buffers: Min: 0, Avg: 0.2, Max: 2, Diff: 2, Sum: 3]
      [Scan RS (ms): Min: 0.0, Avg: 0.0, Max: 0.0, Diff: 0.0, Sum: 0.1]
      [Code Root Scanning (ms): Min: 0.0, Avg: 0.0, Max: 0.0, Diff: 0.0, Sum: 0.0]
      [Object Copy (ms): Min: 0.0, Avg: 0.8, Max: 13.5, Diff: 13.5, Sum: 14.7]
      [Termination (ms): Min: 0.0, Avg: 10.5, Max: 23.0, Diff: 23.0, Sum: 188.6]
         [Termination Attempts: Min: 1, Avg: 1.0, Max: 1, Diff: 0, Sum: 18]
      [GC Worker Other (ms): Min: 0.0, Avg: 0.0, Max: 0.0, Diff: 0.0, Sum: 0.1]
      [GC Worker Total (ms): Min: 0.0, Avg: 11.3, Max: 24.0, Diff: 24.0, Sum: 203.8]
      [GC Worker End (ms): Min: 22172.8, Avg: 22172.9, Max: 22173.0, Diff: 0.2]
   [Code Root Fixup: 0.0 ms]
   [Code Root Purge: 0.0 ms]
   [Clear CT: 1.3 ms]
   [Other: 4.9 ms]
      [Choose CSet: 0.0 ms]
      [Ref Proc: 4.2 ms]
      [Ref Enq: 0.0 ms]
      [Redirty Cards: 0.6 ms]
      [Humongous Register: 0.0 ms]
      [Humongous Reclaim: 0.0 ms]
      [Free CSet: 0.0 ms]
   [Eden: 137.0M(137.0M)->0.0B(135.0M) Survivors: 16384.0K->18432.0K Heap: 191.6M(256.0M)->52575.3K(256.0M)]
 [Times: user=0.24 sys=0.01, real=0.03 secs] 
2026-06-18T14:06:51.534+0800: 22.525: [GC pause (G1 Evacuation Pause) (young), 0.0197637 secs]
   [Parallel Time: 13.3 ms, GC Workers: 18]
      [GC Worker Start (ms): Min: 22524.8, Avg: 22532.6, Max: 22537.1, Diff: 12.3]
      [Ext Root Scanning (ms): Min: 0.0, Avg: 0.0, Max: 0.4, Diff: 0.4, Sum: 0.9]
      [Update RS (ms): Min: 0.0, Avg: 0.0, Max: 0.0, Diff: 0.0, Sum: 0.0]
         [Processed Buffers: Min: 0, Avg: 0.2, Max: 1, Diff: 1, Sum: 3]
      [Scan RS (ms): Min: 0.0, Avg: 0.0, Max: 0.0, Diff: 0.0, Sum: 0.2]
      [Code Root Scanning (ms): Min: 0.0, Avg: 0.0, Max: 0.0, Diff: 0.0, Sum: 0.0]
      [Object Copy (ms): Min: 0.0, Avg: 0.2, Max: 0.9, Diff: 0.9, Sum: 3.6]
      [Termination (ms): Min: 0.0, Avg: 4.3, Max: 11.0, Diff: 11.0, Sum: 76.7]
         [Termination Attempts: Min: 1, Avg: 1.0, Max: 1, Diff: 0, Sum: 18]
      [GC Worker Other (ms): Min: 0.0, Avg: 0.0, Max: 0.0, Diff: 0.0, Sum: 0.1]
      [GC Worker Total (ms): Min: 0.0, Avg: 4.5, Max: 12.3, Diff: 12.3, Sum: 81.5]
      [GC Worker End (ms): Min: 22537.1, Avg: 22537.1, Max: 22537.2, Diff: 0.1]
   [Code Root Fixup: 0.0 ms]
   [Code Root Purge: 0.0 ms]
   [Clear CT: 1.0 ms]
   [Other: 5.5 ms]
      [Choose CSet: 0.0 ms]
      [Ref Proc: 4.5 ms]
      [Ref Enq: 0.0 ms]
      [Redirty Cards: 0.9 ms]
      [Humongous Register: 0.0 ms]
      [Humongous Reclaim: 0.0 ms]
      [Free CSet: 0.0 ms]
   [Eden: 135.0M(135.0M)->0.0B(133.0M) Survivors: 18432.0K->20480.0K Heap: 188.5M(256.0M)->56746.3K(256.0M)]
 [Times: user=0.13 sys=0.01, real=0.02 secs] 
2026-06-18T14:06:51.893+0800: 22.884: [GC pause (G1 Evacuation Pause) (young), 0.0228873 secs]
   [Parallel Time: 17.4 ms, GC Workers: 18]
      [GC Worker Start (ms): Min: 22883.8, Avg: 22891.3, Max: 22900.3, Diff: 16.6]
      [Ext Root Scanning (ms): Min: 0.0, Avg: 0.0, Max: 0.4, Diff: 0.4, Sum: 0.9]
      [Update RS (ms): Min: 0.0, Avg: 0.0, Max: 0.0, Diff: 0.0, Sum: 0.0]
         [Processed Buffers: Min: 0, Avg: 0.2, Max: 1, Diff: 1, Sum: 3]
      [Scan RS (ms): Min: 0.0, Avg: 0.0, Max: 0.0, Diff: 0.0, Sum: 0.2]
      [Code Root Scanning (ms): Min: 0.0, Avg: 0.0, Max: 0.0, Diff: 0.0, Sum: 0.0]
      [Object Copy (ms): Min: 0.0, Avg: 0.2, Max: 1.3, Diff: 1.3, Sum: 4.2]
      [Termination (ms): Min: 0.0, Avg: 8.8, Max: 15.2, Diff: 15.2, Sum: 159.1]
         [Termination Attempts: Min: 1, Avg: 1.0, Max: 1, Diff: 0, Sum: 18]
      [GC Worker Other (ms): Min: 0.0, Avg: 0.0, Max: 0.1, Diff: 0.1, Sum: 0.2]
      [GC Worker Total (ms): Min: 0.0, Avg: 9.1, Max: 16.7, Diff: 16.7, Sum: 164.6]
      [GC Worker End (ms): Min: 22900.4, Avg: 22900.4, Max: 22900.6, Diff: 0.2]
   [Code Root Fixup: 0.0 ms]
   [Code Root Purge: 0.0 ms]
   [Clear CT: 0.7 ms]
   [Other: 4.8 ms]
      [Choose CSet: 0.0 ms]
      [Ref Proc: 4.0 ms]
      [Ref Enq: 0.0 ms]
      [Redirty Cards: 0.7 ms]
      [Humongous Register: 0.0 ms]
      [Humongous Reclaim: 0.0 ms]
      [Free CSet: 0.0 ms]
   [Eden: 133.0M(133.0M)->0.0B(133.0M) Survivors: 20480.0K->20480.0K Heap: 189.2M(256.0M)->61096.3K(256.0M)]
 [Times: user=0.21 sys=0.00, real=0.03 secs] 
2026-06-18T14:06:52.277+0800: 23.268: [GC pause (G1 Evacuation Pause) (young), 0.0168754 secs]
   [Parallel Time: 11.7 ms, GC Workers: 18]
      [GC Worker Start (ms): Min: 23268.3, Avg: 23271.8, Max: 23279.2, Diff: 10.9]
      [Ext Root Scanning (ms): Min: 0.0, Avg: 0.0, Max: 0.4, Diff: 0.4, Sum: 0.8]
      [Update RS (ms): Min: 0.0, Avg: 0.0, Max: 0.0, Diff: 0.0, Sum: 0.0]
         [Processed Buffers: Min: 0, Avg: 0.2, Max: 1, Diff: 1, Sum: 3]
      [Scan RS (ms): Min: 0.0, Avg: 0.0, Max: 0.0, Diff: 0.0, Sum: 0.2]
      [Code Root Scanning (ms): Min: 0.0, Avg: 0.0, Max: 0.0, Diff: 0.0, Sum: 0.0]
      [Object Copy (ms): Min: 0.0, Avg: 0.2, Max: 1.0, Diff: 1.0, Sum: 4.5]
      [Termination (ms): Min: 0.0, Avg: 7.1, Max: 9.6, Diff: 9.6, Sum: 127.1]
         [Termination Attempts: Min: 1, Avg: 1.0, Max: 1, Diff: 0, Sum: 18]
      [GC Worker Other (ms): Min: 0.0, Avg: 0.0, Max: 0.0, Diff: 0.0, Sum: 0.1]
      [GC Worker Total (ms): Min: 0.0, Avg: 7.4, Max: 10.9, Diff: 10.9, Sum: 132.9]
      [GC Worker End (ms): Min: 23279.2, Avg: 23279.2, Max: 23279.3, Diff: 0.2]
   [Code Root Fixup: 0.0 ms]
   [Code Root Purge: 0.0 ms]
   [Clear CT: 1.3 ms]
   [Other: 3.8 ms]
      [Choose CSet: 0.0 ms]
      [Ref Proc: 2.8 ms]
      [Ref Enq: 0.0 ms]
      [Redirty Cards: 0.9 ms]
      [Humongous Register: 0.0 ms]
      [Humongous Reclaim: 0.0 ms]
      [Free CSet: 0.0 ms]
   [Eden: 133.0M(133.0M)->0.0B(133.0M) Survivors: 20480.0K->20480.0K Heap: 195.3M(256.0M)->59464.2K(256.0M)]
 [Times: user=0.17 sys=0.00, real=0.01 secs] 
2026-06-18T14:06:52.630+0800: 23.621: [GC pause (G1 Evacuation Pause) (young), 0.0144898 secs]
   [Parallel Time: 10.1 ms, GC Workers: 18]
      [GC Worker Start (ms): Min: 23620.8, Avg: 23624.7, Max: 23630.1, Diff: 9.3]
      [Ext Root Scanning (ms): Min: 0.0, Avg: 0.0, Max: 0.2, Diff: 0.2, Sum: 0.4]
      [Update RS (ms): Min: 0.0, Avg: 0.0, Max: 0.0, Diff: 0.0, Sum: 0.0]
         [Processed Buffers: Min: 0, Avg: 0.2, Max: 1, Diff: 1, Sum: 3]
      [Scan RS (ms): Min: 0.0, Avg: 0.0, Max: 0.0, Diff: 0.0, Sum: 0.1]
      [Code Root Scanning (ms): Min: 0.0, Avg: 0.0, Max: 0.0, Diff: 0.0, Sum: 0.0]
      [Object Copy (ms): Min: 0.0, Avg: 0.1, Max: 0.4, Diff: 0.4, Sum: 2.0]
      [Termination (ms): Min: 0.0, Avg: 5.3, Max: 8.9, Diff: 8.9, Sum: 95.8]
         [Termination Attempts: Min: 1, Avg: 1.0, Max: 1, Diff: 0, Sum: 18]
      [GC Worker Other (ms): Min: 0.0, Avg: 0.0, Max: 0.0, Diff: 0.0, Sum: 0.1]
      [GC Worker Total (ms): Min: 0.0, Avg: 5.5, Max: 9.3, Diff: 9.3, Sum: 98.6]
      [GC Worker End (ms): Min: 23630.1, Avg: 23630.2, Max: 23630.3, Diff: 0.2]
   [Code Root Fixup: 0.0 ms]
   [Code Root Purge: 0.0 ms]
   [Clear CT: 1.1 ms]
   [Other: 3.3 ms]
      [Choose CSet: 0.0 ms]
      [Ref Proc: 2.6 ms]
      [Ref Enq: 0.0 ms]
      [Redirty Cards: 0.6 ms]
      [Humongous Register: 0.0 ms]
      [Humongous Reclaim: 0.0 ms]
      [Free CSet: 0.0 ms]
   [Eden: 133.0M(133.0M)->0.0B(140.0M) Survivors: 20480.0K->13312.0K Heap: 193.3M(256.0M)->54002.3K(256.0M)]
 [Times: user=0.12 sys=0.01, real=0.01 secs] 
2026-06-18T14:06:53.008+0800: 23.999: [GC pause (G1 Evacuation Pause) (young), 0.0161392 secs]
   [Parallel Time: 11.9 ms, GC Workers: 18]
      [GC Worker Start (ms): Min: 23998.9, Avg: 24002.8, Max: 24010.2, Diff: 11.3]
      [Ext Root Scanning (ms): Min: 0.0, Avg: 0.1, Max: 0.5, Diff: 0.4, Sum: 0.9]
      [Update RS (ms): Min: 0.0, Avg: 0.0, Max: 0.0, Diff: 0.0, Sum: 0.1]
         [Processed Buffers: Min: 0, Avg: 0.2, Max: 1, Diff: 1, Sum: 3]
      [Scan RS (ms): Min: 0.0, Avg: 0.0, Max: 0.1, Diff: 0.1, Sum: 0.3]
      [Code Root Scanning (ms): Min: 0.0, Avg: 0.0, Max: 0.0, Diff: 0.0, Sum: 0.0]
      [Object Copy (ms): Min: 0.0, Avg: 0.3, Max: 0.8, Diff: 0.8, Sum: 5.5]
      [Termination (ms): Min: 0.0, Avg: 7.1, Max: 10.1, Diff: 10.1, Sum: 127.1]
         [Termination Attempts: Min: 1, Avg: 1.0, Max: 1, Diff: 0, Sum: 18]
      [GC Worker Other (ms): Min: 0.0, Avg: 0.0, Max: 0.0, Diff: 0.0, Sum: 0.2]
      [GC Worker Total (ms): Min: 0.0, Avg: 7.4, Max: 11.3, Diff: 11.3, Sum: 134.0]
      [GC Worker End (ms): Min: 24010.2, Avg: 24010.3, Max: 24010.5, Diff: 0.3]
   [Code Root Fixup: 0.0 ms]
   [Code Root Purge: 0.0 ms]
   [Clear CT: 1.3 ms]
   [Other: 2.9 ms]
      [Choose CSet: 0.0 ms]
      [Ref Proc: 2.2 ms]
      [Ref Enq: 0.0 ms]
      [Redirty Cards: 0.6 ms]
      [Humongous Register: 0.0 ms]
      [Humongous Reclaim: 0.0 ms]
      [Free CSet: 0.0 ms]
   [Eden: 140.0M(140.0M)->0.0B(136.0M) Survivors: 13312.0K->17408.0K Heap: 194.9M(256.0M)->60193.3K(256.0M)]
 [Times: user=0.16 sys=0.01, real=0.01 secs] 
2026-06-18T14:06:53.369+0800: 24.360: [GC pause (G1 Evacuation Pause) (young), 0.0285992 secs]
   [Parallel Time: 23.3 ms, GC Workers: 18]
      [GC Worker Start (ms): Min: 24360.4, Avg: 24368.8, Max: 24382.6, Diff: 22.1]
      [Ext Root Scanning (ms): Min: 0.0, Avg: 0.1, Max: 0.7, Diff: 0.7, Sum: 1.6]
      [Update RS (ms): Min: 0.0, Avg: 0.0, Max: 0.0, Diff: 0.0, Sum: 0.1]
         [Processed Buffers: Min: 0, Avg: 0.2, Max: 1, Diff: 1, Sum: 3]
      [Scan RS (ms): Min: 0.0, Avg: 0.0, Max: 0.1, Diff: 0.1, Sum: 0.4]
      [Code Root Scanning (ms): Min: 0.0, Avg: 0.0, Max: 0.0, Diff: 0.0, Sum: 0.0]
      [Object Copy (ms): Min: 0.0, Avg: 1.5, Max: 9.6, Diff: 9.6, Sum: 26.4]
      [Termination (ms): Min: 0.0, Avg: 12.3, Max: 19.9, Diff: 19.9, Sum: 220.7]
         [Termination Attempts: Min: 1, Avg: 1.0, Max: 1, Diff: 0, Sum: 18]
      [GC Worker Other (ms): Min: 0.0, Avg: 0.0, Max: 0.0, Diff: 0.0, Sum: 0.1]
      [GC Worker Total (ms): Min: 0.0, Avg: 13.9, Max: 22.3, Diff: 22.3, Sum: 249.4]
      [GC Worker End (ms): Min: 24382.6, Avg: 24382.7, Max: 24382.8, Diff: 0.3]
   [Code Root Fixup: 0.0 ms]
   [Code Root Purge: 0.0 ms]
   [Clear CT: 0.7 ms]
   [Other: 4.6 ms]
      [Choose CSet: 0.0 ms]
      [Ref Proc: 4.0 ms]
      [Ref Enq: 0.0 ms]
      [Redirty Cards: 0.4 ms]
      [Humongous Register: 0.0 ms]
      [Humongous Reclaim: 0.0 ms]
      [Free CSet: 0.0 ms]
   [Eden: 136.0M(136.0M)->0.0B(133.0M) Survivors: 17408.0K->20480.0K Heap: 197.0M(256.0M)->60090.3K(256.0M)]
 [Times: user=0.28 sys=0.00, real=0.03 secs] 
2026-06-18T14:06:53.742+0800: 24.733: [GC pause (G1 Evacuation Pause) (young), 0.0281593 secs]
   [Parallel Time: 19.2 ms, GC Workers: 18]
      [GC Worker Start (ms): Min: 24733.1, Avg: 24743.2, Max: 24751.7, Diff: 18.6]
      [Ext Root Scanning (ms): Min: 0.0, Avg: 0.0, Max: 0.5, Diff: 0.5, Sum: 0.9]
      [Update RS (ms): Min: 0.0, Avg: 0.0, Max: 0.0, Diff: 0.0, Sum: 0.0]
         [Processed Buffers: Min: 0, Avg: 0.2, Max: 1, Diff: 1, Sum: 3]
      [Scan RS (ms): Min: 0.0, Avg: 0.0, Max: 0.1, Diff: 0.1, Sum: 0.2]
      [Code Root Scanning (ms): Min: 0.0, Avg: 0.0, Max: 0.0, Diff: 0.0, Sum: 0.0]
      [Object Copy (ms): Min: 0.0, Avg: 1.4, Max: 12.2, Diff: 12.2, Sum: 24.3]
      [Termination (ms): Min: 0.0, Avg: 7.1, Max: 16.9, Diff: 16.9, Sum: 128.1]
         [Termination Attempts: Min: 1, Avg: 1.0, Max: 1, Diff: 0, Sum: 18]
      [GC Worker Other (ms): Min: 0.0, Avg: 0.0, Max: 0.0, Diff: 0.0, Sum: 0.1]
      [GC Worker Total (ms): Min: 0.0, Avg: 8.5, Max: 18.6, Diff: 18.6, Sum: 153.7]
      [GC Worker End (ms): Min: 24751.7, Avg: 24751.7, Max: 24751.8, Diff: 0.2]
   [Code Root Fixup: 0.0 ms]
   [Code Root Purge: 0.0 ms]
   [Clear CT: 0.7 ms]
   [Other: 8.3 ms]
      [Choose CSet: 0.0 ms]
      [Ref Proc: 7.4 ms]
      [Ref Enq: 0.0 ms]
      [Redirty Cards: 0.7 ms]
      [Humongous Register: 0.0 ms]
      [Humongous Reclaim: 0.0 ms]
      [Free CSet: 0.1 ms]
   [Eden: 133.0M(133.0M)->0.0B(133.0M) Survivors: 20480.0K->20480.0K Heap: 193.8M(256.0M)->62487.3K(256.0M)]
 [Times: user=0.23 sys=0.01, real=0.03 secs] 
2026-06-18T14:06:54.108+0800: 25.099: [GC pause (G1 Evacuation Pause) (young), 0.0276731 secs]
   [Parallel Time: 20.9 ms, GC Workers: 18]
      [GC Worker Start (ms): Min: 25099.4, Avg: 25106.7, Max: 25119.5, Diff: 20.1]
      [Ext Root Scanning (ms): Min: 0.0, Avg: 0.0, Max: 0.2, Diff: 0.2, Sum: 0.5]
      [Update RS (ms): Min: 0.0, Avg: 0.0, Max: 0.0, Diff: 0.0, Sum: 0.0]
         [Processed Buffers: Min: 0, Avg: 0.2, Max: 1, Diff: 1, Sum: 3]
      [Scan RS (ms): Min: 0.0, Avg: 0.0, Max: 0.0, Diff: 0.0, Sum: 0.2]
      [Code Root Scanning (ms): Min: 0.0, Avg: 0.0, Max: 0.0, Diff: 0.0, Sum: 0.0]
      [Object Copy (ms): Min: 0.0, Avg: 0.2, Max: 0.7, Diff: 0.7, Sum: 3.7]
      [Termination (ms): Min: 0.0, Avg: 12.6, Max: 19.3, Diff: 19.3, Sum: 226.3]
         [Termination Attempts: Min: 1, Avg: 1.0, Max: 1, Diff: 0, Sum: 18]
      [GC Worker Other (ms): Min: 0.0, Avg: 0.0, Max: 0.0, Diff: 0.0, Sum: 0.1]
      [GC Worker Total (ms): Min: 0.0, Avg: 12.8, Max: 20.1, Diff: 20.1, Sum: 230.9]
      [GC Worker End (ms): Min: 25119.5, Avg: 25119.6, Max: 25119.7, Diff: 0.2]
   [Code Root Fixup: 0.0 ms]
   [Code Root Purge: 0.0 ms]
   [Clear CT: 1.7 ms]
   [Other: 5.1 ms]
      [Choose CSet: 0.0 ms]
      [Ref Proc: 3.9 ms]
      [Ref Enq: 0.0 ms]
      [Redirty Cards: 1.1 ms]
      [Humongous Register: 0.0 ms]
      [Humongous Reclaim: 0.0 ms]
      [Free CSet: 0.0 ms]
   [Eden: 133.0M(133.0M)->0.0B(133.0M) Survivors: 20480.0K->20480.0K Heap: 196.4M(256.0M)->62149.2K(256.0M)]
 [Times: user=0.27 sys=0.01, real=0.03 secs] 
2026-06-18T14:06:54.474+0800: 25.465: [GC pause (G1 Evacuation Pause) (young), 0.0357190 secs]
   [Parallel Time: 31.2 ms, GC Workers: 18]
      [GC Worker Start (ms): Min: 25465.1, Avg: 25478.4, Max: 25495.0, Diff: 29.9]
      [Ext Root Scanning (ms): Min: 0.0, Avg: 0.0, Max: 0.4, Diff: 0.4, Sum: 0.9]
      [Update RS (ms): Min: 0.0, Avg: 0.0, Max: 0.0, Diff: 0.0, Sum: 0.0]
         [Processed Buffers: Min: 0, Avg: 0.2, Max: 1, Diff: 1, Sum: 3]
      [Scan RS (ms): Min: 0.0, Avg: 0.0, Max: 0.1, Diff: 0.1, Sum: 0.3]
      [Code Root Scanning (ms): Min: 0.0, Avg: 0.0, Max: 0.0, Diff: 0.0, Sum: 0.0]
      [Object Copy (ms): Min: 0.0, Avg: 0.8, Max: 10.8, Diff: 10.8, Sum: 15.0]
      [Termination (ms): Min: 0.0, Avg: 15.8, Max: 28.6, Diff: 28.6, Sum: 284.9]
         [Termination Attempts: Min: 1, Avg: 1.2, Max: 2, Diff: 1, Sum: 21]
      [GC Worker Other (ms): Min: 0.0, Avg: 0.0, Max: 0.0, Diff: 0.0, Sum: 0.1]
      [GC Worker Total (ms): Min: 0.0, Avg: 16.7, Max: 30.0, Diff: 30.0, Sum: 301.2]
      [GC Worker End (ms): Min: 25495.0, Avg: 25495.1, Max: 25495.2, Diff: 0.2]
   [Code Root Fixup: 0.0 ms]
   [Code Root Purge: 0.0 ms]
   [Clear CT: 0.7 ms]
   [Other: 3.8 ms]
      [Choose CSet: 0.0 ms]
      [Ref Proc: 3.2 ms]
      [Ref Enq: 0.0 ms]
      [Redirty Cards: 0.5 ms]
      [Humongous Register: 0.0 ms]
      [Humongous Reclaim: 0.0 ms]
      [Free CSet: 0.0 ms]
   [Eden: 133.0M(133.0M)->0.0B(128.0M) Survivors: 20480.0K->20480.0K Heap: 195.7M(256.0M)->66580.3K(256.0M)]
 [Times: user=0.33 sys=0.00, real=0.04 secs] 
2026-06-18T14:06:54.839+0800: 25.830: [GC pause (G1 Evacuation Pause) (young), 0.0200566 secs]
   [Parallel Time: 13.6 ms, GC Workers: 18]
      [GC Worker Start (ms): Min: 25829.9, Avg: 25832.4, Max: 25841.1, Diff: 11.3]
      [Ext Root Scanning (ms): Min: 0.0, Avg: 0.0, Max: 0.3, Diff: 0.3, Sum: 0.8]
      [Update RS (ms): Min: 0.0, Avg: 0.0, Max: 0.0, Diff: 0.0, Sum: 0.0]
         [Processed Buffers: Min: 0, Avg: 0.2, Max: 1, Diff: 1, Sum: 3]
      [Scan RS (ms): Min: 0.0, Avg: 0.0, Max: 0.0, Diff: 0.0, Sum: 0.2]
      [Code Root Scanning (ms): Min: 0.0, Avg: 0.0, Max: 0.0, Diff: 0.0, Sum: 0.0]
      [Object Copy (ms): Min: 0.0, Avg: 2.6, Max: 12.1, Diff: 12.1, Sum: 47.2]
      [Termination (ms): Min: 0.0, Avg: 7.6, Max: 11.7, Diff: 11.7, Sum: 136.3]
         [Termination Attempts: Min: 1, Avg: 1.0, Max: 1, Diff: 0, Sum: 18]
      [GC Worker Other (ms): Min: 0.0, Avg: 0.0, Max: 0.0, Diff: 0.0, Sum: 0.1]
      [GC Worker Total (ms): Min: 1.5, Avg: 10.3, Max: 12.8, Diff: 11.3, Sum: 184.6]
      [GC Worker End (ms): Min: 25842.5, Avg: 25842.6, Max: 25842.8, Diff: 0.3]
   [Code Root Fixup: 0.0 ms]
   [Code Root Purge: 0.0 ms]
   [Clear CT: 1.2 ms]
   [Other: 5.2 ms]
      [Choose CSet: 0.0 ms]
      [Ref Proc: 4.1 ms]
      [Ref Enq: 0.0 ms]
      [Redirty Cards: 1.0 ms]
      [Humongous Register: 0.0 ms]
      [Humongous Reclaim: 0.0 ms]
      [Free CSet: 0.0 ms]
   [Eden: 128.0M(128.0M)->0.0B(123.0M) Survivors: 20480.0K->19456.0K Heap: 195.1M(256.0M)->70275.3K(256.0M)]
 [Times: user=0.24 sys=0.00, real=0.02 secs] 
2026-06-18T14:06:55.185+0800: 26.176: [GC pause (G1 Evacuation Pause) (young), 0.0162149 secs]
   [Parallel Time: 12.1 ms, GC Workers: 18]
      [GC Worker Start (ms): Min: 26175.7, Avg: 26178.7, Max: 26186.7, Diff: 11.0]
      [Ext Root Scanning (ms): Min: 0.0, Avg: 0.0, Max: 0.4, Diff: 0.4, Sum: 0.8]
      [Update RS (ms): Min: 0.0, Avg: 0.0, Max: 0.0, Diff: 0.0, Sum: 0.0]
         [Processed Buffers: Min: 0, Avg: 0.2, Max: 2, Diff: 2, Sum: 3]
      [Scan RS (ms): Min: 0.0, Avg: 0.0, Max: 0.0, Diff: 0.0, Sum: 0.2]
      [Code Root Scanning (ms): Min: 0.0, Avg: 0.0, Max: 0.0, Diff: 0.0, Sum: 0.0]
      [Object Copy (ms): Min: 0.0, Avg: 1.1, Max: 7.5, Diff: 7.5, Sum: 20.4]
      [Termination (ms): Min: 0.0, Avg: 6.9, Max: 9.8, Diff: 9.8, Sum: 124.4]
         [Termination Attempts: Min: 1, Avg: 1.0, Max: 1, Diff: 0, Sum: 18]
      [GC Worker Other (ms): Min: 0.0, Avg: 0.0, Max: 0.0, Diff: 0.0, Sum: 0.1]
      [GC Worker Total (ms): Min: 0.0, Avg: 8.1, Max: 11.2, Diff: 11.2, Sum: 146.1]
      [GC Worker End (ms): Min: 26186.8, Avg: 26186.8, Max: 26187.0, Diff: 0.2]
   [Code Root Fixup: 0.0 ms]
   [Code Root Purge: 0.0 ms]
   [Clear CT: 1.0 ms]
   [Other: 3.2 ms]
      [Choose CSet: 0.0 ms]
      [Ref Proc: 2.4 ms]
      [Ref Enq: 0.0 ms]
      [Redirty Cards: 0.6 ms]
      [Humongous Register: 0.0 ms]
      [Humongous Reclaim: 0.0 ms]
      [Free CSet: 0.0 ms]
   [Eden: 123.0M(123.0M)->0.0B(127.0M) Survivors: 19456.0K->18432.0K Heap: 192.6M(256.0M)->69012.2K(256.0M)]
 [Times: user=0.18 sys=0.00, real=0.02 secs] 
2026-06-18T14:06:55.528+0800: 26.519: [GC pause (G1 Evacuation Pause) (young), 0.0388638 secs]
   [Parallel Time: 31.8 ms, GC Workers: 18]
      [GC Worker Start (ms): Min: 26518.7, Avg: 26520.0, Max: 26527.9, Diff: 9.1]
      [Ext Root Scanning (ms): Min: 0.0, Avg: 0.1, Max: 0.4, Diff: 0.4, Sum: 0.9]
      [Update RS (ms): Min: 0.0, Avg: 0.0, Max: 0.0, Diff: 0.0, Sum: 0.0]
         [Processed Buffers: Min: 0, Avg: 0.2, Max: 1, Diff: 1, Sum: 3]
      [Scan RS (ms): Min: 0.0, Avg: 0.0, Max: 0.0, Diff: 0.0, Sum: 0.2]
      [Code Root Scanning (ms): Min: 0.0, Avg: 0.0, Max: 0.0, Diff: 0.0, Sum: 0.0]
      [Object Copy (ms): Min: 0.0, Avg: 10.1, Max: 30.4, Diff: 30.4, Sum: 181.3]
      [Termination (ms): Min: 0.0, Avg: 19.5, Max: 29.6, Diff: 29.6, Sum: 351.6]
         [Termination Attempts: Min: 1, Avg: 1.0, Max: 1, Diff: 0, Sum: 18]
      [GC Worker Other (ms): Min: 0.0, Avg: 0.0, Max: 0.0, Diff: 0.0, Sum: 0.1]
      [GC Worker Total (ms): Min: 21.8, Avg: 29.7, Max: 30.9, Diff: 9.0, Sum: 534.2]
      [GC Worker End (ms): Min: 26549.6, Avg: 26549.7, Max: 26549.8, Diff: 0.2]
   [Code Root Fixup: 0.0 ms]
   [Code Root Purge: 0.0 ms]
   [Clear CT: 1.3 ms]
   [Other: 5.7 ms]
      [Choose CSet: 0.0 ms]
      [Ref Proc: 5.1 ms]
      [Ref Enq: 0.0 ms]
      [Redirty Cards: 0.5 ms]
      [Humongous Register: 0.0 ms]
      [Humongous Reclaim: 0.0 ms]
      [Free CSet: 0.0 ms]
   [Eden: 127.0M(127.0M)->0.0B(120.0M) Survivors: 18432.0K->19456.0K Heap: 196.9M(256.0M)->75454.3K(256.0M)]
 [Times: user=0.61 sys=0.01, real=0.04 secs] 
2026-06-18T14:06:55.892+0800: 26.883: [GC pause (G1 Evacuation Pause) (young), 0.0091783 secs]
   [Parallel Time: 4.4 ms, GC Workers: 18]
      [GC Worker Start (ms): Min: 26883.4, Avg: 26884.5, Max: 26887.3, Diff: 3.9]
      [Ext Root Scanning (ms): Min: 0.0, Avg: 0.0, Max: 0.2, Diff: 0.2, Sum: 0.4]
      [Update RS (ms): Min: 0.0, Avg: 0.0, Max: 0.0, Diff: 0.0, Sum: 0.0]
         [Processed Buffers: Min: 0, Avg: 0.2, Max: 1, Diff: 1, Sum: 3]
      [Scan RS (ms): Min: 0.0, Avg: 0.0, Max: 0.0, Diff: 0.0, Sum: 0.1]
      [Code Root Scanning (ms): Min: 0.0, Avg: 0.0, Max: 0.0, Diff: 0.0, Sum: 0.0]
      [Object Copy (ms): Min: 0.0, Avg: 0.8, Max: 3.6, Diff: 3.6, Sum: 13.6]
      [Termination (ms): Min: 0.0, Avg: 2.1, Max: 3.0, Diff: 3.0, Sum: 37.4]
         [Termination Attempts: Min: 1, Avg: 1.0, Max: 1, Diff: 0, Sum: 18]
      [GC Worker Other (ms): Min: 0.0, Avg: 0.0, Max: 0.1, Diff: 0.1, Sum: 0.2]
      [GC Worker Total (ms): Min: 0.0, Avg: 2.9, Max: 4.0, Diff: 3.9, Sum: 51.8]
      [GC Worker End (ms): Min: 26887.3, Avg: 26887.4, Max: 26887.5, Diff: 0.2]
   [Code Root Fixup: 0.0 ms]
   [Code Root Purge: 0.0 ms]
   [Clear CT: 0.7 ms]
   [Other: 4.1 ms]
      [Choose CSet: 0.0 ms]
      [Ref Proc: 3.2 ms]
      [Ref Enq: 0.0 ms]
      [Redirty Cards: 0.6 ms]
      [Humongous Register: 0.0 ms]
      [Humongous Reclaim: 0.0 ms]
      [Free CSet: 0.0 ms]
   [Eden: 120.0M(120.0M)->0.0B(114.0M) Survivors: 19456.0K->18432.0K Heap: 196.1M(256.0M)->81530.3K(256.0M)]
 [Times: user=0.09 sys=0.00, real=0.01 secs] 
2026-06-18T14:06:56.191+0800: 27.182: [GC pause (G1 Evacuation Pause) (young), 0.0443803 secs]
   [Parallel Time: 34.7 ms, GC Workers: 18]
      [GC Worker Start (ms): Min: 27181.9, Avg: 27186.2, Max: 27194.6, Diff: 12.6]
      [Ext Root Scanning (ms): Min: 0.0, Avg: 0.1, Max: 0.5, Diff: 0.5, Sum: 1.1]
      [Update RS (ms): Min: 0.0, Avg: 0.0, Max: 0.0, Diff: 0.0, Sum: 0.1]
         [Processed Buffers: Min: 0, Avg: 0.2, Max: 1, Diff: 1, Sum: 4]
      [Scan RS (ms): Min: 0.0, Avg: 0.0, Max: 0.0, Diff: 0.0, Sum: 0.2]
      [Code Root Scanning (ms): Min: 0.0, Avg: 0.0, Max: 0.0, Diff: 0.0, Sum: 0.0]
      [Object Copy (ms): Min: 0.0, Avg: 2.1, Max: 23.1, Diff: 23.1, Sum: 37.4]
      [Termination (ms): Min: 0.0, Avg: 18.9, Max: 32.5, Diff: 32.5, Sum: 339.8]
         [Termination Attempts: Min: 1, Avg: 1.0, Max: 1, Diff: 0, Sum: 18]
      [GC Worker Other (ms): Min: 0.0, Avg: 0.0, Max: 0.0, Diff: 0.0, Sum: 0.2]
      [GC Worker Total (ms): Min: 11.9, Avg: 21.0, Max: 32.5, Diff: 20.6, Sum: 378.7]
      [GC Worker End (ms): Min: 27206.5, Avg: 27207.3, Max: 27216.1, Diff: 9.6]
   [Code Root Fixup: 0.0 ms]
   [Code Root Purge: 0.0 ms]
   [Clear CT: 1.2 ms]
   [Other: 8.5 ms]
      [Choose CSet: 0.0 ms]
      [Ref Proc: 7.6 ms]
      [Ref Enq: 0.0 ms]
      [Redirty Cards: 0.7 ms]
      [Humongous Register: 0.0 ms]
      [Humongous Reclaim: 0.0 ms]
      [Free CSet: 0.0 ms]
   [Eden: 114.0M(114.0M)->0.0B(118.0M) Survivors: 18432.0K->17408.0K Heap: 194.4M(256.0M)->80635.2K(256.0M)]
 [Times: user=0.48 sys=0.00, real=0.21 secs] 
2026-06-18T14:06:56.712+0800: 27.703: [GC pause (G1 Evacuation Pause) (young), 0.0094388 secs]
   [Parallel Time: 6.5 ms, GC Workers: 18]
      [GC Worker Start (ms): Min: 27702.7, Avg: 27703.1, Max: 27703.6, Diff: 1.0]
      [Ext Root Scanning (ms): Min: 0.0, Avg: 0.0, Max: 0.2, Diff: 0.2, Sum: 0.5]
      [Update RS (ms): Min: 0.0, Avg: 0.0, Max: 0.0, Diff: 0.0, Sum: 0.0]
         [Processed Buffers: Min: 0, Avg: 0.2, Max: 2, Diff: 2, Sum: 4]
      [Scan RS (ms): Min: 0.0, Avg: 0.0, Max: 0.0, Diff: 0.0, Sum: 0.1]
      [Code Root Scanning (ms): Min: 0.0, Avg: 0.0, Max: 0.0, Diff: 0.0, Sum: 0.0]
      [Object Copy (ms): Min: 0.0, Avg: 1.8, Max: 5.5, Diff: 5.5, Sum: 32.2]
      [Termination (ms): Min: 0.0, Avg: 3.7, Max: 5.1, Diff: 5.1, Sum: 65.8]
         [Termination Attempts: Min: 1, Avg: 1.0, Max: 1, Diff: 0, Sum: 18]
      [GC Worker Other (ms): Min: 0.0, Avg: 0.0, Max: 0.0, Diff: 0.0, Sum: 0.1]
      [GC Worker Total (ms): Min: 4.9, Avg: 5.5, Max: 6.0, Diff: 1.0, Sum: 98.8]
      [GC Worker End (ms): Min: 27708.5, Avg: 27708.6, Max: 27708.7, Diff: 0.2]
   [Code Root Fixup: 0.0 ms]
   [Code Root Purge: 0.0 ms]
   [Clear CT: 0.8 ms]
   [Other: 2.1 ms]
      [Choose CSet: 0.0 ms]
      [Ref Proc: 1.3 ms]
      [Ref Enq: 0.0 ms]
      [Redirty Cards: 0.6 ms]
      [Humongous Register: 0.0 ms]
      [Humongous Reclaim: 0.0 ms]
      [Free CSet: 0.1 ms]
   [Eden: 118.0M(118.0M)->0.0B(111.0M) Survivors: 17408.0K->17408.0K Heap: 198.7M(256.0M)->86613.3K(256.0M)]
 [Times: user=0.11 sys=0.01, real=0.01 secs] 
2026-06-18T14:06:57.006+0800: 27.997: [GC pause (G1 Evacuation Pause) (young), 0.0092694 secs]
   [Parallel Time: 6.5 ms, GC Workers: 18]
      [GC Worker Start (ms): Min: 27996.9, Avg: 27997.4, Max: 27998.0, Diff: 1.1]
      [Ext Root Scanning (ms): Min: 0.0, Avg: 0.0, Max: 0.2, Diff: 0.2, Sum: 0.6]
      [Update RS (ms): Min: 0.0, Avg: 0.0, Max: 0.0, Diff: 0.0, Sum: 0.0]
         [Processed Buffers: Min: 0, Avg: 0.2, Max: 1, Diff: 1, Sum: 3]
      [Scan RS (ms): Min: 0.0, Avg: 0.0, Max: 0.0, Diff: 0.0, Sum: 0.1]
      [Code Root Scanning (ms): Min: 0.0, Avg: 0.0, Max: 0.0, Diff: 0.0, Sum: 0.0]
      [Object Copy (ms): Min: 0.0, Avg: 1.3, Max: 5.3, Diff: 5.3, Sum: 23.8]
      [Termination (ms): Min: 0.0, Avg: 4.0, Max: 5.1, Diff: 5.1, Sum: 72.3]
         [Termination Attempts: Min: 1, Avg: 1.0, Max: 1, Diff: 0, Sum: 18]
      [GC Worker Other (ms): Min: 0.0, Avg: 0.0, Max: 0.0, Diff: 0.0, Sum: 0.1]
      [GC Worker Total (ms): Min: 4.8, Avg: 5.4, Max: 5.9, Diff: 1.1, Sum: 97.0]
      [GC Worker End (ms): Min: 28002.7, Avg: 28002.8, Max: 28002.9, Diff: 0.2]
   [Code Root Fixup: 0.0 ms]
   [Code Root Purge: 0.0 ms]
   [Clear CT: 0.8 ms]
   [Other: 2.0 ms]
      [Choose CSet: 0.0 ms]
      [Ref Proc: 1.3 ms]
      [Ref Enq: 0.0 ms]
      [Redirty Cards: 0.6 ms]
      [Humongous Register: 0.0 ms]
      [Humongous Reclaim: 0.0 ms]
      [Free CSet: 0.0 ms]
   [Eden: 111.0M(111.0M)->0.0B(110.0M) Survivors: 17408.0K->16384.0K Heap: 197.6M(256.0M)->89325.3K(256.0M)]
 [Times: user=0.12 sys=0.00, real=0.02 secs] 
2026-06-18T14:06:57.289+0800: 28.280: [GC pause (G1 Evacuation Pause) (young), 0.0160519 secs]
   [Parallel Time: 12.9 ms, GC Workers: 18]
      [GC Worker Start (ms): Min: 28279.9, Avg: 28281.5, Max: 28289.2, Diff: 9.2]
      [Ext Root Scanning (ms): Min: 0.0, Avg: 0.0, Max: 0.2, Diff: 0.2, Sum: 0.5]
      [Update RS (ms): Min: 0.0, Avg: 0.0, Max: 0.0, Diff: 0.0, Sum: 0.0]
         [Processed Buffers: Min: 0, Avg: 0.2, Max: 1, Diff: 1, Sum: 3]
      [Scan RS (ms): Min: 0.0, Avg: 0.0, Max: 0.0, Diff: 0.0, Sum: 0.1]
      [Code Root Scanning (ms): Min: 0.0, Avg: 0.0, Max: 0.0, Diff: 0.0, Sum: 0.0]
      [Object Copy (ms): Min: 0.0, Avg: 2.7, Max: 11.7, Diff: 11.7, Sum: 48.7]
      [Termination (ms): Min: 0.0, Avg: 7.7, Max: 11.3, Diff: 11.3, Sum: 139.1]
         [Termination Attempts: Min: 1, Avg: 1.0, Max: 1, Diff: 0, Sum: 18]
      [GC Worker Other (ms): Min: 0.0, Avg: 0.0, Max: 0.0, Diff: 0.0, Sum: 0.1]
      [GC Worker Total (ms): Min: 2.8, Avg: 10.5, Max: 12.0, Diff: 9.3, Sum: 188.5]
      [GC Worker End (ms): Min: 28291.9, Avg: 28292.0, Max: 28292.1, Diff: 0.2]
   [Code Root Fixup: 0.0 ms]
   [Code Root Purge: 0.0 ms]
   [Clear CT: 1.1 ms]
   [Other: 2.0 ms]
      [Choose CSet: 0.0 ms]
      [Ref Proc: 1.3 ms]
      [Ref Enq: 0.0 ms]
      [Redirty Cards: 0.6 ms]
      [Humongous Register: 0.0 ms]
      [Humongous Reclaim: 0.0 ms]
      [Free CSet: 0.0 ms]
   [Eden: 110.0M(110.0M)->0.0B(114.0M) Survivors: 16384.0K->16384.0K Heap: 198.7M(256.0M)->86829.2K(256.0M)]
 [Times: user=0.21 sys=0.01, real=0.01 secs] 
2026-06-18T14:06:57.598+0800: 28.589: [GC pause (G1 Evacuation Pause) (young), 0.0195737 secs]
   [Parallel Time: 13.8 ms, GC Workers: 18]
      [GC Worker Start (ms): Min: 28588.7, Avg: 28595.1, Max: 28602.3, Diff: 13.5]
      [Ext Root Scanning (ms): Min: 0.0, Avg: 0.0, Max: 0.2, Diff: 0.2, Sum: 0.3]
      [Update RS (ms): Min: 0.0, Avg: 0.0, Max: 0.0, Diff: 0.0, Sum: 0.0]
         [Processed Buffers: Min: 0, Avg: 0.2, Max: 1, Diff: 1, Sum: 3]
      [Scan RS (ms): Min: 0.0, Avg: 0.0, Max: 0.0, Diff: 0.0, Sum: 0.1]
      [Code Root Scanning (ms): Min: 0.0, Avg: 0.0, Max: 0.0, Diff: 0.0, Sum: 0.0]
      [Object Copy (ms): Min: 0.0, Avg: 0.1, Max: 0.6, Diff: 0.6, Sum: 2.6]
      [Termination (ms): Min: 0.0, Avg: 7.1, Max: 13.0, Diff: 13.0, Sum: 128.4]
         [Termination Attempts: Min: 1, Avg: 1.0, Max: 1, Diff: 0, Sum: 18]
      [GC Worker Other (ms): Min: 0.0, Avg: 0.0, Max: 0.0, Diff: 0.0, Sum: 0.1]
      [GC Worker Total (ms): Min: 0.0, Avg: 7.3, Max: 13.6, Diff: 13.6, Sum: 131.6]
      [GC Worker End (ms): Min: 28602.3, Avg: 28602.4, Max: 28602.5, Diff: 0.2]
   [Code Root Fixup: 0.0 ms]
   [Code Root Purge: 0.0 ms]
   [Clear CT: 1.2 ms]
   [Other: 4.6 ms]
      [Choose CSet: 0.0 ms]
      [Ref Proc: 3.5 ms]
      [Ref Enq: 0.0 ms]
      [Redirty Cards: 0.9 ms]
      [Humongous Register: 0.0 ms]
      [Humongous Reclaim: 0.0 ms]
      [Free CSet: 0.0 ms]
   [Eden: 114.0M(114.0M)->0.0B(114.0M) Survivors: 16384.0K->15360.0K Heap: 201.6M(256.0M)->88461.3K(256.0M)]
 [Times: user=0.15 sys=0.00, real=0.02 secs] 
2026-06-18T14:06:57.912+0800: 28.903: [GC pause (G1 Evacuation Pause) (young), 0.0191744 secs]
   [Parallel Time: 15.3 ms, GC Workers: 18]
      [GC Worker Start (ms): Min: 28903.3, Avg: 28905.1, Max: 28910.5, Diff: 7.3]
      [Ext Root Scanning (ms): Min: 0.0, Avg: 0.0, Max: 0.2, Diff: 0.2, Sum: 0.5]
      [Update RS (ms): Min: 0.0, Avg: 0.0, Max: 0.0, Diff: 0.0, Sum: 0.0]
         [Processed Buffers: Min: 0, Avg: 0.2, Max: 1, Diff: 1, Sum: 3]
      [Scan RS (ms): Min: 0.0, Avg: 0.0, Max: 0.0, Diff: 0.0, Sum: 0.1]
      [Code Root Scanning (ms): Min: 0.0, Avg: 0.0, Max: 0.0, Diff: 0.0, Sum: 0.0]
      [Object Copy (ms): Min: 0.0, Avg: 2.9, Max: 13.4, Diff: 13.4, Sum: 52.5]
      [Termination (ms): Min: 0.0, Avg: 9.6, Max: 13.5, Diff: 13.5, Sum: 173.2]
         [Termination Attempts: Min: 1, Avg: 1.0, Max: 1, Diff: 0, Sum: 18]
      [GC Worker Other (ms): Min: 0.0, Avg: 0.0, Max: 0.0, Diff: 0.0, Sum: 0.1]
      [GC Worker Total (ms): Min: 7.2, Avg: 12.6, Max: 14.5, Diff: 7.3, Sum: 226.4]
      [GC Worker End (ms): Min: 28917.6, Avg: 28917.7, Max: 28917.8, Diff: 0.2]
   [Code Root Fixup: 0.0 ms]
   [Code Root Purge: 0.0 ms]
   [Clear CT: 1.0 ms]
   [Other: 2.9 ms]
      [Choose CSet: 0.0 ms]
      [Ref Proc: 1.8 ms]
      [Ref Enq: 0.0 ms]
      [Redirty Cards: 0.9 ms]
      [Humongous Register: 0.0 ms]
      [Humongous Reclaim: 0.0 ms]
      [Free CSet: 0.0 ms]
   [Eden: 114.0M(114.0M)->0.0B(102.0M) Survivors: 15360.0K->17408.0K Heap: 202.4M(256.0M)->99090.3K(256.0M)]
 [Times: user=0.20 sys=0.00, real=0.02 secs] 
2026-06-18T14:06:58.185+0800: 29.176: [GC pause (G1 Evacuation Pause) (young), 0.0168512 secs]
   [Parallel Time: 13.0 ms, GC Workers: 18]
      [GC Worker Start (ms): Min: 29176.3, Avg: 29178.6, Max: 29188.3, Diff: 12.0]
      [Ext Root Scanning (ms): Min: 0.0, Avg: 0.0, Max: 0.2, Diff: 0.2, Sum: 0.4]
      [Update RS (ms): Min: 0.0, Avg: 0.0, Max: 0.0, Diff: 0.0, Sum: 0.0]
         [Processed Buffers: Min: 0, Avg: 0.2, Max: 1, Diff: 1, Sum: 4]
      [Scan RS (ms): Min: 0.0, Avg: 0.0, Max: 0.0, Diff: 0.0, Sum: 0.1]
      [Code Root Scanning (ms): Min: 0.0, Avg: 0.0, Max: 0.0, Diff: 0.0, Sum: 0.0]
      [Object Copy (ms): Min: 0.0, Avg: 0.5, Max: 6.3, Diff: 6.3, Sum: 9.6]
      [Termination (ms): Min: 0.0, Avg: 9.2, Max: 11.3, Diff: 11.3, Sum: 166.0]
         [Termination Attempts: Min: 1, Avg: 1.0, Max: 1, Diff: 0, Sum: 18]
      [GC Worker Other (ms): Min: 0.0, Avg: 0.0, Max: 0.0, Diff: 0.0, Sum: 0.1]
      [GC Worker Total (ms): Min: 0.0, Avg: 9.8, Max: 12.0, Diff: 12.0, Sum: 176.2]
      [GC Worker End (ms): Min: 29188.3, Avg: 29188.4, Max: 29188.5, Diff: 0.1]
   [Code Root Fixup: 0.0 ms]
   [Code Root Purge: 0.0 ms]
   [Clear CT: 0.9 ms]
   [Other: 3.0 ms]
      [Choose CSet: 0.0 ms]
      [Ref Proc: 2.0 ms]
      [Ref Enq: 0.0 ms]
      [Redirty Cards: 0.9 ms]
      [Humongous Register: 0.0 ms]
      [Humongous Reclaim: 0.0 ms]
      [Free CSet: 0.0 ms]
   [Eden: 102.0M(102.0M)->0.0B(105.0M) Survivors: 17408.0K->15360.0K Heap: 200.0M(256.0M)->97279.2K(256.0M)]
 [Times: user=0.19 sys=0.00, real=0.02 secs] 
2026-06-18T14:06:58.457+0800: 29.448: [GC pause (G1 Evacuation Pause) (young), 0.0183897 secs]
   [Parallel Time: 11.4 ms, GC Workers: 18]
      [GC Worker Start (ms): Min: 29447.6, Avg: 29451.6, Max: 29458.1, Diff: 10.4]
      [Ext Root Scanning (ms): Min: 0.0, Avg: 0.0, Max: 0.2, Diff: 0.2, Sum: 0.4]
      [Update RS (ms): Min: 0.0, Avg: 0.0, Max: 0.0, Diff: 0.0, Sum: 0.0]
         [Processed Buffers: Min: 0, Avg: 0.2, Max: 2, Diff: 2, Sum: 3]
      [Scan RS (ms): Min: 0.0, Avg: 0.0, Max: 0.0, Diff: 0.0, Sum: 0.1]
      [Code Root Scanning (ms): Min: 0.0, Avg: 0.0, Max: 0.0, Diff: 0.0, Sum: 0.0]
      [Object Copy (ms): Min: 0.0, Avg: 0.3, Max: 3.6, Diff: 3.6, Sum: 5.6]
      [Termination (ms): Min: 0.0, Avg: 6.2, Max: 9.8, Diff: 9.8, Sum: 111.5]
         [Termination Attempts: Min: 1, Avg: 1.0, Max: 1, Diff: 0, Sum: 18]
      [GC Worker Other (ms): Min: 0.0, Avg: 0.0, Max: 0.0, Diff: 0.0, Sum: 0.1]
      [GC Worker Total (ms): Min: 0.0, Avg: 6.5, Max: 10.5, Diff: 10.4, Sum: 117.8]
      [GC Worker End (ms): Min: 29458.1, Avg: 29458.1, Max: 29458.3, Diff: 0.2]
   [Code Root Fixup: 0.0 ms]
   [Code Root Purge: 0.0 ms]
   [Clear CT: 0.9 ms]
   [Other: 6.1 ms]
      [Choose CSet: 0.0 ms]
      [Ref Proc: 5.5 ms]
      [Ref Enq: 0.0 ms]
      [Redirty Cards: 0.5 ms]
      [Humongous Register: 0.0 ms]
      [Humongous Reclaim: 0.0 ms]
      [Free CSet: 0.0 ms]
   [Eden: 105.0M(105.0M)->0.0B(103.0M) Survivors: 15360.0K->15360.0K Heap: 201.1M(256.0M)->97644.3K(256.0M)]
 [Times: user=0.16 sys=0.00, real=0.02 secs] 
2026-06-18T14:06:58.740+0800: 29.731: [GC pause (G1 Evacuation Pause) (young), 0.0333115 secs]
   [Parallel Time: 28.0 ms, GC Workers: 18]
      [GC Worker Start (ms): Min: 29731.5, Avg: 29733.2, Max: 29743.6, Diff: 12.1]
      [Ext Root Scanning (ms): Min: 0.0, Avg: 0.0, Max: 0.2, Diff: 0.2, Sum: 0.5]
      [Update RS (ms): Min: 0.0, Avg: 0.0, Max: 0.0, Diff: 0.0, Sum: 0.0]
         [Processed Buffers: Min: 0, Avg: 0.2, Max: 1, Diff: 1, Sum: 3]
      [Scan RS (ms): Min: 0.0, Avg: 0.0, Max: 0.0, Diff: 0.0, Sum: 0.1]
      [Code Root Scanning (ms): Min: 0.0, Avg: 0.0, Max: 0.0, Diff: 0.0, Sum: 0.0]
      [Object Copy (ms): Min: 0.0, Avg: 11.9, Max: 26.9, Diff: 26.9, Sum: 213.3]
      [Termination (ms): Min: 0.0, Avg: 13.9, Max: 26.3, Diff: 26.3, Sum: 249.3]
         [Termination Attempts: Min: 1, Avg: 1.0, Max: 1, Diff: 0, Sum: 18]
      [GC Worker Other (ms): Min: 0.0, Avg: 0.0, Max: 0.0, Diff: 0.0, Sum: 0.1]
      [GC Worker Total (ms): Min: 15.4, Avg: 25.7, Max: 27.6, Diff: 12.2, Sum: 463.4]
      [GC Worker End (ms): Min: 29758.9, Avg: 29759.0, Max: 29759.1, Diff: 0.3]
   [Code Root Fixup: 0.0 ms]
   [Code Root Purge: 0.0 ms]
   [Clear CT: 1.5 ms]
   [Other: 3.8 ms]
      [Choose CSet: 0.0 ms]
      [Ref Proc: 2.5 ms]
      [Ref Enq: 0.0 ms]
      [Redirty Cards: 1.2 ms]
      [Humongous Register: 0.0 ms]
      [Humongous Reclaim: 0.0 ms]
      [Free CSet: 0.0 ms]
   [Eden: 103.0M(103.0M)->0.0B(93184.0K) Survivors: 15360.0K->15360.0K Heap: 200.4M(256.0M)->107.9M(256.0M)]
 [Times: user=0.47 sys=0.01, real=0.03 secs] 
2026-06-18T14:06:59.008+0800: 29.999: [GC pause (G1 Evacuation Pause) (young), 0.0720959 secs]
   [Parallel Time: 63.4 ms, GC Workers: 18]
      [GC Worker Start (ms): Min: 29999.7, Avg: 30026.5, Max: 30061.1, Diff: 61.5]
      [Ext Root Scanning (ms): Min: 0.0, Avg: 0.1, Max: 0.4, Diff: 0.4, Sum: 1.0]
      [Update RS (ms): Min: 0.0, Avg: 0.0, Max: 0.0, Diff: 0.0, Sum: 0.1]
         [Processed Buffers: Min: 0, Avg: 0.3, Max: 3, Diff: 3, Sum: 6]
      [Scan RS (ms): Min: 0.0, Avg: 0.0, Max: 0.0, Diff: 0.0, Sum: 0.2]
      [Code Root Scanning (ms): Min: 0.0, Avg: 0.0, Max: 0.0, Diff: 0.0, Sum: 0.0]
      [Object Copy (ms): Min: 0.0, Avg: 3.6, Max: 51.7, Diff: 51.7, Sum: 65.4]
      [Termination (ms): Min: 0.0, Avg: 31.1, Max: 60.3, Diff: 60.3, Sum: 559.7]
         [Termination Attempts: Min: 1, Avg: 1.0, Max: 1, Diff: 0, Sum: 18]
      [GC Worker Other (ms): Min: 0.0, Avg: 0.0, Max: 0.0, Diff: 0.0, Sum: 0.1]
      [GC Worker Total (ms): Min: 0.0, Avg: 34.8, Max: 61.6, Diff: 61.5, Sum: 626.4]
      [GC Worker End (ms): Min: 30061.1, Avg: 30061.3, Max: 30061.5, Diff: 0.3]
   [Code Root Fixup: 0.0 ms]
   [Code Root Purge: 0.0 ms]
   [Clear CT: 1.2 ms]
   [Other: 7.6 ms]
      [Choose CSet: 0.0 ms]
      [Ref Proc: 6.9 ms]
      [Ref Enq: 0.0 ms]
      [Redirty Cards: 0.5 ms]
      [Humongous Register: 0.0 ms]
      [Humongous Reclaim: 0.0 ms]
      [Free CSet: 0.0 ms]
   [Eden: 93184.0K(93184.0K)->0.0B(87040.0K) Survivors: 15360.0K->14336.0K Heap: 200.1M(256.0M)->113.0M(256.0M)]
 [Times: user=0.68 sys=0.01, real=0.07 secs] 
2026-06-18T14:06:59.309+0800: 30.300: [GC pause (G1 Evacuation Pause) (young), 0.0155544 secs]
   [Parallel Time: 10.3 ms, GC Workers: 18]
      [GC Worker Start (ms): Min: 30300.2, Avg: 30303.1, Max: 30309.8, Diff: 9.6]
      [Ext Root Scanning (ms): Min: 0.0, Avg: 0.0, Max: 0.2, Diff: 0.2, Sum: 0.5]
      [Update RS (ms): Min: 0.0, Avg: 0.0, Max: 0.0, Diff: 0.0, Sum: 0.0]
         [Processed Buffers: Min: 0, Avg: 0.2, Max: 1, Diff: 1, Sum: 4]
      [Scan RS (ms): Min: 0.0, Avg: 0.0, Max: 0.0, Diff: 0.0, Sum: 0.1]
      [Code Root Scanning (ms): Min: 0.0, Avg: 0.0, Max: 0.0, Diff: 0.0, Sum: 0.0]
      [Object Copy (ms): Min: 0.0, Avg: 0.3, Max: 1.4, Diff: 1.4, Sum: 5.8]
      [Termination (ms): Min: 0.0, Avg: 6.3, Max: 8.8, Diff: 8.8, Sum: 114.0]
         [Termination Attempts: Min: 1, Avg: 1.0, Max: 1, Diff: 0, Sum: 18]
      [GC Worker Other (ms): Min: 0.0, Avg: 0.0, Max: 0.0, Diff: 0.0, Sum: 0.1]
      [GC Worker Total (ms): Min: 0.0, Avg: 6.7, Max: 9.6, Diff: 9.6, Sum: 120.6]
      [GC Worker End (ms): Min: 30309.8, Avg: 30309.8, Max: 30310.0, Diff: 0.2]
   [Code Root Fixup: 0.0 ms]
   [Code Root Purge: 0.0 ms]
   [Clear CT: 1.2 ms]
   [Other: 4.1 ms]
      [Choose CSet: 0.0 ms]
      [Ref Proc: 3.3 ms]
      [Ref Enq: 0.0 ms]
      [Redirty Cards: 0.7 ms]
      [Humongous Register: 0.0 ms]
      [Humongous Reclaim: 0.0 ms]
      [Free CSet: 0.0 ms]
   [Eden: 87040.0K(87040.0K)->0.0B(87040.0K) Survivors: 14336.0K->13312.0K Heap: 199.5M(256.0M)->115.9M(256.0M)]
 [Times: user=0.15 sys=0.01, real=0.01 secs] 
2026-06-18T14:06:59.553+0800: 30.544: [GC pause (G1 Evacuation Pause) (young), 0.0253392 secs]
   [Parallel Time: 18.6 ms, GC Workers: 18]
      [GC Worker Start (ms): Min: 30544.3, Avg: 30553.0, Max: 30562.0, Diff: 17.7]
      [Ext Root Scanning (ms): Min: 0.0, Avg: 0.0, Max: 0.4, Diff: 0.4, Sum: 0.8]
      [Update RS (ms): Min: 0.0, Avg: 0.0, Max: 0.0, Diff: 0.0, Sum: 0.1]
         [Processed Buffers: Min: 0, Avg: 0.3, Max: 2, Diff: 2, Sum: 5]
      [Scan RS (ms): Min: 0.0, Avg: 0.0, Max: 0.0, Diff: 0.0, Sum: 0.1]
      [Code Root Scanning (ms): Min: 0.0, Avg: 0.0, Max: 0.0, Diff: 0.0, Sum: 0.0]
      [Object Copy (ms): Min: 0.0, Avg: 0.1, Max: 0.5, Diff: 0.5, Sum: 2.5]
      [Termination (ms): Min: 0.0, Avg: 8.9, Max: 17.0, Diff: 17.0, Sum: 160.6]
         [Termination Attempts: Min: 1, Avg: 1.0, Max: 1, Diff: 0, Sum: 18]
      [GC Worker Other (ms): Min: 0.0, Avg: 0.0, Max: 0.0, Diff: 0.0, Sum: 0.1]
      [GC Worker Total (ms): Min: 0.0, Avg: 9.1, Max: 17.8, Diff: 17.8, Sum: 164.3]
      [GC Worker End (ms): Min: 30562.1, Avg: 30562.1, Max: 30562.3, Diff: 0.2]
   [Code Root Fixup: 0.0 ms]
   [Code Root Purge: 0.0 ms]
   [Clear CT: 1.6 ms]
   [Other: 5.1 ms]
      [Choose CSet: 0.0 ms]
      [Ref Proc: 4.5 ms]
      [Ref Enq: 0.0 ms]
      [Redirty Cards: 0.6 ms]
      [Humongous Register: 0.0 ms]
      [Humongous Reclaim: 0.0 ms]
      [Free CSet: 0.0 ms]
   [Eden: 87040.0K(87040.0K)->0.0B(83968.0K) Survivors: 13312.0K->13312.0K Heap: 203.2M(256.0M)->117.7M(256.0M)]
 [Times: user=0.19 sys=0.01, real=0.03 secs] 
2026-06-18T14:06:59.785+0800: 30.776: [GC pause (G1 Evacuation Pause) (young), 0.0141912 secs]
   [Parallel Time: 9.2 ms, GC Workers: 18]
      [GC Worker Start (ms): Min: 30776.4, Avg: 30780.0, Max: 30784.8, Diff: 8.4]
      [Ext Root Scanning (ms): Min: 0.0, Avg: 0.1, Max: 0.4, Diff: 0.4, Sum: 1.0]
      [Update RS (ms): Min: 0.0, Avg: 0.0, Max: 0.0, Diff: 0.0, Sum: 0.0]
         [Processed Buffers: Min: 0, Avg: 0.2, Max: 2, Diff: 2, Sum: 3]
      [Scan RS (ms): Min: 0.0, Avg: 0.0, Max: 0.0, Diff: 0.0, Sum: 0.2]
      [Code Root Scanning (ms): Min: 0.0, Avg: 0.0, Max: 0.0, Diff: 0.0, Sum: 0.0]
      [Object Copy (ms): Min: 0.0, Avg: 0.3, Max: 2.1, Diff: 2.1, Sum: 5.0]
      [Termination (ms): Min: 0.0, Avg: 4.6, Max: 7.5, Diff: 7.5, Sum: 83.2]
         [Termination Attempts: Min: 1, Avg: 1.0, Max: 1, Diff: 0, Sum: 18]
      [GC Worker Other (ms): Min: 0.0, Avg: 0.0, Max: 0.0, Diff: 0.0, Sum: 0.2]
      [GC Worker Total (ms): Min: 0.0, Avg: 5.0, Max: 8.6, Diff: 8.6, Sum: 89.6]
      [GC Worker End (ms): Min: 30784.9, Avg: 30784.9, Max: 30785.1, Diff: 0.2]
   [Code Root Fixup: 0.0 ms]
   [Code Root Purge: 0.0 ms]
   [Clear CT: 1.6 ms]
   [Other: 3.4 ms]
      [Choose CSet: 0.0 ms]
      [Ref Proc: 2.2 ms]
      [Ref Enq: 0.0 ms]
      [Redirty Cards: 1.1 ms]
      [Humongous Register: 0.0 ms]
      [Humongous Reclaim: 0.0 ms]
      [Free CSet: 0.0 ms]
   [Eden: 83968.0K(83968.0K)->0.0B(81920.0K) Survivors: 13312.0K->12288.0K Heap: 201.1M(256.0M)->121.2M(256.0M)]
 [Times: user=0.11 sys=0.00, real=0.02 secs] 
2026-06-18T14:06:59.930+0800: 30.921: [GC pause (G1 Humongous Allocation) (young) (initial-mark), 0.0379781 secs]
   [Parallel Time: 33.7 ms, GC Workers: 18]
      [GC Worker Start (ms): Min: 30920.9, Avg: 30921.6, Max: 30922.2, Diff: 1.3]
      [Ext Root Scanning (ms): Min: 0.0, Avg: 9.5, Max: 23.2, Diff: 23.1, Sum: 171.6]
      [Update RS (ms): Min: 0.0, Avg: 0.0, Max: 0.0, Diff: 0.0, Sum: 0.0]
         [Processed Buffers: Min: 0, Avg: 0.2, Max: 4, Diff: 4, Sum: 4]
      [Scan RS (ms): Min: 0.0, Avg: 0.0, Max: 0.0, Diff: 0.0, Sum: 0.1]
      [Code Root Scanning (ms): Min: 0.0, Avg: 0.0, Max: 0.0, Diff: 0.0, Sum: 0.0]
      [Object Copy (ms): Min: 0.0, Avg: 2.5, Max: 30.5, Diff: 30.4, Sum: 44.8]
      [Termination (ms): Min: 0.0, Avg: 19.3, Max: 29.9, Diff: 29.9, Sum: 347.7]
         [Termination Attempts: Min: 1, Avg: 1.0, Max: 1, Diff: 0, Sum: 18]
      [GC Worker Other (ms): Min: 0.0, Avg: 0.0, Max: 0.0, Diff: 0.0, Sum: 0.2]
      [GC Worker Total (ms): Min: 30.8, Avg: 31.4, Max: 32.0, Diff: 1.2, Sum: 564.5]
      [GC Worker End (ms): Min: 30952.9, Avg: 30953.0, Max: 30953.1, Diff: 0.2]
   [Code Root Fixup: 0.0 ms]
   [Code Root Purge: 0.0 ms]
   [Clear CT: 0.9 ms]
   [Other: 3.4 ms]
      [Choose CSet: 0.0 ms]
      [Ref Proc: 2.1 ms]
      [Ref Enq: 0.0 ms]
      [Redirty Cards: 1.1 ms]
      [Humongous Register: 0.0 ms]
      [Humongous Reclaim: 0.0 ms]
      [Free CSet: 0.0 ms]
   [Eden: 52224.0K(81920.0K)->0.0B(79872.0K) Survivors: 12288.0K->10240.0K Heap: 171.4M(256.0M)->123.7M(256.0M)]
 [Times: user=0.40 sys=0.02, real=0.04 secs] 
2026-06-18T14:06:59.970+0800: 30.961: [GC concurrent-root-region-scan-start]
2026-06-18T14:06:59.970+0800: 30.961: [GC concurrent-root-region-scan-end, 0.0003199 secs]
2026-06-18T14:06:59.970+0800: 30.961: [GC concurrent-mark-start]
2026-06-18T14:06:59.971+0800: 30.962: [GC concurrent-mark-end, 0.0003455 secs]
2026-06-18T14:06:59.971+0800: 30.962: [GC remark 2026-06-18T14:06:59.972+0800: 30.963: [Finalize Marking, 0.0115506 secs] 2026-06-18T14:06:59.985+0800: 30.976: [GC ref-proc, 0.0014161 secs] 2026-06-18T14:06:59.987+0800: 30.978: [Unloading, 0.0025116 secs], 0.0208860 secs]
 [Times: user=0.11 sys=0.00, real=0.02 secs] 
2026-06-18T14:06:59.995+0800: 30.986: [GC cleanup 125M->31378K(256M), 0.0034641 secs]
 [Times: user=0.00 sys=0.00, real=0.01 secs] 
2026-06-18T14:07:00.001+0800: 30.992: [GC concurrent-cleanup-start]
2026-06-18T14:07:00.001+0800: 30.992: [GC concurrent-cleanup-end, 0.0000850 secs]
2026-06-18T14:07:00.202+0800: 31.193: [GC pause (G1 Evacuation Pause) (young), 0.0240866 secs]
   [Parallel Time: 18.0 ms, GC Workers: 18]
      [GC Worker Start (ms): Min: 31193.2, Avg: 31202.6, Max: 31210.3, Diff: 17.1]
      [Ext Root Scanning (ms): Min: 0.0, Avg: 0.0, Max: 0.4, Diff: 0.4, Sum: 0.7]
      [Update RS (ms): Min: 0.0, Avg: 0.0, Max: 0.0, Diff: 0.0, Sum: 0.1]
         [Processed Buffers: Min: 0, Avg: 0.3, Max: 2, Diff: 2, Sum: 5]
      [Scan RS (ms): Min: 0.0, Avg: 0.0, Max: 0.0, Diff: 0.0, Sum: 0.1]
      [Code Root Scanning (ms): Min: 0.0, Avg: 0.0, Max: 0.0, Diff: 0.0, Sum: 0.0]
      [Object Copy (ms): Min: 0.0, Avg: 0.7, Max: 9.8, Diff: 9.8, Sum: 13.2]
      [Termination (ms): Min: 0.0, Avg: 6.9, Max: 15.9, Diff: 15.9, Sum: 125.0]
         [Termination Attempts: Min: 1, Avg: 1.0, Max: 1, Diff: 0, Sum: 18]
      [GC Worker Other (ms): Min: 0.0, Avg: 0.0, Max: 0.0, Diff: 0.0, Sum: 0.1]
      [GC Worker Total (ms): Min: 0.0, Avg: 7.7, Max: 17.2, Diff: 17.2, Sum: 139.3]
      [GC Worker End (ms): Min: 31210.3, Avg: 31210.4, Max: 31210.5, Diff: 0.1]
   [Code Root Fixup: 0.0 ms]
   [Code Root Purge: 0.0 ms]
   [Clear CT: 0.8 ms]
   [Other: 5.3 ms]
      [Choose CSet: 0.0 ms]
      [Ref Proc: 4.6 ms]
      [Ref Enq: 0.0 ms]
      [Redirty Cards: 0.5 ms]
      [Humongous Register: 0.0 ms]
      [Humongous Reclaim: 0.0 ms]
      [Free CSet: 0.0 ms]
   [Eden: 79872.0K(79872.0K)->0.0B(142.0M) Survivors: 10240.0K->11264.0K Heap: 108.7M(256.0M)->33981.2K(256.0M)]
 [Times: user=0.17 sys=0.00, real=0.03 secs] 
2026-06-18T14:07:00.602+0800: 31.593: [GC pause (G1 Evacuation Pause) (young), 0.0226526 secs]
   [Parallel Time: 17.9 ms, GC Workers: 18]
      [GC Worker Start (ms): Min: 31592.9, Avg: 31599.7, Max: 31610.2, Diff: 17.3]
      [Ext Root Scanning (ms): Min: 0.0, Avg: 0.1, Max: 0.5, Diff: 0.5, Sum: 1.0]
      [Update RS (ms): Min: 0.0, Avg: 0.0, Max: 0.0, Diff: 0.0, Sum: 0.1]
         [Processed Buffers: Min: 0, Avg: 0.3, Max: 3, Diff: 3, Sum: 5]
      [Scan RS (ms): Min: 0.0, Avg: 0.0, Max: 0.1, Diff: 0.1, Sum: 0.3]
      [Code Root Scanning (ms): Min: 0.0, Avg: 0.0, Max: 0.0, Diff: 0.0, Sum: 0.0]
      [Object Copy (ms): Min: 0.0, Avg: 3.0, Max: 13.5, Diff: 13.5, Sum: 53.5]
      [Termination (ms): Min: 0.0, Avg: 7.5, Max: 15.1, Diff: 15.1, Sum: 135.3]
         [Termination Attempts: Min: 1, Avg: 1.2, Max: 3, Diff: 2, Sum: 21]
      [GC Worker Other (ms): Min: 0.0, Avg: 0.0, Max: 0.0, Diff: 0.0, Sum: 0.2]
      [GC Worker Total (ms): Min: 0.0, Avg: 10.6, Max: 17.5, Diff: 17.4, Sum: 190.4]
      [GC Worker End (ms): Min: 31610.2, Avg: 31610.3, Max: 31610.5, Diff: 0.3]
   [Code Root Fixup: 0.0 ms]
   [Code Root Purge: 0.0 ms]
   [Clear CT: 1.2 ms]
   [Other: 3.5 ms]
      [Choose CSet: 0.0 ms]
      [Ref Proc: 2.8 ms]
      [Ref Enq: 0.0 ms]
      [Redirty Cards: 0.6 ms]
      [Humongous Register: 0.0 ms]
      [Humongous Reclaim: 0.0 ms]
      [Free CSet: 0.0 ms]
   [Eden: 142.0M(142.0M)->0.0B(133.0M) Survivors: 11264.0K->20480.0K Heap: 177.4M(256.0M)->46371.3K(256.0M)]
 [Times: user=0.18 sys=0.00, real=0.02 secs] 
2026-06-18T14:07:00.977+0800: 31.968: [GC pause (G1 Evacuation Pause) (young), 0.0206578 secs]
   [Parallel Time: 14.7 ms, GC Workers: 18]
      [GC Worker Start (ms): Min: 31968.4, Avg: 31973.8, Max: 31980.6, Diff: 12.2]
      [Ext Root Scanning (ms): Min: 0.0, Avg: 0.1, Max: 0.4, Diff: 0.4, Sum: 1.0]
      [Update RS (ms): Min: 0.0, Avg: 0.0, Max: 0.0, Diff: 0.0, Sum: 0.0]
         [Processed Buffers: Min: 0, Avg: 0.2, Max: 1, Diff: 1, Sum: 3]
      [Scan RS (ms): Min: 0.0, Avg: 0.0, Max: 0.1, Diff: 0.1, Sum: 0.3]
      [Code Root Scanning (ms): Min: 0.0, Avg: 0.0, Max: 0.0, Diff: 0.0, Sum: 0.0]
      [Object Copy (ms): Min: 0.0, Avg: 1.1, Max: 13.3, Diff: 13.3, Sum: 20.0]
      [Termination (ms): Min: 0.0, Avg: 7.5, Max: 12.7, Diff: 12.7, Sum: 134.5]
         [Termination Attempts: Min: 1, Avg: 1.0, Max: 1, Diff: 0, Sum: 18]
      [GC Worker Other (ms): Min: 0.0, Avg: 0.0, Max: 0.0, Diff: 0.0, Sum: 0.1]
      [GC Worker Total (ms): Min: 1.8, Avg: 8.7, Max: 14.1, Diff: 12.4, Sum: 156.0]
      [GC Worker End (ms): Min: 31982.4, Avg: 31982.5, Max: 31982.6, Diff: 0.2]
   [Code Root Fixup: 0.0 ms]
   [Code Root Purge: 0.0 ms]
   [Clear CT: 0.8 ms]
   [Other: 5.1 ms]
      [Choose CSet: 0.0 ms]
      [Ref Proc: 4.4 ms]
      [Ref Enq: 0.0 ms]
      [Redirty Cards: 0.6 ms]
      [Humongous Register: 0.0 ms]
      [Humongous Reclaim: 0.0 ms]
      [Free CSet: 0.0 ms]
   [Eden: 133.0M(133.0M)->0.0B(133.0M) Survivors: 20480.0K->20480.0K Heap: 180.0M(256.0M)->50885.3K(256.0M)]
 [Times: user=0.19 sys=0.00, real=0.02 secs] 
2026-06-18T14:07:01.338+0800: 32.329: [GC pause (G1 Evacuation Pause) (young), 0.0189768 secs]
   [Parallel Time: 14.4 ms, GC Workers: 18]
      [GC Worker Start (ms): Min: 32329.4, Avg: 32334.7, Max: 32343.0, Diff: 13.6]
      [Ext Root Scanning (ms): Min: 0.0, Avg: 0.0, Max: 0.1, Diff: 0.1, Sum: 0.2]
      [Update RS (ms): Min: 0.0, Avg: 0.0, Max: 0.0, Diff: 0.0, Sum: 0.0]
         [Processed Buffers: Min: 0, Avg: 0.2, Max: 2, Diff: 2, Sum: 3]
      [Scan RS (ms): Min: 0.0, Avg: 0.0, Max: 0.0, Diff: 0.0, Sum: 0.1]
      [Code Root Scanning (ms): Min: 0.0, Avg: 0.0, Max: 0.0, Diff: 0.0, Sum: 0.0]
      [Object Copy (ms): Min: 0.0, Avg: 0.8, Max: 12.8, Diff: 12.8, Sum: 14.7]
      [Termination (ms): Min: 0.0, Avg: 7.6, Max: 13.1, Diff: 13.1, Sum: 136.5]
         [Termination Attempts: Min: 1, Avg: 1.0, Max: 1, Diff: 0, Sum: 18]
      [GC Worker Other (ms): Min: 0.0, Avg: 0.0, Max: 0.0, Diff: 0.0, Sum: 0.1]
      [GC Worker Total (ms): Min: 0.0, Avg: 8.4, Max: 13.8, Diff: 13.8, Sum: 151.7]
      [GC Worker End (ms): Min: 32343.0, Avg: 32343.1, Max: 32343.3, Diff: 0.3]
   [Code Root Fixup: 0.0 ms]
   [Code Root Purge: 0.0 ms]
   [Clear CT: 0.8 ms]
   [Other: 3.8 ms]
      [Choose CSet: 0.0 ms]
      [Ref Proc: 3.1 ms]
      [Ref Enq: 0.0 ms]
      [Redirty Cards: 0.6 ms]
      [Humongous Register: 0.0 ms]
      [Humongous Reclaim: 0.0 ms]
      [Free CSet: 0.0 ms]
   [Eden: 133.0M(133.0M)->0.0B(138.0M) Survivors: 20480.0K->15360.0K Heap: 183.5M(256.0M)->40162.3K(256.0M)]
 [Times: user=0.18 sys=0.01, real=0.02 secs] 
2026-06-18T14:07:01.709+0800: 32.700: [GC pause (G1 Evacuation Pause) (young), 0.0164448 secs]
   [Parallel Time: 12.7 ms, GC Workers: 18]
      [GC Worker Start (ms): Min: 32700.1, Avg: 32705.2, Max: 32711.8, Diff: 11.8]
      [Ext Root Scanning (ms): Min: 0.0, Avg: 0.1, Max: 0.4, Diff: 0.4, Sum: 1.0]
      [Update RS (ms): Min: 0.0, Avg: 0.0, Max: 0.0, Diff: 0.0, Sum: 0.0]
         [Processed Buffers: Min: 0, Avg: 0.2, Max: 1, Diff: 1, Sum: 3]
      [Scan RS (ms): Min: 0.0, Avg: 0.0, Max: 0.1, Diff: 0.1, Sum: 0.3]
      [Code Root Scanning (ms): Min: 0.0, Avg: 0.0, Max: 0.0, Diff: 0.0, Sum: 0.0]
      [Object Copy (ms): Min: 0.0, Avg: 0.2, Max: 0.6, Diff: 0.6, Sum: 3.4]
      [Termination (ms): Min: 0.0, Avg: 6.4, Max: 10.8, Diff: 10.8, Sum: 115.4]
         [Termination Attempts: Min: 1, Avg: 1.0, Max: 1, Diff: 0, Sum: 18]
      [GC Worker Other (ms): Min: 0.0, Avg: 0.0, Max: 0.0, Diff: 0.0, Sum: 0.1]
      [GC Worker Total (ms): Min: 0.0, Avg: 6.7, Max: 11.9, Diff: 11.9, Sum: 120.2]
      [GC Worker End (ms): Min: 32711.8, Avg: 32711.9, Max: 32712.0, Diff: 0.2]
   [Code Root Fixup: 0.0 ms]
   [Code Root Purge: 0.0 ms]
   [Clear CT: 1.0 ms]
   [Other: 2.8 ms]
      [Choose CSet: 0.0 ms]
      [Ref Proc: 2.0 ms]
      [Ref Enq: 0.0 ms]
      [Redirty Cards: 0.7 ms]
      [Humongous Register: 0.0 ms]
      [Humongous Reclaim: 0.0 ms]
      [Free CSet: 0.0 ms]
   [Eden: 138.0M(138.0M)->0.0B(135.0M) Survivors: 15360.0K->18432.0K Heap: 179.3M(256.0M)->44960.3K(256.0M)]
 [Times: user=0.14 sys=0.00, real=0.01 secs] 
2026-06-18T14:07:02.067+0800: 33.058: [GC pause (G1 Evacuation Pause) (young), 0.0188075 secs]
   [Parallel Time: 12.2 ms, GC Workers: 18]
      [GC Worker Start (ms): Min: 33058.7, Avg: 33065.1, Max: 33070.1, Diff: 11.4]
      [Ext Root Scanning (ms): Min: 0.0, Avg: 0.1, Max: 0.5, Diff: 0.5, Sum: 1.0]
      [Update RS (ms): Min: 0.0, Avg: 0.0, Max: 0.0, Diff: 0.0, Sum: 0.0]
         [Processed Buffers: Min: 0, Avg: 0.2, Max: 1, Diff: 1, Sum: 3]
      [Scan RS (ms): Min: 0.0, Avg: 0.0, Max: 0.1, Diff: 0.1, Sum: 0.3]
      [Code Root Scanning (ms): Min: 0.0, Avg: 0.0, Max: 0.0, Diff: 0.0, Sum: 0.0]
      [Object Copy (ms): Min: 0.0, Avg: 0.2, Max: 0.9, Diff: 0.9, Sum: 4.3]
      [Termination (ms): Min: 0.0, Avg: 4.8, Max: 10.2, Diff: 10.2, Sum: 85.7]
         [Termination Attempts: Min: 1, Avg: 1.0, Max: 1, Diff: 0, Sum: 18]
      [GC Worker Other (ms): Min: 0.0, Avg: 0.0, Max: 0.0, Diff: 0.0, Sum: 0.1]
      [GC Worker Total (ms): Min: 0.0, Avg: 5.1, Max: 11.5, Diff: 11.5, Sum: 91.5]
      [GC Worker End (ms): Min: 33070.1, Avg: 33070.2, Max: 33070.3, Diff: 0.2]
   [Code Root Fixup: 0.0 ms]
   [Code Root Purge: 0.0 ms]
   [Clear CT: 0.8 ms]
   [Other: 5.8 ms]
      [Choose CSet: 0.0 ms]
      [Ref Proc: 5.0 ms]
      [Ref Enq: 0.0 ms]
      [Redirty Cards: 0.6 ms]
      [Humongous Register: 0.0 ms]
      [Humongous Reclaim: 0.0 ms]
      [Free CSet: 0.0 ms]
   [Eden: 135.0M(135.0M)->0.0B(134.0M) Survivors: 18432.0K->19456.0K Heap: 181.5M(256.0M)->49170.4K(256.0M)]
 [Times: user=0.13 sys=0.00, real=0.02 secs] 
2026-06-18T14:07:02.441+0800: 33.432: [GC pause (G1 Evacuation Pause) (young), 0.0193399 secs]
   [Parallel Time: 13.3 ms, GC Workers: 18]
      [GC Worker Start (ms): Min: 33432.4, Avg: 33438.2, Max: 33444.8, Diff: 12.5]
      [Ext Root Scanning (ms): Min: 0.0, Avg: 0.0, Max: 0.4, Diff: 0.4, Sum: 0.7]
      [Update RS (ms): Min: 0.0, Avg: 0.0, Max: 0.0, Diff: 0.0, Sum: 0.0]
         [Processed Buffers: Min: 0, Avg: 0.2, Max: 2, Diff: 2, Sum: 3]
      [Scan RS (ms): Min: 0.0, Avg: 0.0, Max: 0.1, Diff: 0.0, Sum: 0.2]
      [Code Root Scanning (ms): Min: 0.0, Avg: 0.0, Max: 0.0, Diff: 0.0, Sum: 0.0]
      [Object Copy (ms): Min: 0.0, Avg: 0.2, Max: 0.8, Diff: 0.8, Sum: 3.0]
      [Termination (ms): Min: 0.0, Avg: 6.5, Max: 11.4, Diff: 11.4, Sum: 117.3]
         [Termination Attempts: Min: 1, Avg: 1.0, Max: 1, Diff: 0, Sum: 18]
      [GC Worker Other (ms): Min: 0.0, Avg: 0.0, Max: 0.0, Diff: 0.0, Sum: 0.1]
      [GC Worker Total (ms): Min: 0.0, Avg: 6.7, Max: 12.6, Diff: 12.6, Sum: 121.3]
      [GC Worker End (ms): Min: 33444.8, Avg: 33444.9, Max: 33445.0, Diff: 0.1]
   [Code Root Fixup: 0.0 ms]
   [Code Root Purge: 0.0 ms]
   [Clear CT: 1.4 ms]
   [Other: 4.6 ms]
      [Choose CSet: 0.0 ms]
      [Ref Proc: 4.0 ms]
      [Ref Enq: 0.0 ms]
      [Redirty Cards: 0.5 ms]
      [Humongous Register: 0.0 ms]
      [Humongous Reclaim: 0.0 ms]
      [Free CSet: 0.0 ms]
   [Eden: 134.0M(134.0M)->0.0B(135.0M) Survivors: 19456.0K->18432.0K Heap: 183.8M(256.0M)->44579.3K(256.0M)]
 [Times: user=0.18 sys=0.01, real=0.02 secs] 
2026-06-18T14:07:02.806+0800: 33.796: [GC pause (G1 Evacuation Pause) (young), 0.0279338 secs]
   [Parallel Time: 23.5 ms, GC Workers: 18]
      [GC Worker Start (ms): Min: 33796.6, Avg: 33804.6, Max: 33809.4, Diff: 12.7]
      [Ext Root Scanning (ms): Min: 0.0, Avg: 0.0, Max: 0.3, Diff: 0.3, Sum: 0.7]
      [Update RS (ms): Min: 0.0, Avg: 0.0, Max: 0.0, Diff: 0.0, Sum: 0.0]
         [Processed Buffers: Min: 0, Avg: 0.2, Max: 1, Diff: 1, Sum: 3]
      [Scan RS (ms): Min: 0.0, Avg: 0.0, Max: 0.0, Diff: 0.0, Sum: 0.2]
      [Code Root Scanning (ms): Min: 0.0, Avg: 0.0, Max: 0.0, Diff: 0.0, Sum: 0.0]
      [Object Copy (ms): Min: 0.0, Avg: 1.4, Max: 22.0, Diff: 22.0, Sum: 24.5]
      [Termination (ms): Min: 0.0, Avg: 13.2, Max: 21.5, Diff: 21.5, Sum: 237.1]
         [Termination Attempts: Min: 1, Avg: 1.0, Max: 1, Diff: 0, Sum: 18]
      [GC Worker Other (ms): Min: 0.0, Avg: 0.0, Max: 0.0, Diff: 0.0, Sum: 0.1]
      [GC Worker Total (ms): Min: 9.9, Avg: 14.6, Max: 22.5, Diff: 12.6, Sum: 262.7]
      [GC Worker End (ms): Min: 33819.1, Avg: 33819.2, Max: 33819.3, Diff: 0.1]
   [Code Root Fixup: 0.0 ms]
   [Code Root Purge: 0.0 ms]
   [Clear CT: 0.8 ms]
   [Other: 3.6 ms]
      [Choose CSet: 0.0 ms]
      [Ref Proc: 2.9 ms]
      [Ref Enq: 0.0 ms]
      [Redirty Cards: 0.5 ms]
      [Humongous Register: 0.0 ms]
      [Humongous Reclaim: 0.0 ms]
      [Free CSet: 0.0 ms]
   [Eden: 135.0M(135.0M)->0.0B(133.0M) Survivors: 18432.0K->20480.0K Heap: 181.1M(256.0M)->52418.3K(256.0M)]
 [Times: user=0.30 sys=0.00, real=0.04 secs] 
2026-06-18T14:07:03.179+0800: 34.170: [GC pause (G1 Evacuation Pause) (young), 0.0310106 secs]
   [Parallel Time: 24.5 ms, GC Workers: 18]
      [GC Worker Start (ms): Min: 34170.4, Avg: 34183.1, Max: 34194.2, Diff: 23.8]
      [Ext Root Scanning (ms): Min: 0.0, Avg: 0.0, Max: 0.4, Diff: 0.4, Sum: 0.8]
      [Update RS (ms): Min: 0.0, Avg: 0.0, Max: 0.0, Diff: 0.0, Sum: 0.0]
         [Processed Buffers: Min: 0, Avg: 0.2, Max: 1, Diff: 1, Sum: 3]
      [Scan RS (ms): Min: 0.0, Avg: 0.0, Max: 0.0, Diff: 0.0, Sum: 0.2]
      [Code Root Scanning (ms): Min: 0.0, Avg: 0.0, Max: 0.0, Diff: 0.0, Sum: 0.0]
      [Object Copy (ms): Min: 0.0, Avg: 0.2, Max: 1.5, Diff: 1.5, Sum: 4.4]
      [Termination (ms): Min: 0.0, Avg: 11.0, Max: 22.1, Diff: 22.1, Sum: 197.2]
         [Termination Attempts: Min: 1, Avg: 1.0, Max: 1, Diff: 0, Sum: 18]
      [GC Worker Other (ms): Min: 0.0, Avg: 0.0, Max: 0.0, Diff: 0.0, Sum: 0.1]
      [GC Worker Total (ms): Min: 0.0, Avg: 11.3, Max: 23.9, Diff: 23.9, Sum: 202.6]
      [GC Worker End (ms): Min: 34194.2, Avg: 34194.3, Max: 34194.5, Diff: 0.2]
   [Code Root Fixup: 0.0 ms]
   [Code Root Purge: 0.0 ms]
   [Clear CT: 0.8 ms]
   [Other: 5.7 ms]
      [Choose CSet: 0.0 ms]
      [Ref Proc: 5.0 ms]
      [Ref Enq: 0.0 ms]
      [Redirty Cards: 0.6 ms]
      [Humongous Register: 0.0 ms]
      [Humongous Reclaim: 0.0 ms]
      [Free CSet: 0.0 ms]
   [Eden: 133.0M(133.0M)->0.0B(133.0M) Survivors: 20480.0K->20480.0K Heap: 186.5M(256.0M)->53163.2K(256.0M)]
 [Times: user=0.25 sys=0.01, real=0.03 secs] 
2026-06-18T14:07:03.554+0800: 34.545: [GC pause (G1 Evacuation Pause) (young), 0.0140044 secs]
   [Parallel Time: 9.7 ms, GC Workers: 18]
      [GC Worker Start (ms): Min: 34545.3, Avg: 34547.4, Max: 34554.1, Diff: 8.9]
      [Ext Root Scanning (ms): Min: 0.0, Avg: 0.0, Max: 0.2, Diff: 0.1, Sum: 0.2]
      [Update RS (ms): Min: 0.0, Avg: 0.0, Max: 0.0, Diff: 0.0, Sum: 0.0]
         [Processed Buffers: Min: 0, Avg: 0.2, Max: 2, Diff: 2, Sum: 3]
      [Scan RS (ms): Min: 0.0, Avg: 0.0, Max: 0.0, Diff: 0.0, Sum: 0.1]
      [Code Root Scanning (ms): Min: 0.0, Avg: 0.0, Max: 0.0, Diff: 0.0, Sum: 0.0]
      [Object Copy (ms): Min: 0.0, Avg: 0.1, Max: 0.5, Diff: 0.5, Sum: 2.1]
      [Termination (ms): Min: 0.0, Avg: 6.7, Max: 8.4, Diff: 8.4, Sum: 120.5]
         [Termination Attempts: Min: 1, Avg: 1.0, Max: 1, Diff: 0, Sum: 18]
      [GC Worker Other (ms): Min: 0.0, Avg: 0.0, Max: 0.1, Diff: 0.1, Sum: 0.3]
      [GC Worker Total (ms): Min: 0.0, Avg: 6.8, Max: 9.0, Diff: 9.0, Sum: 123.3]
      [GC Worker End (ms): Min: 34554.1, Avg: 34554.2, Max: 34554.3, Diff: 0.2]
   [Code Root Fixup: 0.0 ms]
   [Code Root Purge: 0.0 ms]
   [Clear CT: 0.8 ms]
   [Other: 3.5 ms]
      [Choose CSet: 0.0 ms]
      [Ref Proc: 2.8 ms]
      [Ref Enq: 0.0 ms]
      [Redirty Cards: 0.6 ms]
      [Humongous Register: 0.0 ms]
      [Humongous Reclaim: 0.0 ms]
      [Free CSet: 0.0 ms]
   [Eden: 133.0M(133.0M)->0.0B(138.0M) Survivors: 20480.0K->15360.0K Heap: 187.7M(256.0M)->50185.3K(256.0M)]
 [Times: user=0.15 sys=0.00, real=0.02 secs] 
2026-06-18T14:07:03.913+0800: 34.904: [GC pause (G1 Evacuation Pause) (young), 0.0165177 secs]
   [Parallel Time: 13.7 ms, GC Workers: 18]
      [GC Worker Start (ms): Min: 34904.0, Avg: 34909.6, Max: 34917.4, Diff: 13.4]
      [Ext Root Scanning (ms): Min: 0.0, Avg: 0.0, Max: 0.1, Diff: 0.1, Sum: 0.3]
      [Update RS (ms): Min: 0.0, Avg: 0.0, Max: 0.0, Diff: 0.0, Sum: 0.0]
         [Processed Buffers: Min: 0, Avg: 0.2, Max: 1, Diff: 1, Sum: 3]
      [Scan RS (ms): Min: 0.0, Avg: 0.0, Max: 0.0, Diff: 0.0, Sum: 0.1]
      [Code Root Scanning (ms): Min: 0.0, Avg: 0.0, Max: 0.0, Diff: 0.0, Sum: 0.0]
      [Object Copy (ms): Min: 0.0, Avg: 0.1, Max: 0.6, Diff: 0.6, Sum: 2.5]
      [Termination (ms): Min: 0.0, Avg: 7.7, Max: 12.9, Diff: 12.9, Sum: 138.4]
         [Termination Attempts: Min: 1, Avg: 1.0, Max: 1, Diff: 0, Sum: 18]
      [GC Worker Other (ms): Min: 0.0, Avg: 0.0, Max: 0.0, Diff: 0.0, Sum: 0.1]
      [GC Worker Total (ms): Min: 0.0, Avg: 7.9, Max: 13.5, Diff: 13.5, Sum: 141.5]
      [GC Worker End (ms): Min: 34917.4, Avg: 34917.5, Max: 34917.6, Diff: 0.2]
   [Code Root Fixup: 0.0 ms]
   [Code Root Purge: 0.0 ms]
   [Clear CT: 0.8 ms]
   [Other: 2.0 ms]
      [Choose CSet: 0.0 ms]
      [Ref Proc: 1.4 ms]
      [Ref Enq: 0.0 ms]
      [Redirty Cards: 0.5 ms]
      [Humongous Register: 0.0 ms]
      [Humongous Reclaim: 0.0 ms]
      [Free CSet: 0.0 ms]
   [Eden: 138.0M(138.0M)->0.0B(135.0M) Survivors: 15360.0K->18432.0K Heap: 189.4M(256.0M)->56095.3K(256.0M)]
 [Times: user=0.16 sys=0.00, real=0.02 secs] 
2026-06-18T14:07:04.273+0800: 35.264: [GC pause (G1 Evacuation Pause) (young), 0.0590523 secs]
   [Parallel Time: 50.4 ms, GC Workers: 18]
      [GC Worker Start (ms): Min: 35264.3, Avg: 35287.2, Max: 35312.8, Diff: 48.5]
      [Ext Root Scanning (ms): Min: 0.0, Avg: 0.0, Max: 0.4, Diff: 0.4, Sum: 0.7]
      [Update RS (ms): Min: 0.0, Avg: 0.0, Max: 0.0, Diff: 0.0, Sum: 0.0]
         [Processed Buffers: Min: 0, Avg: 0.2, Max: 2, Diff: 2, Sum: 3]
      [Scan RS (ms): Min: 0.0, Avg: 0.0, Max: 0.0, Diff: 0.0, Sum: 0.1]
      [Code Root Scanning (ms): Min: 0.0, Avg: 0.0, Max: 0.0, Diff: 0.0, Sum: 0.0]
      [Object Copy (ms): Min: 0.0, Avg: 0.1, Max: 1.1, Diff: 1.1, Sum: 2.2]
      [Termination (ms): Min: 0.0, Avg: 25.6, Max: 47.2, Diff: 47.2, Sum: 460.6]
         [Termination Attempts: Min: 1, Avg: 1.0, Max: 1, Diff: 0, Sum: 18]
      [GC Worker Other (ms): Min: 0.0, Avg: 0.0, Max: 0.0, Diff: 0.0, Sum: 0.1]
      [GC Worker Total (ms): Min: 0.0, Avg: 25.8, Max: 48.8, Diff: 48.8, Sum: 463.8]
      [GC Worker End (ms): Min: 35312.9, Avg: 35313.0, Max: 35313.2, Diff: 0.4]
   [Code Root Fixup: 0.0 ms]
   [Code Root Purge: 0.0 ms]
   [Clear CT: 0.7 ms]
   [Other: 8.0 ms]
      [Choose CSet: 0.0 ms]
      [Ref Proc: 7.3 ms]
      [Ref Enq: 0.0 ms]
      [Redirty Cards: 0.5 ms]
      [Humongous Register: 0.0 ms]
      [Humongous Reclaim: 0.0 ms]
      [Free CSet: 0.0 ms]
   [Eden: 135.0M(135.0M)->0.0B(135.0M) Survivors: 18432.0K->18432.0K Heap: 192.0M(256.0M)->52611.3K(256.0M)]
 [Times: user=0.56 sys=0.01, real=0.06 secs] 
2026-06-18T14:07:04.680+0800: 35.671: [GC pause (G1 Evacuation Pause) (young), 0.0232223 secs]
   [Parallel Time: 14.7 ms, GC Workers: 18]
      [GC Worker Start (ms): Min: 35671.2, Avg: 35679.7, Max: 35684.8, Diff: 13.6]
      [Ext Root Scanning (ms): Min: 0.0, Avg: 0.0, Max: 0.2, Diff: 0.2, Sum: 0.3]
      [Update RS (ms): Min: 0.0, Avg: 0.0, Max: 0.0, Diff: 0.0, Sum: 0.0]
         [Processed Buffers: Min: 0, Avg: 0.2, Max: 1, Diff: 1, Sum: 3]
      [Scan RS (ms): Min: 0.0, Avg: 0.0, Max: 0.0, Diff: 0.0, Sum: 0.1]
      [Code Root Scanning (ms): Min: 0.0, Avg: 0.0, Max: 0.0, Diff: 0.0, Sum: 0.0]
      [Object Copy (ms): Min: 0.0, Avg: 0.1, Max: 0.7, Diff: 0.7, Sum: 2.1]
      [Termination (ms): Min: 0.0, Avg: 5.1, Max: 13.0, Diff: 13.0, Sum: 92.5]
         [Termination Attempts: Min: 1, Avg: 1.0, Max: 1, Diff: 0, Sum: 18]
      [GC Worker Other (ms): Min: 0.0, Avg: 0.0, Max: 0.0, Diff: 0.0, Sum: 0.1]
      [GC Worker Total (ms): Min: 0.0, Avg: 5.3, Max: 13.8, Diff: 13.8, Sum: 95.1]
      [GC Worker End (ms): Min: 35684.8, Avg: 35684.9, Max: 35685.1, Diff: 0.2]
   [Code Root Fixup: 0.0 ms]
   [Code Root Purge: 0.0 ms]
   [Clear CT: 1.4 ms]
   [Other: 7.1 ms]
      [Choose CSet: 0.0 ms]
      [Ref Proc: 5.9 ms]
      [Ref Enq: 0.0 ms]
      [Redirty Cards: 1.1 ms]
      [Humongous Register: 0.0 ms]
      [Humongous Reclaim: 0.0 ms]
      [Free CSet: 0.0 ms]
   [Eden: 135.0M(135.0M)->0.0B(134.0M) Survivors: 18432.0K->19456.0K Heap: 188.6M(256.0M)->56534.3K(256.0M)]
 [Times: user=0.16 sys=0.01, real=0.02 secs] 
2026-06-18T14:07:05.042+0800: 36.032: [GC pause (G1 Evacuation Pause) (young), 0.0541784 secs]
   [Parallel Time: 50.2 ms, GC Workers: 18]
      [GC Worker Start (ms): Min: 36032.6, Avg: 36057.9, Max: 36081.9, Diff: 49.4]
      [Ext Root Scanning (ms): Min: 0.0, Avg: 0.0, Max: 0.2, Diff: 0.2, Sum: 0.2]
      [Update RS (ms): Min: 0.0, Avg: 0.0, Max: 0.0, Diff: 0.0, Sum: 0.0]
         [Processed Buffers: Min: 0, Avg: 0.2, Max: 3, Diff: 3, Sum: 3]
      [Scan RS (ms): Min: 0.0, Avg: 0.0, Max: 0.0, Diff: 0.0, Sum: 0.1]
      [Code Root Scanning (ms): Min: 0.0, Avg: 0.0, Max: 0.0, Diff: 0.0, Sum: 0.0]
      [Object Copy (ms): Min: 0.0, Avg: 0.1, Max: 1.1, Diff: 1.1, Sum: 2.0]
      [Termination (ms): Min: 0.0, Avg: 24.0, Max: 48.2, Diff: 48.2, Sum: 432.4]
         [Termination Attempts: Min: 1, Avg: 1.0, Max: 1, Diff: 0, Sum: 18]
      [GC Worker Other (ms): Min: 0.0, Avg: 0.0, Max: 0.0, Diff: 0.0, Sum: 0.1]
      [GC Worker Total (ms): Min: 0.0, Avg: 24.1, Max: 49.4, Diff: 49.4, Sum: 434.7]
      [GC Worker End (ms): Min: 36081.9, Avg: 36082.1, Max: 36082.3, Diff: 0.3]
   [Code Root Fixup: 0.0 ms]
   [Code Root Purge: 0.0 ms]
   [Clear CT: 1.0 ms]
   [Other: 3.0 ms]
      [Choose CSet: 0.0 ms]
      [Ref Proc: 2.3 ms]
      [Ref Enq: 0.0 ms]
      [Redirty Cards: 0.6 ms]
      [Humongous Register: 0.0 ms]
      [Humongous Reclaim: 0.0 ms]
      [Free CSet: 0.0 ms]
   [Eden: 134.0M(134.0M)->0.0B(133.0M) Survivors: 19456.0K->20480.0K Heap: 191.3M(256.0M)->54064.2K(256.0M)]
 [Times: user=0.48 sys=0.00, real=0.06 secs] 
2026-06-18T14:07:05.425+0800: 36.416: [GC pause (G1 Evacuation Pause) (young), 0.0346200 secs]
   [Parallel Time: 26.9 ms, GC Workers: 18]
      [GC Worker Start (ms): Min: 36416.5, Avg: 36427.3, Max: 36442.9, Diff: 26.4]
      [Ext Root Scanning (ms): Min: 0.0, Avg: 0.0, Max: 0.2, Diff: 0.2, Sum: 0.2]
      [Update RS (ms): Min: 0.0, Avg: 0.0, Max: 0.0, Diff: 0.0, Sum: 0.0]
         [Processed Buffers: Min: 0, Avg: 0.2, Max: 2, Diff: 2, Sum: 3]
      [Scan RS (ms): Min: 0.0, Avg: 0.0, Max: 0.0, Diff: 0.0, Sum: 0.1]
      [Code Root Scanning (ms): Min: 0.0, Avg: 0.0, Max: 0.0, Diff: 0.0, Sum: 0.0]
      [Object Copy (ms): Min: 0.0, Avg: 0.1, Max: 0.8, Diff: 0.8, Sum: 2.4]
      [Termination (ms): Min: 0.0, Avg: 15.6, Max: 25.7, Diff: 25.7, Sum: 280.8]
         [Termination Attempts: Min: 1, Avg: 1.0, Max: 1, Diff: 0, Sum: 18]
      [GC Worker Other (ms): Min: 0.0, Avg: 0.0, Max: 0.0, Diff: 0.0, Sum: 0.1]
      [GC Worker Total (ms): Min: 0.0, Avg: 15.8, Max: 26.6, Diff: 26.6, Sum: 283.6]
      [GC Worker End (ms): Min: 36442.9, Avg: 36443.0, Max: 36443.2, Diff: 0.3]
   [Code Root Fixup: 0.0 ms]
   [Code Root Purge: 0.0 ms]
   [Clear CT: 1.2 ms]
   [Other: 6.5 ms]
      [Choose CSet: 0.0 ms]
      [Ref Proc: 5.7 ms]
      [Ref Enq: 0.0 ms]
      [Redirty Cards: 0.7 ms]
      [Humongous Register: 0.0 ms]
      [Humongous Reclaim: 0.0 ms]
      [Free CSet: 0.0 ms]
   [Eden: 133.0M(133.0M)->0.0B(133.0M) Survivors: 20480.0K->20480.0K Heap: 187.1M(256.0M)->56279.2K(256.0M)]
 [Times: user=0.35 sys=0.01, real=0.04 secs] 
2026-06-18T14:07:05.812+0800: 36.803: [GC pause (G1 Evacuation Pause) (young), 0.0142285 secs]
   [Parallel Time: 9.9 ms, GC Workers: 18]
      [GC Worker Start (ms): Min: 36802.9, Avg: 36806.7, Max: 36811.9, Diff: 9.0]
      [Ext Root Scanning (ms): Min: 0.0, Avg: 0.0, Max: 0.4, Diff: 0.4, Sum: 0.7]
      [Update RS (ms): Min: 0.0, Avg: 0.0, Max: 0.0, Diff: 0.0, Sum: 0.0]
         [Processed Buffers: Min: 0, Avg: 0.2, Max: 1, Diff: 1, Sum: 3]
      [Scan RS (ms): Min: 0.0, Avg: 0.0, Max: 0.1, Diff: 0.0, Sum: 0.3]
      [Code Root Scanning (ms): Min: 0.0, Avg: 0.0, Max: 0.0, Diff: 0.0, Sum: 0.0]
      [Object Copy (ms): Min: 0.0, Avg: 0.3, Max: 1.1, Diff: 1.1, Sum: 5.4]
      [Termination (ms): Min: 0.0, Avg: 4.9, Max: 7.7, Diff: 7.7, Sum: 88.7]
         [Termination Attempts: Min: 1, Avg: 1.0, Max: 1, Diff: 0, Sum: 18]
      [GC Worker Other (ms): Min: 0.0, Avg: 0.0, Max: 0.0, Diff: 0.0, Sum: 0.1]
      [GC Worker Total (ms): Min: 0.0, Avg: 5.3, Max: 9.1, Diff: 9.1, Sum: 95.3]
      [GC Worker End (ms): Min: 36811.9, Avg: 36812.0, Max: 36812.1, Diff: 0.2]
   [Code Root Fixup: 0.0 ms]
   [Code Root Purge: 0.0 ms]
   [Clear CT: 1.7 ms]
   [Other: 2.7 ms]
      [Choose CSet: 0.0 ms]
      [Ref Proc: 2.0 ms]
      [Ref Enq: 0.0 ms]
      [Redirty Cards: 0.6 ms]
      [Humongous Register: 0.0 ms]
      [Humongous Reclaim: 0.0 ms]
      [Free CSet: 0.0 ms]
   [Eden: 133.0M(133.0M)->0.0B(133.0M) Survivors: 20480.0K->20480.0K Heap: 189.9M(256.0M)->61772.3K(256.0M)]
 [Times: user=0.12 sys=0.01, real=0.02 secs] 
2026-06-18T14:07:06.170+0800: 37.161: [GC pause (G1 Evacuation Pause) (young), 0.0206928 secs]
   [Parallel Time: 13.9 ms, GC Workers: 18]
      [GC Worker Start (ms): Min: 37161.1, Avg: 37166.7, Max: 37173.8, Diff: 12.7]
      [Ext Root Scanning (ms): Min: 0.0, Avg: 0.0, Max: 0.3, Diff: 0.3, Sum: 0.5]
      [Update RS (ms): Min: 0.0, Avg: 0.0, Max: 0.0, Diff: 0.0, Sum: 0.0]
         [Processed Buffers: Min: 0, Avg: 0.2, Max: 1, Diff: 1, Sum: 3]
      [Scan RS (ms): Min: 0.0, Avg: 0.0, Max: 0.0, Diff: 0.0, Sum: 0.2]
      [Code Root Scanning (ms): Min: 0.0, Avg: 0.0, Max: 0.0, Diff: 0.0, Sum: 0.0]
      [Object Copy (ms): Min: 0.0, Avg: 0.1, Max: 0.8, Diff: 0.8, Sum: 2.5]
      [Termination (ms): Min: 0.0, Avg: 7.0, Max: 12.0, Diff: 12.0, Sum: 126.4]
         [Termination Attempts: Min: 1, Avg: 1.0, Max: 1, Diff: 0, Sum: 18]
      [GC Worker Other (ms): Min: 0.0, Avg: 0.0, Max: 0.0, Diff: 0.0, Sum: 0.1]
      [GC Worker Total (ms): Min: 0.0, Avg: 7.2, Max: 12.8, Diff: 12.8, Sum: 129.8]
      [GC Worker End (ms): Min: 37173.8, Avg: 37173.9, Max: 37174.0, Diff: 0.2]
   [Code Root Fixup: 0.0 ms]
   [Code Root Purge: 0.0 ms]
   [Clear CT: 1.8 ms]
   [Other: 5.0 ms]
      [Choose CSet: 0.0 ms]
      [Ref Proc: 3.7 ms]
      [Ref Enq: 0.0 ms]
      [Redirty Cards: 1.1 ms]
      [Humongous Register: 0.0 ms]
      [Humongous Reclaim: 0.0 ms]
      [Free CSet: 0.0 ms]
   [Eden: 133.0M(133.0M)->0.0B(138.0M) Survivors: 20480.0K->15360.0K Heap: 195.5M(256.0M)->52675.3K(256.0M)]
 [Times: user=0.16 sys=0.00, real=0.02 secs] 
2026-06-18T14:07:06.542+0800: 37.533: [GC pause (G1 Evacuation Pause) (young), 0.0162197 secs]
   [Parallel Time: 12.5 ms, GC Workers: 18]
      [GC Worker Start (ms): Min: 37533.5, Avg: 37538.6, Max: 37545.2, Diff: 11.7]
      [Ext Root Scanning (ms): Min: 0.0, Avg: 0.0, Max: 0.2, Diff: 0.2, Sum: 0.5]
      [Update RS (ms): Min: 0.0, Avg: 0.0, Max: 0.0, Diff: 0.0, Sum: 0.0]
         [Processed Buffers: Min: 0, Avg: 0.2, Max: 1, Diff: 1, Sum: 3]
      [Scan RS (ms): Min: 0.0, Avg: 0.0, Max: 0.0, Diff: 0.0, Sum: 0.2]
      [Code Root Scanning (ms): Min: 0.0, Avg: 0.0, Max: 0.0, Diff: 0.0, Sum: 0.0]
      [Object Copy (ms): Min: 0.0, Avg: 0.2, Max: 0.6, Diff: 0.6, Sum: 3.2]
      [Termination (ms): Min: 0.0, Avg: 6.5, Max: 11.1, Diff: 11.1, Sum: 116.7]
         [Termination Attempts: Min: 1, Avg: 1.0, Max: 1, Diff: 0, Sum: 18]
      [GC Worker Other (ms): Min: 0.0, Avg: 0.0, Max: 0.0, Diff: 0.0, Sum: 0.1]
      [GC Worker Total (ms): Min: 0.0, Avg: 6.7, Max: 11.8, Diff: 11.8, Sum: 120.8]
      [GC Worker End (ms): Min: 37545.2, Avg: 37545.3, Max: 37545.4, Diff: 0.2]
   [Code Root Fixup: 0.0 ms]
   [Code Root Purge: 0.0 ms]
   [Clear CT: 1.2 ms]
   [Other: 2.5 ms]
      [Choose CSet: 0.0 ms]
      [Ref Proc: 1.9 ms]
      [Ref Enq: 0.0 ms]
      [Redirty Cards: 0.5 ms]
      [Humongous Register: 0.0 ms]
      [Humongous Reclaim: 0.0 ms]
      [Free CSet: 0.0 ms]
   [Eden: 138.0M(138.0M)->0.0B(136.0M) Survivors: 15360.0K->17408.0K Heap: 191.3M(256.0M)->56891.3K(256.0M)]
 [Times: user=0.13 sys=0.01, real=0.02 secs] 
2026-06-18T14:07:06.916+0800: 37.907: [GC pause (G1 Evacuation Pause) (young), 0.0563747 secs]
   [Parallel Time: 50.7 ms, GC Workers: 18]
      [GC Worker Start (ms): Min: 37907.1, Avg: 37927.3, Max: 37955.7, Diff: 48.7]
      [Ext Root Scanning (ms): Min: 0.0, Avg: 0.0, Max: 0.5, Diff: 0.5, Sum: 0.8]
      [Update RS (ms): Min: 0.0, Avg: 0.0, Max: 0.0, Diff: 0.0, Sum: 0.0]
         [Processed Buffers: Min: 0, Avg: 0.2, Max: 2, Diff: 2, Sum: 3]
      [Scan RS (ms): Min: 0.0, Avg: 0.0, Max: 0.1, Diff: 0.1, Sum: 0.2]
      [Code Root Scanning (ms): Min: 0.0, Avg: 0.0, Max: 0.0, Diff: 0.0, Sum: 0.0]
      [Object Copy (ms): Min: 0.0, Avg: 0.2, Max: 1.3, Diff: 1.3, Sum: 4.0]
      [Termination (ms): Min: 0.0, Avg: 28.3, Max: 47.1, Diff: 47.1, Sum: 509.7]
         [Termination Attempts: Min: 1, Avg: 1.0, Max: 1, Diff: 0, Sum: 18]
      [GC Worker Other (ms): Min: 0.0, Avg: 0.0, Max: 0.0, Diff: 0.0, Sum: 0.1]
      [GC Worker Total (ms): Min: 0.0, Avg: 28.6, Max: 48.8, Diff: 48.8, Sum: 514.9]
      [GC Worker End (ms): Min: 37955.7, Avg: 37955.9, Max: 37956.0, Diff: 0.3]
   [Code Root Fixup: 0.0 ms]
   [Code Root Purge: 0.0 ms]
   [Clear CT: 1.5 ms]
   [Other: 4.3 ms]
      [Choose CSet: 0.0 ms]
      [Ref Proc: 2.5 ms]
      [Ref Enq: 0.0 ms]
      [Redirty Cards: 1.6 ms]
      [Humongous Register: 0.0 ms]
      [Humongous Reclaim: 0.0 ms]
      [Free CSet: 0.0 ms]
   [Eden: 136.0M(136.0M)->0.0B(133.0M) Survivors: 17408.0K->20480.0K Heap: 193.7M(256.0M)->62355.3K(256.0M)]
 [Times: user=0.53 sys=0.00, real=0.05 secs] 
2026-06-18T14:07:07.316+0800: 38.307: [GC pause (G1 Evacuation Pause) (young), 0.0661422 secs]
   [Parallel Time: 57.5 ms, GC Workers: 18]
      [GC Worker Start (ms): Min: 38307.2, Avg: 38342.5, Max: 38364.0, Diff: 56.8]
      [Ext Root Scanning (ms): Min: 0.0, Avg: 0.1, Max: 1.0, Diff: 1.0, Sum: 1.2]
      [Update RS (ms): Min: 0.0, Avg: 0.0, Max: 0.0, Diff: 0.0, Sum: 0.0]
         [Processed Buffers: Min: 0, Avg: 0.2, Max: 3, Diff: 3, Sum: 3]
      [Scan RS (ms): Min: 0.0, Avg: 0.0, Max: 0.0, Diff: 0.0, Sum: 0.1]
      [Code Root Scanning (ms): Min: 0.0, Avg: 0.0, Max: 0.0, Diff: 0.0, Sum: 0.0]
      [Object Copy (ms): Min: 0.0, Avg: 0.2, Max: 1.2, Diff: 1.2, Sum: 2.9]
      [Termination (ms): Min: 0.0, Avg: 21.4, Max: 55.4, Diff: 55.4, Sum: 386.0]
         [Termination Attempts: Min: 1, Avg: 1.0, Max: 1, Diff: 0, Sum: 18]
      [GC Worker Other (ms): Min: 0.0, Avg: 0.0, Max: 0.0, Diff: 0.0, Sum: 0.1]
      [GC Worker Total (ms): Min: 0.0, Avg: 21.7, Max: 56.9, Diff: 56.9, Sum: 390.4]
      [GC Worker End (ms): Min: 38364.0, Avg: 38364.2, Max: 38364.4, Diff: 0.4]
   [Code Root Fixup: 0.0 ms]
   [Code Root Purge: 0.0 ms]
   [Clear CT: 1.0 ms]
   [Other: 7.6 ms]
      [Choose CSet: 0.0 ms]
      [Ref Proc: 7.0 ms]
      [Ref Enq: 0.0 ms]
      [Redirty Cards: 0.5 ms]
      [Humongous Register: 0.0 ms]
      [Humongous Reclaim: 0.0 ms]
      [Free CSet: 0.0 ms]
   [Eden: 133.0M(133.0M)->0.0B(133.0M) Survivors: 20480.0K->20480.0K Heap: 196.1M(256.0M)->59886.2K(256.0M)]
 [Times: user=0.45 sys=0.01, real=0.06 secs] 
2026-06-18T14:07:07.728+0800: 38.718: [GC pause (G1 Evacuation Pause) (young), 0.0417217 secs]
   [Parallel Time: 36.8 ms, GC Workers: 18]
      [GC Worker Start (ms): Min: 38718.7, Avg: 38731.8, Max: 38754.1, Diff: 35.4]
      [Ext Root Scanning (ms): Min: 0.0, Avg: 0.0, Max: 0.4, Diff: 0.4, Sum: 0.9]
      [Update RS (ms): Min: 0.0, Avg: 0.0, Max: 0.0, Diff: 0.0, Sum: 0.0]
         [Processed Buffers: Min: 0, Avg: 0.2, Max: 1, Diff: 1, Sum: 3]
      [Scan RS (ms): Min: 0.0, Avg: 0.0, Max: 0.0, Diff: 0.0, Sum: 0.2]
      [Code Root Scanning (ms): Min: 0.0, Avg: 0.0, Max: 0.0, Diff: 0.0, Sum: 0.0]
      [Object Copy (ms): Min: 0.0, Avg: 0.3, Max: 1.1, Diff: 1.1, Sum: 5.0]
      [Termination (ms): Min: 0.0, Avg: 22.1, Max: 34.1, Diff: 34.1, Sum: 397.2]
         [Termination Attempts: Min: 1, Avg: 1.0, Max: 1, Diff: 0, Sum: 18]
      [GC Worker Other (ms): Min: 0.0, Avg: 0.0, Max: 0.0, Diff: 0.0, Sum: 0.1]
      [GC Worker Total (ms): Min: 0.0, Avg: 22.4, Max: 35.5, Diff: 35.5, Sum: 403.4]
      [GC Worker End (ms): Min: 38754.1, Avg: 38754.2, Max: 38754.3, Diff: 0.3]
   [Code Root Fixup: 0.0 ms]
   [Code Root Purge: 0.0 ms]
   [Clear CT: 1.8 ms]
   [Other: 3.1 ms]
      [Choose CSet: 0.0 ms]
      [Ref Proc: 2.5 ms]
      [Ref Enq: 0.0 ms]
      [Redirty Cards: 0.5 ms]
      [Humongous Register: 0.0 ms]
      [Humongous Reclaim: 0.0 ms]
      [Free CSet: 0.0 ms]
   [Eden: 133.0M(133.0M)->0.0B(132.0M) Survivors: 20480.0K->20480.0K Heap: 193.7M(256.0M)->64315.3K(256.0M)]
 [Times: user=0.42 sys=0.01, real=0.04 secs] 
2026-06-18T14:07:08.112+0800: 39.103: [GC pause (G1 Evacuation Pause) (young), 0.0566151 secs]
   [Parallel Time: 50.3 ms, GC Workers: 18]
      [GC Worker Start (ms): Min: 39102.7, Avg: 39125.5, Max: 39152.2, Diff: 49.5]
      [Ext Root Scanning (ms): Min: 0.0, Avg: 0.0, Max: 0.3, Diff: 0.3, Sum: 0.5]
      [Update RS (ms): Min: 0.0, Avg: 0.0, Max: 0.0, Diff: 0.0, Sum: 0.0]
         [Processed Buffers: Min: 0, Avg: 0.2, Max: 2, Diff: 2, Sum: 3]
      [Scan RS (ms): Min: 0.0, Avg: 0.0, Max: 0.0, Diff: 0.0, Sum: 0.1]
      [Code Root Scanning (ms): Min: 0.0, Avg: 0.0, Max: 0.0, Diff: 0.0, Sum: 0.0]
      [Object Copy (ms): Min: 0.0, Avg: 4.0, Max: 26.6, Diff: 26.6, Sum: 72.1]
      [Termination (ms): Min: 0.0, Avg: 22.8, Max: 48.0, Diff: 48.0, Sum: 409.6]
         [Termination Attempts: Min: 1, Avg: 1.0, Max: 1, Diff: 0, Sum: 18]
      [GC Worker Other (ms): Min: 0.0, Avg: 0.0, Max: 0.0, Diff: 0.0, Sum: 0.1]
      [GC Worker Total (ms): Min: 0.0, Avg: 26.8, Max: 49.6, Diff: 49.6, Sum: 482.3]
      [GC Worker End (ms): Min: 39152.2, Avg: 39152.3, Max: 39152.5, Diff: 0.3]
   [Code Root Fixup: 0.0 ms]
   [Code Root Purge: 0.0 ms]
   [Clear CT: 0.8 ms]
   [Other: 5.5 ms]
      [Choose CSet: 0.0 ms]
      [Ref Proc: 4.9 ms]
      [Ref Enq: 0.0 ms]
      [Redirty Cards: 0.5 ms]
      [Humongous Register: 0.0 ms]
      [Humongous Reclaim: 0.0 ms]
      [Free CSet: 0.0 ms]
   [Eden: 132.0M(132.0M)->0.0B(132.0M) Survivors: 20480.0K->19456.0K Heap: 197.0M(256.0M)->64087.2K(256.0M)]
 [Times: user=0.52 sys=0.01, real=0.06 secs] 
2026-06-18T14:07:08.511+0800: 39.502: [GC pause (G1 Evacuation Pause) (young), 0.0236728 secs]
   [Parallel Time: 13.0 ms, GC Workers: 18]
      [GC Worker Start (ms): Min: 39501.9, Avg: 39507.2, Max: 39513.8, Diff: 11.8]
      [Ext Root Scanning (ms): Min: 0.0, Avg: 0.1, Max: 0.5, Diff: 0.5, Sum: 0.9]
      [Update RS (ms): Min: 0.0, Avg: 0.0, Max: 0.0, Diff: 0.0, Sum: 0.0]
         [Processed Buffers: Min: 0, Avg: 0.2, Max: 1, Diff: 1, Sum: 3]
      [Scan RS (ms): Min: 0.0, Avg: 0.0, Max: 0.1, Diff: 0.0, Sum: 0.3]
      [Code Root Scanning (ms): Min: 0.0, Avg: 0.0, Max: 0.0, Diff: 0.0, Sum: 0.0]
      [Object Copy (ms): Min: 0.0, Avg: 0.2, Max: 0.6, Diff: 0.6, Sum: 3.1]
      [Termination (ms): Min: 0.0, Avg: 6.4, Max: 10.9, Diff: 10.9, Sum: 115.8]
         [Termination Attempts: Min: 1, Avg: 1.0, Max: 1, Diff: 0, Sum: 18]
      [GC Worker Other (ms): Min: 0.0, Avg: 0.0, Max: 0.0, Diff: 0.0, Sum: 0.1]
      [GC Worker Total (ms): Min: 0.0, Avg: 6.7, Max: 11.9, Diff: 11.9, Sum: 120.3]
      [GC Worker End (ms): Min: 39513.8, Avg: 39513.9, Max: 39513.9, Diff: 0.2]
   [Code Root Fixup: 0.0 ms]
   [Code Root Purge: 0.0 ms]
   [Clear CT: 2.4 ms]
   [Other: 8.3 ms]
      [Choose CSet: 0.0 ms]
      [Ref Proc: 7.5 ms]
      [Ref Enq: 0.0 ms]
      [Redirty Cards: 0.6 ms]
      [Humongous Register: 0.0 ms]
      [Humongous Reclaim: 0.0 ms]
      [Free CSet: 0.0 ms]
   [Eden: 132.0M(132.0M)->0.0B(134.0M) Survivors: 19456.0K->15360.0K Heap: 197.3M(256.0M)->62744.3K(256.0M)]
 [Times: user=0.20 sys=0.01, real=0.03 secs] 
2026-06-18T14:07:08.873+0800: 39.864: [GC pause (G1 Evacuation Pause) (young), 0.0178040 secs]
   [Parallel Time: 10.3 ms, GC Workers: 18]
      [GC Worker Start (ms): Min: 39864.4, Avg: 39868.6, Max: 39874.4, Diff: 10.1]
      [Ext Root Scanning (ms): Min: 0.0, Avg: 0.0, Max: 0.2, Diff: 0.2, Sum: 0.4]
      [Update RS (ms): Min: 0.0, Avg: 0.0, Max: 0.0, Diff: 0.0, Sum: 0.0]
         [Processed Buffers: Min: 0, Avg: 0.2, Max: 1, Diff: 1, Sum: 3]
      [Scan RS (ms): Min: 0.0, Avg: 0.0, Max: 0.0, Diff: 0.0, Sum: 0.2]
      [Code Root Scanning (ms): Min: 0.0, Avg: 0.0, Max: 0.0, Diff: 0.0, Sum: 0.0]
      [Object Copy (ms): Min: 0.0, Avg: 0.1, Max: 0.5, Diff: 0.5, Sum: 2.3]
      [Termination (ms): Min: 0.0, Avg: 5.7, Max: 9.4, Diff: 9.4, Sum: 102.7]
         [Termination Attempts: Min: 1, Avg: 1.0, Max: 1, Diff: 0, Sum: 18]
      [GC Worker Other (ms): Min: 0.0, Avg: 0.0, Max: 0.0, Diff: 0.0, Sum: 0.1]
      [GC Worker Total (ms): Min: 0.0, Avg: 5.9, Max: 10.1, Diff: 10.1, Sum: 105.7]
      [GC Worker End (ms): Min: 39874.5, Avg: 39874.5, Max: 39874.6, Diff: 0.1]
   [Code Root Fixup: 0.0 ms]
   [Code Root Purge: 0.0 ms]
   [Clear CT: 1.2 ms]
   [Other: 6.4 ms]
      [Choose CSet: 0.0 ms]
      [Ref Proc: 5.7 ms]
      [Ref Enq: 0.0 ms]
      [Redirty Cards: 0.5 ms]
      [Humongous Register: 0.0 ms]
      [Humongous Reclaim: 0.0 ms]
      [Free CSet: 0.0 ms]
   [Eden: 134.0M(134.0M)->0.0B(133.0M) Survivors: 15360.0K->16384.0K Heap: 196.2M(256.0M)->64474.3K(256.0M)]
 [Times: user=0.17 sys=0.00, real=0.02 secs] 
2026-06-18T14:07:09.232+0800: 40.223: [GC pause (G1 Evacuation Pause) (young), 0.0205199 secs]
   [Parallel Time: 13.6 ms, GC Workers: 18]
      [GC Worker Start (ms): Min: 40223.6, Avg: 40230.5, Max: 40236.2, Diff: 12.6]
      [Ext Root Scanning (ms): Min: 0.0, Avg: 0.0, Max: 0.2, Diff: 0.2, Sum: 0.4]
      [Update RS (ms): Min: 0.0, Avg: 0.0, Max: 0.0, Diff: 0.0, Sum: 0.0]
         [Processed Buffers: Min: 0, Avg: 0.2, Max: 1, Diff: 1, Sum: 3]
      [Scan RS (ms): Min: 0.0, Avg: 0.0, Max: 0.0, Diff: 0.0, Sum: 0.1]
      [Code Root Scanning (ms): Min: 0.0, Avg: 0.0, Max: 0.0, Diff: 0.0, Sum: 0.0]
      [Object Copy (ms): Min: 0.0, Avg: 0.1, Max: 0.6, Diff: 0.6, Sum: 2.7]
      [Termination (ms): Min: 0.0, Avg: 5.6, Max: 12.1, Diff: 12.1, Sum: 101.1]
         [Termination Attempts: Min: 1, Avg: 1.0, Max: 1, Diff: 0, Sum: 18]
      [GC Worker Other (ms): Min: 0.0, Avg: 0.0, Max: 0.0, Diff: 0.0, Sum: 0.1]
      [GC Worker Total (ms): Min: 0.0, Avg: 5.8, Max: 12.8, Diff: 12.8, Sum: 104.4]
      [GC Worker End (ms): Min: 40236.2, Avg: 40236.3, Max: 40236.5, Diff: 0.2]
   [Code Root Fixup: 0.0 ms]
   [Code Root Purge: 0.0 ms]
   [Clear CT: 1.5 ms]
   [Other: 5.4 ms]
      [Choose CSet: 0.0 ms]
      [Ref Proc: 4.0 ms]
      [Ref Enq: 0.0 ms]
      [Redirty Cards: 1.3 ms]
      [Humongous Register: 0.0 ms]
      [Humongous Reclaim: 0.0 ms]
      [Free CSet: 0.0 ms]
   [Eden: 133.0M(133.0M)->0.0B(134.0M) Survivors: 16384.0K->19456.0K Heap: 197.9M(256.0M)->63891.3K(256.0M)]
 [Times: user=0.14 sys=0.01, real=0.02 secs] 
2026-06-18T14:07:09.595+0800: 40.586: [GC pause (G1 Evacuation Pause) (young), 0.0165695 secs]
   [Parallel Time: 11.6 ms, GC Workers: 18]
      [GC Worker Start (ms): Min: 40586.3, Avg: 40591.2, Max: 40597.0, Diff: 10.7]
      [Ext Root Scanning (ms): Min: 0.0, Avg: 0.1, Max: 0.5, Diff: 0.5, Sum: 1.4]
      [Update RS (ms): Min: 0.0, Avg: 0.0, Max: 0.0, Diff: 0.0, Sum: 0.1]
         [Processed Buffers: Min: 0, Avg: 0.2, Max: 1, Diff: 1, Sum: 3]
      [Scan RS (ms): Min: 0.0, Avg: 0.0, Max: 0.1, Diff: 0.1, Sum: 0.3]
      [Code Root Scanning (ms): Min: 0.0, Avg: 0.0, Max: 0.0, Diff: 0.0, Sum: 0.0]
      [Object Copy (ms): Min: 0.0, Avg: 0.3, Max: 2.3, Diff: 2.3, Sum: 6.0]
      [Termination (ms): Min: 0.0, Avg: 5.4, Max: 9.5, Diff: 9.5, Sum: 96.4]
         [Termination Attempts: Min: 1, Avg: 1.0, Max: 1, Diff: 0, Sum: 18]
      [GC Worker Other (ms): Min: 0.0, Avg: 0.0, Max: 0.0, Diff: 0.0, Sum: 0.1]
      [GC Worker Total (ms): Min: 0.0, Avg: 5.8, Max: 10.8, Diff: 10.8, Sum: 104.3]
      [GC Worker End (ms): Min: 40597.0, Avg: 40597.0, Max: 40597.1, Diff: 0.2]
   [Code Root Fixup: 0.0 ms]
   [Code Root Purge: 0.0 ms]
   [Clear CT: 1.0 ms]
   [Other: 3.9 ms]
      [Choose CSet: 0.0 ms]
      [Ref Proc: 3.1 ms]
      [Ref Enq: 0.0 ms]
      [Redirty Cards: 0.7 ms]
      [Humongous Register: 0.0 ms]
      [Humongous Reclaim: 0.0 ms]
      [Free CSet: 0.0 ms]
   [Eden: 134.0M(134.0M)->0.0B(131.0M) Survivors: 19456.0K->20480.0K Heap: 198.2M(256.0M)->66966.6K(256.0M)]
 [Times: user=0.13 sys=0.01, real=0.02 secs] 
2026-06-18T14:07:09.950+0800: 40.941: [GC pause (G1 Evacuation Pause) (young), 0.0343565 secs]
   [Parallel Time: 28.4 ms, GC Workers: 18]
      [GC Worker Start (ms): Min: 40941.3, Avg: 40951.1, Max: 40968.3, Diff: 27.0]
      [Ext Root Scanning (ms): Min: 0.0, Avg: 0.0, Max: 0.2, Diff: 0.2, Sum: 0.3]
      [Update RS (ms): Min: 0.0, Avg: 0.0, Max: 0.0, Diff: 0.0, Sum: 0.0]
         [Processed Buffers: Min: 0, Avg: 0.2, Max: 1, Diff: 1, Sum: 3]
      [Scan RS (ms): Min: 0.0, Avg: 0.0, Max: 0.0, Diff: 0.0, Sum: 0.1]
      [Code Root Scanning (ms): Min: 0.0, Avg: 0.0, Max: 0.0, Diff: 0.0, Sum: 0.0]
      [Object Copy (ms): Min: 0.0, Avg: 0.1, Max: 0.6, Diff: 0.6, Sum: 2.7]
      [Termination (ms): Min: 0.0, Avg: 17.1, Max: 26.3, Diff: 26.3, Sum: 307.4]
         [Termination Attempts: Min: 1, Avg: 1.0, Max: 1, Diff: 0, Sum: 18]
      [GC Worker Other (ms): Min: 0.0, Avg: 0.0, Max: 0.0, Diff: 0.0, Sum: 0.1]
      [GC Worker Total (ms): Min: 0.0, Avg: 17.3, Max: 27.1, Diff: 27.1, Sum: 310.7]
      [GC Worker End (ms): Min: 40968.3, Avg: 40968.4, Max: 40968.5, Diff: 0.2]
   [Code Root Fixup: 0.0 ms]
   [Code Root Purge: 0.0 ms]
   [Clear CT: 1.5 ms]
   [Other: 4.5 ms]
      [Choose CSet: 0.0 ms]
      [Ref Proc: 3.6 ms]
      [Ref Enq: 0.0 ms]
      [Redirty Cards: 0.7 ms]
      [Humongous Register: 0.0 ms]
      [Humongous Reclaim: 0.0 ms]
      [Free CSet: 0.0 ms]
   [Eden: 131.0M(131.0M)->0.0B(130.0M) Survivors: 20480.0K->19456.0K Heap: 198.2M(256.0M)->67152.3K(256.0M)]
 [Times: user=0.36 sys=0.00, real=0.03 secs] 
2026-06-18T14:07:10.314+0800: 41.305: [GC pause (G1 Evacuation Pause) (young), 0.0145807 secs]
   [Parallel Time: 8.7 ms, GC Workers: 18]
      [GC Worker Start (ms): Min: 41305.1, Avg: 41308.4, Max: 41313.1, Diff: 8.0]
      [Ext Root Scanning (ms): Min: 0.0, Avg: 0.0, Max: 0.2, Diff: 0.2, Sum: 0.4]
      [Update RS (ms): Min: 0.0, Avg: 0.0, Max: 0.0, Diff: 0.0, Sum: 0.0]
         [Processed Buffers: Min: 0, Avg: 0.2, Max: 1, Diff: 1, Sum: 3]
      [Scan RS (ms): Min: 0.0, Avg: 0.0, Max: 0.0, Diff: 0.0, Sum: 0.1]
      [Code Root Scanning (ms): Min: 0.0, Avg: 0.0, Max: 0.0, Diff: 0.0, Sum: 0.0]
      [Object Copy (ms): Min: 0.0, Avg: 0.3, Max: 1.0, Diff: 1.0, Sum: 5.5]
      [Termination (ms): Min: 0.0, Avg: 4.4, Max: 7.1, Diff: 7.1, Sum: 80.1]
         [Termination Attempts: Min: 1, Avg: 1.0, Max: 1, Diff: 0, Sum: 18]
      [GC Worker Other (ms): Min: 0.0, Avg: 0.0, Max: 0.0, Diff: 0.0, Sum: 0.1]
      [GC Worker Total (ms): Min: 0.0, Avg: 4.8, Max: 8.0, Diff: 8.0, Sum: 86.2]
      [GC Worker End (ms): Min: 41313.1, Avg: 41313.2, Max: 41313.3, Diff: 0.2]
   [Code Root Fixup: 0.0 ms]
   [Code Root Purge: 0.0 ms]
   [Clear CT: 1.1 ms]
   [Other: 4.8 ms]
      [Choose CSet: 0.0 ms]
      [Ref Proc: 3.4 ms]
      [Ref Enq: 0.0 ms]
      [Redirty Cards: 1.3 ms]
      [Humongous Register: 0.0 ms]
      [Humongous Reclaim: 0.0 ms]
      [Free CSet: 0.0 ms]
   [Eden: 130.0M(130.0M)->0.0B(130.0M) Survivors: 19456.0K->19456.0K Heap: 197.6M(256.0M)->67814.2K(256.0M)]
 [Times: user=0.10 sys=0.02, real=0.02 secs] 
2026-06-18T14:07:10.669+0800: 41.660: [GC pause (G1 Evacuation Pause) (young), 0.0196055 secs]
   [Parallel Time: 10.4 ms, GC Workers: 18]
      [GC Worker Start (ms): Min: 41659.8, Avg: 41662.7, Max: 41669.0, Diff: 9.2]
      [Ext Root Scanning (ms): Min: 0.0, Avg: 0.0, Max: 0.3, Diff: 0.3, Sum: 0.6]
      [Update RS (ms): Min: 0.0, Avg: 0.0, Max: 0.0, Diff: 0.0, Sum: 0.0]
         [Processed Buffers: Min: 0, Avg: 0.2, Max: 1, Diff: 1, Sum: 3]
      [Scan RS (ms): Min: 0.0, Avg: 0.0, Max: 0.0, Diff: 0.0, Sum: 0.2]
      [Code Root Scanning (ms): Min: 0.0, Avg: 0.0, Max: 0.0, Diff: 0.0, Sum: 0.0]
      [Object Copy (ms): Min: 0.0, Avg: 0.2, Max: 0.7, Diff: 0.7, Sum: 3.6]
      [Termination (ms): Min: 0.0, Avg: 6.2, Max: 8.4, Diff: 8.4, Sum: 111.4]
         [Termination Attempts: Min: 1, Avg: 1.0, Max: 1, Diff: 0, Sum: 18]
      [GC Worker Other (ms): Min: 0.0, Avg: 0.0, Max: 0.0, Diff: 0.0, Sum: 0.1]
      [GC Worker Total (ms): Min: 0.0, Avg: 6.4, Max: 9.2, Diff: 9.2, Sum: 115.9]
      [GC Worker End (ms): Min: 41669.0, Avg: 41669.1, Max: 41669.2, Diff: 0.2]
   [Code Root Fixup: 0.0 ms]
   [Code Root Purge: 0.0 ms]
   [Clear CT: 0.7 ms]
   [Other: 8.5 ms]
      [Choose CSet: 0.0 ms]
      [Ref Proc: 7.9 ms]
      [Ref Enq: 0.0 ms]
      [Redirty Cards: 0.5 ms]
      [Humongous Register: 0.0 ms]
      [Humongous Reclaim: 0.0 ms]
      [Free CSet: 0.0 ms]
   [Eden: 130.0M(130.0M)->0.0B(125.0M) Survivors: 19456.0K->19456.0K Heap: 198.6M(256.0M)->71313.3K(256.0M)]
 [Times: user=0.19 sys=0.01, real=0.02 secs] 
2026-06-18T14:07:11.006+0800: 41.997: [GC pause (G1 Evacuation Pause) (young), 0.0220866 secs]
   [Parallel Time: 14.3 ms, GC Workers: 18]
      [GC Worker Start (ms): Min: 41997.3, Avg: 42003.2, Max: 42010.7, Diff: 13.4]
      [Ext Root Scanning (ms): Min: 0.0, Avg: 0.0, Max: 0.4, Diff: 0.4, Sum: 0.8]
      [Update RS (ms): Min: 0.0, Avg: 0.0, Max: 0.0, Diff: 0.0, Sum: 0.0]
         [Processed Buffers: Min: 0, Avg: 0.2, Max: 1, Diff: 1, Sum: 3]
      [Scan RS (ms): Min: 0.0, Avg: 0.0, Max: 0.0, Diff: 0.0, Sum: 0.2]
      [Code Root Scanning (ms): Min: 0.0, Avg: 0.0, Max: 0.0, Diff: 0.0, Sum: 0.0]
      [Object Copy (ms): Min: 0.0, Avg: 0.6, Max: 7.3, Diff: 7.3, Sum: 11.6]
      [Termination (ms): Min: 0.0, Avg: 6.8, Max: 12.3, Diff: 12.3, Sum: 122.6]
         [Termination Attempts: Min: 1, Avg: 1.0, Max: 1, Diff: 0, Sum: 18]
      [GC Worker Other (ms): Min: 0.0, Avg: 0.0, Max: 0.0, Diff: 0.0, Sum: 0.1]
      [GC Worker Total (ms): Min: 0.0, Avg: 7.5, Max: 13.4, Diff: 13.4, Sum: 135.4]
      [GC Worker End (ms): Min: 42010.7, Avg: 42010.7, Max: 42010.9, Diff: 0.2]
   [Code Root Fixup: 0.0 ms]
   [Code Root Purge: 0.0 ms]
   [Clear CT: 1.5 ms]
   [Other: 6.3 ms]
      [Choose CSet: 0.0 ms]
      [Ref Proc: 5.6 ms]
      [Ref Enq: 0.0 ms]
      [Redirty Cards: 0.5 ms]
      [Humongous Register: 0.0 ms]
      [Humongous Reclaim: 0.0 ms]
      [Free CSet: 0.0 ms]
   [Eden: 125.0M(125.0M)->0.0B(126.0M) Survivors: 19456.0K->18432.0K Heap: 197.3M(256.0M)->72072.2K(256.0M)]
 [Times: user=0.21 sys=0.00, real=0.03 secs] 
2026-06-18T14:07:11.346+0800: 42.337: [GC pause (G1 Evacuation Pause) (young), 0.0165677 secs]
   [Parallel Time: 11.7 ms, GC Workers: 18]
      [GC Worker Start (ms): Min: 42337.3, Avg: 42340.7, Max: 42347.8, Diff: 10.5]
      [Ext Root Scanning (ms): Min: 0.0, Avg: 0.1, Max: 0.6, Diff: 0.6, Sum: 1.6]
      [Update RS (ms): Min: 0.0, Avg: 0.0, Max: 0.0, Diff: 0.0, Sum: 0.1]
         [Processed Buffers: Min: 0, Avg: 0.2, Max: 1, Diff: 1, Sum: 3]
      [Scan RS (ms): Min: 0.0, Avg: 0.0, Max: 0.1, Diff: 0.1, Sum: 0.3]
      [Code Root Scanning (ms): Min: 0.0, Avg: 0.0, Max: 0.0, Diff: 0.0, Sum: 0.0]
      [Object Copy (ms): Min: 0.0, Avg: 0.9, Max: 7.3, Diff: 7.3, Sum: 15.4]
      [Termination (ms): Min: 0.0, Avg: 6.2, Max: 9.0, Diff: 9.0, Sum: 112.0]
         [Termination Attempts: Min: 1, Avg: 1.0, Max: 1, Diff: 0, Sum: 18]
      [GC Worker Other (ms): Min: 0.0, Avg: 0.0, Max: 0.0, Diff: 0.0, Sum: 0.2]
      [GC Worker Total (ms): Min: 0.0, Avg: 7.2, Max: 10.6, Diff: 10.6, Sum: 129.5]
      [GC Worker End (ms): Min: 42347.8, Avg: 42347.9, Max: 42348.1, Diff: 0.2]
   [Code Root Fixup: 0.0 ms]
   [Code Root Purge: 0.0 ms]
   [Clear CT: 0.9 ms]
   [Other: 4.0 ms]
      [Choose CSet: 0.0 ms]
      [Ref Proc: 2.9 ms]
      [Ref Enq: 0.0 ms]
      [Redirty Cards: 1.0 ms]
      [Humongous Register: 0.0 ms]
      [Humongous Reclaim: 0.0 ms]
      [Free CSet: 0.0 ms]
   [Eden: 126.0M(126.0M)->0.0B(118.0M) Survivors: 18432.0K->18432.0K Heap: 197.9M(256.0M)->78752.2K(256.0M)]
 [Times: user=0.15 sys=0.00, real=0.02 secs] 
2026-06-18T14:07:11.671+0800: 42.661: [GC pause (G1 Evacuation Pause) (young), 0.0456732 secs]
   [Parallel Time: 41.1 ms, GC Workers: 18]
      [GC Worker Start (ms): Min: 42661.7, Avg: 42675.9, Max: 42701.3, Diff: 39.7]
      [Ext Root Scanning (ms): Min: 0.0, Avg: 0.0, Max: 0.4, Diff: 0.4, Sum: 0.8]
      [Update RS (ms): Min: 0.0, Avg: 0.0, Max: 0.0, Diff: 0.0, Sum: 0.0]
         [Processed Buffers: Min: 0, Avg: 0.2, Max: 2, Diff: 2, Sum: 3]
      [Scan RS (ms): Min: 0.0, Avg: 0.0, Max: 0.1, Diff: 0.1, Sum: 0.3]
      [Code Root Scanning (ms): Min: 0.0, Avg: 0.0, Max: 0.0, Diff: 0.0, Sum: 0.0]
      [Object Copy (ms): Min: 0.0, Avg: 0.8, Max: 10.8, Diff: 10.8, Sum: 13.9]
      [Termination (ms): Min: 0.0, Avg: 24.7, Max: 38.4, Diff: 38.4, Sum: 445.3]
         [Termination Attempts: Min: 1, Avg: 1.0, Max: 1, Diff: 0, Sum: 18]
      [GC Worker Other (ms): Min: 0.0, Avg: 0.0, Max: 0.0, Diff: 0.0, Sum: 0.1]
      [GC Worker Total (ms): Min: 0.0, Avg: 25.6, Max: 39.8, Diff: 39.8, Sum: 460.4]
      [GC Worker End (ms): Min: 42701.3, Avg: 42701.5, Max: 42701.6, Diff: 0.3]
   [Code Root Fixup: 0.0 ms]
   [Code Root Purge: 0.0 ms]
   [Clear CT: 0.7 ms]
   [Other: 3.9 ms]
      [Choose CSet: 0.0 ms]
      [Ref Proc: 3.3 ms]
      [Ref Enq: 0.0 ms]
      [Redirty Cards: 0.5 ms]
      [Humongous Register: 0.0 ms]
      [Humongous Reclaim: 0.0 ms]
      [Free CSet: 0.0 ms]
   [Eden: 118.0M(118.0M)->0.0B(113.0M) Survivors: 18432.0K->17408.0K Heap: 197.1M(256.0M)->82790.3K(256.0M)]
 [Times: user=0.50 sys=0.01, real=0.05 secs] 
2026-06-18T14:07:12.013+0800: 43.004: [GC pause (G1 Evacuation Pause) (young), 0.0688801 secs]
   [Parallel Time: 62.6 ms, GC Workers: 18]
      [GC Worker Start (ms): Min: 43004.2, Avg: 43032.8, Max: 43066.2, Diff: 62.0]
      [Ext Root Scanning (ms): Min: 0.0, Avg: 0.0, Max: 0.1, Diff: 0.1, Sum: 0.2]
      [Update RS (ms): Min: 0.0, Avg: 0.0, Max: 0.0, Diff: 0.0, Sum: 0.0]
         [Processed Buffers: Min: 0, Avg: 0.2, Max: 2, Diff: 2, Sum: 3]
      [Scan RS (ms): Min: 0.0, Avg: 0.0, Max: 0.0, Diff: 0.0, Sum: 0.1]
      [Code Root Scanning (ms): Min: 0.0, Avg: 0.0, Max: 0.0, Diff: 0.0, Sum: 0.0]
      [Object Copy (ms): Min: 0.0, Avg: 0.1, Max: 0.8, Diff: 0.8, Sum: 2.7]
      [Termination (ms): Min: 0.0, Avg: 33.3, Max: 61.4, Diff: 61.4, Sum: 600.0]
         [Termination Attempts: Min: 1, Avg: 1.0, Max: 1, Diff: 0, Sum: 18]
      [GC Worker Other (ms): Min: 0.0, Avg: 0.0, Max: 0.0, Diff: 0.0, Sum: 0.1]
      [GC Worker Total (ms): Min: 0.0, Avg: 33.5, Max: 62.1, Diff: 62.1, Sum: 603.1]
      [GC Worker End (ms): Min: 43066.2, Avg: 43066.3, Max: 43066.5, Diff: 0.3]
   [Code Root Fixup: 0.0 ms]
   [Code Root Purge: 0.0 ms]
   [Clear CT: 1.5 ms]
   [Other: 4.8 ms]
      [Choose CSet: 0.0 ms]
      [Ref Proc: 4.2 ms]
      [Ref Enq: 0.0 ms]
      [Redirty Cards: 0.5 ms]
      [Humongous Register: 0.0 ms]
      [Humongous Reclaim: 0.0 ms]
      [Free CSet: 0.0 ms]
   [Eden: 113.0M(113.0M)->0.0B(118.0M) Survivors: 17408.0K->17408.0K Heap: 195.5M(256.0M)->81255.2K(256.0M)]
 [Times: user=0.66 sys=0.01, real=0.07 secs] 
2026-06-18T14:07:12.381+0800: 43.372: [GC pause (G1 Evacuation Pause) (young), 0.0435251 secs]
   [Parallel Time: 34.6 ms, GC Workers: 18]
      [GC Worker Start (ms): Min: 43372.0, Avg: 43389.1, Max: 43405.6, Diff: 33.6]
      [Ext Root Scanning (ms): Min: 0.0, Avg: 0.0, Max: 0.4, Diff: 0.4, Sum: 0.9]
      [Update RS (ms): Min: 0.0, Avg: 0.0, Max: 0.0, Diff: 0.0, Sum: 0.0]
         [Processed Buffers: Min: 0, Avg: 0.2, Max: 3, Diff: 3, Sum: 3]
      [Scan RS (ms): Min: 0.0, Avg: 0.0, Max: 0.1, Diff: 0.0, Sum: 0.2]
      [Code Root Scanning (ms): Min: 0.0, Avg: 0.0, Max: 0.0, Diff: 0.0, Sum: 0.0]
      [Object Copy (ms): Min: 0.0, Avg: 0.2, Max: 2.1, Diff: 2.1, Sum: 4.0]
      [Termination (ms): Min: 0.0, Avg: 16.3, Max: 31.2, Diff: 31.2, Sum: 292.5]
         [Termination Attempts: Min: 1, Avg: 1.0, Max: 1, Diff: 0, Sum: 18]
      [GC Worker Other (ms): Min: 0.0, Avg: 0.0, Max: 0.0, Diff: 0.0, Sum: 0.1]
      [GC Worker Total (ms): Min: 0.0, Avg: 16.5, Max: 33.7, Diff: 33.7, Sum: 297.7]
      [GC Worker End (ms): Min: 43405.6, Avg: 43405.7, Max: 43405.8, Diff: 0.2]
   [Code Root Fixup: 0.0 ms]
   [Code Root Purge: 0.0 ms]
   [Clear CT: 0.8 ms]
   [Other: 8.1 ms]
      [Choose CSet: 0.0 ms]
      [Ref Proc: 7.4 ms]
      [Ref Enq: 0.0 ms]
      [Redirty Cards: 0.5 ms]
      [Humongous Register: 0.0 ms]
      [Humongous Reclaim: 0.0 ms]
      [Free CSet: 0.0 ms]
   [Eden: 118.0M(118.0M)->0.0B(116.0M) Survivors: 17408.0K->17408.0K Heap: 198.7M(256.0M)->82235.3K(256.0M)]
 [Times: user=0.38 sys=0.01, real=0.04 secs] 
2026-06-18T14:07:12.725+0800: 43.716: [GC pause (G1 Evacuation Pause) (young), 0.0572783 secs]
   [Parallel Time: 52.5 ms, GC Workers: 18]
      [GC Worker Start (ms): Min: 43716.5, Avg: 43741.2, Max: 43767.3, Diff: 50.7]
      [Ext Root Scanning (ms): Min: 0.0, Avg: 0.1, Max: 0.4, Diff: 0.4, Sum: 0.9]
      [Update RS (ms): Min: 0.0, Avg: 0.0, Max: 0.0, Diff: 0.0, Sum: 0.0]
         [Processed Buffers: Min: 0, Avg: 0.2, Max: 1, Diff: 1, Sum: 3]
      [Scan RS (ms): Min: 0.0, Avg: 0.0, Max: 0.0, Diff: 0.0, Sum: 0.2]
      [Code Root Scanning (ms): Min: 0.0, Avg: 0.0, Max: 0.0, Diff: 0.0, Sum: 0.0]
      [Object Copy (ms): Min: 0.0, Avg: 0.1, Max: 0.9, Diff: 0.9, Sum: 2.6]
      [Termination (ms): Min: 0.0, Avg: 26.0, Max: 49.6, Diff: 49.6, Sum: 468.0]
         [Termination Attempts: Min: 1, Avg: 1.0, Max: 1, Diff: 0, Sum: 18]
      [GC Worker Other (ms): Min: 0.0, Avg: 0.0, Max: 0.0, Diff: 0.0, Sum: 0.1]
      [GC Worker Total (ms): Min: 0.0, Avg: 26.2, Max: 50.9, Diff: 50.9, Sum: 471.8]
      [GC Worker End (ms): Min: 43767.3, Avg: 43767.4, Max: 43767.6, Diff: 0.3]
   [Code Root Fixup: 0.0 ms]
   [Code Root Purge: 0.0 ms]
   [Clear CT: 0.5 ms]
   [Other: 4.2 ms]
      [Choose CSet: 0.0 ms]
      [Ref Proc: 3.7 ms]
      [Ref Enq: 0.0 ms]
      [Redirty Cards: 0.4 ms]
      [Humongous Register: 0.0 ms]
      [Humongous Reclaim: 0.0 ms]
      [Free CSet: 0.0 ms]
   [Eden: 116.0M(116.0M)->0.0B(113.0M) Survivors: 17408.0K->17408.0K Heap: 198.1M(256.0M)->85774.3K(256.0M)]
 [Times: user=0.53 sys=0.00, real=0.06 secs] 
2026-06-18T14:07:13.065+0800: 44.056: [GC pause (G1 Evacuation Pause) (young), 0.0175127 secs]
   [Parallel Time: 12.5 ms, GC Workers: 18]
      [GC Worker Start (ms): Min: 44056.0, Avg: 44061.2, Max: 44067.5, Diff: 11.5]
      [Ext Root Scanning (ms): Min: 0.0, Avg: 0.0, Max: 0.2, Diff: 0.1, Sum: 0.2]
      [Update RS (ms): Min: 0.0, Avg: 0.0, Max: 0.0, Diff: 0.0, Sum: 0.0]
         [Processed Buffers: Min: 0, Avg: 0.2, Max: 2, Diff: 2, Sum: 3]
      [Scan RS (ms): Min: 0.0, Avg: 0.0, Max: 0.0, Diff: 0.0, Sum: 0.1]
      [Code Root Scanning (ms): Min: 0.0, Avg: 0.0, Max: 0.0, Diff: 0.0, Sum: 0.0]
      [Object Copy (ms): Min: 0.0, Avg: 0.1, Max: 0.5, Diff: 0.5, Sum: 2.3]
      [Termination (ms): Min: 0.0, Avg: 6.2, Max: 11.0, Diff: 11.0, Sum: 111.3]
         [Termination Attempts: Min: 1, Avg: 1.0, Max: 1, Diff: 0, Sum: 18]
      [GC Worker Other (ms): Min: 0.0, Avg: 0.0, Max: 0.0, Diff: 0.0, Sum: 0.1]
      [GC Worker Total (ms): Min: 0.0, Avg: 6.3, Max: 11.6, Diff: 11.6, Sum: 114.0]
      [GC Worker End (ms): Min: 44067.5, Avg: 44067.5, Max: 44067.6, Diff: 0.2]
   [Code Root Fixup: 0.0 ms]
   [Code Root Purge: 0.0 ms]
   [Clear CT: 1.7 ms]
   [Other: 3.3 ms]
      [Choose CSet: 0.0 ms]
      [Ref Proc: 2.6 ms]
      [Ref Enq: 0.0 ms]
      [Redirty Cards: 0.6 ms]
      [Humongous Register: 0.0 ms]
      [Humongous Reclaim: 0.0 ms]
      [Free CSet: 0.0 ms]
   [Eden: 113.0M(113.0M)->0.0B(120.0M) Survivors: 17408.0K->17408.0K Heap: 199.0M(256.0M)->81502.3K(256.0M)]
 [Times: user=0.14 sys=0.00, real=0.02 secs] 
2026-06-18T14:07:13.388+0800: 44.379: [GC pause (G1 Evacuation Pause) (young), 0.0122907 secs]
   [Parallel Time: 3.9 ms, GC Workers: 18]
      [GC Worker Start (ms): Min: 44379.4, Avg: 44380.5, Max: 44382.8, Diff: 3.4]
      [Ext Root Scanning (ms): Min: 0.0, Avg: 0.0, Max: 0.2, Diff: 0.2, Sum: 0.5]
      [Update RS (ms): Min: 0.0, Avg: 0.0, Max: 0.0, Diff: 0.0, Sum: 0.0]
         [Processed Buffers: Min: 0, Avg: 0.2, Max: 1, Diff: 1, Sum: 3]
      [Scan RS (ms): Min: 0.0, Avg: 0.0, Max: 0.0, Diff: 0.0, Sum: 0.1]
      [Code Root Scanning (ms): Min: 0.0, Avg: 0.0, Max: 0.0, Diff: 0.0, Sum: 0.0]
      [Object Copy (ms): Min: 0.0, Avg: 0.3, Max: 0.6, Diff: 0.6, Sum: 4.7]
      [Termination (ms): Min: 0.0, Avg: 2.0, Max: 2.7, Diff: 2.7, Sum: 35.9]
         [Termination Attempts: Min: 1, Avg: 1.0, Max: 1, Diff: 0, Sum: 18]
      [GC Worker Other (ms): Min: 0.0, Avg: 0.0, Max: 0.0, Diff: 0.0, Sum: 0.1]
      [GC Worker Total (ms): Min: 0.0, Avg: 2.3, Max: 3.5, Diff: 3.5, Sum: 41.3]
      [GC Worker End (ms): Min: 44382.8, Avg: 44382.8, Max: 44383.0, Diff: 0.2]
   [Code Root Fixup: 0.0 ms]
   [Code Root Purge: 0.0 ms]
   [Clear CT: 0.8 ms]
   [Other: 7.6 ms]
      [Choose CSet: 0.0 ms]
      [Ref Proc: 7.0 ms]
      [Ref Enq: 0.0 ms]
      [Redirty Cards: 0.5 ms]
      [Humongous Register: 0.0 ms]
      [Humongous Reclaim: 0.0 ms]
      [Free CSet: 0.0 ms]
   [Eden: 120.0M(120.0M)->0.0B(114.0M) Survivors: 17408.0K->18432.0K Heap: 200.4M(256.0M)->87606.2K(256.0M)]
 [Times: user=0.15 sys=0.00, real=0.01 secs] 
2026-06-18T14:07:13.693+0800: 44.684: [GC pause (G1 Evacuation Pause) (young), 0.0163517 secs]
   [Parallel Time: 12.6 ms, GC Workers: 18]
      [GC Worker Start (ms): Min: 44684.6, Avg: 44689.6, Max: 44696.4, Diff: 11.8]
      [Ext Root Scanning (ms): Min: 0.0, Avg: 0.1, Max: 0.4, Diff: 0.4, Sum: 0.9]
      [Update RS (ms): Min: 0.0, Avg: 0.0, Max: 0.0, Diff: 0.0, Sum: 0.0]
         [Processed Buffers: Min: 0, Avg: 0.2, Max: 2, Diff: 2, Sum: 4]
      [Scan RS (ms): Min: 0.0, Avg: 0.0, Max: 0.0, Diff: 0.0, Sum: 0.2]
      [Code Root Scanning (ms): Min: 0.0, Avg: 0.0, Max: 0.0, Diff: 0.0, Sum: 0.0]
      [Object Copy (ms): Min: 0.0, Avg: 0.5, Max: 3.2, Diff: 3.2, Sum: 9.4]
      [Termination (ms): Min: 0.0, Avg: 6.3, Max: 10.6, Diff: 10.6, Sum: 114.1]
         [Termination Attempts: Min: 1, Avg: 1.0, Max: 1, Diff: 0, Sum: 18]
      [GC Worker Other (ms): Min: 0.0, Avg: 0.0, Max: 0.0, Diff: 0.0, Sum: 0.1]
      [GC Worker Total (ms): Min: 0.0, Avg: 6.9, Max: 11.9, Diff: 11.9, Sum: 124.9]
      [GC Worker End (ms): Min: 44696.4, Avg: 44696.5, Max: 44696.6, Diff: 0.2]
   [Code Root Fixup: 0.0 ms]
   [Code Root Purge: 0.0 ms]
   [Clear CT: 0.7 ms]
   [Other: 3.1 ms]
      [Choose CSet: 0.0 ms]
      [Ref Proc: 2.5 ms]
      [Ref Enq: 0.0 ms]
      [Redirty Cards: 0.5 ms]
      [Humongous Register: 0.0 ms]
      [Humongous Reclaim: 0.0 ms]
      [Free CSet: 0.0 ms]
   [Eden: 114.0M(114.0M)->0.0B(104.0M) Survivors: 18432.0K->17408.0K Heap: 202.1M(256.0M)->96286.3K(256.0M)]
 [Times: user=0.15 sys=0.00, real=0.02 secs] 
2026-06-18T14:07:13.979+0800: 44.970: [GC pause (G1 Evacuation Pause) (young), 0.0152827 secs]
   [Parallel Time: 11.3 ms, GC Workers: 18]
      [GC Worker Start (ms): Min: 44970.6, Avg: 44975.6, Max: 44981.1, Diff: 10.6]
      [Ext Root Scanning (ms): Min: 0.0, Avg: 0.0, Max: 0.2, Diff: 0.2, Sum: 0.5]
      [Update RS (ms): Min: 0.0, Avg: 0.0, Max: 0.0, Diff: 0.0, Sum: 0.0]
         [Processed Buffers: Min: 0, Avg: 0.3, Max: 2, Diff: 2, Sum: 5]
      [Scan RS (ms): Min: 0.0, Avg: 0.0, Max: 0.0, Diff: 0.0, Sum: 0.1]
      [Code Root Scanning (ms): Min: 0.0, Avg: 0.0, Max: 0.0, Diff: 0.0, Sum: 0.0]
      [Object Copy (ms): Min: 0.0, Avg: 0.2, Max: 0.8, Diff: 0.8, Sum: 3.8]
      [Termination (ms): Min: 0.0, Avg: 5.3, Max: 9.6, Diff: 9.6, Sum: 95.7]
         [Termination Attempts: Min: 1, Avg: 1.0, Max: 1, Diff: 0, Sum: 18]
      [GC Worker Other (ms): Min: 0.0, Avg: 0.0, Max: 0.0, Diff: 0.0, Sum: 0.1]
      [GC Worker Total (ms): Min: 0.0, Avg: 5.6, Max: 10.7, Diff: 10.7, Sum: 100.3]
      [GC Worker End (ms): Min: 44981.2, Avg: 44981.2, Max: 44981.3, Diff: 0.2]
   [Code Root Fixup: 0.0 ms]
   [Code Root Purge: 0.0 ms]
   [Clear CT: 1.1 ms]
   [Other: 2.9 ms]
      [Choose CSet: 0.0 ms]
      [Ref Proc: 2.0 ms]
      [Ref Enq: 0.0 ms]
      [Redirty Cards: 0.8 ms]
      [Humongous Register: 0.0 ms]
      [Humongous Reclaim: 0.0 ms]
      [Free CSet: 0.0 ms]
   [Eden: 104.0M(104.0M)->0.0B(99328.0K) Survivors: 17408.0K->16384.0K Heap: 198.9M(256.0M)->100.3M(256.0M)]
 [Times: user=0.12 sys=0.00, real=0.02 secs] 
2026-06-18T14:07:14.240+0800: 45.231: [GC pause (G1 Evacuation Pause) (young), 0.0158440 secs]
   [Parallel Time: 12.1 ms, GC Workers: 18]
      [GC Worker Start (ms): Min: 45231.1, Avg: 45235.8, Max: 45242.2, Diff: 11.2]
      [Ext Root Scanning (ms): Min: 0.0, Avg: 0.0, Max: 0.4, Diff: 0.4, Sum: 0.8]
      [Update RS (ms): Min: 0.0, Avg: 0.0, Max: 0.0, Diff: 0.0, Sum: 0.0]
         [Processed Buffers: Min: 0, Avg: 0.2, Max: 2, Diff: 2, Sum: 4]
      [Scan RS (ms): Min: 0.0, Avg: 0.0, Max: 0.0, Diff: 0.0, Sum: 0.2]
      [Code Root Scanning (ms): Min: 0.0, Avg: 0.0, Max: 0.0, Diff: 0.0, Sum: 0.0]
      [Object Copy (ms): Min: 0.0, Avg: 0.2, Max: 0.6, Diff: 0.6, Sum: 2.9]
      [Termination (ms): Min: 0.0, Avg: 6.3, Max: 10.3, Diff: 10.3, Sum: 112.7]
         [Termination Attempts: Min: 1, Avg: 1.0, Max: 1, Diff: 0, Sum: 18]
      [GC Worker Other (ms): Min: 0.0, Avg: 0.0, Max: 0.0, Diff: 0.0, Sum: 0.1]
      [GC Worker Total (ms): Min: 0.0, Avg: 6.5, Max: 11.2, Diff: 11.2, Sum: 116.7]
      [GC Worker End (ms): Min: 45242.3, Avg: 45242.3, Max: 45242.5, Diff: 0.2]
   [Code Root Fixup: 0.0 ms]
   [Code Root Purge: 0.0 ms]
   [Clear CT: 0.8 ms]
   [Other: 2.9 ms]
      [Choose CSet: 0.0 ms]
      [Ref Proc: 2.3 ms]
      [Ref Enq: 0.0 ms]
      [Redirty Cards: 0.5 ms]
      [Humongous Register: 0.0 ms]
      [Humongous Reclaim: 0.0 ms]
      [Free CSet: 0.0 ms]
   [Eden: 99328.0K(99328.0K)->0.0B(101.0M) Survivors: 16384.0K->15360.0K Heap: 199.9M(256.0M)->99899.2K(256.0M)]
 [Times: user=0.14 sys=0.01, real=0.02 secs] 
2026-06-18T14:07:14.522+0800: 45.513: [GC pause (G1 Evacuation Pause) (young), 0.0204346 secs]
   [Parallel Time: 12.6 ms, GC Workers: 18]
      [GC Worker Start (ms): Min: 45513.7, Avg: 45517.2, Max: 45524.9, Diff: 11.2]
      [Ext Root Scanning (ms): Min: 0.0, Avg: 0.1, Max: 0.6, Diff: 0.6, Sum: 1.2]
      [Update RS (ms): Min: 0.0, Avg: 0.0, Max: 0.0, Diff: 0.0, Sum: 0.1]
         [Processed Buffers: Min: 0, Avg: 0.2, Max: 1, Diff: 1, Sum: 3]
      [Scan RS (ms): Min: 0.0, Avg: 0.0, Max: 0.1, Diff: 0.1, Sum: 0.3]
      [Code Root Scanning (ms): Min: 0.0, Avg: 0.0, Max: 0.0, Diff: 0.0, Sum: 0.0]
      [Object Copy (ms): Min: 0.0, Avg: 0.6, Max: 3.9, Diff: 3.9, Sum: 10.9]
      [Termination (ms): Min: 0.0, Avg: 7.0, Max: 9.4, Diff: 9.4, Sum: 126.6]
         [Termination Attempts: Min: 1, Avg: 1.0, Max: 1, Diff: 0, Sum: 18]
      [GC Worker Other (ms): Min: 0.0, Avg: 0.0, Max: 0.0, Diff: 0.0, Sum: 0.2]
      [GC Worker Total (ms): Min: 0.0, Avg: 7.7, Max: 11.2, Diff: 11.2, Sum: 139.3]
      [GC Worker End (ms): Min: 45524.9, Avg: 45524.9, Max: 45525.1, Diff: 0.2]
   [Code Root Fixup: 0.0 ms]
   [Code Root Purge: 0.0 ms]
   [Clear CT: 1.7 ms]
   [Other: 6.1 ms]
      [Choose CSet: 0.0 ms]
      [Ref Proc: 4.5 ms]
      [Ref Enq: 0.0 ms]
      [Redirty Cards: 1.3 ms]
      [Humongous Register: 0.0 ms]
      [Humongous Reclaim: 0.0 ms]
      [Free CSet: 0.1 ms]
   [Eden: 101.0M(101.0M)->0.0B(96256.0K) Survivors: 15360.0K->15360.0K Heap: 199.4M(256.0M)->106.1M(256.0M)]
 [Times: user=0.17 sys=0.00, real=0.02 secs] 
2026-06-18T14:07:14.781+0800: 45.772: [GC pause (G1 Evacuation Pause) (young), 0.0207932 secs]
   [Parallel Time: 15.2 ms, GC Workers: 18]
      [GC Worker Start (ms): Min: 45772.2, Avg: 45779.8, Max: 45786.7, Diff: 14.5]
      [Ext Root Scanning (ms): Min: 0.0, Avg: 0.0, Max: 0.4, Diff: 0.4, Sum: 0.9]
      [Update RS (ms): Min: 0.0, Avg: 0.0, Max: 0.0, Diff: 0.0, Sum: 0.0]
         [Processed Buffers: Min: 0, Avg: 0.2, Max: 2, Diff: 2, Sum: 4]
      [Scan RS (ms): Min: 0.0, Avg: 0.0, Max: 0.0, Diff: 0.0, Sum: 0.2]
      [Code Root Scanning (ms): Min: 0.0, Avg: 0.0, Max: 0.0, Diff: 0.0, Sum: 0.0]
      [Object Copy (ms): Min: 0.0, Avg: 0.2, Max: 0.8, Diff: 0.8, Sum: 3.4]
      [Termination (ms): Min: 0.0, Avg: 6.8, Max: 13.6, Diff: 13.6, Sum: 122.0]
         [Termination Attempts: Min: 1, Avg: 1.0, Max: 1, Diff: 0, Sum: 18]
      [GC Worker Other (ms): Min: 0.0, Avg: 0.0, Max: 0.0, Diff: 0.0, Sum: 0.1]
      [GC Worker Total (ms): Min: 0.0, Avg: 7.0, Max: 14.7, Diff: 14.6, Sum: 126.5]
      [GC Worker End (ms): Min: 45786.7, Avg: 45786.8, Max: 45786.9, Diff: 0.2]
   [Code Root Fixup: 0.0 ms]
   [Code Root Purge: 0.0 ms]
   [Clear CT: 1.1 ms]
   [Other: 4.5 ms]
      [Choose CSet: 0.0 ms]
      [Ref Proc: 3.8 ms]
      [Ref Enq: 0.0 ms]
      [Redirty Cards: 0.5 ms]
      [Humongous Register: 0.0 ms]
      [Humongous Reclaim: 0.0 ms]
      [Free CSet: 0.0 ms]
   [Eden: 96256.0K(96256.0K)->0.0B(95232.0K) Survivors: 15360.0K->14336.0K Heap: 201.3M(256.0M)->106.8M(256.0M)]
 [Times: user=0.15 sys=0.00, real=0.02 secs] 
2026-06-18T14:07:15.055+0800: 46.046: [GC pause (G1 Evacuation Pause) (young), 0.0497838 secs]
   [Parallel Time: 41.9 ms, GC Workers: 18]
      [GC Worker Start (ms): Min: 46046.1, Avg: 46071.3, Max: 46086.6, Diff: 40.5]
      [Ext Root Scanning (ms): Min: 0.0, Avg: 0.1, Max: 0.6, Diff: 0.6, Sum: 1.2]
      [Update RS (ms): Min: 0.0, Avg: 0.0, Max: 0.0, Diff: 0.0, Sum: 0.0]
         [Processed Buffers: Min: 0, Avg: 0.2, Max: 2, Diff: 2, Sum: 3]
      [Scan RS (ms): Min: 0.0, Avg: 0.0, Max: 0.1, Diff: 0.1, Sum: 0.2]
      [Code Root Scanning (ms): Min: 0.0, Avg: 0.0, Max: 0.0, Diff: 0.0, Sum: 0.0]
      [Object Copy (ms): Min: 0.0, Avg: 0.3, Max: 1.8, Diff: 1.8, Sum: 5.0]
      [Termination (ms): Min: 0.0, Avg: 15.1, Max: 38.0, Diff: 38.0, Sum: 271.4]
         [Termination Attempts: Min: 1, Avg: 1.0, Max: 1, Diff: 0, Sum: 18]
      [GC Worker Other (ms): Min: 0.0, Avg: 0.0, Max: 0.2, Diff: 0.2, Sum: 0.3]
      [GC Worker Total (ms): Min: 0.0, Avg: 15.5, Max: 40.6, Diff: 40.5, Sum: 278.2]
      [GC Worker End (ms): Min: 46086.7, Avg: 46086.7, Max: 46086.9, Diff: 0.3]
   [Code Root Fixup: 0.0 ms]
   [Code Root Purge: 0.0 ms]
   [Clear CT: 1.8 ms]
   [Other: 6.1 ms]
      [Choose CSet: 0.0 ms]
      [Ref Proc: 5.3 ms]
      [Ref Enq: 0.0 ms]
      [Redirty Cards: 0.6 ms]
      [Humongous Register: 0.0 ms]
      [Humongous Reclaim: 0.0 ms]
      [Free CSet: 0.0 ms]
   [Eden: 95232.0K(95232.0K)->0.0B(92160.0K) Survivors: 14336.0K->14336.0K Heap: 202.0M(256.0M)->111.9M(256.0M)]
 [Times: user=0.34 sys=0.00, real=0.05 secs] 
2026-06-18T14:07:15.343+0800: 46.334: [GC pause (G1 Evacuation Pause) (young), 0.0248882 secs]
   [Parallel Time: 17.7 ms, GC Workers: 18]
      [GC Worker Start (ms): Min: 46333.9, Avg: 46340.4, Max: 46350.6, Diff: 16.7]
      [Ext Root Scanning (ms): Min: 0.0, Avg: 0.1, Max: 0.5, Diff: 0.5, Sum: 1.0]
      [Update RS (ms): Min: 0.0, Avg: 0.0, Max: 0.0, Diff: 0.0, Sum: 0.1]
         [Processed Buffers: Min: 0, Avg: 0.3, Max: 2, Diff: 2, Sum: 5]
      [Scan RS (ms): Min: 0.0, Avg: 0.0, Max: 0.0, Diff: 0.0, Sum: 0.2]
      [Code Root Scanning (ms): Min: 0.0, Avg: 0.0, Max: 0.0, Diff: 0.0, Sum: 0.0]
      [Object Copy (ms): Min: 0.0, Avg: 0.2, Max: 0.6, Diff: 0.6, Sum: 3.2]
      [Termination (ms): Min: 0.0, Avg: 10.0, Max: 15.8, Diff: 15.8, Sum: 180.0]
         [Termination Attempts: Min: 1, Avg: 1.0, Max: 1, Diff: 0, Sum: 18]
      [GC Worker Other (ms): Min: 0.0, Avg: 0.0, Max: 0.0, Diff: 0.0, Sum: 0.1]
      [GC Worker Total (ms): Min: 0.0, Avg: 10.3, Max: 16.8, Diff: 16.8, Sum: 184.6]
      [GC Worker End (ms): Min: 46350.6, Avg: 46350.7, Max: 46350.8, Diff: 0.2]
   [Code Root Fixup: 0.0 ms]
   [Code Root Purge: 0.0 ms]
   [Clear CT: 0.9 ms]
   [Other: 6.3 ms]
      [Choose CSet: 0.0 ms]
      [Ref Proc: 5.4 ms]
      [Ref Enq: 0.0 ms]
      [Redirty Cards: 0.7 ms]
      [Humongous Register: 0.0 ms]
      [Humongous Reclaim: 0.0 ms]
      [Free CSet: 0.0 ms]
   [Eden: 92160.0K(92160.0K)->0.0B(90112.0K) Survivors: 14336.0K->13312.0K Heap: 203.2M(256.0M)->113.4M(256.0M)]
 [Times: user=0.23 sys=0.00, real=0.03 secs] 
2026-06-18T14:07:15.599+0800: 46.590: [GC pause (G1 Evacuation Pause) (young), 0.0281968 secs]
   [Parallel Time: 23.7 ms, GC Workers: 18]
      [GC Worker Start (ms): Min: 46590.4, Avg: 46601.9, Max: 46612.8, Diff: 22.4]
      [Ext Root Scanning (ms): Min: 0.0, Avg: 0.1, Max: 0.5, Diff: 0.5, Sum: 1.1]
      [Update RS (ms): Min: 0.0, Avg: 0.0, Max: 0.0, Diff: 0.0, Sum: 0.1]
         [Processed Buffers: Min: 0, Avg: 0.2, Max: 2, Diff: 2, Sum: 4]
      [Scan RS (ms): Min: 0.0, Avg: 0.0, Max: 0.1, Diff: 0.1, Sum: 0.2]
      [Code Root Scanning (ms): Min: 0.0, Avg: 0.0, Max: 0.0, Diff: 0.0, Sum: 0.0]
      [Object Copy (ms): Min: 0.0, Avg: 0.2, Max: 1.3, Diff: 1.3, Sum: 3.8]
      [Termination (ms): Min: 0.0, Avg: 10.7, Max: 20.8, Diff: 20.8, Sum: 192.0]
         [Termination Attempts: Min: 1, Avg: 1.0, Max: 1, Diff: 0, Sum: 18]
      [GC Worker Other (ms): Min: 0.0, Avg: 0.0, Max: 0.0, Diff: 0.0, Sum: 0.1]
      [GC Worker Total (ms): Min: 0.0, Avg: 11.0, Max: 22.5, Diff: 22.5, Sum: 197.3]
      [GC Worker End (ms): Min: 46612.8, Avg: 46612.9, Max: 46613.0, Diff: 0.1]
   [Code Root Fixup: 0.0 ms]
   [Code Root Purge: 0.0 ms]
   [Clear CT: 0.8 ms]
   [Other: 3.7 ms]
      [Choose CSet: 0.0 ms]
      [Ref Proc: 2.9 ms]
      [Ref Enq: 0.0 ms]
      [Redirty Cards: 0.6 ms]
      [Humongous Register: 0.0 ms]
      [Humongous Reclaim: 0.0 ms]
      [Free CSet: 0.0 ms]
   [Eden: 90112.0K(90112.0K)->0.0B(83968.0K) Survivors: 13312.0K->13312.0K Heap: 202.8M(256.0M)->119.8M(256.0M)]
 [Times: user=0.22 sys=0.00, real=0.03 secs] 
2026-06-18T14:07:15.850+0800: 46.841: [GC pause (G1 Evacuation Pause) (young), 0.0163549 secs]
   [Parallel Time: 10.2 ms, GC Workers: 18]
      [GC Worker Start (ms): Min: 46841.2, Avg: 46844.4, Max: 46850.4, Diff: 9.2]
      [Ext Root Scanning (ms): Min: 0.0, Avg: 0.0, Max: 0.2, Diff: 0.2, Sum: 0.5]
      [Update RS (ms): Min: 0.0, Avg: 0.0, Max: 0.0, Diff: 0.0, Sum: 0.0]
         [Processed Buffers: Min: 0, Avg: 0.2, Max: 1, Diff: 1, Sum: 4]
      [Scan RS (ms): Min: 0.0, Avg: 0.0, Max: 0.0, Diff: 0.0, Sum: 0.1]
      [Code Root Scanning (ms): Min: 0.0, Avg: 0.0, Max: 0.0, Diff: 0.0, Sum: 0.0]
      [Object Copy (ms): Min: 0.0, Avg: 0.3, Max: 0.7, Diff: 0.7, Sum: 4.6]
      [Termination (ms): Min: 0.0, Avg: 5.7, Max: 8.5, Diff: 8.5, Sum: 103.3]
         [Termination Attempts: Min: 1, Avg: 1.0, Max: 1, Diff: 0, Sum: 18]
      [GC Worker Other (ms): Min: 0.0, Avg: 0.0, Max: 0.0, Diff: 0.0, Sum: 0.1]
      [GC Worker Total (ms): Min: 0.0, Avg: 6.0, Max: 9.2, Diff: 9.2, Sum: 108.7]
      [GC Worker End (ms): Min: 46850.4, Avg: 46850.5, Max: 46850.6, Diff: 0.2]
   [Code Root Fixup: 0.0 ms]
   [Code Root Purge: 0.0 ms]
   [Clear CT: 0.8 ms]
   [Other: 5.4 ms]
      [Choose CSet: 0.0 ms]
      [Ref Proc: 4.7 ms]
      [Ref Enq: 0.0 ms]
      [Redirty Cards: 0.6 ms]
      [Humongous Register: 0.0 ms]
      [Humongous Reclaim: 0.0 ms]
      [Free CSet: 0.0 ms]
   [Eden: 83968.0K(83968.0K)->0.0B(74752.0K) Survivors: 13312.0K->12288.0K Heap: 203.4M(256.0M)->130.3M(256.0M)]
 [Times: user=0.14 sys=0.01, real=0.02 secs] 
2026-06-18T14:07:16.025+0800: 47.016: [GC pause (G1 Humongous Allocation) (young) (initial-mark), 0.0253988 secs]
   [Parallel Time: 18.1 ms, GC Workers: 18]
      [GC Worker Start (ms): Min: 47016.4, Avg: 47016.8, Max: 47017.0, Diff: 0.6]
      [Ext Root Scanning (ms): Min: 0.0, Avg: 6.1, Max: 16.4, Diff: 16.3, Sum: 110.4]
      [Update RS (ms): Min: 0.0, Avg: 0.0, Max: 0.0, Diff: 0.0, Sum: 0.0]
         [Processed Buffers: Min: 0, Avg: 0.4, Max: 7, Diff: 7, Sum: 7]
      [Scan RS (ms): Min: 0.0, Avg: 0.0, Max: 0.0, Diff: 0.0, Sum: 0.1]
      [Code Root Scanning (ms): Min: 0.0, Avg: 0.0, Max: 0.0, Diff: 0.0, Sum: 0.0]
      [Object Copy (ms): Min: 0.0, Avg: 0.4, Max: 4.7, Diff: 4.7, Sum: 7.7]
      [Termination (ms): Min: 0.0, Avg: 10.1, Max: 15.7, Diff: 15.7, Sum: 181.5]
         [Termination Attempts: Min: 1, Avg: 1.0, Max: 1, Diff: 0, Sum: 18]
      [GC Worker Other (ms): Min: 0.0, Avg: 0.0, Max: 0.0, Diff: 0.0, Sum: 0.1]
      [GC Worker Total (ms): Min: 16.4, Avg: 16.7, Max: 17.1, Diff: 0.7, Sum: 299.8]
      [GC Worker End (ms): Min: 47033.4, Avg: 47033.4, Max: 47033.6, Diff: 0.2]
   [Code Root Fixup: 0.0 ms]
   [Code Root Purge: 0.0 ms]
   [Clear CT: 0.6 ms]
   [Other: 6.7 ms]
      [Choose CSet: 0.0 ms]
      [Ref Proc: 6.0 ms]
      [Ref Enq: 0.0 ms]
      [Redirty Cards: 0.6 ms]
      [Humongous Register: 0.0 ms]
      [Humongous Reclaim: 0.0 ms]
      [Free CSet: 0.0 ms]
   [Eden: 67584.0K(74752.0K)->0.0B(68608.0K) Survivors: 12288.0K->11264.0K Heap: 195.9M(256.0M)->138.6M(256.0M)]
 [Times: user=0.24 sys=0.00, real=0.03 secs] 
2026-06-18T14:07:16.056+0800: 47.047: [GC concurrent-root-region-scan-start]
2026-06-18T14:07:16.056+0800: 47.047: [GC concurrent-root-region-scan-end, 0.0002854 secs]
2026-06-18T14:07:16.056+0800: 47.047: [GC concurrent-mark-start]
2026-06-18T14:07:16.057+0800: 47.048: [GC concurrent-mark-end, 0.0004486 secs]
2026-06-18T14:07:16.057+0800: 47.048: [GC remark 2026-06-18T14:07:16.058+0800: 47.049: [Finalize Marking, 0.0098708 secs] 2026-06-18T14:07:16.070+0800: 47.061: [GC ref-proc, 0.0016754 secs] 2026-06-18T14:07:16.072+0800: 47.063: [Unloading, 0.0022353 secs], 0.0198345 secs]
 [Times: user=0.10 sys=0.01, real=0.02 secs] 
2026-06-18T14:07:16.079+0800: 47.070: [GC cleanup 140M->39920K(256M), 0.0028697 secs]
 [Times: user=0.01 sys=0.00, real=0.00 secs] 
2026-06-18T14:07:16.084+0800: 47.075: [GC concurrent-cleanup-start]
2026-06-18T14:07:16.084+0800: 47.075: [GC concurrent-cleanup-end, 0.0000360 secs]
2026-06-18T14:07:16.255+0800: 47.246: [GC pause (G1 Evacuation Pause) (young), 0.0157186 secs]
   [Parallel Time: 10.4 ms, GC Workers: 18]
      [GC Worker Start (ms): Min: 47245.7, Avg: 47250.5, Max: 47254.5, Diff: 8.9]
      [Ext Root Scanning (ms): Min: 0.0, Avg: 0.0, Max: 0.2, Diff: 0.2, Sum: 0.7]
      [Update RS (ms): Min: 0.0, Avg: 0.0, Max: 0.0, Diff: 0.0, Sum: 0.1]
         [Processed Buffers: Min: 0, Avg: 0.3, Max: 2, Diff: 2, Sum: 6]
      [Scan RS (ms): Min: 0.0, Avg: 0.0, Max: 0.0, Diff: 0.0, Sum: 0.2]
      [Code Root Scanning (ms): Min: 0.0, Avg: 0.0, Max: 0.0, Diff: 0.0, Sum: 0.0]
      [Object Copy (ms): Min: 0.0, Avg: 0.2, Max: 0.6, Diff: 0.6, Sum: 2.8]
      [Termination (ms): Min: 0.0, Avg: 4.1, Max: 8.8, Diff: 8.8, Sum: 73.0]
         [Termination Attempts: Min: 1, Avg: 1.0, Max: 1, Diff: 0, Sum: 18]
      [GC Worker Other (ms): Min: 0.0, Avg: 0.0, Max: 0.1, Diff: 0.1, Sum: 0.3]
      [GC Worker Total (ms): Min: 0.0, Avg: 4.3, Max: 9.6, Diff: 9.6, Sum: 77.0]
      [GC Worker End (ms): Min: 47254.6, Avg: 47254.8, Max: 47255.3, Diff: 0.7]
   [Code Root Fixup: 0.0 ms]
   [Code Root Purge: 0.0 ms]
   [Clear CT: 1.0 ms]
   [Other: 4.3 ms]
      [Choose CSet: 0.0 ms]
      [Ref Proc: 3.5 ms]
      [Ref Enq: 0.0 ms]
      [Redirty Cards: 0.6 ms]
      [Humongous Register: 0.0 ms]
      [Humongous Reclaim: 0.0 ms]
      [Free CSet: 0.0 ms]
   [Eden: 68608.0K(68608.0K)->0.0B(143.0M) Survivors: 11264.0K->10240.0K Heap: 105.0M(256.0M)->37794.2K(256.0M)]
 [Times: user=0.09 sys=0.00, real=0.02 secs] 
2026-06-18T14:07:16.635+0800: 47.626: [GC pause (G1 Evacuation Pause) (young), 0.0290235 secs]
   [Parallel Time: 15.3 ms, GC Workers: 18]
      [GC Worker Start (ms): Min: 47626.6, Avg: 47632.2, Max: 47640.8, Diff: 14.2]
      [Ext Root Scanning (ms): Min: 0.0, Avg: 0.0, Max: 0.4, Diff: 0.4, Sum: 0.6]
      [Update RS (ms): Min: 0.0, Avg: 0.0, Max: 0.0, Diff: 0.0, Sum: 0.0]
         [Processed Buffers: Min: 0, Avg: 0.2, Max: 3, Diff: 3, Sum: 4]
      [Scan RS (ms): Min: 0.0, Avg: 0.0, Max: 0.1, Diff: 0.1, Sum: 0.3]
      [Code Root Scanning (ms): Min: 0.0, Avg: 0.0, Max: 0.0, Diff: 0.0, Sum: 0.0]
      [Object Copy (ms): Min: 0.0, Avg: 1.3, Max: 10.7, Diff: 10.7, Sum: 22.9]
      [Termination (ms): Min: 0.0, Avg: 7.4, Max: 13.0, Diff: 13.0, Sum: 133.3]
         [Termination Attempts: Min: 1, Avg: 1.0, Max: 1, Diff: 0, Sum: 18]
      [GC Worker Other (ms): Min: 0.0, Avg: 0.0, Max: 0.1, Diff: 0.1, Sum: 0.4]
      [GC Worker Total (ms): Min: 0.0, Avg: 8.7, Max: 14.5, Diff: 14.4, Sum: 157.5]
      [GC Worker End (ms): Min: 47640.9, Avg: 47640.9, Max: 47641.1, Diff: 0.2]
   [Code Root Fixup: 0.0 ms]
   [Code Root Purge: 0.0 ms]
   [Clear CT: 0.9 ms]
   [Other: 12.9 ms]
      [Choose CSet: 0.0 ms]
      [Ref Proc: 12.2 ms]
      [Ref Enq: 0.0 ms]
      [Redirty Cards: 0.5 ms]
      [Humongous Register: 0.0 ms]
      [Humongous Reclaim: 0.0 ms]
      [Free CSet: 0.0 ms]
   [Eden: 143.0M(143.0M)->0.0B(136.0M) Survivors: 10240.0K->17408.0K Heap: 182.1M(256.0M)->46576.3K(256.0M)]
 [Times: user=0.28 sys=0.01, real=0.02 secs] 
2026-06-18T14:07:17.016+0800: 48.007: [GC pause (G1 Evacuation Pause) (young), 0.0295208 secs]
   [Parallel Time: 24.4 ms, GC Workers: 18]
      [GC Worker Start (ms): Min: 48007.3, Avg: 48021.0, Max: 48030.7, Diff: 23.4]
      [Ext Root Scanning (ms): Min: 0.0, Avg: 0.1, Max: 0.4, Diff: 0.4, Sum: 0.9]
      [Update RS (ms): Min: 0.0, Avg: 0.0, Max: 0.0, Diff: 0.0, Sum: 0.0]
         [Processed Buffers: Min: 0, Avg: 0.2, Max: 1, Diff: 1, Sum: 3]
      [Scan RS (ms): Min: 0.0, Avg: 0.0, Max: 0.1, Diff: 0.0, Sum: 0.2]
      [Code Root Scanning (ms): Min: 0.0, Avg: 0.0, Max: 0.0, Diff: 0.0, Sum: 0.0]
      [Object Copy (ms): Min: 0.0, Avg: 0.2, Max: 1.3, Diff: 1.3, Sum: 3.7]
      [Termination (ms): Min: 0.0, Avg: 9.5, Max: 21.8, Diff: 21.8, Sum: 170.9]
         [Termination Attempts: Min: 1, Avg: 1.0, Max: 1, Diff: 0, Sum: 18]
      [GC Worker Other (ms): Min: 0.0, Avg: 0.0, Max: 0.0, Diff: 0.0, Sum: 0.1]
      [GC Worker Total (ms): Min: 0.0, Avg: 9.8, Max: 23.4, Diff: 23.4, Sum: 176.0]
      [GC Worker End (ms): Min: 48030.7, Avg: 48030.8, Max: 48030.9, Diff: 0.2]
   [Code Root Fixup: 0.0 ms]
   [Code Root Purge: 0.0 ms]
   [Clear CT: 0.8 ms]
   [Other: 4.4 ms]
      [Choose CSet: 0.0 ms]
      [Ref Proc: 3.6 ms]
      [Ref Enq: 0.0 ms]
      [Redirty Cards: 0.7 ms]
      [Humongous Register: 0.0 ms]
      [Humongous Reclaim: 0.0 ms]
      [Free CSet: 0.0 ms]
   [Eden: 136.0M(136.0M)->0.0B(134.0M) Survivors: 17408.0K->19456.0K Heap: 183.6M(256.0M)->51211.4K(256.0M)]
 [Times: user=0.22 sys=0.00, real=0.03 secs] 
2026-06-18T14:07:17.395+0800: 48.386: [GC pause (G1 Evacuation Pause) (young), 0.0261148 secs]
   [Parallel Time: 21.1 ms, GC Workers: 18]
      [GC Worker Start (ms): Min: 48385.9, Avg: 48395.3, Max: 48406.0, Diff: 20.0]
      [Ext Root Scanning (ms): Min: 0.0, Avg: 0.0, Max: 0.4, Diff: 0.4, Sum: 0.8]
      [Update RS (ms): Min: 0.0, Avg: 0.0, Max: 0.0, Diff: 0.0, Sum: 0.0]
         [Processed Buffers: Min: 0, Avg: 0.2, Max: 1, Diff: 1, Sum: 3]
      [Scan RS (ms): Min: 0.0, Avg: 0.0, Max: 0.1, Diff: 0.0, Sum: 0.2]
      [Code Root Scanning (ms): Min: 0.0, Avg: 0.0, Max: 0.0, Diff: 0.0, Sum: 0.0]
      [Object Copy (ms): Min: 0.0, Avg: 0.2, Max: 0.8, Diff: 0.8, Sum: 3.0]
      [Termination (ms): Min: 0.0, Avg: 10.5, Max: 19.1, Diff: 19.1, Sum: 189.8]
         [Termination Attempts: Min: 1, Avg: 1.0, Max: 1, Diff: 0, Sum: 18]
      [GC Worker Other (ms): Min: 0.0, Avg: 0.0, Max: 0.0, Diff: 0.0, Sum: 0.1]
      [GC Worker Total (ms): Min: 0.0, Avg: 10.8, Max: 20.3, Diff: 20.3, Sum: 194.1]
      [GC Worker End (ms): Min: 48406.0, Avg: 48406.1, Max: 48406.3, Diff: 0.3]
   [Code Root Fixup: 0.0 ms]
   [Code Root Purge: 0.0 ms]
   [Clear CT: 1.8 ms]
   [Other: 3.2 ms]
      [Choose CSet: 0.0 ms]
      [Ref Proc: 1.9 ms]
      [Ref Enq: 0.0 ms]
      [Redirty Cards: 1.1 ms]
      [Humongous Register: 0.0 ms]
      [Humongous Reclaim: 0.0 ms]
      [Free CSet: 0.0 ms]
   [Eden: 134.0M(134.0M)->0.0B(133.0M) Survivors: 19456.0K->20480.0K Heap: 186.1M(256.0M)->49495.8K(256.0M)]
 [Times: user=0.23 sys=0.00, real=0.03 secs] 
2026-06-18T14:07:17.752+0800: 48.743: [GC pause (G1 Evacuation Pause) (young), 0.0544205 secs]
   [Parallel Time: 44.2 ms, GC Workers: 18]
      [GC Worker Start (ms): Min: 48743.5, Avg: 48768.7, Max: 48786.3, Diff: 42.8]
      [Ext Root Scanning (ms): Min: 0.0, Avg: 0.1, Max: 0.5, Diff: 0.5, Sum: 0.9]
      [Update RS (ms): Min: 0.0, Avg: 0.0, Max: 0.0, Diff: 0.0, Sum: 0.0]
         [Processed Buffers: Min: 0, Avg: 0.2, Max: 1, Diff: 1, Sum: 3]
      [Scan RS (ms): Min: 0.0, Avg: 0.0, Max: 0.1, Diff: 0.1, Sum: 0.2]
      [Code Root Scanning (ms): Min: 0.0, Avg: 0.0, Max: 0.0, Diff: 0.0, Sum: 0.0]
      [Object Copy (ms): Min: 0.0, Avg: 0.2, Max: 1.5, Diff: 1.5, Sum: 4.3]
      [Termination (ms): Min: 0.0, Avg: 17.5, Max: 40.9, Diff: 40.9, Sum: 314.2]
         [Termination Attempts: Min: 1, Avg: 1.0, Max: 1, Diff: 0, Sum: 18]
      [GC Worker Other (ms): Min: 0.0, Avg: 0.0, Max: 0.0, Diff: 0.0, Sum: 0.1]
      [GC Worker Total (ms): Min: 0.0, Avg: 17.8, Max: 42.9, Diff: 42.8, Sum: 319.8]
      [GC Worker End (ms): Min: 48786.4, Avg: 48786.5, Max: 48786.7, Diff: 0.3]
   [Code Root Fixup: 0.0 ms]
   [Code Root Purge: 0.0 ms]
   [Clear CT: 1.3 ms]
   [Other: 8.9 ms]
      [Choose CSet: 0.0 ms]
      [Ref Proc: 8.0 ms]
      [Ref Enq: 0.0 ms]
      [Redirty Cards: 0.7 ms]
      [Humongous Register: 0.0 ms]
      [Humongous Reclaim: 0.0 ms]
      [Free CSet: 0.0 ms]
   [Eden: 133.0M(133.0M)->0.0B(133.0M) Survivors: 20480.0K->20480.0K Heap: 183.0M(256.0M)->53665.3K(256.0M)]
 [Times: user=0.42 sys=0.00, real=0.06 secs] 
2026-06-18T14:07:18.148+0800: 49.139: [GC pause (G1 Evacuation Pause) (young), 0.0364606 secs]
   [Parallel Time: 26.9 ms, GC Workers: 18]
      [GC Worker Start (ms): Min: 49139.3, Avg: 49151.9, Max: 49164.8, Diff: 25.6]
      [Ext Root Scanning (ms): Min: 0.0, Avg: 0.0, Max: 0.3, Diff: 0.3, Sum: 0.6]
      [Update RS (ms): Min: 0.0, Avg: 0.0, Max: 0.0, Diff: 0.0, Sum: 0.0]
         [Processed Buffers: Min: 0, Avg: 0.2, Max: 1, Diff: 1, Sum: 3]
      [Scan RS (ms): Min: 0.0, Avg: 0.0, Max: 0.0, Diff: 0.0, Sum: 0.2]
      [Code Root Scanning (ms): Min: 0.0, Avg: 0.0, Max: 0.0, Diff: 0.0, Sum: 0.0]
      [Object Copy (ms): Min: 0.0, Avg: 0.2, Max: 0.9, Diff: 0.9, Sum: 3.4]
      [Termination (ms): Min: 0.0, Avg: 12.8, Max: 24.4, Diff: 24.4, Sum: 230.1]
         [Termination Attempts: Min: 1, Avg: 1.0, Max: 1, Diff: 0, Sum: 18]
      [GC Worker Other (ms): Min: 0.0, Avg: 0.0, Max: 0.0, Diff: 0.0, Sum: 0.1]
      [GC Worker Total (ms): Min: 0.0, Avg: 13.0, Max: 25.6, Diff: 25.6, Sum: 234.4]
      [GC Worker End (ms): Min: 49164.8, Avg: 49164.9, Max: 49165.0, Diff: 0.1]
   [Code Root Fixup: 0.0 ms]
   [Code Root Purge: 0.0 ms]
   [Clear CT: 1.0 ms]
   [Other: 8.6 ms]
      [Choose CSet: 0.0 ms]
      [Ref Proc: 8.0 ms]
      [Ref Enq: 0.0 ms]
      [Redirty Cards: 0.5 ms]
      [Humongous Register: 0.0 ms]
      [Humongous Reclaim: 0.0 ms]
      [Free CSet: 0.0 ms]
   [Eden: 133.0M(133.0M)->0.0B(133.0M) Survivors: 20480.0K->20480.0K Heap: 188.1M(256.0M)->52870.2K(256.0M)]
 [Times: user=0.33 sys=0.00, real=0.03 secs] 
2026-06-18T14:07:18.533+0800: 49.524: [GC pause (G1 Evacuation Pause) (young), 0.0600327 secs]
   [Parallel Time: 53.2 ms, GC Workers: 18]
      [GC Worker Start (ms): Min: 49524.6, Avg: 49546.7, Max: 49576.1, Diff: 51.5]
      [Ext Root Scanning (ms): Min: 0.0, Avg: 0.0, Max: 0.4, Diff: 0.4, Sum: 0.7]
      [Update RS (ms): Min: 0.0, Avg: 0.0, Max: 0.0, Diff: 0.0, Sum: 0.1]
         [Processed Buffers: Min: 0, Avg: 0.2, Max: 2, Diff: 2, Sum: 3]
      [Scan RS (ms): Min: 0.0, Avg: 0.0, Max: 0.1, Diff: 0.1, Sum: 0.2]
      [Code Root Scanning (ms): Min: 0.0, Avg: 0.0, Max: 0.0, Diff: 0.0, Sum: 0.0]
      [Object Copy (ms): Min: 0.0, Avg: 0.1, Max: 1.1, Diff: 1.1, Sum: 2.4]
      [Termination (ms): Min: 0.0, Avg: 29.3, Max: 50.1, Diff: 50.1, Sum: 527.6]
         [Termination Attempts: Min: 1, Avg: 1.0, Max: 1, Diff: 0, Sum: 18]
      [GC Worker Other (ms): Min: 0.0, Avg: 0.0, Max: 0.0, Diff: 0.0, Sum: 0.1]
      [GC Worker Total (ms): Min: 0.0, Avg: 29.5, Max: 51.7, Diff: 51.7, Sum: 531.1]
      [GC Worker End (ms): Min: 49576.1, Avg: 49576.2, Max: 49576.3, Diff: 0.2]
   [Code Root Fixup: 0.0 ms]
   [Code Root Purge: 0.0 ms]
   [Clear CT: 1.0 ms]
   [Other: 5.8 ms]
      [Choose CSet: 0.0 ms]
      [Ref Proc: 5.1 ms]
      [Ref Enq: 0.0 ms]
      [Redirty Cards: 0.6 ms]
      [Humongous Register: 0.0 ms]
      [Humongous Reclaim: 0.0 ms]
      [Free CSet: 0.0 ms]
   [Eden: 133.0M(133.0M)->0.0B(140.0M) Survivors: 20480.0K->13312.0K Heap: 186.2M(256.0M)->46923.3K(256.0M)]
 [Times: user=0.59 sys=0.00, real=0.06 secs] 
2026-06-18T14:07:18.942+0800: 49.933: [GC pause (G1 Evacuation Pause) (young), 0.0258683 secs]
   [Parallel Time: 22.2 ms, GC Workers: 18]
      [GC Worker Start (ms): Min: 49933.3, Avg: 49942.8, Max: 49954.3, Diff: 20.9]
      [Ext Root Scanning (ms): Min: 0.0, Avg: 0.0, Max: 0.4, Diff: 0.4, Sum: 0.7]
      [Update RS (ms): Min: 0.0, Avg: 0.0, Max: 0.0, Diff: 0.0, Sum: 0.0]
         [Processed Buffers: Min: 0, Avg: 0.2, Max: 1, Diff: 1, Sum: 3]
      [Scan RS (ms): Min: 0.0, Avg: 0.0, Max: 0.1, Diff: 0.1, Sum: 0.2]
      [Code Root Scanning (ms): Min: 0.0, Avg: 0.0, Max: 0.0, Diff: 0.0, Sum: 0.0]
      [Object Copy (ms): Min: 0.0, Avg: 0.3, Max: 1.9, Diff: 1.9, Sum: 5.7]
      [Termination (ms): Min: 0.0, Avg: 11.2, Max: 19.3, Diff: 19.3, Sum: 201.5]
         [Termination Attempts: Min: 1, Avg: 1.0, Max: 1, Diff: 0, Sum: 18]
      [GC Worker Other (ms): Min: 0.0, Avg: 0.0, Max: 0.0, Diff: 0.0, Sum: 0.1]
      [GC Worker Total (ms): Min: 0.0, Avg: 11.6, Max: 21.1, Diff: 21.1, Sum: 208.2]
      [GC Worker End (ms): Min: 49954.3, Avg: 49954.3, Max: 49954.4, Diff: 0.2]
   [Code Root Fixup: 0.0 ms]
   [Code Root Purge: 0.0 ms]
   [Clear CT: 1.0 ms]
   [Other: 2.7 ms]
      [Choose CSet: 0.0 ms]
      [Ref Proc: 2.1 ms]
      [Ref Enq: 0.0 ms]
      [Redirty Cards: 0.5 ms]
      [Humongous Register: 0.0 ms]
      [Humongous Reclaim: 0.0 ms]
      [Free CSet: 0.0 ms]
   [Eden: 140.0M(140.0M)->0.0B(134.0M) Survivors: 13312.0K->19456.0K Heap: 188.5M(256.0M)->56123.3K(256.0M)]
 [Times: user=0.23 sys=0.00, real=0.03 secs] 
2026-06-18T14:07:19.316+0800: 50.307: [GC pause (G1 Evacuation Pause) (young), 0.0124584 secs]
   [Parallel Time: 5.9 ms, GC Workers: 18]
      [GC Worker Start (ms): Min: 50307.3, Avg: 50309.2, Max: 50312.4, Diff: 5.1]
      [Ext Root Scanning (ms): Min: 0.0, Avg: 0.0, Max: 0.2, Diff: 0.2, Sum: 0.6]
      [Update RS (ms): Min: 0.0, Avg: 0.0, Max: 0.0, Diff: 0.0, Sum: 0.0]
         [Processed Buffers: Min: 0, Avg: 0.2, Max: 1, Diff: 1, Sum: 3]
      [Scan RS (ms): Min: 0.0, Avg: 0.0, Max: 0.0, Diff: 0.0, Sum: 0.2]
      [Code Root Scanning (ms): Min: 0.0, Avg: 0.0, Max: 0.0, Diff: 0.0, Sum: 0.0]
      [Object Copy (ms): Min: 0.0, Avg: 0.2, Max: 0.5, Diff: 0.5, Sum: 3.5]
      [Termination (ms): Min: 0.0, Avg: 3.0, Max: 4.5, Diff: 4.5, Sum: 53.8]
         [Termination Attempts: Min: 1, Avg: 1.0, Max: 1, Diff: 0, Sum: 18]
      [GC Worker Other (ms): Min: 0.0, Avg: 0.0, Max: 0.0, Diff: 0.0, Sum: 0.1]
      [GC Worker Total (ms): Min: 0.0, Avg: 3.2, Max: 5.3, Diff: 5.3, Sum: 58.2]
      [GC Worker End (ms): Min: 50312.4, Avg: 50312.5, Max: 50312.6, Diff: 0.2]
   [Code Root Fixup: 0.0 ms]
   [Code Root Purge: 0.0 ms]
   [Clear CT: 1.2 ms]
   [Other: 5.3 ms]
      [Choose CSet: 0.0 ms]
      [Ref Proc: 4.5 ms]
      [Ref Enq: 0.0 ms]
      [Redirty Cards: 0.7 ms]
      [Humongous Register: 0.0 ms]
      [Humongous Reclaim: 0.0 ms]
      [Free CSet: 0.0 ms]
   [Eden: 134.0M(134.0M)->0.0B(136.0M) Survivors: 19456.0K->17408.0K Heap: 191.0M(256.0M)->50286.3K(256.0M)]
 [Times: user=0.12 sys=0.00, real=0.01 secs] 
2026-06-18T14:07:19.677+0800: 50.668: [GC pause (G1 Evacuation Pause) (young), 0.0156862 secs]
   [Parallel Time: 12.7 ms, GC Workers: 18]
      [GC Worker Start (ms): Min: 50667.9, Avg: 50673.2, Max: 50679.7, Diff: 11.7]
      [Ext Root Scanning (ms): Min: 0.0, Avg: 0.0, Max: 0.4, Diff: 0.4, Sum: 0.8]
      [Update RS (ms): Min: 0.0, Avg: 0.0, Max: 0.0, Diff: 0.0, Sum: 0.0]
         [Processed Buffers: Min: 0, Avg: 0.2, Max: 1, Diff: 1, Sum: 3]
      [Scan RS (ms): Min: 0.0, Avg: 0.0, Max: 0.0, Diff: 0.0, Sum: 0.3]
      [Code Root Scanning (ms): Min: 0.0, Avg: 0.0, Max: 0.0, Diff: 0.0, Sum: 0.0]
      [Object Copy (ms): Min: 0.0, Avg: 0.3, Max: 0.9, Diff: 0.9, Sum: 4.7]
      [Termination (ms): Min: 0.0, Avg: 6.2, Max: 10.6, Diff: 10.6, Sum: 111.8]
         [Termination Attempts: Min: 1, Avg: 1.0, Max: 1, Diff: 0, Sum: 18]
      [GC Worker Other (ms): Min: 0.0, Avg: 0.0, Max: 0.0, Diff: 0.0, Sum: 0.2]
      [GC Worker Total (ms): Min: 0.0, Avg: 6.5, Max: 11.9, Diff: 11.9, Sum: 117.9]
      [GC Worker End (ms): Min: 50679.7, Avg: 50679.8, Max: 50679.8, Diff: 0.1]
   [Code Root Fixup: 0.0 ms]
   [Code Root Purge: 0.0 ms]
   [Clear CT: 0.9 ms]
   [Other: 2.1 ms]
      [Choose CSet: 0.0 ms]
      [Ref Proc: 1.5 ms]
      [Ref Enq: 0.0 ms]
      [Redirty Cards: 0.5 ms]
      [Humongous Register: 0.0 ms]
      [Humongous Reclaim: 0.0 ms]
      [Free CSet: 0.0 ms]
   [Eden: 136.0M(136.0M)->0.0B(133.0M) Survivors: 17408.0K->20480.0K Heap: 186.7M(256.0M)->56120.8K(256.0M)]
 [Times: user=0.14 sys=0.00, real=0.01 secs] 
2026-06-18T14:07:20.038+0800: 51.029: [GC pause (G1 Evacuation Pause) (young), 0.0173876 secs]
   [Parallel Time: 13.0 ms, GC Workers: 18]
      [GC Worker Start (ms): Min: 51029.5, Avg: 51035.5, Max: 51041.6, Diff: 12.0]
      [Ext Root Scanning (ms): Min: 0.0, Avg: 0.0, Max: 0.2, Diff: 0.2, Sum: 0.5]
      [Update RS (ms): Min: 0.0, Avg: 0.0, Max: 0.0, Diff: 0.0, Sum: 0.0]
         [Processed Buffers: Min: 0, Avg: 0.2, Max: 1, Diff: 1, Sum: 3]
      [Scan RS (ms): Min: 0.0, Avg: 0.0, Max: 0.0, Diff: 0.0, Sum: 0.1]
      [Code Root Scanning (ms): Min: 0.0, Avg: 0.0, Max: 0.0, Diff: 0.0, Sum: 0.0]
      [Object Copy (ms): Min: 0.0, Avg: 0.2, Max: 0.7, Diff: 0.7, Sum: 4.2]
      [Termination (ms): Min: 0.0, Avg: 5.9, Max: 11.4, Diff: 11.4, Sum: 105.7]
         [Termination Attempts: Min: 1, Avg: 1.0, Max: 1, Diff: 0, Sum: 18]
      [GC Worker Other (ms): Min: 0.0, Avg: 0.0, Max: 0.0, Diff: 0.0, Sum: 0.1]
      [GC Worker Total (ms): Min: 0.0, Avg: 6.1, Max: 12.2, Diff: 12.2, Sum: 110.6]
      [GC Worker End (ms): Min: 51041.6, Avg: 51041.6, Max: 51041.8, Diff: 0.3]
   [Code Root Fixup: 0.0 ms]
   [Code Root Purge: 0.0 ms]
   [Clear CT: 1.2 ms]
   [Other: 3.2 ms]
      [Choose CSet: 0.0 ms]
      [Ref Proc: 2.4 ms]
      [Ref Enq: 0.0 ms]
      [Redirty Cards: 0.8 ms]
      [Humongous Register: 0.0 ms]
      [Humongous Reclaim: 0.0 ms]
      [Free CSet: 0.0 ms]
   [Eden: 133.0M(133.0M)->0.0B(133.0M) Survivors: 20480.0K->20480.0K Heap: 190.1M(256.0M)->55778.2K(256.0M)]
 [Times: user=0.12 sys=0.01, real=0.02 secs] 
2026-06-18T14:07:20.396+0800: 51.387: [GC pause (G1 Evacuation Pause) (young), 0.0182169 secs]
   [Parallel Time: 14.4 ms, GC Workers: 18]
      [GC Worker Start (ms): Min: 51387.0, Avg: 51391.2, Max: 51401.1, Diff: 14.1]
      [Ext Root Scanning (ms): Min: 0.0, Avg: 0.1, Max: 0.4, Diff: 0.4, Sum: 1.4]
      [Update RS (ms): Min: 0.0, Avg: 0.0, Max: 0.0, Diff: 0.0, Sum: 0.1]
         [Processed Buffers: Min: 0, Avg: 0.2, Max: 1, Diff: 1, Sum: 3]
      [Scan RS (ms): Min: 0.0, Avg: 0.0, Max: 0.0, Diff: 0.0, Sum: 0.4]
      [Code Root Scanning (ms): Min: 0.0, Avg: 0.0, Max: 0.0, Diff: 0.0, Sum: 0.0]
      [Object Copy (ms): Min: 0.0, Avg: 0.5, Max: 2.9, Diff: 2.9, Sum: 8.7]
      [Termination (ms): Min: 0.0, Avg: 9.4, Max: 13.1, Diff: 13.1, Sum: 168.4]
         [Termination Attempts: Min: 1, Avg: 1.0, Max: 1, Diff: 0, Sum: 18]
      [GC Worker Other (ms): Min: 0.0, Avg: 0.0, Max: 0.0, Diff: 0.0, Sum: 0.2]
      [GC Worker Total (ms): Min: 0.0, Avg: 10.0, Max: 14.1, Diff: 14.1, Sum: 179.2]
      [GC Worker End (ms): Min: 51401.1, Avg: 51401.1, Max: 51401.2, Diff: 0.2]
   [Code Root Fixup: 0.0 ms]
   [Code Root Purge: 0.0 ms]
   [Clear CT: 1.1 ms]
   [Other: 2.8 ms]
      [Choose CSet: 0.0 ms]
      [Ref Proc: 1.9 ms]
      [Ref Enq: 0.0 ms]
      [Redirty Cards: 0.7 ms]
      [Humongous Register: 0.0 ms]
      [Humongous Reclaim: 0.0 ms]
      [Free CSet: 0.0 ms]
   [Eden: 133.0M(133.0M)->0.0B(137.0M) Survivors: 20480.0K->16384.0K Heap: 189.4M(256.0M)->52932.4K(256.0M)]
 [Times: user=0.19 sys=0.01, real=0.02 secs] 
2026-06-18T14:07:20.771+0800: 51.762: [GC pause (G1 Evacuation Pause) (young), 0.0215849 secs]
   [Parallel Time: 17.5 ms, GC Workers: 18]
      [GC Worker Start (ms): Min: 51761.6, Avg: 51767.4, Max: 51778.1, Diff: 16.5]
      [Ext Root Scanning (ms): Min: 0.0, Avg: 0.0, Max: 0.2, Diff: 0.2, Sum: 0.4]
      [Update RS (ms): Min: 0.0, Avg: 0.0, Max: 0.0, Diff: 0.0, Sum: 0.0]
         [Processed Buffers: Min: 0, Avg: 0.2, Max: 1, Diff: 1, Sum: 3]
      [Scan RS (ms): Min: 0.0, Avg: 0.0, Max: 0.0, Diff: 0.0, Sum: 0.2]
      [Code Root Scanning (ms): Min: 0.0, Avg: 0.0, Max: 0.0, Diff: 0.0, Sum: 0.0]
      [Object Copy (ms): Min: 0.0, Avg: 0.2, Max: 0.5, Diff: 0.5, Sum: 3.3]
      [Termination (ms): Min: 0.0, Avg: 10.6, Max: 16.1, Diff: 16.1, Sum: 191.1]
         [Termination Attempts: Min: 1, Avg: 1.0, Max: 1, Diff: 0, Sum: 18]
      [GC Worker Other (ms): Min: 0.0, Avg: 0.0, Max: 0.0, Diff: 0.0, Sum: 0.1]
      [GC Worker Total (ms): Min: 0.0, Avg: 10.8, Max: 16.6, Diff: 16.6, Sum: 195.1]
      [GC Worker End (ms): Min: 51778.1, Avg: 51778.2, Max: 51778.4, Diff: 0.3]
   [Code Root Fixup: 0.0 ms]
   [Code Root Purge: 0.0 ms]
   [Clear CT: 1.1 ms]
   [Other: 2.9 ms]
      [Choose CSet: 0.0 ms]
      [Ref Proc: 2.0 ms]
      [Ref Enq: 0.0 ms]
      [Redirty Cards: 0.8 ms]
      [Humongous Register: 0.0 ms]
      [Humongous Reclaim: 0.0 ms]
      [Free CSet: 0.0 ms]
   [Eden: 137.0M(137.0M)->0.0B(136.0M) Survivors: 16384.0K->17408.0K Heap: 190.9M(256.0M)->56306.3K(256.0M)]
 [Times: user=0.21 sys=0.01, real=0.02 secs] 
2026-06-18T14:07:21.128+0800: 52.119: [GC pause (G1 Evacuation Pause) (young), 0.0086878 secs]
   [Parallel Time: 2.2 ms, GC Workers: 18]
      [GC Worker Start (ms): Min: 52118.8, Avg: 52119.6, Max: 52120.4, Diff: 1.6]
      [Ext Root Scanning (ms): Min: 0.0, Avg: 0.0, Max: 0.2, Diff: 0.2, Sum: 0.5]
      [Update RS (ms): Min: 0.0, Avg: 0.0, Max: 0.0, Diff: 0.0, Sum: 0.0]
         [Processed Buffers: Min: 0, Avg: 0.2, Max: 1, Diff: 1, Sum: 3]
      [Scan RS (ms): Min: 0.0, Avg: 0.0, Max: 0.0, Diff: 0.0, Sum: 0.2]
      [Code Root Scanning (ms): Min: 0.0, Avg: 0.0, Max: 0.0, Diff: 0.0, Sum: 0.0]
      [Object Copy (ms): Min: 0.0, Avg: 0.2, Max: 0.6, Diff: 0.6, Sum: 4.3]
      [Termination (ms): Min: 0.0, Avg: 0.6, Max: 1.0, Diff: 1.0, Sum: 11.3]
         [Termination Attempts: Min: 1, Avg: 1.0, Max: 1, Diff: 0, Sum: 18]
      [GC Worker Other (ms): Min: 0.0, Avg: 0.0, Max: 0.0, Diff: 0.0, Sum: 0.1]
      [GC Worker Total (ms): Min: 0.0, Avg: 0.9, Max: 1.7, Diff: 1.7, Sum: 16.5]
      [GC Worker End (ms): Min: 52120.4, Avg: 52120.5, Max: 52120.6, Diff: 0.2]
   [Code Root Fixup: 0.0 ms]
   [Code Root Purge: 0.0 ms]
   [Clear CT: 0.8 ms]
   [Other: 5.7 ms]
      [Choose CSet: 0.0 ms]
      [Ref Proc: 5.0 ms]
      [Ref Enq: 0.0 ms]
      [Redirty Cards: 0.6 ms]
      [Humongous Register: 0.0 ms]
      [Humongous Reclaim: 0.0 ms]
      [Free CSet: 0.0 ms]
   [Eden: 136.0M(136.0M)->0.0B(133.0M) Survivors: 17408.0K->20480.0K Heap: 193.3M(256.0M)->58006.2K(256.0M)]
 [Times: user=0.07 sys=0.00, real=0.01 secs] 
2026-06-18T14:07:22.535+0800: 52.451: [GC pause (G1 Evacuation Pause) (young), 0.0374657 secs]
   [Parallel Time: 32.4 ms, GC Workers: 18]
      [GC Worker Start (ms): Min: 52451.3, Avg: 52462.9, Max: 52482.5, Diff: 31.2]
      [Ext Root Scanning (ms): Min: 0.0, Avg: 0.0, Max: 0.2, Diff: 0.2, Sum: 0.4]
      [Update RS (ms): Min: 0.0, Avg: 0.0, Max: 0.0, Diff: 0.0, Sum: 0.0]
         [Processed Buffers: Min: 0, Avg: 0.2, Max: 1, Diff: 1, Sum: 3]
      [Scan RS (ms): Min: 0.0, Avg: 0.0, Max: 0.0, Diff: 0.0, Sum: 0.1]
      [Code Root Scanning (ms): Min: 0.0, Avg: 0.0, Max: 0.0, Diff: 0.0, Sum: 0.0]
      [Object Copy (ms): Min: 0.0, Avg: 0.1, Max: 0.7, Diff: 0.7, Sum: 2.2]
      [Termination (ms): Min: 0.0, Avg: 19.6, Max: 30.5, Diff: 30.5, Sum: 352.5]
         [Termination Attempts: Min: 1, Avg: 1.0, Max: 1, Diff: 0, Sum: 18]
      [GC Worker Other (ms): Min: 0.0, Avg: 0.0, Max: 0.0, Diff: 0.0, Sum: 0.1]
      [GC Worker Total (ms): Min: 0.0, Avg: 19.7, Max: 31.5, Diff: 31.4, Sum: 355.4]
      [GC Worker End (ms): Min: 52482.5, Avg: 52482.7, Max: 52482.8, Diff: 0.4]
   [Code Root Fixup: 0.0 ms]
   [Code Root Purge: 0.0 ms]
   [Clear CT: 1.1 ms]
   [Other: 4.0 ms]
      [Choose CSet: 0.0 ms]
      [Ref Proc: 2.8 ms]
      [Ref Enq: 0.0 ms]
      [Redirty Cards: 1.0 ms]
      [Humongous Register: 0.0 ms]
      [Humongous Reclaim: 0.0 ms]
      [Free CSet: 0.0 ms]
   [Eden: 133.0M(133.0M)->0.0B(134.0M) Survivors: 20480.0K->19456.0K Heap: 190.8M(256.0M)->58155.3K(256.0M)]
 [Times: user=0.40 sys=0.01, real=0.04 secs] 
2026-06-18T14:07:22.922+0800: 52.838: [GC pause (G1 Evacuation Pause) (young), 0.0610883 secs]
   [Parallel Time: 53.3 ms, GC Workers: 18]
      [GC Worker Start (ms): Min: 52838.2, Avg: 52868.9, Max: 52889.9, Diff: 51.7]
      [Ext Root Scanning (ms): Min: 0.0, Avg: 0.1, Max: 0.5, Diff: 0.5, Sum: 1.0]
      [Update RS (ms): Min: 0.0, Avg: 0.0, Max: 0.0, Diff: 0.0, Sum: 0.0]
         [Processed Buffers: Min: 0, Avg: 0.2, Max: 1, Diff: 1, Sum: 3]
      [Scan RS (ms): Min: 0.0, Avg: 0.0, Max: 0.1, Diff: 0.1, Sum: 0.2]
      [Code Root Scanning (ms): Min: 0.0, Avg: 0.0, Max: 0.0, Diff: 0.0, Sum: 0.0]
      [Object Copy (ms): Min: 0.0, Avg: 0.2, Max: 1.2, Diff: 1.2, Sum: 3.5]
      [Termination (ms): Min: 0.0, Avg: 20.8, Max: 50.2, Diff: 50.2, Sum: 375.1]
         [Termination Attempts: Min: 1, Avg: 1.0, Max: 1, Diff: 0, Sum: 18]
      [GC Worker Other (ms): Min: 0.0, Avg: 0.0, Max: 0.1, Diff: 0.1, Sum: 0.2]
      [GC Worker Total (ms): Min: 0.0, Avg: 21.1, Max: 51.9, Diff: 51.9, Sum: 380.0]
      [GC Worker End (ms): Min: 52889.9, Avg: 52890.0, Max: 52890.3, Diff: 0.4]
   [Code Root Fixup: 0.0 ms]
   [Code Root Purge: 0.0 ms]
   [Clear CT: 1.3 ms]
   [Other: 6.5 ms]
      [Choose CSet: 0.0 ms]
      [Ref Proc: 5.8 ms]
      [Ref Enq: 0.0 ms]
      [Redirty Cards: 0.5 ms]
      [Humongous Register: 0.0 ms]
      [Humongous Reclaim: 0.0 ms]
      [Free CSet: 0.0 ms]
   [Eden: 134.0M(134.0M)->0.0B(133.0M) Survivors: 19456.0K->20480.0K Heap: 193.0M(256.0M)->61355.4K(256.0M)]
 [Times: user=0.44 sys=0.01, real=0.08 secs] 
2026-06-18T14:07:23.338+0800: 53.254: [GC pause (G1 Evacuation Pause) (young), 0.0424580 secs]
   [Parallel Time: 35.4 ms, GC Workers: 18]
      [GC Worker Start (ms): Min: 53254.6, Avg: 53269.2, Max: 53288.0, Diff: 33.4]
      [Ext Root Scanning (ms): Min: 0.0, Avg: 0.0, Max: 0.5, Diff: 0.5, Sum: 0.9]
      [Update RS (ms): Min: 0.0, Avg: 0.0, Max: 0.0, Diff: 0.0, Sum: 0.1]
         [Processed Buffers: Min: 0, Avg: 0.2, Max: 2, Diff: 2, Sum: 3]
      [Scan RS (ms): Min: 0.0, Avg: 0.0, Max: 0.1, Diff: 0.1, Sum: 0.2]
      [Code Root Scanning (ms): Min: 0.0, Avg: 0.0, Max: 0.0, Diff: 0.0, Sum: 0.0]
      [Object Copy (ms): Min: 0.0, Avg: 0.3, Max: 2.3, Diff: 2.3, Sum: 4.5]
      [Termination (ms): Min: 0.0, Avg: 18.6, Max: 30.7, Diff: 30.7, Sum: 334.5]
         [Termination Attempts: Min: 1, Avg: 1.0, Max: 1, Diff: 0, Sum: 18]
      [GC Worker Other (ms): Min: 0.0, Avg: 0.0, Max: 0.0, Diff: 0.0, Sum: 0.1]
      [GC Worker Total (ms): Min: 0.0, Avg: 18.9, Max: 33.6, Diff: 33.6, Sum: 340.4]
      [GC Worker End (ms): Min: 53288.0, Avg: 53288.1, Max: 53288.3, Diff: 0.3]
   [Code Root Fixup: 0.0 ms]
   [Code Root Purge: 0.0 ms]
   [Clear CT: 1.4 ms]
   [Other: 5.7 ms]
      [Choose CSet: 0.0 ms]
      [Ref Proc: 4.3 ms]
      [Ref Enq: 0.0 ms]
      [Redirty Cards: 1.2 ms]
      [Humongous Register: 0.0 ms]
      [Humongous Reclaim: 0.0 ms]
      [Free CSet: 0.0 ms]
   [Eden: 133.0M(133.0M)->0.0B(133.0M) Survivors: 20480.0K->20480.0K Heap: 195.4M(256.0M)->60955.2K(256.0M)]
 [Times: user=0.38 sys=0.01, real=0.05 secs] 
2026-06-18T14:07:23.726+0800: 53.643: [GC pause (G1 Evacuation Pause) (young), 0.0546173 secs]
   [Parallel Time: 46.0 ms, GC Workers: 18]
      [GC Worker Start (ms): Min: 53642.9, Avg: 53668.3, Max: 53687.0, Diff: 44.1]
      [Ext Root Scanning (ms): Min: 0.0, Avg: 0.0, Max: 0.5, Diff: 0.5, Sum: 0.8]
      [Update RS (ms): Min: 0.0, Avg: 0.0, Max: 0.0, Diff: 0.0, Sum: 0.1]
         [Processed Buffers: Min: 0, Avg: 0.2, Max: 1, Diff: 1, Sum: 3]
      [Scan RS (ms): Min: 0.0, Avg: 0.0, Max: 0.1, Diff: 0.1, Sum: 0.3]
      [Code Root Scanning (ms): Min: 0.0, Avg: 0.0, Max: 0.0, Diff: 0.0, Sum: 0.0]
      [Object Copy (ms): Min: 0.0, Avg: 0.2, Max: 0.9, Diff: 0.9, Sum: 3.3]
      [Termination (ms): Min: 0.0, Avg: 18.6, Max: 42.8, Diff: 42.8, Sum: 334.3]
         [Termination Attempts: Min: 1, Avg: 1.0, Max: 1, Diff: 0, Sum: 18]
      [GC Worker Other (ms): Min: 0.0, Avg: 0.0, Max: 0.0, Diff: 0.0, Sum: 0.1]
      [GC Worker Total (ms): Min: 0.0, Avg: 18.8, Max: 44.2, Diff: 44.2, Sum: 338.8]
      [GC Worker End (ms): Min: 53687.0, Avg: 53687.1, Max: 53687.3, Diff: 0.3]
   [Code Root Fixup: 0.0 ms]
   [Code Root Purge: 0.0 ms]
   [Clear CT: 0.9 ms]
   [Other: 7.8 ms]
      [Choose CSet: 0.0 ms]
      [Ref Proc: 7.1 ms]
      [Ref Enq: 0.0 ms]
      [Redirty Cards: 0.5 ms]
      [Humongous Register: 0.0 ms]
      [Humongous Reclaim: 0.0 ms]
      [Free CSet: 0.0 ms]
   [Eden: 133.0M(133.0M)->0.0B(138.0M) Survivors: 20480.0K->15360.0K Heap: 194.7M(256.0M)->57758.3K(256.0M)]
 [Times: user=0.41 sys=0.00, real=0.06 secs] 
2026-06-18T14:07:24.142+0800: 54.058: [GC pause (G1 Evacuation Pause) (young), 0.0294361 secs]
   [Parallel Time: 23.9 ms, GC Workers: 18]
      [GC Worker Start (ms): Min: 54058.4, Avg: 54068.5, Max: 54081.3, Diff: 23.0]
      [Ext Root Scanning (ms): Min: 0.0, Avg: 0.0, Max: 0.2, Diff: 0.2, Sum: 0.3]
      [Update RS (ms): Min: 0.0, Avg: 0.0, Max: 0.0, Diff: 0.0, Sum: 0.0]
         [Processed Buffers: Min: 0, Avg: 0.2, Max: 2, Diff: 2, Sum: 3]
      [Scan RS (ms): Min: 0.0, Avg: 0.0, Max: 0.0, Diff: 0.0, Sum: 0.1]
      [Code Root Scanning (ms): Min: 0.0, Avg: 0.0, Max: 0.0, Diff: 0.0, Sum: 0.0]
      [Object Copy (ms): Min: 0.0, Avg: 0.1, Max: 0.5, Diff: 0.5, Sum: 2.5]
      [Termination (ms): Min: 0.0, Avg: 12.8, Max: 22.5, Diff: 22.5, Sum: 230.5]
         [Termination Attempts: Min: 1, Avg: 1.0, Max: 1, Diff: 0, Sum: 18]
      [GC Worker Other (ms): Min: 0.0, Avg: 0.0, Max: 0.0, Diff: 0.0, Sum: 0.1]
      [GC Worker Total (ms): Min: 0.0, Avg: 13.0, Max: 23.1, Diff: 23.0, Sum: 233.5]
      [GC Worker End (ms): Min: 54081.3, Avg: 54081.4, Max: 54081.7, Diff: 0.3]
   [Code Root Fixup: 0.0 ms]
   [Code Root Purge: 0.0 ms]
   [Clear CT: 1.4 ms]
   [Other: 4.1 ms]
      [Choose CSet: 0.0 ms]
      [Ref Proc: 3.3 ms]
      [Ref Enq: 0.0 ms]
      [Redirty Cards: 0.7 ms]
      [Humongous Register: 0.0 ms]
      [Humongous Reclaim: 0.0 ms]
      [Free CSet: 0.0 ms]
   [Eden: 138.0M(138.0M)->0.0B(136.0M) Survivors: 15360.0K->17408.0K Heap: 196.6M(256.0M)->55888.2K(256.0M)]
 [Times: user=0.25 sys=0.00, real=0.03 secs] 
2026-06-18T14:07:24.507+0800: 54.423: [GC pause (G1 Evacuation Pause) (young), 0.0141233 secs]
   [Parallel Time: 10.8 ms, GC Workers: 18]
      [GC Worker Start (ms): Min: 54423.4, Avg: 54427.3, Max: 54433.2, Diff: 9.8]
      [Ext Root Scanning (ms): Min: 0.0, Avg: 0.0, Max: 0.2, Diff: 0.2, Sum: 0.4]
      [Update RS (ms): Min: 0.0, Avg: 0.0, Max: 0.0, Diff: 0.0, Sum: 0.0]
         [Processed Buffers: Min: 0, Avg: 0.2, Max: 2, Diff: 2, Sum: 3]
      [Scan RS (ms): Min: 0.0, Avg: 0.0, Max: 0.0, Diff: 0.0, Sum: 0.1]
      [Code Root Scanning (ms): Min: 0.0, Avg: 0.0, Max: 0.0, Diff: 0.0, Sum: 0.0]
      [Object Copy (ms): Min: 0.0, Avg: 0.2, Max: 0.5, Diff: 0.5, Sum: 3.3]
      [Termination (ms): Min: 0.0, Avg: 5.8, Max: 9.2, Diff: 9.2, Sum: 104.6]
         [Termination Attempts: Min: 1, Avg: 1.0, Max: 1, Diff: 0, Sum: 18]
      [GC Worker Other (ms): Min: 0.0, Avg: 0.0, Max: 0.0, Diff: 0.0, Sum: 0.1]
      [GC Worker Total (ms): Min: 0.0, Avg: 6.0, Max: 9.9, Diff: 9.9, Sum: 108.6]
      [GC Worker End (ms): Min: 54433.3, Avg: 54433.3, Max: 54433.3, Diff: 0.1]
   [Code Root Fixup: 0.0 ms]
   [Code Root Purge: 0.0 ms]
   [Clear CT: 0.7 ms]
   [Other: 2.7 ms]
      [Choose CSet: 0.0 ms]
      [Ref Proc: 2.0 ms]
      [Ref Enq: 0.0 ms]
      [Redirty Cards: 0.5 ms]
      [Humongous Register: 0.0 ms]
      [Humongous Reclaim: 0.0 ms]
      [Free CSet: 0.0 ms]
   [Eden: 136.0M(136.0M)->0.0B(136.0M) Survivors: 17408.0K->17408.0K Heap: 192.8M(256.0M)->58125.3K(256.0M)]
 [Times: user=0.12 sys=0.01, real=0.02 secs] 
2026-06-18T14:07:24.868+0800: 54.784: [GC pause (G1 Evacuation Pause) (young), 0.0164916 secs]
   [Parallel Time: 12.9 ms, GC Workers: 18]
      [GC Worker Start (ms): Min: 54784.2, Avg: 54788.1, Max: 54796.1, Diff: 11.9]
      [Ext Root Scanning (ms): Min: 0.0, Avg: 0.0, Max: 0.2, Diff: 0.2, Sum: 0.4]
      [Update RS (ms): Min: 0.0, Avg: 0.0, Max: 0.0, Diff: 0.0, Sum: 0.0]
         [Processed Buffers: Min: 0, Avg: 0.2, Max: 1, Diff: 1, Sum: 3]
      [Scan RS (ms): Min: 0.0, Avg: 0.0, Max: 0.0, Diff: 0.0, Sum: 0.1]
      [Code Root Scanning (ms): Min: 0.0, Avg: 0.0, Max: 0.0, Diff: 0.0, Sum: 0.0]
      [Object Copy (ms): Min: 0.0, Avg: 0.2, Max: 0.6, Diff: 0.6, Sum: 3.0]
      [Termination (ms): Min: 0.0, Avg: 7.9, Max: 11.3, Diff: 11.3, Sum: 142.7]
         [Termination Attempts: Min: 1, Avg: 1.0, Max: 1, Diff: 0, Sum: 18]
      [GC Worker Other (ms): Min: 0.0, Avg: 0.0, Max: 0.0, Diff: 0.0, Sum: 0.1]
      [GC Worker Total (ms): Min: 0.0, Avg: 8.1, Max: 12.1, Diff: 12.0, Sum: 146.3]
      [GC Worker End (ms): Min: 54796.1, Avg: 54796.2, Max: 54796.3, Diff: 0.2]
   [Code Root Fixup: 0.0 ms]
   [Code Root Purge: 0.0 ms]
   [Clear CT: 0.6 ms]
   [Other: 3.0 ms]
      [Choose CSet: 0.0 ms]
      [Ref Proc: 2.1 ms]
      [Ref Enq: 0.0 ms]
      [Redirty Cards: 0.7 ms]
      [Humongous Register: 0.0 ms]
      [Humongous Reclaim: 0.0 ms]
      [Free CSet: 0.0 ms]
   [Eden: 136.0M(136.0M)->0.0B(135.0M) Survivors: 17408.0K->18432.0K Heap: 195.4M(256.0M)->61907.3K(256.0M)]
 [Times: user=0.16 sys=0.00, real=0.02 secs] 
2026-06-18T14:07:25.231+0800: 55.148: [GC pause (G1 Evacuation Pause) (young), 0.0176347 secs]
   [Parallel Time: 14.3 ms, GC Workers: 18]
      [GC Worker Start (ms): Min: 55147.8, Avg: 55151.3, Max: 55161.1, Diff: 13.3]
      [Ext Root Scanning (ms): Min: 0.0, Avg: 0.0, Max: 0.2, Diff: 0.2, Sum: 0.4]
      [Update RS (ms): Min: 0.0, Avg: 0.0, Max: 0.0, Diff: 0.0, Sum: 0.0]
         [Processed Buffers: Min: 0, Avg: 0.2, Max: 1, Diff: 1, Sum: 3]
      [Scan RS (ms): Min: 0.0, Avg: 0.0, Max: 0.0, Diff: 0.0, Sum: 0.2]
      [Code Root Scanning (ms): Min: 0.0, Avg: 0.0, Max: 0.0, Diff: 0.0, Sum: 0.0]
      [Object Copy (ms): Min: 0.0, Avg: 0.9, Max: 3.7, Diff: 3.7, Sum: 15.4]
      [Termination (ms): Min: 0.0, Avg: 9.0, Max: 12.6, Diff: 12.6, Sum: 161.4]
         [Termination Attempts: Min: 1, Avg: 1.0, Max: 1, Diff: 0, Sum: 18]
      [GC Worker Other (ms): Min: 0.0, Avg: 0.0, Max: 0.0, Diff: 0.0, Sum: 0.1]
      [GC Worker Total (ms): Min: 0.0, Avg: 9.9, Max: 13.5, Diff: 13.5, Sum: 177.5]
      [GC Worker End (ms): Min: 55161.1, Avg: 55161.2, Max: 55161.4, Diff: 0.3]
   [Code Root Fixup: 0.0 ms]
   [Code Root Purge: 0.0 ms]
   [Clear CT: 1.0 ms]
   [Other: 2.4 ms]
      [Choose CSet: 0.0 ms]
      [Ref Proc: 1.5 ms]
      [Ref Enq: 0.0 ms]
      [Redirty Cards: 0.7 ms]
      [Humongous Register: 0.0 ms]
      [Humongous Reclaim: 0.0 ms]
      [Free CSet: 0.0 ms]
   [Eden: 135.0M(135.0M)->0.0B(133.0M) Survivors: 18432.0K->20480.0K Heap: 198.1M(256.0M)->63167.2K(256.0M)]
 [Times: user=0.17 sys=0.01, real=0.02 secs] 
2026-06-18T14:07:25.586+0800: 55.502: [GC pause (G1 Evacuation Pause) (young), 0.0159269 secs]
   [Parallel Time: 12.5 ms, GC Workers: 18]
      [GC Worker Start (ms): Min: 55502.3, Avg: 55506.5, Max: 55514.1, Diff: 11.7]
      [Ext Root Scanning (ms): Min: 0.0, Avg: 0.0, Max: 0.2, Diff: 0.2, Sum: 0.4]
      [Update RS (ms): Min: 0.0, Avg: 0.0, Max: 0.0, Diff: 0.0, Sum: 0.0]
         [Processed Buffers: Min: 0, Avg: 0.2, Max: 1, Diff: 1, Sum: 3]
      [Scan RS (ms): Min: 0.0, Avg: 0.0, Max: 0.0, Diff: 0.0, Sum: 0.1]
      [Code Root Scanning (ms): Min: 0.0, Avg: 0.0, Max: 0.0, Diff: 0.0, Sum: 0.0]
      [Object Copy (ms): Min: 0.0, Avg: 0.2, Max: 0.9, Diff: 0.9, Sum: 3.6]
      [Termination (ms): Min: 0.0, Avg: 7.4, Max: 10.8, Diff: 10.8, Sum: 133.9]
         [Termination Attempts: Min: 1, Avg: 1.0, Max: 1, Diff: 0, Sum: 18]
      [GC Worker Other (ms): Min: 0.0, Avg: 0.0, Max: 0.0, Diff: 0.0, Sum: 0.1]
      [GC Worker Total (ms): Min: 0.0, Avg: 7.7, Max: 11.9, Diff: 11.8, Sum: 138.2]
      [GC Worker End (ms): Min: 55514.1, Avg: 55514.2, Max: 55514.3, Diff: 0.2]
   [Code Root Fixup: 0.0 ms]
   [Code Root Purge: 0.0 ms]
   [Clear CT: 0.9 ms]
   [Other: 2.5 ms]
      [Choose CSet: 0.0 ms]
      [Ref Proc: 1.9 ms]
      [Ref Enq: 0.0 ms]
      [Redirty Cards: 0.5 ms]
      [Humongous Register: 0.0 ms]
      [Humongous Reclaim: 0.0 ms]
      [Free CSet: 0.0 ms]
   [Eden: 133.0M(133.0M)->0.0B(127.0M) Survivors: 20480.0K->20480.0K Heap: 197.3M(256.0M)->67671.3K(256.0M)]
 [Times: user=0.15 sys=0.01, real=0.02 secs] 
2026-06-18T14:07:25.918+0800: 55.834: [GC pause (G1 Evacuation Pause) (young), 0.0086741 secs]
   [Parallel Time: 5.0 ms, GC Workers: 18]
      [GC Worker Start (ms): Min: 55834.4, Avg: 55835.9, Max: 55838.8, Diff: 4.4]
      [Ext Root Scanning (ms): Min: 0.0, Avg: 0.0, Max: 0.2, Diff: 0.2, Sum: 0.4]
      [Update RS (ms): Min: 0.0, Avg: 0.0, Max: 0.0, Diff: 0.0, Sum: 0.0]
         [Processed Buffers: Min: 0, Avg: 0.2, Max: 1, Diff: 1, Sum: 3]
      [Scan RS (ms): Min: 0.0, Avg: 0.0, Max: 0.0, Diff: 0.0, Sum: 0.2]
      [Code Root Scanning (ms): Min: 0.0, Avg: 0.0, Max: 0.0, Diff: 0.0, Sum: 0.0]
      [Object Copy (ms): Min: 0.0, Avg: 0.3, Max: 0.8, Diff: 0.8, Sum: 6.0]
      [Termination (ms): Min: 0.0, Avg: 2.6, Max: 3.6, Diff: 3.6, Sum: 47.3]
         [Termination Attempts: Min: 1, Avg: 1.0, Max: 1, Diff: 0, Sum: 18]
      [GC Worker Other (ms): Min: 0.0, Avg: 0.0, Max: 0.0, Diff: 0.0, Sum: 0.1]
      [GC Worker Total (ms): Min: 0.0, Avg: 3.0, Max: 4.6, Diff: 4.6, Sum: 54.0]
      [GC Worker End (ms): Min: 55838.9, Avg: 55838.9, Max: 55839.0, Diff: 0.2]
   [Code Root Fixup: 0.0 ms]
   [Code Root Purge: 0.0 ms]
   [Clear CT: 0.8 ms]
   [Other: 2.9 ms]
      [Choose CSet: 0.0 ms]
      [Ref Proc: 2.0 ms]
      [Ref Enq: 0.0 ms]
      [Redirty Cards: 0.8 ms]
      [Humongous Register: 0.0 ms]
      [Humongous Reclaim: 0.0 ms]
      [Free CSet: 0.0 ms]
   [Eden: 127.0M(127.0M)->0.0B(119.0M) Survivors: 20480.0K->19456.0K Heap: 194.3M(256.0M)->74083.3K(256.0M)]
 [Times: user=0.08 sys=0.00, real=0.01 secs] 
2026-06-18T14:07:26.229+0800: 56.146: [GC pause (G1 Evacuation Pause) (young), 0.0101115 secs]
   [Parallel Time: 5.4 ms, GC Workers: 18]
      [GC Worker Start (ms): Min: 56145.6, Avg: 56147.0, Max: 56150.5, Diff: 4.8]
      [Ext Root Scanning (ms): Min: 0.0, Avg: 0.0, Max: 0.2, Diff: 0.2, Sum: 0.4]
      [Update RS (ms): Min: 0.0, Avg: 0.0, Max: 0.0, Diff: 0.0, Sum: 0.0]
         [Processed Buffers: Min: 0, Avg: 0.2, Max: 1, Diff: 1, Sum: 3]
      [Scan RS (ms): Min: 0.0, Avg: 0.0, Max: 0.0, Diff: 0.0, Sum: 0.2]
      [Code Root Scanning (ms): Min: 0.0, Avg: 0.0, Max: 0.0, Diff: 0.0, Sum: 0.0]
      [Object Copy (ms): Min: 0.0, Avg: 0.3, Max: 0.8, Diff: 0.8, Sum: 5.6]
      [Termination (ms): Min: 0.0, Avg: 3.2, Max: 4.1, Diff: 4.1, Sum: 57.0]
         [Termination Attempts: Min: 1, Avg: 1.0, Max: 1, Diff: 0, Sum: 18]
      [GC Worker Other (ms): Min: 0.0, Avg: 0.0, Max: 0.0, Diff: 0.0, Sum: 0.1]
      [GC Worker Total (ms): Min: 0.0, Avg: 3.5, Max: 4.8, Diff: 4.8, Sum: 63.3]
      [GC Worker End (ms): Min: 56150.5, Avg: 56150.5, Max: 56150.6, Diff: 0.1]
   [Code Root Fixup: 0.0 ms]
   [Code Root Purge: 0.0 ms]
   [Clear CT: 0.8 ms]
   [Other: 4.0 ms]
      [Choose CSet: 0.0 ms]
      [Ref Proc: 3.3 ms]
      [Ref Enq: 0.0 ms]
      [Redirty Cards: 0.6 ms]
      [Humongous Register: 0.0 ms]
      [Humongous Reclaim: 0.0 ms]
      [Free CSet: 0.0 ms]
   [Eden: 119.0M(119.0M)->0.0B(118.0M) Survivors: 19456.0K->18432.0K Heap: 193.7M(256.0M)->75188.2K(256.0M)]
 [Times: user=0.10 sys=0.01, real=0.01 secs] 
2026-06-18T14:07:26.542+0800: 56.458: [GC pause (G1 Evacuation Pause) (young), 0.0127606 secs]
   [Parallel Time: 3.4 ms, GC Workers: 18]
      [GC Worker Start (ms): Min: 56458.5, Avg: 56459.8, Max: 56461.2, Diff: 2.7]
      [Ext Root Scanning (ms): Min: 0.0, Avg: 0.0, Max: 0.1, Diff: 0.1, Sum: 0.2]
      [Update RS (ms): Min: 0.0, Avg: 0.0, Max: 0.0, Diff: 0.0, Sum: 0.0]
         [Processed Buffers: Min: 0, Avg: 0.2, Max: 2, Diff: 2, Sum: 3]
      [Scan RS (ms): Min: 0.0, Avg: 0.0, Max: 0.0, Diff: 0.0, Sum: 0.1]
      [Code Root Scanning (ms): Min: 0.0, Avg: 0.0, Max: 0.0, Diff: 0.0, Sum: 0.0]
      [Object Copy (ms): Min: 0.0, Avg: 0.2, Max: 0.7, Diff: 0.7, Sum: 3.1]
      [Termination (ms): Min: 0.0, Avg: 1.3, Max: 2.0, Diff: 2.0, Sum: 23.1]
         [Termination Attempts: Min: 1, Avg: 1.0, Max: 1, Diff: 0, Sum: 18]
      [GC Worker Other (ms): Min: 0.0, Avg: 0.0, Max: 0.0, Diff: 0.0, Sum: 0.1]
      [GC Worker Total (ms): Min: 0.0, Avg: 1.5, Max: 2.8, Diff: 2.8, Sum: 26.7]
      [GC Worker End (ms): Min: 56461.2, Avg: 56461.3, Max: 56461.4, Diff: 0.2]
   [Code Root Fixup: 0.0 ms]
   [Code Root Purge: 0.0 ms]
   [Clear CT: 0.8 ms]
   [Other: 8.5 ms]
      [Choose CSet: 0.0 ms]
      [Ref Proc: 7.8 ms]
      [Ref Enq: 0.0 ms]
      [Redirty Cards: 0.7 ms]
      [Humongous Register: 0.0 ms]
      [Humongous Reclaim: 0.0 ms]
      [Free CSet: 0.0 ms]
   [Eden: 118.0M(118.0M)->0.0B(114.0M) Survivors: 18432.0K->17408.0K Heap: 193.3M(256.0M)->79012.3K(256.0M)]
 [Times: user=0.12 sys=0.00, real=0.01 secs] 
2026-06-18T14:07:26.836+0800: 56.753: [GC pause (G1 Evacuation Pause) (young), 0.0145051 secs]
   [Parallel Time: 9.3 ms, GC Workers: 18]
      [GC Worker Start (ms): Min: 56752.8, Avg: 56754.9, Max: 56761.0, Diff: 8.2]
      [Ext Root Scanning (ms): Min: 0.0, Avg: 0.0, Max: 0.2, Diff: 0.1, Sum: 0.2]
      [Update RS (ms): Min: 0.0, Avg: 0.0, Max: 0.0, Diff: 0.0, Sum: 0.0]
         [Processed Buffers: Min: 0, Avg: 0.2, Max: 2, Diff: 2, Sum: 3]
      [Scan RS (ms): Min: 0.0, Avg: 0.0, Max: 0.0, Diff: 0.0, Sum: 0.1]
      [Code Root Scanning (ms): Min: 0.0, Avg: 0.0, Max: 0.0, Diff: 0.0, Sum: 0.0]
      [Object Copy (ms): Min: 0.0, Avg: 0.2, Max: 0.6, Diff: 0.6, Sum: 2.7]
      [Termination (ms): Min: 0.0, Avg: 6.0, Max: 7.7, Diff: 7.7, Sum: 108.7]
         [Termination Attempts: Min: 1, Avg: 1.0, Max: 1, Diff: 0, Sum: 18]
      [GC Worker Other (ms): Min: 0.0, Avg: 0.0, Max: 0.0, Diff: 0.0, Sum: 0.1]
      [GC Worker Total (ms): Min: 0.0, Avg: 6.2, Max: 8.4, Diff: 8.4, Sum: 111.9]
      [GC Worker End (ms): Min: 56761.1, Avg: 56761.1, Max: 56761.2, Diff: 0.2]
   [Code Root Fixup: 0.0 ms]
   [Code Root Purge: 0.0 ms]
   [Clear CT: 1.6 ms]
   [Other: 3.7 ms]
      [Choose CSet: 0.0 ms]
      [Ref Proc: 2.8 ms]
      [Ref Enq: 0.0 ms]
      [Redirty Cards: 0.7 ms]
      [Humongous Register: 0.0 ms]
      [Humongous Reclaim: 0.0 ms]
      [Free CSet: 0.0 ms]
   [Eden: 114.0M(114.0M)->0.0B(113.0M) Survivors: 17408.0K->17408.0K Heap: 192.1M(256.0M)->82108.3K(256.0M)]
 [Times: user=0.15 sys=0.01, real=0.02 secs] 
2026-06-18T14:07:27.134+0800: 57.050: [GC pause (G1 Evacuation Pause) (young), 0.0124563 secs]
   [Parallel Time: 8.3 ms, GC Workers: 18]
      [GC Worker Start (ms): Min: 57050.5, Avg: 57052.8, Max: 57058.2, Diff: 7.7]
      [Ext Root Scanning (ms): Min: 0.0, Avg: 0.0, Max: 0.2, Diff: 0.2, Sum: 0.4]
      [Update RS (ms): Min: 0.0, Avg: 0.0, Max: 0.0, Diff: 0.0, Sum: 0.0]
         [Processed Buffers: Min: 0, Avg: 0.2, Max: 1, Diff: 1, Sum: 3]
      [Scan RS (ms): Min: 0.0, Avg: 0.0, Max: 0.0, Diff: 0.0, Sum: 0.1]
      [Code Root Scanning (ms): Min: 0.0, Avg: 0.0, Max: 0.0, Diff: 0.0, Sum: 0.0]
      [Object Copy (ms): Min: 0.0, Avg: 0.3, Max: 2.8, Diff: 2.8, Sum: 5.3]
      [Termination (ms): Min: 0.0, Avg: 5.1, Max: 7.1, Diff: 7.1, Sum: 91.0]
         [Termination Attempts: Min: 1, Avg: 1.0, Max: 1, Diff: 0, Sum: 18]
      [GC Worker Other (ms): Min: 0.0, Avg: 0.0, Max: 0.0, Diff: 0.0, Sum: 0.1]
      [GC Worker Total (ms): Min: 0.0, Avg: 5.4, Max: 7.8, Diff: 7.8, Sum: 96.9]
      [GC Worker End (ms): Min: 57058.2, Avg: 57058.2, Max: 57058.3, Diff: 0.1]
   [Code Root Fixup: 0.0 ms]
   [Code Root Purge: 0.0 ms]
   [Clear CT: 0.9 ms]
   [Other: 3.3 ms]
      [Choose CSet: 0.0 ms]
      [Ref Proc: 2.7 ms]
      [Ref Enq: 0.0 ms]
      [Redirty Cards: 0.5 ms]
      [Humongous Register: 0.0 ms]
      [Humongous Reclaim: 0.0 ms]
      [Free CSet: 0.0 ms]
   [Eden: 113.0M(113.0M)->0.0B(122.0M) Survivors: 17408.0K->15360.0K Heap: 195.4M(256.0M)->75611.3K(256.0M)]
 [Times: user=0.14 sys=0.00, real=0.01 secs] 
2026-06-18T14:07:27.460+0800: 57.376: [GC pause (G1 Evacuation Pause) (young), 0.0134873 secs]
   [Parallel Time: 9.1 ms, GC Workers: 18]
      [GC Worker Start (ms): Min: 57376.4, Avg: 57378.6, Max: 57384.6, Diff: 8.2]
      [Ext Root Scanning (ms): Min: 0.0, Avg: 0.0, Max: 0.2, Diff: 0.2, Sum: 0.3]
      [Update RS (ms): Min: 0.0, Avg: 0.0, Max: 0.0, Diff: 0.0, Sum: 0.0]
         [Processed Buffers: Min: 0, Avg: 0.2, Max: 1, Diff: 1, Sum: 3]
      [Scan RS (ms): Min: 0.0, Avg: 0.0, Max: 0.0, Diff: 0.0, Sum: 0.1]
      [Code Root Scanning (ms): Min: 0.0, Avg: 0.0, Max: 0.0, Diff: 0.0, Sum: 0.0]
      [Object Copy (ms): Min: 0.0, Avg: 0.2, Max: 0.6, Diff: 0.6, Sum: 3.4]
      [Termination (ms): Min: 0.0, Avg: 5.9, Max: 7.6, Diff: 7.6, Sum: 106.4]
         [Termination Attempts: Min: 1, Avg: 1.0, Max: 1, Diff: 0, Sum: 18]
      [GC Worker Other (ms): Min: 0.0, Avg: 0.0, Max: 0.0, Diff: 0.0, Sum: 0.1]
      [GC Worker Total (ms): Min: 0.0, Avg: 6.1, Max: 8.3, Diff: 8.2, Sum: 110.5]
      [GC Worker End (ms): Min: 57384.7, Avg: 57384.7, Max: 57384.8, Diff: 0.2]
   [Code Root Fixup: 0.0 ms]
   [Code Root Purge: 0.0 ms]
   [Clear CT: 1.1 ms]
   [Other: 3.2 ms]
      [Choose CSet: 0.0 ms]
      [Ref Proc: 2.5 ms]
      [Ref Enq: 0.0 ms]
      [Redirty Cards: 0.7 ms]
      [Humongous Register: 0.0 ms]
      [Humongous Reclaim: 0.0 ms]
      [Free CSet: 0.0 ms]
   [Eden: 122.0M(122.0M)->0.0B(117.0M) Survivors: 15360.0K->18432.0K Heap: 198.4M(256.0M)->81267.4K(256.0M)]
 [Times: user=0.15 sys=0.00, real=0.02 secs] 
2026-06-18T14:07:27.766+0800: 57.682: [GC pause (G1 Evacuation Pause) (young), 0.0140947 secs]
   [Parallel Time: 11.5 ms, GC Workers: 18]
      [GC Worker Start (ms): Min: 57682.4, Avg: 57687.2, Max: 57693.6, Diff: 11.2]
      [Ext Root Scanning (ms): Min: 0.0, Avg: 0.0, Max: 0.2, Diff: 0.2, Sum: 0.5]
      [Update RS (ms): Min: 0.0, Avg: 0.0, Max: 0.0, Diff: 0.0, Sum: 0.0]
         [Processed Buffers: Min: 0, Avg: 0.2, Max: 1, Diff: 1, Sum: 3]
      [Scan RS (ms): Min: 0.0, Avg: 0.0, Max: 0.0, Diff: 0.0, Sum: 0.1]
      [Code Root Scanning (ms): Min: 0.0, Avg: 0.0, Max: 0.0, Diff: 0.0, Sum: 0.0]
      [Object Copy (ms): Min: 0.0, Avg: 0.2, Max: 0.5, Diff: 0.5, Sum: 3.5]
      [Termination (ms): Min: 0.0, Avg: 6.2, Max: 10.7, Diff: 10.7, Sum: 111.2]
         [Termination Attempts: Min: 1, Avg: 1.0, Max: 1, Diff: 0, Sum: 18]
      [GC Worker Other (ms): Min: 0.0, Avg: 0.0, Max: 0.0, Diff: 0.0, Sum: 0.1]
      [GC Worker Total (ms): Min: 0.0, Avg: 6.4, Max: 11.4, Diff: 11.4, Sum: 115.4]
      [GC Worker End (ms): Min: 57693.6, Avg: 57693.7, Max: 57693.7, Diff: 0.1]
   [Code Root Fixup: 0.0 ms]
   [Code Root Purge: 0.0 ms]
   [Clear CT: 0.6 ms]
   [Other: 2.0 ms]
      [Choose CSet: 0.0 ms]
      [Ref Proc: 1.4 ms]
      [Ref Enq: 0.0 ms]
      [Redirty Cards: 0.5 ms]
      [Humongous Register: 0.0 ms]
      [Humongous Reclaim: 0.0 ms]
      [Free CSet: 0.0 ms]
   [Eden: 117.0M(117.0M)->0.0B(117.0M) Survivors: 18432.0K->17408.0K Heap: 197.2M(256.0M)->81254.3K(256.0M)]
 [Times: user=0.15 sys=0.00, real=0.01 secs] 
Heap
 garbage-first heap   total 262144K, used 178291K [0x00000000f0000000, 0x00000000f0100800, 0x0000000100000000)
  region size 1024K, 111 young (113664K), 17 survivors (17408K)
 Metaspace       used 2722K, capacity 4494K, committed 4864K, reserved 1056768K
  class space    used 282K, capacity 386K, committed 512K, reserved 1048576K
