[2026-06-17T09:53:43.757+0800][0.005s][info][gc] Using Concurrent Mark Sweep
[2026-06-17T09:53:43.758+0800][0.006s][info][gc,heap,coops] Heap address: 0x00000000fc000000, size: 64 MB, Compressed Oops mode: 32-bit
[2026-06-17T09:53:43.843+0800][0.091s][info][gc,start     ] GC(0) Pause Young (Allocation Failure)
[2026-06-17T09:53:43.843+0800][0.091s][info][gc,task      ] GC(0) Using 2 workers of 18 for evacuation
[2026-06-17T09:53:43.845+0800][0.094s][info][gc,heap      ] GC(0) ParNew: 17445K->2172K(19648K)
[2026-06-17T09:53:43.846+0800][0.094s][info][gc,heap      ] GC(0) CMS: 0K->4498K(43712K)
[2026-06-17T09:53:43.846+0800][0.094s][info][gc,metaspace ] GC(0) Metaspace: 3134K(4864K)->3134K(4864K) NonClass: 2830K(4352K)->2830K(4352K) Class: 303K(512K)->303K(512K)
[2026-06-17T09:53:43.846+0800][0.094s][info][gc           ] GC(0) Pause Young (Allocation Failure) 17M->6M(61M) 3.359ms
[2026-06-17T09:53:43.846+0800][0.094s][info][gc,cpu       ] GC(0) User=0.00s Sys=0.00s Real=0.00s
[2026-06-17T09:53:43.889+0800][0.137s][info][gc,start     ] GC(1) Pause Young (Allocation Failure)
[2026-06-17T09:53:43.889+0800][0.137s][info][gc,task      ] GC(1) Using 2 workers of 18 for evacuation
[2026-06-17T09:53:43.892+0800][0.141s][info][gc,heap      ] GC(1) ParNew: 19644K->2176K(19648K)
[2026-06-17T09:53:43.893+0800][0.141s][info][gc,heap      ] GC(1) CMS: 4498K->10320K(43712K)
[2026-06-17T09:53:43.893+0800][0.141s][info][gc,metaspace ] GC(1) Metaspace: 3134K(4864K)->3134K(4864K) NonClass: 2830K(4352K)->2830K(4352K) Class: 303K(512K)->303K(512K)
[2026-06-17T09:53:43.893+0800][0.142s][info][gc           ] GC(1) Pause Young (Allocation Failure) 23M->12M(61M) 4.800ms
[2026-06-17T09:53:43.894+0800][0.142s][info][gc,cpu       ] GC(1) User=0.00s Sys=0.01s Real=0.01s
[2026-06-17T09:53:43.946+0800][0.194s][info][gc,start     ] GC(2) Pause Young (Allocation Failure)
[2026-06-17T09:53:43.947+0800][0.195s][info][gc,task      ] GC(2) Using 2 workers of 18 for evacuation
[2026-06-17T09:53:43.948+0800][0.196s][info][gc,heap      ] GC(2) ParNew: 19588K->1922K(19648K)
[2026-06-17T09:53:43.948+0800][0.197s][info][gc,heap      ] GC(2) CMS: 10320K->11785K(43712K)
[2026-06-17T09:53:43.949+0800][0.197s][info][gc,metaspace ] GC(2) Metaspace: 3134K(4864K)->3134K(4864K) NonClass: 2830K(4352K)->2830K(4352K) Class: 303K(512K)->303K(512K)
[2026-06-17T09:53:43.949+0800][0.197s][info][gc           ] GC(2) Pause Young (Allocation Failure) 29M->13M(61M) 2.970ms
[2026-06-17T09:53:43.950+0800][0.198s][info][gc,cpu       ] GC(2) User=0.00s Sys=0.00s Real=0.00s
[2026-06-17T09:53:43.982+0800][0.230s][info][gc,start     ] GC(3) Pause Young (Allocation Failure)
[2026-06-17T09:53:43.983+0800][0.231s][info][gc,task      ] GC(3) Using 2 workers of 18 for evacuation
[2026-06-17T09:53:43.984+0800][0.232s][info][gc,heap      ] GC(3) ParNew: 19381K->2109K(19648K)
[2026-06-17T09:53:43.984+0800][0.233s][info][gc,heap      ] GC(3) CMS: 11785K->15089K(43712K)
[2026-06-17T09:53:43.984+0800][0.233s][info][gc,metaspace ] GC(3) Metaspace: 3134K(4864K)->3134K(4864K) NonClass: 2830K(4352K)->2830K(4352K) Class: 303K(512K)->303K(512K)
[2026-06-17T09:53:43.985+0800][0.233s][info][gc           ] GC(3) Pause Young (Allocation Failure) 30M->16M(61M) 2.740ms
[2026-06-17T09:53:43.985+0800][0.233s][info][gc,cpu       ] GC(3) User=0.01s Sys=0.00s Real=0.01s
[2026-06-17T09:53:44.037+0800][0.285s][info][gc,start     ] GC(4) Pause Young (Allocation Failure)
[2026-06-17T09:53:44.037+0800][0.286s][info][gc,task      ] GC(4) Using 2 workers of 18 for evacuation
[2026-06-17T09:53:44.039+0800][0.287s][info][gc,heap      ] GC(4) ParNew: 19570K->2159K(19648K)
[2026-06-17T09:53:44.039+0800][0.287s][info][gc,heap      ] GC(4) CMS: 15089K->18843K(43712K)
[2026-06-17T09:53:44.039+0800][0.287s][info][gc,metaspace ] GC(4) Metaspace: 3134K(4864K)->3134K(4864K) NonClass: 2830K(4352K)->2830K(4352K) Class: 303K(512K)->303K(512K)
[2026-06-17T09:53:44.039+0800][0.288s][info][gc           ] GC(4) Pause Young (Allocation Failure) 33M->20M(61M) 2.283ms
[2026-06-17T09:53:44.040+0800][0.288s][info][gc,cpu       ] GC(4) User=0.00s Sys=0.00s Real=0.00s
[2026-06-17T09:53:44.082+0800][0.330s][info][gc,start     ] GC(5) Pause Young (Allocation Failure)
[2026-06-17T09:53:44.082+0800][0.330s][info][gc,task      ] GC(5) Using 2 workers of 18 for evacuation
[2026-06-17T09:53:44.084+0800][0.332s][info][gc,heap      ] GC(5) ParNew: 19631K->2173K(19648K)
[2026-06-17T09:53:44.084+0800][0.333s][info][gc,heap      ] GC(5) CMS: 18843K->22335K(43712K)
[2026-06-17T09:53:44.085+0800][0.333s][info][gc,metaspace ] GC(5) Metaspace: 3134K(4864K)->3134K(4864K) NonClass: 2830K(4352K)->2830K(4352K) Class: 303K(512K)->303K(512K)
[2026-06-17T09:53:44.085+0800][0.333s][info][gc           ] GC(5) Pause Young (Allocation Failure) 37M->23M(61M) 2.980ms
[2026-06-17T09:53:44.085+0800][0.333s][info][gc,cpu       ] GC(5) User=0.00s Sys=0.01s Real=0.01s
[2026-06-17T09:53:44.085+0800][0.333s][info][gc,start     ] GC(6) Pause Initial Mark
[2026-06-17T09:53:44.086+0800][0.334s][info][gc           ] GC(6) Pause Initial Mark 24M->24M(61M) 0.295ms
[2026-06-17T09:53:44.086+0800][0.334s][info][gc,cpu       ] GC(6) User=0.00s Sys=0.00s Real=0.00s
[2026-06-17T09:53:44.086+0800][0.334s][info][gc           ] GC(6) Concurrent Mark
[2026-06-17T09:53:44.086+0800][0.334s][info][gc,task      ] GC(6) Using 2 workers of 5 for marking
[2026-06-17T09:53:44.087+0800][0.335s][info][gc           ] GC(6) Concurrent Mark 1.192ms
[2026-06-17T09:53:44.087+0800][0.335s][info][gc,cpu       ] GC(6) User=0.00s Sys=0.00s Real=0.00s
[2026-06-17T09:53:44.087+0800][0.335s][info][gc           ] GC(6) Concurrent Preclean
[2026-06-17T09:53:44.087+0800][0.336s][info][gc           ] GC(6) Concurrent Preclean 0.144ms
[2026-06-17T09:53:44.088+0800][0.336s][info][gc,cpu       ] GC(6) User=0.00s Sys=0.00s Real=0.00s
[2026-06-17T09:53:44.088+0800][0.336s][info][gc           ] GC(6) Concurrent Abortable Preclean
[2026-06-17T09:53:44.128+0800][0.376s][info][gc,start     ] GC(7) Pause Young (Allocation Failure)
[2026-06-17T09:53:44.128+0800][0.376s][info][gc,task      ] GC(7) Using 2 workers of 18 for evacuation
[2026-06-17T09:53:44.129+0800][0.378s][info][gc,heap      ] GC(7) ParNew: 19607K->2167K(19648K)
[2026-06-17T09:53:44.130+0800][0.378s][info][gc,heap      ] GC(7) CMS: 22335K->26415K(43712K)
[2026-06-17T09:53:44.130+0800][0.378s][info][gc,metaspace ] GC(7) Metaspace: 3134K(4864K)->3134K(4864K) NonClass: 2830K(4352K)->2830K(4352K) Class: 303K(512K)->303K(512K)
[2026-06-17T09:53:44.130+0800][0.378s][info][gc           ] GC(7) Pause Young (Allocation Failure) 40M->27M(61M) 2.372ms
[2026-06-17T09:53:44.130+0800][0.378s][info][gc,cpu       ] GC(7) User=0.00s Sys=0.00s Real=0.00s
[2026-06-17T09:53:44.172+0800][0.421s][info][gc,start     ] GC(8) Pause Young (Allocation Failure)
[2026-06-17T09:53:44.181+0800][0.429s][info][gc,task      ] GC(8) Using 2 workers of 18 for evacuation
[2026-06-17T09:53:44.188+0800][0.436s][info][gc,heap      ] GC(8) ParNew: 19610K->2174K(19648K)
[2026-06-17T09:53:44.210+0800][0.458s][info][gc,heap      ] GC(8) CMS: 26415K->30432K(43712K)
[2026-06-17T09:53:44.212+0800][0.460s][info][gc,metaspace ] GC(8) Metaspace: 3146K(4864K)->3146K(4864K) NonClass: 2841K(4352K)->2841K(4352K) Class: 305K(512K)->305K(512K)
[2026-06-17T09:53:44.212+0800][0.460s][info][gc           ] GC(8) Pause Young (Allocation Failure) 44M->31M(61M) 39.532ms
[2026-06-17T09:53:44.215+0800][0.463s][info][gc,cpu       ] GC(8) User=0.00s Sys=0.00s Real=0.04s
[2026-06-17T09:53:44.262+0800][0.510s][info][gc,start     ] GC(9) Pause Young (Allocation Failure)
[2026-06-17T09:53:44.266+0800][0.514s][info][gc,task      ] GC(9) Using 2 workers of 18 for evacuation
[2026-06-17T09:53:44.268+0800][0.516s][info][gc,heap      ] GC(9) ParNew: 19619K->2174K(19648K)
[2026-06-17T09:53:44.268+0800][0.517s][info][gc,heap      ] GC(9) CMS: 30432K->35376K(43712K)
[2026-06-17T09:53:44.269+0800][0.517s][info][gc,metaspace ] GC(9) Metaspace: 3146K(4864K)->3146K(4864K) NonClass: 2841K(4352K)->2841K(4352K) Class: 305K(512K)->305K(512K)
[2026-06-17T09:53:44.269+0800][0.517s][info][gc           ] GC(9) Pause Young (Allocation Failure) 48M->36M(61M) 7.156ms
[2026-06-17T09:53:44.270+0800][0.518s][info][gc,cpu       ] GC(9) User=0.00s Sys=0.00s Real=0.01s
[2026-06-17T09:53:44.324+0800][0.572s][info][gc,start     ] GC(10) Pause Young (Allocation Failure)
[2026-06-17T09:53:44.324+0800][0.573s][info][gc,task      ] GC(10) Using 2 workers of 18 for evacuation
[2026-06-17T09:53:44.327+0800][0.575s][info][gc,heap      ] GC(10) ParNew: 19646K->2163K(19648K)
[2026-06-17T09:53:44.327+0800][0.575s][info][gc,heap      ] GC(10) CMS: 35376K->38895K(43712K)
[2026-06-17T09:53:44.328+0800][0.576s][info][gc,metaspace ] GC(10) Metaspace: 3146K(4864K)->3146K(4864K) NonClass: 2841K(4352K)->2841K(4352K) Class: 305K(512K)->305K(512K)
[2026-06-17T09:53:44.328+0800][0.576s][info][gc           ] GC(10) Pause Young (Allocation Failure) 53M->40M(61M) 4.146ms
[2026-06-17T09:53:44.328+0800][0.576s][info][gc,cpu       ] GC(10) User=0.00s Sys=0.01s Real=0.00s
[2026-06-17T09:53:44.371+0800][0.619s][info][gc,start     ] GC(11) Pause Young (Allocation Failure)
[2026-06-17T09:53:44.372+0800][0.620s][info][gc,task      ] GC(11) Using 2 workers of 18 for evacuation
[2026-06-17T09:53:44.372+0800][0.620s][info][gc,start     ] GC(12) Pause Full (Allocation Failure)
[2026-06-17T09:53:44.372+0800][0.621s][info][gc           ] GC(6) Concurrent Abortable Preclean 284.727ms
[2026-06-17T09:53:44.373+0800][0.621s][info][gc,cpu       ] GC(6) User=0.02s Sys=0.01s Real=0.29s
[2026-06-17T09:53:44.374+0800][0.622s][info][gc,phases,start] GC(12) Phase 1: Mark live objects
[2026-06-17T09:53:44.375+0800][0.623s][info][gc,phases      ] GC(12) Phase 1: Mark live objects 1.125ms
[2026-06-17T09:53:44.375+0800][0.623s][info][gc,phases,start] GC(12) Phase 2: Compute new object addresses
[2026-06-17T09:53:44.376+0800][0.624s][info][gc,phases      ] GC(12) Phase 2: Compute new object addresses 0.716ms
[2026-06-17T09:53:44.376+0800][0.624s][info][gc,phases,start] GC(12) Phase 3: Adjust pointers
[2026-06-17T09:53:44.377+0800][0.625s][info][gc,phases      ] GC(12) Phase 3: Adjust pointers 0.884ms
[2026-06-17T09:53:44.378+0800][0.626s][info][gc,phases,start] GC(12) Phase 4: Move objects
[2026-06-17T09:53:44.381+0800][0.629s][info][gc,phases      ] GC(12) Phase 4: Move objects 3.040ms
[2026-06-17T09:53:44.381+0800][0.630s][info][gc             ] GC(12) Pause Full (Allocation Failure) 57M->24M(61M) 9.455ms
[2026-06-17T09:53:44.382+0800][0.630s][info][gc,heap        ] GC(11) ParNew: 19635K->0K(19648K)
[2026-06-17T09:53:44.382+0800][0.631s][info][gc,heap        ] GC(11) CMS: 38895K->25238K(43712K)
[2026-06-17T09:53:44.383+0800][0.631s][info][gc,metaspace   ] GC(11) Metaspace: 3146K(4864K)->3146K(4864K) NonClass: 2841K(4352K)->2841K(4352K) Class: 305K(512K)->305K(512K)
[2026-06-17T09:53:44.383+0800][0.631s][info][gc             ] GC(11) Pause Young (Allocation Failure) 57M->24M(61M) 12.194ms
[2026-06-17T09:53:44.384+0800][0.632s][info][gc,cpu         ] GC(11) User=0.00s Sys=0.00s Real=0.01s
[2026-06-17T09:53:44.426+0800][0.674s][info][gc,start       ] GC(13) Pause Young (Allocation Failure)
[2026-06-17T09:53:44.427+0800][0.675s][info][gc,task        ] GC(13) Using 2 workers of 18 for evacuation
[2026-06-17T09:53:44.428+0800][0.676s][info][gc,heap        ] GC(13) ParNew: 17472K->2172K(19648K)
[2026-06-17T09:53:44.429+0800][0.677s][info][gc,heap        ] GC(13) CMS: 25238K->30377K(43712K)
[2026-06-17T09:53:44.429+0800][0.678s][info][gc,metaspace   ] GC(13) Metaspace: 3146K(4864K)->3146K(4864K) NonClass: 2841K(4352K)->2841K(4352K) Class: 305K(512K)->305K(512K)
[2026-06-17T09:53:44.430+0800][0.678s][info][gc             ] GC(13) Pause Young (Allocation Failure) 41M->31M(61M) 3.701ms
[2026-06-17T09:53:44.431+0800][0.679s][info][gc,cpu         ] GC(13) User=0.00s Sys=0.00s Real=0.01s
[2026-06-17T09:53:44.431+0800][0.679s][info][gc,start       ] GC(14) Pause Initial Mark
[2026-06-17T09:53:44.432+0800][0.680s][info][gc             ] GC(14) Pause Initial Mark 32M->32M(61M) 0.653ms
[2026-06-17T09:53:44.433+0800][0.681s][info][gc,cpu         ] GC(14) User=0.00s Sys=0.00s Real=0.00s
[2026-06-17T09:53:44.433+0800][0.681s][info][gc             ] GC(14) Concurrent Mark
[2026-06-17T09:53:44.434+0800][0.682s][info][gc,task        ] GC(14) Using 2 workers of 5 for marking
[2026-06-17T09:53:44.435+0800][0.683s][info][gc             ] GC(14) Concurrent Mark 1.607ms
[2026-06-17T09:53:44.435+0800][0.684s][info][gc,cpu         ] GC(14) User=0.00s Sys=0.00s Real=0.00s
[2026-06-17T09:53:44.436+0800][0.684s][info][gc             ] GC(14) Concurrent Preclean
[2026-06-17T09:53:44.437+0800][0.685s][info][gc             ] GC(14) Concurrent Preclean 0.534ms
[2026-06-17T09:53:44.437+0800][0.685s][info][gc,cpu         ] GC(14) User=0.00s Sys=0.00s Real=0.00s
[2026-06-17T09:53:44.437+0800][0.686s][info][gc             ] GC(14) Concurrent Abortable Preclean
[2026-06-17T09:53:44.475+0800][0.723s][info][gc,start       ] GC(15) Pause Young (Allocation Failure)
[2026-06-17T09:53:44.476+0800][0.724s][info][gc,task        ] GC(15) Using 2 workers of 18 for evacuation
[2026-06-17T09:53:44.477+0800][0.725s][info][gc,heap        ] GC(15) ParNew: 19627K->2167K(19648K)
[2026-06-17T09:53:44.477+0800][0.725s][info][gc,heap        ] GC(15) CMS: 30377K->33889K(43712K)
[2026-06-17T09:53:44.478+0800][0.726s][info][gc,metaspace   ] GC(15) Metaspace: 3146K(4864K)->3146K(4864K) NonClass: 2841K(4352K)->2841K(4352K) Class: 305K(512K)->305K(512K)
[2026-06-17T09:53:44.479+0800][0.727s][info][gc             ] GC(15) Pause Young (Allocation Failure) 48M->35M(61M) 3.502ms
[2026-06-17T09:53:44.479+0800][0.727s][info][gc,cpu         ] GC(15) User=0.00s Sys=0.00s Real=0.00s
[2026-06-17T09:53:44.522+0800][0.770s][info][gc,start       ] GC(16) Pause Young (Allocation Failure)
[2026-06-17T09:53:44.522+0800][0.770s][info][gc,task        ] GC(16) Using 2 workers of 18 for evacuation
[2026-06-17T09:53:44.523+0800][0.771s][info][gc,heap        ] GC(16) ParNew: 19639K->2171K(19648K)
[2026-06-17T09:53:44.523+0800][0.771s][info][gc,heap        ] GC(16) CMS: 33889K->38098K(43712K)
[2026-06-17T09:53:44.523+0800][0.772s][info][gc,metaspace   ] GC(16) Metaspace: 3146K(4864K)->3146K(4864K) NonClass: 2841K(4352K)->2841K(4352K) Class: 305K(512K)->305K(512K)
[2026-06-17T09:53:44.524+0800][0.772s][info][gc             ] GC(16) Pause Young (Allocation Failure) 52M->39M(61M) 1.725ms
[2026-06-17T09:53:44.524+0800][0.772s][info][gc,cpu         ] GC(16) User=0.00s Sys=0.00s Real=0.01s
[2026-06-17T09:53:44.566+0800][0.814s][info][gc,start       ] GC(17) Pause Young (Allocation Failure)
[2026-06-17T09:53:44.566+0800][0.814s][info][gc,task        ] GC(17) Using 2 workers of 18 for evacuation
[2026-06-17T09:53:44.567+0800][0.815s][info][gc,heap        ] GC(17) ParNew: 19626K->2171K(19648K)
[2026-06-17T09:53:44.568+0800][0.816s][info][gc,heap        ] GC(17) CMS: 38098K->42837K(43712K)
[2026-06-17T09:53:44.568+0800][0.816s][info][gc,metaspace   ] GC(17) Metaspace: 3146K(4864K)->3146K(4864K) NonClass: 2841K(4352K)->2841K(4352K) Class: 305K(512K)->305K(512K)
[2026-06-17T09:53:44.568+0800][0.816s][info][gc             ] GC(17) Pause Young (Allocation Failure) 56M->43M(61M) 2.186ms
[2026-06-17T09:53:44.568+0800][0.816s][info][gc,cpu         ] GC(17) User=0.00s Sys=0.00s Real=0.00s
[2026-06-17T09:53:44.568+0800][0.816s][info][gc             ] GC(14) Concurrent Abortable Preclean 130.762ms
[2026-06-17T09:53:44.568+0800][0.817s][info][gc,cpu         ] GC(14) User=0.01s Sys=0.00s Real=0.13s
[2026-06-17T09:53:44.569+0800][0.817s][info][gc,start       ] GC(14) Pause Remark
[2026-06-17T09:53:44.569+0800][0.817s][info][gc             ] GC(14) Pause Remark 45M->45M(61M) 0.736ms
[2026-06-17T09:53:44.570+0800][0.818s][info][gc,cpu         ] GC(14) User=0.00s Sys=0.00s Real=0.00s
[2026-06-17T09:53:44.570+0800][0.818s][info][gc             ] GC(14) Concurrent Sweep
[2026-06-17T09:53:44.570+0800][0.818s][info][gc             ] GC(14) Concurrent Sweep 0.284ms
[2026-06-17T09:53:44.570+0800][0.818s][info][gc,cpu         ] GC(14) User=0.00s Sys=0.00s Real=0.00s
[2026-06-17T09:53:44.570+0800][0.818s][info][gc             ] GC(14) Concurrent Reset
[2026-06-17T09:53:44.570+0800][0.819s][info][gc             ] GC(14) Concurrent Reset 0.096ms
[2026-06-17T09:53:44.570+0800][0.819s][info][gc,cpu         ] GC(14) User=0.00s Sys=0.00s Real=0.01s
[2026-06-17T09:53:44.571+0800][0.819s][info][gc,heap        ] GC(14) Old: 30377K->30865K(43712K)
[2026-06-17T09:53:44.620+0800][0.868s][info][gc,start       ] GC(18) Pause Young (Allocation Failure)
[2026-06-17T09:53:44.620+0800][0.869s][info][gc,task        ] GC(18) Using 2 workers of 18 for evacuation
[2026-06-17T09:53:44.621+0800][0.869s][info][gc,heap        ] GC(18) ParNew: 19628K->1994K(19648K)
[2026-06-17T09:53:44.621+0800][0.870s][info][gc,heap        ] GC(18) CMS: 30865K->32293K(43712K)
[2026-06-17T09:53:44.622+0800][0.870s][info][gc,metaspace   ] GC(18) Metaspace: 3146K(4864K)->3146K(4864K) NonClass: 2841K(4352K)->2841K(4352K) Class: 305K(512K)->305K(512K)
[2026-06-17T09:53:44.622+0800][0.870s][info][gc             ] GC(18) Pause Young (Allocation Failure) 49M->33M(61M) 1.665ms
[2026-06-17T09:53:44.622+0800][0.870s][info][gc,cpu         ] GC(18) User=0.00s Sys=0.00s Real=0.00s
[2026-06-17T09:53:44.622+0800][0.870s][info][gc,start       ] GC(19) Pause Initial Mark
[2026-06-17T09:53:44.622+0800][0.870s][info][gc             ] GC(19) Pause Initial Mark 34M->34M(61M) 0.261ms
[2026-06-17T09:53:44.622+0800][0.871s][info][gc,cpu         ] GC(19) User=0.00s Sys=0.00s Real=0.00s
[2026-06-17T09:53:44.623+0800][0.871s][info][gc             ] GC(19) Concurrent Mark
[2026-06-17T09:53:44.623+0800][0.871s][info][gc,task        ] GC(19) Using 2 workers of 5 for marking
[2026-06-17T09:53:44.624+0800][0.873s][info][gc             ] GC(19) Concurrent Mark 1.789ms
[2026-06-17T09:53:44.625+0800][0.873s][info][gc,cpu         ] GC(19) User=0.01s Sys=0.00s Real=0.00s
[2026-06-17T09:53:44.625+0800][0.873s][info][gc             ] GC(19) Concurrent Preclean
[2026-06-17T09:53:44.625+0800][0.873s][info][gc             ] GC(19) Concurrent Preclean 0.194ms
[2026-06-17T09:53:44.625+0800][0.873s][info][gc,cpu         ] GC(19) User=0.00s Sys=0.00s Real=0.00s
[2026-06-17T09:53:44.625+0800][0.873s][info][gc             ] GC(19) Concurrent Abortable Preclean
[2026-06-17T09:53:44.655+0800][0.903s][info][gc,start       ] GC(20) Pause Young (Allocation Failure)
[2026-06-17T09:53:44.655+0800][0.903s][info][gc,task        ] GC(20) Using 2 workers of 18 for evacuation
[2026-06-17T09:53:44.656+0800][0.904s][info][gc,heap        ] GC(20) ParNew: 19200K->2114K(19648K)
[2026-06-17T09:53:44.656+0800][0.904s][info][gc,heap        ] GC(20) CMS: 32293K->34967K(43712K)
[2026-06-17T09:53:44.656+0800][0.905s][info][gc,metaspace   ] GC(20) Metaspace: 3146K(4864K)->3146K(4864K) NonClass: 2841K(4352K)->2841K(4352K) Class: 305K(512K)->305K(512K)
[2026-06-17T09:53:44.657+0800][0.905s][info][gc             ] GC(20) Pause Young (Allocation Failure) 50M->36M(61M) 2.085ms
[2026-06-17T09:53:44.657+0800][0.905s][info][gc,cpu         ] GC(20) User=0.00s Sys=0.00s Real=0.00s
[2026-06-17T09:53:44.699+0800][0.947s][info][gc,start       ] GC(21) Pause Young (Allocation Failure)
[2026-06-17T09:53:44.699+0800][0.947s][info][gc,task        ] GC(21) Using 2 workers of 18 for evacuation
[2026-06-17T09:53:44.700+0800][0.948s][info][gc,heap        ] GC(21) ParNew: 19571K->2173K(19648K)
[2026-06-17T09:53:44.700+0800][0.949s][info][gc,heap        ] GC(21) CMS: 34967K->41835K(43712K)
[2026-06-17T09:53:44.701+0800][0.949s][info][gc,metaspace   ] GC(21) Metaspace: 3146K(4864K)->3146K(4864K) NonClass: 2841K(4352K)->2841K(4352K) Class: 305K(512K)->305K(512K)
[2026-06-17T09:53:44.701+0800][0.949s][info][gc             ] GC(21) Pause Young (Allocation Failure) 53M->42M(61M) 2.093ms
[2026-06-17T09:53:44.701+0800][0.949s][info][gc,cpu         ] GC(21) User=0.00s Sys=0.00s Real=0.00s
[2026-06-17T09:53:44.701+0800][0.949s][info][gc             ] GC(19) Concurrent Abortable Preclean 75.844ms
[2026-06-17T09:53:44.702+0800][0.950s][info][gc,cpu         ] GC(19) User=0.00s Sys=0.00s Real=0.07s
[2026-06-17T09:53:44.702+0800][0.950s][info][gc,start       ] GC(19) Pause Remark
[2026-06-17T09:53:44.703+0800][0.952s][info][gc             ] GC(19) Pause Remark 43M->43M(61M) 1.712ms
[2026-06-17T09:53:44.704+0800][0.952s][info][gc,cpu         ] GC(19) User=0.00s Sys=0.00s Real=0.01s
[2026-06-17T09:53:44.704+0800][0.952s][info][gc             ] GC(19) Concurrent Sweep
[2026-06-17T09:53:44.704+0800][0.952s][info][gc             ] GC(19) Concurrent Sweep 0.305ms
[2026-06-17T09:53:44.704+0800][0.953s][info][gc,cpu         ] GC(19) User=0.00s Sys=0.00s Real=0.00s
[2026-06-17T09:53:44.705+0800][0.953s][info][gc             ] GC(19) Concurrent Reset
[2026-06-17T09:53:44.705+0800][0.953s][info][gc             ] GC(19) Concurrent Reset 0.149ms
[2026-06-17T09:53:44.705+0800][0.953s][info][gc,cpu         ] GC(19) User=0.00s Sys=0.00s Real=0.00s
[2026-06-17T09:53:44.705+0800][0.953s][info][gc,heap        ] GC(19) Old: 32293K->27192K(43712K)
[2026-06-17T09:53:44.753+0800][1.001s][info][gc,start       ] GC(22) Pause Young (Allocation Failure)
[2026-06-17T09:53:44.754+0800][1.002s][info][gc,task        ] GC(22) Using 2 workers of 18 for evacuation
[2026-06-17T09:53:44.754+0800][1.002s][info][gc,heap        ] GC(22) ParNew: 19620K->1973K(19648K)
[2026-06-17T09:53:44.754+0800][1.003s][info][gc,heap        ] GC(22) CMS: 27192K->29146K(43712K)
[2026-06-17T09:53:44.755+0800][1.003s][info][gc,metaspace   ] GC(22) Metaspace: 3146K(4864K)->3146K(4864K) NonClass: 2841K(4352K)->2841K(4352K) Class: 305K(512K)->305K(512K)
[2026-06-17T09:53:44.755+0800][1.003s][info][gc             ] GC(22) Pause Young (Allocation Failure) 45M->30M(61M) 1.652ms
[2026-06-17T09:53:44.755+0800][1.003s][info][gc,cpu         ] GC(22) User=0.00s Sys=0.00s Real=0.00s
[2026-06-17T09:53:44.755+0800][1.003s][info][gc,start       ] GC(23) Pause Initial Mark
[2026-06-17T09:53:44.756+0800][1.004s][info][gc             ] GC(23) Pause Initial Mark 30M->30M(61M) 0.257ms
[2026-06-17T09:53:44.756+0800][1.004s][info][gc,cpu         ] GC(23) User=0.00s Sys=0.00s Real=0.00s
[2026-06-17T09:53:44.756+0800][1.004s][info][gc             ] GC(23) Concurrent Mark
[2026-06-17T09:53:44.756+0800][1.004s][info][gc,task        ] GC(23) Using 2 workers of 5 for marking
[2026-06-17T09:53:44.757+0800][1.005s][info][gc             ] GC(23) Concurrent Mark 0.719ms
[2026-06-17T09:53:44.757+0800][1.005s][info][gc,cpu         ] GC(23) User=0.00s Sys=0.00s Real=0.00s
[2026-06-17T09:53:44.757+0800][1.005s][info][gc             ] GC(23) Concurrent Preclean
[2026-06-17T09:53:44.757+0800][1.005s][info][gc             ] GC(23) Concurrent Preclean 0.167ms
[2026-06-17T09:53:44.757+0800][1.005s][info][gc,cpu         ] GC(23) User=0.00s Sys=0.00s Real=0.00s
[2026-06-17T09:53:44.757+0800][1.006s][info][gc             ] GC(23) Concurrent Abortable Preclean
[2026-06-17T09:53:44.787+0800][1.036s][info][gc,start       ] GC(24) Pause Young (Allocation Failure)
[2026-06-17T09:53:44.788+0800][1.036s][info][gc,task        ] GC(24) Using 2 workers of 18 for evacuation
[2026-06-17T09:53:44.789+0800][1.037s][info][gc,heap        ] GC(24) ParNew: 19325K->2129K(19648K)
[2026-06-17T09:53:44.789+0800][1.037s][info][gc,heap        ] GC(24) CMS: 29146K->32199K(43712K)
[2026-06-17T09:53:44.789+0800][1.037s][info][gc,metaspace   ] GC(24) Metaspace: 3146K(4864K)->3146K(4864K) NonClass: 2841K(4352K)->2841K(4352K) Class: 305K(512K)->305K(512K)
[2026-06-17T09:53:44.789+0800][1.037s][info][gc             ] GC(24) Pause Young (Allocation Failure) 47M->33M(61M) 1.767ms
[2026-06-17T09:53:44.789+0800][1.038s][info][gc,cpu         ] GC(24) User=0.00s Sys=0.00s Real=0.00s
[2026-06-17T09:53:44.842+0800][1.090s][info][gc,start       ] GC(25) Pause Young (Allocation Failure)
[2026-06-17T09:53:44.845+0800][1.093s][info][gc,task        ] GC(25) Using 2 workers of 18 for evacuation
[2026-06-17T09:53:44.847+0800][1.095s][info][gc,heap        ] GC(25) ParNew: 19601K->2166K(19648K)
[2026-06-17T09:53:44.848+0800][1.096s][info][gc,heap        ] GC(25) CMS: 32199K->35774K(43712K)
[2026-06-17T09:53:44.849+0800][1.097s][info][gc,metaspace   ] GC(25) Metaspace: 3146K(4864K)->3146K(4864K) NonClass: 2841K(4352K)->2841K(4352K) Class: 305K(512K)->305K(512K)
[2026-06-17T09:53:44.850+0800][1.098s][info][gc             ] GC(25) Pause Young (Allocation Failure) 50M->37M(61M) 7.958ms
[2026-06-17T09:53:44.850+0800][1.098s][info][gc,cpu         ] GC(25) User=0.00s Sys=0.00s Real=0.01s
[2026-06-17T09:53:44.894+0800][1.142s][info][gc,start       ] GC(26) Pause Young (Allocation Failure)
[2026-06-17T09:53:44.895+0800][1.143s][info][gc,task        ] GC(26) Using 2 workers of 18 for evacuation
[2026-06-17T09:53:44.896+0800][1.144s][info][gc,heap        ] GC(26) ParNew: 19638K->2173K(19648K)
[2026-06-17T09:53:44.897+0800][1.145s][info][gc,heap        ] GC(26) CMS: 35774K->40107K(43712K)
[2026-06-17T09:53:44.897+0800][1.145s][info][gc,metaspace   ] GC(26) Metaspace: 3146K(4864K)->3146K(4864K) NonClass: 2841K(4352K)->2841K(4352K) Class: 305K(512K)->305K(512K)
[2026-06-17T09:53:44.898+0800][1.146s][info][gc             ] GC(26) Pause Young (Allocation Failure) 54M->41M(61M) 3.889ms
[2026-06-17T09:53:44.898+0800][1.146s][info][gc,cpu         ] GC(26) User=0.00s Sys=0.00s Real=0.00s
[2026-06-17T09:53:44.941+0800][1.189s][info][gc,start       ] GC(27) Pause Young (Allocation Failure)
[2026-06-17T09:53:44.942+0800][1.190s][info][gc,task        ] GC(27) Using 2 workers of 18 for evacuation
[2026-06-17T09:53:44.942+0800][1.190s][info][gc,start       ] GC(28) Pause Full (Allocation Failure)
[2026-06-17T09:53:44.943+0800][1.191s][info][gc             ] GC(23) Concurrent Abortable Preclean 185.591ms
[2026-06-17T09:53:44.944+0800][1.192s][info][gc,cpu         ] GC(23) User=0.02s Sys=0.00s Real=0.19s
[2026-06-17T09:53:44.944+0800][1.193s][info][gc,phases,start] GC(28) Phase 1: Mark live objects
[2026-06-17T09:53:44.945+0800][1.193s][info][gc,phases      ] GC(28) Phase 1: Mark live objects 0.926ms
[2026-06-17T09:53:44.946+0800][1.194s][info][gc,phases,start] GC(28) Phase 2: Compute new object addresses
[2026-06-17T09:53:44.946+0800][1.194s][info][gc,phases      ] GC(28) Phase 2: Compute new object addresses 0.393ms
[2026-06-17T09:53:44.946+0800][1.194s][info][gc,phases,start] GC(28) Phase 3: Adjust pointers
[2026-06-17T09:53:44.947+0800][1.195s][info][gc,phases      ] GC(28) Phase 3: Adjust pointers 0.398ms
[2026-06-17T09:53:44.947+0800][1.195s][info][gc,phases,start] GC(28) Phase 4: Move objects
[2026-06-17T09:53:44.949+0800][1.197s][info][gc,phases      ] GC(28) Phase 4: Move objects 2.287ms
[2026-06-17T09:53:44.950+0800][1.198s][info][gc             ] GC(28) Pause Full (Allocation Failure) 58M->22M(61M) 7.333ms
[2026-06-17T09:53:44.950+0800][1.198s][info][gc,heap        ] GC(27) ParNew: 19645K->0K(19648K)
[2026-06-17T09:53:44.950+0800][1.198s][info][gc,heap        ] GC(27) CMS: 40107K->23500K(43712K)
[2026-06-17T09:53:44.950+0800][1.198s][info][gc,metaspace   ] GC(27) Metaspace: 3146K(4864K)->3146K(4864K) NonClass: 2841K(4352K)->2841K(4352K) Class: 305K(512K)->305K(512K)
[2026-06-17T09:53:44.950+0800][1.198s][info][gc             ] GC(27) Pause Young (Allocation Failure) 58M->22M(61M) 9.409ms
[2026-06-17T09:53:44.950+0800][1.199s][info][gc,cpu         ] GC(27) User=0.00s Sys=0.00s Real=0.02s
[2026-06-17T09:53:45.003+0800][1.251s][info][gc,start       ] GC(29) Pause Young (Allocation Failure)
[2026-06-17T09:53:45.003+0800][1.251s][info][gc,task        ] GC(29) Using 2 workers of 18 for evacuation
[2026-06-17T09:53:45.004+0800][1.252s][info][gc,heap        ] GC(29) ParNew: 17439K->2174K(19648K)
[2026-06-17T09:53:45.004+0800][1.252s][info][gc,heap        ] GC(29) CMS: 23500K->25198K(43712K)
[2026-06-17T09:53:45.004+0800][1.252s][info][gc,metaspace   ] GC(29) Metaspace: 3146K(4864K)->3146K(4864K) NonClass: 2841K(4352K)->2841K(4352K) Class: 305K(512K)->305K(512K)
[2026-06-17T09:53:45.004+0800][1.252s][info][gc             ] GC(29) Pause Young (Allocation Failure) 39M->26M(61M) 1.448ms
[2026-06-17T09:53:45.004+0800][1.252s][info][gc,cpu         ] GC(29) User=0.00s Sys=0.00s Real=0.00s
[2026-06-17T09:53:45.036+0800][1.284s][info][gc,start       ] GC(30) Pause Young (Allocation Failure)
[2026-06-17T09:53:45.042+0800][1.290s][info][gc,task        ] GC(30) Using 2 workers of 18 for evacuation
[2026-06-17T09:53:45.049+0800][1.297s][info][gc,heap        ] GC(30) ParNew: 19412K->2087K(19648K)
[2026-06-17T09:53:45.053+0800][1.301s][info][gc,heap        ] GC(30) CMS: 25198K->29056K(43712K)
[2026-06-17T09:53:45.057+0800][1.305s][info][gc,metaspace   ] GC(30) Metaspace: 3146K(4864K)->3146K(4864K) NonClass: 2841K(4352K)->2841K(4352K) Class: 305K(512K)->305K(512K)
[2026-06-17T09:53:45.060+0800][1.308s][info][gc             ] GC(30) Pause Young (Allocation Failure) 43M->30M(61M) 23.851ms
[2026-06-17T09:53:45.061+0800][1.309s][info][gc,cpu         ] GC(30) User=0.00s Sys=0.01s Real=0.02s
[2026-06-17T09:53:45.062+0800][1.310s][info][gc,start       ] GC(31) Pause Initial Mark
[2026-06-17T09:53:45.065+0800][1.313s][info][gc             ] GC(31) Pause Initial Mark 31M->31M(61M) 2.677ms
[2026-06-17T09:53:45.067+0800][1.315s][info][gc,cpu         ] GC(31) User=0.00s Sys=0.00s Real=0.01s
[2026-06-17T09:53:45.071+0800][1.319s][info][gc             ] GC(31) Concurrent Mark
[2026-06-17T09:53:45.071+0800][1.319s][info][gc,task        ] GC(31) Using 2 workers of 5 for marking
[2026-06-17T09:53:45.072+0800][1.320s][info][gc             ] GC(31) Concurrent Mark 1.183ms
[2026-06-17T09:53:45.072+0800][1.320s][info][gc,cpu         ] GC(31) User=0.00s Sys=0.00s Real=0.00s
[2026-06-17T09:53:45.073+0800][1.321s][info][gc             ] GC(31) Concurrent Preclean
[2026-06-17T09:53:45.073+0800][1.321s][info][gc             ] GC(31) Concurrent Preclean 0.234ms
[2026-06-17T09:53:45.073+0800][1.321s][info][gc,cpu         ] GC(31) User=0.00s Sys=0.00s Real=0.00s
[2026-06-17T09:53:45.073+0800][1.321s][info][gc             ] GC(31) Concurrent Abortable Preclean
[2026-06-17T09:53:45.114+0800][1.362s][info][gc,start       ] GC(32) Pause Young (Allocation Failure)
[2026-06-17T09:53:45.115+0800][1.363s][info][gc,task        ] GC(32) Using 2 workers of 18 for evacuation
[2026-06-17T09:53:45.116+0800][1.364s][info][gc,heap        ] GC(32) ParNew: 19536K->2175K(19648K)
[2026-06-17T09:53:45.116+0800][1.364s][info][gc,heap        ] GC(32) CMS: 29056K->32542K(43712K)
[2026-06-17T09:53:45.117+0800][1.365s][info][gc,metaspace   ] GC(32) Metaspace: 3150K(4864K)->3150K(4864K) NonClass: 2845K(4352K)->2845K(4352K) Class: 305K(512K)->305K(512K)
[2026-06-17T09:53:45.117+0800][1.365s][info][gc             ] GC(32) Pause Young (Allocation Failure) 47M->33M(61M) 2.676ms
[2026-06-17T09:53:45.117+0800][1.365s][info][gc,cpu         ] GC(32) User=0.00s Sys=0.00s Real=0.00s
[2026-06-17T09:53:45.160+0800][1.408s][info][gc,start       ] GC(33) Pause Young (Allocation Failure)
[2026-06-17T09:53:45.160+0800][1.408s][info][gc,task        ] GC(33) Using 2 workers of 18 for evacuation
[2026-06-17T09:53:45.161+0800][1.410s][info][gc,heap        ] GC(33) ParNew: 19647K->2173K(19648K)
[2026-06-17T09:53:45.162+0800][1.410s][info][gc,heap        ] GC(33) CMS: 32542K->37020K(43712K)
[2026-06-17T09:53:45.162+0800][1.411s][info][gc,metaspace   ] GC(33) Metaspace: 3150K(4864K)->3150K(4864K) NonClass: 2845K(4352K)->2845K(4352K) Class: 305K(512K)->305K(512K)
[2026-06-17T09:53:45.163+0800][1.411s][info][gc             ] GC(33) Pause Young (Allocation Failure) 50M->38M(61M) 3.028ms
[2026-06-17T09:53:45.163+0800][1.411s][info][gc,cpu         ] GC(33) User=0.00s Sys=0.00s Real=0.01s
[2026-06-17T09:53:45.206+0800][1.454s][info][gc,start       ] GC(34) Pause Young (Allocation Failure)
[2026-06-17T09:53:45.427+0800][1.675s][info][gc,task        ] GC(34) Using 2 workers of 18 for evacuation
[2026-06-17T09:53:45.429+0800][1.677s][info][gc,heap        ] GC(34) ParNew: 19601K->2172K(19648K)
[2026-06-17T09:53:45.431+0800][1.679s][info][gc,heap        ] GC(34) CMS: 37020K->41695K(43712K)
[2026-06-17T09:53:45.432+0800][1.680s][info][gc,metaspace   ] GC(34) Metaspace: 3150K(4864K)->3150K(4864K) NonClass: 2845K(4352K)->2845K(4352K) Class: 305K(512K)->305K(512K)
[2026-06-17T09:53:45.432+0800][1.681s][info][gc             ] GC(34) Pause Young (Allocation Failure) 55M->42M(61M) 226.117ms
[2026-06-17T09:53:45.433+0800][1.681s][info][gc,cpu         ] GC(34) User=0.00s Sys=0.00s Real=0.23s
[2026-06-17T09:53:45.476+0800][1.724s][info][gc,start       ] GC(35) Pause Young (Allocation Failure)
[2026-06-17T09:53:45.805+0800][2.053s][info][gc,task        ] GC(35) Using 2 workers of 18 for evacuation
[2026-06-17T09:53:45.534+0800][1.782s][info][gc             ] GC(31) Concurrent Abortable Preclean 460.617ms
[2026-06-17T09:53:45.805+0800][2.053s][info][gc,start       ] GC(36) Pause Full (Allocation Failure)
[2026-06-17T09:53:45.805+0800][2.054s][info][gc,cpu         ] GC(31) User=0.02s Sys=0.00s Real=0.73s
[2026-06-17T09:53:45.806+0800][2.054s][info][gc,phases,start] GC(36) Phase 1: Mark live objects
[2026-06-17T09:53:45.807+0800][2.055s][info][gc,phases      ] GC(36) Phase 1: Mark live objects 0.805ms
[2026-06-17T09:53:45.807+0800][2.055s][info][gc,phases,start] GC(36) Phase 2: Compute new object addresses
[2026-06-17T09:53:45.808+0800][2.056s][info][gc,phases      ] GC(36) Phase 2: Compute new object addresses 0.539ms
[2026-06-17T09:53:45.808+0800][2.056s][info][gc,phases,start] GC(36) Phase 3: Adjust pointers
[2026-06-17T09:53:45.809+0800][2.057s][info][gc,phases      ] GC(36) Phase 3: Adjust pointers 0.666ms
[2026-06-17T09:53:45.809+0800][2.057s][info][gc,phases,start] GC(36) Phase 4: Move objects
[2026-06-17T09:53:45.812+0800][2.060s][info][gc,phases      ] GC(36) Phase 4: Move objects 3.303ms
[2026-06-17T09:53:45.814+0800][2.062s][info][gc             ] GC(36) Pause Full (Allocation Failure) 59M->27M(61M) 8.868ms
[2026-06-17T09:53:45.814+0800][2.063s][info][gc,heap        ] GC(35) ParNew: 19184K->0K(19648K)
[2026-06-17T09:53:45.815+0800][2.063s][info][gc,heap        ] GC(35) CMS: 41695K->27736K(43712K)
[2026-06-17T09:53:45.815+0800][2.064s][info][gc,metaspace   ] GC(35) Metaspace: 3150K(4864K)->3150K(4864K) NonClass: 2845K(4352K)->2845K(4352K) Class: 305K(512K)->305K(512K)
[2026-06-17T09:53:45.839+0800][2.087s][info][gc             ] GC(35) Pause Young (Allocation Failure) 59M->27M(61M) 362.742ms
[2026-06-17T09:53:45.839+0800][2.088s][info][gc,cpu         ] GC(35) User=0.00s Sys=0.00s Real=0.36s
[2026-06-17T09:53:45.882+0800][2.130s][info][gc,start       ] GC(37) Pause Young (Allocation Failure)
[2026-06-17T09:53:45.942+0800][2.190s][info][gc,task        ] GC(37) Using 2 workers of 18 for evacuation
[2026-06-17T09:53:45.984+0800][2.233s][info][gc,heap        ] GC(37) ParNew: 17472K->2171K(19648K)
[2026-06-17T09:53:46.003+0800][2.251s][info][gc,heap        ] GC(37) CMS: 27736K->32612K(43712K)
[2026-06-17T09:53:46.007+0800][2.255s][info][gc,metaspace   ] GC(37) Metaspace: 3150K(4864K)->3150K(4864K) NonClass: 2845K(4352K)->2845K(4352K) Class: 305K(512K)->305K(512K)
[2026-06-17T09:53:46.011+0800][2.259s][info][gc             ] GC(37) Pause Young (Allocation Failure) 44M->33M(61M) 128.453ms
[2026-06-17T09:53:46.015+0800][2.263s][info][gc,cpu         ] GC(37) User=0.01s Sys=0.00s Real=0.14s
[2026-06-17T09:53:46.017+0800][2.265s][info][gc,start       ] GC(38) Pause Initial Mark
[2026-06-17T09:53:46.018+0800][2.266s][info][gc             ] GC(38) Pause Initial Mark 34M->34M(61M) 1.300ms
[2026-06-17T09:53:46.020+0800][2.268s][info][gc,cpu         ] GC(38) User=0.00s Sys=0.00s Real=0.00s
[2026-06-17T09:53:46.021+0800][2.269s][info][gc             ] GC(38) Concurrent Mark
[2026-06-17T09:53:46.022+0800][2.270s][info][gc,task        ] GC(38) Using 2 workers of 5 for marking
[2026-06-17T09:53:46.023+0800][2.271s][info][gc             ] GC(38) Concurrent Mark 1.745ms
[2026-06-17T09:53:46.024+0800][2.272s][info][gc,cpu         ] GC(38) User=0.00s Sys=0.00s Real=0.01s
[2026-06-17T09:53:46.024+0800][2.272s][info][gc             ] GC(38) Concurrent Preclean
[2026-06-17T09:53:46.024+0800][2.273s][info][gc             ] GC(38) Concurrent Preclean 0.262ms
[2026-06-17T09:53:46.025+0800][2.273s][info][gc,cpu         ] GC(38) User=0.00s Sys=0.00s Real=0.00s
[2026-06-17T09:53:46.025+0800][2.274s][info][gc             ] GC(38) Concurrent Abortable Preclean
[2026-06-17T09:53:46.063+0800][2.312s][info][gc,start       ] GC(39) Pause Young (Allocation Failure)
[2026-06-17T09:53:46.064+0800][2.312s][info][gc,task        ] GC(39) Using 2 workers of 18 for evacuation
[2026-06-17T09:53:46.065+0800][2.313s][info][gc,heap        ] GC(39) ParNew: 19628K->2173K(19648K)
[2026-06-17T09:53:46.065+0800][2.313s][info][gc,heap        ] GC(39) CMS: 32612K->39557K(43712K)
[2026-06-17T09:53:46.066+0800][2.314s][info][gc,metaspace   ] GC(39) Metaspace: 3150K(4864K)->3150K(4864K) NonClass: 2845K(4352K)->2845K(4352K) Class: 305K(512K)->305K(512K)
[2026-06-17T09:53:46.066+0800][2.314s][info][gc             ] GC(39) Pause Young (Allocation Failure) 51M->40M(61M) 2.414ms
[2026-06-17T09:53:46.066+0800][2.314s][info][gc,cpu         ] GC(39) User=0.00s Sys=0.00s Real=0.00s
[2026-06-17T09:53:46.119+0800][2.367s][info][gc,start       ] GC(40) Pause Young (Allocation Failure)
[2026-06-17T09:53:46.119+0800][2.367s][info][gc,task        ] GC(40) Using 2 workers of 18 for evacuation
[2026-06-17T09:53:46.119+0800][2.368s][info][gc,start       ] GC(41) Pause Full (Allocation Failure)
[2026-06-17T09:53:46.120+0800][2.368s][info][gc             ] GC(38) Concurrent Abortable Preclean 94.302ms
[2026-06-17T09:53:46.120+0800][2.368s][info][gc,cpu         ] GC(38) User=0.00s Sys=0.00s Real=0.09s
[2026-06-17T09:53:46.120+0800][2.368s][info][gc,phases,start] GC(41) Phase 1: Mark live objects
[2026-06-17T09:53:46.121+0800][2.369s][info][gc,phases      ] GC(41) Phase 1: Mark live objects 0.963ms
[2026-06-17T09:53:46.122+0800][2.370s][info][gc,phases,start] GC(41) Phase 2: Compute new object addresses
[2026-06-17T09:53:46.122+0800][2.370s][info][gc,phases      ] GC(41) Phase 2: Compute new object addresses 0.459ms
[2026-06-17T09:53:46.122+0800][2.371s][info][gc,phases,start] GC(41) Phase 3: Adjust pointers
[2026-06-17T09:53:46.123+0800][2.371s][info][gc,phases      ] GC(41) Phase 3: Adjust pointers 0.526ms
[2026-06-17T09:53:46.124+0800][2.372s][info][gc,phases,start] GC(41) Phase 4: Move objects
[2026-06-17T09:53:46.126+0800][2.374s][info][gc,phases      ] GC(41) Phase 4: Move objects 2.196ms
[2026-06-17T09:53:46.126+0800][2.374s][info][gc             ] GC(41) Pause Full (Allocation Failure) 57M->27M(61M) 6.873ms
[2026-06-17T09:53:46.127+0800][2.375s][info][gc,heap        ] GC(40) ParNew: 19645K->0K(19648K)
[2026-06-17T09:53:46.127+0800][2.375s][info][gc,heap        ] GC(40) CMS: 39557K->28394K(43712K)
[2026-06-17T09:53:46.127+0800][2.375s][info][gc,metaspace   ] GC(40) Metaspace: 3150K(4864K)->3150K(4864K) NonClass: 2845K(4352K)->2845K(4352K) Class: 305K(512K)->305K(512K)
[2026-06-17T09:53:46.127+0800][2.375s][info][gc             ] GC(40) Pause Young (Allocation Failure) 57M->27M(61M) 8.585ms
[2026-06-17T09:53:46.127+0800][2.376s][info][gc,cpu         ] GC(40) User=0.00s Sys=0.00s Real=0.01s
[2026-06-17T09:53:46.160+0800][2.408s][info][gc,start       ] GC(42) Pause Young (Allocation Failure)
[2026-06-17T09:53:46.160+0800][2.408s][info][gc,task        ] GC(42) Using 2 workers of 18 for evacuation
[2026-06-17T09:53:46.161+0800][2.409s][info][gc,heap        ] GC(42) ParNew: 17227K->2174K(19648K)
[2026-06-17T09:53:46.161+0800][2.410s][info][gc,heap        ] GC(42) CMS: 28394K->32856K(43712K)
[2026-06-17T09:53:46.162+0800][2.410s][info][gc,metaspace   ] GC(42) Metaspace: 3150K(4864K)->3150K(4864K) NonClass: 2845K(4352K)->2845K(4352K) Class: 305K(512K)->305K(512K)
[2026-06-17T09:53:46.162+0800][2.410s][info][gc             ] GC(42) Pause Young (Allocation Failure) 44M->34M(61M) 2.106ms
[2026-06-17T09:53:46.162+0800][2.410s][info][gc,cpu         ] GC(42) User=0.00s Sys=0.00s Real=0.00s
[2026-06-17T09:53:46.162+0800][2.410s][info][gc,start       ] GC(43) Pause Initial Mark
[2026-06-17T09:53:46.163+0800][2.411s][info][gc             ] GC(43) Pause Initial Mark 34M->34M(61M) 0.443ms
[2026-06-17T09:53:46.163+0800][2.411s][info][gc,cpu         ] GC(43) User=0.01s Sys=0.00s Real=0.01s
[2026-06-17T09:53:46.163+0800][2.412s][info][gc             ] GC(43) Concurrent Mark
[2026-06-17T09:53:46.164+0800][2.412s][info][gc,task        ] GC(43) Using 2 workers of 5 for marking
[2026-06-17T09:53:46.165+0800][2.413s][info][gc             ] GC(43) Concurrent Mark 1.092ms
[2026-06-17T09:53:46.165+0800][2.413s][info][gc,cpu         ] GC(43) User=0.00s Sys=0.00s Real=0.00s
[2026-06-17T09:53:46.165+0800][2.413s][info][gc             ] GC(43) Concurrent Preclean
[2026-06-17T09:53:46.165+0800][2.413s][info][gc             ] GC(43) Concurrent Preclean 0.214ms
[2026-06-17T09:53:46.165+0800][2.413s][info][gc,cpu         ] GC(43) User=0.00s Sys=0.00s Real=0.00s
[2026-06-17T09:53:46.165+0800][2.414s][info][gc,start       ] GC(43) Pause Remark
[2026-06-17T09:53:46.166+0800][2.414s][info][gc             ] GC(43) Pause Remark 34M->34M(61M) 0.459ms
[2026-06-17T09:53:46.166+0800][2.414s][info][gc,cpu         ] GC(43) User=0.00s Sys=0.01s Real=0.00s
[2026-06-17T09:53:46.166+0800][2.414s][info][gc             ] GC(43) Concurrent Sweep
[2026-06-17T09:53:46.166+0800][2.415s][info][gc             ] GC(43) Concurrent Sweep 0.251ms
[2026-06-17T09:53:46.167+0800][2.415s][info][gc,cpu         ] GC(43) User=0.00s Sys=0.00s Real=0.00s
[2026-06-17T09:53:46.167+0800][2.415s][info][gc             ] GC(43) Concurrent Reset
[2026-06-17T09:53:46.167+0800][2.415s][info][gc             ] GC(43) Concurrent Reset 0.124ms
[2026-06-17T09:53:46.167+0800][2.415s][info][gc,cpu         ] GC(43) User=0.00s Sys=0.00s Real=0.00s
[2026-06-17T09:53:46.167+0800][2.415s][info][gc,heap        ] GC(43) Old: 32856K->20892K(43712K)
[2026-06-17T09:53:46.216+0800][2.464s][info][gc,start       ] GC(44) Pause Young (Allocation Failure)
[2026-06-17T09:53:46.218+0800][2.466s][info][gc,task        ] GC(44) Using 2 workers of 18 for evacuation
[2026-06-17T09:53:46.219+0800][2.467s][info][gc,heap        ] GC(44) ParNew: 19631K->2142K(19648K)
[2026-06-17T09:53:46.222+0800][2.470s][info][gc,heap        ] GC(44) CMS: 20892K->23449K(43712K)
[2026-06-17T09:53:46.229+0800][2.478s][info][gc,metaspace   ] GC(44) Metaspace: 3150K(4864K)->3150K(4864K) NonClass: 2845K(4352K)->2845K(4352K) Class: 305K(512K)->305K(512K)
[2026-06-17T09:53:46.232+0800][2.480s][info][gc             ] GC(44) Pause Young (Allocation Failure) 39M->24M(61M) 16.641ms
[2026-06-17T09:53:46.233+0800][2.481s][info][gc,cpu         ] GC(44) User=0.00s Sys=0.00s Real=0.02s
[2026-06-17T09:53:46.276+0800][2.524s][info][gc,start       ] GC(45) Pause Young (Allocation Failure)
[2026-06-17T09:53:46.276+0800][2.524s][info][gc,task        ] GC(45) Using 2 workers of 18 for evacuation
[2026-06-17T09:53:46.277+0800][2.525s][info][gc,heap        ] GC(45) ParNew: 19614K->2171K(19648K)
[2026-06-17T09:53:46.277+0800][2.525s][info][gc,heap        ] GC(45) CMS: 23449K->27290K(43712K)
[2026-06-17T09:53:46.277+0800][2.525s][info][gc,metaspace   ] GC(45) Metaspace: 3150K(4864K)->3150K(4864K) NonClass: 2845K(4352K)->2845K(4352K) Class: 305K(512K)->305K(512K)
[2026-06-17T09:53:46.277+0800][2.525s][info][gc             ] GC(45) Pause Young (Allocation Failure) 42M->28M(61M) 1.792ms
[2026-06-17T09:53:46.277+0800][2.526s][info][gc,cpu         ] GC(45) User=0.00s Sys=0.00s Real=0.00s
[2026-06-17T09:53:46.320+0800][2.568s][info][gc,start       ] GC(46) Pause Young (Allocation Failure)
[2026-06-17T09:53:46.320+0800][2.569s][info][gc,task        ] GC(46) Using 2 workers of 18 for evacuation
[2026-06-17T09:53:46.321+0800][2.570s][info][gc,heap        ] GC(46) ParNew: 19643K->2171K(19648K)
[2026-06-17T09:53:46.322+0800][2.570s][info][gc,heap        ] GC(46) CMS: 27290K->32050K(43712K)
[2026-06-17T09:53:46.322+0800][2.570s][info][gc,metaspace   ] GC(46) Metaspace: 3150K(4864K)->3150K(4864K) NonClass: 2845K(4352K)->2845K(4352K) Class: 305K(512K)->305K(512K)
[2026-06-17T09:53:46.322+0800][2.570s][info][gc             ] GC(46) Pause Young (Allocation Failure) 45M->33M(61M) 2.326ms
[2026-06-17T09:53:46.322+0800][2.571s][info][gc,cpu         ] GC(46) User=0.00s Sys=0.00s Real=0.00s
[2026-06-17T09:53:46.323+0800][2.571s][info][gc,start       ] GC(47) Pause Initial Mark
[2026-06-17T09:53:46.323+0800][2.571s][info][gc             ] GC(47) Pause Initial Mark 34M->34M(61M) 0.314ms
[2026-06-17T09:53:46.323+0800][2.571s][info][gc,cpu         ] GC(47) User=0.00s Sys=0.00s Real=0.00s
[2026-06-17T09:53:46.324+0800][2.572s][info][gc             ] GC(47) Concurrent Mark
[2026-06-17T09:53:46.324+0800][2.572s][info][gc,task        ] GC(47) Using 2 workers of 5 for marking
[2026-06-17T09:53:46.324+0800][2.572s][info][gc             ] GC(47) Concurrent Mark 0.635ms
[2026-06-17T09:53:46.324+0800][2.573s][info][gc,cpu         ] GC(47) User=0.00s Sys=0.00s Real=0.00s
[2026-06-17T09:53:46.325+0800][2.573s][info][gc             ] GC(47) Concurrent Preclean
[2026-06-17T09:53:46.325+0800][2.573s][info][gc             ] GC(47) Concurrent Preclean 0.116ms
[2026-06-17T09:53:46.325+0800][2.573s][info][gc,cpu         ] GC(47) User=0.00s Sys=0.00s Real=0.00s
[2026-06-17T09:53:46.325+0800][2.573s][info][gc,start       ] GC(47) Pause Remark
[2026-06-17T09:53:46.325+0800][2.573s][info][gc             ] GC(47) Pause Remark 34M->34M(61M) 0.439ms
[2026-06-17T09:53:46.325+0800][2.574s][info][gc,cpu         ] GC(47) User=0.01s Sys=0.00s Real=0.00s
[2026-06-17T09:53:46.326+0800][2.574s][info][gc             ] GC(47) Concurrent Sweep
[2026-06-17T09:53:46.326+0800][2.574s][info][gc             ] GC(47) Concurrent Sweep 0.227ms
[2026-06-17T09:53:46.326+0800][2.574s][info][gc,cpu         ] GC(47) User=0.00s Sys=0.00s Real=0.00s
[2026-06-17T09:53:46.326+0800][2.574s][info][gc             ] GC(47) Concurrent Reset
[2026-06-17T09:53:46.326+0800][2.574s][info][gc             ] GC(47) Concurrent Reset 0.140ms
[2026-06-17T09:53:46.326+0800][2.574s][info][gc,cpu         ] GC(47) User=0.00s Sys=0.00s Real=0.00s
[2026-06-17T09:53:46.327+0800][2.575s][info][gc,heap        ] GC(47) Old: 32050K->31081K(43712K)
[2026-06-17T09:53:46.376+0800][2.624s][info][gc,start       ] GC(48) Pause Young (Allocation Failure)
[2026-06-17T09:53:46.384+0800][2.632s][info][gc,task        ] GC(48) Using 2 workers of 18 for evacuation
[2026-06-17T09:53:46.385+0800][2.633s][info][gc,heap        ] GC(48) ParNew: 19643K->2176K(19648K)
[2026-06-17T09:53:46.391+0800][2.639s][info][gc,heap        ] GC(48) CMS: 31081K->33017K(43712K)
[2026-06-17T09:53:46.395+0800][2.643s][info][gc,metaspace   ] GC(48) Metaspace: 3150K(4864K)->3150K(4864K) NonClass: 2845K(4352K)->2845K(4352K) Class: 305K(512K)->305K(512K)
[2026-06-17T09:53:46.404+0800][2.652s][info][gc             ] GC(48) Pause Young (Allocation Failure) 49M->34M(61M) 28.520ms
[2026-06-17T09:53:46.452+0800][2.700s][info][gc,cpu         ] GC(48) User=0.00s Sys=0.00s Real=0.08s
[2026-06-17T09:53:46.453+0800][2.701s][info][gc,start       ] GC(49) Pause Initial Mark
[2026-06-17T09:53:46.453+0800][2.701s][info][gc             ] GC(49) Pause Initial Mark 35M->35M(61M) 0.498ms
[2026-06-17T09:53:46.454+0800][2.702s][info][gc,cpu         ] GC(49) User=0.00s Sys=0.00s Real=0.00s
[2026-06-17T09:53:46.454+0800][2.702s][info][gc             ] GC(49) Concurrent Mark
[2026-06-17T09:53:46.455+0800][2.703s][info][gc,task        ] GC(49) Using 2 workers of 5 for marking
[2026-06-17T09:53:46.457+0800][2.706s][info][gc             ] GC(49) Concurrent Mark 3.441ms
[2026-06-17T09:53:46.459+0800][2.707s][info][gc,cpu         ] GC(49) User=0.00s Sys=0.00s Real=0.00s
[2026-06-17T09:53:46.461+0800][2.709s][info][gc             ] GC(49) Concurrent Preclean
[2026-06-17T09:53:46.463+0800][2.711s][info][gc             ] GC(49) Concurrent Preclean 2.207ms
[2026-06-17T09:53:46.466+0800][2.714s][info][gc,cpu         ] GC(49) User=0.00s Sys=0.00s Real=0.01s
[2026-06-17T09:53:46.466+0800][2.714s][info][gc             ] GC(49) Concurrent Abortable Preclean
[2026-06-17T09:53:46.486+0800][2.734s][info][gc,start       ] GC(50) Pause Young (Allocation Failure)
[2026-06-17T09:53:46.486+0800][2.734s][info][gc,task        ] GC(50) Using 2 workers of 18 for evacuation
[2026-06-17T09:53:46.487+0800][2.735s][info][gc,heap        ] GC(50) ParNew: 19571K->2157K(19648K)
[2026-06-17T09:53:46.487+0800][2.735s][info][gc,heap        ] GC(50) CMS: 33017K->36115K(43712K)
[2026-06-17T09:53:46.487+0800][2.735s][info][gc,metaspace   ] GC(50) Metaspace: 3150K(4864K)->3150K(4864K) NonClass: 2845K(4352K)->2845K(4352K) Class: 305K(512K)->305K(512K)
[2026-06-17T09:53:46.487+0800][2.735s][info][gc             ] GC(50) Pause Young (Allocation Failure) 51M->37M(61M) 1.497ms
[2026-06-17T09:53:46.487+0800][2.735s][info][gc,cpu         ] GC(50) User=0.00s Sys=0.00s Real=0.00s
[2026-06-17T09:53:46.540+0800][2.788s][info][gc,start       ] GC(51) Pause Young (Allocation Failure)
[2026-06-17T09:53:46.540+0800][2.788s][info][gc,task        ] GC(51) Using 2 workers of 18 for evacuation
[2026-06-17T09:53:46.542+0800][2.790s][info][gc,heap        ] GC(51) ParNew: 19620K->2165K(19648K)
[2026-06-17T09:53:46.543+0800][2.791s][info][gc,heap        ] GC(51) CMS: 36115K->39623K(43712K)
[2026-06-17T09:53:46.545+0800][2.793s][info][gc,metaspace   ] GC(51) Metaspace: 3150K(4864K)->3150K(4864K) NonClass: 2845K(4352K)->2845K(4352K) Class: 305K(512K)->305K(512K)
[2026-06-17T09:53:46.547+0800][2.795s][info][gc             ] GC(51) Pause Young (Allocation Failure) 54M->40M(61M) 7.331ms
[2026-06-17T09:53:46.549+0800][2.797s][info][gc,cpu         ] GC(51) User=0.00s Sys=0.00s Real=0.01s
[2026-06-17T09:53:46.596+0800][2.844s][info][gc,start       ] GC(52) Pause Young (Allocation Failure)
[2026-06-17T09:53:46.597+0800][2.845s][info][gc,task        ] GC(52) Using 2 workers of 18 for evacuation
[2026-06-17T09:53:46.597+0800][2.846s][info][gc,start       ] GC(53) Pause Full (Allocation Failure)
[2026-06-17T09:53:46.600+0800][2.848s][info][gc             ] GC(49) Concurrent Abortable Preclean 134.076ms
[2026-06-17T09:53:46.601+0800][2.849s][info][gc,cpu         ] GC(49) User=0.01s Sys=0.00s Real=0.13s
[2026-06-17T09:53:46.601+0800][2.849s][info][gc,phases,start] GC(53) Phase 1: Mark live objects
[2026-06-17T09:53:46.602+0800][2.850s][info][gc,phases      ] GC(53) Phase 1: Mark live objects 0.782ms
[2026-06-17T09:53:46.602+0800][2.850s][info][gc,phases,start] GC(53) Phase 2: Compute new object addresses
[2026-06-17T09:53:46.605+0800][2.853s][info][gc,phases      ] GC(53) Phase 2: Compute new object addresses 2.325ms
[2026-06-17T09:53:46.605+0800][2.853s][info][gc,phases,start] GC(53) Phase 3: Adjust pointers
[2026-06-17T09:53:46.606+0800][2.854s][info][gc,phases      ] GC(53) Phase 3: Adjust pointers 0.955ms
[2026-06-17T09:53:46.607+0800][2.855s][info][gc,phases,start] GC(53) Phase 4: Move objects
[2026-06-17T09:53:46.610+0800][2.858s][info][gc,phases      ] GC(53) Phase 4: Move objects 2.868ms
[2026-06-17T09:53:46.611+0800][2.859s][info][gc             ] GC(53) Pause Full (Allocation Failure) 57M->31M(61M) 13.122ms
[2026-06-17T09:53:46.611+0800][2.859s][info][gc,heap        ] GC(52) ParNew: 19575K->0K(19648K)
[2026-06-17T09:53:46.612+0800][2.860s][info][gc,heap        ] GC(52) CMS: 39623K->32314K(43712K)
[2026-06-17T09:53:46.612+0800][2.861s][info][gc,metaspace   ] GC(52) Metaspace: 3150K(4864K)->3150K(4864K) NonClass: 2845K(4352K)->2845K(4352K) Class: 305K(512K)->305K(512K)
[2026-06-17T09:53:46.613+0800][2.861s][info][gc             ] GC(52) Pause Young (Allocation Failure) 57M->31M(61M) 16.425ms
[2026-06-17T09:53:46.613+0800][2.861s][info][gc,cpu         ] GC(52) User=0.00s Sys=0.00s Real=0.02s
[2026-06-17T09:53:46.655+0800][2.904s][info][gc,start       ] GC(54) Pause Young (Allocation Failure)
[2026-06-17T09:53:46.656+0800][2.904s][info][gc,task        ] GC(54) Using 2 workers of 18 for evacuation
[2026-06-17T09:53:46.657+0800][2.905s][info][gc,heap        ] GC(54) ParNew: 17457K->2173K(19648K)
[2026-06-17T09:53:46.657+0800][2.905s][info][gc,heap        ] GC(54) CMS: 32314K->37243K(43712K)
[2026-06-17T09:53:46.657+0800][2.905s][info][gc,metaspace   ] GC(54) Metaspace: 3151K(4864K)->3151K(4864K) NonClass: 2846K(4352K)->2846K(4352K) Class: 305K(512K)->305K(512K)
[2026-06-17T09:53:46.657+0800][2.905s][info][gc             ] GC(54) Pause Young (Allocation Failure) 48M->38M(61M) 1.839ms
[2026-06-17T09:53:46.657+0800][2.906s][info][gc,cpu         ] GC(54) User=0.00s Sys=0.00s Real=0.00s
[2026-06-17T09:53:46.658+0800][2.906s][info][gc,start       ] GC(55) Pause Initial Mark
[2026-06-17T09:53:46.658+0800][2.906s][info][gc             ] GC(55) Pause Initial Mark 38M->38M(61M) 0.223ms
[2026-06-17T09:53:46.658+0800][2.906s][info][gc,cpu         ] GC(55) User=0.00s Sys=0.00s Real=0.00s
[2026-06-17T09:53:46.658+0800][2.906s][info][gc             ] GC(55) Concurrent Mark
[2026-06-17T09:53:46.658+0800][2.907s][info][gc,task        ] GC(55) Using 2 workers of 5 for marking
[2026-06-17T09:53:46.659+0800][2.907s][info][gc             ] GC(55) Concurrent Mark 0.668ms
[2026-06-17T09:53:46.659+0800][2.907s][info][gc,cpu         ] GC(55) User=0.01s Sys=0.00s Real=0.00s
[2026-06-17T09:53:46.659+0800][2.908s][info][gc             ] GC(55) Concurrent Preclean
[2026-06-17T09:53:46.660+0800][2.908s][info][gc             ] GC(55) Concurrent Preclean 0.262ms
[2026-06-17T09:53:46.660+0800][2.908s][info][gc,cpu         ] GC(55) User=0.00s Sys=0.00s Real=0.00s
[2026-06-17T09:53:46.660+0800][2.908s][info][gc,start       ] GC(55) Pause Remark
[2026-06-17T09:53:46.661+0800][2.909s][info][gc             ] GC(55) Pause Remark 40M->40M(61M) 0.624ms
[2026-06-17T09:53:46.661+0800][2.909s][info][gc,cpu         ] GC(55) User=0.00s Sys=0.00s Real=0.00s
[2026-06-17T09:53:46.661+0800][2.909s][info][gc             ] GC(55) Concurrent Sweep
[2026-06-17T09:53:46.661+0800][2.909s][info][gc             ] GC(55) Concurrent Sweep 0.264ms
[2026-06-17T09:53:46.661+0800][2.910s][info][gc,cpu         ] GC(55) User=0.00s Sys=0.00s Real=0.00s
[2026-06-17T09:53:46.662+0800][2.910s][info][gc             ] GC(55) Concurrent Reset
[2026-06-17T09:53:46.662+0800][2.910s][info][gc             ] GC(55) Concurrent Reset 0.176ms
[2026-06-17T09:53:46.662+0800][2.910s][info][gc,cpu         ] GC(55) User=0.00s Sys=0.00s Real=0.00s
[2026-06-17T09:53:46.662+0800][2.910s][info][gc,heap        ] GC(55) Old: 37243K->26286K(43712K)
[2026-06-17T09:53:46.700+0800][2.948s][info][gc,start       ] GC(56) Pause Young (Allocation Failure)
[2026-06-17T09:53:46.701+0800][2.949s][info][gc,task        ] GC(56) Using 2 workers of 18 for evacuation
[2026-06-17T09:53:46.701+0800][2.950s][info][gc,heap        ] GC(56) ParNew: 19618K->2169K(19648K)
[2026-06-17T09:53:46.702+0800][2.950s][info][gc,heap        ] GC(56) CMS: 26286K->30090K(43712K)
[2026-06-17T09:53:46.702+0800][2.950s][info][gc,metaspace   ] GC(56) Metaspace: 3151K(4864K)->3151K(4864K) NonClass: 2846K(4352K)->2846K(4352K) Class: 305K(512K)->305K(512K)
[2026-06-17T09:53:46.702+0800][2.950s][info][gc             ] GC(56) Pause Young (Allocation Failure) 44M->31M(61M) 1.875ms
[2026-06-17T09:53:46.702+0800][2.950s][info][gc,cpu         ] GC(56) User=0.00s Sys=0.00s Real=0.00s
[2026-06-17T09:53:46.745+0800][2.993s][info][gc,start       ] GC(57) Pause Young (Allocation Failure)
[2026-06-17T09:53:46.745+0800][2.994s][info][gc,task        ] GC(57) Using 2 workers of 18 for evacuation
[2026-06-17T09:53:46.746+0800][2.994s][info][gc,heap        ] GC(57) ParNew: 19514K->2167K(19648K)
[2026-06-17T09:53:46.747+0800][2.995s][info][gc,heap        ] GC(57) CMS: 30090K->31047K(43712K)
[2026-06-17T09:53:46.747+0800][2.995s][info][gc,metaspace   ] GC(57) Metaspace: 3151K(4864K)->3151K(4864K) NonClass: 2846K(4352K)->2846K(4352K) Class: 305K(512K)->305K(512K)
[2026-06-17T09:53:46.747+0800][2.995s][info][gc             ] GC(57) Pause Young (Allocation Failure) 48M->32M(61M) 2.314ms
[2026-06-17T09:53:46.747+0800][2.995s][info][gc,cpu         ] GC(57) User=0.00s Sys=0.00s Real=0.00s
[2026-06-17T09:53:46.799+0800][3.048s][info][gc,start       ] GC(58) Pause Young (Allocation Failure)
[2026-06-17T09:53:46.800+0800][3.048s][info][gc,task        ] GC(58) Using 2 workers of 18 for evacuation
[2026-06-17T09:53:46.801+0800][3.049s][info][gc,heap        ] GC(58) ParNew: 19639K->2172K(19648K)
[2026-06-17T09:53:46.801+0800][3.049s][info][gc,heap        ] GC(58) CMS: 31047K->34807K(43712K)
[2026-06-17T09:53:46.801+0800][3.049s][info][gc,metaspace   ] GC(58) Metaspace: 3151K(4864K)->3151K(4864K) NonClass: 2846K(4352K)->2846K(4352K) Class: 305K(512K)->305K(512K)
[2026-06-17T09:53:46.801+0800][3.049s][info][gc             ] GC(58) Pause Young (Allocation Failure) 49M->36M(61M) 1.709ms
[2026-06-17T09:53:46.801+0800][3.049s][info][gc,cpu         ] GC(58) User=0.00s Sys=0.00s Real=0.00s
[2026-06-17T09:53:46.802+0800][3.050s][info][gc,start       ] GC(59) Pause Initial Mark
[2026-06-17T09:53:46.802+0800][3.050s][info][gc             ] GC(59) Pause Initial Mark 36M->36M(61M) 0.217ms
[2026-06-17T09:53:46.802+0800][3.050s][info][gc,cpu         ] GC(59) User=0.00s Sys=0.00s Real=0.00s
[2026-06-17T09:53:46.802+0800][3.050s][info][gc             ] GC(59) Concurrent Mark
[2026-06-17T09:53:46.802+0800][3.050s][info][gc,task        ] GC(59) Using 2 workers of 5 for marking
[2026-06-17T09:53:46.803+0800][3.051s][info][gc             ] GC(59) Concurrent Mark 0.753ms
[2026-06-17T09:53:46.803+0800][3.051s][info][gc,cpu         ] GC(59) User=0.00s Sys=0.00s Real=0.01s
[2026-06-17T09:53:46.803+0800][3.051s][info][gc             ] GC(59) Concurrent Preclean
[2026-06-17T09:53:46.804+0800][3.052s][info][gc             ] GC(59) Concurrent Preclean 0.305ms
[2026-06-17T09:53:46.804+0800][3.052s][info][gc,cpu         ] GC(59) User=0.00s Sys=0.00s Real=0.00s
[2026-06-17T09:53:46.804+0800][3.052s][info][gc             ] GC(59) Concurrent Abortable Preclean
[2026-06-17T09:53:46.844+0800][3.092s][info][gc,start       ] GC(60) Pause Young (Allocation Failure)
[2026-06-17T09:53:46.845+0800][3.093s][info][gc,task        ] GC(60) Using 2 workers of 18 for evacuation
[2026-06-17T09:53:46.846+0800][3.094s][info][gc,heap        ] GC(60) ParNew: 19644K->2166K(19648K)
[2026-06-17T09:53:46.846+0800][3.094s][info][gc,heap        ] GC(60) CMS: 34807K->37939K(43712K)
[2026-06-17T09:53:46.847+0800][3.095s][info][gc,metaspace   ] GC(60) Metaspace: 3151K(4864K)->3151K(4864K) NonClass: 2846K(4352K)->2846K(4352K) Class: 305K(512K)->305K(512K)
[2026-06-17T09:53:46.847+0800][3.095s][info][gc             ] GC(60) Pause Young (Allocation Failure) 53M->39M(61M) 2.835ms
[2026-06-17T09:53:46.847+0800][3.095s][info][gc,cpu         ] GC(60) User=0.00s Sys=0.00s Real=0.00s
[2026-06-17T09:53:46.889+0800][3.137s][info][gc,start       ] GC(61) Pause Young (Allocation Failure)
[2026-06-17T09:53:46.890+0800][3.138s][info][gc,task        ] GC(61) Using 2 workers of 18 for evacuation
[2026-06-17T09:53:46.891+0800][3.139s][info][gc,heap        ] GC(61) ParNew: 19625K->2169K(19648K)
[2026-06-17T09:53:46.891+0800][3.139s][info][gc,heap        ] GC(61) CMS: 37939K->41760K(43712K)
[2026-06-17T09:53:46.891+0800][3.139s][info][gc,metaspace   ] GC(61) Metaspace: 3151K(4864K)->3151K(4864K) NonClass: 2846K(4352K)->2846K(4352K) Class: 305K(512K)->305K(512K)
[2026-06-17T09:53:46.891+0800][3.140s][info][gc             ] GC(61) Pause Young (Allocation Failure) 56M->42M(61M) 2.211ms
[2026-06-17T09:53:46.892+0800][3.140s][info][gc,cpu         ] GC(61) User=0.00s Sys=0.00s Real=0.01s
[2026-06-17T09:53:46.892+0800][3.140s][info][gc             ] GC(59) Concurrent Abortable Preclean 87.884ms
[2026-06-17T09:53:46.892+0800][3.140s][info][gc,cpu         ] GC(59) User=0.01s Sys=0.00s Real=0.09s
[2026-06-17T09:53:46.892+0800][3.140s][info][gc,start       ] GC(59) Pause Remark
[2026-06-17T09:53:46.893+0800][3.141s][info][gc             ] GC(59) Pause Remark 45M->45M(61M) 0.517ms
[2026-06-17T09:53:46.893+0800][3.141s][info][gc,cpu         ] GC(59) User=0.00s Sys=0.00s Real=0.00s
[2026-06-17T09:53:46.893+0800][3.141s][info][gc             ] GC(59) Concurrent Sweep
[2026-06-17T09:53:46.894+0800][3.142s][info][gc             ] GC(59) Concurrent Sweep 0.303ms
[2026-06-17T09:53:46.894+0800][3.142s][info][gc,cpu         ] GC(59) User=0.00s Sys=0.00s Real=0.00s
[2026-06-17T09:53:46.894+0800][3.142s][info][gc             ] GC(59) Concurrent Reset
[2026-06-17T09:53:46.894+0800][3.142s][info][gc             ] GC(59) Concurrent Reset 0.160ms
[2026-06-17T09:53:46.894+0800][3.142s][info][gc,cpu         ] GC(59) User=0.00s Sys=0.00s Real=0.00s
[2026-06-17T09:53:46.894+0800][3.142s][info][gc,heap        ] GC(59) Old: 34807K->23079K(43712K)
[2026-06-17T09:53:46.934+0800][3.182s][info][gc,start       ] GC(62) Pause Young (Allocation Failure)
[2026-06-17T09:53:46.935+0800][3.183s][info][gc,task        ] GC(62) Using 2 workers of 18 for evacuation
[2026-06-17T09:53:46.936+0800][3.184s][info][gc,heap        ] GC(62) ParNew: 19602K->2168K(19648K)
[2026-06-17T09:53:46.936+0800][3.184s][info][gc,heap        ] GC(62) CMS: 23079K->27050K(43712K)
[2026-06-17T09:53:46.936+0800][3.184s][info][gc,metaspace   ] GC(62) Metaspace: 3151K(4864K)->3151K(4864K) NonClass: 2846K(4352K)->2846K(4352K) Class: 305K(512K)->305K(512K)
[2026-06-17T09:53:46.937+0800][3.185s][info][gc             ] GC(62) Pause Young (Allocation Failure) 41M->28M(61M) 2.331ms
[2026-06-17T09:53:46.937+0800][3.185s][info][gc,cpu         ] GC(62) User=0.00s Sys=0.00s Real=0.00s
[2026-06-17T09:53:46.979+0800][3.227s][info][gc,start       ] GC(63) Pause Young (Allocation Failure)
[2026-06-17T09:53:46.981+0800][3.229s][info][gc,task        ] GC(63) Using 2 workers of 18 for evacuation
[2026-06-17T09:53:46.982+0800][3.230s][info][gc,heap        ] GC(63) ParNew: 19584K->2110K(19648K)
[2026-06-17T09:53:46.983+0800][3.231s][info][gc,heap        ] GC(63) CMS: 27050K->28686K(43712K)
[2026-06-17T09:53:46.983+0800][3.231s][info][gc,metaspace   ] GC(63) Metaspace: 3151K(4864K)->3151K(4864K) NonClass: 2846K(4352K)->2846K(4352K) Class: 305K(512K)->305K(512K)
[2026-06-17T09:53:46.984+0800][3.232s][info][gc             ] GC(63) Pause Young (Allocation Failure) 45M->30M(61M) 4.595ms
[2026-06-17T09:53:46.984+0800][3.232s][info][gc,cpu         ] GC(63) User=0.00s Sys=0.00s Real=0.01s
[2026-06-17T09:53:47.037+0800][3.285s][info][gc,start       ] GC(64) Pause Young (Allocation Failure)
[2026-06-17T09:53:47.037+0800][3.285s][info][gc,task        ] GC(64) Using 2 workers of 18 for evacuation
[2026-06-17T09:53:47.038+0800][3.287s][info][gc,heap        ] GC(64) ParNew: 19572K->2085K(19648K)
[2026-06-17T09:53:47.039+0800][3.287s][info][gc,heap        ] GC(64) CMS: 28686K->32423K(43712K)
[2026-06-17T09:53:47.039+0800][3.288s][info][gc,metaspace   ] GC(64) Metaspace: 3156K(4864K)->3156K(4864K) NonClass: 2851K(4352K)->2851K(4352K) Class: 305K(512K)->305K(512K)
[2026-06-17T09:53:47.040+0800][3.288s][info][gc             ] GC(64) Pause Young (Allocation Failure) 47M->33M(61M) 3.042ms
[2026-06-17T09:53:47.040+0800][3.288s][info][gc,cpu         ] GC(64) User=0.00s Sys=0.01s Real=0.00s
[2026-06-17T09:53:47.041+0800][3.289s][info][gc,start       ] GC(65) Pause Initial Mark
[2026-06-17T09:53:47.041+0800][3.289s][info][gc             ] GC(65) Pause Initial Mark 34M->34M(61M) 0.481ms
[2026-06-17T09:53:47.042+0800][3.290s][info][gc,cpu         ] GC(65) User=0.00s Sys=0.00s Real=0.00s
[2026-06-17T09:53:47.042+0800][3.290s][info][gc             ] GC(65) Concurrent Mark
[2026-06-17T09:53:47.042+0800][3.291s][info][gc,task        ] GC(65) Using 2 workers of 5 for marking
[2026-06-17T09:53:47.043+0800][3.291s][info][gc             ] GC(65) Concurrent Mark 1.134ms
[2026-06-17T09:53:47.044+0800][3.292s][info][gc,cpu         ] GC(65) User=0.00s Sys=0.00s Real=0.01s
[2026-06-17T09:53:47.044+0800][3.292s][info][gc             ] GC(65) Concurrent Preclean
[2026-06-17T09:53:47.044+0800][3.293s][info][gc             ] GC(65) Concurrent Preclean 0.417ms
[2026-06-17T09:53:47.045+0800][3.293s][info][gc,cpu         ] GC(65) User=0.00s Sys=0.00s Real=0.00s
[2026-06-17T09:53:47.045+0800][3.293s][info][gc             ] GC(65) Concurrent Abortable Preclean
[2026-06-17T09:53:47.084+0800][3.332s][info][gc,start       ] GC(66) Pause Young (Allocation Failure)
[2026-06-17T09:53:47.085+0800][3.333s][info][gc,task        ] GC(66) Using 2 workers of 18 for evacuation
[2026-06-17T09:53:47.086+0800][3.335s][info][gc,heap        ] GC(66) ParNew: 19500K->2175K(19648K)
[2026-06-17T09:53:47.087+0800][3.335s][info][gc,heap        ] GC(66) CMS: 32423K->35784K(43712K)
[2026-06-17T09:53:47.087+0800][3.335s][info][gc,metaspace   ] GC(66) Metaspace: 3156K(4864K)->3156K(4864K) NonClass: 2851K(4352K)->2851K(4352K) Class: 305K(512K)->305K(512K)
[2026-06-17T09:53:47.087+0800][3.335s][info][gc             ] GC(66) Pause Young (Allocation Failure) 50M->37M(61M) 3.365ms
[2026-06-17T09:53:47.088+0800][3.336s][info][gc,cpu         ] GC(66) User=0.00s Sys=0.00s Real=0.00s
[2026-06-17T09:53:47.130+0800][3.378s][info][gc,start       ] GC(67) Pause Young (Allocation Failure)
[2026-06-17T09:53:47.135+0800][3.383s][info][gc,task        ] GC(67) Using 2 workers of 18 for evacuation
[2026-06-17T09:53:47.136+0800][3.384s][info][gc,heap        ] GC(67) ParNew: 19647K->2116K(19648K)
[2026-06-17T09:53:47.137+0800][3.385s][info][gc,heap        ] GC(67) CMS: 35784K->39905K(43712K)
[2026-06-17T09:53:47.138+0800][3.386s][info][gc,metaspace   ] GC(67) Metaspace: 3156K(4864K)->3156K(4864K) NonClass: 2851K(4352K)->2851K(4352K) Class: 305K(512K)->305K(512K)
[2026-06-17T09:53:47.138+0800][3.386s][info][gc             ] GC(67) Pause Young (Allocation Failure) 54M->41M(61M) 8.069ms
[2026-06-17T09:53:47.143+0800][3.391s][info][gc,cpu         ] GC(67) User=0.00s Sys=0.00s Real=0.02s
[2026-06-17T09:53:47.193+0800][3.441s][info][gc,start       ] GC(68) Pause Young (Allocation Failure)
[2026-06-17T09:53:47.195+0800][3.443s][info][gc,task        ] GC(68) Using 2 workers of 18 for evacuation
[2026-06-17T09:53:47.195+0800][3.443s][info][gc,start       ] GC(69) Pause Full (Allocation Failure)
[2026-06-17T09:53:47.196+0800][3.444s][info][gc             ] GC(65) Concurrent Abortable Preclean 150.816ms
[2026-06-17T09:53:47.196+0800][3.445s][info][gc,cpu         ] GC(65) User=0.01s Sys=0.00s Real=0.15s
[2026-06-17T09:53:47.199+0800][3.447s][info][gc,phases,start] GC(69) Phase 1: Mark live objects
[2026-06-17T09:53:47.201+0800][3.449s][info][gc,phases      ] GC(69) Phase 1: Mark live objects 1.685ms
[2026-06-17T09:53:47.203+0800][3.451s][info][gc,phases,start] GC(69) Phase 2: Compute new object addresses
[2026-06-17T09:53:47.204+0800][3.452s][info][gc,phases      ] GC(69) Phase 2: Compute new object addresses 0.999ms
[2026-06-17T09:53:47.204+0800][3.452s][info][gc,phases,start] GC(69) Phase 3: Adjust pointers
[2026-06-17T09:53:47.205+0800][3.453s][info][gc,phases      ] GC(69) Phase 3: Adjust pointers 0.923ms
[2026-06-17T09:53:47.205+0800][3.454s][info][gc,phases,start] GC(69) Phase 4: Move objects
[2026-06-17T09:53:47.208+0800][3.456s][info][gc,phases      ] GC(69) Phase 4: Move objects 2.799ms
[2026-06-17T09:53:47.209+0800][3.457s][info][gc             ] GC(69) Pause Full (Allocation Failure) 58M->23M(61M) 13.933ms
[2026-06-17T09:53:47.210+0800][3.458s][info][gc,heap        ] GC(68) ParNew: 19551K->0K(19648K)
[2026-06-17T09:53:47.210+0800][3.458s][info][gc,heap        ] GC(68) CMS: 39905K->23916K(43712K)
[2026-06-17T09:53:47.210+0800][3.459s][info][gc,metaspace   ] GC(68) Metaspace: 3156K(4864K)->3156K(4864K) NonClass: 2851K(4352K)->2851K(4352K) Class: 305K(512K)->305K(512K)
[2026-06-17T09:53:47.211+0800][3.459s][info][gc             ] GC(68) Pause Young (Allocation Failure) 58M->23M(61M) 18.032ms
[2026-06-17T09:53:47.211+0800][3.459s][info][gc,cpu         ] GC(68) User=0.00s Sys=0.00s Real=0.02s
[2026-06-17T09:53:47.255+0800][3.503s][info][gc,start       ] GC(70) Pause Young (Allocation Failure)
[2026-06-17T09:53:47.255+0800][3.504s][info][gc,task        ] GC(70) Using 2 workers of 18 for evacuation
[2026-06-17T09:53:47.257+0800][3.505s][info][gc,heap        ] GC(70) ParNew: 17472K->2171K(19648K)
[2026-06-17T09:53:47.257+0800][3.505s][info][gc,heap        ] GC(70) CMS: 23916K->28621K(43712K)
[2026-06-17T09:53:47.257+0800][3.505s][info][gc,metaspace   ] GC(70) Metaspace: 3156K(4864K)->3156K(4864K) NonClass: 2851K(4352K)->2851K(4352K) Class: 305K(512K)->305K(512K)
[2026-06-17T09:53:47.258+0800][3.506s][info][gc             ] GC(70) Pause Young (Allocation Failure) 40M->30M(61M) 2.829ms
[2026-06-17T09:53:47.258+0800][3.506s][info][gc,cpu         ] GC(70) User=0.00s Sys=0.00s Real=0.00s
[2026-06-17T09:53:47.301+0800][3.549s][info][gc,start       ] GC(71) Pause Young (Allocation Failure)
[2026-06-17T09:53:47.301+0800][3.549s][info][gc,task        ] GC(71) Using 2 workers of 18 for evacuation
[2026-06-17T09:53:47.303+0800][3.551s][info][gc,heap        ] GC(71) ParNew: 19619K->2174K(19648K)
[2026-06-17T09:53:47.303+0800][3.552s][info][gc,heap        ] GC(71) CMS: 28621K->35681K(43712K)
[2026-06-17T09:53:47.304+0800][3.552s][info][gc,metaspace   ] GC(71) Metaspace: 3156K(4864K)->3156K(4864K) NonClass: 2851K(4352K)->2851K(4352K) Class: 305K(512K)->305K(512K)
[2026-06-17T09:53:47.304+0800][3.552s][info][gc             ] GC(71) Pause Young (Allocation Failure) 47M->36M(61M) 3.632ms
[2026-06-17T09:53:47.305+0800][3.553s][info][gc,cpu         ] GC(71) User=0.00s Sys=0.00s Real=0.01s
[2026-06-17T09:53:47.305+0800][3.553s][info][gc,start       ] GC(72) Pause Initial Mark
[2026-06-17T09:53:47.306+0800][3.554s][info][gc             ] GC(72) Pause Initial Mark 37M->37M(61M) 0.719ms
[2026-06-17T09:53:47.306+0800][3.555s][info][gc,cpu         ] GC(72) User=0.00s Sys=0.00s Real=0.00s
[2026-06-17T09:53:47.307+0800][3.555s][info][gc             ] GC(72) Concurrent Mark
[2026-06-17T09:53:47.307+0800][3.555s][info][gc,task        ] GC(72) Using 2 workers of 5 for marking
[2026-06-17T09:53:47.308+0800][3.557s][info][gc             ] GC(72) Concurrent Mark 1.576ms
[2026-06-17T09:53:47.309+0800][3.557s][info][gc,cpu         ] GC(72) User=0.00s Sys=0.00s Real=0.00s
[2026-06-17T09:53:47.309+0800][3.557s][info][gc             ] GC(72) Concurrent Preclean
[2026-06-17T09:53:47.309+0800][3.557s][info][gc             ] GC(72) Concurrent Preclean 0.226ms
[2026-06-17T09:53:47.309+0800][3.557s][info][gc,cpu         ] GC(72) User=0.00s Sys=0.00s Real=0.00s
[2026-06-17T09:53:47.310+0800][3.558s][info][gc,start       ] GC(72) Pause Remark
[2026-06-17T09:53:47.310+0800][3.558s][info][gc             ] GC(72) Pause Remark 38M->38M(61M) 0.530ms
[2026-06-17T09:53:47.310+0800][3.558s][info][gc,cpu         ] GC(72) User=0.00s Sys=0.00s Real=0.00s
[2026-06-17T09:53:47.311+0800][3.559s][info][gc             ] GC(72) Concurrent Sweep
[2026-06-17T09:53:47.311+0800][3.559s][info][gc             ] GC(72) Concurrent Sweep 0.381ms
[2026-06-17T09:53:47.311+0800][3.559s][info][gc,cpu         ] GC(72) User=0.00s Sys=0.00s Real=0.00s
[2026-06-17T09:53:47.311+0800][3.559s][info][gc             ] GC(72) Concurrent Reset
[2026-06-17T09:53:47.311+0800][3.560s][info][gc             ] GC(72) Concurrent Reset 0.132ms
[2026-06-17T09:53:47.312+0800][3.560s][info][gc,cpu         ] GC(72) User=0.00s Sys=0.00s Real=0.00s
[2026-06-17T09:53:47.312+0800][3.560s][info][gc,heap        ] GC(72) Old: 35681K->28879K(43712K)
[2026-06-17T09:53:47.349+0800][3.597s][info][gc,start       ] GC(73) Pause Young (Allocation Failure)
[2026-06-17T09:53:47.349+0800][3.597s][info][gc,task        ] GC(73) Using 2 workers of 18 for evacuation
[2026-06-17T09:53:47.351+0800][3.599s][info][gc,heap        ] GC(73) ParNew: 19634K->2171K(19648K)
[2026-06-17T09:53:47.351+0800][3.599s][info][gc,heap        ] GC(73) CMS: 28879K->33840K(43712K)
[2026-06-17T09:53:47.351+0800][3.599s][info][gc,metaspace   ] GC(73) Metaspace: 3156K(4864K)->3156K(4864K) NonClass: 2851K(4352K)->2851K(4352K) Class: 305K(512K)->305K(512K)
[2026-06-17T09:53:47.353+0800][3.601s][info][gc             ] GC(73) Pause Young (Allocation Failure) 47M->35M(61M) 3.531ms
[2026-06-17T09:53:47.353+0800][3.601s][info][gc,cpu         ] GC(73) User=0.00s Sys=0.00s Real=0.01s
[2026-06-17T09:53:47.353+0800][3.601s][info][gc,start       ] GC(74) Pause Initial Mark
[2026-06-17T09:53:47.354+0800][3.602s][info][gc             ] GC(74) Pause Initial Mark 35M->35M(61M) 0.492ms
[2026-06-17T09:53:47.354+0800][3.602s][info][gc,cpu         ] GC(74) User=0.00s Sys=0.00s Real=0.00s
[2026-06-17T09:53:47.356+0800][3.604s][info][gc             ] GC(74) Concurrent Mark
[2026-06-17T09:53:47.356+0800][3.604s][info][gc,task        ] GC(74) Using 2 workers of 5 for marking
[2026-06-17T09:53:47.357+0800][3.605s][info][gc             ] GC(74) Concurrent Mark 1.319ms
[2026-06-17T09:53:47.358+0800][3.606s][info][gc,cpu         ] GC(74) User=0.01s Sys=0.00s Real=0.00s
[2026-06-17T09:53:47.358+0800][3.606s][info][gc             ] GC(74) Concurrent Preclean
[2026-06-17T09:53:47.358+0800][3.606s][info][gc             ] GC(74) Concurrent Preclean 0.234ms
[2026-06-17T09:53:47.358+0800][3.606s][info][gc,cpu         ] GC(74) User=0.00s Sys=0.00s Real=0.00s
[2026-06-17T09:53:47.359+0800][3.607s][info][gc,start       ] GC(74) Pause Remark
[2026-06-17T09:53:47.359+0800][3.607s][info][gc             ] GC(74) Pause Remark 35M->35M(61M) 0.627ms
[2026-06-17T09:53:47.359+0800][3.608s][info][gc,cpu         ] GC(74) User=0.00s Sys=0.00s Real=0.00s
[2026-06-17T09:53:47.360+0800][3.608s][info][gc             ] GC(74) Concurrent Sweep
[2026-06-17T09:53:47.360+0800][3.608s][info][gc             ] GC(74) Concurrent Sweep 0.326ms
[2026-06-17T09:53:47.360+0800][3.608s][info][gc,cpu         ] GC(74) User=0.00s Sys=0.00s Real=0.00s
[2026-06-17T09:53:47.360+0800][3.608s][info][gc             ] GC(74) Concurrent Reset
[2026-06-17T09:53:47.361+0800][3.609s][info][gc             ] GC(74) Concurrent Reset 0.197ms
[2026-06-17T09:53:47.361+0800][3.609s][info][gc,cpu         ] GC(74) User=0.00s Sys=0.00s Real=0.00s
[2026-06-17T09:53:47.361+0800][3.609s][info][gc,heap        ] GC(74) Old: 33840K->22902K(43712K)
[2026-06-17T09:53:47.396+0800][3.644s][info][gc,start       ] GC(75) Pause Young (Allocation Failure)
[2026-06-17T09:53:47.396+0800][3.644s][info][gc,task        ] GC(75) Using 2 workers of 18 for evacuation
[2026-06-17T09:53:47.397+0800][3.645s][info][gc,heap        ] GC(75) ParNew: 19449K->2106K(19648K)
[2026-06-17T09:53:47.397+0800][3.646s][info][gc,heap        ] GC(75) CMS: 22902K->24985K(43712K)
[2026-06-17T09:53:47.398+0800][3.646s][info][gc,metaspace   ] GC(75) Metaspace: 3156K(4864K)->3156K(4864K) NonClass: 2851K(4352K)->2851K(4352K) Class: 305K(512K)->305K(512K)
[2026-06-17T09:53:47.398+0800][3.646s][info][gc             ] GC(75) Pause Young (Allocation Failure) 41M->26M(61M) 2.156ms
[2026-06-17T09:53:47.398+0800][3.646s][info][gc,cpu         ] GC(75) User=0.00s Sys=0.00s Real=0.00s
[2026-06-17T09:53:47.451+0800][3.699s][info][gc,start       ] GC(76) Pause Young (Allocation Failure)
[2026-06-17T09:53:47.453+0800][3.701s][info][gc,task        ] GC(76) Using 2 workers of 18 for evacuation
[2026-06-17T09:53:47.454+0800][3.702s][info][gc,heap        ] GC(76) ParNew: 19554K->2153K(19648K)
[2026-06-17T09:53:47.455+0800][3.703s][info][gc,heap        ] GC(76) CMS: 24985K->28283K(43712K)
[2026-06-17T09:53:47.455+0800][3.703s][info][gc,metaspace   ] GC(76) Metaspace: 3156K(4864K)->3156K(4864K) NonClass: 2851K(4352K)->2851K(4352K) Class: 305K(512K)->305K(512K)
[2026-06-17T09:53:47.455+0800][3.703s][info][gc             ] GC(76) Pause Young (Allocation Failure) 43M->29M(61M) 4.443ms
[2026-06-17T09:53:47.455+0800][3.704s][info][gc,cpu         ] GC(76) User=0.00s Sys=0.00s Real=0.00s
[2026-06-17T09:53:47.498+0800][3.746s][info][gc,start       ] GC(77) Pause Young (Allocation Failure)
[2026-06-17T09:53:47.498+0800][3.747s][info][gc,task        ] GC(77) Using 2 workers of 18 for evacuation
[2026-06-17T09:53:47.499+0800][3.748s][info][gc,heap        ] GC(77) ParNew: 19625K->2173K(19648K)
[2026-06-17T09:53:47.500+0800][3.748s][info][gc,heap        ] GC(77) CMS: 28283K->32262K(43712K)
[2026-06-17T09:53:47.500+0800][3.748s][info][gc,metaspace   ] GC(77) Metaspace: 3156K(4864K)->3156K(4864K) NonClass: 2851K(4352K)->2851K(4352K) Class: 305K(512K)->305K(512K)
[2026-06-17T09:53:47.500+0800][3.748s][info][gc             ] GC(77) Pause Young (Allocation Failure) 46M->33M(61M) 1.883ms
[2026-06-17T09:53:47.500+0800][3.748s][info][gc,cpu         ] GC(77) User=0.00s Sys=0.00s Real=0.00s
[2026-06-17T09:53:47.542+0800][3.790s][info][gc,start       ] GC(78) Pause Young (Allocation Failure)
[2026-06-17T09:53:47.543+0800][3.791s][info][gc,task        ] GC(78) Using 2 workers of 18 for evacuation
[2026-06-17T09:53:47.544+0800][3.792s][info][gc,heap        ] GC(78) ParNew: 19645K->2174K(19648K)
[2026-06-17T09:53:47.544+0800][3.793s][info][gc,heap        ] GC(78) CMS: 32262K->37037K(43712K)
[2026-06-17T09:53:47.545+0800][3.793s][info][gc,metaspace   ] GC(78) Metaspace: 3156K(4864K)->3156K(4864K) NonClass: 2851K(4352K)->2851K(4352K) Class: 305K(512K)->305K(512K)
[2026-06-17T09:53:47.545+0800][3.793s][info][gc             ] GC(78) Pause Young (Allocation Failure) 50M->38M(61M) 2.441ms
[2026-06-17T09:53:47.545+0800][3.793s][info][gc,cpu         ] GC(78) User=0.01s Sys=0.00s Real=0.01s
[2026-06-17T09:53:47.545+0800][3.793s][info][gc,start       ] GC(79) Pause Initial Mark
[2026-06-17T09:53:47.545+0800][3.794s][info][gc             ] GC(79) Pause Initial Mark 39M->39M(61M) 0.186ms
[2026-06-17T09:53:47.545+0800][3.794s][info][gc,cpu         ] GC(79) User=0.00s Sys=0.00s Real=0.00s
[2026-06-17T09:53:47.546+0800][3.794s][info][gc             ] GC(79) Concurrent Mark
[2026-06-17T09:53:47.546+0800][3.794s][info][gc,task        ] GC(79) Using 2 workers of 5 for marking
[2026-06-17T09:53:47.547+0800][3.795s][info][gc             ] GC(79) Concurrent Mark 0.896ms
[2026-06-17T09:53:47.547+0800][3.795s][info][gc,cpu         ] GC(79) User=0.00s Sys=0.00s Real=0.00s
[2026-06-17T09:53:47.547+0800][3.795s][info][gc             ] GC(79) Concurrent Preclean
[2026-06-17T09:53:47.547+0800][3.795s][info][gc             ] GC(79) Concurrent Preclean 0.127ms
[2026-06-17T09:53:47.547+0800][3.795s][info][gc,cpu         ] GC(79) User=0.00s Sys=0.00s Real=0.00s
[2026-06-17T09:53:47.547+0800][3.795s][info][gc,start       ] GC(79) Pause Remark
[2026-06-17T09:53:47.548+0800][3.796s][info][gc             ] GC(79) Pause Remark 40M->40M(61M) 0.484ms
[2026-06-17T09:53:47.548+0800][3.796s][info][gc,cpu         ] GC(79) User=0.00s Sys=0.00s Real=0.00s
[2026-06-17T09:53:47.548+0800][3.796s][info][gc             ] GC(79) Concurrent Sweep
[2026-06-17T09:53:47.548+0800][3.796s][info][gc             ] GC(79) Concurrent Sweep 0.274ms
[2026-06-17T09:53:47.548+0800][3.796s][info][gc,cpu         ] GC(79) User=0.00s Sys=0.00s Real=0.00s
[2026-06-17T09:53:47.548+0800][3.796s][info][gc             ] GC(79) Concurrent Reset
[2026-06-17T09:53:47.548+0800][3.797s][info][gc             ] GC(79) Concurrent Reset 0.120ms
[2026-06-17T09:53:47.549+0800][3.797s][info][gc,cpu         ] GC(79) User=0.00s Sys=0.00s Real=0.00s
[2026-06-17T09:53:47.549+0800][3.797s][info][gc,heap        ] GC(79) Old: 37037K->23369K(43712K)
[2026-06-17T09:53:47.588+0800][3.836s][info][gc,start       ] GC(80) Pause Young (Allocation Failure)
[2026-06-17T09:53:47.591+0800][3.839s][info][gc,task        ] GC(80) Using 2 workers of 18 for evacuation
[2026-06-17T09:53:47.595+0800][3.844s][info][gc,heap        ] GC(80) ParNew: 19646K->2171K(19648K)
[2026-06-17T09:53:47.598+0800][3.846s][info][gc,heap        ] GC(80) CMS: 23369K->27069K(43712K)
[2026-06-17T09:53:47.598+0800][3.846s][info][gc,metaspace   ] GC(80) Metaspace: 3156K(4864K)->3156K(4864K) NonClass: 2851K(4352K)->2851K(4352K) Class: 305K(512K)->305K(512K)
[2026-06-17T09:53:47.598+0800][3.846s][info][gc             ] GC(80) Pause Young (Allocation Failure) 42M->28M(61M) 10.579ms
[2026-06-17T09:53:47.598+0800][3.847s][info][gc,cpu         ] GC(80) User=0.00s Sys=0.00s Real=0.01s
[2026-06-17T09:53:47.641+0800][3.889s][info][gc,start       ] GC(81) Pause Young (Allocation Failure)
[2026-06-17T09:53:47.641+0800][3.889s][info][gc,task        ] GC(81) Using 2 workers of 18 for evacuation
[2026-06-17T09:53:47.642+0800][3.890s][info][gc,heap        ] GC(81) ParNew: 19533K->2114K(19648K)
[2026-06-17T09:53:47.643+0800][3.891s][info][gc,heap        ] GC(81) CMS: 27069K->29309K(43712K)
[2026-06-17T09:53:47.643+0800][3.891s][info][gc,metaspace   ] GC(81) Metaspace: 3156K(4864K)->3156K(4864K) NonClass: 2851K(4352K)->2851K(4352K) Class: 305K(512K)->305K(512K)
[2026-06-17T09:53:47.643+0800][3.891s][info][gc             ] GC(81) Pause Young (Allocation Failure) 45M->30M(61M) 2.485ms
[2026-06-17T09:53:47.643+0800][3.891s][info][gc,cpu         ] GC(81) User=0.00s Sys=0.00s Real=0.01s
[2026-06-17T09:53:47.685+0800][3.934s][info][gc,start       ] GC(82) Pause Young (Allocation Failure)
[2026-06-17T09:53:47.686+0800][3.934s][info][gc,task        ] GC(82) Using 2 workers of 18 for evacuation
[2026-06-17T09:53:47.687+0800][3.935s][info][gc,heap        ] GC(82) ParNew: 19584K->2168K(19648K)
[2026-06-17T09:53:47.687+0800][3.935s][info][gc,heap        ] GC(82) CMS: 29309K->35944K(43712K)
[2026-06-17T09:53:47.687+0800][3.936s][info][gc,metaspace   ] GC(82) Metaspace: 3156K(4864K)->3156K(4864K) NonClass: 2851K(4352K)->2851K(4352K) Class: 305K(512K)->305K(512K)
[2026-06-17T09:53:47.688+0800][3.936s][info][gc             ] GC(82) Pause Young (Allocation Failure) 47M->37M(61M) 2.058ms
[2026-06-17T09:53:47.688+0800][3.936s][info][gc,cpu         ] GC(82) User=0.00s Sys=0.00s Real=0.00s
[2026-06-17T09:53:47.688+0800][3.936s][info][gc,start       ] GC(83) Pause Initial Mark
[2026-06-17T09:53:47.688+0800][3.936s][info][gc             ] GC(83) Pause Initial Mark 37M->37M(61M) 0.274ms
[2026-06-17T09:53:47.688+0800][3.937s][info][gc,cpu         ] GC(83) User=0.00s Sys=0.00s Real=0.00s
[2026-06-17T09:53:47.689+0800][3.937s][info][gc             ] GC(83) Concurrent Mark
[2026-06-17T09:53:47.689+0800][3.937s][info][gc,task        ] GC(83) Using 2 workers of 5 for marking
[2026-06-17T09:53:47.689+0800][3.938s][info][gc             ] GC(83) Concurrent Mark 0.789ms
[2026-06-17T09:53:47.690+0800][3.938s][info][gc,cpu         ] GC(83) User=0.00s Sys=0.00s Real=0.00s
[2026-06-17T09:53:47.690+0800][3.938s][info][gc             ] GC(83) Concurrent Preclean
[2026-06-17T09:53:47.690+0800][3.938s][info][gc             ] GC(83) Concurrent Preclean 0.153ms
[2026-06-17T09:53:47.690+0800][3.938s][info][gc,cpu         ] GC(83) User=0.00s Sys=0.00s Real=0.00s
[2026-06-17T09:53:47.690+0800][3.938s][info][gc,start       ] GC(83) Pause Remark
[2026-06-17T09:53:47.691+0800][3.939s][info][gc             ] GC(83) Pause Remark 37M->37M(61M) 0.412ms
[2026-06-17T09:53:47.691+0800][3.939s][info][gc,cpu         ] GC(83) User=0.00s Sys=0.00s Real=0.01s
[2026-06-17T09:53:47.691+0800][3.939s][info][gc             ] GC(83) Concurrent Sweep
[2026-06-17T09:53:47.691+0800][3.939s][info][gc             ] GC(83) Concurrent Sweep 0.234ms
[2026-06-17T09:53:47.691+0800][3.939s][info][gc,cpu         ] GC(83) User=0.00s Sys=0.00s Real=0.00s
[2026-06-17T09:53:47.691+0800][3.940s][info][gc             ] GC(83) Concurrent Reset
[2026-06-17T09:53:47.692+0800][3.940s][info][gc             ] GC(83) Concurrent Reset 0.156ms
[2026-06-17T09:53:47.692+0800][3.940s][info][gc,cpu         ] GC(83) User=0.00s Sys=0.00s Real=0.00s
[2026-06-17T09:53:47.692+0800][3.940s][info][gc,heap        ] GC(83) Old: 35944K->18616K(43712K)
[2026-06-17T09:53:47.740+0800][3.989s][info][gc,start       ] GC(84) Pause Young (Allocation Failure)
[2026-06-17T09:53:47.741+0800][3.989s][info][gc,task        ] GC(84) Using 2 workers of 18 for evacuation
[2026-06-17T09:53:47.742+0800][3.990s][info][gc,heap        ] GC(84) ParNew: 19585K->2173K(19648K)
[2026-06-17T09:53:47.742+0800][3.990s][info][gc,heap        ] GC(84) CMS: 18616K->21567K(43712K)
[2026-06-17T09:53:47.742+0800][3.990s][info][gc,metaspace   ] GC(84) Metaspace: 3156K(4864K)->3156K(4864K) NonClass: 2851K(4352K)->2851K(4352K) Class: 305K(512K)->305K(512K)
[2026-06-17T09:53:47.742+0800][3.990s][info][gc             ] GC(84) Pause Young (Allocation Failure) 37M->23M(61M) 1.779ms
[2026-06-17T09:53:47.742+0800][3.990s][info][gc,cpu         ] GC(84) User=0.00s Sys=0.00s Real=0.00s
[2026-06-17T09:53:47.784+0800][4.033s][info][gc,start       ] GC(85) Pause Young (Allocation Failure)
[2026-06-17T09:53:47.785+0800][4.033s][info][gc,task        ] GC(85) Using 2 workers of 18 for evacuation
[2026-06-17T09:53:47.786+0800][4.034s][info][gc,heap        ] GC(85) ParNew: 19645K->2168K(19648K)
[2026-06-17T09:53:47.786+0800][4.034s][info][gc,heap        ] GC(85) CMS: 21567K->25544K(43712K)
[2026-06-17T09:53:47.786+0800][4.034s][info][gc,metaspace   ] GC(85) Metaspace: 3156K(4864K)->3156K(4864K) NonClass: 2851K(4352K)->2851K(4352K) Class: 305K(512K)->305K(512K)
[2026-06-17T09:53:47.786+0800][4.034s][info][gc             ] GC(85) Pause Young (Allocation Failure) 40M->27M(61M) 1.751ms
[2026-06-17T09:53:47.786+0800][4.035s][info][gc,cpu         ] GC(85) User=0.01s Sys=0.00s Real=0.00s
[2026-06-17T09:53:47.828+0800][4.077s][info][gc,start       ] GC(86) Pause Young (Allocation Failure)
[2026-06-17T09:53:47.829+0800][4.077s][info][gc,task        ] GC(86) Using 2 workers of 18 for evacuation
[2026-06-17T09:53:47.830+0800][4.078s][info][gc,heap        ] GC(86) ParNew: 19624K->2174K(19648K)
[2026-06-17T09:53:47.831+0800][4.079s][info][gc,heap        ] GC(86) CMS: 25544K->29303K(43712K)
[2026-06-17T09:53:47.831+0800][4.079s][info][gc,metaspace   ] GC(86) Metaspace: 3156K(4864K)->3156K(4864K) NonClass: 2851K(4352K)->2851K(4352K) Class: 305K(512K)->305K(512K)
[2026-06-17T09:53:47.831+0800][4.079s][info][gc             ] GC(86) Pause Young (Allocation Failure) 44M->30M(61M) 2.616ms
[2026-06-17T09:53:47.831+0800][4.079s][info][gc,cpu         ] GC(86) User=0.00s Sys=0.00s Real=0.01s
[2026-06-17T09:53:47.873+0800][4.122s][info][gc,start       ] GC(87) Pause Young (Allocation Failure)
[2026-06-17T09:53:47.874+0800][4.122s][info][gc,task        ] GC(87) Using 2 workers of 18 for evacuation
[2026-06-17T09:53:47.875+0800][4.123s][info][gc,heap        ] GC(87) ParNew: 19595K->2173K(19648K)
[2026-06-17T09:53:47.875+0800][4.123s][info][gc,heap        ] GC(87) CMS: 29303K->34598K(43712K)
[2026-06-17T09:53:47.875+0800][4.123s][info][gc,metaspace   ] GC(87) Metaspace: 3156K(4864K)->3156K(4864K) NonClass: 2851K(4352K)->2851K(4352K) Class: 305K(512K)->305K(512K)
[2026-06-17T09:53:47.875+0800][4.124s][info][gc             ] GC(87) Pause Young (Allocation Failure) 47M->35M(61M) 1.987ms
[2026-06-17T09:53:47.876+0800][4.124s][info][gc,cpu         ] GC(87) User=0.00s Sys=0.00s Real=0.00s
[2026-06-17T09:53:47.876+0800][4.124s][info][gc,start       ] GC(88) Pause Initial Mark
[2026-06-17T09:53:47.876+0800][4.124s][info][gc             ] GC(88) Pause Initial Mark 36M->36M(61M) 0.237ms
[2026-06-17T09:53:47.876+0800][4.124s][info][gc,cpu         ] GC(88) User=0.00s Sys=0.00s Real=0.00s
[2026-06-17T09:53:47.876+0800][4.125s][info][gc             ] GC(88) Concurrent Mark
[2026-06-17T09:53:47.877+0800][4.125s][info][gc,task        ] GC(88) Using 2 workers of 5 for marking
[2026-06-17T09:53:47.877+0800][4.125s][info][gc             ] GC(88) Concurrent Mark 0.880ms
[2026-06-17T09:53:47.878+0800][4.126s][info][gc,cpu         ] GC(88) User=0.00s Sys=0.00s Real=0.00s
[2026-06-17T09:53:47.878+0800][4.126s][info][gc             ] GC(88) Concurrent Preclean
[2026-06-17T09:53:47.878+0800][4.126s][info][gc             ] GC(88) Concurrent Preclean 0.225ms
[2026-06-17T09:53:47.878+0800][4.126s][info][gc,cpu         ] GC(88) User=0.00s Sys=0.00s Real=0.00s
[2026-06-17T09:53:47.878+0800][4.127s][info][gc,start       ] GC(88) Pause Remark
[2026-06-17T09:53:47.879+0800][4.127s][info][gc             ] GC(88) Pause Remark 37M->37M(61M) 0.472ms
[2026-06-17T09:53:47.879+0800][4.127s][info][gc,cpu         ] GC(88) User=0.00s Sys=0.00s Real=0.00s
[2026-06-17T09:53:47.879+0800][4.127s][info][gc             ] GC(88) Concurrent Sweep
[2026-06-17T09:53:47.879+0800][4.128s][info][gc             ] GC(88) Concurrent Sweep 0.254ms
[2026-06-17T09:53:47.879+0800][4.128s][info][gc,cpu         ] GC(88) User=0.00s Sys=0.00s Real=0.00s
[2026-06-17T09:53:47.880+0800][4.128s][info][gc             ] GC(88) Concurrent Reset
[2026-06-17T09:53:47.880+0800][4.128s][info][gc             ] GC(88) Concurrent Reset 0.148ms
[2026-06-17T09:53:47.880+0800][4.128s][info][gc,cpu         ] GC(88) User=0.00s Sys=0.00s Real=0.00s
[2026-06-17T09:53:47.880+0800][4.128s][info][gc,heap        ] GC(88) Old: 34598K->20060K(43712K)
[2026-06-17T09:53:47.918+0800][4.166s][info][gc,start       ] GC(89) Pause Young (Allocation Failure)
[2026-06-17T09:53:47.919+0800][4.167s][info][gc,task        ] GC(89) Using 2 workers of 18 for evacuation
[2026-06-17T09:53:47.920+0800][4.168s][info][gc,heap        ] GC(89) ParNew: 19639K->2174K(19648K)
[2026-06-17T09:53:47.920+0800][4.168s][info][gc,heap        ] GC(89) CMS: 20060K->26559K(43712K)
[2026-06-17T09:53:47.920+0800][4.168s][info][gc,metaspace   ] GC(89) Metaspace: 3156K(4864K)->3156K(4864K) NonClass: 2851K(4352K)->2851K(4352K) Class: 305K(512K)->305K(512K)
[2026-06-17T09:53:47.920+0800][4.169s][info][gc             ] GC(89) Pause Young (Allocation Failure) 38M->28M(61M) 2.209ms
[2026-06-17T09:53:47.921+0800][4.169s][info][gc,cpu         ] GC(89) User=0.00s Sys=0.00s Real=0.00s
[2026-06-17T09:53:47.973+0800][4.221s][info][gc,start       ] GC(90) Pause Young (Allocation Failure)
[2026-06-17T09:53:47.973+0800][4.221s][info][gc,task        ] GC(90) Using 2 workers of 18 for evacuation
[2026-06-17T09:53:47.974+0800][4.222s][info][gc,heap        ] GC(90) ParNew: 19607K->2167K(19648K)
[2026-06-17T09:53:47.975+0800][4.223s][info][gc,heap        ] GC(90) CMS: 26559K->28673K(43712K)
[2026-06-17T09:53:47.975+0800][4.223s][info][gc,metaspace   ] GC(90) Metaspace: 3156K(4864K)->3156K(4864K) NonClass: 2851K(4352K)->2851K(4352K) Class: 305K(512K)->305K(512K)
[2026-06-17T09:53:47.975+0800][4.224s][info][gc             ] GC(90) Pause Young (Allocation Failure) 45M->30M(61M) 2.634ms
[2026-06-17T09:53:47.976+0800][4.224s][info][gc,cpu         ] GC(90) User=0.00s Sys=0.00s Real=0.00s
[2026-06-17T09:53:48.020+0800][4.268s][info][gc,start       ] GC(91) Pause Young (Allocation Failure)
[2026-06-17T09:53:48.020+0800][4.269s][info][gc,task        ] GC(91) Using 2 workers of 18 for evacuation
[2026-06-17T09:53:48.021+0800][4.269s][info][gc,heap        ] GC(91) ParNew: 19639K->2087K(19648K)
[2026-06-17T09:53:48.022+0800][4.270s][info][gc,heap        ] GC(91) CMS: 28673K->32273K(43712K)
[2026-06-17T09:53:48.022+0800][4.270s][info][gc,metaspace   ] GC(91) Metaspace: 3156K(4864K)->3156K(4864K) NonClass: 2851K(4352K)->2851K(4352K) Class: 305K(512K)->305K(512K)
[2026-06-17T09:53:48.022+0800][4.270s][info][gc             ] GC(91) Pause Young (Allocation Failure) 47M->33M(61M) 1.677ms
[2026-06-17T09:53:48.022+0800][4.270s][info][gc,cpu         ] GC(91) User=0.00s Sys=0.00s Real=0.00s
[2026-06-17T09:53:48.064+0800][4.312s][info][gc,start       ] GC(92) Pause Young (Allocation Failure)
[2026-06-17T09:53:48.064+0800][4.313s][info][gc,task        ] GC(92) Using 2 workers of 18 for evacuation
[2026-06-17T09:53:48.065+0800][4.314s][info][gc,heap        ] GC(92) ParNew: 19550K->2174K(19648K)
[2026-06-17T09:53:48.066+0800][4.314s][info][gc,heap        ] GC(92) CMS: 32273K->35972K(43712K)
[2026-06-17T09:53:48.068+0800][4.316s][info][gc,metaspace   ] GC(92) Metaspace: 3156K(4864K)->3156K(4864K) NonClass: 2851K(4352K)->2851K(4352K) Class: 305K(512K)->305K(512K)
[2026-06-17T09:53:48.069+0800][4.317s][info][gc             ] GC(92) Pause Young (Allocation Failure) 50M->37M(61M) 5.037ms
[2026-06-17T09:53:48.071+0800][4.319s][info][gc,cpu         ] GC(92) User=0.01s Sys=0.00s Real=0.01s
[2026-06-17T09:53:48.073+0800][4.321s][info][gc,start       ] GC(93) Pause Initial Mark
[2026-06-17T09:53:48.074+0800][4.322s][info][gc             ] GC(93) Pause Initial Mark 37M->37M(61M) 1.252ms
[2026-06-17T09:53:48.074+0800][4.322s][info][gc,cpu         ] GC(93) User=0.00s Sys=0.00s Real=0.00s
[2026-06-17T09:53:48.074+0800][4.323s][info][gc             ] GC(93) Concurrent Mark
[2026-06-17T09:53:48.075+0800][4.323s][info][gc,task        ] GC(93) Using 2 workers of 5 for marking
[2026-06-17T09:53:48.075+0800][4.324s][info][gc             ] GC(93) Concurrent Mark 0.888ms
[2026-06-17T09:53:48.076+0800][4.324s][info][gc,cpu         ] GC(93) User=0.00s Sys=0.00s Real=0.00s
[2026-06-17T09:53:48.076+0800][4.324s][info][gc             ] GC(93) Concurrent Preclean
[2026-06-17T09:53:48.076+0800][4.324s][info][gc             ] GC(93) Concurrent Preclean 0.137ms
[2026-06-17T09:53:48.076+0800][4.324s][info][gc,cpu         ] GC(93) User=0.00s Sys=0.00s Real=0.00s
[2026-06-17T09:53:48.076+0800][4.324s][info][gc,start       ] GC(93) Pause Remark
[2026-06-17T09:53:48.077+0800][4.325s][info][gc             ] GC(93) Pause Remark 38M->38M(61M) 0.458ms
[2026-06-17T09:53:48.077+0800][4.325s][info][gc,cpu         ] GC(93) User=0.00s Sys=0.00s Real=0.00s
[2026-06-17T09:53:48.077+0800][4.325s][info][gc             ] GC(93) Concurrent Sweep
[2026-06-17T09:53:48.077+0800][4.326s][info][gc             ] GC(93) Concurrent Sweep 0.286ms
[2026-06-17T09:53:48.078+0800][4.326s][info][gc,cpu         ] GC(93) User=0.00s Sys=0.00s Real=0.00s
[2026-06-17T09:53:48.078+0800][4.326s][info][gc             ] GC(93) Concurrent Reset
[2026-06-17T09:53:48.078+0800][4.326s][info][gc             ] GC(93) Concurrent Reset 0.193ms
[2026-06-17T09:53:48.078+0800][4.326s][info][gc,cpu         ] GC(93) User=0.00s Sys=0.00s Real=0.00s
[2026-06-17T09:53:48.078+0800][4.326s][info][gc,heap        ] GC(93) Old: 35972K->21661K(43712K)
[2026-06-17T09:53:48.116+0800][4.365s][info][gc,start       ] GC(94) Pause Young (Allocation Failure)
[2026-06-17T09:53:48.117+0800][4.365s][info][gc,task        ] GC(94) Using 2 workers of 18 for evacuation
[2026-06-17T09:53:48.118+0800][4.366s][info][gc,heap        ] GC(94) ParNew: 19567K->2025K(19648K)
[2026-06-17T09:53:48.119+0800][4.367s][info][gc,heap        ] GC(94) CMS: 21661K->23789K(43712K)
[2026-06-17T09:53:48.119+0800][4.367s][info][gc,metaspace   ] GC(94) Metaspace: 3156K(4864K)->3156K(4864K) NonClass: 2851K(4352K)->2851K(4352K) Class: 305K(512K)->305K(512K)
[2026-06-17T09:53:48.120+0800][4.369s][info][gc             ] GC(94) Pause Young (Allocation Failure) 40M->25M(61M) 4.002ms
[2026-06-17T09:53:48.121+0800][4.369s][info][gc,cpu         ] GC(94) User=0.00s Sys=0.01s Real=0.00s
[2026-06-17T09:53:48.163+0800][4.411s][info][gc,start       ] GC(95) Pause Young (Allocation Failure)
[2026-06-17T09:53:48.164+0800][4.412s][info][gc,task        ] GC(95) Using 2 workers of 18 for evacuation
[2026-06-17T09:53:48.165+0800][4.413s][info][gc,heap        ] GC(95) ParNew: 19479K->2166K(19648K)
[2026-06-17T09:53:48.165+0800][4.413s][info][gc,heap        ] GC(95) CMS: 23789K->30366K(43712K)
[2026-06-17T09:53:48.165+0800][4.413s][info][gc,metaspace   ] GC(95) Metaspace: 3156K(4864K)->3156K(4864K) NonClass: 2851K(4352K)->2851K(4352K) Class: 305K(512K)->305K(512K)
[2026-06-17T09:53:48.165+0800][4.413s][info][gc             ] GC(95) Pause Young (Allocation Failure) 42M->31M(61M) 2.153ms
[2026-06-17T09:53:48.165+0800][4.414s][info][gc,cpu         ] GC(95) User=0.00s Sys=0.00s Real=0.00s
[2026-06-17T09:53:48.166+0800][4.414s][info][gc,start       ] GC(96) Pause Initial Mark
[2026-06-17T09:53:48.166+0800][4.414s][info][gc             ] GC(96) Pause Initial Mark 32M->32M(61M) 0.236ms
[2026-06-17T09:53:48.166+0800][4.414s][info][gc,cpu         ] GC(96) User=0.00s Sys=0.00s Real=0.00s
[2026-06-17T09:53:48.166+0800][4.415s][info][gc             ] GC(96) Concurrent Mark
[2026-06-17T09:53:48.167+0800][4.415s][info][gc,task        ] GC(96) Using 2 workers of 5 for marking
[2026-06-17T09:53:48.167+0800][4.415s][info][gc             ] GC(96) Concurrent Mark 0.888ms
[2026-06-17T09:53:48.167+0800][4.416s][info][gc,cpu         ] GC(96) User=0.00s Sys=0.00s Real=0.00s
[2026-06-17T09:53:48.168+0800][4.416s][info][gc             ] GC(96) Concurrent Preclean
[2026-06-17T09:53:48.168+0800][4.416s][info][gc             ] GC(96) Concurrent Preclean 0.284ms
[2026-06-17T09:53:48.168+0800][4.416s][info][gc,cpu         ] GC(96) User=0.00s Sys=0.00s Real=0.00s
[2026-06-17T09:53:48.168+0800][4.417s][info][gc,start       ] GC(96) Pause Remark
[2026-06-17T09:53:48.169+0800][4.417s][info][gc             ] GC(96) Pause Remark 32M->32M(61M) 0.475ms
[2026-06-17T09:53:48.169+0800][4.417s][info][gc,cpu         ] GC(96) User=0.00s Sys=0.00s Real=0.00s
[2026-06-17T09:53:48.169+0800][4.417s][info][gc             ] GC(96) Concurrent Sweep
[2026-06-17T09:53:48.169+0800][4.418s][info][gc             ] GC(96) Concurrent Sweep 0.246ms
[2026-06-17T09:53:48.169+0800][4.418s][info][gc,cpu         ] GC(96) User=0.00s Sys=0.00s Real=0.00s
[2026-06-17T09:53:48.170+0800][4.418s][info][gc             ] GC(96) Concurrent Reset
[2026-06-17T09:53:48.170+0800][4.418s][info][gc             ] GC(96) Concurrent Reset 0.130ms
[2026-06-17T09:53:48.170+0800][4.418s][info][gc,cpu         ] GC(96) User=0.00s Sys=0.00s Real=0.00s
[2026-06-17T09:53:48.170+0800][4.418s][info][gc,heap        ] GC(96) Old: 30366K->29108K(43712K)
[2026-06-17T09:53:48.218+0800][4.466s][info][gc,start       ] GC(97) Pause Young (Allocation Failure)
[2026-06-17T09:53:48.218+0800][4.467s][info][gc,task        ] GC(97) Using 2 workers of 18 for evacuation
[2026-06-17T09:53:48.219+0800][4.468s][info][gc,heap        ] GC(97) ParNew: 19638K->2171K(19648K)
[2026-06-17T09:53:48.220+0800][4.468s][info][gc,heap        ] GC(97) CMS: 29108K->32109K(43712K)
[2026-06-17T09:53:48.220+0800][4.468s][info][gc,metaspace   ] GC(97) Metaspace: 3156K(4864K)->3156K(4864K) NonClass: 2851K(4352K)->2851K(4352K) Class: 305K(512K)->305K(512K)
[2026-06-17T09:53:48.220+0800][4.468s][info][gc             ] GC(97) Pause Young (Allocation Failure) 47M->33M(61M) 2.270ms
[2026-06-17T09:53:48.220+0800][4.468s][info][gc,cpu         ] GC(97) User=0.00s Sys=0.00s Real=0.00s
[2026-06-17T09:53:48.221+0800][4.469s][info][gc,start       ] GC(98) Pause Initial Mark
[2026-06-17T09:53:48.221+0800][4.470s][info][gc             ] GC(98) Pause Initial Mark 37M->37M(61M) 0.421ms
[2026-06-17T09:53:48.222+0800][4.470s][info][gc,cpu         ] GC(98) User=0.00s Sys=0.00s Real=0.00s
[2026-06-17T09:53:48.222+0800][4.470s][info][gc             ] GC(98) Concurrent Mark
[2026-06-17T09:53:48.222+0800][4.470s][info][gc,task        ] GC(98) Using 2 workers of 5 for marking
[2026-06-17T09:53:48.225+0800][4.473s][info][gc             ] GC(98) Concurrent Mark 2.978ms
[2026-06-17T09:53:48.226+0800][4.474s][info][gc,cpu         ] GC(98) User=0.01s Sys=0.00s Real=0.01s
[2026-06-17T09:53:48.226+0800][4.474s][info][gc             ] GC(98) Concurrent Preclean
[2026-06-17T09:53:48.226+0800][4.474s][info][gc             ] GC(98) Concurrent Preclean 0.268ms
[2026-06-17T09:53:48.226+0800][4.474s][info][gc,cpu         ] GC(98) User=0.00s Sys=0.00s Real=0.00s
[2026-06-17T09:53:48.226+0800][4.475s][info][gc             ] GC(98) Concurrent Abortable Preclean
[2026-06-17T09:53:48.263+0800][4.511s][info][gc,start       ] GC(99) Pause Young (Allocation Failure)
[2026-06-17T09:53:48.263+0800][4.511s][info][gc,task        ] GC(99) Using 2 workers of 18 for evacuation
[2026-06-17T09:53:48.264+0800][4.512s][info][gc,heap        ] GC(99) ParNew: 19643K->2174K(19648K)
[2026-06-17T09:53:48.264+0800][4.512s][info][gc,heap        ] GC(99) CMS: 32109K->37105K(43712K)
[2026-06-17T09:53:48.265+0800][4.513s][info][gc,metaspace   ] GC(99) Metaspace: 3156K(4864K)->3156K(4864K) NonClass: 2851K(4352K)->2851K(4352K) Class: 305K(512K)->305K(512K)
[2026-06-17T09:53:48.265+0800][4.513s][info][gc             ] GC(99) Pause Young (Allocation Failure) 50M->38M(61M) 2.264ms
[2026-06-17T09:53:48.265+0800][4.513s][info][gc,cpu         ] GC(99) User=0.00s Sys=0.00s Real=0.00s
[2026-06-17T09:53:48.307+0800][4.556s][info][gc,start       ] GC(100) Pause Young (Allocation Failure)
[2026-06-17T09:53:48.308+0800][4.556s][info][gc,task        ] GC(100) Using 2 workers of 18 for evacuation
[2026-06-17T09:53:48.308+0800][4.557s][info][gc,start       ] GC(101) Pause Full (Allocation Failure)
[2026-06-17T09:53:48.309+0800][4.557s][info][gc             ] GC(98) Concurrent Abortable Preclean 82.417ms
[2026-06-17T09:53:48.309+0800][4.557s][info][gc,cpu         ] GC(98) User=0.00s Sys=0.00s Real=0.08s
[2026-06-17T09:53:48.310+0800][4.558s][info][gc,phases,start] GC(101) Phase 1: Mark live objects
[2026-06-17T09:53:48.310+0800][4.559s][info][gc,phases      ] GC(101) Phase 1: Mark live objects 0.943ms
[2026-06-17T09:53:48.311+0800][4.559s][info][gc,phases,start] GC(101) Phase 2: Compute new object addresses
[2026-06-17T09:53:48.311+0800][4.560s][info][gc,phases      ] GC(101) Phase 2: Compute new object addresses 0.520ms
[2026-06-17T09:53:48.312+0800][4.560s][info][gc,phases,start] GC(101) Phase 3: Adjust pointers
[2026-06-17T09:53:48.312+0800][4.561s][info][gc,phases      ] GC(101) Phase 3: Adjust pointers 0.715ms
[2026-06-17T09:53:48.313+0800][4.561s][info][gc,phases,start] GC(101) Phase 4: Move objects
[2026-06-17T09:53:48.316+0800][4.564s][info][gc,phases      ] GC(101) Phase 4: Move objects 3.529ms
[2026-06-17T09:53:48.317+0800][4.565s][info][gc             ] GC(101) Pause Full (Allocation Failure) 55M->28M(61M) 8.473ms
[2026-06-17T09:53:48.317+0800][4.565s][info][gc,heap        ] GC(100) ParNew: 19646K->0K(19648K)
[2026-06-17T09:53:48.317+0800][4.565s][info][gc,heap        ] GC(100) CMS: 37105K->29232K(43712K)
[2026-06-17T09:53:48.318+0800][4.566s][info][gc,metaspace   ] GC(100) Metaspace: 3156K(4864K)->3156K(4864K) NonClass: 2851K(4352K)->2851K(4352K) Class: 305K(512K)->305K(512K)
[2026-06-17T09:53:48.318+0800][4.566s][info][gc             ] GC(100) Pause Young (Allocation Failure) 55M->28M(61M) 10.356ms
[2026-06-17T09:53:48.318+0800][4.566s][info][gc,cpu         ] GC(100) User=0.00s Sys=0.00s Real=0.01s
[2026-06-17T09:53:48.360+0800][4.608s][info][gc,start       ] GC(102) Pause Young (Allocation Failure)
[2026-06-17T09:53:48.361+0800][4.609s][info][gc,task        ] GC(102) Using 2 workers of 18 for evacuation
[2026-06-17T09:53:48.362+0800][4.610s][info][gc,heap        ] GC(102) ParNew: 17467K->2175K(19648K)
[2026-06-17T09:53:48.362+0800][4.610s][info][gc,heap        ] GC(102) CMS: 29232K->34021K(43712K)
[2026-06-17T09:53:48.362+0800][4.610s][info][gc,metaspace   ] GC(102) Metaspace: 3156K(4864K)->3156K(4864K) NonClass: 2851K(4352K)->2851K(4352K) Class: 305K(512K)->305K(512K)
[2026-06-17T09:53:48.362+0800][4.610s][info][gc             ] GC(102) Pause Young (Allocation Failure) 45M->35M(61M) 1.973ms
[2026-06-17T09:53:48.362+0800][4.610s][info][gc,cpu         ] GC(102) User=0.00s Sys=0.00s Real=0.00s
[2026-06-17T09:53:48.363+0800][4.611s][info][gc,start       ] GC(103) Pause Initial Mark
[2026-06-17T09:53:48.363+0800][4.611s][info][gc             ] GC(103) Pause Initial Mark 36M->36M(61M) 0.405ms
[2026-06-17T09:53:48.363+0800][4.611s][info][gc,cpu         ] GC(103) User=0.00s Sys=0.00s Real=0.00s
[2026-06-17T09:53:48.363+0800][4.612s][info][gc             ] GC(103) Concurrent Mark
[2026-06-17T09:53:48.364+0800][4.612s][info][gc,task        ] GC(103) Using 2 workers of 5 for marking
[2026-06-17T09:53:48.365+0800][4.613s][info][gc             ] GC(103) Concurrent Mark 1.030ms
[2026-06-17T09:53:48.365+0800][4.613s][info][gc,cpu         ] GC(103) User=0.00s Sys=0.00s Real=0.00s
[2026-06-17T09:53:48.365+0800][4.613s][info][gc             ] GC(103) Concurrent Preclean
[2026-06-17T09:53:48.365+0800][4.613s][info][gc             ] GC(103) Concurrent Preclean 0.170ms
[2026-06-17T09:53:48.365+0800][4.613s][info][gc,cpu         ] GC(103) User=0.00s Sys=0.00s Real=0.00s
[2026-06-17T09:53:48.365+0800][4.614s][info][gc,start       ] GC(103) Pause Remark
[2026-06-17T09:53:48.366+0800][4.614s][info][gc             ] GC(103) Pause Remark 37M->37M(61M) 0.611ms
[2026-06-17T09:53:48.366+0800][4.615s][info][gc,cpu         ] GC(103) User=0.00s Sys=0.00s Real=0.00s
[2026-06-17T09:53:48.367+0800][4.615s][info][gc             ] GC(103) Concurrent Sweep
[2026-06-17T09:53:48.367+0800][4.615s][info][gc             ] GC(103) Concurrent Sweep 0.490ms
[2026-06-17T09:53:48.367+0800][4.615s][info][gc,cpu         ] GC(103) User=0.00s Sys=0.00s Real=0.00s
[2026-06-17T09:53:48.368+0800][4.616s][info][gc             ] GC(103) Concurrent Reset
[2026-06-17T09:53:48.368+0800][4.616s][info][gc             ] GC(103) Concurrent Reset 0.161ms
[2026-06-17T09:53:48.368+0800][4.616s][info][gc,cpu         ] GC(103) User=0.00s Sys=0.00s Real=0.00s
[2026-06-17T09:53:48.368+0800][4.616s][info][gc,heap        ] GC(103) Old: 34021K->22613K(43712K)
[2026-06-17T09:53:48.405+0800][4.653s][info][gc,start       ] GC(104) Pause Young (Allocation Failure)
[2026-06-17T09:53:48.406+0800][4.654s][info][gc,task        ] GC(104) Using 2 workers of 18 for evacuation
[2026-06-17T09:53:48.407+0800][4.655s][info][gc,heap        ] GC(104) ParNew: 19635K->2171K(19648K)
[2026-06-17T09:53:48.407+0800][4.656s][info][gc,heap        ] GC(104) CMS: 22613K->28378K(43712K)
[2026-06-17T09:53:48.408+0800][4.656s][info][gc,metaspace   ] GC(104) Metaspace: 3156K(4864K)->3156K(4864K) NonClass: 2851K(4352K)->2851K(4352K) Class: 305K(512K)->305K(512K)
[2026-06-17T09:53:48.408+0800][4.656s][info][gc             ] GC(104) Pause Young (Allocation Failure) 41M->29M(61M) 2.416ms
[2026-06-17T09:53:48.408+0800][4.656s][info][gc,cpu         ] GC(104) User=0.00s Sys=0.00s Real=0.00s
[2026-06-17T09:53:48.460+0800][4.709s][info][gc,start       ] GC(105) Pause Young (Allocation Failure)
[2026-06-17T09:53:48.461+0800][4.709s][info][gc,task        ] GC(105) Using 2 workers of 18 for evacuation
[2026-06-17T09:53:48.462+0800][4.710s][info][gc,heap        ] GC(105) ParNew: 19627K->2164K(19648K)
[2026-06-17T09:53:48.462+0800][4.710s][info][gc,heap        ] GC(105) CMS: 28378K->31046K(43712K)
[2026-06-17T09:53:48.476+0800][4.725s][info][gc,metaspace   ] GC(105) Metaspace: 3156K(4864K)->3156K(4864K) NonClass: 2851K(4352K)->2851K(4352K) Class: 305K(512K)->305K(512K)
[2026-06-17T09:53:48.477+0800][4.725s][info][gc             ] GC(105) Pause Young (Allocation Failure) 46M->32M(61M) 16.223ms
[2026-06-17T09:53:48.477+0800][4.725s][info][gc,cpu         ] GC(105) User=0.00s Sys=0.00s Real=0.02s
[2026-06-17T09:53:48.520+0800][4.768s][info][gc,start       ] GC(106) Pause Young (Allocation Failure)
[2026-06-17T09:53:48.520+0800][4.768s][info][gc,task        ] GC(106) Using 2 workers of 18 for evacuation
[2026-06-17T09:53:48.522+0800][4.770s][info][gc,heap        ] GC(106) ParNew: 19590K->2144K(19648K)
[2026-06-17T09:53:48.522+0800][4.770s][info][gc,heap        ] GC(106) CMS: 31046K->34919K(43712K)
[2026-06-17T09:53:48.523+0800][4.771s][info][gc,metaspace   ] GC(106) Metaspace: 3156K(4864K)->3156K(4864K) NonClass: 2851K(4352K)->2851K(4352K) Class: 305K(512K)->305K(512K)
[2026-06-17T09:53:48.523+0800][4.771s][info][gc             ] GC(106) Pause Young (Allocation Failure) 49M->36M(61M) 3.030ms
[2026-06-17T09:53:48.523+0800][4.771s][info][gc,cpu         ] GC(106) User=0.00s Sys=0.00s Real=0.01s
[2026-06-17T09:53:48.524+0800][4.772s][info][gc,start       ] GC(107) Pause Initial Mark
[2026-06-17T09:53:48.524+0800][4.772s][info][gc             ] GC(107) Pause Initial Mark 37M->37M(61M) 0.387ms
[2026-06-17T09:53:48.524+0800][4.772s][info][gc,cpu         ] GC(107) User=0.00s Sys=0.00s Real=0.00s
[2026-06-17T09:53:48.524+0800][4.773s][info][gc             ] GC(107) Concurrent Mark
[2026-06-17T09:53:48.525+0800][4.773s][info][gc,task        ] GC(107) Using 2 workers of 5 for marking
[2026-06-17T09:53:48.525+0800][4.774s][info][gc             ] GC(107) Concurrent Mark 0.984ms
[2026-06-17T09:53:48.526+0800][4.774s][info][gc,cpu         ] GC(107) User=0.00s Sys=0.00s Real=0.00s
[2026-06-17T09:53:48.526+0800][4.774s][info][gc             ] GC(107) Concurrent Preclean
[2026-06-17T09:53:48.526+0800][4.774s][info][gc             ] GC(107) Concurrent Preclean 0.275ms
[2026-06-17T09:53:48.526+0800][4.775s][info][gc,cpu         ] GC(107) User=0.00s Sys=0.00s Real=0.00s
[2026-06-17T09:53:48.527+0800][4.775s][info][gc             ] GC(107) Concurrent Abortable Preclean
[2026-06-17T09:53:48.567+0800][4.815s][info][gc,start       ] GC(108) Pause Young (Allocation Failure)
[2026-06-17T09:53:48.567+0800][4.815s][info][gc,task        ] GC(108) Using 2 workers of 18 for evacuation
[2026-06-17T09:53:48.568+0800][4.816s][info][gc,heap        ] GC(108) ParNew: 19616K->2173K(19648K)
[2026-06-17T09:53:48.568+0800][4.816s][info][gc,heap        ] GC(108) CMS: 34919K->38213K(43712K)
[2026-06-17T09:53:48.569+0800][4.817s][info][gc,metaspace   ] GC(108) Metaspace: 3156K(4864K)->3156K(4864K) NonClass: 2851K(4352K)->2851K(4352K) Class: 305K(512K)->305K(512K)
[2026-06-17T09:53:48.569+0800][4.817s][info][gc             ] GC(108) Pause Young (Allocation Failure) 53M->39M(61M) 2.473ms
[2026-06-17T09:53:48.569+0800][4.818s][info][gc,cpu         ] GC(108) User=0.00s Sys=0.00s Real=0.00s
[2026-06-17T09:53:48.612+0800][4.860s][info][gc,start       ] GC(109) Pause Young (Allocation Failure)
[2026-06-17T09:53:48.612+0800][4.860s][info][gc,task        ] GC(109) Using 2 workers of 18 for evacuation
[2026-06-17T09:53:48.613+0800][4.861s][info][gc,heap        ] GC(109) ParNew: 19483K->2124K(19648K)
[2026-06-17T09:53:48.613+0800][4.861s][info][gc,heap        ] GC(109) CMS: 38213K->39356K(43712K)
[2026-06-17T09:53:48.613+0800][4.861s][info][gc,metaspace   ] GC(109) Metaspace: 3156K(4864K)->3156K(4864K) NonClass: 2851K(4352K)->2851K(4352K) Class: 305K(512K)->305K(512K)
[2026-06-17T09:53:48.613+0800][4.861s][info][gc             ] GC(109) Pause Young (Allocation Failure) 56M->40M(61M) 1.557ms
[2026-06-17T09:53:48.613+0800][4.862s][info][gc,cpu         ] GC(109) User=0.01s Sys=0.00s Real=0.00s
[2026-06-17T09:53:48.666+0800][4.914s][info][gc,start       ] GC(110) Pause Young (Allocation Failure)
[2026-06-17T09:53:48.666+0800][4.914s][info][gc,task        ] GC(110) Using 2 workers of 18 for evacuation
[2026-06-17T09:53:48.667+0800][4.915s][info][gc,start       ] GC(111) Pause Full (Allocation Failure)
[2026-06-17T09:53:48.667+0800][4.915s][info][gc             ] GC(107) Concurrent Abortable Preclean 140.021ms
[2026-06-17T09:53:48.669+0800][4.917s][info][gc,cpu         ] GC(107) User=0.01s Sys=0.00s Real=0.14s
[2026-06-17T09:53:48.672+0800][4.920s][info][gc,phases,start] GC(111) Phase 1: Mark live objects
[2026-06-17T09:53:48.674+0800][4.922s][info][gc,phases      ] GC(111) Phase 1: Mark live objects 1.425ms
[2026-06-17T09:53:48.675+0800][4.923s][info][gc,phases,start] GC(111) Phase 2: Compute new object addresses
[2026-06-17T09:53:48.679+0800][4.928s][info][gc,phases      ] GC(111) Phase 2: Compute new object addresses 4.357ms
[2026-06-17T09:53:48.682+0800][4.930s][info][gc,phases,start] GC(111) Phase 3: Adjust pointers
[2026-06-17T09:53:48.683+0800][4.931s][info][gc,phases      ] GC(111) Phase 3: Adjust pointers 1.013ms
[2026-06-17T09:53:48.684+0800][4.932s][info][gc,phases,start] GC(111) Phase 4: Move objects
[2026-06-17T09:53:48.687+0800][4.935s][info][gc,phases      ] GC(111) Phase 4: Move objects 2.870ms
[2026-06-17T09:53:48.690+0800][4.938s][info][gc             ] GC(111) Pause Full (Allocation Failure) 57M->24M(61M) 23.181ms
[2026-06-17T09:53:48.690+0800][4.938s][info][gc,heap        ] GC(110) ParNew: 19596K->0K(19648K)
[2026-06-17T09:53:48.691+0800][4.939s][info][gc,heap        ] GC(110) CMS: 39356K->24770K(43712K)
[2026-06-17T09:53:48.691+0800][4.940s][info][gc,metaspace   ] GC(110) Metaspace: 3156K(4864K)->3156K(4864K) NonClass: 2851K(4352K)->2851K(4352K) Class: 305K(512K)->305K(512K)
[2026-06-17T09:53:48.692+0800][4.940s][info][gc             ] GC(110) Pause Young (Allocation Failure) 57M->24M(61M) 25.943ms
[2026-06-17T09:53:48.693+0800][4.941s][info][gc,cpu         ] GC(110) User=0.00s Sys=0.00s Real=0.03s
[2026-06-17T09:53:48.738+0800][4.986s][info][gc,start       ] GC(112) Pause Young (Allocation Failure)
[2026-06-17T09:53:48.741+0800][4.989s][info][gc,task        ] GC(112) Using 2 workers of 18 for evacuation
[2026-06-17T09:53:48.742+0800][4.990s][info][gc,heap        ] GC(112) ParNew: 17452K->2174K(19648K)
[2026-06-17T09:53:48.743+0800][4.991s][info][gc,heap        ] GC(112) CMS: 24770K->29032K(43712K)
[2026-06-17T09:53:48.744+0800][4.992s][info][gc,metaspace   ] GC(112) Metaspace: 3156K(4864K)->3156K(4864K) NonClass: 2851K(4352K)->2851K(4352K) Class: 305K(512K)->305K(512K)
[2026-06-17T09:53:48.744+0800][4.992s][info][gc             ] GC(112) Pause Young (Allocation Failure) 41M->30M(61M) 6.097ms
[2026-06-17T09:53:48.745+0800][4.993s][info][gc,cpu         ] GC(112) User=0.01s Sys=0.00s Real=0.01s
[2026-06-17T09:53:48.787+0800][5.035s][info][gc,start       ] GC(113) Pause Young (Allocation Failure)
[2026-06-17T09:53:48.787+0800][5.035s][info][gc,task        ] GC(113) Using 2 workers of 18 for evacuation
[2026-06-17T09:53:48.789+0800][5.037s][info][gc,heap        ] GC(113) ParNew: 19646K->2172K(19648K)
[2026-06-17T09:53:48.794+0800][5.042s][info][gc,heap        ] GC(113) CMS: 29032K->34141K(43712K)
[2026-06-17T09:53:48.794+0800][5.042s][info][gc,metaspace   ] GC(113) Metaspace: 3156K(4864K)->3156K(4864K) NonClass: 2851K(4352K)->2851K(4352K) Class: 305K(512K)->305K(512K)
[2026-06-17T09:53:48.794+0800][5.042s][info][gc             ] GC(113) Pause Young (Allocation Failure) 47M->35M(61M) 7.172ms
[2026-06-17T09:53:48.794+0800][5.043s][info][gc,cpu         ] GC(113) User=0.00s Sys=0.00s Real=0.01s
[2026-06-17T09:53:48.795+0800][5.043s][info][gc,start       ] GC(114) Pause Initial Mark
[2026-06-17T09:53:48.795+0800][5.044s][info][gc             ] GC(114) Pause Initial Mark 36M->36M(61M) 0.378ms
[2026-06-17T09:53:48.796+0800][5.044s][info][gc,cpu         ] GC(114) User=0.00s Sys=0.00s Real=0.00s
[2026-06-17T09:53:48.796+0800][5.044s][info][gc             ] GC(114) Concurrent Mark
[2026-06-17T09:53:48.796+0800][5.044s][info][gc,task        ] GC(114) Using 2 workers of 5 for marking
[2026-06-17T09:53:48.797+0800][5.045s][info][gc             ] GC(114) Concurrent Mark 0.950ms
[2026-06-17T09:53:48.797+0800][5.045s][info][gc,cpu         ] GC(114) User=0.00s Sys=0.00s Real=0.00s
[2026-06-17T09:53:48.797+0800][5.045s][info][gc             ] GC(114) Concurrent Preclean
[2026-06-17T09:53:48.797+0800][5.046s][info][gc             ] GC(114) Concurrent Preclean 0.232ms
[2026-06-17T09:53:48.798+0800][5.046s][info][gc,cpu         ] GC(114) User=0.00s Sys=0.00s Real=0.00s
[2026-06-17T09:53:48.798+0800][5.046s][info][gc,start       ] GC(114) Pause Remark
[2026-06-17T09:53:48.799+0800][5.047s][info][gc             ] GC(114) Pause Remark 37M->37M(61M) 0.821ms
[2026-06-17T09:53:48.804+0800][5.052s][info][gc,cpu         ] GC(114) User=0.00s Sys=0.00s Real=0.01s
[2026-06-17T09:53:48.804+0800][5.052s][info][gc             ] GC(114) Concurrent Sweep
[2026-06-17T09:53:48.805+0800][5.053s][info][gc             ] GC(114) Concurrent Sweep 0.384ms
[2026-06-17T09:53:48.805+0800][5.053s][info][gc,cpu         ] GC(114) User=0.00s Sys=0.00s Real=0.00s
[2026-06-17T09:53:48.805+0800][5.053s][info][gc             ] GC(114) Concurrent Reset
[2026-06-17T09:53:48.805+0800][5.053s][info][gc             ] GC(114) Concurrent Reset 0.162ms
[2026-06-17T09:53:48.805+0800][5.053s][info][gc,cpu         ] GC(114) User=0.00s Sys=0.00s Real=0.00s
[2026-06-17T09:53:48.805+0800][5.054s][info][gc,heap        ] GC(114) Old: 34141K->18894K(43712K)
[2026-06-17T09:53:48.839+0800][5.088s][info][gc,start       ] GC(115) Pause Young (Allocation Failure)
[2026-06-17T09:53:48.840+0800][5.088s][info][gc,task        ] GC(115) Using 2 workers of 18 for evacuation
[2026-06-17T09:53:48.841+0800][5.089s][info][gc,heap        ] GC(115) ParNew: 19621K->2171K(19648K)
[2026-06-17T09:53:48.842+0800][5.090s][info][gc,heap        ] GC(115) CMS: 18894K->23829K(43712K)
[2026-06-17T09:53:48.842+0800][5.090s][info][gc,metaspace   ] GC(115) Metaspace: 3156K(4864K)->3156K(4864K) NonClass: 2851K(4352K)->2851K(4352K) Class: 305K(512K)->305K(512K)
[2026-06-17T09:53:48.842+0800][5.090s][info][gc             ] GC(115) Pause Young (Allocation Failure) 37M->25M(61M) 2.743ms
[2026-06-17T09:53:48.843+0800][5.091s][info][gc,cpu         ] GC(115) User=0.00s Sys=0.00s Real=0.01s
[2026-06-17T09:53:48.887+0800][5.135s][info][gc,start       ] GC(116) Pause Young (Allocation Failure)
[2026-06-17T09:53:48.887+0800][5.135s][info][gc,task        ] GC(116) Using 2 workers of 18 for evacuation
[2026-06-17T09:53:48.888+0800][5.136s][info][gc,heap        ] GC(116) ParNew: 19463K->2128K(19648K)
[2026-06-17T09:53:48.888+0800][5.136s][info][gc,heap        ] GC(116) CMS: 23829K->25711K(43712K)
[2026-06-17T09:53:48.888+0800][5.137s][info][gc,metaspace   ] GC(116) Metaspace: 3156K(4864K)->3156K(4864K) NonClass: 2851K(4352K)->2851K(4352K) Class: 305K(512K)->305K(512K)
[2026-06-17T09:53:48.889+0800][5.137s][info][gc             ] GC(116) Pause Young (Allocation Failure) 42M->27M(61M) 1.867ms
[2026-06-17T09:53:48.889+0800][5.137s][info][gc,cpu         ] GC(116) User=0.00s Sys=0.00s Real=0.00s
[2026-06-17T09:53:48.931+0800][5.179s][info][gc,start       ] GC(117) Pause Young (Allocation Failure)
[2026-06-17T09:53:48.931+0800][5.179s][info][gc,task        ] GC(117) Using 2 workers of 18 for evacuation
[2026-06-17T09:53:48.932+0800][5.180s][info][gc,heap        ] GC(117) ParNew: 19576K->2174K(19648K)
[2026-06-17T09:53:48.933+0800][5.181s][info][gc,heap        ] GC(117) CMS: 25711K->32799K(43712K)
[2026-06-17T09:53:48.933+0800][5.181s][info][gc,metaspace   ] GC(117) Metaspace: 3156K(4864K)->3156K(4864K) NonClass: 2851K(4352K)->2851K(4352K) Class: 305K(512K)->305K(512K)
[2026-06-17T09:53:48.933+0800][5.181s][info][gc             ] GC(117) Pause Young (Allocation Failure) 44M->34M(61M) 2.387ms
[2026-06-17T09:53:48.934+0800][5.182s][info][gc,cpu         ] GC(117) User=0.01s Sys=0.00s Real=0.00s
[2026-06-17T09:53:48.934+0800][5.182s][info][gc,start       ] GC(118) Pause Initial Mark
[2026-06-17T09:53:48.935+0800][5.183s][info][gc             ] GC(118) Pause Initial Mark 34M->34M(61M) 0.357ms
[2026-06-17T09:53:48.935+0800][5.183s][info][gc,cpu         ] GC(118) User=0.00s Sys=0.00s Real=0.00s
[2026-06-17T09:53:48.935+0800][5.183s][info][gc             ] GC(118) Concurrent Mark
[2026-06-17T09:53:48.935+0800][5.183s][info][gc,task        ] GC(118) Using 2 workers of 5 for marking
[2026-06-17T09:53:48.936+0800][5.184s][info][gc             ] GC(118) Concurrent Mark 0.898ms
[2026-06-17T09:53:48.936+0800][5.184s][info][gc,cpu         ] GC(118) User=0.00s Sys=0.00s Real=0.00s
[2026-06-17T09:53:48.936+0800][5.185s][info][gc             ] GC(118) Concurrent Preclean
[2026-06-17T09:53:48.937+0800][5.185s][info][gc             ] GC(118) Concurrent Preclean 0.166ms
[2026-06-17T09:53:48.937+0800][5.185s][info][gc,cpu         ] GC(118) User=0.00s Sys=0.00s Real=0.00s
[2026-06-17T09:53:48.937+0800][5.185s][info][gc,start       ] GC(118) Pause Remark
[2026-06-17T09:53:48.937+0800][5.185s][info][gc             ] GC(118) Pause Remark 34M->34M(61M) 0.407ms
[2026-06-17T09:53:48.937+0800][5.186s][info][gc,cpu         ] GC(118) User=0.00s Sys=0.00s Real=0.00s
[2026-06-17T09:53:48.938+0800][5.186s][info][gc             ] GC(118) Concurrent Sweep
[2026-06-17T09:53:48.938+0800][5.186s][info][gc             ] GC(118) Concurrent Sweep 0.266ms
[2026-06-17T09:53:48.938+0800][5.186s][info][gc,cpu         ] GC(118) User=0.00s Sys=0.00s Real=0.00s
[2026-06-17T09:53:48.938+0800][5.186s][info][gc             ] GC(118) Concurrent Reset
[2026-06-17T09:53:48.938+0800][5.186s][info][gc             ] GC(118) Concurrent Reset 0.125ms
[2026-06-17T09:53:48.938+0800][5.187s][info][gc,cpu         ] GC(118) User=0.00s Sys=0.00s Real=0.00s
[2026-06-17T09:53:48.938+0800][5.187s][info][gc,heap        ] GC(118) Old: 32799K->20841K(43712K)
[2026-06-17T09:53:48.986+0800][5.234s][info][gc,start       ] GC(119) Pause Young (Allocation Failure)
[2026-06-17T09:53:48.986+0800][5.235s][info][gc,task        ] GC(119) Using 2 workers of 18 for evacuation
[2026-06-17T09:53:48.988+0800][5.237s][info][gc,heap        ] GC(119) ParNew: 19619K->2171K(19648K)
[2026-06-17T09:53:48.989+0800][5.237s][info][gc,heap        ] GC(119) CMS: 20841K->24004K(43712K)
[2026-06-17T09:53:48.989+0800][5.237s][info][gc,metaspace   ] GC(119) Metaspace: 3156K(4864K)->3156K(4864K) NonClass: 2851K(4352K)->2851K(4352K) Class: 305K(512K)->305K(512K)
[2026-06-17T09:53:48.989+0800][5.237s][info][gc             ] GC(119) Pause Young (Allocation Failure) 39M->25M(61M) 2.912ms
[2026-06-17T09:53:48.989+0800][5.237s][info][gc,cpu         ] GC(119) User=0.00s Sys=0.00s Real=0.00s
[2026-06-17T09:53:49.031+0800][5.279s][info][gc,start       ] GC(120) Pause Young (Allocation Failure)
[2026-06-17T09:53:49.032+0800][5.281s][info][gc,task        ] GC(120) Using 2 workers of 18 for evacuation
[2026-06-17T09:53:49.033+0800][5.282s][info][gc,heap        ] GC(120) ParNew: 19643K->2173K(19648K)
[2026-06-17T09:53:49.035+0800][5.283s][info][gc,heap        ] GC(120) CMS: 24004K->28017K(43712K)
[2026-06-17T09:53:49.036+0800][5.284s][info][gc,metaspace   ] GC(120) Metaspace: 3156K(4864K)->3156K(4864K) NonClass: 2851K(4352K)->2851K(4352K) Class: 305K(512K)->305K(512K)
[2026-06-17T09:53:49.037+0800][5.285s][info][gc             ] GC(120) Pause Young (Allocation Failure) 42M->29M(61M) 5.766ms
[2026-06-17T09:53:49.038+0800][5.286s][info][gc,cpu         ] GC(120) User=0.00s Sys=0.00s Real=0.00s
[2026-06-17T09:53:49.081+0800][5.329s][info][gc,start       ] GC(121) Pause Young (Allocation Failure)
[2026-06-17T09:53:49.081+0800][5.329s][info][gc,task        ] GC(121) Using 2 workers of 18 for evacuation
[2026-06-17T09:53:49.082+0800][5.330s][info][gc,heap        ] GC(121) ParNew: 19541K->1748K(19648K)
[2026-06-17T09:53:49.082+0800][5.330s][info][gc,heap        ] GC(121) CMS: 28017K->29053K(43712K)
[2026-06-17T09:53:49.083+0800][5.331s][info][gc,metaspace   ] GC(121) Metaspace: 3156K(4864K)->3156K(4864K) NonClass: 2851K(4352K)->2851K(4352K) Class: 305K(512K)->305K(512K)
[2026-06-17T09:53:49.083+0800][5.331s][info][gc             ] GC(121) Pause Young (Allocation Failure) 46M->30M(61M) 1.899ms
[2026-06-17T09:53:49.083+0800][5.331s][info][gc,cpu         ] GC(121) User=0.00s Sys=0.00s Real=0.01s
[2026-06-17T09:53:49.125+0800][5.373s][info][gc,start       ] GC(122) Pause Young (Allocation Failure)
[2026-06-17T09:53:49.126+0800][5.374s][info][gc,task        ] GC(122) Using 2 workers of 18 for evacuation
[2026-06-17T09:53:49.126+0800][5.375s][info][gc,heap        ] GC(122) ParNew: 19210K->2147K(19648K)
[2026-06-17T09:53:49.128+0800][5.376s][info][gc,heap        ] GC(122) CMS: 29053K->31538K(43712K)
[2026-06-17T09:53:49.128+0800][5.376s][info][gc,metaspace   ] GC(122) Metaspace: 3156K(4864K)->3156K(4864K) NonClass: 2851K(4352K)->2851K(4352K) Class: 305K(512K)->305K(512K)
[2026-06-17T09:53:49.128+0800][5.376s][info][gc             ] GC(122) Pause Young (Allocation Failure) 47M->32M(61M) 2.866ms
[2026-06-17T09:53:49.128+0800][5.376s][info][gc,cpu         ] GC(122) User=0.00s Sys=0.00s Real=0.00s
[2026-06-17T09:53:49.180+0800][5.429s][info][gc,start       ] GC(123) Pause Young (Allocation Failure)
[2026-06-17T09:53:49.181+0800][5.429s][info][gc,task        ] GC(123) Using 2 workers of 18 for evacuation
[2026-06-17T09:53:49.182+0800][5.430s][info][gc,heap        ] GC(123) ParNew: 19578K->2165K(19648K)
[2026-06-17T09:53:49.182+0800][5.430s][info][gc,heap        ] GC(123) CMS: 31538K->35606K(43712K)
[2026-06-17T09:53:49.183+0800][5.431s][info][gc,metaspace   ] GC(123) Metaspace: 3156K(4864K)->3156K(4864K) NonClass: 2851K(4352K)->2851K(4352K) Class: 305K(512K)->305K(512K)
[2026-06-17T09:53:49.183+0800][5.431s][info][gc             ] GC(123) Pause Young (Allocation Failure) 49M->36M(61M) 2.386ms
[2026-06-17T09:53:49.183+0800][5.431s][info][gc,cpu         ] GC(123) User=0.00s Sys=0.00s Real=0.01s
[2026-06-17T09:53:49.183+0800][5.432s][info][gc,start       ] GC(124) Pause Initial Mark
[2026-06-17T09:53:49.184+0800][5.432s][info][gc             ] GC(124) Pause Initial Mark 37M->37M(61M) 0.460ms
[2026-06-17T09:53:49.184+0800][5.432s][info][gc,cpu         ] GC(124) User=0.00s Sys=0.00s Real=0.00s
[2026-06-17T09:53:49.184+0800][5.432s][info][gc             ] GC(124) Concurrent Mark
[2026-06-17T09:53:49.184+0800][5.432s][info][gc,task        ] GC(124) Using 2 workers of 5 for marking
[2026-06-17T09:53:49.185+0800][5.433s][info][gc             ] GC(124) Concurrent Mark 0.904ms
[2026-06-17T09:53:49.185+0800][5.433s][info][gc,cpu         ] GC(124) User=0.00s Sys=0.00s Real=0.00s
[2026-06-17T09:53:49.185+0800][5.434s][info][gc             ] GC(124) Concurrent Preclean
[2026-06-17T09:53:49.186+0800][5.434s][info][gc             ] GC(124) Concurrent Preclean 0.143ms
[2026-06-17T09:53:49.186+0800][5.434s][info][gc,cpu         ] GC(124) User=0.00s Sys=0.00s Real=0.00s
[2026-06-17T09:53:49.186+0800][5.434s][info][gc             ] GC(124) Concurrent Abortable Preclean
[2026-06-17T09:53:49.226+0800][5.474s][info][gc,start       ] GC(125) Pause Young (Allocation Failure)
[2026-06-17T09:53:49.227+0800][5.475s][info][gc,task        ] GC(125) Using 2 workers of 18 for evacuation
[2026-06-17T09:53:49.228+0800][5.476s][info][gc,heap        ] GC(125) ParNew: 19632K->2170K(19648K)
[2026-06-17T09:53:49.228+0800][5.476s][info][gc,heap        ] GC(125) CMS: 35606K->39421K(43712K)
[2026-06-17T09:53:49.228+0800][5.476s][info][gc,metaspace   ] GC(125) Metaspace: 3156K(4864K)->3156K(4864K) NonClass: 2851K(4352K)->2851K(4352K) Class: 305K(512K)->305K(512K)
[2026-06-17T09:53:49.228+0800][5.476s][info][gc             ] GC(125) Pause Young (Allocation Failure) 53M->40M(61M) 2.015ms
[2026-06-17T09:53:49.228+0800][5.476s][info][gc,cpu         ] GC(125) User=0.00s Sys=0.00s Real=0.00s
[2026-06-17T09:53:49.270+0800][5.518s][info][gc,start       ] GC(126) Pause Young (Allocation Failure)
[2026-06-17T09:53:49.271+0800][5.519s][info][gc,task        ] GC(126) Using 2 workers of 18 for evacuation
[2026-06-17T09:53:49.271+0800][5.519s][info][gc,start       ] GC(127) Pause Full (Allocation Failure)
[2026-06-17T09:53:49.271+0800][5.519s][info][gc             ] GC(124) Concurrent Abortable Preclean 85.443ms
[2026-06-17T09:53:49.271+0800][5.519s][info][gc,cpu         ] GC(124) User=0.01s Sys=0.00s Real=0.09s
[2026-06-17T09:53:49.272+0800][5.520s][info][gc,phases,start] GC(127) Phase 1: Mark live objects
[2026-06-17T09:53:49.273+0800][5.521s][info][gc,phases      ] GC(127) Phase 1: Mark live objects 0.984ms
[2026-06-17T09:53:49.273+0800][5.521s][info][gc,phases,start] GC(127) Phase 2: Compute new object addresses
[2026-06-17T09:53:49.274+0800][5.522s][info][gc,phases      ] GC(127) Phase 2: Compute new object addresses 0.527ms
[2026-06-17T09:53:49.274+0800][5.522s][info][gc,phases,start] GC(127) Phase 3: Adjust pointers
[2026-06-17T09:53:49.275+0800][5.523s][info][gc,phases      ] GC(127) Phase 3: Adjust pointers 0.470ms
[2026-06-17T09:53:49.275+0800][5.523s][info][gc,phases,start] GC(127) Phase 4: Move objects
[2026-06-17T09:53:49.277+0800][5.525s][info][gc,phases      ] GC(127) Phase 4: Move objects 2.069ms
[2026-06-17T09:53:49.277+0800][5.525s][info][gc             ] GC(127) Pause Full (Allocation Failure) 57M->22M(61M) 6.257ms
[2026-06-17T09:53:49.278+0800][5.526s][info][gc,heap        ] GC(126) ParNew: 19641K->0K(19648K)
[2026-06-17T09:53:49.278+0800][5.526s][info][gc,heap        ] GC(126) CMS: 39421K->22701K(43712K)
[2026-06-17T09:53:49.278+0800][5.526s][info][gc,metaspace   ] GC(126) Metaspace: 3156K(4864K)->3156K(4864K) NonClass: 2851K(4352K)->2851K(4352K) Class: 305K(512K)->305K(512K)
[2026-06-17T09:53:49.278+0800][5.526s][info][gc             ] GC(126) Pause Young (Allocation Failure) 57M->22M(61M) 7.703ms
[2026-06-17T09:53:49.278+0800][5.526s][info][gc,cpu         ] GC(126) User=0.00s Sys=0.00s Real=0.01s
[2026-06-17T09:53:49.320+0800][5.569s][info][gc,start       ] GC(128) Pause Young (Allocation Failure)
[2026-06-17T09:53:49.321+0800][5.569s][info][gc,task        ] GC(128) Using 2 workers of 18 for evacuation
[2026-06-17T09:53:49.322+0800][5.570s][info][gc,heap        ] GC(128) ParNew: 17429K->2175K(19648K)
[2026-06-17T09:53:49.322+0800][5.570s][info][gc,heap        ] GC(128) CMS: 22701K->27740K(43712K)
[2026-06-17T09:53:49.322+0800][5.570s][info][gc,metaspace   ] GC(128) Metaspace: 3156K(4864K)->3156K(4864K) NonClass: 2851K(4352K)->2851K(4352K) Class: 305K(512K)->305K(512K)
[2026-06-17T09:53:49.322+0800][5.571s][info][gc             ] GC(128) Pause Young (Allocation Failure) 39M->29M(61M) 1.945ms
[2026-06-17T09:53:49.322+0800][5.571s][info][gc,cpu         ] GC(128) User=0.00s Sys=0.00s Real=0.01s
[2026-06-17T09:53:49.365+0800][5.613s][info][gc,start       ] GC(129) Pause Young (Allocation Failure)
[2026-06-17T09:53:49.365+0800][5.613s][info][gc,task        ] GC(129) Using 2 workers of 18 for evacuation
[2026-06-17T09:53:49.366+0800][5.614s][info][gc,heap        ] GC(129) ParNew: 19647K->2174K(19648K)
[2026-06-17T09:53:49.366+0800][5.614s][info][gc,heap        ] GC(129) CMS: 27740K->33080K(43712K)
[2026-06-17T09:53:49.367+0800][5.615s][info][gc,metaspace   ] GC(129) Metaspace: 3156K(4864K)->3156K(4864K) NonClass: 2851K(4352K)->2851K(4352K) Class: 305K(512K)->305K(512K)
[2026-06-17T09:53:49.367+0800][5.615s][info][gc             ] GC(129) Pause Young (Allocation Failure) 46M->34M(61M) 2.375ms
[2026-06-17T09:53:49.367+0800][5.615s][info][gc,cpu         ] GC(129) User=0.01s Sys=0.00s Real=0.00s
[2026-06-17T09:53:49.368+0800][5.616s][info][gc,start       ] GC(130) Pause Initial Mark
[2026-06-17T09:53:49.368+0800][5.616s][info][gc             ] GC(130) Pause Initial Mark 35M->35M(61M) 0.399ms
[2026-06-17T09:53:49.368+0800][5.616s][info][gc,cpu         ] GC(130) User=0.00s Sys=0.00s Real=0.00s
[2026-06-17T09:53:49.369+0800][5.617s][info][gc             ] GC(130) Concurrent Mark
[2026-06-17T09:53:49.369+0800][5.617s][info][gc,task        ] GC(130) Using 2 workers of 5 for marking
[2026-06-17T09:53:49.370+0800][5.618s][info][gc             ] GC(130) Concurrent Mark 0.963ms
[2026-06-17T09:53:49.370+0800][5.618s][info][gc,cpu         ] GC(130) User=0.00s Sys=0.00s Real=0.00s
[2026-06-17T09:53:49.370+0800][5.618s][info][gc             ] GC(130) Concurrent Preclean
[2026-06-17T09:53:49.370+0800][5.618s][info][gc             ] GC(130) Concurrent Preclean 0.166ms
[2026-06-17T09:53:49.370+0800][5.618s][info][gc,cpu         ] GC(130) User=0.00s Sys=0.00s Real=0.00s
[2026-06-17T09:53:49.370+0800][5.619s][info][gc             ] GC(130) Concurrent Abortable Preclean
[2026-06-17T09:53:49.410+0800][5.658s][info][gc,start       ] GC(131) Pause Young (Allocation Failure)
[2026-06-17T09:53:49.411+0800][5.659s][info][gc,task        ] GC(131) Using 2 workers of 18 for evacuation
[2026-06-17T09:53:49.411+0800][5.660s][info][gc,heap        ] GC(131) ParNew: 19607K->2175K(19648K)
[2026-06-17T09:53:49.412+0800][5.660s][info][gc,heap        ] GC(131) CMS: 33080K->38567K(43712K)
[2026-06-17T09:53:49.412+0800][5.660s][info][gc,metaspace   ] GC(131) Metaspace: 3156K(4864K)->3156K(4864K) NonClass: 2851K(4352K)->2851K(4352K) Class: 305K(512K)->305K(512K)
[2026-06-17T09:53:49.412+0800][5.660s][info][gc             ] GC(131) Pause Young (Allocation Failure) 51M->39M(61M) 1.967ms
[2026-06-17T09:53:49.412+0800][5.661s][info][gc,cpu         ] GC(131) User=0.00s Sys=0.00s Real=0.01s
[2026-06-17T09:53:49.465+0800][5.713s][info][gc,start       ] GC(132) Pause Young (Allocation Failure)
[2026-06-17T09:53:49.465+0800][5.713s][info][gc,task        ] GC(132) Using 2 workers of 18 for evacuation
[2026-06-17T09:53:49.465+0800][5.713s][info][gc,start       ] GC(133) Pause Full (Allocation Failure)
[2026-06-17T09:53:49.466+0800][5.714s][info][gc             ] GC(130) Concurrent Abortable Preclean 95.106ms
[2026-06-17T09:53:49.466+0800][5.714s][info][gc,cpu         ] GC(130) User=0.00s Sys=0.00s Real=0.09s
[2026-06-17T09:53:49.466+0800][5.714s][info][gc,phases,start] GC(133) Phase 1: Mark live objects
[2026-06-17T09:53:49.467+0800][5.715s][info][gc,phases      ] GC(133) Phase 1: Mark live objects 0.788ms
[2026-06-17T09:53:49.467+0800][5.715s][info][gc,phases,start] GC(133) Phase 2: Compute new object addresses
[2026-06-17T09:53:49.467+0800][5.716s][info][gc,phases      ] GC(133) Phase 2: Compute new object addresses 0.404ms
[2026-06-17T09:53:49.468+0800][5.716s][info][gc,phases,start] GC(133) Phase 3: Adjust pointers
[2026-06-17T09:53:49.468+0800][5.716s][info][gc,phases      ] GC(133) Phase 3: Adjust pointers 0.392ms
[2026-06-17T09:53:49.468+0800][5.716s][info][gc,phases,start] GC(133) Phase 4: Move objects
[2026-06-17T09:53:49.470+0800][5.719s][info][gc,phases      ] GC(133) Phase 4: Move objects 1.973ms
[2026-06-17T09:53:49.471+0800][5.719s][info][gc             ] GC(133) Pause Full (Allocation Failure) 56M->22M(61M) 5.537ms
[2026-06-17T09:53:49.471+0800][5.719s][info][gc,heap        ] GC(132) ParNew: 19624K->0K(19648K)
[2026-06-17T09:53:49.471+0800][5.719s][info][gc,heap        ] GC(132) CMS: 38567K->23448K(43712K)
[2026-06-17T09:53:49.471+0800][5.719s][info][gc,metaspace   ] GC(132) Metaspace: 3156K(4864K)->3156K(4864K) NonClass: 2851K(4352K)->2851K(4352K) Class: 305K(512K)->305K(512K)
[2026-06-17T09:53:49.472+0800][5.720s][info][gc             ] GC(132) Pause Young (Allocation Failure) 56M->22M(61M) 7.278ms
[2026-06-17T09:53:49.473+0800][5.721s][info][gc,cpu         ] GC(132) User=0.00s Sys=0.00s Real=0.01s
[2026-06-17T09:53:49.505+0800][5.753s][info][gc,start       ] GC(134) Pause Young (Allocation Failure)
[2026-06-17T09:53:49.505+0800][5.753s][info][gc,task        ] GC(134) Using 2 workers of 18 for evacuation
[2026-06-17T09:53:49.506+0800][5.754s][info][gc,heap        ] GC(134) ParNew: 17352K->2174K(19648K)
[2026-06-17T09:53:49.506+0800][5.754s][info][gc,heap        ] GC(134) CMS: 23448K->28443K(43712K)
[2026-06-17T09:53:49.506+0800][5.754s][info][gc,metaspace   ] GC(134) Metaspace: 3156K(4864K)->3156K(4864K) NonClass: 2851K(4352K)->2851K(4352K) Class: 305K(512K)->305K(512K)
[2026-06-17T09:53:49.506+0800][5.754s][info][gc             ] GC(134) Pause Young (Allocation Failure) 39M->29M(61M) 1.753ms
[2026-06-17T09:53:49.507+0800][5.755s][info][gc,cpu         ] GC(134) User=0.00s Sys=0.00s Real=0.00s
[2026-06-17T09:53:49.559+0800][5.807s][info][gc,start       ] GC(135) Pause Young (Allocation Failure)
[2026-06-17T09:53:49.559+0800][5.807s][info][gc,task        ] GC(135) Using 2 workers of 18 for evacuation
[2026-06-17T09:53:49.560+0800][5.808s][info][gc,heap        ] GC(135) ParNew: 19636K->2145K(19648K)
[2026-06-17T09:53:49.560+0800][5.808s][info][gc,heap        ] GC(135) CMS: 28443K->32151K(43712K)
[2026-06-17T09:53:49.560+0800][5.809s][info][gc,metaspace   ] GC(135) Metaspace: 3156K(4864K)->3156K(4864K) NonClass: 2851K(4352K)->2851K(4352K) Class: 305K(512K)->305K(512K)
[2026-06-17T09:53:49.561+0800][5.809s][info][gc             ] GC(135) Pause Young (Allocation Failure) 46M->33M(61M) 1.687ms
[2026-06-17T09:53:49.561+0800][5.809s][info][gc,cpu         ] GC(135) User=0.00s Sys=0.00s Real=0.00s
[2026-06-17T09:53:49.603+0800][5.851s][info][gc,start       ] GC(136) Pause Young (Allocation Failure)
[2026-06-17T09:53:49.603+0800][5.851s][info][gc,task        ] GC(136) Using 2 workers of 18 for evacuation
[2026-06-17T09:53:49.604+0800][5.852s][info][gc,heap        ] GC(136) ParNew: 19565K->2174K(19648K)
[2026-06-17T09:53:49.604+0800][5.852s][info][gc,heap        ] GC(136) CMS: 32151K->35751K(43712K)
[2026-06-17T09:53:49.604+0800][5.853s][info][gc,metaspace   ] GC(136) Metaspace: 3156K(4864K)->3156K(4864K) NonClass: 2851K(4352K)->2851K(4352K) Class: 305K(512K)->305K(512K)
[2026-06-17T09:53:49.605+0800][5.853s][info][gc             ] GC(136) Pause Young (Allocation Failure) 50M->37M(61M) 1.970ms
[2026-06-17T09:53:49.605+0800][5.853s][info][gc,cpu         ] GC(136) User=0.00s Sys=0.00s Real=0.00s
[2026-06-17T09:53:49.605+0800][5.853s][info][gc,start       ] GC(137) Pause Initial Mark
[2026-06-17T09:53:49.606+0800][5.854s][info][gc             ] GC(137) Pause Initial Mark 37M->37M(61M) 0.355ms
[2026-06-17T09:53:49.606+0800][5.854s][info][gc,cpu         ] GC(137) User=0.00s Sys=0.00s Real=0.00s
[2026-06-17T09:53:49.606+0800][5.854s][info][gc             ] GC(137) Concurrent Mark
[2026-06-17T09:53:49.606+0800][5.855s][info][gc,task        ] GC(137) Using 2 workers of 5 for marking
[2026-06-17T09:53:49.607+0800][5.855s][info][gc             ] GC(137) Concurrent Mark 1.089ms
[2026-06-17T09:53:49.608+0800][5.856s][info][gc,cpu         ] GC(137) User=0.00s Sys=0.00s Real=0.00s
[2026-06-17T09:53:49.610+0800][5.858s][info][gc             ] GC(137) Concurrent Preclean
[2026-06-17T09:53:49.611+0800][5.859s][info][gc             ] GC(137) Concurrent Preclean 1.187ms
[2026-06-17T09:53:49.611+0800][5.859s][info][gc,cpu         ] GC(137) User=0.00s Sys=0.00s Real=0.01s
[2026-06-17T09:53:49.614+0800][5.862s][info][gc             ] GC(137) Concurrent Abortable Preclean
[2026-06-17T09:53:49.648+0800][5.896s][info][gc,start       ] GC(138) Pause Young (Allocation Failure)
[2026-06-17T09:53:49.648+0800][5.896s][info][gc,task        ] GC(138) Using 2 workers of 18 for evacuation
[2026-06-17T09:53:49.649+0800][5.897s][info][gc,heap        ] GC(138) ParNew: 19615K->2170K(19648K)
[2026-06-17T09:53:49.649+0800][5.898s][info][gc,heap        ] GC(138) CMS: 35751K->41231K(43712K)
[2026-06-17T09:53:49.650+0800][5.898s][info][gc,metaspace   ] GC(138) Metaspace: 3156K(4864K)->3156K(4864K) NonClass: 2851K(4352K)->2851K(4352K) Class: 305K(512K)->305K(512K)
[2026-06-17T09:53:49.650+0800][5.898s][info][gc             ] GC(138) Pause Young (Allocation Failure) 54M->42M(61M) 1.962ms
[2026-06-17T09:53:49.650+0800][5.898s][info][gc,cpu         ] GC(138) User=0.01s Sys=0.00s Real=0.00s
[2026-06-17T09:53:49.692+0800][5.940s][info][gc,start       ] GC(139) Pause Young (Allocation Failure)
[2026-06-17T09:53:49.692+0800][5.940s][info][gc,task        ] GC(139) Using 2 workers of 18 for evacuation
[2026-06-17T09:53:49.692+0800][5.941s][info][gc,start       ] GC(140) Pause Full (Allocation Failure)
[2026-06-17T09:53:49.693+0800][5.941s][info][gc             ] GC(137) Concurrent Abortable Preclean 78.927ms
[2026-06-17T09:53:49.693+0800][5.941s][info][gc,cpu         ] GC(137) User=0.01s Sys=0.00s Real=0.08s
[2026-06-17T09:53:49.693+0800][5.941s][info][gc,phases,start] GC(140) Phase 1: Mark live objects
[2026-06-17T09:53:49.694+0800][5.942s][info][gc,phases      ] GC(140) Phase 1: Mark live objects 0.830ms
[2026-06-17T09:53:49.694+0800][5.942s][info][gc,phases,start] GC(140) Phase 2: Compute new object addresses
[2026-06-17T09:53:49.695+0800][5.943s][info][gc,phases      ] GC(140) Phase 2: Compute new object addresses 0.418ms
[2026-06-17T09:53:49.695+0800][5.943s][info][gc,phases,start] GC(140) Phase 3: Adjust pointers
[2026-06-17T09:53:49.695+0800][5.943s][info][gc,phases      ] GC(140) Phase 3: Adjust pointers 0.390ms
[2026-06-17T09:53:49.695+0800][5.944s][info][gc,phases,start] GC(140) Phase 4: Move objects
[2026-06-17T09:53:49.698+0800][5.946s][info][gc,phases      ] GC(140) Phase 4: Move objects 2.343ms
[2026-06-17T09:53:49.698+0800][5.946s][info][gc             ] GC(140) Pause Full (Allocation Failure) 59M->23M(61M) 5.796ms
[2026-06-17T09:53:49.698+0800][5.946s][info][gc,heap        ] GC(139) ParNew: 19610K->0K(19648K)
[2026-06-17T09:53:49.699+0800][5.947s][info][gc,heap        ] GC(139) CMS: 41231K->24306K(43712K)
[2026-06-17T09:53:49.699+0800][5.947s][info][gc,metaspace   ] GC(139) Metaspace: 3156K(4864K)->3156K(4864K) NonClass: 2851K(4352K)->2851K(4352K) Class: 305K(512K)->305K(512K)
[2026-06-17T09:53:49.699+0800][5.947s][info][gc             ] GC(139) Pause Young (Allocation Failure) 59M->23M(61M) 7.057ms
[2026-06-17T09:53:49.699+0800][5.947s][info][gc,cpu         ] GC(139) User=0.00s Sys=0.00s Real=0.00s
[2026-06-17T09:53:49.741+0800][5.989s][info][gc,start       ] GC(141) Pause Young (Allocation Failure)
[2026-06-17T09:53:49.741+0800][5.989s][info][gc,task        ] GC(141) Using 2 workers of 18 for evacuation
[2026-06-17T09:53:49.742+0800][5.990s][info][gc,heap        ] GC(141) ParNew: 17378K->2175K(19648K)
[2026-06-17T09:53:49.744+0800][5.992s][info][gc,heap        ] GC(141) CMS: 24306K->25776K(43712K)
[2026-06-17T09:53:49.744+0800][5.992s][info][gc,metaspace   ] GC(141) Metaspace: 3156K(4864K)->3156K(4864K) NonClass: 2851K(4352K)->2851K(4352K) Class: 305K(512K)->305K(512K)
[2026-06-17T09:53:49.744+0800][5.992s][info][gc             ] GC(141) Pause Young (Allocation Failure) 40M->27M(61M) 3.391ms
[2026-06-17T09:53:49.745+0800][5.993s][info][gc,cpu         ] GC(141) User=0.00s Sys=0.00s Real=0.01s
[2026-06-17T09:53:49.798+0800][6.047s][info][gc,start       ] GC(142) Pause Young (Allocation Failure)
[2026-06-17T09:53:49.801+0800][6.049s][info][gc,task        ] GC(142) Using 2 workers of 18 for evacuation
[2026-06-17T09:53:49.801+0800][6.050s][info][gc,heap        ] GC(142) ParNew: 19623K->2144K(19648K)
[2026-06-17T09:53:49.802+0800][6.050s][info][gc,heap        ] GC(142) CMS: 25776K->29043K(43712K)
[2026-06-17T09:53:49.802+0800][6.050s][info][gc,metaspace   ] GC(142) Metaspace: 3156K(4864K)->3156K(4864K) NonClass: 2851K(4352K)->2851K(4352K) Class: 305K(512K)->305K(512K)
[2026-06-17T09:53:49.802+0800][6.050s][info][gc             ] GC(142) Pause Young (Allocation Failure) 44M->30M(61M) 3.569ms
[2026-06-17T09:53:49.802+0800][6.050s][info][gc,cpu         ] GC(142) User=0.01s Sys=0.00s Real=0.00s
[2026-06-17T09:53:49.844+0800][6.092s][info][gc,start       ] GC(143) Pause Young (Allocation Failure)
[2026-06-17T09:53:49.844+0800][6.093s][info][gc,task        ] GC(143) Using 2 workers of 18 for evacuation
[2026-06-17T09:53:49.845+0800][6.093s][info][gc,heap        ] GC(143) ParNew: 19616K->2171K(19648K)
[2026-06-17T09:53:49.845+0800][6.094s][info][gc,heap        ] GC(143) CMS: 29043K->32329K(43712K)
[2026-06-17T09:53:49.846+0800][6.094s][info][gc,metaspace   ] GC(143) Metaspace: 3156K(4864K)->3156K(4864K) NonClass: 2851K(4352K)->2851K(4352K) Class: 305K(512K)->305K(512K)
[2026-06-17T09:53:49.846+0800][6.094s][info][gc             ] GC(143) Pause Young (Allocation Failure) 47M->33M(61M) 1.651ms
[2026-06-17T09:53:49.846+0800][6.094s][info][gc,cpu         ] GC(143) User=0.00s Sys=0.00s Real=0.00s
[2026-06-17T09:53:49.888+0800][6.136s][info][gc,start       ] GC(144) Pause Young (Allocation Failure)
[2026-06-17T09:53:49.888+0800][6.136s][info][gc,task        ] GC(144) Using 2 workers of 18 for evacuation
[2026-06-17T09:53:49.889+0800][6.137s][info][gc,heap        ] GC(144) ParNew: 19643K->2137K(19648K)
[2026-06-17T09:53:49.889+0800][6.138s][info][gc,heap        ] GC(144) CMS: 32329K->36560K(43712K)
[2026-06-17T09:53:49.890+0800][6.138s][info][gc,metaspace   ] GC(144) Metaspace: 3156K(4864K)->3156K(4864K) NonClass: 2851K(4352K)->2851K(4352K) Class: 305K(512K)->305K(512K)
[2026-06-17T09:53:49.890+0800][6.138s][info][gc             ] GC(144) Pause Young (Allocation Failure) 50M->37M(61M) 1.792ms
[2026-06-17T09:53:49.890+0800][6.138s][info][gc,cpu         ] GC(144) User=0.00s Sys=0.00s Real=0.00s
[2026-06-17T09:53:49.890+0800][6.138s][info][gc,start       ] GC(145) Pause Initial Mark
[2026-06-17T09:53:49.890+0800][6.139s][info][gc             ] GC(145) Pause Initial Mark 38M->38M(61M) 0.357ms
[2026-06-17T09:53:49.891+0800][6.139s][info][gc,cpu         ] GC(145) User=0.00s Sys=0.00s Real=0.01s
[2026-06-17T09:53:49.891+0800][6.139s][info][gc             ] GC(145) Concurrent Mark
[2026-06-17T09:53:49.891+0800][6.139s][info][gc,task        ] GC(145) Using 2 workers of 5 for marking
[2026-06-17T09:53:49.892+0800][6.140s][info][gc             ] GC(145) Concurrent Mark 1.047ms
[2026-06-17T09:53:49.892+0800][6.141s][info][gc,cpu         ] GC(145) User=0.00s Sys=0.00s Real=0.00s
[2026-06-17T09:53:49.893+0800][6.141s][info][gc             ] GC(145) Concurrent Preclean
[2026-06-17T09:53:49.893+0800][6.141s][info][gc             ] GC(145) Concurrent Preclean 0.199ms
[2026-06-17T09:53:49.893+0800][6.141s][info][gc,cpu         ] GC(145) User=0.00s Sys=0.00s Real=0.00s
[2026-06-17T09:53:49.893+0800][6.141s][info][gc             ] GC(145) Concurrent Abortable Preclean
[2026-06-17T09:53:49.933+0800][6.181s][info][gc,start       ] GC(146) Pause Young (Allocation Failure)
[2026-06-17T09:53:49.933+0800][6.181s][info][gc,task        ] GC(146) Using 2 workers of 18 for evacuation
[2026-06-17T09:53:49.934+0800][6.182s][info][gc,heap        ] GC(146) ParNew: 19597K->2175K(19648K)
[2026-06-17T09:53:49.934+0800][6.182s][info][gc,heap        ] GC(146) CMS: 36560K->40459K(43712K)
[2026-06-17T09:53:49.934+0800][6.182s][info][gc,metaspace   ] GC(146) Metaspace: 3156K(4864K)->3156K(4864K) NonClass: 2851K(4352K)->2851K(4352K) Class: 305K(512K)->305K(512K)
[2026-06-17T09:53:49.935+0800][6.183s][info][gc             ] GC(146) Pause Young (Allocation Failure) 54M->41M(61M) 1.799ms
[2026-06-17T09:53:49.935+0800][6.183s][info][gc,cpu         ] GC(146) User=0.00s Sys=0.00s Real=0.00s
[2026-06-17T09:53:49.977+0800][6.225s][info][gc,start       ] GC(147) Pause Young (Allocation Failure)
[2026-06-17T09:53:49.977+0800][6.225s][info][gc,task        ] GC(147) Using 2 workers of 18 for evacuation
[2026-06-17T09:53:49.977+0800][6.225s][info][gc,start       ] GC(148) Pause Full (Allocation Failure)
[2026-06-17T09:53:49.977+0800][6.226s][info][gc             ] GC(145) Concurrent Abortable Preclean 84.382ms
[2026-06-17T09:53:49.978+0800][6.226s][info][gc,cpu         ] GC(145) User=0.01s Sys=0.00s Real=0.08s
[2026-06-17T09:53:49.978+0800][6.226s][info][gc,phases,start] GC(148) Phase 1: Mark live objects
[2026-06-17T09:53:49.979+0800][6.227s][info][gc,phases      ] GC(148) Phase 1: Mark live objects 0.830ms
[2026-06-17T09:53:49.979+0800][6.227s][info][gc,phases,start] GC(148) Phase 2: Compute new object addresses
[2026-06-17T09:53:49.979+0800][6.227s][info][gc,phases      ] GC(148) Phase 2: Compute new object addresses 0.434ms
[2026-06-17T09:53:49.980+0800][6.228s][info][gc,phases,start] GC(148) Phase 3: Adjust pointers
[2026-06-17T09:53:49.980+0800][6.228s][info][gc,phases      ] GC(148) Phase 3: Adjust pointers 0.371ms
[2026-06-17T09:53:49.980+0800][6.228s][info][gc,phases,start] GC(148) Phase 4: Move objects
[2026-06-17T09:53:49.982+0800][6.230s][info][gc,phases      ] GC(148) Phase 4: Move objects 1.515ms
[2026-06-17T09:53:49.982+0800][6.230s][info][gc             ] GC(148) Pause Full (Allocation Failure) 58M->19M(61M) 4.674ms
[2026-06-17T09:53:49.982+0800][6.230s][info][gc,heap        ] GC(147) ParNew: 19420K->0K(19648K)
[2026-06-17T09:53:49.982+0800][6.230s][info][gc,heap        ] GC(147) CMS: 40459K->19958K(43712K)
[2026-06-17T09:53:49.982+0800][6.230s][info][gc,metaspace   ] GC(147) Metaspace: 3156K(4864K)->3156K(4864K) NonClass: 2851K(4352K)->2851K(4352K) Class: 305K(512K)->305K(512K)
[2026-06-17T09:53:49.983+0800][6.231s][info][gc             ] GC(147) Pause Young (Allocation Failure) 58M->19M(61M) 5.835ms
[2026-06-17T09:53:49.983+0800][6.231s][info][gc,cpu         ] GC(147) User=0.00s Sys=0.00s Real=0.01s
[2026-06-17T09:53:50.035+0800][6.283s][info][gc,start       ] GC(149) Pause Young (Allocation Failure)
[2026-06-17T09:53:50.036+0800][6.284s][info][gc,task        ] GC(149) Using 2 workers of 18 for evacuation
[2026-06-17T09:53:50.037+0800][6.285s][info][gc,heap        ] GC(149) ParNew: 17469K->2175K(19648K)
[2026-06-17T09:53:50.037+0800][6.285s][info][gc,heap        ] GC(149) CMS: 19958K->21233K(43712K)
[2026-06-17T09:53:50.037+0800][6.285s][info][gc,metaspace   ] GC(149) Metaspace: 3156K(4864K)->3156K(4864K) NonClass: 2851K(4352K)->2851K(4352K) Class: 305K(512K)->305K(512K)
[2026-06-17T09:53:50.037+0800][6.285s][info][gc             ] GC(149) Pause Young (Allocation Failure) 36M->22M(61M) 2.319ms
[2026-06-17T09:53:50.037+0800][6.285s][info][gc,cpu         ] GC(149) User=0.00s Sys=0.00s Real=0.00s
[2026-06-17T09:53:50.079+0800][6.328s][info][gc,start       ] GC(150) Pause Young (Allocation Failure)
[2026-06-17T09:53:50.080+0800][6.328s][info][gc,task        ] GC(150) Using 2 workers of 18 for evacuation
[2026-06-17T09:53:50.081+0800][6.329s][info][gc,heap        ] GC(150) ParNew: 19587K->2171K(19648K)
[2026-06-17T09:53:50.081+0800][6.329s][info][gc,heap        ] GC(150) CMS: 21233K->25149K(43712K)
[2026-06-17T09:53:50.081+0800][6.329s][info][gc,metaspace   ] GC(150) Metaspace: 3156K(4864K)->3156K(4864K) NonClass: 2851K(4352K)->2851K(4352K) Class: 305K(512K)->305K(512K)
[2026-06-17T09:53:50.081+0800][6.329s][info][gc             ] GC(150) Pause Young (Allocation Failure) 39M->26M(61M) 1.814ms
[2026-06-17T09:53:50.081+0800][6.329s][info][gc,cpu         ] GC(150) User=0.00s Sys=0.00s Real=0.00s
[2026-06-17T09:53:50.123+0800][6.372s][info][gc,start       ] GC(151) Pause Young (Allocation Failure)
[2026-06-17T09:53:50.124+0800][6.372s][info][gc,task        ] GC(151) Using 2 workers of 18 for evacuation
[2026-06-17T09:53:50.125+0800][6.373s][info][gc,heap        ] GC(151) ParNew: 19643K->2143K(19648K)
[2026-06-17T09:53:50.125+0800][6.374s][info][gc,heap        ] GC(151) CMS: 25149K->29342K(43712K)
[2026-06-17T09:53:50.126+0800][6.374s][info][gc,metaspace   ] GC(151) Metaspace: 3156K(4864K)->3156K(4864K) NonClass: 2851K(4352K)->2851K(4352K) Class: 305K(512K)->305K(512K)
[2026-06-17T09:53:50.126+0800][6.374s][info][gc             ] GC(151) Pause Young (Allocation Failure) 43M->30M(61M) 2.531ms
[2026-06-17T09:53:50.126+0800][6.374s][info][gc,cpu         ] GC(151) User=0.00s Sys=0.00s Real=0.00s
[2026-06-17T09:53:50.168+0800][6.416s][info][gc,start       ] GC(152) Pause Young (Allocation Failure)
[2026-06-17T09:53:50.169+0800][6.417s][info][gc,task        ] GC(152) Using 2 workers of 18 for evacuation
[2026-06-17T09:53:50.169+0800][6.418s][info][gc,heap        ] GC(152) ParNew: 19578K->2175K(19648K)
[2026-06-17T09:53:50.170+0800][6.418s][info][gc,heap        ] GC(152) CMS: 29342K->33076K(43712K)
[2026-06-17T09:53:50.170+0800][6.418s][info][gc,metaspace   ] GC(152) Metaspace: 3156K(4864K)->3156K(4864K) NonClass: 2851K(4352K)->2851K(4352K) Class: 305K(512K)->305K(512K)
[2026-06-17T09:53:50.170+0800][6.418s][info][gc             ] GC(152) Pause Young (Allocation Failure) 47M->34M(61M) 1.779ms
[2026-06-17T09:53:50.170+0800][6.418s][info][gc,cpu         ] GC(152) User=0.00s Sys=0.00s Real=0.00s
[2026-06-17T09:53:50.212+0800][6.460s][info][gc,start       ] GC(153) Pause Young (Allocation Failure)
[2026-06-17T09:53:50.213+0800][6.461s][info][gc,task        ] GC(153) Using 2 workers of 18 for evacuation
[2026-06-17T09:53:50.223+0800][6.472s][info][gc,heap        ] GC(153) ParNew: 19620K->2168K(19648K)
[2026-06-17T09:53:50.224+0800][6.472s][info][gc,heap        ] GC(153) CMS: 33076K->37219K(43712K)
[2026-06-17T09:53:50.224+0800][6.472s][info][gc,metaspace   ] GC(153) Metaspace: 3156K(4864K)->3156K(4864K) NonClass: 2851K(4352K)->2851K(4352K) Class: 305K(512K)->305K(512K)
[2026-06-17T09:53:50.225+0800][6.473s][info][gc             ] GC(153) Pause Young (Allocation Failure) 51M->38M(61M) 12.740ms
[2026-06-17T09:53:50.225+0800][6.473s][info][gc,cpu         ] GC(153) User=0.01s Sys=0.00s Real=0.01s
[2026-06-17T09:53:50.226+0800][6.474s][info][gc,start       ] GC(154) Pause Initial Mark
[2026-06-17T09:53:50.226+0800][6.474s][info][gc             ] GC(154) Pause Initial Mark 40M->40M(61M) 0.322ms
[2026-06-17T09:53:50.226+0800][6.474s][info][gc,cpu         ] GC(154) User=0.00s Sys=0.00s Real=0.00s
[2026-06-17T09:53:50.226+0800][6.474s][info][gc             ] GC(154) Concurrent Mark
[2026-06-17T09:53:50.226+0800][6.474s][info][gc,task        ] GC(154) Using 2 workers of 5 for marking
[2026-06-17T09:53:50.227+0800][6.475s][info][gc             ] GC(154) Concurrent Mark 0.796ms
[2026-06-17T09:53:50.227+0800][6.475s][info][gc,cpu         ] GC(154) User=0.00s Sys=0.00s Real=0.00s
[2026-06-17T09:53:50.227+0800][6.475s][info][gc             ] GC(154) Concurrent Preclean
[2026-06-17T09:53:50.227+0800][6.476s][info][gc             ] GC(154) Concurrent Preclean 0.141ms
[2026-06-17T09:53:50.228+0800][6.476s][info][gc,cpu         ] GC(154) User=0.00s Sys=0.00s Real=0.00s
[2026-06-17T09:53:50.228+0800][6.476s][info][gc             ] GC(154) Concurrent Abortable Preclean
[2026-06-17T09:53:50.268+0800][6.516s][info][gc,start       ] GC(155) Pause Young (Allocation Failure)
[2026-06-17T09:53:50.268+0800][6.516s][info][gc,task        ] GC(155) Using 2 workers of 18 for evacuation
[2026-06-17T09:53:50.269+0800][6.517s][info][gc,promotion   ] Promotion failed
[2026-06-17T09:53:50.269+0800][6.518s][info][gc,start       ] GC(156) Pause Full (Allocation Failure)
[2026-06-17T09:53:50.270+0800][6.518s][info][gc             ] GC(154) Concurrent Abortable Preclean 41.882ms
[2026-06-17T09:53:50.270+0800][6.518s][info][gc,cpu         ] GC(154) User=0.01s Sys=0.00s Real=0.04s
[2026-06-17T09:53:50.270+0800][6.518s][info][gc,phases,start] GC(156) Phase 1: Mark live objects
[2026-06-17T09:53:50.271+0800][6.519s][info][gc,phases      ] GC(156) Phase 1: Mark live objects 0.711ms
[2026-06-17T09:53:50.271+0800][6.519s][info][gc,phases,start] GC(156) Phase 2: Compute new object addresses
[2026-06-17T09:53:50.272+0800][6.520s][info][gc,phases      ] GC(156) Phase 2: Compute new object addresses 0.714ms
[2026-06-17T09:53:50.272+0800][6.520s][info][gc,phases,start] GC(156) Phase 3: Adjust pointers
[2026-06-17T09:53:50.272+0800][6.520s][info][gc,phases      ] GC(156) Phase 3: Adjust pointers 0.450ms
[2026-06-17T09:53:50.273+0800][6.521s][info][gc,phases,start] GC(156) Phase 4: Move objects
[2026-06-17T09:53:50.275+0800][6.523s][info][gc,phases      ] GC(156) Phase 4: Move objects 2.571ms
[2026-06-17T09:53:50.276+0800][6.524s][info][gc             ] GC(156) Pause Full (Allocation Failure) 61M->31M(61M) 6.134ms
[2026-06-17T09:53:50.276+0800][6.524s][info][gc,heap        ] GC(155) ParNew: 19640K->0K(19648K)
[2026-06-17T09:53:50.276+0800][6.524s][info][gc,heap        ] GC(155) CMS: 37219K->31805K(43712K)
[2026-06-17T09:53:50.276+0800][6.524s][info][gc,metaspace   ] GC(155) Metaspace: 3156K(4864K)->3156K(4864K) NonClass: 2851K(4352K)->2851K(4352K) Class: 305K(512K)->305K(512K)
[2026-06-17T09:53:50.276+0800][6.524s][info][gc             ] GC(155) Pause Young (Allocation Failure) 55M->31M(61M) 8.342ms
[2026-06-17T09:53:50.276+0800][6.524s][info][gc,cpu         ] GC(155) User=0.01s Sys=0.00s Real=0.01s
[2026-06-17T09:53:50.318+0800][6.566s][info][gc,start       ] GC(157) Pause Young (Allocation Failure)
[2026-06-17T09:53:50.319+0800][6.567s][info][gc,task        ] GC(157) Using 2 workers of 18 for evacuation
[2026-06-17T09:53:50.320+0800][6.568s][info][gc,heap        ] GC(157) ParNew: 17448K->2173K(19648K)
[2026-06-17T09:53:50.320+0800][6.568s][info][gc,heap        ] GC(157) CMS: 31805K->36566K(43712K)
[2026-06-17T09:53:50.320+0800][6.569s][info][gc,metaspace   ] GC(157) Metaspace: 3156K(4864K)->3156K(4864K) NonClass: 2851K(4352K)->2851K(4352K) Class: 305K(512K)->305K(512K)
[2026-06-17T09:53:50.321+0800][6.569s][info][gc             ] GC(157) Pause Young (Allocation Failure) 48M->37M(61M) 2.388ms
[2026-06-17T09:53:50.321+0800][6.569s][info][gc,cpu         ] GC(157) User=0.00s Sys=0.00s Real=0.00s
[2026-06-17T09:53:50.321+0800][6.569s][info][gc,start       ] GC(158) Pause Initial Mark
[2026-06-17T09:53:50.321+0800][6.570s][info][gc             ] GC(158) Pause Initial Mark 38M->38M(61M) 0.250ms
[2026-06-17T09:53:50.322+0800][6.570s][info][gc,cpu         ] GC(158) User=0.00s Sys=0.00s Real=0.00s
[2026-06-17T09:53:50.322+0800][6.570s][info][gc             ] GC(158) Concurrent Mark
[2026-06-17T09:53:50.322+0800][6.570s][info][gc,task        ] GC(158) Using 2 workers of 5 for marking
[2026-06-17T09:53:50.323+0800][6.571s][info][gc             ] GC(158) Concurrent Mark 0.859ms
[2026-06-17T09:53:50.323+0800][6.571s][info][gc,cpu         ] GC(158) User=0.00s Sys=0.00s Real=0.01s
[2026-06-17T09:53:50.323+0800][6.571s][info][gc             ] GC(158) Concurrent Preclean
[2026-06-17T09:53:50.323+0800][6.571s][info][gc             ] GC(158) Concurrent Preclean 0.159ms
[2026-06-17T09:53:50.323+0800][6.571s][info][gc,cpu         ] GC(158) User=0.00s Sys=0.00s Real=0.00s
[2026-06-17T09:53:50.323+0800][6.572s][info][gc,start       ] GC(158) Pause Remark
[2026-06-17T09:53:50.324+0800][6.572s][info][gc             ] GC(158) Pause Remark 38M->38M(61M) 0.413ms
[2026-06-17T09:53:50.324+0800][6.572s][info][gc,cpu         ] GC(158) User=0.00s Sys=0.00s Real=0.00s
[2026-06-17T09:53:50.324+0800][6.572s][info][gc             ] GC(158) Concurrent Sweep
[2026-06-17T09:53:50.324+0800][6.572s][info][gc             ] GC(158) Concurrent Sweep 0.190ms
[2026-06-17T09:53:50.324+0800][6.572s][info][gc,cpu         ] GC(158) User=0.01s Sys=0.00s Real=0.00s
[2026-06-17T09:53:50.324+0800][6.573s][info][gc             ] GC(158) Concurrent Reset
[2026-06-17T09:53:50.324+0800][6.573s][info][gc             ] GC(158) Concurrent Reset 0.109ms
[2026-06-17T09:53:50.325+0800][6.573s][info][gc,cpu         ] GC(158) User=0.00s Sys=0.00s Real=0.00s
[2026-06-17T09:53:50.325+0800][6.573s][info][gc,heap        ] GC(158) Old: 36566K->25304K(43712K)
[2026-06-17T09:53:50.363+0800][6.611s][info][gc,start       ] GC(159) Pause Young (Allocation Failure)
[2026-06-17T09:53:50.363+0800][6.612s][info][gc,task        ] GC(159) Using 2 workers of 18 for evacuation
[2026-06-17T09:53:50.365+0800][6.613s][info][gc,heap        ] GC(159) ParNew: 19639K->2105K(19648K)
[2026-06-17T09:53:50.365+0800][6.613s][info][gc,heap        ] GC(159) CMS: 25304K->27313K(43712K)
[2026-06-17T09:53:50.366+0800][6.614s][info][gc,metaspace   ] GC(159) Metaspace: 3156K(4864K)->3156K(4864K) NonClass: 2851K(4352K)->2851K(4352K) Class: 305K(512K)->305K(512K)
[2026-06-17T09:53:50.367+0800][6.615s][info][gc             ] GC(159) Pause Young (Allocation Failure) 43M->28M(61M) 3.630ms
[2026-06-17T09:53:50.367+0800][6.615s][info][gc,cpu         ] GC(159) User=0.00s Sys=0.00s Real=0.00s
[2026-06-17T09:53:50.420+0800][6.668s][info][gc,start       ] GC(160) Pause Young (Allocation Failure)
[2026-06-17T09:53:50.421+0800][6.669s][info][gc,task        ] GC(160) Using 2 workers of 18 for evacuation
[2026-06-17T09:53:50.422+0800][6.670s][info][gc,heap        ] GC(160) ParNew: 19577K->2173K(19648K)
[2026-06-17T09:53:50.422+0800][6.670s][info][gc,heap        ] GC(160) CMS: 27313K->30518K(43712K)
[2026-06-17T09:53:50.423+0800][6.671s][info][gc,metaspace   ] GC(160) Metaspace: 3156K(4864K)->3156K(4864K) NonClass: 2851K(4352K)->2851K(4352K) Class: 305K(512K)->305K(512K)
[2026-06-17T09:53:50.423+0800][6.671s][info][gc             ] GC(160) Pause Young (Allocation Failure) 45M->31M(61M) 3.091ms
[2026-06-17T09:53:50.423+0800][6.672s][info][gc,cpu         ] GC(160) User=0.00s Sys=0.00s Real=0.01s
[2026-06-17T09:53:50.466+0800][6.714s][info][gc,start       ] GC(161) Pause Young (Allocation Failure)
[2026-06-17T09:53:50.467+0800][6.715s][info][gc,task        ] GC(161) Using 2 workers of 18 for evacuation
[2026-06-17T09:53:50.468+0800][6.716s][info][gc,heap        ] GC(161) ParNew: 19614K->2173K(19648K)
[2026-06-17T09:53:50.468+0800][6.716s][info][gc,heap        ] GC(161) CMS: 30518K->33707K(43712K)
[2026-06-17T09:53:50.468+0800][6.716s][info][gc,metaspace   ] GC(161) Metaspace: 3156K(4864K)->3156K(4864K) NonClass: 2851K(4352K)->2851K(4352K) Class: 305K(512K)->305K(512K)
[2026-06-17T09:53:50.468+0800][6.716s][info][gc             ] GC(161) Pause Young (Allocation Failure) 48M->35M(61M) 2.086ms
[2026-06-17T09:53:50.468+0800][6.716s][info][gc,cpu         ] GC(161) User=0.00s Sys=0.00s Real=0.00s
[2026-06-17T09:53:50.510+0800][6.759s][info][gc,start       ] GC(162) Pause Young (Allocation Failure)
[2026-06-17T09:53:50.511+0800][6.759s][info][gc,task        ] GC(162) Using 2 workers of 18 for evacuation
[2026-06-17T09:53:50.512+0800][6.760s][info][gc,heap        ] GC(162) ParNew: 19645K->2174K(19648K)
[2026-06-17T09:53:50.512+0800][6.760s][info][gc,heap        ] GC(162) CMS: 33707K->38172K(43712K)
[2026-06-17T09:53:50.512+0800][6.760s][info][gc,metaspace   ] GC(162) Metaspace: 3156K(4864K)->3156K(4864K) NonClass: 2851K(4352K)->2851K(4352K) Class: 305K(512K)->305K(512K)
[2026-06-17T09:53:50.512+0800][6.760s][info][gc             ] GC(162) Pause Young (Allocation Failure) 52M->39M(61M) 1.899ms
[2026-06-17T09:53:50.512+0800][6.761s][info][gc,cpu         ] GC(162) User=0.00s Sys=0.00s Real=0.01s
[2026-06-17T09:53:50.513+0800][6.761s][info][gc,start       ] GC(163) Pause Initial Mark
[2026-06-17T09:53:50.513+0800][6.761s][info][gc             ] GC(163) Pause Initial Mark 39M->39M(61M) 0.216ms
[2026-06-17T09:53:50.513+0800][6.761s][info][gc,cpu         ] GC(163) User=0.00s Sys=0.00s Real=0.00s
[2026-06-17T09:53:50.513+0800][6.761s][info][gc             ] GC(163) Concurrent Mark
[2026-06-17T09:53:50.513+0800][6.761s][info][gc,task        ] GC(163) Using 2 workers of 5 for marking
[2026-06-17T09:53:50.514+0800][6.762s][info][gc             ] GC(163) Concurrent Mark 0.797ms
[2026-06-17T09:53:50.514+0800][6.762s][info][gc,cpu         ] GC(163) User=0.00s Sys=0.00s Real=0.00s
[2026-06-17T09:53:50.514+0800][6.762s][info][gc             ] GC(163) Concurrent Preclean
[2026-06-17T09:53:50.514+0800][6.762s][info][gc             ] GC(163) Concurrent Preclean 0.135ms
[2026-06-17T09:53:50.515+0800][6.763s][info][gc,cpu         ] GC(163) User=0.00s Sys=0.00s Real=0.00s
[2026-06-17T09:53:50.515+0800][6.763s][info][gc             ] GC(163) Concurrent Abortable Preclean
[2026-06-17T09:53:50.555+0800][6.803s][info][gc,start       ] GC(164) Pause Young (Allocation Failure)
[2026-06-17T09:53:50.555+0800][6.803s][info][gc,task        ] GC(164) Using 2 workers of 18 for evacuation
[2026-06-17T09:53:50.556+0800][6.804s][info][gc,heap        ] GC(164) ParNew: 19646K->2168K(19648K)
[2026-06-17T09:53:50.557+0800][6.805s][info][gc,heap        ] GC(164) CMS: 38172K->41739K(43712K)
[2026-06-17T09:53:50.557+0800][6.805s][info][gc,metaspace   ] GC(164) Metaspace: 3156K(4864K)->3156K(4864K) NonClass: 2851K(4352K)->2851K(4352K) Class: 305K(512K)->305K(512K)
[2026-06-17T09:53:50.557+0800][6.805s][info][gc             ] GC(164) Pause Young (Allocation Failure) 56M->42M(61M) 2.430ms
[2026-06-17T09:53:50.558+0800][6.806s][info][gc,cpu         ] GC(164) User=0.00s Sys=0.00s Real=0.00s
[2026-06-17T09:53:50.558+0800][6.806s][info][gc             ] GC(163) Concurrent Abortable Preclean 43.167ms
[2026-06-17T09:53:50.558+0800][6.806s][info][gc,cpu         ] GC(163) User=0.00s Sys=0.00s Real=0.04s
[2026-06-17T09:53:50.558+0800][6.807s][info][gc,start       ] GC(163) Pause Remark
[2026-06-17T09:53:50.559+0800][6.807s][info][gc             ] GC(163) Pause Remark 43M->43M(61M) 0.698ms
[2026-06-17T09:53:50.559+0800][6.808s][info][gc,cpu         ] GC(163) User=0.00s Sys=0.00s Real=0.00s
[2026-06-17T09:53:50.560+0800][6.808s][info][gc             ] GC(163) Concurrent Sweep
[2026-06-17T09:53:50.560+0800][6.808s][info][gc             ] GC(163) Concurrent Sweep 0.395ms
[2026-06-17T09:53:50.560+0800][6.808s][info][gc,cpu         ] GC(163) User=0.00s Sys=0.00s Real=0.00s
[2026-06-17T09:53:50.561+0800][6.809s][info][gc             ] GC(163) Concurrent Reset
[2026-06-17T09:53:50.561+0800][6.809s][info][gc             ] GC(163) Concurrent Reset 0.296ms
[2026-06-17T09:53:50.561+0800][6.809s][info][gc,cpu         ] GC(163) User=0.00s Sys=0.00s Real=0.00s
[2026-06-17T09:53:50.561+0800][6.809s][info][gc,heap        ] GC(163) Old: 38172K->27842K(43712K)
[2026-06-17T09:53:50.600+0800][6.848s][info][gc,start       ] GC(165) Pause Young (Allocation Failure)
[2026-06-17T09:53:50.600+0800][6.848s][info][gc,task        ] GC(165) Using 2 workers of 18 for evacuation
[2026-06-17T09:53:50.601+0800][6.849s][info][gc,heap        ] GC(165) ParNew: 19287K->2034K(19648K)
[2026-06-17T09:53:50.601+0800][6.849s][info][gc,heap        ] GC(165) CMS: 27842K->29626K(43712K)
[2026-06-17T09:53:50.602+0800][6.850s][info][gc,metaspace   ] GC(165) Metaspace: 3156K(4864K)->3156K(4864K) NonClass: 2851K(4352K)->2851K(4352K) Class: 305K(512K)->305K(512K)
[2026-06-17T09:53:50.602+0800][6.850s][info][gc             ] GC(165) Pause Young (Allocation Failure) 46M->30M(61M) 2.273ms
[2026-06-17T09:53:50.602+0800][6.850s][info][gc,cpu         ] GC(165) User=0.00s Sys=0.00s Real=0.00s
[2026-06-17T09:53:50.644+0800][6.892s][info][gc,start       ] GC(166) Pause Young (Allocation Failure)
[2026-06-17T09:53:50.645+0800][6.893s][info][gc,task        ] GC(166) Using 2 workers of 18 for evacuation
[2026-06-17T09:53:50.648+0800][6.896s][info][gc,heap        ] GC(166) ParNew: 19489K->2174K(19648K)
[2026-06-17T09:53:50.649+0800][6.897s][info][gc,heap        ] GC(166) CMS: 29626K->36584K(43712K)
[2026-06-17T09:53:50.649+0800][6.897s][info][gc,metaspace   ] GC(166) Metaspace: 3156K(4864K)->3156K(4864K) NonClass: 2851K(4352K)->2851K(4352K) Class: 305K(512K)->305K(512K)
[2026-06-17T09:53:50.649+0800][6.897s][info][gc             ] GC(166) Pause Young (Allocation Failure) 47M->37M(61M) 4.986ms
[2026-06-17T09:53:50.649+0800][6.897s][info][gc,cpu         ] GC(166) User=0.01s Sys=0.00s Real=0.00s
[2026-06-17T09:53:50.650+0800][6.898s][info][gc,start       ] GC(167) Pause Initial Mark
[2026-06-17T09:53:50.650+0800][6.898s][info][gc             ] GC(167) Pause Initial Mark 38M->38M(61M) 0.336ms
[2026-06-17T09:53:50.650+0800][6.898s][info][gc,cpu         ] GC(167) User=0.00s Sys=0.00s Real=0.00s
[2026-06-17T09:53:50.650+0800][6.898s][info][gc             ] GC(167) Concurrent Mark
[2026-06-17T09:53:50.650+0800][6.899s][info][gc,task        ] GC(167) Using 2 workers of 5 for marking
[2026-06-17T09:53:50.651+0800][6.899s][info][gc             ] GC(167) Concurrent Mark 0.784ms
[2026-06-17T09:53:50.651+0800][6.899s][info][gc,cpu         ] GC(167) User=0.00s Sys=0.00s Real=0.01s
[2026-06-17T09:53:50.651+0800][6.900s][info][gc             ] GC(167) Concurrent Preclean
[2026-06-17T09:53:50.652+0800][6.900s][info][gc             ] GC(167) Concurrent Preclean 0.136ms
[2026-06-17T09:53:50.652+0800][6.900s][info][gc,cpu         ] GC(167) User=0.00s Sys=0.00s Real=0.00s
[2026-06-17T09:53:50.652+0800][6.900s][info][gc,start       ] GC(167) Pause Remark
[2026-06-17T09:53:50.652+0800][6.900s][info][gc             ] GC(167) Pause Remark 38M->38M(61M) 0.415ms
[2026-06-17T09:53:50.652+0800][6.901s][info][gc,cpu         ] GC(167) User=0.00s Sys=0.00s Real=0.00s
[2026-06-17T09:53:50.653+0800][6.901s][info][gc             ] GC(167) Concurrent Sweep
[2026-06-17T09:53:50.653+0800][6.901s][info][gc             ] GC(167) Concurrent Sweep 0.205ms
[2026-06-17T09:53:50.653+0800][6.901s][info][gc,cpu         ] GC(167) User=0.00s Sys=0.00s Real=0.00s
[2026-06-17T09:53:50.653+0800][6.901s][info][gc             ] GC(167) Concurrent Reset
[2026-06-17T09:53:50.653+0800][6.901s][info][gc             ] GC(167) Concurrent Reset 0.096ms
[2026-06-17T09:53:50.653+0800][6.901s][info][gc,cpu         ] GC(167) User=0.00s Sys=0.00s Real=0.00s
[2026-06-17T09:53:50.653+0800][6.901s][info][gc,heap        ] GC(167) Old: 36584K->20038K(43712K)
[2026-06-17T09:53:50.702+0800][6.950s][info][gc,start       ] GC(168) Pause Young (Allocation Failure)
[2026-06-17T09:53:50.702+0800][6.950s][info][gc,task        ] GC(168) Using 2 workers of 18 for evacuation
[2026-06-17T09:53:50.703+0800][6.951s][info][gc,heap        ] GC(168) ParNew: 19646K->2168K(19648K)
[2026-06-17T09:53:50.703+0800][6.951s][info][gc,heap        ] GC(168) CMS: 20038K->23426K(43712K)
[2026-06-17T09:53:50.703+0800][6.951s][info][gc,metaspace   ] GC(168) Metaspace: 3156K(4864K)->3156K(4864K) NonClass: 2851K(4352K)->2851K(4352K) Class: 305K(512K)->305K(512K)
[2026-06-17T09:53:50.703+0800][6.951s][info][gc             ] GC(168) Pause Young (Allocation Failure) 38M->24M(61M) 1.750ms
[2026-06-17T09:53:50.703+0800][6.952s][info][gc,cpu         ] GC(168) User=0.00s Sys=0.00s Real=0.01s
[2026-06-17T09:53:50.746+0800][6.994s][info][gc,start       ] GC(169) Pause Young (Allocation Failure)
[2026-06-17T09:53:50.746+0800][6.994s][info][gc,task        ] GC(169) Using 2 workers of 18 for evacuation
[2026-06-17T09:53:50.747+0800][6.995s][info][gc,heap        ] GC(169) ParNew: 19622K->2077K(19648K)
[2026-06-17T09:53:50.747+0800][6.995s][info][gc,heap        ] GC(169) CMS: 23426K->27310K(43712K)
[2026-06-17T09:53:50.747+0800][6.996s][info][gc,metaspace   ] GC(169) Metaspace: 3156K(4864K)->3156K(4864K) NonClass: 2851K(4352K)->2851K(4352K) Class: 305K(512K)->305K(512K)
[2026-06-17T09:53:50.748+0800][6.996s][info][gc             ] GC(169) Pause Young (Allocation Failure) 42M->28M(61M) 1.876ms
[2026-06-17T09:53:50.748+0800][6.996s][info][gc,cpu         ] GC(169) User=0.00s Sys=0.00s Real=0.00s
[2026-06-17T09:53:50.790+0800][7.038s][info][gc,start       ] GC(170) Pause Young (Allocation Failure)
[2026-06-17T09:53:50.790+0800][7.038s][info][gc,task        ] GC(170) Using 2 workers of 18 for evacuation
[2026-06-17T09:53:50.791+0800][7.039s][info][gc,heap        ] GC(170) ParNew: 19505K->2175K(19648K)
[2026-06-17T09:53:50.791+0800][7.039s][info][gc,heap        ] GC(170) CMS: 27310K->31014K(43712K)
[2026-06-17T09:53:50.791+0800][7.039s][info][gc,metaspace   ] GC(170) Metaspace: 3156K(4864K)->3156K(4864K) NonClass: 2851K(4352K)->2851K(4352K) Class: 305K(512K)->305K(512K)
[2026-06-17T09:53:50.791+0800][7.040s][info][gc             ] GC(170) Pause Young (Allocation Failure) 45M->32M(61M) 1.710ms
[2026-06-17T09:53:50.791+0800][7.040s][info][gc,cpu         ] GC(170) User=0.01s Sys=0.00s Real=0.01s
[2026-06-17T09:53:50.833+0800][7.082s][info][gc,start       ] GC(171) Pause Young (Allocation Failure)
[2026-06-17T09:53:50.834+0800][7.082s][info][gc,task        ] GC(171) Using 2 workers of 18 for evacuation
[2026-06-17T09:53:50.835+0800][7.083s][info][gc,heap        ] GC(171) ParNew: 19628K->2168K(19648K)
[2026-06-17T09:53:50.835+0800][7.083s][info][gc,heap        ] GC(171) CMS: 31014K->36146K(43712K)
[2026-06-17T09:53:50.835+0800][7.084s][info][gc,metaspace   ] GC(171) Metaspace: 3156K(4864K)->3156K(4864K) NonClass: 2851K(4352K)->2851K(4352K) Class: 305K(512K)->305K(512K)
[2026-06-17T09:53:50.836+0800][7.084s][info][gc             ] GC(171) Pause Young (Allocation Failure) 49M->37M(61M) 2.236ms
[2026-06-17T09:53:50.836+0800][7.084s][info][gc,cpu         ] GC(171) User=0.00s Sys=0.00s Real=0.00s
[2026-06-17T09:53:50.836+0800][7.084s][info][gc,start       ] GC(172) Pause Initial Mark
[2026-06-17T09:53:50.836+0800][7.085s][info][gc             ] GC(172) Pause Initial Mark 37M->37M(61M) 0.307ms
[2026-06-17T09:53:50.837+0800][7.085s][info][gc,cpu         ] GC(172) User=0.00s Sys=0.00s Real=0.00s
[2026-06-17T09:53:50.837+0800][7.085s][info][gc             ] GC(172) Concurrent Mark
[2026-06-17T09:53:50.837+0800][7.085s][info][gc,task        ] GC(172) Using 2 workers of 5 for marking
[2026-06-17T09:53:50.838+0800][7.086s][info][gc             ] GC(172) Concurrent Mark 0.738ms
[2026-06-17T09:53:50.838+0800][7.086s][info][gc,cpu         ] GC(172) User=0.00s Sys=0.00s Real=0.00s
[2026-06-17T09:53:50.838+0800][7.086s][info][gc             ] GC(172) Concurrent Preclean
[2026-06-17T09:53:50.838+0800][7.086s][info][gc             ] GC(172) Concurrent Preclean 0.148ms
[2026-06-17T09:53:50.838+0800][7.086s][info][gc,cpu         ] GC(172) User=0.00s Sys=0.00s Real=0.00s
[2026-06-17T09:53:50.838+0800][7.086s][info][gc             ] GC(172) Concurrent Abortable Preclean
[2026-06-17T09:53:50.879+0800][7.127s][info][gc,start       ] GC(173) Pause Young (Allocation Failure)
[2026-06-17T09:53:50.881+0800][7.129s][info][gc,task        ] GC(173) Using 2 workers of 18 for evacuation
[2026-06-17T09:53:50.944+0800][7.193s][info][gc,heap        ] GC(173) ParNew: 19640K->2172K(19648K)
[2026-06-17T09:53:50.987+0800][7.236s][info][gc,heap        ] GC(173) CMS: 36146K->41813K(43712K)
[2026-06-17T09:53:50.988+0800][7.236s][info][gc,metaspace   ] GC(173) Metaspace: 3156K(4864K)->3156K(4864K) NonClass: 2851K(4352K)->2851K(4352K) Class: 305K(512K)->305K(512K)
[2026-06-17T09:53:50.988+0800][7.236s][info][gc             ] GC(173) Pause Young (Allocation Failure) 54M->42M(61M) 109.036ms
[2026-06-17T09:53:50.989+0800][7.237s][info][gc,cpu         ] GC(173) User=0.00s Sys=0.00s Real=0.11s
[2026-06-17T09:53:51.041+0800][7.289s][info][gc,start       ] GC(174) Pause Young (Allocation Failure)
[2026-06-17T09:53:51.044+0800][7.292s][info][gc,task        ] GC(174) Using 2 workers of 18 for evacuation
[2026-06-17T09:53:51.048+0800][7.296s][info][gc,start       ] GC(175) Pause Full (Allocation Failure)
[2026-06-17T09:53:51.048+0800][7.296s][info][gc             ] GC(172) Concurrent Abortable Preclean 209.790ms
[2026-06-17T09:53:51.049+0800][7.298s][info][gc,cpu         ] GC(172) User=0.01s Sys=0.00s Real=0.21s
[2026-06-17T09:53:51.050+0800][7.299s][info][gc,phases,start] GC(175) Phase 1: Mark live objects
[2026-06-17T09:53:51.052+0800][7.300s][info][gc,phases      ] GC(175) Phase 1: Mark live objects 1.415ms
[2026-06-17T09:53:51.053+0800][7.302s][info][gc,phases,start] GC(175) Phase 2: Compute new object addresses
[2026-06-17T09:53:51.055+0800][7.303s][info][gc,phases      ] GC(175) Phase 2: Compute new object addresses 1.877ms
[2026-06-17T09:53:51.059+0800][7.307s][info][gc,phases,start] GC(175) Phase 3: Adjust pointers
[2026-06-17T09:53:51.059+0800][7.308s][info][gc,phases      ] GC(175) Phase 3: Adjust pointers 0.853ms
[2026-06-17T09:53:51.060+0800][7.308s][info][gc,phases,start] GC(175) Phase 4: Move objects
[2026-06-17T09:53:51.063+0800][7.311s][info][gc,phases      ] GC(175) Phase 4: Move objects 3.334ms
[2026-06-17T09:53:51.065+0800][7.313s][info][gc             ] GC(175) Pause Full (Allocation Failure) 60M->26M(61M) 17.413ms
[2026-06-17T09:53:51.066+0800][7.314s][info][gc,heap        ] GC(174) ParNew: 19644K->0K(19648K)
[2026-06-17T09:53:51.067+0800][7.315s][info][gc,heap        ] GC(174) CMS: 41813K->27605K(43712K)
[2026-06-17T09:53:51.069+0800][7.317s][info][gc,metaspace   ] GC(174) Metaspace: 3156K(4864K)->3156K(4864K) NonClass: 2851K(4352K)->2851K(4352K) Class: 305K(512K)->305K(512K)
[2026-06-17T09:53:51.073+0800][7.321s][info][gc             ] GC(174) Pause Young (Allocation Failure) 60M->26M(61M) 31.499ms
[2026-06-17T09:53:51.074+0800][7.322s][info][gc,cpu         ] GC(174) User=0.00s Sys=0.00s Real=0.04s
[2026-06-17T09:53:51.116+0800][7.364s][info][gc,start       ] GC(176) Pause Young (Allocation Failure)
[2026-06-17T09:53:51.118+0800][7.366s][info][gc,task        ] GC(176) Using 2 workers of 18 for evacuation
[2026-06-17T09:53:51.120+0800][7.369s][info][gc,heap        ] GC(176) ParNew: 17472K->2174K(19648K)
[2026-06-17T09:53:51.121+0800][7.369s][info][gc,heap        ] GC(176) CMS: 27605K->32528K(43712K)
[2026-06-17T09:53:51.122+0800][7.370s][info][gc,metaspace   ] GC(176) Metaspace: 3156K(4864K)->3156K(4864K) NonClass: 2851K(4352K)->2851K(4352K) Class: 305K(512K)->305K(512K)
[2026-06-17T09:53:51.122+0800][7.370s][info][gc             ] GC(176) Pause Young (Allocation Failure) 44M->33M(61M) 5.621ms
[2026-06-17T09:53:51.122+0800][7.370s][info][gc,cpu         ] GC(176) User=0.00s Sys=0.00s Real=0.00s
[2026-06-17T09:53:51.123+0800][7.371s][info][gc,start       ] GC(177) Pause Initial Mark
[2026-06-17T09:53:51.123+0800][7.371s][info][gc             ] GC(177) Pause Initial Mark 35M->35M(61M) 0.295ms
[2026-06-17T09:53:51.123+0800][7.371s][info][gc,cpu         ] GC(177) User=0.00s Sys=0.00s Real=0.00s
[2026-06-17T09:53:51.123+0800][7.371s][info][gc             ] GC(177) Concurrent Mark
[2026-06-17T09:53:51.123+0800][7.371s][info][gc,task        ] GC(177) Using 2 workers of 5 for marking
[2026-06-17T09:53:51.124+0800][7.372s][info][gc             ] GC(177) Concurrent Mark 1.131ms
[2026-06-17T09:53:51.124+0800][7.373s][info][gc,cpu         ] GC(177) User=0.00s Sys=0.00s Real=0.00s
[2026-06-17T09:53:51.125+0800][7.373s][info][gc             ] GC(177) Concurrent Preclean
[2026-06-17T09:53:51.125+0800][7.373s][info][gc             ] GC(177) Concurrent Preclean 0.180ms
[2026-06-17T09:53:51.125+0800][7.373s][info][gc,cpu         ] GC(177) User=0.00s Sys=0.00s Real=0.00s
[2026-06-17T09:53:51.125+0800][7.373s][info][gc             ] GC(177) Concurrent Abortable Preclean
[2026-06-17T09:53:51.165+0800][7.413s][info][gc,start       ] GC(178) Pause Young (Allocation Failure)
[2026-06-17T09:53:51.168+0800][7.416s][info][gc,task        ] GC(178) Using 2 workers of 18 for evacuation
[2026-06-17T09:53:51.172+0800][7.420s][info][gc,heap        ] GC(178) ParNew: 19642K->2174K(19648K)
[2026-06-17T09:53:51.174+0800][7.423s][info][gc,heap        ] GC(178) CMS: 32528K->36477K(43712K)
[2026-06-17T09:53:51.175+0800][7.423s][info][gc,metaspace   ] GC(178) Metaspace: 3156K(4864K)->3156K(4864K) NonClass: 2851K(4352K)->2851K(4352K) Class: 305K(512K)->305K(512K)
[2026-06-17T09:53:51.175+0800][7.423s][info][gc             ] GC(178) Pause Young (Allocation Failure) 50M->37M(61M) 9.631ms
[2026-06-17T09:53:51.175+0800][7.423s][info][gc,cpu         ] GC(178) User=0.00s Sys=0.00s Real=0.01s
[2026-06-17T09:53:51.217+0800][7.465s][info][gc,start       ] GC(179) Pause Young (Allocation Failure)
[2026-06-17T09:53:51.218+0800][7.466s][info][gc,task        ] GC(179) Using 2 workers of 18 for evacuation
[2026-06-17T09:53:51.219+0800][7.467s][info][gc,heap        ] GC(179) ParNew: 19631K->2168K(19648K)
[2026-06-17T09:53:51.219+0800][7.467s][info][gc,heap        ] GC(179) CMS: 36477K->40872K(43712K)
[2026-06-17T09:53:51.219+0800][7.467s][info][gc,metaspace   ] GC(179) Metaspace: 3156K(4864K)->3156K(4864K) NonClass: 2851K(4352K)->2851K(4352K) Class: 305K(512K)->305K(512K)
[2026-06-17T09:53:51.219+0800][7.467s][info][gc             ] GC(179) Pause Young (Allocation Failure) 54M->42M(61M) 1.941ms
[2026-06-17T09:53:51.219+0800][7.467s][info][gc,cpu         ] GC(179) User=0.00s Sys=0.00s Real=0.00s
[2026-06-17T09:53:51.261+0800][7.510s][info][gc,start       ] GC(180) Pause Young (Allocation Failure)
[2026-06-17T09:53:51.262+0800][7.510s][info][gc,task        ] GC(180) Using 2 workers of 18 for evacuation
[2026-06-17T09:53:51.262+0800][7.511s][info][gc,start       ] GC(181) Pause Full (Allocation Failure)
[2026-06-17T09:53:51.263+0800][7.511s][info][gc             ] GC(177) Concurrent Abortable Preclean 137.758ms
[2026-06-17T09:53:51.263+0800][7.512s][info][gc,cpu         ] GC(177) User=0.01s Sys=0.00s Real=0.14s
[2026-06-17T09:53:51.264+0800][7.512s][info][gc,phases,start] GC(181) Phase 1: Mark live objects
[2026-06-17T09:53:51.265+0800][7.513s][info][gc,phases      ] GC(181) Phase 1: Mark live objects 1.051ms
[2026-06-17T09:53:51.266+0800][7.514s][info][gc,phases,start] GC(181) Phase 2: Compute new object addresses
[2026-06-17T09:53:51.267+0800][7.515s][info][gc,phases      ] GC(181) Phase 2: Compute new object addresses 0.781ms
[2026-06-17T09:53:51.267+0800][7.515s][info][gc,phases,start] GC(181) Phase 3: Adjust pointers
[2026-06-17T09:53:51.268+0800][7.516s][info][gc,phases      ] GC(181) Phase 3: Adjust pointers 0.808ms
[2026-06-17T09:53:51.268+0800][7.516s][info][gc,phases,start] GC(181) Phase 4: Move objects
[2026-06-17T09:53:51.271+0800][7.519s][info][gc,phases      ] GC(181) Phase 4: Move objects 3.063ms
[2026-06-17T09:53:51.272+0800][7.520s][info][gc             ] GC(181) Pause Full (Allocation Failure) 59M->31M(61M) 9.524ms
[2026-06-17T09:53:51.273+0800][7.521s][info][gc,heap        ] GC(180) ParNew: 19640K->0K(19648K)
[2026-06-17T09:53:51.273+0800][7.521s][info][gc,heap        ] GC(180) CMS: 40872K->31835K(43712K)
[2026-06-17T09:53:51.274+0800][7.522s][info][gc,metaspace   ] GC(180) Metaspace: 3156K(4864K)->3156K(4864K) NonClass: 2851K(4352K)->2851K(4352K) Class: 305K(512K)->305K(512K)
[2026-06-17T09:53:51.274+0800][7.522s][info][gc             ] GC(180) Pause Young (Allocation Failure) 59M->31M(61M) 12.725ms
[2026-06-17T09:53:51.274+0800][7.523s][info][gc,cpu         ] GC(180) User=0.00s Sys=0.00s Real=0.02s
[2026-06-17T09:53:51.327+0800][7.575s][info][gc,start       ] GC(182) Pause Young (Allocation Failure)
[2026-06-17T09:53:51.328+0800][7.576s][info][gc,task        ] GC(182) Using 2 workers of 18 for evacuation
[2026-06-17T09:53:51.329+0800][7.577s][info][gc,heap        ] GC(182) ParNew: 17463K->2165K(19648K)
[2026-06-17T09:53:51.329+0800][7.577s][info][gc,heap        ] GC(182) CMS: 31835K->33329K(43712K)
[2026-06-17T09:53:51.329+0800][7.577s][info][gc,metaspace   ] GC(182) Metaspace: 3156K(4864K)->3156K(4864K) NonClass: 2851K(4352K)->2851K(4352K) Class: 305K(512K)->305K(512K)
[2026-06-17T09:53:51.329+0800][7.578s][info][gc             ] GC(182) Pause Young (Allocation Failure) 48M->34M(61M) 2.244ms
[2026-06-17T09:53:51.330+0800][7.578s][info][gc,cpu         ] GC(182) User=0.00s Sys=0.00s Real=0.00s
[2026-06-17T09:53:51.362+0800][7.610s][info][gc,start       ] GC(183) Pause Young (Allocation Failure)
[2026-06-17T09:53:51.362+0800][7.610s][info][gc,task        ] GC(183) Using 2 workers of 18 for evacuation
[2026-06-17T09:53:51.363+0800][7.611s][info][gc,heap        ] GC(183) ParNew: 19392K->2043K(19648K)
[2026-06-17T09:53:51.363+0800][7.611s][info][gc,heap        ] GC(183) CMS: 33329K->36931K(43712K)
[2026-06-17T09:53:51.363+0800][7.611s][info][gc,metaspace   ] GC(183) Metaspace: 3156K(4864K)->3156K(4864K) NonClass: 2851K(4352K)->2851K(4352K) Class: 305K(512K)->305K(512K)
[2026-06-17T09:53:51.363+0800][7.611s][info][gc             ] GC(183) Pause Young (Allocation Failure) 51M->38M(61M) 1.685ms
[2026-06-17T09:53:51.363+0800][7.612s][info][gc,cpu         ] GC(183) User=0.01s Sys=0.00s Real=0.01s
[2026-06-17T09:53:51.364+0800][7.612s][info][gc,start       ] GC(184) Pause Initial Mark
[2026-06-17T09:53:51.364+0800][7.612s][info][gc             ] GC(184) Pause Initial Mark 39M->39M(61M) 0.172ms
[2026-06-17T09:53:51.364+0800][7.612s][info][gc,cpu         ] GC(184) User=0.00s Sys=0.00s Real=0.00s
[2026-06-17T09:53:51.364+0800][7.612s][info][gc             ] GC(184) Concurrent Mark
[2026-06-17T09:53:51.364+0800][7.612s][info][gc,task        ] GC(184) Using 2 workers of 5 for marking
[2026-06-17T09:53:51.365+0800][7.613s][info][gc             ] GC(184) Concurrent Mark 0.806ms
[2026-06-17T09:53:51.365+0800][7.613s][info][gc,cpu         ] GC(184) User=0.00s Sys=0.00s Real=0.00s
[2026-06-17T09:53:51.365+0800][7.614s][info][gc             ] GC(184) Concurrent Preclean
[2026-06-17T09:53:51.366+0800][7.614s][info][gc             ] GC(184) Concurrent Preclean 0.189ms
[2026-06-17T09:53:51.366+0800][7.614s][info][gc,cpu         ] GC(184) User=0.00s Sys=0.00s Real=0.00s
[2026-06-17T09:53:51.366+0800][7.614s][info][gc,start       ] GC(184) Pause Remark
[2026-06-17T09:53:51.366+0800][7.615s][info][gc             ] GC(184) Pause Remark 39M->39M(61M) 0.446ms
[2026-06-17T09:53:51.367+0800][7.615s][info][gc,cpu         ] GC(184) User=0.00s Sys=0.00s Real=0.00s
[2026-06-17T09:53:51.367+0800][7.615s][info][gc             ] GC(184) Concurrent Sweep
[2026-06-17T09:53:51.367+0800][7.615s][info][gc             ] GC(184) Concurrent Sweep 0.240ms
[2026-06-17T09:53:51.367+0800][7.615s][info][gc,cpu         ] GC(184) User=0.00s Sys=0.00s Real=0.00s
[2026-06-17T09:53:51.367+0800][7.615s][info][gc             ] GC(184) Concurrent Reset
[2026-06-17T09:53:51.368+0800][7.616s][info][gc             ] GC(184) Concurrent Reset 0.201ms
[2026-06-17T09:53:51.368+0800][7.616s][info][gc,cpu         ] GC(184) User=0.00s Sys=0.00s Real=0.00s
[2026-06-17T09:53:51.368+0800][7.616s][info][gc,heap        ] GC(184) Old: 36931K->23094K(43712K)
[2026-06-17T09:53:51.416+0800][7.664s][info][gc,start       ] GC(185) Pause Young (Allocation Failure)
[2026-06-17T09:53:51.417+0800][7.665s][info][gc,task        ] GC(185) Using 2 workers of 18 for evacuation
[2026-06-17T09:53:51.418+0800][7.666s][info][gc,heap        ] GC(185) ParNew: 19511K->2163K(19648K)
[2026-06-17T09:53:51.419+0800][7.667s][info][gc,heap        ] GC(185) CMS: 23094K->26616K(43712K)
[2026-06-17T09:53:51.419+0800][7.667s][info][gc,metaspace   ] GC(185) Metaspace: 3156K(4864K)->3156K(4864K) NonClass: 2851K(4352K)->2851K(4352K) Class: 305K(512K)->305K(512K)
[2026-06-17T09:53:51.420+0800][7.668s][info][gc             ] GC(185) Pause Young (Allocation Failure) 41M->28M(61M) 3.572ms
[2026-06-17T09:53:51.420+0800][7.668s][info][gc,cpu         ] GC(185) User=0.00s Sys=0.00s Real=0.00s
[2026-06-17T09:53:51.463+0800][7.711s][info][gc,start       ] GC(186) Pause Young (Allocation Failure)
[2026-06-17T09:53:51.464+0800][7.712s][info][gc,task        ] GC(186) Using 2 workers of 18 for evacuation
[2026-06-17T09:53:51.465+0800][7.713s][info][gc,heap        ] GC(186) ParNew: 19613K->2175K(19648K)
[2026-06-17T09:53:51.465+0800][7.714s][info][gc,heap        ] GC(186) CMS: 26616K->30878K(43712K)
[2026-06-17T09:53:51.466+0800][7.714s][info][gc,metaspace   ] GC(186) Metaspace: 3156K(4864K)->3156K(4864K) NonClass: 2851K(4352K)->2851K(4352K) Class: 305K(512K)->305K(512K)
[2026-06-17T09:53:51.466+0800][7.714s][info][gc             ] GC(186) Pause Young (Allocation Failure) 45M->32M(61M) 3.592ms
[2026-06-17T09:53:51.467+0800][7.715s][info][gc,cpu         ] GC(186) User=0.01s Sys=0.00s Real=0.00s
[2026-06-17T09:53:51.509+0800][7.757s][info][gc,start       ] GC(187) Pause Young (Allocation Failure)
[2026-06-17T09:53:51.510+0800][7.758s][info][gc,task        ] GC(187) Using 2 workers of 18 for evacuation
[2026-06-17T09:53:51.511+0800][7.759s][info][gc,heap        ] GC(187) ParNew: 19647K->2174K(19648K)
[2026-06-17T09:53:51.511+0800][7.759s][info][gc,heap        ] GC(187) CMS: 30878K->35962K(43712K)
[2026-06-17T09:53:51.511+0800][7.759s][info][gc,metaspace   ] GC(187) Metaspace: 3156K(4864K)->3156K(4864K) NonClass: 2851K(4352K)->2851K(4352K) Class: 305K(512K)->305K(512K)
[2026-06-17T09:53:51.511+0800][7.759s][info][gc             ] GC(187) Pause Young (Allocation Failure) 49M->37M(61M) 2.043ms
[2026-06-17T09:53:51.512+0800][7.760s][info][gc,cpu         ] GC(187) User=0.00s Sys=0.00s Real=0.01s
[2026-06-17T09:53:51.512+0800][7.760s][info][gc,start       ] GC(188) Pause Initial Mark
[2026-06-17T09:53:51.512+0800][7.760s][info][gc             ] GC(188) Pause Initial Mark 38M->38M(61M) 0.229ms
[2026-06-17T09:53:51.512+0800][7.760s][info][gc,cpu         ] GC(188) User=0.00s Sys=0.00s Real=0.00s
[2026-06-17T09:53:51.512+0800][7.761s][info][gc             ] GC(188) Concurrent Mark
[2026-06-17T09:53:51.513+0800][7.761s][info][gc,task        ] GC(188) Using 2 workers of 5 for marking
[2026-06-17T09:53:51.513+0800][7.761s][info][gc             ] GC(188) Concurrent Mark 0.785ms
[2026-06-17T09:53:51.514+0800][7.762s][info][gc,cpu         ] GC(188) User=0.00s Sys=0.00s Real=0.00s
[2026-06-17T09:53:51.514+0800][7.762s][info][gc             ] GC(188) Concurrent Preclean
[2026-06-17T09:53:51.514+0800][7.762s][info][gc             ] GC(188) Concurrent Preclean 0.177ms
[2026-06-17T09:53:51.514+0800][7.762s][info][gc,cpu         ] GC(188) User=0.00s Sys=0.00s Real=0.00s
[2026-06-17T09:53:51.514+0800][7.762s][info][gc,start       ] GC(188) Pause Remark
[2026-06-17T09:53:51.515+0800][7.763s][info][gc             ] GC(188) Pause Remark 38M->38M(61M) 0.471ms
[2026-06-17T09:53:51.515+0800][7.763s][info][gc,cpu         ] GC(188) User=0.00s Sys=0.00s Real=0.00s
[2026-06-17T09:53:51.515+0800][7.763s][info][gc             ] GC(188) Concurrent Sweep
[2026-06-17T09:53:51.515+0800][7.763s][info][gc             ] GC(188) Concurrent Sweep 0.279ms
[2026-06-17T09:53:51.515+0800][7.764s][info][gc,cpu         ] GC(188) User=0.00s Sys=0.00s Real=0.00s
[2026-06-17T09:53:51.516+0800][7.764s][info][gc             ] GC(188) Concurrent Reset
[2026-06-17T09:53:51.516+0800][7.764s][info][gc             ] GC(188) Concurrent Reset 0.145ms
[2026-06-17T09:53:51.516+0800][7.764s][info][gc,cpu         ] GC(188) User=0.00s Sys=0.00s Real=0.00s
[2026-06-17T09:53:51.516+0800][7.764s][info][gc,heap        ] GC(188) Old: 35962K->24272K(43712K)
[2026-06-17T09:53:51.554+0800][7.802s][info][gc,start       ] GC(189) Pause Young (Allocation Failure)
[2026-06-17T09:53:51.554+0800][7.803s][info][gc,task        ] GC(189) Using 2 workers of 18 for evacuation
[2026-06-17T09:53:51.555+0800][7.804s][info][gc,heap        ] GC(189) ParNew: 19641K->2173K(19648K)
[2026-06-17T09:53:51.556+0800][7.804s][info][gc,heap        ] GC(189) CMS: 24272K->28888K(43712K)
[2026-06-17T09:53:51.556+0800][7.804s][info][gc,metaspace   ] GC(189) Metaspace: 3156K(4864K)->3156K(4864K) NonClass: 2851K(4352K)->2851K(4352K) Class: 305K(512K)->305K(512K)
[2026-06-17T09:53:51.556+0800][7.804s][info][gc             ] GC(189) Pause Young (Allocation Failure) 42M->30M(61M) 1.789ms
[2026-06-17T09:53:51.556+0800][7.804s][info][gc,cpu         ] GC(189) User=0.00s Sys=0.00s Real=0.00s
[2026-06-17T09:53:51.598+0800][7.846s][info][gc,start       ] GC(190) Pause Young (Allocation Failure)
[2026-06-17T09:53:51.598+0800][7.847s][info][gc,task        ] GC(190) Using 2 workers of 18 for evacuation
[2026-06-17T09:53:51.600+0800][7.848s][info][gc,heap        ] GC(190) ParNew: 19635K->2175K(19648K)
[2026-06-17T09:53:51.600+0800][7.848s][info][gc,heap        ] GC(190) CMS: 28888K->34315K(43712K)
[2026-06-17T09:53:51.600+0800][7.848s][info][gc,metaspace   ] GC(190) Metaspace: 3156K(4864K)->3156K(4864K) NonClass: 2851K(4352K)->2851K(4352K) Class: 305K(512K)->305K(512K)
[2026-06-17T09:53:51.600+0800][7.849s][info][gc             ] GC(190) Pause Young (Allocation Failure) 47M->35M(61M) 2.509ms
[2026-06-17T09:53:51.601+0800][7.849s][info][gc,cpu         ] GC(190) User=0.00s Sys=0.00s Real=0.00s
[2026-06-17T09:53:51.601+0800][7.849s][info][gc,start       ] GC(191) Pause Initial Mark
[2026-06-17T09:53:51.602+0800][7.850s][info][gc             ] GC(191) Pause Initial Mark 37M->37M(61M) 0.375ms
[2026-06-17T09:53:51.602+0800][7.850s][info][gc,cpu         ] GC(191) User=0.00s Sys=0.00s Real=0.00s
[2026-06-17T09:53:51.603+0800][7.851s][info][gc             ] GC(191) Concurrent Mark
[2026-06-17T09:53:51.603+0800][7.851s][info][gc,task        ] GC(191) Using 2 workers of 5 for marking
[2026-06-17T09:53:51.604+0800][7.852s][info][gc             ] GC(191) Concurrent Mark 1.012ms
[2026-06-17T09:53:51.604+0800][7.852s][info][gc,cpu         ] GC(191) User=0.00s Sys=0.00s Real=0.00s
[2026-06-17T09:53:51.604+0800][7.852s][info][gc             ] GC(191) Concurrent Preclean
[2026-06-17T09:53:51.604+0800][7.852s][info][gc             ] GC(191) Concurrent Preclean 0.184ms
[2026-06-17T09:53:51.604+0800][7.852s][info][gc,cpu         ] GC(191) User=0.00s Sys=0.00s Real=0.00s
[2026-06-17T09:53:51.604+0800][7.853s][info][gc             ] GC(191) Concurrent Abortable Preclean
[2026-06-17T09:53:51.644+0800][7.892s][info][gc,start       ] GC(192) Pause Young (Allocation Failure)
[2026-06-17T09:53:51.645+0800][7.893s][info][gc,task        ] GC(192) Using 2 workers of 18 for evacuation
[2026-06-17T09:53:51.646+0800][7.894s][info][gc,heap        ] GC(192) ParNew: 19608K->2169K(19648K)
[2026-06-17T09:53:51.646+0800][7.894s][info][gc,heap        ] GC(192) CMS: 34315K->39746K(43712K)
[2026-06-17T09:53:51.646+0800][7.894s][info][gc,metaspace   ] GC(192) Metaspace: 3156K(4864K)->3156K(4864K) NonClass: 2851K(4352K)->2851K(4352K) Class: 305K(512K)->305K(512K)
[2026-06-17T09:53:51.647+0800][7.895s][info][gc             ] GC(192) Pause Young (Allocation Failure) 52M->40M(61M) 2.445ms
[2026-06-17T09:53:51.647+0800][7.895s][info][gc,cpu         ] GC(192) User=0.00s Sys=0.00s Real=0.00s
[2026-06-17T09:53:51.689+0800][7.937s][info][gc,start       ] GC(193) Pause Young (Allocation Failure)
[2026-06-17T09:53:51.690+0800][7.938s][info][gc,task        ] GC(193) Using 2 workers of 18 for evacuation
[2026-06-17T09:53:51.690+0800][7.938s][info][gc,start       ] GC(194) Pause Full (Allocation Failure)
[2026-06-17T09:53:51.691+0800][7.939s][info][gc             ] GC(191) Concurrent Abortable Preclean 86.295ms
[2026-06-17T09:53:51.691+0800][7.939s][info][gc,cpu         ] GC(191) User=0.00s Sys=0.00s Real=0.09s
[2026-06-17T09:53:51.691+0800][7.939s][info][gc,phases,start] GC(194) Phase 1: Mark live objects
[2026-06-17T09:53:51.692+0800][7.940s][info][gc,phases      ] GC(194) Phase 1: Mark live objects 0.690ms
[2026-06-17T09:53:51.692+0800][7.940s][info][gc,phases,start] GC(194) Phase 2: Compute new object addresses
[2026-06-17T09:53:51.693+0800][7.941s][info][gc,phases      ] GC(194) Phase 2: Compute new object addresses 0.593ms
[2026-06-17T09:53:51.693+0800][7.941s][info][gc,phases,start] GC(194) Phase 3: Adjust pointers
[2026-06-17T09:53:51.693+0800][7.942s][info][gc,phases      ] GC(194) Phase 3: Adjust pointers 0.430ms
[2026-06-17T09:53:51.694+0800][7.942s][info][gc,phases,start] GC(194) Phase 4: Move objects
[2026-06-17T09:53:51.696+0800][7.944s][info][gc,phases      ] GC(194) Phase 4: Move objects 2.637ms
[2026-06-17T09:53:51.697+0800][7.945s][info][gc             ] GC(194) Pause Full (Allocation Failure) 57M->28M(61M) 6.549ms
[2026-06-17T09:53:51.697+0800][7.945s][info][gc,heap        ] GC(193) ParNew: 19628K->0K(19648K)
[2026-06-17T09:53:51.697+0800][7.945s][info][gc,heap        ] GC(193) CMS: 39746K->29466K(43712K)
[2026-06-17T09:53:51.697+0800][7.946s][info][gc,metaspace   ] GC(193) Metaspace: 3156K(4864K)->3156K(4864K) NonClass: 2851K(4352K)->2851K(4352K) Class: 305K(512K)->305K(512K)
[2026-06-17T09:53:51.698+0800][7.946s][info][gc             ] GC(193) Pause Young (Allocation Failure) 57M->28M(61M) 8.547ms
[2026-06-17T09:53:51.698+0800][7.946s][info][gc,cpu         ] GC(193) User=0.01s Sys=0.00s Real=0.01s
[2026-06-17T09:53:51.740+0800][7.988s][info][gc,start       ] GC(195) Pause Young (Allocation Failure)
[2026-06-17T09:53:51.740+0800][7.988s][info][gc,task        ] GC(195) Using 2 workers of 18 for evacuation
[2026-06-17T09:53:51.741+0800][7.989s][info][gc,heap        ] GC(195) ParNew: 17293K->2108K(19648K)
[2026-06-17T09:53:51.741+0800][7.989s][info][gc,heap        ] GC(195) CMS: 29466K->30851K(43712K)
[2026-06-17T09:53:51.741+0800][7.990s][info][gc,metaspace   ] GC(195) Metaspace: 3156K(4864K)->3156K(4864K) NonClass: 2851K(4352K)->2851K(4352K) Class: 305K(512K)->305K(512K)
[2026-06-17T09:53:51.742+0800][7.990s][info][gc             ] GC(195) Pause Young (Allocation Failure) 45M->32M(61M) 1.984ms
[2026-06-17T09:53:51.742+0800][7.990s][info][gc,cpu         ] GC(195) User=0.00s Sys=0.00s Real=0.00s
[2026-06-17T09:53:51.784+0800][8.032s][info][gc,start       ] GC(196) Pause Young (Allocation Failure)
[2026-06-17T09:53:51.784+0800][8.033s][info][gc,task        ] GC(196) Using 2 workers of 18 for evacuation
[2026-06-17T09:53:51.785+0800][8.034s][info][gc,heap        ] GC(196) ParNew: 19566K->2167K(19648K)
[2026-06-17T09:53:51.786+0800][8.034s][info][gc,heap        ] GC(196) CMS: 30851K->37849K(43712K)
[2026-06-17T09:53:51.786+0800][8.034s][info][gc,metaspace   ] GC(196) Metaspace: 3156K(4864K)->3156K(4864K) NonClass: 2851K(4352K)->2851K(4352K) Class: 305K(512K)->305K(512K)
[2026-06-17T09:53:51.786+0800][8.034s][info][gc             ] GC(196) Pause Young (Allocation Failure) 49M->39M(61M) 2.161ms
[2026-06-17T09:53:51.787+0800][8.035s][info][gc,cpu         ] GC(196) User=0.00s Sys=0.00s Real=0.00s
[2026-06-17T09:53:51.787+0800][8.035s][info][gc,start       ] GC(197) Pause Initial Mark
[2026-06-17T09:53:51.788+0800][8.036s][info][gc             ] GC(197) Pause Initial Mark 39M->39M(61M) 0.424ms
[2026-06-17T09:53:51.788+0800][8.036s][info][gc,cpu         ] GC(197) User=0.00s Sys=0.00s Real=0.00s
[2026-06-17T09:53:51.788+0800][8.037s][info][gc             ] GC(197) Concurrent Mark
[2026-06-17T09:53:51.789+0800][8.037s][info][gc,task        ] GC(197) Using 2 workers of 5 for marking
[2026-06-17T09:53:51.789+0800][8.038s][info][gc             ] GC(197) Concurrent Mark 1.077ms
[2026-06-17T09:53:51.790+0800][8.038s][info][gc,cpu         ] GC(197) User=0.00s Sys=0.00s Real=0.00s
[2026-06-17T09:53:51.790+0800][8.038s][info][gc             ] GC(197) Concurrent Preclean
[2026-06-17T09:53:51.790+0800][8.038s][info][gc             ] GC(197) Concurrent Preclean 0.151ms
[2026-06-17T09:53:51.790+0800][8.038s][info][gc,cpu         ] GC(197) User=0.00s Sys=0.00s Real=0.00s
[2026-06-17T09:53:51.790+0800][8.038s][info][gc,start       ] GC(197) Pause Remark
[2026-06-17T09:53:51.791+0800][8.039s][info][gc             ] GC(197) Pause Remark 39M->39M(61M) 0.476ms
[2026-06-17T09:53:51.791+0800][8.039s][info][gc,cpu         ] GC(197) User=0.00s Sys=0.00s Real=0.01s
[2026-06-17T09:53:51.791+0800][8.039s][info][gc             ] GC(197) Concurrent Sweep
[2026-06-17T09:53:51.791+0800][8.040s][info][gc             ] GC(197) Concurrent Sweep 0.275ms
[2026-06-17T09:53:51.791+0800][8.040s][info][gc,cpu         ] GC(197) User=0.00s Sys=0.00s Real=0.00s
[2026-06-17T09:53:51.792+0800][8.040s][info][gc             ] GC(197) Concurrent Reset
[2026-06-17T09:53:51.792+0800][8.040s][info][gc             ] GC(197) Concurrent Reset 0.097ms
[2026-06-17T09:53:51.792+0800][8.040s][info][gc,cpu         ] GC(197) User=0.01s Sys=0.00s Real=0.00s
[2026-06-17T09:53:51.792+0800][8.040s][info][gc,heap        ] GC(197) Old: 37849K->27979K(43712K)
[2026-06-17T09:53:51.839+0800][8.087s][info][gc,start       ] GC(198) Pause Young (Allocation Failure)
[2026-06-17T09:53:51.840+0800][8.088s][info][gc,task        ] GC(198) Using 2 workers of 18 for evacuation
[2026-06-17T09:53:51.841+0800][8.089s][info][gc,heap        ] GC(198) ParNew: 19636K->2174K(19648K)
[2026-06-17T09:53:51.841+0800][8.089s][info][gc,heap        ] GC(198) CMS: 27979K->31512K(43712K)
[2026-06-17T09:53:51.841+0800][8.090s][info][gc,metaspace   ] GC(198) Metaspace: 3156K(4864K)->3156K(4864K) NonClass: 2851K(4352K)->2851K(4352K) Class: 305K(512K)->305K(512K)
[2026-06-17T09:53:51.842+0800][8.090s][info][gc             ] GC(198) Pause Young (Allocation Failure) 46M->32M(61M) 2.288ms
[2026-06-17T09:53:51.842+0800][8.090s][info][gc,cpu         ] GC(198) User=0.00s Sys=0.00s Real=0.00s
[2026-06-17T09:53:51.884+0800][8.132s][info][gc,start       ] GC(199) Pause Young (Allocation Failure)
[2026-06-17T09:53:51.884+0800][8.132s][info][gc,task        ] GC(199) Using 2 workers of 18 for evacuation
[2026-06-17T09:53:51.885+0800][8.133s][info][gc,heap        ] GC(199) ParNew: 19646K->2164K(19648K)
[2026-06-17T09:53:51.885+0800][8.134s][info][gc,heap        ] GC(199) CMS: 31512K->35854K(43712K)
[2026-06-17T09:53:51.886+0800][8.134s][info][gc,metaspace   ] GC(199) Metaspace: 3156K(4864K)->3156K(4864K) NonClass: 2851K(4352K)->2851K(4352K) Class: 305K(512K)->305K(512K)
[2026-06-17T09:53:51.886+0800][8.134s][info][gc             ] GC(199) Pause Young (Allocation Failure) 49M->37M(61M) 2.216ms
[2026-06-17T09:53:51.886+0800][8.134s][info][gc,cpu         ] GC(199) User=0.00s Sys=0.00s Real=0.00s
[2026-06-17T09:53:51.887+0800][8.135s][info][gc,start       ] GC(200) Pause Initial Mark
[2026-06-17T09:53:51.887+0800][8.135s][info][gc             ] GC(200) Pause Initial Mark 38M->38M(61M) 0.358ms
[2026-06-17T09:53:51.887+0800][8.135s][info][gc,cpu         ] GC(200) User=0.00s Sys=0.00s Real=0.00s
[2026-06-17T09:53:51.887+0800][8.136s][info][gc             ] GC(200) Concurrent Mark
[2026-06-17T09:53:51.888+0800][8.136s][info][gc,task        ] GC(200) Using 2 workers of 5 for marking
[2026-06-17T09:53:51.888+0800][8.137s][info][gc             ] GC(200) Concurrent Mark 0.901ms
[2026-06-17T09:53:51.889+0800][8.137s][info][gc,cpu         ] GC(200) User=0.00s Sys=0.00s Real=0.00s
[2026-06-17T09:53:51.889+0800][8.137s][info][gc             ] GC(200) Concurrent Preclean
[2026-06-17T09:53:51.889+0800][8.137s][info][gc             ] GC(200) Concurrent Preclean 0.145ms
[2026-06-17T09:53:51.889+0800][8.137s][info][gc,cpu         ] GC(200) User=0.00s Sys=0.00s Real=0.00s
[2026-06-17T09:53:51.889+0800][8.137s][info][gc             ] GC(200) Concurrent Abortable Preclean
[2026-06-17T09:53:51.929+0800][8.177s][info][gc,start       ] GC(201) Pause Young (Allocation Failure)
[2026-06-17T09:53:51.930+0800][8.178s][info][gc,task        ] GC(201) Using 2 workers of 18 for evacuation
[2026-06-17T09:53:51.930+0800][8.179s][info][gc,heap        ] GC(201) ParNew: 19636K->2170K(19648K)
[2026-06-17T09:53:51.931+0800][8.179s][info][gc,heap        ] GC(201) CMS: 35854K->39850K(43712K)
[2026-06-17T09:53:51.931+0800][8.179s][info][gc,metaspace   ] GC(201) Metaspace: 3156K(4864K)->3156K(4864K) NonClass: 2851K(4352K)->2851K(4352K) Class: 305K(512K)->305K(512K)
[2026-06-17T09:53:51.931+0800][8.179s][info][gc             ] GC(201) Pause Young (Allocation Failure) 54M->41M(61M) 2.094ms
[2026-06-17T09:53:51.932+0800][8.180s][info][gc,cpu         ] GC(201) User=0.00s Sys=0.00s Real=0.01s
[2026-06-17T09:53:51.974+0800][8.222s][info][gc,start       ] GC(202) Pause Young (Allocation Failure)
[2026-06-17T09:53:51.974+0800][8.222s][info][gc,task        ] GC(202) Using 2 workers of 18 for evacuation
[2026-06-17T09:53:51.974+0800][8.222s][info][gc,start       ] GC(203) Pause Full (Allocation Failure)
[2026-06-17T09:53:51.975+0800][8.223s][info][gc             ] GC(200) Concurrent Abortable Preclean 85.549ms
[2026-06-17T09:53:51.975+0800][8.223s][info][gc,cpu         ] GC(200) User=0.01s Sys=0.00s Real=0.09s
[2026-06-17T09:53:51.975+0800][8.223s][info][gc,phases,start] GC(203) Phase 1: Mark live objects
[2026-06-17T09:53:51.976+0800][8.224s][info][gc,phases      ] GC(203) Phase 1: Mark live objects 0.735ms
[2026-06-17T09:53:51.976+0800][8.224s][info][gc,phases,start] GC(203) Phase 2: Compute new object addresses
[2026-06-17T09:53:51.977+0800][8.225s][info][gc,phases      ] GC(203) Phase 2: Compute new object addresses 0.390ms
[2026-06-17T09:53:51.977+0800][8.225s][info][gc,phases,start] GC(203) Phase 3: Adjust pointers
[2026-06-17T09:53:51.977+0800][8.225s][info][gc,phases      ] GC(203) Phase 3: Adjust pointers 0.405ms
[2026-06-17T09:53:51.977+0800][8.225s][info][gc,phases,start] GC(203) Phase 4: Move objects
[2026-06-17T09:53:51.980+0800][8.228s][info][gc,phases      ] GC(203) Phase 4: Move objects 2.260ms
[2026-06-17T09:53:51.980+0800][8.228s][info][gc             ] GC(203) Pause Full (Allocation Failure) 57M->27M(61M) 5.742ms
[2026-06-17T09:53:51.980+0800][8.228s][info][gc,heap        ] GC(202) ParNew: 19375K->0K(19648K)
[2026-06-17T09:53:51.980+0800][8.229s][info][gc,heap        ] GC(202) CMS: 39850K->27748K(43712K)
[2026-06-17T09:53:51.981+0800][8.229s][info][gc,metaspace   ] GC(202) Metaspace: 3156K(4864K)->3156K(4864K) NonClass: 2851K(4352K)->2851K(4352K) Class: 305K(512K)->305K(512K)
[2026-06-17T09:53:51.981+0800][8.229s][info][gc             ] GC(202) Pause Young (Allocation Failure) 57M->27M(61M) 7.178ms
[2026-06-17T09:53:51.981+0800][8.229s][info][gc,cpu         ] GC(202) User=0.00s Sys=0.00s Real=0.00s
[2026-06-17T09:53:52.023+0800][8.271s][info][gc,start       ] GC(204) Pause Young (Allocation Failure)
[2026-06-17T09:53:52.023+0800][8.271s][info][gc,task        ] GC(204) Using 2 workers of 18 for evacuation
[2026-06-17T09:53:52.024+0800][8.272s][info][gc,heap        ] GC(204) ParNew: 17469K->2171K(19648K)
[2026-06-17T09:53:52.024+0800][8.273s][info][gc,heap        ] GC(204) CMS: 27748K->32674K(43712K)
[2026-06-17T09:53:52.025+0800][8.273s][info][gc,metaspace   ] GC(204) Metaspace: 3156K(4864K)->3156K(4864K) NonClass: 2851K(4352K)->2851K(4352K) Class: 305K(512K)->305K(512K)
[2026-06-17T09:53:52.025+0800][8.273s][info][gc             ] GC(204) Pause Young (Allocation Failure) 44M->34M(61M) 1.801ms
[2026-06-17T09:53:52.025+0800][8.273s][info][gc,cpu         ] GC(204) User=0.01s Sys=0.00s Real=0.00s
[2026-06-17T09:53:52.077+0800][8.325s][info][gc,start       ] GC(205) Pause Young (Allocation Failure)
[2026-06-17T09:53:52.078+0800][8.326s][info][gc,task        ] GC(205) Using 2 workers of 18 for evacuation
[2026-06-17T09:53:52.081+0800][8.329s][info][gc,heap        ] GC(205) ParNew: 19619K->2173K(19648K)
[2026-06-17T09:53:52.083+0800][8.331s][info][gc,heap        ] GC(205) CMS: 32674K->35236K(43712K)
[2026-06-17T09:53:52.085+0800][8.333s][info][gc,metaspace   ] GC(205) Metaspace: 3156K(4864K)->3156K(4864K) NonClass: 2851K(4352K)->2851K(4352K) Class: 305K(512K)->305K(512K)
[2026-06-17T09:53:52.085+0800][8.333s][info][gc             ] GC(205) Pause Young (Allocation Failure) 51M->36M(61M) 8.309ms
[2026-06-17T09:53:52.088+0800][8.336s][info][gc,cpu         ] GC(205) User=0.00s Sys=0.00s Real=0.01s
[2026-06-17T09:53:52.089+0800][8.337s][info][gc,start       ] GC(206) Pause Initial Mark
[2026-06-17T09:53:52.089+0800][8.337s][info][gc             ] GC(206) Pause Initial Mark 38M->38M(61M) 0.433ms
[2026-06-17T09:53:52.089+0800][8.337s][info][gc,cpu         ] GC(206) User=0.00s Sys=0.00s Real=0.00s
[2026-06-17T09:53:52.090+0800][8.338s][info][gc             ] GC(206) Concurrent Mark
[2026-06-17T09:53:52.090+0800][8.338s][info][gc,task        ] GC(206) Using 2 workers of 5 for marking
[2026-06-17T09:53:52.090+0800][8.339s][info][gc             ] GC(206) Concurrent Mark 0.906ms
[2026-06-17T09:53:52.091+0800][8.339s][info][gc,cpu         ] GC(206) User=0.00s Sys=0.00s Real=0.01s
[2026-06-17T09:53:52.091+0800][8.339s][info][gc             ] GC(206) Concurrent Preclean
[2026-06-17T09:53:52.091+0800][8.339s][info][gc             ] GC(206) Concurrent Preclean 0.168ms
[2026-06-17T09:53:52.091+0800][8.339s][info][gc,cpu         ] GC(206) User=0.00s Sys=0.00s Real=0.00s
[2026-06-17T09:53:52.091+0800][8.339s][info][gc             ] GC(206) Concurrent Abortable Preclean
[2026-06-17T09:53:52.131+0800][8.379s][info][gc,start       ] GC(207) Pause Young (Allocation Failure)
[2026-06-17T09:53:52.132+0800][8.380s][info][gc,task        ] GC(207) Using 2 workers of 18 for evacuation
[2026-06-17T09:53:52.133+0800][8.381s][info][gc,heap        ] GC(207) ParNew: 19639K->2171K(19648K)
[2026-06-17T09:53:52.133+0800][8.382s][info][gc,heap        ] GC(207) CMS: 35236K->39068K(43712K)
[2026-06-17T09:53:52.134+0800][8.382s][info][gc,metaspace   ] GC(207) Metaspace: 3156K(4864K)->3156K(4864K) NonClass: 2851K(4352K)->2851K(4352K) Class: 305K(512K)->305K(512K)
[2026-06-17T09:53:52.134+0800][8.382s][info][gc             ] GC(207) Pause Young (Allocation Failure) 53M->40M(61M) 2.551ms
[2026-06-17T09:53:52.134+0800][8.382s][info][gc,cpu         ] GC(207) User=0.00s Sys=0.01s Real=0.00s
[2026-06-17T09:53:52.176+0800][8.424s][info][gc,start       ] GC(208) Pause Young (Allocation Failure)
[2026-06-17T09:53:52.176+0800][8.424s][info][gc,task        ] GC(208) Using 2 workers of 18 for evacuation
[2026-06-17T09:53:52.177+0800][8.425s][info][gc,start       ] GC(209) Pause Full (Allocation Failure)
[2026-06-17T09:53:52.177+0800][8.425s][info][gc             ] GC(206) Concurrent Abortable Preclean 85.735ms
[2026-06-17T09:53:52.177+0800][8.426s][info][gc,cpu         ] GC(206) User=0.00s Sys=0.01s Real=0.08s
[2026-06-17T09:53:52.178+0800][8.426s][info][gc,phases,start] GC(209) Phase 1: Mark live objects
[2026-06-17T09:53:52.179+0800][8.427s][info][gc,phases      ] GC(209) Phase 1: Mark live objects 0.857ms
[2026-06-17T09:53:52.179+0800][8.427s][info][gc,phases,start] GC(209) Phase 2: Compute new object addresses
[2026-06-17T09:53:52.180+0800][8.428s][info][gc,phases      ] GC(209) Phase 2: Compute new object addresses 0.526ms
[2026-06-17T09:53:52.180+0800][8.428s][info][gc,phases,start] GC(209) Phase 3: Adjust pointers
[2026-06-17T09:53:52.180+0800][8.429s][info][gc,phases      ] GC(209) Phase 3: Adjust pointers 0.606ms
[2026-06-17T09:53:52.181+0800][8.429s][info][gc,phases,start] GC(209) Phase 4: Move objects
[2026-06-17T09:53:52.183+0800][8.431s][info][gc,phases      ] GC(209) Phase 4: Move objects 2.062ms
[2026-06-17T09:53:52.183+0800][8.431s][info][gc             ] GC(209) Pause Full (Allocation Failure) 57M->22M(61M) 6.600ms
[2026-06-17T09:53:52.183+0800][8.431s][info][gc,heap        ] GC(208) ParNew: 19643K->0K(19648K)
[2026-06-17T09:53:52.183+0800][8.432s][info][gc,heap        ] GC(208) CMS: 39068K->22838K(43712K)
[2026-06-17T09:53:52.184+0800][8.432s][info][gc,metaspace   ] GC(208) Metaspace: 3156K(4864K)->3156K(4864K) NonClass: 2851K(4352K)->2851K(4352K) Class: 305K(512K)->305K(512K)
[2026-06-17T09:53:52.184+0800][8.432s][info][gc             ] GC(208) Pause Young (Allocation Failure) 57M->22M(61M) 7.914ms
[2026-06-17T09:53:52.184+0800][8.432s][info][gc,cpu         ] GC(208) User=0.00s Sys=0.00s Real=0.01s
[2026-06-17T09:53:52.226+0800][8.474s][info][gc,start       ] GC(210) Pause Young (Allocation Failure)
[2026-06-17T09:53:52.226+0800][8.474s][info][gc,task        ] GC(210) Using 2 workers of 18 for evacuation
[2026-06-17T09:53:52.227+0800][8.475s][info][gc,heap        ] GC(210) ParNew: 17442K->2173K(19648K)
[2026-06-17T09:53:52.227+0800][8.475s][info][gc,heap        ] GC(210) CMS: 22838K->28032K(43712K)
[2026-06-17T09:53:52.227+0800][8.476s][info][gc,metaspace   ] GC(210) Metaspace: 3156K(4864K)->3156K(4864K) NonClass: 2851K(4352K)->2851K(4352K) Class: 305K(512K)->305K(512K)
[2026-06-17T09:53:52.228+0800][8.476s][info][gc             ] GC(210) Pause Young (Allocation Failure) 39M->29M(61M) 1.803ms
[2026-06-17T09:53:52.228+0800][8.476s][info][gc,cpu         ] GC(210) User=0.01s Sys=0.00s Real=0.00s
[2026-06-17T09:53:52.269+0800][8.518s][info][gc,start       ] GC(211) Pause Young (Allocation Failure)
[2026-06-17T09:53:52.270+0800][8.518s][info][gc,task        ] GC(211) Using 2 workers of 18 for evacuation
[2026-06-17T09:53:52.272+0800][8.521s][info][gc,heap        ] GC(211) ParNew: 19613K->2168K(19648K)
[2026-06-17T09:53:52.273+0800][8.521s][info][gc,heap        ] GC(211) CMS: 28032K->34711K(43712K)
[2026-06-17T09:53:52.273+0800][8.521s][info][gc,metaspace   ] GC(211) Metaspace: 3156K(4864K)->3156K(4864K) NonClass: 2851K(4352K)->2851K(4352K) Class: 305K(512K)->305K(512K)
[2026-06-17T09:53:52.273+0800][8.522s][info][gc             ] GC(211) Pause Young (Allocation Failure) 46M->36M(61M) 3.927ms
[2026-06-17T09:53:52.274+0800][8.522s][info][gc,cpu         ] GC(211) User=0.00s Sys=0.00s Real=0.01s
[2026-06-17T09:53:52.274+0800][8.522s][info][gc,start       ] GC(212) Pause Initial Mark
[2026-06-17T09:53:52.274+0800][8.523s][info][gc             ] GC(212) Pause Initial Mark 36M->36M(61M) 0.361ms
[2026-06-17T09:53:52.275+0800][8.523s][info][gc,cpu         ] GC(212) User=0.00s Sys=0.00s Real=0.00s
[2026-06-17T09:53:52.275+0800][8.523s][info][gc             ] GC(212) Concurrent Mark
[2026-06-17T09:53:52.275+0800][8.523s][info][gc,task        ] GC(212) Using 2 workers of 5 for marking
[2026-06-17T09:53:52.276+0800][8.524s][info][gc             ] GC(212) Concurrent Mark 0.944ms
[2026-06-17T09:53:52.276+0800][8.524s][info][gc,cpu         ] GC(212) User=0.00s Sys=0.00s Real=0.00s
[2026-06-17T09:53:52.276+0800][8.524s][info][gc             ] GC(212) Concurrent Preclean
[2026-06-17T09:53:52.276+0800][8.525s][info][gc             ] GC(212) Concurrent Preclean 0.238ms
[2026-06-17T09:53:52.277+0800][8.525s][info][gc,cpu         ] GC(212) User=0.00s Sys=0.00s Real=0.00s
[2026-06-17T09:53:52.277+0800][8.525s][info][gc,start       ] GC(212) Pause Remark
[2026-06-17T09:53:52.278+0800][8.526s][info][gc             ] GC(212) Pause Remark 36M->36M(61M) 0.867ms
[2026-06-17T09:53:52.278+0800][8.526s][info][gc,cpu         ] GC(212) User=0.00s Sys=0.00s Real=0.00s
[2026-06-17T09:53:52.278+0800][8.526s][info][gc             ] GC(212) Concurrent Sweep
[2026-06-17T09:53:52.279+0800][8.527s][info][gc             ] GC(212) Concurrent Sweep 0.334ms
[2026-06-17T09:53:52.279+0800][8.527s][info][gc,cpu         ] GC(212) User=0.00s Sys=0.00s Real=0.00s
[2026-06-17T09:53:52.279+0800][8.527s][info][gc             ] GC(212) Concurrent Reset
[2026-06-17T09:53:52.279+0800][8.527s][info][gc             ] GC(212) Concurrent Reset 0.101ms
[2026-06-17T09:53:52.279+0800][8.527s][info][gc,cpu         ] GC(212) User=0.00s Sys=0.00s Real=0.00s
[2026-06-17T09:53:52.279+0800][8.527s][info][gc,heap        ] GC(212) Old: 34711K->27980K(43712K)
[2026-06-17T09:53:52.326+0800][8.574s][info][gc,start       ] GC(213) Pause Young (Allocation Failure)
[2026-06-17T09:53:52.326+0800][8.574s][info][gc,task        ] GC(213) Using 2 workers of 18 for evacuation
[2026-06-17T09:53:52.327+0800][8.575s][info][gc,heap        ] GC(213) ParNew: 19609K->2103K(19648K)
[2026-06-17T09:53:52.328+0800][8.576s][info][gc,heap        ] GC(213) CMS: 27980K->30853K(43712K)
[2026-06-17T09:53:52.328+0800][8.576s][info][gc,metaspace   ] GC(213) Metaspace: 3156K(4864K)->3156K(4864K) NonClass: 2851K(4352K)->2851K(4352K) Class: 305K(512K)->305K(512K)
[2026-06-17T09:53:52.328+0800][8.576s][info][gc             ] GC(213) Pause Young (Allocation Failure) 46M->32M(61M) 2.429ms
[2026-06-17T09:53:52.329+0800][8.577s][info][gc,cpu         ] GC(213) User=0.00s Sys=0.00s Real=0.00s
[2026-06-17T09:53:52.361+0800][8.609s][info][gc,start       ] GC(214) Pause Young (Allocation Failure)
[2026-06-17T09:53:52.361+0800][8.609s][info][gc,task        ] GC(214) Using 2 workers of 18 for evacuation
[2026-06-17T09:53:52.362+0800][8.610s][info][gc,heap        ] GC(214) ParNew: 19430K->2158K(19648K)
[2026-06-17T09:53:52.363+0800][8.611s][info][gc,heap        ] GC(214) CMS: 30853K->34340K(43712K)
[2026-06-17T09:53:52.363+0800][8.611s][info][gc,metaspace   ] GC(214) Metaspace: 3156K(4864K)->3156K(4864K) NonClass: 2851K(4352K)->2851K(4352K) Class: 305K(512K)->305K(512K)
[2026-06-17T09:53:52.363+0800][8.611s][info][gc             ] GC(214) Pause Young (Allocation Failure) 49M->35M(61M) 2.036ms
[2026-06-17T09:53:52.363+0800][8.611s][info][gc,cpu         ] GC(214) User=0.00s Sys=0.00s Real=0.01s
[2026-06-17T09:53:52.363+0800][8.611s][info][gc,start       ] GC(215) Pause Initial Mark
[2026-06-17T09:53:52.364+0800][8.612s][info][gc             ] GC(215) Pause Initial Mark 36M->36M(61M) 0.375ms
[2026-06-17T09:53:52.364+0800][8.612s][info][gc,cpu         ] GC(215) User=0.00s Sys=0.00s Real=0.00s
[2026-06-17T09:53:52.364+0800][8.612s][info][gc             ] GC(215) Concurrent Mark
[2026-06-17T09:53:52.365+0800][8.613s][info][gc,task        ] GC(215) Using 2 workers of 5 for marking
[2026-06-17T09:53:52.365+0800][8.613s][info][gc             ] GC(215) Concurrent Mark 1.005ms
[2026-06-17T09:53:52.365+0800][8.614s][info][gc,cpu         ] GC(215) User=0.00s Sys=0.00s Real=0.00s
[2026-06-17T09:53:52.366+0800][8.614s][info][gc             ] GC(215) Concurrent Preclean
[2026-06-17T09:53:52.366+0800][8.614s][info][gc             ] GC(215) Concurrent Preclean 0.155ms
[2026-06-17T09:53:52.366+0800][8.614s][info][gc,cpu         ] GC(215) User=0.00s Sys=0.00s Real=0.00s
[2026-06-17T09:53:52.366+0800][8.614s][info][gc,start       ] GC(215) Pause Remark
[2026-06-17T09:53:52.367+0800][8.615s][info][gc             ] GC(215) Pause Remark 36M->36M(61M) 0.478ms
[2026-06-17T09:53:52.367+0800][8.615s][info][gc,cpu         ] GC(215) User=0.00s Sys=0.00s Real=0.00s
[2026-06-17T09:53:52.367+0800][8.616s][info][gc             ] GC(215) Concurrent Sweep
[2026-06-17T09:53:52.368+0800][8.616s][info][gc             ] GC(215) Concurrent Sweep 0.256ms
[2026-06-17T09:53:52.368+0800][8.616s][info][gc,cpu         ] GC(215) User=0.00s Sys=0.00s Real=0.00s
[2026-06-17T09:53:52.368+0800][8.616s][info][gc             ] GC(215) Concurrent Reset
[2026-06-17T09:53:52.368+0800][8.616s][info][gc             ] GC(215) Concurrent Reset 0.128ms
[2026-06-17T09:53:52.368+0800][8.616s][info][gc,cpu         ] GC(215) User=0.00s Sys=0.00s Real=0.00s
[2026-06-17T09:53:52.368+0800][8.616s][info][gc,heap        ] GC(215) Old: 34340K->21728K(43712K)
[2026-06-17T09:53:52.416+0800][8.664s][info][gc,start       ] GC(216) Pause Young (Allocation Failure)
[2026-06-17T09:53:52.416+0800][8.665s][info][gc,task        ] GC(216) Using 2 workers of 18 for evacuation
[2026-06-17T09:53:52.418+0800][8.666s][info][gc,heap        ] GC(216) ParNew: 19629K->2171K(19648K)
[2026-06-17T09:53:52.418+0800][8.666s][info][gc,heap        ] GC(216) CMS: 21728K->25641K(43712K)
[2026-06-17T09:53:52.418+0800][8.666s][info][gc,metaspace   ] GC(216) Metaspace: 3156K(4864K)->3156K(4864K) NonClass: 2851K(4352K)->2851K(4352K) Class: 305K(512K)->305K(512K)
[2026-06-17T09:53:52.418+0800][8.666s][info][gc             ] GC(216) Pause Young (Allocation Failure) 40M->27M(61M) 2.246ms
[2026-06-17T09:53:52.418+0800][8.667s][info][gc,cpu         ] GC(216) User=0.00s Sys=0.00s Real=0.00s
[2026-06-17T09:53:52.461+0800][8.709s][info][gc,start       ] GC(217) Pause Young (Allocation Failure)
[2026-06-17T09:53:52.461+0800][8.709s][info][gc,task        ] GC(217) Using 2 workers of 18 for evacuation
[2026-06-17T09:53:52.462+0800][8.710s][info][gc,heap        ] GC(217) ParNew: 19608K->2175K(19648K)
[2026-06-17T09:53:52.462+0800][8.710s][info][gc,heap        ] GC(217) CMS: 25641K->29918K(43712K)
[2026-06-17T09:53:52.462+0800][8.710s][info][gc,metaspace   ] GC(217) Metaspace: 3156K(4864K)->3156K(4864K) NonClass: 2851K(4352K)->2851K(4352K) Class: 305K(512K)->305K(512K)
[2026-06-17T09:53:52.463+0800][8.711s][info][gc             ] GC(217) Pause Young (Allocation Failure) 44M->31M(61M) 1.990ms
[2026-06-17T09:53:52.463+0800][8.711s][info][gc,cpu         ] GC(217) User=0.00s Sys=0.00s Real=0.01s
[2026-06-17T09:53:52.505+0800][8.753s][info][gc,start       ] GC(218) Pause Young (Allocation Failure)
[2026-06-17T09:53:52.505+0800][8.753s][info][gc,task        ] GC(218) Using 2 workers of 18 for evacuation
[2026-06-17T09:53:52.511+0800][8.759s][info][gc,heap        ] GC(218) ParNew: 19647K->2173K(19648K)
[2026-06-17T09:53:52.511+0800][8.759s][info][gc,heap        ] GC(218) CMS: 29918K->36869K(43712K)
[2026-06-17T09:53:52.511+0800][8.760s][info][gc,metaspace   ] GC(218) Metaspace: 3156K(4864K)->3156K(4864K) NonClass: 2851K(4352K)->2851K(4352K) Class: 305K(512K)->305K(512K)
[2026-06-17T09:53:52.512+0800][8.760s][info][gc             ] GC(218) Pause Young (Allocation Failure) 48M->38M(61M) 6.925ms
[2026-06-17T09:53:52.512+0800][8.760s][info][gc,cpu         ] GC(218) User=0.01s Sys=0.00s Real=0.01s
[2026-06-17T09:53:52.512+0800][8.760s][info][gc,start       ] GC(219) Pause Initial Mark
[2026-06-17T09:53:52.513+0800][8.761s][info][gc             ] GC(219) Pause Initial Mark 38M->38M(61M) 0.441ms
[2026-06-17T09:53:52.513+0800][8.761s][info][gc,cpu         ] GC(219) User=0.00s Sys=0.00s Real=0.00s
[2026-06-17T09:53:52.513+0800][8.761s][info][gc             ] GC(219) Concurrent Mark
[2026-06-17T09:53:52.513+0800][8.761s][info][gc,task        ] GC(219) Using 2 workers of 5 for marking
[2026-06-17T09:53:52.514+0800][8.762s][info][gc             ] GC(219) Concurrent Mark 1.140ms
[2026-06-17T09:53:52.515+0800][8.763s][info][gc,cpu         ] GC(219) User=0.00s Sys=0.00s Real=0.00s
[2026-06-17T09:53:52.515+0800][8.763s][info][gc             ] GC(219) Concurrent Preclean
[2026-06-17T09:53:52.515+0800][8.763s][info][gc             ] GC(219) Concurrent Preclean 0.270ms
[2026-06-17T09:53:52.515+0800][8.763s][info][gc,cpu         ] GC(219) User=0.00s Sys=0.00s Real=0.00s
[2026-06-17T09:53:52.515+0800][8.764s][info][gc,start       ] GC(219) Pause Remark
[2026-06-17T09:53:52.517+0800][8.765s][info][gc             ] GC(219) Pause Remark 38M->38M(61M) 1.368ms
[2026-06-17T09:53:52.517+0800][8.765s][info][gc,cpu         ] GC(219) User=0.00s Sys=0.00s Real=0.00s
[2026-06-17T09:53:52.517+0800][8.765s][info][gc             ] GC(219) Concurrent Sweep
[2026-06-17T09:53:52.517+0800][8.766s][info][gc             ] GC(219) Concurrent Sweep 0.274ms
[2026-06-17T09:53:52.518+0800][8.766s][info][gc,cpu         ] GC(219) User=0.00s Sys=0.00s Real=0.00s
[2026-06-17T09:53:52.518+0800][8.766s][info][gc             ] GC(219) Concurrent Reset
[2026-06-17T09:53:52.518+0800][8.766s][info][gc             ] GC(219) Concurrent Reset 0.100ms
[2026-06-17T09:53:52.518+0800][8.766s][info][gc,cpu         ] GC(219) User=0.00s Sys=0.00s Real=0.00s
[2026-06-17T09:53:52.518+0800][8.766s][info][gc,heap        ] GC(219) Old: 36869K->24099K(43712K)
[2026-06-17T09:53:52.564+0800][8.812s][info][gc,start       ] GC(220) Pause Young (Allocation Failure)
[2026-06-17T09:53:52.565+0800][8.813s][info][gc,task        ] GC(220) Using 2 workers of 18 for evacuation
[2026-06-17T09:53:52.568+0800][8.816s][info][gc,heap        ] GC(220) ParNew: 19633K->2165K(19648K)
[2026-06-17T09:53:52.569+0800][8.817s][info][gc,heap        ] GC(220) CMS: 24099K->27446K(43712K)
[2026-06-17T09:53:52.569+0800][8.818s][info][gc,metaspace   ] GC(220) Metaspace: 3156K(4864K)->3156K(4864K) NonClass: 2851K(4352K)->2851K(4352K) Class: 305K(512K)->305K(512K)
[2026-06-17T09:53:52.572+0800][8.820s][info][gc             ] GC(220) Pause Young (Allocation Failure) 42M->28M(61M) 7.719ms
[2026-06-17T09:53:52.573+0800][8.821s][info][gc,cpu         ] GC(220) User=0.00s Sys=0.00s Real=0.01s
[2026-06-17T09:53:52.617+0800][8.865s][info][gc,start       ] GC(221) Pause Young (Allocation Failure)
[2026-06-17T09:53:52.617+0800][8.866s][info][gc,task        ] GC(221) Using 2 workers of 18 for evacuation
[2026-06-17T09:53:52.619+0800][8.867s][info][gc,heap        ] GC(221) ParNew: 19618K->2082K(19648K)
[2026-06-17T09:53:52.619+0800][8.867s][info][gc,heap        ] GC(221) CMS: 27446K->31628K(43712K)
[2026-06-17T09:53:52.619+0800][8.868s][info][gc,metaspace   ] GC(221) Metaspace: 3156K(4864K)->3156K(4864K) NonClass: 2851K(4352K)->2851K(4352K) Class: 305K(512K)->305K(512K)
[2026-06-17T09:53:52.620+0800][8.868s][info][gc             ] GC(221) Pause Young (Allocation Failure) 45M->32M(61M) 2.645ms
[2026-06-17T09:53:52.620+0800][8.868s][info][gc,cpu         ] GC(221) User=0.00s Sys=0.00s Real=0.00s
[2026-06-17T09:53:52.662+0800][8.910s][info][gc,start       ] GC(222) Pause Young (Allocation Failure)
[2026-06-17T09:53:52.662+0800][8.910s][info][gc,task        ] GC(222) Using 2 workers of 18 for evacuation
[2026-06-17T09:53:52.663+0800][8.911s][info][gc,heap        ] GC(222) ParNew: 19554K->2170K(19648K)
[2026-06-17T09:53:52.663+0800][8.912s][info][gc,heap        ] GC(222) CMS: 31628K->34998K(43712K)
[2026-06-17T09:53:52.664+0800][8.912s][info][gc,metaspace   ] GC(222) Metaspace: 3156K(4864K)->3156K(4864K) NonClass: 2851K(4352K)->2851K(4352K) Class: 305K(512K)->305K(512K)
[2026-06-17T09:53:52.664+0800][8.912s][info][gc             ] GC(222) Pause Young (Allocation Failure) 49M->36M(61M) 2.411ms
[2026-06-17T09:53:52.664+0800][8.912s][info][gc,cpu         ] GC(222) User=0.00s Sys=0.00s Real=0.01s
[2026-06-17T09:53:52.665+0800][8.913s][info][gc,start       ] GC(223) Pause Initial Mark
[2026-06-17T09:53:52.665+0800][8.913s][info][gc             ] GC(223) Pause Initial Mark 38M->38M(61M) 0.365ms
[2026-06-17T09:53:52.665+0800][8.914s][info][gc,cpu         ] GC(223) User=0.00s Sys=0.00s Real=0.00s
[2026-06-17T09:53:52.666+0800][8.914s][info][gc             ] GC(223) Concurrent Mark
[2026-06-17T09:53:52.666+0800][8.914s][info][gc,task        ] GC(223) Using 2 workers of 5 for marking
[2026-06-17T09:53:52.667+0800][8.915s][info][gc             ] GC(223) Concurrent Mark 1.164ms
[2026-06-17T09:53:52.667+0800][8.915s][info][gc,cpu         ] GC(223) User=0.00s Sys=0.00s Real=0.00s
[2026-06-17T09:53:52.667+0800][8.915s][info][gc             ] GC(223) Concurrent Preclean
[2026-06-17T09:53:52.667+0800][8.916s][info][gc             ] GC(223) Concurrent Preclean 0.167ms
[2026-06-17T09:53:52.668+0800][8.916s][info][gc,cpu         ] GC(223) User=0.00s Sys=0.00s Real=0.00s
[2026-06-17T09:53:52.668+0800][8.916s][info][gc,start       ] GC(223) Pause Remark
[2026-06-17T09:53:52.668+0800][8.916s][info][gc             ] GC(223) Pause Remark 38M->38M(61M) 0.557ms
[2026-06-17T09:53:52.668+0800][8.917s][info][gc,cpu         ] GC(223) User=0.00s Sys=0.00s Real=0.00s
[2026-06-17T09:53:52.669+0800][8.917s][info][gc             ] GC(223) Concurrent Sweep
[2026-06-17T09:53:52.669+0800][8.917s][info][gc             ] GC(223) Concurrent Sweep 0.269ms
[2026-06-17T09:53:52.669+0800][8.917s][info][gc,cpu         ] GC(223) User=0.00s Sys=0.00s Real=0.00s
[2026-06-17T09:53:52.669+0800][8.917s][info][gc             ] GC(223) Concurrent Reset
[2026-06-17T09:53:52.669+0800][8.917s][info][gc             ] GC(223) Concurrent Reset 0.115ms
[2026-06-17T09:53:52.669+0800][8.917s][info][gc,cpu         ] GC(223) User=0.00s Sys=0.00s Real=0.00s
[2026-06-17T09:53:52.669+0800][8.917s][info][gc,heap        ] GC(223) Old: 34998K->31214K(43712K)
[2026-06-17T09:53:52.706+0800][8.954s][info][gc,start       ] GC(224) Pause Young (Allocation Failure)
[2026-06-17T09:53:52.707+0800][8.955s][info][gc,task        ] GC(224) Using 2 workers of 18 for evacuation
[2026-06-17T09:53:52.708+0800][8.956s][info][gc,heap        ] GC(224) ParNew: 19429K->2171K(19648K)
[2026-06-17T09:53:52.709+0800][8.957s][info][gc,heap        ] GC(224) CMS: 31214K->32362K(43712K)
[2026-06-17T09:53:52.709+0800][8.957s][info][gc,metaspace   ] GC(224) Metaspace: 3156K(4864K)->3156K(4864K) NonClass: 2851K(4352K)->2851K(4352K) Class: 305K(512K)->305K(512K)
[2026-06-17T09:53:52.710+0800][8.959s][info][gc             ] GC(224) Pause Young (Allocation Failure) 49M->33M(61M) 4.128ms
[2026-06-17T09:53:52.715+0800][8.963s][info][gc,cpu         ] GC(224) User=0.00s Sys=0.00s Real=0.01s
[2026-06-17T09:53:52.757+0800][9.005s][info][gc,start       ] GC(225) Pause Young (Allocation Failure)
[2026-06-17T09:53:52.758+0800][9.006s][info][gc,task        ] GC(225) Using 2 workers of 18 for evacuation
[2026-06-17T09:53:52.759+0800][9.007s][info][gc,heap        ] GC(225) ParNew: 19634K->2175K(19648K)
[2026-06-17T09:53:52.759+0800][9.007s][info][gc,heap        ] GC(225) CMS: 32362K->39743K(43712K)
[2026-06-17T09:53:52.759+0800][9.008s][info][gc,metaspace   ] GC(225) Metaspace: 3156K(4864K)->3156K(4864K) NonClass: 2851K(4352K)->2851K(4352K) Class: 305K(512K)->305K(512K)
[2026-06-17T09:53:52.760+0800][9.008s][info][gc             ] GC(225) Pause Young (Allocation Failure) 50M->40M(61M) 2.663ms
[2026-06-17T09:53:52.760+0800][9.008s][info][gc,cpu         ] GC(225) User=0.00s Sys=0.00s Real=0.00s
[2026-06-17T09:53:52.760+0800][9.009s][info][gc,start       ] GC(226) Pause Initial Mark
[2026-06-17T09:53:52.761+0800][9.009s][info][gc             ] GC(226) Pause Initial Mark 41M->41M(61M) 0.311ms
[2026-06-17T09:53:52.761+0800][9.009s][info][gc,cpu         ] GC(226) User=0.00s Sys=0.00s Real=0.00s
[2026-06-17T09:53:52.761+0800][9.009s][info][gc             ] GC(226) Concurrent Mark
[2026-06-17T09:53:52.761+0800][9.009s][info][gc,task        ] GC(226) Using 2 workers of 5 for marking
[2026-06-17T09:53:52.762+0800][9.010s][info][gc             ] GC(226) Concurrent Mark 0.875ms
[2026-06-17T09:53:52.762+0800][9.010s][info][gc,cpu         ] GC(226) User=0.00s Sys=0.00s Real=0.00s
[2026-06-17T09:53:52.762+0800][9.011s][info][gc             ] GC(226) Concurrent Preclean
[2026-06-17T09:53:52.763+0800][9.011s][info][gc             ] GC(226) Concurrent Preclean 0.161ms
[2026-06-17T09:53:52.763+0800][9.011s][info][gc,cpu         ] GC(226) User=0.00s Sys=0.00s Real=0.00s
[2026-06-17T09:53:52.763+0800][9.011s][info][gc,start       ] GC(226) Pause Remark
[2026-06-17T09:53:52.763+0800][9.012s][info][gc             ] GC(226) Pause Remark 42M->42M(61M) 0.451ms
[2026-06-17T09:53:52.764+0800][9.012s][info][gc,cpu         ] GC(226) User=0.00s Sys=0.00s Real=0.00s
[2026-06-17T09:53:52.764+0800][9.012s][info][gc             ] GC(226) Concurrent Sweep
[2026-06-17T09:53:52.764+0800][9.012s][info][gc             ] GC(226) Concurrent Sweep 0.220ms
[2026-06-17T09:53:52.764+0800][9.012s][info][gc,cpu         ] GC(226) User=0.00s Sys=0.00s Real=0.00s
[2026-06-17T09:53:52.764+0800][9.012s][info][gc             ] GC(226) Concurrent Reset
[2026-06-17T09:53:52.764+0800][9.012s][info][gc             ] GC(226) Concurrent Reset 0.098ms
[2026-06-17T09:53:52.764+0800][9.012s][info][gc,cpu         ] GC(226) User=0.00s Sys=0.00s Real=0.00s
[2026-06-17T09:53:52.764+0800][9.012s][info][gc,heap        ] GC(226) Old: 39743K->24021K(43712K)
[2026-06-17T09:53:52.813+0800][9.062s][info][gc,start       ] GC(227) Pause Young (Allocation Failure)
[2026-06-17T09:53:52.814+0800][9.062s][info][gc,task        ] GC(227) Using 2 workers of 18 for evacuation
[2026-06-17T09:53:52.815+0800][9.063s][info][gc,heap        ] GC(227) ParNew: 19631K->2130K(19648K)
[2026-06-17T09:53:52.815+0800][9.063s][info][gc,heap        ] GC(227) CMS: 24021K->26627K(43712K)
[2026-06-17T09:53:52.815+0800][9.064s][info][gc,metaspace   ] GC(227) Metaspace: 3156K(4864K)->3156K(4864K) NonClass: 2851K(4352K)->2851K(4352K) Class: 305K(512K)->305K(512K)
[2026-06-17T09:53:52.816+0800][9.064s][info][gc             ] GC(227) Pause Young (Allocation Failure) 42M->28M(61M) 2.329ms
[2026-06-17T09:53:52.816+0800][9.064s][info][gc,cpu         ] GC(227) User=0.00s Sys=0.00s Real=0.00s
[2026-06-17T09:53:52.858+0800][9.106s][info][gc,start       ] GC(228) Pause Young (Allocation Failure)
[2026-06-17T09:53:52.859+0800][9.107s][info][gc,task        ] GC(228) Using 2 workers of 18 for evacuation
[2026-06-17T09:53:52.861+0800][9.109s][info][gc,heap        ] GC(228) ParNew: 19584K->2101K(19648K)
[2026-06-17T09:53:52.861+0800][9.109s][info][gc,heap        ] GC(228) CMS: 26627K->30303K(43712K)
[2026-06-17T09:53:52.862+0800][9.110s][info][gc,metaspace   ] GC(228) Metaspace: 3156K(4864K)->3156K(4864K) NonClass: 2851K(4352K)->2851K(4352K) Class: 305K(512K)->305K(512K)
[2026-06-17T09:53:52.862+0800][9.110s][info][gc             ] GC(228) Pause Young (Allocation Failure) 45M->31M(61M) 3.940ms
[2026-06-17T09:53:52.862+0800][9.110s][info][gc,cpu         ] GC(228) User=0.01s Sys=0.00s Real=0.00s
[2026-06-17T09:53:52.904+0800][9.153s][info][gc,start       ] GC(229) Pause Young (Allocation Failure)
[2026-06-17T09:53:52.905+0800][9.153s][info][gc,task        ] GC(229) Using 2 workers of 18 for evacuation
[2026-06-17T09:53:52.906+0800][9.154s][info][gc,heap        ] GC(229) ParNew: 19561K->2154K(19648K)
[2026-06-17T09:53:52.906+0800][9.154s][info][gc,heap        ] GC(229) CMS: 30303K->33783K(43712K)
[2026-06-17T09:53:52.906+0800][9.154s][info][gc,metaspace   ] GC(229) Metaspace: 3156K(4864K)->3156K(4864K) NonClass: 2851K(4352K)->2851K(4352K) Class: 305K(512K)->305K(512K)
[2026-06-17T09:53:52.906+0800][9.154s][info][gc             ] GC(229) Pause Young (Allocation Failure) 48M->35M(61M) 1.841ms
[2026-06-17T09:53:52.906+0800][9.154s][info][gc,cpu         ] GC(229) User=0.00s Sys=0.00s Real=0.00s
[2026-06-17T09:53:52.949+0800][9.197s][info][gc,start       ] GC(230) Pause Young (Allocation Failure)
[2026-06-17T09:53:52.949+0800][9.197s][info][gc,task        ] GC(230) Using 2 workers of 18 for evacuation
[2026-06-17T09:53:52.950+0800][9.198s][info][gc,heap        ] GC(230) ParNew: 19626K->2172K(19648K)
[2026-06-17T09:53:52.951+0800][9.199s][info][gc,heap        ] GC(230) CMS: 33783K->37574K(43712K)
[2026-06-17T09:53:52.951+0800][9.199s][info][gc,metaspace   ] GC(230) Metaspace: 3156K(4864K)->3156K(4864K) NonClass: 2851K(4352K)->2851K(4352K) Class: 305K(512K)->305K(512K)
[2026-06-17T09:53:52.952+0800][9.200s][info][gc             ] GC(230) Pause Young (Allocation Failure) 52M->38M(61M) 3.063ms
[2026-06-17T09:53:52.952+0800][9.200s][info][gc,cpu         ] GC(230) User=0.00s Sys=0.00s Real=0.01s
[2026-06-17T09:53:52.953+0800][9.201s][info][gc,start       ] GC(231) Pause Initial Mark
[2026-06-17T09:53:52.954+0800][9.202s][info][gc             ] GC(231) Pause Initial Mark 40M->40M(61M) 0.577ms
[2026-06-17T09:53:52.954+0800][9.202s][info][gc,cpu         ] GC(231) User=0.00s Sys=0.00s Real=0.00s
[2026-06-17T09:53:52.955+0800][9.203s][info][gc             ] GC(231) Concurrent Mark
[2026-06-17T09:53:52.955+0800][9.203s][info][gc,task        ] GC(231) Using 2 workers of 5 for marking
[2026-06-17T09:53:52.956+0800][9.205s][info][gc             ] GC(231) Concurrent Mark 1.721ms
[2026-06-17T09:53:52.957+0800][9.205s][info][gc,cpu         ] GC(231) User=0.00s Sys=0.00s Real=0.00s
[2026-06-17T09:53:52.957+0800][9.206s][info][gc             ] GC(231) Concurrent Preclean
[2026-06-17T09:53:52.958+0800][9.206s][info][gc             ] GC(231) Concurrent Preclean 0.482ms
[2026-06-17T09:53:52.958+0800][9.206s][info][gc,cpu         ] GC(231) User=0.00s Sys=0.00s Real=0.00s
[2026-06-17T09:53:52.959+0800][9.207s][info][gc             ] GC(231) Concurrent Abortable Preclean
[2026-06-17T09:53:52.996+0800][9.244s][info][gc,start       ] GC(232) Pause Young (Allocation Failure)
[2026-06-17T09:53:52.997+0800][9.245s][info][gc,task        ] GC(232) Using 2 workers of 18 for evacuation
[2026-06-17T09:53:52.998+0800][9.246s][info][gc,heap        ] GC(232) ParNew: 19642K->2167K(19648K)
[2026-06-17T09:53:52.999+0800][9.247s][info][gc,heap        ] GC(232) CMS: 37574K->42487K(43712K)
[2026-06-17T09:53:53.000+0800][9.248s][info][gc,metaspace   ] GC(232) Metaspace: 3156K(4864K)->3156K(4864K) NonClass: 2851K(4352K)->2851K(4352K) Class: 305K(512K)->305K(512K)
[2026-06-17T09:53:53.000+0800][9.248s][info][gc             ] GC(232) Pause Young (Allocation Failure) 55M->43M(61M) 4.138ms
[2026-06-17T09:53:53.001+0800][9.249s][info][gc,cpu         ] GC(232) User=0.00s Sys=0.00s Real=0.00s
[2026-06-17T09:53:53.002+0800][9.250s][info][gc             ] GC(231) Concurrent Abortable Preclean 43.083ms
[2026-06-17T09:53:53.002+0800][9.250s][info][gc,cpu         ] GC(231) User=0.01s Sys=0.00s Real=0.04s
[2026-06-17T09:53:53.003+0800][9.251s][info][gc,start       ] GC(231) Pause Remark
[2026-06-17T09:53:53.004+0800][9.252s][info][gc             ] GC(231) Pause Remark 45M->45M(61M) 0.962ms
[2026-06-17T09:53:53.004+0800][9.252s][info][gc,cpu         ] GC(231) User=0.00s Sys=0.00s Real=0.00s
[2026-06-17T09:53:53.005+0800][9.253s][info][gc             ] GC(231) Concurrent Sweep
[2026-06-17T09:53:53.006+0800][9.254s][info][gc             ] GC(231) Concurrent Sweep 0.769ms
[2026-06-17T09:53:53.006+0800][9.254s][info][gc,cpu         ] GC(231) User=0.00s Sys=0.00s Real=0.00s
[2026-06-17T09:53:53.007+0800][9.255s][info][gc             ] GC(231) Concurrent Reset
[2026-06-17T09:53:53.007+0800][9.255s][info][gc             ] GC(231) Concurrent Reset 0.294ms
[2026-06-17T09:53:53.007+0800][9.255s][info][gc,cpu         ] GC(231) User=0.00s Sys=0.00s Real=0.00s
[2026-06-17T09:53:53.008+0800][9.256s][info][gc,heap        ] GC(231) Old: 37574K->29736K(43712K)
[2026-06-17T09:53:53.054+0800][9.302s][info][gc,start       ] GC(233) Pause Young (Allocation Failure)
[2026-06-17T09:53:53.054+0800][9.302s][info][gc,task        ] GC(233) Using 2 workers of 18 for evacuation
[2026-06-17T09:53:53.055+0800][9.303s][info][gc,heap        ] GC(233) ParNew: 19627K->1861K(19648K)
[2026-06-17T09:53:53.055+0800][9.303s][info][gc,heap        ] GC(233) CMS: 29736K->30783K(43712K)
[2026-06-17T09:53:53.055+0800][9.303s][info][gc,metaspace   ] GC(233) Metaspace: 3156K(4864K)->3156K(4864K) NonClass: 2851K(4352K)->2851K(4352K) Class: 305K(512K)->305K(512K)
[2026-06-17T09:53:53.055+0800][9.304s][info][gc             ] GC(233) Pause Young (Allocation Failure) 48M->31M(61M) 1.548ms
[2026-06-17T09:53:53.055+0800][9.304s][info][gc,cpu         ] GC(233) User=0.00s Sys=0.00s Real=0.00s
[2026-06-17T09:53:53.087+0800][9.336s][info][gc,start       ] GC(234) Pause Young (Allocation Failure)
[2026-06-17T09:53:53.088+0800][9.336s][info][gc,task        ] GC(234) Using 2 workers of 18 for evacuation
[2026-06-17T09:53:53.089+0800][9.337s][info][gc,heap        ] GC(234) ParNew: 19182K->2137K(19648K)
[2026-06-17T09:53:53.089+0800][9.337s][info][gc,heap        ] GC(234) CMS: 30783K->33875K(43712K)
[2026-06-17T09:53:53.090+0800][9.338s][info][gc,metaspace   ] GC(234) Metaspace: 3156K(4864K)->3156K(4864K) NonClass: 2851K(4352K)->2851K(4352K) Class: 305K(512K)->305K(512K)
[2026-06-17T09:53:53.090+0800][9.338s][info][gc             ] GC(234) Pause Young (Allocation Failure) 48M->35M(61M) 2.546ms
[2026-06-17T09:53:53.090+0800][9.338s][info][gc,cpu         ] GC(234) User=0.00s Sys=0.00s Real=0.00s
[2026-06-17T09:53:53.091+0800][9.339s][info][gc,start       ] GC(235) Pause Initial Mark
[2026-06-17T09:53:53.091+0800][9.340s][info][gc             ] GC(235) Pause Initial Mark 35M->35M(61M) 0.564ms
[2026-06-17T09:53:53.092+0800][9.340s][info][gc,cpu         ] GC(235) User=0.00s Sys=0.00s Real=0.00s
[2026-06-17T09:53:53.092+0800][9.340s][info][gc             ] GC(235) Concurrent Mark
[2026-06-17T09:53:53.093+0800][9.341s][info][gc,task        ] GC(235) Using 2 workers of 5 for marking
[2026-06-17T09:53:53.094+0800][9.342s][info][gc             ] GC(235) Concurrent Mark 1.481ms
[2026-06-17T09:53:53.094+0800][9.342s][info][gc,cpu         ] GC(235) User=0.00s Sys=0.00s Real=0.00s
[2026-06-17T09:53:53.094+0800][9.343s][info][gc             ] GC(235) Concurrent Preclean
[2026-06-17T09:53:53.095+0800][9.343s][info][gc             ] GC(235) Concurrent Preclean 0.289ms
[2026-06-17T09:53:53.095+0800][9.343s][info][gc,cpu         ] GC(235) User=0.00s Sys=0.00s Real=0.00s
[2026-06-17T09:53:53.096+0800][9.344s][info][gc,start       ] GC(235) Pause Remark
[2026-06-17T09:53:53.097+0800][9.345s][info][gc             ] GC(235) Pause Remark 35M->35M(61M) 0.793ms
[2026-06-17T09:53:53.097+0800][9.345s][info][gc,cpu         ] GC(235) User=0.00s Sys=0.00s Real=0.00s
[2026-06-17T09:53:53.097+0800][9.346s][info][gc             ] GC(235) Concurrent Sweep
[2026-06-17T09:53:53.098+0800][9.346s][info][gc             ] GC(235) Concurrent Sweep 0.597ms
[2026-06-17T09:53:53.098+0800][9.347s][info][gc,cpu         ] GC(235) User=0.00s Sys=0.00s Real=0.00s
[2026-06-17T09:53:53.099+0800][9.347s][info][gc             ] GC(235) Concurrent Reset
[2026-06-17T09:53:53.099+0800][9.347s][info][gc             ] GC(235) Concurrent Reset 0.356ms
[2026-06-17T09:53:53.100+0800][9.348s][info][gc,cpu         ] GC(235) User=0.00s Sys=0.00s Real=0.00s
[2026-06-17T09:53:53.100+0800][9.348s][info][gc,heap        ] GC(235) Old: 33875K->21448K(43712K)
[2026-06-17T09:53:53.134+0800][9.382s][info][gc,start       ] GC(236) Pause Young (Allocation Failure)
[2026-06-17T09:53:53.135+0800][9.383s][info][gc,task        ] GC(236) Using 2 workers of 18 for evacuation
[2026-06-17T09:53:53.136+0800][9.384s][info][gc,heap        ] GC(236) ParNew: 19576K->2174K(19648K)
[2026-06-17T09:53:53.136+0800][9.384s][info][gc,heap        ] GC(236) CMS: 21448K->28472K(43712K)
[2026-06-17T09:53:53.136+0800][9.385s][info][gc,metaspace   ] GC(236) Metaspace: 3156K(4864K)->3156K(4864K) NonClass: 2851K(4352K)->2851K(4352K) Class: 305K(512K)->305K(512K)
[2026-06-17T09:53:53.137+0800][9.385s][info][gc             ] GC(236) Pause Young (Allocation Failure) 40M->29M(61M) 2.295ms
[2026-06-17T09:53:53.137+0800][9.385s][info][gc,cpu         ] GC(236) User=0.00s Sys=0.00s Real=0.00s
[2026-06-17T09:53:53.137+0800][9.385s][info][gc,start       ] GC(237) Pause Initial Mark
[2026-06-17T09:53:53.137+0800][9.385s][info][gc             ] GC(237) Pause Initial Mark 30M->30M(61M) 0.277ms
[2026-06-17T09:53:53.138+0800][9.386s][info][gc,cpu         ] GC(237) User=0.00s Sys=0.00s Real=0.00s
[2026-06-17T09:53:53.138+0800][9.386s][info][gc             ] GC(237) Concurrent Mark
[2026-06-17T09:53:53.138+0800][9.386s][info][gc,task        ] GC(237) Using 2 workers of 5 for marking
[2026-06-17T09:53:53.139+0800][9.387s][info][gc             ] GC(237) Concurrent Mark 1.300ms
[2026-06-17T09:53:53.139+0800][9.387s][info][gc,cpu         ] GC(237) User=0.00s Sys=0.00s Real=0.00s
[2026-06-17T09:53:53.139+0800][9.387s][info][gc             ] GC(237) Concurrent Preclean
[2026-06-17T09:53:53.139+0800][9.387s][info][gc             ] GC(237) Concurrent Preclean 0.090ms
[2026-06-17T09:53:53.139+0800][9.388s][info][gc,cpu         ] GC(237) User=0.00s Sys=0.00s Real=0.00s
[2026-06-17T09:53:53.139+0800][9.388s][info][gc,start       ] GC(237) Pause Remark
[2026-06-17T09:53:53.140+0800][9.388s][info][gc             ] GC(237) Pause Remark 30M->30M(61M) 0.403ms
[2026-06-17T09:53:53.140+0800][9.388s][info][gc,cpu         ] GC(237) User=0.00s Sys=0.00s Real=0.00s
[2026-06-17T09:53:53.140+0800][9.388s][info][gc             ] GC(237) Concurrent Sweep
[2026-06-17T09:53:53.140+0800][9.388s][info][gc             ] GC(237) Concurrent Sweep 0.198ms
[2026-06-17T09:53:53.140+0800][9.389s][info][gc,cpu         ] GC(237) User=0.00s Sys=0.00s Real=0.00s
[2026-06-17T09:53:53.141+0800][9.389s][info][gc             ] GC(237) Concurrent Reset
[2026-06-17T09:53:53.141+0800][9.389s][info][gc             ] GC(237) Concurrent Reset 0.158ms
[2026-06-17T09:53:53.141+0800][9.389s][info][gc,cpu         ] GC(237) User=0.01s Sys=0.00s Real=0.00s
[2026-06-17T09:53:53.141+0800][9.389s][info][gc,heap        ] GC(237) Old: 28472K->28472K(43712K)
[2026-06-17T09:53:53.189+0800][9.437s][info][gc,start       ] GC(238) Pause Young (Allocation Failure)
[2026-06-17T09:53:53.190+0800][9.438s][info][gc,task        ] GC(238) Using 2 workers of 18 for evacuation
[2026-06-17T09:53:53.190+0800][9.439s][info][gc,heap        ] GC(238) ParNew: 19645K->2174K(19648K)
[2026-06-17T09:53:53.191+0800][9.439s][info][gc,heap        ] GC(238) CMS: 28472K->31606K(43712K)
[2026-06-17T09:53:53.191+0800][9.439s][info][gc,metaspace   ] GC(238) Metaspace: 3156K(4864K)->3156K(4864K) NonClass: 2851K(4352K)->2851K(4352K) Class: 305K(512K)->305K(512K)
[2026-06-17T09:53:53.191+0800][9.439s][info][gc             ] GC(238) Pause Young (Allocation Failure) 46M->32M(61M) 1.523ms
[2026-06-17T09:53:53.191+0800][9.439s][info][gc,cpu         ] GC(238) User=0.00s Sys=0.00s Real=0.01s
[2026-06-17T09:53:53.191+0800][9.439s][info][gc,start       ] GC(239) Pause Initial Mark
[2026-06-17T09:53:53.191+0800][9.440s][info][gc             ] GC(239) Pause Initial Mark 33M->33M(61M) 0.246ms
[2026-06-17T09:53:53.192+0800][9.440s][info][gc,cpu         ] GC(239) User=0.00s Sys=0.00s Real=0.00s
[2026-06-17T09:53:53.192+0800][9.440s][info][gc             ] GC(239) Concurrent Mark
[2026-06-17T09:53:53.192+0800][9.440s][info][gc,task        ] GC(239) Using 2 workers of 5 for marking
[2026-06-17T09:53:53.193+0800][9.441s][info][gc             ] GC(239) Concurrent Mark 0.943ms
[2026-06-17T09:53:53.193+0800][9.441s][info][gc,cpu         ] GC(239) User=0.00s Sys=0.01s Real=0.00s
[2026-06-17T09:53:53.193+0800][9.441s][info][gc             ] GC(239) Concurrent Preclean
[2026-06-17T09:53:53.193+0800][9.441s][info][gc             ] GC(239) Concurrent Preclean 0.153ms
[2026-06-17T09:53:53.193+0800][9.441s][info][gc,cpu         ] GC(239) User=0.00s Sys=0.00s Real=0.00s
[2026-06-17T09:53:53.193+0800][9.441s][info][gc             ] GC(239) Concurrent Abortable Preclean
[2026-06-17T09:53:53.234+0800][9.482s][info][gc,start       ] GC(240) Pause Young (Allocation Failure)
[2026-06-17T09:53:53.236+0800][9.484s][info][gc,task        ] GC(240) Using 2 workers of 18 for evacuation
[2026-06-17T09:53:53.238+0800][9.486s][info][gc,heap        ] GC(240) ParNew: 19646K->2153K(19648K)
[2026-06-17T09:53:53.240+0800][9.488s][info][gc,heap        ] GC(240) CMS: 31606K->35464K(43712K)
[2026-06-17T09:53:53.241+0800][9.489s][info][gc,metaspace   ] GC(240) Metaspace: 3156K(4864K)->3156K(4864K) NonClass: 2851K(4352K)->2851K(4352K) Class: 305K(512K)->305K(512K)
[2026-06-17T09:53:53.243+0800][9.491s][info][gc             ] GC(240) Pause Young (Allocation Failure) 50M->36M(61M) 9.378ms
[2026-06-17T09:53:53.245+0800][9.493s][info][gc,cpu         ] GC(240) User=0.00s Sys=0.00s Real=0.01s
[2026-06-17T09:53:53.307+0800][9.555s][info][gc,start       ] GC(241) Pause Young (Allocation Failure)
[2026-06-17T09:53:53.308+0800][9.556s][info][gc,task        ] GC(241) Using 2 workers of 18 for evacuation
[2026-06-17T09:53:53.308+0800][9.556s][info][gc,heap        ] GC(241) ParNew: 19625K->2082K(19648K)
[2026-06-17T09:53:53.308+0800][9.557s][info][gc,heap        ] GC(241) CMS: 35464K->36567K(43712K)
[2026-06-17T09:53:53.309+0800][9.557s][info][gc,metaspace   ] GC(241) Metaspace: 3156K(4864K)->3156K(4864K) NonClass: 2851K(4352K)->2851K(4352K) Class: 305K(512K)->305K(512K)
[2026-06-17T09:53:53.309+0800][9.557s][info][gc             ] GC(241) Pause Young (Allocation Failure) 53M->37M(61M) 1.699ms
[2026-06-17T09:53:53.309+0800][9.557s][info][gc,cpu         ] GC(241) User=0.00s Sys=0.00s Real=0.00s
[2026-06-17T09:53:53.341+0800][9.589s][info][gc,start       ] GC(242) Pause Young (Allocation Failure)
[2026-06-17T09:53:53.342+0800][9.590s][info][gc,task        ] GC(242) Using 2 workers of 18 for evacuation
[2026-06-17T09:53:53.343+0800][9.591s][info][gc,heap        ] GC(242) ParNew: 19305K->2175K(19648K)
[2026-06-17T09:53:53.343+0800][9.591s][info][gc,heap        ] GC(242) CMS: 36567K->39700K(43712K)
[2026-06-17T09:53:53.343+0800][9.591s][info][gc,metaspace   ] GC(242) Metaspace: 3156K(4864K)->3156K(4864K) NonClass: 2851K(4352K)->2851K(4352K) Class: 305K(512K)->305K(512K)
[2026-06-17T09:53:53.344+0800][9.592s][info][gc             ] GC(242) Pause Young (Allocation Failure) 54M->40M(61M) 2.492ms
[2026-06-17T09:53:53.344+0800][9.592s][info][gc,cpu         ] GC(242) User=0.00s Sys=0.00s Real=0.01s
[2026-06-17T09:53:53.396+0800][9.644s][info][gc,start       ] GC(243) Pause Young (Allocation Failure)
[2026-06-17T09:53:53.396+0800][9.645s][info][gc,task        ] GC(243) Using 2 workers of 18 for evacuation
[2026-06-17T09:53:53.397+0800][9.645s][info][gc,start       ] GC(244) Pause Full (Allocation Failure)
[2026-06-17T09:53:53.397+0800][9.645s][info][gc             ] GC(239) Concurrent Abortable Preclean 203.940ms
[2026-06-17T09:53:53.398+0800][9.646s][info][gc,cpu         ] GC(239) User=0.00s Sys=0.00s Real=0.20s
[2026-06-17T09:53:53.398+0800][9.646s][info][gc,phases,start] GC(244) Phase 1: Mark live objects
[2026-06-17T09:53:53.399+0800][9.647s][info][gc,phases      ] GC(244) Phase 1: Mark live objects 0.898ms
[2026-06-17T09:53:53.399+0800][9.647s][info][gc,phases,start] GC(244) Phase 2: Compute new object addresses
[2026-06-17T09:53:53.400+0800][9.648s][info][gc,phases      ] GC(244) Phase 2: Compute new object addresses 0.528ms
[2026-06-17T09:53:53.400+0800][9.648s][info][gc,phases,start] GC(244) Phase 3: Adjust pointers
[2026-06-17T09:53:53.400+0800][9.649s][info][gc,phases      ] GC(244) Phase 3: Adjust pointers 0.446ms
[2026-06-17T09:53:53.401+0800][9.649s][info][gc,phases,start] GC(244) Phase 4: Move objects
[2026-06-17T09:53:53.403+0800][9.651s][info][gc,phases      ] GC(244) Phase 4: Move objects 2.329ms
[2026-06-17T09:53:53.403+0800][9.652s][info][gc             ] GC(244) Pause Full (Allocation Failure) 57M->22M(61M) 6.622ms
[2026-06-17T09:53:53.404+0800][9.652s][info][gc,heap        ] GC(243) ParNew: 19604K->0K(19648K)
[2026-06-17T09:53:53.404+0800][9.652s][info][gc,heap        ] GC(243) CMS: 39700K->22836K(43712K)
[2026-06-17T09:53:53.404+0800][9.652s][info][gc,metaspace   ] GC(243) Metaspace: 3156K(4864K)->3156K(4864K) NonClass: 2851K(4352K)->2851K(4352K) Class: 305K(512K)->305K(512K)
[2026-06-17T09:53:53.404+0800][9.652s][info][gc             ] GC(243) Pause Young (Allocation Failure) 57M->22M(61M) 7.948ms
[2026-06-17T09:53:53.404+0800][9.652s][info][gc,cpu         ] GC(243) User=0.01s Sys=0.00s Real=0.01s
[2026-06-17T09:53:53.446+0800][9.694s][info][gc,start       ] GC(245) Pause Young (Allocation Failure)
[2026-06-17T09:53:53.447+0800][9.695s][info][gc,task        ] GC(245) Using 2 workers of 18 for evacuation
[2026-06-17T09:53:53.451+0800][9.700s][info][gc,heap        ] GC(245) ParNew: 17424K->2175K(19648K)
[2026-06-17T09:53:53.452+0800][9.700s][info][gc,heap        ] GC(245) CMS: 22836K->28195K(43712K)
[2026-06-17T09:53:53.452+0800][9.700s][info][gc,metaspace   ] GC(245) Metaspace: 3156K(4864K)->3156K(4864K) NonClass: 2851K(4352K)->2851K(4352K) Class: 305K(512K)->305K(512K)
[2026-06-17T09:53:53.453+0800][9.701s][info][gc             ] GC(245) Pause Young (Allocation Failure) 39M->29M(61M) 6.993ms
[2026-06-17T09:53:53.453+0800][9.702s][info][gc,cpu         ] GC(245) User=0.00s Sys=0.00s Real=0.01s
[2026-06-17T09:53:53.496+0800][9.744s][info][gc,start       ] GC(246) Pause Young (Allocation Failure)
[2026-06-17T09:53:53.496+0800][9.744s][info][gc,task        ] GC(246) Using 2 workers of 18 for evacuation
[2026-06-17T09:53:53.497+0800][9.745s][info][gc,heap        ] GC(246) ParNew: 19647K->2170K(19648K)
[2026-06-17T09:53:53.497+0800][9.746s][info][gc,heap        ] GC(246) CMS: 28195K->33947K(43712K)
[2026-06-17T09:53:53.498+0800][9.746s][info][gc,metaspace   ] GC(246) Metaspace: 3156K(4864K)->3156K(4864K) NonClass: 2851K(4352K)->2851K(4352K) Class: 305K(512K)->305K(512K)
[2026-06-17T09:53:53.498+0800][9.746s][info][gc             ] GC(246) Pause Young (Allocation Failure) 46M->35M(61M) 2.515ms
[2026-06-17T09:53:53.498+0800][9.747s][info][gc,cpu         ] GC(246) User=0.01s Sys=0.00s Real=0.00s
[2026-06-17T09:53:53.499+0800][9.747s][info][gc,start       ] GC(247) Pause Initial Mark
[2026-06-17T09:53:53.500+0800][9.748s][info][gc             ] GC(247) Pause Initial Mark 36M->36M(61M) 0.359ms
[2026-06-17T09:53:53.500+0800][9.748s][info][gc,cpu         ] GC(247) User=0.00s Sys=0.00s Real=0.00s
[2026-06-17T09:53:53.500+0800][9.748s][info][gc             ] GC(247) Concurrent Mark
[2026-06-17T09:53:53.500+0800][9.748s][info][gc,task        ] GC(247) Using 2 workers of 5 for marking
[2026-06-17T09:53:53.501+0800][9.749s][info][gc             ] GC(247) Concurrent Mark 0.780ms
[2026-06-17T09:53:53.501+0800][9.749s][info][gc,cpu         ] GC(247) User=0.00s Sys=0.00s Real=0.00s
[2026-06-17T09:53:53.501+0800][9.749s][info][gc             ] GC(247) Concurrent Preclean
[2026-06-17T09:53:53.501+0800][9.749s][info][gc             ] GC(247) Concurrent Preclean 0.132ms
[2026-06-17T09:53:53.501+0800][9.749s][info][gc,cpu         ] GC(247) User=0.00s Sys=0.00s Real=0.00s
[2026-06-17T09:53:53.501+0800][9.750s][info][gc,start       ] GC(247) Pause Remark
[2026-06-17T09:53:53.502+0800][9.750s][info][gc             ] GC(247) Pause Remark 37M->37M(61M) 0.649ms
[2026-06-17T09:53:53.502+0800][9.750s][info][gc,cpu         ] GC(247) User=0.00s Sys=0.00s Real=0.00s
[2026-06-17T09:53:53.503+0800][9.751s][info][gc             ] GC(247) Concurrent Sweep
[2026-06-17T09:53:53.503+0800][9.751s][info][gc             ] GC(247) Concurrent Sweep 0.257ms
[2026-06-17T09:53:53.503+0800][9.751s][info][gc,cpu         ] GC(247) User=0.00s Sys=0.00s Real=0.00s
[2026-06-17T09:53:53.503+0800][9.751s][info][gc             ] GC(247) Concurrent Reset
[2026-06-17T09:53:53.503+0800][9.751s][info][gc             ] GC(247) Concurrent Reset 0.094ms
[2026-06-17T09:53:53.503+0800][9.751s][info][gc,cpu         ] GC(247) User=0.00s Sys=0.00s Real=0.00s
[2026-06-17T09:53:53.503+0800][9.751s][info][gc,heap        ] GC(247) Old: 33947K->28134K(43712K)
[2026-06-17T09:53:53.541+0800][9.790s][info][gc,start       ] GC(248) Pause Young (Allocation Failure)
[2026-06-17T09:53:53.542+0800][9.790s][info][gc,task        ] GC(248) Using 2 workers of 18 for evacuation
[2026-06-17T09:53:53.543+0800][9.791s][info][gc,heap        ] GC(248) ParNew: 19594K->2168K(19648K)
[2026-06-17T09:53:53.543+0800][9.791s][info][gc,heap        ] GC(248) CMS: 28134K->33264K(43712K)
[2026-06-17T09:53:53.543+0800][9.791s][info][gc,metaspace   ] GC(248) Metaspace: 3156K(4864K)->3156K(4864K) NonClass: 2851K(4352K)->2851K(4352K) Class: 305K(512K)->305K(512K)
[2026-06-17T09:53:53.543+0800][9.792s][info][gc             ] GC(248) Pause Young (Allocation Failure) 46M->34M(61M) 1.913ms
[2026-06-17T09:53:53.544+0800][9.792s][info][gc,cpu         ] GC(248) User=0.00s Sys=0.00s Real=0.01s
[2026-06-17T09:53:53.544+0800][9.792s][info][gc,start       ] GC(249) Pause Initial Mark
[2026-06-17T09:53:53.544+0800][9.793s][info][gc             ] GC(249) Pause Initial Mark 36M->36M(61M) 0.483ms
[2026-06-17T09:53:53.545+0800][9.793s][info][gc,cpu         ] GC(249) User=0.00s Sys=0.00s Real=0.00s
[2026-06-17T09:53:53.545+0800][9.793s][info][gc             ] GC(249) Concurrent Mark
[2026-06-17T09:53:53.545+0800][9.794s][info][gc,task        ] GC(249) Using 2 workers of 5 for marking
[2026-06-17T09:53:53.546+0800][9.794s][info][gc             ] GC(249) Concurrent Mark 1.120ms
[2026-06-17T09:53:53.547+0800][9.795s][info][gc,cpu         ] GC(249) User=0.00s Sys=0.00s Real=0.00s
[2026-06-17T09:53:53.547+0800][9.795s][info][gc             ] GC(249) Concurrent Preclean
[2026-06-17T09:53:53.547+0800][9.795s][info][gc             ] GC(249) Concurrent Preclean 0.154ms
[2026-06-17T09:53:53.547+0800][9.795s][info][gc,cpu         ] GC(249) User=0.00s Sys=0.00s Real=0.00s
[2026-06-17T09:53:53.547+0800][9.795s][info][gc             ] GC(249) Concurrent Abortable Preclean
[2026-06-17T09:53:53.585+0800][9.833s][info][gc,start       ] GC(250) Pause Young (Allocation Failure)
[2026-06-17T09:53:53.587+0800][9.835s][info][gc,task        ] GC(250) Using 2 workers of 18 for evacuation
[2026-06-17T09:53:53.589+0800][9.837s][info][gc,heap        ] GC(250) ParNew: 19640K->2175K(19648K)
[2026-06-17T09:53:53.591+0800][9.839s][info][gc,heap        ] GC(250) CMS: 33264K->38299K(43712K)
[2026-06-17T09:53:53.593+0800][9.841s][info][gc,metaspace   ] GC(250) Metaspace: 3156K(4864K)->3156K(4864K) NonClass: 2851K(4352K)->2851K(4352K) Class: 305K(512K)->305K(512K)
[2026-06-17T09:53:53.596+0800][9.844s][info][gc             ] GC(250) Pause Young (Allocation Failure) 51M->39M(61M) 10.528ms
[2026-06-17T09:53:53.597+0800][9.845s][info][gc,cpu         ] GC(250) User=0.00s Sys=0.00s Real=0.01s
[2026-06-17T09:53:53.639+0800][9.887s][info][gc,start       ] GC(251) Pause Young (Allocation Failure)
[2026-06-17T09:53:53.639+0800][9.887s][info][gc,task        ] GC(251) Using 2 workers of 18 for evacuation
[2026-06-17T09:53:53.639+0800][9.887s][info][gc,start       ] GC(252) Pause Full (Allocation Failure)
[2026-06-17T09:53:53.639+0800][9.888s][info][gc             ] GC(249) Concurrent Abortable Preclean 92.302ms
[2026-06-17T09:53:53.640+0800][9.888s][info][gc,cpu         ] GC(249) User=0.01s Sys=0.00s Real=0.09s
[2026-06-17T09:53:53.640+0800][9.888s][info][gc,phases,start] GC(252) Phase 1: Mark live objects
[2026-06-17T09:53:53.641+0800][9.889s][info][gc,phases      ] GC(252) Phase 1: Mark live objects 0.694ms
[2026-06-17T09:53:53.641+0800][9.889s][info][gc,phases,start] GC(252) Phase 2: Compute new object addresses
[2026-06-17T09:53:53.642+0800][9.890s][info][gc,phases      ] GC(252) Phase 2: Compute new object addresses 0.873ms
[2026-06-17T09:53:53.645+0800][9.893s][info][gc,phases,start] GC(252) Phase 3: Adjust pointers
[2026-06-17T09:53:53.647+0800][9.895s][info][gc,phases      ] GC(252) Phase 3: Adjust pointers 1.939ms
[2026-06-17T09:53:53.649+0800][9.897s][info][gc,phases,start] GC(252) Phase 4: Move objects
[2026-06-17T09:53:53.652+0800][9.900s][info][gc,phases      ] GC(252) Phase 4: Move objects 3.137ms
[2026-06-17T09:53:53.654+0800][9.902s][info][gc             ] GC(252) Pause Full (Allocation Failure) 56M->29M(61M) 14.643ms
[2026-06-17T09:53:53.656+0800][9.904s][info][gc,heap        ] GC(251) ParNew: 19647K->0K(19648K)
[2026-06-17T09:53:53.657+0800][9.905s][info][gc,heap        ] GC(251) CMS: 38299K->29972K(43712K)
[2026-06-17T09:53:53.658+0800][9.907s][info][gc,metaspace   ] GC(251) Metaspace: 3156K(4864K)->3156K(4864K) NonClass: 2851K(4352K)->2851K(4352K) Class: 305K(512K)->305K(512K)
[2026-06-17T09:53:53.661+0800][9.909s][info][gc             ] GC(251) Pause Young (Allocation Failure) 56M->29M(61M) 22.335ms
[2026-06-17T09:53:53.662+0800][9.910s][info][gc,cpu         ] GC(251) User=0.00s Sys=0.00s Real=0.02s
[2026-06-17T09:53:53.714+0800][9.963s][info][gc,start       ] GC(253) Pause Young (Allocation Failure)
[2026-06-17T09:53:53.715+0800][9.963s][info][gc,task        ] GC(253) Using 2 workers of 18 for evacuation
[2026-06-17T09:53:53.715+0800][9.964s][info][gc,heap        ] GC(253) ParNew: 17472K->2166K(19648K)
[2026-06-17T09:53:53.716+0800][9.964s][info][gc,heap        ] GC(253) CMS: 29972K->31427K(43712K)
[2026-06-17T09:53:53.716+0800][9.964s][info][gc,metaspace   ] GC(253) Metaspace: 3156K(4864K)->3156K(4864K) NonClass: 2851K(4352K)->2851K(4352K) Class: 305K(512K)->305K(512K)
[2026-06-17T09:53:53.716+0800][9.964s][info][gc             ] GC(253) Pause Young (Allocation Failure) 46M->32M(61M) 1.537ms
[2026-06-17T09:53:53.716+0800][9.964s][info][gc,cpu         ] GC(253) User=0.00s Sys=0.00s Real=0.00s
[2026-06-17T09:53:53.748+0800][9.996s][info][gc,start       ] GC(254) Pause Young (Allocation Failure)
[2026-06-17T09:53:53.748+0800][9.996s][info][gc,task        ] GC(254) Using 2 workers of 18 for evacuation
[2026-06-17T09:53:53.749+0800][9.997s][info][gc,heap        ] GC(254) ParNew: 18970K->2097K(19648K)
[2026-06-17T09:53:53.749+0800][9.997s][info][gc,heap        ] GC(254) CMS: 31427K->34591K(43712K)
[2026-06-17T09:53:53.749+0800][9.998s][info][gc,metaspace   ] GC(254) Metaspace: 3157K(4864K)->3157K(4864K) NonClass: 2852K(4352K)->2852K(4352K) Class: 305K(512K)->305K(512K)
[2026-06-17T09:53:53.750+0800][9.998s][info][gc             ] GC(254) Pause Young (Allocation Failure) 49M->35M(61M) 1.808ms
[2026-06-17T09:53:53.750+0800][9.998s][info][gc,cpu         ] GC(254) User=0.00s Sys=0.00s Real=0.00s
[2026-06-17T09:53:53.802+0800][10.050s][info][gc,start       ] GC(255) Pause Young (Allocation Failure)
[2026-06-17T09:53:53.802+0800][10.050s][info][gc,task        ] GC(255) Using 2 workers of 18 for evacuation
[2026-06-17T09:53:53.803+0800][10.051s][info][gc,heap        ] GC(255) ParNew: 19516K->2174K(19648K)
[2026-06-17T09:53:53.803+0800][10.051s][info][gc,heap        ] GC(255) CMS: 34591K->37978K(43712K)
[2026-06-17T09:53:53.803+0800][10.052s][info][gc,metaspace   ] GC(255) Metaspace: 3158K(4864K)->3158K(4864K) NonClass: 2852K(4352K)->2852K(4352K) Class: 305K(512K)->305K(512K)
[2026-06-17T09:53:53.804+0800][10.052s][info][gc             ] GC(255) Pause Young (Allocation Failure) 52M->39M(61M) 1.820ms
[2026-06-17T09:53:53.804+0800][10.052s][info][gc,cpu         ] GC(255) User=0.00s Sys=0.00s Real=0.01s
[2026-06-17T09:53:53.804+0800][10.052s][info][gc,start       ] GC(256) Pause Initial Mark
[2026-06-17T09:53:53.804+0800][10.052s][info][gc             ] GC(256) Pause Initial Mark 40M->40M(61M) 0.195ms
[2026-06-17T09:53:53.804+0800][10.052s][info][gc,cpu         ] GC(256) User=0.00s Sys=0.00s Real=0.00s
[2026-06-17T09:53:53.805+0800][10.053s][info][gc             ] GC(256) Concurrent Mark
[2026-06-17T09:53:53.805+0800][10.053s][info][gc,task        ] GC(256) Using 2 workers of 5 for marking
[2026-06-17T09:53:53.806+0800][10.054s][info][gc             ] GC(256) Concurrent Mark 0.895ms
[2026-06-17T09:53:53.806+0800][10.054s][info][gc,cpu         ] GC(256) User=0.00s Sys=0.00s Real=0.00s
[2026-06-17T09:53:53.806+0800][10.054s][info][gc             ] GC(256) Concurrent Preclean
[2026-06-17T09:53:53.806+0800][10.054s][info][gc             ] GC(256) Concurrent Preclean 0.135ms
[2026-06-17T09:53:53.806+0800][10.054s][info][gc,cpu         ] GC(256) User=0.00s Sys=0.00s Real=0.00s
[2026-06-17T09:53:53.806+0800][10.054s][info][gc             ] GC(256) Concurrent Abortable Preclean
[2026-06-17T09:53:53.846+0800][10.095s][info][gc,start       ] GC(257) Pause Young (Allocation Failure)
[2026-06-17T09:53:53.847+0800][10.095s][info][gc,task        ] GC(257) Using 2 workers of 18 for evacuation
[2026-06-17T09:53:53.848+0800][10.096s][info][gc,heap        ] GC(257) ParNew: 19646K->2170K(19648K)
[2026-06-17T09:53:53.848+0800][10.096s][info][gc,heap        ] GC(257) CMS: 37978K->41840K(43712K)
[2026-06-17T09:53:53.848+0800][10.096s][info][gc,metaspace   ] GC(257) Metaspace: 3158K(4864K)->3158K(4864K) NonClass: 2852K(4352K)->2852K(4352K) Class: 305K(512K)->305K(512K)
[2026-06-17T09:53:53.848+0800][10.097s][info][gc             ] GC(257) Pause Young (Allocation Failure) 56M->42M(61M) 1.959ms
[2026-06-17T09:53:53.849+0800][10.097s][info][gc,cpu         ] GC(257) User=0.00s Sys=0.00s Real=0.00s
[2026-06-17T09:53:53.849+0800][10.097s][info][gc             ] GC(256) Concurrent Abortable Preclean 42.526ms
[2026-06-17T09:53:53.849+0800][10.097s][info][gc,cpu         ] GC(256) User=0.00s Sys=0.00s Real=0.04s
[2026-06-17T09:53:53.849+0800][10.097s][info][gc,start       ] GC(256) Pause Remark
[2026-06-17T09:53:53.850+0800][10.098s][info][gc             ] GC(256) Pause Remark 46M->46M(61M) 0.491ms
[2026-06-17T09:53:53.850+0800][10.098s][info][gc,cpu         ] GC(256) User=0.00s Sys=0.00s Real=0.00s
[2026-06-17T09:53:53.850+0800][10.098s][info][gc             ] GC(256) Concurrent Sweep
[2026-06-17T09:53:53.850+0800][10.098s][info][gc             ] GC(256) Concurrent Sweep 0.254ms
[2026-06-17T09:53:53.850+0800][10.098s][info][gc,cpu         ] GC(256) User=0.00s Sys=0.00s Real=0.00s
[2026-06-17T09:53:53.850+0800][10.099s][info][gc             ] GC(256) Concurrent Reset
[2026-06-17T09:53:53.851+0800][10.099s][info][gc             ] GC(256) Concurrent Reset 0.154ms
[2026-06-17T09:53:53.851+0800][10.099s][info][gc,cpu         ] GC(256) User=0.00s Sys=0.00s Real=0.01s
[2026-06-17T09:53:53.851+0800][10.099s][info][gc,heap        ] GC(256) Old: 37978K->22536K(43712K)
[2026-06-17T09:53:53.890+0800][10.139s][info][gc,start       ] GC(258) Pause Young (Allocation Failure)
[2026-06-17T09:53:53.891+0800][10.139s][info][gc,task        ] GC(258) Using 2 workers of 18 for evacuation
[2026-06-17T09:53:53.892+0800][10.140s][info][gc,heap        ] GC(258) ParNew: 19642K->2172K(19648K)
[2026-06-17T09:53:53.892+0800][10.140s][info][gc,heap        ] GC(258) CMS: 22536K->27371K(43712K)
[2026-06-17T09:53:53.892+0800][10.140s][info][gc,metaspace   ] GC(258) Metaspace: 3158K(4864K)->3158K(4864K) NonClass: 2852K(4352K)->2852K(4352K) Class: 305K(512K)->305K(512K)
[2026-06-17T09:53:53.892+0800][10.140s][info][gc             ] GC(258) Pause Young (Allocation Failure) 41M->28M(61M) 1.786ms
[2026-06-17T09:53:53.892+0800][10.140s][info][gc,cpu         ] GC(258) User=0.00s Sys=0.00s Real=0.01s
[2026-06-17T09:53:53.937+0800][10.185s][info][gc,start       ] GC(259) Pause Young (Allocation Failure)
[2026-06-17T09:53:53.938+0800][10.186s][info][gc,task        ] GC(259) Using 2 workers of 18 for evacuation
[2026-06-17T09:53:53.940+0800][10.188s][info][gc,heap        ] GC(259) ParNew: 19644K->2172K(19648K)
[2026-06-17T09:53:53.940+0800][10.188s][info][gc,heap        ] GC(259) CMS: 27371K->31488K(43712K)
[2026-06-17T09:53:53.940+0800][10.189s][info][gc,metaspace   ] GC(259) Metaspace: 3158K(4864K)->3158K(4864K) NonClass: 2852K(4352K)->2852K(4352K) Class: 305K(512K)->305K(512K)
[2026-06-17T09:53:53.941+0800][10.189s][info][gc             ] GC(259) Pause Young (Allocation Failure) 45M->32M(61M) 3.445ms
[2026-06-17T09:53:53.941+0800][10.189s][info][gc,cpu         ] GC(259) User=0.00s Sys=0.00s Real=0.00s
[2026-06-17T09:53:53.941+0800][10.189s][info][gc,start       ] GC(260) Pause Initial Mark
[2026-06-17T09:53:53.942+0800][10.190s][info][gc             ] GC(260) Pause Initial Mark 34M->34M(61M) 0.411ms
[2026-06-17T09:53:53.942+0800][10.190s][info][gc,cpu         ] GC(260) User=0.00s Sys=0.00s Real=0.00s
[2026-06-17T09:53:53.943+0800][10.191s][info][gc             ] GC(260) Concurrent Mark
[2026-06-17T09:53:53.943+0800][10.191s][info][gc,task        ] GC(260) Using 2 workers of 5 for marking
[2026-06-17T09:53:53.944+0800][10.192s][info][gc             ] GC(260) Concurrent Mark 1.020ms
[2026-06-17T09:53:53.944+0800][10.192s][info][gc,cpu         ] GC(260) User=0.00s Sys=0.00s Real=0.00s
[2026-06-17T09:53:53.944+0800][10.192s][info][gc             ] GC(260) Concurrent Preclean
[2026-06-17T09:53:53.945+0800][10.193s][info][gc             ] GC(260) Concurrent Preclean 0.375ms
[2026-06-17T09:53:53.945+0800][10.193s][info][gc,cpu         ] GC(260) User=0.00s Sys=0.00s Real=0.00s
[2026-06-17T09:53:53.945+0800][10.193s][info][gc,start       ] GC(260) Pause Remark
[2026-06-17T09:53:53.946+0800][10.194s][info][gc             ] GC(260) Pause Remark 34M->34M(61M) 0.500ms
[2026-06-17T09:53:53.946+0800][10.194s][info][gc,cpu         ] GC(260) User=0.00s Sys=0.00s Real=0.00s
[2026-06-17T09:53:53.946+0800][10.194s][info][gc             ] GC(260) Concurrent Sweep
[2026-06-17T09:53:53.946+0800][10.195s][info][gc             ] GC(260) Concurrent Sweep 0.279ms
[2026-06-17T09:53:53.947+0800][10.195s][info][gc,cpu         ] GC(260) User=0.00s Sys=0.00s Real=0.00s
[2026-06-17T09:53:53.947+0800][10.195s][info][gc             ] GC(260) Concurrent Reset
[2026-06-17T09:53:53.947+0800][10.195s][info][gc             ] GC(260) Concurrent Reset 0.104ms
[2026-06-17T09:53:53.947+0800][10.195s][info][gc,cpu         ] GC(260) User=0.00s Sys=0.00s Real=0.00s
[2026-06-17T09:53:53.947+0800][10.195s][info][gc,heap        ] GC(260) Old: 31488K->19501K(43712K)
[2026-06-17T09:53:53.984+0800][10.232s][info][gc,start       ] GC(261) Pause Young (Allocation Failure)
[2026-06-17T09:53:53.984+0800][10.232s][info][gc,task        ] GC(261) Using 2 workers of 18 for evacuation
[2026-06-17T09:53:53.985+0800][10.233s][info][gc,heap        ] GC(261) ParNew: 19624K->2129K(19648K)
[2026-06-17T09:53:53.985+0800][10.233s][info][gc,heap        ] GC(261) CMS: 19501K->22312K(43712K)
[2026-06-17T09:53:53.985+0800][10.234s][info][gc,metaspace   ] GC(261) Metaspace: 3158K(4864K)->3158K(4864K) NonClass: 2852K(4352K)->2852K(4352K) Class: 305K(512K)->305K(512K)
[2026-06-17T09:53:53.986+0800][10.234s][info][gc             ] GC(261) Pause Young (Allocation Failure) 38M->23M(61M) 1.662ms
[2026-06-17T09:53:53.986+0800][10.234s][info][gc,cpu         ] GC(261) User=0.00s Sys=0.00s Real=0.00s
[2026-06-17T09:53:54.038+0800][10.286s][info][gc,start       ] GC(262) Pause Young (Allocation Failure)
[2026-06-17T09:53:54.038+0800][10.286s][info][gc,task        ] GC(262) Using 2 workers of 18 for evacuation
[2026-06-17T09:53:54.039+0800][10.287s][info][gc,heap        ] GC(262) ParNew: 19596K->2118K(19648K)
[2026-06-17T09:53:54.040+0800][10.288s][info][gc,heap        ] GC(262) CMS: 22312K->26143K(43712K)
[2026-06-17T09:53:54.040+0800][10.288s][info][gc,metaspace   ] GC(262) Metaspace: 3158K(4864K)->3158K(4864K) NonClass: 2852K(4352K)->2852K(4352K) Class: 305K(512K)->305K(512K)
[2026-06-17T09:53:54.040+0800][10.288s][info][gc             ] GC(262) Pause Young (Allocation Failure) 40M->27M(61M) 2.269ms
[2026-06-17T09:53:54.040+0800][10.288s][info][gc,cpu         ] GC(262) User=0.00s Sys=0.00s Real=0.00s
[2026-06-17T09:53:54.083+0800][10.332s][info][gc,start       ] GC(263) Pause Young (Allocation Failure)
[2026-06-17T09:53:54.084+0800][10.332s][info][gc,task        ] GC(263) Using 2 workers of 18 for evacuation
[2026-06-17T09:53:54.087+0800][10.335s][info][gc,heap        ] GC(263) ParNew: 19590K->2173K(19648K)
[2026-06-17T09:53:54.087+0800][10.336s][info][gc,heap        ] GC(263) CMS: 26143K->30245K(43712K)
[2026-06-17T09:53:54.088+0800][10.336s][info][gc,metaspace   ] GC(263) Metaspace: 3158K(4864K)->3158K(4864K) NonClass: 2852K(4352K)->2852K(4352K) Class: 305K(512K)->305K(512K)
[2026-06-17T09:53:54.088+0800][10.336s][info][gc             ] GC(263) Pause Young (Allocation Failure) 44M->31M(61M) 4.505ms
[2026-06-17T09:53:54.088+0800][10.336s][info][gc,cpu         ] GC(263) User=0.00s Sys=0.00s Real=0.00s
[2026-06-17T09:53:54.131+0800][10.379s][info][gc,start       ] GC(264) Pause Young (Allocation Failure)
[2026-06-17T09:53:54.132+0800][10.380s][info][gc,task        ] GC(264) Using 2 workers of 18 for evacuation
[2026-06-17T09:53:54.134+0800][10.383s][info][gc,heap        ] GC(264) ParNew: 19621K->2172K(19648K)
[2026-06-17T09:53:54.135+0800][10.383s][info][gc,heap        ] GC(264) CMS: 30245K->35521K(43712K)
[2026-06-17T09:53:54.136+0800][10.384s][info][gc,metaspace   ] GC(264) Metaspace: 3158K(4864K)->3158K(4864K) NonClass: 2853K(4352K)->2853K(4352K) Class: 305K(512K)->305K(512K)
[2026-06-17T09:53:54.136+0800][10.384s][info][gc             ] GC(264) Pause Young (Allocation Failure) 48M->36M(61M) 5.239ms
[2026-06-17T09:53:54.136+0800][10.384s][info][gc,cpu         ] GC(264) User=0.00s Sys=0.00s Real=0.00s
[2026-06-17T09:53:54.137+0800][10.385s][info][gc,start       ] GC(265) Pause Initial Mark
[2026-06-17T09:53:54.137+0800][10.385s][info][gc             ] GC(265) Pause Initial Mark 38M->38M(61M) 0.348ms
[2026-06-17T09:53:54.137+0800][10.385s][info][gc,cpu         ] GC(265) User=0.00s Sys=0.00s Real=0.00s
[2026-06-17T09:53:54.138+0800][10.386s][info][gc             ] GC(265) Concurrent Mark
[2026-06-17T09:53:54.138+0800][10.386s][info][gc,task        ] GC(265) Using 2 workers of 5 for marking
[2026-06-17T09:53:54.139+0800][10.387s][info][gc             ] GC(265) Concurrent Mark 1.180ms
[2026-06-17T09:53:54.139+0800][10.387s][info][gc,cpu         ] GC(265) User=0.00s Sys=0.00s Real=0.00s
[2026-06-17T09:53:54.139+0800][10.387s][info][gc             ] GC(265) Concurrent Preclean
[2026-06-17T09:53:54.139+0800][10.387s][info][gc             ] GC(265) Concurrent Preclean 0.139ms
[2026-06-17T09:53:54.139+0800][10.388s][info][gc,cpu         ] GC(265) User=0.00s Sys=0.00s Real=0.00s
[2026-06-17T09:53:54.140+0800][10.388s][info][gc             ] GC(265) Concurrent Abortable Preclean
[2026-06-17T09:53:54.179+0800][10.427s][info][gc,start       ] GC(266) Pause Young (Allocation Failure)
[2026-06-17T09:53:54.180+0800][10.428s][info][gc,task        ] GC(266) Using 2 workers of 18 for evacuation
[2026-06-17T09:53:54.180+0800][10.429s][info][gc,heap        ] GC(266) ParNew: 19622K->2172K(19648K)
[2026-06-17T09:53:54.181+0800][10.429s][info][gc,heap        ] GC(266) CMS: 35521K->39875K(43712K)
[2026-06-17T09:53:54.181+0800][10.429s][info][gc,metaspace   ] GC(266) Metaspace: 3158K(4864K)->3158K(4864K) NonClass: 2853K(4352K)->2853K(4352K) Class: 305K(512K)->305K(512K)
[2026-06-17T09:53:54.181+0800][10.429s][info][gc             ] GC(266) Pause Young (Allocation Failure) 53M->41M(61M) 1.879ms
[2026-06-17T09:53:54.181+0800][10.429s][info][gc,cpu         ] GC(266) User=0.00s Sys=0.00s Real=0.00s
[2026-06-17T09:53:54.223+0800][10.471s][info][gc,start       ] GC(267) Pause Young (Allocation Failure)
[2026-06-17T09:53:54.224+0800][10.472s][info][gc,task        ] GC(267) Using 2 workers of 18 for evacuation
[2026-06-17T09:53:54.224+0800][10.472s][info][gc,start       ] GC(268) Pause Full (Allocation Failure)
[2026-06-17T09:53:54.224+0800][10.472s][info][gc             ] GC(265) Concurrent Abortable Preclean 84.522ms
[2026-06-17T09:53:54.224+0800][10.472s][info][gc,cpu         ] GC(265) User=0.01s Sys=0.00s Real=0.09s
[2026-06-17T09:53:54.224+0800][10.473s][info][gc,phases,start] GC(268) Phase 1: Mark live objects
[2026-06-17T09:53:54.225+0800][10.473s][info][gc,phases      ] GC(268) Phase 1: Mark live objects 0.651ms
[2026-06-17T09:53:54.225+0800][10.473s][info][gc,phases,start] GC(268) Phase 2: Compute new object addresses
[2026-06-17T09:53:54.226+0800][10.474s][info][gc,phases      ] GC(268) Phase 2: Compute new object addresses 0.410ms
[2026-06-17T09:53:54.226+0800][10.474s][info][gc,phases,start] GC(268) Phase 3: Adjust pointers
[2026-06-17T09:53:54.227+0800][10.475s][info][gc,phases      ] GC(268) Phase 3: Adjust pointers 1.357ms
[2026-06-17T09:53:54.228+0800][10.476s][info][gc,phases,start] GC(268) Phase 4: Move objects
[2026-06-17T09:53:54.230+0800][10.478s][info][gc,phases      ] GC(268) Phase 4: Move objects 2.634ms
[2026-06-17T09:53:54.231+0800][10.479s][info][gc             ] GC(268) Pause Full (Allocation Failure) 58M->26M(61M) 6.851ms
[2026-06-17T09:53:54.231+0800][10.479s][info][gc,heap        ] GC(267) ParNew: 19547K->0K(19648K)
[2026-06-17T09:53:54.231+0800][10.479s][info][gc,heap        ] GC(267) CMS: 39875K->27541K(43712K)
[2026-06-17T09:53:54.231+0800][10.479s][info][gc,metaspace   ] GC(267) Metaspace: 3158K(4864K)->3158K(4864K) NonClass: 2853K(4352K)->2853K(4352K) Class: 305K(512K)->305K(512K)
[2026-06-17T09:53:54.231+0800][10.480s][info][gc             ] GC(267) Pause Young (Allocation Failure) 58M->26M(61M) 8.141ms
[2026-06-17T09:53:54.232+0800][10.480s][info][gc,cpu         ] GC(267) User=0.00s Sys=0.00s Real=0.01s
[2026-06-17T09:53:54.284+0800][10.532s][info][gc,start       ] GC(269) Pause Young (Allocation Failure)
[2026-06-17T09:53:54.284+0800][10.532s][info][gc,task        ] GC(269) Using 2 workers of 18 for evacuation
[2026-06-17T09:53:54.285+0800][10.533s][info][gc,heap        ] GC(269) ParNew: 17472K->2161K(19648K)
[2026-06-17T09:53:54.285+0800][10.533s][info][gc,heap        ] GC(269) CMS: 27541K->28992K(43712K)
[2026-06-17T09:53:54.285+0800][10.533s][info][gc,metaspace   ] GC(269) Metaspace: 3158K(4864K)->3158K(4864K) NonClass: 2853K(4352K)->2853K(4352K) Class: 305K(512K)->305K(512K)
[2026-06-17T09:53:54.285+0800][10.533s][info][gc             ] GC(269) Pause Young (Allocation Failure) 43M->30M(61M) 1.461ms
[2026-06-17T09:53:54.285+0800][10.533s][info][gc,cpu         ] GC(269) User=0.01s Sys=0.00s Real=0.00s
[2026-06-17T09:53:54.327+0800][10.575s][info][gc,start       ] GC(270) Pause Young (Allocation Failure)
[2026-06-17T09:53:54.328+0800][10.576s][info][gc,task        ] GC(270) Using 2 workers of 18 for evacuation
[2026-06-17T09:53:54.328+0800][10.576s][info][gc,heap        ] GC(270) ParNew: 19625K->2170K(19648K)
[2026-06-17T09:53:54.328+0800][10.577s][info][gc,heap        ] GC(270) CMS: 28992K->33067K(43712K)
[2026-06-17T09:53:54.329+0800][10.577s][info][gc,metaspace   ] GC(270) Metaspace: 3158K(4864K)->3158K(4864K) NonClass: 2853K(4352K)->2853K(4352K) Class: 305K(512K)->305K(512K)
[2026-06-17T09:53:54.329+0800][10.577s][info][gc             ] GC(270) Pause Young (Allocation Failure) 47M->34M(61M) 1.623ms
[2026-06-17T09:53:54.329+0800][10.577s][info][gc,cpu         ] GC(270) User=0.00s Sys=0.00s Real=0.00s
[2026-06-17T09:53:54.371+0800][10.619s][info][gc,start       ] GC(271) Pause Young (Allocation Failure)
[2026-06-17T09:53:54.372+0800][10.620s][info][gc,task        ] GC(271) Using 2 workers of 18 for evacuation
[2026-06-17T09:53:54.373+0800][10.621s][info][gc,heap        ] GC(271) ParNew: 19607K->2174K(19648K)
[2026-06-17T09:53:54.373+0800][10.621s][info][gc,heap        ] GC(271) CMS: 33067K->39044K(43712K)
[2026-06-17T09:53:54.373+0800][10.621s][info][gc,metaspace   ] GC(271) Metaspace: 3158K(4864K)->3158K(4864K) NonClass: 2853K(4352K)->2853K(4352K) Class: 305K(512K)->305K(512K)
[2026-06-17T09:53:54.373+0800][10.621s][info][gc             ] GC(271) Pause Young (Allocation Failure) 51M->40M(61M) 2.310ms
[2026-06-17T09:53:54.373+0800][10.621s][info][gc,cpu         ] GC(271) User=0.00s Sys=0.00s Real=0.00s
[2026-06-17T09:53:54.374+0800][10.622s][info][gc,start       ] GC(272) Pause Initial Mark
[2026-06-17T09:53:54.374+0800][10.622s][info][gc             ] GC(272) Pause Initial Mark 41M->41M(61M) 0.214ms
[2026-06-17T09:53:54.374+0800][10.622s][info][gc,cpu         ] GC(272) User=0.00s Sys=0.00s Real=0.00s
[2026-06-17T09:53:54.375+0800][10.623s][info][gc             ] GC(272) Concurrent Mark
[2026-06-17T09:53:54.375+0800][10.623s][info][gc,task        ] GC(272) Using 2 workers of 5 for marking
[2026-06-17T09:53:54.375+0800][10.623s][info][gc             ] GC(272) Concurrent Mark 0.748ms
[2026-06-17T09:53:54.376+0800][10.624s][info][gc,cpu         ] GC(272) User=0.00s Sys=0.00s Real=0.00s
[2026-06-17T09:53:54.376+0800][10.624s][info][gc             ] GC(272) Concurrent Preclean
[2026-06-17T09:53:54.376+0800][10.624s][info][gc             ] GC(272) Concurrent Preclean 0.134ms
[2026-06-17T09:53:54.376+0800][10.624s][info][gc,cpu         ] GC(272) User=0.00s Sys=0.00s Real=0.00s
[2026-06-17T09:53:54.376+0800][10.624s][info][gc,start       ] GC(272) Pause Remark
[2026-06-17T09:53:54.377+0800][10.625s][info][gc             ] GC(272) Pause Remark 42M->42M(61M) 0.461ms
[2026-06-17T09:53:54.377+0800][10.625s][info][gc,cpu         ] GC(272) User=0.00s Sys=0.00s Real=0.00s
[2026-06-17T09:53:54.377+0800][10.625s][info][gc             ] GC(272) Concurrent Sweep
[2026-06-17T09:53:54.377+0800][10.625s][info][gc             ] GC(272) Concurrent Sweep 0.211ms
[2026-06-17T09:53:54.377+0800][10.625s][info][gc,cpu         ] GC(272) User=0.00s Sys=0.00s Real=0.00s
[2026-06-17T09:53:54.377+0800][10.625s][info][gc             ] GC(272) Concurrent Reset
[2026-06-17T09:53:54.377+0800][10.626s][info][gc             ] GC(272) Concurrent Reset 0.113ms
[2026-06-17T09:53:54.377+0800][10.626s][info][gc,cpu         ] GC(272) User=0.00s Sys=0.00s Real=0.00s
[2026-06-17T09:53:54.378+0800][10.626s][info][gc,heap        ] GC(272) Old: 39044K->28116K(43712K)
[2026-06-17T09:53:54.426+0800][10.675s][info][gc,start       ] GC(273) Pause Young (Allocation Failure)
[2026-06-17T09:53:54.427+0800][10.675s][info][gc,task        ] GC(273) Using 2 workers of 18 for evacuation
[2026-06-17T09:53:54.434+0800][10.682s][info][gc,heap        ] GC(273) ParNew: 19646K->2174K(19648K)
[2026-06-17T09:53:54.434+0800][10.682s][info][gc,heap        ] GC(273) CMS: 28116K->30179K(43712K)
[2026-06-17T09:53:54.434+0800][10.682s][info][gc,metaspace   ] GC(273) Metaspace: 3158K(4864K)->3158K(4864K) NonClass: 2853K(4352K)->2853K(4352K) Class: 305K(512K)->305K(512K)
[2026-06-17T09:53:54.434+0800][10.682s][info][gc             ] GC(273) Pause Young (Allocation Failure) 46M->31M(61M) 7.721ms
[2026-06-17T09:53:54.434+0800][10.682s][info][gc,cpu         ] GC(273) User=0.01s Sys=0.00s Real=0.01s
[2026-06-17T09:53:54.466+0800][10.714s][info][gc,start       ] GC(274) Pause Young (Allocation Failure)
[2026-06-17T09:53:54.467+0800][10.715s][info][gc,task        ] GC(274) Using 2 workers of 18 for evacuation
[2026-06-17T09:53:54.468+0800][10.716s][info][gc,heap        ] GC(274) ParNew: 19479K->2166K(19648K)
[2026-06-17T09:53:54.468+0800][10.716s][info][gc,heap        ] GC(274) CMS: 30179K->33403K(43712K)
[2026-06-17T09:53:54.468+0800][10.716s][info][gc,metaspace   ] GC(274) Metaspace: 3158K(4864K)->3158K(4864K) NonClass: 2853K(4352K)->2853K(4352K) Class: 305K(512K)->305K(512K)
[2026-06-17T09:53:54.468+0800][10.716s][info][gc             ] GC(274) Pause Young (Allocation Failure) 48M->34M(61M) 1.879ms
[2026-06-17T09:53:54.468+0800][10.716s][info][gc,cpu         ] GC(274) User=0.00s Sys=0.00s Real=0.00s
[2026-06-17T09:53:54.520+0800][10.768s][info][gc,start       ] GC(275) Pause Young (Allocation Failure)
[2026-06-17T09:53:54.522+0800][10.770s][info][gc,task        ] GC(275) Using 2 workers of 18 for evacuation
[2026-06-17T09:53:54.523+0800][10.771s][info][gc,heap        ] GC(275) ParNew: 19619K->2175K(19648K)
[2026-06-17T09:53:54.523+0800][10.772s][info][gc,heap        ] GC(275) CMS: 33403K->37107K(43712K)
[2026-06-17T09:53:54.524+0800][10.772s][info][gc,metaspace   ] GC(275) Metaspace: 3158K(4864K)->3158K(4864K) NonClass: 2853K(4352K)->2853K(4352K) Class: 305K(512K)->305K(512K)
[2026-06-17T09:53:54.524+0800][10.772s][info][gc             ] GC(275) Pause Young (Allocation Failure) 51M->38M(61M) 3.489ms
[2026-06-17T09:53:54.524+0800][10.772s][info][gc,cpu         ] GC(275) User=0.00s Sys=0.00s Real=0.01s
[2026-06-17T09:53:54.525+0800][10.773s][info][gc,start       ] GC(276) Pause Initial Mark
[2026-06-17T09:53:54.525+0800][10.773s][info][gc             ] GC(276) Pause Initial Mark 38M->38M(61M) 0.316ms
[2026-06-17T09:53:54.525+0800][10.774s][info][gc,cpu         ] GC(276) User=0.00s Sys=0.00s Real=0.00s
[2026-06-17T09:53:54.526+0800][10.774s][info][gc             ] GC(276) Concurrent Mark
[2026-06-17T09:53:54.526+0800][10.774s][info][gc,task        ] GC(276) Using 2 workers of 5 for marking
[2026-06-17T09:53:54.527+0800][10.775s][info][gc             ] GC(276) Concurrent Mark 1.261ms
[2026-06-17T09:53:54.527+0800][10.775s][info][gc,cpu         ] GC(276) User=0.00s Sys=0.01s Real=0.00s
[2026-06-17T09:53:54.528+0800][10.776s][info][gc             ] GC(276) Concurrent Preclean
[2026-06-17T09:53:54.528+0800][10.776s][info][gc             ] GC(276) Concurrent Preclean 0.224ms
[2026-06-17T09:53:54.528+0800][10.776s][info][gc,cpu         ] GC(276) User=0.00s Sys=0.00s Real=0.00s
[2026-06-17T09:53:54.528+0800][10.776s][info][gc             ] GC(276) Concurrent Abortable Preclean
[2026-06-17T09:53:54.567+0800][10.816s][info][gc,start       ] GC(277) Pause Young (Allocation Failure)
[2026-06-17T09:53:54.568+0800][10.816s][info][gc,task        ] GC(277) Using 2 workers of 18 for evacuation
[2026-06-17T09:53:54.569+0800][10.817s][info][gc,heap        ] GC(277) ParNew: 19630K->2175K(19648K)
[2026-06-17T09:53:54.569+0800][10.817s][info][gc,heap        ] GC(277) CMS: 37107K->40910K(43712K)
[2026-06-17T09:53:54.569+0800][10.818s][info][gc,metaspace   ] GC(277) Metaspace: 3158K(4864K)->3158K(4864K) NonClass: 2853K(4352K)->2853K(4352K) Class: 305K(512K)->305K(512K)
[2026-06-17T09:53:54.570+0800][10.818s][info][gc             ] GC(277) Pause Young (Allocation Failure) 55M->42M(61M) 2.229ms
[2026-06-17T09:53:54.570+0800][10.818s][info][gc,cpu         ] GC(277) User=0.00s Sys=0.00s Real=0.00s
[2026-06-17T09:53:54.612+0800][10.860s][info][gc,start       ] GC(278) Pause Young (Allocation Failure)
[2026-06-17T09:53:54.612+0800][10.860s][info][gc,task        ] GC(278) Using 2 workers of 18 for evacuation
[2026-06-17T09:53:54.613+0800][10.861s][info][gc,start       ] GC(279) Pause Full (Allocation Failure)
[2026-06-17T09:53:54.613+0800][10.861s][info][gc             ] GC(276) Concurrent Abortable Preclean 84.864ms
[2026-06-17T09:53:54.613+0800][10.862s][info][gc,cpu         ] GC(276) User=0.00s Sys=0.00s Real=0.09s
[2026-06-17T09:53:54.614+0800][10.862s][info][gc,phases,start] GC(279) Phase 1: Mark live objects
[2026-06-17T09:53:54.615+0800][10.863s][info][gc,phases      ] GC(279) Phase 1: Mark live objects 0.902ms
[2026-06-17T09:53:54.615+0800][10.863s][info][gc,phases,start] GC(279) Phase 2: Compute new object addresses
[2026-06-17T09:53:54.616+0800][10.864s][info][gc,phases      ] GC(279) Phase 2: Compute new object addresses 0.640ms
[2026-06-17T09:53:54.616+0800][10.864s][info][gc,phases,start] GC(279) Phase 3: Adjust pointers
[2026-06-17T09:53:54.617+0800][10.865s][info][gc,phases      ] GC(279) Phase 3: Adjust pointers 0.737ms
[2026-06-17T09:53:54.618+0800][10.866s][info][gc,phases,start] GC(279) Phase 4: Move objects
[2026-06-17T09:53:54.620+0800][10.868s][info][gc,phases      ] GC(279) Phase 4: Move objects 2.494ms
[2026-06-17T09:53:54.621+0800][10.869s][info][gc             ] GC(279) Pause Full (Allocation Failure) 59M->23M(61M) 8.066ms
[2026-06-17T09:53:54.621+0800][10.869s][info][gc,heap        ] GC(278) ParNew: 19647K->0K(19648K)
[2026-06-17T09:53:54.622+0800][10.870s][info][gc,heap        ] GC(278) CMS: 40910K->24440K(43712K)
[2026-06-17T09:53:54.622+0800][10.870s][info][gc,metaspace   ] GC(278) Metaspace: 3158K(4864K)->3158K(4864K) NonClass: 2853K(4352K)->2853K(4352K) Class: 305K(512K)->305K(512K)
[2026-06-17T09:53:54.623+0800][10.871s][info][gc             ] GC(278) Pause Young (Allocation Failure) 59M->23M(61M) 10.789ms
[2026-06-17T09:53:54.623+0800][10.871s][info][gc,cpu         ] GC(278) User=0.01s Sys=0.00s Real=0.01s
[2026-06-17T09:53:54.665+0800][10.913s][info][gc,start       ] GC(280) Pause Young (Allocation Failure)
[2026-06-17T09:53:54.666+0800][10.914s][info][gc,task        ] GC(280) Using 2 workers of 18 for evacuation
[2026-06-17T09:53:54.667+0800][10.915s][info][gc,heap        ] GC(280) ParNew: 17435K->2174K(19648K)
[2026-06-17T09:53:54.668+0800][10.916s][info][gc,heap        ] GC(280) CMS: 24440K->28564K(43712K)
[2026-06-17T09:53:54.668+0800][10.916s][info][gc,metaspace   ] GC(280) Metaspace: 3158K(4864K)->3158K(4864K) NonClass: 2853K(4352K)->2853K(4352K) Class: 305K(512K)->305K(512K)
[2026-06-17T09:53:54.669+0800][10.917s][info][gc             ] GC(280) Pause Young (Allocation Failure) 40M->30M(61M) 3.497ms
[2026-06-17T09:53:54.669+0800][10.917s][info][gc,cpu         ] GC(280) User=0.00s Sys=0.00s Real=0.00s
[2026-06-17T09:53:54.711+0800][10.960s][info][gc,start       ] GC(281) Pause Young (Allocation Failure)
[2026-06-17T09:53:54.712+0800][10.960s][info][gc,task        ] GC(281) Using 2 workers of 18 for evacuation
[2026-06-17T09:53:54.712+0800][10.961s][info][gc,heap        ] GC(281) ParNew: 19593K->2006K(19648K)
[2026-06-17T09:53:54.713+0800][10.961s][info][gc,heap        ] GC(281) CMS: 28564K->31226K(43712K)
[2026-06-17T09:53:54.713+0800][10.961s][info][gc,metaspace   ] GC(281) Metaspace: 3158K(4864K)->3158K(4864K) NonClass: 2853K(4352K)->2853K(4352K) Class: 305K(512K)->305K(512K)
[2026-06-17T09:53:54.713+0800][10.961s][info][gc             ] GC(281) Pause Young (Allocation Failure) 47M->32M(61M) 1.632ms
[2026-06-17T09:53:54.713+0800][10.961s][info][gc,cpu         ] GC(281) User=0.00s Sys=0.00s Real=0.00s
[2026-06-17T09:53:54.755+0800][11.003s][info][gc,start       ] GC(282) Pause Young (Allocation Failure)
[2026-06-17T09:53:54.755+0800][11.003s][info][gc,task        ] GC(282) Using 2 workers of 18 for evacuation
[2026-06-17T09:53:54.756+0800][11.005s][info][gc,heap        ] GC(282) ParNew: 19454K->2175K(19648K)
[2026-06-17T09:53:54.757+0800][11.005s][info][gc,heap        ] GC(282) CMS: 31226K->38565K(43712K)
[2026-06-17T09:53:54.757+0800][11.005s][info][gc,metaspace   ] GC(282) Metaspace: 3158K(4864K)->3158K(4864K) NonClass: 2853K(4352K)->2853K(4352K) Class: 305K(512K)->305K(512K)
[2026-06-17T09:53:54.757+0800][11.005s][info][gc             ] GC(282) Pause Young (Allocation Failure) 49M->39M(61M) 2.123ms
[2026-06-17T09:53:54.757+0800][11.005s][info][gc,cpu         ] GC(282) User=0.01s Sys=0.00s Real=0.00s
[2026-06-17T09:53:54.758+0800][11.006s][info][gc,start       ] GC(283) Pause Initial Mark
[2026-06-17T09:53:54.758+0800][11.006s][info][gc             ] GC(283) Pause Initial Mark 40M->40M(61M) 0.309ms
[2026-06-17T09:53:54.758+0800][11.006s][info][gc,cpu         ] GC(283) User=0.00s Sys=0.00s Real=0.00s
[2026-06-17T09:53:54.758+0800][11.006s][info][gc             ] GC(283) Concurrent Mark
[2026-06-17T09:53:54.758+0800][11.006s][info][gc,task        ] GC(283) Using 2 workers of 5 for marking
[2026-06-17T09:53:54.759+0800][11.007s][info][gc             ] GC(283) Concurrent Mark 0.898ms
[2026-06-17T09:53:54.759+0800][11.007s][info][gc,cpu         ] GC(283) User=0.00s Sys=0.00s Real=0.00s
[2026-06-17T09:53:54.759+0800][11.008s][info][gc             ] GC(283) Concurrent Preclean
[2026-06-17T09:53:54.760+0800][11.008s][info][gc             ] GC(283) Concurrent Preclean 0.141ms
[2026-06-17T09:53:54.760+0800][11.008s][info][gc,cpu         ] GC(283) User=0.00s Sys=0.00s Real=0.00s
[2026-06-17T09:53:54.760+0800][11.008s][info][gc,start       ] GC(283) Pause Remark
[2026-06-17T09:53:54.760+0800][11.008s][info][gc             ] GC(283) Pause Remark 40M->40M(61M) 0.379ms
[2026-06-17T09:53:54.761+0800][11.009s][info][gc,cpu         ] GC(283) User=0.00s Sys=0.00s Real=0.00s
[2026-06-17T09:53:54.761+0800][11.009s][info][gc             ] GC(283) Concurrent Sweep
[2026-06-17T09:53:54.761+0800][11.009s][info][gc             ] GC(283) Concurrent Sweep 0.232ms
[2026-06-17T09:53:54.761+0800][11.009s][info][gc,cpu         ] GC(283) User=0.00s Sys=0.00s Real=0.00s
[2026-06-17T09:53:54.761+0800][11.009s][info][gc             ] GC(283) Concurrent Reset
[2026-06-17T09:53:54.761+0800][11.009s][info][gc             ] GC(283) Concurrent Reset 0.107ms
[2026-06-17T09:53:54.761+0800][11.010s][info][gc,cpu         ] GC(283) User=0.00s Sys=0.00s Real=0.00s
[2026-06-17T09:53:54.761+0800][11.010s][info][gc,heap        ] GC(283) Old: 38565K->27238K(43712K)
[2026-06-17T09:53:54.809+0800][11.057s][info][gc,start       ] GC(284) Pause Young (Allocation Failure)
[2026-06-17T09:53:54.810+0800][11.058s][info][gc,task        ] GC(284) Using 2 workers of 18 for evacuation
[2026-06-17T09:53:54.811+0800][11.059s][info][gc,heap        ] GC(284) ParNew: 19635K->2171K(19648K)
[2026-06-17T09:53:54.812+0800][11.060s][info][gc,heap        ] GC(284) CMS: 27238K->30508K(43712K)
[2026-06-17T09:53:54.812+0800][11.060s][info][gc,metaspace   ] GC(284) Metaspace: 3158K(4864K)->3158K(4864K) NonClass: 2853K(4352K)->2853K(4352K) Class: 305K(512K)->305K(512K)
[2026-06-17T09:53:54.813+0800][11.061s][info][gc             ] GC(284) Pause Young (Allocation Failure) 45M->31M(61M) 3.726ms
[2026-06-17T09:53:54.813+0800][11.062s][info][gc,cpu         ] GC(284) User=0.00s Sys=0.00s Real=0.01s
[2026-06-17T09:53:54.856+0800][11.104s][info][gc,start       ] GC(285) Pause Young (Allocation Failure)
[2026-06-17T09:53:54.857+0800][11.105s][info][gc,task        ] GC(285) Using 2 workers of 18 for evacuation
[2026-06-17T09:53:54.858+0800][11.106s][info][gc,heap        ] GC(285) ParNew: 19643K->2102K(19648K)
[2026-06-17T09:53:54.859+0800][11.107s][info][gc,heap        ] GC(285) CMS: 30508K->34559K(43712K)
[2026-06-17T09:53:54.859+0800][11.107s][info][gc,metaspace   ] GC(285) Metaspace: 3158K(4864K)->3158K(4864K) NonClass: 2853K(4352K)->2853K(4352K) Class: 305K(512K)->305K(512K)
[2026-06-17T09:53:54.860+0800][11.108s][info][gc             ] GC(285) Pause Young (Allocation Failure) 48M->35M(61M) 3.914ms
[2026-06-17T09:53:54.861+0800][11.109s][info][gc,cpu         ] GC(285) User=0.00s Sys=0.00s Real=0.00s
[2026-06-17T09:53:54.861+0800][11.110s][info][gc,start       ] GC(286) Pause Initial Mark
[2026-06-17T09:53:54.862+0800][11.110s][info][gc             ] GC(286) Pause Initial Mark 37M->37M(61M) 0.737ms
[2026-06-17T09:53:54.863+0800][11.111s][info][gc,cpu         ] GC(286) User=0.00s Sys=0.00s Real=0.01s
[2026-06-17T09:53:54.864+0800][11.112s][info][gc             ] GC(286) Concurrent Mark
[2026-06-17T09:53:54.864+0800][11.113s][info][gc,task        ] GC(286) Using 2 workers of 5 for marking
[2026-06-17T09:53:54.866+0800][11.114s][info][gc             ] GC(286) Concurrent Mark 2.045ms
[2026-06-17T09:53:54.866+0800][11.114s][info][gc,cpu         ] GC(286) User=0.00s Sys=0.00s Real=0.00s
[2026-06-17T09:53:54.867+0800][11.115s][info][gc             ] GC(286) Concurrent Preclean
[2026-06-17T09:53:54.867+0800][11.115s][info][gc             ] GC(286) Concurrent Preclean 0.437ms
[2026-06-17T09:53:54.868+0800][11.116s][info][gc,cpu         ] GC(286) User=0.00s Sys=0.00s Real=0.00s
[2026-06-17T09:53:54.868+0800][11.116s][info][gc             ] GC(286) Concurrent Abortable Preclean
[2026-06-17T09:53:54.905+0800][11.153s][info][gc,start       ] GC(287) Pause Young (Allocation Failure)
[2026-06-17T09:53:54.906+0800][11.154s][info][gc,task        ] GC(287) Using 2 workers of 18 for evacuation
[2026-06-17T09:53:54.906+0800][11.154s][info][gc,heap        ] GC(287) ParNew: 19574K->2173K(19648K)
[2026-06-17T09:53:54.907+0800][11.155s][info][gc,heap        ] GC(287) CMS: 34559K->38399K(43712K)
[2026-06-17T09:53:54.907+0800][11.155s][info][gc,metaspace   ] GC(287) Metaspace: 3158K(4864K)->3158K(4864K) NonClass: 2853K(4352K)->2853K(4352K) Class: 305K(512K)->305K(512K)
[2026-06-17T09:53:54.907+0800][11.155s][info][gc             ] GC(287) Pause Young (Allocation Failure) 52M->39M(61M) 1.643ms
[2026-06-17T09:53:54.907+0800][11.155s][info][gc,cpu         ] GC(287) User=0.01s Sys=0.00s Real=0.00s
[2026-06-17T09:53:54.949+0800][11.197s][info][gc,start       ] GC(288) Pause Young (Allocation Failure)
[2026-06-17T09:53:54.950+0800][11.198s][info][gc,task        ] GC(288) Using 2 workers of 18 for evacuation
[2026-06-17T09:53:54.950+0800][11.198s][info][gc,heap        ] GC(288) ParNew: 19606K->2059K(19648K)
[2026-06-17T09:53:54.950+0800][11.199s][info][gc,heap        ] GC(288) CMS: 38399K->40293K(43712K)
[2026-06-17T09:53:54.951+0800][11.199s][info][gc,metaspace   ] GC(288) Metaspace: 3158K(4864K)->3158K(4864K) NonClass: 2853K(4352K)->2853K(4352K) Class: 305K(512K)->305K(512K)
[2026-06-17T09:53:54.951+0800][11.199s][info][gc             ] GC(288) Pause Young (Allocation Failure) 56M->41M(61M) 1.550ms
[2026-06-17T09:53:54.951+0800][11.199s][info][gc,cpu         ] GC(288) User=0.00s Sys=0.00s Real=0.01s
[2026-06-17T09:53:54.993+0800][11.241s][info][gc,start       ] GC(289) Pause Young (Allocation Failure)
[2026-06-17T09:53:54.994+0800][11.242s][info][gc,task        ] GC(289) Using 2 workers of 18 for evacuation
[2026-06-17T09:53:54.994+0800][11.242s][info][gc,start       ] GC(290) Pause Full (Allocation Failure)
[2026-06-17T09:53:54.994+0800][11.242s][info][gc             ] GC(286) Concurrent Abortable Preclean 126.317ms
[2026-06-17T09:53:54.995+0800][11.243s][info][gc,cpu         ] GC(286) User=0.01s Sys=0.00s Real=0.13s
[2026-06-17T09:53:54.995+0800][11.243s][info][gc,phases,start] GC(290) Phase 1: Mark live objects
[2026-06-17T09:53:54.996+0800][11.244s][info][gc,phases      ] GC(290) Phase 1: Mark live objects 0.798ms
[2026-06-17T09:53:54.996+0800][11.244s][info][gc,phases,start] GC(290) Phase 2: Compute new object addresses
[2026-06-17T09:53:54.997+0800][11.245s][info][gc,phases      ] GC(290) Phase 2: Compute new object addresses 0.558ms
[2026-06-17T09:53:54.997+0800][11.245s][info][gc,phases,start] GC(290) Phase 3: Adjust pointers
[2026-06-17T09:53:54.998+0800][11.246s][info][gc,phases      ] GC(290) Phase 3: Adjust pointers 0.544ms
[2026-06-17T09:53:54.998+0800][11.246s][info][gc,phases,start] GC(290) Phase 4: Move objects
[2026-06-17T09:53:55.000+0800][11.249s][info][gc,phases      ] GC(290) Phase 4: Move objects 2.380ms
[2026-06-17T09:53:55.001+0800][11.249s][info][gc             ] GC(290) Pause Full (Allocation Failure) 58M->23M(61M) 6.955ms
[2026-06-17T09:53:55.001+0800][11.249s][info][gc,heap        ] GC(289) ParNew: 19503K->0K(19648K)
[2026-06-17T09:53:55.001+0800][11.250s][info][gc,heap        ] GC(289) CMS: 40293K->23921K(43712K)
[2026-06-17T09:53:55.002+0800][11.250s][info][gc,metaspace   ] GC(289) Metaspace: 3158K(4864K)->3158K(4864K) NonClass: 2853K(4352K)->2853K(4352K) Class: 305K(512K)->305K(512K)
[2026-06-17T09:53:55.002+0800][11.250s][info][gc             ] GC(289) Pause Young (Allocation Failure) 58M->23M(61M) 9.165ms
[2026-06-17T09:53:55.002+0800][11.250s][info][gc,cpu         ] GC(289) User=0.00s Sys=0.00s Real=0.00s
[2026-06-17T09:53:55.054+0800][11.302s][info][gc,start       ] GC(291) Pause Young (Allocation Failure)
[2026-06-17T09:53:55.055+0800][11.303s][info][gc,task        ] GC(291) Using 2 workers of 18 for evacuation
[2026-06-17T09:53:55.056+0800][11.304s][info][gc,heap        ] GC(291) ParNew: 17472K->2174K(19648K)
[2026-06-17T09:53:55.056+0800][11.304s][info][gc,heap        ] GC(291) CMS: 23921K->25395K(43712K)
[2026-06-17T09:53:55.056+0800][11.305s][info][gc,metaspace   ] GC(291) Metaspace: 3158K(4864K)->3158K(4864K) NonClass: 2853K(4352K)->2853K(4352K) Class: 305K(512K)->305K(512K)
[2026-06-17T09:53:55.057+0800][11.305s][info][gc             ] GC(291) Pause Young (Allocation Failure) 40M->26M(61M) 2.321ms
[2026-06-17T09:53:55.057+0800][11.305s][info][gc,cpu         ] GC(291) User=0.00s Sys=0.00s Real=0.00s
[2026-06-17T09:53:55.099+0800][11.347s][info][gc,start       ] GC(292) Pause Young (Allocation Failure)
[2026-06-17T09:53:55.099+0800][11.347s][info][gc,task        ] GC(292) Using 2 workers of 18 for evacuation
[2026-06-17T09:53:55.102+0800][11.350s][info][gc,heap        ] GC(292) ParNew: 19646K->2167K(19648K)
[2026-06-17T09:53:55.103+0800][11.351s][info][gc,heap        ] GC(292) CMS: 25395K->29328K(43712K)
[2026-06-17T09:53:55.104+0800][11.352s][info][gc,metaspace   ] GC(292) Metaspace: 3158K(4864K)->3158K(4864K) NonClass: 2853K(4352K)->2853K(4352K) Class: 305K(512K)->305K(512K)
[2026-06-17T09:53:55.104+0800][11.352s][info][gc             ] GC(292) Pause Young (Allocation Failure) 43M->30M(61M) 5.482ms
[2026-06-17T09:53:55.104+0800][11.353s][info][gc,cpu         ] GC(292) User=0.00s Sys=0.00s Real=0.01s
[2026-06-17T09:53:55.147+0800][11.395s][info][gc,start       ] GC(293) Pause Young (Allocation Failure)
[2026-06-17T09:53:55.147+0800][11.395s][info][gc,task        ] GC(293) Using 2 workers of 18 for evacuation
[2026-06-17T09:53:55.150+0800][11.398s][info][gc,heap        ] GC(293) ParNew: 19639K->2167K(19648K)
[2026-06-17T09:53:55.151+0800][11.399s][info][gc,heap        ] GC(293) CMS: 29328K->33290K(43712K)
[2026-06-17T09:53:55.153+0800][11.401s][info][gc,metaspace   ] GC(293) Metaspace: 3158K(4864K)->3158K(4864K) NonClass: 2853K(4352K)->2853K(4352K) Class: 305K(512K)->305K(512K)
[2026-06-17T09:53:55.154+0800][11.402s][info][gc             ] GC(293) Pause Young (Allocation Failure) 47M->34M(61M) 7.303ms
[2026-06-17T09:53:55.155+0800][11.403s][info][gc,cpu         ] GC(293) User=0.00s Sys=0.00s Real=0.01s
[2026-06-17T09:53:55.197+0800][11.445s][info][gc,start       ] GC(294) Pause Young (Allocation Failure)
[2026-06-17T09:53:55.199+0800][11.447s][info][gc,task        ] GC(294) Using 2 workers of 18 for evacuation
[2026-06-17T09:53:55.202+0800][11.450s][info][gc,heap        ] GC(294) ParNew: 19639K->2173K(19648K)
[2026-06-17T09:53:55.204+0800][11.452s][info][gc,heap        ] GC(294) CMS: 33290K->37025K(43712K)
[2026-06-17T09:53:55.205+0800][11.453s][info][gc,metaspace   ] GC(294) Metaspace: 3158K(4864K)->3158K(4864K) NonClass: 2853K(4352K)->2853K(4352K) Class: 305K(512K)->305K(512K)
[2026-06-17T09:53:55.205+0800][11.453s][info][gc             ] GC(294) Pause Young (Allocation Failure) 51M->38M(61M) 8.132ms
[2026-06-17T09:53:55.206+0800][11.454s][info][gc,cpu         ] GC(294) User=0.00s Sys=0.00s Real=0.01s
[2026-06-17T09:53:55.207+0800][11.455s][info][gc,start       ] GC(295) Pause Initial Mark
[2026-06-17T09:53:55.208+0800][11.456s][info][gc             ] GC(295) Pause Initial Mark 39M->39M(61M) 0.387ms
[2026-06-17T09:53:55.208+0800][11.456s][info][gc,cpu         ] GC(295) User=0.00s Sys=0.00s Real=0.00s
[2026-06-17T09:53:55.208+0800][11.456s][info][gc             ] GC(295) Concurrent Mark
[2026-06-17T09:53:55.208+0800][11.456s][info][gc,task        ] GC(295) Using 2 workers of 5 for marking
[2026-06-17T09:53:55.209+0800][11.457s][info][gc             ] GC(295) Concurrent Mark 0.986ms
[2026-06-17T09:53:55.209+0800][11.457s][info][gc,cpu         ] GC(295) User=0.00s Sys=0.00s Real=0.00s
[2026-06-17T09:53:55.209+0800][11.458s][info][gc             ] GC(295) Concurrent Preclean
[2026-06-17T09:53:55.210+0800][11.458s][info][gc             ] GC(295) Concurrent Preclean 0.160ms
[2026-06-17T09:53:55.210+0800][11.458s][info][gc,cpu         ] GC(295) User=0.00s Sys=0.00s Real=0.00s
[2026-06-17T09:53:55.210+0800][11.458s][info][gc             ] GC(295) Concurrent Abortable Preclean
[2026-06-17T09:53:55.250+0800][11.498s][info][gc,start       ] GC(296) Pause Young (Allocation Failure)
[2026-06-17T09:53:55.250+0800][11.498s][info][gc,task        ] GC(296) Using 2 workers of 18 for evacuation
[2026-06-17T09:53:55.251+0800][11.499s][info][gc,heap        ] GC(296) ParNew: 19628K->2174K(19648K)
[2026-06-17T09:53:55.251+0800][11.500s][info][gc,heap        ] GC(296) CMS: 37025K->41903K(43712K)
[2026-06-17T09:53:55.252+0800][11.500s][info][gc,metaspace   ] GC(296) Metaspace: 3158K(4864K)->3158K(4864K) NonClass: 2853K(4352K)->2853K(4352K) Class: 305K(512K)->305K(512K)
[2026-06-17T09:53:55.252+0800][11.500s][info][gc             ] GC(296) Pause Young (Allocation Failure) 55M->43M(61M) 2.141ms
[2026-06-17T09:53:55.252+0800][11.500s][info][gc,cpu         ] GC(296) User=0.00s Sys=0.00s Real=0.01s
[2026-06-17T09:53:55.252+0800][11.501s][info][gc             ] GC(295) Concurrent Abortable Preclean 42.568ms
[2026-06-17T09:53:55.253+0800][11.501s][info][gc,cpu         ] GC(295) User=0.01s Sys=0.00s Real=0.05s
[2026-06-17T09:53:55.253+0800][11.501s][info][gc,start       ] GC(295) Pause Remark
[2026-06-17T09:53:55.254+0800][11.502s][info][gc             ] GC(295) Pause Remark 44M->44M(61M) 1.327ms
[2026-06-17T09:53:55.254+0800][11.503s][info][gc,cpu         ] GC(295) User=0.00s Sys=0.00s Real=0.00s
[2026-06-17T09:53:55.255+0800][11.503s][info][gc             ] GC(295) Concurrent Sweep
[2026-06-17T09:53:55.255+0800][11.503s][info][gc             ] GC(295) Concurrent Sweep 0.288ms
[2026-06-17T09:53:55.255+0800][11.503s][info][gc,cpu         ] GC(295) User=0.00s Sys=0.00s Real=0.00s
[2026-06-17T09:53:55.255+0800][11.503s][info][gc             ] GC(295) Concurrent Reset
[2026-06-17T09:53:55.255+0800][11.503s][info][gc             ] GC(295) Concurrent Reset 0.151ms
[2026-06-17T09:53:55.255+0800][11.504s][info][gc,cpu         ] GC(295) User=0.00s Sys=0.00s Real=0.00s
[2026-06-17T09:53:55.256+0800][11.504s][info][gc,heap        ] GC(295) Old: 37025K->27591K(43712K)
[2026-06-17T09:53:55.304+0800][11.553s][info][gc,start       ] GC(297) Pause Young (Allocation Failure)
[2026-06-17T09:53:55.392+0800][11.640s][info][gc,task        ] GC(297) Using 2 workers of 18 for evacuation
[2026-06-17T09:53:55.420+0800][11.668s][info][gc,heap        ] GC(297) ParNew: 19629K->2116K(19648K)
[2026-06-17T09:53:55.422+0800][11.670s][info][gc,heap        ] GC(297) CMS: 27591K->28955K(43712K)
[2026-06-17T09:53:55.429+0800][11.677s][info][gc,metaspace   ] GC(297) Metaspace: 3158K(4864K)->3158K(4864K) NonClass: 2853K(4352K)->2853K(4352K) Class: 305K(512K)->305K(512K)
[2026-06-17T09:53:55.429+0800][11.677s][info][gc             ] GC(297) Pause Young (Allocation Failure) 46M->30M(61M) 124.658ms
[2026-06-17T09:53:55.436+0800][11.684s][info][gc,cpu         ] GC(297) User=0.00s Sys=0.00s Real=0.13s
[2026-06-17T09:53:55.468+0800][11.716s][info][gc,start       ] GC(298) Pause Young (Allocation Failure)
[2026-06-17T09:53:55.475+0800][11.723s][info][gc,task        ] GC(298) Using 2 workers of 18 for evacuation
[2026-06-17T09:53:55.476+0800][11.724s][info][gc,heap        ] GC(298) ParNew: 19524K->2137K(19648K)
[2026-06-17T09:53:55.477+0800][11.726s][info][gc,heap        ] GC(298) CMS: 28955K->32229K(43712K)
[2026-06-17T09:53:55.478+0800][11.726s][info][gc,metaspace   ] GC(298) Metaspace: 3158K(4864K)->3158K(4864K) NonClass: 2853K(4352K)->2853K(4352K) Class: 305K(512K)->305K(512K)
[2026-06-17T09:53:55.479+0800][11.727s][info][gc             ] GC(298) Pause Young (Allocation Failure) 47M->33M(61M) 10.638ms
[2026-06-17T09:53:55.486+0800][11.734s][info][gc,cpu         ] GC(298) User=0.00s Sys=0.00s Real=0.02s
[2026-06-17T09:53:55.543+0800][11.791s][info][gc,start       ] GC(299) Pause Young (Allocation Failure)
[2026-06-17T09:53:55.543+0800][11.792s][info][gc,task        ] GC(299) Using 2 workers of 18 for evacuation
[2026-06-17T09:53:55.544+0800][11.792s][info][gc,heap        ] GC(299) ParNew: 19591K->2125K(19648K)
[2026-06-17T09:53:55.545+0800][11.793s][info][gc,heap        ] GC(299) CMS: 32229K->35482K(43712K)
[2026-06-17T09:53:55.545+0800][11.793s][info][gc,metaspace   ] GC(299) Metaspace: 3158K(4864K)->3158K(4864K) NonClass: 2853K(4352K)->2853K(4352K) Class: 305K(512K)->305K(512K)
[2026-06-17T09:53:55.545+0800][11.793s][info][gc             ] GC(299) Pause Young (Allocation Failure) 50M->36M(61M) 1.823ms
[2026-06-17T09:53:55.545+0800][11.793s][info][gc,cpu         ] GC(299) User=0.01s Sys=0.00s Real=0.00s
[2026-06-17T09:53:55.545+0800][11.793s][info][gc,start       ] GC(300) Pause Initial Mark
[2026-06-17T09:53:55.545+0800][11.794s][info][gc             ] GC(300) Pause Initial Mark 37M->37M(61M) 0.219ms
[2026-06-17T09:53:55.546+0800][11.794s][info][gc,cpu         ] GC(300) User=0.00s Sys=0.00s Real=0.00s
[2026-06-17T09:53:55.546+0800][11.794s][info][gc             ] GC(300) Concurrent Mark
[2026-06-17T09:53:55.546+0800][11.794s][info][gc,task        ] GC(300) Using 2 workers of 5 for marking
[2026-06-17T09:53:55.547+0800][11.795s][info][gc             ] GC(300) Concurrent Mark 0.904ms
[2026-06-17T09:53:55.547+0800][11.795s][info][gc,cpu         ] GC(300) User=0.00s Sys=0.00s Real=0.00s
[2026-06-17T09:53:55.547+0800][11.795s][info][gc             ] GC(300) Concurrent Preclean
[2026-06-17T09:53:55.547+0800][11.795s][info][gc             ] GC(300) Concurrent Preclean 0.149ms
[2026-06-17T09:53:55.547+0800][11.796s][info][gc,cpu         ] GC(300) User=0.00s Sys=0.00s Real=0.00s
[2026-06-17T09:53:55.548+0800][11.796s][info][gc             ] GC(300) Concurrent Abortable Preclean
[2026-06-17T09:53:55.587+0800][11.836s][info][gc,start       ] GC(301) Pause Young (Allocation Failure)
[2026-06-17T09:53:55.588+0800][11.836s][info][gc,task        ] GC(301) Using 2 workers of 18 for evacuation
[2026-06-17T09:53:55.589+0800][11.837s][info][gc,heap        ] GC(301) ParNew: 19596K->2169K(19648K)
[2026-06-17T09:53:55.589+0800][11.837s][info][gc,heap        ] GC(301) CMS: 35482K->38925K(43712K)
[2026-06-17T09:53:55.589+0800][11.837s][info][gc,metaspace   ] GC(301) Metaspace: 3158K(4864K)->3158K(4864K) NonClass: 2853K(4352K)->2853K(4352K) Class: 305K(512K)->305K(512K)
[2026-06-17T09:53:55.589+0800][11.837s][info][gc             ] GC(301) Pause Young (Allocation Failure) 53M->40M(61M) 1.789ms
[2026-06-17T09:53:55.589+0800][11.838s][info][gc,cpu         ] GC(301) User=0.00s Sys=0.00s Real=0.00s
[2026-06-17T09:53:55.632+0800][11.880s][info][gc,start       ] GC(302) Pause Young (Allocation Failure)
[2026-06-17T09:53:55.632+0800][11.880s][info][gc,task        ] GC(302) Using 2 workers of 18 for evacuation
[2026-06-17T09:53:55.633+0800][11.881s][info][gc,heap        ] GC(302) ParNew: 19640K->2173K(19648K)
[2026-06-17T09:53:55.634+0800][11.882s][info][gc,heap        ] GC(302) CMS: 38925K->43454K(43712K)
[2026-06-17T09:53:55.634+0800][11.882s][info][gc,metaspace   ] GC(302) Metaspace: 3158K(4864K)->3158K(4864K) NonClass: 2853K(4352K)->2853K(4352K) Class: 305K(512K)->305K(512K)
[2026-06-17T09:53:55.634+0800][11.882s][info][gc             ] GC(302) Pause Young (Allocation Failure) 57M->44M(61M) 2.498ms
[2026-06-17T09:53:55.635+0800][11.883s][info][gc,cpu         ] GC(302) User=0.00s Sys=0.00s Real=0.00s
[2026-06-17T09:53:55.635+0800][11.883s][info][gc             ] GC(300) Concurrent Abortable Preclean 87.585ms
[2026-06-17T09:53:55.635+0800][11.884s][info][gc,cpu         ] GC(300) User=0.00s Sys=0.00s Real=0.09s
[2026-06-17T09:53:55.636+0800][11.884s][info][gc,start       ] GC(300) Pause Remark
[2026-06-17T09:53:55.636+0800][11.884s][info][gc             ] GC(300) Pause Remark 46M->46M(61M) 0.451ms
[2026-06-17T09:53:55.636+0800][11.885s][info][gc,cpu         ] GC(300) User=0.00s Sys=0.00s Real=0.00s
[2026-06-17T09:53:55.637+0800][11.885s][info][gc             ] GC(300) Concurrent Sweep
[2026-06-17T09:53:55.637+0800][11.885s][info][gc             ] GC(300) Concurrent Sweep 0.249ms
[2026-06-17T09:53:55.637+0800][11.885s][info][gc,cpu         ] GC(300) User=0.00s Sys=0.00s Real=0.00s
[2026-06-17T09:53:55.637+0800][11.885s][info][gc             ] GC(300) Concurrent Reset
[2026-06-17T09:53:55.637+0800][11.885s][info][gc             ] GC(300) Concurrent Reset 0.142ms
[2026-06-17T09:53:55.637+0800][11.885s][info][gc,cpu         ] GC(300) User=0.00s Sys=0.00s Real=0.00s
[2026-06-17T09:53:55.637+0800][11.886s][info][gc,heap        ] GC(300) Old: 35482K->31759K(43712K)
[2026-06-17T09:53:55.677+0800][11.925s][info][gc,start       ] GC(303) Pause Young (Allocation Failure)
[2026-06-17T09:53:55.678+0800][11.926s][info][gc,task        ] GC(303) Using 2 workers of 18 for evacuation
[2026-06-17T09:53:55.679+0800][11.927s][info][gc,heap        ] GC(303) ParNew: 19637K->2172K(19648K)
[2026-06-17T09:53:55.680+0800][11.928s][info][gc,heap        ] GC(303) CMS: 31759K->35851K(43712K)
[2026-06-17T09:53:55.681+0800][11.929s][info][gc,metaspace   ] GC(303) Metaspace: 3158K(4864K)->3158K(4864K) NonClass: 2853K(4352K)->2853K(4352K) Class: 305K(512K)->305K(512K)
[2026-06-17T09:53:55.681+0800][11.929s][info][gc             ] GC(303) Pause Young (Allocation Failure) 50M->37M(61M) 3.781ms
[2026-06-17T09:53:55.681+0800][11.929s][info][gc,cpu         ] GC(303) User=0.00s Sys=0.00s Real=0.00s
[2026-06-17T09:53:55.682+0800][11.930s][info][gc,start       ] GC(304) Pause Initial Mark
[2026-06-17T09:53:55.682+0800][11.931s][info][gc             ] GC(304) Pause Initial Mark 37M->37M(61M) 0.516ms
[2026-06-17T09:53:55.683+0800][11.931s][info][gc,cpu         ] GC(304) User=0.00s Sys=0.00s Real=0.01s
[2026-06-17T09:53:55.683+0800][11.931s][info][gc             ] GC(304) Concurrent Mark
[2026-06-17T09:53:55.683+0800][11.931s][info][gc,task        ] GC(304) Using 2 workers of 5 for marking
[2026-06-17T09:53:55.684+0800][11.932s][info][gc             ] GC(304) Concurrent Mark 1.356ms
[2026-06-17T09:53:55.685+0800][11.933s][info][gc,cpu         ] GC(304) User=0.00s Sys=0.00s Real=0.00s
[2026-06-17T09:53:55.685+0800][11.933s][info][gc             ] GC(304) Concurrent Preclean
[2026-06-17T09:53:55.685+0800][11.933s][info][gc             ] GC(304) Concurrent Preclean 0.221ms
[2026-06-17T09:53:55.685+0800][11.933s][info][gc,cpu         ] GC(304) User=0.00s Sys=0.00s Real=0.00s
[2026-06-17T09:53:55.685+0800][11.934s][info][gc,start       ] GC(304) Pause Remark
[2026-06-17T09:53:55.686+0800][11.934s][info][gc             ] GC(304) Pause Remark 37M->37M(61M) 0.673ms
[2026-06-17T09:53:55.686+0800][11.934s][info][gc,cpu         ] GC(304) User=0.00s Sys=0.00s Real=0.00s
[2026-06-17T09:53:55.687+0800][11.935s][info][gc             ] GC(304) Concurrent Sweep
[2026-06-17T09:53:55.687+0800][11.935s][info][gc             ] GC(304) Concurrent Sweep 0.385ms
[2026-06-17T09:53:55.687+0800][11.935s][info][gc,cpu         ] GC(304) User=0.00s Sys=0.00s Real=0.00s
[2026-06-17T09:53:55.687+0800][11.936s][info][gc             ] GC(304) Concurrent Reset
[2026-06-17T09:53:55.688+0800][11.936s][info][gc             ] GC(304) Concurrent Reset 0.191ms
[2026-06-17T09:53:55.688+0800][11.936s][info][gc,cpu         ] GC(304) User=0.00s Sys=0.00s Real=0.00s
[2026-06-17T09:53:55.688+0800][11.936s][info][gc,heap        ] GC(304) Old: 35851K->24469K(43712K)
[2026-06-17T09:53:55.724+0800][11.972s][info][gc,start       ] GC(305) Pause Young (Allocation Failure)
[2026-06-17T09:53:55.725+0800][11.973s][info][gc,task        ] GC(305) Using 2 workers of 18 for evacuation
[2026-06-17T09:53:55.727+0800][11.975s][info][gc,heap        ] GC(305) ParNew: 19434K->1970K(19648K)
[2026-06-17T09:53:55.727+0800][11.975s][info][gc,heap        ] GC(305) CMS: 24469K->26753K(43712K)
[2026-06-17T09:53:55.728+0800][11.976s][info][gc,metaspace   ] GC(305) Metaspace: 3158K(4864K)->3158K(4864K) NonClass: 2853K(4352K)->2853K(4352K) Class: 305K(512K)->305K(512K)
[2026-06-17T09:53:55.728+0800][11.976s][info][gc             ] GC(305) Pause Young (Allocation Failure) 42M->28M(61M) 3.877ms
[2026-06-17T09:53:55.729+0800][11.977s][info][gc,cpu         ] GC(305) User=0.01s Sys=0.00s Real=0.00s
[2026-06-17T09:53:55.772+0800][12.020s][info][gc,start       ] GC(306) Pause Young (Allocation Failure)
[2026-06-17T09:53:55.772+0800][12.020s][info][gc,task        ] GC(306) Using 2 workers of 18 for evacuation
[2026-06-17T09:53:55.773+0800][12.021s][info][gc,heap        ] GC(306) ParNew: 19442K->2169K(19648K)
[2026-06-17T09:53:55.774+0800][12.022s][info][gc,heap        ] GC(306) CMS: 26753K->33542K(43712K)
[2026-06-17T09:53:55.774+0800][12.022s][info][gc,metaspace   ] GC(306) Metaspace: 3158K(4864K)->3158K(4864K) NonClass: 2853K(4352K)->2853K(4352K) Class: 305K(512K)->305K(512K)
[2026-06-17T09:53:55.775+0800][12.023s][info][gc             ] GC(306) Pause Young (Allocation Failure) 45M->34M(61M) 3.309ms
[2026-06-17T09:53:55.775+0800][12.023s][info][gc,cpu         ] GC(306) User=0.00s Sys=0.00s Real=0.00s
[2026-06-17T09:53:55.776+0800][12.024s][info][gc,start       ] GC(307) Pause Initial Mark
[2026-06-17T09:53:55.776+0800][12.024s][info][gc             ] GC(307) Pause Initial Mark 35M->35M(61M) 0.319ms
[2026-06-17T09:53:55.776+0800][12.024s][info][gc,cpu         ] GC(307) User=0.00s Sys=0.00s Real=0.00s
[2026-06-17T09:53:55.776+0800][12.024s][info][gc             ] GC(307) Concurrent Mark
[2026-06-17T09:53:55.776+0800][12.025s][info][gc,task        ] GC(307) Using 2 workers of 5 for marking
[2026-06-17T09:53:55.777+0800][12.025s][info][gc             ] GC(307) Concurrent Mark 1.026ms
[2026-06-17T09:53:55.777+0800][12.026s][info][gc,cpu         ] GC(307) User=0.00s Sys=0.00s Real=0.00s
[2026-06-17T09:53:55.778+0800][12.026s][info][gc             ] GC(307) Concurrent Preclean
[2026-06-17T09:53:55.778+0800][12.026s][info][gc             ] GC(307) Concurrent Preclean 0.145ms
[2026-06-17T09:53:55.778+0800][12.026s][info][gc,cpu         ] GC(307) User=0.00s Sys=0.00s Real=0.00s
[2026-06-17T09:53:55.778+0800][12.026s][info][gc,start       ] GC(307) Pause Remark
[2026-06-17T09:53:55.778+0800][12.027s][info][gc             ] GC(307) Pause Remark 35M->35M(61M) 0.470ms
[2026-06-17T09:53:55.779+0800][12.027s][info][gc,cpu         ] GC(307) User=0.00s Sys=0.00s Real=0.00s
[2026-06-17T09:53:55.780+0800][12.028s][info][gc             ] GC(307) Concurrent Sweep
[2026-06-17T09:53:55.780+0800][12.028s][info][gc             ] GC(307) Concurrent Sweep 0.429ms
[2026-06-17T09:53:55.780+0800][12.028s][info][gc,cpu         ] GC(307) User=0.00s Sys=0.00s Real=0.00s
[2026-06-17T09:53:55.780+0800][12.029s][info][gc             ] GC(307) Concurrent Reset
[2026-06-17T09:53:55.781+0800][12.029s][info][gc             ] GC(307) Concurrent Reset 0.153ms
[2026-06-17T09:53:55.781+0800][12.029s][info][gc,cpu         ] GC(307) User=0.00s Sys=0.00s Real=0.00s
[2026-06-17T09:53:55.781+0800][12.029s][info][gc,heap        ] GC(307) Old: 33542K->31130K(43712K)
[2026-06-17T09:53:55.828+0800][12.076s][info][gc,start       ] GC(308) Pause Young (Allocation Failure)
[2026-06-17T09:53:55.828+0800][12.076s][info][gc,task        ] GC(308) Using 2 workers of 18 for evacuation
[2026-06-17T09:53:55.829+0800][12.077s][info][gc,heap        ] GC(308) ParNew: 19641K->2055K(19648K)
[2026-06-17T09:53:55.833+0800][12.081s][info][gc,heap        ] GC(308) CMS: 31130K->32294K(43712K)
[2026-06-17T09:53:55.833+0800][12.081s][info][gc,metaspace   ] GC(308) Metaspace: 3158K(4864K)->3158K(4864K) NonClass: 2853K(4352K)->2853K(4352K) Class: 305K(512K)->305K(512K)
[2026-06-17T09:53:55.833+0800][12.082s][info][gc             ] GC(308) Pause Young (Allocation Failure) 49M->33M(61M) 5.946ms
[2026-06-17T09:53:55.834+0800][12.082s][info][gc,cpu         ] GC(308) User=0.00s Sys=0.00s Real=0.01s
[2026-06-17T09:53:55.834+0800][12.082s][info][gc,start       ] GC(309) Pause Initial Mark
[2026-06-17T09:53:55.834+0800][12.082s][info][gc             ] GC(309) Pause Initial Mark 34M->34M(61M) 0.271ms
[2026-06-17T09:53:55.835+0800][12.083s][info][gc,cpu         ] GC(309) User=0.00s Sys=0.00s Real=0.00s
[2026-06-17T09:53:55.835+0800][12.083s][info][gc             ] GC(309) Concurrent Mark
[2026-06-17T09:53:55.835+0800][12.083s][info][gc,task        ] GC(309) Using 2 workers of 5 for marking
[2026-06-17T09:53:55.836+0800][12.084s][info][gc             ] GC(309) Concurrent Mark 0.870ms
[2026-06-17T09:53:55.836+0800][12.084s][info][gc,cpu         ] GC(309) User=0.01s Sys=0.00s Real=0.00s
[2026-06-17T09:53:55.836+0800][12.084s][info][gc             ] GC(309) Concurrent Preclean
[2026-06-17T09:53:55.836+0800][12.084s][info][gc             ] GC(309) Concurrent Preclean 0.153ms
[2026-06-17T09:53:55.836+0800][12.084s][info][gc,cpu         ] GC(309) User=0.00s Sys=0.00s Real=0.00s
[2026-06-17T09:53:55.836+0800][12.084s][info][gc             ] GC(309) Concurrent Abortable Preclean
[2026-06-17T09:53:55.867+0800][12.115s][info][gc,start       ] GC(310) Pause Young (Allocation Failure)
[2026-06-17T09:53:55.867+0800][12.116s][info][gc,task        ] GC(310) Using 2 workers of 18 for evacuation
[2026-06-17T09:53:55.869+0800][12.117s][info][gc,heap        ] GC(310) ParNew: 19362K->2152K(19648K)
[2026-06-17T09:53:55.869+0800][12.117s][info][gc,heap        ] GC(310) CMS: 32294K->35479K(43712K)
[2026-06-17T09:53:55.870+0800][12.118s][info][gc,metaspace   ] GC(310) Metaspace: 3158K(4864K)->3158K(4864K) NonClass: 2853K(4352K)->2853K(4352K) Class: 305K(512K)->305K(512K)
[2026-06-17T09:53:55.871+0800][12.119s][info][gc             ] GC(310) Pause Young (Allocation Failure) 50M->36M(61M) 3.666ms
[2026-06-17T09:53:55.871+0800][12.119s][info][gc,cpu         ] GC(310) User=0.00s Sys=0.00s Real=0.01s
[2026-06-17T09:53:55.926+0800][12.174s][info][gc,start       ] GC(311) Pause Young (Allocation Failure)
[2026-06-17T09:53:55.927+0800][12.175s][info][gc,task        ] GC(311) Using 2 workers of 18 for evacuation
[2026-06-17T09:53:55.928+0800][12.176s][info][gc,heap        ] GC(311) ParNew: 19624K->2103K(19648K)
[2026-06-17T09:53:55.929+0800][12.177s][info][gc,heap        ] GC(311) CMS: 35479K->39030K(43712K)
[2026-06-17T09:53:55.929+0800][12.177s][info][gc,metaspace   ] GC(311) Metaspace: 3158K(4864K)->3158K(4864K) NonClass: 2853K(4352K)->2853K(4352K) Class: 305K(512K)->305K(512K)
[2026-06-17T09:53:55.930+0800][12.178s][info][gc             ] GC(311) Pause Young (Allocation Failure) 53M->40M(61M) 4.002ms
[2026-06-17T09:53:55.931+0800][12.179s][info][gc,cpu         ] GC(311) User=0.00s Sys=0.00s Real=0.01s
[2026-06-17T09:53:55.974+0800][12.222s][info][gc,start       ] GC(312) Pause Young (Allocation Failure)
[2026-06-17T09:53:55.974+0800][12.222s][info][gc,task        ] GC(312) Using 2 workers of 18 for evacuation
[2026-06-17T09:53:55.975+0800][12.223s][info][gc,start       ] GC(313) Pause Full (Allocation Failure)
[2026-06-17T09:53:55.976+0800][12.224s][info][gc             ] GC(309) Concurrent Abortable Preclean 139.268ms
[2026-06-17T09:53:55.976+0800][12.224s][info][gc,cpu         ] GC(309) User=0.01s Sys=0.00s Real=0.14s
[2026-06-17T09:53:55.976+0800][12.224s][info][gc,phases,start] GC(313) Phase 1: Mark live objects
[2026-06-17T09:53:55.978+0800][12.226s][info][gc,phases      ] GC(313) Phase 1: Mark live objects 1.451ms
[2026-06-17T09:53:55.978+0800][12.226s][info][gc,phases,start] GC(313) Phase 2: Compute new object addresses
[2026-06-17T09:53:55.979+0800][12.227s][info][gc,phases      ] GC(313) Phase 2: Compute new object addresses 0.855ms
[2026-06-17T09:53:55.979+0800][12.227s][info][gc,phases,start] GC(313) Phase 3: Adjust pointers
[2026-06-17T09:53:55.982+0800][12.230s][info][gc,phases      ] GC(313) Phase 3: Adjust pointers 2.709ms
[2026-06-17T09:53:55.982+0800][12.231s][info][gc,phases,start] GC(313) Phase 4: Move objects
[2026-06-17T09:53:55.986+0800][12.234s][info][gc,phases      ] GC(313) Phase 4: Move objects 3.658ms
[2026-06-17T09:53:55.987+0800][12.235s][info][gc             ] GC(313) Pause Full (Allocation Failure) 57M->28M(61M) 11.734ms
[2026-06-17T09:53:55.987+0800][12.235s][info][gc,heap        ] GC(312) ParNew: 19575K->0K(19648K)
[2026-06-17T09:53:55.987+0800][12.235s][info][gc,heap        ] GC(312) CMS: 39030K->28774K(43712K)
[2026-06-17T09:53:55.987+0800][12.236s][info][gc,metaspace   ] GC(312) Metaspace: 3158K(4864K)->3158K(4864K) NonClass: 2853K(4352K)->2853K(4352K) Class: 305K(512K)->305K(512K)
[2026-06-17T09:53:55.988+0800][12.236s][info][gc             ] GC(312) Pause Young (Allocation Failure) 57M->28M(61M) 13.987ms
[2026-06-17T09:53:55.988+0800][12.236s][info][gc,cpu         ] GC(312) User=0.00s Sys=0.00s Real=0.01s
[2026-06-17T09:53:56.030+0800][12.278s][info][gc,start       ] GC(314) Pause Young (Allocation Failure)
[2026-06-17T09:53:56.031+0800][12.279s][info][gc,task        ] GC(314) Using 2 workers of 18 for evacuation
[2026-06-17T09:53:56.032+0800][12.280s][info][gc,heap        ] GC(314) ParNew: 17420K->2170K(19648K)
[2026-06-17T09:53:56.033+0800][12.281s][info][gc,heap        ] GC(314) CMS: 28774K->33283K(43712K)
[2026-06-17T09:53:56.033+0800][12.281s][info][gc,metaspace   ] GC(314) Metaspace: 3158K(4864K)->3158K(4864K) NonClass: 2853K(4352K)->2853K(4352K) Class: 305K(512K)->305K(512K)
[2026-06-17T09:53:56.033+0800][12.281s][info][gc             ] GC(314) Pause Young (Allocation Failure) 45M->34M(61M) 3.018ms
[2026-06-17T09:53:56.033+0800][12.282s][info][gc,cpu         ] GC(314) User=0.01s Sys=0.00s Real=0.01s
[2026-06-17T09:53:56.034+0800][12.282s][info][gc,start       ] GC(315) Pause Initial Mark
[2026-06-17T09:53:56.034+0800][12.283s][info][gc             ] GC(315) Pause Initial Mark 35M->35M(61M) 0.451ms
[2026-06-17T09:53:56.035+0800][12.283s][info][gc,cpu         ] GC(315) User=0.00s Sys=0.00s Real=0.00s
[2026-06-17T09:53:56.035+0800][12.283s][info][gc             ] GC(315) Concurrent Mark
[2026-06-17T09:53:56.035+0800][12.284s][info][gc,task        ] GC(315) Using 2 workers of 5 for marking
[2026-06-17T09:53:56.037+0800][12.285s][info][gc             ] GC(315) Concurrent Mark 1.404ms
[2026-06-17T09:53:56.037+0800][12.285s][info][gc,cpu         ] GC(315) User=0.00s Sys=0.00s Real=0.00s
[2026-06-17T09:53:56.037+0800][12.285s][info][gc             ] GC(315) Concurrent Preclean
[2026-06-17T09:53:56.037+0800][12.285s][info][gc             ] GC(315) Concurrent Preclean 0.204ms
[2026-06-17T09:53:56.037+0800][12.285s][info][gc,cpu         ] GC(315) User=0.00s Sys=0.00s Real=0.00s
[2026-06-17T09:53:56.038+0800][12.286s][info][gc,start       ] GC(315) Pause Remark
[2026-06-17T09:53:56.038+0800][12.286s][info][gc             ] GC(315) Pause Remark 36M->36M(61M) 0.581ms
[2026-06-17T09:53:56.038+0800][12.287s][info][gc,cpu         ] GC(315) User=0.00s Sys=0.00s Real=0.00s
[2026-06-17T09:53:56.039+0800][12.287s][info][gc             ] GC(315) Concurrent Sweep
[2026-06-17T09:53:56.039+0800][12.287s][info][gc             ] GC(315) Concurrent Sweep 0.319ms
[2026-06-17T09:53:56.039+0800][12.287s][info][gc,cpu         ] GC(315) User=0.00s Sys=0.00s Real=0.00s
[2026-06-17T09:53:56.039+0800][12.287s][info][gc             ] GC(315) Concurrent Reset
[2026-06-17T09:53:56.039+0800][12.288s][info][gc             ] GC(315) Concurrent Reset 0.168ms
[2026-06-17T09:53:56.040+0800][12.288s][info][gc,cpu         ] GC(315) User=0.00s Sys=0.00s Real=0.00s
[2026-06-17T09:53:56.040+0800][12.288s][info][gc,heap        ] GC(315) Old: 33283K->20862K(43712K)
[2026-06-17T09:53:56.077+0800][12.326s][info][gc,start       ] GC(316) Pause Young (Allocation Failure)
[2026-06-17T09:53:56.078+0800][12.326s][info][gc,task        ] GC(316) Using 2 workers of 18 for evacuation
[2026-06-17T09:53:56.080+0800][12.328s][info][gc,heap        ] GC(316) ParNew: 19625K->2166K(19648K)
[2026-06-17T09:53:56.080+0800][12.328s][info][gc,heap        ] GC(316) CMS: 20862K->24080K(43712K)
[2026-06-17T09:53:56.081+0800][12.329s][info][gc,metaspace   ] GC(316) Metaspace: 3158K(4864K)->3158K(4864K) NonClass: 2853K(4352K)->2853K(4352K) Class: 305K(512K)->305K(512K)
[2026-06-17T09:53:56.081+0800][12.329s][info][gc             ] GC(316) Pause Young (Allocation Failure) 39M->25M(61M) 3.630ms
[2026-06-17T09:53:56.081+0800][12.330s][info][gc,cpu         ] GC(316) User=0.00s Sys=0.00s Real=0.00s
[2026-06-17T09:53:56.125+0800][12.373s][info][gc,start       ] GC(317) Pause Young (Allocation Failure)
[2026-06-17T09:53:56.126+0800][12.374s][info][gc,task        ] GC(317) Using 2 workers of 18 for evacuation
[2026-06-17T09:53:56.129+0800][12.377s][info][gc,heap        ] GC(317) ParNew: 19598K->2039K(19648K)
[2026-06-17T09:53:56.131+0800][12.379s][info][gc,heap        ] GC(317) CMS: 24080K->26498K(43712K)
[2026-06-17T09:53:56.132+0800][12.380s][info][gc,metaspace   ] GC(317) Metaspace: 3158K(4864K)->3158K(4864K) NonClass: 2853K(4352K)->2853K(4352K) Class: 305K(512K)->305K(512K)
[2026-06-17T09:53:56.133+0800][12.381s][info][gc             ] GC(317) Pause Young (Allocation Failure) 42M->27M(61M) 7.407ms
[2026-06-17T09:53:56.133+0800][12.381s][info][gc,cpu         ] GC(317) User=0.01s Sys=0.00s Real=0.01s
[2026-06-17T09:53:56.187+0800][12.435s][info][gc,start       ] GC(318) Pause Young (Allocation Failure)
[2026-06-17T09:53:56.188+0800][12.436s][info][gc,task        ] GC(318) Using 2 workers of 18 for evacuation
[2026-06-17T09:53:56.191+0800][12.439s][info][gc,heap        ] GC(318) ParNew: 19469K->2155K(19648K)
[2026-06-17T09:53:56.192+0800][12.440s][info][gc,heap        ] GC(318) CMS: 26498K->30683K(43712K)
[2026-06-17T09:53:56.192+0800][12.440s][info][gc,metaspace   ] GC(318) Metaspace: 3158K(4864K)->3158K(4864K) NonClass: 2853K(4352K)->2853K(4352K) Class: 305K(512K)->305K(512K)
[2026-06-17T09:53:56.193+0800][12.441s][info][gc             ] GC(318) Pause Young (Allocation Failure) 44M->32M(61M) 6.066ms
[2026-06-17T09:53:56.193+0800][12.441s][info][gc,cpu         ] GC(318) User=0.00s Sys=0.00s Real=0.01s
[2026-06-17T09:53:56.237+0800][12.485s][info][gc,start       ] GC(319) Pause Young (Allocation Failure)
[2026-06-17T09:53:56.238+0800][12.486s][info][gc,task        ] GC(319) Using 2 workers of 18 for evacuation
[2026-06-17T09:53:56.239+0800][12.487s][info][gc,heap        ] GC(319) ParNew: 19601K->2167K(19648K)
[2026-06-17T09:53:56.240+0800][12.488s][info][gc,heap        ] GC(319) CMS: 30683K->34242K(43712K)
[2026-06-17T09:53:56.241+0800][12.489s][info][gc,metaspace   ] GC(319) Metaspace: 3158K(4864K)->3158K(4864K) NonClass: 2853K(4352K)->2853K(4352K) Class: 305K(512K)->305K(512K)
[2026-06-17T09:53:56.242+0800][12.490s][info][gc             ] GC(319) Pause Young (Allocation Failure) 49M->35M(61M) 5.295ms
[2026-06-17T09:53:56.243+0800][12.491s][info][gc,cpu         ] GC(319) User=0.00s Sys=0.00s Real=0.01s
[2026-06-17T09:53:56.287+0800][12.535s][info][gc,start       ] GC(320) Pause Young (Allocation Failure)
[2026-06-17T09:53:56.287+0800][12.536s][info][gc,task        ] GC(320) Using 2 workers of 18 for evacuation
[2026-06-17T09:53:56.289+0800][12.537s][info][gc,heap        ] GC(320) ParNew: 19639K->2175K(19648K)
[2026-06-17T09:53:56.290+0800][12.538s][info][gc,heap        ] GC(320) CMS: 34242K->39566K(43712K)
[2026-06-17T09:53:56.290+0800][12.538s][info][gc,metaspace   ] GC(320) Metaspace: 3158K(4864K)->3158K(4864K) NonClass: 2853K(4352K)->2853K(4352K) Class: 305K(512K)->305K(512K)
[2026-06-17T09:53:56.291+0800][12.539s][info][gc             ] GC(320) Pause Young (Allocation Failure) 52M->40M(61M) 3.724ms
[2026-06-17T09:53:56.291+0800][12.539s][info][gc,cpu         ] GC(320) User=0.00s Sys=0.00s Real=0.01s
[2026-06-17T09:53:56.292+0800][12.540s][info][gc,start       ] GC(321) Pause Initial Mark
[2026-06-17T09:53:56.292+0800][12.540s][info][gc             ] GC(321) Pause Initial Mark 42M->42M(61M) 0.576ms
[2026-06-17T09:53:56.292+0800][12.541s][info][gc,cpu         ] GC(321) User=0.00s Sys=0.00s Real=0.00s
[2026-06-17T09:53:56.293+0800][12.541s][info][gc             ] GC(321) Concurrent Mark
[2026-06-17T09:53:56.293+0800][12.541s][info][gc,task        ] GC(321) Using 2 workers of 5 for marking
[2026-06-17T09:53:56.294+0800][12.543s][info][gc             ] GC(321) Concurrent Mark 1.579ms
[2026-06-17T09:53:56.295+0800][12.543s][info][gc,cpu         ] GC(321) User=0.00s Sys=0.00s Real=0.00s
[2026-06-17T09:53:56.295+0800][12.543s][info][gc             ] GC(321) Concurrent Preclean
[2026-06-17T09:53:56.295+0800][12.543s][info][gc             ] GC(321) Concurrent Preclean 0.254ms
[2026-06-17T09:53:56.295+0800][12.544s][info][gc,cpu         ] GC(321) User=0.00s Sys=0.00s Real=0.00s
[2026-06-17T09:53:56.296+0800][12.544s][info][gc,start       ] GC(321) Pause Remark
[2026-06-17T09:53:56.296+0800][12.545s][info][gc             ] GC(321) Pause Remark 42M->42M(61M) 0.713ms
[2026-06-17T09:53:56.297+0800][12.545s][info][gc,cpu         ] GC(321) User=0.00s Sys=0.00s Real=0.00s
[2026-06-17T09:53:56.297+0800][12.545s][info][gc             ] GC(321) Concurrent Sweep
[2026-06-17T09:53:56.297+0800][12.545s][info][gc             ] GC(321) Concurrent Sweep 0.422ms
[2026-06-17T09:53:56.297+0800][12.546s][info][gc,cpu         ] GC(321) User=0.00s Sys=0.00s Real=0.00s
[2026-06-17T09:53:56.298+0800][12.546s][info][gc             ] GC(321) Concurrent Reset
[2026-06-17T09:53:56.298+0800][12.546s][info][gc             ] GC(321) Concurrent Reset 0.187ms
[2026-06-17T09:53:56.298+0800][12.546s][info][gc,cpu         ] GC(321) User=0.00s Sys=0.00s Real=0.00s
[2026-06-17T09:53:56.298+0800][12.546s][info][gc,heap        ] GC(321) Old: 39566K->26041K(43712K)
[2026-06-17T09:53:56.343+0800][12.592s][info][gc,start       ] GC(322) Pause Young (Allocation Failure)
[2026-06-17T09:53:56.344+0800][12.592s][info][gc,task        ] GC(322) Using 2 workers of 18 for evacuation
[2026-06-17T09:53:56.345+0800][12.593s][info][gc,heap        ] GC(322) ParNew: 19647K->2095K(19648K)
[2026-06-17T09:53:56.345+0800][12.593s][info][gc,heap        ] GC(322) CMS: 26041K->28175K(43712K)
[2026-06-17T09:53:56.345+0800][12.593s][info][gc,metaspace   ] GC(322) Metaspace: 3158K(4864K)->3158K(4864K) NonClass: 2853K(4352K)->2853K(4352K) Class: 305K(512K)->305K(512K)
[2026-06-17T09:53:56.345+0800][12.593s][info][gc             ] GC(322) Pause Young (Allocation Failure) 44M->29M(61M) 1.833ms
[2026-06-17T09:53:56.345+0800][12.593s][info][gc,cpu         ] GC(322) User=0.00s Sys=0.00s Real=0.00s
[2026-06-17T09:53:56.377+0800][12.625s][info][gc,start       ] GC(323) Pause Young (Allocation Failure)
[2026-06-17T09:53:56.377+0800][12.626s][info][gc,task        ] GC(323) Using 2 workers of 18 for evacuation
[2026-06-17T09:53:56.378+0800][12.626s][info][gc,heap        ] GC(323) ParNew: 19413K->2126K(19648K)
[2026-06-17T09:53:56.378+0800][12.626s][info][gc,heap        ] GC(323) CMS: 28175K->30805K(43712K)
[2026-06-17T09:53:56.378+0800][12.627s][info][gc,metaspace   ] GC(323) Metaspace: 3158K(4864K)->3158K(4864K) NonClass: 2853K(4352K)->2853K(4352K) Class: 305K(512K)->305K(512K)
[2026-06-17T09:53:56.379+0800][12.627s][info][gc             ] GC(323) Pause Young (Allocation Failure) 46M->32M(61M) 1.441ms
[2026-06-17T09:53:56.379+0800][12.627s][info][gc,cpu         ] GC(323) User=0.00s Sys=0.00s Real=0.00s
[2026-06-17T09:53:56.431+0800][12.679s][info][gc,start       ] GC(324) Pause Young (Allocation Failure)
[2026-06-17T09:53:56.432+0800][12.680s][info][gc,task        ] GC(324) Using 2 workers of 18 for evacuation
[2026-06-17T09:53:56.433+0800][12.681s][info][gc,heap        ] GC(324) ParNew: 19594K->2172K(19648K)
[2026-06-17T09:53:56.433+0800][12.682s][info][gc,heap        ] GC(324) CMS: 30805K->34743K(43712K)
[2026-06-17T09:53:56.434+0800][12.682s][info][gc,metaspace   ] GC(324) Metaspace: 3158K(4864K)->3158K(4864K) NonClass: 2853K(4352K)->2853K(4352K) Class: 305K(512K)->305K(512K)
[2026-06-17T09:53:56.434+0800][12.682s][info][gc             ] GC(324) Pause Young (Allocation Failure) 49M->36M(61M) 2.599ms
[2026-06-17T09:53:56.434+0800][12.682s][info][gc,cpu         ] GC(324) User=0.00s Sys=0.00s Real=0.00s
[2026-06-17T09:53:56.434+0800][12.682s][info][gc,start       ] GC(325) Pause Initial Mark
[2026-06-17T09:53:56.434+0800][12.683s][info][gc             ] GC(325) Pause Initial Mark 36M->36M(61M) 0.290ms
[2026-06-17T09:53:56.435+0800][12.683s][info][gc,cpu         ] GC(325) User=0.00s Sys=0.00s Real=0.00s
[2026-06-17T09:53:56.435+0800][12.683s][info][gc             ] GC(325) Concurrent Mark
[2026-06-17T09:53:56.435+0800][12.684s][info][gc,task        ] GC(325) Using 2 workers of 5 for marking
[2026-06-17T09:53:56.436+0800][12.684s][info][gc             ] GC(325) Concurrent Mark 1.123ms
[2026-06-17T09:53:56.436+0800][12.684s][info][gc,cpu         ] GC(325) User=0.00s Sys=0.00s Real=0.00s
[2026-06-17T09:53:56.437+0800][12.685s][info][gc             ] GC(325) Concurrent Preclean
[2026-06-17T09:53:56.437+0800][12.685s][info][gc             ] GC(325) Concurrent Preclean 0.172ms
[2026-06-17T09:53:56.437+0800][12.685s][info][gc,cpu         ] GC(325) User=0.00s Sys=0.00s Real=0.00s
[2026-06-17T09:53:56.437+0800][12.685s][info][gc,start       ] GC(325) Pause Remark
[2026-06-17T09:53:56.437+0800][12.686s][info][gc             ] GC(325) Pause Remark 37M->37M(61M) 0.438ms
[2026-06-17T09:53:56.438+0800][12.686s][info][gc,cpu         ] GC(325) User=0.00s Sys=0.00s Real=0.00s
[2026-06-17T09:53:56.438+0800][12.686s][info][gc             ] GC(325) Concurrent Sweep
[2026-06-17T09:53:56.438+0800][12.686s][info][gc             ] GC(325) Concurrent Sweep 0.245ms
[2026-06-17T09:53:56.438+0800][12.686s][info][gc,cpu         ] GC(325) User=0.00s Sys=0.00s Real=0.00s
[2026-06-17T09:53:56.438+0800][12.686s][info][gc             ] GC(325) Concurrent Reset
[2026-06-17T09:53:56.438+0800][12.687s][info][gc             ] GC(325) Concurrent Reset 0.151ms
[2026-06-17T09:53:56.439+0800][12.687s][info][gc,cpu         ] GC(325) User=0.00s Sys=0.00s Real=0.00s
[2026-06-17T09:53:56.439+0800][12.687s][info][gc,heap        ] GC(325) Old: 34743K->23664K(43712K)
[2026-06-17T09:53:56.477+0800][12.725s][info][gc,start       ] GC(326) Pause Young (Allocation Failure)
[2026-06-17T09:53:56.477+0800][12.726s][info][gc,task        ] GC(326) Using 2 workers of 18 for evacuation
[2026-06-17T09:53:56.479+0800][12.727s][info][gc,heap        ] GC(326) ParNew: 19607K->2173K(19648K)
[2026-06-17T09:53:56.479+0800][12.727s][info][gc,heap        ] GC(326) CMS: 23664K->27515K(43712K)
[2026-06-17T09:53:56.479+0800][12.727s][info][gc,metaspace   ] GC(326) Metaspace: 3158K(4864K)->3158K(4864K) NonClass: 2853K(4352K)->2853K(4352K) Class: 305K(512K)->305K(512K)
[2026-06-17T09:53:56.479+0800][12.727s][info][gc             ] GC(326) Pause Young (Allocation Failure) 42M->28M(61M) 2.496ms
[2026-06-17T09:53:56.479+0800][12.728s][info][gc,cpu         ] GC(326) User=0.00s Sys=0.00s Real=0.00s
[2026-06-17T09:53:56.522+0800][12.770s][info][gc,start       ] GC(327) Pause Young (Allocation Failure)
[2026-06-17T09:53:56.524+0800][12.772s][info][gc,task        ] GC(327) Using 2 workers of 18 for evacuation
[2026-06-17T09:53:56.525+0800][12.774s][info][gc,heap        ] GC(327) ParNew: 19639K->2173K(19648K)
[2026-06-17T09:53:56.526+0800][12.774s][info][gc,heap        ] GC(327) CMS: 27515K->33184K(43712K)
[2026-06-17T09:53:56.527+0800][12.775s][info][gc,metaspace   ] GC(327) Metaspace: 3158K(4864K)->3158K(4864K) NonClass: 2853K(4352K)->2853K(4352K) Class: 305K(512K)->305K(512K)
[2026-06-17T09:53:56.527+0800][12.775s][info][gc             ] GC(327) Pause Young (Allocation Failure) 46M->34M(61M) 4.801ms
[2026-06-17T09:53:56.527+0800][12.775s][info][gc,cpu         ] GC(327) User=0.00s Sys=0.00s Real=0.01s
[2026-06-17T09:53:56.528+0800][12.776s][info][gc,start       ] GC(328) Pause Initial Mark
[2026-06-17T09:53:56.528+0800][12.776s][info][gc             ] GC(328) Pause Initial Mark 35M->35M(61M) 0.524ms
[2026-06-17T09:53:56.528+0800][12.777s][info][gc,cpu         ] GC(328) User=0.00s Sys=0.00s Real=0.00s
[2026-06-17T09:53:56.529+0800][12.777s][info][gc             ] GC(328) Concurrent Mark
[2026-06-17T09:53:56.529+0800][12.777s][info][gc,task        ] GC(328) Using 2 workers of 5 for marking
[2026-06-17T09:53:56.530+0800][12.778s][info][gc             ] GC(328) Concurrent Mark 1.432ms
[2026-06-17T09:53:56.531+0800][12.779s][info][gc,cpu         ] GC(328) User=0.01s Sys=0.00s Real=0.01s
[2026-06-17T09:53:56.531+0800][12.779s][info][gc             ] GC(328) Concurrent Preclean
[2026-06-17T09:53:56.531+0800][12.779s][info][gc             ] GC(328) Concurrent Preclean 0.247ms
[2026-06-17T09:53:56.531+0800][12.779s][info][gc,cpu         ] GC(328) User=0.00s Sys=0.00s Real=0.00s
[2026-06-17T09:53:56.532+0800][12.780s][info][gc,start       ] GC(328) Pause Remark
[2026-06-17T09:53:56.532+0800][12.781s][info][gc             ] GC(328) Pause Remark 35M->35M(61M) 0.910ms
[2026-06-17T09:53:56.533+0800][12.781s][info][gc,cpu         ] GC(328) User=0.00s Sys=0.00s Real=0.00s
[2026-06-17T09:53:56.533+0800][12.781s][info][gc             ] GC(328) Concurrent Sweep
[2026-06-17T09:53:56.534+0800][12.782s][info][gc             ] GC(328) Concurrent Sweep 0.819ms
[2026-06-17T09:53:56.534+0800][12.782s][info][gc,cpu         ] GC(328) User=0.00s Sys=0.00s Real=0.00s
[2026-06-17T09:53:56.534+0800][12.782s][info][gc             ] GC(328) Concurrent Reset
[2026-06-17T09:53:56.534+0800][12.783s][info][gc             ] GC(328) Concurrent Reset 0.202ms
[2026-06-17T09:53:56.535+0800][12.783s][info][gc,cpu         ] GC(328) User=0.00s Sys=0.00s Real=0.00s
[2026-06-17T09:53:56.535+0800][12.783s][info][gc,heap        ] GC(328) Old: 33184K->21743K(43712K)
[2026-06-17T09:53:56.580+0800][12.828s][info][gc,start       ] GC(329) Pause Young (Allocation Failure)
[2026-06-17T09:53:56.580+0800][12.828s][info][gc,task        ] GC(329) Using 2 workers of 18 for evacuation
[2026-06-17T09:53:56.581+0800][12.829s][info][gc,heap        ] GC(329) ParNew: 19591K->1996K(19648K)
[2026-06-17T09:53:56.582+0800][12.830s][info][gc,heap        ] GC(329) CMS: 21743K->23458K(43712K)
[2026-06-17T09:53:56.582+0800][12.830s][info][gc,metaspace   ] GC(329) Metaspace: 3158K(4864K)->3158K(4864K) NonClass: 2853K(4352K)->2853K(4352K) Class: 305K(512K)->305K(512K)
[2026-06-17T09:53:56.583+0800][12.831s][info][gc             ] GC(329) Pause Young (Allocation Failure) 40M->24M(61M) 2.924ms
[2026-06-17T09:53:56.583+0800][12.831s][info][gc,cpu         ] GC(329) User=0.00s Sys=0.00s Real=0.01s
[2026-06-17T09:53:56.625+0800][12.874s][info][gc,start       ] GC(330) Pause Young (Allocation Failure)
[2026-06-17T09:53:56.626+0800][12.875s][info][gc,task        ] GC(330) Using 2 workers of 18 for evacuation
[2026-06-17T09:53:56.628+0800][12.876s][info][gc,heap        ] GC(330) ParNew: 19412K->2138K(19648K)
[2026-06-17T09:53:56.628+0800][12.876s][info][gc,heap        ] GC(330) CMS: 23458K->27143K(43712K)
[2026-06-17T09:53:56.628+0800][12.876s][info][gc,metaspace   ] GC(330) Metaspace: 3158K(4864K)->3158K(4864K) NonClass: 2853K(4352K)->2853K(4352K) Class: 305K(512K)->305K(512K)
[2026-06-17T09:53:56.628+0800][12.876s][info][gc             ] GC(330) Pause Young (Allocation Failure) 41M->28M(61M) 2.950ms
[2026-06-17T09:53:56.629+0800][12.877s][info][gc,cpu         ] GC(330) User=0.00s Sys=0.00s Real=0.00s
[2026-06-17T09:53:56.671+0800][12.919s][info][gc,start       ] GC(331) Pause Young (Allocation Failure)
[2026-06-17T09:53:56.672+0800][12.920s][info][gc,task        ] GC(331) Using 2 workers of 18 for evacuation
[2026-06-17T09:53:56.673+0800][12.921s][info][gc,heap        ] GC(331) ParNew: 19579K->2171K(19648K)
[2026-06-17T09:53:56.674+0800][12.922s][info][gc,heap        ] GC(331) CMS: 27143K->30783K(43712K)
[2026-06-17T09:53:56.674+0800][12.922s][info][gc,metaspace   ] GC(331) Metaspace: 3158K(4864K)->3158K(4864K) NonClass: 2853K(4352K)->2853K(4352K) Class: 305K(512K)->305K(512K)
[2026-06-17T09:53:56.674+0800][12.922s][info][gc             ] GC(331) Pause Young (Allocation Failure) 45M->32M(61M) 2.815ms
[2026-06-17T09:53:56.674+0800][12.922s][info][gc,cpu         ] GC(331) User=0.00s Sys=0.00s Real=0.00s
[2026-06-17T09:53:56.717+0800][12.965s][info][gc,start       ] GC(332) Pause Young (Allocation Failure)
[2026-06-17T09:53:56.717+0800][12.966s][info][gc,task        ] GC(332) Using 2 workers of 18 for evacuation
[2026-06-17T09:53:56.719+0800][12.967s][info][gc,heap        ] GC(332) ParNew: 19614K->2169K(19648K)
[2026-06-17T09:53:56.719+0800][12.967s][info][gc,heap        ] GC(332) CMS: 30783K->35767K(43712K)
[2026-06-17T09:53:56.720+0800][12.968s][info][gc,metaspace   ] GC(332) Metaspace: 3158K(4864K)->3158K(4864K) NonClass: 2853K(4352K)->2853K(4352K) Class: 305K(512K)->305K(512K)
[2026-06-17T09:53:56.721+0800][12.969s][info][gc             ] GC(332) Pause Young (Allocation Failure) 49M->37M(61M) 3.932ms
[2026-06-17T09:53:56.723+0800][12.971s][info][gc,cpu         ] GC(332) User=0.00s Sys=0.00s Real=0.01s
[2026-06-17T09:53:56.723+0800][12.972s][info][gc,start       ] GC(333) Pause Initial Mark
[2026-06-17T09:53:56.725+0800][12.973s][info][gc             ] GC(333) Pause Initial Mark 37M->37M(61M) 1.914ms
[2026-06-17T09:53:56.726+0800][12.974s][info][gc,cpu         ] GC(333) User=0.00s Sys=0.00s Real=0.00s
[2026-06-17T09:53:56.727+0800][12.975s][info][gc             ] GC(333) Concurrent Mark
[2026-06-17T09:53:56.730+0800][12.978s][info][gc,task        ] GC(333) Using 2 workers of 5 for marking
[2026-06-17T09:53:56.732+0800][12.980s][info][gc             ] GC(333) Concurrent Mark 5.002ms
[2026-06-17T09:53:56.734+0800][12.983s][info][gc,cpu         ] GC(333) User=0.00s Sys=0.00s Real=0.01s
[2026-06-17T09:53:56.735+0800][12.983s][info][gc             ] GC(333) Concurrent Preclean
[2026-06-17T09:53:56.735+0800][12.983s][info][gc             ] GC(333) Concurrent Preclean 0.353ms
[2026-06-17T09:53:56.735+0800][12.984s][info][gc,cpu         ] GC(333) User=0.00s Sys=0.00s Real=0.00s
[2026-06-17T09:53:56.736+0800][12.984s][info][gc             ] GC(333) Concurrent Abortable Preclean
[2026-06-17T09:53:56.769+0800][13.018s][info][gc,start       ] GC(334) Pause Young (Allocation Failure)
[2026-06-17T09:53:56.770+0800][13.018s][info][gc,task        ] GC(334) Using 2 workers of 18 for evacuation
[2026-06-17T09:53:56.772+0800][13.020s][info][gc,heap        ] GC(334) ParNew: 19631K->2173K(19648K)
[2026-06-17T09:53:56.772+0800][13.020s][info][gc,heap        ] GC(334) CMS: 35767K->41438K(43712K)
[2026-06-17T09:53:56.772+0800][13.020s][info][gc,metaspace   ] GC(334) Metaspace: 3158K(4864K)->3158K(4864K) NonClass: 2853K(4352K)->2853K(4352K) Class: 305K(512K)->305K(512K)
[2026-06-17T09:53:56.773+0800][13.021s][info][gc             ] GC(334) Pause Young (Allocation Failure) 54M->42M(61M) 3.168ms
[2026-06-17T09:53:56.773+0800][13.021s][info][gc,cpu         ] GC(334) User=0.00s Sys=0.00s Real=0.01s
[2026-06-17T09:53:56.827+0800][13.075s][info][gc,start       ] GC(335) Pause Young (Allocation Failure)
[2026-06-17T09:53:56.828+0800][13.076s][info][gc,task        ] GC(335) Using 2 workers of 18 for evacuation
[2026-06-17T09:53:56.828+0800][13.076s][info][gc,start       ] GC(336) Pause Full (Allocation Failure)
[2026-06-17T09:53:56.829+0800][13.077s][info][gc             ] GC(333) Concurrent Abortable Preclean 93.247ms
[2026-06-17T09:53:56.829+0800][13.078s][info][gc,cpu         ] GC(333) User=0.01s Sys=0.00s Real=0.09s
[2026-06-17T09:53:56.830+0800][13.078s][info][gc,phases,start] GC(336) Phase 1: Mark live objects
[2026-06-17T09:53:56.833+0800][13.081s][info][gc,phases      ] GC(336) Phase 1: Mark live objects 2.648ms
[2026-06-17T09:53:56.833+0800][13.081s][info][gc,phases,start] GC(336) Phase 2: Compute new object addresses
[2026-06-17T09:53:56.834+0800][13.082s][info][gc,phases      ] GC(336) Phase 2: Compute new object addresses 0.758ms
[2026-06-17T09:53:56.834+0800][13.083s][info][gc,phases,start] GC(336) Phase 3: Adjust pointers
[2026-06-17T09:53:56.836+0800][13.084s][info][gc,phases      ] GC(336) Phase 3: Adjust pointers 1.180ms
[2026-06-17T09:53:56.836+0800][13.084s][info][gc,phases,start] GC(336) Phase 4: Move objects
[2026-06-17T09:53:56.839+0800][13.088s][info][gc,phases      ] GC(336) Phase 4: Move objects 3.373ms
[2026-06-17T09:53:56.840+0800][13.088s][info][gc             ] GC(336) Pause Full (Allocation Failure) 59M->28M(61M) 11.884ms
[2026-06-17T09:53:56.840+0800][13.088s][info][gc,heap        ] GC(335) ParNew: 19620K->0K(19648K)
[2026-06-17T09:53:56.840+0800][13.088s][info][gc,heap        ] GC(335) CMS: 41438K->29526K(43712K)
[2026-06-17T09:53:56.841+0800][13.089s][info][gc,metaspace   ] GC(335) Metaspace: 3158K(4864K)->3158K(4864K) NonClass: 2853K(4352K)->2853K(4352K) Class: 305K(512K)->305K(512K)
[2026-06-17T09:53:56.841+0800][13.089s][info][gc             ] GC(335) Pause Young (Allocation Failure) 59M->28M(61M) 14.257ms
[2026-06-17T09:53:56.841+0800][13.089s][info][gc,cpu         ] GC(335) User=0.01s Sys=0.00s Real=0.01s
[2026-06-17T09:53:56.874+0800][13.122s][info][gc,start       ] GC(337) Pause Young (Allocation Failure)
[2026-06-17T09:53:56.875+0800][13.123s][info][gc,task        ] GC(337) Using 2 workers of 18 for evacuation
[2026-06-17T09:53:56.877+0800][13.125s][info][gc,heap        ] GC(337) ParNew: 16721K->2171K(19648K)
[2026-06-17T09:53:56.877+0800][13.125s][info][gc,heap        ] GC(337) CMS: 29526K->33527K(43712K)
[2026-06-17T09:53:56.878+0800][13.126s][info][gc,metaspace   ] GC(337) Metaspace: 3158K(4864K)->3158K(4864K) NonClass: 2853K(4352K)->2853K(4352K) Class: 305K(512K)->305K(512K)
[2026-06-17T09:53:56.878+0800][13.126s][info][gc             ] GC(337) Pause Young (Allocation Failure) 45M->34M(61M) 4.010ms
[2026-06-17T09:53:56.878+0800][13.127s][info][gc,cpu         ] GC(337) User=0.00s Sys=0.00s Real=0.00s
[2026-06-17T09:53:56.932+0800][13.181s][info][gc,start       ] GC(338) Pause Young (Allocation Failure)
[2026-06-17T09:53:56.933+0800][13.181s][info][gc,task        ] GC(338) Using 2 workers of 18 for evacuation
[2026-06-17T09:53:56.935+0800][13.183s][info][gc,heap        ] GC(338) ParNew: 19643K->2128K(19648K)
[2026-06-17T09:53:56.935+0800][13.183s][info][gc,heap        ] GC(338) CMS: 33527K->37404K(43712K)
[2026-06-17T09:53:56.936+0800][13.184s][info][gc,metaspace   ] GC(338) Metaspace: 3158K(4864K)->3158K(4864K) NonClass: 2853K(4352K)->2853K(4352K) Class: 305K(512K)->305K(512K)
[2026-06-17T09:53:56.936+0800][13.184s][info][gc             ] GC(338) Pause Young (Allocation Failure) 51M->38M(61M) 3.476ms
[2026-06-17T09:53:56.936+0800][13.185s][info][gc,cpu         ] GC(338) User=0.01s Sys=0.00s Real=0.00s
[2026-06-17T09:53:56.937+0800][13.185s][info][gc,start       ] GC(339) Pause Initial Mark
[2026-06-17T09:53:56.938+0800][13.186s][info][gc             ] GC(339) Pause Initial Mark 40M->40M(61M) 0.698ms
[2026-06-17T09:53:56.938+0800][13.187s][info][gc,cpu         ] GC(339) User=0.00s Sys=0.00s Real=0.00s
[2026-06-17T09:53:56.939+0800][13.187s][info][gc             ] GC(339) Concurrent Mark
[2026-06-17T09:53:56.939+0800][13.187s][info][gc,task        ] GC(339) Using 2 workers of 5 for marking
[2026-06-17T09:53:56.940+0800][13.188s][info][gc             ] GC(339) Concurrent Mark 1.517ms
[2026-06-17T09:53:56.941+0800][13.189s][info][gc,cpu         ] GC(339) User=0.00s Sys=0.00s Real=0.00s
[2026-06-17T09:53:56.941+0800][13.189s][info][gc             ] GC(339) Concurrent Preclean
[2026-06-17T09:53:56.941+0800][13.189s][info][gc             ] GC(339) Concurrent Preclean 0.261ms
[2026-06-17T09:53:56.941+0800][13.189s][info][gc,cpu         ] GC(339) User=0.00s Sys=0.00s Real=0.00s
[2026-06-17T09:53:56.941+0800][13.190s][info][gc             ] GC(339) Concurrent Abortable Preclean
[2026-06-17T09:53:56.982+0800][13.230s][info][gc,start       ] GC(340) Pause Young (Allocation Failure)
[2026-06-17T09:53:56.983+0800][13.231s][info][gc,task        ] GC(340) Using 2 workers of 18 for evacuation
[2026-06-17T09:53:56.985+0800][13.233s][info][gc,heap        ] GC(340) ParNew: 19599K->2167K(19648K)
[2026-06-17T09:53:56.985+0800][13.233s][info][gc,heap        ] GC(340) CMS: 37404K->40462K(43712K)
[2026-06-17T09:53:56.986+0800][13.234s][info][gc,metaspace   ] GC(340) Metaspace: 3158K(4864K)->3158K(4864K) NonClass: 2853K(4352K)->2853K(4352K) Class: 305K(512K)->305K(512K)
[2026-06-17T09:53:56.987+0800][13.235s][info][gc             ] GC(340) Pause Young (Allocation Failure) 55M->41M(61M) 4.891ms
[2026-06-17T09:53:56.987+0800][13.235s][info][gc,cpu         ] GC(340) User=0.00s Sys=0.00s Real=0.01s
[2026-06-17T09:53:57.031+0800][13.280s][info][gc,start       ] GC(341) Pause Young (Allocation Failure)
[2026-06-17T09:53:57.032+0800][13.280s][info][gc,task        ] GC(341) Using 2 workers of 18 for evacuation
[2026-06-17T09:53:57.033+0800][13.281s][info][gc,start       ] GC(342) Pause Full (Allocation Failure)
[2026-06-17T09:53:57.033+0800][13.281s][info][gc             ] GC(339) Concurrent Abortable Preclean 91.860ms
[2026-06-17T09:53:57.034+0800][13.282s][info][gc,cpu         ] GC(339) User=0.01s Sys=0.00s Real=0.10s
[2026-06-17T09:53:57.034+0800][13.282s][info][gc,phases,start] GC(342) Phase 1: Mark live objects
[2026-06-17T09:53:57.035+0800][13.284s][info][gc,phases      ] GC(342) Phase 1: Mark live objects 1.261ms
[2026-06-17T09:53:57.036+0800][13.284s][info][gc,phases,start] GC(342) Phase 2: Compute new object addresses
[2026-06-17T09:53:57.037+0800][13.285s][info][gc,phases      ] GC(342) Phase 2: Compute new object addresses 0.685ms
[2026-06-17T09:53:57.037+0800][13.285s][info][gc,phases,start] GC(342) Phase 3: Adjust pointers
[2026-06-17T09:53:57.038+0800][13.286s][info][gc,phases      ] GC(342) Phase 3: Adjust pointers 0.700ms
[2026-06-17T09:53:57.038+0800][13.286s][info][gc,phases,start] GC(342) Phase 4: Move objects
[2026-06-17T09:53:57.041+0800][13.289s][info][gc,phases      ] GC(342) Phase 4: Move objects 2.749ms
[2026-06-17T09:53:57.041+0800][13.289s][info][gc             ] GC(342) Pause Full (Allocation Failure) 58M->27M(61M) 8.274ms
[2026-06-17T09:53:57.041+0800][13.290s][info][gc,heap        ] GC(341) ParNew: 19639K->0K(19648K)
[2026-06-17T09:53:57.042+0800][13.290s][info][gc,heap        ] GC(341) CMS: 40462K->28398K(43712K)
[2026-06-17T09:53:57.042+0800][13.290s][info][gc,metaspace   ] GC(341) Metaspace: 3158K(4864K)->3158K(4864K) NonClass: 2853K(4352K)->2853K(4352K) Class: 305K(512K)->305K(512K)
[2026-06-17T09:53:57.042+0800][13.290s][info][gc             ] GC(341) Pause Young (Allocation Failure) 58M->27M(61M) 10.405ms
[2026-06-17T09:53:57.042+0800][13.290s][info][gc,cpu         ] GC(341) User=0.00s Sys=0.00s Real=0.00s
[2026-06-17T09:53:57.085+0800][13.333s][info][gc,start       ] GC(343) Pause Young (Allocation Failure)
[2026-06-17T09:53:57.086+0800][13.334s][info][gc,task        ] GC(343) Using 2 workers of 18 for evacuation
[2026-06-17T09:53:57.088+0800][13.336s][info][gc,heap        ] GC(343) ParNew: 16824K->2154K(19648K)
[2026-06-17T09:53:57.088+0800][13.337s][info][gc,heap        ] GC(343) CMS: 28398K->29342K(43712K)
[2026-06-17T09:53:57.089+0800][13.337s][info][gc,metaspace   ] GC(343) Metaspace: 3158K(4864K)->3158K(4864K) NonClass: 2853K(4352K)->2853K(4352K) Class: 305K(512K)->305K(512K)
[2026-06-17T09:53:57.090+0800][13.338s][info][gc             ] GC(343) Pause Young (Allocation Failure) 44M->30M(61M) 4.587ms
[2026-06-17T09:53:57.091+0800][13.339s][info][gc,cpu         ] GC(343) User=0.01s Sys=0.00s Real=0.01s
[2026-06-17T09:53:57.134+0800][13.382s][info][gc,start       ] GC(344) Pause Young (Allocation Failure)
[2026-06-17T09:53:57.135+0800][13.383s][info][gc,task        ] GC(344) Using 2 workers of 18 for evacuation
[2026-06-17T09:53:57.136+0800][13.384s][info][gc,heap        ] GC(344) ParNew: 19554K->2091K(19648K)
[2026-06-17T09:53:57.137+0800][13.385s][info][gc,heap        ] GC(344) CMS: 29342K->32871K(43712K)
[2026-06-17T09:53:57.139+0800][13.387s][info][gc,metaspace   ] GC(344) Metaspace: 3158K(4864K)->3158K(4864K) NonClass: 2853K(4352K)->2853K(4352K) Class: 305K(512K)->305K(512K)
[2026-06-17T09:53:57.139+0800][13.387s][info][gc             ] GC(344) Pause Young (Allocation Failure) 47M->34M(61M) 5.092ms
[2026-06-17T09:53:57.141+0800][13.389s][info][gc,cpu         ] GC(344) User=0.00s Sys=0.00s Real=0.00s
[2026-06-17T09:53:57.194+0800][13.442s][info][gc,start       ] GC(345) Pause Young (Allocation Failure)
[2026-06-17T09:53:57.195+0800][13.443s][info][gc,task        ] GC(345) Using 2 workers of 18 for evacuation
[2026-06-17T09:53:57.196+0800][13.444s][info][gc,heap        ] GC(345) ParNew: 19502K->2114K(19648K)
[2026-06-17T09:53:57.196+0800][13.444s][info][gc,heap        ] GC(345) CMS: 32871K->36056K(43712K)
[2026-06-17T09:53:57.197+0800][13.445s][info][gc,metaspace   ] GC(345) Metaspace: 3158K(4864K)->3158K(4864K) NonClass: 2853K(4352K)->2853K(4352K) Class: 305K(512K)->305K(512K)
[2026-06-17T09:53:57.197+0800][13.445s][info][gc             ] GC(345) Pause Young (Allocation Failure) 51M->37M(61M) 3.086ms
[2026-06-17T09:53:57.198+0800][13.446s][info][gc,cpu         ] GC(345) User=0.00s Sys=0.00s Real=0.00s
[2026-06-17T09:53:57.198+0800][13.447s][info][gc,start       ] GC(346) Pause Initial Mark
[2026-06-17T09:53:57.199+0800][13.447s][info][gc             ] GC(346) Pause Initial Mark 38M->38M(61M) 0.541ms
[2026-06-17T09:53:57.199+0800][13.447s][info][gc,cpu         ] GC(346) User=0.00s Sys=0.00s Real=0.00s
[2026-06-17T09:53:57.200+0800][13.448s][info][gc             ] GC(346) Concurrent Mark
[2026-06-17T09:53:57.200+0800][13.448s][info][gc,task        ] GC(346) Using 2 workers of 5 for marking
[2026-06-17T09:53:57.201+0800][13.449s][info][gc             ] GC(346) Concurrent Mark 1.365ms
[2026-06-17T09:53:57.202+0800][13.450s][info][gc,cpu         ] GC(346) User=0.00s Sys=0.00s Real=0.00s
[2026-06-17T09:53:57.202+0800][13.450s][info][gc             ] GC(346) Concurrent Preclean
[2026-06-17T09:53:57.203+0800][13.451s][info][gc             ] GC(346) Concurrent Preclean 0.493ms
[2026-06-17T09:53:57.203+0800][13.451s][info][gc,cpu         ] GC(346) User=0.00s Sys=0.00s Real=0.01s
[2026-06-17T09:53:57.203+0800][13.452s][info][gc             ] GC(346) Concurrent Abortable Preclean
[2026-06-17T09:53:57.242+0800][13.490s][info][gc,start       ] GC(347) Pause Young (Allocation Failure)
[2026-06-17T09:53:57.242+0800][13.491s][info][gc,task        ] GC(347) Using 2 workers of 18 for evacuation
[2026-06-17T09:53:57.244+0800][13.492s][info][gc,heap        ] GC(347) ParNew: 19569K->2170K(19648K)
[2026-06-17T09:53:57.244+0800][13.492s][info][gc,heap        ] GC(347) CMS: 36056K->39632K(43712K)
[2026-06-17T09:53:57.245+0800][13.493s][info][gc,metaspace   ] GC(347) Metaspace: 3158K(4864K)->3158K(4864K) NonClass: 2853K(4352K)->2853K(4352K) Class: 305K(512K)->305K(512K)
[2026-06-17T09:53:57.245+0800][13.493s][info][gc             ] GC(347) Pause Young (Allocation Failure) 54M->40M(61M) 3.176ms
[2026-06-17T09:53:57.245+0800][13.493s][info][gc,cpu         ] GC(347) User=0.00s Sys=0.01s Real=0.01s
[2026-06-17T09:53:57.288+0800][13.536s][info][gc,start       ] GC(348) Pause Young (Allocation Failure)
[2026-06-17T09:53:57.288+0800][13.536s][info][gc,task        ] GC(348) Using 2 workers of 18 for evacuation
[2026-06-17T09:53:57.288+0800][13.536s][info][gc,start       ] GC(349) Pause Full (Allocation Failure)
[2026-06-17T09:53:57.288+0800][13.537s][info][gc             ] GC(346) Concurrent Abortable Preclean 84.978ms
[2026-06-17T09:53:57.289+0800][13.537s][info][gc,cpu         ] GC(346) User=0.01s Sys=0.01s Real=0.08s
[2026-06-17T09:53:57.289+0800][13.537s][info][gc,phases,start] GC(349) Phase 1: Mark live objects
[2026-06-17T09:53:57.290+0800][13.538s][info][gc,phases      ] GC(349) Phase 1: Mark live objects 0.863ms
[2026-06-17T09:53:57.290+0800][13.538s][info][gc,phases,start] GC(349) Phase 2: Compute new object addresses
[2026-06-17T09:53:57.290+0800][13.539s][info][gc,phases      ] GC(349) Phase 2: Compute new object addresses 0.387ms
[2026-06-17T09:53:57.291+0800][13.539s][info][gc,phases,start] GC(349) Phase 3: Adjust pointers
[2026-06-17T09:53:57.291+0800][13.539s][info][gc,phases      ] GC(349) Phase 3: Adjust pointers 0.393ms
[2026-06-17T09:53:57.291+0800][13.539s][info][gc,phases,start] GC(349) Phase 4: Move objects
[2026-06-17T09:53:57.293+0800][13.541s][info][gc,phases      ] GC(349) Phase 4: Move objects 2.066ms
[2026-06-17T09:53:57.294+0800][13.542s][info][gc             ] GC(349) Pause Full (Allocation Failure) 57M->22M(61M) 5.513ms
[2026-06-17T09:53:57.294+0800][13.542s][info][gc,heap        ] GC(348) ParNew: 19594K->0K(19648K)
[2026-06-17T09:53:57.294+0800][13.542s][info][gc,heap        ] GC(348) CMS: 39632K->22904K(43712K)
[2026-06-17T09:53:57.294+0800][13.542s][info][gc,metaspace   ] GC(348) Metaspace: 3158K(4864K)->3158K(4864K) NonClass: 2853K(4352K)->2853K(4352K) Class: 305K(512K)->305K(512K)
[2026-06-17T09:53:57.294+0800][13.542s][info][gc             ] GC(348) Pause Young (Allocation Failure) 57M->22M(61M) 6.661ms
[2026-06-17T09:53:57.294+0800][13.543s][info][gc,cpu         ] GC(348) User=0.00s Sys=0.00s Real=0.01s
[2026-06-17T09:53:57.337+0800][13.585s][info][gc,start       ] GC(350) Pause Young (Allocation Failure)
[2026-06-17T09:53:57.338+0800][13.586s][info][gc,task        ] GC(350) Using 2 workers of 18 for evacuation
[2026-06-17T09:53:57.339+0800][13.587s][info][gc,heap        ] GC(350) ParNew: 17471K->2168K(19648K)
[2026-06-17T09:53:57.340+0800][13.588s][info][gc,heap        ] GC(350) CMS: 22904K->27471K(43712K)
[2026-06-17T09:53:57.340+0800][13.588s][info][gc,metaspace   ] GC(350) Metaspace: 3158K(4864K)->3158K(4864K) NonClass: 2853K(4352K)->2853K(4352K) Class: 305K(512K)->305K(512K)
[2026-06-17T09:53:57.341+0800][13.589s][info][gc             ] GC(350) Pause Young (Allocation Failure) 39M->28M(61M) 3.944ms
[2026-06-17T09:53:57.341+0800][13.589s][info][gc,cpu         ] GC(350) User=0.00s Sys=0.00s Real=0.00s
[2026-06-17T09:53:57.384+0800][13.632s][info][gc,start       ] GC(351) Pause Young (Allocation Failure)
[2026-06-17T09:53:57.384+0800][13.632s][info][gc,task        ] GC(351) Using 2 workers of 18 for evacuation
[2026-06-17T09:53:57.386+0800][13.634s][info][gc,heap        ] GC(351) ParNew: 19621K->2171K(19648K)
[2026-06-17T09:53:57.386+0800][13.634s][info][gc,heap        ] GC(351) CMS: 27471K->32586K(43712K)
[2026-06-17T09:53:57.387+0800][13.635s][info][gc,metaspace   ] GC(351) Metaspace: 3158K(4864K)->3158K(4864K) NonClass: 2853K(4352K)->2853K(4352K) Class: 305K(512K)->305K(512K)
[2026-06-17T09:53:57.387+0800][13.635s][info][gc             ] GC(351) Pause Young (Allocation Failure) 45M->33M(61M) 3.479ms
[2026-06-17T09:53:57.388+0800][13.636s][info][gc,cpu         ] GC(351) User=0.01s Sys=0.00s Real=0.00s
[2026-06-17T09:53:57.388+0800][13.636s][info][gc,start       ] GC(352) Pause Initial Mark
[2026-06-17T09:53:57.389+0800][13.637s][info][gc             ] GC(352) Pause Initial Mark 35M->35M(61M) 0.561ms
[2026-06-17T09:53:57.389+0800][13.637s][info][gc,cpu         ] GC(352) User=0.00s Sys=0.00s Real=0.00s
[2026-06-17T09:53:57.390+0800][13.638s][info][gc             ] GC(352) Concurrent Mark
[2026-06-17T09:53:57.390+0800][13.638s][info][gc,task        ] GC(352) Using 2 workers of 5 for marking
[2026-06-17T09:53:57.391+0800][13.639s][info][gc             ] GC(352) Concurrent Mark 1.396ms
[2026-06-17T09:53:57.391+0800][13.640s][info][gc,cpu         ] GC(352) User=0.00s Sys=0.00s Real=0.01s
[2026-06-17T09:53:57.392+0800][13.640s][info][gc             ] GC(352) Concurrent Preclean
[2026-06-17T09:53:57.394+0800][13.642s][info][gc             ] GC(352) Concurrent Preclean 1.874ms
[2026-06-17T09:53:57.394+0800][13.642s][info][gc,cpu         ] GC(352) User=0.00s Sys=0.00s Real=0.00s
[2026-06-17T09:53:57.395+0800][13.643s][info][gc             ] GC(352) Concurrent Abortable Preclean
[2026-06-17T09:53:57.431+0800][13.680s][info][gc,start       ] GC(353) Pause Young (Allocation Failure)
[2026-06-17T09:53:57.433+0800][13.681s][info][gc,task        ] GC(353) Using 2 workers of 18 for evacuation
[2026-06-17T09:53:57.435+0800][13.683s][info][gc,heap        ] GC(353) ParNew: 19638K->2174K(19648K)
[2026-06-17T09:53:57.436+0800][13.684s][info][gc,heap        ] GC(353) CMS: 32586K->38658K(43712K)
[2026-06-17T09:53:57.436+0800][13.684s][info][gc,metaspace   ] GC(353) Metaspace: 3158K(4864K)->3158K(4864K) NonClass: 2853K(4352K)->2853K(4352K) Class: 305K(512K)->305K(512K)
[2026-06-17T09:53:57.436+0800][13.684s][info][gc             ] GC(353) Pause Young (Allocation Failure) 51M->39M(61M) 4.427ms
[2026-06-17T09:53:57.436+0800][13.684s][info][gc,cpu         ] GC(353) User=0.00s Sys=0.00s Real=0.00s
[2026-06-17T09:53:57.488+0800][13.737s][info][gc,start       ] GC(354) Pause Young (Allocation Failure)
[2026-06-17T09:53:57.489+0800][13.737s][info][gc,task        ] GC(354) Using 2 workers of 18 for evacuation
[2026-06-17T09:53:57.489+0800][13.737s][info][gc,start       ] GC(355) Pause Full (Allocation Failure)
[2026-06-17T09:53:57.489+0800][13.737s][info][gc             ] GC(352) Concurrent Abortable Preclean 94.618ms
[2026-06-17T09:53:57.490+0800][13.738s][info][gc,cpu         ] GC(352) User=0.00s Sys=0.00s Real=0.09s
[2026-06-17T09:53:57.490+0800][13.738s][info][gc,phases,start] GC(355) Phase 1: Mark live objects
[2026-06-17T09:53:57.491+0800][13.739s][info][gc,phases      ] GC(355) Phase 1: Mark live objects 0.840ms
[2026-06-17T09:53:57.491+0800][13.739s][info][gc,phases,start] GC(355) Phase 2: Compute new object addresses
[2026-06-17T09:53:57.491+0800][13.739s][info][gc,phases      ] GC(355) Phase 2: Compute new object addresses 0.412ms
[2026-06-17T09:53:57.491+0800][13.739s][info][gc,phases,start] GC(355) Phase 3: Adjust pointers
[2026-06-17T09:53:57.492+0800][13.740s][info][gc,phases      ] GC(355) Phase 3: Adjust pointers 0.397ms
[2026-06-17T09:53:57.492+0800][13.740s][info][gc,phases,start] GC(355) Phase 4: Move objects
[2026-06-17T09:53:57.494+0800][13.742s][info][gc,phases      ] GC(355) Phase 4: Move objects 1.763ms
[2026-06-17T09:53:57.495+0800][13.743s][info][gc             ] GC(355) Pause Full (Allocation Failure) 56M->24M(61M) 5.609ms
[2026-06-17T09:53:57.499+0800][13.747s][info][gc,heap        ] GC(354) ParNew: 19642K->0K(19648K)
[2026-06-17T09:53:57.503+0800][13.751s][info][gc,heap        ] GC(354) CMS: 38658K->25026K(43712K)
[2026-06-17T09:53:57.507+0800][13.755s][info][gc,metaspace   ] GC(354) Metaspace: 3158K(4864K)->3158K(4864K) NonClass: 2853K(4352K)->2853K(4352K) Class: 305K(512K)->305K(512K)
[2026-06-17T09:53:57.507+0800][13.755s][info][gc             ] GC(354) Pause Young (Allocation Failure) 56M->24M(61M) 18.568ms
[2026-06-17T09:53:57.507+0800][13.756s][info][gc,cpu         ] GC(354) User=0.00s Sys=0.00s Real=0.02s
[2026-06-17T09:53:57.550+0800][13.798s][info][gc,start       ] GC(356) Pause Young (Allocation Failure)
[2026-06-17T09:53:57.550+0800][13.799s][info][gc,task        ] GC(356) Using 2 workers of 18 for evacuation
[2026-06-17T09:53:57.553+0800][13.802s][info][gc,heap        ] GC(356) ParNew: 17472K->2171K(19648K)
[2026-06-17T09:53:57.555+0800][13.803s][info][gc,heap        ] GC(356) CMS: 25026K->30048K(43712K)
[2026-06-17T09:53:57.556+0800][13.804s][info][gc,metaspace   ] GC(356) Metaspace: 3158K(4864K)->3158K(4864K) NonClass: 2853K(4352K)->2853K(4352K) Class: 305K(512K)->305K(512K)
[2026-06-17T09:53:57.556+0800][13.805s][info][gc             ] GC(356) Pause Young (Allocation Failure) 41M->31M(61M) 6.879ms
[2026-06-17T09:53:57.557+0800][13.805s][info][gc,cpu         ] GC(356) User=0.00s Sys=0.00s Real=0.01s
[2026-06-17T09:53:57.601+0800][13.849s][info][gc,start       ] GC(357) Pause Young (Allocation Failure)
[2026-06-17T09:53:57.610+0800][13.858s][info][gc,task        ] GC(357) Using 2 workers of 18 for evacuation
[2026-06-17T09:53:57.611+0800][13.859s][info][gc,heap        ] GC(357) ParNew: 19628K->2166K(19648K)
[2026-06-17T09:53:57.632+0800][13.880s][info][gc,heap        ] GC(357) CMS: 30048K->34280K(43712K)
[2026-06-17T09:53:57.632+0800][13.880s][info][gc,metaspace   ] GC(357) Metaspace: 3158K(4864K)->3158K(4864K) NonClass: 2853K(4352K)->2853K(4352K) Class: 305K(512K)->305K(512K)
[2026-06-17T09:53:57.635+0800][13.883s][info][gc             ] GC(357) Pause Young (Allocation Failure) 48M->35M(61M) 33.892ms
[2026-06-17T09:53:57.646+0800][13.894s][info][gc,cpu         ] GC(357) User=0.01s Sys=0.00s Real=0.05s
[2026-06-17T09:53:57.646+0800][13.894s][info][gc,start       ] GC(358) Pause Initial Mark
[2026-06-17T09:53:57.658+0800][13.906s][info][gc             ] GC(358) Pause Initial Mark 36M->36M(61M) 11.412ms
[2026-06-17T09:53:57.658+0800][13.906s][info][gc,cpu         ] GC(358) User=0.00s Sys=0.00s Real=0.01s
[2026-06-17T09:53:57.659+0800][13.907s][info][gc             ] GC(358) Concurrent Mark
[2026-06-17T09:53:57.660+0800][13.908s][info][gc,task        ] GC(358) Using 2 workers of 5 for marking
[2026-06-17T09:53:57.663+0800][13.911s][info][gc             ] GC(358) Concurrent Mark 4.489ms
[2026-06-17T09:53:57.664+0800][13.912s][info][gc,cpu         ] GC(358) User=0.00s Sys=0.00s Real=0.01s
[2026-06-17T09:53:57.666+0800][13.915s][info][gc             ] GC(358) Concurrent Preclean
[2026-06-17T09:53:57.668+0800][13.916s][info][gc             ] GC(358) Concurrent Preclean 1.811ms
[2026-06-17T09:53:57.669+0800][13.917s][info][gc,cpu         ] GC(358) User=0.00s Sys=0.00s Real=0.00s
[2026-06-17T09:53:57.671+0800][13.919s][info][gc             ] GC(358) Concurrent Abortable Preclean
[2026-06-17T09:53:57.700+0800][13.949s][info][gc,start       ] GC(359) Pause Young (Allocation Failure)
[2026-06-17T09:53:57.701+0800][13.949s][info][gc,task        ] GC(359) Using 2 workers of 18 for evacuation
[2026-06-17T09:53:57.702+0800][13.950s][info][gc,heap        ] GC(359) ParNew: 19466K->1990K(19648K)
[2026-06-17T09:53:57.704+0800][13.952s][info][gc,heap        ] GC(359) CMS: 34280K->35636K(43712K)
[2026-06-17T09:53:57.704+0800][13.952s][info][gc,metaspace   ] GC(359) Metaspace: 3158K(4864K)->3158K(4864K) NonClass: 2853K(4352K)->2853K(4352K) Class: 305K(512K)->305K(512K)
[2026-06-17T09:53:57.705+0800][13.953s][info][gc             ] GC(359) Pause Young (Allocation Failure) 52M->36M(61M) 4.029ms
[2026-06-17T09:53:57.705+0800][13.953s][info][gc,cpu         ] GC(359) User=0.00s Sys=0.00s Real=0.01s
[2026-06-17T09:53:57.757+0800][14.006s][info][gc,start       ] GC(360) Pause Young (Allocation Failure)
[2026-06-17T09:53:57.758+0800][14.006s][info][gc,task        ] GC(360) Using 2 workers of 18 for evacuation
[2026-06-17T09:53:57.759+0800][14.007s][info][gc,heap        ] GC(360) ParNew: 19435K->2114K(19648K)
[2026-06-17T09:53:57.760+0800][14.008s][info][gc,heap        ] GC(360) CMS: 35636K->39463K(43712K)
[2026-06-17T09:53:57.760+0800][14.008s][info][gc,metaspace   ] GC(360) Metaspace: 3158K(4864K)->3158K(4864K) NonClass: 2853K(4352K)->2853K(4352K) Class: 305K(512K)->305K(512K)
[2026-06-17T09:53:57.760+0800][14.008s][info][gc             ] GC(360) Pause Young (Allocation Failure) 53M->40M(61M) 2.900ms
[2026-06-17T09:53:57.760+0800][14.009s][info][gc,cpu         ] GC(360) User=0.00s Sys=0.00s Real=0.00s
[2026-06-17T09:53:57.803+0800][14.051s][info][gc,start       ] GC(361) Pause Young (Allocation Failure)
[2026-06-17T09:53:57.804+0800][14.052s][info][gc,task        ] GC(361) Using 2 workers of 18 for evacuation
[2026-06-17T09:53:57.805+0800][14.053s][info][gc,start       ] GC(362) Pause Full (Allocation Failure)
[2026-06-17T09:53:57.806+0800][14.054s][info][gc             ] GC(358) Concurrent Abortable Preclean 135.059ms
[2026-06-17T09:53:57.807+0800][14.055s][info][gc,cpu         ] GC(358) User=0.01s Sys=0.00s Real=0.13s
[2026-06-17T09:53:57.807+0800][14.056s][info][gc,phases,start] GC(362) Phase 1: Mark live objects
[2026-06-17T09:53:57.809+0800][14.057s][info][gc,phases      ] GC(362) Phase 1: Mark live objects 1.652ms
[2026-06-17T09:53:57.810+0800][14.058s][info][gc,phases,start] GC(362) Phase 2: Compute new object addresses
[2026-06-17T09:53:57.810+0800][14.059s][info][gc,phases      ] GC(362) Phase 2: Compute new object addresses 0.790ms
[2026-06-17T09:53:57.811+0800][14.059s][info][gc,phases,start] GC(362) Phase 3: Adjust pointers
[2026-06-17T09:53:57.812+0800][14.060s][info][gc,phases      ] GC(362) Phase 3: Adjust pointers 0.962ms
[2026-06-17T09:53:57.812+0800][14.061s][info][gc,phases,start] GC(362) Phase 4: Move objects
[2026-06-17T09:53:57.815+0800][14.063s][info][gc,phases      ] GC(362) Phase 4: Move objects 2.942ms
[2026-06-17T09:53:57.816+0800][14.064s][info][gc             ] GC(362) Pause Full (Allocation Failure) 57M->29M(61M) 11.129ms
[2026-06-17T09:53:57.816+0800][14.064s][info][gc,heap        ] GC(361) ParNew: 19586K->0K(19648K)
[2026-06-17T09:53:57.816+0800][14.064s][info][gc,heap        ] GC(361) CMS: 39463K->30161K(43712K)
[2026-06-17T09:53:57.816+0800][14.065s][info][gc,metaspace   ] GC(361) Metaspace: 3158K(4864K)->3158K(4864K) NonClass: 2853K(4352K)->2853K(4352K) Class: 305K(512K)->305K(512K)
[2026-06-17T09:53:57.817+0800][14.065s][info][gc             ] GC(361) Pause Young (Allocation Failure) 57M->29M(61M) 13.353ms
[2026-06-17T09:53:57.817+0800][14.065s][info][gc,cpu         ] GC(361) User=0.00s Sys=0.00s Real=0.01s
[2026-06-17T09:53:57.859+0800][14.107s][info][gc,start       ] GC(363) Pause Young (Allocation Failure)
[2026-06-17T09:53:57.860+0800][14.108s][info][gc,task        ] GC(363) Using 2 workers of 18 for evacuation
[2026-06-17T09:53:57.861+0800][14.109s][info][gc,heap        ] GC(363) ParNew: 17440K->2174K(19648K)
[2026-06-17T09:53:57.861+0800][14.110s][info][gc,heap        ] GC(363) CMS: 30161K->35386K(43712K)
[2026-06-17T09:53:57.862+0800][14.110s][info][gc,metaspace   ] GC(363) Metaspace: 3158K(4864K)->3158K(4864K) NonClass: 2853K(4352K)->2853K(4352K) Class: 305K(512K)->305K(512K)
[2026-06-17T09:53:57.862+0800][14.110s][info][gc             ] GC(363) Pause Young (Allocation Failure) 46M->36M(61M) 2.854ms
[2026-06-17T09:53:57.863+0800][14.111s][info][gc,cpu         ] GC(363) User=0.01s Sys=0.00s Real=0.01s
[2026-06-17T09:53:57.863+0800][14.112s][info][gc,start       ] GC(364) Pause Initial Mark
[2026-06-17T09:53:57.866+0800][14.114s][info][gc             ] GC(364) Pause Initial Mark 37M->37M(61M) 2.512ms
[2026-06-17T09:53:57.867+0800][14.115s][info][gc,cpu         ] GC(364) User=0.00s Sys=0.00s Real=0.00s
[2026-06-17T09:53:57.869+0800][14.117s][info][gc             ] GC(364) Concurrent Mark
[2026-06-17T09:53:57.870+0800][14.118s][info][gc,task        ] GC(364) Using 2 workers of 5 for marking
[2026-06-17T09:53:57.872+0800][14.120s][info][gc             ] GC(364) Concurrent Mark 3.059ms
[2026-06-17T09:53:57.874+0800][14.122s][info][gc,cpu         ] GC(364) User=0.00s Sys=0.00s Real=0.01s
[2026-06-17T09:53:57.875+0800][14.123s][info][gc             ] GC(364) Concurrent Preclean
[2026-06-17T09:53:57.877+0800][14.125s][info][gc             ] GC(364) Concurrent Preclean 1.906ms
[2026-06-17T09:53:57.879+0800][14.127s][info][gc,cpu         ] GC(364) User=0.00s Sys=0.00s Real=0.00s
[2026-06-17T09:53:57.881+0800][14.129s][info][gc             ] GC(364) Concurrent Abortable Preclean
[2026-06-17T09:53:57.911+0800][14.159s][info][gc,start       ] GC(365) Pause Young (Allocation Failure)
[2026-06-17T09:53:57.911+0800][14.159s][info][gc,task        ] GC(365) Using 2 workers of 18 for evacuation
[2026-06-17T09:53:57.912+0800][14.161s][info][gc,heap        ] GC(365) ParNew: 19646K->2175K(19648K)
[2026-06-17T09:53:57.913+0800][14.161s][info][gc,heap        ] GC(365) CMS: 35386K->39672K(43712K)
[2026-06-17T09:53:57.913+0800][14.161s][info][gc,metaspace   ] GC(365) Metaspace: 3158K(4864K)->3158K(4864K) NonClass: 2853K(4352K)->2853K(4352K) Class: 305K(512K)->305K(512K)
[2026-06-17T09:53:57.913+0800][14.161s][info][gc             ] GC(365) Pause Young (Allocation Failure) 53M->40M(61M) 2.284ms
[2026-06-17T09:53:57.913+0800][14.161s][info][gc,cpu         ] GC(365) User=0.00s Sys=0.00s Real=0.00s
[2026-06-17T09:53:57.956+0800][14.204s][info][gc,start       ] GC(366) Pause Young (Allocation Failure)
[2026-06-17T09:53:57.958+0800][14.206s][info][gc,task        ] GC(366) Using 2 workers of 18 for evacuation
[2026-06-17T09:53:57.958+0800][14.206s][info][gc,start       ] GC(367) Pause Full (Allocation Failure)
[2026-06-17T09:53:57.959+0800][14.207s][info][gc             ] GC(364) Concurrent Abortable Preclean 77.317ms
[2026-06-17T09:53:57.959+0800][14.207s][info][gc,cpu         ] GC(364) User=0.00s Sys=0.00s Real=0.08s
[2026-06-17T09:53:57.959+0800][14.207s][info][gc,phases,start] GC(367) Phase 1: Mark live objects
[2026-06-17T09:53:57.960+0800][14.209s][info][gc,phases      ] GC(367) Phase 1: Mark live objects 1.107ms
[2026-06-17T09:53:57.961+0800][14.209s][info][gc,phases,start] GC(367) Phase 2: Compute new object addresses
[2026-06-17T09:53:57.961+0800][14.209s][info][gc,phases      ] GC(367) Phase 2: Compute new object addresses 0.545ms
[2026-06-17T09:53:57.962+0800][14.210s][info][gc,phases,start] GC(367) Phase 3: Adjust pointers
[2026-06-17T09:53:57.963+0800][14.211s][info][gc,phases      ] GC(367) Phase 3: Adjust pointers 1.012ms
[2026-06-17T09:53:57.963+0800][14.211s][info][gc,phases,start] GC(367) Phase 4: Move objects
[2026-06-17T09:53:57.965+0800][14.213s][info][gc,phases      ] GC(367) Phase 4: Move objects 2.036ms
[2026-06-17T09:53:57.965+0800][14.213s][info][gc             ] GC(367) Pause Full (Allocation Failure) 57M->28M(61M) 7.196ms
[2026-06-17T09:53:57.965+0800][14.214s][info][gc,heap        ] GC(366) ParNew: 19509K->0K(19648K)
[2026-06-17T09:53:57.966+0800][14.214s][info][gc,heap        ] GC(366) CMS: 39672K->28878K(43712K)
[2026-06-17T09:53:57.966+0800][14.214s][info][gc,metaspace   ] GC(366) Metaspace: 3158K(4864K)->3158K(4864K) NonClass: 2853K(4352K)->2853K(4352K) Class: 305K(512K)->305K(512K)
[2026-06-17T09:53:57.966+0800][14.214s][info][gc             ] GC(366) Pause Young (Allocation Failure) 57M->28M(61M) 9.988ms
[2026-06-17T09:53:57.966+0800][14.214s][info][gc,cpu         ] GC(366) User=0.01s Sys=0.00s Real=0.01s
[2026-06-17T09:53:58.008+0800][14.256s][info][gc,start       ] GC(368) Pause Young (Allocation Failure)
[2026-06-17T09:53:58.009+0800][14.257s][info][gc,task        ] GC(368) Using 2 workers of 18 for evacuation
[2026-06-17T09:53:58.010+0800][14.258s][info][gc,heap        ] GC(368) ParNew: 17472K->2169K(19648K)
[2026-06-17T09:53:58.010+0800][14.259s][info][gc,heap        ] GC(368) CMS: 28878K->33354K(43712K)
[2026-06-17T09:53:58.011+0800][14.259s][info][gc,metaspace   ] GC(368) Metaspace: 3158K(4864K)->3158K(4864K) NonClass: 2853K(4352K)->2853K(4352K) Class: 305K(512K)->305K(512K)
[2026-06-17T09:53:58.011+0800][14.259s][info][gc             ] GC(368) Pause Young (Allocation Failure) 45M->34M(61M) 2.633ms
[2026-06-17T09:53:58.011+0800][14.259s][info][gc,cpu         ] GC(368) User=0.00s Sys=0.00s Real=0.01s
[2026-06-17T09:53:58.011+0800][14.260s][info][gc,start       ] GC(369) Pause Initial Mark
[2026-06-17T09:53:58.012+0800][14.260s][info][gc             ] GC(369) Pause Initial Mark 35M->35M(61M) 0.195ms
[2026-06-17T09:53:58.012+0800][14.260s][info][gc,cpu         ] GC(369) User=0.00s Sys=0.00s Real=0.00s
[2026-06-17T09:53:58.012+0800][14.260s][info][gc             ] GC(369) Concurrent Mark
[2026-06-17T09:53:58.012+0800][14.260s][info][gc,task        ] GC(369) Using 2 workers of 5 for marking
[2026-06-17T09:53:58.013+0800][14.261s][info][gc             ] GC(369) Concurrent Mark 1.111ms
[2026-06-17T09:53:58.013+0800][14.261s][info][gc,cpu         ] GC(369) User=0.00s Sys=0.00s Real=0.00s
[2026-06-17T09:53:58.013+0800][14.262s][info][gc             ] GC(369) Concurrent Preclean
[2026-06-17T09:53:58.014+0800][14.262s][info][gc             ] GC(369) Concurrent Preclean 0.144ms
[2026-06-17T09:53:58.014+0800][14.262s][info][gc,cpu         ] GC(369) User=0.00s Sys=0.00s Real=0.00s
[2026-06-17T09:53:58.014+0800][14.262s][info][gc             ] GC(369) Concurrent Abortable Preclean
[2026-06-17T09:53:58.054+0800][14.302s][info][gc,start       ] GC(370) Pause Young (Allocation Failure)
[2026-06-17T09:53:58.054+0800][14.303s][info][gc,task        ] GC(370) Using 2 workers of 18 for evacuation
[2026-06-17T09:53:58.056+0800][14.304s][info][gc,heap        ] GC(370) ParNew: 19620K->2169K(19648K)
[2026-06-17T09:53:58.056+0800][14.304s][info][gc,heap        ] GC(370) CMS: 33354K->37790K(43712K)
[2026-06-17T09:53:58.056+0800][14.304s][info][gc,metaspace   ] GC(370) Metaspace: 3158K(4864K)->3158K(4864K) NonClass: 2853K(4352K)->2853K(4352K) Class: 305K(512K)->305K(512K)
[2026-06-17T09:53:58.057+0800][14.305s][info][gc             ] GC(370) Pause Young (Allocation Failure) 51M->39M(61M) 2.593ms
[2026-06-17T09:53:58.057+0800][14.305s][info][gc,cpu         ] GC(370) User=0.01s Sys=0.00s Real=0.00s
[2026-06-17T09:53:58.100+0800][14.348s][info][gc,start       ] GC(371) Pause Young (Allocation Failure)
[2026-06-17T09:53:58.101+0800][14.349s][info][gc,task        ] GC(371) Using 2 workers of 18 for evacuation
[2026-06-17T09:53:58.103+0800][14.351s][info][gc,start       ] GC(372) Pause Full (Allocation Failure)
[2026-06-17T09:53:58.105+0800][14.353s][info][gc             ] GC(369) Concurrent Abortable Preclean 91.527ms
[2026-06-17T09:53:58.108+0800][14.356s][info][gc,cpu         ] GC(369) User=0.01s Sys=0.00s Real=0.09s
[2026-06-17T09:53:58.109+0800][14.357s][info][gc,phases,start] GC(372) Phase 1: Mark live objects
[2026-06-17T09:53:58.111+0800][14.359s][info][gc,phases      ] GC(372) Phase 1: Mark live objects 1.776ms
[2026-06-17T09:53:58.112+0800][14.361s][info][gc,phases,start] GC(372) Phase 2: Compute new object addresses
[2026-06-17T09:53:58.114+0800][14.362s][info][gc,phases      ] GC(372) Phase 2: Compute new object addresses 1.462ms
[2026-06-17T09:53:58.114+0800][14.363s][info][gc,phases,start] GC(372) Phase 3: Adjust pointers
[2026-06-17T09:53:58.117+0800][14.366s][info][gc,phases      ] GC(372) Phase 3: Adjust pointers 2.996ms
[2026-06-17T09:53:58.120+0800][14.368s][info][gc,phases,start] GC(372) Phase 4: Move objects
[2026-06-17T09:53:58.123+0800][14.371s][info][gc,phases      ] GC(372) Phase 4: Move objects 3.191ms
[2026-06-17T09:53:58.125+0800][14.373s][info][gc             ] GC(372) Pause Full (Allocation Failure) 55M->22M(61M) 21.683ms
[2026-06-17T09:53:58.126+0800][14.374s][info][gc,heap        ] GC(371) ParNew: 19381K->0K(19648K)
[2026-06-17T09:53:58.126+0800][14.374s][info][gc,heap        ] GC(371) CMS: 37790K->23268K(43712K)
[2026-06-17T09:53:58.126+0800][14.375s][info][gc,metaspace   ] GC(371) Metaspace: 3158K(4864K)->3158K(4864K) NonClass: 2853K(4352K)->2853K(4352K) Class: 305K(512K)->305K(512K)
[2026-06-17T09:53:58.127+0800][14.376s][info][gc             ] GC(371) Pause Young (Allocation Failure) 55M->22M(61M) 27.576ms
[2026-06-17T09:53:58.129+0800][14.378s][info][gc,cpu         ] GC(371) User=0.00s Sys=0.01s Real=0.03s
[2026-06-17T09:53:58.184+0800][14.432s][info][gc,start       ] GC(373) Pause Young (Allocation Failure)
[2026-06-17T09:53:58.184+0800][14.432s][info][gc,task        ] GC(373) Using 2 workers of 18 for evacuation
[2026-06-17T09:53:58.185+0800][14.433s][info][gc,heap        ] GC(373) ParNew: 17472K->2142K(19648K)
[2026-06-17T09:53:58.185+0800][14.433s][info][gc,heap        ] GC(373) CMS: 23268K->24429K(43712K)
[2026-06-17T09:53:58.185+0800][14.433s][info][gc,metaspace   ] GC(373) Metaspace: 3158K(4864K)->3158K(4864K) NonClass: 2853K(4352K)->2853K(4352K) Class: 305K(512K)->305K(512K)
[2026-06-17T09:53:58.185+0800][14.434s][info][gc             ] GC(373) Pause Young (Allocation Failure) 39M->25M(61M) 1.790ms
[2026-06-17T09:53:58.186+0800][14.434s][info][gc,cpu         ] GC(373) User=0.00s Sys=0.00s Real=0.00s
[2026-06-17T09:53:58.228+0800][14.476s][info][gc,start       ] GC(374) Pause Young (Allocation Failure)
[2026-06-17T09:53:58.229+0800][14.477s][info][gc,task        ] GC(374) Using 2 workers of 18 for evacuation
[2026-06-17T09:53:58.230+0800][14.478s][info][gc,heap        ] GC(374) ParNew: 19614K->2168K(19648K)
[2026-06-17T09:53:58.231+0800][14.479s][info][gc,heap        ] GC(374) CMS: 24429K->28615K(43712K)
[2026-06-17T09:53:58.233+0800][14.481s][info][gc,metaspace   ] GC(374) Metaspace: 3158K(4864K)->3158K(4864K) NonClass: 2853K(4352K)->2853K(4352K) Class: 305K(512K)->305K(512K)
[2026-06-17T09:53:58.235+0800][14.483s][info][gc             ] GC(374) Pause Young (Allocation Failure) 43M->30M(61M) 7.265ms
[2026-06-17T09:53:58.235+0800][14.483s][info][gc,cpu         ] GC(374) User=0.00s Sys=0.00s Real=0.01s
[2026-06-17T09:53:58.278+0800][14.526s][info][gc,start       ] GC(375) Pause Young (Allocation Failure)
[2026-06-17T09:53:58.279+0800][14.527s][info][gc,task        ] GC(375) Using 2 workers of 18 for evacuation
[2026-06-17T09:53:58.281+0800][14.529s][info][gc,heap        ] GC(375) ParNew: 19638K->2089K(19648K)
[2026-06-17T09:53:58.282+0800][14.530s][info][gc,heap        ] GC(375) CMS: 28615K->33682K(43712K)
[2026-06-17T09:53:58.282+0800][14.530s][info][gc,metaspace   ] GC(375) Metaspace: 3158K(4864K)->3158K(4864K) NonClass: 2853K(4352K)->2853K(4352K) Class: 305K(512K)->305K(512K)
[2026-06-17T09:53:58.283+0800][14.531s][info][gc             ] GC(375) Pause Young (Allocation Failure) 47M->34M(61M) 4.655ms
[2026-06-17T09:53:58.283+0800][14.531s][info][gc,cpu         ] GC(375) User=0.00s Sys=0.00s Real=0.01s
[2026-06-17T09:53:58.284+0800][14.532s][info][gc,start       ] GC(376) Pause Initial Mark
[2026-06-17T09:53:58.284+0800][14.533s][info][gc             ] GC(376) Pause Initial Mark 36M->36M(61M) 0.589ms
[2026-06-17T09:53:58.285+0800][14.533s][info][gc,cpu         ] GC(376) User=0.00s Sys=0.00s Real=0.00s
[2026-06-17T09:53:58.285+0800][14.533s][info][gc             ] GC(376) Concurrent Mark
[2026-06-17T09:53:58.286+0800][14.534s][info][gc,task        ] GC(376) Using 2 workers of 5 for marking
[2026-06-17T09:53:58.287+0800][14.535s][info][gc             ] GC(376) Concurrent Mark 1.698ms
[2026-06-17T09:53:58.287+0800][14.535s][info][gc,cpu         ] GC(376) User=0.00s Sys=0.00s Real=0.00s
[2026-06-17T09:53:58.287+0800][14.535s][info][gc             ] GC(376) Concurrent Preclean
[2026-06-17T09:53:58.287+0800][14.536s][info][gc             ] GC(376) Concurrent Preclean 0.202ms
[2026-06-17T09:53:58.288+0800][14.536s][info][gc,cpu         ] GC(376) User=0.00s Sys=0.00s Real=0.00s
[2026-06-17T09:53:58.288+0800][14.536s][info][gc             ] GC(376) Concurrent Abortable Preclean
[2026-06-17T09:53:58.328+0800][14.576s][info][gc,start       ] GC(377) Pause Young (Allocation Failure)
[2026-06-17T09:53:58.329+0800][14.577s][info][gc,task        ] GC(377) Using 2 workers of 18 for evacuation
[2026-06-17T09:53:58.331+0800][14.579s][info][gc,heap        ] GC(377) ParNew: 19558K->2174K(19648K)
[2026-06-17T09:53:58.332+0800][14.580s][info][gc,heap        ] GC(377) CMS: 33682K->37071K(43712K)
[2026-06-17T09:53:58.333+0800][14.581s][info][gc,metaspace   ] GC(377) Metaspace: 3158K(4864K)->3158K(4864K) NonClass: 2853K(4352K)->2853K(4352K) Class: 305K(512K)->305K(512K)
[2026-06-17T09:53:58.333+0800][14.581s][info][gc             ] GC(377) Pause Young (Allocation Failure) 51M->38M(61M) 5.320ms
[2026-06-17T09:53:58.334+0800][14.582s][info][gc,cpu         ] GC(377) User=0.00s Sys=0.00s Real=0.01s
[2026-06-17T09:53:58.377+0800][14.625s][info][gc,start       ] GC(378) Pause Young (Allocation Failure)
[2026-06-17T09:53:58.378+0800][14.626s][info][gc,task        ] GC(378) Using 2 workers of 18 for evacuation
[2026-06-17T09:53:58.379+0800][14.627s][info][gc,heap        ] GC(378) ParNew: 19395K->2070K(19648K)
[2026-06-17T09:53:58.379+0800][14.628s][info][gc,heap        ] GC(378) CMS: 37071K->37927K(43712K)
[2026-06-17T09:53:58.380+0800][14.628s][info][gc,metaspace   ] GC(378) Metaspace: 3158K(4864K)->3158K(4864K) NonClass: 2853K(4352K)->2853K(4352K) Class: 305K(512K)->305K(512K)
[2026-06-17T09:53:58.380+0800][14.628s][info][gc             ] GC(378) Pause Young (Allocation Failure) 55M->39M(61M) 3.100ms
[2026-06-17T09:53:58.380+0800][14.629s][info][gc,cpu         ] GC(378) User=0.00s Sys=0.00s Real=0.00s
[2026-06-17T09:53:58.424+0800][14.672s][info][gc,start       ] GC(379) Pause Young (Allocation Failure)
[2026-06-17T09:53:58.425+0800][14.673s][info][gc,task        ] GC(379) Using 2 workers of 18 for evacuation
[2026-06-17T09:53:58.428+0800][14.676s][info][gc,promotion   ] Promotion failed
[2026-06-17T09:53:58.428+0800][14.676s][info][gc,start       ] GC(380) Pause Full (Allocation Failure)
[2026-06-17T09:53:58.430+0800][14.678s][info][gc             ] GC(376) Concurrent Abortable Preclean 142.076ms
[2026-06-17T09:53:58.431+0800][14.679s][info][gc,cpu         ] GC(376) User=0.02s Sys=0.00s Real=0.15s
[2026-06-17T09:53:58.431+0800][14.680s][info][gc,phases,start] GC(380) Phase 1: Mark live objects
[2026-06-17T09:53:58.433+0800][14.681s][info][gc,phases      ] GC(380) Phase 1: Mark live objects 1.674ms
[2026-06-17T09:53:58.434+0800][14.682s][info][gc,phases,start] GC(380) Phase 2: Compute new object addresses
[2026-06-17T09:53:58.435+0800][14.683s][info][gc,phases      ] GC(380) Phase 2: Compute new object addresses 1.061ms
[2026-06-17T09:53:58.435+0800][14.683s][info][gc,phases,start] GC(380) Phase 3: Adjust pointers
[2026-06-17T09:53:58.436+0800][14.685s][info][gc,phases      ] GC(380) Phase 3: Adjust pointers 1.066ms
[2026-06-17T09:53:58.437+0800][14.685s][info][gc,phases,start] GC(380) Phase 4: Move objects
[2026-06-17T09:53:58.440+0800][14.688s][info][gc,phases      ] GC(380) Phase 4: Move objects 2.899ms
[2026-06-17T09:53:58.440+0800][14.688s][info][gc             ] GC(380) Pause Full (Allocation Failure) 61M->23M(61M) 11.924ms
[2026-06-17T09:53:58.441+0800][14.689s][info][gc,heap        ] GC(379) ParNew: 19529K->0K(19648K)
[2026-06-17T09:53:58.441+0800][14.690s][info][gc,heap        ] GC(379) CMS: 37927K->24285K(43712K)
[2026-06-17T09:53:58.442+0800][14.690s][info][gc,metaspace   ] GC(379) Metaspace: 3158K(4864K)->3158K(4864K) NonClass: 2853K(4352K)->2853K(4352K) Class: 305K(512K)->305K(512K)
[2026-06-17T09:53:58.442+0800][14.691s][info][gc             ] GC(379) Pause Young (Allocation Failure) 56M->23M(61M) 18.775ms
[2026-06-17T09:53:58.443+0800][14.691s][info][gc,cpu         ] GC(379) User=0.01s Sys=0.00s Real=0.02s
[2026-06-17T09:53:58.496+0800][14.744s][info][gc,start       ] GC(381) Pause Young (Allocation Failure)
[2026-06-17T09:53:58.496+0800][14.744s][info][gc,task        ] GC(381) Using 2 workers of 18 for evacuation
[2026-06-17T09:53:58.497+0800][14.745s][info][gc,heap        ] GC(381) ParNew: 17472K->2100K(19648K)
[2026-06-17T09:53:58.497+0800][14.745s][info][gc,heap        ] GC(381) CMS: 24285K->25398K(43712K)
[2026-06-17T09:53:58.497+0800][14.745s][info][gc,metaspace   ] GC(381) Metaspace: 3158K(4864K)->3158K(4864K) NonClass: 2853K(4352K)->2853K(4352K) Class: 305K(512K)->305K(512K)
[2026-06-17T09:53:58.497+0800][14.745s][info][gc             ] GC(381) Pause Young (Allocation Failure) 40M->26M(61M) 1.549ms
[2026-06-17T09:53:58.497+0800][14.746s][info][gc,cpu         ] GC(381) User=0.00s Sys=0.00s Real=0.00s
[2026-06-17T09:53:58.539+0800][14.788s][info][gc,start       ] GC(382) Pause Young (Allocation Failure)
[2026-06-17T09:53:58.540+0800][14.788s][info][gc,task        ] GC(382) Using 2 workers of 18 for evacuation
[2026-06-17T09:53:58.541+0800][14.789s][info][gc,heap        ] GC(382) ParNew: 19553K->2162K(19648K)
[2026-06-17T09:53:58.541+0800][14.789s][info][gc,heap        ] GC(382) CMS: 25398K->29424K(43712K)
[2026-06-17T09:53:58.541+0800][14.789s][info][gc,metaspace   ] GC(382) Metaspace: 3158K(4864K)->3158K(4864K) NonClass: 2853K(4352K)->2853K(4352K) Class: 305K(512K)->305K(512K)
[2026-06-17T09:53:58.541+0800][14.789s][info][gc             ] GC(382) Pause Young (Allocation Failure) 43M->30M(61M) 1.806ms
[2026-06-17T09:53:58.541+0800][14.790s][info][gc,cpu         ] GC(382) User=0.00s Sys=0.00s Real=0.00s
[2026-06-17T09:53:58.584+0800][14.832s][info][gc,start       ] GC(383) Pause Young (Allocation Failure)
[2026-06-17T09:53:58.584+0800][14.832s][info][gc,task        ] GC(383) Using 2 workers of 18 for evacuation
[2026-06-17T09:53:58.585+0800][14.833s][info][gc,heap        ] GC(383) ParNew: 19591K->2170K(19648K)
[2026-06-17T09:53:58.585+0800][14.833s][info][gc,heap        ] GC(383) CMS: 29424K->33079K(43712K)
[2026-06-17T09:53:58.585+0800][14.833s][info][gc,metaspace   ] GC(383) Metaspace: 3158K(4864K)->3158K(4864K) NonClass: 2853K(4352K)->2853K(4352K) Class: 305K(512K)->305K(512K)
[2026-06-17T09:53:58.585+0800][14.834s][info][gc             ] GC(383) Pause Young (Allocation Failure) 47M->34M(61M) 1.810ms
[2026-06-17T09:53:58.586+0800][14.834s][info][gc,cpu         ] GC(383) User=0.00s Sys=0.00s Real=0.00s
[2026-06-17T09:53:58.628+0800][14.876s][info][gc,start       ] GC(384) Pause Young (Allocation Failure)
[2026-06-17T09:53:58.628+0800][14.876s][info][gc,task        ] GC(384) Using 2 workers of 18 for evacuation
[2026-06-17T09:53:58.629+0800][14.878s][info][gc,heap        ] GC(384) ParNew: 19630K->2174K(19648K)
[2026-06-17T09:53:58.630+0800][14.878s][info][gc,heap        ] GC(384) CMS: 33079K->38064K(43712K)
[2026-06-17T09:53:58.630+0800][14.878s][info][gc,metaspace   ] GC(384) Metaspace: 3158K(4864K)->3158K(4864K) NonClass: 2853K(4352K)->2853K(4352K) Class: 305K(512K)->305K(512K)
[2026-06-17T09:53:58.630+0800][14.878s][info][gc             ] GC(384) Pause Young (Allocation Failure) 51M->39M(61M) 2.506ms
[2026-06-17T09:53:58.630+0800][14.878s][info][gc,cpu         ] GC(384) User=0.00s Sys=0.00s Real=0.00s
[2026-06-17T09:53:58.631+0800][14.879s][info][gc,start       ] GC(385) Pause Initial Mark
[2026-06-17T09:53:58.631+0800][14.879s][info][gc             ] GC(385) Pause Initial Mark 40M->40M(61M) 0.318ms
[2026-06-17T09:53:58.631+0800][14.879s][info][gc,cpu         ] GC(385) User=0.00s Sys=0.00s Real=0.00s
[2026-06-17T09:53:58.631+0800][14.880s][info][gc             ] GC(385) Concurrent Mark
[2026-06-17T09:53:58.632+0800][14.880s][info][gc,task        ] GC(385) Using 2 workers of 5 for marking
[2026-06-17T09:53:58.632+0800][14.881s][info][gc             ] GC(385) Concurrent Mark 1.062ms
[2026-06-17T09:53:58.633+0800][14.881s][info][gc,cpu         ] GC(385) User=0.00s Sys=0.00s Real=0.00s
[2026-06-17T09:53:58.633+0800][14.881s][info][gc             ] GC(385) Concurrent Preclean
[2026-06-17T09:53:58.633+0800][14.881s][info][gc             ] GC(385) Concurrent Preclean 0.175ms
[2026-06-17T09:53:58.633+0800][14.882s][info][gc,cpu         ] GC(385) User=0.00s Sys=0.00s Real=0.00s
[2026-06-17T09:53:58.633+0800][14.882s][info][gc             ] GC(385) Concurrent Abortable Preclean
[2026-06-17T09:53:58.673+0800][14.921s][info][gc,start       ] GC(386) Pause Young (Allocation Failure)
[2026-06-17T09:53:58.674+0800][14.922s][info][gc,task        ] GC(386) Using 2 workers of 18 for evacuation
[2026-06-17T09:53:58.674+0800][14.922s][info][gc,start       ] GC(387) Pause Full (Allocation Failure)
[2026-06-17T09:53:58.675+0800][14.923s][info][gc             ] GC(385) Concurrent Abortable Preclean 41.140ms
[2026-06-17T09:53:58.675+0800][14.923s][info][gc,cpu         ] GC(385) User=0.00s Sys=0.00s Real=0.04s
[2026-06-17T09:53:58.675+0800][14.924s][info][gc,phases,start] GC(387) Phase 1: Mark live objects
[2026-06-17T09:53:58.676+0800][14.925s][info][gc,phases      ] GC(387) Phase 1: Mark live objects 0.887ms
[2026-06-17T09:53:58.677+0800][14.925s][info][gc,phases,start] GC(387) Phase 2: Compute new object addresses
[2026-06-17T09:53:58.677+0800][14.926s][info][gc,phases      ] GC(387) Phase 2: Compute new object addresses 0.608ms
[2026-06-17T09:53:58.679+0800][14.927s][info][gc,phases,start] GC(387) Phase 3: Adjust pointers
[2026-06-17T09:53:58.679+0800][14.927s][info][gc,phases      ] GC(387) Phase 3: Adjust pointers 0.696ms
[2026-06-17T09:53:58.680+0800][14.928s][info][gc,phases,start] GC(387) Phase 4: Move objects
[2026-06-17T09:53:58.684+0800][14.932s][info][gc,phases      ] GC(387) Phase 4: Move objects 4.463ms
[2026-06-17T09:53:58.685+0800][14.933s][info][gc             ] GC(387) Pause Full (Allocation Failure) 56M->27M(61M) 10.327ms
[2026-06-17T09:53:58.685+0800][14.933s][info][gc,heap        ] GC(386) ParNew: 19636K->0K(19648K)
[2026-06-17T09:53:58.685+0800][14.933s][info][gc,heap        ] GC(386) CMS: 38064K->28670K(43712K)
[2026-06-17T09:53:58.686+0800][14.934s][info][gc,metaspace   ] GC(386) Metaspace: 3158K(4864K)->3158K(4864K) NonClass: 2853K(4352K)->2853K(4352K) Class: 305K(512K)->305K(512K)
[2026-06-17T09:53:58.686+0800][14.934s][info][gc             ] GC(386) Pause Young (Allocation Failure) 56M->27M(61M) 12.676ms
[2026-06-17T09:53:58.687+0800][14.935s][info][gc,cpu         ] GC(386) User=0.00s Sys=0.00s Real=0.01s
[2026-06-17T09:53:58.740+0800][14.988s][info][gc,start       ] GC(388) Pause Young (Allocation Failure)
[2026-06-17T09:53:58.740+0800][14.988s][info][gc,task        ] GC(388) Using 2 workers of 18 for evacuation
[2026-06-17T09:53:58.741+0800][14.989s][info][gc,heap        ] GC(388) ParNew: 17470K->2174K(19648K)
[2026-06-17T09:53:58.741+0800][14.989s][info][gc,heap        ] GC(388) CMS: 28670K->30377K(43712K)
[2026-06-17T09:53:58.742+0800][14.990s][info][gc,metaspace   ] GC(388) Metaspace: 3158K(4864K)->3158K(4864K) NonClass: 2853K(4352K)->2853K(4352K) Class: 305K(512K)->305K(512K)
[2026-06-17T09:53:58.742+0800][14.990s][info][gc             ] GC(388) Pause Young (Allocation Failure) 45M->31M(61M) 2.266ms
[2026-06-17T09:53:58.742+0800][14.991s][info][gc,cpu         ] GC(388) User=0.00s Sys=0.00s Real=0.00s
[2026-06-17T09:53:58.785+0800][15.033s][info][gc,start       ] GC(389) Pause Young (Allocation Failure)
[2026-06-17T09:53:58.788+0800][15.036s][info][gc,task        ] GC(389) Using 2 workers of 18 for evacuation
[2026-06-17T09:53:58.789+0800][15.037s][info][gc,heap        ] GC(389) ParNew: 19629K->2153K(19648K)
[2026-06-17T09:53:58.789+0800][15.037s][info][gc,heap        ] GC(389) CMS: 30377K->34212K(43712K)
[2026-06-17T09:53:58.790+0800][15.038s][info][gc,metaspace   ] GC(389) Metaspace: 3158K(4864K)->3158K(4864K) NonClass: 2853K(4352K)->2853K(4352K) Class: 305K(512K)->305K(512K)
[2026-06-17T09:53:58.790+0800][15.038s][info][gc             ] GC(389) Pause Young (Allocation Failure) 48M->35M(61M) 5.116ms
[2026-06-17T09:53:58.790+0800][15.039s][info][gc,cpu         ] GC(389) User=0.00s Sys=0.00s Real=0.01s
[2026-06-17T09:53:58.833+0800][15.081s][info][gc,start       ] GC(390) Pause Young (Allocation Failure)
[2026-06-17T09:53:58.833+0800][15.082s][info][gc,task        ] GC(390) Using 2 workers of 18 for evacuation
[2026-06-17T09:53:58.834+0800][15.082s][info][gc,heap        ] GC(390) ParNew: 19625K->2172K(19648K)
[2026-06-17T09:53:58.834+0800][15.083s][info][gc,heap        ] GC(390) CMS: 34212K->37599K(43712K)
[2026-06-17T09:53:58.835+0800][15.083s][info][gc,metaspace   ] GC(390) Metaspace: 3158K(4864K)->3158K(4864K) NonClass: 2853K(4352K)->2853K(4352K) Class: 305K(512K)->305K(512K)
[2026-06-17T09:53:58.835+0800][15.083s][info][gc             ] GC(390) Pause Young (Allocation Failure) 52M->38M(61M) 1.872ms
[2026-06-17T09:53:58.835+0800][15.083s][info][gc,cpu         ] GC(390) User=0.00s Sys=0.00s Real=0.00s
[2026-06-17T09:53:58.835+0800][15.084s][info][gc,start       ] GC(391) Pause Initial Mark
[2026-06-17T09:53:58.836+0800][15.084s][info][gc             ] GC(391) Pause Initial Mark 39M->39M(61M) 0.243ms
[2026-06-17T09:53:58.836+0800][15.084s][info][gc,cpu         ] GC(391) User=0.00s Sys=0.00s Real=0.00s
[2026-06-17T09:53:58.836+0800][15.084s][info][gc             ] GC(391) Concurrent Mark
[2026-06-17T09:53:58.836+0800][15.084s][info][gc,task        ] GC(391) Using 2 workers of 5 for marking
[2026-06-17T09:53:58.837+0800][15.085s][info][gc             ] GC(391) Concurrent Mark 1.028ms
[2026-06-17T09:53:58.837+0800][15.085s][info][gc,cpu         ] GC(391) User=0.01s Sys=0.00s Real=0.00s
[2026-06-17T09:53:58.837+0800][15.086s][info][gc             ] GC(391) Concurrent Preclean
[2026-06-17T09:53:58.838+0800][15.086s][info][gc             ] GC(391) Concurrent Preclean 0.136ms
[2026-06-17T09:53:58.838+0800][15.086s][info][gc,cpu         ] GC(391) User=0.00s Sys=0.00s Real=0.00s
[2026-06-17T09:53:58.838+0800][15.086s][info][gc             ] GC(391) Concurrent Abortable Preclean
[2026-06-17T09:53:58.879+0800][15.127s][info][gc,start       ] GC(392) Pause Young (Allocation Failure)
[2026-06-17T09:53:58.879+0800][15.127s][info][gc,task        ] GC(392) Using 2 workers of 18 for evacuation
[2026-06-17T09:53:58.880+0800][15.128s][info][gc,heap        ] GC(392) ParNew: 19644K->2174K(19648K)
[2026-06-17T09:53:58.881+0800][15.129s][info][gc,heap        ] GC(392) CMS: 37599K->41497K(43712K)
[2026-06-17T09:53:58.881+0800][15.129s][info][gc,metaspace   ] GC(392) Metaspace: 3160K(4864K)->3160K(4864K) NonClass: 2854K(4352K)->2854K(4352K) Class: 305K(512K)->305K(512K)
[2026-06-17T09:53:58.881+0800][15.129s][info][gc             ] GC(392) Pause Young (Allocation Failure) 55M->42M(61M) 2.774ms
[2026-06-17T09:53:58.882+0800][15.130s][info][gc,cpu         ] GC(392) User=0.00s Sys=0.00s Real=0.00s
[2026-06-17T09:53:58.925+0800][15.173s][info][gc,start       ] GC(393) Pause Young (Allocation Failure)
[2026-06-17T09:53:58.926+0800][15.174s][info][gc,task        ] GC(393) Using 2 workers of 18 for evacuation
[2026-06-17T09:53:58.926+0800][15.175s][info][gc,start       ] GC(394) Pause Full (Allocation Failure)
[2026-06-17T09:53:58.927+0800][15.175s][info][gc             ] GC(391) Concurrent Abortable Preclean 89.367ms
[2026-06-17T09:53:58.928+0800][15.176s][info][gc,cpu         ] GC(391) User=0.00s Sys=0.00s Real=0.09s
[2026-06-17T09:53:58.928+0800][15.176s][info][gc,phases,start] GC(394) Phase 1: Mark live objects
[2026-06-17T09:53:58.929+0800][15.178s][info][gc,phases      ] GC(394) Phase 1: Mark live objects 1.371ms
[2026-06-17T09:53:58.930+0800][15.178s][info][gc,phases,start] GC(394) Phase 2: Compute new object addresses
[2026-06-17T09:53:58.931+0800][15.179s][info][gc,phases      ] GC(394) Phase 2: Compute new object addresses 0.847ms
[2026-06-17T09:53:58.931+0800][15.179s][info][gc,phases,start] GC(394) Phase 3: Adjust pointers
[2026-06-17T09:53:58.932+0800][15.180s][info][gc,phases      ] GC(394) Phase 3: Adjust pointers 1.199ms
[2026-06-17T09:53:58.933+0800][15.181s][info][gc,phases,start] GC(394) Phase 4: Move objects
[2026-06-17T09:53:58.936+0800][15.184s][info][gc,phases      ] GC(394) Phase 4: Move objects 3.143ms
[2026-06-17T09:53:58.936+0800][15.184s][info][gc             ] GC(394) Pause Full (Allocation Failure) 59M->32M(61M) 9.906ms
[2026-06-17T09:53:58.937+0800][15.185s][info][gc,heap        ] GC(393) ParNew: 19631K->0K(19648K)
[2026-06-17T09:53:58.937+0800][15.185s][info][gc,heap        ] GC(393) CMS: 41497K->33171K(43712K)
[2026-06-17T09:53:58.937+0800][15.185s][info][gc,metaspace   ] GC(393) Metaspace: 3160K(4864K)->3160K(4864K) NonClass: 2854K(4352K)->2854K(4352K) Class: 305K(512K)->305K(512K)
[2026-06-17T09:53:58.937+0800][15.185s][info][gc             ] GC(393) Pause Young (Allocation Failure) 59M->32M(61M) 12.261ms
[2026-06-17T09:53:58.937+0800][15.185s][info][gc,cpu         ] GC(393) User=0.00s Sys=0.00s Real=0.01s
[2026-06-17T09:53:58.980+0800][15.228s][info][gc,start       ] GC(395) Pause Young (Allocation Failure)
[2026-06-17T09:53:58.980+0800][15.229s][info][gc,task        ] GC(395) Using 2 workers of 18 for evacuation
[2026-06-17T09:53:58.982+0800][15.230s][info][gc,heap        ] GC(395) ParNew: 17424K->2170K(19648K)
[2026-06-17T09:53:58.982+0800][15.230s][info][gc,heap        ] GC(395) CMS: 33171K->37635K(43712K)
[2026-06-17T09:53:58.983+0800][15.231s][info][gc,metaspace   ] GC(395) Metaspace: 3160K(4864K)->3160K(4864K) NonClass: 2854K(4352K)->2854K(4352K) Class: 305K(512K)->305K(512K)
[2026-06-17T09:53:58.983+0800][15.231s][info][gc             ] GC(395) Pause Young (Allocation Failure) 49M->38M(61M) 3.168ms
[2026-06-17T09:53:58.983+0800][15.232s][info][gc,cpu         ] GC(395) User=0.00s Sys=0.00s Real=0.01s
[2026-06-17T09:53:58.984+0800][15.232s][info][gc,start       ] GC(396) Pause Initial Mark
[2026-06-17T09:53:58.984+0800][15.233s][info][gc             ] GC(396) Pause Initial Mark 39M->39M(61M) 0.436ms
[2026-06-17T09:53:58.985+0800][15.233s][info][gc,cpu         ] GC(396) User=0.00s Sys=0.00s Real=0.00s
[2026-06-17T09:53:58.985+0800][15.233s][info][gc             ] GC(396) Concurrent Mark
[2026-06-17T09:53:58.985+0800][15.233s][info][gc,task        ] GC(396) Using 2 workers of 5 for marking
[2026-06-17T09:53:58.986+0800][15.235s][info][gc             ] GC(396) Concurrent Mark 1.422ms
[2026-06-17T09:53:58.988+0800][15.236s][info][gc,cpu         ] GC(396) User=0.00s Sys=0.00s Real=0.00s
[2026-06-17T09:53:58.989+0800][15.237s][info][gc             ] GC(396) Concurrent Preclean
[2026-06-17T09:53:58.989+0800][15.237s][info][gc             ] GC(396) Concurrent Preclean 0.430ms
[2026-06-17T09:53:58.990+0800][15.238s][info][gc,cpu         ] GC(396) User=0.00s Sys=0.00s Real=0.00s
[2026-06-17T09:53:58.990+0800][15.238s][info][gc,start       ] GC(396) Pause Remark
[2026-06-17T09:53:58.991+0800][15.239s][info][gc             ] GC(396) Pause Remark 39M->39M(61M) 0.989ms
[2026-06-17T09:53:58.991+0800][15.239s][info][gc,cpu         ] GC(396) User=0.00s Sys=0.01s Real=0.01s
[2026-06-17T09:53:58.992+0800][15.240s][info][gc             ] GC(396) Concurrent Sweep
[2026-06-17T09:53:58.992+0800][15.240s][info][gc             ] GC(396) Concurrent Sweep 0.396ms
[2026-06-17T09:53:58.992+0800][15.240s][info][gc,cpu         ] GC(396) User=0.00s Sys=0.00s Real=0.00s
[2026-06-17T09:53:58.992+0800][15.241s][info][gc             ] GC(396) Concurrent Reset
[2026-06-17T09:53:58.993+0800][15.241s][info][gc             ] GC(396) Concurrent Reset 0.246ms
[2026-06-17T09:53:58.993+0800][15.241s][info][gc,cpu         ] GC(396) User=0.00s Sys=0.00s Real=0.00s
[2026-06-17T09:53:58.993+0800][15.241s][info][gc,heap        ] GC(396) Old: 37635K->25644K(43712K)
[2026-06-17T09:53:59.027+0800][15.275s][info][gc,start       ] GC(397) Pause Young (Allocation Failure)
[2026-06-17T09:53:59.027+0800][15.275s][info][gc,task        ] GC(397) Using 2 workers of 18 for evacuation
[2026-06-17T09:53:59.028+0800][15.276s][info][gc,heap        ] GC(397) ParNew: 19542K->2151K(19648K)
[2026-06-17T09:53:59.028+0800][15.276s][info][gc,heap        ] GC(397) CMS: 25644K->26460K(43712K)
[2026-06-17T09:53:59.028+0800][15.277s][info][gc,metaspace   ] GC(397) Metaspace: 3160K(4864K)->3160K(4864K) NonClass: 2854K(4352K)->2854K(4352K) Class: 305K(512K)->305K(512K)
[2026-06-17T09:53:59.029+0800][15.277s][info][gc             ] GC(397) Pause Young (Allocation Failure) 44M->27M(61M) 2.009ms
[2026-06-17T09:53:59.029+0800][15.277s][info][gc,cpu         ] GC(397) User=0.00s Sys=0.00s Real=0.00s
[2026-06-17T09:53:59.082+0800][15.330s][info][gc,start       ] GC(398) Pause Young (Allocation Failure)
[2026-06-17T09:53:59.082+0800][15.331s][info][gc,task        ] GC(398) Using 2 workers of 18 for evacuation
[2026-06-17T09:53:59.084+0800][15.332s][info][gc,heap        ] GC(398) ParNew: 19622K->2089K(19648K)
[2026-06-17T09:53:59.085+0800][15.333s][info][gc,heap        ] GC(398) CMS: 26460K->30339K(43712K)
[2026-06-17T09:53:59.085+0800][15.334s][info][gc,metaspace   ] GC(398) Metaspace: 3160K(4864K)->3160K(4864K) NonClass: 2854K(4352K)->2854K(4352K) Class: 305K(512K)->305K(512K)
[2026-06-17T09:53:59.086+0800][15.334s][info][gc             ] GC(398) Pause Young (Allocation Failure) 45M->31M(61M) 3.839ms
[2026-06-17T09:53:59.086+0800][15.334s][info][gc,cpu         ] GC(398) User=0.01s Sys=0.00s Real=0.01s
[2026-06-17T09:53:59.130+0800][15.378s][info][gc,start       ] GC(399) Pause Young (Allocation Failure)
[2026-06-17T09:53:59.130+0800][15.379s][info][gc,task        ] GC(399) Using 2 workers of 18 for evacuation
[2026-06-17T09:53:59.133+0800][15.381s][info][gc,heap        ] GC(399) ParNew: 19503K->2174K(19648K)
[2026-06-17T09:53:59.134+0800][15.382s][info][gc,heap        ] GC(399) CMS: 30339K->34297K(43712K)
[2026-06-17T09:53:59.134+0800][15.383s][info][gc,metaspace   ] GC(399) Metaspace: 3160K(4864K)->3160K(4864K) NonClass: 2854K(4352K)->2854K(4352K) Class: 305K(512K)->305K(512K)
[2026-06-17T09:53:59.135+0800][15.383s][info][gc             ] GC(399) Pause Young (Allocation Failure) 48M->35M(61M) 5.370ms
[2026-06-17T09:53:59.135+0800][15.383s][info][gc,cpu         ] GC(399) User=0.00s Sys=0.00s Real=0.01s
[2026-06-17T09:53:59.136+0800][15.384s][info][gc,start       ] GC(400) Pause Initial Mark
[2026-06-17T09:53:59.136+0800][15.384s][info][gc             ] GC(400) Pause Initial Mark 36M->36M(61M) 0.547ms
[2026-06-17T09:53:59.137+0800][15.385s][info][gc,cpu         ] GC(400) User=0.00s Sys=0.00s Real=0.00s
[2026-06-17T09:53:59.137+0800][15.385s][info][gc             ] GC(400) Concurrent Mark
[2026-06-17T09:53:59.138+0800][15.386s][info][gc,task        ] GC(400) Using 2 workers of 5 for marking
[2026-06-17T09:53:59.139+0800][15.387s][info][gc             ] GC(400) Concurrent Mark 2.203ms
[2026-06-17T09:53:59.140+0800][15.388s][info][gc,cpu         ] GC(400) User=0.00s Sys=0.00s Real=0.00s
[2026-06-17T09:53:59.140+0800][15.388s][info][gc             ] GC(400) Concurrent Preclean
[2026-06-17T09:53:59.140+0800][15.388s][info][gc             ] GC(400) Concurrent Preclean 0.268ms
[2026-06-17T09:53:59.140+0800][15.389s][info][gc,cpu         ] GC(400) User=0.00s Sys=0.00s Real=0.00s
[2026-06-17T09:53:59.141+0800][15.389s][info][gc             ] GC(400) Concurrent Abortable Preclean
[2026-06-17T09:53:59.179+0800][15.427s][info][gc,start       ] GC(401) Pause Young (Allocation Failure)
[2026-06-17T09:53:59.180+0800][15.428s][info][gc,task        ] GC(401) Using 2 workers of 18 for evacuation
[2026-06-17T09:53:59.182+0800][15.430s][info][gc,heap        ] GC(401) ParNew: 19646K->2173K(19648K)
[2026-06-17T09:53:59.182+0800][15.430s][info][gc,heap        ] GC(401) CMS: 34297K->39386K(43712K)
[2026-06-17T09:53:59.182+0800][15.431s][info][gc,metaspace   ] GC(401) Metaspace: 3160K(4864K)->3160K(4864K) NonClass: 2854K(4352K)->2854K(4352K) Class: 305K(512K)->305K(512K)
[2026-06-17T09:53:59.183+0800][15.431s][info][gc             ] GC(401) Pause Young (Allocation Failure) 52M->40M(61M) 3.465ms
[2026-06-17T09:53:59.183+0800][15.431s][info][gc,cpu         ] GC(401) User=0.00s Sys=0.00s Real=0.01s
[2026-06-17T09:53:59.235+0800][15.483s][info][gc,start       ] GC(402) Pause Young (Allocation Failure)
[2026-06-17T09:53:59.236+0800][15.484s][info][gc,task        ] GC(402) Using 2 workers of 18 for evacuation
[2026-06-17T09:53:59.236+0800][15.484s][info][gc,start       ] GC(403) Pause Full (Allocation Failure)
[2026-06-17T09:53:59.237+0800][15.485s][info][gc             ] GC(400) Concurrent Abortable Preclean 95.881ms
[2026-06-17T09:53:59.237+0800][15.485s][info][gc,cpu         ] GC(400) User=0.01s Sys=0.00s Real=0.10s
[2026-06-17T09:53:59.237+0800][15.485s][info][gc,phases,start] GC(403) Phase 1: Mark live objects
[2026-06-17T09:53:59.238+0800][15.486s][info][gc,phases      ] GC(403) Phase 1: Mark live objects 0.957ms
[2026-06-17T09:53:59.239+0800][15.487s][info][gc,phases,start] GC(403) Phase 2: Compute new object addresses
[2026-06-17T09:53:59.239+0800][15.487s][info][gc,phases      ] GC(403) Phase 2: Compute new object addresses 0.473ms
[2026-06-17T09:53:59.239+0800][15.487s][info][gc,phases,start] GC(403) Phase 3: Adjust pointers
[2026-06-17T09:53:59.240+0800][15.488s][info][gc,phases      ] GC(403) Phase 3: Adjust pointers 0.507ms
[2026-06-17T09:53:59.240+0800][15.488s][info][gc,phases,start] GC(403) Phase 4: Move objects
[2026-06-17T09:53:59.242+0800][15.490s][info][gc,phases      ] GC(403) Phase 4: Move objects 2.276ms
[2026-06-17T09:53:59.243+0800][15.491s][info][gc             ] GC(403) Pause Full (Allocation Failure) 57M->22M(61M) 6.543ms
[2026-06-17T09:53:59.243+0800][15.491s][info][gc,heap        ] GC(402) ParNew: 19642K->0K(19648K)
[2026-06-17T09:53:59.243+0800][15.491s][info][gc,heap        ] GC(402) CMS: 39386K->23443K(43712K)
[2026-06-17T09:53:59.243+0800][15.491s][info][gc,metaspace   ] GC(402) Metaspace: 3160K(4864K)->3160K(4864K) NonClass: 2854K(4352K)->2854K(4352K) Class: 305K(512K)->305K(512K)
[2026-06-17T09:53:59.243+0800][15.491s][info][gc             ] GC(402) Pause Young (Allocation Failure) 57M->22M(61M) 8.053ms
[2026-06-17T09:53:59.243+0800][15.492s][info][gc,cpu         ] GC(402) User=0.00s Sys=0.00s Real=0.01s
[2026-06-17T09:53:59.286+0800][15.534s][info][gc,start       ] GC(404) Pause Young (Allocation Failure)
[2026-06-17T09:53:59.286+0800][15.534s][info][gc,task        ] GC(404) Using 2 workers of 18 for evacuation
[2026-06-17T09:53:59.287+0800][15.535s][info][gc,heap        ] GC(404) ParNew: 17461K->2173K(19648K)
[2026-06-17T09:53:59.287+0800][15.536s][info][gc,heap        ] GC(404) CMS: 23443K->28145K(43712K)
[2026-06-17T09:53:59.288+0800][15.536s][info][gc,metaspace   ] GC(404) Metaspace: 3160K(4864K)->3160K(4864K) NonClass: 2854K(4352K)->2854K(4352K) Class: 305K(512K)->305K(512K)
[2026-06-17T09:53:59.288+0800][15.536s][info][gc             ] GC(404) Pause Young (Allocation Failure) 39M->29M(61M) 2.139ms
[2026-06-17T09:53:59.288+0800][15.536s][info][gc,cpu         ] GC(404) User=0.00s Sys=0.00s Real=0.00s
[2026-06-17T09:53:59.331+0800][15.579s][info][gc,start       ] GC(405) Pause Young (Allocation Failure)
[2026-06-17T09:53:59.331+0800][15.579s][info][gc,task        ] GC(405) Using 2 workers of 18 for evacuation
[2026-06-17T09:53:59.333+0800][15.581s][info][gc,heap        ] GC(405) ParNew: 19645K->2171K(19648K)
[2026-06-17T09:53:59.334+0800][15.582s][info][gc,heap        ] GC(405) CMS: 28145K->32258K(43712K)
[2026-06-17T09:53:59.334+0800][15.582s][info][gc,metaspace   ] GC(405) Metaspace: 3160K(4864K)->3160K(4864K) NonClass: 2854K(4352K)->2854K(4352K) Class: 305K(512K)->305K(512K)
[2026-06-17T09:53:59.335+0800][15.583s][info][gc             ] GC(405) Pause Young (Allocation Failure) 46M->33M(61M) 4.143ms
[2026-06-17T09:53:59.335+0800][15.583s][info][gc,cpu         ] GC(405) User=0.00s Sys=0.00s Real=0.00s
[2026-06-17T09:53:59.378+0800][15.626s][info][gc,start       ] GC(406) Pause Young (Allocation Failure)
[2026-06-17T09:53:59.379+0800][15.627s][info][gc,task        ] GC(406) Using 2 workers of 18 for evacuation
[2026-06-17T09:53:59.380+0800][15.628s][info][gc,heap        ] GC(406) ParNew: 19643K->2170K(19648K)
[2026-06-17T09:53:59.381+0800][15.629s][info][gc,heap        ] GC(406) CMS: 32258K->36471K(43712K)
[2026-06-17T09:53:59.381+0800][15.629s][info][gc,metaspace   ] GC(406) Metaspace: 3160K(4864K)->3160K(4864K) NonClass: 2854K(4352K)->2854K(4352K) Class: 305K(512K)->305K(512K)
[2026-06-17T09:53:59.382+0800][15.630s][info][gc             ] GC(406) Pause Young (Allocation Failure) 50M->37M(61M) 3.907ms
[2026-06-17T09:53:59.382+0800][15.630s][info][gc,cpu         ] GC(406) User=0.00s Sys=0.00s Real=0.00s
[2026-06-17T09:53:59.383+0800][15.631s][info][gc,start       ] GC(407) Pause Initial Mark
[2026-06-17T09:53:59.383+0800][15.631s][info][gc             ] GC(407) Pause Initial Mark 38M->38M(61M) 0.485ms
[2026-06-17T09:53:59.384+0800][15.632s][info][gc,cpu         ] GC(407) User=0.00s Sys=0.00s Real=0.00s
[2026-06-17T09:53:59.384+0800][15.632s][info][gc             ] GC(407) Concurrent Mark
[2026-06-17T09:53:59.384+0800][15.632s][info][gc,task        ] GC(407) Using 2 workers of 5 for marking
[2026-06-17T09:53:59.385+0800][15.633s][info][gc             ] GC(407) Concurrent Mark 1.102ms
[2026-06-17T09:53:59.385+0800][15.633s][info][gc,cpu         ] GC(407) User=0.00s Sys=0.00s Real=0.00s
[2026-06-17T09:53:59.385+0800][15.633s][info][gc             ] GC(407) Concurrent Preclean
[2026-06-17T09:53:59.385+0800][15.634s][info][gc             ] GC(407) Concurrent Preclean 0.175ms
[2026-06-17T09:53:59.386+0800][15.634s][info][gc,cpu         ] GC(407) User=0.00s Sys=0.00s Real=0.00s
[2026-06-17T09:53:59.386+0800][15.634s][info][gc             ] GC(407) Concurrent Abortable Preclean
[2026-06-17T09:53:59.427+0800][15.675s][info][gc,start       ] GC(408) Pause Young (Allocation Failure)
[2026-06-17T09:53:59.427+0800][15.676s][info][gc,task        ] GC(408) Using 2 workers of 18 for evacuation
[2026-06-17T09:53:59.431+0800][15.679s][info][gc,heap        ] GC(408) ParNew: 19642K->2169K(19648K)
[2026-06-17T09:53:59.434+0800][15.682s][info][gc,heap        ] GC(408) CMS: 36471K->41661K(43712K)
[2026-06-17T09:53:59.436+0800][15.684s][info][gc,metaspace   ] GC(408) Metaspace: 3160K(4864K)->3160K(4864K) NonClass: 2854K(4352K)->2854K(4352K) Class: 305K(512K)->305K(512K)
[2026-06-17T09:53:59.440+0800][15.688s][info][gc             ] GC(408) Pause Young (Allocation Failure) 54M->42M(61M) 13.358ms
[2026-06-17T09:53:59.442+0800][15.690s][info][gc,cpu         ] GC(408) User=0.00s Sys=0.00s Real=0.01s
[2026-06-17T09:53:59.443+0800][15.691s][info][gc             ] GC(407) Concurrent Abortable Preclean 57.128ms
[2026-06-17T09:53:59.445+0800][15.693s][info][gc,cpu         ] GC(407) User=0.00s Sys=0.00s Real=0.06s
[2026-06-17T09:53:59.446+0800][15.694s][info][gc,start       ] GC(407) Pause Remark
[2026-06-17T09:53:59.448+0800][15.696s][info][gc             ] GC(407) Pause Remark 44M->44M(61M) 1.761ms
[2026-06-17T09:53:59.448+0800][15.696s][info][gc,cpu         ] GC(407) User=0.00s Sys=0.00s Real=0.00s
[2026-06-17T09:53:59.449+0800][15.697s][info][gc             ] GC(407) Concurrent Sweep
[2026-06-17T09:53:59.450+0800][15.698s][info][gc             ] GC(407) Concurrent Sweep 0.909ms
[2026-06-17T09:53:59.450+0800][15.698s][info][gc,cpu         ] GC(407) User=0.00s Sys=0.00s Real=0.00s
[2026-06-17T09:53:59.451+0800][15.699s][info][gc             ] GC(407) Concurrent Reset
[2026-06-17T09:53:59.451+0800][15.699s][info][gc             ] GC(407) Concurrent Reset 0.472ms
[2026-06-17T09:53:59.452+0800][15.700s][info][gc,cpu         ] GC(407) User=0.00s Sys=0.00s Real=0.00s
[2026-06-17T09:53:59.452+0800][15.700s][info][gc,heap        ] GC(407) Old: 36471K->27017K(43712K)
[2026-06-17T09:53:59.487+0800][15.735s][info][gc,start       ] GC(409) Pause Young (Allocation Failure)
[2026-06-17T09:53:59.487+0800][15.735s][info][gc,task        ] GC(409) Using 2 workers of 18 for evacuation
[2026-06-17T09:53:59.489+0800][15.737s][info][gc,heap        ] GC(409) ParNew: 19641K->2175K(19648K)
[2026-06-17T09:53:59.489+0800][15.737s][info][gc,heap        ] GC(409) CMS: 27017K->31925K(43712K)
[2026-06-17T09:53:59.490+0800][15.738s][info][gc,metaspace   ] GC(409) Metaspace: 3160K(4864K)->3160K(4864K) NonClass: 2854K(4352K)->2854K(4352K) Class: 305K(512K)->305K(512K)
[2026-06-17T09:53:59.490+0800][15.738s][info][gc             ] GC(409) Pause Young (Allocation Failure) 45M->33M(61M) 3.513ms
[2026-06-17T09:53:59.491+0800][15.739s][info][gc,cpu         ] GC(409) User=0.00s Sys=0.00s Real=0.01s
[2026-06-17T09:53:59.491+0800][15.739s][info][gc,start       ] GC(410) Pause Initial Mark
[2026-06-17T09:53:59.492+0800][15.740s][info][gc             ] GC(410) Pause Initial Mark 33M->33M(61M) 0.554ms
[2026-06-17T09:53:59.492+0800][15.740s][info][gc,cpu         ] GC(410) User=0.00s Sys=0.00s Real=0.00s
[2026-06-17T09:53:59.493+0800][15.741s][info][gc             ] GC(410) Concurrent Mark
[2026-06-17T09:53:59.493+0800][15.741s][info][gc,task        ] GC(410) Using 2 workers of 5 for marking
[2026-06-17T09:53:59.494+0800][15.742s][info][gc             ] GC(410) Concurrent Mark 1.365ms
[2026-06-17T09:53:59.494+0800][15.742s][info][gc,cpu         ] GC(410) User=0.00s Sys=0.00s Real=0.00s
[2026-06-17T09:53:59.494+0800][15.743s][info][gc             ] GC(410) Concurrent Preclean
[2026-06-17T09:53:59.495+0800][15.743s][info][gc             ] GC(410) Concurrent Preclean 0.205ms
[2026-06-17T09:53:59.495+0800][15.743s][info][gc,cpu         ] GC(410) User=0.00s Sys=0.00s Real=0.00s
[2026-06-17T09:53:59.495+0800][15.743s][info][gc,start       ] GC(410) Pause Remark
[2026-06-17T09:53:59.496+0800][15.744s][info][gc             ] GC(410) Pause Remark 33M->33M(61M) 0.669ms
[2026-06-17T09:53:59.496+0800][15.744s][info][gc,cpu         ] GC(410) User=0.00s Sys=0.00s Real=0.00s
[2026-06-17T09:53:59.496+0800][15.744s][info][gc             ] GC(410) Concurrent Sweep
[2026-06-17T09:53:59.496+0800][15.745s][info][gc             ] GC(410) Concurrent Sweep 0.330ms
[2026-06-17T09:53:59.497+0800][15.745s][info][gc,cpu         ] GC(410) User=0.00s Sys=0.00s Real=0.00s
[2026-06-17T09:53:59.497+0800][15.745s][info][gc             ] GC(410) Concurrent Reset
[2026-06-17T09:53:59.497+0800][15.745s][info][gc             ] GC(410) Concurrent Reset 0.157ms
[2026-06-17T09:53:59.497+0800][15.745s][info][gc,cpu         ] GC(410) User=0.00s Sys=0.00s Real=0.00s
[2026-06-17T09:53:59.497+0800][15.745s][info][gc,heap        ] GC(410) Old: 31925K->29095K(43712K)
[2026-06-17T09:53:59.534+0800][15.782s][info][gc,start       ] GC(411) Pause Young (Allocation Failure)
[2026-06-17T09:53:59.535+0800][15.783s][info][gc,task        ] GC(411) Using 2 workers of 18 for evacuation
[2026-06-17T09:53:59.536+0800][15.784s][info][gc,heap        ] GC(411) ParNew: 19463K->1949K(19648K)
[2026-06-17T09:53:59.536+0800][15.784s][info][gc,heap        ] GC(411) CMS: 29095K->31320K(43712K)
[2026-06-17T09:53:59.537+0800][15.785s][info][gc,metaspace   ] GC(411) Metaspace: 3160K(4864K)->3160K(4864K) NonClass: 2854K(4352K)->2854K(4352K) Class: 305K(512K)->305K(512K)
[2026-06-17T09:53:59.537+0800][15.785s][info][gc             ] GC(411) Pause Young (Allocation Failure) 47M->32M(61M) 3.228ms
[2026-06-17T09:53:59.538+0800][15.786s][info][gc,cpu         ] GC(411) User=0.00s Sys=0.00s Real=0.00s
[2026-06-17T09:53:59.591+0800][15.839s][info][gc,start       ] GC(412) Pause Young (Allocation Failure)
[2026-06-17T09:53:59.592+0800][15.840s][info][gc,task        ] GC(412) Using 2 workers of 18 for evacuation
[2026-06-17T09:53:59.593+0800][15.841s][info][gc,heap        ] GC(412) ParNew: 19383K->2032K(19648K)
[2026-06-17T09:53:59.594+0800][15.842s][info][gc,heap        ] GC(412) CMS: 31320K->34762K(43712K)
[2026-06-17T09:53:59.595+0800][15.843s][info][gc,metaspace   ] GC(412) Metaspace: 3160K(4864K)->3160K(4864K) NonClass: 2854K(4352K)->2854K(4352K) Class: 305K(512K)->305K(512K)
[2026-06-17T09:53:59.595+0800][15.843s][info][gc             ] GC(412) Pause Young (Allocation Failure) 49M->35M(61M) 3.993ms
[2026-06-17T09:53:59.596+0800][15.844s][info][gc,cpu         ] GC(412) User=0.00s Sys=0.00s Real=0.00s
[2026-06-17T09:53:59.597+0800][15.845s][info][gc,start       ] GC(413) Pause Initial Mark
[2026-06-17T09:53:59.598+0800][15.846s][info][gc             ] GC(413) Pause Initial Mark 37M->37M(61M) 0.918ms
[2026-06-17T09:53:59.598+0800][15.847s][info][gc,cpu         ] GC(413) User=0.00s Sys=0.00s Real=0.00s
[2026-06-17T09:53:59.599+0800][15.847s][info][gc             ] GC(413) Concurrent Mark
[2026-06-17T09:53:59.600+0800][15.848s][info][gc,task        ] GC(413) Using 2 workers of 5 for marking
[2026-06-17T09:53:59.601+0800][15.850s][info][gc             ] GC(413) Concurrent Mark 2.123ms
[2026-06-17T09:53:59.602+0800][15.850s][info][gc,cpu         ] GC(413) User=0.00s Sys=0.00s Real=0.00s
[2026-06-17T09:53:59.602+0800][15.851s][info][gc             ] GC(413) Concurrent Preclean
[2026-06-17T09:53:59.603+0800][15.851s][info][gc             ] GC(413) Concurrent Preclean 0.282ms
[2026-06-17T09:53:59.603+0800][15.851s][info][gc,cpu         ] GC(413) User=0.00s Sys=0.00s Real=0.00s
[2026-06-17T09:53:59.603+0800][15.851s][info][gc             ] GC(413) Concurrent Abortable Preclean
[2026-06-17T09:53:59.642+0800][15.890s][info][gc,start       ] GC(414) Pause Young (Allocation Failure)
[2026-06-17T09:53:59.643+0800][15.891s][info][gc,task        ] GC(414) Using 2 workers of 18 for evacuation
[2026-06-17T09:53:59.645+0800][15.893s][info][gc,heap        ] GC(414) ParNew: 19500K->2172K(19648K)
[2026-06-17T09:53:59.645+0800][15.893s][info][gc,heap        ] GC(414) CMS: 34762K->38449K(43712K)
[2026-06-17T09:53:59.646+0800][15.894s][info][gc,metaspace   ] GC(414) Metaspace: 3160K(4864K)->3160K(4864K) NonClass: 2854K(4352K)->2854K(4352K) Class: 305K(512K)->305K(512K)
[2026-06-17T09:53:59.647+0800][15.895s][info][gc             ] GC(414) Pause Young (Allocation Failure) 52M->39M(61M) 4.655ms
[2026-06-17T09:53:59.649+0800][15.897s][info][gc,cpu         ] GC(414) User=0.01s Sys=0.00s Real=0.01s
[2026-06-17T09:53:59.693+0800][15.941s][info][gc,start       ] GC(415) Pause Young (Allocation Failure)
[2026-06-17T09:53:59.694+0800][15.942s][info][gc,task        ] GC(415) Using 2 workers of 18 for evacuation
[2026-06-17T09:53:59.697+0800][15.945s][info][gc,heap        ] GC(415) ParNew: 19644K->2143K(19648K)
[2026-06-17T09:53:59.697+0800][15.945s][info][gc,heap        ] GC(415) CMS: 38449K->43099K(43712K)
[2026-06-17T09:53:59.698+0800][15.946s][info][gc,metaspace   ] GC(415) Metaspace: 3160K(4864K)->3160K(4864K) NonClass: 2854K(4352K)->2854K(4352K) Class: 305K(512K)->305K(512K)
[2026-06-17T09:53:59.699+0800][15.947s][info][gc             ] GC(415) Pause Young (Allocation Failure) 56M->44M(61M) 5.507ms
[2026-06-17T09:53:59.699+0800][15.948s][info][gc,cpu         ] GC(415) User=0.00s Sys=0.00s Real=0.00s
[2026-06-17T09:53:59.700+0800][15.948s][info][gc             ] GC(413) Concurrent Abortable Preclean 96.907ms
[2026-06-17T09:53:59.701+0800][15.949s][info][gc,cpu         ] GC(413) User=0.01s Sys=0.00s Real=0.09s
[2026-06-17T09:53:59.702+0800][15.950s][info][gc,start       ] GC(413) Pause Remark
[2026-06-17T09:53:59.703+0800][15.951s][info][gc             ] GC(413) Pause Remark 46M->46M(61M) 1.335ms
[2026-06-17T09:53:59.704+0800][15.952s][info][gc,cpu         ] GC(413) User=0.00s Sys=0.00s Real=0.01s
[2026-06-17T09:53:59.704+0800][15.952s][info][gc             ] GC(413) Concurrent Sweep
[2026-06-17T09:53:59.705+0800][15.953s][info][gc             ] GC(413) Concurrent Sweep 0.843ms
[2026-06-17T09:53:59.706+0800][15.954s][info][gc,cpu         ] GC(413) User=0.00s Sys=0.00s Real=0.00s
[2026-06-17T09:53:59.706+0800][15.954s][info][gc             ] GC(413) Concurrent Reset
[2026-06-17T09:53:59.708+0800][15.956s][info][gc             ] GC(413) Concurrent Reset 2.022ms
[2026-06-17T09:53:59.709+0800][15.957s][info][gc,cpu         ] GC(413) User=0.00s Sys=0.00s Real=0.00s
[2026-06-17T09:53:59.709+0800][15.957s][info][gc,heap        ] GC(413) Old: 34762K->32445K(43712K)
[2026-06-17T09:53:59.743+0800][15.992s][info][gc,start       ] GC(416) Pause Young (Allocation Failure)
[2026-06-17T09:53:59.744+0800][15.992s][info][gc,task        ] GC(416) Using 2 workers of 18 for evacuation
[2026-06-17T09:53:59.747+0800][15.995s][info][gc,heap        ] GC(416) ParNew: 19591K->2168K(19648K)
[2026-06-17T09:53:59.747+0800][15.995s][info][gc,heap        ] GC(416) CMS: 32445K->35869K(43712K)
[2026-06-17T09:53:59.748+0800][15.996s][info][gc,metaspace   ] GC(416) Metaspace: 3160K(4864K)->3160K(4864K) NonClass: 2854K(4352K)->2854K(4352K) Class: 305K(512K)->305K(512K)
[2026-06-17T09:53:59.749+0800][15.997s][info][gc             ] GC(416) Pause Young (Allocation Failure) 50M->37M(61M) 5.199ms
[2026-06-17T09:53:59.749+0800][15.997s][info][gc,cpu         ] GC(416) User=0.00s Sys=0.00s Real=0.00s
[2026-06-17T09:53:59.750+0800][15.998s][info][gc,start       ] GC(417) Pause Initial Mark
[2026-06-17T09:53:59.751+0800][15.999s][info][gc             ] GC(417) Pause Initial Mark 38M->38M(61M) 1.112ms
[2026-06-17T09:53:59.764+0800][16.012s][info][gc,cpu         ] GC(417) User=0.00s Sys=0.00s Real=0.02s
[2026-06-17T09:53:59.768+0800][16.016s][info][gc             ] GC(417) Concurrent Mark
[2026-06-17T09:53:59.771+0800][16.019s][info][gc,task        ] GC(417) Using 2 workers of 5 for marking
[2026-06-17T09:53:59.776+0800][16.024s][info][gc             ] GC(417) Concurrent Mark 7.540ms
[2026-06-17T09:53:59.776+0800][16.024s][info][gc,cpu         ] GC(417) User=0.00s Sys=0.00s Real=0.01s
[2026-06-17T09:53:59.778+0800][16.026s][info][gc             ] GC(417) Concurrent Preclean
[2026-06-17T09:53:59.780+0800][16.028s][info][gc             ] GC(417) Concurrent Preclean 2.126ms
[2026-06-17T09:53:59.782+0800][16.030s][info][gc,cpu         ] GC(417) User=0.00s Sys=0.00s Real=0.00s
[2026-06-17T09:53:59.786+0800][16.034s][info][gc             ] GC(417) Concurrent Abortable Preclean
[2026-06-17T09:53:59.801+0800][16.049s][info][gc,start       ] GC(418) Pause Young (Allocation Failure)
[2026-06-17T09:53:59.802+0800][16.050s][info][gc,task        ] GC(418) Using 2 workers of 18 for evacuation
[2026-06-17T09:53:59.805+0800][16.053s][info][gc,heap        ] GC(418) ParNew: 19531K->1986K(19648K)
[2026-06-17T09:53:59.850+0800][16.098s][info][gc,heap        ] GC(418) CMS: 35869K->37457K(43712K)
[2026-06-17T09:53:59.850+0800][16.098s][info][gc,metaspace   ] GC(418) Metaspace: 3160K(4864K)->3160K(4864K) NonClass: 2854K(4352K)->2854K(4352K) Class: 305K(512K)->305K(512K)
[2026-06-17T09:53:59.851+0800][16.099s][info][gc             ] GC(418) Pause Young (Allocation Failure) 54M->38M(61M) 49.416ms
[2026-06-17T09:53:59.873+0800][16.121s][info][gc,cpu         ] GC(418) User=0.01s Sys=0.00s Real=0.08s
[2026-06-17T09:53:59.916+0800][16.164s][info][gc,start       ] GC(419) Pause Young (Allocation Failure)
[2026-06-17T09:53:59.918+0800][16.166s][info][gc,task        ] GC(419) Using 2 workers of 18 for evacuation
[2026-06-17T09:53:59.920+0800][16.168s][info][gc,heap        ] GC(419) ParNew: 19105K->2115K(19648K)
[2026-06-17T09:53:59.923+0800][16.171s][info][gc,heap        ] GC(419) CMS: 37457K->40494K(43712K)
[2026-06-17T09:53:59.931+0800][16.180s][info][gc,metaspace   ] GC(419) Metaspace: 3160K(4864K)->3160K(4864K) NonClass: 2854K(4352K)->2854K(4352K) Class: 305K(512K)->305K(512K)
[2026-06-17T09:53:59.934+0800][16.182s][info][gc             ] GC(419) Pause Young (Allocation Failure) 55M->41M(61M) 18.259ms
[2026-06-17T09:53:59.934+0800][16.182s][info][gc,cpu         ] GC(419) User=0.00s Sys=0.00s Real=0.02s
[2026-06-17T09:53:59.937+0800][16.185s][info][gc             ] GC(417) Concurrent Abortable Preclean 150.997ms
[2026-06-17T09:53:59.937+0800][16.186s][info][gc,cpu         ] GC(417) User=0.01s Sys=0.00s Real=0.15s
[2026-06-17T09:53:59.942+0800][16.190s][info][gc,start       ] GC(417) Pause Remark
[2026-06-17T09:53:59.943+0800][16.192s][info][gc             ] GC(417) Pause Remark 43M->43M(61M) 1.228ms
[2026-06-17T09:53:59.944+0800][16.192s][info][gc,cpu         ] GC(417) User=0.00s Sys=0.00s Real=0.01s
[2026-06-17T09:53:59.946+0800][16.194s][info][gc             ] GC(417) Concurrent Sweep
[2026-06-17T09:53:59.949+0800][16.197s][info][gc             ] GC(417) Concurrent Sweep 2.412ms
[2026-06-17T09:53:59.950+0800][16.198s][info][gc,cpu         ] GC(417) User=0.00s Sys=0.00s Real=0.00s
[2026-06-17T09:53:59.951+0800][16.199s][info][gc             ] GC(417) Concurrent Reset
[2026-06-17T09:53:59.952+0800][16.200s][info][gc             ] GC(417) Concurrent Reset 0.999ms
[2026-06-17T09:53:59.953+0800][16.201s][info][gc,cpu         ] GC(417) User=0.00s Sys=0.00s Real=0.00s
[2026-06-17T09:53:59.953+0800][16.202s][info][gc,heap        ] GC(417) Old: 35869K->29458K(43712K)
[2026-06-17T09:53:59.990+0800][16.238s][info][gc,start       ] GC(420) Pause Young (Allocation Failure)
[2026-06-17T09:53:59.992+0800][16.240s][info][gc,task        ] GC(420) Using 2 workers of 18 for evacuation
[2026-06-17T09:53:59.995+0800][16.243s][info][gc,heap        ] GC(420) ParNew: 19587K->2173K(19648K)
[2026-06-17T09:53:59.996+0800][16.244s][info][gc,heap        ] GC(420) CMS: 29458K->33439K(43712K)
[2026-06-17T09:53:59.999+0800][16.247s][info][gc,metaspace   ] GC(420) Metaspace: 3160K(4864K)->3160K(4864K) NonClass: 2854K(4352K)->2854K(4352K) Class: 305K(512K)->305K(512K)
[2026-06-17T09:54:00.000+0800][16.248s][info][gc             ] GC(420) Pause Young (Allocation Failure) 47M->34M(61M) 9.315ms
[2026-06-17T09:54:00.001+0800][16.249s][info][gc,cpu         ] GC(420) User=0.01s Sys=0.00s Real=0.01s
[2026-06-17T09:54:00.004+0800][16.252s][info][gc,start       ] GC(421) Pause Initial Mark
[2026-06-17T09:54:00.008+0800][16.256s][info][gc             ] GC(421) Pause Initial Mark 37M->37M(61M) 3.843ms
[2026-06-17T09:54:00.009+0800][16.257s][info][gc,cpu         ] GC(421) User=0.00s Sys=0.00s Real=0.00s
[2026-06-17T09:54:00.012+0800][16.260s][info][gc             ] GC(421) Concurrent Mark
[2026-06-17T09:54:00.013+0800][16.262s][info][gc,task        ] GC(421) Using 2 workers of 5 for marking
[2026-06-17T09:54:00.016+0800][16.264s][info][gc             ] GC(421) Concurrent Mark 4.053ms
[2026-06-17T09:54:00.017+0800][16.265s][info][gc,cpu         ] GC(421) User=0.00s Sys=0.00s Real=0.00s
[2026-06-17T09:54:00.020+0800][16.268s][info][gc             ] GC(421) Concurrent Preclean
[2026-06-17T09:54:00.021+0800][16.269s][info][gc             ] GC(421) Concurrent Preclean 0.928ms
[2026-06-17T09:54:00.022+0800][16.270s][info][gc,cpu         ] GC(421) User=0.00s Sys=0.00s Real=0.00s
[2026-06-17T09:54:00.024+0800][16.272s][info][gc             ] GC(421) Concurrent Abortable Preclean
[2026-06-17T09:54:00.056+0800][16.304s][info][gc,start       ] GC(422) Pause Young (Allocation Failure)
[2026-06-17T09:54:00.057+0800][16.305s][info][gc,task        ] GC(422) Using 2 workers of 18 for evacuation
[2026-06-17T09:54:00.059+0800][16.307s][info][gc,heap        ] GC(422) ParNew: 19632K->2131K(19648K)
[2026-06-17T09:54:00.060+0800][16.308s][info][gc,heap        ] GC(422) CMS: 33439K->37604K(43712K)
[2026-06-17T09:54:00.060+0800][16.309s][info][gc,metaspace   ] GC(422) Metaspace: 3160K(4864K)->3160K(4864K) NonClass: 2854K(4352K)->2854K(4352K) Class: 305K(512K)->305K(512K)
[2026-06-17T09:54:00.061+0800][16.310s][info][gc             ] GC(422) Pause Young (Allocation Failure) 51M->38M(61M) 5.654ms
[2026-06-17T09:54:00.062+0800][16.310s][info][gc,cpu         ] GC(422) User=0.00s Sys=0.00s Real=0.00s
[2026-06-17T09:54:00.107+0800][16.355s][info][gc,start       ] GC(423) Pause Young (Allocation Failure)
[2026-06-17T09:54:00.108+0800][16.356s][info][gc,task        ] GC(423) Using 2 workers of 18 for evacuation
[2026-06-17T09:54:00.111+0800][16.359s][info][gc,heap        ] GC(423) ParNew: 19566K->2171K(19648K)
[2026-06-17T09:54:00.111+0800][16.360s][info][gc,heap        ] GC(423) CMS: 37604K->41580K(43712K)
[2026-06-17T09:54:00.112+0800][16.360s][info][gc,metaspace   ] GC(423) Metaspace: 3160K(4864K)->3160K(4864K) NonClass: 2854K(4352K)->2854K(4352K) Class: 305K(512K)->305K(512K)
[2026-06-17T09:54:00.113+0800][16.361s][info][gc             ] GC(423) Pause Young (Allocation Failure) 55M->42M(61M) 5.469ms
[2026-06-17T09:54:00.113+0800][16.362s][info][gc,cpu         ] GC(423) User=0.00s Sys=0.01s Real=0.01s
[2026-06-17T09:54:00.114+0800][16.362s][info][gc             ] GC(421) Concurrent Abortable Preclean 90.562ms
[2026-06-17T09:54:00.115+0800][16.363s][info][gc,cpu         ] GC(421) User=0.01s Sys=0.01s Real=0.09s
[2026-06-17T09:54:00.115+0800][16.364s][info][gc,start       ] GC(421) Pause Remark
[2026-06-17T09:54:00.117+0800][16.365s][info][gc             ] GC(421) Pause Remark 44M->44M(61M) 1.786ms
[2026-06-17T09:54:00.118+0800][16.366s][info][gc,cpu         ] GC(421) User=0.00s Sys=0.00s Real=0.00s
[2026-06-17T09:54:00.118+0800][16.367s][info][gc             ] GC(421) Concurrent Sweep
[2026-06-17T09:54:00.119+0800][16.367s][info][gc             ] GC(421) Concurrent Sweep 0.627ms
[2026-06-17T09:54:00.119+0800][16.368s][info][gc,cpu         ] GC(421) User=0.00s Sys=0.00s Real=0.00s
[2026-06-17T09:54:00.120+0800][16.368s][info][gc             ] GC(421) Concurrent Reset
[2026-06-17T09:54:00.121+0800][16.369s][info][gc             ] GC(421) Concurrent Reset 0.530ms
[2026-06-17T09:54:00.121+0800][16.369s][info][gc,cpu         ] GC(421) User=0.00s Sys=0.00s Real=0.00s
[2026-06-17T09:54:00.122+0800][16.370s][info][gc,heap        ] GC(421) Old: 33439K->30893K(43712K)
[2026-06-17T09:54:00.157+0800][16.405s][info][gc,start       ] GC(424) Pause Young (Allocation Failure)
[2026-06-17T09:54:00.158+0800][16.406s][info][gc,task        ] GC(424) Using 2 workers of 18 for evacuation
[2026-06-17T09:54:00.159+0800][16.407s][info][gc,heap        ] GC(424) ParNew: 19624K->2168K(19648K)
[2026-06-17T09:54:00.159+0800][16.407s][info][gc,heap        ] GC(424) CMS: 30893K->31714K(43712K)
[2026-06-17T09:54:00.159+0800][16.408s][info][gc,metaspace   ] GC(424) Metaspace: 3160K(4864K)->3160K(4864K) NonClass: 2854K(4352K)->2854K(4352K) Class: 305K(512K)->305K(512K)
[2026-06-17T09:54:00.160+0800][16.408s][info][gc             ] GC(424) Pause Young (Allocation Failure) 49M->33M(61M) 2.782ms
[2026-06-17T09:54:00.160+0800][16.408s][info][gc,cpu         ] GC(424) User=0.00s Sys=0.00s Real=0.00s
[2026-06-17T09:54:00.160+0800][16.408s][info][gc,start       ] GC(425) Pause Initial Mark
[2026-06-17T09:54:00.161+0800][16.409s][info][gc             ] GC(425) Pause Initial Mark 34M->34M(61M) 0.273ms
[2026-06-17T09:54:00.161+0800][16.409s][info][gc,cpu         ] GC(425) User=0.00s Sys=0.00s Real=0.00s
[2026-06-17T09:54:00.161+0800][16.409s][info][gc             ] GC(425) Concurrent Mark
[2026-06-17T09:54:00.161+0800][16.409s][info][gc,task        ] GC(425) Using 2 workers of 5 for marking
[2026-06-17T09:54:00.162+0800][16.410s][info][gc             ] GC(425) Concurrent Mark 1.176ms
[2026-06-17T09:54:00.162+0800][16.411s][info][gc,cpu         ] GC(425) User=0.00s Sys=0.00s Real=0.00s
[2026-06-17T09:54:00.163+0800][16.411s][info][gc             ] GC(425) Concurrent Preclean
[2026-06-17T09:54:00.163+0800][16.411s][info][gc             ] GC(425) Concurrent Preclean 0.174ms
[2026-06-17T09:54:00.163+0800][16.411s][info][gc,cpu         ] GC(425) User=0.00s Sys=0.00s Real=0.00s
[2026-06-17T09:54:00.163+0800][16.411s][info][gc             ] GC(425) Concurrent Abortable Preclean
[2026-06-17T09:54:00.203+0800][16.451s][info][gc,start       ] GC(426) Pause Young (Allocation Failure)
[2026-06-17T09:54:00.204+0800][16.452s][info][gc,task        ] GC(426) Using 2 workers of 18 for evacuation
[2026-06-17T09:54:00.206+0800][16.454s][info][gc,heap        ] GC(426) ParNew: 19635K->2172K(19648K)
[2026-06-17T09:54:00.206+0800][16.454s][info][gc,heap        ] GC(426) CMS: 31714K->38870K(43712K)
[2026-06-17T09:54:00.207+0800][16.455s][info][gc,metaspace   ] GC(426) Metaspace: 3160K(4864K)->3160K(4864K) NonClass: 2854K(4352K)->2854K(4352K) Class: 305K(512K)->305K(512K)
[2026-06-17T09:54:00.207+0800][16.455s][info][gc             ] GC(426) Pause Young (Allocation Failure) 50M->40M(61M) 3.875ms
[2026-06-17T09:54:00.207+0800][16.455s][info][gc,cpu         ] GC(426) User=0.00s Sys=0.00s Real=0.00s
[2026-06-17T09:54:00.262+0800][16.510s][info][gc,start       ] GC(427) Pause Young (Allocation Failure)
[2026-06-17T09:54:00.263+0800][16.511s][info][gc,task        ] GC(427) Using 2 workers of 18 for evacuation
[2026-06-17T09:54:00.263+0800][16.511s][info][gc,start       ] GC(428) Pause Full (Allocation Failure)
[2026-06-17T09:54:00.264+0800][16.512s][info][gc             ] GC(425) Concurrent Abortable Preclean 100.968ms
[2026-06-17T09:54:00.265+0800][16.513s][info][gc,cpu         ] GC(425) User=0.01s Sys=0.00s Real=0.10s
[2026-06-17T09:54:00.265+0800][16.514s][info][gc,phases,start] GC(428) Phase 1: Mark live objects
[2026-06-17T09:54:00.267+0800][16.515s][info][gc,phases      ] GC(428) Phase 1: Mark live objects 1.817ms
[2026-06-17T09:54:00.268+0800][16.516s][info][gc,phases,start] GC(428) Phase 2: Compute new object addresses
[2026-06-17T09:54:00.269+0800][16.517s][info][gc,phases      ] GC(428) Phase 2: Compute new object addresses 0.970ms
[2026-06-17T09:54:00.269+0800][16.518s][info][gc,phases,start] GC(428) Phase 3: Adjust pointers
[2026-06-17T09:54:00.270+0800][16.519s][info][gc,phases      ] GC(428) Phase 3: Adjust pointers 0.909ms
[2026-06-17T09:54:00.271+0800][16.519s][info][gc,phases,start] GC(428) Phase 4: Move objects
[2026-06-17T09:54:00.275+0800][16.523s][info][gc,phases      ] GC(428) Phase 4: Move objects 3.973ms
[2026-06-17T09:54:00.275+0800][16.524s][info][gc             ] GC(428) Pause Full (Allocation Failure) 57M->23M(61M) 12.164ms
[2026-06-17T09:54:00.276+0800][16.524s][info][gc,heap        ] GC(427) ParNew: 19644K->0K(19648K)
[2026-06-17T09:54:00.276+0800][16.524s][info][gc,heap        ] GC(427) CMS: 38870K->24133K(43712K)
[2026-06-17T09:54:00.276+0800][16.524s][info][gc,metaspace   ] GC(427) Metaspace: 3160K(4864K)->3160K(4864K) NonClass: 2854K(4352K)->2854K(4352K) Class: 305K(512K)->305K(512K)
[2026-06-17T09:54:00.276+0800][16.525s][info][gc             ] GC(427) Pause Young (Allocation Failure) 57M->23M(61M) 14.499ms
[2026-06-17T09:54:00.278+0800][16.526s][info][gc,cpu         ] GC(427) User=0.01s Sys=0.00s Real=0.02s
[2026-06-17T09:54:00.325+0800][16.573s][info][gc,start       ] GC(429) Pause Young (Allocation Failure)
[2026-06-17T09:54:00.327+0800][16.575s][info][gc,task        ] GC(429) Using 2 workers of 18 for evacuation
[2026-06-17T09:54:00.332+0800][16.580s][info][gc,heap        ] GC(429) ParNew: 17472K->2175K(19648K)
[2026-06-17T09:54:00.332+0800][16.581s][info][gc,heap        ] GC(429) CMS: 24133K->29367K(43712K)
[2026-06-17T09:54:00.333+0800][16.581s][info][gc,metaspace   ] GC(429) Metaspace: 3160K(4864K)->3160K(4864K) NonClass: 2854K(4352K)->2854K(4352K) Class: 305K(512K)->305K(512K)
[2026-06-17T09:54:00.334+0800][16.582s][info][gc             ] GC(429) Pause Young (Allocation Failure) 40M->30M(61M) 8.300ms
[2026-06-17T09:54:00.334+0800][16.582s][info][gc,cpu         ] GC(429) User=0.00s Sys=0.00s Real=0.01s
[2026-06-17T09:54:00.335+0800][16.583s][info][gc,start       ] GC(430) Pause Initial Mark
[2026-06-17T09:54:00.336+0800][16.584s][info][gc             ] GC(430) Pause Initial Mark 32M->32M(61M) 0.849ms
[2026-06-17T09:54:00.337+0800][16.585s][info][gc,cpu         ] GC(430) User=0.00s Sys=0.00s Real=0.00s
[2026-06-17T09:54:00.337+0800][16.586s][info][gc             ] GC(430) Concurrent Mark
[2026-06-17T09:54:00.338+0800][16.586s][info][gc,task        ] GC(430) Using 2 workers of 5 for marking
[2026-06-17T09:54:00.340+0800][16.588s][info][gc             ] GC(430) Concurrent Mark 2.704ms
[2026-06-17T09:54:00.341+0800][16.589s][info][gc,cpu         ] GC(430) User=0.00s Sys=0.00s Real=0.00s
[2026-06-17T09:54:00.341+0800][16.589s][info][gc             ] GC(430) Concurrent Preclean
[2026-06-17T09:54:00.342+0800][16.590s][info][gc             ] GC(430) Concurrent Preclean 0.539ms
[2026-06-17T09:54:00.342+0800][16.590s][info][gc,cpu         ] GC(430) User=0.00s Sys=0.00s Real=0.00s
[2026-06-17T09:54:00.343+0800][16.591s][info][gc             ] GC(430) Concurrent Abortable Preclean
[2026-06-17T09:54:00.380+0800][16.628s][info][gc,start       ] GC(431) Pause Young (Allocation Failure)
[2026-06-17T09:54:00.381+0800][16.629s][info][gc,task        ] GC(431) Using 2 workers of 18 for evacuation
[2026-06-17T09:54:00.383+0800][16.631s][info][gc,heap        ] GC(431) ParNew: 19647K->2169K(19648K)
[2026-06-17T09:54:00.383+0800][16.632s][info][gc,heap        ] GC(431) CMS: 29367K->33231K(43712K)
[2026-06-17T09:54:00.384+0800][16.632s][info][gc,metaspace   ] GC(431) Metaspace: 3160K(4864K)->3160K(4864K) NonClass: 2854K(4352K)->2854K(4352K) Class: 305K(512K)->305K(512K)
[2026-06-17T09:54:00.385+0800][16.633s][info][gc             ] GC(431) Pause Young (Allocation Failure) 47M->34M(61M) 4.383ms
[2026-06-17T09:54:00.385+0800][16.633s][info][gc,cpu         ] GC(431) User=0.00s Sys=0.00s Real=0.01s
[2026-06-17T09:54:00.430+0800][16.678s][info][gc,start       ] GC(432) Pause Young (Allocation Failure)
[2026-06-17T09:54:00.430+0800][16.678s][info][gc,task        ] GC(432) Using 2 workers of 18 for evacuation
[2026-06-17T09:54:00.431+0800][16.679s][info][gc,heap        ] GC(432) ParNew: 19641K->2169K(19648K)
[2026-06-17T09:54:00.431+0800][16.680s][info][gc,heap        ] GC(432) CMS: 33231K->38429K(43712K)
[2026-06-17T09:54:00.432+0800][16.680s][info][gc,metaspace   ] GC(432) Metaspace: 3160K(4864K)->3160K(4864K) NonClass: 2854K(4352K)->2854K(4352K) Class: 305K(512K)->305K(512K)
[2026-06-17T09:54:00.433+0800][16.681s][info][gc             ] GC(432) Pause Young (Allocation Failure) 51M->39M(61M) 3.698ms
[2026-06-17T09:54:00.434+0800][16.682s][info][gc,cpu         ] GC(432) User=0.00s Sys=0.00s Real=0.01s
[2026-06-17T09:54:00.488+0800][16.736s][info][gc,start       ] GC(433) Pause Young (Allocation Failure)
[2026-06-17T09:54:00.488+0800][16.737s][info][gc,task        ] GC(433) Using 2 workers of 18 for evacuation
[2026-06-17T09:54:00.489+0800][16.737s][info][gc,start       ] GC(434) Pause Full (Allocation Failure)
[2026-06-17T09:54:00.491+0800][16.740s][info][gc             ] GC(430) Concurrent Abortable Preclean 148.756ms
[2026-06-17T09:54:00.495+0800][16.743s][info][gc,cpu         ] GC(430) User=0.01s Sys=0.01s Real=0.15s
[2026-06-17T09:54:00.495+0800][16.744s][info][gc,phases,start] GC(434) Phase 1: Mark live objects
[2026-06-17T09:54:00.497+0800][16.745s][info][gc,phases      ] GC(434) Phase 1: Mark live objects 1.776ms
[2026-06-17T09:54:00.498+0800][16.746s][info][gc,phases,start] GC(434) Phase 2: Compute new object addresses
[2026-06-17T09:54:00.499+0800][16.747s][info][gc,phases      ] GC(434) Phase 2: Compute new object addresses 1.108ms
[2026-06-17T09:54:00.500+0800][16.748s][info][gc,phases,start] GC(434) Phase 3: Adjust pointers
[2026-06-17T09:54:00.501+0800][16.749s][info][gc,phases      ] GC(434) Phase 3: Adjust pointers 1.297ms
[2026-06-17T09:54:00.501+0800][16.749s][info][gc,phases,start] GC(434) Phase 4: Move objects
[2026-06-17T09:54:00.505+0800][16.754s][info][gc,phases      ] GC(434) Phase 4: Move objects 4.120ms
[2026-06-17T09:54:00.506+0800][16.754s][info][gc             ] GC(434) Pause Full (Allocation Failure) 56M->25M(61M) 17.062ms
[2026-06-17T09:54:00.507+0800][16.755s][info][gc,heap        ] GC(433) ParNew: 19641K->0K(19648K)
[2026-06-17T09:54:00.507+0800][16.755s][info][gc,heap        ] GC(433) CMS: 38429K->26037K(43712K)
[2026-06-17T09:54:00.508+0800][16.756s][info][gc,metaspace   ] GC(433) Metaspace: 3160K(4864K)->3160K(4864K) NonClass: 2854K(4352K)->2854K(4352K) Class: 305K(512K)->305K(512K)
[2026-06-17T09:54:00.508+0800][16.757s][info][gc             ] GC(433) Pause Young (Allocation Failure) 56M->25M(61M) 20.626ms
[2026-06-17T09:54:00.509+0800][16.757s][info][gc,cpu         ] GC(433) User=0.01s Sys=0.00s Real=0.02s
[2026-06-17T09:54:00.552+0800][16.800s][info][gc,start       ] GC(435) Pause Young (Allocation Failure)
[2026-06-17T09:54:00.552+0800][16.800s][info][gc,task        ] GC(435) Using 2 workers of 18 for evacuation
[2026-06-17T09:54:00.553+0800][16.801s][info][gc,heap        ] GC(435) ParNew: 17467K->2173K(19648K)
[2026-06-17T09:54:00.553+0800][16.802s][info][gc,heap        ] GC(435) CMS: 26037K->31031K(43712K)
[2026-06-17T09:54:00.554+0800][16.802s][info][gc,metaspace   ] GC(435) Metaspace: 3160K(4864K)->3160K(4864K) NonClass: 2854K(4352K)->2854K(4352K) Class: 305K(512K)->305K(512K)
[2026-06-17T09:54:00.554+0800][16.802s][info][gc             ] GC(435) Pause Young (Allocation Failure) 42M->32M(61M) 2.169ms
[2026-06-17T09:54:00.554+0800][16.802s][info][gc,cpu         ] GC(435) User=0.00s Sys=0.00s Real=0.00s
[2026-06-17T09:54:00.554+0800][16.802s][info][gc,start       ] GC(436) Pause Initial Mark
[2026-06-17T09:54:00.554+0800][16.803s][info][gc             ] GC(436) Pause Initial Mark 32M->32M(61M) 0.216ms
[2026-06-17T09:54:00.555+0800][16.803s][info][gc,cpu         ] GC(436) User=0.00s Sys=0.00s Real=0.00s
[2026-06-17T09:54:00.555+0800][16.803s][info][gc             ] GC(436) Concurrent Mark
[2026-06-17T09:54:00.555+0800][16.803s][info][gc,task        ] GC(436) Using 2 workers of 5 for marking
[2026-06-17T09:54:00.556+0800][16.804s][info][gc             ] GC(436) Concurrent Mark 0.942ms
[2026-06-17T09:54:00.556+0800][16.804s][info][gc,cpu         ] GC(436) User=0.00s Sys=0.00s Real=0.00s
[2026-06-17T09:54:00.556+0800][16.804s][info][gc             ] GC(436) Concurrent Preclean
[2026-06-17T09:54:00.556+0800][16.804s][info][gc             ] GC(436) Concurrent Preclean 0.193ms
[2026-06-17T09:54:00.556+0800][16.805s][info][gc,cpu         ] GC(436) User=0.00s Sys=0.00s Real=0.00s
[2026-06-17T09:54:00.557+0800][16.805s][info][gc             ] GC(436) Concurrent Abortable Preclean
[2026-06-17T09:54:00.597+0800][16.845s][info][gc,start       ] GC(437) Pause Young (Allocation Failure)
[2026-06-17T09:54:00.598+0800][16.846s][info][gc,task        ] GC(437) Using 2 workers of 18 for evacuation
[2026-06-17T09:54:00.600+0800][16.848s][info][gc,heap        ] GC(437) ParNew: 19609K->2173K(19648K)
[2026-06-17T09:54:00.601+0800][16.849s][info][gc,heap        ] GC(437) CMS: 31031K->36033K(43712K)
[2026-06-17T09:54:00.601+0800][16.850s][info][gc,metaspace   ] GC(437) Metaspace: 3160K(4864K)->3160K(4864K) NonClass: 2854K(4352K)->2854K(4352K) Class: 305K(512K)->305K(512K)
[2026-06-17T09:54:00.602+0800][16.850s][info][gc             ] GC(437) Pause Young (Allocation Failure) 49M->37M(61M) 5.172ms
[2026-06-17T09:54:00.603+0800][16.851s][info][gc,cpu         ] GC(437) User=0.00s Sys=0.00s Real=0.01s
[2026-06-17T09:54:00.647+0800][16.895s][info][gc,start       ] GC(438) Pause Young (Allocation Failure)
[2026-06-17T09:54:00.648+0800][16.896s][info][gc,task        ] GC(438) Using 2 workers of 18 for evacuation
[2026-06-17T09:54:00.651+0800][16.899s][info][gc,heap        ] GC(438) ParNew: 19637K->2175K(19648K)
[2026-06-17T09:54:00.652+0800][16.900s][info][gc,heap        ] GC(438) CMS: 36033K->39624K(43712K)
[2026-06-17T09:54:00.652+0800][16.900s][info][gc,metaspace   ] GC(438) Metaspace: 3160K(4864K)->3160K(4864K) NonClass: 2854K(4352K)->2854K(4352K) Class: 305K(512K)->305K(512K)
[2026-06-17T09:54:00.652+0800][16.901s][info][gc             ] GC(438) Pause Young (Allocation Failure) 54M->40M(61M) 5.263ms
[2026-06-17T09:54:00.653+0800][16.901s][info][gc,cpu         ] GC(438) User=0.01s Sys=0.00s Real=0.01s
[2026-06-17T09:54:00.697+0800][16.945s][info][gc,start       ] GC(439) Pause Young (Allocation Failure)
[2026-06-17T09:54:00.698+0800][16.946s][info][gc,task        ] GC(439) Using 2 workers of 18 for evacuation
[2026-06-17T09:54:00.700+0800][16.948s][info][gc,start       ] GC(440) Pause Full (Allocation Failure)
[2026-06-17T09:54:00.701+0800][16.949s][info][gc             ] GC(436) Concurrent Abortable Preclean 144.477ms
[2026-06-17T09:54:00.702+0800][16.950s][info][gc,cpu         ] GC(436) User=0.02s Sys=0.00s Real=0.14s
[2026-06-17T09:54:00.703+0800][16.951s][info][gc,phases,start] GC(440) Phase 1: Mark live objects
[2026-06-17T09:54:00.704+0800][16.953s][info][gc,phases      ] GC(440) Phase 1: Mark live objects 1.837ms
[2026-06-17T09:54:00.705+0800][16.953s][info][gc,phases,start] GC(440) Phase 2: Compute new object addresses
[2026-06-17T09:54:00.706+0800][16.954s][info][gc,phases      ] GC(440) Phase 2: Compute new object addresses 1.006ms
[2026-06-17T09:54:00.706+0800][16.955s][info][gc,phases,start] GC(440) Phase 3: Adjust pointers
[2026-06-17T09:54:00.708+0800][16.956s][info][gc,phases      ] GC(440) Phase 3: Adjust pointers 1.596ms
[2026-06-17T09:54:00.709+0800][16.957s][info][gc,phases,start] GC(440) Phase 4: Move objects
[2026-06-17T09:54:00.712+0800][16.961s][info][gc,phases      ] GC(440) Phase 4: Move objects 3.816ms
[2026-06-17T09:54:00.715+0800][16.963s][info][gc             ] GC(440) Pause Full (Allocation Failure) 57M->26M(61M) 14.404ms
[2026-06-17T09:54:00.715+0800][16.964s][info][gc,heap        ] GC(439) ParNew: 19533K->0K(19648K)
[2026-06-17T09:54:00.716+0800][16.964s][info][gc,heap        ] GC(439) CMS: 39624K->27066K(43712K)
[2026-06-17T09:54:00.716+0800][16.964s][info][gc,metaspace   ] GC(439) Metaspace: 3160K(4864K)->3160K(4864K) NonClass: 2854K(4352K)->2854K(4352K) Class: 305K(512K)->305K(512K)
[2026-06-17T09:54:00.716+0800][16.965s][info][gc             ] GC(439) Pause Young (Allocation Failure) 57M->26M(61M) 19.278ms
[2026-06-17T09:54:00.717+0800][16.965s][info][gc,cpu         ] GC(439) User=0.00s Sys=0.00s Real=0.02s
[2026-06-17T09:54:00.770+0800][17.018s][info][gc,start       ] GC(441) Pause Young (Allocation Failure)
[2026-06-17T09:54:00.771+0800][17.019s][info][gc,task        ] GC(441) Using 2 workers of 18 for evacuation
[2026-06-17T09:54:00.773+0800][17.021s][info][gc,heap        ] GC(441) ParNew: 17472K->2174K(19648K)
[2026-06-17T09:54:00.773+0800][17.022s][info][gc,heap        ] GC(441) CMS: 27066K->28549K(43712K)
[2026-06-17T09:54:00.774+0800][17.022s][info][gc,metaspace   ] GC(441) Metaspace: 3160K(4864K)->3160K(4864K) NonClass: 2854K(4352K)->2854K(4352K) Class: 305K(512K)->305K(512K)
[2026-06-17T09:54:00.775+0800][17.023s][info][gc             ] GC(441) Pause Young (Allocation Failure) 43M->30M(61M) 4.520ms
[2026-06-17T09:54:00.776+0800][17.024s][info][gc,cpu         ] GC(441) User=0.00s Sys=0.00s Real=0.01s
[2026-06-17T09:54:00.821+0800][17.069s][info][gc,start       ] GC(442) Pause Young (Allocation Failure)
[2026-06-17T09:54:00.822+0800][17.070s][info][gc,task        ] GC(442) Using 2 workers of 18 for evacuation
[2026-06-17T09:54:00.824+0800][17.072s][info][gc,heap        ] GC(442) ParNew: 19640K->2172K(19648K)
[2026-06-17T09:54:00.825+0800][17.073s][info][gc,heap        ] GC(442) CMS: 28549K->32021K(43712K)
[2026-06-17T09:54:00.825+0800][17.073s][info][gc,metaspace   ] GC(442) Metaspace: 3160K(4864K)->3160K(4864K) NonClass: 2854K(4352K)->2854K(4352K) Class: 305K(512K)->305K(512K)
[2026-06-17T09:54:00.826+0800][17.074s][info][gc             ] GC(442) Pause Young (Allocation Failure) 47M->33M(61M) 5.316ms
[2026-06-17T09:54:00.827+0800][17.075s][info][gc,cpu         ] GC(442) User=0.00s Sys=0.01s Real=0.01s
[2026-06-17T09:54:00.828+0800][17.076s][info][gc,start       ] GC(443) Pause Initial Mark
[2026-06-17T09:54:00.829+0800][17.077s][info][gc             ] GC(443) Pause Initial Mark 35M->35M(61M) 1.371ms
[2026-06-17T09:54:00.830+0800][17.078s][info][gc,cpu         ] GC(443) User=0.00s Sys=0.00s Real=0.00s
[2026-06-17T09:54:00.831+0800][17.079s][info][gc             ] GC(443) Concurrent Mark
[2026-06-17T09:54:00.831+0800][17.079s][info][gc,task        ] GC(443) Using 2 workers of 5 for marking
[2026-06-17T09:54:00.833+0800][17.081s][info][gc             ] GC(443) Concurrent Mark 2.398ms
[2026-06-17T09:54:00.833+0800][17.082s][info][gc,cpu         ] GC(443) User=0.00s Sys=0.00s Real=0.00s
[2026-06-17T09:54:00.834+0800][17.082s][info][gc             ] GC(443) Concurrent Preclean
[2026-06-17T09:54:00.834+0800][17.082s][info][gc             ] GC(443) Concurrent Preclean 0.356ms
[2026-06-17T09:54:00.834+0800][17.083s][info][gc,cpu         ] GC(443) User=0.00s Sys=0.00s Real=0.00s
[2026-06-17T09:54:00.835+0800][17.083s][info][gc             ] GC(443) Concurrent Abortable Preclean
[2026-06-17T09:54:00.874+0800][17.122s][info][gc,start       ] GC(444) Pause Young (Allocation Failure)
[2026-06-17T09:54:00.875+0800][17.124s][info][gc,task        ] GC(444) Using 2 workers of 18 for evacuation
[2026-06-17T09:54:00.878+0800][17.126s][info][gc,heap        ] GC(444) ParNew: 19616K->2164K(19648K)
[2026-06-17T09:54:00.879+0800][17.127s][info][gc,heap        ] GC(444) CMS: 32021K->36594K(43712K)
[2026-06-17T09:54:00.879+0800][17.128s][info][gc,metaspace   ] GC(444) Metaspace: 3160K(4864K)->3160K(4864K) NonClass: 2854K(4352K)->2854K(4352K) Class: 305K(512K)->305K(512K)
[2026-06-17T09:54:00.880+0800][17.128s][info][gc             ] GC(444) Pause Young (Allocation Failure) 50M->37M(61M) 5.980ms
[2026-06-17T09:54:00.881+0800][17.129s][info][gc,cpu         ] GC(444) User=0.00s Sys=0.00s Real=0.00s
[2026-06-17T09:54:00.926+0800][17.174s][info][gc,start       ] GC(445) Pause Young (Allocation Failure)
[2026-06-17T09:54:00.928+0800][17.176s][info][gc,task        ] GC(445) Using 2 workers of 18 for evacuation
[2026-06-17T09:54:00.931+0800][17.179s][info][gc,heap        ] GC(445) ParNew: 19636K->2173K(19648K)
[2026-06-17T09:54:00.931+0800][17.179s][info][gc,heap        ] GC(445) CMS: 36594K->40804K(43712K)
[2026-06-17T09:54:00.932+0800][17.180s][info][gc,metaspace   ] GC(445) Metaspace: 3160K(4864K)->3160K(4864K) NonClass: 2854K(4352K)->2854K(4352K) Class: 305K(512K)->305K(512K)
[2026-06-17T09:54:00.933+0800][17.181s][info][gc             ] GC(445) Pause Young (Allocation Failure) 54M->41M(61M) 6.591ms
[2026-06-17T09:54:00.933+0800][17.181s][info][gc,cpu         ] GC(445) User=0.00s Sys=0.00s Real=0.01s
[2026-06-17T09:54:00.978+0800][17.226s][info][gc,start       ] GC(446) Pause Young (Allocation Failure)
[2026-06-17T09:54:00.979+0800][17.227s][info][gc,task        ] GC(446) Using 2 workers of 18 for evacuation
[2026-06-17T09:54:00.980+0800][17.228s][info][gc,start       ] GC(447) Pause Full (Allocation Failure)
[2026-06-17T09:54:00.981+0800][17.229s][info][gc             ] GC(443) Concurrent Abortable Preclean 146.226ms
[2026-06-17T09:54:00.981+0800][17.230s][info][gc,cpu         ] GC(443) User=0.01s Sys=0.00s Real=0.14s
[2026-06-17T09:54:00.982+0800][17.230s][info][gc,phases,start] GC(447) Phase 1: Mark live objects
[2026-06-17T09:54:00.984+0800][17.232s][info][gc,phases      ] GC(447) Phase 1: Mark live objects 1.838ms
[2026-06-17T09:54:00.985+0800][17.233s][info][gc,phases,start] GC(447) Phase 2: Compute new object addresses
[2026-06-17T09:54:00.986+0800][17.234s][info][gc,phases      ] GC(447) Phase 2: Compute new object addresses 1.046ms
[2026-06-17T09:54:00.986+0800][17.234s][info][gc,phases,start] GC(447) Phase 3: Adjust pointers
[2026-06-17T09:54:00.987+0800][17.235s][info][gc,phases      ] GC(447) Phase 3: Adjust pointers 0.937ms
[2026-06-17T09:54:00.988+0800][17.236s][info][gc,phases,start] GC(447) Phase 4: Move objects
[2026-06-17T09:54:00.990+0800][17.238s][info][gc,phases      ] GC(447) Phase 4: Move objects 1.996ms
[2026-06-17T09:54:00.990+0800][17.238s][info][gc             ] GC(447) Pause Full (Allocation Failure) 59M->22M(61M) 9.788ms
[2026-06-17T09:54:00.990+0800][17.238s][info][gc,heap        ] GC(446) ParNew: 19635K->0K(19648K)
[2026-06-17T09:54:00.990+0800][17.239s][info][gc,heap        ] GC(446) CMS: 40804K->23265K(43712K)
[2026-06-17T09:54:00.991+0800][17.239s][info][gc,metaspace   ] GC(446) Metaspace: 3160K(4864K)->3160K(4864K) NonClass: 2854K(4352K)->2854K(4352K) Class: 305K(512K)->305K(512K)
[2026-06-17T09:54:00.991+0800][17.239s][info][gc             ] GC(446) Pause Young (Allocation Failure) 59M->22M(61M) 12.577ms
[2026-06-17T09:54:00.991+0800][17.239s][info][gc,cpu         ] GC(446) User=0.01s Sys=0.00s Real=0.02s
[2026-06-17T09:54:01.044+0800][17.292s][info][gc,start       ] GC(448) Pause Young (Allocation Failure)
[2026-06-17T09:54:01.045+0800][17.293s][info][gc,task        ] GC(448) Using 2 workers of 18 for evacuation
[2026-06-17T09:54:01.047+0800][17.295s][info][gc,heap        ] GC(448) ParNew: 17472K->2172K(19648K)
[2026-06-17T09:54:01.047+0800][17.296s][info][gc,heap        ] GC(448) CMS: 23265K->24112K(43712K)
[2026-06-17T09:54:01.048+0800][17.296s][info][gc,metaspace   ] GC(448) Metaspace: 3160K(4864K)->3160K(4864K) NonClass: 2854K(4352K)->2854K(4352K) Class: 305K(512K)->305K(512K)
[2026-06-17T09:54:01.049+0800][17.297s][info][gc             ] GC(448) Pause Young (Allocation Failure) 39M->25M(61M) 4.260ms
[2026-06-17T09:54:01.049+0800][17.297s][info][gc,cpu         ] GC(448) User=0.00s Sys=0.00s Real=0.00s
[2026-06-17T09:54:01.094+0800][17.342s][info][gc,start       ] GC(449) Pause Young (Allocation Failure)
[2026-06-17T09:54:01.095+0800][17.343s][info][gc,task        ] GC(449) Using 2 workers of 18 for evacuation
[2026-06-17T09:54:01.097+0800][17.345s][info][gc,heap        ] GC(449) ParNew: 19636K->2171K(19648K)
[2026-06-17T09:54:01.098+0800][17.346s][info][gc,heap        ] GC(449) CMS: 24112K->28316K(43712K)
[2026-06-17T09:54:01.099+0800][17.347s][info][gc,metaspace   ] GC(449) Metaspace: 3160K(4864K)->3160K(4864K) NonClass: 2854K(4352K)->2854K(4352K) Class: 305K(512K)->305K(512K)
[2026-06-17T09:54:01.099+0800][17.347s][info][gc             ] GC(449) Pause Young (Allocation Failure) 42M->29M(61M) 5.368ms
[2026-06-17T09:54:01.100+0800][17.348s][info][gc,cpu         ] GC(449) User=0.00s Sys=0.00s Real=0.00s
[2026-06-17T09:54:01.101+0800][17.349s][info][gc,start       ] GC(450) Pause Initial Mark
[2026-06-17T09:54:01.102+0800][17.350s][info][gc             ] GC(450) Pause Initial Mark 31M->31M(61M) 1.097ms
[2026-06-17T09:54:01.103+0800][17.351s][info][gc,cpu         ] GC(450) User=0.00s Sys=0.00s Real=0.01s
[2026-06-17T09:54:01.104+0800][17.352s][info][gc             ] GC(450) Concurrent Mark
[2026-06-17T09:54:01.104+0800][17.352s][info][gc,task        ] GC(450) Using 2 workers of 5 for marking
[2026-06-17T09:54:01.106+0800][17.354s][info][gc             ] GC(450) Concurrent Mark 2.162ms
[2026-06-17T09:54:01.107+0800][17.355s][info][gc,cpu         ] GC(450) User=0.00s Sys=0.00s Real=0.00s
[2026-06-17T09:54:01.107+0800][17.355s][info][gc             ] GC(450) Concurrent Preclean
[2026-06-17T09:54:01.107+0800][17.356s][info][gc             ] GC(450) Concurrent Preclean 0.459ms
[2026-06-17T09:54:01.108+0800][17.356s][info][gc,cpu         ] GC(450) User=0.00s Sys=0.00s Real=0.00s
[2026-06-17T09:54:01.108+0800][17.356s][info][gc             ] GC(450) Concurrent Abortable Preclean
[2026-06-17T09:54:01.147+0800][17.395s][info][gc,start       ] GC(451) Pause Young (Allocation Failure)
[2026-06-17T09:54:01.148+0800][17.396s][info][gc,task        ] GC(451) Using 2 workers of 18 for evacuation
[2026-06-17T09:54:01.151+0800][17.399s][info][gc,heap        ] GC(451) ParNew: 19639K->2142K(19648K)
[2026-06-17T09:54:01.151+0800][17.400s][info][gc,heap        ] GC(451) CMS: 28316K->32434K(43712K)
[2026-06-17T09:54:01.152+0800][17.401s][info][gc,metaspace   ] GC(451) Metaspace: 3160K(4864K)->3160K(4864K) NonClass: 2854K(4352K)->2854K(4352K) Class: 305K(512K)->305K(512K)
[2026-06-17T09:54:01.154+0800][17.402s][info][gc             ] GC(451) Pause Young (Allocation Failure) 46M->33M(61M) 7.196ms
[2026-06-17T09:54:01.156+0800][17.404s][info][gc,cpu         ] GC(451) User=0.01s Sys=0.00s Real=0.01s
[2026-06-17T09:54:01.201+0800][17.449s][info][gc,start       ] GC(452) Pause Young (Allocation Failure)
[2026-06-17T09:54:01.201+0800][17.450s][info][gc,task        ] GC(452) Using 2 workers of 18 for evacuation
[2026-06-17T09:54:01.203+0800][17.451s][info][gc,heap        ] GC(452) ParNew: 19614K->2161K(19648K)
[2026-06-17T09:54:01.203+0800][17.451s][info][gc,heap        ] GC(452) CMS: 32434K->35980K(43712K)
[2026-06-17T09:54:01.204+0800][17.452s][info][gc,metaspace   ] GC(452) Metaspace: 3160K(4864K)->3160K(4864K) NonClass: 2854K(4352K)->2854K(4352K) Class: 305K(512K)->305K(512K)
[2026-06-17T09:54:01.204+0800][17.452s][info][gc             ] GC(452) Pause Young (Allocation Failure) 50M->37M(61M) 3.067ms
[2026-06-17T09:54:01.204+0800][17.452s][info][gc,cpu         ] GC(452) User=0.00s Sys=0.00s Real=0.01s
[2026-06-17T09:54:01.248+0800][17.496s][info][gc,start       ] GC(453) Pause Young (Allocation Failure)
[2026-06-17T09:54:01.249+0800][17.497s][info][gc,task        ] GC(453) Using 2 workers of 18 for evacuation
[2026-06-17T09:54:01.251+0800][17.500s][info][gc,heap        ] GC(453) ParNew: 19633K->2173K(19648K)
[2026-06-17T09:54:01.253+0800][17.501s][info][gc,heap        ] GC(453) CMS: 35980K->40232K(43712K)
[2026-06-17T09:54:01.253+0800][17.501s][info][gc,metaspace   ] GC(453) Metaspace: 3160K(4864K)->3160K(4864K) NonClass: 2854K(4352K)->2854K(4352K) Class: 305K(512K)->305K(512K)
[2026-06-17T09:54:01.254+0800][17.502s][info][gc             ] GC(453) Pause Young (Allocation Failure) 54M->41M(61M) 5.665ms
[2026-06-17T09:54:01.254+0800][17.502s][info][gc,cpu         ] GC(453) User=0.01s Sys=0.00s Real=0.01s
[2026-06-17T09:54:01.299+0800][17.547s][info][gc,start       ] GC(454) Pause Young (Allocation Failure)
[2026-06-17T09:54:01.300+0800][17.548s][info][gc,task        ] GC(454) Using 2 workers of 18 for evacuation
[2026-06-17T09:54:01.301+0800][17.549s][info][gc,start       ] GC(455) Pause Full (Allocation Failure)
[2026-06-17T09:54:01.301+0800][17.550s][info][gc             ] GC(450) Concurrent Abortable Preclean 193.385ms
[2026-06-17T09:54:01.302+0800][17.550s][info][gc,cpu         ] GC(450) User=0.02s Sys=0.00s Real=0.19s
[2026-06-17T09:54:01.303+0800][17.551s][info][gc,phases,start] GC(455) Phase 1: Mark live objects
[2026-06-17T09:54:01.305+0800][17.553s][info][gc,phases      ] GC(455) Phase 1: Mark live objects 1.935ms
[2026-06-17T09:54:01.305+0800][17.554s][info][gc,phases,start] GC(455) Phase 2: Compute new object addresses
[2026-06-17T09:54:01.307+0800][17.555s][info][gc,phases      ] GC(455) Phase 2: Compute new object addresses 1.124ms
[2026-06-17T09:54:01.307+0800][17.555s][info][gc,phases,start] GC(455) Phase 3: Adjust pointers
[2026-06-17T09:54:01.309+0800][17.557s][info][gc,phases      ] GC(455) Phase 3: Adjust pointers 1.385ms
[2026-06-17T09:54:01.309+0800][17.558s][info][gc,phases,start] GC(455) Phase 4: Move objects
[2026-06-17T09:54:01.314+0800][17.562s][info][gc,phases      ] GC(455) Phase 4: Move objects 4.625ms
[2026-06-17T09:54:01.317+0800][17.565s][info][gc             ] GC(455) Pause Full (Allocation Failure) 58M->27M(61M) 16.429ms
[2026-06-17T09:54:01.320+0800][17.568s][info][gc,heap        ] GC(454) ParNew: 19600K->0K(19648K)
[2026-06-17T09:54:01.320+0800][17.569s][info][gc,heap        ] GC(454) CMS: 40232K->28416K(43712K)
[2026-06-17T09:54:01.322+0800][17.570s][info][gc,metaspace   ] GC(454) Metaspace: 3160K(4864K)->3160K(4864K) NonClass: 2854K(4352K)->2854K(4352K) Class: 305K(512K)->305K(512K)
[2026-06-17T09:54:01.323+0800][17.571s][info][gc             ] GC(454) Pause Young (Allocation Failure) 58M->27M(61M) 23.854ms
[2026-06-17T09:54:01.324+0800][17.572s][info][gc,cpu         ] GC(454) User=0.01s Sys=0.00s Real=0.03s
[2026-06-17T09:54:01.369+0800][17.617s][info][gc,start       ] GC(456) Pause Young (Allocation Failure)
[2026-06-17T09:54:01.369+0800][17.617s][info][gc,task        ] GC(456) Using 2 workers of 18 for evacuation
[2026-06-17T09:54:01.371+0800][17.619s][info][gc,heap        ] GC(456) ParNew: 17472K->2172K(19648K)
[2026-06-17T09:54:01.372+0800][17.620s][info][gc,heap        ] GC(456) CMS: 28416K->33399K(43712K)
[2026-06-17T09:54:01.373+0800][17.621s][info][gc,metaspace   ] GC(456) Metaspace: 3160K(4864K)->3160K(4864K) NonClass: 2854K(4352K)->2854K(4352K) Class: 305K(512K)->305K(512K)
[2026-06-17T09:54:01.373+0800][17.621s][info][gc             ] GC(456) Pause Young (Allocation Failure) 44M->34M(61M) 4.409ms
[2026-06-17T09:54:01.374+0800][17.622s][info][gc,cpu         ] GC(456) User=0.00s Sys=0.00s Real=0.01s
[2026-06-17T09:54:01.375+0800][17.623s][info][gc,start       ] GC(457) Pause Initial Mark
[2026-06-17T09:54:01.375+0800][17.623s][info][gc             ] GC(457) Pause Initial Mark 35M->35M(61M) 0.726ms
[2026-06-17T09:54:01.376+0800][17.624s][info][gc,cpu         ] GC(457) User=0.00s Sys=0.00s Real=0.00s
[2026-06-17T09:54:01.376+0800][17.624s][info][gc             ] GC(457) Concurrent Mark
[2026-06-17T09:54:01.377+0800][17.625s][info][gc,task        ] GC(457) Using 2 workers of 5 for marking
[2026-06-17T09:54:01.378+0800][17.626s][info][gc             ] GC(457) Concurrent Mark 1.836ms
[2026-06-17T09:54:01.379+0800][17.627s][info][gc,cpu         ] GC(457) User=0.00s Sys=0.00s Real=0.00s
[2026-06-17T09:54:01.379+0800][17.627s][info][gc             ] GC(457) Concurrent Preclean
[2026-06-17T09:54:01.380+0800][17.628s][info][gc             ] GC(457) Concurrent Preclean 0.388ms
[2026-06-17T09:54:01.380+0800][17.628s][info][gc,cpu         ] GC(457) User=0.00s Sys=0.00s Real=0.00s
[2026-06-17T09:54:01.380+0800][17.628s][info][gc,start       ] GC(457) Pause Remark
[2026-06-17T09:54:01.381+0800][17.629s][info][gc             ] GC(457) Pause Remark 35M->35M(61M) 0.747ms
[2026-06-17T09:54:01.381+0800][17.630s][info][gc,cpu         ] GC(457) User=0.00s Sys=0.00s Real=0.00s
[2026-06-17T09:54:01.382+0800][17.630s][info][gc             ] GC(457) Concurrent Sweep
[2026-06-17T09:54:01.382+0800][17.630s][info][gc             ] GC(457) Concurrent Sweep 0.299ms
[2026-06-17T09:54:01.382+0800][17.630s][info][gc,cpu         ] GC(457) User=0.00s Sys=0.00s Real=0.00s
[2026-06-17T09:54:01.382+0800][17.630s][info][gc             ] GC(457) Concurrent Reset
[2026-06-17T09:54:01.382+0800][17.631s][info][gc             ] GC(457) Concurrent Reset 0.162ms
[2026-06-17T09:54:01.383+0800][17.631s][info][gc,cpu         ] GC(457) User=0.00s Sys=0.00s Real=0.01s
[2026-06-17T09:54:01.383+0800][17.631s][info][gc,heap        ] GC(457) Old: 33399K->22349K(43712K)
[2026-06-17T09:54:01.417+0800][17.666s][info][gc,start       ] GC(458) Pause Young (Allocation Failure)
[2026-06-17T09:54:01.418+0800][17.666s][info][gc,task        ] GC(458) Using 2 workers of 18 for evacuation
[2026-06-17T09:54:01.420+0800][17.668s][info][gc,heap        ] GC(458) ParNew: 19421K->1963K(19648K)
[2026-06-17T09:54:01.421+0800][17.669s][info][gc,heap        ] GC(458) CMS: 22349K->23503K(43712K)
[2026-06-17T09:54:01.422+0800][17.670s][info][gc,metaspace   ] GC(458) Metaspace: 3160K(4864K)->3160K(4864K) NonClass: 2854K(4352K)->2854K(4352K) Class: 305K(512K)->305K(512K)
[2026-06-17T09:54:01.423+0800][17.671s][info][gc             ] GC(458) Pause Young (Allocation Failure) 40M->24M(61M) 5.532ms
[2026-06-17T09:54:01.423+0800][17.672s][info][gc,cpu         ] GC(458) User=0.00s Sys=0.00s Real=0.01s
[2026-06-17T09:54:01.479+0800][17.727s][info][gc,start       ] GC(459) Pause Young (Allocation Failure)
[2026-06-17T09:54:01.480+0800][17.728s][info][gc,task        ] GC(459) Using 2 workers of 18 for evacuation
[2026-06-17T09:54:01.481+0800][17.729s][info][gc,heap        ] GC(459) ParNew: 19418K->2144K(19648K)
[2026-06-17T09:54:01.482+0800][17.730s][info][gc,heap        ] GC(459) CMS: 23503K->26637K(43712K)
[2026-06-17T09:54:01.483+0800][17.731s][info][gc,metaspace   ] GC(459) Metaspace: 3160K(4864K)->3160K(4864K) NonClass: 2854K(4352K)->2854K(4352K) Class: 305K(512K)->305K(512K)
[2026-06-17T09:54:01.483+0800][17.731s][info][gc             ] GC(459) Pause Young (Allocation Failure) 41M->28M(61M) 4.593ms
[2026-06-17T09:54:01.484+0800][17.732s][info][gc,cpu         ] GC(459) User=0.00s Sys=0.00s Real=0.01s
[2026-06-17T09:54:01.528+0800][17.776s][info][gc,start       ] GC(460) Pause Young (Allocation Failure)
[2026-06-17T09:54:01.530+0800][17.778s][info][gc,task        ] GC(460) Using 2 workers of 18 for evacuation
[2026-06-17T09:54:01.533+0800][17.781s][info][gc,heap        ] GC(460) ParNew: 19582K->2164K(19648K)
[2026-06-17T09:54:01.535+0800][17.783s][info][gc,heap        ] GC(460) CMS: 26637K->30666K(43712K)
[2026-06-17T09:54:01.535+0800][17.783s][info][gc,metaspace   ] GC(460) Metaspace: 3160K(4864K)->3160K(4864K) NonClass: 2854K(4352K)->2854K(4352K) Class: 305K(512K)->305K(512K)
[2026-06-17T09:54:01.535+0800][17.783s][info][gc             ] GC(460) Pause Young (Allocation Failure) 45M->32M(61M) 7.690ms
[2026-06-17T09:54:01.535+0800][17.784s][info][gc,cpu         ] GC(460) User=0.00s Sys=0.00s Real=0.01s
[2026-06-17T09:54:01.536+0800][17.784s][info][gc,start       ] GC(461) Pause Initial Mark
[2026-06-17T09:54:01.536+0800][17.784s][info][gc             ] GC(461) Pause Initial Mark 33M->33M(61M) 0.334ms
[2026-06-17T09:54:01.537+0800][17.785s][info][gc,cpu         ] GC(461) User=0.00s Sys=0.00s Real=0.00s
[2026-06-17T09:54:01.537+0800][17.786s][info][gc             ] GC(461) Concurrent Mark
[2026-06-17T09:54:01.538+0800][17.786s][info][gc,task        ] GC(461) Using 2 workers of 5 for marking
[2026-06-17T09:54:01.538+0800][17.787s][info][gc             ] GC(461) Concurrent Mark 1.064ms
[2026-06-17T09:54:01.539+0800][17.787s][info][gc,cpu         ] GC(461) User=0.00s Sys=0.00s Real=0.00s
[2026-06-17T09:54:01.539+0800][17.787s][info][gc             ] GC(461) Concurrent Preclean
[2026-06-17T09:54:01.539+0800][17.787s][info][gc             ] GC(461) Concurrent Preclean 0.159ms
[2026-06-17T09:54:01.539+0800][17.787s][info][gc,cpu         ] GC(461) User=0.00s Sys=0.00s Real=0.00s
[2026-06-17T09:54:01.539+0800][17.787s][info][gc             ] GC(461) Concurrent Abortable Preclean
[2026-06-17T09:54:01.579+0800][17.827s][info][gc,start       ] GC(462) Pause Young (Allocation Failure)
[2026-06-17T09:54:01.579+0800][17.828s][info][gc,task        ] GC(462) Using 2 workers of 18 for evacuation
[2026-06-17T09:54:01.580+0800][17.828s][info][gc,heap        ] GC(462) ParNew: 19614K->2114K(19648K)
[2026-06-17T09:54:01.581+0800][17.829s][info][gc,heap        ] GC(462) CMS: 30666K->34876K(43712K)
[2026-06-17T09:54:01.581+0800][17.829s][info][gc,metaspace   ] GC(462) Metaspace: 3160K(4864K)->3160K(4864K) NonClass: 2854K(4352K)->2854K(4352K) Class: 305K(512K)->305K(512K)
[2026-06-17T09:54:01.581+0800][17.829s][info][gc             ] GC(462) Pause Young (Allocation Failure) 49M->36M(61M) 1.863ms
[2026-06-17T09:54:01.581+0800][17.829s][info][gc,cpu         ] GC(462) User=0.00s Sys=0.00s Real=0.00s
[2026-06-17T09:54:01.623+0800][17.871s][info][gc,start       ] GC(463) Pause Young (Allocation Failure)
[2026-06-17T09:54:01.623+0800][17.871s][info][gc,task        ] GC(463) Using 2 workers of 18 for evacuation
[2026-06-17T09:54:01.624+0800][17.872s][info][gc,heap        ] GC(463) ParNew: 19586K->2175K(19648K)
[2026-06-17T09:54:01.625+0800][17.873s][info][gc,heap        ] GC(463) CMS: 34876K->38487K(43712K)
[2026-06-17T09:54:01.625+0800][17.873s][info][gc,metaspace   ] GC(463) Metaspace: 3160K(4864K)->3160K(4864K) NonClass: 2854K(4352K)->2854K(4352K) Class: 305K(512K)->305K(512K)
[2026-06-17T09:54:01.625+0800][17.873s][info][gc             ] GC(463) Pause Young (Allocation Failure) 53M->39M(61M) 2.266ms
[2026-06-17T09:54:01.625+0800][17.873s][info][gc,cpu         ] GC(463) User=0.00s Sys=0.00s Real=0.00s
[2026-06-17T09:54:01.667+0800][17.916s][info][gc,start       ] GC(464) Pause Young (Allocation Failure)
[2026-06-17T09:54:01.668+0800][17.916s][info][gc,task        ] GC(464) Using 2 workers of 18 for evacuation
[2026-06-17T09:54:01.669+0800][17.917s][info][gc,heap        ] GC(464) ParNew: 19530K->2030K(19648K)
[2026-06-17T09:54:01.669+0800][17.917s][info][gc,heap        ] GC(464) CMS: 38487K->39406K(43712K)
[2026-06-17T09:54:01.669+0800][17.917s][info][gc,metaspace   ] GC(464) Metaspace: 3160K(4864K)->3160K(4864K) NonClass: 2854K(4352K)->2854K(4352K) Class: 305K(512K)->305K(512K)
[2026-06-17T09:54:01.669+0800][17.917s][info][gc             ] GC(464) Pause Young (Allocation Failure) 56M->40M(61M) 1.737ms
[2026-06-17T09:54:01.669+0800][17.918s][info][gc,cpu         ] GC(464) User=0.01s Sys=0.00s Real=0.00s
[2026-06-17T09:54:01.712+0800][17.960s][info][gc,start       ] GC(465) Pause Young (Allocation Failure)
[2026-06-17T09:54:01.712+0800][17.961s][info][gc,task        ] GC(465) Using 2 workers of 18 for evacuation
[2026-06-17T09:54:01.713+0800][17.961s][info][gc,start       ] GC(466) Pause Full (Allocation Failure)
[2026-06-17T09:54:01.713+0800][17.962s][info][gc             ] GC(461) Concurrent Abortable Preclean 174.067ms
[2026-06-17T09:54:01.714+0800][17.962s][info][gc,cpu         ] GC(461) User=0.01s Sys=0.00s Real=0.18s
[2026-06-17T09:54:01.714+0800][17.963s][info][gc,phases,start] GC(466) Phase 1: Mark live objects
[2026-06-17T09:54:01.716+0800][17.964s][info][gc,phases      ] GC(466) Phase 1: Mark live objects 1.344ms
[2026-06-17T09:54:01.716+0800][17.964s][info][gc,phases,start] GC(466) Phase 2: Compute new object addresses
[2026-06-17T09:54:01.717+0800][17.965s][info][gc,phases      ] GC(466) Phase 2: Compute new object addresses 0.732ms
[2026-06-17T09:54:01.717+0800][17.965s][info][gc,phases,start] GC(466) Phase 3: Adjust pointers
[2026-06-17T09:54:01.718+0800][17.966s][info][gc,phases      ] GC(466) Phase 3: Adjust pointers 0.825ms
[2026-06-17T09:54:01.718+0800][17.967s][info][gc,phases,start] GC(466) Phase 4: Move objects
[2026-06-17T09:54:01.721+0800][17.969s][info][gc,phases      ] GC(466) Phase 4: Move objects 2.501ms
[2026-06-17T09:54:01.721+0800][17.970s][info][gc             ] GC(466) Pause Full (Allocation Failure) 57M->23M(61M) 8.571ms
[2026-06-17T09:54:01.722+0800][17.970s][info][gc,heap        ] GC(465) ParNew: 19494K->0K(19648K)
[2026-06-17T09:54:01.722+0800][17.970s][info][gc,heap        ] GC(465) CMS: 39406K->23852K(43712K)
[2026-06-17T09:54:01.722+0800][17.970s][info][gc,metaspace   ] GC(465) Metaspace: 3160K(4864K)->3160K(4864K) NonClass: 2854K(4352K)->2854K(4352K) Class: 305K(512K)->305K(512K)
[2026-06-17T09:54:01.722+0800][17.970s][info][gc             ] GC(465) Pause Young (Allocation Failure) 57M->23M(61M) 10.210ms
[2026-06-17T09:54:01.722+0800][17.970s][info][gc,cpu         ] GC(465) User=0.00s Sys=0.00s Real=0.00s
[2026-06-17T09:54:01.775+0800][18.023s][info][gc,start       ] GC(467) Pause Young (Allocation Failure)
[2026-06-17T09:54:01.776+0800][18.024s][info][gc,task        ] GC(467) Using 2 workers of 18 for evacuation
[2026-06-17T09:54:01.777+0800][18.025s][info][gc,heap        ] GC(467) ParNew: 17472K->2169K(19648K)
[2026-06-17T09:54:01.777+0800][18.025s][info][gc,heap        ] GC(467) CMS: 23852K->25415K(43712K)
[2026-06-17T09:54:01.778+0800][18.026s][info][gc,metaspace   ] GC(467) Metaspace: 3160K(4864K)->3160K(4864K) NonClass: 2854K(4352K)->2854K(4352K) Class: 305K(512K)->305K(512K)
[2026-06-17T09:54:01.778+0800][18.026s][info][gc             ] GC(467) Pause Young (Allocation Failure) 40M->26M(61M) 2.982ms
[2026-06-17T09:54:01.778+0800][18.026s][info][gc,cpu         ] GC(467) User=0.00s Sys=0.00s Real=0.00s
[2026-06-17T09:54:01.811+0800][18.059s][info][gc,start       ] GC(468) Pause Young (Allocation Failure)
[2026-06-17T09:54:01.811+0800][18.059s][info][gc,task        ] GC(468) Using 2 workers of 18 for evacuation
[2026-06-17T09:54:01.813+0800][18.061s][info][gc,heap        ] GC(468) ParNew: 19630K->2118K(19648K)
[2026-06-17T09:54:01.813+0800][18.061s][info][gc,heap        ] GC(468) CMS: 25415K->28694K(43712K)
[2026-06-17T09:54:01.813+0800][18.061s][info][gc,metaspace   ] GC(468) Metaspace: 3160K(4864K)->3160K(4864K) NonClass: 2854K(4352K)->2854K(4352K) Class: 305K(512K)->305K(512K)
[2026-06-17T09:54:01.813+0800][18.062s][info][gc             ] GC(468) Pause Young (Allocation Failure) 43M->30M(61M) 2.699ms
[2026-06-17T09:54:01.814+0800][18.062s][info][gc,cpu         ] GC(468) User=0.00s Sys=0.00s Real=0.00s
[2026-06-17T09:54:01.867+0800][18.115s][info][gc,start       ] GC(469) Pause Young (Allocation Failure)
[2026-06-17T09:54:01.868+0800][18.116s][info][gc,task        ] GC(469) Using 2 workers of 18 for evacuation
[2026-06-17T09:54:01.869+0800][18.117s][info][gc,heap        ] GC(469) ParNew: 19590K->2165K(19648K)
[2026-06-17T09:54:01.870+0800][18.118s][info][gc,heap        ] GC(469) CMS: 28694K->32310K(43712K)
[2026-06-17T09:54:01.870+0800][18.118s][info][gc,metaspace   ] GC(469) Metaspace: 3160K(4864K)->3160K(4864K) NonClass: 2854K(4352K)->2854K(4352K) Class: 305K(512K)->305K(512K)
[2026-06-17T09:54:01.870+0800][18.118s][info][gc             ] GC(469) Pause Young (Allocation Failure) 47M->33M(61M) 3.374ms
[2026-06-17T09:54:01.870+0800][18.119s][info][gc,cpu         ] GC(469) User=0.00s Sys=0.00s Real=0.00s
[2026-06-17T09:54:01.871+0800][18.119s][info][gc,start       ] GC(470) Pause Initial Mark
[2026-06-17T09:54:01.872+0800][18.120s][info][gc             ] GC(470) Pause Initial Mark 34M->34M(61M) 0.574ms
[2026-06-17T09:54:01.872+0800][18.120s][info][gc,cpu         ] GC(470) User=0.00s Sys=0.00s Real=0.00s
[2026-06-17T09:54:01.873+0800][18.121s][info][gc             ] GC(470) Concurrent Mark
[2026-06-17T09:54:01.873+0800][18.121s][info][gc,task        ] GC(470) Using 2 workers of 5 for marking
[2026-06-17T09:54:01.874+0800][18.122s][info][gc             ] GC(470) Concurrent Mark 1.580ms
[2026-06-17T09:54:01.875+0800][18.123s][info][gc,cpu         ] GC(470) User=0.00s Sys=0.00s Real=0.00s
[2026-06-17T09:54:01.875+0800][18.123s][info][gc             ] GC(470) Concurrent Preclean
[2026-06-17T09:54:01.875+0800][18.123s][info][gc             ] GC(470) Concurrent Preclean 0.212ms
[2026-06-17T09:54:01.875+0800][18.123s][info][gc,cpu         ] GC(470) User=0.00s Sys=0.00s Real=0.00s
[2026-06-17T09:54:01.876+0800][18.124s][info][gc             ] GC(470) Concurrent Abortable Preclean
[2026-06-17T09:54:01.916+0800][18.164s][info][gc,start       ] GC(471) Pause Young (Allocation Failure)
[2026-06-17T09:54:01.917+0800][18.165s][info][gc,task        ] GC(471) Using 2 workers of 18 for evacuation
[2026-06-17T09:54:01.919+0800][18.167s][info][gc,heap        ] GC(471) ParNew: 19637K->2175K(19648K)
[2026-06-17T09:54:01.920+0800][18.168s][info][gc,heap        ] GC(471) CMS: 32310K->36145K(43712K)
[2026-06-17T09:54:01.921+0800][18.169s][info][gc,metaspace   ] GC(471) Metaspace: 3160K(4864K)->3160K(4864K) NonClass: 2854K(4352K)->2854K(4352K) Class: 305K(512K)->305K(512K)
[2026-06-17T09:54:01.921+0800][18.169s][info][gc             ] GC(471) Pause Young (Allocation Failure) 50M->37M(61M) 5.406ms
[2026-06-17T09:54:01.922+0800][18.170s][info][gc,cpu         ] GC(471) User=0.00s Sys=0.00s Real=0.00s
[2026-06-17T09:54:01.967+0800][18.215s][info][gc,start       ] GC(472) Pause Young (Allocation Failure)
[2026-06-17T09:54:01.968+0800][18.216s][info][gc,task        ] GC(472) Using 2 workers of 18 for evacuation
[2026-06-17T09:54:01.971+0800][18.219s][info][gc,heap        ] GC(472) ParNew: 19605K->2170K(19648K)
[2026-06-17T09:54:01.972+0800][18.220s][info][gc,heap        ] GC(472) CMS: 36145K->41070K(43712K)
[2026-06-17T09:54:01.972+0800][18.220s][info][gc,metaspace   ] GC(472) Metaspace: 3160K(4864K)->3160K(4864K) NonClass: 2854K(4352K)->2854K(4352K) Class: 305K(512K)->305K(512K)
[2026-06-17T09:54:01.973+0800][18.221s][info][gc             ] GC(472) Pause Young (Allocation Failure) 54M->42M(61M) 5.671ms
[2026-06-17T09:54:01.973+0800][18.222s][info][gc,cpu         ] GC(472) User=0.01s Sys=0.00s Real=0.01s
[2026-06-17T09:54:02.018+0800][18.266s][info][gc,start       ] GC(473) Pause Young (Allocation Failure)
[2026-06-17T09:54:02.019+0800][18.268s][info][gc,task        ] GC(473) Using 2 workers of 18 for evacuation
[2026-06-17T09:54:02.020+0800][18.268s][info][gc,start       ] GC(474) Pause Full (Allocation Failure)
[2026-06-17T09:54:02.021+0800][18.269s][info][gc             ] GC(470) Concurrent Abortable Preclean 145.654ms
[2026-06-17T09:54:02.022+0800][18.270s][info][gc,cpu         ] GC(470) User=0.02s Sys=0.00s Real=0.14s
[2026-06-17T09:54:02.023+0800][18.271s][info][gc,phases,start] GC(474) Phase 1: Mark live objects
[2026-06-17T09:54:02.025+0800][18.273s][info][gc,phases      ] GC(474) Phase 1: Mark live objects 1.907ms
[2026-06-17T09:54:02.025+0800][18.273s][info][gc,phases,start] GC(474) Phase 2: Compute new object addresses
[2026-06-17T09:54:02.026+0800][18.275s][info][gc,phases      ] GC(474) Phase 2: Compute new object addresses 1.137ms
[2026-06-17T09:54:02.027+0800][18.275s][info][gc,phases,start] GC(474) Phase 3: Adjust pointers
[2026-06-17T09:54:02.028+0800][18.277s][info][gc,phases      ] GC(474) Phase 3: Adjust pointers 1.403ms
[2026-06-17T09:54:02.029+0800][18.277s][info][gc,phases,start] GC(474) Phase 4: Move objects
[2026-06-17T09:54:02.033+0800][18.281s][info][gc,phases      ] GC(474) Phase 4: Move objects 4.027ms
[2026-06-17T09:54:02.034+0800][18.282s][info][gc             ] GC(474) Pause Full (Allocation Failure) 59M->30M(61M) 13.237ms
[2026-06-17T09:54:02.034+0800][18.282s][info][gc,heap        ] GC(473) ParNew: 19634K->0K(19648K)
[2026-06-17T09:54:02.034+0800][18.283s][info][gc,heap        ] GC(473) CMS: 41070K->31340K(43712K)
[2026-06-17T09:54:02.035+0800][18.283s][info][gc,metaspace   ] GC(473) Metaspace: 3160K(4864K)->3160K(4864K) NonClass: 2854K(4352K)->2854K(4352K) Class: 305K(512K)->305K(512K)
[2026-06-17T09:54:02.035+0800][18.283s][info][gc             ] GC(473) Pause Young (Allocation Failure) 59M->30M(61M) 17.026ms
[2026-06-17T09:54:02.036+0800][18.284s][info][gc,cpu         ] GC(473) User=0.01s Sys=0.00s Real=0.02s
[2026-06-17T09:54:02.079+0800][18.327s][info][gc,start       ] GC(475) Pause Young (Allocation Failure)
[2026-06-17T09:54:02.099+0800][18.347s][info][gc,task        ] GC(475) Using 2 workers of 18 for evacuation
[2026-06-17T09:54:02.101+0800][18.349s][info][gc,heap        ] GC(475) ParNew: 17384K->2100K(19648K)
[2026-06-17T09:54:02.102+0800][18.350s][info][gc,heap        ] GC(475) CMS: 31340K->32314K(43712K)
[2026-06-17T09:54:02.103+0800][18.351s][info][gc,metaspace   ] GC(475) Metaspace: 3160K(4864K)->3160K(4864K) NonClass: 2854K(4352K)->2854K(4352K) Class: 305K(512K)->305K(512K)
[2026-06-17T09:54:02.104+0800][18.352s][info][gc             ] GC(475) Pause Young (Allocation Failure) 47M->33M(61M) 25.019ms
[2026-06-17T09:54:02.105+0800][18.353s][info][gc,cpu         ] GC(475) User=0.00s Sys=0.00s Real=0.03s
[2026-06-17T09:54:02.159+0800][18.407s][info][gc,start       ] GC(476) Pause Young (Allocation Failure)
[2026-06-17T09:54:02.160+0800][18.408s][info][gc,task        ] GC(476) Using 2 workers of 18 for evacuation
[2026-06-17T09:54:02.161+0800][18.409s][info][gc,heap        ] GC(476) ParNew: 19537K->2170K(19648K)
[2026-06-17T09:54:02.161+0800][18.409s][info][gc,heap        ] GC(476) CMS: 32314K->36329K(43712K)
[2026-06-17T09:54:02.162+0800][18.410s][info][gc,metaspace   ] GC(476) Metaspace: 3160K(4864K)->3160K(4864K) NonClass: 2854K(4352K)->2854K(4352K) Class: 305K(512K)->305K(512K)
[2026-06-17T09:54:02.162+0800][18.410s][info][gc             ] GC(476) Pause Young (Allocation Failure) 50M->37M(61M) 3.311ms
[2026-06-17T09:54:02.162+0800][18.410s][info][gc,cpu         ] GC(476) User=0.00s Sys=0.00s Real=0.00s
[2026-06-17T09:54:02.163+0800][18.411s][info][gc,start       ] GC(477) Pause Initial Mark
[2026-06-17T09:54:02.163+0800][18.411s][info][gc             ] GC(477) Pause Initial Mark 39M->39M(61M) 0.397ms
[2026-06-17T09:54:02.163+0800][18.411s][info][gc,cpu         ] GC(477) User=0.00s Sys=0.00s Real=0.00s
[2026-06-17T09:54:02.163+0800][18.412s][info][gc             ] GC(477) Concurrent Mark
[2026-06-17T09:54:02.164+0800][18.412s][info][gc,task        ] GC(477) Using 2 workers of 5 for marking
[2026-06-17T09:54:02.166+0800][18.414s][info][gc             ] GC(477) Concurrent Mark 2.137ms
[2026-06-17T09:54:02.166+0800][18.414s][info][gc,cpu         ] GC(477) User=0.00s Sys=0.00s Real=0.00s
[2026-06-17T09:54:02.166+0800][18.415s][info][gc             ] GC(477) Concurrent Preclean
[2026-06-17T09:54:02.167+0800][18.415s][info][gc             ] GC(477) Concurrent Preclean 0.419ms
[2026-06-17T09:54:02.167+0800][18.415s][info][gc,cpu         ] GC(477) User=0.01s Sys=0.00s Real=0.00s
[2026-06-17T09:54:02.168+0800][18.416s][info][gc             ] GC(477) Concurrent Abortable Preclean
[2026-06-17T09:54:02.206+0800][18.454s][info][gc,start       ] GC(478) Pause Young (Allocation Failure)
[2026-06-17T09:54:02.208+0800][18.456s][info][gc,task        ] GC(478) Using 2 workers of 18 for evacuation
[2026-06-17T09:54:02.211+0800][18.459s][info][gc,heap        ] GC(478) ParNew: 19637K->2172K(19648K)
[2026-06-17T09:54:02.212+0800][18.460s][info][gc,heap        ] GC(478) CMS: 36329K->40746K(43712K)
[2026-06-17T09:54:02.213+0800][18.461s][info][gc,metaspace   ] GC(478) Metaspace: 3160K(4864K)->3160K(4864K) NonClass: 2854K(4352K)->2854K(4352K) Class: 305K(512K)->305K(512K)
[2026-06-17T09:54:02.214+0800][18.462s][info][gc             ] GC(478) Pause Young (Allocation Failure) 54M->41M(61M) 7.474ms
[2026-06-17T09:54:02.214+0800][18.462s][info][gc,cpu         ] GC(478) User=0.00s Sys=0.00s Real=0.01s
[2026-06-17T09:54:02.258+0800][18.506s][info][gc,start       ] GC(479) Pause Young (Allocation Failure)
[2026-06-17T09:54:02.260+0800][18.508s][info][gc,task        ] GC(479) Using 2 workers of 18 for evacuation
[2026-06-17T09:54:02.262+0800][18.510s][info][gc,start       ] GC(480) Pause Full (Allocation Failure)
[2026-06-17T09:54:02.264+0800][18.512s][info][gc             ] GC(477) Concurrent Abortable Preclean 96.715ms
[2026-06-17T09:54:02.268+0800][18.516s][info][gc,cpu         ] GC(477) User=0.00s Sys=0.00s Real=0.10s
[2026-06-17T09:54:02.270+0800][18.518s][info][gc,phases,start] GC(480) Phase 1: Mark live objects
[2026-06-17T09:54:02.273+0800][18.521s][info][gc,phases      ] GC(480) Phase 1: Mark live objects 2.992ms
[2026-06-17T09:54:02.274+0800][18.522s][info][gc,phases,start] GC(480) Phase 2: Compute new object addresses
[2026-06-17T09:54:02.277+0800][18.525s][info][gc,phases      ] GC(480) Phase 2: Compute new object addresses 2.551ms
[2026-06-17T09:54:02.278+0800][18.526s][info][gc,phases,start] GC(480) Phase 3: Adjust pointers
[2026-06-17T09:54:02.280+0800][18.528s][info][gc,phases      ] GC(480) Phase 3: Adjust pointers 2.004ms
[2026-06-17T09:54:02.282+0800][18.530s][info][gc,phases,start] GC(480) Phase 4: Move objects
[2026-06-17T09:54:02.289+0800][18.537s][info][gc,phases      ] GC(480) Phase 4: Move objects 7.020ms
[2026-06-17T09:54:02.291+0800][18.539s][info][gc             ] GC(480) Pause Full (Allocation Failure) 58M->32M(61M) 28.648ms
[2026-06-17T09:54:02.292+0800][18.540s][info][gc,heap        ] GC(479) ParNew: 19617K->0K(19648K)
[2026-06-17T09:54:02.294+0800][18.542s][info][gc,heap        ] GC(479) CMS: 40746K->33316K(43712K)
[2026-06-17T09:54:02.295+0800][18.543s][info][gc,metaspace   ] GC(479) Metaspace: 3160K(4864K)->3160K(4864K) NonClass: 2854K(4352K)->2854K(4352K) Class: 305K(512K)->305K(512K)
[2026-06-17T09:54:02.296+0800][18.544s][info][gc             ] GC(479) Pause Young (Allocation Failure) 58M->32M(61M) 38.222ms
[2026-06-17T09:54:02.297+0800][18.546s][info][gc,cpu         ] GC(479) User=0.01s Sys=0.00s Real=0.04s
[2026-06-17T09:54:02.352+0800][18.601s][info][gc,start       ] GC(481) Pause Young (Allocation Failure)
[2026-06-17T09:54:02.354+0800][18.602s][info][gc,task        ] GC(481) Using 2 workers of 18 for evacuation
[2026-06-17T09:54:02.357+0800][18.605s][info][gc,heap        ] GC(481) ParNew: 17459K->2173K(19648K)
[2026-06-17T09:54:02.358+0800][18.606s][info][gc,heap        ] GC(481) CMS: 33316K->34800K(43712K)
[2026-06-17T09:54:02.359+0800][18.607s][info][gc,metaspace   ] GC(481) Metaspace: 3160K(4864K)->3160K(4864K) NonClass: 2854K(4352K)->2854K(4352K) Class: 305K(512K)->305K(512K)
[2026-06-17T09:54:02.359+0800][18.607s][info][gc             ] GC(481) Pause Young (Allocation Failure) 49M->36M(61M) 6.713ms
[2026-06-17T09:54:02.360+0800][18.608s][info][gc,cpu         ] GC(481) User=0.00s Sys=0.00s Real=0.00s
[2026-06-17T09:54:02.396+0800][18.644s][info][gc,start       ] GC(482) Pause Young (Allocation Failure)
[2026-06-17T09:54:02.397+0800][18.645s][info][gc,task        ] GC(482) Using 2 workers of 18 for evacuation
[2026-06-17T09:54:02.399+0800][18.647s][info][gc,heap        ] GC(482) ParNew: 19362K->2137K(19648K)
[2026-06-17T09:54:02.400+0800][18.648s][info][gc,heap        ] GC(482) CMS: 34800K->38343K(43712K)
[2026-06-17T09:54:02.400+0800][18.648s][info][gc,metaspace   ] GC(482) Metaspace: 3160K(4864K)->3160K(4864K) NonClass: 2854K(4352K)->2854K(4352K) Class: 305K(512K)->305K(512K)
[2026-06-17T09:54:02.401+0800][18.649s][info][gc             ] GC(482) Pause Young (Allocation Failure) 52M->39M(61M) 4.376ms
[2026-06-17T09:54:02.401+0800][18.649s][info][gc,cpu         ] GC(482) User=0.00s Sys=0.00s Real=0.00s
[2026-06-17T09:54:02.402+0800][18.650s][info][gc,start       ] GC(483) Pause Initial Mark
[2026-06-17T09:54:02.403+0800][18.651s][info][gc             ] GC(483) Pause Initial Mark 41M->41M(61M) 0.722ms
[2026-06-17T09:54:02.403+0800][18.651s][info][gc,cpu         ] GC(483) User=0.00s Sys=0.00s Real=0.01s
[2026-06-17T09:54:02.404+0800][18.652s][info][gc             ] GC(483) Concurrent Mark
[2026-06-17T09:54:02.404+0800][18.652s][info][gc,task        ] GC(483) Using 2 workers of 5 for marking
[2026-06-17T09:54:02.405+0800][18.654s][info][gc             ] GC(483) Concurrent Mark 1.868ms
[2026-06-17T09:54:02.406+0800][18.654s][info][gc,cpu         ] GC(483) User=0.00s Sys=0.00s Real=0.00s
[2026-06-17T09:54:02.406+0800][18.654s][info][gc             ] GC(483) Concurrent Preclean
[2026-06-17T09:54:02.406+0800][18.654s][info][gc             ] GC(483) Concurrent Preclean 0.236ms
[2026-06-17T09:54:02.406+0800][18.654s][info][gc,cpu         ] GC(483) User=0.00s Sys=0.00s Real=0.00s
[2026-06-17T09:54:02.407+0800][18.655s][info][gc,start       ] GC(483) Pause Remark
[2026-06-17T09:54:02.407+0800][18.656s][info][gc             ] GC(483) Pause Remark 41M->41M(61M) 0.756ms
[2026-06-17T09:54:02.408+0800][18.656s][info][gc,cpu         ] GC(483) User=0.00s Sys=0.00s Real=0.00s
[2026-06-17T09:54:02.408+0800][18.657s][info][gc             ] GC(483) Concurrent Sweep
[2026-06-17T09:54:02.409+0800][18.657s][info][gc             ] GC(483) Concurrent Sweep 0.396ms
[2026-06-17T09:54:02.409+0800][18.657s][info][gc,cpu         ] GC(483) User=0.00s Sys=0.00s Real=0.00s
[2026-06-17T09:54:02.409+0800][18.657s][info][gc             ] GC(483) Concurrent Reset
[2026-06-17T09:54:02.410+0800][18.658s][info][gc             ] GC(483) Concurrent Reset 0.209ms
[2026-06-17T09:54:02.410+0800][18.658s][info][gc,cpu         ] GC(483) User=0.00s Sys=0.00s Real=0.00s
[2026-06-17T09:54:02.410+0800][18.658s][info][gc,heap        ] GC(483) Old: 38343K->20001K(43712K)
[2026-06-17T09:54:02.457+0800][18.705s][info][gc,start       ] GC(484) Pause Young (Allocation Failure)
[2026-06-17T09:54:02.458+0800][18.706s][info][gc,task        ] GC(484) Using 2 workers of 18 for evacuation
[2026-06-17T09:54:02.461+0800][18.709s][info][gc,heap        ] GC(484) ParNew: 19590K->2062K(19648K)
[2026-06-17T09:54:02.462+0800][18.710s][info][gc,heap        ] GC(484) CMS: 20001K->23758K(43712K)
[2026-06-17T09:54:02.462+0800][18.710s][info][gc,metaspace   ] GC(484) Metaspace: 3160K(4864K)->3160K(4864K) NonClass: 2854K(4352K)->2854K(4352K) Class: 305K(512K)->305K(512K)
[2026-06-17T09:54:02.463+0800][18.711s][info][gc             ] GC(484) Pause Young (Allocation Failure) 38M->25M(61M) 6.048ms
[2026-06-17T09:54:02.463+0800][18.712s][info][gc,cpu         ] GC(484) User=0.00s Sys=0.00s Real=0.01s
[2026-06-17T09:54:02.508+0800][18.757s][info][gc,start       ] GC(485) Pause Young (Allocation Failure)
[2026-06-17T09:54:02.509+0800][18.758s][info][gc,task        ] GC(485) Using 2 workers of 18 for evacuation
[2026-06-17T09:54:02.512+0800][18.760s][info][gc,heap        ] GC(485) ParNew: 19534K->2166K(19648K)
[2026-06-17T09:54:02.512+0800][18.760s][info][gc,heap        ] GC(485) CMS: 23758K->27476K(43712K)
[2026-06-17T09:54:02.513+0800][18.761s][info][gc,metaspace   ] GC(485) Metaspace: 3160K(4864K)->3160K(4864K) NonClass: 2854K(4352K)->2854K(4352K) Class: 305K(512K)->305K(512K)
[2026-06-17T09:54:02.514+0800][18.762s][info][gc             ] GC(485) Pause Young (Allocation Failure) 42M->28M(61M) 5.773ms
[2026-06-17T09:54:02.515+0800][18.763s][info][gc,cpu         ] GC(485) User=0.01s Sys=0.00s Real=0.01s
[2026-06-17T09:54:02.559+0800][18.808s][info][gc,start       ] GC(486) Pause Young (Allocation Failure)
[2026-06-17T09:54:02.561+0800][18.809s][info][gc,task        ] GC(486) Using 2 workers of 18 for evacuation
[2026-06-17T09:54:02.563+0800][18.811s][info][gc,heap        ] GC(486) ParNew: 19615K->2171K(19648K)
[2026-06-17T09:54:02.566+0800][18.814s][info][gc,heap        ] GC(486) CMS: 27476K->31936K(43712K)
[2026-06-17T09:54:02.568+0800][18.817s][info][gc,metaspace   ] GC(486) Metaspace: 3160K(4864K)->3160K(4864K) NonClass: 2854K(4352K)->2854K(4352K) Class: 305K(512K)->305K(512K)
[2026-06-17T09:54:02.569+0800][18.817s][info][gc             ] GC(486) Pause Young (Allocation Failure) 45M->33M(61M) 9.862ms
[2026-06-17T09:54:02.572+0800][18.820s][info][gc,cpu         ] GC(486) User=0.00s Sys=0.00s Real=0.02s
[2026-06-17T09:54:02.573+0800][18.821s][info][gc,start       ] GC(487) Pause Initial Mark
[2026-06-17T09:54:02.574+0800][18.823s][info][gc             ] GC(487) Pause Initial Mark 34M->34M(61M) 1.125ms
[2026-06-17T09:54:02.575+0800][18.823s][info][gc,cpu         ] GC(487) User=0.00s Sys=0.00s Real=0.00s
[2026-06-17T09:54:02.576+0800][18.824s][info][gc             ] GC(487) Concurrent Mark
[2026-06-17T09:54:02.577+0800][18.825s][info][gc,task        ] GC(487) Using 2 workers of 5 for marking
[2026-06-17T09:54:02.580+0800][18.828s][info][gc             ] GC(487) Concurrent Mark 4.390ms
[2026-06-17T09:54:02.582+0800][18.830s][info][gc,cpu         ] GC(487) User=0.01s Sys=0.00s Real=0.00s
[2026-06-17T09:54:02.582+0800][18.830s][info][gc             ] GC(487) Concurrent Preclean
[2026-06-17T09:54:02.583+0800][18.831s][info][gc             ] GC(487) Concurrent Preclean 0.512ms
[2026-06-17T09:54:02.583+0800][18.831s][info][gc,cpu         ] GC(487) User=0.00s Sys=0.00s Real=0.01s
[2026-06-17T09:54:02.583+0800][18.831s][info][gc             ] GC(487) Concurrent Abortable Preclean
[2026-06-17T09:54:02.620+0800][18.868s][info][gc,start       ] GC(488) Pause Young (Allocation Failure)
[2026-06-17T09:54:02.620+0800][18.869s][info][gc,task        ] GC(488) Using 2 workers of 18 for evacuation
[2026-06-17T09:54:02.623+0800][18.871s][info][gc,heap        ] GC(488) ParNew: 19635K->2175K(19648K)
[2026-06-17T09:54:02.623+0800][18.871s][info][gc,heap        ] GC(488) CMS: 31936K->36217K(43712K)
[2026-06-17T09:54:02.624+0800][18.872s][info][gc,metaspace   ] GC(488) Metaspace: 3160K(4864K)->3160K(4864K) NonClass: 2854K(4352K)->2854K(4352K) Class: 305K(512K)->305K(512K)
[2026-06-17T09:54:02.624+0800][18.873s][info][gc             ] GC(488) Pause Young (Allocation Failure) 50M->37M(61M) 4.845ms
[2026-06-17T09:54:02.625+0800][18.873s][info][gc,cpu         ] GC(488) User=0.00s Sys=0.00s Real=0.01s
[2026-06-17T09:54:02.670+0800][18.918s][info][gc,start       ] GC(489) Pause Young (Allocation Failure)
[2026-06-17T09:54:02.671+0800][18.919s][info][gc,task        ] GC(489) Using 2 workers of 18 for evacuation
[2026-06-17T09:54:02.673+0800][18.921s][info][gc,heap        ] GC(489) ParNew: 19631K->1927K(19648K)
[2026-06-17T09:54:02.673+0800][18.922s][info][gc,heap        ] GC(489) CMS: 36217K->38884K(43712K)
[2026-06-17T09:54:02.674+0800][18.922s][info][gc,metaspace   ] GC(489) Metaspace: 3160K(4864K)->3160K(4864K) NonClass: 2854K(4352K)->2854K(4352K) Class: 305K(512K)->305K(512K)
[2026-06-17T09:54:02.675+0800][18.923s][info][gc             ] GC(489) Pause Young (Allocation Failure) 54M->39M(61M) 4.538ms
[2026-06-17T09:54:02.675+0800][18.923s][info][gc,cpu         ] GC(489) User=0.01s Sys=0.00s Real=0.01s
[2026-06-17T09:54:02.720+0800][18.968s][info][gc,start       ] GC(490) Pause Young (Allocation Failure)
[2026-06-17T09:54:02.721+0800][18.969s][info][gc,task        ] GC(490) Using 2 workers of 18 for evacuation
[2026-06-17T09:54:02.721+0800][18.969s][info][gc,start       ] GC(491) Pause Full (Allocation Failure)
[2026-06-17T09:54:02.722+0800][18.970s][info][gc             ] GC(487) Concurrent Abortable Preclean 138.913ms
[2026-06-17T09:54:02.723+0800][18.971s][info][gc,cpu         ] GC(487) User=0.01s Sys=0.00s Real=0.14s
[2026-06-17T09:54:02.723+0800][18.972s][info][gc,phases,start] GC(491) Phase 1: Mark live objects
[2026-06-17T09:54:02.725+0800][18.973s][info][gc,phases      ] GC(491) Phase 1: Mark live objects 1.829ms
[2026-06-17T09:54:02.726+0800][18.974s][info][gc,phases,start] GC(491) Phase 2: Compute new object addresses
[2026-06-17T09:54:02.727+0800][18.975s][info][gc,phases      ] GC(491) Phase 2: Compute new object addresses 0.914ms
[2026-06-17T09:54:02.727+0800][18.975s][info][gc,phases,start] GC(491) Phase 3: Adjust pointers
[2026-06-17T09:54:02.728+0800][18.976s][info][gc,phases      ] GC(491) Phase 3: Adjust pointers 0.763ms
[2026-06-17T09:54:02.728+0800][18.976s][info][gc,phases,start] GC(491) Phase 4: Move objects
[2026-06-17T09:54:02.731+0800][18.980s][info][gc,phases      ] GC(491) Phase 4: Move objects 3.069ms
[2026-06-17T09:54:02.732+0800][18.980s][info][gc             ] GC(491) Pause Full (Allocation Failure) 56M->23M(61M) 10.605ms
[2026-06-17T09:54:02.732+0800][18.980s][info][gc,heap        ] GC(490) ParNew: 19384K->0K(19648K)
[2026-06-17T09:54:02.733+0800][18.981s][info][gc,heap        ] GC(490) CMS: 38884K->24435K(43712K)
[2026-06-17T09:54:02.733+0800][18.981s][info][gc,metaspace   ] GC(490) Metaspace: 3160K(4864K)->3160K(4864K) NonClass: 2854K(4352K)->2854K(4352K) Class: 305K(512K)->305K(512K)
[2026-06-17T09:54:02.733+0800][18.981s][info][gc             ] GC(490) Pause Young (Allocation Failure) 56M->23M(61M) 13.092ms
[2026-06-17T09:54:02.733+0800][18.981s][info][gc,cpu         ] GC(490) User=0.01s Sys=0.00s Real=0.02s
[2026-06-17T09:54:02.788+0800][19.036s][info][gc,start       ] GC(492) Pause Young (Allocation Failure)
[2026-06-17T09:54:02.789+0800][19.037s][info][gc,task        ] GC(492) Using 2 workers of 18 for evacuation
[2026-06-17T09:54:02.792+0800][19.040s][info][gc,heap        ] GC(492) ParNew: 17464K->2175K(19648K)
[2026-06-17T09:54:02.793+0800][19.041s][info][gc,heap        ] GC(492) CMS: 24435K->25725K(43712K)
[2026-06-17T09:54:02.795+0800][19.044s][info][gc,metaspace   ] GC(492) Metaspace: 3160K(4864K)->3160K(4864K) NonClass: 2854K(4352K)->2854K(4352K) Class: 305K(512K)->305K(512K)
[2026-06-17T09:54:02.797+0800][19.045s][info][gc             ] GC(492) Pause Young (Allocation Failure) 40M->27M(61M) 8.669ms
[2026-06-17T09:54:02.797+0800][19.046s][info][gc,cpu         ] GC(492) User=0.00s Sys=0.00s Real=0.01s
[2026-06-17T09:54:02.833+0800][19.081s][info][gc,start       ] GC(493) Pause Young (Allocation Failure)
[2026-06-17T09:54:02.834+0800][19.082s][info][gc,task        ] GC(493) Using 2 workers of 18 for evacuation
[2026-06-17T09:54:02.836+0800][19.084s][info][gc,heap        ] GC(493) ParNew: 18527K->2174K(19648K)
[2026-06-17T09:54:02.837+0800][19.085s][info][gc,heap        ] GC(493) CMS: 25725K->28813K(43712K)
[2026-06-17T09:54:02.837+0800][19.085s][info][gc,metaspace   ] GC(493) Metaspace: 3160K(4864K)->3160K(4864K) NonClass: 2854K(4352K)->2854K(4352K) Class: 305K(512K)->305K(512K)
[2026-06-17T09:54:02.838+0800][19.086s][info][gc             ] GC(493) Pause Young (Allocation Failure) 43M->30M(61M) 5.300ms
[2026-06-17T09:54:02.838+0800][19.087s][info][gc,cpu         ] GC(493) User=0.00s Sys=0.01s Real=0.00s
[2026-06-17T09:54:02.893+0800][19.141s][info][gc,start       ] GC(494) Pause Young (Allocation Failure)
[2026-06-17T09:54:02.894+0800][19.142s][info][gc,task        ] GC(494) Using 2 workers of 18 for evacuation
[2026-06-17T09:54:02.896+0800][19.144s][info][gc,heap        ] GC(494) ParNew: 19614K->2170K(19648K)
[2026-06-17T09:54:02.896+0800][19.145s][info][gc,heap        ] GC(494) CMS: 28813K->32421K(43712K)
[2026-06-17T09:54:02.897+0800][19.145s][info][gc,metaspace   ] GC(494) Metaspace: 3160K(4864K)->3160K(4864K) NonClass: 2854K(4352K)->2854K(4352K) Class: 305K(512K)->305K(512K)
[2026-06-17T09:54:02.898+0800][19.146s][info][gc             ] GC(494) Pause Young (Allocation Failure) 47M->33M(61M) 5.089ms
[2026-06-17T09:54:02.898+0800][19.146s][info][gc,cpu         ] GC(494) User=0.00s Sys=0.00s Real=0.00s
[2026-06-17T09:54:02.942+0800][19.190s][info][gc,start       ] GC(495) Pause Young (Allocation Failure)
[2026-06-17T09:54:02.944+0800][19.192s][info][gc,task        ] GC(495) Using 2 workers of 18 for evacuation
[2026-06-17T09:54:02.946+0800][19.194s][info][gc,heap        ] GC(495) ParNew: 19642K->2170K(19648K)
[2026-06-17T09:54:02.947+0800][19.195s][info][gc,heap        ] GC(495) CMS: 32421K->36267K(43712K)
[2026-06-17T09:54:02.947+0800][19.195s][info][gc,metaspace   ] GC(495) Metaspace: 3160K(4864K)->3160K(4864K) NonClass: 2854K(4352K)->2854K(4352K) Class: 305K(512K)->305K(512K)
[2026-06-17T09:54:02.948+0800][19.196s][info][gc             ] GC(495) Pause Young (Allocation Failure) 50M->37M(61M) 5.449ms
[2026-06-17T09:54:02.948+0800][19.197s][info][gc,cpu         ] GC(495) User=0.00s Sys=0.00s Real=0.01s
[2026-06-17T09:54:02.949+0800][19.197s][info][gc,start       ] GC(496) Pause Initial Mark
[2026-06-17T09:54:02.950+0800][19.198s][info][gc             ] GC(496) Pause Initial Mark 38M->38M(61M) 0.987ms
[2026-06-17T09:54:02.951+0800][19.199s][info][gc,cpu         ] GC(496) User=0.00s Sys=0.00s Real=0.01s
[2026-06-17T09:54:02.951+0800][19.200s][info][gc             ] GC(496) Concurrent Mark
[2026-06-17T09:54:02.952+0800][19.200s][info][gc,task        ] GC(496) Using 2 workers of 5 for marking
[2026-06-17T09:54:02.954+0800][19.202s][info][gc             ] GC(496) Concurrent Mark 2.293ms
[2026-06-17T09:54:02.954+0800][19.202s][info][gc,cpu         ] GC(496) User=0.00s Sys=0.00s Real=0.00s
[2026-06-17T09:54:02.954+0800][19.202s][info][gc             ] GC(496) Concurrent Preclean
[2026-06-17T09:54:02.955+0800][19.203s][info][gc             ] GC(496) Concurrent Preclean 0.512ms
[2026-06-17T09:54:02.955+0800][19.203s][info][gc,cpu         ] GC(496) User=0.00s Sys=0.00s Real=0.00s
[2026-06-17T09:54:02.956+0800][19.204s][info][gc             ] GC(496) Concurrent Abortable Preclean
[2026-06-17T09:54:02.995+0800][19.243s][info][gc,start       ] GC(497) Pause Young (Allocation Failure)
[2026-06-17T09:54:02.996+0800][19.244s][info][gc,task        ] GC(497) Using 2 workers of 18 for evacuation
[2026-06-17T09:54:02.999+0800][19.247s][info][gc,heap        ] GC(497) ParNew: 19642K->2175K(19648K)
[2026-06-17T09:54:02.999+0800][19.248s][info][gc,heap        ] GC(497) CMS: 36267K->41074K(43712K)
[2026-06-17T09:54:03.000+0800][19.248s][info][gc,metaspace   ] GC(497) Metaspace: 3160K(4864K)->3160K(4864K) NonClass: 2854K(4352K)->2854K(4352K) Class: 305K(512K)->305K(512K)
[2026-06-17T09:54:03.001+0800][19.249s][info][gc             ] GC(497) Pause Young (Allocation Failure) 54M->42M(61M) 5.520ms
[2026-06-17T09:54:03.001+0800][19.250s][info][gc,cpu         ] GC(497) User=0.00s Sys=0.00s Real=0.00s
[2026-06-17T09:54:03.046+0800][19.294s][info][gc,start       ] GC(498) Pause Young (Allocation Failure)
[2026-06-17T09:54:03.047+0800][19.295s][info][gc,task        ] GC(498) Using 2 workers of 18 for evacuation
[2026-06-17T09:54:03.047+0800][19.296s][info][gc,start       ] GC(499) Pause Full (Allocation Failure)
[2026-06-17T09:54:03.048+0800][19.296s][info][gc             ] GC(496) Concurrent Abortable Preclean 92.667ms
[2026-06-17T09:54:03.049+0800][19.297s][info][gc,cpu         ] GC(496) User=0.01s Sys=0.01s Real=0.09s
[2026-06-17T09:54:03.050+0800][19.298s][info][gc,phases,start] GC(499) Phase 1: Mark live objects
[2026-06-17T09:54:03.052+0800][19.300s][info][gc,phases      ] GC(499) Phase 1: Mark live objects 2.018ms
[2026-06-17T09:54:03.052+0800][19.300s][info][gc,phases,start] GC(499) Phase 2: Compute new object addresses
[2026-06-17T09:54:03.053+0800][19.302s][info][gc,phases      ] GC(499) Phase 2: Compute new object addresses 1.132ms
[2026-06-17T09:54:03.054+0800][19.302s][info][gc,phases,start] GC(499) Phase 3: Adjust pointers
[2026-06-17T09:54:03.055+0800][19.303s][info][gc,phases      ] GC(499) Phase 3: Adjust pointers 1.405ms
[2026-06-17T09:54:03.056+0800][19.304s][info][gc,phases,start] GC(499) Phase 4: Move objects
[2026-06-17T09:54:03.060+0800][19.308s][info][gc,phases      ] GC(499) Phase 4: Move objects 3.727ms
[2026-06-17T09:54:03.061+0800][19.309s][info][gc             ] GC(499) Pause Full (Allocation Failure) 59M->26M(61M) 13.200ms
[2026-06-17T09:54:03.061+0800][19.309s][info][gc,heap        ] GC(498) ParNew: 19349K->0K(19648K)
[2026-06-17T09:54:03.061+0800][19.310s][info][gc,heap        ] GC(498) CMS: 41074K->27440K(43712K)
[2026-06-17T09:54:03.062+0800][19.310s][info][gc,metaspace   ] GC(498) Metaspace: 3160K(4864K)->3160K(4864K) NonClass: 2854K(4352K)->2854K(4352K) Class: 305K(512K)->305K(512K)
[2026-06-17T09:54:03.062+0800][19.310s][info][gc             ] GC(498) Pause Young (Allocation Failure) 59M->26M(61M) 16.094ms
[2026-06-17T09:54:03.062+0800][19.311s][info][gc,cpu         ] GC(498) User=0.01s Sys=0.00s Real=0.01s
[2026-06-17T09:54:03.106+0800][19.354s][info][gc,start       ] GC(500) Pause Young (Allocation Failure)
[2026-06-17T09:54:03.108+0800][19.357s][info][gc,task        ] GC(500) Using 2 workers of 18 for evacuation
[2026-06-17T09:54:03.110+0800][19.358s][info][gc,heap        ] GC(500) ParNew: 17416K->2172K(19648K)
[2026-06-17T09:54:03.115+0800][19.363s][info][gc,heap        ] GC(500) CMS: 27440K->32250K(43712K)
[2026-06-17T09:54:03.115+0800][19.363s][info][gc,metaspace   ] GC(500) Metaspace: 3160K(4864K)->3160K(4864K) NonClass: 2854K(4352K)->2854K(4352K) Class: 305K(512K)->305K(512K)
[2026-06-17T09:54:03.115+0800][19.363s][info][gc             ] GC(500) Pause Young (Allocation Failure) 43M->33M(61M) 9.329ms
[2026-06-17T09:54:03.115+0800][19.363s][info][gc,cpu         ] GC(500) User=0.00s Sys=0.00s Real=0.01s
[2026-06-17T09:54:03.115+0800][19.364s][info][gc,start       ] GC(501) Pause Initial Mark
[2026-06-17T09:54:03.116+0800][19.364s][info][gc             ] GC(501) Pause Initial Mark 34M->34M(61M) 0.255ms
[2026-06-17T09:54:03.116+0800][19.364s][info][gc,cpu         ] GC(501) User=0.00s Sys=0.00s Real=0.00s
[2026-06-17T09:54:03.116+0800][19.364s][info][gc             ] GC(501) Concurrent Mark
[2026-06-17T09:54:03.116+0800][19.365s][info][gc,task        ] GC(501) Using 2 workers of 5 for marking
[2026-06-17T09:54:03.117+0800][19.365s][info][gc             ] GC(501) Concurrent Mark 1.064ms
[2026-06-17T09:54:03.117+0800][19.365s][info][gc,cpu         ] GC(501) User=0.00s Sys=0.00s Real=0.00s
[2026-06-17T09:54:03.118+0800][19.366s][info][gc             ] GC(501) Concurrent Preclean
[2026-06-17T09:54:03.118+0800][19.366s][info][gc             ] GC(501) Concurrent Preclean 0.155ms
[2026-06-17T09:54:03.118+0800][19.366s][info][gc,cpu         ] GC(501) User=0.00s Sys=0.00s Real=0.00s
[2026-06-17T09:54:03.118+0800][19.366s][info][gc,start       ] GC(501) Pause Remark
[2026-06-17T09:54:03.118+0800][19.367s][info][gc             ] GC(501) Pause Remark 35M->35M(61M) 0.445ms
[2026-06-17T09:54:03.119+0800][19.367s][info][gc,cpu         ] GC(501) User=0.00s Sys=0.00s Real=0.00s
[2026-06-17T09:54:03.119+0800][19.367s][info][gc             ] GC(501) Concurrent Sweep
[2026-06-17T09:54:03.119+0800][19.367s][info][gc             ] GC(501) Concurrent Sweep 0.190ms
[2026-06-17T09:54:03.119+0800][19.367s][info][gc,cpu         ] GC(501) User=0.00s Sys=0.00s Real=0.00s
[2026-06-17T09:54:03.119+0800][19.367s][info][gc             ] GC(501) Concurrent Reset
[2026-06-17T09:54:03.119+0800][19.368s][info][gc             ] GC(501) Concurrent Reset 0.148ms
[2026-06-17T09:54:03.120+0800][19.368s][info][gc,cpu         ] GC(501) User=0.00s Sys=0.00s Real=0.00s
[2026-06-17T09:54:03.120+0800][19.368s][info][gc,heap        ] GC(501) Old: 32250K->22284K(43712K)
[2026-06-17T09:54:03.159+0800][19.407s][info][gc,start       ] GC(502) Pause Young (Allocation Failure)
[2026-06-17T09:54:03.160+0800][19.408s][info][gc,task        ] GC(502) Using 2 workers of 18 for evacuation
[2026-06-17T09:54:03.162+0800][19.411s][info][gc,heap        ] GC(502) ParNew: 19642K->2171K(19648K)
[2026-06-17T09:54:03.164+0800][19.412s][info][gc,heap        ] GC(502) CMS: 22284K->29070K(43712K)
[2026-06-17T09:54:03.164+0800][19.413s][info][gc,metaspace   ] GC(502) Metaspace: 3160K(4864K)->3160K(4864K) NonClass: 2854K(4352K)->2854K(4352K) Class: 305K(512K)->305K(512K)
[2026-06-17T09:54:03.165+0800][19.413s][info][gc             ] GC(502) Pause Young (Allocation Failure) 40M->30M(61M) 5.720ms
[2026-06-17T09:54:03.165+0800][19.414s][info][gc,cpu         ] GC(502) User=0.01s Sys=0.00s Real=0.01s
[2026-06-17T09:54:03.166+0800][19.414s][info][gc,start       ] GC(503) Pause Initial Mark
[2026-06-17T09:54:03.167+0800][19.415s][info][gc             ] GC(503) Pause Initial Mark 30M->30M(61M) 0.646ms
[2026-06-17T09:54:03.167+0800][19.415s][info][gc,cpu         ] GC(503) User=0.00s Sys=0.00s Real=0.00s
[2026-06-17T09:54:03.168+0800][19.416s][info][gc             ] GC(503) Concurrent Mark
[2026-06-17T09:54:03.168+0800][19.416s][info][gc,task        ] GC(503) Using 2 workers of 5 for marking
[2026-06-17T09:54:03.170+0800][19.418s][info][gc             ] GC(503) Concurrent Mark 1.777ms
[2026-06-17T09:54:03.170+0800][19.418s][info][gc,cpu         ] GC(503) User=0.00s Sys=0.00s Real=0.00s
[2026-06-17T09:54:03.170+0800][19.418s][info][gc             ] GC(503) Concurrent Preclean
[2026-06-17T09:54:03.170+0800][19.418s][info][gc             ] GC(503) Concurrent Preclean 0.223ms
[2026-06-17T09:54:03.171+0800][19.419s][info][gc,cpu         ] GC(503) User=0.00s Sys=0.00s Real=0.01s
[2026-06-17T09:54:03.171+0800][19.419s][info][gc,start       ] GC(503) Pause Remark
[2026-06-17T09:54:03.171+0800][19.420s][info][gc             ] GC(503) Pause Remark 30M->30M(61M) 0.624ms
[2026-06-17T09:54:03.172+0800][19.420s][info][gc,cpu         ] GC(503) User=0.00s Sys=0.00s Real=0.00s
[2026-06-17T09:54:03.172+0800][19.420s][info][gc             ] GC(503) Concurrent Sweep
[2026-06-17T09:54:03.172+0800][19.420s][info][gc             ] GC(503) Concurrent Sweep 0.331ms
[2026-06-17T09:54:03.172+0800][19.421s][info][gc,cpu         ] GC(503) User=0.00s Sys=0.00s Real=0.00s
[2026-06-17T09:54:03.173+0800][19.421s][info][gc             ] GC(503) Concurrent Reset
[2026-06-17T09:54:03.173+0800][19.421s][info][gc             ] GC(503) Concurrent Reset 0.181ms
[2026-06-17T09:54:03.173+0800][19.421s][info][gc,cpu         ] GC(503) User=0.00s Sys=0.00s Real=0.00s
[2026-06-17T09:54:03.173+0800][19.421s][info][gc,heap        ] GC(503) Old: 29070K->26085K(43712K)
[2026-06-17T09:54:03.219+0800][19.467s][info][gc,start       ] GC(504) Pause Young (Allocation Failure)
[2026-06-17T09:54:03.220+0800][19.468s][info][gc,task        ] GC(504) Using 2 workers of 18 for evacuation
[2026-06-17T09:54:03.222+0800][19.470s][info][gc,heap        ] GC(504) ParNew: 19629K->2171K(19648K)
[2026-06-17T09:54:03.223+0800][19.471s][info][gc,heap        ] GC(504) CMS: 26085K->28056K(43712K)
[2026-06-17T09:54:03.224+0800][19.472s][info][gc,metaspace   ] GC(504) Metaspace: 3160K(4864K)->3160K(4864K) NonClass: 2854K(4352K)->2854K(4352K) Class: 305K(512K)->305K(512K)
[2026-06-17T09:54:03.226+0800][19.474s][info][gc             ] GC(504) Pause Young (Allocation Failure) 44M->29M(61M) 6.566ms
[2026-06-17T09:54:03.230+0800][19.478s][info][gc,cpu         ] GC(504) User=0.00s Sys=0.00s Real=0.01s
[2026-06-17T09:54:03.273+0800][19.521s][info][gc,start       ] GC(505) Pause Young (Allocation Failure)
[2026-06-17T09:54:03.274+0800][19.522s][info][gc,task        ] GC(505) Using 2 workers of 18 for evacuation
[2026-06-17T09:54:03.276+0800][19.524s][info][gc,heap        ] GC(505) ParNew: 19628K->2166K(19648K)
[2026-06-17T09:54:03.278+0800][19.526s][info][gc,heap        ] GC(505) CMS: 28056K->32296K(43712K)
[2026-06-17T09:54:03.278+0800][19.526s][info][gc,metaspace   ] GC(505) Metaspace: 3160K(4864K)->3160K(4864K) NonClass: 2854K(4352K)->2854K(4352K) Class: 305K(512K)->305K(512K)
[2026-06-17T09:54:03.280+0800][19.528s][info][gc             ] GC(505) Pause Young (Allocation Failure) 46M->33M(61M) 7.077ms
[2026-06-17T09:54:03.280+0800][19.529s][info][gc,cpu         ] GC(505) User=0.00s Sys=0.00s Real=0.00s
[2026-06-17T09:54:03.281+0800][19.529s][info][gc,start       ] GC(506) Pause Initial Mark
[2026-06-17T09:54:03.283+0800][19.531s][info][gc             ] GC(506) Pause Initial Mark 34M->34M(61M) 1.286ms
[2026-06-17T09:54:03.283+0800][19.531s][info][gc,cpu         ] GC(506) User=0.00s Sys=0.00s Real=0.01s
[2026-06-17T09:54:03.284+0800][19.532s][info][gc             ] GC(506) Concurrent Mark
[2026-06-17T09:54:03.285+0800][19.533s][info][gc,task        ] GC(506) Using 2 workers of 5 for marking
[2026-06-17T09:54:03.286+0800][19.535s][info][gc             ] GC(506) Concurrent Mark 2.640ms
[2026-06-17T09:54:03.289+0800][19.538s][info][gc,cpu         ] GC(506) User=0.00s Sys=0.00s Real=0.00s
[2026-06-17T09:54:03.291+0800][19.539s][info][gc             ] GC(506) Concurrent Preclean
[2026-06-17T09:54:03.292+0800][19.540s][info][gc             ] GC(506) Concurrent Preclean 0.637ms
[2026-06-17T09:54:03.295+0800][19.543s][info][gc,cpu         ] GC(506) User=0.00s Sys=0.00s Real=0.00s
[2026-06-17T09:54:03.297+0800][19.545s][info][gc             ] GC(506) Concurrent Abortable Preclean
[2026-06-17T09:54:03.326+0800][19.574s][info][gc,start       ] GC(507) Pause Young (Allocation Failure)
[2026-06-17T09:54:03.327+0800][19.575s][info][gc,task        ] GC(507) Using 2 workers of 18 for evacuation
[2026-06-17T09:54:03.330+0800][19.578s][info][gc,heap        ] GC(507) ParNew: 19603K->2168K(19648K)
[2026-06-17T09:54:03.331+0800][19.579s][info][gc,heap        ] GC(507) CMS: 32296K->35956K(43712K)
[2026-06-17T09:54:03.333+0800][19.581s][info][gc,metaspace   ] GC(507) Metaspace: 3160K(4864K)->3160K(4864K) NonClass: 2854K(4352K)->2854K(4352K) Class: 305K(512K)->305K(512K)
[2026-06-17T09:54:03.334+0800][19.582s][info][gc             ] GC(507) Pause Young (Allocation Failure) 50M->37M(61M) 7.730ms
[2026-06-17T09:54:03.335+0800][19.583s][info][gc,cpu         ] GC(507) User=0.00s Sys=0.00s Real=0.01s
[2026-06-17T09:54:03.379+0800][19.627s][info][gc,start       ] GC(508) Pause Young (Allocation Failure)
[2026-06-17T09:54:03.381+0800][19.629s][info][gc,task        ] GC(508) Using 2 workers of 18 for evacuation
[2026-06-17T09:54:03.385+0800][19.633s][info][gc,heap        ] GC(508) ParNew: 19589K->2175K(19648K)
[2026-06-17T09:54:03.387+0800][19.635s][info][gc,heap        ] GC(508) CMS: 35956K->40764K(43712K)
[2026-06-17T09:54:03.387+0800][19.636s][info][gc,metaspace   ] GC(508) Metaspace: 3160K(4864K)->3160K(4864K) NonClass: 2854K(4352K)->2854K(4352K) Class: 305K(512K)->305K(512K)
[2026-06-17T09:54:03.389+0800][19.638s][info][gc             ] GC(508) Pause Young (Allocation Failure) 54M->41M(61M) 10.867ms
[2026-06-17T09:54:03.392+0800][19.641s][info][gc,cpu         ] GC(508) User=0.00s Sys=0.00s Real=0.02s
[2026-06-17T09:54:03.438+0800][19.686s][info][gc,start       ] GC(509) Pause Young (Allocation Failure)
[2026-06-17T09:54:03.439+0800][19.687s][info][gc,task        ] GC(509) Using 2 workers of 18 for evacuation
[2026-06-17T09:54:03.440+0800][19.688s][info][gc,start       ] GC(510) Pause Full (Allocation Failure)
[2026-06-17T09:54:03.441+0800][19.689s][info][gc             ] GC(506) Concurrent Abortable Preclean 144.210ms
[2026-06-17T09:54:03.442+0800][19.690s][info][gc,cpu         ] GC(506) User=0.01s Sys=0.00s Real=0.14s
[2026-06-17T09:54:03.443+0800][19.691s][info][gc,phases,start] GC(510) Phase 1: Mark live objects
[2026-06-17T09:54:03.445+0800][19.693s][info][gc,phases      ] GC(510) Phase 1: Mark live objects 1.979ms
[2026-06-17T09:54:03.445+0800][19.693s][info][gc,phases,start] GC(510) Phase 2: Compute new object addresses
[2026-06-17T09:54:03.446+0800][19.694s][info][gc,phases      ] GC(510) Phase 2: Compute new object addresses 1.022ms
[2026-06-17T09:54:03.447+0800][19.695s][info][gc,phases,start] GC(510) Phase 3: Adjust pointers
[2026-06-17T09:54:03.448+0800][19.696s][info][gc,phases      ] GC(510) Phase 3: Adjust pointers 1.164ms
[2026-06-17T09:54:03.449+0800][19.697s][info][gc,phases,start] GC(510) Phase 4: Move objects
[2026-06-17T09:54:03.452+0800][19.700s][info][gc,phases      ] GC(510) Phase 4: Move objects 3.409ms
[2026-06-17T09:54:03.453+0800][19.701s][info][gc             ] GC(510) Pause Full (Allocation Failure) 58M->32M(61M) 12.626ms
[2026-06-17T09:54:03.453+0800][19.701s][info][gc,heap        ] GC(509) ParNew: 19599K->0K(19648K)
[2026-06-17T09:54:03.453+0800][19.701s][info][gc,heap        ] GC(509) CMS: 40764K->32811K(43712K)
[2026-06-17T09:54:03.454+0800][19.702s][info][gc,metaspace   ] GC(509) Metaspace: 3160K(4864K)->3160K(4864K) NonClass: 2854K(4352K)->2854K(4352K) Class: 305K(512K)->305K(512K)
[2026-06-17T09:54:03.454+0800][19.702s][info][gc             ] GC(509) Pause Young (Allocation Failure) 58M->32M(61M) 15.609ms
[2026-06-17T09:54:03.454+0800][19.702s][info][gc,cpu         ] GC(509) User=0.00s Sys=0.00s Real=0.02s
[2026-06-17T09:54:03.507+0800][19.756s][info][gc,start       ] GC(511) Pause Young (Allocation Failure)
[2026-06-17T09:54:03.508+0800][19.756s][info][gc,task        ] GC(511) Using 2 workers of 18 for evacuation
[2026-06-17T09:54:03.509+0800][19.757s][info][gc,heap        ] GC(511) ParNew: 17464K->2175K(19648K)
[2026-06-17T09:54:03.509+0800][19.757s][info][gc,heap        ] GC(511) CMS: 32811K->34217K(43712K)
[2026-06-17T09:54:03.509+0800][19.757s][info][gc,metaspace   ] GC(511) Metaspace: 3160K(4864K)->3160K(4864K) NonClass: 2854K(4352K)->2854K(4352K) Class: 305K(512K)->305K(512K)
[2026-06-17T09:54:03.509+0800][19.758s][info][gc             ] GC(511) Pause Young (Allocation Failure) 49M->35M(61M) 1.874ms
[2026-06-17T09:54:03.510+0800][19.758s][info][gc,cpu         ] GC(511) User=0.00s Sys=0.00s Real=0.00s
[2026-06-17T09:54:03.542+0800][19.790s][info][gc,start       ] GC(512) Pause Young (Allocation Failure)
[2026-06-17T09:54:03.543+0800][19.791s][info][gc,task        ] GC(512) Using 2 workers of 18 for evacuation
[2026-06-17T09:54:03.545+0800][19.793s][info][gc,heap        ] GC(512) ParNew: 19623K->2174K(19648K)
[2026-06-17T09:54:03.545+0800][19.793s][info][gc,heap        ] GC(512) CMS: 34217K->38442K(43712K)
[2026-06-17T09:54:03.546+0800][19.794s][info][gc,metaspace   ] GC(512) Metaspace: 3160K(4864K)->3160K(4864K) NonClass: 2854K(4352K)->2854K(4352K) Class: 305K(512K)->305K(512K)
[2026-06-17T09:54:03.546+0800][19.794s][info][gc             ] GC(512) Pause Young (Allocation Failure) 52M->39M(61M) 4.221ms
[2026-06-17T09:54:03.547+0800][19.795s][info][gc,cpu         ] GC(512) User=0.00s Sys=0.00s Real=0.01s
[2026-06-17T09:54:03.547+0800][19.796s][info][gc,start       ] GC(513) Pause Initial Mark
[2026-06-17T09:54:03.548+0800][19.796s][info][gc             ] GC(513) Pause Initial Mark 40M->40M(61M) 0.505ms
[2026-06-17T09:54:03.548+0800][19.797s][info][gc,cpu         ] GC(513) User=0.00s Sys=0.00s Real=0.00s
[2026-06-17T09:54:03.549+0800][19.797s][info][gc             ] GC(513) Concurrent Mark
[2026-06-17T09:54:03.549+0800][19.797s][info][gc,task        ] GC(513) Using 2 workers of 5 for marking
[2026-06-17T09:54:03.550+0800][19.799s][info][gc             ] GC(513) Concurrent Mark 1.593ms
[2026-06-17T09:54:03.551+0800][19.799s][info][gc,cpu         ] GC(513) User=0.00s Sys=0.00s Real=0.01s
[2026-06-17T09:54:03.551+0800][19.799s][info][gc             ] GC(513) Concurrent Preclean
[2026-06-17T09:54:03.551+0800][19.799s][info][gc             ] GC(513) Concurrent Preclean 0.227ms
[2026-06-17T09:54:03.551+0800][19.799s][info][gc,cpu         ] GC(513) User=0.00s Sys=0.00s Real=0.00s
[2026-06-17T09:54:03.552+0800][19.800s][info][gc,start       ] GC(513) Pause Remark
[2026-06-17T09:54:03.552+0800][19.800s][info][gc             ] GC(513) Pause Remark 40M->40M(61M) 0.696ms
[2026-06-17T09:54:03.553+0800][19.801s][info][gc,cpu         ] GC(513) User=0.00s Sys=0.00s Real=0.00s
[2026-06-17T09:54:03.553+0800][19.801s][info][gc             ] GC(513) Concurrent Sweep
[2026-06-17T09:54:03.553+0800][19.801s][info][gc             ] GC(513) Concurrent Sweep 0.369ms
[2026-06-17T09:54:03.553+0800][19.801s][info][gc,cpu         ] GC(513) User=0.01s Sys=0.00s Real=0.00s
[2026-06-17T09:54:03.554+0800][19.802s][info][gc             ] GC(513) Concurrent Reset
[2026-06-17T09:54:03.554+0800][19.802s][info][gc             ] GC(513) Concurrent Reset 0.197ms
[2026-06-17T09:54:03.554+0800][19.802s][info][gc,cpu         ] GC(513) User=0.00s Sys=0.00s Real=0.00s
[2026-06-17T09:54:03.554+0800][19.802s][info][gc,heap        ] GC(513) Old: 38442K->19192K(43712K)
[2026-06-17T09:54:03.602+0800][19.850s][info][gc,start       ] GC(514) Pause Young (Allocation Failure)
[2026-06-17T09:54:03.602+0800][19.851s][info][gc,task        ] GC(514) Using 2 workers of 18 for evacuation
[2026-06-17T09:54:03.604+0800][19.852s][info][gc,heap        ] GC(514) ParNew: 19646K->2141K(19648K)
[2026-06-17T09:54:03.605+0800][19.853s][info][gc,heap        ] GC(514) CMS: 19192K->22765K(43712K)
[2026-06-17T09:54:03.605+0800][19.854s][info][gc,metaspace   ] GC(514) Metaspace: 3160K(4864K)->3160K(4864K) NonClass: 2854K(4352K)->2854K(4352K) Class: 305K(512K)->305K(512K)
[2026-06-17T09:54:03.606+0800][19.854s][info][gc             ] GC(514) Pause Young (Allocation Failure) 37M->24M(61M) 4.383ms
[2026-06-17T09:54:03.607+0800][19.855s][info][gc,cpu         ] GC(514) User=0.00s Sys=0.00s Real=0.01s
[2026-06-17T09:54:03.652+0800][19.900s][info][gc,start       ] GC(515) Pause Young (Allocation Failure)
[2026-06-17T09:54:03.653+0800][19.901s][info][gc,task        ] GC(515) Using 2 workers of 18 for evacuation
[2026-06-17T09:54:03.655+0800][19.903s][info][gc,heap        ] GC(515) ParNew: 19608K->2170K(19648K)
[2026-06-17T09:54:03.655+0800][19.903s][info][gc,heap        ] GC(515) CMS: 22765K->26429K(43712K)
[2026-06-17T09:54:03.656+0800][19.904s][info][gc,metaspace   ] GC(515) Metaspace: 3160K(4864K)->3160K(4864K) NonClass: 2854K(4352K)->2854K(4352K) Class: 305K(512K)->305K(512K)
[2026-06-17T09:54:03.656+0800][19.905s][info][gc             ] GC(515) Pause Young (Allocation Failure) 41M->27M(61M) 4.755ms
[2026-06-17T09:54:03.657+0800][19.905s][info][gc,cpu         ] GC(515) User=0.00s Sys=0.00s Real=0.00s
[2026-06-17T09:54:03.702+0800][19.950s][info][gc,start       ] GC(516) Pause Young (Allocation Failure)
[2026-06-17T09:54:03.703+0800][19.951s][info][gc,task        ] GC(516) Using 2 workers of 18 for evacuation
[2026-06-17T09:54:03.705+0800][19.953s][info][gc,heap        ] GC(516) ParNew: 19637K->2169K(19648K)
[2026-06-17T09:54:03.706+0800][19.954s][info][gc,heap        ] GC(516) CMS: 26429K->31949K(43712K)
[2026-06-17T09:54:03.706+0800][19.954s][info][gc,metaspace   ] GC(516) Metaspace: 3160K(4864K)->3160K(4864K) NonClass: 2854K(4352K)->2854K(4352K) Class: 305K(512K)->305K(512K)
[2026-06-17T09:54:03.707+0800][19.955s][info][gc             ] GC(516) Pause Young (Allocation Failure) 44M->33M(61M) 5.253ms
[2026-06-17T09:54:03.708+0800][19.956s][info][gc,cpu         ] GC(516) User=0.00s Sys=0.00s Real=0.01s
[2026-06-17T09:54:03.709+0800][19.957s][info][gc,start       ] GC(517) Pause Initial Mark
[2026-06-17T09:54:03.710+0800][19.958s][info][gc             ] GC(517) Pause Initial Mark 33M->33M(61M) 0.803ms
[2026-06-17T09:54:03.710+0800][19.959s][info][gc,cpu         ] GC(517) User=0.00s Sys=0.00s Real=0.00s
[2026-06-17T09:54:03.711+0800][19.959s][info][gc             ] GC(517) Concurrent Mark
[2026-06-17T09:54:03.711+0800][19.959s][info][gc,task        ] GC(517) Using 2 workers of 5 for marking
[2026-06-17T09:54:03.713+0800][19.961s][info][gc             ] GC(517) Concurrent Mark 1.949ms
[2026-06-17T09:54:03.713+0800][19.961s][info][gc,cpu         ] GC(517) User=0.00s Sys=0.00s Real=0.00s
[2026-06-17T09:54:03.713+0800][19.962s][info][gc             ] GC(517) Concurrent Preclean
[2026-06-17T09:54:03.714+0800][19.962s][info][gc             ] GC(517) Concurrent Preclean 0.339ms
[2026-06-17T09:54:03.714+0800][19.962s][info][gc,cpu         ] GC(517) User=0.00s Sys=0.00s Real=0.00s
[2026-06-17T09:54:03.714+0800][19.962s][info][gc,start       ] GC(517) Pause Remark
[2026-06-17T09:54:03.715+0800][19.963s][info][gc             ] GC(517) Pause Remark 33M->33M(61M) 0.842ms
[2026-06-17T09:54:03.715+0800][19.964s][info][gc,cpu         ] GC(517) User=0.01s Sys=0.00s Real=0.00s
[2026-06-17T09:54:03.716+0800][19.964s][info][gc             ] GC(517) Concurrent Sweep
[2026-06-17T09:54:03.716+0800][19.964s][info][gc             ] GC(517) Concurrent Sweep 0.463ms
[2026-06-17T09:54:03.716+0800][19.965s][info][gc,cpu         ] GC(517) User=0.00s Sys=0.00s Real=0.00s
[2026-06-17T09:54:03.717+0800][19.965s][info][gc             ] GC(517) Concurrent Reset
[2026-06-17T09:54:03.717+0800][19.965s][info][gc             ] GC(517) Concurrent Reset 0.249ms
[2026-06-17T09:54:03.717+0800][19.965s][info][gc,cpu         ] GC(517) User=0.00s Sys=0.00s Real=0.00s
[2026-06-17T09:54:03.717+0800][19.966s][info][gc,heap        ] GC(517) Old: 31949K->20550K(43712K)
[2026-06-17T09:54:03.752+0800][20.000s][info][gc,start       ] GC(518) Pause Young (Allocation Failure)
[2026-06-17T09:54:03.753+0800][20.001s][info][gc,task        ] GC(518) Using 2 workers of 18 for evacuation
[2026-06-17T09:54:03.755+0800][20.003s][info][gc,heap        ] GC(518) ParNew: 19592K->2170K(19648K)
[2026-06-17T09:54:03.756+0800][20.004s][info][gc,heap        ] GC(518) CMS: 20550K->25679K(43712K)
[2026-06-17T09:54:03.756+0800][20.005s][info][gc,metaspace   ] GC(518) Metaspace: 3160K(4864K)->3160K(4864K) NonClass: 2854K(4352K)->2854K(4352K) Class: 305K(512K)->305K(512K)
[2026-06-17T09:54:03.757+0800][20.005s][info][gc             ] GC(518) Pause Young (Allocation Failure) 39M->27M(61M) 4.679ms
[2026-06-17T09:54:03.758+0800][20.006s][info][gc,cpu         ] GC(518) User=0.00s Sys=0.00s Real=0.00s
[2026-06-17T09:54:03.803+0800][20.051s][info][gc,start       ] GC(519) Pause Young (Allocation Failure)
[2026-06-17T09:54:03.804+0800][20.052s][info][gc,task        ] GC(519) Using 2 workers of 18 for evacuation
[2026-06-17T09:54:03.807+0800][20.055s][info][gc,heap        ] GC(519) ParNew: 19543K->2142K(19648K)
[2026-06-17T09:54:03.808+0800][20.056s][info][gc,heap        ] GC(519) CMS: 25679K->28440K(43712K)
[2026-06-17T09:54:03.810+0800][20.058s][info][gc,metaspace   ] GC(519) Metaspace: 3160K(4864K)->3160K(4864K) NonClass: 2854K(4352K)->2854K(4352K) Class: 305K(512K)->305K(512K)
[2026-06-17T09:54:03.812+0800][20.060s][info][gc             ] GC(519) Pause Young (Allocation Failure) 44M->29M(61M) 8.499ms
[2026-06-17T09:54:03.815+0800][20.063s][info][gc,cpu         ] GC(519) User=0.01s Sys=0.00s Real=0.01s
[2026-06-17T09:54:03.878+0800][20.126s][info][gc,start       ] GC(520) Pause Young (Allocation Failure)
[2026-06-17T09:54:03.879+0800][20.127s][info][gc,task        ] GC(520) Using 2 workers of 18 for evacuation
[2026-06-17T09:54:03.881+0800][20.129s][info][gc,heap        ] GC(520) ParNew: 19613K->2098K(19648K)
[2026-06-17T09:54:03.881+0800][20.129s][info][gc,heap        ] GC(520) CMS: 28440K->32212K(43712K)
[2026-06-17T09:54:03.882+0800][20.130s][info][gc,metaspace   ] GC(520) Metaspace: 3160K(4864K)->3160K(4864K) NonClass: 2854K(4352K)->2854K(4352K) Class: 305K(512K)->305K(512K)
[2026-06-17T09:54:03.883+0800][20.131s][info][gc             ] GC(520) Pause Young (Allocation Failure) 46M->33M(61M) 4.685ms
[2026-06-17T09:54:03.883+0800][20.131s][info][gc,cpu         ] GC(520) User=0.00s Sys=0.01s Real=0.01s
[2026-06-17T09:54:03.929+0800][20.177s][info][gc,start       ] GC(521) Pause Young (Allocation Failure)
[2026-06-17T09:54:03.930+0800][20.178s][info][gc,task        ] GC(521) Using 2 workers of 18 for evacuation
[2026-06-17T09:54:03.932+0800][20.180s][info][gc,heap        ] GC(521) ParNew: 19556K->2175K(19648K)
[2026-06-17T09:54:03.933+0800][20.181s][info][gc,heap        ] GC(521) CMS: 32212K->35951K(43712K)
[2026-06-17T09:54:03.934+0800][20.182s][info][gc,metaspace   ] GC(521) Metaspace: 3160K(4864K)->3160K(4864K) NonClass: 2854K(4352K)->2854K(4352K) Class: 305K(512K)->305K(512K)
[2026-06-17T09:54:03.934+0800][20.182s][info][gc             ] GC(521) Pause Young (Allocation Failure) 50M->37M(61M) 5.504ms
[2026-06-17T09:54:03.935+0800][20.183s][info][gc,cpu         ] GC(521) User=0.00s Sys=0.00s Real=0.01s
[2026-06-17T09:54:03.936+0800][20.184s][info][gc,start       ] GC(522) Pause Initial Mark
[2026-06-17T09:54:03.937+0800][20.185s][info][gc             ] GC(522) Pause Initial Mark 39M->39M(61M) 0.877ms
[2026-06-17T09:54:03.938+0800][20.186s][info][gc,cpu         ] GC(522) User=0.00s Sys=0.00s Real=0.00s
[2026-06-17T09:54:03.938+0800][20.187s][info][gc             ] GC(522) Concurrent Mark
[2026-06-17T09:54:03.939+0800][20.187s][info][gc,task        ] GC(522) Using 2 workers of 5 for marking
[2026-06-17T09:54:03.941+0800][20.189s][info][gc             ] GC(522) Concurrent Mark 2.383ms
[2026-06-17T09:54:03.941+0800][20.189s][info][gc,cpu         ] GC(522) User=0.00s Sys=0.00s Real=0.00s
[2026-06-17T09:54:03.942+0800][20.190s][info][gc             ] GC(522) Concurrent Preclean
[2026-06-17T09:54:03.942+0800][20.190s][info][gc             ] GC(522) Concurrent Preclean 0.491ms
[2026-06-17T09:54:03.943+0800][20.191s][info][gc,cpu         ] GC(522) User=0.00s Sys=0.00s Real=0.01s
[2026-06-17T09:54:03.943+0800][20.191s][info][gc             ] GC(522) Concurrent Abortable Preclean
[2026-06-17T09:54:03.980+0800][20.228s][info][gc,start       ] GC(523) Pause Young (Allocation Failure)
[2026-06-17T09:54:03.981+0800][20.229s][info][gc,task        ] GC(523) Using 2 workers of 18 for evacuation
[2026-06-17T09:54:03.982+0800][20.230s][info][gc,heap        ] GC(523) ParNew: 19639K->2168K(19648K)
[2026-06-17T09:54:03.982+0800][20.230s][info][gc,heap        ] GC(523) CMS: 35951K->41787K(43712K)
[2026-06-17T09:54:03.982+0800][20.230s][info][gc,metaspace   ] GC(523) Metaspace: 3160K(4864K)->3160K(4864K) NonClass: 2854K(4352K)->2854K(4352K) Class: 305K(512K)->305K(512K)
[2026-06-17T09:54:03.983+0800][20.231s][info][gc             ] GC(523) Pause Young (Allocation Failure) 54M->42M(61M) 2.463ms
[2026-06-17T09:54:03.983+0800][20.231s][info][gc,cpu         ] GC(523) User=0.01s Sys=0.00s Real=0.01s
[2026-06-17T09:54:03.983+0800][20.231s][info][gc             ] GC(522) Concurrent Abortable Preclean 40.252ms
[2026-06-17T09:54:03.983+0800][20.231s][info][gc,cpu         ] GC(522) User=0.01s Sys=0.00s Real=0.04s
[2026-06-17T09:54:03.983+0800][20.232s][info][gc,start       ] GC(522) Pause Remark
[2026-06-17T09:54:03.984+0800][20.232s][info][gc             ] GC(522) Pause Remark 45M->45M(61M) 0.608ms
[2026-06-17T09:54:03.984+0800][20.232s][info][gc,cpu         ] GC(522) User=0.00s Sys=0.00s Real=0.00s
[2026-06-17T09:54:03.984+0800][20.233s][info][gc             ] GC(522) Concurrent Sweep
[2026-06-17T09:54:03.985+0800][20.233s][info][gc             ] GC(522) Concurrent Sweep 0.375ms
[2026-06-17T09:54:03.985+0800][20.233s][info][gc,cpu         ] GC(522) User=0.00s Sys=0.00s Real=0.00s
[2026-06-17T09:54:03.985+0800][20.233s][info][gc             ] GC(522) Concurrent Reset
[2026-06-17T09:54:03.985+0800][20.234s][info][gc             ] GC(522) Concurrent Reset 0.189ms
[2026-06-17T09:54:03.986+0800][20.234s][info][gc,cpu         ] GC(522) User=0.00s Sys=0.00s Real=0.00s
[2026-06-17T09:54:03.986+0800][20.234s][info][gc,heap        ] GC(522) Old: 35951K->27602K(43712K)
[2026-06-17T09:54:04.026+0800][20.274s][info][gc,start       ] GC(524) Pause Young (Allocation Failure)
[2026-06-17T09:54:04.027+0800][20.275s][info][gc,task        ] GC(524) Using 2 workers of 18 for evacuation
[2026-06-17T09:54:04.029+0800][20.278s][info][gc,heap        ] GC(524) ParNew: 19640K->2172K(19648K)
[2026-06-17T09:54:04.030+0800][20.278s][info][gc,heap        ] GC(524) CMS: 27602K->31789K(43712K)
[2026-06-17T09:54:04.031+0800][20.279s][info][gc,metaspace   ] GC(524) Metaspace: 3160K(4864K)->3160K(4864K) NonClass: 2854K(4352K)->2854K(4352K) Class: 305K(512K)->305K(512K)
[2026-06-17T09:54:04.032+0800][20.280s][info][gc             ] GC(524) Pause Young (Allocation Failure) 46M->33M(61M) 5.307ms
[2026-06-17T09:54:04.032+0800][20.280s][info][gc,cpu         ] GC(524) User=0.00s Sys=0.00s Real=0.01s
[2026-06-17T09:54:04.033+0800][20.281s][info][gc,start       ] GC(525) Pause Initial Mark
[2026-06-17T09:54:04.034+0800][20.282s][info][gc             ] GC(525) Pause Initial Mark 34M->34M(61M) 0.833ms
[2026-06-17T09:54:04.035+0800][20.283s][info][gc,cpu         ] GC(525) User=0.00s Sys=0.00s Real=0.00s
[2026-06-17T09:54:04.035+0800][20.283s][info][gc             ] GC(525) Concurrent Mark
[2026-06-17T09:54:04.036+0800][20.284s][info][gc,task        ] GC(525) Using 2 workers of 5 for marking
[2026-06-17T09:54:04.037+0800][20.285s][info][gc             ] GC(525) Concurrent Mark 1.991ms
[2026-06-17T09:54:04.038+0800][20.286s][info][gc,cpu         ] GC(525) User=0.01s Sys=0.00s Real=0.00s
[2026-06-17T09:54:04.038+0800][20.286s][info][gc             ] GC(525) Concurrent Preclean
[2026-06-17T09:54:04.039+0800][20.287s][info][gc             ] GC(525) Concurrent Preclean 0.481ms
[2026-06-17T09:54:04.039+0800][20.287s][info][gc,cpu         ] GC(525) User=0.00s Sys=0.00s Real=0.00s
[2026-06-17T09:54:04.039+0800][20.288s][info][gc,start       ] GC(525) Pause Remark
[2026-06-17T09:54:04.040+0800][20.288s][info][gc             ] GC(525) Pause Remark 35M->35M(61M) 0.900ms
[2026-06-17T09:54:04.041+0800][20.289s][info][gc,cpu         ] GC(525) User=0.00s Sys=0.00s Real=0.00s
[2026-06-17T09:54:04.041+0800][20.289s][info][gc             ] GC(525) Concurrent Sweep
[2026-06-17T09:54:04.041+0800][20.289s][info][gc             ] GC(525) Concurrent Sweep 0.437ms
[2026-06-17T09:54:04.041+0800][20.290s][info][gc,cpu         ] GC(525) User=0.00s Sys=0.00s Real=0.00s
[2026-06-17T09:54:04.042+0800][20.290s][info][gc             ] GC(525) Concurrent Reset
[2026-06-17T09:54:04.042+0800][20.290s][info][gc             ] GC(525) Concurrent Reset 0.193ms
[2026-06-17T09:54:04.042+0800][20.290s][info][gc,cpu         ] GC(525) User=0.00s Sys=0.00s Real=0.00s
[2026-06-17T09:54:04.042+0800][20.290s][info][gc,heap        ] GC(525) Old: 31789K->28389K(43712K)
[2026-06-17T09:54:04.077+0800][20.325s][info][gc,start       ] GC(526) Pause Young (Allocation Failure)
[2026-06-17T09:54:04.078+0800][20.326s][info][gc,task        ] GC(526) Using 2 workers of 18 for evacuation
[2026-06-17T09:54:04.079+0800][20.327s][info][gc,heap        ] GC(526) ParNew: 19644K->2173K(19648K)
[2026-06-17T09:54:04.079+0800][20.327s][info][gc,heap        ] GC(526) CMS: 28389K->32572K(43712K)
[2026-06-17T09:54:04.079+0800][20.327s][info][gc,metaspace   ] GC(526) Metaspace: 3160K(4864K)->3160K(4864K) NonClass: 2854K(4352K)->2854K(4352K) Class: 305K(512K)->305K(512K)
[2026-06-17T09:54:04.080+0800][20.328s][info][gc             ] GC(526) Pause Young (Allocation Failure) 46M->33M(61M) 2.337ms
[2026-06-17T09:54:04.080+0800][20.328s][info][gc,cpu         ] GC(526) User=0.00s Sys=0.00s Real=0.00s
[2026-06-17T09:54:04.081+0800][20.329s][info][gc,start       ] GC(527) Pause Initial Mark
[2026-06-17T09:54:04.081+0800][20.329s][info][gc             ] GC(527) Pause Initial Mark 34M->34M(61M) 0.300ms
[2026-06-17T09:54:04.081+0800][20.330s][info][gc,cpu         ] GC(527) User=0.00s Sys=0.00s Real=0.00s
[2026-06-17T09:54:04.082+0800][20.330s][info][gc             ] GC(527) Concurrent Mark
[2026-06-17T09:54:04.082+0800][20.330s][info][gc,task        ] GC(527) Using 2 workers of 5 for marking
[2026-06-17T09:54:04.082+0800][20.331s][info][gc             ] GC(527) Concurrent Mark 0.814ms
[2026-06-17T09:54:04.083+0800][20.331s][info][gc,cpu         ] GC(527) User=0.00s Sys=0.00s Real=0.01s
[2026-06-17T09:54:04.083+0800][20.331s][info][gc             ] GC(527) Concurrent Preclean
[2026-06-17T09:54:04.083+0800][20.331s][info][gc             ] GC(527) Concurrent Preclean 0.186ms
[2026-06-17T09:54:04.083+0800][20.332s][info][gc,cpu         ] GC(527) User=0.00s Sys=0.00s Real=0.00s
[2026-06-17T09:54:04.084+0800][20.332s][info][gc,start       ] GC(527) Pause Remark
[2026-06-17T09:54:04.084+0800][20.332s][info][gc             ] GC(527) Pause Remark 35M->35M(61M) 0.462ms
[2026-06-17T09:54:04.084+0800][20.332s][info][gc,cpu         ] GC(527) User=0.00s Sys=0.00s Real=0.00s
[2026-06-17T09:54:04.084+0800][20.333s][info][gc             ] GC(527) Concurrent Sweep
[2026-06-17T09:54:04.085+0800][20.333s][info][gc             ] GC(527) Concurrent Sweep 0.291ms
[2026-06-17T09:54:04.085+0800][20.333s][info][gc,cpu         ] GC(527) User=0.00s Sys=0.00s Real=0.00s
[2026-06-17T09:54:04.085+0800][20.333s][info][gc             ] GC(527) Concurrent Reset
[2026-06-17T09:54:04.085+0800][20.333s][info][gc             ] GC(527) Concurrent Reset 0.125ms
[2026-06-17T09:54:04.085+0800][20.333s][info][gc,cpu         ] GC(527) User=0.00s Sys=0.00s Real=0.00s
[2026-06-17T09:54:04.085+0800][20.333s][info][gc,heap        ] GC(527) Old: 32572K->22691K(43712K)
[2026-06-17T09:54:04.123+0800][20.372s][info][gc,start       ] GC(528) Pause Young (Allocation Failure)
[2026-06-17T09:54:04.126+0800][20.374s][info][gc,task        ] GC(528) Using 2 workers of 18 for evacuation
[2026-06-17T09:54:04.128+0800][20.376s][info][gc,heap        ] GC(528) ParNew: 19642K->2173K(19648K)
[2026-06-17T09:54:04.129+0800][20.377s][info][gc,heap        ] GC(528) CMS: 22691K->28148K(43712K)
[2026-06-17T09:54:04.131+0800][20.379s][info][gc,metaspace   ] GC(528) Metaspace: 3160K(4864K)->3160K(4864K) NonClass: 2854K(4352K)->2854K(4352K) Class: 305K(512K)->305K(512K)
[2026-06-17T09:54:04.132+0800][20.380s][info][gc             ] GC(528) Pause Young (Allocation Failure) 41M->29M(61M) 8.181ms
[2026-06-17T09:54:04.132+0800][20.380s][info][gc,cpu         ] GC(528) User=0.00s Sys=0.00s Real=0.01s
[2026-06-17T09:54:04.174+0800][20.422s][info][gc,start       ] GC(529) Pause Young (Allocation Failure)
[2026-06-17T09:54:04.175+0800][20.423s][info][gc,task        ] GC(529) Using 2 workers of 18 for evacuation
[2026-06-17T09:54:04.176+0800][20.425s][info][gc,heap        ] GC(529) ParNew: 19630K->2172K(19648K)
[2026-06-17T09:54:04.179+0800][20.427s][info][gc,heap        ] GC(529) CMS: 28148K->33775K(43712K)
[2026-06-17T09:54:04.181+0800][20.429s][info][gc,metaspace   ] GC(529) Metaspace: 3160K(4864K)->3160K(4864K) NonClass: 2854K(4352K)->2854K(4352K) Class: 305K(512K)->305K(512K)
[2026-06-17T09:54:04.182+0800][20.430s][info][gc             ] GC(529) Pause Young (Allocation Failure) 46M->35M(61M) 7.570ms
[2026-06-17T09:54:04.184+0800][20.432s][info][gc,cpu         ] GC(529) User=0.00s Sys=0.00s Real=0.01s
[2026-06-17T09:54:04.184+0800][20.433s][info][gc,start       ] GC(530) Pause Initial Mark
[2026-06-17T09:54:04.185+0800][20.433s][info][gc             ] GC(530) Pause Initial Mark 35M->35M(61M) 0.596ms
[2026-06-17T09:54:04.186+0800][20.434s][info][gc,cpu         ] GC(530) User=0.00s Sys=0.00s Real=0.00s
[2026-06-17T09:54:04.186+0800][20.434s][info][gc             ] GC(530) Concurrent Mark
[2026-06-17T09:54:04.187+0800][20.435s][info][gc,task        ] GC(530) Using 2 workers of 5 for marking
[2026-06-17T09:54:04.188+0800][20.436s][info][gc             ] GC(530) Concurrent Mark 1.579ms
[2026-06-17T09:54:04.189+0800][20.437s][info][gc,cpu         ] GC(530) User=0.00s Sys=0.00s Real=0.00s
[2026-06-17T09:54:04.189+0800][20.437s][info][gc             ] GC(530) Concurrent Preclean
[2026-06-17T09:54:04.190+0800][20.438s][info][gc             ] GC(530) Concurrent Preclean 0.914ms
[2026-06-17T09:54:04.192+0800][20.440s][info][gc,cpu         ] GC(530) User=0.00s Sys=0.00s Real=0.01s
[2026-06-17T09:54:04.193+0800][20.441s][info][gc,start       ] GC(530) Pause Remark
[2026-06-17T09:54:04.195+0800][20.443s][info][gc             ] GC(530) Pause Remark 35M->35M(61M) 1.981ms
[2026-06-17T09:54:04.198+0800][20.446s][info][gc,cpu         ] GC(530) User=0.00s Sys=0.00s Real=0.00s
[2026-06-17T09:54:04.199+0800][20.447s][info][gc             ] GC(530) Concurrent Sweep
[2026-06-17T09:54:04.202+0800][20.450s][info][gc             ] GC(530) Concurrent Sweep 2.478ms
[2026-06-17T09:54:04.203+0800][20.451s][info][gc,cpu         ] GC(530) User=0.00s Sys=0.00s Real=0.01s
[2026-06-17T09:54:04.205+0800][20.453s][info][gc             ] GC(530) Concurrent Reset
[2026-06-17T09:54:04.208+0800][20.457s][info][gc             ] GC(530) Concurrent Reset 3.676ms
[2026-06-17T09:54:04.211+0800][20.459s][info][gc,cpu         ] GC(530) User=0.00s Sys=0.00s Real=0.01s
[2026-06-17T09:54:04.211+0800][20.460s][info][gc,heap        ] GC(530) Old: 33775K->29620K(43712K)
[2026-06-17T09:54:04.231+0800][20.479s][info][gc,start       ] GC(531) Pause Young (Allocation Failure)
[2026-06-17T09:54:04.231+0800][20.480s][info][gc,task        ] GC(531) Using 2 workers of 18 for evacuation
[2026-06-17T09:54:04.232+0800][20.480s][info][gc,heap        ] GC(531) ParNew: 19421K->2152K(19648K)
[2026-06-17T09:54:04.232+0800][20.481s][info][gc,heap        ] GC(531) CMS: 29620K->32317K(43712K)
[2026-06-17T09:54:04.233+0800][20.481s][info][gc,metaspace   ] GC(531) Metaspace: 3160K(4864K)->3160K(4864K) NonClass: 2854K(4352K)->2854K(4352K) Class: 305K(512K)->305K(512K)
[2026-06-17T09:54:04.233+0800][20.481s][info][gc             ] GC(531) Pause Young (Allocation Failure) 47M->33M(61M) 1.613ms
[2026-06-17T09:54:04.233+0800][20.481s][info][gc,cpu         ] GC(531) User=0.00s Sys=0.00s Real=0.00s
[2026-06-17T09:54:04.233+0800][20.481s][info][gc,start       ] GC(532) Pause Initial Mark
[2026-06-17T09:54:04.233+0800][20.482s][info][gc             ] GC(532) Pause Initial Mark 34M->34M(61M) 0.214ms
[2026-06-17T09:54:04.233+0800][20.482s][info][gc,cpu         ] GC(532) User=0.00s Sys=0.00s Real=0.00s
[2026-06-17T09:54:04.234+0800][20.482s][info][gc             ] GC(532) Concurrent Mark
[2026-06-17T09:54:04.234+0800][20.482s][info][gc,task        ] GC(532) Using 2 workers of 5 for marking
[2026-06-17T09:54:04.234+0800][20.483s][info][gc             ] GC(532) Concurrent Mark 0.749ms
[2026-06-17T09:54:04.235+0800][20.483s][info][gc,cpu         ] GC(532) User=0.00s Sys=0.00s Real=0.00s
[2026-06-17T09:54:04.235+0800][20.483s][info][gc             ] GC(532) Concurrent Preclean
[2026-06-17T09:54:04.235+0800][20.483s][info][gc             ] GC(532) Concurrent Preclean 0.131ms
[2026-06-17T09:54:04.235+0800][20.483s][info][gc,cpu         ] GC(532) User=0.00s Sys=0.00s Real=0.00s
[2026-06-17T09:54:04.235+0800][20.483s][info][gc,start       ] GC(532) Pause Remark
[2026-06-17T09:54:04.235+0800][20.484s][info][gc             ] GC(532) Pause Remark 35M->35M(61M) 0.377ms
[2026-06-17T09:54:04.236+0800][20.484s][info][gc,cpu         ] GC(532) User=0.00s Sys=0.00s Real=0.00s
[2026-06-17T09:54:04.236+0800][20.485s][info][gc             ] GC(532) Concurrent Sweep
[2026-06-17T09:54:04.237+0800][20.485s][info][gc             ] GC(532) Concurrent Sweep 0.259ms
[2026-06-17T09:54:04.237+0800][20.485s][info][gc,cpu         ] GC(532) User=0.00s Sys=0.00s Real=0.00s
[2026-06-17T09:54:04.237+0800][20.485s][info][gc             ] GC(532) Concurrent Reset
[2026-06-17T09:54:04.237+0800][20.485s][info][gc             ] GC(532) Concurrent Reset 0.121ms
[2026-06-17T09:54:04.237+0800][20.485s][info][gc,cpu         ] GC(532) User=0.00s Sys=0.00s Real=0.00s
[2026-06-17T09:54:04.237+0800][20.485s][info][gc,heap        ] GC(532) Old: 32317K->29179K(43712K)
[2026-06-17T09:54:04.275+0800][20.524s][info][gc,start       ] GC(533) Pause Young (Allocation Failure)
[2026-06-17T09:54:04.276+0800][20.524s][info][gc,task        ] GC(533) Using 2 workers of 18 for evacuation
[2026-06-17T09:54:04.277+0800][20.526s][info][gc,heap        ] GC(533) ParNew: 19574K->2175K(19648K)
[2026-06-17T09:54:04.278+0800][20.526s][info][gc,heap        ] GC(533) CMS: 29179K->35907K(43712K)
[2026-06-17T09:54:04.278+0800][20.526s][info][gc,metaspace   ] GC(533) Metaspace: 3160K(4864K)->3160K(4864K) NonClass: 2854K(4352K)->2854K(4352K) Class: 305K(512K)->305K(512K)
[2026-06-17T09:54:04.279+0800][20.527s][info][gc             ] GC(533) Pause Young (Allocation Failure) 47M->37M(61M) 3.137ms
[2026-06-17T09:54:04.279+0800][20.527s][info][gc,cpu         ] GC(533) User=0.00s Sys=0.00s Real=0.00s
[2026-06-17T09:54:04.280+0800][20.528s][info][gc,start       ] GC(534) Pause Initial Mark
[2026-06-17T09:54:04.280+0800][20.528s][info][gc             ] GC(534) Pause Initial Mark 38M->38M(61M) 0.326ms
[2026-06-17T09:54:04.280+0800][20.529s][info][gc,cpu         ] GC(534) User=0.00s Sys=0.00s Real=0.00s
[2026-06-17T09:54:04.281+0800][20.529s][info][gc             ] GC(534) Concurrent Mark
[2026-06-17T09:54:04.281+0800][20.529s][info][gc,task        ] GC(534) Using 2 workers of 5 for marking
[2026-06-17T09:54:04.282+0800][20.530s][info][gc             ] GC(534) Concurrent Mark 1.255ms
[2026-06-17T09:54:04.283+0800][20.531s][info][gc,cpu         ] GC(534) User=0.01s Sys=0.00s Real=0.01s
[2026-06-17T09:54:04.283+0800][20.531s][info][gc             ] GC(534) Concurrent Preclean
[2026-06-17T09:54:04.283+0800][20.531s][info][gc             ] GC(534) Concurrent Preclean 0.389ms
[2026-06-17T09:54:04.284+0800][20.532s][info][gc,cpu         ] GC(534) User=0.00s Sys=0.00s Real=0.00s
[2026-06-17T09:54:04.284+0800][20.532s][info][gc,start       ] GC(534) Pause Remark
[2026-06-17T09:54:04.285+0800][20.533s][info][gc             ] GC(534) Pause Remark 38M->38M(61M) 0.653ms
[2026-06-17T09:54:04.285+0800][20.533s][info][gc,cpu         ] GC(534) User=0.00s Sys=0.00s Real=0.00s
[2026-06-17T09:54:04.285+0800][20.534s][info][gc             ] GC(534) Concurrent Sweep
[2026-06-17T09:54:04.286+0800][20.534s][info][gc             ] GC(534) Concurrent Sweep 0.488ms
[2026-06-17T09:54:04.286+0800][20.535s][info][gc,cpu         ] GC(534) User=0.00s Sys=0.00s Real=0.00s
[2026-06-17T09:54:04.287+0800][20.535s][info][gc             ] GC(534) Concurrent Reset
[2026-06-17T09:54:04.287+0800][20.535s][info][gc             ] GC(534) Concurrent Reset 0.342ms
[2026-06-17T09:54:04.287+0800][20.536s][info][gc,cpu         ] GC(534) User=0.00s Sys=0.00s Real=0.00s
[2026-06-17T09:54:04.288+0800][20.536s][info][gc,heap        ] GC(534) Old: 35907K->25534K(43712K)
[2026-06-17T09:54:04.333+0800][20.581s][info][gc,start       ] GC(535) Pause Young (Allocation Failure)
[2026-06-17T09:54:04.334+0800][20.582s][info][gc,task        ] GC(535) Using 2 workers of 18 for evacuation
[2026-06-17T09:54:04.335+0800][20.583s][info][gc,heap        ] GC(535) ParNew: 19647K->2168K(19648K)
[2026-06-17T09:54:04.335+0800][20.583s][info][gc,heap        ] GC(535) CMS: 25534K->27908K(43712K)
[2026-06-17T09:54:04.336+0800][20.584s][info][gc,metaspace   ] GC(535) Metaspace: 3160K(4864K)->3160K(4864K) NonClass: 2854K(4352K)->2854K(4352K) Class: 305K(512K)->305K(512K)
[2026-06-17T09:54:04.336+0800][20.584s][info][gc             ] GC(535) Pause Young (Allocation Failure) 44M->29M(61M) 3.012ms
[2026-06-17T09:54:04.336+0800][20.585s][info][gc,cpu         ] GC(535) User=0.00s Sys=0.00s Real=0.00s
[2026-06-17T09:54:04.369+0800][20.617s][info][gc,start       ] GC(536) Pause Young (Allocation Failure)
[2026-06-17T09:54:04.383+0800][20.632s][info][gc,task        ] GC(536) Using 2 workers of 18 for evacuation
[2026-06-17T09:54:04.385+0800][20.633s][info][gc,heap        ] GC(536) ParNew: 19445K->2119K(19648K)
[2026-06-17T09:54:04.385+0800][20.633s][info][gc,heap        ] GC(536) CMS: 27908K->31489K(43712K)
[2026-06-17T09:54:04.386+0800][20.634s][info][gc,metaspace   ] GC(536) Metaspace: 3160K(4864K)->3160K(4864K) NonClass: 2854K(4352K)->2854K(4352K) Class: 305K(512K)->305K(512K)
[2026-06-17T09:54:04.386+0800][20.634s][info][gc             ] GC(536) Pause Young (Allocation Failure) 46M->32M(61M) 17.190ms
[2026-06-17T09:54:04.386+0800][20.635s][info][gc,cpu         ] GC(536) User=0.00s Sys=0.00s Real=0.02s
[2026-06-17T09:54:04.440+0800][20.688s][info][gc,start       ] GC(537) Pause Young (Allocation Failure)
[2026-06-17T09:54:04.440+0800][20.688s][info][gc,task        ] GC(537) Using 2 workers of 18 for evacuation
[2026-06-17T09:54:04.442+0800][20.690s][info][gc,heap        ] GC(537) ParNew: 19572K->2172K(19648K)
[2026-06-17T09:54:04.443+0800][20.691s][info][gc,heap        ] GC(537) CMS: 31489K->35002K(43712K)
[2026-06-17T09:54:04.443+0800][20.691s][info][gc,metaspace   ] GC(537) Metaspace: 3160K(4864K)->3160K(4864K) NonClass: 2854K(4352K)->2854K(4352K) Class: 305K(512K)->305K(512K)
[2026-06-17T09:54:04.443+0800][20.692s][info][gc             ] GC(537) Pause Young (Allocation Failure) 49M->36M(61M) 3.900ms
[2026-06-17T09:54:04.444+0800][20.692s][info][gc,cpu         ] GC(537) User=0.01s Sys=0.00s Real=0.01s
[2026-06-17T09:54:04.445+0800][20.693s][info][gc,start       ] GC(538) Pause Initial Mark
[2026-06-17T09:54:04.446+0800][20.694s][info][gc             ] GC(538) Pause Initial Mark 37M->37M(61M) 0.733ms
[2026-06-17T09:54:04.446+0800][20.694s][info][gc,cpu         ] GC(538) User=0.00s Sys=0.00s Real=0.00s
[2026-06-17T09:54:04.447+0800][20.695s][info][gc             ] GC(538) Concurrent Mark
[2026-06-17T09:54:04.448+0800][20.696s][info][gc,task        ] GC(538) Using 2 workers of 5 for marking
[2026-06-17T09:54:04.449+0800][20.697s][info][gc             ] GC(538) Concurrent Mark 1.878ms
[2026-06-17T09:54:04.449+0800][20.698s][info][gc,cpu         ] GC(538) User=0.00s Sys=0.00s Real=0.00s
[2026-06-17T09:54:04.450+0800][20.698s][info][gc             ] GC(538) Concurrent Preclean
[2026-06-17T09:54:04.451+0800][20.699s][info][gc             ] GC(538) Concurrent Preclean 0.492ms
[2026-06-17T09:54:04.451+0800][20.699s][info][gc,cpu         ] GC(538) User=0.00s Sys=0.00s Real=0.01s
[2026-06-17T09:54:04.452+0800][20.700s][info][gc,start       ] GC(538) Pause Remark
[2026-06-17T09:54:04.453+0800][20.701s][info][gc             ] GC(538) Pause Remark 38M->38M(61M) 1.024ms
[2026-06-17T09:54:04.453+0800][20.701s][info][gc,cpu         ] GC(538) User=0.00s Sys=0.00s Real=0.00s
[2026-06-17T09:54:04.454+0800][20.702s][info][gc             ] GC(538) Concurrent Sweep
[2026-06-17T09:54:04.455+0800][20.703s][info][gc             ] GC(538) Concurrent Sweep 0.760ms
[2026-06-17T09:54:04.456+0800][20.704s][info][gc,cpu         ] GC(538) User=0.00s Sys=0.00s Real=0.00s
[2026-06-17T09:54:04.456+0800][20.704s][info][gc             ] GC(538) Concurrent Reset
[2026-06-17T09:54:04.456+0800][20.704s][info][gc             ] GC(538) Concurrent Reset 0.304ms
[2026-06-17T09:54:04.457+0800][20.705s][info][gc,cpu         ] GC(538) User=0.00s Sys=0.00s Real=0.00s
[2026-06-17T09:54:04.457+0800][20.705s][info][gc,heap        ] GC(538) Old: 35002K->32864K(43712K)
[2026-06-17T09:54:04.489+0800][20.737s][info][gc,start       ] GC(539) Pause Young (Allocation Failure)
[2026-06-17T09:54:04.490+0800][20.738s][info][gc,task        ] GC(539) Using 2 workers of 18 for evacuation
[2026-06-17T09:54:04.491+0800][20.739s][info][gc,heap        ] GC(539) ParNew: 19637K->2170K(19648K)
[2026-06-17T09:54:04.492+0800][20.740s][info][gc,heap        ] GC(539) CMS: 32864K->36813K(43712K)
[2026-06-17T09:54:04.492+0800][20.740s][info][gc,metaspace   ] GC(539) Metaspace: 3160K(4864K)->3160K(4864K) NonClass: 2854K(4352K)->2854K(4352K) Class: 305K(512K)->305K(512K)
[2026-06-17T09:54:04.493+0800][20.741s][info][gc             ] GC(539) Pause Young (Allocation Failure) 51M->38M(61M) 3.895ms
[2026-06-17T09:54:04.493+0800][20.741s][info][gc,cpu         ] GC(539) User=0.00s Sys=0.00s Real=0.01s
[2026-06-17T09:54:04.494+0800][20.742s][info][gc,start       ] GC(540) Pause Initial Mark
[2026-06-17T09:54:04.495+0800][20.743s][info][gc             ] GC(540) Pause Initial Mark 39M->39M(61M) 0.852ms
[2026-06-17T09:54:04.495+0800][20.743s][info][gc,cpu         ] GC(540) User=0.00s Sys=0.00s Real=0.00s
[2026-06-17T09:54:04.496+0800][20.744s][info][gc             ] GC(540) Concurrent Mark
[2026-06-17T09:54:04.496+0800][20.745s][info][gc,task        ] GC(540) Using 2 workers of 5 for marking
[2026-06-17T09:54:04.498+0800][20.746s][info][gc             ] GC(540) Concurrent Mark 1.633ms
[2026-06-17T09:54:04.498+0800][20.746s][info][gc,cpu         ] GC(540) User=0.00s Sys=0.00s Real=0.00s
[2026-06-17T09:54:04.499+0800][20.747s][info][gc             ] GC(540) Concurrent Preclean
[2026-06-17T09:54:04.499+0800][20.747s][info][gc             ] GC(540) Concurrent Preclean 0.427ms
[2026-06-17T09:54:04.499+0800][20.748s][info][gc,cpu         ] GC(540) User=0.00s Sys=0.00s Real=0.00s
[2026-06-17T09:54:04.500+0800][20.748s][info][gc             ] GC(540) Concurrent Abortable Preclean
[2026-06-17T09:54:04.538+0800][20.786s][info][gc,start       ] GC(541) Pause Young (Allocation Failure)
[2026-06-17T09:54:04.538+0800][20.786s][info][gc,task        ] GC(541) Using 2 workers of 18 for evacuation
[2026-06-17T09:54:04.540+0800][20.788s][info][gc,heap        ] GC(541) ParNew: 19642K->2171K(19648K)
[2026-06-17T09:54:04.540+0800][20.788s][info][gc,heap        ] GC(541) CMS: 36813K->42373K(43712K)
[2026-06-17T09:54:04.540+0800][20.788s][info][gc,metaspace   ] GC(541) Metaspace: 3160K(4864K)->3160K(4864K) NonClass: 2854K(4352K)->2854K(4352K) Class: 305K(512K)->305K(512K)
[2026-06-17T09:54:04.541+0800][20.789s][info][gc             ] GC(541) Pause Young (Allocation Failure) 55M->43M(61M) 2.814ms
[2026-06-17T09:54:04.541+0800][20.789s][info][gc,cpu         ] GC(541) User=0.01s Sys=0.00s Real=0.00s
[2026-06-17T09:54:04.542+0800][20.790s][info][gc             ] GC(540) Concurrent Abortable Preclean 41.690ms
[2026-06-17T09:54:04.542+0800][20.790s][info][gc,cpu         ] GC(540) User=0.01s Sys=0.00s Real=0.04s
[2026-06-17T09:54:04.543+0800][20.791s][info][gc,start       ] GC(540) Pause Remark
[2026-06-17T09:54:04.544+0800][20.792s][info][gc             ] GC(540) Pause Remark 43M->43M(61M) 0.999ms
[2026-06-17T09:54:04.544+0800][20.792s][info][gc,cpu         ] GC(540) User=0.00s Sys=0.00s Real=0.00s
[2026-06-17T09:54:04.544+0800][20.793s][info][gc             ] GC(540) Concurrent Sweep
[2026-06-17T09:54:04.545+0800][20.793s][info][gc             ] GC(540) Concurrent Sweep 0.606ms
[2026-06-17T09:54:04.546+0800][20.794s][info][gc,cpu         ] GC(540) User=0.00s Sys=0.00s Real=0.00s
[2026-06-17T09:54:04.546+0800][20.794s][info][gc             ] GC(540) Concurrent Reset
[2026-06-17T09:54:04.546+0800][20.795s][info][gc             ] GC(540) Concurrent Reset 0.445ms
[2026-06-17T09:54:04.547+0800][20.795s][info][gc,cpu         ] GC(540) User=0.00s Sys=0.00s Real=0.00s
[2026-06-17T09:54:04.547+0800][20.795s][info][gc,heap        ] GC(540) Old: 36813K->32115K(43712K)
[2026-06-17T09:54:04.594+0800][20.842s][info][gc,start       ] GC(542) Pause Young (Allocation Failure)
[2026-06-17T09:54:04.594+0800][20.843s][info][gc,task        ] GC(542) Using 2 workers of 18 for evacuation
[2026-06-17T09:54:04.596+0800][20.844s][info][gc,heap        ] GC(542) ParNew: 19631K->2170K(19648K)
[2026-06-17T09:54:04.596+0800][20.844s][info][gc,heap        ] GC(542) CMS: 32115K->34861K(43712K)
[2026-06-17T09:54:04.597+0800][20.845s][info][gc,metaspace   ] GC(542) Metaspace: 3160K(4864K)->3160K(4864K) NonClass: 2854K(4352K)->2854K(4352K) Class: 305K(512K)->305K(512K)
[2026-06-17T09:54:04.597+0800][20.845s][info][gc             ] GC(542) Pause Young (Allocation Failure) 50M->36M(61M) 3.519ms
[2026-06-17T09:54:04.598+0800][20.846s][info][gc,cpu         ] GC(542) User=0.00s Sys=0.00s Real=0.00s
[2026-06-17T09:54:04.598+0800][20.847s][info][gc,start       ] GC(543) Pause Initial Mark
[2026-06-17T09:54:04.599+0800][20.847s][info][gc             ] GC(543) Pause Initial Mark 38M->38M(61M) 0.502ms
[2026-06-17T09:54:04.599+0800][20.848s][info][gc,cpu         ] GC(543) User=0.00s Sys=0.00s Real=0.00s
[2026-06-17T09:54:04.600+0800][20.848s][info][gc             ] GC(543) Concurrent Mark
[2026-06-17T09:54:04.600+0800][20.849s][info][gc,task        ] GC(543) Using 2 workers of 5 for marking
[2026-06-17T09:54:04.601+0800][20.850s][info][gc             ] GC(543) Concurrent Mark 1.563ms
[2026-06-17T09:54:04.602+0800][20.850s][info][gc,cpu         ] GC(543) User=0.00s Sys=0.00s Real=0.00s
[2026-06-17T09:54:04.603+0800][20.851s][info][gc             ] GC(543) Concurrent Preclean
[2026-06-17T09:54:04.603+0800][20.851s][info][gc             ] GC(543) Concurrent Preclean 0.496ms
[2026-06-17T09:54:04.603+0800][20.852s][info][gc,cpu         ] GC(543) User=0.00s Sys=0.00s Real=0.00s
[2026-06-17T09:54:04.604+0800][20.852s][info][gc             ] GC(543) Concurrent Abortable Preclean
[2026-06-17T09:54:04.642+0800][20.890s][info][gc,start       ] GC(544) Pause Young (Allocation Failure)
[2026-06-17T09:54:04.643+0800][20.891s][info][gc,task        ] GC(544) Using 2 workers of 18 for evacuation
[2026-06-17T09:54:04.644+0800][20.892s][info][gc,heap        ] GC(544) ParNew: 19591K->2085K(19648K)
[2026-06-17T09:54:04.644+0800][20.893s][info][gc,heap        ] GC(544) CMS: 34861K->39174K(43712K)
[2026-06-17T09:54:04.647+0800][20.895s][info][gc,metaspace   ] GC(544) Metaspace: 3160K(4864K)->3160K(4864K) NonClass: 2854K(4352K)->2854K(4352K) Class: 305K(512K)->305K(512K)
[2026-06-17T09:54:04.647+0800][20.895s][info][gc             ] GC(544) Pause Young (Allocation Failure) 53M->40M(61M) 5.649ms
[2026-06-17T09:54:04.648+0800][20.896s][info][gc,cpu         ] GC(544) User=0.00s Sys=0.00s Real=0.01s
[2026-06-17T09:54:04.690+0800][20.938s][info][gc,start       ] GC(545) Pause Young (Allocation Failure)
[2026-06-17T09:54:04.691+0800][20.939s][info][gc,task        ] GC(545) Using 2 workers of 18 for evacuation
[2026-06-17T09:54:04.691+0800][20.939s][info][gc,start       ] GC(546) Pause Full (Allocation Failure)
[2026-06-17T09:54:04.692+0800][20.940s][info][gc             ] GC(543) Concurrent Abortable Preclean 87.812ms
[2026-06-17T09:54:04.692+0800][20.940s][info][gc,cpu         ] GC(543) User=0.01s Sys=0.00s Real=0.09s
[2026-06-17T09:54:04.693+0800][20.941s][info][gc,phases,start] GC(546) Phase 1: Mark live objects
[2026-06-17T09:54:04.695+0800][20.943s][info][gc,phases      ] GC(546) Phase 1: Mark live objects 1.910ms
[2026-06-17T09:54:04.695+0800][20.944s][info][gc,phases,start] GC(546) Phase 2: Compute new object addresses
[2026-06-17T09:54:04.696+0800][20.944s][info][gc,phases      ] GC(546) Phase 2: Compute new object addresses 0.455ms
[2026-06-17T09:54:04.696+0800][20.944s][info][gc,phases,start] GC(546) Phase 3: Adjust pointers
[2026-06-17T09:54:04.697+0800][20.945s][info][gc,phases      ] GC(546) Phase 3: Adjust pointers 0.543ms
[2026-06-17T09:54:04.697+0800][20.945s][info][gc,phases,start] GC(546) Phase 4: Move objects
[2026-06-17T09:54:04.700+0800][20.948s][info][gc,phases      ] GC(546) Phase 4: Move objects 2.537ms
[2026-06-17T09:54:04.700+0800][20.948s][info][gc             ] GC(546) Pause Full (Allocation Failure) 57M->23M(61M) 8.769ms
[2026-06-17T09:54:04.700+0800][20.948s][info][gc,heap        ] GC(545) ParNew: 19541K->0K(19648K)
[2026-06-17T09:54:04.701+0800][20.949s][info][gc,heap        ] GC(545) CMS: 39174K->23893K(43712K)
[2026-06-17T09:54:04.701+0800][20.949s][info][gc,metaspace   ] GC(545) Metaspace: 3160K(4864K)->3160K(4864K) NonClass: 2854K(4352K)->2854K(4352K) Class: 305K(512K)->305K(512K)
[2026-06-17T09:54:04.702+0800][20.950s][info][gc             ] GC(545) Pause Young (Allocation Failure) 57M->23M(61M) 11.537ms
[2026-06-17T09:54:04.702+0800][20.950s][info][gc,cpu         ] GC(545) User=0.00s Sys=0.00s Real=0.01s
[2026-06-17T09:54:04.744+0800][20.993s][info][gc,start       ] GC(547) Pause Young (Allocation Failure)
[2026-06-17T09:54:04.745+0800][20.993s][info][gc,task        ] GC(547) Using 2 workers of 18 for evacuation
[2026-06-17T09:54:04.745+0800][20.994s][info][gc,heap        ] GC(547) ParNew: 17187K->2114K(19648K)
[2026-06-17T09:54:04.746+0800][20.994s][info][gc,heap        ] GC(547) CMS: 23893K->25312K(43712K)
[2026-06-17T09:54:04.746+0800][20.994s][info][gc,metaspace   ] GC(547) Metaspace: 3160K(4864K)->3160K(4864K) NonClass: 2854K(4352K)->2854K(4352K) Class: 305K(512K)->305K(512K)
[2026-06-17T09:54:04.746+0800][20.994s][info][gc             ] GC(547) Pause Young (Allocation Failure) 40M->26M(61M) 1.558ms
[2026-06-17T09:54:04.746+0800][20.994s][info][gc,cpu         ] GC(547) User=0.00s Sys=0.00s Real=0.00s
[2026-06-17T09:54:04.788+0800][21.036s][info][gc,start       ] GC(548) Pause Young (Allocation Failure)
[2026-06-17T09:54:04.789+0800][21.037s][info][gc,task        ] GC(548) Using 2 workers of 18 for evacuation
[2026-06-17T09:54:04.790+0800][21.038s][info][gc,heap        ] GC(548) ParNew: 19554K->2175K(19648K)
[2026-06-17T09:54:04.790+0800][21.038s][info][gc,heap        ] GC(548) CMS: 25312K->32300K(43712K)
[2026-06-17T09:54:04.790+0800][21.038s][info][gc,metaspace   ] GC(548) Metaspace: 3160K(4864K)->3160K(4864K) NonClass: 2854K(4352K)->2854K(4352K) Class: 305K(512K)->305K(512K)
[2026-06-17T09:54:04.790+0800][21.038s][info][gc             ] GC(548) Pause Young (Allocation Failure) 43M->33M(61M) 2.020ms
[2026-06-17T09:54:04.791+0800][21.039s][info][gc,cpu         ] GC(548) User=0.01s Sys=0.00s Real=0.01s
[2026-06-17T09:54:04.791+0800][21.039s][info][gc,start       ] GC(549) Pause Initial Mark
[2026-06-17T09:54:04.791+0800][21.039s][info][gc             ] GC(549) Pause Initial Mark 34M->34M(61M) 0.231ms
[2026-06-17T09:54:04.791+0800][21.039s][info][gc,cpu         ] GC(549) User=0.00s Sys=0.00s Real=0.00s
[2026-06-17T09:54:04.791+0800][21.040s][info][gc             ] GC(549) Concurrent Mark
[2026-06-17T09:54:04.792+0800][21.040s][info][gc,task        ] GC(549) Using 2 workers of 5 for marking
[2026-06-17T09:54:04.793+0800][21.041s][info][gc             ] GC(549) Concurrent Mark 1.139ms
[2026-06-17T09:54:04.793+0800][21.041s][info][gc,cpu         ] GC(549) User=0.00s Sys=0.00s Real=0.00s
[2026-06-17T09:54:04.793+0800][21.041s][info][gc             ] GC(549) Concurrent Preclean
[2026-06-17T09:54:04.793+0800][21.041s][info][gc             ] GC(549) Concurrent Preclean 0.206ms
[2026-06-17T09:54:04.793+0800][21.041s][info][gc,cpu         ] GC(549) User=0.00s Sys=0.00s Real=0.00s
[2026-06-17T09:54:04.793+0800][21.042s][info][gc,start       ] GC(549) Pause Remark
[2026-06-17T09:54:04.794+0800][21.042s][info][gc             ] GC(549) Pause Remark 34M->34M(61M) 0.473ms
[2026-06-17T09:54:04.794+0800][21.042s][info][gc,cpu         ] GC(549) User=0.00s Sys=0.00s Real=0.00s
[2026-06-17T09:54:04.794+0800][21.042s][info][gc             ] GC(549) Concurrent Sweep
[2026-06-17T09:54:04.795+0800][21.043s][info][gc             ] GC(549) Concurrent Sweep 0.234ms
[2026-06-17T09:54:04.795+0800][21.043s][info][gc,cpu         ] GC(549) User=0.00s Sys=0.00s Real=0.00s
[2026-06-17T09:54:04.795+0800][21.043s][info][gc             ] GC(549) Concurrent Reset
[2026-06-17T09:54:04.795+0800][21.043s][info][gc             ] GC(549) Concurrent Reset 0.117ms
[2026-06-17T09:54:04.795+0800][21.043s][info][gc,cpu         ] GC(549) User=0.00s Sys=0.00s Real=0.00s
[2026-06-17T09:54:04.795+0800][21.043s][info][gc,heap        ] GC(549) Old: 32300K->28964K(43712K)
[2026-06-17T09:54:04.843+0800][21.091s][info][gc,start       ] GC(550) Pause Young (Allocation Failure)
[2026-06-17T09:54:04.843+0800][21.092s][info][gc,task        ] GC(550) Using 2 workers of 18 for evacuation
[2026-06-17T09:54:04.845+0800][21.093s][info][gc,heap        ] GC(550) ParNew: 19634K->2111K(19648K)
[2026-06-17T09:54:04.845+0800][21.094s][info][gc,heap        ] GC(550) CMS: 28964K->31683K(43712K)
[2026-06-17T09:54:04.846+0800][21.094s][info][gc,metaspace   ] GC(550) Metaspace: 3160K(4864K)->3160K(4864K) NonClass: 2854K(4352K)->2854K(4352K) Class: 305K(512K)->305K(512K)
[2026-06-17T09:54:04.847+0800][21.095s][info][gc             ] GC(550) Pause Young (Allocation Failure) 47M->33M(61M) 4.157ms
[2026-06-17T09:54:04.848+0800][21.096s][info][gc,cpu         ] GC(550) User=0.00s Sys=0.00s Real=0.00s
[2026-06-17T09:54:04.849+0800][21.097s][info][gc,start       ] GC(551) Pause Initial Mark
[2026-06-17T09:54:04.849+0800][21.097s][info][gc             ] GC(551) Pause Initial Mark 33M->33M(61M) 0.392ms
[2026-06-17T09:54:04.850+0800][21.099s][info][gc,cpu         ] GC(551) User=0.00s Sys=0.00s Real=0.00s
[2026-06-17T09:54:04.851+0800][21.099s][info][gc             ] GC(551) Concurrent Mark
[2026-06-17T09:54:04.854+0800][21.103s][info][gc,task        ] GC(551) Using 2 workers of 5 for marking
[2026-06-17T09:54:04.856+0800][21.104s][info][gc             ] GC(551) Concurrent Mark 4.913ms
[2026-06-17T09:54:04.856+0800][21.104s][info][gc,cpu         ] GC(551) User=0.00s Sys=0.00s Real=0.00s
[2026-06-17T09:54:04.856+0800][21.104s][info][gc             ] GC(551) Concurrent Preclean
[2026-06-17T09:54:04.856+0800][21.105s][info][gc             ] GC(551) Concurrent Preclean 0.282ms
[2026-06-17T09:54:04.857+0800][21.105s][info][gc,cpu         ] GC(551) User=0.00s Sys=0.00s Real=0.00s
[2026-06-17T09:54:04.857+0800][21.105s][info][gc             ] GC(551) Concurrent Abortable Preclean
[2026-06-17T09:54:04.892+0800][21.140s][info][gc,start       ] GC(552) Pause Young (Allocation Failure)
[2026-06-17T09:54:04.893+0800][21.141s][info][gc,task        ] GC(552) Using 2 workers of 18 for evacuation
[2026-06-17T09:54:04.894+0800][21.142s][info][gc,heap        ] GC(552) ParNew: 19538K->2062K(19648K)
[2026-06-17T09:54:04.894+0800][21.142s][info][gc,heap        ] GC(552) CMS: 31683K->35455K(43712K)
[2026-06-17T09:54:04.894+0800][21.142s][info][gc,metaspace   ] GC(552) Metaspace: 3160K(4864K)->3160K(4864K) NonClass: 2854K(4352K)->2854K(4352K) Class: 305K(512K)->305K(512K)
[2026-06-17T09:54:04.894+0800][21.142s][info][gc             ] GC(552) Pause Young (Allocation Failure) 50M->36M(61M) 1.813ms
[2026-06-17T09:54:04.894+0800][21.142s][info][gc,cpu         ] GC(552) User=0.00s Sys=0.00s Real=0.00s
[2026-06-17T09:54:04.936+0800][21.184s][info][gc,start       ] GC(553) Pause Young (Allocation Failure)
[2026-06-17T09:54:04.937+0800][21.185s][info][gc,task        ] GC(553) Using 2 workers of 18 for evacuation
[2026-06-17T09:54:04.938+0800][21.186s][info][gc,heap        ] GC(553) ParNew: 19529K->2172K(19648K)
[2026-06-17T09:54:04.938+0800][21.186s][info][gc,heap        ] GC(553) CMS: 35455K->38954K(43712K)
[2026-06-17T09:54:04.938+0800][21.186s][info][gc,metaspace   ] GC(553) Metaspace: 3160K(4864K)->3160K(4864K) NonClass: 2854K(4352K)->2854K(4352K) Class: 305K(512K)->305K(512K)
[2026-06-17T09:54:04.938+0800][21.186s][info][gc             ] GC(553) Pause Young (Allocation Failure) 53M->40M(61M) 2.073ms
[2026-06-17T09:54:04.938+0800][21.187s][info][gc,cpu         ] GC(553) User=0.00s Sys=0.01s Real=0.00s
[2026-06-17T09:54:04.980+0800][21.228s][info][gc,start       ] GC(554) Pause Young (Allocation Failure)
[2026-06-17T09:54:04.981+0800][21.229s][info][gc,task        ] GC(554) Using 2 workers of 18 for evacuation
[2026-06-17T09:54:04.982+0800][21.230s][info][gc,promotion   ] Promotion failed
[2026-06-17T09:54:04.982+0800][21.230s][info][gc,start       ] GC(555) Pause Full (Allocation Failure)
[2026-06-17T09:54:04.982+0800][21.230s][info][gc             ] GC(551) Concurrent Abortable Preclean 125.002ms
[2026-06-17T09:54:04.982+0800][21.231s][info][gc,cpu         ] GC(551) User=0.01s Sys=0.01s Real=0.13s
[2026-06-17T09:54:04.983+0800][21.231s][info][gc,phases,start] GC(555) Phase 1: Mark live objects
[2026-06-17T09:54:04.983+0800][21.232s][info][gc,phases      ] GC(555) Phase 1: Mark live objects 0.642ms
[2026-06-17T09:54:04.984+0800][21.232s][info][gc,phases,start] GC(555) Phase 2: Compute new object addresses
[2026-06-17T09:54:04.984+0800][21.232s][info][gc,phases      ] GC(555) Phase 2: Compute new object addresses 0.361ms
[2026-06-17T09:54:04.984+0800][21.232s][info][gc,phases,start] GC(555) Phase 3: Adjust pointers
[2026-06-17T09:54:04.985+0800][21.233s][info][gc,phases      ] GC(555) Phase 3: Adjust pointers 0.438ms
[2026-06-17T09:54:04.985+0800][21.233s][info][gc,phases,start] GC(555) Phase 4: Move objects
[2026-06-17T09:54:04.988+0800][21.236s][info][gc,phases      ] GC(555) Phase 4: Move objects 3.186ms
[2026-06-17T09:54:04.988+0800][21.237s][info][gc             ] GC(555) Pause Full (Allocation Failure) 61M->33M(61M) 6.413ms
[2026-06-17T09:54:04.989+0800][21.237s][info][gc,heap        ] GC(554) ParNew: 19644K->0K(19648K)
[2026-06-17T09:54:04.989+0800][21.237s][info][gc,heap        ] GC(554) CMS: 38954K->34160K(43712K)
[2026-06-17T09:54:04.989+0800][21.237s][info][gc,metaspace   ] GC(554) Metaspace: 3160K(4864K)->3160K(4864K) NonClass: 2854K(4352K)->2854K(4352K) Class: 305K(512K)->305K(512K)
[2026-06-17T09:54:04.989+0800][21.237s][info][gc             ] GC(554) Pause Young (Allocation Failure) 57M->33M(61M) 8.992ms
[2026-06-17T09:54:04.989+0800][21.238s][info][gc,cpu         ] GC(554) User=0.00s Sys=0.00s Real=0.01s
[2026-06-17T09:54:05.032+0800][21.280s][info][gc,start       ] GC(556) Pause Young (Allocation Failure)
[2026-06-17T09:54:05.032+0800][21.280s][info][gc,task        ] GC(556) Using 2 workers of 18 for evacuation
[2026-06-17T09:54:05.033+0800][21.281s][info][gc,heap        ] GC(556) ParNew: 17460K->2172K(19648K)
[2026-06-17T09:54:05.033+0800][21.282s][info][gc,heap        ] GC(556) CMS: 34160K->38957K(43712K)
[2026-06-17T09:54:05.034+0800][21.282s][info][gc,metaspace   ] GC(556) Metaspace: 3160K(4864K)->3160K(4864K) NonClass: 2854K(4352K)->2854K(4352K) Class: 305K(512K)->305K(512K)
[2026-06-17T09:54:05.034+0800][21.282s][info][gc             ] GC(556) Pause Young (Allocation Failure) 50M->40M(61M) 2.240ms
[2026-06-17T09:54:05.034+0800][21.283s][info][gc,cpu         ] GC(556) User=0.01s Sys=0.00s Real=0.00s
[2026-06-17T09:54:05.035+0800][21.283s][info][gc,start       ] GC(557) Pause Initial Mark
[2026-06-17T09:54:05.035+0800][21.283s][info][gc             ] GC(557) Pause Initial Mark 40M->40M(61M) 0.371ms
[2026-06-17T09:54:05.035+0800][21.284s][info][gc,cpu         ] GC(557) User=0.00s Sys=0.00s Real=0.00s
[2026-06-17T09:54:05.036+0800][21.284s][info][gc             ] GC(557) Concurrent Mark
[2026-06-17T09:54:05.036+0800][21.284s][info][gc,task        ] GC(557) Using 2 workers of 5 for marking
[2026-06-17T09:54:05.036+0800][21.285s][info][gc             ] GC(557) Concurrent Mark 0.853ms
[2026-06-17T09:54:05.037+0800][21.285s][info][gc,cpu         ] GC(557) User=0.00s Sys=0.00s Real=0.00s
[2026-06-17T09:54:05.037+0800][21.285s][info][gc             ] GC(557) Concurrent Preclean
[2026-06-17T09:54:05.037+0800][21.285s][info][gc             ] GC(557) Concurrent Preclean 0.186ms
[2026-06-17T09:54:05.037+0800][21.285s][info][gc,cpu         ] GC(557) User=0.00s Sys=0.00s Real=0.00s
[2026-06-17T09:54:05.037+0800][21.286s][info][gc,start       ] GC(557) Pause Remark
[2026-06-17T09:54:05.038+0800][21.286s][info][gc             ] GC(557) Pause Remark 41M->41M(61M) 0.464ms
[2026-06-17T09:54:05.038+0800][21.286s][info][gc,cpu         ] GC(557) User=0.00s Sys=0.00s Real=0.00s
[2026-06-17T09:54:05.038+0800][21.286s][info][gc             ] GC(557) Concurrent Sweep
[2026-06-17T09:54:05.038+0800][21.287s][info][gc             ] GC(557) Concurrent Sweep 0.207ms
[2026-06-17T09:54:05.039+0800][21.287s][info][gc,cpu         ] GC(557) User=0.00s Sys=0.00s Real=0.00s
[2026-06-17T09:54:05.039+0800][21.287s][info][gc             ] GC(557) Concurrent Reset
[2026-06-17T09:54:05.039+0800][21.287s][info][gc             ] GC(557) Concurrent Reset 0.114ms
[2026-06-17T09:54:05.039+0800][21.287s][info][gc,cpu         ] GC(557) User=0.00s Sys=0.00s Real=0.00s
[2026-06-17T09:54:05.039+0800][21.287s][info][gc,heap        ] GC(557) Old: 38957K->25847K(43712K)
[2026-06-17T09:54:05.077+0800][21.325s][info][gc,start       ] GC(558) Pause Young (Allocation Failure)
[2026-06-17T09:54:05.078+0800][21.326s][info][gc,task        ] GC(558) Using 2 workers of 18 for evacuation
[2026-06-17T09:54:05.079+0800][21.327s][info][gc,heap        ] GC(558) ParNew: 19624K->2174K(19648K)
[2026-06-17T09:54:05.079+0800][21.327s][info][gc,heap        ] GC(558) CMS: 25847K->30188K(43712K)
[2026-06-17T09:54:05.079+0800][21.328s][info][gc,metaspace   ] GC(558) Metaspace: 3160K(4864K)->3160K(4864K) NonClass: 2854K(4352K)->2854K(4352K) Class: 305K(512K)->305K(512K)
[2026-06-17T09:54:05.080+0800][21.328s][info][gc             ] GC(558) Pause Young (Allocation Failure) 44M->31M(61M) 2.374ms
[2026-06-17T09:54:05.080+0800][21.328s][info][gc,cpu         ] GC(558) User=0.00s Sys=0.00s Real=0.00s
[2026-06-17T09:54:05.132+0800][21.380s][info][gc,start       ] GC(559) Pause Young (Allocation Failure)
[2026-06-17T09:54:05.133+0800][21.381s][info][gc,task        ] GC(559) Using 2 workers of 18 for evacuation
[2026-06-17T09:54:05.139+0800][21.387s][info][gc,heap        ] GC(559) ParNew: 19646K->2162K(19648K)
[2026-06-17T09:54:05.139+0800][21.388s][info][gc,heap        ] GC(559) CMS: 30188K->32802K(43712K)
[2026-06-17T09:54:05.140+0800][21.388s][info][gc,metaspace   ] GC(559) Metaspace: 3160K(4864K)->3160K(4864K) NonClass: 2854K(4352K)->2854K(4352K) Class: 305K(512K)->305K(512K)
[2026-06-17T09:54:05.140+0800][21.389s][info][gc             ] GC(559) Pause Young (Allocation Failure) 48M->34M(61M) 8.072ms
[2026-06-17T09:54:05.141+0800][21.389s][info][gc,cpu         ] GC(559) User=0.01s Sys=0.00s Real=0.00s
[2026-06-17T09:54:05.184+0800][21.432s][info][gc,start       ] GC(560) Pause Young (Allocation Failure)
[2026-06-17T09:54:05.184+0800][21.433s][info][gc,task        ] GC(560) Using 2 workers of 18 for evacuation
[2026-06-17T09:54:05.185+0800][21.434s][info][gc,heap        ] GC(560) ParNew: 19634K->2168K(19648K)
[2026-06-17T09:54:05.186+0800][21.434s][info][gc,heap        ] GC(560) CMS: 32802K->36156K(43712K)
[2026-06-17T09:54:05.186+0800][21.434s][info][gc,metaspace   ] GC(560) Metaspace: 3160K(4864K)->3160K(4864K) NonClass: 2855K(4352K)->2855K(4352K) Class: 305K(512K)->305K(512K)
[2026-06-17T09:54:05.187+0800][21.435s][info][gc             ] GC(560) Pause Young (Allocation Failure) 51M->37M(61M) 2.562ms
[2026-06-17T09:54:05.187+0800][21.435s][info][gc,cpu         ] GC(560) User=0.00s Sys=0.00s Real=0.00s
[2026-06-17T09:54:05.187+0800][21.435s][info][gc,start       ] GC(561) Pause Initial Mark
[2026-06-17T09:54:05.188+0800][21.436s][info][gc             ] GC(561) Pause Initial Mark 38M->38M(61M) 0.346ms
[2026-06-17T09:54:05.188+0800][21.436s][info][gc,cpu         ] GC(561) User=0.00s Sys=0.00s Real=0.00s
[2026-06-17T09:54:05.188+0800][21.436s][info][gc             ] GC(561) Concurrent Mark
[2026-06-17T09:54:05.188+0800][21.436s][info][gc,task        ] GC(561) Using 2 workers of 5 for marking
[2026-06-17T09:54:05.189+0800][21.437s][info][gc             ] GC(561) Concurrent Mark 1.034ms
[2026-06-17T09:54:05.189+0800][21.437s][info][gc,cpu         ] GC(561) User=0.01s Sys=0.00s Real=0.00s
[2026-06-17T09:54:05.189+0800][21.438s][info][gc             ] GC(561) Concurrent Preclean
[2026-06-17T09:54:05.190+0800][21.438s][info][gc             ] GC(561) Concurrent Preclean 0.245ms
[2026-06-17T09:54:05.190+0800][21.438s][info][gc,cpu         ] GC(561) User=0.00s Sys=0.00s Real=0.00s
[2026-06-17T09:54:05.190+0800][21.438s][info][gc             ] GC(561) Concurrent Abortable Preclean
[2026-06-17T09:54:05.230+0800][21.478s][info][gc,start       ] GC(562) Pause Young (Allocation Failure)
[2026-06-17T09:54:05.231+0800][21.479s][info][gc,task        ] GC(562) Using 2 workers of 18 for evacuation
[2026-06-17T09:54:05.232+0800][21.480s][info][gc,heap        ] GC(562) ParNew: 19608K->2168K(19648K)
[2026-06-17T09:54:05.232+0800][21.480s][info][gc,heap        ] GC(562) CMS: 36156K->40253K(43712K)
[2026-06-17T09:54:05.233+0800][21.481s][info][gc,metaspace   ] GC(562) Metaspace: 3160K(4864K)->3160K(4864K) NonClass: 2855K(4352K)->2855K(4352K) Class: 305K(512K)->305K(512K)
[2026-06-17T09:54:05.234+0800][21.482s][info][gc             ] GC(562) Pause Young (Allocation Failure) 54M->41M(61M) 3.903ms
[2026-06-17T09:54:05.236+0800][21.484s][info][gc,cpu         ] GC(562) User=0.00s Sys=0.00s Real=0.01s
[2026-06-17T09:54:05.278+0800][21.526s][info][gc,start       ] GC(563) Pause Young (Allocation Failure)
[2026-06-17T09:54:05.278+0800][21.527s][info][gc,task        ] GC(563) Using 2 workers of 18 for evacuation
[2026-06-17T09:54:05.279+0800][21.527s][info][gc,start       ] GC(564) Pause Full (Allocation Failure)
[2026-06-17T09:54:05.279+0800][21.527s][info][gc             ] GC(561) Concurrent Abortable Preclean 88.799ms
[2026-06-17T09:54:05.279+0800][21.527s][info][gc,cpu         ] GC(561) User=0.00s Sys=0.00s Real=0.09s
[2026-06-17T09:54:05.279+0800][21.527s][info][gc,phases,start] GC(564) Phase 1: Mark live objects
[2026-06-17T09:54:05.280+0800][21.528s][info][gc,phases      ] GC(564) Phase 1: Mark live objects 0.604ms
[2026-06-17T09:54:05.280+0800][21.528s][info][gc,phases,start] GC(564) Phase 2: Compute new object addresses
[2026-06-17T09:54:05.280+0800][21.529s][info][gc,phases      ] GC(564) Phase 2: Compute new object addresses 0.366ms
[2026-06-17T09:54:05.281+0800][21.529s][info][gc,phases,start] GC(564) Phase 3: Adjust pointers
[2026-06-17T09:54:05.281+0800][21.529s][info][gc,phases      ] GC(564) Phase 3: Adjust pointers 0.434ms
[2026-06-17T09:54:05.281+0800][21.529s][info][gc,phases,start] GC(564) Phase 4: Move objects
[2026-06-17T09:54:05.284+0800][21.532s][info][gc,phases      ] GC(564) Phase 4: Move objects 2.203ms
[2026-06-17T09:54:05.284+0800][21.532s][info][gc             ] GC(564) Pause Full (Allocation Failure) 58M->30M(61M) 5.323ms
[2026-06-17T09:54:05.284+0800][21.532s][info][gc,heap        ] GC(563) ParNew: 19638K->0K(19648K)
[2026-06-17T09:54:05.284+0800][21.533s][info][gc,heap        ] GC(563) CMS: 40253K->31342K(43712K)
[2026-06-17T09:54:05.285+0800][21.533s][info][gc,metaspace   ] GC(563) Metaspace: 3160K(4864K)->3160K(4864K) NonClass: 2855K(4352K)->2855K(4352K) Class: 305K(512K)->305K(512K)
[2026-06-17T09:54:05.285+0800][21.533s][info][gc             ] GC(563) Pause Young (Allocation Failure) 58M->30M(61M) 6.638ms
[2026-06-17T09:54:05.285+0800][21.533s][info][gc,cpu         ] GC(563) User=0.00s Sys=0.00s Real=0.01s
[2026-06-17T09:54:05.337+0800][21.585s][info][gc,start       ] GC(565) Pause Young (Allocation Failure)
[2026-06-17T09:54:05.338+0800][21.586s][info][gc,task        ] GC(565) Using 2 workers of 18 for evacuation
[2026-06-17T09:54:05.339+0800][21.587s][info][gc,heap        ] GC(565) ParNew: 17459K->2160K(19648K)
[2026-06-17T09:54:05.339+0800][21.587s][info][gc,heap        ] GC(565) CMS: 31342K->32513K(43712K)
[2026-06-17T09:54:05.340+0800][21.588s][info][gc,metaspace   ] GC(565) Metaspace: 3160K(4864K)->3160K(4864K) NonClass: 2855K(4352K)->2855K(4352K) Class: 305K(512K)->305K(512K)
[2026-06-17T09:54:05.340+0800][21.588s][info][gc             ] GC(565) Pause Young (Allocation Failure) 47M->33M(61M) 2.963ms
[2026-06-17T09:54:05.340+0800][21.588s][info][gc,cpu         ] GC(565) User=0.00s Sys=0.00s Real=0.00s
[2026-06-17T09:54:05.372+0800][21.621s][info][gc,start       ] GC(566) Pause Young (Allocation Failure)
[2026-06-17T09:54:05.373+0800][21.621s][info][gc,task        ] GC(566) Using 2 workers of 18 for evacuation
[2026-06-17T09:54:05.374+0800][21.622s][info][gc,heap        ] GC(566) ParNew: 18958K->2165K(19648K)
[2026-06-17T09:54:05.374+0800][21.622s][info][gc,heap        ] GC(566) CMS: 32513K->35738K(43712K)
[2026-06-17T09:54:05.374+0800][21.622s][info][gc,metaspace   ] GC(566) Metaspace: 3160K(4864K)->3160K(4864K) NonClass: 2855K(4352K)->2855K(4352K) Class: 305K(512K)->305K(512K)
[2026-06-17T09:54:05.374+0800][21.622s][info][gc             ] GC(566) Pause Young (Allocation Failure) 50M->37M(61M) 1.895ms
[2026-06-17T09:54:05.374+0800][21.623s][info][gc,cpu         ] GC(566) User=0.00s Sys=0.00s Real=0.00s
[2026-06-17T09:54:05.427+0800][21.675s][info][gc,start       ] GC(567) Pause Young (Allocation Failure)
[2026-06-17T09:54:05.427+0800][21.675s][info][gc,task        ] GC(567) Using 2 workers of 18 for evacuation
[2026-06-17T09:54:05.428+0800][21.676s][info][gc,heap        ] GC(567) ParNew: 19592K->2174K(19648K)
[2026-06-17T09:54:05.428+0800][21.676s][info][gc,heap        ] GC(567) CMS: 35738K->39107K(43712K)
[2026-06-17T09:54:05.428+0800][21.677s][info][gc,metaspace   ] GC(567) Metaspace: 3160K(4864K)->3160K(4864K) NonClass: 2855K(4352K)->2855K(4352K) Class: 305K(512K)->305K(512K)
[2026-06-17T09:54:05.429+0800][21.677s][info][gc             ] GC(567) Pause Young (Allocation Failure) 54M->40M(61M) 1.880ms
[2026-06-17T09:54:05.429+0800][21.677s][info][gc,cpu         ] GC(567) User=0.00s Sys=0.00s Real=0.00s
[2026-06-17T09:54:05.429+0800][21.677s][info][gc,start       ] GC(568) Pause Initial Mark
[2026-06-17T09:54:05.429+0800][21.677s][info][gc             ] GC(568) Pause Initial Mark 41M->41M(61M) 0.265ms
[2026-06-17T09:54:05.430+0800][21.678s][info][gc,cpu         ] GC(568) User=0.00s Sys=0.00s Real=0.00s
[2026-06-17T09:54:05.430+0800][21.678s][info][gc             ] GC(568) Concurrent Mark
[2026-06-17T09:54:05.430+0800][21.678s][info][gc,task        ] GC(568) Using 2 workers of 5 for marking
[2026-06-17T09:54:05.431+0800][21.679s][info][gc             ] GC(568) Concurrent Mark 0.950ms
[2026-06-17T09:54:05.431+0800][21.679s][info][gc,cpu         ] GC(568) User=0.00s Sys=0.00s Real=0.01s
[2026-06-17T09:54:05.431+0800][21.679s][info][gc             ] GC(568) Concurrent Preclean
[2026-06-17T09:54:05.431+0800][21.679s][info][gc             ] GC(568) Concurrent Preclean 0.157ms
[2026-06-17T09:54:05.431+0800][21.679s][info][gc,cpu         ] GC(568) User=0.00s Sys=0.00s Real=0.00s
[2026-06-17T09:54:05.431+0800][21.680s][info][gc             ] GC(568) Concurrent Abortable Preclean
[2026-06-17T09:54:05.471+0800][21.719s][info][gc,start       ] GC(569) Pause Young (Allocation Failure)
[2026-06-17T09:54:05.472+0800][21.720s][info][gc,task        ] GC(569) Using 2 workers of 18 for evacuation
[2026-06-17T09:54:05.473+0800][21.721s][info][gc,heap        ] GC(569) ParNew: 19646K->2167K(19648K)
[2026-06-17T09:54:05.473+0800][21.721s][info][gc,heap        ] GC(569) CMS: 39107K->42859K(43712K)
[2026-06-17T09:54:05.473+0800][21.721s][info][gc,metaspace   ] GC(569) Metaspace: 3160K(4864K)->3160K(4864K) NonClass: 2855K(4352K)->2855K(4352K) Class: 305K(512K)->305K(512K)
[2026-06-17T09:54:05.473+0800][21.721s][info][gc             ] GC(569) Pause Young (Allocation Failure) 57M->43M(61M) 1.927ms
[2026-06-17T09:54:05.473+0800][21.721s][info][gc,cpu         ] GC(569) User=0.00s Sys=0.00s Real=0.00s
[2026-06-17T09:54:05.474+0800][21.722s][info][gc             ] GC(568) Concurrent Abortable Preclean 42.075ms
[2026-06-17T09:54:05.474+0800][21.722s][info][gc,cpu         ] GC(568) User=0.01s Sys=0.00s Real=0.04s
[2026-06-17T09:54:05.474+0800][21.722s][info][gc,start       ] GC(568) Pause Remark
[2026-06-17T09:54:05.475+0800][21.723s][info][gc             ] GC(568) Pause Remark 47M->47M(61M) 0.601ms
[2026-06-17T09:54:05.475+0800][21.723s][info][gc,cpu         ] GC(568) User=0.00s Sys=0.00s Real=0.00s
[2026-06-17T09:54:05.475+0800][21.723s][info][gc             ] GC(568) Concurrent Sweep
[2026-06-17T09:54:05.476+0800][21.724s][info][gc             ] GC(568) Concurrent Sweep 1.100ms
[2026-06-17T09:54:05.476+0800][21.725s][info][gc,cpu         ] GC(568) User=0.00s Sys=0.00s Real=0.00s
[2026-06-17T09:54:05.477+0800][21.725s][info][gc             ] GC(568) Concurrent Reset
[2026-06-17T09:54:05.477+0800][21.725s][info][gc             ] GC(568) Concurrent Reset 0.309ms
[2026-06-17T09:54:05.477+0800][21.725s][info][gc,cpu         ] GC(568) User=0.00s Sys=0.00s Real=0.00s
[2026-06-17T09:54:05.477+0800][21.726s][info][gc,heap        ] GC(568) Old: 39107K->29960K(43712K)
[2026-06-17T09:54:05.515+0800][21.763s][info][gc,start       ] GC(570) Pause Young (Allocation Failure)
[2026-06-17T09:54:05.516+0800][21.764s][info][gc,task        ] GC(570) Using 2 workers of 18 for evacuation
[2026-06-17T09:54:05.517+0800][21.765s][info][gc,heap        ] GC(570) ParNew: 19618K->2170K(19648K)
[2026-06-17T09:54:05.517+0800][21.765s][info][gc,heap        ] GC(570) CMS: 29960K->34436K(43712K)
[2026-06-17T09:54:05.517+0800][21.765s][info][gc,metaspace   ] GC(570) Metaspace: 3160K(4864K)->3160K(4864K) NonClass: 2855K(4352K)->2855K(4352K) Class: 305K(512K)->305K(512K)
[2026-06-17T09:54:05.517+0800][21.765s][info][gc             ] GC(570) Pause Young (Allocation Failure) 48M->35M(61M) 1.877ms
[2026-06-17T09:54:05.517+0800][21.765s][info][gc,cpu         ] GC(570) User=0.00s Sys=0.00s Real=0.00s
[2026-06-17T09:54:05.518+0800][21.766s][info][gc,start       ] GC(571) Pause Initial Mark
[2026-06-17T09:54:05.518+0800][21.766s][info][gc             ] GC(571) Pause Initial Mark 36M->36M(61M) 0.295ms
[2026-06-17T09:54:05.518+0800][21.766s][info][gc,cpu         ] GC(571) User=0.00s Sys=0.00s Real=0.00s
[2026-06-17T09:54:05.518+0800][21.766s][info][gc             ] GC(571) Concurrent Mark
[2026-06-17T09:54:05.518+0800][21.767s][info][gc,task        ] GC(571) Using 2 workers of 5 for marking
[2026-06-17T09:54:05.519+0800][21.768s][info][gc             ] GC(571) Concurrent Mark 1.113ms
[2026-06-17T09:54:05.520+0800][21.768s][info][gc,cpu         ] GC(571) User=0.00s Sys=0.00s Real=0.00s
[2026-06-17T09:54:05.520+0800][21.768s][info][gc             ] GC(571) Concurrent Preclean
[2026-06-17T09:54:05.520+0800][21.768s][info][gc             ] GC(571) Concurrent Preclean 0.156ms
[2026-06-17T09:54:05.520+0800][21.768s][info][gc,cpu         ] GC(571) User=0.00s Sys=0.00s Real=0.00s
[2026-06-17T09:54:05.520+0800][21.768s][info][gc             ] GC(571) Concurrent Abortable Preclean
[2026-06-17T09:54:05.560+0800][21.808s][info][gc,start       ] GC(572) Pause Young (Allocation Failure)
[2026-06-17T09:54:05.560+0800][21.808s][info][gc,task        ] GC(572) Using 2 workers of 18 for evacuation
[2026-06-17T09:54:05.562+0800][21.810s][info][gc,heap        ] GC(572) ParNew: 19628K->2173K(19648K)
[2026-06-17T09:54:05.562+0800][21.810s][info][gc,heap        ] GC(572) CMS: 34436K->38357K(43712K)
[2026-06-17T09:54:05.562+0800][21.810s][info][gc,metaspace   ] GC(572) Metaspace: 3160K(4864K)->3160K(4864K) NonClass: 2855K(4352K)->2855K(4352K) Class: 305K(512K)->305K(512K)
[2026-06-17T09:54:05.562+0800][21.811s][info][gc             ] GC(572) Pause Young (Allocation Failure) 52M->39M(61M) 2.589ms
[2026-06-17T09:54:05.563+0800][21.811s][info][gc,cpu         ] GC(572) User=0.00s Sys=0.00s Real=0.01s
[2026-06-17T09:54:05.604+0800][21.853s][info][gc,start       ] GC(573) Pause Young (Allocation Failure)
[2026-06-17T09:54:05.608+0800][21.856s][info][gc,task        ] GC(573) Using 2 workers of 18 for evacuation
[2026-06-17T09:54:05.609+0800][21.857s][info][gc,heap        ] GC(573) ParNew: 19565K->2067K(19648K)
[2026-06-17T09:54:05.614+0800][21.862s][info][gc,heap        ] GC(573) CMS: 38357K->40898K(43712K)
[2026-06-17T09:54:05.614+0800][21.862s][info][gc,metaspace   ] GC(573) Metaspace: 3160K(4864K)->3160K(4864K) NonClass: 2855K(4352K)->2855K(4352K) Class: 305K(512K)->305K(512K)
[2026-06-17T09:54:05.615+0800][21.864s][info][gc             ] GC(573) Pause Young (Allocation Failure) 56M->41M(61M) 11.066ms
[2026-06-17T09:54:05.616+0800][21.864s][info][gc,cpu         ] GC(573) User=0.00s Sys=0.00s Real=0.01s
[2026-06-17T09:54:05.658+0800][21.907s][info][gc,start       ] GC(574) Pause Young (Allocation Failure)
[2026-06-17T09:54:05.659+0800][21.907s][info][gc,task        ] GC(574) Using 2 workers of 18 for evacuation
[2026-06-17T09:54:05.659+0800][21.907s][info][gc,start       ] GC(575) Pause Full (Allocation Failure)
[2026-06-17T09:54:05.659+0800][21.907s][info][gc             ] GC(571) Concurrent Abortable Preclean 139.111ms
[2026-06-17T09:54:05.659+0800][21.908s][info][gc,cpu         ] GC(571) User=0.01s Sys=0.00s Real=0.14s
[2026-06-17T09:54:05.660+0800][21.908s][info][gc,phases,start] GC(575) Phase 1: Mark live objects
[2026-06-17T09:54:05.660+0800][21.909s][info][gc,phases      ] GC(575) Phase 1: Mark live objects 0.742ms
[2026-06-17T09:54:05.661+0800][21.909s][info][gc,phases,start] GC(575) Phase 2: Compute new object addresses
[2026-06-17T09:54:05.661+0800][21.909s][info][gc,phases      ] GC(575) Phase 2: Compute new object addresses 0.415ms
[2026-06-17T09:54:05.661+0800][21.909s][info][gc,phases,start] GC(575) Phase 3: Adjust pointers
[2026-06-17T09:54:05.662+0800][21.910s][info][gc,phases      ] GC(575) Phase 3: Adjust pointers 0.430ms
[2026-06-17T09:54:05.662+0800][21.910s][info][gc,phases,start] GC(575) Phase 4: Move objects
[2026-06-17T09:54:05.665+0800][21.913s][info][gc,phases      ] GC(575) Phase 4: Move objects 2.806ms
[2026-06-17T09:54:05.665+0800][21.913s][info][gc             ] GC(575) Pause Full (Allocation Failure) 58M->28M(61M) 6.047ms
[2026-06-17T09:54:05.665+0800][21.914s][info][gc,heap        ] GC(574) ParNew: 19479K->0K(19648K)
[2026-06-17T09:54:05.666+0800][21.914s][info][gc,heap        ] GC(574) CMS: 40898K->28844K(43712K)
[2026-06-17T09:54:05.666+0800][21.914s][info][gc,metaspace   ] GC(574) Metaspace: 3160K(4864K)->3160K(4864K) NonClass: 2855K(4352K)->2855K(4352K) Class: 305K(512K)->305K(512K)
[2026-06-17T09:54:05.666+0800][21.914s][info][gc             ] GC(574) Pause Young (Allocation Failure) 58M->28M(61M) 7.754ms
[2026-06-17T09:54:05.666+0800][21.914s][info][gc,cpu         ] GC(574) User=0.00s Sys=0.00s Real=0.01s
[2026-06-17T09:54:05.719+0800][21.967s][info][gc,start       ] GC(576) Pause Young (Allocation Failure)
[2026-06-17T09:54:05.719+0800][21.967s][info][gc,task        ] GC(576) Using 2 workers of 18 for evacuation
[2026-06-17T09:54:05.720+0800][21.968s][info][gc,heap        ] GC(576) ParNew: 17454K->2113K(19648K)
[2026-06-17T09:54:05.720+0800][21.968s][info][gc,heap        ] GC(576) CMS: 28844K->29765K(43712K)
[2026-06-17T09:54:05.720+0800][21.968s][info][gc,metaspace   ] GC(576) Metaspace: 3160K(4864K)->3160K(4864K) NonClass: 2855K(4352K)->2855K(4352K) Class: 305K(512K)->305K(512K)
[2026-06-17T09:54:05.720+0800][21.968s][info][gc             ] GC(576) Pause Young (Allocation Failure) 45M->31M(61M) 1.423ms
[2026-06-17T09:54:05.720+0800][21.968s][info][gc,cpu         ] GC(576) User=0.01s Sys=0.00s Real=0.00s
[2026-06-17T09:54:05.752+0800][22.000s][info][gc,start       ] GC(577) Pause Young (Allocation Failure)
[2026-06-17T09:54:05.753+0800][22.001s][info][gc,task        ] GC(577) Using 2 workers of 18 for evacuation
[2026-06-17T09:54:05.753+0800][22.002s][info][gc,heap        ] GC(577) ParNew: 19269K->2120K(19648K)
[2026-06-17T09:54:05.754+0800][22.002s][info][gc,heap        ] GC(577) CMS: 29765K->32555K(43712K)
[2026-06-17T09:54:05.754+0800][22.002s][info][gc,metaspace   ] GC(577) Metaspace: 3160K(4864K)->3160K(4864K) NonClass: 2855K(4352K)->2855K(4352K) Class: 305K(512K)->305K(512K)
[2026-06-17T09:54:05.754+0800][22.002s][info][gc             ] GC(577) Pause Young (Allocation Failure) 47M->33M(61M) 1.921ms
[2026-06-17T09:54:05.754+0800][22.003s][info][gc,cpu         ] GC(577) User=0.00s Sys=0.00s Real=0.00s
[2026-06-17T09:54:05.796+0800][22.045s][info][gc,start       ] GC(578) Pause Young (Allocation Failure)
[2026-06-17T09:54:05.797+0800][22.045s][info][gc,task        ] GC(578) Using 2 workers of 18 for evacuation
[2026-06-17T09:54:05.798+0800][22.046s][info][gc,heap        ] GC(578) ParNew: 19578K->2175K(19648K)
[2026-06-17T09:54:05.798+0800][22.046s][info][gc,heap        ] GC(578) CMS: 32555K->39232K(43712K)
[2026-06-17T09:54:05.798+0800][22.046s][info][gc,metaspace   ] GC(578) Metaspace: 3160K(4864K)->3160K(4864K) NonClass: 2855K(4352K)->2855K(4352K) Class: 305K(512K)->305K(512K)
[2026-06-17T09:54:05.798+0800][22.046s][info][gc             ] GC(578) Pause Young (Allocation Failure) 50M->40M(61M) 1.952ms
[2026-06-17T09:54:05.799+0800][22.047s][info][gc,cpu         ] GC(578) User=0.00s Sys=0.00s Real=0.00s
[2026-06-17T09:54:05.799+0800][22.048s][info][gc,start       ] GC(579) Pause Initial Mark
[2026-06-17T09:54:05.800+0800][22.048s][info][gc             ] GC(579) Pause Initial Mark 40M->40M(61M) 0.302ms
[2026-06-17T09:54:05.800+0800][22.048s][info][gc,cpu         ] GC(579) User=0.00s Sys=0.00s Real=0.00s
[2026-06-17T09:54:05.800+0800][22.048s][info][gc             ] GC(579) Concurrent Mark
[2026-06-17T09:54:05.800+0800][22.048s][info][gc,task        ] GC(579) Using 2 workers of 5 for marking
[2026-06-17T09:54:05.801+0800][22.049s][info][gc             ] GC(579) Concurrent Mark 0.766ms
[2026-06-17T09:54:05.801+0800][22.049s][info][gc,cpu         ] GC(579) User=0.00s Sys=0.00s Real=0.00s
[2026-06-17T09:54:05.801+0800][22.049s][info][gc             ] GC(579) Concurrent Preclean
[2026-06-17T09:54:05.801+0800][22.049s][info][gc             ] GC(579) Concurrent Preclean 0.122ms
[2026-06-17T09:54:05.801+0800][22.049s][info][gc,cpu         ] GC(579) User=0.00s Sys=0.00s Real=0.00s
[2026-06-17T09:54:05.801+0800][22.049s][info][gc,start       ] GC(579) Pause Remark
[2026-06-17T09:54:05.802+0800][22.050s][info][gc             ] GC(579) Pause Remark 41M->41M(61M) 0.416ms
[2026-06-17T09:54:05.802+0800][22.050s][info][gc,cpu         ] GC(579) User=0.00s Sys=0.00s Real=0.00s
[2026-06-17T09:54:05.802+0800][22.050s][info][gc             ] GC(579) Concurrent Sweep
[2026-06-17T09:54:05.802+0800][22.050s][info][gc             ] GC(579) Concurrent Sweep 0.237ms
[2026-06-17T09:54:05.802+0800][22.050s][info][gc,cpu         ] GC(579) User=0.00s Sys=0.00s Real=0.00s
[2026-06-17T09:54:05.802+0800][22.050s][info][gc             ] GC(579) Concurrent Reset
[2026-06-17T09:54:05.803+0800][22.051s][info][gc             ] GC(579) Concurrent Reset 0.194ms
[2026-06-17T09:54:05.803+0800][22.051s][info][gc,cpu         ] GC(579) User=0.00s Sys=0.00s Real=0.01s
[2026-06-17T09:54:05.803+0800][22.051s][info][gc,heap        ] GC(579) Old: 39232K->26937K(43712K)
[2026-06-17T09:54:05.852+0800][22.100s][info][gc,start       ] GC(580) Pause Young (Allocation Failure)
[2026-06-17T09:54:05.852+0800][22.100s][info][gc,task        ] GC(580) Using 2 workers of 18 for evacuation
[2026-06-17T09:54:05.853+0800][22.101s][info][gc,heap        ] GC(580) ParNew: 19647K->2104K(19648K)
[2026-06-17T09:54:05.853+0800][22.101s][info][gc,heap        ] GC(580) CMS: 26937K->28907K(43712K)
[2026-06-17T09:54:05.853+0800][22.101s][info][gc,metaspace   ] GC(580) Metaspace: 3160K(4864K)->3160K(4864K) NonClass: 2855K(4352K)->2855K(4352K) Class: 305K(512K)->305K(512K)
[2026-06-17T09:54:05.853+0800][22.101s][info][gc             ] GC(580) Pause Young (Allocation Failure) 45M->30M(61M) 1.538ms
[2026-06-17T09:54:05.853+0800][22.102s][info][gc,cpu         ] GC(580) User=0.00s Sys=0.00s Real=0.00s
[2026-06-17T09:54:05.902+0800][22.150s][info][gc,start       ] GC(581) Pause Young (Allocation Failure)
[2026-06-17T09:54:05.916+0800][22.164s][info][gc,task        ] GC(581) Using 2 workers of 18 for evacuation
[2026-06-17T09:54:05.919+0800][22.167s][info][gc,heap        ] GC(581) ParNew: 19566K->2169K(19648K)
[2026-06-17T09:54:05.919+0800][22.167s][info][gc,heap        ] GC(581) CMS: 28907K->32652K(43712K)
[2026-06-17T09:54:05.928+0800][22.177s][info][gc,metaspace   ] GC(581) Metaspace: 3160K(4864K)->3160K(4864K) NonClass: 2855K(4352K)->2855K(4352K) Class: 305K(512K)->305K(512K)
[2026-06-17T09:54:05.929+0800][22.177s][info][gc             ] GC(581) Pause Young (Allocation Failure) 47M->34M(61M) 27.226ms
[2026-06-17T09:54:05.931+0800][22.179s][info][gc,cpu         ] GC(581) User=0.00s Sys=0.00s Real=0.04s
[2026-06-17T09:54:05.976+0800][22.225s][info][gc,start       ] GC(582) Pause Young (Allocation Failure)
[2026-06-17T09:54:05.977+0800][22.225s][info][gc,task        ] GC(582) Using 2 workers of 18 for evacuation
[2026-06-17T09:54:05.979+0800][22.227s][info][gc,heap        ] GC(582) ParNew: 19636K->2175K(19648K)
[2026-06-17T09:54:05.979+0800][22.227s][info][gc,heap        ] GC(582) CMS: 32652K->37077K(43712K)
[2026-06-17T09:54:05.980+0800][22.228s][info][gc,metaspace   ] GC(582) Metaspace: 3160K(4864K)->3160K(4864K) NonClass: 2855K(4352K)->2855K(4352K) Class: 305K(512K)->305K(512K)
[2026-06-17T09:54:05.981+0800][22.229s][info][gc             ] GC(582) Pause Young (Allocation Failure) 51M->38M(61M) 4.318ms
[2026-06-17T09:54:05.981+0800][22.230s][info][gc,cpu         ] GC(582) User=0.00s Sys=0.00s Real=0.00s
[2026-06-17T09:54:05.983+0800][22.231s][info][gc,start       ] GC(583) Pause Initial Mark
[2026-06-17T09:54:05.983+0800][22.231s][info][gc             ] GC(583) Pause Initial Mark 38M->38M(61M) 0.690ms
[2026-06-17T09:54:05.983+0800][22.232s][info][gc,cpu         ] GC(583) User=0.00s Sys=0.00s Real=0.00s
[2026-06-17T09:54:05.984+0800][22.232s][info][gc             ] GC(583) Concurrent Mark
[2026-06-17T09:54:05.984+0800][22.232s][info][gc,task        ] GC(583) Using 2 workers of 5 for marking
[2026-06-17T09:54:05.985+0800][22.234s][info][gc             ] GC(583) Concurrent Mark 1.948ms
[2026-06-17T09:54:05.986+0800][22.234s][info][gc,cpu         ] GC(583) User=0.01s Sys=0.00s Real=0.00s
[2026-06-17T09:54:05.986+0800][22.234s][info][gc             ] GC(583) Concurrent Preclean
[2026-06-17T09:54:05.986+0800][22.234s][info][gc             ] GC(583) Concurrent Preclean 0.147ms
[2026-06-17T09:54:05.986+0800][22.234s][info][gc,cpu         ] GC(583) User=0.00s Sys=0.00s Real=0.00s
[2026-06-17T09:54:05.986+0800][22.234s][info][gc,start       ] GC(583) Pause Remark
[2026-06-17T09:54:05.987+0800][22.236s][info][gc             ] GC(583) Pause Remark 39M->39M(61M) 1.367ms
[2026-06-17T09:54:05.988+0800][22.236s][info][gc,cpu         ] GC(583) User=0.00s Sys=0.00s Real=0.00s
[2026-06-17T09:54:05.988+0800][22.236s][info][gc             ] GC(583) Concurrent Sweep
[2026-06-17T09:54:05.988+0800][22.237s][info][gc             ] GC(583) Concurrent Sweep 0.437ms
[2026-06-17T09:54:05.989+0800][22.237s][info][gc,cpu         ] GC(583) User=0.00s Sys=0.00s Real=0.00s
[2026-06-17T09:54:05.989+0800][22.237s][info][gc             ] GC(583) Concurrent Reset
[2026-06-17T09:54:05.989+0800][22.237s][info][gc             ] GC(583) Concurrent Reset 0.164ms
[2026-06-17T09:54:05.989+0800][22.237s][info][gc,cpu         ] GC(583) User=0.00s Sys=0.00s Real=0.00s
[2026-06-17T09:54:05.989+0800][22.237s][info][gc,heap        ] GC(583) Old: 37077K->24776K(43712K)
[2026-06-17T09:54:06.025+0800][22.274s][info][gc,start       ] GC(584) Pause Young (Allocation Failure)
[2026-06-17T09:54:06.026+0800][22.274s][info][gc,task        ] GC(584) Using 2 workers of 18 for evacuation
[2026-06-17T09:54:06.028+0800][22.276s][info][gc,heap        ] GC(584) ParNew: 19603K->2175K(19648K)
[2026-06-17T09:54:06.028+0800][22.276s][info][gc,heap        ] GC(584) CMS: 24776K->30744K(43712K)
[2026-06-17T09:54:06.029+0800][22.277s][info][gc,metaspace   ] GC(584) Metaspace: 3160K(4864K)->3160K(4864K) NonClass: 2855K(4352K)->2855K(4352K) Class: 305K(512K)->305K(512K)
[2026-06-17T09:54:06.029+0800][22.277s][info][gc             ] GC(584) Pause Young (Allocation Failure) 43M->32M(61M) 3.910ms
[2026-06-17T09:54:06.030+0800][22.278s][info][gc,cpu         ] GC(584) User=0.00s Sys=0.00s Real=0.00s
[2026-06-17T09:54:06.031+0800][22.279s][info][gc,start       ] GC(585) Pause Initial Mark
[2026-06-17T09:54:06.031+0800][22.280s][info][gc             ] GC(585) Pause Initial Mark 32M->32M(61M) 0.691ms
[2026-06-17T09:54:06.032+0800][22.280s][info][gc,cpu         ] GC(585) User=0.00s Sys=0.00s Real=0.00s
[2026-06-17T09:54:06.033+0800][22.281s][info][gc             ] GC(585) Concurrent Mark
[2026-06-17T09:54:06.033+0800][22.281s][info][gc,task        ] GC(585) Using 2 workers of 5 for marking
[2026-06-17T09:54:06.034+0800][22.283s][info][gc             ] GC(585) Concurrent Mark 1.744ms
[2026-06-17T09:54:06.035+0800][22.283s][info][gc,cpu         ] GC(585) User=0.00s Sys=0.00s Real=0.00s
[2026-06-17T09:54:06.035+0800][22.283s][info][gc             ] GC(585) Concurrent Preclean
[2026-06-17T09:54:06.036+0800][22.284s][info][gc             ] GC(585) Concurrent Preclean 0.559ms
[2026-06-17T09:54:06.036+0800][22.284s][info][gc,cpu         ] GC(585) User=0.00s Sys=0.00s Real=0.00s
[2026-06-17T09:54:06.037+0800][22.285s][info][gc             ] GC(585) Concurrent Abortable Preclean
[2026-06-17T09:54:06.075+0800][22.323s][info][gc,start       ] GC(586) Pause Young (Allocation Failure)
[2026-06-17T09:54:06.075+0800][22.323s][info][gc,task        ] GC(586) Using 2 workers of 18 for evacuation
[2026-06-17T09:54:06.076+0800][22.324s][info][gc,heap        ] GC(586) ParNew: 19647K->2172K(19648K)
[2026-06-17T09:54:06.077+0800][22.325s][info][gc,heap        ] GC(586) CMS: 30744K->36833K(43712K)
[2026-06-17T09:54:06.077+0800][22.325s][info][gc,metaspace   ] GC(586) Metaspace: 3160K(4864K)->3160K(4864K) NonClass: 2855K(4352K)->2855K(4352K) Class: 305K(512K)->305K(512K)
[2026-06-17T09:54:06.077+0800][22.325s][info][gc             ] GC(586) Pause Young (Allocation Failure) 49M->38M(61M) 2.578ms
[2026-06-17T09:54:06.077+0800][22.326s][info][gc,cpu         ] GC(586) User=0.01s Sys=0.00s Real=0.00s
[2026-06-17T09:54:06.130+0800][22.378s][info][gc,start       ] GC(587) Pause Young (Allocation Failure)
[2026-06-17T09:54:06.130+0800][22.378s][info][gc,task        ] GC(587) Using 2 workers of 18 for evacuation
[2026-06-17T09:54:06.131+0800][22.379s][info][gc,start       ] GC(588) Pause Full (Allocation Failure)
[2026-06-17T09:54:06.131+0800][22.379s][info][gc             ] GC(585) Concurrent Abortable Preclean 94.513ms
[2026-06-17T09:54:06.131+0800][22.380s][info][gc,cpu         ] GC(585) User=0.01s Sys=0.00s Real=0.10s
[2026-06-17T09:54:06.132+0800][22.380s][info][gc,phases,start] GC(588) Phase 1: Mark live objects
[2026-06-17T09:54:06.132+0800][22.380s][info][gc,phases      ] GC(588) Phase 1: Mark live objects 0.670ms
[2026-06-17T09:54:06.133+0800][22.381s][info][gc,phases,start] GC(588) Phase 2: Compute new object addresses
[2026-06-17T09:54:06.133+0800][22.381s][info][gc,phases      ] GC(588) Phase 2: Compute new object addresses 0.399ms
[2026-06-17T09:54:06.133+0800][22.381s][info][gc,phases,start] GC(588) Phase 3: Adjust pointers
[2026-06-17T09:54:06.134+0800][22.382s][info][gc,phases      ] GC(588) Phase 3: Adjust pointers 0.395ms
[2026-06-17T09:54:06.134+0800][22.382s][info][gc,phases,start] GC(588) Phase 4: Move objects
[2026-06-17T09:54:06.136+0800][22.384s][info][gc,phases      ] GC(588) Phase 4: Move objects 1.992ms
[2026-06-17T09:54:06.137+0800][22.385s][info][gc             ] GC(588) Pause Full (Allocation Failure) 55M->23M(61M) 6.103ms
[2026-06-17T09:54:06.137+0800][22.385s][info][gc,heap        ] GC(587) ParNew: 19644K->0K(19648K)
[2026-06-17T09:54:06.137+0800][22.386s][info][gc,heap        ] GC(587) CMS: 36833K->24028K(43712K)
[2026-06-17T09:54:06.138+0800][22.386s][info][gc,metaspace   ] GC(587) Metaspace: 3160K(4864K)->3160K(4864K) NonClass: 2855K(4352K)->2855K(4352K) Class: 305K(512K)->305K(512K)
[2026-06-17T09:54:06.138+0800][22.386s][info][gc             ] GC(587) Pause Young (Allocation Failure) 55M->23M(61M) 7.925ms
[2026-06-17T09:54:06.138+0800][22.386s][info][gc,cpu         ] GC(587) User=0.00s Sys=0.00s Real=0.01s
[2026-06-17T09:54:06.180+0800][22.428s][info][gc,start       ] GC(589) Pause Young (Allocation Failure)
[2026-06-17T09:54:06.180+0800][22.428s][info][gc,task        ] GC(589) Using 2 workers of 18 for evacuation
[2026-06-17T09:54:06.181+0800][22.429s][info][gc,heap        ] GC(589) ParNew: 17446K->2173K(19648K)
[2026-06-17T09:54:06.181+0800][22.429s][info][gc,heap        ] GC(589) CMS: 24028K->28725K(43712K)
[2026-06-17T09:54:06.181+0800][22.430s][info][gc,metaspace   ] GC(589) Metaspace: 3160K(4864K)->3160K(4864K) NonClass: 2855K(4352K)->2855K(4352K) Class: 305K(512K)->305K(512K)
[2026-06-17T09:54:06.182+0800][22.430s][info][gc             ] GC(589) Pause Young (Allocation Failure) 40M->30M(61M) 1.846ms
[2026-06-17T09:54:06.182+0800][22.430s][info][gc,cpu         ] GC(589) User=0.00s Sys=0.00s Real=0.00s
[2026-06-17T09:54:06.224+0800][22.472s][info][gc,start       ] GC(590) Pause Young (Allocation Failure)
[2026-06-17T09:54:06.224+0800][22.472s][info][gc,task        ] GC(590) Using 2 workers of 18 for evacuation
[2026-06-17T09:54:06.225+0800][22.473s][info][gc,heap        ] GC(590) ParNew: 19641K->2161K(19648K)
[2026-06-17T09:54:06.225+0800][22.474s][info][gc,heap        ] GC(590) CMS: 28725K->32724K(43712K)
[2026-06-17T09:54:06.226+0800][22.474s][info][gc,metaspace   ] GC(590) Metaspace: 3160K(4864K)->3160K(4864K) NonClass: 2855K(4352K)->2855K(4352K) Class: 305K(512K)->305K(512K)
[2026-06-17T09:54:06.226+0800][22.474s][info][gc             ] GC(590) Pause Young (Allocation Failure) 47M->34M(61M) 2.314ms
[2026-06-17T09:54:06.226+0800][22.474s][info][gc,cpu         ] GC(590) User=0.01s Sys=0.00s Real=0.00s
[2026-06-17T09:54:06.268+0800][22.516s][info][gc,start       ] GC(591) Pause Young (Allocation Failure)
[2026-06-17T09:54:06.268+0800][22.516s][info][gc,task        ] GC(591) Using 2 workers of 18 for evacuation
[2026-06-17T09:54:06.269+0800][22.517s][info][gc,heap        ] GC(591) ParNew: 19633K->2172K(19648K)
[2026-06-17T09:54:06.269+0800][22.517s][info][gc,heap        ] GC(591) CMS: 32724K->36183K(43712K)
[2026-06-17T09:54:06.269+0800][22.518s][info][gc,metaspace   ] GC(591) Metaspace: 3160K(4864K)->3160K(4864K) NonClass: 2855K(4352K)->2855K(4352K) Class: 305K(512K)->305K(512K)
[2026-06-17T09:54:06.270+0800][22.518s][info][gc             ] GC(591) Pause Young (Allocation Failure) 51M->37M(61M) 1.659ms
[2026-06-17T09:54:06.270+0800][22.518s][info][gc,cpu         ] GC(591) User=0.00s Sys=0.00s Real=0.00s
[2026-06-17T09:54:06.270+0800][22.518s][info][gc,start       ] GC(592) Pause Initial Mark
[2026-06-17T09:54:06.270+0800][22.518s][info][gc             ] GC(592) Pause Initial Mark 38M->38M(61M) 0.234ms
[2026-06-17T09:54:06.271+0800][22.519s][info][gc,cpu         ] GC(592) User=0.00s Sys=0.00s Real=0.01s
[2026-06-17T09:54:06.271+0800][22.519s][info][gc             ] GC(592) Concurrent Mark
[2026-06-17T09:54:06.271+0800][22.519s][info][gc,task        ] GC(592) Using 2 workers of 5 for marking
[2026-06-17T09:54:06.272+0800][22.520s][info][gc             ] GC(592) Concurrent Mark 1.053ms
[2026-06-17T09:54:06.272+0800][22.520s][info][gc,cpu         ] GC(592) User=0.00s Sys=0.00s Real=0.00s
[2026-06-17T09:54:06.272+0800][22.520s][info][gc             ] GC(592) Concurrent Preclean
[2026-06-17T09:54:06.272+0800][22.521s][info][gc             ] GC(592) Concurrent Preclean 0.149ms
[2026-06-17T09:54:06.272+0800][22.521s][info][gc,cpu         ] GC(592) User=0.00s Sys=0.00s Real=0.00s
[2026-06-17T09:54:06.273+0800][22.521s][info][gc             ] GC(592) Concurrent Abortable Preclean
[2026-06-17T09:54:06.312+0800][22.560s][info][gc,start       ] GC(593) Pause Young (Allocation Failure)
[2026-06-17T09:54:06.313+0800][22.561s][info][gc,task        ] GC(593) Using 2 workers of 18 for evacuation
[2026-06-17T09:54:06.314+0800][22.562s][info][gc,heap        ] GC(593) ParNew: 19644K->2174K(19648K)
[2026-06-17T09:54:06.314+0800][22.562s][info][gc,heap        ] GC(593) CMS: 36183K->40607K(43712K)
[2026-06-17T09:54:06.314+0800][22.562s][info][gc,metaspace   ] GC(593) Metaspace: 3160K(4864K)->3160K(4864K) NonClass: 2855K(4352K)->2855K(4352K) Class: 305K(512K)->305K(512K)
[2026-06-17T09:54:06.314+0800][22.562s][info][gc             ] GC(593) Pause Young (Allocation Failure) 54M->41M(61M) 1.892ms
[2026-06-17T09:54:06.314+0800][22.563s][info][gc,cpu         ] GC(593) User=0.00s Sys=0.00s Real=0.00s
[2026-06-17T09:54:06.367+0800][22.615s][info][gc,start       ] GC(594) Pause Young (Allocation Failure)
[2026-06-17T09:54:06.367+0800][22.616s][info][gc,task        ] GC(594) Using 2 workers of 18 for evacuation
[2026-06-17T09:54:06.368+0800][22.616s][info][gc,start       ] GC(595) Pause Full (Allocation Failure)
[2026-06-17T09:54:06.368+0800][22.616s][info][gc             ] GC(592) Concurrent Abortable Preclean 95.331ms
[2026-06-17T09:54:06.368+0800][22.616s][info][gc,cpu         ] GC(592) User=0.00s Sys=0.00s Real=0.09s
[2026-06-17T09:54:06.368+0800][22.616s][info][gc,phases,start] GC(595) Phase 1: Mark live objects
[2026-06-17T09:54:06.369+0800][22.617s][info][gc,phases      ] GC(595) Phase 1: Mark live objects 0.660ms
[2026-06-17T09:54:06.369+0800][22.617s][info][gc,phases,start] GC(595) Phase 2: Compute new object addresses
[2026-06-17T09:54:06.370+0800][22.618s][info][gc,phases      ] GC(595) Phase 2: Compute new object addresses 0.366ms
[2026-06-17T09:54:06.370+0800][22.618s][info][gc,phases,start] GC(595) Phase 3: Adjust pointers
[2026-06-17T09:54:06.370+0800][22.618s][info][gc,phases      ] GC(595) Phase 3: Adjust pointers 0.406ms
[2026-06-17T09:54:06.370+0800][22.619s][info][gc,phases,start] GC(595) Phase 4: Move objects
[2026-06-17T09:54:06.373+0800][22.621s][info][gc,phases      ] GC(595) Phase 4: Move objects 2.497ms
[2026-06-17T09:54:06.374+0800][22.622s][info][gc             ] GC(595) Pause Full (Allocation Failure) 58M->28M(61M) 6.462ms
[2026-06-17T09:54:06.374+0800][22.623s][info][gc,heap        ] GC(594) ParNew: 19608K->0K(19648K)
[2026-06-17T09:54:06.375+0800][22.623s][info][gc,heap        ] GC(594) CMS: 40607K->28945K(43712K)
[2026-06-17T09:54:06.375+0800][22.623s][info][gc,metaspace   ] GC(594) Metaspace: 3160K(4864K)->3160K(4864K) NonClass: 2855K(4352K)->2855K(4352K) Class: 305K(512K)->305K(512K)
[2026-06-17T09:54:06.375+0800][22.624s][info][gc             ] GC(594) Pause Young (Allocation Failure) 58M->28M(61M) 8.702ms
[2026-06-17T09:54:06.376+0800][22.624s][info][gc,cpu         ] GC(594) User=0.00s Sys=0.00s Real=0.01s
[2026-06-17T09:54:06.408+0800][22.656s][info][gc,start       ] GC(596) Pause Young (Allocation Failure)
[2026-06-17T09:54:06.408+0800][22.657s][info][gc,task        ] GC(596) Using 2 workers of 18 for evacuation
[2026-06-17T09:54:06.409+0800][22.658s][info][gc,heap        ] GC(596) ParNew: 17472K->2173K(19648K)
[2026-06-17T09:54:06.410+0800][22.658s][info][gc,heap        ] GC(596) CMS: 28945K->33591K(43712K)
[2026-06-17T09:54:06.410+0800][22.658s][info][gc,metaspace   ] GC(596) Metaspace: 3160K(4864K)->3160K(4864K) NonClass: 2855K(4352K)->2855K(4352K) Class: 305K(512K)->305K(512K)
[2026-06-17T09:54:06.410+0800][22.658s][info][gc             ] GC(596) Pause Young (Allocation Failure) 45M->34M(61M) 2.565ms
[2026-06-17T09:54:06.411+0800][22.659s][info][gc,cpu         ] GC(596) User=0.01s Sys=0.00s Real=0.01s
[2026-06-17T09:54:06.412+0800][22.660s][info][gc,start       ] GC(597) Pause Initial Mark
[2026-06-17T09:54:06.412+0800][22.660s][info][gc             ] GC(597) Pause Initial Mark 36M->36M(61M) 0.467ms
[2026-06-17T09:54:06.412+0800][22.661s][info][gc,cpu         ] GC(597) User=0.00s Sys=0.00s Real=0.00s
[2026-06-17T09:54:06.413+0800][22.661s][info][gc             ] GC(597) Concurrent Mark
[2026-06-17T09:54:06.413+0800][22.661s][info][gc,task        ] GC(597) Using 2 workers of 5 for marking
[2026-06-17T09:54:06.413+0800][22.662s][info][gc             ] GC(597) Concurrent Mark 0.906ms
[2026-06-17T09:54:06.414+0800][22.662s][info][gc,cpu         ] GC(597) User=0.00s Sys=0.00s Real=0.00s
[2026-06-17T09:54:06.414+0800][22.662s][info][gc             ] GC(597) Concurrent Preclean
[2026-06-17T09:54:06.414+0800][22.662s][info][gc             ] GC(597) Concurrent Preclean 0.146ms
[2026-06-17T09:54:06.414+0800][22.662s][info][gc,cpu         ] GC(597) User=0.00s Sys=0.00s Real=0.00s
[2026-06-17T09:54:06.414+0800][22.662s][info][gc             ] GC(597) Concurrent Abortable Preclean
[2026-06-17T09:54:06.454+0800][22.703s][info][gc,start       ] GC(598) Pause Young (Allocation Failure)
[2026-06-17T09:54:06.455+0800][22.704s][info][gc,task        ] GC(598) Using 2 workers of 18 for evacuation
[2026-06-17T09:54:06.459+0800][22.707s][info][gc,heap        ] GC(598) ParNew: 19620K->2173K(19648K)
[2026-06-17T09:54:06.461+0800][22.710s][info][gc,heap        ] GC(598) CMS: 33591K->40552K(43712K)
[2026-06-17T09:54:06.464+0800][22.712s][info][gc,metaspace   ] GC(598) Metaspace: 3160K(4864K)->3160K(4864K) NonClass: 2855K(4352K)->2855K(4352K) Class: 305K(512K)->305K(512K)
[2026-06-17T09:54:06.466+0800][22.714s][info][gc             ] GC(598) Pause Young (Allocation Failure) 51M->41M(61M) 11.580ms
[2026-06-17T09:54:06.468+0800][22.716s][info][gc,cpu         ] GC(598) User=0.00s Sys=0.00s Real=0.01s
[2026-06-17T09:54:06.521+0800][22.769s][info][gc,start       ] GC(599) Pause Young (Allocation Failure)
[2026-06-17T09:54:06.521+0800][22.769s][info][gc,task        ] GC(599) Using 2 workers of 18 for evacuation
[2026-06-17T09:54:06.521+0800][22.770s][info][gc,start       ] GC(600) Pause Full (Allocation Failure)
[2026-06-17T09:54:06.522+0800][22.770s][info][gc             ] GC(597) Concurrent Abortable Preclean 107.371ms
[2026-06-17T09:54:06.522+0800][22.770s][info][gc,cpu         ] GC(597) User=0.00s Sys=0.00s Real=0.10s
[2026-06-17T09:54:06.522+0800][22.770s][info][gc,phases,start] GC(600) Phase 1: Mark live objects
[2026-06-17T09:54:06.523+0800][22.771s][info][gc,phases      ] GC(600) Phase 1: Mark live objects 0.687ms
[2026-06-17T09:54:06.523+0800][22.771s][info][gc,phases,start] GC(600) Phase 2: Compute new object addresses
[2026-06-17T09:54:06.523+0800][22.772s][info][gc,phases      ] GC(600) Phase 2: Compute new object addresses 0.387ms
[2026-06-17T09:54:06.524+0800][22.772s][info][gc,phases,start] GC(600) Phase 3: Adjust pointers
[2026-06-17T09:54:06.524+0800][22.772s][info][gc,phases      ] GC(600) Phase 3: Adjust pointers 0.437ms
[2026-06-17T09:54:06.524+0800][22.773s][info][gc,phases,start] GC(600) Phase 4: Move objects
[2026-06-17T09:54:06.527+0800][22.775s][info][gc,phases      ] GC(600) Phase 4: Move objects 2.285ms
[2026-06-17T09:54:06.527+0800][22.775s][info][gc             ] GC(600) Pause Full (Allocation Failure) 58M->28M(61M) 5.710ms
[2026-06-17T09:54:06.527+0800][22.775s][info][gc,heap        ] GC(599) ParNew: 19645K->0K(19648K)
[2026-06-17T09:54:06.527+0800][22.776s][info][gc,heap        ] GC(599) CMS: 40552K->28963K(43712K)
[2026-06-17T09:54:06.528+0800][22.776s][info][gc,metaspace   ] GC(599) Metaspace: 3160K(4864K)->3160K(4864K) NonClass: 2855K(4352K)->2855K(4352K) Class: 305K(512K)->305K(512K)
[2026-06-17T09:54:06.528+0800][22.776s][info][gc             ] GC(599) Pause Young (Allocation Failure) 58M->28M(61M) 6.836ms
[2026-06-17T09:54:06.528+0800][22.776s][info][gc,cpu         ] GC(599) User=0.01s Sys=0.00s Real=0.01s
[2026-06-17T09:54:06.570+0800][22.818s][info][gc,start       ] GC(601) Pause Young (Allocation Failure)
[2026-06-17T09:54:06.570+0800][22.818s][info][gc,task        ] GC(601) Using 2 workers of 18 for evacuation
[2026-06-17T09:54:06.571+0800][22.819s][info][gc,heap        ] GC(601) ParNew: 17472K->2174K(19648K)
[2026-06-17T09:54:06.572+0800][22.820s][info][gc,heap        ] GC(601) CMS: 28963K->34003K(43712K)
[2026-06-17T09:54:06.572+0800][22.820s][info][gc,metaspace   ] GC(601) Metaspace: 3160K(4864K)->3160K(4864K) NonClass: 2855K(4352K)->2855K(4352K) Class: 305K(512K)->305K(512K)
[2026-06-17T09:54:06.572+0800][22.820s][info][gc             ] GC(601) Pause Young (Allocation Failure) 45M->35M(61M) 2.500ms
[2026-06-17T09:54:06.572+0800][22.821s][info][gc,cpu         ] GC(601) User=0.00s Sys=0.00s Real=0.01s
[2026-06-17T09:54:06.573+0800][22.821s][info][gc,start       ] GC(602) Pause Initial Mark
[2026-06-17T09:54:06.573+0800][22.822s][info][gc             ] GC(602) Pause Initial Mark 36M->36M(61M) 0.480ms
[2026-06-17T09:54:06.574+0800][22.822s][info][gc,cpu         ] GC(602) User=0.00s Sys=0.00s Real=0.00s
[2026-06-17T09:54:06.574+0800][22.822s][info][gc             ] GC(602) Concurrent Mark
[2026-06-17T09:54:06.574+0800][22.822s][info][gc,task        ] GC(602) Using 2 workers of 5 for marking
[2026-06-17T09:54:06.575+0800][22.823s][info][gc             ] GC(602) Concurrent Mark 0.854ms
[2026-06-17T09:54:06.575+0800][22.823s][info][gc,cpu         ] GC(602) User=0.00s Sys=0.00s Real=0.00s
[2026-06-17T09:54:06.575+0800][22.824s][info][gc             ] GC(602) Concurrent Preclean
[2026-06-17T09:54:06.575+0800][22.824s][info][gc             ] GC(602) Concurrent Preclean 0.147ms
[2026-06-17T09:54:06.576+0800][22.824s][info][gc,cpu         ] GC(602) User=0.00s Sys=0.00s Real=0.00s
[2026-06-17T09:54:06.576+0800][22.824s][info][gc,start       ] GC(602) Pause Remark
[2026-06-17T09:54:06.576+0800][22.824s][info][gc             ] GC(602) Pause Remark 37M->37M(61M) 0.467ms
[2026-06-17T09:54:06.577+0800][22.825s][info][gc,cpu         ] GC(602) User=0.00s Sys=0.00s Real=0.00s
[2026-06-17T09:54:06.577+0800][22.825s][info][gc             ] GC(602) Concurrent Sweep
[2026-06-17T09:54:06.577+0800][22.825s][info][gc             ] GC(602) Concurrent Sweep 0.225ms
[2026-06-17T09:54:06.578+0800][22.826s][info][gc,cpu         ] GC(602) User=0.00s Sys=0.00s Real=0.00s
[2026-06-17T09:54:06.578+0800][22.826s][info][gc             ] GC(602) Concurrent Reset
[2026-06-17T09:54:06.578+0800][22.826s][info][gc             ] GC(602) Concurrent Reset 0.109ms
[2026-06-17T09:54:06.578+0800][22.826s][info][gc,cpu         ] GC(602) User=0.00s Sys=0.00s Real=0.00s
[2026-06-17T09:54:06.578+0800][22.826s][info][gc,heap        ] GC(602) Old: 34003K->31732K(43712K)
[2026-06-17T09:54:06.616+0800][22.864s][info][gc,start       ] GC(603) Pause Young (Allocation Failure)
[2026-06-17T09:54:06.617+0800][22.865s][info][gc,task        ] GC(603) Using 2 workers of 18 for evacuation
[2026-06-17T09:54:06.617+0800][22.866s][info][gc,heap        ] GC(603) ParNew: 19618K->2168K(19648K)
[2026-06-17T09:54:06.618+0800][22.866s][info][gc,heap        ] GC(603) CMS: 31732K->36088K(43712K)
[2026-06-17T09:54:06.618+0800][22.866s][info][gc,metaspace   ] GC(603) Metaspace: 3160K(4864K)->3160K(4864K) NonClass: 2855K(4352K)->2855K(4352K) Class: 305K(512K)->305K(512K)
[2026-06-17T09:54:06.618+0800][22.866s][info][gc             ] GC(603) Pause Young (Allocation Failure) 50M->37M(61M) 2.207ms
[2026-06-17T09:54:06.619+0800][22.867s][info][gc,cpu         ] GC(603) User=0.00s Sys=0.00s Real=0.00s
[2026-06-17T09:54:06.619+0800][22.867s][info][gc,start       ] GC(604) Pause Initial Mark
[2026-06-17T09:54:06.619+0800][22.867s][info][gc             ] GC(604) Pause Initial Mark 37M->37M(61M) 0.228ms
[2026-06-17T09:54:06.619+0800][22.867s][info][gc,cpu         ] GC(604) User=0.00s Sys=0.00s Real=0.00s
[2026-06-17T09:54:06.619+0800][22.867s][info][gc             ] GC(604) Concurrent Mark
[2026-06-17T09:54:06.619+0800][22.868s][info][gc,task        ] GC(604) Using 2 workers of 5 for marking
[2026-06-17T09:54:06.620+0800][22.868s][info][gc             ] GC(604) Concurrent Mark 0.735ms
[2026-06-17T09:54:06.620+0800][22.868s][info][gc,cpu         ] GC(604) User=0.00s Sys=0.00s Real=0.00s
[2026-06-17T09:54:06.620+0800][22.869s][info][gc             ] GC(604) Concurrent Preclean
[2026-06-17T09:54:06.621+0800][22.869s][info][gc             ] GC(604) Concurrent Preclean 0.146ms
[2026-06-17T09:54:06.621+0800][22.869s][info][gc,cpu         ] GC(604) User=0.00s Sys=0.00s Real=0.00s
[2026-06-17T09:54:06.621+0800][22.869s][info][gc,start       ] GC(604) Pause Remark
[2026-06-17T09:54:06.621+0800][22.869s][info][gc             ] GC(604) Pause Remark 38M->38M(61M) 0.378ms
[2026-06-17T09:54:06.621+0800][22.870s][info][gc,cpu         ] GC(604) User=0.00s Sys=0.00s Real=0.00s
[2026-06-17T09:54:06.621+0800][22.870s][info][gc             ] GC(604) Concurrent Sweep
[2026-06-17T09:54:06.622+0800][22.870s][info][gc             ] GC(604) Concurrent Sweep 0.214ms
[2026-06-17T09:54:06.622+0800][22.870s][info][gc,cpu         ] GC(604) User=0.00s Sys=0.00s Real=0.00s
[2026-06-17T09:54:06.622+0800][22.870s][info][gc             ] GC(604) Concurrent Reset
[2026-06-17T09:54:06.622+0800][22.870s][info][gc             ] GC(604) Concurrent Reset 0.235ms
[2026-06-17T09:54:06.622+0800][22.870s][info][gc,cpu         ] GC(604) User=0.00s Sys=0.00s Real=0.00s
[2026-06-17T09:54:06.622+0800][22.871s][info][gc,heap        ] GC(604) Old: 36088K->18821K(43712K)
[2026-06-17T09:54:06.661+0800][22.909s][info][gc,start       ] GC(605) Pause Young (Allocation Failure)
[2026-06-17T09:54:06.662+0800][22.910s][info][gc,task        ] GC(605) Using 2 workers of 18 for evacuation
[2026-06-17T09:54:06.663+0800][22.911s][info][gc,heap        ] GC(605) ParNew: 19413K->2098K(19648K)
[2026-06-17T09:54:06.663+0800][22.911s][info][gc,heap        ] GC(605) CMS: 18821K->21164K(43712K)
[2026-06-17T09:54:06.663+0800][22.911s][info][gc,metaspace   ] GC(605) Metaspace: 3160K(4864K)->3160K(4864K) NonClass: 2855K(4352K)->2855K(4352K) Class: 305K(512K)->305K(512K)
[2026-06-17T09:54:06.663+0800][22.911s][info][gc             ] GC(605) Pause Young (Allocation Failure) 37M->22M(61M) 1.923ms
[2026-06-17T09:54:06.663+0800][22.912s][info][gc,cpu         ] GC(605) User=0.00s Sys=0.00s Real=0.01s
[2026-06-17T09:54:06.716+0800][22.964s][info][gc,start       ] GC(606) Pause Young (Allocation Failure)
[2026-06-17T09:54:06.718+0800][22.966s][info][gc,task        ] GC(606) Using 2 workers of 18 for evacuation
[2026-06-17T09:54:06.720+0800][22.968s][info][gc,heap        ] GC(606) ParNew: 19549K->2168K(19648K)
[2026-06-17T09:54:06.780+0800][23.028s][info][gc,heap        ] GC(606) CMS: 21164K->24879K(43712K)
[2026-06-17T09:54:06.784+0800][23.032s][info][gc,metaspace   ] GC(606) Metaspace: 3160K(4864K)->3160K(4864K) NonClass: 2855K(4352K)->2855K(4352K) Class: 305K(512K)->305K(512K)
[2026-06-17T09:54:06.784+0800][23.032s][info][gc             ] GC(606) Pause Young (Allocation Failure) 39M->26M(61M) 68.023ms
[2026-06-17T09:54:06.784+0800][23.032s][info][gc,cpu         ] GC(606) User=0.00s Sys=0.00s Real=0.07s
[2026-06-17T09:54:06.826+0800][23.075s][info][gc,start       ] GC(607) Pause Young (Allocation Failure)
[2026-06-17T09:54:06.827+0800][23.075s][info][gc,task        ] GC(607) Using 2 workers of 18 for evacuation
[2026-06-17T09:54:06.828+0800][23.076s][info][gc,heap        ] GC(607) ParNew: 19640K->2174K(19648K)
[2026-06-17T09:54:06.828+0800][23.076s][info][gc,heap        ] GC(607) CMS: 24879K->28100K(43712K)
[2026-06-17T09:54:06.828+0800][23.077s][info][gc,metaspace   ] GC(607) Metaspace: 3160K(4864K)->3160K(4864K) NonClass: 2855K(4352K)->2855K(4352K) Class: 305K(512K)->305K(512K)
[2026-06-17T09:54:06.829+0800][23.077s][info][gc             ] GC(607) Pause Young (Allocation Failure) 43M->29M(61M) 2.104ms
[2026-06-17T09:54:06.829+0800][23.077s][info][gc,cpu         ] GC(607) User=0.01s Sys=0.00s Real=0.00s
[2026-06-17T09:54:06.871+0800][23.119s][info][gc,start       ] GC(608) Pause Young (Allocation Failure)
[2026-06-17T09:54:06.871+0800][23.120s][info][gc,task        ] GC(608) Using 2 workers of 18 for evacuation
[2026-06-17T09:54:06.874+0800][23.122s][info][gc,heap        ] GC(608) ParNew: 19646K->2170K(19648K)
[2026-06-17T09:54:06.875+0800][23.124s][info][gc,heap        ] GC(608) CMS: 28100K->32458K(43712K)
[2026-06-17T09:54:06.876+0800][23.124s][info][gc,metaspace   ] GC(608) Metaspace: 3160K(4864K)->3160K(4864K) NonClass: 2855K(4352K)->2855K(4352K) Class: 305K(512K)->305K(512K)
[2026-06-17T09:54:06.879+0800][23.128s][info][gc             ] GC(608) Pause Young (Allocation Failure) 46M->33M(61M) 8.708ms
[2026-06-17T09:54:06.880+0800][23.128s][info][gc,cpu         ] GC(608) User=0.00s Sys=0.00s Real=0.00s
[2026-06-17T09:54:06.923+0800][23.171s][info][gc,start       ] GC(609) Pause Young (Allocation Failure)
[2026-06-17T09:54:06.924+0800][23.172s][info][gc,task        ] GC(609) Using 2 workers of 18 for evacuation
[2026-06-17T09:54:06.924+0800][23.172s][info][gc,heap        ] GC(609) ParNew: 19642K->2175K(19648K)
[2026-06-17T09:54:06.925+0800][23.173s][info][gc,heap        ] GC(609) CMS: 32458K->36302K(43712K)
[2026-06-17T09:54:06.925+0800][23.173s][info][gc,metaspace   ] GC(609) Metaspace: 3160K(4864K)->3160K(4864K) NonClass: 2855K(4352K)->2855K(4352K) Class: 305K(512K)->305K(512K)
[2026-06-17T09:54:06.925+0800][23.173s][info][gc             ] GC(609) Pause Young (Allocation Failure) 50M->37M(61M) 1.930ms
[2026-06-17T09:54:06.925+0800][23.173s][info][gc,cpu         ] GC(609) User=0.00s Sys=0.00s Real=0.00s
[2026-06-17T09:54:06.926+0800][23.174s][info][gc,start       ] GC(610) Pause Initial Mark
[2026-06-17T09:54:06.926+0800][23.174s][info][gc             ] GC(610) Pause Initial Mark 38M->38M(61M) 0.321ms
[2026-06-17T09:54:06.926+0800][23.174s][info][gc,cpu         ] GC(610) User=0.00s Sys=0.00s Real=0.00s
[2026-06-17T09:54:06.926+0800][23.175s][info][gc             ] GC(610) Concurrent Mark
[2026-06-17T09:54:06.927+0800][23.175s][info][gc,task        ] GC(610) Using 2 workers of 5 for marking
[2026-06-17T09:54:06.927+0800][23.175s][info][gc             ] GC(610) Concurrent Mark 0.915ms
[2026-06-17T09:54:06.928+0800][23.176s][info][gc,cpu         ] GC(610) User=0.00s Sys=0.00s Real=0.00s
[2026-06-17T09:54:06.928+0800][23.176s][info][gc             ] GC(610) Concurrent Preclean
[2026-06-17T09:54:06.928+0800][23.176s][info][gc             ] GC(610) Concurrent Preclean 0.160ms
[2026-06-17T09:54:06.928+0800][23.176s][info][gc,cpu         ] GC(610) User=0.00s Sys=0.00s Real=0.00s
[2026-06-17T09:54:06.928+0800][23.176s][info][gc,start       ] GC(610) Pause Remark
[2026-06-17T09:54:06.929+0800][23.177s][info][gc             ] GC(610) Pause Remark 38M->38M(61M) 0.445ms
[2026-06-17T09:54:06.929+0800][23.177s][info][gc,cpu         ] GC(610) User=0.00s Sys=0.00s Real=0.00s
[2026-06-17T09:54:06.929+0800][23.177s][info][gc             ] GC(610) Concurrent Sweep
[2026-06-17T09:54:06.929+0800][23.177s][info][gc             ] GC(610) Concurrent Sweep 0.210ms
[2026-06-17T09:54:06.929+0800][23.177s][info][gc,cpu         ] GC(610) User=0.00s Sys=0.00s Real=0.00s
[2026-06-17T09:54:06.929+0800][23.177s][info][gc             ] GC(610) Concurrent Reset
[2026-06-17T09:54:06.930+0800][23.178s][info][gc             ] GC(610) Concurrent Reset 0.198ms
[2026-06-17T09:54:06.930+0800][23.178s][info][gc,cpu         ] GC(610) User=0.00s Sys=0.00s Real=0.00s
[2026-06-17T09:54:06.930+0800][23.178s][info][gc,heap        ] GC(610) Old: 36302K->24089K(43712K)
[2026-06-17T09:54:06.969+0800][23.217s][info][gc,start       ] GC(611) Pause Young (Allocation Failure)
[2026-06-17T09:54:06.969+0800][23.217s][info][gc,task        ] GC(611) Using 2 workers of 18 for evacuation
[2026-06-17T09:54:06.969+0800][23.218s][info][gc,heap        ] GC(611) ParNew: 19597K->1677K(19648K)
[2026-06-17T09:54:06.970+0800][23.218s][info][gc,heap        ] GC(611) CMS: 24089K->24984K(43712K)
[2026-06-17T09:54:06.970+0800][23.218s][info][gc,metaspace   ] GC(611) Metaspace: 3160K(4864K)->3160K(4864K) NonClass: 2855K(4352K)->2855K(4352K) Class: 305K(512K)->305K(512K)
[2026-06-17T09:54:06.970+0800][23.218s][info][gc             ] GC(611) Pause Young (Allocation Failure) 42M->26M(61M) 1.419ms
[2026-06-17T09:54:06.970+0800][23.218s][info][gc,cpu         ] GC(611) User=0.01s Sys=0.00s Real=0.00s
[2026-06-17T09:54:07.013+0800][23.261s][info][gc,start       ] GC(612) Pause Young (Allocation Failure)
[2026-06-17T09:54:07.013+0800][23.261s][info][gc,task        ] GC(612) Using 2 workers of 18 for evacuation
[2026-06-17T09:54:07.014+0800][23.262s][info][gc,heap        ] GC(612) ParNew: 19094K->2172K(19648K)
[2026-06-17T09:54:07.014+0800][23.262s][info][gc,heap        ] GC(612) CMS: 24984K->31423K(43712K)
[2026-06-17T09:54:07.014+0800][23.263s][info][gc,metaspace   ] GC(612) Metaspace: 3160K(4864K)->3160K(4864K) NonClass: 2855K(4352K)->2855K(4352K) Class: 305K(512K)->305K(512K)
[2026-06-17T09:54:07.015+0800][23.263s][info][gc             ] GC(612) Pause Young (Allocation Failure) 43M->32M(61M) 1.983ms
[2026-06-17T09:54:07.015+0800][23.263s][info][gc,cpu         ] GC(612) User=0.00s Sys=0.00s Real=0.00s
[2026-06-17T09:54:07.015+0800][23.263s][info][gc,start       ] GC(613) Pause Initial Mark
[2026-06-17T09:54:07.015+0800][23.264s][info][gc             ] GC(613) Pause Initial Mark 33M->33M(61M) 0.410ms
[2026-06-17T09:54:07.016+0800][23.264s][info][gc,cpu         ] GC(613) User=0.00s Sys=0.00s Real=0.00s
[2026-06-17T09:54:07.016+0800][23.264s][info][gc             ] GC(613) Concurrent Mark
[2026-06-17T09:54:07.016+0800][23.264s][info][gc,task        ] GC(613) Using 2 workers of 5 for marking
[2026-06-17T09:54:07.018+0800][23.266s][info][gc             ] GC(613) Concurrent Mark 1.848ms
[2026-06-17T09:54:07.018+0800][23.266s][info][gc,cpu         ] GC(613) User=0.00s Sys=0.00s Real=0.00s
[2026-06-17T09:54:07.018+0800][23.266s][info][gc             ] GC(613) Concurrent Preclean
[2026-06-17T09:54:07.018+0800][23.266s][info][gc             ] GC(613) Concurrent Preclean 0.219ms
[2026-06-17T09:54:07.018+0800][23.267s][info][gc,cpu         ] GC(613) User=0.00s Sys=0.00s Real=0.00s
[2026-06-17T09:54:07.019+0800][23.267s][info][gc,start       ] GC(613) Pause Remark
[2026-06-17T09:54:07.020+0800][23.268s][info][gc             ] GC(613) Pause Remark 33M->33M(61M) 0.926ms
[2026-06-17T09:54:07.020+0800][23.268s][info][gc,cpu         ] GC(613) User=0.00s Sys=0.00s Real=0.00s
[2026-06-17T09:54:07.020+0800][23.268s][info][gc             ] GC(613) Concurrent Sweep
[2026-06-17T09:54:07.020+0800][23.268s][info][gc             ] GC(613) Concurrent Sweep 0.351ms
[2026-06-17T09:54:07.020+0800][23.269s][info][gc,cpu         ] GC(613) User=0.00s Sys=0.00s Real=0.00s
[2026-06-17T09:54:07.021+0800][23.269s][info][gc             ] GC(613) Concurrent Reset
[2026-06-17T09:54:07.021+0800][23.269s][info][gc             ] GC(613) Concurrent Reset 0.189ms
[2026-06-17T09:54:07.021+0800][23.269s][info][gc,cpu         ] GC(613) User=0.00s Sys=0.00s Real=0.00s
[2026-06-17T09:54:07.021+0800][23.269s][info][gc,heap        ] GC(613) Old: 31423K->21075K(43712K)
[2026-06-17T09:54:07.067+0800][23.316s][info][gc,start       ] GC(614) Pause Young (Allocation Failure)
[2026-06-17T09:54:07.068+0800][23.316s][info][gc,task        ] GC(614) Using 2 workers of 18 for evacuation
[2026-06-17T09:54:07.069+0800][23.317s][info][gc,heap        ] GC(614) ParNew: 19643K->2089K(19648K)
[2026-06-17T09:54:07.069+0800][23.317s][info][gc,heap        ] GC(614) CMS: 21075K->23254K(43712K)
[2026-06-17T09:54:07.070+0800][23.318s][info][gc,metaspace   ] GC(614) Metaspace: 3160K(4864K)->3160K(4864K) NonClass: 2855K(4352K)->2855K(4352K) Class: 305K(512K)->305K(512K)
[2026-06-17T09:54:07.070+0800][23.318s][info][gc             ] GC(614) Pause Young (Allocation Failure) 39M->24M(61M) 2.536ms
[2026-06-17T09:54:07.070+0800][23.318s][info][gc,cpu         ] GC(614) User=0.00s Sys=0.00s Real=0.00s
[2026-06-17T09:54:07.112+0800][23.361s][info][gc,start       ] GC(615) Pause Young (Allocation Failure)
[2026-06-17T09:54:07.113+0800][23.361s][info][gc,task        ] GC(615) Using 2 workers of 18 for evacuation
[2026-06-17T09:54:07.114+0800][23.362s][info][gc,heap        ] GC(615) ParNew: 19561K->2163K(19648K)
[2026-06-17T09:54:07.114+0800][23.363s][info][gc,heap        ] GC(615) CMS: 23254K->27637K(43712K)
[2026-06-17T09:54:07.115+0800][23.363s][info][gc,metaspace   ] GC(615) Metaspace: 3160K(4864K)->3160K(4864K) NonClass: 2855K(4352K)->2855K(4352K) Class: 305K(512K)->305K(512K)
[2026-06-17T09:54:07.115+0800][23.363s][info][gc             ] GC(615) Pause Young (Allocation Failure) 41M->29M(61M) 2.333ms
[2026-06-17T09:54:07.115+0800][23.363s][info][gc,cpu         ] GC(615) User=0.01s Sys=0.00s Real=0.00s
[2026-06-17T09:54:07.157+0800][23.405s][info][gc,start       ] GC(616) Pause Young (Allocation Failure)
[2026-06-17T09:54:07.162+0800][23.410s][info][gc,task        ] GC(616) Using 2 workers of 18 for evacuation
[2026-06-17T09:54:07.164+0800][23.412s][info][gc,heap        ] GC(616) ParNew: 19627K->2168K(19648K)
[2026-06-17T09:54:07.164+0800][23.412s][info][gc,heap        ] GC(616) CMS: 27637K->30865K(43712K)
[2026-06-17T09:54:07.164+0800][23.412s][info][gc,metaspace   ] GC(616) Metaspace: 3160K(4864K)->3160K(4864K) NonClass: 2855K(4352K)->2855K(4352K) Class: 305K(512K)->305K(512K)
[2026-06-17T09:54:07.164+0800][23.413s][info][gc             ] GC(616) Pause Young (Allocation Failure) 46M->32M(61M) 7.296ms
[2026-06-17T09:54:07.165+0800][23.413s][info][gc,cpu         ] GC(616) User=0.00s Sys=0.00s Real=0.01s
[2026-06-17T09:54:07.207+0800][23.455s][info][gc,start       ] GC(617) Pause Young (Allocation Failure)
[2026-06-17T09:54:07.207+0800][23.455s][info][gc,task        ] GC(617) Using 2 workers of 18 for evacuation
[2026-06-17T09:54:07.208+0800][23.456s][info][gc,heap        ] GC(617) ParNew: 19516K->2154K(19648K)
[2026-06-17T09:54:07.208+0800][23.456s][info][gc,heap        ] GC(617) CMS: 30865K->32244K(43712K)
[2026-06-17T09:54:07.209+0800][23.457s][info][gc,metaspace   ] GC(617) Metaspace: 3160K(4864K)->3160K(4864K) NonClass: 2855K(4352K)->2855K(4352K) Class: 305K(512K)->305K(512K)
[2026-06-17T09:54:07.209+0800][23.457s][info][gc             ] GC(617) Pause Young (Allocation Failure) 49M->33M(61M) 2.156ms
[2026-06-17T09:54:07.209+0800][23.457s][info][gc,cpu         ] GC(617) User=0.00s Sys=0.00s Real=0.00s
[2026-06-17T09:54:07.252+0800][23.500s][info][gc,start       ] GC(618) Pause Young (Allocation Failure)
[2026-06-17T09:54:07.252+0800][23.500s][info][gc,task        ] GC(618) Using 2 workers of 18 for evacuation
[2026-06-17T09:54:07.253+0800][23.501s][info][gc,heap        ] GC(618) ParNew: 19626K->2170K(19648K)
[2026-06-17T09:54:07.253+0800][23.501s][info][gc,heap        ] GC(618) CMS: 32244K->38904K(43712K)
[2026-06-17T09:54:07.253+0800][23.502s][info][gc,metaspace   ] GC(618) Metaspace: 3160K(4864K)->3160K(4864K) NonClass: 2855K(4352K)->2855K(4352K) Class: 305K(512K)->305K(512K)
[2026-06-17T09:54:07.254+0800][23.502s][info][gc             ] GC(618) Pause Young (Allocation Failure) 50M->40M(61M) 2.059ms
[2026-06-17T09:54:07.254+0800][23.502s][info][gc,cpu         ] GC(618) User=0.00s Sys=0.00s Real=0.00s
[2026-06-17T09:54:07.254+0800][23.502s][info][gc,start       ] GC(619) Pause Initial Mark
[2026-06-17T09:54:07.254+0800][23.502s][info][gc             ] GC(619) Pause Initial Mark 40M->40M(61M) 0.217ms
[2026-06-17T09:54:07.254+0800][23.503s][info][gc,cpu         ] GC(619) User=0.00s Sys=0.00s Real=0.00s
[2026-06-17T09:54:07.254+0800][23.503s][info][gc             ] GC(619) Concurrent Mark
[2026-06-17T09:54:07.255+0800][23.503s][info][gc,task        ] GC(619) Using 2 workers of 5 for marking
[2026-06-17T09:54:07.255+0800][23.503s][info][gc             ] GC(619) Concurrent Mark 0.840ms
[2026-06-17T09:54:07.255+0800][23.504s][info][gc,cpu         ] GC(619) User=0.01s Sys=0.00s Real=0.00s
[2026-06-17T09:54:07.256+0800][23.504s][info][gc             ] GC(619) Concurrent Preclean
[2026-06-17T09:54:07.256+0800][23.504s][info][gc             ] GC(619) Concurrent Preclean 0.123ms
[2026-06-17T09:54:07.256+0800][23.504s][info][gc,cpu         ] GC(619) User=0.00s Sys=0.00s Real=0.00s
[2026-06-17T09:54:07.256+0800][23.504s][info][gc,start       ] GC(619) Pause Remark
[2026-06-17T09:54:07.256+0800][23.505s][info][gc             ] GC(619) Pause Remark 40M->40M(61M) 0.435ms
[2026-06-17T09:54:07.257+0800][23.505s][info][gc,cpu         ] GC(619) User=0.00s Sys=0.00s Real=0.00s
[2026-06-17T09:54:07.257+0800][23.505s][info][gc             ] GC(619) Concurrent Sweep
[2026-06-17T09:54:07.257+0800][23.505s][info][gc             ] GC(619) Concurrent Sweep 0.287ms
[2026-06-17T09:54:07.257+0800][23.505s][info][gc,cpu         ] GC(619) User=0.00s Sys=0.00s Real=0.00s
[2026-06-17T09:54:07.257+0800][23.505s][info][gc             ] GC(619) Concurrent Reset
[2026-06-17T09:54:07.257+0800][23.505s][info][gc             ] GC(619) Concurrent Reset 0.124ms
[2026-06-17T09:54:07.257+0800][23.506s][info][gc,cpu         ] GC(619) User=0.00s Sys=0.00s Real=0.00s
[2026-06-17T09:54:07.258+0800][23.506s][info][gc,heap        ] GC(619) Old: 38904K->26394K(43712K)
[2026-06-17T09:54:07.306+0800][23.554s][info][gc,start       ] GC(620) Pause Young (Allocation Failure)
[2026-06-17T09:54:07.306+0800][23.554s][info][gc,task        ] GC(620) Using 2 workers of 18 for evacuation
[2026-06-17T09:54:07.307+0800][23.555s][info][gc,heap        ] GC(620) ParNew: 19642K->2166K(19648K)
[2026-06-17T09:54:07.307+0800][23.556s][info][gc,heap        ] GC(620) CMS: 26394K->29520K(43712K)
[2026-06-17T09:54:07.308+0800][23.556s][info][gc,metaspace   ] GC(620) Metaspace: 3160K(4864K)->3160K(4864K) NonClass: 2855K(4352K)->2855K(4352K) Class: 305K(512K)->305K(512K)
[2026-06-17T09:54:07.308+0800][23.556s][info][gc             ] GC(620) Pause Young (Allocation Failure) 44M->30M(61M) 1.789ms
[2026-06-17T09:54:07.308+0800][23.556s][info][gc,cpu         ] GC(620) User=0.00s Sys=0.00s Real=0.00s
[2026-06-17T09:54:07.350+0800][23.598s][info][gc,start       ] GC(621) Pause Young (Allocation Failure)
[2026-06-17T09:54:07.353+0800][23.601s][info][gc,task        ] GC(621) Using 2 workers of 18 for evacuation
[2026-06-17T09:54:07.354+0800][23.602s][info][gc,heap        ] GC(621) ParNew: 19638K->2172K(19648K)
[2026-06-17T09:54:07.355+0800][23.603s][info][gc,heap        ] GC(621) CMS: 29520K->32993K(43712K)
[2026-06-17T09:54:07.355+0800][23.603s][info][gc,metaspace   ] GC(621) Metaspace: 3160K(4864K)->3160K(4864K) NonClass: 2855K(4352K)->2855K(4352K) Class: 305K(512K)->305K(512K)
[2026-06-17T09:54:07.355+0800][23.603s][info][gc             ] GC(621) Pause Young (Allocation Failure) 48M->34M(61M) 5.005ms
[2026-06-17T09:54:07.355+0800][23.603s][info][gc,cpu         ] GC(621) User=0.00s Sys=0.00s Real=0.01s
[2026-06-17T09:54:07.397+0800][23.645s][info][gc,start       ] GC(622) Pause Young (Allocation Failure)
[2026-06-17T09:54:07.405+0800][23.654s][info][gc,task        ] GC(622) Using 2 workers of 18 for evacuation
[2026-06-17T09:54:07.406+0800][23.655s][info][gc,heap        ] GC(622) ParNew: 19614K->2165K(19648K)
[2026-06-17T09:54:07.409+0800][23.657s][info][gc,heap        ] GC(622) CMS: 32993K->36231K(43712K)
[2026-06-17T09:54:07.410+0800][23.658s][info][gc,metaspace   ] GC(622) Metaspace: 3160K(4864K)->3160K(4864K) NonClass: 2855K(4352K)->2855K(4352K) Class: 305K(512K)->305K(512K)
[2026-06-17T09:54:07.415+0800][23.663s][info][gc             ] GC(622) Pause Young (Allocation Failure) 51M->37M(61M) 17.492ms
[2026-06-17T09:54:07.415+0800][23.663s][info][gc,cpu         ] GC(622) User=0.00s Sys=0.00s Real=0.02s
[2026-06-17T09:54:07.415+0800][23.664s][info][gc,start       ] GC(623) Pause Initial Mark
[2026-06-17T09:54:07.424+0800][23.672s][info][gc             ] GC(623) Pause Initial Mark 38M->38M(61M) 8.542ms
[2026-06-17T09:54:07.425+0800][23.673s][info][gc,cpu         ] GC(623) User=0.00s Sys=0.00s Real=0.01s
[2026-06-17T09:54:07.426+0800][23.674s][info][gc             ] GC(623) Concurrent Mark
[2026-06-17T09:54:07.426+0800][23.675s][info][gc,task        ] GC(623) Using 2 workers of 5 for marking
[2026-06-17T09:54:07.427+0800][23.676s][info][gc             ] GC(623) Concurrent Mark 1.721ms
[2026-06-17T09:54:07.428+0800][23.676s][info][gc,cpu         ] GC(623) User=0.00s Sys=0.00s Real=0.00s
[2026-06-17T09:54:07.428+0800][23.676s][info][gc             ] GC(623) Concurrent Preclean
[2026-06-17T09:54:07.428+0800][23.676s][info][gc             ] GC(623) Concurrent Preclean 0.155ms
[2026-06-17T09:54:07.428+0800][23.676s][info][gc,cpu         ] GC(623) User=0.00s Sys=0.00s Real=0.00s
[2026-06-17T09:54:07.429+0800][23.677s][info][gc,start       ] GC(623) Pause Remark
[2026-06-17T09:54:07.429+0800][23.677s][info][gc             ] GC(623) Pause Remark 39M->39M(61M) 0.655ms
[2026-06-17T09:54:07.429+0800][23.678s][info][gc,cpu         ] GC(623) User=0.00s Sys=0.00s Real=0.00s
[2026-06-17T09:54:07.430+0800][23.678s][info][gc             ] GC(623) Concurrent Sweep
[2026-06-17T09:54:07.430+0800][23.678s][info][gc             ] GC(623) Concurrent Sweep 0.260ms
[2026-06-17T09:54:07.430+0800][23.678s][info][gc,cpu         ] GC(623) User=0.00s Sys=0.00s Real=0.00s
[2026-06-17T09:54:07.430+0800][23.678s][info][gc             ] GC(623) Concurrent Reset
[2026-06-17T09:54:07.430+0800][23.678s][info][gc             ] GC(623) Concurrent Reset 0.114ms
[2026-06-17T09:54:07.430+0800][23.679s][info][gc,cpu         ] GC(623) User=0.00s Sys=0.00s Real=0.00s
[2026-06-17T09:54:07.430+0800][23.679s][info][gc,heap        ] GC(623) Old: 36231K->23481K(43712K)
[2026-06-17T09:54:07.467+0800][23.716s][info][gc,start       ] GC(624) Pause Young (Allocation Failure)
[2026-06-17T09:54:07.469+0800][23.717s][info][gc,task        ] GC(624) Using 2 workers of 18 for evacuation
[2026-06-17T09:54:07.472+0800][23.720s][info][gc,heap        ] GC(624) ParNew: 19636K->2090K(19648K)
[2026-06-17T09:54:07.472+0800][23.720s][info][gc,heap        ] GC(624) CMS: 23481K->25006K(43712K)
[2026-06-17T09:54:07.473+0800][23.721s][info][gc,metaspace   ] GC(624) Metaspace: 3160K(4864K)->3160K(4864K) NonClass: 2855K(4352K)->2855K(4352K) Class: 305K(512K)->305K(512K)
[2026-06-17T09:54:07.474+0800][23.723s][info][gc             ] GC(624) Pause Young (Allocation Failure) 42M->26M(61M) 6.977ms
[2026-06-17T09:54:07.475+0800][23.723s][info][gc,cpu         ] GC(624) User=0.00s Sys=0.00s Real=0.01s
[2026-06-17T09:54:07.518+0800][23.766s][info][gc,start       ] GC(625) Pause Young (Allocation Failure)
[2026-06-17T09:54:07.519+0800][23.767s][info][gc,task        ] GC(625) Using 2 workers of 18 for evacuation
[2026-06-17T09:54:07.521+0800][23.769s][info][gc,heap        ] GC(625) ParNew: 19557K->2173K(19648K)
[2026-06-17T09:54:07.522+0800][23.770s][info][gc,heap        ] GC(625) CMS: 25006K->31824K(43712K)
[2026-06-17T09:54:07.522+0800][23.771s][info][gc,metaspace   ] GC(625) Metaspace: 3160K(4864K)->3160K(4864K) NonClass: 2855K(4352K)->2855K(4352K) Class: 305K(512K)->305K(512K)
[2026-06-17T09:54:07.523+0800][23.771s][info][gc             ] GC(625) Pause Young (Allocation Failure) 43M->33M(61M) 5.238ms
[2026-06-17T09:54:07.524+0800][23.772s][info][gc,cpu         ] GC(625) User=0.00s Sys=0.00s Real=0.01s
[2026-06-17T09:54:07.525+0800][23.773s][info][gc,start       ] GC(626) Pause Initial Mark
[2026-06-17T09:54:07.525+0800][23.773s][info][gc             ] GC(626) Pause Initial Mark 33M->33M(61M) 0.657ms
[2026-06-17T09:54:07.526+0800][23.775s][info][gc,cpu         ] GC(626) User=0.00s Sys=0.00s Real=0.00s
[2026-06-17T09:54:07.527+0800][23.775s][info][gc             ] GC(626) Concurrent Mark
[2026-06-17T09:54:07.527+0800][23.775s][info][gc,task        ] GC(626) Using 2 workers of 5 for marking
[2026-06-17T09:54:07.528+0800][23.776s][info][gc             ] GC(626) Concurrent Mark 1.321ms
[2026-06-17T09:54:07.529+0800][23.777s][info][gc,cpu         ] GC(626) User=0.00s Sys=0.00s Real=0.00s
[2026-06-17T09:54:07.529+0800][23.777s][info][gc             ] GC(626) Concurrent Preclean
[2026-06-17T09:54:07.529+0800][23.778s][info][gc             ] GC(626) Concurrent Preclean 0.463ms
[2026-06-17T09:54:07.530+0800][23.778s][info][gc,cpu         ] GC(626) User=0.00s Sys=0.00s Real=0.00s
[2026-06-17T09:54:07.530+0800][23.778s][info][gc,start       ] GC(626) Pause Remark
[2026-06-17T09:54:07.531+0800][23.779s][info][gc             ] GC(626) Pause Remark 33M->33M(61M) 0.701ms
[2026-06-17T09:54:07.531+0800][23.779s][info][gc,cpu         ] GC(626) User=0.00s Sys=0.00s Real=0.01s
[2026-06-17T09:54:07.532+0800][23.780s][info][gc             ] GC(626) Concurrent Sweep
[2026-06-17T09:54:07.532+0800][23.781s][info][gc             ] GC(626) Concurrent Sweep 0.745ms
[2026-06-17T09:54:07.533+0800][23.781s][info][gc,cpu         ] GC(626) User=0.00s Sys=0.00s Real=0.00s
[2026-06-17T09:54:07.533+0800][23.781s][info][gc             ] GC(626) Concurrent Reset
[2026-06-17T09:54:07.534+0800][23.782s][info][gc             ] GC(626) Concurrent Reset 0.290ms
[2026-06-17T09:54:07.534+0800][23.782s][info][gc,cpu         ] GC(626) User=0.00s Sys=0.00s Real=0.00s
[2026-06-17T09:54:07.534+0800][23.782s][info][gc,heap        ] GC(626) Old: 31824K->30870K(43712K)
[2026-06-17T09:54:07.576+0800][23.825s][info][gc,start       ] GC(627) Pause Young (Allocation Failure)
[2026-06-17T09:54:07.577+0800][23.825s][info][gc,task        ] GC(627) Using 2 workers of 18 for evacuation
[2026-06-17T09:54:07.578+0800][23.826s][info][gc,heap        ] GC(627) ParNew: 19645K->2019K(19648K)
[2026-06-17T09:54:07.579+0800][23.827s][info][gc,heap        ] GC(627) CMS: 30870K->33126K(43712K)
[2026-06-17T09:54:07.579+0800][23.827s][info][gc,metaspace   ] GC(627) Metaspace: 3160K(4864K)->3160K(4864K) NonClass: 2855K(4352K)->2855K(4352K) Class: 305K(512K)->305K(512K)
[2026-06-17T09:54:07.581+0800][23.829s][info][gc             ] GC(627) Pause Young (Allocation Failure) 49M->34M(61M) 4.301ms
[2026-06-17T09:54:07.581+0800][23.829s][info][gc,cpu         ] GC(627) User=0.01s Sys=0.00s Real=0.00s
[2026-06-17T09:54:07.582+0800][23.831s][info][gc,start       ] GC(628) Pause Initial Mark
[2026-06-17T09:54:07.583+0800][23.831s][info][gc             ] GC(628) Pause Initial Mark 35M->35M(61M) 0.281ms
[2026-06-17T09:54:07.583+0800][23.831s][info][gc,cpu         ] GC(628) User=0.00s Sys=0.00s Real=0.01s
[2026-06-17T09:54:07.583+0800][23.831s][info][gc             ] GC(628) Concurrent Mark
[2026-06-17T09:54:07.583+0800][23.831s][info][gc,task        ] GC(628) Using 2 workers of 5 for marking
[2026-06-17T09:54:07.584+0800][23.832s][info][gc             ] GC(628) Concurrent Mark 0.958ms
[2026-06-17T09:54:07.585+0800][23.833s][info][gc,cpu         ] GC(628) User=0.00s Sys=0.00s Real=0.00s
[2026-06-17T09:54:07.585+0800][23.833s][info][gc             ] GC(628) Concurrent Preclean
[2026-06-17T09:54:07.585+0800][23.833s][info][gc             ] GC(628) Concurrent Preclean 0.437ms
[2026-06-17T09:54:07.586+0800][23.834s][info][gc,cpu         ] GC(628) User=0.00s Sys=0.00s Real=0.00s
[2026-06-17T09:54:07.586+0800][23.835s][info][gc             ] GC(628) Concurrent Abortable Preclean
[2026-06-17T09:54:07.625+0800][23.873s][info][gc,start       ] GC(629) Pause Young (Allocation Failure)
[2026-06-17T09:54:07.625+0800][23.874s][info][gc,task        ] GC(629) Using 2 workers of 18 for evacuation
[2026-06-17T09:54:07.626+0800][23.874s][info][gc,heap        ] GC(629) ParNew: 19491K->2081K(19648K)
[2026-06-17T09:54:07.627+0800][23.875s][info][gc,heap        ] GC(629) CMS: 33126K->36454K(43712K)
[2026-06-17T09:54:07.627+0800][23.875s][info][gc,metaspace   ] GC(629) Metaspace: 3160K(4864K)->3160K(4864K) NonClass: 2855K(4352K)->2855K(4352K) Class: 305K(512K)->305K(512K)
[2026-06-17T09:54:07.627+0800][23.875s][info][gc             ] GC(629) Pause Young (Allocation Failure) 51M->37M(61M) 1.933ms
[2026-06-17T09:54:07.627+0800][23.875s][info][gc,cpu         ] GC(629) User=0.00s Sys=0.00s Real=0.00s
[2026-06-17T09:54:07.669+0800][23.917s][info][gc,start       ] GC(630) Pause Young (Allocation Failure)
[2026-06-17T09:54:07.670+0800][23.919s][info][gc,task        ] GC(630) Using 2 workers of 18 for evacuation
[2026-06-17T09:54:07.672+0800][23.920s][info][gc,heap        ] GC(630) ParNew: 19547K->2168K(19648K)
[2026-06-17T09:54:07.672+0800][23.920s][info][gc,heap        ] GC(630) CMS: 36454K->40690K(43712K)
[2026-06-17T09:54:07.672+0800][23.920s][info][gc,metaspace   ] GC(630) Metaspace: 3160K(4864K)->3160K(4864K) NonClass: 2855K(4352K)->2855K(4352K) Class: 305K(512K)->305K(512K)
[2026-06-17T09:54:07.672+0800][23.920s][info][gc             ] GC(630) Pause Young (Allocation Failure) 54M->41M(61M) 3.067ms
[2026-06-17T09:54:07.672+0800][23.920s][info][gc,cpu         ] GC(630) User=0.00s Sys=0.00s Real=0.01s
[2026-06-17T09:54:07.714+0800][23.962s][info][gc,start       ] GC(631) Pause Young (Allocation Failure)
[2026-06-17T09:54:07.715+0800][23.963s][info][gc,task        ] GC(631) Using 2 workers of 18 for evacuation
[2026-06-17T09:54:07.715+0800][23.963s][info][gc,start       ] GC(632) Pause Full (Allocation Failure)
[2026-06-17T09:54:07.715+0800][23.964s][info][gc             ] GC(628) Concurrent Abortable Preclean 129.130ms
[2026-06-17T09:54:07.716+0800][23.964s][info][gc,cpu         ] GC(628) User=0.00s Sys=0.00s Real=0.13s
[2026-06-17T09:54:07.716+0800][23.964s][info][gc,phases,start] GC(632) Phase 1: Mark live objects
[2026-06-17T09:54:07.717+0800][23.965s][info][gc,phases      ] GC(632) Phase 1: Mark live objects 0.795ms
[2026-06-17T09:54:07.717+0800][23.965s][info][gc,phases,start] GC(632) Phase 2: Compute new object addresses
[2026-06-17T09:54:07.718+0800][23.966s][info][gc,phases      ] GC(632) Phase 2: Compute new object addresses 0.489ms
[2026-06-17T09:54:07.718+0800][23.966s][info][gc,phases,start] GC(632) Phase 3: Adjust pointers
[2026-06-17T09:54:07.719+0800][23.967s][info][gc,phases      ] GC(632) Phase 3: Adjust pointers 0.784ms
[2026-06-17T09:54:07.720+0800][23.968s][info][gc,phases,start] GC(632) Phase 4: Move objects
[2026-06-17T09:54:07.722+0800][23.971s][info][gc,phases      ] GC(632) Phase 4: Move objects 2.716ms
[2026-06-17T09:54:07.723+0800][23.971s][info][gc             ] GC(632) Pause Full (Allocation Failure) 58M->29M(61M) 7.767ms
[2026-06-17T09:54:07.723+0800][23.971s][info][gc,heap        ] GC(631) ParNew: 19616K->0K(19648K)
[2026-06-17T09:54:07.723+0800][23.971s][info][gc,heap        ] GC(631) CMS: 40690K->30064K(43712K)
[2026-06-17T09:54:07.723+0800][23.972s][info][gc,metaspace   ] GC(631) Metaspace: 3160K(4864K)->3160K(4864K) NonClass: 2855K(4352K)->2855K(4352K) Class: 305K(512K)->305K(512K)
[2026-06-17T09:54:07.724+0800][23.972s][info][gc             ] GC(631) Pause Young (Allocation Failure) 58M->29M(61M) 9.384ms
[2026-06-17T09:54:07.724+0800][23.972s][info][gc,cpu         ] GC(631) User=0.00s Sys=0.00s Real=0.01s
[2026-06-17T09:54:07.765+0800][24.014s][info][gc,start       ] GC(633) Pause Young (Allocation Failure)
[2026-06-17T09:54:07.766+0800][24.014s][info][gc,task        ] GC(633) Using 2 workers of 18 for evacuation
[2026-06-17T09:54:07.767+0800][24.015s][info][gc,heap        ] GC(633) ParNew: 17472K->2167K(19648K)
[2026-06-17T09:54:07.767+0800][24.015s][info][gc,heap        ] GC(633) CMS: 30064K->35123K(43712K)
[2026-06-17T09:54:07.767+0800][24.015s][info][gc,metaspace   ] GC(633) Metaspace: 3160K(4864K)->3160K(4864K) NonClass: 2855K(4352K)->2855K(4352K) Class: 305K(512K)->305K(512K)
[2026-06-17T09:54:07.768+0800][24.016s][info][gc             ] GC(633) Pause Young (Allocation Failure) 46M->36M(61M) 2.286ms
[2026-06-17T09:54:07.768+0800][24.016s][info][gc,cpu         ] GC(633) User=0.00s Sys=0.00s Real=0.00s
[2026-06-17T09:54:07.768+0800][24.017s][info][gc,start       ] GC(634) Pause Initial Mark
[2026-06-17T09:54:07.769+0800][24.017s][info][gc             ] GC(634) Pause Initial Mark 37M->37M(61M) 0.508ms
[2026-06-17T09:54:07.769+0800][24.017s][info][gc,cpu         ] GC(634) User=0.00s Sys=0.00s Real=0.00s
[2026-06-17T09:54:07.770+0800][24.018s][info][gc             ] GC(634) Concurrent Mark
[2026-06-17T09:54:07.770+0800][24.018s][info][gc,task        ] GC(634) Using 2 workers of 5 for marking
[2026-06-17T09:54:07.771+0800][24.019s][info][gc             ] GC(634) Concurrent Mark 1.112ms
[2026-06-17T09:54:07.771+0800][24.019s][info][gc,cpu         ] GC(634) User=0.00s Sys=0.00s Real=0.01s
[2026-06-17T09:54:07.771+0800][24.019s][info][gc             ] GC(634) Concurrent Preclean
[2026-06-17T09:54:07.771+0800][24.020s][info][gc             ] GC(634) Concurrent Preclean 0.186ms
[2026-06-17T09:54:07.772+0800][24.020s][info][gc,cpu         ] GC(634) User=0.00s Sys=0.00s Real=0.00s
[2026-06-17T09:54:07.772+0800][24.020s][info][gc,start       ] GC(634) Pause Remark
[2026-06-17T09:54:07.772+0800][24.020s][info][gc             ] GC(634) Pause Remark 37M->37M(61M) 0.424ms
[2026-06-17T09:54:07.772+0800][24.021s][info][gc,cpu         ] GC(634) User=0.00s Sys=0.00s Real=0.00s
[2026-06-17T09:54:07.773+0800][24.021s][info][gc             ] GC(634) Concurrent Sweep
[2026-06-17T09:54:07.773+0800][24.021s][info][gc             ] GC(634) Concurrent Sweep 0.261ms
[2026-06-17T09:54:07.773+0800][24.021s][info][gc,cpu         ] GC(634) User=0.00s Sys=0.00s Real=0.00s
[2026-06-17T09:54:07.773+0800][24.021s][info][gc             ] GC(634) Concurrent Reset
[2026-06-17T09:54:07.773+0800][24.021s][info][gc             ] GC(634) Concurrent Reset 0.099ms
[2026-06-17T09:54:07.773+0800][24.021s][info][gc,cpu         ] GC(634) User=0.00s Sys=0.00s Real=0.00s
[2026-06-17T09:54:07.773+0800][24.021s][info][gc,heap        ] GC(634) Old: 35123K->22355K(43712K)
[2026-06-17T09:54:07.822+0800][24.070s][info][gc,start       ] GC(635) Pause Young (Allocation Failure)
[2026-06-17T09:54:07.822+0800][24.070s][info][gc,task        ] GC(635) Using 2 workers of 18 for evacuation
[2026-06-17T09:54:07.823+0800][24.071s][info][gc,heap        ] GC(635) ParNew: 19635K->2129K(19648K)
[2026-06-17T09:54:07.823+0800][24.071s][info][gc,heap        ] GC(635) CMS: 22355K->24044K(43712K)
[2026-06-17T09:54:07.823+0800][24.072s][info][gc,metaspace   ] GC(635) Metaspace: 3160K(4864K)->3160K(4864K) NonClass: 2855K(4352K)->2855K(4352K) Class: 305K(512K)->305K(512K)
[2026-06-17T09:54:07.824+0800][24.072s][info][gc             ] GC(635) Pause Young (Allocation Failure) 41M->25M(61M) 1.976ms
[2026-06-17T09:54:07.824+0800][24.072s][info][gc,cpu         ] GC(635) User=0.00s Sys=0.00s Real=0.01s
[2026-06-17T09:54:07.856+0800][24.104s][info][gc,start       ] GC(636) Pause Young (Allocation Failure)
[2026-06-17T09:54:07.856+0800][24.104s][info][gc,task        ] GC(636) Using 2 workers of 18 for evacuation
[2026-06-17T09:54:07.857+0800][24.105s][info][gc,heap        ] GC(636) ParNew: 19085K->2049K(19648K)
[2026-06-17T09:54:07.857+0800][24.105s][info][gc,heap        ] GC(636) CMS: 24044K->27166K(43712K)
[2026-06-17T09:54:07.858+0800][24.106s][info][gc,metaspace   ] GC(636) Metaspace: 3160K(4864K)->3160K(4864K) NonClass: 2855K(4352K)->2855K(4352K) Class: 305K(512K)->305K(512K)
[2026-06-17T09:54:07.858+0800][24.106s][info][gc             ] GC(636) Pause Young (Allocation Failure) 42M->28M(61M) 2.008ms
[2026-06-17T09:54:07.858+0800][24.106s][info][gc,cpu         ] GC(636) User=0.00s Sys=0.00s Real=0.00s
[2026-06-17T09:54:07.910+0800][24.158s][info][gc,start       ] GC(637) Pause Young (Allocation Failure)
[2026-06-17T09:54:07.910+0800][24.158s][info][gc,task        ] GC(637) Using 2 workers of 18 for evacuation
[2026-06-17T09:54:07.911+0800][24.159s][info][gc,heap        ] GC(637) ParNew: 19521K->2166K(19648K)
[2026-06-17T09:54:07.911+0800][24.159s][info][gc,heap        ] GC(637) CMS: 27166K->30592K(43712K)
[2026-06-17T09:54:07.911+0800][24.160s][info][gc,metaspace   ] GC(637) Metaspace: 3160K(4864K)->3160K(4864K) NonClass: 2855K(4352K)->2855K(4352K) Class: 305K(512K)->305K(512K)
[2026-06-17T09:54:07.912+0800][24.160s][info][gc             ] GC(637) Pause Young (Allocation Failure) 45M->31M(61M) 1.760ms
[2026-06-17T09:54:07.912+0800][24.160s][info][gc,cpu         ] GC(637) User=0.00s Sys=0.00s Real=0.01s
[2026-06-17T09:54:07.954+0800][24.202s][info][gc,start       ] GC(638) Pause Young (Allocation Failure)
[2026-06-17T09:54:07.954+0800][24.202s][info][gc,task        ] GC(638) Using 2 workers of 18 for evacuation
[2026-06-17T09:54:07.955+0800][24.203s][info][gc,heap        ] GC(638) ParNew: 19627K->2171K(19648K)
[2026-06-17T09:54:07.955+0800][24.204s][info][gc,heap        ] GC(638) CMS: 30592K->34005K(43712K)
[2026-06-17T09:54:07.956+0800][24.204s][info][gc,metaspace   ] GC(638) Metaspace: 3160K(4864K)->3160K(4864K) NonClass: 2855K(4352K)->2855K(4352K) Class: 305K(512K)->305K(512K)
[2026-06-17T09:54:07.956+0800][24.204s][info][gc             ] GC(638) Pause Young (Allocation Failure) 49M->35M(61M) 2.292ms
[2026-06-17T09:54:07.957+0800][24.205s][info][gc,cpu         ] GC(638) User=0.00s Sys=0.00s Real=0.00s
[2026-06-17T09:54:07.999+0800][24.247s][info][gc,start       ] GC(639) Pause Young (Allocation Failure)
[2026-06-17T09:54:08.003+0800][24.251s][info][gc,task        ] GC(639) Using 2 workers of 18 for evacuation
[2026-06-17T09:54:08.004+0800][24.252s][info][gc,heap        ] GC(639) ParNew: 19611K->2173K(19648K)
[2026-06-17T09:54:08.004+0800][24.252s][info][gc,heap        ] GC(639) CMS: 34005K->37815K(43712K)
[2026-06-17T09:54:08.004+0800][24.253s][info][gc,metaspace   ] GC(639) Metaspace: 3160K(4864K)->3160K(4864K) NonClass: 2855K(4352K)->2855K(4352K) Class: 305K(512K)->305K(512K)
[2026-06-17T09:54:08.005+0800][24.253s][info][gc             ] GC(639) Pause Young (Allocation Failure) 52M->39M(61M) 5.862ms
[2026-06-17T09:54:08.005+0800][24.253s][info][gc,cpu         ] GC(639) User=0.00s Sys=0.00s Real=0.01s
[2026-06-17T09:54:08.005+0800][24.254s][info][gc,start       ] GC(640) Pause Initial Mark
[2026-06-17T09:54:08.006+0800][24.254s][info][gc             ] GC(640) Pause Initial Mark 42M->42M(61M) 0.396ms
[2026-06-17T09:54:08.006+0800][24.254s][info][gc,cpu         ] GC(640) User=0.00s Sys=0.00s Real=0.00s
[2026-06-17T09:54:08.006+0800][24.254s][info][gc             ] GC(640) Concurrent Mark
[2026-06-17T09:54:08.006+0800][24.255s][info][gc,task        ] GC(640) Using 2 workers of 5 for marking
[2026-06-17T09:54:08.009+0800][24.257s][info][gc             ] GC(640) Concurrent Mark 3.079ms
[2026-06-17T09:54:08.010+0800][24.258s][info][gc,cpu         ] GC(640) User=0.01s Sys=0.00s Real=0.00s
[2026-06-17T09:54:08.010+0800][24.258s][info][gc             ] GC(640) Concurrent Preclean
[2026-06-17T09:54:08.010+0800][24.258s][info][gc             ] GC(640) Concurrent Preclean 0.493ms
[2026-06-17T09:54:08.011+0800][24.259s][info][gc,cpu         ] GC(640) User=0.00s Sys=0.00s Real=0.01s
[2026-06-17T09:54:08.011+0800][24.259s][info][gc             ] GC(640) Concurrent Abortable Preclean
[2026-06-17T09:54:08.047+0800][24.295s][info][gc,start       ] GC(641) Pause Young (Allocation Failure)
[2026-06-17T09:54:08.047+0800][24.296s][info][gc,task        ] GC(641) Using 2 workers of 18 for evacuation
[2026-06-17T09:54:08.048+0800][24.297s][info][gc,heap        ] GC(641) ParNew: 19641K->2170K(19648K)
[2026-06-17T09:54:08.049+0800][24.297s][info][gc,heap        ] GC(641) CMS: 37815K->41308K(43712K)
[2026-06-17T09:54:08.049+0800][24.297s][info][gc,metaspace   ] GC(641) Metaspace: 3160K(4864K)->3160K(4864K) NonClass: 2855K(4352K)->2855K(4352K) Class: 305K(512K)->305K(512K)
[2026-06-17T09:54:08.049+0800][24.297s][info][gc             ] GC(641) Pause Young (Allocation Failure) 56M->42M(61M) 1.949ms
[2026-06-17T09:54:08.049+0800][24.297s][info][gc,cpu         ] GC(641) User=0.00s Sys=0.00s Real=0.00s
[2026-06-17T09:54:08.091+0800][24.339s][info][gc,start       ] GC(642) Pause Young (Allocation Failure)
[2026-06-17T09:54:08.091+0800][24.340s][info][gc,task        ] GC(642) Using 2 workers of 18 for evacuation
[2026-06-17T09:54:08.092+0800][24.340s][info][gc,start       ] GC(643) Pause Full (Allocation Failure)
[2026-06-17T09:54:08.092+0800][24.340s][info][gc             ] GC(640) Concurrent Abortable Preclean 81.078ms
[2026-06-17T09:54:08.092+0800][24.340s][info][gc,cpu         ] GC(640) User=0.00s Sys=0.00s Real=0.08s
[2026-06-17T09:54:08.092+0800][24.340s][info][gc,phases,start] GC(643) Phase 1: Mark live objects
[2026-06-17T09:54:08.093+0800][24.341s][info][gc,phases      ] GC(643) Phase 1: Mark live objects 0.625ms
[2026-06-17T09:54:08.093+0800][24.341s][info][gc,phases,start] GC(643) Phase 2: Compute new object addresses
[2026-06-17T09:54:08.093+0800][24.342s][info][gc,phases      ] GC(643) Phase 2: Compute new object addresses 0.377ms
[2026-06-17T09:54:08.094+0800][24.342s][info][gc,phases,start] GC(643) Phase 3: Adjust pointers
[2026-06-17T09:54:08.094+0800][24.342s][info][gc,phases      ] GC(643) Phase 3: Adjust pointers 0.464ms
[2026-06-17T09:54:08.095+0800][24.343s][info][gc,phases,start] GC(643) Phase 4: Move objects
[2026-06-17T09:54:08.097+0800][24.345s][info][gc,phases      ] GC(643) Phase 4: Move objects 2.309ms
[2026-06-17T09:54:08.103+0800][24.352s][info][gc             ] GC(643) Pause Full (Allocation Failure) 59M->23M(61M) 11.626ms
[2026-06-17T09:54:08.104+0800][24.352s][info][gc,heap        ] GC(642) ParNew: 19634K->0K(19648K)
[2026-06-17T09:54:08.104+0800][24.352s][info][gc,heap        ] GC(642) CMS: 41308K->24247K(43712K)
[2026-06-17T09:54:08.104+0800][24.352s][info][gc,metaspace   ] GC(642) Metaspace: 3160K(4864K)->3160K(4864K) NonClass: 2855K(4352K)->2855K(4352K) Class: 305K(512K)->305K(512K)
[2026-06-17T09:54:08.105+0800][24.353s][info][gc             ] GC(642) Pause Young (Allocation Failure) 59M->23M(61M) 13.972ms
[2026-06-17T09:54:08.105+0800][24.354s][info][gc,cpu         ] GC(642) User=0.00s Sys=0.00s Real=0.01s
[2026-06-17T09:54:08.148+0800][24.396s][info][gc,start       ] GC(644) Pause Young (Allocation Failure)
[2026-06-17T09:54:08.148+0800][24.396s][info][gc,task        ] GC(644) Using 2 workers of 18 for evacuation
[2026-06-17T09:54:08.149+0800][24.397s][info][gc,heap        ] GC(644) ParNew: 17471K->2174K(19648K)
[2026-06-17T09:54:08.149+0800][24.397s][info][gc,heap        ] GC(644) CMS: 24247K->28911K(43712K)
[2026-06-17T09:54:08.149+0800][24.397s][info][gc,metaspace   ] GC(644) Metaspace: 3160K(4864K)->3160K(4864K) NonClass: 2855K(4352K)->2855K(4352K) Class: 305K(512K)->305K(512K)
[2026-06-17T09:54:08.150+0800][24.398s][info][gc             ] GC(644) Pause Young (Allocation Failure) 40M->30M(61M) 1.916ms
[2026-06-17T09:54:08.150+0800][24.398s][info][gc,cpu         ] GC(644) User=0.01s Sys=0.00s Real=0.00s
[2026-06-17T09:54:08.192+0800][24.440s][info][gc,start       ] GC(645) Pause Young (Allocation Failure)
[2026-06-17T09:54:08.192+0800][24.440s][info][gc,task        ] GC(645) Using 2 workers of 18 for evacuation
[2026-06-17T09:54:08.193+0800][24.441s][info][gc,heap        ] GC(645) ParNew: 19633K->2172K(19648K)
[2026-06-17T09:54:08.193+0800][24.442s][info][gc,heap        ] GC(645) CMS: 28911K->33771K(43712K)
[2026-06-17T09:54:08.193+0800][24.442s][info][gc,metaspace   ] GC(645) Metaspace: 3160K(4864K)->3160K(4864K) NonClass: 2855K(4352K)->2855K(4352K) Class: 305K(512K)->305K(512K)
[2026-06-17T09:54:08.194+0800][24.442s][info][gc             ] GC(645) Pause Young (Allocation Failure) 47M->35M(61M) 1.597ms
[2026-06-17T09:54:08.194+0800][24.442s][info][gc,cpu         ] GC(645) User=0.00s Sys=0.00s Real=0.00s
[2026-06-17T09:54:08.194+0800][24.442s][info][gc,start       ] GC(646) Pause Initial Mark
[2026-06-17T09:54:08.194+0800][24.442s][info][gc             ] GC(646) Pause Initial Mark 35M->35M(61M) 0.213ms
[2026-06-17T09:54:08.194+0800][24.442s][info][gc,cpu         ] GC(646) User=0.00s Sys=0.00s Real=0.00s
[2026-06-17T09:54:08.194+0800][24.442s][info][gc             ] GC(646) Concurrent Mark
[2026-06-17T09:54:08.194+0800][24.443s][info][gc,task        ] GC(646) Using 2 workers of 5 for marking
[2026-06-17T09:54:08.195+0800][24.443s][info][gc             ] GC(646) Concurrent Mark 0.711ms
[2026-06-17T09:54:08.195+0800][24.443s][info][gc,cpu         ] GC(646) User=0.00s Sys=0.00s Real=0.00s
[2026-06-17T09:54:08.195+0800][24.443s][info][gc             ] GC(646) Concurrent Preclean
[2026-06-17T09:54:08.195+0800][24.443s][info][gc             ] GC(646) Concurrent Preclean 0.101ms
[2026-06-17T09:54:08.195+0800][24.444s][info][gc,cpu         ] GC(646) User=0.00s Sys=0.00s Real=0.00s
[2026-06-17T09:54:08.196+0800][24.444s][info][gc,start       ] GC(646) Pause Remark
[2026-06-17T09:54:08.196+0800][24.444s][info][gc             ] GC(646) Pause Remark 35M->35M(61M) 0.501ms
[2026-06-17T09:54:08.196+0800][24.444s][info][gc,cpu         ] GC(646) User=0.00s Sys=0.00s Real=0.00s
[2026-06-17T09:54:08.196+0800][24.444s][info][gc             ] GC(646) Concurrent Sweep
[2026-06-17T09:54:08.197+0800][24.445s][info][gc             ] GC(646) Concurrent Sweep 0.227ms
[2026-06-17T09:54:08.197+0800][24.445s][info][gc,cpu         ] GC(646) User=0.00s Sys=0.00s Real=0.00s
[2026-06-17T09:54:08.197+0800][24.445s][info][gc             ] GC(646) Concurrent Reset
[2026-06-17T09:54:08.197+0800][24.445s][info][gc             ] GC(646) Concurrent Reset 0.166ms
[2026-06-17T09:54:08.197+0800][24.445s][info][gc,cpu         ] GC(646) User=0.00s Sys=0.00s Real=0.00s
[2026-06-17T09:54:08.197+0800][24.445s][info][gc,heap        ] GC(646) Old: 33771K->28381K(43712K)
[2026-06-17T09:54:08.246+0800][24.494s][info][gc,start       ] GC(647) Pause Young (Allocation Failure)
[2026-06-17T09:54:08.246+0800][24.494s][info][gc,task        ] GC(647) Using 2 workers of 18 for evacuation
[2026-06-17T09:54:08.247+0800][24.495s][info][gc,heap        ] GC(647) ParNew: 19644K->2163K(19648K)
[2026-06-17T09:54:08.247+0800][24.495s][info][gc,heap        ] GC(647) CMS: 28381K->31014K(43712K)
[2026-06-17T09:54:08.247+0800][24.496s][info][gc,metaspace   ] GC(647) Metaspace: 3160K(4864K)->3160K(4864K) NonClass: 2855K(4352K)->2855K(4352K) Class: 305K(512K)->305K(512K)
[2026-06-17T09:54:08.248+0800][24.496s][info][gc             ] GC(647) Pause Young (Allocation Failure) 46M->32M(61M) 1.968ms
[2026-06-17T09:54:08.248+0800][24.496s][info][gc,cpu         ] GC(647) User=0.00s Sys=0.00s Real=0.00s
[2026-06-17T09:54:08.290+0800][24.538s][info][gc,start       ] GC(648) Pause Young (Allocation Failure)
[2026-06-17T09:54:08.290+0800][24.538s][info][gc,task        ] GC(648) Using 2 workers of 18 for evacuation
[2026-06-17T09:54:08.291+0800][24.539s][info][gc,heap        ] GC(648) ParNew: 19635K->2175K(19648K)
[2026-06-17T09:54:08.291+0800][24.539s][info][gc,heap        ] GC(648) CMS: 31014K->34900K(43712K)
[2026-06-17T09:54:08.291+0800][24.540s][info][gc,metaspace   ] GC(648) Metaspace: 3160K(4864K)->3160K(4864K) NonClass: 2855K(4352K)->2855K(4352K) Class: 305K(512K)->305K(512K)
[2026-06-17T09:54:08.292+0800][24.540s][info][gc             ] GC(648) Pause Young (Allocation Failure) 49M->36M(61M) 1.748ms
[2026-06-17T09:54:08.292+0800][24.540s][info][gc,cpu         ] GC(648) User=0.00s Sys=0.00s Real=0.01s
[2026-06-17T09:54:08.292+0800][24.540s][info][gc,start       ] GC(649) Pause Initial Mark
[2026-06-17T09:54:08.292+0800][24.540s][info][gc             ] GC(649) Pause Initial Mark 36M->36M(61M) 0.245ms
[2026-06-17T09:54:08.292+0800][24.541s][info][gc,cpu         ] GC(649) User=0.00s Sys=0.00s Real=0.00s
[2026-06-17T09:54:08.293+0800][24.541s][info][gc             ] GC(649) Concurrent Mark
[2026-06-17T09:54:08.293+0800][24.541s][info][gc,task        ] GC(649) Using 2 workers of 5 for marking
[2026-06-17T09:54:08.294+0800][24.542s][info][gc             ] GC(649) Concurrent Mark 0.933ms
[2026-06-17T09:54:08.294+0800][24.542s][info][gc,cpu         ] GC(649) User=0.00s Sys=0.00s Real=0.00s
[2026-06-17T09:54:08.294+0800][24.542s][info][gc             ] GC(649) Concurrent Preclean
[2026-06-17T09:54:08.294+0800][24.542s][info][gc             ] GC(649) Concurrent Preclean 0.140ms
[2026-06-17T09:54:08.294+0800][24.542s][info][gc,cpu         ] GC(649) User=0.00s Sys=0.00s Real=0.00s
[2026-06-17T09:54:08.294+0800][24.542s][info][gc             ] GC(649) Concurrent Abortable Preclean
[2026-06-17T09:54:08.335+0800][24.583s][info][gc,start       ] GC(650) Pause Young (Allocation Failure)
[2026-06-17T09:54:08.340+0800][24.588s][info][gc,task        ] GC(650) Using 2 workers of 18 for evacuation
[2026-06-17T09:54:08.343+0800][24.592s][info][gc,heap        ] GC(650) ParNew: 19640K->2171K(19648K)
[2026-06-17T09:54:08.344+0800][24.592s][info][gc,heap        ] GC(650) CMS: 34900K->39081K(43712K)
[2026-06-17T09:54:08.344+0800][24.592s][info][gc,metaspace   ] GC(650) Metaspace: 3160K(4864K)->3160K(4864K) NonClass: 2855K(4352K)->2855K(4352K) Class: 305K(512K)->305K(512K)
[2026-06-17T09:54:08.344+0800][24.593s][info][gc             ] GC(650) Pause Young (Allocation Failure) 53M->40M(61M) 9.866ms
[2026-06-17T09:54:08.345+0800][24.593s][info][gc,cpu         ] GC(650) User=0.00s Sys=0.00s Real=0.01s
[2026-06-17T09:54:08.387+0800][24.635s][info][gc,start       ] GC(651) Pause Young (Allocation Failure)
[2026-06-17T09:54:08.388+0800][24.636s][info][gc,task        ] GC(651) Using 2 workers of 18 for evacuation
[2026-06-17T09:54:08.388+0800][24.636s][info][gc,start       ] GC(652) Pause Full (Allocation Failure)
[2026-06-17T09:54:08.388+0800][24.636s][info][gc             ] GC(649) Concurrent Abortable Preclean 93.997ms
[2026-06-17T09:54:08.389+0800][24.637s][info][gc,cpu         ] GC(649) User=0.00s Sys=0.01s Real=0.09s
[2026-06-17T09:54:08.389+0800][24.637s][info][gc,phases,start] GC(652) Phase 1: Mark live objects
[2026-06-17T09:54:08.390+0800][24.638s][info][gc,phases      ] GC(652) Phase 1: Mark live objects 0.892ms
[2026-06-17T09:54:08.390+0800][24.639s][info][gc,phases,start] GC(652) Phase 2: Compute new object addresses
[2026-06-17T09:54:08.391+0800][24.639s][info][gc,phases      ] GC(652) Phase 2: Compute new object addresses 0.681ms
[2026-06-17T09:54:08.392+0800][24.640s][info][gc,phases,start] GC(652) Phase 3: Adjust pointers
[2026-06-17T09:54:08.392+0800][24.640s][info][gc,phases      ] GC(652) Phase 3: Adjust pointers 0.739ms
[2026-06-17T09:54:08.393+0800][24.641s][info][gc,phases,start] GC(652) Phase 4: Move objects
[2026-06-17T09:54:08.396+0800][24.644s][info][gc,phases      ] GC(652) Phase 4: Move objects 2.869ms
[2026-06-17T09:54:08.396+0800][24.644s][info][gc             ] GC(652) Pause Full (Allocation Failure) 57M->30M(61M) 8.371ms
[2026-06-17T09:54:08.397+0800][24.645s][info][gc,heap        ] GC(651) ParNew: 19606K->0K(19648K)
[2026-06-17T09:54:08.397+0800][24.646s][info][gc,heap        ] GC(651) CMS: 39081K->31407K(43712K)
[2026-06-17T09:54:08.398+0800][24.646s][info][gc,metaspace   ] GC(651) Metaspace: 3160K(4864K)->3160K(4864K) NonClass: 2855K(4352K)->2855K(4352K) Class: 305K(512K)->305K(512K)
[2026-06-17T09:54:08.399+0800][24.647s][info][gc             ] GC(651) Pause Young (Allocation Failure) 57M->30M(61M) 11.637ms
[2026-06-17T09:54:08.399+0800][24.647s][info][gc,cpu         ] GC(651) User=0.01s Sys=0.00s Real=0.01s
[2026-06-17T09:54:08.452+0800][24.700s][info][gc,start       ] GC(653) Pause Young (Allocation Failure)
[2026-06-17T09:54:08.452+0800][24.700s][info][gc,task        ] GC(653) Using 2 workers of 18 for evacuation
[2026-06-17T09:54:08.453+0800][24.701s][info][gc,heap        ] GC(653) ParNew: 17472K->2164K(19648K)
[2026-06-17T09:54:08.454+0800][24.702s][info][gc,heap        ] GC(653) CMS: 31407K->32630K(43712K)
[2026-06-17T09:54:08.455+0800][24.703s][info][gc,metaspace   ] GC(653) Metaspace: 3160K(4864K)->3160K(4864K) NonClass: 2855K(4352K)->2855K(4352K) Class: 305K(512K)->305K(512K)
[2026-06-17T09:54:08.455+0800][24.703s][info][gc             ] GC(653) Pause Young (Allocation Failure) 47M->33M(61M) 3.576ms
[2026-06-17T09:54:08.456+0800][24.704s][info][gc,cpu         ] GC(653) User=0.00s Sys=0.00s Real=0.00s
[2026-06-17T09:54:08.489+0800][24.737s][info][gc,start       ] GC(654) Pause Young (Allocation Failure)
[2026-06-17T09:54:08.489+0800][24.737s][info][gc,task        ] GC(654) Using 2 workers of 18 for evacuation
[2026-06-17T09:54:08.490+0800][24.738s][info][gc,heap        ] GC(654) ParNew: 19375K->2142K(19648K)
[2026-06-17T09:54:08.491+0800][24.739s][info][gc,heap        ] GC(654) CMS: 32630K->35738K(43712K)
[2026-06-17T09:54:08.491+0800][24.739s][info][gc,metaspace   ] GC(654) Metaspace: 3160K(4864K)->3160K(4864K) NonClass: 2855K(4352K)->2855K(4352K) Class: 305K(512K)->305K(512K)
[2026-06-17T09:54:08.491+0800][24.739s][info][gc             ] GC(654) Pause Young (Allocation Failure) 50M->36M(61M) 2.177ms
[2026-06-17T09:54:08.491+0800][24.739s][info][gc,cpu         ] GC(654) User=0.00s Sys=0.00s Real=0.01s
[2026-06-17T09:54:08.543+0800][24.791s][info][gc,start       ] GC(655) Pause Young (Allocation Failure)
[2026-06-17T09:54:08.544+0800][24.792s][info][gc,task        ] GC(655) Using 2 workers of 18 for evacuation
[2026-06-17T09:54:08.545+0800][24.793s][info][gc,heap        ] GC(655) ParNew: 19614K->2141K(19648K)
[2026-06-17T09:54:08.545+0800][24.794s][info][gc,heap        ] GC(655) CMS: 35738K->39223K(43712K)
[2026-06-17T09:54:08.546+0800][24.794s][info][gc,metaspace   ] GC(655) Metaspace: 3160K(4864K)->3160K(4864K) NonClass: 2855K(4352K)->2855K(4352K) Class: 305K(512K)->305K(512K)
[2026-06-17T09:54:08.546+0800][24.794s][info][gc             ] GC(655) Pause Young (Allocation Failure) 54M->40M(61M) 2.970ms
[2026-06-17T09:54:08.547+0800][24.795s][info][gc,cpu         ] GC(655) User=0.00s Sys=0.00s Real=0.00s
[2026-06-17T09:54:08.547+0800][24.795s][info][gc,start       ] GC(656) Pause Initial Mark
[2026-06-17T09:54:08.548+0800][24.796s][info][gc             ] GC(656) Pause Initial Mark 42M->42M(61M) 0.383ms
[2026-06-17T09:54:08.548+0800][24.796s][info][gc,cpu         ] GC(656) User=0.00s Sys=0.00s Real=0.00s
[2026-06-17T09:54:08.548+0800][24.796s][info][gc             ] GC(656) Concurrent Mark
[2026-06-17T09:54:08.548+0800][24.796s][info][gc,task        ] GC(656) Using 2 workers of 5 for marking
[2026-06-17T09:54:08.549+0800][24.797s][info][gc             ] GC(656) Concurrent Mark 1.056ms
[2026-06-17T09:54:08.550+0800][24.798s][info][gc,cpu         ] GC(656) User=0.00s Sys=0.00s Real=0.00s
[2026-06-17T09:54:08.550+0800][24.798s][info][gc             ] GC(656) Concurrent Preclean
[2026-06-17T09:54:08.550+0800][24.798s][info][gc             ] GC(656) Concurrent Preclean 0.150ms
[2026-06-17T09:54:08.550+0800][24.798s][info][gc,cpu         ] GC(656) User=0.00s Sys=0.00s Real=0.00s
[2026-06-17T09:54:08.550+0800][24.798s][info][gc             ] GC(656) Concurrent Abortable Preclean
[2026-06-17T09:54:08.550+0800][24.798s][info][gc             ] GC(656) Concurrent Abortable Preclean 0.135ms
[2026-06-17T09:54:08.550+0800][24.799s][info][gc,cpu         ] GC(656) User=0.00s Sys=0.00s Real=0.01s
[2026-06-17T09:54:08.551+0800][24.799s][info][gc,start       ] GC(656) Pause Remark
[2026-06-17T09:54:08.552+0800][24.800s][info][gc             ] GC(656) Pause Remark 43M->43M(61M) 0.570ms
[2026-06-17T09:54:08.552+0800][24.800s][info][gc,cpu         ] GC(656) User=0.00s Sys=0.00s Real=0.00s
[2026-06-17T09:54:08.552+0800][24.800s][info][gc             ] GC(656) Concurrent Sweep
[2026-06-17T09:54:08.552+0800][24.800s][info][gc             ] GC(656) Concurrent Sweep 0.229ms
[2026-06-17T09:54:08.552+0800][24.801s][info][gc,cpu         ] GC(656) User=0.00s Sys=0.00s Real=0.00s
[2026-06-17T09:54:08.553+0800][24.801s][info][gc             ] GC(656) Concurrent Reset
[2026-06-17T09:54:08.553+0800][24.801s][info][gc             ] GC(656) Concurrent Reset 0.100ms
[2026-06-17T09:54:08.553+0800][24.801s][info][gc,cpu         ] GC(656) User=0.00s Sys=0.00s Real=0.00s
[2026-06-17T09:54:08.553+0800][24.801s][info][gc,heap        ] GC(656) Old: 39223K->26430K(43712K)
[2026-06-17T09:54:08.590+0800][24.838s][info][gc,start       ] GC(657) Pause Young (Allocation Failure)
[2026-06-17T09:54:08.590+0800][24.838s][info][gc,task        ] GC(657) Using 2 workers of 18 for evacuation
[2026-06-17T09:54:08.591+0800][24.839s][info][gc,heap        ] GC(657) ParNew: 19613K->2167K(19648K)
[2026-06-17T09:54:08.591+0800][24.839s][info][gc,heap        ] GC(657) CMS: 26430K->29703K(43712K)
[2026-06-17T09:54:08.591+0800][24.839s][info][gc,metaspace   ] GC(657) Metaspace: 3160K(4864K)->3160K(4864K) NonClass: 2855K(4352K)->2855K(4352K) Class: 305K(512K)->305K(512K)
[2026-06-17T09:54:08.591+0800][24.840s][info][gc             ] GC(657) Pause Young (Allocation Failure) 44M->31M(61M) 1.799ms
[2026-06-17T09:54:08.592+0800][24.840s][info][gc,cpu         ] GC(657) User=0.01s Sys=0.00s Real=0.01s
[2026-06-17T09:54:08.634+0800][24.882s][info][gc,start       ] GC(658) Pause Young (Allocation Failure)
[2026-06-17T09:54:08.634+0800][24.882s][info][gc,task        ] GC(658) Using 2 workers of 18 for evacuation
[2026-06-17T09:54:08.635+0800][24.884s][info][gc,heap        ] GC(658) ParNew: 19633K->2175K(19648K)
[2026-06-17T09:54:08.636+0800][24.884s][info][gc,heap        ] GC(658) CMS: 29703K->34658K(43712K)
[2026-06-17T09:54:08.636+0800][24.884s][info][gc,metaspace   ] GC(658) Metaspace: 3160K(4864K)->3160K(4864K) NonClass: 2855K(4352K)->2855K(4352K) Class: 305K(512K)->305K(512K)
[2026-06-17T09:54:08.636+0800][24.884s][info][gc             ] GC(658) Pause Young (Allocation Failure) 48M->35M(61M) 2.435ms
[2026-06-17T09:54:08.636+0800][24.885s][info][gc,cpu         ] GC(658) User=0.00s Sys=0.00s Real=0.00s
[2026-06-17T09:54:08.637+0800][24.885s][info][gc,start       ] GC(659) Pause Initial Mark
[2026-06-17T09:54:08.637+0800][24.885s][info][gc             ] GC(659) Pause Initial Mark 37M->37M(61M) 0.180ms
[2026-06-17T09:54:08.637+0800][24.885s][info][gc,cpu         ] GC(659) User=0.00s Sys=0.00s Real=0.00s
[2026-06-17T09:54:08.637+0800][24.885s][info][gc             ] GC(659) Concurrent Mark
[2026-06-17T09:54:08.637+0800][24.885s][info][gc,task        ] GC(659) Using 2 workers of 5 for marking
[2026-06-17T09:54:08.638+0800][24.886s][info][gc             ] GC(659) Concurrent Mark 0.749ms
[2026-06-17T09:54:08.638+0800][24.886s][info][gc,cpu         ] GC(659) User=0.00s Sys=0.00s Real=0.00s
[2026-06-17T09:54:08.638+0800][24.886s][info][gc             ] GC(659) Concurrent Preclean
[2026-06-17T09:54:08.638+0800][24.886s][info][gc             ] GC(659) Concurrent Preclean 0.122ms
[2026-06-17T09:54:08.638+0800][24.886s][info][gc,cpu         ] GC(659) User=0.00s Sys=0.00s Real=0.00s
[2026-06-17T09:54:08.638+0800][24.887s][info][gc,start       ] GC(659) Pause Remark
[2026-06-17T09:54:08.639+0800][24.887s][info][gc             ] GC(659) Pause Remark 37M->37M(61M) 0.422ms
[2026-06-17T09:54:08.639+0800][24.887s][info][gc,cpu         ] GC(659) User=0.00s Sys=0.00s Real=0.00s
[2026-06-17T09:54:08.639+0800][24.887s][info][gc             ] GC(659) Concurrent Sweep
[2026-06-17T09:54:08.639+0800][24.888s][info][gc             ] GC(659) Concurrent Sweep 0.217ms
[2026-06-17T09:54:08.639+0800][24.888s][info][gc,cpu         ] GC(659) User=0.00s Sys=0.00s Real=0.00s
[2026-06-17T09:54:08.640+0800][24.888s][info][gc             ] GC(659) Concurrent Reset
[2026-06-17T09:54:08.640+0800][24.888s][info][gc             ] GC(659) Concurrent Reset 0.119ms
[2026-06-17T09:54:08.640+0800][24.888s][info][gc,cpu         ] GC(659) User=0.00s Sys=0.00s Real=0.00s
[2026-06-17T09:54:08.640+0800][24.888s][info][gc,heap        ] GC(659) Old: 34658K->24626K(43712K)
[2026-06-17T09:54:08.678+0800][24.926s][info][gc,start       ] GC(660) Pause Young (Allocation Failure)
[2026-06-17T09:54:08.683+0800][24.931s][info][gc,task        ] GC(660) Using 2 workers of 18 for evacuation
[2026-06-17T09:54:08.683+0800][24.932s][info][gc,heap        ] GC(660) ParNew: 19622K->2175K(19648K)
[2026-06-17T09:54:08.684+0800][24.932s][info][gc,heap        ] GC(660) CMS: 24626K->29041K(43712K)
[2026-06-17T09:54:08.684+0800][24.932s][info][gc,metaspace   ] GC(660) Metaspace: 3160K(4864K)->3160K(4864K) NonClass: 2855K(4352K)->2855K(4352K) Class: 305K(512K)->305K(512K)
[2026-06-17T09:54:08.684+0800][24.932s][info][gc             ] GC(660) Pause Young (Allocation Failure) 43M->30M(61M) 5.774ms
[2026-06-17T09:54:08.684+0800][24.932s][info][gc,cpu         ] GC(660) User=0.00s Sys=0.00s Real=0.01s
[2026-06-17T09:54:08.726+0800][24.974s][info][gc,start       ] GC(661) Pause Young (Allocation Failure)
[2026-06-17T09:54:08.727+0800][24.975s][info][gc,task        ] GC(661) Using 2 workers of 18 for evacuation
[2026-06-17T09:54:08.727+0800][24.976s][info][gc,heap        ] GC(661) ParNew: 19589K->2170K(19648K)
[2026-06-17T09:54:08.728+0800][24.976s][info][gc,heap        ] GC(661) CMS: 29041K->34542K(43712K)
[2026-06-17T09:54:08.728+0800][24.976s][info][gc,metaspace   ] GC(661) Metaspace: 3160K(4864K)->3160K(4864K) NonClass: 2855K(4352K)->2855K(4352K) Class: 305K(512K)->305K(512K)
[2026-06-17T09:54:08.728+0800][24.976s][info][gc             ] GC(661) Pause Young (Allocation Failure) 47M->35M(61M) 1.780ms
[2026-06-17T09:54:08.728+0800][24.976s][info][gc,cpu         ] GC(661) User=0.01s Sys=0.00s Real=0.00s
[2026-06-17T09:54:08.728+0800][24.976s][info][gc,start       ] GC(662) Pause Initial Mark
[2026-06-17T09:54:08.729+0800][24.977s][info][gc             ] GC(662) Pause Initial Mark 37M->37M(61M) 0.312ms
[2026-06-17T09:54:08.729+0800][24.977s][info][gc,cpu         ] GC(662) User=0.00s Sys=0.00s Real=0.00s
[2026-06-17T09:54:08.729+0800][24.977s][info][gc             ] GC(662) Concurrent Mark
[2026-06-17T09:54:08.729+0800][24.977s][info][gc,task        ] GC(662) Using 2 workers of 5 for marking
[2026-06-17T09:54:08.730+0800][24.978s][info][gc             ] GC(662) Concurrent Mark 0.822ms
[2026-06-17T09:54:08.730+0800][24.978s][info][gc,cpu         ] GC(662) User=0.00s Sys=0.00s Real=0.00s
[2026-06-17T09:54:08.730+0800][24.978s][info][gc             ] GC(662) Concurrent Preclean
[2026-06-17T09:54:08.730+0800][24.978s][info][gc             ] GC(662) Concurrent Preclean 0.125ms
[2026-06-17T09:54:08.730+0800][24.979s][info][gc,cpu         ] GC(662) User=0.00s Sys=0.00s Real=0.00s
[2026-06-17T09:54:08.730+0800][24.979s][info][gc             ] GC(662) Concurrent Abortable Preclean
[2026-06-17T09:54:08.771+0800][25.019s][info][gc,start       ] GC(663) Pause Young (Allocation Failure)
[2026-06-17T09:54:08.771+0800][25.019s][info][gc,task        ] GC(663) Using 2 workers of 18 for evacuation
[2026-06-17T09:54:08.772+0800][25.021s][info][gc,heap        ] GC(663) ParNew: 19610K->2174K(19648K)
[2026-06-17T09:54:08.773+0800][25.021s][info][gc,heap        ] GC(663) CMS: 34542K->40823K(43712K)
[2026-06-17T09:54:08.773+0800][25.021s][info][gc,metaspace   ] GC(663) Metaspace: 3160K(4864K)->3160K(4864K) NonClass: 2855K(4352K)->2855K(4352K) Class: 305K(512K)->305K(512K)
[2026-06-17T09:54:08.774+0800][25.022s][info][gc             ] GC(663) Pause Young (Allocation Failure) 52M->41M(61M) 2.741ms
[2026-06-17T09:54:08.774+0800][25.022s][info][gc,cpu         ] GC(663) User=0.00s Sys=0.00s Real=0.00s
[2026-06-17T09:54:08.827+0800][25.075s][info][gc,start       ] GC(664) Pause Young (Allocation Failure)
[2026-06-17T09:54:08.827+0800][25.075s][info][gc,task        ] GC(664) Using 2 workers of 18 for evacuation
[2026-06-17T09:54:08.827+0800][25.075s][info][gc,start       ] GC(665) Pause Full (Allocation Failure)
[2026-06-17T09:54:08.827+0800][25.076s][info][gc             ] GC(662) Concurrent Abortable Preclean 97.083ms
[2026-06-17T09:54:08.828+0800][25.076s][info][gc,cpu         ] GC(662) User=0.00s Sys=0.00s Real=0.10s
[2026-06-17T09:54:08.828+0800][25.076s][info][gc,phases,start] GC(665) Phase 1: Mark live objects
[2026-06-17T09:54:08.829+0800][25.077s][info][gc,phases      ] GC(665) Phase 1: Mark live objects 0.776ms
[2026-06-17T09:54:08.829+0800][25.077s][info][gc,phases,start] GC(665) Phase 2: Compute new object addresses
[2026-06-17T09:54:08.829+0800][25.077s][info][gc,phases      ] GC(665) Phase 2: Compute new object addresses 0.407ms
[2026-06-17T09:54:08.830+0800][25.078s][info][gc,phases,start] GC(665) Phase 3: Adjust pointers
[2026-06-17T09:54:08.830+0800][25.078s][info][gc,phases      ] GC(665) Phase 3: Adjust pointers 0.423ms
[2026-06-17T09:54:08.830+0800][25.078s][info][gc,phases,start] GC(665) Phase 4: Move objects
[2026-06-17T09:54:08.832+0800][25.080s][info][gc,phases      ] GC(665) Phase 4: Move objects 2.075ms
[2026-06-17T09:54:08.833+0800][25.081s][info][gc             ] GC(665) Pause Full (Allocation Failure) 59M->22M(61M) 5.255ms
[2026-06-17T09:54:08.833+0800][25.081s][info][gc,heap        ] GC(664) ParNew: 19646K->0K(19648K)
[2026-06-17T09:54:08.833+0800][25.081s][info][gc,heap        ] GC(664) CMS: 40823K->22875K(43712K)
[2026-06-17T09:54:08.833+0800][25.081s][info][gc,metaspace   ] GC(664) Metaspace: 3160K(4864K)->3160K(4864K) NonClass: 2855K(4352K)->2855K(4352K) Class: 305K(512K)->305K(512K)
[2026-06-17T09:54:08.833+0800][25.081s][info][gc             ] GC(664) Pause Young (Allocation Failure) 59M->22M(61M) 6.279ms
[2026-06-17T09:54:08.833+0800][25.081s][info][gc,cpu         ] GC(664) User=0.01s Sys=0.00s Real=0.01s
[2026-06-17T09:54:08.866+0800][25.114s][info][gc,start       ] GC(666) Pause Young (Allocation Failure)
[2026-06-17T09:54:08.866+0800][25.114s][info][gc,task        ] GC(666) Using 2 workers of 18 for evacuation
[2026-06-17T09:54:08.867+0800][25.115s][info][gc,heap        ] GC(666) ParNew: 17403K->2168K(19648K)
[2026-06-17T09:54:08.867+0800][25.115s][info][gc,heap        ] GC(666) CMS: 22875K->27637K(43712K)
[2026-06-17T09:54:08.867+0800][25.115s][info][gc,metaspace   ] GC(666) Metaspace: 3160K(4864K)->3160K(4864K) NonClass: 2855K(4352K)->2855K(4352K) Class: 305K(512K)->305K(512K)
[2026-06-17T09:54:08.868+0800][25.116s][info][gc             ] GC(666) Pause Young (Allocation Failure) 39M->29M(61M) 1.939ms
[2026-06-17T09:54:08.868+0800][25.116s][info][gc,cpu         ] GC(666) User=0.00s Sys=0.00s Real=0.00s
[2026-06-17T09:54:08.922+0800][25.170s][info][gc,start       ] GC(667) Pause Young (Allocation Failure)
[2026-06-17T09:54:08.923+0800][25.171s][info][gc,task        ] GC(667) Using 2 workers of 18 for evacuation
[2026-06-17T09:54:08.926+0800][25.174s][info][gc,heap        ] GC(667) ParNew: 19597K->2066K(19648K)
[2026-06-17T09:54:08.927+0800][25.175s][info][gc,heap        ] GC(667) CMS: 27637K->31238K(43712K)
[2026-06-17T09:54:08.927+0800][25.175s][info][gc,metaspace   ] GC(667) Metaspace: 3160K(4864K)->3160K(4864K) NonClass: 2855K(4352K)->2855K(4352K) Class: 305K(512K)->305K(512K)
[2026-06-17T09:54:08.927+0800][25.176s][info][gc             ] GC(667) Pause Young (Allocation Failure) 46M->32M(61M) 5.372ms
[2026-06-17T09:54:08.928+0800][25.176s][info][gc,cpu         ] GC(667) User=0.00s Sys=0.00s Real=0.01s
[2026-06-17T09:54:08.972+0800][25.220s][info][gc,start       ] GC(668) Pause Young (Allocation Failure)
[2026-06-17T09:54:08.973+0800][25.221s][info][gc,task        ] GC(668) Using 2 workers of 18 for evacuation
[2026-06-17T09:54:08.974+0800][25.222s][info][gc,heap        ] GC(668) ParNew: 19538K->2172K(19648K)
[2026-06-17T09:54:08.974+0800][25.222s][info][gc,heap        ] GC(668) CMS: 31238K->34499K(43712K)
[2026-06-17T09:54:08.974+0800][25.222s][info][gc,metaspace   ] GC(668) Metaspace: 3160K(4864K)->3160K(4864K) NonClass: 2855K(4352K)->2855K(4352K) Class: 305K(512K)->305K(512K)
[2026-06-17T09:54:08.975+0800][25.223s][info][gc             ] GC(668) Pause Young (Allocation Failure) 49M->35M(61M) 2.764ms
[2026-06-17T09:54:08.975+0800][25.224s][info][gc,cpu         ] GC(668) User=0.00s Sys=0.00s Real=0.00s
[2026-06-17T09:54:09.017+0800][25.266s][info][gc,start       ] GC(669) Pause Young (Allocation Failure)
[2026-06-17T09:54:09.018+0800][25.266s][info][gc,task        ] GC(669) Using 2 workers of 18 for evacuation
[2026-06-17T09:54:09.019+0800][25.267s][info][gc,heap        ] GC(669) ParNew: 19644K->2170K(19648K)
[2026-06-17T09:54:09.020+0800][25.268s][info][gc,heap        ] GC(669) CMS: 34499K->39432K(43712K)
[2026-06-17T09:54:09.020+0800][25.268s][info][gc,metaspace   ] GC(669) Metaspace: 3160K(4864K)->3160K(4864K) NonClass: 2855K(4352K)->2855K(4352K) Class: 305K(512K)->305K(512K)
[2026-06-17T09:54:09.020+0800][25.268s][info][gc             ] GC(669) Pause Young (Allocation Failure) 52M->40M(61M) 2.691ms
[2026-06-17T09:54:09.020+0800][25.269s][info][gc,cpu         ] GC(669) User=0.00s Sys=0.00s Real=0.00s
[2026-06-17T09:54:09.021+0800][25.269s][info][gc,start       ] GC(670) Pause Initial Mark
[2026-06-17T09:54:09.022+0800][25.270s][info][gc             ] GC(670) Pause Initial Mark 42M->42M(61M) 0.349ms
[2026-06-17T09:54:09.022+0800][25.270s][info][gc,cpu         ] GC(670) User=0.00s Sys=0.00s Real=0.00s
[2026-06-17T09:54:09.022+0800][25.271s][info][gc             ] GC(670) Concurrent Mark
[2026-06-17T09:54:09.023+0800][25.271s][info][gc,task        ] GC(670) Using 2 workers of 5 for marking
[2026-06-17T09:54:09.025+0800][25.273s][info][gc             ] GC(670) Concurrent Mark 2.245ms
[2026-06-17T09:54:09.026+0800][25.274s][info][gc,cpu         ] GC(670) User=0.00s Sys=0.00s Real=0.01s
[2026-06-17T09:54:09.028+0800][25.276s][info][gc             ] GC(670) Concurrent Preclean
[2026-06-17T09:54:09.028+0800][25.276s][info][gc             ] GC(670) Concurrent Preclean 0.286ms
[2026-06-17T09:54:09.030+0800][25.278s][info][gc,cpu         ] GC(670) User=0.00s Sys=0.00s Real=0.00s
[2026-06-17T09:54:09.032+0800][25.281s][info][gc,start       ] GC(670) Pause Remark
[2026-06-17T09:54:09.033+0800][25.281s][info][gc             ] GC(670) Pause Remark 42M->42M(61M) 0.663ms
[2026-06-17T09:54:09.033+0800][25.282s][info][gc,cpu         ] GC(670) User=0.00s Sys=0.00s Real=0.00s
[2026-06-17T09:54:09.034+0800][25.282s][info][gc             ] GC(670) Concurrent Sweep
[2026-06-17T09:54:09.034+0800][25.282s][info][gc             ] GC(670) Concurrent Sweep 0.495ms
[2026-06-17T09:54:09.034+0800][25.283s][info][gc,cpu         ] GC(670) User=0.00s Sys=0.00s Real=0.00s
[2026-06-17T09:54:09.035+0800][25.283s][info][gc             ] GC(670) Concurrent Reset
[2026-06-17T09:54:09.035+0800][25.283s][info][gc             ] GC(670) Concurrent Reset 0.324ms
[2026-06-17T09:54:09.035+0800][25.283s][info][gc,cpu         ] GC(670) User=0.00s Sys=0.00s Real=0.00s
[2026-06-17T09:54:09.035+0800][25.284s][info][gc,heap        ] GC(670) Old: 39432K->24396K(43712K)
[2026-06-17T09:54:09.065+0800][25.313s][info][gc,start       ] GC(671) Pause Young (Allocation Failure)
[2026-06-17T09:54:09.067+0800][25.315s][info][gc,task        ] GC(671) Using 2 workers of 18 for evacuation
[2026-06-17T09:54:09.068+0800][25.316s][info][gc,heap        ] GC(671) ParNew: 19642K->2174K(19648K)
[2026-06-17T09:54:09.068+0800][25.316s][info][gc,heap        ] GC(671) CMS: 24396K->28620K(43712K)
[2026-06-17T09:54:09.069+0800][25.317s][info][gc,metaspace   ] GC(671) Metaspace: 3160K(4864K)->3160K(4864K) NonClass: 2855K(4352K)->2855K(4352K) Class: 305K(512K)->305K(512K)
[2026-06-17T09:54:09.069+0800][25.317s][info][gc             ] GC(671) Pause Young (Allocation Failure) 43M->30M(61M) 3.814ms
[2026-06-17T09:54:09.069+0800][25.317s][info][gc,cpu         ] GC(671) User=0.00s Sys=0.00s Real=0.00s
[2026-06-17T09:54:09.112+0800][25.360s][info][gc,start       ] GC(672) Pause Young (Allocation Failure)
[2026-06-17T09:54:09.118+0800][25.366s][info][gc,task        ] GC(672) Using 2 workers of 18 for evacuation
[2026-06-17T09:54:09.118+0800][25.367s][info][gc,heap        ] GC(672) ParNew: 19378K->1879K(19648K)
[2026-06-17T09:54:09.119+0800][25.367s][info][gc,heap        ] GC(672) CMS: 28620K->31035K(43712K)
[2026-06-17T09:54:09.122+0800][25.371s][info][gc,metaspace   ] GC(672) Metaspace: 3160K(4864K)->3160K(4864K) NonClass: 2855K(4352K)->2855K(4352K) Class: 305K(512K)->305K(512K)
[2026-06-17T09:54:09.123+0800][25.371s][info][gc             ] GC(672) Pause Young (Allocation Failure) 46M->32M(61M) 11.105ms
[2026-06-17T09:54:09.123+0800][25.371s][info][gc,cpu         ] GC(672) User=0.00s Sys=0.00s Real=0.01s
[2026-06-17T09:54:09.165+0800][25.413s][info][gc,start       ] GC(673) Pause Young (Allocation Failure)
[2026-06-17T09:54:09.165+0800][25.413s][info][gc,task        ] GC(673) Using 2 workers of 18 for evacuation
[2026-06-17T09:54:09.166+0800][25.415s][info][gc,heap        ] GC(673) ParNew: 19302K->2168K(19648K)
[2026-06-17T09:54:09.167+0800][25.415s][info][gc,heap        ] GC(673) CMS: 31035K->37620K(43712K)
[2026-06-17T09:54:09.167+0800][25.415s][info][gc,metaspace   ] GC(673) Metaspace: 3160K(4864K)->3160K(4864K) NonClass: 2855K(4352K)->2855K(4352K) Class: 305K(512K)->305K(512K)
[2026-06-17T09:54:09.167+0800][25.416s][info][gc             ] GC(673) Pause Young (Allocation Failure) 49M->38M(61M) 2.538ms
[2026-06-17T09:54:09.168+0800][25.416s][info][gc,cpu         ] GC(673) User=0.00s Sys=0.00s Real=0.00s
[2026-06-17T09:54:09.168+0800][25.416s][info][gc,start       ] GC(674) Pause Initial Mark
[2026-06-17T09:54:09.168+0800][25.417s][info][gc             ] GC(674) Pause Initial Mark 39M->39M(61M) 0.303ms
[2026-06-17T09:54:09.169+0800][25.417s][info][gc,cpu         ] GC(674) User=0.00s Sys=0.00s Real=0.00s
[2026-06-17T09:54:09.169+0800][25.417s][info][gc             ] GC(674) Concurrent Mark
[2026-06-17T09:54:09.169+0800][25.417s][info][gc,task        ] GC(674) Using 2 workers of 5 for marking
[2026-06-17T09:54:09.169+0800][25.418s][info][gc             ] GC(674) Concurrent Mark 0.789ms
[2026-06-17T09:54:09.170+0800][25.418s][info][gc,cpu         ] GC(674) User=0.00s Sys=0.00s Real=0.00s
[2026-06-17T09:54:09.170+0800][25.418s][info][gc             ] GC(674) Concurrent Preclean
[2026-06-17T09:54:09.170+0800][25.418s][info][gc             ] GC(674) Concurrent Preclean 0.100ms
[2026-06-17T09:54:09.170+0800][25.418s][info][gc,cpu         ] GC(674) User=0.00s Sys=0.00s Real=0.00s
[2026-06-17T09:54:09.170+0800][25.418s][info][gc,start       ] GC(674) Pause Remark
[2026-06-17T09:54:09.170+0800][25.419s][info][gc             ] GC(674) Pause Remark 39M->39M(61M) 0.461ms
[2026-06-17T09:54:09.171+0800][25.419s][info][gc,cpu         ] GC(674) User=0.00s Sys=0.01s Real=0.01s
[2026-06-17T09:54:09.171+0800][25.419s][info][gc             ] GC(674) Concurrent Sweep
[2026-06-17T09:54:09.171+0800][25.419s][info][gc             ] GC(674) Concurrent Sweep 0.218ms
[2026-06-17T09:54:09.171+0800][25.419s][info][gc,cpu         ] GC(674) User=0.00s Sys=0.00s Real=0.00s
[2026-06-17T09:54:09.171+0800][25.419s][info][gc             ] GC(674) Concurrent Reset
[2026-06-17T09:54:09.171+0800][25.419s][info][gc             ] GC(674) Concurrent Reset 0.086ms
[2026-06-17T09:54:09.171+0800][25.419s][info][gc,cpu         ] GC(674) User=0.00s Sys=0.00s Real=0.00s
[2026-06-17T09:54:09.171+0800][25.419s][info][gc,heap        ] GC(674) Old: 37620K->25400K(43712K)
[2026-06-17T09:54:09.220+0800][25.468s][info][gc,start       ] GC(675) Pause Young (Allocation Failure)
[2026-06-17T09:54:09.221+0800][25.469s][info][gc,task        ] GC(675) Using 2 workers of 18 for evacuation
[2026-06-17T09:54:09.221+0800][25.469s][info][gc,heap        ] GC(675) ParNew: 19640K->2026K(19648K)
[2026-06-17T09:54:09.222+0800][25.470s][info][gc,heap        ] GC(675) CMS: 25400K->27749K(43712K)
[2026-06-17T09:54:09.222+0800][25.470s][info][gc,metaspace   ] GC(675) Metaspace: 3160K(4864K)->3160K(4864K) NonClass: 2855K(4352K)->2855K(4352K) Class: 305K(512K)->305K(512K)
[2026-06-17T09:54:09.222+0800][25.470s][info][gc             ] GC(675) Pause Young (Allocation Failure) 43M->29M(61M) 1.975ms
[2026-06-17T09:54:09.222+0800][25.471s][info][gc,cpu         ] GC(675) User=0.00s Sys=0.00s Real=0.00s
[2026-06-17T09:54:09.255+0800][25.503s][info][gc,start       ] GC(676) Pause Young (Allocation Failure)
[2026-06-17T09:54:09.255+0800][25.503s][info][gc,task        ] GC(676) Using 2 workers of 18 for evacuation
[2026-06-17T09:54:09.256+0800][25.504s][info][gc,heap        ] GC(676) ParNew: 19314K->2152K(19648K)
[2026-06-17T09:54:09.256+0800][25.504s][info][gc,heap        ] GC(676) CMS: 27749K->31331K(43712K)
[2026-06-17T09:54:09.256+0800][25.504s][info][gc,metaspace   ] GC(676) Metaspace: 3160K(4864K)->3160K(4864K) NonClass: 2855K(4352K)->2855K(4352K) Class: 305K(512K)->305K(512K)
[2026-06-17T09:54:09.256+0800][25.504s][info][gc             ] GC(676) Pause Young (Allocation Failure) 45M->32M(61M) 1.691ms
[2026-06-17T09:54:09.256+0800][25.504s][info][gc,cpu         ] GC(676) User=0.00s Sys=0.00s Real=0.00s
[2026-06-17T09:54:09.308+0800][25.557s][info][gc,start       ] GC(677) Pause Young (Allocation Failure)
[2026-06-17T09:54:09.309+0800][25.557s][info][gc,task        ] GC(677) Using 2 workers of 18 for evacuation
[2026-06-17T09:54:09.310+0800][25.558s][info][gc,heap        ] GC(677) ParNew: 19624K->2167K(19648K)
[2026-06-17T09:54:09.310+0800][25.559s][info][gc,heap        ] GC(677) CMS: 31331K->35237K(43712K)
[2026-06-17T09:54:09.311+0800][25.559s][info][gc,metaspace   ] GC(677) Metaspace: 3160K(4864K)->3160K(4864K) NonClass: 2855K(4352K)->2855K(4352K) Class: 305K(512K)->305K(512K)
[2026-06-17T09:54:09.311+0800][25.559s][info][gc             ] GC(677) Pause Young (Allocation Failure) 49M->36M(61M) 2.665ms
[2026-06-17T09:54:09.311+0800][25.560s][info][gc,cpu         ] GC(677) User=0.00s Sys=0.00s Real=0.01s
[2026-06-17T09:54:09.312+0800][25.560s][info][gc,start       ] GC(678) Pause Initial Mark
[2026-06-17T09:54:09.312+0800][25.560s][info][gc             ] GC(678) Pause Initial Mark 37M->37M(61M) 0.383ms
[2026-06-17T09:54:09.313+0800][25.561s][info][gc,cpu         ] GC(678) User=0.00s Sys=0.00s Real=0.00s
[2026-06-17T09:54:09.313+0800][25.561s][info][gc             ] GC(678) Concurrent Mark
[2026-06-17T09:54:09.314+0800][25.562s][info][gc,task        ] GC(678) Using 2 workers of 5 for marking
[2026-06-17T09:54:09.314+0800][25.562s][info][gc             ] GC(678) Concurrent Mark 0.981ms
[2026-06-17T09:54:09.315+0800][25.563s][info][gc,cpu         ] GC(678) User=0.00s Sys=0.00s Real=0.00s
[2026-06-17T09:54:09.315+0800][25.563s][info][gc             ] GC(678) Concurrent Preclean
[2026-06-17T09:54:09.315+0800][25.563s][info][gc             ] GC(678) Concurrent Preclean 0.146ms
[2026-06-17T09:54:09.315+0800][25.563s][info][gc,cpu         ] GC(678) User=0.00s Sys=0.00s Real=0.00s
[2026-06-17T09:54:09.315+0800][25.563s][info][gc             ] GC(678) Concurrent Abortable Preclean
[2026-06-17T09:54:09.355+0800][25.603s][info][gc,start       ] GC(679) Pause Young (Allocation Failure)
[2026-06-17T09:54:09.355+0800][25.604s][info][gc,task        ] GC(679) Using 2 workers of 18 for evacuation
[2026-06-17T09:54:09.356+0800][25.604s][info][gc,heap        ] GC(679) ParNew: 19634K->2172K(19648K)
[2026-06-17T09:54:09.356+0800][25.605s][info][gc,heap        ] GC(679) CMS: 35237K->38915K(43712K)
[2026-06-17T09:54:09.357+0800][25.605s][info][gc,metaspace   ] GC(679) Metaspace: 3160K(4864K)->3160K(4864K) NonClass: 2855K(4352K)->2855K(4352K) Class: 305K(512K)->305K(512K)
[2026-06-17T09:54:09.357+0800][25.605s][info][gc             ] GC(679) Pause Young (Allocation Failure) 53M->40M(61M) 1.851ms
[2026-06-17T09:54:09.357+0800][25.605s][info][gc,cpu         ] GC(679) User=0.01s Sys=0.00s Real=0.00s
[2026-06-17T09:54:09.399+0800][25.647s][info][gc,start       ] GC(680) Pause Young (Allocation Failure)
[2026-06-17T09:54:09.399+0800][25.647s][info][gc,task        ] GC(680) Using 2 workers of 18 for evacuation
[2026-06-17T09:54:09.400+0800][25.648s][info][gc,promotion   ] Promotion failed
[2026-06-17T09:54:09.400+0800][25.648s][info][gc,start       ] GC(681) Pause Full (Allocation Failure)
[2026-06-17T09:54:09.400+0800][25.649s][info][gc             ] GC(678) Concurrent Abortable Preclean 85.398ms
[2026-06-17T09:54:09.401+0800][25.649s][info][gc,cpu         ] GC(678) User=0.01s Sys=0.00s Real=0.08s
[2026-06-17T09:54:09.401+0800][25.649s][info][gc,phases,start] GC(681) Phase 1: Mark live objects
[2026-06-17T09:54:09.401+0800][25.650s][info][gc,phases      ] GC(681) Phase 1: Mark live objects 0.622ms
[2026-06-17T09:54:09.402+0800][25.650s][info][gc,phases,start] GC(681) Phase 2: Compute new object addresses
[2026-06-17T09:54:09.402+0800][25.650s][info][gc,phases      ] GC(681) Phase 2: Compute new object addresses 0.331ms
[2026-06-17T09:54:09.402+0800][25.650s][info][gc,phases,start] GC(681) Phase 3: Adjust pointers
[2026-06-17T09:54:09.403+0800][25.651s][info][gc,phases      ] GC(681) Phase 3: Adjust pointers 0.391ms
[2026-06-17T09:54:09.403+0800][25.651s][info][gc,phases,start] GC(681) Phase 4: Move objects
[2026-06-17T09:54:09.405+0800][25.653s][info][gc,phases      ] GC(681) Phase 4: Move objects 1.850ms
[2026-06-17T09:54:09.405+0800][25.653s][info][gc             ] GC(681) Pause Full (Allocation Failure) 61M->30M(61M) 4.924ms
[2026-06-17T09:54:09.405+0800][25.654s][info][gc,heap        ] GC(680) ParNew: 19600K->0K(19648K)
[2026-06-17T09:54:09.406+0800][25.654s][info][gc,heap        ] GC(680) CMS: 38915K->31626K(43712K)
[2026-06-17T09:54:09.406+0800][25.654s][info][gc,metaspace   ] GC(680) Metaspace: 3160K(4864K)->3160K(4864K) NonClass: 2855K(4352K)->2855K(4352K) Class: 305K(512K)->305K(512K)
[2026-06-17T09:54:09.406+0800][25.654s][info][gc             ] GC(680) Pause Young (Allocation Failure) 57M->30M(61M) 7.064ms
[2026-06-17T09:54:09.406+0800][25.654s][info][gc,cpu         ] GC(680) User=0.00s Sys=0.00s Real=0.01s
[2026-06-17T09:54:09.448+0800][25.696s][info][gc,start       ] GC(682) Pause Young (Allocation Failure)
[2026-06-17T09:54:09.448+0800][25.697s][info][gc,task        ] GC(682) Using 2 workers of 18 for evacuation
[2026-06-17T09:54:09.449+0800][25.698s][info][gc,heap        ] GC(682) ParNew: 17456K->2174K(19648K)
[2026-06-17T09:54:09.450+0800][25.698s][info][gc,heap        ] GC(682) CMS: 31626K->36587K(43712K)
[2026-06-17T09:54:09.450+0800][25.698s][info][gc,metaspace   ] GC(682) Metaspace: 3160K(4864K)->3160K(4864K) NonClass: 2855K(4352K)->2855K(4352K) Class: 305K(512K)->305K(512K)
[2026-06-17T09:54:09.450+0800][25.698s][info][gc             ] GC(682) Pause Young (Allocation Failure) 47M->37M(61M) 2.117ms
[2026-06-17T09:54:09.450+0800][25.698s][info][gc,cpu         ] GC(682) User=0.00s Sys=0.00s Real=0.00s
[2026-06-17T09:54:09.450+0800][25.699s][info][gc,start       ] GC(683) Pause Initial Mark
[2026-06-17T09:54:09.451+0800][25.699s][info][gc             ] GC(683) Pause Initial Mark 38M->38M(61M) 0.240ms
[2026-06-17T09:54:09.451+0800][25.699s][info][gc,cpu         ] GC(683) User=0.00s Sys=0.00s Real=0.01s
[2026-06-17T09:54:09.451+0800][25.699s][info][gc             ] GC(683) Concurrent Mark
[2026-06-17T09:54:09.451+0800][25.700s][info][gc,task        ] GC(683) Using 2 workers of 5 for marking
[2026-06-17T09:54:09.452+0800][25.700s][info][gc             ] GC(683) Concurrent Mark 1.092ms
[2026-06-17T09:54:09.452+0800][25.701s][info][gc,cpu         ] GC(683) User=0.00s Sys=0.00s Real=0.00s
[2026-06-17T09:54:09.453+0800][25.701s][info][gc             ] GC(683) Concurrent Preclean
[2026-06-17T09:54:09.453+0800][25.701s][info][gc             ] GC(683) Concurrent Preclean 0.134ms
[2026-06-17T09:54:09.453+0800][25.701s][info][gc,cpu         ] GC(683) User=0.00s Sys=0.00s Real=0.00s
[2026-06-17T09:54:09.453+0800][25.701s][info][gc,start       ] GC(683) Pause Remark
[2026-06-17T09:54:09.453+0800][25.702s][info][gc             ] GC(683) Pause Remark 38M->38M(61M) 0.416ms
[2026-06-17T09:54:09.454+0800][25.702s][info][gc,cpu         ] GC(683) User=0.00s Sys=0.00s Real=0.00s
[2026-06-17T09:54:09.454+0800][25.702s][info][gc             ] GC(683) Concurrent Sweep
[2026-06-17T09:54:09.454+0800][25.702s][info][gc             ] GC(683) Concurrent Sweep 0.307ms
[2026-06-17T09:54:09.454+0800][25.703s][info][gc,cpu         ] GC(683) User=0.00s Sys=0.00s Real=0.00s
[2026-06-17T09:54:09.455+0800][25.703s][info][gc             ] GC(683) Concurrent Reset
[2026-06-17T09:54:09.455+0800][25.703s][info][gc             ] GC(683) Concurrent Reset 0.126ms
[2026-06-17T09:54:09.455+0800][25.703s][info][gc,cpu         ] GC(683) User=0.00s Sys=0.00s Real=0.00s
[2026-06-17T09:54:09.455+0800][25.703s][info][gc,heap        ] GC(683) Old: 36587K->33320K(43712K)
[2026-06-17T09:54:09.492+0800][25.740s][info][gc,start       ] GC(684) Pause Young (Allocation Failure)
[2026-06-17T09:54:09.492+0800][25.741s][info][gc,task        ] GC(684) Using 2 workers of 18 for evacuation
[2026-06-17T09:54:09.493+0800][25.741s][info][gc,heap        ] GC(684) ParNew: 19590K->2137K(19648K)
[2026-06-17T09:54:09.493+0800][25.742s][info][gc,heap        ] GC(684) CMS: 33320K->36288K(43712K)
[2026-06-17T09:54:09.494+0800][25.742s][info][gc,metaspace   ] GC(684) Metaspace: 3160K(4864K)->3160K(4864K) NonClass: 2855K(4352K)->2855K(4352K) Class: 305K(512K)->305K(512K)
[2026-06-17T09:54:09.494+0800][25.742s][info][gc             ] GC(684) Pause Young (Allocation Failure) 51M->37M(61M) 1.948ms
[2026-06-17T09:54:09.494+0800][25.742s][info][gc,cpu         ] GC(684) User=0.00s Sys=0.00s Real=0.00s
[2026-06-17T09:54:09.495+0800][25.743s][info][gc,start       ] GC(685) Pause Initial Mark
[2026-06-17T09:54:09.495+0800][25.743s][info][gc             ] GC(685) Pause Initial Mark 38M->38M(61M) 0.358ms
[2026-06-17T09:54:09.495+0800][25.744s][info][gc,cpu         ] GC(685) User=0.00s Sys=0.00s Real=0.00s
[2026-06-17T09:54:09.496+0800][25.744s][info][gc             ] GC(685) Concurrent Mark
[2026-06-17T09:54:09.496+0800][25.744s][info][gc,task        ] GC(685) Using 2 workers of 5 for marking
[2026-06-17T09:54:09.496+0800][25.745s][info][gc             ] GC(685) Concurrent Mark 0.734ms
[2026-06-17T09:54:09.497+0800][25.745s][info][gc,cpu         ] GC(685) User=0.00s Sys=0.00s Real=0.00s
[2026-06-17T09:54:09.497+0800][25.745s][info][gc             ] GC(685) Concurrent Preclean
[2026-06-17T09:54:09.497+0800][25.745s][info][gc             ] GC(685) Concurrent Preclean 0.234ms
[2026-06-17T09:54:09.497+0800][25.745s][info][gc,cpu         ] GC(685) User=0.00s Sys=0.00s Real=0.00s
[2026-06-17T09:54:09.498+0800][25.746s][info][gc,start       ] GC(685) Pause Remark
[2026-06-17T09:54:09.498+0800][25.746s][info][gc             ] GC(685) Pause Remark 38M->38M(61M) 0.436ms
[2026-06-17T09:54:09.498+0800][25.746s][info][gc,cpu         ] GC(685) User=0.00s Sys=0.00s Real=0.00s
[2026-06-17T09:54:09.498+0800][25.747s][info][gc             ] GC(685) Concurrent Sweep
[2026-06-17T09:54:09.499+0800][25.747s][info][gc             ] GC(685) Concurrent Sweep 0.266ms
[2026-06-17T09:54:09.499+0800][25.747s][info][gc,cpu         ] GC(685) User=0.00s Sys=0.00s Real=0.00s
[2026-06-17T09:54:09.499+0800][25.747s][info][gc             ] GC(685) Concurrent Reset
[2026-06-17T09:54:09.499+0800][25.747s][info][gc             ] GC(685) Concurrent Reset 0.095ms
[2026-06-17T09:54:09.499+0800][25.747s][info][gc,cpu         ] GC(685) User=0.00s Sys=0.00s Real=0.00s
[2026-06-17T09:54:09.499+0800][25.747s][info][gc,heap        ] GC(685) Old: 36288K->23204K(43712K)
[2026-06-17T09:54:09.548+0800][25.796s][info][gc,start       ] GC(686) Pause Young (Allocation Failure)
[2026-06-17T09:54:09.555+0800][25.803s][info][gc,task        ] GC(686) Using 2 workers of 18 for evacuation
[2026-06-17T09:54:09.556+0800][25.805s][info][gc,heap        ] GC(686) ParNew: 19609K->2029K(19648K)
[2026-06-17T09:54:09.557+0800][25.805s][info][gc,heap        ] GC(686) CMS: 23204K->26508K(43712K)
[2026-06-17T09:54:09.557+0800][25.806s][info][gc,metaspace   ] GC(686) Metaspace: 3160K(4864K)->3160K(4864K) NonClass: 2855K(4352K)->2855K(4352K) Class: 305K(512K)->305K(512K)
[2026-06-17T09:54:09.558+0800][25.806s][info][gc             ] GC(686) Pause Young (Allocation Failure) 41M->27M(61M) 10.282ms
[2026-06-17T09:54:09.558+0800][25.807s][info][gc,cpu         ] GC(686) User=0.00s Sys=0.00s Real=0.01s
[2026-06-17T09:54:09.601+0800][25.849s][info][gc,start       ] GC(687) Pause Young (Allocation Failure)
[2026-06-17T09:54:09.601+0800][25.849s][info][gc,task        ] GC(687) Using 2 workers of 18 for evacuation
[2026-06-17T09:54:09.602+0800][25.850s][info][gc,heap        ] GC(687) ParNew: 19482K->2165K(19648K)
[2026-06-17T09:54:09.603+0800][25.851s][info][gc,heap        ] GC(687) CMS: 26508K->29699K(43712K)
[2026-06-17T09:54:09.603+0800][25.851s][info][gc,metaspace   ] GC(687) Metaspace: 3160K(4864K)->3160K(4864K) NonClass: 2855K(4352K)->2855K(4352K) Class: 305K(512K)->305K(512K)
[2026-06-17T09:54:09.603+0800][25.851s][info][gc             ] GC(687) Pause Young (Allocation Failure) 44M->31M(61M) 2.418ms
[2026-06-17T09:54:09.604+0800][25.852s][info][gc,cpu         ] GC(687) User=0.00s Sys=0.00s Real=0.01s
[2026-06-17T09:54:09.646+0800][25.894s][info][gc,start       ] GC(688) Pause Young (Allocation Failure)
[2026-06-17T09:54:09.646+0800][25.895s][info][gc,task        ] GC(688) Using 2 workers of 18 for evacuation
[2026-06-17T09:54:09.647+0800][25.896s][info][gc,heap        ] GC(688) ParNew: 19621K->2174K(19648K)
[2026-06-17T09:54:09.648+0800][25.896s][info][gc,heap        ] GC(688) CMS: 29699K->34064K(43712K)
[2026-06-17T09:54:09.648+0800][25.896s][info][gc,metaspace   ] GC(688) Metaspace: 3160K(4864K)->3160K(4864K) NonClass: 2855K(4352K)->2855K(4352K) Class: 305K(512K)->305K(512K)
[2026-06-17T09:54:09.648+0800][25.896s][info][gc             ] GC(688) Pause Young (Allocation Failure) 48M->35M(61M) 2.082ms
[2026-06-17T09:54:09.648+0800][25.896s][info][gc,cpu         ] GC(688) User=0.00s Sys=0.00s Real=0.00s
[2026-06-17T09:54:09.649+0800][25.897s][info][gc,start       ] GC(689) Pause Initial Mark
[2026-06-17T09:54:09.649+0800][25.897s][info][gc             ] GC(689) Pause Initial Mark 35M->35M(61M) 0.206ms
[2026-06-17T09:54:09.649+0800][25.897s][info][gc,cpu         ] GC(689) User=0.00s Sys=0.00s Real=0.00s
[2026-06-17T09:54:09.649+0800][25.897s][info][gc             ] GC(689) Concurrent Mark
[2026-06-17T09:54:09.649+0800][25.897s][info][gc,task        ] GC(689) Using 2 workers of 5 for marking
[2026-06-17T09:54:09.650+0800][25.898s][info][gc             ] GC(689) Concurrent Mark 0.887ms
[2026-06-17T09:54:09.650+0800][25.899s][info][gc,cpu         ] GC(689) User=0.00s Sys=0.00s Real=0.00s
[2026-06-17T09:54:09.651+0800][25.899s][info][gc             ] GC(689) Concurrent Preclean
[2026-06-17T09:54:09.651+0800][25.899s][info][gc             ] GC(689) Concurrent Preclean 0.324ms
[2026-06-17T09:54:09.651+0800][25.899s][info][gc,cpu         ] GC(689) User=0.00s Sys=0.00s Real=0.00s
[2026-06-17T09:54:09.651+0800][25.900s][info][gc             ] GC(689) Concurrent Abortable Preclean
[2026-06-17T09:54:09.691+0800][25.939s][info][gc,start       ] GC(690) Pause Young (Allocation Failure)
[2026-06-17T09:54:09.691+0800][25.939s][info][gc,task        ] GC(690) Using 2 workers of 18 for evacuation
[2026-06-17T09:54:09.692+0800][25.940s][info][gc,heap        ] GC(690) ParNew: 19634K->2174K(19648K)
[2026-06-17T09:54:09.692+0800][25.940s][info][gc,heap        ] GC(690) CMS: 34064K->38367K(43712K)
[2026-06-17T09:54:09.692+0800][25.941s][info][gc,metaspace   ] GC(690) Metaspace: 3160K(4864K)->3160K(4864K) NonClass: 2855K(4352K)->2855K(4352K) Class: 305K(512K)->305K(512K)
[2026-06-17T09:54:09.693+0800][25.941s][info][gc             ] GC(690) Pause Young (Allocation Failure) 52M->39M(61M) 1.848ms
[2026-06-17T09:54:09.693+0800][25.941s][info][gc,cpu         ] GC(690) User=0.00s Sys=0.00s Real=0.00s
[2026-06-17T09:54:09.735+0800][25.983s][info][gc,start       ] GC(691) Pause Young (Allocation Failure)
[2026-06-17T09:54:09.735+0800][25.983s][info][gc,task        ] GC(691) Using 2 workers of 18 for evacuation
[2026-06-17T09:54:09.736+0800][25.984s][info][gc,heap        ] GC(691) ParNew: 19623K->2065K(19648K)
[2026-06-17T09:54:09.736+0800][25.984s][info][gc,heap        ] GC(691) CMS: 38367K->40439K(43712K)
[2026-06-17T09:54:09.736+0800][25.985s][info][gc,metaspace   ] GC(691) Metaspace: 3160K(4864K)->3160K(4864K) NonClass: 2855K(4352K)->2855K(4352K) Class: 305K(512K)->305K(512K)
[2026-06-17T09:54:09.737+0800][25.985s][info][gc             ] GC(691) Pause Young (Allocation Failure) 56M->41M(61M) 1.845ms
[2026-06-17T09:54:09.737+0800][25.985s][info][gc,cpu         ] GC(691) User=0.00s Sys=0.00s Real=0.00s
[2026-06-17T09:54:09.789+0800][26.037s][info][gc,start       ] GC(692) Pause Young (Allocation Failure)
[2026-06-17T09:54:09.789+0800][26.038s][info][gc,task        ] GC(692) Using 2 workers of 18 for evacuation
[2026-06-17T09:54:09.790+0800][26.038s][info][gc,start       ] GC(693) Pause Full (Allocation Failure)
[2026-06-17T09:54:09.790+0800][26.038s][info][gc             ] GC(689) Concurrent Abortable Preclean 138.425ms
[2026-06-17T09:54:09.790+0800][26.038s][info][gc,cpu         ] GC(689) User=0.00s Sys=0.00s Real=0.13s
[2026-06-17T09:54:09.790+0800][26.038s][info][gc,phases,start] GC(693) Phase 1: Mark live objects
[2026-06-17T09:54:09.791+0800][26.039s][info][gc,phases      ] GC(693) Phase 1: Mark live objects 0.708ms
[2026-06-17T09:54:09.791+0800][26.039s][info][gc,phases,start] GC(693) Phase 2: Compute new object addresses
[2026-06-17T09:54:09.791+0800][26.040s][info][gc,phases      ] GC(693) Phase 2: Compute new object addresses 0.395ms
[2026-06-17T09:54:09.792+0800][26.040s][info][gc,phases,start] GC(693) Phase 3: Adjust pointers
[2026-06-17T09:54:09.792+0800][26.040s][info][gc,phases      ] GC(693) Phase 3: Adjust pointers 0.419ms
[2026-06-17T09:54:09.792+0800][26.040s][info][gc,phases,start] GC(693) Phase 4: Move objects
[2026-06-17T09:54:09.795+0800][26.043s][info][gc,phases      ] GC(693) Phase 4: Move objects 2.611ms
[2026-06-17T09:54:09.795+0800][26.043s][info][gc             ] GC(693) Pause Full (Allocation Failure) 58M->27M(61M) 5.692ms
[2026-06-17T09:54:09.795+0800][26.044s][info][gc,heap        ] GC(692) ParNew: 19511K->0K(19648K)
[2026-06-17T09:54:09.796+0800][26.044s][info][gc,heap        ] GC(692) CMS: 40439K->27964K(43712K)
[2026-06-17T09:54:09.796+0800][26.044s][info][gc,metaspace   ] GC(692) Metaspace: 3160K(4864K)->3160K(4864K) NonClass: 2855K(4352K)->2855K(4352K) Class: 305K(512K)->305K(512K)
[2026-06-17T09:54:09.796+0800][26.044s][info][gc             ] GC(692) Pause Young (Allocation Failure) 58M->27M(61M) 6.865ms
[2026-06-17T09:54:09.796+0800][26.044s][info][gc,cpu         ] GC(692) User=0.01s Sys=0.00s Real=0.01s
[2026-06-17T09:54:09.838+0800][26.086s][info][gc,start       ] GC(694) Pause Young (Allocation Failure)
[2026-06-17T09:54:09.838+0800][26.087s][info][gc,task        ] GC(694) Using 2 workers of 18 for evacuation
[2026-06-17T09:54:09.839+0800][26.087s][info][gc,heap        ] GC(694) ParNew: 17472K->2174K(19648K)
[2026-06-17T09:54:09.840+0800][26.088s][info][gc,heap        ] GC(694) CMS: 27964K->32979K(43712K)
[2026-06-17T09:54:09.840+0800][26.088s][info][gc,metaspace   ] GC(694) Metaspace: 3160K(4864K)->3160K(4864K) NonClass: 2855K(4352K)->2855K(4352K) Class: 305K(512K)->305K(512K)
[2026-06-17T09:54:09.840+0800][26.088s][info][gc             ] GC(694) Pause Young (Allocation Failure) 44M->34M(61M) 2.102ms
[2026-06-17T09:54:09.840+0800][26.088s][info][gc,cpu         ] GC(694) User=0.00s Sys=0.00s Real=0.00s
[2026-06-17T09:54:09.841+0800][26.089s][info][gc,start       ] GC(695) Pause Initial Mark
[2026-06-17T09:54:09.841+0800][26.089s][info][gc             ] GC(695) Pause Initial Mark 35M->35M(61M) 0.258ms
[2026-06-17T09:54:09.841+0800][26.089s][info][gc,cpu         ] GC(695) User=0.00s Sys=0.00s Real=0.00s
[2026-06-17T09:54:09.841+0800][26.089s][info][gc             ] GC(695) Concurrent Mark
[2026-06-17T09:54:09.841+0800][26.090s][info][gc,task        ] GC(695) Using 2 workers of 5 for marking
[2026-06-17T09:54:09.842+0800][26.090s][info][gc             ] GC(695) Concurrent Mark 0.868ms
[2026-06-17T09:54:09.842+0800][26.090s][info][gc,cpu         ] GC(695) User=0.00s Sys=0.00s Real=0.00s
[2026-06-17T09:54:09.843+0800][26.091s][info][gc             ] GC(695) Concurrent Preclean
[2026-06-17T09:54:09.843+0800][26.091s][info][gc             ] GC(695) Concurrent Preclean 0.193ms
[2026-06-17T09:54:09.843+0800][26.091s][info][gc,cpu         ] GC(695) User=0.00s Sys=0.00s Real=0.00s
[2026-06-17T09:54:09.843+0800][26.091s][info][gc             ] GC(695) Concurrent Abortable Preclean
[2026-06-17T09:54:09.883+0800][26.131s][info][gc,start       ] GC(696) Pause Young (Allocation Failure)
[2026-06-17T09:54:09.883+0800][26.131s][info][gc,task        ] GC(696) Using 2 workers of 18 for evacuation
[2026-06-17T09:54:09.884+0800][26.133s][info][gc,heap        ] GC(696) ParNew: 19630K->2175K(19648K)
[2026-06-17T09:54:09.885+0800][26.133s][info][gc,heap        ] GC(696) CMS: 32979K->38217K(43712K)
[2026-06-17T09:54:09.885+0800][26.133s][info][gc,metaspace   ] GC(696) Metaspace: 3160K(4864K)->3160K(4864K) NonClass: 2855K(4352K)->2855K(4352K) Class: 305K(512K)->305K(512K)
[2026-06-17T09:54:09.885+0800][26.133s][info][gc             ] GC(696) Pause Young (Allocation Failure) 51M->39M(61M) 2.043ms
[2026-06-17T09:54:09.885+0800][26.133s][info][gc,cpu         ] GC(696) User=0.01s Sys=0.00s Real=0.00s
[2026-06-17T09:54:09.939+0800][26.187s][info][gc,start       ] GC(697) Pause Young (Allocation Failure)
[2026-06-17T09:54:09.940+0800][26.188s][info][gc,task        ] GC(697) Using 2 workers of 18 for evacuation
[2026-06-17T09:54:09.942+0800][26.190s][info][gc,start       ] GC(698) Pause Full (Allocation Failure)
[2026-06-17T09:54:09.944+0800][26.192s][info][gc             ] GC(695) Concurrent Abortable Preclean 101.214ms
[2026-06-17T09:54:09.948+0800][26.196s][info][gc,cpu         ] GC(695) User=0.01s Sys=0.00s Real=0.10s
[2026-06-17T09:54:09.950+0800][26.198s][info][gc,phases,start] GC(698) Phase 1: Mark live objects
[2026-06-17T09:54:09.952+0800][26.200s][info][gc,phases      ] GC(698) Phase 1: Mark live objects 1.563ms
[2026-06-17T09:54:09.952+0800][26.200s][info][gc,phases,start] GC(698) Phase 2: Compute new object addresses
[2026-06-17T09:54:09.952+0800][26.201s][info][gc,phases      ] GC(698) Phase 2: Compute new object addresses 0.391ms
[2026-06-17T09:54:09.953+0800][26.201s][info][gc,phases,start] GC(698) Phase 3: Adjust pointers
[2026-06-17T09:54:09.953+0800][26.201s][info][gc,phases      ] GC(698) Phase 3: Adjust pointers 0.406ms
[2026-06-17T09:54:09.953+0800][26.201s][info][gc,phases,start] GC(698) Phase 4: Move objects
[2026-06-17T09:54:09.956+0800][26.204s][info][gc,phases      ] GC(698) Phase 4: Move objects 2.288ms
[2026-06-17T09:54:09.956+0800][26.204s][info][gc             ] GC(698) Pause Full (Allocation Failure) 56M->25M(61M) 13.853ms
[2026-06-17T09:54:09.956+0800][26.204s][info][gc,heap        ] GC(697) ParNew: 19622K->0K(19648K)
[2026-06-17T09:54:09.956+0800][26.204s][info][gc,heap        ] GC(697) CMS: 38217K->25980K(43712K)
[2026-06-17T09:54:09.956+0800][26.205s][info][gc,metaspace   ] GC(697) Metaspace: 3160K(4864K)->3160K(4864K) NonClass: 2855K(4352K)->2855K(4352K) Class: 305K(512K)->305K(512K)
[2026-06-17T09:54:09.957+0800][26.205s][info][gc             ] GC(697) Pause Young (Allocation Failure) 56M->25M(61M) 17.345ms
[2026-06-17T09:54:09.957+0800][26.205s][info][gc,cpu         ] GC(697) User=0.00s Sys=0.00s Real=0.02s
[2026-06-17T09:54:09.988+0800][26.236s][info][gc,start       ] GC(699) Pause Young (Allocation Failure)
[2026-06-17T09:54:09.989+0800][26.237s][info][gc,task        ] GC(699) Using 2 workers of 18 for evacuation
[2026-06-17T09:54:09.990+0800][26.238s][info][gc,heap        ] GC(699) ParNew: 17409K->2174K(19648K)
[2026-06-17T09:54:09.990+0800][26.238s][info][gc,heap        ] GC(699) CMS: 25980K->30797K(43712K)
[2026-06-17T09:54:09.990+0800][26.238s][info][gc,metaspace   ] GC(699) Metaspace: 3160K(4864K)->3160K(4864K) NonClass: 2855K(4352K)->2855K(4352K) Class: 305K(512K)->305K(512K)
[2026-06-17T09:54:09.990+0800][26.238s][info][gc             ] GC(699) Pause Young (Allocation Failure) 42M->32M(61M) 1.790ms
[2026-06-17T09:54:09.990+0800][26.238s][info][gc,cpu         ] GC(699) User=0.00s Sys=0.00s Real=0.00s
[2026-06-17T09:54:10.033+0800][26.281s][info][gc,start       ] GC(700) Pause Young (Allocation Failure)
[2026-06-17T09:54:10.033+0800][26.281s][info][gc,task        ] GC(700) Using 2 workers of 18 for evacuation
[2026-06-17T09:54:10.034+0800][26.282s][info][gc,heap        ] GC(700) ParNew: 19369K->2144K(19648K)
[2026-06-17T09:54:10.035+0800][26.283s][info][gc,heap        ] GC(700) CMS: 30797K->34689K(43712K)
[2026-06-17T09:54:10.035+0800][26.283s][info][gc,metaspace   ] GC(700) Metaspace: 3160K(4864K)->3160K(4864K) NonClass: 2855K(4352K)->2855K(4352K) Class: 305K(512K)->305K(512K)
[2026-06-17T09:54:10.035+0800][26.283s][info][gc             ] GC(700) Pause Young (Allocation Failure) 48M->35M(61M) 2.663ms
[2026-06-17T09:54:10.036+0800][26.284s][info][gc,cpu         ] GC(700) User=0.00s Sys=0.00s Real=0.00s
[2026-06-17T09:54:10.036+0800][26.284s][info][gc,start       ] GC(701) Pause Initial Mark
[2026-06-17T09:54:10.036+0800][26.285s][info][gc             ] GC(701) Pause Initial Mark 37M->37M(61M) 0.400ms
[2026-06-17T09:54:10.037+0800][26.285s][info][gc,cpu         ] GC(701) User=0.00s Sys=0.00s Real=0.00s
[2026-06-17T09:54:10.037+0800][26.285s][info][gc             ] GC(701) Concurrent Mark
[2026-06-17T09:54:10.037+0800][26.286s][info][gc,task        ] GC(701) Using 2 workers of 5 for marking
[2026-06-17T09:54:10.039+0800][26.287s][info][gc             ] GC(701) Concurrent Mark 1.504ms
[2026-06-17T09:54:10.039+0800][26.287s][info][gc,cpu         ] GC(701) User=0.00s Sys=0.00s Real=0.00s
[2026-06-17T09:54:10.039+0800][26.287s][info][gc             ] GC(701) Concurrent Preclean
[2026-06-17T09:54:10.039+0800][26.287s][info][gc             ] GC(701) Concurrent Preclean 0.187ms
[2026-06-17T09:54:10.039+0800][26.288s][info][gc,cpu         ] GC(701) User=0.00s Sys=0.00s Real=0.00s
[2026-06-17T09:54:10.040+0800][26.288s][info][gc,start       ] GC(701) Pause Remark
[2026-06-17T09:54:10.040+0800][26.288s][info][gc             ] GC(701) Pause Remark 37M->37M(61M) 0.541ms
[2026-06-17T09:54:10.040+0800][26.289s][info][gc,cpu         ] GC(701) User=0.00s Sys=0.00s Real=0.00s
[2026-06-17T09:54:10.041+0800][26.289s][info][gc             ] GC(701) Concurrent Sweep
[2026-06-17T09:54:10.041+0800][26.289s][info][gc             ] GC(701) Concurrent Sweep 0.300ms
[2026-06-17T09:54:10.041+0800][26.289s][info][gc,cpu         ] GC(701) User=0.00s Sys=0.00s Real=0.00s
[2026-06-17T09:54:10.041+0800][26.289s][info][gc             ] GC(701) Concurrent Reset
[2026-06-17T09:54:10.041+0800][26.289s][info][gc             ] GC(701) Concurrent Reset 0.164ms
[2026-06-17T09:54:10.041+0800][26.290s][info][gc,cpu         ] GC(701) User=0.00s Sys=0.00s Real=0.00s
[2026-06-17T09:54:10.041+0800][26.290s][info][gc,heap        ] GC(701) Old: 34689K->21665K(43712K)
[2026-06-17T09:54:10.088+0800][26.336s][info][gc,start       ] GC(702) Pause Young (Allocation Failure)
[2026-06-17T09:54:10.090+0800][26.339s][info][gc,task        ] GC(702) Using 2 workers of 18 for evacuation
[2026-06-17T09:54:10.092+0800][26.340s][info][gc,heap        ] GC(702) ParNew: 19607K->2159K(19648K)
[2026-06-17T09:54:10.092+0800][26.340s][info][gc,heap        ] GC(702) CMS: 21665K->25129K(43712K)
[2026-06-17T09:54:10.092+0800][26.340s][info][gc,metaspace   ] GC(702) Metaspace: 3160K(4864K)->3160K(4864K) NonClass: 2855K(4352K)->2855K(4352K) Class: 305K(512K)->305K(512K)
[2026-06-17T09:54:10.092+0800][26.340s][info][gc             ] GC(702) Pause Young (Allocation Failure) 40M->26M(61M) 4.146ms
[2026-06-17T09:54:10.092+0800][26.341s][info][gc,cpu         ] GC(702) User=0.00s Sys=0.00s Real=0.01s
[2026-06-17T09:54:10.134+0800][26.382s][info][gc,start       ] GC(703) Pause Young (Allocation Failure)
[2026-06-17T09:54:10.135+0800][26.383s][info][gc,task        ] GC(703) Using 2 workers of 18 for evacuation
[2026-06-17T09:54:10.136+0800][26.384s][info][gc,heap        ] GC(703) ParNew: 19570K->2091K(19648K)
[2026-06-17T09:54:10.136+0800][26.384s][info][gc,heap        ] GC(703) CMS: 25129K->29160K(43712K)
[2026-06-17T09:54:10.136+0800][26.384s][info][gc,metaspace   ] GC(703) Metaspace: 3160K(4864K)->3160K(4864K) NonClass: 2855K(4352K)->2855K(4352K) Class: 305K(512K)->305K(512K)
[2026-06-17T09:54:10.136+0800][26.384s][info][gc             ] GC(703) Pause Young (Allocation Failure) 43M->30M(61M) 1.862ms
[2026-06-17T09:54:10.136+0800][26.384s][info][gc,cpu         ] GC(703) User=0.00s Sys=0.00s Real=0.00s
[2026-06-17T09:54:10.179+0800][26.427s][info][gc,start       ] GC(704) Pause Young (Allocation Failure)
[2026-06-17T09:54:10.179+0800][26.427s][info][gc,task        ] GC(704) Using 2 workers of 18 for evacuation
[2026-06-17T09:54:10.180+0800][26.428s][info][gc,heap        ] GC(704) ParNew: 19563K->2168K(19648K)
[2026-06-17T09:54:10.180+0800][26.429s][info][gc,heap        ] GC(704) CMS: 29160K->32341K(43712K)
[2026-06-17T09:54:10.181+0800][26.429s][info][gc,metaspace   ] GC(704) Metaspace: 3160K(4864K)->3160K(4864K) NonClass: 2855K(4352K)->2855K(4352K) Class: 305K(512K)->305K(512K)
[2026-06-17T09:54:10.181+0800][26.429s][info][gc             ] GC(704) Pause Young (Allocation Failure) 47M->33M(61M) 2.447ms
[2026-06-17T09:54:10.181+0800][26.430s][info][gc,cpu         ] GC(704) User=0.00s Sys=0.00s Real=0.00s
[2026-06-17T09:54:10.224+0800][26.472s][info][gc,start       ] GC(705) Pause Young (Allocation Failure)
[2026-06-17T09:54:10.224+0800][26.473s][info][gc,task        ] GC(705) Using 2 workers of 18 for evacuation
[2026-06-17T09:54:10.225+0800][26.473s][info][gc,heap        ] GC(705) ParNew: 19640K->1576K(19648K)
[2026-06-17T09:54:10.225+0800][26.473s][info][gc,heap        ] GC(705) CMS: 32341K->33354K(43712K)
[2026-06-17T09:54:10.225+0800][26.474s][info][gc,metaspace   ] GC(705) Metaspace: 3160K(4864K)->3160K(4864K) NonClass: 2855K(4352K)->2855K(4352K) Class: 305K(512K)->305K(512K)
[2026-06-17T09:54:10.226+0800][26.474s][info][gc             ] GC(705) Pause Young (Allocation Failure) 50M->34M(61M) 1.509ms
[2026-06-17T09:54:10.226+0800][26.474s][info][gc,cpu         ] GC(705) User=0.00s Sys=0.00s Real=0.00s
[2026-06-17T09:54:10.268+0800][26.516s][info][gc,start       ] GC(706) Pause Young (Allocation Failure)
[2026-06-17T09:54:10.268+0800][26.517s][info][gc,task        ] GC(706) Using 2 workers of 18 for evacuation
[2026-06-17T09:54:10.271+0800][26.519s][info][gc,heap        ] GC(706) ParNew: 19048K->2173K(19648K)
[2026-06-17T09:54:10.273+0800][26.521s][info][gc,heap        ] GC(706) CMS: 33354K->39957K(43712K)
[2026-06-17T09:54:10.273+0800][26.521s][info][gc,metaspace   ] GC(706) Metaspace: 3160K(4864K)->3160K(4864K) NonClass: 2855K(4352K)->2855K(4352K) Class: 305K(512K)->305K(512K)
[2026-06-17T09:54:10.273+0800][26.522s][info][gc             ] GC(706) Pause Young (Allocation Failure) 51M->41M(61M) 5.816ms
[2026-06-17T09:54:10.274+0800][26.523s][info][gc,cpu         ] GC(706) User=0.00s Sys=0.00s Real=0.01s
[2026-06-17T09:54:10.275+0800][26.523s][info][gc,start       ] GC(707) Pause Initial Mark
[2026-06-17T09:54:10.276+0800][26.524s][info][gc             ] GC(707) Pause Initial Mark 42M->42M(61M) 0.684ms
[2026-06-17T09:54:10.276+0800][26.524s][info][gc,cpu         ] GC(707) User=0.00s Sys=0.00s Real=0.00s
[2026-06-17T09:54:10.277+0800][26.525s][info][gc             ] GC(707) Concurrent Mark
[2026-06-17T09:54:10.277+0800][26.525s][info][gc,task        ] GC(707) Using 2 workers of 5 for marking
[2026-06-17T09:54:10.279+0800][26.527s][info][gc             ] GC(707) Concurrent Mark 1.684ms
[2026-06-17T09:54:10.279+0800][26.527s][info][gc,cpu         ] GC(707) User=0.00s Sys=0.00s Real=0.00s
[2026-06-17T09:54:10.279+0800][26.527s][info][gc             ] GC(707) Concurrent Preclean
[2026-06-17T09:54:10.280+0800][26.528s][info][gc             ] GC(707) Concurrent Preclean 0.304ms
[2026-06-17T09:54:10.280+0800][26.528s][info][gc,cpu         ] GC(707) User=0.00s Sys=0.00s Real=0.00s
[2026-06-17T09:54:10.280+0800][26.528s][info][gc,start       ] GC(707) Pause Remark
[2026-06-17T09:54:10.281+0800][26.529s][info][gc             ] GC(707) Pause Remark 42M->42M(61M) 0.552ms
[2026-06-17T09:54:10.281+0800][26.529s][info][gc,cpu         ] GC(707) User=0.00s Sys=0.00s Real=0.00s
[2026-06-17T09:54:10.281+0800][26.529s][info][gc             ] GC(707) Concurrent Sweep
[2026-06-17T09:54:10.282+0800][26.530s][info][gc             ] GC(707) Concurrent Sweep 0.739ms
[2026-06-17T09:54:10.282+0800][26.531s][info][gc,cpu         ] GC(707) User=0.01s Sys=0.00s Real=0.00s
[2026-06-17T09:54:10.283+0800][26.531s][info][gc             ] GC(707) Concurrent Reset
[2026-06-17T09:54:10.283+0800][26.531s][info][gc             ] GC(707) Concurrent Reset 0.230ms
[2026-06-17T09:54:10.283+0800][26.531s][info][gc,cpu         ] GC(707) User=0.00s Sys=0.00s Real=0.00s
[2026-06-17T09:54:10.284+0800][26.532s][info][gc,heap        ] GC(707) Old: 39957K->29779K(43712K)
[2026-06-17T09:54:10.329+0800][26.577s][info][gc,start       ] GC(708) Pause Young (Allocation Failure)
[2026-06-17T09:54:10.329+0800][26.578s][info][gc,task        ] GC(708) Using 2 workers of 18 for evacuation
[2026-06-17T09:54:10.330+0800][26.578s][info][gc,heap        ] GC(708) ParNew: 19645K->2030K(19648K)
[2026-06-17T09:54:10.331+0800][26.579s][info][gc,heap        ] GC(708) CMS: 29779K->32128K(43712K)
[2026-06-17T09:54:10.331+0800][26.579s][info][gc,metaspace   ] GC(708) Metaspace: 3160K(4864K)->3160K(4864K) NonClass: 2855K(4352K)->2855K(4352K) Class: 305K(512K)->305K(512K)
[2026-06-17T09:54:10.331+0800][26.579s][info][gc             ] GC(708) Pause Young (Allocation Failure) 48M->33M(61M) 2.267ms
[2026-06-17T09:54:10.331+0800][26.580s][info][gc,cpu         ] GC(708) User=0.00s Sys=0.00s Real=0.01s
[2026-06-17T09:54:10.374+0800][26.622s][info][gc,start       ] GC(709) Pause Young (Allocation Failure)
[2026-06-17T09:54:10.374+0800][26.623s][info][gc,task        ] GC(709) Using 2 workers of 18 for evacuation
[2026-06-17T09:54:10.375+0800][26.623s][info][gc,heap        ] GC(709) ParNew: 19454K->2110K(19648K)
[2026-06-17T09:54:10.376+0800][26.624s][info][gc,heap        ] GC(709) CMS: 32128K->35429K(43712K)
[2026-06-17T09:54:10.376+0800][26.624s][info][gc,metaspace   ] GC(709) Metaspace: 3160K(4864K)->3160K(4864K) NonClass: 2855K(4352K)->2855K(4352K) Class: 305K(512K)->305K(512K)
[2026-06-17T09:54:10.376+0800][26.624s][info][gc             ] GC(709) Pause Young (Allocation Failure) 50M->36M(61M) 1.772ms
[2026-06-17T09:54:10.376+0800][26.624s][info][gc,cpu         ] GC(709) User=0.00s Sys=0.00s Real=0.00s
[2026-06-17T09:54:10.376+0800][26.624s][info][gc,start       ] GC(710) Pause Initial Mark
[2026-06-17T09:54:10.377+0800][26.625s][info][gc             ] GC(710) Pause Initial Mark 37M->37M(61M) 0.270ms
[2026-06-17T09:54:10.377+0800][26.625s][info][gc,cpu         ] GC(710) User=0.00s Sys=0.00s Real=0.00s
[2026-06-17T09:54:10.377+0800][26.625s][info][gc             ] GC(710) Concurrent Mark
[2026-06-17T09:54:10.377+0800][26.625s][info][gc,task        ] GC(710) Using 2 workers of 5 for marking
[2026-06-17T09:54:10.378+0800][26.626s][info][gc             ] GC(710) Concurrent Mark 0.891ms
[2026-06-17T09:54:10.378+0800][26.626s][info][gc,cpu         ] GC(710) User=0.00s Sys=0.00s Real=0.00s
[2026-06-17T09:54:10.378+0800][26.626s][info][gc             ] GC(710) Concurrent Preclean
[2026-06-17T09:54:10.378+0800][26.626s][info][gc             ] GC(710) Concurrent Preclean 0.151ms
[2026-06-17T09:54:10.378+0800][26.626s][info][gc,cpu         ] GC(710) User=0.00s Sys=0.00s Real=0.00s
[2026-06-17T09:54:10.378+0800][26.626s][info][gc             ] GC(710) Concurrent Abortable Preclean
[2026-06-17T09:54:10.419+0800][26.667s][info][gc,start       ] GC(711) Pause Young (Allocation Failure)
[2026-06-17T09:54:10.419+0800][26.667s][info][gc,task        ] GC(711) Using 2 workers of 18 for evacuation
[2026-06-17T09:54:10.420+0800][26.668s][info][gc,heap        ] GC(711) ParNew: 19553K->2174K(19648K)
[2026-06-17T09:54:10.420+0800][26.669s][info][gc,heap        ] GC(711) CMS: 35429K->38977K(43712K)
[2026-06-17T09:54:10.420+0800][26.669s][info][gc,metaspace   ] GC(711) Metaspace: 3160K(4864K)->3160K(4864K) NonClass: 2855K(4352K)->2855K(4352K) Class: 305K(512K)->305K(512K)
[2026-06-17T09:54:10.421+0800][26.669s][info][gc             ] GC(711) Pause Young (Allocation Failure) 53M->40M(61M) 1.730ms
[2026-06-17T09:54:10.421+0800][26.669s][info][gc,cpu         ] GC(711) User=0.01s Sys=0.00s Real=0.00s
[2026-06-17T09:54:10.463+0800][26.711s][info][gc,start       ] GC(712) Pause Young (Allocation Failure)
[2026-06-17T09:54:10.463+0800][26.711s][info][gc,task        ] GC(712) Using 2 workers of 18 for evacuation
[2026-06-17T09:54:10.464+0800][26.712s][info][gc,heap        ] GC(712) ParNew: 19607K->2168K(19648K)
[2026-06-17T09:54:10.464+0800][26.712s][info][gc,heap        ] GC(712) CMS: 38977K->43365K(43712K)
[2026-06-17T09:54:10.465+0800][26.713s][info][gc,metaspace   ] GC(712) Metaspace: 3160K(4864K)->3160K(4864K) NonClass: 2855K(4352K)->2855K(4352K) Class: 305K(512K)->305K(512K)
[2026-06-17T09:54:10.465+0800][26.714s][info][gc             ] GC(712) Pause Young (Allocation Failure) 57M->44M(61M) 2.733ms
[2026-06-17T09:54:10.466+0800][26.714s][info][gc,cpu         ] GC(712) User=0.00s Sys=0.00s Real=0.00s
[2026-06-17T09:54:10.466+0800][26.714s][info][gc             ] GC(710) Concurrent Abortable Preclean 87.567ms
[2026-06-17T09:54:10.466+0800][26.714s][info][gc,cpu         ] GC(710) User=0.01s Sys=0.00s Real=0.09s
[2026-06-17T09:54:10.466+0800][26.715s][info][gc,start       ] GC(710) Pause Remark
[2026-06-17T09:54:10.467+0800][26.715s][info][gc             ] GC(710) Pause Remark 47M->47M(61M) 0.528ms
[2026-06-17T09:54:10.467+0800][26.715s][info][gc,cpu         ] GC(710) User=0.00s Sys=0.00s Real=0.00s
[2026-06-17T09:54:10.467+0800][26.716s][info][gc             ] GC(710) Concurrent Sweep
[2026-06-17T09:54:10.468+0800][26.716s][info][gc             ] GC(710) Concurrent Sweep 0.342ms
[2026-06-17T09:54:10.468+0800][26.716s][info][gc,cpu         ] GC(710) User=0.00s Sys=0.00s Real=0.00s
[2026-06-17T09:54:10.468+0800][26.716s][info][gc             ] GC(710) Concurrent Reset
[2026-06-17T09:54:10.468+0800][26.716s][info][gc             ] GC(710) Concurrent Reset 0.155ms
[2026-06-17T09:54:10.468+0800][26.716s][info][gc,cpu         ] GC(710) User=0.00s Sys=0.00s Real=0.00s
[2026-06-17T09:54:10.468+0800][26.717s][info][gc,heap        ] GC(710) Old: 35429K->31051K(43712K)
[2026-06-17T09:54:10.508+0800][26.756s][info][gc,start       ] GC(713) Pause Young (Allocation Failure)
[2026-06-17T09:54:10.508+0800][26.756s][info][gc,task        ] GC(713) Using 2 workers of 18 for evacuation
[2026-06-17T09:54:10.509+0800][26.757s][info][gc,heap        ] GC(713) ParNew: 19633K->2071K(19648K)
[2026-06-17T09:54:10.509+0800][26.758s][info][gc,heap        ] GC(713) CMS: 31051K->36434K(43712K)
[2026-06-17T09:54:10.509+0800][26.758s][info][gc,metaspace   ] GC(713) Metaspace: 3160K(4864K)->3160K(4864K) NonClass: 2855K(4352K)->2855K(4352K) Class: 305K(512K)->305K(512K)
[2026-06-17T09:54:10.510+0800][26.758s][info][gc             ] GC(713) Pause Young (Allocation Failure) 49M->37M(61M) 1.919ms
[2026-06-17T09:54:10.510+0800][26.758s][info][gc,cpu         ] GC(713) User=0.00s Sys=0.00s Real=0.00s
[2026-06-17T09:54:10.510+0800][26.758s][info][gc,start       ] GC(714) Pause Initial Mark
[2026-06-17T09:54:10.510+0800][26.759s][info][gc             ] GC(714) Pause Initial Mark 39M->39M(61M) 0.299ms
[2026-06-17T09:54:10.511+0800][26.759s][info][gc,cpu         ] GC(714) User=0.00s Sys=0.00s Real=0.01s
[2026-06-17T09:54:10.511+0800][26.759s][info][gc             ] GC(714) Concurrent Mark
[2026-06-17T09:54:10.511+0800][26.759s][info][gc,task        ] GC(714) Using 2 workers of 5 for marking
[2026-06-17T09:54:10.513+0800][26.761s][info][gc             ] GC(714) Concurrent Mark 1.982ms
[2026-06-17T09:54:10.513+0800][26.761s][info][gc,cpu         ] GC(714) User=0.00s Sys=0.00s Real=0.00s
[2026-06-17T09:54:10.513+0800][26.761s][info][gc             ] GC(714) Concurrent Preclean
[2026-06-17T09:54:10.513+0800][26.761s][info][gc             ] GC(714) Concurrent Preclean 0.135ms
[2026-06-17T09:54:10.513+0800][26.761s][info][gc,cpu         ] GC(714) User=0.00s Sys=0.00s Real=0.00s
[2026-06-17T09:54:10.513+0800][26.762s][info][gc             ] GC(714) Concurrent Abortable Preclean
[2026-06-17T09:54:10.552+0800][26.800s][info][gc,start       ] GC(715) Pause Young (Allocation Failure)
[2026-06-17T09:54:10.553+0800][26.801s][info][gc,task        ] GC(715) Using 2 workers of 18 for evacuation
[2026-06-17T09:54:10.554+0800][26.802s][info][gc,heap        ] GC(715) ParNew: 19543K->2172K(19648K)
[2026-06-17T09:54:10.556+0800][26.804s][info][gc,heap        ] GC(715) CMS: 36434K->39897K(43712K)
[2026-06-17T09:54:10.557+0800][26.805s][info][gc,metaspace   ] GC(715) Metaspace: 3160K(4864K)->3160K(4864K) NonClass: 2855K(4352K)->2855K(4352K) Class: 305K(512K)->305K(512K)
[2026-06-17T09:54:10.557+0800][26.805s][info][gc             ] GC(715) Pause Young (Allocation Failure) 54M->41M(61M) 5.676ms
[2026-06-17T09:54:10.558+0800][26.806s][info][gc,cpu         ] GC(715) User=0.00s Sys=0.00s Real=0.00s
[2026-06-17T09:54:10.600+0800][26.848s][info][gc,start       ] GC(716) Pause Young (Allocation Failure)
[2026-06-17T09:54:10.601+0800][26.849s][info][gc,task        ] GC(716) Using 2 workers of 18 for evacuation
[2026-06-17T09:54:10.601+0800][26.849s][info][gc,start       ] GC(717) Pause Full (Allocation Failure)
[2026-06-17T09:54:10.602+0800][26.850s][info][gc             ] GC(714) Concurrent Abortable Preclean 88.109ms
[2026-06-17T09:54:10.602+0800][26.850s][info][gc,cpu         ] GC(714) User=0.01s Sys=0.00s Real=0.08s
[2026-06-17T09:54:10.602+0800][26.851s][info][gc,phases,start] GC(717) Phase 1: Mark live objects
[2026-06-17T09:54:10.603+0800][26.851s][info][gc,phases      ] GC(717) Phase 1: Mark live objects 0.806ms
[2026-06-17T09:54:10.604+0800][26.852s][info][gc,phases,start] GC(717) Phase 2: Compute new object addresses
[2026-06-17T09:54:10.604+0800][26.852s][info][gc,phases      ] GC(717) Phase 2: Compute new object addresses 0.619ms
[2026-06-17T09:54:10.605+0800][26.853s][info][gc,phases,start] GC(717) Phase 3: Adjust pointers
[2026-06-17T09:54:10.605+0800][26.853s][info][gc,phases      ] GC(717) Phase 3: Adjust pointers 0.580ms
[2026-06-17T09:54:10.605+0800][26.854s][info][gc,phases,start] GC(717) Phase 4: Move objects
[2026-06-17T09:54:10.608+0800][26.856s][info][gc,phases      ] GC(717) Phase 4: Move objects 2.419ms
[2026-06-17T09:54:10.608+0800][26.857s][info][gc             ] GC(717) Pause Full (Allocation Failure) 58M->28M(61M) 7.266ms
[2026-06-17T09:54:10.609+0800][26.857s][info][gc,heap        ] GC(716) ParNew: 19591K->0K(19648K)
[2026-06-17T09:54:10.609+0800][26.857s][info][gc,heap        ] GC(716) CMS: 39897K->29614K(43712K)
[2026-06-17T09:54:10.609+0800][26.858s][info][gc,metaspace   ] GC(716) Metaspace: 3160K(4864K)->3160K(4864K) NonClass: 2855K(4352K)->2855K(4352K) Class: 305K(512K)->305K(512K)
[2026-06-17T09:54:10.610+0800][26.858s][info][gc             ] GC(716) Pause Young (Allocation Failure) 58M->28M(61M) 9.809ms
[2026-06-17T09:54:10.610+0800][26.858s][info][gc,cpu         ] GC(716) User=0.00s Sys=0.00s Real=0.01s
[2026-06-17T09:54:10.653+0800][26.901s][info][gc,start       ] GC(718) Pause Young (Allocation Failure)
[2026-06-17T09:54:10.654+0800][26.902s][info][gc,task        ] GC(718) Using 2 workers of 18 for evacuation
[2026-06-17T09:54:10.655+0800][26.903s][info][gc,heap        ] GC(718) ParNew: 17472K->2174K(19648K)
[2026-06-17T09:54:10.656+0800][26.904s][info][gc,heap        ] GC(718) CMS: 29614K->33995K(43712K)
[2026-06-17T09:54:10.656+0800][26.904s][info][gc,metaspace   ] GC(718) Metaspace: 3160K(4864K)->3160K(4864K) NonClass: 2855K(4352K)->2855K(4352K) Class: 305K(512K)->305K(512K)
[2026-06-17T09:54:10.656+0800][26.905s][info][gc             ] GC(718) Pause Young (Allocation Failure) 45M->35M(61M) 3.169ms
[2026-06-17T09:54:10.657+0800][26.905s][info][gc,cpu         ] GC(718) User=0.00s Sys=0.00s Real=0.00s
[2026-06-17T09:54:10.658+0800][26.906s][info][gc,start       ] GC(719) Pause Initial Mark
[2026-06-17T09:54:10.658+0800][26.906s][info][gc             ] GC(719) Pause Initial Mark 36M->36M(61M) 0.633ms
[2026-06-17T09:54:10.659+0800][26.907s][info][gc,cpu         ] GC(719) User=0.01s Sys=0.00s Real=0.00s
[2026-06-17T09:54:10.659+0800][26.907s][info][gc             ] GC(719) Concurrent Mark
[2026-06-17T09:54:10.659+0800][26.908s][info][gc,task        ] GC(719) Using 2 workers of 5 for marking
[2026-06-17T09:54:10.660+0800][26.908s][info][gc             ] GC(719) Concurrent Mark 1.301ms
[2026-06-17T09:54:10.661+0800][26.909s][info][gc,cpu         ] GC(719) User=0.00s Sys=0.00s Real=0.00s
[2026-06-17T09:54:10.661+0800][26.909s][info][gc             ] GC(719) Concurrent Preclean
[2026-06-17T09:54:10.662+0800][26.910s][info][gc             ] GC(719) Concurrent Preclean 0.391ms
[2026-06-17T09:54:10.662+0800][26.910s][info][gc,cpu         ] GC(719) User=0.00s Sys=0.00s Real=0.00s
[2026-06-17T09:54:10.662+0800][26.910s][info][gc,start       ] GC(719) Pause Remark
[2026-06-17T09:54:10.663+0800][26.911s][info][gc             ] GC(719) Pause Remark 36M->36M(61M) 0.699ms
[2026-06-17T09:54:10.663+0800][26.912s][info][gc,cpu         ] GC(719) User=0.00s Sys=0.00s Real=0.01s
[2026-06-17T09:54:10.664+0800][26.912s][info][gc             ] GC(719) Concurrent Sweep
[2026-06-17T09:54:10.664+0800][26.913s][info][gc             ] GC(719) Concurrent Sweep 0.600ms
[2026-06-17T09:54:10.665+0800][26.913s][info][gc,cpu         ] GC(719) User=0.00s Sys=0.00s Real=0.00s
[2026-06-17T09:54:10.665+0800][26.913s][info][gc             ] GC(719) Concurrent Reset
[2026-06-17T09:54:10.666+0800][26.914s][info][gc             ] GC(719) Concurrent Reset 0.385ms
[2026-06-17T09:54:10.666+0800][26.914s][info][gc,cpu         ] GC(719) User=0.00s Sys=0.00s Real=0.00s
[2026-06-17T09:54:10.666+0800][26.914s][info][gc,heap        ] GC(719) Old: 33995K->27618K(43712K)
[2026-06-17T09:54:10.709+0800][26.958s][info][gc,start       ] GC(720) Pause Young (Allocation Failure)
[2026-06-17T09:54:10.710+0800][26.958s][info][gc,task        ] GC(720) Using 2 workers of 18 for evacuation
[2026-06-17T09:54:10.711+0800][26.959s][info][gc,heap        ] GC(720) ParNew: 19646K->2139K(19648K)
[2026-06-17T09:54:10.711+0800][26.959s][info][gc,heap        ] GC(720) CMS: 27618K->30161K(43712K)
[2026-06-17T09:54:10.712+0800][26.960s][info][gc,metaspace   ] GC(720) Metaspace: 3160K(4864K)->3160K(4864K) NonClass: 2855K(4352K)->2855K(4352K) Class: 305K(512K)->305K(512K)
[2026-06-17T09:54:10.712+0800][26.960s][info][gc             ] GC(720) Pause Young (Allocation Failure) 46M->31M(61M) 2.444ms
[2026-06-17T09:54:10.712+0800][26.960s][info][gc,cpu         ] GC(720) User=0.00s Sys=0.00s Real=0.01s
[2026-06-17T09:54:10.744+0800][26.992s][info][gc,start       ] GC(721) Pause Young (Allocation Failure)
[2026-06-17T09:54:10.744+0800][26.993s][info][gc,task        ] GC(721) Using 2 workers of 18 for evacuation
[2026-06-17T09:54:10.745+0800][26.993s][info][gc,heap        ] GC(721) ParNew: 19382K->2129K(19648K)
[2026-06-17T09:54:10.745+0800][26.994s][info][gc,heap        ] GC(721) CMS: 30161K->33083K(43712K)
[2026-06-17T09:54:10.746+0800][26.994s][info][gc,metaspace   ] GC(721) Metaspace: 3160K(4864K)->3160K(4864K) NonClass: 2855K(4352K)->2855K(4352K) Class: 305K(512K)->305K(512K)
[2026-06-17T09:54:10.746+0800][26.994s][info][gc             ] GC(721) Pause Young (Allocation Failure) 48M->34M(61M) 1.760ms
[2026-06-17T09:54:10.746+0800][26.994s][info][gc,cpu         ] GC(721) User=0.00s Sys=0.00s Real=0.00s
[2026-06-17T09:54:10.798+0800][27.046s][info][gc,start       ] GC(722) Pause Young (Allocation Failure)
[2026-06-17T09:54:10.798+0800][27.047s][info][gc,task        ] GC(722) Using 2 workers of 18 for evacuation
[2026-06-17T09:54:10.799+0800][27.047s][info][gc,heap        ] GC(722) ParNew: 19560K->2167K(19648K)
[2026-06-17T09:54:10.800+0800][27.048s][info][gc,heap        ] GC(722) CMS: 33083K->36454K(43712K)
[2026-06-17T09:54:10.800+0800][27.049s][info][gc,metaspace   ] GC(722) Metaspace: 3160K(4864K)->3160K(4864K) NonClass: 2855K(4352K)->2855K(4352K) Class: 305K(512K)->305K(512K)
[2026-06-17T09:54:10.801+0800][27.049s][info][gc             ] GC(722) Pause Young (Allocation Failure) 51M->37M(61M) 2.503ms
[2026-06-17T09:54:10.801+0800][27.049s][info][gc,cpu         ] GC(722) User=0.00s Sys=0.00s Real=0.00s
[2026-06-17T09:54:10.801+0800][27.049s][info][gc,start       ] GC(723) Pause Initial Mark
[2026-06-17T09:54:10.801+0800][27.049s][info][gc             ] GC(723) Pause Initial Mark 38M->38M(61M) 0.241ms
[2026-06-17T09:54:10.801+0800][27.050s][info][gc,cpu         ] GC(723) User=0.00s Sys=0.00s Real=0.00s
[2026-06-17T09:54:10.802+0800][27.050s][info][gc             ] GC(723) Concurrent Mark
[2026-06-17T09:54:10.802+0800][27.050s][info][gc,task        ] GC(723) Using 2 workers of 5 for marking
[2026-06-17T09:54:10.802+0800][27.050s][info][gc             ] GC(723) Concurrent Mark 0.748ms
[2026-06-17T09:54:10.803+0800][27.051s][info][gc,cpu         ] GC(723) User=0.00s Sys=0.00s Real=0.01s
[2026-06-17T09:54:10.803+0800][27.051s][info][gc             ] GC(723) Concurrent Preclean
[2026-06-17T09:54:10.803+0800][27.051s][info][gc             ] GC(723) Concurrent Preclean 0.193ms
[2026-06-17T09:54:10.803+0800][27.051s][info][gc,cpu         ] GC(723) User=0.00s Sys=0.00s Real=0.00s
[2026-06-17T09:54:10.803+0800][27.051s][info][gc             ] GC(723) Concurrent Abortable Preclean
[2026-06-17T09:54:10.843+0800][27.091s][info][gc,start       ] GC(724) Pause Young (Allocation Failure)
[2026-06-17T09:54:10.844+0800][27.092s][info][gc,task        ] GC(724) Using 2 workers of 18 for evacuation
[2026-06-17T09:54:10.845+0800][27.093s][info][gc,heap        ] GC(724) ParNew: 19618K->2175K(19648K)
[2026-06-17T09:54:10.845+0800][27.093s][info][gc,heap        ] GC(724) CMS: 36454K->39927K(43712K)
[2026-06-17T09:54:10.845+0800][27.093s][info][gc,metaspace   ] GC(724) Metaspace: 3160K(4864K)->3160K(4864K) NonClass: 2855K(4352K)->2855K(4352K) Class: 305K(512K)->305K(512K)
[2026-06-17T09:54:10.845+0800][27.093s][info][gc             ] GC(724) Pause Young (Allocation Failure) 54M->41M(61M) 1.822ms
[2026-06-17T09:54:10.845+0800][27.093s][info][gc,cpu         ] GC(724) User=0.00s Sys=0.00s Real=0.00s
[2026-06-17T09:54:10.887+0800][27.135s][info][gc,start       ] GC(725) Pause Young (Allocation Failure)
[2026-06-17T09:54:10.888+0800][27.136s][info][gc,task        ] GC(725) Using 2 workers of 18 for evacuation
[2026-06-17T09:54:10.888+0800][27.136s][info][gc,start       ] GC(726) Pause Full (Allocation Failure)
[2026-06-17T09:54:10.889+0800][27.137s][info][gc             ] GC(723) Concurrent Abortable Preclean 85.608ms
[2026-06-17T09:54:10.889+0800][27.137s][info][gc,cpu         ] GC(723) User=0.00s Sys=0.00s Real=0.08s
[2026-06-17T09:54:10.889+0800][27.138s][info][gc,phases,start] GC(726) Phase 1: Mark live objects
[2026-06-17T09:54:10.890+0800][27.138s][info][gc,phases      ] GC(726) Phase 1: Mark live objects 0.808ms
[2026-06-17T09:54:10.891+0800][27.139s][info][gc,phases,start] GC(726) Phase 2: Compute new object addresses
[2026-06-17T09:54:10.891+0800][27.139s][info][gc,phases      ] GC(726) Phase 2: Compute new object addresses 0.478ms
[2026-06-17T09:54:10.892+0800][27.140s][info][gc,phases,start] GC(726) Phase 3: Adjust pointers
[2026-06-17T09:54:10.892+0800][27.140s][info][gc,phases      ] GC(726) Phase 3: Adjust pointers 0.393ms
[2026-06-17T09:54:10.892+0800][27.140s][info][gc,phases,start] GC(726) Phase 4: Move objects
[2026-06-17T09:54:10.894+0800][27.142s][info][gc,phases      ] GC(726) Phase 4: Move objects 1.892ms
[2026-06-17T09:54:10.894+0800][27.143s][info][gc             ] GC(726) Pause Full (Allocation Failure) 58M->22M(61M) 6.231ms
[2026-06-17T09:54:10.895+0800][27.143s][info][gc,heap        ] GC(725) ParNew: 19647K->0K(19648K)
[2026-06-17T09:54:10.895+0800][27.143s][info][gc,heap        ] GC(725) CMS: 39927K->23055K(43712K)
[2026-06-17T09:54:10.895+0800][27.143s][info][gc,metaspace   ] GC(725) Metaspace: 3160K(4864K)->3160K(4864K) NonClass: 2855K(4352K)->2855K(4352K) Class: 305K(512K)->305K(512K)
[2026-06-17T09:54:10.895+0800][27.143s][info][gc             ] GC(725) Pause Young (Allocation Failure) 58M->22M(61M) 7.907ms
[2026-06-17T09:54:10.895+0800][27.143s][info][gc,cpu         ] GC(725) User=0.00s Sys=0.00s Real=0.01s
[2026-06-17T09:54:10.937+0800][27.185s][info][gc,start       ] GC(727) Pause Young (Allocation Failure)
[2026-06-17T09:54:10.938+0800][27.186s][info][gc,task        ] GC(727) Using 2 workers of 18 for evacuation
[2026-06-17T09:54:10.939+0800][27.187s][info][gc,heap        ] GC(727) ParNew: 17443K->2170K(19648K)
[2026-06-17T09:54:10.939+0800][27.187s][info][gc,heap        ] GC(727) CMS: 23055K->27783K(43712K)
[2026-06-17T09:54:10.939+0800][27.187s][info][gc,metaspace   ] GC(727) Metaspace: 3160K(4864K)->3160K(4864K) NonClass: 2855K(4352K)->2855K(4352K) Class: 305K(512K)->305K(512K)
[2026-06-17T09:54:10.940+0800][27.188s][info][gc             ] GC(727) Pause Young (Allocation Failure) 39M->29M(61M) 2.341ms
[2026-06-17T09:54:10.940+0800][27.188s][info][gc,cpu         ] GC(727) User=0.00s Sys=0.00s Real=0.00s
[2026-06-17T09:54:10.982+0800][27.230s][info][gc,start       ] GC(728) Pause Young (Allocation Failure)
[2026-06-17T09:54:10.983+0800][27.231s][info][gc,task        ] GC(728) Using 2 workers of 18 for evacuation
[2026-06-17T09:54:10.983+0800][27.231s][info][gc,heap        ] GC(728) ParNew: 19605K->2004K(19648K)
[2026-06-17T09:54:10.984+0800][27.232s][info][gc,heap        ] GC(728) CMS: 27783K->30580K(43712K)
[2026-06-17T09:54:10.984+0800][27.232s][info][gc,metaspace   ] GC(728) Metaspace: 3160K(4864K)->3160K(4864K) NonClass: 2855K(4352K)->2855K(4352K) Class: 305K(512K)->305K(512K)
[2026-06-17T09:54:10.984+0800][27.232s][info][gc             ] GC(728) Pause Young (Allocation Failure) 46M->31M(61M) 1.709ms
[2026-06-17T09:54:10.984+0800][27.232s][info][gc,cpu         ] GC(728) User=0.00s Sys=0.00s Real=0.01s
[2026-06-17T09:54:11.026+0800][27.274s][info][gc,start       ] GC(729) Pause Young (Allocation Failure)
[2026-06-17T09:54:11.028+0800][27.276s][info][gc,task        ] GC(729) Using 2 workers of 18 for evacuation
[2026-06-17T09:54:11.039+0800][27.287s][info][gc,heap        ] GC(729) ParNew: 19443K->2172K(19648K)
[2026-06-17T09:54:11.040+0800][27.288s][info][gc,heap        ] GC(729) CMS: 30580K->37276K(43712K)
[2026-06-17T09:54:11.040+0800][27.288s][info][gc,metaspace   ] GC(729) Metaspace: 3160K(4864K)->3160K(4864K) NonClass: 2855K(4352K)->2855K(4352K) Class: 305K(512K)->305K(512K)
[2026-06-17T09:54:11.042+0800][27.290s][info][gc             ] GC(729) Pause Young (Allocation Failure) 48M->38M(61M) 15.798ms
[2026-06-17T09:54:11.043+0800][27.292s][info][gc,cpu         ] GC(729) User=0.00s Sys=0.00s Real=0.02s
[2026-06-17T09:54:11.044+0800][27.292s][info][gc,start       ] GC(730) Pause Initial Mark
[2026-06-17T09:54:11.044+0800][27.292s][info][gc             ] GC(730) Pause Initial Mark 39M->39M(61M) 0.320ms
[2026-06-17T09:54:11.044+0800][27.292s][info][gc,cpu         ] GC(730) User=0.00s Sys=0.00s Real=0.00s
[2026-06-17T09:54:11.044+0800][27.293s][info][gc             ] GC(730) Concurrent Mark
[2026-06-17T09:54:11.045+0800][27.293s][info][gc,task        ] GC(730) Using 2 workers of 5 for marking
[2026-06-17T09:54:11.046+0800][27.294s][info][gc             ] GC(730) Concurrent Mark 1.115ms
[2026-06-17T09:54:11.046+0800][27.294s][info][gc,cpu         ] GC(730) User=0.00s Sys=0.00s Real=0.00s
[2026-06-17T09:54:11.046+0800][27.295s][info][gc             ] GC(730) Concurrent Preclean
[2026-06-17T09:54:11.047+0800][27.295s][info][gc             ] GC(730) Concurrent Preclean 0.233ms
[2026-06-17T09:54:11.047+0800][27.295s][info][gc,cpu         ] GC(730) User=0.00s Sys=0.00s Real=0.00s
[2026-06-17T09:54:11.047+0800][27.295s][info][gc,start       ] GC(730) Pause Remark
[2026-06-17T09:54:11.047+0800][27.296s][info][gc             ] GC(730) Pause Remark 39M->39M(61M) 0.467ms
[2026-06-17T09:54:11.048+0800][27.296s][info][gc,cpu         ] GC(730) User=0.00s Sys=0.00s Real=0.00s
[2026-06-17T09:54:11.048+0800][27.296s][info][gc             ] GC(730) Concurrent Sweep
[2026-06-17T09:54:11.048+0800][27.296s][info][gc             ] GC(730) Concurrent Sweep 0.305ms
[2026-06-17T09:54:11.048+0800][27.297s][info][gc,cpu         ] GC(730) User=0.01s Sys=0.00s Real=0.00s
[2026-06-17T09:54:11.049+0800][27.297s][info][gc             ] GC(730) Concurrent Reset
[2026-06-17T09:54:11.049+0800][27.297s][info][gc             ] GC(730) Concurrent Reset 0.276ms
[2026-06-17T09:54:11.049+0800][27.297s][info][gc,cpu         ] GC(730) User=0.00s Sys=0.00s Real=0.00s
[2026-06-17T09:54:11.049+0800][27.298s][info][gc,heap        ] GC(730) Old: 37276K->21977K(43712K)
[2026-06-17T09:54:11.096+0800][27.344s][info][gc,start       ] GC(731) Pause Young (Allocation Failure)
[2026-06-17T09:54:11.097+0800][27.345s][info][gc,task        ] GC(731) Using 2 workers of 18 for evacuation
[2026-06-17T09:54:11.097+0800][27.345s][info][gc,heap        ] GC(731) ParNew: 19644K->2174K(19648K)
[2026-06-17T09:54:11.098+0800][27.346s][info][gc,heap        ] GC(731) CMS: 21977K->24759K(43712K)
[2026-06-17T09:54:11.098+0800][27.346s][info][gc,metaspace   ] GC(731) Metaspace: 3160K(4864K)->3160K(4864K) NonClass: 2855K(4352K)->2855K(4352K) Class: 305K(512K)->305K(512K)
[2026-06-17T09:54:11.098+0800][27.346s][info][gc             ] GC(731) Pause Young (Allocation Failure) 40M->26M(61M) 1.764ms
[2026-06-17T09:54:11.098+0800][27.346s][info][gc,cpu         ] GC(731) User=0.00s Sys=0.00s Real=0.00s
[2026-06-17T09:54:11.140+0800][27.388s][info][gc,start       ] GC(732) Pause Young (Allocation Failure)
[2026-06-17T09:54:11.140+0800][27.389s][info][gc,task        ] GC(732) Using 2 workers of 18 for evacuation
[2026-06-17T09:54:11.141+0800][27.389s][info][gc,heap        ] GC(732) ParNew: 19642K->2085K(19648K)
[2026-06-17T09:54:11.142+0800][27.390s][info][gc,heap        ] GC(732) CMS: 24759K->28166K(43712K)
[2026-06-17T09:54:11.142+0800][27.390s][info][gc,metaspace   ] GC(732) Metaspace: 3160K(4864K)->3160K(4864K) NonClass: 2855K(4352K)->2855K(4352K) Class: 305K(512K)->305K(512K)
[2026-06-17T09:54:11.142+0800][27.390s][info][gc             ] GC(732) Pause Young (Allocation Failure) 43M->29M(61M) 1.992ms
[2026-06-17T09:54:11.142+0800][27.390s][info][gc,cpu         ] GC(732) User=0.00s Sys=0.00s Real=0.00s
[2026-06-17T09:54:11.184+0800][27.432s][info][gc,start       ] GC(733) Pause Young (Allocation Failure)
[2026-06-17T09:54:11.185+0800][27.433s][info][gc,task        ] GC(733) Using 2 workers of 18 for evacuation
[2026-06-17T09:54:11.186+0800][27.434s][info][gc,heap        ] GC(733) ParNew: 19521K->2175K(19648K)
[2026-06-17T09:54:11.186+0800][27.434s][info][gc,heap        ] GC(733) CMS: 28166K->31903K(43712K)
[2026-06-17T09:54:11.187+0800][27.435s][info][gc,metaspace   ] GC(733) Metaspace: 3160K(4864K)->3160K(4864K) NonClass: 2855K(4352K)->2855K(4352K) Class: 305K(512K)->305K(512K)
[2026-06-17T09:54:11.187+0800][27.435s][info][gc             ] GC(733) Pause Young (Allocation Failure) 46M->33M(61M) 2.458ms
[2026-06-17T09:54:11.187+0800][27.435s][info][gc,cpu         ] GC(733) User=0.00s Sys=0.00s Real=0.00s
[2026-06-17T09:54:11.229+0800][27.477s][info][gc,start       ] GC(734) Pause Young (Allocation Failure)
[2026-06-17T09:54:11.230+0800][27.478s][info][gc,task        ] GC(734) Using 2 workers of 18 for evacuation
[2026-06-17T09:54:11.231+0800][27.479s][info][gc,heap        ] GC(734) ParNew: 19647K->2171K(19648K)
[2026-06-17T09:54:11.231+0800][27.479s][info][gc,heap        ] GC(734) CMS: 31903K->36980K(43712K)
[2026-06-17T09:54:11.231+0800][27.479s][info][gc,metaspace   ] GC(734) Metaspace: 3160K(4864K)->3160K(4864K) NonClass: 2855K(4352K)->2855K(4352K) Class: 305K(512K)->305K(512K)
[2026-06-17T09:54:11.231+0800][27.480s][info][gc             ] GC(734) Pause Young (Allocation Failure) 50M->38M(61M) 2.099ms
[2026-06-17T09:54:11.232+0800][27.480s][info][gc,cpu         ] GC(734) User=0.00s Sys=0.00s Real=0.01s
[2026-06-17T09:54:11.232+0800][27.480s][info][gc,start       ] GC(735) Pause Initial Mark
[2026-06-17T09:54:11.232+0800][27.480s][info][gc             ] GC(735) Pause Initial Mark 39M->39M(61M) 0.355ms
[2026-06-17T09:54:11.232+0800][27.481s][info][gc,cpu         ] GC(735) User=0.00s Sys=0.00s Real=0.00s
[2026-06-17T09:54:11.233+0800][27.481s][info][gc             ] GC(735) Concurrent Mark
[2026-06-17T09:54:11.233+0800][27.481s][info][gc,task        ] GC(735) Using 2 workers of 5 for marking
[2026-06-17T09:54:11.234+0800][27.482s][info][gc             ] GC(735) Concurrent Mark 0.969ms
[2026-06-17T09:54:11.234+0800][27.482s][info][gc,cpu         ] GC(735) User=0.01s Sys=0.00s Real=0.00s
[2026-06-17T09:54:11.234+0800][27.482s][info][gc             ] GC(735) Concurrent Preclean
[2026-06-17T09:54:11.234+0800][27.483s][info][gc             ] GC(735) Concurrent Preclean 0.236ms
[2026-06-17T09:54:11.235+0800][27.483s][info][gc,cpu         ] GC(735) User=0.00s Sys=0.00s Real=0.00s
[2026-06-17T09:54:11.235+0800][27.483s][info][gc             ] GC(735) Concurrent Abortable Preclean
[2026-06-17T09:54:11.275+0800][27.523s][info][gc,start       ] GC(736) Pause Young (Allocation Failure)
[2026-06-17T09:54:11.276+0800][27.524s][info][gc,task        ] GC(736) Using 2 workers of 18 for evacuation
[2026-06-17T09:54:11.277+0800][27.526s][info][gc,heap        ] GC(736) ParNew: 19619K->2171K(19648K)
[2026-06-17T09:54:11.278+0800][27.526s][info][gc,heap        ] GC(736) CMS: 36980K->43000K(43712K)
[2026-06-17T09:54:11.287+0800][27.536s][info][gc,metaspace   ] GC(736) Metaspace: 3160K(4864K)->3160K(4864K) NonClass: 2855K(4352K)->2855K(4352K) Class: 305K(512K)->305K(512K)
[2026-06-17T09:54:11.288+0800][27.536s][info][gc             ] GC(736) Pause Young (Allocation Failure) 55M->44M(61M) 13.349ms
[2026-06-17T09:54:11.289+0800][27.537s][info][gc,cpu         ] GC(736) User=0.00s Sys=0.00s Real=0.01s
[2026-06-17T09:54:11.289+0800][27.537s][info][gc             ] GC(735) Concurrent Abortable Preclean 54.526ms
[2026-06-17T09:54:11.290+0800][27.538s][info][gc,cpu         ] GC(735) User=0.00s Sys=0.00s Real=0.05s
[2026-06-17T09:54:11.290+0800][27.538s][info][gc,start       ] GC(735) Pause Remark
[2026-06-17T09:54:11.291+0800][27.539s][info][gc             ] GC(735) Pause Remark 45M->45M(61M) 0.593ms
[2026-06-17T09:54:11.291+0800][27.539s][info][gc,cpu         ] GC(735) User=0.00s Sys=0.00s Real=0.01s
[2026-06-17T09:54:11.291+0800][27.540s][info][gc             ] GC(735) Concurrent Sweep
[2026-06-17T09:54:11.292+0800][27.540s][info][gc             ] GC(735) Concurrent Sweep 0.751ms
[2026-06-17T09:54:11.292+0800][27.541s][info][gc,cpu         ] GC(735) User=0.00s Sys=0.00s Real=0.00s
[2026-06-17T09:54:11.293+0800][27.541s][info][gc             ] GC(735) Concurrent Reset
[2026-06-17T09:54:11.293+0800][27.541s][info][gc             ] GC(735) Concurrent Reset 0.221ms
[2026-06-17T09:54:11.293+0800][27.541s][info][gc,cpu         ] GC(735) User=0.00s Sys=0.00s Real=0.00s
[2026-06-17T09:54:11.294+0800][27.542s][info][gc,heap        ] GC(735) Old: 36980K->29683K(43712K)
[2026-06-17T09:54:11.341+0800][27.590s][info][gc,start       ] GC(737) Pause Young (Allocation Failure)
[2026-06-17T09:54:11.345+0800][27.593s][info][gc,task        ] GC(737) Using 2 workers of 18 for evacuation
[2026-06-17T09:54:11.349+0800][27.597s][info][gc,heap        ] GC(737) ParNew: 19643K->2117K(19648K)
[2026-06-17T09:54:11.350+0800][27.598s][info][gc,heap        ] GC(737) CMS: 29683K->31373K(43712K)
[2026-06-17T09:54:11.351+0800][27.599s][info][gc,metaspace   ] GC(737) Metaspace: 3160K(4864K)->3160K(4864K) NonClass: 2855K(4352K)->2855K(4352K) Class: 305K(512K)->305K(512K)
[2026-06-17T09:54:11.351+0800][27.599s][info][gc             ] GC(737) Pause Young (Allocation Failure) 48M->32M(61M) 9.411ms
[2026-06-17T09:54:11.353+0800][27.601s][info][gc,cpu         ] GC(737) User=0.00s Sys=0.00s Real=0.02s
[2026-06-17T09:54:11.355+0800][27.603s][info][gc,start       ] GC(738) Pause Initial Mark
[2026-06-17T09:54:11.357+0800][27.606s][info][gc             ] GC(738) Pause Initial Mark 33M->33M(61M) 2.657ms
[2026-06-17T09:54:11.359+0800][27.607s][info][gc,cpu         ] GC(738) User=0.00s Sys=0.00s Real=0.00s
[2026-06-17T09:54:11.361+0800][27.610s][info][gc             ] GC(738) Concurrent Mark
[2026-06-17T09:54:11.363+0800][27.611s][info][gc,task        ] GC(738) Using 2 workers of 5 for marking
[2026-06-17T09:54:11.364+0800][27.612s][info][gc             ] GC(738) Concurrent Mark 2.494ms
[2026-06-17T09:54:11.365+0800][27.613s][info][gc,cpu         ] GC(738) User=0.00s Sys=0.00s Real=0.01s
[2026-06-17T09:54:11.365+0800][27.614s][info][gc             ] GC(738) Concurrent Preclean
[2026-06-17T09:54:11.367+0800][27.615s][info][gc             ] GC(738) Concurrent Preclean 1.178ms
[2026-06-17T09:54:11.367+0800][27.616s][info][gc,cpu         ] GC(738) User=0.00s Sys=0.00s Real=0.00s
[2026-06-17T09:54:11.369+0800][27.617s][info][gc             ] GC(738) Concurrent Abortable Preclean
[2026-06-17T09:54:11.403+0800][27.651s][info][gc,start       ] GC(739) Pause Young (Allocation Failure)
[2026-06-17T09:54:11.404+0800][27.652s][info][gc,task        ] GC(739) Using 2 workers of 18 for evacuation
[2026-06-17T09:54:11.405+0800][27.653s][info][gc,heap        ] GC(739) ParNew: 19589K->2141K(19648K)
[2026-06-17T09:54:11.405+0800][27.653s][info][gc,heap        ] GC(739) CMS: 31373K->35009K(43712K)
[2026-06-17T09:54:11.405+0800][27.653s][info][gc,metaspace   ] GC(739) Metaspace: 3160K(4864K)->3160K(4864K) NonClass: 2855K(4352K)->2855K(4352K) Class: 305K(512K)->305K(512K)
[2026-06-17T09:54:11.405+0800][27.654s][info][gc             ] GC(739) Pause Young (Allocation Failure) 49M->36M(61M) 2.241ms
[2026-06-17T09:54:11.406+0800][27.654s][info][gc,cpu         ] GC(739) User=0.00s Sys=0.00s Real=0.00s
[2026-06-17T09:54:11.448+0800][27.696s][info][gc,start       ] GC(740) Pause Young (Allocation Failure)
[2026-06-17T09:54:11.448+0800][27.697s][info][gc,task        ] GC(740) Using 2 workers of 18 for evacuation
[2026-06-17T09:54:11.449+0800][27.697s][info][gc,heap        ] GC(740) ParNew: 19599K->2173K(19648K)
[2026-06-17T09:54:11.450+0800][27.698s][info][gc,heap        ] GC(740) CMS: 35009K->38854K(43712K)
[2026-06-17T09:54:11.450+0800][27.698s][info][gc,metaspace   ] GC(740) Metaspace: 3160K(4864K)->3160K(4864K) NonClass: 2855K(4352K)->2855K(4352K) Class: 305K(512K)->305K(512K)
[2026-06-17T09:54:11.450+0800][27.698s][info][gc             ] GC(740) Pause Young (Allocation Failure) 53M->40M(61M) 1.982ms
[2026-06-17T09:54:11.450+0800][27.698s][info][gc,cpu         ] GC(740) User=0.00s Sys=0.00s Real=0.00s
[2026-06-17T09:54:11.492+0800][27.740s][info][gc,start       ] GC(741) Pause Young (Allocation Failure)
[2026-06-17T09:54:11.493+0800][27.741s][info][gc,task        ] GC(741) Using 2 workers of 18 for evacuation
[2026-06-17T09:54:11.493+0800][27.741s][info][gc,start       ] GC(742) Pause Full (Allocation Failure)
[2026-06-17T09:54:11.494+0800][27.742s][info][gc             ] GC(738) Concurrent Abortable Preclean 124.907ms
[2026-06-17T09:54:11.494+0800][27.742s][info][gc,cpu         ] GC(738) User=0.00s Sys=0.00s Real=0.13s
[2026-06-17T09:54:11.494+0800][27.743s][info][gc,phases,start] GC(742) Phase 1: Mark live objects
[2026-06-17T09:54:11.495+0800][27.744s][info][gc,phases      ] GC(742) Phase 1: Mark live objects 0.929ms
[2026-06-17T09:54:11.496+0800][27.744s][info][gc,phases,start] GC(742) Phase 2: Compute new object addresses
[2026-06-17T09:54:11.496+0800][27.745s][info][gc,phases      ] GC(742) Phase 2: Compute new object addresses 0.621ms
[2026-06-17T09:54:11.497+0800][27.745s][info][gc,phases,start] GC(742) Phase 3: Adjust pointers
[2026-06-17T09:54:11.497+0800][27.746s][info][gc,phases      ] GC(742) Phase 3: Adjust pointers 0.612ms
[2026-06-17T09:54:11.498+0800][27.746s][info][gc,phases,start] GC(742) Phase 4: Move objects
[2026-06-17T09:54:11.501+0800][27.749s][info][gc,phases      ] GC(742) Phase 4: Move objects 2.944ms
[2026-06-17T09:54:11.503+0800][27.751s][info][gc             ] GC(742) Pause Full (Allocation Failure) 57M->29M(61M) 9.415ms
[2026-06-17T09:54:11.503+0800][27.751s][info][gc,heap        ] GC(741) ParNew: 19643K->0K(19648K)
[2026-06-17T09:54:11.503+0800][27.751s][info][gc,heap        ] GC(741) CMS: 38854K->30522K(43712K)
[2026-06-17T09:54:11.503+0800][27.751s][info][gc,metaspace   ] GC(741) Metaspace: 3160K(4864K)->3160K(4864K) NonClass: 2855K(4352K)->2855K(4352K) Class: 305K(512K)->305K(512K)
[2026-06-17T09:54:11.503+0800][27.752s][info][gc             ] GC(741) Pause Young (Allocation Failure) 57M->29M(61M) 11.186ms
[2026-06-17T09:54:11.504+0800][27.752s][info][gc,cpu         ] GC(741) User=0.01s Sys=0.00s Real=0.01s
[2026-06-17T09:54:11.546+0800][27.794s][info][gc,start       ] GC(743) Pause Young (Allocation Failure)
[2026-06-17T09:54:11.550+0800][27.798s][info][gc,task        ] GC(743) Using 2 workers of 18 for evacuation
[2026-06-17T09:54:11.551+0800][27.799s][info][gc,heap        ] GC(743) ParNew: 17472K->2174K(19648K)
[2026-06-17T09:54:11.555+0800][27.803s][info][gc,heap        ] GC(743) CMS: 30522K->35194K(43712K)
[2026-06-17T09:54:11.555+0800][27.803s][info][gc,metaspace   ] GC(743) Metaspace: 3160K(4864K)->3160K(4864K) NonClass: 2855K(4352K)->2855K(4352K) Class: 305K(512K)->305K(512K)
[2026-06-17T09:54:11.555+0800][27.803s][info][gc             ] GC(743) Pause Young (Allocation Failure) 46M->36M(61M) 9.149ms
[2026-06-17T09:54:11.555+0800][27.803s][info][gc,cpu         ] GC(743) User=0.00s Sys=0.00s Real=0.01s
[2026-06-17T09:54:11.556+0800][27.804s][info][gc,start       ] GC(744) Pause Initial Mark
[2026-06-17T09:54:11.556+0800][27.804s][info][gc             ] GC(744) Pause Initial Mark 38M->38M(61M) 0.355ms
[2026-06-17T09:54:11.556+0800][27.804s][info][gc,cpu         ] GC(744) User=0.00s Sys=0.00s Real=0.00s
[2026-06-17T09:54:11.557+0800][27.805s][info][gc             ] GC(744) Concurrent Mark
[2026-06-17T09:54:11.557+0800][27.806s][info][gc,task        ] GC(744) Using 2 workers of 5 for marking
[2026-06-17T09:54:11.558+0800][27.806s][info][gc             ] GC(744) Concurrent Mark 0.951ms
[2026-06-17T09:54:11.558+0800][27.806s][info][gc,cpu         ] GC(744) User=0.00s Sys=0.00s Real=0.00s
[2026-06-17T09:54:11.559+0800][27.807s][info][gc             ] GC(744) Concurrent Preclean
[2026-06-17T09:54:11.559+0800][27.807s][info][gc             ] GC(744) Concurrent Preclean 0.184ms
[2026-06-17T09:54:11.559+0800][27.807s][info][gc,cpu         ] GC(744) User=0.00s Sys=0.00s Real=0.00s
[2026-06-17T09:54:11.559+0800][27.807s][info][gc,start       ] GC(744) Pause Remark
[2026-06-17T09:54:11.560+0800][27.808s][info][gc             ] GC(744) Pause Remark 38M->38M(61M) 0.474ms
[2026-06-17T09:54:11.560+0800][27.808s][info][gc,cpu         ] GC(744) User=0.00s Sys=0.00s Real=0.00s
[2026-06-17T09:54:11.560+0800][27.808s][info][gc             ] GC(744) Concurrent Sweep
[2026-06-17T09:54:11.560+0800][27.809s][info][gc             ] GC(744) Concurrent Sweep 0.359ms
[2026-06-17T09:54:11.561+0800][27.809s][info][gc,cpu         ] GC(744) User=0.00s Sys=0.00s Real=0.00s
[2026-06-17T09:54:11.561+0800][27.809s][info][gc             ] GC(744) Concurrent Reset
[2026-06-17T09:54:11.561+0800][27.809s][info][gc             ] GC(744) Concurrent Reset 0.105ms
[2026-06-17T09:54:11.561+0800][27.809s][info][gc,cpu         ] GC(744) User=0.00s Sys=0.00s Real=0.00s
[2026-06-17T09:54:11.561+0800][27.809s][info][gc,heap        ] GC(744) Old: 35194K->32410K(43712K)
[2026-06-17T09:54:11.599+0800][27.847s][info][gc,start       ] GC(745) Pause Young (Allocation Failure)
[2026-06-17T09:54:11.599+0800][27.847s][info][gc,task        ] GC(745) Using 2 workers of 18 for evacuation
[2026-06-17T09:54:11.600+0800][27.848s][info][gc,heap        ] GC(745) ParNew: 19645K->2171K(19648K)
[2026-06-17T09:54:11.600+0800][27.849s][info][gc,heap        ] GC(745) CMS: 32410K->35954K(43712K)
[2026-06-17T09:54:11.601+0800][27.849s][info][gc,metaspace   ] GC(745) Metaspace: 3160K(4864K)->3160K(4864K) NonClass: 2855K(4352K)->2855K(4352K) Class: 305K(512K)->305K(512K)
[2026-06-17T09:54:11.601+0800][27.849s][info][gc             ] GC(745) Pause Young (Allocation Failure) 50M->37M(61M) 2.201ms
[2026-06-17T09:54:11.601+0800][27.850s][info][gc,cpu         ] GC(745) User=0.00s Sys=0.00s Real=0.00s
[2026-06-17T09:54:11.602+0800][27.850s][info][gc,start       ] GC(746) Pause Initial Mark
[2026-06-17T09:54:11.602+0800][27.850s][info][gc             ] GC(746) Pause Initial Mark 37M->37M(61M) 0.344ms
[2026-06-17T09:54:11.602+0800][27.851s][info][gc,cpu         ] GC(746) User=0.00s Sys=0.00s Real=0.00s
[2026-06-17T09:54:11.603+0800][27.851s][info][gc             ] GC(746) Concurrent Mark
[2026-06-17T09:54:11.603+0800][27.851s][info][gc,task        ] GC(746) Using 2 workers of 5 for marking
[2026-06-17T09:54:11.604+0800][27.852s][info][gc             ] GC(746) Concurrent Mark 1.235ms
[2026-06-17T09:54:11.604+0800][27.852s][info][gc,cpu         ] GC(746) User=0.01s Sys=0.00s Real=0.00s
[2026-06-17T09:54:11.605+0800][27.853s][info][gc             ] GC(746) Concurrent Preclean
[2026-06-17T09:54:11.605+0800][27.853s][info][gc             ] GC(746) Concurrent Preclean 0.276ms
[2026-06-17T09:54:11.605+0800][27.853s][info][gc,cpu         ] GC(746) User=0.00s Sys=0.00s Real=0.00s
[2026-06-17T09:54:11.605+0800][27.853s][info][gc,start       ] GC(746) Pause Remark
[2026-06-17T09:54:11.606+0800][27.854s][info][gc             ] GC(746) Pause Remark 37M->37M(61M) 0.489ms
[2026-06-17T09:54:11.606+0800][27.854s][info][gc,cpu         ] GC(746) User=0.00s Sys=0.00s Real=0.00s
[2026-06-17T09:54:11.606+0800][27.854s][info][gc             ] GC(746) Concurrent Sweep
[2026-06-17T09:54:11.607+0800][27.855s][info][gc             ] GC(746) Concurrent Sweep 0.337ms
[2026-06-17T09:54:11.607+0800][27.855s][info][gc,cpu         ] GC(746) User=0.00s Sys=0.00s Real=0.00s
[2026-06-17T09:54:11.607+0800][27.855s][info][gc             ] GC(746) Concurrent Reset
[2026-06-17T09:54:11.607+0800][27.855s][info][gc             ] GC(746) Concurrent Reset 0.109ms
[2026-06-17T09:54:11.607+0800][27.855s][info][gc,cpu         ] GC(746) User=0.00s Sys=0.00s Real=0.00s
[2026-06-17T09:54:11.607+0800][27.855s][info][gc,heap        ] GC(746) Old: 35954K->24407K(43712K)
[2026-06-17T09:54:11.644+0800][27.892s][info][gc,start       ] GC(747) Pause Young (Allocation Failure)
[2026-06-17T09:54:11.644+0800][27.892s][info][gc,task        ] GC(747) Using 2 workers of 18 for evacuation
[2026-06-17T09:54:11.645+0800][27.893s][info][gc,heap        ] GC(747) ParNew: 19460K->2121K(19648K)
[2026-06-17T09:54:11.645+0800][27.893s][info][gc,heap        ] GC(747) CMS: 24407K->26381K(43712K)
[2026-06-17T09:54:11.645+0800][27.893s][info][gc,metaspace   ] GC(747) Metaspace: 3160K(4864K)->3160K(4864K) NonClass: 2855K(4352K)->2855K(4352K) Class: 305K(512K)->305K(512K)
[2026-06-17T09:54:11.646+0800][27.894s][info][gc             ] GC(747) Pause Young (Allocation Failure) 42M->27M(61M) 1.953ms
[2026-06-17T09:54:11.646+0800][27.894s][info][gc,cpu         ] GC(747) User=0.00s Sys=0.00s Real=0.00s
[2026-06-17T09:54:11.688+0800][27.936s][info][gc,start       ] GC(748) Pause Young (Allocation Failure)
[2026-06-17T09:54:11.689+0800][27.937s][info][gc,task        ] GC(748) Using 2 workers of 18 for evacuation
[2026-06-17T09:54:11.690+0800][27.938s][info][gc,heap        ] GC(748) ParNew: 19591K->2171K(19648K)
[2026-06-17T09:54:11.690+0800][27.938s][info][gc,heap        ] GC(748) CMS: 26381K->32930K(43712K)
[2026-06-17T09:54:11.690+0800][27.938s][info][gc,metaspace   ] GC(748) Metaspace: 3160K(4864K)->3160K(4864K) NonClass: 2855K(4352K)->2855K(4352K) Class: 305K(512K)->305K(512K)
[2026-06-17T09:54:11.690+0800][27.939s][info][gc             ] GC(748) Pause Young (Allocation Failure) 44M->34M(61M) 2.331ms
[2026-06-17T09:54:11.691+0800][27.939s][info][gc,cpu         ] GC(748) User=0.00s Sys=0.00s Real=0.01s
[2026-06-17T09:54:11.691+0800][27.939s][info][gc,start       ] GC(749) Pause Initial Mark
[2026-06-17T09:54:11.691+0800][27.939s][info][gc             ] GC(749) Pause Initial Mark 35M->35M(61M) 0.266ms
[2026-06-17T09:54:11.691+0800][27.940s][info][gc,cpu         ] GC(749) User=0.00s Sys=0.00s Real=0.00s
[2026-06-17T09:54:11.692+0800][27.940s][info][gc             ] GC(749) Concurrent Mark
[2026-06-17T09:54:11.692+0800][27.940s][info][gc,task        ] GC(749) Using 2 workers of 5 for marking
[2026-06-17T09:54:11.692+0800][27.941s][info][gc             ] GC(749) Concurrent Mark 0.862ms
[2026-06-17T09:54:11.693+0800][27.941s][info][gc,cpu         ] GC(749) User=0.00s Sys=0.00s Real=0.00s
[2026-06-17T09:54:11.693+0800][27.941s][info][gc             ] GC(749) Concurrent Preclean
[2026-06-17T09:54:11.693+0800][27.941s][info][gc             ] GC(749) Concurrent Preclean 0.163ms
[2026-06-17T09:54:11.693+0800][27.941s][info][gc,cpu         ] GC(749) User=0.00s Sys=0.00s Real=0.00s
[2026-06-17T09:54:11.693+0800][27.941s][info][gc,start       ] GC(749) Pause Remark
[2026-06-17T09:54:11.694+0800][27.942s][info][gc             ] GC(749) Pause Remark 35M->35M(61M) 0.448ms
[2026-06-17T09:54:11.694+0800][27.942s][info][gc,cpu         ] GC(749) User=0.00s Sys=0.00s Real=0.00s
[2026-06-17T09:54:11.694+0800][27.942s][info][gc             ] GC(749) Concurrent Sweep
[2026-06-17T09:54:11.694+0800][27.943s][info][gc             ] GC(749) Concurrent Sweep 0.489ms
[2026-06-17T09:54:11.695+0800][27.943s][info][gc,cpu         ] GC(749) User=0.00s Sys=0.00s Real=0.00s
[2026-06-17T09:54:11.695+0800][27.943s][info][gc             ] GC(749) Concurrent Reset
[2026-06-17T09:54:11.695+0800][27.943s][info][gc             ] GC(749) Concurrent Reset 0.114ms
[2026-06-17T09:54:11.695+0800][27.943s][info][gc,cpu         ] GC(749) User=0.00s Sys=0.00s Real=0.00s
[2026-06-17T09:54:11.695+0800][27.943s][info][gc,heap        ] GC(749) Old: 32930K->25413K(43712K)
[2026-06-17T09:54:11.743+0800][27.991s][info][gc,start       ] GC(750) Pause Young (Allocation Failure)
[2026-06-17T09:54:11.743+0800][27.991s][info][gc,task        ] GC(750) Using 2 workers of 18 for evacuation
[2026-06-17T09:54:11.744+0800][27.992s][info][gc,heap        ] GC(750) ParNew: 19599K->2111K(19648K)
[2026-06-17T09:54:11.744+0800][27.992s][info][gc,heap        ] GC(750) CMS: 25413K->27619K(43712K)
[2026-06-17T09:54:11.744+0800][27.992s][info][gc,metaspace   ] GC(750) Metaspace: 3160K(4864K)->3160K(4864K) NonClass: 2855K(4352K)->2855K(4352K) Class: 305K(512K)->305K(512K)
[2026-06-17T09:54:11.744+0800][27.993s][info][gc             ] GC(750) Pause Young (Allocation Failure) 43M->29M(61M) 1.867ms
[2026-06-17T09:54:11.745+0800][27.993s][info][gc,cpu         ] GC(750) User=0.00s Sys=0.00s Real=0.00s
[2026-06-17T09:54:11.787+0800][28.035s][info][gc,start       ] GC(751) Pause Young (Allocation Failure)
[2026-06-17T09:54:11.787+0800][28.035s][info][gc,task        ] GC(751) Using 2 workers of 18 for evacuation
[2026-06-17T09:54:11.790+0800][28.038s][info][gc,heap        ] GC(751) ParNew: 19552K->2167K(19648K)
[2026-06-17T09:54:11.790+0800][28.038s][info][gc,heap        ] GC(751) CMS: 27619K->31226K(43712K)
[2026-06-17T09:54:11.790+0800][28.038s][info][gc,metaspace   ] GC(751) Metaspace: 3160K(4864K)->3160K(4864K) NonClass: 2855K(4352K)->2855K(4352K) Class: 305K(512K)->305K(512K)
[2026-06-17T09:54:11.791+0800][28.039s][info][gc             ] GC(751) Pause Young (Allocation Failure) 46M->32M(61M) 3.705ms
[2026-06-17T09:54:11.791+0800][28.039s][info][gc,cpu         ] GC(751) User=0.00s Sys=0.00s Real=0.01s
[2026-06-17T09:54:11.833+0800][28.081s][info][gc,start       ] GC(752) Pause Young (Allocation Failure)
[2026-06-17T09:54:11.833+0800][28.081s][info][gc,task        ] GC(752) Using 2 workers of 18 for evacuation
[2026-06-17T09:54:11.834+0800][28.082s][info][gc,heap        ] GC(752) ParNew: 19639K->2167K(19648K)
[2026-06-17T09:54:11.835+0800][28.083s][info][gc,heap        ] GC(752) CMS: 31226K->35779K(43712K)
[2026-06-17T09:54:11.835+0800][28.083s][info][gc,metaspace   ] GC(752) Metaspace: 3160K(4864K)->3160K(4864K) NonClass: 2855K(4352K)->2855K(4352K) Class: 305K(512K)->305K(512K)
[2026-06-17T09:54:11.835+0800][28.083s][info][gc             ] GC(752) Pause Young (Allocation Failure) 49M->37M(61M) 2.189ms
[2026-06-17T09:54:11.835+0800][28.083s][info][gc,cpu         ] GC(752) User=0.00s Sys=0.00s Real=0.00s
[2026-06-17T09:54:11.836+0800][28.084s][info][gc,start       ] GC(753) Pause Initial Mark
[2026-06-17T09:54:11.836+0800][28.084s][info][gc             ] GC(753) Pause Initial Mark 39M->39M(61M) 0.383ms
[2026-06-17T09:54:11.836+0800][28.085s][info][gc,cpu         ] GC(753) User=0.00s Sys=0.00s Real=0.00s
[2026-06-17T09:54:11.837+0800][28.085s][info][gc             ] GC(753) Concurrent Mark
[2026-06-17T09:54:11.837+0800][28.085s][info][gc,task        ] GC(753) Using 2 workers of 5 for marking
[2026-06-17T09:54:11.839+0800][28.087s][info][gc             ] GC(753) Concurrent Mark 1.985ms
[2026-06-17T09:54:11.839+0800][28.087s][info][gc,cpu         ] GC(753) User=0.00s Sys=0.00s Real=0.00s
[2026-06-17T09:54:11.839+0800][28.087s][info][gc             ] GC(753) Concurrent Preclean
[2026-06-17T09:54:11.840+0800][28.088s][info][gc             ] GC(753) Concurrent Preclean 0.319ms
[2026-06-17T09:54:11.841+0800][28.089s][info][gc,cpu         ] GC(753) User=0.00s Sys=0.00s Real=0.00s
[2026-06-17T09:54:11.842+0800][28.090s][info][gc             ] GC(753) Concurrent Abortable Preclean
[2026-06-17T09:54:11.877+0800][28.126s][info][gc,start       ] GC(754) Pause Young (Allocation Failure)
[2026-06-17T09:54:11.878+0800][28.126s][info][gc,task        ] GC(754) Using 2 workers of 18 for evacuation
[2026-06-17T09:54:11.878+0800][28.127s][info][gc,heap        ] GC(754) ParNew: 19639K->1704K(19648K)
[2026-06-17T09:54:11.879+0800][28.127s][info][gc,heap        ] GC(754) CMS: 35779K->37572K(43712K)
[2026-06-17T09:54:11.879+0800][28.127s][info][gc,metaspace   ] GC(754) Metaspace: 3160K(4864K)->3160K(4864K) NonClass: 2855K(4352K)->2855K(4352K) Class: 305K(512K)->305K(512K)
[2026-06-17T09:54:11.879+0800][28.127s][info][gc             ] GC(754) Pause Young (Allocation Failure) 54M->38M(61M) 1.619ms
[2026-06-17T09:54:11.879+0800][28.127s][info][gc,cpu         ] GC(754) User=0.00s Sys=0.00s Real=0.00s
[2026-06-17T09:54:11.931+0800][28.179s][info][gc,start       ] GC(755) Pause Young (Allocation Failure)
[2026-06-17T09:54:11.932+0800][28.180s][info][gc,task        ] GC(755) Using 2 workers of 18 for evacuation
[2026-06-17T09:54:11.932+0800][28.181s][info][gc,heap        ] GC(755) ParNew: 19163K->2163K(19648K)
[2026-06-17T09:54:11.933+0800][28.181s][info][gc,heap        ] GC(755) CMS: 37572K->41152K(43712K)
[2026-06-17T09:54:11.933+0800][28.181s][info][gc,metaspace   ] GC(755) Metaspace: 3160K(4864K)->3160K(4864K) NonClass: 2855K(4352K)->2855K(4352K) Class: 305K(512K)->305K(512K)
[2026-06-17T09:54:11.933+0800][28.182s][info][gc             ] GC(755) Pause Young (Allocation Failure) 55M->42M(61M) 2.200ms
[2026-06-17T09:54:11.934+0800][28.182s][info][gc,cpu         ] GC(755) User=0.00s Sys=0.00s Real=0.00s
[2026-06-17T09:54:11.934+0800][28.182s][info][gc             ] GC(753) Concurrent Abortable Preclean 92.524ms
[2026-06-17T09:54:11.934+0800][28.183s][info][gc,cpu         ] GC(753) User=0.01s Sys=0.00s Real=0.10s
[2026-06-17T09:54:11.935+0800][28.183s][info][gc,start       ] GC(753) Pause Remark
[2026-06-17T09:54:11.935+0800][28.183s][info][gc             ] GC(753) Pause Remark 45M->45M(61M) 0.502ms
[2026-06-17T09:54:11.935+0800][28.184s][info][gc,cpu         ] GC(753) User=0.00s Sys=0.00s Real=0.00s
[2026-06-17T09:54:11.936+0800][28.184s][info][gc             ] GC(753) Concurrent Sweep
[2026-06-17T09:54:11.936+0800][28.184s][info][gc             ] GC(753) Concurrent Sweep 0.305ms
[2026-06-17T09:54:11.936+0800][28.184s][info][gc,cpu         ] GC(753) User=0.00s Sys=0.00s Real=0.00s
[2026-06-17T09:54:11.936+0800][28.185s][info][gc             ] GC(753) Concurrent Reset
[2026-06-17T09:54:11.937+0800][28.185s][info][gc             ] GC(753) Concurrent Reset 0.425ms
[2026-06-17T09:54:11.937+0800][28.185s][info][gc,cpu         ] GC(753) User=0.00s Sys=0.00s Real=0.00s
[2026-06-17T09:54:11.937+0800][28.185s][info][gc,heap        ] GC(753) Old: 35779K->29026K(43712K)
[2026-06-17T09:54:11.976+0800][28.224s][info][gc,start       ] GC(756) Pause Young (Allocation Failure)
[2026-06-17T09:54:11.977+0800][28.225s][info][gc,task        ] GC(756) Using 2 workers of 18 for evacuation
[2026-06-17T09:54:11.978+0800][28.226s][info][gc,heap        ] GC(756) ParNew: 19635K->2171K(19648K)
[2026-06-17T09:54:11.979+0800][28.227s][info][gc,heap        ] GC(756) CMS: 29026K->32880K(43712K)
[2026-06-17T09:54:11.980+0800][28.228s][info][gc,metaspace   ] GC(756) Metaspace: 3160K(4864K)->3160K(4864K) NonClass: 2855K(4352K)->2855K(4352K) Class: 305K(512K)->305K(512K)
[2026-06-17T09:54:11.982+0800][28.230s][info][gc             ] GC(756) Pause Young (Allocation Failure) 47M->34M(61M) 5.652ms
[2026-06-17T09:54:11.984+0800][28.232s][info][gc,cpu         ] GC(756) User=0.00s Sys=0.00s Real=0.01s
[2026-06-17T09:54:11.986+0800][28.234s][info][gc,start       ] GC(757) Pause Initial Mark
[2026-06-17T09:54:11.987+0800][28.235s][info][gc             ] GC(757) Pause Initial Mark 37M->37M(61M) 0.681ms
[2026-06-17T09:54:11.988+0800][28.236s][info][gc,cpu         ] GC(757) User=0.00s Sys=0.00s Real=0.00s
[2026-06-17T09:54:11.988+0800][28.236s][info][gc             ] GC(757) Concurrent Mark
[2026-06-17T09:54:11.989+0800][28.237s][info][gc,task        ] GC(757) Using 2 workers of 5 for marking
[2026-06-17T09:54:11.989+0800][28.238s][info][gc             ] GC(757) Concurrent Mark 1.192ms
[2026-06-17T09:54:11.990+0800][28.238s][info][gc,cpu         ] GC(757) User=0.01s Sys=0.00s Real=0.00s
[2026-06-17T09:54:11.991+0800][28.239s][info][gc             ] GC(757) Concurrent Preclean
[2026-06-17T09:54:11.991+0800][28.239s][info][gc             ] GC(757) Concurrent Preclean 0.293ms
[2026-06-17T09:54:11.991+0800][28.239s][info][gc,cpu         ] GC(757) User=0.00s Sys=0.00s Real=0.00s
[2026-06-17T09:54:11.991+0800][28.239s][info][gc             ] GC(757) Concurrent Abortable Preclean
[2026-06-17T09:54:12.028+0800][28.276s][info][gc,start       ] GC(758) Pause Young (Allocation Failure)
[2026-06-17T09:54:12.028+0800][28.276s][info][gc,task        ] GC(758) Using 2 workers of 18 for evacuation
[2026-06-17T09:54:12.029+0800][28.277s][info][gc,heap        ] GC(758) ParNew: 19604K->2175K(19648K)
[2026-06-17T09:54:12.029+0800][28.278s][info][gc,heap        ] GC(758) CMS: 32880K->37902K(43712K)
[2026-06-17T09:54:12.030+0800][28.278s][info][gc,metaspace   ] GC(758) Metaspace: 3160K(4864K)->3160K(4864K) NonClass: 2855K(4352K)->2855K(4352K) Class: 305K(512K)->305K(512K)
[2026-06-17T09:54:12.030+0800][28.278s][info][gc             ] GC(758) Pause Young (Allocation Failure) 51M->39M(61M) 1.951ms
[2026-06-17T09:54:12.030+0800][28.278s][info][gc,cpu         ] GC(758) User=0.00s Sys=0.00s Real=0.00s
[2026-06-17T09:54:12.072+0800][28.320s][info][gc,start       ] GC(759) Pause Young (Allocation Failure)
[2026-06-17T09:54:12.072+0800][28.321s][info][gc,task        ] GC(759) Using 2 workers of 18 for evacuation
[2026-06-17T09:54:12.073+0800][28.321s][info][gc,start       ] GC(760) Pause Full (Allocation Failure)
[2026-06-17T09:54:12.073+0800][28.321s][info][gc             ] GC(757) Concurrent Abortable Preclean 81.658ms
[2026-06-17T09:54:12.073+0800][28.322s][info][gc,cpu         ] GC(757) User=0.00s Sys=0.00s Real=0.08s
[2026-06-17T09:54:12.074+0800][28.322s][info][gc,phases,start] GC(760) Phase 1: Mark live objects
[2026-06-17T09:54:12.075+0800][28.323s][info][gc,phases      ] GC(760) Phase 1: Mark live objects 0.853ms
[2026-06-17T09:54:12.075+0800][28.323s][info][gc,phases,start] GC(760) Phase 2: Compute new object addresses
[2026-06-17T09:54:12.075+0800][28.324s][info][gc,phases      ] GC(760) Phase 2: Compute new object addresses 0.540ms
[2026-06-17T09:54:12.076+0800][28.324s][info][gc,phases,start] GC(760) Phase 3: Adjust pointers
[2026-06-17T09:54:12.077+0800][28.325s][info][gc,phases      ] GC(760) Phase 3: Adjust pointers 0.977ms
[2026-06-17T09:54:12.077+0800][28.325s][info][gc,phases,start] GC(760) Phase 4: Move objects
[2026-06-17T09:54:12.080+0800][28.328s][info][gc,phases      ] GC(760) Phase 4: Move objects 2.708ms
[2026-06-17T09:54:12.080+0800][28.329s][info][gc             ] GC(760) Pause Full (Allocation Failure) 56M->29M(61M) 7.739ms
[2026-06-17T09:54:12.081+0800][28.329s][info][gc,heap        ] GC(759) ParNew: 19639K->0K(19648K)
[2026-06-17T09:54:12.081+0800][28.329s][info][gc,heap        ] GC(759) CMS: 37902K->30140K(43712K)
[2026-06-17T09:54:12.081+0800][28.329s][info][gc,metaspace   ] GC(759) Metaspace: 3160K(4864K)->3160K(4864K) NonClass: 2855K(4352K)->2855K(4352K) Class: 305K(512K)->305K(512K)
[2026-06-17T09:54:12.082+0800][28.330s][info][gc             ] GC(759) Pause Young (Allocation Failure) 56M->29M(61M) 9.765ms
[2026-06-17T09:54:12.082+0800][28.330s][info][gc,cpu         ] GC(759) User=0.00s Sys=0.00s Real=0.00s
[2026-06-17T09:54:12.124+0800][28.372s][info][gc,start       ] GC(761) Pause Young (Allocation Failure)
[2026-06-17T09:54:12.124+0800][28.372s][info][gc,task        ] GC(761) Using 2 workers of 18 for evacuation
[2026-06-17T09:54:12.125+0800][28.373s][info][gc,heap        ] GC(761) ParNew: 17370K->2172K(19648K)
[2026-06-17T09:54:12.125+0800][28.373s][info][gc,heap        ] GC(761) CMS: 30140K->30865K(43712K)
[2026-06-17T09:54:12.125+0800][28.373s][info][gc,metaspace   ] GC(761) Metaspace: 3160K(4864K)->3160K(4864K) NonClass: 2855K(4352K)->2855K(4352K) Class: 305K(512K)->305K(512K)
[2026-06-17T09:54:12.126+0800][28.374s][info][gc             ] GC(761) Pause Young (Allocation Failure) 46M->32M(61M) 1.739ms
[2026-06-17T09:54:12.126+0800][28.374s][info][gc,cpu         ] GC(761) User=0.00s Sys=0.00s Real=0.00s
[2026-06-17T09:54:12.167+0800][28.416s][info][gc,start       ] GC(762) Pause Young (Allocation Failure)
[2026-06-17T09:54:12.168+0800][28.416s][info][gc,task        ] GC(762) Using 2 workers of 18 for evacuation
[2026-06-17T09:54:12.169+0800][28.417s][info][gc,heap        ] GC(762) ParNew: 19620K->2170K(19648K)
[2026-06-17T09:54:12.169+0800][28.417s][info][gc,heap        ] GC(762) CMS: 30865K->37774K(43712K)
[2026-06-17T09:54:12.169+0800][28.417s][info][gc,metaspace   ] GC(762) Metaspace: 3160K(4864K)->3160K(4864K) NonClass: 2855K(4352K)->2855K(4352K) Class: 305K(512K)->305K(512K)
[2026-06-17T09:54:12.169+0800][28.418s][info][gc             ] GC(762) Pause Young (Allocation Failure) 49M->39M(61M) 1.933ms
[2026-06-17T09:54:12.170+0800][28.418s][info][gc,cpu         ] GC(762) User=0.00s Sys=0.00s Real=0.00s
[2026-06-17T09:54:12.170+0800][28.418s][info][gc,start       ] GC(763) Pause Initial Mark
[2026-06-17T09:54:12.170+0800][28.418s][info][gc             ] GC(763) Pause Initial Mark 39M->39M(61M) 0.236ms
[2026-06-17T09:54:12.170+0800][28.418s][info][gc,cpu         ] GC(763) User=0.00s Sys=0.00s Real=0.00s
[2026-06-17T09:54:12.170+0800][28.419s][info][gc             ] GC(763) Concurrent Mark
[2026-06-17T09:54:12.171+0800][28.419s][info][gc,task        ] GC(763) Using 2 workers of 5 for marking
[2026-06-17T09:54:12.171+0800][28.419s][info][gc             ] GC(763) Concurrent Mark 0.803ms
[2026-06-17T09:54:12.171+0800][28.420s][info][gc,cpu         ] GC(763) User=0.00s Sys=0.00s Real=0.00s
[2026-06-17T09:54:12.172+0800][28.420s][info][gc             ] GC(763) Concurrent Preclean
[2026-06-17T09:54:12.172+0800][28.420s][info][gc             ] GC(763) Concurrent Preclean 0.170ms
[2026-06-17T09:54:12.172+0800][28.420s][info][gc,cpu         ] GC(763) User=0.00s Sys=0.00s Real=0.00s
[2026-06-17T09:54:12.172+0800][28.420s][info][gc,start       ] GC(763) Pause Remark
[2026-06-17T09:54:12.173+0800][28.421s][info][gc             ] GC(763) Pause Remark 39M->39M(61M) 0.393ms
[2026-06-17T09:54:12.173+0800][28.421s][info][gc,cpu         ] GC(763) User=0.00s Sys=0.00s Real=0.00s
[2026-06-17T09:54:12.173+0800][28.421s][info][gc             ] GC(763) Concurrent Sweep
[2026-06-17T09:54:12.173+0800][28.422s][info][gc             ] GC(763) Concurrent Sweep 0.583ms
[2026-06-17T09:54:12.174+0800][28.422s][info][gc,cpu         ] GC(763) User=0.00s Sys=0.00s Real=0.00s
[2026-06-17T09:54:12.174+0800][28.422s][info][gc             ] GC(763) Concurrent Reset
[2026-06-17T09:54:12.175+0800][28.423s][info][gc             ] GC(763) Concurrent Reset 0.546ms
[2026-06-17T09:54:12.175+0800][28.423s][info][gc,cpu         ] GC(763) User=0.00s Sys=0.00s Real=0.00s
[2026-06-17T09:54:12.175+0800][28.423s][info][gc,heap        ] GC(763) Old: 37774K->24671K(43712K)
[2026-06-17T09:54:12.212+0800][28.460s][info][gc,start       ] GC(764) Pause Young (Allocation Failure)
[2026-06-17T09:54:12.213+0800][28.461s][info][gc,task        ] GC(764) Using 2 workers of 18 for evacuation
[2026-06-17T09:54:12.214+0800][28.462s][info][gc,heap        ] GC(764) ParNew: 19186K->1789K(19648K)
[2026-06-17T09:54:12.214+0800][28.462s][info][gc,heap        ] GC(764) CMS: 24671K->25802K(43712K)
[2026-06-17T09:54:12.214+0800][28.462s][info][gc,metaspace   ] GC(764) Metaspace: 3160K(4864K)->3160K(4864K) NonClass: 2855K(4352K)->2855K(4352K) Class: 305K(512K)->305K(512K)
[2026-06-17T09:54:12.215+0800][28.463s][info][gc             ] GC(764) Pause Young (Allocation Failure) 42M->26M(61M) 2.388ms
[2026-06-17T09:54:12.215+0800][28.463s][info][gc,cpu         ] GC(764) User=0.00s Sys=0.00s Real=0.00s
[2026-06-17T09:54:12.257+0800][28.505s][info][gc,start       ] GC(765) Pause Young (Allocation Failure)
[2026-06-17T09:54:12.258+0800][28.506s][info][gc,task        ] GC(765) Using 2 workers of 18 for evacuation
[2026-06-17T09:54:12.261+0800][28.509s][info][gc,heap        ] GC(765) ParNew: 19019K->2004K(19648K)
[2026-06-17T09:54:12.261+0800][28.509s][info][gc,heap        ] GC(765) CMS: 25802K->28939K(43712K)
[2026-06-17T09:54:12.261+0800][28.510s][info][gc,metaspace   ] GC(765) Metaspace: 3160K(4864K)->3160K(4864K) NonClass: 2855K(4352K)->2855K(4352K) Class: 305K(512K)->305K(512K)
[2026-06-17T09:54:12.262+0800][28.510s][info][gc             ] GC(765) Pause Young (Allocation Failure) 43M->30M(61M) 4.414ms
[2026-06-17T09:54:12.262+0800][28.510s][info][gc,cpu         ] GC(765) User=0.01s Sys=0.00s Real=0.00s
[2026-06-17T09:54:12.314+0800][28.562s][info][gc,start       ] GC(766) Pause Young (Allocation Failure)
[2026-06-17T09:54:12.314+0800][28.563s][info][gc,task        ] GC(766) Using 2 workers of 18 for evacuation
[2026-06-17T09:54:12.315+0800][28.564s][info][gc,heap        ] GC(766) ParNew: 19476K->2135K(19648K)
[2026-06-17T09:54:12.316+0800][28.564s][info][gc,heap        ] GC(766) CMS: 28939K->32708K(43712K)
[2026-06-17T09:54:12.316+0800][28.564s][info][gc,metaspace   ] GC(766) Metaspace: 3160K(4864K)->3160K(4864K) NonClass: 2855K(4352K)->2855K(4352K) Class: 305K(512K)->305K(512K)
[2026-06-17T09:54:12.316+0800][28.564s][info][gc             ] GC(766) Pause Young (Allocation Failure) 47M->34M(61M) 2.350ms
[2026-06-17T09:54:12.316+0800][28.565s][info][gc,cpu         ] GC(766) User=0.00s Sys=0.00s Real=0.00s
[2026-06-17T09:54:12.317+0800][28.565s][info][gc,start       ] GC(767) Pause Initial Mark
[2026-06-17T09:54:12.317+0800][28.565s][info][gc             ] GC(767) Pause Initial Mark 34M->34M(61M) 0.227ms
[2026-06-17T09:54:12.317+0800][28.565s][info][gc,cpu         ] GC(767) User=0.00s Sys=0.00s Real=0.00s
[2026-06-17T09:54:12.317+0800][28.566s][info][gc             ] GC(767) Concurrent Mark
[2026-06-17T09:54:12.318+0800][28.566s][info][gc,task        ] GC(767) Using 2 workers of 5 for marking
[2026-06-17T09:54:12.318+0800][28.567s][info][gc             ] GC(767) Concurrent Mark 0.994ms
[2026-06-17T09:54:12.319+0800][28.567s][info][gc,cpu         ] GC(767) User=0.00s Sys=0.00s Real=0.00s
[2026-06-17T09:54:12.319+0800][28.567s][info][gc             ] GC(767) Concurrent Preclean
[2026-06-17T09:54:12.319+0800][28.568s][info][gc             ] GC(767) Concurrent Preclean 0.362ms
[2026-06-17T09:54:12.320+0800][28.568s][info][gc,cpu         ] GC(767) User=0.00s Sys=0.00s Real=0.00s
[2026-06-17T09:54:12.320+0800][28.568s][info][gc             ] GC(767) Concurrent Abortable Preclean
[2026-06-17T09:54:12.359+0800][28.607s][info][gc,start       ] GC(768) Pause Young (Allocation Failure)
[2026-06-17T09:54:12.360+0800][28.608s][info][gc,task        ] GC(768) Using 2 workers of 18 for evacuation
[2026-06-17T09:54:12.360+0800][28.609s][info][gc,heap        ] GC(768) ParNew: 19593K->2171K(19648K)
[2026-06-17T09:54:12.361+0800][28.609s][info][gc,heap        ] GC(768) CMS: 32708K->36157K(43712K)
[2026-06-17T09:54:12.361+0800][28.610s][info][gc,metaspace   ] GC(768) Metaspace: 3160K(4864K)->3160K(4864K) NonClass: 2855K(4352K)->2855K(4352K) Class: 305K(512K)->305K(512K)
[2026-06-17T09:54:12.362+0800][28.610s][info][gc             ] GC(768) Pause Young (Allocation Failure) 51M->37M(61M) 2.333ms
[2026-06-17T09:54:12.362+0800][28.610s][info][gc,cpu         ] GC(768) User=0.00s Sys=0.00s Real=0.00s
[2026-06-17T09:54:12.404+0800][28.652s][info][gc,start       ] GC(769) Pause Young (Allocation Failure)
[2026-06-17T09:54:12.404+0800][28.652s][info][gc,task        ] GC(769) Using 2 workers of 18 for evacuation
[2026-06-17T09:54:12.405+0800][28.653s][info][gc,heap        ] GC(769) ParNew: 19643K->2085K(19648K)
[2026-06-17T09:54:12.407+0800][28.655s][info][gc,heap        ] GC(769) CMS: 36157K->40341K(43712K)
[2026-06-17T09:54:12.409+0800][28.657s][info][gc,metaspace   ] GC(769) Metaspace: 3160K(4864K)->3160K(4864K) NonClass: 2855K(4352K)->2855K(4352K) Class: 305K(512K)->305K(512K)
[2026-06-17T09:54:12.410+0800][28.658s][info][gc             ] GC(769) Pause Young (Allocation Failure) 54M->41M(61M) 6.160ms
[2026-06-17T09:54:12.410+0800][28.658s][info][gc,cpu         ] GC(769) User=0.00s Sys=0.00s Real=0.00s
[2026-06-17T09:54:12.452+0800][28.700s][info][gc,start       ] GC(770) Pause Young (Allocation Failure)
[2026-06-17T09:54:12.452+0800][28.701s][info][gc,task        ] GC(770) Using 2 workers of 18 for evacuation
[2026-06-17T09:54:12.453+0800][28.701s][info][gc,start       ] GC(771) Pause Full (Allocation Failure)
[2026-06-17T09:54:12.453+0800][28.701s][info][gc             ] GC(767) Concurrent Abortable Preclean 133.228ms
[2026-06-17T09:54:12.453+0800][28.702s][info][gc,cpu         ] GC(767) User=0.01s Sys=0.00s Real=0.14s
[2026-06-17T09:54:12.454+0800][28.702s][info][gc,phases,start] GC(771) Phase 1: Mark live objects
[2026-06-17T09:54:12.455+0800][28.703s][info][gc,phases      ] GC(771) Phase 1: Mark live objects 0.793ms
[2026-06-17T09:54:12.455+0800][28.703s][info][gc,phases,start] GC(771) Phase 2: Compute new object addresses
[2026-06-17T09:54:12.455+0800][28.704s][info][gc,phases      ] GC(771) Phase 2: Compute new object addresses 0.543ms
[2026-06-17T09:54:12.456+0800][28.704s][info][gc,phases,start] GC(771) Phase 3: Adjust pointers
[2026-06-17T09:54:12.456+0800][28.704s][info][gc,phases      ] GC(771) Phase 3: Adjust pointers 0.587ms
[2026-06-17T09:54:12.457+0800][28.705s][info][gc,phases,start] GC(771) Phase 4: Move objects
[2026-06-17T09:54:12.459+0800][28.707s][info][gc,phases      ] GC(771) Phase 4: Move objects 2.048ms
[2026-06-17T09:54:12.459+0800][28.707s][info][gc             ] GC(771) Pause Full (Allocation Failure) 58M->23M(61M) 6.403ms
[2026-06-17T09:54:12.459+0800][28.708s][info][gc,heap        ] GC(770) ParNew: 19557K->0K(19648K)
[2026-06-17T09:54:12.460+0800][28.708s][info][gc,heap        ] GC(770) CMS: 40341K->23942K(43712K)
[2026-06-17T09:54:12.460+0800][28.708s][info][gc,metaspace   ] GC(770) Metaspace: 3160K(4864K)->3160K(4864K) NonClass: 2855K(4352K)->2855K(4352K) Class: 305K(512K)->305K(512K)
[2026-06-17T09:54:12.460+0800][28.708s][info][gc             ] GC(770) Pause Young (Allocation Failure) 58M->23M(61M) 8.086ms
[2026-06-17T09:54:12.460+0800][28.708s][info][gc,cpu         ] GC(770) User=0.00s Sys=0.00s Real=0.00s
[2026-06-17T09:54:12.502+0800][28.750s][info][gc,start       ] GC(772) Pause Young (Allocation Failure)
[2026-06-17T09:54:12.503+0800][28.751s][info][gc,task        ] GC(772) Using 2 workers of 18 for evacuation
[2026-06-17T09:54:12.503+0800][28.751s][info][gc,heap        ] GC(772) ParNew: 17445K->2174K(19648K)
[2026-06-17T09:54:12.504+0800][28.752s][info][gc,heap        ] GC(772) CMS: 23942K->25178K(43712K)
[2026-06-17T09:54:12.504+0800][28.752s][info][gc,metaspace   ] GC(772) Metaspace: 3160K(4864K)->3160K(4864K) NonClass: 2855K(4352K)->2855K(4352K) Class: 305K(512K)->305K(512K)
[2026-06-17T09:54:12.504+0800][28.752s][info][gc             ] GC(772) Pause Young (Allocation Failure) 40M->26M(61M) 2.184ms
[2026-06-17T09:54:12.505+0800][28.753s][info][gc,cpu         ] GC(772) User=0.00s Sys=0.00s Real=0.01s
[2026-06-17T09:54:12.547+0800][28.795s][info][gc,start       ] GC(773) Pause Young (Allocation Failure)
[2026-06-17T09:54:12.547+0800][28.795s][info][gc,task        ] GC(773) Using 2 workers of 18 for evacuation
[2026-06-17T09:54:12.551+0800][28.799s][info][gc,heap        ] GC(773) ParNew: 19621K->2171K(19648K)
[2026-06-17T09:54:12.551+0800][28.799s][info][gc,heap        ] GC(773) CMS: 25178K->32382K(43712K)
[2026-06-17T09:54:12.551+0800][28.799s][info][gc,metaspace   ] GC(773) Metaspace: 3160K(4864K)->3160K(4864K) NonClass: 2855K(4352K)->2855K(4352K) Class: 305K(512K)->305K(512K)
[2026-06-17T09:54:12.551+0800][28.800s][info][gc             ] GC(773) Pause Young (Allocation Failure) 43M->33M(61M) 4.749ms
[2026-06-17T09:54:12.552+0800][28.800s][info][gc,cpu         ] GC(773) User=0.00s Sys=0.00s Real=0.01s
[2026-06-17T09:54:12.552+0800][28.800s][info][gc,start       ] GC(774) Pause Initial Mark
[2026-06-17T09:54:12.553+0800][28.801s][info][gc             ] GC(774) Pause Initial Mark 34M->34M(61M) 0.408ms
[2026-06-17T09:54:12.553+0800][28.801s][info][gc,cpu         ] GC(774) User=0.00s Sys=0.00s Real=0.00s
[2026-06-17T09:54:12.553+0800][28.801s][info][gc             ] GC(774) Concurrent Mark
[2026-06-17T09:54:12.553+0800][28.802s][info][gc,task        ] GC(774) Using 2 workers of 5 for marking
[2026-06-17T09:54:12.556+0800][28.804s][info][gc             ] GC(774) Concurrent Mark 3.033ms
[2026-06-17T09:54:12.557+0800][28.805s][info][gc,cpu         ] GC(774) User=0.00s Sys=0.00s Real=0.00s
[2026-06-17T09:54:12.557+0800][28.805s][info][gc             ] GC(774) Concurrent Preclean
[2026-06-17T09:54:12.557+0800][28.805s][info][gc             ] GC(774) Concurrent Preclean 0.224ms
[2026-06-17T09:54:12.557+0800][28.806s][info][gc,cpu         ] GC(774) User=0.00s Sys=0.00s Real=0.00s
[2026-06-17T09:54:12.558+0800][28.806s][info][gc,start       ] GC(774) Pause Remark
[2026-06-17T09:54:12.558+0800][28.806s][info][gc             ] GC(774) Pause Remark 34M->34M(61M) 0.559ms
[2026-06-17T09:54:12.558+0800][28.807s][info][gc,cpu         ] GC(774) User=0.00s Sys=0.00s Real=0.00s
[2026-06-17T09:54:12.559+0800][28.807s][info][gc             ] GC(774) Concurrent Sweep
[2026-06-17T09:54:12.559+0800][28.807s][info][gc             ] GC(774) Concurrent Sweep 0.428ms
[2026-06-17T09:54:12.559+0800][28.808s][info][gc,cpu         ] GC(774) User=0.00s Sys=0.00s Real=0.00s
[2026-06-17T09:54:12.560+0800][28.808s][info][gc             ] GC(774) Concurrent Reset
[2026-06-17T09:54:12.560+0800][28.808s][info][gc             ] GC(774) Concurrent Reset 0.300ms
[2026-06-17T09:54:12.560+0800][28.808s][info][gc,cpu         ] GC(774) User=0.00s Sys=0.00s Real=0.00s
[2026-06-17T09:54:12.561+0800][28.809s][info][gc,heap        ] GC(774) Old: 32382K->28856K(43712K)
[2026-06-17T09:54:12.604+0800][28.852s][info][gc,start       ] GC(775) Pause Young (Allocation Failure)
[2026-06-17T09:54:12.606+0800][28.854s][info][gc,task        ] GC(775) Using 2 workers of 18 for evacuation
[2026-06-17T09:54:12.608+0800][28.857s][info][gc,heap        ] GC(775) ParNew: 19643K->2169K(19648K)
[2026-06-17T09:54:12.612+0800][28.860s][info][gc,heap        ] GC(775) CMS: 28856K->31523K(43712K)
[2026-06-17T09:54:12.614+0800][28.862s][info][gc,metaspace   ] GC(775) Metaspace: 3160K(4864K)->3160K(4864K) NonClass: 2855K(4352K)->2855K(4352K) Class: 305K(512K)->305K(512K)
[2026-06-17T09:54:12.615+0800][28.863s][info][gc             ] GC(775) Pause Young (Allocation Failure) 47M->32M(61M) 10.615ms
[2026-06-17T09:54:12.615+0800][28.863s][info][gc,cpu         ] GC(775) User=0.00s Sys=0.00s Real=0.01s
[2026-06-17T09:54:12.616+0800][28.864s][info][gc,start       ] GC(776) Pause Initial Mark
[2026-06-17T09:54:12.616+0800][28.865s][info][gc             ] GC(776) Pause Initial Mark 34M->34M(61M) 0.456ms
[2026-06-17T09:54:12.620+0800][28.868s][info][gc,cpu         ] GC(776) User=0.00s Sys=0.00s Real=0.00s
[2026-06-17T09:54:12.622+0800][28.870s][info][gc             ] GC(776) Concurrent Mark
[2026-06-17T09:54:12.622+0800][28.870s][info][gc,task        ] GC(776) Using 2 workers of 5 for marking
[2026-06-17T09:54:12.623+0800][28.871s][info][gc             ] GC(776) Concurrent Mark 1.187ms
[2026-06-17T09:54:12.623+0800][28.872s][info][gc,cpu         ] GC(776) User=0.01s Sys=0.00s Real=0.01s
[2026-06-17T09:54:12.624+0800][28.872s][info][gc             ] GC(776) Concurrent Preclean
[2026-06-17T09:54:12.624+0800][28.872s][info][gc             ] GC(776) Concurrent Preclean 0.188ms
[2026-06-17T09:54:12.624+0800][28.872s][info][gc,cpu         ] GC(776) User=0.00s Sys=0.00s Real=0.00s
[2026-06-17T09:54:12.624+0800][28.872s][info][gc             ] GC(776) Concurrent Abortable Preclean
[2026-06-17T09:54:12.653+0800][28.902s][info][gc,start       ] GC(777) Pause Young (Allocation Failure)
[2026-06-17T09:54:12.654+0800][28.902s][info][gc,task        ] GC(777) Using 2 workers of 18 for evacuation
[2026-06-17T09:54:12.655+0800][28.903s][info][gc,heap        ] GC(777) ParNew: 19422K->2168K(19648K)
[2026-06-17T09:54:12.655+0800][28.903s][info][gc,heap        ] GC(777) CMS: 31523K->35164K(43712K)
[2026-06-17T09:54:12.655+0800][28.903s][info][gc,metaspace   ] GC(777) Metaspace: 3160K(4864K)->3160K(4864K) NonClass: 2855K(4352K)->2855K(4352K) Class: 305K(512K)->305K(512K)
[2026-06-17T09:54:12.655+0800][28.903s][info][gc             ] GC(777) Pause Young (Allocation Failure) 49M->36M(61M) 1.904ms
[2026-06-17T09:54:12.656+0800][28.904s][info][gc,cpu         ] GC(777) User=0.00s Sys=0.00s Real=0.00s
[2026-06-17T09:54:12.697+0800][28.946s][info][gc,start       ] GC(778) Pause Young (Allocation Failure)
[2026-06-17T09:54:12.698+0800][28.946s][info][gc,task        ] GC(778) Using 2 workers of 18 for evacuation
[2026-06-17T09:54:12.699+0800][28.947s][info][gc,heap        ] GC(778) ParNew: 19622K->2175K(19648K)
[2026-06-17T09:54:12.699+0800][28.947s][info][gc,heap        ] GC(778) CMS: 35164K->41870K(43712K)
[2026-06-17T09:54:12.699+0800][28.947s][info][gc,metaspace   ] GC(778) Metaspace: 3160K(4864K)->3160K(4864K) NonClass: 2855K(4352K)->2855K(4352K) Class: 305K(512K)->305K(512K)
[2026-06-17T09:54:12.699+0800][28.947s][info][gc             ] GC(778) Pause Young (Allocation Failure) 53M->43M(61M) 1.961ms
[2026-06-17T09:54:12.699+0800][28.948s][info][gc,cpu         ] GC(778) User=0.00s Sys=0.00s Real=0.00s
[2026-06-17T09:54:12.700+0800][28.948s][info][gc             ] GC(776) Concurrent Abortable Preclean 75.642ms
[2026-06-17T09:54:12.700+0800][28.948s][info][gc,cpu         ] GC(776) User=0.00s Sys=0.00s Real=0.07s
[2026-06-17T09:54:12.700+0800][28.948s][info][gc,start       ] GC(776) Pause Remark
[2026-06-17T09:54:12.701+0800][28.949s][info][gc             ] GC(776) Pause Remark 43M->43M(61M) 0.941ms
[2026-06-17T09:54:12.701+0800][28.949s][info][gc,cpu         ] GC(776) User=0.00s Sys=0.00s Real=0.00s
[2026-06-17T09:54:12.702+0800][28.950s][info][gc             ] GC(776) Concurrent Sweep
[2026-06-17T09:54:12.702+0800][28.950s][info][gc             ] GC(776) Concurrent Sweep 0.296ms
[2026-06-17T09:54:12.702+0800][28.950s][info][gc,cpu         ] GC(776) User=0.00s Sys=0.00s Real=0.00s
[2026-06-17T09:54:12.702+0800][28.950s][info][gc             ] GC(776) Concurrent Reset
[2026-06-17T09:54:12.702+0800][28.951s][info][gc             ] GC(776) Concurrent Reset 0.211ms
[2026-06-17T09:54:12.703+0800][28.951s][info][gc,cpu         ] GC(776) User=0.00s Sys=0.00s Real=0.01s
[2026-06-17T09:54:12.703+0800][28.951s][info][gc,heap        ] GC(776) Old: 31523K->24942K(43712K)
[2026-06-17T09:54:12.752+0800][29.000s][info][gc,start       ] GC(779) Pause Young (Allocation Failure)
[2026-06-17T09:54:12.752+0800][29.000s][info][gc,task        ] GC(779) Using 2 workers of 18 for evacuation
[2026-06-17T09:54:12.753+0800][29.001s][info][gc,heap        ] GC(779) ParNew: 19647K->2170K(19648K)
[2026-06-17T09:54:12.753+0800][29.001s][info][gc,heap        ] GC(779) CMS: 24942K->27038K(43712K)
[2026-06-17T09:54:12.753+0800][29.001s][info][gc,metaspace   ] GC(779) Metaspace: 3160K(4864K)->3160K(4864K) NonClass: 2855K(4352K)->2855K(4352K) Class: 305K(512K)->305K(512K)
[2026-06-17T09:54:12.753+0800][29.001s][info][gc             ] GC(779) Pause Young (Allocation Failure) 43M->28M(61M) 1.722ms
[2026-06-17T09:54:12.753+0800][29.002s][info][gc,cpu         ] GC(779) User=0.00s Sys=0.00s Real=0.00s
[2026-06-17T09:54:12.795+0800][29.044s][info][gc,start       ] GC(780) Pause Young (Allocation Failure)
[2026-06-17T09:54:12.796+0800][29.044s][info][gc,task        ] GC(780) Using 2 workers of 18 for evacuation
[2026-06-17T09:54:12.797+0800][29.045s][info][gc,heap        ] GC(780) ParNew: 19640K->2174K(19648K)
[2026-06-17T09:54:12.797+0800][29.045s][info][gc,heap        ] GC(780) CMS: 27038K->30869K(43712K)
[2026-06-17T09:54:12.797+0800][29.045s][info][gc,metaspace   ] GC(780) Metaspace: 3160K(4864K)->3160K(4864K) NonClass: 2855K(4352K)->2855K(4352K) Class: 305K(512K)->305K(512K)
[2026-06-17T09:54:12.798+0800][29.046s][info][gc             ] GC(780) Pause Young (Allocation Failure) 45M->32M(61M) 2.233ms
[2026-06-17T09:54:12.798+0800][29.046s][info][gc,cpu         ] GC(780) User=0.00s Sys=0.00s Real=0.00s
[2026-06-17T09:54:12.798+0800][29.046s][info][gc,start       ] GC(781) Pause Initial Mark
[2026-06-17T09:54:12.798+0800][29.047s][info][gc             ] GC(781) Pause Initial Mark 32M->32M(61M) 0.268ms
[2026-06-17T09:54:12.799+0800][29.047s][info][gc,cpu         ] GC(781) User=0.00s Sys=0.00s Real=0.00s
[2026-06-17T09:54:12.799+0800][29.047s][info][gc             ] GC(781) Concurrent Mark
[2026-06-17T09:54:12.799+0800][29.047s][info][gc,task        ] GC(781) Using 2 workers of 5 for marking
[2026-06-17T09:54:12.800+0800][29.048s][info][gc             ] GC(781) Concurrent Mark 0.876ms
[2026-06-17T09:54:12.800+0800][29.048s][info][gc,cpu         ] GC(781) User=0.00s Sys=0.00s Real=0.00s
[2026-06-17T09:54:12.800+0800][29.048s][info][gc             ] GC(781) Concurrent Preclean
[2026-06-17T09:54:12.800+0800][29.048s][info][gc             ] GC(781) Concurrent Preclean 0.164ms
[2026-06-17T09:54:12.800+0800][29.049s][info][gc,cpu         ] GC(781) User=0.00s Sys=0.00s Real=0.00s
[2026-06-17T09:54:12.801+0800][29.049s][info][gc             ] GC(781) Concurrent Abortable Preclean
[2026-06-17T09:54:12.840+0800][29.089s][info][gc,start       ] GC(782) Pause Young (Allocation Failure)
[2026-06-17T09:54:12.841+0800][29.089s][info][gc,task        ] GC(782) Using 2 workers of 18 for evacuation
[2026-06-17T09:54:12.842+0800][29.090s][info][gc,heap        ] GC(782) ParNew: 19615K->2169K(19648K)
[2026-06-17T09:54:12.842+0800][29.090s][info][gc,heap        ] GC(782) CMS: 30869K->35107K(43712K)
[2026-06-17T09:54:12.842+0800][29.090s][info][gc,metaspace   ] GC(782) Metaspace: 3160K(4864K)->3160K(4864K) NonClass: 2855K(4352K)->2855K(4352K) Class: 305K(512K)->305K(512K)
[2026-06-17T09:54:12.842+0800][29.090s][info][gc             ] GC(782) Pause Young (Allocation Failure) 49M->36M(61M) 1.893ms
[2026-06-17T09:54:12.843+0800][29.091s][info][gc,cpu         ] GC(782) User=0.00s Sys=0.00s Real=0.01s
[2026-06-17T09:54:12.885+0800][29.133s][info][gc,start       ] GC(783) Pause Young (Allocation Failure)
[2026-06-17T09:54:12.885+0800][29.133s][info][gc,task        ] GC(783) Using 2 workers of 18 for evacuation
[2026-06-17T09:54:12.886+0800][29.134s][info][gc,heap        ] GC(783) ParNew: 19614K->2167K(19648K)
[2026-06-17T09:54:12.886+0800][29.134s][info][gc,heap        ] GC(783) CMS: 35107K->40227K(43712K)
[2026-06-17T09:54:12.886+0800][29.135s][info][gc,metaspace   ] GC(783) Metaspace: 3160K(4864K)->3160K(4864K) NonClass: 2855K(4352K)->2855K(4352K) Class: 305K(512K)->305K(512K)
[2026-06-17T09:54:12.887+0800][29.135s][info][gc             ] GC(783) Pause Young (Allocation Failure) 53M->41M(61M) 2.002ms
[2026-06-17T09:54:12.887+0800][29.135s][info][gc,cpu         ] GC(783) User=0.00s Sys=0.00s Real=0.00s
[2026-06-17T09:54:12.929+0800][29.177s][info][gc,start       ] GC(784) Pause Young (Allocation Failure)
[2026-06-17T09:54:12.930+0800][29.178s][info][gc,task        ] GC(784) Using 2 workers of 18 for evacuation
[2026-06-17T09:54:12.930+0800][29.178s][info][gc,start       ] GC(785) Pause Full (Allocation Failure)
[2026-06-17T09:54:12.931+0800][29.179s][info][gc             ] GC(781) Concurrent Abortable Preclean 130.737ms
[2026-06-17T09:54:12.931+0800][29.180s][info][gc,cpu         ] GC(781) User=0.01s Sys=0.00s Real=0.14s
[2026-06-17T09:54:12.932+0800][29.180s][info][gc,phases,start] GC(785) Phase 1: Mark live objects
[2026-06-17T09:54:12.932+0800][29.181s][info][gc,phases      ] GC(785) Phase 1: Mark live objects 0.672ms
[2026-06-17T09:54:12.933+0800][29.181s][info][gc,phases,start] GC(785) Phase 2: Compute new object addresses
[2026-06-17T09:54:12.933+0800][29.181s][info][gc,phases      ] GC(785) Phase 2: Compute new object addresses 0.472ms
[2026-06-17T09:54:12.933+0800][29.182s][info][gc,phases,start] GC(785) Phase 3: Adjust pointers
[2026-06-17T09:54:12.934+0800][29.182s][info][gc,phases      ] GC(785) Phase 3: Adjust pointers 0.442ms
[2026-06-17T09:54:12.934+0800][29.182s][info][gc,phases,start] GC(785) Phase 4: Move objects
[2026-06-17T09:54:12.937+0800][29.185s][info][gc,phases      ] GC(785) Phase 4: Move objects 2.970ms
[2026-06-17T09:54:12.938+0800][29.186s][info][gc             ] GC(785) Pause Full (Allocation Failure) 58M->30M(61M) 7.651ms
[2026-06-17T09:54:12.938+0800][29.186s][info][gc,heap        ] GC(784) ParNew: 19612K->0K(19648K)
[2026-06-17T09:54:12.938+0800][29.186s][info][gc,heap        ] GC(784) CMS: 40227K->31079K(43712K)
[2026-06-17T09:54:12.938+0800][29.187s][info][gc,metaspace   ] GC(784) Metaspace: 3160K(4864K)->3160K(4864K) NonClass: 2855K(4352K)->2855K(4352K) Class: 305K(512K)->305K(512K)
[2026-06-17T09:54:12.939+0800][29.187s][info][gc             ] GC(784) Pause Young (Allocation Failure) 58M->30M(61M) 9.595ms
[2026-06-17T09:54:12.939+0800][29.187s][info][gc,cpu         ] GC(784) User=0.00s Sys=0.00s Real=0.01s
[2026-06-17T09:54:12.992+0800][29.240s][info][gc,start       ] GC(786) Pause Young (Allocation Failure)
[2026-06-17T09:54:12.992+0800][29.240s][info][gc,task        ] GC(786) Using 2 workers of 18 for evacuation
[2026-06-17T09:54:12.993+0800][29.241s][info][gc,heap        ] GC(786) ParNew: 17427K->2172K(19648K)
[2026-06-17T09:54:12.993+0800][29.241s][info][gc,heap        ] GC(786) CMS: 31079K->32707K(43712K)
[2026-06-17T09:54:12.993+0800][29.241s][info][gc,metaspace   ] GC(786) Metaspace: 3160K(4864K)->3160K(4864K) NonClass: 2855K(4352K)->2855K(4352K) Class: 305K(512K)->305K(512K)
[2026-06-17T09:54:12.993+0800][29.241s][info][gc             ] GC(786) Pause Young (Allocation Failure) 47M->34M(61M) 1.599ms
[2026-06-17T09:54:12.993+0800][29.241s][info][gc,cpu         ] GC(786) User=0.00s Sys=0.00s Real=0.00s
[2026-06-17T09:54:13.025+0800][29.273s][info][gc,start       ] GC(787) Pause Young (Allocation Failure)
[2026-06-17T09:54:13.026+0800][29.274s][info][gc,task        ] GC(787) Using 2 workers of 18 for evacuation
[2026-06-17T09:54:13.026+0800][29.274s][info][gc,heap        ] GC(787) ParNew: 19483K->2073K(19648K)
[2026-06-17T09:54:13.027+0800][29.275s][info][gc,heap        ] GC(787) CMS: 32707K->36206K(43712K)
[2026-06-17T09:54:13.027+0800][29.275s][info][gc,metaspace   ] GC(787) Metaspace: 3160K(4864K)->3160K(4864K) NonClass: 2855K(4352K)->2855K(4352K) Class: 305K(512K)->305K(512K)
[2026-06-17T09:54:13.027+0800][29.275s][info][gc             ] GC(787) Pause Young (Allocation Failure) 50M->37M(61M) 1.841ms
[2026-06-17T09:54:13.027+0800][29.275s][info][gc,cpu         ] GC(787) User=0.01s Sys=0.00s Real=0.00s
[2026-06-17T09:54:13.028+0800][29.276s][info][gc,start       ] GC(788) Pause Initial Mark
[2026-06-17T09:54:13.028+0800][29.276s][info][gc             ] GC(788) Pause Initial Mark 38M->38M(61M) 0.446ms
[2026-06-17T09:54:13.028+0800][29.277s][info][gc,cpu         ] GC(788) User=0.00s Sys=0.00s Real=0.00s
[2026-06-17T09:54:13.029+0800][29.277s][info][gc             ] GC(788) Concurrent Mark
[2026-06-17T09:54:13.029+0800][29.277s][info][gc,task        ] GC(788) Using 2 workers of 5 for marking
[2026-06-17T09:54:13.029+0800][29.278s][info][gc             ] GC(788) Concurrent Mark 0.855ms
[2026-06-17T09:54:13.030+0800][29.278s][info][gc,cpu         ] GC(788) User=0.00s Sys=0.00s Real=0.00s
[2026-06-17T09:54:13.030+0800][29.278s][info][gc             ] GC(788) Concurrent Preclean
[2026-06-17T09:54:13.030+0800][29.278s][info][gc             ] GC(788) Concurrent Preclean 0.165ms
[2026-06-17T09:54:13.030+0800][29.278s][info][gc,cpu         ] GC(788) User=0.00s Sys=0.00s Real=0.00s
[2026-06-17T09:54:13.030+0800][29.278s][info][gc,start       ] GC(788) Pause Remark
[2026-06-17T09:54:13.031+0800][29.279s][info][gc             ] GC(788) Pause Remark 38M->38M(61M) 0.516ms
[2026-06-17T09:54:13.031+0800][29.279s][info][gc,cpu         ] GC(788) User=0.00s Sys=0.00s Real=0.01s
[2026-06-17T09:54:13.031+0800][29.279s][info][gc             ] GC(788) Concurrent Sweep
[2026-06-17T09:54:13.031+0800][29.280s][info][gc             ] GC(788) Concurrent Sweep 0.216ms
[2026-06-17T09:54:13.031+0800][29.280s][info][gc,cpu         ] GC(788) User=0.00s Sys=0.00s Real=0.00s
[2026-06-17T09:54:13.032+0800][29.280s][info][gc             ] GC(788) Concurrent Reset
[2026-06-17T09:54:13.032+0800][29.280s][info][gc             ] GC(788) Concurrent Reset 0.112ms
[2026-06-17T09:54:13.032+0800][29.280s][info][gc,cpu         ] GC(788) User=0.00s Sys=0.00s Real=0.00s
[2026-06-17T09:54:13.032+0800][29.280s][info][gc,heap        ] GC(788) Old: 36206K->21797K(43712K)
[2026-06-17T09:54:13.079+0800][29.328s][info][gc,start       ] GC(789) Pause Young (Allocation Failure)
[2026-06-17T09:54:13.080+0800][29.328s][info][gc,task        ] GC(789) Using 2 workers of 18 for evacuation
[2026-06-17T09:54:13.081+0800][29.329s][info][gc,heap        ] GC(789) ParNew: 19517K->2108K(19648K)
[2026-06-17T09:54:13.081+0800][29.329s][info][gc,heap        ] GC(789) CMS: 21797K->25602K(43712K)
[2026-06-17T09:54:13.081+0800][29.329s][info][gc,metaspace   ] GC(789) Metaspace: 3160K(4864K)->3160K(4864K) NonClass: 2855K(4352K)->2855K(4352K) Class: 305K(512K)->305K(512K)
[2026-06-17T09:54:13.081+0800][29.329s][info][gc             ] GC(789) Pause Young (Allocation Failure) 40M->27M(61M) 1.911ms
[2026-06-17T09:54:13.081+0800][29.330s][info][gc,cpu         ] GC(789) User=0.00s Sys=0.00s Real=0.00s
[2026-06-17T09:54:13.123+0800][29.372s][info][gc,start       ] GC(790) Pause Young (Allocation Failure)
[2026-06-17T09:54:13.126+0800][29.374s][info][gc,task        ] GC(790) Using 2 workers of 18 for evacuation
[2026-06-17T09:54:13.127+0800][29.375s][info][gc,heap        ] GC(790) ParNew: 19562K->2171K(19648K)
[2026-06-17T09:54:13.127+0800][29.376s][info][gc,heap        ] GC(790) CMS: 25602K->29338K(43712K)
[2026-06-17T09:54:13.128+0800][29.376s][info][gc,metaspace   ] GC(790) Metaspace: 3160K(4864K)->3160K(4864K) NonClass: 2855K(4352K)->2855K(4352K) Class: 305K(512K)->305K(512K)
[2026-06-17T09:54:13.128+0800][29.376s][info][gc             ] GC(790) Pause Young (Allocation Failure) 44M->30M(61M) 4.318ms
[2026-06-17T09:54:13.128+0800][29.376s][info][gc,cpu         ] GC(790) User=0.00s Sys=0.00s Real=0.00s
[2026-06-17T09:54:13.170+0800][29.418s][info][gc,start       ] GC(791) Pause Young (Allocation Failure)
[2026-06-17T09:54:13.170+0800][29.419s][info][gc,task        ] GC(791) Using 2 workers of 18 for evacuation
[2026-06-17T09:54:13.171+0800][29.420s][info][gc,heap        ] GC(791) ParNew: 19634K->2169K(19648K)
[2026-06-17T09:54:13.172+0800][29.420s][info][gc,heap        ] GC(791) CMS: 29338K->34102K(43712K)
[2026-06-17T09:54:13.172+0800][29.420s][info][gc,metaspace   ] GC(791) Metaspace: 3160K(4864K)->3160K(4864K) NonClass: 2855K(4352K)->2855K(4352K) Class: 305K(512K)->305K(512K)
[2026-06-17T09:54:13.172+0800][29.420s][info][gc             ] GC(791) Pause Young (Allocation Failure) 47M->35M(61M) 1.960ms
[2026-06-17T09:54:13.172+0800][29.420s][info][gc,cpu         ] GC(791) User=0.01s Sys=0.00s Real=0.01s
[2026-06-17T09:54:13.172+0800][29.421s][info][gc,start       ] GC(792) Pause Initial Mark
[2026-06-17T09:54:13.173+0800][29.421s][info][gc             ] GC(792) Pause Initial Mark 36M->36M(61M) 0.228ms
[2026-06-17T09:54:13.173+0800][29.421s][info][gc,cpu         ] GC(792) User=0.00s Sys=0.00s Real=0.00s
[2026-06-17T09:54:13.173+0800][29.421s][info][gc             ] GC(792) Concurrent Mark
[2026-06-17T09:54:13.173+0800][29.422s][info][gc,task        ] GC(792) Using 2 workers of 5 for marking
[2026-06-17T09:54:13.174+0800][29.422s][info][gc             ] GC(792) Concurrent Mark 0.784ms
[2026-06-17T09:54:13.174+0800][29.422s][info][gc,cpu         ] GC(792) User=0.00s Sys=0.00s Real=0.00s
[2026-06-17T09:54:13.174+0800][29.422s][info][gc             ] GC(792) Concurrent Preclean
[2026-06-17T09:54:13.174+0800][29.423s][info][gc             ] GC(792) Concurrent Preclean 0.133ms
[2026-06-17T09:54:13.175+0800][29.423s][info][gc,cpu         ] GC(792) User=0.00s Sys=0.00s Real=0.00s
[2026-06-17T09:54:13.175+0800][29.423s][info][gc,start       ] GC(792) Pause Remark
[2026-06-17T09:54:13.175+0800][29.423s][info][gc             ] GC(792) Pause Remark 36M->36M(61M) 0.419ms
[2026-06-17T09:54:13.175+0800][29.423s][info][gc,cpu         ] GC(792) User=0.00s Sys=0.00s Real=0.00s
[2026-06-17T09:54:13.175+0800][29.423s][info][gc             ] GC(792) Concurrent Sweep
[2026-06-17T09:54:13.175+0800][29.424s][info][gc             ] GC(792) Concurrent Sweep 0.213ms
[2026-06-17T09:54:13.176+0800][29.424s][info][gc,cpu         ] GC(792) User=0.00s Sys=0.00s Real=0.00s
[2026-06-17T09:54:13.176+0800][29.424s][info][gc             ] GC(792) Concurrent Reset
[2026-06-17T09:54:13.176+0800][29.424s][info][gc             ] GC(792) Concurrent Reset 0.101ms
[2026-06-17T09:54:13.176+0800][29.424s][info][gc,cpu         ] GC(792) User=0.00s Sys=0.00s Real=0.00s
[2026-06-17T09:54:13.176+0800][29.424s][info][gc,heap        ] GC(792) Old: 34102K->22783K(43712K)
[2026-06-17T09:54:13.215+0800][29.463s][info][gc,start       ] GC(793) Pause Young (Allocation Failure)
[2026-06-17T09:54:13.215+0800][29.464s][info][gc,task        ] GC(793) Using 2 workers of 18 for evacuation
[2026-06-17T09:54:13.216+0800][29.465s][info][gc,heap        ] GC(793) ParNew: 19633K->2172K(19648K)
[2026-06-17T09:54:13.217+0800][29.465s][info][gc,heap        ] GC(793) CMS: 22783K->27220K(43712K)
[2026-06-17T09:54:13.217+0800][29.465s][info][gc,metaspace   ] GC(793) Metaspace: 3160K(4864K)->3160K(4864K) NonClass: 2855K(4352K)->2855K(4352K) Class: 305K(512K)->305K(512K)
[2026-06-17T09:54:13.217+0800][29.465s][info][gc             ] GC(793) Pause Young (Allocation Failure) 41M->28M(61M) 1.964ms
[2026-06-17T09:54:13.217+0800][29.465s][info][gc,cpu         ] GC(793) User=0.00s Sys=0.00s Real=0.00s
[2026-06-17T09:54:13.259+0800][29.507s][info][gc,start       ] GC(794) Pause Young (Allocation Failure)
[2026-06-17T09:54:13.259+0800][29.508s][info][gc,task        ] GC(794) Using 2 workers of 18 for evacuation
[2026-06-17T09:54:13.261+0800][29.509s][info][gc,heap        ] GC(794) ParNew: 19424K->1995K(19648K)
[2026-06-17T09:54:13.261+0800][29.509s][info][gc,heap        ] GC(794) CMS: 27220K->29357K(43712K)
[2026-06-17T09:54:13.261+0800][29.509s][info][gc,metaspace   ] GC(794) Metaspace: 3160K(4864K)->3160K(4864K) NonClass: 2855K(4352K)->2855K(4352K) Class: 305K(512K)->305K(512K)
[2026-06-17T09:54:13.261+0800][29.510s][info][gc             ] GC(794) Pause Young (Allocation Failure) 45M->30M(61M) 2.349ms
[2026-06-17T09:54:13.262+0800][29.510s][info][gc,cpu         ] GC(794) User=0.00s Sys=0.00s Real=0.00s
[2026-06-17T09:54:13.314+0800][29.562s][info][gc,start       ] GC(795) Pause Young (Allocation Failure)
[2026-06-17T09:54:13.314+0800][29.563s][info][gc,task        ] GC(795) Using 2 workers of 18 for evacuation
[2026-06-17T09:54:13.315+0800][29.563s][info][gc,heap        ] GC(795) ParNew: 19467K->2050K(19648K)
[2026-06-17T09:54:13.315+0800][29.564s][info][gc,heap        ] GC(795) CMS: 29357K->33211K(43712K)
[2026-06-17T09:54:13.316+0800][29.564s][info][gc,metaspace   ] GC(795) Metaspace: 3160K(4864K)->3160K(4864K) NonClass: 2855K(4352K)->2855K(4352K) Class: 305K(512K)->305K(512K)
[2026-06-17T09:54:13.316+0800][29.564s][info][gc             ] GC(795) Pause Young (Allocation Failure) 47M->34M(61M) 1.701ms
[2026-06-17T09:54:13.316+0800][29.564s][info][gc,cpu         ] GC(795) User=0.01s Sys=0.00s Real=0.00s
[2026-06-17T09:54:13.358+0800][29.606s][info][gc,start       ] GC(796) Pause Young (Allocation Failure)
[2026-06-17T09:54:13.358+0800][29.606s][info][gc,task        ] GC(796) Using 2 workers of 18 for evacuation
[2026-06-17T09:54:13.359+0800][29.608s][info][gc,heap        ] GC(796) ParNew: 19522K->2170K(19648K)
[2026-06-17T09:54:13.360+0800][29.608s][info][gc,heap        ] GC(796) CMS: 33211K->36802K(43712K)
[2026-06-17T09:54:13.360+0800][29.609s][info][gc,metaspace   ] GC(796) Metaspace: 3160K(4864K)->3160K(4864K) NonClass: 2855K(4352K)->2855K(4352K) Class: 305K(512K)->305K(512K)
[2026-06-17T09:54:13.361+0800][29.609s][info][gc             ] GC(796) Pause Young (Allocation Failure) 51M->38M(61M) 3.153ms
[2026-06-17T09:54:13.361+0800][29.610s][info][gc,cpu         ] GC(796) User=0.00s Sys=0.00s Real=0.00s
[2026-06-17T09:54:13.362+0800][29.610s][info][gc,start       ] GC(797) Pause Initial Mark
[2026-06-17T09:54:13.363+0800][29.611s][info][gc             ] GC(797) Pause Initial Mark 39M->39M(61M) 0.448ms
[2026-06-17T09:54:13.363+0800][29.611s][info][gc,cpu         ] GC(797) User=0.00s Sys=0.00s Real=0.01s
[2026-06-17T09:54:13.363+0800][29.612s][info][gc             ] GC(797) Concurrent Mark
[2026-06-17T09:54:13.364+0800][29.612s][info][gc,task        ] GC(797) Using 2 workers of 5 for marking
[2026-06-17T09:54:13.364+0800][29.613s][info][gc             ] GC(797) Concurrent Mark 1.012ms
[2026-06-17T09:54:13.365+0800][29.613s][info][gc,cpu         ] GC(797) User=0.00s Sys=0.00s Real=0.00s
[2026-06-17T09:54:13.365+0800][29.613s][info][gc             ] GC(797) Concurrent Preclean
[2026-06-17T09:54:13.365+0800][29.613s][info][gc             ] GC(797) Concurrent Preclean 0.177ms
[2026-06-17T09:54:13.365+0800][29.613s][info][gc,cpu         ] GC(797) User=0.00s Sys=0.00s Real=0.00s
[2026-06-17T09:54:13.365+0800][29.613s][info][gc             ] GC(797) Concurrent Abortable Preclean
[2026-06-17T09:54:13.405+0800][29.653s][info][gc,start       ] GC(798) Pause Young (Allocation Failure)
[2026-06-17T09:54:13.439+0800][29.687s][info][gc,task        ] GC(798) Using 2 workers of 18 for evacuation
[2026-06-17T09:54:13.442+0800][29.690s][info][gc,heap        ] GC(798) ParNew: 19642K->2170K(19648K)
[2026-06-17T09:54:13.444+0800][29.692s][info][gc,heap        ] GC(798) CMS: 36802K->41209K(43712K)
[2026-06-17T09:54:13.446+0800][29.694s][info][gc,metaspace   ] GC(798) Metaspace: 3160K(4864K)->3160K(4864K) NonClass: 2855K(4352K)->2855K(4352K) Class: 305K(512K)->305K(512K)
[2026-06-17T09:54:13.448+0800][29.696s][info][gc             ] GC(798) Pause Young (Allocation Failure) 55M->42M(61M) 43.152ms
[2026-06-17T09:54:13.450+0800][29.698s][info][gc,cpu         ] GC(798) User=0.00s Sys=0.00s Real=0.04s
[2026-06-17T09:54:13.452+0800][29.700s][info][gc             ] GC(797) Concurrent Abortable Preclean 86.505ms
[2026-06-17T09:54:13.453+0800][29.701s][info][gc,cpu         ] GC(797) User=0.00s Sys=0.00s Real=0.09s
[2026-06-17T09:54:13.454+0800][29.702s][info][gc,start       ] GC(797) Pause Remark
[2026-06-17T09:54:13.455+0800][29.703s][info][gc             ] GC(797) Pause Remark 44M->44M(61M) 1.323ms
[2026-06-17T09:54:13.455+0800][29.703s][info][gc,cpu         ] GC(797) User=0.00s Sys=0.00s Real=0.00s
[2026-06-17T09:54:13.496+0800][29.744s][info][gc             ] GC(797) Concurrent Sweep
[2026-06-17T09:54:13.496+0800][29.745s][info][gc             ] GC(797) Concurrent Sweep 0.667ms
[2026-06-17T09:54:13.517+0800][29.765s][info][gc,cpu         ] GC(797) User=0.00s Sys=0.00s Real=0.02s
[2026-06-17T09:54:13.517+0800][29.765s][info][gc             ] GC(797) Concurrent Reset
[2026-06-17T09:54:13.538+0800][29.786s][info][gc,start       ] GC(799) Pause Young (Allocation Failure)
[2026-06-17T09:54:13.551+0800][29.799s][info][gc,task        ] GC(799) Using 2 workers of 18 for evacuation
[2026-06-17T09:54:13.552+0800][29.800s][info][gc,heap        ] GC(799) ParNew: 19615K->2172K(19648K)
[2026-06-17T09:54:13.556+0800][29.804s][info][gc,heap        ] GC(799) CMS: 27846K->31620K(43712K)
[2026-06-17T09:54:13.559+0800][29.807s][info][gc,metaspace   ] GC(799) Metaspace: 3160K(4864K)->3160K(4864K) NonClass: 2855K(4352K)->2855K(4352K) Class: 305K(512K)->305K(512K)
[2026-06-17T09:54:13.561+0800][29.809s][info][gc             ] GC(799) Pause Young (Allocation Failure) 46M->33M(61M) 22.536ms
[2026-06-17T09:54:13.562+0800][29.810s][info][gc,cpu         ] GC(799) User=0.01s Sys=0.00s Real=0.02s
[2026-06-17T09:54:13.563+0800][29.812s][info][gc             ] GC(797) Concurrent Reset 46.243ms
[2026-06-17T09:54:13.565+0800][29.813s][info][gc,cpu         ] GC(797) User=0.01s Sys=0.00s Real=0.05s
[2026-06-17T09:54:13.567+0800][29.815s][info][gc,heap        ] GC(797) Old: 36802K->31620K(43712K)
[2026-06-17T09:54:13.605+0800][29.853s][info][gc,start       ] GC(800) Pause Young (Allocation Failure)
[2026-06-17T09:54:13.608+0800][29.856s][info][gc,task        ] GC(800) Using 2 workers of 18 for evacuation
[2026-06-17T09:54:13.611+0800][29.859s][info][gc,heap        ] GC(800) ParNew: 19592K->2170K(19648K)
[2026-06-17T09:54:13.612+0800][29.860s][info][gc,heap        ] GC(800) CMS: 31620K->35596K(43712K)
[2026-06-17T09:54:13.612+0800][29.860s][info][gc,metaspace   ] GC(800) Metaspace: 3160K(4864K)->3160K(4864K) NonClass: 2855K(4352K)->2855K(4352K) Class: 305K(512K)->305K(512K)
[2026-06-17T09:54:13.612+0800][29.861s][info][gc             ] GC(800) Pause Young (Allocation Failure) 50M->36M(61M) 7.148ms
[2026-06-17T09:54:13.614+0800][29.862s][info][gc,cpu         ] GC(800) User=0.00s Sys=0.00s Real=0.01s
[2026-06-17T09:54:13.615+0800][29.863s][info][gc,start       ] GC(801) Pause Initial Mark
[2026-06-17T09:54:13.616+0800][29.864s][info][gc             ] GC(801) Pause Initial Mark 38M->38M(61M) 0.707ms
[2026-06-17T09:54:13.616+0800][29.864s][info][gc,cpu         ] GC(801) User=0.00s Sys=0.00s Real=0.00s
[2026-06-17T09:54:13.617+0800][29.866s][info][gc             ] GC(801) Concurrent Mark
[2026-06-17T09:54:13.618+0800][29.866s][info][gc,task        ] GC(801) Using 2 workers of 5 for marking
[2026-06-17T09:54:13.620+0800][29.868s][info][gc             ] GC(801) Concurrent Mark 2.251ms
[2026-06-17T09:54:13.621+0800][29.869s][info][gc,cpu         ] GC(801) User=0.00s Sys=0.00s Real=0.00s
[2026-06-17T09:54:13.622+0800][29.870s][info][gc             ] GC(801) Concurrent Preclean
[2026-06-17T09:54:13.623+0800][29.871s][info][gc             ] GC(801) Concurrent Preclean 0.945ms
[2026-06-17T09:54:13.623+0800][29.871s][info][gc,cpu         ] GC(801) User=0.00s Sys=0.00s Real=0.01s
[2026-06-17T09:54:13.623+0800][29.871s][info][gc             ] GC(801) Concurrent Abortable Preclean
[2026-06-17T09:54:13.659+0800][29.908s][info][gc,start       ] GC(802) Pause Young (Allocation Failure)
[2026-06-17T09:54:13.660+0800][29.908s][info][gc,task        ] GC(802) Using 2 workers of 18 for evacuation
[2026-06-17T09:54:13.663+0800][29.911s][info][gc,heap        ] GC(802) ParNew: 19633K->2170K(19648K)
[2026-06-17T09:54:13.664+0800][29.912s][info][gc,heap        ] GC(802) CMS: 35596K->41143K(43712K)
[2026-06-17T09:54:13.665+0800][29.913s][info][gc,metaspace   ] GC(802) Metaspace: 3160K(4864K)->3160K(4864K) NonClass: 2855K(4352K)->2855K(4352K) Class: 305K(512K)->305K(512K)
[2026-06-17T09:54:13.667+0800][29.915s][info][gc             ] GC(802) Pause Young (Allocation Failure) 53M->42M(61M) 7.190ms
[2026-06-17T09:54:13.669+0800][29.917s][info][gc,cpu         ] GC(802) User=0.00s Sys=0.00s Real=0.01s
[2026-06-17T09:54:13.671+0800][29.919s][info][gc             ] GC(801) Concurrent Abortable Preclean 47.710ms
[2026-06-17T09:54:13.672+0800][29.920s][info][gc,cpu         ] GC(801) User=0.00s Sys=0.00s Real=0.05s
[2026-06-17T09:54:13.673+0800][29.921s][info][gc,start       ] GC(801) Pause Remark
[2026-06-17T09:54:13.676+0800][29.924s][info][gc             ] GC(801) Pause Remark 42M->42M(61M) 3.320ms
[2026-06-17T09:54:13.676+0800][29.924s][info][gc,cpu         ] GC(801) User=0.00s Sys=0.00s Real=0.00s
[2026-06-17T09:54:13.677+0800][29.925s][info][gc             ] GC(801) Concurrent Sweep
[2026-06-17T09:54:13.677+0800][29.925s][info][gc             ] GC(801) Concurrent Sweep 0.459ms
[2026-06-17T09:54:13.677+0800][29.925s][info][gc,cpu         ] GC(801) User=0.00s Sys=0.00s Real=0.00s
[2026-06-17T09:54:13.678+0800][29.926s][info][gc             ] GC(801) Concurrent Reset
[2026-06-17T09:54:13.678+0800][29.926s][info][gc             ] GC(801) Concurrent Reset 0.172ms
[2026-06-17T09:54:13.678+0800][29.926s][info][gc,cpu         ] GC(801) User=0.00s Sys=0.00s Real=0.00s
[2026-06-17T09:54:13.678+0800][29.926s][info][gc,heap        ] GC(801) Old: 35596K->29352K(43712K)
[2026-06-17T09:54:13.723+0800][29.971s][info][gc,start       ] GC(803) Pause Young (Allocation Failure)
[2026-06-17T09:54:13.724+0800][29.972s][info][gc,task        ] GC(803) Using 2 workers of 18 for evacuation
[2026-06-17T09:54:13.725+0800][29.973s][info][gc,heap        ] GC(803) ParNew: 19587K->2165K(19648K)
[2026-06-17T09:54:13.725+0800][29.973s][info][gc,heap        ] GC(803) CMS: 29352K->31838K(43712K)
[2026-06-17T09:54:13.725+0800][29.973s][info][gc,metaspace   ] GC(803) Metaspace: 3160K(4864K)->3160K(4864K) NonClass: 2855K(4352K)->2855K(4352K) Class: 305K(512K)->305K(512K)
[2026-06-17T09:54:13.725+0800][29.974s][info][gc             ] GC(803) Pause Young (Allocation Failure) 47M->33M(61M) 2.342ms
[2026-06-17T09:54:13.726+0800][29.974s][info][gc,cpu         ] GC(803) User=0.00s Sys=0.00s Real=0.00s
[2026-06-17T09:54:13.726+0800][29.974s][info][gc,start       ] GC(804) Pause Initial Mark
[2026-06-17T09:54:13.726+0800][29.974s][info][gc             ] GC(804) Pause Initial Mark 34M->34M(61M) 0.274ms
[2026-06-17T09:54:13.726+0800][29.975s][info][gc,cpu         ] GC(804) User=0.00s Sys=0.00s Real=0.00s
[2026-06-17T09:54:13.727+0800][29.975s][info][gc             ] GC(804) Concurrent Mark
[2026-06-17T09:54:13.727+0800][29.975s][info][gc,task        ] GC(804) Using 2 workers of 5 for marking
[2026-06-17T09:54:13.728+0800][29.976s][info][gc             ] GC(804) Concurrent Mark 0.979ms
[2026-06-17T09:54:13.728+0800][29.976s][info][gc,cpu         ] GC(804) User=0.00s Sys=0.00s Real=0.00s
[2026-06-17T09:54:13.728+0800][29.977s][info][gc             ] GC(804) Concurrent Preclean
[2026-06-17T09:54:13.729+0800][29.977s][info][gc             ] GC(804) Concurrent Preclean 0.216ms
[2026-06-17T09:54:13.729+0800][29.977s][info][gc,cpu         ] GC(804) User=0.00s Sys=0.00s Real=0.00s
[2026-06-17T09:54:13.729+0800][29.977s][info][gc             ] GC(804) Concurrent Abortable Preclean
[2026-06-17T09:54:13.768+0800][30.017s][info][gc,start       ] GC(805) Pause Young (Allocation Failure)
[2026-06-17T09:54:13.769+0800][30.017s][info][gc,task        ] GC(805) Using 2 workers of 18 for evacuation
[2026-06-17T09:54:13.770+0800][30.018s][info][gc,heap        ] GC(805) ParNew: 19619K->2137K(19648K)
[2026-06-17T09:54:13.770+0800][30.018s][info][gc,heap        ] GC(805) CMS: 31838K->35684K(43712K)
[2026-06-17T09:54:13.770+0800][30.018s][info][gc,metaspace   ] GC(805) Metaspace: 3160K(4864K)->3160K(4864K) NonClass: 2855K(4352K)->2855K(4352K) Class: 305K(512K)->305K(512K)
[2026-06-17T09:54:13.770+0800][30.018s][info][gc             ] GC(805) Pause Young (Allocation Failure) 50M->36M(61M) 1.895ms
[2026-06-17T09:54:13.771+0800][30.019s][info][gc,cpu         ] GC(805) User=0.00s Sys=0.00s Real=0.01s
[2026-06-17T09:54:13.813+0800][30.061s][info][gc,start       ] GC(806) Pause Young (Allocation Failure)
[2026-06-17T09:54:13.817+0800][30.065s][info][gc,task        ] GC(806) Using 2 workers of 18 for evacuation
[2026-06-17T09:54:13.818+0800][30.067s][info][gc,heap        ] GC(806) ParNew: 19548K->2174K(19648K)
[2026-06-17T09:54:13.819+0800][30.067s][info][gc,heap        ] GC(806) CMS: 35684K->39044K(43712K)
[2026-06-17T09:54:13.820+0800][30.068s][info][gc,metaspace   ] GC(806) Metaspace: 3160K(4864K)->3160K(4864K) NonClass: 2855K(4352K)->2855K(4352K) Class: 305K(512K)->305K(512K)
[2026-06-17T09:54:13.820+0800][30.068s][info][gc             ] GC(806) Pause Young (Allocation Failure) 53M->40M(61M) 7.173ms
[2026-06-17T09:54:13.820+0800][30.068s][info][gc,cpu         ] GC(806) User=0.00s Sys=0.00s Real=0.00s
[2026-06-17T09:54:13.863+0800][30.111s][info][gc,start       ] GC(807) Pause Young (Allocation Failure)
[2026-06-17T09:54:13.863+0800][30.111s][info][gc,task        ] GC(807) Using 2 workers of 18 for evacuation
[2026-06-17T09:54:13.864+0800][30.112s][info][gc,heap        ] GC(807) ParNew: 19467K->2152K(19648K)
[2026-06-17T09:54:13.864+0800][30.112s][info][gc,heap        ] GC(807) CMS: 39044K->40406K(43712K)
[2026-06-17T09:54:13.864+0800][30.112s][info][gc,metaspace   ] GC(807) Metaspace: 3160K(4864K)->3160K(4864K) NonClass: 2855K(4352K)->2855K(4352K) Class: 305K(512K)->305K(512K)
[2026-06-17T09:54:13.864+0800][30.113s][info][gc             ] GC(807) Pause Young (Allocation Failure) 57M->41M(61M) 1.588ms
[2026-06-17T09:54:13.865+0800][30.113s][info][gc,cpu         ] GC(807) User=0.00s Sys=0.00s Real=0.00s
[2026-06-17T09:54:13.907+0800][30.155s][info][gc,start       ] GC(808) Pause Young (Allocation Failure)
[2026-06-17T09:54:13.907+0800][30.155s][info][gc,task        ] GC(808) Using 2 workers of 18 for evacuation
[2026-06-17T09:54:13.908+0800][30.156s][info][gc,start       ] GC(809) Pause Full (Allocation Failure)
[2026-06-17T09:54:13.909+0800][30.157s][info][gc             ] GC(804) Concurrent Abortable Preclean 179.610ms
[2026-06-17T09:54:13.909+0800][30.157s][info][gc,cpu         ] GC(804) User=0.00s Sys=0.00s Real=0.18s
[2026-06-17T09:54:13.909+0800][30.157s][info][gc,phases,start] GC(809) Phase 1: Mark live objects
[2026-06-17T09:54:13.910+0800][30.158s][info][gc,phases      ] GC(809) Phase 1: Mark live objects 0.621ms
[2026-06-17T09:54:13.910+0800][30.158s][info][gc,phases,start] GC(809) Phase 2: Compute new object addresses
[2026-06-17T09:54:13.910+0800][30.158s][info][gc,phases      ] GC(809) Phase 2: Compute new object addresses 0.384ms
[2026-06-17T09:54:13.910+0800][30.158s][info][gc,phases,start] GC(809) Phase 3: Adjust pointers
[2026-06-17T09:54:13.911+0800][30.159s][info][gc,phases      ] GC(809) Phase 3: Adjust pointers 0.405ms
[2026-06-17T09:54:13.911+0800][30.159s][info][gc,phases,start] GC(809) Phase 4: Move objects
[2026-06-17T09:54:13.914+0800][30.162s][info][gc,phases      ] GC(809) Phase 4: Move objects 2.838ms
[2026-06-17T09:54:13.914+0800][30.162s][info][gc             ] GC(809) Pause Full (Allocation Failure) 58M->28M(61M) 5.888ms
[2026-06-17T09:54:13.914+0800][30.162s][info][gc,heap        ] GC(808) ParNew: 19624K->0K(19648K)
[2026-06-17T09:54:13.914+0800][30.162s][info][gc,heap        ] GC(808) CMS: 40406K->29335K(43712K)
[2026-06-17T09:54:13.914+0800][30.162s][info][gc,metaspace   ] GC(808) Metaspace: 3160K(4864K)->3160K(4864K) NonClass: 2855K(4352K)->2855K(4352K) Class: 305K(512K)->305K(512K)
[2026-06-17T09:54:13.914+0800][30.163s][info][gc             ] GC(808) Pause Young (Allocation Failure) 58M->28M(61M) 7.845ms
[2026-06-17T09:54:13.915+0800][30.163s][info][gc,cpu         ] GC(808) User=0.00s Sys=0.01s Real=0.01s
[2026-06-17T09:54:13.967+0800][30.215s][info][gc,start       ] GC(810) Pause Young (Allocation Failure)
[2026-06-17T09:54:13.967+0800][30.215s][info][gc,task        ] GC(810) Using 2 workers of 18 for evacuation
[2026-06-17T09:54:13.969+0800][30.217s][info][gc,heap        ] GC(810) ParNew: 17472K->2174K(19648K)
[2026-06-17T09:54:13.969+0800][30.217s][info][gc,heap        ] GC(810) CMS: 29335K->30923K(43712K)
[2026-06-17T09:54:13.969+0800][30.218s][info][gc,metaspace   ] GC(810) Metaspace: 3160K(4864K)->3160K(4864K) NonClass: 2855K(4352K)->2855K(4352K) Class: 305K(512K)->305K(512K)
[2026-06-17T09:54:13.970+0800][30.218s][info][gc             ] GC(810) Pause Young (Allocation Failure) 45M->32M(61M) 3.741ms
[2026-06-17T09:54:13.971+0800][30.219s][info][gc,cpu         ] GC(810) User=0.00s Sys=0.00s Real=0.01s
[2026-06-17T09:54:14.003+0800][30.251s][info][gc,start       ] GC(811) Pause Young (Allocation Failure)
[2026-06-17T09:54:14.003+0800][30.251s][info][gc,task        ] GC(811) Using 2 workers of 18 for evacuation
[2026-06-17T09:54:14.004+0800][30.252s][info][gc,heap        ] GC(811) ParNew: 19522K->2175K(19648K)
[2026-06-17T09:54:14.004+0800][30.253s][info][gc,heap        ] GC(811) CMS: 30923K->34432K(43712K)
[2026-06-17T09:54:14.005+0800][30.253s][info][gc,metaspace   ] GC(811) Metaspace: 3160K(4864K)->3160K(4864K) NonClass: 2855K(4352K)->2855K(4352K) Class: 305K(512K)->305K(512K)
[2026-06-17T09:54:14.005+0800][30.253s][info][gc             ] GC(811) Pause Young (Allocation Failure) 49M->35M(61M) 2.212ms
[2026-06-17T09:54:14.005+0800][30.253s][info][gc,cpu         ] GC(811) User=0.00s Sys=0.00s Real=0.00s
[2026-06-17T09:54:14.006+0800][30.254s][info][gc,start       ] GC(812) Pause Initial Mark
[2026-06-17T09:54:14.006+0800][30.254s][info][gc             ] GC(812) Pause Initial Mark 36M->36M(61M) 0.441ms
[2026-06-17T09:54:14.007+0800][30.255s][info][gc,cpu         ] GC(812) User=0.00s Sys=0.00s Real=0.00s
[2026-06-17T09:54:14.007+0800][30.255s][info][gc             ] GC(812) Concurrent Mark
[2026-06-17T09:54:14.007+0800][30.255s][info][gc,task        ] GC(812) Using 2 workers of 5 for marking
[2026-06-17T09:54:14.008+0800][30.256s][info][gc             ] GC(812) Concurrent Mark 0.889ms
[2026-06-17T09:54:14.008+0800][30.256s][info][gc,cpu         ] GC(812) User=0.00s Sys=0.00s Real=0.00s
[2026-06-17T09:54:14.008+0800][30.256s][info][gc             ] GC(812) Concurrent Preclean
[2026-06-17T09:54:14.008+0800][30.256s][info][gc             ] GC(812) Concurrent Preclean 0.204ms
[2026-06-17T09:54:14.008+0800][30.257s][info][gc,cpu         ] GC(812) User=0.00s Sys=0.00s Real=0.00s
[2026-06-17T09:54:14.009+0800][30.257s][info][gc,start       ] GC(812) Pause Remark
[2026-06-17T09:54:14.009+0800][30.257s][info][gc             ] GC(812) Pause Remark 36M->36M(61M) 0.478ms
[2026-06-17T09:54:14.009+0800][30.258s][info][gc,cpu         ] GC(812) User=0.00s Sys=0.00s Real=0.00s
[2026-06-17T09:54:14.010+0800][30.258s][info][gc             ] GC(812) Concurrent Sweep
[2026-06-17T09:54:14.010+0800][30.258s][info][gc             ] GC(812) Concurrent Sweep 0.376ms
[2026-06-17T09:54:14.010+0800][30.259s][info][gc,cpu         ] GC(812) User=0.00s Sys=0.00s Real=0.01s
[2026-06-17T09:54:14.011+0800][30.259s][info][gc             ] GC(812) Concurrent Reset
[2026-06-17T09:54:14.011+0800][30.259s][info][gc             ] GC(812) Concurrent Reset 0.116ms
[2026-06-17T09:54:14.011+0800][30.259s][info][gc,cpu         ] GC(812) User=0.00s Sys=0.00s Real=0.00s
[2026-06-17T09:54:14.011+0800][30.259s][info][gc,heap        ] GC(812) Old: 34432K->22064K(43712K)
[2026-06-17T09:54:14.058+0800][30.306s][info][gc,start       ] GC(813) Pause Young (Allocation Failure)
[2026-06-17T09:54:14.058+0800][30.306s][info][gc,task        ] GC(813) Using 2 workers of 18 for evacuation
[2026-06-17T09:54:14.059+0800][30.307s][info][gc,heap        ] GC(813) ParNew: 19647K->2172K(19648K)
[2026-06-17T09:54:14.059+0800][30.307s][info][gc,heap        ] GC(813) CMS: 22064K->25542K(43712K)
[2026-06-17T09:54:14.059+0800][30.308s][info][gc,metaspace   ] GC(813) Metaspace: 3160K(4864K)->3160K(4864K) NonClass: 2855K(4352K)->2855K(4352K) Class: 305K(512K)->305K(512K)
[2026-06-17T09:54:14.060+0800][30.308s][info][gc             ] GC(813) Pause Young (Allocation Failure) 40M->27M(61M) 1.953ms
[2026-06-17T09:54:14.060+0800][30.308s][info][gc,cpu         ] GC(813) User=0.00s Sys=0.00s Real=0.00s
[2026-06-17T09:54:14.102+0800][30.350s][info][gc,start       ] GC(814) Pause Young (Allocation Failure)
[2026-06-17T09:54:14.102+0800][30.351s][info][gc,task        ] GC(814) Using 2 workers of 18 for evacuation
[2026-06-17T09:54:14.103+0800][30.351s][info][gc,heap        ] GC(814) ParNew: 19644K->2168K(19648K)
[2026-06-17T09:54:14.104+0800][30.352s][info][gc,heap        ] GC(814) CMS: 25542K->29040K(43712K)
[2026-06-17T09:54:14.104+0800][30.352s][info][gc,metaspace   ] GC(814) Metaspace: 3160K(4864K)->3160K(4864K) NonClass: 2855K(4352K)->2855K(4352K) Class: 305K(512K)->305K(512K)
[2026-06-17T09:54:14.104+0800][30.352s][info][gc             ] GC(814) Pause Young (Allocation Failure) 44M->30M(61M) 2.044ms
[2026-06-17T09:54:14.104+0800][30.352s][info][gc,cpu         ] GC(814) User=0.01s Sys=0.00s Real=0.01s
[2026-06-17T09:54:14.146+0800][30.394s][info][gc,start       ] GC(815) Pause Young (Allocation Failure)
[2026-06-17T09:54:14.146+0800][30.395s][info][gc,task        ] GC(815) Using 2 workers of 18 for evacuation
[2026-06-17T09:54:14.148+0800][30.396s][info][gc,heap        ] GC(815) ParNew: 19628K->2174K(19648K)
[2026-06-17T09:54:14.148+0800][30.396s][info][gc,heap        ] GC(815) CMS: 29040K->34675K(43712K)
[2026-06-17T09:54:14.148+0800][30.396s][info][gc,metaspace   ] GC(815) Metaspace: 3160K(4864K)->3160K(4864K) NonClass: 2855K(4352K)->2855K(4352K) Class: 305K(512K)->305K(512K)
[2026-06-17T09:54:14.148+0800][30.396s][info][gc             ] GC(815) Pause Young (Allocation Failure) 47M->35M(61M) 2.125ms
[2026-06-17T09:54:14.148+0800][30.396s][info][gc,cpu         ] GC(815) User=0.00s Sys=0.00s Real=0.00s
[2026-06-17T09:54:14.149+0800][30.397s][info][gc,start       ] GC(816) Pause Initial Mark
[2026-06-17T09:54:14.149+0800][30.397s][info][gc             ] GC(816) Pause Initial Mark 37M->37M(61M) 0.381ms
[2026-06-17T09:54:14.149+0800][30.398s][info][gc,cpu         ] GC(816) User=0.00s Sys=0.00s Real=0.00s
[2026-06-17T09:54:14.150+0800][30.398s][info][gc             ] GC(816) Concurrent Mark
[2026-06-17T09:54:14.150+0800][30.398s][info][gc,task        ] GC(816) Using 2 workers of 5 for marking
[2026-06-17T09:54:14.151+0800][30.399s][info][gc             ] GC(816) Concurrent Mark 0.993ms
[2026-06-17T09:54:14.151+0800][30.399s][info][gc,cpu         ] GC(816) User=0.00s Sys=0.00s Real=0.01s
[2026-06-17T09:54:14.151+0800][30.400s][info][gc             ] GC(816) Concurrent Preclean
[2026-06-17T09:54:14.152+0800][30.400s][info][gc             ] GC(816) Concurrent Preclean 0.171ms
[2026-06-17T09:54:14.152+0800][30.400s][info][gc,cpu         ] GC(816) User=0.00s Sys=0.00s Real=0.00s
[2026-06-17T09:54:14.152+0800][30.400s][info][gc,start       ] GC(816) Pause Remark
[2026-06-17T09:54:14.153+0800][30.401s][info][gc             ] GC(816) Pause Remark 37M->37M(61M) 0.757ms
[2026-06-17T09:54:14.153+0800][30.402s][info][gc,cpu         ] GC(816) User=0.00s Sys=0.00s Real=0.00s
[2026-06-17T09:54:14.154+0800][30.402s][info][gc             ] GC(816) Concurrent Sweep
[2026-06-17T09:54:14.154+0800][30.402s][info][gc             ] GC(816) Concurrent Sweep 0.322ms
[2026-06-17T09:54:14.154+0800][30.402s][info][gc,cpu         ] GC(816) User=0.00s Sys=0.00s Real=0.00s
[2026-06-17T09:54:14.154+0800][30.403s][info][gc             ] GC(816) Concurrent Reset
[2026-06-17T09:54:14.155+0800][30.403s][info][gc             ] GC(816) Concurrent Reset 0.199ms
[2026-06-17T09:54:14.155+0800][30.403s][info][gc,cpu         ] GC(816) User=0.00s Sys=0.00s Real=0.00s
[2026-06-17T09:54:14.155+0800][30.403s][info][gc,heap        ] GC(816) Old: 34675K->23132K(43712K)
[2026-06-17T09:54:14.190+0800][30.438s][info][gc,start       ] GC(817) Pause Young (Allocation Failure)
[2026-06-17T09:54:14.191+0800][30.439s][info][gc,task        ] GC(817) Using 2 workers of 18 for evacuation
[2026-06-17T09:54:14.192+0800][30.440s][info][gc,heap        ] GC(817) ParNew: 19646K->2168K(19648K)
[2026-06-17T09:54:14.192+0800][30.440s][info][gc,heap        ] GC(817) CMS: 23132K->27056K(43712K)
[2026-06-17T09:54:14.192+0800][30.441s][info][gc,metaspace   ] GC(817) Metaspace: 3160K(4864K)->3160K(4864K) NonClass: 2855K(4352K)->2855K(4352K) Class: 305K(512K)->305K(512K)
[2026-06-17T09:54:14.193+0800][30.441s][info][gc             ] GC(817) Pause Young (Allocation Failure) 41M->28M(61M) 2.505ms
[2026-06-17T09:54:14.193+0800][30.441s][info][gc,cpu         ] GC(817) User=0.00s Sys=0.00s Real=0.01s
[2026-06-17T09:54:14.235+0800][30.483s][info][gc,start       ] GC(818) Pause Young (Allocation Failure)
[2026-06-17T09:54:14.236+0800][30.484s][info][gc,task        ] GC(818) Using 2 workers of 18 for evacuation
[2026-06-17T09:54:14.236+0800][30.484s][info][gc,heap        ] GC(818) ParNew: 19550K->2163K(19648K)
[2026-06-17T09:54:14.237+0800][30.485s][info][gc,heap        ] GC(818) CMS: 27056K->28646K(43712K)
[2026-06-17T09:54:14.237+0800][30.485s][info][gc,metaspace   ] GC(818) Metaspace: 3160K(4864K)->3160K(4864K) NonClass: 2855K(4352K)->2855K(4352K) Class: 305K(512K)->305K(512K)
[2026-06-17T09:54:14.237+0800][30.485s][info][gc             ] GC(818) Pause Young (Allocation Failure) 45M->30M(61M) 2.133ms
[2026-06-17T09:54:14.238+0800][30.486s][info][gc,cpu         ] GC(818) User=0.00s Sys=0.00s Real=0.00s
[2026-06-17T09:54:14.280+0800][30.528s][info][gc,start       ] GC(819) Pause Young (Allocation Failure)
[2026-06-17T09:54:14.280+0800][30.529s][info][gc,task        ] GC(819) Using 2 workers of 18 for evacuation
[2026-06-17T09:54:14.281+0800][30.529s][info][gc,heap        ] GC(819) ParNew: 19335K->2107K(19648K)
[2026-06-17T09:54:14.282+0800][30.530s][info][gc,heap        ] GC(819) CMS: 28646K->31957K(43712K)
[2026-06-17T09:54:14.282+0800][30.530s][info][gc,metaspace   ] GC(819) Metaspace: 3160K(4864K)->3160K(4864K) NonClass: 2855K(4352K)->2855K(4352K) Class: 305K(512K)->305K(512K)
[2026-06-17T09:54:14.283+0800][30.531s][info][gc             ] GC(819) Pause Young (Allocation Failure) 46M->33M(61M) 2.743ms
[2026-06-17T09:54:14.284+0800][30.532s][info][gc,cpu         ] GC(819) User=0.00s Sys=0.00s Real=0.01s
[2026-06-17T09:54:14.336+0800][30.584s][info][gc,start       ] GC(820) Pause Young (Allocation Failure)
[2026-06-17T09:54:14.340+0800][30.589s][info][gc,task        ] GC(820) Using 2 workers of 18 for evacuation
[2026-06-17T09:54:14.342+0800][30.590s][info][gc,heap        ] GC(820) ParNew: 19529K->2174K(19648K)
[2026-06-17T09:54:14.343+0800][30.592s][info][gc,heap        ] GC(820) CMS: 31957K->35705K(43712K)
[2026-06-17T09:54:14.344+0800][30.592s][info][gc,metaspace   ] GC(820) Metaspace: 3160K(4864K)->3160K(4864K) NonClass: 2855K(4352K)->2855K(4352K) Class: 305K(512K)->305K(512K)
[2026-06-17T09:54:14.344+0800][30.592s][info][gc             ] GC(820) Pause Young (Allocation Failure) 50M->36M(61M) 7.924ms
[2026-06-17T09:54:14.344+0800][30.592s][info][gc,cpu         ] GC(820) User=0.00s Sys=0.00s Real=0.01s
[2026-06-17T09:54:14.345+0800][30.593s][info][gc,start       ] GC(821) Pause Initial Mark
[2026-06-17T09:54:14.345+0800][30.594s][info][gc             ] GC(821) Pause Initial Mark 38M->38M(61M) 0.519ms
[2026-06-17T09:54:14.346+0800][30.594s][info][gc,cpu         ] GC(821) User=0.00s Sys=0.00s Real=0.00s
[2026-06-17T09:54:14.346+0800][30.594s][info][gc             ] GC(821) Concurrent Mark
[2026-06-17T09:54:14.347+0800][30.595s][info][gc,task        ] GC(821) Using 2 workers of 5 for marking
[2026-06-17T09:54:14.347+0800][30.595s][info][gc             ] GC(821) Concurrent Mark 1.201ms
[2026-06-17T09:54:14.347+0800][30.596s][info][gc,cpu         ] GC(821) User=0.00s Sys=0.00s Real=0.00s
[2026-06-17T09:54:14.348+0800][30.596s][info][gc             ] GC(821) Concurrent Preclean
[2026-06-17T09:54:14.348+0800][30.596s][info][gc             ] GC(821) Concurrent Preclean 0.207ms
[2026-06-17T09:54:14.348+0800][30.596s][info][gc,cpu         ] GC(821) User=0.00s Sys=0.00s Real=0.00s
[2026-06-17T09:54:14.348+0800][30.596s][info][gc             ] GC(821) Concurrent Abortable Preclean
[2026-06-17T09:54:14.388+0800][30.636s][info][gc,start       ] GC(822) Pause Young (Allocation Failure)
[2026-06-17T09:54:14.388+0800][30.636s][info][gc,task        ] GC(822) Using 2 workers of 18 for evacuation
[2026-06-17T09:54:14.389+0800][30.637s][info][gc,heap        ] GC(822) ParNew: 19641K->2137K(19648K)
[2026-06-17T09:54:14.389+0800][30.637s][info][gc,heap        ] GC(822) CMS: 35705K->39381K(43712K)
[2026-06-17T09:54:14.390+0800][30.638s][info][gc,metaspace   ] GC(822) Metaspace: 3160K(4864K)->3160K(4864K) NonClass: 2855K(4352K)->2855K(4352K) Class: 305K(512K)->305K(512K)
[2026-06-17T09:54:14.390+0800][30.638s][info][gc             ] GC(822) Pause Young (Allocation Failure) 54M->40M(61M) 1.877ms
[2026-06-17T09:54:14.390+0800][30.638s][info][gc,cpu         ] GC(822) User=0.00s Sys=0.00s Real=0.00s
[2026-06-17T09:54:14.432+0800][30.680s][info][gc,start       ] GC(823) Pause Young (Allocation Failure)
[2026-06-17T09:54:14.433+0800][30.681s][info][gc,task        ] GC(823) Using 2 workers of 18 for evacuation
[2026-06-17T09:54:14.433+0800][30.681s][info][gc,start       ] GC(824) Pause Full (Allocation Failure)
[2026-06-17T09:54:14.433+0800][30.682s][info][gc             ] GC(821) Concurrent Abortable Preclean 85.062ms
[2026-06-17T09:54:14.434+0800][30.682s][info][gc,cpu         ] GC(821) User=0.01s Sys=0.00s Real=0.09s
[2026-06-17T09:54:14.434+0800][30.682s][info][gc,phases,start] GC(824) Phase 1: Mark live objects
[2026-06-17T09:54:14.435+0800][30.683s][info][gc,phases      ] GC(824) Phase 1: Mark live objects 0.956ms
[2026-06-17T09:54:14.436+0800][30.684s][info][gc,phases,start] GC(824) Phase 2: Compute new object addresses
[2026-06-17T09:54:14.437+0800][30.685s][info][gc,phases      ] GC(824) Phase 2: Compute new object addresses 1.075ms
[2026-06-17T09:54:14.437+0800][30.685s][info][gc,phases,start] GC(824) Phase 3: Adjust pointers
[2026-06-17T09:54:14.437+0800][30.686s][info][gc,phases      ] GC(824) Phase 3: Adjust pointers 0.467ms
[2026-06-17T09:54:14.438+0800][30.686s][info][gc,phases,start] GC(824) Phase 4: Move objects
[2026-06-17T09:54:14.440+0800][30.689s][info][gc,phases      ] GC(824) Phase 4: Move objects 2.722ms
[2026-06-17T09:54:14.441+0800][30.689s][info][gc             ] GC(824) Pause Full (Allocation Failure) 57M->32M(61M) 8.024ms
[2026-06-17T09:54:14.441+0800][30.690s][info][gc,heap        ] GC(823) ParNew: 19600K->0K(19648K)
[2026-06-17T09:54:14.442+0800][30.690s][info][gc,heap        ] GC(823) CMS: 39381K->32819K(43712K)
[2026-06-17T09:54:14.442+0800][30.690s][info][gc,metaspace   ] GC(823) Metaspace: 3160K(4864K)->3160K(4864K) NonClass: 2855K(4352K)->2855K(4352K) Class: 305K(512K)->305K(512K)
[2026-06-17T09:54:14.442+0800][30.691s][info][gc             ] GC(823) Pause Young (Allocation Failure) 57M->32M(61M) 10.322ms
[2026-06-17T09:54:14.443+0800][30.691s][info][gc,cpu         ] GC(823) User=0.00s Sys=0.00s Real=0.01s
[2026-06-17T09:54:14.485+0800][30.733s][info][gc,start       ] GC(825) Pause Young (Allocation Failure)
[2026-06-17T09:54:14.485+0800][30.733s][info][gc,task        ] GC(825) Using 2 workers of 18 for evacuation
[2026-06-17T09:54:14.486+0800][30.734s][info][gc,heap        ] GC(825) ParNew: 17472K->2170K(19648K)
[2026-06-17T09:54:14.486+0800][30.734s][info][gc,heap        ] GC(825) CMS: 32819K->34387K(43712K)
[2026-06-17T09:54:14.486+0800][30.734s][info][gc,metaspace   ] GC(825) Metaspace: 3160K(4864K)->3160K(4864K) NonClass: 2855K(4352K)->2855K(4352K) Class: 305K(512K)->305K(512K)
[2026-06-17T09:54:14.486+0800][30.734s][info][gc             ] GC(825) Pause Young (Allocation Failure) 49M->35M(61M) 1.780ms
[2026-06-17T09:54:14.487+0800][30.735s][info][gc,cpu         ] GC(825) User=0.00s Sys=0.00s Real=0.00s
[2026-06-17T09:54:14.528+0800][30.777s][info][gc,start       ] GC(826) Pause Young (Allocation Failure)
[2026-06-17T09:54:14.529+0800][30.777s][info][gc,task        ] GC(826) Using 2 workers of 18 for evacuation
[2026-06-17T09:54:14.530+0800][30.778s][info][gc,heap        ] GC(826) ParNew: 19642K->2172K(19648K)
[2026-06-17T09:54:14.531+0800][30.779s][info][gc,heap        ] GC(826) CMS: 34387K->41184K(43712K)
[2026-06-17T09:54:14.531+0800][30.779s][info][gc,metaspace   ] GC(826) Metaspace: 3160K(4864K)->3160K(4864K) NonClass: 2855K(4352K)->2855K(4352K) Class: 305K(512K)->305K(512K)
[2026-06-17T09:54:14.531+0800][30.779s][info][gc             ] GC(826) Pause Young (Allocation Failure) 52M->42M(61M) 2.690ms
[2026-06-17T09:54:14.531+0800][30.780s][info][gc,cpu         ] GC(826) User=0.01s Sys=0.00s Real=0.01s
[2026-06-17T09:54:14.532+0800][30.780s][info][gc,start       ] GC(827) Pause Initial Mark
[2026-06-17T09:54:14.532+0800][30.781s][info][gc             ] GC(827) Pause Initial Mark 44M->44M(61M) 0.458ms
[2026-06-17T09:54:14.533+0800][30.781s][info][gc,cpu         ] GC(827) User=0.00s Sys=0.00s Real=0.00s
[2026-06-17T09:54:14.533+0800][30.781s][info][gc             ] GC(827) Concurrent Mark
[2026-06-17T09:54:14.533+0800][30.781s][info][gc,task        ] GC(827) Using 2 workers of 5 for marking
[2026-06-17T09:54:14.534+0800][30.782s][info][gc             ] GC(827) Concurrent Mark 1.104ms
[2026-06-17T09:54:14.535+0800][30.783s][info][gc,cpu         ] GC(827) User=0.00s Sys=0.00s Real=0.00s
[2026-06-17T09:54:14.535+0800][30.783s][info][gc             ] GC(827) Concurrent Preclean
[2026-06-17T09:54:14.535+0800][30.784s][info][gc             ] GC(827) Concurrent Preclean 0.327ms
[2026-06-17T09:54:14.536+0800][30.784s][info][gc,cpu         ] GC(827) User=0.00s Sys=0.00s Real=0.00s
[2026-06-17T09:54:14.536+0800][30.784s][info][gc,start       ] GC(827) Pause Remark
[2026-06-17T09:54:14.537+0800][30.785s][info][gc             ] GC(827) Pause Remark 44M->44M(61M) 0.705ms
[2026-06-17T09:54:14.537+0800][30.785s][info][gc,cpu         ] GC(827) User=0.00s Sys=0.00s Real=0.00s
[2026-06-17T09:54:14.538+0800][30.786s][info][gc             ] GC(827) Concurrent Sweep
[2026-06-17T09:54:14.538+0800][30.786s][info][gc             ] GC(827) Concurrent Sweep 0.379ms
[2026-06-17T09:54:14.538+0800][30.787s][info][gc,cpu         ] GC(827) User=0.00s Sys=0.00s Real=0.00s
[2026-06-17T09:54:14.539+0800][30.787s][info][gc             ] GC(827) Concurrent Reset
[2026-06-17T09:54:14.539+0800][30.787s][info][gc             ] GC(827) Concurrent Reset 0.351ms
[2026-06-17T09:54:14.540+0800][30.788s][info][gc,cpu         ] GC(827) User=0.00s Sys=0.00s Real=0.00s
[2026-06-17T09:54:14.540+0800][30.788s][info][gc,heap        ] GC(827) Old: 41184K->27907K(43712K)
[2026-06-17T09:54:14.585+0800][30.833s][info][gc,start       ] GC(828) Pause Young (Allocation Failure)
[2026-06-17T09:54:14.585+0800][30.833s][info][gc,task        ] GC(828) Using 2 workers of 18 for evacuation
[2026-06-17T09:54:14.586+0800][30.834s][info][gc,heap        ] GC(828) ParNew: 19644K->1891K(19648K)
[2026-06-17T09:54:14.586+0800][30.834s][info][gc,heap        ] GC(828) CMS: 27907K->29342K(43712K)
[2026-06-17T09:54:14.586+0800][30.835s][info][gc,metaspace   ] GC(828) Metaspace: 3160K(4864K)->3160K(4864K) NonClass: 2855K(4352K)->2855K(4352K) Class: 305K(512K)->305K(512K)
[2026-06-17T09:54:14.587+0800][30.835s][info][gc             ] GC(828) Pause Young (Allocation Failure) 46M->30M(61M) 2.030ms
[2026-06-17T09:54:14.587+0800][30.835s][info][gc,cpu         ] GC(828) User=0.00s Sys=0.00s Real=0.00s
[2026-06-17T09:54:14.629+0800][30.877s][info][gc,start       ] GC(829) Pause Young (Allocation Failure)
[2026-06-17T09:54:14.629+0800][30.877s][info][gc,task        ] GC(829) Using 2 workers of 18 for evacuation
[2026-06-17T09:54:14.630+0800][30.878s][info][gc,heap        ] GC(829) ParNew: 19363K->2121K(19648K)
[2026-06-17T09:54:14.630+0800][30.879s][info][gc,heap        ] GC(829) CMS: 29342K->33153K(43712K)
[2026-06-17T09:54:14.631+0800][30.879s][info][gc,metaspace   ] GC(829) Metaspace: 3160K(4864K)->3160K(4864K) NonClass: 2855K(4352K)->2855K(4352K) Class: 305K(512K)->305K(512K)
[2026-06-17T09:54:14.631+0800][30.879s][info][gc             ] GC(829) Pause Young (Allocation Failure) 47M->34M(61M) 2.073ms
[2026-06-17T09:54:14.631+0800][30.879s][info][gc,cpu         ] GC(829) User=0.00s Sys=0.00s Real=0.01s
[2026-06-17T09:54:14.631+0800][30.880s][info][gc,start       ] GC(830) Pause Initial Mark
[2026-06-17T09:54:14.632+0800][30.880s][info][gc             ] GC(830) Pause Initial Mark 34M->34M(61M) 0.251ms
[2026-06-17T09:54:14.632+0800][30.880s][info][gc,cpu         ] GC(830) User=0.00s Sys=0.00s Real=0.00s
[2026-06-17T09:54:14.632+0800][30.880s][info][gc             ] GC(830) Concurrent Mark
[2026-06-17T09:54:14.632+0800][30.880s][info][gc,task        ] GC(830) Using 2 workers of 5 for marking
[2026-06-17T09:54:14.633+0800][30.881s][info][gc             ] GC(830) Concurrent Mark 0.850ms
[2026-06-17T09:54:14.633+0800][30.881s][info][gc,cpu         ] GC(830) User=0.00s Sys=0.00s Real=0.00s
[2026-06-17T09:54:14.633+0800][30.881s][info][gc             ] GC(830) Concurrent Preclean
[2026-06-17T09:54:14.633+0800][30.882s][info][gc             ] GC(830) Concurrent Preclean 0.185ms
[2026-06-17T09:54:14.634+0800][30.882s][info][gc,cpu         ] GC(830) User=0.00s Sys=0.00s Real=0.00s
[2026-06-17T09:54:14.634+0800][30.882s][info][gc             ] GC(830) Concurrent Abortable Preclean
[2026-06-17T09:54:14.674+0800][30.922s][info][gc,start       ] GC(831) Pause Young (Allocation Failure)
[2026-06-17T09:54:14.674+0800][30.922s][info][gc,task        ] GC(831) Using 2 workers of 18 for evacuation
[2026-06-17T09:54:14.675+0800][30.923s][info][gc,heap        ] GC(831) ParNew: 19593K->2175K(19648K)
[2026-06-17T09:54:14.675+0800][30.923s][info][gc,heap        ] GC(831) CMS: 33153K->37128K(43712K)
[2026-06-17T09:54:14.675+0800][30.923s][info][gc,metaspace   ] GC(831) Metaspace: 3160K(4864K)->3160K(4864K) NonClass: 2855K(4352K)->2855K(4352K) Class: 305K(512K)->305K(512K)
[2026-06-17T09:54:14.675+0800][30.924s][info][gc             ] GC(831) Pause Young (Allocation Failure) 51M->38M(61M) 1.771ms
[2026-06-17T09:54:14.676+0800][30.924s][info][gc,cpu         ] GC(831) User=0.01s Sys=0.00s Real=0.00s
[2026-06-17T09:54:14.717+0800][30.966s][info][gc,start       ] GC(832) Pause Young (Allocation Failure)
[2026-06-17T09:54:14.718+0800][30.966s][info][gc,task        ] GC(832) Using 2 workers of 18 for evacuation
[2026-06-17T09:54:14.719+0800][30.968s][info][gc,heap        ] GC(832) ParNew: 19647K->2170K(19648K)
[2026-06-17T09:54:14.720+0800][30.968s][info][gc,heap        ] GC(832) CMS: 37128K->41977K(43712K)
[2026-06-17T09:54:14.720+0800][30.968s][info][gc,metaspace   ] GC(832) Metaspace: 3160K(4864K)->3160K(4864K) NonClass: 2855K(4352K)->2855K(4352K) Class: 305K(512K)->305K(512K)
[2026-06-17T09:54:14.720+0800][30.969s][info][gc             ] GC(832) Pause Young (Allocation Failure) 55M->43M(61M) 2.958ms
[2026-06-17T09:54:14.721+0800][30.969s][info][gc,cpu         ] GC(832) User=0.00s Sys=0.00s Real=0.00s
[2026-06-17T09:54:14.721+0800][30.970s][info][gc             ] GC(830) Concurrent Abortable Preclean 87.300ms
[2026-06-17T09:54:14.722+0800][30.970s][info][gc,cpu         ] GC(830) User=0.01s Sys=0.00s Real=0.08s
[2026-06-17T09:54:14.722+0800][30.970s][info][gc,start       ] GC(830) Pause Remark
[2026-06-17T09:54:14.723+0800][30.971s][info][gc             ] GC(830) Pause Remark 45M->45M(61M) 1.139ms
[2026-06-17T09:54:14.723+0800][30.971s][info][gc,cpu         ] GC(830) User=0.00s Sys=0.00s Real=0.01s
[2026-06-17T09:54:14.724+0800][30.972s][info][gc             ] GC(830) Concurrent Sweep
[2026-06-17T09:54:14.724+0800][30.972s][info][gc             ] GC(830) Concurrent Sweep 0.358ms
[2026-06-17T09:54:14.725+0800][30.973s][info][gc,cpu         ] GC(830) User=0.00s Sys=0.00s Real=0.00s
[2026-06-17T09:54:14.725+0800][30.974s][info][gc             ] GC(830) Concurrent Reset
[2026-06-17T09:54:14.726+0800][30.974s][info][gc             ] GC(830) Concurrent Reset 0.492ms
[2026-06-17T09:54:14.726+0800][30.974s][info][gc,cpu         ] GC(830) User=0.00s Sys=0.00s Real=0.00s
[2026-06-17T09:54:14.727+0800][30.975s][info][gc,heap        ] GC(830) Old: 33153K->31397K(43712K)
[2026-06-17T09:54:14.763+0800][31.011s][info][gc,start       ] GC(833) Pause Young (Allocation Failure)
[2026-06-17T09:54:14.763+0800][31.012s][info][gc,task        ] GC(833) Using 2 workers of 18 for evacuation
[2026-06-17T09:54:14.765+0800][31.013s][info][gc,heap        ] GC(833) ParNew: 19622K->2175K(19648K)
[2026-06-17T09:54:14.765+0800][31.013s][info][gc,heap        ] GC(833) CMS: 31397K->37409K(43712K)
[2026-06-17T09:54:14.765+0800][31.013s][info][gc,metaspace   ] GC(833) Metaspace: 3160K(4864K)->3160K(4864K) NonClass: 2855K(4352K)->2855K(4352K) Class: 305K(512K)->305K(512K)
[2026-06-17T09:54:14.765+0800][31.013s][info][gc             ] GC(833) Pause Young (Allocation Failure) 49M->38M(61M) 2.389ms
[2026-06-17T09:54:14.765+0800][31.014s][info][gc,cpu         ] GC(833) User=0.00s Sys=0.00s Real=0.00s
[2026-06-17T09:54:14.766+0800][31.014s][info][gc,start       ] GC(834) Pause Initial Mark
[2026-06-17T09:54:14.766+0800][31.014s][info][gc             ] GC(834) Pause Initial Mark 39M->39M(61M) 0.215ms
[2026-06-17T09:54:14.766+0800][31.014s][info][gc,cpu         ] GC(834) User=0.00s Sys=0.00s Real=0.00s
[2026-06-17T09:54:14.766+0800][31.014s][info][gc             ] GC(834) Concurrent Mark
[2026-06-17T09:54:14.766+0800][31.015s][info][gc,task        ] GC(834) Using 2 workers of 5 for marking
[2026-06-17T09:54:14.767+0800][31.015s][info][gc             ] GC(834) Concurrent Mark 0.895ms
[2026-06-17T09:54:14.767+0800][31.015s][info][gc,cpu         ] GC(834) User=0.00s Sys=0.00s Real=0.00s
[2026-06-17T09:54:14.767+0800][31.016s][info][gc             ] GC(834) Concurrent Preclean
[2026-06-17T09:54:14.768+0800][31.016s][info][gc             ] GC(834) Concurrent Preclean 0.157ms
[2026-06-17T09:54:14.768+0800][31.016s][info][gc,cpu         ] GC(834) User=0.00s Sys=0.00s Real=0.00s
[2026-06-17T09:54:14.768+0800][31.016s][info][gc,start       ] GC(834) Pause Remark
[2026-06-17T09:54:14.768+0800][31.016s][info][gc             ] GC(834) Pause Remark 40M->40M(61M) 0.526ms
[2026-06-17T09:54:14.768+0800][31.017s][info][gc,cpu         ] GC(834) User=0.00s Sys=0.00s Real=0.00s
[2026-06-17T09:54:14.769+0800][31.017s][info][gc             ] GC(834) Concurrent Sweep
[2026-06-17T09:54:14.769+0800][31.017s][info][gc             ] GC(834) Concurrent Sweep 0.235ms
[2026-06-17T09:54:14.769+0800][31.017s][info][gc,cpu         ] GC(834) User=0.00s Sys=0.00s Real=0.00s
[2026-06-17T09:54:14.769+0800][31.017s][info][gc             ] GC(834) Concurrent Reset
[2026-06-17T09:54:14.769+0800][31.017s][info][gc             ] GC(834) Concurrent Reset 0.117ms
[2026-06-17T09:54:14.769+0800][31.017s][info][gc,cpu         ] GC(834) User=0.00s Sys=0.00s Real=0.00s
[2026-06-17T09:54:14.769+0800][31.017s][info][gc,heap        ] GC(834) Old: 37409K->27243K(43712K)
[2026-06-17T09:54:14.818+0800][31.066s][info][gc,start       ] GC(835) Pause Young (Allocation Failure)
[2026-06-17T09:54:14.819+0800][31.067s][info][gc,task        ] GC(835) Using 2 workers of 18 for evacuation
[2026-06-17T09:54:14.819+0800][31.067s][info][gc,heap        ] GC(835) ParNew: 19627K->2034K(19648K)
[2026-06-17T09:54:14.820+0800][31.068s][info][gc,heap        ] GC(835) CMS: 27243K->28259K(43712K)
[2026-06-17T09:54:14.820+0800][31.068s][info][gc,metaspace   ] GC(835) Metaspace: 3160K(4864K)->3160K(4864K) NonClass: 2855K(4352K)->2855K(4352K) Class: 305K(512K)->305K(512K)
[2026-06-17T09:54:14.821+0800][31.069s][info][gc             ] GC(835) Pause Young (Allocation Failure) 45M->29M(61M) 2.389ms
[2026-06-17T09:54:14.821+0800][31.069s][info][gc,cpu         ] GC(835) User=0.00s Sys=0.00s Real=0.00s
[2026-06-17T09:54:14.853+0800][31.101s][info][gc,start       ] GC(836) Pause Young (Allocation Failure)
[2026-06-17T09:54:14.853+0800][31.101s][info][gc,task        ] GC(836) Using 2 workers of 18 for evacuation
[2026-06-17T09:54:14.854+0800][31.102s][info][gc,heap        ] GC(836) ParNew: 19307K->2088K(19648K)
[2026-06-17T09:54:14.854+0800][31.102s][info][gc,heap        ] GC(836) CMS: 28259K->31283K(43712K)
[2026-06-17T09:54:14.855+0800][31.103s][info][gc,metaspace   ] GC(836) Metaspace: 3160K(4864K)->3160K(4864K) NonClass: 2855K(4352K)->2855K(4352K) Class: 305K(512K)->305K(512K)
[2026-06-17T09:54:14.855+0800][31.103s][info][gc             ] GC(836) Pause Young (Allocation Failure) 46M->32M(61M) 2.250ms
[2026-06-17T09:54:14.855+0800][31.103s][info][gc,cpu         ] GC(836) User=0.00s Sys=0.00s Real=0.00s
[2026-06-17T09:54:14.897+0800][31.146s][info][gc,start       ] GC(837) Pause Young (Allocation Failure)
[2026-06-17T09:54:14.898+0800][31.146s][info][gc,task        ] GC(837) Using 2 workers of 18 for evacuation
[2026-06-17T09:54:14.899+0800][31.147s][info][gc,heap        ] GC(837) ParNew: 19542K->2175K(19648K)
[2026-06-17T09:54:14.899+0800][31.147s][info][gc,heap        ] GC(837) CMS: 31283K->38056K(43712K)
[2026-06-17T09:54:14.899+0800][31.147s][info][gc,metaspace   ] GC(837) Metaspace: 3160K(4864K)->3160K(4864K) NonClass: 2855K(4352K)->2855K(4352K) Class: 305K(512K)->305K(512K)
[2026-06-17T09:54:14.899+0800][31.148s][info][gc             ] GC(837) Pause Young (Allocation Failure) 49M->39M(61M) 1.969ms
[2026-06-17T09:54:14.900+0800][31.148s][info][gc,cpu         ] GC(837) User=0.00s Sys=0.00s Real=0.00s
[2026-06-17T09:54:14.900+0800][31.148s][info][gc,start       ] GC(838) Pause Initial Mark
[2026-06-17T09:54:14.900+0800][31.148s][info][gc             ] GC(838) Pause Initial Mark 40M->40M(61M) 0.400ms
[2026-06-17T09:54:14.900+0800][31.149s][info][gc,cpu         ] GC(838) User=0.00s Sys=0.00s Real=0.00s
[2026-06-17T09:54:14.901+0800][31.149s][info][gc             ] GC(838) Concurrent Mark
[2026-06-17T09:54:14.901+0800][31.149s][info][gc,task        ] GC(838) Using 2 workers of 5 for marking
[2026-06-17T09:54:14.901+0800][31.149s][info][gc             ] GC(838) Concurrent Mark 0.702ms
[2026-06-17T09:54:14.902+0800][31.150s][info][gc,cpu         ] GC(838) User=0.00s Sys=0.00s Real=0.00s
[2026-06-17T09:54:14.902+0800][31.150s][info][gc             ] GC(838) Concurrent Preclean
[2026-06-17T09:54:14.902+0800][31.150s][info][gc             ] GC(838) Concurrent Preclean 0.127ms
[2026-06-17T09:54:14.902+0800][31.150s][info][gc,cpu         ] GC(838) User=0.00s Sys=0.00s Real=0.00s
[2026-06-17T09:54:14.902+0800][31.150s][info][gc,start       ] GC(838) Pause Remark
[2026-06-17T09:54:14.903+0800][31.151s][info][gc             ] GC(838) Pause Remark 40M->40M(61M) 0.460ms
[2026-06-17T09:54:14.903+0800][31.151s][info][gc,cpu         ] GC(838) User=0.00s Sys=0.00s Real=0.01s
[2026-06-17T09:54:14.903+0800][31.151s][info][gc             ] GC(838) Concurrent Sweep
[2026-06-17T09:54:14.903+0800][31.151s][info][gc             ] GC(838) Concurrent Sweep 0.221ms
[2026-06-17T09:54:14.903+0800][31.151s][info][gc,cpu         ] GC(838) User=0.00s Sys=0.00s Real=0.00s
[2026-06-17T09:54:14.903+0800][31.151s][info][gc             ] GC(838) Concurrent Reset
[2026-06-17T09:54:14.903+0800][31.152s][info][gc             ] GC(838) Concurrent Reset 0.131ms
[2026-06-17T09:54:14.903+0800][31.152s][info][gc,cpu         ] GC(838) User=0.00s Sys=0.00s Real=0.00s
[2026-06-17T09:54:14.904+0800][31.152s][info][gc,heap        ] GC(838) Old: 38056K->27292K(43712K)
[2026-06-17T09:54:14.952+0800][31.200s][info][gc,start       ] GC(839) Pause Young (Allocation Failure)
[2026-06-17T09:54:14.952+0800][31.200s][info][gc,task        ] GC(839) Using 2 workers of 18 for evacuation
[2026-06-17T09:54:14.953+0800][31.201s][info][gc,heap        ] GC(839) ParNew: 19636K->2154K(19648K)
[2026-06-17T09:54:14.953+0800][31.201s][info][gc,heap        ] GC(839) CMS: 27292K->29876K(43712K)
[2026-06-17T09:54:14.953+0800][31.201s][info][gc,metaspace   ] GC(839) Metaspace: 3160K(4864K)->3160K(4864K) NonClass: 2855K(4352K)->2855K(4352K) Class: 305K(512K)->305K(512K)
[2026-06-17T09:54:14.953+0800][31.201s][info][gc             ] GC(839) Pause Young (Allocation Failure) 45M->31M(61M) 1.700ms
[2026-06-17T09:54:14.953+0800][31.202s][info][gc,cpu         ] GC(839) User=0.00s Sys=0.00s Real=0.00s
[2026-06-17T09:54:14.995+0800][31.244s][info][gc,start       ] GC(840) Pause Young (Allocation Failure)
[2026-06-17T09:54:14.998+0800][31.246s][info][gc,task        ] GC(840) Using 2 workers of 18 for evacuation
[2026-06-17T09:54:15.000+0800][31.249s][info][gc,heap        ] GC(840) ParNew: 19626K->2110K(19648K)
[2026-06-17T09:54:15.001+0800][31.249s][info][gc,heap        ] GC(840) CMS: 29876K->33785K(43712K)
[2026-06-17T09:54:15.001+0800][31.249s][info][gc,metaspace   ] GC(840) Metaspace: 3160K(4864K)->3160K(4864K) NonClass: 2855K(4352K)->2855K(4352K) Class: 305K(512K)->305K(512K)
[2026-06-17T09:54:15.001+0800][31.250s][info][gc             ] GC(840) Pause Young (Allocation Failure) 48M->35M(61M) 5.976ms
[2026-06-17T09:54:15.002+0800][31.250s][info][gc,cpu         ] GC(840) User=0.00s Sys=0.00s Real=0.00s
[2026-06-17T09:54:15.002+0800][31.250s][info][gc,start       ] GC(841) Pause Initial Mark
[2026-06-17T09:54:15.003+0800][31.251s][info][gc             ] GC(841) Pause Initial Mark 36M->36M(61M) 0.523ms
[2026-06-17T09:54:15.003+0800][31.251s][info][gc,cpu         ] GC(841) User=0.00s Sys=0.00s Real=0.01s
[2026-06-17T09:54:15.003+0800][31.251s][info][gc             ] GC(841) Concurrent Mark
[2026-06-17T09:54:15.004+0800][31.252s][info][gc,task        ] GC(841) Using 2 workers of 5 for marking
[2026-06-17T09:54:15.004+0800][31.253s][info][gc             ] GC(841) Concurrent Mark 1.071ms
[2026-06-17T09:54:15.005+0800][31.253s][info][gc,cpu         ] GC(841) User=0.00s Sys=0.00s Real=0.00s
[2026-06-17T09:54:15.005+0800][31.253s][info][gc             ] GC(841) Concurrent Preclean
[2026-06-17T09:54:15.005+0800][31.253s][info][gc             ] GC(841) Concurrent Preclean 0.184ms
[2026-06-17T09:54:15.005+0800][31.253s][info][gc,cpu         ] GC(841) User=0.00s Sys=0.00s Real=0.00s
[2026-06-17T09:54:15.005+0800][31.253s][info][gc             ] GC(841) Concurrent Abortable Preclean
[2026-06-17T09:54:15.045+0800][31.293s][info][gc,start       ] GC(842) Pause Young (Allocation Failure)
[2026-06-17T09:54:15.046+0800][31.294s][info][gc,task        ] GC(842) Using 2 workers of 18 for evacuation
[2026-06-17T09:54:15.047+0800][31.295s][info][gc,heap        ] GC(842) ParNew: 19565K->2168K(19648K)
[2026-06-17T09:54:15.047+0800][31.295s][info][gc,heap        ] GC(842) CMS: 33785K->37254K(43712K)
[2026-06-17T09:54:15.047+0800][31.295s][info][gc,metaspace   ] GC(842) Metaspace: 3160K(4864K)->3160K(4864K) NonClass: 2855K(4352K)->2855K(4352K) Class: 305K(512K)->305K(512K)
[2026-06-17T09:54:15.048+0800][31.296s][info][gc             ] GC(842) Pause Young (Allocation Failure) 52M->38M(61M) 2.505ms
[2026-06-17T09:54:15.048+0800][31.296s][info][gc,cpu         ] GC(842) User=0.00s Sys=0.00s Real=0.00s
[2026-06-17T09:54:15.090+0800][31.338s][info][gc,start       ] GC(843) Pause Young (Allocation Failure)
[2026-06-17T09:54:15.090+0800][31.338s][info][gc,task        ] GC(843) Using 2 workers of 18 for evacuation
[2026-06-17T09:54:15.091+0800][31.339s][info][gc,heap        ] GC(843) ParNew: 19640K->2174K(19648K)
[2026-06-17T09:54:15.092+0800][31.340s][info][gc,heap        ] GC(843) CMS: 37254K->42404K(43712K)
[2026-06-17T09:54:15.092+0800][31.340s][info][gc,metaspace   ] GC(843) Metaspace: 3160K(4864K)->3160K(4864K) NonClass: 2855K(4352K)->2855K(4352K) Class: 305K(512K)->305K(512K)
[2026-06-17T09:54:15.092+0800][31.341s][info][gc             ] GC(843) Pause Young (Allocation Failure) 55M->43M(61M) 2.587ms
[2026-06-17T09:54:15.093+0800][31.341s][info][gc,cpu         ] GC(843) User=0.00s Sys=0.00s Real=0.01s
[2026-06-17T09:54:15.093+0800][31.341s][info][gc             ] GC(841) Concurrent Abortable Preclean 87.427ms
[2026-06-17T09:54:15.093+0800][31.341s][info][gc,cpu         ] GC(841) User=0.00s Sys=0.00s Real=0.09s
[2026-06-17T09:54:15.093+0800][31.341s][info][gc,start       ] GC(841) Pause Remark
[2026-06-17T09:54:15.094+0800][31.342s][info][gc             ] GC(841) Pause Remark 45M->45M(61M) 0.502ms
[2026-06-17T09:54:15.094+0800][31.342s][info][gc,cpu         ] GC(841) User=0.00s Sys=0.00s Real=0.00s
[2026-06-17T09:54:15.094+0800][31.342s][info][gc             ] GC(841) Concurrent Sweep
[2026-06-17T09:54:15.094+0800][31.343s][info][gc             ] GC(841) Concurrent Sweep 0.438ms
[2026-06-17T09:54:15.095+0800][31.343s][info][gc,cpu         ] GC(841) User=0.00s Sys=0.00s Real=0.00s
[2026-06-17T09:54:15.095+0800][31.343s][info][gc             ] GC(841) Concurrent Reset
[2026-06-17T09:54:15.095+0800][31.343s][info][gc             ] GC(841) Concurrent Reset 0.138ms
[2026-06-17T09:54:15.095+0800][31.343s][info][gc,cpu         ] GC(841) User=0.00s Sys=0.00s Real=0.00s
[2026-06-17T09:54:15.095+0800][31.343s][info][gc,heap        ] GC(841) Old: 33785K->30026K(43712K)
[2026-06-17T09:54:15.135+0800][31.383s][info][gc,start       ] GC(844) Pause Young (Allocation Failure)
[2026-06-17T09:54:15.136+0800][31.384s][info][gc,task        ] GC(844) Using 2 workers of 18 for evacuation
[2026-06-17T09:54:15.137+0800][31.385s][info][gc,heap        ] GC(844) ParNew: 19607K->2169K(19648K)
[2026-06-17T09:54:15.137+0800][31.385s][info][gc,heap        ] GC(844) CMS: 30026K->37086K(43712K)
[2026-06-17T09:54:15.137+0800][31.386s][info][gc,metaspace   ] GC(844) Metaspace: 3160K(4864K)->3160K(4864K) NonClass: 2855K(4352K)->2855K(4352K) Class: 305K(512K)->305K(512K)
[2026-06-17T09:54:15.138+0800][31.386s][info][gc             ] GC(844) Pause Young (Allocation Failure) 48M->38M(61M) 2.996ms
[2026-06-17T09:54:15.138+0800][31.386s][info][gc,cpu         ] GC(844) User=0.00s Sys=0.00s Real=0.00s
[2026-06-17T09:54:15.139+0800][31.387s][info][gc,start       ] GC(845) Pause Initial Mark
[2026-06-17T09:54:15.139+0800][31.387s][info][gc             ] GC(845) Pause Initial Mark 38M->38M(61M) 0.310ms
[2026-06-17T09:54:15.139+0800][31.387s][info][gc,cpu         ] GC(845) User=0.00s Sys=0.00s Real=0.00s
[2026-06-17T09:54:15.139+0800][31.387s][info][gc             ] GC(845) Concurrent Mark
[2026-06-17T09:54:15.139+0800][31.388s][info][gc,task        ] GC(845) Using 2 workers of 5 for marking
[2026-06-17T09:54:15.140+0800][31.388s][info][gc             ] GC(845) Concurrent Mark 0.778ms
[2026-06-17T09:54:15.140+0800][31.388s][info][gc,cpu         ] GC(845) User=0.00s Sys=0.00s Real=0.00s
[2026-06-17T09:54:15.140+0800][31.389s][info][gc             ] GC(845) Concurrent Preclean
[2026-06-17T09:54:15.141+0800][31.389s][info][gc             ] GC(845) Concurrent Preclean 0.119ms
[2026-06-17T09:54:15.141+0800][31.389s][info][gc,cpu         ] GC(845) User=0.00s Sys=0.00s Real=0.00s
[2026-06-17T09:54:15.141+0800][31.389s][info][gc,start       ] GC(845) Pause Remark
[2026-06-17T09:54:15.141+0800][31.389s][info][gc             ] GC(845) Pause Remark 38M->38M(61M) 0.471ms
[2026-06-17T09:54:15.141+0800][31.390s][info][gc,cpu         ] GC(845) User=0.00s Sys=0.00s Real=0.00s
[2026-06-17T09:54:15.142+0800][31.390s][info][gc             ] GC(845) Concurrent Sweep
[2026-06-17T09:54:15.142+0800][31.390s][info][gc             ] GC(845) Concurrent Sweep 0.255ms
[2026-06-17T09:54:15.142+0800][31.390s][info][gc,cpu         ] GC(845) User=0.00s Sys=0.00s Real=0.00s
[2026-06-17T09:54:15.142+0800][31.390s][info][gc             ] GC(845) Concurrent Reset
[2026-06-17T09:54:15.142+0800][31.390s][info][gc             ] GC(845) Concurrent Reset 0.128ms
[2026-06-17T09:54:15.142+0800][31.390s][info][gc,cpu         ] GC(845) User=0.00s Sys=0.00s Real=0.00s
[2026-06-17T09:54:15.142+0800][31.390s][info][gc,heap        ] GC(845) Old: 37086K->23342K(43712K)
[2026-06-17T09:54:15.192+0800][31.440s][info][gc,start       ] GC(846) Pause Young (Allocation Failure)
[2026-06-17T09:54:15.192+0800][31.440s][info][gc,task        ] GC(846) Using 2 workers of 18 for evacuation
[2026-06-17T09:54:15.193+0800][31.441s][info][gc,heap        ] GC(846) ParNew: 19619K->2105K(19648K)
[2026-06-17T09:54:15.193+0800][31.441s][info][gc,heap        ] GC(846) CMS: 23342K->26080K(43712K)
[2026-06-17T09:54:15.193+0800][31.442s][info][gc,metaspace   ] GC(846) Metaspace: 3160K(4864K)->3160K(4864K) NonClass: 2855K(4352K)->2855K(4352K) Class: 305K(512K)->305K(512K)
[2026-06-17T09:54:15.194+0800][31.442s][info][gc             ] GC(846) Pause Young (Allocation Failure) 41M->27M(61M) 2.243ms
[2026-06-17T09:54:15.194+0800][31.442s][info][gc,cpu         ] GC(846) User=0.00s Sys=0.00s Real=0.00s
[2026-06-17T09:54:15.236+0800][31.485s][info][gc,start       ] GC(847) Pause Young (Allocation Failure)
[2026-06-17T09:54:15.237+0800][31.485s][info][gc,task        ] GC(847) Using 2 workers of 18 for evacuation
[2026-06-17T09:54:15.238+0800][31.486s][info][gc,heap        ] GC(847) ParNew: 19577K->2105K(19648K)
[2026-06-17T09:54:15.238+0800][31.486s][info][gc,heap        ] GC(847) CMS: 26080K->29818K(43712K)
[2026-06-17T09:54:15.239+0800][31.487s][info][gc,metaspace   ] GC(847) Metaspace: 3160K(4864K)->3160K(4864K) NonClass: 2855K(4352K)->2855K(4352K) Class: 305K(512K)->305K(512K)
[2026-06-17T09:54:15.239+0800][31.487s][info][gc             ] GC(847) Pause Young (Allocation Failure) 44M->31M(61M) 2.513ms
[2026-06-17T09:54:15.239+0800][31.487s][info][gc,cpu         ] GC(847) User=0.00s Sys=0.00s Real=0.00s
[2026-06-17T09:54:15.281+0800][31.530s][info][gc,start       ] GC(848) Pause Young (Allocation Failure)
[2026-06-17T09:54:15.282+0800][31.530s][info][gc,task        ] GC(848) Using 2 workers of 18 for evacuation
[2026-06-17T09:54:15.283+0800][31.531s][info][gc,heap        ] GC(848) ParNew: 19577K->2172K(19648K)
[2026-06-17T09:54:15.283+0800][31.531s][info][gc,heap        ] GC(848) CMS: 29818K->33832K(43712K)
[2026-06-17T09:54:15.283+0800][31.531s][info][gc,metaspace   ] GC(848) Metaspace: 3160K(4864K)->3160K(4864K) NonClass: 2855K(4352K)->2855K(4352K) Class: 305K(512K)->305K(512K)
[2026-06-17T09:54:15.284+0800][31.532s][info][gc             ] GC(848) Pause Young (Allocation Failure) 48M->35M(61M) 2.082ms
[2026-06-17T09:54:15.284+0800][31.532s][info][gc,cpu         ] GC(848) User=0.00s Sys=0.00s Real=0.01s
[2026-06-17T09:54:15.284+0800][31.532s][info][gc,start       ] GC(849) Pause Initial Mark
[2026-06-17T09:54:15.285+0800][31.533s][info][gc             ] GC(849) Pause Initial Mark 36M->36M(61M) 0.240ms
[2026-06-17T09:54:15.285+0800][31.533s][info][gc,cpu         ] GC(849) User=0.00s Sys=0.00s Real=0.00s
[2026-06-17T09:54:15.285+0800][31.533s][info][gc             ] GC(849) Concurrent Mark
[2026-06-17T09:54:15.285+0800][31.534s][info][gc,task        ] GC(849) Using 2 workers of 5 for marking
[2026-06-17T09:54:15.286+0800][31.534s][info][gc             ] GC(849) Concurrent Mark 0.855ms
[2026-06-17T09:54:15.286+0800][31.534s][info][gc,cpu         ] GC(849) User=0.00s Sys=0.00s Real=0.00s
[2026-06-17T09:54:15.286+0800][31.534s][info][gc             ] GC(849) Concurrent Preclean
[2026-06-17T09:54:15.286+0800][31.535s][info][gc             ] GC(849) Concurrent Preclean 0.160ms
[2026-06-17T09:54:15.287+0800][31.535s][info][gc,cpu         ] GC(849) User=0.00s Sys=0.00s Real=0.00s
[2026-06-17T09:54:15.287+0800][31.535s][info][gc,start       ] GC(849) Pause Remark
[2026-06-17T09:54:15.287+0800][31.535s][info][gc             ] GC(849) Pause Remark 36M->36M(61M) 0.476ms
[2026-06-17T09:54:15.287+0800][31.535s][info][gc,cpu         ] GC(849) User=0.00s Sys=0.00s Real=0.00s
[2026-06-17T09:54:15.287+0800][31.536s][info][gc             ] GC(849) Concurrent Sweep
[2026-06-17T09:54:15.288+0800][31.536s][info][gc             ] GC(849) Concurrent Sweep 0.291ms
[2026-06-17T09:54:15.288+0800][31.536s][info][gc,cpu         ] GC(849) User=0.00s Sys=0.00s Real=0.00s
[2026-06-17T09:54:15.288+0800][31.536s][info][gc             ] GC(849) Concurrent Reset
[2026-06-17T09:54:15.288+0800][31.537s][info][gc             ] GC(849) Concurrent Reset 0.150ms
[2026-06-17T09:54:15.289+0800][31.537s][info][gc,cpu         ] GC(849) User=0.00s Sys=0.00s Real=0.00s
[2026-06-17T09:54:15.289+0800][31.537s][info][gc,heap        ] GC(849) Old: 33832K->31426K(43712K)
[2026-06-17T09:54:15.326+0800][31.574s][info][gc,start       ] GC(850) Pause Young (Allocation Failure)
[2026-06-17T09:54:15.326+0800][31.574s][info][gc,task        ] GC(850) Using 2 workers of 18 for evacuation
[2026-06-17T09:54:15.327+0800][31.575s][info][gc,heap        ] GC(850) ParNew: 19422K->1795K(19648K)
[2026-06-17T09:54:15.327+0800][31.575s][info][gc,heap        ] GC(850) CMS: 31426K->33552K(43712K)
[2026-06-17T09:54:15.327+0800][31.576s][info][gc,metaspace   ] GC(850) Metaspace: 3160K(4864K)->3160K(4864K) NonClass: 2855K(4352K)->2855K(4352K) Class: 305K(512K)->305K(512K)
[2026-06-17T09:54:15.328+0800][31.576s][info][gc             ] GC(850) Pause Young (Allocation Failure) 49M->34M(61M) 1.533ms
[2026-06-17T09:54:15.328+0800][31.576s][info][gc,cpu         ] GC(850) User=0.01s Sys=0.00s Real=0.00s
[2026-06-17T09:54:15.370+0800][31.618s][info][gc,start       ] GC(851) Pause Young (Allocation Failure)
[2026-06-17T09:54:15.370+0800][31.618s][info][gc,task        ] GC(851) Using 2 workers of 18 for evacuation
[2026-06-17T09:54:15.371+0800][31.619s][info][gc,heap        ] GC(851) ParNew: 19267K->2169K(19648K)
[2026-06-17T09:54:15.371+0800][31.620s][info][gc,heap        ] GC(851) CMS: 33552K->40399K(43712K)
[2026-06-17T09:54:15.372+0800][31.620s][info][gc,metaspace   ] GC(851) Metaspace: 3160K(4864K)->3160K(4864K) NonClass: 2855K(4352K)->2855K(4352K) Class: 305K(512K)->305K(512K)
[2026-06-17T09:54:15.372+0800][31.620s][info][gc             ] GC(851) Pause Young (Allocation Failure) 51M->41M(61M) 2.073ms
[2026-06-17T09:54:15.372+0800][31.620s][info][gc,cpu         ] GC(851) User=0.00s Sys=0.00s Real=0.01s
[2026-06-17T09:54:15.372+0800][31.620s][info][gc,start       ] GC(852) Pause Initial Mark
[2026-06-17T09:54:15.373+0800][31.621s][info][gc             ] GC(852) Pause Initial Mark 42M->42M(61M) 0.238ms
[2026-06-17T09:54:15.373+0800][31.621s][info][gc,cpu         ] GC(852) User=0.00s Sys=0.00s Real=0.00s
[2026-06-17T09:54:15.373+0800][31.621s][info][gc             ] GC(852) Concurrent Mark
[2026-06-17T09:54:15.373+0800][31.622s][info][gc,task        ] GC(852) Using 2 workers of 5 for marking
[2026-06-17T09:54:15.374+0800][31.622s][info][gc             ] GC(852) Concurrent Mark 1.015ms
[2026-06-17T09:54:15.374+0800][31.622s][info][gc,cpu         ] GC(852) User=0.00s Sys=0.00s Real=0.00s
[2026-06-17T09:54:15.375+0800][31.623s][info][gc             ] GC(852) Concurrent Preclean
[2026-06-17T09:54:15.375+0800][31.623s][info][gc             ] GC(852) Concurrent Preclean 0.197ms
[2026-06-17T09:54:15.375+0800][31.623s][info][gc,cpu         ] GC(852) User=0.00s Sys=0.00s Real=0.00s
[2026-06-17T09:54:15.375+0800][31.623s][info][gc,start       ] GC(852) Pause Remark
[2026-06-17T09:54:15.376+0800][31.624s][info][gc             ] GC(852) Pause Remark 42M->42M(61M) 1.148ms
[2026-06-17T09:54:15.376+0800][31.625s][info][gc,cpu         ] GC(852) User=0.00s Sys=0.00s Real=0.00s
[2026-06-17T09:54:15.377+0800][31.625s][info][gc             ] GC(852) Concurrent Sweep
[2026-06-17T09:54:15.377+0800][31.625s][info][gc             ] GC(852) Concurrent Sweep 0.309ms
[2026-06-17T09:54:15.377+0800][31.625s][info][gc,cpu         ] GC(852) User=0.00s Sys=0.00s Real=0.00s
[2026-06-17T09:54:15.377+0800][31.625s][info][gc             ] GC(852) Concurrent Reset
[2026-06-17T09:54:15.377+0800][31.625s][info][gc             ] GC(852) Concurrent Reset 0.115ms
[2026-06-17T09:54:15.377+0800][31.625s][info][gc,cpu         ] GC(852) User=0.00s Sys=0.00s Real=0.00s
[2026-06-17T09:54:15.377+0800][31.626s][info][gc,heap        ] GC(852) Old: 40399K->28743K(43712K)
[2026-06-17T09:54:15.425+0800][31.673s][info][gc,start       ] GC(853) Pause Young (Allocation Failure)
[2026-06-17T09:54:15.425+0800][31.674s][info][gc,task        ] GC(853) Using 2 workers of 18 for evacuation
[2026-06-17T09:54:15.426+0800][31.674s][info][gc,heap        ] GC(853) ParNew: 19624K->2131K(19648K)
[2026-06-17T09:54:15.427+0800][31.675s][info][gc,heap        ] GC(853) CMS: 28743K->30486K(43712K)
[2026-06-17T09:54:15.427+0800][31.675s][info][gc,metaspace   ] GC(853) Metaspace: 3160K(4864K)->3160K(4864K) NonClass: 2855K(4352K)->2855K(4352K) Class: 305K(512K)->305K(512K)
[2026-06-17T09:54:15.427+0800][31.675s][info][gc             ] GC(853) Pause Young (Allocation Failure) 47M->31M(61M) 1.836ms
[2026-06-17T09:54:15.427+0800][31.675s][info][gc,cpu         ] GC(853) User=0.00s Sys=0.00s Real=0.00s
[2026-06-17T09:54:15.459+0800][31.707s][info][gc,start       ] GC(854) Pause Young (Allocation Failure)
[2026-06-17T09:54:15.459+0800][31.707s][info][gc,task        ] GC(854) Using 2 workers of 18 for evacuation
[2026-06-17T09:54:15.460+0800][31.708s][info][gc,heap        ] GC(854) ParNew: 19580K->2168K(19648K)
[2026-06-17T09:54:15.460+0800][31.708s][info][gc,heap        ] GC(854) CMS: 30486K->33663K(43712K)
[2026-06-17T09:54:15.460+0800][31.708s][info][gc,metaspace   ] GC(854) Metaspace: 3160K(4864K)->3160K(4864K) NonClass: 2855K(4352K)->2855K(4352K) Class: 305K(512K)->305K(512K)
[2026-06-17T09:54:15.460+0800][31.709s][info][gc             ] GC(854) Pause Young (Allocation Failure) 48M->34M(61M) 1.371ms
[2026-06-17T09:54:15.461+0800][31.709s][info][gc,cpu         ] GC(854) User=0.01s Sys=0.00s Real=0.00s
[2026-06-17T09:54:15.461+0800][31.709s][info][gc,start       ] GC(855) Pause Initial Mark
[2026-06-17T09:54:15.461+0800][31.709s][info][gc             ] GC(855) Pause Initial Mark 35M->35M(61M) 0.174ms
[2026-06-17T09:54:15.461+0800][31.709s][info][gc,cpu         ] GC(855) User=0.00s Sys=0.00s Real=0.00s
[2026-06-17T09:54:15.461+0800][31.709s][info][gc             ] GC(855) Concurrent Mark
[2026-06-17T09:54:15.461+0800][31.710s][info][gc,task        ] GC(855) Using 2 workers of 5 for marking
[2026-06-17T09:54:15.462+0800][31.710s][info][gc             ] GC(855) Concurrent Mark 0.649ms
[2026-06-17T09:54:15.462+0800][31.710s][info][gc,cpu         ] GC(855) User=0.00s Sys=0.00s Real=0.00s
[2026-06-17T09:54:15.462+0800][31.710s][info][gc             ] GC(855) Concurrent Preclean
[2026-06-17T09:54:15.462+0800][31.710s][info][gc             ] GC(855) Concurrent Preclean 0.102ms
[2026-06-17T09:54:15.462+0800][31.710s][info][gc,cpu         ] GC(855) User=0.00s Sys=0.00s Real=0.00s
[2026-06-17T09:54:15.462+0800][31.711s][info][gc,start       ] GC(855) Pause Remark
[2026-06-17T09:54:15.463+0800][31.711s][info][gc             ] GC(855) Pause Remark 35M->35M(61M) 0.430ms
[2026-06-17T09:54:15.463+0800][31.711s][info][gc,cpu         ] GC(855) User=0.00s Sys=0.00s Real=0.00s
[2026-06-17T09:54:15.463+0800][31.711s][info][gc             ] GC(855) Concurrent Sweep
[2026-06-17T09:54:15.463+0800][31.712s][info][gc             ] GC(855) Concurrent Sweep 0.217ms
[2026-06-17T09:54:15.463+0800][31.712s][info][gc,cpu         ] GC(855) User=0.00s Sys=0.00s Real=0.00s
[2026-06-17T09:54:15.464+0800][31.712s][info][gc             ] GC(855) Concurrent Reset
[2026-06-17T09:54:15.464+0800][31.712s][info][gc             ] GC(855) Concurrent Reset 0.116ms
[2026-06-17T09:54:15.464+0800][31.712s][info][gc,cpu         ] GC(855) User=0.00s Sys=0.00s Real=0.00s
[2026-06-17T09:54:15.464+0800][31.712s][info][gc,heap        ] GC(855) Old: 33663K->21573K(43712K)
[2026-06-17T09:54:15.513+0800][31.761s][info][gc,start       ] GC(856) Pause Young (Allocation Failure)
[2026-06-17T09:54:15.513+0800][31.762s][info][gc,task        ] GC(856) Using 2 workers of 18 for evacuation
[2026-06-17T09:54:15.514+0800][31.763s][info][gc,heap        ] GC(856) ParNew: 19627K->2154K(19648K)
[2026-06-17T09:54:15.515+0800][31.763s][info][gc,heap        ] GC(856) CMS: 21573K->25190K(43712K)
[2026-06-17T09:54:15.515+0800][31.763s][info][gc,metaspace   ] GC(856) Metaspace: 3160K(4864K)->3160K(4864K) NonClass: 2855K(4352K)->2855K(4352K) Class: 305K(512K)->305K(512K)
[2026-06-17T09:54:15.515+0800][31.763s][info][gc             ] GC(856) Pause Young (Allocation Failure) 40M->26M(61M) 2.114ms
[2026-06-17T09:54:15.515+0800][31.764s][info][gc,cpu         ] GC(856) User=0.00s Sys=0.00s Real=0.00s
[2026-06-17T09:54:15.558+0800][31.806s][info][gc,start       ] GC(857) Pause Young (Allocation Failure)
[2026-06-17T09:54:15.558+0800][31.806s][info][gc,task        ] GC(857) Using 2 workers of 18 for evacuation
[2026-06-17T09:54:15.559+0800][31.807s][info][gc,heap        ] GC(857) ParNew: 19615K->2170K(19648K)
[2026-06-17T09:54:15.559+0800][31.807s][info][gc,heap        ] GC(857) CMS: 25190K->28847K(43712K)
[2026-06-17T09:54:15.559+0800][31.807s][info][gc,metaspace   ] GC(857) Metaspace: 3160K(4864K)->3160K(4864K) NonClass: 2855K(4352K)->2855K(4352K) Class: 305K(512K)->305K(512K)
[2026-06-17T09:54:15.559+0800][31.808s][info][gc             ] GC(857) Pause Young (Allocation Failure) 43M->30M(61M) 1.898ms
[2026-06-17T09:54:15.560+0800][31.808s][info][gc,cpu         ] GC(857) User=0.00s Sys=0.00s Real=0.00s
[2026-06-17T09:54:15.602+0800][31.850s][info][gc,start       ] GC(858) Pause Young (Allocation Failure)
[2026-06-17T09:54:15.603+0800][31.851s][info][gc,task        ] GC(858) Using 2 workers of 18 for evacuation
[2026-06-17T09:54:15.604+0800][31.852s][info][gc,heap        ] GC(858) ParNew: 19619K->2175K(19648K)
[2026-06-17T09:54:15.604+0800][31.852s][info][gc,heap        ] GC(858) CMS: 28847K->32810K(43712K)
[2026-06-17T09:54:15.604+0800][31.852s][info][gc,metaspace   ] GC(858) Metaspace: 3160K(4864K)->3160K(4864K) NonClass: 2855K(4352K)->2855K(4352K) Class: 305K(512K)->305K(512K)
[2026-06-17T09:54:15.604+0800][31.852s][info][gc             ] GC(858) Pause Young (Allocation Failure) 47M->34M(61M) 2.332ms
[2026-06-17T09:54:15.604+0800][31.853s][info][gc,cpu         ] GC(858) User=0.00s Sys=0.00s Real=0.01s
[2026-06-17T09:54:15.646+0800][31.895s][info][gc,start       ] GC(859) Pause Young (Allocation Failure)
[2026-06-17T09:54:15.647+0800][31.895s][info][gc,task        ] GC(859) Using 2 workers of 18 for evacuation
[2026-06-17T09:54:15.648+0800][31.896s][info][gc,heap        ] GC(859) ParNew: 19644K->2167K(19648K)
[2026-06-17T09:54:15.648+0800][31.897s][info][gc,heap        ] GC(859) CMS: 32810K->37143K(43712K)
[2026-06-17T09:54:15.649+0800][31.897s][info][gc,metaspace   ] GC(859) Metaspace: 3160K(4864K)->3160K(4864K) NonClass: 2855K(4352K)->2855K(4352K) Class: 305K(512K)->305K(512K)
[2026-06-17T09:54:15.649+0800][31.897s][info][gc             ] GC(859) Pause Young (Allocation Failure) 51M->38M(61M) 2.736ms
[2026-06-17T09:54:15.650+0800][31.898s][info][gc,cpu         ] GC(859) User=0.00s Sys=0.00s Real=0.00s
[2026-06-17T09:54:15.650+0800][31.898s][info][gc,start       ] GC(860) Pause Initial Mark
[2026-06-17T09:54:15.650+0800][31.899s][info][gc             ] GC(860) Pause Initial Mark 39M->39M(61M) 0.313ms
[2026-06-17T09:54:15.651+0800][31.899s][info][gc,cpu         ] GC(860) User=0.00s Sys=0.00s Real=0.01s
[2026-06-17T09:54:15.651+0800][31.899s][info][gc             ] GC(860) Concurrent Mark
[2026-06-17T09:54:15.651+0800][31.899s][info][gc,task        ] GC(860) Using 2 workers of 5 for marking
[2026-06-17T09:54:15.652+0800][31.900s][info][gc             ] GC(860) Concurrent Mark 1.020ms
[2026-06-17T09:54:15.652+0800][31.900s][info][gc,cpu         ] GC(860) User=0.00s Sys=0.00s Real=0.00s
[2026-06-17T09:54:15.652+0800][31.901s][info][gc             ] GC(860) Concurrent Preclean
[2026-06-17T09:54:15.653+0800][31.901s][info][gc             ] GC(860) Concurrent Preclean 0.167ms
[2026-06-17T09:54:15.653+0800][31.901s][info][gc,cpu         ] GC(860) User=0.00s Sys=0.00s Real=0.00s
[2026-06-17T09:54:15.653+0800][31.901s][info][gc             ] GC(860) Concurrent Abortable Preclean
[2026-06-17T09:54:15.692+0800][31.941s][info][gc,start       ] GC(861) Pause Young (Allocation Failure)
[2026-06-17T09:54:15.784+0800][32.032s][info][gc,task        ] GC(861) Using 2 workers of 18 for evacuation
[2026-06-17T09:54:15.799+0800][32.048s][info][gc,heap        ] GC(861) ParNew: 19639K->2174K(19648K)
[2026-06-17T09:54:15.803+0800][32.051s][info][gc,heap        ] GC(861) CMS: 37143K->41334K(43712K)
[2026-06-17T09:54:15.803+0800][32.051s][info][gc,metaspace   ] GC(861) Metaspace: 3160K(4864K)->3160K(4864K) NonClass: 2855K(4352K)->2855K(4352K) Class: 305K(512K)->305K(512K)
[2026-06-17T09:54:15.804+0800][32.052s][info][gc             ] GC(861) Pause Young (Allocation Failure) 55M->42M(61M) 111.525ms
[2026-06-17T09:54:15.805+0800][32.053s][info][gc,cpu         ] GC(861) User=0.00s Sys=0.00s Real=0.11s
[2026-06-17T09:54:15.847+0800][32.095s][info][gc,start       ] GC(862) Pause Young (Allocation Failure)
[2026-06-17T09:54:15.848+0800][32.097s][info][gc,task        ] GC(862) Using 2 workers of 18 for evacuation
[2026-06-17T09:54:15.853+0800][32.102s][info][gc,start       ] GC(863) Pause Full (Allocation Failure)
[2026-06-17T09:54:15.855+0800][32.103s][info][gc             ] GC(860) Concurrent Abortable Preclean 202.302ms
[2026-06-17T09:54:15.866+0800][32.114s][info][gc,cpu         ] GC(860) User=0.01s Sys=0.00s Real=0.21s
[2026-06-17T09:54:15.876+0800][32.124s][info][gc,phases,start] GC(863) Phase 1: Mark live objects
[2026-06-17T09:54:15.877+0800][32.125s][info][gc,phases      ] GC(863) Phase 1: Mark live objects 0.943ms
[2026-06-17T09:54:15.877+0800][32.126s][info][gc,phases,start] GC(863) Phase 2: Compute new object addresses
[2026-06-17T09:54:15.879+0800][32.127s][info][gc,phases      ] GC(863) Phase 2: Compute new object addresses 1.137ms
[2026-06-17T09:54:15.881+0800][32.129s][info][gc,phases,start] GC(863) Phase 3: Adjust pointers
[2026-06-17T09:54:15.882+0800][32.130s][info][gc,phases      ] GC(863) Phase 3: Adjust pointers 1.112ms
[2026-06-17T09:54:15.883+0800][32.131s][info][gc,phases,start] GC(863) Phase 4: Move objects
[2026-06-17T09:54:15.887+0800][32.135s][info][gc,phases      ] GC(863) Phase 4: Move objects 4.236ms
[2026-06-17T09:54:15.889+0800][32.138s][info][gc             ] GC(863) Pause Full (Allocation Failure) 59M->26M(61M) 35.925ms
[2026-06-17T09:54:15.890+0800][32.138s][info][gc,heap        ] GC(862) ParNew: 19594K->0K(19648K)
[2026-06-17T09:54:15.892+0800][32.140s][info][gc,heap        ] GC(862) CMS: 41334K->27242K(43712K)
[2026-06-17T09:54:15.894+0800][32.142s][info][gc,metaspace   ] GC(862) Metaspace: 3160K(4864K)->3160K(4864K) NonClass: 2855K(4352K)->2855K(4352K) Class: 305K(512K)->305K(512K)
[2026-06-17T09:54:15.895+0800][32.143s][info][gc             ] GC(862) Pause Young (Allocation Failure) 59M->26M(61M) 48.022ms
[2026-06-17T09:54:15.898+0800][32.146s][info][gc,cpu         ] GC(862) User=0.00s Sys=0.00s Real=0.05s
[2026-06-17T09:54:15.952+0800][32.200s][info][gc,start       ] GC(864) Pause Young (Allocation Failure)
[2026-06-17T09:54:15.953+0800][32.201s][info][gc,task        ] GC(864) Using 2 workers of 18 for evacuation
[2026-06-17T09:54:15.953+0800][32.202s][info][gc,heap        ] GC(864) ParNew: 17472K->2167K(19648K)
[2026-06-17T09:54:15.954+0800][32.202s][info][gc,heap        ] GC(864) CMS: 27242K->28897K(43712K)
[2026-06-17T09:54:15.954+0800][32.202s][info][gc,metaspace   ] GC(864) Metaspace: 3160K(4864K)->3160K(4864K) NonClass: 2855K(4352K)->2855K(4352K) Class: 305K(512K)->305K(512K)
[2026-06-17T09:54:15.955+0800][32.203s][info][gc             ] GC(864) Pause Young (Allocation Failure) 43M->30M(61M) 2.307ms
[2026-06-17T09:54:15.959+0800][32.207s][info][gc,cpu         ] GC(864) User=0.00s Sys=0.00s Real=0.00s
[2026-06-17T09:54:15.990+0800][32.238s][info][gc,start       ] GC(865) Pause Young (Allocation Failure)
[2026-06-17T09:54:15.991+0800][32.239s][info][gc,task        ] GC(865) Using 2 workers of 18 for evacuation
[2026-06-17T09:54:15.992+0800][32.240s][info][gc,heap        ] GC(865) ParNew: 19639K->2175K(19648K)
[2026-06-17T09:54:15.992+0800][32.240s][info][gc,heap        ] GC(865) CMS: 28897K->35597K(43712K)
[2026-06-17T09:54:15.992+0800][32.240s][info][gc,metaspace   ] GC(865) Metaspace: 3160K(4864K)->3160K(4864K) NonClass: 2855K(4352K)->2855K(4352K) Class: 305K(512K)->305K(512K)
[2026-06-17T09:54:15.992+0800][32.240s][info][gc             ] GC(865) Pause Young (Allocation Failure) 47M->36M(61M) 1.719ms
[2026-06-17T09:54:15.992+0800][32.240s][info][gc,cpu         ] GC(865) User=0.00s Sys=0.00s Real=0.01s
[2026-06-17T09:54:15.992+0800][32.241s][info][gc,start       ] GC(866) Pause Initial Mark
[2026-06-17T09:54:15.993+0800][32.241s][info][gc             ] GC(866) Pause Initial Mark 37M->37M(61M) 0.280ms
[2026-06-17T09:54:15.993+0800][32.241s][info][gc,cpu         ] GC(866) User=0.00s Sys=0.00s Real=0.00s
[2026-06-17T09:54:15.993+0800][32.241s][info][gc             ] GC(866) Concurrent Mark
[2026-06-17T09:54:15.993+0800][32.241s][info][gc,task        ] GC(866) Using 2 workers of 5 for marking
[2026-06-17T09:54:15.994+0800][32.242s][info][gc             ] GC(866) Concurrent Mark 0.696ms
[2026-06-17T09:54:15.994+0800][32.242s][info][gc,cpu         ] GC(866) User=0.00s Sys=0.00s Real=0.00s
[2026-06-17T09:54:15.994+0800][32.242s][info][gc             ] GC(866) Concurrent Preclean
[2026-06-17T09:54:15.994+0800][32.242s][info][gc             ] GC(866) Concurrent Preclean 0.125ms
[2026-06-17T09:54:15.994+0800][32.242s][info][gc,cpu         ] GC(866) User=0.00s Sys=0.00s Real=0.00s
[2026-06-17T09:54:15.994+0800][32.242s][info][gc,start       ] GC(866) Pause Remark
[2026-06-17T09:54:15.995+0800][32.243s][info][gc             ] GC(866) Pause Remark 38M->38M(61M) 0.384ms
[2026-06-17T09:54:15.995+0800][32.243s][info][gc,cpu         ] GC(866) User=0.00s Sys=0.00s Real=0.00s
[2026-06-17T09:54:15.995+0800][32.243s][info][gc             ] GC(866) Concurrent Sweep
[2026-06-17T09:54:15.995+0800][32.243s][info][gc             ] GC(866) Concurrent Sweep 0.208ms
[2026-06-17T09:54:15.995+0800][32.243s][info][gc,cpu         ] GC(866) User=0.00s Sys=0.00s Real=0.00s
[2026-06-17T09:54:15.995+0800][32.243s][info][gc             ] GC(866) Concurrent Reset
[2026-06-17T09:54:15.995+0800][32.244s][info][gc             ] GC(866) Concurrent Reset 0.107ms
[2026-06-17T09:54:15.995+0800][32.244s][info][gc,cpu         ] GC(866) User=0.00s Sys=0.00s Real=0.00s
[2026-06-17T09:54:15.996+0800][32.244s][info][gc,heap        ] GC(866) Old: 35597K->22405K(43712K)
[2026-06-17T09:54:16.035+0800][32.283s][info][gc,start       ] GC(867) Pause Young (Allocation Failure)
[2026-06-17T09:54:16.035+0800][32.283s][info][gc,task        ] GC(867) Using 2 workers of 18 for evacuation
[2026-06-17T09:54:16.036+0800][32.284s][info][gc,heap        ] GC(867) ParNew: 19646K->2175K(19648K)
[2026-06-17T09:54:16.036+0800][32.285s][info][gc,heap        ] GC(867) CMS: 22405K->28670K(43712K)
[2026-06-17T09:54:16.036+0800][32.285s][info][gc,metaspace   ] GC(867) Metaspace: 3160K(4864K)->3160K(4864K) NonClass: 2855K(4352K)->2855K(4352K) Class: 305K(512K)->305K(512K)
[2026-06-17T09:54:16.037+0800][32.285s][info][gc             ] GC(867) Pause Young (Allocation Failure) 41M->30M(61M) 1.999ms
[2026-06-17T09:54:16.037+0800][32.285s][info][gc,cpu         ] GC(867) User=0.00s Sys=0.00s Real=0.00s
[2026-06-17T09:54:16.037+0800][32.285s][info][gc,start       ] GC(868) Pause Initial Mark
[2026-06-17T09:54:16.037+0800][32.285s][info][gc             ] GC(868) Pause Initial Mark 30M->30M(61M) 0.258ms
[2026-06-17T09:54:16.037+0800][32.286s][info][gc,cpu         ] GC(868) User=0.00s Sys=0.00s Real=0.00s
[2026-06-17T09:54:16.038+0800][32.286s][info][gc             ] GC(868) Concurrent Mark
[2026-06-17T09:54:16.038+0800][32.286s][info][gc,task        ] GC(868) Using 2 workers of 5 for marking
[2026-06-17T09:54:16.038+0800][32.287s][info][gc             ] GC(868) Concurrent Mark 0.726ms
[2026-06-17T09:54:16.039+0800][32.287s][info][gc,cpu         ] GC(868) User=0.00s Sys=0.00s Real=0.00s
[2026-06-17T09:54:16.039+0800][32.287s][info][gc             ] GC(868) Concurrent Preclean
[2026-06-17T09:54:16.042+0800][32.290s][info][gc             ] GC(868) Concurrent Preclean 2.679ms
[2026-06-17T09:54:16.042+0800][32.290s][info][gc,cpu         ] GC(868) User=0.00s Sys=0.00s Real=0.00s
[2026-06-17T09:54:16.042+0800][32.290s][info][gc,start       ] GC(868) Pause Remark
[2026-06-17T09:54:16.043+0800][32.291s][info][gc             ] GC(868) Pause Remark 30M->30M(61M) 0.496ms
[2026-06-17T09:54:16.043+0800][32.291s][info][gc,cpu         ] GC(868) User=0.00s Sys=0.00s Real=0.01s
[2026-06-17T09:54:16.043+0800][32.291s][info][gc             ] GC(868) Concurrent Sweep
[2026-06-17T09:54:16.043+0800][32.292s][info][gc             ] GC(868) Concurrent Sweep 0.271ms
[2026-06-17T09:54:16.044+0800][32.292s][info][gc,cpu         ] GC(868) User=0.00s Sys=0.00s Real=0.00s
[2026-06-17T09:54:16.044+0800][32.292s][info][gc             ] GC(868) Concurrent Reset
[2026-06-17T09:54:16.044+0800][32.292s][info][gc             ] GC(868) Concurrent Reset 0.180ms
[2026-06-17T09:54:16.044+0800][32.292s][info][gc,cpu         ] GC(868) User=0.00s Sys=0.00s Real=0.00s
[2026-06-17T09:54:16.044+0800][32.292s][info][gc,heap        ] GC(868) Old: 28670K->25828K(43712K)
[2026-06-17T09:54:16.089+0800][32.337s][info][gc,start       ] GC(869) Pause Young (Allocation Failure)
[2026-06-17T09:54:16.090+0800][32.338s][info][gc,task        ] GC(869) Using 2 workers of 18 for evacuation
[2026-06-17T09:54:16.091+0800][32.339s][info][gc,heap        ] GC(869) ParNew: 19647K->2172K(19648K)
[2026-06-17T09:54:16.091+0800][32.339s][info][gc,heap        ] GC(869) CMS: 25828K->28356K(43712K)
[2026-06-17T09:54:16.091+0800][32.339s][info][gc,metaspace   ] GC(869) Metaspace: 3160K(4864K)->3160K(4864K) NonClass: 2855K(4352K)->2855K(4352K) Class: 305K(512K)->305K(512K)
[2026-06-17T09:54:16.092+0800][32.340s][info][gc             ] GC(869) Pause Young (Allocation Failure) 44M->29M(61M) 2.545ms
[2026-06-17T09:54:16.092+0800][32.340s][info][gc,cpu         ] GC(869) User=0.00s Sys=0.00s Real=0.01s
[2026-06-17T09:54:16.134+0800][32.382s][info][gc,start       ] GC(870) Pause Young (Allocation Failure)
[2026-06-17T09:54:16.139+0800][32.387s][info][gc,task        ] GC(870) Using 2 workers of 18 for evacuation
[2026-06-17T09:54:16.140+0800][32.388s][info][gc,heap        ] GC(870) ParNew: 19644K->2115K(19648K)
[2026-06-17T09:54:16.140+0800][32.388s][info][gc,heap        ] GC(870) CMS: 28356K->32093K(43712K)
[2026-06-17T09:54:16.140+0800][32.388s][info][gc,metaspace   ] GC(870) Metaspace: 3160K(4864K)->3160K(4864K) NonClass: 2855K(4352K)->2855K(4352K) Class: 305K(512K)->305K(512K)
[2026-06-17T09:54:16.140+0800][32.389s][info][gc             ] GC(870) Pause Young (Allocation Failure) 46M->33M(61M) 6.391ms
[2026-06-17T09:54:16.141+0800][32.389s][info][gc,cpu         ] GC(870) User=0.00s Sys=0.00s Real=0.00s
[2026-06-17T09:54:16.183+0800][32.431s][info][gc,start       ] GC(871) Pause Young (Allocation Failure)
[2026-06-17T09:54:16.183+0800][32.431s][info][gc,task        ] GC(871) Using 2 workers of 18 for evacuation
[2026-06-17T09:54:16.184+0800][32.432s][info][gc,heap        ] GC(871) ParNew: 19568K->2168K(19648K)
[2026-06-17T09:54:16.184+0800][32.432s][info][gc,heap        ] GC(871) CMS: 32093K->36112K(43712K)
[2026-06-17T09:54:16.184+0800][32.432s][info][gc,metaspace   ] GC(871) Metaspace: 3160K(4864K)->3160K(4864K) NonClass: 2855K(4352K)->2855K(4352K) Class: 305K(512K)->305K(512K)
[2026-06-17T09:54:16.184+0800][32.433s][info][gc             ] GC(871) Pause Young (Allocation Failure) 50M->37M(61M) 1.808ms
[2026-06-17T09:54:16.185+0800][32.433s][info][gc,cpu         ] GC(871) User=0.00s Sys=0.00s Real=0.00s
[2026-06-17T09:54:16.185+0800][32.433s][info][gc,start       ] GC(872) Pause Initial Mark
[2026-06-17T09:54:16.185+0800][32.434s][info][gc             ] GC(872) Pause Initial Mark 38M->38M(61M) 0.496ms
[2026-06-17T09:54:16.186+0800][32.434s][info][gc,cpu         ] GC(872) User=0.00s Sys=0.00s Real=0.00s
[2026-06-17T09:54:16.186+0800][32.434s][info][gc             ] GC(872) Concurrent Mark
[2026-06-17T09:54:16.186+0800][32.434s][info][gc,task        ] GC(872) Using 2 workers of 5 for marking
[2026-06-17T09:54:16.187+0800][32.435s][info][gc             ] GC(872) Concurrent Mark 0.766ms
[2026-06-17T09:54:16.187+0800][32.435s][info][gc,cpu         ] GC(872) User=0.00s Sys=0.00s Real=0.00s
[2026-06-17T09:54:16.187+0800][32.435s][info][gc             ] GC(872) Concurrent Preclean
[2026-06-17T09:54:16.187+0800][32.435s][info][gc             ] GC(872) Concurrent Preclean 0.125ms
[2026-06-17T09:54:16.187+0800][32.435s][info][gc,cpu         ] GC(872) User=0.00s Sys=0.00s Real=0.00s
[2026-06-17T09:54:16.187+0800][32.435s][info][gc,start       ] GC(872) Pause Remark
[2026-06-17T09:54:16.188+0800][32.436s][info][gc             ] GC(872) Pause Remark 38M->38M(61M) 0.405ms
[2026-06-17T09:54:16.188+0800][32.436s][info][gc,cpu         ] GC(872) User=0.00s Sys=0.00s Real=0.00s
[2026-06-17T09:54:16.188+0800][32.436s][info][gc             ] GC(872) Concurrent Sweep
[2026-06-17T09:54:16.189+0800][32.437s][info][gc             ] GC(872) Concurrent Sweep 0.341ms
[2026-06-17T09:54:16.189+0800][32.437s][info][gc,cpu         ] GC(872) User=0.00s Sys=0.00s Real=0.00s
[2026-06-17T09:54:16.189+0800][32.437s][info][gc             ] GC(872) Concurrent Reset
[2026-06-17T09:54:16.189+0800][32.437s][info][gc             ] GC(872) Concurrent Reset 0.175ms
[2026-06-17T09:54:16.189+0800][32.437s][info][gc,cpu         ] GC(872) User=0.00s Sys=0.00s Real=0.00s
[2026-06-17T09:54:16.189+0800][32.437s][info][gc,heap        ] GC(872) Old: 36112K->22819K(43712K)
[2026-06-17T09:54:16.227+0800][32.475s][info][gc,start       ] GC(873) Pause Young (Allocation Failure)
[2026-06-17T09:54:16.227+0800][32.475s][info][gc,task        ] GC(873) Using 2 workers of 18 for evacuation
[2026-06-17T09:54:16.228+0800][32.476s][info][gc,heap        ] GC(873) ParNew: 19627K->2071K(19648K)
[2026-06-17T09:54:16.228+0800][32.476s][info][gc,heap        ] GC(873) CMS: 22819K->24855K(43712K)
[2026-06-17T09:54:16.228+0800][32.476s][info][gc,metaspace   ] GC(873) Metaspace: 3160K(4864K)->3160K(4864K) NonClass: 2855K(4352K)->2855K(4352K) Class: 305K(512K)->305K(512K)
[2026-06-17T09:54:16.229+0800][32.477s][info][gc             ] GC(873) Pause Young (Allocation Failure) 41M->26M(61M) 1.973ms
[2026-06-17T09:54:16.229+0800][32.477s][info][gc,cpu         ] GC(873) User=0.00s Sys=0.00s Real=0.00s
[2026-06-17T09:54:16.271+0800][32.519s][info][gc,start       ] GC(874) Pause Young (Allocation Failure)
[2026-06-17T09:54:16.271+0800][32.520s][info][gc,task        ] GC(874) Using 2 workers of 18 for evacuation
[2026-06-17T09:54:16.273+0800][32.521s][info][gc,heap        ] GC(874) ParNew: 19525K->2173K(19648K)
[2026-06-17T09:54:16.273+0800][32.521s][info][gc,heap        ] GC(874) CMS: 24855K->31457K(43712K)
[2026-06-17T09:54:16.273+0800][32.521s][info][gc,metaspace   ] GC(874) Metaspace: 3160K(4864K)->3160K(4864K) NonClass: 2855K(4352K)->2855K(4352K) Class: 305K(512K)->305K(512K)
[2026-06-17T09:54:16.273+0800][32.522s][info][gc             ] GC(874) Pause Young (Allocation Failure) 43M->32M(61M) 2.732ms
[2026-06-17T09:54:16.274+0800][32.522s][info][gc,cpu         ] GC(874) User=0.00s Sys=0.00s Real=0.00s
[2026-06-17T09:54:16.274+0800][32.522s][info][gc,start       ] GC(875) Pause Initial Mark
[2026-06-17T09:54:16.274+0800][32.522s][info][gc             ] GC(875) Pause Initial Mark 33M->33M(61M) 0.246ms
[2026-06-17T09:54:16.274+0800][32.523s][info][gc,cpu         ] GC(875) User=0.00s Sys=0.00s Real=0.00s
[2026-06-17T09:54:16.275+0800][32.523s][info][gc             ] GC(875) Concurrent Mark
[2026-06-17T09:54:16.275+0800][32.523s][info][gc,task        ] GC(875) Using 2 workers of 5 for marking
[2026-06-17T09:54:16.275+0800][32.523s][info][gc             ] GC(875) Concurrent Mark 0.702ms
[2026-06-17T09:54:16.276+0800][32.524s][info][gc,cpu         ] GC(875) User=0.00s Sys=0.00s Real=0.00s
[2026-06-17T09:54:16.276+0800][32.524s][info][gc             ] GC(875) Concurrent Preclean
[2026-06-17T09:54:16.276+0800][32.524s][info][gc             ] GC(875) Concurrent Preclean 0.219ms
[2026-06-17T09:54:16.276+0800][32.524s][info][gc,cpu         ] GC(875) User=0.00s Sys=0.00s Real=0.00s
[2026-06-17T09:54:16.276+0800][32.524s][info][gc,start       ] GC(875) Pause Remark
[2026-06-17T09:54:16.277+0800][32.525s][info][gc             ] GC(875) Pause Remark 33M->33M(61M) 0.453ms
[2026-06-17T09:54:16.277+0800][32.525s][info][gc,cpu         ] GC(875) User=0.00s Sys=0.00s Real=0.00s
[2026-06-17T09:54:16.277+0800][32.525s][info][gc             ] GC(875) Concurrent Sweep
[2026-06-17T09:54:16.277+0800][32.525s][info][gc             ] GC(875) Concurrent Sweep 0.222ms
[2026-06-17T09:54:16.277+0800][32.525s][info][gc,cpu         ] GC(875) User=0.00s Sys=0.00s Real=0.00s
[2026-06-17T09:54:16.277+0800][32.526s][info][gc             ] GC(875) Concurrent Reset
[2026-06-17T09:54:16.278+0800][32.526s][info][gc             ] GC(875) Concurrent Reset 0.136ms
[2026-06-17T09:54:16.278+0800][32.526s][info][gc,cpu         ] GC(875) User=0.00s Sys=0.00s Real=0.00s
[2026-06-17T09:54:16.278+0800][32.526s][info][gc,heap        ] GC(875) Old: 31457K->29443K(43712K)
[2026-06-17T09:54:16.326+0800][32.574s][info][gc,start       ] GC(876) Pause Young (Allocation Failure)
[2026-06-17T09:54:16.327+0800][32.575s][info][gc,task        ] GC(876) Using 2 workers of 18 for evacuation
[2026-06-17T09:54:16.327+0800][32.575s][info][gc,heap        ] GC(876) ParNew: 19634K->2165K(19648K)
[2026-06-17T09:54:16.328+0800][32.576s][info][gc,heap        ] GC(876) CMS: 29443K->32081K(43712K)
[2026-06-17T09:54:16.328+0800][32.576s][info][gc,metaspace   ] GC(876) Metaspace: 3160K(4864K)->3160K(4864K) NonClass: 2855K(4352K)->2855K(4352K) Class: 305K(512K)->305K(512K)
[2026-06-17T09:54:16.328+0800][32.576s][info][gc             ] GC(876) Pause Young (Allocation Failure) 47M->33M(61M) 1.609ms
[2026-06-17T09:54:16.328+0800][32.576s][info][gc,cpu         ] GC(876) User=0.00s Sys=0.00s Real=0.00s
[2026-06-17T09:54:16.328+0800][32.576s][info][gc,start       ] GC(877) Pause Initial Mark
[2026-06-17T09:54:16.329+0800][32.577s][info][gc             ] GC(877) Pause Initial Mark 35M->35M(61M) 0.284ms
[2026-06-17T09:54:16.329+0800][32.577s][info][gc,cpu         ] GC(877) User=0.00s Sys=0.00s Real=0.00s
[2026-06-17T09:54:16.329+0800][32.577s][info][gc             ] GC(877) Concurrent Mark
[2026-06-17T09:54:16.329+0800][32.577s][info][gc,task        ] GC(877) Using 2 workers of 5 for marking
[2026-06-17T09:54:16.330+0800][32.578s][info][gc             ] GC(877) Concurrent Mark 0.936ms
[2026-06-17T09:54:16.330+0800][32.578s][info][gc,cpu         ] GC(877) User=0.00s Sys=0.00s Real=0.00s
[2026-06-17T09:54:16.330+0800][32.578s][info][gc             ] GC(877) Concurrent Preclean
[2026-06-17T09:54:16.330+0800][32.578s][info][gc             ] GC(877) Concurrent Preclean 0.144ms
[2026-06-17T09:54:16.330+0800][32.578s][info][gc,cpu         ] GC(877) User=0.00s Sys=0.00s Real=0.00s
[2026-06-17T09:54:16.331+0800][32.579s][info][gc             ] GC(877) Concurrent Abortable Preclean
[2026-06-17T09:54:16.360+0800][32.608s][info][gc,start       ] GC(878) Pause Young (Allocation Failure)
[2026-06-17T09:54:16.361+0800][32.609s][info][gc,task        ] GC(878) Using 2 workers of 18 for evacuation
[2026-06-17T09:54:16.362+0800][32.610s][info][gc,heap        ] GC(878) ParNew: 18989K->2156K(19648K)
[2026-06-17T09:54:16.362+0800][32.610s][info][gc,heap        ] GC(878) CMS: 32081K->35200K(43712K)
[2026-06-17T09:54:16.362+0800][32.610s][info][gc,metaspace   ] GC(878) Metaspace: 3160K(4864K)->3160K(4864K) NonClass: 2855K(4352K)->2855K(4352K) Class: 305K(512K)->305K(512K)
[2026-06-17T09:54:16.362+0800][32.610s][info][gc             ] GC(878) Pause Young (Allocation Failure) 49M->36M(61M) 1.748ms
[2026-06-17T09:54:16.362+0800][32.610s][info][gc,cpu         ] GC(878) User=0.00s Sys=0.00s Real=0.00s
[2026-06-17T09:54:16.415+0800][32.663s][info][gc,start       ] GC(879) Pause Young (Allocation Failure)
[2026-06-17T09:54:16.415+0800][32.663s][info][gc,task        ] GC(879) Using 2 workers of 18 for evacuation
[2026-06-17T09:54:16.417+0800][32.665s][info][gc,heap        ] GC(879) ParNew: 19628K->2163K(19648K)
[2026-06-17T09:54:16.417+0800][32.665s][info][gc,heap        ] GC(879) CMS: 35200K->38802K(43712K)
[2026-06-17T09:54:16.417+0800][32.665s][info][gc,metaspace   ] GC(879) Metaspace: 3160K(4864K)->3160K(4864K) NonClass: 2855K(4352K)->2855K(4352K) Class: 305K(512K)->305K(512K)
[2026-06-17T09:54:16.417+0800][32.665s][info][gc             ] GC(879) Pause Young (Allocation Failure) 53M->40M(61M) 2.217ms
[2026-06-17T09:54:16.417+0800][32.665s][info][gc,cpu         ] GC(879) User=0.00s Sys=0.00s Real=0.00s
[2026-06-17T09:54:16.459+0800][32.707s][info][gc,start       ] GC(880) Pause Young (Allocation Failure)
[2026-06-17T09:54:16.459+0800][32.707s][info][gc,task        ] GC(880) Using 2 workers of 18 for evacuation
[2026-06-17T09:54:16.460+0800][32.708s][info][gc,heap        ] GC(880) ParNew: 19600K->2175K(19648K)
[2026-06-17T09:54:16.460+0800][32.709s][info][gc,heap        ] GC(880) CMS: 38802K->42690K(43712K)
[2026-06-17T09:54:16.461+0800][32.709s][info][gc,metaspace   ] GC(880) Metaspace: 3160K(4864K)->3160K(4864K) NonClass: 2855K(4352K)->2855K(4352K) Class: 305K(512K)->305K(512K)
[2026-06-17T09:54:16.461+0800][32.709s][info][gc             ] GC(880) Pause Young (Allocation Failure) 57M->43M(61M) 1.784ms
[2026-06-17T09:54:16.461+0800][32.709s][info][gc,cpu         ] GC(880) User=0.00s Sys=0.00s Real=0.00s
[2026-06-17T09:54:16.461+0800][32.709s][info][gc             ] GC(877) Concurrent Abortable Preclean 130.413ms
[2026-06-17T09:54:16.461+0800][32.709s][info][gc,cpu         ] GC(877) User=0.01s Sys=0.00s Real=0.12s
[2026-06-17T09:54:16.461+0800][32.709s][info][gc,start       ] GC(877) Pause Remark
[2026-06-17T09:54:16.462+0800][32.710s][info][gc             ] GC(877) Pause Remark 47M->47M(61M) 0.436ms
[2026-06-17T09:54:16.462+0800][32.710s][info][gc,cpu         ] GC(877) User=0.00s Sys=0.00s Real=0.00s
[2026-06-17T09:54:16.462+0800][32.710s][info][gc             ] GC(877) Concurrent Sweep
[2026-06-17T09:54:16.463+0800][32.711s][info][gc             ] GC(877) Concurrent Sweep 0.424ms
[2026-06-17T09:54:16.463+0800][32.711s][info][gc,cpu         ] GC(877) User=0.00s Sys=0.00s Real=0.01s
[2026-06-17T09:54:16.463+0800][32.711s][info][gc             ] GC(877) Concurrent Reset
[2026-06-17T09:54:16.463+0800][32.712s][info][gc             ] GC(877) Concurrent Reset 0.222ms
[2026-06-17T09:54:16.464+0800][32.712s][info][gc,cpu         ] GC(877) User=0.00s Sys=0.00s Real=0.00s
[2026-06-17T09:54:16.464+0800][32.712s][info][gc,heap        ] GC(877) Old: 32081K->31056K(43712K)
[2026-06-17T09:54:16.503+0800][32.751s][info][gc,start       ] GC(881) Pause Young (Allocation Failure)
[2026-06-17T09:54:16.503+0800][32.752s][info][gc,task        ] GC(881) Using 2 workers of 18 for evacuation
[2026-06-17T09:54:16.505+0800][32.753s][info][gc,heap        ] GC(881) ParNew: 19616K->2172K(19648K)
[2026-06-17T09:54:16.505+0800][32.753s][info][gc,heap        ] GC(881) CMS: 31056K->35624K(43712K)
[2026-06-17T09:54:16.505+0800][32.753s][info][gc,metaspace   ] GC(881) Metaspace: 3160K(4864K)->3160K(4864K) NonClass: 2855K(4352K)->2855K(4352K) Class: 305K(512K)->305K(512K)
[2026-06-17T09:54:16.505+0800][32.753s][info][gc             ] GC(881) Pause Young (Allocation Failure) 49M->36M(61M) 2.358ms
[2026-06-17T09:54:16.505+0800][32.754s][info][gc,cpu         ] GC(881) User=0.00s Sys=0.00s Real=0.00s
[2026-06-17T09:54:16.506+0800][32.754s][info][gc,start       ] GC(882) Pause Initial Mark
[2026-06-17T09:54:16.506+0800][32.754s][info][gc             ] GC(882) Pause Initial Mark 38M->38M(61M) 0.232ms
[2026-06-17T09:54:16.506+0800][32.754s][info][gc,cpu         ] GC(882) User=0.00s Sys=0.00s Real=0.00s
[2026-06-17T09:54:16.507+0800][32.755s][info][gc             ] GC(882) Concurrent Mark
[2026-06-17T09:54:16.507+0800][32.755s][info][gc,task        ] GC(882) Using 2 workers of 5 for marking
[2026-06-17T09:54:16.507+0800][32.756s][info][gc             ] GC(882) Concurrent Mark 0.771ms
[2026-06-17T09:54:16.508+0800][32.756s][info][gc,cpu         ] GC(882) User=0.00s Sys=0.00s Real=0.00s
[2026-06-17T09:54:16.508+0800][32.756s][info][gc             ] GC(882) Concurrent Preclean
[2026-06-17T09:54:16.508+0800][32.756s][info][gc             ] GC(882) Concurrent Preclean 0.137ms
[2026-06-17T09:54:16.508+0800][32.756s][info][gc,cpu         ] GC(882) User=0.00s Sys=0.00s Real=0.00s
[2026-06-17T09:54:16.508+0800][32.756s][info][gc             ] GC(882) Concurrent Abortable Preclean
[2026-06-17T09:54:16.548+0800][32.796s][info][gc,start       ] GC(883) Pause Young (Allocation Failure)
[2026-06-17T09:54:16.549+0800][32.797s][info][gc,task        ] GC(883) Using 2 workers of 18 for evacuation
[2026-06-17T09:54:16.552+0800][32.800s][info][gc,heap        ] GC(883) ParNew: 19635K->2175K(19648K)
[2026-06-17T09:54:16.552+0800][32.800s][info][gc,heap        ] GC(883) CMS: 35624K->38938K(43712K)
[2026-06-17T09:54:16.552+0800][32.800s][info][gc,metaspace   ] GC(883) Metaspace: 3160K(4864K)->3160K(4864K) NonClass: 2855K(4352K)->2855K(4352K) Class: 305K(512K)->305K(512K)
[2026-06-17T09:54:16.552+0800][32.800s][info][gc             ] GC(883) Pause Young (Allocation Failure) 53M->40M(61M) 3.971ms
[2026-06-17T09:54:16.552+0800][32.801s][info][gc,cpu         ] GC(883) User=0.00s Sys=0.00s Real=0.01s
[2026-06-17T09:54:16.594+0800][32.843s][info][gc,start       ] GC(884) Pause Young (Allocation Failure)
[2026-06-17T09:54:16.595+0800][32.843s][info][gc,task        ] GC(884) Using 2 workers of 18 for evacuation
[2026-06-17T09:54:16.595+0800][32.843s][info][gc,start       ] GC(885) Pause Full (Allocation Failure)
[2026-06-17T09:54:16.595+0800][32.843s][info][gc             ] GC(882) Concurrent Abortable Preclean 87.314ms
[2026-06-17T09:54:16.596+0800][32.844s][info][gc,cpu         ] GC(882) User=0.00s Sys=0.00s Real=0.09s
[2026-06-17T09:54:16.596+0800][32.844s][info][gc,phases,start] GC(885) Phase 1: Mark live objects
[2026-06-17T09:54:16.597+0800][32.845s][info][gc,phases      ] GC(885) Phase 1: Mark live objects 0.703ms
[2026-06-17T09:54:16.597+0800][32.845s][info][gc,phases,start] GC(885) Phase 2: Compute new object addresses
[2026-06-17T09:54:16.598+0800][32.846s][info][gc,phases      ] GC(885) Phase 2: Compute new object addresses 0.428ms
[2026-06-17T09:54:16.598+0800][32.846s][info][gc,phases,start] GC(885) Phase 3: Adjust pointers
[2026-06-17T09:54:16.598+0800][32.846s][info][gc,phases      ] GC(885) Phase 3: Adjust pointers 0.430ms
[2026-06-17T09:54:16.599+0800][32.847s][info][gc,phases,start] GC(885) Phase 4: Move objects
[2026-06-17T09:54:16.601+0800][32.849s][info][gc,phases      ] GC(885) Phase 4: Move objects 2.683ms
[2026-06-17T09:54:16.602+0800][32.850s][info][gc             ] GC(885) Pause Full (Allocation Failure) 57M->32M(61M) 6.668ms
[2026-06-17T09:54:16.602+0800][32.850s][info][gc,heap        ] GC(884) ParNew: 19637K->0K(19648K)
[2026-06-17T09:54:16.602+0800][32.850s][info][gc,heap        ] GC(884) CMS: 38938K->33327K(43712K)
[2026-06-17T09:54:16.602+0800][32.851s][info][gc,metaspace   ] GC(884) Metaspace: 3160K(4864K)->3160K(4864K) NonClass: 2855K(4352K)->2855K(4352K) Class: 305K(512K)->305K(512K)
[2026-06-17T09:54:16.603+0800][32.851s][info][gc             ] GC(884) Pause Young (Allocation Failure) 57M->32M(61M) 8.221ms
[2026-06-17T09:54:16.603+0800][32.852s][info][gc,cpu         ] GC(884) User=0.01s Sys=0.00s Real=0.01s
[2026-06-17T09:54:16.646+0800][32.894s][info][gc,start       ] GC(886) Pause Young (Allocation Failure)
[2026-06-17T09:54:16.646+0800][32.894s][info][gc,task        ] GC(886) Using 2 workers of 18 for evacuation
[2026-06-17T09:54:16.653+0800][32.902s][info][gc,heap        ] GC(886) ParNew: 17462K->2173K(19648K)
[2026-06-17T09:54:16.654+0800][32.902s][info][gc,heap        ] GC(886) CMS: 33327K->38148K(43712K)
[2026-06-17T09:54:16.654+0800][32.902s][info][gc,metaspace   ] GC(886) Metaspace: 3160K(4864K)->3160K(4864K) NonClass: 2855K(4352K)->2855K(4352K) Class: 305K(512K)->305K(512K)
[2026-06-17T09:54:16.654+0800][32.902s][info][gc             ] GC(886) Pause Young (Allocation Failure) 49M->39M(61M) 8.413ms
[2026-06-17T09:54:16.654+0800][32.902s][info][gc,cpu         ] GC(886) User=0.01s Sys=0.00s Real=0.01s
[2026-06-17T09:54:16.655+0800][32.903s][info][gc,start       ] GC(887) Pause Initial Mark
[2026-06-17T09:54:16.655+0800][32.903s][info][gc             ] GC(887) Pause Initial Mark 40M->40M(61M) 0.329ms
[2026-06-17T09:54:16.655+0800][32.903s][info][gc,cpu         ] GC(887) User=0.00s Sys=0.00s Real=0.00s
[2026-06-17T09:54:16.655+0800][32.904s][info][gc             ] GC(887) Concurrent Mark
[2026-06-17T09:54:16.656+0800][32.904s][info][gc,task        ] GC(887) Using 2 workers of 5 for marking
[2026-06-17T09:54:16.656+0800][32.904s][info][gc             ] GC(887) Concurrent Mark 0.950ms
[2026-06-17T09:54:16.657+0800][32.905s][info][gc,cpu         ] GC(887) User=0.00s Sys=0.00s Real=0.00s
[2026-06-17T09:54:16.657+0800][32.905s][info][gc             ] GC(887) Concurrent Preclean
[2026-06-17T09:54:16.657+0800][32.905s][info][gc             ] GC(887) Concurrent Preclean 0.260ms
[2026-06-17T09:54:16.657+0800][32.905s][info][gc,cpu         ] GC(887) User=0.00s Sys=0.00s Real=0.00s
[2026-06-17T09:54:16.658+0800][32.906s][info][gc,start       ] GC(887) Pause Remark
[2026-06-17T09:54:16.658+0800][32.906s][info][gc             ] GC(887) Pause Remark 40M->40M(61M) 0.523ms
[2026-06-17T09:54:16.659+0800][32.907s][info][gc,cpu         ] GC(887) User=0.00s Sys=0.00s Real=0.00s
[2026-06-17T09:54:16.660+0800][32.908s][info][gc             ] GC(887) Concurrent Sweep
[2026-06-17T09:54:16.660+0800][32.908s][info][gc             ] GC(887) Concurrent Sweep 0.316ms
[2026-06-17T09:54:16.660+0800][32.908s][info][gc,cpu         ] GC(887) User=0.00s Sys=0.00s Real=0.00s
[2026-06-17T09:54:16.660+0800][32.908s][info][gc             ] GC(887) Concurrent Reset
[2026-06-17T09:54:16.660+0800][32.909s][info][gc             ] GC(887) Concurrent Reset 0.126ms
[2026-06-17T09:54:16.661+0800][32.909s][info][gc,cpu         ] GC(887) User=0.00s Sys=0.00s Real=0.00s
[2026-06-17T09:54:16.661+0800][32.909s][info][gc,heap        ] GC(887) Old: 38148K->24878K(43712K)
[2026-06-17T09:54:16.707+0800][32.956s][info][gc,start       ] GC(888) Pause Young (Allocation Failure)
[2026-06-17T09:54:16.709+0800][32.957s][info][gc,task        ] GC(888) Using 2 workers of 18 for evacuation
[2026-06-17T09:54:16.711+0800][32.959s][info][gc,heap        ] GC(888) ParNew: 19631K->1931K(19648K)
[2026-06-17T09:54:16.711+0800][32.959s][info][gc,heap        ] GC(888) CMS: 24878K->26727K(43712K)
[2026-06-17T09:54:16.711+0800][32.960s][info][gc,metaspace   ] GC(888) Metaspace: 3160K(4864K)->3160K(4864K) NonClass: 2855K(4352K)->2855K(4352K) Class: 305K(512K)->305K(512K)
[2026-06-17T09:54:16.712+0800][32.960s][info][gc             ] GC(888) Pause Young (Allocation Failure) 43M->27M(61M) 4.179ms
[2026-06-17T09:54:16.712+0800][32.960s][info][gc,cpu         ] GC(888) User=0.00s Sys=0.00s Real=0.01s
[2026-06-17T09:54:16.754+0800][33.002s][info][gc,start       ] GC(889) Pause Young (Allocation Failure)
[2026-06-17T09:54:16.754+0800][33.002s][info][gc,task        ] GC(889) Using 2 workers of 18 for evacuation
[2026-06-17T09:54:16.755+0800][33.003s][info][gc,heap        ] GC(889) ParNew: 19384K->2134K(19648K)
[2026-06-17T09:54:16.755+0800][33.003s][info][gc,heap        ] GC(889) CMS: 26727K->30146K(43712K)
[2026-06-17T09:54:16.755+0800][33.004s][info][gc,metaspace   ] GC(889) Metaspace: 3160K(4864K)->3160K(4864K) NonClass: 2855K(4352K)->2855K(4352K) Class: 305K(512K)->305K(512K)
[2026-06-17T09:54:16.756+0800][33.004s][info][gc             ] GC(889) Pause Young (Allocation Failure) 45M->31M(61M) 1.884ms
[2026-06-17T09:54:16.756+0800][33.004s][info][gc,cpu         ] GC(889) User=0.00s Sys=0.00s Real=0.00s
[2026-06-17T09:54:16.798+0800][33.046s][info][gc,start       ] GC(890) Pause Young (Allocation Failure)
[2026-06-17T09:54:16.798+0800][33.047s][info][gc,task        ] GC(890) Using 2 workers of 18 for evacuation
[2026-06-17T09:54:16.799+0800][33.048s][info][gc,heap        ] GC(890) ParNew: 19589K->2168K(19648K)
[2026-06-17T09:54:16.800+0800][33.048s][info][gc,heap        ] GC(890) CMS: 30146K->34055K(43712K)
[2026-06-17T09:54:16.800+0800][33.048s][info][gc,metaspace   ] GC(890) Metaspace: 3160K(4864K)->3160K(4864K) NonClass: 2855K(4352K)->2855K(4352K) Class: 305K(512K)->305K(512K)
[2026-06-17T09:54:16.800+0800][33.048s][info][gc             ] GC(890) Pause Young (Allocation Failure) 48M->35M(61M) 2.337ms
[2026-06-17T09:54:16.801+0800][33.049s][info][gc,cpu         ] GC(890) User=0.01s Sys=0.00s Real=0.00s
[2026-06-17T09:54:16.803+0800][33.051s][info][gc,start       ] GC(891) Pause Initial Mark
[2026-06-17T09:54:16.803+0800][33.051s][info][gc             ] GC(891) Pause Initial Mark 37M->37M(61M) 0.427ms
[2026-06-17T09:54:16.804+0800][33.052s][info][gc,cpu         ] GC(891) User=0.00s Sys=0.00s Real=0.00s
[2026-06-17T09:54:16.804+0800][33.052s][info][gc             ] GC(891) Concurrent Mark
[2026-06-17T09:54:16.804+0800][33.052s][info][gc,task        ] GC(891) Using 2 workers of 5 for marking
[2026-06-17T09:54:16.805+0800][33.053s][info][gc             ] GC(891) Concurrent Mark 1.116ms
[2026-06-17T09:54:16.805+0800][33.053s][info][gc,cpu         ] GC(891) User=0.00s Sys=0.00s Real=0.00s
[2026-06-17T09:54:16.805+0800][33.053s][info][gc             ] GC(891) Concurrent Preclean
[2026-06-17T09:54:16.805+0800][33.053s][info][gc             ] GC(891) Concurrent Preclean 0.132ms
[2026-06-17T09:54:16.805+0800][33.054s][info][gc,cpu         ] GC(891) User=0.00s Sys=0.00s Real=0.00s
[2026-06-17T09:54:16.806+0800][33.054s][info][gc             ] GC(891) Concurrent Abortable Preclean
[2026-06-17T09:54:16.845+0800][33.093s][info][gc,start       ] GC(892) Pause Young (Allocation Failure)
[2026-06-17T09:54:16.846+0800][33.094s][info][gc,task        ] GC(892) Using 2 workers of 18 for evacuation
[2026-06-17T09:54:16.847+0800][33.095s][info][gc,heap        ] GC(892) ParNew: 19638K->2169K(19648K)
[2026-06-17T09:54:16.847+0800][33.095s][info][gc,heap        ] GC(892) CMS: 34055K->38996K(43712K)
[2026-06-17T09:54:16.847+0800][33.096s][info][gc,metaspace   ] GC(892) Metaspace: 3161K(4864K)->3161K(4864K) NonClass: 2855K(4352K)->2855K(4352K) Class: 305K(512K)->305K(512K)
[2026-06-17T09:54:16.848+0800][33.096s][info][gc             ] GC(892) Pause Young (Allocation Failure) 52M->40M(61M) 2.433ms
[2026-06-17T09:54:16.848+0800][33.096s][info][gc,cpu         ] GC(892) User=0.00s Sys=0.00s Real=0.00s
[2026-06-17T09:54:16.890+0800][33.138s][info][gc,start       ] GC(893) Pause Young (Allocation Failure)
[2026-06-17T09:54:16.890+0800][33.138s][info][gc,task        ] GC(893) Using 2 workers of 18 for evacuation
[2026-06-17T09:54:16.890+0800][33.138s][info][gc,start       ] GC(894) Pause Full (Allocation Failure)
[2026-06-17T09:54:16.890+0800][33.138s][info][gc             ] GC(891) Concurrent Abortable Preclean 84.790ms
[2026-06-17T09:54:16.891+0800][33.139s][info][gc,cpu         ] GC(891) User=0.00s Sys=0.00s Real=0.09s
[2026-06-17T09:54:16.891+0800][33.139s][info][gc,phases,start] GC(894) Phase 1: Mark live objects
[2026-06-17T09:54:16.891+0800][33.140s][info][gc,phases      ] GC(894) Phase 1: Mark live objects 0.609ms
[2026-06-17T09:54:16.892+0800][33.140s][info][gc,phases,start] GC(894) Phase 2: Compute new object addresses
[2026-06-17T09:54:16.892+0800][33.140s][info][gc,phases      ] GC(894) Phase 2: Compute new object addresses 0.338ms
[2026-06-17T09:54:16.892+0800][33.140s][info][gc,phases,start] GC(894) Phase 3: Adjust pointers
[2026-06-17T09:54:16.892+0800][33.141s][info][gc,phases      ] GC(894) Phase 3: Adjust pointers 0.363ms
[2026-06-17T09:54:16.893+0800][33.141s][info][gc,phases,start] GC(894) Phase 4: Move objects
[2026-06-17T09:54:16.895+0800][33.143s][info][gc,phases      ] GC(894) Phase 4: Move objects 2.167ms
[2026-06-17T09:54:16.895+0800][33.143s][info][gc             ] GC(894) Pause Full (Allocation Failure) 57M->24M(61M) 4.898ms
[2026-06-17T09:54:16.895+0800][33.143s][info][gc,heap        ] GC(893) ParNew: 19639K->0K(19648K)
[2026-06-17T09:54:16.895+0800][33.143s][info][gc,heap        ] GC(893) CMS: 38996K->25407K(43712K)
[2026-06-17T09:54:16.895+0800][33.144s][info][gc,metaspace   ] GC(893) Metaspace: 3161K(4864K)->3161K(4864K) NonClass: 2855K(4352K)->2855K(4352K) Class: 305K(512K)->305K(512K)
[2026-06-17T09:54:16.896+0800][33.144s][info][gc             ] GC(893) Pause Young (Allocation Failure) 57M->24M(61M) 5.818ms
[2026-06-17T09:54:16.896+0800][33.144s][info][gc,cpu         ] GC(893) User=0.01s Sys=0.00s Real=0.01s
[2026-06-17T09:54:16.938+0800][33.186s][info][gc,start       ] GC(895) Pause Young (Allocation Failure)
[2026-06-17T09:54:16.938+0800][33.186s][info][gc,task        ] GC(895) Using 2 workers of 18 for evacuation
[2026-06-17T09:54:16.939+0800][33.187s][info][gc,heap        ] GC(895) ParNew: 17452K->2170K(19648K)
[2026-06-17T09:54:16.939+0800][33.188s][info][gc,heap        ] GC(895) CMS: 25407K->30091K(43712K)
[2026-06-17T09:54:16.940+0800][33.188s][info][gc,metaspace   ] GC(895) Metaspace: 3161K(4864K)->3161K(4864K) NonClass: 2855K(4352K)->2855K(4352K) Class: 305K(512K)->305K(512K)
[2026-06-17T09:54:16.940+0800][33.188s][info][gc             ] GC(895) Pause Young (Allocation Failure) 41M->31M(61M) 2.191ms
[2026-06-17T09:54:16.940+0800][33.188s][info][gc,cpu         ] GC(895) User=0.00s Sys=0.00s Real=0.00s
[2026-06-17T09:54:16.982+0800][33.230s][info][gc,start       ] GC(896) Pause Young (Allocation Failure)
[2026-06-17T09:54:16.982+0800][33.230s][info][gc,task        ] GC(896) Using 2 workers of 18 for evacuation
[2026-06-17T09:54:16.983+0800][33.231s][info][gc,heap        ] GC(896) ParNew: 19341K->2041K(19648K)
[2026-06-17T09:54:16.983+0800][33.231s][info][gc,heap        ] GC(896) CMS: 30091K->32537K(43712K)
[2026-06-17T09:54:16.983+0800][33.231s][info][gc,metaspace   ] GC(896) Metaspace: 3161K(4864K)->3161K(4864K) NonClass: 2855K(4352K)->2855K(4352K) Class: 305K(512K)->305K(512K)
[2026-06-17T09:54:16.983+0800][33.231s][info][gc             ] GC(896) Pause Young (Allocation Failure) 48M->33M(61M) 1.418ms
[2026-06-17T09:54:16.983+0800][33.231s][info][gc,cpu         ] GC(896) User=0.00s Sys=0.00s Real=0.01s
[2026-06-17T09:54:17.025+0800][33.273s][info][gc,start       ] GC(897) Pause Young (Allocation Failure)
[2026-06-17T09:54:17.025+0800][33.274s][info][gc,task        ] GC(897) Using 2 workers of 18 for evacuation
[2026-06-17T09:54:17.026+0800][33.275s][info][gc,heap        ] GC(897) ParNew: 19494K->2172K(19648K)
[2026-06-17T09:54:17.027+0800][33.275s][info][gc,heap        ] GC(897) CMS: 32537K->39469K(43712K)
[2026-06-17T09:54:17.027+0800][33.275s][info][gc,metaspace   ] GC(897) Metaspace: 3161K(4864K)->3161K(4864K) NonClass: 2855K(4352K)->2855K(4352K) Class: 305K(512K)->305K(512K)
[2026-06-17T09:54:17.027+0800][33.275s][info][gc             ] GC(897) Pause Young (Allocation Failure) 50M->40M(61M) 1.989ms
[2026-06-17T09:54:17.028+0800][33.276s][info][gc,cpu         ] GC(897) User=0.00s Sys=0.00s Real=0.00s
[2026-06-17T09:54:17.028+0800][33.276s][info][gc,start       ] GC(898) Pause Initial Mark
[2026-06-17T09:54:17.028+0800][33.276s][info][gc             ] GC(898) Pause Initial Mark 41M->41M(61M) 0.284ms
[2026-06-17T09:54:17.029+0800][33.277s][info][gc,cpu         ] GC(898) User=0.00s Sys=0.00s Real=0.00s
[2026-06-17T09:54:17.029+0800][33.277s][info][gc             ] GC(898) Concurrent Mark
[2026-06-17T09:54:17.029+0800][33.277s][info][gc,task        ] GC(898) Using 2 workers of 5 for marking
[2026-06-17T09:54:17.037+0800][33.285s][info][gc             ] GC(898) Concurrent Mark 7.877ms
[2026-06-17T09:54:17.037+0800][33.285s][info][gc,cpu         ] GC(898) User=0.02s Sys=0.00s Real=0.01s
[2026-06-17T09:54:17.037+0800][33.285s][info][gc             ] GC(898) Concurrent Preclean
[2026-06-17T09:54:17.037+0800][33.286s][info][gc             ] GC(898) Concurrent Preclean 0.230ms
[2026-06-17T09:54:17.038+0800][33.286s][info][gc,cpu         ] GC(898) User=0.00s Sys=0.00s Real=0.00s
[2026-06-17T09:54:17.038+0800][33.286s][info][gc,start       ] GC(898) Pause Remark
[2026-06-17T09:54:17.039+0800][33.287s][info][gc             ] GC(898) Pause Remark 41M->41M(61M) 0.676ms
[2026-06-17T09:54:17.039+0800][33.287s][info][gc,cpu         ] GC(898) User=0.00s Sys=0.00s Real=0.00s
[2026-06-17T09:54:17.039+0800][33.287s][info][gc             ] GC(898) Concurrent Sweep
[2026-06-17T09:54:17.040+0800][33.288s][info][gc             ] GC(898) Concurrent Sweep 0.415ms
[2026-06-17T09:54:17.040+0800][33.288s][info][gc,cpu         ] GC(898) User=0.00s Sys=0.00s Real=0.00s
[2026-06-17T09:54:17.040+0800][33.288s][info][gc             ] GC(898) Concurrent Reset
[2026-06-17T09:54:17.040+0800][33.289s][info][gc             ] GC(898) Concurrent Reset 0.225ms
[2026-06-17T09:54:17.041+0800][33.289s][info][gc,cpu         ] GC(898) User=0.00s Sys=0.00s Real=0.00s
[2026-06-17T09:54:17.041+0800][33.289s][info][gc,heap        ] GC(898) Old: 39469K->23373K(43712K)
[2026-06-17T09:54:17.081+0800][33.329s][info][gc,start       ] GC(899) Pause Young (Allocation Failure)
[2026-06-17T09:54:17.083+0800][33.331s][info][gc,task        ] GC(899) Using 2 workers of 18 for evacuation
[2026-06-17T09:54:17.083+0800][33.332s][info][gc,heap        ] GC(899) ParNew: 19626K->2172K(19648K)
[2026-06-17T09:54:17.084+0800][33.332s][info][gc,heap        ] GC(899) CMS: 23373K->26514K(43712K)
[2026-06-17T09:54:17.085+0800][33.333s][info][gc,metaspace   ] GC(899) Metaspace: 3161K(4864K)->3161K(4864K) NonClass: 2855K(4352K)->2855K(4352K) Class: 305K(512K)->305K(512K)
[2026-06-17T09:54:17.085+0800][33.333s][info][gc             ] GC(899) Pause Young (Allocation Failure) 41M->28M(61M) 3.970ms
[2026-06-17T09:54:17.085+0800][33.333s][info][gc,cpu         ] GC(899) User=0.00s Sys=0.00s Real=0.01s
[2026-06-17T09:54:17.127+0800][33.375s][info][gc,start       ] GC(900) Pause Young (Allocation Failure)
[2026-06-17T09:54:17.128+0800][33.376s][info][gc,task        ] GC(900) Using 2 workers of 18 for evacuation
[2026-06-17T09:54:17.129+0800][33.377s][info][gc,heap        ] GC(900) ParNew: 19644K->2169K(19648K)
[2026-06-17T09:54:17.130+0800][33.378s][info][gc,heap        ] GC(900) CMS: 26514K->31418K(43712K)
[2026-06-17T09:54:17.135+0800][33.383s][info][gc,metaspace   ] GC(900) Metaspace: 3161K(4864K)->3161K(4864K) NonClass: 2855K(4352K)->2855K(4352K) Class: 305K(512K)->305K(512K)
[2026-06-17T09:54:17.135+0800][33.383s][info][gc             ] GC(900) Pause Young (Allocation Failure) 45M->32M(61M) 7.807ms
[2026-06-17T09:54:17.135+0800][33.383s][info][gc,cpu         ] GC(900) User=0.00s Sys=0.00s Real=0.01s
[2026-06-17T09:54:17.136+0800][33.384s][info][gc,start       ] GC(901) Pause Initial Mark
[2026-06-17T09:54:17.136+0800][33.384s][info][gc             ] GC(901) Pause Initial Mark 33M->33M(61M) 0.422ms
[2026-06-17T09:54:17.136+0800][33.384s][info][gc,cpu         ] GC(901) User=0.01s Sys=0.00s Real=0.00s
[2026-06-17T09:54:17.137+0800][33.385s][info][gc             ] GC(901) Concurrent Mark
[2026-06-17T09:54:17.137+0800][33.385s][info][gc,task        ] GC(901) Using 2 workers of 5 for marking
[2026-06-17T09:54:17.138+0800][33.386s][info][gc             ] GC(901) Concurrent Mark 1.564ms
[2026-06-17T09:54:17.138+0800][33.387s][info][gc,cpu         ] GC(901) User=0.00s Sys=0.00s Real=0.00s
[2026-06-17T09:54:17.139+0800][33.387s][info][gc             ] GC(901) Concurrent Preclean
[2026-06-17T09:54:17.139+0800][33.387s][info][gc             ] GC(901) Concurrent Preclean 0.143ms
[2026-06-17T09:54:17.139+0800][33.387s][info][gc,cpu         ] GC(901) User=0.00s Sys=0.00s Real=0.00s
[2026-06-17T09:54:17.139+0800][33.387s][info][gc,start       ] GC(901) Pause Remark
[2026-06-17T09:54:17.140+0800][33.388s][info][gc             ] GC(901) Pause Remark 33M->33M(61M) 0.707ms
[2026-06-17T09:54:17.146+0800][33.394s][info][gc,cpu         ] GC(901) User=0.00s Sys=0.00s Real=0.01s
[2026-06-17T09:54:17.152+0800][33.400s][info][gc             ] GC(901) Concurrent Sweep
[2026-06-17T09:54:17.155+0800][33.403s][info][gc             ] GC(901) Concurrent Sweep 2.744ms
[2026-06-17T09:54:17.160+0800][33.408s][info][gc,cpu         ] GC(901) User=0.00s Sys=0.00s Real=0.00s
[2026-06-17T09:54:17.160+0800][33.408s][info][gc             ] GC(901) Concurrent Reset
[2026-06-17T09:54:17.161+0800][33.409s][info][gc             ] GC(901) Concurrent Reset 0.600ms
[2026-06-17T09:54:17.162+0800][33.411s][info][gc,cpu         ] GC(901) User=0.00s Sys=0.00s Real=0.01s
[2026-06-17T09:54:17.171+0800][33.419s][info][gc,heap        ] GC(901) Old: 31418K->27697K(43712K)
[2026-06-17T09:54:17.184+0800][33.432s][info][gc,start       ] GC(902) Pause Young (Allocation Failure)
[2026-06-17T09:54:17.187+0800][33.436s][info][gc,task        ] GC(902) Using 2 workers of 18 for evacuation
[2026-06-17T09:54:17.189+0800][33.437s][info][gc,heap        ] GC(902) ParNew: 19595K->2174K(19648K)
[2026-06-17T09:54:17.194+0800][33.442s][info][gc,heap        ] GC(902) CMS: 27697K->32978K(43712K)
[2026-06-17T09:54:17.199+0800][33.447s][info][gc,metaspace   ] GC(902) Metaspace: 3161K(4864K)->3161K(4864K) NonClass: 2855K(4352K)->2855K(4352K) Class: 305K(512K)->305K(512K)
[2026-06-17T09:54:17.204+0800][33.452s][info][gc             ] GC(902) Pause Young (Allocation Failure) 46M->34M(61M) 20.037ms
[2026-06-17T09:54:17.207+0800][33.455s][info][gc,cpu         ] GC(902) User=0.00s Sys=0.00s Real=0.02s
[2026-06-17T09:54:17.207+0800][33.455s][info][gc,start       ] GC(903) Pause Initial Mark
[2026-06-17T09:54:17.212+0800][33.460s][info][gc             ] GC(903) Pause Initial Mark 35M->35M(61M) 5.210ms
[2026-06-17T09:54:17.221+0800][33.469s][info][gc,cpu         ] GC(903) User=0.00s Sys=0.00s Real=0.01s
[2026-06-17T09:54:17.225+0800][33.473s][info][gc             ] GC(903) Concurrent Mark
[2026-06-17T09:54:17.225+0800][33.473s][info][gc,task        ] GC(903) Using 2 workers of 5 for marking
[2026-06-17T09:54:17.226+0800][33.474s][info][gc             ] GC(903) Concurrent Mark 1.192ms
[2026-06-17T09:54:17.226+0800][33.475s][info][gc,cpu         ] GC(903) User=0.00s Sys=0.00s Real=0.00s
[2026-06-17T09:54:17.227+0800][33.475s][info][gc             ] GC(903) Concurrent Preclean
[2026-06-17T09:54:17.230+0800][33.478s][info][gc             ] GC(903) Concurrent Preclean 2.860ms
[2026-06-17T09:54:17.230+0800][33.478s][info][gc,cpu         ] GC(903) User=0.00s Sys=0.00s Real=0.00s
[2026-06-17T09:54:17.230+0800][33.478s][info][gc             ] GC(903) Concurrent Abortable Preclean
[2026-06-17T09:54:17.256+0800][33.505s][info][gc,start       ] GC(904) Pause Young (Allocation Failure)
[2026-06-17T09:54:17.257+0800][33.505s][info][gc,task        ] GC(904) Using 2 workers of 18 for evacuation
[2026-06-17T09:54:17.258+0800][33.506s][info][gc,heap        ] GC(904) ParNew: 19552K->1938K(19648K)
[2026-06-17T09:54:17.258+0800][33.506s][info][gc,heap        ] GC(904) CMS: 32978K->35718K(43712K)
[2026-06-17T09:54:17.259+0800][33.507s][info][gc,metaspace   ] GC(904) Metaspace: 3161K(4864K)->3161K(4864K) NonClass: 2855K(4352K)->2855K(4352K) Class: 305K(512K)->305K(512K)
[2026-06-17T09:54:17.259+0800][33.507s][info][gc             ] GC(904) Pause Young (Allocation Failure) 51M->36M(61M) 2.413ms
[2026-06-17T09:54:17.259+0800][33.507s][info][gc,cpu         ] GC(904) User=0.01s Sys=0.00s Real=0.00s
[2026-06-17T09:54:17.312+0800][33.560s][info][gc,start       ] GC(905) Pause Young (Allocation Failure)
[2026-06-17T09:54:17.313+0800][33.561s][info][gc,task        ] GC(905) Using 2 workers of 18 for evacuation
[2026-06-17T09:54:17.314+0800][33.562s][info][gc,heap        ] GC(905) ParNew: 19410K->2061K(19648K)
[2026-06-17T09:54:17.314+0800][33.562s][info][gc,heap        ] GC(905) CMS: 35718K->39088K(43712K)
[2026-06-17T09:54:17.315+0800][33.563s][info][gc,metaspace   ] GC(905) Metaspace: 3161K(4864K)->3161K(4864K) NonClass: 2855K(4352K)->2855K(4352K) Class: 305K(512K)->305K(512K)
[2026-06-17T09:54:17.315+0800][33.563s][info][gc             ] GC(905) Pause Young (Allocation Failure) 53M->40M(61M) 3.270ms
[2026-06-17T09:54:17.315+0800][33.563s][info][gc,cpu         ] GC(905) User=0.00s Sys=0.00s Real=0.00s
[2026-06-17T09:54:17.357+0800][33.606s][info][gc,start       ] GC(906) Pause Young (Allocation Failure)
[2026-06-17T09:54:17.358+0800][33.606s][info][gc,task        ] GC(906) Using 2 workers of 18 for evacuation
[2026-06-17T09:54:17.359+0800][33.607s][info][gc,start       ] GC(907) Pause Full (Allocation Failure)
[2026-06-17T09:54:17.359+0800][33.607s][info][gc             ] GC(903) Concurrent Abortable Preclean 128.724ms
[2026-06-17T09:54:17.359+0800][33.607s][info][gc,cpu         ] GC(903) User=0.01s Sys=0.01s Real=0.13s
[2026-06-17T09:54:17.360+0800][33.608s][info][gc,phases,start] GC(907) Phase 1: Mark live objects
[2026-06-17T09:54:17.361+0800][33.609s][info][gc,phases      ] GC(907) Phase 1: Mark live objects 1.118ms
[2026-06-17T09:54:17.361+0800][33.609s][info][gc,phases,start] GC(907) Phase 2: Compute new object addresses
[2026-06-17T09:54:17.362+0800][33.610s][info][gc,phases      ] GC(907) Phase 2: Compute new object addresses 1.141ms
[2026-06-17T09:54:17.363+0800][33.611s][info][gc,phases,start] GC(907) Phase 3: Adjust pointers
[2026-06-17T09:54:17.363+0800][33.611s][info][gc,phases      ] GC(907) Phase 3: Adjust pointers 0.706ms
[2026-06-17T09:54:17.364+0800][33.612s][info][gc,phases,start] GC(907) Phase 4: Move objects
[2026-06-17T09:54:17.367+0800][33.615s][info][gc,phases      ] GC(907) Phase 4: Move objects 2.937ms
[2026-06-17T09:54:17.367+0800][33.615s][info][gc             ] GC(907) Pause Full (Allocation Failure) 57M->30M(61M) 8.350ms
[2026-06-17T09:54:17.369+0800][33.617s][info][gc,heap        ] GC(906) ParNew: 19501K->0K(19648K)
[2026-06-17T09:54:17.369+0800][33.617s][info][gc,heap        ] GC(906) CMS: 39088K->30954K(43712K)
[2026-06-17T09:54:17.369+0800][33.617s][info][gc,metaspace   ] GC(906) Metaspace: 3161K(4864K)->3161K(4864K) NonClass: 2855K(4352K)->2855K(4352K) Class: 305K(512K)->305K(512K)
[2026-06-17T09:54:17.369+0800][33.617s][info][gc             ] GC(906) Pause Young (Allocation Failure) 57M->30M(61M) 11.748ms
[2026-06-17T09:54:17.369+0800][33.618s][info][gc,cpu         ] GC(906) User=0.00s Sys=0.00s Real=0.01s
[2026-06-17T09:54:17.412+0800][33.660s][info][gc,start       ] GC(908) Pause Young (Allocation Failure)
[2026-06-17T09:54:17.412+0800][33.660s][info][gc,task        ] GC(908) Using 2 workers of 18 for evacuation
[2026-06-17T09:54:17.413+0800][33.661s][info][gc,heap        ] GC(908) ParNew: 17465K->2172K(19648K)
[2026-06-17T09:54:17.413+0800][33.661s][info][gc,heap        ] GC(908) CMS: 30954K->35465K(43712K)
[2026-06-17T09:54:17.413+0800][33.661s][info][gc,metaspace   ] GC(908) Metaspace: 3161K(4864K)->3161K(4864K) NonClass: 2855K(4352K)->2855K(4352K) Class: 305K(512K)->305K(512K)
[2026-06-17T09:54:17.414+0800][33.662s][info][gc             ] GC(908) Pause Young (Allocation Failure) 47M->36M(61M) 1.868ms
[2026-06-17T09:54:17.414+0800][33.662s][info][gc,cpu         ] GC(908) User=0.00s Sys=0.00s Real=0.00s
[2026-06-17T09:54:17.414+0800][33.662s][info][gc,start       ] GC(909) Pause Initial Mark
[2026-06-17T09:54:17.414+0800][33.662s][info][gc             ] GC(909) Pause Initial Mark 37M->37M(61M) 0.279ms
[2026-06-17T09:54:17.414+0800][33.663s][info][gc,cpu         ] GC(909) User=0.00s Sys=0.00s Real=0.00s
[2026-06-17T09:54:17.415+0800][33.663s][info][gc             ] GC(909) Concurrent Mark
[2026-06-17T09:54:17.415+0800][33.663s][info][gc,task        ] GC(909) Using 2 workers of 5 for marking
[2026-06-17T09:54:17.415+0800][33.664s][info][gc             ] GC(909) Concurrent Mark 0.768ms
[2026-06-17T09:54:17.415+0800][33.664s][info][gc,cpu         ] GC(909) User=0.00s Sys=0.00s Real=0.00s
[2026-06-17T09:54:17.416+0800][33.664s][info][gc             ] GC(909) Concurrent Preclean
[2026-06-17T09:54:17.416+0800][33.664s][info][gc             ] GC(909) Concurrent Preclean 0.127ms
[2026-06-17T09:54:17.416+0800][33.664s][info][gc,cpu         ] GC(909) User=0.00s Sys=0.00s Real=0.00s
[2026-06-17T09:54:17.416+0800][33.664s][info][gc             ] GC(909) Concurrent Abortable Preclean
[2026-06-17T09:54:17.456+0800][33.705s][info][gc,start       ] GC(910) Pause Young (Allocation Failure)
[2026-06-17T09:54:17.462+0800][33.711s][info][gc,task        ] GC(910) Using 2 workers of 18 for evacuation
[2026-06-17T09:54:17.468+0800][33.716s][info][gc,heap        ] GC(910) ParNew: 19644K->2168K(19648K)
[2026-06-17T09:54:17.470+0800][33.718s][info][gc,heap        ] GC(910) CMS: 35465K->39723K(43712K)
[2026-06-17T09:54:17.470+0800][33.718s][info][gc,metaspace   ] GC(910) Metaspace: 3161K(4864K)->3161K(4864K) NonClass: 2855K(4352K)->2855K(4352K) Class: 305K(512K)->305K(512K)
[2026-06-17T09:54:17.470+0800][33.719s][info][gc             ] GC(910) Pause Young (Allocation Failure) 53M->40M(61M) 13.976ms
[2026-06-17T09:54:17.471+0800][33.719s][info][gc,cpu         ] GC(910) User=0.00s Sys=0.00s Real=0.02s
[2026-06-17T09:54:17.513+0800][33.761s][info][gc,start       ] GC(911) Pause Young (Allocation Failure)
[2026-06-17T09:54:17.513+0800][33.761s][info][gc,task        ] GC(911) Using 2 workers of 18 for evacuation
[2026-06-17T09:54:17.513+0800][33.761s][info][gc,start       ] GC(912) Pause Full (Allocation Failure)
[2026-06-17T09:54:17.513+0800][33.762s][info][gc             ] GC(909) Concurrent Abortable Preclean 97.302ms
[2026-06-17T09:54:17.514+0800][33.762s][info][gc,cpu         ] GC(909) User=0.00s Sys=0.00s Real=0.10s
[2026-06-17T09:54:17.514+0800][33.762s][info][gc,phases,start] GC(912) Phase 1: Mark live objects
[2026-06-17T09:54:17.515+0800][33.763s][info][gc,phases      ] GC(912) Phase 1: Mark live objects 0.734ms
[2026-06-17T09:54:17.515+0800][33.763s][info][gc,phases,start] GC(912) Phase 2: Compute new object addresses
[2026-06-17T09:54:17.515+0800][33.763s][info][gc,phases      ] GC(912) Phase 2: Compute new object addresses 0.459ms
[2026-06-17T09:54:17.515+0800][33.764s][info][gc,phases,start] GC(912) Phase 3: Adjust pointers
[2026-06-17T09:54:17.516+0800][33.764s][info][gc,phases      ] GC(912) Phase 3: Adjust pointers 0.433ms
[2026-06-17T09:54:17.516+0800][33.764s][info][gc,phases,start] GC(912) Phase 4: Move objects
[2026-06-17T09:54:17.519+0800][33.767s][info][gc,phases      ] GC(912) Phase 4: Move objects 2.581ms
[2026-06-17T09:54:17.519+0800][33.767s][info][gc             ] GC(912) Pause Full (Allocation Failure) 57M->27M(61M) 5.881ms
[2026-06-17T09:54:17.519+0800][33.767s][info][gc,heap        ] GC(911) ParNew: 19420K->0K(19648K)
[2026-06-17T09:54:17.519+0800][33.768s][info][gc,heap        ] GC(911) CMS: 39723K->28217K(43712K)
[2026-06-17T09:54:17.520+0800][33.768s][info][gc,metaspace   ] GC(911) Metaspace: 3161K(4864K)->3161K(4864K) NonClass: 2855K(4352K)->2855K(4352K) Class: 305K(512K)->305K(512K)
[2026-06-17T09:54:17.520+0800][33.768s][info][gc             ] GC(911) Pause Young (Allocation Failure) 57M->27M(61M) 7.133ms
[2026-06-17T09:54:17.520+0800][33.768s][info][gc,cpu         ] GC(911) User=0.01s Sys=0.00s Real=0.00s
[2026-06-17T09:54:17.573+0800][33.821s][info][gc,start       ] GC(913) Pause Young (Allocation Failure)
[2026-06-17T09:54:17.574+0800][33.822s][info][gc,task        ] GC(913) Using 2 workers of 18 for evacuation
[2026-06-17T09:54:17.575+0800][33.823s][info][gc,heap        ] GC(913) ParNew: 17434K->2172K(19648K)
[2026-06-17T09:54:17.575+0800][33.824s][info][gc,heap        ] GC(913) CMS: 28217K->29626K(43712K)
[2026-06-17T09:54:17.576+0800][33.824s][info][gc,metaspace   ] GC(913) Metaspace: 3161K(4864K)->3161K(4864K) NonClass: 2855K(4352K)->2855K(4352K) Class: 305K(512K)->305K(512K)
[2026-06-17T09:54:17.577+0800][33.825s][info][gc             ] GC(913) Pause Young (Allocation Failure) 44M->31M(61M) 3.299ms
[2026-06-17T09:54:17.577+0800][33.825s][info][gc,cpu         ] GC(913) User=0.00s Sys=0.00s Real=0.00s
[2026-06-17T09:54:17.620+0800][33.868s][info][gc,start       ] GC(914) Pause Young (Allocation Failure)
[2026-06-17T09:54:17.620+0800][33.869s][info][gc,task        ] GC(914) Using 2 workers of 18 for evacuation
[2026-06-17T09:54:17.622+0800][33.870s][info][gc,heap        ] GC(914) ParNew: 19628K->2174K(19648K)
[2026-06-17T09:54:17.622+0800][33.870s][info][gc,heap        ] GC(914) CMS: 29626K->33639K(43712K)
[2026-06-17T09:54:17.622+0800][33.871s][info][gc,metaspace   ] GC(914) Metaspace: 3161K(4864K)->3161K(4864K) NonClass: 2855K(4352K)->2855K(4352K) Class: 305K(512K)->305K(512K)
[2026-06-17T09:54:17.623+0800][33.871s][info][gc             ] GC(914) Pause Young (Allocation Failure) 48M->34M(61M) 2.898ms
[2026-06-17T09:54:17.623+0800][33.871s][info][gc,cpu         ] GC(914) User=0.00s Sys=0.00s Real=0.01s
[2026-06-17T09:54:17.624+0800][33.872s][info][gc,start       ] GC(915) Pause Initial Mark
[2026-06-17T09:54:17.624+0800][33.872s][info][gc             ] GC(915) Pause Initial Mark 35M->35M(61M) 0.364ms
[2026-06-17T09:54:17.624+0800][33.873s][info][gc,cpu         ] GC(915) User=0.01s Sys=0.00s Real=0.00s
[2026-06-17T09:54:17.625+0800][33.873s][info][gc             ] GC(915) Concurrent Mark
[2026-06-17T09:54:17.625+0800][33.873s][info][gc,task        ] GC(915) Using 2 workers of 5 for marking
[2026-06-17T09:54:17.626+0800][33.874s][info][gc             ] GC(915) Concurrent Mark 1.325ms
[2026-06-17T09:54:17.626+0800][33.875s][info][gc,cpu         ] GC(915) User=0.00s Sys=0.00s Real=0.00s
[2026-06-17T09:54:17.627+0800][33.875s][info][gc             ] GC(915) Concurrent Preclean
[2026-06-17T09:54:17.627+0800][33.875s][info][gc             ] GC(915) Concurrent Preclean 0.361ms
[2026-06-17T09:54:17.628+0800][33.876s][info][gc,cpu         ] GC(915) User=0.00s Sys=0.00s Real=0.00s
[2026-06-17T09:54:17.628+0800][33.876s][info][gc             ] GC(915) Concurrent Abortable Preclean
[2026-06-17T09:54:17.667+0800][33.915s][info][gc,start       ] GC(916) Pause Young (Allocation Failure)
[2026-06-17T09:54:17.667+0800][33.915s][info][gc,task        ] GC(916) Using 2 workers of 18 for evacuation
[2026-06-17T09:54:17.668+0800][33.916s][info][gc,heap        ] GC(916) ParNew: 19644K->2166K(19648K)
[2026-06-17T09:54:17.668+0800][33.916s][info][gc,heap        ] GC(916) CMS: 33639K->38874K(43712K)
[2026-06-17T09:54:17.668+0800][33.916s][info][gc,metaspace   ] GC(916) Metaspace: 3161K(4864K)->3161K(4864K) NonClass: 2855K(4352K)->2855K(4352K) Class: 305K(512K)->305K(512K)
[2026-06-17T09:54:17.668+0800][33.916s][info][gc             ] GC(916) Pause Young (Allocation Failure) 52M->40M(61M) 1.710ms
[2026-06-17T09:54:17.668+0800][33.917s][info][gc,cpu         ] GC(916) User=0.00s Sys=0.00s Real=0.00s
[2026-06-17T09:54:17.710+0800][33.959s][info][gc,start       ] GC(917) Pause Young (Allocation Failure)
[2026-06-17T09:54:17.711+0800][33.959s][info][gc,task        ] GC(917) Using 2 workers of 18 for evacuation
[2026-06-17T09:54:17.711+0800][33.959s][info][gc,start       ] GC(918) Pause Full (Allocation Failure)
[2026-06-17T09:54:17.712+0800][33.960s][info][gc             ] GC(915) Concurrent Abortable Preclean 83.857ms
[2026-06-17T09:54:17.712+0800][33.960s][info][gc,cpu         ] GC(915) User=0.00s Sys=0.00s Real=0.09s
[2026-06-17T09:54:17.713+0800][33.961s][info][gc,phases,start] GC(918) Phase 1: Mark live objects
[2026-06-17T09:54:17.713+0800][33.962s][info][gc,phases      ] GC(918) Phase 1: Mark live objects 0.923ms
[2026-06-17T09:54:17.714+0800][33.962s][info][gc,phases,start] GC(918) Phase 2: Compute new object addresses
[2026-06-17T09:54:17.714+0800][33.963s][info][gc,phases      ] GC(918) Phase 2: Compute new object addresses 0.617ms
[2026-06-17T09:54:17.715+0800][33.963s][info][gc,phases,start] GC(918) Phase 3: Adjust pointers
[2026-06-17T09:54:17.715+0800][33.964s][info][gc,phases      ] GC(918) Phase 3: Adjust pointers 0.617ms
[2026-06-17T09:54:17.716+0800][33.964s][info][gc,phases,start] GC(918) Phase 4: Move objects
[2026-06-17T09:54:17.719+0800][33.967s][info][gc,phases      ] GC(918) Phase 4: Move objects 2.862ms
[2026-06-17T09:54:17.719+0800][33.967s][info][gc             ] GC(918) Pause Full (Allocation Failure) 57M->31M(61M) 7.931ms
[2026-06-17T09:54:17.720+0800][33.968s][info][gc,heap        ] GC(917) ParNew: 19633K->0K(19648K)
[2026-06-17T09:54:17.720+0800][33.968s][info][gc,heap        ] GC(917) CMS: 38874K->32458K(43712K)
[2026-06-17T09:54:17.720+0800][33.968s][info][gc,metaspace   ] GC(917) Metaspace: 3161K(4864K)->3161K(4864K) NonClass: 2855K(4352K)->2855K(4352K) Class: 305K(512K)->305K(512K)
[2026-06-17T09:54:17.720+0800][33.968s][info][gc             ] GC(917) Pause Young (Allocation Failure) 57M->31M(61M) 9.825ms
[2026-06-17T09:54:17.720+0800][33.968s][info][gc,cpu         ] GC(917) User=0.01s Sys=0.00s Real=0.01s
[2026-06-17T09:54:17.762+0800][34.011s][info][gc,start       ] GC(919) Pause Young (Allocation Failure)
[2026-06-17T09:54:17.763+0800][34.011s][info][gc,task        ] GC(919) Using 2 workers of 18 for evacuation
[2026-06-17T09:54:17.764+0800][34.012s][info][gc,heap        ] GC(919) ParNew: 17448K->2060K(19648K)
[2026-06-17T09:54:17.767+0800][34.015s][info][gc,heap        ] GC(919) CMS: 32458K->33921K(43712K)
[2026-06-17T09:54:17.768+0800][34.016s][info][gc,metaspace   ] GC(919) Metaspace: 3161K(4864K)->3161K(4864K) NonClass: 2855K(4352K)->2855K(4352K) Class: 305K(512K)->305K(512K)
[2026-06-17T09:54:17.768+0800][34.016s][info][gc             ] GC(919) Pause Young (Allocation Failure) 48M->35M(61M) 5.926ms
[2026-06-17T09:54:17.769+0800][34.018s][info][gc,cpu         ] GC(919) User=0.00s Sys=0.00s Real=0.01s
[2026-06-17T09:54:17.813+0800][34.061s][info][gc,start       ] GC(920) Pause Young (Allocation Failure)
[2026-06-17T09:54:17.813+0800][34.061s][info][gc,task        ] GC(920) Using 2 workers of 18 for evacuation
[2026-06-17T09:54:17.815+0800][34.063s][info][gc,heap        ] GC(920) ParNew: 19518K->2172K(19648K)
[2026-06-17T09:54:17.815+0800][34.063s][info][gc,heap        ] GC(920) CMS: 33921K->40530K(43712K)
[2026-06-17T09:54:17.815+0800][34.064s][info][gc,metaspace   ] GC(920) Metaspace: 3161K(4864K)->3161K(4864K) NonClass: 2855K(4352K)->2855K(4352K) Class: 305K(512K)->305K(512K)
[2026-06-17T09:54:17.816+0800][34.064s][info][gc             ] GC(920) Pause Young (Allocation Failure) 52M->41M(61M) 3.087ms
[2026-06-17T09:54:17.816+0800][34.064s][info][gc,cpu         ] GC(920) User=0.00s Sys=0.00s Real=0.00s
[2026-06-17T09:54:17.817+0800][34.065s][info][gc,start       ] GC(921) Pause Initial Mark
[2026-06-17T09:54:17.817+0800][34.065s][info][gc             ] GC(921) Pause Initial Mark 42M->42M(61M) 0.481ms
[2026-06-17T09:54:17.817+0800][34.066s][info][gc,cpu         ] GC(921) User=0.00s Sys=0.00s Real=0.00s
[2026-06-17T09:54:17.818+0800][34.066s][info][gc             ] GC(921) Concurrent Mark
[2026-06-17T09:54:17.818+0800][34.066s][info][gc,task        ] GC(921) Using 2 workers of 5 for marking
[2026-06-17T09:54:17.819+0800][34.067s][info][gc             ] GC(921) Concurrent Mark 1.218ms
[2026-06-17T09:54:17.819+0800][34.067s][info][gc,cpu         ] GC(921) User=0.00s Sys=0.00s Real=0.00s
[2026-06-17T09:54:17.819+0800][34.068s][info][gc             ] GC(921) Concurrent Preclean
[2026-06-17T09:54:17.820+0800][34.068s][info][gc             ] GC(921) Concurrent Preclean 0.180ms
[2026-06-17T09:54:17.820+0800][34.068s][info][gc,cpu         ] GC(921) User=0.00s Sys=0.00s Real=0.00s
[2026-06-17T09:54:17.820+0800][34.068s][info][gc,start       ] GC(921) Pause Remark
[2026-06-17T09:54:17.820+0800][34.069s][info][gc             ] GC(921) Pause Remark 42M->42M(61M) 0.475ms
[2026-06-17T09:54:17.821+0800][34.069s][info][gc,cpu         ] GC(921) User=0.00s Sys=0.00s Real=0.00s
[2026-06-17T09:54:17.821+0800][34.069s][info][gc             ] GC(921) Concurrent Sweep
[2026-06-17T09:54:17.821+0800][34.069s][info][gc             ] GC(921) Concurrent Sweep 0.314ms
[2026-06-17T09:54:17.821+0800][34.069s][info][gc,cpu         ] GC(921) User=0.00s Sys=0.00s Real=0.00s
[2026-06-17T09:54:17.821+0800][34.070s][info][gc             ] GC(921) Concurrent Reset
[2026-06-17T09:54:17.822+0800][34.070s][info][gc             ] GC(921) Concurrent Reset 0.129ms
[2026-06-17T09:54:17.822+0800][34.070s][info][gc,cpu         ] GC(921) User=0.00s Sys=0.00s Real=0.00s
[2026-06-17T09:54:17.822+0800][34.070s][info][gc,heap        ] GC(921) Old: 40530K->22870K(43712K)
[2026-06-17T09:54:17.869+0800][34.118s][info][gc,start       ] GC(922) Pause Young (Allocation Failure)
[2026-06-17T09:54:17.870+0800][34.118s][info][gc,task        ] GC(922) Using 2 workers of 18 for evacuation
[2026-06-17T09:54:17.871+0800][34.119s][info][gc,heap        ] GC(922) ParNew: 19641K->2086K(19648K)
[2026-06-17T09:54:17.871+0800][34.119s][info][gc,heap        ] GC(922) CMS: 22870K->25072K(43712K)
[2026-06-17T09:54:17.871+0800][34.120s][info][gc,metaspace   ] GC(922) Metaspace: 3161K(4864K)->3161K(4864K) NonClass: 2855K(4352K)->2855K(4352K) Class: 305K(512K)->305K(512K)
[2026-06-17T09:54:17.872+0800][34.120s][info][gc             ] GC(922) Pause Young (Allocation Failure) 41M->26M(61M) 2.179ms
[2026-06-17T09:54:17.872+0800][34.120s][info][gc,cpu         ] GC(922) User=0.00s Sys=0.00s Real=0.01s
[2026-06-17T09:54:17.914+0800][34.162s][info][gc,start       ] GC(923) Pause Young (Allocation Failure)
[2026-06-17T09:54:17.914+0800][34.162s][info][gc,task        ] GC(923) Using 2 workers of 18 for evacuation
[2026-06-17T09:54:17.915+0800][34.163s][info][gc,heap        ] GC(923) ParNew: 19557K->2159K(19648K)
[2026-06-17T09:54:17.915+0800][34.164s][info][gc,heap        ] GC(923) CMS: 25072K->28921K(43712K)
[2026-06-17T09:54:17.916+0800][34.164s][info][gc,metaspace   ] GC(923) Metaspace: 3161K(4864K)->3161K(4864K) NonClass: 2855K(4352K)->2855K(4352K) Class: 305K(512K)->305K(512K)
[2026-06-17T09:54:17.916+0800][34.164s][info][gc             ] GC(923) Pause Young (Allocation Failure) 43M->30M(61M) 2.378ms
[2026-06-17T09:54:17.916+0800][34.165s][info][gc,cpu         ] GC(923) User=0.00s Sys=0.00s Real=0.00s
[2026-06-17T09:54:17.958+0800][34.207s][info][gc,start       ] GC(924) Pause Young (Allocation Failure)
[2026-06-17T09:54:18.003+0800][34.251s][info][gc,task        ] GC(924) Using 2 workers of 18 for evacuation
[2026-06-17T09:54:18.004+0800][34.253s][info][gc,heap        ] GC(924) ParNew: 19609K->2171K(19648K)
[2026-06-17T09:54:18.007+0800][34.255s][info][gc,heap        ] GC(924) CMS: 28921K->32916K(43712K)
[2026-06-17T09:54:18.008+0800][34.256s][info][gc,metaspace   ] GC(924) Metaspace: 3161K(4864K)->3161K(4864K) NonClass: 2855K(4352K)->2855K(4352K) Class: 305K(512K)->305K(512K)
[2026-06-17T09:54:18.008+0800][34.257s][info][gc             ] GC(924) Pause Young (Allocation Failure) 47M->34M(61M) 49.879ms
[2026-06-17T09:54:18.009+0800][34.257s][info][gc,cpu         ] GC(924) User=0.00s Sys=0.00s Real=0.05s
[2026-06-17T09:54:18.099+0800][34.347s][info][gc,start       ] GC(925) Pause Young (Allocation Failure)
[2026-06-17T09:54:18.101+0800][34.349s][info][gc,task        ] GC(925) Using 2 workers of 18 for evacuation
[2026-06-17T09:54:18.102+0800][34.350s][info][gc,heap        ] GC(925) ParNew: 19629K->2172K(19648K)
[2026-06-17T09:54:18.103+0800][34.351s][info][gc,heap        ] GC(925) CMS: 32916K->38010K(43712K)
[2026-06-17T09:54:18.104+0800][34.352s][info][gc,metaspace   ] GC(925) Metaspace: 3161K(4864K)->3161K(4864K) NonClass: 2855K(4352K)->2855K(4352K) Class: 305K(512K)->305K(512K)
[2026-06-17T09:54:18.105+0800][34.353s][info][gc             ] GC(925) Pause Young (Allocation Failure) 51M->39M(61M) 6.400ms
[2026-06-17T09:54:18.107+0800][34.355s][info][gc,cpu         ] GC(925) User=0.00s Sys=0.00s Real=0.01s
[2026-06-17T09:54:18.108+0800][34.356s][info][gc,start       ] GC(926) Pause Initial Mark
[2026-06-17T09:54:18.110+0800][34.358s][info][gc             ] GC(926) Pause Initial Mark 40M->40M(61M) 1.702ms
[2026-06-17T09:54:18.110+0800][34.359s][info][gc,cpu         ] GC(926) User=0.00s Sys=0.00s Real=0.00s
[2026-06-17T09:54:18.112+0800][34.360s][info][gc             ] GC(926) Concurrent Mark
[2026-06-17T09:54:18.112+0800][34.361s][info][gc,task        ] GC(926) Using 2 workers of 5 for marking
[2026-06-17T09:54:18.114+0800][34.362s][info][gc             ] GC(926) Concurrent Mark 2.589ms
[2026-06-17T09:54:18.115+0800][34.363s][info][gc,cpu         ] GC(926) User=0.01s Sys=0.00s Real=0.00s
[2026-06-17T09:54:18.117+0800][34.365s][info][gc             ] GC(926) Concurrent Preclean
[2026-06-17T09:54:18.118+0800][34.366s][info][gc             ] GC(926) Concurrent Preclean 1.442ms
[2026-06-17T09:54:18.119+0800][34.367s][info][gc,cpu         ] GC(926) User=0.00s Sys=0.00s Real=0.00s
[2026-06-17T09:54:18.119+0800][34.367s][info][gc             ] GC(926) Concurrent Abortable Preclean
[2026-06-17T09:54:18.153+0800][34.401s][info][gc,start       ] GC(927) Pause Young (Allocation Failure)
[2026-06-17T09:54:18.154+0800][34.402s][info][gc,task        ] GC(927) Using 2 workers of 18 for evacuation
[2026-06-17T09:54:18.154+0800][34.402s][info][gc,start       ] GC(928) Pause Full (Allocation Failure)
[2026-06-17T09:54:18.155+0800][34.403s][info][gc             ] GC(926) Concurrent Abortable Preclean 35.340ms
[2026-06-17T09:54:18.155+0800][34.403s][info][gc,cpu         ] GC(926) User=0.00s Sys=0.00s Real=0.04s
[2026-06-17T09:54:18.155+0800][34.403s][info][gc,phases,start] GC(928) Phase 1: Mark live objects
[2026-06-17T09:54:18.156+0800][34.404s][info][gc,phases      ] GC(928) Phase 1: Mark live objects 0.822ms
[2026-06-17T09:54:18.157+0800][34.405s][info][gc,phases,start] GC(928) Phase 2: Compute new object addresses
[2026-06-17T09:54:18.157+0800][34.405s][info][gc,phases      ] GC(928) Phase 2: Compute new object addresses 0.754ms
[2026-06-17T09:54:18.158+0800][34.406s][info][gc,phases,start] GC(928) Phase 3: Adjust pointers
[2026-06-17T09:54:18.158+0800][34.406s][info][gc,phases      ] GC(928) Phase 3: Adjust pointers 0.585ms
[2026-06-17T09:54:18.159+0800][34.407s][info][gc,phases,start] GC(928) Phase 4: Move objects
[2026-06-17T09:54:18.163+0800][34.411s][info][gc,phases      ] GC(928) Phase 4: Move objects 3.995ms
[2026-06-17T09:54:18.163+0800][34.411s][info][gc             ] GC(928) Pause Full (Allocation Failure) 56M->30M(61M) 9.059ms
[2026-06-17T09:54:18.164+0800][34.412s][info][gc,heap        ] GC(927) ParNew: 19644K->0K(19648K)
[2026-06-17T09:54:18.164+0800][34.412s][info][gc,heap        ] GC(927) CMS: 38010K->30831K(43712K)
[2026-06-17T09:54:18.164+0800][34.413s][info][gc,metaspace   ] GC(927) Metaspace: 3161K(4864K)->3161K(4864K) NonClass: 2855K(4352K)->2855K(4352K) Class: 305K(512K)->305K(512K)
[2026-06-17T09:54:18.165+0800][34.413s][info][gc             ] GC(927) Pause Young (Allocation Failure) 56M->30M(61M) 11.478ms
[2026-06-17T09:54:18.165+0800][34.413s][info][gc,cpu         ] GC(927) User=0.00s Sys=0.00s Real=0.01s
[2026-06-17T09:54:18.208+0800][34.456s][info][gc,start       ] GC(929) Pause Young (Allocation Failure)
[2026-06-17T09:54:18.209+0800][34.457s][info][gc,task        ] GC(929) Using 2 workers of 18 for evacuation
[2026-06-17T09:54:18.211+0800][34.459s][info][gc,heap        ] GC(929) ParNew: 17461K->2172K(19648K)
[2026-06-17T09:54:18.211+0800][34.459s][info][gc,heap        ] GC(929) CMS: 30831K->35323K(43712K)
[2026-06-17T09:54:18.212+0800][34.460s][info][gc,metaspace   ] GC(929) Metaspace: 3161K(4864K)->3161K(4864K) NonClass: 2855K(4352K)->2855K(4352K) Class: 305K(512K)->305K(512K)
[2026-06-17T09:54:18.212+0800][34.460s][info][gc             ] GC(929) Pause Young (Allocation Failure) 47M->36M(61M) 4.612ms
[2026-06-17T09:54:18.213+0800][34.461s][info][gc,cpu         ] GC(929) User=0.00s Sys=0.00s Real=0.01s
[2026-06-17T09:54:18.213+0800][34.462s][info][gc,start       ] GC(930) Pause Initial Mark
[2026-06-17T09:54:18.214+0800][34.462s][info][gc             ] GC(930) Pause Initial Mark 37M->37M(61M) 0.538ms
[2026-06-17T09:54:18.214+0800][34.462s][info][gc,cpu         ] GC(930) User=0.00s Sys=0.00s Real=0.00s
[2026-06-17T09:54:18.215+0800][34.463s][info][gc             ] GC(930) Concurrent Mark
[2026-06-17T09:54:18.215+0800][34.463s][info][gc,task        ] GC(930) Using 2 workers of 5 for marking
[2026-06-17T09:54:18.217+0800][34.465s][info][gc             ] GC(930) Concurrent Mark 1.792ms
[2026-06-17T09:54:18.218+0800][34.466s][info][gc,cpu         ] GC(930) User=0.01s Sys=0.00s Real=0.00s
[2026-06-17T09:54:18.220+0800][34.468s][info][gc             ] GC(930) Concurrent Preclean
[2026-06-17T09:54:18.222+0800][34.470s][info][gc             ] GC(930) Concurrent Preclean 2.393ms
[2026-06-17T09:54:18.223+0800][34.471s][info][gc,cpu         ] GC(930) User=0.00s Sys=0.00s Real=0.01s
[2026-06-17T09:54:18.226+0800][34.474s][info][gc             ] GC(930) Concurrent Abortable Preclean
[2026-06-17T09:54:18.255+0800][34.503s][info][gc,start       ] GC(931) Pause Young (Allocation Failure)
[2026-06-17T09:54:18.260+0800][34.508s][info][gc,task        ] GC(931) Using 2 workers of 18 for evacuation
[2026-06-17T09:54:18.264+0800][34.513s][info][gc,heap        ] GC(931) ParNew: 19450K->2146K(19648K)
[2026-06-17T09:54:18.266+0800][34.514s][info][gc,heap        ] GC(931) CMS: 35323K->38126K(43712K)
[2026-06-17T09:54:18.270+0800][34.519s][info][gc,metaspace   ] GC(931) Metaspace: 3161K(4864K)->3161K(4864K) NonClass: 2855K(4352K)->2855K(4352K) Class: 305K(512K)->305K(512K)
[2026-06-17T09:54:18.271+0800][34.519s][info][gc             ] GC(931) Pause Young (Allocation Failure) 53M->39M(61M) 15.906ms
[2026-06-17T09:54:18.274+0800][34.522s][info][gc,cpu         ] GC(931) User=0.00s Sys=0.00s Real=0.02s
[2026-06-17T09:54:18.320+0800][34.569s][info][gc,start       ] GC(932) Pause Young (Allocation Failure)
[2026-06-17T09:54:18.324+0800][34.573s][info][gc,task        ] GC(932) Using 2 workers of 18 for evacuation
[2026-06-17T09:54:18.328+0800][34.576s][info][gc,promotion   ] Promotion failed
[2026-06-17T09:54:18.331+0800][34.579s][info][gc,start       ] GC(933) Pause Full (Allocation Failure)
[2026-06-17T09:54:18.332+0800][34.580s][info][gc             ] GC(930) Concurrent Abortable Preclean 105.672ms
[2026-06-17T09:54:18.336+0800][34.584s][info][gc,cpu         ] GC(930) User=0.00s Sys=0.00s Real=0.11s
[2026-06-17T09:54:18.337+0800][34.585s][info][gc,phases,start] GC(933) Phase 1: Mark live objects
[2026-06-17T09:54:18.339+0800][34.587s][info][gc,phases      ] GC(933) Phase 1: Mark live objects 1.491ms
[2026-06-17T09:54:18.340+0800][34.588s][info][gc,phases,start] GC(933) Phase 2: Compute new object addresses
[2026-06-17T09:54:18.342+0800][34.590s][info][gc,phases      ] GC(933) Phase 2: Compute new object addresses 2.320ms
[2026-06-17T09:54:18.343+0800][34.591s][info][gc,phases,start] GC(933) Phase 3: Adjust pointers
[2026-06-17T09:54:18.344+0800][34.592s][info][gc,phases      ] GC(933) Phase 3: Adjust pointers 1.052ms
[2026-06-17T09:54:18.344+0800][34.593s][info][gc,phases,start] GC(933) Phase 4: Move objects
[2026-06-17T09:54:18.347+0800][34.595s][info][gc,phases      ] GC(933) Phase 4: Move objects 2.542ms
[2026-06-17T09:54:18.350+0800][34.598s][info][gc             ] GC(933) Pause Full (Allocation Failure) 61M->30M(61M) 18.934ms
[2026-06-17T09:54:18.358+0800][34.606s][info][gc,heap        ] GC(932) ParNew: 19618K->0K(19648K)
[2026-06-17T09:54:18.358+0800][34.606s][info][gc,heap        ] GC(932) CMS: 38126K->30759K(43712K)
[2026-06-17T09:54:18.359+0800][34.607s][info][gc,metaspace   ] GC(932) Metaspace: 3161K(4864K)->3161K(4864K) NonClass: 2855K(4352K)->2855K(4352K) Class: 305K(512K)->305K(512K)
[2026-06-17T09:54:18.359+0800][34.607s][info][gc             ] GC(932) Pause Young (Allocation Failure) 56M->30M(61M) 38.567ms
[2026-06-17T09:54:18.360+0800][34.608s][info][gc,cpu         ] GC(932) User=0.01s Sys=0.00s Real=0.04s
[2026-06-17T09:54:18.415+0800][34.663s][info][gc,start       ] GC(934) Pause Young (Allocation Failure)
[2026-06-17T09:54:18.418+0800][34.666s][info][gc,task        ] GC(934) Using 2 workers of 18 for evacuation
[2026-06-17T09:54:18.419+0800][34.667s][info][gc,heap        ] GC(934) ParNew: 17460K->2170K(19648K)
[2026-06-17T09:54:18.423+0800][34.671s][info][gc,heap        ] GC(934) CMS: 30759K->31906K(43712K)
[2026-06-17T09:54:18.434+0800][34.682s][info][gc,metaspace   ] GC(934) Metaspace: 3161K(4864K)->3161K(4864K) NonClass: 2855K(4352K)->2855K(4352K) Class: 305K(512K)->305K(512K)
[2026-06-17T09:54:18.436+0800][34.684s][info][gc             ] GC(934) Pause Young (Allocation Failure) 47M->33M(61M) 21.240ms
[2026-06-17T09:54:18.437+0800][34.686s][info][gc,cpu         ] GC(934) User=0.00s Sys=0.00s Real=0.02s
[2026-06-17T09:54:18.472+0800][34.720s][info][gc,start       ] GC(935) Pause Young (Allocation Failure)
[2026-06-17T09:54:18.472+0800][34.721s][info][gc,task        ] GC(935) Using 2 workers of 18 for evacuation
[2026-06-17T09:54:18.479+0800][34.727s][info][gc,heap        ] GC(935) ParNew: 19536K->2149K(19648K)
[2026-06-17T09:54:18.481+0800][34.729s][info][gc,heap        ] GC(935) CMS: 31906K->35379K(43712K)
[2026-06-17T09:54:18.482+0800][34.730s][info][gc,metaspace   ] GC(935) Metaspace: 3161K(4864K)->3161K(4864K) NonClass: 2855K(4352K)->2855K(4352K) Class: 305K(512K)->305K(512K)
[2026-06-17T09:54:18.483+0800][34.731s][info][gc             ] GC(935) Pause Young (Allocation Failure) 50M->36M(61M) 11.068ms
[2026-06-17T09:54:18.484+0800][34.733s][info][gc,cpu         ] GC(935) User=0.00s Sys=0.00s Real=0.01s
[2026-06-17T09:54:18.486+0800][34.734s][info][gc,start       ] GC(936) Pause Initial Mark
[2026-06-17T09:54:18.487+0800][34.735s][info][gc             ] GC(936) Pause Initial Mark 37M->37M(61M) 1.310ms
[2026-06-17T09:54:18.489+0800][34.737s][info][gc,cpu         ] GC(936) User=0.00s Sys=0.00s Real=0.00s
[2026-06-17T09:54:18.490+0800][34.738s][info][gc             ] GC(936) Concurrent Mark
[2026-06-17T09:54:18.491+0800][34.739s][info][gc,task        ] GC(936) Using 2 workers of 5 for marking
[2026-06-17T09:54:18.492+0800][34.741s][info][gc             ] GC(936) Concurrent Mark 2.621ms
[2026-06-17T09:54:18.493+0800][34.742s][info][gc,cpu         ] GC(936) User=0.00s Sys=0.00s Real=0.01s
[2026-06-17T09:54:18.496+0800][34.744s][info][gc             ] GC(936) Concurrent Preclean
[2026-06-17T09:54:18.496+0800][34.744s][info][gc             ] GC(936) Concurrent Preclean 0.632ms
[2026-06-17T09:54:18.498+0800][34.746s][info][gc,cpu         ] GC(936) User=0.00s Sys=0.00s Real=0.00s
[2026-06-17T09:54:18.501+0800][34.749s][info][gc             ] GC(936) Concurrent Abortable Preclean
[2026-06-17T09:54:18.538+0800][34.786s][info][gc,start       ] GC(937) Pause Young (Allocation Failure)
[2026-06-17T09:54:18.538+0800][34.786s][info][gc,task        ] GC(937) Using 2 workers of 18 for evacuation
[2026-06-17T09:54:18.539+0800][34.787s][info][gc,heap        ] GC(937) ParNew: 19621K->2167K(19648K)
[2026-06-17T09:54:18.539+0800][34.787s][info][gc,heap        ] GC(937) CMS: 35379K->38716K(43712K)
[2026-06-17T09:54:18.539+0800][34.787s][info][gc,metaspace   ] GC(937) Metaspace: 3161K(4864K)->3161K(4864K) NonClass: 2855K(4352K)->2855K(4352K) Class: 305K(512K)->305K(512K)
[2026-06-17T09:54:18.539+0800][34.788s][info][gc             ] GC(937) Pause Young (Allocation Failure) 53M->39M(61M) 1.849ms
[2026-06-17T09:54:18.540+0800][34.788s][info][gc,cpu         ] GC(937) User=0.00s Sys=0.00s Real=0.00s
[2026-06-17T09:54:18.582+0800][34.830s][info][gc,start       ] GC(938) Pause Young (Allocation Failure)
[2026-06-17T09:54:18.582+0800][34.830s][info][gc,task        ] GC(938) Using 2 workers of 18 for evacuation
[2026-06-17T09:54:18.583+0800][34.831s][info][gc,heap        ] GC(938) ParNew: 19639K->2173K(19648K)
[2026-06-17T09:54:18.583+0800][34.831s][info][gc,heap        ] GC(938) CMS: 38716K->42229K(43712K)
[2026-06-17T09:54:18.583+0800][34.831s][info][gc,metaspace   ] GC(938) Metaspace: 3161K(4864K)->3161K(4864K) NonClass: 2855K(4352K)->2855K(4352K) Class: 305K(512K)->305K(512K)
[2026-06-17T09:54:18.583+0800][34.831s][info][gc             ] GC(938) Pause Young (Allocation Failure) 56M->43M(61M) 1.621ms
[2026-06-17T09:54:18.583+0800][34.831s][info][gc,cpu         ] GC(938) User=0.00s Sys=0.00s Real=0.01s
[2026-06-17T09:54:18.583+0800][34.832s][info][gc             ] GC(936) Concurrent Abortable Preclean 82.897ms
[2026-06-17T09:54:18.584+0800][34.832s][info][gc,cpu         ] GC(936) User=0.01s Sys=0.00s Real=0.09s
[2026-06-17T09:54:18.584+0800][34.832s][info][gc,start       ] GC(936) Pause Remark
[2026-06-17T09:54:18.584+0800][34.832s][info][gc             ] GC(936) Pause Remark 46M->46M(61M) 0.508ms
[2026-06-17T09:54:18.585+0800][34.833s][info][gc,cpu         ] GC(936) User=0.00s Sys=0.00s Real=0.00s
[2026-06-17T09:54:18.585+0800][34.833s][info][gc             ] GC(936) Concurrent Sweep
[2026-06-17T09:54:18.585+0800][34.833s][info][gc             ] GC(936) Concurrent Sweep 0.272ms
[2026-06-17T09:54:18.585+0800][34.833s][info][gc,cpu         ] GC(936) User=0.00s Sys=0.00s Real=0.00s
[2026-06-17T09:54:18.585+0800][34.833s][info][gc             ] GC(936) Concurrent Reset
[2026-06-17T09:54:18.585+0800][34.834s][info][gc             ] GC(936) Concurrent Reset 0.129ms
[2026-06-17T09:54:18.585+0800][34.834s][info][gc,cpu         ] GC(936) User=0.00s Sys=0.00s Real=0.00s
[2026-06-17T09:54:18.586+0800][34.834s][info][gc,heap        ] GC(936) Old: 35379K->28141K(43712K)
[2026-06-17T09:54:18.625+0800][34.873s][info][gc,start       ] GC(939) Pause Young (Allocation Failure)
[2026-06-17T09:54:18.626+0800][34.874s][info][gc,task        ] GC(939) Using 2 workers of 18 for evacuation
[2026-06-17T09:54:18.627+0800][34.875s][info][gc,heap        ] GC(939) ParNew: 19621K->2172K(19648K)
[2026-06-17T09:54:18.628+0800][34.877s][info][gc,heap        ] GC(939) CMS: 28141K->33569K(43712K)
[2026-06-17T09:54:18.630+0800][34.878s][info][gc,metaspace   ] GC(939) Metaspace: 3161K(4864K)->3161K(4864K) NonClass: 2855K(4352K)->2855K(4352K) Class: 305K(512K)->305K(512K)
[2026-06-17T09:54:18.631+0800][34.879s][info][gc             ] GC(939) Pause Young (Allocation Failure) 46M->34M(61M) 5.377ms
[2026-06-17T09:54:18.631+0800][34.879s][info][gc,cpu         ] GC(939) User=0.00s Sys=0.00s Real=0.01s
[2026-06-17T09:54:18.632+0800][34.880s][info][gc,start       ] GC(940) Pause Initial Mark
[2026-06-17T09:54:18.632+0800][34.880s][info][gc             ] GC(940) Pause Initial Mark 35M->35M(61M) 0.474ms
[2026-06-17T09:54:18.633+0800][34.881s][info][gc,cpu         ] GC(940) User=0.00s Sys=0.00s Real=0.00s
[2026-06-17T09:54:18.633+0800][34.881s][info][gc             ] GC(940) Concurrent Mark
[2026-06-17T09:54:18.634+0800][34.882s][info][gc,task        ] GC(940) Using 2 workers of 5 for marking
[2026-06-17T09:54:18.635+0800][34.883s][info][gc             ] GC(940) Concurrent Mark 1.380ms
[2026-06-17T09:54:18.635+0800][34.883s][info][gc,cpu         ] GC(940) User=0.00s Sys=0.00s Real=0.00s
[2026-06-17T09:54:18.636+0800][34.884s][info][gc             ] GC(940) Concurrent Preclean
[2026-06-17T09:54:18.637+0800][34.885s][info][gc             ] GC(940) Concurrent Preclean 1.351ms
[2026-06-17T09:54:18.638+0800][34.886s][info][gc,cpu         ] GC(940) User=0.00s Sys=0.00s Real=0.00s
[2026-06-17T09:54:18.638+0800][34.886s][info][gc,start       ] GC(940) Pause Remark
[2026-06-17T09:54:18.639+0800][34.887s][info][gc             ] GC(940) Pause Remark 35M->35M(61M) 0.828ms
[2026-06-17T09:54:18.639+0800][34.888s][info][gc,cpu         ] GC(940) User=0.00s Sys=0.00s Real=0.00s
[2026-06-17T09:54:18.640+0800][34.889s][info][gc             ] GC(940) Concurrent Sweep
[2026-06-17T09:54:18.642+0800][34.890s][info][gc             ] GC(940) Concurrent Sweep 1.170ms
[2026-06-17T09:54:18.642+0800][34.891s][info][gc,cpu         ] GC(940) User=0.00s Sys=0.00s Real=0.00s
[2026-06-17T09:54:18.644+0800][34.892s][info][gc             ] GC(940) Concurrent Reset
[2026-06-17T09:54:18.645+0800][34.893s][info][gc             ] GC(940) Concurrent Reset 1.156ms
[2026-06-17T09:54:18.645+0800][34.893s][info][gc,cpu         ] GC(940) User=0.01s Sys=0.00s Real=0.00s
[2026-06-17T09:54:18.646+0800][34.894s][info][gc,heap        ] GC(940) Old: 33569K->21957K(43712K)
[2026-06-17T09:54:18.685+0800][34.933s][info][gc,start       ] GC(941) Pause Young (Allocation Failure)
[2026-06-17T09:54:18.686+0800][34.934s][info][gc,task        ] GC(941) Using 2 workers of 18 for evacuation
[2026-06-17T09:54:18.687+0800][34.935s][info][gc,heap        ] GC(941) ParNew: 19644K->2024K(19648K)
[2026-06-17T09:54:18.687+0800][34.935s][info][gc,heap        ] GC(941) CMS: 21957K->23691K(43712K)
[2026-06-17T09:54:18.688+0800][34.936s][info][gc,metaspace   ] GC(941) Metaspace: 3161K(4864K)->3161K(4864K) NonClass: 2855K(4352K)->2855K(4352K) Class: 305K(512K)->305K(512K)
[2026-06-17T09:54:18.688+0800][34.936s][info][gc             ] GC(941) Pause Young (Allocation Failure) 40M->25M(61M) 3.237ms
[2026-06-17T09:54:18.689+0800][34.937s][info][gc,cpu         ] GC(941) User=0.00s Sys=0.00s Real=0.00s
[2026-06-17T09:54:18.731+0800][34.979s][info][gc,start       ] GC(942) Pause Young (Allocation Failure)
[2026-06-17T09:54:18.732+0800][34.980s][info][gc,task        ] GC(942) Using 2 workers of 18 for evacuation
[2026-06-17T09:54:18.735+0800][34.983s][info][gc,heap        ] GC(942) ParNew: 19496K->2127K(19648K)
[2026-06-17T09:54:18.737+0800][34.985s][info][gc,heap        ] GC(942) CMS: 23691K->27633K(43712K)
[2026-06-17T09:54:18.737+0800][34.986s][info][gc,metaspace   ] GC(942) Metaspace: 3161K(4864K)->3161K(4864K) NonClass: 2855K(4352K)->2855K(4352K) Class: 305K(512K)->305K(512K)
[2026-06-17T09:54:18.741+0800][34.989s][info][gc             ] GC(942) Pause Young (Allocation Failure) 42M->29M(61M) 9.685ms
[2026-06-17T09:54:18.743+0800][34.991s][info][gc,cpu         ] GC(942) User=0.00s Sys=0.00s Real=0.01s
[2026-06-17T09:54:18.786+0800][35.034s][info][gc,start       ] GC(943) Pause Young (Allocation Failure)
[2026-06-17T09:54:18.786+0800][35.034s][info][gc,task        ] GC(943) Using 2 workers of 18 for evacuation
[2026-06-17T09:54:18.787+0800][35.035s][info][gc,heap        ] GC(943) ParNew: 19599K->2166K(19648K)
[2026-06-17T09:54:18.787+0800][35.036s][info][gc,heap        ] GC(943) CMS: 27633K->30945K(43712K)
[2026-06-17T09:54:18.788+0800][35.036s][info][gc,metaspace   ] GC(943) Metaspace: 3161K(4864K)->3161K(4864K) NonClass: 2855K(4352K)->2855K(4352K) Class: 305K(512K)->305K(512K)
[2026-06-17T09:54:18.788+0800][35.036s][info][gc             ] GC(943) Pause Young (Allocation Failure) 46M->32M(61M) 1.893ms
[2026-06-17T09:54:18.788+0800][35.036s][info][gc,cpu         ] GC(943) User=0.00s Sys=0.00s Real=0.00s
[2026-06-17T09:54:18.830+0800][35.078s][info][gc,start       ] GC(944) Pause Young (Allocation Failure)
[2026-06-17T09:54:18.830+0800][35.079s][info][gc,task        ] GC(944) Using 2 workers of 18 for evacuation
[2026-06-17T09:54:18.832+0800][35.080s][info][gc,heap        ] GC(944) ParNew: 19631K->2168K(19648K)
[2026-06-17T09:54:18.832+0800][35.080s][info][gc,heap        ] GC(944) CMS: 30945K->34675K(43712K)
[2026-06-17T09:54:18.832+0800][35.080s][info][gc,metaspace   ] GC(944) Metaspace: 3161K(4864K)->3161K(4864K) NonClass: 2855K(4352K)->2855K(4352K) Class: 305K(512K)->305K(512K)
[2026-06-17T09:54:18.832+0800][35.080s][info][gc             ] GC(944) Pause Young (Allocation Failure) 49M->35M(61M) 2.007ms
[2026-06-17T09:54:18.832+0800][35.080s][info][gc,cpu         ] GC(944) User=0.01s Sys=0.00s Real=0.01s
[2026-06-17T09:54:18.832+0800][35.081s][info][gc,start       ] GC(945) Pause Initial Mark
[2026-06-17T09:54:18.833+0800][35.081s][info][gc             ] GC(945) Pause Initial Mark 37M->37M(61M) 0.218ms
[2026-06-17T09:54:18.833+0800][35.081s][info][gc,cpu         ] GC(945) User=0.00s Sys=0.00s Real=0.00s
[2026-06-17T09:54:18.833+0800][35.081s][info][gc             ] GC(945) Concurrent Mark
[2026-06-17T09:54:18.833+0800][35.081s][info][gc,task        ] GC(945) Using 2 workers of 5 for marking
[2026-06-17T09:54:18.834+0800][35.082s][info][gc             ] GC(945) Concurrent Mark 0.833ms
[2026-06-17T09:54:18.834+0800][35.082s][info][gc,cpu         ] GC(945) User=0.00s Sys=0.00s Real=0.00s
[2026-06-17T09:54:18.834+0800][35.082s][info][gc             ] GC(945) Concurrent Preclean
[2026-06-17T09:54:18.834+0800][35.082s][info][gc             ] GC(945) Concurrent Preclean 0.148ms
[2026-06-17T09:54:18.834+0800][35.083s][info][gc,cpu         ] GC(945) User=0.00s Sys=0.00s Real=0.00s
[2026-06-17T09:54:18.835+0800][35.083s][info][gc             ] GC(945) Concurrent Abortable Preclean
[2026-06-17T09:54:18.875+0800][35.123s][info][gc,start       ] GC(946) Pause Young (Allocation Failure)
[2026-06-17T09:54:18.876+0800][35.124s][info][gc,task        ] GC(946) Using 2 workers of 18 for evacuation
[2026-06-17T09:54:18.876+0800][35.125s][info][gc,heap        ] GC(946) ParNew: 19640K->2080K(19648K)
[2026-06-17T09:54:18.877+0800][35.125s][info][gc,heap        ] GC(946) CMS: 34675K->38191K(43712K)
[2026-06-17T09:54:18.877+0800][35.125s][info][gc,metaspace   ] GC(946) Metaspace: 3161K(4864K)->3161K(4864K) NonClass: 2855K(4352K)->2855K(4352K) Class: 305K(512K)->305K(512K)
[2026-06-17T09:54:18.877+0800][35.125s][info][gc             ] GC(946) Pause Young (Allocation Failure) 53M->39M(61M) 1.664ms
[2026-06-17T09:54:18.877+0800][35.125s][info][gc,cpu         ] GC(946) User=0.00s Sys=0.00s Real=0.00s
[2026-06-17T09:54:18.919+0800][35.167s][info][gc,start       ] GC(947) Pause Young (Allocation Failure)
[2026-06-17T09:54:18.919+0800][35.167s][info][gc,task        ] GC(947) Using 2 workers of 18 for evacuation
[2026-06-17T09:54:18.920+0800][35.168s][info][gc,heap        ] GC(947) ParNew: 19552K->2174K(19648K)
[2026-06-17T09:54:18.920+0800][35.168s][info][gc,heap        ] GC(947) CMS: 38191K->41792K(43712K)
[2026-06-17T09:54:18.920+0800][35.168s][info][gc,metaspace   ] GC(947) Metaspace: 3161K(4864K)->3161K(4864K) NonClass: 2855K(4352K)->2855K(4352K) Class: 305K(512K)->305K(512K)
[2026-06-17T09:54:18.920+0800][35.169s][info][gc             ] GC(947) Pause Young (Allocation Failure) 56M->42M(61M) 1.636ms
[2026-06-17T09:54:18.921+0800][35.169s][info][gc,cpu         ] GC(947) User=0.00s Sys=0.00s Real=0.00s
[2026-06-17T09:54:18.921+0800][35.169s][info][gc             ] GC(945) Concurrent Abortable Preclean 86.285ms
[2026-06-17T09:54:18.921+0800][35.169s][info][gc,cpu         ] GC(945) User=0.00s Sys=0.00s Real=0.08s
[2026-06-17T09:54:18.921+0800][35.169s][info][gc,start       ] GC(945) Pause Remark
[2026-06-17T09:54:18.922+0800][35.170s][info][gc             ] GC(945) Pause Remark 43M->43M(61M) 0.446ms
[2026-06-17T09:54:18.922+0800][35.170s][info][gc,cpu         ] GC(945) User=0.00s Sys=0.00s Real=0.00s
[2026-06-17T09:54:18.922+0800][35.170s][info][gc             ] GC(945) Concurrent Sweep
[2026-06-17T09:54:18.922+0800][35.170s][info][gc             ] GC(945) Concurrent Sweep 0.265ms
[2026-06-17T09:54:18.922+0800][35.171s][info][gc,cpu         ] GC(945) User=0.00s Sys=0.00s Real=0.00s
[2026-06-17T09:54:18.923+0800][35.171s][info][gc             ] GC(945) Concurrent Reset
[2026-06-17T09:54:18.923+0800][35.171s][info][gc             ] GC(945) Concurrent Reset 0.145ms
[2026-06-17T09:54:18.923+0800][35.171s][info][gc,cpu         ] GC(945) User=0.00s Sys=0.00s Real=0.00s
[2026-06-17T09:54:18.923+0800][35.171s][info][gc,heap        ] GC(945) Old: 34675K->31114K(43712K)
[2026-06-17T09:54:18.962+0800][35.211s][info][gc,start       ] GC(948) Pause Young (Allocation Failure)
[2026-06-17T09:54:18.963+0800][35.211s][info][gc,task        ] GC(948) Using 2 workers of 18 for evacuation
[2026-06-17T09:54:18.964+0800][35.212s][info][gc,heap        ] GC(948) ParNew: 19406K->2094K(19648K)
[2026-06-17T09:54:18.964+0800][35.212s][info][gc,heap        ] GC(948) CMS: 31114K->33025K(43712K)
[2026-06-17T09:54:18.964+0800][35.212s][info][gc,metaspace   ] GC(948) Metaspace: 3161K(4864K)->3161K(4864K) NonClass: 2855K(4352K)->2855K(4352K) Class: 305K(512K)->305K(512K)
[2026-06-17T09:54:18.964+0800][35.212s][info][gc             ] GC(948) Pause Young (Allocation Failure) 49M->34M(61M) 1.686ms
[2026-06-17T09:54:18.964+0800][35.212s][info][gc,cpu         ] GC(948) User=0.01s Sys=0.00s Real=0.01s
[2026-06-17T09:54:18.964+0800][35.213s][info][gc,start       ] GC(949) Pause Initial Mark
[2026-06-17T09:54:18.965+0800][35.213s][info][gc             ] GC(949) Pause Initial Mark 35M->35M(61M) 0.194ms
[2026-06-17T09:54:18.965+0800][35.213s][info][gc,cpu         ] GC(949) User=0.00s Sys=0.00s Real=0.00s
[2026-06-17T09:54:18.965+0800][35.213s][info][gc             ] GC(949) Concurrent Mark
[2026-06-17T09:54:18.965+0800][35.213s][info][gc,task        ] GC(949) Using 2 workers of 5 for marking
[2026-06-17T09:54:18.966+0800][35.214s][info][gc             ] GC(949) Concurrent Mark 0.791ms
[2026-06-17T09:54:18.966+0800][35.214s][info][gc,cpu         ] GC(949) User=0.00s Sys=0.00s Real=0.00s
[2026-06-17T09:54:18.966+0800][35.214s][info][gc             ] GC(949) Concurrent Preclean
[2026-06-17T09:54:18.966+0800][35.214s][info][gc             ] GC(949) Concurrent Preclean 0.146ms
[2026-06-17T09:54:18.967+0800][35.215s][info][gc,cpu         ] GC(949) User=0.00s Sys=0.00s Real=0.00s
[2026-06-17T09:54:18.967+0800][35.215s][info][gc             ] GC(949) Concurrent Abortable Preclean
[2026-06-17T09:54:19.017+0800][35.265s][info][gc,start       ] GC(950) Pause Young (Allocation Failure)
[2026-06-17T09:54:19.018+0800][35.266s][info][gc,task        ] GC(950) Using 2 workers of 18 for evacuation
[2026-06-17T09:54:19.019+0800][35.267s][info][gc,heap        ] GC(950) ParNew: 19566K->2109K(19648K)
[2026-06-17T09:54:19.019+0800][35.267s][info][gc,heap        ] GC(950) CMS: 33025K->36577K(43712K)
[2026-06-17T09:54:19.019+0800][35.267s][info][gc,metaspace   ] GC(950) Metaspace: 3161K(4864K)->3161K(4864K) NonClass: 2855K(4352K)->2855K(4352K) Class: 305K(512K)->305K(512K)
[2026-06-17T09:54:19.020+0800][35.268s][info][gc             ] GC(950) Pause Young (Allocation Failure) 51M->37M(61M) 2.452ms
[2026-06-17T09:54:19.020+0800][35.268s][info][gc,cpu         ] GC(950) User=0.00s Sys=0.00s Real=0.00s
[2026-06-17T09:54:19.062+0800][35.310s][info][gc,start       ] GC(951) Pause Young (Allocation Failure)
[2026-06-17T09:54:19.063+0800][35.311s][info][gc,task        ] GC(951) Using 2 workers of 18 for evacuation
[2026-06-17T09:54:19.064+0800][35.312s][info][gc,heap        ] GC(951) ParNew: 19581K->2138K(19648K)
[2026-06-17T09:54:19.064+0800][35.313s][info][gc,heap        ] GC(951) CMS: 36577K->39846K(43712K)
[2026-06-17T09:54:19.065+0800][35.313s][info][gc,metaspace   ] GC(951) Metaspace: 3161K(4864K)->3161K(4864K) NonClass: 2855K(4352K)->2855K(4352K) Class: 305K(512K)->305K(512K)
[2026-06-17T09:54:19.065+0800][35.313s][info][gc             ] GC(951) Pause Young (Allocation Failure) 54M->41M(61M) 2.891ms
[2026-06-17T09:54:19.065+0800][35.314s][info][gc,cpu         ] GC(951) User=0.00s Sys=0.00s Real=0.01s
[2026-06-17T09:54:19.108+0800][35.356s][info][gc,start       ] GC(952) Pause Young (Allocation Failure)
[2026-06-17T09:54:19.108+0800][35.356s][info][gc,task        ] GC(952) Using 2 workers of 18 for evacuation
[2026-06-17T09:54:19.108+0800][35.356s][info][gc,start       ] GC(953) Pause Full (Allocation Failure)
[2026-06-17T09:54:19.109+0800][35.357s][info][gc             ] GC(949) Concurrent Abortable Preclean 141.593ms
[2026-06-17T09:54:19.109+0800][35.357s][info][gc,cpu         ] GC(949) User=0.00s Sys=0.00s Real=0.14s
[2026-06-17T09:54:19.109+0800][35.358s][info][gc,phases,start] GC(953) Phase 1: Mark live objects
[2026-06-17T09:54:19.110+0800][35.358s][info][gc,phases      ] GC(953) Phase 1: Mark live objects 0.771ms
[2026-06-17T09:54:19.111+0800][35.359s][info][gc,phases,start] GC(953) Phase 2: Compute new object addresses
[2026-06-17T09:54:19.111+0800][35.359s][info][gc,phases      ] GC(953) Phase 2: Compute new object addresses 0.597ms
[2026-06-17T09:54:19.112+0800][35.360s][info][gc,phases,start] GC(953) Phase 3: Adjust pointers
[2026-06-17T09:54:19.112+0800][35.360s][info][gc,phases      ] GC(953) Phase 3: Adjust pointers 0.562ms
[2026-06-17T09:54:19.112+0800][35.361s][info][gc,phases,start] GC(953) Phase 4: Move objects
[2026-06-17T09:54:19.115+0800][35.363s][info][gc,phases      ] GC(953) Phase 4: Move objects 2.713ms
[2026-06-17T09:54:19.116+0800][35.364s][info][gc             ] GC(953) Pause Full (Allocation Failure) 58M->27M(61M) 7.255ms
[2026-06-17T09:54:19.116+0800][35.364s][info][gc,heap        ] GC(952) ParNew: 19610K->0K(19648K)
[2026-06-17T09:54:19.116+0800][35.364s][info][gc,heap        ] GC(952) CMS: 39846K->28045K(43712K)
[2026-06-17T09:54:19.117+0800][35.365s][info][gc,metaspace   ] GC(952) Metaspace: 3161K(4864K)->3161K(4864K) NonClass: 2855K(4352K)->2855K(4352K) Class: 305K(512K)->305K(512K)
[2026-06-17T09:54:19.119+0800][35.367s][info][gc             ] GC(952) Pause Young (Allocation Failure) 58M->27M(61M) 11.389ms
[2026-06-17T09:54:19.123+0800][35.371s][info][gc,cpu         ] GC(952) User=0.01s Sys=0.00s Real=0.02s
[2026-06-17T09:54:19.167+0800][35.415s][info][gc,start       ] GC(954) Pause Young (Allocation Failure)
[2026-06-17T09:54:19.168+0800][35.416s][info][gc,task        ] GC(954) Using 2 workers of 18 for evacuation
[2026-06-17T09:54:19.168+0800][35.417s][info][gc,heap        ] GC(954) ParNew: 17387K->2170K(19648K)
[2026-06-17T09:54:19.169+0800][35.417s][info][gc,heap        ] GC(954) CMS: 28045K->29228K(43712K)
[2026-06-17T09:54:19.169+0800][35.417s][info][gc,metaspace   ] GC(954) Metaspace: 3161K(4864K)->3161K(4864K) NonClass: 2855K(4352K)->2855K(4352K) Class: 305K(512K)->305K(512K)
[2026-06-17T09:54:19.170+0800][35.418s][info][gc             ] GC(954) Pause Young (Allocation Failure) 44M->30M(61M) 2.338ms
[2026-06-17T09:54:19.170+0800][35.418s][info][gc,cpu         ] GC(954) User=0.00s Sys=0.00s Real=0.00s
[2026-06-17T09:54:19.212+0800][35.460s][info][gc,start       ] GC(955) Pause Young (Allocation Failure)
[2026-06-17T09:54:19.212+0800][35.460s][info][gc,task        ] GC(955) Using 2 workers of 18 for evacuation
[2026-06-17T09:54:19.213+0800][35.462s][info][gc,heap        ] GC(955) ParNew: 19609K->2173K(19648K)
[2026-06-17T09:54:19.214+0800][35.462s][info][gc,heap        ] GC(955) CMS: 29228K->35998K(43712K)
[2026-06-17T09:54:19.214+0800][35.462s][info][gc,metaspace   ] GC(955) Metaspace: 3161K(4864K)->3161K(4864K) NonClass: 2855K(4352K)->2855K(4352K) Class: 305K(512K)->305K(512K)
[2026-06-17T09:54:19.214+0800][35.462s][info][gc             ] GC(955) Pause Young (Allocation Failure) 47M->37M(61M) 2.130ms
[2026-06-17T09:54:19.214+0800][35.462s][info][gc,cpu         ] GC(955) User=0.00s Sys=0.00s Real=0.00s
[2026-06-17T09:54:19.214+0800][35.463s][info][gc,start       ] GC(956) Pause Initial Mark
[2026-06-17T09:54:19.215+0800][35.463s][info][gc             ] GC(956) Pause Initial Mark 37M->37M(61M) 0.714ms
[2026-06-17T09:54:19.216+0800][35.464s][info][gc,cpu         ] GC(956) User=0.00s Sys=0.00s Real=0.00s
[2026-06-17T09:54:19.216+0800][35.464s][info][gc             ] GC(956) Concurrent Mark
[2026-06-17T09:54:19.216+0800][35.464s][info][gc,task        ] GC(956) Using 2 workers of 5 for marking
[2026-06-17T09:54:19.217+0800][35.465s][info][gc             ] GC(956) Concurrent Mark 1.039ms
[2026-06-17T09:54:19.217+0800][35.465s][info][gc,cpu         ] GC(956) User=0.00s Sys=0.00s Real=0.00s
[2026-06-17T09:54:19.217+0800][35.466s][info][gc             ] GC(956) Concurrent Preclean
[2026-06-17T09:54:19.218+0800][35.466s][info][gc             ] GC(956) Concurrent Preclean 0.188ms
[2026-06-17T09:54:19.218+0800][35.466s][info][gc,cpu         ] GC(956) User=0.00s Sys=0.00s Real=0.00s
[2026-06-17T09:54:19.218+0800][35.466s][info][gc,start       ] GC(956) Pause Remark
[2026-06-17T09:54:19.218+0800][35.466s][info][gc             ] GC(956) Pause Remark 38M->38M(61M) 0.400ms
[2026-06-17T09:54:19.218+0800][35.467s][info][gc,cpu         ] GC(956) User=0.01s Sys=0.00s Real=0.00s
[2026-06-17T09:54:19.219+0800][35.467s][info][gc             ] GC(956) Concurrent Sweep
[2026-06-17T09:54:19.219+0800][35.467s][info][gc             ] GC(956) Concurrent Sweep 0.224ms
[2026-06-17T09:54:19.219+0800][35.467s][info][gc,cpu         ] GC(956) User=0.00s Sys=0.00s Real=0.00s
[2026-06-17T09:54:19.219+0800][35.467s][info][gc             ] GC(956) Concurrent Reset
[2026-06-17T09:54:19.219+0800][35.467s][info][gc             ] GC(956) Concurrent Reset 0.117ms
[2026-06-17T09:54:19.219+0800][35.467s][info][gc,cpu         ] GC(956) User=0.00s Sys=0.00s Real=0.00s
[2026-06-17T09:54:19.219+0800][35.467s][info][gc,heap        ] GC(956) Old: 35998K->23133K(43712K)
[2026-06-17T09:54:19.258+0800][35.506s][info][gc,start       ] GC(957) Pause Young (Allocation Failure)
[2026-06-17T09:54:19.258+0800][35.506s][info][gc,task        ] GC(957) Using 2 workers of 18 for evacuation
[2026-06-17T09:54:19.259+0800][35.508s][info][gc,heap        ] GC(957) ParNew: 19619K->2172K(19648K)
[2026-06-17T09:54:19.260+0800][35.508s][info][gc,heap        ] GC(957) CMS: 23133K->29767K(43712K)
[2026-06-17T09:54:19.260+0800][35.508s][info][gc,metaspace   ] GC(957) Metaspace: 3161K(4864K)->3161K(4864K) NonClass: 2855K(4352K)->2855K(4352K) Class: 305K(512K)->305K(512K)
[2026-06-17T09:54:19.260+0800][35.508s][info][gc             ] GC(957) Pause Young (Allocation Failure) 41M->31M(61M) 2.283ms
[2026-06-17T09:54:19.260+0800][35.508s][info][gc,cpu         ] GC(957) User=0.00s Sys=0.00s Real=0.00s
[2026-06-17T09:54:19.261+0800][35.509s][info][gc,start       ] GC(958) Pause Initial Mark
[2026-06-17T09:54:19.261+0800][35.509s][info][gc             ] GC(958) Pause Initial Mark 31M->31M(61M) 0.241ms
[2026-06-17T09:54:19.261+0800][35.509s][info][gc,cpu         ] GC(958) User=0.00s Sys=0.00s Real=0.00s
[2026-06-17T09:54:19.261+0800][35.509s][info][gc             ] GC(958) Concurrent Mark
[2026-06-17T09:54:19.261+0800][35.509s][info][gc,task        ] GC(958) Using 2 workers of 5 for marking
[2026-06-17T09:54:19.262+0800][35.510s][info][gc             ] GC(958) Concurrent Mark 0.844ms
[2026-06-17T09:54:19.262+0800][35.510s][info][gc,cpu         ] GC(958) User=0.00s Sys=0.00s Real=0.00s
[2026-06-17T09:54:19.262+0800][35.511s][info][gc             ] GC(958) Concurrent Preclean
[2026-06-17T09:54:19.263+0800][35.511s][info][gc             ] GC(958) Concurrent Preclean 0.203ms
[2026-06-17T09:54:19.263+0800][35.511s][info][gc,cpu         ] GC(958) User=0.00s Sys=0.00s Real=0.01s
[2026-06-17T09:54:19.263+0800][35.511s][info][gc,start       ] GC(958) Pause Remark
[2026-06-17T09:54:19.263+0800][35.511s][info][gc             ] GC(958) Pause Remark 31M->31M(61M) 0.399ms
[2026-06-17T09:54:19.264+0800][35.512s][info][gc,cpu         ] GC(958) User=0.00s Sys=0.00s Real=0.00s
[2026-06-17T09:54:19.265+0800][35.513s][info][gc             ] GC(958) Concurrent Sweep
[2026-06-17T09:54:19.265+0800][35.513s][info][gc             ] GC(958) Concurrent Sweep 0.255ms
[2026-06-17T09:54:19.265+0800][35.513s][info][gc,cpu         ] GC(958) User=0.00s Sys=0.00s Real=0.00s
[2026-06-17T09:54:19.265+0800][35.513s][info][gc             ] GC(958) Concurrent Reset
[2026-06-17T09:54:19.265+0800][35.513s][info][gc             ] GC(958) Concurrent Reset 0.136ms
[2026-06-17T09:54:19.265+0800][35.514s][info][gc,cpu         ] GC(958) User=0.00s Sys=0.00s Real=0.00s
[2026-06-17T09:54:19.265+0800][35.514s][info][gc,heap        ] GC(958) Old: 29767K->26413K(43712K)
[2026-06-17T09:54:19.312+0800][35.561s][info][gc,start       ] GC(959) Pause Young (Allocation Failure)
[2026-06-17T09:54:19.313+0800][35.561s][info][gc,task        ] GC(959) Using 2 workers of 18 for evacuation
[2026-06-17T09:54:19.313+0800][35.562s][info][gc,heap        ] GC(959) ParNew: 19644K->2168K(19648K)
[2026-06-17T09:54:19.314+0800][35.562s][info][gc,heap        ] GC(959) CMS: 26413K->29188K(43712K)
[2026-06-17T09:54:19.314+0800][35.562s][info][gc,metaspace   ] GC(959) Metaspace: 3161K(4864K)->3161K(4864K) NonClass: 2855K(4352K)->2855K(4352K) Class: 305K(512K)->305K(512K)
[2026-06-17T09:54:19.314+0800][35.562s][info][gc             ] GC(959) Pause Young (Allocation Failure) 44M->30M(61M) 1.782ms
[2026-06-17T09:54:19.316+0800][35.564s][info][gc,cpu         ] GC(959) User=0.00s Sys=0.00s Real=0.00s
[2026-06-17T09:54:19.358+0800][35.606s][info][gc,start       ] GC(960) Pause Young (Allocation Failure)
[2026-06-17T09:54:19.359+0800][35.607s][info][gc,task        ] GC(960) Using 2 workers of 18 for evacuation
[2026-06-17T09:54:19.360+0800][35.608s][info][gc,heap        ] GC(960) ParNew: 19640K->2169K(19648K)
[2026-06-17T09:54:19.360+0800][35.608s][info][gc,heap        ] GC(960) CMS: 29188K->33759K(43712K)
[2026-06-17T09:54:19.360+0800][35.608s][info][gc,metaspace   ] GC(960) Metaspace: 3161K(4864K)->3161K(4864K) NonClass: 2855K(4352K)->2855K(4352K) Class: 305K(512K)->305K(512K)
[2026-06-17T09:54:19.360+0800][35.608s][info][gc             ] GC(960) Pause Young (Allocation Failure) 47M->35M(61M) 1.995ms
[2026-06-17T09:54:19.360+0800][35.609s][info][gc,cpu         ] GC(960) User=0.00s Sys=0.00s Real=0.00s
[2026-06-17T09:54:19.361+0800][35.609s][info][gc,start       ] GC(961) Pause Initial Mark
[2026-06-17T09:54:19.361+0800][35.609s][info][gc             ] GC(961) Pause Initial Mark 35M->35M(61M) 0.327ms
[2026-06-17T09:54:19.361+0800][35.609s][info][gc,cpu         ] GC(961) User=0.00s Sys=0.00s Real=0.00s
[2026-06-17T09:54:19.361+0800][35.610s][info][gc             ] GC(961) Concurrent Mark
[2026-06-17T09:54:19.362+0800][35.610s][info][gc,task        ] GC(961) Using 2 workers of 5 for marking
[2026-06-17T09:54:19.362+0800][35.611s][info][gc             ] GC(961) Concurrent Mark 0.880ms
[2026-06-17T09:54:19.363+0800][35.611s][info][gc,cpu         ] GC(961) User=0.00s Sys=0.00s Real=0.01s
[2026-06-17T09:54:19.363+0800][35.611s][info][gc             ] GC(961) Concurrent Preclean
[2026-06-17T09:54:19.363+0800][35.611s][info][gc             ] GC(961) Concurrent Preclean 0.158ms
[2026-06-17T09:54:19.363+0800][35.611s][info][gc,cpu         ] GC(961) User=0.00s Sys=0.00s Real=0.00s
[2026-06-17T09:54:19.363+0800][35.611s][info][gc             ] GC(961) Concurrent Abortable Preclean
[2026-06-17T09:54:19.403+0800][35.652s][info][gc,start       ] GC(962) Pause Young (Allocation Failure)
[2026-06-17T09:54:19.404+0800][35.652s][info][gc,task        ] GC(962) Using 2 workers of 18 for evacuation
[2026-06-17T09:54:19.405+0800][35.653s][info][gc,heap        ] GC(962) ParNew: 19634K->2174K(19648K)
[2026-06-17T09:54:19.405+0800][35.653s][info][gc,heap        ] GC(962) CMS: 33759K->37711K(43712K)
[2026-06-17T09:54:19.405+0800][35.654s][info][gc,metaspace   ] GC(962) Metaspace: 3161K(4864K)->3161K(4864K) NonClass: 2855K(4352K)->2855K(4352K) Class: 305K(512K)->305K(512K)
[2026-06-17T09:54:19.406+0800][35.654s][info][gc             ] GC(962) Pause Young (Allocation Failure) 52M->38M(61M) 2.421ms
[2026-06-17T09:54:19.406+0800][35.654s][info][gc,cpu         ] GC(962) User=0.00s Sys=0.00s Real=0.00s
[2026-06-17T09:54:19.449+0800][35.697s][info][gc,start       ] GC(963) Pause Young (Allocation Failure)
[2026-06-17T09:54:19.449+0800][35.697s][info][gc,task        ] GC(963) Using 2 workers of 18 for evacuation
[2026-06-17T09:54:19.450+0800][35.698s][info][gc,heap        ] GC(963) ParNew: 19428K->2033K(19648K)
[2026-06-17T09:54:19.450+0800][35.698s][info][gc,heap        ] GC(963) CMS: 37711K->39869K(43712K)
[2026-06-17T09:54:19.450+0800][35.698s][info][gc,metaspace   ] GC(963) Metaspace: 3161K(4864K)->3161K(4864K) NonClass: 2855K(4352K)->2855K(4352K) Class: 305K(512K)->305K(512K)
[2026-06-17T09:54:19.450+0800][35.698s][info][gc             ] GC(963) Pause Young (Allocation Failure) 55M->40M(61M) 1.733ms
[2026-06-17T09:54:19.450+0800][35.699s][info][gc,cpu         ] GC(963) User=0.00s Sys=0.00s Real=0.01s
[2026-06-17T09:54:19.503+0800][35.751s][info][gc,start       ] GC(964) Pause Young (Allocation Failure)
[2026-06-17T09:54:19.503+0800][35.751s][info][gc,task        ] GC(964) Using 2 workers of 18 for evacuation
[2026-06-17T09:54:19.503+0800][35.751s][info][gc,start       ] GC(965) Pause Full (Allocation Failure)
[2026-06-17T09:54:19.504+0800][35.752s][info][gc             ] GC(961) Concurrent Abortable Preclean 140.346ms
[2026-06-17T09:54:19.504+0800][35.752s][info][gc,cpu         ] GC(961) User=0.00s Sys=0.00s Real=0.14s
[2026-06-17T09:54:19.504+0800][35.752s][info][gc,phases,start] GC(965) Phase 1: Mark live objects
[2026-06-17T09:54:19.505+0800][35.753s][info][gc,phases      ] GC(965) Phase 1: Mark live objects 0.651ms
[2026-06-17T09:54:19.505+0800][35.753s][info][gc,phases,start] GC(965) Phase 2: Compute new object addresses
[2026-06-17T09:54:19.505+0800][35.753s][info][gc,phases      ] GC(965) Phase 2: Compute new object addresses 0.407ms
[2026-06-17T09:54:19.505+0800][35.754s][info][gc,phases,start] GC(965) Phase 3: Adjust pointers
[2026-06-17T09:54:19.506+0800][35.754s][info][gc,phases      ] GC(965) Phase 3: Adjust pointers 0.606ms
[2026-06-17T09:54:19.506+0800][35.754s][info][gc,phases,start] GC(965) Phase 4: Move objects
[2026-06-17T09:54:19.508+0800][35.756s][info][gc,phases      ] GC(965) Phase 4: Move objects 2.025ms
[2026-06-17T09:54:19.509+0800][35.757s][info][gc             ] GC(965) Pause Full (Allocation Failure) 57M->21M(61M) 5.403ms
[2026-06-17T09:54:19.509+0800][35.757s][info][gc,heap        ] GC(964) ParNew: 19497K->0K(19648K)
[2026-06-17T09:54:19.509+0800][35.757s][info][gc,heap        ] GC(964) CMS: 39869K->21929K(43712K)
[2026-06-17T09:54:19.509+0800][35.758s][info][gc,metaspace   ] GC(964) Metaspace: 3161K(4864K)->3161K(4864K) NonClass: 2855K(4352K)->2855K(4352K) Class: 305K(512K)->305K(512K)
[2026-06-17T09:54:19.510+0800][35.758s][info][gc             ] GC(964) Pause Young (Allocation Failure) 57M->21M(61M) 6.861ms
[2026-06-17T09:54:19.510+0800][35.758s][info][gc,cpu         ] GC(964) User=0.01s Sys=0.00s Real=0.00s
[2026-06-17T09:54:19.552+0800][35.800s][info][gc,start       ] GC(966) Pause Young (Allocation Failure)
[2026-06-17T09:54:19.552+0800][35.801s][info][gc,task        ] GC(966) Using 2 workers of 18 for evacuation
[2026-06-17T09:54:19.554+0800][35.802s][info][gc,heap        ] GC(966) ParNew: 17434K->2168K(19648K)
[2026-06-17T09:54:19.555+0800][35.803s][info][gc,heap        ] GC(966) CMS: 21929K->27298K(43712K)
[2026-06-17T09:54:19.555+0800][35.803s][info][gc,metaspace   ] GC(966) Metaspace: 3161K(4864K)->3161K(4864K) NonClass: 2855K(4352K)->2855K(4352K) Class: 305K(512K)->305K(512K)
[2026-06-17T09:54:19.555+0800][35.804s][info][gc             ] GC(966) Pause Young (Allocation Failure) 38M->28M(61M) 3.419ms
[2026-06-17T09:54:19.556+0800][35.804s][info][gc,cpu         ] GC(966) User=0.00s Sys=0.00s Real=0.00s
[2026-06-17T09:54:19.598+0800][35.846s][info][gc,start       ] GC(967) Pause Young (Allocation Failure)
[2026-06-17T09:54:19.598+0800][35.846s][info][gc,task        ] GC(967) Using 2 workers of 18 for evacuation
[2026-06-17T09:54:19.599+0800][35.847s][info][gc,heap        ] GC(967) ParNew: 19640K->2165K(19648K)
[2026-06-17T09:54:19.599+0800][35.848s][info][gc,heap        ] GC(967) CMS: 27298K->33501K(43712K)
[2026-06-17T09:54:19.600+0800][35.848s][info][gc,metaspace   ] GC(967) Metaspace: 3161K(4864K)->3161K(4864K) NonClass: 2855K(4352K)->2855K(4352K) Class: 305K(512K)->305K(512K)
[2026-06-17T09:54:19.600+0800][35.848s][info][gc             ] GC(967) Pause Young (Allocation Failure) 45M->34M(61M) 2.293ms
[2026-06-17T09:54:19.600+0800][35.848s][info][gc,cpu         ] GC(967) User=0.00s Sys=0.00s Real=0.00s
[2026-06-17T09:54:19.600+0800][35.849s][info][gc,start       ] GC(968) Pause Initial Mark
[2026-06-17T09:54:19.601+0800][35.849s][info][gc             ] GC(968) Pause Initial Mark 35M->35M(61M) 0.271ms
[2026-06-17T09:54:19.601+0800][35.849s][info][gc,cpu         ] GC(968) User=0.00s Sys=0.00s Real=0.00s
[2026-06-17T09:54:19.601+0800][35.849s][info][gc             ] GC(968) Concurrent Mark
[2026-06-17T09:54:19.601+0800][35.849s][info][gc,task        ] GC(968) Using 2 workers of 5 for marking
[2026-06-17T09:54:19.602+0800][35.850s][info][gc             ] GC(968) Concurrent Mark 0.962ms
[2026-06-17T09:54:19.602+0800][35.850s][info][gc,cpu         ] GC(968) User=0.01s Sys=0.00s Real=0.00s
[2026-06-17T09:54:19.602+0800][35.851s][info][gc             ] GC(968) Concurrent Preclean
[2026-06-17T09:54:19.603+0800][35.851s][info][gc             ] GC(968) Concurrent Preclean 0.148ms
[2026-06-17T09:54:19.603+0800][35.851s][info][gc,cpu         ] GC(968) User=0.00s Sys=0.00s Real=0.01s
[2026-06-17T09:54:19.605+0800][35.853s][info][gc             ] GC(968) Concurrent Abortable Preclean
[2026-06-17T09:54:19.643+0800][35.891s][info][gc,start       ] GC(969) Pause Young (Allocation Failure)
[2026-06-17T09:54:19.643+0800][35.891s][info][gc,task        ] GC(969) Using 2 workers of 18 for evacuation
[2026-06-17T09:54:19.644+0800][35.892s][info][gc,heap        ] GC(969) ParNew: 19637K->2170K(19648K)
[2026-06-17T09:54:19.644+0800][35.892s][info][gc,heap        ] GC(969) CMS: 33501K->37597K(43712K)
[2026-06-17T09:54:19.644+0800][35.893s][info][gc,metaspace   ] GC(969) Metaspace: 3161K(4864K)->3161K(4864K) NonClass: 2855K(4352K)->2855K(4352K) Class: 305K(512K)->305K(512K)
[2026-06-17T09:54:19.645+0800][35.893s][info][gc             ] GC(969) Pause Young (Allocation Failure) 51M->38M(61M) 1.669ms
[2026-06-17T09:54:19.645+0800][35.893s][info][gc,cpu         ] GC(969) User=0.00s Sys=0.00s Real=0.00s
[2026-06-17T09:54:19.687+0800][35.935s][info][gc,start       ] GC(970) Pause Young (Allocation Failure)
[2026-06-17T09:54:19.687+0800][35.935s][info][gc,task        ] GC(970) Using 2 workers of 18 for evacuation
[2026-06-17T09:54:19.687+0800][35.935s][info][gc,start       ] GC(971) Pause Full (Allocation Failure)
[2026-06-17T09:54:19.687+0800][35.935s][info][gc             ] GC(968) Concurrent Abortable Preclean 82.157ms
[2026-06-17T09:54:19.687+0800][35.936s][info][gc,cpu         ] GC(968) User=0.00s Sys=0.00s Real=0.08s
[2026-06-17T09:54:19.688+0800][35.936s][info][gc,phases,start] GC(971) Phase 1: Mark live objects
[2026-06-17T09:54:19.688+0800][35.937s][info][gc,phases      ] GC(971) Phase 1: Mark live objects 0.752ms
[2026-06-17T09:54:19.689+0800][35.937s][info][gc,phases,start] GC(971) Phase 2: Compute new object addresses
[2026-06-17T09:54:19.689+0800][35.937s][info][gc,phases      ] GC(971) Phase 2: Compute new object addresses 0.436ms
[2026-06-17T09:54:19.689+0800][35.937s][info][gc,phases,start] GC(971) Phase 3: Adjust pointers
[2026-06-17T09:54:19.690+0800][35.938s][info][gc,phases      ] GC(971) Phase 3: Adjust pointers 0.445ms
[2026-06-17T09:54:19.690+0800][35.938s][info][gc,phases,start] GC(971) Phase 4: Move objects
[2026-06-17T09:54:19.691+0800][35.940s][info][gc,phases      ] GC(971) Phase 4: Move objects 1.653ms
[2026-06-17T09:54:19.692+0800][35.940s][info][gc             ] GC(971) Pause Full (Allocation Failure) 55M->23M(61M) 4.599ms
[2026-06-17T09:54:19.692+0800][35.940s][info][gc,heap        ] GC(970) ParNew: 19543K->0K(19648K)
[2026-06-17T09:54:19.692+0800][35.940s][info][gc,heap        ] GC(970) CMS: 37597K->23873K(43712K)
[2026-06-17T09:54:19.692+0800][35.940s][info][gc,metaspace   ] GC(970) Metaspace: 3161K(4864K)->3161K(4864K) NonClass: 2855K(4352K)->2855K(4352K) Class: 305K(512K)->305K(512K)
[2026-06-17T09:54:19.692+0800][35.940s][info][gc             ] GC(970) Pause Young (Allocation Failure) 55M->23M(61M) 5.623ms
[2026-06-17T09:54:19.692+0800][35.941s][info][gc,cpu         ] GC(970) User=0.00s Sys=0.00s Real=0.01s
[2026-06-17T09:54:19.734+0800][35.982s][info][gc,start       ] GC(972) Pause Young (Allocation Failure)
[2026-06-17T09:54:19.735+0800][35.983s][info][gc,task        ] GC(972) Using 2 workers of 18 for evacuation
[2026-06-17T09:54:19.735+0800][35.983s][info][gc,heap        ] GC(972) ParNew: 17472K->2170K(19648K)
[2026-06-17T09:54:19.735+0800][35.984s][info][gc,heap        ] GC(972) CMS: 23873K->28256K(43712K)
[2026-06-17T09:54:19.736+0800][35.984s][info][gc,metaspace   ] GC(972) Metaspace: 3161K(4864K)->3161K(4864K) NonClass: 2855K(4352K)->2855K(4352K) Class: 305K(512K)->305K(512K)
[2026-06-17T09:54:19.736+0800][35.984s][info][gc             ] GC(972) Pause Young (Allocation Failure) 40M->29M(61M) 1.431ms
[2026-06-17T09:54:19.736+0800][35.984s][info][gc,cpu         ] GC(972) User=0.01s Sys=0.00s Real=0.00s
[2026-06-17T09:54:19.778+0800][36.026s][info][gc,start       ] GC(973) Pause Young (Allocation Failure)
[2026-06-17T09:54:19.780+0800][36.028s][info][gc,task        ] GC(973) Using 2 workers of 18 for evacuation
[2026-06-17T09:54:19.781+0800][36.029s][info][gc,heap        ] GC(973) ParNew: 19635K->2175K(19648K)
[2026-06-17T09:54:19.782+0800][36.030s][info][gc,heap        ] GC(973) CMS: 28256K->34764K(43712K)
[2026-06-17T09:54:19.782+0800][36.030s][info][gc,metaspace   ] GC(973) Metaspace: 3161K(4864K)->3161K(4864K) NonClass: 2855K(4352K)->2855K(4352K) Class: 305K(512K)->305K(512K)
[2026-06-17T09:54:19.783+0800][36.031s][info][gc             ] GC(973) Pause Young (Allocation Failure) 46M->36M(61M) 4.898ms
[2026-06-17T09:54:19.783+0800][36.031s][info][gc,cpu         ] GC(973) User=0.00s Sys=0.00s Real=0.01s
[2026-06-17T09:54:19.783+0800][36.032s][info][gc,start       ] GC(974) Pause Initial Mark
[2026-06-17T09:54:19.784+0800][36.032s][info][gc             ] GC(974) Pause Initial Mark 36M->36M(61M) 0.410ms
[2026-06-17T09:54:19.784+0800][36.032s][info][gc,cpu         ] GC(974) User=0.00s Sys=0.00s Real=0.00s
[2026-06-17T09:54:19.785+0800][36.033s][info][gc             ] GC(974) Concurrent Mark
[2026-06-17T09:54:19.785+0800][36.033s][info][gc,task        ] GC(974) Using 2 workers of 5 for marking
[2026-06-17T09:54:19.786+0800][36.034s][info][gc             ] GC(974) Concurrent Mark 1.552ms
[2026-06-17T09:54:19.786+0800][36.034s][info][gc,cpu         ] GC(974) User=0.00s Sys=0.00s Real=0.00s
[2026-06-17T09:54:19.787+0800][36.035s][info][gc             ] GC(974) Concurrent Preclean
[2026-06-17T09:54:19.787+0800][36.035s][info][gc             ] GC(974) Concurrent Preclean 0.201ms
[2026-06-17T09:54:19.787+0800][36.035s][info][gc,cpu         ] GC(974) User=0.00s Sys=0.00s Real=0.00s
[2026-06-17T09:54:19.787+0800][36.035s][info][gc,start       ] GC(974) Pause Remark
[2026-06-17T09:54:19.788+0800][36.036s][info][gc             ] GC(974) Pause Remark 36M->36M(61M) 0.468ms
[2026-06-17T09:54:19.788+0800][36.036s][info][gc,cpu         ] GC(974) User=0.00s Sys=0.00s Real=0.00s
[2026-06-17T09:54:19.788+0800][36.036s][info][gc             ] GC(974) Concurrent Sweep
[2026-06-17T09:54:19.788+0800][36.036s][info][gc             ] GC(974) Concurrent Sweep 0.291ms
[2026-06-17T09:54:19.788+0800][36.037s][info][gc,cpu         ] GC(974) User=0.00s Sys=0.00s Real=0.00s
[2026-06-17T09:54:19.789+0800][36.037s][info][gc             ] GC(974) Concurrent Reset
[2026-06-17T09:54:19.789+0800][36.037s][info][gc             ] GC(974) Concurrent Reset 0.172ms
[2026-06-17T09:54:19.789+0800][36.037s][info][gc,cpu         ] GC(974) User=0.00s Sys=0.00s Real=0.00s
[2026-06-17T09:54:19.789+0800][36.037s][info][gc,heap        ] GC(974) Old: 34764K->31883K(43712K)
[2026-06-17T09:54:19.825+0800][36.073s][info][gc,start       ] GC(975) Pause Young (Allocation Failure)
[2026-06-17T09:54:19.826+0800][36.074s][info][gc,task        ] GC(975) Using 2 workers of 18 for evacuation
[2026-06-17T09:54:19.827+0800][36.075s][info][gc,heap        ] GC(975) ParNew: 19417K->2161K(19648K)
[2026-06-17T09:54:19.827+0800][36.075s][info][gc,heap        ] GC(975) CMS: 31883K->35113K(43712K)
[2026-06-17T09:54:19.828+0800][36.076s][info][gc,metaspace   ] GC(975) Metaspace: 3161K(4864K)->3161K(4864K) NonClass: 2855K(4352K)->2855K(4352K) Class: 305K(512K)->305K(512K)
[2026-06-17T09:54:19.828+0800][36.076s][info][gc             ] GC(975) Pause Young (Allocation Failure) 50M->36M(61M) 2.779ms
[2026-06-17T09:54:19.828+0800][36.076s][info][gc,cpu         ] GC(975) User=0.00s Sys=0.00s Real=0.00s
[2026-06-17T09:54:19.829+0800][36.077s][info][gc,start       ] GC(976) Pause Initial Mark
[2026-06-17T09:54:19.830+0800][36.078s][info][gc             ] GC(976) Pause Initial Mark 37M->37M(61M) 0.959ms
[2026-06-17T09:54:19.830+0800][36.078s][info][gc,cpu         ] GC(976) User=0.00s Sys=0.00s Real=0.00s
[2026-06-17T09:54:19.830+0800][36.078s][info][gc             ] GC(976) Concurrent Mark
[2026-06-17T09:54:19.831+0800][36.079s][info][gc,task        ] GC(976) Using 2 workers of 5 for marking
[2026-06-17T09:54:19.832+0800][36.081s][info][gc             ] GC(976) Concurrent Mark 2.202ms
[2026-06-17T09:54:19.833+0800][36.081s][info][gc,cpu         ] GC(976) User=0.01s Sys=0.00s Real=0.01s
[2026-06-17T09:54:19.833+0800][36.081s][info][gc             ] GC(976) Concurrent Preclean
[2026-06-17T09:54:19.833+0800][36.081s][info][gc             ] GC(976) Concurrent Preclean 0.209ms
[2026-06-17T09:54:19.833+0800][36.081s][info][gc,cpu         ] GC(976) User=0.00s Sys=0.00s Real=0.00s
[2026-06-17T09:54:19.834+0800][36.082s][info][gc,start       ] GC(976) Pause Remark
[2026-06-17T09:54:19.834+0800][36.083s][info][gc             ] GC(976) Pause Remark 37M->37M(61M) 0.782ms
[2026-06-17T09:54:19.835+0800][36.083s][info][gc,cpu         ] GC(976) User=0.00s Sys=0.00s Real=0.00s
[2026-06-17T09:54:19.835+0800][36.083s][info][gc             ] GC(976) Concurrent Sweep
[2026-06-17T09:54:19.835+0800][36.084s][info][gc             ] GC(976) Concurrent Sweep 0.622ms
[2026-06-17T09:54:19.836+0800][36.084s][info][gc,cpu         ] GC(976) User=0.00s Sys=0.00s Real=0.00s
[2026-06-17T09:54:19.836+0800][36.084s][info][gc             ] GC(976) Concurrent Reset
[2026-06-17T09:54:19.837+0800][36.085s][info][gc             ] GC(976) Concurrent Reset 0.364ms
[2026-06-17T09:54:19.837+0800][36.085s][info][gc,cpu         ] GC(976) User=0.00s Sys=0.00s Real=0.00s
[2026-06-17T09:54:19.837+0800][36.085s][info][gc,heap        ] GC(976) Old: 35113K->22441K(43712K)
[2026-06-17T09:54:19.881+0800][36.129s][info][gc,start       ] GC(977) Pause Young (Allocation Failure)
[2026-06-17T09:54:19.882+0800][36.130s][info][gc,task        ] GC(977) Using 2 workers of 18 for evacuation
[2026-06-17T09:54:19.883+0800][36.131s][info][gc,heap        ] GC(977) ParNew: 19633K->2175K(19648K)
[2026-06-17T09:54:19.884+0800][36.132s][info][gc,heap        ] GC(977) CMS: 22441K->26248K(43712K)
[2026-06-17T09:54:19.884+0800][36.132s][info][gc,metaspace   ] GC(977) Metaspace: 3161K(4864K)->3161K(4864K) NonClass: 2855K(4352K)->2855K(4352K) Class: 305K(512K)->305K(512K)
[2026-06-17T09:54:19.885+0800][36.133s][info][gc             ] GC(977) Pause Young (Allocation Failure) 41M->27M(61M) 3.506ms
[2026-06-17T09:54:19.885+0800][36.133s][info][gc,cpu         ] GC(977) User=0.00s Sys=0.00s Real=0.01s
[2026-06-17T09:54:19.928+0800][36.176s][info][gc,start       ] GC(978) Pause Young (Allocation Failure)
[2026-06-17T09:54:19.929+0800][36.177s][info][gc,task        ] GC(978) Using 2 workers of 18 for evacuation
[2026-06-17T09:54:19.931+0800][36.179s][info][gc,heap        ] GC(978) ParNew: 19604K->2168K(19648K)
[2026-06-17T09:54:19.931+0800][36.179s][info][gc,heap        ] GC(978) CMS: 26248K->29813K(43712K)
[2026-06-17T09:54:19.932+0800][36.180s][info][gc,metaspace   ] GC(978) Metaspace: 3161K(4864K)->3161K(4864K) NonClass: 2855K(4352K)->2855K(4352K) Class: 305K(512K)->305K(512K)
[2026-06-17T09:54:19.932+0800][36.180s][info][gc             ] GC(978) Pause Young (Allocation Failure) 44M->31M(61M) 4.167ms
[2026-06-17T09:54:19.935+0800][36.183s][info][gc,cpu         ] GC(978) User=0.00s Sys=0.00s Real=0.01s
[2026-06-17T09:54:19.977+0800][36.226s][info][gc,start       ] GC(979) Pause Young (Allocation Failure)
[2026-06-17T09:54:19.978+0800][36.226s][info][gc,task        ] GC(979) Using 2 workers of 18 for evacuation
[2026-06-17T09:54:19.979+0800][36.227s][info][gc,heap        ] GC(979) ParNew: 19618K->2174K(19648K)
[2026-06-17T09:54:19.979+0800][36.228s][info][gc,heap        ] GC(979) CMS: 29813K->34852K(43712K)
[2026-06-17T09:54:19.980+0800][36.228s][info][gc,metaspace   ] GC(979) Metaspace: 3161K(4864K)->3161K(4864K) NonClass: 2855K(4352K)->2855K(4352K) Class: 305K(512K)->305K(512K)
[2026-06-17T09:54:19.980+0800][36.228s][info][gc             ] GC(979) Pause Young (Allocation Failure) 48M->36M(61M) 2.340ms
[2026-06-17T09:54:19.980+0800][36.228s][info][gc,cpu         ] GC(979) User=0.00s Sys=0.00s Real=0.00s
[2026-06-17T09:54:19.980+0800][36.228s][info][gc,start       ] GC(980) Pause Initial Mark
[2026-06-17T09:54:19.981+0800][36.229s][info][gc             ] GC(980) Pause Initial Mark 37M->37M(61M) 0.285ms
[2026-06-17T09:54:19.981+0800][36.229s][info][gc,cpu         ] GC(980) User=0.00s Sys=0.00s Real=0.00s
[2026-06-17T09:54:19.981+0800][36.229s][info][gc             ] GC(980) Concurrent Mark
[2026-06-17T09:54:19.981+0800][36.230s][info][gc,task        ] GC(980) Using 2 workers of 5 for marking
[2026-06-17T09:54:19.983+0800][36.231s][info][gc             ] GC(980) Concurrent Mark 1.565ms
[2026-06-17T09:54:19.983+0800][36.231s][info][gc,cpu         ] GC(980) User=0.00s Sys=0.00s Real=0.01s
[2026-06-17T09:54:19.983+0800][36.231s][info][gc             ] GC(980) Concurrent Preclean
[2026-06-17T09:54:19.984+0800][36.232s][info][gc             ] GC(980) Concurrent Preclean 0.318ms
[2026-06-17T09:54:19.984+0800][36.232s][info][gc,cpu         ] GC(980) User=0.00s Sys=0.00s Real=0.00s
[2026-06-17T09:54:19.984+0800][36.232s][info][gc             ] GC(980) Concurrent Abortable Preclean
[2026-06-17T09:54:20.023+0800][36.271s][info][gc,start       ] GC(981) Pause Young (Allocation Failure)
[2026-06-17T09:54:20.023+0800][36.272s][info][gc,task        ] GC(981) Using 2 workers of 18 for evacuation
[2026-06-17T09:54:20.025+0800][36.273s][info][gc,heap        ] GC(981) ParNew: 19646K->2172K(19648K)
[2026-06-17T09:54:20.025+0800][36.273s][info][gc,heap        ] GC(981) CMS: 34852K->38793K(43712K)
[2026-06-17T09:54:20.026+0800][36.274s][info][gc,metaspace   ] GC(981) Metaspace: 3161K(4864K)->3161K(4864K) NonClass: 2855K(4352K)->2855K(4352K) Class: 305K(512K)->305K(512K)
[2026-06-17T09:54:20.026+0800][36.274s][info][gc             ] GC(981) Pause Young (Allocation Failure) 53M->40M(61M) 3.048ms
[2026-06-17T09:54:20.026+0800][36.274s][info][gc,cpu         ] GC(981) User=0.00s Sys=0.00s Real=0.00s
[2026-06-17T09:54:20.069+0800][36.317s][info][gc,start       ] GC(982) Pause Young (Allocation Failure)
[2026-06-17T09:54:20.069+0800][36.317s][info][gc,task        ] GC(982) Using 2 workers of 18 for evacuation
[2026-06-17T09:54:20.069+0800][36.318s][info][gc,start       ] GC(983) Pause Full (Allocation Failure)
[2026-06-17T09:54:20.070+0800][36.318s][info][gc             ] GC(980) Concurrent Abortable Preclean 85.784ms
[2026-06-17T09:54:20.070+0800][36.318s][info][gc,cpu         ] GC(980) User=0.00s Sys=0.00s Real=0.08s
[2026-06-17T09:54:20.071+0800][36.319s][info][gc,phases,start] GC(983) Phase 1: Mark live objects
[2026-06-17T09:54:20.071+0800][36.320s][info][gc,phases      ] GC(983) Phase 1: Mark live objects 0.849ms
[2026-06-17T09:54:20.072+0800][36.320s][info][gc,phases,start] GC(983) Phase 2: Compute new object addresses
[2026-06-17T09:54:20.073+0800][36.321s][info][gc,phases      ] GC(983) Phase 2: Compute new object addresses 0.859ms
[2026-06-17T09:54:20.073+0800][36.321s][info][gc,phases,start] GC(983) Phase 3: Adjust pointers
[2026-06-17T09:54:20.073+0800][36.321s][info][gc,phases      ] GC(983) Phase 3: Adjust pointers 0.369ms
[2026-06-17T09:54:20.075+0800][36.324s][info][gc,phases,start] GC(983) Phase 4: Move objects
[2026-06-17T09:54:20.079+0800][36.327s][info][gc,phases      ] GC(983) Phase 4: Move objects 3.067ms
[2026-06-17T09:54:20.079+0800][36.327s][info][gc             ] GC(983) Pause Full (Allocation Failure) 56M->21M(61M) 9.454ms
[2026-06-17T09:54:20.079+0800][36.327s][info][gc,heap        ] GC(982) ParNew: 19436K->0K(19648K)
[2026-06-17T09:54:20.079+0800][36.327s][info][gc,heap        ] GC(982) CMS: 38793K->22180K(43712K)
[2026-06-17T09:54:20.079+0800][36.328s][info][gc,metaspace   ] GC(982) Metaspace: 3161K(4864K)->3161K(4864K) NonClass: 2855K(4352K)->2855K(4352K) Class: 305K(512K)->305K(512K)
[2026-06-17T09:54:20.080+0800][36.328s][info][gc             ] GC(982) Pause Young (Allocation Failure) 56M->21M(61M) 10.937ms
[2026-06-17T09:54:20.080+0800][36.328s][info][gc,cpu         ] GC(982) User=0.01s Sys=0.00s Real=0.01s
[2026-06-17T09:54:20.132+0800][36.381s][info][gc,start       ] GC(984) Pause Young (Allocation Failure)
[2026-06-17T09:54:20.133+0800][36.381s][info][gc,task        ] GC(984) Using 2 workers of 18 for evacuation
[2026-06-17T09:54:20.135+0800][36.383s][info][gc,heap        ] GC(984) ParNew: 17472K->2172K(19648K)
[2026-06-17T09:54:20.135+0800][36.383s][info][gc,heap        ] GC(984) CMS: 22180K->23861K(43712K)
[2026-06-17T09:54:20.135+0800][36.384s][info][gc,metaspace   ] GC(984) Metaspace: 3161K(4864K)->3161K(4864K) NonClass: 2855K(4352K)->2855K(4352K) Class: 305K(512K)->305K(512K)
[2026-06-17T09:54:20.136+0800][36.384s][info][gc             ] GC(984) Pause Young (Allocation Failure) 38M->25M(61M) 3.250ms
[2026-06-17T09:54:20.136+0800][36.384s][info][gc,cpu         ] GC(984) User=0.00s Sys=0.00s Real=0.00s
[2026-06-17T09:54:20.180+0800][36.428s][info][gc,start       ] GC(985) Pause Young (Allocation Failure)
[2026-06-17T09:54:20.189+0800][36.437s][info][gc,task        ] GC(985) Using 2 workers of 18 for evacuation
[2026-06-17T09:54:20.191+0800][36.439s][info][gc,heap        ] GC(985) ParNew: 19644K->2173K(19648K)
[2026-06-17T09:54:20.192+0800][36.440s][info][gc,heap        ] GC(985) CMS: 23861K->27237K(43712K)
[2026-06-17T09:54:20.194+0800][36.442s][info][gc,metaspace   ] GC(985) Metaspace: 3161K(4864K)->3161K(4864K) NonClass: 2855K(4352K)->2855K(4352K) Class: 305K(512K)->305K(512K)
[2026-06-17T09:54:20.196+0800][36.444s][info][gc             ] GC(985) Pause Young (Allocation Failure) 42M->28M(61M) 15.934ms
[2026-06-17T09:54:20.198+0800][36.446s][info][gc,cpu         ] GC(985) User=0.01s Sys=0.00s Real=0.02s
[2026-06-17T09:54:20.234+0800][36.482s][info][gc,start       ] GC(986) Pause Young (Allocation Failure)
[2026-06-17T09:54:20.245+0800][36.493s][info][gc,task        ] GC(986) Using 2 workers of 18 for evacuation
[2026-06-17T09:54:20.249+0800][36.497s][info][gc,heap        ] GC(986) ParNew: 19432K->2073K(19648K)
[2026-06-17T09:54:20.290+0800][36.539s][info][gc,heap        ] GC(986) CMS: 27237K->30333K(43712K)
[2026-06-17T09:54:20.291+0800][36.539s][info][gc,metaspace   ] GC(986) Metaspace: 3161K(4864K)->3161K(4864K) NonClass: 2855K(4352K)->2855K(4352K) Class: 305K(512K)->305K(512K)
[2026-06-17T09:54:20.302+0800][36.550s][info][gc             ] GC(986) Pause Young (Allocation Failure) 45M->31M(61M) 67.646ms
[2026-06-17T09:54:20.316+0800][36.564s][info][gc,cpu         ] GC(986) User=0.00s Sys=0.00s Real=0.08s
[2026-06-17T09:54:20.369+0800][36.617s][info][gc,start       ] GC(987) Pause Young (Allocation Failure)
[2026-06-17T09:54:20.377+0800][36.625s][info][gc,task        ] GC(987) Using 2 workers of 18 for evacuation
[2026-06-17T09:54:20.384+0800][36.632s][info][gc,heap        ] GC(987) ParNew: 19536K->2174K(19648K)
[2026-06-17T09:54:20.387+0800][36.635s][info][gc,heap        ] GC(987) CMS: 30333K->34174K(43712K)
[2026-06-17T09:54:20.396+0800][36.645s][info][gc,metaspace   ] GC(987) Metaspace: 3161K(4864K)->3161K(4864K) NonClass: 2855K(4352K)->2855K(4352K) Class: 305K(512K)->305K(512K)
[2026-06-17T09:54:20.400+0800][36.648s][info][gc             ] GC(987) Pause Young (Allocation Failure) 48M->35M(61M) 31.343ms
[2026-06-17T09:54:20.401+0800][36.649s][info][gc,cpu         ] GC(987) User=0.00s Sys=0.00s Real=0.03s
[2026-06-17T09:54:20.444+0800][36.692s][info][gc,start       ] GC(988) Pause Young (Allocation Failure)
[2026-06-17T09:54:20.446+0800][36.694s][info][gc,task        ] GC(988) Using 2 workers of 18 for evacuation
[2026-06-17T09:54:20.448+0800][36.696s][info][gc,heap        ] GC(988) ParNew: 19646K->2167K(19648K)
[2026-06-17T09:54:20.449+0800][36.697s][info][gc,heap        ] GC(988) CMS: 34174K->37881K(43712K)
[2026-06-17T09:54:20.449+0800][36.697s][info][gc,metaspace   ] GC(988) Metaspace: 3161K(4864K)->3161K(4864K) NonClass: 2855K(4352K)->2855K(4352K) Class: 305K(512K)->305K(512K)
[2026-06-17T09:54:20.451+0800][36.699s][info][gc             ] GC(988) Pause Young (Allocation Failure) 52M->39M(61M) 6.670ms
[2026-06-17T09:54:20.452+0800][36.700s][info][gc,cpu         ] GC(988) User=0.00s Sys=0.00s Real=0.01s
[2026-06-17T09:54:20.453+0800][36.701s][info][gc,start       ] GC(989) Pause Initial Mark
[2026-06-17T09:54:20.455+0800][36.703s][info][gc             ] GC(989) Pause Initial Mark 39M->39M(61M) 2.480ms
[2026-06-17T09:54:20.456+0800][36.705s][info][gc,cpu         ] GC(989) User=0.00s Sys=0.00s Real=0.00s
[2026-06-17T09:54:20.458+0800][36.706s][info][gc             ] GC(989) Concurrent Mark
[2026-06-17T09:54:20.459+0800][36.707s][info][gc,task        ] GC(989) Using 2 workers of 5 for marking
[2026-06-17T09:54:20.460+0800][36.708s][info][gc             ] GC(989) Concurrent Mark 1.745ms
[2026-06-17T09:54:20.460+0800][36.708s][info][gc,cpu         ] GC(989) User=0.00s Sys=0.00s Real=0.00s
[2026-06-17T09:54:20.461+0800][36.709s][info][gc             ] GC(989) Concurrent Preclean
[2026-06-17T09:54:20.461+0800][36.709s][info][gc             ] GC(989) Concurrent Preclean 0.464ms
[2026-06-17T09:54:20.462+0800][36.710s][info][gc,cpu         ] GC(989) User=0.00s Sys=0.00s Real=0.00s
[2026-06-17T09:54:20.462+0800][36.710s][info][gc             ] GC(989) Concurrent Abortable Preclean
[2026-06-17T09:54:20.500+0800][36.749s][info][gc,start       ] GC(990) Pause Young (Allocation Failure)
[2026-06-17T09:54:20.502+0800][36.750s][info][gc,task        ] GC(990) Using 2 workers of 18 for evacuation
[2026-06-17T09:54:20.504+0800][36.752s][info][gc,heap        ] GC(990) ParNew: 19621K->2171K(19648K)
[2026-06-17T09:54:20.504+0800][36.752s][info][gc,heap        ] GC(990) CMS: 37881K->42815K(43712K)
[2026-06-17T09:54:20.504+0800][36.753s][info][gc,metaspace   ] GC(990) Metaspace: 3161K(4864K)->3161K(4864K) NonClass: 2855K(4352K)->2855K(4352K) Class: 305K(512K)->305K(512K)
[2026-06-17T09:54:20.505+0800][36.753s][info][gc             ] GC(990) Pause Young (Allocation Failure) 56M->43M(61M) 4.416ms
[2026-06-17T09:54:20.505+0800][36.753s][info][gc,cpu         ] GC(990) User=0.00s Sys=0.00s Real=0.01s
[2026-06-17T09:54:20.506+0800][36.754s][info][gc             ] GC(989) Concurrent Abortable Preclean 43.599ms
[2026-06-17T09:54:20.506+0800][36.754s][info][gc,cpu         ] GC(989) User=0.01s Sys=0.00s Real=0.05s
[2026-06-17T09:54:20.507+0800][36.755s][info][gc,start       ] GC(989) Pause Remark
[2026-06-17T09:54:20.508+0800][36.756s][info][gc             ] GC(989) Pause Remark 46M->46M(61M) 1.038ms
[2026-06-17T09:54:20.508+0800][36.756s][info][gc,cpu         ] GC(989) User=0.00s Sys=0.00s Real=0.00s
[2026-06-17T09:54:20.508+0800][36.756s][info][gc             ] GC(989) Concurrent Sweep
[2026-06-17T09:54:20.509+0800][36.757s][info][gc             ] GC(989) Concurrent Sweep 0.549ms
[2026-06-17T09:54:20.509+0800][36.757s][info][gc,cpu         ] GC(989) User=0.00s Sys=0.00s Real=0.00s
[2026-06-17T09:54:20.509+0800][36.758s][info][gc             ] GC(989) Concurrent Reset
[2026-06-17T09:54:20.510+0800][36.758s][info][gc             ] GC(989) Concurrent Reset 0.272ms
[2026-06-17T09:54:20.510+0800][36.758s][info][gc,cpu         ] GC(989) User=0.00s Sys=0.00s Real=0.00s
[2026-06-17T09:54:20.510+0800][36.758s][info][gc,heap        ] GC(989) Old: 37881K->32211K(43712K)
[2026-06-17T09:54:20.548+0800][36.796s][info][gc,start       ] GC(991) Pause Young (Allocation Failure)
[2026-06-17T09:54:20.548+0800][36.797s][info][gc,task        ] GC(991) Using 2 workers of 18 for evacuation
[2026-06-17T09:54:20.550+0800][36.798s][info][gc,heap        ] GC(991) ParNew: 19604K->2171K(19648K)
[2026-06-17T09:54:20.550+0800][36.798s][info][gc,heap        ] GC(991) CMS: 32211K->35869K(43712K)
[2026-06-17T09:54:20.551+0800][36.799s][info][gc,metaspace   ] GC(991) Metaspace: 3161K(4864K)->3161K(4864K) NonClass: 2855K(4352K)->2855K(4352K) Class: 305K(512K)->305K(512K)
[2026-06-17T09:54:20.551+0800][36.799s][info][gc             ] GC(991) Pause Young (Allocation Failure) 50M->37M(61M) 2.933ms
[2026-06-17T09:54:20.551+0800][36.799s][info][gc,cpu         ] GC(991) User=0.00s Sys=0.00s Real=0.01s
[2026-06-17T09:54:20.552+0800][36.800s][info][gc,start       ] GC(992) Pause Initial Mark
[2026-06-17T09:54:20.552+0800][36.800s][info][gc             ] GC(992) Pause Initial Mark 38M->38M(61M) 0.443ms
[2026-06-17T09:54:20.552+0800][36.801s][info][gc,cpu         ] GC(992) User=0.01s Sys=0.00s Real=0.00s
[2026-06-17T09:54:20.553+0800][36.801s][info][gc             ] GC(992) Concurrent Mark
[2026-06-17T09:54:20.553+0800][36.801s][info][gc,task        ] GC(992) Using 2 workers of 5 for marking
[2026-06-17T09:54:20.554+0800][36.803s][info][gc             ] GC(992) Concurrent Mark 1.523ms
[2026-06-17T09:54:20.555+0800][36.803s][info][gc,cpu         ] GC(992) User=0.00s Sys=0.00s Real=0.00s
[2026-06-17T09:54:20.555+0800][36.803s][info][gc             ] GC(992) Concurrent Preclean
[2026-06-17T09:54:20.555+0800][36.803s][info][gc             ] GC(992) Concurrent Preclean 0.336ms
[2026-06-17T09:54:20.556+0800][36.804s][info][gc,cpu         ] GC(992) User=0.00s Sys=0.00s Real=0.00s
[2026-06-17T09:54:20.556+0800][36.804s][info][gc,start       ] GC(992) Pause Remark
[2026-06-17T09:54:20.557+0800][36.805s][info][gc             ] GC(992) Pause Remark 38M->38M(61M) 0.784ms
[2026-06-17T09:54:20.557+0800][36.805s][info][gc,cpu         ] GC(992) User=0.00s Sys=0.00s Real=0.00s
[2026-06-17T09:54:20.557+0800][36.805s][info][gc             ] GC(992) Concurrent Sweep
[2026-06-17T09:54:20.558+0800][36.806s][info][gc             ] GC(992) Concurrent Sweep 0.358ms
[2026-06-17T09:54:20.558+0800][36.806s][info][gc,cpu         ] GC(992) User=0.00s Sys=0.00s Real=0.00s
[2026-06-17T09:54:20.558+0800][36.806s][info][gc             ] GC(992) Concurrent Reset
[2026-06-17T09:54:20.558+0800][36.806s][info][gc             ] GC(992) Concurrent Reset 0.184ms
[2026-06-17T09:54:20.558+0800][36.807s][info][gc,cpu         ] GC(992) User=0.00s Sys=0.00s Real=0.00s
[2026-06-17T09:54:20.559+0800][36.807s][info][gc,heap        ] GC(992) Old: 35869K->23767K(43712K)
[2026-06-17T09:54:20.595+0800][36.843s][info][gc,start       ] GC(993) Pause Young (Allocation Failure)
[2026-06-17T09:54:20.596+0800][36.844s][info][gc,task        ] GC(993) Using 2 workers of 18 for evacuation
[2026-06-17T09:54:20.598+0800][36.846s][info][gc,heap        ] GC(993) ParNew: 19610K->2169K(19648K)
[2026-06-17T09:54:20.598+0800][36.847s][info][gc,heap        ] GC(993) CMS: 23767K->27460K(43712K)
[2026-06-17T09:54:20.599+0800][36.847s][info][gc,metaspace   ] GC(993) Metaspace: 3161K(4864K)->3161K(4864K) NonClass: 2855K(4352K)->2855K(4352K) Class: 305K(512K)->305K(512K)
[2026-06-17T09:54:20.600+0800][36.848s][info][gc             ] GC(993) Pause Young (Allocation Failure) 42M->28M(61M) 4.315ms
[2026-06-17T09:54:20.600+0800][36.848s][info][gc,cpu         ] GC(993) User=0.00s Sys=0.00s Real=0.00s
[2026-06-17T09:54:20.645+0800][36.893s][info][gc,start       ] GC(994) Pause Young (Allocation Failure)
[2026-06-17T09:54:20.646+0800][36.894s][info][gc,task        ] GC(994) Using 2 workers of 18 for evacuation
[2026-06-17T09:54:20.648+0800][36.896s][info][gc,heap        ] GC(994) ParNew: 19603K->2172K(19648K)
[2026-06-17T09:54:20.649+0800][36.897s][info][gc,heap        ] GC(994) CMS: 27460K->32533K(43712K)
[2026-06-17T09:54:20.650+0800][36.898s][info][gc,metaspace   ] GC(994) Metaspace: 3161K(4864K)->3161K(4864K) NonClass: 2855K(4352K)->2855K(4352K) Class: 305K(512K)->305K(512K)
[2026-06-17T09:54:20.650+0800][36.898s][info][gc             ] GC(994) Pause Young (Allocation Failure) 45M->33M(61M) 5.329ms
[2026-06-17T09:54:20.651+0800][36.899s][info][gc,cpu         ] GC(994) User=0.00s Sys=0.00s Real=0.01s
[2026-06-17T09:54:20.652+0800][36.900s][info][gc,start       ] GC(995) Pause Initial Mark
[2026-06-17T09:54:20.653+0800][36.901s][info][gc             ] GC(995) Pause Initial Mark 34M->34M(61M) 1.000ms
[2026-06-17T09:54:20.653+0800][36.901s][info][gc,cpu         ] GC(995) User=0.00s Sys=0.00s Real=0.00s
[2026-06-17T09:54:20.654+0800][36.902s][info][gc             ] GC(995) Concurrent Mark
[2026-06-17T09:54:20.654+0800][36.902s][info][gc,task        ] GC(995) Using 2 workers of 5 for marking
[2026-06-17T09:54:20.656+0800][36.904s][info][gc             ] GC(995) Concurrent Mark 2.547ms
[2026-06-17T09:54:20.657+0800][36.905s][info][gc,cpu         ] GC(995) User=0.00s Sys=0.00s Real=0.00s
[2026-06-17T09:54:20.658+0800][36.906s][info][gc             ] GC(995) Concurrent Preclean
[2026-06-17T09:54:20.658+0800][36.906s][info][gc             ] GC(995) Concurrent Preclean 0.551ms
[2026-06-17T09:54:20.659+0800][36.907s][info][gc,cpu         ] GC(995) User=0.00s Sys=0.00s Real=0.00s
[2026-06-17T09:54:20.659+0800][36.907s][info][gc,start       ] GC(995) Pause Remark
[2026-06-17T09:54:20.660+0800][36.908s][info][gc             ] GC(995) Pause Remark 34M->34M(61M) 1.015ms
[2026-06-17T09:54:20.660+0800][36.909s][info][gc,cpu         ] GC(995) User=0.00s Sys=0.00s Real=0.00s
[2026-06-17T09:54:20.662+0800][36.910s][info][gc             ] GC(995) Concurrent Sweep
[2026-06-17T09:54:20.663+0800][36.911s][info][gc             ] GC(995) Concurrent Sweep 0.821ms
[2026-06-17T09:54:20.663+0800][36.912s][info][gc,cpu         ] GC(995) User=0.01s Sys=0.00s Real=0.01s
[2026-06-17T09:54:20.664+0800][36.912s][info][gc             ] GC(995) Concurrent Reset
[2026-06-17T09:54:20.664+0800][36.912s][info][gc             ] GC(995) Concurrent Reset 0.321ms
[2026-06-17T09:54:20.664+0800][36.913s][info][gc,cpu         ] GC(995) User=0.00s Sys=0.00s Real=0.00s
[2026-06-17T09:54:20.665+0800][36.913s][info][gc,heap        ] GC(995) Old: 32533K->30273K(43712K)
[2026-06-17T09:54:20.694+0800][36.942s][info][gc,start       ] GC(996) Pause Young (Allocation Failure)
[2026-06-17T09:54:20.695+0800][36.943s][info][gc,task        ] GC(996) Using 2 workers of 18 for evacuation
[2026-06-17T09:54:20.696+0800][36.944s][info][gc,heap        ] GC(996) ParNew: 19605K->2175K(19648K)
[2026-06-17T09:54:20.696+0800][36.944s][info][gc,heap        ] GC(996) CMS: 30273K->34929K(43712K)
[2026-06-17T09:54:20.696+0800][36.944s][info][gc,metaspace   ] GC(996) Metaspace: 3161K(4864K)->3161K(4864K) NonClass: 2855K(4352K)->2855K(4352K) Class: 305K(512K)->305K(512K)
[2026-06-17T09:54:20.697+0800][36.945s][info][gc             ] GC(996) Pause Young (Allocation Failure) 48M->36M(61M) 2.617ms
[2026-06-17T09:54:20.697+0800][36.945s][info][gc,cpu         ] GC(996) User=0.00s Sys=0.00s Real=0.00s
[2026-06-17T09:54:20.697+0800][36.945s][info][gc,start       ] GC(997) Pause Initial Mark
[2026-06-17T09:54:20.698+0800][36.946s][info][gc             ] GC(997) Pause Initial Mark 37M->37M(61M) 0.392ms
[2026-06-17T09:54:20.698+0800][36.946s][info][gc,cpu         ] GC(997) User=0.00s Sys=0.00s Real=0.00s
[2026-06-17T09:54:20.698+0800][36.947s][info][gc             ] GC(997) Concurrent Mark
[2026-06-17T09:54:20.699+0800][36.947s][info][gc,task        ] GC(997) Using 2 workers of 5 for marking
[2026-06-17T09:54:20.700+0800][36.948s][info][gc             ] GC(997) Concurrent Mark 1.097ms
[2026-06-17T09:54:20.700+0800][36.948s][info][gc,cpu         ] GC(997) User=0.00s Sys=0.00s Real=0.00s
[2026-06-17T09:54:20.701+0800][36.949s][info][gc             ] GC(997) Concurrent Preclean
[2026-06-17T09:54:20.701+0800][36.949s][info][gc             ] GC(997) Concurrent Preclean 0.379ms
[2026-06-17T09:54:20.701+0800][36.950s][info][gc,cpu         ] GC(997) User=0.00s Sys=0.00s Real=0.00s
[2026-06-17T09:54:20.702+0800][36.950s][info][gc,start       ] GC(997) Pause Remark
[2026-06-17T09:54:20.702+0800][36.950s][info][gc             ] GC(997) Pause Remark 37M->37M(61M) 0.481ms
[2026-06-17T09:54:20.702+0800][36.951s][info][gc,cpu         ] GC(997) User=0.00s Sys=0.00s Real=0.00s
[2026-06-17T09:54:20.703+0800][36.951s][info][gc             ] GC(997) Concurrent Sweep
[2026-06-17T09:54:20.703+0800][36.951s][info][gc             ] GC(997) Concurrent Sweep 0.289ms
[2026-06-17T09:54:20.703+0800][36.951s][info][gc,cpu         ] GC(997) User=0.00s Sys=0.00s Real=0.00s
[2026-06-17T09:54:20.703+0800][36.952s][info][gc             ] GC(997) Concurrent Reset
[2026-06-17T09:54:20.704+0800][36.952s][info][gc             ] GC(997) Concurrent Reset 0.145ms
[2026-06-17T09:54:20.704+0800][36.952s][info][gc,cpu         ] GC(997) User=0.00s Sys=0.00s Real=0.00s
[2026-06-17T09:54:20.704+0800][36.952s][info][gc,heap        ] GC(997) Old: 34929K->23815K(43712K)
[2026-06-17T09:54:20.740+0800][36.988s][info][gc,start       ] GC(998) Pause Young (Allocation Failure)
[2026-06-17T09:54:20.741+0800][36.989s][info][gc,task        ] GC(998) Using 2 workers of 18 for evacuation
[2026-06-17T09:54:20.741+0800][36.990s][info][gc,heap        ] GC(998) ParNew: 19594K->2149K(19648K)
[2026-06-17T09:54:20.742+0800][36.990s][info][gc,heap        ] GC(998) CMS: 23815K->26307K(43712K)
[2026-06-17T09:54:20.742+0800][36.990s][info][gc,metaspace   ] GC(998) Metaspace: 3161K(4864K)->3161K(4864K) NonClass: 2855K(4352K)->2855K(4352K) Class: 305K(512K)->305K(512K)
[2026-06-17T09:54:20.742+0800][36.990s][info][gc             ] GC(998) Pause Young (Allocation Failure) 42M->27M(61M) 1.878ms
[2026-06-17T09:54:20.743+0800][36.991s][info][gc,cpu         ] GC(998) User=0.00s Sys=0.01s Real=0.01s
[2026-06-17T09:54:20.795+0800][37.043s][info][gc,start       ] GC(999) Pause Young (Allocation Failure)
[2026-06-17T09:54:20.796+0800][37.044s][info][gc,task        ] GC(999) Using 2 workers of 18 for evacuation
[2026-06-17T09:54:20.797+0800][37.045s][info][gc,heap        ] GC(999) ParNew: 19617K->2168K(19648K)
[2026-06-17T09:54:20.797+0800][37.045s][info][gc,heap        ] GC(999) CMS: 26307K->29754K(43712K)
[2026-06-17T09:54:20.798+0800][37.046s][info][gc,metaspace   ] GC(999) Metaspace: 3161K(4864K)->3161K(4864K) NonClass: 2855K(4352K)->2855K(4352K) Class: 305K(512K)->305K(512K)
[2026-06-17T09:54:20.798+0800][37.046s][info][gc             ] GC(999) Pause Young (Allocation Failure) 44M->31M(61M) 2.828ms
[2026-06-17T09:54:20.799+0800][37.047s][info][gc,cpu         ] GC(999) User=0.00s Sys=0.00s Real=0.00s
[2026-06-17T09:54:20.841+0800][37.089s][info][gc,start       ] GC(1000) Pause Young (Allocation Failure)
[2026-06-17T09:54:20.841+0800][37.090s][info][gc,task        ] GC(1000) Using 2 workers of 18 for evacuation
[2026-06-17T09:54:20.843+0800][37.091s][info][gc,heap        ] GC(1000) ParNew: 19640K->2173K(19648K)
[2026-06-17T09:54:20.843+0800][37.091s][info][gc,heap        ] GC(1000) CMS: 29754K->33358K(43712K)
[2026-06-17T09:54:20.843+0800][37.091s][info][gc,metaspace   ] GC(1000) Metaspace: 3161K(4864K)->3161K(4864K) NonClass: 2855K(4352K)->2855K(4352K) Class: 305K(512K)->305K(512K)
[2026-06-17T09:54:20.843+0800][37.091s][info][gc             ] GC(1000) Pause Young (Allocation Failure) 48M->34M(61M) 2.041ms
[2026-06-17T09:54:20.843+0800][37.091s][info][gc,cpu         ] GC(1000) User=0.00s Sys=0.00s Real=0.01s
[2026-06-17T09:54:20.886+0800][37.134s][info][gc,start       ] GC(1001) Pause Young (Allocation Failure)
[2026-06-17T09:54:20.886+0800][37.134s][info][gc,task        ] GC(1001) Using 2 workers of 18 for evacuation
[2026-06-17T09:54:20.887+0800][37.135s][info][gc,heap        ] GC(1001) ParNew: 19645K->2168K(19648K)
[2026-06-17T09:54:20.887+0800][37.136s][info][gc,heap        ] GC(1001) CMS: 33358K->38693K(43712K)
[2026-06-17T09:54:20.888+0800][37.136s][info][gc,metaspace   ] GC(1001) Metaspace: 3161K(4864K)->3161K(4864K) NonClass: 2855K(4352K)->2855K(4352K) Class: 305K(512K)->305K(512K)
[2026-06-17T09:54:20.888+0800][37.136s][info][gc             ] GC(1001) Pause Young (Allocation Failure) 51M->39M(61M) 2.125ms
[2026-06-17T09:54:20.888+0800][37.136s][info][gc,cpu         ] GC(1001) User=0.00s Sys=0.00s Real=0.00s
[2026-06-17T09:54:20.889+0800][37.137s][info][gc,start       ] GC(1002) Pause Initial Mark
[2026-06-17T09:54:20.889+0800][37.137s][info][gc             ] GC(1002) Pause Initial Mark 40M->40M(61M) 0.239ms
[2026-06-17T09:54:20.889+0800][37.137s][info][gc,cpu         ] GC(1002) User=0.00s Sys=0.00s Real=0.00s
[2026-06-17T09:54:20.889+0800][37.137s][info][gc             ] GC(1002) Concurrent Mark
[2026-06-17T09:54:20.889+0800][37.138s][info][gc,task        ] GC(1002) Using 2 workers of 5 for marking
[2026-06-17T09:54:20.890+0800][37.138s][info][gc             ] GC(1002) Concurrent Mark 0.896ms
[2026-06-17T09:54:20.890+0800][37.138s][info][gc,cpu         ] GC(1002) User=0.00s Sys=0.00s Real=0.00s
[2026-06-17T09:54:20.890+0800][37.139s][info][gc             ] GC(1002) Concurrent Preclean
[2026-06-17T09:54:20.891+0800][37.139s][info][gc             ] GC(1002) Concurrent Preclean 0.120ms
[2026-06-17T09:54:20.891+0800][37.139s][info][gc,cpu         ] GC(1002) User=0.00s Sys=0.00s Real=0.00s
[2026-06-17T09:54:20.891+0800][37.139s][info][gc             ] GC(1002) Concurrent Abortable Preclean
[2026-06-17T09:54:20.931+0800][37.179s][info][gc,start       ] GC(1003) Pause Young (Allocation Failure)
[2026-06-17T09:54:20.931+0800][37.179s][info][gc,task        ] GC(1003) Using 2 workers of 18 for evacuation
[2026-06-17T09:54:20.931+0800][37.180s][info][gc,start       ] GC(1004) Pause Full (Allocation Failure)
[2026-06-17T09:54:20.932+0800][37.180s][info][gc             ] GC(1002) Concurrent Abortable Preclean 40.759ms
[2026-06-17T09:54:20.932+0800][37.180s][info][gc,cpu         ] GC(1002) User=0.00s Sys=0.00s Real=0.04s
[2026-06-17T09:54:20.932+0800][37.180s][info][gc,phases,start] GC(1004) Phase 1: Mark live objects
[2026-06-17T09:54:20.933+0800][37.181s][info][gc,phases      ] GC(1004) Phase 1: Mark live objects 0.690ms
[2026-06-17T09:54:20.933+0800][37.181s][info][gc,phases,start] GC(1004) Phase 2: Compute new object addresses
[2026-06-17T09:54:20.934+0800][37.182s][info][gc,phases      ] GC(1004) Phase 2: Compute new object addresses 0.535ms
[2026-06-17T09:54:20.934+0800][37.182s][info][gc,phases,start] GC(1004) Phase 3: Adjust pointers
[2026-06-17T09:54:20.935+0800][37.183s][info][gc,phases      ] GC(1004) Phase 3: Adjust pointers 0.993ms
[2026-06-17T09:54:20.936+0800][37.184s][info][gc,phases,start] GC(1004) Phase 4: Move objects
[2026-06-17T09:54:20.940+0800][37.188s][info][gc,phases      ] GC(1004) Phase 4: Move objects 4.300ms
[2026-06-17T09:54:20.943+0800][37.191s][info][gc             ] GC(1004) Pause Full (Allocation Failure) 56M->29M(61M) 11.250ms
[2026-06-17T09:54:20.943+0800][37.191s][info][gc,heap        ] GC(1003) ParNew: 19615K->0K(19648K)
[2026-06-17T09:54:20.943+0800][37.192s][info][gc,heap        ] GC(1003) CMS: 38693K->30495K(43712K)
[2026-06-17T09:54:20.944+0800][37.192s][info][gc,metaspace   ] GC(1003) Metaspace: 3161K(4864K)->3161K(4864K) NonClass: 2855K(4352K)->2855K(4352K) Class: 305K(512K)->305K(512K)
[2026-06-17T09:54:20.944+0800][37.192s][info][gc             ] GC(1003) Pause Young (Allocation Failure) 56M->29M(61M) 13.003ms
[2026-06-17T09:54:20.944+0800][37.192s][info][gc,cpu         ] GC(1003) User=0.01s Sys=0.00s Real=0.01s
[2026-06-17T09:54:20.987+0800][37.235s][info][gc,start       ] GC(1005) Pause Young (Allocation Failure)
[2026-06-17T09:54:20.988+0800][37.236s][info][gc,task        ] GC(1005) Using 2 workers of 18 for evacuation
[2026-06-17T09:54:20.989+0800][37.237s][info][gc,heap        ] GC(1005) ParNew: 17420K->2104K(19648K)
[2026-06-17T09:54:20.989+0800][37.238s][info][gc,heap        ] GC(1005) CMS: 30495K->32126K(43712K)
[2026-06-17T09:54:20.990+0800][37.238s][info][gc,metaspace   ] GC(1005) Metaspace: 3161K(4864K)->3161K(4864K) NonClass: 2855K(4352K)->2855K(4352K) Class: 305K(512K)->305K(512K)
[2026-06-17T09:54:20.991+0800][37.239s][info][gc             ] GC(1005) Pause Young (Allocation Failure) 46M->33M(61M) 3.611ms
[2026-06-17T09:54:20.991+0800][37.239s][info][gc,cpu         ] GC(1005) User=0.00s Sys=0.00s Real=0.01s
[2026-06-17T09:54:21.045+0800][37.293s][info][gc,start       ] GC(1006) Pause Young (Allocation Failure)
[2026-06-17T09:54:21.045+0800][37.293s][info][gc,task        ] GC(1006) Using 2 workers of 18 for evacuation
[2026-06-17T09:54:21.046+0800][37.294s][info][gc,heap        ] GC(1006) ParNew: 19576K->1954K(19648K)
[2026-06-17T09:54:21.047+0800][37.295s][info][gc,heap        ] GC(1006) CMS: 32126K->35980K(43712K)
[2026-06-17T09:54:21.047+0800][37.295s][info][gc,metaspace   ] GC(1006) Metaspace: 3161K(4864K)->3161K(4864K) NonClass: 2855K(4352K)->2855K(4352K) Class: 305K(512K)->305K(512K)
[2026-06-17T09:54:21.047+0800][37.296s][info][gc             ] GC(1006) Pause Young (Allocation Failure) 50M->37M(61M) 2.837ms
[2026-06-17T09:54:21.048+0800][37.296s][info][gc,cpu         ] GC(1006) User=0.00s Sys=0.00s Real=0.00s
[2026-06-17T09:54:21.048+0800][37.297s][info][gc,start       ] GC(1007) Pause Initial Mark
[2026-06-17T09:54:21.049+0800][37.297s][info][gc             ] GC(1007) Pause Initial Mark 37M->37M(61M) 0.492ms
[2026-06-17T09:54:21.049+0800][37.297s][info][gc,cpu         ] GC(1007) User=0.00s Sys=0.00s Real=0.00s
[2026-06-17T09:54:21.050+0800][37.298s][info][gc             ] GC(1007) Concurrent Mark
[2026-06-17T09:54:21.050+0800][37.298s][info][gc,task        ] GC(1007) Using 2 workers of 5 for marking
[2026-06-17T09:54:21.051+0800][37.299s][info][gc             ] GC(1007) Concurrent Mark 1.453ms
[2026-06-17T09:54:21.051+0800][37.300s][info][gc,cpu         ] GC(1007) User=0.01s Sys=0.00s Real=0.01s
[2026-06-17T09:54:21.051+0800][37.300s][info][gc             ] GC(1007) Concurrent Preclean
[2026-06-17T09:54:21.052+0800][37.300s][info][gc             ] GC(1007) Concurrent Preclean 0.203ms
[2026-06-17T09:54:21.052+0800][37.300s][info][gc,cpu         ] GC(1007) User=0.00s Sys=0.00s Real=0.00s
[2026-06-17T09:54:21.052+0800][37.300s][info][gc             ] GC(1007) Concurrent Abortable Preclean
[2026-06-17T09:54:21.092+0800][37.341s][info][gc,start       ] GC(1008) Pause Young (Allocation Failure)
[2026-06-17T09:54:21.093+0800][37.341s][info][gc,task        ] GC(1008) Using 2 workers of 18 for evacuation
[2026-06-17T09:54:21.095+0800][37.343s][info][gc,heap        ] GC(1008) ParNew: 19422K->2171K(19648K)
[2026-06-17T09:54:21.095+0800][37.343s][info][gc,heap        ] GC(1008) CMS: 35980K->39995K(43712K)
[2026-06-17T09:54:21.096+0800][37.344s][info][gc,metaspace   ] GC(1008) Metaspace: 3161K(4864K)->3161K(4864K) NonClass: 2855K(4352K)->2855K(4352K) Class: 305K(512K)->305K(512K)
[2026-06-17T09:54:21.096+0800][37.344s][info][gc             ] GC(1008) Pause Young (Allocation Failure) 54M->41M(61M) 3.789ms
[2026-06-17T09:54:21.096+0800][37.345s][info][gc,cpu         ] GC(1008) User=0.00s Sys=0.00s Real=0.00s
[2026-06-17T09:54:21.140+0800][37.388s][info][gc,start       ] GC(1009) Pause Young (Allocation Failure)
[2026-06-17T09:54:21.140+0800][37.388s][info][gc,task        ] GC(1009) Using 2 workers of 18 for evacuation
[2026-06-17T09:54:21.140+0800][37.388s][info][gc,start       ] GC(1010) Pause Full (Allocation Failure)
[2026-06-17T09:54:21.140+0800][37.389s][info][gc             ] GC(1007) Concurrent Abortable Preclean 88.272ms
[2026-06-17T09:54:21.141+0800][37.389s][info][gc,cpu         ] GC(1007) User=0.00s Sys=0.00s Real=0.08s
[2026-06-17T09:54:21.141+0800][37.389s][info][gc,phases,start] GC(1010) Phase 1: Mark live objects
[2026-06-17T09:54:21.142+0800][37.390s][info][gc,phases      ] GC(1010) Phase 1: Mark live objects 0.820ms
[2026-06-17T09:54:21.142+0800][37.390s][info][gc,phases,start] GC(1010) Phase 2: Compute new object addresses
[2026-06-17T09:54:21.142+0800][37.391s][info][gc,phases      ] GC(1010) Phase 2: Compute new object addresses 0.509ms
[2026-06-17T09:54:21.143+0800][37.391s][info][gc,phases,start] GC(1010) Phase 3: Adjust pointers
[2026-06-17T09:54:21.143+0800][37.391s][info][gc,phases      ] GC(1010) Phase 3: Adjust pointers 0.743ms
[2026-06-17T09:54:21.144+0800][37.392s][info][gc,phases,start] GC(1010) Phase 4: Move objects
[2026-06-17T09:54:21.146+0800][37.394s][info][gc,phases      ] GC(1010) Phase 4: Move objects 2.559ms
[2026-06-17T09:54:21.147+0800][37.395s][info][gc             ] GC(1010) Pause Full (Allocation Failure) 58M->26M(61M) 6.418ms
[2026-06-17T09:54:21.147+0800][37.395s][info][gc,heap        ] GC(1009) ParNew: 19641K->0K(19648K)
[2026-06-17T09:54:21.147+0800][37.395s][info][gc,heap        ] GC(1009) CMS: 39995K->26926K(43712K)
[2026-06-17T09:54:21.147+0800][37.395s][info][gc,metaspace   ] GC(1009) Metaspace: 3161K(4864K)->3161K(4864K) NonClass: 2855K(4352K)->2855K(4352K) Class: 305K(512K)->305K(512K)
[2026-06-17T09:54:21.147+0800][37.395s][info][gc             ] GC(1009) Pause Young (Allocation Failure) 58M->26M(61M) 7.668ms
[2026-06-17T09:54:21.147+0800][37.395s][info][gc,cpu         ] GC(1009) User=0.01s Sys=0.00s Real=0.01s
[2026-06-17T09:54:21.190+0800][37.438s][info][gc,start       ] GC(1011) Pause Young (Allocation Failure)
[2026-06-17T09:54:21.191+0800][37.439s][info][gc,task        ] GC(1011) Using 2 workers of 18 for evacuation
[2026-06-17T09:54:21.192+0800][37.440s][info][gc,heap        ] GC(1011) ParNew: 17472K->2172K(19648K)
[2026-06-17T09:54:21.193+0800][37.441s][info][gc,heap        ] GC(1011) CMS: 26926K->31666K(43712K)
[2026-06-17T09:54:21.193+0800][37.442s][info][gc,metaspace   ] GC(1011) Metaspace: 3161K(4864K)->3161K(4864K) NonClass: 2855K(4352K)->2855K(4352K) Class: 305K(512K)->305K(512K)
[2026-06-17T09:54:21.194+0800][37.442s][info][gc             ] GC(1011) Pause Young (Allocation Failure) 43M->33M(61M) 3.968ms
[2026-06-17T09:54:21.194+0800][37.443s][info][gc,cpu         ] GC(1011) User=0.00s Sys=0.00s Real=0.01s
[2026-06-17T09:54:21.238+0800][37.486s][info][gc,start       ] GC(1012) Pause Young (Allocation Failure)
[2026-06-17T09:54:21.240+0800][37.488s][info][gc,task        ] GC(1012) Using 2 workers of 18 for evacuation
[2026-06-17T09:54:21.243+0800][37.491s][info][gc,heap        ] GC(1012) ParNew: 19580K->2008K(19648K)
[2026-06-17T09:54:21.244+0800][37.492s][info][gc,heap        ] GC(1012) CMS: 31666K->34485K(43712K)
[2026-06-17T09:54:21.244+0800][37.492s][info][gc,metaspace   ] GC(1012) Metaspace: 3161K(4864K)->3161K(4864K) NonClass: 2855K(4352K)->2855K(4352K) Class: 305K(512K)->305K(512K)
[2026-06-17T09:54:21.246+0800][37.494s][info][gc             ] GC(1012) Pause Young (Allocation Failure) 50M->35M(61M) 8.351ms
[2026-06-17T09:54:21.247+0800][37.495s][info][gc,cpu         ] GC(1012) User=0.01s Sys=0.00s Real=0.01s
[2026-06-17T09:54:21.291+0800][37.539s][info][gc,start       ] GC(1013) Pause Young (Allocation Failure)
[2026-06-17T09:54:21.293+0800][37.542s][info][gc,task        ] GC(1013) Using 2 workers of 18 for evacuation
[2026-06-17T09:54:21.299+0800][37.547s][info][gc,heap        ] GC(1013) ParNew: 19078K->2160K(19648K)
[2026-06-17T09:54:21.299+0800][37.547s][info][gc,heap        ] GC(1013) CMS: 34485K->37107K(43712K)
[2026-06-17T09:54:21.300+0800][37.548s][info][gc,metaspace   ] GC(1013) Metaspace: 3161K(4864K)->3161K(4864K) NonClass: 2855K(4352K)->2855K(4352K) Class: 305K(512K)->305K(512K)
[2026-06-17T09:54:21.300+0800][37.548s][info][gc             ] GC(1013) Pause Young (Allocation Failure) 52M->38M(61M) 9.149ms
[2026-06-17T09:54:21.301+0800][37.549s][info][gc,cpu         ] GC(1013) User=0.00s Sys=0.00s Real=0.00s
[2026-06-17T09:54:21.302+0800][37.550s][info][gc,start       ] GC(1014) Pause Initial Mark
[2026-06-17T09:54:21.303+0800][37.551s][info][gc             ] GC(1014) Pause Initial Mark 39M->39M(61M) 0.855ms
[2026-06-17T09:54:21.303+0800][37.551s][info][gc,cpu         ] GC(1014) User=0.00s Sys=0.00s Real=0.01s
[2026-06-17T09:54:21.304+0800][37.552s][info][gc             ] GC(1014) Concurrent Mark
[2026-06-17T09:54:21.304+0800][37.553s][info][gc,task        ] GC(1014) Using 2 workers of 5 for marking
[2026-06-17T09:54:21.306+0800][37.555s][info][gc             ] GC(1014) Concurrent Mark 2.465ms
[2026-06-17T09:54:21.307+0800][37.555s][info][gc,cpu         ] GC(1014) User=0.00s Sys=0.00s Real=0.00s
[2026-06-17T09:54:21.307+0800][37.555s][info][gc             ] GC(1014) Concurrent Preclean
[2026-06-17T09:54:21.308+0800][37.556s][info][gc             ] GC(1014) Concurrent Preclean 0.414ms
[2026-06-17T09:54:21.308+0800][37.556s][info][gc,cpu         ] GC(1014) User=0.00s Sys=0.00s Real=0.00s
[2026-06-17T09:54:21.308+0800][37.556s][info][gc,start       ] GC(1014) Pause Remark
[2026-06-17T09:54:21.309+0800][37.557s][info][gc             ] GC(1014) Pause Remark 39M->39M(61M) 0.899ms
[2026-06-17T09:54:21.309+0800][37.558s][info][gc,cpu         ] GC(1014) User=0.00s Sys=0.00s Real=0.00s
[2026-06-17T09:54:21.310+0800][37.558s][info][gc             ] GC(1014) Concurrent Sweep
[2026-06-17T09:54:21.310+0800][37.558s][info][gc             ] GC(1014) Concurrent Sweep 0.453ms
[2026-06-17T09:54:21.311+0800][37.559s][info][gc,cpu         ] GC(1014) User=0.00s Sys=0.00s Real=0.01s
[2026-06-17T09:54:21.311+0800][37.559s][info][gc             ] GC(1014) Concurrent Reset
[2026-06-17T09:54:21.311+0800][37.559s][info][gc             ] GC(1014) Concurrent Reset 0.272ms
[2026-06-17T09:54:21.311+0800][37.560s][info][gc,cpu         ] GC(1014) User=0.00s Sys=0.00s Real=0.00s
[2026-06-17T09:54:21.312+0800][37.560s][info][gc,heap        ] GC(1014) Old: 37107K->21762K(43712K)
[2026-06-17T09:54:21.354+0800][37.602s][info][gc,start       ] GC(1015) Pause Young (Allocation Failure)
[2026-06-17T09:54:21.355+0800][37.603s][info][gc,task        ] GC(1015) Using 2 workers of 18 for evacuation
[2026-06-17T09:54:21.357+0800][37.605s][info][gc,heap        ] GC(1015) ParNew: 19614K->2171K(19648K)
[2026-06-17T09:54:21.357+0800][37.605s][info][gc,heap        ] GC(1015) CMS: 21762K->25756K(43712K)
[2026-06-17T09:54:21.357+0800][37.605s][info][gc,metaspace   ] GC(1015) Metaspace: 3161K(4864K)->3161K(4864K) NonClass: 2855K(4352K)->2855K(4352K) Class: 305K(512K)->305K(512K)
[2026-06-17T09:54:21.358+0800][37.606s][info][gc             ] GC(1015) Pause Young (Allocation Failure) 40M->27M(61M) 3.443ms
[2026-06-17T09:54:21.358+0800][37.606s][info][gc,cpu         ] GC(1015) User=0.01s Sys=0.00s Real=0.00s
[2026-06-17T09:54:21.391+0800][37.639s][info][gc,start       ] GC(1016) Pause Young (Allocation Failure)
[2026-06-17T09:54:21.392+0800][37.640s][info][gc,task        ] GC(1016) Using 2 workers of 18 for evacuation
[2026-06-17T09:54:21.394+0800][37.642s][info][gc,heap        ] GC(1016) ParNew: 19565K->2173K(19648K)
[2026-06-17T09:54:21.395+0800][37.643s][info][gc,heap        ] GC(1016) CMS: 25756K->29542K(43712K)
[2026-06-17T09:54:21.396+0800][37.644s][info][gc,metaspace   ] GC(1016) Metaspace: 3161K(4864K)->3161K(4864K) NonClass: 2855K(4352K)->2855K(4352K) Class: 305K(512K)->305K(512K)
[2026-06-17T09:54:21.396+0800][37.644s][info][gc             ] GC(1016) Pause Young (Allocation Failure) 44M->30M(61M) 4.986ms
[2026-06-17T09:54:21.397+0800][37.645s][info][gc,cpu         ] GC(1016) User=0.00s Sys=0.00s Real=0.00s
[2026-06-17T09:54:21.452+0800][37.700s][info][gc,start       ] GC(1017) Pause Young (Allocation Failure)
[2026-06-17T09:54:21.453+0800][37.701s][info][gc,task        ] GC(1017) Using 2 workers of 18 for evacuation
[2026-06-17T09:54:21.455+0800][37.703s][info][gc,heap        ] GC(1017) ParNew: 19611K->2158K(19648K)
[2026-06-17T09:54:21.456+0800][37.704s][info][gc,heap        ] GC(1017) CMS: 29542K->33115K(43712K)
[2026-06-17T09:54:21.457+0800][37.705s][info][gc,metaspace   ] GC(1017) Metaspace: 3161K(4864K)->3161K(4864K) NonClass: 2855K(4352K)->2855K(4352K) Class: 305K(512K)->305K(512K)
[2026-06-17T09:54:21.457+0800][37.706s][info][gc             ] GC(1017) Pause Young (Allocation Failure) 48M->34M(61M) 5.718ms
[2026-06-17T09:54:21.458+0800][37.706s][info][gc,cpu         ] GC(1017) User=0.01s Sys=0.00s Real=0.00s
[2026-06-17T09:54:21.503+0800][37.751s][info][gc,start       ] GC(1018) Pause Young (Allocation Failure)
[2026-06-17T09:54:21.504+0800][37.752s][info][gc,task        ] GC(1018) Using 2 workers of 18 for evacuation
[2026-06-17T09:54:21.506+0800][37.754s][info][gc,heap        ] GC(1018) ParNew: 19590K->2165K(19648K)
[2026-06-17T09:54:21.507+0800][37.755s][info][gc,heap        ] GC(1018) CMS: 33115K->36126K(43712K)
[2026-06-17T09:54:21.509+0800][37.757s][info][gc,metaspace   ] GC(1018) Metaspace: 3161K(4864K)->3161K(4864K) NonClass: 2855K(4352K)->2855K(4352K) Class: 305K(512K)->305K(512K)
[2026-06-17T09:54:21.509+0800][37.757s][info][gc             ] GC(1018) Pause Young (Allocation Failure) 51M->37M(61M) 6.109ms
[2026-06-17T09:54:21.510+0800][37.758s][info][gc,cpu         ] GC(1018) User=0.00s Sys=0.00s Real=0.00s
[2026-06-17T09:54:21.511+0800][37.759s][info][gc,start       ] GC(1019) Pause Initial Mark
[2026-06-17T09:54:21.512+0800][37.760s][info][gc             ] GC(1019) Pause Initial Mark 40M->40M(61M) 0.921ms
[2026-06-17T09:54:21.512+0800][37.760s][info][gc,cpu         ] GC(1019) User=0.00s Sys=0.00s Real=0.00s
[2026-06-17T09:54:21.512+0800][37.761s][info][gc             ] GC(1019) Concurrent Mark
[2026-06-17T09:54:21.513+0800][37.761s][info][gc,task        ] GC(1019) Using 2 workers of 5 for marking
[2026-06-17T09:54:21.514+0800][37.762s][info][gc             ] GC(1019) Concurrent Mark 1.575ms
[2026-06-17T09:54:21.514+0800][37.763s][info][gc,cpu         ] GC(1019) User=0.01s Sys=0.00s Real=0.00s
[2026-06-17T09:54:21.515+0800][37.763s][info][gc             ] GC(1019) Concurrent Preclean
[2026-06-17T09:54:21.515+0800][37.763s][info][gc             ] GC(1019) Concurrent Preclean 0.255ms
[2026-06-17T09:54:21.515+0800][37.763s][info][gc,cpu         ] GC(1019) User=0.00s Sys=0.00s Real=0.00s
[2026-06-17T09:54:21.515+0800][37.763s][info][gc             ] GC(1019) Concurrent Abortable Preclean
[2026-06-17T09:54:21.555+0800][37.804s][info][gc,start       ] GC(1020) Pause Young (Allocation Failure)
[2026-06-17T09:54:21.556+0800][37.805s][info][gc,task        ] GC(1020) Using 2 workers of 18 for evacuation
[2026-06-17T09:54:21.559+0800][37.807s][info][gc,heap        ] GC(1020) ParNew: 19637K->2175K(19648K)
[2026-06-17T09:54:21.559+0800][37.807s][info][gc,heap        ] GC(1020) CMS: 36126K->40491K(43712K)
[2026-06-17T09:54:21.560+0800][37.808s][info][gc,metaspace   ] GC(1020) Metaspace: 3161K(4864K)->3161K(4864K) NonClass: 2855K(4352K)->2855K(4352K) Class: 305K(512K)->305K(512K)
[2026-06-17T09:54:21.560+0800][37.809s][info][gc             ] GC(1020) Pause Young (Allocation Failure) 54M->41M(61M) 4.970ms
[2026-06-17T09:54:21.561+0800][37.809s][info][gc,cpu         ] GC(1020) User=0.00s Sys=0.00s Real=0.00s
[2026-06-17T09:54:21.605+0800][37.853s][info][gc,start       ] GC(1021) Pause Young (Allocation Failure)
[2026-06-17T09:54:21.606+0800][37.854s][info][gc,task        ] GC(1021) Using 2 workers of 18 for evacuation
[2026-06-17T09:54:21.607+0800][37.855s][info][gc,start       ] GC(1022) Pause Full (Allocation Failure)
[2026-06-17T09:54:21.607+0800][37.855s][info][gc             ] GC(1019) Concurrent Abortable Preclean 91.946ms
[2026-06-17T09:54:21.609+0800][37.857s][info][gc,cpu         ] GC(1019) User=0.00s Sys=0.00s Real=0.09s
[2026-06-17T09:54:21.610+0800][37.858s][info][gc,phases,start] GC(1022) Phase 1: Mark live objects
[2026-06-17T09:54:21.612+0800][37.860s][info][gc,phases      ] GC(1022) Phase 1: Mark live objects 1.898ms
[2026-06-17T09:54:21.612+0800][37.861s][info][gc,phases,start] GC(1022) Phase 2: Compute new object addresses
[2026-06-17T09:54:21.614+0800][37.862s][info][gc,phases      ] GC(1022) Phase 2: Compute new object addresses 1.128ms
[2026-06-17T09:54:21.614+0800][37.862s][info][gc,phases,start] GC(1022) Phase 3: Adjust pointers
[2026-06-17T09:54:21.615+0800][37.863s][info][gc,phases      ] GC(1022) Phase 3: Adjust pointers 1.082ms
[2026-06-17T09:54:21.616+0800][37.864s][info][gc,phases,start] GC(1022) Phase 4: Move objects
[2026-06-17T09:54:21.619+0800][37.867s][info][gc,phases      ] GC(1022) Phase 4: Move objects 3.629ms
[2026-06-17T09:54:21.623+0800][37.871s][info][gc             ] GC(1022) Pause Full (Allocation Failure) 58M->24M(61M) 16.394ms
[2026-06-17T09:54:21.624+0800][37.872s][info][gc,heap        ] GC(1021) ParNew: 19647K->0K(19648K)
[2026-06-17T09:54:21.627+0800][37.875s][info][gc,heap        ] GC(1021) CMS: 40491K->24663K(43712K)
[2026-06-17T09:54:21.634+0800][37.882s][info][gc,metaspace   ] GC(1021) Metaspace: 3161K(4864K)->3161K(4864K) NonClass: 2855K(4352K)->2855K(4352K) Class: 305K(512K)->305K(512K)
[2026-06-17T09:54:21.645+0800][37.893s][info][gc             ] GC(1021) Pause Young (Allocation Failure) 58M->24M(61M) 40.156ms
[2026-06-17T09:54:21.650+0800][37.898s][info][gc,cpu         ] GC(1021) User=0.01s Sys=0.00s Real=0.04s
[2026-06-17T09:54:21.694+0800][37.943s][info][gc,start       ] GC(1023) Pause Young (Allocation Failure)
[2026-06-17T09:54:21.695+0800][37.943s][info][gc,task        ] GC(1023) Using 2 workers of 18 for evacuation
[2026-06-17T09:54:21.697+0800][37.945s][info][gc,heap        ] GC(1023) ParNew: 17357K->2117K(19648K)
[2026-06-17T09:54:21.697+0800][37.945s][info][gc,heap        ] GC(1023) CMS: 24663K->26185K(43712K)
[2026-06-17T09:54:21.698+0800][37.946s][info][gc,metaspace   ] GC(1023) Metaspace: 3161K(4864K)->3161K(4864K) NonClass: 2855K(4352K)->2855K(4352K) Class: 305K(512K)->305K(512K)
[2026-06-17T09:54:21.698+0800][37.946s][info][gc             ] GC(1023) Pause Young (Allocation Failure) 41M->27M(61M) 3.616ms
[2026-06-17T09:54:21.699+0800][37.947s][info][gc,cpu         ] GC(1023) User=0.01s Sys=0.00s Real=0.00s
[2026-06-17T09:54:21.754+0800][38.002s][info][gc,start       ] GC(1024) Pause Young (Allocation Failure)
[2026-06-17T09:54:21.754+0800][38.002s][info][gc,task        ] GC(1024) Using 2 workers of 18 for evacuation
[2026-06-17T09:54:21.757+0800][38.005s][info][gc,heap        ] GC(1024) ParNew: 19560K->2162K(19648K)
[2026-06-17T09:54:21.758+0800][38.006s][info][gc,heap        ] GC(1024) CMS: 26185K->30043K(43712K)
[2026-06-17T09:54:21.759+0800][38.007s][info][gc,metaspace   ] GC(1024) Metaspace: 3161K(4864K)->3161K(4864K) NonClass: 2855K(4352K)->2855K(4352K) Class: 305K(512K)->305K(512K)
[2026-06-17T09:54:21.761+0800][38.010s][info][gc             ] GC(1024) Pause Young (Allocation Failure) 44M->31M(61M) 7.801ms
[2026-06-17T09:54:21.764+0800][38.012s][info][gc,cpu         ] GC(1024) User=0.00s Sys=0.00s Real=0.01s
[2026-06-17T09:54:21.810+0800][38.058s][info][gc,start       ] GC(1025) Pause Young (Allocation Failure)
[2026-06-17T09:54:21.811+0800][38.059s][info][gc,task        ] GC(1025) Using 2 workers of 18 for evacuation
[2026-06-17T09:54:21.814+0800][38.062s][info][gc,heap        ] GC(1025) ParNew: 19618K->2171K(19648K)
[2026-06-17T09:54:21.817+0800][38.065s][info][gc,heap        ] GC(1025) CMS: 30043K->34003K(43712K)
[2026-06-17T09:54:21.820+0800][38.068s][info][gc,metaspace   ] GC(1025) Metaspace: 3161K(4864K)->3161K(4864K) NonClass: 2855K(4352K)->2855K(4352K) Class: 305K(512K)->305K(512K)
[2026-06-17T09:54:21.823+0800][38.071s][info][gc             ] GC(1025) Pause Young (Allocation Failure) 48M->35M(61M) 12.934ms
[2026-06-17T09:54:21.825+0800][38.073s][info][gc,cpu         ] GC(1025) User=0.01s Sys=0.00s Real=0.02s
[2026-06-17T09:54:21.871+0800][38.119s][info][gc,start       ] GC(1026) Pause Young (Allocation Failure)
[2026-06-17T09:54:21.872+0800][38.120s][info][gc,task        ] GC(1026) Using 2 workers of 18 for evacuation
[2026-06-17T09:54:21.874+0800][38.122s][info][gc,heap        ] GC(1026) ParNew: 19625K->2164K(19648K)
[2026-06-17T09:54:21.875+0800][38.123s][info][gc,heap        ] GC(1026) CMS: 34003K->39223K(43712K)
[2026-06-17T09:54:21.875+0800][38.124s][info][gc,metaspace   ] GC(1026) Metaspace: 3161K(4864K)->3161K(4864K) NonClass: 2855K(4352K)->2855K(4352K) Class: 305K(512K)->305K(512K)
[2026-06-17T09:54:21.876+0800][38.124s][info][gc             ] GC(1026) Pause Young (Allocation Failure) 52M->40M(61M) 4.887ms
[2026-06-17T09:54:21.877+0800][38.125s][info][gc,cpu         ] GC(1026) User=0.00s Sys=0.00s Real=0.00s
[2026-06-17T09:54:21.878+0800][38.126s][info][gc,start       ] GC(1027) Pause Initial Mark
[2026-06-17T09:54:21.879+0800][38.127s][info][gc             ] GC(1027) Pause Initial Mark 42M->42M(61M) 0.909ms
[2026-06-17T09:54:21.879+0800][38.127s][info][gc,cpu         ] GC(1027) User=0.00s Sys=0.00s Real=0.00s
[2026-06-17T09:54:21.880+0800][38.128s][info][gc             ] GC(1027) Concurrent Mark
[2026-06-17T09:54:21.880+0800][38.128s][info][gc,task        ] GC(1027) Using 2 workers of 5 for marking
[2026-06-17T09:54:21.882+0800][38.130s][info][gc             ] GC(1027) Concurrent Mark 2.057ms
[2026-06-17T09:54:21.883+0800][38.131s][info][gc,cpu         ] GC(1027) User=0.00s Sys=0.00s Real=0.01s
[2026-06-17T09:54:21.883+0800][38.131s][info][gc             ] GC(1027) Concurrent Preclean
[2026-06-17T09:54:21.883+0800][38.131s][info][gc             ] GC(1027) Concurrent Preclean 0.232ms
[2026-06-17T09:54:21.883+0800][38.132s][info][gc,cpu         ] GC(1027) User=0.00s Sys=0.00s Real=0.00s
[2026-06-17T09:54:21.884+0800][38.132s][info][gc             ] GC(1027) Concurrent Abortable Preclean
[2026-06-17T09:54:21.931+0800][38.179s][info][gc,start       ] GC(1028) Pause Young (Allocation Failure)
[2026-06-17T09:54:21.932+0800][38.180s][info][gc,task        ] GC(1028) Using 2 workers of 18 for evacuation
[2026-06-17T09:54:21.933+0800][38.181s][info][gc,start       ] GC(1029) Pause Full (Allocation Failure)
[2026-06-17T09:54:21.933+0800][38.182s][info][gc             ] GC(1027) Concurrent Abortable Preclean 49.754ms
[2026-06-17T09:54:21.934+0800][38.182s][info][gc,cpu         ] GC(1027) User=0.01s Sys=0.00s Real=0.05s
[2026-06-17T09:54:21.934+0800][38.182s][info][gc,phases,start] GC(1029) Phase 1: Mark live objects
[2026-06-17T09:54:21.936+0800][38.184s][info][gc,phases      ] GC(1029) Phase 1: Mark live objects 1.475ms
[2026-06-17T09:54:21.936+0800][38.184s][info][gc,phases,start] GC(1029) Phase 2: Compute new object addresses
[2026-06-17T09:54:21.937+0800][38.185s][info][gc,phases      ] GC(1029) Phase 2: Compute new object addresses 1.115ms
[2026-06-17T09:54:21.938+0800][38.186s][info][gc,phases,start] GC(1029) Phase 3: Adjust pointers
[2026-06-17T09:54:21.939+0800][38.187s][info][gc,phases      ] GC(1029) Phase 3: Adjust pointers 0.971ms
[2026-06-17T09:54:21.939+0800][38.187s][info][gc,phases,start] GC(1029) Phase 4: Move objects
[2026-06-17T09:54:21.942+0800][38.190s][info][gc,phases      ] GC(1029) Phase 4: Move objects 3.148ms
[2026-06-17T09:54:21.943+0800][38.191s][info][gc             ] GC(1029) Pause Full (Allocation Failure) 57M->25M(61M) 9.903ms
[2026-06-17T09:54:21.943+0800][38.191s][info][gc,heap        ] GC(1028) ParNew: 19590K->0K(19648K)
[2026-06-17T09:54:21.943+0800][38.192s][info][gc,heap        ] GC(1028) CMS: 39223K->26562K(43712K)
[2026-06-17T09:54:21.944+0800][38.192s][info][gc,metaspace   ] GC(1028) Metaspace: 3161K(4864K)->3161K(4864K) NonClass: 2855K(4352K)->2855K(4352K) Class: 305K(512K)->305K(512K)
[2026-06-17T09:54:21.944+0800][38.192s][info][gc             ] GC(1028) Pause Young (Allocation Failure) 57M->25M(61M) 12.923ms
[2026-06-17T09:54:21.944+0800][38.192s][info][gc,cpu         ] GC(1028) User=0.00s Sys=0.00s Real=0.01s
[2026-06-17T09:54:21.987+0800][38.235s][info][gc,start       ] GC(1030) Pause Young (Allocation Failure)
[2026-06-17T09:54:21.987+0800][38.235s][info][gc,task        ] GC(1030) Using 2 workers of 18 for evacuation
[2026-06-17T09:54:21.988+0800][38.236s][info][gc,heap        ] GC(1030) ParNew: 17452K->2174K(19648K)
[2026-06-17T09:54:21.988+0800][38.236s][info][gc,heap        ] GC(1030) CMS: 26562K->31220K(43712K)
[2026-06-17T09:54:21.988+0800][38.236s][info][gc,metaspace   ] GC(1030) Metaspace: 3161K(4864K)->3161K(4864K) NonClass: 2855K(4352K)->2855K(4352K) Class: 305K(512K)->305K(512K)
[2026-06-17T09:54:21.988+0800][38.237s][info][gc             ] GC(1030) Pause Young (Allocation Failure) 42M->32M(61M) 1.921ms
[2026-06-17T09:54:21.989+0800][38.237s][info][gc,cpu         ] GC(1030) User=0.00s Sys=0.00s Real=0.00s
[2026-06-17T09:54:22.031+0800][38.279s][info][gc,start       ] GC(1031) Pause Young (Allocation Failure)
[2026-06-17T09:54:22.031+0800][38.279s][info][gc,task        ] GC(1031) Using 2 workers of 18 for evacuation
[2026-06-17T09:54:22.032+0800][38.280s][info][gc,heap        ] GC(1031) ParNew: 19637K->2074K(19648K)
[2026-06-17T09:54:22.032+0800][38.280s][info][gc,heap        ] GC(1031) CMS: 31220K->34738K(43712K)
[2026-06-17T09:54:22.032+0800][38.281s][info][gc,metaspace   ] GC(1031) Metaspace: 3161K(4864K)->3161K(4864K) NonClass: 2855K(4352K)->2855K(4352K) Class: 305K(512K)->305K(512K)
[2026-06-17T09:54:22.033+0800][38.281s][info][gc             ] GC(1031) Pause Young (Allocation Failure) 49M->35M(61M) 1.736ms
[2026-06-17T09:54:22.033+0800][38.281s][info][gc,cpu         ] GC(1031) User=0.01s Sys=0.00s Real=0.00s
[2026-06-17T09:54:22.033+0800][38.281s][info][gc,start       ] GC(1032) Pause Initial Mark
[2026-06-17T09:54:22.033+0800][38.281s][info][gc             ] GC(1032) Pause Initial Mark 36M->36M(61M) 0.236ms
[2026-06-17T09:54:22.033+0800][38.281s][info][gc,cpu         ] GC(1032) User=0.00s Sys=0.00s Real=0.00s
[2026-06-17T09:54:22.034+0800][38.282s][info][gc             ] GC(1032) Concurrent Mark
[2026-06-17T09:54:22.034+0800][38.282s][info][gc,task        ] GC(1032) Using 2 workers of 5 for marking
[2026-06-17T09:54:22.035+0800][38.283s][info][gc             ] GC(1032) Concurrent Mark 1.147ms
[2026-06-17T09:54:22.035+0800][38.284s][info][gc,cpu         ] GC(1032) User=0.00s Sys=0.00s Real=0.00s
[2026-06-17T09:54:22.036+0800][38.284s][info][gc             ] GC(1032) Concurrent Preclean
[2026-06-17T09:54:22.036+0800][38.284s][info][gc             ] GC(1032) Concurrent Preclean 0.181ms
[2026-06-17T09:54:22.036+0800][38.284s][info][gc,cpu         ] GC(1032) User=0.00s Sys=0.00s Real=0.00s
[2026-06-17T09:54:22.036+0800][38.284s][info][gc             ] GC(1032) Concurrent Abortable Preclean
[2026-06-17T09:54:22.076+0800][38.324s][info][gc,start       ] GC(1033) Pause Young (Allocation Failure)
[2026-06-17T09:54:22.076+0800][38.324s][info][gc,task        ] GC(1033) Using 2 workers of 18 for evacuation
[2026-06-17T09:54:22.077+0800][38.325s][info][gc,heap        ] GC(1033) ParNew: 19546K->2168K(19648K)
[2026-06-17T09:54:22.077+0800][38.325s][info][gc,heap        ] GC(1033) CMS: 34738K->38333K(43712K)
[2026-06-17T09:54:22.077+0800][38.325s][info][gc,metaspace   ] GC(1033) Metaspace: 3161K(4864K)->3161K(4864K) NonClass: 2855K(4352K)->2855K(4352K) Class: 305K(512K)->305K(512K)
[2026-06-17T09:54:22.078+0800][38.326s][info][gc             ] GC(1033) Pause Young (Allocation Failure) 53M->39M(61M) 1.826ms
[2026-06-17T09:54:22.078+0800][38.326s][info][gc,cpu         ] GC(1033) User=0.00s Sys=0.00s Real=0.00s
[2026-06-17T09:54:22.121+0800][38.369s][info][gc,start       ] GC(1034) Pause Young (Allocation Failure)
[2026-06-17T09:54:22.121+0800][38.369s][info][gc,task        ] GC(1034) Using 2 workers of 18 for evacuation
[2026-06-17T09:54:22.122+0800][38.370s][info][gc,heap        ] GC(1034) ParNew: 19625K->2172K(19648K)
[2026-06-17T09:54:22.122+0800][38.371s][info][gc,heap        ] GC(1034) CMS: 38333K->42990K(43712K)
[2026-06-17T09:54:22.123+0800][38.371s][info][gc,metaspace   ] GC(1034) Metaspace: 3161K(4864K)->3161K(4864K) NonClass: 2855K(4352K)->2855K(4352K) Class: 305K(512K)->305K(512K)
[2026-06-17T09:54:22.123+0800][38.371s][info][gc             ] GC(1034) Pause Young (Allocation Failure) 56M->44M(61M) 2.308ms
[2026-06-17T09:54:22.123+0800][38.371s][info][gc,cpu         ] GC(1034) User=0.00s Sys=0.00s Real=0.01s
[2026-06-17T09:54:22.123+0800][38.371s][info][gc             ] GC(1032) Concurrent Abortable Preclean 87.146ms
[2026-06-17T09:54:22.123+0800][38.372s][info][gc,cpu         ] GC(1032) User=0.00s Sys=0.00s Real=0.09s
[2026-06-17T09:54:22.124+0800][38.372s][info][gc,start       ] GC(1032) Pause Remark
[2026-06-17T09:54:22.125+0800][38.373s][info][gc             ] GC(1032) Pause Remark 45M->45M(61M) 0.875ms
[2026-06-17T09:54:22.125+0800][38.373s][info][gc,cpu         ] GC(1032) User=0.00s Sys=0.00s Real=0.00s
[2026-06-17T09:54:22.126+0800][38.374s][info][gc             ] GC(1032) Concurrent Sweep
[2026-06-17T09:54:22.126+0800][38.374s][info][gc             ] GC(1032) Concurrent Sweep 0.396ms
[2026-06-17T09:54:22.126+0800][38.375s][info][gc,cpu         ] GC(1032) User=0.00s Sys=0.00s Real=0.00s
[2026-06-17T09:54:22.127+0800][38.375s][info][gc             ] GC(1032) Concurrent Reset
[2026-06-17T09:54:22.127+0800][38.375s][info][gc             ] GC(1032) Concurrent Reset 0.182ms
[2026-06-17T09:54:22.127+0800][38.375s][info][gc,cpu         ] GC(1032) User=0.00s Sys=0.00s Real=0.00s
[2026-06-17T09:54:22.127+0800][38.375s][info][gc,heap        ] GC(1032) Old: 34738K->29858K(43712K)
[2026-06-17T09:54:22.176+0800][38.424s][info][gc,start       ] GC(1035) Pause Young (Allocation Failure)
[2026-06-17T09:54:22.177+0800][38.425s][info][gc,task        ] GC(1035) Using 2 workers of 18 for evacuation
[2026-06-17T09:54:22.179+0800][38.427s][info][gc,heap        ] GC(1035) ParNew: 19629K->2062K(19648K)
[2026-06-17T09:54:22.179+0800][38.428s][info][gc,heap        ] GC(1035) CMS: 29858K->31549K(43712K)
[2026-06-17T09:54:22.180+0800][38.428s][info][gc,metaspace   ] GC(1035) Metaspace: 3161K(4864K)->3161K(4864K) NonClass: 2855K(4352K)->2855K(4352K) Class: 305K(512K)->305K(512K)
[2026-06-17T09:54:22.181+0800][38.429s][info][gc             ] GC(1035) Pause Young (Allocation Failure) 48M->32M(61M) 5.436ms
[2026-06-17T09:54:22.182+0800][38.430s][info][gc,cpu         ] GC(1035) User=0.00s Sys=0.00s Real=0.00s
[2026-06-17T09:54:22.216+0800][38.464s][info][gc,start       ] GC(1036) Pause Young (Allocation Failure)
[2026-06-17T09:54:22.217+0800][38.465s][info][gc,task        ] GC(1036) Using 2 workers of 18 for evacuation
[2026-06-17T09:54:22.219+0800][38.467s][info][gc,heap        ] GC(1036) ParNew: 19344K->2129K(19648K)
[2026-06-17T09:54:22.219+0800][38.467s][info][gc,heap        ] GC(1036) CMS: 31549K->34342K(43712K)
[2026-06-17T09:54:22.220+0800][38.468s][info][gc,metaspace   ] GC(1036) Metaspace: 3161K(4864K)->3161K(4864K) NonClass: 2855K(4352K)->2855K(4352K) Class: 305K(512K)->305K(512K)
[2026-06-17T09:54:22.221+0800][38.469s][info][gc             ] GC(1036) Pause Young (Allocation Failure) 49M->35M(61M) 4.712ms
[2026-06-17T09:54:22.221+0800][38.469s][info][gc,cpu         ] GC(1036) User=0.00s Sys=0.00s Real=0.00s
[2026-06-17T09:54:22.222+0800][38.471s][info][gc,start       ] GC(1037) Pause Initial Mark
[2026-06-17T09:54:22.223+0800][38.471s][info][gc             ] GC(1037) Pause Initial Mark 36M->36M(61M) 0.910ms
[2026-06-17T09:54:22.224+0800][38.472s][info][gc,cpu         ] GC(1037) User=0.00s Sys=0.00s Real=0.01s
[2026-06-17T09:54:22.225+0800][38.473s][info][gc             ] GC(1037) Concurrent Mark
[2026-06-17T09:54:22.225+0800][38.473s][info][gc,task        ] GC(1037) Using 2 workers of 5 for marking
[2026-06-17T09:54:22.227+0800][38.475s][info][gc             ] GC(1037) Concurrent Mark 2.186ms
[2026-06-17T09:54:22.227+0800][38.476s][info][gc,cpu         ] GC(1037) User=0.01s Sys=0.00s Real=0.00s
[2026-06-17T09:54:22.228+0800][38.476s][info][gc             ] GC(1037) Concurrent Preclean
[2026-06-17T09:54:22.228+0800][38.477s][info][gc             ] GC(1037) Concurrent Preclean 0.547ms
[2026-06-17T09:54:22.229+0800][38.477s][info][gc,cpu         ] GC(1037) User=0.00s Sys=0.00s Real=0.00s
[2026-06-17T09:54:22.230+0800][38.478s][info][gc,start       ] GC(1037) Pause Remark
[2026-06-17T09:54:22.231+0800][38.479s][info][gc             ] GC(1037) Pause Remark 36M->36M(61M) 1.039ms
[2026-06-17T09:54:22.231+0800][38.479s][info][gc,cpu         ] GC(1037) User=0.00s Sys=0.00s Real=0.01s
[2026-06-17T09:54:22.232+0800][38.480s][info][gc             ] GC(1037) Concurrent Sweep
[2026-06-17T09:54:22.232+0800][38.480s][info][gc             ] GC(1037) Concurrent Sweep 0.683ms
[2026-06-17T09:54:22.233+0800][38.481s][info][gc,cpu         ] GC(1037) User=0.00s Sys=0.00s Real=0.00s
[2026-06-17T09:54:22.233+0800][38.481s][info][gc             ] GC(1037) Concurrent Reset
[2026-06-17T09:54:22.234+0800][38.482s][info][gc             ] GC(1037) Concurrent Reset 0.622ms
[2026-06-17T09:54:22.234+0800][38.482s][info][gc,cpu         ] GC(1037) User=0.00s Sys=0.00s Real=0.00s
[2026-06-17T09:54:22.234+0800][38.482s][info][gc,heap        ] GC(1037) Old: 34342K->16697K(43712K)
[2026-06-17T09:54:22.277+0800][38.525s][info][gc,start       ] GC(1038) Pause Young (Allocation Failure)
[2026-06-17T09:54:22.278+0800][38.526s][info][gc,task        ] GC(1038) Using 2 workers of 18 for evacuation
[2026-06-17T09:54:22.281+0800][38.529s][info][gc,heap        ] GC(1038) ParNew: 19583K->2100K(19648K)
[2026-06-17T09:54:22.282+0800][38.531s][info][gc,heap        ] GC(1038) CMS: 16697K->19854K(43712K)
[2026-06-17T09:54:22.284+0800][38.532s][info][gc,metaspace   ] GC(1038) Metaspace: 3161K(4864K)->3161K(4864K) NonClass: 2855K(4352K)->2855K(4352K) Class: 305K(512K)->305K(512K)
[2026-06-17T09:54:22.285+0800][38.534s][info][gc             ] GC(1038) Pause Young (Allocation Failure) 35M->21M(61M) 8.381ms
[2026-06-17T09:54:22.286+0800][38.534s][info][gc,cpu         ] GC(1038) User=0.00s Sys=0.00s Real=0.01s
[2026-06-17T09:54:22.329+0800][38.577s][info][gc,start       ] GC(1039) Pause Young (Allocation Failure)
[2026-06-17T09:54:22.330+0800][38.578s][info][gc,task        ] GC(1039) Using 2 workers of 18 for evacuation
[2026-06-17T09:54:22.331+0800][38.579s][info][gc,heap        ] GC(1039) ParNew: 19572K->2172K(19648K)
[2026-06-17T09:54:22.332+0800][38.580s][info][gc,heap        ] GC(1039) CMS: 19854K->24090K(43712K)
[2026-06-17T09:54:22.333+0800][38.581s][info][gc,metaspace   ] GC(1039) Metaspace: 3161K(4864K)->3161K(4864K) NonClass: 2855K(4352K)->2855K(4352K) Class: 305K(512K)->305K(512K)
[2026-06-17T09:54:22.333+0800][38.581s][info][gc             ] GC(1039) Pause Young (Allocation Failure) 38M->25M(61M) 3.875ms
[2026-06-17T09:54:22.333+0800][38.581s][info][gc,cpu         ] GC(1039) User=0.01s Sys=0.00s Real=0.01s
[2026-06-17T09:54:22.375+0800][38.624s][info][gc,start       ] GC(1040) Pause Young (Allocation Failure)
[2026-06-17T09:54:22.377+0800][38.625s][info][gc,task        ] GC(1040) Using 2 workers of 18 for evacuation
[2026-06-17T09:54:22.379+0800][38.627s][info][gc,heap        ] GC(1040) ParNew: 19627K->2167K(19648K)
[2026-06-17T09:54:22.382+0800][38.631s][info][gc,heap        ] GC(1040) CMS: 24090K->28977K(43712K)
[2026-06-17T09:54:22.385+0800][38.633s][info][gc,metaspace   ] GC(1040) Metaspace: 3161K(4864K)->3161K(4864K) NonClass: 2855K(4352K)->2855K(4352K) Class: 305K(512K)->305K(512K)
[2026-06-17T09:54:22.386+0800][38.634s][info][gc             ] GC(1040) Pause Young (Allocation Failure) 42M->30M(61M) 10.770ms
[2026-06-17T09:54:22.387+0800][38.635s][info][gc,cpu         ] GC(1040) User=0.00s Sys=0.00s Real=0.01s
[2026-06-17T09:54:22.429+0800][38.677s][info][gc,start       ] GC(1041) Pause Young (Allocation Failure)
[2026-06-17T09:54:22.430+0800][38.678s][info][gc,task        ] GC(1041) Using 2 workers of 18 for evacuation
[2026-06-17T09:54:22.431+0800][38.679s][info][gc,heap        ] GC(1041) ParNew: 19621K->2170K(19648K)
[2026-06-17T09:54:22.431+0800][38.679s][info][gc,heap        ] GC(1041) CMS: 28977K->33063K(43712K)
[2026-06-17T09:54:22.432+0800][38.680s][info][gc,metaspace   ] GC(1041) Metaspace: 3161K(4864K)->3161K(4864K) NonClass: 2855K(4352K)->2855K(4352K) Class: 305K(512K)->305K(512K)
[2026-06-17T09:54:22.432+0800][38.680s][info][gc             ] GC(1041) Pause Young (Allocation Failure) 47M->34M(61M) 2.723ms
[2026-06-17T09:54:22.432+0800][38.680s][info][gc,cpu         ] GC(1041) User=0.00s Sys=0.00s Real=0.01s
[2026-06-17T09:54:22.433+0800][38.681s][info][gc,start       ] GC(1042) Pause Initial Mark
[2026-06-17T09:54:22.433+0800][38.681s][info][gc             ] GC(1042) Pause Initial Mark 35M->35M(61M) 0.416ms
[2026-06-17T09:54:22.433+0800][38.681s][info][gc,cpu         ] GC(1042) User=0.00s Sys=0.00s Real=0.00s
[2026-06-17T09:54:22.434+0800][38.682s][info][gc             ] GC(1042) Concurrent Mark
[2026-06-17T09:54:22.434+0800][38.682s][info][gc,task        ] GC(1042) Using 2 workers of 5 for marking
[2026-06-17T09:54:22.435+0800][38.684s][info][gc             ] GC(1042) Concurrent Mark 1.592ms
[2026-06-17T09:54:22.436+0800][38.684s][info][gc,cpu         ] GC(1042) User=0.00s Sys=0.00s Real=0.00s
[2026-06-17T09:54:22.436+0800][38.684s][info][gc             ] GC(1042) Concurrent Preclean
[2026-06-17T09:54:22.436+0800][38.684s][info][gc             ] GC(1042) Concurrent Preclean 0.254ms
[2026-06-17T09:54:22.436+0800][38.684s][info][gc,cpu         ] GC(1042) User=0.00s Sys=0.00s Real=0.00s
[2026-06-17T09:54:22.437+0800][38.685s][info][gc,start       ] GC(1042) Pause Remark
[2026-06-17T09:54:22.437+0800][38.685s][info][gc             ] GC(1042) Pause Remark 35M->35M(61M) 0.646ms
[2026-06-17T09:54:22.438+0800][38.686s][info][gc,cpu         ] GC(1042) User=0.00s Sys=0.00s Real=0.00s
[2026-06-17T09:54:22.438+0800][38.686s][info][gc             ] GC(1042) Concurrent Sweep
[2026-06-17T09:54:22.438+0800][38.686s][info][gc             ] GC(1042) Concurrent Sweep 0.381ms
[2026-06-17T09:54:22.438+0800][38.687s][info][gc,cpu         ] GC(1042) User=0.00s Sys=0.00s Real=0.00s
[2026-06-17T09:54:22.439+0800][38.687s][info][gc             ] GC(1042) Concurrent Reset
[2026-06-17T09:54:22.439+0800][38.687s][info][gc             ] GC(1042) Concurrent Reset 0.220ms
[2026-06-17T09:54:22.439+0800][38.687s][info][gc,cpu         ] GC(1042) User=0.00s Sys=0.00s Real=0.00s
[2026-06-17T09:54:22.439+0800][38.688s][info][gc,heap        ] GC(1042) Old: 33063K->21422K(43712K)
[2026-06-17T09:54:22.477+0800][38.725s][info][gc,start       ] GC(1043) Pause Young (Allocation Failure)
[2026-06-17T09:54:22.478+0800][38.726s][info][gc,task        ] GC(1043) Using 2 workers of 18 for evacuation
[2026-06-17T09:54:22.480+0800][38.728s][info][gc,heap        ] GC(1043) ParNew: 19520K->1844K(19648K)
[2026-06-17T09:54:22.480+0800][38.729s][info][gc,heap        ] GC(1043) CMS: 21422K->23575K(43712K)
[2026-06-17T09:54:22.481+0800][38.729s][info][gc,metaspace   ] GC(1043) Metaspace: 3161K(4864K)->3161K(4864K) NonClass: 2855K(4352K)->2855K(4352K) Class: 305K(512K)->305K(512K)
[2026-06-17T09:54:22.482+0800][38.730s][info][gc             ] GC(1043) Pause Young (Allocation Failure) 39M->24M(61M) 4.786ms
[2026-06-17T09:54:22.482+0800][38.730s][info][gc,cpu         ] GC(1043) User=0.00s Sys=0.00s Real=0.00s
[2026-06-17T09:54:22.535+0800][38.784s][info][gc,start       ] GC(1044) Pause Young (Allocation Failure)
[2026-06-17T09:54:22.552+0800][38.800s][info][gc,task        ] GC(1044) Using 2 workers of 18 for evacuation
[2026-06-17T09:54:22.553+0800][38.801s][info][gc,heap        ] GC(1044) ParNew: 19313K->2136K(19648K)
[2026-06-17T09:54:22.600+0800][38.848s][info][gc,heap        ] GC(1044) CMS: 23575K->27289K(43712K)
[2026-06-17T09:54:22.601+0800][38.849s][info][gc,metaspace   ] GC(1044) Metaspace: 3161K(4864K)->3161K(4864K) NonClass: 2855K(4352K)->2855K(4352K) Class: 305K(512K)->305K(512K)
[2026-06-17T09:54:22.601+0800][38.850s][info][gc             ] GC(1044) Pause Young (Allocation Failure) 41M->28M(61M) 66.051ms
[2026-06-17T09:54:22.602+0800][38.850s][info][gc,cpu         ] GC(1044) User=0.00s Sys=0.00s Real=0.06s
[2026-06-17T09:54:22.655+0800][38.903s][info][gc,start       ] GC(1045) Pause Young (Allocation Failure)
[2026-06-17T09:54:22.655+0800][38.904s][info][gc,task        ] GC(1045) Using 2 workers of 18 for evacuation
[2026-06-17T09:54:22.656+0800][38.904s][info][gc,heap        ] GC(1045) ParNew: 19604K->2171K(19648K)
[2026-06-17T09:54:22.656+0800][38.905s][info][gc,heap        ] GC(1045) CMS: 27289K->30805K(43712K)
[2026-06-17T09:54:22.657+0800][38.905s][info][gc,metaspace   ] GC(1045) Metaspace: 3161K(4864K)->3161K(4864K) NonClass: 2856K(4352K)->2856K(4352K) Class: 305K(512K)->305K(512K)
[2026-06-17T09:54:22.657+0800][38.905s][info][gc             ] GC(1045) Pause Young (Allocation Failure) 45M->32M(61M) 1.746ms
[2026-06-17T09:54:22.657+0800][38.905s][info][gc,cpu         ] GC(1045) User=0.00s Sys=0.00s Real=0.00s
[2026-06-17T09:54:22.700+0800][38.948s][info][gc,start       ] GC(1046) Pause Young (Allocation Failure)
[2026-06-17T09:54:22.702+0800][38.950s][info][gc,task        ] GC(1046) Using 2 workers of 18 for evacuation
[2026-06-17T09:54:22.704+0800][38.952s][info][gc,heap        ] GC(1046) ParNew: 19610K->2174K(19648K)
[2026-06-17T09:54:22.705+0800][38.953s][info][gc,heap        ] GC(1046) CMS: 30805K->35596K(43712K)
[2026-06-17T09:54:22.706+0800][38.954s][info][gc,metaspace   ] GC(1046) Metaspace: 3161K(4864K)->3161K(4864K) NonClass: 2856K(4352K)->2856K(4352K) Class: 305K(512K)->305K(512K)
[2026-06-17T09:54:22.707+0800][38.955s][info][gc             ] GC(1046) Pause Young (Allocation Failure) 49M->36M(61M) 7.055ms
[2026-06-17T09:54:22.707+0800][38.955s][info][gc,cpu         ] GC(1046) User=0.00s Sys=0.00s Real=0.01s
[2026-06-17T09:54:22.709+0800][38.957s][info][gc,start       ] GC(1047) Pause Initial Mark
[2026-06-17T09:54:22.711+0800][38.959s][info][gc             ] GC(1047) Pause Initial Mark 37M->37M(61M) 2.069ms
[2026-06-17T09:54:22.713+0800][38.961s][info][gc,cpu         ] GC(1047) User=0.00s Sys=0.00s Real=0.01s
[2026-06-17T09:54:22.715+0800][38.963s][info][gc             ] GC(1047) Concurrent Mark
[2026-06-17T09:54:22.717+0800][38.965s][info][gc,task        ] GC(1047) Using 2 workers of 5 for marking
[2026-06-17T09:54:22.720+0800][38.968s][info][gc             ] GC(1047) Concurrent Mark 5.696ms
[2026-06-17T09:54:22.722+0800][38.970s][info][gc,cpu         ] GC(1047) User=0.01s Sys=0.00s Real=0.00s
[2026-06-17T09:54:22.724+0800][38.972s][info][gc             ] GC(1047) Concurrent Preclean
[2026-06-17T09:54:22.725+0800][38.973s][info][gc             ] GC(1047) Concurrent Preclean 1.447ms
[2026-06-17T09:54:22.727+0800][38.975s][info][gc,cpu         ] GC(1047) User=0.00s Sys=0.00s Real=0.00s
[2026-06-17T09:54:22.729+0800][38.977s][info][gc             ] GC(1047) Concurrent Abortable Preclean
[2026-06-17T09:54:22.757+0800][39.005s][info][gc,start       ] GC(1048) Pause Young (Allocation Failure)
[2026-06-17T09:54:22.758+0800][39.006s][info][gc,task        ] GC(1048) Using 2 workers of 18 for evacuation
[2026-06-17T09:54:22.762+0800][39.010s][info][gc,heap        ] GC(1048) ParNew: 19646K->2172K(19648K)
[2026-06-17T09:54:22.765+0800][39.013s][info][gc,heap        ] GC(1048) CMS: 35596K->39643K(43712K)
[2026-06-17T09:54:22.765+0800][39.014s][info][gc,metaspace   ] GC(1048) Metaspace: 3161K(4864K)->3161K(4864K) NonClass: 2856K(4352K)->2856K(4352K) Class: 305K(512K)->305K(512K)
[2026-06-17T09:54:22.770+0800][39.018s][info][gc             ] GC(1048) Pause Young (Allocation Failure) 53M->40M(61M) 12.269ms
[2026-06-17T09:54:22.771+0800][39.019s][info][gc,cpu         ] GC(1048) User=0.00s Sys=0.00s Real=0.02s
[2026-06-17T09:54:22.816+0800][39.064s][info][gc,start       ] GC(1049) Pause Young (Allocation Failure)
[2026-06-17T09:54:22.817+0800][39.066s][info][gc,task        ] GC(1049) Using 2 workers of 18 for evacuation
[2026-06-17T09:54:22.818+0800][39.066s][info][gc,start       ] GC(1050) Pause Full (Allocation Failure)
[2026-06-17T09:54:22.820+0800][39.068s][info][gc             ] GC(1047) Concurrent Abortable Preclean 91.075ms
[2026-06-17T09:54:22.821+0800][39.069s][info][gc,cpu         ] GC(1047) User=0.01s Sys=0.00s Real=0.09s
[2026-06-17T09:54:22.822+0800][39.071s][info][gc,phases,start] GC(1050) Phase 1: Mark live objects
[2026-06-17T09:54:22.824+0800][39.072s][info][gc,phases      ] GC(1050) Phase 1: Mark live objects 1.329ms
[2026-06-17T09:54:22.825+0800][39.073s][info][gc,phases,start] GC(1050) Phase 2: Compute new object addresses
[2026-06-17T09:54:22.825+0800][39.074s][info][gc,phases      ] GC(1050) Phase 2: Compute new object addresses 0.720ms
[2026-06-17T09:54:22.827+0800][39.075s][info][gc,phases,start] GC(1050) Phase 3: Adjust pointers
[2026-06-17T09:54:22.828+0800][39.077s][info][gc,phases      ] GC(1050) Phase 3: Adjust pointers 1.681ms
[2026-06-17T09:54:22.830+0800][39.078s][info][gc,phases,start] GC(1050) Phase 4: Move objects
[2026-06-17T09:54:22.835+0800][39.084s][info][gc,phases      ] GC(1050) Phase 4: Move objects 5.441ms
[2026-06-17T09:54:22.838+0800][39.086s][info][gc             ] GC(1050) Pause Full (Allocation Failure) 57M->30M(61M) 19.472ms
[2026-06-17T09:54:22.839+0800][39.087s][info][gc,heap        ] GC(1049) ParNew: 19625K->0K(19648K)
[2026-06-17T09:54:22.840+0800][39.088s][info][gc,heap        ] GC(1049) CMS: 39643K->30903K(43712K)
[2026-06-17T09:54:22.840+0800][39.089s][info][gc,metaspace   ] GC(1049) Metaspace: 3161K(4864K)->3161K(4864K) NonClass: 2856K(4352K)->2856K(4352K) Class: 305K(512K)->305K(512K)
[2026-06-17T09:54:22.841+0800][39.090s][info][gc             ] GC(1049) Pause Young (Allocation Failure) 57M->30M(61M) 25.187ms
[2026-06-17T09:54:22.842+0800][39.090s][info][gc,cpu         ] GC(1049) User=0.01s Sys=0.00s Real=0.02s
[2026-06-17T09:54:22.887+0800][39.135s][info][gc,start       ] GC(1051) Pause Young (Allocation Failure)
[2026-06-17T09:54:22.888+0800][39.136s][info][gc,task        ] GC(1051) Using 2 workers of 18 for evacuation
[2026-06-17T09:54:22.890+0800][39.138s][info][gc,heap        ] GC(1051) ParNew: 17429K->2174K(19648K)
[2026-06-17T09:54:22.890+0800][39.138s][info][gc,heap        ] GC(1051) CMS: 30903K->35594K(43712K)
[2026-06-17T09:54:22.891+0800][39.139s][info][gc,metaspace   ] GC(1051) Metaspace: 3161K(4864K)->3161K(4864K) NonClass: 2856K(4352K)->2856K(4352K) Class: 305K(512K)->305K(512K)
[2026-06-17T09:54:22.892+0800][39.140s][info][gc             ] GC(1051) Pause Young (Allocation Failure) 47M->36M(61M) 4.616ms
[2026-06-17T09:54:22.892+0800][39.140s][info][gc,cpu         ] GC(1051) User=0.01s Sys=0.00s Real=0.01s
[2026-06-17T09:54:22.893+0800][39.141s][info][gc,start       ] GC(1052) Pause Initial Mark
[2026-06-17T09:54:22.894+0800][39.142s][info][gc             ] GC(1052) Pause Initial Mark 38M->38M(61M) 0.831ms
[2026-06-17T09:54:22.894+0800][39.142s][info][gc,cpu         ] GC(1052) User=0.00s Sys=0.00s Real=0.00s
[2026-06-17T09:54:22.895+0800][39.144s][info][gc             ] GC(1052) Concurrent Mark
[2026-06-17T09:54:22.896+0800][39.144s][info][gc,task        ] GC(1052) Using 2 workers of 5 for marking
[2026-06-17T09:54:22.897+0800][39.145s][info][gc             ] GC(1052) Concurrent Mark 1.444ms
[2026-06-17T09:54:22.897+0800][39.146s][info][gc,cpu         ] GC(1052) User=0.00s Sys=0.00s Real=0.00s
[2026-06-17T09:54:22.898+0800][39.146s][info][gc             ] GC(1052) Concurrent Preclean
[2026-06-17T09:54:22.898+0800][39.146s][info][gc             ] GC(1052) Concurrent Preclean 0.344ms
[2026-06-17T09:54:22.898+0800][39.146s][info][gc,cpu         ] GC(1052) User=0.00s Sys=0.00s Real=0.00s
[2026-06-17T09:54:22.898+0800][39.147s][info][gc,start       ] GC(1052) Pause Remark
[2026-06-17T09:54:22.899+0800][39.147s][info][gc             ] GC(1052) Pause Remark 38M->38M(61M) 0.587ms
[2026-06-17T09:54:22.899+0800][39.147s][info][gc,cpu         ] GC(1052) User=0.00s Sys=0.00s Real=0.00s
[2026-06-17T09:54:22.900+0800][39.148s][info][gc             ] GC(1052) Concurrent Sweep
[2026-06-17T09:54:22.900+0800][39.148s][info][gc             ] GC(1052) Concurrent Sweep 0.439ms
[2026-06-17T09:54:22.900+0800][39.149s][info][gc,cpu         ] GC(1052) User=0.00s Sys=0.00s Real=0.00s
[2026-06-17T09:54:22.901+0800][39.149s][info][gc             ] GC(1052) Concurrent Reset
[2026-06-17T09:54:22.901+0800][39.149s][info][gc             ] GC(1052) Concurrent Reset 0.304ms
[2026-06-17T09:54:22.901+0800][39.149s][info][gc,cpu         ] GC(1052) User=0.00s Sys=0.00s Real=0.00s
[2026-06-17T09:54:22.901+0800][39.149s][info][gc,heap        ] GC(1052) Old: 35594K->24254K(43712K)
[2026-06-17T09:54:22.938+0800][39.186s][info][gc,start       ] GC(1053) Pause Young (Allocation Failure)
[2026-06-17T09:54:22.940+0800][39.188s][info][gc,task        ] GC(1053) Using 2 workers of 18 for evacuation
[2026-06-17T09:54:22.942+0800][39.190s][info][gc,heap        ] GC(1053) ParNew: 19632K->2168K(19648K)
[2026-06-17T09:54:22.942+0800][39.190s][info][gc,heap        ] GC(1053) CMS: 24254K->27901K(43712K)
[2026-06-17T09:54:22.943+0800][39.191s][info][gc,metaspace   ] GC(1053) Metaspace: 3161K(4864K)->3161K(4864K) NonClass: 2856K(4352K)->2856K(4352K) Class: 305K(512K)->305K(512K)
[2026-06-17T09:54:22.943+0800][39.192s][info][gc             ] GC(1053) Pause Young (Allocation Failure) 42M->29M(61M) 5.492ms
[2026-06-17T09:54:22.944+0800][39.192s][info][gc,cpu         ] GC(1053) User=0.00s Sys=0.00s Real=0.01s
[2026-06-17T09:54:22.989+0800][39.237s][info][gc,start       ] GC(1054) Pause Young (Allocation Failure)
[2026-06-17T09:54:22.990+0800][39.238s][info][gc,task        ] GC(1054) Using 2 workers of 18 for evacuation
[2026-06-17T09:54:22.993+0800][39.241s][info][gc,heap        ] GC(1054) ParNew: 19591K->2174K(19648K)
[2026-06-17T09:54:22.993+0800][39.241s][info][gc,heap        ] GC(1054) CMS: 27901K->33031K(43712K)
[2026-06-17T09:54:22.994+0800][39.242s][info][gc,metaspace   ] GC(1054) Metaspace: 3161K(4864K)->3161K(4864K) NonClass: 2856K(4352K)->2856K(4352K) Class: 305K(512K)->305K(512K)
[2026-06-17T09:54:22.995+0800][39.243s][info][gc             ] GC(1054) Pause Young (Allocation Failure) 46M->34M(61M) 5.535ms
[2026-06-17T09:54:22.995+0800][39.243s][info][gc,cpu         ] GC(1054) User=0.00s Sys=0.00s Real=0.01s
[2026-06-17T09:54:22.996+0800][39.245s][info][gc,start       ] GC(1055) Pause Initial Mark
[2026-06-17T09:54:22.997+0800][39.246s][info][gc             ] GC(1055) Pause Initial Mark 36M->36M(61M) 0.940ms
[2026-06-17T09:54:22.998+0800][39.246s][info][gc,cpu         ] GC(1055) User=0.00s Sys=0.00s Real=0.00s
[2026-06-17T09:54:22.999+0800][39.247s][info][gc             ] GC(1055) Concurrent Mark
[2026-06-17T09:54:22.999+0800][39.247s][info][gc,task        ] GC(1055) Using 2 workers of 5 for marking
[2026-06-17T09:54:23.002+0800][39.250s][info][gc             ] GC(1055) Concurrent Mark 3.077ms
[2026-06-17T09:54:23.002+0800][39.250s][info][gc,cpu         ] GC(1055) User=0.00s Sys=0.00s Real=0.00s
[2026-06-17T09:54:23.003+0800][39.251s][info][gc             ] GC(1055) Concurrent Preclean
[2026-06-17T09:54:23.003+0800][39.251s][info][gc             ] GC(1055) Concurrent Preclean 0.367ms
[2026-06-17T09:54:23.003+0800][39.252s][info][gc,cpu         ] GC(1055) User=0.00s Sys=0.00s Real=0.00s
[2026-06-17T09:54:23.004+0800][39.252s][info][gc             ] GC(1055) Concurrent Abortable Preclean
[2026-06-17T09:54:23.042+0800][39.290s][info][gc,start       ] GC(1056) Pause Young (Allocation Failure)
[2026-06-17T09:54:23.043+0800][39.291s][info][gc,task        ] GC(1056) Using 2 workers of 18 for evacuation
[2026-06-17T09:54:23.045+0800][39.293s][info][gc,heap        ] GC(1056) ParNew: 19602K->2175K(19648K)
[2026-06-17T09:54:23.045+0800][39.294s][info][gc,heap        ] GC(1056) CMS: 33031K->38801K(43712K)
[2026-06-17T09:54:23.046+0800][39.294s][info][gc,metaspace   ] GC(1056) Metaspace: 3161K(4864K)->3161K(4864K) NonClass: 2856K(4352K)->2856K(4352K) Class: 305K(512K)->305K(512K)
[2026-06-17T09:54:23.046+0800][39.295s][info][gc             ] GC(1056) Pause Young (Allocation Failure) 51M->40M(61M) 4.386ms
[2026-06-17T09:54:23.047+0800][39.295s][info][gc,cpu         ] GC(1056) User=0.00s Sys=0.00s Real=0.01s
[2026-06-17T09:54:23.102+0800][39.350s][info][gc,start       ] GC(1057) Pause Young (Allocation Failure)
[2026-06-17T09:54:23.103+0800][39.351s][info][gc,task        ] GC(1057) Using 2 workers of 18 for evacuation
[2026-06-17T09:54:23.104+0800][39.352s][info][gc,start       ] GC(1058) Pause Full (Allocation Failure)
[2026-06-17T09:54:23.105+0800][39.353s][info][gc             ] GC(1055) Concurrent Abortable Preclean 100.733ms
[2026-06-17T09:54:23.105+0800][39.353s][info][gc,cpu         ] GC(1055) User=0.01s Sys=0.00s Real=0.10s
[2026-06-17T09:54:23.106+0800][39.354s][info][gc,phases,start] GC(1058) Phase 1: Mark live objects
[2026-06-17T09:54:23.108+0800][39.356s][info][gc,phases      ] GC(1058) Phase 1: Mark live objects 1.859ms
[2026-06-17T09:54:23.108+0800][39.356s][info][gc,phases,start] GC(1058) Phase 2: Compute new object addresses
[2026-06-17T09:54:23.109+0800][39.357s][info][gc,phases      ] GC(1058) Phase 2: Compute new object addresses 1.019ms
[2026-06-17T09:54:23.110+0800][39.358s][info][gc,phases,start] GC(1058) Phase 3: Adjust pointers
[2026-06-17T09:54:23.111+0800][39.359s][info][gc,phases      ] GC(1058) Phase 3: Adjust pointers 1.175ms
[2026-06-17T09:54:23.112+0800][39.360s][info][gc,phases,start] GC(1058) Phase 4: Move objects
[2026-06-17T09:54:23.116+0800][39.364s][info][gc,phases      ] GC(1058) Phase 4: Move objects 4.344ms
[2026-06-17T09:54:23.117+0800][39.365s][info][gc             ] GC(1058) Pause Full (Allocation Failure) 57M->26M(61M) 12.749ms
[2026-06-17T09:54:23.117+0800][39.365s][info][gc,heap        ] GC(1057) ParNew: 19632K->0K(19648K)
[2026-06-17T09:54:23.117+0800][39.366s][info][gc,heap        ] GC(1057) CMS: 38801K->26821K(43712K)
[2026-06-17T09:54:23.118+0800][39.366s][info][gc,metaspace   ] GC(1057) Metaspace: 3161K(4864K)->3161K(4864K) NonClass: 2856K(4352K)->2856K(4352K) Class: 305K(512K)->305K(512K)
[2026-06-17T09:54:23.118+0800][39.366s][info][gc             ] GC(1057) Pause Young (Allocation Failure) 57M->26M(61M) 16.212ms
[2026-06-17T09:54:23.119+0800][39.367s][info][gc,cpu         ] GC(1057) User=0.01s Sys=0.00s Real=0.02s
[2026-06-17T09:54:23.152+0800][39.400s][info][gc,start       ] GC(1059) Pause Young (Allocation Failure)
[2026-06-17T09:54:23.153+0800][39.401s][info][gc,task        ] GC(1059) Using 2 workers of 18 for evacuation
[2026-06-17T09:54:23.155+0800][39.403s][info][gc,heap        ] GC(1059) ParNew: 17309K->2175K(19648K)
[2026-06-17T09:54:23.156+0800][39.404s][info][gc,heap        ] GC(1059) CMS: 26821K->31124K(43712K)
[2026-06-17T09:54:23.156+0800][39.405s][info][gc,metaspace   ] GC(1059) Metaspace: 3161K(4864K)->3161K(4864K) NonClass: 2856K(4352K)->2856K(4352K) Class: 305K(512K)->305K(512K)
[2026-06-17T09:54:23.157+0800][39.405s][info][gc             ] GC(1059) Pause Young (Allocation Failure) 43M->32M(61M) 4.519ms
[2026-06-17T09:54:23.157+0800][39.406s][info][gc,cpu         ] GC(1059) User=0.01s Sys=0.00s Real=0.00s
[2026-06-17T09:54:23.211+0800][39.459s][info][gc,start       ] GC(1060) Pause Young (Allocation Failure)
[2026-06-17T09:54:23.211+0800][39.460s][info][gc,task        ] GC(1060) Using 2 workers of 18 for evacuation
[2026-06-17T09:54:23.213+0800][39.461s][info][gc,heap        ] GC(1060) ParNew: 19636K->2124K(19648K)
[2026-06-17T09:54:23.213+0800][39.461s][info][gc,heap        ] GC(1060) CMS: 31124K->34468K(43712K)
[2026-06-17T09:54:23.214+0800][39.462s][info][gc,metaspace   ] GC(1060) Metaspace: 3161K(4864K)->3161K(4864K) NonClass: 2856K(4352K)->2856K(4352K) Class: 305K(512K)->305K(512K)
[2026-06-17T09:54:23.216+0800][39.464s][info][gc             ] GC(1060) Pause Young (Allocation Failure) 49M->35M(61M) 5.218ms
[2026-06-17T09:54:23.217+0800][39.466s][info][gc,cpu         ] GC(1060) User=0.00s Sys=0.00s Real=0.00s
[2026-06-17T09:54:23.220+0800][39.468s][info][gc,start       ] GC(1061) Pause Initial Mark
[2026-06-17T09:54:23.222+0800][39.470s][info][gc             ] GC(1061) Pause Initial Mark 38M->38M(61M) 2.264ms
[2026-06-17T09:54:23.225+0800][39.474s][info][gc,cpu         ] GC(1061) User=0.00s Sys=0.00s Real=0.01s
[2026-06-17T09:54:23.228+0800][39.476s][info][gc             ] GC(1061) Concurrent Mark
[2026-06-17T09:54:23.229+0800][39.477s][info][gc,task        ] GC(1061) Using 2 workers of 5 for marking
[2026-06-17T09:54:23.230+0800][39.479s][info][gc             ] GC(1061) Concurrent Mark 2.232ms
[2026-06-17T09:54:23.231+0800][39.479s][info][gc,cpu         ] GC(1061) User=0.00s Sys=0.00s Real=0.01s
[2026-06-17T09:54:23.231+0800][39.479s][info][gc             ] GC(1061) Concurrent Preclean
[2026-06-17T09:54:23.232+0800][39.480s][info][gc             ] GC(1061) Concurrent Preclean 0.326ms
[2026-06-17T09:54:23.232+0800][39.480s][info][gc,cpu         ] GC(1061) User=0.00s Sys=0.00s Real=0.00s
[2026-06-17T09:54:23.232+0800][39.480s][info][gc             ] GC(1061) Concurrent Abortable Preclean
[2026-06-17T09:54:23.272+0800][39.520s][info][gc,start       ] GC(1062) Pause Young (Allocation Failure)
[2026-06-17T09:54:23.273+0800][39.521s][info][gc,task        ] GC(1062) Using 2 workers of 18 for evacuation
[2026-06-17T09:54:23.275+0800][39.523s][info][gc,heap        ] GC(1062) ParNew: 19596K->2174K(19648K)
[2026-06-17T09:54:23.275+0800][39.523s][info][gc,heap        ] GC(1062) CMS: 34468K->38021K(43712K)
[2026-06-17T09:54:23.278+0800][39.526s][info][gc,metaspace   ] GC(1062) Metaspace: 3161K(4864K)->3161K(4864K) NonClass: 2856K(4352K)->2856K(4352K) Class: 305K(512K)->305K(512K)
[2026-06-17T09:54:23.279+0800][39.527s][info][gc             ] GC(1062) Pause Young (Allocation Failure) 52M->39M(61M) 7.084ms
[2026-06-17T09:54:23.279+0800][39.528s][info][gc,cpu         ] GC(1062) User=0.01s Sys=0.00s Real=0.00s
[2026-06-17T09:54:23.324+0800][39.572s][info][gc,start       ] GC(1063) Pause Young (Allocation Failure)
[2026-06-17T09:54:23.326+0800][39.574s][info][gc,task        ] GC(1063) Using 2 workers of 18 for evacuation
[2026-06-17T09:54:23.328+0800][39.576s][info][gc,heap        ] GC(1063) ParNew: 19640K->2169K(19648K)
[2026-06-17T09:54:23.331+0800][39.580s][info][gc,heap        ] GC(1063) CMS: 38021K->43146K(43712K)
[2026-06-17T09:54:23.334+0800][39.582s][info][gc,metaspace   ] GC(1063) Metaspace: 3161K(4864K)->3161K(4864K) NonClass: 2856K(4352K)->2856K(4352K) Class: 305K(512K)->305K(512K)
[2026-06-17T09:54:23.335+0800][39.583s][info][gc             ] GC(1063) Pause Young (Allocation Failure) 56M->44M(61M) 10.390ms
[2026-06-17T09:54:23.336+0800][39.584s][info][gc,cpu         ] GC(1063) User=0.00s Sys=0.00s Real=0.01s
[2026-06-17T09:54:23.336+0800][39.585s][info][gc             ] GC(1061) Concurrent Abortable Preclean 104.382ms
[2026-06-17T09:54:23.338+0800][39.586s][info][gc,cpu         ] GC(1061) User=0.01s Sys=0.00s Real=0.10s
[2026-06-17T09:54:23.338+0800][39.586s][info][gc,start       ] GC(1061) Pause Remark
[2026-06-17T09:54:23.340+0800][39.588s][info][gc             ] GC(1061) Pause Remark 45M->45M(61M) 1.883ms
[2026-06-17T09:54:23.342+0800][39.590s][info][gc,cpu         ] GC(1061) User=0.00s Sys=0.00s Real=0.00s
[2026-06-17T09:54:23.343+0800][39.591s][info][gc             ] GC(1061) Concurrent Sweep
[2026-06-17T09:54:23.345+0800][39.593s][info][gc             ] GC(1061) Concurrent Sweep 1.865ms
[2026-06-17T09:54:23.345+0800][39.593s][info][gc,cpu         ] GC(1061) User=0.00s Sys=0.00s Real=0.00s
[2026-06-17T09:54:23.345+0800][39.594s][info][gc             ] GC(1061) Concurrent Reset
[2026-06-17T09:54:23.346+0800][39.594s][info][gc             ] GC(1061) Concurrent Reset 0.297ms
[2026-06-17T09:54:23.346+0800][39.594s][info][gc,cpu         ] GC(1061) User=0.00s Sys=0.00s Real=0.00s
[2026-06-17T09:54:23.347+0800][39.595s][info][gc,heap        ] GC(1061) Old: 34468K->39465K(43712K)
[2026-06-17T09:54:23.378+0800][39.627s][info][gc,start       ] GC(1064) Pause Young (Allocation Failure)
[2026-06-17T09:54:23.379+0800][39.627s][info][gc,task        ] GC(1064) Using 2 workers of 18 for evacuation
[2026-06-17T09:54:23.379+0800][39.627s][info][gc,start       ] GC(1065) Pause Full (Allocation Failure)
[2026-06-17T09:54:23.379+0800][39.627s][info][gc,phases,start] GC(1065) Phase 1: Mark live objects
[2026-06-17T09:54:23.380+0800][39.628s][info][gc,phases      ] GC(1065) Phase 1: Mark live objects 0.628ms
[2026-06-17T09:54:23.380+0800][39.628s][info][gc,phases,start] GC(1065) Phase 2: Compute new object addresses
[2026-06-17T09:54:23.380+0800][39.628s][info][gc,phases      ] GC(1065) Phase 2: Compute new object addresses 0.370ms
[2026-06-17T09:54:23.381+0800][39.629s][info][gc,phases,start] GC(1065) Phase 3: Adjust pointers
[2026-06-17T09:54:23.381+0800][39.629s][info][gc,phases      ] GC(1065) Phase 3: Adjust pointers 0.396ms
[2026-06-17T09:54:23.381+0800][39.629s][info][gc,phases,start] GC(1065) Phase 4: Move objects
[2026-06-17T09:54:23.384+0800][39.632s][info][gc,phases      ] GC(1065) Phase 4: Move objects 2.475ms
[2026-06-17T09:54:23.384+0800][39.632s][info][gc             ] GC(1065) Pause Full (Allocation Failure) 57M->26M(61M) 5.093ms
[2026-06-17T09:54:23.384+0800][39.632s][info][gc,heap        ] GC(1064) ParNew: 19625K->0K(19648K)
[2026-06-17T09:54:23.384+0800][39.632s][info][gc,heap        ] GC(1064) CMS: 39465K->27300K(43712K)
[2026-06-17T09:54:23.384+0800][39.633s][info][gc,metaspace   ] GC(1064) Metaspace: 3161K(4864K)->3161K(4864K) NonClass: 2856K(4352K)->2856K(4352K) Class: 305K(512K)->305K(512K)
[2026-06-17T09:54:23.385+0800][39.633s][info][gc             ] GC(1064) Pause Young (Allocation Failure) 57M->26M(61M) 6.238ms
[2026-06-17T09:54:23.385+0800][39.633s][info][gc,cpu         ] GC(1064) User=0.00s Sys=0.00s Real=0.01s
[2026-06-17T09:54:23.428+0800][39.676s][info][gc,start       ] GC(1066) Pause Young (Allocation Failure)
[2026-06-17T09:54:23.428+0800][39.677s][info][gc,task        ] GC(1066) Using 2 workers of 18 for evacuation
[2026-06-17T09:54:23.430+0800][39.678s][info][gc,heap        ] GC(1066) ParNew: 17397K->2175K(19648K)
[2026-06-17T09:54:23.431+0800][39.679s][info][gc,heap        ] GC(1066) CMS: 27300K->29273K(43712K)
[2026-06-17T09:54:23.431+0800][39.679s][info][gc,metaspace   ] GC(1066) Metaspace: 3161K(4864K)->3161K(4864K) NonClass: 2856K(4352K)->2856K(4352K) Class: 305K(512K)->305K(512K)
[2026-06-17T09:54:23.432+0800][39.680s][info][gc             ] GC(1066) Pause Young (Allocation Failure) 43M->30M(61M) 4.130ms
[2026-06-17T09:54:23.432+0800][39.681s][info][gc,cpu         ] GC(1066) User=0.00s Sys=0.00s Real=0.01s
[2026-06-17T09:54:23.487+0800][39.736s][info][gc,start       ] GC(1067) Pause Young (Allocation Failure)
[2026-06-17T09:54:23.488+0800][39.736s][info][gc,task        ] GC(1067) Using 2 workers of 18 for evacuation
[2026-06-17T09:54:23.490+0800][39.738s][info][gc,heap        ] GC(1067) ParNew: 19612K->2012K(19648K)
[2026-06-17T09:54:23.491+0800][39.739s][info][gc,heap        ] GC(1067) CMS: 29273K->32655K(43712K)
[2026-06-17T09:54:23.492+0800][39.740s][info][gc,metaspace   ] GC(1067) Metaspace: 3161K(4864K)->3161K(4864K) NonClass: 2856K(4352K)->2856K(4352K) Class: 305K(512K)->305K(512K)
[2026-06-17T09:54:23.492+0800][39.740s][info][gc             ] GC(1067) Pause Young (Allocation Failure) 47M->33M(61M) 4.645ms
[2026-06-17T09:54:23.493+0800][39.741s][info][gc,cpu         ] GC(1067) User=0.00s Sys=0.00s Real=0.01s
[2026-06-17T09:54:23.538+0800][39.786s][info][gc,start       ] GC(1068) Pause Young (Allocation Failure)
[2026-06-17T09:54:23.538+0800][39.786s][info][gc,task        ] GC(1068) Using 2 workers of 18 for evacuation
[2026-06-17T09:54:23.541+0800][39.789s][info][gc,heap        ] GC(1068) ParNew: 19450K->2174K(19648K)
[2026-06-17T09:54:23.541+0800][39.789s][info][gc,heap        ] GC(1068) CMS: 32655K->36121K(43712K)
[2026-06-17T09:54:23.542+0800][39.790s][info][gc,metaspace   ] GC(1068) Metaspace: 3161K(4864K)->3161K(4864K) NonClass: 2856K(4352K)->2856K(4352K) Class: 305K(512K)->305K(512K)
[2026-06-17T09:54:23.543+0800][39.791s][info][gc             ] GC(1068) Pause Young (Allocation Failure) 50M->37M(61M) 5.577ms
[2026-06-17T09:54:23.544+0800][39.792s][info][gc,cpu         ] GC(1068) User=0.00s Sys=0.00s Real=0.01s
[2026-06-17T09:54:23.545+0800][39.793s][info][gc,start       ] GC(1069) Pause Initial Mark
[2026-06-17T09:54:23.545+0800][39.793s][info][gc             ] GC(1069) Pause Initial Mark 38M->38M(61M) 0.691ms
[2026-06-17T09:54:23.546+0800][39.794s][info][gc,cpu         ] GC(1069) User=0.00s Sys=0.00s Real=0.00s
[2026-06-17T09:54:23.546+0800][39.794s][info][gc             ] GC(1069) Concurrent Mark
[2026-06-17T09:54:23.547+0800][39.795s][info][gc,task        ] GC(1069) Using 2 workers of 5 for marking
[2026-06-17T09:54:23.548+0800][39.796s][info][gc             ] GC(1069) Concurrent Mark 1.699ms
[2026-06-17T09:54:23.549+0800][39.797s][info][gc,cpu         ] GC(1069) User=0.00s Sys=0.00s Real=0.00s
[2026-06-17T09:54:23.549+0800][39.797s][info][gc             ] GC(1069) Concurrent Preclean
[2026-06-17T09:54:23.550+0800][39.798s][info][gc             ] GC(1069) Concurrent Preclean 0.469ms
[2026-06-17T09:54:23.550+0800][39.798s][info][gc,cpu         ] GC(1069) User=0.00s Sys=0.00s Real=0.00s
[2026-06-17T09:54:23.550+0800][39.798s][info][gc             ] GC(1069) Concurrent Abortable Preclean
[2026-06-17T09:54:23.590+0800][39.838s][info][gc,start       ] GC(1070) Pause Young (Allocation Failure)
[2026-06-17T09:54:23.591+0800][39.839s][info][gc,task        ] GC(1070) Using 2 workers of 18 for evacuation
[2026-06-17T09:54:23.594+0800][39.842s][info][gc,heap        ] GC(1070) ParNew: 19646K->2169K(19648K)
[2026-06-17T09:54:23.594+0800][39.842s][info][gc,heap        ] GC(1070) CMS: 36121K->41067K(43712K)
[2026-06-17T09:54:23.595+0800][39.843s][info][gc,metaspace   ] GC(1070) Metaspace: 3161K(4864K)->3161K(4864K) NonClass: 2856K(4352K)->2856K(4352K) Class: 305K(512K)->305K(512K)
[2026-06-17T09:54:23.595+0800][39.843s][info][gc             ] GC(1070) Pause Young (Allocation Failure) 54M->42M(61M) 5.307ms
[2026-06-17T09:54:23.596+0800][39.844s][info][gc,cpu         ] GC(1070) User=0.00s Sys=0.00s Real=0.01s
[2026-06-17T09:54:23.641+0800][39.889s][info][gc,start       ] GC(1071) Pause Young (Allocation Failure)
[2026-06-17T09:54:23.641+0800][39.890s][info][gc,task        ] GC(1071) Using 2 workers of 18 for evacuation
[2026-06-17T09:54:23.643+0800][39.891s][info][gc,start       ] GC(1072) Pause Full (Allocation Failure)
[2026-06-17T09:54:23.644+0800][39.892s][info][gc             ] GC(1069) Concurrent Abortable Preclean 93.329ms
[2026-06-17T09:54:23.644+0800][39.892s][info][gc,cpu         ] GC(1069) User=0.01s Sys=0.00s Real=0.10s
[2026-06-17T09:54:23.645+0800][39.893s][info][gc,phases,start] GC(1072) Phase 1: Mark live objects
[2026-06-17T09:54:23.647+0800][39.895s][info][gc,phases      ] GC(1072) Phase 1: Mark live objects 1.700ms
[2026-06-17T09:54:23.647+0800][39.895s][info][gc,phases,start] GC(1072) Phase 2: Compute new object addresses
[2026-06-17T09:54:23.648+0800][39.896s][info][gc,phases      ] GC(1072) Phase 2: Compute new object addresses 1.039ms
[2026-06-17T09:54:23.649+0800][39.897s][info][gc,phases,start] GC(1072) Phase 3: Adjust pointers
[2026-06-17T09:54:23.650+0800][39.898s][info][gc,phases      ] GC(1072) Phase 3: Adjust pointers 1.215ms
[2026-06-17T09:54:23.651+0800][39.899s][info][gc,phases,start] GC(1072) Phase 4: Move objects
[2026-06-17T09:54:23.654+0800][39.902s][info][gc,phases      ] GC(1072) Phase 4: Move objects 3.078ms
[2026-06-17T09:54:23.655+0800][39.903s][info][gc             ] GC(1072) Pause Full (Allocation Failure) 59M->22M(61M) 11.784ms
[2026-06-17T09:54:23.655+0800][39.903s][info][gc,heap        ] GC(1071) ParNew: 19597K->0K(19648K)
[2026-06-17T09:54:23.657+0800][39.905s][info][gc,heap        ] GC(1071) CMS: 41067K->23355K(43712K)
[2026-06-17T09:54:23.657+0800][39.905s][info][gc,metaspace   ] GC(1071) Metaspace: 3161K(4864K)->3161K(4864K) NonClass: 2856K(4352K)->2856K(4352K) Class: 305K(512K)->305K(512K)
[2026-06-17T09:54:23.658+0800][39.906s][info][gc             ] GC(1071) Pause Young (Allocation Failure) 59M->22M(61M) 17.024ms
[2026-06-17T09:54:23.658+0800][39.906s][info][gc,cpu         ] GC(1071) User=0.01s Sys=0.00s Real=0.02s
[2026-06-17T09:54:23.701+0800][39.950s][info][gc,start       ] GC(1073) Pause Young (Allocation Failure)
[2026-06-17T09:54:23.702+0800][39.950s][info][gc,task        ] GC(1073) Using 2 workers of 18 for evacuation
[2026-06-17T09:54:23.704+0800][39.952s][info][gc,heap        ] GC(1073) ParNew: 17349K->2120K(19648K)
[2026-06-17T09:54:23.705+0800][39.953s][info][gc,heap        ] GC(1073) CMS: 23355K->24457K(43712K)
[2026-06-17T09:54:23.706+0800][39.954s][info][gc,metaspace   ] GC(1073) Metaspace: 3161K(4864K)->3161K(4864K) NonClass: 2856K(4352K)->2856K(4352K) Class: 305K(512K)->305K(512K)
[2026-06-17T09:54:23.707+0800][39.955s][info][gc             ] GC(1073) Pause Young (Allocation Failure) 39M->25M(61M) 5.082ms
[2026-06-17T09:54:23.707+0800][39.955s][info][gc,cpu         ] GC(1073) User=0.00s Sys=0.00s Real=0.01s
[2026-06-17T09:54:23.763+0800][40.011s][info][gc,start       ] GC(1074) Pause Young (Allocation Failure)
[2026-06-17T09:54:23.763+0800][40.011s][info][gc,task        ] GC(1074) Using 2 workers of 18 for evacuation
[2026-06-17T09:54:23.765+0800][40.013s][info][gc,heap        ] GC(1074) ParNew: 19592K->2142K(19648K)
[2026-06-17T09:54:23.766+0800][40.014s][info][gc,heap        ] GC(1074) CMS: 24457K->27815K(43712K)
[2026-06-17T09:54:23.766+0800][40.014s][info][gc,metaspace   ] GC(1074) Metaspace: 3161K(4864K)->3161K(4864K) NonClass: 2856K(4352K)->2856K(4352K) Class: 305K(512K)->305K(512K)
[2026-06-17T09:54:23.767+0800][40.015s][info][gc             ] GC(1074) Pause Young (Allocation Failure) 43M->29M(61M) 4.596ms
[2026-06-17T09:54:23.768+0800][40.016s][info][gc,cpu         ] GC(1074) User=0.00s Sys=0.00s Real=0.00s
[2026-06-17T09:54:23.802+0800][40.050s][info][gc,start       ] GC(1075) Pause Young (Allocation Failure)
[2026-06-17T09:54:23.803+0800][40.051s][info][gc,task        ] GC(1075) Using 2 workers of 18 for evacuation
[2026-06-17T09:54:23.805+0800][40.054s][info][gc,heap        ] GC(1075) ParNew: 18792K->2112K(19648K)
[2026-06-17T09:54:23.806+0800][40.054s][info][gc,heap        ] GC(1075) CMS: 27815K->29491K(43712K)
[2026-06-17T09:54:23.807+0800][40.055s][info][gc,metaspace   ] GC(1075) Metaspace: 3161K(4864K)->3161K(4864K) NonClass: 2856K(4352K)->2856K(4352K) Class: 305K(512K)->305K(512K)
[2026-06-17T09:54:23.807+0800][40.055s][info][gc             ] GC(1075) Pause Young (Allocation Failure) 45M->30M(61M) 5.093ms
[2026-06-17T09:54:23.808+0800][40.056s][info][gc,cpu         ] GC(1075) User=0.00s Sys=0.00s Real=0.01s
[2026-06-17T09:54:23.852+0800][40.100s][info][gc,start       ] GC(1076) Pause Young (Allocation Failure)
[2026-06-17T09:54:23.853+0800][40.101s][info][gc,task        ] GC(1076) Using 2 workers of 18 for evacuation
[2026-06-17T09:54:23.856+0800][40.104s][info][gc,heap        ] GC(1076) ParNew: 19488K->2143K(19648K)
[2026-06-17T09:54:23.857+0800][40.105s][info][gc,heap        ] GC(1076) CMS: 29491K->32854K(43712K)
[2026-06-17T09:54:23.859+0800][40.107s][info][gc,metaspace   ] GC(1076) Metaspace: 3161K(4864K)->3161K(4864K) NonClass: 2856K(4352K)->2856K(4352K) Class: 305K(512K)->305K(512K)
[2026-06-17T09:54:23.865+0800][40.113s][info][gc             ] GC(1076) Pause Young (Allocation Failure) 47M->34M(61M) 12.961ms
[2026-06-17T09:54:23.869+0800][40.117s][info][gc,cpu         ] GC(1076) User=0.00s Sys=0.00s Real=0.01s
[2026-06-17T09:54:23.871+0800][40.119s][info][gc,start       ] GC(1077) Pause Initial Mark
[2026-06-17T09:54:23.875+0800][40.123s][info][gc             ] GC(1077) Pause Initial Mark 35M->35M(61M) 3.507ms
[2026-06-17T09:54:23.876+0800][40.124s][info][gc,cpu         ] GC(1077) User=0.00s Sys=0.00s Real=0.00s
[2026-06-17T09:54:23.879+0800][40.127s][info][gc             ] GC(1077) Concurrent Mark
[2026-06-17T09:54:23.880+0800][40.129s][info][gc,task        ] GC(1077) Using 2 workers of 5 for marking
[2026-06-17T09:54:23.883+0800][40.131s][info][gc             ] GC(1077) Concurrent Mark 4.262ms
[2026-06-17T09:54:23.884+0800][40.132s][info][gc,cpu         ] GC(1077) User=0.00s Sys=0.00s Real=0.01s
[2026-06-17T09:54:23.885+0800][40.133s][info][gc             ] GC(1077) Concurrent Preclean
[2026-06-17T09:54:23.887+0800][40.136s][info][gc             ] GC(1077) Concurrent Preclean 2.398ms
[2026-06-17T09:54:23.888+0800][40.136s][info][gc,cpu         ] GC(1077) User=0.00s Sys=0.00s Real=0.00s
[2026-06-17T09:54:23.889+0800][40.137s][info][gc,start       ] GC(1077) Pause Remark
[2026-06-17T09:54:23.893+0800][40.141s][info][gc             ] GC(1077) Pause Remark 35M->35M(61M) 3.404ms
[2026-06-17T09:54:23.894+0800][40.142s][info][gc,cpu         ] GC(1077) User=0.00s Sys=0.00s Real=0.01s
[2026-06-17T09:54:23.895+0800][40.143s][info][gc             ] GC(1077) Concurrent Sweep
[2026-06-17T09:54:23.896+0800][40.144s][info][gc             ] GC(1077) Concurrent Sweep 1.017ms
[2026-06-17T09:54:23.897+0800][40.145s][info][gc,cpu         ] GC(1077) User=0.00s Sys=0.00s Real=0.00s
[2026-06-17T09:54:23.897+0800][40.145s][info][gc             ] GC(1077) Concurrent Reset
[2026-06-17T09:54:23.898+0800][40.146s][info][gc             ] GC(1077) Concurrent Reset 0.712ms
[2026-06-17T09:54:23.899+0800][40.147s][info][gc,cpu         ] GC(1077) User=0.00s Sys=0.00s Real=0.00s
[2026-06-17T09:54:23.899+0800][40.148s][info][gc,heap        ] GC(1077) Old: 32854K->20513K(43712K)
[2026-06-17T09:54:23.938+0800][40.186s][info][gc,start       ] GC(1078) Pause Young (Allocation Failure)
[2026-06-17T09:54:23.939+0800][40.187s][info][gc,task        ] GC(1078) Using 2 workers of 18 for evacuation
[2026-06-17T09:54:23.940+0800][40.188s][info][gc,heap        ] GC(1078) ParNew: 19591K->2102K(19648K)
[2026-06-17T09:54:23.941+0800][40.189s][info][gc,heap        ] GC(1078) CMS: 20513K->24335K(43712K)
[2026-06-17T09:54:23.942+0800][40.190s][info][gc,metaspace   ] GC(1078) Metaspace: 3161K(4864K)->3161K(4864K) NonClass: 2856K(4352K)->2856K(4352K) Class: 305K(512K)->305K(512K)
[2026-06-17T09:54:23.942+0800][40.190s][info][gc             ] GC(1078) Pause Young (Allocation Failure) 39M->25M(61M) 4.486ms
[2026-06-17T09:54:23.943+0800][40.192s][info][gc,cpu         ] GC(1078) User=0.00s Sys=0.00s Real=0.01s
[2026-06-17T09:54:23.988+0800][40.236s][info][gc,start       ] GC(1079) Pause Young (Allocation Failure)
[2026-06-17T09:54:23.989+0800][40.237s][info][gc,task        ] GC(1079) Using 2 workers of 18 for evacuation
[2026-06-17T09:54:23.991+0800][40.239s][info][gc,heap        ] GC(1079) ParNew: 19567K->2172K(19648K)
[2026-06-17T09:54:23.991+0800][40.240s][info][gc,heap        ] GC(1079) CMS: 24335K->27827K(43712K)
[2026-06-17T09:54:23.992+0800][40.240s][info][gc,metaspace   ] GC(1079) Metaspace: 3161K(4864K)->3161K(4864K) NonClass: 2856K(4352K)->2856K(4352K) Class: 305K(512K)->305K(512K)
[2026-06-17T09:54:23.992+0800][40.240s][info][gc             ] GC(1079) Pause Young (Allocation Failure) 42M->29M(61M) 4.285ms
[2026-06-17T09:54:23.993+0800][40.241s][info][gc,cpu         ] GC(1079) User=0.00s Sys=0.00s Real=0.01s
[2026-06-17T09:54:24.037+0800][40.286s][info][gc,start       ] GC(1080) Pause Young (Allocation Failure)
[2026-06-17T09:54:24.039+0800][40.287s][info][gc,task        ] GC(1080) Using 2 workers of 18 for evacuation
[2026-06-17T09:54:24.042+0800][40.290s][info][gc,heap        ] GC(1080) ParNew: 19637K->2087K(19648K)
[2026-06-17T09:54:24.042+0800][40.290s][info][gc,heap        ] GC(1080) CMS: 27827K->30965K(43712K)
[2026-06-17T09:54:24.043+0800][40.291s][info][gc,metaspace   ] GC(1080) Metaspace: 3161K(4864K)->3161K(4864K) NonClass: 2856K(4352K)->2856K(4352K) Class: 305K(512K)->305K(512K)
[2026-06-17T09:54:24.043+0800][40.291s][info][gc             ] GC(1080) Pause Young (Allocation Failure) 46M->32M(61M) 5.730ms
[2026-06-17T09:54:24.044+0800][40.292s][info][gc,cpu         ] GC(1080) User=0.00s Sys=0.00s Real=0.01s
[2026-06-17T09:54:24.089+0800][40.337s][info][gc,start       ] GC(1081) Pause Young (Allocation Failure)
[2026-06-17T09:54:24.090+0800][40.338s][info][gc,task        ] GC(1081) Using 2 workers of 18 for evacuation
[2026-06-17T09:54:24.092+0800][40.340s][info][gc,heap        ] GC(1081) ParNew: 19555K->2162K(19648K)
[2026-06-17T09:54:24.093+0800][40.341s][info][gc,heap        ] GC(1081) CMS: 30965K->34506K(43712K)
[2026-06-17T09:54:24.093+0800][40.341s][info][gc,metaspace   ] GC(1081) Metaspace: 3161K(4864K)->3161K(4864K) NonClass: 2856K(4352K)->2856K(4352K) Class: 305K(512K)->305K(512K)
[2026-06-17T09:54:24.094+0800][40.342s][info][gc             ] GC(1081) Pause Young (Allocation Failure) 49M->35M(61M) 4.782ms
[2026-06-17T09:54:24.095+0800][40.344s][info][gc,cpu         ] GC(1081) User=0.00s Sys=0.00s Real=0.01s
[2026-06-17T09:54:24.096+0800][40.345s][info][gc,start       ] GC(1082) Pause Initial Mark
[2026-06-17T09:54:24.097+0800][40.345s][info][gc             ] GC(1082) Pause Initial Mark 37M->37M(61M) 0.798ms
[2026-06-17T09:54:24.098+0800][40.346s][info][gc,cpu         ] GC(1082) User=0.01s Sys=0.00s Real=0.00s
[2026-06-17T09:54:24.099+0800][40.347s][info][gc             ] GC(1082) Concurrent Mark
[2026-06-17T09:54:24.099+0800][40.347s][info][gc,task        ] GC(1082) Using 2 workers of 5 for marking
[2026-06-17T09:54:24.101+0800][40.349s][info][gc             ] GC(1082) Concurrent Mark 2.398ms
[2026-06-17T09:54:24.102+0800][40.350s][info][gc,cpu         ] GC(1082) User=0.00s Sys=0.00s Real=0.00s
[2026-06-17T09:54:24.102+0800][40.350s][info][gc             ] GC(1082) Concurrent Preclean
[2026-06-17T09:54:24.103+0800][40.351s][info][gc             ] GC(1082) Concurrent Preclean 0.549ms
[2026-06-17T09:54:24.103+0800][40.351s][info][gc,cpu         ] GC(1082) User=0.00s Sys=0.00s Real=0.01s
[2026-06-17T09:54:24.103+0800][40.352s][info][gc             ] GC(1082) Concurrent Abortable Preclean
[2026-06-17T09:54:24.142+0800][40.390s][info][gc,start       ] GC(1083) Pause Young (Allocation Failure)
[2026-06-17T09:54:24.143+0800][40.391s][info][gc,task        ] GC(1083) Using 2 workers of 18 for evacuation
[2026-06-17T09:54:24.145+0800][40.393s][info][gc,heap        ] GC(1083) ParNew: 19614K->2175K(19648K)
[2026-06-17T09:54:24.146+0800][40.394s][info][gc,heap        ] GC(1083) CMS: 34506K->38059K(43712K)
[2026-06-17T09:54:24.146+0800][40.394s][info][gc,metaspace   ] GC(1083) Metaspace: 3161K(4864K)->3161K(4864K) NonClass: 2856K(4352K)->2856K(4352K) Class: 305K(512K)->305K(512K)
[2026-06-17T09:54:24.147+0800][40.395s][info][gc             ] GC(1083) Pause Young (Allocation Failure) 52M->39M(61M) 5.032ms
[2026-06-17T09:54:24.148+0800][40.396s][info][gc,cpu         ] GC(1083) User=0.00s Sys=0.00s Real=0.01s
[2026-06-17T09:54:24.192+0800][40.440s][info][gc,start       ] GC(1084) Pause Young (Allocation Failure)
[2026-06-17T09:54:24.193+0800][40.441s][info][gc,task        ] GC(1084) Using 2 workers of 18 for evacuation
[2026-06-17T09:54:24.195+0800][40.443s][info][gc,heap        ] GC(1084) ParNew: 19647K->2083K(19648K)
[2026-06-17T09:54:24.196+0800][40.444s][info][gc,heap        ] GC(1084) CMS: 38059K->42302K(43712K)
[2026-06-17T09:54:24.196+0800][40.444s][info][gc,metaspace   ] GC(1084) Metaspace: 3161K(4864K)->3161K(4864K) NonClass: 2856K(4352K)->2856K(4352K) Class: 305K(512K)->305K(512K)
[2026-06-17T09:54:24.197+0800][40.445s][info][gc             ] GC(1084) Pause Young (Allocation Failure) 56M->43M(61M) 4.607ms
[2026-06-17T09:54:24.197+0800][40.446s][info][gc,cpu         ] GC(1084) User=0.00s Sys=0.00s Real=0.00s
[2026-06-17T09:54:24.198+0800][40.446s][info][gc             ] GC(1082) Concurrent Abortable Preclean 94.638ms
[2026-06-17T09:54:24.199+0800][40.447s][info][gc,cpu         ] GC(1082) User=0.01s Sys=0.00s Real=0.09s
[2026-06-17T09:54:24.199+0800][40.447s][info][gc,start       ] GC(1082) Pause Remark
[2026-06-17T09:54:24.200+0800][40.448s][info][gc             ] GC(1082) Pause Remark 45M->45M(61M) 1.020ms
[2026-06-17T09:54:24.201+0800][40.449s][info][gc,cpu         ] GC(1082) User=0.00s Sys=0.00s Real=0.00s
[2026-06-17T09:54:24.201+0800][40.449s][info][gc             ] GC(1082) Concurrent Sweep
[2026-06-17T09:54:24.201+0800][40.450s][info][gc             ] GC(1082) Concurrent Sweep 0.525ms
[2026-06-17T09:54:24.202+0800][40.450s][info][gc,cpu         ] GC(1082) User=0.00s Sys=0.00s Real=0.00s
[2026-06-17T09:54:24.202+0800][40.450s][info][gc             ] GC(1082) Concurrent Reset
[2026-06-17T09:54:24.202+0800][40.451s][info][gc             ] GC(1082) Concurrent Reset 0.275ms
[2026-06-17T09:54:24.203+0800][40.451s][info][gc,cpu         ] GC(1082) User=0.00s Sys=0.00s Real=0.01s
[2026-06-17T09:54:24.203+0800][40.451s][info][gc,heap        ] GC(1082) Old: 34506K->32552K(43712K)
[2026-06-17T09:54:24.242+0800][40.490s][info][gc,start       ] GC(1085) Pause Young (Allocation Failure)
[2026-06-17T09:54:24.244+0800][40.492s][info][gc,task        ] GC(1085) Using 2 workers of 18 for evacuation
[2026-06-17T09:54:24.247+0800][40.495s][info][gc,heap        ] GC(1085) ParNew: 19555K->2172K(19648K)
[2026-06-17T09:54:24.250+0800][40.498s][info][gc,heap        ] GC(1085) CMS: 32552K->36076K(43712K)
[2026-06-17T09:54:24.252+0800][40.500s][info][gc,metaspace   ] GC(1085) Metaspace: 3161K(4864K)->3161K(4864K) NonClass: 2856K(4352K)->2856K(4352K) Class: 305K(512K)->305K(512K)
[2026-06-17T09:54:24.256+0800][40.504s][info][gc             ] GC(1085) Pause Young (Allocation Failure) 50M->37M(61M) 14.251ms
[2026-06-17T09:54:24.259+0800][40.507s][info][gc,cpu         ] GC(1085) User=0.01s Sys=0.00s Real=0.02s
[2026-06-17T09:54:24.260+0800][40.508s][info][gc,start       ] GC(1086) Pause Initial Mark
[2026-06-17T09:54:24.261+0800][40.509s][info][gc             ] GC(1086) Pause Initial Mark 38M->38M(61M) 0.847ms
[2026-06-17T09:54:24.261+0800][40.510s][info][gc,cpu         ] GC(1086) User=0.00s Sys=0.00s Real=0.00s
[2026-06-17T09:54:24.262+0800][40.510s][info][gc             ] GC(1086) Concurrent Mark
[2026-06-17T09:54:24.262+0800][40.510s][info][gc,task        ] GC(1086) Using 2 workers of 5 for marking
[2026-06-17T09:54:24.264+0800][40.512s][info][gc             ] GC(1086) Concurrent Mark 2.098ms
[2026-06-17T09:54:24.264+0800][40.513s][info][gc,cpu         ] GC(1086) User=0.00s Sys=0.00s Real=0.01s
[2026-06-17T09:54:24.265+0800][40.513s][info][gc             ] GC(1086) Concurrent Preclean
[2026-06-17T09:54:24.265+0800][40.513s][info][gc             ] GC(1086) Concurrent Preclean 0.375ms
[2026-06-17T09:54:24.265+0800][40.514s][info][gc,cpu         ] GC(1086) User=0.00s Sys=0.00s Real=0.00s
[2026-06-17T09:54:24.266+0800][40.514s][info][gc,start       ] GC(1086) Pause Remark
[2026-06-17T09:54:24.267+0800][40.515s][info][gc             ] GC(1086) Pause Remark 38M->38M(61M) 1.091ms
[2026-06-17T09:54:24.267+0800][40.516s][info][gc,cpu         ] GC(1086) User=0.00s Sys=0.00s Real=0.00s
[2026-06-17T09:54:24.268+0800][40.516s][info][gc             ] GC(1086) Concurrent Sweep
[2026-06-17T09:54:24.268+0800][40.516s][info][gc             ] GC(1086) Concurrent Sweep 0.612ms
[2026-06-17T09:54:24.269+0800][40.517s][info][gc,cpu         ] GC(1086) User=0.00s Sys=0.00s Real=0.00s
[2026-06-17T09:54:24.269+0800][40.517s][info][gc             ] GC(1086) Concurrent Reset
[2026-06-17T09:54:24.269+0800][40.517s][info][gc             ] GC(1086) Concurrent Reset 0.305ms
[2026-06-17T09:54:24.270+0800][40.518s][info][gc,cpu         ] GC(1086) User=0.00s Sys=0.00s Real=0.00s
[2026-06-17T09:54:24.271+0800][40.519s][info][gc,heap        ] GC(1086) Old: 36076K->25792K(43712K)
[2026-06-17T09:54:24.303+0800][40.551s][info][gc,start       ] GC(1087) Pause Young (Allocation Failure)
[2026-06-17T09:54:24.304+0800][40.552s][info][gc,task        ] GC(1087) Using 2 workers of 18 for evacuation
[2026-06-17T09:54:24.306+0800][40.554s][info][gc,heap        ] GC(1087) ParNew: 19513K->2157K(19648K)
[2026-06-17T09:54:24.307+0800][40.555s][info][gc,heap        ] GC(1087) CMS: 25792K->27701K(43712K)
[2026-06-17T09:54:24.307+0800][40.555s][info][gc,metaspace   ] GC(1087) Metaspace: 3161K(4864K)->3161K(4864K) NonClass: 2856K(4352K)->2856K(4352K) Class: 305K(512K)->305K(512K)
[2026-06-17T09:54:24.308+0800][40.556s][info][gc             ] GC(1087) Pause Young (Allocation Failure) 44M->29M(61M) 4.425ms
[2026-06-17T09:54:24.309+0800][40.557s][info][gc,cpu         ] GC(1087) User=0.01s Sys=0.00s Real=0.00s
[2026-06-17T09:54:24.353+0800][40.601s][info][gc,start       ] GC(1088) Pause Young (Allocation Failure)
[2026-06-17T09:54:24.354+0800][40.602s][info][gc,task        ] GC(1088) Using 2 workers of 18 for evacuation
[2026-06-17T09:54:24.355+0800][40.604s][info][gc,heap        ] GC(1088) ParNew: 19619K->2166K(19648K)
[2026-06-17T09:54:24.359+0800][40.607s][info][gc,heap        ] GC(1088) CMS: 27701K->35180K(43712K)
[2026-06-17T09:54:24.359+0800][40.607s][info][gc,metaspace   ] GC(1088) Metaspace: 3161K(4864K)->3161K(4864K) NonClass: 2856K(4352K)->2856K(4352K) Class: 305K(512K)->305K(512K)
[2026-06-17T09:54:24.359+0800][40.608s][info][gc             ] GC(1088) Pause Young (Allocation Failure) 46M->36M(61M) 6.628ms
[2026-06-17T09:54:24.360+0800][40.608s][info][gc,cpu         ] GC(1088) User=0.00s Sys=0.00s Real=0.00s
[2026-06-17T09:54:24.361+0800][40.609s][info][gc,start       ] GC(1089) Pause Initial Mark
[2026-06-17T09:54:24.361+0800][40.610s][info][gc             ] GC(1089) Pause Initial Mark 36M->36M(61M) 0.631ms
[2026-06-17T09:54:24.362+0800][40.610s][info][gc,cpu         ] GC(1089) User=0.00s Sys=0.00s Real=0.00s
[2026-06-17T09:54:24.363+0800][40.611s][info][gc             ] GC(1089) Concurrent Mark
[2026-06-17T09:54:24.363+0800][40.611s][info][gc,task        ] GC(1089) Using 2 workers of 5 for marking
[2026-06-17T09:54:24.364+0800][40.613s][info][gc             ] GC(1089) Concurrent Mark 1.497ms
[2026-06-17T09:54:24.365+0800][40.613s][info][gc,cpu         ] GC(1089) User=0.00s Sys=0.00s Real=0.00s
[2026-06-17T09:54:24.365+0800][40.613s][info][gc             ] GC(1089) Concurrent Preclean
[2026-06-17T09:54:24.366+0800][40.614s][info][gc             ] GC(1089) Concurrent Preclean 0.787ms
[2026-06-17T09:54:24.367+0800][40.615s][info][gc,cpu         ] GC(1089) User=0.00s Sys=0.00s Real=0.00s
[2026-06-17T09:54:24.368+0800][40.616s][info][gc,start       ] GC(1089) Pause Remark
[2026-06-17T09:54:24.369+0800][40.617s][info][gc             ] GC(1089) Pause Remark 36M->36M(61M) 0.940ms
[2026-06-17T09:54:24.369+0800][40.617s][info][gc,cpu         ] GC(1089) User=0.00s Sys=0.00s Real=0.00s
[2026-06-17T09:54:24.370+0800][40.618s][info][gc             ] GC(1089) Concurrent Sweep
[2026-06-17T09:54:24.370+0800][40.618s][info][gc             ] GC(1089) Concurrent Sweep 0.470ms
[2026-06-17T09:54:24.371+0800][40.619s][info][gc,cpu         ] GC(1089) User=0.00s Sys=0.00s Real=0.01s
[2026-06-17T09:54:24.371+0800][40.620s][info][gc             ] GC(1089) Concurrent Reset
[2026-06-17T09:54:24.372+0800][40.620s][info][gc             ] GC(1089) Concurrent Reset 0.609ms
[2026-06-17T09:54:24.373+0800][40.621s][info][gc,cpu         ] GC(1089) User=0.00s Sys=0.00s Real=0.00s
[2026-06-17T09:54:24.373+0800][40.622s][info][gc,heap        ] GC(1089) Old: 35180K->33646K(43712K)
[2026-06-17T09:54:24.415+0800][40.663s][info][gc,start       ] GC(1090) Pause Young (Allocation Failure)
[2026-06-17T09:54:24.415+0800][40.663s][info][gc,task        ] GC(1090) Using 2 workers of 18 for evacuation
[2026-06-17T09:54:24.416+0800][40.664s][info][gc,heap        ] GC(1090) ParNew: 19603K->2173K(19648K)
[2026-06-17T09:54:24.416+0800][40.665s][info][gc,heap        ] GC(1090) CMS: 33646K->35780K(43712K)
[2026-06-17T09:54:24.417+0800][40.665s][info][gc,metaspace   ] GC(1090) Metaspace: 3161K(4864K)->3161K(4864K) NonClass: 2856K(4352K)->2856K(4352K) Class: 305K(512K)->305K(512K)
[2026-06-17T09:54:24.417+0800][40.665s][info][gc             ] GC(1090) Pause Young (Allocation Failure) 52M->37M(61M) 2.125ms
[2026-06-17T09:54:24.418+0800][40.666s][info][gc,cpu         ] GC(1090) User=0.00s Sys=0.00s Real=0.00s
[2026-06-17T09:54:24.418+0800][40.666s][info][gc,start       ] GC(1091) Pause Initial Mark
[2026-06-17T09:54:24.419+0800][40.667s][info][gc             ] GC(1091) Pause Initial Mark 38M->38M(61M) 0.470ms
[2026-06-17T09:54:24.419+0800][40.667s][info][gc,cpu         ] GC(1091) User=0.00s Sys=0.00s Real=0.00s
[2026-06-17T09:54:24.419+0800][40.667s][info][gc             ] GC(1091) Concurrent Mark
[2026-06-17T09:54:24.419+0800][40.667s][info][gc,task        ] GC(1091) Using 2 workers of 5 for marking
[2026-06-17T09:54:24.420+0800][40.668s][info][gc             ] GC(1091) Concurrent Mark 0.949ms
[2026-06-17T09:54:24.420+0800][40.668s][info][gc,cpu         ] GC(1091) User=0.01s Sys=0.00s Real=0.00s
[2026-06-17T09:54:24.420+0800][40.668s][info][gc             ] GC(1091) Concurrent Preclean
[2026-06-17T09:54:24.420+0800][40.669s][info][gc             ] GC(1091) Concurrent Preclean 0.168ms
[2026-06-17T09:54:24.421+0800][40.669s][info][gc,cpu         ] GC(1091) User=0.00s Sys=0.00s Real=0.00s
[2026-06-17T09:54:24.421+0800][40.669s][info][gc             ] GC(1091) Concurrent Abortable Preclean
[2026-06-17T09:54:24.461+0800][40.709s][info][gc,start       ] GC(1092) Pause Young (Allocation Failure)
[2026-06-17T09:54:24.461+0800][40.709s][info][gc,task        ] GC(1092) Using 2 workers of 18 for evacuation
[2026-06-17T09:54:24.462+0800][40.710s][info][gc,start       ] GC(1093) Pause Full (Allocation Failure)
[2026-06-17T09:54:24.462+0800][40.710s][info][gc             ] GC(1091) Concurrent Abortable Preclean 41.415ms
[2026-06-17T09:54:24.463+0800][40.711s][info][gc,cpu         ] GC(1091) User=0.00s Sys=0.00s Real=0.05s
[2026-06-17T09:54:24.463+0800][40.711s][info][gc,phases,start] GC(1093) Phase 1: Mark live objects
[2026-06-17T09:54:24.464+0800][40.712s][info][gc,phases      ] GC(1093) Phase 1: Mark live objects 0.726ms
[2026-06-17T09:54:24.464+0800][40.712s][info][gc,phases,start] GC(1093) Phase 2: Compute new object addresses
[2026-06-17T09:54:24.464+0800][40.713s][info][gc,phases      ] GC(1093) Phase 2: Compute new object addresses 0.527ms
[2026-06-17T09:54:24.465+0800][40.713s][info][gc,phases,start] GC(1093) Phase 3: Adjust pointers
[2026-06-17T09:54:24.465+0800][40.713s][info][gc,phases      ] GC(1093) Phase 3: Adjust pointers 0.378ms
[2026-06-17T09:54:24.465+0800][40.713s][info][gc,phases,start] GC(1093) Phase 4: Move objects
[2026-06-17T09:54:24.467+0800][40.715s][info][gc,phases      ] GC(1093) Phase 4: Move objects 1.974ms
[2026-06-17T09:54:24.468+0800][40.716s][info][gc             ] GC(1093) Pause Full (Allocation Failure) 54M->28M(61M) 5.809ms
[2026-06-17T09:54:24.468+0800][40.716s][info][gc,heap        ] GC(1092) ParNew: 19628K->0K(19648K)
[2026-06-17T09:54:24.468+0800][40.716s][info][gc,heap        ] GC(1092) CMS: 35780K->28911K(43712K)
[2026-06-17T09:54:24.468+0800][40.716s][info][gc,metaspace   ] GC(1092) Metaspace: 3161K(4864K)->3161K(4864K) NonClass: 2856K(4352K)->2856K(4352K) Class: 305K(512K)->305K(512K)
[2026-06-17T09:54:24.468+0800][40.717s][info][gc             ] GC(1092) Pause Young (Allocation Failure) 54M->28M(61M) 7.428ms
[2026-06-17T09:54:24.469+0800][40.717s][info][gc,cpu         ] GC(1092) User=0.00s Sys=0.00s Real=0.01s
[2026-06-17T09:54:24.511+0800][40.759s][info][gc,start       ] GC(1094) Pause Young (Allocation Failure)
[2026-06-17T09:54:24.512+0800][40.760s][info][gc,task        ] GC(1094) Using 2 workers of 18 for evacuation
[2026-06-17T09:54:24.514+0800][40.762s][info][gc,heap        ] GC(1094) ParNew: 17429K->2168K(19648K)
[2026-06-17T09:54:24.515+0800][40.763s][info][gc,heap        ] GC(1094) CMS: 28911K->33721K(43712K)
[2026-06-17T09:54:24.515+0800][40.763s][info][gc,metaspace   ] GC(1094) Metaspace: 3161K(4864K)->3161K(4864K) NonClass: 2856K(4352K)->2856K(4352K) Class: 305K(512K)->305K(512K)
[2026-06-17T09:54:24.516+0800][40.764s][info][gc             ] GC(1094) Pause Young (Allocation Failure) 45M->35M(61M) 4.754ms
[2026-06-17T09:54:24.517+0800][40.765s][info][gc,cpu         ] GC(1094) User=0.00s Sys=0.00s Real=0.00s
[2026-06-17T09:54:24.518+0800][40.766s][info][gc,start       ] GC(1095) Pause Initial Mark
[2026-06-17T09:54:24.519+0800][40.767s][info][gc             ] GC(1095) Pause Initial Mark 36M->36M(61M) 0.796ms
[2026-06-17T09:54:24.519+0800][40.767s][info][gc,cpu         ] GC(1095) User=0.00s Sys=0.00s Real=0.00s
[2026-06-17T09:54:24.520+0800][40.768s][info][gc             ] GC(1095) Concurrent Mark
[2026-06-17T09:54:24.520+0800][40.768s][info][gc,task        ] GC(1095) Using 2 workers of 5 for marking
[2026-06-17T09:54:24.522+0800][40.770s][info][gc             ] GC(1095) Concurrent Mark 1.961ms
[2026-06-17T09:54:24.522+0800][40.770s][info][gc,cpu         ] GC(1095) User=0.00s Sys=0.01s Real=0.00s
[2026-06-17T09:54:24.522+0800][40.770s][info][gc             ] GC(1095) Concurrent Preclean
[2026-06-17T09:54:24.523+0800][40.771s][info][gc             ] GC(1095) Concurrent Preclean 0.389ms
[2026-06-17T09:54:24.523+0800][40.771s][info][gc,cpu         ] GC(1095) User=0.00s Sys=0.00s Real=0.01s
[2026-06-17T09:54:24.523+0800][40.771s][info][gc,start       ] GC(1095) Pause Remark
[2026-06-17T09:54:24.524+0800][40.772s][info][gc             ] GC(1095) Pause Remark 36M->36M(61M) 0.868ms
[2026-06-17T09:54:24.524+0800][40.773s][info][gc,cpu         ] GC(1095) User=0.00s Sys=0.00s Real=0.00s
[2026-06-17T09:54:24.525+0800][40.773s][info][gc             ] GC(1095) Concurrent Sweep
[2026-06-17T09:54:24.525+0800][40.773s][info][gc             ] GC(1095) Concurrent Sweep 0.497ms
[2026-06-17T09:54:24.525+0800][40.774s][info][gc,cpu         ] GC(1095) User=0.00s Sys=0.00s Real=0.00s
[2026-06-17T09:54:24.526+0800][40.774s][info][gc             ] GC(1095) Concurrent Reset
[2026-06-17T09:54:24.526+0800][40.774s][info][gc             ] GC(1095) Concurrent Reset 0.283ms
[2026-06-17T09:54:24.527+0800][40.775s][info][gc,cpu         ] GC(1095) User=0.00s Sys=0.00s Real=0.00s
[2026-06-17T09:54:24.527+0800][40.775s][info][gc,heap        ] GC(1095) Old: 33721K->24280K(43712K)
[2026-06-17T09:54:24.561+0800][40.809s][info][gc,start       ] GC(1096) Pause Young (Allocation Failure)
[2026-06-17T09:54:24.562+0800][40.810s][info][gc,task        ] GC(1096) Using 2 workers of 18 for evacuation
[2026-06-17T09:54:24.564+0800][40.812s][info][gc,heap        ] GC(1096) ParNew: 19488K->1865K(19648K)
[2026-06-17T09:54:24.564+0800][40.813s][info][gc,heap        ] GC(1096) CMS: 24280K->25972K(43712K)
[2026-06-17T09:54:24.565+0800][40.813s][info][gc,metaspace   ] GC(1096) Metaspace: 3161K(4864K)->3161K(4864K) NonClass: 2856K(4352K)->2856K(4352K) Class: 305K(512K)->305K(512K)
[2026-06-17T09:54:24.566+0800][40.814s][info][gc             ] GC(1096) Pause Young (Allocation Failure) 42M->27M(61M) 4.682ms
[2026-06-17T09:54:24.566+0800][40.814s][info][gc,cpu         ] GC(1096) User=0.00s Sys=0.00s Real=0.01s
[2026-06-17T09:54:24.612+0800][40.860s][info][gc,start       ] GC(1097) Pause Young (Allocation Failure)
[2026-06-17T09:54:24.613+0800][40.861s][info][gc,task        ] GC(1097) Using 2 workers of 18 for evacuation
[2026-06-17T09:54:24.615+0800][40.863s][info][gc,heap        ] GC(1097) ParNew: 19313K->2173K(19648K)
[2026-06-17T09:54:24.616+0800][40.864s][info][gc,heap        ] GC(1097) CMS: 25972K->32687K(43712K)
[2026-06-17T09:54:24.616+0800][40.864s][info][gc,metaspace   ] GC(1097) Metaspace: 3161K(4864K)->3161K(4864K) NonClass: 2856K(4352K)->2856K(4352K) Class: 305K(512K)->305K(512K)
[2026-06-17T09:54:24.617+0800][40.865s][info][gc             ] GC(1097) Pause Young (Allocation Failure) 44M->34M(61M) 5.368ms
[2026-06-17T09:54:24.618+0800][40.866s][info][gc,cpu         ] GC(1097) User=0.01s Sys=0.00s Real=0.00s
[2026-06-17T09:54:24.619+0800][40.867s][info][gc,start       ] GC(1098) Pause Initial Mark
[2026-06-17T09:54:24.619+0800][40.867s][info][gc             ] GC(1098) Pause Initial Mark 34M->34M(61M) 0.725ms
[2026-06-17T09:54:24.620+0800][40.868s][info][gc,cpu         ] GC(1098) User=0.00s Sys=0.00s Real=0.00s
[2026-06-17T09:54:24.620+0800][40.868s][info][gc             ] GC(1098) Concurrent Mark
[2026-06-17T09:54:24.621+0800][40.869s][info][gc,task        ] GC(1098) Using 2 workers of 5 for marking
[2026-06-17T09:54:24.622+0800][40.870s][info][gc             ] GC(1098) Concurrent Mark 1.834ms
[2026-06-17T09:54:24.622+0800][40.871s][info][gc,cpu         ] GC(1098) User=0.00s Sys=0.00s Real=0.01s
[2026-06-17T09:54:24.623+0800][40.871s][info][gc             ] GC(1098) Concurrent Preclean
[2026-06-17T09:54:24.623+0800][40.871s][info][gc             ] GC(1098) Concurrent Preclean 0.277ms
[2026-06-17T09:54:24.623+0800][40.871s][info][gc,cpu         ] GC(1098) User=0.00s Sys=0.00s Real=0.00s
[2026-06-17T09:54:24.624+0800][40.872s][info][gc,start       ] GC(1098) Pause Remark
[2026-06-17T09:54:24.625+0800][40.873s][info][gc             ] GC(1098) Pause Remark 34M->34M(61M) 0.950ms
[2026-06-17T09:54:24.625+0800][40.873s][info][gc,cpu         ] GC(1098) User=0.00s Sys=0.00s Real=0.00s
[2026-06-17T09:54:24.625+0800][40.873s][info][gc             ] GC(1098) Concurrent Sweep
[2026-06-17T09:54:24.626+0800][40.874s][info][gc             ] GC(1098) Concurrent Sweep 0.540ms
[2026-06-17T09:54:24.626+0800][40.874s][info][gc,cpu         ] GC(1098) User=0.00s Sys=0.00s Real=0.00s
[2026-06-17T09:54:24.626+0800][40.874s][info][gc             ] GC(1098) Concurrent Reset
[2026-06-17T09:54:24.627+0800][40.875s][info][gc             ] GC(1098) Concurrent Reset 0.298ms
[2026-06-17T09:54:24.627+0800][40.875s][info][gc,cpu         ] GC(1098) User=0.00s Sys=0.00s Real=0.00s
[2026-06-17T09:54:24.627+0800][40.875s][info][gc,heap        ] GC(1098) Old: 32687K->20495K(43712K)
[2026-06-17T09:54:24.672+0800][40.920s][info][gc,start       ] GC(1099) Pause Young (Allocation Failure)
[2026-06-17T09:54:24.673+0800][40.921s][info][gc,task        ] GC(1099) Using 2 workers of 18 for evacuation
[2026-06-17T09:54:24.675+0800][40.923s][info][gc,heap        ] GC(1099) ParNew: 19636K->2160K(19648K)
[2026-06-17T09:54:24.675+0800][40.924s][info][gc,heap        ] GC(1099) CMS: 20495K->22505K(43712K)
[2026-06-17T09:54:24.676+0800][40.924s][info][gc,metaspace   ] GC(1099) Metaspace: 3161K(4864K)->3161K(4864K) NonClass: 2856K(4352K)->2856K(4352K) Class: 305K(512K)->305K(512K)
[2026-06-17T09:54:24.677+0800][40.925s][info][gc             ] GC(1099) Pause Young (Allocation Failure) 39M->24M(61M) 4.452ms
[2026-06-17T09:54:24.677+0800][40.925s][info][gc,cpu         ] GC(1099) User=0.00s Sys=0.00s Real=0.00s
[2026-06-17T09:54:24.712+0800][40.960s][info][gc,start       ] GC(1100) Pause Young (Allocation Failure)
[2026-06-17T09:54:24.713+0800][40.961s][info][gc,task        ] GC(1100) Using 2 workers of 18 for evacuation
[2026-06-17T09:54:24.715+0800][40.963s][info][gc,heap        ] GC(1100) ParNew: 19620K->2093K(19648K)
[2026-06-17T09:54:24.716+0800][40.964s][info][gc,heap        ] GC(1100) CMS: 22505K->25704K(43712K)
[2026-06-17T09:54:24.716+0800][40.965s][info][gc,metaspace   ] GC(1100) Metaspace: 3161K(4864K)->3161K(4864K) NonClass: 2856K(4352K)->2856K(4352K) Class: 305K(512K)->305K(512K)
[2026-06-17T09:54:24.717+0800][40.965s][info][gc             ] GC(1100) Pause Young (Allocation Failure) 41M->27M(61M) 5.149ms
[2026-06-17T09:54:24.718+0800][40.966s][info][gc,cpu         ] GC(1100) User=0.00s Sys=0.00s Real=0.00s
[2026-06-17T09:54:24.774+0800][41.022s][info][gc,start       ] GC(1101) Pause Young (Allocation Failure)
[2026-06-17T09:54:24.802+0800][41.050s][info][gc,task        ] GC(1101) Using 2 workers of 18 for evacuation
[2026-06-17T09:54:24.816+0800][41.064s][info][gc,heap        ] GC(1101) ParNew: 19565K->2138K(19648K)
[2026-06-17T09:54:24.889+0800][41.137s][info][gc,heap        ] GC(1101) CMS: 25704K->29011K(43712K)
[2026-06-17T09:54:24.889+0800][41.137s][info][gc,metaspace   ] GC(1101) Metaspace: 3161K(4864K)->3161K(4864K) NonClass: 2856K(4352K)->2856K(4352K) Class: 305K(512K)->305K(512K)
[2026-06-17T09:54:24.890+0800][41.138s][info][gc             ] GC(1101) Pause Young (Allocation Failure) 44M->30M(61M) 116.065ms
[2026-06-17T09:54:24.891+0800][41.139s][info][gc,cpu         ] GC(1101) User=0.00s Sys=0.00s Real=0.12s
[2026-06-17T09:54:24.934+0800][41.182s][info][gc,start       ] GC(1102) Pause Young (Allocation Failure)
[2026-06-17T09:54:24.936+0800][41.184s][info][gc,task        ] GC(1102) Using 2 workers of 18 for evacuation
[2026-06-17T09:54:24.939+0800][41.188s][info][gc,heap        ] GC(1102) ParNew: 19592K->2168K(19648K)
[2026-06-17T09:54:24.940+0800][41.188s][info][gc,heap        ] GC(1102) CMS: 29011K->32593K(43712K)
[2026-06-17T09:54:24.942+0800][41.190s][info][gc,metaspace   ] GC(1102) Metaspace: 3161K(4864K)->3161K(4864K) NonClass: 2856K(4352K)->2856K(4352K) Class: 305K(512K)->305K(512K)
[2026-06-17T09:54:24.945+0800][41.193s][info][gc             ] GC(1102) Pause Young (Allocation Failure) 47M->33M(61M) 10.773ms
[2026-06-17T09:54:24.947+0800][41.195s][info][gc,cpu         ] GC(1102) User=0.01s Sys=0.00s Real=0.01s
[2026-06-17T09:54:25.000+0800][41.248s][info][gc,start       ] GC(1103) Pause Young (Allocation Failure)
[2026-06-17T09:54:25.004+0800][41.252s][info][gc,task        ] GC(1103) Using 2 workers of 18 for evacuation
[2026-06-17T09:54:25.008+0800][41.256s][info][gc,heap        ] GC(1103) ParNew: 19640K->2174K(19648K)
[2026-06-17T09:54:25.008+0800][41.257s][info][gc,heap        ] GC(1103) CMS: 32593K->37473K(43712K)
[2026-06-17T09:54:25.009+0800][41.257s][info][gc,metaspace   ] GC(1103) Metaspace: 3161K(4864K)->3161K(4864K) NonClass: 2856K(4352K)->2856K(4352K) Class: 305K(512K)->305K(512K)
[2026-06-17T09:54:25.011+0800][41.260s][info][gc             ] GC(1103) Pause Young (Allocation Failure) 51M->38M(61M) 11.551ms
[2026-06-17T09:54:25.014+0800][41.262s][info][gc,cpu         ] GC(1103) User=0.00s Sys=0.00s Real=0.02s
[2026-06-17T09:54:25.018+0800][41.266s][info][gc,start       ] GC(1104) Pause Initial Mark
[2026-06-17T09:54:25.020+0800][41.268s][info][gc             ] GC(1104) Pause Initial Mark 39M->39M(61M) 2.112ms
[2026-06-17T09:54:25.022+0800][41.270s][info][gc,cpu         ] GC(1104) User=0.00s Sys=0.00s Real=0.00s
[2026-06-17T09:54:25.024+0800][41.273s][info][gc             ] GC(1104) Concurrent Mark
[2026-06-17T09:54:25.029+0800][41.277s][info][gc,task        ] GC(1104) Using 2 workers of 5 for marking
[2026-06-17T09:54:25.032+0800][41.281s][info][gc             ] GC(1104) Concurrent Mark 8.003ms
[2026-06-17T09:54:25.034+0800][41.282s][info][gc,cpu         ] GC(1104) User=0.00s Sys=0.00s Real=0.01s
[2026-06-17T09:54:25.036+0800][41.284s][info][gc             ] GC(1104) Concurrent Preclean
[2026-06-17T09:54:25.038+0800][41.286s][info][gc             ] GC(1104) Concurrent Preclean 2.122ms
[2026-06-17T09:54:25.040+0800][41.288s][info][gc,cpu         ] GC(1104) User=0.00s Sys=0.00s Real=0.00s
[2026-06-17T09:54:25.041+0800][41.289s][info][gc             ] GC(1104) Concurrent Abortable Preclean
[2026-06-17T09:54:25.061+0800][41.310s][info][gc,start       ] GC(1105) Pause Young (Allocation Failure)
[2026-06-17T09:54:25.062+0800][41.310s][info][gc,task        ] GC(1105) Using 2 workers of 18 for evacuation
[2026-06-17T09:54:25.064+0800][41.312s][info][gc,heap        ] GC(1105) ParNew: 19620K->2173K(19648K)
[2026-06-17T09:54:25.065+0800][41.313s][info][gc,heap        ] GC(1105) CMS: 37473K->42367K(43712K)
[2026-06-17T09:54:25.065+0800][41.314s][info][gc,metaspace   ] GC(1105) Metaspace: 3161K(4864K)->3161K(4864K) NonClass: 2856K(4352K)->2856K(4352K) Class: 305K(512K)->305K(512K)
[2026-06-17T09:54:25.066+0800][41.314s][info][gc             ] GC(1105) Pause Young (Allocation Failure) 55M->43M(61M) 4.639ms
[2026-06-17T09:54:25.067+0800][41.315s][info][gc,cpu         ] GC(1105) User=0.00s Sys=0.00s Real=0.01s
[2026-06-17T09:54:25.067+0800][41.315s][info][gc             ] GC(1104) Concurrent Abortable Preclean 26.419ms
[2026-06-17T09:54:25.068+0800][41.316s][info][gc,cpu         ] GC(1104) User=0.01s Sys=0.00s Real=0.03s
[2026-06-17T09:54:25.069+0800][41.317s][info][gc,start       ] GC(1104) Pause Remark
[2026-06-17T09:54:25.070+0800][41.318s][info][gc             ] GC(1104) Pause Remark 44M->44M(61M) 1.324ms
[2026-06-17T09:54:25.071+0800][41.319s][info][gc,cpu         ] GC(1104) User=0.00s Sys=0.00s Real=0.01s
[2026-06-17T09:54:25.071+0800][41.319s][info][gc             ] GC(1104) Concurrent Sweep
[2026-06-17T09:54:25.072+0800][41.320s][info][gc             ] GC(1104) Concurrent Sweep 0.658ms
[2026-06-17T09:54:25.072+0800][41.320s][info][gc,cpu         ] GC(1104) User=0.00s Sys=0.00s Real=0.00s
[2026-06-17T09:54:25.072+0800][41.320s][info][gc             ] GC(1104) Concurrent Reset
[2026-06-17T09:54:25.073+0800][41.321s][info][gc             ] GC(1104) Concurrent Reset 0.312ms
[2026-06-17T09:54:25.073+0800][41.321s][info][gc,cpu         ] GC(1104) User=0.00s Sys=0.00s Real=0.00s
[2026-06-17T09:54:25.073+0800][41.321s][info][gc,heap        ] GC(1104) Old: 37473K->29025K(43712K)
[2026-06-17T09:54:25.111+0800][41.359s][info][gc,start       ] GC(1106) Pause Young (Allocation Failure)
[2026-06-17T09:54:25.112+0800][41.361s][info][gc,task        ] GC(1106) Using 2 workers of 18 for evacuation
[2026-06-17T09:54:25.115+0800][41.363s][info][gc,heap        ] GC(1106) ParNew: 19389K->2010K(19648K)
[2026-06-17T09:54:25.115+0800][41.363s][info][gc,heap        ] GC(1106) CMS: 29025K->31490K(43712K)
[2026-06-17T09:54:25.116+0800][41.364s][info][gc,metaspace   ] GC(1106) Metaspace: 3161K(4864K)->3161K(4864K) NonClass: 2856K(4352K)->2856K(4352K) Class: 305K(512K)->305K(512K)
[2026-06-17T09:54:25.117+0800][41.365s][info][gc             ] GC(1106) Pause Young (Allocation Failure) 47M->32M(61M) 5.477ms
[2026-06-17T09:54:25.117+0800][41.365s][info][gc,cpu         ] GC(1106) User=0.00s Sys=0.00s Real=0.00s
[2026-06-17T09:54:25.173+0800][41.421s][info][gc,start       ] GC(1107) Pause Young (Allocation Failure)
[2026-06-17T09:54:25.174+0800][41.422s][info][gc,task        ] GC(1107) Using 2 workers of 18 for evacuation
[2026-06-17T09:54:25.176+0800][41.424s][info][gc,heap        ] GC(1107) ParNew: 19439K->2158K(19648K)
[2026-06-17T09:54:25.176+0800][41.424s][info][gc,heap        ] GC(1107) CMS: 31490K->35072K(43712K)
[2026-06-17T09:54:25.177+0800][41.425s][info][gc,metaspace   ] GC(1107) Metaspace: 3161K(4864K)->3161K(4864K) NonClass: 2856K(4352K)->2856K(4352K) Class: 305K(512K)->305K(512K)
[2026-06-17T09:54:25.178+0800][41.426s][info][gc             ] GC(1107) Pause Young (Allocation Failure) 49M->36M(61M) 4.839ms
[2026-06-17T09:54:25.178+0800][41.426s][info][gc,cpu         ] GC(1107) User=0.00s Sys=0.00s Real=0.00s
[2026-06-17T09:54:25.179+0800][41.427s][info][gc,start       ] GC(1108) Pause Initial Mark
[2026-06-17T09:54:25.180+0800][41.428s][info][gc             ] GC(1108) Pause Initial Mark 38M->38M(61M) 0.642ms
[2026-06-17T09:54:25.180+0800][41.429s][info][gc,cpu         ] GC(1108) User=0.00s Sys=0.00s Real=0.00s
[2026-06-17T09:54:25.181+0800][41.429s][info][gc             ] GC(1108) Concurrent Mark
[2026-06-17T09:54:25.181+0800][41.429s][info][gc,task        ] GC(1108) Using 2 workers of 5 for marking
[2026-06-17T09:54:25.183+0800][41.431s][info][gc             ] GC(1108) Concurrent Mark 1.676ms
[2026-06-17T09:54:25.183+0800][41.431s][info][gc,cpu         ] GC(1108) User=0.00s Sys=0.00s Real=0.01s
[2026-06-17T09:54:25.183+0800][41.431s][info][gc             ] GC(1108) Concurrent Preclean
[2026-06-17T09:54:25.183+0800][41.432s][info][gc             ] GC(1108) Concurrent Preclean 0.235ms
[2026-06-17T09:54:25.184+0800][41.432s][info][gc,cpu         ] GC(1108) User=0.00s Sys=0.00s Real=0.00s
[2026-06-17T09:54:25.184+0800][41.432s][info][gc             ] GC(1108) Concurrent Abortable Preclean
[2026-06-17T09:54:25.221+0800][41.469s][info][gc,start       ] GC(1109) Pause Young (Allocation Failure)
[2026-06-17T09:54:25.222+0800][41.470s][info][gc,task        ] GC(1109) Using 2 workers of 18 for evacuation
[2026-06-17T09:54:25.223+0800][41.471s][info][gc,heap        ] GC(1109) ParNew: 19572K->2172K(19648K)
[2026-06-17T09:54:25.224+0800][41.472s][info][gc,heap        ] GC(1109) CMS: 35072K->38990K(43712K)
[2026-06-17T09:54:25.224+0800][41.472s][info][gc,metaspace   ] GC(1109) Metaspace: 3161K(4864K)->3161K(4864K) NonClass: 2856K(4352K)->2856K(4352K) Class: 305K(512K)->305K(512K)
[2026-06-17T09:54:25.225+0800][41.473s][info][gc             ] GC(1109) Pause Young (Allocation Failure) 53M->40M(61M) 3.287ms
[2026-06-17T09:54:25.225+0800][41.473s][info][gc,cpu         ] GC(1109) User=0.00s Sys=0.00s Real=0.01s
[2026-06-17T09:54:25.269+0800][41.517s][info][gc,start       ] GC(1110) Pause Young (Allocation Failure)
[2026-06-17T09:54:25.271+0800][41.519s][info][gc,task        ] GC(1110) Using 2 workers of 18 for evacuation
[2026-06-17T09:54:25.275+0800][41.523s][info][gc,promotion   ] Promotion failed
[2026-06-17T09:54:25.276+0800][41.524s][info][gc,start       ] GC(1111) Pause Full (Allocation Failure)
[2026-06-17T09:54:25.276+0800][41.524s][info][gc             ] GC(1108) Concurrent Abortable Preclean 92.505ms
[2026-06-17T09:54:25.277+0800][41.525s][info][gc,cpu         ] GC(1108) User=0.01s Sys=0.00s Real=0.09s
[2026-06-17T09:54:25.280+0800][41.528s][info][gc,phases,start] GC(1111) Phase 1: Mark live objects
[2026-06-17T09:54:25.284+0800][41.532s][info][gc,phases      ] GC(1111) Phase 1: Mark live objects 4.244ms
[2026-06-17T09:54:25.284+0800][41.533s][info][gc,phases,start] GC(1111) Phase 2: Compute new object addresses
[2026-06-17T09:54:25.285+0800][41.534s][info][gc,phases      ] GC(1111) Phase 2: Compute new object addresses 1.064ms
[2026-06-17T09:54:25.286+0800][41.534s][info][gc,phases,start] GC(1111) Phase 3: Adjust pointers
[2026-06-17T09:54:25.287+0800][41.535s][info][gc,phases      ] GC(1111) Phase 3: Adjust pointers 1.118ms
[2026-06-17T09:54:25.288+0800][41.536s][info][gc,phases,start] GC(1111) Phase 4: Move objects
[2026-06-17T09:54:25.291+0800][41.540s][info][gc,phases      ] GC(1111) Phase 4: Move objects 3.770ms
[2026-06-17T09:54:25.292+0800][41.540s][info][gc             ] GC(1111) Pause Full (Allocation Failure) 61M->30M(61M) 16.643ms
[2026-06-17T09:54:25.293+0800][41.541s][info][gc,heap        ] GC(1110) ParNew: 19610K->0K(19648K)
[2026-06-17T09:54:25.293+0800][41.541s][info][gc,heap        ] GC(1110) CMS: 38990K->31584K(43712K)
[2026-06-17T09:54:25.294+0800][41.542s][info][gc,metaspace   ] GC(1110) Metaspace: 3161K(4864K)->3161K(4864K) NonClass: 2856K(4352K)->2856K(4352K) Class: 305K(512K)->305K(512K)
[2026-06-17T09:54:25.294+0800][41.542s][info][gc             ] GC(1110) Pause Young (Allocation Failure) 57M->30M(61M) 24.887ms
[2026-06-17T09:54:25.294+0800][41.542s][info][gc,cpu         ] GC(1110) User=0.00s Sys=0.00s Real=0.03s
[2026-06-17T09:54:25.338+0800][41.586s][info][gc,start       ] GC(1112) Pause Young (Allocation Failure)
[2026-06-17T09:54:25.339+0800][41.587s][info][gc,task        ] GC(1112) Using 2 workers of 18 for evacuation
[2026-06-17T09:54:25.341+0800][41.589s][info][gc,heap        ] GC(1112) ParNew: 17426K->2171K(19648K)
[2026-06-17T09:54:25.341+0800][41.589s][info][gc,heap        ] GC(1112) CMS: 31584K->36700K(43712K)
[2026-06-17T09:54:25.342+0800][41.590s][info][gc,metaspace   ] GC(1112) Metaspace: 3161K(4864K)->3161K(4864K) NonClass: 2856K(4352K)->2856K(4352K) Class: 305K(512K)->305K(512K)
[2026-06-17T09:54:25.343+0800][41.591s][info][gc             ] GC(1112) Pause Young (Allocation Failure) 47M->37M(61M) 4.455ms
[2026-06-17T09:54:25.343+0800][41.591s][info][gc,cpu         ] GC(1112) User=0.00s Sys=0.00s Real=0.01s
[2026-06-17T09:54:25.344+0800][41.592s][info][gc,start       ] GC(1113) Pause Initial Mark
[2026-06-17T09:54:25.344+0800][41.592s][info][gc             ] GC(1113) Pause Initial Mark 38M->38M(61M) 0.475ms
[2026-06-17T09:54:25.344+0800][41.592s][info][gc,cpu         ] GC(1113) User=0.00s Sys=0.00s Real=0.00s
[2026-06-17T09:54:25.345+0800][41.593s][info][gc             ] GC(1113) Concurrent Mark
[2026-06-17T09:54:25.345+0800][41.593s][info][gc,task        ] GC(1113) Using 2 workers of 5 for marking
[2026-06-17T09:54:25.346+0800][41.594s][info][gc             ] GC(1113) Concurrent Mark 1.243ms
[2026-06-17T09:54:25.346+0800][41.594s][info][gc,cpu         ] GC(1113) User=0.00s Sys=0.00s Real=0.00s
[2026-06-17T09:54:25.346+0800][41.594s][info][gc             ] GC(1113) Concurrent Preclean
[2026-06-17T09:54:25.347+0800][41.595s][info][gc             ] GC(1113) Concurrent Preclean 0.260ms
[2026-06-17T09:54:25.347+0800][41.595s][info][gc,cpu         ] GC(1113) User=0.00s Sys=0.00s Real=0.00s
[2026-06-17T09:54:25.347+0800][41.595s][info][gc,start       ] GC(1113) Pause Remark
[2026-06-17T09:54:25.347+0800][41.596s][info][gc             ] GC(1113) Pause Remark 38M->38M(61M) 0.488ms
[2026-06-17T09:54:25.348+0800][41.596s][info][gc,cpu         ] GC(1113) User=0.00s Sys=0.00s Real=0.00s
[2026-06-17T09:54:25.348+0800][41.596s][info][gc             ] GC(1113) Concurrent Sweep
[2026-06-17T09:54:25.348+0800][41.596s][info][gc             ] GC(1113) Concurrent Sweep 0.258ms
[2026-06-17T09:54:25.348+0800][41.597s][info][gc,cpu         ] GC(1113) User=0.00s Sys=0.00s Real=0.00s
[2026-06-17T09:54:25.349+0800][41.597s][info][gc             ] GC(1113) Concurrent Reset
[2026-06-17T09:54:25.349+0800][41.597s][info][gc             ] GC(1113) Concurrent Reset 0.181ms
[2026-06-17T09:54:25.349+0800][41.597s][info][gc,cpu         ] GC(1113) User=0.00s Sys=0.00s Real=0.00s
[2026-06-17T09:54:25.349+0800][41.597s][info][gc,heap        ] GC(1113) Old: 36700K->25436K(43712K)
[2026-06-17T09:54:25.386+0800][41.634s][info][gc,start       ] GC(1114) Pause Young (Allocation Failure)
[2026-06-17T09:54:25.386+0800][41.634s][info][gc,task        ] GC(1114) Using 2 workers of 18 for evacuation
[2026-06-17T09:54:25.388+0800][41.636s][info][gc,heap        ] GC(1114) ParNew: 19419K->2144K(19648K)
[2026-06-17T09:54:25.388+0800][41.636s][info][gc,heap        ] GC(1114) CMS: 25436K->27535K(43712K)
[2026-06-17T09:54:25.388+0800][41.636s][info][gc,metaspace   ] GC(1114) Metaspace: 3161K(4864K)->3161K(4864K) NonClass: 2856K(4352K)->2856K(4352K) Class: 305K(512K)->305K(512K)
[2026-06-17T09:54:25.388+0800][41.637s][info][gc             ] GC(1114) Pause Young (Allocation Failure) 43M->28M(61M) 2.783ms
[2026-06-17T09:54:25.389+0800][41.637s][info][gc,cpu         ] GC(1114) User=0.00s Sys=0.00s Real=0.00s
[2026-06-17T09:54:25.443+0800][41.691s][info][gc,start       ] GC(1115) Pause Young (Allocation Failure)
[2026-06-17T09:54:25.444+0800][41.692s][info][gc,task        ] GC(1115) Using 2 workers of 18 for evacuation
[2026-06-17T09:54:25.446+0800][41.694s][info][gc,heap        ] GC(1115) ParNew: 19574K->2175K(19648K)
[2026-06-17T09:54:25.446+0800][41.694s][info][gc,heap        ] GC(1115) CMS: 27535K->30905K(43712K)
[2026-06-17T09:54:25.447+0800][41.695s][info][gc,metaspace   ] GC(1115) Metaspace: 3161K(4864K)->3161K(4864K) NonClass: 2856K(4352K)->2856K(4352K) Class: 305K(512K)->305K(512K)
[2026-06-17T09:54:25.448+0800][41.696s][info][gc             ] GC(1115) Pause Young (Allocation Failure) 46M->32M(61M) 4.692ms
[2026-06-17T09:54:25.448+0800][41.696s][info][gc,cpu         ] GC(1115) User=0.00s Sys=0.00s Real=0.00s
[2026-06-17T09:54:25.492+0800][41.740s][info][gc,start       ] GC(1116) Pause Young (Allocation Failure)
[2026-06-17T09:54:25.493+0800][41.742s][info][gc,task        ] GC(1116) Using 2 workers of 18 for evacuation
[2026-06-17T09:54:25.496+0800][41.744s][info][gc,heap        ] GC(1116) ParNew: 19600K->2167K(19648K)
[2026-06-17T09:54:25.497+0800][41.745s][info][gc,heap        ] GC(1116) CMS: 30905K->34835K(43712K)
[2026-06-17T09:54:25.498+0800][41.747s][info][gc,metaspace   ] GC(1116) Metaspace: 3161K(4864K)->3161K(4864K) NonClass: 2856K(4352K)->2856K(4352K) Class: 305K(512K)->305K(512K)
[2026-06-17T09:54:25.499+0800][41.747s][info][gc             ] GC(1116) Pause Young (Allocation Failure) 49M->36M(61M) 6.579ms
[2026-06-17T09:54:25.499+0800][41.748s][info][gc,cpu         ] GC(1116) User=0.00s Sys=0.00s Real=0.00s
[2026-06-17T09:54:25.501+0800][41.749s][info][gc,start       ] GC(1117) Pause Initial Mark
[2026-06-17T09:54:25.502+0800][41.750s][info][gc             ] GC(1117) Pause Initial Mark 38M->38M(61M) 0.844ms
[2026-06-17T09:54:25.502+0800][41.750s][info][gc,cpu         ] GC(1117) User=0.01s Sys=0.00s Real=0.00s
[2026-06-17T09:54:25.503+0800][41.751s][info][gc             ] GC(1117) Concurrent Mark
[2026-06-17T09:54:25.504+0800][41.752s][info][gc,task        ] GC(1117) Using 2 workers of 5 for marking
[2026-06-17T09:54:25.506+0800][41.754s][info][gc             ] GC(1117) Concurrent Mark 2.644ms
[2026-06-17T09:54:25.506+0800][41.755s][info][gc,cpu         ] GC(1117) User=0.00s Sys=0.00s Real=0.00s
[2026-06-17T09:54:25.507+0800][41.755s][info][gc             ] GC(1117) Concurrent Preclean
[2026-06-17T09:54:25.507+0800][41.756s][info][gc             ] GC(1117) Concurrent Preclean 0.520ms
[2026-06-17T09:54:25.508+0800][41.756s][info][gc,cpu         ] GC(1117) User=0.00s Sys=0.00s Real=0.00s
[2026-06-17T09:54:25.508+0800][41.756s][info][gc             ] GC(1117) Concurrent Abortable Preclean
[2026-06-17T09:54:25.546+0800][41.795s][info][gc,start       ] GC(1118) Pause Young (Allocation Failure)
[2026-06-17T09:54:25.547+0800][41.795s][info][gc,task        ] GC(1118) Using 2 workers of 18 for evacuation
[2026-06-17T09:54:25.550+0800][41.798s][info][gc,heap        ] GC(1118) ParNew: 19638K->2174K(19648K)
[2026-06-17T09:54:25.550+0800][41.798s][info][gc,heap        ] GC(1118) CMS: 34835K->39426K(43712K)
[2026-06-17T09:54:25.551+0800][41.799s][info][gc,metaspace   ] GC(1118) Metaspace: 3166K(4864K)->3166K(4864K) NonClass: 2861K(4352K)->2861K(4352K) Class: 305K(512K)->305K(512K)
[2026-06-17T09:54:25.551+0800][41.800s][info][gc             ] GC(1118) Pause Young (Allocation Failure) 53M->40M(61M) 5.007ms
[2026-06-17T09:54:25.552+0800][41.800s][info][gc,cpu         ] GC(1118) User=0.00s Sys=0.00s Real=0.01s
[2026-06-17T09:54:25.597+0800][41.845s][info][gc,start       ] GC(1119) Pause Young (Allocation Failure)
[2026-06-17T09:54:25.598+0800][41.846s][info][gc,task        ] GC(1119) Using 2 workers of 18 for evacuation
[2026-06-17T09:54:25.599+0800][41.847s][info][gc,start       ] GC(1120) Pause Full (Allocation Failure)
[2026-06-17T09:54:25.599+0800][41.848s][info][gc             ] GC(1117) Concurrent Abortable Preclean 91.292ms
[2026-06-17T09:54:25.600+0800][41.848s][info][gc,cpu         ] GC(1117) User=0.01s Sys=0.00s Real=0.09s
[2026-06-17T09:54:25.601+0800][41.849s][info][gc,phases,start] GC(1120) Phase 1: Mark live objects
[2026-06-17T09:54:25.603+0800][41.851s][info][gc,phases      ] GC(1120) Phase 1: Mark live objects 2.003ms
[2026-06-17T09:54:25.604+0800][41.852s][info][gc,phases,start] GC(1120) Phase 2: Compute new object addresses
[2026-06-17T09:54:25.605+0800][41.853s][info][gc,phases      ] GC(1120) Phase 2: Compute new object addresses 1.487ms
[2026-06-17T09:54:25.606+0800][41.854s][info][gc,phases,start] GC(1120) Phase 3: Adjust pointers
[2026-06-17T09:54:25.607+0800][41.855s][info][gc,phases      ] GC(1120) Phase 3: Adjust pointers 1.111ms
[2026-06-17T09:54:25.607+0800][41.856s][info][gc,phases,start] GC(1120) Phase 4: Move objects
[2026-06-17T09:54:25.612+0800][41.860s][info][gc,phases      ] GC(1120) Phase 4: Move objects 4.438ms
[2026-06-17T09:54:25.613+0800][41.861s][info][gc             ] GC(1120) Pause Full (Allocation Failure) 57M->30M(61M) 13.926ms
[2026-06-17T09:54:25.613+0800][41.861s][info][gc,heap        ] GC(1119) ParNew: 19639K->0K(19648K)
[2026-06-17T09:54:25.613+0800][41.861s][info][gc,heap        ] GC(1119) CMS: 39426K->30892K(43712K)
[2026-06-17T09:54:25.614+0800][41.862s][info][gc,metaspace   ] GC(1119) Metaspace: 3166K(4864K)->3166K(4864K) NonClass: 2861K(4352K)->2861K(4352K) Class: 305K(512K)->305K(512K)
[2026-06-17T09:54:25.614+0800][41.862s][info][gc             ] GC(1119) Pause Young (Allocation Failure) 57M->30M(61M) 17.162ms
[2026-06-17T09:54:25.614+0800][41.862s][info][gc,cpu         ] GC(1119) User=0.01s Sys=0.00s Real=0.02s
[2026-06-17T09:54:25.659+0800][41.907s][info][gc,start       ] GC(1121) Pause Young (Allocation Failure)
[2026-06-17T09:54:25.660+0800][41.908s][info][gc,task        ] GC(1121) Using 2 workers of 18 for evacuation
[2026-06-17T09:54:25.661+0800][41.910s][info][gc,heap        ] GC(1121) ParNew: 17202K->2143K(19648K)
[2026-06-17T09:54:25.662+0800][41.910s][info][gc,heap        ] GC(1121) CMS: 30892K->31968K(43712K)
[2026-06-17T09:54:25.663+0800][41.911s][info][gc,metaspace   ] GC(1121) Metaspace: 3166K(4864K)->3166K(4864K) NonClass: 2861K(4352K)->2861K(4352K) Class: 305K(512K)->305K(512K)
[2026-06-17T09:54:25.663+0800][41.911s][info][gc             ] GC(1121) Pause Young (Allocation Failure) 46M->33M(61M) 4.528ms
[2026-06-17T09:54:25.664+0800][41.912s][info][gc,cpu         ] GC(1121) User=0.00s Sys=0.00s Real=0.01s
[2026-06-17T09:54:25.709+0800][41.957s][info][gc,start       ] GC(1122) Pause Young (Allocation Failure)
[2026-06-17T09:54:25.709+0800][41.958s][info][gc,task        ] GC(1122) Using 2 workers of 18 for evacuation
[2026-06-17T09:54:25.712+0800][41.960s][info][gc,heap        ] GC(1122) ParNew: 19590K->2172K(19648K)
[2026-06-17T09:54:25.712+0800][41.960s][info][gc,heap        ] GC(1122) CMS: 31968K->38730K(43712K)
[2026-06-17T09:54:25.713+0800][41.961s][info][gc,metaspace   ] GC(1122) Metaspace: 3166K(4864K)->3166K(4864K) NonClass: 2861K(4352K)->2861K(4352K) Class: 305K(512K)->305K(512K)
[2026-06-17T09:54:25.713+0800][41.962s][info][gc             ] GC(1122) Pause Young (Allocation Failure) 50M->39M(61M) 4.771ms
[2026-06-17T09:54:25.714+0800][41.962s][info][gc,cpu         ] GC(1122) User=0.01s Sys=0.00s Real=0.01s
[2026-06-17T09:54:25.715+0800][41.963s][info][gc,start       ] GC(1123) Pause Initial Mark
[2026-06-17T09:54:25.716+0800][41.964s][info][gc             ] GC(1123) Pause Initial Mark 40M->40M(61M) 0.677ms
[2026-06-17T09:54:25.716+0800][41.964s][info][gc,cpu         ] GC(1123) User=0.00s Sys=0.00s Real=0.00s
[2026-06-17T09:54:25.716+0800][41.965s][info][gc             ] GC(1123) Concurrent Mark
[2026-06-17T09:54:25.717+0800][41.965s][info][gc,task        ] GC(1123) Using 2 workers of 5 for marking
[2026-06-17T09:54:25.719+0800][41.967s][info][gc             ] GC(1123) Concurrent Mark 2.778ms
[2026-06-17T09:54:25.720+0800][41.968s][info][gc,cpu         ] GC(1123) User=0.00s Sys=0.00s Real=0.00s
[2026-06-17T09:54:25.720+0800][41.968s][info][gc             ] GC(1123) Concurrent Preclean
[2026-06-17T09:54:25.721+0800][41.969s][info][gc             ] GC(1123) Concurrent Preclean 0.467ms
[2026-06-17T09:54:25.721+0800][41.969s][info][gc,cpu         ] GC(1123) User=0.00s Sys=0.00s Real=0.00s
[2026-06-17T09:54:25.721+0800][41.969s][info][gc,start       ] GC(1123) Pause Remark
[2026-06-17T09:54:25.722+0800][41.970s][info][gc             ] GC(1123) Pause Remark 40M->40M(61M) 0.797ms
[2026-06-17T09:54:25.722+0800][41.970s][info][gc,cpu         ] GC(1123) User=0.00s Sys=0.00s Real=0.00s
[2026-06-17T09:54:25.723+0800][41.971s][info][gc             ] GC(1123) Concurrent Sweep
[2026-06-17T09:54:25.723+0800][41.971s][info][gc             ] GC(1123) Concurrent Sweep 0.543ms
[2026-06-17T09:54:25.723+0800][41.972s][info][gc,cpu         ] GC(1123) User=0.00s Sys=0.00s Real=0.00s
[2026-06-17T09:54:25.724+0800][41.972s][info][gc             ] GC(1123) Concurrent Reset
[2026-06-17T09:54:25.724+0800][41.972s][info][gc             ] GC(1123) Concurrent Reset 0.279ms
[2026-06-17T09:54:25.724+0800][41.972s][info][gc,cpu         ] GC(1123) User=0.00s Sys=0.00s Real=0.00s
[2026-06-17T09:54:25.724+0800][41.973s][info][gc,heap        ] GC(1123) Old: 38730K->19523K(43712K)
[2026-06-17T09:54:25.769+0800][42.017s][info][gc,start       ] GC(1124) Pause Young (Allocation Failure)
[2026-06-17T09:54:25.770+0800][42.018s][info][gc,task        ] GC(1124) Using 2 workers of 18 for evacuation
[2026-06-17T09:54:25.772+0800][42.020s][info][gc,heap        ] GC(1124) ParNew: 19634K->2109K(19648K)
[2026-06-17T09:54:25.772+0800][42.021s][info][gc,heap        ] GC(1124) CMS: 19523K->22611K(43712K)
[2026-06-17T09:54:25.773+0800][42.021s][info][gc,metaspace   ] GC(1124) Metaspace: 3166K(4864K)->3166K(4864K) NonClass: 2861K(4352K)->2861K(4352K) Class: 305K(512K)->305K(512K)
[2026-06-17T09:54:25.774+0800][42.022s][info][gc             ] GC(1124) Pause Young (Allocation Failure) 38M->24M(61M) 5.143ms
[2026-06-17T09:54:25.774+0800][42.023s][info][gc,cpu         ] GC(1124) User=0.00s Sys=0.00s Real=0.01s
[2026-06-17T09:54:25.809+0800][42.057s][info][gc,start       ] GC(1125) Pause Young (Allocation Failure)
[2026-06-17T09:54:25.810+0800][42.058s][info][gc,task        ] GC(1125) Using 2 workers of 18 for evacuation
[2026-06-17T09:54:25.812+0800][42.060s][info][gc,heap        ] GC(1125) ParNew: 19423K->2149K(19648K)
[2026-06-17T09:54:25.812+0800][42.061s][info][gc,heap        ] GC(1125) CMS: 22611K->25959K(43712K)
[2026-06-17T09:54:25.813+0800][42.061s][info][gc,metaspace   ] GC(1125) Metaspace: 3166K(4864K)->3166K(4864K) NonClass: 2861K(4352K)->2861K(4352K) Class: 305K(512K)->305K(512K)
[2026-06-17T09:54:25.814+0800][42.062s][info][gc             ] GC(1125) Pause Young (Allocation Failure) 41M->27M(61M) 4.570ms
[2026-06-17T09:54:25.814+0800][42.062s][info][gc,cpu         ] GC(1125) User=0.00s Sys=0.00s Real=0.01s
[2026-06-17T09:54:25.869+0800][42.118s][info][gc,start       ] GC(1126) Pause Young (Allocation Failure)
[2026-06-17T09:54:25.870+0800][42.118s][info][gc,task        ] GC(1126) Using 2 workers of 18 for evacuation
[2026-06-17T09:54:25.872+0800][42.120s][info][gc,heap        ] GC(1126) ParNew: 19621K->2168K(19648K)
[2026-06-17T09:54:25.873+0800][42.121s][info][gc,heap        ] GC(1126) CMS: 25959K->29993K(43712K)
[2026-06-17T09:54:25.873+0800][42.121s][info][gc,metaspace   ] GC(1126) Metaspace: 3166K(4864K)->3166K(4864K) NonClass: 2861K(4352K)->2861K(4352K) Class: 305K(512K)->305K(512K)
[2026-06-17T09:54:25.874+0800][42.122s][info][gc             ] GC(1126) Pause Young (Allocation Failure) 44M->31M(61M) 4.324ms
[2026-06-17T09:54:25.874+0800][42.122s][info][gc,cpu         ] GC(1126) User=0.01s Sys=0.00s Real=0.01s
[2026-06-17T09:54:25.918+0800][42.166s][info][gc,start       ] GC(1127) Pause Young (Allocation Failure)
[2026-06-17T09:54:25.919+0800][42.167s][info][gc,task        ] GC(1127) Using 2 workers of 18 for evacuation
[2026-06-17T09:54:25.923+0800][42.171s][info][gc,heap        ] GC(1127) ParNew: 19630K->2172K(19648K)
[2026-06-17T09:54:25.923+0800][42.172s][info][gc,heap        ] GC(1127) CMS: 29993K->34211K(43712K)
[2026-06-17T09:54:25.925+0800][42.173s][info][gc,metaspace   ] GC(1127) Metaspace: 3166K(4864K)->3166K(4864K) NonClass: 2861K(4352K)->2861K(4352K) Class: 305K(512K)->305K(512K)
[2026-06-17T09:54:25.927+0800][42.175s][info][gc             ] GC(1127) Pause Young (Allocation Failure) 48M->35M(61M) 8.594ms
[2026-06-17T09:54:25.929+0800][42.177s][info][gc,cpu         ] GC(1127) User=0.00s Sys=0.00s Real=0.01s
[2026-06-17T09:54:25.932+0800][42.180s][info][gc,start       ] GC(1128) Pause Initial Mark
[2026-06-17T09:54:25.934+0800][42.182s][info][gc             ] GC(1128) Pause Initial Mark 37M->37M(61M) 2.397ms
[2026-06-17T09:54:25.935+0800][42.183s][info][gc,cpu         ] GC(1128) User=0.00s Sys=0.00s Real=0.00s
[2026-06-17T09:54:25.936+0800][42.184s][info][gc             ] GC(1128) Concurrent Mark
[2026-06-17T09:54:25.937+0800][42.186s][info][gc,task        ] GC(1128) Using 2 workers of 5 for marking
[2026-06-17T09:54:25.940+0800][42.189s][info][gc             ] GC(1128) Concurrent Mark 4.325ms
[2026-06-17T09:54:25.942+0800][42.190s][info][gc,cpu         ] GC(1128) User=0.00s Sys=0.00s Real=0.00s
[2026-06-17T09:54:25.943+0800][42.192s][info][gc             ] GC(1128) Concurrent Preclean
[2026-06-17T09:54:25.945+0800][42.193s][info][gc             ] GC(1128) Concurrent Preclean 1.041ms
[2026-06-17T09:54:25.945+0800][42.193s][info][gc,cpu         ] GC(1128) User=0.01s Sys=0.00s Real=0.00s
[2026-06-17T09:54:25.947+0800][42.195s][info][gc             ] GC(1128) Concurrent Abortable Preclean
[2026-06-17T09:54:25.979+0800][42.228s][info][gc,start       ] GC(1129) Pause Young (Allocation Failure)
[2026-06-17T09:54:25.980+0800][42.228s][info][gc,task        ] GC(1129) Using 2 workers of 18 for evacuation
[2026-06-17T09:54:25.983+0800][42.231s][info][gc,heap        ] GC(1129) ParNew: 19644K->2173K(19648K)
[2026-06-17T09:54:25.983+0800][42.232s][info][gc,heap        ] GC(1129) CMS: 34211K->40535K(43712K)
[2026-06-17T09:54:25.984+0800][42.232s][info][gc,metaspace   ] GC(1129) Metaspace: 3166K(4864K)->3166K(4864K) NonClass: 2861K(4352K)->2861K(4352K) Class: 305K(512K)->305K(512K)
[2026-06-17T09:54:25.985+0800][42.233s][info][gc             ] GC(1129) Pause Young (Allocation Failure) 52M->41M(61M) 5.253ms
[2026-06-17T09:54:25.985+0800][42.233s][info][gc,cpu         ] GC(1129) User=0.00s Sys=0.00s Real=0.01s
[2026-06-17T09:54:26.031+0800][42.279s][info][gc,start       ] GC(1130) Pause Young (Allocation Failure)
[2026-06-17T09:54:26.032+0800][42.280s][info][gc,task        ] GC(1130) Using 2 workers of 18 for evacuation
[2026-06-17T09:54:26.033+0800][42.281s][info][gc,start       ] GC(1131) Pause Full (Allocation Failure)
[2026-06-17T09:54:26.034+0800][42.282s][info][gc             ] GC(1128) Concurrent Abortable Preclean 87.573ms
[2026-06-17T09:54:26.035+0800][42.283s][info][gc,cpu         ] GC(1128) User=0.01s Sys=0.00s Real=0.09s
[2026-06-17T09:54:26.036+0800][42.284s][info][gc,phases,start] GC(1131) Phase 1: Mark live objects
[2026-06-17T09:54:26.038+0800][42.286s][info][gc,phases      ] GC(1131) Phase 1: Mark live objects 2.033ms
[2026-06-17T09:54:26.038+0800][42.286s][info][gc,phases,start] GC(1131) Phase 2: Compute new object addresses
[2026-06-17T09:54:26.039+0800][42.288s][info][gc,phases      ] GC(1131) Phase 2: Compute new object addresses 1.092ms
[2026-06-17T09:54:26.040+0800][42.288s][info][gc,phases,start] GC(1131) Phase 3: Adjust pointers
[2026-06-17T09:54:26.041+0800][42.289s][info][gc,phases      ] GC(1131) Phase 3: Adjust pointers 1.108ms
[2026-06-17T09:54:26.042+0800][42.290s][info][gc,phases,start] GC(1131) Phase 4: Move objects
[2026-06-17T09:54:26.046+0800][42.294s][info][gc,phases      ] GC(1131) Phase 4: Move objects 4.731ms
[2026-06-17T09:54:26.047+0800][42.296s][info][gc             ] GC(1131) Pause Full (Allocation Failure) 58M->29M(61M) 14.071ms
[2026-06-17T09:54:26.054+0800][42.302s][info][gc,heap        ] GC(1130) ParNew: 19635K->0K(19648K)
[2026-06-17T09:54:26.054+0800][42.302s][info][gc,heap        ] GC(1130) CMS: 40535K->30679K(43712K)
[2026-06-17T09:54:26.054+0800][42.302s][info][gc,metaspace   ] GC(1130) Metaspace: 3166K(4864K)->3166K(4864K) NonClass: 2861K(4352K)->2861K(4352K) Class: 305K(512K)->305K(512K)
[2026-06-17T09:54:26.055+0800][42.303s][info][gc             ] GC(1130) Pause Young (Allocation Failure) 58M->29M(61M) 23.686ms
[2026-06-17T09:54:26.055+0800][42.303s][info][gc,cpu         ] GC(1130) User=0.00s Sys=0.00s Real=0.02s
[2026-06-17T09:54:26.100+0800][42.348s][info][gc,start       ] GC(1132) Pause Young (Allocation Failure)
[2026-06-17T09:54:26.100+0800][42.349s][info][gc,task        ] GC(1132) Using 2 workers of 18 for evacuation
[2026-06-17T09:54:26.102+0800][42.350s][info][gc,heap        ] GC(1132) ParNew: 17118K->2092K(19648K)
[2026-06-17T09:54:26.103+0800][42.351s][info][gc,heap        ] GC(1132) CMS: 30679K->31090K(43712K)
[2026-06-17T09:54:26.103+0800][42.351s][info][gc,metaspace   ] GC(1132) Metaspace: 3166K(4864K)->3166K(4864K) NonClass: 2861K(4352K)->2861K(4352K) Class: 305K(512K)->305K(512K)
[2026-06-17T09:54:26.104+0800][42.352s][info][gc             ] GC(1132) Pause Young (Allocation Failure) 46M->32M(61M) 4.169ms
[2026-06-17T09:54:26.104+0800][42.353s][info][gc,cpu         ] GC(1132) User=0.00s Sys=0.01s Real=0.01s
[2026-06-17T09:54:26.149+0800][42.397s][info][gc,start       ] GC(1133) Pause Young (Allocation Failure)
[2026-06-17T09:54:26.150+0800][42.398s][info][gc,task        ] GC(1133) Using 2 workers of 18 for evacuation
[2026-06-17T09:54:26.152+0800][42.400s][info][gc,heap        ] GC(1133) ParNew: 19274K->1946K(19648K)
[2026-06-17T09:54:26.153+0800][42.401s][info][gc,heap        ] GC(1133) CMS: 31090K->34365K(43712K)
[2026-06-17T09:54:26.153+0800][42.401s][info][gc,metaspace   ] GC(1133) Metaspace: 3166K(4864K)->3166K(4864K) NonClass: 2861K(4352K)->2861K(4352K) Class: 305K(512K)->305K(512K)
[2026-06-17T09:54:26.154+0800][42.402s][info][gc             ] GC(1133) Pause Young (Allocation Failure) 49M->35M(61M) 4.738ms
[2026-06-17T09:54:26.154+0800][42.403s][info][gc,cpu         ] GC(1133) User=0.00s Sys=0.00s Real=0.01s
[2026-06-17T09:54:26.210+0800][42.458s][info][gc,start       ] GC(1134) Pause Young (Allocation Failure)
[2026-06-17T09:54:26.211+0800][42.459s][info][gc,task        ] GC(1134) Using 2 workers of 18 for evacuation
[2026-06-17T09:54:26.212+0800][42.461s][info][gc,heap        ] GC(1134) ParNew: 19418K->2168K(19648K)
[2026-06-17T09:54:26.213+0800][42.461s][info][gc,heap        ] GC(1134) CMS: 34365K->38136K(43712K)
[2026-06-17T09:54:26.214+0800][42.462s][info][gc,metaspace   ] GC(1134) Metaspace: 3166K(4864K)->3166K(4864K) NonClass: 2861K(4352K)->2861K(4352K) Class: 305K(512K)->305K(512K)
[2026-06-17T09:54:26.214+0800][42.462s][info][gc             ] GC(1134) Pause Young (Allocation Failure) 52M->39M(61M) 4.508ms
[2026-06-17T09:54:26.215+0800][42.463s][info][gc,cpu         ] GC(1134) User=0.01s Sys=0.00s Real=0.01s
[2026-06-17T09:54:26.216+0800][42.464s][info][gc,start       ] GC(1135) Pause Initial Mark
[2026-06-17T09:54:26.217+0800][42.465s][info][gc             ] GC(1135) Pause Initial Mark 41M->41M(61M) 0.804ms
[2026-06-17T09:54:26.218+0800][42.466s][info][gc,cpu         ] GC(1135) User=0.00s Sys=0.00s Real=0.00s
[2026-06-17T09:54:26.218+0800][42.466s][info][gc             ] GC(1135) Concurrent Mark
[2026-06-17T09:54:26.218+0800][42.467s][info][gc,task        ] GC(1135) Using 2 workers of 5 for marking
[2026-06-17T09:54:26.220+0800][42.468s][info][gc             ] GC(1135) Concurrent Mark 2.075ms
[2026-06-17T09:54:26.221+0800][42.469s][info][gc,cpu         ] GC(1135) User=0.00s Sys=0.00s Real=0.00s
[2026-06-17T09:54:26.222+0800][42.470s][info][gc             ] GC(1135) Concurrent Preclean
[2026-06-17T09:54:26.222+0800][42.470s][info][gc             ] GC(1135) Concurrent Preclean 0.387ms
[2026-06-17T09:54:26.222+0800][42.470s][info][gc,cpu         ] GC(1135) User=0.00s Sys=0.00s Real=0.00s
[2026-06-17T09:54:26.222+0800][42.471s][info][gc             ] GC(1135) Concurrent Abortable Preclean
[2026-06-17T09:54:26.261+0800][42.509s][info][gc,start       ] GC(1136) Pause Young (Allocation Failure)
[2026-06-17T09:54:26.262+0800][42.510s][info][gc,task        ] GC(1136) Using 2 workers of 18 for evacuation
[2026-06-17T09:54:26.264+0800][42.513s][info][gc,heap        ] GC(1136) ParNew: 19618K->2130K(19648K)
[2026-06-17T09:54:26.265+0800][42.513s][info][gc,heap        ] GC(1136) CMS: 38136K->41474K(43712K)
[2026-06-17T09:54:26.266+0800][42.514s][info][gc,metaspace   ] GC(1136) Metaspace: 3166K(4864K)->3166K(4864K) NonClass: 2861K(4352K)->2861K(4352K) Class: 305K(512K)->305K(512K)
[2026-06-17T09:54:26.267+0800][42.515s][info][gc             ] GC(1136) Pause Young (Allocation Failure) 56M->42M(61M) 5.357ms
[2026-06-17T09:54:26.267+0800][42.515s][info][gc,cpu         ] GC(1136) User=0.00s Sys=0.00s Real=0.01s
[2026-06-17T09:54:26.312+0800][42.560s][info][gc,start       ] GC(1137) Pause Young (Allocation Failure)
[2026-06-17T09:54:26.313+0800][42.561s][info][gc,task        ] GC(1137) Using 2 workers of 18 for evacuation
[2026-06-17T09:54:26.314+0800][42.562s][info][gc,start       ] GC(1138) Pause Full (Allocation Failure)
[2026-06-17T09:54:26.314+0800][42.563s][info][gc             ] GC(1135) Concurrent Abortable Preclean 91.973ms
[2026-06-17T09:54:26.315+0800][42.563s][info][gc,cpu         ] GC(1135) User=0.01s Sys=0.00s Real=0.10s
[2026-06-17T09:54:26.316+0800][42.564s][info][gc,phases,start] GC(1138) Phase 1: Mark live objects
[2026-06-17T09:54:26.318+0800][42.566s][info][gc,phases      ] GC(1138) Phase 1: Mark live objects 1.858ms
[2026-06-17T09:54:26.319+0800][42.567s][info][gc,phases,start] GC(1138) Phase 2: Compute new object addresses
[2026-06-17T09:54:26.320+0800][42.568s][info][gc,phases      ] GC(1138) Phase 2: Compute new object addresses 0.922ms
[2026-06-17T09:54:26.320+0800][42.568s][info][gc,phases,start] GC(1138) Phase 3: Adjust pointers
[2026-06-17T09:54:26.321+0800][42.569s][info][gc,phases      ] GC(1138) Phase 3: Adjust pointers 1.254ms
[2026-06-17T09:54:26.322+0800][42.570s][info][gc,phases,start] GC(1138) Phase 4: Move objects
[2026-06-17T09:54:26.325+0800][42.573s][info][gc,phases      ] GC(1138) Phase 4: Move objects 3.347ms
[2026-06-17T09:54:26.326+0800][42.574s][info][gc             ] GC(1138) Pause Full (Allocation Failure) 59M->21M(61M) 12.476ms
[2026-06-17T09:54:26.327+0800][42.575s][info][gc,heap        ] GC(1137) ParNew: 19602K->0K(19648K)
[2026-06-17T09:54:26.327+0800][42.575s][info][gc,heap        ] GC(1137) CMS: 41474K->22323K(43712K)
[2026-06-17T09:54:26.327+0800][42.575s][info][gc,metaspace   ] GC(1137) Metaspace: 3166K(4864K)->3166K(4864K) NonClass: 2861K(4352K)->2861K(4352K) Class: 305K(512K)->305K(512K)
[2026-06-17T09:54:26.327+0800][42.576s][info][gc             ] GC(1137) Pause Young (Allocation Failure) 59M->21M(61M) 15.581ms
[2026-06-17T09:54:26.328+0800][42.576s][info][gc,cpu         ] GC(1137) User=0.00s Sys=0.00s Real=0.01s
[2026-06-17T09:54:26.370+0800][42.618s][info][gc,start       ] GC(1139) Pause Young (Allocation Failure)
[2026-06-17T09:54:26.371+0800][42.619s][info][gc,task        ] GC(1139) Using 2 workers of 18 for evacuation
[2026-06-17T09:54:26.372+0800][42.620s][info][gc,heap        ] GC(1139) ParNew: 17472K->2175K(19648K)
[2026-06-17T09:54:26.373+0800][42.621s][info][gc,heap        ] GC(1139) CMS: 22323K->26932K(43712K)
[2026-06-17T09:54:26.373+0800][42.621s][info][gc,metaspace   ] GC(1139) Metaspace: 3166K(4864K)->3166K(4864K) NonClass: 2861K(4352K)->2861K(4352K) Class: 305K(512K)->305K(512K)
[2026-06-17T09:54:26.373+0800][42.622s][info][gc             ] GC(1139) Pause Young (Allocation Failure) 38M->28M(61M) 3.062ms
[2026-06-17T09:54:26.374+0800][42.622s][info][gc,cpu         ] GC(1139) User=0.01s Sys=0.00s Real=0.01s
[2026-06-17T09:54:26.418+0800][42.666s][info][gc,start       ] GC(1140) Pause Young (Allocation Failure)
[2026-06-17T09:54:26.419+0800][42.667s][info][gc,task        ] GC(1140) Using 2 workers of 18 for evacuation
[2026-06-17T09:54:26.422+0800][42.670s][info][gc,heap        ] GC(1140) ParNew: 19640K->2159K(19648K)
[2026-06-17T09:54:26.424+0800][42.672s][info][gc,heap        ] GC(1140) CMS: 26932K->33059K(43712K)
[2026-06-17T09:54:26.424+0800][42.672s][info][gc,metaspace   ] GC(1140) Metaspace: 3166K(4864K)->3166K(4864K) NonClass: 2861K(4352K)->2861K(4352K) Class: 305K(512K)->305K(512K)
[2026-06-17T09:54:26.425+0800][42.673s][info][gc             ] GC(1140) Pause Young (Allocation Failure) 45M->34M(61M) 6.997ms
[2026-06-17T09:54:26.426+0800][42.674s][info][gc,cpu         ] GC(1140) User=0.00s Sys=0.00s Real=0.01s
[2026-06-17T09:54:26.427+0800][42.675s][info][gc,start       ] GC(1141) Pause Initial Mark
[2026-06-17T09:54:26.428+0800][42.676s][info][gc             ] GC(1141) Pause Initial Mark 36M->36M(61M) 0.823ms
[2026-06-17T09:54:26.428+0800][42.676s][info][gc,cpu         ] GC(1141) User=0.00s Sys=0.00s Real=0.00s
[2026-06-17T09:54:26.429+0800][42.677s][info][gc             ] GC(1141) Concurrent Mark
[2026-06-17T09:54:26.429+0800][42.677s][info][gc,task        ] GC(1141) Using 2 workers of 5 for marking
[2026-06-17T09:54:26.431+0800][42.679s][info][gc             ] GC(1141) Concurrent Mark 2.097ms
[2026-06-17T09:54:26.431+0800][42.679s][info][gc,cpu         ] GC(1141) User=0.00s Sys=0.00s Real=0.01s
[2026-06-17T09:54:26.431+0800][42.680s][info][gc             ] GC(1141) Concurrent Preclean
[2026-06-17T09:54:26.432+0800][42.680s][info][gc             ] GC(1141) Concurrent Preclean 0.378ms
[2026-06-17T09:54:26.432+0800][42.680s][info][gc,cpu         ] GC(1141) User=0.00s Sys=0.00s Real=0.00s
[2026-06-17T09:54:26.432+0800][42.681s][info][gc             ] GC(1141) Concurrent Abortable Preclean
[2026-06-17T09:54:26.471+0800][42.719s][info][gc,start       ] GC(1142) Pause Young (Allocation Failure)
[2026-06-17T09:54:26.472+0800][42.720s][info][gc,task        ] GC(1142) Using 2 workers of 18 for evacuation
[2026-06-17T09:54:26.474+0800][42.722s][info][gc,heap        ] GC(1142) ParNew: 19631K->2175K(19648K)
[2026-06-17T09:54:26.475+0800][42.723s][info][gc,heap        ] GC(1142) CMS: 33059K->36113K(43712K)
[2026-06-17T09:54:26.475+0800][42.724s][info][gc,metaspace   ] GC(1142) Metaspace: 3166K(4864K)->3166K(4864K) NonClass: 2861K(4352K)->2861K(4352K) Class: 305K(512K)->305K(512K)
[2026-06-17T09:54:26.476+0800][42.724s][info][gc             ] GC(1142) Pause Young (Allocation Failure) 51M->37M(61M) 5.066ms
[2026-06-17T09:54:26.477+0800][42.725s][info][gc,cpu         ] GC(1142) User=0.00s Sys=0.00s Real=0.00s
[2026-06-17T09:54:26.521+0800][42.769s][info][gc,start       ] GC(1143) Pause Young (Allocation Failure)
[2026-06-17T09:54:26.523+0800][42.771s][info][gc,task        ] GC(1143) Using 2 workers of 18 for evacuation
[2026-06-17T09:54:26.526+0800][42.774s][info][gc,heap        ] GC(1143) ParNew: 19647K->2168K(19648K)
[2026-06-17T09:54:26.526+0800][42.775s][info][gc,heap        ] GC(1143) CMS: 36113K->39650K(43712K)
[2026-06-17T09:54:26.527+0800][42.775s][info][gc,metaspace   ] GC(1143) Metaspace: 3166K(4864K)->3166K(4864K) NonClass: 2861K(4352K)->2861K(4352K) Class: 305K(512K)->305K(512K)
[2026-06-17T09:54:26.528+0800][42.776s][info][gc             ] GC(1143) Pause Young (Allocation Failure) 54M->40M(61M) 6.488ms
[2026-06-17T09:54:26.528+0800][42.776s][info][gc,cpu         ] GC(1143) User=0.00s Sys=0.00s Real=0.01s
[2026-06-17T09:54:26.573+0800][42.821s][info][gc,start       ] GC(1144) Pause Young (Allocation Failure)
[2026-06-17T09:54:26.574+0800][42.822s][info][gc,task        ] GC(1144) Using 2 workers of 18 for evacuation
[2026-06-17T09:54:26.575+0800][42.823s][info][gc,start       ] GC(1145) Pause Full (Allocation Failure)
[2026-06-17T09:54:26.576+0800][42.824s][info][gc             ] GC(1141) Concurrent Abortable Preclean 143.502ms
[2026-06-17T09:54:26.577+0800][42.825s][info][gc,cpu         ] GC(1141) User=0.01s Sys=0.00s Real=0.14s
[2026-06-17T09:54:26.577+0800][42.826s][info][gc,phases,start] GC(1145) Phase 1: Mark live objects
[2026-06-17T09:54:26.580+0800][42.828s][info][gc,phases      ] GC(1145) Phase 1: Mark live objects 2.188ms
[2026-06-17T09:54:26.580+0800][42.828s][info][gc,phases,start] GC(1145) Phase 2: Compute new object addresses
[2026-06-17T09:54:26.581+0800][42.830s][info][gc,phases      ] GC(1145) Phase 2: Compute new object addresses 1.219ms
[2026-06-17T09:54:26.582+0800][42.830s][info][gc,phases,start] GC(1145) Phase 3: Adjust pointers
[2026-06-17T09:54:26.583+0800][42.832s][info][gc,phases      ] GC(1145) Phase 3: Adjust pointers 1.418ms
[2026-06-17T09:54:26.584+0800][42.832s][info][gc,phases,start] GC(1145) Phase 4: Move objects
[2026-06-17T09:54:26.589+0800][42.837s][info][gc,phases      ] GC(1145) Phase 4: Move objects 4.580ms
[2026-06-17T09:54:26.589+0800][42.837s][info][gc             ] GC(1145) Pause Full (Allocation Failure) 57M->29M(61M) 14.276ms
[2026-06-17T09:54:26.590+0800][42.838s][info][gc,heap        ] GC(1144) ParNew: 19632K->0K(19648K)
[2026-06-17T09:54:26.590+0800][42.838s][info][gc,heap        ] GC(1144) CMS: 39650K->30304K(43712K)
[2026-06-17T09:54:26.591+0800][42.839s][info][gc,metaspace   ] GC(1144) Metaspace: 3166K(4864K)->3166K(4864K) NonClass: 2861K(4352K)->2861K(4352K) Class: 305K(512K)->305K(512K)
[2026-06-17T09:54:26.591+0800][42.839s][info][gc             ] GC(1144) Pause Young (Allocation Failure) 57M->29M(61M) 17.921ms
[2026-06-17T09:54:26.592+0800][42.840s][info][gc,cpu         ] GC(1144) User=0.01s Sys=0.00s Real=0.02s
[2026-06-17T09:54:26.636+0800][42.884s][info][gc,start       ] GC(1146) Pause Young (Allocation Failure)
[2026-06-17T09:54:26.637+0800][42.885s][info][gc,task        ] GC(1146) Using 2 workers of 18 for evacuation
[2026-06-17T09:54:26.639+0800][42.887s][info][gc,heap        ] GC(1146) ParNew: 17470K->2175K(19648K)
[2026-06-17T09:54:26.640+0800][42.888s][info][gc,heap        ] GC(1146) CMS: 30304K->35195K(43712K)
[2026-06-17T09:54:26.640+0800][42.889s][info][gc,metaspace   ] GC(1146) Metaspace: 3166K(4864K)->3166K(4864K) NonClass: 2861K(4352K)->2861K(4352K) Class: 305K(512K)->305K(512K)
[2026-06-17T09:54:26.641+0800][42.889s][info][gc             ] GC(1146) Pause Young (Allocation Failure) 46M->36M(61M) 4.900ms
[2026-06-17T09:54:26.642+0800][42.890s][info][gc,cpu         ] GC(1146) User=0.01s Sys=0.00s Real=0.00s
[2026-06-17T09:54:26.643+0800][42.891s][info][gc,start       ] GC(1147) Pause Initial Mark
[2026-06-17T09:54:26.644+0800][42.892s][info][gc             ] GC(1147) Pause Initial Mark 37M->37M(61M) 0.906ms
[2026-06-17T09:54:26.644+0800][42.892s][info][gc,cpu         ] GC(1147) User=0.00s Sys=0.00s Real=0.00s
[2026-06-17T09:54:26.645+0800][42.893s][info][gc             ] GC(1147) Concurrent Mark
[2026-06-17T09:54:26.645+0800][42.894s][info][gc,task        ] GC(1147) Using 2 workers of 5 for marking
[2026-06-17T09:54:26.647+0800][42.896s][info][gc             ] GC(1147) Concurrent Mark 2.557ms
[2026-06-17T09:54:26.648+0800][42.896s][info][gc,cpu         ] GC(1147) User=0.00s Sys=0.00s Real=0.00s
[2026-06-17T09:54:26.648+0800][42.897s][info][gc             ] GC(1147) Concurrent Preclean
[2026-06-17T09:54:26.649+0800][42.897s][info][gc             ] GC(1147) Concurrent Preclean 0.399ms
[2026-06-17T09:54:26.649+0800][42.897s][info][gc,cpu         ] GC(1147) User=0.00s Sys=0.00s Real=0.00s
[2026-06-17T09:54:26.649+0800][42.898s][info][gc,start       ] GC(1147) Pause Remark
[2026-06-17T09:54:26.650+0800][42.898s][info][gc             ] GC(1147) Pause Remark 37M->37M(61M) 0.834ms
[2026-06-17T09:54:26.651+0800][42.899s][info][gc,cpu         ] GC(1147) User=0.00s Sys=0.00s Real=0.01s
[2026-06-17T09:54:26.651+0800][42.899s][info][gc             ] GC(1147) Concurrent Sweep
[2026-06-17T09:54:26.652+0800][42.900s][info][gc             ] GC(1147) Concurrent Sweep 0.468ms
[2026-06-17T09:54:26.652+0800][42.900s][info][gc,cpu         ] GC(1147) User=0.00s Sys=0.00s Real=0.00s
[2026-06-17T09:54:26.652+0800][42.900s][info][gc             ] GC(1147) Concurrent Reset
[2026-06-17T09:54:26.652+0800][42.901s][info][gc             ] GC(1147) Concurrent Reset 0.237ms
[2026-06-17T09:54:26.653+0800][42.901s][info][gc,cpu         ] GC(1147) User=0.00s Sys=0.00s Real=0.00s
[2026-06-17T09:54:26.653+0800][42.901s][info][gc,heap        ] GC(1147) Old: 35195K->31964K(43712K)
[2026-06-17T09:54:26.686+0800][42.934s][info][gc,start       ] GC(1148) Pause Young (Allocation Failure)
[2026-06-17T09:54:26.687+0800][42.935s][info][gc,task        ] GC(1148) Using 2 workers of 18 for evacuation
[2026-06-17T09:54:26.689+0800][42.937s][info][gc,heap        ] GC(1148) ParNew: 19361K->1864K(19648K)
[2026-06-17T09:54:26.690+0800][42.938s][info][gc,heap        ] GC(1148) CMS: 31964K->33962K(43712K)
[2026-06-17T09:54:26.690+0800][42.938s][info][gc,metaspace   ] GC(1148) Metaspace: 3166K(4864K)->3166K(4864K) NonClass: 2861K(4352K)->2861K(4352K) Class: 305K(512K)->305K(512K)
[2026-06-17T09:54:26.691+0800][42.939s][info][gc             ] GC(1148) Pause Young (Allocation Failure) 50M->34M(61M) 5.006ms
[2026-06-17T09:54:26.692+0800][42.940s][info][gc,cpu         ] GC(1148) User=0.01s Sys=0.00s Real=0.01s
[2026-06-17T09:54:26.737+0800][42.985s][info][gc,start       ] GC(1149) Pause Young (Allocation Failure)
[2026-06-17T09:54:26.738+0800][42.986s][info][gc,task        ] GC(1149) Using 2 workers of 18 for evacuation
[2026-06-17T09:54:26.741+0800][42.989s][info][gc,heap        ] GC(1149) ParNew: 19308K->2175K(19648K)
[2026-06-17T09:54:26.741+0800][42.989s][info][gc,heap        ] GC(1149) CMS: 33962K->40572K(43712K)
[2026-06-17T09:54:26.742+0800][42.990s][info][gc,metaspace   ] GC(1149) Metaspace: 3166K(4864K)->3166K(4864K) NonClass: 2861K(4352K)->2861K(4352K) Class: 305K(512K)->305K(512K)
[2026-06-17T09:54:26.743+0800][42.991s][info][gc             ] GC(1149) Pause Young (Allocation Failure) 52M->41M(61M) 5.976ms
[2026-06-17T09:54:26.743+0800][42.991s][info][gc,cpu         ] GC(1149) User=0.00s Sys=0.00s Real=0.01s
[2026-06-17T09:54:26.744+0800][42.993s][info][gc,start       ] GC(1150) Pause Initial Mark
[2026-06-17T09:54:26.745+0800][42.994s][info][gc             ] GC(1150) Pause Initial Mark 42M->42M(61M) 0.987ms
[2026-06-17T09:54:26.746+0800][42.994s][info][gc,cpu         ] GC(1150) User=0.00s Sys=0.00s Real=0.00s
[2026-06-17T09:54:26.747+0800][42.995s][info][gc             ] GC(1150) Concurrent Mark
[2026-06-17T09:54:26.747+0800][42.996s][info][gc,task        ] GC(1150) Using 2 workers of 5 for marking
[2026-06-17T09:54:26.750+0800][42.998s][info][gc             ] GC(1150) Concurrent Mark 3.032ms
[2026-06-17T09:54:26.750+0800][42.998s][info][gc,cpu         ] GC(1150) User=0.01s Sys=0.00s Real=0.00s
[2026-06-17T09:54:26.751+0800][42.999s][info][gc             ] GC(1150) Concurrent Preclean
[2026-06-17T09:54:26.751+0800][42.999s][info][gc             ] GC(1150) Concurrent Preclean 0.541ms
[2026-06-17T09:54:26.752+0800][43.000s][info][gc,cpu         ] GC(1150) User=0.00s Sys=0.00s Real=0.00s
[2026-06-17T09:54:26.752+0800][43.000s][info][gc,start       ] GC(1150) Pause Remark
[2026-06-17T09:54:26.753+0800][43.001s][info][gc             ] GC(1150) Pause Remark 42M->42M(61M) 0.904ms
[2026-06-17T09:54:26.753+0800][43.001s][info][gc,cpu         ] GC(1150) User=0.00s Sys=0.00s Real=0.00s
[2026-06-17T09:54:26.753+0800][43.002s][info][gc             ] GC(1150) Concurrent Sweep
[2026-06-17T09:54:26.754+0800][43.002s][info][gc             ] GC(1150) Concurrent Sweep 0.470ms
[2026-06-17T09:54:26.754+0800][43.002s][info][gc,cpu         ] GC(1150) User=0.00s Sys=0.00s Real=0.00s
[2026-06-17T09:54:26.754+0800][43.003s][info][gc             ] GC(1150) Concurrent Reset
[2026-06-17T09:54:26.755+0800][43.003s][info][gc             ] GC(1150) Concurrent Reset 0.359ms
[2026-06-17T09:54:26.755+0800][43.003s][info][gc,cpu         ] GC(1150) User=0.00s Sys=0.00s Real=0.00s
[2026-06-17T09:54:26.755+0800][43.003s][info][gc,heap        ] GC(1150) Old: 40572K->27351K(43712K)
[2026-06-17T09:54:26.798+0800][43.046s][info][gc,start       ] GC(1151) Pause Young (Allocation Failure)
[2026-06-17T09:54:26.799+0800][43.048s][info][gc,task        ] GC(1151) Using 2 workers of 18 for evacuation
[2026-06-17T09:54:26.801+0800][43.049s][info][gc,heap        ] GC(1151) ParNew: 19640K->2117K(19648K)
[2026-06-17T09:54:26.802+0800][43.050s][info][gc,heap        ] GC(1151) CMS: 27351K->28870K(43712K)
[2026-06-17T09:54:26.802+0800][43.050s][info][gc,metaspace   ] GC(1151) Metaspace: 3166K(4864K)->3166K(4864K) NonClass: 2861K(4352K)->2861K(4352K) Class: 305K(512K)->305K(512K)
[2026-06-17T09:54:26.803+0800][43.051s][info][gc             ] GC(1151) Pause Young (Allocation Failure) 45M->30M(61M) 4.803ms
[2026-06-17T09:54:26.803+0800][43.051s][info][gc,cpu         ] GC(1151) User=0.00s Sys=0.00s Real=0.01s
[2026-06-17T09:54:26.838+0800][43.086s][info][gc,start       ] GC(1152) Pause Young (Allocation Failure)
[2026-06-17T09:54:26.839+0800][43.087s][info][gc,task        ] GC(1152) Using 2 workers of 18 for evacuation
[2026-06-17T09:54:26.841+0800][43.089s][info][gc,heap        ] GC(1152) ParNew: 19558K->2091K(19648K)
[2026-06-17T09:54:26.841+0800][43.090s][info][gc,heap        ] GC(1152) CMS: 28870K->32057K(43712K)
[2026-06-17T09:54:26.842+0800][43.090s][info][gc,metaspace   ] GC(1152) Metaspace: 3166K(4864K)->3166K(4864K) NonClass: 2861K(4352K)->2861K(4352K) Class: 305K(512K)->305K(512K)
[2026-06-17T09:54:26.843+0800][43.091s][info][gc             ] GC(1152) Pause Young (Allocation Failure) 47M->33M(61M) 5.090ms
[2026-06-17T09:54:26.843+0800][43.092s][info][gc,cpu         ] GC(1152) User=0.00s Sys=0.00s Real=0.01s
[2026-06-17T09:54:26.899+0800][43.147s][info][gc,start       ] GC(1153) Pause Young (Allocation Failure)
[2026-06-17T09:54:26.900+0800][43.149s][info][gc,task        ] GC(1153) Using 2 workers of 18 for evacuation
[2026-06-17T09:54:26.903+0800][43.151s][info][gc,heap        ] GC(1153) ParNew: 19561K->2167K(19648K)
[2026-06-17T09:54:26.903+0800][43.151s][info][gc,heap        ] GC(1153) CMS: 32057K->36018K(43712K)
[2026-06-17T09:54:26.904+0800][43.152s][info][gc,metaspace   ] GC(1153) Metaspace: 3166K(4864K)->3166K(4864K) NonClass: 2861K(4352K)->2861K(4352K) Class: 305K(512K)->305K(512K)
[2026-06-17T09:54:26.904+0800][43.152s][info][gc             ] GC(1153) Pause Young (Allocation Failure) 50M->37M(61M) 5.545ms
[2026-06-17T09:54:26.905+0800][43.153s][info][gc,cpu         ] GC(1153) User=0.00s Sys=0.00s Real=0.01s
[2026-06-17T09:54:26.906+0800][43.154s][info][gc,start       ] GC(1154) Pause Initial Mark
[2026-06-17T09:54:26.907+0800][43.155s][info][gc             ] GC(1154) Pause Initial Mark 39M->39M(61M) 0.816ms
[2026-06-17T09:54:26.907+0800][43.155s][info][gc,cpu         ] GC(1154) User=0.00s Sys=0.00s Real=0.00s
[2026-06-17T09:54:26.908+0800][43.156s][info][gc             ] GC(1154) Concurrent Mark
[2026-06-17T09:54:26.908+0800][43.157s][info][gc,task        ] GC(1154) Using 2 workers of 5 for marking
[2026-06-17T09:54:26.910+0800][43.158s][info][gc             ] GC(1154) Concurrent Mark 2.029ms
[2026-06-17T09:54:26.911+0800][43.159s][info][gc,cpu         ] GC(1154) User=0.00s Sys=0.00s Real=0.01s
[2026-06-17T09:54:26.911+0800][43.159s][info][gc             ] GC(1154) Concurrent Preclean
[2026-06-17T09:54:26.911+0800][43.160s][info][gc             ] GC(1154) Concurrent Preclean 0.327ms
[2026-06-17T09:54:26.912+0800][43.160s][info][gc,cpu         ] GC(1154) User=0.00s Sys=0.00s Real=0.00s
[2026-06-17T09:54:26.912+0800][43.160s][info][gc             ] GC(1154) Concurrent Abortable Preclean
[2026-06-17T09:54:26.951+0800][43.199s][info][gc,start       ] GC(1155) Pause Young (Allocation Failure)
[2026-06-17T09:54:26.952+0800][43.200s][info][gc,task        ] GC(1155) Using 2 workers of 18 for evacuation
[2026-06-17T09:54:26.954+0800][43.202s][info][gc,heap        ] GC(1155) ParNew: 19496K->2098K(19648K)
[2026-06-17T09:54:26.954+0800][43.202s][info][gc,heap        ] GC(1155) CMS: 36018K->37085K(43712K)
[2026-06-17T09:54:26.955+0800][43.203s][info][gc,metaspace   ] GC(1155) Metaspace: 3166K(4864K)->3166K(4864K) NonClass: 2861K(4352K)->2861K(4352K) Class: 305K(512K)->305K(512K)
[2026-06-17T09:54:26.955+0800][43.203s][info][gc             ] GC(1155) Pause Young (Allocation Failure) 54M->38M(61M) 3.984ms
[2026-06-17T09:54:26.956+0800][43.204s][info][gc,cpu         ] GC(1155) User=0.00s Sys=0.00s Real=0.00s
[2026-06-17T09:54:27.010+0800][43.258s][info][gc,start       ] GC(1156) Pause Young (Allocation Failure)
[2026-06-17T09:54:27.011+0800][43.259s][info][gc,task        ] GC(1156) Using 2 workers of 18 for evacuation
[2026-06-17T09:54:27.013+0800][43.261s][info][gc,heap        ] GC(1156) ParNew: 19549K->2061K(19648K)
[2026-06-17T09:54:27.016+0800][43.264s][info][gc,heap        ] GC(1156) CMS: 37085K->41101K(43712K)
[2026-06-17T09:54:27.018+0800][43.266s][info][gc,metaspace   ] GC(1156) Metaspace: 3166K(4864K)->3166K(4864K) NonClass: 2861K(4352K)->2861K(4352K) Class: 305K(512K)->305K(512K)
[2026-06-17T09:54:27.020+0800][43.268s][info][gc             ] GC(1156) Pause Young (Allocation Failure) 55M->42M(61M) 9.536ms
[2026-06-17T09:54:27.022+0800][43.270s][info][gc,cpu         ] GC(1156) User=0.00s Sys=0.00s Real=0.01s
[2026-06-17T09:54:27.067+0800][43.315s][info][gc,start       ] GC(1157) Pause Young (Allocation Failure)
[2026-06-17T09:54:27.068+0800][43.316s][info][gc,task        ] GC(1157) Using 2 workers of 18 for evacuation
[2026-06-17T09:54:27.071+0800][43.319s][info][gc,start       ] GC(1158) Pause Full (Allocation Failure)
[2026-06-17T09:54:27.074+0800][43.322s][info][gc             ] GC(1154) Concurrent Abortable Preclean 162.011ms
[2026-06-17T09:54:27.076+0800][43.325s][info][gc,cpu         ] GC(1154) User=0.01s Sys=0.01s Real=0.16s
[2026-06-17T09:54:27.080+0800][43.329s][info][gc,phases,start] GC(1158) Phase 1: Mark live objects
[2026-06-17T09:54:27.084+0800][43.333s][info][gc,phases      ] GC(1158) Phase 1: Mark live objects 4.127ms
[2026-06-17T09:54:27.086+0800][43.334s][info][gc,phases,start] GC(1158) Phase 2: Compute new object addresses
[2026-06-17T09:54:27.091+0800][43.339s][info][gc,phases      ] GC(1158) Phase 2: Compute new object addresses 4.318ms
[2026-06-17T09:54:27.092+0800][43.340s][info][gc,phases,start] GC(1158) Phase 3: Adjust pointers
[2026-06-17T09:54:27.095+0800][43.343s][info][gc,phases      ] GC(1158) Phase 3: Adjust pointers 3.204ms
[2026-06-17T09:54:27.097+0800][43.345s][info][gc,phases,start] GC(1158) Phase 4: Move objects
[2026-06-17T09:54:27.102+0800][43.350s][info][gc,phases      ] GC(1158) Phase 4: Move objects 5.386ms
[2026-06-17T09:54:27.104+0800][43.352s][info][gc             ] GC(1158) Pause Full (Allocation Failure) 59M->28M(61M) 33.112ms
[2026-06-17T09:54:27.106+0800][43.354s][info][gc,heap        ] GC(1157) ParNew: 19533K->0K(19648K)
[2026-06-17T09:54:27.107+0800][43.355s][info][gc,heap        ] GC(1157) CMS: 41101K->29095K(43712K)
[2026-06-17T09:54:27.108+0800][43.356s][info][gc,metaspace   ] GC(1157) Metaspace: 3166K(4864K)->3166K(4864K) NonClass: 2861K(4352K)->2861K(4352K) Class: 305K(512K)->305K(512K)
[2026-06-17T09:54:27.110+0800][43.358s][info][gc             ] GC(1157) Pause Young (Allocation Failure) 59M->28M(61M) 43.319ms
[2026-06-17T09:54:27.112+0800][43.360s][info][gc,cpu         ] GC(1157) User=0.01s Sys=0.00s Real=0.05s
[2026-06-17T09:54:27.155+0800][43.404s][info][gc,start       ] GC(1159) Pause Young (Allocation Failure)
[2026-06-17T09:54:27.156+0800][43.404s][info][gc,task        ] GC(1159) Using 2 workers of 18 for evacuation
[2026-06-17T09:54:27.158+0800][43.406s][info][gc,heap        ] GC(1159) ParNew: 17472K->2167K(19648K)
[2026-06-17T09:54:27.158+0800][43.406s][info][gc,heap        ] GC(1159) CMS: 29095K->34194K(43712K)
[2026-06-17T09:54:27.159+0800][43.407s][info][gc,metaspace   ] GC(1159) Metaspace: 3166K(4864K)->3166K(4864K) NonClass: 2861K(4352K)->2861K(4352K) Class: 305K(512K)->305K(512K)
[2026-06-17T09:54:27.160+0800][43.408s][info][gc             ] GC(1159) Pause Young (Allocation Failure) 45M->35M(61M) 4.212ms
[2026-06-17T09:54:27.161+0800][43.409s][info][gc,cpu         ] GC(1159) User=0.00s Sys=0.00s Real=0.00s
[2026-06-17T09:54:27.162+0800][43.410s][info][gc,start       ] GC(1160) Pause Initial Mark
[2026-06-17T09:54:27.163+0800][43.411s][info][gc             ] GC(1160) Pause Initial Mark 36M->36M(61M) 1.085ms
[2026-06-17T09:54:27.164+0800][43.412s][info][gc,cpu         ] GC(1160) User=0.00s Sys=0.00s Real=0.01s
[2026-06-17T09:54:27.165+0800][43.413s][info][gc             ] GC(1160) Concurrent Mark
[2026-06-17T09:54:27.165+0800][43.413s][info][gc,task        ] GC(1160) Using 2 workers of 5 for marking
[2026-06-17T09:54:27.166+0800][43.414s][info][gc             ] GC(1160) Concurrent Mark 1.683ms
[2026-06-17T09:54:27.167+0800][43.415s][info][gc,cpu         ] GC(1160) User=0.00s Sys=0.00s Real=0.00s
[2026-06-17T09:54:27.167+0800][43.416s][info][gc             ] GC(1160) Concurrent Preclean
[2026-06-17T09:54:27.168+0800][43.416s][info][gc             ] GC(1160) Concurrent Preclean 0.731ms
[2026-06-17T09:54:27.169+0800][43.417s][info][gc,cpu         ] GC(1160) User=0.00s Sys=0.00s Real=0.00s
[2026-06-17T09:54:27.169+0800][43.417s][info][gc             ] GC(1160) Concurrent Abortable Preclean
[2026-06-17T09:54:27.207+0800][43.455s][info][gc,start       ] GC(1161) Pause Young (Allocation Failure)
[2026-06-17T09:54:27.207+0800][43.455s][info][gc,task        ] GC(1161) Using 2 workers of 18 for evacuation
[2026-06-17T09:54:27.208+0800][43.456s][info][gc,heap        ] GC(1161) ParNew: 19627K->2168K(19648K)
[2026-06-17T09:54:27.210+0800][43.458s][info][gc,heap        ] GC(1161) CMS: 34194K->38794K(43712K)
[2026-06-17T09:54:27.211+0800][43.459s][info][gc,metaspace   ] GC(1161) Metaspace: 3166K(4864K)->3166K(4864K) NonClass: 2861K(4352K)->2861K(4352K) Class: 305K(512K)->305K(512K)
[2026-06-17T09:54:27.211+0800][43.459s][info][gc             ] GC(1161) Pause Young (Allocation Failure) 52M->40M(61M) 4.407ms
[2026-06-17T09:54:27.212+0800][43.460s][info][gc,cpu         ] GC(1161) User=0.00s Sys=0.00s Real=0.01s
[2026-06-17T09:54:27.254+0800][43.502s][info][gc,start       ] GC(1162) Pause Young (Allocation Failure)
[2026-06-17T09:54:27.257+0800][43.505s][info][gc,task        ] GC(1162) Using 2 workers of 18 for evacuation
[2026-06-17T09:54:27.261+0800][43.509s][info][gc,start       ] GC(1163) Pause Full (Allocation Failure)
[2026-06-17T09:54:27.264+0800][43.513s][info][gc             ] GC(1160) Concurrent Abortable Preclean 95.387ms
[2026-06-17T09:54:27.267+0800][43.515s][info][gc,cpu         ] GC(1160) User=0.01s Sys=0.00s Real=0.10s
[2026-06-17T09:54:27.274+0800][43.522s][info][gc,phases,start] GC(1163) Phase 1: Mark live objects
[2026-06-17T09:54:27.274+0800][43.523s][info][gc,phases      ] GC(1163) Phase 1: Mark live objects 0.835ms
[2026-06-17T09:54:27.278+0800][43.526s][info][gc,phases,start] GC(1163) Phase 2: Compute new object addresses
[2026-06-17T09:54:27.279+0800][43.527s][info][gc,phases      ] GC(1163) Phase 2: Compute new object addresses 0.815ms
[2026-06-17T09:54:27.284+0800][43.532s][info][gc,phases,start] GC(1163) Phase 3: Adjust pointers
[2026-06-17T09:54:27.286+0800][43.534s][info][gc,phases      ] GC(1163) Phase 3: Adjust pointers 2.298ms
[2026-06-17T09:54:27.289+0800][43.537s][info][gc,phases,start] GC(1163) Phase 4: Move objects
[2026-06-17T09:54:27.294+0800][43.542s][info][gc,phases      ] GC(1163) Phase 4: Move objects 4.917ms
[2026-06-17T09:54:27.295+0800][43.543s][info][gc             ] GC(1163) Pause Full (Allocation Failure) 56M->26M(61M) 33.397ms
[2026-06-17T09:54:27.296+0800][43.544s][info][gc,heap        ] GC(1162) ParNew: 19542K->0K(19648K)
[2026-06-17T09:54:27.297+0800][43.545s][info][gc,heap        ] GC(1162) CMS: 38794K->27597K(43712K)
[2026-06-17T09:54:27.298+0800][43.546s][info][gc,metaspace   ] GC(1162) Metaspace: 3166K(4864K)->3166K(4864K) NonClass: 2861K(4352K)->2861K(4352K) Class: 305K(512K)->305K(512K)
[2026-06-17T09:54:27.300+0800][43.548s][info][gc             ] GC(1162) Pause Young (Allocation Failure) 56M->26M(61M) 46.229ms
[2026-06-17T09:54:27.301+0800][43.549s][info][gc,cpu         ] GC(1162) User=0.00s Sys=0.00s Real=0.04s
[2026-06-17T09:54:27.356+0800][43.604s][info][gc,start       ] GC(1164) Pause Young (Allocation Failure)
[2026-06-17T09:54:27.359+0800][43.607s][info][gc,task        ] GC(1164) Using 2 workers of 18 for evacuation
[2026-06-17T09:54:27.361+0800][43.609s][info][gc,heap        ] GC(1164) ParNew: 17456K->2061K(19648K)
[2026-06-17T09:54:27.361+0800][43.610s][info][gc,heap        ] GC(1164) CMS: 27597K->29622K(43712K)
[2026-06-17T09:54:27.362+0800][43.610s][info][gc,metaspace   ] GC(1164) Metaspace: 3166K(4864K)->3166K(4864K) NonClass: 2861K(4352K)->2861K(4352K) Class: 305K(512K)->305K(512K)
[2026-06-17T09:54:27.363+0800][43.611s][info][gc             ] GC(1164) Pause Young (Allocation Failure) 43M->30M(61M) 7.212ms
[2026-06-17T09:54:27.363+0800][43.611s][info][gc,cpu         ] GC(1164) User=0.00s Sys=0.00s Real=0.01s
[2026-06-17T09:54:27.405+0800][43.654s][info][gc,start       ] GC(1165) Pause Young (Allocation Failure)
[2026-06-17T09:54:27.410+0800][43.658s][info][gc,task        ] GC(1165) Using 2 workers of 18 for evacuation
[2026-06-17T09:54:27.415+0800][43.663s][info][gc,heap        ] GC(1165) ParNew: 19514K->2175K(19648K)
[2026-06-17T09:54:27.418+0800][43.666s][info][gc,heap        ] GC(1165) CMS: 29622K->32654K(43712K)
[2026-06-17T09:54:27.419+0800][43.668s][info][gc,metaspace   ] GC(1165) Metaspace: 3166K(4864K)->3166K(4864K) NonClass: 2861K(4352K)->2861K(4352K) Class: 305K(512K)->305K(512K)
[2026-06-17T09:54:27.420+0800][43.668s][info][gc             ] GC(1165) Pause Young (Allocation Failure) 47M->34M(61M) 14.400ms
[2026-06-17T09:54:27.420+0800][43.668s][info][gc,cpu         ] GC(1165) User=0.01s Sys=0.00s Real=0.01s
[2026-06-17T09:54:27.462+0800][43.710s][info][gc,start       ] GC(1166) Pause Young (Allocation Failure)
[2026-06-17T09:54:27.464+0800][43.712s][info][gc,task        ] GC(1166) Using 2 workers of 18 for evacuation
[2026-06-17T09:54:27.465+0800][43.713s][info][gc,heap        ] GC(1166) ParNew: 19643K->2173K(19648K)
[2026-06-17T09:54:27.467+0800][43.716s][info][gc,heap        ] GC(1166) CMS: 32654K->37553K(43712K)
[2026-06-17T09:54:27.468+0800][43.716s][info][gc,metaspace   ] GC(1166) Metaspace: 3166K(4864K)->3166K(4864K) NonClass: 2861K(4352K)->2861K(4352K) Class: 305K(512K)->305K(512K)
[2026-06-17T09:54:27.470+0800][43.718s][info][gc             ] GC(1166) Pause Young (Allocation Failure) 51M->38M(61M) 7.790ms
[2026-06-17T09:54:27.471+0800][43.719s][info][gc,cpu         ] GC(1166) User=0.00s Sys=0.00s Real=0.02s
[2026-06-17T09:54:27.471+0800][43.720s][info][gc,start       ] GC(1167) Pause Initial Mark
[2026-06-17T09:54:27.472+0800][43.720s][info][gc             ] GC(1167) Pause Initial Mark 39M->39M(61M) 0.451ms
[2026-06-17T09:54:27.472+0800][43.720s][info][gc,cpu         ] GC(1167) User=0.00s Sys=0.00s Real=0.00s
[2026-06-17T09:54:27.472+0800][43.721s][info][gc             ] GC(1167) Concurrent Mark
[2026-06-17T09:54:27.475+0800][43.723s][info][gc,task        ] GC(1167) Using 2 workers of 5 for marking
[2026-06-17T09:54:27.476+0800][43.724s][info][gc             ] GC(1167) Concurrent Mark 3.178ms
[2026-06-17T09:54:27.478+0800][43.726s][info][gc,cpu         ] GC(1167) User=0.00s Sys=0.00s Real=0.00s
[2026-06-17T09:54:27.480+0800][43.728s][info][gc             ] GC(1167) Concurrent Preclean
[2026-06-17T09:54:27.482+0800][43.730s][info][gc             ] GC(1167) Concurrent Preclean 1.757ms
[2026-06-17T09:54:27.485+0800][43.733s][info][gc,cpu         ] GC(1167) User=0.00s Sys=0.00s Real=0.01s
[2026-06-17T09:54:27.485+0800][43.733s][info][gc             ] GC(1167) Concurrent Abortable Preclean
[2026-06-17T09:54:27.486+0800][43.734s][info][gc             ] GC(1167) Concurrent Abortable Preclean 0.382ms
[2026-06-17T09:54:27.487+0800][43.735s][info][gc,cpu         ] GC(1167) User=0.00s Sys=0.00s Real=0.00s
[2026-06-17T09:54:27.488+0800][43.736s][info][gc,start       ] GC(1167) Pause Remark
[2026-06-17T09:54:27.490+0800][43.738s][info][gc             ] GC(1167) Pause Remark 43M->43M(61M) 1.775ms
[2026-06-17T09:54:27.492+0800][43.740s][info][gc,cpu         ] GC(1167) User=0.00s Sys=0.00s Real=0.01s
[2026-06-17T09:54:27.494+0800][43.742s][info][gc             ] GC(1167) Concurrent Sweep
[2026-06-17T09:54:27.494+0800][43.743s][info][gc             ] GC(1167) Concurrent Sweep 0.654ms
[2026-06-17T09:54:27.496+0800][43.744s][info][gc,cpu         ] GC(1167) User=0.00s Sys=0.00s Real=0.00s
[2026-06-17T09:54:27.497+0800][43.745s][info][gc             ] GC(1167) Concurrent Reset
[2026-06-17T09:54:27.498+0800][43.746s][info][gc             ] GC(1167) Concurrent Reset 1.576ms
[2026-06-17T09:54:27.500+0800][43.748s][info][gc,cpu         ] GC(1167) User=0.00s Sys=0.00s Real=0.00s
[2026-06-17T09:54:27.504+0800][43.752s][info][gc,heap        ] GC(1167) Old: 37553K->27362K(43712K)
[2026-06-17T09:54:27.515+0800][43.763s][info][gc,start       ] GC(1168) Pause Young (Allocation Failure)
[2026-06-17T09:54:27.517+0800][43.766s][info][gc,task        ] GC(1168) Using 2 workers of 18 for evacuation
[2026-06-17T09:54:27.520+0800][43.768s][info][gc,heap        ] GC(1168) ParNew: 19643K->2174K(19648K)
[2026-06-17T09:54:27.521+0800][43.770s][info][gc,heap        ] GC(1168) CMS: 27362K->31496K(43712K)
[2026-06-17T09:54:27.522+0800][43.770s][info][gc,metaspace   ] GC(1168) Metaspace: 3166K(4864K)->3166K(4864K) NonClass: 2861K(4352K)->2861K(4352K) Class: 305K(512K)->305K(512K)
[2026-06-17T09:54:27.524+0800][43.772s][info][gc             ] GC(1168) Pause Young (Allocation Failure) 45M->32M(61M) 8.543ms
[2026-06-17T09:54:27.525+0800][43.773s][info][gc,cpu         ] GC(1168) User=0.00s Sys=0.00s Real=0.01s
[2026-06-17T09:54:27.568+0800][43.816s][info][gc,start       ] GC(1169) Pause Young (Allocation Failure)
[2026-06-17T09:54:27.568+0800][43.816s][info][gc,task        ] GC(1169) Using 2 workers of 18 for evacuation
[2026-06-17T09:54:27.569+0800][43.817s][info][gc,heap        ] GC(1169) ParNew: 19646K->2083K(19648K)
[2026-06-17T09:54:27.570+0800][43.818s][info][gc,heap        ] GC(1169) CMS: 31496K->33808K(43712K)
[2026-06-17T09:54:27.570+0800][43.818s][info][gc,metaspace   ] GC(1169) Metaspace: 3166K(4864K)->3166K(4864K) NonClass: 2861K(4352K)->2861K(4352K) Class: 305K(512K)->305K(512K)
[2026-06-17T09:54:27.570+0800][43.818s][info][gc             ] GC(1169) Pause Young (Allocation Failure) 49M->35M(61M) 2.488ms
[2026-06-17T09:54:27.571+0800][43.819s][info][gc,cpu         ] GC(1169) User=0.00s Sys=0.00s Real=0.01s
[2026-06-17T09:54:27.571+0800][43.819s][info][gc,start       ] GC(1170) Pause Initial Mark
[2026-06-17T09:54:27.571+0800][43.820s][info][gc             ] GC(1170) Pause Initial Mark 36M->36M(61M) 0.425ms
[2026-06-17T09:54:27.572+0800][43.820s][info][gc,cpu         ] GC(1170) User=0.00s Sys=0.00s Real=0.00s
[2026-06-17T09:54:27.572+0800][43.820s][info][gc             ] GC(1170) Concurrent Mark
[2026-06-17T09:54:27.572+0800][43.821s][info][gc,task        ] GC(1170) Using 2 workers of 5 for marking
[2026-06-17T09:54:27.573+0800][43.821s][info][gc             ] GC(1170) Concurrent Mark 1.112ms
[2026-06-17T09:54:27.574+0800][43.822s][info][gc,cpu         ] GC(1170) User=0.01s Sys=0.00s Real=0.00s
[2026-06-17T09:54:27.574+0800][43.822s][info][gc             ] GC(1170) Concurrent Preclean
[2026-06-17T09:54:27.574+0800][43.822s][info][gc             ] GC(1170) Concurrent Preclean 0.171ms
[2026-06-17T09:54:27.574+0800][43.822s][info][gc,cpu         ] GC(1170) User=0.00s Sys=0.00s Real=0.00s
[2026-06-17T09:54:27.575+0800][43.823s][info][gc,start       ] GC(1170) Pause Remark
[2026-06-17T09:54:27.575+0800][43.824s][info][gc             ] GC(1170) Pause Remark 36M->36M(61M) 0.787ms
[2026-06-17T09:54:27.576+0800][43.824s][info][gc,cpu         ] GC(1170) User=0.00s Sys=0.00s Real=0.00s
[2026-06-17T09:54:27.576+0800][43.824s][info][gc             ] GC(1170) Concurrent Sweep
[2026-06-17T09:54:27.576+0800][43.825s][info][gc             ] GC(1170) Concurrent Sweep 0.427ms
[2026-06-17T09:54:27.577+0800][43.825s][info][gc,cpu         ] GC(1170) User=0.00s Sys=0.00s Real=0.00s
[2026-06-17T09:54:27.577+0800][43.825s][info][gc             ] GC(1170) Concurrent Reset
[2026-06-17T09:54:27.577+0800][43.825s][info][gc             ] GC(1170) Concurrent Reset 0.126ms
[2026-06-17T09:54:27.577+0800][43.825s][info][gc,cpu         ] GC(1170) User=0.00s Sys=0.00s Real=0.00s
[2026-06-17T09:54:27.577+0800][43.825s][info][gc,heap        ] GC(1170) Old: 33808K->21037K(43712K)
[2026-06-17T09:54:27.614+0800][43.862s][info][gc,start       ] GC(1171) Pause Young (Allocation Failure)
[2026-06-17T09:54:27.614+0800][43.862s][info][gc,task        ] GC(1171) Using 2 workers of 18 for evacuation
[2026-06-17T09:54:27.615+0800][43.863s][info][gc,heap        ] GC(1171) ParNew: 19555K->2174K(19648K)
[2026-06-17T09:54:27.616+0800][43.864s][info][gc,heap        ] GC(1171) CMS: 21037K->27773K(43712K)
[2026-06-17T09:54:27.616+0800][43.864s][info][gc,metaspace   ] GC(1171) Metaspace: 3166K(4864K)->3166K(4864K) NonClass: 2861K(4352K)->2861K(4352K) Class: 305K(512K)->305K(512K)
[2026-06-17T09:54:27.616+0800][43.864s][info][gc             ] GC(1171) Pause Young (Allocation Failure) 39M->29M(61M) 2.035ms
[2026-06-17T09:54:27.616+0800][43.864s][info][gc,cpu         ] GC(1171) User=0.00s Sys=0.00s Real=0.00s
[2026-06-17T09:54:27.669+0800][43.917s][info][gc,start       ] GC(1172) Pause Young (Allocation Failure)
[2026-06-17T09:54:27.670+0800][43.918s][info][gc,task        ] GC(1172) Using 2 workers of 18 for evacuation
[2026-06-17T09:54:27.671+0800][43.920s][info][gc,heap        ] GC(1172) ParNew: 19626K->2175K(19648K)
[2026-06-17T09:54:27.672+0800][43.920s][info][gc,heap        ] GC(1172) CMS: 27773K->30415K(43712K)
[2026-06-17T09:54:27.673+0800][43.921s][info][gc,metaspace   ] GC(1172) Metaspace: 3166K(4864K)->3166K(4864K) NonClass: 2861K(4352K)->2861K(4352K) Class: 305K(512K)->305K(512K)
[2026-06-17T09:54:27.674+0800][43.922s][info][gc             ] GC(1172) Pause Young (Allocation Failure) 46M->31M(61M) 4.664ms
[2026-06-17T09:54:27.674+0800][43.922s][info][gc,cpu         ] GC(1172) User=0.00s Sys=0.00s Real=0.01s
[2026-06-17T09:54:27.719+0800][43.967s][info][gc,start       ] GC(1173) Pause Young (Allocation Failure)
[2026-06-17T09:54:27.720+0800][43.968s][info][gc,task        ] GC(1173) Using 2 workers of 18 for evacuation
[2026-06-17T09:54:27.722+0800][43.970s][info][gc,heap        ] GC(1173) ParNew: 19647K->2167K(19648K)
[2026-06-17T09:54:27.723+0800][43.971s][info][gc,heap        ] GC(1173) CMS: 30415K->34844K(43712K)
[2026-06-17T09:54:27.723+0800][43.971s][info][gc,metaspace   ] GC(1173) Metaspace: 3166K(4864K)->3166K(4864K) NonClass: 2861K(4352K)->2861K(4352K) Class: 305K(512K)->305K(512K)
[2026-06-17T09:54:27.724+0800][43.972s][info][gc             ] GC(1173) Pause Young (Allocation Failure) 48M->36M(61M) 5.238ms
[2026-06-17T09:54:27.724+0800][43.972s][info][gc,cpu         ] GC(1173) User=0.00s Sys=0.00s Real=0.01s
[2026-06-17T09:54:27.725+0800][43.973s][info][gc,start       ] GC(1174) Pause Initial Mark
[2026-06-17T09:54:27.726+0800][43.974s][info][gc             ] GC(1174) Pause Initial Mark 37M->37M(61M) 0.804ms
[2026-06-17T09:54:27.727+0800][43.975s][info][gc,cpu         ] GC(1174) User=0.00s Sys=0.00s Real=0.00s
[2026-06-17T09:54:27.727+0800][43.975s][info][gc             ] GC(1174) Concurrent Mark
[2026-06-17T09:54:27.728+0800][43.976s][info][gc,task        ] GC(1174) Using 2 workers of 5 for marking
[2026-06-17T09:54:27.729+0800][43.977s][info][gc             ] GC(1174) Concurrent Mark 1.959ms
[2026-06-17T09:54:27.730+0800][43.978s][info][gc,cpu         ] GC(1174) User=0.00s Sys=0.00s Real=0.00s
[2026-06-17T09:54:27.730+0800][43.978s][info][gc             ] GC(1174) Concurrent Preclean
[2026-06-17T09:54:27.730+0800][43.978s][info][gc             ] GC(1174) Concurrent Preclean 0.535ms
[2026-06-17T09:54:27.731+0800][43.979s][info][gc,cpu         ] GC(1174) User=0.00s Sys=0.00s Real=0.01s
[2026-06-17T09:54:27.731+0800][43.979s][info][gc             ] GC(1174) Concurrent Abortable Preclean
[2026-06-17T09:54:27.771+0800][44.019s][info][gc,start       ] GC(1175) Pause Young (Allocation Failure)
[2026-06-17T09:54:27.772+0800][44.020s][info][gc,task        ] GC(1175) Using 2 workers of 18 for evacuation
[2026-06-17T09:54:27.774+0800][44.022s][info][gc,heap        ] GC(1175) ParNew: 19617K->2175K(19648K)
[2026-06-17T09:54:27.775+0800][44.023s][info][gc,heap        ] GC(1175) CMS: 34844K->38542K(43712K)
[2026-06-17T09:54:27.775+0800][44.023s][info][gc,metaspace   ] GC(1175) Metaspace: 3166K(4864K)->3166K(4864K) NonClass: 2861K(4352K)->2861K(4352K) Class: 305K(512K)->305K(512K)
[2026-06-17T09:54:27.776+0800][44.024s][info][gc             ] GC(1175) Pause Young (Allocation Failure) 53M->39M(61M) 4.820ms
[2026-06-17T09:54:27.776+0800][44.024s][info][gc,cpu         ] GC(1175) User=0.00s Sys=0.00s Real=0.00s
[2026-06-17T09:54:27.821+0800][44.070s][info][gc,start       ] GC(1176) Pause Young (Allocation Failure)
[2026-06-17T09:54:27.822+0800][44.071s][info][gc,task        ] GC(1176) Using 2 workers of 18 for evacuation
[2026-06-17T09:54:27.823+0800][44.071s][info][gc,start       ] GC(1177) Pause Full (Allocation Failure)
[2026-06-17T09:54:27.824+0800][44.072s][info][gc             ] GC(1174) Concurrent Abortable Preclean 93.184ms
[2026-06-17T09:54:27.825+0800][44.073s][info][gc,cpu         ] GC(1174) User=0.01s Sys=0.00s Real=0.09s
[2026-06-17T09:54:27.826+0800][44.074s][info][gc,phases,start] GC(1177) Phase 1: Mark live objects
[2026-06-17T09:54:27.828+0800][44.076s][info][gc,phases      ] GC(1177) Phase 1: Mark live objects 2.094ms
[2026-06-17T09:54:27.828+0800][44.076s][info][gc,phases,start] GC(1177) Phase 2: Compute new object addresses
[2026-06-17T09:54:27.830+0800][44.078s][info][gc,phases      ] GC(1177) Phase 2: Compute new object addresses 1.238ms
[2026-06-17T09:54:27.830+0800][44.079s][info][gc,phases,start] GC(1177) Phase 3: Adjust pointers
[2026-06-17T09:54:27.832+0800][44.080s][info][gc,phases      ] GC(1177) Phase 3: Adjust pointers 1.080ms
[2026-06-17T09:54:27.832+0800][44.080s][info][gc,phases,start] GC(1177) Phase 4: Move objects
[2026-06-17T09:54:27.836+0800][44.084s][info][gc,phases      ] GC(1177) Phase 4: Move objects 4.012ms
[2026-06-17T09:54:27.837+0800][44.085s][info][gc             ] GC(1177) Pause Full (Allocation Failure) 56M->30M(61M) 13.378ms
[2026-06-17T09:54:27.837+0800][44.085s][info][gc,heap        ] GC(1176) ParNew: 19641K->0K(19648K)
[2026-06-17T09:54:27.837+0800][44.086s][info][gc,heap        ] GC(1176) CMS: 38542K->31499K(43712K)
[2026-06-17T09:54:27.838+0800][44.086s][info][gc,metaspace   ] GC(1176) Metaspace: 3166K(4864K)->3166K(4864K) NonClass: 2861K(4352K)->2861K(4352K) Class: 305K(512K)->305K(512K)
[2026-06-17T09:54:27.838+0800][44.086s][info][gc             ] GC(1176) Pause Young (Allocation Failure) 56M->30M(61M) 16.442ms
[2026-06-17T09:54:27.838+0800][44.086s][info][gc,cpu         ] GC(1176) User=0.01s Sys=0.00s Real=0.02s
[2026-06-17T09:54:27.882+0800][44.130s][info][gc,start       ] GC(1178) Pause Young (Allocation Failure)
[2026-06-17T09:54:27.883+0800][44.131s][info][gc,task        ] GC(1178) Using 2 workers of 18 for evacuation
[2026-06-17T09:54:27.885+0800][44.133s][info][gc,heap        ] GC(1178) ParNew: 17432K->2171K(19648K)
[2026-06-17T09:54:27.885+0800][44.134s][info][gc,heap        ] GC(1178) CMS: 31499K->36243K(43712K)
[2026-06-17T09:54:27.886+0800][44.134s][info][gc,metaspace   ] GC(1178) Metaspace: 3166K(4864K)->3166K(4864K) NonClass: 2861K(4352K)->2861K(4352K) Class: 305K(512K)->305K(512K)
[2026-06-17T09:54:27.887+0800][44.135s][info][gc             ] GC(1178) Pause Young (Allocation Failure) 47M->37M(61M) 4.761ms
[2026-06-17T09:54:27.887+0800][44.135s][info][gc,cpu         ] GC(1178) User=0.00s Sys=0.00s Real=0.01s
[2026-06-17T09:54:27.888+0800][44.136s][info][gc,start       ] GC(1179) Pause Initial Mark
[2026-06-17T09:54:27.888+0800][44.137s][info][gc             ] GC(1179) Pause Initial Mark 39M->39M(61M) 0.621ms
[2026-06-17T09:54:27.889+0800][44.137s][info][gc,cpu         ] GC(1179) User=0.00s Sys=0.00s Real=0.00s
[2026-06-17T09:54:27.890+0800][44.138s][info][gc             ] GC(1179) Concurrent Mark
[2026-06-17T09:54:27.890+0800][44.138s][info][gc,task        ] GC(1179) Using 2 workers of 5 for marking
[2026-06-17T09:54:27.892+0800][44.140s][info][gc             ] GC(1179) Concurrent Mark 1.869ms
[2026-06-17T09:54:27.892+0800][44.140s][info][gc,cpu         ] GC(1179) User=0.00s Sys=0.00s Real=0.01s
[2026-06-17T09:54:27.892+0800][44.140s][info][gc             ] GC(1179) Concurrent Preclean
[2026-06-17T09:54:27.892+0800][44.141s][info][gc             ] GC(1179) Concurrent Preclean 0.245ms
[2026-06-17T09:54:27.893+0800][44.141s][info][gc,cpu         ] GC(1179) User=0.00s Sys=0.00s Real=0.00s
[2026-06-17T09:54:27.893+0800][44.141s][info][gc,start       ] GC(1179) Pause Remark
[2026-06-17T09:54:27.893+0800][44.142s][info][gc             ] GC(1179) Pause Remark 39M->39M(61M) 0.643ms
[2026-06-17T09:54:27.894+0800][44.142s][info][gc,cpu         ] GC(1179) User=0.00s Sys=0.00s Real=0.00s
[2026-06-17T09:54:27.894+0800][44.142s][info][gc             ] GC(1179) Concurrent Sweep
[2026-06-17T09:54:27.894+0800][44.142s][info][gc             ] GC(1179) Concurrent Sweep 0.360ms
[2026-06-17T09:54:27.895+0800][44.143s][info][gc,cpu         ] GC(1179) User=0.00s Sys=0.00s Real=0.00s
[2026-06-17T09:54:27.895+0800][44.143s][info][gc             ] GC(1179) Concurrent Reset
[2026-06-17T09:54:27.895+0800][44.143s][info][gc             ] GC(1179) Concurrent Reset 0.180ms
[2026-06-17T09:54:27.895+0800][44.143s][info][gc,cpu         ] GC(1179) User=0.00s Sys=0.00s Real=0.00s
[2026-06-17T09:54:27.895+0800][44.143s][info][gc,heap        ] GC(1179) Old: 36243K->33827K(43712K)
[2026-06-17T09:54:27.943+0800][44.191s][info][gc,start       ] GC(1180) Pause Young (Allocation Failure)
[2026-06-17T09:54:27.944+0800][44.192s][info][gc,task        ] GC(1180) Using 2 workers of 18 for evacuation
[2026-06-17T09:54:27.945+0800][44.194s][info][gc,heap        ] GC(1180) ParNew: 19643K->1853K(19648K)
[2026-06-17T09:54:27.946+0800][44.194s][info][gc,heap        ] GC(1180) CMS: 33827K->34603K(43712K)
[2026-06-17T09:54:27.947+0800][44.195s][info][gc,metaspace   ] GC(1180) Metaspace: 3166K(4864K)->3166K(4864K) NonClass: 2861K(4352K)->2861K(4352K) Class: 305K(512K)->305K(512K)
[2026-06-17T09:54:27.947+0800][44.195s][info][gc             ] GC(1180) Pause Young (Allocation Failure) 52M->35M(61M) 4.014ms
[2026-06-17T09:54:27.948+0800][44.196s][info][gc,cpu         ] GC(1180) User=0.00s Sys=0.00s Real=0.00s
[2026-06-17T09:54:27.982+0800][44.230s][info][gc,start       ] GC(1181) Pause Young (Allocation Failure)
[2026-06-17T09:54:27.983+0800][44.231s][info][gc,task        ] GC(1181) Using 2 workers of 18 for evacuation
[2026-06-17T09:54:27.985+0800][44.233s][info][gc,heap        ] GC(1181) ParNew: 19067K->2021K(19648K)
[2026-06-17T09:54:27.986+0800][44.234s][info][gc,heap        ] GC(1181) CMS: 34603K->37758K(43712K)
[2026-06-17T09:54:27.987+0800][44.235s][info][gc,metaspace   ] GC(1181) Metaspace: 3166K(4864K)->3166K(4864K) NonClass: 2861K(4352K)->2861K(4352K) Class: 305K(512K)->305K(512K)
[2026-06-17T09:54:27.987+0800][44.235s][info][gc             ] GC(1181) Pause Young (Allocation Failure) 52M->38M(61M) 5.120ms
[2026-06-17T09:54:27.989+0800][44.237s][info][gc,cpu         ] GC(1181) User=0.00s Sys=0.00s Real=0.01s
[2026-06-17T09:54:27.992+0800][44.240s][info][gc,start       ] GC(1182) Pause Initial Mark
[2026-06-17T09:54:27.996+0800][44.244s][info][gc             ] GC(1182) Pause Initial Mark 40M->40M(61M) 3.970ms
[2026-06-17T09:54:28.000+0800][44.248s][info][gc,cpu         ] GC(1182) User=0.00s Sys=0.00s Real=0.00s
[2026-06-17T09:54:28.002+0800][44.250s][info][gc             ] GC(1182) Concurrent Mark
[2026-06-17T09:54:28.004+0800][44.252s][info][gc,task        ] GC(1182) Using 2 workers of 5 for marking
[2026-06-17T09:54:28.008+0800][44.256s][info][gc             ] GC(1182) Concurrent Mark 5.501ms
[2026-06-17T09:54:28.009+0800][44.258s][info][gc,cpu         ] GC(1182) User=0.00s Sys=0.00s Real=0.01s
[2026-06-17T09:54:28.012+0800][44.260s][info][gc             ] GC(1182) Concurrent Preclean
[2026-06-17T09:54:28.014+0800][44.262s][info][gc             ] GC(1182) Concurrent Preclean 2.511ms
[2026-06-17T09:54:28.015+0800][44.263s][info][gc,cpu         ] GC(1182) User=0.00s Sys=0.00s Real=0.00s
[2026-06-17T09:54:28.017+0800][44.265s][info][gc             ] GC(1182) Concurrent Abortable Preclean
[2026-06-17T09:54:28.045+0800][44.293s][info][gc,start       ] GC(1183) Pause Young (Allocation Failure)
[2026-06-17T09:54:28.047+0800][44.295s][info][gc,task        ] GC(1183) Using 2 workers of 18 for evacuation
[2026-06-17T09:54:28.049+0800][44.297s][info][gc,promotion   ] Promotion failed
[2026-06-17T09:54:28.050+0800][44.298s][info][gc,start       ] GC(1184) Pause Full (Allocation Failure)
[2026-06-17T09:54:28.051+0800][44.299s][info][gc             ] GC(1182) Concurrent Abortable Preclean 33.630ms
[2026-06-17T09:54:28.051+0800][44.299s][info][gc,cpu         ] GC(1182) User=0.01s Sys=0.00s Real=0.04s
[2026-06-17T09:54:28.052+0800][44.300s][info][gc,phases,start] GC(1184) Phase 1: Mark live objects
[2026-06-17T09:54:28.053+0800][44.301s][info][gc,phases      ] GC(1184) Phase 1: Mark live objects 1.537ms
[2026-06-17T09:54:28.054+0800][44.302s][info][gc,phases,start] GC(1184) Phase 2: Compute new object addresses
[2026-06-17T09:54:28.055+0800][44.303s][info][gc,phases      ] GC(1184) Phase 2: Compute new object addresses 1.092ms
[2026-06-17T09:54:28.055+0800][44.303s][info][gc,phases,start] GC(1184) Phase 3: Adjust pointers
[2026-06-17T09:54:28.056+0800][44.304s][info][gc,phases      ] GC(1184) Phase 3: Adjust pointers 0.954ms
[2026-06-17T09:54:28.056+0800][44.305s][info][gc,phases,start] GC(1184) Phase 4: Move objects
[2026-06-17T09:54:28.060+0800][44.308s][info][gc,phases      ] GC(1184) Phase 4: Move objects 3.793ms
[2026-06-17T09:54:28.062+0800][44.310s][info][gc             ] GC(1184) Pause Full (Allocation Failure) 61M->28M(61M) 11.577ms
[2026-06-17T09:54:28.062+0800][44.310s][info][gc,heap        ] GC(1183) ParNew: 19439K->0K(19648K)
[2026-06-17T09:54:28.062+0800][44.310s][info][gc,heap        ] GC(1183) CMS: 37758K->29469K(43712K)
[2026-06-17T09:54:28.063+0800][44.311s][info][gc,metaspace   ] GC(1183) Metaspace: 3166K(4864K)->3166K(4864K) NonClass: 2861K(4352K)->2861K(4352K) Class: 305K(512K)->305K(512K)
[2026-06-17T09:54:28.063+0800][44.311s][info][gc             ] GC(1183) Pause Young (Allocation Failure) 55M->28M(61M) 17.607ms
[2026-06-17T09:54:28.063+0800][44.311s][info][gc,cpu         ] GC(1183) User=0.00s Sys=0.00s Real=0.02s
[2026-06-17T09:54:28.118+0800][44.366s][info][gc,start       ] GC(1185) Pause Young (Allocation Failure)
[2026-06-17T09:54:28.119+0800][44.367s][info][gc,task        ] GC(1185) Using 2 workers of 18 for evacuation
[2026-06-17T09:54:28.120+0800][44.369s][info][gc,heap        ] GC(1185) ParNew: 17472K->2030K(19648K)
[2026-06-17T09:54:28.121+0800][44.369s][info][gc,heap        ] GC(1185) CMS: 29469K->30864K(43712K)
[2026-06-17T09:54:28.122+0800][44.370s][info][gc,metaspace   ] GC(1185) Metaspace: 3166K(4864K)->3166K(4864K) NonClass: 2861K(4352K)->2861K(4352K) Class: 305K(512K)->305K(512K)
[2026-06-17T09:54:28.122+0800][44.370s][info][gc             ] GC(1185) Pause Young (Allocation Failure) 45M->32M(61M) 4.362ms
[2026-06-17T09:54:28.123+0800][44.371s][info][gc,cpu         ] GC(1185) User=0.01s Sys=0.00s Real=0.01s
[2026-06-17T09:54:28.167+0800][44.415s][info][gc,start       ] GC(1186) Pause Young (Allocation Failure)
[2026-06-17T09:54:28.168+0800][44.416s][info][gc,task        ] GC(1186) Using 2 workers of 18 for evacuation
[2026-06-17T09:54:28.169+0800][44.418s][info][gc,heap        ] GC(1186) ParNew: 19502K->2150K(19648K)
[2026-06-17T09:54:28.170+0800][44.418s][info][gc,heap        ] GC(1186) CMS: 30864K->33850K(43712K)
[2026-06-17T09:54:28.171+0800][44.419s][info][gc,metaspace   ] GC(1186) Metaspace: 3166K(4864K)->3166K(4864K) NonClass: 2861K(4352K)->2861K(4352K) Class: 305K(512K)->305K(512K)
[2026-06-17T09:54:28.171+0800][44.419s][info][gc             ] GC(1186) Pause Young (Allocation Failure) 49M->35M(61M) 4.048ms
[2026-06-17T09:54:28.172+0800][44.420s][info][gc,cpu         ] GC(1186) User=0.00s Sys=0.00s Real=0.01s
[2026-06-17T09:54:28.217+0800][44.465s][info][gc,start       ] GC(1187) Pause Young (Allocation Failure)
[2026-06-17T09:54:28.217+0800][44.466s][info][gc,task        ] GC(1187) Using 2 workers of 18 for evacuation
[2026-06-17T09:54:28.220+0800][44.468s][info][gc,heap        ] GC(1187) ParNew: 19605K->2170K(19648K)
[2026-06-17T09:54:28.220+0800][44.469s][info][gc,heap        ] GC(1187) CMS: 33850K->37411K(43712K)
[2026-06-17T09:54:28.221+0800][44.469s][info][gc,metaspace   ] GC(1187) Metaspace: 3166K(4864K)->3166K(4864K) NonClass: 2861K(4352K)->2861K(4352K) Class: 305K(512K)->305K(512K)
[2026-06-17T09:54:28.221+0800][44.470s][info][gc             ] GC(1187) Pause Young (Allocation Failure) 52M->38M(61M) 4.862ms
[2026-06-17T09:54:28.222+0800][44.470s][info][gc,cpu         ] GC(1187) User=0.01s Sys=0.00s Real=0.00s
[2026-06-17T09:54:28.223+0800][44.471s][info][gc,start       ] GC(1188) Pause Initial Mark
[2026-06-17T09:54:28.223+0800][44.472s][info][gc             ] GC(1188) Pause Initial Mark 39M->39M(61M) 0.630ms
[2026-06-17T09:54:28.224+0800][44.472s][info][gc,cpu         ] GC(1188) User=0.00s Sys=0.00s Real=0.00s
[2026-06-17T09:54:28.225+0800][44.473s][info][gc             ] GC(1188) Concurrent Mark
[2026-06-17T09:54:28.226+0800][44.474s][info][gc,task        ] GC(1188) Using 2 workers of 5 for marking
[2026-06-17T09:54:28.227+0800][44.476s][info][gc             ] GC(1188) Concurrent Mark 2.103ms
[2026-06-17T09:54:28.228+0800][44.476s][info][gc,cpu         ] GC(1188) User=0.00s Sys=0.00s Real=0.00s
[2026-06-17T09:54:28.228+0800][44.476s][info][gc             ] GC(1188) Concurrent Preclean
[2026-06-17T09:54:28.228+0800][44.477s][info][gc             ] GC(1188) Concurrent Preclean 0.261ms
[2026-06-17T09:54:28.229+0800][44.477s][info][gc,cpu         ] GC(1188) User=0.00s Sys=0.00s Real=0.00s
[2026-06-17T09:54:28.229+0800][44.477s][info][gc             ] GC(1188) Concurrent Abortable Preclean
[2026-06-17T09:54:28.268+0800][44.517s][info][gc,start       ] GC(1189) Pause Young (Allocation Failure)
[2026-06-17T09:54:28.269+0800][44.517s][info][gc,task        ] GC(1189) Using 2 workers of 18 for evacuation
[2026-06-17T09:54:28.271+0800][44.519s][info][gc,heap        ] GC(1189) ParNew: 19642K->2167K(19648K)
[2026-06-17T09:54:28.271+0800][44.520s][info][gc,heap        ] GC(1189) CMS: 37411K->41512K(43712K)
[2026-06-17T09:54:28.272+0800][44.520s][info][gc,metaspace   ] GC(1189) Metaspace: 3166K(4864K)->3166K(4864K) NonClass: 2861K(4352K)->2861K(4352K) Class: 305K(512K)->305K(512K)
[2026-06-17T09:54:28.272+0800][44.521s][info][gc             ] GC(1189) Pause Young (Allocation Failure) 55M->42M(61M) 4.123ms
[2026-06-17T09:54:28.273+0800][44.521s][info][gc,cpu         ] GC(1189) User=0.00s Sys=0.00s Real=0.01s
[2026-06-17T09:54:28.274+0800][44.522s][info][gc             ] GC(1188) Concurrent Abortable Preclean 45.009ms
[2026-06-17T09:54:28.274+0800][44.522s][info][gc,cpu         ] GC(1188) User=0.00s Sys=0.00s Real=0.05s
[2026-06-17T09:54:28.275+0800][44.523s][info][gc,start       ] GC(1188) Pause Remark
[2026-06-17T09:54:28.276+0800][44.524s][info][gc             ] GC(1188) Pause Remark 45M->45M(61M) 1.072ms
[2026-06-17T09:54:28.276+0800][44.524s][info][gc,cpu         ] GC(1188) User=0.00s Sys=0.00s Real=0.00s
[2026-06-17T09:54:28.276+0800][44.525s][info][gc             ] GC(1188) Concurrent Sweep
[2026-06-17T09:54:28.277+0800][44.525s][info][gc             ] GC(1188) Concurrent Sweep 0.533ms
[2026-06-17T09:54:28.277+0800][44.525s][info][gc,cpu         ] GC(1188) User=0.00s Sys=0.00s Real=0.00s
[2026-06-17T09:54:28.277+0800][44.526s][info][gc             ] GC(1188) Concurrent Reset
[2026-06-17T09:54:28.278+0800][44.526s][info][gc             ] GC(1188) Concurrent Reset 0.225ms
[2026-06-17T09:54:28.278+0800][44.526s][info][gc,cpu         ] GC(1188) User=0.00s Sys=0.00s Real=0.00s
[2026-06-17T09:54:28.278+0800][44.526s][info][gc,heap        ] GC(1188) Old: 37411K->27977K(43712K)
[2026-06-17T09:54:28.317+0800][44.566s][info][gc,start       ] GC(1190) Pause Young (Allocation Failure)
[2026-06-17T09:54:28.318+0800][44.567s][info][gc,task        ] GC(1190) Using 2 workers of 18 for evacuation
[2026-06-17T09:54:28.321+0800][44.569s][info][gc,heap        ] GC(1190) ParNew: 19595K->2173K(19648K)
[2026-06-17T09:54:28.322+0800][44.570s][info][gc,heap        ] GC(1190) CMS: 27977K->32945K(43712K)
[2026-06-17T09:54:28.322+0800][44.570s][info][gc,metaspace   ] GC(1190) Metaspace: 3166K(4864K)->3166K(4864K) NonClass: 2861K(4352K)->2861K(4352K) Class: 305K(512K)->305K(512K)
[2026-06-17T09:54:28.323+0800][44.571s][info][gc             ] GC(1190) Pause Young (Allocation Failure) 46M->34M(61M) 5.472ms
[2026-06-17T09:54:28.324+0800][44.572s][info][gc,cpu         ] GC(1190) User=0.00s Sys=0.00s Real=0.01s
[2026-06-17T09:54:28.325+0800][44.573s][info][gc,start       ] GC(1191) Pause Initial Mark
[2026-06-17T09:54:28.326+0800][44.574s][info][gc             ] GC(1191) Pause Initial Mark 35M->35M(61M) 1.224ms
[2026-06-17T09:54:28.327+0800][44.575s][info][gc,cpu         ] GC(1191) User=0.00s Sys=0.00s Real=0.00s
[2026-06-17T09:54:28.330+0800][44.578s][info][gc             ] GC(1191) Concurrent Mark
[2026-06-17T09:54:28.331+0800][44.579s][info][gc,task        ] GC(1191) Using 2 workers of 5 for marking
[2026-06-17T09:54:28.335+0800][44.583s][info][gc             ] GC(1191) Concurrent Mark 4.579ms
[2026-06-17T09:54:28.337+0800][44.585s][info][gc,cpu         ] GC(1191) User=0.00s Sys=0.00s Real=0.01s
[2026-06-17T09:54:28.338+0800][44.586s][info][gc             ] GC(1191) Concurrent Preclean
[2026-06-17T09:54:28.339+0800][44.587s][info][gc             ] GC(1191) Concurrent Preclean 0.767ms
[2026-06-17T09:54:28.340+0800][44.588s][info][gc,cpu         ] GC(1191) User=0.00s Sys=0.00s Real=0.00s
[2026-06-17T09:54:28.342+0800][44.590s][info][gc             ] GC(1191) Concurrent Abortable Preclean
[2026-06-17T09:54:28.377+0800][44.625s][info][gc,start       ] GC(1192) Pause Young (Allocation Failure)
[2026-06-17T09:54:28.378+0800][44.626s][info][gc,task        ] GC(1192) Using 2 workers of 18 for evacuation
[2026-06-17T09:54:28.379+0800][44.627s][info][gc,heap        ] GC(1192) ParNew: 19617K->2113K(19648K)
[2026-06-17T09:54:28.379+0800][44.627s][info][gc,heap        ] GC(1192) CMS: 32945K->34324K(43712K)
[2026-06-17T09:54:28.379+0800][44.627s][info][gc,metaspace   ] GC(1192) Metaspace: 3166K(4864K)->3166K(4864K) NonClass: 2861K(4352K)->2861K(4352K) Class: 305K(512K)->305K(512K)
[2026-06-17T09:54:28.380+0800][44.628s][info][gc             ] GC(1192) Pause Young (Allocation Failure) 51M->35M(61M) 2.568ms
[2026-06-17T09:54:28.380+0800][44.628s][info][gc,cpu         ] GC(1192) User=0.00s Sys=0.00s Real=0.00s
[2026-06-17T09:54:28.412+0800][44.660s][info][gc,start       ] GC(1193) Pause Young (Allocation Failure)
[2026-06-17T09:54:28.412+0800][44.660s][info][gc,task        ] GC(1193) Using 2 workers of 18 for evacuation
[2026-06-17T09:54:28.413+0800][44.661s][info][gc,heap        ] GC(1193) ParNew: 19348K->2084K(19648K)
[2026-06-17T09:54:28.413+0800][44.661s][info][gc,heap        ] GC(1193) CMS: 34324K->37247K(43712K)
[2026-06-17T09:54:28.413+0800][44.661s][info][gc,metaspace   ] GC(1193) Metaspace: 3166K(4864K)->3166K(4864K) NonClass: 2861K(4352K)->2861K(4352K) Class: 305K(512K)->305K(512K)
[2026-06-17T09:54:28.414+0800][44.662s][info][gc             ] GC(1193) Pause Young (Allocation Failure) 52M->38M(61M) 1.833ms
[2026-06-17T09:54:28.414+0800][44.662s][info][gc,cpu         ] GC(1193) User=0.00s Sys=0.00s Real=0.00s
[2026-06-17T09:54:28.466+0800][44.714s][info][gc,start       ] GC(1194) Pause Young (Allocation Failure)
[2026-06-17T09:54:28.467+0800][44.715s][info][gc,task        ] GC(1194) Using 2 workers of 18 for evacuation
[2026-06-17T09:54:28.468+0800][44.717s][info][gc,heap        ] GC(1194) ParNew: 19544K->2167K(19648K)
[2026-06-17T09:54:28.469+0800][44.717s][info][gc,heap        ] GC(1194) CMS: 37247K->40966K(43712K)
[2026-06-17T09:54:28.469+0800][44.718s][info][gc,metaspace   ] GC(1194) Metaspace: 3166K(4864K)->3166K(4864K) NonClass: 2861K(4352K)->2861K(4352K) Class: 305K(512K)->305K(512K)
[2026-06-17T09:54:28.470+0800][44.718s][info][gc             ] GC(1194) Pause Young (Allocation Failure) 55M->42M(61M) 3.512ms
[2026-06-17T09:54:28.470+0800][44.718s][info][gc,cpu         ] GC(1194) User=0.00s Sys=0.00s Real=0.00s
[2026-06-17T09:54:28.515+0800][44.763s][info][gc,start       ] GC(1195) Pause Young (Allocation Failure)
[2026-06-17T09:54:28.515+0800][44.764s][info][gc,task        ] GC(1195) Using 2 workers of 18 for evacuation
[2026-06-17T09:54:28.516+0800][44.764s][info][gc,start       ] GC(1196) Pause Full (Allocation Failure)
[2026-06-17T09:54:28.517+0800][44.765s][info][gc             ] GC(1191) Concurrent Abortable Preclean 175.350ms
[2026-06-17T09:54:28.517+0800][44.766s][info][gc,cpu         ] GC(1191) User=0.02s Sys=0.00s Real=0.18s
[2026-06-17T09:54:28.520+0800][44.768s][info][gc,phases,start] GC(1196) Phase 1: Mark live objects
[2026-06-17T09:54:28.521+0800][44.769s][info][gc,phases      ] GC(1196) Phase 1: Mark live objects 1.128ms
[2026-06-17T09:54:28.521+0800][44.769s][info][gc,phases,start] GC(1196) Phase 2: Compute new object addresses
[2026-06-17T09:54:28.522+0800][44.770s][info][gc,phases      ] GC(1196) Phase 2: Compute new object addresses 0.771ms
[2026-06-17T09:54:28.523+0800][44.771s][info][gc,phases,start] GC(1196) Phase 3: Adjust pointers
[2026-06-17T09:54:28.523+0800][44.771s][info][gc,phases      ] GC(1196) Phase 3: Adjust pointers 0.646ms
[2026-06-17T09:54:28.524+0800][44.772s][info][gc,phases,start] GC(1196) Phase 4: Move objects
[2026-06-17T09:54:28.526+0800][44.774s][info][gc,phases      ] GC(1196) Phase 4: Move objects 2.000ms
[2026-06-17T09:54:28.527+0800][44.775s][info][gc             ] GC(1196) Pause Full (Allocation Failure) 59M->24M(61M) 10.648ms
[2026-06-17T09:54:28.527+0800][44.775s][info][gc,heap        ] GC(1195) ParNew: 19621K->0K(19648K)
[2026-06-17T09:54:28.527+0800][44.775s][info][gc,heap        ] GC(1195) CMS: 40966K->24797K(43712K)
[2026-06-17T09:54:28.527+0800][44.776s][info][gc,metaspace   ] GC(1195) Metaspace: 3166K(4864K)->3166K(4864K) NonClass: 2861K(4352K)->2861K(4352K) Class: 305K(512K)->305K(512K)
[2026-06-17T09:54:28.528+0800][44.776s][info][gc             ] GC(1195) Pause Young (Allocation Failure) 59M->24M(61M) 13.012ms
[2026-06-17T09:54:28.528+0800][44.776s][info][gc,cpu         ] GC(1195) User=0.01s Sys=0.00s Real=0.01s
[2026-06-17T09:54:28.570+0800][44.818s][info][gc,start       ] GC(1197) Pause Young (Allocation Failure)
[2026-06-17T09:54:28.571+0800][44.819s][info][gc,task        ] GC(1197) Using 2 workers of 18 for evacuation
[2026-06-17T09:54:28.572+0800][44.820s][info][gc,heap        ] GC(1197) ParNew: 17472K->2170K(19648K)
[2026-06-17T09:54:28.573+0800][44.821s][info][gc,heap        ] GC(1197) CMS: 24797K->29587K(43712K)
[2026-06-17T09:54:28.573+0800][44.822s][info][gc,metaspace   ] GC(1197) Metaspace: 3166K(4864K)->3166K(4864K) NonClass: 2861K(4352K)->2861K(4352K) Class: 305K(512K)->305K(512K)
[2026-06-17T09:54:28.574+0800][44.822s][info][gc             ] GC(1197) Pause Young (Allocation Failure) 41M->31M(61M) 3.617ms
[2026-06-17T09:54:28.574+0800][44.822s][info][gc,cpu         ] GC(1197) User=0.00s Sys=0.00s Real=0.01s
[2026-06-17T09:54:28.616+0800][44.864s][info][gc,start       ] GC(1198) Pause Young (Allocation Failure)
[2026-06-17T09:54:28.617+0800][44.865s][info][gc,task        ] GC(1198) Using 2 workers of 18 for evacuation
[2026-06-17T09:54:28.618+0800][44.866s][info][gc,heap        ] GC(1198) ParNew: 19185K->2034K(19648K)
[2026-06-17T09:54:28.618+0800][44.866s][info][gc,heap        ] GC(1198) CMS: 29587K->31594K(43712K)
[2026-06-17T09:54:28.618+0800][44.866s][info][gc,metaspace   ] GC(1198) Metaspace: 3166K(4864K)->3166K(4864K) NonClass: 2861K(4352K)->2861K(4352K) Class: 305K(512K)->305K(512K)
[2026-06-17T09:54:28.618+0800][44.866s][info][gc             ] GC(1198) Pause Young (Allocation Failure) 47M->32M(61M) 1.918ms
[2026-06-17T09:54:28.618+0800][44.867s][info][gc,cpu         ] GC(1198) User=0.00s Sys=0.01s Real=0.00s
[2026-06-17T09:54:28.661+0800][44.909s][info][gc,start       ] GC(1199) Pause Young (Allocation Failure)
[2026-06-17T09:54:28.661+0800][44.909s][info][gc,task        ] GC(1199) Using 2 workers of 18 for evacuation
[2026-06-17T09:54:28.662+0800][44.911s][info][gc,heap        ] GC(1199) ParNew: 19420K->2166K(19648K)
[2026-06-17T09:54:28.663+0800][44.911s][info][gc,heap        ] GC(1199) CMS: 31594K->34890K(43712K)
[2026-06-17T09:54:28.664+0800][44.912s][info][gc,metaspace   ] GC(1199) Metaspace: 3166K(4864K)->3166K(4864K) NonClass: 2861K(4352K)->2861K(4352K) Class: 305K(512K)->305K(512K)
[2026-06-17T09:54:28.665+0800][44.913s][info][gc             ] GC(1199) Pause Young (Allocation Failure) 49M->36M(61M) 4.044ms
[2026-06-17T09:54:28.665+0800][44.913s][info][gc,cpu         ] GC(1199) User=0.00s Sys=0.00s Real=0.01s
[2026-06-17T09:54:28.666+0800][44.914s][info][gc,start       ] GC(1200) Pause Initial Mark
[2026-06-17T09:54:28.666+0800][44.915s][info][gc             ] GC(1200) Pause Initial Mark 37M->37M(61M) 0.525ms
[2026-06-17T09:54:28.667+0800][44.915s][info][gc,cpu         ] GC(1200) User=0.00s Sys=0.00s Real=0.00s
[2026-06-17T09:54:28.667+0800][44.915s][info][gc             ] GC(1200) Concurrent Mark
[2026-06-17T09:54:28.668+0800][44.916s][info][gc,task        ] GC(1200) Using 2 workers of 5 for marking
[2026-06-17T09:54:28.669+0800][44.917s][info][gc             ] GC(1200) Concurrent Mark 1.395ms
[2026-06-17T09:54:28.669+0800][44.917s][info][gc,cpu         ] GC(1200) User=0.00s Sys=0.00s Real=0.00s
[2026-06-17T09:54:28.670+0800][44.918s][info][gc             ] GC(1200) Concurrent Preclean
[2026-06-17T09:54:28.670+0800][44.918s][info][gc             ] GC(1200) Concurrent Preclean 0.449ms
[2026-06-17T09:54:28.670+0800][44.919s][info][gc,cpu         ] GC(1200) User=0.00s Sys=0.00s Real=0.01s
[2026-06-17T09:54:28.671+0800][44.919s][info][gc,start       ] GC(1200) Pause Remark
[2026-06-17T09:54:28.672+0800][44.920s][info][gc             ] GC(1200) Pause Remark 37M->37M(61M) 0.777ms
[2026-06-17T09:54:28.672+0800][44.920s][info][gc,cpu         ] GC(1200) User=0.00s Sys=0.00s Real=0.00s
[2026-06-17T09:54:28.672+0800][44.921s][info][gc             ] GC(1200) Concurrent Sweep
[2026-06-17T09:54:28.673+0800][44.921s][info][gc             ] GC(1200) Concurrent Sweep 0.513ms
[2026-06-17T09:54:28.673+0800][44.921s][info][gc,cpu         ] GC(1200) User=0.00s Sys=0.00s Real=0.00s
[2026-06-17T09:54:28.674+0800][44.922s][info][gc             ] GC(1200) Concurrent Reset
[2026-06-17T09:54:28.674+0800][44.922s][info][gc             ] GC(1200) Concurrent Reset 0.261ms
[2026-06-17T09:54:28.674+0800][44.922s][info][gc,cpu         ] GC(1200) User=0.00s Sys=0.00s Real=0.00s
[2026-06-17T09:54:28.674+0800][44.923s][info][gc,heap        ] GC(1200) Old: 34890K->20197K(43712K)
[2026-06-17T09:54:28.720+0800][44.968s][info][gc,start       ] GC(1201) Pause Young (Allocation Failure)
[2026-06-17T09:54:28.720+0800][44.968s][info][gc,task        ] GC(1201) Using 2 workers of 18 for evacuation
[2026-06-17T09:54:28.721+0800][44.969s][info][gc,heap        ] GC(1201) ParNew: 19638K->2146K(19648K)
[2026-06-17T09:54:28.722+0800][44.970s][info][gc,heap        ] GC(1201) CMS: 20197K->23857K(43712K)
[2026-06-17T09:54:28.722+0800][44.970s][info][gc,metaspace   ] GC(1201) Metaspace: 3166K(4864K)->3166K(4864K) NonClass: 2861K(4352K)->2861K(4352K) Class: 305K(512K)->305K(512K)
[2026-06-17T09:54:28.722+0800][44.970s][info][gc             ] GC(1201) Pause Young (Allocation Failure) 38M->25M(61M) 2.436ms
[2026-06-17T09:54:28.722+0800][44.970s][info][gc,cpu         ] GC(1201) User=0.00s Sys=0.00s Real=0.00s
[2026-06-17T09:54:28.765+0800][45.013s][info][gc,start       ] GC(1202) Pause Young (Allocation Failure)
[2026-06-17T09:54:28.765+0800][45.014s][info][gc,task        ] GC(1202) Using 2 workers of 18 for evacuation
[2026-06-17T09:54:28.767+0800][45.015s][info][gc,heap        ] GC(1202) ParNew: 19612K->2173K(19648K)
[2026-06-17T09:54:28.767+0800][45.016s][info][gc,heap        ] GC(1202) CMS: 23857K->27657K(43712K)
[2026-06-17T09:54:28.768+0800][45.016s][info][gc,metaspace   ] GC(1202) Metaspace: 3166K(4864K)->3166K(4864K) NonClass: 2861K(4352K)->2861K(4352K) Class: 305K(512K)->305K(512K)
[2026-06-17T09:54:28.768+0800][45.016s][info][gc             ] GC(1202) Pause Young (Allocation Failure) 42M->29M(61M) 3.255ms
[2026-06-17T09:54:28.769+0800][45.017s][info][gc,cpu         ] GC(1202) User=0.00s Sys=0.00s Real=0.00s
[2026-06-17T09:54:28.811+0800][45.059s][info][gc,start       ] GC(1203) Pause Young (Allocation Failure)
[2026-06-17T09:54:28.812+0800][45.060s][info][gc,task        ] GC(1203) Using 2 workers of 18 for evacuation
[2026-06-17T09:54:28.813+0800][45.061s][info][gc,heap        ] GC(1203) ParNew: 19645K->2174K(19648K)
[2026-06-17T09:54:28.813+0800][45.061s][info][gc,heap        ] GC(1203) CMS: 27657K->33098K(43712K)
[2026-06-17T09:54:28.814+0800][45.062s][info][gc,metaspace   ] GC(1203) Metaspace: 3166K(4864K)->3166K(4864K) NonClass: 2861K(4352K)->2861K(4352K) Class: 305K(512K)->305K(512K)
[2026-06-17T09:54:28.814+0800][45.062s][info][gc             ] GC(1203) Pause Young (Allocation Failure) 46M->34M(61M) 2.844ms
[2026-06-17T09:54:28.815+0800][45.063s][info][gc,cpu         ] GC(1203) User=0.00s Sys=0.00s Real=0.00s
[2026-06-17T09:54:28.815+0800][45.063s][info][gc,start       ] GC(1204) Pause Initial Mark
[2026-06-17T09:54:28.816+0800][45.064s][info][gc             ] GC(1204) Pause Initial Mark 34M->34M(61M) 0.419ms
[2026-06-17T09:54:28.816+0800][45.064s][info][gc,cpu         ] GC(1204) User=0.00s Sys=0.00s Real=0.00s
[2026-06-17T09:54:28.816+0800][45.064s][info][gc             ] GC(1204) Concurrent Mark
[2026-06-17T09:54:28.816+0800][45.065s][info][gc,task        ] GC(1204) Using 2 workers of 5 for marking
[2026-06-17T09:54:28.817+0800][45.065s][info][gc             ] GC(1204) Concurrent Mark 1.185ms
[2026-06-17T09:54:28.818+0800][45.066s][info][gc,cpu         ] GC(1204) User=0.00s Sys=0.00s Real=0.00s
[2026-06-17T09:54:28.818+0800][45.066s][info][gc             ] GC(1204) Concurrent Preclean
[2026-06-17T09:54:28.818+0800][45.066s][info][gc             ] GC(1204) Concurrent Preclean 0.196ms
[2026-06-17T09:54:28.818+0800][45.066s][info][gc,cpu         ] GC(1204) User=0.00s Sys=0.00s Real=0.00s
[2026-06-17T09:54:28.818+0800][45.067s][info][gc,start       ] GC(1204) Pause Remark
[2026-06-17T09:54:28.819+0800][45.067s][info][gc             ] GC(1204) Pause Remark 36M->36M(61M) 0.686ms
[2026-06-17T09:54:28.819+0800][45.068s][info][gc,cpu         ] GC(1204) User=0.00s Sys=0.00s Real=0.00s
[2026-06-17T09:54:28.820+0800][45.068s][info][gc             ] GC(1204) Concurrent Sweep
[2026-06-17T09:54:28.820+0800][45.068s][info][gc             ] GC(1204) Concurrent Sweep 0.436ms
[2026-06-17T09:54:28.821+0800][45.069s][info][gc,cpu         ] GC(1204) User=0.00s Sys=0.00s Real=0.00s
[2026-06-17T09:54:28.821+0800][45.069s][info][gc             ] GC(1204) Concurrent Reset
[2026-06-17T09:54:28.821+0800][45.069s][info][gc             ] GC(1204) Concurrent Reset 0.235ms
[2026-06-17T09:54:28.821+0800][45.070s][info][gc,cpu         ] GC(1204) User=0.00s Sys=0.00s Real=0.00s
[2026-06-17T09:54:28.822+0800][45.070s][info][gc,heap        ] GC(1204) Old: 33098K->30977K(43712K)
[2026-06-17T09:54:28.868+0800][45.116s][info][gc,start       ] GC(1205) Pause Young (Allocation Failure)
[2026-06-17T09:54:28.869+0800][45.117s][info][gc,task        ] GC(1205) Using 2 workers of 18 for evacuation
[2026-06-17T09:54:28.870+0800][45.118s][info][gc,heap        ] GC(1205) ParNew: 19646K->2102K(19648K)
[2026-06-17T09:54:28.870+0800][45.118s][info][gc,heap        ] GC(1205) CMS: 30977K->33005K(43712K)
[2026-06-17T09:54:28.870+0800][45.118s][info][gc,metaspace   ] GC(1205) Metaspace: 3166K(4864K)->3166K(4864K) NonClass: 2861K(4352K)->2861K(4352K) Class: 305K(512K)->305K(512K)
[2026-06-17T09:54:28.870+0800][45.118s][info][gc             ] GC(1205) Pause Young (Allocation Failure) 49M->34M(61M) 2.135ms
[2026-06-17T09:54:28.870+0800][45.119s][info][gc,cpu         ] GC(1205) User=0.00s Sys=0.00s Real=0.01s
[2026-06-17T09:54:28.904+0800][45.152s][info][gc,start       ] GC(1206) Pause Young (Allocation Failure)
[2026-06-17T09:54:28.905+0800][45.153s][info][gc,task        ] GC(1206) Using 2 workers of 18 for evacuation
[2026-06-17T09:54:28.906+0800][45.154s][info][gc,heap        ] GC(1206) ParNew: 19392K->2113K(19648K)
[2026-06-17T09:54:28.906+0800][45.154s][info][gc,heap        ] GC(1206) CMS: 33005K->36422K(43712K)
[2026-06-17T09:54:28.906+0800][45.154s][info][gc,metaspace   ] GC(1206) Metaspace: 3166K(4864K)->3166K(4864K) NonClass: 2861K(4352K)->2861K(4352K) Class: 305K(512K)->305K(512K)
[2026-06-17T09:54:28.907+0800][45.155s][info][gc             ] GC(1206) Pause Young (Allocation Failure) 51M->37M(61M) 2.598ms
[2026-06-17T09:54:28.907+0800][45.155s][info][gc,cpu         ] GC(1206) User=0.01s Sys=0.00s Real=0.00s
[2026-06-17T09:54:28.907+0800][45.156s][info][gc,start       ] GC(1207) Pause Initial Mark
[2026-06-17T09:54:28.908+0800][45.156s][info][gc             ] GC(1207) Pause Initial Mark 38M->38M(61M) 0.547ms
[2026-06-17T09:54:28.908+0800][45.157s][info][gc,cpu         ] GC(1207) User=0.00s Sys=0.00s Real=0.00s
[2026-06-17T09:54:28.909+0800][45.157s][info][gc             ] GC(1207) Concurrent Mark
[2026-06-17T09:54:28.909+0800][45.157s][info][gc,task        ] GC(1207) Using 2 workers of 5 for marking
[2026-06-17T09:54:28.910+0800][45.158s][info][gc             ] GC(1207) Concurrent Mark 1.236ms
[2026-06-17T09:54:28.910+0800][45.159s][info][gc,cpu         ] GC(1207) User=0.00s Sys=0.00s Real=0.01s
[2026-06-17T09:54:28.911+0800][45.159s][info][gc             ] GC(1207) Concurrent Preclean
[2026-06-17T09:54:28.911+0800][45.159s][info][gc             ] GC(1207) Concurrent Preclean 0.394ms
[2026-06-17T09:54:28.911+0800][45.160s][info][gc,cpu         ] GC(1207) User=0.00s Sys=0.00s Real=0.00s
[2026-06-17T09:54:28.912+0800][45.160s][info][gc,start       ] GC(1207) Pause Remark
[2026-06-17T09:54:28.913+0800][45.161s][info][gc             ] GC(1207) Pause Remark 38M->38M(61M) 0.967ms
[2026-06-17T09:54:28.913+0800][45.161s][info][gc,cpu         ] GC(1207) User=0.00s Sys=0.00s Real=0.00s
[2026-06-17T09:54:28.914+0800][45.162s][info][gc             ] GC(1207) Concurrent Sweep
[2026-06-17T09:54:28.914+0800][45.162s][info][gc             ] GC(1207) Concurrent Sweep 0.353ms
[2026-06-17T09:54:28.914+0800][45.162s][info][gc,cpu         ] GC(1207) User=0.00s Sys=0.00s Real=0.00s
[2026-06-17T09:54:28.915+0800][45.163s][info][gc             ] GC(1207) Concurrent Reset
[2026-06-17T09:54:28.915+0800][45.163s][info][gc             ] GC(1207) Concurrent Reset 0.361ms
[2026-06-17T09:54:28.915+0800][45.163s][info][gc,cpu         ] GC(1207) User=0.00s Sys=0.00s Real=0.00s
[2026-06-17T09:54:28.916+0800][45.164s][info][gc,heap        ] GC(1207) Old: 36422K->25127K(43712K)
[2026-06-17T09:54:28.961+0800][45.209s][info][gc,start       ] GC(1208) Pause Young (Allocation Failure)
[2026-06-17T09:54:28.965+0800][45.213s][info][gc,task        ] GC(1208) Using 2 workers of 18 for evacuation
[2026-06-17T09:54:28.967+0800][45.215s][info][gc,heap        ] GC(1208) ParNew: 19569K->2173K(19648K)
[2026-06-17T09:54:28.970+0800][45.218s][info][gc,heap        ] GC(1208) CMS: 25127K->29216K(43712K)
[2026-06-17T09:54:28.974+0800][45.222s][info][gc,metaspace   ] GC(1208) Metaspace: 3166K(4864K)->3166K(4864K) NonClass: 2861K(4352K)->2861K(4352K) Class: 305K(512K)->305K(512K)
[2026-06-17T09:54:28.977+0800][45.226s][info][gc             ] GC(1208) Pause Young (Allocation Failure) 43M->30M(61M) 16.345ms
[2026-06-17T09:54:28.978+0800][45.226s][info][gc,cpu         ] GC(1208) User=0.00s Sys=0.00s Real=0.02s
[2026-06-17T09:54:29.021+0800][45.270s][info][gc,start       ] GC(1209) Pause Young (Allocation Failure)
[2026-06-17T09:54:29.022+0800][45.270s][info][gc,task        ] GC(1209) Using 2 workers of 18 for evacuation
[2026-06-17T09:54:29.023+0800][45.271s][info][gc,heap        ] GC(1209) ParNew: 19640K->2170K(19648K)
[2026-06-17T09:54:29.024+0800][45.272s][info][gc,heap        ] GC(1209) CMS: 29216K->33872K(43712K)
[2026-06-17T09:54:29.024+0800][45.272s][info][gc,metaspace   ] GC(1209) Metaspace: 3166K(4864K)->3166K(4864K) NonClass: 2861K(4352K)->2861K(4352K) Class: 305K(512K)->305K(512K)
[2026-06-17T09:54:29.024+0800][45.272s][info][gc             ] GC(1209) Pause Young (Allocation Failure) 47M->35M(61M) 2.643ms
[2026-06-17T09:54:29.024+0800][45.273s][info][gc,cpu         ] GC(1209) User=0.00s Sys=0.00s Real=0.01s
[2026-06-17T09:54:29.025+0800][45.273s][info][gc,start       ] GC(1210) Pause Initial Mark
[2026-06-17T09:54:29.026+0800][45.274s][info][gc             ] GC(1210) Pause Initial Mark 36M->36M(61M) 0.464ms
[2026-06-17T09:54:29.026+0800][45.274s][info][gc,cpu         ] GC(1210) User=0.00s Sys=0.00s Real=0.00s
[2026-06-17T09:54:29.026+0800][45.274s][info][gc             ] GC(1210) Concurrent Mark
[2026-06-17T09:54:29.027+0800][45.275s][info][gc,task        ] GC(1210) Using 2 workers of 5 for marking
[2026-06-17T09:54:29.027+0800][45.275s][info][gc             ] GC(1210) Concurrent Mark 0.992ms
[2026-06-17T09:54:29.028+0800][45.276s][info][gc,cpu         ] GC(1210) User=0.00s Sys=0.00s Real=0.00s
[2026-06-17T09:54:29.028+0800][45.276s][info][gc             ] GC(1210) Concurrent Preclean
[2026-06-17T09:54:29.028+0800][45.276s][info][gc             ] GC(1210) Concurrent Preclean 0.279ms
[2026-06-17T09:54:29.028+0800][45.277s][info][gc,cpu         ] GC(1210) User=0.00s Sys=0.00s Real=0.00s
[2026-06-17T09:54:29.029+0800][45.277s][info][gc             ] GC(1210) Concurrent Abortable Preclean
[2026-06-17T09:54:29.068+0800][45.317s][info][gc,start       ] GC(1211) Pause Young (Allocation Failure)
[2026-06-17T09:54:29.069+0800][45.317s][info][gc,task        ] GC(1211) Using 2 workers of 18 for evacuation
[2026-06-17T09:54:29.070+0800][45.318s][info][gc,heap        ] GC(1211) ParNew: 19610K->2171K(19648K)
[2026-06-17T09:54:29.071+0800][45.319s][info][gc,heap        ] GC(1211) CMS: 33872K->39619K(43712K)
[2026-06-17T09:54:29.071+0800][45.319s][info][gc,metaspace   ] GC(1211) Metaspace: 3166K(4864K)->3166K(4864K) NonClass: 2861K(4352K)->2861K(4352K) Class: 305K(512K)->305K(512K)
[2026-06-17T09:54:29.071+0800][45.320s][info][gc             ] GC(1211) Pause Young (Allocation Failure) 52M->40M(61M) 2.935ms
[2026-06-17T09:54:29.072+0800][45.320s][info][gc,cpu         ] GC(1211) User=0.00s Sys=0.00s Real=0.01s
[2026-06-17T09:54:29.124+0800][45.372s][info][gc,start       ] GC(1212) Pause Young (Allocation Failure)
[2026-06-17T09:54:29.124+0800][45.373s][info][gc,task        ] GC(1212) Using 2 workers of 18 for evacuation
[2026-06-17T09:54:29.125+0800][45.373s][info][gc,start       ] GC(1213) Pause Full (Allocation Failure)
[2026-06-17T09:54:29.125+0800][45.373s][info][gc             ] GC(1210) Concurrent Abortable Preclean 96.611ms
[2026-06-17T09:54:29.126+0800][45.374s][info][gc,cpu         ] GC(1210) User=0.00s Sys=0.00s Real=0.10s
[2026-06-17T09:54:29.126+0800][45.374s][info][gc,phases,start] GC(1213) Phase 1: Mark live objects
[2026-06-17T09:54:29.127+0800][45.375s][info][gc,phases      ] GC(1213) Phase 1: Mark live objects 0.916ms
[2026-06-17T09:54:29.128+0800][45.376s][info][gc,phases,start] GC(1213) Phase 2: Compute new object addresses
[2026-06-17T09:54:29.128+0800][45.376s][info][gc,phases      ] GC(1213) Phase 2: Compute new object addresses 0.482ms
[2026-06-17T09:54:29.129+0800][45.377s][info][gc,phases,start] GC(1213) Phase 3: Adjust pointers
[2026-06-17T09:54:29.129+0800][45.377s][info][gc,phases      ] GC(1213) Phase 3: Adjust pointers 0.642ms
[2026-06-17T09:54:29.130+0800][45.378s][info][gc,phases,start] GC(1213) Phase 4: Move objects
[2026-06-17T09:54:29.132+0800][45.380s][info][gc,phases      ] GC(1213) Phase 4: Move objects 2.762ms
[2026-06-17T09:54:29.133+0800][45.381s][info][gc             ] GC(1213) Pause Full (Allocation Failure) 57M->23M(61M) 8.407ms
[2026-06-17T09:54:29.134+0800][45.382s][info][gc,heap        ] GC(1212) ParNew: 19626K->0K(19648K)
[2026-06-17T09:54:29.134+0800][45.382s][info][gc,heap        ] GC(1212) CMS: 39619K->24160K(43712K)
[2026-06-17T09:54:29.135+0800][45.384s][info][gc,metaspace   ] GC(1212) Metaspace: 3166K(4864K)->3166K(4864K) NonClass: 2861K(4352K)->2861K(4352K) Class: 305K(512K)->305K(512K)
[2026-06-17T09:54:29.137+0800][45.385s][info][gc             ] GC(1212) Pause Young (Allocation Failure) 57M->23M(61M) 13.088ms
[2026-06-17T09:54:29.138+0800][45.386s][info][gc,cpu         ] GC(1212) User=0.01s Sys=0.00s Real=0.01s
[2026-06-17T09:54:29.180+0800][45.428s][info][gc,start       ] GC(1214) Pause Young (Allocation Failure)
[2026-06-17T09:54:29.180+0800][45.429s][info][gc,task        ] GC(1214) Using 2 workers of 18 for evacuation
[2026-06-17T09:54:29.181+0800][45.430s][info][gc,heap        ] GC(1214) ParNew: 17468K->2175K(19648K)
[2026-06-17T09:54:29.182+0800][45.430s][info][gc,heap        ] GC(1214) CMS: 24160K->28596K(43712K)
[2026-06-17T09:54:29.182+0800][45.431s][info][gc,metaspace   ] GC(1214) Metaspace: 3166K(4864K)->3166K(4864K) NonClass: 2861K(4352K)->2861K(4352K) Class: 305K(512K)->305K(512K)
[2026-06-17T09:54:29.183+0800][45.431s][info][gc             ] GC(1214) Pause Young (Allocation Failure) 40M->30M(61M) 3.060ms
[2026-06-17T09:54:29.184+0800][45.432s][info][gc,cpu         ] GC(1214) User=0.00s Sys=0.00s Real=0.01s
[2026-06-17T09:54:29.226+0800][45.474s][info][gc,start       ] GC(1215) Pause Young (Allocation Failure)
[2026-06-17T09:54:29.228+0800][45.476s][info][gc,task        ] GC(1215) Using 2 workers of 18 for evacuation
[2026-06-17T09:54:29.233+0800][45.482s][info][gc,heap        ] GC(1215) ParNew: 19647K->2174K(19648K)
[2026-06-17T09:54:29.235+0800][45.484s][info][gc,heap        ] GC(1215) CMS: 28596K->35490K(43712K)
[2026-06-17T09:54:29.236+0800][45.484s][info][gc,metaspace   ] GC(1215) Metaspace: 3166K(4864K)->3166K(4864K) NonClass: 2861K(4352K)->2861K(4352K) Class: 305K(512K)->305K(512K)
[2026-06-17T09:54:29.236+0800][45.484s][info][gc             ] GC(1215) Pause Young (Allocation Failure) 47M->36M(61M) 10.078ms
[2026-06-17T09:54:29.237+0800][45.485s][info][gc,cpu         ] GC(1215) User=0.00s Sys=0.00s Real=0.01s
[2026-06-17T09:54:29.237+0800][45.486s][info][gc,start       ] GC(1216) Pause Initial Mark
[2026-06-17T09:54:29.238+0800][45.486s][info][gc             ] GC(1216) Pause Initial Mark 38M->38M(61M) 0.671ms
[2026-06-17T09:54:29.239+0800][45.487s][info][gc,cpu         ] GC(1216) User=0.00s Sys=0.00s Real=0.00s
[2026-06-17T09:54:29.245+0800][45.493s][info][gc             ] GC(1216) Concurrent Mark
[2026-06-17T09:54:29.249+0800][45.498s][info][gc,task        ] GC(1216) Using 2 workers of 5 for marking
[2026-06-17T09:54:29.252+0800][45.500s][info][gc             ] GC(1216) Concurrent Mark 6.892ms
[2026-06-17T09:54:29.253+0800][45.501s][info][gc,cpu         ] GC(1216) User=0.00s Sys=0.00s Real=0.01s
[2026-06-17T09:54:29.253+0800][45.501s][info][gc             ] GC(1216) Concurrent Preclean
[2026-06-17T09:54:29.254+0800][45.502s][info][gc             ] GC(1216) Concurrent Preclean 0.494ms
[2026-06-17T09:54:29.254+0800][45.502s][info][gc,cpu         ] GC(1216) User=0.00s Sys=0.00s Real=0.00s
[2026-06-17T09:54:29.257+0800][45.505s][info][gc             ] GC(1216) Concurrent Abortable Preclean
[2026-06-17T09:54:29.258+0800][45.506s][info][gc             ] GC(1216) Concurrent Abortable Preclean 0.639ms
[2026-06-17T09:54:29.260+0800][45.508s][info][gc,cpu         ] GC(1216) User=0.00s Sys=0.00s Real=0.00s
[2026-06-17T09:54:29.261+0800][45.509s][info][gc,start       ] GC(1216) Pause Remark
[2026-06-17T09:54:29.262+0800][45.511s][info][gc             ] GC(1216) Pause Remark 45M->45M(61M) 1.012ms
[2026-06-17T09:54:29.263+0800][45.511s][info][gc,cpu         ] GC(1216) User=0.00s Sys=0.00s Real=0.01s
[2026-06-17T09:54:29.264+0800][45.512s][info][gc             ] GC(1216) Concurrent Sweep
[2026-06-17T09:54:29.264+0800][45.512s][info][gc             ] GC(1216) Concurrent Sweep 0.472ms
[2026-06-17T09:54:29.265+0800][45.513s][info][gc,cpu         ] GC(1216) User=0.00s Sys=0.00s Real=0.00s
[2026-06-17T09:54:29.265+0800][45.513s][info][gc             ] GC(1216) Concurrent Reset
[2026-06-17T09:54:29.267+0800][45.515s][info][gc             ] GC(1216) Concurrent Reset 1.704ms
[2026-06-17T09:54:29.267+0800][45.516s][info][gc,cpu         ] GC(1216) User=0.00s Sys=0.00s Real=0.00s
[2026-06-17T09:54:29.268+0800][45.516s][info][gc,heap        ] GC(1216) Old: 35490K->21012K(43712K)
[2026-06-17T09:54:29.287+0800][45.535s][info][gc,start       ] GC(1217) Pause Young (Allocation Failure)
[2026-06-17T09:54:29.287+0800][45.535s][info][gc,task        ] GC(1217) Using 2 workers of 18 for evacuation
[2026-06-17T09:54:29.288+0800][45.536s][info][gc,heap        ] GC(1217) ParNew: 19608K->2175K(19648K)
[2026-06-17T09:54:29.289+0800][45.537s][info][gc,heap        ] GC(1217) CMS: 21012K->23815K(43712K)
[2026-06-17T09:54:29.289+0800][45.537s][info][gc,metaspace   ] GC(1217) Metaspace: 3166K(4864K)->3166K(4864K) NonClass: 2861K(4352K)->2861K(4352K) Class: 305K(512K)->305K(512K)
[2026-06-17T09:54:29.289+0800][45.538s][info][gc             ] GC(1217) Pause Young (Allocation Failure) 39M->25M(61M) 2.585ms
[2026-06-17T09:54:29.290+0800][45.538s][info][gc,cpu         ] GC(1217) User=0.00s Sys=0.00s Real=0.00s
[2026-06-17T09:54:29.332+0800][45.580s][info][gc,start       ] GC(1218) Pause Young (Allocation Failure)
[2026-06-17T09:54:29.333+0800][45.581s][info][gc,task        ] GC(1218) Using 2 workers of 18 for evacuation
[2026-06-17T09:54:29.335+0800][45.583s][info][gc,heap        ] GC(1218) ParNew: 19641K->2171K(19648K)
[2026-06-17T09:54:29.336+0800][45.584s][info][gc,heap        ] GC(1218) CMS: 23815K->28900K(43712K)
[2026-06-17T09:54:29.336+0800][45.584s][info][gc,metaspace   ] GC(1218) Metaspace: 3166K(4864K)->3166K(4864K) NonClass: 2861K(4352K)->2861K(4352K) Class: 305K(512K)->305K(512K)
[2026-06-17T09:54:29.336+0800][45.584s][info][gc             ] GC(1218) Pause Young (Allocation Failure) 42M->30M(61M) 4.027ms
[2026-06-17T09:54:29.337+0800][45.585s][info][gc,cpu         ] GC(1218) User=0.00s Sys=0.00s Real=0.00s
[2026-06-17T09:54:29.379+0800][45.627s][info][gc,start       ] GC(1219) Pause Young (Allocation Failure)
[2026-06-17T09:54:29.380+0800][45.628s][info][gc,task        ] GC(1219) Using 2 workers of 18 for evacuation
[2026-06-17T09:54:29.381+0800][45.629s][info][gc,heap        ] GC(1219) ParNew: 19638K->2174K(19648K)
[2026-06-17T09:54:29.381+0800][45.629s][info][gc,heap        ] GC(1219) CMS: 28900K->33455K(43712K)
[2026-06-17T09:54:29.382+0800][45.630s][info][gc,metaspace   ] GC(1219) Metaspace: 3166K(4864K)->3166K(4864K) NonClass: 2861K(4352K)->2861K(4352K) Class: 305K(512K)->305K(512K)
[2026-06-17T09:54:29.382+0800][45.630s][info][gc             ] GC(1219) Pause Young (Allocation Failure) 47M->34M(61M) 2.859ms
[2026-06-17T09:54:29.382+0800][45.631s][info][gc,cpu         ] GC(1219) User=0.00s Sys=0.00s Real=0.01s
[2026-06-17T09:54:29.383+0800][45.631s][info][gc,start       ] GC(1220) Pause Initial Mark
[2026-06-17T09:54:29.383+0800][45.632s][info][gc             ] GC(1220) Pause Initial Mark 35M->35M(61M) 0.483ms
[2026-06-17T09:54:29.384+0800][45.632s][info][gc,cpu         ] GC(1220) User=0.00s Sys=0.00s Real=0.00s
[2026-06-17T09:54:29.385+0800][45.633s][info][gc             ] GC(1220) Concurrent Mark
[2026-06-17T09:54:29.385+0800][45.633s][info][gc,task        ] GC(1220) Using 2 workers of 5 for marking
[2026-06-17T09:54:29.386+0800][45.634s][info][gc             ] GC(1220) Concurrent Mark 1.339ms
[2026-06-17T09:54:29.386+0800][45.635s][info][gc,cpu         ] GC(1220) User=0.00s Sys=0.00s Real=0.00s
[2026-06-17T09:54:29.387+0800][45.635s][info][gc             ] GC(1220) Concurrent Preclean
[2026-06-17T09:54:29.387+0800][45.635s][info][gc             ] GC(1220) Concurrent Preclean 0.405ms
[2026-06-17T09:54:29.387+0800][45.636s][info][gc,cpu         ] GC(1220) User=0.00s Sys=0.00s Real=0.00s
[2026-06-17T09:54:29.388+0800][45.636s][info][gc,start       ] GC(1220) Pause Remark
[2026-06-17T09:54:29.389+0800][45.637s][info][gc             ] GC(1220) Pause Remark 35M->35M(61M) 0.864ms
[2026-06-17T09:54:29.389+0800][45.637s][info][gc,cpu         ] GC(1220) User=0.00s Sys=0.00s Real=0.00s
[2026-06-17T09:54:29.390+0800][45.638s][info][gc             ] GC(1220) Concurrent Sweep
[2026-06-17T09:54:29.390+0800][45.638s][info][gc             ] GC(1220) Concurrent Sweep 0.494ms
[2026-06-17T09:54:29.391+0800][45.639s][info][gc,cpu         ] GC(1220) User=0.00s Sys=0.00s Real=0.01s
[2026-06-17T09:54:29.391+0800][45.639s][info][gc             ] GC(1220) Concurrent Reset
[2026-06-17T09:54:29.391+0800][45.640s][info][gc             ] GC(1220) Concurrent Reset 0.425ms
[2026-06-17T09:54:29.392+0800][45.640s][info][gc,cpu         ] GC(1220) User=0.00s Sys=0.00s Real=0.00s
[2026-06-17T09:54:29.392+0800][45.640s][info][gc,heap        ] GC(1220) Old: 33455K->30018K(43712K)
[2026-06-17T09:54:29.425+0800][45.673s][info][gc,start       ] GC(1221) Pause Young (Allocation Failure)
[2026-06-17T09:54:29.425+0800][45.674s][info][gc,task        ] GC(1221) Using 2 workers of 18 for evacuation
[2026-06-17T09:54:29.427+0800][45.675s][info][gc,heap        ] GC(1221) ParNew: 19358K->2175K(19648K)
[2026-06-17T09:54:29.428+0800][45.676s][info][gc,heap        ] GC(1221) CMS: 30018K->32196K(43712K)
[2026-06-17T09:54:29.428+0800][45.676s][info][gc,metaspace   ] GC(1221) Metaspace: 3166K(4864K)->3166K(4864K) NonClass: 2861K(4352K)->2861K(4352K) Class: 305K(512K)->305K(512K)
[2026-06-17T09:54:29.428+0800][45.677s][info][gc             ] GC(1221) Pause Young (Allocation Failure) 48M->33M(61M) 3.614ms
[2026-06-17T09:54:29.429+0800][45.677s][info][gc,cpu         ] GC(1221) User=0.00s Sys=0.00s Real=0.00s
[2026-06-17T09:54:29.471+0800][45.720s][info][gc,start       ] GC(1222) Pause Young (Allocation Failure)
[2026-06-17T09:54:29.472+0800][45.720s][info][gc,task        ] GC(1222) Using 2 workers of 18 for evacuation
[2026-06-17T09:54:29.473+0800][45.721s][info][gc,heap        ] GC(1222) ParNew: 19647K->2168K(19648K)
[2026-06-17T09:54:29.474+0800][45.722s][info][gc,heap        ] GC(1222) CMS: 32196K->39036K(43712K)
[2026-06-17T09:54:29.474+0800][45.722s][info][gc,metaspace   ] GC(1222) Metaspace: 3166K(4864K)->3166K(4864K) NonClass: 2861K(4352K)->2861K(4352K) Class: 305K(512K)->305K(512K)
[2026-06-17T09:54:29.475+0800][45.723s][info][gc             ] GC(1222) Pause Young (Allocation Failure) 50M->40M(61M) 3.254ms
[2026-06-17T09:54:29.475+0800][45.723s][info][gc,cpu         ] GC(1222) User=0.01s Sys=0.00s Real=0.00s
[2026-06-17T09:54:29.476+0800][45.724s][info][gc,start       ] GC(1223) Pause Initial Mark
[2026-06-17T09:54:29.476+0800][45.724s][info][gc             ] GC(1223) Pause Initial Mark 40M->40M(61M) 0.450ms
[2026-06-17T09:54:29.476+0800][45.725s][info][gc,cpu         ] GC(1223) User=0.00s Sys=0.00s Real=0.00s
[2026-06-17T09:54:29.477+0800][45.725s][info][gc             ] GC(1223) Concurrent Mark
[2026-06-17T09:54:29.477+0800][45.725s][info][gc,task        ] GC(1223) Using 2 workers of 5 for marking
[2026-06-17T09:54:29.478+0800][45.726s][info][gc             ] GC(1223) Concurrent Mark 1.104ms
[2026-06-17T09:54:29.478+0800][45.726s][info][gc,cpu         ] GC(1223) User=0.00s Sys=0.00s Real=0.00s
[2026-06-17T09:54:29.479+0800][45.727s][info][gc             ] GC(1223) Concurrent Preclean
[2026-06-17T09:54:29.479+0800][45.727s][info][gc             ] GC(1223) Concurrent Preclean 0.234ms
[2026-06-17T09:54:29.479+0800][45.727s][info][gc,cpu         ] GC(1223) User=0.00s Sys=0.00s Real=0.00s
[2026-06-17T09:54:29.479+0800][45.727s][info][gc,start       ] GC(1223) Pause Remark
[2026-06-17T09:54:29.480+0800][45.728s][info][gc             ] GC(1223) Pause Remark 41M->41M(61M) 0.599ms
[2026-06-17T09:54:29.480+0800][45.728s][info][gc,cpu         ] GC(1223) User=0.00s Sys=0.00s Real=0.00s
[2026-06-17T09:54:29.480+0800][45.729s][info][gc             ] GC(1223) Concurrent Sweep
[2026-06-17T09:54:29.481+0800][45.729s][info][gc             ] GC(1223) Concurrent Sweep 0.392ms
[2026-06-17T09:54:29.481+0800][45.729s][info][gc,cpu         ] GC(1223) User=0.00s Sys=0.00s Real=0.00s
[2026-06-17T09:54:29.481+0800][45.729s][info][gc             ] GC(1223) Concurrent Reset
[2026-06-17T09:54:29.482+0800][45.730s][info][gc             ] GC(1223) Concurrent Reset 0.285ms
[2026-06-17T09:54:29.482+0800][45.730s][info][gc,cpu         ] GC(1223) User=0.00s Sys=0.00s Real=0.00s
[2026-06-17T09:54:29.482+0800][45.730s][info][gc,heap        ] GC(1223) Old: 39036K->27742K(43712K)
[2026-06-17T09:54:29.529+0800][45.777s][info][gc,start       ] GC(1224) Pause Young (Allocation Failure)
[2026-06-17T09:54:29.530+0800][45.778s][info][gc,task        ] GC(1224) Using 2 workers of 18 for evacuation
[2026-06-17T09:54:29.533+0800][45.781s][info][gc,heap        ] GC(1224) ParNew: 19632K->2119K(19648K)
[2026-06-17T09:54:29.534+0800][45.782s][info][gc,heap        ] GC(1224) CMS: 27742K->29836K(43712K)
[2026-06-17T09:54:29.536+0800][45.784s][info][gc,metaspace   ] GC(1224) Metaspace: 3166K(4864K)->3166K(4864K) NonClass: 2861K(4352K)->2861K(4352K) Class: 305K(512K)->305K(512K)
[2026-06-17T09:54:29.536+0800][45.785s][info][gc             ] GC(1224) Pause Young (Allocation Failure) 46M->31M(61M) 7.255ms
[2026-06-17T09:54:29.538+0800][45.787s][info][gc,cpu         ] GC(1224) User=0.00s Sys=0.00s Real=0.01s
[2026-06-17T09:54:29.572+0800][45.820s][info][gc,start       ] GC(1225) Pause Young (Allocation Failure)
[2026-06-17T09:54:29.573+0800][45.821s][info][gc,task        ] GC(1225) Using 2 workers of 18 for evacuation
[2026-06-17T09:54:29.574+0800][45.822s][info][gc,heap        ] GC(1225) ParNew: 19586K->2137K(19648K)
[2026-06-17T09:54:29.575+0800][45.823s][info][gc,heap        ] GC(1225) CMS: 29836K->33327K(43712K)
[2026-06-17T09:54:29.575+0800][45.824s][info][gc,metaspace   ] GC(1225) Metaspace: 3166K(4864K)->3166K(4864K) NonClass: 2861K(4352K)->2861K(4352K) Class: 305K(512K)->305K(512K)
[2026-06-17T09:54:29.576+0800][45.824s][info][gc             ] GC(1225) Pause Young (Allocation Failure) 48M->34M(61M) 3.712ms
[2026-06-17T09:54:29.578+0800][45.826s][info][gc,cpu         ] GC(1225) User=0.01s Sys=0.00s Real=0.00s
[2026-06-17T09:54:29.579+0800][45.827s][info][gc,start       ] GC(1226) Pause Initial Mark
[2026-06-17T09:54:29.580+0800][45.828s][info][gc             ] GC(1226) Pause Initial Mark 35M->35M(61M) 0.774ms
[2026-06-17T09:54:29.580+0800][45.828s][info][gc,cpu         ] GC(1226) User=0.00s Sys=0.00s Real=0.00s
[2026-06-17T09:54:29.582+0800][45.830s][info][gc             ] GC(1226) Concurrent Mark
[2026-06-17T09:54:29.584+0800][45.832s][info][gc,task        ] GC(1226) Using 2 workers of 5 for marking
[2026-06-17T09:54:29.586+0800][45.834s][info][gc             ] GC(1226) Concurrent Mark 4.191ms
[2026-06-17T09:54:29.587+0800][45.835s][info][gc,cpu         ] GC(1226) User=0.00s Sys=0.00s Real=0.01s
[2026-06-17T09:54:29.588+0800][45.836s][info][gc             ] GC(1226) Concurrent Preclean
[2026-06-17T09:54:29.588+0800][45.836s][info][gc             ] GC(1226) Concurrent Preclean 0.335ms
[2026-06-17T09:54:29.588+0800][45.837s][info][gc,cpu         ] GC(1226) User=0.00s Sys=0.00s Real=0.00s
[2026-06-17T09:54:29.589+0800][45.837s][info][gc,start       ] GC(1226) Pause Remark
[2026-06-17T09:54:29.590+0800][45.838s][info][gc             ] GC(1226) Pause Remark 35M->35M(61M) 0.736ms
[2026-06-17T09:54:29.590+0800][45.838s][info][gc,cpu         ] GC(1226) User=0.00s Sys=0.00s Real=0.00s
[2026-06-17T09:54:29.590+0800][45.839s][info][gc             ] GC(1226) Concurrent Sweep
[2026-06-17T09:54:29.591+0800][45.840s][info][gc             ] GC(1226) Concurrent Sweep 0.926ms
[2026-06-17T09:54:29.592+0800][45.840s][info][gc,cpu         ] GC(1226) User=0.00s Sys=0.00s Real=0.00s
[2026-06-17T09:54:29.593+0800][45.841s][info][gc             ] GC(1226) Concurrent Reset
[2026-06-17T09:54:29.594+0800][45.842s][info][gc             ] GC(1226) Concurrent Reset 0.555ms
[2026-06-17T09:54:29.595+0800][45.844s][info][gc,cpu         ] GC(1226) User=0.00s Sys=0.00s Real=0.00s
[2026-06-17T09:54:29.596+0800][45.844s][info][gc,heap        ] GC(1226) Old: 33327K->20853K(43712K)
[2026-06-17T09:54:29.634+0800][45.882s][info][gc,start       ] GC(1227) Pause Young (Allocation Failure)
[2026-06-17T09:54:29.635+0800][45.883s][info][gc,task        ] GC(1227) Using 2 workers of 18 for evacuation
[2026-06-17T09:54:29.636+0800][45.884s][info][gc,heap        ] GC(1227) ParNew: 19581K->2168K(19648K)
[2026-06-17T09:54:29.637+0800][45.885s][info][gc,heap        ] GC(1227) CMS: 20853K->24381K(43712K)
[2026-06-17T09:54:29.637+0800][45.885s][info][gc,metaspace   ] GC(1227) Metaspace: 3166K(4864K)->3166K(4864K) NonClass: 2861K(4352K)->2861K(4352K) Class: 305K(512K)->305K(512K)
[2026-06-17T09:54:29.638+0800][45.886s][info][gc             ] GC(1227) Pause Young (Allocation Failure) 39M->25M(61M) 3.998ms
[2026-06-17T09:54:29.639+0800][45.887s][info][gc,cpu         ] GC(1227) User=0.00s Sys=0.00s Real=0.00s
[2026-06-17T09:54:29.682+0800][45.930s][info][gc,start       ] GC(1228) Pause Young (Allocation Failure)
[2026-06-17T09:54:29.682+0800][45.930s][info][gc,task        ] GC(1228) Using 2 workers of 18 for evacuation
[2026-06-17T09:54:29.684+0800][45.932s][info][gc,heap        ] GC(1228) ParNew: 19640K->2171K(19648K)
[2026-06-17T09:54:29.684+0800][45.932s][info][gc,heap        ] GC(1228) CMS: 24381K->28061K(43712K)
[2026-06-17T09:54:29.685+0800][45.933s][info][gc,metaspace   ] GC(1228) Metaspace: 3166K(4864K)->3166K(4864K) NonClass: 2861K(4352K)->2861K(4352K) Class: 305K(512K)->305K(512K)
[2026-06-17T09:54:29.685+0800][45.933s][info][gc             ] GC(1228) Pause Young (Allocation Failure) 42M->29M(61M) 3.231ms
[2026-06-17T09:54:29.685+0800][45.933s][info][gc,cpu         ] GC(1228) User=0.00s Sys=0.00s Real=0.01s
[2026-06-17T09:54:29.727+0800][45.976s][info][gc,start       ] GC(1229) Pause Young (Allocation Failure)
[2026-06-17T09:54:29.728+0800][45.976s][info][gc,task        ] GC(1229) Using 2 workers of 18 for evacuation
[2026-06-17T09:54:29.729+0800][45.977s][info][gc,heap        ] GC(1229) ParNew: 19634K->2091K(19648K)
[2026-06-17T09:54:29.729+0800][45.977s][info][gc,heap        ] GC(1229) CMS: 28061K->32454K(43712K)
[2026-06-17T09:54:29.730+0800][45.978s][info][gc,metaspace   ] GC(1229) Metaspace: 3166K(4864K)->3166K(4864K) NonClass: 2861K(4352K)->2861K(4352K) Class: 305K(512K)->305K(512K)
[2026-06-17T09:54:29.730+0800][45.978s][info][gc             ] GC(1229) Pause Young (Allocation Failure) 46M->33M(61M) 2.577ms
[2026-06-17T09:54:29.730+0800][45.978s][info][gc,cpu         ] GC(1229) User=0.00s Sys=0.00s Real=0.00s
[2026-06-17T09:54:29.773+0800][46.021s][info][gc,start       ] GC(1230) Pause Young (Allocation Failure)
[2026-06-17T09:54:29.773+0800][46.022s][info][gc,task        ] GC(1230) Using 2 workers of 18 for evacuation
[2026-06-17T09:54:29.775+0800][46.023s][info][gc,heap        ] GC(1230) ParNew: 19518K->2173K(19648K)
[2026-06-17T09:54:29.775+0800][46.023s][info][gc,heap        ] GC(1230) CMS: 32454K->35759K(43712K)
[2026-06-17T09:54:29.775+0800][46.023s][info][gc,metaspace   ] GC(1230) Metaspace: 3166K(4864K)->3166K(4864K) NonClass: 2861K(4352K)->2861K(4352K) Class: 305K(512K)->305K(512K)
[2026-06-17T09:54:29.775+0800][46.023s][info][gc             ] GC(1230) Pause Young (Allocation Failure) 50M->37M(61M) 2.454ms
[2026-06-17T09:54:29.775+0800][46.024s][info][gc,cpu         ] GC(1230) User=0.00s Sys=0.00s Real=0.00s
[2026-06-17T09:54:29.776+0800][46.024s][info][gc,start       ] GC(1231) Pause Initial Mark
[2026-06-17T09:54:29.776+0800][46.024s][info][gc             ] GC(1231) Pause Initial Mark 38M->38M(61M) 0.344ms
[2026-06-17T09:54:29.776+0800][46.025s][info][gc,cpu         ] GC(1231) User=0.00s Sys=0.00s Real=0.00s
[2026-06-17T09:54:29.777+0800][46.025s][info][gc             ] GC(1231) Concurrent Mark
[2026-06-17T09:54:29.777+0800][46.025s][info][gc,task        ] GC(1231) Using 2 workers of 5 for marking
[2026-06-17T09:54:29.778+0800][46.026s][info][gc             ] GC(1231) Concurrent Mark 1.171ms
[2026-06-17T09:54:29.778+0800][46.026s][info][gc,cpu         ] GC(1231) User=0.00s Sys=0.00s Real=0.00s
[2026-06-17T09:54:29.778+0800][46.026s][info][gc             ] GC(1231) Concurrent Preclean
[2026-06-17T09:54:29.779+0800][46.027s][info][gc             ] GC(1231) Concurrent Preclean 0.442ms
[2026-06-17T09:54:29.780+0800][46.028s][info][gc,cpu         ] GC(1231) User=0.00s Sys=0.00s Real=0.00s
[2026-06-17T09:54:29.780+0800][46.028s][info][gc,start       ] GC(1231) Pause Remark
[2026-06-17T09:54:29.781+0800][46.029s][info][gc             ] GC(1231) Pause Remark 38M->38M(61M) 0.540ms
[2026-06-17T09:54:29.781+0800][46.029s][info][gc,cpu         ] GC(1231) User=0.00s Sys=0.00s Real=0.00s
[2026-06-17T09:54:29.781+0800][46.029s][info][gc             ] GC(1231) Concurrent Sweep
[2026-06-17T09:54:29.781+0800][46.030s][info][gc             ] GC(1231) Concurrent Sweep 0.320ms
[2026-06-17T09:54:29.782+0800][46.030s][info][gc,cpu         ] GC(1231) User=0.00s Sys=0.00s Real=0.00s
[2026-06-17T09:54:29.782+0800][46.030s][info][gc             ] GC(1231) Concurrent Reset
[2026-06-17T09:54:29.782+0800][46.030s][info][gc             ] GC(1231) Concurrent Reset 0.173ms
[2026-06-17T09:54:29.782+0800][46.030s][info][gc,cpu         ] GC(1231) User=0.00s Sys=0.00s Real=0.00s
[2026-06-17T09:54:29.782+0800][46.030s][info][gc,heap        ] GC(1231) Old: 35759K->24365K(43712K)
[2026-06-17T09:54:29.819+0800][46.067s][info][gc,start       ] GC(1232) Pause Young (Allocation Failure)
[2026-06-17T09:54:29.819+0800][46.067s][info][gc,task        ] GC(1232) Using 2 workers of 18 for evacuation
[2026-06-17T09:54:29.820+0800][46.068s][info][gc,heap        ] GC(1232) ParNew: 19645K->2084K(19648K)
[2026-06-17T09:54:29.821+0800][46.069s][info][gc,heap        ] GC(1232) CMS: 24365K->25620K(43712K)
[2026-06-17T09:54:29.821+0800][46.069s][info][gc,metaspace   ] GC(1232) Metaspace: 3166K(4864K)->3166K(4864K) NonClass: 2861K(4352K)->2861K(4352K) Class: 305K(512K)->305K(512K)
[2026-06-17T09:54:29.821+0800][46.069s][info][gc             ] GC(1232) Pause Young (Allocation Failure) 42M->27M(61M) 2.529ms
[2026-06-17T09:54:29.822+0800][46.070s][info][gc,cpu         ] GC(1232) User=0.00s Sys=0.00s Real=0.00s
[2026-06-17T09:54:29.865+0800][46.113s][info][gc,start       ] GC(1233) Pause Young (Allocation Failure)
[2026-06-17T09:54:29.866+0800][46.114s][info][gc,task        ] GC(1233) Using 2 workers of 18 for evacuation
[2026-06-17T09:54:29.867+0800][46.115s][info][gc,heap        ] GC(1233) ParNew: 19546K->2171K(19648K)
[2026-06-17T09:54:29.868+0800][46.116s][info][gc,heap        ] GC(1233) CMS: 25620K->32396K(43712K)
[2026-06-17T09:54:29.868+0800][46.116s][info][gc,metaspace   ] GC(1233) Metaspace: 3166K(4864K)->3166K(4864K) NonClass: 2861K(4352K)->2861K(4352K) Class: 305K(512K)->305K(512K)
[2026-06-17T09:54:29.868+0800][46.116s][info][gc             ] GC(1233) Pause Young (Allocation Failure) 44M->33M(61M) 3.269ms
[2026-06-17T09:54:29.869+0800][46.117s][info][gc,cpu         ] GC(1233) User=0.00s Sys=0.00s Real=0.00s
[2026-06-17T09:54:29.869+0800][46.117s][info][gc,start       ] GC(1234) Pause Initial Mark
[2026-06-17T09:54:29.870+0800][46.118s][info][gc             ] GC(1234) Pause Initial Mark 34M->34M(61M) 1.244ms
[2026-06-17T09:54:29.871+0800][46.119s][info][gc,cpu         ] GC(1234) User=0.00s Sys=0.00s Real=0.01s
[2026-06-17T09:54:29.871+0800][46.119s][info][gc             ] GC(1234) Concurrent Mark
[2026-06-17T09:54:29.871+0800][46.119s][info][gc,task        ] GC(1234) Using 2 workers of 5 for marking
[2026-06-17T09:54:29.872+0800][46.120s][info][gc             ] GC(1234) Concurrent Mark 1.137ms
[2026-06-17T09:54:29.872+0800][46.120s][info][gc,cpu         ] GC(1234) User=0.00s Sys=0.00s Real=0.00s
[2026-06-17T09:54:29.872+0800][46.121s][info][gc             ] GC(1234) Concurrent Preclean
[2026-06-17T09:54:29.873+0800][46.121s][info][gc             ] GC(1234) Concurrent Preclean 0.193ms
[2026-06-17T09:54:29.873+0800][46.121s][info][gc,cpu         ] GC(1234) User=0.00s Sys=0.00s Real=0.00s
[2026-06-17T09:54:29.873+0800][46.121s][info][gc,start       ] GC(1234) Pause Remark
[2026-06-17T09:54:29.873+0800][46.122s][info][gc             ] GC(1234) Pause Remark 34M->34M(61M) 0.502ms
[2026-06-17T09:54:29.874+0800][46.122s][info][gc,cpu         ] GC(1234) User=0.00s Sys=0.00s Real=0.00s
[2026-06-17T09:54:29.874+0800][46.122s][info][gc             ] GC(1234) Concurrent Sweep
[2026-06-17T09:54:29.874+0800][46.122s][info][gc             ] GC(1234) Concurrent Sweep 0.311ms
[2026-06-17T09:54:29.874+0800][46.122s][info][gc,cpu         ] GC(1234) User=0.00s Sys=0.00s Real=0.00s
[2026-06-17T09:54:29.875+0800][46.123s][info][gc             ] GC(1234) Concurrent Reset
[2026-06-17T09:54:29.875+0800][46.123s][info][gc             ] GC(1234) Concurrent Reset 0.119ms
[2026-06-17T09:54:29.875+0800][46.123s][info][gc,cpu         ] GC(1234) User=0.00s Sys=0.00s Real=0.00s
[2026-06-17T09:54:29.875+0800][46.123s][info][gc,heap        ] GC(1234) Old: 32396K->31486K(43712K)
[2026-06-17T09:54:29.911+0800][46.160s][info][gc,start       ] GC(1235) Pause Young (Allocation Failure)
[2026-06-17T09:54:29.912+0800][46.160s][info][gc,task        ] GC(1235) Using 2 workers of 18 for evacuation
[2026-06-17T09:54:29.914+0800][46.162s][info][gc,heap        ] GC(1235) ParNew: 19643K->2175K(19648K)
[2026-06-17T09:54:29.914+0800][46.162s][info][gc,heap        ] GC(1235) CMS: 31486K->36660K(43712K)
[2026-06-17T09:54:29.915+0800][46.163s][info][gc,metaspace   ] GC(1235) Metaspace: 3166K(4864K)->3166K(4864K) NonClass: 2861K(4352K)->2861K(4352K) Class: 305K(512K)->305K(512K)
[2026-06-17T09:54:29.915+0800][46.163s][info][gc             ] GC(1235) Pause Young (Allocation Failure) 49M->37M(61M) 3.856ms
[2026-06-17T09:54:29.916+0800][46.164s][info][gc,cpu         ] GC(1235) User=0.00s Sys=0.00s Real=0.00s
[2026-06-17T09:54:29.916+0800][46.164s][info][gc,start       ] GC(1236) Pause Initial Mark
[2026-06-17T09:54:29.917+0800][46.165s][info][gc             ] GC(1236) Pause Initial Mark 37M->37M(61M) 0.460ms
[2026-06-17T09:54:29.917+0800][46.165s][info][gc,cpu         ] GC(1236) User=0.00s Sys=0.00s Real=0.00s
[2026-06-17T09:54:29.917+0800][46.165s][info][gc             ] GC(1236) Concurrent Mark
[2026-06-17T09:54:29.918+0800][46.166s][info][gc,task        ] GC(1236) Using 2 workers of 5 for marking
[2026-06-17T09:54:29.919+0800][46.167s][info][gc             ] GC(1236) Concurrent Mark 1.429ms
[2026-06-17T09:54:29.919+0800][46.167s][info][gc,cpu         ] GC(1236) User=0.00s Sys=0.00s Real=0.00s
[2026-06-17T09:54:29.919+0800][46.167s][info][gc             ] GC(1236) Concurrent Preclean
[2026-06-17T09:54:29.920+0800][46.168s][info][gc             ] GC(1236) Concurrent Preclean 0.275ms
[2026-06-17T09:54:29.920+0800][46.168s][info][gc,cpu         ] GC(1236) User=0.00s Sys=0.00s Real=0.00s
[2026-06-17T09:54:29.920+0800][46.168s][info][gc,start       ] GC(1236) Pause Remark
[2026-06-17T09:54:29.921+0800][46.169s][info][gc             ] GC(1236) Pause Remark 37M->37M(61M) 0.545ms
[2026-06-17T09:54:29.921+0800][46.169s][info][gc,cpu         ] GC(1236) User=0.00s Sys=0.00s Real=0.00s
[2026-06-17T09:54:29.921+0800][46.169s][info][gc             ] GC(1236) Concurrent Sweep
[2026-06-17T09:54:29.922+0800][46.170s][info][gc             ] GC(1236) Concurrent Sweep 0.320ms
[2026-06-17T09:54:29.922+0800][46.170s][info][gc,cpu         ] GC(1236) User=0.00s Sys=0.00s Real=0.00s
[2026-06-17T09:54:29.922+0800][46.170s][info][gc             ] GC(1236) Concurrent Reset
[2026-06-17T09:54:29.922+0800][46.170s][info][gc             ] GC(1236) Concurrent Reset 0.172ms
[2026-06-17T09:54:29.922+0800][46.170s][info][gc,cpu         ] GC(1236) User=0.00s Sys=0.00s Real=0.00s
[2026-06-17T09:54:29.922+0800][46.171s][info][gc,heap        ] GC(1236) Old: 36660K->34436K(43712K)
[2026-06-17T09:54:29.958+0800][46.206s][info][gc,start       ] GC(1237) Pause Young (Allocation Failure)
[2026-06-17T09:54:29.959+0800][46.208s][info][gc,task        ] GC(1237) Using 2 workers of 18 for evacuation
[2026-06-17T09:54:29.961+0800][46.209s][info][gc,heap        ] GC(1237) ParNew: 19591K->2024K(19648K)
[2026-06-17T09:54:29.961+0800][46.209s][info][gc,heap        ] GC(1237) CMS: 34436K->36715K(43712K)
[2026-06-17T09:54:29.962+0800][46.210s][info][gc,metaspace   ] GC(1237) Metaspace: 3166K(4864K)->3166K(4864K) NonClass: 2861K(4352K)->2861K(4352K) Class: 305K(512K)->305K(512K)
[2026-06-17T09:54:29.962+0800][46.210s][info][gc             ] GC(1237) Pause Young (Allocation Failure) 52M->37M(61M) 3.936ms
[2026-06-17T09:54:29.963+0800][46.211s][info][gc,cpu         ] GC(1237) User=0.00s Sys=0.00s Real=0.01s
[2026-06-17T09:54:29.963+0800][46.211s][info][gc,start       ] GC(1238) Pause Initial Mark
[2026-06-17T09:54:29.964+0800][46.212s][info][gc             ] GC(1238) Pause Initial Mark 38M->38M(61M) 0.458ms
[2026-06-17T09:54:29.964+0800][46.212s][info][gc,cpu         ] GC(1238) User=0.00s Sys=0.00s Real=0.00s
[2026-06-17T09:54:29.964+0800][46.212s][info][gc             ] GC(1238) Concurrent Mark
[2026-06-17T09:54:29.964+0800][46.213s][info][gc,task        ] GC(1238) Using 2 workers of 5 for marking
[2026-06-17T09:54:29.965+0800][46.214s][info][gc             ] GC(1238) Concurrent Mark 1.094ms
[2026-06-17T09:54:29.966+0800][46.214s][info][gc,cpu         ] GC(1238) User=0.00s Sys=0.00s Real=0.00s
[2026-06-17T09:54:29.966+0800][46.214s][info][gc             ] GC(1238) Concurrent Preclean
[2026-06-17T09:54:29.966+0800][46.214s][info][gc             ] GC(1238) Concurrent Preclean 0.327ms
[2026-06-17T09:54:29.966+0800][46.215s][info][gc,cpu         ] GC(1238) User=0.00s Sys=0.00s Real=0.00s
[2026-06-17T09:54:29.967+0800][46.215s][info][gc,start       ] GC(1238) Pause Remark
[2026-06-17T09:54:29.967+0800][46.216s][info][gc             ] GC(1238) Pause Remark 38M->38M(61M) 0.590ms
[2026-06-17T09:54:29.968+0800][46.216s][info][gc,cpu         ] GC(1238) User=0.00s Sys=0.00s Real=0.00s
[2026-06-17T09:54:29.968+0800][46.216s][info][gc             ] GC(1238) Concurrent Sweep
[2026-06-17T09:54:29.968+0800][46.216s][info][gc             ] GC(1238) Concurrent Sweep 0.375ms
[2026-06-17T09:54:29.968+0800][46.217s][info][gc,cpu         ] GC(1238) User=0.00s Sys=0.00s Real=0.00s
[2026-06-17T09:54:29.968+0800][46.217s][info][gc             ] GC(1238) Concurrent Reset
[2026-06-17T09:54:29.969+0800][46.217s][info][gc             ] GC(1238) Concurrent Reset 0.168ms
[2026-06-17T09:54:29.969+0800][46.217s][info][gc,cpu         ] GC(1238) User=0.00s Sys=0.00s Real=0.00s
[2026-06-17T09:54:29.969+0800][46.217s][info][gc,heap        ] GC(1238) Old: 36715K->24413K(43712K)
[2026-06-17T09:54:30.015+0800][46.263s][info][gc,start       ] GC(1239) Pause Young (Allocation Failure)
[2026-06-17T09:54:30.016+0800][46.264s][info][gc,task        ] GC(1239) Using 2 workers of 18 for evacuation
[2026-06-17T09:54:30.017+0800][46.265s][info][gc,heap        ] GC(1239) ParNew: 19496K->2174K(19648K)
[2026-06-17T09:54:30.018+0800][46.266s][info][gc,heap        ] GC(1239) CMS: 24413K->27715K(43712K)
[2026-06-17T09:54:30.018+0800][46.266s][info][gc,metaspace   ] GC(1239) Metaspace: 3166K(4864K)->3166K(4864K) NonClass: 2861K(4352K)->2861K(4352K) Class: 305K(512K)->305K(512K)
[2026-06-17T09:54:30.018+0800][46.266s][info][gc             ] GC(1239) Pause Young (Allocation Failure) 42M->29M(61M) 2.840ms
[2026-06-17T09:54:30.018+0800][46.266s][info][gc,cpu         ] GC(1239) User=0.00s Sys=0.00s Real=0.00s
[2026-06-17T09:54:30.060+0800][46.309s][info][gc,start       ] GC(1240) Pause Young (Allocation Failure)
[2026-06-17T09:54:30.062+0800][46.310s][info][gc,task        ] GC(1240) Using 2 workers of 18 for evacuation
[2026-06-17T09:54:30.065+0800][46.314s][info][gc,heap        ] GC(1240) ParNew: 19623K->2174K(19648K)
[2026-06-17T09:54:30.066+0800][46.314s][info][gc,heap        ] GC(1240) CMS: 27715K->31737K(43712K)
[2026-06-17T09:54:30.068+0800][46.316s][info][gc,metaspace   ] GC(1240) Metaspace: 3166K(4864K)->3166K(4864K) NonClass: 2861K(4352K)->2861K(4352K) Class: 305K(512K)->305K(512K)
[2026-06-17T09:54:30.070+0800][46.318s][info][gc             ] GC(1240) Pause Young (Allocation Failure) 46M->33M(61M) 9.814ms
[2026-06-17T09:54:30.071+0800][46.319s][info][gc,cpu         ] GC(1240) User=0.00s Sys=0.00s Real=0.02s
[2026-06-17T09:54:30.114+0800][46.362s][info][gc,start       ] GC(1241) Pause Young (Allocation Failure)
[2026-06-17T09:54:30.114+0800][46.362s][info][gc,task        ] GC(1241) Using 2 workers of 18 for evacuation
[2026-06-17T09:54:30.115+0800][46.364s][info][gc,heap        ] GC(1241) ParNew: 19641K->2161K(19648K)
[2026-06-17T09:54:30.116+0800][46.364s][info][gc,heap        ] GC(1241) CMS: 31737K->36350K(43712K)
[2026-06-17T09:54:30.116+0800][46.364s][info][gc,metaspace   ] GC(1241) Metaspace: 3166K(4864K)->3166K(4864K) NonClass: 2861K(4352K)->2861K(4352K) Class: 305K(512K)->305K(512K)
[2026-06-17T09:54:30.116+0800][46.364s][info][gc             ] GC(1241) Pause Young (Allocation Failure) 50M->37M(61M) 2.125ms
[2026-06-17T09:54:30.116+0800][46.364s][info][gc,cpu         ] GC(1241) User=0.00s Sys=0.00s Real=0.00s
[2026-06-17T09:54:30.116+0800][46.365s][info][gc,start       ] GC(1242) Pause Initial Mark
[2026-06-17T09:54:30.117+0800][46.365s][info][gc             ] GC(1242) Pause Initial Mark 38M->38M(61M) 0.292ms
[2026-06-17T09:54:30.117+0800][46.365s][info][gc,cpu         ] GC(1242) User=0.00s Sys=0.00s Real=0.00s
[2026-06-17T09:54:30.117+0800][46.365s][info][gc             ] GC(1242) Concurrent Mark
[2026-06-17T09:54:30.117+0800][46.365s][info][gc,task        ] GC(1242) Using 2 workers of 5 for marking
[2026-06-17T09:54:30.118+0800][46.366s][info][gc             ] GC(1242) Concurrent Mark 1.183ms
[2026-06-17T09:54:30.119+0800][46.367s][info][gc,cpu         ] GC(1242) User=0.00s Sys=0.00s Real=0.00s
[2026-06-17T09:54:30.119+0800][46.367s][info][gc             ] GC(1242) Concurrent Preclean
[2026-06-17T09:54:30.119+0800][46.367s][info][gc             ] GC(1242) Concurrent Preclean 0.199ms
[2026-06-17T09:54:30.119+0800][46.367s][info][gc,cpu         ] GC(1242) User=0.00s Sys=0.00s Real=0.00s
[2026-06-17T09:54:30.119+0800][46.367s][info][gc             ] GC(1242) Concurrent Abortable Preclean
[2026-06-17T09:54:30.159+0800][46.408s][info][gc,start       ] GC(1243) Pause Young (Allocation Failure)
[2026-06-17T09:54:30.160+0800][46.408s][info][gc,task        ] GC(1243) Using 2 workers of 18 for evacuation
[2026-06-17T09:54:30.161+0800][46.410s][info][gc,heap        ] GC(1243) ParNew: 19630K->2173K(19648K)
[2026-06-17T09:54:30.162+0800][46.410s][info][gc,heap        ] GC(1243) CMS: 36350K->40288K(43712K)
[2026-06-17T09:54:30.162+0800][46.410s][info][gc,metaspace   ] GC(1243) Metaspace: 3166K(4864K)->3166K(4864K) NonClass: 2861K(4352K)->2861K(4352K) Class: 305K(512K)->305K(512K)
[2026-06-17T09:54:30.163+0800][46.411s][info][gc             ] GC(1243) Pause Young (Allocation Failure) 54M->41M(61M) 3.194ms
[2026-06-17T09:54:30.163+0800][46.411s][info][gc,cpu         ] GC(1243) User=0.00s Sys=0.00s Real=0.01s
[2026-06-17T09:54:30.206+0800][46.454s][info][gc,start       ] GC(1244) Pause Young (Allocation Failure)
[2026-06-17T09:54:30.207+0800][46.455s][info][gc,task        ] GC(1244) Using 2 workers of 18 for evacuation
[2026-06-17T09:54:30.207+0800][46.456s][info][gc,start       ] GC(1245) Pause Full (Allocation Failure)
[2026-06-17T09:54:30.208+0800][46.456s][info][gc             ] GC(1242) Concurrent Abortable Preclean 88.788ms
[2026-06-17T09:54:30.208+0800][46.456s][info][gc,cpu         ] GC(1242) User=0.01s Sys=0.00s Real=0.09s
[2026-06-17T09:54:30.209+0800][46.457s][info][gc,phases,start] GC(1245) Phase 1: Mark live objects
[2026-06-17T09:54:30.211+0800][46.459s][info][gc,phases      ] GC(1245) Phase 1: Mark live objects 1.858ms
[2026-06-17T09:54:30.211+0800][46.459s][info][gc,phases,start] GC(1245) Phase 2: Compute new object addresses
[2026-06-17T09:54:30.212+0800][46.460s][info][gc,phases      ] GC(1245) Phase 2: Compute new object addresses 0.642ms
[2026-06-17T09:54:30.212+0800][46.460s][info][gc,phases,start] GC(1245) Phase 3: Adjust pointers
[2026-06-17T09:54:30.213+0800][46.461s][info][gc,phases      ] GC(1245) Phase 3: Adjust pointers 0.689ms
[2026-06-17T09:54:30.213+0800][46.461s][info][gc,phases,start] GC(1245) Phase 4: Move objects
[2026-06-17T09:54:30.216+0800][46.464s][info][gc,phases      ] GC(1245) Phase 4: Move objects 2.982ms
[2026-06-17T09:54:30.218+0800][46.466s][info][gc             ] GC(1245) Pause Full (Allocation Failure) 58M->24M(61M) 10.329ms
[2026-06-17T09:54:30.222+0800][46.470s][info][gc,heap        ] GC(1244) ParNew: 19631K->0K(19648K)
[2026-06-17T09:54:30.222+0800][46.470s][info][gc,heap        ] GC(1244) CMS: 40288K->24844K(43712K)
[2026-06-17T09:54:30.222+0800][46.471s][info][gc,metaspace   ] GC(1244) Metaspace: 3166K(4864K)->3166K(4864K) NonClass: 2861K(4352K)->2861K(4352K) Class: 305K(512K)->305K(512K)
[2026-06-17T09:54:30.223+0800][46.471s][info][gc             ] GC(1244) Pause Young (Allocation Failure) 58M->24M(61M) 16.376ms
[2026-06-17T09:54:30.223+0800][46.471s][info][gc,cpu         ] GC(1244) User=0.00s Sys=0.00s Real=0.02s
[2026-06-17T09:54:30.265+0800][46.514s][info][gc,start       ] GC(1246) Pause Young (Allocation Failure)
[2026-06-17T09:54:30.266+0800][46.514s][info][gc,task        ] GC(1246) Using 2 workers of 18 for evacuation
[2026-06-17T09:54:30.267+0800][46.515s][info][gc,heap        ] GC(1246) ParNew: 17453K->2172K(19648K)
[2026-06-17T09:54:30.267+0800][46.515s][info][gc,heap        ] GC(1246) CMS: 24844K->29365K(43712K)
[2026-06-17T09:54:30.267+0800][46.516s][info][gc,metaspace   ] GC(1246) Metaspace: 3166K(4864K)->3166K(4864K) NonClass: 2861K(4352K)->2861K(4352K) Class: 305K(512K)->305K(512K)
[2026-06-17T09:54:30.268+0800][46.516s][info][gc             ] GC(1246) Pause Young (Allocation Failure) 41M->30M(61M) 2.117ms
[2026-06-17T09:54:30.268+0800][46.516s][info][gc,cpu         ] GC(1246) User=0.00s Sys=0.00s Real=0.00s
[2026-06-17T09:54:30.320+0800][46.569s][info][gc,start       ] GC(1247) Pause Young (Allocation Failure)
[2026-06-17T09:54:30.321+0800][46.569s][info][gc,task        ] GC(1247) Using 2 workers of 18 for evacuation
[2026-06-17T09:54:30.322+0800][46.570s][info][gc,heap        ] GC(1247) ParNew: 19623K->2068K(19648K)
[2026-06-17T09:54:30.322+0800][46.570s][info][gc,heap        ] GC(1247) CMS: 29365K->32434K(43712K)
[2026-06-17T09:54:30.322+0800][46.570s][info][gc,metaspace   ] GC(1247) Metaspace: 3166K(4864K)->3166K(4864K) NonClass: 2861K(4352K)->2861K(4352K) Class: 305K(512K)->305K(512K)
[2026-06-17T09:54:30.322+0800][46.571s][info][gc             ] GC(1247) Pause Young (Allocation Failure) 47M->33M(61M) 2.094ms
[2026-06-17T09:54:30.323+0800][46.571s][info][gc,cpu         ] GC(1247) User=0.00s Sys=0.00s Real=0.01s
[2026-06-17T09:54:30.365+0800][46.613s][info][gc,start       ] GC(1248) Pause Young (Allocation Failure)
[2026-06-17T09:54:30.367+0800][46.615s][info][gc,task        ] GC(1248) Using 2 workers of 18 for evacuation
[2026-06-17T09:54:30.368+0800][46.616s][info][gc,heap        ] GC(1248) ParNew: 19540K->2158K(19648K)
[2026-06-17T09:54:30.368+0800][46.616s][info][gc,heap        ] GC(1248) CMS: 32434K->36055K(43712K)
[2026-06-17T09:54:30.368+0800][46.617s][info][gc,metaspace   ] GC(1248) Metaspace: 3166K(4864K)->3166K(4864K) NonClass: 2861K(4352K)->2861K(4352K) Class: 305K(512K)->305K(512K)
[2026-06-17T09:54:30.374+0800][46.622s][info][gc             ] GC(1248) Pause Young (Allocation Failure) 50M->37M(61M) 8.556ms
[2026-06-17T09:54:30.375+0800][46.623s][info][gc,cpu         ] GC(1248) User=0.00s Sys=0.00s Real=0.01s
[2026-06-17T09:54:30.378+0800][46.626s][info][gc,start       ] GC(1249) Pause Initial Mark
[2026-06-17T09:54:30.378+0800][46.626s][info][gc             ] GC(1249) Pause Initial Mark 38M->38M(61M) 0.637ms
[2026-06-17T09:54:30.380+0800][46.628s][info][gc,cpu         ] GC(1249) User=0.00s Sys=0.00s Real=0.00s
[2026-06-17T09:54:30.383+0800][46.631s][info][gc             ] GC(1249) Concurrent Mark
[2026-06-17T09:54:30.384+0800][46.632s][info][gc,task        ] GC(1249) Using 2 workers of 5 for marking
[2026-06-17T09:54:30.386+0800][46.634s][info][gc             ] GC(1249) Concurrent Mark 3.265ms
[2026-06-17T09:54:30.388+0800][46.636s][info][gc,cpu         ] GC(1249) User=0.00s Sys=0.00s Real=0.00s
[2026-06-17T09:54:30.389+0800][46.637s][info][gc             ] GC(1249) Concurrent Preclean
[2026-06-17T09:54:30.390+0800][46.638s][info][gc             ] GC(1249) Concurrent Preclean 1.367ms
[2026-06-17T09:54:30.391+0800][46.639s][info][gc,cpu         ] GC(1249) User=0.00s Sys=0.00s Real=0.01s
[2026-06-17T09:54:30.391+0800][46.639s][info][gc             ] GC(1249) Concurrent Abortable Preclean
[2026-06-17T09:54:30.424+0800][46.673s][info][gc,start       ] GC(1250) Pause Young (Allocation Failure)
[2026-06-17T09:54:30.425+0800][46.673s][info][gc,task        ] GC(1250) Using 2 workers of 18 for evacuation
[2026-06-17T09:54:30.426+0800][46.674s][info][gc,heap        ] GC(1250) ParNew: 19627K->2175K(19648K)
[2026-06-17T09:54:30.426+0800][46.674s][info][gc,heap        ] GC(1250) CMS: 36055K->39577K(43712K)
[2026-06-17T09:54:30.426+0800][46.674s][info][gc,metaspace   ] GC(1250) Metaspace: 3166K(4864K)->3166K(4864K) NonClass: 2861K(4352K)->2861K(4352K) Class: 305K(512K)->305K(512K)
[2026-06-17T09:54:30.426+0800][46.674s][info][gc             ] GC(1250) Pause Young (Allocation Failure) 54M->40M(61M) 1.890ms
[2026-06-17T09:54:30.427+0800][46.675s][info][gc,cpu         ] GC(1250) User=0.01s Sys=0.00s Real=0.00s
[2026-06-17T09:54:30.469+0800][46.718s][info][gc,start       ] GC(1251) Pause Young (Allocation Failure)
[2026-06-17T09:54:30.470+0800][46.718s][info][gc,task        ] GC(1251) Using 2 workers of 18 for evacuation
[2026-06-17T09:54:30.471+0800][46.719s][info][gc,promotion   ] Promotion failed
[2026-06-17T09:54:30.471+0800][46.720s][info][gc,start       ] GC(1252) Pause Full (Allocation Failure)
[2026-06-17T09:54:30.472+0800][46.720s][info][gc             ] GC(1249) Concurrent Abortable Preclean 80.463ms
[2026-06-17T09:54:30.472+0800][46.720s][info][gc,cpu         ] GC(1249) User=0.01s Sys=0.00s Real=0.08s
[2026-06-17T09:54:30.472+0800][46.720s][info][gc,phases,start] GC(1252) Phase 1: Mark live objects
[2026-06-17T09:54:30.473+0800][46.721s][info][gc,phases      ] GC(1252) Phase 1: Mark live objects 0.753ms
[2026-06-17T09:54:30.473+0800][46.721s][info][gc,phases,start] GC(1252) Phase 2: Compute new object addresses
[2026-06-17T09:54:30.474+0800][46.722s][info][gc,phases      ] GC(1252) Phase 2: Compute new object addresses 0.429ms
[2026-06-17T09:54:30.474+0800][46.722s][info][gc,phases,start] GC(1252) Phase 3: Adjust pointers
[2026-06-17T09:54:30.474+0800][46.722s][info][gc,phases      ] GC(1252) Phase 3: Adjust pointers 0.402ms
[2026-06-17T09:54:30.474+0800][46.723s][info][gc,phases,start] GC(1252) Phase 4: Move objects
[2026-06-17T09:54:30.478+0800][46.726s][info][gc,phases      ] GC(1252) Phase 4: Move objects 3.049ms
[2026-06-17T09:54:30.478+0800][46.726s][info][gc             ] GC(1252) Pause Full (Allocation Failure) 61M->32M(61M) 6.665ms
[2026-06-17T09:54:30.478+0800][46.726s][info][gc,heap        ] GC(1251) ParNew: 19631K->0K(19648K)
[2026-06-17T09:54:30.478+0800][46.727s][info][gc,heap        ] GC(1251) CMS: 39577K->32938K(43712K)
[2026-06-17T09:54:30.479+0800][46.727s][info][gc,metaspace   ] GC(1251) Metaspace: 3166K(4864K)->3166K(4864K) NonClass: 2861K(4352K)->2861K(4352K) Class: 305K(512K)->305K(512K)
[2026-06-17T09:54:30.479+0800][46.727s][info][gc             ] GC(1251) Pause Young (Allocation Failure) 57M->32M(61M) 9.395ms
[2026-06-17T09:54:30.479+0800][46.727s][info][gc,cpu         ] GC(1251) User=0.00s Sys=0.00s Real=0.01s
[2026-06-17T09:54:30.521+0800][46.769s][info][gc,start       ] GC(1253) Pause Young (Allocation Failure)
[2026-06-17T09:54:30.522+0800][46.770s][info][gc,task        ] GC(1253) Using 2 workers of 18 for evacuation
[2026-06-17T09:54:30.523+0800][46.771s][info][gc,heap        ] GC(1253) ParNew: 17447K->2174K(19648K)
[2026-06-17T09:54:30.523+0800][46.771s][info][gc,heap        ] GC(1253) CMS: 32938K->37850K(43712K)
[2026-06-17T09:54:30.523+0800][46.772s][info][gc,metaspace   ] GC(1253) Metaspace: 3166K(4864K)->3166K(4864K) NonClass: 2861K(4352K)->2861K(4352K) Class: 305K(512K)->305K(512K)
[2026-06-17T09:54:30.524+0800][46.772s][info][gc             ] GC(1253) Pause Young (Allocation Failure) 49M->39M(61M) 2.808ms
[2026-06-17T09:54:30.525+0800][46.773s][info][gc,cpu         ] GC(1253) User=0.00s Sys=0.00s Real=0.01s
[2026-06-17T09:54:30.526+0800][46.774s][info][gc,start       ] GC(1254) Pause Initial Mark
[2026-06-17T09:54:30.527+0800][46.775s][info][gc             ] GC(1254) Pause Initial Mark 40M->40M(61M) 1.172ms
[2026-06-17T09:54:30.529+0800][46.777s][info][gc,cpu         ] GC(1254) User=0.00s Sys=0.00s Real=0.00s
[2026-06-17T09:54:30.531+0800][46.779s][info][gc             ] GC(1254) Concurrent Mark
[2026-06-17T09:54:30.533+0800][46.781s][info][gc,task        ] GC(1254) Using 2 workers of 5 for marking
[2026-06-17T09:54:30.535+0800][46.783s][info][gc             ] GC(1254) Concurrent Mark 3.871ms
[2026-06-17T09:54:30.536+0800][46.784s][info][gc,cpu         ] GC(1254) User=0.00s Sys=0.00s Real=0.00s
[2026-06-17T09:54:30.537+0800][46.785s][info][gc             ] GC(1254) Concurrent Preclean
[2026-06-17T09:54:30.539+0800][46.787s][info][gc             ] GC(1254) Concurrent Preclean 1.634ms
[2026-06-17T09:54:30.541+0800][46.789s][info][gc,cpu         ] GC(1254) User=0.00s Sys=0.00s Real=0.00s
[2026-06-17T09:54:30.543+0800][46.791s][info][gc             ] GC(1254) Concurrent Abortable Preclean
[2026-06-17T09:54:30.573+0800][46.821s][info][gc,start       ] GC(1255) Pause Young (Allocation Failure)
[2026-06-17T09:54:30.573+0800][46.821s][info][gc,task        ] GC(1255) Using 2 workers of 18 for evacuation
[2026-06-17T09:54:30.574+0800][46.822s][info][gc,heap        ] GC(1255) ParNew: 19597K->2167K(19648K)
[2026-06-17T09:54:30.575+0800][46.823s][info][gc,heap        ] GC(1255) CMS: 37850K->42258K(43712K)
[2026-06-17T09:54:30.575+0800][46.823s][info][gc,metaspace   ] GC(1255) Metaspace: 3166K(4864K)->3166K(4864K) NonClass: 2861K(4352K)->2861K(4352K) Class: 305K(512K)->305K(512K)
[2026-06-17T09:54:30.575+0800][46.823s][info][gc             ] GC(1255) Pause Young (Allocation Failure) 56M->43M(61M) 2.461ms
[2026-06-17T09:54:30.575+0800][46.823s][info][gc,cpu         ] GC(1255) User=0.00s Sys=0.00s Real=0.00s
[2026-06-17T09:54:30.576+0800][46.824s][info][gc             ] GC(1254) Concurrent Abortable Preclean 32.239ms
[2026-06-17T09:54:30.576+0800][46.824s][info][gc,cpu         ] GC(1254) User=0.00s Sys=0.00s Real=0.03s
[2026-06-17T09:54:30.576+0800][46.824s][info][gc,start       ] GC(1254) Pause Remark
[2026-06-17T09:54:30.577+0800][46.825s][info][gc             ] GC(1254) Pause Remark 43M->43M(61M) 0.562ms
[2026-06-17T09:54:30.577+0800][46.825s][info][gc,cpu         ] GC(1254) User=0.00s Sys=0.00s Real=0.00s
[2026-06-17T09:54:30.577+0800][46.825s][info][gc             ] GC(1254) Concurrent Sweep
[2026-06-17T09:54:30.578+0800][46.826s][info][gc             ] GC(1254) Concurrent Sweep 0.371ms
[2026-06-17T09:54:30.578+0800][46.826s][info][gc,cpu         ] GC(1254) User=0.00s Sys=0.00s Real=0.00s
[2026-06-17T09:54:30.578+0800][46.826s][info][gc             ] GC(1254) Concurrent Reset
[2026-06-17T09:54:30.579+0800][46.827s][info][gc             ] GC(1254) Concurrent Reset 0.340ms
[2026-06-17T09:54:30.579+0800][46.827s][info][gc,cpu         ] GC(1254) User=0.00s Sys=0.00s Real=0.00s
[2026-06-17T09:54:30.579+0800][46.828s][info][gc,heap        ] GC(1254) Old: 37850K->29832K(43712K)
[2026-06-17T09:54:30.618+0800][46.866s][info][gc,start       ] GC(1256) Pause Young (Allocation Failure)
[2026-06-17T09:54:30.619+0800][46.867s][info][gc,task        ] GC(1256) Using 2 workers of 18 for evacuation
[2026-06-17T09:54:30.621+0800][46.869s][info][gc,heap        ] GC(1256) ParNew: 19464K->2151K(19648K)
[2026-06-17T09:54:30.621+0800][46.870s][info][gc,heap        ] GC(1256) CMS: 29832K->31399K(43712K)
[2026-06-17T09:54:30.622+0800][46.870s][info][gc,metaspace   ] GC(1256) Metaspace: 3166K(4864K)->3166K(4864K) NonClass: 2861K(4352K)->2861K(4352K) Class: 305K(512K)->305K(512K)
[2026-06-17T09:54:30.622+0800][46.871s][info][gc             ] GC(1256) Pause Young (Allocation Failure) 48M->32M(61M) 4.650ms
[2026-06-17T09:54:30.623+0800][46.871s][info][gc,cpu         ] GC(1256) User=0.01s Sys=0.00s Real=0.01s
[2026-06-17T09:54:30.666+0800][46.914s][info][gc,start       ] GC(1257) Pause Young (Allocation Failure)
[2026-06-17T09:54:30.666+0800][46.914s][info][gc,task        ] GC(1257) Using 2 workers of 18 for evacuation
[2026-06-17T09:54:30.667+0800][46.915s][info][gc,heap        ] GC(1257) ParNew: 18626K->2063K(19648K)
[2026-06-17T09:54:30.667+0800][46.915s][info][gc,heap        ] GC(1257) CMS: 31399K->34346K(43712K)
[2026-06-17T09:54:30.667+0800][46.915s][info][gc,metaspace   ] GC(1257) Metaspace: 3166K(4864K)->3166K(4864K) NonClass: 2861K(4352K)->2861K(4352K) Class: 305K(512K)->305K(512K)
[2026-06-17T09:54:30.668+0800][46.916s][info][gc             ] GC(1257) Pause Young (Allocation Failure) 48M->35M(61M) 2.059ms
[2026-06-17T09:54:30.668+0800][46.916s][info][gc,cpu         ] GC(1257) User=0.00s Sys=0.00s Real=0.00s
[2026-06-17T09:54:30.668+0800][46.916s][info][gc,start       ] GC(1258) Pause Initial Mark
[2026-06-17T09:54:30.668+0800][46.916s][info][gc             ] GC(1258) Pause Initial Mark 36M->36M(61M) 0.216ms
[2026-06-17T09:54:30.668+0800][46.917s][info][gc,cpu         ] GC(1258) User=0.00s Sys=0.00s Real=0.00s
[2026-06-17T09:54:30.669+0800][46.917s][info][gc             ] GC(1258) Concurrent Mark
[2026-06-17T09:54:30.669+0800][46.917s][info][gc,task        ] GC(1258) Using 2 workers of 5 for marking
[2026-06-17T09:54:30.670+0800][46.918s][info][gc             ] GC(1258) Concurrent Mark 1.033ms
[2026-06-17T09:54:30.670+0800][46.918s][info][gc,cpu         ] GC(1258) User=0.00s Sys=0.00s Real=0.00s
[2026-06-17T09:54:30.670+0800][46.918s][info][gc             ] GC(1258) Concurrent Preclean
[2026-06-17T09:54:30.670+0800][46.918s][info][gc             ] GC(1258) Concurrent Preclean 0.179ms
[2026-06-17T09:54:30.670+0800][46.918s][info][gc,cpu         ] GC(1258) User=0.00s Sys=0.00s Real=0.00s
[2026-06-17T09:54:30.670+0800][46.919s][info][gc,start       ] GC(1258) Pause Remark
[2026-06-17T09:54:30.671+0800][46.919s][info][gc             ] GC(1258) Pause Remark 36M->36M(61M) 0.433ms
[2026-06-17T09:54:30.671+0800][46.919s][info][gc,cpu         ] GC(1258) User=0.00s Sys=0.00s Real=0.00s
[2026-06-17T09:54:30.671+0800][46.919s][info][gc             ] GC(1258) Concurrent Sweep
[2026-06-17T09:54:30.671+0800][46.920s][info][gc             ] GC(1258) Concurrent Sweep 0.218ms
[2026-06-17T09:54:30.671+0800][46.920s][info][gc,cpu         ] GC(1258) User=0.00s Sys=0.00s Real=0.00s
[2026-06-17T09:54:30.672+0800][46.920s][info][gc             ] GC(1258) Concurrent Reset
[2026-06-17T09:54:30.672+0800][46.920s][info][gc             ] GC(1258) Concurrent Reset 0.107ms
[2026-06-17T09:54:30.672+0800][46.920s][info][gc,cpu         ] GC(1258) User=0.00s Sys=0.00s Real=0.00s
[2026-06-17T09:54:30.672+0800][46.920s][info][gc,heap        ] GC(1258) Old: 34346K->20551K(43712K)
[2026-06-17T09:54:30.721+0800][46.969s][info][gc,start       ] GC(1259) Pause Young (Allocation Failure)
[2026-06-17T09:54:30.721+0800][46.970s][info][gc,task        ] GC(1259) Using 2 workers of 18 for evacuation
[2026-06-17T09:54:30.723+0800][46.971s][info][gc,heap        ] GC(1259) ParNew: 19509K->2168K(19648K)
[2026-06-17T09:54:30.723+0800][46.971s][info][gc,heap        ] GC(1259) CMS: 20551K->24492K(43712K)
[2026-06-17T09:54:30.724+0800][46.972s][info][gc,metaspace   ] GC(1259) Metaspace: 3166K(4864K)->3166K(4864K) NonClass: 2861K(4352K)->2861K(4352K) Class: 305K(512K)->305K(512K)
[2026-06-17T09:54:30.724+0800][46.972s][info][gc             ] GC(1259) Pause Young (Allocation Failure) 39M->26M(61M) 2.947ms
[2026-06-17T09:54:30.724+0800][46.972s][info][gc,cpu         ] GC(1259) User=0.00s Sys=0.00s Real=0.01s
[2026-06-17T09:54:30.758+0800][47.006s][info][gc,start       ] GC(1260) Pause Young (Allocation Failure)
[2026-06-17T09:54:30.758+0800][47.006s][info][gc,task        ] GC(1260) Using 2 workers of 18 for evacuation
[2026-06-17T09:54:30.759+0800][47.007s][info][gc,heap        ] GC(1260) ParNew: 19480K->2165K(19648K)
[2026-06-17T09:54:30.760+0800][47.008s][info][gc,heap        ] GC(1260) CMS: 24492K->28185K(43712K)
[2026-06-17T09:54:30.761+0800][47.009s][info][gc,metaspace   ] GC(1260) Metaspace: 3166K(4864K)->3166K(4864K) NonClass: 2861K(4352K)->2861K(4352K) Class: 305K(512K)->305K(512K)
[2026-06-17T09:54:30.761+0800][47.010s][info][gc             ] GC(1260) Pause Young (Allocation Failure) 42M->29M(61M) 3.853ms
[2026-06-17T09:54:30.762+0800][47.010s][info][gc,cpu         ] GC(1260) User=0.00s Sys=0.00s Real=0.00s
[2026-06-17T09:54:30.815+0800][47.063s][info][gc,start       ] GC(1261) Pause Young (Allocation Failure)
[2026-06-17T09:54:30.815+0800][47.064s][info][gc,task        ] GC(1261) Using 2 workers of 18 for evacuation
[2026-06-17T09:54:30.817+0800][47.065s][info][gc,heap        ] GC(1261) ParNew: 19605K->2093K(19648K)
[2026-06-17T09:54:30.817+0800][47.066s][info][gc,heap        ] GC(1261) CMS: 28185K->31717K(43712K)
[2026-06-17T09:54:30.818+0800][47.066s][info][gc,metaspace   ] GC(1261) Metaspace: 3166K(4864K)->3166K(4864K) NonClass: 2861K(4352K)->2861K(4352K) Class: 305K(512K)->305K(512K)
[2026-06-17T09:54:30.818+0800][47.066s][info][gc             ] GC(1261) Pause Young (Allocation Failure) 46M->33M(61M) 3.594ms
[2026-06-17T09:54:30.819+0800][47.067s][info][gc,cpu         ] GC(1261) User=0.00s Sys=0.00s Real=0.00s
[2026-06-17T09:54:30.862+0800][47.110s][info][gc,start       ] GC(1262) Pause Young (Allocation Failure)
[2026-06-17T09:54:30.863+0800][47.111s][info][gc,task        ] GC(1262) Using 2 workers of 18 for evacuation
[2026-06-17T09:54:30.865+0800][47.113s][info][gc,heap        ] GC(1262) ParNew: 19565K->2175K(19648K)
[2026-06-17T09:54:30.865+0800][47.113s][info][gc,heap        ] GC(1262) CMS: 31717K->34959K(43712K)
[2026-06-17T09:54:30.865+0800][47.113s][info][gc,metaspace   ] GC(1262) Metaspace: 3166K(4864K)->3166K(4864K) NonClass: 2861K(4352K)->2861K(4352K) Class: 305K(512K)->305K(512K)
[2026-06-17T09:54:30.866+0800][47.114s][info][gc             ] GC(1262) Pause Young (Allocation Failure) 50M->36M(61M) 3.858ms
[2026-06-17T09:54:30.866+0800][47.114s][info][gc,cpu         ] GC(1262) User=0.01s Sys=0.00s Real=0.01s
[2026-06-17T09:54:30.867+0800][47.115s][info][gc,start       ] GC(1263) Pause Initial Mark
[2026-06-17T09:54:30.867+0800][47.115s][info][gc             ] GC(1263) Pause Initial Mark 38M->38M(61M) 0.466ms
[2026-06-17T09:54:30.868+0800][47.116s][info][gc,cpu         ] GC(1263) User=0.00s Sys=0.00s Real=0.00s
[2026-06-17T09:54:30.868+0800][47.116s][info][gc             ] GC(1263) Concurrent Mark
[2026-06-17T09:54:30.868+0800][47.116s][info][gc,task        ] GC(1263) Using 2 workers of 5 for marking
[2026-06-17T09:54:30.869+0800][47.117s][info][gc             ] GC(1263) Concurrent Mark 1.058ms
[2026-06-17T09:54:30.870+0800][47.118s][info][gc,cpu         ] GC(1263) User=0.00s Sys=0.00s Real=0.00s
[2026-06-17T09:54:30.871+0800][47.119s][info][gc             ] GC(1263) Concurrent Preclean
[2026-06-17T09:54:30.871+0800][47.119s][info][gc             ] GC(1263) Concurrent Preclean 0.208ms
[2026-06-17T09:54:30.871+0800][47.119s][info][gc,cpu         ] GC(1263) User=0.00s Sys=0.00s Real=0.00s
[2026-06-17T09:54:30.871+0800][47.119s][info][gc             ] GC(1263) Concurrent Abortable Preclean
[2026-06-17T09:54:30.910+0800][47.158s][info][gc,start       ] GC(1264) Pause Young (Allocation Failure)
[2026-06-17T09:54:30.910+0800][47.159s][info][gc,task        ] GC(1264) Using 2 workers of 18 for evacuation
[2026-06-17T09:54:30.912+0800][47.160s][info][gc,heap        ] GC(1264) ParNew: 19647K->2146K(19648K)
[2026-06-17T09:54:30.913+0800][47.161s][info][gc,heap        ] GC(1264) CMS: 34959K->39639K(43712K)
[2026-06-17T09:54:30.913+0800][47.161s][info][gc,metaspace   ] GC(1264) Metaspace: 3166K(4864K)->3166K(4864K) NonClass: 2861K(4352K)->2861K(4352K) Class: 305K(512K)->305K(512K)
[2026-06-17T09:54:30.913+0800][47.161s][info][gc             ] GC(1264) Pause Young (Allocation Failure) 53M->40M(61M) 3.685ms
[2026-06-17T09:54:30.914+0800][47.162s][info][gc,cpu         ] GC(1264) User=0.00s Sys=0.00s Real=0.01s
[2026-06-17T09:54:30.957+0800][47.205s][info][gc,start       ] GC(1265) Pause Young (Allocation Failure)
[2026-06-17T09:54:30.957+0800][47.206s][info][gc,task        ] GC(1265) Using 2 workers of 18 for evacuation
[2026-06-17T09:54:30.958+0800][47.206s][info][gc,start       ] GC(1266) Pause Full (Allocation Failure)
[2026-06-17T09:54:30.959+0800][47.207s][info][gc             ] GC(1263) Concurrent Abortable Preclean 87.598ms
[2026-06-17T09:54:30.959+0800][47.207s][info][gc,cpu         ] GC(1263) User=0.00s Sys=0.00s Real=0.08s
[2026-06-17T09:54:30.959+0800][47.208s][info][gc,phases,start] GC(1266) Phase 1: Mark live objects
[2026-06-17T09:54:30.961+0800][47.209s][info][gc,phases      ] GC(1266) Phase 1: Mark live objects 1.392ms
[2026-06-17T09:54:30.961+0800][47.209s][info][gc,phases,start] GC(1266) Phase 2: Compute new object addresses
[2026-06-17T09:54:30.962+0800][47.210s][info][gc,phases      ] GC(1266) Phase 2: Compute new object addresses 0.696ms
[2026-06-17T09:54:30.962+0800][47.210s][info][gc,phases,start] GC(1266) Phase 3: Adjust pointers
[2026-06-17T09:54:30.963+0800][47.211s][info][gc,phases      ] GC(1266) Phase 3: Adjust pointers 0.633ms
[2026-06-17T09:54:30.963+0800][47.211s][info][gc,phases,start] GC(1266) Phase 4: Move objects
[2026-06-17T09:54:30.966+0800][47.214s][info][gc,phases      ] GC(1266) Phase 4: Move objects 3.029ms
[2026-06-17T09:54:30.967+0800][47.215s][info][gc             ] GC(1266) Pause Full (Allocation Failure) 57M->31M(61M) 8.677ms
[2026-06-17T09:54:30.967+0800][47.215s][info][gc,heap        ] GC(1265) ParNew: 19606K->0K(19648K)
[2026-06-17T09:54:30.967+0800][47.215s][info][gc,heap        ] GC(1265) CMS: 39639K->32761K(43712K)
[2026-06-17T09:54:30.967+0800][47.216s][info][gc,metaspace   ] GC(1265) Metaspace: 3166K(4864K)->3166K(4864K) NonClass: 2861K(4352K)->2861K(4352K) Class: 305K(512K)->305K(512K)
[2026-06-17T09:54:30.968+0800][47.216s][info][gc             ] GC(1265) Pause Young (Allocation Failure) 57M->31M(61M) 10.736ms
[2026-06-17T09:54:30.968+0800][47.216s][info][gc,cpu         ] GC(1265) User=0.01s Sys=0.00s Real=0.01s
[2026-06-17T09:54:31.010+0800][47.258s][info][gc,start       ] GC(1267) Pause Young (Allocation Failure)
[2026-06-17T09:54:31.011+0800][47.259s][info][gc,task        ] GC(1267) Using 2 workers of 18 for evacuation
[2026-06-17T09:54:31.012+0800][47.260s][info][gc,heap        ] GC(1267) ParNew: 17472K->2175K(19648K)
[2026-06-17T09:54:31.012+0800][47.260s][info][gc,heap        ] GC(1267) CMS: 32761K->37674K(43712K)
[2026-06-17T09:54:31.012+0800][47.260s][info][gc,metaspace   ] GC(1267) Metaspace: 3166K(4864K)->3166K(4864K) NonClass: 2861K(4352K)->2861K(4352K) Class: 305K(512K)->305K(512K)
[2026-06-17T09:54:31.012+0800][47.260s][info][gc             ] GC(1267) Pause Young (Allocation Failure) 49M->38M(61M) 2.193ms
[2026-06-17T09:54:31.012+0800][47.261s][info][gc,cpu         ] GC(1267) User=0.00s Sys=0.00s Real=0.01s
[2026-06-17T09:54:31.013+0800][47.261s][info][gc,start       ] GC(1268) Pause Initial Mark
[2026-06-17T09:54:31.013+0800][47.261s][info][gc             ] GC(1268) Pause Initial Mark 40M->40M(61M) 0.320ms
[2026-06-17T09:54:31.013+0800][47.262s][info][gc,cpu         ] GC(1268) User=0.00s Sys=0.00s Real=0.00s
[2026-06-17T09:54:31.014+0800][47.262s][info][gc             ] GC(1268) Concurrent Mark
[2026-06-17T09:54:31.014+0800][47.262s][info][gc,task        ] GC(1268) Using 2 workers of 5 for marking
[2026-06-17T09:54:31.015+0800][47.263s][info][gc             ] GC(1268) Concurrent Mark 1.400ms
[2026-06-17T09:54:31.016+0800][47.264s][info][gc,cpu         ] GC(1268) User=0.00s Sys=0.00s Real=0.00s
[2026-06-17T09:54:31.016+0800][47.264s][info][gc             ] GC(1268) Concurrent Preclean
[2026-06-17T09:54:31.016+0800][47.264s][info][gc             ] GC(1268) Concurrent Preclean 0.232ms
[2026-06-17T09:54:31.016+0800][47.265s][info][gc,cpu         ] GC(1268) User=0.00s Sys=0.00s Real=0.00s
[2026-06-17T09:54:31.017+0800][47.265s][info][gc             ] GC(1268) Concurrent Abortable Preclean
[2026-06-17T09:54:31.055+0800][47.304s][info][gc,start       ] GC(1269) Pause Young (Allocation Failure)
[2026-06-17T09:54:31.057+0800][47.305s][info][gc,task        ] GC(1269) Using 2 workers of 18 for evacuation
[2026-06-17T09:54:31.058+0800][47.306s][info][gc,start       ] GC(1270) Pause Full (Allocation Failure)
[2026-06-17T09:54:31.059+0800][47.307s][info][gc             ] GC(1268) Concurrent Abortable Preclean 42.004ms
[2026-06-17T09:54:31.059+0800][47.307s][info][gc,cpu         ] GC(1268) User=0.01s Sys=0.00s Real=0.04s
[2026-06-17T09:54:31.059+0800][47.307s][info][gc,phases,start] GC(1270) Phase 1: Mark live objects
[2026-06-17T09:54:31.060+0800][47.308s][info][gc,phases      ] GC(1270) Phase 1: Mark live objects 0.742ms
[2026-06-17T09:54:31.060+0800][47.308s][info][gc,phases,start] GC(1270) Phase 2: Compute new object addresses
[2026-06-17T09:54:31.061+0800][47.309s][info][gc,phases      ] GC(1270) Phase 2: Compute new object addresses 0.484ms
[2026-06-17T09:54:31.061+0800][47.309s][info][gc,phases,start] GC(1270) Phase 3: Adjust pointers
[2026-06-17T09:54:31.061+0800][47.310s][info][gc,phases      ] GC(1270) Phase 3: Adjust pointers 0.497ms
[2026-06-17T09:54:31.062+0800][47.310s][info][gc,phases,start] GC(1270) Phase 4: Move objects
[2026-06-17T09:54:31.064+0800][47.313s][info][gc,phases      ] GC(1270) Phase 4: Move objects 2.659ms
[2026-06-17T09:54:31.065+0800][47.313s][info][gc             ] GC(1270) Pause Full (Allocation Failure) 55M->29M(61M) 6.822ms
[2026-06-17T09:54:31.065+0800][47.313s][info][gc,heap        ] GC(1269) ParNew: 19637K->0K(19648K)
[2026-06-17T09:54:31.065+0800][47.313s][info][gc,heap        ] GC(1269) CMS: 37674K->29913K(43712K)
[2026-06-17T09:54:31.066+0800][47.314s][info][gc,metaspace   ] GC(1269) Metaspace: 3166K(4864K)->3166K(4864K) NonClass: 2861K(4352K)->2861K(4352K) Class: 305K(512K)->305K(512K)
[2026-06-17T09:54:31.066+0800][47.314s][info][gc             ] GC(1269) Pause Young (Allocation Failure) 55M->29M(61M) 10.320ms
[2026-06-17T09:54:31.066+0800][47.314s][info][gc,cpu         ] GC(1269) User=0.00s Sys=0.00s Real=0.01s
[2026-06-17T09:54:31.118+0800][47.367s][info][gc,start       ] GC(1271) Pause Young (Allocation Failure)
[2026-06-17T09:54:31.119+0800][47.367s][info][gc,task        ] GC(1271) Using 2 workers of 18 for evacuation
[2026-06-17T09:54:31.120+0800][47.368s][info][gc,heap        ] GC(1271) ParNew: 17469K->2160K(19648K)
[2026-06-17T09:54:31.121+0800][47.369s][info][gc,heap        ] GC(1271) CMS: 29913K->31233K(43712K)
[2026-06-17T09:54:31.121+0800][47.369s][info][gc,metaspace   ] GC(1271) Metaspace: 3166K(4864K)->3166K(4864K) NonClass: 2861K(4352K)->2861K(4352K) Class: 305K(512K)->305K(512K)
[2026-06-17T09:54:31.121+0800][47.369s][info][gc             ] GC(1271) Pause Young (Allocation Failure) 46M->32M(61M) 2.627ms
[2026-06-17T09:54:31.121+0800][47.369s][info][gc,cpu         ] GC(1271) User=0.00s Sys=0.00s Real=0.00s
[2026-06-17T09:54:31.164+0800][47.412s][info][gc,start       ] GC(1272) Pause Young (Allocation Failure)
[2026-06-17T09:54:31.164+0800][47.412s][info][gc,task        ] GC(1272) Using 2 workers of 18 for evacuation
[2026-06-17T09:54:31.165+0800][47.413s][info][gc,heap        ] GC(1272) ParNew: 19632K->2125K(19648K)
[2026-06-17T09:54:31.166+0800][47.414s][info][gc,heap        ] GC(1272) CMS: 31233K->34976K(43712K)
[2026-06-17T09:54:31.166+0800][47.414s][info][gc,metaspace   ] GC(1272) Metaspace: 3166K(4864K)->3166K(4864K) NonClass: 2861K(4352K)->2861K(4352K) Class: 305K(512K)->305K(512K)
[2026-06-17T09:54:31.166+0800][47.415s][info][gc             ] GC(1272) Pause Young (Allocation Failure) 49M->36M(61M) 2.836ms
[2026-06-17T09:54:31.168+0800][47.416s][info][gc,cpu         ] GC(1272) User=0.01s Sys=0.00s Real=0.00s
[2026-06-17T09:54:31.168+0800][47.416s][info][gc,start       ] GC(1273) Pause Initial Mark
[2026-06-17T09:54:31.168+0800][47.416s][info][gc             ] GC(1273) Pause Initial Mark 36M->36M(61M) 0.238ms
[2026-06-17T09:54:31.169+0800][47.417s][info][gc,cpu         ] GC(1273) User=0.00s Sys=0.00s Real=0.00s
[2026-06-17T09:54:31.169+0800][47.417s][info][gc             ] GC(1273) Concurrent Mark
[2026-06-17T09:54:31.169+0800][47.418s][info][gc,task        ] GC(1273) Using 2 workers of 5 for marking
[2026-06-17T09:54:31.170+0800][47.418s][info][gc             ] GC(1273) Concurrent Mark 1.282ms
[2026-06-17T09:54:31.171+0800][47.419s][info][gc,cpu         ] GC(1273) User=0.00s Sys=0.00s Real=0.01s
[2026-06-17T09:54:31.171+0800][47.419s][info][gc             ] GC(1273) Concurrent Preclean
[2026-06-17T09:54:31.171+0800][47.420s][info][gc             ] GC(1273) Concurrent Preclean 0.371ms
[2026-06-17T09:54:31.172+0800][47.420s][info][gc,cpu         ] GC(1273) User=0.00s Sys=0.00s Real=0.00s
[2026-06-17T09:54:31.172+0800][47.420s][info][gc             ] GC(1273) Concurrent Abortable Preclean
[2026-06-17T09:54:31.211+0800][47.459s][info][gc,start       ] GC(1274) Pause Young (Allocation Failure)
[2026-06-17T09:54:31.211+0800][47.460s][info][gc,task        ] GC(1274) Using 2 workers of 18 for evacuation
[2026-06-17T09:54:31.212+0800][47.461s][info][gc,heap        ] GC(1274) ParNew: 19586K->2151K(19648K)
[2026-06-17T09:54:31.213+0800][47.461s][info][gc,heap        ] GC(1274) CMS: 34976K->38001K(43712K)
[2026-06-17T09:54:31.214+0800][47.462s][info][gc,metaspace   ] GC(1274) Metaspace: 3166K(4864K)->3166K(4864K) NonClass: 2861K(4352K)->2861K(4352K) Class: 305K(512K)->305K(512K)
[2026-06-17T09:54:31.214+0800][47.462s][info][gc             ] GC(1274) Pause Young (Allocation Failure) 53M->39M(61M) 3.584ms
[2026-06-17T09:54:31.215+0800][47.464s][info][gc,cpu         ] GC(1274) User=0.00s Sys=0.00s Real=0.00s
[2026-06-17T09:54:31.258+0800][47.506s][info][gc,start       ] GC(1275) Pause Young (Allocation Failure)
[2026-06-17T09:54:31.259+0800][47.507s][info][gc,task        ] GC(1275) Using 2 workers of 18 for evacuation
[2026-06-17T09:54:31.260+0800][47.508s][info][gc,heap        ] GC(1275) ParNew: 19623K->2169K(19648K)
[2026-06-17T09:54:31.260+0800][47.508s][info][gc,heap        ] GC(1275) CMS: 38001K->41390K(43712K)
[2026-06-17T09:54:31.260+0800][47.508s][info][gc,metaspace   ] GC(1275) Metaspace: 3166K(4864K)->3166K(4864K) NonClass: 2861K(4352K)->2861K(4352K) Class: 305K(512K)->305K(512K)
[2026-06-17T09:54:31.260+0800][47.508s][info][gc             ] GC(1275) Pause Young (Allocation Failure) 56M->42M(61M) 1.949ms
[2026-06-17T09:54:31.260+0800][47.508s][info][gc,cpu         ] GC(1275) User=0.00s Sys=0.00s Real=0.00s
[2026-06-17T09:54:31.303+0800][47.551s][info][gc,start       ] GC(1276) Pause Young (Allocation Failure)
[2026-06-17T09:54:31.303+0800][47.551s][info][gc,task        ] GC(1276) Using 2 workers of 18 for evacuation
[2026-06-17T09:54:31.303+0800][47.552s][info][gc,start       ] GC(1277) Pause Full (Allocation Failure)
[2026-06-17T09:54:31.304+0800][47.552s][info][gc             ] GC(1273) Concurrent Abortable Preclean 131.259ms
[2026-06-17T09:54:31.304+0800][47.552s][info][gc,cpu         ] GC(1273) User=0.00s Sys=0.00s Real=0.13s
[2026-06-17T09:54:31.304+0800][47.552s][info][gc,phases,start] GC(1277) Phase 1: Mark live objects
[2026-06-17T09:54:31.305+0800][47.553s][info][gc,phases      ] GC(1277) Phase 1: Mark live objects 0.760ms
[2026-06-17T09:54:31.305+0800][47.553s][info][gc,phases,start] GC(1277) Phase 2: Compute new object addresses
[2026-06-17T09:54:31.306+0800][47.554s][info][gc,phases      ] GC(1277) Phase 2: Compute new object addresses 0.890ms
[2026-06-17T09:54:31.306+0800][47.554s][info][gc,phases,start] GC(1277) Phase 3: Adjust pointers
[2026-06-17T09:54:31.307+0800][47.555s][info][gc,phases      ] GC(1277) Phase 3: Adjust pointers 0.612ms
[2026-06-17T09:54:31.307+0800][47.555s][info][gc,phases,start] GC(1277) Phase 4: Move objects
[2026-06-17T09:54:31.310+0800][47.558s][info][gc,phases      ] GC(1277) Phase 4: Move objects 2.565ms
[2026-06-17T09:54:31.310+0800][47.558s][info][gc             ] GC(1277) Pause Full (Allocation Failure) 59M->25M(61M) 6.681ms
[2026-06-17T09:54:31.310+0800][47.558s][info][gc,heap        ] GC(1276) ParNew: 19641K->0K(19648K)
[2026-06-17T09:54:31.310+0800][47.559s][info][gc,heap        ] GC(1276) CMS: 41390K->26383K(43712K)
[2026-06-17T09:54:31.311+0800][47.559s][info][gc,metaspace   ] GC(1276) Metaspace: 3166K(4864K)->3166K(4864K) NonClass: 2861K(4352K)->2861K(4352K) Class: 305K(512K)->305K(512K)
[2026-06-17T09:54:31.311+0800][47.559s][info][gc             ] GC(1276) Pause Young (Allocation Failure) 59M->25M(61M) 8.010ms
[2026-06-17T09:54:31.311+0800][47.559s][info][gc,cpu         ] GC(1276) User=0.01s Sys=0.00s Real=0.01s
[2026-06-17T09:54:31.353+0800][47.601s][info][gc,start       ] GC(1278) Pause Young (Allocation Failure)
[2026-06-17T09:54:31.354+0800][47.602s][info][gc,task        ] GC(1278) Using 2 workers of 18 for evacuation
[2026-06-17T09:54:31.355+0800][47.603s][info][gc,heap        ] GC(1278) ParNew: 17472K->2175K(19648K)
[2026-06-17T09:54:31.355+0800][47.603s][info][gc,heap        ] GC(1278) CMS: 26383K->30668K(43712K)
[2026-06-17T09:54:31.355+0800][47.603s][info][gc,metaspace   ] GC(1278) Metaspace: 3166K(4864K)->3166K(4864K) NonClass: 2861K(4352K)->2861K(4352K) Class: 305K(512K)->305K(512K)
[2026-06-17T09:54:31.355+0800][47.603s][info][gc             ] GC(1278) Pause Young (Allocation Failure) 42M->32M(61M) 2.194ms
[2026-06-17T09:54:31.355+0800][47.604s][info][gc,cpu         ] GC(1278) User=0.00s Sys=0.00s Real=0.00s
[2026-06-17T09:54:31.398+0800][47.646s][info][gc,start       ] GC(1279) Pause Young (Allocation Failure)
[2026-06-17T09:54:31.398+0800][47.646s][info][gc,task        ] GC(1279) Using 2 workers of 18 for evacuation
[2026-06-17T09:54:31.400+0800][47.648s][info][gc,heap        ] GC(1279) ParNew: 19647K->2170K(19648K)
[2026-06-17T09:54:31.400+0800][47.648s][info][gc,heap        ] GC(1279) CMS: 30668K->36076K(43712K)
[2026-06-17T09:54:31.400+0800][47.648s][info][gc,metaspace   ] GC(1279) Metaspace: 3166K(4864K)->3166K(4864K) NonClass: 2861K(4352K)->2861K(4352K) Class: 305K(512K)->305K(512K)
[2026-06-17T09:54:31.400+0800][47.649s][info][gc             ] GC(1279) Pause Young (Allocation Failure) 49M->37M(61M) 2.753ms
[2026-06-17T09:54:31.401+0800][47.649s][info][gc,cpu         ] GC(1279) User=0.01s Sys=0.00s Real=0.00s
[2026-06-17T09:54:31.401+0800][47.649s][info][gc,start       ] GC(1280) Pause Initial Mark
[2026-06-17T09:54:31.402+0800][47.650s][info][gc             ] GC(1280) Pause Initial Mark 37M->37M(61M) 0.534ms
[2026-06-17T09:54:31.402+0800][47.650s][info][gc,cpu         ] GC(1280) User=0.00s Sys=0.00s Real=0.00s
[2026-06-17T09:54:31.402+0800][47.650s][info][gc             ] GC(1280) Concurrent Mark
[2026-06-17T09:54:31.403+0800][47.651s][info][gc,task        ] GC(1280) Using 2 workers of 5 for marking
[2026-06-17T09:54:31.405+0800][47.653s][info][gc             ] GC(1280) Concurrent Mark 2.592ms
[2026-06-17T09:54:31.407+0800][47.655s][info][gc,cpu         ] GC(1280) User=0.00s Sys=0.00s Real=0.01s
[2026-06-17T09:54:31.408+0800][47.656s][info][gc             ] GC(1280) Concurrent Preclean
[2026-06-17T09:54:31.409+0800][47.658s][info][gc             ] GC(1280) Concurrent Preclean 1.592ms
[2026-06-17T09:54:31.411+0800][47.660s][info][gc,cpu         ] GC(1280) User=0.00s Sys=0.00s Real=0.01s
[2026-06-17T09:54:31.413+0800][47.662s][info][gc             ] GC(1280) Concurrent Abortable Preclean
[2026-06-17T09:54:31.444+0800][47.692s][info][gc,start       ] GC(1281) Pause Young (Allocation Failure)
[2026-06-17T09:54:31.445+0800][47.693s][info][gc,task        ] GC(1281) Using 2 workers of 18 for evacuation
[2026-06-17T09:54:31.446+0800][47.694s][info][gc,heap        ] GC(1281) ParNew: 19642K->2175K(19648K)
[2026-06-17T09:54:31.446+0800][47.694s][info][gc,heap        ] GC(1281) CMS: 36076K->42229K(43712K)
[2026-06-17T09:54:31.447+0800][47.695s][info][gc,metaspace   ] GC(1281) Metaspace: 3166K(4864K)->3166K(4864K) NonClass: 2861K(4352K)->2861K(4352K) Class: 305K(512K)->305K(512K)
[2026-06-17T09:54:31.447+0800][47.695s][info][gc             ] GC(1281) Pause Young (Allocation Failure) 54M->43M(61M) 2.587ms
[2026-06-17T09:54:31.447+0800][47.695s][info][gc,cpu         ] GC(1281) User=0.00s Sys=0.00s Real=0.00s
[2026-06-17T09:54:31.447+0800][47.695s][info][gc             ] GC(1280) Concurrent Abortable Preclean 33.694ms
[2026-06-17T09:54:31.447+0800][47.696s][info][gc,cpu         ] GC(1280) User=0.00s Sys=0.00s Real=0.03s
[2026-06-17T09:54:31.448+0800][47.696s][info][gc,start       ] GC(1280) Pause Remark
[2026-06-17T09:54:31.448+0800][47.696s][info][gc             ] GC(1280) Pause Remark 43M->43M(61M) 0.632ms
[2026-06-17T09:54:31.448+0800][47.697s][info][gc,cpu         ] GC(1280) User=0.00s Sys=0.00s Real=0.00s
[2026-06-17T09:54:31.449+0800][47.697s][info][gc             ] GC(1280) Concurrent Sweep
[2026-06-17T09:54:31.449+0800][47.697s][info][gc             ] GC(1280) Concurrent Sweep 0.383ms
[2026-06-17T09:54:31.449+0800][47.697s][info][gc,cpu         ] GC(1280) User=0.00s Sys=0.00s Real=0.00s
[2026-06-17T09:54:31.449+0800][47.698s][info][gc             ] GC(1280) Concurrent Reset
[2026-06-17T09:54:31.449+0800][47.698s][info][gc             ] GC(1280) Concurrent Reset 0.121ms
[2026-06-17T09:54:31.450+0800][47.698s][info][gc,cpu         ] GC(1280) User=0.00s Sys=0.00s Real=0.00s
[2026-06-17T09:54:31.450+0800][47.698s][info][gc,heap        ] GC(1280) Old: 36076K->28012K(43712K)
[2026-06-17T09:54:31.500+0800][47.748s][info][gc,start       ] GC(1282) Pause Young (Allocation Failure)
[2026-06-17T09:54:31.500+0800][47.748s][info][gc,task        ] GC(1282) Using 2 workers of 18 for evacuation
[2026-06-17T09:54:31.501+0800][47.749s][info][gc,heap        ] GC(1282) ParNew: 19647K->2165K(19648K)
[2026-06-17T09:54:31.502+0800][47.750s][info][gc,heap        ] GC(1282) CMS: 28012K->30532K(43712K)
[2026-06-17T09:54:31.502+0800][47.750s][info][gc,metaspace   ] GC(1282) Metaspace: 3166K(4864K)->3166K(4864K) NonClass: 2861K(4352K)->2861K(4352K) Class: 305K(512K)->305K(512K)
[2026-06-17T09:54:31.502+0800][47.750s][info][gc             ] GC(1282) Pause Young (Allocation Failure) 46M->31M(61M) 2.185ms
[2026-06-17T09:54:31.502+0800][47.750s][info][gc,cpu         ] GC(1282) User=0.00s Sys=0.00s Real=0.00s
[2026-06-17T09:54:31.502+0800][47.751s][info][gc,start       ] GC(1283) Pause Initial Mark
[2026-06-17T09:54:31.503+0800][47.751s][info][gc             ] GC(1283) Pause Initial Mark 32M->32M(61M) 0.266ms
[2026-06-17T09:54:31.503+0800][47.751s][info][gc,cpu         ] GC(1283) User=0.00s Sys=0.00s Real=0.01s
[2026-06-17T09:54:31.503+0800][47.751s][info][gc             ] GC(1283) Concurrent Mark
[2026-06-17T09:54:31.503+0800][47.751s][info][gc,task        ] GC(1283) Using 2 workers of 5 for marking
[2026-06-17T09:54:31.504+0800][47.752s][info][gc             ] GC(1283) Concurrent Mark 1.093ms
[2026-06-17T09:54:31.504+0800][47.752s][info][gc,cpu         ] GC(1283) User=0.00s Sys=0.00s Real=0.00s
[2026-06-17T09:54:31.504+0800][47.752s][info][gc             ] GC(1283) Concurrent Preclean
[2026-06-17T09:54:31.504+0800][47.753s][info][gc             ] GC(1283) Concurrent Preclean 0.141ms
[2026-06-17T09:54:31.505+0800][47.753s][info][gc,cpu         ] GC(1283) User=0.00s Sys=0.00s Real=0.00s
[2026-06-17T09:54:31.505+0800][47.753s][info][gc             ] GC(1283) Concurrent Abortable Preclean
[2026-06-17T09:54:31.545+0800][47.793s][info][gc,start       ] GC(1284) Pause Young (Allocation Failure)
[2026-06-17T09:54:31.545+0800][47.794s][info][gc,task        ] GC(1284) Using 2 workers of 18 for evacuation
[2026-06-17T09:54:31.546+0800][47.795s][info][gc,heap        ] GC(1284) ParNew: 19617K->2175K(19648K)
[2026-06-17T09:54:31.547+0800][47.795s][info][gc,heap        ] GC(1284) CMS: 30532K->34435K(43712K)
[2026-06-17T09:54:31.547+0800][47.795s][info][gc,metaspace   ] GC(1284) Metaspace: 3166K(4864K)->3166K(4864K) NonClass: 2861K(4352K)->2861K(4352K) Class: 305K(512K)->305K(512K)
[2026-06-17T09:54:31.547+0800][47.795s][info][gc             ] GC(1284) Pause Young (Allocation Failure) 48M->35M(61M) 2.195ms
[2026-06-17T09:54:31.547+0800][47.796s][info][gc,cpu         ] GC(1284) User=0.00s Sys=0.00s Real=0.00s
[2026-06-17T09:54:31.591+0800][47.839s][info][gc,start       ] GC(1285) Pause Young (Allocation Failure)
[2026-06-17T09:54:31.592+0800][47.840s][info][gc,task        ] GC(1285) Using 2 workers of 18 for evacuation
[2026-06-17T09:54:31.593+0800][47.841s][info][gc,heap        ] GC(1285) ParNew: 19617K->2175K(19648K)
[2026-06-17T09:54:31.594+0800][47.842s][info][gc,heap        ] GC(1285) CMS: 34435K->37897K(43712K)
[2026-06-17T09:54:31.594+0800][47.842s][info][gc,metaspace   ] GC(1285) Metaspace: 3166K(4864K)->3166K(4864K) NonClass: 2861K(4352K)->2861K(4352K) Class: 305K(512K)->305K(512K)
[2026-06-17T09:54:31.595+0800][47.843s][info][gc             ] GC(1285) Pause Young (Allocation Failure) 52M->39M(61M) 3.704ms
[2026-06-17T09:54:31.595+0800][47.843s][info][gc,cpu         ] GC(1285) User=0.01s Sys=0.00s Real=0.00s
[2026-06-17T09:54:31.638+0800][47.886s][info][gc,start       ] GC(1286) Pause Young (Allocation Failure)
[2026-06-17T09:54:31.638+0800][47.886s][info][gc,task        ] GC(1286) Using 2 workers of 18 for evacuation
[2026-06-17T09:54:31.639+0800][47.887s][info][gc,heap        ] GC(1286) ParNew: 19646K->2173K(19648K)
[2026-06-17T09:54:31.640+0800][47.888s][info][gc,heap        ] GC(1286) CMS: 37897K->42505K(43712K)
[2026-06-17T09:54:31.642+0800][47.890s][info][gc,metaspace   ] GC(1286) Metaspace: 3166K(4864K)->3166K(4864K) NonClass: 2861K(4352K)->2861K(4352K) Class: 305K(512K)->305K(512K)
[2026-06-17T09:54:31.645+0800][47.893s][info][gc             ] GC(1286) Pause Young (Allocation Failure) 56M->43M(61M) 7.173ms
[2026-06-17T09:54:31.646+0800][47.894s][info][gc,cpu         ] GC(1286) User=0.00s Sys=0.00s Real=0.01s
[2026-06-17T09:54:31.647+0800][47.895s][info][gc             ] GC(1283) Concurrent Abortable Preclean 142.042ms
[2026-06-17T09:54:31.649+0800][47.897s][info][gc,cpu         ] GC(1283) User=0.01s Sys=0.00s Real=0.14s
[2026-06-17T09:54:31.650+0800][47.898s][info][gc,start       ] GC(1283) Pause Remark
[2026-06-17T09:54:31.652+0800][47.900s][info][gc             ] GC(1283) Pause Remark 45M->45M(61M) 1.560ms
[2026-06-17T09:54:31.653+0800][47.902s][info][gc,cpu         ] GC(1283) User=0.00s Sys=0.00s Real=0.01s
[2026-06-17T09:54:31.654+0800][47.902s][info][gc             ] GC(1283) Concurrent Sweep
[2026-06-17T09:54:31.654+0800][47.903s][info][gc             ] GC(1283) Concurrent Sweep 0.526ms
[2026-06-17T09:54:31.655+0800][47.903s][info][gc,cpu         ] GC(1283) User=0.00s Sys=0.00s Real=0.00s
[2026-06-17T09:54:31.658+0800][47.906s][info][gc             ] GC(1283) Concurrent Reset
[2026-06-17T09:54:31.664+0800][47.912s][info][gc             ] GC(1283) Concurrent Reset 5.479ms
[2026-06-17T09:54:31.664+0800][47.912s][info][gc,cpu         ] GC(1283) User=0.00s Sys=0.00s Real=0.01s
[2026-06-17T09:54:31.666+0800][47.914s][info][gc,heap        ] GC(1283) Old: 30532K->37958K(43712K)
[2026-06-17T09:54:31.689+0800][47.937s][info][gc,start       ] GC(1287) Pause Young (Allocation Failure)
[2026-06-17T09:54:31.713+0800][47.961s][info][gc,task        ] GC(1287) Using 2 workers of 18 for evacuation
[2026-06-17T09:54:31.714+0800][47.962s][info][gc,promotion   ] Promotion failed
[2026-06-17T09:54:31.751+0800][47.999s][info][gc,start       ] GC(1288) Pause Full (Allocation Failure)
[2026-06-17T09:54:31.761+0800][48.009s][info][gc,phases,start] GC(1288) Phase 1: Mark live objects
[2026-06-17T09:54:31.766+0800][48.015s][info][gc,phases      ] GC(1288) Phase 1: Mark live objects 5.392ms
[2026-06-17T09:54:31.767+0800][48.015s][info][gc,phases,start] GC(1288) Phase 2: Compute new object addresses
[2026-06-17T09:54:31.768+0800][48.016s][info][gc,phases      ] GC(1288) Phase 2: Compute new object addresses 0.528ms
[2026-06-17T09:54:31.768+0800][48.016s][info][gc,phases,start] GC(1288) Phase 3: Adjust pointers
[2026-06-17T09:54:31.768+0800][48.017s][info][gc,phases      ] GC(1288) Phase 3: Adjust pointers 0.416ms
[2026-06-17T09:54:31.769+0800][48.017s][info][gc,phases,start] GC(1288) Phase 4: Move objects
[2026-06-17T09:54:31.771+0800][48.019s][info][gc,phases      ] GC(1288) Phase 4: Move objects 2.420ms
[2026-06-17T09:54:31.771+0800][48.020s][info][gc             ] GC(1288) Pause Full (Allocation Failure) 61M->32M(61M) 20.248ms
[2026-06-17T09:54:31.772+0800][48.020s][info][gc,heap        ] GC(1287) ParNew: 19645K->0K(19648K)
[2026-06-17T09:54:31.772+0800][48.020s][info][gc,heap        ] GC(1287) CMS: 37958K->32780K(43712K)
[2026-06-17T09:54:31.772+0800][48.020s][info][gc,metaspace   ] GC(1287) Metaspace: 3166K(4864K)->3166K(4864K) NonClass: 2861K(4352K)->2861K(4352K) Class: 305K(512K)->305K(512K)
[2026-06-17T09:54:31.772+0800][48.020s][info][gc             ] GC(1287) Pause Young (Allocation Failure) 56M->32M(61M) 83.610ms
[2026-06-17T09:54:31.772+0800][48.021s][info][gc,cpu         ] GC(1287) User=0.01s Sys=0.00s Real=0.09s
[2026-06-17T09:54:31.773+0800][48.021s][info][gc,start       ] GC(1289) Pause Initial Mark
[2026-06-17T09:54:31.773+0800][48.021s][info][gc             ] GC(1289) Pause Initial Mark 32M->32M(61M) 0.509ms
[2026-06-17T09:54:31.774+0800][48.022s][info][gc,cpu         ] GC(1289) User=0.00s Sys=0.00s Real=0.00s
[2026-06-17T09:54:31.775+0800][48.023s][info][gc             ] GC(1289) Concurrent Mark
[2026-06-17T09:54:31.775+0800][48.024s][info][gc,task        ] GC(1289) Using 2 workers of 5 for marking
[2026-06-17T09:54:31.776+0800][48.024s][info][gc             ] GC(1289) Concurrent Mark 1.132ms
[2026-06-17T09:54:31.777+0800][48.025s][info][gc,cpu         ] GC(1289) User=0.00s Sys=0.00s Real=0.00s
[2026-06-17T09:54:31.777+0800][48.026s][info][gc             ] GC(1289) Concurrent Preclean
[2026-06-17T09:54:31.778+0800][48.026s][info][gc             ] GC(1289) Concurrent Preclean 0.412ms
[2026-06-17T09:54:31.779+0800][48.027s][info][gc,cpu         ] GC(1289) User=0.00s Sys=0.00s Real=0.00s
[2026-06-17T09:54:31.779+0800][48.027s][info][gc,start       ] GC(1289) Pause Remark
[2026-06-17T09:54:31.780+0800][48.028s][info][gc             ] GC(1289) Pause Remark 32M->32M(61M) 0.595ms
[2026-06-17T09:54:31.785+0800][48.033s][info][gc,cpu         ] GC(1289) User=0.00s Sys=0.00s Real=0.01s
[2026-06-17T09:54:31.786+0800][48.034s][info][gc             ] GC(1289) Concurrent Sweep
[2026-06-17T09:54:31.787+0800][48.036s][info][gc             ] GC(1289) Concurrent Sweep 1.235ms
[2026-06-17T09:54:31.790+0800][48.038s][info][gc,cpu         ] GC(1289) User=0.00s Sys=0.00s Real=0.00s
[2026-06-17T09:54:31.792+0800][48.040s][info][gc             ] GC(1289) Concurrent Reset
[2026-06-17T09:54:31.797+0800][48.045s][info][gc             ] GC(1289) Concurrent Reset 4.248ms
[2026-06-17T09:54:31.797+0800][48.045s][info][gc,cpu         ] GC(1289) User=0.00s Sys=0.00s Real=0.00s
[2026-06-17T09:54:31.797+0800][48.046s][info][gc,heap        ] GC(1289) Old: 32780K->29669K(43712K)
[2026-06-17T09:54:31.828+0800][48.076s][info][gc,start       ] GC(1290) Pause Young (Allocation Failure)
[2026-06-17T09:54:31.828+0800][48.077s][info][gc,task        ] GC(1290) Using 2 workers of 18 for evacuation
[2026-06-17T09:54:31.829+0800][48.077s][info][gc,heap        ] GC(1290) ParNew: 17472K->2148K(19648K)
[2026-06-17T09:54:31.829+0800][48.078s][info][gc,heap        ] GC(1290) CMS: 29669K->30581K(43712K)
[2026-06-17T09:54:31.830+0800][48.078s][info][gc,metaspace   ] GC(1290) Metaspace: 3166K(4864K)->3166K(4864K) NonClass: 2861K(4352K)->2861K(4352K) Class: 305K(512K)->305K(512K)
[2026-06-17T09:54:31.830+0800][48.078s][info][gc             ] GC(1290) Pause Young (Allocation Failure) 46M->31M(61M) 1.862ms
[2026-06-17T09:54:31.830+0800][48.078s][info][gc,cpu         ] GC(1290) User=0.00s Sys=0.00s Real=0.00s
[2026-06-17T09:54:31.872+0800][48.120s][info][gc,start       ] GC(1291) Pause Young (Allocation Failure)
[2026-06-17T09:54:31.873+0800][48.121s][info][gc,task        ] GC(1291) Using 2 workers of 18 for evacuation
[2026-06-17T09:54:31.876+0800][48.124s][info][gc,heap        ] GC(1291) ParNew: 19620K->2169K(19648K)
[2026-06-17T09:54:31.878+0800][48.126s][info][gc,heap        ] GC(1291) CMS: 30581K->34431K(43712K)
[2026-06-17T09:54:31.880+0800][48.128s][info][gc,metaspace   ] GC(1291) Metaspace: 3166K(4864K)->3166K(4864K) NonClass: 2861K(4352K)->2861K(4352K) Class: 305K(512K)->305K(512K)
[2026-06-17T09:54:31.883+0800][48.131s][info][gc             ] GC(1291) Pause Young (Allocation Failure) 49M->35M(61M) 10.366ms
[2026-06-17T09:54:31.884+0800][48.132s][info][gc,cpu         ] GC(1291) User=0.01s Sys=0.00s Real=0.01s
[2026-06-17T09:54:31.886+0800][48.135s][info][gc,start       ] GC(1292) Pause Initial Mark
[2026-06-17T09:54:31.887+0800][48.135s][info][gc             ] GC(1292) Pause Initial Mark 37M->37M(61M) 0.857ms
[2026-06-17T09:54:31.889+0800][48.137s][info][gc,cpu         ] GC(1292) User=0.00s Sys=0.00s Real=0.00s
[2026-06-17T09:54:31.890+0800][48.138s][info][gc             ] GC(1292) Concurrent Mark
[2026-06-17T09:54:31.892+0800][48.141s][info][gc,task        ] GC(1292) Using 2 workers of 5 for marking
[2026-06-17T09:54:31.895+0800][48.143s][info][gc             ] GC(1292) Concurrent Mark 4.791ms
[2026-06-17T09:54:31.896+0800][48.144s][info][gc,cpu         ] GC(1292) User=0.00s Sys=0.00s Real=0.01s
[2026-06-17T09:54:31.896+0800][48.145s][info][gc             ] GC(1292) Concurrent Preclean
[2026-06-17T09:54:31.897+0800][48.145s][info][gc             ] GC(1292) Concurrent Preclean 0.222ms
[2026-06-17T09:54:31.897+0800][48.145s][info][gc,cpu         ] GC(1292) User=0.00s Sys=0.00s Real=0.00s
[2026-06-17T09:54:31.897+0800][48.145s][info][gc             ] GC(1292) Concurrent Abortable Preclean
[2026-06-17T09:54:31.932+0800][48.180s][info][gc,start       ] GC(1293) Pause Young (Allocation Failure)
[2026-06-17T09:54:31.933+0800][48.181s][info][gc,task        ] GC(1293) Using 2 workers of 18 for evacuation
[2026-06-17T09:54:31.934+0800][48.182s][info][gc,heap        ] GC(1293) ParNew: 19592K->2170K(19648K)
[2026-06-17T09:54:31.934+0800][48.182s][info][gc,heap        ] GC(1293) CMS: 34431K->37919K(43712K)
[2026-06-17T09:54:31.934+0800][48.182s][info][gc,metaspace   ] GC(1293) Metaspace: 3166K(4864K)->3166K(4864K) NonClass: 2861K(4352K)->2861K(4352K) Class: 305K(512K)->305K(512K)
[2026-06-17T09:54:31.934+0800][48.182s][info][gc             ] GC(1293) Pause Young (Allocation Failure) 52M->39M(61M) 1.850ms
[2026-06-17T09:54:31.934+0800][48.182s][info][gc,cpu         ] GC(1293) User=0.00s Sys=0.00s Real=0.00s
[2026-06-17T09:54:31.977+0800][48.225s][info][gc,start       ] GC(1294) Pause Young (Allocation Failure)
[2026-06-17T09:54:31.977+0800][48.225s][info][gc,task        ] GC(1294) Using 2 workers of 18 for evacuation
[2026-06-17T09:54:31.979+0800][48.227s][info][gc,heap        ] GC(1294) ParNew: 19634K->2168K(19648K)
[2026-06-17T09:54:31.979+0800][48.227s][info][gc,heap        ] GC(1294) CMS: 37919K->42624K(43712K)
[2026-06-17T09:54:31.979+0800][48.227s][info][gc,metaspace   ] GC(1294) Metaspace: 3166K(4864K)->3166K(4864K) NonClass: 2861K(4352K)->2861K(4352K) Class: 305K(512K)->305K(512K)
[2026-06-17T09:54:31.980+0800][48.228s][info][gc             ] GC(1294) Pause Young (Allocation Failure) 56M->43M(61M) 2.939ms
[2026-06-17T09:54:31.980+0800][48.228s][info][gc,cpu         ] GC(1294) User=0.01s Sys=0.00s Real=0.00s
[2026-06-17T09:54:31.980+0800][48.229s][info][gc             ] GC(1292) Concurrent Abortable Preclean 83.504ms
[2026-06-17T09:54:31.981+0800][48.229s][info][gc,cpu         ] GC(1292) User=0.01s Sys=0.00s Real=0.08s
[2026-06-17T09:54:31.981+0800][48.229s][info][gc,start       ] GC(1292) Pause Remark
[2026-06-17T09:54:31.982+0800][48.230s][info][gc             ] GC(1292) Pause Remark 46M->46M(61M) 0.745ms
[2026-06-17T09:54:31.982+0800][48.230s][info][gc,cpu         ] GC(1292) User=0.00s Sys=0.00s Real=0.00s
[2026-06-17T09:54:31.982+0800][48.230s][info][gc             ] GC(1292) Concurrent Sweep
[2026-06-17T09:54:31.983+0800][48.231s][info][gc             ] GC(1292) Concurrent Sweep 0.391ms
[2026-06-17T09:54:31.983+0800][48.231s][info][gc,cpu         ] GC(1292) User=0.00s Sys=0.00s Real=0.01s
[2026-06-17T09:54:31.983+0800][48.231s][info][gc             ] GC(1292) Concurrent Reset
[2026-06-17T09:54:31.983+0800][48.231s][info][gc             ] GC(1292) Concurrent Reset 0.196ms
[2026-06-17T09:54:31.983+0800][48.232s][info][gc,cpu         ] GC(1292) User=0.00s Sys=0.00s Real=0.00s
[2026-06-17T09:54:31.984+0800][48.232s][info][gc,heap        ] GC(1292) Old: 34431K->32537K(43712K)
[2026-06-17T09:54:32.023+0800][48.271s][info][gc,start       ] GC(1295) Pause Young (Allocation Failure)
[2026-06-17T09:54:32.023+0800][48.271s][info][gc,task        ] GC(1295) Using 2 workers of 18 for evacuation
[2026-06-17T09:54:32.024+0800][48.272s][info][gc,heap        ] GC(1295) ParNew: 19640K->2172K(19648K)
[2026-06-17T09:54:32.025+0800][48.273s][info][gc,heap        ] GC(1295) CMS: 32537K->38473K(43712K)
[2026-06-17T09:54:32.025+0800][48.273s][info][gc,metaspace   ] GC(1295) Metaspace: 3166K(4864K)->3166K(4864K) NonClass: 2861K(4352K)->2861K(4352K) Class: 305K(512K)->305K(512K)
[2026-06-17T09:54:32.025+0800][48.273s][info][gc             ] GC(1295) Pause Young (Allocation Failure) 50M->39M(61M) 2.305ms
[2026-06-17T09:54:32.025+0800][48.273s][info][gc,cpu         ] GC(1295) User=0.00s Sys=0.00s Real=0.00s
[2026-06-17T09:54:32.026+0800][48.274s][info][gc,start       ] GC(1296) Pause Initial Mark
[2026-06-17T09:54:32.026+0800][48.274s][info][gc             ] GC(1296) Pause Initial Mark 40M->40M(61M) 0.356ms
[2026-06-17T09:54:32.026+0800][48.274s][info][gc,cpu         ] GC(1296) User=0.00s Sys=0.00s Real=0.00s
[2026-06-17T09:54:32.027+0800][48.275s][info][gc             ] GC(1296) Concurrent Mark
[2026-06-17T09:54:32.027+0800][48.275s][info][gc,task        ] GC(1296) Using 2 workers of 5 for marking
[2026-06-17T09:54:32.028+0800][48.276s][info][gc             ] GC(1296) Concurrent Mark 1.533ms
[2026-06-17T09:54:32.028+0800][48.277s][info][gc,cpu         ] GC(1296) User=0.00s Sys=0.00s Real=0.00s
[2026-06-17T09:54:32.029+0800][48.277s][info][gc             ] GC(1296) Concurrent Preclean
[2026-06-17T09:54:32.029+0800][48.277s][info][gc             ] GC(1296) Concurrent Preclean 0.200ms
[2026-06-17T09:54:32.029+0800][48.277s][info][gc,cpu         ] GC(1296) User=0.00s Sys=0.00s Real=0.00s
[2026-06-17T09:54:32.029+0800][48.277s][info][gc,start       ] GC(1296) Pause Remark
[2026-06-17T09:54:32.030+0800][48.278s][info][gc             ] GC(1296) Pause Remark 40M->40M(61M) 0.585ms
[2026-06-17T09:54:32.030+0800][48.278s][info][gc,cpu         ] GC(1296) User=0.00s Sys=0.00s Real=0.00s
[2026-06-17T09:54:32.030+0800][48.278s][info][gc             ] GC(1296) Concurrent Sweep
[2026-06-17T09:54:32.031+0800][48.279s][info][gc             ] GC(1296) Concurrent Sweep 0.334ms
[2026-06-17T09:54:32.031+0800][48.279s][info][gc,cpu         ] GC(1296) User=0.00s Sys=0.00s Real=0.01s
[2026-06-17T09:54:32.031+0800][48.279s][info][gc             ] GC(1296) Concurrent Reset
[2026-06-17T09:54:32.031+0800][48.279s][info][gc             ] GC(1296) Concurrent Reset 0.103ms
[2026-06-17T09:54:32.031+0800][48.279s][info][gc,cpu         ] GC(1296) User=0.00s Sys=0.00s Real=0.00s
[2026-06-17T09:54:32.031+0800][48.279s][info][gc,heap        ] GC(1296) Old: 38473K->25566K(43712K)
[2026-06-17T09:54:32.078+0800][48.326s][info][gc,start       ] GC(1297) Pause Young (Allocation Failure)
[2026-06-17T09:54:32.079+0800][48.327s][info][gc,task        ] GC(1297) Using 2 workers of 18 for evacuation
[2026-06-17T09:54:32.080+0800][48.328s][info][gc,heap        ] GC(1297) ParNew: 19626K->2070K(19648K)
[2026-06-17T09:54:32.081+0800][48.329s][info][gc,heap        ] GC(1297) CMS: 25566K->27327K(43712K)
[2026-06-17T09:54:32.082+0800][48.330s][info][gc,metaspace   ] GC(1297) Metaspace: 3166K(4864K)->3166K(4864K) NonClass: 2861K(4352K)->2861K(4352K) Class: 305K(512K)->305K(512K)
[2026-06-17T09:54:32.083+0800][48.331s][info][gc             ] GC(1297) Pause Young (Allocation Failure) 44M->28M(61M) 4.830ms
[2026-06-17T09:54:32.084+0800][48.333s][info][gc,cpu         ] GC(1297) User=0.01s Sys=0.00s Real=0.01s
[2026-06-17T09:54:32.119+0800][48.367s][info][gc,start       ] GC(1298) Pause Young (Allocation Failure)
[2026-06-17T09:54:32.120+0800][48.368s][info][gc,task        ] GC(1298) Using 2 workers of 18 for evacuation
[2026-06-17T09:54:32.121+0800][48.369s][info][gc,heap        ] GC(1298) ParNew: 19345K->2067K(19648K)
[2026-06-17T09:54:32.121+0800][48.369s][info][gc,heap        ] GC(1298) CMS: 27327K->30237K(43712K)
[2026-06-17T09:54:32.122+0800][48.370s][info][gc,metaspace   ] GC(1298) Metaspace: 3166K(4864K)->3166K(4864K) NonClass: 2861K(4352K)->2861K(4352K) Class: 305K(512K)->305K(512K)
[2026-06-17T09:54:32.122+0800][48.370s][info][gc             ] GC(1298) Pause Young (Allocation Failure) 45M->31M(61M) 2.897ms
[2026-06-17T09:54:32.123+0800][48.371s][info][gc,cpu         ] GC(1298) User=0.00s Sys=0.00s Real=0.01s
[2026-06-17T09:54:32.166+0800][48.414s][info][gc,start       ] GC(1299) Pause Young (Allocation Failure)
[2026-06-17T09:54:32.167+0800][48.415s][info][gc,task        ] GC(1299) Using 2 workers of 18 for evacuation
[2026-06-17T09:54:32.168+0800][48.416s][info][gc,heap        ] GC(1299) ParNew: 19517K->2170K(19648K)
[2026-06-17T09:54:32.169+0800][48.417s][info][gc,heap        ] GC(1299) CMS: 30237K->36835K(43712K)
[2026-06-17T09:54:32.172+0800][48.420s][info][gc,metaspace   ] GC(1299) Metaspace: 3166K(4864K)->3166K(4864K) NonClass: 2861K(4352K)->2861K(4352K) Class: 305K(512K)->305K(512K)
[2026-06-17T09:54:32.173+0800][48.421s][info][gc             ] GC(1299) Pause Young (Allocation Failure) 48M->38M(61M) 7.645ms
[2026-06-17T09:54:32.174+0800][48.422s][info][gc,cpu         ] GC(1299) User=0.00s Sys=0.00s Real=0.01s
[2026-06-17T09:54:32.175+0800][48.423s][info][gc,start       ] GC(1300) Pause Initial Mark
[2026-06-17T09:54:32.176+0800][48.424s][info][gc             ] GC(1300) Pause Initial Mark 38M->38M(61M) 0.780ms
[2026-06-17T09:54:32.176+0800][48.424s][info][gc,cpu         ] GC(1300) User=0.00s Sys=0.00s Real=0.00s
[2026-06-17T09:54:32.177+0800][48.425s][info][gc             ] GC(1300) Concurrent Mark
[2026-06-17T09:54:32.179+0800][48.427s][info][gc,task        ] GC(1300) Using 2 workers of 5 for marking
[2026-06-17T09:54:32.180+0800][48.428s][info][gc             ] GC(1300) Concurrent Mark 2.574ms
[2026-06-17T09:54:32.183+0800][48.431s][info][gc,cpu         ] GC(1300) User=0.01s Sys=0.00s Real=0.01s
[2026-06-17T09:54:32.184+0800][48.432s][info][gc             ] GC(1300) Concurrent Preclean
[2026-06-17T09:54:32.191+0800][48.439s][info][gc             ] GC(1300) Concurrent Preclean 6.751ms
[2026-06-17T09:54:32.191+0800][48.439s][info][gc,cpu         ] GC(1300) User=0.00s Sys=0.00s Real=0.01s
[2026-06-17T09:54:32.192+0800][48.441s][info][gc             ] GC(1300) Concurrent Abortable Preclean
[2026-06-17T09:54:32.227+0800][48.475s][info][gc,start       ] GC(1301) Pause Young (Allocation Failure)
[2026-06-17T09:54:32.228+0800][48.476s][info][gc,task        ] GC(1301) Using 2 workers of 18 for evacuation
[2026-06-17T09:54:32.228+0800][48.477s][info][gc,start       ] GC(1302) Pause Full (Allocation Failure)
[2026-06-17T09:54:32.229+0800][48.477s][info][gc             ] GC(1300) Concurrent Abortable Preclean 36.919ms
[2026-06-17T09:54:32.230+0800][48.478s][info][gc,cpu         ] GC(1300) User=0.00s Sys=0.00s Real=0.03s
[2026-06-17T09:54:32.231+0800][48.479s][info][gc,phases,start] GC(1302) Phase 1: Mark live objects
[2026-06-17T09:54:32.232+0800][48.480s][info][gc,phases      ] GC(1302) Phase 1: Mark live objects 1.006ms
[2026-06-17T09:54:32.232+0800][48.480s][info][gc,phases,start] GC(1302) Phase 2: Compute new object addresses
[2026-06-17T09:54:32.233+0800][48.481s][info][gc,phases      ] GC(1302) Phase 2: Compute new object addresses 0.592ms
[2026-06-17T09:54:32.233+0800][48.481s][info][gc,phases,start] GC(1302) Phase 3: Adjust pointers
[2026-06-17T09:54:32.233+0800][48.481s][info][gc,phases      ] GC(1302) Phase 3: Adjust pointers 0.535ms
[2026-06-17T09:54:32.233+0800][48.482s][info][gc,phases,start] GC(1302) Phase 4: Move objects
[2026-06-17T09:54:32.237+0800][48.485s][info][gc,phases      ] GC(1302) Phase 4: Move objects 3.173ms
[2026-06-17T09:54:32.237+0800][48.486s][info][gc             ] GC(1302) Pause Full (Allocation Failure) 55M->21M(61M) 9.027ms
[2026-06-17T09:54:32.238+0800][48.486s][info][gc,heap        ] GC(1301) ParNew: 19624K->0K(19648K)
[2026-06-17T09:54:32.238+0800][48.486s][info][gc,heap        ] GC(1301) CMS: 36835K->22051K(43712K)
[2026-06-17T09:54:32.239+0800][48.487s][info][gc,metaspace   ] GC(1301) Metaspace: 3166K(4864K)->3166K(4864K) NonClass: 2861K(4352K)->2861K(4352K) Class: 305K(512K)->305K(512K)
[2026-06-17T09:54:32.239+0800][48.487s][info][gc             ] GC(1301) Pause Young (Allocation Failure) 55M->21M(61M) 11.884ms
[2026-06-17T09:54:32.239+0800][48.487s][info][gc,cpu         ] GC(1301) User=0.00s Sys=0.00s Real=0.01s
[2026-06-17T09:54:32.281+0800][48.529s][info][gc,start       ] GC(1303) Pause Young (Allocation Failure)
[2026-06-17T09:54:32.282+0800][48.530s][info][gc,task        ] GC(1303) Using 2 workers of 18 for evacuation
[2026-06-17T09:54:32.286+0800][48.534s][info][gc,heap        ] GC(1303) ParNew: 17472K->2174K(19648K)
[2026-06-17T09:54:32.287+0800][48.535s][info][gc,heap        ] GC(1303) CMS: 22051K->26750K(43712K)
[2026-06-17T09:54:32.294+0800][48.542s][info][gc,metaspace   ] GC(1303) Metaspace: 3166K(4864K)->3166K(4864K) NonClass: 2861K(4352K)->2861K(4352K) Class: 305K(512K)->305K(512K)
[2026-06-17T09:54:32.298+0800][48.546s][info][gc             ] GC(1303) Pause Young (Allocation Failure) 38M->28M(61M) 17.118ms
[2026-06-17T09:54:32.301+0800][48.549s][info][gc,cpu         ] GC(1303) User=0.00s Sys=0.00s Real=0.02s
[2026-06-17T09:54:32.345+0800][48.593s][info][gc,start       ] GC(1304) Pause Young (Allocation Failure)
[2026-06-17T09:54:32.346+0800][48.594s][info][gc,task        ] GC(1304) Using 2 workers of 18 for evacuation
[2026-06-17T09:54:32.347+0800][48.595s][info][gc,heap        ] GC(1304) ParNew: 19612K->2171K(19648K)
[2026-06-17T09:54:32.348+0800][48.596s][info][gc,heap        ] GC(1304) CMS: 26750K->30072K(43712K)
[2026-06-17T09:54:32.348+0800][48.596s][info][gc,metaspace   ] GC(1304) Metaspace: 3166K(4864K)->3166K(4864K) NonClass: 2861K(4352K)->2861K(4352K) Class: 305K(512K)->305K(512K)
[2026-06-17T09:54:32.348+0800][48.596s][info][gc             ] GC(1304) Pause Young (Allocation Failure) 45M->31M(61M) 3.226ms
[2026-06-17T09:54:32.349+0800][48.597s][info][gc,cpu         ] GC(1304) User=0.00s Sys=0.01s Real=0.00s
[2026-06-17T09:54:32.391+0800][48.639s][info][gc,start       ] GC(1305) Pause Young (Allocation Failure)
[2026-06-17T09:54:32.393+0800][48.641s][info][gc,task        ] GC(1305) Using 2 workers of 18 for evacuation
[2026-06-17T09:54:32.394+0800][48.642s][info][gc,heap        ] GC(1305) ParNew: 19634K->2175K(19648K)
[2026-06-17T09:54:32.395+0800][48.643s][info][gc,heap        ] GC(1305) CMS: 30072K->34289K(43712K)
[2026-06-17T09:54:32.395+0800][48.643s][info][gc,metaspace   ] GC(1305) Metaspace: 3166K(4864K)->3166K(4864K) NonClass: 2861K(4352K)->2861K(4352K) Class: 305K(512K)->305K(512K)
[2026-06-17T09:54:32.400+0800][48.648s][info][gc             ] GC(1305) Pause Young (Allocation Failure) 48M->35M(61M) 8.728ms
[2026-06-17T09:54:32.402+0800][48.650s][info][gc,cpu         ] GC(1305) User=0.01s Sys=0.00s Real=0.00s
[2026-06-17T09:54:32.403+0800][48.651s][info][gc,start       ] GC(1306) Pause Initial Mark
[2026-06-17T09:54:32.405+0800][48.653s][info][gc             ] GC(1306) Pause Initial Mark 36M->36M(61M) 2.198ms
[2026-06-17T09:54:32.409+0800][48.658s][info][gc,cpu         ] GC(1306) User=0.00s Sys=0.00s Real=0.00s
[2026-06-17T09:54:32.413+0800][48.661s][info][gc             ] GC(1306) Concurrent Mark
[2026-06-17T09:54:32.414+0800][48.662s][info][gc,task        ] GC(1306) Using 2 workers of 5 for marking
[2026-06-17T09:54:32.414+0800][48.663s][info][gc             ] GC(1306) Concurrent Mark 1.607ms
[2026-06-17T09:54:32.420+0800][48.668s][info][gc,cpu         ] GC(1306) User=0.00s Sys=0.00s Real=0.00s
[2026-06-17T09:54:32.425+0800][48.673s][info][gc             ] GC(1306) Concurrent Preclean
[2026-06-17T09:54:32.426+0800][48.674s][info][gc             ] GC(1306) Concurrent Preclean 1.334ms
[2026-06-17T09:54:32.426+0800][48.674s][info][gc,cpu         ] GC(1306) User=0.00s Sys=0.00s Real=0.00s
[2026-06-17T09:54:32.427+0800][48.675s][info][gc             ] GC(1306) Concurrent Abortable Preclean
[2026-06-17T09:54:32.454+0800][48.703s][info][gc,start       ] GC(1307) Pause Young (Allocation Failure)
[2026-06-17T09:54:32.457+0800][48.705s][info][gc,task        ] GC(1307) Using 2 workers of 18 for evacuation
[2026-06-17T09:54:32.462+0800][48.711s][info][gc,heap        ] GC(1307) ParNew: 19642K->2171K(19648K)
[2026-06-17T09:54:32.466+0800][48.714s][info][gc,heap        ] GC(1307) CMS: 34289K->40286K(43712K)
[2026-06-17T09:54:32.472+0800][48.720s][info][gc,metaspace   ] GC(1307) Metaspace: 3166K(4864K)->3166K(4864K) NonClass: 2861K(4352K)->2861K(4352K) Class: 305K(512K)->305K(512K)
[2026-06-17T09:54:32.479+0800][48.727s][info][gc             ] GC(1307) Pause Young (Allocation Failure) 52M->41M(61M) 24.325ms
[2026-06-17T09:54:32.491+0800][48.739s][info][gc,cpu         ] GC(1307) User=0.00s Sys=0.00s Real=0.04s
[2026-06-17T09:54:32.550+0800][48.798s][info][gc,start       ] GC(1308) Pause Young (Allocation Failure)
[2026-06-17T09:54:32.551+0800][48.799s][info][gc,task        ] GC(1308) Using 2 workers of 18 for evacuation
[2026-06-17T09:54:32.551+0800][48.799s][info][gc,start       ] GC(1309) Pause Full (Allocation Failure)
[2026-06-17T09:54:32.551+0800][48.800s][info][gc             ] GC(1306) Concurrent Abortable Preclean 124.969ms
[2026-06-17T09:54:32.552+0800][48.800s][info][gc,cpu         ] GC(1306) User=0.00s Sys=0.00s Real=0.13s
[2026-06-17T09:54:32.552+0800][48.800s][info][gc,phases,start] GC(1309) Phase 1: Mark live objects
[2026-06-17T09:54:32.553+0800][48.802s][info][gc,phases      ] GC(1309) Phase 1: Mark live objects 1.272ms
[2026-06-17T09:54:32.554+0800][48.802s][info][gc,phases,start] GC(1309) Phase 2: Compute new object addresses
[2026-06-17T09:54:32.554+0800][48.803s][info][gc,phases      ] GC(1309) Phase 2: Compute new object addresses 0.679ms
[2026-06-17T09:54:32.555+0800][48.803s][info][gc,phases,start] GC(1309) Phase 3: Adjust pointers
[2026-06-17T09:54:32.555+0800][48.804s][info][gc,phases      ] GC(1309) Phase 3: Adjust pointers 0.676ms
[2026-06-17T09:54:32.556+0800][48.804s][info][gc,phases,start] GC(1309) Phase 4: Move objects
[2026-06-17T09:54:32.559+0800][48.807s][info][gc,phases      ] GC(1309) Phase 4: Move objects 2.812ms
[2026-06-17T09:54:32.559+0800][48.807s][info][gc             ] GC(1309) Pause Full (Allocation Failure) 58M->26M(61M) 8.074ms
[2026-06-17T09:54:32.559+0800][48.807s][info][gc,heap        ] GC(1308) ParNew: 19629K->0K(19648K)
[2026-06-17T09:54:32.560+0800][48.808s][info][gc,heap        ] GC(1308) CMS: 40286K->26691K(43712K)
[2026-06-17T09:54:32.560+0800][48.808s][info][gc,metaspace   ] GC(1308) Metaspace: 3166K(4864K)->3166K(4864K) NonClass: 2861K(4352K)->2861K(4352K) Class: 305K(512K)->305K(512K)
[2026-06-17T09:54:32.560+0800][48.808s][info][gc             ] GC(1308) Pause Young (Allocation Failure) 58M->26M(61M) 10.245ms
[2026-06-17T09:54:32.560+0800][48.809s][info][gc,cpu         ] GC(1308) User=0.01s Sys=0.00s Real=0.01s
[2026-06-17T09:54:32.604+0800][48.852s][info][gc,start       ] GC(1310) Pause Young (Allocation Failure)
[2026-06-17T09:54:32.604+0800][48.853s][info][gc,task        ] GC(1310) Using 2 workers of 18 for evacuation
[2026-06-17T09:54:32.606+0800][48.854s][info][gc,heap        ] GC(1310) ParNew: 17452K->2174K(19648K)
[2026-06-17T09:54:32.607+0800][48.855s][info][gc,heap        ] GC(1310) CMS: 26691K->31480K(43712K)
[2026-06-17T09:54:32.607+0800][48.855s][info][gc,metaspace   ] GC(1310) Metaspace: 3166K(4864K)->3166K(4864K) NonClass: 2861K(4352K)->2861K(4352K) Class: 305K(512K)->305K(512K)
[2026-06-17T09:54:32.608+0800][48.856s][info][gc             ] GC(1310) Pause Young (Allocation Failure) 43M->32M(61M) 4.295ms
[2026-06-17T09:54:32.608+0800][48.857s][info][gc,cpu         ] GC(1310) User=0.00s Sys=0.00s Real=0.00s
[2026-06-17T09:54:32.609+0800][48.857s][info][gc,start       ] GC(1311) Pause Initial Mark
[2026-06-17T09:54:32.610+0800][48.858s][info][gc             ] GC(1311) Pause Initial Mark 35M->35M(61M) 1.247ms
[2026-06-17T09:54:32.611+0800][48.859s][info][gc,cpu         ] GC(1311) User=0.00s Sys=0.00s Real=0.01s
[2026-06-17T09:54:32.611+0800][48.859s][info][gc             ] GC(1311) Concurrent Mark
[2026-06-17T09:54:32.611+0800][48.859s][info][gc,task        ] GC(1311) Using 2 workers of 5 for marking
[2026-06-17T09:54:32.612+0800][48.861s][info][gc             ] GC(1311) Concurrent Mark 1.408ms
[2026-06-17T09:54:32.613+0800][48.861s][info][gc,cpu         ] GC(1311) User=0.01s Sys=0.00s Real=0.00s
[2026-06-17T09:54:32.613+0800][48.861s][info][gc             ] GC(1311) Concurrent Preclean
[2026-06-17T09:54:32.613+0800][48.861s][info][gc             ] GC(1311) Concurrent Preclean 0.226ms
[2026-06-17T09:54:32.613+0800][48.861s][info][gc,cpu         ] GC(1311) User=0.00s Sys=0.00s Real=0.00s
[2026-06-17T09:54:32.613+0800][48.862s][info][gc             ] GC(1311) Concurrent Abortable Preclean
[2026-06-17T09:54:32.651+0800][48.900s][info][gc,start       ] GC(1312) Pause Young (Allocation Failure)
[2026-06-17T09:54:32.652+0800][48.900s][info][gc,task        ] GC(1312) Using 2 workers of 18 for evacuation
[2026-06-17T09:54:32.654+0800][48.902s][info][gc,heap        ] GC(1312) ParNew: 19646K->2174K(19648K)
[2026-06-17T09:54:32.654+0800][48.903s][info][gc,heap        ] GC(1312) CMS: 31480K->35783K(43712K)
[2026-06-17T09:54:32.655+0800][48.903s][info][gc,metaspace   ] GC(1312) Metaspace: 3166K(4864K)->3166K(4864K) NonClass: 2861K(4352K)->2861K(4352K) Class: 305K(512K)->305K(512K)
[2026-06-17T09:54:32.655+0800][48.903s][info][gc             ] GC(1312) Pause Young (Allocation Failure) 49M->37M(61M) 3.854ms
[2026-06-17T09:54:32.656+0800][48.904s][info][gc,cpu         ] GC(1312) User=0.00s Sys=0.00s Real=0.00s
[2026-06-17T09:54:32.700+0800][48.948s][info][gc,start       ] GC(1313) Pause Young (Allocation Failure)
[2026-06-17T09:54:32.700+0800][48.948s][info][gc,task        ] GC(1313) Using 2 workers of 18 for evacuation
[2026-06-17T09:54:32.702+0800][48.950s][info][gc,heap        ] GC(1313) ParNew: 19426K->2144K(19648K)
[2026-06-17T09:54:32.703+0800][48.951s][info][gc,heap        ] GC(1313) CMS: 35783K->36839K(43712K)
[2026-06-17T09:54:32.703+0800][48.951s][info][gc,metaspace   ] GC(1313) Metaspace: 3166K(4864K)->3166K(4864K) NonClass: 2861K(4352K)->2861K(4352K) Class: 305K(512K)->305K(512K)
[2026-06-17T09:54:32.704+0800][48.952s][info][gc             ] GC(1313) Pause Young (Allocation Failure) 53M->38M(61M) 4.040ms
[2026-06-17T09:54:32.704+0800][48.952s][info][gc,cpu         ] GC(1313) User=0.00s Sys=0.00s Real=0.01s
[2026-06-17T09:54:32.758+0800][49.006s][info][gc,start       ] GC(1314) Pause Young (Allocation Failure)
[2026-06-17T09:54:32.759+0800][49.007s][info][gc,task        ] GC(1314) Using 2 workers of 18 for evacuation
[2026-06-17T09:54:32.761+0800][49.009s][info][gc,heap        ] GC(1314) ParNew: 19573K->2059K(19648K)
[2026-06-17T09:54:32.762+0800][49.010s][info][gc,heap        ] GC(1314) CMS: 36839K->40651K(43712K)
[2026-06-17T09:54:32.762+0800][49.011s][info][gc,metaspace   ] GC(1314) Metaspace: 3166K(4864K)->3166K(4864K) NonClass: 2861K(4352K)->2861K(4352K) Class: 305K(512K)->305K(512K)
[2026-06-17T09:54:32.763+0800][49.011s][info][gc             ] GC(1314) Pause Young (Allocation Failure) 55M->41M(61M) 4.482ms
[2026-06-17T09:54:32.763+0800][49.011s][info][gc,cpu         ] GC(1314) User=0.00s Sys=0.00s Real=0.01s
[2026-06-17T09:54:32.807+0800][49.055s][info][gc,start       ] GC(1315) Pause Young (Allocation Failure)
[2026-06-17T09:54:32.808+0800][49.056s][info][gc,task        ] GC(1315) Using 2 workers of 18 for evacuation
[2026-06-17T09:54:32.809+0800][49.057s][info][gc,start       ] GC(1316) Pause Full (Allocation Failure)
[2026-06-17T09:54:32.810+0800][49.058s][info][gc             ] GC(1311) Concurrent Abortable Preclean 196.066ms
[2026-06-17T09:54:32.810+0800][49.058s][info][gc,cpu         ] GC(1311) User=0.01s Sys=0.00s Real=0.19s
[2026-06-17T09:54:32.811+0800][49.059s][info][gc,phases,start] GC(1316) Phase 1: Mark live objects
[2026-06-17T09:54:32.815+0800][49.063s][info][gc,phases      ] GC(1316) Phase 1: Mark live objects 3.820ms
[2026-06-17T09:54:32.815+0800][49.063s][info][gc,phases,start] GC(1316) Phase 2: Compute new object addresses
[2026-06-17T09:54:32.816+0800][49.064s][info][gc,phases      ] GC(1316) Phase 2: Compute new object addresses 0.940ms
[2026-06-17T09:54:32.817+0800][49.065s][info][gc,phases,start] GC(1316) Phase 3: Adjust pointers
[2026-06-17T09:54:32.817+0800][49.066s][info][gc,phases      ] GC(1316) Phase 3: Adjust pointers 0.768ms
[2026-06-17T09:54:32.818+0800][49.066s][info][gc,phases,start] GC(1316) Phase 4: Move objects
[2026-06-17T09:54:32.820+0800][49.068s][info][gc,phases      ] GC(1316) Phase 4: Move objects 2.197ms
[2026-06-17T09:54:32.820+0800][49.069s][info][gc             ] GC(1316) Pause Full (Allocation Failure) 58M->21M(61M) 11.727ms
[2026-06-17T09:54:32.821+0800][49.069s][info][gc,heap        ] GC(1315) ParNew: 19517K->0K(19648K)
[2026-06-17T09:54:32.821+0800][49.069s][info][gc,heap        ] GC(1315) CMS: 40651K->22326K(43712K)
[2026-06-17T09:54:32.821+0800][49.070s][info][gc,metaspace   ] GC(1315) Metaspace: 3166K(4864K)->3166K(4864K) NonClass: 2861K(4352K)->2861K(4352K) Class: 305K(512K)->305K(512K)
[2026-06-17T09:54:32.822+0800][49.070s][info][gc             ] GC(1315) Pause Young (Allocation Failure) 58M->21M(61M) 14.685ms
[2026-06-17T09:54:32.822+0800][49.070s][info][gc,cpu         ] GC(1315) User=0.01s Sys=0.00s Real=0.01s
[2026-06-17T09:54:32.855+0800][49.103s][info][gc,start       ] GC(1317) Pause Young (Allocation Failure)
[2026-06-17T09:54:32.855+0800][49.103s][info][gc,task        ] GC(1317) Using 2 workers of 18 for evacuation
[2026-06-17T09:54:32.857+0800][49.105s][info][gc,heap        ] GC(1317) ParNew: 16421K->2175K(19648K)
[2026-06-17T09:54:32.857+0800][49.105s][info][gc,heap        ] GC(1317) CMS: 22326K->26307K(43712K)
[2026-06-17T09:54:32.858+0800][49.106s][info][gc,metaspace   ] GC(1317) Metaspace: 3166K(4864K)->3166K(4864K) NonClass: 2861K(4352K)->2861K(4352K) Class: 305K(512K)->305K(512K)
[2026-06-17T09:54:32.858+0800][49.106s][info][gc             ] GC(1317) Pause Young (Allocation Failure) 37M->27M(61M) 3.323ms
[2026-06-17T09:54:32.858+0800][49.107s][info][gc,cpu         ] GC(1317) User=0.00s Sys=0.00s Real=0.00s
[2026-06-17T09:54:32.902+0800][49.150s][info][gc,start       ] GC(1318) Pause Young (Allocation Failure)
[2026-06-17T09:54:32.906+0800][49.154s][info][gc,task        ] GC(1318) Using 2 workers of 18 for evacuation
[2026-06-17T09:54:32.908+0800][49.156s][info][gc,heap        ] GC(1318) ParNew: 19624K->2170K(19648K)
[2026-06-17T09:54:32.908+0800][49.156s][info][gc,heap        ] GC(1318) CMS: 26307K->33335K(43712K)
[2026-06-17T09:54:32.910+0800][49.158s][info][gc,metaspace   ] GC(1318) Metaspace: 3166K(4864K)->3166K(4864K) NonClass: 2861K(4352K)->2861K(4352K) Class: 305K(512K)->305K(512K)
[2026-06-17T09:54:32.910+0800][49.159s][info][gc             ] GC(1318) Pause Young (Allocation Failure) 44M->34M(61M) 8.157ms
[2026-06-17T09:54:32.911+0800][49.159s][info][gc,cpu         ] GC(1318) User=0.00s Sys=0.00s Real=0.02s
[2026-06-17T09:54:32.911+0800][49.159s][info][gc,start       ] GC(1319) Pause Initial Mark
[2026-06-17T09:54:32.912+0800][49.160s][info][gc             ] GC(1319) Pause Initial Mark 35M->35M(61M) 1.011ms
[2026-06-17T09:54:32.912+0800][49.160s][info][gc,cpu         ] GC(1319) User=0.00s Sys=0.00s Real=0.00s
[2026-06-17T09:54:32.912+0800][49.161s][info][gc             ] GC(1319) Concurrent Mark
[2026-06-17T09:54:32.913+0800][49.161s][info][gc,task        ] GC(1319) Using 2 workers of 5 for marking
[2026-06-17T09:54:32.913+0800][49.162s][info][gc             ] GC(1319) Concurrent Mark 0.971ms
[2026-06-17T09:54:32.914+0800][49.162s][info][gc,cpu         ] GC(1319) User=0.00s Sys=0.00s Real=0.00s
[2026-06-17T09:54:32.914+0800][49.162s][info][gc             ] GC(1319) Concurrent Preclean
[2026-06-17T09:54:32.914+0800][49.162s][info][gc             ] GC(1319) Concurrent Preclean 0.154ms
[2026-06-17T09:54:32.914+0800][49.162s][info][gc,cpu         ] GC(1319) User=0.00s Sys=0.00s Real=0.00s
[2026-06-17T09:54:32.914+0800][49.162s][info][gc,start       ] GC(1319) Pause Remark
[2026-06-17T09:54:32.914+0800][49.163s][info][gc             ] GC(1319) Pause Remark 35M->35M(61M) 0.504ms
[2026-06-17T09:54:32.915+0800][49.163s][info][gc,cpu         ] GC(1319) User=0.00s Sys=0.00s Real=0.00s
[2026-06-17T09:54:32.915+0800][49.163s][info][gc             ] GC(1319) Concurrent Sweep
[2026-06-17T09:54:32.915+0800][49.163s][info][gc             ] GC(1319) Concurrent Sweep 0.268ms
[2026-06-17T09:54:32.915+0800][49.163s][info][gc,cpu         ] GC(1319) User=0.00s Sys=0.00s Real=0.00s
[2026-06-17T09:54:32.915+0800][49.163s][info][gc             ] GC(1319) Concurrent Reset
[2026-06-17T09:54:32.915+0800][49.164s][info][gc             ] GC(1319) Concurrent Reset 0.093ms
[2026-06-17T09:54:32.915+0800][49.164s][info][gc,cpu         ] GC(1319) User=0.00s Sys=0.00s Real=0.00s
[2026-06-17T09:54:32.916+0800][49.164s][info][gc,heap        ] GC(1319) Old: 33335K->29984K(43712K)
[2026-06-17T09:54:32.963+0800][49.211s][info][gc,start       ] GC(1320) Pause Young (Allocation Failure)
[2026-06-17T09:54:32.964+0800][49.212s][info][gc,task        ] GC(1320) Using 2 workers of 18 for evacuation
[2026-06-17T09:54:32.965+0800][49.213s][info][gc,heap        ] GC(1320) ParNew: 19626K->2151K(19648K)
[2026-06-17T09:54:32.965+0800][49.213s][info][gc,heap        ] GC(1320) CMS: 29984K->32555K(43712K)
[2026-06-17T09:54:32.965+0800][49.214s][info][gc,metaspace   ] GC(1320) Metaspace: 3166K(4864K)->3166K(4864K) NonClass: 2861K(4352K)->2861K(4352K) Class: 305K(512K)->305K(512K)
[2026-06-17T09:54:32.966+0800][49.214s][info][gc             ] GC(1320) Pause Young (Allocation Failure) 48M->33M(61M) 2.894ms
[2026-06-17T09:54:32.966+0800][49.214s][info][gc,cpu         ] GC(1320) User=0.00s Sys=0.00s Real=0.00s
[2026-06-17T09:54:32.967+0800][49.215s][info][gc,start       ] GC(1321) Pause Initial Mark
[2026-06-17T09:54:32.967+0800][49.215s][info][gc             ] GC(1321) Pause Initial Mark 34M->34M(61M) 0.471ms
[2026-06-17T09:54:32.967+0800][49.216s][info][gc,cpu         ] GC(1321) User=0.00s Sys=0.00s Real=0.00s
[2026-06-17T09:54:32.968+0800][49.216s][info][gc             ] GC(1321) Concurrent Mark
[2026-06-17T09:54:32.968+0800][49.216s][info][gc,task        ] GC(1321) Using 2 workers of 5 for marking
[2026-06-17T09:54:32.969+0800][49.217s][info][gc             ] GC(1321) Concurrent Mark 1.265ms
[2026-06-17T09:54:32.970+0800][49.218s][info][gc,cpu         ] GC(1321) User=0.00s Sys=0.00s Real=0.00s
[2026-06-17T09:54:32.970+0800][49.218s][info][gc             ] GC(1321) Concurrent Preclean
[2026-06-17T09:54:32.970+0800][49.218s][info][gc             ] GC(1321) Concurrent Preclean 0.435ms
[2026-06-17T09:54:32.971+0800][49.219s][info][gc,cpu         ] GC(1321) User=0.00s Sys=0.00s Real=0.01s
[2026-06-17T09:54:32.971+0800][49.219s][info][gc             ] GC(1321) Concurrent Abortable Preclean
[2026-06-17T09:54:33.010+0800][49.258s][info][gc,start       ] GC(1322) Pause Young (Allocation Failure)
[2026-06-17T09:54:33.010+0800][49.259s][info][gc,task        ] GC(1322) Using 2 workers of 18 for evacuation
[2026-06-17T09:54:33.012+0800][49.260s][info][gc,heap        ] GC(1322) ParNew: 19623K->2079K(19648K)
[2026-06-17T09:54:33.012+0800][49.260s][info][gc,heap        ] GC(1322) CMS: 32555K->36938K(43712K)
[2026-06-17T09:54:33.013+0800][49.261s][info][gc,metaspace   ] GC(1322) Metaspace: 3166K(4864K)->3166K(4864K) NonClass: 2861K(4352K)->2861K(4352K) Class: 305K(512K)->305K(512K)
[2026-06-17T09:54:33.013+0800][49.261s][info][gc             ] GC(1322) Pause Young (Allocation Failure) 50M->38M(61M) 3.328ms
[2026-06-17T09:54:33.013+0800][49.262s][info][gc,cpu         ] GC(1322) User=0.00s Sys=0.00s Real=0.01s
[2026-06-17T09:54:33.056+0800][49.304s][info][gc,start       ] GC(1323) Pause Young (Allocation Failure)
[2026-06-17T09:54:33.058+0800][49.306s][info][gc,task        ] GC(1323) Using 2 workers of 18 for evacuation
[2026-06-17T09:54:33.059+0800][49.307s][info][gc,heap        ] GC(1323) ParNew: 19508K->2174K(19648K)
[2026-06-17T09:54:33.059+0800][49.307s][info][gc,heap        ] GC(1323) CMS: 36938K->40426K(43712K)
[2026-06-17T09:54:33.059+0800][49.308s][info][gc,metaspace   ] GC(1323) Metaspace: 3166K(4864K)->3166K(4864K) NonClass: 2861K(4352K)->2861K(4352K) Class: 305K(512K)->305K(512K)
[2026-06-17T09:54:33.060+0800][49.308s][info][gc             ] GC(1323) Pause Young (Allocation Failure) 55M->41M(61M) 3.578ms
[2026-06-17T09:54:33.060+0800][49.308s][info][gc,cpu         ] GC(1323) User=0.00s Sys=0.00s Real=0.00s
[2026-06-17T09:54:33.102+0800][49.350s][info][gc,start       ] GC(1324) Pause Young (Allocation Failure)
[2026-06-17T09:54:33.103+0800][49.351s][info][gc,task        ] GC(1324) Using 2 workers of 18 for evacuation
[2026-06-17T09:54:33.103+0800][49.351s][info][gc,start       ] GC(1325) Pause Full (Allocation Failure)
[2026-06-17T09:54:33.103+0800][49.352s][info][gc             ] GC(1321) Concurrent Abortable Preclean 132.390ms
[2026-06-17T09:54:33.104+0800][49.352s][info][gc,cpu         ] GC(1321) User=0.01s Sys=0.00s Real=0.13s
[2026-06-17T09:54:33.104+0800][49.352s][info][gc,phases,start] GC(1325) Phase 1: Mark live objects
[2026-06-17T09:54:33.105+0800][49.353s][info][gc,phases      ] GC(1325) Phase 1: Mark live objects 0.819ms
[2026-06-17T09:54:33.105+0800][49.353s][info][gc,phases,start] GC(1325) Phase 2: Compute new object addresses
[2026-06-17T09:54:33.106+0800][49.354s][info][gc,phases      ] GC(1325) Phase 2: Compute new object addresses 0.595ms
[2026-06-17T09:54:33.106+0800][49.354s][info][gc,phases,start] GC(1325) Phase 3: Adjust pointers
[2026-06-17T09:54:33.107+0800][49.355s][info][gc,phases      ] GC(1325) Phase 3: Adjust pointers 0.671ms
[2026-06-17T09:54:33.107+0800][49.355s][info][gc,phases,start] GC(1325) Phase 4: Move objects
[2026-06-17T09:54:33.109+0800][49.358s][info][gc,phases      ] GC(1325) Phase 4: Move objects 2.432ms
[2026-06-17T09:54:33.110+0800][49.358s][info][gc             ] GC(1325) Pause Full (Allocation Failure) 58M->33M(61M) 6.861ms
[2026-06-17T09:54:33.110+0800][49.358s][info][gc,heap        ] GC(1324) ParNew: 19641K->0K(19648K)
[2026-06-17T09:54:33.110+0800][49.358s][info][gc,heap        ] GC(1324) CMS: 40426K->33947K(43712K)
[2026-06-17T09:54:33.110+0800][49.359s][info][gc,metaspace   ] GC(1324) Metaspace: 3166K(4864K)->3166K(4864K) NonClass: 2861K(4352K)->2861K(4352K) Class: 305K(512K)->305K(512K)
[2026-06-17T09:54:33.111+0800][49.359s][info][gc             ] GC(1324) Pause Young (Allocation Failure) 58M->33M(61M) 8.441ms
[2026-06-17T09:54:33.111+0800][49.359s][info][gc,cpu         ] GC(1324) User=0.01s Sys=0.00s Real=0.02s
[2026-06-17T09:54:33.153+0800][49.401s][info][gc,start       ] GC(1326) Pause Young (Allocation Failure)
[2026-06-17T09:54:33.159+0800][49.407s][info][gc,task        ] GC(1326) Using 2 workers of 18 for evacuation
[2026-06-17T09:54:33.162+0800][49.410s][info][gc,heap        ] GC(1326) ParNew: 17429K->2173K(19648K)
[2026-06-17T09:54:33.162+0800][49.410s][info][gc,heap        ] GC(1326) CMS: 33947K->38594K(43712K)
[2026-06-17T09:54:33.162+0800][49.411s][info][gc,metaspace   ] GC(1326) Metaspace: 3166K(4864K)->3166K(4864K) NonClass: 2861K(4352K)->2861K(4352K) Class: 305K(512K)->305K(512K)
[2026-06-17T09:54:33.163+0800][49.411s][info][gc             ] GC(1326) Pause Young (Allocation Failure) 50M->39M(61M) 9.409ms
[2026-06-17T09:54:33.163+0800][49.411s][info][gc,cpu         ] GC(1326) User=0.00s Sys=0.00s Real=0.01s
[2026-06-17T09:54:33.163+0800][49.411s][info][gc,start       ] GC(1327) Pause Initial Mark
[2026-06-17T09:54:33.163+0800][49.412s][info][gc             ] GC(1327) Pause Initial Mark 41M->41M(61M) 0.334ms
[2026-06-17T09:54:33.164+0800][49.412s][info][gc,cpu         ] GC(1327) User=0.00s Sys=0.00s Real=0.00s
[2026-06-17T09:54:33.164+0800][49.412s][info][gc             ] GC(1327) Concurrent Mark
[2026-06-17T09:54:33.164+0800][49.412s][info][gc,task        ] GC(1327) Using 2 workers of 5 for marking
[2026-06-17T09:54:33.165+0800][49.413s][info][gc             ] GC(1327) Concurrent Mark 0.949ms
[2026-06-17T09:54:33.165+0800][49.413s][info][gc,cpu         ] GC(1327) User=0.00s Sys=0.00s Real=0.00s
[2026-06-17T09:54:33.165+0800][49.413s][info][gc             ] GC(1327) Concurrent Preclean
[2026-06-17T09:54:33.165+0800][49.413s][info][gc             ] GC(1327) Concurrent Preclean 0.167ms
[2026-06-17T09:54:33.165+0800][49.413s][info][gc,cpu         ] GC(1327) User=0.00s Sys=0.00s Real=0.00s
[2026-06-17T09:54:33.165+0800][49.414s][info][gc,start       ] GC(1327) Pause Remark
[2026-06-17T09:54:33.166+0800][49.414s][info][gc             ] GC(1327) Pause Remark 41M->41M(61M) 0.548ms
[2026-06-17T09:54:33.166+0800][49.414s][info][gc,cpu         ] GC(1327) User=0.00s Sys=0.00s Real=0.00s
[2026-06-17T09:54:33.166+0800][49.415s][info][gc             ] GC(1327) Concurrent Sweep
[2026-06-17T09:54:33.167+0800][49.415s][info][gc             ] GC(1327) Concurrent Sweep 0.320ms
[2026-06-17T09:54:33.167+0800][49.415s][info][gc,cpu         ] GC(1327) User=0.00s Sys=0.00s Real=0.00s
[2026-06-17T09:54:33.167+0800][49.415s][info][gc             ] GC(1327) Concurrent Reset
[2026-06-17T09:54:33.167+0800][49.415s][info][gc             ] GC(1327) Concurrent Reset 0.234ms
[2026-06-17T09:54:33.167+0800][49.415s][info][gc,cpu         ] GC(1327) User=0.00s Sys=0.00s Real=0.00s
[2026-06-17T09:54:33.167+0800][49.416s][info][gc,heap        ] GC(1327) Old: 38594K->25094K(43712K)
[2026-06-17T09:54:33.205+0800][49.453s][info][gc,start       ] GC(1328) Pause Young (Allocation Failure)
[2026-06-17T09:54:33.207+0800][49.455s][info][gc,task        ] GC(1328) Using 2 workers of 18 for evacuation
[2026-06-17T09:54:33.210+0800][49.458s][info][gc,heap        ] GC(1328) ParNew: 19632K->2174K(19648K)
[2026-06-17T09:54:33.212+0800][49.460s][info][gc,heap        ] GC(1328) CMS: 25094K->28539K(43712K)
[2026-06-17T09:54:33.214+0800][49.462s][info][gc,metaspace   ] GC(1328) Metaspace: 3166K(4864K)->3166K(4864K) NonClass: 2861K(4352K)->2861K(4352K) Class: 305K(512K)->305K(512K)
[2026-06-17T09:54:33.215+0800][49.463s][info][gc             ] GC(1328) Pause Young (Allocation Failure) 43M->29M(61M) 9.955ms
[2026-06-17T09:54:33.217+0800][49.465s][info][gc,cpu         ] GC(1328) User=0.01s Sys=0.00s Real=0.01s
[2026-06-17T09:54:33.260+0800][49.508s][info][gc,start       ] GC(1329) Pause Young (Allocation Failure)
[2026-06-17T09:54:33.261+0800][49.509s][info][gc,task        ] GC(1329) Using 2 workers of 18 for evacuation
[2026-06-17T09:54:33.262+0800][49.510s][info][gc,heap        ] GC(1329) ParNew: 19436K->2018K(19648K)
[2026-06-17T09:54:33.262+0800][49.510s][info][gc,heap        ] GC(1329) CMS: 28539K->29557K(43712K)
[2026-06-17T09:54:33.262+0800][49.511s][info][gc,metaspace   ] GC(1329) Metaspace: 3166K(4864K)->3166K(4864K) NonClass: 2861K(4352K)->2861K(4352K) Class: 305K(512K)->305K(512K)
[2026-06-17T09:54:33.263+0800][49.511s][info][gc             ] GC(1329) Pause Young (Allocation Failure) 46M->30M(61M) 2.400ms
[2026-06-17T09:54:33.263+0800][49.511s][info][gc,cpu         ] GC(1329) User=0.00s Sys=0.00s Real=0.01s
[2026-06-17T09:54:33.307+0800][49.555s][info][gc,start       ] GC(1330) Pause Young (Allocation Failure)
[2026-06-17T09:54:33.308+0800][49.556s][info][gc,task        ] GC(1330) Using 2 workers of 18 for evacuation
[2026-06-17T09:54:33.309+0800][49.557s][info][gc,heap        ] GC(1330) ParNew: 19488K->2169K(19648K)
[2026-06-17T09:54:33.310+0800][49.558s][info][gc,heap        ] GC(1330) CMS: 29557K->36346K(43712K)
[2026-06-17T09:54:33.311+0800][49.559s][info][gc,metaspace   ] GC(1330) Metaspace: 3166K(4864K)->3166K(4864K) NonClass: 2861K(4352K)->2861K(4352K) Class: 305K(512K)->305K(512K)
[2026-06-17T09:54:33.311+0800][49.559s][info][gc             ] GC(1330) Pause Young (Allocation Failure) 47M->37M(61M) 4.187ms
[2026-06-17T09:54:33.312+0800][49.560s][info][gc,cpu         ] GC(1330) User=0.00s Sys=0.01s Real=0.01s
[2026-06-17T09:54:33.313+0800][49.561s][info][gc,start       ] GC(1331) Pause Initial Mark
[2026-06-17T09:54:33.313+0800][49.561s][info][gc             ] GC(1331) Pause Initial Mark 38M->38M(61M) 0.540ms
[2026-06-17T09:54:33.314+0800][49.562s][info][gc,cpu         ] GC(1331) User=0.00s Sys=0.00s Real=0.00s
[2026-06-17T09:54:33.314+0800][49.562s][info][gc             ] GC(1331) Concurrent Mark
[2026-06-17T09:54:33.314+0800][49.562s][info][gc,task        ] GC(1331) Using 2 workers of 5 for marking
[2026-06-17T09:54:33.315+0800][49.563s][info][gc             ] GC(1331) Concurrent Mark 1.331ms
[2026-06-17T09:54:33.315+0800][49.564s][info][gc,cpu         ] GC(1331) User=0.01s Sys=0.00s Real=0.00s
[2026-06-17T09:54:33.316+0800][49.564s][info][gc             ] GC(1331) Concurrent Preclean
[2026-06-17T09:54:33.316+0800][49.564s][info][gc             ] GC(1331) Concurrent Preclean 0.184ms
[2026-06-17T09:54:33.316+0800][49.564s][info][gc,cpu         ] GC(1331) User=0.00s Sys=0.00s Real=0.00s
[2026-06-17T09:54:33.316+0800][49.564s][info][gc,start       ] GC(1331) Pause Remark
[2026-06-17T09:54:33.317+0800][49.565s][info][gc             ] GC(1331) Pause Remark 38M->38M(61M) 0.627ms
[2026-06-17T09:54:33.317+0800][49.565s][info][gc,cpu         ] GC(1331) User=0.00s Sys=0.00s Real=0.00s
[2026-06-17T09:54:33.317+0800][49.565s][info][gc             ] GC(1331) Concurrent Sweep
[2026-06-17T09:54:33.317+0800][49.566s][info][gc             ] GC(1331) Concurrent Sweep 0.347ms
[2026-06-17T09:54:33.318+0800][49.566s][info][gc,cpu         ] GC(1331) User=0.00s Sys=0.00s Real=0.00s
[2026-06-17T09:54:33.318+0800][49.566s][info][gc             ] GC(1331) Concurrent Reset
[2026-06-17T09:54:33.318+0800][49.566s][info][gc             ] GC(1331) Concurrent Reset 0.212ms
[2026-06-17T09:54:33.318+0800][49.566s][info][gc,cpu         ] GC(1331) User=0.00s Sys=0.00s Real=0.00s
[2026-06-17T09:54:33.318+0800][49.567s][info][gc,heap        ] GC(1331) Old: 36346K->27943K(43712K)
[2026-06-17T09:54:33.366+0800][49.614s][info][gc,start       ] GC(1332) Pause Young (Allocation Failure)
[2026-06-17T09:54:33.367+0800][49.616s][info][gc,task        ] GC(1332) Using 2 workers of 18 for evacuation
[2026-06-17T09:54:33.370+0800][49.618s][info][gc,heap        ] GC(1332) ParNew: 19612K->2027K(19648K)
[2026-06-17T09:54:33.371+0800][49.619s][info][gc,heap        ] GC(1332) CMS: 27943K->30403K(43712K)
[2026-06-17T09:54:33.371+0800][49.619s][info][gc,metaspace   ] GC(1332) Metaspace: 3166K(4864K)->3166K(4864K) NonClass: 2861K(4352K)->2861K(4352K) Class: 305K(512K)->305K(512K)
[2026-06-17T09:54:33.371+0800][49.619s][info][gc             ] GC(1332) Pause Young (Allocation Failure) 46M->31M(61M) 4.876ms
[2026-06-17T09:54:33.371+0800][49.619s][info][gc,cpu         ] GC(1332) User=0.00s Sys=0.00s Real=0.01s
[2026-06-17T09:54:33.403+0800][49.651s][info][gc,start       ] GC(1333) Pause Young (Allocation Failure)
[2026-06-17T09:54:33.404+0800][49.652s][info][gc,task        ] GC(1333) Using 2 workers of 18 for evacuation
[2026-06-17T09:54:33.405+0800][49.653s][info][gc,heap        ] GC(1333) ParNew: 19472K->2005K(19648K)
[2026-06-17T09:54:33.405+0800][49.653s][info][gc,heap        ] GC(1333) CMS: 30403K->33562K(43712K)
[2026-06-17T09:54:33.405+0800][49.653s][info][gc,metaspace   ] GC(1333) Metaspace: 3166K(4864K)->3166K(4864K) NonClass: 2861K(4352K)->2861K(4352K) Class: 305K(512K)->305K(512K)
[2026-06-17T09:54:33.405+0800][49.653s][info][gc             ] GC(1333) Pause Young (Allocation Failure) 48M->34M(61M) 1.706ms
[2026-06-17T09:54:33.405+0800][49.653s][info][gc,cpu         ] GC(1333) User=0.00s Sys=0.00s Real=0.00s
[2026-06-17T09:54:33.457+0800][49.706s][info][gc,start       ] GC(1334) Pause Young (Allocation Failure)
[2026-06-17T09:54:33.458+0800][49.706s][info][gc,task        ] GC(1334) Using 2 workers of 18 for evacuation
[2026-06-17T09:54:33.460+0800][49.708s][info][gc,heap        ] GC(1334) ParNew: 19461K->2144K(19648K)
[2026-06-17T09:54:33.461+0800][49.709s][info][gc,heap        ] GC(1334) CMS: 33562K->36765K(43712K)
[2026-06-17T09:54:33.463+0800][49.712s][info][gc,metaspace   ] GC(1334) Metaspace: 3166K(4864K)->3166K(4864K) NonClass: 2861K(4352K)->2861K(4352K) Class: 305K(512K)->305K(512K)
[2026-06-17T09:54:33.464+0800][49.712s][info][gc             ] GC(1334) Pause Young (Allocation Failure) 51M->37M(61M) 6.588ms
[2026-06-17T09:54:33.467+0800][49.715s][info][gc,cpu         ] GC(1334) User=0.01s Sys=0.00s Real=0.01s
[2026-06-17T09:54:33.468+0800][49.717s][info][gc,start       ] GC(1335) Pause Initial Mark
[2026-06-17T09:54:33.470+0800][49.718s][info][gc             ] GC(1335) Pause Initial Mark 38M->38M(61M) 1.779ms
[2026-06-17T09:54:33.472+0800][49.720s][info][gc,cpu         ] GC(1335) User=0.00s Sys=0.00s Real=0.01s
[2026-06-17T09:54:33.475+0800][49.723s][info][gc             ] GC(1335) Concurrent Mark
[2026-06-17T09:54:33.475+0800][49.724s][info][gc,task        ] GC(1335) Using 2 workers of 5 for marking
[2026-06-17T09:54:33.477+0800][49.725s][info][gc             ] GC(1335) Concurrent Mark 2.299ms
[2026-06-17T09:54:33.480+0800][49.728s][info][gc,cpu         ] GC(1335) User=0.00s Sys=0.00s Real=0.00s
[2026-06-17T09:54:33.483+0800][49.731s][info][gc             ] GC(1335) Concurrent Preclean
[2026-06-17T09:54:33.483+0800][49.731s][info][gc             ] GC(1335) Concurrent Preclean 0.341ms
[2026-06-17T09:54:33.483+0800][49.731s][info][gc,cpu         ] GC(1335) User=0.00s Sys=0.00s Real=0.00s
[2026-06-17T09:54:33.484+0800][49.732s][info][gc             ] GC(1335) Concurrent Abortable Preclean
[2026-06-17T09:54:33.517+0800][49.765s][info][gc,start       ] GC(1336) Pause Young (Allocation Failure)
[2026-06-17T09:54:33.517+0800][49.766s][info][gc,task        ] GC(1336) Using 2 workers of 18 for evacuation
[2026-06-17T09:54:33.519+0800][49.767s][info][gc,heap        ] GC(1336) ParNew: 19568K->2174K(19648K)
[2026-06-17T09:54:33.519+0800][49.767s][info][gc,heap        ] GC(1336) CMS: 36765K->40373K(43712K)
[2026-06-17T09:54:33.519+0800][49.768s][info][gc,metaspace   ] GC(1336) Metaspace: 3166K(4864K)->3166K(4864K) NonClass: 2861K(4352K)->2861K(4352K) Class: 305K(512K)->305K(512K)
[2026-06-17T09:54:33.520+0800][49.768s][info][gc             ] GC(1336) Pause Young (Allocation Failure) 55M->41M(61M) 2.889ms
[2026-06-17T09:54:33.520+0800][49.768s][info][gc,cpu         ] GC(1336) User=0.00s Sys=0.00s Real=0.00s
[2026-06-17T09:54:33.563+0800][49.811s][info][gc,start       ] GC(1337) Pause Young (Allocation Failure)
[2026-06-17T09:54:33.563+0800][49.811s][info][gc,task        ] GC(1337) Using 2 workers of 18 for evacuation
[2026-06-17T09:54:33.564+0800][49.812s][info][gc,start       ] GC(1338) Pause Full (Allocation Failure)
[2026-06-17T09:54:33.564+0800][49.812s][info][gc             ] GC(1335) Concurrent Abortable Preclean 80.682ms
[2026-06-17T09:54:33.565+0800][49.813s][info][gc,cpu         ] GC(1335) User=0.00s Sys=0.00s Real=0.08s
[2026-06-17T09:54:33.565+0800][49.813s][info][gc,phases,start] GC(1338) Phase 1: Mark live objects
[2026-06-17T09:54:33.566+0800][49.814s][info][gc,phases      ] GC(1338) Phase 1: Mark live objects 1.160ms
[2026-06-17T09:54:33.567+0800][49.815s][info][gc,phases,start] GC(1338) Phase 2: Compute new object addresses
[2026-06-17T09:54:33.567+0800][49.815s][info][gc,phases      ] GC(1338) Phase 2: Compute new object addresses 0.587ms
[2026-06-17T09:54:33.567+0800][49.816s][info][gc,phases,start] GC(1338) Phase 3: Adjust pointers
[2026-06-17T09:54:33.568+0800][49.816s][info][gc,phases      ] GC(1338) Phase 3: Adjust pointers 0.621ms
[2026-06-17T09:54:33.568+0800][49.816s][info][gc,phases,start] GC(1338) Phase 4: Move objects
[2026-06-17T09:54:33.570+0800][49.818s][info][gc,phases      ] GC(1338) Phase 4: Move objects 1.896ms
[2026-06-17T09:54:33.571+0800][49.819s][info][gc             ] GC(1338) Pause Full (Allocation Failure) 58M->23M(61M) 6.955ms
[2026-06-17T09:54:33.571+0800][49.819s][info][gc,heap        ] GC(1337) ParNew: 19633K->0K(19648K)
[2026-06-17T09:54:33.571+0800][49.819s][info][gc,heap        ] GC(1337) CMS: 40373K->23554K(43712K)
[2026-06-17T09:54:33.571+0800][49.819s][info][gc,metaspace   ] GC(1337) Metaspace: 3166K(4864K)->3166K(4864K) NonClass: 2861K(4352K)->2861K(4352K) Class: 305K(512K)->305K(512K)
[2026-06-17T09:54:33.571+0800][49.819s][info][gc             ] GC(1337) Pause Young (Allocation Failure) 58M->23M(61M) 8.474ms
[2026-06-17T09:54:33.571+0800][49.819s][info][gc,cpu         ] GC(1337) User=0.01s Sys=0.00s Real=0.01s
[2026-06-17T09:54:33.614+0800][49.862s][info][gc,start       ] GC(1339) Pause Young (Allocation Failure)
[2026-06-17T09:54:33.614+0800][49.862s][info][gc,task        ] GC(1339) Using 2 workers of 18 for evacuation
[2026-06-17T09:54:33.616+0800][49.864s][info][gc,heap        ] GC(1339) ParNew: 17463K->2175K(19648K)
[2026-06-17T09:54:33.618+0800][49.866s][info][gc,heap        ] GC(1339) CMS: 23554K->28215K(43712K)
[2026-06-17T09:54:33.621+0800][49.869s][info][gc,metaspace   ] GC(1339) Metaspace: 3166K(4864K)->3166K(4864K) NonClass: 2861K(4352K)->2861K(4352K) Class: 305K(512K)->305K(512K)
[2026-06-17T09:54:33.622+0800][49.870s][info][gc             ] GC(1339) Pause Young (Allocation Failure) 40M->29M(61M) 8.297ms
[2026-06-17T09:54:33.622+0800][49.871s][info][gc,cpu         ] GC(1339) User=0.00s Sys=0.00s Real=0.01s
[2026-06-17T09:54:33.667+0800][49.915s][info][gc,start       ] GC(1340) Pause Young (Allocation Failure)
[2026-06-17T09:54:33.667+0800][49.915s][info][gc,task        ] GC(1340) Using 2 workers of 18 for evacuation
[2026-06-17T09:54:33.668+0800][49.916s][info][gc,heap        ] GC(1340) ParNew: 19507K->2134K(19648K)
[2026-06-17T09:54:33.668+0800][49.917s][info][gc,heap        ] GC(1340) CMS: 28215K->30920K(43712K)
[2026-06-17T09:54:33.669+0800][49.917s][info][gc,metaspace   ] GC(1340) Metaspace: 3166K(4864K)->3166K(4864K) NonClass: 2861K(4352K)->2861K(4352K) Class: 305K(512K)->305K(512K)
[2026-06-17T09:54:33.670+0800][49.918s][info][gc             ] GC(1340) Pause Young (Allocation Failure) 46M->32M(61M) 3.170ms
[2026-06-17T09:54:33.670+0800][49.918s][info][gc,cpu         ] GC(1340) User=0.00s Sys=0.00s Real=0.00s
[2026-06-17T09:54:33.713+0800][49.961s][info][gc,start       ] GC(1341) Pause Young (Allocation Failure)
[2026-06-17T09:54:33.714+0800][49.962s][info][gc,task        ] GC(1341) Using 2 workers of 18 for evacuation
[2026-06-17T09:54:33.715+0800][49.963s][info][gc,heap        ] GC(1341) ParNew: 19594K->2169K(19648K)
[2026-06-17T09:54:33.715+0800][49.964s][info][gc,heap        ] GC(1341) CMS: 30920K->38188K(43712K)
[2026-06-17T09:54:33.716+0800][49.964s][info][gc,metaspace   ] GC(1341) Metaspace: 3166K(4864K)->3166K(4864K) NonClass: 2861K(4352K)->2861K(4352K) Class: 305K(512K)->305K(512K)
[2026-06-17T09:54:33.716+0800][49.964s][info][gc             ] GC(1341) Pause Young (Allocation Failure) 49M->39M(61M) 2.702ms
[2026-06-17T09:54:33.716+0800][49.964s][info][gc,cpu         ] GC(1341) User=0.00s Sys=0.00s Real=0.00s
[2026-06-17T09:54:33.716+0800][49.965s][info][gc,start       ] GC(1342) Pause Initial Mark
[2026-06-17T09:54:33.717+0800][49.965s][info][gc             ] GC(1342) Pause Initial Mark 39M->39M(61M) 0.321ms
[2026-06-17T09:54:33.717+0800][49.965s][info][gc,cpu         ] GC(1342) User=0.00s Sys=0.00s Real=0.00s
[2026-06-17T09:54:33.717+0800][49.965s][info][gc             ] GC(1342) Concurrent Mark
[2026-06-17T09:54:33.717+0800][49.966s][info][gc,task        ] GC(1342) Using 2 workers of 5 for marking
[2026-06-17T09:54:33.719+0800][49.967s][info][gc             ] GC(1342) Concurrent Mark 1.995ms
[2026-06-17T09:54:33.720+0800][49.968s][info][gc,cpu         ] GC(1342) User=0.00s Sys=0.00s Real=0.00s
[2026-06-17T09:54:33.722+0800][49.970s][info][gc             ] GC(1342) Concurrent Preclean
[2026-06-17T09:54:33.725+0800][49.973s][info][gc             ] GC(1342) Concurrent Preclean 2.514ms
[2026-06-17T09:54:33.728+0800][49.976s][info][gc,cpu         ] GC(1342) User=0.00s Sys=0.00s Real=0.01s
[2026-06-17T09:54:33.730+0800][49.978s][info][gc             ] GC(1342) Concurrent Abortable Preclean
[2026-06-17T09:54:33.730+0800][49.979s][info][gc             ] GC(1342) Concurrent Abortable Preclean 0.351ms
[2026-06-17T09:54:33.731+0800][49.979s][info][gc,cpu         ] GC(1342) User=0.00s Sys=0.00s Real=0.01s
[2026-06-17T09:54:33.733+0800][49.981s][info][gc,start       ] GC(1342) Pause Remark
[2026-06-17T09:54:33.735+0800][49.983s][info][gc             ] GC(1342) Pause Remark 43M->43M(61M) 2.451ms
[2026-06-17T09:54:33.737+0800][49.985s][info][gc,cpu         ] GC(1342) User=0.00s Sys=0.00s Real=0.00s
[2026-06-17T09:54:33.738+0800][49.987s][info][gc             ] GC(1342) Concurrent Sweep
[2026-06-17T09:54:33.739+0800][49.987s][info][gc             ] GC(1342) Concurrent Sweep 0.606ms
[2026-06-17T09:54:33.739+0800][49.988s][info][gc,cpu         ] GC(1342) User=0.00s Sys=0.00s Real=0.00s
[2026-06-17T09:54:33.740+0800][49.988s][info][gc             ] GC(1342) Concurrent Reset
[2026-06-17T09:54:33.740+0800][49.988s][info][gc             ] GC(1342) Concurrent Reset 0.206ms
[2026-06-17T09:54:33.740+0800][49.988s][info][gc,cpu         ] GC(1342) User=0.00s Sys=0.00s Real=0.00s
[2026-06-17T09:54:33.740+0800][49.988s][info][gc,heap        ] GC(1342) Old: 38188K->21541K(43712K)
[2026-06-17T09:54:33.770+0800][50.018s][info][gc,start       ] GC(1343) Pause Young (Allocation Failure)
[2026-06-17T09:54:33.771+0800][50.019s][info][gc,task        ] GC(1343) Using 2 workers of 18 for evacuation
[2026-06-17T09:54:33.772+0800][50.020s][info][gc,heap        ] GC(1343) ParNew: 19604K->2171K(19648K)
[2026-06-17T09:54:33.773+0800][50.021s][info][gc,heap        ] GC(1343) CMS: 21541K->24948K(43712K)
[2026-06-17T09:54:33.773+0800][50.021s][info][gc,metaspace   ] GC(1343) Metaspace: 3166K(4864K)->3166K(4864K) NonClass: 2861K(4352K)->2861K(4352K) Class: 305K(512K)->305K(512K)
[2026-06-17T09:54:33.774+0800][50.022s][info][gc             ] GC(1343) Pause Young (Allocation Failure) 40M->26M(61M) 3.288ms
[2026-06-17T09:54:33.774+0800][50.022s][info][gc,cpu         ] GC(1343) User=0.01s Sys=0.00s Real=0.01s
[2026-06-17T09:54:33.817+0800][50.065s][info][gc,start       ] GC(1344) Pause Young (Allocation Failure)
[2026-06-17T09:54:33.818+0800][50.066s][info][gc,task        ] GC(1344) Using 2 workers of 18 for evacuation
[2026-06-17T09:54:33.819+0800][50.067s][info][gc,heap        ] GC(1344) ParNew: 19643K->2049K(19648K)
[2026-06-17T09:54:33.820+0800][50.068s][info][gc,heap        ] GC(1344) CMS: 24948K->29165K(43712K)
[2026-06-17T09:54:33.820+0800][50.068s][info][gc,metaspace   ] GC(1344) Metaspace: 3166K(4864K)->3166K(4864K) NonClass: 2861K(4352K)->2861K(4352K) Class: 305K(512K)->305K(512K)
[2026-06-17T09:54:33.821+0800][50.069s][info][gc             ] GC(1344) Pause Young (Allocation Failure) 43M->30M(61M) 3.357ms
[2026-06-17T09:54:33.821+0800][50.069s][info][gc,cpu         ] GC(1344) User=0.00s Sys=0.00s Real=0.00s
[2026-06-17T09:54:33.864+0800][50.112s][info][gc,start       ] GC(1345) Pause Young (Allocation Failure)
[2026-06-17T09:54:33.864+0800][50.113s][info][gc,task        ] GC(1345) Using 2 workers of 18 for evacuation
[2026-06-17T09:54:33.865+0800][50.114s][info][gc,heap        ] GC(1345) ParNew: 19498K->2172K(19648K)
[2026-06-17T09:54:33.866+0800][50.114s][info][gc,heap        ] GC(1345) CMS: 29165K->32613K(43712K)
[2026-06-17T09:54:33.866+0800][50.114s][info][gc,metaspace   ] GC(1345) Metaspace: 3166K(4864K)->3166K(4864K) NonClass: 2861K(4352K)->2861K(4352K) Class: 305K(512K)->305K(512K)
[2026-06-17T09:54:33.866+0800][50.114s][info][gc             ] GC(1345) Pause Young (Allocation Failure) 47M->33M(61M) 2.179ms
[2026-06-17T09:54:33.866+0800][50.115s][info][gc,cpu         ] GC(1345) User=0.00s Sys=0.00s Real=0.00s
[2026-06-17T09:54:33.910+0800][50.158s][info][gc,start       ] GC(1346) Pause Young (Allocation Failure)
[2026-06-17T09:54:33.916+0800][50.164s][info][gc,task        ] GC(1346) Using 2 workers of 18 for evacuation
[2026-06-17T09:54:33.931+0800][50.179s][info][gc,heap        ] GC(1346) ParNew: 19535K->2165K(19648K)
[2026-06-17T09:54:33.956+0800][50.205s][info][gc,heap        ] GC(1346) CMS: 32613K->34563K(43712K)
[2026-06-17T09:54:33.957+0800][50.205s][info][gc,metaspace   ] GC(1346) Metaspace: 3166K(4864K)->3166K(4864K) NonClass: 2861K(4352K)->2861K(4352K) Class: 305K(512K)->305K(512K)
[2026-06-17T09:54:33.957+0800][50.205s][info][gc             ] GC(1346) Pause Young (Allocation Failure) 50M->35M(61M) 47.263ms
[2026-06-17T09:54:33.958+0800][50.206s][info][gc,cpu         ] GC(1346) User=0.01s Sys=0.00s Real=0.05s
[2026-06-17T09:54:33.958+0800][50.206s][info][gc,start       ] GC(1347) Pause Initial Mark
[2026-06-17T09:54:33.959+0800][50.207s][info][gc             ] GC(1347) Pause Initial Mark 36M->36M(61M) 0.584ms
[2026-06-17T09:54:33.959+0800][50.207s][info][gc,cpu         ] GC(1347) User=0.00s Sys=0.00s Real=0.00s
[2026-06-17T09:54:33.959+0800][50.207s][info][gc             ] GC(1347) Concurrent Mark
[2026-06-17T09:54:33.960+0800][50.208s][info][gc,task        ] GC(1347) Using 2 workers of 5 for marking
[2026-06-17T09:54:33.961+0800][50.209s][info][gc             ] GC(1347) Concurrent Mark 1.576ms
[2026-06-17T09:54:33.961+0800][50.209s][info][gc,cpu         ] GC(1347) User=0.00s Sys=0.00s Real=0.00s
[2026-06-17T09:54:33.962+0800][50.210s][info][gc             ] GC(1347) Concurrent Preclean
[2026-06-17T09:54:33.963+0800][50.212s][info][gc             ] GC(1347) Concurrent Preclean 1.742ms
[2026-06-17T09:54:33.964+0800][50.212s][info][gc,cpu         ] GC(1347) User=0.00s Sys=0.00s Real=0.01s
[2026-06-17T09:54:33.965+0800][50.213s][info][gc,start       ] GC(1347) Pause Remark
[2026-06-17T09:54:33.966+0800][50.215s][info][gc             ] GC(1347) Pause Remark 37M->37M(61M) 1.828ms
[2026-06-17T09:54:33.968+0800][50.217s][info][gc,cpu         ] GC(1347) User=0.00s Sys=0.00s Real=0.00s
[2026-06-17T09:54:33.991+0800][50.239s][info][gc             ] GC(1347) Concurrent Sweep
[2026-06-17T09:54:33.992+0800][50.240s][info][gc             ] GC(1347) Concurrent Sweep 0.880ms
[2026-06-17T09:54:34.011+0800][50.259s][info][gc,cpu         ] GC(1347) User=0.00s Sys=0.00s Real=0.02s
[2026-06-17T09:54:34.011+0800][50.259s][info][gc             ] GC(1347) Concurrent Reset
[2026-06-17T09:54:34.012+0800][50.260s][info][gc             ] GC(1347) Concurrent Reset 0.562ms
[2026-06-17T09:54:34.012+0800][50.260s][info][gc,cpu         ] GC(1347) User=0.00s Sys=0.00s Real=0.00s
[2026-06-17T09:54:34.013+0800][50.261s][info][gc,heap        ] GC(1347) Old: 34563K->20719K(43712K)
[2026-06-17T09:54:34.033+0800][50.281s][info][gc,start       ] GC(1348) Pause Young (Allocation Failure)
[2026-06-17T09:54:34.033+0800][50.282s][info][gc,task        ] GC(1348) Using 2 workers of 18 for evacuation
[2026-06-17T09:54:34.035+0800][50.283s][info][gc,heap        ] GC(1348) ParNew: 19613K->2108K(19648K)
[2026-06-17T09:54:34.035+0800][50.284s][info][gc,heap        ] GC(1348) CMS: 20719K->24405K(43712K)
[2026-06-17T09:54:34.036+0800][50.284s][info][gc,metaspace   ] GC(1348) Metaspace: 3166K(4864K)->3166K(4864K) NonClass: 2861K(4352K)->2861K(4352K) Class: 305K(512K)->305K(512K)
[2026-06-17T09:54:34.036+0800][50.284s][info][gc             ] GC(1348) Pause Young (Allocation Failure) 39M->25M(61M) 3.133ms
[2026-06-17T09:54:34.036+0800][50.284s][info][gc,cpu         ] GC(1348) User=0.00s Sys=0.00s Real=0.00s
[2026-06-17T09:54:34.079+0800][50.327s][info][gc,start       ] GC(1349) Pause Young (Allocation Failure)
[2026-06-17T09:54:34.079+0800][50.327s][info][gc,task        ] GC(1349) Using 2 workers of 18 for evacuation
[2026-06-17T09:54:34.080+0800][50.328s][info][gc,heap        ] GC(1349) ParNew: 19580K->2174K(19648K)
[2026-06-17T09:54:34.080+0800][50.329s][info][gc,heap        ] GC(1349) CMS: 24405K->27795K(43712K)
[2026-06-17T09:54:34.081+0800][50.329s][info][gc,metaspace   ] GC(1349) Metaspace: 3166K(4864K)->3166K(4864K) NonClass: 2861K(4352K)->2861K(4352K) Class: 305K(512K)->305K(512K)
[2026-06-17T09:54:34.081+0800][50.329s][info][gc             ] GC(1349) Pause Young (Allocation Failure) 42M->29M(61M) 2.494ms
[2026-06-17T09:54:34.081+0800][50.329s][info][gc,cpu         ] GC(1349) User=0.00s Sys=0.00s Real=0.00s
[2026-06-17T09:54:34.125+0800][50.373s][info][gc,start       ] GC(1350) Pause Young (Allocation Failure)
[2026-06-17T09:54:34.126+0800][50.374s][info][gc,task        ] GC(1350) Using 2 workers of 18 for evacuation
[2026-06-17T09:54:34.127+0800][50.375s][info][gc,heap        ] GC(1350) ParNew: 19646K->2167K(19648K)
[2026-06-17T09:54:34.128+0800][50.376s][info][gc,heap        ] GC(1350) CMS: 27795K->32482K(43712K)
[2026-06-17T09:54:34.128+0800][50.376s][info][gc,metaspace   ] GC(1350) Metaspace: 3166K(4864K)->3166K(4864K) NonClass: 2861K(4352K)->2861K(4352K) Class: 305K(512K)->305K(512K)
[2026-06-17T09:54:34.128+0800][50.377s][info][gc             ] GC(1350) Pause Young (Allocation Failure) 46M->33M(61M) 3.258ms
[2026-06-17T09:54:34.129+0800][50.377s][info][gc,cpu         ] GC(1350) User=0.00s Sys=0.00s Real=0.00s
[2026-06-17T09:54:34.130+0800][50.378s][info][gc,start       ] GC(1351) Pause Initial Mark
[2026-06-17T09:54:34.130+0800][50.378s][info][gc             ] GC(1351) Pause Initial Mark 34M->34M(61M) 0.618ms
[2026-06-17T09:54:34.131+0800][50.379s][info][gc,cpu         ] GC(1351) User=0.00s Sys=0.00s Real=0.01s
[2026-06-17T09:54:34.131+0800][50.379s][info][gc             ] GC(1351) Concurrent Mark
[2026-06-17T09:54:34.131+0800][50.380s][info][gc,task        ] GC(1351) Using 2 workers of 5 for marking
[2026-06-17T09:54:34.132+0800][50.380s][info][gc             ] GC(1351) Concurrent Mark 1.017ms
[2026-06-17T09:54:34.133+0800][50.381s][info][gc,cpu         ] GC(1351) User=0.00s Sys=0.00s Real=0.00s
[2026-06-17T09:54:34.133+0800][50.381s][info][gc             ] GC(1351) Concurrent Preclean
[2026-06-17T09:54:34.133+0800][50.381s][info][gc             ] GC(1351) Concurrent Preclean 0.259ms
[2026-06-17T09:54:34.133+0800][50.381s][info][gc,cpu         ] GC(1351) User=0.00s Sys=0.00s Real=0.00s
[2026-06-17T09:54:34.134+0800][50.382s][info][gc,start       ] GC(1351) Pause Remark
[2026-06-17T09:54:34.134+0800][50.382s][info][gc             ] GC(1351) Pause Remark 34M->34M(61M) 0.567ms
[2026-06-17T09:54:34.135+0800][50.383s][info][gc,cpu         ] GC(1351) User=0.00s Sys=0.00s Real=0.00s
[2026-06-17T09:54:34.135+0800][50.383s][info][gc             ] GC(1351) Concurrent Sweep
[2026-06-17T09:54:34.135+0800][50.383s][info][gc             ] GC(1351) Concurrent Sweep 0.364ms
[2026-06-17T09:54:34.136+0800][50.384s][info][gc,cpu         ] GC(1351) User=0.00s Sys=0.00s Real=0.00s
[2026-06-17T09:54:34.136+0800][50.384s][info][gc             ] GC(1351) Concurrent Reset
[2026-06-17T09:54:34.136+0800][50.384s][info][gc             ] GC(1351) Concurrent Reset 0.258ms
[2026-06-17T09:54:34.136+0800][50.384s][info][gc,cpu         ] GC(1351) User=0.00s Sys=0.00s Real=0.00s
[2026-06-17T09:54:34.136+0800][50.385s][info][gc,heap        ] GC(1351) Old: 32482K->21343K(43712K)
[2026-06-17T09:54:34.171+0800][50.420s][info][gc,start       ] GC(1352) Pause Young (Allocation Failure)
[2026-06-17T09:54:34.172+0800][50.420s][info][gc,task        ] GC(1352) Using 2 workers of 18 for evacuation
[2026-06-17T09:54:34.175+0800][50.423s][info][gc,heap        ] GC(1352) ParNew: 19639K->2173K(19648K)
[2026-06-17T09:54:34.177+0800][50.426s][info][gc,heap        ] GC(1352) CMS: 21343K->26442K(43712K)
[2026-06-17T09:54:34.179+0800][50.427s][info][gc,metaspace   ] GC(1352) Metaspace: 3166K(4864K)->3166K(4864K) NonClass: 2861K(4352K)->2861K(4352K) Class: 305K(512K)->305K(512K)
[2026-06-17T09:54:34.180+0800][50.429s][info][gc             ] GC(1352) Pause Young (Allocation Failure) 40M->27M(61M) 8.886ms
[2026-06-17T09:54:34.184+0800][50.432s][info][gc,cpu         ] GC(1352) User=0.00s Sys=0.00s Real=0.01s
[2026-06-17T09:54:34.234+0800][50.482s][info][gc,start       ] GC(1353) Pause Young (Allocation Failure)
[2026-06-17T09:54:34.239+0800][50.487s][info][gc,task        ] GC(1353) Using 2 workers of 18 for evacuation
[2026-06-17T09:54:34.242+0800][50.490s][info][gc,heap        ] GC(1353) ParNew: 19645K->2175K(19648K)
[2026-06-17T09:54:34.244+0800][50.492s][info][gc,heap        ] GC(1353) CMS: 26442K->32085K(43712K)
[2026-06-17T09:54:34.246+0800][50.494s][info][gc,metaspace   ] GC(1353) Metaspace: 3166K(4864K)->3166K(4864K) NonClass: 2861K(4352K)->2861K(4352K) Class: 305K(512K)->305K(512K)
[2026-06-17T09:54:34.248+0800][50.496s][info][gc             ] GC(1353) Pause Young (Allocation Failure) 45M->33M(61M) 13.507ms
[2026-06-17T09:54:34.251+0800][50.500s][info][gc,cpu         ] GC(1353) User=0.00s Sys=0.00s Real=0.02s
[2026-06-17T09:54:34.252+0800][50.500s][info][gc,start       ] GC(1354) Pause Initial Mark
[2026-06-17T09:54:34.254+0800][50.503s][info][gc             ] GC(1354) Pause Initial Mark 35M->35M(61M) 2.254ms
[2026-06-17T09:54:34.256+0800][50.504s][info][gc,cpu         ] GC(1354) User=0.00s Sys=0.00s Real=0.00s
[2026-06-17T09:54:34.262+0800][50.511s][info][gc             ] GC(1354) Concurrent Mark
[2026-06-17T09:54:34.268+0800][50.516s][info][gc,task        ] GC(1354) Using 2 workers of 5 for marking
[2026-06-17T09:54:34.275+0800][50.523s][info][gc             ] GC(1354) Concurrent Mark 12.276ms
[2026-06-17T09:54:34.282+0800][50.530s][info][gc,cpu         ] GC(1354) User=0.00s Sys=0.00s Real=0.01s
[2026-06-17T09:54:34.287+0800][50.535s][info][gc             ] GC(1354) Concurrent Preclean
[2026-06-17T09:54:34.287+0800][50.536s][info][gc             ] GC(1354) Concurrent Preclean 0.498ms
[2026-06-17T09:54:34.288+0800][50.536s][info][gc,cpu         ] GC(1354) User=0.00s Sys=0.00s Real=0.00s
[2026-06-17T09:54:34.288+0800][50.536s][info][gc             ] GC(1354) Concurrent Abortable Preclean
[2026-06-17T09:54:34.305+0800][50.553s][info][gc,start       ] GC(1355) Pause Young (Allocation Failure)
[2026-06-17T09:54:34.306+0800][50.554s][info][gc,task        ] GC(1355) Using 2 workers of 18 for evacuation
[2026-06-17T09:54:34.308+0800][50.556s][info][gc,heap        ] GC(1355) ParNew: 19642K->2173K(19648K)
[2026-06-17T09:54:34.308+0800][50.556s][info][gc,heap        ] GC(1355) CMS: 32085K->37827K(43712K)
[2026-06-17T09:54:34.309+0800][50.557s][info][gc,metaspace   ] GC(1355) Metaspace: 3166K(4864K)->3166K(4864K) NonClass: 2861K(4352K)->2861K(4352K) Class: 305K(512K)->305K(512K)
[2026-06-17T09:54:34.309+0800][50.557s][info][gc             ] GC(1355) Pause Young (Allocation Failure) 50M->39M(61M) 4.701ms
[2026-06-17T09:54:34.310+0800][50.558s][info][gc,cpu         ] GC(1355) User=0.01s Sys=0.00s Real=0.00s
[2026-06-17T09:54:34.362+0800][50.611s][info][gc,start       ] GC(1356) Pause Young (Allocation Failure)
[2026-06-17T09:54:34.363+0800][50.611s][info][gc,task        ] GC(1356) Using 2 workers of 18 for evacuation
[2026-06-17T09:54:34.364+0800][50.612s][info][gc,start       ] GC(1357) Pause Full (Allocation Failure)
[2026-06-17T09:54:34.364+0800][50.613s][info][gc             ] GC(1354) Concurrent Abortable Preclean 76.422ms
[2026-06-17T09:54:34.365+0800][50.613s][info][gc,cpu         ] GC(1354) User=0.01s Sys=0.00s Real=0.08s
[2026-06-17T09:54:34.366+0800][50.614s][info][gc,phases,start] GC(1357) Phase 1: Mark live objects
[2026-06-17T09:54:34.367+0800][50.615s][info][gc,phases      ] GC(1357) Phase 1: Mark live objects 1.016ms
[2026-06-17T09:54:34.367+0800][50.615s][info][gc,phases,start] GC(1357) Phase 2: Compute new object addresses
[2026-06-17T09:54:34.368+0800][50.616s][info][gc,phases      ] GC(1357) Phase 2: Compute new object addresses 0.762ms
[2026-06-17T09:54:34.368+0800][50.616s][info][gc,phases,start] GC(1357) Phase 3: Adjust pointers
[2026-06-17T09:54:34.369+0800][50.617s][info][gc,phases      ] GC(1357) Phase 3: Adjust pointers 0.732ms
[2026-06-17T09:54:34.369+0800][50.618s][info][gc,phases,start] GC(1357) Phase 4: Move objects
[2026-06-17T09:54:34.372+0800][50.620s][info][gc,phases      ] GC(1357) Phase 4: Move objects 2.806ms
[2026-06-17T09:54:34.373+0800][50.621s][info][gc             ] GC(1357) Pause Full (Allocation Failure) 56M->25M(61M) 8.923ms
[2026-06-17T09:54:34.373+0800][50.621s][info][gc,heap        ] GC(1356) ParNew: 19645K->0K(19648K)
[2026-06-17T09:54:34.374+0800][50.622s][info][gc,heap        ] GC(1356) CMS: 37827K->25984K(43712K)
[2026-06-17T09:54:34.374+0800][50.622s][info][gc,metaspace   ] GC(1356) Metaspace: 3166K(4864K)->3166K(4864K) NonClass: 2861K(4352K)->2861K(4352K) Class: 305K(512K)->305K(512K)
[2026-06-17T09:54:34.374+0800][50.622s][info][gc             ] GC(1356) Pause Young (Allocation Failure) 56M->25M(61M) 11.794ms
[2026-06-17T09:54:34.375+0800][50.623s][info][gc,cpu         ] GC(1356) User=0.00s Sys=0.00s Real=0.01s
[2026-06-17T09:54:34.417+0800][50.665s][info][gc,start       ] GC(1358) Pause Young (Allocation Failure)
[2026-06-17T09:54:34.418+0800][50.666s][info][gc,task        ] GC(1358) Using 2 workers of 18 for evacuation
[2026-06-17T09:54:34.418+0800][50.667s][info][gc,heap        ] GC(1358) ParNew: 17442K->2170K(19648K)
[2026-06-17T09:54:34.419+0800][50.667s][info][gc,heap        ] GC(1358) CMS: 25984K->30687K(43712K)
[2026-06-17T09:54:34.419+0800][50.667s][info][gc,metaspace   ] GC(1358) Metaspace: 3166K(4864K)->3166K(4864K) NonClass: 2861K(4352K)->2861K(4352K) Class: 305K(512K)->305K(512K)
[2026-06-17T09:54:34.419+0800][50.667s][info][gc             ] GC(1358) Pause Young (Allocation Failure) 42M->32M(61M) 2.074ms
[2026-06-17T09:54:34.419+0800][50.668s][info][gc,cpu         ] GC(1358) User=0.00s Sys=0.00s Real=0.00s
[2026-06-17T09:54:34.462+0800][50.710s][info][gc,start       ] GC(1359) Pause Young (Allocation Failure)
[2026-06-17T09:54:34.462+0800][50.710s][info][gc,task        ] GC(1359) Using 2 workers of 18 for evacuation
[2026-06-17T09:54:34.464+0800][50.712s][info][gc,heap        ] GC(1359) ParNew: 19626K->2175K(19648K)
[2026-06-17T09:54:34.464+0800][50.712s][info][gc,heap        ] GC(1359) CMS: 30687K->33915K(43712K)
[2026-06-17T09:54:34.464+0800][50.713s][info][gc,metaspace   ] GC(1359) Metaspace: 3166K(4864K)->3166K(4864K) NonClass: 2861K(4352K)->2861K(4352K) Class: 305K(512K)->305K(512K)
[2026-06-17T09:54:34.465+0800][50.713s][info][gc             ] GC(1359) Pause Young (Allocation Failure) 49M->35M(61M) 3.039ms
[2026-06-17T09:54:34.465+0800][50.713s][info][gc,cpu         ] GC(1359) User=0.00s Sys=0.00s Real=0.01s
[2026-06-17T09:54:34.466+0800][50.714s][info][gc,start       ] GC(1360) Pause Initial Mark
[2026-06-17T09:54:34.466+0800][50.714s][info][gc             ] GC(1360) Pause Initial Mark 36M->36M(61M) 0.401ms
[2026-06-17T09:54:34.466+0800][50.714s][info][gc,cpu         ] GC(1360) User=0.00s Sys=0.00s Real=0.00s
[2026-06-17T09:54:34.467+0800][50.715s][info][gc             ] GC(1360) Concurrent Mark
[2026-06-17T09:54:34.467+0800][50.715s][info][gc,task        ] GC(1360) Using 2 workers of 5 for marking
[2026-06-17T09:54:34.468+0800][50.716s][info][gc             ] GC(1360) Concurrent Mark 1.065ms
[2026-06-17T09:54:34.468+0800][50.716s][info][gc,cpu         ] GC(1360) User=0.00s Sys=0.00s Real=0.00s
[2026-06-17T09:54:34.468+0800][50.716s][info][gc             ] GC(1360) Concurrent Preclean
[2026-06-17T09:54:34.468+0800][50.716s][info][gc             ] GC(1360) Concurrent Preclean 0.178ms
[2026-06-17T09:54:34.468+0800][50.716s][info][gc,cpu         ] GC(1360) User=0.00s Sys=0.00s Real=0.00s
[2026-06-17T09:54:34.469+0800][50.717s][info][gc,start       ] GC(1360) Pause Remark
[2026-06-17T09:54:34.470+0800][50.718s][info][gc             ] GC(1360) Pause Remark 37M->37M(61M) 0.634ms
[2026-06-17T09:54:34.470+0800][50.718s][info][gc,cpu         ] GC(1360) User=0.00s Sys=0.00s Real=0.00s
[2026-06-17T09:54:34.470+0800][50.718s][info][gc             ] GC(1360) Concurrent Sweep
[2026-06-17T09:54:34.471+0800][50.719s][info][gc             ] GC(1360) Concurrent Sweep 0.336ms
[2026-06-17T09:54:34.471+0800][50.719s][info][gc,cpu         ] GC(1360) User=0.00s Sys=0.00s Real=0.01s
[2026-06-17T09:54:34.471+0800][50.719s][info][gc             ] GC(1360) Concurrent Reset
[2026-06-17T09:54:34.471+0800][50.719s][info][gc             ] GC(1360) Concurrent Reset 0.145ms
[2026-06-17T09:54:34.471+0800][50.719s][info][gc,cpu         ] GC(1360) User=0.00s Sys=0.00s Real=0.00s
[2026-06-17T09:54:34.471+0800][50.720s][info][gc,heap        ] GC(1360) Old: 33915K->24114K(43712K)
[2026-06-17T09:54:34.509+0800][50.757s][info][gc,start       ] GC(1361) Pause Young (Allocation Failure)
[2026-06-17T09:54:34.510+0800][50.758s][info][gc,task        ] GC(1361) Using 2 workers of 18 for evacuation
[2026-06-17T09:54:34.513+0800][50.761s][info][gc,heap        ] GC(1361) ParNew: 19647K->2168K(19648K)
[2026-06-17T09:54:34.513+0800][50.762s][info][gc,heap        ] GC(1361) CMS: 24114K->28077K(43712K)
[2026-06-17T09:54:34.514+0800][50.762s][info][gc,metaspace   ] GC(1361) Metaspace: 3166K(4864K)->3166K(4864K) NonClass: 2861K(4352K)->2861K(4352K) Class: 305K(512K)->305K(512K)
[2026-06-17T09:54:34.514+0800][50.762s][info][gc             ] GC(1361) Pause Young (Allocation Failure) 42M->29M(61M) 5.140ms
[2026-06-17T09:54:34.514+0800][50.762s][info][gc,cpu         ] GC(1361) User=0.00s Sys=0.00s Real=0.01s
[2026-06-17T09:54:34.557+0800][50.805s][info][gc,start       ] GC(1362) Pause Young (Allocation Failure)
[2026-06-17T09:54:34.557+0800][50.805s][info][gc,task        ] GC(1362) Using 2 workers of 18 for evacuation
[2026-06-17T09:54:34.558+0800][50.806s][info][gc,heap        ] GC(1362) ParNew: 19612K->2174K(19648K)
[2026-06-17T09:54:34.558+0800][50.807s][info][gc,heap        ] GC(1362) CMS: 28077K->33538K(43712K)
[2026-06-17T09:54:34.559+0800][50.807s][info][gc,metaspace   ] GC(1362) Metaspace: 3166K(4864K)->3166K(4864K) NonClass: 2861K(4352K)->2861K(4352K) Class: 305K(512K)->305K(512K)
[2026-06-17T09:54:34.559+0800][50.807s][info][gc             ] GC(1362) Pause Young (Allocation Failure) 46M->34M(61M) 2.324ms
[2026-06-17T09:54:34.559+0800][50.807s][info][gc,cpu         ] GC(1362) User=0.00s Sys=0.00s Real=0.00s
[2026-06-17T09:54:34.559+0800][50.808s][info][gc,start       ] GC(1363) Pause Initial Mark
[2026-06-17T09:54:34.560+0800][50.808s][info][gc             ] GC(1363) Pause Initial Mark 35M->35M(61M) 0.388ms
[2026-06-17T09:54:34.560+0800][50.808s][info][gc,cpu         ] GC(1363) User=0.00s Sys=0.00s Real=0.00s
[2026-06-17T09:54:34.560+0800][50.808s][info][gc             ] GC(1363) Concurrent Mark
[2026-06-17T09:54:34.561+0800][50.809s][info][gc,task        ] GC(1363) Using 2 workers of 5 for marking
[2026-06-17T09:54:34.561+0800][50.810s][info][gc             ] GC(1363) Concurrent Mark 1.158ms
[2026-06-17T09:54:34.562+0800][50.810s][info][gc,cpu         ] GC(1363) User=0.00s Sys=0.00s Real=0.00s
[2026-06-17T09:54:34.562+0800][50.810s][info][gc             ] GC(1363) Concurrent Preclean
[2026-06-17T09:54:34.562+0800][50.810s][info][gc             ] GC(1363) Concurrent Preclean 0.176ms
[2026-06-17T09:54:34.562+0800][50.810s][info][gc,cpu         ] GC(1363) User=0.00s Sys=0.00s Real=0.00s
[2026-06-17T09:54:34.562+0800][50.811s][info][gc,start       ] GC(1363) Pause Remark
[2026-06-17T09:54:34.563+0800][50.811s][info][gc             ] GC(1363) Pause Remark 36M->36M(61M) 0.555ms
[2026-06-17T09:54:34.563+0800][50.811s][info][gc,cpu         ] GC(1363) User=0.00s Sys=0.00s Real=0.00s
[2026-06-17T09:54:34.563+0800][50.812s][info][gc             ] GC(1363) Concurrent Sweep
[2026-06-17T09:54:34.564+0800][50.812s][info][gc             ] GC(1363) Concurrent Sweep 0.292ms
[2026-06-17T09:54:34.564+0800][50.812s][info][gc,cpu         ] GC(1363) User=0.00s Sys=0.00s Real=0.00s
[2026-06-17T09:54:34.564+0800][50.812s][info][gc             ] GC(1363) Concurrent Reset
[2026-06-17T09:54:34.564+0800][50.812s][info][gc             ] GC(1363) Concurrent Reset 0.117ms
[2026-06-17T09:54:34.564+0800][50.812s][info][gc,cpu         ] GC(1363) User=0.00s Sys=0.00s Real=0.00s
[2026-06-17T09:54:34.564+0800][50.812s][info][gc,heap        ] GC(1363) Old: 33538K->20455K(43712K)
[2026-06-17T09:54:34.602+0800][50.850s][info][gc,start       ] GC(1364) Pause Young (Allocation Failure)
[2026-06-17T09:54:34.603+0800][50.851s][info][gc,task        ] GC(1364) Using 2 workers of 18 for evacuation
[2026-06-17T09:54:34.604+0800][50.852s][info][gc,heap        ] GC(1364) ParNew: 19632K->2174K(19648K)
[2026-06-17T09:54:34.605+0800][50.853s][info][gc,heap        ] GC(1364) CMS: 20455K->25291K(43712K)
[2026-06-17T09:54:34.605+0800][50.853s][info][gc,metaspace   ] GC(1364) Metaspace: 3166K(4864K)->3166K(4864K) NonClass: 2861K(4352K)->2861K(4352K) Class: 305K(512K)->305K(512K)
[2026-06-17T09:54:34.605+0800][50.853s][info][gc             ] GC(1364) Pause Young (Allocation Failure) 39M->26M(61M) 2.592ms
[2026-06-17T09:54:34.605+0800][50.853s][info][gc,cpu         ] GC(1364) User=0.00s Sys=0.00s Real=0.01s
[2026-06-17T09:54:34.647+0800][50.895s][info][gc,start       ] GC(1365) Pause Young (Allocation Failure)
[2026-06-17T09:54:34.648+0800][50.896s][info][gc,task        ] GC(1365) Using 2 workers of 18 for evacuation
[2026-06-17T09:54:34.649+0800][50.897s][info][gc,heap        ] GC(1365) ParNew: 19425K->2138K(19648K)
[2026-06-17T09:54:34.649+0800][50.897s][info][gc,heap        ] GC(1365) CMS: 25291K->27912K(43712K)
[2026-06-17T09:54:34.649+0800][50.897s][info][gc,metaspace   ] GC(1365) Metaspace: 3166K(4864K)->3166K(4864K) NonClass: 2861K(4352K)->2861K(4352K) Class: 305K(512K)->305K(512K)
[2026-06-17T09:54:34.649+0800][50.897s][info][gc             ] GC(1365) Pause Young (Allocation Failure) 43M->29M(61M) 2.066ms
[2026-06-17T09:54:34.649+0800][50.898s][info][gc,cpu         ] GC(1365) User=0.01s Sys=0.00s Real=0.00s
[2026-06-17T09:54:34.702+0800][50.950s][info][gc,start       ] GC(1366) Pause Young (Allocation Failure)
[2026-06-17T09:54:34.702+0800][50.950s][info][gc,task        ] GC(1366) Using 2 workers of 18 for evacuation
[2026-06-17T09:54:34.703+0800][50.951s][info][gc,heap        ] GC(1366) ParNew: 19600K->2157K(19648K)
[2026-06-17T09:54:34.703+0800][50.951s][info][gc,heap        ] GC(1366) CMS: 27912K->31137K(43712K)
[2026-06-17T09:54:34.703+0800][50.952s][info][gc,metaspace   ] GC(1366) Metaspace: 3166K(4864K)->3166K(4864K) NonClass: 2861K(4352K)->2861K(4352K) Class: 305K(512K)->305K(512K)
[2026-06-17T09:54:34.704+0800][50.952s][info][gc             ] GC(1366) Pause Young (Allocation Failure) 46M->32M(61M) 1.745ms
[2026-06-17T09:54:34.704+0800][50.952s][info][gc,cpu         ] GC(1366) User=0.00s Sys=0.00s Real=0.01s
[2026-06-17T09:54:34.746+0800][50.994s][info][gc,start       ] GC(1367) Pause Young (Allocation Failure)
[2026-06-17T09:54:34.750+0800][50.998s][info][gc,task        ] GC(1367) Using 2 workers of 18 for evacuation
[2026-06-17T09:54:34.752+0800][51.000s][info][gc,heap        ] GC(1367) ParNew: 19615K->2175K(19648K)
[2026-06-17T09:54:34.752+0800][51.001s][info][gc,heap        ] GC(1367) CMS: 31137K->34756K(43712K)
[2026-06-17T09:54:34.753+0800][51.001s][info][gc,metaspace   ] GC(1367) Metaspace: 3166K(4864K)->3166K(4864K) NonClass: 2861K(4352K)->2861K(4352K) Class: 305K(512K)->305K(512K)
[2026-06-17T09:54:34.753+0800][51.001s][info][gc             ] GC(1367) Pause Young (Allocation Failure) 49M->36M(61M) 7.255ms
[2026-06-17T09:54:34.754+0800][51.002s][info][gc,cpu         ] GC(1367) User=0.00s Sys=0.00s Real=0.01s
[2026-06-17T09:54:34.755+0800][51.003s][info][gc,start       ] GC(1368) Pause Initial Mark
[2026-06-17T09:54:34.755+0800][51.003s][info][gc             ] GC(1368) Pause Initial Mark 37M->37M(61M) 0.361ms
[2026-06-17T09:54:34.755+0800][51.003s][info][gc,cpu         ] GC(1368) User=0.00s Sys=0.00s Real=0.00s
[2026-06-17T09:54:34.755+0800][51.004s][info][gc             ] GC(1368) Concurrent Mark
[2026-06-17T09:54:34.756+0800][51.004s][info][gc,task        ] GC(1368) Using 2 workers of 5 for marking
[2026-06-17T09:54:34.756+0800][51.005s][info][gc             ] GC(1368) Concurrent Mark 0.978ms
[2026-06-17T09:54:34.757+0800][51.005s][info][gc,cpu         ] GC(1368) User=0.00s Sys=0.00s Real=0.00s
[2026-06-17T09:54:34.757+0800][51.005s][info][gc             ] GC(1368) Concurrent Preclean
[2026-06-17T09:54:34.757+0800][51.005s][info][gc             ] GC(1368) Concurrent Preclean 0.107ms
[2026-06-17T09:54:34.757+0800][51.005s][info][gc,cpu         ] GC(1368) User=0.00s Sys=0.00s Real=0.00s
[2026-06-17T09:54:34.757+0800][51.005s][info][gc             ] GC(1368) Concurrent Abortable Preclean
[2026-06-17T09:54:34.797+0800][51.045s][info][gc,start       ] GC(1369) Pause Young (Allocation Failure)
[2026-06-17T09:54:34.797+0800][51.046s][info][gc,task        ] GC(1369) Using 2 workers of 18 for evacuation
[2026-06-17T09:54:34.798+0800][51.046s][info][gc,heap        ] GC(1369) ParNew: 19647K->2171K(19648K)
[2026-06-17T09:54:34.799+0800][51.047s][info][gc,heap        ] GC(1369) CMS: 34756K->39250K(43712K)
[2026-06-17T09:54:34.799+0800][51.047s][info][gc,metaspace   ] GC(1369) Metaspace: 3166K(4864K)->3166K(4864K) NonClass: 2861K(4352K)->2861K(4352K) Class: 305K(512K)->305K(512K)
[2026-06-17T09:54:34.800+0800][51.048s][info][gc             ] GC(1369) Pause Young (Allocation Failure) 53M->40M(61M) 2.670ms
[2026-06-17T09:54:34.800+0800][51.048s][info][gc,cpu         ] GC(1369) User=0.00s Sys=0.00s Real=0.00s
[2026-06-17T09:54:34.843+0800][51.091s][info][gc,start       ] GC(1370) Pause Young (Allocation Failure)
[2026-06-17T09:54:34.843+0800][51.091s][info][gc,task        ] GC(1370) Using 2 workers of 18 for evacuation
[2026-06-17T09:54:34.843+0800][51.091s][info][gc,start       ] GC(1371) Pause Full (Allocation Failure)
[2026-06-17T09:54:34.844+0800][51.092s][info][gc             ] GC(1368) Concurrent Abortable Preclean 86.496ms
[2026-06-17T09:54:34.844+0800][51.092s][info][gc,cpu         ] GC(1368) User=0.01s Sys=0.00s Real=0.09s
[2026-06-17T09:54:34.844+0800][51.092s][info][gc,phases,start] GC(1371) Phase 1: Mark live objects
[2026-06-17T09:54:34.845+0800][51.093s][info][gc,phases      ] GC(1371) Phase 1: Mark live objects 0.729ms
[2026-06-17T09:54:34.845+0800][51.093s][info][gc,phases,start] GC(1371) Phase 2: Compute new object addresses
[2026-06-17T09:54:34.845+0800][51.094s][info][gc,phases      ] GC(1371) Phase 2: Compute new object addresses 0.582ms
[2026-06-17T09:54:34.846+0800][51.094s][info][gc,phases,start] GC(1371) Phase 3: Adjust pointers
[2026-06-17T09:54:34.846+0800][51.094s][info][gc,phases      ] GC(1371) Phase 3: Adjust pointers 0.513ms
[2026-06-17T09:54:34.858+0800][51.106s][info][gc,phases,start] GC(1371) Phase 4: Move objects
[2026-06-17T09:54:34.861+0800][51.109s][info][gc,phases      ] GC(1371) Phase 4: Move objects 3.385ms
[2026-06-17T09:54:34.862+0800][51.110s][info][gc             ] GC(1371) Pause Full (Allocation Failure) 57M->30M(61M) 18.381ms
[2026-06-17T09:54:34.862+0800][51.110s][info][gc,heap        ] GC(1370) ParNew: 19643K->0K(19648K)
[2026-06-17T09:54:34.862+0800][51.110s][info][gc,heap        ] GC(1370) CMS: 39250K->30931K(43712K)
[2026-06-17T09:54:34.862+0800][51.110s][info][gc,metaspace   ] GC(1370) Metaspace: 3166K(4864K)->3166K(4864K) NonClass: 2861K(4352K)->2861K(4352K) Class: 305K(512K)->305K(512K)
[2026-06-17T09:54:34.863+0800][51.111s][info][gc             ] GC(1370) Pause Young (Allocation Failure) 57M->30M(61M) 20.052ms
[2026-06-17T09:54:34.863+0800][51.111s][info][gc,cpu         ] GC(1370) User=0.00s Sys=0.00s Real=0.02s
[2026-06-17T09:54:34.905+0800][51.153s][info][gc,start       ] GC(1372) Pause Young (Allocation Failure)
[2026-06-17T09:54:34.908+0800][51.156s][info][gc,task        ] GC(1372) Using 2 workers of 18 for evacuation
[2026-06-17T09:54:34.910+0800][51.158s][info][gc,heap        ] GC(1372) ParNew: 17362K->2142K(19648K)
[2026-06-17T09:54:34.910+0800][51.158s][info][gc,heap        ] GC(1372) CMS: 30931K->32449K(43712K)
[2026-06-17T09:54:34.910+0800][51.158s][info][gc,metaspace   ] GC(1372) Metaspace: 3166K(4864K)->3166K(4864K) NonClass: 2861K(4352K)->2861K(4352K) Class: 305K(512K)->305K(512K)
[2026-06-17T09:54:34.911+0800][51.159s][info][gc             ] GC(1372) Pause Young (Allocation Failure) 47M->33M(61M) 5.287ms
[2026-06-17T09:54:34.911+0800][51.159s][info][gc,cpu         ] GC(1372) User=0.01s Sys=0.00s Real=0.01s
[2026-06-17T09:54:34.963+0800][51.211s][info][gc,start       ] GC(1373) Pause Young (Allocation Failure)
[2026-06-17T09:54:34.964+0800][51.212s][info][gc,task        ] GC(1373) Using 2 workers of 18 for evacuation
[2026-06-17T09:54:34.964+0800][51.213s][info][gc,heap        ] GC(1373) ParNew: 19592K->2172K(19648K)
[2026-06-17T09:54:34.965+0800][51.213s][info][gc,heap        ] GC(1373) CMS: 32449K->36366K(43712K)
[2026-06-17T09:54:34.965+0800][51.213s][info][gc,metaspace   ] GC(1373) Metaspace: 3166K(4864K)->3166K(4864K) NonClass: 2861K(4352K)->2861K(4352K) Class: 305K(512K)->305K(512K)
[2026-06-17T09:54:34.965+0800][51.213s][info][gc             ] GC(1373) Pause Young (Allocation Failure) 50M->37M(61M) 1.794ms
[2026-06-17T09:54:34.965+0800][51.213s][info][gc,cpu         ] GC(1373) User=0.00s Sys=0.00s Real=0.00s
[2026-06-17T09:54:34.966+0800][51.214s][info][gc,start       ] GC(1374) Pause Initial Mark
[2026-06-17T09:54:34.969+0800][51.217s][info][gc             ] GC(1374) Pause Initial Mark 38M->38M(61M) 3.650ms
[2026-06-17T09:54:34.970+0800][51.218s][info][gc,cpu         ] GC(1374) User=0.00s Sys=0.00s Real=0.00s
[2026-06-17T09:54:34.971+0800][51.219s][info][gc             ] GC(1374) Concurrent Mark
[2026-06-17T09:54:34.971+0800][51.219s][info][gc,task        ] GC(1374) Using 2 workers of 5 for marking
[2026-06-17T09:54:34.972+0800][51.220s][info][gc             ] GC(1374) Concurrent Mark 1.311ms
[2026-06-17T09:54:34.973+0800][51.221s][info][gc,cpu         ] GC(1374) User=0.00s Sys=0.00s Real=0.00s
[2026-06-17T09:54:34.973+0800][51.221s][info][gc             ] GC(1374) Concurrent Preclean
[2026-06-17T09:54:34.973+0800][51.221s][info][gc             ] GC(1374) Concurrent Preclean 0.353ms
[2026-06-17T09:54:34.974+0800][51.222s][info][gc,cpu         ] GC(1374) User=0.00s Sys=0.00s Real=0.00s
[2026-06-17T09:54:34.974+0800][51.222s][info][gc,start       ] GC(1374) Pause Remark
[2026-06-17T09:54:34.975+0800][51.223s][info][gc             ] GC(1374) Pause Remark 39M->39M(61M) 0.798ms
[2026-06-17T09:54:34.975+0800][51.224s][info][gc,cpu         ] GC(1374) User=0.00s Sys=0.00s Real=0.00s
[2026-06-17T09:54:34.976+0800][51.224s][info][gc             ] GC(1374) Concurrent Sweep
[2026-06-17T09:54:34.977+0800][51.225s][info][gc             ] GC(1374) Concurrent Sweep 0.722ms
[2026-06-17T09:54:34.977+0800][51.225s][info][gc,cpu         ] GC(1374) User=0.00s Sys=0.00s Real=0.00s
[2026-06-17T09:54:34.978+0800][51.226s][info][gc             ] GC(1374) Concurrent Reset
[2026-06-17T09:54:34.978+0800][51.226s][info][gc             ] GC(1374) Concurrent Reset 0.481ms
[2026-06-17T09:54:34.979+0800][51.227s][info][gc,cpu         ] GC(1374) User=0.00s Sys=0.00s Real=0.00s
[2026-06-17T09:54:34.979+0800][51.227s][info][gc,heap        ] GC(1374) Old: 36366K->23208K(43712K)
[2026-06-17T09:54:35.013+0800][51.261s][info][gc,start       ] GC(1375) Pause Young (Allocation Failure)
[2026-06-17T09:54:35.014+0800][51.262s][info][gc,task        ] GC(1375) Using 2 workers of 18 for evacuation
[2026-06-17T09:54:35.014+0800][51.263s][info][gc,heap        ] GC(1375) ParNew: 19644K->2169K(19648K)
[2026-06-17T09:54:35.015+0800][51.263s][info][gc,heap        ] GC(1375) CMS: 23208K->27589K(43712K)
[2026-06-17T09:54:35.015+0800][51.263s][info][gc,metaspace   ] GC(1375) Metaspace: 3166K(4864K)->3166K(4864K) NonClass: 2861K(4352K)->2861K(4352K) Class: 305K(512K)->305K(512K)
[2026-06-17T09:54:35.016+0800][51.264s][info][gc             ] GC(1375) Pause Young (Allocation Failure) 41M->29M(61M) 2.518ms
[2026-06-17T09:54:35.016+0800][51.264s][info][gc,cpu         ] GC(1375) User=0.00s Sys=0.00s Real=0.00s
[2026-06-17T09:54:35.058+0800][51.306s][info][gc,start       ] GC(1376) Pause Young (Allocation Failure)
[2026-06-17T09:54:35.058+0800][51.306s][info][gc,task        ] GC(1376) Using 2 workers of 18 for evacuation
[2026-06-17T09:54:35.059+0800][51.308s][info][gc,heap        ] GC(1376) ParNew: 19631K->2175K(19648K)
[2026-06-17T09:54:35.060+0800][51.308s][info][gc,heap        ] GC(1376) CMS: 27589K->33363K(43712K)
[2026-06-17T09:54:35.060+0800][51.308s][info][gc,metaspace   ] GC(1376) Metaspace: 3166K(4864K)->3166K(4864K) NonClass: 2861K(4352K)->2861K(4352K) Class: 305K(512K)->305K(512K)
[2026-06-17T09:54:35.060+0800][51.308s][info][gc             ] GC(1376) Pause Young (Allocation Failure) 46M->34M(61M) 2.112ms
[2026-06-17T09:54:35.060+0800][51.308s][info][gc,cpu         ] GC(1376) User=0.00s Sys=0.00s Real=0.00s
[2026-06-17T09:54:35.060+0800][51.309s][info][gc,start       ] GC(1377) Pause Initial Mark
[2026-06-17T09:54:35.061+0800][51.309s][info][gc             ] GC(1377) Pause Initial Mark 35M->35M(61M) 0.154ms
[2026-06-17T09:54:35.061+0800][51.309s][info][gc,cpu         ] GC(1377) User=0.00s Sys=0.00s Real=0.00s
[2026-06-17T09:54:35.061+0800][51.309s][info][gc             ] GC(1377) Concurrent Mark
[2026-06-17T09:54:35.061+0800][51.309s][info][gc,task        ] GC(1377) Using 2 workers of 5 for marking
[2026-06-17T09:54:35.062+0800][51.310s][info][gc             ] GC(1377) Concurrent Mark 0.690ms
[2026-06-17T09:54:35.062+0800][51.310s][info][gc,cpu         ] GC(1377) User=0.00s Sys=0.00s Real=0.00s
[2026-06-17T09:54:35.062+0800][51.310s][info][gc             ] GC(1377) Concurrent Preclean
[2026-06-17T09:54:35.062+0800][51.310s][info][gc             ] GC(1377) Concurrent Preclean 0.190ms
[2026-06-17T09:54:35.062+0800][51.310s][info][gc,cpu         ] GC(1377) User=0.00s Sys=0.00s Real=0.00s
[2026-06-17T09:54:35.062+0800][51.310s][info][gc,start       ] GC(1377) Pause Remark
[2026-06-17T09:54:35.063+0800][51.311s][info][gc             ] GC(1377) Pause Remark 36M->36M(61M) 0.530ms
[2026-06-17T09:54:35.063+0800][51.311s][info][gc,cpu         ] GC(1377) User=0.00s Sys=0.00s Real=0.01s
[2026-06-17T09:54:35.063+0800][51.311s][info][gc             ] GC(1377) Concurrent Sweep
[2026-06-17T09:54:35.063+0800][51.312s][info][gc             ] GC(1377) Concurrent Sweep 0.273ms
[2026-06-17T09:54:35.064+0800][51.312s][info][gc,cpu         ] GC(1377) User=0.00s Sys=0.00s Real=0.00s
[2026-06-17T09:54:35.064+0800][51.312s][info][gc             ] GC(1377) Concurrent Reset
[2026-06-17T09:54:35.064+0800][51.312s][info][gc             ] GC(1377) Concurrent Reset 0.136ms
[2026-06-17T09:54:35.064+0800][51.312s][info][gc,cpu         ] GC(1377) User=0.00s Sys=0.00s Real=0.00s
[2026-06-17T09:54:35.064+0800][51.312s][info][gc,heap        ] GC(1377) Old: 33363K->21123K(43712K)
[2026-06-17T09:54:35.103+0800][51.351s][info][gc,start       ] GC(1378) Pause Young (Allocation Failure)
[2026-06-17T09:54:35.103+0800][51.352s][info][gc,task        ] GC(1378) Using 2 workers of 18 for evacuation
[2026-06-17T09:54:35.104+0800][51.353s][info][gc,heap        ] GC(1378) ParNew: 19638K->2173K(19648K)
[2026-06-17T09:54:35.105+0800][51.353s][info][gc,heap        ] GC(1378) CMS: 21123K->25239K(43712K)
[2026-06-17T09:54:35.105+0800][51.353s][info][gc,metaspace   ] GC(1378) Metaspace: 3166K(4864K)->3166K(4864K) NonClass: 2861K(4352K)->2861K(4352K) Class: 305K(512K)->305K(512K)
[2026-06-17T09:54:35.105+0800][51.353s][info][gc             ] GC(1378) Pause Young (Allocation Failure) 39M->26M(61M) 2.628ms
[2026-06-17T09:54:35.106+0800][51.354s][info][gc,cpu         ] GC(1378) User=0.00s Sys=0.00s Real=0.00s
[2026-06-17T09:54:35.148+0800][51.396s][info][gc,start       ] GC(1379) Pause Young (Allocation Failure)
[2026-06-17T09:54:35.149+0800][51.398s][info][gc,task        ] GC(1379) Using 2 workers of 18 for evacuation
[2026-06-17T09:54:35.151+0800][51.399s][info][gc,heap        ] GC(1379) ParNew: 19363K->2067K(19648K)
[2026-06-17T09:54:35.153+0800][51.401s][info][gc,heap        ] GC(1379) CMS: 25239K->27476K(43712K)
[2026-06-17T09:54:35.154+0800][51.402s][info][gc,metaspace   ] GC(1379) Metaspace: 3166K(4864K)->3166K(4864K) NonClass: 2861K(4352K)->2861K(4352K) Class: 305K(512K)->305K(512K)
[2026-06-17T09:54:35.155+0800][51.403s][info][gc             ] GC(1379) Pause Young (Allocation Failure) 43M->28M(61M) 6.914ms
[2026-06-17T09:54:35.156+0800][51.404s][info][gc,cpu         ] GC(1379) User=0.00s Sys=0.00s Real=0.01s
[2026-06-17T09:54:35.199+0800][51.447s][info][gc,start       ] GC(1380) Pause Young (Allocation Failure)
[2026-06-17T09:54:35.201+0800][51.449s][info][gc,task        ] GC(1380) Using 2 workers of 18 for evacuation
[2026-06-17T09:54:35.202+0800][51.450s][info][gc,heap        ] GC(1380) ParNew: 18919K->2154K(19648K)
[2026-06-17T09:54:35.203+0800][51.451s][info][gc,heap        ] GC(1380) CMS: 27476K->30400K(43712K)
[2026-06-17T09:54:35.203+0800][51.451s][info][gc,metaspace   ] GC(1380) Metaspace: 3166K(4864K)->3166K(4864K) NonClass: 2861K(4352K)->2861K(4352K) Class: 305K(512K)->305K(512K)
[2026-06-17T09:54:35.204+0800][51.452s][info][gc             ] GC(1380) Pause Young (Allocation Failure) 45M->31M(61M) 4.900ms
[2026-06-17T09:54:35.205+0800][51.454s][info][gc,cpu         ] GC(1380) User=0.00s Sys=0.00s Real=0.01s
[2026-06-17T09:54:35.259+0800][51.507s][info][gc,start       ] GC(1381) Pause Young (Allocation Failure)
[2026-06-17T09:54:35.260+0800][51.508s][info][gc,task        ] GC(1381) Using 2 workers of 18 for evacuation
[2026-06-17T09:54:35.262+0800][51.510s][info][gc,heap        ] GC(1381) ParNew: 19606K->2170K(19648K)
[2026-06-17T09:54:35.263+0800][51.511s][info][gc,heap        ] GC(1381) CMS: 30400K->34132K(43712K)
[2026-06-17T09:54:35.263+0800][51.512s][info][gc,metaspace   ] GC(1381) Metaspace: 3166K(4864K)->3166K(4864K) NonClass: 2861K(4352K)->2861K(4352K) Class: 305K(512K)->305K(512K)
[2026-06-17T09:54:35.264+0800][51.512s][info][gc             ] GC(1381) Pause Young (Allocation Failure) 48M->35M(61M) 5.746ms
[2026-06-17T09:54:35.265+0800][51.513s][info][gc,cpu         ] GC(1381) User=0.00s Sys=0.00s Real=0.01s
[2026-06-17T09:54:35.308+0800][51.556s][info][gc,start       ] GC(1382) Pause Young (Allocation Failure)
[2026-06-17T09:54:35.308+0800][51.556s][info][gc,task        ] GC(1382) Using 2 workers of 18 for evacuation
[2026-06-17T09:54:35.310+0800][51.558s][info][gc,heap        ] GC(1382) ParNew: 19618K->2132K(19648K)
[2026-06-17T09:54:35.312+0800][51.560s][info][gc,heap        ] GC(1382) CMS: 34132K->38871K(43712K)
[2026-06-17T09:54:35.312+0800][51.561s][info][gc,metaspace   ] GC(1382) Metaspace: 3166K(4864K)->3166K(4864K) NonClass: 2861K(4352K)->2861K(4352K) Class: 305K(512K)->305K(512K)
[2026-06-17T09:54:35.313+0800][51.561s][info][gc             ] GC(1382) Pause Young (Allocation Failure) 52M->40M(61M) 5.495ms
[2026-06-17T09:54:35.313+0800][51.562s][info][gc,cpu         ] GC(1382) User=0.00s Sys=0.00s Real=0.01s
[2026-06-17T09:54:35.314+0800][51.562s][info][gc,start       ] GC(1383) Pause Initial Mark
[2026-06-17T09:54:35.315+0800][51.563s][info][gc             ] GC(1383) Pause Initial Mark 40M->40M(61M) 0.661ms
[2026-06-17T09:54:35.315+0800][51.564s][info][gc,cpu         ] GC(1383) User=0.00s Sys=0.00s Real=0.00s
[2026-06-17T09:54:35.316+0800][51.564s][info][gc             ] GC(1383) Concurrent Mark
[2026-06-17T09:54:35.317+0800][51.565s][info][gc,task        ] GC(1383) Using 2 workers of 5 for marking
[2026-06-17T09:54:35.318+0800][51.566s][info][gc             ] GC(1383) Concurrent Mark 1.561ms
[2026-06-17T09:54:35.318+0800][51.566s][info][gc,cpu         ] GC(1383) User=0.01s Sys=0.00s Real=0.00s
[2026-06-17T09:54:35.318+0800][51.567s][info][gc             ] GC(1383) Concurrent Preclean
[2026-06-17T09:54:35.319+0800][51.567s][info][gc             ] GC(1383) Concurrent Preclean 0.380ms
[2026-06-17T09:54:35.319+0800][51.567s][info][gc,cpu         ] GC(1383) User=0.00s Sys=0.00s Real=0.00s
[2026-06-17T09:54:35.320+0800][51.568s][info][gc             ] GC(1383) Concurrent Abortable Preclean
[2026-06-17T09:54:35.358+0800][51.606s][info][gc,start       ] GC(1384) Pause Young (Allocation Failure)
[2026-06-17T09:54:35.358+0800][51.607s][info][gc,task        ] GC(1384) Using 2 workers of 18 for evacuation
[2026-06-17T09:54:35.359+0800][51.607s][info][gc,start       ] GC(1385) Pause Full (Allocation Failure)
[2026-06-17T09:54:35.360+0800][51.608s][info][gc             ] GC(1383) Concurrent Abortable Preclean 39.920ms
[2026-06-17T09:54:35.360+0800][51.608s][info][gc,cpu         ] GC(1383) User=0.00s Sys=0.00s Real=0.04s
[2026-06-17T09:54:35.360+0800][51.609s][info][gc,phases,start] GC(1385) Phase 1: Mark live objects
[2026-06-17T09:54:35.361+0800][51.610s][info][gc,phases      ] GC(1385) Phase 1: Mark live objects 0.986ms
[2026-06-17T09:54:35.362+0800][51.610s][info][gc,phases,start] GC(1385) Phase 2: Compute new object addresses
[2026-06-17T09:54:35.362+0800][51.611s][info][gc,phases      ] GC(1385) Phase 2: Compute new object addresses 0.675ms
[2026-06-17T09:54:35.363+0800][51.611s][info][gc,phases,start] GC(1385) Phase 3: Adjust pointers
[2026-06-17T09:54:35.364+0800][51.612s][info][gc,phases      ] GC(1385) Phase 3: Adjust pointers 0.616ms
[2026-06-17T09:54:35.364+0800][51.612s][info][gc,phases,start] GC(1385) Phase 4: Move objects
[2026-06-17T09:54:35.367+0800][51.615s][info][gc,phases      ] GC(1385) Phase 4: Move objects 3.124ms
[2026-06-17T09:54:35.368+0800][51.616s][info][gc             ] GC(1385) Pause Full (Allocation Failure) 57M->30M(61M) 8.763ms
[2026-06-17T09:54:35.368+0800][51.616s][info][gc,heap        ] GC(1384) ParNew: 19588K->0K(19648K)
[2026-06-17T09:54:35.368+0800][51.617s][info][gc,heap        ] GC(1384) CMS: 38871K->31438K(43712K)
[2026-06-17T09:54:35.369+0800][51.617s][info][gc,metaspace   ] GC(1384) Metaspace: 3166K(4864K)->3166K(4864K) NonClass: 2861K(4352K)->2861K(4352K) Class: 305K(512K)->305K(512K)
[2026-06-17T09:54:35.369+0800][51.617s][info][gc             ] GC(1384) Pause Young (Allocation Failure) 57M->30M(61M) 11.096ms
[2026-06-17T09:54:35.369+0800][51.617s][info][gc,cpu         ] GC(1384) User=0.00s Sys=0.00s Real=0.01s
[2026-06-17T09:54:35.412+0800][51.660s][info][gc,start       ] GC(1386) Pause Young (Allocation Failure)
[2026-06-17T09:54:35.412+0800][51.660s][info][gc,task        ] GC(1386) Using 2 workers of 18 for evacuation
[2026-06-17T09:54:35.413+0800][51.661s][info][gc,heap        ] GC(1386) ParNew: 17391K->2070K(19648K)
[2026-06-17T09:54:35.413+0800][51.661s][info][gc,heap        ] GC(1386) CMS: 31438K->32596K(43712K)
[2026-06-17T09:54:35.413+0800][51.661s][info][gc,metaspace   ] GC(1386) Metaspace: 3166K(4864K)->3166K(4864K) NonClass: 2861K(4352K)->2861K(4352K) Class: 305K(512K)->305K(512K)
[2026-06-17T09:54:35.413+0800][51.661s][info][gc             ] GC(1386) Pause Young (Allocation Failure) 47M->33M(61M) 1.589ms
[2026-06-17T09:54:35.413+0800][51.662s][info][gc,cpu         ] GC(1386) User=0.00s Sys=0.00s Real=0.00s
[2026-06-17T09:54:35.455+0800][51.704s][info][gc,start       ] GC(1387) Pause Young (Allocation Failure)
[2026-06-17T09:54:35.456+0800][51.704s][info][gc,task        ] GC(1387) Using 2 workers of 18 for evacuation
[2026-06-17T09:54:35.457+0800][51.705s][info][gc,heap        ] GC(1387) ParNew: 19541K->2175K(19648K)
[2026-06-17T09:54:35.457+0800][51.705s][info][gc,heap        ] GC(1387) CMS: 32596K->39504K(43712K)
[2026-06-17T09:54:35.457+0800][51.706s][info][gc,metaspace   ] GC(1387) Metaspace: 3166K(4864K)->3166K(4864K) NonClass: 2861K(4352K)->2861K(4352K) Class: 305K(512K)->305K(512K)
[2026-06-17T09:54:35.458+0800][51.706s][info][gc             ] GC(1387) Pause Young (Allocation Failure) 50M->40M(61M) 2.076ms
[2026-06-17T09:54:35.458+0800][51.706s][info][gc,cpu         ] GC(1387) User=0.00s Sys=0.00s Real=0.00s
[2026-06-17T09:54:35.458+0800][51.706s][info][gc,start       ] GC(1388) Pause Initial Mark
[2026-06-17T09:54:35.458+0800][51.706s][info][gc             ] GC(1388) Pause Initial Mark 41M->41M(61M) 0.210ms
[2026-06-17T09:54:35.458+0800][51.706s][info][gc,cpu         ] GC(1388) User=0.00s Sys=0.00s Real=0.00s
[2026-06-17T09:54:35.459+0800][51.707s][info][gc             ] GC(1388) Concurrent Mark
[2026-06-17T09:54:35.459+0800][51.707s][info][gc,task        ] GC(1388) Using 2 workers of 5 for marking
[2026-06-17T09:54:35.459+0800][51.708s][info][gc             ] GC(1388) Concurrent Mark 0.951ms
[2026-06-17T09:54:35.460+0800][51.708s][info][gc,cpu         ] GC(1388) User=0.00s Sys=0.00s Real=0.00s
[2026-06-17T09:54:35.460+0800][51.708s][info][gc             ] GC(1388) Concurrent Preclean
[2026-06-17T09:54:35.460+0800][51.708s][info][gc             ] GC(1388) Concurrent Preclean 0.274ms
[2026-06-17T09:54:35.460+0800][51.708s][info][gc,cpu         ] GC(1388) User=0.00s Sys=0.00s Real=0.00s
[2026-06-17T09:54:35.460+0800][51.709s][info][gc,start       ] GC(1388) Pause Remark
[2026-06-17T09:54:35.461+0800][51.709s][info][gc             ] GC(1388) Pause Remark 41M->41M(61M) 0.440ms
[2026-06-17T09:54:35.461+0800][51.709s][info][gc,cpu         ] GC(1388) User=0.00s Sys=0.00s Real=0.00s
[2026-06-17T09:54:35.461+0800][51.709s][info][gc             ] GC(1388) Concurrent Sweep
[2026-06-17T09:54:35.461+0800][51.710s][info][gc             ] GC(1388) Concurrent Sweep 0.264ms
[2026-06-17T09:54:35.462+0800][51.710s][info][gc,cpu         ] GC(1388) User=0.00s Sys=0.00s Real=0.00s
[2026-06-17T09:54:35.462+0800][51.710s][info][gc             ] GC(1388) Concurrent Reset
[2026-06-17T09:54:35.462+0800][51.710s][info][gc             ] GC(1388) Concurrent Reset 0.119ms
[2026-06-17T09:54:35.462+0800][51.710s][info][gc,cpu         ] GC(1388) User=0.00s Sys=0.00s Real=0.00s
[2026-06-17T09:54:35.462+0800][51.710s][info][gc,heap        ] GC(1388) Old: 39504K->20657K(43712K)
[2026-06-17T09:54:35.510+0800][51.758s][info][gc,start       ] GC(1389) Pause Young (Allocation Failure)
[2026-06-17T09:54:35.510+0800][51.758s][info][gc,task        ] GC(1389) Using 2 workers of 18 for evacuation
[2026-06-17T09:54:35.511+0800][51.759s][info][gc,heap        ] GC(1389) ParNew: 19600K->2150K(19648K)
[2026-06-17T09:54:35.511+0800][51.760s][info][gc,heap        ] GC(1389) CMS: 20657K->23430K(43712K)
[2026-06-17T09:54:35.512+0800][51.760s][info][gc,metaspace   ] GC(1389) Metaspace: 3166K(4864K)->3166K(4864K) NonClass: 2861K(4352K)->2861K(4352K) Class: 305K(512K)->305K(512K)
[2026-06-17T09:54:35.512+0800][51.760s][info][gc             ] GC(1389) Pause Young (Allocation Failure) 39M->24M(61M) 1.796ms
[2026-06-17T09:54:35.512+0800][51.760s][info][gc,cpu         ] GC(1389) User=0.00s Sys=0.00s Real=0.01s
[2026-06-17T09:54:35.544+0800][51.792s][info][gc,start       ] GC(1390) Pause Young (Allocation Failure)
[2026-06-17T09:54:35.544+0800][51.792s][info][gc,task        ] GC(1390) Using 2 workers of 18 for evacuation
[2026-06-17T09:54:35.547+0800][51.795s][info][gc,heap        ] GC(1390) ParNew: 19536K->2174K(19648K)
[2026-06-17T09:54:35.547+0800][51.795s][info][gc,heap        ] GC(1390) CMS: 23430K->26971K(43712K)
[2026-06-17T09:54:35.547+0800][51.795s][info][gc,metaspace   ] GC(1390) Metaspace: 3166K(4864K)->3166K(4864K) NonClass: 2861K(4352K)->2861K(4352K) Class: 305K(512K)->305K(512K)
[2026-06-17T09:54:35.547+0800][51.795s][info][gc             ] GC(1390) Pause Young (Allocation Failure) 41M->28M(61M) 3.376ms
[2026-06-17T09:54:35.547+0800][51.795s][info][gc,cpu         ] GC(1390) User=0.01s Sys=0.00s Real=0.00s
[2026-06-17T09:54:35.600+0800][51.848s][info][gc,start       ] GC(1391) Pause Young (Allocation Failure)
[2026-06-17T09:54:35.600+0800][51.848s][info][gc,task        ] GC(1391) Using 2 workers of 18 for evacuation
[2026-06-17T09:54:35.602+0800][51.850s][info][gc,heap        ] GC(1391) ParNew: 19626K->2173K(19648K)
[2026-06-17T09:54:35.602+0800][51.850s][info][gc,heap        ] GC(1391) CMS: 26971K->30766K(43712K)
[2026-06-17T09:54:35.602+0800][51.850s][info][gc,metaspace   ] GC(1391) Metaspace: 3166K(4864K)->3166K(4864K) NonClass: 2861K(4352K)->2861K(4352K) Class: 305K(512K)->305K(512K)
[2026-06-17T09:54:35.602+0800][51.851s][info][gc             ] GC(1391) Pause Young (Allocation Failure) 45M->32M(61M) 2.653ms
[2026-06-17T09:54:35.603+0800][51.851s][info][gc,cpu         ] GC(1391) User=0.00s Sys=0.00s Real=0.01s
[2026-06-17T09:54:35.645+0800][51.894s][info][gc,start       ] GC(1392) Pause Young (Allocation Failure)
[2026-06-17T09:54:35.646+0800][51.894s][info][gc,task        ] GC(1392) Using 2 workers of 18 for evacuation
[2026-06-17T09:54:35.647+0800][51.895s][info][gc,heap        ] GC(1392) ParNew: 19633K->2169K(19648K)
[2026-06-17T09:54:35.648+0800][51.896s][info][gc,heap        ] GC(1392) CMS: 30766K->35850K(43712K)
[2026-06-17T09:54:35.648+0800][51.896s][info][gc,metaspace   ] GC(1392) Metaspace: 3166K(4864K)->3166K(4864K) NonClass: 2861K(4352K)->2861K(4352K) Class: 305K(512K)->305K(512K)
[2026-06-17T09:54:35.648+0800][51.896s][info][gc             ] GC(1392) Pause Young (Allocation Failure) 49M->37M(61M) 2.754ms
[2026-06-17T09:54:35.648+0800][51.897s][info][gc,cpu         ] GC(1392) User=0.00s Sys=0.00s Real=0.00s
[2026-06-17T09:54:35.649+0800][51.897s][info][gc,start       ] GC(1393) Pause Initial Mark
[2026-06-17T09:54:35.649+0800][51.897s][info][gc             ] GC(1393) Pause Initial Mark 38M->38M(61M) 0.359ms
[2026-06-17T09:54:35.649+0800][51.898s][info][gc,cpu         ] GC(1393) User=0.00s Sys=0.00s Real=0.00s
[2026-06-17T09:54:35.650+0800][51.898s][info][gc             ] GC(1393) Concurrent Mark
[2026-06-17T09:54:35.650+0800][51.898s][info][gc,task        ] GC(1393) Using 2 workers of 5 for marking
[2026-06-17T09:54:35.651+0800][51.899s][info][gc             ] GC(1393) Concurrent Mark 1.113ms
[2026-06-17T09:54:35.651+0800][51.899s][info][gc,cpu         ] GC(1393) User=0.01s Sys=0.00s Real=0.01s
[2026-06-17T09:54:35.651+0800][51.899s][info][gc             ] GC(1393) Concurrent Preclean
[2026-06-17T09:54:35.651+0800][51.900s][info][gc             ] GC(1393) Concurrent Preclean 0.196ms
[2026-06-17T09:54:35.652+0800][51.900s][info][gc,cpu         ] GC(1393) User=0.00s Sys=0.00s Real=0.00s
[2026-06-17T09:54:35.652+0800][51.900s][info][gc             ] GC(1393) Concurrent Abortable Preclean
[2026-06-17T09:54:35.692+0800][51.940s][info][gc,start       ] GC(1394) Pause Young (Allocation Failure)
[2026-06-17T09:54:35.692+0800][51.940s][info][gc,task        ] GC(1394) Using 2 workers of 18 for evacuation
[2026-06-17T09:54:35.694+0800][51.942s][info][gc,heap        ] GC(1394) ParNew: 19641K->2174K(19648K)
[2026-06-17T09:54:35.694+0800][51.942s][info][gc,heap        ] GC(1394) CMS: 35850K->41888K(43712K)
[2026-06-17T09:54:35.694+0800][51.942s][info][gc,metaspace   ] GC(1394) Metaspace: 3166K(4864K)->3166K(4864K) NonClass: 2861K(4352K)->2861K(4352K) Class: 305K(512K)->305K(512K)
[2026-06-17T09:54:35.694+0800][51.943s][info][gc             ] GC(1394) Pause Young (Allocation Failure) 54M->43M(61M) 2.733ms
[2026-06-17T09:54:35.695+0800][51.943s][info][gc,cpu         ] GC(1394) User=0.00s Sys=0.00s Real=0.00s
[2026-06-17T09:54:35.695+0800][51.943s][info][gc             ] GC(1393) Concurrent Abortable Preclean 43.121ms
[2026-06-17T09:54:35.695+0800][51.943s][info][gc,cpu         ] GC(1393) User=0.00s Sys=0.00s Real=0.04s
[2026-06-17T09:54:35.695+0800][51.943s][info][gc,start       ] GC(1393) Pause Remark
[2026-06-17T09:54:35.696+0800][51.944s][info][gc             ] GC(1393) Pause Remark 45M->45M(61M) 0.627ms
[2026-06-17T09:54:35.696+0800][51.944s][info][gc,cpu         ] GC(1393) User=0.00s Sys=0.00s Real=0.00s
[2026-06-17T09:54:35.696+0800][51.945s][info][gc             ] GC(1393) Concurrent Sweep
[2026-06-17T09:54:35.697+0800][51.945s][info][gc             ] GC(1393) Concurrent Sweep 0.621ms
[2026-06-17T09:54:35.697+0800][51.945s][info][gc,cpu         ] GC(1393) User=0.00s Sys=0.00s Real=0.00s
[2026-06-17T09:54:35.698+0800][51.946s][info][gc             ] GC(1393) Concurrent Reset
[2026-06-17T09:54:35.698+0800][51.946s][info][gc             ] GC(1393) Concurrent Reset 0.176ms
[2026-06-17T09:54:35.698+0800][51.946s][info][gc,cpu         ] GC(1393) User=0.00s Sys=0.00s Real=0.00s
[2026-06-17T09:54:35.698+0800][51.946s][info][gc,heap        ] GC(1393) Old: 35850K->28713K(43712K)
[2026-06-17T09:54:35.737+0800][51.985s][info][gc,start       ] GC(1395) Pause Young (Allocation Failure)
[2026-06-17T09:54:35.737+0800][51.985s][info][gc,task        ] GC(1395) Using 2 workers of 18 for evacuation
[2026-06-17T09:54:35.739+0800][51.987s][info][gc,heap        ] GC(1395) ParNew: 19646K->2174K(19648K)
[2026-06-17T09:54:35.739+0800][51.987s][info][gc,heap        ] GC(1395) CMS: 28713K->33044K(43712K)
[2026-06-17T09:54:35.739+0800][51.987s][info][gc,metaspace   ] GC(1395) Metaspace: 3166K(4864K)->3166K(4864K) NonClass: 2861K(4352K)->2861K(4352K) Class: 305K(512K)->305K(512K)
[2026-06-17T09:54:35.740+0800][51.988s][info][gc             ] GC(1395) Pause Young (Allocation Failure) 47M->34M(61M) 2.750ms
[2026-06-17T09:54:35.740+0800][51.988s][info][gc,cpu         ] GC(1395) User=0.00s Sys=0.00s Real=0.00s
[2026-06-17T09:54:35.740+0800][51.988s][info][gc,start       ] GC(1396) Pause Initial Mark
[2026-06-17T09:54:35.741+0800][51.989s][info][gc             ] GC(1396) Pause Initial Mark 34M->34M(61M) 0.342ms
[2026-06-17T09:54:35.741+0800][51.989s][info][gc,cpu         ] GC(1396) User=0.00s Sys=0.00s Real=0.00s
[2026-06-17T09:54:35.741+0800][51.989s][info][gc             ] GC(1396) Concurrent Mark
[2026-06-17T09:54:35.742+0800][51.990s][info][gc,task        ] GC(1396) Using 2 workers of 5 for marking
[2026-06-17T09:54:35.743+0800][51.991s][info][gc             ] GC(1396) Concurrent Mark 1.870ms
[2026-06-17T09:54:35.743+0800][51.991s][info][gc,cpu         ] GC(1396) User=0.01s Sys=0.00s Real=0.01s
[2026-06-17T09:54:35.743+0800][51.991s][info][gc             ] GC(1396) Concurrent Preclean
[2026-06-17T09:54:35.743+0800][51.992s][info][gc             ] GC(1396) Concurrent Preclean 0.182ms
[2026-06-17T09:54:35.744+0800][51.992s][info][gc,cpu         ] GC(1396) User=0.00s Sys=0.00s Real=0.00s
[2026-06-17T09:54:35.744+0800][51.992s][info][gc,start       ] GC(1396) Pause Remark
[2026-06-17T09:54:35.744+0800][51.993s][info][gc             ] GC(1396) Pause Remark 34M->34M(61M) 0.562ms
[2026-06-17T09:54:35.745+0800][51.993s][info][gc,cpu         ] GC(1396) User=0.00s Sys=0.00s Real=0.00s
[2026-06-17T09:54:35.745+0800][51.993s][info][gc             ] GC(1396) Concurrent Sweep
[2026-06-17T09:54:35.745+0800][51.994s][info][gc             ] GC(1396) Concurrent Sweep 0.394ms
[2026-06-17T09:54:35.746+0800][51.994s][info][gc,cpu         ] GC(1396) User=0.00s Sys=0.00s Real=0.00s
[2026-06-17T09:54:35.746+0800][51.994s][info][gc             ] GC(1396) Concurrent Reset
[2026-06-17T09:54:35.746+0800][51.994s][info][gc             ] GC(1396) Concurrent Reset 0.143ms
[2026-06-17T09:54:35.746+0800][51.994s][info][gc,cpu         ] GC(1396) User=0.00s Sys=0.00s Real=0.00s
[2026-06-17T09:54:35.746+0800][51.994s][info][gc,heap        ] GC(1396) Old: 33044K->29870K(43712K)
[2026-06-17T09:54:35.782+0800][52.031s][info][gc,start       ] GC(1397) Pause Young (Allocation Failure)
[2026-06-17T09:54:35.783+0800][52.031s][info][gc,task        ] GC(1397) Using 2 workers of 18 for evacuation
[2026-06-17T09:54:35.784+0800][52.032s][info][gc,heap        ] GC(1397) ParNew: 19469K->2155K(19648K)
[2026-06-17T09:54:35.784+0800][52.032s][info][gc,heap        ] GC(1397) CMS: 29870K->31925K(43712K)
[2026-06-17T09:54:35.784+0800][52.032s][info][gc,metaspace   ] GC(1397) Metaspace: 3166K(4864K)->3166K(4864K) NonClass: 2861K(4352K)->2861K(4352K) Class: 305K(512K)->305K(512K)
[2026-06-17T09:54:35.785+0800][52.033s][info][gc             ] GC(1397) Pause Young (Allocation Failure) 48M->33M(61M) 2.325ms
[2026-06-17T09:54:35.785+0800][52.034s][info][gc,cpu         ] GC(1397) User=0.00s Sys=0.00s Real=0.01s
[2026-06-17T09:54:35.839+0800][52.087s][info][gc,start       ] GC(1398) Pause Young (Allocation Failure)
[2026-06-17T09:54:35.839+0800][52.087s][info][gc,task        ] GC(1398) Using 2 workers of 18 for evacuation
[2026-06-17T09:54:35.841+0800][52.089s][info][gc,heap        ] GC(1398) ParNew: 19627K->2094K(19648K)
[2026-06-17T09:54:35.841+0800][52.089s][info][gc,heap        ] GC(1398) CMS: 31925K->35972K(43712K)
[2026-06-17T09:54:35.841+0800][52.089s][info][gc,metaspace   ] GC(1398) Metaspace: 3166K(4864K)->3166K(4864K) NonClass: 2861K(4352K)->2861K(4352K) Class: 305K(512K)->305K(512K)
[2026-06-17T09:54:35.841+0800][52.090s][info][gc             ] GC(1398) Pause Young (Allocation Failure) 50M->37M(61M) 2.894ms
[2026-06-17T09:54:35.842+0800][52.090s][info][gc,cpu         ] GC(1398) User=0.00s Sys=0.00s Real=0.00s
[2026-06-17T09:54:35.842+0800][52.090s][info][gc,start       ] GC(1399) Pause Initial Mark
[2026-06-17T09:54:35.842+0800][52.090s][info][gc             ] GC(1399) Pause Initial Mark 38M->38M(61M) 0.259ms
[2026-06-17T09:54:35.842+0800][52.090s][info][gc,cpu         ] GC(1399) User=0.00s Sys=0.00s Real=0.00s
[2026-06-17T09:54:35.842+0800][52.091s][info][gc             ] GC(1399) Concurrent Mark
[2026-06-17T09:54:35.843+0800][52.091s][info][gc,task        ] GC(1399) Using 2 workers of 5 for marking
[2026-06-17T09:54:35.843+0800][52.091s][info][gc             ] GC(1399) Concurrent Mark 0.800ms
[2026-06-17T09:54:35.843+0800][52.092s][info][gc,cpu         ] GC(1399) User=0.00s Sys=0.00s Real=0.00s
[2026-06-17T09:54:35.844+0800][52.092s][info][gc             ] GC(1399) Concurrent Preclean
[2026-06-17T09:54:35.844+0800][52.092s][info][gc             ] GC(1399) Concurrent Preclean 0.142ms
[2026-06-17T09:54:35.844+0800][52.092s][info][gc,cpu         ] GC(1399) User=0.00s Sys=0.00s Real=0.00s
[2026-06-17T09:54:35.844+0800][52.092s][info][gc             ] GC(1399) Concurrent Abortable Preclean
[2026-06-17T09:54:35.885+0800][52.133s][info][gc,start       ] GC(1400) Pause Young (Allocation Failure)
[2026-06-17T09:54:35.885+0800][52.134s][info][gc,task        ] GC(1400) Using 2 workers of 18 for evacuation
[2026-06-17T09:54:35.887+0800][52.135s][info][gc,heap        ] GC(1400) ParNew: 19539K->2169K(19648K)
[2026-06-17T09:54:35.888+0800][52.136s][info][gc,heap        ] GC(1400) CMS: 35972K->39287K(43712K)
[2026-06-17T09:54:35.888+0800][52.137s][info][gc,metaspace   ] GC(1400) Metaspace: 3166K(4864K)->3166K(4864K) NonClass: 2861K(4352K)->2861K(4352K) Class: 305K(512K)->305K(512K)
[2026-06-17T09:54:35.889+0800][52.137s][info][gc             ] GC(1400) Pause Young (Allocation Failure) 54M->40M(61M) 4.136ms
[2026-06-17T09:54:35.889+0800][52.137s][info][gc,cpu         ] GC(1400) User=0.00s Sys=0.00s Real=0.00s
[2026-06-17T09:54:35.933+0800][52.181s][info][gc,start       ] GC(1401) Pause Young (Allocation Failure)
[2026-06-17T09:54:35.934+0800][52.182s][info][gc,task        ] GC(1401) Using 2 workers of 18 for evacuation
[2026-06-17T09:54:35.934+0800][52.182s][info][gc,start       ] GC(1402) Pause Full (Allocation Failure)
[2026-06-17T09:54:35.935+0800][52.183s][info][gc             ] GC(1399) Concurrent Abortable Preclean 91.048ms
[2026-06-17T09:54:35.936+0800][52.184s][info][gc,cpu         ] GC(1399) User=0.00s Sys=0.00s Real=0.09s
[2026-06-17T09:54:35.936+0800][52.184s][info][gc,phases,start] GC(1402) Phase 1: Mark live objects
[2026-06-17T09:54:35.938+0800][52.186s][info][gc,phases      ] GC(1402) Phase 1: Mark live objects 1.793ms
[2026-06-17T09:54:35.938+0800][52.187s][info][gc,phases,start] GC(1402) Phase 2: Compute new object addresses
[2026-06-17T09:54:35.939+0800][52.187s][info][gc,phases      ] GC(1402) Phase 2: Compute new object addresses 0.950ms
[2026-06-17T09:54:35.940+0800][52.188s][info][gc,phases,start] GC(1402) Phase 3: Adjust pointers
[2026-06-17T09:54:35.941+0800][52.189s][info][gc,phases      ] GC(1402) Phase 3: Adjust pointers 1.034ms
[2026-06-17T09:54:35.941+0800][52.189s][info][gc,phases,start] GC(1402) Phase 4: Move objects
[2026-06-17T09:54:35.945+0800][52.193s][info][gc,phases      ] GC(1402) Phase 4: Move objects 3.861ms
[2026-06-17T09:54:35.946+0800][52.194s][info][gc             ] GC(1402) Pause Full (Allocation Failure) 57M->21M(61M) 12.021ms
[2026-06-17T09:54:35.946+0800][52.194s][info][gc,heap        ] GC(1401) ParNew: 19641K->0K(19648K)
[2026-06-17T09:54:35.947+0800][52.195s][info][gc,heap        ] GC(1401) CMS: 39287K->21602K(43712K)
[2026-06-17T09:54:35.947+0800][52.195s][info][gc,metaspace   ] GC(1401) Metaspace: 3166K(4864K)->3166K(4864K) NonClass: 2861K(4352K)->2861K(4352K) Class: 305K(512K)->305K(512K)
[2026-06-17T09:54:35.947+0800][52.195s][info][gc             ] GC(1401) Pause Young (Allocation Failure) 57M->21M(61M) 14.056ms
[2026-06-17T09:54:35.947+0800][52.195s][info][gc,cpu         ] GC(1401) User=0.01s Sys=0.00s Real=0.01s
[2026-06-17T09:54:35.991+0800][52.239s][info][gc,start       ] GC(1403) Pause Young (Allocation Failure)
[2026-06-17T09:54:35.991+0800][52.239s][info][gc,task        ] GC(1403) Using 2 workers of 18 for evacuation
[2026-06-17T09:54:35.994+0800][52.242s][info][gc,heap        ] GC(1403) ParNew: 17461K->2172K(19648K)
[2026-06-17T09:54:35.994+0800][52.242s][info][gc,heap        ] GC(1403) CMS: 21602K->26758K(43712K)
[2026-06-17T09:54:35.994+0800][52.243s][info][gc,metaspace   ] GC(1403) Metaspace: 3166K(4864K)->3166K(4864K) NonClass: 2861K(4352K)->2861K(4352K) Class: 305K(512K)->305K(512K)
[2026-06-17T09:54:35.995+0800][52.243s][info][gc             ] GC(1403) Pause Young (Allocation Failure) 38M->28M(61M) 4.172ms
[2026-06-17T09:54:35.995+0800][52.243s][info][gc,cpu         ] GC(1403) User=0.00s Sys=0.00s Real=0.00s
[2026-06-17T09:54:36.038+0800][52.286s][info][gc,start       ] GC(1404) Pause Young (Allocation Failure)
[2026-06-17T09:54:36.038+0800][52.286s][info][gc,task        ] GC(1404) Using 2 workers of 18 for evacuation
[2026-06-17T09:54:36.039+0800][52.287s][info][gc,heap        ] GC(1404) ParNew: 19600K->2174K(19648K)
[2026-06-17T09:54:36.039+0800][52.287s][info][gc,heap        ] GC(1404) CMS: 26758K->32922K(43712K)
[2026-06-17T09:54:36.039+0800][52.288s][info][gc,metaspace   ] GC(1404) Metaspace: 3166K(4864K)->3166K(4864K) NonClass: 2861K(4352K)->2861K(4352K) Class: 305K(512K)->305K(512K)
[2026-06-17T09:54:36.040+0800][52.288s][info][gc             ] GC(1404) Pause Young (Allocation Failure) 45M->34M(61M) 1.950ms
[2026-06-17T09:54:36.040+0800][52.288s][info][gc,cpu         ] GC(1404) User=0.00s Sys=0.00s Real=0.00s
[2026-06-17T09:54:36.040+0800][52.288s][info][gc,start       ] GC(1405) Pause Initial Mark
[2026-06-17T09:54:36.040+0800][52.288s][info][gc             ] GC(1405) Pause Initial Mark 34M->34M(61M) 0.227ms
[2026-06-17T09:54:36.040+0800][52.288s][info][gc,cpu         ] GC(1405) User=0.00s Sys=0.00s Real=0.00s
[2026-06-17T09:54:36.041+0800][52.289s][info][gc             ] GC(1405) Concurrent Mark
[2026-06-17T09:54:36.041+0800][52.289s][info][gc,task        ] GC(1405) Using 2 workers of 5 for marking
[2026-06-17T09:54:36.041+0800][52.290s][info][gc             ] GC(1405) Concurrent Mark 0.875ms
[2026-06-17T09:54:36.042+0800][52.290s][info][gc,cpu         ] GC(1405) User=0.00s Sys=0.00s Real=0.00s
[2026-06-17T09:54:36.042+0800][52.290s][info][gc             ] GC(1405) Concurrent Preclean
[2026-06-17T09:54:36.042+0800][52.290s][info][gc             ] GC(1405) Concurrent Preclean 0.185ms
[2026-06-17T09:54:36.042+0800][52.291s][info][gc,cpu         ] GC(1405) User=0.00s Sys=0.00s Real=0.01s
[2026-06-17T09:54:36.043+0800][52.291s][info][gc,start       ] GC(1405) Pause Remark
[2026-06-17T09:54:36.043+0800][52.291s][info][gc             ] GC(1405) Pause Remark 35M->35M(61M) 0.480ms
[2026-06-17T09:54:36.044+0800][52.292s][info][gc,cpu         ] GC(1405) User=0.00s Sys=0.00s Real=0.00s
[2026-06-17T09:54:36.044+0800][52.292s][info][gc             ] GC(1405) Concurrent Sweep
[2026-06-17T09:54:36.044+0800][52.292s][info][gc             ] GC(1405) Concurrent Sweep 0.224ms
[2026-06-17T09:54:36.044+0800][52.292s][info][gc,cpu         ] GC(1405) User=0.00s Sys=0.00s Real=0.00s
[2026-06-17T09:54:36.045+0800][52.293s][info][gc             ] GC(1405) Concurrent Reset
[2026-06-17T09:54:36.045+0800][52.293s][info][gc             ] GC(1405) Concurrent Reset 0.145ms
[2026-06-17T09:54:36.045+0800][52.293s][info][gc,cpu         ] GC(1405) User=0.00s Sys=0.00s Real=0.00s
[2026-06-17T09:54:36.045+0800][52.293s][info][gc,heap        ] GC(1405) Old: 32922K->26194K(43712K)
[2026-06-17T09:54:36.092+0800][52.340s][info][gc,start       ] GC(1406) Pause Young (Allocation Failure)
[2026-06-17T09:54:36.094+0800][52.342s][info][gc,task        ] GC(1406) Using 2 workers of 18 for evacuation
[2026-06-17T09:54:36.095+0800][52.343s][info][gc,heap        ] GC(1406) ParNew: 19646K->2090K(19648K)
[2026-06-17T09:54:36.095+0800][52.343s][info][gc,heap        ] GC(1406) CMS: 26194K->29796K(43712K)
[2026-06-17T09:54:36.095+0800][52.343s][info][gc,metaspace   ] GC(1406) Metaspace: 3166K(4864K)->3166K(4864K) NonClass: 2861K(4352K)->2861K(4352K) Class: 305K(512K)->305K(512K)
[2026-06-17T09:54:36.095+0800][52.344s][info][gc             ] GC(1406) Pause Young (Allocation Failure) 44M->31M(61M) 3.040ms
[2026-06-17T09:54:36.096+0800][52.344s][info][gc,cpu         ] GC(1406) User=0.00s Sys=0.00s Real=0.00s
[2026-06-17T09:54:36.138+0800][52.386s][info][gc,start       ] GC(1407) Pause Young (Allocation Failure)
[2026-06-17T09:54:36.138+0800][52.386s][info][gc,task        ] GC(1407) Using 2 workers of 18 for evacuation
[2026-06-17T09:54:36.139+0800][52.387s][info][gc,heap        ] GC(1407) ParNew: 19562K->2170K(19648K)
[2026-06-17T09:54:36.139+0800][52.388s][info][gc,heap        ] GC(1407) CMS: 29796K->33303K(43712K)
[2026-06-17T09:54:36.140+0800][52.388s][info][gc,metaspace   ] GC(1407) Metaspace: 3166K(4864K)->3166K(4864K) NonClass: 2861K(4352K)->2861K(4352K) Class: 305K(512K)->305K(512K)
[2026-06-17T09:54:36.140+0800][52.388s][info][gc             ] GC(1407) Pause Young (Allocation Failure) 48M->34M(61M) 2.106ms
[2026-06-17T09:54:36.140+0800][52.388s][info][gc,cpu         ] GC(1407) User=0.00s Sys=0.00s Real=0.00s
[2026-06-17T09:54:36.140+0800][52.388s][info][gc,start       ] GC(1408) Pause Initial Mark
[2026-06-17T09:54:36.140+0800][52.389s][info][gc             ] GC(1408) Pause Initial Mark 35M->35M(61M) 0.278ms
[2026-06-17T09:54:36.141+0800][52.389s][info][gc,cpu         ] GC(1408) User=0.00s Sys=0.00s Real=0.00s
[2026-06-17T09:54:36.141+0800][52.389s][info][gc             ] GC(1408) Concurrent Mark
[2026-06-17T09:54:36.141+0800][52.389s][info][gc,task        ] GC(1408) Using 2 workers of 5 for marking
[2026-06-17T09:54:36.142+0800][52.390s][info][gc             ] GC(1408) Concurrent Mark 0.918ms
[2026-06-17T09:54:36.142+0800][52.390s][info][gc,cpu         ] GC(1408) User=0.00s Sys=0.00s Real=0.00s
[2026-06-17T09:54:36.142+0800][52.390s][info][gc             ] GC(1408) Concurrent Preclean
[2026-06-17T09:54:36.142+0800][52.390s][info][gc             ] GC(1408) Concurrent Preclean 0.178ms
[2026-06-17T09:54:36.143+0800][52.391s][info][gc,cpu         ] GC(1408) User=0.00s Sys=0.00s Real=0.01s
[2026-06-17T09:54:36.143+0800][52.391s][info][gc             ] GC(1408) Concurrent Abortable Preclean
[2026-06-17T09:54:36.183+0800][52.431s][info][gc,start       ] GC(1409) Pause Young (Allocation Failure)
[2026-06-17T09:54:36.183+0800][52.431s][info][gc,task        ] GC(1409) Using 2 workers of 18 for evacuation
[2026-06-17T09:54:36.184+0800][52.432s][info][gc,heap        ] GC(1409) ParNew: 19621K->2173K(19648K)
[2026-06-17T09:54:36.185+0800][52.433s][info][gc,heap        ] GC(1409) CMS: 33303K->38190K(43712K)
[2026-06-17T09:54:36.185+0800][52.433s][info][gc,metaspace   ] GC(1409) Metaspace: 3166K(4864K)->3166K(4864K) NonClass: 2861K(4352K)->2861K(4352K) Class: 305K(512K)->305K(512K)
[2026-06-17T09:54:36.185+0800][52.433s][info][gc             ] GC(1409) Pause Young (Allocation Failure) 51M->39M(61M) 2.620ms
[2026-06-17T09:54:36.186+0800][52.434s][info][gc,cpu         ] GC(1409) User=0.00s Sys=0.00s Real=0.00s
[2026-06-17T09:54:36.229+0800][52.477s][info][gc,start       ] GC(1410) Pause Young (Allocation Failure)
[2026-06-17T09:54:36.230+0800][52.478s][info][gc,task        ] GC(1410) Using 2 workers of 18 for evacuation
[2026-06-17T09:54:36.231+0800][52.479s][info][gc,start       ] GC(1411) Pause Full (Allocation Failure)
[2026-06-17T09:54:36.232+0800][52.480s][info][gc             ] GC(1408) Concurrent Abortable Preclean 89.073ms
[2026-06-17T09:54:36.233+0800][52.481s][info][gc,cpu         ] GC(1408) User=0.00s Sys=0.00s Real=0.09s
[2026-06-17T09:54:36.233+0800][52.482s][info][gc,phases,start] GC(1411) Phase 1: Mark live objects
[2026-06-17T09:54:36.236+0800][52.484s][info][gc,phases      ] GC(1411) Phase 1: Mark live objects 2.156ms
[2026-06-17T09:54:36.237+0800][52.485s][info][gc,phases,start] GC(1411) Phase 2: Compute new object addresses
[2026-06-17T09:54:36.238+0800][52.486s][info][gc,phases      ] GC(1411) Phase 2: Compute new object addresses 1.398ms
[2026-06-17T09:54:36.239+0800][52.487s][info][gc,phases,start] GC(1411) Phase 3: Adjust pointers
[2026-06-17T09:54:36.240+0800][52.488s][info][gc,phases      ] GC(1411) Phase 3: Adjust pointers 1.294ms
[2026-06-17T09:54:36.241+0800][52.489s][info][gc,phases,start] GC(1411) Phase 4: Move objects
[2026-06-17T09:54:36.246+0800][52.494s][info][gc,phases      ] GC(1411) Phase 4: Move objects 4.847ms
[2026-06-17T09:54:36.246+0800][52.495s][info][gc             ] GC(1411) Pause Full (Allocation Failure) 56M->29M(61M) 15.704ms
[2026-06-17T09:54:36.248+0800][52.496s][info][gc,heap        ] GC(1410) ParNew: 19606K->0K(19648K)
[2026-06-17T09:54:36.248+0800][52.496s][info][gc,heap        ] GC(1410) CMS: 38190K->30618K(43712K)
[2026-06-17T09:54:36.250+0800][52.498s][info][gc,metaspace   ] GC(1410) Metaspace: 3166K(4864K)->3166K(4864K) NonClass: 2861K(4352K)->2861K(4352K) Class: 305K(512K)->305K(512K)
[2026-06-17T09:54:36.251+0800][52.499s][info][gc             ] GC(1410) Pause Young (Allocation Failure) 56M->29M(61M) 22.118ms
[2026-06-17T09:54:36.252+0800][52.500s][info][gc,cpu         ] GC(1410) User=0.01s Sys=0.00s Real=0.03s
[2026-06-17T09:54:36.297+0800][52.545s][info][gc,start       ] GC(1412) Pause Young (Allocation Failure)
[2026-06-17T09:54:36.299+0800][52.547s][info][gc,task        ] GC(1412) Using 2 workers of 18 for evacuation
[2026-06-17T09:54:36.302+0800][52.550s][info][gc,heap        ] GC(1412) ParNew: 17383K->2094K(19648K)
[2026-06-17T09:54:36.303+0800][52.551s][info][gc,heap        ] GC(1412) CMS: 30618K->31874K(43712K)
[2026-06-17T09:54:36.305+0800][52.553s][info][gc,metaspace   ] GC(1412) Metaspace: 3166K(4864K)->3166K(4864K) NonClass: 2861K(4352K)->2861K(4352K) Class: 305K(512K)->305K(512K)
[2026-06-17T09:54:36.306+0800][52.554s][info][gc             ] GC(1412) Pause Young (Allocation Failure) 46M->33M(61M) 8.365ms
[2026-06-17T09:54:36.306+0800][52.554s][info][gc,cpu         ] GC(1412) User=0.01s Sys=0.00s Real=0.01s
[2026-06-17T09:54:36.349+0800][52.597s][info][gc,start       ] GC(1413) Pause Young (Allocation Failure)
[2026-06-17T09:54:36.349+0800][52.597s][info][gc,task        ] GC(1413) Using 2 workers of 18 for evacuation
[2026-06-17T09:54:36.351+0800][52.599s][info][gc,heap        ] GC(1413) ParNew: 19566K->2173K(19648K)
[2026-06-17T09:54:36.351+0800][52.599s][info][gc,heap        ] GC(1413) CMS: 31874K->38775K(43712K)
[2026-06-17T09:54:36.351+0800][52.599s][info][gc,metaspace   ] GC(1413) Metaspace: 3166K(4864K)->3166K(4864K) NonClass: 2861K(4352K)->2861K(4352K) Class: 305K(512K)->305K(512K)
[2026-06-17T09:54:36.352+0800][52.600s][info][gc             ] GC(1413) Pause Young (Allocation Failure) 50M->39M(61M) 2.728ms
[2026-06-17T09:54:36.352+0800][52.600s][info][gc,cpu         ] GC(1413) User=0.00s Sys=0.00s Real=0.01s
[2026-06-17T09:54:36.352+0800][52.600s][info][gc,start       ] GC(1414) Pause Initial Mark
[2026-06-17T09:54:36.353+0800][52.601s][info][gc             ] GC(1414) Pause Initial Mark 40M->40M(61M) 0.414ms
[2026-06-17T09:54:36.353+0800][52.601s][info][gc,cpu         ] GC(1414) User=0.00s Sys=0.00s Real=0.00s
[2026-06-17T09:54:36.353+0800][52.602s][info][gc             ] GC(1414) Concurrent Mark
[2026-06-17T09:54:36.354+0800][52.602s][info][gc,task        ] GC(1414) Using 2 workers of 5 for marking
[2026-06-17T09:54:36.354+0800][52.603s][info][gc             ] GC(1414) Concurrent Mark 1.043ms
[2026-06-17T09:54:36.355+0800][52.603s][info][gc,cpu         ] GC(1414) User=0.00s Sys=0.01s Real=0.00s
[2026-06-17T09:54:36.355+0800][52.603s][info][gc             ] GC(1414) Concurrent Preclean
[2026-06-17T09:54:36.355+0800][52.604s][info][gc             ] GC(1414) Concurrent Preclean 0.308ms
[2026-06-17T09:54:36.356+0800][52.604s][info][gc,cpu         ] GC(1414) User=0.00s Sys=0.00s Real=0.00s
[2026-06-17T09:54:36.356+0800][52.604s][info][gc,start       ] GC(1414) Pause Remark
[2026-06-17T09:54:36.357+0800][52.605s][info][gc             ] GC(1414) Pause Remark 40M->40M(61M) 0.665ms
[2026-06-17T09:54:36.357+0800][52.605s][info][gc,cpu         ] GC(1414) User=0.00s Sys=0.00s Real=0.00s
[2026-06-17T09:54:36.357+0800][52.605s][info][gc             ] GC(1414) Concurrent Sweep
[2026-06-17T09:54:36.358+0800][52.606s][info][gc             ] GC(1414) Concurrent Sweep 0.452ms
[2026-06-17T09:54:36.358+0800][52.606s][info][gc,cpu         ] GC(1414) User=0.00s Sys=0.00s Real=0.00s
[2026-06-17T09:54:36.359+0800][52.607s][info][gc             ] GC(1414) Concurrent Reset
[2026-06-17T09:54:36.359+0800][52.607s][info][gc             ] GC(1414) Concurrent Reset 0.294ms
[2026-06-17T09:54:36.359+0800][52.607s][info][gc,cpu         ] GC(1414) User=0.00s Sys=0.00s Real=0.00s
[2026-06-17T09:54:36.359+0800][52.607s][info][gc,heap        ] GC(1414) Old: 38775K->25950K(43712K)
[2026-06-17T09:54:36.404+0800][52.652s][info][gc,start       ] GC(1415) Pause Young (Allocation Failure)
[2026-06-17T09:54:36.405+0800][52.653s][info][gc,task        ] GC(1415) Using 2 workers of 18 for evacuation
[2026-06-17T09:54:36.406+0800][52.654s][info][gc,heap        ] GC(1415) ParNew: 19645K->2171K(19648K)
[2026-06-17T09:54:36.406+0800][52.655s][info][gc,heap        ] GC(1415) CMS: 25950K->28730K(43712K)
[2026-06-17T09:54:36.407+0800][52.655s][info][gc,metaspace   ] GC(1415) Metaspace: 3166K(4864K)->3166K(4864K) NonClass: 2861K(4352K)->2861K(4352K) Class: 305K(512K)->305K(512K)
[2026-06-17T09:54:36.408+0800][52.656s][info][gc             ] GC(1415) Pause Young (Allocation Failure) 44M->30M(61M) 3.555ms
[2026-06-17T09:54:36.408+0800][52.656s][info][gc,cpu         ] GC(1415) User=0.00s Sys=0.00s Real=0.00s
[2026-06-17T09:54:36.440+0800][52.688s][info][gc,start       ] GC(1416) Pause Young (Allocation Failure)
[2026-06-17T09:54:36.441+0800][52.689s][info][gc,task        ] GC(1416) Using 2 workers of 18 for evacuation
[2026-06-17T09:54:36.442+0800][52.690s][info][gc,heap        ] GC(1416) ParNew: 19413K->2116K(19648K)
[2026-06-17T09:54:36.442+0800][52.690s][info][gc,heap        ] GC(1416) CMS: 28730K->32637K(43712K)
[2026-06-17T09:54:36.443+0800][52.691s][info][gc,metaspace   ] GC(1416) Metaspace: 3166K(4864K)->3166K(4864K) NonClass: 2861K(4352K)->2861K(4352K) Class: 305K(512K)->305K(512K)
[2026-06-17T09:54:36.443+0800][52.691s][info][gc             ] GC(1416) Pause Young (Allocation Failure) 47M->33M(61M) 2.623ms
[2026-06-17T09:54:36.443+0800][52.691s][info][gc,cpu         ] GC(1416) User=0.00s Sys=0.00s Real=0.01s
[2026-06-17T09:54:36.496+0800][52.744s][info][gc,start       ] GC(1417) Pause Young (Allocation Failure)
[2026-06-17T09:54:36.496+0800][52.744s][info][gc,task        ] GC(1417) Using 2 workers of 18 for evacuation
[2026-06-17T09:54:36.497+0800][52.745s][info][gc,heap        ] GC(1417) ParNew: 19544K->2134K(19648K)
[2026-06-17T09:54:36.497+0800][52.745s][info][gc,heap        ] GC(1417) CMS: 32637K->35647K(43712K)
[2026-06-17T09:54:36.497+0800][52.745s][info][gc,metaspace   ] GC(1417) Metaspace: 3166K(4864K)->3166K(4864K) NonClass: 2861K(4352K)->2861K(4352K) Class: 305K(512K)->305K(512K)
[2026-06-17T09:54:36.497+0800][52.746s][info][gc             ] GC(1417) Pause Young (Allocation Failure) 50M->36M(61M) 1.543ms
[2026-06-17T09:54:36.497+0800][52.746s][info][gc,cpu         ] GC(1417) User=0.00s Sys=0.00s Real=0.00s
[2026-06-17T09:54:36.498+0800][52.746s][info][gc,start       ] GC(1418) Pause Initial Mark
[2026-06-17T09:54:36.498+0800][52.746s][info][gc             ] GC(1418) Pause Initial Mark 38M->38M(61M) 0.180ms
[2026-06-17T09:54:36.498+0800][52.746s][info][gc,cpu         ] GC(1418) User=0.00s Sys=0.00s Real=0.00s
[2026-06-17T09:54:36.498+0800][52.746s][info][gc             ] GC(1418) Concurrent Mark
[2026-06-17T09:54:36.498+0800][52.747s][info][gc,task        ] GC(1418) Using 2 workers of 5 for marking
[2026-06-17T09:54:36.499+0800][52.747s][info][gc             ] GC(1418) Concurrent Mark 0.885ms
[2026-06-17T09:54:36.499+0800][52.747s][info][gc,cpu         ] GC(1418) User=0.00s Sys=0.00s Real=0.00s
[2026-06-17T09:54:36.499+0800][52.748s][info][gc             ] GC(1418) Concurrent Preclean
[2026-06-17T09:54:36.500+0800][52.748s][info][gc             ] GC(1418) Concurrent Preclean 0.156ms
[2026-06-17T09:54:36.500+0800][52.748s][info][gc,cpu         ] GC(1418) User=0.00s Sys=0.00s Real=0.00s
[2026-06-17T09:54:36.500+0800][52.748s][info][gc             ] GC(1418) Concurrent Abortable Preclean
[2026-06-17T09:54:36.540+0800][52.788s][info][gc,start       ] GC(1419) Pause Young (Allocation Failure)
[2026-06-17T09:54:36.540+0800][52.789s][info][gc,task        ] GC(1419) Using 2 workers of 18 for evacuation
[2026-06-17T09:54:36.541+0800][52.790s][info][gc,heap        ] GC(1419) ParNew: 19606K->2173K(19648K)
[2026-06-17T09:54:36.541+0800][52.790s][info][gc,heap        ] GC(1419) CMS: 35647K->38980K(43712K)
[2026-06-17T09:54:36.542+0800][52.790s][info][gc,metaspace   ] GC(1419) Metaspace: 3166K(4864K)->3166K(4864K) NonClass: 2861K(4352K)->2861K(4352K) Class: 305K(512K)->305K(512K)
[2026-06-17T09:54:36.542+0800][52.790s][info][gc             ] GC(1419) Pause Young (Allocation Failure) 53M->40M(61M) 1.655ms
[2026-06-17T09:54:36.542+0800][52.790s][info][gc,cpu         ] GC(1419) User=0.01s Sys=0.00s Real=0.00s
[2026-06-17T09:54:36.584+0800][52.832s][info][gc,start       ] GC(1420) Pause Young (Allocation Failure)
[2026-06-17T09:54:36.584+0800][52.832s][info][gc,task        ] GC(1420) Using 2 workers of 18 for evacuation
[2026-06-17T09:54:36.585+0800][52.833s][info][gc,promotion   ] Promotion failed
[2026-06-17T09:54:36.585+0800][52.833s][info][gc,start       ] GC(1421) Pause Full (Allocation Failure)
[2026-06-17T09:54:36.585+0800][52.834s][info][gc             ] GC(1418) Concurrent Abortable Preclean 85.550ms
[2026-06-17T09:54:36.586+0800][52.834s][info][gc,cpu         ] GC(1418) User=0.01s Sys=0.00s Real=0.09s
[2026-06-17T09:54:36.586+0800][52.834s][info][gc,phases,start] GC(1421) Phase 1: Mark live objects
[2026-06-17T09:54:36.587+0800][52.835s][info][gc,phases      ] GC(1421) Phase 1: Mark live objects 0.951ms
[2026-06-17T09:54:36.587+0800][52.835s][info][gc,phases,start] GC(1421) Phase 2: Compute new object addresses
[2026-06-17T09:54:36.587+0800][52.836s][info][gc,phases      ] GC(1421) Phase 2: Compute new object addresses 0.426ms
[2026-06-17T09:54:36.588+0800][52.836s][info][gc,phases,start] GC(1421) Phase 3: Adjust pointers
[2026-06-17T09:54:36.588+0800][52.836s][info][gc,phases      ] GC(1421) Phase 3: Adjust pointers 0.395ms
[2026-06-17T09:54:36.588+0800][52.836s][info][gc,phases,start] GC(1421) Phase 4: Move objects
[2026-06-17T09:54:36.591+0800][52.839s][info][gc,phases      ] GC(1421) Phase 4: Move objects 2.410ms
[2026-06-17T09:54:36.591+0800][52.839s][info][gc             ] GC(1421) Pause Full (Allocation Failure) 61M->26M(61M) 6.001ms
[2026-06-17T09:54:36.591+0800][52.840s][info][gc,heap        ] GC(1420) ParNew: 19587K->0K(19648K)
[2026-06-17T09:54:36.592+0800][52.840s][info][gc,heap        ] GC(1420) CMS: 38980K->27292K(43712K)
[2026-06-17T09:54:36.592+0800][52.840s][info][gc,metaspace   ] GC(1420) Metaspace: 3166K(4864K)->3166K(4864K) NonClass: 2861K(4352K)->2861K(4352K) Class: 305K(512K)->305K(512K)
[2026-06-17T09:54:36.592+0800][52.840s][info][gc             ] GC(1420) Pause Young (Allocation Failure) 57M->26M(61M) 8.192ms
[2026-06-17T09:54:36.592+0800][52.840s][info][gc,cpu         ] GC(1420) User=0.00s Sys=0.00s Real=0.01s
[2026-06-17T09:54:36.644+0800][52.892s][info][gc,start       ] GC(1422) Pause Young (Allocation Failure)
[2026-06-17T09:54:36.645+0800][52.893s][info][gc,task        ] GC(1422) Using 2 workers of 18 for evacuation
[2026-06-17T09:54:36.646+0800][52.894s][info][gc,heap        ] GC(1422) ParNew: 17463K->2173K(19648K)
[2026-06-17T09:54:36.647+0800][52.895s][info][gc,heap        ] GC(1422) CMS: 27292K->29088K(43712K)
[2026-06-17T09:54:36.647+0800][52.895s][info][gc,metaspace   ] GC(1422) Metaspace: 3166K(4864K)->3166K(4864K) NonClass: 2861K(4352K)->2861K(4352K) Class: 305K(512K)->305K(512K)
[2026-06-17T09:54:36.647+0800][52.896s][info][gc             ] GC(1422) Pause Young (Allocation Failure) 43M->30M(61M) 3.272ms
[2026-06-17T09:54:36.648+0800][52.896s][info][gc,cpu         ] GC(1422) User=0.01s Sys=0.00s Real=0.00s
[2026-06-17T09:54:36.690+0800][52.938s][info][gc,start       ] GC(1423) Pause Young (Allocation Failure)
[2026-06-17T09:54:36.691+0800][52.939s][info][gc,task        ] GC(1423) Using 2 workers of 18 for evacuation
[2026-06-17T09:54:36.694+0800][52.942s][info][gc,heap        ] GC(1423) ParNew: 19588K->2149K(19648K)
[2026-06-17T09:54:36.697+0800][52.946s][info][gc,heap        ] GC(1423) CMS: 29088K->32855K(43712K)
[2026-06-17T09:54:36.698+0800][52.946s][info][gc,metaspace   ] GC(1423) Metaspace: 3166K(4864K)->3166K(4864K) NonClass: 2861K(4352K)->2861K(4352K) Class: 305K(512K)->305K(512K)
[2026-06-17T09:54:36.698+0800][52.947s][info][gc             ] GC(1423) Pause Young (Allocation Failure) 47M->34M(61M) 8.815ms
[2026-06-17T09:54:36.699+0800][52.947s][info][gc,cpu         ] GC(1423) User=0.00s Sys=0.00s Real=0.01s
[2026-06-17T09:54:36.741+0800][52.989s][info][gc,start       ] GC(1424) Pause Young (Allocation Failure)
[2026-06-17T09:54:36.742+0800][52.990s][info][gc,task        ] GC(1424) Using 2 workers of 18 for evacuation
[2026-06-17T09:54:36.742+0800][52.991s][info][gc,heap        ] GC(1424) ParNew: 19606K->2170K(19648K)
[2026-06-17T09:54:36.743+0800][52.991s][info][gc,heap        ] GC(1424) CMS: 32855K->36365K(43712K)
[2026-06-17T09:54:36.743+0800][52.991s][info][gc,metaspace   ] GC(1424) Metaspace: 3166K(4864K)->3166K(4864K) NonClass: 2861K(4352K)->2861K(4352K) Class: 305K(512K)->305K(512K)
[2026-06-17T09:54:36.743+0800][52.991s][info][gc             ] GC(1424) Pause Young (Allocation Failure) 51M->37M(61M) 1.866ms
[2026-06-17T09:54:36.743+0800][52.991s][info][gc,cpu         ] GC(1424) User=0.00s Sys=0.00s Real=0.01s
[2026-06-17T09:54:36.744+0800][52.992s][info][gc,start       ] GC(1425) Pause Initial Mark
[2026-06-17T09:54:36.744+0800][52.992s][info][gc             ] GC(1425) Pause Initial Mark 38M->38M(61M) 0.315ms
[2026-06-17T09:54:36.744+0800][52.992s][info][gc,cpu         ] GC(1425) User=0.00s Sys=0.00s Real=0.00s
[2026-06-17T09:54:36.745+0800][52.993s][info][gc             ] GC(1425) Concurrent Mark
[2026-06-17T09:54:36.745+0800][52.993s][info][gc,task        ] GC(1425) Using 2 workers of 5 for marking
[2026-06-17T09:54:36.746+0800][52.994s][info][gc             ] GC(1425) Concurrent Mark 1.710ms
[2026-06-17T09:54:36.746+0800][52.995s][info][gc,cpu         ] GC(1425) User=0.00s Sys=0.00s Real=0.00s
[2026-06-17T09:54:36.747+0800][52.995s][info][gc             ] GC(1425) Concurrent Preclean
[2026-06-17T09:54:36.747+0800][52.995s][info][gc             ] GC(1425) Concurrent Preclean 0.127ms
[2026-06-17T09:54:36.747+0800][52.995s][info][gc,cpu         ] GC(1425) User=0.00s Sys=0.00s Real=0.00s
[2026-06-17T09:54:36.747+0800][52.995s][info][gc,start       ] GC(1425) Pause Remark
[2026-06-17T09:54:36.748+0800][52.996s][info][gc             ] GC(1425) Pause Remark 39M->39M(61M) 0.664ms
[2026-06-17T09:54:36.748+0800][52.996s][info][gc,cpu         ] GC(1425) User=0.00s Sys=0.00s Real=0.00s
[2026-06-17T09:54:36.748+0800][52.996s][info][gc             ] GC(1425) Concurrent Sweep
[2026-06-17T09:54:36.749+0800][52.997s][info][gc             ] GC(1425) Concurrent Sweep 0.283ms
[2026-06-17T09:54:36.749+0800][52.997s][info][gc,cpu         ] GC(1425) User=0.00s Sys=0.00s Real=0.00s
[2026-06-17T09:54:36.749+0800][52.997s][info][gc             ] GC(1425) Concurrent Reset
[2026-06-17T09:54:36.749+0800][52.997s][info][gc             ] GC(1425) Concurrent Reset 0.240ms
[2026-06-17T09:54:36.749+0800][52.998s][info][gc,cpu         ] GC(1425) User=0.00s Sys=0.00s Real=0.00s
[2026-06-17T09:54:36.750+0800][52.998s][info][gc,heap        ] GC(1425) Old: 36365K->21928K(43712K)
[2026-06-17T09:54:36.786+0800][53.034s][info][gc,start       ] GC(1426) Pause Young (Allocation Failure)
[2026-06-17T09:54:36.787+0800][53.035s][info][gc,task        ] GC(1426) Using 2 workers of 18 for evacuation
[2026-06-17T09:54:36.788+0800][53.036s][info][gc,heap        ] GC(1426) ParNew: 19597K->2172K(19648K)
[2026-06-17T09:54:36.788+0800][53.036s][info][gc,heap        ] GC(1426) CMS: 21928K->25843K(43712K)
[2026-06-17T09:54:36.788+0800][53.036s][info][gc,metaspace   ] GC(1426) Metaspace: 3166K(4864K)->3166K(4864K) NonClass: 2861K(4352K)->2861K(4352K) Class: 305K(512K)->305K(512K)
[2026-06-17T09:54:36.788+0800][53.036s][info][gc             ] GC(1426) Pause Young (Allocation Failure) 40M->27M(61M) 1.691ms
[2026-06-17T09:54:36.788+0800][53.036s][info][gc,cpu         ] GC(1426) User=0.00s Sys=0.00s Real=0.00s
[2026-06-17T09:54:36.830+0800][53.078s][info][gc,start       ] GC(1427) Pause Young (Allocation Failure)
[2026-06-17T09:54:36.831+0800][53.079s][info][gc,task        ] GC(1427) Using 2 workers of 18 for evacuation
[2026-06-17T09:54:36.832+0800][53.080s][info][gc,heap        ] GC(1427) ParNew: 19641K->2174K(19648K)
[2026-06-17T09:54:36.840+0800][53.088s][info][gc,heap        ] GC(1427) CMS: 25843K->30999K(43712K)
[2026-06-17T09:54:36.840+0800][53.088s][info][gc,metaspace   ] GC(1427) Metaspace: 3166K(4864K)->3166K(4864K) NonClass: 2861K(4352K)->2861K(4352K) Class: 305K(512K)->305K(512K)
[2026-06-17T09:54:36.854+0800][53.102s][info][gc             ] GC(1427) Pause Young (Allocation Failure) 44M->32M(61M) 23.343ms
[2026-06-17T09:54:36.858+0800][53.106s][info][gc,cpu         ] GC(1427) User=0.00s Sys=0.00s Real=0.03s
[2026-06-17T09:54:36.901+0800][53.149s][info][gc,start       ] GC(1428) Pause Young (Allocation Failure)
[2026-06-17T09:54:36.902+0800][53.150s][info][gc,task        ] GC(1428) Using 2 workers of 18 for evacuation
[2026-06-17T09:54:36.904+0800][53.152s][info][gc,heap        ] GC(1428) ParNew: 19646K->2174K(19648K)
[2026-06-17T09:54:36.904+0800][53.152s][info][gc,heap        ] GC(1428) CMS: 30999K->36213K(43712K)
[2026-06-17T09:54:36.904+0800][53.152s][info][gc,metaspace   ] GC(1428) Metaspace: 3166K(4864K)->3166K(4864K) NonClass: 2861K(4352K)->2861K(4352K) Class: 305K(512K)->305K(512K)
[2026-06-17T09:54:36.904+0800][53.152s][info][gc             ] GC(1428) Pause Young (Allocation Failure) 49M->37M(61M) 3.209ms
[2026-06-17T09:54:36.904+0800][53.153s][info][gc,cpu         ] GC(1428) User=0.00s Sys=0.00s Real=0.01s
[2026-06-17T09:54:36.905+0800][53.153s][info][gc,start       ] GC(1429) Pause Initial Mark
[2026-06-17T09:54:36.905+0800][53.154s][info][gc             ] GC(1429) Pause Initial Mark 38M->38M(61M) 0.502ms
[2026-06-17T09:54:36.906+0800][53.154s][info][gc,cpu         ] GC(1429) User=0.00s Sys=0.00s Real=0.00s
[2026-06-17T09:54:36.906+0800][53.154s][info][gc             ] GC(1429) Concurrent Mark
[2026-06-17T09:54:36.906+0800][53.154s][info][gc,task        ] GC(1429) Using 2 workers of 5 for marking
[2026-06-17T09:54:36.908+0800][53.156s][info][gc             ] GC(1429) Concurrent Mark 1.458ms
[2026-06-17T09:54:36.908+0800][53.156s][info][gc,cpu         ] GC(1429) User=0.01s Sys=0.00s Real=0.00s
[2026-06-17T09:54:36.908+0800][53.156s][info][gc             ] GC(1429) Concurrent Preclean
[2026-06-17T09:54:36.908+0800][53.156s][info][gc             ] GC(1429) Concurrent Preclean 0.203ms
[2026-06-17T09:54:36.908+0800][53.157s][info][gc,cpu         ] GC(1429) User=0.00s Sys=0.00s Real=0.00s
[2026-06-17T09:54:36.909+0800][53.157s][info][gc,start       ] GC(1429) Pause Remark
[2026-06-17T09:54:36.909+0800][53.157s][info][gc             ] GC(1429) Pause Remark 38M->38M(61M) 0.653ms
[2026-06-17T09:54:36.909+0800][53.158s][info][gc,cpu         ] GC(1429) User=0.00s Sys=0.00s Real=0.00s
[2026-06-17T09:54:36.910+0800][53.158s][info][gc             ] GC(1429) Concurrent Sweep
[2026-06-17T09:54:36.910+0800][53.158s][info][gc             ] GC(1429) Concurrent Sweep 0.546ms
[2026-06-17T09:54:36.911+0800][53.159s][info][gc,cpu         ] GC(1429) User=0.00s Sys=0.00s Real=0.01s
[2026-06-17T09:54:36.911+0800][53.159s][info][gc             ] GC(1429) Concurrent Reset
[2026-06-17T09:54:36.911+0800][53.159s][info][gc             ] GC(1429) Concurrent Reset 0.214ms
[2026-06-17T09:54:36.911+0800][53.159s][info][gc,cpu         ] GC(1429) User=0.00s Sys=0.00s Real=0.00s
[2026-06-17T09:54:36.911+0800][53.160s][info][gc,heap        ] GC(1429) Old: 36213K->22851K(43712K)
[2026-06-17T09:54:36.947+0800][53.196s][info][gc,start       ] GC(1430) Pause Young (Allocation Failure)
[2026-06-17T09:54:36.948+0800][53.196s][info][gc,task        ] GC(1430) Using 2 workers of 18 for evacuation
[2026-06-17T09:54:36.950+0800][53.198s][info][gc,heap        ] GC(1430) ParNew: 19529K->2172K(19648K)
[2026-06-17T09:54:36.950+0800][53.198s][info][gc,heap        ] GC(1430) CMS: 22851K->24219K(43712K)
[2026-06-17T09:54:36.951+0800][53.199s][info][gc,metaspace   ] GC(1430) Metaspace: 3166K(4864K)->3166K(4864K) NonClass: 2861K(4352K)->2861K(4352K) Class: 305K(512K)->305K(512K)
[2026-06-17T09:54:36.951+0800][53.199s][info][gc             ] GC(1430) Pause Young (Allocation Failure) 41M->25M(61M) 3.535ms
[2026-06-17T09:54:36.951+0800][53.199s][info][gc,cpu         ] GC(1430) User=0.00s Sys=0.00s Real=0.01s
[2026-06-17T09:54:37.006+0800][53.254s][info][gc,start       ] GC(1431) Pause Young (Allocation Failure)
[2026-06-17T09:54:37.007+0800][53.255s][info][gc,task        ] GC(1431) Using 2 workers of 18 for evacuation
[2026-06-17T09:54:37.009+0800][53.257s][info][gc,heap        ] GC(1431) ParNew: 19631K->2048K(19648K)
[2026-06-17T09:54:37.009+0800][53.258s][info][gc,heap        ] GC(1431) CMS: 24219K->27761K(43712K)
[2026-06-17T09:54:37.010+0800][53.258s][info][gc,metaspace   ] GC(1431) Metaspace: 3166K(4864K)->3166K(4864K) NonClass: 2861K(4352K)->2861K(4352K) Class: 305K(512K)->305K(512K)
[2026-06-17T09:54:37.011+0800][53.259s][info][gc             ] GC(1431) Pause Young (Allocation Failure) 42M->29M(61M) 4.591ms
[2026-06-17T09:54:37.011+0800][53.260s][info][gc,cpu         ] GC(1431) User=0.00s Sys=0.01s Real=0.01s
[2026-06-17T09:54:37.056+0800][53.304s][info][gc,start       ] GC(1432) Pause Young (Allocation Failure)
[2026-06-17T09:54:37.058+0800][53.306s][info][gc,task        ] GC(1432) Using 2 workers of 18 for evacuation
[2026-06-17T09:54:37.060+0800][53.308s][info][gc,heap        ] GC(1432) ParNew: 19520K->2170K(19648K)
[2026-06-17T09:54:37.060+0800][53.309s][info][gc,heap        ] GC(1432) CMS: 27761K->30652K(43712K)
[2026-06-17T09:54:37.061+0800][53.309s][info][gc,metaspace   ] GC(1432) Metaspace: 3166K(4864K)->3166K(4864K) NonClass: 2861K(4352K)->2861K(4352K) Class: 305K(512K)->305K(512K)
[2026-06-17T09:54:37.061+0800][53.310s][info][gc             ] GC(1432) Pause Young (Allocation Failure) 46M->32M(61M) 5.742ms
[2026-06-17T09:54:37.062+0800][53.310s][info][gc,cpu         ] GC(1432) User=0.00s Sys=0.00s Real=0.00s
[2026-06-17T09:54:37.105+0800][53.353s][info][gc,start       ] GC(1433) Pause Young (Allocation Failure)
[2026-06-17T09:54:37.106+0800][53.354s][info][gc,task        ] GC(1433) Using 2 workers of 18 for evacuation
[2026-06-17T09:54:37.108+0800][53.356s][info][gc,heap        ] GC(1433) ParNew: 19630K->2059K(19648K)
[2026-06-17T09:54:37.108+0800][53.356s][info][gc,heap        ] GC(1433) CMS: 30652K->35561K(43712K)
[2026-06-17T09:54:37.109+0800][53.357s][info][gc,metaspace   ] GC(1433) Metaspace: 3166K(4864K)->3166K(4864K) NonClass: 2861K(4352K)->2861K(4352K) Class: 305K(512K)->305K(512K)
[2026-06-17T09:54:37.109+0800][53.357s][info][gc             ] GC(1433) Pause Young (Allocation Failure) 49M->36M(61M) 3.715ms
[2026-06-17T09:54:37.109+0800][53.357s][info][gc,cpu         ] GC(1433) User=0.01s Sys=0.00s Real=0.00s
[2026-06-17T09:54:37.110+0800][53.358s][info][gc,start       ] GC(1434) Pause Initial Mark
[2026-06-17T09:54:37.110+0800][53.358s][info][gc             ] GC(1434) Pause Initial Mark 37M->37M(61M) 0.407ms
[2026-06-17T09:54:37.110+0800][53.359s][info][gc,cpu         ] GC(1434) User=0.00s Sys=0.00s Real=0.00s
[2026-06-17T09:54:37.111+0800][53.359s][info][gc             ] GC(1434) Concurrent Mark
[2026-06-17T09:54:37.111+0800][53.359s][info][gc,task        ] GC(1434) Using 2 workers of 5 for marking
[2026-06-17T09:54:37.112+0800][53.360s][info][gc             ] GC(1434) Concurrent Mark 1.535ms
[2026-06-17T09:54:37.113+0800][53.361s][info][gc,cpu         ] GC(1434) User=0.00s Sys=0.00s Real=0.00s
[2026-06-17T09:54:37.113+0800][53.361s][info][gc             ] GC(1434) Concurrent Preclean
[2026-06-17T09:54:37.113+0800][53.361s][info][gc             ] GC(1434) Concurrent Preclean 0.266ms
[2026-06-17T09:54:37.113+0800][53.361s][info][gc,cpu         ] GC(1434) User=0.00s Sys=0.00s Real=0.00s
[2026-06-17T09:54:37.113+0800][53.362s][info][gc             ] GC(1434) Concurrent Abortable Preclean
[2026-06-17T09:54:37.153+0800][53.401s][info][gc,start       ] GC(1435) Pause Young (Allocation Failure)
[2026-06-17T09:54:37.153+0800][53.401s][info][gc,task        ] GC(1435) Using 2 workers of 18 for evacuation
[2026-06-17T09:54:37.154+0800][53.402s][info][gc,heap        ] GC(1435) ParNew: 19531K->2167K(19648K)
[2026-06-17T09:54:37.155+0800][53.403s][info][gc,heap        ] GC(1435) CMS: 35561K->38979K(43712K)
[2026-06-17T09:54:37.155+0800][53.403s][info][gc,metaspace   ] GC(1435) Metaspace: 3166K(4864K)->3166K(4864K) NonClass: 2861K(4352K)->2861K(4352K) Class: 305K(512K)->305K(512K)
[2026-06-17T09:54:37.156+0800][53.404s][info][gc             ] GC(1435) Pause Young (Allocation Failure) 53M->40M(61M) 2.990ms
[2026-06-17T09:54:37.156+0800][53.404s][info][gc,cpu         ] GC(1435) User=0.00s Sys=0.00s Real=0.00s
[2026-06-17T09:54:37.198+0800][53.446s][info][gc,start       ] GC(1436) Pause Young (Allocation Failure)
[2026-06-17T09:54:37.199+0800][53.447s][info][gc,task        ] GC(1436) Using 2 workers of 18 for evacuation
[2026-06-17T09:54:37.199+0800][53.448s][info][gc,start       ] GC(1437) Pause Full (Allocation Failure)
[2026-06-17T09:54:37.200+0800][53.448s][info][gc             ] GC(1434) Concurrent Abortable Preclean 86.450ms
[2026-06-17T09:54:37.200+0800][53.449s][info][gc,cpu         ] GC(1434) User=0.00s Sys=0.00s Real=0.08s
[2026-06-17T09:54:37.201+0800][53.449s][info][gc,phases,start] GC(1437) Phase 1: Mark live objects
[2026-06-17T09:54:37.202+0800][53.450s][info][gc,phases      ] GC(1437) Phase 1: Mark live objects 1.017ms
[2026-06-17T09:54:37.203+0800][53.451s][info][gc,phases,start] GC(1437) Phase 2: Compute new object addresses
[2026-06-17T09:54:37.203+0800][53.452s][info][gc,phases      ] GC(1437) Phase 2: Compute new object addresses 0.661ms
[2026-06-17T09:54:37.204+0800][53.452s][info][gc,phases,start] GC(1437) Phase 3: Adjust pointers
[2026-06-17T09:54:37.204+0800][53.453s][info][gc,phases      ] GC(1437) Phase 3: Adjust pointers 0.689ms
[2026-06-17T09:54:37.205+0800][53.453s][info][gc,phases,start] GC(1437) Phase 4: Move objects
[2026-06-17T09:54:37.207+0800][53.455s][info][gc,phases      ] GC(1437) Phase 4: Move objects 2.484ms
[2026-06-17T09:54:37.208+0800][53.456s][info][gc             ] GC(1437) Pause Full (Allocation Failure) 56M->28M(61M) 8.421ms
[2026-06-17T09:54:37.208+0800][53.456s][info][gc,heap        ] GC(1436) ParNew: 19371K->0K(19648K)
[2026-06-17T09:54:37.209+0800][53.457s][info][gc,heap        ] GC(1436) CMS: 38979K->29026K(43712K)
[2026-06-17T09:54:37.209+0800][53.457s][info][gc,metaspace   ] GC(1436) Metaspace: 3166K(4864K)->3166K(4864K) NonClass: 2861K(4352K)->2861K(4352K) Class: 305K(512K)->305K(512K)
[2026-06-17T09:54:37.209+0800][53.458s][info][gc             ] GC(1436) Pause Young (Allocation Failure) 56M->28M(61M) 11.035ms
[2026-06-17T09:54:37.210+0800][53.458s][info][gc,cpu         ] GC(1436) User=0.01s Sys=0.00s Real=0.01s
[2026-06-17T09:54:37.252+0800][53.500s][info][gc,start       ] GC(1438) Pause Young (Allocation Failure)
[2026-06-17T09:54:37.253+0800][53.501s][info][gc,task        ] GC(1438) Using 2 workers of 18 for evacuation
[2026-06-17T09:54:37.254+0800][53.502s][info][gc,heap        ] GC(1438) ParNew: 17450K->2172K(19648K)
[2026-06-17T09:54:37.254+0800][53.503s][info][gc,heap        ] GC(1438) CMS: 29026K->33924K(43712K)
[2026-06-17T09:54:37.255+0800][53.503s][info][gc,metaspace   ] GC(1438) Metaspace: 3166K(4864K)->3166K(4864K) NonClass: 2861K(4352K)->2861K(4352K) Class: 305K(512K)->305K(512K)
[2026-06-17T09:54:37.256+0800][53.504s][info][gc             ] GC(1438) Pause Young (Allocation Failure) 45M->35M(61M) 3.530ms
[2026-06-17T09:54:37.256+0800][53.504s][info][gc,cpu         ] GC(1438) User=0.00s Sys=0.00s Real=0.00s
[2026-06-17T09:54:37.257+0800][53.505s][info][gc,start       ] GC(1439) Pause Initial Mark
[2026-06-17T09:54:37.257+0800][53.506s][info][gc             ] GC(1439) Pause Initial Mark 35M->35M(61M) 0.608ms
[2026-06-17T09:54:37.258+0800][53.506s][info][gc,cpu         ] GC(1439) User=0.00s Sys=0.00s Real=0.00s
[2026-06-17T09:54:37.258+0800][53.507s][info][gc             ] GC(1439) Concurrent Mark
[2026-06-17T09:54:37.259+0800][53.507s][info][gc,task        ] GC(1439) Using 2 workers of 5 for marking
[2026-06-17T09:54:37.260+0800][53.508s][info][gc             ] GC(1439) Concurrent Mark 1.320ms
[2026-06-17T09:54:37.260+0800][53.508s][info][gc,cpu         ] GC(1439) User=0.00s Sys=0.00s Real=0.00s
[2026-06-17T09:54:37.261+0800][53.509s][info][gc             ] GC(1439) Concurrent Preclean
[2026-06-17T09:54:37.261+0800][53.509s][info][gc             ] GC(1439) Concurrent Preclean 0.371ms
[2026-06-17T09:54:37.261+0800][53.510s][info][gc,cpu         ] GC(1439) User=0.00s Sys=0.00s Real=0.00s
[2026-06-17T09:54:37.262+0800][53.510s][info][gc             ] GC(1439) Concurrent Abortable Preclean
[2026-06-17T09:54:37.300+0800][53.548s][info][gc,start       ] GC(1440) Pause Young (Allocation Failure)
[2026-06-17T09:54:37.300+0800][53.549s][info][gc,task        ] GC(1440) Using 2 workers of 18 for evacuation
[2026-06-17T09:54:37.301+0800][53.549s][info][gc,heap        ] GC(1440) ParNew: 19644K->2174K(19648K)
[2026-06-17T09:54:37.302+0800][53.550s][info][gc,heap        ] GC(1440) CMS: 33924K->38648K(43712K)
[2026-06-17T09:54:37.302+0800][53.550s][info][gc,metaspace   ] GC(1440) Metaspace: 3166K(4864K)->3166K(4864K) NonClass: 2861K(4352K)->2861K(4352K) Class: 305K(512K)->305K(512K)
[2026-06-17T09:54:37.302+0800][53.550s][info][gc             ] GC(1440) Pause Young (Allocation Failure) 52M->39M(61M) 1.805ms
[2026-06-17T09:54:37.302+0800][53.550s][info][gc,cpu         ] GC(1440) User=0.00s Sys=0.00s Real=0.00s
[2026-06-17T09:54:37.344+0800][53.592s][info][gc,start       ] GC(1441) Pause Young (Allocation Failure)
[2026-06-17T09:54:37.345+0800][53.593s][info][gc,task        ] GC(1441) Using 2 workers of 18 for evacuation
[2026-06-17T09:54:37.346+0800][53.594s][info][gc,start       ] GC(1442) Pause Full (Allocation Failure)
[2026-06-17T09:54:37.346+0800][53.594s][info][gc             ] GC(1439) Concurrent Abortable Preclean 83.885ms
[2026-06-17T09:54:37.346+0800][53.594s][info][gc,cpu         ] GC(1439) User=0.00s Sys=0.00s Real=0.09s
[2026-06-17T09:54:37.347+0800][53.595s][info][gc,phases,start] GC(1442) Phase 1: Mark live objects
[2026-06-17T09:54:37.347+0800][53.595s][info][gc,phases      ] GC(1442) Phase 1: Mark live objects 0.712ms
[2026-06-17T09:54:37.348+0800][53.596s][info][gc,phases,start] GC(1442) Phase 2: Compute new object addresses
[2026-06-17T09:54:37.348+0800][53.596s][info][gc,phases      ] GC(1442) Phase 2: Compute new object addresses 0.404ms
[2026-06-17T09:54:37.348+0800][53.596s][info][gc,phases,start] GC(1442) Phase 3: Adjust pointers
[2026-06-17T09:54:37.349+0800][53.597s][info][gc,phases      ] GC(1442) Phase 3: Adjust pointers 0.453ms
[2026-06-17T09:54:37.349+0800][53.597s][info][gc,phases,start] GC(1442) Phase 4: Move objects
[2026-06-17T09:54:37.351+0800][53.600s][info][gc,phases      ] GC(1442) Phase 4: Move objects 2.502ms
[2026-06-17T09:54:37.352+0800][53.600s][info][gc             ] GC(1442) Pause Full (Allocation Failure) 56M->29M(61M) 6.420ms
[2026-06-17T09:54:37.352+0800][53.600s][info][gc,heap        ] GC(1441) ParNew: 19465K->0K(19648K)
[2026-06-17T09:54:37.352+0800][53.600s][info][gc,heap        ] GC(1441) CMS: 38648K->30574K(43712K)
[2026-06-17T09:54:37.352+0800][53.601s][info][gc,metaspace   ] GC(1441) Metaspace: 3166K(4864K)->3166K(4864K) NonClass: 2861K(4352K)->2861K(4352K) Class: 305K(512K)->305K(512K)
[2026-06-17T09:54:37.353+0800][53.601s][info][gc             ] GC(1441) Pause Young (Allocation Failure) 56M->29M(61M) 8.421ms
[2026-06-17T09:54:37.353+0800][53.601s][info][gc,cpu         ] GC(1441) User=0.01s Sys=0.00s Real=0.01s
[2026-06-17T09:54:37.405+0800][53.653s][info][gc,start       ] GC(1443) Pause Young (Allocation Failure)
[2026-06-17T09:54:37.406+0800][53.654s][info][gc,task        ] GC(1443) Using 2 workers of 18 for evacuation
[2026-06-17T09:54:37.407+0800][53.655s][info][gc,heap        ] GC(1443) ParNew: 17422K->2173K(19648K)
[2026-06-17T09:54:37.409+0800][53.657s][info][gc,heap        ] GC(1443) CMS: 30574K->31925K(43712K)
[2026-06-17T09:54:37.420+0800][53.668s][info][gc,metaspace   ] GC(1443) Metaspace: 3166K(4864K)->3166K(4864K) NonClass: 2861K(4352K)->2861K(4352K) Class: 305K(512K)->305K(512K)
[2026-06-17T09:54:37.422+0800][53.670s][info][gc             ] GC(1443) Pause Young (Allocation Failure) 46M->33M(61M) 16.601ms
[2026-06-17T09:54:37.422+0800][53.671s][info][gc,cpu         ] GC(1443) User=0.00s Sys=0.00s Real=0.01s
[2026-06-17T09:54:37.465+0800][53.713s][info][gc,start       ] GC(1444) Pause Young (Allocation Failure)
[2026-06-17T09:54:37.467+0800][53.715s][info][gc,task        ] GC(1444) Using 2 workers of 18 for evacuation
[2026-06-17T09:54:37.469+0800][53.717s][info][gc,heap        ] GC(1444) ParNew: 19637K->2172K(19648K)
[2026-06-17T09:54:37.470+0800][53.718s][info][gc,heap        ] GC(1444) CMS: 31925K->35563K(43712K)
[2026-06-17T09:54:37.470+0800][53.718s][info][gc,metaspace   ] GC(1444) Metaspace: 3166K(4864K)->3166K(4864K) NonClass: 2861K(4352K)->2861K(4352K) Class: 305K(512K)->305K(512K)
[2026-06-17T09:54:37.470+0800][53.718s][info][gc             ] GC(1444) Pause Young (Allocation Failure) 50M->36M(61M) 5.355ms
[2026-06-17T09:54:37.470+0800][53.719s][info][gc,cpu         ] GC(1444) User=0.00s Sys=0.00s Real=0.00s
[2026-06-17T09:54:37.471+0800][53.719s][info][gc,start       ] GC(1445) Pause Initial Mark
[2026-06-17T09:54:37.471+0800][53.719s][info][gc             ] GC(1445) Pause Initial Mark 37M->37M(61M) 0.348ms
[2026-06-17T09:54:37.471+0800][53.719s][info][gc,cpu         ] GC(1445) User=0.00s Sys=0.00s Real=0.00s
[2026-06-17T09:54:37.472+0800][53.720s][info][gc             ] GC(1445) Concurrent Mark
[2026-06-17T09:54:37.472+0800][53.720s][info][gc,task        ] GC(1445) Using 2 workers of 5 for marking
[2026-06-17T09:54:37.473+0800][53.721s][info][gc             ] GC(1445) Concurrent Mark 1.471ms
[2026-06-17T09:54:37.473+0800][53.722s][info][gc,cpu         ] GC(1445) User=0.00s Sys=0.00s Real=0.00s
[2026-06-17T09:54:37.475+0800][53.723s][info][gc             ] GC(1445) Concurrent Preclean
[2026-06-17T09:54:37.476+0800][53.724s][info][gc             ] GC(1445) Concurrent Preclean 0.870ms
[2026-06-17T09:54:37.476+0800][53.724s][info][gc,cpu         ] GC(1445) User=0.00s Sys=0.00s Real=0.00s
[2026-06-17T09:54:37.476+0800][53.725s][info][gc             ] GC(1445) Concurrent Abortable Preclean
[2026-06-17T09:54:37.514+0800][53.762s][info][gc,start       ] GC(1446) Pause Young (Allocation Failure)
[2026-06-17T09:54:37.514+0800][53.762s][info][gc,task        ] GC(1446) Using 2 workers of 18 for evacuation
[2026-06-17T09:54:37.516+0800][53.764s][info][gc,heap        ] GC(1446) ParNew: 19617K->2143K(19648K)
[2026-06-17T09:54:37.516+0800][53.764s][info][gc,heap        ] GC(1446) CMS: 35563K->39646K(43712K)
[2026-06-17T09:54:37.517+0800][53.765s][info][gc,metaspace   ] GC(1446) Metaspace: 3166K(4864K)->3166K(4864K) NonClass: 2861K(4352K)->2861K(4352K) Class: 305K(512K)->305K(512K)
[2026-06-17T09:54:37.517+0800][53.765s][info][gc             ] GC(1446) Pause Young (Allocation Failure) 53M->40M(61M) 3.479ms
[2026-06-17T09:54:37.518+0800][53.766s][info][gc,cpu         ] GC(1446) User=0.00s Sys=0.00s Real=0.00s
[2026-06-17T09:54:37.560+0800][53.809s][info][gc,start       ] GC(1447) Pause Young (Allocation Failure)
[2026-06-17T09:54:37.561+0800][53.809s][info][gc,task        ] GC(1447) Using 2 workers of 18 for evacuation
[2026-06-17T09:54:37.562+0800][53.810s][info][gc,start       ] GC(1448) Pause Full (Allocation Failure)
[2026-06-17T09:54:37.562+0800][53.811s][info][gc             ] GC(1445) Concurrent Abortable Preclean 86.048ms
[2026-06-17T09:54:37.563+0800][53.811s][info][gc,cpu         ] GC(1445) User=0.00s Sys=0.00s Real=0.09s
[2026-06-17T09:54:37.564+0800][53.812s][info][gc,phases,start] GC(1448) Phase 1: Mark live objects
[2026-06-17T09:54:37.565+0800][53.813s][info][gc,phases      ] GC(1448) Phase 1: Mark live objects 1.095ms
[2026-06-17T09:54:37.565+0800][53.814s][info][gc,phases,start] GC(1448) Phase 2: Compute new object addresses
[2026-06-17T09:54:37.567+0800][53.815s][info][gc,phases      ] GC(1448) Phase 2: Compute new object addresses 1.157ms
[2026-06-17T09:54:37.567+0800][53.815s][info][gc,phases,start] GC(1448) Phase 3: Adjust pointers
[2026-06-17T09:54:37.568+0800][53.816s][info][gc,phases      ] GC(1448) Phase 3: Adjust pointers 0.892ms
[2026-06-17T09:54:37.569+0800][53.817s][info][gc,phases,start] GC(1448) Phase 4: Move objects
[2026-06-17T09:54:37.572+0800][53.820s][info][gc,phases      ] GC(1448) Phase 4: Move objects 3.316ms
[2026-06-17T09:54:37.573+0800][53.821s][info][gc             ] GC(1448) Pause Full (Allocation Failure) 57M->29M(61M) 10.839ms
[2026-06-17T09:54:37.573+0800][53.821s][info][gc,heap        ] GC(1447) ParNew: 19560K->0K(19648K)
[2026-06-17T09:54:37.574+0800][53.822s][info][gc,heap        ] GC(1447) CMS: 39646K->29760K(43712K)
[2026-06-17T09:54:37.574+0800][53.822s][info][gc,metaspace   ] GC(1447) Metaspace: 3166K(4864K)->3166K(4864K) NonClass: 2861K(4352K)->2861K(4352K) Class: 305K(512K)->305K(512K)
[2026-06-17T09:54:37.575+0800][53.823s][info][gc             ] GC(1447) Pause Young (Allocation Failure) 57M->29M(61M) 14.228ms
[2026-06-17T09:54:37.575+0800][53.823s][info][gc,cpu         ] GC(1447) User=0.01s Sys=0.00s Real=0.02s
[2026-06-17T09:54:37.618+0800][53.866s][info][gc,start       ] GC(1449) Pause Young (Allocation Failure)
[2026-06-17T09:54:37.618+0800][53.866s][info][gc,task        ] GC(1449) Using 2 workers of 18 for evacuation
[2026-06-17T09:54:37.619+0800][53.867s][info][gc,heap        ] GC(1449) ParNew: 17278K->2049K(19648K)
[2026-06-17T09:54:37.619+0800][53.867s][info][gc,heap        ] GC(1449) CMS: 29760K->30928K(43712K)
[2026-06-17T09:54:37.619+0800][53.867s][info][gc,metaspace   ] GC(1449) Metaspace: 3166K(4864K)->3166K(4864K) NonClass: 2861K(4352K)->2861K(4352K) Class: 305K(512K)->305K(512K)
[2026-06-17T09:54:37.619+0800][53.867s][info][gc             ] GC(1449) Pause Young (Allocation Failure) 45M->32M(61M) 1.664ms
[2026-06-17T09:54:37.619+0800][53.868s][info][gc,cpu         ] GC(1449) User=0.00s Sys=0.00s Real=0.00s
[2026-06-17T09:54:37.662+0800][53.910s][info][gc,start       ] GC(1450) Pause Young (Allocation Failure)
[2026-06-17T09:54:37.662+0800][53.910s][info][gc,task        ] GC(1450) Using 2 workers of 18 for evacuation
[2026-06-17T09:54:37.663+0800][53.912s][info][gc,heap        ] GC(1450) ParNew: 19521K->2063K(19648K)
[2026-06-17T09:54:37.664+0800][53.912s][info][gc,heap        ] GC(1450) CMS: 30928K->34231K(43712K)
[2026-06-17T09:54:37.664+0800][53.912s][info][gc,metaspace   ] GC(1450) Metaspace: 3166K(4864K)->3166K(4864K) NonClass: 2861K(4352K)->2861K(4352K) Class: 305K(512K)->305K(512K)
[2026-06-17T09:54:37.664+0800][53.912s][info][gc             ] GC(1450) Pause Young (Allocation Failure) 49M->35M(61M) 2.756ms
[2026-06-17T09:54:37.664+0800][53.913s][info][gc,cpu         ] GC(1450) User=0.00s Sys=0.00s Real=0.01s
[2026-06-17T09:54:37.719+0800][53.967s][info][gc,start       ] GC(1451) Pause Young (Allocation Failure)
[2026-06-17T09:54:37.720+0800][53.968s][info][gc,task        ] GC(1451) Using 2 workers of 18 for evacuation
[2026-06-17T09:54:37.722+0800][53.970s][info][gc,heap        ] GC(1451) ParNew: 19525K->2165K(19648K)
[2026-06-17T09:54:37.723+0800][53.971s][info][gc,heap        ] GC(1451) CMS: 34231K->37872K(43712K)
[2026-06-17T09:54:37.724+0800][53.972s][info][gc,metaspace   ] GC(1451) Metaspace: 3166K(4864K)->3166K(4864K) NonClass: 2861K(4352K)->2861K(4352K) Class: 305K(512K)->305K(512K)
[2026-06-17T09:54:37.724+0800][53.972s][info][gc             ] GC(1451) Pause Young (Allocation Failure) 52M->39M(61M) 5.474ms
[2026-06-17T09:54:37.725+0800][53.973s][info][gc,cpu         ] GC(1451) User=0.01s Sys=0.00s Real=0.01s
[2026-06-17T09:54:37.726+0800][53.974s][info][gc,start       ] GC(1452) Pause Initial Mark
[2026-06-17T09:54:37.726+0800][53.975s][info][gc             ] GC(1452) Pause Initial Mark 40M->40M(61M) 0.699ms
[2026-06-17T09:54:37.727+0800][53.975s][info][gc,cpu         ] GC(1452) User=0.00s Sys=0.00s Real=0.00s
[2026-06-17T09:54:37.727+0800][53.976s][info][gc             ] GC(1452) Concurrent Mark
[2026-06-17T09:54:37.728+0800][53.976s][info][gc,task        ] GC(1452) Using 2 workers of 5 for marking
[2026-06-17T09:54:37.729+0800][53.978s][info][gc             ] GC(1452) Concurrent Mark 2.058ms
[2026-06-17T09:54:37.730+0800][53.978s][info][gc,cpu         ] GC(1452) User=0.00s Sys=0.00s Real=0.00s
[2026-06-17T09:54:37.730+0800][53.978s][info][gc             ] GC(1452) Concurrent Preclean
[2026-06-17T09:54:37.731+0800][53.979s][info][gc             ] GC(1452) Concurrent Preclean 0.370ms
[2026-06-17T09:54:37.731+0800][53.979s][info][gc,cpu         ] GC(1452) User=0.00s Sys=0.00s Real=0.01s
[2026-06-17T09:54:37.731+0800][53.979s][info][gc             ] GC(1452) Concurrent Abortable Preclean
[2026-06-17T09:54:37.770+0800][54.019s][info][gc,start       ] GC(1453) Pause Young (Allocation Failure)
[2026-06-17T09:54:37.771+0800][54.019s][info][gc,task        ] GC(1453) Using 2 workers of 18 for evacuation
[2026-06-17T09:54:37.773+0800][54.022s][info][gc,heap        ] GC(1453) ParNew: 19634K->2121K(19648K)
[2026-06-17T09:54:37.774+0800][54.022s][info][gc,heap        ] GC(1453) CMS: 37872K->41969K(43712K)
[2026-06-17T09:54:37.774+0800][54.022s][info][gc,metaspace   ] GC(1453) Metaspace: 3166K(4864K)->3166K(4864K) NonClass: 2861K(4352K)->2861K(4352K) Class: 305K(512K)->305K(512K)
[2026-06-17T09:54:37.775+0800][54.023s][info][gc             ] GC(1453) Pause Young (Allocation Failure) 56M->43M(61M) 4.365ms
[2026-06-17T09:54:37.775+0800][54.023s][info][gc,cpu         ] GC(1453) User=0.00s Sys=0.00s Real=0.01s
[2026-06-17T09:54:37.776+0800][54.024s][info][gc             ] GC(1452) Concurrent Abortable Preclean 44.457ms
[2026-06-17T09:54:37.776+0800][54.025s][info][gc,cpu         ] GC(1452) User=0.01s Sys=0.00s Real=0.04s
[2026-06-17T09:54:37.777+0800][54.025s][info][gc,start       ] GC(1452) Pause Remark
[2026-06-17T09:54:37.778+0800][54.026s][info][gc             ] GC(1452) Pause Remark 45M->45M(61M) 1.224ms
[2026-06-17T09:54:37.779+0800][54.027s][info][gc,cpu         ] GC(1452) User=0.00s Sys=0.00s Real=0.00s
[2026-06-17T09:54:37.779+0800][54.027s][info][gc             ] GC(1452) Concurrent Sweep
[2026-06-17T09:54:37.780+0800][54.028s][info][gc             ] GC(1452) Concurrent Sweep 0.740ms
[2026-06-17T09:54:37.780+0800][54.028s][info][gc,cpu         ] GC(1452) User=0.00s Sys=0.00s Real=0.00s
[2026-06-17T09:54:37.781+0800][54.029s][info][gc             ] GC(1452) Concurrent Reset
[2026-06-17T09:54:37.781+0800][54.029s][info][gc             ] GC(1452) Concurrent Reset 0.337ms
[2026-06-17T09:54:37.781+0800][54.029s][info][gc,cpu         ] GC(1452) User=0.00s Sys=0.00s Real=0.00s
[2026-06-17T09:54:37.781+0800][54.030s][info][gc,heap        ] GC(1452) Old: 37872K->28654K(43712K)
[2026-06-17T09:54:37.819+0800][54.067s][info][gc,start       ] GC(1454) Pause Young (Allocation Failure)
[2026-06-17T09:54:37.820+0800][54.068s][info][gc,task        ] GC(1454) Using 2 workers of 18 for evacuation
[2026-06-17T09:54:37.822+0800][54.070s][info][gc,heap        ] GC(1454) ParNew: 19586K->2169K(19648K)
[2026-06-17T09:54:37.822+0800][54.070s][info][gc,heap        ] GC(1454) CMS: 28654K->32394K(43712K)
[2026-06-17T09:54:37.823+0800][54.071s][info][gc,metaspace   ] GC(1454) Metaspace: 3166K(4864K)->3166K(4864K) NonClass: 2861K(4352K)->2861K(4352K) Class: 305K(512K)->305K(512K)
[2026-06-17T09:54:37.824+0800][54.072s][info][gc             ] GC(1454) Pause Young (Allocation Failure) 47M->33M(61M) 5.123ms
[2026-06-17T09:54:37.825+0800][54.073s][info][gc,cpu         ] GC(1454) User=0.00s Sys=0.00s Real=0.01s
[2026-06-17T09:54:37.868+0800][54.116s][info][gc,start       ] GC(1455) Pause Young (Allocation Failure)
[2026-06-17T09:54:37.869+0800][54.117s][info][gc,task        ] GC(1455) Using 2 workers of 18 for evacuation
[2026-06-17T09:54:37.870+0800][54.118s][info][gc,heap        ] GC(1455) ParNew: 19521K->2091K(19648K)
[2026-06-17T09:54:37.870+0800][54.119s][info][gc,heap        ] GC(1455) CMS: 32394K->34348K(43712K)
[2026-06-17T09:54:37.871+0800][54.119s][info][gc,metaspace   ] GC(1455) Metaspace: 3166K(4864K)->3166K(4864K) NonClass: 2861K(4352K)->2861K(4352K) Class: 305K(512K)->305K(512K)
[2026-06-17T09:54:37.871+0800][54.119s][info][gc             ] GC(1455) Pause Young (Allocation Failure) 50M->35M(61M) 2.770ms
[2026-06-17T09:54:37.871+0800][54.120s][info][gc,cpu         ] GC(1455) User=0.01s Sys=0.00s Real=0.01s
[2026-06-17T09:54:37.872+0800][54.120s][info][gc,start       ] GC(1456) Pause Initial Mark
[2026-06-17T09:54:37.873+0800][54.121s][info][gc             ] GC(1456) Pause Initial Mark 36M->36M(61M) 0.459ms
[2026-06-17T09:54:37.873+0800][54.121s][info][gc,cpu         ] GC(1456) User=0.00s Sys=0.00s Real=0.00s
[2026-06-17T09:54:37.873+0800][54.121s][info][gc             ] GC(1456) Concurrent Mark
[2026-06-17T09:54:37.873+0800][54.122s][info][gc,task        ] GC(1456) Using 2 workers of 5 for marking
[2026-06-17T09:54:37.875+0800][54.123s][info][gc             ] GC(1456) Concurrent Mark 1.525ms
[2026-06-17T09:54:37.875+0800][54.124s][info][gc,cpu         ] GC(1456) User=0.00s Sys=0.00s Real=0.00s
[2026-06-17T09:54:37.876+0800][54.124s][info][gc             ] GC(1456) Concurrent Preclean
[2026-06-17T09:54:37.876+0800][54.124s][info][gc             ] GC(1456) Concurrent Preclean 0.214ms
[2026-06-17T09:54:37.876+0800][54.124s][info][gc,cpu         ] GC(1456) User=0.00s Sys=0.00s Real=0.00s
[2026-06-17T09:54:37.877+0800][54.125s][info][gc             ] GC(1456) Concurrent Abortable Preclean
[2026-06-17T09:54:37.916+0800][54.164s][info][gc,start       ] GC(1457) Pause Young (Allocation Failure)
[2026-06-17T09:54:37.916+0800][54.164s][info][gc,task        ] GC(1457) Using 2 workers of 18 for evacuation
[2026-06-17T09:54:37.918+0800][54.166s][info][gc,heap        ] GC(1457) ParNew: 19563K->2172K(19648K)
[2026-06-17T09:54:37.919+0800][54.167s][info][gc,heap        ] GC(1457) CMS: 34348K->41333K(43712K)
[2026-06-17T09:54:37.919+0800][54.167s][info][gc,metaspace   ] GC(1457) Metaspace: 3166K(4864K)->3166K(4864K) NonClass: 2861K(4352K)->2861K(4352K) Class: 305K(512K)->305K(512K)
[2026-06-17T09:54:37.919+0800][54.167s][info][gc             ] GC(1457) Pause Young (Allocation Failure) 52M->42M(61M) 3.633ms
[2026-06-17T09:54:37.920+0800][54.168s][info][gc,cpu         ] GC(1457) User=0.00s Sys=0.00s Real=0.00s
[2026-06-17T09:54:37.974+0800][54.222s][info][gc,start       ] GC(1458) Pause Young (Allocation Failure)
[2026-06-17T09:54:37.975+0800][54.223s][info][gc,task        ] GC(1458) Using 2 workers of 18 for evacuation
[2026-06-17T09:54:37.975+0800][54.223s][info][gc,start       ] GC(1459) Pause Full (Allocation Failure)
[2026-06-17T09:54:37.976+0800][54.224s][info][gc             ] GC(1456) Concurrent Abortable Preclean 99.016ms
[2026-06-17T09:54:37.976+0800][54.224s][info][gc,cpu         ] GC(1456) User=0.01s Sys=0.00s Real=0.10s
[2026-06-17T09:54:37.976+0800][54.224s][info][gc,phases,start] GC(1459) Phase 1: Mark live objects
[2026-06-17T09:54:37.978+0800][54.226s][info][gc,phases      ] GC(1459) Phase 1: Mark live objects 1.467ms
[2026-06-17T09:54:37.978+0800][54.226s][info][gc,phases,start] GC(1459) Phase 2: Compute new object addresses
[2026-06-17T09:54:37.979+0800][54.227s][info][gc,phases      ] GC(1459) Phase 2: Compute new object addresses 0.712ms
[2026-06-17T09:54:37.979+0800][54.227s][info][gc,phases,start] GC(1459) Phase 3: Adjust pointers
[2026-06-17T09:54:37.980+0800][54.228s][info][gc,phases      ] GC(1459) Phase 3: Adjust pointers 0.863ms
[2026-06-17T09:54:37.980+0800][54.229s][info][gc,phases,start] GC(1459) Phase 4: Move objects
[2026-06-17T09:54:37.983+0800][54.231s][info][gc,phases      ] GC(1459) Phase 4: Move objects 2.547ms
[2026-06-17T09:54:37.983+0800][54.232s][info][gc             ] GC(1459) Pause Full (Allocation Failure) 59M->23M(61M) 8.409ms
[2026-06-17T09:54:37.984+0800][54.232s][info][gc,heap        ] GC(1458) ParNew: 19627K->0K(19648K)
[2026-06-17T09:54:37.984+0800][54.232s][info][gc,heap        ] GC(1458) CMS: 41333K->23617K(43712K)
[2026-06-17T09:54:37.984+0800][54.232s][info][gc,metaspace   ] GC(1458) Metaspace: 3166K(4864K)->3166K(4864K) NonClass: 2861K(4352K)->2861K(4352K) Class: 305K(512K)->305K(512K)
[2026-06-17T09:54:37.984+0800][54.232s][info][gc             ] GC(1458) Pause Young (Allocation Failure) 59M->23M(61M) 10.454ms
[2026-06-17T09:54:37.984+0800][54.233s][info][gc,cpu         ] GC(1458) User=0.00s Sys=0.00s Real=0.01s
[2026-06-17T09:54:38.028+0800][54.276s][info][gc,start       ] GC(1460) Pause Young (Allocation Failure)
[2026-06-17T09:54:38.028+0800][54.277s][info][gc,task        ] GC(1460) Using 2 workers of 18 for evacuation
[2026-06-17T09:54:38.031+0800][54.279s][info][gc,heap        ] GC(1460) ParNew: 17445K->2174K(19648K)
[2026-06-17T09:54:38.031+0800][54.279s][info][gc,heap        ] GC(1460) CMS: 23617K->28922K(43712K)
[2026-06-17T09:54:38.032+0800][54.280s][info][gc,metaspace   ] GC(1460) Metaspace: 3166K(4864K)->3166K(4864K) NonClass: 2861K(4352K)->2861K(4352K) Class: 305K(512K)->305K(512K)
[2026-06-17T09:54:38.033+0800][54.281s][info][gc             ] GC(1460) Pause Young (Allocation Failure) 40M->30M(61M) 5.394ms
[2026-06-17T09:54:38.033+0800][54.282s][info][gc,cpu         ] GC(1460) User=0.01s Sys=0.00s Real=0.01s
[2026-06-17T09:54:38.034+0800][54.282s][info][gc,start       ] GC(1461) Pause Initial Mark
[2026-06-17T09:54:38.035+0800][54.283s][info][gc             ] GC(1461) Pause Initial Mark 31M->31M(61M) 0.571ms
[2026-06-17T09:54:38.035+0800][54.283s][info][gc,cpu         ] GC(1461) User=0.00s Sys=0.00s Real=0.00s
[2026-06-17T09:54:38.035+0800][54.284s][info][gc             ] GC(1461) Concurrent Mark
[2026-06-17T09:54:38.036+0800][54.284s][info][gc,task        ] GC(1461) Using 2 workers of 5 for marking
[2026-06-17T09:54:38.037+0800][54.285s][info][gc             ] GC(1461) Concurrent Mark 1.779ms
[2026-06-17T09:54:38.037+0800][54.286s][info][gc,cpu         ] GC(1461) User=0.00s Sys=0.00s Real=0.00s
[2026-06-17T09:54:38.038+0800][54.286s][info][gc             ] GC(1461) Concurrent Preclean
[2026-06-17T09:54:38.038+0800][54.286s][info][gc             ] GC(1461) Concurrent Preclean 0.266ms
[2026-06-17T09:54:38.038+0800][54.286s][info][gc,cpu         ] GC(1461) User=0.00s Sys=0.00s Real=0.00s
[2026-06-17T09:54:38.038+0800][54.287s][info][gc             ] GC(1461) Concurrent Abortable Preclean
[2026-06-17T09:54:38.078+0800][54.326s][info][gc,start       ] GC(1462) Pause Young (Allocation Failure)
[2026-06-17T09:54:38.079+0800][54.327s][info][gc,task        ] GC(1462) Using 2 workers of 18 for evacuation
[2026-06-17T09:54:38.081+0800][54.329s][info][gc,heap        ] GC(1462) ParNew: 19646K->2174K(19648K)
[2026-06-17T09:54:38.082+0800][54.330s][info][gc,heap        ] GC(1462) CMS: 28922K->33887K(43712K)
[2026-06-17T09:54:38.082+0800][54.330s][info][gc,metaspace   ] GC(1462) Metaspace: 3166K(4864K)->3166K(4864K) NonClass: 2861K(4352K)->2861K(4352K) Class: 305K(512K)->305K(512K)
[2026-06-17T09:54:38.083+0800][54.331s][info][gc             ] GC(1462) Pause Young (Allocation Failure) 47M->35M(61M) 4.581ms
[2026-06-17T09:54:38.083+0800][54.331s][info][gc,cpu         ] GC(1462) User=0.01s Sys=0.00s Real=0.01s
[2026-06-17T09:54:38.127+0800][54.375s][info][gc,start       ] GC(1463) Pause Young (Allocation Failure)
[2026-06-17T09:54:38.128+0800][54.376s][info][gc,task        ] GC(1463) Using 2 workers of 18 for evacuation
[2026-06-17T09:54:38.130+0800][54.378s][info][gc,heap        ] GC(1463) ParNew: 19637K->2175K(19648K)
[2026-06-17T09:54:38.131+0800][54.379s][info][gc,heap        ] GC(1463) CMS: 33887K->39916K(43712K)
[2026-06-17T09:54:38.131+0800][54.379s][info][gc,metaspace   ] GC(1463) Metaspace: 3166K(4864K)->3166K(4864K) NonClass: 2861K(4352K)->2861K(4352K) Class: 305K(512K)->305K(512K)
[2026-06-17T09:54:38.132+0800][54.380s][info][gc             ] GC(1463) Pause Young (Allocation Failure) 52M->41M(61M) 4.441ms
[2026-06-17T09:54:38.132+0800][54.380s][info][gc,cpu         ] GC(1463) User=0.00s Sys=0.00s Real=0.01s
[2026-06-17T09:54:38.133+0800][54.381s][info][gc             ] GC(1461) Concurrent Abortable Preclean 94.315ms
[2026-06-17T09:54:38.133+0800][54.381s][info][gc,cpu         ] GC(1461) User=0.01s Sys=0.00s Real=0.10s
[2026-06-17T09:54:38.134+0800][54.382s][info][gc,start       ] GC(1461) Pause Remark
[2026-06-17T09:54:38.135+0800][54.383s][info][gc             ] GC(1461) Pause Remark 43M->43M(61M) 1.286ms
[2026-06-17T09:54:38.135+0800][54.384s][info][gc,cpu         ] GC(1461) User=0.01s Sys=0.00s Real=0.00s
[2026-06-17T09:54:38.136+0800][54.384s][info][gc             ] GC(1461) Concurrent Sweep
[2026-06-17T09:54:38.137+0800][54.385s][info][gc             ] GC(1461) Concurrent Sweep 0.767ms
[2026-06-17T09:54:38.137+0800][54.385s][info][gc,cpu         ] GC(1461) User=0.00s Sys=0.00s Real=0.00s
[2026-06-17T09:54:38.137+0800][54.385s][info][gc             ] GC(1461) Concurrent Reset
[2026-06-17T09:54:38.138+0800][54.386s][info][gc             ] GC(1461) Concurrent Reset 0.398ms
[2026-06-17T09:54:38.138+0800][54.386s][info][gc,cpu         ] GC(1461) User=0.00s Sys=0.00s Real=0.00s
[2026-06-17T09:54:38.138+0800][54.386s][info][gc,heap        ] GC(1461) Old: 28922K->37754K(43712K)
[2026-06-17T09:54:38.175+0800][54.423s][info][gc,start       ] GC(1464) Pause Young (Allocation Failure)
[2026-06-17T09:54:38.176+0800][54.424s][info][gc,task        ] GC(1464) Using 2 workers of 18 for evacuation
[2026-06-17T09:54:38.177+0800][54.425s][info][gc,start       ] GC(1465) Pause Full (Allocation Failure)
[2026-06-17T09:54:38.178+0800][54.426s][info][gc,phases,start] GC(1465) Phase 1: Mark live objects
[2026-06-17T09:54:38.180+0800][54.428s][info][gc,phases      ] GC(1465) Phase 1: Mark live objects 2.004ms
[2026-06-17T09:54:38.181+0800][54.429s][info][gc,phases,start] GC(1465) Phase 2: Compute new object addresses
[2026-06-17T09:54:38.182+0800][54.430s][info][gc,phases      ] GC(1465) Phase 2: Compute new object addresses 1.256ms
[2026-06-17T09:54:38.183+0800][54.431s][info][gc,phases,start] GC(1465) Phase 3: Adjust pointers
[2026-06-17T09:54:38.184+0800][54.433s][info][gc,phases      ] GC(1465) Phase 3: Adjust pointers 1.359ms
[2026-06-17T09:54:38.185+0800][54.433s][info][gc,phases,start] GC(1465) Phase 4: Move objects
[2026-06-17T09:54:38.190+0800][54.438s][info][gc,phases      ] GC(1465) Phase 4: Move objects 4.360ms
[2026-06-17T09:54:38.191+0800][54.439s][info][gc             ] GC(1465) Pause Full (Allocation Failure) 56M->27M(61M) 13.703ms
[2026-06-17T09:54:38.192+0800][54.440s][info][gc,heap        ] GC(1464) ParNew: 19647K->0K(19648K)
[2026-06-17T09:54:38.193+0800][54.441s][info][gc,heap        ] GC(1464) CMS: 37754K->27998K(43712K)
[2026-06-17T09:54:38.193+0800][54.442s][info][gc,metaspace   ] GC(1464) Metaspace: 3166K(4864K)->3166K(4864K) NonClass: 2861K(4352K)->2861K(4352K) Class: 305K(512K)->305K(512K)
[2026-06-17T09:54:38.194+0800][54.442s][info][gc             ] GC(1464) Pause Young (Allocation Failure) 56M->27M(61M) 18.925ms
[2026-06-17T09:54:38.195+0800][54.443s][info][gc,cpu         ] GC(1464) User=0.00s Sys=0.00s Real=0.02s
[2026-06-17T09:54:38.249+0800][54.497s][info][gc,start       ] GC(1466) Pause Young (Allocation Failure)
[2026-06-17T09:54:38.251+0800][54.499s][info][gc,task        ] GC(1466) Using 2 workers of 18 for evacuation
[2026-06-17T09:54:38.253+0800][54.501s][info][gc,heap        ] GC(1466) ParNew: 17465K->2167K(19648K)
[2026-06-17T09:54:38.255+0800][54.503s][info][gc,heap        ] GC(1466) CMS: 27998K->29918K(43712K)
[2026-06-17T09:54:38.256+0800][54.504s][info][gc,metaspace   ] GC(1466) Metaspace: 3166K(4864K)->3166K(4864K) NonClass: 2861K(4352K)->2861K(4352K) Class: 305K(512K)->305K(512K)
[2026-06-17T09:54:38.257+0800][54.505s][info][gc             ] GC(1466) Pause Young (Allocation Failure) 44M->31M(61M) 7.665ms
[2026-06-17T09:54:38.257+0800][54.506s][info][gc,cpu         ] GC(1466) User=0.00s Sys=0.00s Real=0.01s
[2026-06-17T09:54:38.301+0800][54.550s][info][gc,start       ] GC(1467) Pause Young (Allocation Failure)
[2026-06-17T09:54:38.302+0800][54.550s][info][gc,task        ] GC(1467) Using 2 workers of 18 for evacuation
[2026-06-17T09:54:38.304+0800][54.552s][info][gc,heap        ] GC(1467) ParNew: 19628K->2066K(19648K)
[2026-06-17T09:54:38.305+0800][54.553s][info][gc,heap        ] GC(1467) CMS: 29918K->33927K(43712K)
[2026-06-17T09:54:38.305+0800][54.553s][info][gc,metaspace   ] GC(1467) Metaspace: 3166K(4864K)->3166K(4864K) NonClass: 2861K(4352K)->2861K(4352K) Class: 305K(512K)->305K(512K)
[2026-06-17T09:54:38.306+0800][54.554s][info][gc             ] GC(1467) Pause Young (Allocation Failure) 48M->35M(61M) 4.638ms
[2026-06-17T09:54:38.307+0800][54.555s][info][gc,cpu         ] GC(1467) User=0.00s Sys=0.00s Real=0.01s
[2026-06-17T09:54:38.308+0800][54.556s][info][gc,start       ] GC(1468) Pause Initial Mark
[2026-06-17T09:54:38.309+0800][54.557s][info][gc             ] GC(1468) Pause Initial Mark 36M->36M(61M) 1.037ms
[2026-06-17T09:54:38.310+0800][54.558s][info][gc,cpu         ] GC(1468) User=0.00s Sys=0.00s Real=0.00s
[2026-06-17T09:54:38.311+0800][54.559s][info][gc             ] GC(1468) Concurrent Mark
[2026-06-17T09:54:38.312+0800][54.560s][info][gc,task        ] GC(1468) Using 2 workers of 5 for marking
[2026-06-17T09:54:38.313+0800][54.561s][info][gc             ] GC(1468) Concurrent Mark 1.986ms
[2026-06-17T09:54:38.313+0800][54.561s][info][gc,cpu         ] GC(1468) User=0.01s Sys=0.00s Real=0.00s
[2026-06-17T09:54:38.314+0800][54.562s][info][gc             ] GC(1468) Concurrent Preclean
[2026-06-17T09:54:38.315+0800][54.563s][info][gc             ] GC(1468) Concurrent Preclean 0.532ms
[2026-06-17T09:54:38.315+0800][54.563s][info][gc,cpu         ] GC(1468) User=0.00s Sys=0.00s Real=0.00s
[2026-06-17T09:54:38.316+0800][54.564s][info][gc             ] GC(1468) Concurrent Abortable Preclean
[2026-06-17T09:54:38.353+0800][54.601s][info][gc,start       ] GC(1469) Pause Young (Allocation Failure)
[2026-06-17T09:54:38.354+0800][54.602s][info][gc,task        ] GC(1469) Using 2 workers of 18 for evacuation
[2026-06-17T09:54:38.355+0800][54.603s][info][gc,heap        ] GC(1469) ParNew: 19538K->2174K(19648K)
[2026-06-17T09:54:38.355+0800][54.604s][info][gc,heap        ] GC(1469) CMS: 33927K->36780K(43712K)
[2026-06-17T09:54:38.356+0800][54.604s][info][gc,metaspace   ] GC(1469) Metaspace: 3166K(4864K)->3166K(4864K) NonClass: 2861K(4352K)->2861K(4352K) Class: 305K(512K)->305K(512K)
[2026-06-17T09:54:38.356+0800][54.604s][info][gc             ] GC(1469) Pause Young (Allocation Failure) 52M->38M(61M) 3.319ms
[2026-06-17T09:54:38.357+0800][54.605s][info][gc,cpu         ] GC(1469) User=0.00s Sys=0.00s Real=0.00s
[2026-06-17T09:54:38.400+0800][54.648s][info][gc,start       ] GC(1470) Pause Young (Allocation Failure)
[2026-06-17T09:54:38.402+0800][54.650s][info][gc,task        ] GC(1470) Using 2 workers of 18 for evacuation
[2026-06-17T09:54:38.405+0800][54.653s][info][gc,heap        ] GC(1470) ParNew: 19644K->2174K(19648K)
[2026-06-17T09:54:38.406+0800][54.654s][info][gc,heap        ] GC(1470) CMS: 36780K->40999K(43712K)
[2026-06-17T09:54:38.407+0800][54.655s][info][gc,metaspace   ] GC(1470) Metaspace: 3166K(4864K)->3166K(4864K) NonClass: 2861K(4352K)->2861K(4352K) Class: 305K(512K)->305K(512K)
[2026-06-17T09:54:38.408+0800][54.657s][info][gc             ] GC(1470) Pause Young (Allocation Failure) 55M->42M(61M) 8.400ms
[2026-06-17T09:54:38.409+0800][54.657s][info][gc,cpu         ] GC(1470) User=0.00s Sys=0.00s Real=0.01s
[2026-06-17T09:54:38.453+0800][54.701s][info][gc,start       ] GC(1471) Pause Young (Allocation Failure)
[2026-06-17T09:54:38.454+0800][54.702s][info][gc,task        ] GC(1471) Using 2 workers of 18 for evacuation
[2026-06-17T09:54:38.455+0800][54.704s][info][gc,start       ] GC(1472) Pause Full (Allocation Failure)
[2026-06-17T09:54:38.456+0800][54.704s][info][gc             ] GC(1468) Concurrent Abortable Preclean 140.205ms
[2026-06-17T09:54:38.457+0800][54.705s][info][gc,cpu         ] GC(1468) User=0.01s Sys=0.00s Real=0.14s
[2026-06-17T09:54:38.458+0800][54.707s][info][gc,phases,start] GC(1472) Phase 1: Mark live objects
[2026-06-17T09:54:38.461+0800][54.709s][info][gc,phases      ] GC(1472) Phase 1: Mark live objects 2.304ms
[2026-06-17T09:54:38.462+0800][54.710s][info][gc,phases,start] GC(1472) Phase 2: Compute new object addresses
[2026-06-17T09:54:38.463+0800][54.711s][info][gc,phases      ] GC(1472) Phase 2: Compute new object addresses 1.081ms
[2026-06-17T09:54:38.464+0800][54.712s][info][gc,phases,start] GC(1472) Phase 3: Adjust pointers
[2026-06-17T09:54:38.464+0800][54.713s][info][gc,phases      ] GC(1472) Phase 3: Adjust pointers 0.991ms
[2026-06-17T09:54:38.465+0800][54.713s][info][gc,phases,start] GC(1472) Phase 4: Move objects
[2026-06-17T09:54:38.468+0800][54.717s][info][gc,phases      ] GC(1472) Phase 4: Move objects 3.116ms
[2026-06-17T09:54:38.469+0800][54.717s][info][gc             ] GC(1472) Pause Full (Allocation Failure) 59M->32M(61M) 13.541ms
[2026-06-17T09:54:38.470+0800][54.718s][info][gc,heap        ] GC(1471) ParNew: 19638K->0K(19648K)
[2026-06-17T09:54:38.470+0800][54.718s][info][gc,heap        ] GC(1471) CMS: 40999K->32980K(43712K)
[2026-06-17T09:54:38.471+0800][54.719s][info][gc,metaspace   ] GC(1471) Metaspace: 3166K(4864K)->3166K(4864K) NonClass: 2861K(4352K)->2861K(4352K) Class: 305K(512K)->305K(512K)
[2026-06-17T09:54:38.472+0800][54.720s][info][gc             ] GC(1471) Pause Young (Allocation Failure) 59M->32M(61M) 19.284ms
[2026-06-17T09:54:38.473+0800][54.721s][info][gc,cpu         ] GC(1471) User=0.00s Sys=0.00s Real=0.02s
[2026-06-17T09:54:38.526+0800][54.774s][info][gc,start       ] GC(1473) Pause Young (Allocation Failure)
[2026-06-17T09:54:38.527+0800][54.775s][info][gc,task        ] GC(1473) Using 2 workers of 18 for evacuation
[2026-06-17T09:54:38.528+0800][54.777s][info][gc,heap        ] GC(1473) ParNew: 17461K->2140K(19648K)
[2026-06-17T09:54:38.529+0800][54.777s][info][gc,heap        ] GC(1473) CMS: 32980K->33752K(43712K)
[2026-06-17T09:54:38.530+0800][54.778s][info][gc,metaspace   ] GC(1473) Metaspace: 3166K(4864K)->3166K(4864K) NonClass: 2861K(4352K)->2861K(4352K) Class: 305K(512K)->305K(512K)
[2026-06-17T09:54:38.530+0800][54.779s][info][gc             ] GC(1473) Pause Young (Allocation Failure) 49M->35M(61M) 4.084ms
[2026-06-17T09:54:38.531+0800][54.779s][info][gc,cpu         ] GC(1473) User=0.00s Sys=0.00s Real=0.01s
[2026-06-17T09:54:38.564+0800][54.812s][info][gc,start       ] GC(1474) Pause Young (Allocation Failure)
[2026-06-17T09:54:38.565+0800][54.813s][info][gc,task        ] GC(1474) Using 2 workers of 18 for evacuation
[2026-06-17T09:54:38.566+0800][54.814s][info][gc,heap        ] GC(1474) ParNew: 19593K->2125K(19648K)
[2026-06-17T09:54:38.567+0800][54.815s][info][gc,heap        ] GC(1474) CMS: 33752K->36989K(43712K)
[2026-06-17T09:54:38.568+0800][54.816s][info][gc,metaspace   ] GC(1474) Metaspace: 3166K(4864K)->3166K(4864K) NonClass: 2861K(4352K)->2861K(4352K) Class: 305K(512K)->305K(512K)
[2026-06-17T09:54:38.569+0800][54.817s][info][gc             ] GC(1474) Pause Young (Allocation Failure) 52M->38M(61M) 5.147ms
[2026-06-17T09:54:38.570+0800][54.818s][info][gc,cpu         ] GC(1474) User=0.00s Sys=0.00s Real=0.00s
[2026-06-17T09:54:38.571+0800][54.819s][info][gc,start       ] GC(1475) Pause Initial Mark
[2026-06-17T09:54:38.572+0800][54.820s][info][gc             ] GC(1475) Pause Initial Mark 39M->39M(61M) 1.001ms
[2026-06-17T09:54:38.572+0800][54.821s][info][gc,cpu         ] GC(1475) User=0.00s Sys=0.00s Real=0.00s
[2026-06-17T09:54:38.573+0800][54.821s][info][gc             ] GC(1475) Concurrent Mark
[2026-06-17T09:54:38.574+0800][54.822s][info][gc,task        ] GC(1475) Using 2 workers of 5 for marking
[2026-06-17T09:54:38.576+0800][54.824s][info][gc             ] GC(1475) Concurrent Mark 2.923ms
[2026-06-17T09:54:38.577+0800][54.825s][info][gc,cpu         ] GC(1475) User=0.00s Sys=0.00s Real=0.00s
[2026-06-17T09:54:38.579+0800][54.827s][info][gc             ] GC(1475) Concurrent Preclean
[2026-06-17T09:54:38.579+0800][54.827s][info][gc             ] GC(1475) Concurrent Preclean 0.786ms
[2026-06-17T09:54:38.580+0800][54.829s][info][gc,cpu         ] GC(1475) User=0.00s Sys=0.00s Real=0.00s
[2026-06-17T09:54:38.581+0800][54.829s][info][gc             ] GC(1475) Concurrent Abortable Preclean
[2026-06-17T09:54:38.614+0800][54.863s][info][gc,start       ] GC(1476) Pause Young (Allocation Failure)
[2026-06-17T09:54:38.615+0800][54.863s][info][gc,task        ] GC(1476) Using 2 workers of 18 for evacuation
[2026-06-17T09:54:38.616+0800][54.864s][info][gc,promotion   ] Promotion failed
[2026-06-17T09:54:38.617+0800][54.865s][info][gc,start       ] GC(1477) Pause Full (Allocation Failure)
[2026-06-17T09:54:38.617+0800][54.865s][info][gc             ] GC(1475) Concurrent Abortable Preclean 36.398ms
[2026-06-17T09:54:38.618+0800][54.866s][info][gc,cpu         ] GC(1475) User=0.00s Sys=0.00s Real=0.04s
[2026-06-17T09:54:38.618+0800][54.866s][info][gc,phases,start] GC(1477) Phase 1: Mark live objects
[2026-06-17T09:54:38.619+0800][54.867s][info][gc,phases      ] GC(1477) Phase 1: Mark live objects 0.927ms
[2026-06-17T09:54:38.619+0800][54.867s][info][gc,phases,start] GC(1477) Phase 2: Compute new object addresses
[2026-06-17T09:54:38.620+0800][54.868s][info][gc,phases      ] GC(1477) Phase 2: Compute new object addresses 0.645ms
[2026-06-17T09:54:38.621+0800][54.869s][info][gc,phases,start] GC(1477) Phase 3: Adjust pointers
[2026-06-17T09:54:38.621+0800][54.869s][info][gc,phases      ] GC(1477) Phase 3: Adjust pointers 0.766ms
[2026-06-17T09:54:38.622+0800][54.870s][info][gc,phases,start] GC(1477) Phase 4: Move objects
[2026-06-17T09:54:38.624+0800][54.872s][info][gc,phases      ] GC(1477) Phase 4: Move objects 2.622ms
[2026-06-17T09:54:38.625+0800][54.873s][info][gc             ] GC(1477) Pause Full (Allocation Failure) 61M->26M(61M) 8.208ms
[2026-06-17T09:54:38.625+0800][54.874s][info][gc,heap        ] GC(1476) ParNew: 19549K->0K(19648K)
[2026-06-17T09:54:38.626+0800][54.874s][info][gc,heap        ] GC(1476) CMS: 36989K->27022K(43712K)
[2026-06-17T09:54:38.626+0800][54.874s][info][gc,metaspace   ] GC(1476) Metaspace: 3166K(4864K)->3166K(4864K) NonClass: 2861K(4352K)->2861K(4352K) Class: 305K(512K)->305K(512K)
[2026-06-17T09:54:38.627+0800][54.875s][info][gc             ] GC(1476) Pause Young (Allocation Failure) 55M->26M(61M) 12.144ms
[2026-06-17T09:54:38.627+0800][54.875s][info][gc,cpu         ] GC(1476) User=0.01s Sys=0.00s Real=0.01s
[2026-06-17T09:54:38.680+0800][54.928s][info][gc,start       ] GC(1478) Pause Young (Allocation Failure)
[2026-06-17T09:54:38.681+0800][54.929s][info][gc,task        ] GC(1478) Using 2 workers of 18 for evacuation
[2026-06-17T09:54:38.682+0800][54.930s][info][gc,heap        ] GC(1478) ParNew: 17472K->2170K(19648K)
[2026-06-17T09:54:38.682+0800][54.931s][info][gc,heap        ] GC(1478) CMS: 27022K->28717K(43712K)
[2026-06-17T09:54:38.684+0800][54.932s][info][gc,metaspace   ] GC(1478) Metaspace: 3166K(4864K)->3166K(4864K) NonClass: 2861K(4352K)->2861K(4352K) Class: 305K(512K)->305K(512K)
[2026-06-17T09:54:38.685+0800][54.933s][info][gc             ] GC(1478) Pause Young (Allocation Failure) 43M->30M(61M) 4.623ms
[2026-06-17T09:54:38.686+0800][54.934s][info][gc,cpu         ] GC(1478) User=0.00s Sys=0.00s Real=0.01s
[2026-06-17T09:54:38.729+0800][54.977s][info][gc,start       ] GC(1479) Pause Young (Allocation Failure)
[2026-06-17T09:54:38.730+0800][54.978s][info][gc,task        ] GC(1479) Using 2 workers of 18 for evacuation
[2026-06-17T09:54:38.732+0800][54.980s][info][gc,heap        ] GC(1479) ParNew: 19642K->2151K(19648K)
[2026-06-17T09:54:38.732+0800][54.980s][info][gc,heap        ] GC(1479) CMS: 28717K->33028K(43712K)
[2026-06-17T09:54:38.733+0800][54.981s][info][gc,metaspace   ] GC(1479) Metaspace: 3166K(4864K)->3166K(4864K) NonClass: 2861K(4352K)->2861K(4352K) Class: 305K(512K)->305K(512K)
[2026-06-17T09:54:38.734+0800][54.982s][info][gc             ] GC(1479) Pause Young (Allocation Failure) 47M->34M(61M) 4.689ms
[2026-06-17T09:54:38.734+0800][54.982s][info][gc,cpu         ] GC(1479) User=0.00s Sys=0.00s Real=0.01s
[2026-06-17T09:54:38.735+0800][54.983s][info][gc,start       ] GC(1480) Pause Initial Mark
[2026-06-17T09:54:38.736+0800][54.984s][info][gc             ] GC(1480) Pause Initial Mark 36M->36M(61M) 1.133ms
[2026-06-17T09:54:38.737+0800][54.985s][info][gc,cpu         ] GC(1480) User=0.00s Sys=0.00s Real=0.00s
[2026-06-17T09:54:38.737+0800][54.985s][info][gc             ] GC(1480) Concurrent Mark
[2026-06-17T09:54:38.738+0800][54.986s][info][gc,task        ] GC(1480) Using 2 workers of 5 for marking
[2026-06-17T09:54:38.739+0800][54.987s][info][gc             ] GC(1480) Concurrent Mark 1.789ms
[2026-06-17T09:54:38.740+0800][54.988s][info][gc,cpu         ] GC(1480) User=0.00s Sys=0.00s Real=0.00s
[2026-06-17T09:54:38.740+0800][54.989s][info][gc             ] GC(1480) Concurrent Preclean
[2026-06-17T09:54:38.741+0800][54.989s][info][gc             ] GC(1480) Concurrent Preclean 0.785ms
[2026-06-17T09:54:38.742+0800][54.990s][info][gc,cpu         ] GC(1480) User=0.00s Sys=0.00s Real=0.00s
[2026-06-17T09:54:38.742+0800][54.991s][info][gc             ] GC(1480) Concurrent Abortable Preclean
[2026-06-17T09:54:38.780+0800][55.028s][info][gc,start       ] GC(1481) Pause Young (Allocation Failure)
[2026-06-17T09:54:38.782+0800][55.030s][info][gc,task        ] GC(1481) Using 2 workers of 18 for evacuation
[2026-06-17T09:54:38.784+0800][55.032s][info][gc,heap        ] GC(1481) ParNew: 19603K->2174K(19648K)
[2026-06-17T09:54:38.784+0800][55.033s][info][gc,heap        ] GC(1481) CMS: 33028K->36714K(43712K)
[2026-06-17T09:54:38.785+0800][55.033s][info][gc,metaspace   ] GC(1481) Metaspace: 3166K(4864K)->3166K(4864K) NonClass: 2861K(4352K)->2861K(4352K) Class: 305K(512K)->305K(512K)
[2026-06-17T09:54:38.786+0800][55.034s][info][gc             ] GC(1481) Pause Young (Allocation Failure) 51M->37M(61M) 5.920ms
[2026-06-17T09:54:38.787+0800][55.035s][info][gc,cpu         ] GC(1481) User=0.00s Sys=0.01s Real=0.01s
[2026-06-17T09:54:38.831+0800][55.079s][info][gc,start       ] GC(1482) Pause Young (Allocation Failure)
[2026-06-17T09:54:38.832+0800][55.080s][info][gc,task        ] GC(1482) Using 2 workers of 18 for evacuation
[2026-06-17T09:54:38.833+0800][55.081s][info][gc,heap        ] GC(1482) ParNew: 19631K->2174K(19648K)
[2026-06-17T09:54:38.834+0800][55.082s][info][gc,heap        ] GC(1482) CMS: 36714K->40654K(43712K)
[2026-06-17T09:54:38.834+0800][55.083s][info][gc,metaspace   ] GC(1482) Metaspace: 3166K(4864K)->3166K(4864K) NonClass: 2861K(4352K)->2861K(4352K) Class: 305K(512K)->305K(512K)
[2026-06-17T09:54:38.835+0800][55.083s][info][gc             ] GC(1482) Pause Young (Allocation Failure) 55M->41M(61M) 4.562ms
[2026-06-17T09:54:38.836+0800][55.084s][info][gc,cpu         ] GC(1482) User=0.00s Sys=0.00s Real=0.00s
[2026-06-17T09:54:38.837+0800][55.085s][info][gc             ] GC(1480) Concurrent Abortable Preclean 94.105ms
[2026-06-17T09:54:38.837+0800][55.085s][info][gc,cpu         ] GC(1480) User=0.01s Sys=0.01s Real=0.09s
[2026-06-17T09:54:38.838+0800][55.086s][info][gc,start       ] GC(1480) Pause Remark
[2026-06-17T09:54:38.840+0800][55.088s][info][gc             ] GC(1480) Pause Remark 44M->44M(61M) 1.732ms
[2026-06-17T09:54:38.841+0800][55.089s][info][gc,cpu         ] GC(1480) User=0.00s Sys=0.00s Real=0.00s
[2026-06-17T09:54:38.842+0800][55.090s][info][gc             ] GC(1480) Concurrent Sweep
[2026-06-17T09:54:38.843+0800][55.091s][info][gc             ] GC(1480) Concurrent Sweep 0.960ms
[2026-06-17T09:54:38.844+0800][55.092s][info][gc,cpu         ] GC(1480) User=0.00s Sys=0.00s Real=0.01s
[2026-06-17T09:54:38.844+0800][55.092s][info][gc             ] GC(1480) Concurrent Reset
[2026-06-17T09:54:38.845+0800][55.093s][info][gc             ] GC(1480) Concurrent Reset 0.805ms
[2026-06-17T09:54:38.846+0800][55.094s][info][gc,cpu         ] GC(1480) User=0.00s Sys=0.00s Real=0.00s
[2026-06-17T09:54:38.846+0800][55.094s][info][gc,heap        ] GC(1480) Old: 33028K->27278K(43712K)
[2026-06-17T09:54:38.879+0800][55.127s][info][gc,start       ] GC(1483) Pause Young (Allocation Failure)
[2026-06-17T09:54:38.880+0800][55.128s][info][gc,task        ] GC(1483) Using 2 workers of 18 for evacuation
[2026-06-17T09:54:38.882+0800][55.130s][info][gc,heap        ] GC(1483) ParNew: 19592K->2170K(19648K)
[2026-06-17T09:54:38.882+0800][55.131s][info][gc,heap        ] GC(1483) CMS: 27278K->31815K(43712K)
[2026-06-17T09:54:38.883+0800][55.131s][info][gc,metaspace   ] GC(1483) Metaspace: 3166K(4864K)->3166K(4864K) NonClass: 2861K(4352K)->2861K(4352K) Class: 305K(512K)->305K(512K)
[2026-06-17T09:54:38.883+0800][55.131s][info][gc             ] GC(1483) Pause Young (Allocation Failure) 45M->33M(61M) 4.004ms
[2026-06-17T09:54:38.884+0800][55.132s][info][gc,cpu         ] GC(1483) User=0.00s Sys=0.00s Real=0.01s
[2026-06-17T09:54:38.884+0800][55.133s][info][gc,start       ] GC(1484) Pause Initial Mark
[2026-06-17T09:54:38.885+0800][55.133s][info][gc             ] GC(1484) Pause Initial Mark 34M->34M(61M) 0.790ms
[2026-06-17T09:54:38.886+0800][55.134s][info][gc,cpu         ] GC(1484) User=0.00s Sys=0.00s Real=0.00s
[2026-06-17T09:54:38.887+0800][55.135s][info][gc             ] GC(1484) Concurrent Mark
[2026-06-17T09:54:38.887+0800][55.135s][info][gc,task        ] GC(1484) Using 2 workers of 5 for marking
[2026-06-17T09:54:38.889+0800][55.137s][info][gc             ] GC(1484) Concurrent Mark 1.967ms
[2026-06-17T09:54:38.889+0800][55.137s][info][gc,cpu         ] GC(1484) User=0.00s Sys=0.00s Real=0.00s
[2026-06-17T09:54:38.890+0800][55.138s][info][gc             ] GC(1484) Concurrent Preclean
[2026-06-17T09:54:38.890+0800][55.138s][info][gc             ] GC(1484) Concurrent Preclean 0.605ms
[2026-06-17T09:54:38.891+0800][55.139s][info][gc,cpu         ] GC(1484) User=0.00s Sys=0.00s Real=0.01s
[2026-06-17T09:54:38.892+0800][55.140s][info][gc,start       ] GC(1484) Pause Remark
[2026-06-17T09:54:38.894+0800][55.142s][info][gc             ] GC(1484) Pause Remark 34M->34M(61M) 2.364ms
[2026-06-17T09:54:38.896+0800][55.144s][info][gc,cpu         ] GC(1484) User=0.00s Sys=0.00s Real=0.00s
[2026-06-17T09:54:38.898+0800][55.146s][info][gc             ] GC(1484) Concurrent Sweep
[2026-06-17T09:54:38.900+0800][55.148s][info][gc             ] GC(1484) Concurrent Sweep 2.490ms
[2026-06-17T09:54:38.901+0800][55.149s][info][gc,cpu         ] GC(1484) User=0.00s Sys=0.00s Real=0.00s
[2026-06-17T09:54:38.901+0800][55.150s][info][gc             ] GC(1484) Concurrent Reset
[2026-06-17T09:54:38.902+0800][55.150s][info][gc             ] GC(1484) Concurrent Reset 0.902ms
[2026-06-17T09:54:38.903+0800][55.151s][info][gc,cpu         ] GC(1484) User=0.00s Sys=0.00s Real=0.01s
[2026-06-17T09:54:38.903+0800][55.152s][info][gc,heap        ] GC(1484) Old: 31815K->29890K(43712K)
[2026-06-17T09:54:38.942+0800][55.190s][info][gc,start       ] GC(1485) Pause Young (Allocation Failure)
[2026-06-17T09:54:38.944+0800][55.192s][info][gc,task        ] GC(1485) Using 2 workers of 18 for evacuation
[2026-06-17T09:54:38.945+0800][55.193s][info][gc,heap        ] GC(1485) ParNew: 19624K->2041K(19648K)
[2026-06-17T09:54:38.947+0800][55.195s][info][gc,heap        ] GC(1485) CMS: 29890K->31174K(43712K)
[2026-06-17T09:54:38.947+0800][55.195s][info][gc,metaspace   ] GC(1485) Metaspace: 3166K(4864K)->3166K(4864K) NonClass: 2861K(4352K)->2861K(4352K) Class: 305K(512K)->305K(512K)
[2026-06-17T09:54:38.948+0800][55.196s][info][gc             ] GC(1485) Pause Young (Allocation Failure) 48M->32M(61M) 5.234ms
[2026-06-17T09:54:38.948+0800][55.196s][info][gc,cpu         ] GC(1485) User=0.00s Sys=0.00s Real=0.01s
[2026-06-17T09:54:38.981+0800][55.229s][info][gc,start       ] GC(1486) Pause Young (Allocation Failure)
[2026-06-17T09:54:38.992+0800][55.240s][info][gc,task        ] GC(1486) Using 2 workers of 18 for evacuation
[2026-06-17T09:54:38.993+0800][55.241s][info][gc,heap        ] GC(1486) ParNew: 19413K->2089K(19648K)
[2026-06-17T09:54:38.993+0800][55.241s][info][gc,heap        ] GC(1486) CMS: 31174K->34955K(43712K)
[2026-06-17T09:54:38.993+0800][55.241s][info][gc,metaspace   ] GC(1486) Metaspace: 3166K(4864K)->3166K(4864K) NonClass: 2861K(4352K)->2861K(4352K) Class: 305K(512K)->305K(512K)
[2026-06-17T09:54:38.993+0800][55.242s][info][gc             ] GC(1486) Pause Young (Allocation Failure) 49M->36M(61M) 12.617ms
[2026-06-17T09:54:38.994+0800][55.242s][info][gc,cpu         ] GC(1486) User=0.01s Sys=0.00s Real=0.02s
[2026-06-17T09:54:38.994+0800][55.242s][info][gc,start       ] GC(1487) Pause Initial Mark
[2026-06-17T09:54:38.995+0800][55.243s][info][gc             ] GC(1487) Pause Initial Mark 37M->37M(61M) 0.486ms
[2026-06-17T09:54:38.995+0800][55.243s][info][gc,cpu         ] GC(1487) User=0.00s Sys=0.00s Real=0.00s
[2026-06-17T09:54:38.995+0800][55.244s][info][gc             ] GC(1487) Concurrent Mark
[2026-06-17T09:54:38.996+0800][55.244s][info][gc,task        ] GC(1487) Using 2 workers of 5 for marking
[2026-06-17T09:54:38.998+0800][55.246s][info][gc             ] GC(1487) Concurrent Mark 2.335ms
[2026-06-17T09:54:38.998+0800][55.246s][info][gc,cpu         ] GC(1487) User=0.00s Sys=0.00s Real=0.00s
[2026-06-17T09:54:38.998+0800][55.246s][info][gc             ] GC(1487) Concurrent Preclean
[2026-06-17T09:54:38.999+0800][55.247s][info][gc             ] GC(1487) Concurrent Preclean 0.358ms
[2026-06-17T09:54:38.999+0800][55.247s][info][gc,cpu         ] GC(1487) User=0.00s Sys=0.00s Real=0.00s
[2026-06-17T09:54:38.999+0800][55.247s][info][gc,start       ] GC(1487) Pause Remark
[2026-06-17T09:54:39.000+0800][55.249s][info][gc             ] GC(1487) Pause Remark 37M->37M(61M) 1.174ms
[2026-06-17T09:54:39.001+0800][55.249s][info][gc,cpu         ] GC(1487) User=0.00s Sys=0.00s Real=0.00s
[2026-06-17T09:54:39.001+0800][55.249s][info][gc             ] GC(1487) Concurrent Sweep
[2026-06-17T09:54:39.002+0800][55.250s][info][gc             ] GC(1487) Concurrent Sweep 0.540ms
[2026-06-17T09:54:39.002+0800][55.250s][info][gc,cpu         ] GC(1487) User=0.00s Sys=0.00s Real=0.00s
[2026-06-17T09:54:39.002+0800][55.250s][info][gc             ] GC(1487) Concurrent Reset
[2026-06-17T09:54:39.002+0800][55.250s][info][gc             ] GC(1487) Concurrent Reset 0.268ms
[2026-06-17T09:54:39.003+0800][55.251s][info][gc,cpu         ] GC(1487) User=0.00s Sys=0.00s Real=0.01s
[2026-06-17T09:54:39.003+0800][55.251s][info][gc,heap        ] GC(1487) Old: 34955K->22979K(43712K)
[2026-06-17T09:54:39.047+0800][55.295s][info][gc,start       ] GC(1488) Pause Young (Allocation Failure)
[2026-06-17T09:54:39.049+0800][55.297s][info][gc,task        ] GC(1488) Using 2 workers of 18 for evacuation
[2026-06-17T09:54:39.051+0800][55.299s][info][gc,heap        ] GC(1488) ParNew: 19514K->2134K(19648K)
[2026-06-17T09:54:39.052+0800][55.300s][info][gc,heap        ] GC(1488) CMS: 22979K->26406K(43712K)
[2026-06-17T09:54:39.052+0800][55.300s][info][gc,metaspace   ] GC(1488) Metaspace: 3166K(4864K)->3166K(4864K) NonClass: 2861K(4352K)->2861K(4352K) Class: 305K(512K)->305K(512K)
[2026-06-17T09:54:39.053+0800][55.301s][info][gc             ] GC(1488) Pause Young (Allocation Failure) 41M->27M(61M) 5.541ms
[2026-06-17T09:54:39.053+0800][55.301s][info][gc,cpu         ] GC(1488) User=0.01s Sys=0.00s Real=0.01s
[2026-06-17T09:54:39.097+0800][55.345s][info][gc,start       ] GC(1489) Pause Young (Allocation Failure)
[2026-06-17T09:54:39.100+0800][55.348s][info][gc,task        ] GC(1489) Using 2 workers of 18 for evacuation
[2026-06-17T09:54:39.103+0800][55.351s][info][gc,heap        ] GC(1489) ParNew: 19606K->2175K(19648K)
[2026-06-17T09:54:39.104+0800][55.352s][info][gc,heap        ] GC(1489) CMS: 26406K->30078K(43712K)
[2026-06-17T09:54:39.104+0800][55.352s][info][gc,metaspace   ] GC(1489) Metaspace: 3166K(4864K)->3166K(4864K) NonClass: 2861K(4352K)->2861K(4352K) Class: 305K(512K)->305K(512K)
[2026-06-17T09:54:39.105+0800][55.353s][info][gc             ] GC(1489) Pause Young (Allocation Failure) 44M->31M(61M) 7.866ms
[2026-06-17T09:54:39.105+0800][55.354s][info][gc,cpu         ] GC(1489) User=0.00s Sys=0.00s Real=0.01s
[2026-06-17T09:54:39.149+0800][55.398s][info][gc,start       ] GC(1490) Pause Young (Allocation Failure)
[2026-06-17T09:54:39.150+0800][55.398s][info][gc,task        ] GC(1490) Using 2 workers of 18 for evacuation
[2026-06-17T09:54:39.152+0800][55.400s][info][gc,heap        ] GC(1490) ParNew: 19639K->2171K(19648K)
[2026-06-17T09:54:39.152+0800][55.400s][info][gc,heap        ] GC(1490) CMS: 30078K->34930K(43712K)
[2026-06-17T09:54:39.153+0800][55.401s][info][gc,metaspace   ] GC(1490) Metaspace: 3166K(4864K)->3166K(4864K) NonClass: 2861K(4352K)->2861K(4352K) Class: 305K(512K)->305K(512K)
[2026-06-17T09:54:39.153+0800][55.401s][info][gc             ] GC(1490) Pause Young (Allocation Failure) 48M->36M(61M) 3.821ms
[2026-06-17T09:54:39.154+0800][55.402s][info][gc,cpu         ] GC(1490) User=0.01s Sys=0.00s Real=0.01s
[2026-06-17T09:54:39.154+0800][55.402s][info][gc,start       ] GC(1491) Pause Initial Mark
[2026-06-17T09:54:39.155+0800][55.403s][info][gc             ] GC(1491) Pause Initial Mark 37M->37M(61M) 0.675ms
[2026-06-17T09:54:39.155+0800][55.403s][info][gc,cpu         ] GC(1491) User=0.00s Sys=0.00s Real=0.00s
[2026-06-17T09:54:39.156+0800][55.404s][info][gc             ] GC(1491) Concurrent Mark
[2026-06-17T09:54:39.156+0800][55.404s][info][gc,task        ] GC(1491) Using 2 workers of 5 for marking
[2026-06-17T09:54:39.157+0800][55.405s][info][gc             ] GC(1491) Concurrent Mark 1.560ms
[2026-06-17T09:54:39.157+0800][55.406s][info][gc,cpu         ] GC(1491) User=0.00s Sys=0.00s Real=0.00s
[2026-06-17T09:54:39.158+0800][55.406s][info][gc             ] GC(1491) Concurrent Preclean
[2026-06-17T09:54:39.158+0800][55.406s][info][gc             ] GC(1491) Concurrent Preclean 0.213ms
[2026-06-17T09:54:39.158+0800][55.406s][info][gc,cpu         ] GC(1491) User=0.00s Sys=0.00s Real=0.00s
[2026-06-17T09:54:39.158+0800][55.406s][info][gc,start       ] GC(1491) Pause Remark
[2026-06-17T09:54:39.159+0800][55.407s][info][gc             ] GC(1491) Pause Remark 37M->37M(61M) 0.499ms
[2026-06-17T09:54:39.159+0800][55.407s][info][gc,cpu         ] GC(1491) User=0.00s Sys=0.00s Real=0.00s
[2026-06-17T09:54:39.159+0800][55.407s][info][gc             ] GC(1491) Concurrent Sweep
[2026-06-17T09:54:39.159+0800][55.407s][info][gc             ] GC(1491) Concurrent Sweep 0.338ms
[2026-06-17T09:54:39.159+0800][55.408s][info][gc,cpu         ] GC(1491) User=0.00s Sys=0.00s Real=0.00s
[2026-06-17T09:54:39.160+0800][55.408s][info][gc             ] GC(1491) Concurrent Reset
[2026-06-17T09:54:39.160+0800][55.408s][info][gc             ] GC(1491) Concurrent Reset 0.432ms
[2026-06-17T09:54:39.160+0800][55.408s][info][gc,cpu         ] GC(1491) User=0.00s Sys=0.00s Real=0.00s
[2026-06-17T09:54:39.160+0800][55.408s][info][gc,heap        ] GC(1491) Old: 34930K->22496K(43712K)
[2026-06-17T09:54:39.198+0800][55.446s][info][gc,start       ] GC(1492) Pause Young (Allocation Failure)
[2026-06-17T09:54:39.199+0800][55.447s][info][gc,task        ] GC(1492) Using 2 workers of 18 for evacuation
[2026-06-17T09:54:39.201+0800][55.449s][info][gc,heap        ] GC(1492) ParNew: 19620K->2172K(19648K)
[2026-06-17T09:54:39.202+0800][55.450s][info][gc,heap        ] GC(1492) CMS: 22496K->27488K(43712K)
[2026-06-17T09:54:39.202+0800][55.451s][info][gc,metaspace   ] GC(1492) Metaspace: 3166K(4864K)->3166K(4864K) NonClass: 2861K(4352K)->2861K(4352K) Class: 305K(512K)->305K(512K)
[2026-06-17T09:54:39.203+0800][55.452s][info][gc             ] GC(1492) Pause Young (Allocation Failure) 41M->28M(61M) 5.202ms
[2026-06-17T09:54:39.204+0800][55.452s][info][gc,cpu         ] GC(1492) User=0.00s Sys=0.00s Real=0.01s
[2026-06-17T09:54:39.248+0800][55.497s][info][gc,start       ] GC(1493) Pause Young (Allocation Failure)
[2026-06-17T09:54:39.251+0800][55.499s][info][gc,task        ] GC(1493) Using 2 workers of 18 for evacuation
[2026-06-17T09:54:39.253+0800][55.501s][info][gc,heap        ] GC(1493) ParNew: 19533K->2133K(19648K)
[2026-06-17T09:54:39.253+0800][55.501s][info][gc,heap        ] GC(1493) CMS: 27488K->30445K(43712K)
[2026-06-17T09:54:39.254+0800][55.502s][info][gc,metaspace   ] GC(1493) Metaspace: 3166K(4864K)->3166K(4864K) NonClass: 2861K(4352K)->2861K(4352K) Class: 305K(512K)->305K(512K)
[2026-06-17T09:54:39.255+0800][55.503s][info][gc             ] GC(1493) Pause Young (Allocation Failure) 45M->31M(61M) 6.106ms
[2026-06-17T09:54:39.255+0800][55.503s][info][gc,cpu         ] GC(1493) User=0.00s Sys=0.00s Real=0.01s
[2026-06-17T09:54:39.309+0800][55.557s][info][gc,start       ] GC(1494) Pause Young (Allocation Failure)
[2026-06-17T09:54:39.310+0800][55.558s][info][gc,task        ] GC(1494) Using 2 workers of 18 for evacuation
[2026-06-17T09:54:39.312+0800][55.560s][info][gc,heap        ] GC(1494) ParNew: 19581K->2164K(19648K)
[2026-06-17T09:54:39.312+0800][55.560s][info][gc,heap        ] GC(1494) CMS: 30445K->33997K(43712K)
[2026-06-17T09:54:39.313+0800][55.561s][info][gc,metaspace   ] GC(1494) Metaspace: 3166K(4864K)->3166K(4864K) NonClass: 2861K(4352K)->2861K(4352K) Class: 305K(512K)->305K(512K)
[2026-06-17T09:54:39.313+0800][55.561s][info][gc             ] GC(1494) Pause Young (Allocation Failure) 48M->35M(61M) 3.926ms
[2026-06-17T09:54:39.314+0800][55.562s][info][gc,cpu         ] GC(1494) User=0.01s Sys=0.00s Real=0.01s
[2026-06-17T09:54:39.315+0800][55.563s][info][gc,start       ] GC(1495) Pause Initial Mark
[2026-06-17T09:54:39.316+0800][55.564s][info][gc             ] GC(1495) Pause Initial Mark 36M->36M(61M) 0.591ms
[2026-06-17T09:54:39.316+0800][55.564s][info][gc,cpu         ] GC(1495) User=0.00s Sys=0.00s Real=0.00s
[2026-06-17T09:54:39.317+0800][55.565s][info][gc             ] GC(1495) Concurrent Mark
[2026-06-17T09:54:39.317+0800][55.566s][info][gc,task        ] GC(1495) Using 2 workers of 5 for marking
[2026-06-17T09:54:39.319+0800][55.567s][info][gc             ] GC(1495) Concurrent Mark 2.645ms
[2026-06-17T09:54:39.320+0800][55.568s][info][gc,cpu         ] GC(1495) User=0.00s Sys=0.00s Real=0.00s
[2026-06-17T09:54:39.320+0800][55.568s][info][gc             ] GC(1495) Concurrent Preclean
[2026-06-17T09:54:39.320+0800][55.569s][info][gc             ] GC(1495) Concurrent Preclean 0.369ms
[2026-06-17T09:54:39.321+0800][55.569s][info][gc,cpu         ] GC(1495) User=0.00s Sys=0.00s Real=0.00s
[2026-06-17T09:54:39.321+0800][55.569s][info][gc             ] GC(1495) Concurrent Abortable Preclean
[2026-06-17T09:54:39.359+0800][55.608s][info][gc,start       ] GC(1496) Pause Young (Allocation Failure)
[2026-06-17T09:54:39.360+0800][55.608s][info][gc,task        ] GC(1496) Using 2 workers of 18 for evacuation
[2026-06-17T09:54:39.362+0800][55.610s][info][gc,heap        ] GC(1496) ParNew: 19592K->2174K(19648K)
[2026-06-17T09:54:39.363+0800][55.611s][info][gc,heap        ] GC(1496) CMS: 33997K->37614K(43712K)
[2026-06-17T09:54:39.364+0800][55.612s][info][gc,metaspace   ] GC(1496) Metaspace: 3166K(4864K)->3166K(4864K) NonClass: 2861K(4352K)->2861K(4352K) Class: 305K(512K)->305K(512K)
[2026-06-17T09:54:39.364+0800][55.612s][info][gc             ] GC(1496) Pause Young (Allocation Failure) 52M->38M(61M) 4.641ms
[2026-06-17T09:54:39.364+0800][55.613s][info][gc,cpu         ] GC(1496) User=0.00s Sys=0.00s Real=0.01s
[2026-06-17T09:54:39.408+0800][55.657s][info][gc,start       ] GC(1497) Pause Young (Allocation Failure)
[2026-06-17T09:54:39.409+0800][55.657s][info][gc,task        ] GC(1497) Using 2 workers of 18 for evacuation
[2026-06-17T09:54:39.411+0800][55.659s][info][gc,heap        ] GC(1497) ParNew: 19645K->2175K(19648K)
[2026-06-17T09:54:39.411+0800][55.659s][info][gc,heap        ] GC(1497) CMS: 37614K->43129K(43712K)
[2026-06-17T09:54:39.412+0800][55.660s][info][gc,metaspace   ] GC(1497) Metaspace: 3166K(4864K)->3166K(4864K) NonClass: 2861K(4352K)->2861K(4352K) Class: 305K(512K)->305K(512K)
[2026-06-17T09:54:39.413+0800][55.661s][info][gc             ] GC(1497) Pause Young (Allocation Failure) 55M->44M(61M) 4.118ms
[2026-06-17T09:54:39.413+0800][55.661s][info][gc,cpu         ] GC(1497) User=0.00s Sys=0.00s Real=0.01s
[2026-06-17T09:54:39.414+0800][55.662s][info][gc             ] GC(1495) Concurrent Abortable Preclean 93.108ms
[2026-06-17T09:54:39.415+0800][55.663s][info][gc,cpu         ] GC(1495) User=0.01s Sys=0.00s Real=0.10s
[2026-06-17T09:54:39.415+0800][55.663s][info][gc,start       ] GC(1495) Pause Remark
[2026-06-17T09:54:39.417+0800][55.665s][info][gc             ] GC(1495) Pause Remark 45M->45M(61M) 1.420ms
[2026-06-17T09:54:39.417+0800][55.666s][info][gc,cpu         ] GC(1495) User=0.00s Sys=0.00s Real=0.00s
[2026-06-17T09:54:39.418+0800][55.666s][info][gc             ] GC(1495) Concurrent Sweep
[2026-06-17T09:54:39.419+0800][55.667s][info][gc             ] GC(1495) Concurrent Sweep 0.828ms
[2026-06-17T09:54:39.419+0800][55.667s][info][gc,cpu         ] GC(1495) User=0.00s Sys=0.00s Real=0.00s
[2026-06-17T09:54:39.420+0800][55.668s][info][gc             ] GC(1495) Concurrent Reset
[2026-06-17T09:54:39.420+0800][55.668s][info][gc             ] GC(1495) Concurrent Reset 0.393ms
[2026-06-17T09:54:39.420+0800][55.669s][info][gc,cpu         ] GC(1495) User=0.00s Sys=0.00s Real=0.00s
[2026-06-17T09:54:39.421+0800][55.669s][info][gc,heap        ] GC(1495) Old: 33997K->29851K(43712K)
[2026-06-17T09:54:39.468+0800][55.716s][info][gc,start       ] GC(1498) Pause Young (Allocation Failure)
[2026-06-17T09:54:39.468+0800][55.716s][info][gc,task        ] GC(1498) Using 2 workers of 18 for evacuation
[2026-06-17T09:54:39.470+0800][55.718s][info][gc,heap        ] GC(1498) ParNew: 19647K->2070K(19648K)
[2026-06-17T09:54:39.471+0800][55.719s][info][gc,heap        ] GC(1498) CMS: 29851K->32589K(43712K)
[2026-06-17T09:54:39.471+0800][55.720s][info][gc,metaspace   ] GC(1498) Metaspace: 3166K(4864K)->3166K(4864K) NonClass: 2861K(4352K)->2861K(4352K) Class: 305K(512K)->305K(512K)
[2026-06-17T09:54:39.472+0800][55.720s][info][gc             ] GC(1498) Pause Young (Allocation Failure) 48M->33M(61M) 4.298ms
[2026-06-17T09:54:39.472+0800][55.720s][info][gc,cpu         ] GC(1498) User=0.00s Sys=0.00s Real=0.01s
[2026-06-17T09:54:39.473+0800][55.721s][info][gc,start       ] GC(1499) Pause Initial Mark
[2026-06-17T09:54:39.473+0800][55.721s][info][gc             ] GC(1499) Pause Initial Mark 34M->34M(61M) 0.413ms
[2026-06-17T09:54:39.473+0800][55.721s][info][gc,cpu         ] GC(1499) User=0.00s Sys=0.00s Real=0.00s
[2026-06-17T09:54:39.474+0800][55.722s][info][gc             ] GC(1499) Concurrent Mark
[2026-06-17T09:54:39.474+0800][55.722s][info][gc,task        ] GC(1499) Using 2 workers of 5 for marking
[2026-06-17T09:54:39.475+0800][55.723s][info][gc             ] GC(1499) Concurrent Mark 1.361ms
[2026-06-17T09:54:39.475+0800][55.723s][info][gc,cpu         ] GC(1499) User=0.00s Sys=0.00s Real=0.00s
[2026-06-17T09:54:39.475+0800][55.724s][info][gc             ] GC(1499) Concurrent Preclean
[2026-06-17T09:54:39.476+0800][55.724s][info][gc             ] GC(1499) Concurrent Preclean 0.206ms
[2026-06-17T09:54:39.476+0800][55.724s][info][gc,cpu         ] GC(1499) User=0.00s Sys=0.00s Real=0.00s
[2026-06-17T09:54:39.476+0800][55.724s][info][gc             ] GC(1499) Concurrent Abortable Preclean
[2026-06-17T09:54:39.516+0800][55.764s][info][gc,start       ] GC(1500) Pause Young (Allocation Failure)
[2026-06-17T09:54:39.517+0800][55.765s][info][gc,task        ] GC(1500) Using 2 workers of 18 for evacuation
[2026-06-17T09:54:39.519+0800][55.767s][info][gc,heap        ] GC(1500) ParNew: 19513K->2127K(19648K)
[2026-06-17T09:54:39.519+0800][55.767s][info][gc,heap        ] GC(1500) CMS: 32589K->36158K(43712K)
[2026-06-17T09:54:39.519+0800][55.767s][info][gc,metaspace   ] GC(1500) Metaspace: 3166K(4864K)->3166K(4864K) NonClass: 2861K(4352K)->2861K(4352K) Class: 305K(512K)->305K(512K)
[2026-06-17T09:54:39.520+0800][55.768s][info][gc             ] GC(1500) Pause Young (Allocation Failure) 50M->37M(61M) 3.901ms
[2026-06-17T09:54:39.520+0800][55.768s][info][gc,cpu         ] GC(1500) User=0.00s Sys=0.00s Real=0.00s
[2026-06-17T09:54:39.564+0800][55.812s][info][gc,start       ] GC(1501) Pause Young (Allocation Failure)
[2026-06-17T09:54:39.565+0800][55.813s][info][gc,task        ] GC(1501) Using 2 workers of 18 for evacuation
[2026-06-17T09:54:39.567+0800][55.815s][info][gc,heap        ] GC(1501) ParNew: 19576K->2172K(19648K)
[2026-06-17T09:54:39.567+0800][55.816s][info][gc,heap        ] GC(1501) CMS: 36158K->40096K(43712K)
[2026-06-17T09:54:39.568+0800][55.816s][info][gc,metaspace   ] GC(1501) Metaspace: 3166K(4864K)->3166K(4864K) NonClass: 2861K(4352K)->2861K(4352K) Class: 305K(512K)->305K(512K)
[2026-06-17T09:54:39.569+0800][55.817s][info][gc             ] GC(1501) Pause Young (Allocation Failure) 54M->41M(61M) 4.483ms
[2026-06-17T09:54:39.569+0800][55.817s][info][gc,cpu         ] GC(1501) User=0.00s Sys=0.00s Real=0.00s
[2026-06-17T09:54:39.613+0800][55.862s][info][gc,start       ] GC(1502) Pause Young (Allocation Failure)
[2026-06-17T09:54:39.614+0800][55.862s][info][gc,task        ] GC(1502) Using 2 workers of 18 for evacuation
[2026-06-17T09:54:39.615+0800][55.863s][info][gc,start       ] GC(1503) Pause Full (Allocation Failure)
[2026-06-17T09:54:39.616+0800][55.864s][info][gc             ] GC(1499) Concurrent Abortable Preclean 139.882ms
[2026-06-17T09:54:39.616+0800][55.865s][info][gc,cpu         ] GC(1499) User=0.01s Sys=0.00s Real=0.14s
[2026-06-17T09:54:39.617+0800][55.865s][info][gc,phases,start] GC(1503) Phase 1: Mark live objects
[2026-06-17T09:54:39.619+0800][55.867s][info][gc,phases      ] GC(1503) Phase 1: Mark live objects 1.795ms
[2026-06-17T09:54:39.619+0800][55.867s][info][gc,phases,start] GC(1503) Phase 2: Compute new object addresses
[2026-06-17T09:54:39.620+0800][55.868s][info][gc,phases      ] GC(1503) Phase 2: Compute new object addresses 0.931ms
[2026-06-17T09:54:39.621+0800][55.869s][info][gc,phases,start] GC(1503) Phase 3: Adjust pointers
[2026-06-17T09:54:39.622+0800][55.870s][info][gc,phases      ] GC(1503) Phase 3: Adjust pointers 1.027ms
[2026-06-17T09:54:39.622+0800][55.870s][info][gc,phases,start] GC(1503) Phase 4: Move objects
[2026-06-17T09:54:39.625+0800][55.874s][info][gc,phases      ] GC(1503) Phase 4: Move objects 3.379ms
[2026-06-17T09:54:39.626+0800][55.874s][info][gc             ] GC(1503) Pause Full (Allocation Failure) 58M->22M(61M) 10.920ms
[2026-06-17T09:54:39.626+0800][55.874s][info][gc,heap        ] GC(1502) ParNew: 19497K->0K(19648K)
[2026-06-17T09:54:39.626+0800][55.875s][info][gc,heap        ] GC(1502) CMS: 40096K->23332K(43712K)
[2026-06-17T09:54:39.627+0800][55.875s][info][gc,metaspace   ] GC(1502) Metaspace: 3166K(4864K)->3166K(4864K) NonClass: 2861K(4352K)->2861K(4352K) Class: 305K(512K)->305K(512K)
[2026-06-17T09:54:39.627+0800][55.875s][info][gc             ] GC(1502) Pause Young (Allocation Failure) 58M->22M(61M) 13.506ms
[2026-06-17T09:54:39.627+0800][55.875s][info][gc,cpu         ] GC(1502) User=0.01s Sys=0.00s Real=0.01s
[2026-06-17T09:54:39.681+0800][55.929s][info][gc,start       ] GC(1504) Pause Young (Allocation Failure)
[2026-06-17T09:54:39.682+0800][55.930s][info][gc,task        ] GC(1504) Using 2 workers of 18 for evacuation
[2026-06-17T09:54:39.684+0800][55.932s][info][gc,heap        ] GC(1504) ParNew: 17468K->2171K(19648K)
[2026-06-17T09:54:39.684+0800][55.932s][info][gc,heap        ] GC(1504) CMS: 23332K->25363K(43712K)
[2026-06-17T09:54:39.685+0800][55.933s][info][gc,metaspace   ] GC(1504) Metaspace: 3166K(4864K)->3166K(4864K) NonClass: 2861K(4352K)->2861K(4352K) Class: 305K(512K)->305K(512K)
[2026-06-17T09:54:39.685+0800][55.933s][info][gc             ] GC(1504) Pause Young (Allocation Failure) 39M->26M(61M) 3.798ms
[2026-06-17T09:54:39.685+0800][55.934s][info][gc,cpu         ] GC(1504) User=0.00s Sys=0.00s Real=0.01s
[2026-06-17T09:54:39.729+0800][55.978s][info][gc,start       ] GC(1505) Pause Young (Allocation Failure)
[2026-06-17T09:54:39.732+0800][55.980s][info][gc,task        ] GC(1505) Using 2 workers of 18 for evacuation
[2026-06-17T09:54:39.734+0800][55.982s][info][gc,heap        ] GC(1505) ParNew: 19630K->2169K(19648K)
[2026-06-17T09:54:39.735+0800][55.983s][info][gc,heap        ] GC(1505) CMS: 25363K->29806K(43712K)
[2026-06-17T09:54:39.735+0800][55.983s][info][gc,metaspace   ] GC(1505) Metaspace: 3166K(4864K)->3166K(4864K) NonClass: 2861K(4352K)->2861K(4352K) Class: 305K(512K)->305K(512K)
[2026-06-17T09:54:39.736+0800][55.984s][info][gc             ] GC(1505) Pause Young (Allocation Failure) 43M->31M(61M) 6.391ms
[2026-06-17T09:54:39.736+0800][55.984s][info][gc,cpu         ] GC(1505) User=0.00s Sys=0.00s Real=0.01s
[2026-06-17T09:54:39.780+0800][56.028s][info][gc,start       ] GC(1506) Pause Young (Allocation Failure)
[2026-06-17T09:54:39.781+0800][56.029s][info][gc,task        ] GC(1506) Using 2 workers of 18 for evacuation
[2026-06-17T09:54:39.783+0800][56.032s][info][gc,heap        ] GC(1506) ParNew: 19623K->2173K(19648K)
[2026-06-17T09:54:39.784+0800][56.032s][info][gc,heap        ] GC(1506) CMS: 29806K->35338K(43712K)
[2026-06-17T09:54:39.785+0800][56.033s][info][gc,metaspace   ] GC(1506) Metaspace: 3166K(4864K)->3166K(4864K) NonClass: 2861K(4352K)->2861K(4352K) Class: 305K(512K)->305K(512K)
[2026-06-17T09:54:39.786+0800][56.034s][info][gc             ] GC(1506) Pause Young (Allocation Failure) 48M->36M(61M) 5.684ms
[2026-06-17T09:54:39.786+0800][56.034s][info][gc,cpu         ] GC(1506) User=0.01s Sys=0.00s Real=0.01s
[2026-06-17T09:54:39.787+0800][56.035s][info][gc,start       ] GC(1507) Pause Initial Mark
[2026-06-17T09:54:39.788+0800][56.036s][info][gc             ] GC(1507) Pause Initial Mark 37M->37M(61M) 0.811ms
[2026-06-17T09:54:39.788+0800][56.036s][info][gc,cpu         ] GC(1507) User=0.00s Sys=0.00s Real=0.00s
[2026-06-17T09:54:39.789+0800][56.037s][info][gc             ] GC(1507) Concurrent Mark
[2026-06-17T09:54:39.789+0800][56.037s][info][gc,task        ] GC(1507) Using 2 workers of 5 for marking
[2026-06-17T09:54:39.790+0800][56.038s][info][gc             ] GC(1507) Concurrent Mark 1.625ms
[2026-06-17T09:54:39.791+0800][56.039s][info][gc,cpu         ] GC(1507) User=0.00s Sys=0.00s Real=0.01s
[2026-06-17T09:54:39.791+0800][56.039s][info][gc             ] GC(1507) Concurrent Preclean
[2026-06-17T09:54:39.791+0800][56.039s][info][gc             ] GC(1507) Concurrent Preclean 0.237ms
[2026-06-17T09:54:39.791+0800][56.039s][info][gc,cpu         ] GC(1507) User=0.00s Sys=0.00s Real=0.00s
[2026-06-17T09:54:39.791+0800][56.040s][info][gc,start       ] GC(1507) Pause Remark
[2026-06-17T09:54:39.792+0800][56.040s][info][gc             ] GC(1507) Pause Remark 37M->37M(61M) 0.663ms
[2026-06-17T09:54:39.792+0800][56.041s][info][gc,cpu         ] GC(1507) User=0.00s Sys=0.00s Real=0.00s
[2026-06-17T09:54:39.793+0800][56.041s][info][gc             ] GC(1507) Concurrent Sweep
[2026-06-17T09:54:39.793+0800][56.041s][info][gc             ] GC(1507) Concurrent Sweep 0.346ms
[2026-06-17T09:54:39.793+0800][56.041s][info][gc,cpu         ] GC(1507) User=0.00s Sys=0.00s Real=0.00s
[2026-06-17T09:54:39.793+0800][56.042s][info][gc             ] GC(1507) Concurrent Reset
[2026-06-17T09:54:39.794+0800][56.042s][info][gc             ] GC(1507) Concurrent Reset 0.198ms
[2026-06-17T09:54:39.794+0800][56.042s][info][gc,cpu         ] GC(1507) User=0.00s Sys=0.00s Real=0.00s
[2026-06-17T09:54:39.794+0800][56.042s][info][gc,heap        ] GC(1507) Old: 35338K->24434K(43712K)
[2026-06-17T09:54:39.830+0800][56.078s][info][gc,start       ] GC(1508) Pause Young (Allocation Failure)
[2026-06-17T09:54:39.831+0800][56.079s][info][gc,task        ] GC(1508) Using 2 workers of 18 for evacuation
[2026-06-17T09:54:39.833+0800][56.081s][info][gc,heap        ] GC(1508) ParNew: 19645K->2175K(19648K)
[2026-06-17T09:54:39.834+0800][56.082s][info][gc,heap        ] GC(1508) CMS: 24434K->29844K(43712K)
[2026-06-17T09:54:39.834+0800][56.082s][info][gc,metaspace   ] GC(1508) Metaspace: 3166K(4864K)->3166K(4864K) NonClass: 2861K(4352K)->2861K(4352K) Class: 305K(512K)->305K(512K)
[2026-06-17T09:54:39.835+0800][56.083s][info][gc             ] GC(1508) Pause Young (Allocation Failure) 43M->31M(61M) 4.667ms
[2026-06-17T09:54:39.835+0800][56.083s][info][gc,cpu         ] GC(1508) User=0.00s Sys=0.00s Real=0.01s
[2026-06-17T09:54:39.836+0800][56.084s][info][gc,start       ] GC(1509) Pause Initial Mark
[2026-06-17T09:54:39.836+0800][56.084s][info][gc             ] GC(1509) Pause Initial Mark 31M->31M(61M) 0.626ms
[2026-06-17T09:54:39.837+0800][56.085s][info][gc,cpu         ] GC(1509) User=0.00s Sys=0.00s Real=0.00s
[2026-06-17T09:54:39.837+0800][56.085s][info][gc             ] GC(1509) Concurrent Mark
[2026-06-17T09:54:39.837+0800][56.085s][info][gc,task        ] GC(1509) Using 2 workers of 5 for marking
[2026-06-17T09:54:39.839+0800][56.087s][info][gc             ] GC(1509) Concurrent Mark 1.969ms
[2026-06-17T09:54:39.839+0800][56.087s][info][gc,cpu         ] GC(1509) User=0.00s Sys=0.00s Real=0.00s
[2026-06-17T09:54:39.840+0800][56.088s][info][gc             ] GC(1509) Concurrent Preclean
[2026-06-17T09:54:39.840+0800][56.088s][info][gc             ] GC(1509) Concurrent Preclean 0.365ms
[2026-06-17T09:54:39.840+0800][56.088s][info][gc,cpu         ] GC(1509) User=0.00s Sys=0.00s Real=0.00s
[2026-06-17T09:54:39.841+0800][56.089s][info][gc,start       ] GC(1509) Pause Remark
[2026-06-17T09:54:39.842+0800][56.090s][info][gc             ] GC(1509) Pause Remark 31M->31M(61M) 1.034ms
[2026-06-17T09:54:39.842+0800][56.090s][info][gc,cpu         ] GC(1509) User=0.00s Sys=0.00s Real=0.00s
[2026-06-17T09:54:39.842+0800][56.090s][info][gc             ] GC(1509) Concurrent Sweep
[2026-06-17T09:54:39.843+0800][56.091s][info][gc             ] GC(1509) Concurrent Sweep 0.581ms
[2026-06-17T09:54:39.843+0800][56.091s][info][gc,cpu         ] GC(1509) User=0.00s Sys=0.00s Real=0.01s
[2026-06-17T09:54:39.843+0800][56.092s][info][gc             ] GC(1509) Concurrent Reset
[2026-06-17T09:54:39.844+0800][56.092s][info][gc             ] GC(1509) Concurrent Reset 0.250ms
[2026-06-17T09:54:39.844+0800][56.092s][info][gc,cpu         ] GC(1509) User=0.00s Sys=0.00s Real=0.00s
[2026-06-17T09:54:39.844+0800][56.092s][info][gc,heap        ] GC(1509) Old: 29844K->28367K(43712K)
[2026-06-17T09:54:39.888+0800][56.136s][info][gc,start       ] GC(1510) Pause Young (Allocation Failure)
[2026-06-17T09:54:39.889+0800][56.137s][info][gc,task        ] GC(1510) Using 2 workers of 18 for evacuation
[2026-06-17T09:54:39.891+0800][56.139s][info][gc,heap        ] GC(1510) ParNew: 19629K->2161K(19648K)
[2026-06-17T09:54:39.891+0800][56.140s][info][gc,heap        ] GC(1510) CMS: 28367K->31389K(43712K)
[2026-06-17T09:54:39.892+0800][56.140s][info][gc,metaspace   ] GC(1510) Metaspace: 3166K(4864K)->3166K(4864K) NonClass: 2861K(4352K)->2861K(4352K) Class: 305K(512K)->305K(512K)
[2026-06-17T09:54:39.892+0800][56.140s][info][gc             ] GC(1510) Pause Young (Allocation Failure) 46M->32M(61M) 4.116ms
[2026-06-17T09:54:39.893+0800][56.141s][info][gc,cpu         ] GC(1510) User=0.00s Sys=0.00s Real=0.01s
[2026-06-17T09:54:39.894+0800][56.142s][info][gc,start       ] GC(1511) Pause Initial Mark
[2026-06-17T09:54:39.894+0800][56.142s][info][gc             ] GC(1511) Pause Initial Mark 33M->33M(61M) 0.586ms
[2026-06-17T09:54:39.894+0800][56.143s][info][gc,cpu         ] GC(1511) User=0.00s Sys=0.00s Real=0.00s
[2026-06-17T09:54:39.895+0800][56.143s][info][gc             ] GC(1511) Concurrent Mark
[2026-06-17T09:54:39.895+0800][56.143s][info][gc,task        ] GC(1511) Using 2 workers of 5 for marking
[2026-06-17T09:54:39.897+0800][56.145s][info][gc             ] GC(1511) Concurrent Mark 1.894ms
[2026-06-17T09:54:39.897+0800][56.145s][info][gc,cpu         ] GC(1511) User=0.00s Sys=0.01s Real=0.00s
[2026-06-17T09:54:39.897+0800][56.146s][info][gc             ] GC(1511) Concurrent Preclean
[2026-06-17T09:54:39.898+0800][56.146s][info][gc             ] GC(1511) Concurrent Preclean 0.341ms
[2026-06-17T09:54:39.898+0800][56.146s][info][gc,cpu         ] GC(1511) User=0.00s Sys=0.00s Real=0.00s
[2026-06-17T09:54:39.898+0800][56.146s][info][gc             ] GC(1511) Concurrent Abortable Preclean
[2026-06-17T09:54:39.938+0800][56.186s][info][gc,start       ] GC(1512) Pause Young (Allocation Failure)
[2026-06-17T09:54:39.939+0800][56.187s][info][gc,task        ] GC(1512) Using 2 workers of 18 for evacuation
[2026-06-17T09:54:39.940+0800][56.188s][info][gc,heap        ] GC(1512) ParNew: 19613K->2171K(19648K)
[2026-06-17T09:54:39.941+0800][56.189s][info][gc,heap        ] GC(1512) CMS: 31389K->35322K(43712K)
[2026-06-17T09:54:39.941+0800][56.189s][info][gc,metaspace   ] GC(1512) Metaspace: 3166K(4864K)->3166K(4864K) NonClass: 2861K(4352K)->2861K(4352K) Class: 305K(512K)->305K(512K)
[2026-06-17T09:54:39.942+0800][56.190s][info][gc             ] GC(1512) Pause Young (Allocation Failure) 49M->36M(61M) 4.008ms
[2026-06-17T09:54:39.942+0800][56.190s][info][gc,cpu         ] GC(1512) User=0.00s Sys=0.00s Real=0.00s
[2026-06-17T09:54:39.986+0800][56.234s][info][gc,start       ] GC(1513) Pause Young (Allocation Failure)
[2026-06-17T09:54:39.987+0800][56.235s][info][gc,task        ] GC(1513) Using 2 workers of 18 for evacuation
[2026-06-17T09:54:39.988+0800][56.237s][info][gc,heap        ] GC(1513) ParNew: 19643K->2175K(19648K)
[2026-06-17T09:54:39.989+0800][56.237s][info][gc,heap        ] GC(1513) CMS: 35322K->39620K(43712K)
[2026-06-17T09:54:39.990+0800][56.238s][info][gc,metaspace   ] GC(1513) Metaspace: 3166K(4864K)->3166K(4864K) NonClass: 2861K(4352K)->2861K(4352K) Class: 305K(512K)->305K(512K)
[2026-06-17T09:54:39.990+0800][56.238s][info][gc             ] GC(1513) Pause Young (Allocation Failure) 53M->40M(61M) 4.419ms
[2026-06-17T09:54:39.991+0800][56.239s][info][gc,cpu         ] GC(1513) User=0.00s Sys=0.00s Real=0.01s
[2026-06-17T09:54:40.035+0800][56.284s][info][gc,start       ] GC(1514) Pause Young (Allocation Failure)
[2026-06-17T09:54:40.036+0800][56.284s][info][gc,task        ] GC(1514) Using 2 workers of 18 for evacuation
[2026-06-17T09:54:40.037+0800][56.285s][info][gc,start       ] GC(1515) Pause Full (Allocation Failure)
[2026-06-17T09:54:40.037+0800][56.286s][info][gc             ] GC(1511) Concurrent Abortable Preclean 139.197ms
[2026-06-17T09:54:40.038+0800][56.286s][info][gc,cpu         ] GC(1511) User=0.01s Sys=0.00s Real=0.14s
[2026-06-17T09:54:40.039+0800][56.287s][info][gc,phases,start] GC(1515) Phase 1: Mark live objects
[2026-06-17T09:54:40.040+0800][56.288s][info][gc,phases      ] GC(1515) Phase 1: Mark live objects 1.430ms
[2026-06-17T09:54:40.041+0800][56.289s][info][gc,phases,start] GC(1515) Phase 2: Compute new object addresses
[2026-06-17T09:54:40.041+0800][56.290s][info][gc,phases      ] GC(1515) Phase 2: Compute new object addresses 0.719ms
[2026-06-17T09:54:40.042+0800][56.290s][info][gc,phases,start] GC(1515) Phase 3: Adjust pointers
[2026-06-17T09:54:40.043+0800][56.291s][info][gc,phases      ] GC(1515) Phase 3: Adjust pointers 0.917ms
[2026-06-17T09:54:40.043+0800][56.291s][info][gc,phases,start] GC(1515) Phase 4: Move objects
[2026-06-17T09:54:40.046+0800][56.294s][info][gc,phases      ] GC(1515) Phase 4: Move objects 2.561ms
[2026-06-17T09:54:40.046+0800][56.294s][info][gc             ] GC(1515) Pause Full (Allocation Failure) 57M->21M(61M) 9.531ms
[2026-06-17T09:54:40.047+0800][56.295s][info][gc,heap        ] GC(1514) ParNew: 19634K->0K(19648K)
[2026-06-17T09:54:40.047+0800][56.295s][info][gc,heap        ] GC(1514) CMS: 39620K->21874K(43712K)
[2026-06-17T09:54:40.047+0800][56.295s][info][gc,metaspace   ] GC(1514) Metaspace: 3166K(4864K)->3166K(4864K) NonClass: 2861K(4352K)->2861K(4352K) Class: 305K(512K)->305K(512K)
[2026-06-17T09:54:40.047+0800][56.295s][info][gc             ] GC(1514) Pause Young (Allocation Failure) 57M->21M(61M) 11.683ms
[2026-06-17T09:54:40.047+0800][56.295s][info][gc,cpu         ] GC(1514) User=0.01s Sys=0.00s Real=0.01s
[2026-06-17T09:54:40.101+0800][56.350s][info][gc,start       ] GC(1516) Pause Young (Allocation Failure)
[2026-06-17T09:54:40.102+0800][56.351s][info][gc,task        ] GC(1516) Using 2 workers of 18 for evacuation
[2026-06-17T09:54:40.104+0800][56.352s][info][gc,heap        ] GC(1516) ParNew: 17472K->2170K(19648K)
[2026-06-17T09:54:40.105+0800][56.353s][info][gc,heap        ] GC(1516) CMS: 21874K->23292K(43712K)
[2026-06-17T09:54:40.105+0800][56.353s][info][gc,metaspace   ] GC(1516) Metaspace: 3166K(4864K)->3166K(4864K) NonClass: 2861K(4352K)->2861K(4352K) Class: 305K(512K)->305K(512K)
[2026-06-17T09:54:40.106+0800][56.354s][info][gc             ] GC(1516) Pause Young (Allocation Failure) 38M->24M(61M) 4.380ms
[2026-06-17T09:54:40.106+0800][56.355s][info][gc,cpu         ] GC(1516) User=0.01s Sys=0.00s Real=0.01s
[2026-06-17T09:54:40.151+0800][56.399s][info][gc,start       ] GC(1517) Pause Young (Allocation Failure)
[2026-06-17T09:54:40.152+0800][56.400s][info][gc,task        ] GC(1517) Using 2 workers of 18 for evacuation
[2026-06-17T09:54:40.153+0800][56.401s][info][gc,heap        ] GC(1517) ParNew: 19640K->2161K(19648K)
[2026-06-17T09:54:40.154+0800][56.402s][info][gc,heap        ] GC(1517) CMS: 23292K->26865K(43712K)
[2026-06-17T09:54:40.155+0800][56.403s][info][gc,metaspace   ] GC(1517) Metaspace: 3166K(4864K)->3166K(4864K) NonClass: 2861K(4352K)->2861K(4352K) Class: 305K(512K)->305K(512K)
[2026-06-17T09:54:40.156+0800][56.404s][info][gc             ] GC(1517) Pause Young (Allocation Failure) 41M->28M(61M) 4.862ms
[2026-06-17T09:54:40.156+0800][56.405s][info][gc,cpu         ] GC(1517) User=0.00s Sys=0.00s Real=0.00s
[2026-06-17T09:54:40.200+0800][56.448s][info][gc,start       ] GC(1518) Pause Young (Allocation Failure)
[2026-06-17T09:54:40.201+0800][56.449s][info][gc,task        ] GC(1518) Using 2 workers of 18 for evacuation
[2026-06-17T09:54:40.202+0800][56.450s][info][gc,heap        ] GC(1518) ParNew: 19603K->2164K(19648K)
[2026-06-17T09:54:40.202+0800][56.450s][info][gc,heap        ] GC(1518) CMS: 26865K->30702K(43712K)
[2026-06-17T09:54:40.203+0800][56.451s][info][gc,metaspace   ] GC(1518) Metaspace: 3166K(4864K)->3166K(4864K) NonClass: 2861K(4352K)->2861K(4352K) Class: 305K(512K)->305K(512K)
[2026-06-17T09:54:40.204+0800][56.452s][info][gc             ] GC(1518) Pause Young (Allocation Failure) 45M->32M(61M) 3.678ms
[2026-06-17T09:54:40.204+0800][56.452s][info][gc,cpu         ] GC(1518) User=0.00s Sys=0.00s Real=0.01s
[2026-06-17T09:54:40.247+0800][56.495s][info][gc,start       ] GC(1519) Pause Young (Allocation Failure)
[2026-06-17T09:54:40.248+0800][56.496s][info][gc,task        ] GC(1519) Using 2 workers of 18 for evacuation
[2026-06-17T09:54:40.249+0800][56.497s][info][gc,heap        ] GC(1519) ParNew: 19636K->2170K(19648K)
[2026-06-17T09:54:40.250+0800][56.498s][info][gc,heap        ] GC(1519) CMS: 30702K->34805K(43712K)
[2026-06-17T09:54:40.250+0800][56.498s][info][gc,metaspace   ] GC(1519) Metaspace: 3166K(4864K)->3166K(4864K) NonClass: 2861K(4352K)->2861K(4352K) Class: 305K(512K)->305K(512K)
[2026-06-17T09:54:40.250+0800][56.499s][info][gc             ] GC(1519) Pause Young (Allocation Failure) 49M->36M(61M) 3.521ms
[2026-06-17T09:54:40.251+0800][56.499s][info][gc,cpu         ] GC(1519) User=0.01s Sys=0.00s Real=0.01s
[2026-06-17T09:54:40.252+0800][56.500s][info][gc,start       ] GC(1520) Pause Initial Mark
[2026-06-17T09:54:40.252+0800][56.500s][info][gc             ] GC(1520) Pause Initial Mark 36M->36M(61M) 0.540ms
[2026-06-17T09:54:40.253+0800][56.501s][info][gc,cpu         ] GC(1520) User=0.00s Sys=0.00s Real=0.00s
[2026-06-17T09:54:40.253+0800][56.501s][info][gc             ] GC(1520) Concurrent Mark
[2026-06-17T09:54:40.254+0800][56.502s][info][gc,task        ] GC(1520) Using 2 workers of 5 for marking
[2026-06-17T09:54:40.255+0800][56.503s][info][gc             ] GC(1520) Concurrent Mark 1.724ms
[2026-06-17T09:54:40.256+0800][56.504s][info][gc,cpu         ] GC(1520) User=0.00s Sys=0.00s Real=0.00s
[2026-06-17T09:54:40.256+0800][56.504s][info][gc             ] GC(1520) Concurrent Preclean
[2026-06-17T09:54:40.257+0800][56.505s][info][gc             ] GC(1520) Concurrent Preclean 0.546ms
[2026-06-17T09:54:40.257+0800][56.505s][info][gc,cpu         ] GC(1520) User=0.00s Sys=0.00s Real=0.00s
[2026-06-17T09:54:40.258+0800][56.506s][info][gc             ] GC(1520) Concurrent Abortable Preclean
[2026-06-17T09:54:40.295+0800][56.544s][info][gc,start       ] GC(1521) Pause Young (Allocation Failure)
[2026-06-17T09:54:40.296+0800][56.544s][info][gc,task        ] GC(1521) Using 2 workers of 18 for evacuation
[2026-06-17T09:54:40.298+0800][56.546s][info][gc,heap        ] GC(1521) ParNew: 19642K->2169K(19648K)
[2026-06-17T09:54:40.299+0800][56.547s][info][gc,heap        ] GC(1521) CMS: 34805K->40549K(43712K)
[2026-06-17T09:54:40.300+0800][56.548s][info][gc,metaspace   ] GC(1521) Metaspace: 3166K(4864K)->3166K(4864K) NonClass: 2861K(4352K)->2861K(4352K) Class: 305K(512K)->305K(512K)
[2026-06-17T09:54:40.300+0800][56.548s][info][gc             ] GC(1521) Pause Young (Allocation Failure) 53M->41M(61M) 4.682ms
[2026-06-17T09:54:40.301+0800][56.549s][info][gc,cpu         ] GC(1521) User=0.00s Sys=0.00s Real=0.00s
[2026-06-17T09:54:40.355+0800][56.603s][info][gc,start       ] GC(1522) Pause Young (Allocation Failure)
[2026-06-17T09:54:40.355+0800][56.604s][info][gc,task        ] GC(1522) Using 2 workers of 18 for evacuation
[2026-06-17T09:54:40.356+0800][56.604s][info][gc,start       ] GC(1523) Pause Full (Allocation Failure)
[2026-06-17T09:54:40.357+0800][56.605s][info][gc             ] GC(1520) Concurrent Abortable Preclean 99.037ms
[2026-06-17T09:54:40.357+0800][56.605s][info][gc,cpu         ] GC(1520) User=0.00s Sys=0.00s Real=0.10s
[2026-06-17T09:54:40.358+0800][56.607s][info][gc,phases,start] GC(1523) Phase 1: Mark live objects
[2026-06-17T09:54:40.360+0800][56.608s][info][gc,phases      ] GC(1523) Phase 1: Mark live objects 1.474ms
[2026-06-17T09:54:40.361+0800][56.609s][info][gc,phases,start] GC(1523) Phase 2: Compute new object addresses
[2026-06-17T09:54:40.362+0800][56.610s][info][gc,phases      ] GC(1523) Phase 2: Compute new object addresses 1.010ms
[2026-06-17T09:54:40.362+0800][56.610s][info][gc,phases,start] GC(1523) Phase 3: Adjust pointers
[2026-06-17T09:54:40.363+0800][56.612s][info][gc,phases      ] GC(1523) Phase 3: Adjust pointers 1.123ms
[2026-06-17T09:54:40.364+0800][56.612s][info][gc,phases,start] GC(1523) Phase 4: Move objects
[2026-06-17T09:54:40.368+0800][56.616s][info][gc,phases      ] GC(1523) Phase 4: Move objects 3.569ms
[2026-06-17T09:54:40.369+0800][56.617s][info][gc             ] GC(1523) Pause Full (Allocation Failure) 58M->27M(61M) 12.615ms
[2026-06-17T09:54:40.369+0800][56.617s][info][gc,heap        ] GC(1522) ParNew: 19605K->0K(19648K)
[2026-06-17T09:54:40.370+0800][56.618s][info][gc,heap        ] GC(1522) CMS: 40549K->27932K(43712K)
[2026-06-17T09:54:40.370+0800][56.619s][info][gc,metaspace   ] GC(1522) Metaspace: 3166K(4864K)->3166K(4864K) NonClass: 2861K(4352K)->2861K(4352K) Class: 305K(512K)->305K(512K)
[2026-06-17T09:54:40.371+0800][56.620s][info][gc             ] GC(1522) Pause Young (Allocation Failure) 58M->27M(61M) 16.798ms
[2026-06-17T09:54:40.372+0800][56.620s][info][gc,cpu         ] GC(1522) User=0.01s Sys=0.00s Real=0.02s
[2026-06-17T09:54:40.415+0800][56.664s][info][gc,start       ] GC(1524) Pause Young (Allocation Failure)
[2026-06-17T09:54:40.416+0800][56.664s][info][gc,task        ] GC(1524) Using 2 workers of 18 for evacuation
[2026-06-17T09:54:40.417+0800][56.665s][info][gc,heap        ] GC(1524) ParNew: 17443K->2175K(19648K)
[2026-06-17T09:54:40.418+0800][56.666s][info][gc,heap        ] GC(1524) CMS: 27932K->33039K(43712K)
[2026-06-17T09:54:40.418+0800][56.666s][info][gc,metaspace   ] GC(1524) Metaspace: 3166K(4864K)->3166K(4864K) NonClass: 2861K(4352K)->2861K(4352K) Class: 305K(512K)->305K(512K)
[2026-06-17T09:54:40.419+0800][56.667s][info][gc             ] GC(1524) Pause Young (Allocation Failure) 44M->34M(61M) 3.209ms
[2026-06-17T09:54:40.419+0800][56.667s][info][gc,cpu         ] GC(1524) User=0.00s Sys=0.00s Real=0.00s
[2026-06-17T09:54:40.420+0800][56.668s][info][gc,start       ] GC(1525) Pause Initial Mark
[2026-06-17T09:54:40.421+0800][56.669s][info][gc             ] GC(1525) Pause Initial Mark 35M->35M(61M) 0.664ms
[2026-06-17T09:54:40.422+0800][56.670s][info][gc,cpu         ] GC(1525) User=0.00s Sys=0.00s Real=0.00s
[2026-06-17T09:54:40.422+0800][56.670s][info][gc             ] GC(1525) Concurrent Mark
[2026-06-17T09:54:40.422+0800][56.671s][info][gc,task        ] GC(1525) Using 2 workers of 5 for marking
[2026-06-17T09:54:40.424+0800][56.672s][info][gc             ] GC(1525) Concurrent Mark 1.740ms
[2026-06-17T09:54:40.424+0800][56.673s][info][gc,cpu         ] GC(1525) User=0.00s Sys=0.00s Real=0.01s
[2026-06-17T09:54:40.425+0800][56.673s][info][gc             ] GC(1525) Concurrent Preclean
[2026-06-17T09:54:40.426+0800][56.674s][info][gc             ] GC(1525) Concurrent Preclean 0.709ms
[2026-06-17T09:54:40.426+0800][56.674s][info][gc,cpu         ] GC(1525) User=0.00s Sys=0.00s Real=0.00s
[2026-06-17T09:54:40.427+0800][56.675s][info][gc             ] GC(1525) Concurrent Abortable Preclean
[2026-06-17T09:54:40.465+0800][56.713s][info][gc,start       ] GC(1526) Pause Young (Allocation Failure)
[2026-06-17T09:54:40.466+0800][56.714s][info][gc,task        ] GC(1526) Using 2 workers of 18 for evacuation
[2026-06-17T09:54:40.467+0800][56.716s][info][gc,heap        ] GC(1526) ParNew: 19597K->2170K(19648K)
[2026-06-17T09:54:40.468+0800][56.716s][info][gc,heap        ] GC(1526) CMS: 33039K->36908K(43712K)
[2026-06-17T09:54:40.469+0800][56.717s][info][gc,metaspace   ] GC(1526) Metaspace: 3166K(4864K)->3166K(4864K) NonClass: 2861K(4352K)->2861K(4352K) Class: 305K(512K)->305K(512K)
[2026-06-17T09:54:40.470+0800][56.718s][info][gc             ] GC(1526) Pause Young (Allocation Failure) 51M->38M(61M) 4.754ms
[2026-06-17T09:54:40.470+0800][56.718s][info][gc,cpu         ] GC(1526) User=0.00s Sys=0.01s Real=0.00s
[2026-06-17T09:54:40.513+0800][56.761s][info][gc,start       ] GC(1527) Pause Young (Allocation Failure)
[2026-06-17T09:54:40.514+0800][56.762s][info][gc,task        ] GC(1527) Using 2 workers of 18 for evacuation
[2026-06-17T09:54:40.515+0800][56.763s][info][gc,heap        ] GC(1527) ParNew: 19636K->2169K(19648K)
[2026-06-17T09:54:40.515+0800][56.764s][info][gc,heap        ] GC(1527) CMS: 36908K->40670K(43712K)
[2026-06-17T09:54:40.516+0800][56.764s][info][gc,metaspace   ] GC(1527) Metaspace: 3166K(4864K)->3166K(4864K) NonClass: 2861K(4352K)->2861K(4352K) Class: 305K(512K)->305K(512K)
[2026-06-17T09:54:40.516+0800][56.765s][info][gc             ] GC(1527) Pause Young (Allocation Failure) 55M->41M(61M) 3.314ms
[2026-06-17T09:54:40.517+0800][56.765s][info][gc,cpu         ] GC(1527) User=0.01s Sys=0.00s Real=0.00s
[2026-06-17T09:54:40.559+0800][56.808s][info][gc,start       ] GC(1528) Pause Young (Allocation Failure)
[2026-06-17T09:54:40.560+0800][56.808s][info][gc,task        ] GC(1528) Using 2 workers of 18 for evacuation
[2026-06-17T09:54:40.561+0800][56.809s][info][gc,start       ] GC(1529) Pause Full (Allocation Failure)
[2026-06-17T09:54:40.562+0800][56.810s][info][gc             ] GC(1525) Concurrent Abortable Preclean 134.709ms
[2026-06-17T09:54:40.562+0800][56.810s][info][gc,cpu         ] GC(1525) User=0.01s Sys=0.01s Real=0.13s
[2026-06-17T09:54:40.563+0800][56.811s][info][gc,phases,start] GC(1529) Phase 1: Mark live objects
[2026-06-17T09:54:40.564+0800][56.812s][info][gc,phases      ] GC(1529) Phase 1: Mark live objects 1.354ms
[2026-06-17T09:54:40.565+0800][56.813s][info][gc,phases,start] GC(1529) Phase 2: Compute new object addresses
[2026-06-17T09:54:40.566+0800][56.814s][info][gc,phases      ] GC(1529) Phase 2: Compute new object addresses 0.886ms
[2026-06-17T09:54:40.566+0800][56.814s][info][gc,phases,start] GC(1529) Phase 3: Adjust pointers
[2026-06-17T09:54:40.567+0800][56.815s][info][gc,phases      ] GC(1529) Phase 3: Adjust pointers 0.773ms
[2026-06-17T09:54:40.567+0800][56.816s][info][gc,phases,start] GC(1529) Phase 4: Move objects
[2026-06-17T09:54:40.570+0800][56.818s][info][gc,phases      ] GC(1529) Phase 4: Move objects 2.849ms
[2026-06-17T09:54:40.571+0800][56.819s][info][gc             ] GC(1529) Pause Full (Allocation Failure) 58M->31M(61M) 10.026ms
[2026-06-17T09:54:40.572+0800][56.820s][info][gc,heap        ] GC(1528) ParNew: 19608K->0K(19648K)
[2026-06-17T09:54:40.572+0800][56.820s][info][gc,heap        ] GC(1528) CMS: 40670K->32732K(43712K)
[2026-06-17T09:54:40.573+0800][56.821s][info][gc,metaspace   ] GC(1528) Metaspace: 3166K(4864K)->3166K(4864K) NonClass: 2861K(4352K)->2861K(4352K) Class: 305K(512K)->305K(512K)
[2026-06-17T09:54:40.574+0800][56.822s][info][gc             ] GC(1528) Pause Young (Allocation Failure) 58M->31M(61M) 14.574ms
[2026-06-17T09:54:40.575+0800][56.823s][info][gc,cpu         ] GC(1528) User=0.00s Sys=0.00s Real=0.02s
[2026-06-17T09:54:40.629+0800][56.878s][info][gc,start       ] GC(1530) Pause Young (Allocation Failure)
[2026-06-17T09:54:40.631+0800][56.879s][info][gc,task        ] GC(1530) Using 2 workers of 18 for evacuation
[2026-06-17T09:54:40.632+0800][56.881s][info][gc,heap        ] GC(1530) ParNew: 17472K->2174K(19648K)
[2026-06-17T09:54:40.633+0800][56.882s][info][gc,heap        ] GC(1530) CMS: 32732K->34197K(43712K)
[2026-06-17T09:54:40.634+0800][56.882s][info][gc,metaspace   ] GC(1530) Metaspace: 3166K(4864K)->3166K(4864K) NonClass: 2861K(4352K)->2861K(4352K) Class: 305K(512K)->305K(512K)
[2026-06-17T09:54:40.635+0800][56.883s][info][gc             ] GC(1530) Pause Young (Allocation Failure) 49M->35M(61M) 5.814ms
[2026-06-17T09:54:40.636+0800][56.884s][info][gc,cpu         ] GC(1530) User=0.01s Sys=0.00s Real=0.01s
[2026-06-17T09:54:40.670+0800][56.918s][info][gc,start       ] GC(1531) Pause Young (Allocation Failure)
[2026-06-17T09:54:40.671+0800][56.919s][info][gc,task        ] GC(1531) Using 2 workers of 18 for evacuation
[2026-06-17T09:54:40.673+0800][56.921s][info][gc,heap        ] GC(1531) ParNew: 19518K->2130K(19648K)
[2026-06-17T09:54:40.674+0800][56.922s][info][gc,heap        ] GC(1531) CMS: 34197K->38252K(43712K)
[2026-06-17T09:54:40.675+0800][56.923s][info][gc,metaspace   ] GC(1531) Metaspace: 3166K(4864K)->3166K(4864K) NonClass: 2861K(4352K)->2861K(4352K) Class: 305K(512K)->305K(512K)
[2026-06-17T09:54:40.676+0800][56.924s][info][gc             ] GC(1531) Pause Young (Allocation Failure) 52M->39M(61M) 5.831ms
[2026-06-17T09:54:40.677+0800][56.925s][info][gc,cpu         ] GC(1531) User=0.00s Sys=0.00s Real=0.01s
[2026-06-17T09:54:40.677+0800][56.926s][info][gc,start       ] GC(1532) Pause Initial Mark
[2026-06-17T09:54:40.679+0800][56.927s][info][gc             ] GC(1532) Pause Initial Mark 40M->40M(61M) 1.189ms
[2026-06-17T09:54:40.679+0800][56.928s][info][gc,cpu         ] GC(1532) User=0.00s Sys=0.00s Real=0.00s
[2026-06-17T09:54:40.680+0800][56.928s][info][gc             ] GC(1532) Concurrent Mark
[2026-06-17T09:54:40.682+0800][56.930s][info][gc,task        ] GC(1532) Using 2 workers of 5 for marking
[2026-06-17T09:54:40.683+0800][56.931s][info][gc             ] GC(1532) Concurrent Mark 2.684ms
[2026-06-17T09:54:40.684+0800][56.932s][info][gc,cpu         ] GC(1532) User=0.00s Sys=0.00s Real=0.01s
[2026-06-17T09:54:40.685+0800][56.933s][info][gc             ] GC(1532) Concurrent Preclean
[2026-06-17T09:54:40.685+0800][56.933s][info][gc             ] GC(1532) Concurrent Preclean 0.696ms
[2026-06-17T09:54:40.686+0800][56.934s][info][gc,cpu         ] GC(1532) User=0.00s Sys=0.00s Real=0.00s
[2026-06-17T09:54:40.687+0800][56.935s][info][gc,start       ] GC(1532) Pause Remark
[2026-06-17T09:54:40.688+0800][56.937s][info][gc             ] GC(1532) Pause Remark 40M->40M(61M) 1.379ms
[2026-06-17T09:54:40.689+0800][56.938s][info][gc,cpu         ] GC(1532) User=0.00s Sys=0.00s Real=0.00s
[2026-06-17T09:54:40.690+0800][56.938s][info][gc             ] GC(1532) Concurrent Sweep
[2026-06-17T09:54:40.691+0800][56.939s][info][gc             ] GC(1532) Concurrent Sweep 0.979ms
[2026-06-17T09:54:40.692+0800][56.940s][info][gc,cpu         ] GC(1532) User=0.00s Sys=0.00s Real=0.01s
[2026-06-17T09:54:40.692+0800][56.941s][info][gc             ] GC(1532) Concurrent Reset
[2026-06-17T09:54:40.693+0800][56.941s][info][gc             ] GC(1532) Concurrent Reset 0.816ms
[2026-06-17T09:54:40.694+0800][56.942s][info][gc,cpu         ] GC(1532) User=0.00s Sys=0.00s Real=0.00s
[2026-06-17T09:54:40.695+0800][56.943s][info][gc,heap        ] GC(1532) Old: 38252K->20388K(43712K)
[2026-06-17T09:54:40.733+0800][56.981s][info][gc,start       ] GC(1533) Pause Young (Allocation Failure)
[2026-06-17T09:54:40.734+0800][56.982s][info][gc,task        ] GC(1533) Using 2 workers of 18 for evacuation
[2026-06-17T09:54:40.736+0800][56.984s][info][gc,heap        ] GC(1533) ParNew: 19579K->2175K(19648K)
[2026-06-17T09:54:40.736+0800][56.985s][info][gc,heap        ] GC(1533) CMS: 20388K->23697K(43712K)
[2026-06-17T09:54:40.737+0800][56.985s][info][gc,metaspace   ] GC(1533) Metaspace: 3166K(4864K)->3166K(4864K) NonClass: 2861K(4352K)->2861K(4352K) Class: 305K(512K)->305K(512K)
[2026-06-17T09:54:40.738+0800][56.986s][info][gc             ] GC(1533) Pause Young (Allocation Failure) 39M->25M(61M) 4.889ms
[2026-06-17T09:54:40.739+0800][56.987s][info][gc,cpu         ] GC(1533) User=0.00s Sys=0.00s Real=0.00s
[2026-06-17T09:54:40.782+0800][57.030s][info][gc,start       ] GC(1534) Pause Young (Allocation Failure)
[2026-06-17T09:54:40.783+0800][57.031s][info][gc,task        ] GC(1534) Using 2 workers of 18 for evacuation
[2026-06-17T09:54:40.785+0800][57.033s][info][gc,heap        ] GC(1534) ParNew: 19646K->2175K(19648K)
[2026-06-17T09:54:40.786+0800][57.034s][info][gc,heap        ] GC(1534) CMS: 23697K->27568K(43712K)
[2026-06-17T09:54:40.786+0800][57.034s][info][gc,metaspace   ] GC(1534) Metaspace: 3166K(4864K)->3166K(4864K) NonClass: 2861K(4352K)->2861K(4352K) Class: 305K(512K)->305K(512K)
[2026-06-17T09:54:40.787+0800][57.035s][info][gc             ] GC(1534) Pause Young (Allocation Failure) 42M->29M(61M) 4.416ms
[2026-06-17T09:54:40.787+0800][57.036s][info][gc,cpu         ] GC(1534) User=0.00s Sys=0.00s Real=0.01s
[2026-06-17T09:54:40.831+0800][57.080s][info][gc,start       ] GC(1535) Pause Young (Allocation Failure)
[2026-06-17T09:54:40.832+0800][57.081s][info][gc,task        ] GC(1535) Using 2 workers of 18 for evacuation
[2026-06-17T09:54:40.835+0800][57.083s][info][gc,heap        ] GC(1535) ParNew: 19647K->2174K(19648K)
[2026-06-17T09:54:40.836+0800][57.084s][info][gc,heap        ] GC(1535) CMS: 27568K->32584K(43712K)
[2026-06-17T09:54:40.836+0800][57.084s][info][gc,metaspace   ] GC(1535) Metaspace: 3166K(4864K)->3166K(4864K) NonClass: 2861K(4352K)->2861K(4352K) Class: 305K(512K)->305K(512K)
[2026-06-17T09:54:40.837+0800][57.085s][info][gc             ] GC(1535) Pause Young (Allocation Failure) 46M->33M(61M) 5.567ms
[2026-06-17T09:54:40.838+0800][57.086s][info][gc,cpu         ] GC(1535) User=0.00s Sys=0.00s Real=0.00s
[2026-06-17T09:54:40.839+0800][57.087s][info][gc,start       ] GC(1536) Pause Initial Mark
[2026-06-17T09:54:40.840+0800][57.088s][info][gc             ] GC(1536) Pause Initial Mark 35M->35M(61M) 0.873ms
[2026-06-17T09:54:40.841+0800][57.089s][info][gc,cpu         ] GC(1536) User=0.00s Sys=0.00s Real=0.00s
[2026-06-17T09:54:40.841+0800][57.089s][info][gc             ] GC(1536) Concurrent Mark
[2026-06-17T09:54:40.842+0800][57.090s][info][gc,task        ] GC(1536) Using 2 workers of 5 for marking
[2026-06-17T09:54:40.845+0800][57.093s][info][gc             ] GC(1536) Concurrent Mark 3.549ms
[2026-06-17T09:54:40.845+0800][57.094s][info][gc,cpu         ] GC(1536) User=0.01s Sys=0.00s Real=0.01s
[2026-06-17T09:54:40.846+0800][57.094s][info][gc             ] GC(1536) Concurrent Preclean
[2026-06-17T09:54:40.847+0800][57.095s][info][gc             ] GC(1536) Concurrent Preclean 0.768ms
[2026-06-17T09:54:40.848+0800][57.096s][info][gc,cpu         ] GC(1536) User=0.00s Sys=0.00s Real=0.00s
[2026-06-17T09:54:40.849+0800][57.097s][info][gc,start       ] GC(1536) Pause Remark
[2026-06-17T09:54:40.850+0800][57.098s][info][gc             ] GC(1536) Pause Remark 35M->35M(61M) 1.624ms
[2026-06-17T09:54:40.851+0800][57.099s][info][gc,cpu         ] GC(1536) User=0.00s Sys=0.00s Real=0.01s
[2026-06-17T09:54:40.853+0800][57.101s][info][gc             ] GC(1536) Concurrent Sweep
[2026-06-17T09:54:40.853+0800][57.101s][info][gc             ] GC(1536) Concurrent Sweep 0.791ms
[2026-06-17T09:54:40.854+0800][57.103s][info][gc,cpu         ] GC(1536) User=0.00s Sys=0.00s Real=0.00s
[2026-06-17T09:54:40.855+0800][57.103s][info][gc             ] GC(1536) Concurrent Reset
[2026-06-17T09:54:40.856+0800][57.105s][info][gc             ] GC(1536) Concurrent Reset 1.432ms
[2026-06-17T09:54:40.857+0800][57.105s][info][gc,cpu         ] GC(1536) User=0.00s Sys=0.00s Real=0.00s
[2026-06-17T09:54:40.857+0800][57.106s][info][gc,heap        ] GC(1536) Old: 32584K->20795K(43712K)
[2026-06-17T09:54:40.886+0800][57.134s][info][gc,start       ] GC(1537) Pause Young (Allocation Failure)
[2026-06-17T09:54:40.887+0800][57.135s][info][gc,task        ] GC(1537) Using 2 workers of 18 for evacuation
[2026-06-17T09:54:40.889+0800][57.138s][info][gc,heap        ] GC(1537) ParNew: 19608K->2169K(19648K)
[2026-06-17T09:54:40.891+0800][57.139s][info][gc,heap        ] GC(1537) CMS: 20795K->25556K(43712K)
[2026-06-17T09:54:40.892+0800][57.140s][info][gc,metaspace   ] GC(1537) Metaspace: 3166K(4864K)->3166K(4864K) NonClass: 2861K(4352K)->2861K(4352K) Class: 305K(512K)->305K(512K)
[2026-06-17T09:54:40.894+0800][57.142s][info][gc             ] GC(1537) Pause Young (Allocation Failure) 39M->27M(61M) 8.034ms
[2026-06-17T09:54:40.894+0800][57.142s][info][gc,cpu         ] GC(1537) User=0.01s Sys=0.00s Real=0.01s
[2026-06-17T09:54:40.940+0800][57.188s][info][gc,start       ] GC(1538) Pause Young (Allocation Failure)
[2026-06-17T09:54:40.941+0800][57.189s][info][gc,task        ] GC(1538) Using 2 workers of 18 for evacuation
[2026-06-17T09:54:40.944+0800][57.192s][info][gc,heap        ] GC(1538) ParNew: 19490K->2149K(19648K)
[2026-06-17T09:54:40.945+0800][57.193s][info][gc,heap        ] GC(1538) CMS: 25556K->27981K(43712K)
[2026-06-17T09:54:40.945+0800][57.193s][info][gc,metaspace   ] GC(1538) Metaspace: 3166K(4864K)->3166K(4864K) NonClass: 2861K(4352K)->2861K(4352K) Class: 305K(512K)->305K(512K)
[2026-06-17T09:54:40.946+0800][57.194s][info][gc             ] GC(1538) Pause Young (Allocation Failure) 43M->29M(61M) 5.816ms
[2026-06-17T09:54:40.946+0800][57.194s][info][gc,cpu         ] GC(1538) User=0.00s Sys=0.00s Real=0.01s
[2026-06-17T09:54:40.991+0800][57.239s][info][gc,start       ] GC(1539) Pause Young (Allocation Failure)
[2026-06-17T09:54:40.992+0800][57.240s][info][gc,task        ] GC(1539) Using 2 workers of 18 for evacuation
[2026-06-17T09:54:40.994+0800][57.242s][info][gc,heap        ] GC(1539) ParNew: 19621K->2172K(19648K)
[2026-06-17T09:54:40.995+0800][57.243s][info][gc,heap        ] GC(1539) CMS: 27981K->35106K(43712K)
[2026-06-17T09:54:40.996+0800][57.244s][info][gc,metaspace   ] GC(1539) Metaspace: 3166K(4864K)->3166K(4864K) NonClass: 2861K(4352K)->2861K(4352K) Class: 305K(512K)->305K(512K)
[2026-06-17T09:54:40.998+0800][57.246s][info][gc             ] GC(1539) Pause Young (Allocation Failure) 46M->36M(61M) 7.161ms
[2026-06-17T09:54:40.999+0800][57.247s][info][gc,cpu         ] GC(1539) User=0.01s Sys=0.00s Real=0.00s
[2026-06-17T09:54:41.001+0800][57.249s][info][gc,start       ] GC(1540) Pause Initial Mark
[2026-06-17T09:54:41.002+0800][57.250s][info][gc             ] GC(1540) Pause Initial Mark 36M->36M(61M) 1.284ms
[2026-06-17T09:54:41.003+0800][57.251s][info][gc,cpu         ] GC(1540) User=0.00s Sys=0.00s Real=0.01s
[2026-06-17T09:54:41.004+0800][57.252s][info][gc             ] GC(1540) Concurrent Mark
[2026-06-17T09:54:41.006+0800][57.254s][info][gc,task        ] GC(1540) Using 2 workers of 5 for marking
[2026-06-17T09:54:41.009+0800][57.257s][info][gc             ] GC(1540) Concurrent Mark 4.768ms
[2026-06-17T09:54:41.010+0800][57.258s][info][gc,cpu         ] GC(1540) User=0.00s Sys=0.00s Real=0.00s
[2026-06-17T09:54:41.011+0800][57.259s][info][gc             ] GC(1540) Concurrent Preclean
[2026-06-17T09:54:41.012+0800][57.260s][info][gc             ] GC(1540) Concurrent Preclean 1.189ms
[2026-06-17T09:54:41.013+0800][57.261s][info][gc,cpu         ] GC(1540) User=0.00s Sys=0.00s Real=0.00s
[2026-06-17T09:54:41.013+0800][57.262s][info][gc             ] GC(1540) Concurrent Abortable Preclean
[2026-06-17T09:54:41.054+0800][57.302s][info][gc,start       ] GC(1541) Pause Young (Allocation Failure)
[2026-06-17T09:54:41.055+0800][57.303s][info][gc,task        ] GC(1541) Using 2 workers of 18 for evacuation
[2026-06-17T09:54:41.056+0800][57.304s][info][gc,start       ] GC(1542) Pause Full (Allocation Failure)
[2026-06-17T09:54:41.057+0800][57.305s][info][gc             ] GC(1540) Concurrent Abortable Preclean 43.329ms
[2026-06-17T09:54:41.057+0800][57.306s][info][gc,cpu         ] GC(1540) User=0.00s Sys=0.00s Real=0.04s
[2026-06-17T09:54:41.059+0800][57.307s][info][gc,phases,start] GC(1542) Phase 1: Mark live objects
[2026-06-17T09:54:41.060+0800][57.308s][info][gc,phases      ] GC(1542) Phase 1: Mark live objects 1.078ms
[2026-06-17T09:54:41.061+0800][57.309s][info][gc,phases,start] GC(1542) Phase 2: Compute new object addresses
[2026-06-17T09:54:41.062+0800][57.310s][info][gc,phases      ] GC(1542) Phase 2: Compute new object addresses 1.199ms
[2026-06-17T09:54:41.063+0800][57.311s][info][gc,phases,start] GC(1542) Phase 3: Adjust pointers
[2026-06-17T09:54:41.064+0800][57.312s][info][gc,phases      ] GC(1542) Phase 3: Adjust pointers 0.785ms
[2026-06-17T09:54:41.065+0800][57.313s][info][gc,phases,start] GC(1542) Phase 4: Move objects
[2026-06-17T09:54:41.069+0800][57.317s][info][gc,phases      ] GC(1542) Phase 4: Move objects 4.353ms
[2026-06-17T09:54:41.070+0800][57.318s][info][gc             ] GC(1542) Pause Full (Allocation Failure) 53M->23M(61M) 14.377ms
[2026-06-17T09:54:41.070+0800][57.319s][info][gc,heap        ] GC(1541) ParNew: 19622K->0K(19648K)
[2026-06-17T09:54:41.071+0800][57.319s][info][gc,heap        ] GC(1541) CMS: 35106K->24217K(43712K)
[2026-06-17T09:54:41.071+0800][57.320s][info][gc,metaspace   ] GC(1541) Metaspace: 3166K(4864K)->3166K(4864K) NonClass: 2861K(4352K)->2861K(4352K) Class: 305K(512K)->305K(512K)
[2026-06-17T09:54:41.072+0800][57.320s][info][gc             ] GC(1541) Pause Young (Allocation Failure) 53M->23M(61M) 18.006ms
[2026-06-17T09:54:41.072+0800][57.321s][info][gc,cpu         ] GC(1541) User=0.01s Sys=0.00s Real=0.02s
[2026-06-17T09:54:41.105+0800][57.353s][info][gc,start       ] GC(1543) Pause Young (Allocation Failure)
[2026-06-17T09:54:41.106+0800][57.354s][info][gc,task        ] GC(1543) Using 2 workers of 18 for evacuation
[2026-06-17T09:54:41.107+0800][57.355s][info][gc,heap        ] GC(1543) ParNew: 16671K->2173K(19648K)
[2026-06-17T09:54:41.107+0800][57.356s][info][gc,heap        ] GC(1543) CMS: 24217K->28345K(43712K)
[2026-06-17T09:54:41.108+0800][57.356s][info][gc,metaspace   ] GC(1543) Metaspace: 3166K(4864K)->3166K(4864K) NonClass: 2861K(4352K)->2861K(4352K) Class: 305K(512K)->305K(512K)
[2026-06-17T09:54:41.108+0800][57.356s][info][gc             ] GC(1543) Pause Young (Allocation Failure) 39M->29M(61M) 2.575ms
[2026-06-17T09:54:41.108+0800][57.357s][info][gc,cpu         ] GC(1543) User=0.00s Sys=0.00s Real=0.00s
[2026-06-17T09:54:41.152+0800][57.400s][info][gc,start       ] GC(1544) Pause Young (Allocation Failure)
[2026-06-17T09:54:41.152+0800][57.401s][info][gc,task        ] GC(1544) Using 2 workers of 18 for evacuation
[2026-06-17T09:54:41.154+0800][57.403s][info][gc,heap        ] GC(1544) ParNew: 19645K->2169K(19648K)
[2026-06-17T09:54:41.155+0800][57.403s][info][gc,heap        ] GC(1544) CMS: 28345K->34866K(43712K)
[2026-06-17T09:54:41.156+0800][57.404s][info][gc,metaspace   ] GC(1544) Metaspace: 3166K(4864K)->3166K(4864K) NonClass: 2861K(4352K)->2861K(4352K) Class: 305K(512K)->305K(512K)
[2026-06-17T09:54:41.156+0800][57.404s][info][gc             ] GC(1544) Pause Young (Allocation Failure) 46M->36M(61M) 4.437ms
[2026-06-17T09:54:41.157+0800][57.405s][info][gc,cpu         ] GC(1544) User=0.01s Sys=0.00s Real=0.00s
[2026-06-17T09:54:41.157+0800][57.405s][info][gc,start       ] GC(1545) Pause Initial Mark
[2026-06-17T09:54:41.158+0800][57.406s][info][gc             ] GC(1545) Pause Initial Mark 36M->36M(61M) 0.601ms
[2026-06-17T09:54:41.158+0800][57.407s][info][gc,cpu         ] GC(1545) User=0.00s Sys=0.00s Real=0.00s
[2026-06-17T09:54:41.159+0800][57.407s][info][gc             ] GC(1545) Concurrent Mark
[2026-06-17T09:54:41.160+0800][57.408s][info][gc,task        ] GC(1545) Using 2 workers of 5 for marking
[2026-06-17T09:54:41.161+0800][57.409s][info][gc             ] GC(1545) Concurrent Mark 2.122ms
[2026-06-17T09:54:41.162+0800][57.410s][info][gc,cpu         ] GC(1545) User=0.00s Sys=0.00s Real=0.00s
[2026-06-17T09:54:41.162+0800][57.410s][info][gc             ] GC(1545) Concurrent Preclean
[2026-06-17T09:54:41.163+0800][57.411s][info][gc             ] GC(1545) Concurrent Preclean 0.537ms
[2026-06-17T09:54:41.163+0800][57.411s][info][gc,cpu         ] GC(1545) User=0.00s Sys=0.00s Real=0.01s
[2026-06-17T09:54:41.164+0800][57.412s][info][gc,start       ] GC(1545) Pause Remark
[2026-06-17T09:54:41.164+0800][57.413s][info][gc             ] GC(1545) Pause Remark 36M->36M(61M) 0.777ms
[2026-06-17T09:54:41.165+0800][57.413s][info][gc,cpu         ] GC(1545) User=0.00s Sys=0.00s Real=0.00s
[2026-06-17T09:54:41.166+0800][57.414s][info][gc             ] GC(1545) Concurrent Sweep
[2026-06-17T09:54:41.167+0800][57.415s][info][gc             ] GC(1545) Concurrent Sweep 1.023ms
[2026-06-17T09:54:41.167+0800][57.415s][info][gc,cpu         ] GC(1545) User=0.00s Sys=0.00s Real=0.00s
[2026-06-17T09:54:41.168+0800][57.416s][info][gc             ] GC(1545) Concurrent Reset
[2026-06-17T09:54:41.169+0800][57.417s][info][gc             ] GC(1545) Concurrent Reset 0.696ms
[2026-06-17T09:54:41.169+0800][57.417s][info][gc,cpu         ] GC(1545) User=0.00s Sys=0.00s Real=0.00s
[2026-06-17T09:54:41.170+0800][57.418s][info][gc,heap        ] GC(1545) Old: 34866K->31432K(43712K)
[2026-06-17T09:54:41.210+0800][57.458s][info][gc,start       ] GC(1546) Pause Young (Allocation Failure)
[2026-06-17T09:54:41.210+0800][57.459s][info][gc,task        ] GC(1546) Using 2 workers of 18 for evacuation
[2026-06-17T09:54:41.212+0800][57.460s][info][gc,heap        ] GC(1546) ParNew: 19641K->2172K(19648K)
[2026-06-17T09:54:41.212+0800][57.460s][info][gc,heap        ] GC(1546) CMS: 31432K->33981K(43712K)
[2026-06-17T09:54:41.213+0800][57.461s][info][gc,metaspace   ] GC(1546) Metaspace: 3166K(4864K)->3166K(4864K) NonClass: 2861K(4352K)->2861K(4352K) Class: 305K(512K)->305K(512K)
[2026-06-17T09:54:41.213+0800][57.462s][info][gc             ] GC(1546) Pause Young (Allocation Failure) 49M->35M(61M) 3.769ms
[2026-06-17T09:54:41.214+0800][57.462s][info][gc,cpu         ] GC(1546) User=0.00s Sys=0.00s Real=0.01s
[2026-06-17T09:54:41.215+0800][57.463s][info][gc,start       ] GC(1547) Pause Initial Mark
[2026-06-17T09:54:41.216+0800][57.464s][info][gc             ] GC(1547) Pause Initial Mark 36M->36M(61M) 0.877ms
[2026-06-17T09:54:41.216+0800][57.465s][info][gc,cpu         ] GC(1547) User=0.00s Sys=0.00s Real=0.00s
[2026-06-17T09:54:41.217+0800][57.465s][info][gc             ] GC(1547) Concurrent Mark
[2026-06-17T09:54:41.218+0800][57.466s][info][gc,task        ] GC(1547) Using 2 workers of 5 for marking
[2026-06-17T09:54:41.219+0800][57.467s][info][gc             ] GC(1547) Concurrent Mark 1.930ms
[2026-06-17T09:54:41.220+0800][57.468s][info][gc,cpu         ] GC(1547) User=0.01s Sys=0.00s Real=0.00s
[2026-06-17T09:54:41.220+0800][57.468s][info][gc             ] GC(1547) Concurrent Preclean
[2026-06-17T09:54:41.221+0800][57.469s][info][gc             ] GC(1547) Concurrent Preclean 0.629ms
[2026-06-17T09:54:41.221+0800][57.470s][info][gc,cpu         ] GC(1547) User=0.00s Sys=0.00s Real=0.00s
[2026-06-17T09:54:41.222+0800][57.470s][info][gc             ] GC(1547) Concurrent Abortable Preclean
[2026-06-17T09:54:41.259+0800][57.507s][info][gc,start       ] GC(1548) Pause Young (Allocation Failure)
[2026-06-17T09:54:41.260+0800][57.508s][info][gc,task        ] GC(1548) Using 2 workers of 18 for evacuation
[2026-06-17T09:54:41.261+0800][57.510s][info][gc,heap        ] GC(1548) ParNew: 19593K->2166K(19648K)
[2026-06-17T09:54:41.262+0800][57.510s][info][gc,heap        ] GC(1548) CMS: 33981K->37934K(43712K)
[2026-06-17T09:54:41.263+0800][57.511s][info][gc,metaspace   ] GC(1548) Metaspace: 3166K(4864K)->3166K(4864K) NonClass: 2861K(4352K)->2861K(4352K) Class: 305K(512K)->305K(512K)
[2026-06-17T09:54:41.263+0800][57.512s][info][gc             ] GC(1548) Pause Young (Allocation Failure) 52M->39M(61M) 4.084ms
[2026-06-17T09:54:41.264+0800][57.512s][info][gc,cpu         ] GC(1548) User=0.00s Sys=0.00s Real=0.01s
[2026-06-17T09:54:41.308+0800][57.556s][info][gc,start       ] GC(1549) Pause Young (Allocation Failure)
[2026-06-17T09:54:41.309+0800][57.557s][info][gc,task        ] GC(1549) Using 2 workers of 18 for evacuation
[2026-06-17T09:54:41.309+0800][57.557s][info][gc,start       ] GC(1550) Pause Full (Allocation Failure)
[2026-06-17T09:54:41.310+0800][57.558s][info][gc             ] GC(1547) Concurrent Abortable Preclean 88.116ms
[2026-06-17T09:54:41.311+0800][57.559s][info][gc,cpu         ] GC(1547) User=0.00s Sys=0.00s Real=0.10s
[2026-06-17T09:54:41.312+0800][57.560s][info][gc,phases,start] GC(1550) Phase 1: Mark live objects
[2026-06-17T09:54:41.312+0800][57.561s][info][gc,phases      ] GC(1550) Phase 1: Mark live objects 0.914ms
[2026-06-17T09:54:41.313+0800][57.561s][info][gc,phases,start] GC(1550) Phase 2: Compute new object addresses
[2026-06-17T09:54:41.314+0800][57.562s][info][gc,phases      ] GC(1550) Phase 2: Compute new object addresses 0.842ms
[2026-06-17T09:54:41.314+0800][57.562s][info][gc,phases,start] GC(1550) Phase 3: Adjust pointers
[2026-06-17T09:54:41.315+0800][57.563s][info][gc,phases      ] GC(1550) Phase 3: Adjust pointers 0.999ms
[2026-06-17T09:54:41.316+0800][57.564s][info][gc,phases,start] GC(1550) Phase 4: Move objects
[2026-06-17T09:54:41.321+0800][57.569s][info][gc,phases      ] GC(1550) Phase 4: Move objects 4.790ms
[2026-06-17T09:54:41.321+0800][57.570s][info][gc             ] GC(1550) Pause Full (Allocation Failure) 56M->29M(61M) 12.131ms
[2026-06-17T09:54:41.322+0800][57.570s][info][gc,heap        ] GC(1549) ParNew: 19589K->0K(19648K)
[2026-06-17T09:54:41.323+0800][57.571s][info][gc,heap        ] GC(1549) CMS: 37934K->30697K(43712K)
[2026-06-17T09:54:41.323+0800][57.571s][info][gc,metaspace   ] GC(1549) Metaspace: 3166K(4864K)->3166K(4864K) NonClass: 2861K(4352K)->2861K(4352K) Class: 305K(512K)->305K(512K)
[2026-06-17T09:54:41.324+0800][57.572s][info][gc             ] GC(1549) Pause Young (Allocation Failure) 56M->29M(61M) 15.866ms
[2026-06-17T09:54:41.324+0800][57.572s][info][gc,cpu         ] GC(1549) User=0.01s Sys=0.00s Real=0.02s
[2026-06-17T09:54:41.367+0800][57.615s][info][gc,start       ] GC(1551) Pause Young (Allocation Failure)
[2026-06-17T09:54:41.368+0800][57.616s][info][gc,task        ] GC(1551) Using 2 workers of 18 for evacuation
[2026-06-17T09:54:41.369+0800][57.617s][info][gc,heap        ] GC(1551) ParNew: 17424K->2173K(19648K)
[2026-06-17T09:54:41.370+0800][57.618s][info][gc,heap        ] GC(1551) CMS: 30697K->35190K(43712K)
[2026-06-17T09:54:41.370+0800][57.618s][info][gc,metaspace   ] GC(1551) Metaspace: 3166K(4864K)->3166K(4864K) NonClass: 2861K(4352K)->2861K(4352K) Class: 305K(512K)->305K(512K)
[2026-06-17T09:54:41.371+0800][57.619s][info][gc             ] GC(1551) Pause Young (Allocation Failure) 46M->36M(61M) 3.530ms
[2026-06-17T09:54:41.371+0800][57.619s][info][gc,cpu         ] GC(1551) User=0.00s Sys=0.00s Real=0.01s
[2026-06-17T09:54:41.372+0800][57.620s][info][gc,start       ] GC(1552) Pause Initial Mark
[2026-06-17T09:54:41.372+0800][57.621s][info][gc             ] GC(1552) Pause Initial Mark 37M->37M(61M) 0.552ms
[2026-06-17T09:54:41.373+0800][57.621s][info][gc,cpu         ] GC(1552) User=0.00s Sys=0.00s Real=0.00s
[2026-06-17T09:54:41.374+0800][57.622s][info][gc             ] GC(1552) Concurrent Mark
[2026-06-17T09:54:41.374+0800][57.622s][info][gc,task        ] GC(1552) Using 2 workers of 5 for marking
[2026-06-17T09:54:41.375+0800][57.623s][info][gc             ] GC(1552) Concurrent Mark 1.492ms
[2026-06-17T09:54:41.376+0800][57.624s][info][gc,cpu         ] GC(1552) User=0.00s Sys=0.00s Real=0.00s
[2026-06-17T09:54:41.376+0800][57.624s][info][gc             ] GC(1552) Concurrent Preclean
[2026-06-17T09:54:41.377+0800][57.625s][info][gc             ] GC(1552) Concurrent Preclean 0.655ms
[2026-06-17T09:54:41.377+0800][57.626s][info][gc,cpu         ] GC(1552) User=0.00s Sys=0.00s Real=0.00s
[2026-06-17T09:54:41.378+0800][57.626s][info][gc             ] GC(1552) Concurrent Abortable Preclean
[2026-06-17T09:54:41.416+0800][57.664s][info][gc,start       ] GC(1553) Pause Young (Allocation Failure)
[2026-06-17T09:54:41.417+0800][57.665s][info][gc,task        ] GC(1553) Using 2 workers of 18 for evacuation
[2026-06-17T09:54:41.419+0800][57.667s][info][gc,heap        ] GC(1553) ParNew: 19645K->2082K(19648K)
[2026-06-17T09:54:41.419+0800][57.667s][info][gc,heap        ] GC(1553) CMS: 35190K->41187K(43712K)
[2026-06-17T09:54:41.420+0800][57.668s][info][gc,metaspace   ] GC(1553) Metaspace: 3166K(4864K)->3166K(4864K) NonClass: 2861K(4352K)->2861K(4352K) Class: 305K(512K)->305K(512K)
[2026-06-17T09:54:41.421+0800][57.669s][info][gc             ] GC(1553) Pause Young (Allocation Failure) 53M->42M(61M) 4.832ms
[2026-06-17T09:54:41.421+0800][57.669s][info][gc,cpu         ] GC(1553) User=0.01s Sys=0.00s Real=0.00s
[2026-06-17T09:54:41.464+0800][57.713s][info][gc,start       ] GC(1554) Pause Young (Allocation Failure)
[2026-06-17T09:54:41.465+0800][57.713s][info][gc,task        ] GC(1554) Using 2 workers of 18 for evacuation
[2026-06-17T09:54:41.466+0800][57.714s][info][gc,start       ] GC(1555) Pause Full (Allocation Failure)
[2026-06-17T09:54:41.467+0800][57.715s][info][gc             ] GC(1552) Concurrent Abortable Preclean 88.690ms
[2026-06-17T09:54:41.467+0800][57.716s][info][gc,cpu         ] GC(1552) User=0.01s Sys=0.00s Real=0.09s
[2026-06-17T09:54:41.468+0800][57.716s][info][gc,phases,start] GC(1555) Phase 1: Mark live objects
[2026-06-17T09:54:41.471+0800][57.719s][info][gc,phases      ] GC(1555) Phase 1: Mark live objects 2.349ms
[2026-06-17T09:54:41.471+0800][57.719s][info][gc,phases,start] GC(1555) Phase 2: Compute new object addresses
[2026-06-17T09:54:41.474+0800][57.722s][info][gc,phases      ] GC(1555) Phase 2: Compute new object addresses 2.284ms
[2026-06-17T09:54:41.474+0800][57.722s][info][gc,phases,start] GC(1555) Phase 3: Adjust pointers
[2026-06-17T09:54:41.476+0800][57.724s][info][gc,phases      ] GC(1555) Phase 3: Adjust pointers 1.917ms
[2026-06-17T09:54:41.477+0800][57.725s][info][gc,phases,start] GC(1555) Phase 4: Move objects
[2026-06-17T09:54:41.480+0800][57.729s][info][gc,phases      ] GC(1555) Phase 4: Move objects 3.400ms
[2026-06-17T09:54:41.481+0800][57.729s][info][gc             ] GC(1555) Pause Full (Allocation Failure) 59M->30M(61M) 15.081ms
[2026-06-17T09:54:41.482+0800][57.730s][info][gc,heap        ] GC(1554) ParNew: 19541K->0K(19648K)
[2026-06-17T09:54:41.483+0800][57.731s][info][gc,heap        ] GC(1554) CMS: 41187K->30867K(43712K)
[2026-06-17T09:54:41.483+0800][57.731s][info][gc,metaspace   ] GC(1554) Metaspace: 3166K(4864K)->3166K(4864K) NonClass: 2861K(4352K)->2861K(4352K) Class: 305K(512K)->305K(512K)
[2026-06-17T09:54:41.484+0800][57.732s][info][gc             ] GC(1554) Pause Young (Allocation Failure) 59M->30M(61M) 19.338ms
[2026-06-17T09:54:41.485+0800][57.733s][info][gc,cpu         ] GC(1554) User=0.01s Sys=0.00s Real=0.02s
[2026-06-17T09:54:41.538+0800][57.786s][info][gc,start       ] GC(1556) Pause Young (Allocation Failure)
[2026-06-17T09:54:41.539+0800][57.787s][info][gc,task        ] GC(1556) Using 2 workers of 18 for evacuation
[2026-06-17T09:54:41.540+0800][57.788s][info][gc,heap        ] GC(1556) ParNew: 17472K->2164K(19648K)
[2026-06-17T09:54:41.540+0800][57.788s][info][gc,heap        ] GC(1556) CMS: 30867K->32570K(43712K)
[2026-06-17T09:54:41.541+0800][57.789s][info][gc,metaspace   ] GC(1556) Metaspace: 3166K(4864K)->3166K(4864K) NonClass: 2861K(4352K)->2861K(4352K) Class: 305K(512K)->305K(512K)
[2026-06-17T09:54:41.542+0800][57.790s][info][gc             ] GC(1556) Pause Young (Allocation Failure) 47M->33M(61M) 3.495ms
[2026-06-17T09:54:41.542+0800][57.790s][info][gc,cpu         ] GC(1556) User=0.00s Sys=0.00s Real=0.00s
[2026-06-17T09:54:41.585+0800][57.833s][info][gc,start       ] GC(1557) Pause Young (Allocation Failure)
[2026-06-17T09:54:41.585+0800][57.833s][info][gc,task        ] GC(1557) Using 2 workers of 18 for evacuation
[2026-06-17T09:54:41.586+0800][57.834s][info][gc,heap        ] GC(1557) ParNew: 19623K->2174K(19648K)
[2026-06-17T09:54:41.587+0800][57.835s][info][gc,heap        ] GC(1557) CMS: 32570K->36083K(43712K)
[2026-06-17T09:54:41.587+0800][57.836s][info][gc,metaspace   ] GC(1557) Metaspace: 3166K(4864K)->3166K(4864K) NonClass: 2861K(4352K)->2861K(4352K) Class: 305K(512K)->305K(512K)
[2026-06-17T09:54:41.588+0800][57.836s][info][gc             ] GC(1557) Pause Young (Allocation Failure) 50M->37M(61M) 3.398ms
[2026-06-17T09:54:41.589+0800][57.837s][info][gc,cpu         ] GC(1557) User=0.00s Sys=0.00s Real=0.00s
[2026-06-17T09:54:41.590+0800][57.838s][info][gc,start       ] GC(1558) Pause Initial Mark
[2026-06-17T09:54:41.591+0800][57.839s][info][gc             ] GC(1558) Pause Initial Mark 38M->38M(61M) 0.914ms
[2026-06-17T09:54:41.591+0800][57.839s][info][gc,cpu         ] GC(1558) User=0.00s Sys=0.00s Real=0.01s
[2026-06-17T09:54:41.592+0800][57.840s][info][gc             ] GC(1558) Concurrent Mark
[2026-06-17T09:54:41.593+0800][57.841s][info][gc,task        ] GC(1558) Using 2 workers of 5 for marking
[2026-06-17T09:54:41.595+0800][57.843s][info][gc             ] GC(1558) Concurrent Mark 2.800ms
[2026-06-17T09:54:41.595+0800][57.844s][info][gc,cpu         ] GC(1558) User=0.01s Sys=0.00s Real=0.00s
[2026-06-17T09:54:41.596+0800][57.844s][info][gc             ] GC(1558) Concurrent Preclean
[2026-06-17T09:54:41.596+0800][57.845s][info][gc             ] GC(1558) Concurrent Preclean 0.493ms
[2026-06-17T09:54:41.597+0800][57.845s][info][gc,cpu         ] GC(1558) User=0.00s Sys=0.00s Real=0.00s
[2026-06-17T09:54:41.597+0800][57.845s][info][gc             ] GC(1558) Concurrent Abortable Preclean
[2026-06-17T09:54:41.635+0800][57.883s][info][gc,start       ] GC(1559) Pause Young (Allocation Failure)
[2026-06-17T09:54:41.636+0800][57.884s][info][gc,task        ] GC(1559) Using 2 workers of 18 for evacuation
[2026-06-17T09:54:41.639+0800][57.887s][info][gc,heap        ] GC(1559) ParNew: 19644K->2163K(19648K)
[2026-06-17T09:54:41.640+0800][57.888s][info][gc,heap        ] GC(1559) CMS: 36083K->39277K(43712K)
[2026-06-17T09:54:41.640+0800][57.888s][info][gc,metaspace   ] GC(1559) Metaspace: 3166K(4864K)->3166K(4864K) NonClass: 2861K(4352K)->2861K(4352K) Class: 305K(512K)->305K(512K)
[2026-06-17T09:54:41.641+0800][57.889s][info][gc             ] GC(1559) Pause Young (Allocation Failure) 54M->40M(61M) 5.831ms
[2026-06-17T09:54:41.642+0800][57.890s][info][gc,cpu         ] GC(1559) User=0.00s Sys=0.00s Real=0.00s
[2026-06-17T09:54:41.686+0800][57.934s][info][gc,start       ] GC(1560) Pause Young (Allocation Failure)
[2026-06-17T09:54:41.687+0800][57.935s][info][gc,task        ] GC(1560) Using 2 workers of 18 for evacuation
[2026-06-17T09:54:41.689+0800][57.937s][info][gc,promotion   ] Promotion failed
[2026-06-17T09:54:41.690+0800][57.938s][info][gc,start       ] GC(1561) Pause Full (Allocation Failure)
[2026-06-17T09:54:41.691+0800][57.939s][info][gc             ] GC(1558) Concurrent Abortable Preclean 93.502ms
[2026-06-17T09:54:41.692+0800][57.940s][info][gc,cpu         ] GC(1558) User=0.01s Sys=0.00s Real=0.10s
[2026-06-17T09:54:41.692+0800][57.941s][info][gc,phases,start] GC(1561) Phase 1: Mark live objects
[2026-06-17T09:54:41.694+0800][57.942s][info][gc,phases      ] GC(1561) Phase 1: Mark live objects 1.777ms
[2026-06-17T09:54:41.695+0800][57.943s][info][gc,phases,start] GC(1561) Phase 2: Compute new object addresses
[2026-06-17T09:54:41.696+0800][57.944s][info][gc,phases      ] GC(1561) Phase 2: Compute new object addresses 0.845ms
[2026-06-17T09:54:41.697+0800][57.945s][info][gc,phases,start] GC(1561) Phase 3: Adjust pointers
[2026-06-17T09:54:41.699+0800][57.947s][info][gc,phases      ] GC(1561) Phase 3: Adjust pointers 1.720ms
[2026-06-17T09:54:41.700+0800][57.948s][info][gc,phases,start] GC(1561) Phase 4: Move objects
[2026-06-17T09:54:41.704+0800][57.952s][info][gc,phases      ] GC(1561) Phase 4: Move objects 4.138ms
[2026-06-17T09:54:41.705+0800][57.953s][info][gc             ] GC(1561) Pause Full (Allocation Failure) 61M->31M(61M) 15.191ms
[2026-06-17T09:54:41.706+0800][57.954s][info][gc,heap        ] GC(1560) ParNew: 19635K->0K(19648K)
[2026-06-17T09:54:41.706+0800][57.954s][info][gc,heap        ] GC(1560) CMS: 39277K->31786K(43712K)
[2026-06-17T09:54:41.707+0800][57.955s][info][gc,metaspace   ] GC(1560) Metaspace: 3166K(4864K)->3166K(4864K) NonClass: 2861K(4352K)->2861K(4352K) Class: 305K(512K)->305K(512K)
[2026-06-17T09:54:41.708+0800][57.956s][info][gc             ] GC(1560) Pause Young (Allocation Failure) 57M->31M(61M) 22.056ms
[2026-06-17T09:54:41.708+0800][57.957s][info][gc,cpu         ] GC(1560) User=0.01s Sys=0.00s Real=0.02s
[2026-06-17T09:54:41.752+0800][58.000s][info][gc,start       ] GC(1562) Pause Young (Allocation Failure)
[2026-06-17T09:54:41.753+0800][58.001s][info][gc,task        ] GC(1562) Using 2 workers of 18 for evacuation
[2026-06-17T09:54:41.755+0800][58.003s][info][gc,heap        ] GC(1562) ParNew: 17452K->2172K(19648K)
[2026-06-17T09:54:41.756+0800][58.004s][info][gc,heap        ] GC(1562) CMS: 31786K->36288K(43712K)
[2026-06-17T09:54:41.757+0800][58.005s][info][gc,metaspace   ] GC(1562) Metaspace: 3166K(4864K)->3166K(4864K) NonClass: 2861K(4352K)->2861K(4352K) Class: 305K(512K)->305K(512K)
[2026-06-17T09:54:41.758+0800][58.006s][info][gc             ] GC(1562) Pause Young (Allocation Failure) 48M->37M(61M) 5.353ms
[2026-06-17T09:54:41.758+0800][58.007s][info][gc,cpu         ] GC(1562) User=0.01s Sys=0.00s Real=0.00s
[2026-06-17T09:54:41.760+0800][58.008s][info][gc,start       ] GC(1563) Pause Initial Mark
[2026-06-17T09:54:41.761+0800][58.009s][info][gc             ] GC(1563) Pause Initial Mark 38M->38M(61M) 1.020ms
[2026-06-17T09:54:41.761+0800][58.010s][info][gc,cpu         ] GC(1563) User=0.00s Sys=0.00s Real=0.00s
[2026-06-17T09:54:41.762+0800][58.011s][info][gc             ] GC(1563) Concurrent Mark
[2026-06-17T09:54:41.763+0800][58.011s][info][gc,task        ] GC(1563) Using 2 workers of 5 for marking
[2026-06-17T09:54:41.765+0800][58.013s][info][gc             ] GC(1563) Concurrent Mark 2.869ms
[2026-06-17T09:54:41.766+0800][58.014s][info][gc,cpu         ] GC(1563) User=0.00s Sys=0.00s Real=0.01s
[2026-06-17T09:54:41.767+0800][58.015s][info][gc             ] GC(1563) Concurrent Preclean
[2026-06-17T09:54:41.768+0800][58.016s][info][gc             ] GC(1563) Concurrent Preclean 0.814ms
[2026-06-17T09:54:41.768+0800][58.016s][info][gc,cpu         ] GC(1563) User=0.00s Sys=0.00s Real=0.00s
[2026-06-17T09:54:41.769+0800][58.017s][info][gc,start       ] GC(1563) Pause Remark
[2026-06-17T09:54:41.770+0800][58.019s][info][gc             ] GC(1563) Pause Remark 38M->38M(61M) 1.330ms
[2026-06-17T09:54:41.771+0800][58.019s][info][gc,cpu         ] GC(1563) User=0.00s Sys=0.00s Real=0.01s
[2026-06-17T09:54:41.772+0800][58.020s][info][gc             ] GC(1563) Concurrent Sweep
[2026-06-17T09:54:41.773+0800][58.021s][info][gc             ] GC(1563) Concurrent Sweep 0.894ms
[2026-06-17T09:54:41.773+0800][58.021s][info][gc,cpu         ] GC(1563) User=0.00s Sys=0.00s Real=0.00s
[2026-06-17T09:54:41.774+0800][58.022s][info][gc             ] GC(1563) Concurrent Reset
[2026-06-17T09:54:41.774+0800][58.022s][info][gc             ] GC(1563) Concurrent Reset 0.520ms
[2026-06-17T09:54:41.775+0800][58.023s][info][gc,cpu         ] GC(1563) User=0.00s Sys=0.00s Real=0.00s
[2026-06-17T09:54:41.775+0800][58.023s][info][gc,heap        ] GC(1563) Old: 36288K->34141K(43712K)
[2026-06-17T09:54:41.804+0800][58.052s][info][gc,start       ] GC(1564) Pause Young (Allocation Failure)
[2026-06-17T09:54:41.805+0800][58.053s][info][gc,task        ] GC(1564) Using 2 workers of 18 for evacuation
[2026-06-17T09:54:41.809+0800][58.057s][info][gc,heap        ] GC(1564) ParNew: 19638K->2167K(19648K)
[2026-06-17T09:54:41.810+0800][58.058s][info][gc,heap        ] GC(1564) CMS: 34141K->38780K(43712K)
[2026-06-17T09:54:41.811+0800][58.059s][info][gc,metaspace   ] GC(1564) Metaspace: 3166K(4864K)->3166K(4864K) NonClass: 2861K(4352K)->2861K(4352K) Class: 305K(512K)->305K(512K)
[2026-06-17T09:54:41.811+0800][58.059s][info][gc             ] GC(1564) Pause Young (Allocation Failure) 52M->39M(61M) 7.308ms
[2026-06-17T09:54:41.812+0800][58.060s][info][gc,cpu         ] GC(1564) User=0.01s Sys=0.00s Real=0.01s
[2026-06-17T09:54:41.813+0800][58.061s][info][gc,start       ] GC(1565) Pause Initial Mark
[2026-06-17T09:54:41.814+0800][58.062s][info][gc             ] GC(1565) Pause Initial Mark 40M->40M(61M) 0.744ms
[2026-06-17T09:54:41.814+0800][58.062s][info][gc,cpu         ] GC(1565) User=0.00s Sys=0.00s Real=0.00s
[2026-06-17T09:54:41.815+0800][58.063s][info][gc             ] GC(1565) Concurrent Mark
[2026-06-17T09:54:41.816+0800][58.064s][info][gc,task        ] GC(1565) Using 2 workers of 5 for marking
[2026-06-17T09:54:41.817+0800][58.066s][info][gc             ] GC(1565) Concurrent Mark 2.603ms
[2026-06-17T09:54:41.818+0800][58.066s][info][gc,cpu         ] GC(1565) User=0.00s Sys=0.00s Real=0.00s
[2026-06-17T09:54:41.819+0800][58.067s][info][gc             ] GC(1565) Concurrent Preclean
[2026-06-17T09:54:41.819+0800][58.067s][info][gc             ] GC(1565) Concurrent Preclean 0.623ms
[2026-06-17T09:54:41.820+0800][58.068s][info][gc,cpu         ] GC(1565) User=0.00s Sys=0.00s Real=0.00s
[2026-06-17T09:54:41.820+0800][58.068s][info][gc             ] GC(1565) Concurrent Abortable Preclean
[2026-06-17T09:54:41.821+0800][58.069s][info][gc             ] GC(1565) Concurrent Abortable Preclean 0.572ms
[2026-06-17T09:54:41.821+0800][58.070s][info][gc,cpu         ] GC(1565) User=0.00s Sys=0.00s Real=0.00s
[2026-06-17T09:54:41.822+0800][58.070s][info][gc,start       ] GC(1565) Pause Remark
[2026-06-17T09:54:41.824+0800][58.072s][info][gc             ] GC(1565) Pause Remark 42M->42M(61M) 1.431ms
[2026-06-17T09:54:41.824+0800][58.072s][info][gc,cpu         ] GC(1565) User=0.00s Sys=0.00s Real=0.01s
[2026-06-17T09:54:41.825+0800][58.073s][info][gc             ] GC(1565) Concurrent Sweep
[2026-06-17T09:54:41.826+0800][58.074s][info][gc             ] GC(1565) Concurrent Sweep 0.938ms
[2026-06-17T09:54:41.826+0800][58.075s][info][gc,cpu         ] GC(1565) User=0.00s Sys=0.00s Real=0.00s
[2026-06-17T09:54:41.827+0800][58.075s][info][gc             ] GC(1565) Concurrent Reset
[2026-06-17T09:54:41.828+0800][58.076s][info][gc             ] GC(1565) Concurrent Reset 0.680ms
[2026-06-17T09:54:41.828+0800][58.077s][info][gc,cpu         ] GC(1565) User=0.00s Sys=0.00s Real=0.00s
[2026-06-17T09:54:41.829+0800][58.077s][info][gc,heap        ] GC(1565) Old: 38780K->20310K(43712K)
[2026-06-17T09:54:41.857+0800][58.106s][info][gc,start       ] GC(1566) Pause Young (Allocation Failure)
[2026-06-17T09:54:41.858+0800][58.107s][info][gc,task        ] GC(1566) Using 2 workers of 18 for evacuation
[2026-06-17T09:54:41.860+0800][58.109s][info][gc,heap        ] GC(1566) ParNew: 19624K->2174K(19648K)
[2026-06-17T09:54:41.861+0800][58.109s][info][gc,heap        ] GC(1566) CMS: 20310K->26322K(43712K)
[2026-06-17T09:54:41.862+0800][58.110s][info][gc,metaspace   ] GC(1566) Metaspace: 3166K(4864K)->3166K(4864K) NonClass: 2861K(4352K)->2861K(4352K) Class: 305K(512K)->305K(512K)
[2026-06-17T09:54:41.862+0800][58.110s][info][gc             ] GC(1566) Pause Young (Allocation Failure) 38M->27M(61M) 4.751ms
[2026-06-17T09:54:41.863+0800][58.111s][info][gc,cpu         ] GC(1566) User=0.01s Sys=0.00s Real=0.01s
[2026-06-17T09:54:41.916+0800][58.164s][info][gc,start       ] GC(1567) Pause Young (Allocation Failure)
[2026-06-17T09:54:41.916+0800][58.164s][info][gc,task        ] GC(1567) Using 2 workers of 18 for evacuation
[2026-06-17T09:54:41.917+0800][58.165s][info][gc,heap        ] GC(1567) ParNew: 19618K->2114K(19648K)
[2026-06-17T09:54:41.918+0800][58.166s][info][gc,heap        ] GC(1567) CMS: 26322K->27754K(43712K)
[2026-06-17T09:54:41.918+0800][58.166s][info][gc,metaspace   ] GC(1567) Metaspace: 3166K(4864K)->3166K(4864K) NonClass: 2861K(4352K)->2861K(4352K) Class: 305K(512K)->305K(512K)
[2026-06-17T09:54:41.919+0800][58.167s][info][gc             ] GC(1567) Pause Young (Allocation Failure) 44M->29M(61M) 2.799ms
[2026-06-17T09:54:41.919+0800][58.167s][info][gc,cpu         ] GC(1567) User=0.00s Sys=0.00s Real=0.00s
[2026-06-17T09:54:41.962+0800][58.210s][info][gc,start       ] GC(1568) Pause Young (Allocation Failure)
[2026-06-17T09:54:41.962+0800][58.211s][info][gc,task        ] GC(1568) Using 2 workers of 18 for evacuation
[2026-06-17T09:54:41.964+0800][58.212s][info][gc,heap        ] GC(1568) ParNew: 19563K->2158K(19648K)
[2026-06-17T09:54:41.964+0800][58.212s][info][gc,heap        ] GC(1568) CMS: 27754K->31339K(43712K)
[2026-06-17T09:54:41.965+0800][58.213s][info][gc,metaspace   ] GC(1568) Metaspace: 3166K(4864K)->3166K(4864K) NonClass: 2861K(4352K)->2861K(4352K) Class: 305K(512K)->305K(512K)
[2026-06-17T09:54:41.965+0800][58.213s][info][gc             ] GC(1568) Pause Young (Allocation Failure) 46M->32M(61M) 3.493ms
[2026-06-17T09:54:41.966+0800][58.214s][info][gc,cpu         ] GC(1568) User=0.00s Sys=0.00s Real=0.01s
[2026-06-17T09:54:42.009+0800][58.257s][info][gc,start       ] GC(1569) Pause Young (Allocation Failure)
[2026-06-17T09:54:42.009+0800][58.257s][info][gc,task        ] GC(1569) Using 2 workers of 18 for evacuation
[2026-06-17T09:54:42.010+0800][58.258s][info][gc,heap        ] GC(1569) ParNew: 19626K->2175K(19648K)
[2026-06-17T09:54:42.011+0800][58.259s][info][gc,heap        ] GC(1569) CMS: 31339K->34690K(43712K)
[2026-06-17T09:54:42.011+0800][58.259s][info][gc,metaspace   ] GC(1569) Metaspace: 3166K(4864K)->3166K(4864K) NonClass: 2861K(4352K)->2861K(4352K) Class: 305K(512K)->305K(512K)
[2026-06-17T09:54:42.011+0800][58.260s][info][gc             ] GC(1569) Pause Young (Allocation Failure) 49M->36M(61M) 2.837ms
[2026-06-17T09:54:42.012+0800][58.260s][info][gc,cpu         ] GC(1569) User=0.00s Sys=0.00s Real=0.01s
[2026-06-17T09:54:42.012+0800][58.260s][info][gc,start       ] GC(1570) Pause Initial Mark
[2026-06-17T09:54:42.013+0800][58.261s][info][gc             ] GC(1570) Pause Initial Mark 37M->37M(61M) 0.646ms
[2026-06-17T09:54:42.013+0800][58.262s][info][gc,cpu         ] GC(1570) User=0.00s Sys=0.00s Real=0.00s
[2026-06-17T09:54:42.014+0800][58.262s][info][gc             ] GC(1570) Concurrent Mark
[2026-06-17T09:54:42.014+0800][58.263s][info][gc,task        ] GC(1570) Using 2 workers of 5 for marking
[2026-06-17T09:54:42.017+0800][58.265s][info][gc             ] GC(1570) Concurrent Mark 3.398ms
[2026-06-17T09:54:42.017+0800][58.266s][info][gc,cpu         ] GC(1570) User=0.00s Sys=0.00s Real=0.00s
[2026-06-17T09:54:42.018+0800][58.266s][info][gc             ] GC(1570) Concurrent Preclean
[2026-06-17T09:54:42.018+0800][58.266s][info][gc             ] GC(1570) Concurrent Preclean 0.197ms
[2026-06-17T09:54:42.018+0800][58.266s][info][gc,cpu         ] GC(1570) User=0.00s Sys=0.00s Real=0.00s
[2026-06-17T09:54:42.018+0800][58.267s][info][gc,start       ] GC(1570) Pause Remark
[2026-06-17T09:54:42.019+0800][58.267s][info][gc             ] GC(1570) Pause Remark 37M->37M(61M) 0.566ms
[2026-06-17T09:54:42.019+0800][58.267s][info][gc,cpu         ] GC(1570) User=0.00s Sys=0.00s Real=0.00s
[2026-06-17T09:54:42.019+0800][58.268s][info][gc             ] GC(1570) Concurrent Sweep
[2026-06-17T09:54:42.020+0800][58.268s][info][gc             ] GC(1570) Concurrent Sweep 0.334ms
[2026-06-17T09:54:42.020+0800][58.268s][info][gc,cpu         ] GC(1570) User=0.00s Sys=0.00s Real=0.00s
[2026-06-17T09:54:42.020+0800][58.268s][info][gc             ] GC(1570) Concurrent Reset
[2026-06-17T09:54:42.021+0800][58.269s][info][gc             ] GC(1570) Concurrent Reset 0.229ms
[2026-06-17T09:54:42.021+0800][58.269s][info][gc,cpu         ] GC(1570) User=0.00s Sys=0.00s Real=0.00s
[2026-06-17T09:54:42.021+0800][58.269s][info][gc,heap        ] GC(1570) Old: 34690K->21090K(43712K)
[2026-06-17T09:54:42.054+0800][58.302s][info][gc,start       ] GC(1571) Pause Young (Allocation Failure)
[2026-06-17T09:54:42.055+0800][58.304s][info][gc,task        ] GC(1571) Using 2 workers of 18 for evacuation
[2026-06-17T09:54:42.058+0800][58.306s][info][gc,heap        ] GC(1571) ParNew: 19647K->2173K(19648K)
[2026-06-17T09:54:42.058+0800][58.306s][info][gc,heap        ] GC(1571) CMS: 21090K->25655K(43712K)
[2026-06-17T09:54:42.059+0800][58.307s][info][gc,metaspace   ] GC(1571) Metaspace: 3166K(4864K)->3166K(4864K) NonClass: 2861K(4352K)->2861K(4352K) Class: 305K(512K)->305K(512K)
[2026-06-17T09:54:42.059+0800][58.307s][info][gc             ] GC(1571) Pause Young (Allocation Failure) 39M->27M(61M) 4.810ms
[2026-06-17T09:54:42.059+0800][58.307s][info][gc,cpu         ] GC(1571) User=0.00s Sys=0.00s Real=0.00s
[2026-06-17T09:54:42.102+0800][58.350s][info][gc,start       ] GC(1572) Pause Young (Allocation Failure)
[2026-06-17T09:54:42.103+0800][58.351s][info][gc,task        ] GC(1572) Using 2 workers of 18 for evacuation
[2026-06-17T09:54:42.105+0800][58.353s][info][gc,heap        ] GC(1572) ParNew: 19612K->2170K(19648K)
[2026-06-17T09:54:42.106+0800][58.354s][info][gc,heap        ] GC(1572) CMS: 25655K->30372K(43712K)
[2026-06-17T09:54:42.107+0800][58.355s][info][gc,metaspace   ] GC(1572) Metaspace: 3166K(4864K)->3166K(4864K) NonClass: 2861K(4352K)->2861K(4352K) Class: 305K(512K)->305K(512K)
[2026-06-17T09:54:42.108+0800][58.356s][info][gc             ] GC(1572) Pause Young (Allocation Failure) 44M->31M(61M) 5.830ms
[2026-06-17T09:54:42.109+0800][58.357s][info][gc,cpu         ] GC(1572) User=0.00s Sys=0.00s Real=0.01s
[2026-06-17T09:54:42.153+0800][58.402s][info][gc,start       ] GC(1573) Pause Young (Allocation Failure)
[2026-06-17T09:54:42.154+0800][58.403s][info][gc,task        ] GC(1573) Using 2 workers of 18 for evacuation
[2026-06-17T09:54:42.157+0800][58.405s][info][gc,heap        ] GC(1573) ParNew: 19639K->2171K(19648K)
[2026-06-17T09:54:42.158+0800][58.406s][info][gc,heap        ] GC(1573) CMS: 30372K->34639K(43712K)
[2026-06-17T09:54:42.159+0800][58.407s][info][gc,metaspace   ] GC(1573) Metaspace: 3166K(4864K)->3166K(4864K) NonClass: 2861K(4352K)->2861K(4352K) Class: 305K(512K)->305K(512K)
[2026-06-17T09:54:42.160+0800][58.408s][info][gc             ] GC(1573) Pause Young (Allocation Failure) 48M->35M(61M) 6.243ms
[2026-06-17T09:54:42.161+0800][58.409s][info][gc,cpu         ] GC(1573) User=0.00s Sys=0.00s Real=0.00s
[2026-06-17T09:54:42.162+0800][58.410s][info][gc,start       ] GC(1574) Pause Initial Mark
[2026-06-17T09:54:42.163+0800][58.411s][info][gc             ] GC(1574) Pause Initial Mark 36M->36M(61M) 1.156ms
[2026-06-17T09:54:42.164+0800][58.412s][info][gc,cpu         ] GC(1574) User=0.00s Sys=0.00s Real=0.01s
[2026-06-17T09:54:42.165+0800][58.413s][info][gc             ] GC(1574) Concurrent Mark
[2026-06-17T09:54:42.166+0800][58.414s][info][gc,task        ] GC(1574) Using 2 workers of 5 for marking
[2026-06-17T09:54:42.169+0800][58.417s][info][gc             ] GC(1574) Concurrent Mark 3.881ms
[2026-06-17T09:54:42.170+0800][58.418s][info][gc,cpu         ] GC(1574) User=0.00s Sys=0.00s Real=0.00s
[2026-06-17T09:54:42.171+0800][58.419s][info][gc             ] GC(1574) Concurrent Preclean
[2026-06-17T09:54:42.172+0800][58.420s][info][gc             ] GC(1574) Concurrent Preclean 0.857ms
[2026-06-17T09:54:42.173+0800][58.421s][info][gc,cpu         ] GC(1574) User=0.00s Sys=0.00s Real=0.00s
[2026-06-17T09:54:42.173+0800][58.421s][info][gc             ] GC(1574) Concurrent Abortable Preclean
[2026-06-17T09:54:42.204+0800][58.453s][info][gc,start       ] GC(1575) Pause Young (Allocation Failure)
[2026-06-17T09:54:42.205+0800][58.454s][info][gc,task        ] GC(1575) Using 2 workers of 18 for evacuation
[2026-06-17T09:54:42.207+0800][58.455s][info][gc,heap        ] GC(1575) ParNew: 19362K->2160K(19648K)
[2026-06-17T09:54:42.208+0800][58.456s][info][gc,heap        ] GC(1575) CMS: 34639K->36546K(43712K)
[2026-06-17T09:54:42.208+0800][58.457s][info][gc,metaspace   ] GC(1575) Metaspace: 3166K(4864K)->3166K(4864K) NonClass: 2861K(4352K)->2861K(4352K) Class: 305K(512K)->305K(512K)
[2026-06-17T09:54:42.209+0800][58.457s][info][gc             ] GC(1575) Pause Young (Allocation Failure) 52M->37M(61M) 4.758ms
[2026-06-17T09:54:42.210+0800][58.458s][info][gc,cpu         ] GC(1575) User=0.00s Sys=0.00s Real=0.00s
[2026-06-17T09:54:42.255+0800][58.503s][info][gc,start       ] GC(1576) Pause Young (Allocation Failure)
[2026-06-17T09:54:42.256+0800][58.504s][info][gc,task        ] GC(1576) Using 2 workers of 18 for evacuation
[2026-06-17T09:54:42.258+0800][58.506s][info][gc,heap        ] GC(1576) ParNew: 19603K->2175K(19648K)
[2026-06-17T09:54:42.259+0800][58.507s][info][gc,heap        ] GC(1576) CMS: 36546K->43283K(43712K)
[2026-06-17T09:54:42.259+0800][58.508s][info][gc,metaspace   ] GC(1576) Metaspace: 3166K(4864K)->3166K(4864K) NonClass: 2861K(4352K)->2861K(4352K) Class: 305K(512K)->305K(512K)
[2026-06-17T09:54:42.260+0800][58.508s][info][gc             ] GC(1576) Pause Young (Allocation Failure) 54M->44M(61M) 5.097ms
[2026-06-17T09:54:42.261+0800][58.509s][info][gc,cpu         ] GC(1576) User=0.00s Sys=0.00s Real=0.00s
[2026-06-17T09:54:42.261+0800][58.509s][info][gc             ] GC(1574) Concurrent Abortable Preclean 88.052ms
[2026-06-17T09:54:42.262+0800][58.510s][info][gc,cpu         ] GC(1574) User=0.01s Sys=0.00s Real=0.08s
[2026-06-17T09:54:42.262+0800][58.510s][info][gc,start       ] GC(1574) Pause Remark
[2026-06-17T09:54:42.263+0800][58.512s][info][gc             ] GC(1574) Pause Remark 45M->45M(61M) 1.350ms
[2026-06-17T09:54:42.264+0800][58.512s][info][gc,cpu         ] GC(1574) User=0.01s Sys=0.00s Real=0.01s
[2026-06-17T09:54:42.264+0800][58.512s][info][gc             ] GC(1574) Concurrent Sweep
[2026-06-17T09:54:42.265+0800][58.513s][info][gc             ] GC(1574) Concurrent Sweep 0.624ms
[2026-06-17T09:54:42.265+0800][58.513s][info][gc,cpu         ] GC(1574) User=0.00s Sys=0.00s Real=0.00s
[2026-06-17T09:54:42.265+0800][58.514s][info][gc             ] GC(1574) Concurrent Reset
[2026-06-17T09:54:42.266+0800][58.514s][info][gc             ] GC(1574) Concurrent Reset 0.241ms
[2026-06-17T09:54:42.266+0800][58.514s][info][gc,cpu         ] GC(1574) User=0.00s Sys=0.00s Real=0.00s
[2026-06-17T09:54:42.266+0800][58.515s][info][gc,heap        ] GC(1574) Old: 34639K->31364K(43712K)
[2026-06-17T09:54:42.316+0800][58.564s][info][gc,start       ] GC(1577) Pause Young (Allocation Failure)
[2026-06-17T09:54:42.317+0800][58.565s][info][gc,task        ] GC(1577) Using 2 workers of 18 for evacuation
[2026-06-17T09:54:42.318+0800][58.567s][info][gc,heap        ] GC(1577) ParNew: 19621K->2171K(19648K)
[2026-06-17T09:54:42.319+0800][58.567s][info][gc,heap        ] GC(1577) CMS: 31364K->33208K(43712K)
[2026-06-17T09:54:42.319+0800][58.568s][info][gc,metaspace   ] GC(1577) Metaspace: 3166K(4864K)->3166K(4864K) NonClass: 2861K(4352K)->2861K(4352K) Class: 305K(512K)->305K(512K)
[2026-06-17T09:54:42.320+0800][58.568s][info][gc             ] GC(1577) Pause Young (Allocation Failure) 49M->34M(61M) 4.426ms
[2026-06-17T09:54:42.321+0800][58.569s][info][gc,cpu         ] GC(1577) User=0.00s Sys=0.00s Real=0.00s
[2026-06-17T09:54:42.322+0800][58.570s][info][gc,start       ] GC(1578) Pause Initial Mark
[2026-06-17T09:54:42.322+0800][58.571s][info][gc             ] GC(1578) Pause Initial Mark 36M->36M(61M) 0.787ms
[2026-06-17T09:54:42.323+0800][58.571s][info][gc,cpu         ] GC(1578) User=0.00s Sys=0.00s Real=0.01s
[2026-06-17T09:54:42.323+0800][58.571s][info][gc             ] GC(1578) Concurrent Mark
[2026-06-17T09:54:42.323+0800][58.572s][info][gc,task        ] GC(1578) Using 2 workers of 5 for marking
[2026-06-17T09:54:42.325+0800][58.573s][info][gc             ] GC(1578) Concurrent Mark 1.548ms
[2026-06-17T09:54:42.325+0800][58.573s][info][gc,cpu         ] GC(1578) User=0.00s Sys=0.00s Real=0.00s
[2026-06-17T09:54:42.325+0800][58.573s][info][gc             ] GC(1578) Concurrent Preclean
[2026-06-17T09:54:42.325+0800][58.573s][info][gc             ] GC(1578) Concurrent Preclean 0.202ms
[2026-06-17T09:54:42.325+0800][58.574s][info][gc,cpu         ] GC(1578) User=0.00s Sys=0.00s Real=0.00s
[2026-06-17T09:54:42.326+0800][58.574s][info][gc             ] GC(1578) Concurrent Abortable Preclean
[2026-06-17T09:54:42.365+0800][58.613s][info][gc,start       ] GC(1579) Pause Young (Allocation Failure)
[2026-06-17T09:54:42.366+0800][58.614s][info][gc,task        ] GC(1579) Using 2 workers of 18 for evacuation
[2026-06-17T09:54:42.368+0800][58.616s][info][gc,heap        ] GC(1579) ParNew: 19643K->2175K(19648K)
[2026-06-17T09:54:42.368+0800][58.616s][info][gc,heap        ] GC(1579) CMS: 33208K->37272K(43712K)
[2026-06-17T09:54:42.369+0800][58.617s][info][gc,metaspace   ] GC(1579) Metaspace: 3166K(4864K)->3166K(4864K) NonClass: 2861K(4352K)->2861K(4352K) Class: 305K(512K)->305K(512K)
[2026-06-17T09:54:42.369+0800][58.617s][info][gc             ] GC(1579) Pause Young (Allocation Failure) 51M->38M(61M) 4.026ms
[2026-06-17T09:54:42.370+0800][58.618s][info][gc,cpu         ] GC(1579) User=0.00s Sys=0.00s Real=0.00s
[2026-06-17T09:54:42.413+0800][58.661s][info][gc,start       ] GC(1580) Pause Young (Allocation Failure)
[2026-06-17T09:54:42.413+0800][58.662s][info][gc,task        ] GC(1580) Using 2 workers of 18 for evacuation
[2026-06-17T09:54:42.415+0800][58.663s][info][gc,heap        ] GC(1580) ParNew: 19603K->2172K(19648K)
[2026-06-17T09:54:42.415+0800][58.663s][info][gc,heap        ] GC(1580) CMS: 37272K->41645K(43712K)
[2026-06-17T09:54:42.415+0800][58.663s][info][gc,metaspace   ] GC(1580) Metaspace: 3166K(4864K)->3166K(4864K) NonClass: 2861K(4352K)->2861K(4352K) Class: 305K(512K)->305K(512K)
[2026-06-17T09:54:42.415+0800][58.664s][info][gc             ] GC(1580) Pause Young (Allocation Failure) 55M->42M(61M) 2.451ms
[2026-06-17T09:54:42.416+0800][58.664s][info][gc,cpu         ] GC(1580) User=0.00s Sys=0.00s Real=0.00s
[2026-06-17T09:54:42.416+0800][58.664s][info][gc             ] GC(1578) Concurrent Abortable Preclean 90.218ms
[2026-06-17T09:54:42.416+0800][58.664s][info][gc,cpu         ] GC(1578) User=0.01s Sys=0.00s Real=0.09s
[2026-06-17T09:54:42.416+0800][58.664s][info][gc,start       ] GC(1578) Pause Remark
[2026-06-17T09:54:42.417+0800][58.665s][info][gc             ] GC(1578) Pause Remark 43M->43M(61M) 0.561ms
[2026-06-17T09:54:42.417+0800][58.665s][info][gc,cpu         ] GC(1578) User=0.00s Sys=0.00s Real=0.00s
[2026-06-17T09:54:42.417+0800][58.665s][info][gc             ] GC(1578) Concurrent Sweep
[2026-06-17T09:54:42.417+0800][58.666s][info][gc             ] GC(1578) Concurrent Sweep 0.300ms
[2026-06-17T09:54:42.418+0800][58.666s][info][gc,cpu         ] GC(1578) User=0.00s Sys=0.00s Real=0.00s
[2026-06-17T09:54:42.418+0800][58.666s][info][gc             ] GC(1578) Concurrent Reset
[2026-06-17T09:54:42.418+0800][58.666s][info][gc             ] GC(1578) Concurrent Reset 0.168ms
[2026-06-17T09:54:42.418+0800][58.666s][info][gc,cpu         ] GC(1578) User=0.00s Sys=0.00s Real=0.00s
[2026-06-17T09:54:42.418+0800][58.666s][info][gc,heap        ] GC(1578) Old: 33208K->27481K(43712K)
[2026-06-17T09:54:42.458+0800][58.706s][info][gc,start       ] GC(1581) Pause Young (Allocation Failure)
[2026-06-17T09:54:42.459+0800][58.707s][info][gc,task        ] GC(1581) Using 2 workers of 18 for evacuation
[2026-06-17T09:54:42.460+0800][58.708s][info][gc,heap        ] GC(1581) ParNew: 19597K->2086K(19648K)
[2026-06-17T09:54:42.461+0800][58.709s][info][gc,heap        ] GC(1581) CMS: 27481K->30038K(43712K)
[2026-06-17T09:54:42.461+0800][58.709s][info][gc,metaspace   ] GC(1581) Metaspace: 3166K(4864K)->3166K(4864K) NonClass: 2861K(4352K)->2861K(4352K) Class: 305K(512K)->305K(512K)
[2026-06-17T09:54:42.461+0800][58.709s][info][gc             ] GC(1581) Pause Young (Allocation Failure) 45M->31M(61M) 3.034ms
[2026-06-17T09:54:42.462+0800][58.710s][info][gc,cpu         ] GC(1581) User=0.01s Sys=0.00s Real=0.00s
[2026-06-17T09:54:42.462+0800][58.710s][info][gc,start       ] GC(1582) Pause Initial Mark
[2026-06-17T09:54:42.463+0800][58.711s][info][gc             ] GC(1582) Pause Initial Mark 32M->32M(61M) 0.593ms
[2026-06-17T09:54:42.463+0800][58.711s][info][gc,cpu         ] GC(1582) User=0.00s Sys=0.00s Real=0.01s
[2026-06-17T09:54:42.464+0800][58.712s][info][gc             ] GC(1582) Concurrent Mark
[2026-06-17T09:54:42.464+0800][58.712s][info][gc,task        ] GC(1582) Using 2 workers of 5 for marking
[2026-06-17T09:54:42.465+0800][58.713s][info][gc             ] GC(1582) Concurrent Mark 1.344ms
[2026-06-17T09:54:42.465+0800][58.713s][info][gc,cpu         ] GC(1582) User=0.00s Sys=0.00s Real=0.00s
[2026-06-17T09:54:42.465+0800][58.714s][info][gc             ] GC(1582) Concurrent Preclean
[2026-06-17T09:54:42.466+0800][58.714s][info][gc             ] GC(1582) Concurrent Preclean 0.213ms
[2026-06-17T09:54:42.466+0800][58.714s][info][gc,cpu         ] GC(1582) User=0.00s Sys=0.00s Real=0.00s
[2026-06-17T09:54:42.466+0800][58.714s][info][gc,start       ] GC(1582) Pause Remark
[2026-06-17T09:54:42.467+0800][58.715s][info][gc             ] GC(1582) Pause Remark 32M->32M(61M) 0.642ms
[2026-06-17T09:54:42.467+0800][58.715s][info][gc,cpu         ] GC(1582) User=0.00s Sys=0.00s Real=0.00s
[2026-06-17T09:54:42.467+0800][58.715s][info][gc             ] GC(1582) Concurrent Sweep
[2026-06-17T09:54:42.467+0800][58.716s][info][gc             ] GC(1582) Concurrent Sweep 0.339ms
[2026-06-17T09:54:42.468+0800][58.716s][info][gc,cpu         ] GC(1582) User=0.00s Sys=0.00s Real=0.00s
[2026-06-17T09:54:42.468+0800][58.716s][info][gc             ] GC(1582) Concurrent Reset
[2026-06-17T09:54:42.468+0800][58.716s][info][gc             ] GC(1582) Concurrent Reset 0.150ms
[2026-06-17T09:54:42.468+0800][58.716s][info][gc,cpu         ] GC(1582) User=0.00s Sys=0.00s Real=0.00s
[2026-06-17T09:54:42.468+0800][58.717s][info][gc,heap        ] GC(1582) Old: 30038K->26654K(43712K)
[2026-06-17T09:54:42.514+0800][58.763s][info][gc,start       ] GC(1583) Pause Young (Allocation Failure)
[2026-06-17T09:54:42.515+0800][58.763s][info][gc,task        ] GC(1583) Using 2 workers of 18 for evacuation
[2026-06-17T09:54:42.516+0800][58.764s][info][gc,heap        ] GC(1583) ParNew: 19558K->2131K(19648K)
[2026-06-17T09:54:42.516+0800][58.764s][info][gc,heap        ] GC(1583) CMS: 26654K->30508K(43712K)
[2026-06-17T09:54:42.517+0800][58.765s][info][gc,metaspace   ] GC(1583) Metaspace: 3166K(4864K)->3166K(4864K) NonClass: 2861K(4352K)->2861K(4352K) Class: 305K(512K)->305K(512K)
[2026-06-17T09:54:42.519+0800][58.767s][info][gc             ] GC(1583) Pause Young (Allocation Failure) 45M->31M(61M) 4.930ms
[2026-06-17T09:54:42.520+0800][58.768s][info][gc,cpu         ] GC(1583) User=0.00s Sys=0.00s Real=0.00s
[2026-06-17T09:54:42.563+0800][58.811s][info][gc,start       ] GC(1584) Pause Young (Allocation Failure)
[2026-06-17T09:54:42.564+0800][58.812s][info][gc,task        ] GC(1584) Using 2 workers of 18 for evacuation
[2026-06-17T09:54:42.565+0800][58.813s][info][gc,heap        ] GC(1584) ParNew: 19587K->2172K(19648K)
[2026-06-17T09:54:42.566+0800][58.814s][info][gc,heap        ] GC(1584) CMS: 30508K->33830K(43712K)
[2026-06-17T09:54:42.567+0800][58.815s][info][gc,metaspace   ] GC(1584) Metaspace: 3166K(4864K)->3166K(4864K) NonClass: 2861K(4352K)->2861K(4352K) Class: 305K(512K)->305K(512K)
[2026-06-17T09:54:42.567+0800][58.815s][info][gc             ] GC(1584) Pause Young (Allocation Failure) 48M->35M(61M) 4.370ms
[2026-06-17T09:54:42.568+0800][58.816s][info][gc,cpu         ] GC(1584) User=0.00s Sys=0.00s Real=0.00s
[2026-06-17T09:54:42.568+0800][58.816s][info][gc,start       ] GC(1585) Pause Initial Mark
[2026-06-17T09:54:42.569+0800][58.817s][info][gc             ] GC(1585) Pause Initial Mark 36M->36M(61M) 0.625ms
[2026-06-17T09:54:42.569+0800][58.817s][info][gc,cpu         ] GC(1585) User=0.00s Sys=0.00s Real=0.00s
[2026-06-17T09:54:42.570+0800][58.818s][info][gc             ] GC(1585) Concurrent Mark
[2026-06-17T09:54:42.570+0800][58.818s][info][gc,task        ] GC(1585) Using 2 workers of 5 for marking
[2026-06-17T09:54:42.571+0800][58.820s][info][gc             ] GC(1585) Concurrent Mark 1.742ms
[2026-06-17T09:54:42.572+0800][58.820s][info][gc,cpu         ] GC(1585) User=0.01s Sys=0.00s Real=0.01s
[2026-06-17T09:54:42.572+0800][58.820s][info][gc             ] GC(1585) Concurrent Preclean
[2026-06-17T09:54:42.573+0800][58.821s][info][gc             ] GC(1585) Concurrent Preclean 0.299ms
[2026-06-17T09:54:42.573+0800][58.821s][info][gc,cpu         ] GC(1585) User=0.00s Sys=0.00s Real=0.00s
[2026-06-17T09:54:42.573+0800][58.821s][info][gc             ] GC(1585) Concurrent Abortable Preclean
[2026-06-17T09:54:42.613+0800][58.861s][info][gc,start       ] GC(1586) Pause Young (Allocation Failure)
[2026-06-17T09:54:42.613+0800][58.862s][info][gc,task        ] GC(1586) Using 2 workers of 18 for evacuation
[2026-06-17T09:54:42.616+0800][58.864s][info][gc,heap        ] GC(1586) ParNew: 19617K->2170K(19648K)
[2026-06-17T09:54:42.616+0800][58.865s][info][gc,heap        ] GC(1586) CMS: 33830K->37957K(43712K)
[2026-06-17T09:54:42.617+0800][58.865s][info][gc,metaspace   ] GC(1586) Metaspace: 3166K(4864K)->3166K(4864K) NonClass: 2861K(4352K)->2861K(4352K) Class: 305K(512K)->305K(512K)
[2026-06-17T09:54:42.617+0800][58.866s][info][gc             ] GC(1586) Pause Young (Allocation Failure) 52M->39M(61M) 4.819ms
[2026-06-17T09:54:42.618+0800][58.866s][info][gc,cpu         ] GC(1586) User=0.00s Sys=0.00s Real=0.00s
[2026-06-17T09:54:42.662+0800][58.910s][info][gc,start       ] GC(1587) Pause Young (Allocation Failure)
[2026-06-17T09:54:42.663+0800][58.912s][info][gc,task        ] GC(1587) Using 2 workers of 18 for evacuation
[2026-06-17T09:54:42.666+0800][58.914s][info][gc,heap        ] GC(1587) ParNew: 19622K->2169K(19648K)
[2026-06-17T09:54:42.669+0800][58.917s][info][gc,heap        ] GC(1587) CMS: 37957K->41781K(43712K)
[2026-06-17T09:54:42.670+0800][58.918s][info][gc,metaspace   ] GC(1587) Metaspace: 3166K(4864K)->3166K(4864K) NonClass: 2861K(4352K)->2861K(4352K) Class: 305K(512K)->305K(512K)
[2026-06-17T09:54:42.671+0800][58.919s][info][gc             ] GC(1587) Pause Young (Allocation Failure) 56M->42M(61M) 8.973ms
[2026-06-17T09:54:42.671+0800][58.919s][info][gc,cpu         ] GC(1587) User=0.00s Sys=0.00s Real=0.02s
[2026-06-17T09:54:42.672+0800][58.920s][info][gc             ] GC(1585) Concurrent Abortable Preclean 98.836ms
[2026-06-17T09:54:42.672+0800][58.920s][info][gc,cpu         ] GC(1585) User=0.01s Sys=0.00s Real=0.10s
[2026-06-17T09:54:42.673+0800][58.921s][info][gc,start       ] GC(1585) Pause Remark
[2026-06-17T09:54:42.674+0800][58.922s][info][gc             ] GC(1585) Pause Remark 44M->44M(61M) 1.112ms
[2026-06-17T09:54:42.674+0800][58.923s][info][gc,cpu         ] GC(1585) User=0.00s Sys=0.00s Real=0.00s
[2026-06-17T09:54:42.675+0800][58.923s][info][gc             ] GC(1585) Concurrent Sweep
[2026-06-17T09:54:42.676+0800][58.924s][info][gc             ] GC(1585) Concurrent Sweep 0.741ms
[2026-06-17T09:54:42.676+0800][58.924s][info][gc,cpu         ] GC(1585) User=0.00s Sys=0.00s Real=0.00s
[2026-06-17T09:54:42.676+0800][58.925s][info][gc             ] GC(1585) Concurrent Reset
[2026-06-17T09:54:42.677+0800][58.925s][info][gc             ] GC(1585) Concurrent Reset 0.364ms
[2026-06-17T09:54:42.677+0800][58.925s][info][gc,cpu         ] GC(1585) User=0.00s Sys=0.00s Real=0.00s
[2026-06-17T09:54:42.677+0800][58.926s][info][gc,heap        ] GC(1585) Old: 33830K->32485K(43712K)
[2026-06-17T09:54:42.715+0800][58.963s][info][gc,start       ] GC(1588) Pause Young (Allocation Failure)
[2026-06-17T09:54:42.716+0800][58.964s][info][gc,task        ] GC(1588) Using 2 workers of 18 for evacuation
[2026-06-17T09:54:42.718+0800][58.966s][info][gc,heap        ] GC(1588) ParNew: 19641K->2174K(19648K)
[2026-06-17T09:54:42.719+0800][58.967s][info][gc,heap        ] GC(1588) CMS: 32485K->36580K(43712K)
[2026-06-17T09:54:42.721+0800][58.969s][info][gc,metaspace   ] GC(1588) Metaspace: 3166K(4864K)->3166K(4864K) NonClass: 2861K(4352K)->2861K(4352K) Class: 305K(512K)->305K(512K)
[2026-06-17T09:54:42.721+0800][58.969s][info][gc             ] GC(1588) Pause Young (Allocation Failure) 50M->37M(61M) 5.955ms
[2026-06-17T09:54:42.722+0800][58.970s][info][gc,cpu         ] GC(1588) User=0.00s Sys=0.00s Real=0.00s
[2026-06-17T09:54:42.723+0800][58.971s][info][gc,start       ] GC(1589) Pause Initial Mark
[2026-06-17T09:54:42.724+0800][58.972s][info][gc             ] GC(1589) Pause Initial Mark 39M->39M(61M) 1.049ms
[2026-06-17T09:54:42.725+0800][58.973s][info][gc,cpu         ] GC(1589) User=0.00s Sys=0.00s Real=0.00s
[2026-06-17T09:54:42.726+0800][58.974s][info][gc             ] GC(1589) Concurrent Mark
[2026-06-17T09:54:42.726+0800][58.974s][info][gc,task        ] GC(1589) Using 2 workers of 5 for marking
[2026-06-17T09:54:42.728+0800][58.976s][info][gc             ] GC(1589) Concurrent Mark 2.285ms
[2026-06-17T09:54:42.728+0800][58.976s][info][gc,cpu         ] GC(1589) User=0.01s Sys=0.00s Real=0.00s
[2026-06-17T09:54:42.729+0800][58.977s][info][gc             ] GC(1589) Concurrent Preclean
[2026-06-17T09:54:42.730+0800][58.978s][info][gc             ] GC(1589) Concurrent Preclean 0.812ms
[2026-06-17T09:54:42.730+0800][58.978s][info][gc,cpu         ] GC(1589) User=0.00s Sys=0.00s Real=0.00s
[2026-06-17T09:54:42.730+0800][58.979s][info][gc             ] GC(1589) Concurrent Abortable Preclean
[2026-06-17T09:54:42.769+0800][59.017s][info][gc,start       ] GC(1590) Pause Young (Allocation Failure)
[2026-06-17T09:54:42.771+0800][59.019s][info][gc,task        ] GC(1590) Using 2 workers of 18 for evacuation
[2026-06-17T09:54:42.773+0800][59.021s][info][gc,heap        ] GC(1590) ParNew: 19646K->2175K(19648K)
[2026-06-17T09:54:42.773+0800][59.021s][info][gc,heap        ] GC(1590) CMS: 36580K->41673K(43712K)
[2026-06-17T09:54:42.774+0800][59.022s][info][gc,metaspace   ] GC(1590) Metaspace: 3166K(4864K)->3166K(4864K) NonClass: 2861K(4352K)->2861K(4352K) Class: 305K(512K)->305K(512K)
[2026-06-17T09:54:42.774+0800][59.023s][info][gc             ] GC(1590) Pause Young (Allocation Failure) 54M->42M(61M) 5.018ms
[2026-06-17T09:54:42.775+0800][59.023s][info][gc,cpu         ] GC(1590) User=0.00s Sys=0.00s Real=0.01s
[2026-06-17T09:54:42.776+0800][59.024s][info][gc             ] GC(1589) Concurrent Abortable Preclean 45.180ms
[2026-06-17T09:54:42.776+0800][59.024s][info][gc,cpu         ] GC(1589) User=0.00s Sys=0.00s Real=0.05s
[2026-06-17T09:54:42.777+0800][59.025s][info][gc,start       ] GC(1589) Pause Remark
[2026-06-17T09:54:42.778+0800][59.026s][info][gc             ] GC(1589) Pause Remark 43M->43M(61M) 1.229ms
[2026-06-17T09:54:42.778+0800][59.026s][info][gc,cpu         ] GC(1589) User=0.00s Sys=0.00s Real=0.00s
[2026-06-17T09:54:42.779+0800][59.027s][info][gc             ] GC(1589) Concurrent Sweep
[2026-06-17T09:54:42.779+0800][59.027s][info][gc             ] GC(1589) Concurrent Sweep 0.612ms
[2026-06-17T09:54:42.780+0800][59.028s][info][gc,cpu         ] GC(1589) User=0.00s Sys=0.00s Real=0.00s
[2026-06-17T09:54:42.780+0800][59.028s][info][gc             ] GC(1589) Concurrent Reset
[2026-06-17T09:54:42.780+0800][59.028s][info][gc             ] GC(1589) Concurrent Reset 0.246ms
[2026-06-17T09:54:42.780+0800][59.029s][info][gc,cpu         ] GC(1589) User=0.00s Sys=0.00s Real=0.00s
[2026-06-17T09:54:42.781+0800][59.029s][info][gc,heap        ] GC(1589) Old: 36580K->30358K(43712K)
[2026-06-17T09:54:42.818+0800][59.067s][info][gc,start       ] GC(1591) Pause Young (Allocation Failure)
[2026-06-17T09:54:42.819+0800][59.067s][info][gc,task        ] GC(1591) Using 2 workers of 18 for evacuation
[2026-06-17T09:54:42.821+0800][59.069s][info][gc,heap        ] GC(1591) ParNew: 19606K->2172K(19648K)
[2026-06-17T09:54:42.821+0800][59.070s][info][gc,heap        ] GC(1591) CMS: 30358K->35375K(43712K)
[2026-06-17T09:54:42.822+0800][59.070s][info][gc,metaspace   ] GC(1591) Metaspace: 3166K(4864K)->3166K(4864K) NonClass: 2861K(4352K)->2861K(4352K) Class: 305K(512K)->305K(512K)
[2026-06-17T09:54:42.822+0800][59.070s][info][gc             ] GC(1591) Pause Young (Allocation Failure) 48M->36M(61M) 3.488ms
[2026-06-17T09:54:42.822+0800][59.070s][info][gc,cpu         ] GC(1591) User=0.00s Sys=0.00s Real=0.00s
[2026-06-17T09:54:42.823+0800][59.071s][info][gc,start       ] GC(1592) Pause Initial Mark
[2026-06-17T09:54:42.823+0800][59.071s][info][gc             ] GC(1592) Pause Initial Mark 37M->37M(61M) 0.438ms
[2026-06-17T09:54:42.824+0800][59.072s][info][gc,cpu         ] GC(1592) User=0.00s Sys=0.00s Real=0.00s
[2026-06-17T09:54:42.824+0800][59.072s][info][gc             ] GC(1592) Concurrent Mark
[2026-06-17T09:54:42.824+0800][59.073s][info][gc,task        ] GC(1592) Using 2 workers of 5 for marking
[2026-06-17T09:54:42.825+0800][59.074s][info][gc             ] GC(1592) Concurrent Mark 1.434ms
[2026-06-17T09:54:42.826+0800][59.074s][info][gc,cpu         ] GC(1592) User=0.00s Sys=0.00s Real=0.00s
[2026-06-17T09:54:42.826+0800][59.074s][info][gc             ] GC(1592) Concurrent Preclean
[2026-06-17T09:54:42.826+0800][59.074s][info][gc             ] GC(1592) Concurrent Preclean 0.161ms
[2026-06-17T09:54:42.826+0800][59.075s][info][gc,cpu         ] GC(1592) User=0.00s Sys=0.00s Real=0.00s
[2026-06-17T09:54:42.827+0800][59.075s][info][gc,start       ] GC(1592) Pause Remark
[2026-06-17T09:54:42.827+0800][59.075s][info][gc             ] GC(1592) Pause Remark 37M->37M(61M) 0.434ms
[2026-06-17T09:54:42.827+0800][59.075s][info][gc,cpu         ] GC(1592) User=0.00s Sys=0.00s Real=0.00s
[2026-06-17T09:54:42.828+0800][59.076s][info][gc             ] GC(1592) Concurrent Sweep
[2026-06-17T09:54:42.829+0800][59.077s][info][gc             ] GC(1592) Concurrent Sweep 0.767ms
[2026-06-17T09:54:42.829+0800][59.077s][info][gc,cpu         ] GC(1592) User=0.00s Sys=0.00s Real=0.00s
[2026-06-17T09:54:42.829+0800][59.077s][info][gc             ] GC(1592) Concurrent Reset
[2026-06-17T09:54:42.830+0800][59.078s][info][gc             ] GC(1592) Concurrent Reset 0.349ms
[2026-06-17T09:54:42.830+0800][59.078s][info][gc,cpu         ] GC(1592) User=0.00s Sys=0.00s Real=0.00s
[2026-06-17T09:54:42.830+0800][59.078s][info][gc,heap        ] GC(1592) Old: 35375K->25519K(43712K)
[2026-06-17T09:54:42.865+0800][59.113s][info][gc,start       ] GC(1593) Pause Young (Allocation Failure)
[2026-06-17T09:54:42.865+0800][59.114s][info][gc,task        ] GC(1593) Using 2 workers of 18 for evacuation
[2026-06-17T09:54:42.867+0800][59.115s][info][gc,heap        ] GC(1593) ParNew: 19531K->2165K(19648K)
[2026-06-17T09:54:42.867+0800][59.115s][info][gc,heap        ] GC(1593) CMS: 25519K->28085K(43712K)
[2026-06-17T09:54:42.868+0800][59.116s][info][gc,metaspace   ] GC(1593) Metaspace: 3166K(4864K)->3166K(4864K) NonClass: 2861K(4352K)->2861K(4352K) Class: 305K(512K)->305K(512K)
[2026-06-17T09:54:42.868+0800][59.116s][info][gc             ] GC(1593) Pause Young (Allocation Failure) 43M->29M(61M) 2.938ms
[2026-06-17T09:54:42.868+0800][59.116s][info][gc,cpu         ] GC(1593) User=0.00s Sys=0.00s Real=0.00s
[2026-06-17T09:54:42.922+0800][59.170s][info][gc,start       ] GC(1594) Pause Young (Allocation Failure)
[2026-06-17T09:54:42.923+0800][59.171s][info][gc,task        ] GC(1594) Using 2 workers of 18 for evacuation
[2026-06-17T09:54:42.925+0800][59.173s][info][gc,heap        ] GC(1594) ParNew: 19599K->2104K(19648K)
[2026-06-17T09:54:42.926+0800][59.174s][info][gc,heap        ] GC(1594) CMS: 28085K->31882K(43712K)
[2026-06-17T09:54:42.926+0800][59.174s][info][gc,metaspace   ] GC(1594) Metaspace: 3166K(4864K)->3166K(4864K) NonClass: 2861K(4352K)->2861K(4352K) Class: 305K(512K)->305K(512K)
[2026-06-17T09:54:42.927+0800][59.175s][info][gc             ] GC(1594) Pause Young (Allocation Failure) 46M->33M(61M) 4.769ms
[2026-06-17T09:54:42.927+0800][59.175s][info][gc,cpu         ] GC(1594) User=0.00s Sys=0.00s Real=0.01s
[2026-06-17T09:54:42.928+0800][59.176s][info][gc,start       ] GC(1595) Pause Initial Mark
[2026-06-17T09:54:42.929+0800][59.177s][info][gc             ] GC(1595) Pause Initial Mark 34M->34M(61M) 0.564ms
[2026-06-17T09:54:42.929+0800][59.177s][info][gc,cpu         ] GC(1595) User=0.00s Sys=0.00s Real=0.00s
[2026-06-17T09:54:42.929+0800][59.178s][info][gc             ] GC(1595) Concurrent Mark
[2026-06-17T09:54:42.930+0800][59.178s][info][gc,task        ] GC(1595) Using 2 workers of 5 for marking
[2026-06-17T09:54:42.931+0800][59.180s][info][gc             ] GC(1595) Concurrent Mark 2.011ms
[2026-06-17T09:54:42.932+0800][59.180s][info][gc,cpu         ] GC(1595) User=0.00s Sys=0.00s Real=0.01s
[2026-06-17T09:54:42.932+0800][59.180s][info][gc             ] GC(1595) Concurrent Preclean
[2026-06-17T09:54:42.932+0800][59.180s][info][gc             ] GC(1595) Concurrent Preclean 0.272ms
[2026-06-17T09:54:42.932+0800][59.181s][info][gc,cpu         ] GC(1595) User=0.00s Sys=0.00s Real=0.00s
[2026-06-17T09:54:42.933+0800][59.181s][info][gc             ] GC(1595) Concurrent Abortable Preclean
[2026-06-17T09:54:42.973+0800][59.221s][info][gc,start       ] GC(1596) Pause Young (Allocation Failure)
[2026-06-17T09:54:42.973+0800][59.221s][info][gc,task        ] GC(1596) Using 2 workers of 18 for evacuation
[2026-06-17T09:54:42.975+0800][59.223s][info][gc,heap        ] GC(1596) ParNew: 19576K->2168K(19648K)
[2026-06-17T09:54:42.975+0800][59.223s][info][gc,heap        ] GC(1596) CMS: 31882K->35117K(43712K)
[2026-06-17T09:54:42.976+0800][59.224s][info][gc,metaspace   ] GC(1596) Metaspace: 3166K(4864K)->3166K(4864K) NonClass: 2861K(4352K)->2861K(4352K) Class: 305K(512K)->305K(512K)
[2026-06-17T09:54:42.976+0800][59.224s][info][gc             ] GC(1596) Pause Young (Allocation Failure) 50M->36M(61M) 3.026ms
[2026-06-17T09:54:42.976+0800][59.224s][info][gc,cpu         ] GC(1596) User=0.00s Sys=0.00s Real=0.00s
[2026-06-17T09:54:43.019+0800][59.268s][info][gc,start       ] GC(1597) Pause Young (Allocation Failure)
[2026-06-17T09:54:43.021+0800][59.269s][info][gc,task        ] GC(1597) Using 2 workers of 18 for evacuation
[2026-06-17T09:54:43.023+0800][59.271s][info][gc,heap        ] GC(1597) ParNew: 19640K->2175K(19648K)
[2026-06-17T09:54:43.024+0800][59.272s][info][gc,heap        ] GC(1597) CMS: 35117K->39635K(43712K)
[2026-06-17T09:54:43.026+0800][59.274s][info][gc,metaspace   ] GC(1597) Metaspace: 3166K(4864K)->3166K(4864K) NonClass: 2861K(4352K)->2861K(4352K) Class: 305K(512K)->305K(512K)
[2026-06-17T09:54:43.027+0800][59.275s][info][gc             ] GC(1597) Pause Young (Allocation Failure) 53M->40M(61M) 7.817ms
[2026-06-17T09:54:43.030+0800][59.278s][info][gc,cpu         ] GC(1597) User=0.00s Sys=0.00s Real=0.01s
[2026-06-17T09:54:43.074+0800][59.322s][info][gc,start       ] GC(1598) Pause Young (Allocation Failure)
[2026-06-17T09:54:43.074+0800][59.322s][info][gc,task        ] GC(1598) Using 2 workers of 18 for evacuation
[2026-06-17T09:54:43.075+0800][59.323s][info][gc,start       ] GC(1599) Pause Full (Allocation Failure)
[2026-06-17T09:54:43.075+0800][59.323s][info][gc             ] GC(1595) Concurrent Abortable Preclean 142.458ms
[2026-06-17T09:54:43.076+0800][59.324s][info][gc,cpu         ] GC(1595) User=0.02s Sys=0.00s Real=0.14s
[2026-06-17T09:54:43.076+0800][59.324s][info][gc,phases,start] GC(1599) Phase 1: Mark live objects
[2026-06-17T09:54:43.077+0800][59.325s][info][gc,phases      ] GC(1599) Phase 1: Mark live objects 1.272ms
[2026-06-17T09:54:43.078+0800][59.326s][info][gc,phases,start] GC(1599) Phase 2: Compute new object addresses
[2026-06-17T09:54:43.078+0800][59.326s][info][gc,phases      ] GC(1599) Phase 2: Compute new object addresses 0.623ms
[2026-06-17T09:54:43.079+0800][59.327s][info][gc,phases,start] GC(1599) Phase 3: Adjust pointers
[2026-06-17T09:54:43.079+0800][59.327s][info][gc,phases      ] GC(1599) Phase 3: Adjust pointers 0.689ms
[2026-06-17T09:54:43.079+0800][59.328s][info][gc,phases,start] GC(1599) Phase 4: Move objects
[2026-06-17T09:54:43.082+0800][59.330s][info][gc,phases      ] GC(1599) Phase 4: Move objects 2.523ms
[2026-06-17T09:54:43.083+0800][59.331s][info][gc             ] GC(1599) Pause Full (Allocation Failure) 57M->21M(61M) 7.868ms
[2026-06-17T09:54:43.083+0800][59.331s][info][gc,heap        ] GC(1598) ParNew: 19638K->0K(19648K)
[2026-06-17T09:54:43.083+0800][59.331s][info][gc,heap        ] GC(1598) CMS: 39635K->21893K(43712K)
[2026-06-17T09:54:43.083+0800][59.331s][info][gc,metaspace   ] GC(1598) Metaspace: 3166K(4864K)->3166K(4864K) NonClass: 2861K(4352K)->2861K(4352K) Class: 305K(512K)->305K(512K)
[2026-06-17T09:54:43.083+0800][59.331s][info][gc             ] GC(1598) Pause Young (Allocation Failure) 57M->21M(61M) 9.496ms
[2026-06-17T09:54:43.083+0800][59.331s][info][gc,cpu         ] GC(1598) User=0.00s Sys=0.00s Real=0.01s
[2026-06-17T09:54:43.126+0800][59.374s][info][gc,start       ] GC(1600) Pause Young (Allocation Failure)
[2026-06-17T09:54:43.140+0800][59.388s][info][gc,task        ] GC(1600) Using 2 workers of 18 for evacuation
[2026-06-17T09:54:43.142+0800][59.390s][info][gc,heap        ] GC(1600) ParNew: 17423K->2148K(19648K)
[2026-06-17T09:54:43.143+0800][59.391s][info][gc,heap        ] GC(1600) CMS: 21893K->23208K(43712K)
[2026-06-17T09:54:43.143+0800][59.391s][info][gc,metaspace   ] GC(1600) Metaspace: 3166K(4864K)->3166K(4864K) NonClass: 2861K(4352K)->2861K(4352K) Class: 305K(512K)->305K(512K)
[2026-06-17T09:54:43.144+0800][59.392s][info][gc             ] GC(1600) Pause Young (Allocation Failure) 38M->24M(61M) 17.963ms
[2026-06-17T09:54:43.145+0800][59.393s][info][gc,cpu         ] GC(1600) User=0.01s Sys=0.00s Real=0.02s
[2026-06-17T09:54:43.199+0800][59.447s][info][gc,start       ] GC(1601) Pause Young (Allocation Failure)
[2026-06-17T09:54:43.200+0800][59.448s][info][gc,task        ] GC(1601) Using 2 workers of 18 for evacuation
[2026-06-17T09:54:43.202+0800][59.450s][info][gc,heap        ] GC(1601) ParNew: 19620K->2121K(19648K)
[2026-06-17T09:54:43.203+0800][59.451s][info][gc,heap        ] GC(1601) CMS: 23208K->26678K(43712K)
[2026-06-17T09:54:43.203+0800][59.451s][info][gc,metaspace   ] GC(1601) Metaspace: 3166K(4864K)->3166K(4864K) NonClass: 2861K(4352K)->2861K(4352K) Class: 305K(512K)->305K(512K)
[2026-06-17T09:54:43.204+0800][59.452s][info][gc             ] GC(1601) Pause Young (Allocation Failure) 41M->28M(61M) 5.013ms
[2026-06-17T09:54:43.204+0800][59.453s][info][gc,cpu         ] GC(1601) User=0.00s Sys=0.00s Real=0.01s
[2026-06-17T09:54:43.247+0800][59.495s][info][gc,start       ] GC(1602) Pause Young (Allocation Failure)
[2026-06-17T09:54:43.258+0800][59.507s][info][gc,task        ] GC(1602) Using 2 workers of 18 for evacuation
[2026-06-17T09:54:43.262+0800][59.510s][info][gc,heap        ] GC(1602) ParNew: 19593K->2171K(19648K)
[2026-06-17T09:54:43.266+0800][59.514s][info][gc,heap        ] GC(1602) CMS: 26678K->29984K(43712K)
[2026-06-17T09:54:43.267+0800][59.516s][info][gc,metaspace   ] GC(1602) Metaspace: 3166K(4864K)->3166K(4864K) NonClass: 2861K(4352K)->2861K(4352K) Class: 305K(512K)->305K(512K)
[2026-06-17T09:54:43.276+0800][59.524s][info][gc             ] GC(1602) Pause Young (Allocation Failure) 45M->31M(61M) 28.566ms
[2026-06-17T09:54:43.276+0800][59.524s][info][gc,cpu         ] GC(1602) User=0.00s Sys=0.00s Real=0.03s
[2026-06-17T09:54:43.320+0800][59.568s][info][gc,start       ] GC(1603) Pause Young (Allocation Failure)
[2026-06-17T09:54:43.320+0800][59.569s][info][gc,task        ] GC(1603) Using 2 workers of 18 for evacuation
[2026-06-17T09:54:43.322+0800][59.570s][info][gc,heap        ] GC(1603) ParNew: 19413K->2102K(19648K)
[2026-06-17T09:54:43.323+0800][59.571s][info][gc,heap        ] GC(1603) CMS: 29984K->34209K(43712K)
[2026-06-17T09:54:43.323+0800][59.571s][info][gc,metaspace   ] GC(1603) Metaspace: 3166K(4864K)->3166K(4864K) NonClass: 2861K(4352K)->2861K(4352K) Class: 305K(512K)->305K(512K)
[2026-06-17T09:54:43.324+0800][59.572s][info][gc             ] GC(1603) Pause Young (Allocation Failure) 48M->35M(61M) 3.959ms
[2026-06-17T09:54:43.332+0800][59.580s][info][gc,cpu         ] GC(1603) User=0.00s Sys=0.00s Real=0.02s
[2026-06-17T09:54:43.336+0800][59.584s][info][gc,start       ] GC(1604) Pause Initial Mark
[2026-06-17T09:54:43.337+0800][59.585s][info][gc             ] GC(1604) Pause Initial Mark 36M->36M(61M) 1.079ms
[2026-06-17T09:54:43.337+0800][59.586s][info][gc,cpu         ] GC(1604) User=0.00s Sys=0.00s Real=0.00s
[2026-06-17T09:54:43.338+0800][59.586s][info][gc             ] GC(1604) Concurrent Mark
[2026-06-17T09:54:43.339+0800][59.587s][info][gc,task        ] GC(1604) Using 2 workers of 5 for marking
[2026-06-17T09:54:43.341+0800][59.589s][info][gc             ] GC(1604) Concurrent Mark 2.589ms
[2026-06-17T09:54:43.343+0800][59.591s][info][gc,cpu         ] GC(1604) User=0.00s Sys=0.00s Real=0.01s
[2026-06-17T09:54:43.343+0800][59.591s][info][gc             ] GC(1604) Concurrent Preclean
[2026-06-17T09:54:43.344+0800][59.592s][info][gc             ] GC(1604) Concurrent Preclean 1.152ms
[2026-06-17T09:54:43.353+0800][59.601s][info][gc,cpu         ] GC(1604) User=0.00s Sys=0.01s Real=0.01s
[2026-06-17T09:54:43.354+0800][59.603s][info][gc             ] GC(1604) Concurrent Abortable Preclean
[2026-06-17T09:54:43.388+0800][59.636s][info][gc,start       ] GC(1605) Pause Young (Allocation Failure)
[2026-06-17T09:54:43.389+0800][59.637s][info][gc,task        ] GC(1605) Using 2 workers of 18 for evacuation
[2026-06-17T09:54:43.392+0800][59.640s][info][gc,heap        ] GC(1605) ParNew: 19557K->2128K(19648K)
[2026-06-17T09:54:43.393+0800][59.641s][info][gc,heap        ] GC(1605) CMS: 34209K->37342K(43712K)
[2026-06-17T09:54:43.394+0800][59.643s][info][gc,metaspace   ] GC(1605) Metaspace: 3166K(4864K)->3166K(4864K) NonClass: 2861K(4352K)->2861K(4352K) Class: 305K(512K)->305K(512K)
[2026-06-17T09:54:43.397+0800][59.645s][info][gc             ] GC(1605) Pause Young (Allocation Failure) 52M->38M(61M) 8.330ms
[2026-06-17T09:54:43.399+0800][59.647s][info][gc,cpu         ] GC(1605) User=0.00s Sys=0.00s Real=0.01s
[2026-06-17T09:54:43.444+0800][59.692s][info][gc,start       ] GC(1606) Pause Young (Allocation Failure)
[2026-06-17T09:54:43.445+0800][59.693s][info][gc,task        ] GC(1606) Using 2 workers of 18 for evacuation
[2026-06-17T09:54:43.447+0800][59.695s][info][gc,heap        ] GC(1606) ParNew: 19590K->2167K(19648K)
[2026-06-17T09:54:43.448+0800][59.696s][info][gc,heap        ] GC(1606) CMS: 37342K->41174K(43712K)
[2026-06-17T09:54:43.449+0800][59.697s][info][gc,metaspace   ] GC(1606) Metaspace: 3166K(4864K)->3166K(4864K) NonClass: 2861K(4352K)->2861K(4352K) Class: 305K(512K)->305K(512K)
[2026-06-17T09:54:43.449+0800][59.698s][info][gc             ] GC(1606) Pause Young (Allocation Failure) 55M->42M(61M) 5.357ms
[2026-06-17T09:54:43.450+0800][59.698s][info][gc,cpu         ] GC(1606) User=0.00s Sys=0.00s Real=0.00s
[2026-06-17T09:54:43.494+0800][59.743s][info][gc,start       ] GC(1607) Pause Young (Allocation Failure)
[2026-06-17T09:54:43.496+0800][59.744s][info][gc,task        ] GC(1607) Using 2 workers of 18 for evacuation
[2026-06-17T09:54:43.497+0800][59.745s][info][gc,start       ] GC(1608) Pause Full (Allocation Failure)
[2026-06-17T09:54:43.498+0800][59.746s][info][gc             ] GC(1604) Concurrent Abortable Preclean 143.372ms
[2026-06-17T09:54:43.499+0800][59.747s][info][gc,cpu         ] GC(1604) User=0.01s Sys=0.00s Real=0.14s
[2026-06-17T09:54:43.500+0800][59.748s][info][gc,phases,start] GC(1608) Phase 1: Mark live objects
[2026-06-17T09:54:43.502+0800][59.750s][info][gc,phases      ] GC(1608) Phase 1: Mark live objects 1.902ms
[2026-06-17T09:54:43.503+0800][59.751s][info][gc,phases,start] GC(1608) Phase 2: Compute new object addresses
[2026-06-17T09:54:43.504+0800][59.752s][info][gc,phases      ] GC(1608) Phase 2: Compute new object addresses 1.323ms
[2026-06-17T09:54:43.505+0800][59.753s][info][gc,phases,start] GC(1608) Phase 3: Adjust pointers
[2026-06-17T09:54:43.506+0800][59.754s][info][gc,phases      ] GC(1608) Phase 3: Adjust pointers 1.195ms
[2026-06-17T09:54:43.507+0800][59.755s][info][gc,phases,start] GC(1608) Phase 4: Move objects
[2026-06-17T09:54:43.509+0800][59.758s][info][gc,phases      ] GC(1608) Phase 4: Move objects 2.950ms
[2026-06-17T09:54:43.511+0800][59.759s][info][gc             ] GC(1608) Pause Full (Allocation Failure) 59M->23M(61M) 13.584ms
[2026-06-17T09:54:43.511+0800][59.760s][info][gc,heap        ] GC(1607) ParNew: 19600K->0K(19648K)
[2026-06-17T09:54:43.512+0800][59.760s][info][gc,heap        ] GC(1607) CMS: 41174K->23902K(43712K)
[2026-06-17T09:54:43.512+0800][59.760s][info][gc,metaspace   ] GC(1607) Metaspace: 3166K(4864K)->3166K(4864K) NonClass: 2861K(4352K)->2861K(4352K) Class: 305K(512K)->305K(512K)
[2026-06-17T09:54:43.512+0800][59.760s][info][gc             ] GC(1607) Pause Young (Allocation Failure) 59M->23M(61M) 17.921ms
[2026-06-17T09:54:43.512+0800][59.761s][info][gc,cpu         ] GC(1607) User=0.01s Sys=0.00s Real=0.02s
[2026-06-17T09:54:43.565+0800][59.813s][info][gc,start       ] GC(1609) Pause Young (Allocation Failure)
[2026-06-17T09:54:43.566+0800][59.814s][info][gc,task        ] GC(1609) Using 2 workers of 18 for evacuation
[2026-06-17T09:54:43.567+0800][59.815s][info][gc,heap        ] GC(1609) ParNew: 17472K->2163K(19648K)
[2026-06-17T09:54:43.567+0800][59.815s][info][gc,heap        ] GC(1609) CMS: 23902K->25454K(43712K)
[2026-06-17T09:54:43.567+0800][59.816s][info][gc,metaspace   ] GC(1609) Metaspace: 3166K(4864K)->3166K(4864K) NonClass: 2861K(4352K)->2861K(4352K) Class: 305K(512K)->305K(512K)
[2026-06-17T09:54:43.568+0800][59.816s][info][gc             ] GC(1609) Pause Young (Allocation Failure) 40M->26M(61M) 2.337ms
[2026-06-17T09:54:43.568+0800][59.816s][info][gc,cpu         ] GC(1609) User=0.00s Sys=0.00s Real=0.00s
[2026-06-17T09:54:43.611+0800][59.859s][info][gc,start       ] GC(1610) Pause Young (Allocation Failure)
[2026-06-17T09:54:43.612+0800][59.860s][info][gc,task        ] GC(1610) Using 2 workers of 18 for evacuation
[2026-06-17T09:54:43.613+0800][59.861s][info][gc,heap        ] GC(1610) ParNew: 19633K->2075K(19648K)
[2026-06-17T09:54:43.613+0800][59.862s][info][gc,heap        ] GC(1610) CMS: 25454K->29973K(43712K)
[2026-06-17T09:54:43.614+0800][59.862s][info][gc,metaspace   ] GC(1610) Metaspace: 3166K(4864K)->3166K(4864K) NonClass: 2861K(4352K)->2861K(4352K) Class: 305K(512K)->305K(512K)
[2026-06-17T09:54:43.614+0800][59.862s][info][gc             ] GC(1610) Pause Young (Allocation Failure) 44M->31M(61M) 3.651ms
[2026-06-17T09:54:43.615+0800][59.863s][info][gc,cpu         ] GC(1610) User=0.00s Sys=0.00s Real=0.00s
[2026-06-17T09:54:43.659+0800][59.907s][info][gc,start       ] GC(1611) Pause Young (Allocation Failure)
[2026-06-17T09:54:43.659+0800][59.907s][info][gc,task        ] GC(1611) Using 2 workers of 18 for evacuation
[2026-06-17T09:54:43.660+0800][59.909s][info][gc,heap        ] GC(1611) ParNew: 19547K->2175K(19648K)
[2026-06-17T09:54:43.661+0800][59.909s][info][gc,heap        ] GC(1611) CMS: 29973K->33697K(43712K)
[2026-06-17T09:54:43.661+0800][59.909s][info][gc,metaspace   ] GC(1611) Metaspace: 3166K(4864K)->3166K(4864K) NonClass: 2861K(4352K)->2861K(4352K) Class: 305K(512K)->305K(512K)
[2026-06-17T09:54:43.661+0800][59.910s][info][gc             ] GC(1611) Pause Young (Allocation Failure) 48M->35M(61M) 2.843ms
[2026-06-17T09:54:43.662+0800][59.910s][info][gc,cpu         ] GC(1611) User=0.00s Sys=0.00s Real=0.00s
[2026-06-17T09:54:43.662+0800][59.910s][info][gc,start       ] GC(1612) Pause Initial Mark
[2026-06-17T09:54:43.663+0800][59.911s][info][gc             ] GC(1612) Pause Initial Mark 35M->35M(61M) 0.677ms
[2026-06-17T09:54:43.663+0800][59.911s][info][gc,cpu         ] GC(1612) User=0.00s Sys=0.00s Real=0.01s
[2026-06-17T09:54:43.664+0800][59.912s][info][gc             ] GC(1612) Concurrent Mark
[2026-06-17T09:54:43.664+0800][59.912s][info][gc,task        ] GC(1612) Using 2 workers of 5 for marking
[2026-06-17T09:54:43.665+0800][59.913s][info][gc             ] GC(1612) Concurrent Mark 1.303ms
[2026-06-17T09:54:43.665+0800][59.913s][info][gc,cpu         ] GC(1612) User=0.00s Sys=0.00s Real=0.00s
[2026-06-17T09:54:43.665+0800][59.913s][info][gc             ] GC(1612) Concurrent Preclean
[2026-06-17T09:54:43.666+0800][59.914s][info][gc             ] GC(1612) Concurrent Preclean 0.204ms
[2026-06-17T09:54:43.666+0800][59.914s][info][gc,cpu         ] GC(1612) User=0.00s Sys=0.00s Real=0.00s
[2026-06-17T09:54:43.666+0800][59.914s][info][gc,start       ] GC(1612) Pause Remark
[2026-06-17T09:54:43.667+0800][59.915s][info][gc             ] GC(1612) Pause Remark 35M->35M(61M) 0.788ms
[2026-06-17T09:54:43.667+0800][59.915s][info][gc,cpu         ] GC(1612) User=0.00s Sys=0.00s Real=0.00s
[2026-06-17T09:54:43.667+0800][59.915s][info][gc             ] GC(1612) Concurrent Sweep
[2026-06-17T09:54:43.668+0800][59.916s][info][gc             ] GC(1612) Concurrent Sweep 0.383ms
[2026-06-17T09:54:43.668+0800][59.916s][info][gc,cpu         ] GC(1612) User=0.00s Sys=0.00s Real=0.00s
[2026-06-17T09:54:43.668+0800][59.916s][info][gc             ] GC(1612) Concurrent Reset
[2026-06-17T09:54:43.668+0800][59.916s][info][gc             ] GC(1612) Concurrent Reset 0.120ms
[2026-06-17T09:54:43.668+0800][59.916s][info][gc,cpu         ] GC(1612) User=0.00s Sys=0.00s Real=0.00s
[2026-06-17T09:54:43.668+0800][59.917s][info][gc,heap        ] GC(1612) Old: 33697K->30103K(43712K)
[2026-06-17T09:54:43.704+0800][59.953s][info][gc,start       ] GC(1613) Pause Young (Allocation Failure)
[2026-06-17T09:54:43.705+0800][59.954s][info][gc,task        ] GC(1613) Using 2 workers of 18 for evacuation
[2026-06-17T09:54:43.706+0800][59.954s][info][gc,heap        ] GC(1613) ParNew: 19615K->2033K(19648K)
[2026-06-17T09:54:43.707+0800][59.955s][info][gc,heap        ] GC(1613) CMS: 30103K->31185K(43712K)
[2026-06-17T09:54:43.707+0800][59.955s][info][gc,metaspace   ] GC(1613) Metaspace: 3166K(4864K)->3166K(4864K) NonClass: 2861K(4352K)->2861K(4352K) Class: 305K(512K)->305K(512K)
[2026-06-17T09:54:43.707+0800][59.955s][info][gc             ] GC(1613) Pause Young (Allocation Failure) 48M->32M(61M) 2.820ms
[2026-06-17T09:54:43.707+0800][59.956s][info][gc,cpu         ] GC(1613) User=0.00s Sys=0.00s Real=0.00s
[2026-06-17T09:54:43.751+0800][59.999s][info][gc,start       ] GC(1614) Pause Young (Allocation Failure)
[2026-06-17T09:54:43.751+0800][59.999s][info][gc,task        ] GC(1614) Using 2 workers of 18 for evacuation
[2026-06-17T09:54:43.753+0800][60.002s][info][gc,heap        ] GC(1614) ParNew: 19468K->2175K(19648K)
[2026-06-17T09:54:43.754+0800][60.002s][info][gc,heap        ] GC(1614) CMS: 31185K->37983K(43712K)
[2026-06-17T09:54:43.755+0800][60.003s][info][gc,metaspace   ] GC(1614) Metaspace: 3166K(4864K)->3166K(4864K) NonClass: 2861K(4352K)->2861K(4352K) Class: 305K(512K)->305K(512K)
[2026-06-17T09:54:43.755+0800][60.003s][info][gc             ] GC(1614) Pause Young (Allocation Failure) 49M->39M(61M) 4.509ms
[2026-06-17T09:54:43.756+0800][60.004s][info][gc,cpu         ] GC(1614) User=0.00s Sys=0.00s Real=0.00s
[2026-06-17T09:54:43.757+0800][60.005s][info][gc,start       ] GC(1615) Pause Initial Mark
[2026-06-17T09:54:43.757+0800][60.005s][info][gc             ] GC(1615) Pause Initial Mark 40M->40M(61M) 0.748ms
[2026-06-17T09:54:43.758+0800][60.006s][info][gc,cpu         ] GC(1615) User=0.00s Sys=0.00s Real=0.00s
[2026-06-17T09:54:43.758+0800][60.006s][info][gc             ] GC(1615) Concurrent Mark
[2026-06-17T09:54:43.758+0800][60.007s][info][gc,task        ] GC(1615) Using 2 workers of 5 for marking
[2026-06-17T09:54:43.760+0800][60.008s][info][gc             ] GC(1615) Concurrent Mark 1.858ms
[2026-06-17T09:54:43.761+0800][60.009s][info][gc,cpu         ] GC(1615) User=0.00s Sys=0.00s Real=0.00s
[2026-06-17T09:54:43.761+0800][60.009s][info][gc             ] GC(1615) Concurrent Preclean
[2026-06-17T09:54:43.762+0800][60.010s][info][gc             ] GC(1615) Concurrent Preclean 0.265ms
[2026-06-17T09:54:43.762+0800][60.010s][info][gc,cpu         ] GC(1615) User=0.00s Sys=0.00s Real=0.00s
[2026-06-17T09:54:43.762+0800][60.010s][info][gc,start       ] GC(1615) Pause Remark
[2026-06-17T09:54:43.763+0800][60.011s][info][gc             ] GC(1615) Pause Remark 40M->40M(61M) 0.833ms
[2026-06-17T09:54:43.763+0800][60.011s][info][gc,cpu         ] GC(1615) User=0.00s Sys=0.00s Real=0.01s
[2026-06-17T09:54:43.764+0800][60.012s][info][gc             ] GC(1615) Concurrent Sweep
[2026-06-17T09:54:43.764+0800][60.012s][info][gc             ] GC(1615) Concurrent Sweep 0.416ms
[2026-06-17T09:54:43.764+0800][60.012s][info][gc,cpu         ] GC(1615) User=0.00s Sys=0.00s Real=0.00s
[2026-06-17T09:54:43.764+0800][60.013s][info][gc             ] GC(1615) Concurrent Reset
[2026-06-17T09:54:43.765+0800][60.013s][info][gc             ] GC(1615) Concurrent Reset 0.208ms
[2026-06-17T09:54:43.765+0800][60.013s][info][gc,cpu         ] GC(1615) User=0.00s Sys=0.00s Real=0.00s
[2026-06-17T09:54:43.765+0800][60.013s][info][gc,heap        ] GC(1615) Old: 37983K->26478K(43712K)
[2026-06-17T09:54:44.800+0800][61.048s][info][gc,heap,exit   ] Heap
[2026-06-17T09:54:44.800+0800][61.048s][info][gc,heap,exit   ]  par new generation   total 19648K, used 16325K [0x00000000fc000000, 0x00000000fd550000, 0x00000000fd550000)
[2026-06-17T09:54:44.800+0800][61.049s][info][gc,heap,exit   ]   eden space 17472K,  80% used [0x00000000fc000000, 0x00000000fcdd1990, 0x00000000fd110000)
[2026-06-17T09:54:44.801+0800][61.049s][info][gc,heap,exit   ]   from space 2176K,  99% used [0x00000000fd330000, 0x00000000fd54fe60, 0x00000000fd550000)
[2026-06-17T09:54:44.801+0800][61.049s][info][gc,heap,exit   ]   to   space 2176K,   0% used [0x00000000fd110000, 0x00000000fd110000, 0x00000000fd330000)
[2026-06-17T09:54:44.801+0800][61.049s][info][gc,heap,exit   ]  concurrent mark-sweep generation total 43712K, used 26478K [0x00000000fd550000, 0x0000000100000000, 0x0000000100000000)
[2026-06-17T09:54:44.801+0800][61.049s][info][gc,heap,exit   ]  Metaspace       used 3174K, capacity 4498K, committed 4864K, reserved 1056768K
[2026-06-17T09:54:44.801+0800][61.049s][info][gc,heap,exit   ]   class space    used 306K, capacity 386K, committed 512K, reserved 1048576K
