OpenJDK 64-Bit Server VM (25.492-b09) for linux-amd64 JRE (1.8.0_492-b09), built on Apr 26 2026 11:46:09 by "jenkins" with gcc 7.5.0
Memory: 4k page, physical 16236216k(11314824k free), swap 4194304k(4194304k free)
CommandLine flags: -XX:InitialHeapSize=268435456 -XX:MaxHeapSize=268435456 -XX:+PrintGC -XX:+PrintGCDateStamps -XX:+PrintGCDetails -XX:+PrintGCTimeStamps -XX:+UseCompressedClassPointers -XX:+UseCompressedOops -XX:+UseSerialGC 
2026-06-18T14:04:25.029+0800: 0.260: [GC (Allocation Failure) 2026-06-18T14:04:25.030+0800: 0.261: [DefNew: 69930K->8704K(78656K), 0.0083605 secs] 69930K->12359K(253440K), 0.0112034 secs] [Times: user=0.01 sys=0.01, real=0.01 secs] 
2026-06-18T14:04:25.233+0800: 0.463: [GC (Allocation Failure) 2026-06-18T14:04:25.234+0800: 0.465: [DefNew: 78656K->8658K(78656K), 0.0082883 secs] 82311K->18427K(253440K), 0.0111913 secs] [Times: user=0.00 sys=0.01, real=0.01 secs] 
2026-06-18T14:04:25.415+0800: 0.645: [GC (Allocation Failure) 2026-06-18T14:04:25.417+0800: 0.647: [DefNew: 78610K->8681K(78656K), 0.0058626 secs] 88379K->26349K(253440K), 0.0090005 secs] [Times: user=0.00 sys=0.00, real=0.01 secs] 
2026-06-18T14:04:25.604+0800: 0.834: [GC (Allocation Failure) 2026-06-18T14:04:25.605+0800: 0.835: [DefNew: 78633K->8702K(78656K), 0.0041687 secs] 96301K->31992K(253440K), 0.0057923 secs] [Times: user=0.00 sys=0.01, real=0.01 secs] 
2026-06-18T14:04:25.787+0800: 1.017: [GC (Allocation Failure) 2026-06-18T14:04:25.788+0800: 1.018: [DefNew: 78654K->8703K(78656K), 0.0047047 secs] 101944K->37379K(253440K), 0.0064238 secs] [Times: user=0.00 sys=0.01, real=0.01 secs] 
2026-06-18T14:04:25.960+0800: 1.190: [GC (Allocation Failure) 2026-06-18T14:04:25.961+0800: 1.191: [DefNew: 78455K->8672K(78656K), 0.0039813 secs] 107131K->42356K(253440K), 0.0058343 secs] [Times: user=0.00 sys=0.00, real=0.00 secs] 
2026-06-18T14:04:26.147+0800: 1.378: [GC (Allocation Failure) 2026-06-18T14:04:26.148+0800: 1.379: [DefNew: 78624K->8653K(78656K), 0.0074423 secs] 112308K->52686K(253440K), 0.0093644 secs] [Times: user=0.00 sys=0.01, real=0.02 secs] 
2026-06-18T14:04:26.334+0800: 1.565: [GC (Allocation Failure) 2026-06-18T14:04:26.335+0800: 1.566: [DefNew: 78557K->8699K(78656K), 0.0052305 secs] 122591K->61268K(253440K), 0.0071762 secs] [Times: user=0.00 sys=0.00, real=0.01 secs] 
2026-06-18T14:04:26.519+0800: 1.749: [GC (Allocation Failure) 2026-06-18T14:04:26.520+0800: 1.750: [DefNew: 78651K->8668K(78656K), 0.0070068 secs] 131220K->70884K(253440K), 0.0089484 secs] [Times: user=0.00 sys=0.00, real=0.01 secs] 
2026-06-18T14:04:26.602+0800: 1.832: [Full GC (System.gc()) 2026-06-18T14:04:26.604+0800: 1.834: [Tenured: 62215K->34540K(174784K), 0.0048080 secs] 105694K->34540K(253440K), [Metaspace: 2705K->2705K(1056768K)], 0.0083541 secs] [Times: user=0.00 sys=0.00, real=0.01 secs] 
2026-06-18T14:04:26.795+0800: 2.026: [GC (Allocation Failure) 2026-06-18T14:04:26.802+0800: 2.032: [DefNew: 69952K->8687K(78656K), 0.0026915 secs] 104492K->48095K(253440K), 0.0118851 secs] [Times: user=0.00 sys=0.00, real=0.03 secs] 
2026-06-18T14:04:27.004+0800: 2.234: [GC (Allocation Failure) 2026-06-18T14:04:27.008+0800: 2.238: [DefNew: 78639K->8702K(78656K), 0.0032273 secs] 118047K->55485K(253440K), 0.0087200 secs] [Times: user=0.00 sys=0.00, real=0.01 secs] 
2026-06-18T14:04:27.184+0800: 2.415: [GC (Allocation Failure) 2026-06-18T14:04:27.185+0800: 2.416: [DefNew: 78654K->8631K(78656K), 0.0055430 secs] 125437K->61645K(253440K), 0.0102683 secs] [Times: user=0.00 sys=0.00, real=0.01 secs] 
2026-06-18T14:04:27.374+0800: 2.605: [GC (Allocation Failure) 2026-06-18T14:04:27.376+0800: 2.606: [DefNew: 78583K->8633K(78656K), 0.0034784 secs] 131597K->73488K(253440K), 0.0058531 secs] [Times: user=0.00 sys=0.00, real=0.01 secs] 
2026-06-18T14:04:27.559+0800: 2.790: [GC (Allocation Failure) 2026-06-18T14:04:27.560+0800: 2.791: [DefNew: 78585K->8696K(78656K), 0.0042913 secs] 143440K->78708K(253440K), 0.0059337 secs] [Times: user=0.01 sys=0.01, real=0.00 secs] 
2026-06-18T14:04:27.737+0800: 2.968: [GC (Allocation Failure) 2026-06-18T14:04:27.739+0800: 2.969: [DefNew: 78648K->8699K(78656K), 0.0040436 secs] 148660K->84797K(253440K), 0.0061399 secs] [Times: user=0.00 sys=0.01, real=0.00 secs] 
2026-06-18T14:04:27.808+0800: 3.039: [Full GC (System.gc()) 2026-06-18T14:04:27.809+0800: 3.040: [Tenured: 76098K->26659K(174784K), 0.0035157 secs] 109512K->26659K(253440K), [Metaspace: 2706K->2706K(1056768K)], 0.0052905 secs] [Times: user=0.00 sys=0.00, real=0.00 secs] 
2026-06-18T14:04:27.993+0800: 3.224: [GC (Allocation Failure) 2026-06-18T14:04:27.994+0800: 3.225: [DefNew: 69942K->8689K(78656K), 0.0024177 secs] 96601K->40362K(253440K), 0.0045516 secs] [Times: user=0.00 sys=0.00, real=0.01 secs] 
2026-06-18T14:04:28.093+0800: 3.323: [Full GC (System.gc()) 2026-06-18T14:04:28.094+0800: 3.324: [Tenured: 31672K->30006K(174784K), 0.0038775 secs] 80851K->30006K(253440K), [Metaspace: 2706K->2706K(1056768K)], 0.0057001 secs] [Times: user=0.01 sys=0.00, real=0.01 secs] 
2026-06-18T14:04:28.281+0800: 3.512: [GC (Allocation Failure) 2026-06-18T14:04:28.284+0800: 3.515: [DefNew: 69849K->8698K(78656K), 0.0025916 secs] 99856K->40775K(253440K), 0.0065773 secs] [Times: user=0.00 sys=0.00, real=0.01 secs] 
2026-06-18T14:04:28.468+0800: 3.698: [GC (Allocation Failure) 2026-06-18T14:04:28.469+0800: 3.699: [DefNew: 78650K->8687K(78656K), 0.0020803 secs] 110727K->49338K(253440K), 0.0036547 secs] [Times: user=0.00 sys=0.00, real=0.00 secs] 
2026-06-18T14:04:28.484+0800: 3.714: [Full GC (System.gc()) 2026-06-18T14:04:28.485+0800: 3.715: [Tenured: 40650K->28600K(174784K), 0.0040325 secs] 55699K->28600K(253440K), [Metaspace: 2706K->2706K(1056768K)], 0.0056149 secs] [Times: user=0.01 sys=0.00, real=0.01 secs] 
2026-06-18T14:04:28.669+0800: 3.900: [GC (Allocation Failure) 2026-06-18T14:04:28.670+0800: 3.901: [DefNew: 69952K->8645K(78656K), 0.0024850 secs] 98552K->43238K(253440K), 0.0042933 secs] [Times: user=0.00 sys=0.00, real=0.00 secs] 
2026-06-18T14:04:28.855+0800: 4.085: [GC (Allocation Failure) 2026-06-18T14:04:28.856+0800: 4.087: [DefNew: 78597K->8678K(78656K), 0.0046182 secs] 113190K->52328K(253440K), 0.0067853 secs] [Times: user=0.00 sys=0.00, real=0.01 secs] 
2026-06-18T14:04:29.041+0800: 4.271: [GC (Allocation Failure) 2026-06-18T14:04:29.042+0800: 4.272: [DefNew: 78630K->8652K(78656K), 0.0026976 secs] 122280K->61290K(253440K), 0.0045020 secs] [Times: user=0.00 sys=0.00, real=0.00 secs] 
2026-06-18T14:04:29.214+0800: 4.445: [GC (Allocation Failure) 2026-06-18T14:04:29.216+0800: 4.446: [DefNew: 77353K->8653K(78656K), 0.0053435 secs] 129991K->66131K(253440K), 0.0101298 secs] [Times: user=0.00 sys=0.00, real=0.02 secs] 
2026-06-18T14:04:29.402+0800: 4.632: [Full GC (System.gc()) 2026-06-18T14:04:29.403+0800: 4.634: [Tenured: 57477K->28189K(174784K), 0.0056454 secs] 133428K->28189K(253440K), [Metaspace: 2706K->2706K(1056768K)], 0.0099994 secs] [Times: user=0.00 sys=0.00, real=0.01 secs] 
2026-06-18T14:04:29.605+0800: 4.835: [GC (Allocation Failure) 2026-06-18T14:04:29.606+0800: 4.836: [DefNew: 69952K->8699K(78656K), 0.0024344 secs] 98141K->42398K(253440K), 0.0044368 secs] [Times: user=0.00 sys=0.00, real=0.01 secs] 
2026-06-18T14:04:29.780+0800: 5.011: [GC (Allocation Failure) 2026-06-18T14:04:29.781+0800: 5.011: [DefNew: 78651K->8629K(78656K), 0.0018551 secs] 112350K->49401K(253440K), 0.0030833 secs] [Times: user=0.00 sys=0.00, real=0.00 secs] 
2026-06-18T14:04:29.964+0800: 5.194: [GC (Allocation Failure) 2026-06-18T14:04:29.966+0800: 5.196: [DefNew: 78581K->8689K(78656K), 0.0057476 secs] 119353K->54790K(253440K), 0.0115791 secs] [Times: user=0.00 sys=0.00, real=0.02 secs] 
2026-06-18T14:04:30.154+0800: 5.385: [GC (Allocation Failure) 2026-06-18T14:04:30.155+0800: 5.386: [DefNew: 78641K->8627K(78656K), 0.0018315 secs] 124742K->60535K(253440K), 0.0033222 secs] [Times: user=0.01 sys=0.00, real=0.01 secs] 
2026-06-18T14:04:30.326+0800: 5.557: [GC (Allocation Failure) 2026-06-18T14:04:30.331+0800: 5.562: [DefNew: 78579K->8602K(78656K), 0.0069505 secs] 130487K->70354K(253440K), 0.0226238 secs] [Times: user=0.00 sys=0.01, real=0.03 secs] 
2026-06-18T14:04:30.541+0800: 5.772: [GC (Allocation Failure) 2026-06-18T14:04:30.542+0800: 5.773: [DefNew: 78554K->8678K(78656K), 0.0027271 secs] 140306K->77382K(253440K), 0.0047400 secs] [Times: user=0.00 sys=0.00, real=0.00 secs] 
2026-06-18T14:04:30.716+0800: 5.946: [GC (Allocation Failure) 2026-06-18T14:04:30.717+0800: 5.948: [DefNew: 78630K->8636K(78656K), 0.0045495 secs] 147334K->90445K(253440K), 0.0064896 secs] [Times: user=0.01 sys=0.00, real=0.00 secs] 
2026-06-18T14:04:30.901+0800: 6.132: [GC (Allocation Failure) 2026-06-18T14:04:30.902+0800: 6.133: [DefNew: 78588K->8634K(78656K), 0.0036456 secs] 160397K->95093K(253440K), 0.0052646 secs] [Times: user=0.00 sys=0.00, real=0.00 secs] 
2026-06-18T14:04:31.085+0800: 6.315: [GC (Allocation Failure) 2026-06-18T14:04:31.086+0800: 6.316: [DefNew: 78586K->8673K(78656K), 0.0047402 secs] 165045K->101073K(253440K), 0.0065678 secs] [Times: user=0.01 sys=0.00, real=0.01 secs] 
2026-06-18T14:04:31.260+0800: 6.490: [GC (Allocation Failure) 2026-06-18T14:04:31.261+0800: 6.491: [DefNew: 78625K->8684K(78656K), 0.0039997 secs] 171025K->104702K(253440K), 0.0055101 secs] [Times: user=0.00 sys=0.00, real=0.00 secs] 
2026-06-18T14:04:31.435+0800: 6.666: [GC (Allocation Failure) 2026-06-18T14:04:31.465+0800: 6.696: [DefNew: 78636K->8669K(78656K), 0.0091259 secs] 174654K->112982K(253440K), 0.0465450 secs] [Times: user=0.00 sys=0.00, real=0.05 secs] 
2026-06-18T14:04:31.663+0800: 6.894: [GC (Allocation Failure) 2026-06-18T14:04:31.664+0800: 6.895: [DefNew: 78621K->8619K(78656K), 0.0058040 secs] 182934K->120271K(253440K), 0.0074679 secs] [Times: user=0.00 sys=0.01, real=0.01 secs] 
2026-06-18T14:04:31.849+0800: 7.079: [GC (Allocation Failure) 2026-06-18T14:04:31.850+0800: 7.080: [DefNew: 78512K->8691K(78656K), 0.0062874 secs] 190164K->127242K(253440K), 0.0078153 secs] [Times: user=0.00 sys=0.01, real=0.01 secs] 
2026-06-18T14:04:32.024+0800: 7.255: [GC (Allocation Failure) 2026-06-18T14:04:32.025+0800: 7.256: [DefNew: 78388K->8673K(78656K), 0.0049132 secs] 196939K->132565K(253440K), 0.0064197 secs] [Times: user=0.01 sys=0.00, real=0.01 secs] 
2026-06-18T14:04:32.220+0800: 7.451: [GC (Allocation Failure) 2026-06-18T14:04:32.222+0800: 7.452: [DefNew: 78625K->8600K(78656K), 0.0065513 secs] 202517K->141177K(253440K), 0.0100682 secs] [Times: user=0.01 sys=0.00, real=0.01 secs] 
2026-06-18T14:04:32.410+0800: 7.640: [GC (Allocation Failure) 2026-06-18T14:04:32.411+0800: 7.641: [DefNew: 78540K->8696K(78656K), 0.0065439 secs] 211117K->150445K(253440K), 0.0082063 secs] [Times: user=0.00 sys=0.01, real=0.01 secs] 
2026-06-18T14:04:32.586+0800: 7.816: [GC (Allocation Failure) 2026-06-18T14:04:32.586+0800: 7.817: [DefNew: 78648K->8691K(78656K), 0.0068229 secs] 220397K->159679K(253440K), 0.0084644 secs] [Times: user=0.00 sys=0.00, real=0.01 secs] 
2026-06-18T14:04:32.773+0800: 8.004: [GC (Allocation Failure) 2026-06-18T14:04:32.774+0800: 8.005: [DefNew: 78614K->8614K(78656K), 0.0050150 secs] 229602K->166670K(253440K), 0.0066274 secs] [Times: user=0.00 sys=0.00, real=0.01 secs] 
2026-06-18T14:04:32.959+0800: 8.189: [GC (Allocation Failure) 2026-06-18T14:04:32.960+0800: 8.191: [DefNew: 78566K->8675K(78656K), 0.0086364 secs] 236622K->173317K(253440K), 0.0110820 secs] [Times: user=0.00 sys=0.00, real=0.01 secs] 
2026-06-18T14:04:33.147+0800: 8.378: [GC (Allocation Failure) 2026-06-18T14:04:33.156+0800: 8.386: [DefNew: 78627K->78627K(78656K), 0.0084577 secs]2026-06-18T14:04:33.168+0800: 8.399: [Tenured: 164642K->25528K(174784K), 0.0055239 secs] 243269K->25528K(253440K), [Metaspace: 2707K->2707K(1056768K)], 0.0280740 secs] [Times: user=0.00 sys=0.00, real=0.04 secs] 
2026-06-18T14:04:33.346+0800: 8.577: [GC (Allocation Failure) 2026-06-18T14:04:33.347+0800: 8.578: [DefNew: 69952K->8703K(78656K), 0.0030582 secs] 95480K->42895K(253440K), 0.0056725 secs] [Times: user=0.00 sys=0.00, real=0.01 secs] 
2026-06-18T14:04:33.535+0800: 8.766: [GC (Allocation Failure) 2026-06-18T14:04:33.538+0800: 8.769: [DefNew: 78655K->8670K(78656K), 0.0113960 secs] 112847K->50881K(253440K), 0.0175380 secs] [Times: user=0.00 sys=0.00, real=0.03 secs] 
2026-06-18T14:04:33.738+0800: 8.968: [GC (Allocation Failure) 2026-06-18T14:04:33.740+0800: 8.971: [DefNew: 78622K->8665K(78656K), 0.0102645 secs] 120833K->57986K(253440K), 0.0237252 secs] [Times: user=0.00 sys=0.01, real=0.03 secs] 
2026-06-18T14:04:33.942+0800: 9.172: [GC (Allocation Failure) 2026-06-18T14:04:33.949+0800: 9.179: [DefNew: 78617K->8584K(78656K), 0.0076823 secs] 127938K->68464K(253440K), 0.0181500 secs] [Times: user=0.00 sys=0.00, real=0.02 secs] 
2026-06-18T14:04:34.147+0800: 9.378: [GC (Allocation Failure) 2026-06-18T14:04:34.148+0800: 9.379: [DefNew: 78524K->8680K(78656K), 0.0039742 secs] 138404K->78350K(253440K), 0.0060235 secs] [Times: user=0.00 sys=0.00, real=0.01 secs] 
2026-06-18T14:04:35.237+0800: 9.566: [GC (Allocation Failure) 2026-06-18T14:04:35.238+0800: 9.567: [DefNew: 78632K->8654K(78656K), 0.0039128 secs] 148302K->83734K(253440K), 0.0066696 secs] [Times: user=0.00 sys=0.00, real=0.01 secs] 
2026-06-18T14:04:35.424+0800: 9.753: [GC (Allocation Failure) 2026-06-18T14:04:35.432+0800: 9.761: [DefNew: 78606K->8609K(78656K), 0.0039949 secs] 153686K->88296K(253440K), 0.0200406 secs] [Times: user=0.00 sys=0.00, real=0.02 secs] 
2026-06-18T14:04:35.627+0800: 9.957: [GC (Allocation Failure) 2026-06-18T14:04:35.628+0800: 9.958: [DefNew: 78561K->8687K(78656K), 0.0020742 secs] 158248K->92895K(253440K), 0.0038533 secs] [Times: user=0.01 sys=0.00, real=0.01 secs] 
2026-06-18T14:04:35.801+0800: 10.130: [GC (Allocation Failure) 2026-06-18T14:04:35.802+0800: 10.131: [DefNew: 78639K->8647K(78656K), 0.0026370 secs] 162847K->99739K(253440K), 0.0042798 secs] [Times: user=0.00 sys=0.00, real=0.00 secs] 
2026-06-18T14:04:35.983+0800: 10.312: [GC (Allocation Failure) 2026-06-18T14:04:35.985+0800: 10.314: [DefNew: 78599K->8656K(78656K), 0.0061105 secs] 169691K->105762K(253440K), 0.0092208 secs] [Times: user=0.00 sys=0.00, real=0.01 secs] 
2026-06-18T14:04:36.164+0800: 10.493: [GC (Allocation Failure) 2026-06-18T14:04:36.165+0800: 10.494: [DefNew: 78608K->8668K(78656K), 0.0028134 secs] 175714K->110285K(253440K), 0.0050391 secs] [Times: user=0.00 sys=0.00, real=0.01 secs] 
2026-06-18T14:04:36.347+0800: 10.676: [GC (Allocation Failure) 2026-06-18T14:04:36.354+0800: 10.683: [DefNew: 78620K->8662K(78656K), 0.0037102 secs] 180237K->119912K(253440K), 0.0128696 secs] [Times: user=0.01 sys=0.00, real=0.02 secs] 
2026-06-18T14:04:36.528+0800: 10.857: [GC (Allocation Failure) 2026-06-18T14:04:36.528+0800: 10.857: [DefNew: 78458K->8698K(78656K), 0.0020929 secs] 189709K->130150K(253440K), 0.0032130 secs] [Times: user=0.00 sys=0.00, real=0.01 secs] 
2026-06-18T14:04:36.707+0800: 11.036: [GC (Allocation Failure) 2026-06-18T14:04:36.708+0800: 11.037: [DefNew: 78650K->8702K(78656K), 0.0024611 secs] 200102K->142881K(253440K), 0.0036949 secs] [Times: user=0.00 sys=0.00, real=0.01 secs] 
2026-06-18T14:04:36.889+0800: 11.218: [GC (Allocation Failure) 2026-06-18T14:04:36.912+0800: 11.242: [DefNew: 78654K->8637K(78656K), 0.0023048 secs] 212833K->149274K(253440K), 0.0303627 secs] [Times: user=0.00 sys=0.00, real=0.04 secs] 
2026-06-18T14:04:37.113+0800: 11.442: [GC (Allocation Failure) 2026-06-18T14:04:37.114+0800: 11.443: [DefNew: 78589K->8644K(78656K), 0.0026180 secs] 219226K->154411K(253440K), 0.0047687 secs] [Times: user=0.01 sys=0.00, real=0.01 secs] 
2026-06-18T14:04:37.296+0800: 11.625: [GC (Allocation Failure) 2026-06-18T14:04:37.297+0800: 11.626: [DefNew: 78596K->8676K(78656K), 0.0020542 secs] 224363K->159699K(253440K), 0.0034214 secs] [Times: user=0.00 sys=0.00, real=0.01 secs] 
2026-06-18T14:04:37.467+0800: 11.796: [GC (Allocation Failure) 2026-06-18T14:04:37.468+0800: 11.797: [DefNew: 78628K->8668K(78656K), 0.0020196 secs] 229651K->166553K(253440K), 0.0034822 secs] [Times: user=0.00 sys=0.00, real=0.01 secs] 
2026-06-18T14:04:37.637+0800: 11.966: [GC (Allocation Failure) 2026-06-18T14:04:37.639+0800: 11.968: [DefNew: 78620K->8623K(78656K), 0.0043505 secs] 236505K->176051K(253440K), 0.0071122 secs] [Times: user=0.00 sys=0.00, real=0.00 secs] 
2026-06-18T14:04:37.823+0800: 12.152: [GC (Allocation Failure) 2026-06-18T14:04:37.823+0800: 12.153: [DefNew: 78495K->78495K(78656K), 0.0003590 secs]2026-06-18T14:04:37.824+0800: 12.153: [Tenured: 167427K->26091K(174784K), 0.0037553 secs] 245923K->26091K(253440K), [Metaspace: 2709K->2709K(1056768K)], 0.0058476 secs] [Times: user=0.01 sys=0.00, real=0.00 secs] 
2026-06-18T14:04:38.005+0800: 12.334: [GC (Allocation Failure) 2026-06-18T14:04:38.006+0800: 12.335: [DefNew: 69952K->8641K(78656K), 0.0017487 secs] 96043K->41812K(253440K), 0.0029258 secs] [Times: user=0.01 sys=0.00, real=0.00 secs] 
2026-06-18T14:04:38.185+0800: 12.514: [GC (Allocation Failure) 2026-06-18T14:04:38.186+0800: 12.516: [DefNew: 78593K->8676K(78656K), 0.0043027 secs] 111764K->49336K(253440K), 0.0085901 secs] [Times: user=0.00 sys=0.00, real=0.01 secs] 
2026-06-18T14:04:38.374+0800: 12.703: [GC (Allocation Failure) 2026-06-18T14:04:38.374+0800: 12.703: [DefNew: 78628K->8617K(78656K), 0.0022232 secs] 119288K->59395K(253440K), 0.0036725 secs] [Times: user=0.01 sys=0.01, real=0.01 secs] 
2026-06-18T14:04:38.545+0800: 12.874: [GC (Allocation Failure) 2026-06-18T14:04:38.546+0800: 12.875: [DefNew: 78569K->8657K(78656K), 0.0018552 secs] 129347K->66316K(253440K), 0.0030333 secs] [Times: user=0.00 sys=0.00, real=0.00 secs] 
2026-06-18T14:04:38.728+0800: 13.057: [GC (Allocation Failure) 2026-06-18T14:04:38.729+0800: 13.058: [DefNew: 78609K->8631K(78656K), 0.0019830 secs] 136268K->72025K(253440K), 0.0031798 secs] [Times: user=0.00 sys=0.00, real=0.01 secs] 
2026-06-18T14:04:38.900+0800: 13.229: [GC (Allocation Failure) 2026-06-18T14:04:38.901+0800: 13.230: [DefNew: 78583K->8649K(78656K), 0.0021905 secs] 141977K->80368K(253440K), 0.0037773 secs] [Times: user=0.00 sys=0.00, real=0.00 secs] 
2026-06-18T14:04:39.082+0800: 13.412: [GC (Allocation Failure) 2026-06-18T14:04:39.084+0800: 13.413: [DefNew: 78601K->8694K(78656K), 0.0038086 secs] 150320K->86382K(253440K), 0.0058619 secs] [Times: user=0.01 sys=0.00, real=0.00 secs] 
2026-06-18T14:04:39.258+0800: 13.588: [GC (Allocation Failure) 2026-06-18T14:04:39.260+0800: 13.589: [DefNew: 77806K->8642K(78656K), 0.0025801 secs] 155494K->90987K(253440K), 0.0047252 secs] [Times: user=0.01 sys=0.00, real=0.00 secs] 
2026-06-18T14:04:39.442+0800: 13.771: [GC (Allocation Failure) 2026-06-18T14:04:39.444+0800: 13.773: [DefNew: 78594K->8667K(78656K), 0.0028276 secs] 160939K->99057K(253440K), 0.0051772 secs] [Times: user=0.00 sys=0.00, real=0.00 secs] 
2026-06-18T14:04:39.628+0800: 13.957: [GC (Allocation Failure) 2026-06-18T14:04:39.629+0800: 13.958: [DefNew: 78619K->8692K(78656K), 0.0033813 secs] 169009K->105933K(253440K), 0.0056354 secs] [Times: user=0.00 sys=0.00, real=0.01 secs] 
2026-06-18T14:04:39.804+0800: 14.133: [GC (Allocation Failure) 2026-06-18T14:04:39.805+0800: 14.134: [DefNew: 78504K->8639K(78656K), 0.0034037 secs] 175745K->112849K(253440K), 0.0052232 secs] [Times: user=0.00 sys=0.00, real=0.01 secs] 
2026-06-18T14:04:39.990+0800: 14.319: [GC (Allocation Failure) 2026-06-18T14:04:39.991+0800: 14.320: [DefNew: 78591K->8672K(78656K), 0.0053099 secs] 182801K->125969K(253440K), 0.0080067 secs] [Times: user=0.00 sys=0.00, real=0.01 secs] 
2026-06-18T14:04:40.182+0800: 14.511: [GC (Allocation Failure) 2026-06-18T14:04:40.184+0800: 14.513: [DefNew: 78624K->8627K(78656K), 0.0039582 secs] 195921K->132759K(253440K), 0.0072487 secs] [Times: user=0.00 sys=0.00, real=0.01 secs] 
2026-06-18T14:04:40.370+0800: 14.699: [GC (Allocation Failure) 2026-06-18T14:04:40.371+0800: 14.700: [DefNew: 78579K->8698K(78656K), 0.0030485 secs] 202711K->139972K(253440K), 0.0050423 secs] [Times: user=0.00 sys=0.00, real=0.00 secs] 
2026-06-18T14:04:40.554+0800: 14.884: [GC (Allocation Failure) 2026-06-18T14:04:40.556+0800: 14.885: [DefNew: 78650K->8669K(78656K), 0.0025675 secs] 209924K->146418K(253440K), 0.0054854 secs] [Times: user=0.00 sys=0.00, real=0.01 secs] 
2026-06-18T14:04:40.738+0800: 15.068: [GC (Allocation Failure) 2026-06-18T14:04:40.740+0800: 15.069: [DefNew: 78621K->8701K(78656K), 0.0029397 secs] 216370K->151675K(253440K), 0.0054795 secs] [Times: user=0.01 sys=0.00, real=0.00 secs] 
2026-06-18T14:04:40.913+0800: 15.242: [GC (Allocation Failure) 2026-06-18T14:04:40.914+0800: 15.243: [DefNew: 78653K->8665K(78656K), 0.0033184 secs] 221627K->160091K(253440K), 0.0056497 secs] [Times: user=0.01 sys=0.00, real=0.01 secs] 
2026-06-18T14:04:41.097+0800: 15.426: [GC (Allocation Failure) 2026-06-18T14:04:41.099+0800: 15.428: [DefNew: 78617K->8685K(78656K), 0.0034175 secs] 230043K->166610K(253440K), 0.0064222 secs] [Times: user=0.00 sys=0.00, real=0.01 secs] 
2026-06-18T14:04:41.282+0800: 15.611: [GC (Allocation Failure) 2026-06-18T14:04:41.283+0800: 15.612: [DefNew: 78637K->8649K(78656K), 0.0031000 secs] 236562K->174169K(253440K), 0.0058759 secs] [Times: user=0.01 sys=0.00, real=0.00 secs] 
2026-06-18T14:04:41.467+0800: 15.796: [GC (Allocation Failure) 2026-06-18T14:04:41.468+0800: 15.797: [DefNew: 78601K->78601K(78656K), 0.0010783 secs]2026-06-18T14:04:41.470+0800: 15.799: [Tenured: 165520K->29031K(174784K), 0.0092116 secs] 244121K->29031K(253440K), [Metaspace: 2709K->2709K(1056768K)], 0.0129057 secs] [Times: user=0.01 sys=0.01, real=0.02 secs] 
2026-06-18T14:04:41.658+0800: 15.987: [GC (Allocation Failure) 2026-06-18T14:04:41.659+0800: 15.988: [DefNew: 69952K->8697K(78656K), 0.0021403 secs] 98983K->43967K(253440K), 0.0054271 secs] [Times: user=0.01 sys=0.00, real=0.00 secs] 
2026-06-18T14:04:41.843+0800: 16.172: [GC (Allocation Failure) 2026-06-18T14:04:41.844+0800: 16.173: [DefNew: 78649K->8639K(78656K), 0.0024266 secs] 113919K->50452K(253440K), 0.0044813 secs] [Times: user=0.00 sys=0.00, real=0.00 secs] 
2026-06-18T14:04:42.026+0800: 16.355: [GC (Allocation Failure) 2026-06-18T14:04:42.027+0800: 16.356: [DefNew: 78591K->8636K(78656K), 0.0017924 secs] 120404K->55619K(253440K), 0.0035099 secs] [Times: user=0.00 sys=0.00, real=0.01 secs] 
2026-06-18T14:04:42.207+0800: 16.536: [GC (Allocation Failure) 2026-06-18T14:04:42.207+0800: 16.536: [DefNew: 78588K->8700K(78656K), 0.0018581 secs] 125571K->59813K(253440K), 0.0031993 secs] [Times: user=0.00 sys=0.00, real=0.01 secs] 
2026-06-18T14:04:42.377+0800: 16.706: [GC (Allocation Failure) 2026-06-18T14:04:42.378+0800: 16.707: [DefNew: 78652K->8693K(78656K), 0.0021161 secs] 129765K->69131K(253440K), 0.0035650 secs] [Times: user=0.01 sys=0.00, real=0.00 secs] 
2026-06-18T14:04:42.558+0800: 16.887: [GC (Allocation Failure) 2026-06-18T14:04:42.559+0800: 16.888: [DefNew: 78645K->8643K(78656K), 0.0023109 secs] 139083K->76458K(253440K), 0.0040917 secs] [Times: user=0.00 sys=0.00, real=0.00 secs] 
2026-06-18T14:04:42.740+0800: 17.069: [GC (Allocation Failure) 2026-06-18T14:04:42.741+0800: 17.070: [DefNew: 78595K->8698K(78656K), 0.0024394 secs] 146410K->83685K(253440K), 0.0042038 secs] [Times: user=0.00 sys=0.00, real=0.00 secs] 
2026-06-18T14:04:42.921+0800: 17.250: [GC (Allocation Failure) 2026-06-18T14:04:42.922+0800: 17.251: [DefNew: 78650K->8701K(78656K), 0.0032291 secs] 153637K->93118K(253440K), 0.0046354 secs] [Times: user=0.00 sys=0.00, real=0.00 secs] 
2026-06-18T14:04:43.092+0800: 17.421: [GC (Allocation Failure) 2026-06-18T14:04:43.093+0800: 17.422: [DefNew: 78630K->8695K(78656K), 0.0023845 secs] 163046K->102162K(253440K), 0.0033789 secs] [Times: user=0.00 sys=0.00, real=0.00 secs] 
2026-06-18T14:04:43.273+0800: 17.602: [GC (Allocation Failure) 2026-06-18T14:04:43.274+0800: 17.603: [DefNew: 78647K->8642K(78656K), 0.0058867 secs] 172114K->109771K(253440K), 0.0074317 secs] [Times: user=0.01 sys=0.00, real=0.01 secs] 
2026-06-18T14:04:43.448+0800: 17.777: [GC (Allocation Failure) 2026-06-18T14:04:43.449+0800: 17.778: [DefNew: 78569K->8637K(78656K), 0.0038363 secs] 179698K->114888K(253440K), 0.0053537 secs] [Times: user=0.00 sys=0.00, real=0.01 secs] 
2026-06-18T14:04:43.631+0800: 17.961: [GC (Allocation Failure) 2026-06-18T14:04:43.676+0800: 18.005: [DefNew: 78589K->8676K(78656K), 0.0098833 secs] 184840K->123547K(253440K), 0.0566623 secs] [Times: user=0.01 sys=0.00, real=0.05 secs] 
2026-06-18T14:04:43.865+0800: 18.195: [GC (Allocation Failure) 2026-06-18T14:04:43.867+0800: 18.196: [DefNew: 78628K->8699K(78656K), 0.0082702 secs] 193499K->130881K(253440K), 0.0127243 secs] [Times: user=0.01 sys=0.00, real=0.02 secs] 
2026-06-18T14:04:44.057+0800: 18.386: [GC (Allocation Failure) 2026-06-18T14:04:44.058+0800: 18.388: [DefNew: 78651K->8617K(78656K), 0.0064775 secs] 200833K->136954K(253440K), 0.0089678 secs] [Times: user=0.00 sys=0.00, real=0.00 secs] 
2026-06-18T14:04:44.246+0800: 18.575: [GC (Allocation Failure) 2026-06-18T14:04:44.247+0800: 18.576: [DefNew: 78569K->8639K(78656K), 0.0031007 secs] 206906K->143773K(253440K), 0.0046523 secs] [Times: user=0.01 sys=0.00, real=0.01 secs] 
2026-06-18T14:04:44.418+0800: 18.747: [GC (Allocation Failure) 2026-06-18T14:04:44.419+0800: 18.748: [DefNew: 78512K->8651K(78656K), 0.0043629 secs] 213645K->151730K(253440K), 0.0061506 secs] [Times: user=0.01 sys=0.00, real=0.00 secs] 
2026-06-18T14:04:44.603+0800: 18.932: [GC (Allocation Failure) 2026-06-18T14:04:44.604+0800: 18.933: [DefNew: 78603K->8592K(78656K), 0.0027297 secs] 221682K->163907K(253440K), 0.0040516 secs] [Times: user=0.00 sys=0.00, real=0.00 secs] 
2026-06-18T14:04:44.774+0800: 19.103: [GC (Allocation Failure) 2026-06-18T14:04:44.775+0800: 19.104: [DefNew: 78544K->8641K(78656K), 0.0029296 secs] 233859K->173149K(253440K), 0.0043496 secs] [Times: user=0.00 sys=0.00, real=0.01 secs] 
2026-06-18T14:04:44.955+0800: 19.284: [GC (Allocation Failure) 2026-06-18T14:04:44.956+0800: 19.285: [DefNew: 78593K->78593K(78656K), 0.0004522 secs]2026-06-18T14:04:44.957+0800: 19.286: [Tenured: 164507K->22469K(174784K), 0.0036000 secs] 243101K->22469K(253440K), [Metaspace: 2710K->2710K(1056768K)], 0.0064270 secs] [Times: user=0.00 sys=0.00, real=0.01 secs] 
2026-06-18T14:04:45.132+0800: 19.461: [GC (Allocation Failure) 2026-06-18T14:04:45.133+0800: 19.462: [DefNew: 69877K->8644K(78656K), 0.0029529 secs] 92347K->36821K(253440K), 0.0049789 secs] [Times: user=0.00 sys=0.00, real=0.01 secs] 
2026-06-18T14:04:45.315+0800: 19.644: [GC (Allocation Failure) 2026-06-18T14:04:45.315+0800: 19.644: [DefNew: 78596K->8588K(78656K), 0.0021828 secs] 106773K->46933K(253440K), 0.0036848 secs] [Times: user=0.00 sys=0.00, real=0.01 secs] 
2026-06-18T14:04:45.496+0800: 19.825: [GC (Allocation Failure) 2026-06-18T14:04:45.497+0800: 19.826: [DefNew: 78540K->8600K(78656K), 0.0019624 secs] 116885K->52871K(253440K), 0.0035810 secs] [Times: user=0.00 sys=0.00, real=0.01 secs] 
2026-06-18T14:04:45.676+0800: 20.005: [GC (Allocation Failure) 2026-06-18T14:04:45.677+0800: 20.006: [DefNew: 78552K->8610K(78656K), 0.0018347 secs] 122823K->58482K(253440K), 0.0032167 secs] [Times: user=0.00 sys=0.00, real=0.01 secs] 
2026-06-18T14:04:45.847+0800: 20.176: [GC (Allocation Failure) 2026-06-18T14:04:45.852+0800: 20.182: [DefNew: 78562K->8687K(78656K), 0.0032324 secs] 128434K->68742K(253440K), 0.0131711 secs] [Times: user=0.01 sys=0.00, real=0.02 secs] 
2026-06-18T14:04:46.040+0800: 20.369: [GC (Allocation Failure) 2026-06-18T14:04:46.042+0800: 20.372: [DefNew: 78639K->8619K(78656K), 0.0018860 secs] 138694K->73049K(253440K), 0.0061700 secs] [Times: user=0.00 sys=0.00, real=0.00 secs] 
2026-06-18T14:04:46.225+0800: 20.554: [GC (Allocation Failure) 2026-06-18T14:04:46.226+0800: 20.555: [DefNew: 78555K->8636K(78656K), 0.0026282 secs] 142985K->84707K(253440K), 0.0045264 secs] [Times: user=0.00 sys=0.00, real=0.01 secs] 
2026-06-18T14:04:46.397+0800: 20.726: [GC (Allocation Failure) 2026-06-18T14:04:46.398+0800: 20.727: [DefNew: 78476K->8699K(78656K), 0.0023243 secs] 154547K->95842K(253440K), 0.0038610 secs] [Times: user=0.00 sys=0.00, real=0.01 secs] 
2026-06-18T14:04:46.588+0800: 20.917: [GC (Allocation Failure) 2026-06-18T14:04:46.589+0800: 20.918: [DefNew: 78651K->8613K(78656K), 0.0022395 secs] 165794K->101535K(253440K), 0.0041317 secs] [Times: user=0.01 sys=0.00, real=0.01 secs] 
2026-06-18T14:04:46.759+0800: 21.089: [GC (Allocation Failure) 2026-06-18T14:04:46.760+0800: 21.089: [DefNew: 78565K->8654K(78656K), 0.0022651 secs] 171487K->108370K(253440K), 0.0044425 secs] [Times: user=0.00 sys=0.00, real=0.00 secs] 
2026-06-18T14:04:46.942+0800: 21.271: [GC (Allocation Failure) 2026-06-18T14:04:46.943+0800: 21.272: [DefNew: 78606K->8681K(78656K), 0.0014159 secs] 178322K->111851K(253440K), 0.0026378 secs] [Times: user=0.00 sys=0.00, real=0.00 secs] 
2026-06-18T14:04:47.113+0800: 21.442: [GC (Allocation Failure) 2026-06-18T14:04:47.114+0800: 21.443: [DefNew: 78633K->8621K(78656K), 0.0020031 secs] 181803K->120059K(253440K), 0.0034484 secs] [Times: user=0.00 sys=0.00, real=0.00 secs] 
2026-06-18T14:04:47.293+0800: 21.623: [GC (Allocation Failure) 2026-06-18T14:04:47.294+0800: 21.624: [DefNew: 78573K->8638K(78656K), 0.0017724 secs] 190011K->124594K(253440K), 0.0033785 secs] [Times: user=0.00 sys=0.01, real=0.01 secs] 
2026-06-18T14:04:47.465+0800: 21.795: [GC (Allocation Failure) 2026-06-18T14:04:47.466+0800: 21.795: [DefNew: 78590K->8661K(78656K), 0.0023805 secs] 194546K->134609K(253440K), 0.0037878 secs] [Times: user=0.00 sys=0.00, real=0.01 secs] 
2026-06-18T14:04:47.647+0800: 21.976: [GC (Allocation Failure) 2026-06-18T14:04:47.648+0800: 21.977: [DefNew: 78613K->8687K(78656K), 0.0022301 secs] 204561K->141989K(253440K), 0.0039210 secs] [Times: user=0.01 sys=0.00, real=0.01 secs] 
2026-06-18T14:04:47.830+0800: 22.159: [GC (Allocation Failure) 2026-06-18T14:04:47.831+0800: 22.160: [DefNew: 78639K->8650K(78656K), 0.0020819 secs] 211941K->150792K(253440K), 0.0038091 secs] [Times: user=0.00 sys=0.00, real=0.00 secs] 
2026-06-18T14:04:48.012+0800: 22.341: [GC (Allocation Failure) 2026-06-18T14:04:48.020+0800: 22.349: [DefNew: 78591K->8672K(78656K), 0.0180634 secs] 220733K->155041K(253440K), 0.0272693 secs] [Times: user=0.00 sys=0.00, real=0.03 secs] 
2026-06-18T14:04:48.209+0800: 22.538: [GC (Allocation Failure) 2026-06-18T14:04:48.211+0800: 22.540: [DefNew: 78574K->8630K(78656K), 0.0098536 secs] 224943K->161484K(253440K), 0.0117746 secs] [Times: user=0.00 sys=0.00, real=0.01 secs] 
2026-06-18T14:04:48.389+0800: 22.718: [GC (Allocation Failure) 2026-06-18T14:04:48.390+0800: 22.719: [DefNew: 78581K->8635K(78656K), 0.0018363 secs] 231435K->167102K(253440K), 0.0030947 secs] [Times: user=0.01 sys=0.00, real=0.01 secs] 
2026-06-18T14:04:48.580+0800: 22.909: [GC (Allocation Failure) 2026-06-18T14:04:48.581+0800: 22.910: [DefNew: 78587K->8601K(78656K), 0.0023424 secs] 237054K->172782K(253440K), 0.0041388 secs] [Times: user=0.00 sys=0.00, real=0.00 secs] 
2026-06-18T14:04:48.762+0800: 23.091: [GC (Allocation Failure) 2026-06-18T14:04:48.763+0800: 23.092: [DefNew: 78553K->78553K(78656K), 0.0007255 secs]2026-06-18T14:04:48.764+0800: 23.093: [Tenured: 164180K->25046K(174784K), 0.0042256 secs] 242734K->25046K(253440K), [Metaspace: 2710K->2710K(1056768K)], 0.0069115 secs] [Times: user=0.01 sys=0.00, real=0.01 secs] 
2026-06-18T14:04:48.936+0800: 23.265: [GC (Allocation Failure) 2026-06-18T14:04:48.936+0800: 23.266: [DefNew: 69952K->8663K(78656K), 0.0021341 secs] 94998K->39234K(253440K), 0.0035887 secs] [Times: user=0.00 sys=0.00, real=0.01 secs] 
2026-06-18T14:04:49.117+0800: 23.446: [GC (Allocation Failure) 2026-06-18T14:04:49.118+0800: 23.447: [DefNew: 78615K->8631K(78656K), 0.0025935 secs] 109186K->49909K(253440K), 0.0040625 secs] [Times: user=0.00 sys=0.00, real=0.01 secs] 
2026-06-18T14:04:49.288+0800: 23.617: [GC (Allocation Failure) 2026-06-18T14:04:49.289+0800: 23.618: [DefNew: 78469K->8640K(78656K), 0.0020606 secs] 119747K->58045K(253440K), 0.0035306 secs] [Times: user=0.01 sys=0.00, real=0.01 secs] 
2026-06-18T14:04:49.469+0800: 23.798: [GC (Allocation Failure) 2026-06-18T14:04:49.469+0800: 23.799: [DefNew: 78592K->8597K(78656K), 0.0023602 secs] 127997K->69338K(253440K), 0.0041070 secs] [Times: user=0.00 sys=0.00, real=0.01 secs] 
2026-06-18T14:04:49.640+0800: 23.969: [GC (Allocation Failure) 2026-06-18T14:04:49.641+0800: 23.970: [DefNew: 78549K->8673K(78656K), 0.0025098 secs] 139290K->79590K(253440K), 0.0039689 secs] [Times: user=0.00 sys=0.00, real=0.00 secs] 
2026-06-18T14:04:49.822+0800: 24.151: [GC (Allocation Failure) 2026-06-18T14:04:49.823+0800: 24.152: [DefNew: 78581K->8611K(78656K), 0.0027556 secs] 149498K->86852K(253440K), 0.0046527 secs] [Times: user=0.00 sys=0.00, real=0.00 secs] 
2026-06-18T14:04:49.994+0800: 24.323: [GC (Allocation Failure) 2026-06-18T14:04:49.994+0800: 24.324: [DefNew: 77708K->8703K(78656K), 0.0015932 secs] 155949K->91495K(253440K), 0.0026373 secs] [Times: user=0.00 sys=0.00, real=0.00 secs] 
2026-06-18T14:04:50.176+0800: 24.505: [GC (Allocation Failure) 2026-06-18T14:04:50.177+0800: 24.506: [DefNew: 78655K->8682K(78656K), 0.0021281 secs] 161447K->96908K(253440K), 0.0039137 secs] [Times: user=0.00 sys=0.00, real=0.01 secs] 
2026-06-18T14:04:50.358+0800: 24.687: [GC (Allocation Failure) 2026-06-18T14:04:50.361+0800: 24.690: [DefNew: 78634K->8676K(78656K), 0.0041823 secs] 166860K->103386K(253440K), 0.0088194 secs] [Times: user=0.00 sys=0.00, real=0.01 secs] 
2026-06-18T14:04:50.556+0800: 24.885: [GC (Allocation Failure) 2026-06-18T14:04:50.557+0800: 24.886: [DefNew: 78628K->8662K(78656K), 0.0019891 secs] 173338K->107882K(253440K), 0.0032453 secs] [Times: user=0.00 sys=0.00, real=0.01 secs] 
2026-06-18T14:04:50.727+0800: 25.056: [GC (Allocation Failure) 2026-06-18T14:04:50.727+0800: 25.057: [DefNew: 78614K->8678K(78656K), 0.0024532 secs] 177834K->116673K(253440K), 0.0040931 secs] [Times: user=0.01 sys=0.00, real=0.01 secs] 
2026-06-18T14:04:50.908+0800: 25.237: [GC (Allocation Failure) 2026-06-18T14:04:50.909+0800: 25.238: [DefNew: 78630K->8612K(78656K), 0.0019067 secs] 186625K->123462K(253440K), 0.0033400 secs] [Times: user=0.00 sys=0.00, real=0.01 secs] 
2026-06-18T14:04:51.089+0800: 25.419: [GC (Allocation Failure) 2026-06-18T14:04:51.091+0800: 25.420: [DefNew: 78564K->8697K(78656K), 0.0030148 secs] 193414K->132842K(253440K), 0.0053778 secs] [Times: user=0.00 sys=0.00, real=0.00 secs] 
2026-06-18T14:04:51.263+0800: 25.592: [GC (Allocation Failure) 2026-06-18T14:04:51.264+0800: 25.593: [DefNew: 78468K->8653K(78656K), 0.0024214 secs] 202613K->141848K(253440K), 0.0038470 secs] [Times: user=0.00 sys=0.00, real=0.00 secs] 
2026-06-18T14:04:51.444+0800: 25.773: [GC (Allocation Failure) 2026-06-18T14:04:51.445+0800: 25.774: [DefNew: 78605K->8663K(78656K), 0.0018428 secs] 211800K->148517K(253440K), 0.0031199 secs] [Times: user=0.01 sys=0.00, real=0.00 secs] 
2026-06-18T14:04:51.625+0800: 25.954: [GC (Allocation Failure) 2026-06-18T14:04:51.626+0800: 25.956: [DefNew: 78615K->8619K(78656K), 0.0029552 secs] 218469K->153857K(253440K), 0.0056739 secs] [Times: user=0.00 sys=0.00, real=0.01 secs] 
2026-06-18T14:04:51.810+0800: 26.140: [GC (Allocation Failure) 2026-06-18T14:04:51.811+0800: 26.141: [DefNew: 78571K->8629K(78656K), 0.0021657 secs] 223809K->157841K(253440K), 0.0037686 secs] [Times: user=0.00 sys=0.00, real=0.00 secs] 
2026-06-18T14:04:51.982+0800: 26.311: [GC (Allocation Failure) 2026-06-18T14:04:51.987+0800: 26.316: [DefNew: 78581K->8650K(78656K), 0.0030176 secs] 227793K->167084K(253440K), 0.0087964 secs] [Times: user=0.00 sys=0.00, real=0.01 secs] 
2026-06-18T14:04:52.169+0800: 26.498: [GC (Allocation Failure) 2026-06-18T14:04:52.170+0800: 26.499: [DefNew: 78602K->8658K(78656K), 0.0017975 secs] 237036K->169948K(253440K), 0.0037142 secs] [Times: user=0.00 sys=0.00, real=0.01 secs] 
2026-06-18T14:04:52.350+0800: 26.679: [GC (Allocation Failure) 2026-06-18T14:04:52.350+0800: 26.679: [DefNew: 78610K->8674K(78656K), 0.0039954 secs] 239900K->179857K(253440K), 0.0058011 secs] [Times: user=0.00 sys=0.00, real=0.00 secs] 
2026-06-18T14:04:52.523+0800: 26.852: [GC (Allocation Failure) 2026-06-18T14:04:52.525+0800: 26.854: [DefNew: 78626K->78626K(78656K), 0.0008853 secs]2026-06-18T14:04:52.526+0800: 26.855: [Tenured: 171183K->27035K(174784K), 0.0044638 secs] 249809K->27035K(253440K), [Metaspace: 2710K->2710K(1056768K)], 0.0085575 secs] [Times: user=0.00 sys=0.00, real=0.01 secs] 
2026-06-18T14:04:52.709+0800: 27.038: [GC (Allocation Failure) 2026-06-18T14:04:52.711+0800: 27.040: [DefNew: 69952K->8684K(78656K), 0.0028226 secs] 96987K->41320K(253440K), 0.0054929 secs] [Times: user=0.00 sys=0.00, real=0.01 secs] 
2026-06-18T14:04:52.907+0800: 27.236: [GC (Allocation Failure) 2026-06-18T14:04:52.910+0800: 27.239: [DefNew: 78636K->8593K(78656K), 0.0049012 secs] 111272K->48816K(253440K), 0.0099556 secs] [Times: user=0.00 sys=0.00, real=0.02 secs] 
2026-06-18T14:04:53.085+0800: 27.414: [GC (Allocation Failure) 2026-06-18T14:04:53.086+0800: 27.415: [DefNew: 78545K->8684K(78656K), 0.0019542 secs] 118768K->55270K(253440K), 0.0033436 secs] [Times: user=0.01 sys=0.00, real=0.00 secs] 
2026-06-18T14:04:53.256+0800: 27.585: [GC (Allocation Failure) 2026-06-18T14:04:53.257+0800: 27.586: [DefNew: 78536K->8697K(78656K), 0.0019246 secs] 125122K->61460K(253440K), 0.0037082 secs] [Times: user=0.00 sys=0.00, real=0.01 secs] 
2026-06-18T14:04:53.447+0800: 27.777: [GC (Allocation Failure) 2026-06-18T14:04:53.448+0800: 27.777: [DefNew: 78649K->8591K(78656K), 0.0018334 secs] 131412K->67631K(253440K), 0.0030507 secs] [Times: user=0.00 sys=0.00, real=0.01 secs] 
2026-06-18T14:04:53.619+0800: 27.948: [GC (Allocation Failure) 2026-06-18T14:04:53.620+0800: 27.949: [DefNew: 78543K->8697K(78656K), 0.0035686 secs] 137583K->75970K(253440K), 0.0060082 secs] [Times: user=0.00 sys=0.00, real=0.00 secs] 
2026-06-18T14:04:53.794+0800: 28.124: [GC (Allocation Failure) 2026-06-18T14:04:53.801+0800: 28.130: [DefNew: 78649K->8624K(78656K), 0.0031402 secs] 145922K->83276K(253440K), 0.0107883 secs] [Times: user=0.00 sys=0.00, real=0.02 secs] 
2026-06-18T14:04:53.978+0800: 28.307: [GC (Allocation Failure) 2026-06-18T14:04:53.981+0800: 28.310: [DefNew: 78481K->8691K(78656K), 0.0044195 secs] 153133K->88274K(253440K), 0.0087661 secs] [Times: user=0.00 sys=0.00, real=0.00 secs] 
2026-06-18T14:04:54.164+0800: 28.493: [GC (Allocation Failure) 2026-06-18T14:04:54.165+0800: 28.494: [DefNew: 78643K->8697K(78656K), 0.0027134 secs] 158226K->97622K(253440K), 0.0052253 secs] [Times: user=0.00 sys=0.00, real=0.01 secs] 
2026-06-18T14:04:54.339+0800: 28.668: [GC (Allocation Failure) 2026-06-18T14:04:54.340+0800: 28.669: [DefNew: 78423K->8622K(78656K), 0.0030330 secs] 167348K->106147K(253440K), 0.0164019 secs] [Times: user=0.00 sys=0.00, real=0.01 secs] 
2026-06-18T14:04:54.535+0800: 28.864: [GC (Allocation Failure) 2026-06-18T14:04:54.536+0800: 28.865: [DefNew: 78574K->8632K(78656K), 0.0034024 secs] 176099K->118003K(253440K), 0.0055608 secs] [Times: user=0.00 sys=0.00, real=0.01 secs] 
2026-06-18T14:04:54.721+0800: 29.050: [GC (Allocation Failure) 2026-06-18T14:04:54.722+0800: 29.051: [DefNew: 78584K->8643K(78656K), 0.0020168 secs] 187955K->123379K(253440K), 0.0036341 secs] [Times: user=0.00 sys=0.00, real=0.00 secs] 
2026-06-18T14:04:54.903+0800: 29.232: [GC (Allocation Failure) 2026-06-18T14:04:54.904+0800: 29.233: [DefNew: 78595K->8655K(78656K), 0.0021935 secs] 193331K->128670K(253440K), 0.0218051 secs] [Times: user=0.00 sys=0.00, real=0.05 secs] 
2026-06-18T14:04:55.122+0800: 29.451: [GC (Allocation Failure) 2026-06-18T14:04:55.125+0800: 29.455: [DefNew: 78607K->8689K(78656K), 0.0036891 secs] 198622K->137468K(253440K), 0.0089029 secs] [Times: user=0.00 sys=0.00, real=0.01 secs] 
2026-06-18T14:04:55.320+0800: 29.649: [GC (Allocation Failure) 2026-06-18T14:04:55.320+0800: 29.650: [DefNew: 78641K->8622K(78656K), 0.0021974 secs] 207420K->139712K(253440K), 0.0039466 secs] [Times: user=0.00 sys=0.00, real=0.00 secs] 
2026-06-18T14:04:55.501+0800: 29.831: [GC (Allocation Failure) 2026-06-18T14:04:55.503+0800: 29.832: [DefNew: 78574K->8700K(78656K), 0.0023995 secs] 209664K->148697K(253440K), 0.0041431 secs] [Times: user=0.01 sys=0.00, real=0.00 secs] 
2026-06-18T14:04:55.673+0800: 30.002: [GC (Allocation Failure) 2026-06-18T14:04:55.674+0800: 30.003: [DefNew: 78652K->8678K(78656K), 0.0022321 secs] 218649K->154963K(253440K), 0.0036789 secs] [Times: user=0.00 sys=0.00, real=0.01 secs] 
2026-06-18T14:04:55.865+0800: 30.194: [GC (Allocation Failure) 2026-06-18T14:04:55.866+0800: 30.195: [DefNew: 78630K->8637K(78656K), 0.0020827 secs] 224915K->162037K(253440K), 0.0034558 secs] [Times: user=0.00 sys=0.00, real=0.01 secs] 
2026-06-18T14:04:56.037+0800: 30.366: [GC (Allocation Failure) 2026-06-18T14:04:56.038+0800: 30.367: [DefNew: 78589K->8695K(78656K), 0.0034054 secs] 231989K->174829K(253440K), 0.0050793 secs] [Times: user=0.01 sys=0.00, real=0.01 secs] 
2026-06-18T14:04:56.219+0800: 30.549: [GC (Allocation Failure) 2026-06-18T14:04:56.220+0800: 30.549: [DefNew: 78647K->78647K(78656K), 0.0003224 secs]2026-06-18T14:04:56.221+0800: 30.550: [Tenured: 166134K->31919K(174784K), 0.0042368 secs] 244781K->31919K(253440K), [Metaspace: 2710K->2710K(1056768K)], 0.0064299 secs] [Times: user=0.01 sys=0.00, real=0.00 secs] 
2026-06-18T14:04:56.403+0800: 30.732: [GC (Allocation Failure) 2026-06-18T14:04:56.404+0800: 30.733: [DefNew: 69952K->8688K(78656K), 0.0019707 secs] 101871K->46286K(253440K), 0.0035882 secs] [Times: user=0.00 sys=0.00, real=0.00 secs] 
2026-06-18T14:04:56.574+0800: 30.903: [GC (Allocation Failure) 2026-06-18T14:04:56.577+0800: 30.906: [DefNew: 78496K->8667K(78656K), 0.0031555 secs] 116094K->50960K(253440K), 0.0066647 secs] [Times: user=0.00 sys=0.00, real=0.01 secs] 
2026-06-18T14:04:56.757+0800: 31.086: [GC (Allocation Failure) 2026-06-18T14:04:56.757+0800: 31.087: [DefNew: 78619K->8664K(78656K), 0.0018877 secs] 120912K->58163K(253440K), 0.0030195 secs] [Times: user=0.00 sys=0.00, real=0.01 secs] 
2026-06-18T14:04:56.927+0800: 31.256: [GC (Allocation Failure) 2026-06-18T14:04:56.928+0800: 31.257: [DefNew: 78387K->8606K(78656K), 0.0019136 secs] 127887K->63509K(253440K), 0.0033305 secs] [Times: user=0.01 sys=0.00, real=0.01 secs] 
2026-06-18T14:04:57.117+0800: 31.446: [GC (Allocation Failure) 2026-06-18T14:04:57.141+0800: 31.470: [DefNew: 78549K->8667K(78656K), 0.0045032 secs] 133452K->69542K(253440K), 0.0412807 secs] [Times: user=0.00 sys=0.00, real=0.04 secs] 
2026-06-18T14:04:57.329+0800: 31.658: [GC (Allocation Failure) 2026-06-18T14:04:57.330+0800: 31.659: [DefNew: 78619K->8586K(78656K), 0.0029034 secs] 139494K->80262K(253440K), 0.0054012 secs] [Times: user=0.00 sys=0.00, real=0.01 secs] 
2026-06-18T14:04:57.514+0800: 31.843: [GC (Allocation Failure) 2026-06-18T14:04:57.515+0800: 31.844: [DefNew: 78538K->8640K(78656K), 0.0019102 secs] 150214K->86816K(253440K), 0.0034614 secs] [Times: user=0.00 sys=0.00, real=0.01 secs] 
2026-06-18T14:04:57.684+0800: 32.013: [GC (Allocation Failure) 2026-06-18T14:04:57.684+0800: 32.013: [DefNew: 78592K->8648K(78656K), 0.0023026 secs] 156768K->98704K(253440K), 0.0034750 secs] [Times: user=0.01 sys=0.00, real=0.00 secs] 
2026-06-18T14:04:57.864+0800: 32.193: [GC (Allocation Failure) 2026-06-18T14:04:57.865+0800: 32.194: [DefNew: 78600K->8691K(78656K), 0.0023043 secs] 168656K->107077K(253440K), 0.0036707 secs] [Times: user=0.00 sys=0.00, real=0.00 secs] 
2026-06-18T14:04:58.044+0800: 32.374: [GC (Allocation Failure) 2026-06-18T14:04:58.045+0800: 32.374: [DefNew: 78643K->8614K(78656K), 0.0018239 secs] 177029K->112587K(253440K), 0.0030954 secs] [Times: user=0.00 sys=0.00, real=0.00 secs] 
2026-06-18T14:04:58.215+0800: 32.544: [GC (Allocation Failure) 2026-06-18T14:04:58.216+0800: 32.545: [DefNew: 78566K->8614K(78656K), 0.0028624 secs] 182539K->119963K(253440K), 0.0059911 secs] [Times: user=0.00 sys=0.00, real=0.01 secs] 
2026-06-18T14:04:58.401+0800: 32.730: [GC (Allocation Failure) 2026-06-18T14:04:58.402+0800: 32.731: [DefNew: 78566K->8649K(78656K), 0.0020925 secs] 189915K->127154K(253440K), 0.0035168 secs] [Times: user=0.01 sys=0.00, real=0.00 secs] 
2026-06-18T14:04:58.582+0800: 32.911: [GC (Allocation Failure) 2026-06-18T14:04:58.584+0800: 32.913: [DefNew: 78573K->8646K(78656K), 0.0019416 secs] 197078K->132503K(253440K), 0.0040116 secs] [Times: user=0.00 sys=0.00, real=0.00 secs] 
2026-06-18T14:04:58.753+0800: 33.082: [GC (Allocation Failure) 2026-06-18T14:04:58.754+0800: 33.083: [DefNew: 78598K->8676K(78656K), 0.0021196 secs] 202455K->140488K(253440K), 0.0041069 secs] [Times: user=0.00 sys=0.00, real=0.01 secs] 
2026-06-18T14:04:58.934+0800: 33.263: [GC (Allocation Failure) 2026-06-18T14:04:58.935+0800: 33.264: [DefNew: 78628K->8639K(78656K), 0.0020063 secs] 210440K->146744K(253440K), 0.0036506 secs] [Times: user=0.00 sys=0.00, real=0.01 secs] 
2026-06-18T14:04:59.104+0800: 33.433: [GC (Allocation Failure) 2026-06-18T14:04:59.106+0800: 33.436: [DefNew: 78232K->8631K(78656K), 0.0055058 secs] 216337K->152637K(253440K), 0.0093242 secs] [Times: user=0.00 sys=0.00, real=0.01 secs] 
2026-06-18T14:04:59.293+0800: 33.622: [GC (Allocation Failure) 2026-06-18T14:04:59.295+0800: 33.624: [DefNew: 78563K->8659K(78656K), 0.0034975 secs] 222568K->165421K(253440K), 0.0059848 secs] [Times: user=0.00 sys=0.00, real=0.01 secs] 
2026-06-18T14:04:59.481+0800: 33.810: [GC (Allocation Failure) 2026-06-18T14:04:59.481+0800: 33.810: [DefNew: 78611K->8613K(78656K), 0.0023010 secs] 235373K->174268K(253440K), 0.0034884 secs] [Times: user=0.01 sys=0.00, real=0.00 secs] 
2026-06-18T14:04:59.650+0800: 33.980: [GC (Allocation Failure) 2026-06-18T14:04:59.653+0800: 33.982: [DefNew: 78565K->78565K(78656K), 0.0019981 secs]2026-06-18T14:04:59.655+0800: 33.985: [Tenured: 165655K->21837K(174784K), 0.0051013 secs] 244220K->21837K(253440K), [Metaspace: 2710K->2710K(1056768K)], 0.0107351 secs] [Times: user=0.01 sys=0.00, real=0.01 secs] 
2026-06-18T14:04:59.838+0800: 34.167: [GC (Allocation Failure) 2026-06-18T14:04:59.839+0800: 34.168: [DefNew: 69952K->8652K(78656K), 0.0019501 secs] 91789K->36055K(253440K), 0.0032098 secs] [Times: user=0.01 sys=0.00, real=0.00 secs] 
2026-06-18T14:05:00.008+0800: 34.337: [GC (Allocation Failure) 2026-06-18T14:05:00.009+0800: 34.338: [DefNew: 78604K->8623K(78656K), 0.0032745 secs] 106007K->44377K(253440K), 0.0084712 secs] [Times: user=0.00 sys=0.00, real=0.02 secs] 
2026-06-18T14:05:00.202+0800: 34.531: [GC (Allocation Failure) 2026-06-18T14:05:00.203+0800: 34.532: [DefNew: 78544K->8687K(78656K), 0.0018865 secs] 114297K->48715K(253440K), 0.0039688 secs] [Times: user=0.00 sys=0.00, real=0.00 secs] 
2026-06-18T14:05:00.373+0800: 34.702: [GC (Allocation Failure) 2026-06-18T14:05:00.373+0800: 34.702: [DefNew: 78639K->8692K(78656K), 0.0017524 secs] 118667K->56169K(253440K), 0.0030868 secs] [Times: user=0.00 sys=0.00, real=0.00 secs] 
2026-06-18T14:05:00.552+0800: 34.881: [GC (Allocation Failure) 2026-06-18T14:05:00.553+0800: 34.882: [DefNew: 78644K->8685K(78656K), 0.0019505 secs] 126121K->61864K(253440K), 0.0032054 secs] [Times: user=0.00 sys=0.00, real=0.00 secs] 
2026-06-18T14:05:00.722+0800: 35.052: [GC (Allocation Failure) 2026-06-18T14:05:00.724+0800: 35.053: [DefNew: 78637K->8692K(78656K), 0.0026749 secs] 131816K->71442K(253440K), 0.0053207 secs] [Times: user=0.00 sys=0.00, real=0.01 secs] 
2026-06-18T14:05:00.906+0800: 35.235: [GC (Allocation Failure) 2026-06-18T14:05:00.907+0800: 35.236: [DefNew: 78644K->8694K(78656K), 0.0018730 secs] 141394K->77753K(253440K), 0.0033684 secs] [Times: user=0.00 sys=0.00, real=0.01 secs] 
2026-06-18T14:05:01.086+0800: 35.415: [GC (Allocation Failure) 2026-06-18T14:05:01.087+0800: 35.416: [DefNew: 78646K->8667K(78656K), 0.0023234 secs] 147705K->86754K(253440K), 0.0035274 secs] [Times: user=0.00 sys=0.00, real=0.01 secs] 
2026-06-18T14:05:01.266+0800: 35.595: [GC (Allocation Failure) 2026-06-18T14:05:01.267+0800: 35.596: [DefNew: 78619K->8620K(78656K), 0.0016572 secs] 156706K->91805K(253440K), 0.0030319 secs] [Times: user=0.00 sys=0.00, real=0.01 secs] 
2026-06-18T14:05:01.435+0800: 35.764: [GC (Allocation Failure) 2026-06-18T14:05:01.436+0800: 35.765: [DefNew: 78572K->8634K(78656K), 0.0022041 secs] 161757K->97943K(253440K), 0.0040977 secs] [Times: user=0.00 sys=0.00, real=0.01 secs] 
2026-06-18T14:05:01.610+0800: 35.939: [GC (Allocation Failure) 2026-06-18T14:05:01.611+0800: 35.940: [DefNew: 78482K->8697K(78656K), 0.0018391 secs] 167791K->102346K(253440K), 0.0035157 secs] [Times: user=0.00 sys=0.00, real=0.00 secs] 
2026-06-18T14:05:01.800+0800: 36.129: [GC (Allocation Failure) 2026-06-18T14:05:01.800+0800: 36.129: [DefNew: 78628K->8674K(78656K), 0.0017395 secs] 172277K->107407K(253440K), 0.0027800 secs] [Times: user=0.00 sys=0.00, real=0.00 secs] 
2026-06-18T14:05:01.969+0800: 36.298: [GC (Allocation Failure) 2026-06-18T14:05:01.970+0800: 36.299: [DefNew: 78626K->8605K(78656K), 0.0019823 secs] 177359K->116693K(253440K), 0.0032689 secs] [Times: user=0.00 sys=0.00, real=0.01 secs] 
2026-06-18T14:05:02.149+0800: 36.478: [GC (Allocation Failure) 2026-06-18T14:05:02.150+0800: 36.479: [DefNew: 78557K->8702K(78656K), 0.0018095 secs] 186645K->122844K(253440K), 0.0036645 secs] [Times: user=0.00 sys=0.00, real=0.01 secs] 
2026-06-18T14:05:02.330+0800: 36.659: [GC (Allocation Failure) 2026-06-18T14:05:02.331+0800: 36.661: [DefNew: 78654K->8694K(78656K), 0.0028626 secs] 192796K->129972K(253440K), 0.0049357 secs] [Times: user=0.00 sys=0.00, real=0.00 secs] 
2026-06-18T14:05:02.502+0800: 36.831: [GC (Allocation Failure) 2026-06-18T14:05:02.504+0800: 36.833: [DefNew: 78646K->8621K(78656K), 0.0031016 secs] 199924K->138792K(253440K), 0.0055623 secs] [Times: user=0.00 sys=0.00, real=0.00 secs] 
2026-06-18T14:05:02.685+0800: 37.014: [GC (Allocation Failure) 2026-06-18T14:05:02.686+0800: 37.015: [DefNew: 78573K->8619K(78656K), 0.0019849 secs] 208744K->146437K(253440K), 0.0033892 secs] [Times: user=0.01 sys=0.00, real=0.00 secs] 
2026-06-18T14:05:02.856+0800: 37.185: [GC (Allocation Failure) 2026-06-18T14:05:02.857+0800: 37.186: [DefNew: 78571K->8684K(78656K), 0.0025159 secs] 216389K->157693K(253440K), 0.0047581 secs] [Times: user=0.00 sys=0.00, real=0.01 secs] 
2026-06-18T14:05:03.044+0800: 37.373: [GC (Allocation Failure) 2026-06-18T14:05:03.046+0800: 37.375: [DefNew: 78636K->8602K(78656K), 0.0029148 secs] 227645K->163687K(253440K), 0.0059096 secs] [Times: user=0.00 sys=0.01, real=0.01 secs] 
2026-06-18T14:05:03.218+0800: 37.547: [GC (Allocation Failure) 2026-06-18T14:05:03.219+0800: 37.548: [DefNew: 78472K->8684K(78656K), 0.0022156 secs] 233557K->168451K(253440K), 0.0038242 secs] [Times: user=0.01 sys=0.00, real=0.00 secs] 
2026-06-18T14:05:03.400+0800: 37.729: [GC (Allocation Failure) 2026-06-18T14:05:03.401+0800: 37.730: [DefNew: 78636K->8645K(78656K), 0.0022516 secs] 238403K->177024K(253440K), 0.0039972 secs] [Times: user=0.00 sys=0.00, real=0.00 secs] 
2026-06-18T14:05:03.583+0800: 37.912: [GC (Allocation Failure) 2026-06-18T14:05:03.584+0800: 37.913: [DefNew: 78582K->78582K(78656K), 0.0008939 secs]2026-06-18T14:05:03.585+0800: 37.914: [Tenured: 168378K->26967K(174784K), 0.0043303 secs] 246961K->26967K(253440K), [Metaspace: 2714K->2714K(1056768K)], 0.0113028 secs] [Times: user=0.00 sys=0.00, real=0.01 secs] 
2026-06-18T14:05:03.781+0800: 38.110: [GC (Allocation Failure) 2026-06-18T14:05:03.782+0800: 38.111: [DefNew: 69952K->8657K(78656K), 0.0017009 secs] 96919K->41052K(253440K), 0.0030278 secs] [Times: user=0.01 sys=0.00, real=0.00 secs] 
2026-06-18T14:05:03.952+0800: 38.281: [GC (Allocation Failure) 2026-06-18T14:05:03.953+0800: 38.282: [DefNew: 78609K->8693K(78656K), 0.0028439 secs] 111004K->51386K(253440K), 0.0045487 secs] [Times: user=0.00 sys=0.00, real=0.01 secs] 
2026-06-18T14:05:04.135+0800: 38.465: [GC (Allocation Failure) 2026-06-18T14:05:04.136+0800: 38.465: [DefNew: 78645K->8606K(78656K), 0.0024488 secs] 121338K->57904K(253440K), 0.0043801 secs] [Times: user=0.00 sys=0.00, real=0.01 secs] 
2026-06-18T14:05:04.309+0800: 38.638: [GC (Allocation Failure) 2026-06-18T14:05:04.310+0800: 38.639: [DefNew: 78558K->8598K(78656K), 0.0023451 secs] 127856K->70548K(253440K), 0.0042303 secs] [Times: user=0.00 sys=0.00, real=0.00 secs] 
2026-06-18T14:05:04.492+0800: 38.821: [GC (Allocation Failure) 2026-06-18T14:05:04.493+0800: 38.822: [DefNew: 78550K->8669K(78656K), 0.0030549 secs] 140500K->79836K(253440K), 0.0045233 secs] [Times: user=0.01 sys=0.00, real=0.01 secs] 
2026-06-18T14:05:04.674+0800: 39.003: [GC (Allocation Failure) 2026-06-18T14:05:04.675+0800: 39.004: [DefNew: 78621K->8623K(78656K), 0.0022502 secs] 149788K->85440K(253440K), 0.0044980 secs] [Times: user=0.00 sys=0.00, real=0.01 secs] 
2026-06-18T14:05:04.847+0800: 39.176: [GC (Allocation Failure) 2026-06-18T14:05:04.847+0800: 39.177: [DefNew: 78498K->8658K(78656K), 0.0019238 secs] 155315K->89012K(253440K), 0.0034531 secs] [Times: user=0.00 sys=0.00, real=0.01 secs] 
2026-06-18T14:05:05.028+0800: 39.357: [GC (Allocation Failure) 2026-06-18T14:05:05.029+0800: 39.359: [DefNew: 78610K->8679K(78656K), 0.0030554 secs] 158964K->96815K(253440K), 0.0056289 secs] [Times: user=0.00 sys=0.00, real=0.01 secs] 
2026-06-18T14:05:05.215+0800: 39.544: [GC (Allocation Failure) 2026-06-18T14:05:05.216+0800: 39.545: [DefNew: 78631K->8579K(78656K), 0.0021189 secs] 166767K->101893K(253440K), 0.0040194 secs] [Times: user=0.01 sys=0.00, real=0.01 secs] 
2026-06-18T14:05:05.397+0800: 39.727: [GC (Allocation Failure) 2026-06-18T14:05:05.399+0800: 39.728: [DefNew: 78483K->8683K(78656K), 0.0022292 secs] 171797K->107085K(253440K), 0.0046934 secs] [Times: user=0.00 sys=0.00, real=0.00 secs] 
2026-06-18T14:05:05.571+0800: 39.900: [GC (Allocation Failure) 2026-06-18T14:05:05.572+0800: 39.901: [DefNew: 78635K->8596K(78656K), 0.0032746 secs] 177037K->116444K(253440K), 0.0048195 secs] [Times: user=0.00 sys=0.00, real=0.00 secs] 
2026-06-18T14:05:05.744+0800: 40.073: [GC (Allocation Failure) 2026-06-18T14:05:05.745+0800: 40.074: [DefNew: 78548K->8611K(78656K), 0.0037849 secs] 186396K->126668K(253440K), 0.0059634 secs] [Times: user=0.00 sys=0.00, real=0.01 secs] 
2026-06-18T14:05:05.928+0800: 40.257: [GC (Allocation Failure) 2026-06-18T14:05:05.929+0800: 40.258: [DefNew: 78563K->8703K(78656K), 0.0033516 secs] 196620K->134821K(253440K), 0.0076610 secs] [Times: user=0.00 sys=0.00, real=0.01 secs] 
2026-06-18T14:05:06.105+0800: 40.434: [GC (Allocation Failure) 2026-06-18T14:05:06.106+0800: 40.435: [DefNew: 78655K->8647K(78656K), 0.0040937 secs] 204773K->146957K(253440K), 0.0062979 secs] [Times: user=0.00 sys=0.00, real=0.01 secs] 
2026-06-18T14:05:06.289+0800: 40.618: [GC (Allocation Failure) 2026-06-18T14:05:06.290+0800: 40.619: [DefNew: 78599K->8689K(78656K), 0.0039561 secs] 216909K->153494K(253440K), 0.0057985 secs] [Times: user=0.00 sys=0.00, real=0.01 secs] 
2026-06-18T14:05:06.473+0800: 40.802: [GC (Allocation Failure) 2026-06-18T14:05:06.474+0800: 40.803: [DefNew: 78641K->8611K(78656K), 0.0020028 secs] 223446K->158134K(253440K), 0.0044595 secs] [Times: user=0.00 sys=0.00, real=0.01 secs] 
2026-06-18T14:05:06.645+0800: 40.974: [GC (Allocation Failure) 2026-06-18T14:05:06.647+0800: 40.976: [DefNew: 78563K->8660K(78656K), 0.0029540 secs] 228086K->166185K(253440K), 0.0057050 secs] [Times: user=0.00 sys=0.00, real=0.01 secs] 
2026-06-18T14:05:06.830+0800: 41.159: [GC (Allocation Failure) 2026-06-18T14:05:06.830+0800: 41.159: [DefNew: 78612K->8606K(78656K), 0.0017104 secs] 236137K->168624K(253440K), 0.0030222 secs] [Times: user=0.00 sys=0.00, real=0.00 secs] 
2026-06-18T14:05:07.000+0800: 41.329: [GC (Allocation Failure) 2026-06-18T14:05:07.001+0800: 41.330: [DefNew: 77896K->8691K(78656K), 0.0023238 secs] 237914K->174270K(253440K), 0.0043792 secs] [Times: user=0.00 sys=0.00, real=0.00 secs] 
2026-06-18T14:05:07.183+0800: 41.512: [GC (Allocation Failure) 2026-06-18T14:05:07.184+0800: 41.513: [DefNew: 78643K->78643K(78656K), 0.0006643 secs]2026-06-18T14:05:07.185+0800: 41.514: [Tenured: 165578K->27221K(174784K), 0.0051683 secs] 244222K->27221K(253440K), [Metaspace: 2714K->2714K(1056768K)], 0.0087925 secs] [Times: user=0.00 sys=0.00, real=0.01 secs] 
2026-06-18T14:05:07.369+0800: 41.698: [GC (Allocation Failure) 2026-06-18T14:05:07.371+0800: 41.700: [DefNew: 69952K->8617K(78656K), 0.0024575 secs] 97173K->41340K(253440K), 0.0051088 secs] [Times: user=0.00 sys=0.00, real=0.00 secs] 
2026-06-18T14:05:07.542+0800: 41.871: [GC (Allocation Failure) 2026-06-18T14:05:07.543+0800: 41.872: [DefNew: 78569K->8627K(78656K), 0.0018519 secs] 111292K->47809K(253440K), 0.0032264 secs] [Times: user=0.00 sys=0.00, real=0.00 secs] 
2026-06-18T14:05:08.774+0800: 42.052: [GC (Allocation Failure) 2026-06-18T14:05:08.775+0800: 42.052: [DefNew: 78579K->8576K(78656K), 0.0026534 secs] 117761K->59042K(253440K), 0.0038769 secs] [Times: user=0.01 sys=0.00, real=0.00 secs] 
2026-06-18T14:05:08.945+0800: 42.223: [GC (Allocation Failure) 2026-06-18T14:05:08.946+0800: 42.224: [DefNew: 78528K->8547K(78656K), 0.0022923 secs] 128994K->69685K(253440K), 0.0040176 secs] [Times: user=0.00 sys=0.00, real=0.01 secs] 
2026-06-18T14:05:09.127+0800: 42.405: [GC (Allocation Failure) 2026-06-18T14:05:09.128+0800: 42.406: [DefNew: 78499K->8672K(78656K), 0.0027584 secs] 139637K->77938K(253440K), 0.0047920 secs] [Times: user=0.00 sys=0.00, real=0.01 secs] 
2026-06-18T14:05:09.310+0800: 42.588: [GC (Allocation Failure) 2026-06-18T14:05:09.319+0800: 42.597: [DefNew: 78612K->8702K(78656K), 0.0141825 secs] 147878K->85292K(253440K), 0.0361104 secs] [Times: user=0.00 sys=0.00, real=0.03 secs] 
2026-06-18T14:05:09.524+0800: 42.802: [GC (Allocation Failure) 2026-06-18T14:05:09.525+0800: 42.802: [DefNew: 78654K->8676K(78656K), 0.0028108 secs] 155244K->91752K(253440K), 0.0045068 secs] [Times: user=0.00 sys=0.00, real=0.01 secs] 
2026-06-18T14:05:09.706+0800: 42.984: [GC (Allocation Failure) 2026-06-18T14:05:09.707+0800: 42.985: [DefNew: 78628K->8615K(78656K), 0.0031721 secs] 161704K->96843K(253440K), 0.0059157 secs] [Times: user=0.01 sys=0.00, real=0.01 secs] 
2026-06-18T14:05:09.880+0800: 43.157: [GC (Allocation Failure) 2026-06-18T14:05:09.880+0800: 43.158: [DefNew: 78567K->8650K(78656K), 0.0035902 secs] 166795K->104641K(253440K), 0.0052373 secs] [Times: user=0.00 sys=0.00, real=0.01 secs] 
2026-06-18T14:05:10.062+0800: 43.340: [GC (Allocation Failure) 2026-06-18T14:05:10.063+0800: 43.341: [DefNew: 78602K->8695K(78656K), 0.0039616 secs] 174593K->110915K(253440K), 0.0055872 secs] [Times: user=0.00 sys=0.01, real=0.01 secs] 
2026-06-18T14:05:10.237+0800: 43.515: [GC (Allocation Failure) 2026-06-18T14:05:10.238+0800: 43.515: [DefNew: 78647K->8656K(78656K), 0.0073275 secs] 180867K->122129K(253440K), 0.0088944 secs] [Times: user=0.00 sys=0.00, real=0.01 secs] 
2026-06-18T14:05:10.423+0800: 43.701: [GC (Allocation Failure) 2026-06-18T14:05:10.424+0800: 43.702: [DefNew: 78608K->8652K(78656K), 0.0058068 secs] 192081K->130888K(253440K), 0.0073827 secs] [Times: user=0.00 sys=0.00, real=0.01 secs] 
2026-06-18T14:05:10.598+0800: 43.876: [GC (Allocation Failure) 2026-06-18T14:05:10.599+0800: 43.876: [DefNew: 78509K->8649K(78656K), 0.0032754 secs] 200745K->139169K(253440K), 0.0047905 secs] [Times: user=0.00 sys=0.00, real=0.01 secs] 
2026-06-18T14:05:10.780+0800: 44.058: [GC (Allocation Failure) 2026-06-18T14:05:10.783+0800: 44.060: [DefNew: 78601K->8655K(78656K), 0.0043304 secs] 209121K->146627K(253440K), 0.0075022 secs] [Times: user=0.00 sys=0.00, real=0.00 secs] 
2026-06-18T14:05:10.965+0800: 44.243: [GC (Allocation Failure) 2026-06-18T14:05:10.966+0800: 44.244: [DefNew: 78607K->8690K(78656K), 0.0022038 secs] 216579K->151400K(253440K), 0.0037139 secs] [Times: user=0.01 sys=0.00, real=0.01 secs] 
2026-06-18T14:05:11.149+0800: 44.427: [GC (Allocation Failure) 2026-06-18T14:05:11.149+0800: 44.427: [DefNew: 78642K->8640K(78656K), 0.0018440 secs] 221352K->155912K(253440K), 0.0031021 secs] [Times: user=0.00 sys=0.00, real=0.00 secs] 
2026-06-18T14:05:11.319+0800: 44.597: [GC (Allocation Failure) 2026-06-18T14:05:11.341+0800: 44.619: [DefNew: 78592K->8701K(78656K), 0.0148785 secs] 225864K->164775K(253440K), 0.0378032 secs] [Times: user=0.00 sys=0.00, real=0.04 secs] 
2026-06-18T14:05:11.536+0800: 44.814: [GC (Allocation Failure) 2026-06-18T14:05:11.537+0800: 44.815: [DefNew: 78586K->8627K(78656K), 0.0025492 secs] 234661K->167753K(253440K), 0.0050567 secs] [Times: user=0.00 sys=0.00, real=0.01 secs] 
2026-06-18T14:05:11.730+0800: 45.008: [GC (Allocation Failure) 2026-06-18T14:05:11.731+0800: 45.009: [DefNew: 78579K->8663K(78656K), 0.0023666 secs] 237705K->175817K(253440K), 0.0038997 secs] [Times: user=0.01 sys=0.00, real=0.00 secs] 
2026-06-18T14:05:11.901+0800: 45.179: [GC (Allocation Failure) 2026-06-18T14:05:11.902+0800: 45.180: [DefNew: 78615K->78615K(78656K), 0.0007504 secs]2026-06-18T14:05:11.904+0800: 45.182: [Tenured: 167154K->29452K(174784K), 0.0048227 secs] 245769K->29452K(253440K), [Metaspace: 2714K->2714K(1056768K)], 0.0082510 secs] [Times: user=0.01 sys=0.00, real=0.01 secs] 
2026-06-18T14:05:12.087+0800: 45.365: [GC (Allocation Failure) 2026-06-18T14:05:12.088+0800: 45.366: [DefNew: 69952K->8626K(78656K), 0.0021133 secs] 99404K->43522K(253440K), 0.0041696 secs] [Times: user=0.00 sys=0.00, real=0.01 secs] 
2026-06-18T14:05:12.259+0800: 45.536: [GC (Allocation Failure) 2026-06-18T14:05:12.261+0800: 45.539: [DefNew: 78578K->8633K(78656K), 0.0051740 secs] 113474K->54617K(253440K), 0.0107319 secs] [Times: user=0.00 sys=0.01, real=0.02 secs] 
2026-06-18T14:05:12.452+0800: 45.730: [GC (Allocation Failure) 2026-06-18T14:05:12.453+0800: 45.731: [DefNew: 78585K->8641K(78656K), 0.0021755 secs] 124569K->60379K(253440K), 0.0043052 secs] [Times: user=0.01 sys=0.00, real=0.00 secs] 
2026-06-18T14:05:12.633+0800: 45.911: [GC (Allocation Failure) 2026-06-18T14:05:12.634+0800: 45.912: [DefNew: 78593K->8692K(78656K), 0.0021262 secs] 130331K->66090K(253440K), 0.0039604 secs] [Times: user=0.00 sys=0.00, real=0.00 secs] 
2026-06-18T14:05:12.804+0800: 46.082: [GC (Allocation Failure) 2026-06-18T14:05:12.805+0800: 46.083: [DefNew: 78644K->8639K(78656K), 0.0018342 secs] 136042K->72643K(253440K), 0.0032334 secs] [Times: user=0.00 sys=0.00, real=0.01 secs] 
2026-06-18T14:05:12.986+0800: 46.264: [GC (Allocation Failure) 2026-06-18T14:05:12.988+0800: 46.266: [DefNew: 78591K->8613K(78656K), 0.0026569 secs] 142595K->77533K(253440K), 0.0077080 secs] [Times: user=0.00 sys=0.00, real=0.01 secs] 
2026-06-18T14:05:13.163+0800: 46.441: [GC (Allocation Failure) 2026-06-18T14:05:13.164+0800: 46.442: [DefNew: 78565K->8657K(78656K), 0.0024245 secs] 147485K->82039K(253440K), 0.0045895 secs] [Times: user=0.00 sys=0.00, real=0.00 secs] 
2026-06-18T14:05:13.345+0800: 46.623: [GC (Allocation Failure) 2026-06-18T14:05:13.346+0800: 46.624: [DefNew: 78609K->8701K(78656K), 0.0025612 secs] 151991K->92110K(253440K), 0.0042696 secs] [Times: user=0.00 sys=0.00, real=0.01 secs] 
2026-06-18T14:05:13.517+0800: 46.795: [GC (Allocation Failure) 2026-06-18T14:05:13.518+0800: 46.796: [DefNew: 78342K->8676K(78656K), 0.0020810 secs] 161751K->100121K(253440K), 0.0041133 secs] [Times: user=0.00 sys=0.00, real=0.01 secs] 
2026-06-18T14:05:13.699+0800: 46.977: [GC (Allocation Failure) 2026-06-18T14:05:13.704+0800: 46.982: [DefNew: 78628K->8620K(78656K), 0.0053241 secs] 170073K->112909K(253440K), 0.0149551 secs] [Times: user=0.00 sys=0.00, real=0.03 secs] 
2026-06-18T14:05:13.905+0800: 47.183: [GC (Allocation Failure) 2026-06-18T14:05:13.906+0800: 47.183: [DefNew: 78572K->8695K(78656K), 0.0030474 secs] 182861K->119394K(253440K), 0.0044923 secs] [Times: user=0.01 sys=0.00, real=0.01 secs] 
2026-06-18T14:05:14.087+0800: 47.365: [GC (Allocation Failure) 2026-06-18T14:05:14.088+0800: 47.366: [DefNew: 78525K->8668K(78656K), 0.0026078 secs] 189224K->122144K(253440K), 0.0060287 secs] [Times: user=0.00 sys=0.00, real=0.01 secs] 
2026-06-18T14:05:14.261+0800: 47.539: [GC (Allocation Failure) 2026-06-18T14:05:14.269+0800: 47.547: [DefNew: 78580K->8605K(78656K), 0.0035258 secs] 192055K->132258K(253440K), 0.0183249 secs] [Times: user=0.00 sys=0.00, real=0.02 secs] 
2026-06-18T14:05:14.458+0800: 47.736: [GC (Allocation Failure) 2026-06-18T14:05:14.459+0800: 47.737: [DefNew: 78557K->8684K(78656K), 0.0019285 secs] 202210K->138263K(253440K), 0.0033912 secs] [Times: user=0.00 sys=0.00, real=0.01 secs] 
2026-06-18T14:05:14.639+0800: 47.917: [GC (Allocation Failure) 2026-06-18T14:05:14.640+0800: 47.918: [DefNew: 78636K->8618K(78656K), 0.0020585 secs] 208215K->144815K(253440K), 0.0047582 secs] [Times: user=0.01 sys=0.00, real=0.01 secs] 
2026-06-18T14:05:14.814+0800: 48.092: [GC (Allocation Failure) 2026-06-18T14:05:14.815+0800: 48.093: [DefNew: 78264K->8640K(78656K), 0.0020576 secs] 214461K->148879K(253440K), 0.0038588 secs] [Times: user=0.00 sys=0.00, real=0.00 secs] 
2026-06-18T14:05:14.995+0800: 48.273: [GC (Allocation Failure) 2026-06-18T14:05:14.997+0800: 48.275: [DefNew: 78592K->8644K(78656K), 0.0029762 secs] 218831K->159082K(253440K), 0.0088820 secs] [Times: user=0.00 sys=0.00, real=0.01 secs] 
2026-06-18T14:05:15.187+0800: 48.465: [GC (Allocation Failure) 2026-06-18T14:05:15.188+0800: 48.465: [DefNew: 78596K->8636K(78656K), 0.0022798 secs] 229034K->168129K(253440K), 0.0037135 secs] [Times: user=0.00 sys=0.00, real=0.01 secs] 
2026-06-18T14:05:15.368+0800: 48.646: [GC (Allocation Failure) 2026-06-18T14:05:15.369+0800: 48.647: [DefNew: 78458K->8626K(78656K), 0.0022130 secs] 237950K->175179K(253440K), 0.0037243 secs] [Times: user=0.00 sys=0.00, real=0.00 secs] 
2026-06-18T14:05:15.560+0800: 48.837: [GC (Allocation Failure) 2026-06-18T14:05:15.560+0800: 48.838: [DefNew: 78578K->78578K(78656K), 0.0004187 secs]2026-06-18T14:05:15.561+0800: 48.839: [Tenured: 166552K->19041K(174784K), 0.0029550 secs] 245131K->19041K(253440K), [Metaspace: 2714K->2714K(1056768K)], 0.0056778 secs] [Times: user=0.01 sys=0.00, real=0.01 secs] 
2026-06-18T14:05:15.732+0800: 49.010: [GC (Allocation Failure) 2026-06-18T14:05:15.734+0800: 49.012: [DefNew: 69952K->8611K(78656K), 0.0027214 secs] 88993K->36482K(253440K), 0.0052526 secs] [Times: user=0.00 sys=0.00, real=0.00 secs] 
2026-06-18T14:05:15.916+0800: 49.194: [GC (Allocation Failure) 2026-06-18T14:05:15.917+0800: 49.195: [DefNew: 78563K->8702K(78656K), 0.0026653 secs] 106434K->45688K(253440K), 0.0052433 secs] [Times: user=0.00 sys=0.00, real=0.01 secs] 
2026-06-18T14:05:16.101+0800: 49.379: [GC (Allocation Failure) 2026-06-18T14:05:16.102+0800: 49.380: [DefNew: 78654K->8702K(78656K), 0.0028650 secs] 115640K->52800K(253440K), 0.0048576 secs] [Times: user=0.00 sys=0.00, real=0.00 secs] 
2026-06-18T14:05:16.274+0800: 49.552: [GC (Allocation Failure) 2026-06-18T14:05:16.275+0800: 49.553: [DefNew: 78654K->8648K(78656K), 0.0020940 secs] 122752K->57475K(253440K), 0.0050207 secs] [Times: user=0.00 sys=0.00, real=0.00 secs] 
2026-06-18T14:05:16.458+0800: 49.736: [GC (Allocation Failure) 2026-06-18T14:05:16.459+0800: 49.737: [DefNew: 78600K->8671K(78656K), 0.0027788 secs] 127427K->67768K(253440K), 0.0050071 secs] [Times: user=0.01 sys=0.00, real=0.01 secs] 
2026-06-18T14:05:16.631+0800: 49.909: [GC (Allocation Failure) 2026-06-18T14:05:16.632+0800: 49.910: [DefNew: 78623K->8680K(78656K), 0.0025463 secs] 137720K->79135K(253440K), 0.0048882 secs] [Times: user=0.00 sys=0.00, real=0.00 secs] 
2026-06-18T14:05:16.814+0800: 50.092: [GC (Allocation Failure) 2026-06-18T14:05:16.815+0800: 50.093: [DefNew: 78632K->8628K(78656K), 0.0029045 secs] 149087K->87685K(253440K), 0.0054236 secs] [Times: user=0.00 sys=0.00, real=0.01 secs] 
2026-06-18T14:05:16.988+0800: 50.266: [GC (Allocation Failure) 2026-06-18T14:05:16.989+0800: 50.267: [DefNew: 78580K->8624K(78656K), 0.0032700 secs] 157637K->95715K(253440K), 0.0055345 secs] [Times: user=0.01 sys=0.00, real=0.01 secs] 
2026-06-18T14:05:17.172+0800: 50.450: [GC (Allocation Failure) 2026-06-18T14:05:17.174+0800: 50.451: [DefNew: 78576K->8588K(78656K), 0.0041645 secs] 165667K->102137K(253440K), 0.0066905 secs] [Times: user=0.00 sys=0.00, real=0.00 secs] 
2026-06-18T14:05:17.347+0800: 50.625: [GC (Allocation Failure) 2026-06-18T14:05:17.349+0800: 50.627: [DefNew: 78540K->8696K(78656K), 0.0031483 secs] 172089K->105720K(253440K), 0.0058582 secs] [Times: user=0.00 sys=0.00, real=0.01 secs] 
2026-06-18T14:05:17.531+0800: 50.809: [GC (Allocation Failure) 2026-06-18T14:05:17.532+0800: 50.810: [DefNew: 78648K->8693K(78656K), 0.0051121 secs] 175672K->112611K(253440K), 0.0072230 secs] [Times: user=0.00 sys=0.00, real=0.00 secs] 
2026-06-18T14:05:17.706+0800: 50.984: [GC (Allocation Failure) 2026-06-18T14:05:17.707+0800: 50.985: [DefNew: 78329K->8685K(78656K), 0.0039771 secs] 182247K->117158K(253440K), 0.0063385 secs] [Times: user=0.00 sys=0.00, real=0.01 secs] 
2026-06-18T14:05:17.891+0800: 51.169: [GC (Allocation Failure) 2026-06-18T14:05:17.892+0800: 51.170: [DefNew: 78637K->8623K(78656K), 0.0066780 secs] 187110K->125616K(253440K), 0.0086280 secs] [Times: user=0.01 sys=0.00, real=0.00 secs] 
2026-06-18T14:05:18.077+0800: 51.355: [GC (Allocation Failure) 2026-06-18T14:05:18.078+0800: 51.356: [DefNew: 78575K->8700K(78656K), 0.0047285 secs] 195568K->131231K(253440K), 0.0181421 secs] [Times: user=0.01 sys=0.00, real=0.02 secs] 
2026-06-18T14:05:18.274+0800: 51.552: [GC (Allocation Failure) 2026-06-18T14:05:18.275+0800: 51.553: [DefNew: 78652K->8652K(78656K), 0.0042608 secs] 201183K->138147K(253440K), 0.0061501 secs] [Times: user=0.01 sys=0.00, real=0.01 secs] 
2026-06-18T14:05:18.448+0800: 51.726: [GC (Allocation Failure) 2026-06-18T14:05:18.449+0800: 51.727: [DefNew: 78604K->8641K(78656K), 0.0046303 secs] 208099K->149802K(253440K), 0.0063439 secs] [Times: user=0.01 sys=0.00, real=0.01 secs] 
2026-06-18T14:05:18.622+0800: 51.900: [GC (Allocation Failure) 2026-06-18T14:05:18.623+0800: 51.900: [DefNew: 78593K->8613K(78656K), 0.0037554 secs] 219754K->161541K(253440K), 0.0055821 secs] [Times: user=0.00 sys=0.00, real=0.00 secs] 
2026-06-18T14:05:18.805+0800: 52.083: [GC (Allocation Failure) 2026-06-18T14:05:18.806+0800: 52.084: [DefNew: 78565K->8682K(78656K), 0.0029609 secs] 231493K->168692K(253440K), 0.0051316 secs] [Times: user=0.00 sys=0.00, real=0.01 secs] 
2026-06-18T14:05:18.988+0800: 52.266: [GC (Allocation Failure) 2026-06-18T14:05:18.990+0800: 52.268: [DefNew: 78634K->8697K(78656K), 0.0058345 secs] 238644K->173728K(253440K), 0.0093446 secs] [Times: user=0.00 sys=0.00, real=0.01 secs] 
2026-06-18T14:05:19.175+0800: 52.453: [GC (Allocation Failure) 2026-06-18T14:05:19.176+0800: 52.454: [DefNew: 78649K->78649K(78656K), 0.0011886 secs]2026-06-18T14:05:19.178+0800: 52.456: [Tenured: 165031K->20531K(174784K), 0.0035129 secs] 243680K->20531K(253440K), [Metaspace: 2714K->2714K(1056768K)], 0.0068522 secs] [Times: user=0.00 sys=0.00, real=0.01 secs] 
2026-06-18T14:05:19.350+0800: 52.627: [GC (Allocation Failure) 2026-06-18T14:05:19.351+0800: 52.628: [DefNew: 69952K->8632K(78656K), 0.0024863 secs] 90483K->37358K(253440K), 0.0042095 secs] [Times: user=0.00 sys=0.00, real=0.00 secs] 
2026-06-18T14:05:19.521+0800: 52.799: [GC (Allocation Failure) 2026-06-18T14:05:19.522+0800: 52.800: [DefNew: 78584K->8673K(78656K), 0.0028810 secs] 107310K->48856K(253440K), 0.0045308 secs] [Times: user=0.01 sys=0.00, real=0.00 secs] 
2026-06-18T14:05:19.703+0800: 52.981: [GC (Allocation Failure) 2026-06-18T14:05:19.705+0800: 52.982: [DefNew: 78625K->8648K(78656K), 0.0020327 secs] 118808K->52389K(253440K), 0.0040643 secs] [Times: user=0.00 sys=0.00, real=0.00 secs] 
2026-06-18T14:05:19.885+0800: 53.163: [GC (Allocation Failure) 2026-06-18T14:05:19.886+0800: 53.164: [DefNew: 78600K->8638K(78656K), 0.0023322 secs] 122341K->62391K(253440K), 0.0040558 secs] [Times: user=0.01 sys=0.00, real=0.01 secs] 
2026-06-18T14:05:20.057+0800: 53.335: [GC (Allocation Failure) 2026-06-18T14:05:20.058+0800: 53.335: [DefNew: 78432K->8685K(78656K), 0.0019760 secs] 132184K->71237K(253440K), 0.0034083 secs] [Times: user=0.00 sys=0.00, real=0.01 secs] 
2026-06-18T14:05:20.240+0800: 53.518: [GC (Allocation Failure) 2026-06-18T14:05:20.273+0800: 53.551: [DefNew: 78637K->8703K(78656K), 0.0033140 secs] 141189K->84457K(253440K), 0.0391791 secs] [Times: user=0.00 sys=0.00, real=0.05 secs] 
2026-06-18T14:05:20.462+0800: 53.740: [GC (Allocation Failure) 2026-06-18T14:05:20.463+0800: 53.741: [DefNew: 78655K->8683K(78656K), 0.0024237 secs] 154409K->89903K(253440K), 0.0042825 secs] [Times: user=0.00 sys=0.00, real=0.00 secs] 
2026-06-18T14:05:20.634+0800: 53.912: [GC (Allocation Failure) 2026-06-18T14:05:20.636+0800: 53.914: [DefNew: 78635K->8676K(78656K), 0.0023629 secs] 159855K->96416K(253440K), 0.0049385 secs] [Times: user=0.00 sys=0.00, real=0.01 secs] 
2026-06-18T14:05:20.809+0800: 54.087: [GC (Allocation Failure) 2026-06-18T14:05:20.810+0800: 54.087: [DefNew: 78505K->8681K(78656K), 0.0020366 secs] 166246K->101618K(253440K), 0.0036757 secs] [Times: user=0.01 sys=0.00, real=0.00 secs] 
2026-06-18T14:05:21.000+0800: 54.278: [GC (Allocation Failure) 2026-06-18T14:05:21.001+0800: 54.279: [DefNew: 78633K->8652K(78656K), 0.0035008 secs] 171570K->107423K(253440K), 0.0059553 secs] [Times: user=0.00 sys=0.00, real=0.01 secs] 
2026-06-18T14:05:21.173+0800: 54.451: [GC (Allocation Failure) 2026-06-18T14:05:21.175+0800: 54.452: [DefNew: 78604K->8630K(78656K), 0.0030038 secs] 177375K->115996K(253440K), 0.0051217 secs] [Times: user=0.00 sys=0.00, real=0.00 secs] 
2026-06-18T14:05:21.357+0800: 54.635: [GC (Allocation Failure) 2026-06-18T14:05:21.358+0800: 54.636: [DefNew: 78582K->8674K(78656K), 0.0019258 secs] 185948K->122796K(253440K), 0.0032284 secs] [Times: user=0.00 sys=0.00, real=0.01 secs] 
2026-06-18T14:05:21.538+0800: 54.816: [GC (Allocation Failure) 2026-06-18T14:05:21.539+0800: 54.817: [DefNew: 78626K->8692K(78656K), 0.0021788 secs] 192748K->129361K(253440K), 0.0037497 secs] [Times: user=0.00 sys=0.00, real=0.01 secs] 
2026-06-18T14:05:21.710+0800: 54.987: [GC (Allocation Failure) 2026-06-18T14:05:21.710+0800: 54.988: [DefNew: 78336K->8656K(78656K), 0.0026593 secs] 199006K->135586K(253440K), 0.0047103 secs] [Times: user=0.00 sys=0.00, real=0.00 secs] 
2026-06-18T14:05:21.892+0800: 55.170: [GC (Allocation Failure) 2026-06-18T14:05:21.894+0800: 55.172: [DefNew: 78608K->8633K(78656K), 0.0048498 secs] 205538K->147196K(253440K), 0.0070965 secs] [Times: user=0.00 sys=0.00, real=0.00 secs] 
2026-06-18T14:05:22.077+0800: 55.355: [GC (Allocation Failure) 2026-06-18T14:05:22.078+0800: 55.356: [DefNew: 78578K->8614K(78656K), 0.0018190 secs] 217141K->151947K(253440K), 0.0032898 secs] [Times: user=0.01 sys=0.00, real=0.01 secs] 
2026-06-18T14:05:22.258+0800: 55.536: [GC (Allocation Failure) 2026-06-18T14:05:22.259+0800: 55.537: [DefNew: 78566K->8679K(78656K), 0.0018663 secs] 221899K->155567K(253440K), 0.0034083 secs] [Times: user=0.00 sys=0.00, real=0.01 secs] 
2026-06-18T14:05:22.428+0800: 55.706: [GC (Allocation Failure) 2026-06-18T14:05:22.446+0800: 55.723: [DefNew: 78631K->8630K(78656K), 0.0445073 secs] 225519K->162189K(253440K), 0.1165543 secs] [Times: user=0.00 sys=0.00, real=0.11 secs] 
2026-06-18T14:05:22.728+0800: 56.006: [GC (Allocation Failure) 2026-06-18T14:05:22.729+0800: 56.007: [DefNew: 78582K->8692K(78656K), 0.0020096 secs] 232141K->167177K(253440K), 0.0037434 secs] [Times: user=0.00 sys=0.00, real=0.00 secs] 
2026-06-18T14:05:22.900+0800: 56.177: [GC (Allocation Failure) 2026-06-18T14:05:22.901+0800: 56.179: [DefNew: 78644K->8699K(78656K), 0.0024131 secs] 237129K->174988K(253440K), 0.0043216 secs] [Times: user=0.00 sys=0.00, real=0.01 secs] 
2026-06-18T14:05:23.081+0800: 56.359: [GC (Allocation Failure) 2026-06-18T14:05:23.082+0800: 56.360: [DefNew: 78651K->78651K(78656K), 0.0005070 secs]2026-06-18T14:05:23.083+0800: 56.361: [Tenured: 166288K->26983K(174784K), 0.0041233 secs] 244940K->26983K(253440K), [Metaspace: 2714K->2714K(1056768K)], 0.0068824 secs] [Times: user=0.00 sys=0.00, real=0.01 secs] 
2026-06-18T14:05:23.266+0800: 56.543: [GC (Allocation Failure) 2026-06-18T14:05:23.267+0800: 56.545: [DefNew: 69952K->8697K(78656K), 0.0023850 secs] 96935K->42244K(253440K), 0.0044929 secs] [Times: user=0.00 sys=0.00, real=0.01 secs] 
2026-06-18T14:05:23.438+0800: 56.715: [GC (Allocation Failure) 2026-06-18T14:05:23.438+0800: 56.716: [DefNew: 78649K->8665K(78656K), 0.0016544 secs] 112196K->48131K(253440K), 0.0028686 secs] [Times: user=0.01 sys=0.00, real=0.01 secs] 
2026-06-18T14:05:23.617+0800: 56.895: [GC (Allocation Failure) 2026-06-18T14:05:23.619+0800: 56.897: [DefNew: 78617K->8663K(78656K), 0.0031430 secs] 118083K->61706K(253440K), 0.0052737 secs] [Times: user=0.00 sys=0.00, real=0.01 secs] 
2026-06-18T14:05:23.801+0800: 57.079: [GC (Allocation Failure) 2026-06-18T14:05:23.806+0800: 57.083: [DefNew: 78615K->8668K(78656K), 0.0030755 secs] 131658K->68803K(253440K), 0.0091572 secs] [Times: user=0.00 sys=0.00, real=0.01 secs] 
2026-06-18T14:05:23.988+0800: 57.266: [GC (Allocation Failure) 2026-06-18T14:05:23.989+0800: 57.267: [DefNew: 78620K->8643K(78656K), 0.0016698 secs] 138755K->73696K(253440K), 0.0031486 secs] [Times: user=0.00 sys=0.00, real=0.01 secs] 
2026-06-18T14:05:24.159+0800: 57.437: [GC (Allocation Failure) 2026-06-18T14:05:24.160+0800: 57.438: [DefNew: 78595K->8646K(78656K), 0.0022500 secs] 143648K->81638K(253440K), 0.0041271 secs] [Times: user=0.01 sys=0.00, real=0.01 secs] 
2026-06-18T14:05:24.341+0800: 57.619: [GC (Allocation Failure) 2026-06-18T14:05:24.342+0800: 57.620: [DefNew: 78590K->8693K(78656K), 0.0021520 secs] 151581K->86689K(253440K), 0.0040765 secs] [Times: user=0.00 sys=0.00, real=0.00 secs] 
2026-06-18T14:05:24.522+0800: 57.800: [GC (Allocation Failure) 2026-06-18T14:05:24.523+0800: 57.801: [DefNew: 78645K->8684K(78656K), 0.0019625 secs] 156641K->92865K(253440K), 0.0035991 secs] [Times: user=0.00 sys=0.00, real=0.00 secs] 
2026-06-18T14:05:24.704+0800: 57.981: [GC (Allocation Failure) 2026-06-18T14:05:24.708+0800: 57.986: [DefNew: 78636K->8694K(78656K), 0.0033272 secs] 162817K->99501K(253440K), 0.0109611 secs] [Times: user=0.00 sys=0.00, real=0.01 secs] 
Heap
 def new generation   total 78656K, used 51878K [0x00000000f0000000, 0x00000000f5550000, 0x00000000f5550000)
  eden space 69952K,  61% used [0x00000000f0000000, 0x00000000f2a2c108, 0x00000000f4450000)
  from space 8704K,  99% used [0x00000000f4450000, 0x00000000f4ccd818, 0x00000000f4cd0000)
  to   space 8704K,   0% used [0x00000000f4cd0000, 0x00000000f4cd0000, 0x00000000f5550000)
 tenured generation   total 174784K, used 90807K [0x00000000f5550000, 0x0000000100000000, 0x0000000100000000)
   the space 174784K,  51% used [0x00000000f5550000, 0x00000000fadfdf20, 0x00000000fadfe000, 0x0000000100000000)
 Metaspace       used 2722K, capacity 4494K, committed 4864K, reserved 1056768K
  class space    used 282K, capacity 386K, committed 512K, reserved 1048576K
