[2026-06-17T10:03:11.911+0800][0.005s][info][gc,init] Initializing The Z Garbage Collector
[2026-06-17T10:03:11.912+0800][0.005s][info][gc,init] Version: 21.0.11+10-LTS (release)
[2026-06-17T10:03:11.912+0800][0.005s][info][gc,init] NUMA Support: Disabled
[2026-06-17T10:03:11.912+0800][0.005s][info][gc,init] CPUs: 24 total, 24 available
[2026-06-17T10:03:11.912+0800][0.005s][info][gc,init] Memory: 15856M
[2026-06-17T10:03:11.912+0800][0.006s][info][gc,init] Large Page Support: Disabled
[2026-06-17T10:03:11.912+0800][0.006s][info][gc,init] Address Space Type: Contiguous/Unrestricted/Complete
[2026-06-17T10:03:11.912+0800][0.006s][info][gc,init] Address Space Size: 1024M
[2026-06-17T10:03:11.913+0800][0.006s][info][gc,init] Heap Backing File: /memfd:java_heap
[2026-06-17T10:03:11.913+0800][0.006s][info][gc,init] Heap Backing Filesystem: tmpfs (0x1021994)
[2026-06-17T10:03:11.913+0800][0.007s][info][gc,init] Min Capacity: 64M
[2026-06-17T10:03:11.914+0800][0.007s][info][gc,init] Initial Capacity: 64M
[2026-06-17T10:03:11.914+0800][0.007s][info][gc,init] Max Capacity: 64M
[2026-06-17T10:03:11.914+0800][0.007s][info][gc,init] Soft Max Capacity: 64M
[2026-06-17T10:03:11.914+0800][0.007s][info][gc,init] Medium Page Size: N/A
[2026-06-17T10:03:11.914+0800][0.007s][info][gc,init] Pre-touch: Disabled
[2026-06-17T10:03:11.914+0800][0.007s][info][gc,init] Available space on backing filesystem: N/A
[2026-06-17T10:03:11.914+0800][0.007s][info][gc,init] Uncommit: Implicitly Disabled (-Xms equals -Xmx)
[2026-06-17T10:03:11.914+0800][0.008s][info][gc,init] GC Workers for Old Generation: 1 (dynamic)
[2026-06-17T10:03:11.915+0800][0.008s][info][gc,init] GC Workers for Young Generation: 1 (dynamic)
[2026-06-17T10:03:11.925+0800][0.018s][info][gc,init] GC Workers Max: 1 (dynamic)
[2026-06-17T10:03:11.926+0800][0.019s][info][gc,init] Runtime Workers: 1
[2026-06-17T10:03:11.926+0800][0.019s][info][gc     ] Using The Z Garbage Collector
[2026-06-17T10:03:11.930+0800][0.024s][info][gc,metaspace] CDS archive(s) mapped at: [0x0000711beb000000-0x0000711bebbad000-0x0000711bebbad000), size 12242944, SharedBaseAddress: 0x0000711beb000000, ArchiveRelocationMode: 1.
[2026-06-17T10:03:11.931+0800][0.024s][info][gc,metaspace] Compressed class space mapped at: 0x0000711bec000000-0x0000711c2c000000, reserved size: 1073741824
[2026-06-17T10:03:11.931+0800][0.024s][info][gc,metaspace] Narrow klass base: 0x0000711beb000000, Narrow klass shift: 0, Narrow klass range: 0x100000000
[2026-06-17T10:03:11.994+0800][0.088s][info][gc          ] GC(0) Major Collection (Warmup)
[2026-06-17T10:03:11.995+0800][0.088s][info][gc,task     ] GC(0) Using 1 Workers for Young Generation
[2026-06-17T10:03:11.995+0800][0.088s][info][gc,task     ] GC(0) Using 1 Workers for Old Generation
[2026-06-17T10:03:11.995+0800][0.089s][info][gc,phases   ] GC(0) Y: Young Generation
[2026-06-17T10:03:11.996+0800][0.089s][info][gc,phases   ] GC(0) Y: Pause Mark Start (Major) 0.014ms
[2026-06-17T10:03:11.998+0800][0.091s][info][gc,phases   ] GC(0) Y: Concurrent Mark 1.380ms
[2026-06-17T10:03:11.998+0800][0.091s][info][gc,phases   ] GC(0) Y: Pause Mark End 0.010ms
[2026-06-17T10:03:11.998+0800][0.092s][info][gc,phases   ] GC(0) Y: Concurrent Mark Free 0.001ms
[2026-06-17T10:03:11.999+0800][0.092s][info][gc,phases   ] GC(0) Y: Concurrent Reset Relocation Set 0.001ms
[2026-06-17T10:03:12.002+0800][0.095s][info][gc,reloc    ] GC(0) Y: Using tenuring threshold: 1 (Computed)
[2026-06-17T10:03:12.002+0800][0.096s][info][gc,phases   ] GC(0) Y: Concurrent Select Relocation Set 3.324ms
[2026-06-17T10:03:12.003+0800][0.096s][info][gc,phases   ] GC(0) Y: Pause Relocate Start 0.012ms
[2026-06-17T10:03:12.004+0800][0.098s][info][gc,phases   ] GC(0) Y: Concurrent Relocate 0.989ms
[2026-06-17T10:03:12.005+0800][0.098s][info][gc,alloc    ] GC(0) Y:                         Mark Start        Mark End      Relocate Start    Relocate End   
[2026-06-17T10:03:12.005+0800][0.098s][info][gc,alloc    ] GC(0) Y: Allocation Stalls:          0                0                0                0         
[2026-06-17T10:03:12.005+0800][0.099s][info][gc,load     ] GC(0) Y: Load: 0.33 (1%) / 0.42 (2%) / 0.50 (2%)
[2026-06-17T10:03:12.006+0800][0.099s][info][gc,mmu      ] GC(0) Y: MMU: 2ms/99.3%, 5ms/99.5%, 10ms/99.6%, 20ms/99.8%, 50ms/99.9%, 100ms/100.0%
[2026-06-17T10:03:12.006+0800][0.099s][info][gc,marking  ] GC(0) Y: Mark: 1 stripe(s), 1 proactive flush(es), 1 terminate flush(es), 0 completion(s), 0 continuation(s) 
[2026-06-17T10:03:12.006+0800][0.099s][info][gc,marking  ] GC(0) Y: Mark Stack Usage: 32M
[2026-06-17T10:03:12.006+0800][0.099s][info][gc,nmethod  ] GC(0) Y: NMethods: 64 registered, 0 unregistered
[2026-06-17T10:03:12.006+0800][0.100s][info][gc,metaspace] GC(0) Y: Metaspace: 0M used, 0M committed, 1088M reserved
[2026-06-17T10:03:12.007+0800][0.100s][info][gc,reloc    ] GC(0) Y:                        Candidates     Selected     In-Place         Size        Empty    Relocated 
[2026-06-17T10:03:12.007+0800][0.100s][info][gc,reloc    ] GC(0) Y: Small Pages:                    3            1            0           6M           2M           0M 
[2026-06-17T10:03:12.007+0800][0.100s][info][gc,reloc    ] GC(0) Y: Large Pages:                    3            0            0           6M           0M           0M 
[2026-06-17T10:03:12.007+0800][0.101s][info][gc,reloc    ] GC(0) Y: Forwarding Usage: 0M
[2026-06-17T10:03:12.008+0800][0.101s][info][gc,reloc    ] GC(0) Y: Age Table:
[2026-06-17T10:03:12.008+0800][0.101s][info][gc,reloc    ] GC(0) Y:                    Live             Garbage             Small              Medium             Large        
[2026-06-17T10:03:12.008+0800][0.102s][info][gc,reloc    ] GC(0) Y: Eden               7M (12%)           4M (7%)           3 / 1              0 / 0              3 / 0        
[2026-06-17T10:03:12.009+0800][0.102s][info][gc,heap     ] GC(0) Y: Min Capacity: 64M(100%)
[2026-06-17T10:03:12.009+0800][0.102s][info][gc,heap     ] GC(0) Y: Max Capacity: 64M(100%)
[2026-06-17T10:03:12.009+0800][0.102s][info][gc,heap     ] GC(0) Y: Soft Max Capacity: 64M(100%)
[2026-06-17T10:03:12.009+0800][0.103s][info][gc,heap     ] GC(0) Y: Heap Statistics:
[2026-06-17T10:03:12.010+0800][0.103s][info][gc,heap     ] GC(0) Y:                Mark Start          Mark End        Relocate Start      Relocate End           High               Low         
[2026-06-17T10:03:12.010+0800][0.103s][info][gc,heap     ] GC(0) Y:  Capacity:       64M (100%)         64M (100%)         64M (100%)         64M (100%)         64M (100%)         64M (100%)   
[2026-06-17T10:03:12.010+0800][0.104s][info][gc,heap     ] GC(0) Y:      Free:       52M (81%)          52M (81%)          50M (78%)          50M (78%)          52M (81%)          46M (72%)    
[2026-06-17T10:03:12.011+0800][0.104s][info][gc,heap     ] GC(0) Y:      Used:       12M (19%)          12M (19%)          14M (22%)          14M (22%)          18M (28%)          12M (19%)    
[2026-06-17T10:03:12.011+0800][0.104s][info][gc,heap     ] GC(0) Y: Young Generation Statistics:
[2026-06-17T10:03:12.011+0800][0.105s][info][gc,heap     ] GC(0) Y:                Mark Start          Mark End        Relocate Start      Relocate End    
[2026-06-17T10:03:12.011+0800][0.105s][info][gc,heap     ] GC(0) Y:      Used:       12M (19%)          12M (19%)          14M (22%)          14M (22%)    
[2026-06-17T10:03:12.012+0800][0.105s][info][gc,heap     ] GC(0) Y:      Live:         -                 7M (12%)           7M (12%)           7M (12%)    
[2026-06-17T10:03:12.012+0800][0.105s][info][gc,heap     ] GC(0) Y:   Garbage:         -                 4M (7%)            2M (4%)            0M (0%)     
[2026-06-17T10:03:12.012+0800][0.105s][info][gc,heap     ] GC(0) Y: Allocated:         -                 0M (0%)            4M (6%)            6M (10%)    
[2026-06-17T10:03:12.012+0800][0.105s][info][gc,heap     ] GC(0) Y: Reclaimed:         -                  -                 2M (3%)            4M (7%)     
[2026-06-17T10:03:12.012+0800][0.106s][info][gc,heap     ] GC(0) Y:  Promoted:         -                  -                 0M (0%)            0M (0%)     
[2026-06-17T10:03:12.012+0800][0.106s][info][gc,heap     ] GC(0) Y: Compacted:         -                  -                  -                 1M (2%)     
[2026-06-17T10:03:12.013+0800][0.106s][info][gc,phases   ] GC(0) Y: Young Generation 12M(19%)->14M(22%) 0.009s
[2026-06-17T10:03:12.013+0800][0.106s][info][gc,phases   ] GC(0) O: Old Generation
[2026-06-17T10:03:12.013+0800][0.107s][info][gc,phases   ] GC(0) O: Concurrent Mark 0.345ms
[2026-06-17T10:03:12.013+0800][0.107s][info][gc,phases   ] GC(0) O: Pause Mark End 0.010ms
[2026-06-17T10:03:12.014+0800][0.107s][info][gc,phases   ] GC(0) O: Concurrent Mark Free 0.014ms
[2026-06-17T10:03:12.014+0800][0.107s][info][gc,phases   ] GC(0) O: Concurrent Process Non-Strong 0.314ms
[2026-06-17T10:03:12.014+0800][0.108s][info][gc,phases   ] GC(0) O: Concurrent Reset Relocation Set 0.001ms
[2026-06-17T10:03:12.015+0800][0.108s][info][gc,phases   ] GC(0) O: Concurrent Select Relocation Set 0.570ms
[2026-06-17T10:03:12.015+0800][0.109s][info][gc,task     ] GC(0) O: Using 1 Workers for Old Generation
[2026-06-17T10:03:12.029+0800][0.122s][info][gc,task     ] GC(0) O: Using 1 Workers for Old Generation
[2026-06-17T10:03:12.029+0800][0.122s][info][gc,phases   ] GC(0) O: Concurrent Remap Roots 13.498ms
[2026-06-17T10:03:12.029+0800][0.122s][info][gc,phases   ] GC(0) O: Pause Relocate Start 0.015ms
[2026-06-17T10:03:12.029+0800][0.123s][info][gc,phases   ] GC(0) O: Concurrent Relocate 0.110ms
[2026-06-17T10:03:12.030+0800][0.123s][info][gc,alloc    ] GC(0) O:                         Mark Start        Mark End      Relocate Start    Relocate End   
[2026-06-17T10:03:12.030+0800][0.123s][info][gc,alloc    ] GC(0) O: Allocation Stalls:          0                0                0                0         
[2026-06-17T10:03:12.030+0800][0.123s][info][gc,load     ] GC(0) O: Load: 0.33 (1%) / 0.42 (2%) / 0.50 (2%)
[2026-06-17T10:03:12.030+0800][0.123s][info][gc,mmu      ] GC(0) O: MMU: 2ms/99.3%, 5ms/99.5%, 10ms/99.6%, 20ms/99.8%, 50ms/99.9%, 100ms/99.9%
[2026-06-17T10:03:12.030+0800][0.123s][info][gc,marking  ] GC(0) O: Mark: 1 stripe(s), 1 proactive flush(es), 1 terminate flush(es), 0 completion(s), 0 continuation(s) 
[2026-06-17T10:03:12.030+0800][0.124s][info][gc,marking  ] GC(0) O: Mark Stack Usage: 0M
[2026-06-17T10:03:12.030+0800][0.124s][info][gc,nmethod  ] GC(0) O: NMethods: 68 registered, 2 unregistered
[2026-06-17T10:03:12.031+0800][0.124s][info][gc,metaspace] GC(0) O: Metaspace: 0M used, 0M committed, 1088M reserved
[2026-06-17T10:03:12.031+0800][0.124s][info][gc,ref      ] GC(0) O:                       Encountered   Discovered     Enqueued 
[2026-06-17T10:03:12.031+0800][0.124s][info][gc,ref      ] GC(0) O: Soft References:                2            0            0 
[2026-06-17T10:03:12.031+0800][0.124s][info][gc,ref      ] GC(0) O: Weak References:                6            0            0 
[2026-06-17T10:03:12.031+0800][0.124s][info][gc,ref      ] GC(0) O: Final References:               0            0            0 
[2026-06-17T10:03:12.031+0800][0.125s][info][gc,ref      ] GC(0) O: Phantom References:             1            0            0 
[2026-06-17T10:03:12.031+0800][0.125s][info][gc,heap     ] GC(0) O: Min Capacity: 64M(100%)
[2026-06-17T10:03:12.032+0800][0.125s][info][gc,heap     ] GC(0) O: Max Capacity: 64M(100%)
[2026-06-17T10:03:12.032+0800][0.125s][info][gc,heap     ] GC(0) O: Soft Max Capacity: 64M(100%)
[2026-06-17T10:03:12.032+0800][0.125s][info][gc,heap     ] GC(0) O: Heap Statistics:
[2026-06-17T10:03:12.032+0800][0.125s][info][gc,heap     ] GC(0) O:                Mark Start          Mark End        Relocate Start      Relocate End           High               Low         
[2026-06-17T10:03:12.032+0800][0.125s][info][gc,heap     ] GC(0) O:  Capacity:       64M (100%)         64M (100%)         64M (100%)         64M (100%)         64M (100%)         64M (100%)   
[2026-06-17T10:03:12.032+0800][0.126s][info][gc,heap     ] GC(0) O:      Free:       52M (81%)          50M (78%)          44M (69%)          44M (69%)          52M (81%)          44M (69%)    
[2026-06-17T10:03:12.032+0800][0.126s][info][gc,heap     ] GC(0) O:      Used:       12M (19%)          14M (22%)          20M (31%)          20M (31%)          20M (31%)          12M (19%)    
[2026-06-17T10:03:12.033+0800][0.126s][info][gc,heap     ] GC(0) O: Old Generation Statistics:
[2026-06-17T10:03:12.033+0800][0.126s][info][gc,heap     ] GC(0) O:                Mark Start          Mark End        Relocate Start      Relocate End    
[2026-06-17T10:03:12.033+0800][0.126s][info][gc,heap     ] GC(0) O:      Used:        0M (0%)            0M (0%)            0M (0%)            0M (0%)     
[2026-06-17T10:03:12.033+0800][0.127s][info][gc,heap     ] GC(0) O:      Live:         -                 0M (0%)            0M (0%)            0M (0%)     
[2026-06-17T10:03:12.033+0800][0.127s][info][gc,heap     ] GC(0) O:   Garbage:         -                 0M (0%)            0M (0%)            0M (0%)     
[2026-06-17T10:03:12.034+0800][0.127s][info][gc,heap     ] GC(0) O: Allocated:         -                 0M (0%)            0M (0%)            0M (0%)     
[2026-06-17T10:03:12.034+0800][0.127s][info][gc,heap     ] GC(0) O: Reclaimed:         -                  -                 0M (0%)            0M (0%)     
[2026-06-17T10:03:12.034+0800][0.127s][info][gc,heap     ] GC(0) O: Compacted:         -                  -                  -                 0M (0%)     
[2026-06-17T10:03:12.034+0800][0.127s][info][gc,phases   ] GC(0) O: Old Generation 14M(22%)->20M(31%) 0.017s
[2026-06-17T10:03:12.034+0800][0.128s][info][gc          ] GC(0) Major Collection (Warmup) 8M(12%)->20M(31%) 0.040s
[2026-06-17T10:03:12.036+0800][0.129s][info][gc          ] GC(1) Major Collection (Warmup)
[2026-06-17T10:03:12.036+0800][0.130s][info][gc,task     ] GC(1) Using 1 Workers for Young Generation
[2026-06-17T10:03:12.036+0800][0.130s][info][gc,task     ] GC(1) Using 1 Workers for Old Generation
[2026-06-17T10:03:12.037+0800][0.130s][info][gc,phases   ] GC(1) Y: Young Generation
[2026-06-17T10:03:12.037+0800][0.130s][info][gc,phases   ] GC(1) Y: Pause Mark Start (Major) 0.014ms
[2026-06-17T10:03:12.038+0800][0.132s][info][gc,phases   ] GC(1) Y: Concurrent Mark 1.351ms
[2026-06-17T10:03:12.039+0800][0.132s][info][gc,phases   ] GC(1) Y: Pause Mark End 0.007ms
[2026-06-17T10:03:12.039+0800][0.132s][info][gc,phases   ] GC(1) Y: Concurrent Mark Free 0.000ms
[2026-06-17T10:03:12.039+0800][0.132s][info][gc,phases   ] GC(1) Y: Concurrent Reset Relocation Set 0.001ms
[2026-06-17T10:03:12.040+0800][0.133s][info][gc,reloc    ] GC(1) Y: Using tenuring threshold: 1 (Computed)
[2026-06-17T10:03:12.041+0800][0.134s][info][gc,phases   ] GC(1) Y: Concurrent Select Relocation Set 1.369ms
[2026-06-17T10:03:12.041+0800][0.134s][info][gc,phases   ] GC(1) Y: Pause Relocate Start 0.011ms
[2026-06-17T10:03:12.042+0800][0.135s][info][gc,phases   ] GC(1) Y: Concurrent Relocate 0.920ms
[2026-06-17T10:03:12.042+0800][0.136s][info][gc,alloc    ] GC(1) Y:                         Mark Start        Mark End      Relocate Start    Relocate End   
[2026-06-17T10:03:12.043+0800][0.136s][info][gc,alloc    ] GC(1) Y: Allocation Stalls:          0                0                0                0         
[2026-06-17T10:03:12.043+0800][0.136s][info][gc,load     ] GC(1) Y: Load: 0.33 (1%) / 0.42 (2%) / 0.50 (2%)
[2026-06-17T10:03:12.043+0800][0.136s][info][gc,mmu      ] GC(1) Y: MMU: 2ms/99.0%, 5ms/99.4%, 10ms/99.6%, 20ms/99.8%, 50ms/99.8%, 100ms/99.9%
[2026-06-17T10:03:12.043+0800][0.136s][info][gc,marking  ] GC(1) Y: Mark: 1 stripe(s), 2 proactive flush(es), 1 terminate flush(es), 0 completion(s), 0 continuation(s) 
[2026-06-17T10:03:12.043+0800][0.137s][info][gc,marking  ] GC(1) Y: Mark Stack Usage: 32M
[2026-06-17T10:03:12.043+0800][0.137s][info][gc,nmethod  ] GC(1) Y: NMethods: 68 registered, 2 unregistered
[2026-06-17T10:03:12.043+0800][0.137s][info][gc,metaspace] GC(1) Y: Metaspace: 0M used, 0M committed, 1088M reserved
[2026-06-17T10:03:12.044+0800][0.137s][info][gc,reloc    ] GC(1) Y:                        Candidates     Selected     In-Place         Size        Empty    Relocated 
[2026-06-17T10:03:12.044+0800][0.137s][info][gc,reloc    ] GC(1) Y: Small Pages:                    7            3            0          14M           4M           0M 
[2026-06-17T10:03:12.044+0800][0.137s][info][gc,reloc    ] GC(1) Y: Large Pages:                    4            0            0           8M           0M           0M 
[2026-06-17T10:03:12.044+0800][0.137s][info][gc,reloc    ] GC(1) Y: Forwarding Usage: 0M
[2026-06-17T10:03:12.044+0800][0.138s][info][gc,reloc    ] GC(1) Y: Age Table:
[2026-06-17T10:03:12.044+0800][0.138s][info][gc,reloc    ] GC(1) Y:                    Live             Garbage             Small              Medium             Large        
[2026-06-17T10:03:12.044+0800][0.138s][info][gc,reloc    ] GC(1) Y: Eden               2M (4%)            9M (14%)          5 / 3              0 / 0              1 / 0        
[2026-06-17T10:03:12.045+0800][0.138s][info][gc,reloc    ] GC(1) Y: Survivor 1         7M (12%)           2M (4%)           2 / 0              0 / 0              3 / 0        
[2026-06-17T10:03:12.045+0800][0.138s][info][gc,heap     ] GC(1) Y: Min Capacity: 64M(100%)
[2026-06-17T10:03:12.045+0800][0.138s][info][gc,heap     ] GC(1) Y: Max Capacity: 64M(100%)
[2026-06-17T10:03:12.045+0800][0.138s][info][gc,heap     ] GC(1) Y: Soft Max Capacity: 64M(100%)
[2026-06-17T10:03:12.045+0800][0.138s][info][gc,heap     ] GC(1) Y: Heap Statistics:
[2026-06-17T10:03:12.045+0800][0.138s][info][gc,heap     ] GC(1) Y:                Mark Start          Mark End        Relocate Start      Relocate End           High               Low         
[2026-06-17T10:03:12.045+0800][0.139s][info][gc,heap     ] GC(1) Y:  Capacity:       64M (100%)         64M (100%)         64M (100%)         64M (100%)         64M (100%)         64M (100%)   
[2026-06-17T10:03:12.045+0800][0.139s][info][gc,heap     ] GC(1) Y:      Free:       42M (66%)          30M (47%)          34M (53%)          38M (59%)          42M (66%)          30M (47%)    
[2026-06-17T10:03:12.046+0800][0.139s][info][gc,heap     ] GC(1) Y:      Used:       22M (34%)          34M (53%)          30M (47%)          26M (41%)          34M (53%)          22M (34%)    
[2026-06-17T10:03:12.046+0800][0.139s][info][gc,heap     ] GC(1) Y: Young Generation Statistics:
[2026-06-17T10:03:12.046+0800][0.139s][info][gc,heap     ] GC(1) Y:                Mark Start          Mark End        Relocate Start      Relocate End    
[2026-06-17T10:03:12.046+0800][0.139s][info][gc,heap     ] GC(1) Y:      Used:       22M (34%)          34M (53%)          22M (34%)          16M (25%)    
[2026-06-17T10:03:12.046+0800][0.140s][info][gc,heap     ] GC(1) Y:      Live:         -                10M (16%)           2M (4%)            2M (4%)     
[2026-06-17T10:03:12.046+0800][0.140s][info][gc,heap     ] GC(1) Y:   Garbage:         -                11M (18%)           7M (11%)           0M (0%)     
[2026-06-17T10:03:12.047+0800][0.140s][info][gc,heap     ] GC(1) Y: Allocated:         -                12M (19%)          12M (19%)          13M (21%)    
[2026-06-17T10:03:12.047+0800][0.140s][info][gc,heap     ] GC(1) Y: Reclaimed:         -                  -                 4M (7%)           11M (18%)    
[2026-06-17T10:03:12.047+0800][0.140s][info][gc,heap     ] GC(1) Y:  Promoted:         -                  -                 7M (12%)           7M (12%)    
[2026-06-17T10:03:12.047+0800][0.141s][info][gc,heap     ] GC(1) Y: Compacted:         -                  -                  -                 0M (1%)     
[2026-06-17T10:03:12.048+0800][0.141s][info][gc,phases   ] GC(1) Y: Young Generation 20M(31%)->26M(41%) 0.006s
[2026-06-17T10:03:12.048+0800][0.141s][info][gc,phases   ] GC(1) O: Old Generation
[2026-06-17T10:03:12.048+0800][0.142s][info][gc,phases   ] GC(1) O: Concurrent Mark 0.346ms
[2026-06-17T10:03:12.049+0800][0.142s][info][gc,phases   ] GC(1) O: Pause Mark End 0.011ms
[2026-06-17T10:03:12.049+0800][0.142s][info][gc,phases   ] GC(1) O: Concurrent Mark Free 0.001ms
[2026-06-17T10:03:12.049+0800][0.143s][info][gc,phases   ] GC(1) O: Concurrent Process Non-Strong 0.332ms
[2026-06-17T10:03:12.049+0800][0.143s][info][gc,phases   ] GC(1) O: Concurrent Reset Relocation Set 0.000ms
[2026-06-17T10:03:12.050+0800][0.144s][info][gc,phases   ] GC(1) O: Concurrent Select Relocation Set 0.554ms
[2026-06-17T10:03:12.050+0800][0.144s][info][gc,task     ] GC(1) O: Using 1 Workers for Old Generation
[2026-06-17T10:03:12.064+0800][0.157s][info][gc,task     ] GC(1) O: Using 1 Workers for Old Generation
[2026-06-17T10:03:12.064+0800][0.157s][info][gc,phases   ] GC(1) O: Concurrent Remap Roots 13.460ms
[2026-06-17T10:03:12.064+0800][0.157s][info][gc,phases   ] GC(1) O: Pause Relocate Start 0.014ms
[2026-06-17T10:03:12.064+0800][0.158s][info][gc,phases   ] GC(1) O: Concurrent Relocate 0.089ms
[2026-06-17T10:03:12.065+0800][0.158s][info][gc,alloc    ] GC(1) O:                         Mark Start        Mark End      Relocate Start    Relocate End   
[2026-06-17T10:03:12.065+0800][0.158s][info][gc,alloc    ] GC(1) O: Allocation Stalls:          0                0                0                0         
[2026-06-17T10:03:12.065+0800][0.158s][info][gc,load     ] GC(1) O: Load: 0.33 (1%) / 0.42 (2%) / 0.50 (2%)
[2026-06-17T10:03:12.065+0800][0.158s][info][gc,mmu      ] GC(1) O: MMU: 2ms/99.0%, 5ms/99.4%, 10ms/99.6%, 20ms/99.7%, 50ms/99.8%, 100ms/99.9%
[2026-06-17T10:03:12.065+0800][0.158s][info][gc,marking  ] GC(1) O: Mark: 1 stripe(s), 1 proactive flush(es), 1 terminate flush(es), 0 completion(s), 0 continuation(s) 
[2026-06-17T10:03:12.065+0800][0.158s][info][gc,marking  ] GC(1) O: Mark Stack Usage: 0M
[2026-06-17T10:03:12.065+0800][0.159s][info][gc,nmethod  ] GC(1) O: NMethods: 68 registered, 2 unregistered
[2026-06-17T10:03:12.065+0800][0.159s][info][gc,metaspace] GC(1) O: Metaspace: 0M used, 0M committed, 1088M reserved
[2026-06-17T10:03:12.066+0800][0.159s][info][gc,ref      ] GC(1) O:                       Encountered   Discovered     Enqueued 
[2026-06-17T10:03:12.066+0800][0.159s][info][gc,ref      ] GC(1) O: Soft References:                2            0            0 
[2026-06-17T10:03:12.066+0800][0.159s][info][gc,ref      ] GC(1) O: Weak References:                6            0            0 
[2026-06-17T10:03:12.066+0800][0.159s][info][gc,ref      ] GC(1) O: Final References:               0            0            0 
[2026-06-17T10:03:12.066+0800][0.159s][info][gc,ref      ] GC(1) O: Phantom References:             1            0            0 
[2026-06-17T10:03:12.066+0800][0.159s][info][gc,heap     ] GC(1) O: Min Capacity: 64M(100%)
[2026-06-17T10:03:12.066+0800][0.159s][info][gc,heap     ] GC(1) O: Max Capacity: 64M(100%)
[2026-06-17T10:03:12.066+0800][0.160s][info][gc,heap     ] GC(1) O: Soft Max Capacity: 64M(100%)
[2026-06-17T10:03:12.066+0800][0.160s][info][gc,heap     ] GC(1) O: Heap Statistics:
[2026-06-17T10:03:12.066+0800][0.160s][info][gc,heap     ] GC(1) O:                Mark Start          Mark End        Relocate Start      Relocate End           High               Low         
[2026-06-17T10:03:12.067+0800][0.160s][info][gc,heap     ] GC(1) O:  Capacity:       64M (100%)         64M (100%)         64M (100%)         64M (100%)         64M (100%)         64M (100%)   
[2026-06-17T10:03:12.067+0800][0.160s][info][gc,heap     ] GC(1) O:      Free:       42M (66%)          38M (59%)          30M (47%)          30M (47%)          42M (66%)          30M (47%)    
[2026-06-17T10:03:12.067+0800][0.160s][info][gc,heap     ] GC(1) O:      Used:       22M (34%)          26M (41%)          34M (53%)          34M (53%)          34M (53%)          22M (34%)    
[2026-06-17T10:03:12.067+0800][0.160s][info][gc,heap     ] GC(1) O: Old Generation Statistics:
[2026-06-17T10:03:12.067+0800][0.160s][info][gc,heap     ] GC(1) O:                Mark Start          Mark End        Relocate Start      Relocate End    
[2026-06-17T10:03:12.067+0800][0.160s][info][gc,heap     ] GC(1) O:      Used:        0M (0%)           10M (16%)          10M (16%)          10M (16%)    
[2026-06-17T10:03:12.067+0800][0.160s][info][gc,heap     ] GC(1) O:      Live:         -                 0M (0%)            0M (0%)            0M (0%)     
[2026-06-17T10:03:12.067+0800][0.161s][info][gc,heap     ] GC(1) O:   Garbage:         -                 0M (0%)            0M (0%)            0M (0%)     
[2026-06-17T10:03:12.067+0800][0.161s][info][gc,heap     ] GC(1) O: Allocated:         -                10M (16%)          10M (16%)          10M (16%)    
[2026-06-17T10:03:12.067+0800][0.161s][info][gc,heap     ] GC(1) O: Reclaimed:         -                  -                 0M (0%)            0M (0%)     
[2026-06-17T10:03:12.068+0800][0.161s][info][gc,heap     ] GC(1) O: Compacted:         -                  -                  -                 0M (0%)     
[2026-06-17T10:03:12.068+0800][0.161s][info][gc,phases   ] GC(1) O: Old Generation 26M(41%)->34M(53%) 0.017s
[2026-06-17T10:03:12.068+0800][0.161s][info][gc          ] GC(1) Major Collection (Warmup) 20M(31%)->34M(53%) 0.032s
[2026-06-17T10:03:12.071+0800][0.164s][info][gc          ] GC(2) Major Collection (Warmup)
[2026-06-17T10:03:12.071+0800][0.164s][info][gc,task     ] GC(2) Using 1 Workers for Young Generation
[2026-06-17T10:03:12.071+0800][0.164s][info][gc,task     ] GC(2) Using 1 Workers for Old Generation
[2026-06-17T10:03:12.071+0800][0.165s][info][gc,phases   ] GC(2) Y: Young Generation
[2026-06-17T10:03:12.072+0800][0.165s][info][gc,phases   ] GC(2) Y: Pause Mark Start (Major) 0.013ms
[2026-06-17T10:03:12.072+0800][0.166s][info][gc,phases   ] GC(2) Y: Concurrent Mark 0.580ms
[2026-06-17T10:03:12.072+0800][0.166s][info][gc,phases   ] GC(2) Y: Pause Mark End 0.006ms
[2026-06-17T10:03:12.073+0800][0.166s][info][gc,phases   ] GC(2) Y: Concurrent Mark Free 0.000ms
[2026-06-17T10:03:12.073+0800][0.166s][info][gc,phases   ] GC(2) Y: Concurrent Reset Relocation Set 0.002ms
[2026-06-17T10:03:12.073+0800][0.167s][info][gc,reloc    ] GC(2) Y: Using tenuring threshold: 2 (Computed)
[2026-06-17T10:03:12.074+0800][0.167s][info][gc,phases   ] GC(2) Y: Concurrent Select Relocation Set 0.759ms
[2026-06-17T10:03:12.074+0800][0.167s][info][gc,phases   ] GC(2) Y: Pause Relocate Start 0.003ms
[2026-06-17T10:03:12.074+0800][0.167s][info][gc,phases   ] GC(2) Y: Concurrent Relocate 0.172ms
[2026-06-17T10:03:12.074+0800][0.167s][info][gc,alloc    ] GC(2) Y:                         Mark Start        Mark End      Relocate Start    Relocate End   
[2026-06-17T10:03:12.074+0800][0.167s][info][gc,alloc    ] GC(2) Y: Allocation Stalls:          0                0                0                0         
[2026-06-17T10:03:12.074+0800][0.168s][info][gc,load     ] GC(2) Y: Load: 0.33 (1%) / 0.42 (2%) / 0.50 (2%)
[2026-06-17T10:03:12.074+0800][0.168s][info][gc,mmu      ] GC(2) Y: MMU: 2ms/99.0%, 5ms/99.4%, 10ms/99.6%, 20ms/99.7%, 50ms/99.8%, 100ms/99.9%
[2026-06-17T10:03:12.074+0800][0.168s][info][gc,marking  ] GC(2) Y: Mark: 1 stripe(s), 2 proactive flush(es), 1 terminate flush(es), 0 completion(s), 0 continuation(s) 
[2026-06-17T10:03:12.075+0800][0.168s][info][gc,marking  ] GC(2) Y: Mark Stack Usage: 32M
[2026-06-17T10:03:12.075+0800][0.168s][info][gc,nmethod  ] GC(2) Y: NMethods: 68 registered, 2 unregistered
[2026-06-17T10:03:12.075+0800][0.168s][info][gc,metaspace] GC(2) Y: Metaspace: 0M used, 0M committed, 1088M reserved
[2026-06-17T10:03:12.075+0800][0.168s][info][gc,reloc    ] GC(2) Y:                        Candidates     Selected     In-Place         Size        Empty    Relocated 
[2026-06-17T10:03:12.075+0800][0.168s][info][gc,reloc    ] GC(2) Y: Small Pages:                    9            2            0          18M           8M           0M 
[2026-06-17T10:03:12.075+0800][0.168s][info][gc,reloc    ] GC(2) Y: Large Pages:                    5            0            0          10M           0M           0M 
[2026-06-17T10:03:12.075+0800][0.168s][info][gc,reloc    ] GC(2) Y: Forwarding Usage: 0M
[2026-06-17T10:03:12.075+0800][0.169s][info][gc,reloc    ] GC(2) Y: Age Table:
[2026-06-17T10:03:12.075+0800][0.169s][info][gc,reloc    ] GC(2) Y:                    Live             Garbage             Small              Medium             Large        
[2026-06-17T10:03:12.075+0800][0.169s][info][gc,reloc    ] GC(2) Y: Eden              11M (18%)          12M (19%)          8 / 2              0 / 0              4 / 0        
[2026-06-17T10:03:12.076+0800][0.169s][info][gc,reloc    ] GC(2) Y: Survivor 1         2M (3%)            1M (3%)           1 / 0              0 / 0              1 / 0        
[2026-06-17T10:03:12.076+0800][0.169s][info][gc,heap     ] GC(2) Y: Min Capacity: 64M(100%)
[2026-06-17T10:03:12.076+0800][0.169s][info][gc,heap     ] GC(2) Y: Max Capacity: 64M(100%)
[2026-06-17T10:03:12.076+0800][0.169s][info][gc,heap     ] GC(2) Y: Soft Max Capacity: 64M(100%)
[2026-06-17T10:03:12.076+0800][0.169s][info][gc,heap     ] GC(2) Y: Heap Statistics:
[2026-06-17T10:03:12.076+0800][0.170s][info][gc,heap     ] GC(2) Y:                Mark Start          Mark End        Relocate Start      Relocate End           High               Low         
[2026-06-17T10:03:12.076+0800][0.170s][info][gc,heap     ] GC(2) Y:  Capacity:       64M (100%)         64M (100%)         64M (100%)         64M (100%)         64M (100%)         64M (100%)   
[2026-06-17T10:03:12.077+0800][0.170s][info][gc,heap     ] GC(2) Y:      Free:       26M (41%)          18M (28%)          26M (41%)          28M (44%)          28M (44%)          18M (28%)    
[2026-06-17T10:03:12.077+0800][0.170s][info][gc,heap     ] GC(2) Y:      Used:       38M (59%)          46M (72%)          38M (59%)          36M (56%)          46M (72%)          36M (56%)    
[2026-06-17T10:03:12.077+0800][0.170s][info][gc,heap     ] GC(2) Y: Young Generation Statistics:
[2026-06-17T10:03:12.077+0800][0.170s][info][gc,heap     ] GC(2) Y:                Mark Start          Mark End        Relocate Start      Relocate End    
[2026-06-17T10:03:12.077+0800][0.170s][info][gc,heap     ] GC(2) Y:      Used:       28M (44%)          36M (56%)          28M (44%)          26M (41%)    
[2026-06-17T10:03:12.077+0800][0.171s][info][gc,heap     ] GC(2) Y:      Live:         -                13M (22%)          13M (22%)          13M (22%)    
[2026-06-17T10:03:12.078+0800][0.171s][info][gc,heap     ] GC(2) Y:   Garbage:         -                14M (22%)           6M (10%)           1M (2%)     
[2026-06-17T10:03:12.078+0800][0.171s][info][gc,heap     ] GC(2) Y: Allocated:         -                 8M (12%)           8M (12%)          11M (17%)    
[2026-06-17T10:03:12.078+0800][0.171s][info][gc,heap     ] GC(2) Y: Reclaimed:         -                  -                 8M (12%)          13M (21%)    
[2026-06-17T10:03:12.078+0800][0.172s][info][gc,heap     ] GC(2) Y:  Promoted:         -                  -                 0M (0%)            0M (0%)     
[2026-06-17T10:03:12.079+0800][0.172s][info][gc,heap     ] GC(2) Y: Compacted:         -                  -                  -                 0M (1%)     
[2026-06-17T10:03:12.079+0800][0.172s][info][gc,phases   ] GC(2) Y: Young Generation 38M(59%)->36M(56%) 0.003s
[2026-06-17T10:03:12.079+0800][0.172s][info][gc,phases   ] GC(2) O: Old Generation
[2026-06-17T10:03:12.080+0800][0.174s][info][gc,phases   ] GC(2) O: Concurrent Mark 1.039ms
[2026-06-17T10:03:12.081+0800][0.174s][info][gc,phases   ] GC(2) O: Pause Mark End 0.013ms
[2026-06-17T10:03:12.082+0800][0.175s][info][gc,phases   ] GC(2) O: Concurrent Mark Free 0.002ms
[2026-06-17T10:03:12.083+0800][0.176s][info][gc,phases   ] GC(2) O: Concurrent Process Non-Strong 0.527ms
[2026-06-17T10:03:12.083+0800][0.177s][info][gc,phases   ] GC(2) O: Concurrent Reset Relocation Set 0.001ms
[2026-06-17T10:03:12.084+0800][0.178s][info][gc,phases   ] GC(2) O: Concurrent Select Relocation Set 0.678ms
[2026-06-17T10:03:12.085+0800][0.178s][info][gc,task     ] GC(2) O: Using 1 Workers for Old Generation
[2026-06-17T10:03:12.099+0800][0.192s][info][gc,task     ] GC(2) O: Using 1 Workers for Old Generation
[2026-06-17T10:03:12.100+0800][0.193s][info][gc,phases   ] GC(2) O: Concurrent Remap Roots 14.845ms
[2026-06-17T10:03:12.100+0800][0.193s][info][gc,phases   ] GC(2) O: Pause Relocate Start 0.013ms
[2026-06-17T10:03:12.100+0800][0.194s][info][gc          ] GC(3) Minor Collection (Allocation Rate)
[2026-06-17T10:03:12.101+0800][0.194s][info][gc,task     ] GC(3) Using 1 Workers for Young Generation
[2026-06-17T10:03:12.107+0800][0.200s][info][gc,phases   ] GC(3) y: Young Generation
[2026-06-17T10:03:12.101+0800][0.194s][info][gc,phases   ] GC(2) O: Concurrent Relocate 0.814ms
[2026-06-17T10:03:12.113+0800][0.206s][info][gc,phases   ] GC(3) y: Pause Mark Start 0.014ms
[2026-06-17T10:03:12.115+0800][0.208s][info][gc,phases   ] GC(3) y: Concurrent Mark 0.660ms
[2026-06-17T10:03:12.115+0800][0.209s][info][gc,phases   ] GC(3) y: Pause Mark End 0.010ms
[2026-06-17T10:03:12.116+0800][0.209s][info][gc,phases   ] GC(3) y: Concurrent Mark Free 0.000ms
[2026-06-17T10:03:12.116+0800][0.209s][info][gc,phases   ] GC(3) y: Concurrent Reset Relocation Set 0.001ms
[2026-06-17T10:03:12.117+0800][0.210s][info][gc,reloc    ] GC(3) y: Using tenuring threshold: 3 (Computed)
[2026-06-17T10:03:12.117+0800][0.210s][info][gc,phases   ] GC(3) y: Concurrent Select Relocation Set 0.873ms
[2026-06-17T10:03:12.117+0800][0.211s][info][gc,phases   ] GC(3) y: Pause Relocate Start 0.006ms
[2026-06-17T10:03:12.118+0800][0.211s][info][gc,phases   ] GC(3) y: Concurrent Relocate 0.259ms
[2026-06-17T10:03:12.118+0800][0.211s][info][gc,alloc    ] GC(3) y:                         Mark Start        Mark End      Relocate Start    Relocate End   
[2026-06-17T10:03:12.118+0800][0.212s][info][gc,alloc    ] GC(3) y: Allocation Stalls:          0                0                0                0         
[2026-06-17T10:03:12.119+0800][0.212s][info][gc,load     ] GC(3) y: Load: 0.33 (1%) / 0.42 (2%) / 0.50 (2%)
[2026-06-17T10:03:12.119+0800][0.212s][info][gc,mmu      ] GC(3) y: MMU: 2ms/99.0%, 5ms/99.4%, 10ms/99.6%, 20ms/99.7%, 50ms/99.8%, 100ms/99.8%
[2026-06-17T10:03:12.119+0800][0.212s][info][gc,marking  ] GC(3) y: Mark: 1 stripe(s), 1 proactive flush(es), 1 terminate flush(es), 0 completion(s), 0 continuation(s) 
[2026-06-17T10:03:12.119+0800][0.213s][info][gc,marking  ] GC(3) y: Mark Stack Usage: 32M
[2026-06-17T10:03:12.119+0800][0.213s][info][gc,nmethod  ] GC(3) y: NMethods: 68 registered, 2 unregistered
[2026-06-17T10:03:12.120+0800][0.213s][info][gc,metaspace] GC(3) y: Metaspace: 0M used, 0M committed, 1088M reserved
[2026-06-17T10:03:12.120+0800][0.213s][info][gc,reloc    ] GC(3) y:                        Candidates     Selected     In-Place         Size        Empty    Relocated 
[2026-06-17T10:03:12.120+0800][0.213s][info][gc,reloc    ] GC(3) y: Small Pages:                   11            2            0          22M          14M           1M 
[2026-06-17T10:03:12.120+0800][0.214s][info][gc,reloc    ] GC(3) y: Large Pages:                   10            0            0          20M           0M           0M 
[2026-06-17T10:03:12.120+0800][0.214s][info][gc,reloc    ] GC(3) y: Forwarding Usage: 0M
[2026-06-17T10:03:12.121+0800][0.214s][info][gc,reloc    ] GC(3) y: Age Table:
[2026-06-17T10:03:12.121+0800][0.214s][info][gc,reloc    ] GC(3) y:                    Live             Garbage             Small              Medium             Large        
[2026-06-17T10:03:12.121+0800][0.214s][info][gc,reloc    ] GC(3) y: Eden              11M (19%)          12M (19%)          7 / 1              0 / 0              5 / 0        
[2026-06-17T10:03:12.121+0800][0.214s][info][gc,reloc    ] GC(3) y: Survivor 1         8M (14%)           5M (8%)           3 / 1              0 / 0              4 / 0        
[2026-06-17T10:03:12.121+0800][0.214s][info][gc,reloc    ] GC(3) y: Survivor 2         2M (3%)            1M (3%)           1 / 0              0 / 0              1 / 0        
[2026-06-17T10:03:12.121+0800][0.215s][info][gc,heap     ] GC(3) y: Min Capacity: 64M(100%)
[2026-06-17T10:03:12.122+0800][0.215s][info][gc,heap     ] GC(3) y: Max Capacity: 64M(100%)
[2026-06-17T10:03:12.122+0800][0.215s][info][gc,heap     ] GC(3) y: Soft Max Capacity: 64M(100%)
[2026-06-17T10:03:12.122+0800][0.215s][info][gc,heap     ] GC(3) y: Heap Statistics:
[2026-06-17T10:03:12.122+0800][0.216s][info][gc,heap     ] GC(3) y:                Mark Start          Mark End        Relocate Start      Relocate End           High               Low         
[2026-06-17T10:03:12.123+0800][0.216s][info][gc,heap     ] GC(3) y:  Capacity:       64M (100%)         64M (100%)         64M (100%)         64M (100%)         64M (100%)         64M (100%)   
[2026-06-17T10:03:12.123+0800][0.216s][info][gc,heap     ] GC(3) y:      Free:       14M (22%)          12M (19%)          24M (38%)          24M (38%)          24M (38%)          10M (16%)    
[2026-06-17T10:03:12.123+0800][0.216s][info][gc,heap     ] GC(3) y:      Used:       50M (78%)          52M (81%)          40M (62%)          40M (62%)          54M (84%)          40M (62%)    
[2026-06-17T10:03:12.123+0800][0.216s][info][gc,heap     ] GC(3) y: Young Generation Statistics:
[2026-06-17T10:03:12.123+0800][0.217s][info][gc,heap     ] GC(3) y:                Mark Start          Mark End        Relocate Start      Relocate End    
[2026-06-17T10:03:12.124+0800][0.217s][info][gc,heap     ] GC(3) y:      Used:       42M (66%)          44M (69%)          32M (50%)          32M (50%)    
[2026-06-17T10:03:12.124+0800][0.217s][info][gc,heap     ] GC(3) y:      Live:         -                22M (35%)          22M (35%)          22M (35%)    
[2026-06-17T10:03:12.124+0800][0.217s][info][gc,heap     ] GC(3) y:   Garbage:         -                19M (30%)           5M (8%)            1M (2%)     
[2026-06-17T10:03:12.124+0800][0.217s][info][gc,heap     ] GC(3) y: Allocated:         -                 2M (3%)            4M (6%)            8M (13%)    
[2026-06-17T10:03:12.124+0800][0.218s][info][gc,heap     ] GC(3) y: Reclaimed:         -                  -                14M (22%)          18M (29%)    
[2026-06-17T10:03:12.124+0800][0.218s][info][gc,heap     ] GC(3) y:  Promoted:         -                  -                 0M (0%)            0M (0%)     
[2026-06-17T10:03:12.125+0800][0.218s][info][gc,heap     ] GC(3) y: Compacted:         -                  -                  -                 1M (3%)     
[2026-06-17T10:03:12.125+0800][0.218s][info][gc,phases   ] GC(3) y: Young Generation 50M(78%)->40M(62%) 0.012s
[2026-06-17T10:03:12.125+0800][0.219s][info][gc          ] GC(3) Minor Collection (Allocation Rate) 44M(69%)->40M(62%) 0.025s
[2026-06-17T10:03:12.126+0800][0.219s][info][gc,alloc    ] GC(2) O:                         Mark Start        Mark End      Relocate Start    Relocate End   
[2026-06-17T10:03:12.126+0800][0.219s][info][gc,alloc    ] GC(2) O: Allocation Stalls:          0                0                0                0         
[2026-06-17T10:03:12.126+0800][0.219s][info][gc,load     ] GC(2) O: Load: 0.33 (1%) / 0.42 (2%) / 0.50 (2%)
[2026-06-17T10:03:12.126+0800][0.220s][info][gc,mmu      ] GC(2) O: MMU: 2ms/99.0%, 5ms/99.4%, 10ms/99.6%, 20ms/99.7%, 50ms/99.8%, 100ms/99.8%
[2026-06-17T10:03:12.127+0800][0.220s][info][gc,marking  ] GC(2) O: Mark: 1 stripe(s), 2 proactive flush(es), 1 terminate flush(es), 0 completion(s), 0 continuation(s) 
[2026-06-17T10:03:12.127+0800][0.220s][info][gc,marking  ] GC(2) O: Mark Stack Usage: 32M
[2026-06-17T10:03:12.127+0800][0.220s][info][gc,nmethod  ] GC(2) O: NMethods: 68 registered, 2 unregistered
[2026-06-17T10:03:12.127+0800][0.221s][info][gc,metaspace] GC(2) O: Metaspace: 0M used, 0M committed, 1088M reserved
[2026-06-17T10:03:12.127+0800][0.221s][info][gc,ref      ] GC(2) O:                       Encountered   Discovered     Enqueued 
[2026-06-17T10:03:12.128+0800][0.221s][info][gc,ref      ] GC(2) O: Soft References:                2            0            0 
[2026-06-17T10:03:12.128+0800][0.221s][info][gc,ref      ] GC(2) O: Weak References:                6            0            0 
[2026-06-17T10:03:12.128+0800][0.221s][info][gc,ref      ] GC(2) O: Final References:               0            0            0 
[2026-06-17T10:03:12.128+0800][0.222s][info][gc,ref      ] GC(2) O: Phantom References:             1            1            0 
[2026-06-17T10:03:12.128+0800][0.222s][info][gc,reloc    ] GC(2) O:                        Candidates     Selected     In-Place         Size        Empty    Relocated 
[2026-06-17T10:03:12.129+0800][0.222s][info][gc,reloc    ] GC(2) O: Small Pages:                    2            1            0           4M           0M           1M 
[2026-06-17T10:03:12.129+0800][0.222s][info][gc,reloc    ] GC(2) O: Large Pages:                    3            0            0           6M           0M           0M 
[2026-06-17T10:03:12.129+0800][0.222s][info][gc,reloc    ] GC(2) O: Forwarding Usage: 0M
[2026-06-17T10:03:12.129+0800][0.223s][info][gc,heap     ] GC(2) O: Min Capacity: 64M(100%)
[2026-06-17T10:03:12.129+0800][0.223s][info][gc,heap     ] GC(2) O: Max Capacity: 64M(100%)
[2026-06-17T10:03:12.130+0800][0.223s][info][gc,heap     ] GC(2) O: Soft Max Capacity: 64M(100%)
[2026-06-17T10:03:12.130+0800][0.223s][info][gc,heap     ] GC(2) O: Heap Statistics:
[2026-06-17T10:03:12.130+0800][0.223s][info][gc,heap     ] GC(2) O:                Mark Start          Mark End        Relocate Start      Relocate End           High               Low         
[2026-06-17T10:03:12.130+0800][0.224s][info][gc,heap     ] GC(2) O:  Capacity:       64M (100%)         64M (100%)         64M (100%)         64M (100%)         64M (100%)         64M (100%)   
[2026-06-17T10:03:12.130+0800][0.224s][info][gc,heap     ] GC(2) O:      Free:       26M (41%)          28M (44%)          20M (31%)          22M (34%)          28M (44%)          18M (28%)    
[2026-06-17T10:03:12.131+0800][0.224s][info][gc,heap     ] GC(2) O:      Used:       38M (59%)          36M (56%)          44M (69%)          42M (66%)          46M (72%)          36M (56%)    
[2026-06-17T10:03:12.131+0800][0.224s][info][gc,heap     ] GC(2) O: Old Generation Statistics:
[2026-06-17T10:03:12.131+0800][0.225s][info][gc,heap     ] GC(2) O:                Mark Start          Mark End        Relocate Start      Relocate End    
[2026-06-17T10:03:12.132+0800][0.225s][info][gc,heap     ] GC(2) O:      Used:       10M (16%)          10M (16%)          10M (16%)           8M (12%)    
[2026-06-17T10:03:12.132+0800][0.225s][info][gc,heap     ] GC(2) O:      Live:         -                 7M (12%)           7M (12%)           7M (12%)    
[2026-06-17T10:03:12.132+0800][0.225s][info][gc,heap     ] GC(2) O:   Garbage:         -                 2M (4%)            2M (4%)            0M (0%)     
[2026-06-17T10:03:12.132+0800][0.226s][info][gc,heap     ] GC(2) O: Allocated:         -                 0M (0%)            0M (0%)            0M (1%)     
[2026-06-17T10:03:12.133+0800][0.226s][info][gc,heap     ] GC(2) O: Reclaimed:         -                  -                 0M (0%)            2M (4%)     
[2026-06-17T10:03:12.133+0800][0.226s][info][gc,heap     ] GC(2) O: Compacted:         -                  -                  -                 1M (2%)     
[2026-06-17T10:03:12.133+0800][0.226s][info][gc,phases   ] GC(2) O: Old Generation 36M(56%)->42M(66%) 0.047s
[2026-06-17T10:03:12.133+0800][0.227s][info][gc          ] GC(2) Major Collection (Warmup) 34M(53%)->44M(69%) 0.063s
[2026-06-17T10:03:12.137+0800][0.231s][info][gc          ] GC(4) Minor Collection (Allocation Rate)
[2026-06-17T10:03:12.138+0800][0.231s][info][gc,task     ] GC(4) Using 1 Workers for Young Generation
[2026-06-17T10:03:12.138+0800][0.231s][info][gc,phases   ] GC(4) y: Young Generation
[2026-06-17T10:03:12.138+0800][0.231s][info][gc,phases   ] GC(4) y: Pause Mark Start 0.013ms
[2026-06-17T10:03:12.139+0800][0.232s][info][gc,phases   ] GC(4) y: Concurrent Mark 0.509ms
[2026-06-17T10:03:12.139+0800][0.232s][info][gc,phases   ] GC(4) y: Pause Mark End 0.006ms
[2026-06-17T10:03:12.139+0800][0.233s][info][gc,phases   ] GC(4) y: Concurrent Mark Free 0.000ms
[2026-06-17T10:03:12.140+0800][0.233s][info][gc,phases   ] GC(4) y: Concurrent Reset Relocation Set 0.000ms
[2026-06-17T10:03:12.140+0800][0.234s][info][gc,reloc    ] GC(4) y: Using tenuring threshold: 1 (Computed)
[2026-06-17T10:03:12.141+0800][0.234s][info][gc,phases   ] GC(4) y: Concurrent Select Relocation Set 1.051ms
[2026-06-17T10:03:12.141+0800][0.234s][info][gc,phases   ] GC(4) y: Pause Relocate Start 0.007ms
[2026-06-17T10:03:12.142+0800][0.235s][info][gc,phases   ] GC(4) y: Concurrent Relocate 0.508ms
[2026-06-17T10:03:12.142+0800][0.235s][info][gc,alloc    ] GC(4) y:                         Mark Start        Mark End      Relocate Start    Relocate End   
[2026-06-17T10:03:12.142+0800][0.236s][info][gc,alloc    ] GC(4) y: Allocation Stalls:          0                0                0                0         
[2026-06-17T10:03:12.143+0800][0.236s][info][gc,load     ] GC(4) y: Load: 0.33 (1%) / 0.42 (2%) / 0.50 (2%)
[2026-06-17T10:03:12.143+0800][0.236s][info][gc,mmu      ] GC(4) y: MMU: 2ms/99.0%, 5ms/99.4%, 10ms/99.6%, 20ms/99.7%, 50ms/99.8%, 100ms/99.8%
[2026-06-17T10:03:12.143+0800][0.236s][info][gc,marking  ] GC(4) y: Mark: 1 stripe(s), 1 proactive flush(es), 1 terminate flush(es), 0 completion(s), 0 continuation(s) 
[2026-06-17T10:03:12.143+0800][0.237s][info][gc,marking  ] GC(4) y: Mark Stack Usage: 32M
[2026-06-17T10:03:12.144+0800][0.237s][info][gc,nmethod  ] GC(4) y: NMethods: 68 registered, 2 unregistered
[2026-06-17T10:03:12.144+0800][0.237s][info][gc,metaspace] GC(4) y: Metaspace: 0M used, 0M committed, 1088M reserved
[2026-06-17T10:03:12.144+0800][0.237s][info][gc,reloc    ] GC(4) y:                        Candidates     Selected     In-Place         Size        Empty    Relocated 
[2026-06-17T10:03:12.144+0800][0.238s][info][gc,reloc    ] GC(4) y: Small Pages:                   10            3            0          20M          10M           2M 
[2026-06-17T10:03:12.145+0800][0.238s][info][gc,reloc    ] GC(4) y: Large Pages:                   14            0            0          28M           0M           0M 
[2026-06-17T10:03:12.145+0800][0.238s][info][gc,reloc    ] GC(4) y: Forwarding Usage: 0M
[2026-06-17T10:03:12.145+0800][0.238s][info][gc,reloc    ] GC(4) y: Age Table:
[2026-06-17T10:03:12.145+0800][0.239s][info][gc,reloc    ] GC(4) y:                    Live             Garbage             Small              Medium             Large        
[2026-06-17T10:03:12.145+0800][0.239s][info][gc,reloc    ] GC(4) y: Eden               8M (14%)          11M (18%)          6 / 1              0 / 0              4 / 0        
[2026-06-17T10:03:12.146+0800][0.239s][info][gc,reloc    ] GC(4) y: Survivor 1        11M (19%)           2M (3%)           2 / 1              0 / 0              5 / 0        
[2026-06-17T10:03:12.146+0800][0.239s][info][gc,reloc    ] GC(4) y: Survivor 2         8M (14%)           1M (2%)           1 / 1              0 / 0              4 / 0        
[2026-06-17T10:03:12.146+0800][0.239s][info][gc,reloc    ] GC(4) y: Survivor 3         2M (3%)            1M (3%)           1 / 0              0 / 0              1 / 0        
[2026-06-17T10:03:12.146+0800][0.240s][info][gc,heap     ] GC(4) y: Min Capacity: 64M(100%)
[2026-06-17T10:03:12.147+0800][0.240s][info][gc,heap     ] GC(4) y: Max Capacity: 64M(100%)
[2026-06-17T10:03:12.147+0800][0.240s][info][gc,heap     ] GC(4) y: Soft Max Capacity: 64M(100%)
[2026-06-17T10:03:12.147+0800][0.240s][info][gc,heap     ] GC(4) y: Heap Statistics:
[2026-06-17T10:03:12.147+0800][0.240s][info][gc,heap     ] GC(4) y:                Mark Start          Mark End        Relocate Start      Relocate End           High               Low         
[2026-06-17T10:03:12.147+0800][0.241s][info][gc,heap     ] GC(4) y:  Capacity:       64M (100%)         64M (100%)         64M (100%)         64M (100%)         64M (100%)         64M (100%)   
[2026-06-17T10:03:12.148+0800][0.241s][info][gc,heap     ] GC(4) y:      Free:        8M (12%)           8M (12%)          18M (28%)          22M (34%)          22M (34%)           8M (12%)    
[2026-06-17T10:03:12.148+0800][0.241s][info][gc,heap     ] GC(4) y:      Used:       56M (88%)          56M (88%)          46M (72%)          42M (66%)          56M (88%)          42M (66%)    
[2026-06-17T10:03:12.148+0800][0.241s][info][gc,heap     ] GC(4) y: Young Generation Statistics:
[2026-06-17T10:03:12.148+0800][0.241s][info][gc,heap     ] GC(4) y:                Mark Start          Mark End        Relocate Start      Relocate End    
[2026-06-17T10:03:12.148+0800][0.242s][info][gc,heap     ] GC(4) y:      Used:       48M (75%)          48M (75%)          18M (28%)          10M (16%)    
[2026-06-17T10:03:12.149+0800][0.242s][info][gc,heap     ] GC(4) y:      Live:         -                31M (49%)          11M (18%)           8M (14%)    
[2026-06-17T10:03:12.149+0800][0.242s][info][gc,heap     ] GC(4) y:   Garbage:         -                16M (26%)           6M (10%)           0M (0%)     
[2026-06-17T10:03:12.149+0800][0.242s][info][gc,heap     ] GC(4) y: Allocated:         -                 0M (0%)            0M (0%)            1M (2%)     
[2026-06-17T10:03:12.149+0800][0.243s][info][gc,heap     ] GC(4) y: Reclaimed:         -                  -                10M (16%)          16M (26%)    
[2026-06-17T10:03:12.150+0800][0.243s][info][gc,heap     ] GC(4) y:  Promoted:         -                  -                20M (31%)          22M (35%)    
[2026-06-17T10:03:12.150+0800][0.243s][info][gc,heap     ] GC(4) y: Compacted:         -                  -                  -                 0M (1%)     
[2026-06-17T10:03:12.150+0800][0.243s][info][gc,phases   ] GC(4) y: Young Generation 56M(88%)->42M(66%) 0.004s
[2026-06-17T10:03:12.150+0800][0.244s][info][gc          ] GC(4) Minor Collection (Allocation Rate) 46M(72%)->46M(72%) 0.013s
[2026-06-17T10:03:12.159+0800][0.252s][info][gc          ] GC(5) Minor Collection (Allocation Rate)
[2026-06-17T10:03:12.159+0800][0.252s][info][gc,task     ] GC(5) Using 1 Workers for Young Generation
[2026-06-17T10:03:12.159+0800][0.253s][info][gc,phases   ] GC(5) y: Young Generation
[2026-06-17T10:03:12.160+0800][0.253s][info][gc,phases   ] GC(5) y: Pause Mark Start 0.011ms
[2026-06-17T10:03:12.160+0800][0.254s][info][gc,phases   ] GC(5) y: Concurrent Mark 0.408ms
[2026-06-17T10:03:12.161+0800][0.254s][info][gc,phases   ] GC(5) y: Pause Mark End 0.005ms
[2026-06-17T10:03:12.161+0800][0.254s][info][gc,phases   ] GC(5) y: Concurrent Mark Free 0.000ms
[2026-06-17T10:03:12.162+0800][0.255s][info][gc,phases   ] GC(5) y: Concurrent Reset Relocation Set 0.005ms
[2026-06-17T10:03:12.163+0800][0.256s][info][gc,reloc    ] GC(5) y: Using tenuring threshold: 2 (Computed)
[2026-06-17T10:03:12.163+0800][0.256s][info][gc,phases   ] GC(5) y: Concurrent Select Relocation Set 1.022ms
[2026-06-17T10:03:12.163+0800][0.257s][info][gc,phases   ] GC(5) y: Pause Relocate Start 0.007ms
[2026-06-17T10:03:12.164+0800][0.257s][info][gc,phases   ] GC(5) y: Concurrent Relocate 0.091ms
[2026-06-17T10:03:12.164+0800][0.257s][info][gc,alloc    ] GC(5) y:                         Mark Start        Mark End      Relocate Start    Relocate End   
[2026-06-17T10:03:12.164+0800][0.257s][info][gc,alloc    ] GC(5) y: Allocation Stalls:          0                0                0                0         
[2026-06-17T10:03:12.164+0800][0.258s][info][gc,load     ] GC(5) y: Load: 0.33 (1%) / 0.42 (2%) / 0.50 (2%)
[2026-06-17T10:03:12.164+0800][0.258s][info][gc,mmu      ] GC(5) y: MMU: 2ms/99.0%, 5ms/99.4%, 10ms/99.6%, 20ms/99.7%, 50ms/99.8%, 100ms/99.8%
[2026-06-17T10:03:12.165+0800][0.258s][info][gc,marking  ] GC(5) y: Mark: 1 stripe(s), 1 proactive flush(es), 1 terminate flush(es), 0 completion(s), 0 continuation(s) 
[2026-06-17T10:03:12.165+0800][0.258s][info][gc,marking  ] GC(5) y: Mark Stack Usage: 32M
[2026-06-17T10:03:12.165+0800][0.258s][info][gc,nmethod  ] GC(5) y: NMethods: 69 registered, 2 unregistered
[2026-06-17T10:03:12.165+0800][0.259s][info][gc,metaspace] GC(5) y: Metaspace: 0M used, 0M committed, 1088M reserved
[2026-06-17T10:03:12.165+0800][0.259s][info][gc,reloc    ] GC(5) y:                        Candidates     Selected     In-Place         Size        Empty    Relocated 
[2026-06-17T10:03:12.166+0800][0.259s][info][gc,reloc    ] GC(5) y: Small Pages:                    5            0            0          10M           8M           0M 
[2026-06-17T10:03:12.166+0800][0.259s][info][gc,reloc    ] GC(5) y: Large Pages:                    4            0            0           8M           0M           0M 
[2026-06-17T10:03:12.166+0800][0.259s][info][gc,reloc    ] GC(5) y: Forwarding Usage: 0M
[2026-06-17T10:03:12.166+0800][0.259s][info][gc,reloc    ] GC(5) y: Age Table:
[2026-06-17T10:03:12.166+0800][0.260s][info][gc,reloc    ] GC(5) y:                    Live             Garbage             Small              Medium             Large        
[2026-06-17T10:03:12.167+0800][0.260s][info][gc,reloc    ] GC(5) y: Eden                -                 8M (12%)          4 / 0              0 / 0              0 / 0        
[2026-06-17T10:03:12.167+0800][0.260s][info][gc,reloc    ] GC(5) y: Survivor 1         8M (14%)           1M (2%)           1 / 0              0 / 0              4 / 0        
[2026-06-17T10:03:12.167+0800][0.260s][info][gc,heap     ] GC(5) y: Min Capacity: 64M(100%)
[2026-06-17T10:03:12.167+0800][0.261s][info][gc,heap     ] GC(5) y: Max Capacity: 64M(100%)
[2026-06-17T10:03:12.168+0800][0.261s][info][gc,heap     ] GC(5) y: Soft Max Capacity: 64M(100%)
[2026-06-17T10:03:12.168+0800][0.261s][info][gc,heap     ] GC(5) y: Heap Statistics:
[2026-06-17T10:03:12.168+0800][0.261s][info][gc,heap     ] GC(5) y:                Mark Start          Mark End        Relocate Start      Relocate End           High               Low         
[2026-06-17T10:03:12.168+0800][0.261s][info][gc,heap     ] GC(5) y:  Capacity:       64M (100%)         64M (100%)         64M (100%)         64M (100%)         64M (100%)         64M (100%)   
[2026-06-17T10:03:12.168+0800][0.262s][info][gc,heap     ] GC(5) y:      Free:       14M (22%)          14M (22%)          22M (34%)          22M (34%)          22M (34%)          14M (22%)    
[2026-06-17T10:03:12.169+0800][0.262s][info][gc,heap     ] GC(5) y:      Used:       50M (78%)          50M (78%)          42M (66%)          42M (66%)          50M (78%)          42M (66%)    
[2026-06-17T10:03:12.169+0800][0.262s][info][gc,heap     ] GC(5) y: Young Generation Statistics:
[2026-06-17T10:03:12.169+0800][0.262s][info][gc,heap     ] GC(5) y:                Mark Start          Mark End        Relocate Start      Relocate End    
[2026-06-17T10:03:12.169+0800][0.263s][info][gc,heap     ] GC(5) y:      Used:       18M (28%)          18M (28%)          10M (16%)          10M (16%)    
[2026-06-17T10:03:12.170+0800][0.263s][info][gc,heap     ] GC(5) y:      Live:         -                 8M (14%)           8M (14%)           8M (14%)    
[2026-06-17T10:03:12.170+0800][0.263s][info][gc,heap     ] GC(5) y:   Garbage:         -                 9M (15%)           1M (2%)            1M (2%)     
[2026-06-17T10:03:12.170+0800][0.263s][info][gc,heap     ] GC(5) y: Allocated:         -                 0M (0%)            0M (0%)            0M (0%)     
[2026-06-17T10:03:12.170+0800][0.263s][info][gc,heap     ] GC(5) y: Reclaimed:         -                  -                 8M (12%)           8M (12%)    
[2026-06-17T10:03:12.170+0800][0.264s][info][gc,heap     ] GC(5) y:  Promoted:         -                  -                 0M (0%)            0M (0%)     
[2026-06-17T10:03:12.171+0800][0.264s][info][gc,heap     ] GC(5) y: Compacted:         -                  -                  -                 0M (0%)     
[2026-06-17T10:03:12.171+0800][0.264s][info][gc,phases   ] GC(5) y: Young Generation 50M(78%)->42M(66%) 0.004s
[2026-06-17T10:03:12.171+0800][0.264s][info][gc          ] GC(5) Minor Collection (Allocation Rate) 48M(75%)->54M(84%) 0.012s
[2026-06-17T10:03:12.171+0800][0.264s][info][gc          ] GC(6) Minor Collection (Allocation Rate)
[2026-06-17T10:03:12.171+0800][0.265s][info][gc,task     ] GC(6) Using 1 Workers for Young Generation
[2026-06-17T10:03:12.172+0800][0.265s][info][gc,phases   ] GC(6) y: Young Generation
[2026-06-17T10:03:12.172+0800][0.265s][info][gc,phases   ] GC(6) y: Pause Mark Start 0.010ms
[2026-06-17T10:03:12.172+0800][0.266s][info][gc,phases   ] GC(6) y: Concurrent Mark 0.400ms
[2026-06-17T10:03:12.173+0800][0.266s][info][gc,phases   ] GC(6) y: Pause Mark End 0.004ms
[2026-06-17T10:03:12.173+0800][0.266s][info][gc,phases   ] GC(6) y: Concurrent Mark Free 0.000ms
[2026-06-17T10:03:12.173+0800][0.266s][info][gc,phases   ] GC(6) y: Concurrent Reset Relocation Set 0.000ms
[2026-06-17T10:03:12.174+0800][0.267s][info][gc,reloc    ] GC(6) y: Using tenuring threshold: 2 (Computed)
[2026-06-17T10:03:12.174+0800][0.268s][info][gc,phases   ] GC(6) y: Concurrent Select Relocation Set 1.076ms
[2026-06-17T10:03:12.175+0800][0.268s][info][gc,phases   ] GC(6) y: Pause Relocate Start 0.006ms
[2026-06-17T10:03:12.175+0800][0.269s][info][gc,phases   ] GC(6) y: Concurrent Relocate 0.248ms
[2026-06-17T10:03:12.175+0800][0.269s][info][gc,alloc    ] GC(6) y:                         Mark Start        Mark End      Relocate Start    Relocate End   
[2026-06-17T10:03:12.176+0800][0.269s][info][gc,alloc    ] GC(6) y: Allocation Stalls:          0                0                0                0         
[2026-06-17T10:03:12.176+0800][0.269s][info][gc,load     ] GC(6) y: Load: 0.33 (1%) / 0.42 (2%) / 0.50 (2%)
[2026-06-17T10:03:12.176+0800][0.269s][info][gc,mmu      ] GC(6) y: MMU: 2ms/99.0%, 5ms/99.4%, 10ms/99.6%, 20ms/99.7%, 50ms/99.8%, 100ms/99.8%
[2026-06-17T10:03:12.176+0800][0.270s][info][gc,marking  ] GC(6) y: Mark: 1 stripe(s), 1 proactive flush(es), 1 terminate flush(es), 0 completion(s), 0 continuation(s) 
[2026-06-17T10:03:12.176+0800][0.270s][info][gc,marking  ] GC(6) y: Mark Stack Usage: 32M
[2026-06-17T10:03:12.177+0800][0.270s][info][gc,nmethod  ] GC(6) y: NMethods: 69 registered, 2 unregistered
[2026-06-17T10:03:12.177+0800][0.270s][info][gc,metaspace] GC(6) y: Metaspace: 0M used, 0M committed, 1088M reserved
[2026-06-17T10:03:12.177+0800][0.270s][info][gc,reloc    ] GC(6) y:                        Candidates     Selected     In-Place         Size        Empty    Relocated 
[2026-06-17T10:03:12.177+0800][0.271s][info][gc,reloc    ] GC(6) y: Small Pages:                    4            2            0           8M           2M           1M 
[2026-06-17T10:03:12.177+0800][0.271s][info][gc,reloc    ] GC(6) y: Large Pages:                    7            0            0          14M           0M           0M 
[2026-06-17T10:03:12.178+0800][0.271s][info][gc,reloc    ] GC(6) y: Forwarding Usage: 0M
[2026-06-17T10:03:12.178+0800][0.271s][info][gc,reloc    ] GC(6) y: Age Table:
[2026-06-17T10:03:12.178+0800][0.271s][info][gc,reloc    ] GC(6) y:                    Live             Garbage             Small              Medium             Large        
[2026-06-17T10:03:12.178+0800][0.271s][info][gc,reloc    ] GC(6) y: Eden               6M (11%)           5M (8%)           3 / 1              0 / 0              3 / 0        
[2026-06-17T10:03:12.178+0800][0.272s][info][gc,reloc    ] GC(6) y: Survivor 1          -                 0M (0%)           0 / 0              0 / 0              0 / 0        
[2026-06-17T10:03:12.179+0800][0.272s][info][gc,reloc    ] GC(6) y: Survivor 2         8M (14%)           1M (2%)           1 / 1              0 / 0              4 / 0        
[2026-06-17T10:03:12.179+0800][0.272s][info][gc,heap     ] GC(6) y: Min Capacity: 64M(100%)
[2026-06-17T10:03:12.179+0800][0.272s][info][gc,heap     ] GC(6) y: Max Capacity: 64M(100%)
[2026-06-17T10:03:12.179+0800][0.273s][info][gc,heap     ] GC(6) y: Soft Max Capacity: 64M(100%)
[2026-06-17T10:03:12.180+0800][0.274s][info][gc,heap     ] GC(6) y: Heap Statistics:
[2026-06-17T10:03:12.181+0800][0.274s][info][gc,heap     ] GC(6) y:                Mark Start          Mark End        Relocate Start      Relocate End           High               Low         
[2026-06-17T10:03:12.181+0800][0.274s][info][gc,heap     ] GC(6) y:  Capacity:       64M (100%)         64M (100%)         64M (100%)         64M (100%)         64M (100%)         64M (100%)   
[2026-06-17T10:03:12.181+0800][0.275s][info][gc,heap     ] GC(6) y:      Free:       10M (16%)          10M (16%)          12M (19%)          14M (22%)          14M (22%)          10M (16%)    
[2026-06-17T10:03:12.182+0800][0.275s][info][gc,heap     ] GC(6) y:      Used:       54M (84%)          54M (84%)          52M (81%)          50M (78%)          54M (84%)          50M (78%)    
[2026-06-17T10:03:12.182+0800][0.275s][info][gc,heap     ] GC(6) y: Young Generation Statistics:
[2026-06-17T10:03:12.182+0800][0.275s][info][gc,heap     ] GC(6) y:                Mark Start          Mark End        Relocate Start      Relocate End    
[2026-06-17T10:03:12.182+0800][0.276s][info][gc,heap     ] GC(6) y:      Used:       22M (34%)          22M (34%)          12M (19%)           8M (12%)    
[2026-06-17T10:03:12.183+0800][0.276s][info][gc,heap     ] GC(6) y:      Live:         -                15M (24%)           7M (12%)           6M (11%)    
[2026-06-17T10:03:12.183+0800][0.276s][info][gc,heap     ] GC(6) y:   Garbage:         -                 6M (10%)           4M (7%)            0M (0%)     
[2026-06-17T10:03:12.183+0800][0.276s][info][gc,heap     ] GC(6) y: Allocated:         -                 0M (0%)            0M (0%)            1M (2%)     
[2026-06-17T10:03:12.183+0800][0.276s][info][gc,heap     ] GC(6) y: Reclaimed:         -                  -                 2M (3%)            6M (10%)    
[2026-06-17T10:03:12.183+0800][0.277s][info][gc,heap     ] GC(6) y:  Promoted:         -                  -                 8M (12%)           8M (14%)    
[2026-06-17T10:03:12.184+0800][0.277s][info][gc,heap     ] GC(6) y: Compacted:         -                  -                  -                 0M (1%)     
[2026-06-17T10:03:12.184+0800][0.277s][info][gc,phases   ] GC(6) y: Young Generation 54M(84%)->50M(78%) 0.004s
[2026-06-17T10:03:12.184+0800][0.277s][info][gc          ] GC(6) Minor Collection (Allocation Rate) 54M(84%)->54M(84%) 0.013s
[2026-06-17T10:03:12.184+0800][0.278s][info][gc          ] GC(7) Major Collection (Allocation Rate)
[2026-06-17T10:03:12.184+0800][0.278s][info][gc,task     ] GC(7) Using 1 Workers for Young Generation
[2026-06-17T10:03:12.185+0800][0.278s][info][gc,task     ] GC(7) Using 1 Workers for Old Generation
[2026-06-17T10:03:12.185+0800][0.278s][info][gc,phases   ] GC(7) Y: Young Generation
[2026-06-17T10:03:12.185+0800][0.278s][info][gc,phases   ] GC(7) Y: Pause Mark Start (Major) 0.012ms
[2026-06-17T10:03:12.186+0800][0.279s][info][gc,phases   ] GC(7) Y: Concurrent Mark 0.519ms
[2026-06-17T10:03:12.186+0800][0.280s][info][gc,phases   ] GC(7) Y: Pause Mark End 0.008ms
[2026-06-17T10:03:12.187+0800][0.280s][info][gc,phases   ] GC(7) Y: Concurrent Mark Free 0.001ms
[2026-06-17T10:03:12.187+0800][0.280s][info][gc,phases   ] GC(7) Y: Concurrent Reset Relocation Set 0.003ms
[2026-06-17T10:03:12.188+0800][0.281s][info][gc,reloc    ] GC(7) Y: Using tenuring threshold: 2 (Computed)
[2026-06-17T10:03:12.188+0800][0.281s][info][gc,phases   ] GC(7) Y: Concurrent Select Relocation Set 1.033ms
[2026-06-17T10:03:12.188+0800][0.282s][info][gc,phases   ] GC(7) Y: Pause Relocate Start 0.007ms
[2026-06-17T10:03:12.189+0800][0.282s][info][gc,phases   ] GC(7) Y: Concurrent Relocate 0.092ms
[2026-06-17T10:03:12.189+0800][0.282s][info][gc,alloc    ] GC(7) Y:                         Mark Start        Mark End      Relocate Start    Relocate End   
[2026-06-17T10:03:12.189+0800][0.282s][info][gc,alloc    ] GC(7) Y: Allocation Stalls:          0                0                0                0         
[2026-06-17T10:03:12.189+0800][0.283s][info][gc,load     ] GC(7) Y: Load: 0.33 (1%) / 0.42 (2%) / 0.50 (2%)
[2026-06-17T10:03:12.190+0800][0.283s][info][gc,mmu      ] GC(7) Y: MMU: 2ms/99.0%, 5ms/99.4%, 10ms/99.6%, 20ms/99.7%, 50ms/99.8%, 100ms/99.8%
[2026-06-17T10:03:12.190+0800][0.283s][info][gc,marking  ] GC(7) Y: Mark: 1 stripe(s), 1 proactive flush(es), 1 terminate flush(es), 0 completion(s), 0 continuation(s) 
[2026-06-17T10:03:12.190+0800][0.283s][info][gc,marking  ] GC(7) Y: Mark Stack Usage: 32M
[2026-06-17T10:03:12.190+0800][0.283s][info][gc,nmethod  ] GC(7) Y: NMethods: 69 registered, 2 unregistered
[2026-06-17T10:03:12.190+0800][0.284s][info][gc,metaspace] GC(7) Y: Metaspace: 0M used, 0M committed, 1088M reserved
[2026-06-17T10:03:12.190+0800][0.284s][info][gc,reloc    ] GC(7) Y:                        Candidates     Selected     In-Place         Size        Empty    Relocated 
[2026-06-17T10:03:12.191+0800][0.284s][info][gc,reloc    ] GC(7) Y: Small Pages:                    3            0            0           6M           4M           0M 
[2026-06-17T10:03:12.191+0800][0.284s][info][gc,reloc    ] GC(7) Y: Large Pages:                    3            0            0           6M           0M           0M 
[2026-06-17T10:03:12.191+0800][0.284s][info][gc,reloc    ] GC(7) Y: Forwarding Usage: 0M
[2026-06-17T10:03:12.191+0800][0.285s][info][gc,reloc    ] GC(7) Y: Age Table:
[2026-06-17T10:03:12.192+0800][0.285s][info][gc,reloc    ] GC(7) Y:                    Live             Garbage             Small              Medium             Large        
[2026-06-17T10:03:12.192+0800][0.285s][info][gc,reloc    ] GC(7) Y: Eden                -                 4M (6%)           2 / 0              0 / 0              0 / 0        
[2026-06-17T10:03:12.192+0800][0.285s][info][gc,reloc    ] GC(7) Y: Survivor 1         6M (11%)           1M (2%)           1 / 0              0 / 0              3 / 0        
[2026-06-17T10:03:12.192+0800][0.286s][info][gc,heap     ] GC(7) Y: Min Capacity: 64M(100%)
[2026-06-17T10:03:12.193+0800][0.286s][info][gc,heap     ] GC(7) Y: Max Capacity: 64M(100%)
[2026-06-17T10:03:12.193+0800][0.286s][info][gc,heap     ] GC(7) Y: Soft Max Capacity: 64M(100%)
[2026-06-17T10:03:12.193+0800][0.286s][info][gc,heap     ] GC(7) Y: Heap Statistics:
[2026-06-17T10:03:12.193+0800][0.287s][info][gc,heap     ] GC(7) Y:                Mark Start          Mark End        Relocate Start      Relocate End           High               Low         
[2026-06-17T10:03:12.193+0800][0.287s][info][gc,heap     ] GC(7) Y:  Capacity:       64M (100%)         64M (100%)         64M (100%)         64M (100%)         64M (100%)         64M (100%)   
[2026-06-17T10:03:12.194+0800][0.287s][info][gc,heap     ] GC(7) Y:      Free:       10M (16%)          10M (16%)          14M (22%)          14M (22%)          14M (22%)          10M (16%)    
[2026-06-17T10:03:12.194+0800][0.287s][info][gc,heap     ] GC(7) Y:      Used:       54M (84%)          54M (84%)          50M (78%)          50M (78%)          54M (84%)          50M (78%)    
[2026-06-17T10:03:12.194+0800][0.287s][info][gc,heap     ] GC(7) Y: Young Generation Statistics:
[2026-06-17T10:03:12.194+0800][0.288s][info][gc,heap     ] GC(7) Y:                Mark Start          Mark End        Relocate Start      Relocate End    
[2026-06-17T10:03:12.195+0800][0.288s][info][gc,heap     ] GC(7) Y:      Used:       12M (19%)          12M (19%)           8M (12%)           8M (12%)    
[2026-06-17T10:03:12.195+0800][0.288s][info][gc,heap     ] GC(7) Y:      Live:         -                 6M (11%)           6M (11%)           6M (11%)    
[2026-06-17T10:03:12.195+0800][0.288s][info][gc,heap     ] GC(7) Y:   Garbage:         -                 5M (8%)            1M (2%)            1M (2%)     
[2026-06-17T10:03:12.195+0800][0.289s][info][gc,heap     ] GC(7) Y: Allocated:         -                 0M (0%)            0M (0%)            0M (0%)     
[2026-06-17T10:03:12.195+0800][0.289s][info][gc,heap     ] GC(7) Y: Reclaimed:         -                  -                 4M (6%)            4M (6%)     
[2026-06-17T10:03:12.196+0800][0.289s][info][gc,heap     ] GC(7) Y:  Promoted:         -                  -                 0M (0%)            0M (0%)     
[2026-06-17T10:03:12.196+0800][0.289s][info][gc,heap     ] GC(7) Y: Compacted:         -                  -                  -                 0M (0%)     
[2026-06-17T10:03:12.196+0800][0.289s][info][gc,phases   ] GC(7) Y: Young Generation 54M(84%)->50M(78%) 0.004s
[2026-06-17T10:03:12.196+0800][0.290s][info][gc,phases   ] GC(7) O: Old Generation
[2026-06-17T10:03:12.198+0800][0.291s][info][gc,phases   ] GC(7) O: Concurrent Mark 1.217ms
[2026-06-17T10:03:12.198+0800][0.292s][info][gc,phases   ] GC(7) O: Pause Mark End 0.013ms
[2026-06-17T10:03:12.199+0800][0.292s][info][gc,phases   ] GC(7) O: Concurrent Mark Free 0.001ms
[2026-06-17T10:03:12.199+0800][0.293s][info][gc,phases   ] GC(7) O: Concurrent Process Non-Strong 0.401ms
[2026-06-17T10:03:12.200+0800][0.293s][info][gc,phases   ] GC(7) O: Concurrent Reset Relocation Set 0.001ms
[2026-06-17T10:03:12.200+0800][0.294s][info][gc,phases   ] GC(7) O: Concurrent Select Relocation Set 0.584ms
[2026-06-17T10:03:12.200+0800][0.294s][info][gc,task     ] GC(7) O: Using 1 Workers for Old Generation
[2026-06-17T10:03:12.213+0800][0.307s][info][gc,task     ] GC(7) O: Using 1 Workers for Old Generation
[2026-06-17T10:03:12.214+0800][0.307s][info][gc,phases   ] GC(7) O: Concurrent Remap Roots 13.304ms
[2026-06-17T10:03:12.214+0800][0.307s][info][gc,phases   ] GC(7) O: Pause Relocate Start 0.012ms
[2026-06-17T10:03:12.214+0800][0.308s][info][gc          ] GC(8) Minor Collection (Allocation Rate)
[2026-06-17T10:03:12.214+0800][0.308s][info][gc,task     ] GC(8) Using 1 Workers for Young Generation
[2026-06-17T10:03:12.215+0800][0.308s][info][gc,phases   ] GC(8) y: Young Generation
[2026-06-17T10:03:12.214+0800][0.308s][info][gc          ] Allocation Stall (main) 12.526ms
[2026-06-17T10:03:12.214+0800][0.308s][info][gc,phases   ] GC(7) O: Concurrent Relocate 0.250ms
[2026-06-17T10:03:12.215+0800][0.309s][info][gc,phases   ] GC(8) y: Pause Mark Start 0.009ms
[2026-06-17T10:03:12.216+0800][0.309s][info][gc,phases   ] GC(8) y: Concurrent Mark 0.730ms
[2026-06-17T10:03:12.217+0800][0.310s][info][gc,phases   ] GC(8) y: Pause Mark End 0.008ms
[2026-06-17T10:03:12.217+0800][0.310s][info][gc,phases   ] GC(8) y: Concurrent Mark Free 0.001ms
[2026-06-17T10:03:12.217+0800][0.311s][info][gc,phases   ] GC(8) y: Concurrent Reset Relocation Set 0.001ms
[2026-06-17T10:03:12.218+0800][0.311s][info][gc,reloc    ] GC(8) y: Using tenuring threshold: 2 (Computed)
[2026-06-17T10:03:12.218+0800][0.311s][info][gc          ] Allocation Stall (main) 2.573ms
[2026-06-17T10:03:12.219+0800][0.312s][info][gc,phases   ] GC(8) y: Concurrent Select Relocation Set 1.004ms
[2026-06-17T10:03:12.219+0800][0.312s][info][gc,phases   ] GC(8) y: Pause Relocate Start 0.007ms
[2026-06-17T10:03:12.219+0800][0.313s][info][gc,phases   ] GC(8) y: Concurrent Relocate 0.147ms
[2026-06-17T10:03:12.219+0800][0.313s][info][gc,alloc    ] GC(8) y:                         Mark Start        Mark End      Relocate Start    Relocate End   
[2026-06-17T10:03:12.219+0800][0.313s][info][gc,alloc    ] GC(8) y: Allocation Stalls:          0                1                0                1         
[2026-06-17T10:03:12.220+0800][0.313s][info][gc,load     ] GC(8) y: Load: 0.33 (1%) / 0.42 (2%) / 0.50 (2%)
[2026-06-17T10:03:12.220+0800][0.313s][info][gc,mmu      ] GC(8) y: MMU: 2ms/98.9%, 5ms/99.3%, 10ms/99.6%, 20ms/99.7%, 50ms/99.8%, 100ms/99.8%
[2026-06-17T10:03:12.220+0800][0.313s][info][gc,marking  ] GC(8) y: Mark: 1 stripe(s), 2 proactive flush(es), 1 terminate flush(es), 0 completion(s), 0 continuation(s) 
[2026-06-17T10:03:12.220+0800][0.313s][info][gc,marking  ] GC(8) y: Mark Stack Usage: 32M
[2026-06-17T10:03:12.220+0800][0.313s][info][gc,nmethod  ] GC(8) y: NMethods: 68 registered, 3 unregistered
[2026-06-17T10:03:12.220+0800][0.313s][info][gc,metaspace] GC(8) y: Metaspace: 0M used, 0M committed, 1088M reserved
[2026-06-17T10:03:12.220+0800][0.313s][info][gc,reloc    ] GC(8) y:                        Candidates     Selected     In-Place         Size        Empty    Relocated 
[2026-06-17T10:03:12.220+0800][0.314s][info][gc,reloc    ] GC(8) y: Small Pages:                    5            1            2          10M           6M           0M 
[2026-06-17T10:03:12.220+0800][0.314s][info][gc,reloc    ] GC(8) y: Large Pages:                    7            0            0          14M           0M           0M 
[2026-06-17T10:03:12.221+0800][0.314s][info][gc,reloc    ] GC(8) y: Forwarding Usage: 0M
[2026-06-17T10:03:12.221+0800][0.314s][info][gc,reloc    ] GC(8) y: Age Table:
[2026-06-17T10:03:12.221+0800][0.314s][info][gc,reloc    ] GC(8) y:                    Live             Garbage             Small              Medium             Large        
[2026-06-17T10:03:12.221+0800][0.314s][info][gc,reloc    ] GC(8) y: Eden               8M (13%)           7M (12%)          4 / 0              0 / 0              4 / 0        
[2026-06-17T10:03:12.221+0800][0.314s][info][gc,reloc    ] GC(8) y: Survivor 1          -                 0M (0%)           0 / 0              0 / 0              0 / 0        
[2026-06-17T10:03:12.221+0800][0.314s][info][gc,reloc    ] GC(8) y: Survivor 2         6M (11%)           1M (2%)           1 / 1              0 / 0              3 / 0        
[2026-06-17T10:03:12.221+0800][0.314s][info][gc,heap     ] GC(8) y: Min Capacity: 64M(100%)
[2026-06-17T10:03:12.221+0800][0.314s][info][gc,heap     ] GC(8) y: Max Capacity: 64M(100%)
[2026-06-17T10:03:12.221+0800][0.314s][info][gc,heap     ] GC(8) y: Soft Max Capacity: 64M(100%)
[2026-06-17T10:03:12.221+0800][0.315s][info][gc,heap     ] GC(8) y: Heap Statistics:
[2026-06-17T10:03:12.221+0800][0.315s][info][gc,heap     ] GC(8) y:                Mark Start          Mark End        Relocate Start      Relocate End           High               Low         
[2026-06-17T10:03:12.221+0800][0.315s][info][gc,heap     ] GC(8) y:  Capacity:       64M (100%)         64M (100%)         64M (100%)         64M (100%)         64M (100%)         64M (100%)   
[2026-06-17T10:03:12.221+0800][0.315s][info][gc,heap     ] GC(8) y:      Free:        0M (0%)            0M (0%)            2M (3%)            0M (0%)            6M (9%)            0M (0%)     
[2026-06-17T10:03:12.222+0800][0.315s][info][gc,heap     ] GC(8) y:      Used:       64M (100%)         64M (100%)         62M (97%)          64M (100%)         64M (100%)         58M (91%)    
[2026-06-17T10:03:12.222+0800][0.315s][info][gc,heap     ] GC(8) y: Young Generation Statistics:
[2026-06-17T10:03:12.222+0800][0.315s][info][gc,heap     ] GC(8) y:                Mark Start          Mark End        Relocate Start      Relocate End    
[2026-06-17T10:03:12.222+0800][0.315s][info][gc,heap     ] GC(8) y:      Used:       24M (38%)          24M (38%)          16M (25%)          16M (25%)    
[2026-06-17T10:03:12.222+0800][0.315s][info][gc,heap     ] GC(8) y:      Live:         -                14M (23%)           8M (14%)           8M (13%)    
[2026-06-17T10:03:12.222+0800][0.315s][info][gc,heap     ] GC(8) y:   Garbage:         -                 9M (14%)           3M (5%)            0M (0%)     
[2026-06-17T10:03:12.222+0800][0.316s][info][gc,heap     ] GC(8) y: Allocated:         -                 0M (0%)            4M (6%)            7M (12%)    
[2026-06-17T10:03:12.222+0800][0.316s][info][gc,heap     ] GC(8) y: Reclaimed:         -                  -                 6M (9%)            9M (14%)    
[2026-06-17T10:03:12.223+0800][0.316s][info][gc,heap     ] GC(8) y:  Promoted:         -                  -                 6M (9%)            6M (11%)    
[2026-06-17T10:03:12.223+0800][0.316s][info][gc,heap     ] GC(8) y: Compacted:         -                  -                  -                 0M (0%)     
[2026-06-17T10:03:12.223+0800][0.316s][info][gc,phases   ] GC(8) y: Young Generation 64M(100%)->64M(100%) 0.005s
[2026-06-17T10:03:12.223+0800][0.316s][info][gc          ] GC(8) Minor Collection (Allocation Rate) 64M(100%)->64M(100%) 0.009s
[2026-06-17T10:03:12.223+0800][0.316s][info][gc          ] GC(9) Minor Collection (Allocation Stall)
[2026-06-17T10:03:12.223+0800][0.317s][info][gc,task     ] GC(9) Using 1 Workers for Young Generation
[2026-06-17T10:03:12.223+0800][0.317s][info][gc,phases   ] GC(9) y: Young Generation
[2026-06-17T10:03:12.224+0800][0.317s][info][gc,phases   ] GC(9) y: Pause Mark Start 0.010ms
[2026-06-17T10:03:12.224+0800][0.317s][info][gc,phases   ] GC(9) y: Concurrent Mark 0.452ms
[2026-06-17T10:03:12.224+0800][0.318s][info][gc,phases   ] GC(9) y: Pause Mark End 0.006ms
[2026-06-17T10:03:12.224+0800][0.318s][info][gc,phases   ] GC(9) y: Concurrent Mark Free 0.000ms
[2026-06-17T10:03:12.225+0800][0.318s][info][gc,phases   ] GC(9) y: Concurrent Reset Relocation Set 0.003ms
[2026-06-17T10:03:12.225+0800][0.318s][info][gc,reloc    ] GC(9) y: Using tenuring threshold: 1 (Computed)
[2026-06-17T10:03:12.226+0800][0.319s][info][gc,phases   ] GC(9) y: Concurrent Select Relocation Set 0.920ms
[2026-06-17T10:03:12.226+0800][0.319s][info][gc,phases   ] GC(9) y: Pause Relocate Start 0.005ms
[2026-06-17T10:03:12.226+0800][0.319s][info][gc          ] Allocation Stall (main) 6.739ms
[2026-06-17T10:03:12.226+0800][0.319s][info][gc,phases   ] GC(9) y: Concurrent Relocate 0.159ms
[2026-06-17T10:03:12.226+0800][0.320s][info][gc,alloc    ] GC(9) y:                         Mark Start        Mark End      Relocate Start    Relocate End   
[2026-06-17T10:03:12.226+0800][0.320s][info][gc,alloc    ] GC(9) y: Allocation Stalls:          1                1                1                0         
[2026-06-17T10:03:12.226+0800][0.320s][info][gc,load     ] GC(9) y: Load: 0.33 (1%) / 0.42 (2%) / 0.50 (2%)
[2026-06-17T10:03:12.227+0800][0.320s][info][gc,mmu      ] GC(9) y: MMU: 2ms/98.9%, 5ms/99.3%, 10ms/99.5%, 20ms/99.7%, 50ms/99.8%, 100ms/99.8%
[2026-06-17T10:03:12.227+0800][0.320s][info][gc,marking  ] GC(9) y: Mark: 1 stripe(s), 1 proactive flush(es), 1 terminate flush(es), 0 completion(s), 0 continuation(s) 
[2026-06-17T10:03:12.227+0800][0.320s][info][gc,marking  ] GC(9) y: Mark Stack Usage: 32M
[2026-06-17T10:03:12.227+0800][0.320s][info][gc,nmethod  ] GC(9) y: NMethods: 68 registered, 3 unregistered
[2026-06-17T10:03:12.227+0800][0.320s][info][gc,metaspace] GC(9) y: Metaspace: 0M used, 0M committed, 1088M reserved
[2026-06-17T10:03:12.227+0800][0.320s][info][gc,reloc    ] GC(9) y:                        Candidates     Selected     In-Place         Size        Empty    Relocated 
[2026-06-17T10:03:12.227+0800][0.320s][info][gc,reloc    ] GC(9) y: Small Pages:                    2            1            1           4M           0M           0M 
[2026-06-17T10:03:12.227+0800][0.321s][info][gc,reloc    ] GC(9) y: Large Pages:                    6            0            0          12M           0M           0M 
[2026-06-17T10:03:12.227+0800][0.321s][info][gc,reloc    ] GC(9) y: Forwarding Usage: 0M
[2026-06-17T10:03:12.227+0800][0.321s][info][gc,reloc    ] GC(9) y: Age Table:
[2026-06-17T10:03:12.228+0800][0.321s][info][gc,reloc    ] GC(9) y:                    Live             Garbage             Small              Medium             Large        
[2026-06-17T10:03:12.228+0800][0.321s][info][gc,reloc    ] GC(9) y: Eden               4M (6%)            0M (0%)           0 / 0              0 / 0              2 / 0        
[2026-06-17T10:03:12.228+0800][0.321s][info][gc,reloc    ] GC(9) y: Survivor 1         8M (13%)           3M (6%)           2 / 1              0 / 0              4 / 0        
[2026-06-17T10:03:12.228+0800][0.321s][info][gc,heap     ] GC(9) y: Min Capacity: 64M(100%)
[2026-06-17T10:03:12.228+0800][0.321s][info][gc,heap     ] GC(9) y: Max Capacity: 64M(100%)
[2026-06-17T10:03:12.228+0800][0.322s][info][gc,heap     ] GC(9) y: Soft Max Capacity: 64M(100%)
[2026-06-17T10:03:12.228+0800][0.322s][info][gc,heap     ] GC(9) y: Heap Statistics:
[2026-06-17T10:03:12.228+0800][0.322s][info][gc,heap     ] GC(9) y:                Mark Start          Mark End        Relocate Start      Relocate End           High               Low         
[2026-06-17T10:03:12.229+0800][0.322s][info][gc,heap     ] GC(9) y:  Capacity:       64M (100%)         64M (100%)         64M (100%)         64M (100%)         64M (100%)         64M (100%)   
[2026-06-17T10:03:12.229+0800][0.322s][info][gc,heap     ] GC(9) y:      Free:        0M (0%)            0M (0%)            0M (0%)            0M (0%)            2M (3%)            0M (0%)     
[2026-06-17T10:03:12.229+0800][0.322s][info][gc,heap     ] GC(9) y:      Used:       64M (100%)         64M (100%)         64M (100%)         64M (100%)         64M (100%)         62M (97%)    
[2026-06-17T10:03:12.229+0800][0.322s][info][gc,heap     ] GC(9) y: Young Generation Statistics:
[2026-06-17T10:03:12.229+0800][0.322s][info][gc,heap     ] GC(9) y:                Mark Start          Mark End        Relocate Start      Relocate End    
[2026-06-17T10:03:12.229+0800][0.322s][info][gc,heap     ] GC(9) y:      Used:       16M (25%)          16M (25%)           8M (12%)           4M (6%)     
[2026-06-17T10:03:12.229+0800][0.323s][info][gc,heap     ] GC(9) y:      Live:         -                12M (19%)           4M (6%)            4M (6%)     
[2026-06-17T10:03:12.229+0800][0.323s][info][gc,heap     ] GC(9) y:   Garbage:         -                 3M (6%)            3M (6%)            0M (0%)     
[2026-06-17T10:03:12.229+0800][0.323s][info][gc,heap     ] GC(9) y: Allocated:         -                 0M (0%)            0M (0%)            0M (0%)     
[2026-06-17T10:03:12.230+0800][0.323s][info][gc,heap     ] GC(9) y: Reclaimed:         -                  -                 0M (0%)            3M (6%)     
[2026-06-17T10:03:12.230+0800][0.323s][info][gc,heap     ] GC(9) y:  Promoted:         -                  -                 8M (12%)           8M (13%)    
[2026-06-17T10:03:12.230+0800][0.323s][info][gc,heap     ] GC(9) y: Compacted:         -                  -                  -                 0M (0%)     
[2026-06-17T10:03:12.230+0800][0.323s][info][gc,phases   ] GC(9) y: Young Generation 64M(100%)->64M(100%) 0.003s
[2026-06-17T10:03:12.230+0800][0.323s][info][gc          ] GC(9) Minor Collection (Allocation Stall) 64M(100%)->64M(100%) 0.007s
[2026-06-17T10:03:12.230+0800][0.323s][info][gc          ] GC(10) Minor Collection (Allocation Stall)
[2026-06-17T10:03:12.230+0800][0.323s][info][gc,task     ] GC(10) Using 1 Workers for Young Generation
[2026-06-17T10:03:12.230+0800][0.324s][info][gc,phases   ] GC(10) y: Young Generation
[2026-06-17T10:03:12.230+0800][0.324s][info][gc,phases   ] GC(10) y: Pause Mark Start 0.009ms
[2026-06-17T10:03:12.231+0800][0.324s][info][gc,phases   ] GC(10) y: Concurrent Mark 0.444ms
[2026-06-17T10:03:12.231+0800][0.324s][info][gc,phases   ] GC(10) y: Pause Mark End 0.005ms
[2026-06-17T10:03:12.231+0800][0.325s][info][gc,phases   ] GC(10) y: Concurrent Mark Free 0.000ms
[2026-06-17T10:03:12.231+0800][0.325s][info][gc,phases   ] GC(10) y: Concurrent Reset Relocation Set 0.004ms
[2026-06-17T10:03:12.232+0800][0.325s][info][gc,reloc    ] GC(10) y: Using tenuring threshold: 1 (Computed)
[2026-06-17T10:03:12.232+0800][0.326s][info][gc,phases   ] GC(10) y: Concurrent Select Relocation Set 0.842ms
[2026-06-17T10:03:12.232+0800][0.326s][info][gc,phases   ] GC(10) y: Pause Relocate Start 0.004ms
[2026-06-17T10:03:12.233+0800][0.326s][info][gc,phases   ] GC(10) y: Concurrent Relocate 0.090ms
[2026-06-17T10:03:12.233+0800][0.326s][info][gc,alloc    ] GC(10) y:                         Mark Start        Mark End      Relocate Start    Relocate End   
[2026-06-17T10:03:12.233+0800][0.326s][info][gc,alloc    ] GC(10) y: Allocation Stalls:          1                1                1                1         
[2026-06-17T10:03:12.233+0800][0.326s][info][gc,load     ] GC(10) y: Load: 0.33 (1%) / 0.42 (2%) / 0.50 (2%)
[2026-06-17T10:03:12.233+0800][0.326s][info][gc,mmu      ] GC(10) y: MMU: 2ms/98.9%, 5ms/99.3%, 10ms/99.5%, 20ms/99.6%, 50ms/99.8%, 100ms/99.8%
[2026-06-17T10:03:12.233+0800][0.326s][info][gc,marking  ] GC(10) y: Mark: 1 stripe(s), 1 proactive flush(es), 1 terminate flush(es), 0 completion(s), 0 continuation(s) 
[2026-06-17T10:03:12.233+0800][0.326s][info][gc,marking  ] GC(10) y: Mark Stack Usage: 32M
[2026-06-17T10:03:12.233+0800][0.326s][info][gc,nmethod  ] GC(10) y: NMethods: 68 registered, 3 unregistered
[2026-06-17T10:03:12.233+0800][0.327s][info][gc,metaspace] GC(10) y: Metaspace: 0M used, 0M committed, 1088M reserved
[2026-06-17T10:03:12.233+0800][0.327s][info][gc,reloc    ] GC(10) y:                        Candidates     Selected     In-Place         Size        Empty    Relocated 
[2026-06-17T10:03:12.233+0800][0.327s][info][gc,reloc    ] GC(10) y: Small Pages:                    1            0            0           2M           0M           0M 
[2026-06-17T10:03:12.234+0800][0.327s][info][gc,reloc    ] GC(10) y: Large Pages:                    2            0            0           4M           0M           0M 
[2026-06-17T10:03:12.234+0800][0.327s][info][gc,reloc    ] GC(10) y: Forwarding Usage: 0M
[2026-06-17T10:03:12.234+0800][0.327s][info][gc,reloc    ] GC(10) y: Age Table:
[2026-06-17T10:03:12.234+0800][0.327s][info][gc,reloc    ] GC(10) y:                    Live             Garbage             Small              Medium             Large        
[2026-06-17T10:03:12.234+0800][0.327s][info][gc,reloc    ] GC(10) y: Eden               0M (0%)            1M (3%)           1 / 0              0 / 0              0 / 0        
[2026-06-17T10:03:12.234+0800][0.328s][info][gc,reloc    ] GC(10) y: Survivor 1         4M (6%)            0M (0%)           0 / 0              0 / 0              2 / 0        
[2026-06-17T10:03:12.234+0800][0.328s][info][gc,heap     ] GC(10) y: Min Capacity: 64M(100%)
[2026-06-17T10:03:12.234+0800][0.328s][info][gc,heap     ] GC(10) y: Max Capacity: 64M(100%)
[2026-06-17T10:03:12.235+0800][0.328s][info][gc,heap     ] GC(10) y: Soft Max Capacity: 64M(100%)
[2026-06-17T10:03:12.235+0800][0.328s][info][gc,heap     ] GC(10) y: Heap Statistics:
[2026-06-17T10:03:12.235+0800][0.328s][info][gc,heap     ] GC(10) y:                Mark Start          Mark End        Relocate Start      Relocate End           High               Low         
[2026-06-17T10:03:12.235+0800][0.328s][info][gc,heap     ] GC(10) y:  Capacity:       64M (100%)         64M (100%)         64M (100%)         64M (100%)         64M (100%)         64M (100%)   
[2026-06-17T10:03:12.235+0800][0.328s][info][gc,heap     ] GC(10) y:      Free:        0M (0%)            0M (0%)            0M (0%)            0M (0%)            0M (0%)            0M (0%)     
[2026-06-17T10:03:12.235+0800][0.328s][info][gc,heap     ] GC(10) y:      Used:       64M (100%)         64M (100%)         64M (100%)         64M (100%)         64M (100%)         64M (100%)   
[2026-06-17T10:03:12.235+0800][0.329s][info][gc,heap     ] GC(10) y: Young Generation Statistics:
[2026-06-17T10:03:12.235+0800][0.329s][info][gc,heap     ] GC(10) y:                Mark Start          Mark End        Relocate Start      Relocate End    
[2026-06-17T10:03:12.236+0800][0.329s][info][gc,heap     ] GC(10) y:      Used:        6M (9%)            6M (9%)            2M (3%)            2M (3%)     
[2026-06-17T10:03:12.236+0800][0.329s][info][gc,heap     ] GC(10) y:      Live:         -                 4M (7%)            0M (0%)            0M (0%)     
[2026-06-17T10:03:12.236+0800][0.329s][info][gc,heap     ] GC(10) y:   Garbage:         -                 1M (3%)            1M (3%)            1M (3%)     
[2026-06-17T10:03:12.236+0800][0.329s][info][gc,heap     ] GC(10) y: Allocated:         -                 0M (0%)            0M (0%)            0M (0%)     
[2026-06-17T10:03:12.236+0800][0.329s][info][gc,heap     ] GC(10) y: Reclaimed:         -                  -                 0M (0%)            0M (0%)     
[2026-06-17T10:03:12.236+0800][0.329s][info][gc,heap     ] GC(10) y:  Promoted:         -                  -                 4M (6%)            4M (6%)     
[2026-06-17T10:03:12.236+0800][0.329s][info][gc,heap     ] GC(10) y: Compacted:         -                  -                  -                 0M (0%)     
[2026-06-17T10:03:12.236+0800][0.330s][info][gc,phases   ] GC(10) y: Young Generation 64M(100%)->64M(100%) 0.002s
[2026-06-17T10:03:12.236+0800][0.330s][info][gc          ] GC(10) Minor Collection (Allocation Stall) 64M(100%)->64M(100%) 0.006s
[2026-06-17T10:03:12.236+0800][0.330s][info][gc,alloc    ] GC(7) O:                         Mark Start        Mark End      Relocate Start    Relocate End   
[2026-06-17T10:03:12.236+0800][0.330s][info][gc,alloc    ] GC(7) O: Allocation Stalls:          0                0                1                0         
[2026-06-17T10:03:12.237+0800][0.330s][info][gc,load     ] GC(7) O: Load: 0.33 (1%) / 0.42 (2%) / 0.50 (2%)
[2026-06-17T10:03:12.237+0800][0.330s][info][gc,mmu      ] GC(7) O: MMU: 2ms/98.9%, 5ms/99.3%, 10ms/99.5%, 20ms/99.6%, 50ms/99.8%, 100ms/99.8%
[2026-06-17T10:03:12.237+0800][0.330s][info][gc,marking  ] GC(7) O: Mark: 1 stripe(s), 2 proactive flush(es), 1 terminate flush(es), 0 completion(s), 0 continuation(s) 
[2026-06-17T10:03:12.237+0800][0.330s][info][gc,marking  ] GC(7) O: Mark Stack Usage: 32M
[2026-06-17T10:03:12.237+0800][0.330s][info][gc,nmethod  ] GC(7) O: NMethods: 68 registered, 3 unregistered
[2026-06-17T10:03:12.237+0800][0.330s][info][gc,metaspace] GC(7) O: Metaspace: 0M used, 0M committed, 1088M reserved
[2026-06-17T10:03:12.237+0800][0.331s][info][gc,ref      ] GC(7) O:                       Encountered   Discovered     Enqueued 
[2026-06-17T10:03:12.237+0800][0.331s][info][gc,ref      ] GC(7) O: Soft References:                2            0            0 
[2026-06-17T10:03:12.237+0800][0.331s][info][gc,ref      ] GC(7) O: Weak References:                6            0            0 
[2026-06-17T10:03:12.237+0800][0.331s][info][gc,ref      ] GC(7) O: Final References:               0            0            0 
[2026-06-17T10:03:12.238+0800][0.331s][info][gc,ref      ] GC(7) O: Phantom References:             1            1            0 
[2026-06-17T10:03:12.238+0800][0.331s][info][gc,reloc    ] GC(7) O:                        Candidates     Selected     In-Place         Size        Empty    Relocated 
[2026-06-17T10:03:12.238+0800][0.331s][info][gc,reloc    ] GC(7) O: Small Pages:                    4            1            1           8M           0M           0M 
[2026-06-17T10:03:12.238+0800][0.331s][info][gc,reloc    ] GC(7) O: Large Pages:                   17            0            0          34M           0M           0M 
[2026-06-17T10:03:12.238+0800][0.331s][info][gc,reloc    ] GC(7) O: Forwarding Usage: 0M
[2026-06-17T10:03:12.238+0800][0.331s][info][gc,heap     ] GC(7) O: Min Capacity: 64M(100%)
[2026-06-17T10:03:12.238+0800][0.331s][info][gc,heap     ] GC(7) O: Max Capacity: 64M(100%)
[2026-06-17T10:03:12.238+0800][0.331s][info][gc,heap     ] GC(7) O: Soft Max Capacity: 64M(100%)
[2026-06-17T10:03:12.238+0800][0.332s][info][gc,heap     ] GC(7) O: Heap Statistics:
[2026-06-17T10:03:12.238+0800][0.332s][info][gc,heap     ] GC(7) O:                Mark Start          Mark End        Relocate Start      Relocate End           High               Low         
[2026-06-17T10:03:12.238+0800][0.332s][info][gc,heap     ] GC(7) O:  Capacity:       64M (100%)         64M (100%)         64M (100%)         64M (100%)         64M (100%)         64M (100%)   
[2026-06-17T10:03:12.239+0800][0.332s][info][gc,heap     ] GC(7) O:      Free:       10M (16%)           8M (12%)           0M (0%)            0M (0%)           14M (22%)           0M (0%)     
[2026-06-17T10:03:12.239+0800][0.332s][info][gc,heap     ] GC(7) O:      Used:       54M (84%)          56M (88%)          64M (100%)         64M (100%)         64M (100%)         50M (78%)    
[2026-06-17T10:03:12.239+0800][0.332s][info][gc,heap     ] GC(7) O: Old Generation Statistics:
[2026-06-17T10:03:12.239+0800][0.332s][info][gc,heap     ] GC(7) O:                Mark Start          Mark End        Relocate Start      Relocate End    
[2026-06-17T10:03:12.239+0800][0.332s][info][gc,heap     ] GC(7) O:      Used:       42M (66%)          42M (66%)          42M (66%)          40M (62%)    
[2026-06-17T10:03:12.239+0800][0.332s][info][gc,heap     ] GC(7) O:      Live:         -                38M (60%)          38M (60%)          38M (60%)    
[2026-06-17T10:03:12.239+0800][0.332s][info][gc,heap     ] GC(7) O:   Garbage:         -                 3M (5%)            3M (5%)            0M (1%)     
[2026-06-17T10:03:12.239+0800][0.332s][info][gc,heap     ] GC(7) O: Allocated:         -                 0M (0%)            0M (0%)            0M (1%)     
[2026-06-17T10:03:12.239+0800][0.333s][info][gc,heap     ] GC(7) O: Reclaimed:         -                  -                 0M (0%)            2M (4%)     
[2026-06-17T10:03:12.239+0800][0.333s][info][gc,heap     ] GC(7) O: Compacted:         -                  -                  -                 1M (2%)     
[2026-06-17T10:03:12.239+0800][0.333s][info][gc,phases   ] GC(7) O: Old Generation 56M(88%)->64M(100%) 0.040s
[2026-06-17T10:03:12.240+0800][0.333s][info][gc          ] GC(7) Major Collection (Allocation Rate) 54M(84%)->64M(100%) 0.055s
[2026-06-17T10:03:12.240+0800][0.333s][info][gc          ] GC(11) Major Collection (Allocation Stall)
[2026-06-17T10:03:12.240+0800][0.333s][info][gc,task     ] GC(11) Using 1 Workers for Young Generation
[2026-06-17T10:03:12.240+0800][0.333s][info][gc,task     ] GC(11) Using 1 Workers for Old Generation
[2026-06-17T10:03:12.240+0800][0.333s][info][gc,phases   ] GC(11) Y: Young Generation (Promote All)
[2026-06-17T10:03:12.240+0800][0.334s][info][gc,phases   ] GC(11) Y: Pause Mark Start 0.011ms
[2026-06-17T10:03:12.241+0800][0.334s][info][gc,phases   ] GC(11) Y: Concurrent Mark 0.554ms
[2026-06-17T10:03:12.241+0800][0.334s][info][gc,phases   ] GC(11) Y: Pause Mark End 0.007ms
[2026-06-17T10:03:12.241+0800][0.335s][info][gc,phases   ] GC(11) Y: Concurrent Mark Free 0.000ms
[2026-06-17T10:03:12.241+0800][0.335s][info][gc,phases   ] GC(11) Y: Concurrent Reset Relocation Set 0.002ms
[2026-06-17T10:03:12.242+0800][0.335s][info][gc,reloc    ] GC(11) Y: Using tenuring threshold: 0 (Promote All)
[2026-06-17T10:03:12.242+0800][0.336s][info][gc,phases   ] GC(11) Y: Concurrent Select Relocation Set 0.865ms
[2026-06-17T10:03:12.243+0800][0.336s][info][gc,phases   ] GC(11) Y: Pause Relocate Start 0.005ms
[2026-06-17T10:03:12.243+0800][0.336s][info][gc,phases   ] GC(11) Y: Concurrent Relocate 0.092ms
[2026-06-17T10:03:12.243+0800][0.336s][info][gc,alloc    ] GC(11) Y:                         Mark Start        Mark End      Relocate Start    Relocate End   
[2026-06-17T10:03:12.243+0800][0.336s][info][gc,alloc    ] GC(11) Y: Allocation Stalls:          1                1                1                1         
[2026-06-17T10:03:12.243+0800][0.336s][info][gc,load     ] GC(11) Y: Load: 0.33 (1%) / 0.42 (2%) / 0.50 (2%)
[2026-06-17T10:03:12.243+0800][0.336s][info][gc,mmu      ] GC(11) Y: MMU: 2ms/98.9%, 5ms/99.3%, 10ms/99.5%, 20ms/99.6%, 50ms/99.8%, 100ms/99.8%
[2026-06-17T10:03:12.243+0800][0.337s][info][gc,marking  ] GC(11) Y: Mark: 1 stripe(s), 1 proactive flush(es), 1 terminate flush(es), 0 completion(s), 0 continuation(s) 
[2026-06-17T10:03:12.243+0800][0.337s][info][gc,marking  ] GC(11) Y: Mark Stack Usage: 32M
[2026-06-17T10:03:12.243+0800][0.337s][info][gc,nmethod  ] GC(11) Y: NMethods: 68 registered, 3 unregistered
[2026-06-17T10:03:12.243+0800][0.337s][info][gc,metaspace] GC(11) Y: Metaspace: 0M used, 0M committed, 1088M reserved
[2026-06-17T10:03:12.244+0800][0.337s][info][gc,reloc    ] GC(11) Y:                        Candidates     Selected     In-Place         Size        Empty    Relocated 
[2026-06-17T10:03:12.244+0800][0.337s][info][gc,reloc    ] GC(11) Y: Small Pages:                    1            0            0           2M           0M           0M 
[2026-06-17T10:03:12.244+0800][0.337s][info][gc,reloc    ] GC(11) Y: Large Pages:                    0            0            0           0M           0M           0M 
[2026-06-17T10:03:12.244+0800][0.337s][info][gc,reloc    ] GC(11) Y: Forwarding Usage: 0M
[2026-06-17T10:03:12.244+0800][0.337s][info][gc,reloc    ] GC(11) Y: Age Table:
[2026-06-17T10:03:12.244+0800][0.337s][info][gc,reloc    ] GC(11) Y:                    Live             Garbage             Small              Medium             Large        
[2026-06-17T10:03:12.244+0800][0.337s][info][gc,reloc    ] GC(11) Y: Eden                -                 0M (0%)           0 / 0              0 / 0              0 / 0        
[2026-06-17T10:03:12.244+0800][0.337s][info][gc,reloc    ] GC(11) Y: Survivor 1         0M (0%)            1M (3%)           1 / 0              0 / 0              0 / 0        
[2026-06-17T10:03:12.244+0800][0.338s][info][gc,heap     ] GC(11) Y: Min Capacity: 64M(100%)
[2026-06-17T10:03:12.244+0800][0.338s][info][gc,heap     ] GC(11) Y: Max Capacity: 64M(100%)
[2026-06-17T10:03:12.244+0800][0.338s][info][gc,heap     ] GC(11) Y: Soft Max Capacity: 64M(100%)
[2026-06-17T10:03:12.244+0800][0.338s][info][gc,heap     ] GC(11) Y: Heap Statistics:
[2026-06-17T10:03:12.245+0800][0.338s][info][gc,heap     ] GC(11) Y:                Mark Start          Mark End        Relocate Start      Relocate End           High               Low         
[2026-06-17T10:03:12.245+0800][0.338s][info][gc,heap     ] GC(11) Y:  Capacity:       64M (100%)         64M (100%)         64M (100%)         64M (100%)         64M (100%)         64M (100%)   
[2026-06-17T10:03:12.245+0800][0.338s][info][gc,heap     ] GC(11) Y:      Free:        0M (0%)            0M (0%)            0M (0%)            0M (0%)            0M (0%)            0M (0%)     
[2026-06-17T10:03:12.245+0800][0.338s][info][gc,heap     ] GC(11) Y:      Used:       64M (100%)         64M (100%)         64M (100%)         64M (100%)         64M (100%)         64M (100%)   
[2026-06-17T10:03:12.245+0800][0.338s][info][gc,heap     ] GC(11) Y: Young Generation Statistics:
[2026-06-17T10:03:12.245+0800][0.338s][info][gc,heap     ] GC(11) Y:                Mark Start          Mark End        Relocate Start      Relocate End    
[2026-06-17T10:03:12.245+0800][0.338s][info][gc,heap     ] GC(11) Y:      Used:        2M (3%)            2M (3%)            0M (0%)            0M (0%)     
[2026-06-17T10:03:12.245+0800][0.339s][info][gc,heap     ] GC(11) Y:      Live:         -                 0M (0%)            0M (0%)            0M (0%)     
[2026-06-17T10:03:12.245+0800][0.339s][info][gc,heap     ] GC(11) Y:   Garbage:         -                 1M (3%)            0M (0%)            0M (0%)     
[2026-06-17T10:03:12.245+0800][0.339s][info][gc,heap     ] GC(11) Y: Allocated:         -                 0M (0%)            0M (0%)            0M (0%)     
[2026-06-17T10:03:12.245+0800][0.339s][info][gc,heap     ] GC(11) Y: Reclaimed:         -                  -                 1M (3%)            1M (3%)     
[2026-06-17T10:03:12.246+0800][0.339s][info][gc,heap     ] GC(11) Y:  Promoted:         -                  -                 0M (0%)            0M (0%)     
[2026-06-17T10:03:12.246+0800][0.339s][info][gc,heap     ] GC(11) Y: Compacted:         -                  -                  -                 0M (0%)     
[2026-06-17T10:03:12.246+0800][0.339s][info][gc,phases   ] GC(11) Y: Young Generation (Promote All) 64M(100%)->64M(100%) 0.003s
[2026-06-17T10:03:12.246+0800][0.339s][info][gc,phases   ] GC(11) Y: Young Generation (Collect Roots)
[2026-06-17T10:03:12.246+0800][0.339s][info][gc,phases   ] GC(11) Y: Pause Mark Start (Major) 0.011ms
[2026-06-17T10:03:12.247+0800][0.341s][info][gc,phases   ] GC(11) Y: Concurrent Mark 0.654ms
[2026-06-17T10:03:12.248+0800][0.341s][info][gc,phases   ] GC(11) Y: Pause Mark End 0.008ms
[2026-06-17T10:03:12.248+0800][0.341s][info][gc,phases   ] GC(11) Y: Concurrent Mark Free 0.035ms
[2026-06-17T10:03:12.248+0800][0.341s][info][gc,phases   ] GC(11) Y: Concurrent Reset Relocation Set 0.003ms
[2026-06-17T10:03:12.249+0800][0.342s][info][gc,reloc    ] GC(11) Y: Using tenuring threshold: 0 (Computed)
[2026-06-17T10:03:12.249+0800][0.342s][info][gc,phases   ] GC(11) Y: Concurrent Select Relocation Set 0.852ms
[2026-06-17T10:03:12.249+0800][0.343s][info][gc,phases   ] GC(11) Y: Pause Relocate Start 0.006ms
[2026-06-17T10:03:12.249+0800][0.343s][info][gc,phases   ] GC(11) Y: Concurrent Relocate 0.093ms
[2026-06-17T10:03:12.250+0800][0.343s][info][gc,alloc    ] GC(11) Y:                         Mark Start        Mark End      Relocate Start    Relocate End   
[2026-06-17T10:03:12.250+0800][0.343s][info][gc,alloc    ] GC(11) Y: Allocation Stalls:          1                1                1                1         
[2026-06-17T10:03:12.250+0800][0.343s][info][gc,load     ] GC(11) Y: Load: 0.33 (1%) / 0.42 (2%) / 0.50 (2%)
[2026-06-17T10:03:12.250+0800][0.343s][info][gc,mmu      ] GC(11) Y: MMU: 2ms/98.9%, 5ms/99.3%, 10ms/99.5%, 20ms/99.6%, 50ms/99.7%, 100ms/99.8%
[2026-06-17T10:03:12.250+0800][0.343s][info][gc,marking  ] GC(11) Y: Mark: 1 stripe(s), 1 proactive flush(es), 1 terminate flush(es), 0 completion(s), 0 continuation(s) 
[2026-06-17T10:03:12.250+0800][0.343s][info][gc,marking  ] GC(11) Y: Mark Stack Usage: 0M
[2026-06-17T10:03:12.250+0800][0.343s][info][gc,nmethod  ] GC(11) Y: NMethods: 68 registered, 3 unregistered
[2026-06-17T10:03:12.250+0800][0.344s][info][gc,metaspace] GC(11) Y: Metaspace: 0M used, 0M committed, 1088M reserved
[2026-06-17T10:03:12.250+0800][0.344s][info][gc,heap     ] GC(11) Y: Min Capacity: 64M(100%)
[2026-06-17T10:03:12.250+0800][0.344s][info][gc,heap     ] GC(11) Y: Max Capacity: 64M(100%)
[2026-06-17T10:03:12.251+0800][0.344s][info][gc,heap     ] GC(11) Y: Soft Max Capacity: 64M(100%)
[2026-06-17T10:03:12.251+0800][0.344s][info][gc,heap     ] GC(11) Y: Heap Statistics:
[2026-06-17T10:03:12.251+0800][0.344s][info][gc,heap     ] GC(11) Y:                Mark Start          Mark End        Relocate Start      Relocate End           High               Low         
[2026-06-17T10:03:12.251+0800][0.344s][info][gc,heap     ] GC(11) Y:  Capacity:       64M (100%)         64M (100%)         64M (100%)         64M (100%)         64M (100%)         64M (100%)   
[2026-06-17T10:03:12.251+0800][0.344s][info][gc,heap     ] GC(11) Y:      Free:        0M (0%)            0M (0%)            0M (0%)            0M (0%)            0M (0%)            0M (0%)     
[2026-06-17T10:03:12.251+0800][0.344s][info][gc,heap     ] GC(11) Y:      Used:       64M (100%)         64M (100%)         64M (100%)         64M (100%)         64M (100%)         64M (100%)   
[2026-06-17T10:03:12.251+0800][0.344s][info][gc,heap     ] GC(11) Y: Young Generation Statistics:
[2026-06-17T10:03:12.251+0800][0.345s][info][gc,heap     ] GC(11) Y:                Mark Start          Mark End        Relocate Start      Relocate End    
[2026-06-17T10:03:12.251+0800][0.345s][info][gc,heap     ] GC(11) Y:      Used:        0M (0%)            0M (0%)            0M (0%)            0M (0%)     
[2026-06-17T10:03:12.251+0800][0.345s][info][gc,heap     ] GC(11) Y:      Live:         -                 0M (0%)            0M (0%)            0M (0%)     
[2026-06-17T10:03:12.251+0800][0.345s][info][gc,heap     ] GC(11) Y:   Garbage:         -                 0M (0%)            0M (0%)            0M (0%)     
[2026-06-17T10:03:12.252+0800][0.345s][info][gc,heap     ] GC(11) Y: Allocated:         -                 0M (0%)            0M (0%)            0M (0%)     
[2026-06-17T10:03:12.252+0800][0.345s][info][gc,heap     ] GC(11) Y: Reclaimed:         -                  -                 0M (0%)            0M (0%)     
[2026-06-17T10:03:12.252+0800][0.345s][info][gc,heap     ] GC(11) Y:  Promoted:         -                  -                 0M (0%)            0M (0%)     
[2026-06-17T10:03:12.252+0800][0.345s][info][gc,heap     ] GC(11) Y: Compacted:         -                  -                  -                 0M (0%)     
[2026-06-17T10:03:12.252+0800][0.345s][info][gc,phases   ] GC(11) Y: Young Generation (Collect Roots) 64M(100%)->64M(100%) 0.004s
[2026-06-17T10:03:12.252+0800][0.346s][info][gc,phases   ] GC(11) O: Old Generation
[2026-06-17T10:03:12.253+0800][0.347s][info][gc,phases   ] GC(11) O: Concurrent Mark 1.023ms
[2026-06-17T10:03:12.254+0800][0.347s][info][gc,phases   ] GC(11) O: Pause Mark End 0.008ms
[2026-06-17T10:03:12.254+0800][0.347s][info][gc,phases   ] GC(11) O: Concurrent Mark Free 0.001ms
[2026-06-17T10:03:12.254+0800][0.347s][info][gc,ref      ] GC(11) O: Clearing All SoftReferences
[2026-06-17T10:03:12.254+0800][0.348s][info][gc,phases   ] GC(11) O: Concurrent Process Non-Strong 0.459ms
[2026-06-17T10:03:12.255+0800][0.348s][info][gc,phases   ] GC(11) O: Concurrent Reset Relocation Set 0.001ms
[2026-06-17T10:03:12.255+0800][0.349s][info][gc,phases   ] GC(11) O: Concurrent Select Relocation Set 0.582ms
[2026-06-17T10:03:12.255+0800][0.349s][info][gc,task     ] GC(11) O: Using 1 Workers for Old Generation
[2026-06-17T10:03:12.269+0800][0.362s][info][gc,task     ] GC(11) O: Using 1 Workers for Old Generation
[2026-06-17T10:03:12.269+0800][0.362s][info][gc,phases   ] GC(11) O: Concurrent Remap Roots 13.562ms
[2026-06-17T10:03:12.269+0800][0.363s][info][gc,phases   ] GC(11) O: Pause Relocate Start 0.012ms
[2026-06-17T10:03:12.269+0800][0.363s][info][gc          ] Allocation Stall (main) 43.324ms
[2026-06-17T10:03:12.270+0800][0.363s][info][gc,phases   ] GC(11) O: Concurrent Relocate 0.214ms
[2026-06-17T10:03:12.270+0800][0.363s][info][gc,alloc    ] GC(11) O:                         Mark Start        Mark End      Relocate Start    Relocate End   
[2026-06-17T10:03:12.270+0800][0.363s][info][gc,alloc    ] GC(11) O: Allocation Stalls:          1                1                1                0         
[2026-06-17T10:03:12.270+0800][0.363s][info][gc,load     ] GC(11) O: Load: 0.33 (1%) / 0.42 (2%) / 0.50 (2%)
[2026-06-17T10:03:12.270+0800][0.364s][info][gc,mmu      ] GC(11) O: MMU: 2ms/98.9%, 5ms/99.3%, 10ms/99.5%, 20ms/99.6%, 50ms/99.7%, 100ms/99.8%
[2026-06-17T10:03:12.271+0800][0.364s][info][gc,marking  ] GC(11) O: Mark: 1 stripe(s), 1 proactive flush(es), 1 terminate flush(es), 0 completion(s), 0 continuation(s) 
[2026-06-17T10:03:12.271+0800][0.364s][info][gc,marking  ] GC(11) O: Mark Stack Usage: 32M
[2026-06-17T10:03:12.271+0800][0.364s][info][gc,nmethod  ] GC(11) O: NMethods: 68 registered, 3 unregistered
[2026-06-17T10:03:12.271+0800][0.364s][info][gc,metaspace] GC(11) O: Metaspace: 0M used, 0M committed, 1088M reserved
[2026-06-17T10:03:12.271+0800][0.364s][info][gc,ref      ] GC(11) O:                       Encountered   Discovered     Enqueued 
[2026-06-17T10:03:12.271+0800][0.364s][info][gc,ref      ] GC(11) O: Soft References:                2            2            2 
[2026-06-17T10:03:12.271+0800][0.365s][info][gc,ref      ] GC(11) O: Weak References:                6            0            0 
[2026-06-17T10:03:12.271+0800][0.365s][info][gc,ref      ] GC(11) O: Final References:               0            0            0 
[2026-06-17T10:03:12.272+0800][0.365s][info][gc,ref      ] GC(11) O: Phantom References:             1            1            0 
[2026-06-17T10:03:12.272+0800][0.365s][info][gc,reloc    ] GC(11) O:                        Candidates     Selected     In-Place         Size        Empty    Relocated 
[2026-06-17T10:03:12.272+0800][0.365s][info][gc,reloc    ] GC(11) O: Small Pages:                    6            2            1          12M           0M           1M 
[2026-06-17T10:03:12.272+0800][0.365s][info][gc,reloc    ] GC(11) O: Large Pages:                   26            0            0          52M           0M           0M 
[2026-06-17T10:03:12.272+0800][0.365s][info][gc,reloc    ] GC(11) O: Forwarding Usage: 0M
[2026-06-17T10:03:12.272+0800][0.365s][info][gc,heap     ] GC(11) O: Min Capacity: 64M(100%)
[2026-06-17T10:03:12.272+0800][0.365s][info][gc,heap     ] GC(11) O: Max Capacity: 64M(100%)
[2026-06-17T10:03:12.272+0800][0.365s][info][gc,heap     ] GC(11) O: Soft Max Capacity: 64M(100%)
[2026-06-17T10:03:12.272+0800][0.366s][info][gc,heap     ] GC(11) O: Heap Statistics:
[2026-06-17T10:03:12.272+0800][0.366s][info][gc,heap     ] GC(11) O:                Mark Start          Mark End        Relocate Start      Relocate End           High               Low         
[2026-06-17T10:03:12.273+0800][0.366s][info][gc,heap     ] GC(11) O:  Capacity:       64M (100%)         64M (100%)         64M (100%)         64M (100%)         64M (100%)         64M (100%)   
[2026-06-17T10:03:12.273+0800][0.366s][info][gc,heap     ] GC(11) O:      Free:        0M (0%)            0M (0%)            0M (0%)            2M (3%)            2M (3%)            0M (0%)     
[2026-06-17T10:03:12.273+0800][0.366s][info][gc,heap     ] GC(11) O:      Used:       64M (100%)         64M (100%)         64M (100%)         62M (97%)          64M (100%)         62M (97%)    
[2026-06-17T10:03:12.273+0800][0.366s][info][gc,heap     ] GC(11) O: Old Generation Statistics:
[2026-06-17T10:03:12.273+0800][0.366s][info][gc,heap     ] GC(11) O:                Mark Start          Mark End        Relocate Start      Relocate End    
[2026-06-17T10:03:12.273+0800][0.366s][info][gc,heap     ] GC(11) O:      Used:       64M (100%)         64M (100%)         64M (100%)         60M (94%)    
[2026-06-17T10:03:12.273+0800][0.366s][info][gc,heap     ] GC(11) O:      Live:         -                57M (90%)          57M (90%)          57M (90%)    
[2026-06-17T10:03:12.273+0800][0.367s][info][gc,heap     ] GC(11) O:   Garbage:         -                 6M (10%)           6M (10%)           1M (2%)     
[2026-06-17T10:03:12.273+0800][0.367s][info][gc,heap     ] GC(11) O: Allocated:         -                 0M (0%)            0M (0%)            0M (1%)     
[2026-06-17T10:03:12.273+0800][0.367s][info][gc,heap     ] GC(11) O: Reclaimed:         -                  -                 0M (0%)            4M (8%)     
[2026-06-17T10:03:12.273+0800][0.367s][info][gc,heap     ] GC(11) O: Compacted:         -                  -                  -                 1M (2%)     
[2026-06-17T10:03:12.274+0800][0.367s][info][gc,phases   ] GC(11) O: Old Generation 64M(100%)->62M(97%) 0.017s
[2026-06-17T10:03:12.274+0800][0.367s][info][gc          ] GC(11) Major Collection (Allocation Stall) 64M(100%)->64M(100%) 0.034s
[2026-06-17T10:03:12.280+0800][0.373s][info][gc          ] GC(12) Minor Collection (Allocation Rate)
[2026-06-17T10:03:12.280+0800][0.374s][info][gc,task     ] GC(12) Using 1 Workers for Young Generation
[2026-06-17T10:03:12.281+0800][0.374s][info][gc,phases   ] GC(12) y: Young Generation
[2026-06-17T10:03:12.281+0800][0.374s][info][gc,phases   ] GC(12) y: Pause Mark Start 0.011ms
[2026-06-17T10:03:12.281+0800][0.375s][info][gc,phases   ] GC(12) y: Concurrent Mark 0.495ms
[2026-06-17T10:03:12.281+0800][0.375s][info][gc,phases   ] GC(12) y: Pause Mark End 0.005ms
[2026-06-17T10:03:12.282+0800][0.375s][info][gc,phases   ] GC(12) y: Concurrent Mark Free 0.000ms
[2026-06-17T10:03:12.282+0800][0.375s][info][gc,phases   ] GC(12) y: Concurrent Reset Relocation Set 0.001ms
[2026-06-17T10:03:12.282+0800][0.376s][info][gc,reloc    ] GC(12) y: Using tenuring threshold: 1 (Computed)
[2026-06-17T10:03:12.283+0800][0.376s][info][gc,phases   ] GC(12) y: Concurrent Select Relocation Set 0.835ms
[2026-06-17T10:03:12.283+0800][0.376s][info][gc,phases   ] GC(12) y: Pause Relocate Start 0.005ms
[2026-06-17T10:03:12.283+0800][0.376s][info][gc,phases   ] GC(12) y: Concurrent Relocate 0.089ms
[2026-06-17T10:03:12.283+0800][0.376s][info][gc,alloc    ] GC(12) y:                         Mark Start        Mark End      Relocate Start    Relocate End   
[2026-06-17T10:03:12.283+0800][0.376s][info][gc,alloc    ] GC(12) y: Allocation Stalls:          1                1                1                1         
[2026-06-17T10:03:12.283+0800][0.377s][info][gc,load     ] GC(12) y: Load: 0.33 (1%) / 0.42 (2%) / 0.50 (2%)
[2026-06-17T10:03:12.284+0800][0.377s][info][gc,mmu      ] GC(12) y: MMU: 2ms/98.9%, 5ms/99.3%, 10ms/99.5%, 20ms/99.6%, 50ms/99.7%, 100ms/99.8%
[2026-06-17T10:03:12.284+0800][0.377s][info][gc,marking  ] GC(12) y: Mark: 1 stripe(s), 1 proactive flush(es), 1 terminate flush(es), 0 completion(s), 0 continuation(s) 
[2026-06-17T10:03:12.284+0800][0.377s][info][gc,marking  ] GC(12) y: Mark Stack Usage: 32M
[2026-06-17T10:03:12.284+0800][0.377s][info][gc,nmethod  ] GC(12) y: NMethods: 68 registered, 3 unregistered
[2026-06-17T10:03:12.284+0800][0.377s][info][gc,metaspace] GC(12) y: Metaspace: 0M used, 0M committed, 1088M reserved
[2026-06-17T10:03:12.284+0800][0.377s][info][gc,reloc    ] GC(12) y:                        Candidates     Selected     In-Place         Size        Empty    Relocated 
[2026-06-17T10:03:12.284+0800][0.378s][info][gc,reloc    ] GC(12) y: Small Pages:                    1            0            0           2M           0M           0M 
[2026-06-17T10:03:12.284+0800][0.378s][info][gc,reloc    ] GC(12) y: Large Pages:                    1            0            0           2M           0M           0M 
[2026-06-17T10:03:12.284+0800][0.378s][info][gc,reloc    ] GC(12) y: Forwarding Usage: 0M
[2026-06-17T10:03:12.285+0800][0.378s][info][gc,reloc    ] GC(12) y: Age Table:
[2026-06-17T10:03:12.285+0800][0.378s][info][gc,reloc    ] GC(12) y:                    Live             Garbage             Small              Medium             Large        
[2026-06-17T10:03:12.285+0800][0.378s][info][gc,reloc    ] GC(12) y: Eden               3M (6%)            0M (0%)           1 / 0              0 / 0              1 / 0        
[2026-06-17T10:03:12.285+0800][0.378s][info][gc,heap     ] GC(12) y: Min Capacity: 64M(100%)
[2026-06-17T10:03:12.285+0800][0.378s][info][gc,heap     ] GC(12) y: Max Capacity: 64M(100%)
[2026-06-17T10:03:12.285+0800][0.378s][info][gc,heap     ] GC(12) y: Soft Max Capacity: 64M(100%)
[2026-06-17T10:03:12.285+0800][0.378s][info][gc,heap     ] GC(12) y: Heap Statistics:
[2026-06-17T10:03:12.285+0800][0.378s][info][gc,heap     ] GC(12) y:                Mark Start          Mark End        Relocate Start      Relocate End           High               Low         
[2026-06-17T10:03:12.285+0800][0.379s][info][gc,heap     ] GC(12) y:  Capacity:       64M (100%)         64M (100%)         64M (100%)         64M (100%)         64M (100%)         64M (100%)   
[2026-06-17T10:03:12.285+0800][0.379s][info][gc,heap     ] GC(12) y:      Free:        0M (0%)            0M (0%)            0M (0%)            0M (0%)            0M (0%)            0M (0%)     
[2026-06-17T10:03:12.285+0800][0.379s][info][gc,heap     ] GC(12) y:      Used:       64M (100%)         64M (100%)         64M (100%)         64M (100%)         64M (100%)         64M (100%)   
[2026-06-17T10:03:12.286+0800][0.379s][info][gc,heap     ] GC(12) y: Young Generation Statistics:
[2026-06-17T10:03:12.286+0800][0.379s][info][gc,heap     ] GC(12) y:                Mark Start          Mark End        Relocate Start      Relocate End    
[2026-06-17T10:03:12.286+0800][0.379s][info][gc,heap     ] GC(12) y:      Used:        4M (6%)            4M (6%)            4M (6%)            4M (6%)     
[2026-06-17T10:03:12.286+0800][0.379s][info][gc,heap     ] GC(12) y:      Live:         -                 3M (6%)            3M (6%)            3M (6%)     
[2026-06-17T10:03:12.286+0800][0.379s][info][gc,heap     ] GC(12) y:   Garbage:         -                 0M (0%)            0M (0%)            0M (0%)     
[2026-06-17T10:03:12.286+0800][0.379s][info][gc,heap     ] GC(12) y: Allocated:         -                 0M (0%)            0M (0%)            0M (0%)     
[2026-06-17T10:03:12.286+0800][0.379s][info][gc,heap     ] GC(12) y: Reclaimed:         -                  -                 0M (0%)            0M (0%)     
[2026-06-17T10:03:12.286+0800][0.380s][info][gc,heap     ] GC(12) y:  Promoted:         -                  -                 0M (0%)            0M (0%)     
[2026-06-17T10:03:12.286+0800][0.380s][info][gc,heap     ] GC(12) y: Compacted:         -                  -                  -                 0M (0%)     
[2026-06-17T10:03:12.286+0800][0.380s][info][gc,phases   ] GC(12) y: Young Generation 64M(100%)->64M(100%) 0.003s
[2026-06-17T10:03:12.287+0800][0.380s][info][gc          ] GC(12) Minor Collection (Allocation Rate) 64M(100%)->64M(100%) 0.007s
[2026-06-17T10:03:12.287+0800][0.380s][info][gc          ] GC(13) Major Collection (Allocation Stall)
[2026-06-17T10:03:12.287+0800][0.380s][info][gc,task     ] GC(13) Using 1 Workers for Young Generation
[2026-06-17T10:03:12.287+0800][0.380s][info][gc,task     ] GC(13) Using 1 Workers for Old Generation
[2026-06-17T10:03:12.287+0800][0.380s][info][gc,phases   ] GC(13) Y: Young Generation (Promote All)
[2026-06-17T10:03:12.287+0800][0.380s][info][gc,phases   ] GC(13) Y: Pause Mark Start 0.009ms
[2026-06-17T10:03:12.288+0800][0.381s][info][gc,phases   ] GC(13) Y: Concurrent Mark 0.459ms
[2026-06-17T10:03:12.288+0800][0.381s][info][gc,phases   ] GC(13) Y: Pause Mark End 0.005ms
[2026-06-17T10:03:12.288+0800][0.381s][info][gc,phases   ] GC(13) Y: Concurrent Mark Free 0.000ms
[2026-06-17T10:03:12.288+0800][0.381s][info][gc,phases   ] GC(13) Y: Concurrent Reset Relocation Set 0.001ms
[2026-06-17T10:03:12.289+0800][0.382s][info][gc,reloc    ] GC(13) Y: Using tenuring threshold: 0 (Promote All)
[2026-06-17T10:03:12.290+0800][0.383s][info][gc,phases   ] GC(13) Y: Concurrent Select Relocation Set 1.749ms
[2026-06-17T10:03:12.290+0800][0.383s][info][gc,phases   ] GC(13) Y: Pause Relocate Start 0.009ms
[2026-06-17T10:03:12.290+0800][0.384s][info][gc,phases   ] GC(13) Y: Concurrent Relocate 0.101ms
[2026-06-17T10:03:12.290+0800][0.384s][info][gc,alloc    ] GC(13) Y:                         Mark Start        Mark End      Relocate Start    Relocate End   
[2026-06-17T10:03:12.291+0800][0.384s][info][gc,alloc    ] GC(13) Y: Allocation Stalls:          1                1                1                1         
[2026-06-17T10:03:12.291+0800][0.384s][info][gc,load     ] GC(13) Y: Load: 0.33 (1%) / 0.42 (2%) / 0.50 (2%)
[2026-06-17T10:03:12.291+0800][0.384s][info][gc,mmu      ] GC(13) Y: MMU: 2ms/98.9%, 5ms/99.3%, 10ms/99.5%, 20ms/99.6%, 50ms/99.7%, 100ms/99.8%
[2026-06-17T10:03:12.291+0800][0.384s][info][gc,marking  ] GC(13) Y: Mark: 1 stripe(s), 1 proactive flush(es), 1 terminate flush(es), 0 completion(s), 0 continuation(s) 
[2026-06-17T10:03:12.291+0800][0.384s][info][gc,marking  ] GC(13) Y: Mark Stack Usage: 32M
[2026-06-17T10:03:12.291+0800][0.384s][info][gc,nmethod  ] GC(13) Y: NMethods: 68 registered, 3 unregistered
[2026-06-17T10:03:12.291+0800][0.385s][info][gc,metaspace] GC(13) Y: Metaspace: 0M used, 0M committed, 1088M reserved
[2026-06-17T10:03:12.291+0800][0.385s][info][gc,reloc    ] GC(13) Y:                        Candidates     Selected     In-Place         Size        Empty    Relocated 
[2026-06-17T10:03:12.291+0800][0.385s][info][gc,reloc    ] GC(13) Y: Small Pages:                    1            0            0           2M           0M           0M 
[2026-06-17T10:03:12.292+0800][0.385s][info][gc,reloc    ] GC(13) Y: Large Pages:                    1            0            0           2M           0M           0M 
[2026-06-17T10:03:12.292+0800][0.385s][info][gc,reloc    ] GC(13) Y: Forwarding Usage: 0M
[2026-06-17T10:03:12.292+0800][0.385s][info][gc,reloc    ] GC(13) Y: Age Table:
[2026-06-17T10:03:12.292+0800][0.385s][info][gc,reloc    ] GC(13) Y:                    Live             Garbage             Small              Medium             Large        
[2026-06-17T10:03:12.292+0800][0.385s][info][gc,reloc    ] GC(13) Y: Eden                -                 0M (0%)           0 / 0              0 / 0              0 / 0        
[2026-06-17T10:03:12.292+0800][0.385s][info][gc,reloc    ] GC(13) Y: Survivor 1         3M (6%)            0M (0%)           1 / 0              0 / 0              1 / 0        
[2026-06-17T10:03:12.292+0800][0.385s][info][gc,heap     ] GC(13) Y: Min Capacity: 64M(100%)
[2026-06-17T10:03:12.292+0800][0.386s][info][gc,heap     ] GC(13) Y: Max Capacity: 64M(100%)
[2026-06-17T10:03:12.292+0800][0.386s][info][gc,heap     ] GC(13) Y: Soft Max Capacity: 64M(100%)
[2026-06-17T10:03:12.292+0800][0.386s][info][gc,heap     ] GC(13) Y: Heap Statistics:
[2026-06-17T10:03:12.292+0800][0.386s][info][gc,heap     ] GC(13) Y:                Mark Start          Mark End        Relocate Start      Relocate End           High               Low         
[2026-06-17T10:03:12.293+0800][0.386s][info][gc,heap     ] GC(13) Y:  Capacity:       64M (100%)         64M (100%)         64M (100%)         64M (100%)         64M (100%)         64M (100%)   
[2026-06-17T10:03:12.293+0800][0.386s][info][gc,heap     ] GC(13) Y:      Free:        0M (0%)            0M (0%)            0M (0%)            0M (0%)            0M (0%)            0M (0%)     
[2026-06-17T10:03:12.293+0800][0.386s][info][gc,heap     ] GC(13) Y:      Used:       64M (100%)         64M (100%)         64M (100%)         64M (100%)         64M (100%)         64M (100%)   
[2026-06-17T10:03:12.293+0800][0.386s][info][gc,heap     ] GC(13) Y: Young Generation Statistics:
[2026-06-17T10:03:12.293+0800][0.386s][info][gc,heap     ] GC(13) Y:                Mark Start          Mark End        Relocate Start      Relocate End    
[2026-06-17T10:03:12.293+0800][0.386s][info][gc,heap     ] GC(13) Y:      Used:        4M (6%)            4M (6%)            0M (0%)            0M (0%)     
[2026-06-17T10:03:12.293+0800][0.386s][info][gc,heap     ] GC(13) Y:      Live:         -                 3M (6%)            0M (0%)            0M (0%)     
[2026-06-17T10:03:12.293+0800][0.386s][info][gc,heap     ] GC(13) Y:   Garbage:         -                 0M (0%)            0M (0%)            0M (0%)     
[2026-06-17T10:03:12.293+0800][0.387s][info][gc,heap     ] GC(13) Y: Allocated:         -                 0M (0%)            0M (0%)            0M (0%)     
[2026-06-17T10:03:12.293+0800][0.387s][info][gc,heap     ] GC(13) Y: Reclaimed:         -                  -                 0M (0%)            0M (0%)     
[2026-06-17T10:03:12.293+0800][0.387s][info][gc,heap     ] GC(13) Y:  Promoted:         -                  -                 3M (6%)            3M (6%)     
[2026-06-17T10:03:12.293+0800][0.387s][info][gc,heap     ] GC(13) Y: Compacted:         -                  -                  -                 0M (0%)     
[2026-06-17T10:03:12.294+0800][0.387s][info][gc,phases   ] GC(13) Y: Young Generation (Promote All) 64M(100%)->64M(100%) 0.003s
[2026-06-17T10:03:12.294+0800][0.387s][info][gc,phases   ] GC(13) Y: Young Generation (Collect Roots)
[2026-06-17T10:03:12.294+0800][0.387s][info][gc,phases   ] GC(13) Y: Pause Mark Start (Major) 0.010ms
[2026-06-17T10:03:12.294+0800][0.388s][info][gc,phases   ] GC(13) Y: Concurrent Mark 0.405ms
[2026-06-17T10:03:12.295+0800][0.388s][info][gc,phases   ] GC(13) Y: Pause Mark End 0.006ms
[2026-06-17T10:03:12.295+0800][0.388s][info][gc,phases   ] GC(13) Y: Concurrent Mark Free 0.050ms
[2026-06-17T10:03:12.295+0800][0.388s][info][gc,phases   ] GC(13) Y: Concurrent Reset Relocation Set 0.004ms
[2026-06-17T10:03:12.296+0800][0.389s][info][gc,reloc    ] GC(13) Y: Using tenuring threshold: 0 (Computed)
[2026-06-17T10:03:12.296+0800][0.390s][info][gc,phases   ] GC(13) Y: Concurrent Select Relocation Set 1.180ms
[2026-06-17T10:03:12.296+0800][0.390s][info][gc,phases   ] GC(13) Y: Pause Relocate Start 0.006ms
[2026-06-17T10:03:12.297+0800][0.390s][info][gc,phases   ] GC(13) Y: Concurrent Relocate 0.090ms
[2026-06-17T10:03:12.297+0800][0.390s][info][gc,alloc    ] GC(13) Y:                         Mark Start        Mark End      Relocate Start    Relocate End   
[2026-06-17T10:03:12.297+0800][0.390s][info][gc,alloc    ] GC(13) Y: Allocation Stalls:          1                1                1                1         
[2026-06-17T10:03:12.297+0800][0.390s][info][gc,load     ] GC(13) Y: Load: 0.33 (1%) / 0.42 (2%) / 0.50 (2%)
[2026-06-17T10:03:12.297+0800][0.390s][info][gc,mmu      ] GC(13) Y: MMU: 2ms/98.9%, 5ms/99.3%, 10ms/99.5%, 20ms/99.6%, 50ms/99.7%, 100ms/99.8%
[2026-06-17T10:03:12.297+0800][0.391s][info][gc,marking  ] GC(13) Y: Mark: 1 stripe(s), 1 proactive flush(es), 1 terminate flush(es), 0 completion(s), 0 continuation(s) 
[2026-06-17T10:03:12.297+0800][0.391s][info][gc,marking  ] GC(13) Y: Mark Stack Usage: 0M
[2026-06-17T10:03:12.297+0800][0.391s][info][gc,nmethod  ] GC(13) Y: NMethods: 68 registered, 3 unregistered
[2026-06-17T10:03:12.297+0800][0.391s][info][gc,metaspace] GC(13) Y: Metaspace: 0M used, 0M committed, 1088M reserved
[2026-06-17T10:03:12.298+0800][0.391s][info][gc,heap     ] GC(13) Y: Min Capacity: 64M(100%)
[2026-06-17T10:03:12.298+0800][0.391s][info][gc,heap     ] GC(13) Y: Max Capacity: 64M(100%)
[2026-06-17T10:03:12.298+0800][0.391s][info][gc,heap     ] GC(13) Y: Soft Max Capacity: 64M(100%)
[2026-06-17T10:03:12.298+0800][0.391s][info][gc,heap     ] GC(13) Y: Heap Statistics:
[2026-06-17T10:03:12.298+0800][0.391s][info][gc,heap     ] GC(13) Y:                Mark Start          Mark End        Relocate Start      Relocate End           High               Low         
[2026-06-17T10:03:12.298+0800][0.391s][info][gc,heap     ] GC(13) Y:  Capacity:       64M (100%)         64M (100%)         64M (100%)         64M (100%)         64M (100%)         64M (100%)   
[2026-06-17T10:03:12.298+0800][0.392s][info][gc,heap     ] GC(13) Y:      Free:        0M (0%)            0M (0%)            0M (0%)            0M (0%)            0M (0%)            0M (0%)     
[2026-06-17T10:03:12.298+0800][0.392s][info][gc,heap     ] GC(13) Y:      Used:       64M (100%)         64M (100%)         64M (100%)         64M (100%)         64M (100%)         64M (100%)   
[2026-06-17T10:03:12.298+0800][0.392s][info][gc,heap     ] GC(13) Y: Young Generation Statistics:
[2026-06-17T10:03:12.299+0800][0.392s][info][gc,heap     ] GC(13) Y:                Mark Start          Mark End        Relocate Start      Relocate End    
[2026-06-17T10:03:12.299+0800][0.392s][info][gc,heap     ] GC(13) Y:      Used:        0M (0%)            0M (0%)            0M (0%)            0M (0%)     
[2026-06-17T10:03:12.299+0800][0.392s][info][gc,heap     ] GC(13) Y:      Live:         -                 0M (0%)            0M (0%)            0M (0%)     
[2026-06-17T10:03:12.299+0800][0.392s][info][gc,heap     ] GC(13) Y:   Garbage:         -                 0M (0%)            0M (0%)            0M (0%)     
[2026-06-17T10:03:12.299+0800][0.392s][info][gc,heap     ] GC(13) Y: Allocated:         -                 0M (0%)            0M (0%)            0M (0%)     
[2026-06-17T10:03:12.299+0800][0.392s][info][gc,heap     ] GC(13) Y: Reclaimed:         -                  -                 0M (0%)            0M (0%)     
[2026-06-17T10:03:12.299+0800][0.392s][info][gc,heap     ] GC(13) Y:  Promoted:         -                  -                 0M (0%)            0M (0%)     
[2026-06-17T10:03:12.299+0800][0.392s][info][gc,heap     ] GC(13) Y: Compacted:         -                  -                  -                 0M (0%)     
[2026-06-17T10:03:12.299+0800][0.393s][info][gc,phases   ] GC(13) Y: Young Generation (Collect Roots) 64M(100%)->64M(100%) 0.003s
[2026-06-17T10:03:12.299+0800][0.393s][info][gc,phases   ] GC(13) O: Old Generation
[2026-06-17T10:03:12.300+0800][0.394s][info][gc,phases   ] GC(13) O: Concurrent Mark 1.084ms
[2026-06-17T10:03:12.301+0800][0.394s][info][gc,phases   ] GC(13) O: Pause Mark End 0.009ms
[2026-06-17T10:03:12.301+0800][0.395s][info][gc,phases   ] GC(13) O: Concurrent Mark Free 0.002ms
[2026-06-17T10:03:12.302+0800][0.395s][info][gc,ref      ] GC(13) O: Clearing All SoftReferences
[2026-06-17T10:03:12.302+0800][0.395s][info][gc,phases   ] GC(13) O: Concurrent Process Non-Strong 0.425ms
[2026-06-17T10:03:12.302+0800][0.395s][info][gc,phases   ] GC(13) O: Concurrent Reset Relocation Set 0.001ms
[2026-06-17T10:03:12.303+0800][0.396s][info][gc,phases   ] GC(13) O: Concurrent Select Relocation Set 0.617ms
[2026-06-17T10:03:12.303+0800][0.396s][info][gc,task     ] GC(13) O: Using 1 Workers for Old Generation
[2026-06-17T10:03:12.316+0800][0.409s][info][gc,task     ] GC(13) O: Using 1 Workers for Old Generation
[2026-06-17T10:03:12.316+0800][0.410s][info][gc,phases   ] GC(13) O: Concurrent Remap Roots 13.260ms
[2026-06-17T10:03:12.318+0800][0.412s][info][gc,phases   ] GC(13) O: Pause Relocate Start 0.012ms
[2026-06-17T10:03:12.320+0800][0.413s][info][gc,phases   ] GC(13) O: Concurrent Relocate 0.195ms
[2026-06-17T10:03:12.320+0800][0.413s][info][gc,alloc    ] GC(13) O:                         Mark Start        Mark End      Relocate Start    Relocate End   
[2026-06-17T10:03:12.320+0800][0.414s][info][gc,alloc    ] GC(13) O: Allocation Stalls:          1                1                1                1         
[2026-06-17T10:03:12.322+0800][0.415s][info][gc,load     ] GC(13) O: Load: 0.33 (1%) / 0.42 (2%) / 0.50 (2%)
[2026-06-17T10:03:12.324+0800][0.417s][info][gc,mmu      ] GC(13) O: MMU: 2ms/98.9%, 5ms/99.3%, 10ms/99.5%, 20ms/99.6%, 50ms/99.7%, 100ms/99.8%
[2026-06-17T10:03:12.324+0800][0.418s][info][gc,marking  ] GC(13) O: Mark: 1 stripe(s), 1 proactive flush(es), 1 terminate flush(es), 0 completion(s), 0 continuation(s) 
[2026-06-17T10:03:12.325+0800][0.418s][info][gc,marking  ] GC(13) O: Mark Stack Usage: 32M
[2026-06-17T10:03:12.325+0800][0.419s][info][gc,nmethod  ] GC(13) O: NMethods: 68 registered, 3 unregistered
[2026-06-17T10:03:12.325+0800][0.419s][info][gc,metaspace] GC(13) O: Metaspace: 0M used, 0M committed, 1088M reserved
[2026-06-17T10:03:12.326+0800][0.419s][info][gc,ref      ] GC(13) O:                       Encountered   Discovered     Enqueued 
[2026-06-17T10:03:12.326+0800][0.419s][info][gc,ref      ] GC(13) O: Soft References:                0            0            0 
[2026-06-17T10:03:12.326+0800][0.419s][info][gc,ref      ] GC(13) O: Weak References:                6            0            0 
[2026-06-17T10:03:12.326+0800][0.420s][info][gc,ref      ] GC(13) O: Final References:               0            0            0 
[2026-06-17T10:03:12.326+0800][0.420s][info][gc,ref      ] GC(13) O: Phantom References:             1            1            0 
[2026-06-17T10:03:12.327+0800][0.420s][info][gc,reloc    ] GC(13) O:                        Candidates     Selected     In-Place         Size        Empty    Relocated 
[2026-06-17T10:03:12.327+0800][0.420s][info][gc,reloc    ] GC(13) O: Small Pages:                    5            0            0          10M           0M           0M 
[2026-06-17T10:03:12.327+0800][0.420s][info][gc,reloc    ] GC(13) O: Large Pages:                   27            0            0          54M           0M           0M 
[2026-06-17T10:03:12.327+0800][0.420s][info][gc,reloc    ] GC(13) O: Forwarding Usage: 0M
[2026-06-17T10:03:12.327+0800][0.420s][info][gc,heap     ] GC(13) O: Min Capacity: 64M(100%)
[2026-06-17T10:03:12.327+0800][0.421s][info][gc,heap     ] GC(13) O: Max Capacity: 64M(100%)
[2026-06-17T10:03:12.327+0800][0.421s][info][gc,heap     ] GC(13) O: Soft Max Capacity: 64M(100%)
[2026-06-17T10:03:12.328+0800][0.421s][info][gc,heap     ] GC(13) O: Heap Statistics:
[2026-06-17T10:03:12.328+0800][0.421s][info][gc,heap     ] GC(13) O:                Mark Start          Mark End        Relocate Start      Relocate End           High               Low         
[2026-06-17T10:03:12.328+0800][0.421s][info][gc,heap     ] GC(13) O:  Capacity:       64M (100%)         64M (100%)         64M (100%)         64M (100%)         64M (100%)         64M (100%)   
[2026-06-17T10:03:12.328+0800][0.421s][info][gc,heap     ] GC(13) O:      Free:        0M (0%)            0M (0%)            0M (0%)            0M (0%)            0M (0%)            0M (0%)     
[2026-06-17T10:03:12.328+0800][0.421s][info][gc,heap     ] GC(13) O:      Used:       64M (100%)         64M (100%)         64M (100%)         64M (100%)         64M (100%)         64M (100%)   
[2026-06-17T10:03:12.328+0800][0.421s][info][gc,heap     ] GC(13) O: Old Generation Statistics:
[2026-06-17T10:03:12.328+0800][0.422s][info][gc,heap     ] GC(13) O:                Mark Start          Mark End        Relocate Start      Relocate End    
[2026-06-17T10:03:12.328+0800][0.422s][info][gc,heap     ] GC(13) O:      Used:       64M (100%)         64M (100%)         64M (100%)         64M (100%)   
[2026-06-17T10:03:12.328+0800][0.422s][info][gc,heap     ] GC(13) O:      Live:         -                61M (97%)          61M (97%)          61M (97%)    
[2026-06-17T10:03:12.329+0800][0.422s][info][gc,heap     ] GC(13) O:   Garbage:         -                 2M (3%)            2M (3%)            2M (3%)     
[2026-06-17T10:03:12.329+0800][0.422s][info][gc,heap     ] GC(13) O: Allocated:         -                 0M (0%)            0M (0%)            0M (0%)     
[2026-06-17T10:03:12.329+0800][0.422s][info][gc,heap     ] GC(13) O: Reclaimed:         -                  -                 0M (0%)            0M (0%)     
[2026-06-17T10:03:12.329+0800][0.422s][info][gc,heap     ] GC(13) O: Compacted:         -                  -                  -                 0M (0%)     
[2026-06-17T10:03:12.329+0800][0.422s][info][gc,phases   ] GC(13) O: Old Generation 64M(100%)->64M(100%) 0.021s
[2026-06-17T10:03:12.329+0800][0.422s][info][gc          ] GC(13) Major Collection (Allocation Stall) 64M(100%)->64M(100%) 0.042s
[2026-06-17T10:03:12.329+0800][0.423s][info][gc          ] Allocation Stall (main) 49.154ms
[2026-06-17T10:03:12.329+0800][0.423s][info][gc          ] GC(14) Minor Collection (Allocation Stall)
[2026-06-17T10:03:12.330+0800][0.423s][info][gc,task     ] GC(14) Using 1 Workers for Young Generation
[2026-06-17T10:03:12.330+0800][0.423s][info][gc,phases   ] GC(14) y: Young Generation
[2026-06-17T10:03:12.330+0800][0.423s][info][gc,phases   ] GC(14) y: Pause Mark Start 0.011ms
[2026-06-17T10:03:12.330+0800][0.424s][info][gc,phases   ] GC(14) y: Concurrent Mark 0.439ms
[2026-06-17T10:03:12.331+0800][0.424s][info][gc,phases   ] GC(14) y: Pause Mark End 0.012ms
[2026-06-17T10:03:12.332+0800][0.425s][info][gc,phases   ] GC(14) y: Concurrent Mark Free 0.002ms
[2026-06-17T10:03:12.332+0800][0.425s][info][gc,phases   ] GC(14) y: Concurrent Reset Relocation Set 0.001ms
[2026-06-17T10:03:12.333+0800][0.426s][info][gc,reloc    ] GC(14) y: Using tenuring threshold: 0 (Computed)
[2026-06-17T10:03:12.334+0800][0.427s][info][gc,phases   ] GC(14) y: Concurrent Select Relocation Set 1.204ms
[2026-06-17T10:03:12.334+0800][0.427s][info][gc,phases   ] GC(14) y: Pause Relocate Start 0.010ms
[2026-06-17T10:03:12.335+0800][0.428s][info][gc,phases   ] GC(14) y: Concurrent Relocate 0.168ms
[2026-06-17T10:03:12.335+0800][0.428s][info][gc,alloc    ] GC(14) y:                         Mark Start        Mark End      Relocate Start    Relocate End   
[2026-06-17T10:03:12.335+0800][0.428s][info][gc,alloc    ] GC(14) y: Allocation Stalls:          1                1                1                1         
[2026-06-17T10:03:12.335+0800][0.428s][info][gc,load     ] GC(14) y: Load: 0.33 (1%) / 0.42 (2%) / 0.50 (2%)
[2026-06-17T10:03:12.335+0800][0.429s][info][gc,mmu      ] GC(14) y: MMU: 2ms/98.8%, 5ms/99.3%, 10ms/99.5%, 20ms/99.6%, 50ms/99.7%, 100ms/99.8%
[2026-06-17T10:03:12.336+0800][0.429s][info][gc,marking  ] GC(14) y: Mark: 1 stripe(s), 1 proactive flush(es), 1 terminate flush(es), 0 completion(s), 0 continuation(s) 
[2026-06-17T10:03:12.336+0800][0.429s][info][gc,marking  ] GC(14) y: Mark Stack Usage: 0M
[2026-06-17T10:03:12.336+0800][0.429s][info][gc,nmethod  ] GC(14) y: NMethods: 68 registered, 3 unregistered
[2026-06-17T10:03:12.350+0800][0.443s][info][gc,metaspace] GC(14) y: Metaspace: 0M used, 0M committed, 1088M reserved
[2026-06-17T10:03:12.350+0800][0.443s][info][gc,heap     ] GC(14) y: Min Capacity: 64M(100%)
[2026-06-17T10:03:12.352+0800][0.446s][info][gc,heap     ] GC(14) y: Max Capacity: 64M(100%)
[2026-06-17T10:03:12.353+0800][0.446s][info][gc,heap     ] GC(14) y: Soft Max Capacity: 64M(100%)
[2026-06-17T10:03:12.353+0800][0.446s][info][gc,heap     ] GC(14) y: Heap Statistics:
[2026-06-17T10:03:12.371+0800][0.464s][info][gc,heap     ] GC(14) y:                Mark Start          Mark End        Relocate Start      Relocate End           High               Low         
[2026-06-17T10:03:12.371+0800][0.465s][info][gc,heap     ] GC(14) y:  Capacity:       64M (100%)         64M (100%)         64M (100%)         64M (100%)         64M (100%)         64M (100%)   
[2026-06-17T10:03:12.372+0800][0.465s][info][gc,heap     ] GC(14) y:      Free:        0M (0%)            0M (0%)            0M (0%)            0M (0%)            0M (0%)            0M (0%)     
[2026-06-17T10:03:12.372+0800][0.465s][info][gc,heap     ] GC(14) y:      Used:       64M (100%)         64M (100%)         64M (100%)         64M (100%)         64M (100%)         64M (100%)   
[2026-06-17T10:03:12.372+0800][0.465s][info][gc,heap     ] GC(14) y: Young Generation Statistics:
[2026-06-17T10:03:12.372+0800][0.465s][info][gc,heap     ] GC(14) y:                Mark Start          Mark End        Relocate Start      Relocate End    
[2026-06-17T10:03:12.372+0800][0.465s][info][gc,heap     ] GC(14) y:      Used:        0M (0%)            0M (0%)            0M (0%)            0M (0%)     
[2026-06-17T10:03:12.372+0800][0.466s][info][gc,heap     ] GC(14) y:      Live:         -                 0M (0%)            0M (0%)            0M (0%)     
[2026-06-17T10:03:12.372+0800][0.466s][info][gc,heap     ] GC(14) y:   Garbage:         -                 0M (0%)            0M (0%)            0M (0%)     
[2026-06-17T10:03:12.372+0800][0.466s][info][gc,heap     ] GC(14) y: Allocated:         -                 0M (0%)            0M (0%)            0M (0%)     
[2026-06-17T10:03:12.373+0800][0.466s][info][gc,heap     ] GC(14) y: Reclaimed:         -                  -                 0M (0%)            0M (0%)     
[2026-06-17T10:03:12.373+0800][0.466s][info][gc,heap     ] GC(14) y:  Promoted:         -                  -                 0M (0%)            0M (0%)     
[2026-06-17T10:03:12.373+0800][0.466s][info][gc,heap     ] GC(14) y: Compacted:         -                  -                  -                 0M (0%)     
[2026-06-17T10:03:12.373+0800][0.466s][info][gc,phases   ] GC(14) y: Young Generation 64M(100%)->64M(100%) 0.005s
[2026-06-17T10:03:12.373+0800][0.466s][info][gc          ] GC(14) Minor Collection (Allocation Stall) 64M(100%)->64M(100%) 0.043s
[2026-06-17T10:03:12.373+0800][0.466s][info][gc          ] GC(15) Major Collection (Allocation Stall)
[2026-06-17T10:03:12.373+0800][0.467s][info][gc,task     ] GC(15) Using 1 Workers for Young Generation
[2026-06-17T10:03:12.374+0800][0.467s][info][gc,task     ] GC(15) Using 1 Workers for Old Generation
[2026-06-17T10:03:12.374+0800][0.467s][info][gc,phases   ] GC(15) Y: Young Generation (Promote All)
[2026-06-17T10:03:12.374+0800][0.467s][info][gc,phases   ] GC(15) Y: Pause Mark Start 0.012ms
[2026-06-17T10:03:12.375+0800][0.468s][info][gc,phases   ] GC(15) Y: Concurrent Mark 0.537ms
[2026-06-17T10:03:12.375+0800][0.468s][info][gc,phases   ] GC(15) Y: Pause Mark End 0.007ms
[2026-06-17T10:03:12.375+0800][0.469s][info][gc,phases   ] GC(15) Y: Concurrent Mark Free 0.001ms
[2026-06-17T10:03:12.375+0800][0.469s][info][gc,phases   ] GC(15) Y: Concurrent Reset Relocation Set 0.001ms
[2026-06-17T10:03:12.376+0800][0.469s][info][gc,reloc    ] GC(15) Y: Using tenuring threshold: 0 (Promote All)
[2026-06-17T10:03:12.376+0800][0.470s][info][gc,phases   ] GC(15) Y: Concurrent Select Relocation Set 0.822ms
[2026-06-17T10:03:12.376+0800][0.470s][info][gc,phases   ] GC(15) Y: Pause Relocate Start 0.005ms
[2026-06-17T10:03:12.377+0800][0.470s][info][gc,phases   ] GC(15) Y: Concurrent Relocate 0.093ms
[2026-06-17T10:03:12.377+0800][0.470s][info][gc,alloc    ] GC(15) Y:                         Mark Start        Mark End      Relocate Start    Relocate End   
[2026-06-17T10:03:12.377+0800][0.470s][info][gc,alloc    ] GC(15) Y: Allocation Stalls:          1                1                1                1         
[2026-06-17T10:03:12.377+0800][0.470s][info][gc,load     ] GC(15) Y: Load: 0.33 (1%) / 0.42 (2%) / 0.50 (2%)
[2026-06-17T10:03:12.377+0800][0.470s][info][gc,mmu      ] GC(15) Y: MMU: 2ms/98.8%, 5ms/99.3%, 10ms/99.5%, 20ms/99.6%, 50ms/99.7%, 100ms/99.8%
[2026-06-17T10:03:12.377+0800][0.470s][info][gc,marking  ] GC(15) Y: Mark: 1 stripe(s), 1 proactive flush(es), 1 terminate flush(es), 0 completion(s), 0 continuation(s) 
[2026-06-17T10:03:12.377+0800][0.471s][info][gc,marking  ] GC(15) Y: Mark Stack Usage: 0M
[2026-06-17T10:03:12.377+0800][0.471s][info][gc,nmethod  ] GC(15) Y: NMethods: 68 registered, 3 unregistered
[2026-06-17T10:03:12.377+0800][0.471s][info][gc,metaspace] GC(15) Y: Metaspace: 0M used, 0M committed, 1088M reserved
[2026-06-17T10:03:12.378+0800][0.471s][info][gc,heap     ] GC(15) Y: Min Capacity: 64M(100%)
[2026-06-17T10:03:12.378+0800][0.471s][info][gc,heap     ] GC(15) Y: Max Capacity: 64M(100%)
[2026-06-17T10:03:12.378+0800][0.471s][info][gc,heap     ] GC(15) Y: Soft Max Capacity: 64M(100%)
[2026-06-17T10:03:12.378+0800][0.471s][info][gc,heap     ] GC(15) Y: Heap Statistics:
[2026-06-17T10:03:12.378+0800][0.471s][info][gc,heap     ] GC(15) Y:                Mark Start          Mark End        Relocate Start      Relocate End           High               Low         
[2026-06-17T10:03:12.378+0800][0.472s][info][gc,heap     ] GC(15) Y:  Capacity:       64M (100%)         64M (100%)         64M (100%)         64M (100%)         64M (100%)         64M (100%)   
[2026-06-17T10:03:12.378+0800][0.472s][info][gc,heap     ] GC(15) Y:      Free:        0M (0%)            0M (0%)            0M (0%)            0M (0%)            0M (0%)            0M (0%)     
[2026-06-17T10:03:12.378+0800][0.472s][info][gc,heap     ] GC(15) Y:      Used:       64M (100%)         64M (100%)         64M (100%)         64M (100%)         64M (100%)         64M (100%)   
[2026-06-17T10:03:12.379+0800][0.472s][info][gc,heap     ] GC(15) Y: Young Generation Statistics:
[2026-06-17T10:03:12.379+0800][0.472s][info][gc,heap     ] GC(15) Y:                Mark Start          Mark End        Relocate Start      Relocate End    
[2026-06-17T10:03:12.379+0800][0.472s][info][gc,heap     ] GC(15) Y:      Used:        0M (0%)            0M (0%)            0M (0%)            0M (0%)     
[2026-06-17T10:03:12.379+0800][0.472s][info][gc,heap     ] GC(15) Y:      Live:         -                 0M (0%)            0M (0%)            0M (0%)     
[2026-06-17T10:03:12.379+0800][0.472s][info][gc,heap     ] GC(15) Y:   Garbage:         -                 0M (0%)            0M (0%)            0M (0%)     
[2026-06-17T10:03:12.379+0800][0.472s][info][gc,heap     ] GC(15) Y: Allocated:         -                 0M (0%)            0M (0%)            0M (0%)     
[2026-06-17T10:03:12.379+0800][0.472s][info][gc,heap     ] GC(15) Y: Reclaimed:         -                  -                 0M (0%)            0M (0%)     
[2026-06-17T10:03:12.379+0800][0.472s][info][gc,heap     ] GC(15) Y:  Promoted:         -                  -                 0M (0%)            0M (0%)     
[2026-06-17T10:03:12.379+0800][0.472s][info][gc,heap     ] GC(15) Y: Compacted:         -                  -                  -                 0M (0%)     
[2026-06-17T10:03:12.379+0800][0.473s][info][gc,phases   ] GC(15) Y: Young Generation (Promote All) 64M(100%)->64M(100%) 0.003s
[2026-06-17T10:03:12.380+0800][0.473s][info][gc,phases   ] GC(15) Y: Young Generation (Collect Roots)
[2026-06-17T10:03:12.380+0800][0.473s][info][gc,phases   ] GC(15) Y: Pause Mark Start (Major) 0.010ms
[2026-06-17T10:03:12.380+0800][0.474s][info][gc,phases   ] GC(15) Y: Concurrent Mark 0.489ms
[2026-06-17T10:03:12.380+0800][0.474s][info][gc,phases   ] GC(15) Y: Pause Mark End 0.005ms
[2026-06-17T10:03:12.381+0800][0.474s][info][gc,phases   ] GC(15) Y: Concurrent Mark Free 0.000ms
[2026-06-17T10:03:12.381+0800][0.474s][info][gc,phases   ] GC(15) Y: Concurrent Reset Relocation Set 0.001ms
[2026-06-17T10:03:12.381+0800][0.475s][info][gc,reloc    ] GC(15) Y: Using tenuring threshold: 0 (Computed)
[2026-06-17T10:03:12.382+0800][0.475s][info][gc,phases   ] GC(15) Y: Concurrent Select Relocation Set 0.854ms
[2026-06-17T10:03:12.382+0800][0.475s][info][gc,phases   ] GC(15) Y: Pause Relocate Start 0.005ms
[2026-06-17T10:03:12.382+0800][0.475s][info][gc,phases   ] GC(15) Y: Concurrent Relocate 0.090ms
[2026-06-17T10:03:12.382+0800][0.475s][info][gc,alloc    ] GC(15) Y:                         Mark Start        Mark End      Relocate Start    Relocate End   
[2026-06-17T10:03:12.382+0800][0.476s][info][gc,alloc    ] GC(15) Y: Allocation Stalls:          1                1                1                1         
[2026-06-17T10:03:12.382+0800][0.476s][info][gc,load     ] GC(15) Y: Load: 0.33 (1%) / 0.42 (2%) / 0.50 (2%)
[2026-06-17T10:03:12.382+0800][0.476s][info][gc,mmu      ] GC(15) Y: MMU: 2ms/98.8%, 5ms/99.3%, 10ms/99.5%, 20ms/99.6%, 50ms/99.7%, 100ms/99.8%
[2026-06-17T10:03:12.383+0800][0.476s][info][gc,marking  ] GC(15) Y: Mark: 1 stripe(s), 1 proactive flush(es), 1 terminate flush(es), 0 completion(s), 0 continuation(s) 
[2026-06-17T10:03:12.383+0800][0.476s][info][gc,marking  ] GC(15) Y: Mark Stack Usage: 0M
[2026-06-17T10:03:12.383+0800][0.476s][info][gc,nmethod  ] GC(15) Y: NMethods: 68 registered, 3 unregistered
[2026-06-17T10:03:12.383+0800][0.476s][info][gc,metaspace] GC(15) Y: Metaspace: 0M used, 0M committed, 1088M reserved
[2026-06-17T10:03:12.383+0800][0.476s][info][gc,heap     ] GC(15) Y: Min Capacity: 64M(100%)
[2026-06-17T10:03:12.383+0800][0.476s][info][gc,heap     ] GC(15) Y: Max Capacity: 64M(100%)
[2026-06-17T10:03:12.383+0800][0.476s][info][gc,heap     ] GC(15) Y: Soft Max Capacity: 64M(100%)
[2026-06-17T10:03:12.383+0800][0.476s][info][gc,heap     ] GC(15) Y: Heap Statistics:
[2026-06-17T10:03:12.383+0800][0.477s][info][gc,heap     ] GC(15) Y:                Mark Start          Mark End        Relocate Start      Relocate End           High               Low         
[2026-06-17T10:03:12.383+0800][0.477s][info][gc,heap     ] GC(15) Y:  Capacity:       64M (100%)         64M (100%)         64M (100%)         64M (100%)         64M (100%)         64M (100%)   
[2026-06-17T10:03:12.383+0800][0.477s][info][gc,heap     ] GC(15) Y:      Free:        0M (0%)            0M (0%)            0M (0%)            0M (0%)            0M (0%)            0M (0%)     
[2026-06-17T10:03:12.384+0800][0.477s][info][gc,heap     ] GC(15) Y:      Used:       64M (100%)         64M (100%)         64M (100%)         64M (100%)         64M (100%)         64M (100%)   
[2026-06-17T10:03:12.384+0800][0.477s][info][gc,heap     ] GC(15) Y: Young Generation Statistics:
[2026-06-17T10:03:12.384+0800][0.477s][info][gc,heap     ] GC(15) Y:                Mark Start          Mark End        Relocate Start      Relocate End    
[2026-06-17T10:03:12.384+0800][0.477s][info][gc,heap     ] GC(15) Y:      Used:        0M (0%)            0M (0%)            0M (0%)            0M (0%)     
[2026-06-17T10:03:12.384+0800][0.477s][info][gc,heap     ] GC(15) Y:      Live:         -                 0M (0%)            0M (0%)            0M (0%)     
[2026-06-17T10:03:12.384+0800][0.477s][info][gc,heap     ] GC(15) Y:   Garbage:         -                 0M (0%)            0M (0%)            0M (0%)     
[2026-06-17T10:03:12.384+0800][0.477s][info][gc,heap     ] GC(15) Y: Allocated:         -                 0M (0%)            0M (0%)            0M (0%)     
[2026-06-17T10:03:12.384+0800][0.477s][info][gc,heap     ] GC(15) Y: Reclaimed:         -                  -                 0M (0%)            0M (0%)     
[2026-06-17T10:03:12.384+0800][0.478s][info][gc,heap     ] GC(15) Y:  Promoted:         -                  -                 0M (0%)            0M (0%)     
[2026-06-17T10:03:12.384+0800][0.478s][info][gc,heap     ] GC(15) Y: Compacted:         -                  -                  -                 0M (0%)     
[2026-06-17T10:03:12.384+0800][0.478s][info][gc,phases   ] GC(15) Y: Young Generation (Collect Roots) 64M(100%)->64M(100%) 0.003s
[2026-06-17T10:03:12.384+0800][0.478s][info][gc,phases   ] GC(15) O: Old Generation
[2026-06-17T10:03:12.386+0800][0.479s][info][gc,phases   ] GC(15) O: Concurrent Mark 1.060ms
[2026-06-17T10:03:12.386+0800][0.479s][info][gc,phases   ] GC(15) O: Pause Mark End 0.007ms
[2026-06-17T10:03:12.386+0800][0.479s][info][gc,phases   ] GC(15) O: Concurrent Mark Free 0.000ms
[2026-06-17T10:03:12.386+0800][0.479s][info][gc,ref      ] GC(15) O: Clearing All SoftReferences
[2026-06-17T10:03:12.387+0800][0.480s][info][gc,phases   ] GC(15) O: Concurrent Process Non-Strong 0.565ms
[2026-06-17T10:03:12.387+0800][0.480s][info][gc,phases   ] GC(15) O: Concurrent Reset Relocation Set 0.001ms
[2026-06-17T10:03:12.387+0800][0.481s][info][gc,phases   ] GC(15) O: Concurrent Select Relocation Set 0.555ms
[2026-06-17T10:03:12.388+0800][0.481s][info][gc,task     ] GC(15) O: Using 1 Workers for Old Generation
[2026-06-17T10:03:12.401+0800][0.494s][info][gc,task     ] GC(15) O: Using 1 Workers for Old Generation
[2026-06-17T10:03:12.401+0800][0.495s][info][gc,phases   ] GC(15) O: Concurrent Remap Roots 13.673ms
[2026-06-17T10:03:12.401+0800][0.495s][info][gc,phases   ] GC(15) O: Pause Relocate Start 0.012ms
[2026-06-17T10:03:12.402+0800][0.495s][info][gc,phases   ] GC(15) O: Concurrent Relocate 0.099ms
[2026-06-17T10:03:12.402+0800][0.495s][info][gc,alloc    ] GC(15) O:                         Mark Start        Mark End      Relocate Start    Relocate End   
[2026-06-17T10:03:12.402+0800][0.495s][info][gc,alloc    ] GC(15) O: Allocation Stalls:          1                1                1                1         
[2026-06-17T10:03:12.402+0800][0.495s][info][gc,load     ] GC(15) O: Load: 0.33 (1%) / 0.42 (2%) / 0.50 (2%)
[2026-06-17T10:03:12.402+0800][0.496s][info][gc,mmu      ] GC(15) O: MMU: 2ms/98.8%, 5ms/99.3%, 10ms/99.5%, 20ms/99.6%, 50ms/99.7%, 100ms/99.8%
[2026-06-17T10:03:12.402+0800][0.496s][info][gc,marking  ] GC(15) O: Mark: 1 stripe(s), 1 proactive flush(es), 1 terminate flush(es), 0 completion(s), 0 continuation(s) 
[2026-06-17T10:03:12.402+0800][0.496s][info][gc,marking  ] GC(15) O: Mark Stack Usage: 32M
[2026-06-17T10:03:12.402+0800][0.496s][info][gc,nmethod  ] GC(15) O: NMethods: 68 registered, 3 unregistered
[2026-06-17T10:03:12.403+0800][0.496s][info][gc,metaspace] GC(15) O: Metaspace: 0M used, 0M committed, 1088M reserved
[2026-06-17T10:03:12.403+0800][0.496s][info][gc,ref      ] GC(15) O:                       Encountered   Discovered     Enqueued 
[2026-06-17T10:03:12.403+0800][0.496s][info][gc,ref      ] GC(15) O: Soft References:                0            0            0 
[2026-06-17T10:03:12.403+0800][0.496s][info][gc,ref      ] GC(15) O: Weak References:                6            0            0 
[2026-06-17T10:03:12.403+0800][0.496s][info][gc,ref      ] GC(15) O: Final References:               0            0            0 
[2026-06-17T10:03:12.403+0800][0.496s][info][gc,ref      ] GC(15) O: Phantom References:             1            1            0 
[2026-06-17T10:03:12.403+0800][0.496s][info][gc,reloc    ] GC(15) O:                        Candidates     Selected     In-Place         Size        Empty    Relocated 
[2026-06-17T10:03:12.403+0800][0.496s][info][gc,reloc    ] GC(15) O: Small Pages:                    5            0            0          10M           0M           0M 
[2026-06-17T10:03:12.403+0800][0.497s][info][gc,reloc    ] GC(15) O: Large Pages:                   27            0            0          54M           0M           0M 
[2026-06-17T10:03:12.403+0800][0.497s][info][gc,reloc    ] GC(15) O: Forwarding Usage: 0M
[2026-06-17T10:03:12.403+0800][0.497s][info][gc,heap     ] GC(15) O: Min Capacity: 64M(100%)
[2026-06-17T10:03:12.404+0800][0.497s][info][gc,heap     ] GC(15) O: Max Capacity: 64M(100%)
[2026-06-17T10:03:12.404+0800][0.497s][info][gc,heap     ] GC(15) O: Soft Max Capacity: 64M(100%)
[2026-06-17T10:03:12.404+0800][0.497s][info][gc,heap     ] GC(15) O: Heap Statistics:
[2026-06-17T10:03:12.404+0800][0.497s][info][gc,heap     ] GC(15) O:                Mark Start          Mark End        Relocate Start      Relocate End           High               Low         
[2026-06-17T10:03:12.404+0800][0.497s][info][gc,heap     ] GC(15) O:  Capacity:       64M (100%)         64M (100%)         64M (100%)         64M (100%)         64M (100%)         64M (100%)   
[2026-06-17T10:03:12.404+0800][0.497s][info][gc,heap     ] GC(15) O:      Free:        0M (0%)            0M (0%)            0M (0%)            0M (0%)            0M (0%)            0M (0%)     
[2026-06-17T10:03:12.404+0800][0.497s][info][gc,heap     ] GC(15) O:      Used:       64M (100%)         64M (100%)         64M (100%)         64M (100%)         64M (100%)         64M (100%)   
[2026-06-17T10:03:12.404+0800][0.498s][info][gc,heap     ] GC(15) O: Old Generation Statistics:
[2026-06-17T10:03:12.404+0800][0.498s][info][gc,heap     ] GC(15) O:                Mark Start          Mark End        Relocate Start      Relocate End    
[2026-06-17T10:03:12.405+0800][0.498s][info][gc,heap     ] GC(15) O:      Used:       64M (100%)         64M (100%)         64M (100%)         64M (100%)   
[2026-06-17T10:03:12.405+0800][0.498s][info][gc,heap     ] GC(15) O:      Live:         -                61M (97%)          61M (97%)          61M (97%)    
[2026-06-17T10:03:12.405+0800][0.498s][info][gc,heap     ] GC(15) O:   Garbage:         -                 2M (3%)            2M (3%)            2M (3%)     
[2026-06-17T10:03:12.405+0800][0.498s][info][gc,heap     ] GC(15) O: Allocated:         -                 0M (0%)            0M (0%)            0M (0%)     
[2026-06-17T10:03:12.405+0800][0.498s][info][gc,heap     ] GC(15) O: Reclaimed:         -                  -                 0M (0%)            0M (0%)     
[2026-06-17T10:03:12.405+0800][0.498s][info][gc,heap     ] GC(15) O: Compacted:         -                  -                  -                 0M (0%)     
[2026-06-17T10:03:12.405+0800][0.498s][info][gc,phases   ] GC(15) O: Old Generation 64M(100%)->64M(100%) 0.018s
[2026-06-17T10:03:12.405+0800][0.498s][info][gc          ] GC(15) Major Collection (Allocation Stall) 64M(100%)->64M(100%) 0.032s
[2026-06-17T10:03:12.405+0800][0.499s][info][gc          ] Allocation Stall (main) 75.963ms
[2026-06-17T10:03:12.405+0800][0.499s][info][gc          ] Out Of Memory (main)
[2026-06-17T10:03:12.406+0800][0.499s][info][gc          ] GC(16) Minor Collection (Allocation Stall)
[2026-06-17T10:03:12.406+0800][0.499s][info][gc,task     ] GC(16) Using 1 Workers for Young Generation
[2026-06-17T10:03:12.406+0800][0.499s][info][gc,phases   ] GC(16) y: Young Generation
[2026-06-17T10:03:12.406+0800][0.499s][info][gc,phases   ] GC(16) y: Pause Mark Start 0.011ms
[2026-06-17T10:03:12.407+0800][0.500s][info][gc,phases   ] GC(16) y: Concurrent Mark 0.536ms
[2026-06-17T10:03:12.407+0800][0.500s][info][gc,phases   ] GC(16) y: Pause Mark End 0.007ms
[2026-06-17T10:03:12.407+0800][0.500s][info][gc,phases   ] GC(16) y: Concurrent Mark Free 0.001ms
[2026-06-17T10:03:12.407+0800][0.500s][info][gc,phases   ] GC(16) y: Concurrent Reset Relocation Set 0.000ms
[2026-06-17T10:03:12.408+0800][0.501s][info][gc,reloc    ] GC(16) y: Using tenuring threshold: 0 (Computed)
[2026-06-17T10:03:12.408+0800][0.501s][info][gc,phases   ] GC(16) y: Concurrent Select Relocation Set 0.751ms
[2026-06-17T10:03:12.408+0800][0.501s][info][gc,phases   ] GC(16) y: Pause Relocate Start 0.006ms
[2026-06-17T10:03:12.408+0800][0.502s][info][gc,phases   ] GC(16) y: Concurrent Relocate 0.090ms
[2026-06-17T10:03:12.408+0800][0.502s][info][gc,alloc    ] GC(16) y:                         Mark Start        Mark End      Relocate Start    Relocate End   
[2026-06-17T10:03:12.409+0800][0.502s][info][gc,alloc    ] GC(16) y: Allocation Stalls:          1                1                1                1         
[2026-06-17T10:03:12.409+0800][0.502s][info][gc,load     ] GC(16) y: Load: 0.33 (1%) / 0.42 (2%) / 0.50 (2%)
[2026-06-17T10:03:12.409+0800][0.502s][info][gc,mmu      ] GC(16) y: MMU: 2ms/98.8%, 5ms/99.3%, 10ms/99.5%, 20ms/99.6%, 50ms/99.7%, 100ms/99.8%
[2026-06-17T10:03:12.409+0800][0.502s][info][gc,marking  ] GC(16) y: Mark: 1 stripe(s), 1 proactive flush(es), 1 terminate flush(es), 0 completion(s), 0 continuation(s) 
[2026-06-17T10:03:12.409+0800][0.502s][info][gc,marking  ] GC(16) y: Mark Stack Usage: 0M
[2026-06-17T10:03:12.409+0800][0.502s][info][gc,nmethod  ] GC(16) y: NMethods: 68 registered, 3 unregistered
[2026-06-17T10:03:12.409+0800][0.502s][info][gc,metaspace] GC(16) y: Metaspace: 0M used, 0M committed, 1088M reserved
[2026-06-17T10:03:12.409+0800][0.502s][info][gc,heap     ] GC(16) y: Min Capacity: 64M(100%)
[2026-06-17T10:03:12.409+0800][0.503s][info][gc,heap     ] GC(16) y: Max Capacity: 64M(100%)
[2026-06-17T10:03:12.409+0800][0.503s][info][gc,heap     ] GC(16) y: Soft Max Capacity: 64M(100%)
[2026-06-17T10:03:12.409+0800][0.503s][info][gc,heap     ] GC(16) y: Heap Statistics:
[2026-06-17T10:03:12.409+0800][0.503s][info][gc,heap     ] GC(16) y:                Mark Start          Mark End        Relocate Start      Relocate End           High               Low         
[2026-06-17T10:03:12.410+0800][0.503s][info][gc,heap     ] GC(16) y:  Capacity:       64M (100%)         64M (100%)         64M (100%)         64M (100%)         64M (100%)         64M (100%)   
[2026-06-17T10:03:12.410+0800][0.503s][info][gc,heap     ] GC(16) y:      Free:        0M (0%)            0M (0%)            0M (0%)            0M (0%)            0M (0%)            0M (0%)     
[2026-06-17T10:03:12.410+0800][0.503s][info][gc,heap     ] GC(16) y:      Used:       64M (100%)         64M (100%)         64M (100%)         64M (100%)         64M (100%)         64M (100%)   
[2026-06-17T10:03:12.410+0800][0.503s][info][gc,heap     ] GC(16) y: Young Generation Statistics:
[2026-06-17T10:03:12.410+0800][0.503s][info][gc,heap     ] GC(16) y:                Mark Start          Mark End        Relocate Start      Relocate End    
[2026-06-17T10:03:12.410+0800][0.503s][info][gc,heap     ] GC(16) y:      Used:        0M (0%)            0M (0%)            0M (0%)            0M (0%)     
[2026-06-17T10:03:12.410+0800][0.504s][info][gc,heap     ] GC(16) y:      Live:         -                 0M (0%)            0M (0%)            0M (0%)     
[2026-06-17T10:03:12.410+0800][0.504s][info][gc,heap     ] GC(16) y:   Garbage:         -                 0M (0%)            0M (0%)            0M (0%)     
[2026-06-17T10:03:12.410+0800][0.504s][info][gc,heap     ] GC(16) y: Allocated:         -                 0M (0%)            0M (0%)            0M (0%)     
[2026-06-17T10:03:12.411+0800][0.504s][info][gc,heap     ] GC(16) y: Reclaimed:         -                  -                 0M (0%)            0M (0%)     
[2026-06-17T10:03:12.411+0800][0.504s][info][gc,heap     ] GC(16) y:  Promoted:         -                  -                 0M (0%)            0M (0%)     
[2026-06-17T10:03:12.411+0800][0.504s][info][gc,heap     ] GC(16) y: Compacted:         -                  -                  -                 0M (0%)     
[2026-06-17T10:03:12.411+0800][0.505s][info][gc,phases   ] GC(16) y: Young Generation 64M(100%)->64M(100%) 0.002s
[2026-06-17T10:03:12.411+0800][0.505s][info][gc          ] GC(16) Minor Collection (Allocation Stall) 64M(100%)->64M(100%) 0.006s
[2026-06-17T10:03:12.411+0800][0.505s][info][gc          ] GC(17) Major Collection (Allocation Stall)
[2026-06-17T10:03:12.411+0800][0.505s][info][gc,task     ] GC(17) Using 1 Workers for Young Generation
[2026-06-17T10:03:12.412+0800][0.505s][info][gc,task     ] GC(17) Using 1 Workers for Old Generation
[2026-06-17T10:03:12.412+0800][0.505s][info][gc,phases   ] GC(17) Y: Young Generation (Promote All)
[2026-06-17T10:03:12.412+0800][0.505s][info][gc,phases   ] GC(17) Y: Pause Mark Start 0.009ms
[2026-06-17T10:03:12.412+0800][0.506s][info][gc,phases   ] GC(17) Y: Concurrent Mark 0.416ms
[2026-06-17T10:03:12.412+0800][0.506s][info][gc,phases   ] GC(17) Y: Pause Mark End 0.007ms
[2026-06-17T10:03:12.413+0800][0.506s][info][gc,phases   ] GC(17) Y: Concurrent Mark Free 0.001ms
[2026-06-17T10:03:12.413+0800][0.506s][info][gc,phases   ] GC(17) Y: Concurrent Reset Relocation Set 0.000ms
[2026-06-17T10:03:12.413+0800][0.507s][info][gc,reloc    ] GC(17) Y: Using tenuring threshold: 0 (Promote All)
[2026-06-17T10:03:12.414+0800][0.507s][info][gc,phases   ] GC(17) Y: Concurrent Select Relocation Set 0.802ms
[2026-06-17T10:03:12.414+0800][0.507s][info][gc,phases   ] GC(17) Y: Pause Relocate Start 0.005ms
[2026-06-17T10:03:12.414+0800][0.507s][info][gc,phases   ] GC(17) Y: Concurrent Relocate 0.117ms
[2026-06-17T10:03:12.414+0800][0.507s][info][gc,alloc    ] GC(17) Y:                         Mark Start        Mark End      Relocate Start    Relocate End   
[2026-06-17T10:03:12.414+0800][0.507s][info][gc,alloc    ] GC(17) Y: Allocation Stalls:          1                1                1                1         
[2026-06-17T10:03:12.414+0800][0.507s][info][gc,load     ] GC(17) Y: Load: 0.33 (1%) / 0.42 (2%) / 0.50 (2%)
[2026-06-17T10:03:12.414+0800][0.508s][info][gc,mmu      ] GC(17) Y: MMU: 2ms/98.8%, 5ms/99.3%, 10ms/99.5%, 20ms/99.6%, 50ms/99.7%, 100ms/99.8%
[2026-06-17T10:03:12.414+0800][0.508s][info][gc,marking  ] GC(17) Y: Mark: 1 stripe(s), 1 proactive flush(es), 1 terminate flush(es), 0 completion(s), 0 continuation(s) 
[2026-06-17T10:03:12.414+0800][0.508s][info][gc,marking  ] GC(17) Y: Mark Stack Usage: 0M
[2026-06-17T10:03:12.414+0800][0.508s][info][gc,nmethod  ] GC(17) Y: NMethods: 68 registered, 3 unregistered
[2026-06-17T10:03:12.415+0800][0.508s][info][gc,metaspace] GC(17) Y: Metaspace: 0M used, 0M committed, 1088M reserved
[2026-06-17T10:03:12.415+0800][0.508s][info][gc,heap     ] GC(17) Y: Min Capacity: 64M(100%)
[2026-06-17T10:03:12.415+0800][0.508s][info][gc,heap     ] GC(17) Y: Max Capacity: 64M(100%)
[2026-06-17T10:03:12.415+0800][0.508s][info][gc,heap     ] GC(17) Y: Soft Max Capacity: 64M(100%)
[2026-06-17T10:03:12.415+0800][0.508s][info][gc,heap     ] GC(17) Y: Heap Statistics:
[2026-06-17T10:03:12.415+0800][0.508s][info][gc,heap     ] GC(17) Y:                Mark Start          Mark End        Relocate Start      Relocate End           High               Low         
[2026-06-17T10:03:12.415+0800][0.508s][info][gc,heap     ] GC(17) Y:  Capacity:       64M (100%)         64M (100%)         64M (100%)         64M (100%)         64M (100%)         64M (100%)   
[2026-06-17T10:03:12.415+0800][0.508s][info][gc,heap     ] GC(17) Y:      Free:        0M (0%)            0M (0%)            0M (0%)            0M (0%)            0M (0%)            0M (0%)     
[2026-06-17T10:03:12.415+0800][0.509s][info][gc,heap     ] GC(17) Y:      Used:       64M (100%)         64M (100%)         64M (100%)         64M (100%)         64M (100%)         64M (100%)   
[2026-06-17T10:03:12.415+0800][0.509s][info][gc,heap     ] GC(17) Y: Young Generation Statistics:
[2026-06-17T10:03:12.415+0800][0.509s][info][gc,heap     ] GC(17) Y:                Mark Start          Mark End        Relocate Start      Relocate End    
[2026-06-17T10:03:12.416+0800][0.509s][info][gc,heap     ] GC(17) Y:      Used:        0M (0%)            0M (0%)            0M (0%)            0M (0%)     
[2026-06-17T10:03:12.416+0800][0.509s][info][gc,heap     ] GC(17) Y:      Live:         -                 0M (0%)            0M (0%)            0M (0%)     
[2026-06-17T10:03:12.416+0800][0.509s][info][gc,heap     ] GC(17) Y:   Garbage:         -                 0M (0%)            0M (0%)            0M (0%)     
[2026-06-17T10:03:12.416+0800][0.509s][info][gc,heap     ] GC(17) Y: Allocated:         -                 0M (0%)            0M (0%)            0M (0%)     
[2026-06-17T10:03:12.416+0800][0.510s][info][gc,heap     ] GC(17) Y: Reclaimed:         -                  -                 0M (0%)            0M (0%)     
[2026-06-17T10:03:12.416+0800][0.510s][info][gc,heap     ] GC(17) Y:  Promoted:         -                  -                 0M (0%)            0M (0%)     
[2026-06-17T10:03:12.417+0800][0.510s][info][gc,heap     ] GC(17) Y: Compacted:         -                  -                  -                 0M (0%)     
[2026-06-17T10:03:12.417+0800][0.510s][info][gc,phases   ] GC(17) Y: Young Generation (Promote All) 64M(100%)->64M(100%) 0.002s
[2026-06-17T10:03:12.417+0800][0.510s][info][gc,phases   ] GC(17) Y: Young Generation (Collect Roots)
[2026-06-17T10:03:12.417+0800][0.511s][info][gc,phases   ] GC(17) Y: Pause Mark Start (Major) 0.011ms
[2026-06-17T10:03:12.418+0800][0.511s][info][gc,phases   ] GC(17) Y: Concurrent Mark 0.521ms
[2026-06-17T10:03:12.418+0800][0.511s][info][gc,phases   ] GC(17) Y: Pause Mark End 0.007ms
[2026-06-17T10:03:12.418+0800][0.511s][info][gc,phases   ] GC(17) Y: Concurrent Mark Free 0.001ms
[2026-06-17T10:03:12.418+0800][0.512s][info][gc,phases   ] GC(17) Y: Concurrent Reset Relocation Set 0.000ms
[2026-06-17T10:03:12.419+0800][0.512s][info][gc,reloc    ] GC(17) Y: Using tenuring threshold: 0 (Computed)
[2026-06-17T10:03:12.419+0800][0.513s][info][gc,phases   ] GC(17) Y: Concurrent Select Relocation Set 0.928ms
[2026-06-17T10:03:12.419+0800][0.513s][info][gc,phases   ] GC(17) Y: Pause Relocate Start 0.005ms
[2026-06-17T10:03:12.420+0800][0.513s][info][gc,phases   ] GC(17) Y: Concurrent Relocate 0.096ms
[2026-06-17T10:03:12.420+0800][0.513s][info][gc,alloc    ] GC(17) Y:                         Mark Start        Mark End      Relocate Start    Relocate End   
[2026-06-17T10:03:12.420+0800][0.513s][info][gc,alloc    ] GC(17) Y: Allocation Stalls:          1                1                1                1         
[2026-06-17T10:03:12.420+0800][0.513s][info][gc,load     ] GC(17) Y: Load: 0.33 (1%) / 0.42 (2%) / 0.50 (2%)
[2026-06-17T10:03:12.420+0800][0.513s][info][gc,mmu      ] GC(17) Y: MMU: 2ms/98.8%, 5ms/99.3%, 10ms/99.5%, 20ms/99.6%, 50ms/99.7%, 100ms/99.8%
[2026-06-17T10:03:12.420+0800][0.513s][info][gc,marking  ] GC(17) Y: Mark: 1 stripe(s), 1 proactive flush(es), 1 terminate flush(es), 0 completion(s), 0 continuation(s) 
[2026-06-17T10:03:12.420+0800][0.513s][info][gc,marking  ] GC(17) Y: Mark Stack Usage: 0M
[2026-06-17T10:03:12.420+0800][0.513s][info][gc,nmethod  ] GC(17) Y: NMethods: 68 registered, 3 unregistered
[2026-06-17T10:03:12.420+0800][0.514s][info][gc,metaspace] GC(17) Y: Metaspace: 0M used, 0M committed, 1088M reserved
[2026-06-17T10:03:12.420+0800][0.514s][info][gc,heap     ] GC(17) Y: Min Capacity: 64M(100%)
[2026-06-17T10:03:12.420+0800][0.514s][info][gc,heap     ] GC(17) Y: Max Capacity: 64M(100%)
[2026-06-17T10:03:12.421+0800][0.514s][info][gc,heap     ] GC(17) Y: Soft Max Capacity: 64M(100%)
[2026-06-17T10:03:12.421+0800][0.514s][info][gc,heap     ] GC(17) Y: Heap Statistics:
[2026-06-17T10:03:12.421+0800][0.514s][info][gc,heap     ] GC(17) Y:                Mark Start          Mark End        Relocate Start      Relocate End           High               Low         
[2026-06-17T10:03:12.421+0800][0.514s][info][gc,heap     ] GC(17) Y:  Capacity:       64M (100%)         64M (100%)         64M (100%)         64M (100%)         64M (100%)         64M (100%)   
[2026-06-17T10:03:12.421+0800][0.514s][info][gc,heap     ] GC(17) Y:      Free:        0M (0%)            0M (0%)            0M (0%)            0M (0%)            0M (0%)            0M (0%)     
[2026-06-17T10:03:12.421+0800][0.514s][info][gc,heap     ] GC(17) Y:      Used:       64M (100%)         64M (100%)         64M (100%)         64M (100%)         64M (100%)         64M (100%)   
[2026-06-17T10:03:12.421+0800][0.514s][info][gc,heap     ] GC(17) Y: Young Generation Statistics:
[2026-06-17T10:03:12.421+0800][0.514s][info][gc,heap     ] GC(17) Y:                Mark Start          Mark End        Relocate Start      Relocate End    
[2026-06-17T10:03:12.421+0800][0.514s][info][gc,heap     ] GC(17) Y:      Used:        0M (0%)            0M (0%)            0M (0%)            0M (0%)     
[2026-06-17T10:03:12.421+0800][0.515s][info][gc,heap     ] GC(17) Y:      Live:         -                 0M (0%)            0M (0%)            0M (0%)     
[2026-06-17T10:03:12.421+0800][0.515s][info][gc,heap     ] GC(17) Y:   Garbage:         -                 0M (0%)            0M (0%)            0M (0%)     
[2026-06-17T10:03:12.421+0800][0.515s][info][gc,heap     ] GC(17) Y: Allocated:         -                 0M (0%)            0M (0%)            0M (0%)     
[2026-06-17T10:03:12.422+0800][0.515s][info][gc,heap     ] GC(17) Y: Reclaimed:         -                  -                 0M (0%)            0M (0%)     
[2026-06-17T10:03:12.422+0800][0.515s][info][gc,heap     ] GC(17) Y:  Promoted:         -                  -                 0M (0%)            0M (0%)     
[2026-06-17T10:03:12.422+0800][0.515s][info][gc,heap     ] GC(17) Y: Compacted:         -                  -                  -                 0M (0%)     
[2026-06-17T10:03:12.422+0800][0.515s][info][gc,phases   ] GC(17) Y: Young Generation (Collect Roots) 64M(100%)->64M(100%) 0.003s
[2026-06-17T10:03:12.422+0800][0.515s][info][gc,phases   ] GC(17) O: Old Generation
[2026-06-17T10:03:12.423+0800][0.516s][info][gc,phases   ] GC(17) O: Concurrent Mark 0.927ms
[2026-06-17T10:03:12.423+0800][0.517s][info][gc,phases   ] GC(17) O: Pause Mark End 0.006ms
[2026-06-17T10:03:12.423+0800][0.517s][info][gc,phases   ] GC(17) O: Concurrent Mark Free 0.000ms
[2026-06-17T10:03:12.424+0800][0.517s][info][gc,ref      ] GC(17) O: Clearing All SoftReferences
[2026-06-17T10:03:12.424+0800][0.517s][info][gc,phases   ] GC(17) O: Concurrent Process Non-Strong 0.336ms
[2026-06-17T10:03:12.424+0800][0.517s][info][gc,phases   ] GC(17) O: Concurrent Reset Relocation Set 0.000ms
[2026-06-17T10:03:12.425+0800][0.518s][info][gc,phases   ] GC(17) O: Concurrent Select Relocation Set 0.554ms
[2026-06-17T10:03:12.425+0800][0.518s][info][gc          ] Allocation Stall (main) 18.998ms
[2026-06-17T10:03:12.425+0800][0.518s][info][gc,task     ] GC(17) O: Using 1 Workers for Old Generation
[2026-06-17T10:03:12.438+0800][0.531s][info][gc,task     ] GC(17) O: Using 1 Workers for Old Generation
[2026-06-17T10:03:12.438+0800][0.531s][info][gc,phases   ] GC(17) O: Concurrent Remap Roots 13.149ms
[2026-06-17T10:03:12.438+0800][0.531s][info][gc,phases   ] GC(17) O: Pause Relocate Start 0.010ms
[2026-06-17T10:03:12.438+0800][0.532s][info][gc,phases   ] GC(17) O: Concurrent Relocate 0.106ms
[2026-06-17T10:03:12.439+0800][0.532s][info][gc,alloc    ] GC(17) O:                         Mark Start        Mark End      Relocate Start    Relocate End   
[2026-06-17T10:03:12.439+0800][0.532s][info][gc,alloc    ] GC(17) O: Allocation Stalls:          1                1                0                0         
[2026-06-17T10:03:12.439+0800][0.532s][info][gc,load     ] GC(17) O: Load: 0.33 (1%) / 0.42 (2%) / 0.50 (2%)
[2026-06-17T10:03:12.439+0800][0.532s][info][gc,mmu      ] GC(17) O: MMU: 2ms/98.8%, 5ms/99.3%, 10ms/99.5%, 20ms/99.6%, 50ms/99.7%, 100ms/99.8%
[2026-06-17T10:03:12.439+0800][0.532s][info][gc,marking  ] GC(17) O: Mark: 1 stripe(s), 1 proactive flush(es), 1 terminate flush(es), 0 completion(s), 0 continuation(s) 
[2026-06-17T10:03:12.439+0800][0.532s][info][gc,marking  ] GC(17) O: Mark Stack Usage: 32M
[2026-06-17T10:03:12.439+0800][0.532s][info][gc,nmethod  ] GC(17) O: NMethods: 68 registered, 3 unregistered
[2026-06-17T10:03:12.439+0800][0.532s][info][gc,metaspace] GC(17) O: Metaspace: 0M used, 0M committed, 1088M reserved
[2026-06-17T10:03:12.439+0800][0.532s][info][gc,ref      ] GC(17) O:                       Encountered   Discovered     Enqueued 
[2026-06-17T10:03:12.439+0800][0.533s][info][gc,ref      ] GC(17) O: Soft References:                0            0            0 
[2026-06-17T10:03:12.439+0800][0.533s][info][gc,ref      ] GC(17) O: Weak References:                6            0            0 
[2026-06-17T10:03:12.439+0800][0.533s][info][gc,ref      ] GC(17) O: Final References:               0            0            0 
[2026-06-17T10:03:12.439+0800][0.533s][info][gc,ref      ] GC(17) O: Phantom References:             1            1            0 
[2026-06-17T10:03:12.439+0800][0.533s][info][gc,reloc    ] GC(17) O:                        Candidates     Selected     In-Place         Size        Empty    Relocated 
[2026-06-17T10:03:12.440+0800][0.533s][info][gc,reloc    ] GC(17) O: Small Pages:                    5            0            0          10M           2M           0M 
[2026-06-17T10:03:12.440+0800][0.533s][info][gc,reloc    ] GC(17) O: Large Pages:                   27            0            0          54M           0M           0M 
[2026-06-17T10:03:12.440+0800][0.533s][info][gc,reloc    ] GC(17) O: Forwarding Usage: 0M
[2026-06-17T10:03:12.440+0800][0.533s][info][gc,heap     ] GC(17) O: Min Capacity: 64M(100%)
[2026-06-17T10:03:12.440+0800][0.533s][info][gc,heap     ] GC(17) O: Max Capacity: 64M(100%)
[2026-06-17T10:03:12.440+0800][0.533s][info][gc,heap     ] GC(17) O: Soft Max Capacity: 64M(100%)
[2026-06-17T10:03:12.440+0800][0.534s][info][gc,heap     ] GC(17) O: Heap Statistics:
[2026-06-17T10:03:12.440+0800][0.534s][info][gc,heap     ] GC(17) O:                Mark Start          Mark End        Relocate Start      Relocate End           High               Low         
[2026-06-17T10:03:12.440+0800][0.534s][info][gc,heap     ] GC(17) O:  Capacity:       64M (100%)         64M (100%)         64M (100%)         64M (100%)         64M (100%)         64M (100%)   
[2026-06-17T10:03:12.441+0800][0.534s][info][gc,heap     ] GC(17) O:      Free:        0M (0%)            0M (0%)            0M (0%)            0M (0%)            2M (3%)            0M (0%)     
[2026-06-17T10:03:12.441+0800][0.534s][info][gc,heap     ] GC(17) O:      Used:       64M (100%)         64M (100%)         64M (100%)         64M (100%)         64M (100%)         62M (97%)    
[2026-06-17T10:03:12.441+0800][0.534s][info][gc,heap     ] GC(17) O: Old Generation Statistics:
[2026-06-17T10:03:12.441+0800][0.534s][info][gc,heap     ] GC(17) O:                Mark Start          Mark End        Relocate Start      Relocate End    
[2026-06-17T10:03:12.441+0800][0.534s][info][gc,heap     ] GC(17) O:      Used:       64M (100%)         64M (100%)         62M (97%)          62M (97%)    
[2026-06-17T10:03:12.441+0800][0.535s][info][gc,heap     ] GC(17) O:      Live:         -                59M (94%)          59M (94%)          59M (94%)    
[2026-06-17T10:03:12.441+0800][0.535s][info][gc,heap     ] GC(17) O:   Garbage:         -                 4M (6%)            2M (3%)            2M (3%)     
[2026-06-17T10:03:12.441+0800][0.535s][info][gc,heap     ] GC(17) O: Allocated:         -                 0M (0%)            0M (0%)            0M (0%)     
[2026-06-17T10:03:12.441+0800][0.535s][info][gc,heap     ] GC(17) O: Reclaimed:         -                  -                 2M (3%)            2M (3%)     
[2026-06-17T10:03:12.442+0800][0.535s][info][gc,heap     ] GC(17) O: Compacted:         -                  -                  -                 0M (0%)     
[2026-06-17T10:03:12.442+0800][0.535s][info][gc,phases   ] GC(17) O: Old Generation 64M(100%)->64M(100%) 0.016s
[2026-06-17T10:03:12.442+0800][0.535s][info][gc          ] GC(17) Major Collection (Allocation Stall) 64M(100%)->64M(100%) 0.030s
[2026-06-17T10:03:12.636+0800][0.729s][info][gc          ] GC(18) Minor Collection (Allocation Stall)
[2026-06-17T10:03:12.637+0800][0.730s][info][gc,task     ] GC(18) Using 1 Workers for Young Generation
[2026-06-17T10:03:12.637+0800][0.731s][info][gc,phases   ] GC(18) y: Young Generation
[2026-06-17T10:03:12.638+0800][0.731s][info][gc,phases   ] GC(18) y: Pause Mark Start 0.012ms
[2026-06-17T10:03:12.639+0800][0.733s][info][gc,phases   ] GC(18) y: Concurrent Mark 0.513ms
[2026-06-17T10:03:12.640+0800][0.733s][info][gc,phases   ] GC(18) y: Pause Mark End 0.007ms
[2026-06-17T10:03:12.641+0800][0.734s][info][gc,phases   ] GC(18) y: Concurrent Mark Free 0.001ms
[2026-06-17T10:03:12.641+0800][0.734s][info][gc,phases   ] GC(18) y: Concurrent Reset Relocation Set 0.001ms
[2026-06-17T10:03:12.642+0800][0.735s][info][gc,reloc    ] GC(18) y: Using tenuring threshold: 1 (Computed)
[2026-06-17T10:03:12.643+0800][0.736s][info][gc,phases   ] GC(18) y: Concurrent Select Relocation Set 1.151ms
[2026-06-17T10:03:12.643+0800][0.736s][info][gc,phases   ] GC(18) y: Pause Relocate Start 0.005ms
[2026-06-17T10:03:12.644+0800][0.737s][info][gc,phases   ] GC(18) y: Concurrent Relocate 0.107ms
[2026-06-17T10:03:12.644+0800][0.737s][info][gc,alloc    ] GC(18) y:                         Mark Start        Mark End      Relocate Start    Relocate End   
[2026-06-17T10:03:12.644+0800][0.738s][info][gc,alloc    ] GC(18) y: Allocation Stalls:          1                1                1                1         
[2026-06-17T10:03:12.645+0800][0.738s][info][gc,load     ] GC(18) y: Load: 0.33 (1%) / 0.42 (2%) / 0.50 (2%)
[2026-06-17T10:03:12.645+0800][0.739s][info][gc,mmu      ] GC(18) y: MMU: 2ms/98.8%, 5ms/99.3%, 10ms/99.5%, 20ms/99.6%, 50ms/99.7%, 100ms/99.8%
[2026-06-17T10:03:12.646+0800][0.739s][info][gc,marking  ] GC(18) y: Mark: 1 stripe(s), 1 proactive flush(es), 1 terminate flush(es), 0 completion(s), 0 continuation(s) 
[2026-06-17T10:03:12.647+0800][0.740s][info][gc,marking  ] GC(18) y: Mark Stack Usage: 32M
[2026-06-17T10:03:12.647+0800][0.740s][info][gc,nmethod  ] GC(18) y: NMethods: 68 registered, 3 unregistered
[2026-06-17T10:03:12.647+0800][0.740s][info][gc,metaspace] GC(18) y: Metaspace: 0M used, 0M committed, 1088M reserved
[2026-06-17T10:03:12.647+0800][0.740s][info][gc,reloc    ] GC(18) y:                        Candidates     Selected     In-Place         Size        Empty    Relocated 
[2026-06-17T10:03:12.647+0800][0.741s][info][gc,reloc    ] GC(18) y: Small Pages:                    1            0            0           2M           0M           0M 
[2026-06-17T10:03:12.648+0800][0.741s][info][gc,reloc    ] GC(18) y: Large Pages:                    0            0            0           0M           0M           0M 
[2026-06-17T10:03:12.648+0800][0.741s][info][gc,reloc    ] GC(18) y: Forwarding Usage: 0M
[2026-06-17T10:03:12.648+0800][0.742s][info][gc,reloc    ] GC(18) y: Age Table:
[2026-06-17T10:03:12.649+0800][0.742s][info][gc,reloc    ] GC(18) y:                    Live             Garbage             Small              Medium             Large        
[2026-06-17T10:03:12.649+0800][0.742s][info][gc,reloc    ] GC(18) y: Eden               1M (3%)            0M (0%)           1 / 0              0 / 0              0 / 0        
[2026-06-17T10:03:12.649+0800][0.743s][info][gc,heap     ] GC(18) y: Min Capacity: 64M(100%)
[2026-06-17T10:03:12.650+0800][0.743s][info][gc,heap     ] GC(18) y: Max Capacity: 64M(100%)
[2026-06-17T10:03:12.650+0800][0.743s][info][gc,heap     ] GC(18) y: Soft Max Capacity: 64M(100%)
[2026-06-17T10:03:12.650+0800][0.744s][info][gc,heap     ] GC(18) y: Heap Statistics:
[2026-06-17T10:03:12.651+0800][0.744s][info][gc,heap     ] GC(18) y:                Mark Start          Mark End        Relocate Start      Relocate End           High               Low         
[2026-06-17T10:03:12.651+0800][0.744s][info][gc,heap     ] GC(18) y:  Capacity:       64M (100%)         64M (100%)         64M (100%)         64M (100%)         64M (100%)         64M (100%)   
[2026-06-17T10:03:12.651+0800][0.745s][info][gc,heap     ] GC(18) y:      Free:        0M (0%)            0M (0%)            0M (0%)            0M (0%)            0M (0%)            0M (0%)     
[2026-06-17T10:03:12.652+0800][0.745s][info][gc,heap     ] GC(18) y:      Used:       64M (100%)         64M (100%)         64M (100%)         64M (100%)         64M (100%)         64M (100%)   
[2026-06-17T10:03:12.652+0800][0.745s][info][gc,heap     ] GC(18) y: Young Generation Statistics:
[2026-06-17T10:03:12.653+0800][0.746s][info][gc,heap     ] GC(18) y:                Mark Start          Mark End        Relocate Start      Relocate End    
[2026-06-17T10:03:12.653+0800][0.746s][info][gc,heap     ] GC(18) y:      Used:        2M (3%)            2M (3%)            2M (3%)            2M (3%)     
[2026-06-17T10:03:12.653+0800][0.747s][info][gc,heap     ] GC(18) y:      Live:         -                 1M (3%)            1M (3%)            1M (3%)     
[2026-06-17T10:03:12.654+0800][0.747s][info][gc,heap     ] GC(18) y:   Garbage:         -                 0M (0%)            0M (0%)            0M (0%)     
[2026-06-17T10:03:12.654+0800][0.747s][info][gc,heap     ] GC(18) y: Allocated:         -                 0M (0%)            0M (0%)            0M (0%)     
[2026-06-17T10:03:12.654+0800][0.748s][info][gc,heap     ] GC(18) y: Reclaimed:         -                  -                 0M (0%)            0M (0%)     
[2026-06-17T10:03:12.654+0800][0.748s][info][gc,heap     ] GC(18) y:  Promoted:         -                  -                 0M (0%)            0M (0%)     
[2026-06-17T10:03:12.655+0800][0.748s][info][gc,heap     ] GC(18) y: Compacted:         -                  -                  -                 0M (0%)     
[2026-06-17T10:03:12.655+0800][0.749s][info][gc,phases   ] GC(18) y: Young Generation 64M(100%)->64M(100%) 0.007s
[2026-06-17T10:03:12.655+0800][0.749s][info][gc          ] GC(18) Minor Collection (Allocation Stall) 64M(100%)->64M(100%) 0.020s
[2026-06-17T10:03:12.656+0800][0.749s][info][gc          ] GC(19) Major Collection (Allocation Stall)
[2026-06-17T10:03:12.656+0800][0.749s][info][gc,task     ] GC(19) Using 1 Workers for Young Generation
[2026-06-17T10:03:12.656+0800][0.750s][info][gc,task     ] GC(19) Using 1 Workers for Old Generation
[2026-06-17T10:03:12.657+0800][0.750s][info][gc,phases   ] GC(19) Y: Young Generation (Promote All)
[2026-06-17T10:03:12.657+0800][0.750s][info][gc,phases   ] GC(19) Y: Pause Mark Start 0.010ms
[2026-06-17T10:03:12.657+0800][0.751s][info][gc,phases   ] GC(19) Y: Concurrent Mark 0.437ms
[2026-06-17T10:03:12.658+0800][0.751s][info][gc,phases   ] GC(19) Y: Pause Mark End 0.005ms
[2026-06-17T10:03:12.658+0800][0.751s][info][gc,phases   ] GC(19) Y: Concurrent Mark Free 0.000ms
[2026-06-17T10:03:12.658+0800][0.751s][info][gc,phases   ] GC(19) Y: Concurrent Reset Relocation Set 0.001ms
[2026-06-17T10:03:12.660+0800][0.753s][info][gc,reloc    ] GC(19) Y: Using tenuring threshold: 0 (Promote All)
[2026-06-17T10:03:12.660+0800][0.754s][info][gc,phases   ] GC(19) Y: Concurrent Select Relocation Set 0.936ms
[2026-06-17T10:03:12.661+0800][0.754s][info][gc,phases   ] GC(19) Y: Pause Relocate Start 0.008ms
[2026-06-17T10:03:12.661+0800][0.754s][info][gc,phases   ] GC(19) Y: Concurrent Relocate 0.112ms
[2026-06-17T10:03:12.661+0800][0.755s][info][gc,alloc    ] GC(19) Y:                         Mark Start        Mark End      Relocate Start    Relocate End   
[2026-06-17T10:03:12.661+0800][0.755s][info][gc,alloc    ] GC(19) Y: Allocation Stalls:          1                1                1                1         
[2026-06-17T10:03:12.662+0800][0.755s][info][gc,load     ] GC(19) Y: Load: 0.33 (1%) / 0.42 (2%) / 0.50 (2%)
[2026-06-17T10:03:12.662+0800][0.755s][info][gc,mmu      ] GC(19) Y: MMU: 2ms/98.8%, 5ms/99.3%, 10ms/99.5%, 20ms/99.6%, 50ms/99.7%, 100ms/99.8%
[2026-06-17T10:03:12.662+0800][0.755s][info][gc,marking  ] GC(19) Y: Mark: 1 stripe(s), 1 proactive flush(es), 1 terminate flush(es), 0 completion(s), 0 continuation(s) 
[2026-06-17T10:03:12.662+0800][0.755s][info][gc,marking  ] GC(19) Y: Mark Stack Usage: 32M
[2026-06-17T10:03:12.662+0800][0.756s][info][gc,nmethod  ] GC(19) Y: NMethods: 68 registered, 3 unregistered
[2026-06-17T10:03:12.663+0800][0.756s][info][gc,metaspace] GC(19) Y: Metaspace: 0M used, 0M committed, 1088M reserved
[2026-06-17T10:03:12.663+0800][0.756s][info][gc,reloc    ] GC(19) Y:                        Candidates     Selected     In-Place         Size        Empty    Relocated 
[2026-06-17T10:03:12.663+0800][0.756s][info][gc,reloc    ] GC(19) Y: Small Pages:                    1            0            0           2M           0M           0M 
[2026-06-17T10:03:12.663+0800][0.756s][info][gc,reloc    ] GC(19) Y: Large Pages:                    0            0            0           0M           0M           0M 
[2026-06-17T10:03:12.663+0800][0.757s][info][gc,reloc    ] GC(19) Y: Forwarding Usage: 0M
[2026-06-17T10:03:12.663+0800][0.757s][info][gc,reloc    ] GC(19) Y: Age Table:
[2026-06-17T10:03:12.664+0800][0.757s][info][gc,reloc    ] GC(19) Y:                    Live             Garbage             Small              Medium             Large        
[2026-06-17T10:03:12.664+0800][0.758s][info][gc,reloc    ] GC(19) Y: Eden                -                 0M (0%)           0 / 0              0 / 0              0 / 0        
[2026-06-17T10:03:12.664+0800][0.758s][info][gc,reloc    ] GC(19) Y: Survivor 1         1M (3%)            0M (0%)           1 / 0              0 / 0              0 / 0        
[2026-06-17T10:03:12.665+0800][0.758s][info][gc,heap     ] GC(19) Y: Min Capacity: 64M(100%)
[2026-06-17T10:03:12.665+0800][0.758s][info][gc,heap     ] GC(19) Y: Max Capacity: 64M(100%)
[2026-06-17T10:03:12.665+0800][0.758s][info][gc,heap     ] GC(19) Y: Soft Max Capacity: 64M(100%)
[2026-06-17T10:03:12.665+0800][0.759s][info][gc,heap     ] GC(19) Y: Heap Statistics:
[2026-06-17T10:03:12.665+0800][0.759s][info][gc,heap     ] GC(19) Y:                Mark Start          Mark End        Relocate Start      Relocate End           High               Low         
[2026-06-17T10:03:12.665+0800][0.759s][info][gc,heap     ] GC(19) Y:  Capacity:       64M (100%)         64M (100%)         64M (100%)         64M (100%)         64M (100%)         64M (100%)   
[2026-06-17T10:03:12.666+0800][0.759s][info][gc,heap     ] GC(19) Y:      Free:        0M (0%)            0M (0%)            0M (0%)            0M (0%)            0M (0%)            0M (0%)     
[2026-06-17T10:03:12.666+0800][0.759s][info][gc,heap     ] GC(19) Y:      Used:       64M (100%)         64M (100%)         64M (100%)         64M (100%)         64M (100%)         64M (100%)   
[2026-06-17T10:03:12.666+0800][0.759s][info][gc,heap     ] GC(19) Y: Young Generation Statistics:
[2026-06-17T10:03:12.666+0800][0.760s][info][gc,heap     ] GC(19) Y:                Mark Start          Mark End        Relocate Start      Relocate End    
[2026-06-17T10:03:12.666+0800][0.760s][info][gc,heap     ] GC(19) Y:      Used:        2M (3%)            2M (3%)            0M (0%)            0M (0%)     
[2026-06-17T10:03:12.667+0800][0.760s][info][gc,heap     ] GC(19) Y:      Live:         -                 1M (3%)            0M (0%)            0M (0%)     
[2026-06-17T10:03:12.667+0800][0.760s][info][gc,heap     ] GC(19) Y:   Garbage:         -                 0M (0%)            0M (0%)            0M (0%)     
[2026-06-17T10:03:12.667+0800][0.760s][info][gc,heap     ] GC(19) Y: Allocated:         -                 0M (0%)            0M (0%)            0M (0%)     
[2026-06-17T10:03:12.667+0800][0.760s][info][gc,heap     ] GC(19) Y: Reclaimed:         -                  -                 0M (0%)            0M (0%)     
[2026-06-17T10:03:12.667+0800][0.761s][info][gc,heap     ] GC(19) Y:  Promoted:         -                  -                 1M (3%)            1M (3%)     
[2026-06-17T10:03:12.668+0800][0.761s][info][gc,heap     ] GC(19) Y: Compacted:         -                  -                  -                 0M (0%)     
[2026-06-17T10:03:12.668+0800][0.761s][info][gc,phases   ] GC(19) Y: Young Generation (Promote All) 64M(100%)->64M(100%) 0.005s
[2026-06-17T10:03:12.668+0800][0.761s][info][gc,phases   ] GC(19) Y: Young Generation (Collect Roots)
[2026-06-17T10:03:12.668+0800][0.761s][info][gc,phases   ] GC(19) Y: Pause Mark Start (Major) 0.013ms
[2026-06-17T10:03:12.669+0800][0.762s][info][gc,phases   ] GC(19) Y: Concurrent Mark 0.431ms
[2026-06-17T10:03:12.669+0800][0.762s][info][gc,phases   ] GC(19) Y: Pause Mark End 0.006ms
[2026-06-17T10:03:12.669+0800][0.762s][info][gc,phases   ] GC(19) Y: Concurrent Mark Free 0.033ms
[2026-06-17T10:03:12.669+0800][0.763s][info][gc,phases   ] GC(19) Y: Concurrent Reset Relocation Set 0.002ms
[2026-06-17T10:03:12.670+0800][0.763s][info][gc,reloc    ] GC(19) Y: Using tenuring threshold: 0 (Computed)
[2026-06-17T10:03:12.671+0800][0.764s][info][gc,phases   ] GC(19) Y: Concurrent Select Relocation Set 1.222ms
[2026-06-17T10:03:12.671+0800][0.764s][info][gc,phases   ] GC(19) Y: Pause Relocate Start 0.006ms
[2026-06-17T10:03:12.672+0800][0.765s][info][gc,phases   ] GC(19) Y: Concurrent Relocate 0.207ms
[2026-06-17T10:03:12.672+0800][0.765s][info][gc,alloc    ] GC(19) Y:                         Mark Start        Mark End      Relocate Start    Relocate End   
[2026-06-17T10:03:12.672+0800][0.766s][info][gc,alloc    ] GC(19) Y: Allocation Stalls:          1                1                1                1         
[2026-06-17T10:03:12.672+0800][0.766s][info][gc,load     ] GC(19) Y: Load: 0.33 (1%) / 0.42 (2%) / 0.50 (2%)
[2026-06-17T10:03:12.673+0800][0.766s][info][gc,mmu      ] GC(19) Y: MMU: 2ms/98.8%, 5ms/99.3%, 10ms/99.5%, 20ms/99.6%, 50ms/99.7%, 100ms/99.8%
[2026-06-17T10:03:12.673+0800][0.766s][info][gc,marking  ] GC(19) Y: Mark: 1 stripe(s), 1 proactive flush(es), 1 terminate flush(es), 0 completion(s), 0 continuation(s) 
[2026-06-17T10:03:12.673+0800][0.766s][info][gc,marking  ] GC(19) Y: Mark Stack Usage: 0M
[2026-06-17T10:03:12.673+0800][0.766s][info][gc,nmethod  ] GC(19) Y: NMethods: 68 registered, 3 unregistered
[2026-06-17T10:03:12.673+0800][0.767s][info][gc,metaspace] GC(19) Y: Metaspace: 0M used, 0M committed, 1088M reserved
[2026-06-17T10:03:12.674+0800][0.767s][info][gc,heap     ] GC(19) Y: Min Capacity: 64M(100%)
[2026-06-17T10:03:12.674+0800][0.767s][info][gc,heap     ] GC(19) Y: Max Capacity: 64M(100%)
[2026-06-17T10:03:12.674+0800][0.767s][info][gc,heap     ] GC(19) Y: Soft Max Capacity: 64M(100%)
[2026-06-17T10:03:12.674+0800][0.767s][info][gc,heap     ] GC(19) Y: Heap Statistics:
[2026-06-17T10:03:12.674+0800][0.768s][info][gc,heap     ] GC(19) Y:                Mark Start          Mark End        Relocate Start      Relocate End           High               Low         
[2026-06-17T10:03:12.674+0800][0.768s][info][gc,heap     ] GC(19) Y:  Capacity:       64M (100%)         64M (100%)         64M (100%)         64M (100%)         64M (100%)         64M (100%)   
[2026-06-17T10:03:12.675+0800][0.768s][info][gc,heap     ] GC(19) Y:      Free:        0M (0%)            0M (0%)            0M (0%)            0M (0%)            0M (0%)            0M (0%)     
[2026-06-17T10:03:12.675+0800][0.768s][info][gc,heap     ] GC(19) Y:      Used:       64M (100%)         64M (100%)         64M (100%)         64M (100%)         64M (100%)         64M (100%)   
[2026-06-17T10:03:12.675+0800][0.768s][info][gc,heap     ] GC(19) Y: Young Generation Statistics:
[2026-06-17T10:03:12.675+0800][0.769s][info][gc,heap     ] GC(19) Y:                Mark Start          Mark End        Relocate Start      Relocate End    
[2026-06-17T10:03:12.675+0800][0.769s][info][gc,heap     ] GC(19) Y:      Used:        0M (0%)            0M (0%)            0M (0%)            0M (0%)     
[2026-06-17T10:03:12.676+0800][0.769s][info][gc,heap     ] GC(19) Y:      Live:         -                 0M (0%)            0M (0%)            0M (0%)     
[2026-06-17T10:03:12.676+0800][0.769s][info][gc,heap     ] GC(19) Y:   Garbage:         -                 0M (0%)            0M (0%)            0M (0%)     
[2026-06-17T10:03:12.676+0800][0.769s][info][gc,heap     ] GC(19) Y: Allocated:         -                 0M (0%)            0M (0%)            0M (0%)     
[2026-06-17T10:03:12.677+0800][0.771s][info][gc,heap     ] GC(19) Y: Reclaimed:         -                  -                 0M (0%)            0M (0%)     
[2026-06-17T10:03:12.677+0800][0.771s][info][gc,heap     ] GC(19) Y:  Promoted:         -                  -                 0M (0%)            0M (0%)     
[2026-06-17T10:03:12.678+0800][0.771s][info][gc,heap     ] GC(19) Y: Compacted:         -                  -                  -                 0M (0%)     
[2026-06-17T10:03:12.678+0800][0.771s][info][gc,phases   ] GC(19) Y: Young Generation (Collect Roots) 64M(100%)->64M(100%) 0.004s
[2026-06-17T10:03:12.678+0800][0.771s][info][gc,phases   ] GC(19) O: Old Generation
[2026-06-17T10:03:12.679+0800][0.773s][info][gc,phases   ] GC(19) O: Concurrent Mark 0.950ms
[2026-06-17T10:03:12.680+0800][0.773s][info][gc,phases   ] GC(19) O: Pause Mark End 0.009ms
[2026-06-17T10:03:12.680+0800][0.773s][info][gc,phases   ] GC(19) O: Concurrent Mark Free 0.000ms
[2026-06-17T10:03:12.680+0800][0.773s][info][gc,ref      ] GC(19) O: Clearing All SoftReferences
[2026-06-17T10:03:12.680+0800][0.774s][info][gc,phases   ] GC(19) O: Concurrent Process Non-Strong 0.353ms
[2026-06-17T10:03:12.681+0800][0.774s][info][gc,phases   ] GC(19) O: Concurrent Reset Relocation Set 0.000ms
[2026-06-17T10:03:12.681+0800][0.775s][info][gc          ] Allocation Stall (main) 45.493ms
[2026-06-17T10:03:12.681+0800][0.775s][info][gc,phases   ] GC(19) O: Concurrent Select Relocation Set 0.667ms
[2026-06-17T10:03:12.682+0800][0.775s][info][gc,task     ] GC(19) O: Using 1 Workers for Old Generation
[2026-06-17T10:03:12.694+0800][0.788s][info][gc,task     ] GC(19) O: Using 1 Workers for Old Generation
[2026-06-17T10:03:12.695+0800][0.788s][info][gc,phases   ] GC(19) O: Concurrent Remap Roots 13.022ms
[2026-06-17T10:03:12.695+0800][0.789s][info][gc,phases   ] GC(19) O: Pause Relocate Start 0.025ms
[2026-06-17T10:03:12.697+0800][0.790s][info][gc,phases   ] GC(19) O: Concurrent Relocate 1.025ms
[2026-06-17T10:03:12.697+0800][0.791s][info][gc,alloc    ] GC(19) O:                         Mark Start        Mark End      Relocate Start    Relocate End   
[2026-06-17T10:03:12.698+0800][0.791s][info][gc,alloc    ] GC(19) O: Allocation Stalls:          1                1                0                0         
[2026-06-17T10:03:12.698+0800][0.791s][info][gc,load     ] GC(19) O: Load: 0.33 (1%) / 0.42 (2%) / 0.50 (2%)
[2026-06-17T10:03:12.698+0800][0.791s][info][gc,mmu      ] GC(19) O: MMU: 2ms/98.8%, 5ms/99.3%, 10ms/99.5%, 20ms/99.6%, 50ms/99.7%, 100ms/99.8%
[2026-06-17T10:03:12.698+0800][0.791s][info][gc,marking  ] GC(19) O: Mark: 1 stripe(s), 1 proactive flush(es), 1 terminate flush(es), 0 completion(s), 0 continuation(s) 
[2026-06-17T10:03:12.698+0800][0.792s][info][gc,marking  ] GC(19) O: Mark Stack Usage: 32M
[2026-06-17T10:03:12.698+0800][0.792s][info][gc,nmethod  ] GC(19) O: NMethods: 68 registered, 3 unregistered
[2026-06-17T10:03:12.699+0800][0.792s][info][gc,metaspace] GC(19) O: Metaspace: 0M used, 0M committed, 1088M reserved
[2026-06-17T10:03:12.699+0800][0.792s][info][gc,ref      ] GC(19) O:                       Encountered   Discovered     Enqueued 
[2026-06-17T10:03:12.699+0800][0.792s][info][gc,ref      ] GC(19) O: Soft References:                0            0            0 
[2026-06-17T10:03:12.699+0800][0.792s][info][gc,ref      ] GC(19) O: Weak References:                6            0            0 
[2026-06-17T10:03:12.699+0800][0.793s][info][gc,ref      ] GC(19) O: Final References:               0            0            0 
[2026-06-17T10:03:12.700+0800][0.793s][info][gc,ref      ] GC(19) O: Phantom References:             1            1            0 
[2026-06-17T10:03:12.700+0800][0.793s][info][gc,reloc    ] GC(19) O:                        Candidates     Selected     In-Place         Size        Empty    Relocated 
[2026-06-17T10:03:12.700+0800][0.793s][info][gc,reloc    ] GC(19) O: Small Pages:                    5            2            0          10M           2M           1M 
[2026-06-17T10:03:12.700+0800][0.794s][info][gc,reloc    ] GC(19) O: Large Pages:                   27            0            0          54M          32M           0M 
[2026-06-17T10:03:12.701+0800][0.794s][info][gc,reloc    ] GC(19) O: Forwarding Usage: 0M
[2026-06-17T10:03:12.701+0800][0.794s][info][gc,heap     ] GC(19) O: Min Capacity: 64M(100%)
[2026-06-17T10:03:12.701+0800][0.794s][info][gc,heap     ] GC(19) O: Max Capacity: 64M(100%)
[2026-06-17T10:03:12.701+0800][0.795s][info][gc,heap     ] GC(19) O: Soft Max Capacity: 64M(100%)
[2026-06-17T10:03:12.702+0800][0.795s][info][gc,heap     ] GC(19) O: Heap Statistics:
[2026-06-17T10:03:12.702+0800][0.795s][info][gc,heap     ] GC(19) O:                Mark Start          Mark End        Relocate Start      Relocate End           High               Low         
[2026-06-17T10:03:12.702+0800][0.795s][info][gc,heap     ] GC(19) O:  Capacity:       64M (100%)         64M (100%)         64M (100%)         64M (100%)         64M (100%)         64M (100%)   
[2026-06-17T10:03:12.702+0800][0.796s][info][gc,heap     ] GC(19) O:      Free:        0M (0%)            0M (0%)           20M (31%)          24M (38%)          34M (53%)           0M (0%)     
[2026-06-17T10:03:12.702+0800][0.796s][info][gc,heap     ] GC(19) O:      Used:       64M (100%)         64M (100%)         44M (69%)          40M (62%)          64M (100%)         30M (47%)    
[2026-06-17T10:03:12.703+0800][0.796s][info][gc,heap     ] GC(19) O: Old Generation Statistics:
[2026-06-17T10:03:12.703+0800][0.796s][info][gc,heap     ] GC(19) O:                Mark Start          Mark End        Relocate Start      Relocate End    
[2026-06-17T10:03:12.703+0800][0.796s][info][gc,heap     ] GC(19) O:      Used:       64M (100%)         64M (100%)         30M (47%)          26M (41%)    
[2026-06-17T10:03:12.703+0800][0.796s][info][gc,heap     ] GC(19) O:      Live:         -                25M (40%)          25M (40%)          25M (40%)    
[2026-06-17T10:03:12.703+0800][0.797s][info][gc,heap     ] GC(19) O:   Garbage:         -                38M (60%)           4M (7%)            0M (0%)     
[2026-06-17T10:03:12.704+0800][0.797s][info][gc,heap     ] GC(19) O: Allocated:         -                 0M (0%)            0M (0%)            0M (0%)     
[2026-06-17T10:03:12.704+0800][0.797s][info][gc,heap     ] GC(19) O: Reclaimed:         -                  -                34M (53%)          38M (60%)    
[2026-06-17T10:03:12.704+0800][0.797s][info][gc,heap     ] GC(19) O: Compacted:         -                  -                  -                 1M (3%)     
[2026-06-17T10:03:12.704+0800][0.798s][info][gc,phases   ] GC(19) O: Old Generation 64M(100%)->40M(62%) 0.019s
[2026-06-17T10:03:12.704+0800][0.798s][info][gc          ] GC(19) Major Collection (Allocation Stall) 64M(100%)->44M(69%) 0.049s
[2026-06-17T10:03:12.714+0800][0.807s][info][gc          ] GC(20) Major Collection (Allocation Rate)
[2026-06-17T10:03:12.714+0800][0.807s][info][gc,task     ] GC(20) Using 1 Workers for Young Generation
[2026-06-17T10:03:12.714+0800][0.808s][info][gc,task     ] GC(20) Using 1 Workers for Old Generation
[2026-06-17T10:03:12.714+0800][0.808s][info][gc,phases   ] GC(20) Y: Young Generation
[2026-06-17T10:03:12.715+0800][0.808s][info][gc,phases   ] GC(20) Y: Pause Mark Start (Major) 0.013ms
[2026-06-17T10:03:12.715+0800][0.809s][info][gc,phases   ] GC(20) Y: Concurrent Mark 0.538ms
[2026-06-17T10:03:12.715+0800][0.809s][info][gc,phases   ] GC(20) Y: Pause Mark End 0.006ms
[2026-06-17T10:03:12.716+0800][0.809s][info][gc,phases   ] GC(20) Y: Concurrent Mark Free 0.001ms
[2026-06-17T10:03:12.716+0800][0.809s][info][gc,phases   ] GC(20) Y: Concurrent Reset Relocation Set 0.000ms
[2026-06-17T10:03:12.716+0800][0.810s][info][gc,reloc    ] GC(20) Y: Using tenuring threshold: 1 (Computed)
[2026-06-17T10:03:12.717+0800][0.810s][info][gc,phases   ] GC(20) Y: Concurrent Select Relocation Set 0.783ms
[2026-06-17T10:03:12.717+0800][0.810s][info][gc,phases   ] GC(20) Y: Pause Relocate Start 0.004ms
[2026-06-17T10:03:12.717+0800][0.810s][info][gc,phases   ] GC(20) Y: Concurrent Relocate 0.087ms
[2026-06-17T10:03:12.717+0800][0.810s][info][gc,alloc    ] GC(20) Y:                         Mark Start        Mark End      Relocate Start    Relocate End   
[2026-06-17T10:03:12.717+0800][0.811s][info][gc,alloc    ] GC(20) Y: Allocation Stalls:          0                0                0                0         
[2026-06-17T10:03:12.717+0800][0.811s][info][gc,load     ] GC(20) Y: Load: 0.38 (2%) / 0.43 (2%) / 0.50 (2%)
[2026-06-17T10:03:12.717+0800][0.811s][info][gc,mmu      ] GC(20) Y: MMU: 2ms/98.8%, 5ms/99.3%, 10ms/99.5%, 20ms/99.6%, 50ms/99.7%, 100ms/99.8%
[2026-06-17T10:03:12.717+0800][0.811s][info][gc,marking  ] GC(20) Y: Mark: 1 stripe(s), 1 proactive flush(es), 1 terminate flush(es), 0 completion(s), 0 continuation(s) 
[2026-06-17T10:03:12.718+0800][0.811s][info][gc,marking  ] GC(20) Y: Mark Stack Usage: 32M
[2026-06-17T10:03:12.718+0800][0.811s][info][gc,nmethod  ] GC(20) Y: NMethods: 68 registered, 3 unregistered
[2026-06-17T10:03:12.718+0800][0.811s][info][gc,metaspace] GC(20) Y: Metaspace: 0M used, 0M committed, 1088M reserved
[2026-06-17T10:03:12.718+0800][0.811s][info][gc,reloc    ] GC(20) Y:                        Candidates     Selected     In-Place         Size        Empty    Relocated 
[2026-06-17T10:03:12.718+0800][0.811s][info][gc,reloc    ] GC(20) Y: Small Pages:                    7            0            0          14M          10M           0M 
[2026-06-17T10:03:12.718+0800][0.811s][info][gc,reloc    ] GC(20) Y: Large Pages:                    4            0            0           8M           0M           0M 
[2026-06-17T10:03:12.718+0800][0.811s][info][gc,reloc    ] GC(20) Y: Forwarding Usage: 0M
[2026-06-17T10:03:12.718+0800][0.811s][info][gc,reloc    ] GC(20) Y: Age Table:
[2026-06-17T10:03:12.718+0800][0.811s][info][gc,reloc    ] GC(20) Y:                    Live             Garbage             Small              Medium             Large        
[2026-06-17T10:03:12.718+0800][0.812s][info][gc,reloc    ] GC(20) Y: Eden              10M (16%)          11M (18%)          7 / 0              0 / 0              4 / 0        
[2026-06-17T10:03:12.718+0800][0.812s][info][gc,heap     ] GC(20) Y: Min Capacity: 64M(100%)
[2026-06-17T10:03:12.718+0800][0.812s][info][gc,heap     ] GC(20) Y: Max Capacity: 64M(100%)
[2026-06-17T10:03:12.720+0800][0.813s][info][gc,heap     ] GC(20) Y: Soft Max Capacity: 64M(100%)
[2026-06-17T10:03:12.720+0800][0.813s][info][gc,heap     ] GC(20) Y: Heap Statistics:
[2026-06-17T10:03:12.720+0800][0.813s][info][gc,heap     ] GC(20) Y:                Mark Start          Mark End        Relocate Start      Relocate End           High               Low         
[2026-06-17T10:03:12.720+0800][0.814s][info][gc,heap     ] GC(20) Y:  Capacity:       64M (100%)         64M (100%)         64M (100%)         64M (100%)         64M (100%)         64M (100%)   
[2026-06-17T10:03:12.720+0800][0.814s][info][gc,heap     ] GC(20) Y:      Free:       16M (25%)          16M (25%)          26M (41%)          26M (41%)          26M (41%)          16M (25%)    
[2026-06-17T10:03:12.720+0800][0.814s][info][gc,heap     ] GC(20) Y:      Used:       48M (75%)          48M (75%)          38M (59%)          38M (59%)          48M (75%)          38M (59%)    
[2026-06-17T10:03:12.721+0800][0.814s][info][gc,heap     ] GC(20) Y: Young Generation Statistics:
[2026-06-17T10:03:12.721+0800][0.814s][info][gc,heap     ] GC(20) Y:                Mark Start          Mark End        Relocate Start      Relocate End    
[2026-06-17T10:03:12.721+0800][0.814s][info][gc,heap     ] GC(20) Y:      Used:       22M (34%)          22M (34%)          12M (19%)          12M (19%)    
[2026-06-17T10:03:12.721+0800][0.814s][info][gc,heap     ] GC(20) Y:      Live:         -                10M (16%)          10M (16%)          10M (16%)    
[2026-06-17T10:03:12.721+0800][0.814s][info][gc,heap     ] GC(20) Y:   Garbage:         -                11M (18%)           1M (3%)            1M (3%)     
[2026-06-17T10:03:12.721+0800][0.814s][info][gc,heap     ] GC(20) Y: Allocated:         -                 0M (0%)            0M (0%)            0M (0%)     
[2026-06-17T10:03:12.721+0800][0.814s][info][gc,heap     ] GC(20) Y: Reclaimed:         -                  -                10M (16%)          10M (16%)    
[2026-06-17T10:03:12.721+0800][0.815s][info][gc,heap     ] GC(20) Y:  Promoted:         -                  -                 0M (0%)            0M (0%)     
[2026-06-17T10:03:12.721+0800][0.815s][info][gc,heap     ] GC(20) Y: Compacted:         -                  -                  -                 0M (0%)     
[2026-06-17T10:03:12.721+0800][0.815s][info][gc,phases   ] GC(20) Y: Young Generation 48M(75%)->38M(59%) 0.003s
[2026-06-17T10:03:12.721+0800][0.815s][info][gc,phases   ] GC(20) O: Old Generation
[2026-06-17T10:03:12.723+0800][0.816s][info][gc,phases   ] GC(20) O: Concurrent Mark 1.138ms
[2026-06-17T10:03:12.723+0800][0.816s][info][gc,phases   ] GC(20) O: Pause Mark End 0.009ms
[2026-06-17T10:03:12.723+0800][0.816s][info][gc,phases   ] GC(20) O: Concurrent Mark Free 0.000ms
[2026-06-17T10:03:12.723+0800][0.817s][info][gc,phases   ] GC(20) O: Concurrent Process Non-Strong 0.281ms
[2026-06-17T10:03:12.723+0800][0.817s][info][gc,phases   ] GC(20) O: Concurrent Reset Relocation Set 0.001ms
[2026-06-17T10:03:12.724+0800][0.817s][info][gc,phases   ] GC(20) O: Concurrent Select Relocation Set 0.604ms
[2026-06-17T10:03:12.724+0800][0.818s][info][gc,task     ] GC(20) O: Using 1 Workers for Old Generation
[2026-06-17T10:03:12.737+0800][0.831s][info][gc,task     ] GC(20) O: Using 1 Workers for Old Generation
[2026-06-17T10:03:12.738+0800][0.831s][info][gc,phases   ] GC(20) O: Concurrent Remap Roots 13.365ms
[2026-06-17T10:03:12.738+0800][0.831s][info][gc,phases   ] GC(20) O: Pause Relocate Start 0.011ms
[2026-06-17T10:03:12.738+0800][0.831s][info][gc          ] GC(21) Minor Collection (Allocation Rate)
[2026-06-17T10:03:12.738+0800][0.832s][info][gc,task     ] GC(21) Using 1 Workers for Young Generation
[2026-06-17T10:03:12.738+0800][0.832s][info][gc,phases   ] GC(21) y: Young Generation
[2026-06-17T10:03:12.739+0800][0.832s][info][gc,phases   ] GC(21) y: Pause Mark Start 0.011ms
[2026-06-17T10:03:12.739+0800][0.833s][info][gc,phases   ] GC(20) O: Concurrent Relocate 1.147ms
[2026-06-17T10:03:12.740+0800][0.833s][info][gc,phases   ] GC(21) y: Concurrent Mark 0.457ms
[2026-06-17T10:03:12.740+0800][0.833s][info][gc,phases   ] GC(21) y: Pause Mark End 0.006ms
[2026-06-17T10:03:12.740+0800][0.833s][info][gc,phases   ] GC(21) y: Concurrent Mark Free 0.000ms
[2026-06-17T10:03:12.740+0800][0.833s][info][gc,phases   ] GC(21) y: Concurrent Reset Relocation Set 0.000ms
[2026-06-17T10:03:12.741+0800][0.834s][info][gc,reloc    ] GC(21) y: Using tenuring threshold: 2 (Computed)
[2026-06-17T10:03:12.741+0800][0.834s][info][gc,phases   ] GC(21) y: Concurrent Select Relocation Set 0.751ms
[2026-06-17T10:03:12.741+0800][0.834s][info][gc,phases   ] GC(21) y: Pause Relocate Start 0.003ms
[2026-06-17T10:03:12.741+0800][0.835s][info][gc,phases   ] GC(21) y: Concurrent Relocate 0.164ms
[2026-06-17T10:03:12.741+0800][0.835s][info][gc,alloc    ] GC(21) y:                         Mark Start        Mark End      Relocate Start    Relocate End   
[2026-06-17T10:03:12.742+0800][0.835s][info][gc,alloc    ] GC(21) y: Allocation Stalls:          0                0                0                0         
[2026-06-17T10:03:12.742+0800][0.835s][info][gc,load     ] GC(21) y: Load: 0.38 (2%) / 0.43 (2%) / 0.50 (2%)
[2026-06-17T10:03:12.742+0800][0.835s][info][gc,mmu      ] GC(21) y: MMU: 2ms/98.6%, 5ms/99.3%, 10ms/99.5%, 20ms/99.6%, 50ms/99.7%, 100ms/99.8%
[2026-06-17T10:03:12.742+0800][0.835s][info][gc,marking  ] GC(21) y: Mark: 1 stripe(s), 1 proactive flush(es), 1 terminate flush(es), 0 completion(s), 0 continuation(s) 
[2026-06-17T10:03:12.742+0800][0.835s][info][gc,marking  ] GC(21) y: Mark Stack Usage: 32M
[2026-06-17T10:03:12.742+0800][0.835s][info][gc,nmethod  ] GC(21) y: NMethods: 68 registered, 3 unregistered
[2026-06-17T10:03:12.742+0800][0.835s][info][gc,metaspace] GC(21) y: Metaspace: 0M used, 0M committed, 1088M reserved
[2026-06-17T10:03:12.742+0800][0.835s][info][gc,reloc    ] GC(21) y:                        Candidates     Selected     In-Place         Size        Empty    Relocated 
[2026-06-17T10:03:12.742+0800][0.835s][info][gc,reloc    ] GC(21) y: Small Pages:                    7            1            0          14M           8M           0M 
[2026-06-17T10:03:12.742+0800][0.835s][info][gc,reloc    ] GC(21) y: Large Pages:                    7            0            0          14M           0M           0M 
[2026-06-17T10:03:12.742+0800][0.836s][info][gc,reloc    ] GC(21) y: Forwarding Usage: 0M
[2026-06-17T10:03:12.742+0800][0.836s][info][gc,reloc    ] GC(21) y: Age Table:
[2026-06-17T10:03:12.742+0800][0.836s][info][gc,reloc    ] GC(21) y:                    Live             Garbage             Small              Medium             Large        
[2026-06-17T10:03:12.742+0800][0.836s][info][gc,reloc    ] GC(21) y: Eden               7M (11%)           8M (14%)          5 / 0              0 / 0              3 / 0        
[2026-06-17T10:03:12.742+0800][0.836s][info][gc,reloc    ] GC(21) y: Survivor 1         8M (14%)           3M (5%)           2 / 1              0 / 0              4 / 0        
[2026-06-17T10:03:12.743+0800][0.836s][info][gc,heap     ] GC(21) y: Min Capacity: 64M(100%)
[2026-06-17T10:03:12.743+0800][0.836s][info][gc,heap     ] GC(21) y: Max Capacity: 64M(100%)
[2026-06-17T10:03:12.743+0800][0.836s][info][gc,heap     ] GC(21) y: Soft Max Capacity: 64M(100%)
[2026-06-17T10:03:12.743+0800][0.836s][info][gc,heap     ] GC(21) y: Heap Statistics:
[2026-06-17T10:03:12.743+0800][0.836s][info][gc,heap     ] GC(21) y:                Mark Start          Mark End        Relocate Start      Relocate End           High               Low         
[2026-06-17T10:03:12.743+0800][0.837s][info][gc,heap     ] GC(21) y:  Capacity:       64M (100%)         64M (100%)         64M (100%)         64M (100%)         64M (100%)         64M (100%)   
[2026-06-17T10:03:12.743+0800][0.837s][info][gc,heap     ] GC(21) y:      Free:       12M (19%)          12M (19%)          20M (31%)          20M (31%)          20M (31%)          12M (19%)    
[2026-06-17T10:03:12.744+0800][0.837s][info][gc,heap     ] GC(21) y:      Used:       52M (81%)          52M (81%)          44M (69%)          44M (69%)          52M (81%)          44M (69%)    
[2026-06-17T10:03:12.744+0800][0.837s][info][gc,heap     ] GC(21) y: Young Generation Statistics:
[2026-06-17T10:03:12.744+0800][0.837s][info][gc,heap     ] GC(21) y:                Mark Start          Mark End        Relocate Start      Relocate End    
[2026-06-17T10:03:12.744+0800][0.837s][info][gc,heap     ] GC(21) y:      Used:       28M (44%)          28M (44%)          20M (31%)          20M (31%)    
[2026-06-17T10:03:12.744+0800][0.838s][info][gc,heap     ] GC(21) y:      Live:         -                15M (25%)          15M (25%)          15M (25%)    
[2026-06-17T10:03:12.744+0800][0.838s][info][gc,heap     ] GC(21) y:   Garbage:         -                12M (19%)           4M (7%)            1M (2%)     
[2026-06-17T10:03:12.745+0800][0.838s][info][gc,heap     ] GC(21) y: Allocated:         -                 0M (0%)            0M (0%)            3M (5%)     
[2026-06-17T10:03:12.745+0800][0.838s][info][gc,heap     ] GC(21) y: Reclaimed:         -                  -                 8M (12%)          11M (17%)    
[2026-06-17T10:03:12.745+0800][0.838s][info][gc,heap     ] GC(21) y:  Promoted:         -                  -                 0M (0%)            0M (0%)     
[2026-06-17T10:03:12.745+0800][0.838s][info][gc,heap     ] GC(21) y: Compacted:         -                  -                  -                 0M (2%)     
[2026-06-17T10:03:12.745+0800][0.838s][info][gc,phases   ] GC(21) y: Young Generation 54M(84%)->44M(69%) 0.003s
[2026-06-17T10:03:12.745+0800][0.838s][info][gc          ] GC(21) Minor Collection (Allocation Rate) 54M(84%)->44M(69%) 0.007s
[2026-06-17T10:03:12.745+0800][0.838s][info][gc,alloc    ] GC(20) O:                         Mark Start        Mark End      Relocate Start    Relocate End   
[2026-06-17T10:03:12.745+0800][0.838s][info][gc,alloc    ] GC(20) O: Allocation Stalls:          0                0                0                0         
[2026-06-17T10:03:12.745+0800][0.839s][info][gc,load     ] GC(20) O: Load: 0.38 (2%) / 0.43 (2%) / 0.50 (2%)
[2026-06-17T10:03:12.745+0800][0.839s][info][gc,mmu      ] GC(20) O: MMU: 2ms/98.6%, 5ms/99.3%, 10ms/99.5%, 20ms/99.6%, 50ms/99.7%, 100ms/99.8%
[2026-06-17T10:03:12.745+0800][0.839s][info][gc,marking  ] GC(20) O: Mark: 1 stripe(s), 1 proactive flush(es), 1 terminate flush(es), 0 completion(s), 0 continuation(s) 
[2026-06-17T10:03:12.746+0800][0.839s][info][gc,marking  ] GC(20) O: Mark Stack Usage: 32M
[2026-06-17T10:03:12.746+0800][0.839s][info][gc,nmethod  ] GC(20) O: NMethods: 68 registered, 3 unregistered
[2026-06-17T10:03:12.746+0800][0.839s][info][gc,metaspace] GC(20) O: Metaspace: 0M used, 0M committed, 1088M reserved
[2026-06-17T10:03:12.746+0800][0.839s][info][gc,ref      ] GC(20) O:                       Encountered   Discovered     Enqueued 
[2026-06-17T10:03:12.746+0800][0.839s][info][gc,ref      ] GC(20) O: Soft References:                0            0            0 
[2026-06-17T10:03:12.746+0800][0.839s][info][gc,ref      ] GC(20) O: Weak References:                6            0            0 
[2026-06-17T10:03:12.746+0800][0.839s][info][gc,ref      ] GC(20) O: Final References:               0            0            0 
[2026-06-17T10:03:12.746+0800][0.839s][info][gc,ref      ] GC(20) O: Phantom References:             1            1            0 
[2026-06-17T10:03:12.746+0800][0.840s][info][gc,reloc    ] GC(20) O:                        Candidates     Selected     In-Place         Size        Empty    Relocated 
[2026-06-17T10:03:12.746+0800][0.840s][info][gc,reloc    ] GC(20) O: Small Pages:                    2            1            0           4M           0M           1M 
[2026-06-17T10:03:12.746+0800][0.840s][info][gc,reloc    ] GC(20) O: Large Pages:                   11            0            0          22M           0M           0M 
[2026-06-17T10:03:12.747+0800][0.840s][info][gc,reloc    ] GC(20) O: Forwarding Usage: 0M
[2026-06-17T10:03:12.747+0800][0.840s][info][gc,heap     ] GC(20) O: Min Capacity: 64M(100%)
[2026-06-17T10:03:12.747+0800][0.840s][info][gc,heap     ] GC(20) O: Max Capacity: 64M(100%)
[2026-06-17T10:03:12.747+0800][0.840s][info][gc,heap     ] GC(20) O: Soft Max Capacity: 64M(100%)
[2026-06-17T10:03:12.747+0800][0.840s][info][gc,heap     ] GC(20) O: Heap Statistics:
[2026-06-17T10:03:12.747+0800][0.840s][info][gc,heap     ] GC(20) O:                Mark Start          Mark End        Relocate Start      Relocate End           High               Low         
[2026-06-17T10:03:12.747+0800][0.840s][info][gc,heap     ] GC(20) O:  Capacity:       64M (100%)         64M (100%)         64M (100%)         64M (100%)         64M (100%)         64M (100%)   
[2026-06-17T10:03:12.747+0800][0.840s][info][gc,heap     ] GC(20) O:      Free:       16M (25%)          26M (41%)          10M (16%)          12M (19%)          26M (41%)           8M (12%)    
[2026-06-17T10:03:12.747+0800][0.840s][info][gc,heap     ] GC(20) O:      Used:       48M (75%)          38M (59%)          54M (84%)          52M (81%)          56M (88%)          38M (59%)    
[2026-06-17T10:03:12.747+0800][0.841s][info][gc,heap     ] GC(20) O: Old Generation Statistics:
[2026-06-17T10:03:12.747+0800][0.841s][info][gc,heap     ] GC(20) O:                Mark Start          Mark End        Relocate Start      Relocate End    
[2026-06-17T10:03:12.747+0800][0.841s][info][gc,heap     ] GC(20) O:      Used:       26M (41%)          26M (41%)          26M (41%)          24M (38%)    
[2026-06-17T10:03:12.747+0800][0.841s][info][gc,heap     ] GC(20) O:      Live:         -                23M (37%)          23M (37%)          23M (37%)    
[2026-06-17T10:03:12.747+0800][0.841s][info][gc,heap     ] GC(20) O:   Garbage:         -                 2M (4%)            2M (4%)            0M (0%)     
[2026-06-17T10:03:12.748+0800][0.841s][info][gc,heap     ] GC(20) O: Allocated:         -                 0M (0%)            0M (0%)            0M (0%)     
[2026-06-17T10:03:12.748+0800][0.841s][info][gc,heap     ] GC(20) O: Reclaimed:         -                  -                 0M (0%)            2M (4%)     
[2026-06-17T10:03:12.748+0800][0.841s][info][gc,heap     ] GC(20) O: Compacted:         -                  -                  -                 1M (3%)     
[2026-06-17T10:03:12.748+0800][0.841s][info][gc,phases   ] GC(20) O: Old Generation 38M(59%)->52M(81%) 0.024s
[2026-06-17T10:03:12.748+0800][0.841s][info][gc          ] GC(20) Major Collection (Allocation Rate) 46M(72%)->48M(75%) 0.034s
[2026-06-17T10:03:12.756+0800][0.849s][info][gc          ] GC(22) Minor Collection (Allocation Rate)
[2026-06-17T10:03:12.756+0800][0.850s][info][gc,task     ] GC(22) Using 1 Workers for Young Generation
[2026-06-17T10:03:12.756+0800][0.850s][info][gc,phases   ] GC(22) y: Young Generation
[2026-06-17T10:03:12.757+0800][0.850s][info][gc,phases   ] GC(22) y: Pause Mark Start 0.011ms
[2026-06-17T10:03:12.757+0800][0.850s][info][gc,phases   ] GC(22) y: Concurrent Mark 0.409ms
[2026-06-17T10:03:12.757+0800][0.851s][info][gc,phases   ] GC(22) y: Pause Mark End 0.006ms
[2026-06-17T10:03:12.757+0800][0.851s][info][gc,phases   ] GC(22) y: Concurrent Mark Free 0.000ms
[2026-06-17T10:03:12.758+0800][0.851s][info][gc,phases   ] GC(22) y: Concurrent Reset Relocation Set 0.001ms
[2026-06-17T10:03:12.758+0800][0.852s][info][gc,reloc    ] GC(22) y: Using tenuring threshold: 1 (Computed)
[2026-06-17T10:03:12.759+0800][0.852s][info][gc,phases   ] GC(22) y: Concurrent Select Relocation Set 1.010ms
[2026-06-17T10:03:12.759+0800][0.852s][info][gc,phases   ] GC(22) y: Pause Relocate Start 0.005ms
[2026-06-17T10:03:12.759+0800][0.852s][info][gc,phases   ] GC(22) y: Concurrent Relocate 0.238ms
[2026-06-17T10:03:12.759+0800][0.853s][info][gc,alloc    ] GC(22) y:                         Mark Start        Mark End      Relocate Start    Relocate End   
[2026-06-17T10:03:12.759+0800][0.853s][info][gc,alloc    ] GC(22) y: Allocation Stalls:          0                0                0                0         
[2026-06-17T10:03:12.760+0800][0.853s][info][gc,load     ] GC(22) y: Load: 0.38 (2%) / 0.43 (2%) / 0.50 (2%)
[2026-06-17T10:03:12.760+0800][0.853s][info][gc,mmu      ] GC(22) y: MMU: 2ms/98.6%, 5ms/99.3%, 10ms/99.5%, 20ms/99.6%, 50ms/99.7%, 100ms/99.8%
[2026-06-17T10:03:12.760+0800][0.853s][info][gc,marking  ] GC(22) y: Mark: 1 stripe(s), 1 proactive flush(es), 1 terminate flush(es), 0 completion(s), 0 continuation(s) 
[2026-06-17T10:03:12.760+0800][0.853s][info][gc,marking  ] GC(22) y: Mark Stack Usage: 32M
[2026-06-17T10:03:12.760+0800][0.853s][info][gc,nmethod  ] GC(22) y: NMethods: 68 registered, 3 unregistered
[2026-06-17T10:03:12.760+0800][0.853s][info][gc,metaspace] GC(22) y: Metaspace: 0M used, 0M committed, 1088M reserved
[2026-06-17T10:03:12.760+0800][0.853s][info][gc,reloc    ] GC(22) y:                        Candidates     Selected     In-Place         Size        Empty    Relocated 
[2026-06-17T10:03:12.760+0800][0.853s][info][gc,reloc    ] GC(22) y: Small Pages:                    7            2            0          14M           6M           1M 
[2026-06-17T10:03:12.760+0800][0.853s][info][gc,reloc    ] GC(22) y: Large Pages:                   11            0            0          22M           0M           0M 
[2026-06-17T10:03:12.760+0800][0.853s][info][gc,reloc    ] GC(22) y: Forwarding Usage: 0M
[2026-06-17T10:03:12.760+0800][0.854s][info][gc,reloc    ] GC(22) y: Age Table:
[2026-06-17T10:03:12.760+0800][0.854s][info][gc,reloc    ] GC(22) y:                    Live             Garbage             Small              Medium             Large        
[2026-06-17T10:03:12.760+0800][0.854s][info][gc,reloc    ] GC(22) y: Eden               8M (14%)           7M (11%)          4 / 1              0 / 0              4 / 0        
[2026-06-17T10:03:12.760+0800][0.854s][info][gc,reloc    ] GC(22) y: Survivor 1         7M (11%)           2M (5%)           2 / 0              0 / 0              3 / 0        
[2026-06-17T10:03:12.760+0800][0.854s][info][gc,reloc    ] GC(22) y: Survivor 2         8M (14%)           1M (2%)           1 / 1              0 / 0              4 / 0        
[2026-06-17T10:03:12.761+0800][0.854s][info][gc,heap     ] GC(22) y: Min Capacity: 64M(100%)
[2026-06-17T10:03:12.761+0800][0.854s][info][gc,heap     ] GC(22) y: Max Capacity: 64M(100%)
[2026-06-17T10:03:12.761+0800][0.854s][info][gc,heap     ] GC(22) y: Soft Max Capacity: 64M(100%)
[2026-06-17T10:03:12.761+0800][0.854s][info][gc,heap     ] GC(22) y: Heap Statistics:
[2026-06-17T10:03:12.761+0800][0.854s][info][gc,heap     ] GC(22) y:                Mark Start          Mark End        Relocate Start      Relocate End           High               Low         
[2026-06-17T10:03:12.762+0800][0.855s][info][gc,heap     ] GC(22) y:  Capacity:       64M (100%)         64M (100%)         64M (100%)         64M (100%)         64M (100%)         64M (100%)   
[2026-06-17T10:03:12.762+0800][0.855s][info][gc,heap     ] GC(22) y:      Free:        4M (6%)            4M (6%)           10M (16%)          12M (19%)          12M (19%)           4M (6%)     
[2026-06-17T10:03:12.762+0800][0.855s][info][gc,heap     ] GC(22) y:      Used:       60M (94%)          60M (94%)          54M (84%)          52M (81%)          60M (94%)          52M (81%)    
[2026-06-17T10:03:12.762+0800][0.856s][info][gc,heap     ] GC(22) y: Young Generation Statistics:
[2026-06-17T10:03:12.763+0800][0.856s][info][gc,heap     ] GC(22) y:                Mark Start          Mark End        Relocate Start      Relocate End    
[2026-06-17T10:03:12.763+0800][0.856s][info][gc,heap     ] GC(22) y:      Used:       36M (56%)          36M (56%)          14M (22%)          10M (16%)    
[2026-06-17T10:03:12.763+0800][0.856s][info][gc,heap     ] GC(22) y:      Live:         -                24M (38%)           9M (15%)           8M (14%)    
[2026-06-17T10:03:12.763+0800][0.856s][info][gc,heap     ] GC(22) y:   Garbage:         -                11M (18%)           4M (7%)            0M (0%)     
[2026-06-17T10:03:12.763+0800][0.856s][info][gc,heap     ] GC(22) y: Allocated:         -                 0M (0%)            0M (0%)            1M (2%)     
[2026-06-17T10:03:12.763+0800][0.856s][info][gc,heap     ] GC(22) y: Reclaimed:         -                  -                 7M (11%)          11M (18%)    
[2026-06-17T10:03:12.763+0800][0.857s][info][gc,heap     ] GC(22) y:  Promoted:         -                  -                14M (23%)          15M (25%)    
[2026-06-17T10:03:12.763+0800][0.857s][info][gc,heap     ] GC(22) y: Compacted:         -                  -                  -                 0M (1%)     
[2026-06-17T10:03:12.763+0800][0.857s][info][gc,phases   ] GC(22) y: Young Generation 60M(94%)->52M(81%) 0.003s
[2026-06-17T10:03:12.763+0800][0.857s][info][gc          ] GC(22) Minor Collection (Allocation Rate) 56M(88%)->52M(81%) 0.007s
[2026-06-17T10:03:12.767+0800][0.860s][info][gc          ] GC(23) Minor Collection (Allocation Rate)
[2026-06-17T10:03:12.767+0800][0.860s][info][gc,task     ] GC(23) Using 1 Workers for Young Generation
[2026-06-17T10:03:12.767+0800][0.860s][info][gc,phases   ] GC(23) y: Young Generation
[2026-06-17T10:03:12.768+0800][0.861s][info][gc,phases   ] GC(23) y: Pause Mark Start 0.011ms
[2026-06-17T10:03:12.768+0800][0.862s][info][gc,phases   ] GC(23) y: Concurrent Mark 0.533ms
[2026-06-17T10:03:12.769+0800][0.862s][info][gc,phases   ] GC(23) y: Pause Mark End 0.006ms
[2026-06-17T10:03:12.769+0800][0.862s][info][gc,phases   ] GC(23) y: Concurrent Mark Free 0.001ms
[2026-06-17T10:03:12.769+0800][0.862s][info][gc,phases   ] GC(23) y: Concurrent Reset Relocation Set 0.005ms
[2026-06-17T10:03:12.770+0800][0.863s][info][gc,reloc    ] GC(23) y: Using tenuring threshold: 2 (Computed)
[2026-06-17T10:03:12.770+0800][0.863s][info][gc,phases   ] GC(23) y: Concurrent Select Relocation Set 0.891ms
[2026-06-17T10:03:12.770+0800][0.864s][info][gc,phases   ] GC(23) y: Pause Relocate Start 0.006ms
[2026-06-17T10:03:12.770+0800][0.864s][info][gc,phases   ] GC(23) y: Concurrent Relocate 0.092ms
[2026-06-17T10:03:12.771+0800][0.864s][info][gc,alloc    ] GC(23) y:                         Mark Start        Mark End      Relocate Start    Relocate End   
[2026-06-17T10:03:12.771+0800][0.864s][info][gc,alloc    ] GC(23) y: Allocation Stalls:          0                0                0                0         
[2026-06-17T10:03:12.771+0800][0.864s][info][gc,load     ] GC(23) y: Load: 0.38 (2%) / 0.43 (2%) / 0.50 (2%)
[2026-06-17T10:03:12.771+0800][0.864s][info][gc,mmu      ] GC(23) y: MMU: 2ms/98.6%, 5ms/99.3%, 10ms/99.5%, 20ms/99.6%, 50ms/99.7%, 100ms/99.8%
[2026-06-17T10:03:12.771+0800][0.865s][info][gc,marking  ] GC(23) y: Mark: 1 stripe(s), 1 proactive flush(es), 1 terminate flush(es), 0 completion(s), 0 continuation(s) 
[2026-06-17T10:03:12.771+0800][0.865s][info][gc,marking  ] GC(23) y: Mark Stack Usage: 32M
[2026-06-17T10:03:12.772+0800][0.865s][info][gc,nmethod  ] GC(23) y: NMethods: 69 registered, 3 unregistered
[2026-06-17T10:03:12.772+0800][0.865s][info][gc,metaspace] GC(23) y: Metaspace: 0M used, 0M committed, 1088M reserved
[2026-06-17T10:03:12.772+0800][0.865s][info][gc,reloc    ] GC(23) y:                        Candidates     Selected     In-Place         Size        Empty    Relocated 
[2026-06-17T10:03:12.772+0800][0.865s][info][gc,reloc    ] GC(23) y: Small Pages:                    3            0            0           6M           4M           0M 
[2026-06-17T10:03:12.772+0800][0.865s][info][gc,reloc    ] GC(23) y: Large Pages:                    4            0            0           8M           0M           0M 
[2026-06-17T10:03:12.772+0800][0.865s][info][gc,reloc    ] GC(23) y: Forwarding Usage: 0M
[2026-06-17T10:03:12.772+0800][0.866s][info][gc,reloc    ] GC(23) y: Age Table:
[2026-06-17T10:03:12.772+0800][0.866s][info][gc,reloc    ] GC(23) y:                    Live             Garbage             Small              Medium             Large        
[2026-06-17T10:03:12.772+0800][0.866s][info][gc,reloc    ] GC(23) y: Eden                -                 4M (6%)           2 / 0              0 / 0              0 / 0        
[2026-06-17T10:03:12.773+0800][0.866s][info][gc,reloc    ] GC(23) y: Survivor 1         8M (14%)           1M (2%)           1 / 0              0 / 0              4 / 0        
[2026-06-17T10:03:12.773+0800][0.866s][info][gc,heap     ] GC(23) y: Min Capacity: 64M(100%)
[2026-06-17T10:03:12.773+0800][0.866s][info][gc,heap     ] GC(23) y: Max Capacity: 64M(100%)
[2026-06-17T10:03:12.773+0800][0.866s][info][gc,heap     ] GC(23) y: Soft Max Capacity: 64M(100%)
[2026-06-17T10:03:12.773+0800][0.866s][info][gc,heap     ] GC(23) y: Heap Statistics:
[2026-06-17T10:03:12.773+0800][0.866s][info][gc,heap     ] GC(23) y:                Mark Start          Mark End        Relocate Start      Relocate End           High               Low         
[2026-06-17T10:03:12.773+0800][0.866s][info][gc,heap     ] GC(23) y:  Capacity:       64M (100%)         64M (100%)         64M (100%)         64M (100%)         64M (100%)         64M (100%)   
[2026-06-17T10:03:12.773+0800][0.867s][info][gc,heap     ] GC(23) y:      Free:        8M (12%)           8M (12%)          12M (19%)          12M (19%)          12M (19%)           8M (12%)    
[2026-06-17T10:03:12.773+0800][0.867s][info][gc,heap     ] GC(23) y:      Used:       56M (88%)          56M (88%)          52M (81%)          52M (81%)          56M (88%)          52M (81%)    
[2026-06-17T10:03:12.774+0800][0.867s][info][gc,heap     ] GC(23) y: Young Generation Statistics:
[2026-06-17T10:03:12.774+0800][0.867s][info][gc,heap     ] GC(23) y:                Mark Start          Mark End        Relocate Start      Relocate End    
[2026-06-17T10:03:12.774+0800][0.867s][info][gc,heap     ] GC(23) y:      Used:       14M (22%)          14M (22%)          10M (16%)          10M (16%)    
[2026-06-17T10:03:12.774+0800][0.867s][info][gc,heap     ] GC(23) y:      Live:         -                 8M (14%)           8M (14%)           8M (14%)    
[2026-06-17T10:03:12.774+0800][0.868s][info][gc,heap     ] GC(23) y:   Garbage:         -                 5M (8%)            1M (2%)            1M (2%)     
[2026-06-17T10:03:12.775+0800][0.868s][info][gc,heap     ] GC(23) y: Allocated:         -                 0M (0%)            0M (0%)            0M (0%)     
[2026-06-17T10:03:12.775+0800][0.868s][info][gc,heap     ] GC(23) y: Reclaimed:         -                  -                 4M (6%)            4M (6%)     
[2026-06-17T10:03:12.775+0800][0.868s][info][gc,heap     ] GC(23) y:  Promoted:         -                  -                 0M (0%)            0M (0%)     
[2026-06-17T10:03:12.775+0800][0.868s][info][gc,heap     ] GC(23) y: Compacted:         -                  -                  -                 0M (0%)     
[2026-06-17T10:03:12.775+0800][0.868s][info][gc,phases   ] GC(23) y: Young Generation 56M(88%)->52M(81%) 0.004s
[2026-06-17T10:03:12.775+0800][0.869s][info][gc          ] GC(23) Minor Collection (Allocation Rate) 56M(88%)->52M(81%) 0.009s
[2026-06-17T10:03:12.787+0800][0.881s][info][gc          ] GC(24) Major Collection (Allocation Rate)
[2026-06-17T10:03:12.788+0800][0.881s][info][gc,task     ] GC(24) Using 1 Workers for Young Generation
[2026-06-17T10:03:12.788+0800][0.881s][info][gc,task     ] GC(24) Using 1 Workers for Old Generation
[2026-06-17T10:03:12.788+0800][0.881s][info][gc,phases   ] GC(24) Y: Young Generation
[2026-06-17T10:03:12.788+0800][0.881s][info][gc,phases   ] GC(24) Y: Pause Mark Start (Major) 0.014ms
[2026-06-17T10:03:12.789+0800][0.882s][info][gc,phases   ] GC(24) Y: Concurrent Mark 0.475ms
[2026-06-17T10:03:12.789+0800][0.882s][info][gc,phases   ] GC(24) Y: Pause Mark End 0.007ms
[2026-06-17T10:03:12.789+0800][0.882s][info][gc,phases   ] GC(24) Y: Concurrent Mark Free 0.000ms
[2026-06-17T10:03:12.789+0800][0.882s][info][gc,phases   ] GC(24) Y: Concurrent Reset Relocation Set 0.001ms
[2026-06-17T10:03:12.790+0800][0.883s][info][gc,reloc    ] GC(24) Y: Using tenuring threshold: 2 (Computed)
[2026-06-17T10:03:12.790+0800][0.883s][info][gc          ] Allocation Stall (main) 1.646ms
[2026-06-17T10:03:12.790+0800][0.883s][info][gc,phases   ] GC(24) Y: Concurrent Select Relocation Set 0.795ms
[2026-06-17T10:03:12.790+0800][0.884s][info][gc,phases   ] GC(24) Y: Pause Relocate Start 0.005ms
[2026-06-17T10:03:12.790+0800][0.884s][info][gc,phases   ] GC(24) Y: Concurrent Relocate 0.155ms
[2026-06-17T10:03:12.791+0800][0.884s][info][gc,alloc    ] GC(24) Y:                         Mark Start        Mark End      Relocate Start    Relocate End   
[2026-06-17T10:03:12.791+0800][0.884s][info][gc,alloc    ] GC(24) Y: Allocation Stalls:          1                1                0                0         
[2026-06-17T10:03:12.791+0800][0.884s][info][gc,load     ] GC(24) Y: Load: 0.38 (2%) / 0.43 (2%) / 0.50 (2%)
[2026-06-17T10:03:12.791+0800][0.884s][info][gc,mmu      ] GC(24) Y: MMU: 2ms/98.6%, 5ms/99.3%, 10ms/99.5%, 20ms/99.6%, 50ms/99.7%, 100ms/99.8%
[2026-06-17T10:03:12.791+0800][0.884s][info][gc,marking  ] GC(24) Y: Mark: 1 stripe(s), 1 proactive flush(es), 1 terminate flush(es), 0 completion(s), 0 continuation(s) 
[2026-06-17T10:03:12.791+0800][0.884s][info][gc,marking  ] GC(24) Y: Mark Stack Usage: 32M
[2026-06-17T10:03:12.791+0800][0.884s][info][gc,nmethod  ] GC(24) Y: NMethods: 69 registered, 3 unregistered
[2026-06-17T10:03:12.791+0800][0.884s][info][gc,metaspace] GC(24) Y: Metaspace: 0M used, 0M committed, 1088M reserved
[2026-06-17T10:03:12.791+0800][0.884s][info][gc,reloc    ] GC(24) Y:                        Candidates     Selected     In-Place         Size        Empty    Relocated 
[2026-06-17T10:03:12.791+0800][0.885s][info][gc,reloc    ] GC(24) Y: Small Pages:                    5            1            2          10M           6M           0M 
[2026-06-17T10:03:12.792+0800][0.885s][info][gc,reloc    ] GC(24) Y: Large Pages:                    6            0            0          12M           0M           0M 
[2026-06-17T10:03:12.792+0800][0.885s][info][gc,reloc    ] GC(24) Y: Forwarding Usage: 0M
[2026-06-17T10:03:12.792+0800][0.885s][info][gc,reloc    ] GC(24) Y: Age Table:
[2026-06-17T10:03:12.792+0800][0.885s][info][gc,reloc    ] GC(24) Y:                    Live             Garbage             Small              Medium             Large        
[2026-06-17T10:03:12.792+0800][0.885s][info][gc,reloc    ] GC(24) Y: Eden               4M (7%)            7M (12%)          4 / 0              0 / 0              2 / 0        
[2026-06-17T10:03:12.792+0800][0.885s][info][gc,reloc    ] GC(24) Y: Survivor 1          -                 0M (0%)           0 / 0              0 / 0              0 / 0        
[2026-06-17T10:03:12.792+0800][0.885s][info][gc,reloc    ] GC(24) Y: Survivor 2         8M (14%)           1M (2%)           1 / 1              0 / 0              4 / 0        
[2026-06-17T10:03:12.792+0800][0.886s][info][gc,heap     ] GC(24) Y: Min Capacity: 64M(100%)
[2026-06-17T10:03:12.792+0800][0.886s][info][gc,heap     ] GC(24) Y: Max Capacity: 64M(100%)
[2026-06-17T10:03:12.792+0800][0.886s][info][gc,heap     ] GC(24) Y: Soft Max Capacity: 64M(100%)
[2026-06-17T10:03:12.793+0800][0.886s][info][gc,heap     ] GC(24) Y: Heap Statistics:
[2026-06-17T10:03:12.794+0800][0.887s][info][gc,heap     ] GC(24) Y:                Mark Start          Mark End        Relocate Start      Relocate End           High               Low         
[2026-06-17T10:03:12.794+0800][0.887s][info][gc,heap     ] GC(24) Y:  Capacity:       64M (100%)         64M (100%)         64M (100%)         64M (100%)         64M (100%)         64M (100%)   
[2026-06-17T10:03:12.797+0800][0.890s][info][gc,heap     ] GC(24) Y:      Free:        0M (0%)            0M (0%)            2M (3%)            0M (0%)            6M (9%)            0M (0%)     
[2026-06-17T10:03:12.798+0800][0.891s][info][gc,heap     ] GC(24) Y:      Used:       64M (100%)         64M (100%)         62M (97%)          64M (100%)         64M (100%)         58M (91%)    
[2026-06-17T10:03:12.801+0800][0.894s][info][gc,heap     ] GC(24) Y: Young Generation Statistics:
[2026-06-17T10:03:12.802+0800][0.895s][info][gc,heap     ] GC(24) Y:                Mark Start          Mark End        Relocate Start      Relocate End    
[2026-06-17T10:03:12.804+0800][0.897s][info][gc,heap     ] GC(24) Y:      Used:       22M (34%)          22M (34%)          12M (19%)          12M (19%)    
[2026-06-17T10:03:12.804+0800][0.897s][info][gc,heap     ] GC(24) Y:      Live:         -                13M (21%)           5M (8%)            4M (7%)     
[2026-06-17T10:03:12.804+0800][0.898s][info][gc,heap     ] GC(24) Y:   Garbage:         -                 8M (14%)           2M (4%)            0M (0%)     
[2026-06-17T10:03:12.804+0800][0.898s][info][gc,heap     ] GC(24) Y: Allocated:         -                 0M (0%)            4M (6%)            7M (12%)    
[2026-06-17T10:03:12.804+0800][0.898s][info][gc,heap     ] GC(24) Y: Reclaimed:         -                  -                 6M (9%)            8M (14%)    
[2026-06-17T10:03:12.805+0800][0.898s][info][gc,heap     ] GC(24) Y:  Promoted:         -                  -                 8M (12%)           8M (14%)    
[2026-06-17T10:03:12.805+0800][0.898s][info][gc,heap     ] GC(24) Y: Compacted:         -                  -                  -                 0M (1%)     
[2026-06-17T10:03:12.805+0800][0.898s][info][gc,phases   ] GC(24) Y: Young Generation 64M(100%)->64M(100%) 0.003s
[2026-06-17T10:03:12.805+0800][0.898s][info][gc,phases   ] GC(24) O: Old Generation
[2026-06-17T10:03:12.805+0800][0.898s][info][gc          ] GC(25) Minor Collection (Allocation Stall)
[2026-06-17T10:03:12.805+0800][0.898s][info][gc,task     ] GC(25) Using 1 Workers for Young Generation
[2026-06-17T10:03:12.805+0800][0.899s][info][gc,phases   ] GC(25) y: Young Generation
[2026-06-17T10:03:12.805+0800][0.899s][info][gc,phases   ] GC(25) y: Pause Mark Start 0.011ms
[2026-06-17T10:03:12.806+0800][0.899s][info][gc,phases   ] GC(25) y: Concurrent Mark 0.469ms
[2026-06-17T10:03:12.806+0800][0.899s][info][gc,phases   ] GC(25) y: Pause Mark End 0.007ms
[2026-06-17T10:03:12.806+0800][0.900s][info][gc,phases   ] GC(25) y: Concurrent Mark Free 0.000ms
[2026-06-17T10:03:12.807+0800][0.900s][info][gc,phases   ] GC(24) O: Concurrent Mark 1.494ms
[2026-06-17T10:03:12.807+0800][0.900s][info][gc,phases   ] GC(25) y: Concurrent Reset Relocation Set 0.003ms
[2026-06-17T10:03:12.807+0800][0.900s][info][gc,phases   ] GC(24) O: Pause Mark End 0.007ms
[2026-06-17T10:03:12.807+0800][0.900s][info][gc,phases   ] GC(24) O: Concurrent Mark Free 0.001ms
[2026-06-17T10:03:12.807+0800][0.901s][info][gc,reloc    ] GC(25) y: Using tenuring threshold: 2 (Computed)
[2026-06-17T10:03:12.807+0800][0.901s][info][gc,phases   ] GC(24) O: Concurrent Process Non-Strong 0.308ms
[2026-06-17T10:03:12.808+0800][0.901s][info][gc,phases   ] GC(24) O: Concurrent Reset Relocation Set 0.001ms
[2026-06-17T10:03:12.808+0800][0.901s][info][gc,phases   ] GC(25) y: Concurrent Select Relocation Set 0.768ms
[2026-06-17T10:03:12.808+0800][0.901s][info][gc,phases   ] GC(25) y: Pause Relocate Start 0.004ms
[2026-06-17T10:03:12.808+0800][0.901s][info][gc          ] Allocation Stall (main) 7.443ms
[2026-06-17T10:03:12.808+0800][0.901s][info][gc,phases   ] GC(25) y: Concurrent Relocate 0.196ms
[2026-06-17T10:03:12.808+0800][0.902s][info][gc,phases   ] GC(24) O: Concurrent Select Relocation Set 0.549ms
[2026-06-17T10:03:12.808+0800][0.902s][info][gc,alloc    ] GC(25) y:                         Mark Start        Mark End      Relocate Start    Relocate End   
[2026-06-17T10:03:12.809+0800][0.902s][info][gc,alloc    ] GC(25) y: Allocation Stalls:          1                1                1                0         
[2026-06-17T10:03:12.809+0800][0.902s][info][gc,load     ] GC(25) y: Load: 0.38 (2%) / 0.43 (2%) / 0.50 (2%)
[2026-06-17T10:03:12.809+0800][0.902s][info][gc,mmu      ] GC(25) y: MMU: 2ms/98.6%, 5ms/99.3%, 10ms/99.5%, 20ms/99.6%, 50ms/99.7%, 100ms/99.8%
[2026-06-17T10:03:12.809+0800][0.902s][info][gc,marking  ] GC(25) y: Mark: 1 stripe(s), 1 proactive flush(es), 1 terminate flush(es), 0 completion(s), 0 continuation(s) 
[2026-06-17T10:03:12.809+0800][0.902s][info][gc,marking  ] GC(25) y: Mark Stack Usage: 32M
[2026-06-17T10:03:12.809+0800][0.902s][info][gc,nmethod  ] GC(25) y: NMethods: 69 registered, 3 unregistered
[2026-06-17T10:03:12.809+0800][0.902s][info][gc,metaspace] GC(25) y: Metaspace: 0M used, 0M committed, 1088M reserved
[2026-06-17T10:03:12.809+0800][0.902s][info][gc,reloc    ] GC(25) y:                        Candidates     Selected     In-Place         Size        Empty    Relocated 
[2026-06-17T10:03:12.809+0800][0.902s][info][gc,reloc    ] GC(25) y: Small Pages:                    3            1            1           6M           0M           0M 
[2026-06-17T10:03:12.809+0800][0.903s][info][gc,reloc    ] GC(25) y: Large Pages:                    3            0            0           6M           0M           0M 
[2026-06-17T10:03:12.809+0800][0.903s][info][gc,reloc    ] GC(25) y: Forwarding Usage: 0M
[2026-06-17T10:03:12.809+0800][0.903s][info][gc,reloc    ] GC(25) y: Age Table:
[2026-06-17T10:03:12.810+0800][0.903s][info][gc,reloc    ] GC(25) y:                    Live             Garbage             Small              Medium             Large        
[2026-06-17T10:03:12.810+0800][0.903s][info][gc,reloc    ] GC(25) y: Eden               3M (6%)            0M (0%)           1 / 0              0 / 0              1 / 0        
[2026-06-17T10:03:12.810+0800][0.903s][info][gc,reloc    ] GC(25) y: Survivor 1         4M (7%)            3M (5%)           2 / 1              0 / 0              2 / 0        
[2026-06-17T10:03:12.810+0800][0.903s][info][gc,heap     ] GC(25) y: Min Capacity: 64M(100%)
[2026-06-17T10:03:12.810+0800][0.904s][info][gc,heap     ] GC(25) y: Max Capacity: 64M(100%)
[2026-06-17T10:03:12.810+0800][0.904s][info][gc,heap     ] GC(25) y: Soft Max Capacity: 64M(100%)
[2026-06-17T10:03:12.810+0800][0.904s][info][gc,heap     ] GC(25) y: Heap Statistics:
[2026-06-17T10:03:12.810+0800][0.904s][info][gc,heap     ] GC(25) y:                Mark Start          Mark End        Relocate Start      Relocate End           High               Low         
[2026-06-17T10:03:12.811+0800][0.904s][info][gc,heap     ] GC(25) y:  Capacity:       64M (100%)         64M (100%)         64M (100%)         64M (100%)         64M (100%)         64M (100%)   
[2026-06-17T10:03:12.811+0800][0.904s][info][gc,heap     ] GC(25) y:      Free:        0M (0%)            0M (0%)            0M (0%)            0M (0%)            2M (3%)            0M (0%)     
[2026-06-17T10:03:12.811+0800][0.904s][info][gc,heap     ] GC(25) y:      Used:       64M (100%)         64M (100%)         64M (100%)         64M (100%)         64M (100%)         62M (97%)    
[2026-06-17T10:03:12.811+0800][0.904s][info][gc,heap     ] GC(25) y: Young Generation Statistics:
[2026-06-17T10:03:12.811+0800][0.904s][info][gc,heap     ] GC(25) y:                Mark Start          Mark End        Relocate Start      Relocate End    
[2026-06-17T10:03:12.811+0800][0.904s][info][gc,heap     ] GC(25) y:      Used:       12M (19%)          12M (19%)          12M (19%)          10M (16%)    
[2026-06-17T10:03:12.811+0800][0.904s][info][gc,heap     ] GC(25) y:      Live:         -                 8M (13%)           8M (13%)           8M (13%)    
[2026-06-17T10:03:12.811+0800][0.905s][info][gc,heap     ] GC(25) y:   Garbage:         -                 3M (6%)            3M (6%)            0M (0%)     
[2026-06-17T10:03:12.811+0800][0.905s][info][gc,heap     ] GC(25) y: Allocated:         -                 0M (0%)            0M (0%)            1M (2%)     
[2026-06-17T10:03:12.811+0800][0.905s][info][gc,heap     ] GC(25) y: Reclaimed:         -                  -                 0M (0%)            3M (5%)     
[2026-06-17T10:03:12.811+0800][0.905s][info][gc,heap     ] GC(25) y:  Promoted:         -                  -                 0M (0%)            0M (0%)     
[2026-06-17T10:03:12.812+0800][0.905s][info][gc,heap     ] GC(25) y: Compacted:         -                  -                  -                 0M (1%)     
[2026-06-17T10:03:12.812+0800][0.905s][info][gc,phases   ] GC(25) y: Young Generation 64M(100%)->64M(100%) 0.003s
[2026-06-17T10:03:12.812+0800][0.905s][info][gc          ] GC(25) Minor Collection (Allocation Stall) 64M(100%)->64M(100%) 0.007s
[2026-06-17T10:03:12.812+0800][0.905s][info][gc,task     ] GC(24) O: Using 1 Workers for Old Generation
[2026-06-17T10:03:12.825+0800][0.918s][info][gc,task     ] GC(24) O: Using 1 Workers for Old Generation
[2026-06-17T10:03:12.825+0800][0.919s][info][gc,phases   ] GC(24) O: Concurrent Remap Roots 13.286ms
[2026-06-17T10:03:12.826+0800][0.919s][info][gc,phases   ] GC(24) O: Pause Relocate Start 0.012ms
[2026-06-17T10:03:12.826+0800][0.919s][info][gc          ] GC(26) Minor Collection (Allocation Rate)
[2026-06-17T10:03:12.826+0800][0.919s][info][gc,task     ] GC(26) Using 1 Workers for Young Generation
[2026-06-17T10:03:12.826+0800][0.919s][info][gc,phases   ] GC(24) O: Concurrent Relocate 0.101ms
[2026-06-17T10:03:12.826+0800][0.919s][info][gc,phases   ] GC(26) y: Young Generation
[2026-06-17T10:03:12.826+0800][0.920s][info][gc,phases   ] GC(26) y: Pause Mark Start 0.009ms
[2026-06-17T10:03:12.827+0800][0.920s][info][gc,phases   ] GC(26) y: Concurrent Mark 0.452ms
[2026-06-17T10:03:12.827+0800][0.920s][info][gc,phases   ] GC(26) y: Pause Mark End 0.005ms
[2026-06-17T10:03:12.827+0800][0.920s][info][gc,phases   ] GC(26) y: Concurrent Mark Free 0.001ms
[2026-06-17T10:03:12.827+0800][0.921s][info][gc,phases   ] GC(26) y: Concurrent Reset Relocation Set 0.001ms
[2026-06-17T10:03:12.828+0800][0.921s][info][gc,reloc    ] GC(26) y: Using tenuring threshold: 1 (Computed)
[2026-06-17T10:03:12.828+0800][0.921s][info][gc,phases   ] GC(26) y: Concurrent Select Relocation Set 0.813ms
[2026-06-17T10:03:12.828+0800][0.922s][info][gc,phases   ] GC(26) y: Pause Relocate Start 0.005ms
[2026-06-17T10:03:12.829+0800][0.922s][info][gc          ] Allocation Stall (main) 10.231ms
[2026-06-17T10:03:12.829+0800][0.922s][info][gc,phases   ] GC(26) y: Concurrent Relocate 0.303ms
[2026-06-17T10:03:12.829+0800][0.922s][info][gc,alloc    ] GC(26) y:                         Mark Start        Mark End      Relocate Start    Relocate End   
[2026-06-17T10:03:12.829+0800][0.923s][info][gc,alloc    ] GC(26) y: Allocation Stalls:          1                1                1                0         
[2026-06-17T10:03:12.829+0800][0.923s][info][gc,load     ] GC(26) y: Load: 0.38 (2%) / 0.43 (2%) / 0.50 (2%)
[2026-06-17T10:03:12.830+0800][0.923s][info][gc,mmu      ] GC(26) y: MMU: 2ms/98.6%, 5ms/99.3%, 10ms/99.5%, 20ms/99.6%, 50ms/99.7%, 100ms/99.8%
[2026-06-17T10:03:12.830+0800][0.923s][info][gc,marking  ] GC(26) y: Mark: 1 stripe(s), 1 proactive flush(es), 1 terminate flush(es), 0 completion(s), 0 continuation(s) 
[2026-06-17T10:03:12.830+0800][0.923s][info][gc,marking  ] GC(26) y: Mark Stack Usage: 32M
[2026-06-17T10:03:12.830+0800][0.923s][info][gc,nmethod  ] GC(26) y: NMethods: 69 registered, 3 unregistered
[2026-06-17T10:03:12.830+0800][0.923s][info][gc,metaspace] GC(26) y: Metaspace: 0M used, 0M committed, 1088M reserved
[2026-06-17T10:03:12.830+0800][0.923s][info][gc,reloc    ] GC(26) y:                        Candidates     Selected     In-Place         Size        Empty    Relocated 
[2026-06-17T10:03:12.830+0800][0.924s][info][gc,reloc    ] GC(26) y: Small Pages:                    3            2            2           6M           0M           0M 
[2026-06-17T10:03:12.830+0800][0.924s][info][gc,reloc    ] GC(26) y: Large Pages:                    3            0            0           6M           0M           0M 
[2026-06-17T10:03:12.830+0800][0.924s][info][gc,reloc    ] GC(26) y: Forwarding Usage: 0M
[2026-06-17T10:03:12.831+0800][0.924s][info][gc,reloc    ] GC(26) y: Age Table:
[2026-06-17T10:03:12.831+0800][0.924s][info][gc,reloc    ] GC(26) y:                    Live             Garbage             Small              Medium             Large        
[2026-06-17T10:03:12.831+0800][0.924s][info][gc,reloc    ] GC(26) y: Eden               0M (0%)            1M (3%)           1 / 0              0 / 0              0 / 0        
[2026-06-17T10:03:12.831+0800][0.924s][info][gc,reloc    ] GC(26) y: Survivor 1         2M (4%)            1M (3%)           1 / 1              0 / 0              1 / 0        
[2026-06-17T10:03:12.831+0800][0.924s][info][gc,reloc    ] GC(26) y: Survivor 2         4M (7%)            1M (2%)           1 / 1              0 / 0              2 / 0        
[2026-06-17T10:03:12.831+0800][0.924s][info][gc,heap     ] GC(26) y: Min Capacity: 64M(100%)
[2026-06-17T10:03:12.831+0800][0.925s][info][gc,heap     ] GC(26) y: Max Capacity: 64M(100%)
[2026-06-17T10:03:12.831+0800][0.925s][info][gc,heap     ] GC(26) y: Soft Max Capacity: 64M(100%)
[2026-06-17T10:03:12.831+0800][0.925s][info][gc,heap     ] GC(26) y: Heap Statistics:
[2026-06-17T10:03:12.831+0800][0.925s][info][gc,heap     ] GC(26) y:                Mark Start          Mark End        Relocate Start      Relocate End           High               Low         
[2026-06-17T10:03:12.832+0800][0.925s][info][gc,heap     ] GC(26) y:  Capacity:       64M (100%)         64M (100%)         64M (100%)         64M (100%)         64M (100%)         64M (100%)   
[2026-06-17T10:03:12.832+0800][0.925s][info][gc,heap     ] GC(26) y:      Free:        0M (0%)            0M (0%)            0M (0%)            0M (0%)            2M (3%)            0M (0%)     
[2026-06-17T10:03:12.832+0800][0.925s][info][gc,heap     ] GC(26) y:      Used:       64M (100%)         64M (100%)         64M (100%)         64M (100%)         64M (100%)         62M (97%)    
[2026-06-17T10:03:12.832+0800][0.925s][info][gc,heap     ] GC(26) y: Young Generation Statistics:
[2026-06-17T10:03:12.832+0800][0.925s][info][gc,heap     ] GC(26) y:                Mark Start          Mark End        Relocate Start      Relocate End    
[2026-06-17T10:03:12.832+0800][0.925s][info][gc,heap     ] GC(26) y:      Used:       12M (19%)          12M (19%)           6M (9%)            2M (3%)     
[2026-06-17T10:03:12.832+0800][0.925s][info][gc,heap     ] GC(26) y:      Live:         -                 6M (11%)           0M (1%)            0M (0%)     
[2026-06-17T10:03:12.832+0800][0.925s][info][gc,heap     ] GC(26) y:   Garbage:         -                 5M (8%)            5M (8%)            0M (0%)     
[2026-06-17T10:03:12.832+0800][0.925s][info][gc,heap     ] GC(26) y: Allocated:         -                 0M (0%)            0M (0%)            1M (3%)     
[2026-06-17T10:03:12.832+0800][0.926s][info][gc,heap     ] GC(26) y: Reclaimed:         -                  -                 0M (0%)            5M (8%)     
[2026-06-17T10:03:12.832+0800][0.926s][info][gc,heap     ] GC(26) y:  Promoted:         -                  -                 6M (9%)            6M (11%)    
[2026-06-17T10:03:12.832+0800][0.926s][info][gc,heap     ] GC(26) y: Compacted:         -                  -                  -                 0M (0%)     
[2026-06-17T10:03:12.833+0800][0.926s][info][gc,phases   ] GC(26) y: Young Generation 64M(100%)->64M(100%) 0.003s
[2026-06-17T10:03:12.833+0800][0.926s][info][gc          ] GC(26) Minor Collection (Allocation Rate) 64M(100%)->64M(100%) 0.007s
[2026-06-17T10:03:12.833+0800][0.926s][info][gc          ] GC(27) Minor Collection (Allocation Stall)
[2026-06-17T10:03:12.833+0800][0.926s][info][gc,task     ] GC(27) Using 1 Workers for Young Generation
[2026-06-17T10:03:12.833+0800][0.926s][info][gc,phases   ] GC(27) y: Young Generation
[2026-06-17T10:03:12.833+0800][0.926s][info][gc,phases   ] GC(27) y: Pause Mark Start 0.010ms
[2026-06-17T10:03:12.834+0800][0.927s][info][gc,phases   ] GC(27) y: Concurrent Mark 0.814ms
[2026-06-17T10:03:12.835+0800][0.928s][info][gc,phases   ] GC(27) y: Pause Mark End 0.008ms
[2026-06-17T10:03:12.835+0800][0.928s][info][gc,phases   ] GC(27) y: Concurrent Mark Free 0.001ms
[2026-06-17T10:03:12.836+0800][0.929s][info][gc,phases   ] GC(27) y: Concurrent Reset Relocation Set 0.004ms
[2026-06-17T10:03:12.837+0800][0.930s][info][gc,reloc    ] GC(27) y: Using tenuring threshold: 2 (Computed)
[2026-06-17T10:03:12.838+0800][0.931s][info][gc,phases   ] GC(27) y: Concurrent Select Relocation Set 1.758ms
[2026-06-17T10:03:12.838+0800][0.932s][info][gc,phases   ] GC(27) y: Pause Relocate Start 0.008ms
[2026-06-17T10:03:12.839+0800][0.932s][info][gc,phases   ] GC(27) y: Concurrent Relocate 0.107ms
[2026-06-17T10:03:12.839+0800][0.932s][info][gc,alloc    ] GC(27) y:                         Mark Start        Mark End      Relocate Start    Relocate End   
[2026-06-17T10:03:12.839+0800][0.932s][info][gc,alloc    ] GC(27) y: Allocation Stalls:          1                1                1                1         
[2026-06-17T10:03:12.839+0800][0.932s][info][gc,load     ] GC(27) y: Load: 0.38 (2%) / 0.43 (2%) / 0.50 (2%)
[2026-06-17T10:03:12.839+0800][0.932s][info][gc,mmu      ] GC(27) y: MMU: 2ms/98.6%, 5ms/99.3%, 10ms/99.5%, 20ms/99.6%, 50ms/99.7%, 100ms/99.8%
[2026-06-17T10:03:12.839+0800][0.932s][info][gc,marking  ] GC(27) y: Mark: 1 stripe(s), 1 proactive flush(es), 1 terminate flush(es), 0 completion(s), 0 continuation(s) 
[2026-06-17T10:03:12.839+0800][0.932s][info][gc,marking  ] GC(27) y: Mark Stack Usage: 32M
[2026-06-17T10:03:12.839+0800][0.933s][info][gc,nmethod  ] GC(27) y: NMethods: 69 registered, 3 unregistered
[2026-06-17T10:03:12.839+0800][0.933s][info][gc,metaspace] GC(27) y: Metaspace: 0M used, 0M committed, 1088M reserved
[2026-06-17T10:03:12.839+0800][0.933s][info][gc,reloc    ] GC(27) y:                        Candidates     Selected     In-Place         Size        Empty    Relocated 
[2026-06-17T10:03:12.839+0800][0.933s][info][gc,reloc    ] GC(27) y: Small Pages:                    2            0            0           4M           0M           0M 
[2026-06-17T10:03:12.839+0800][0.933s][info][gc,reloc    ] GC(27) y: Large Pages:                    0            0            0           0M           0M           0M 
[2026-06-17T10:03:12.840+0800][0.933s][info][gc,reloc    ] GC(27) y: Forwarding Usage: 0M
[2026-06-17T10:03:12.840+0800][0.933s][info][gc,reloc    ] GC(27) y: Age Table:
[2026-06-17T10:03:12.840+0800][0.933s][info][gc,reloc    ] GC(27) y:                    Live             Garbage             Small              Medium             Large        
[2026-06-17T10:03:12.840+0800][0.933s][info][gc,reloc    ] GC(27) y: Eden               1M (3%)            0M (0%)           1 / 0              0 / 0              0 / 0        
[2026-06-17T10:03:12.840+0800][0.933s][info][gc,reloc    ] GC(27) y: Survivor 1         0M (0%)            1M (3%)           1 / 0              0 / 0              0 / 0        
[2026-06-17T10:03:12.840+0800][0.934s][info][gc,heap     ] GC(27) y: Min Capacity: 64M(100%)
[2026-06-17T10:03:12.840+0800][0.934s][info][gc,heap     ] GC(27) y: Max Capacity: 64M(100%)
[2026-06-17T10:03:12.840+0800][0.934s][info][gc,heap     ] GC(27) y: Soft Max Capacity: 64M(100%)
[2026-06-17T10:03:12.841+0800][0.934s][info][gc,heap     ] GC(27) y: Heap Statistics:
[2026-06-17T10:03:12.841+0800][0.934s][info][gc,heap     ] GC(27) y:                Mark Start          Mark End        Relocate Start      Relocate End           High               Low         
[2026-06-17T10:03:12.841+0800][0.934s][info][gc,heap     ] GC(27) y:  Capacity:       64M (100%)         64M (100%)         64M (100%)         64M (100%)         64M (100%)         64M (100%)   
[2026-06-17T10:03:12.841+0800][0.934s][info][gc,heap     ] GC(27) y:      Free:        0M (0%)            0M (0%)            0M (0%)            0M (0%)            0M (0%)            0M (0%)     
[2026-06-17T10:03:12.841+0800][0.934s][info][gc,heap     ] GC(27) y:      Used:       64M (100%)         64M (100%)         64M (100%)         64M (100%)         64M (100%)         64M (100%)   
[2026-06-17T10:03:12.841+0800][0.934s][info][gc,heap     ] GC(27) y: Young Generation Statistics:
[2026-06-17T10:03:12.841+0800][0.935s][info][gc,heap     ] GC(27) y:                Mark Start          Mark End        Relocate Start      Relocate End    
[2026-06-17T10:03:12.841+0800][0.935s][info][gc,heap     ] GC(27) y:      Used:        4M (6%)            4M (6%)            4M (6%)            4M (6%)     
[2026-06-17T10:03:12.841+0800][0.935s][info][gc,heap     ] GC(27) y:      Live:         -                 2M (3%)            2M (3%)            2M (3%)     
[2026-06-17T10:03:12.842+0800][0.935s][info][gc,heap     ] GC(27) y:   Garbage:         -                 1M (3%)            1M (3%)            1M (3%)     
[2026-06-17T10:03:12.842+0800][0.935s][info][gc,heap     ] GC(27) y: Allocated:         -                 0M (0%)            0M (0%)            0M (0%)     
[2026-06-17T10:03:12.842+0800][0.935s][info][gc,heap     ] GC(27) y: Reclaimed:         -                  -                 0M (0%)            0M (0%)     
[2026-06-17T10:03:12.842+0800][0.935s][info][gc,heap     ] GC(27) y:  Promoted:         -                  -                 0M (0%)            0M (0%)     
[2026-06-17T10:03:12.842+0800][0.935s][info][gc,heap     ] GC(27) y: Compacted:         -                  -                  -                 0M (0%)     
[2026-06-17T10:03:12.842+0800][0.935s][info][gc,phases   ] GC(27) y: Young Generation 64M(100%)->64M(100%) 0.006s
[2026-06-17T10:03:12.842+0800][0.935s][info][gc          ] GC(27) Minor Collection (Allocation Stall) 64M(100%)->64M(100%) 0.009s
[2026-06-17T10:03:12.842+0800][0.936s][info][gc,alloc    ] GC(24) O:                         Mark Start        Mark End      Relocate Start    Relocate End   
[2026-06-17T10:03:12.842+0800][0.936s][info][gc,alloc    ] GC(24) O: Allocation Stalls:          1                1                1                1         
[2026-06-17T10:03:12.842+0800][0.936s][info][gc,load     ] GC(24) O: Load: 0.38 (2%) / 0.43 (2%) / 0.50 (2%)
[2026-06-17T10:03:12.843+0800][0.936s][info][gc,mmu      ] GC(24) O: MMU: 2ms/98.6%, 5ms/99.3%, 10ms/99.5%, 20ms/99.6%, 50ms/99.7%, 100ms/99.8%
[2026-06-17T10:03:12.843+0800][0.936s][info][gc,marking  ] GC(24) O: Mark: 1 stripe(s), 2 proactive flush(es), 1 terminate flush(es), 0 completion(s), 0 continuation(s) 
[2026-06-17T10:03:12.843+0800][0.936s][info][gc,marking  ] GC(24) O: Mark Stack Usage: 32M
[2026-06-17T10:03:12.843+0800][0.936s][info][gc,nmethod  ] GC(24) O: NMethods: 69 registered, 3 unregistered
[2026-06-17T10:03:12.843+0800][0.936s][info][gc,metaspace] GC(24) O: Metaspace: 0M used, 0M committed, 1088M reserved
[2026-06-17T10:03:12.843+0800][0.936s][info][gc,ref      ] GC(24) O:                       Encountered   Discovered     Enqueued 
[2026-06-17T10:03:12.843+0800][0.936s][info][gc,ref      ] GC(24) O: Soft References:                0            0            0 
[2026-06-17T10:03:12.843+0800][0.936s][info][gc,ref      ] GC(24) O: Weak References:                6            0            0 
[2026-06-17T10:03:12.843+0800][0.936s][info][gc,ref      ] GC(24) O: Final References:               0            0            0 
[2026-06-17T10:03:12.843+0800][0.936s][info][gc,ref      ] GC(24) O: Phantom References:             1            1            0 
[2026-06-17T10:03:12.843+0800][0.937s][info][gc,reloc    ] GC(24) O:                        Candidates     Selected     In-Place         Size        Empty    Relocated 
[2026-06-17T10:03:12.843+0800][0.937s][info][gc,reloc    ] GC(24) O: Small Pages:                    3            0            0           6M           0M           0M 
[2026-06-17T10:03:12.843+0800][0.937s][info][gc,reloc    ] GC(24) O: Large Pages:                   18            0            0          36M           0M           0M 
[2026-06-17T10:03:12.843+0800][0.937s][info][gc,reloc    ] GC(24) O: Forwarding Usage: 0M
[2026-06-17T10:03:12.844+0800][0.937s][info][gc,heap     ] GC(24) O: Min Capacity: 64M(100%)
[2026-06-17T10:03:12.844+0800][0.937s][info][gc,heap     ] GC(24) O: Max Capacity: 64M(100%)
[2026-06-17T10:03:12.844+0800][0.937s][info][gc,heap     ] GC(24) O: Soft Max Capacity: 64M(100%)
[2026-06-17T10:03:12.844+0800][0.937s][info][gc,heap     ] GC(24) O: Heap Statistics:
[2026-06-17T10:03:12.844+0800][0.937s][info][gc,heap     ] GC(24) O:                Mark Start          Mark End        Relocate Start      Relocate End           High               Low         
[2026-06-17T10:03:12.844+0800][0.937s][info][gc,heap     ] GC(24) O:  Capacity:       64M (100%)         64M (100%)         64M (100%)         64M (100%)         64M (100%)         64M (100%)   
[2026-06-17T10:03:12.844+0800][0.937s][info][gc,heap     ] GC(24) O:      Free:        0M (0%)            0M (0%)            0M (0%)            0M (0%)            6M (9%)            0M (0%)     
[2026-06-17T10:03:12.844+0800][0.937s][info][gc,heap     ] GC(24) O:      Used:       64M (100%)         64M (100%)         64M (100%)         64M (100%)         64M (100%)         58M (91%)    
[2026-06-17T10:03:12.844+0800][0.937s][info][gc,heap     ] GC(24) O: Old Generation Statistics:
[2026-06-17T10:03:12.844+0800][0.938s][info][gc,heap     ] GC(24) O:                Mark Start          Mark End        Relocate Start      Relocate End    
[2026-06-17T10:03:12.844+0800][0.938s][info][gc,heap     ] GC(24) O:      Used:       42M (66%)          52M (81%)          52M (81%)          52M (81%)    
[2026-06-17T10:03:12.844+0800][0.938s][info][gc,heap     ] GC(24) O:      Live:         -                39M (62%)          39M (62%)          39M (62%)    
[2026-06-17T10:03:12.844+0800][0.938s][info][gc,heap     ] GC(24) O:   Garbage:         -                 2M (4%)            2M (4%)            2M (4%)     
[2026-06-17T10:03:12.844+0800][0.938s][info][gc,heap     ] GC(24) O: Allocated:         -                10M (16%)          10M (16%)          10M (16%)    
[2026-06-17T10:03:12.845+0800][0.938s][info][gc,heap     ] GC(24) O: Reclaimed:         -                  -                 0M (0%)            0M (0%)     
[2026-06-17T10:03:12.845+0800][0.938s][info][gc,heap     ] GC(24) O: Compacted:         -                  -                  -                 0M (0%)     
[2026-06-17T10:03:12.845+0800][0.938s][info][gc,phases   ] GC(24) O: Old Generation 64M(100%)->64M(100%) 0.037s
[2026-06-17T10:03:12.845+0800][0.938s][info][gc          ] GC(24) Major Collection (Allocation Rate) 58M(91%)->64M(100%) 0.057s
[2026-06-17T10:03:12.845+0800][0.938s][info][gc          ] GC(28) Major Collection (Allocation Stall)
[2026-06-17T10:03:12.845+0800][0.938s][info][gc,task     ] GC(28) Using 1 Workers for Young Generation
[2026-06-17T10:03:12.845+0800][0.938s][info][gc,task     ] GC(28) Using 1 Workers for Old Generation
[2026-06-17T10:03:12.845+0800][0.939s][info][gc,phases   ] GC(28) Y: Young Generation (Promote All)
[2026-06-17T10:03:12.845+0800][0.939s][info][gc,phases   ] GC(28) Y: Pause Mark Start 0.009ms
[2026-06-17T10:03:12.846+0800][0.939s][info][gc,phases   ] GC(28) Y: Concurrent Mark 0.600ms
[2026-06-17T10:03:12.846+0800][0.940s][info][gc,phases   ] GC(28) Y: Pause Mark End 0.007ms
[2026-06-17T10:03:12.846+0800][0.940s][info][gc,phases   ] GC(28) Y: Concurrent Mark Free 0.001ms
[2026-06-17T10:03:12.847+0800][0.940s][info][gc,phases   ] GC(28) Y: Concurrent Reset Relocation Set 0.001ms
[2026-06-17T10:03:12.847+0800][0.941s][info][gc,reloc    ] GC(28) Y: Using tenuring threshold: 0 (Promote All)
[2026-06-17T10:03:12.848+0800][0.941s][info][gc,phases   ] GC(28) Y: Concurrent Select Relocation Set 0.933ms
[2026-06-17T10:03:12.848+0800][0.941s][info][gc,phases   ] GC(28) Y: Pause Relocate Start 0.005ms
[2026-06-17T10:03:12.848+0800][0.941s][info][gc,phases   ] GC(28) Y: Concurrent Relocate 0.101ms
[2026-06-17T10:03:12.848+0800][0.942s][info][gc,alloc    ] GC(28) Y:                         Mark Start        Mark End      Relocate Start    Relocate End   
[2026-06-17T10:03:12.848+0800][0.942s][info][gc,alloc    ] GC(28) Y: Allocation Stalls:          1                1                1                1         
[2026-06-17T10:03:12.848+0800][0.942s][info][gc,load     ] GC(28) Y: Load: 0.38 (2%) / 0.43 (2%) / 0.50 (2%)
[2026-06-17T10:03:12.848+0800][0.942s][info][gc,mmu      ] GC(28) Y: MMU: 2ms/98.6%, 5ms/99.3%, 10ms/99.5%, 20ms/99.6%, 50ms/99.7%, 100ms/99.8%
[2026-06-17T10:03:12.849+0800][0.942s][info][gc,marking  ] GC(28) Y: Mark: 1 stripe(s), 1 proactive flush(es), 1 terminate flush(es), 0 completion(s), 0 continuation(s) 
[2026-06-17T10:03:12.849+0800][0.942s][info][gc,marking  ] GC(28) Y: Mark Stack Usage: 32M
[2026-06-17T10:03:12.849+0800][0.942s][info][gc,nmethod  ] GC(28) Y: NMethods: 69 registered, 3 unregistered
[2026-06-17T10:03:12.849+0800][0.942s][info][gc,metaspace] GC(28) Y: Metaspace: 0M used, 0M committed, 1088M reserved
[2026-06-17T10:03:12.849+0800][0.942s][info][gc,reloc    ] GC(28) Y:                        Candidates     Selected     In-Place         Size        Empty    Relocated 
[2026-06-17T10:03:12.849+0800][0.942s][info][gc,reloc    ] GC(28) Y: Small Pages:                    2            0            0           4M           0M           0M 
[2026-06-17T10:03:12.849+0800][0.942s][info][gc,reloc    ] GC(28) Y: Large Pages:                    0            0            0           0M           0M           0M 
[2026-06-17T10:03:12.849+0800][0.942s][info][gc,reloc    ] GC(28) Y: Forwarding Usage: 0M
[2026-06-17T10:03:12.849+0800][0.942s][info][gc,reloc    ] GC(28) Y: Age Table:
[2026-06-17T10:03:12.849+0800][0.943s][info][gc,reloc    ] GC(28) Y:                    Live             Garbage             Small              Medium             Large        
[2026-06-17T10:03:12.849+0800][0.943s][info][gc,reloc    ] GC(28) Y: Eden                -                 0M (0%)           0 / 0              0 / 0              0 / 0        
[2026-06-17T10:03:12.849+0800][0.943s][info][gc,reloc    ] GC(28) Y: Survivor 1         1M (3%)            0M (0%)           1 / 0              0 / 0              0 / 0        
[2026-06-17T10:03:12.850+0800][0.943s][info][gc,reloc    ] GC(28) Y: Survivor 2         0M (0%)            1M (3%)           1 / 0              0 / 0              0 / 0        
[2026-06-17T10:03:12.850+0800][0.943s][info][gc,heap     ] GC(28) Y: Min Capacity: 64M(100%)
[2026-06-17T10:03:12.850+0800][0.943s][info][gc,heap     ] GC(28) Y: Max Capacity: 64M(100%)
[2026-06-17T10:03:12.850+0800][0.943s][info][gc,heap     ] GC(28) Y: Soft Max Capacity: 64M(100%)
[2026-06-17T10:03:12.850+0800][0.943s][info][gc,heap     ] GC(28) Y: Heap Statistics:
[2026-06-17T10:03:12.850+0800][0.943s][info][gc,heap     ] GC(28) Y:                Mark Start          Mark End        Relocate Start      Relocate End           High               Low         
[2026-06-17T10:03:12.850+0800][0.943s][info][gc,heap     ] GC(28) Y:  Capacity:       64M (100%)         64M (100%)         64M (100%)         64M (100%)         64M (100%)         64M (100%)   
[2026-06-17T10:03:12.850+0800][0.944s][info][gc,heap     ] GC(28) Y:      Free:        0M (0%)            0M (0%)            0M (0%)            0M (0%)            0M (0%)            0M (0%)     
[2026-06-17T10:03:12.850+0800][0.944s][info][gc,heap     ] GC(28) Y:      Used:       64M (100%)         64M (100%)         64M (100%)         64M (100%)         64M (100%)         64M (100%)   
[2026-06-17T10:03:12.850+0800][0.944s][info][gc,heap     ] GC(28) Y: Young Generation Statistics:
[2026-06-17T10:03:12.850+0800][0.944s][info][gc,heap     ] GC(28) Y:                Mark Start          Mark End        Relocate Start      Relocate End    
[2026-06-17T10:03:12.851+0800][0.944s][info][gc,heap     ] GC(28) Y:      Used:        4M (6%)            4M (6%)            0M (0%)            0M (0%)     
[2026-06-17T10:03:12.851+0800][0.944s][info][gc,heap     ] GC(28) Y:      Live:         -                 2M (3%)            0M (0%)            0M (0%)     
[2026-06-17T10:03:12.851+0800][0.944s][info][gc,heap     ] GC(28) Y:   Garbage:         -                 1M (3%)            0M (0%)            0M (0%)     
[2026-06-17T10:03:12.851+0800][0.944s][info][gc,heap     ] GC(28) Y: Allocated:         -                 0M (0%)            0M (0%)            0M (0%)     
[2026-06-17T10:03:12.851+0800][0.944s][info][gc,heap     ] GC(28) Y: Reclaimed:         -                  -                 1M (3%)            1M (3%)     
[2026-06-17T10:03:12.851+0800][0.944s][info][gc,heap     ] GC(28) Y:  Promoted:         -                  -                 2M (3%)            2M (3%)     
[2026-06-17T10:03:12.851+0800][0.944s][info][gc,heap     ] GC(28) Y: Compacted:         -                  -                  -                 0M (0%)     
[2026-06-17T10:03:12.851+0800][0.944s][info][gc,phases   ] GC(28) Y: Young Generation (Promote All) 64M(100%)->64M(100%) 0.003s
[2026-06-17T10:03:12.851+0800][0.944s][info][gc,phases   ] GC(28) Y: Young Generation (Collect Roots)
[2026-06-17T10:03:12.851+0800][0.945s][info][gc,phases   ] GC(28) Y: Pause Mark Start (Major) 0.009ms
[2026-06-17T10:03:12.852+0800][0.945s][info][gc,phases   ] GC(28) Y: Concurrent Mark 0.475ms
[2026-06-17T10:03:12.852+0800][0.945s][info][gc,phases   ] GC(28) Y: Pause Mark End 0.005ms
[2026-06-17T10:03:12.852+0800][0.945s][info][gc,phases   ] GC(28) Y: Concurrent Mark Free 0.028ms
[2026-06-17T10:03:12.852+0800][0.946s][info][gc,phases   ] GC(28) Y: Concurrent Reset Relocation Set 0.004ms
[2026-06-17T10:03:12.853+0800][0.946s][info][gc,reloc    ] GC(28) Y: Using tenuring threshold: 0 (Computed)
[2026-06-17T10:03:12.853+0800][0.946s][info][gc,phases   ] GC(28) Y: Concurrent Select Relocation Set 0.787ms
[2026-06-17T10:03:12.853+0800][0.947s][info][gc,phases   ] GC(28) Y: Pause Relocate Start 0.005ms
[2026-06-17T10:03:12.854+0800][0.947s][info][gc,phases   ] GC(28) Y: Concurrent Relocate 0.101ms
[2026-06-17T10:03:12.854+0800][0.947s][info][gc,alloc    ] GC(28) Y:                         Mark Start        Mark End      Relocate Start    Relocate End   
[2026-06-17T10:03:12.854+0800][0.947s][info][gc,alloc    ] GC(28) Y: Allocation Stalls:          1                1                1                1         
[2026-06-17T10:03:12.854+0800][0.947s][info][gc,load     ] GC(28) Y: Load: 0.38 (2%) / 0.43 (2%) / 0.50 (2%)
[2026-06-17T10:03:12.854+0800][0.947s][info][gc,mmu      ] GC(28) Y: MMU: 2ms/98.6%, 5ms/99.3%, 10ms/99.5%, 20ms/99.6%, 50ms/99.7%, 100ms/99.8%
[2026-06-17T10:03:12.854+0800][0.947s][info][gc,marking  ] GC(28) Y: Mark: 1 stripe(s), 1 proactive flush(es), 1 terminate flush(es), 0 completion(s), 0 continuation(s) 
[2026-06-17T10:03:12.854+0800][0.948s][info][gc,marking  ] GC(28) Y: Mark Stack Usage: 0M
[2026-06-17T10:03:12.854+0800][0.948s][info][gc,nmethod  ] GC(28) Y: NMethods: 69 registered, 3 unregistered
[2026-06-17T10:03:12.854+0800][0.948s][info][gc,metaspace] GC(28) Y: Metaspace: 0M used, 0M committed, 1088M reserved
[2026-06-17T10:03:12.854+0800][0.948s][info][gc,heap     ] GC(28) Y: Min Capacity: 64M(100%)
[2026-06-17T10:03:12.855+0800][0.948s][info][gc,heap     ] GC(28) Y: Max Capacity: 64M(100%)
[2026-06-17T10:03:12.855+0800][0.948s][info][gc,heap     ] GC(28) Y: Soft Max Capacity: 64M(100%)
[2026-06-17T10:03:12.855+0800][0.948s][info][gc,heap     ] GC(28) Y: Heap Statistics:
[2026-06-17T10:03:12.855+0800][0.948s][info][gc,heap     ] GC(28) Y:                Mark Start          Mark End        Relocate Start      Relocate End           High               Low         
[2026-06-17T10:03:12.855+0800][0.948s][info][gc,heap     ] GC(28) Y:  Capacity:       64M (100%)         64M (100%)         64M (100%)         64M (100%)         64M (100%)         64M (100%)   
[2026-06-17T10:03:12.855+0800][0.948s][info][gc,heap     ] GC(28) Y:      Free:        0M (0%)            0M (0%)            0M (0%)            0M (0%)            0M (0%)            0M (0%)     
[2026-06-17T10:03:12.855+0800][0.948s][info][gc,heap     ] GC(28) Y:      Used:       64M (100%)         64M (100%)         64M (100%)         64M (100%)         64M (100%)         64M (100%)   
[2026-06-17T10:03:12.855+0800][0.948s][info][gc,heap     ] GC(28) Y: Young Generation Statistics:
[2026-06-17T10:03:12.855+0800][0.949s][info][gc,heap     ] GC(28) Y:                Mark Start          Mark End        Relocate Start      Relocate End    
[2026-06-17T10:03:12.855+0800][0.949s][info][gc,heap     ] GC(28) Y:      Used:        0M (0%)            0M (0%)            0M (0%)            0M (0%)     
[2026-06-17T10:03:12.855+0800][0.949s][info][gc,heap     ] GC(28) Y:      Live:         -                 0M (0%)            0M (0%)            0M (0%)     
[2026-06-17T10:03:12.855+0800][0.949s][info][gc,heap     ] GC(28) Y:   Garbage:         -                 0M (0%)            0M (0%)            0M (0%)     
[2026-06-17T10:03:12.856+0800][0.949s][info][gc,heap     ] GC(28) Y: Allocated:         -                 0M (0%)            0M (0%)            0M (0%)     
[2026-06-17T10:03:12.856+0800][0.949s][info][gc,heap     ] GC(28) Y: Reclaimed:         -                  -                 0M (0%)            0M (0%)     
[2026-06-17T10:03:12.856+0800][0.949s][info][gc,heap     ] GC(28) Y:  Promoted:         -                  -                 0M (0%)            0M (0%)     
[2026-06-17T10:03:12.856+0800][0.949s][info][gc,heap     ] GC(28) Y: Compacted:         -                  -                  -                 0M (0%)     
[2026-06-17T10:03:12.856+0800][0.949s][info][gc,phases   ] GC(28) Y: Young Generation (Collect Roots) 64M(100%)->64M(100%) 0.003s
[2026-06-17T10:03:12.856+0800][0.949s][info][gc,phases   ] GC(28) O: Old Generation
[2026-06-17T10:03:12.857+0800][0.950s][info][gc,phases   ] GC(28) O: Concurrent Mark 0.900ms
[2026-06-17T10:03:12.857+0800][0.950s][info][gc,phases   ] GC(28) O: Pause Mark End 0.006ms
[2026-06-17T10:03:12.857+0800][0.950s][info][gc,phases   ] GC(28) O: Concurrent Mark Free 0.001ms
[2026-06-17T10:03:12.857+0800][0.951s][info][gc,ref      ] GC(28) O: Clearing All SoftReferences
[2026-06-17T10:03:12.858+0800][0.951s][info][gc,phases   ] GC(28) O: Concurrent Process Non-Strong 0.368ms
[2026-06-17T10:03:12.858+0800][0.951s][info][gc,phases   ] GC(28) O: Concurrent Reset Relocation Set 0.000ms
[2026-06-17T10:03:12.858+0800][0.952s][info][gc,phases   ] GC(28) O: Concurrent Select Relocation Set 0.611ms
[2026-06-17T10:03:12.859+0800][0.952s][info][gc,task     ] GC(28) O: Using 1 Workers for Old Generation
[2026-06-17T10:03:12.872+0800][0.965s][info][gc,task     ] GC(28) O: Using 1 Workers for Old Generation
[2026-06-17T10:03:12.872+0800][0.965s][info][gc,phases   ] GC(28) O: Concurrent Remap Roots 13.226ms
[2026-06-17T10:03:12.872+0800][0.965s][info][gc,phases   ] GC(28) O: Pause Relocate Start 0.011ms
[2026-06-17T10:03:12.872+0800][0.966s][info][gc          ] Allocation Stall (main) 43.293ms
[2026-06-17T10:03:12.873+0800][0.966s][info][gc,phases   ] GC(28) O: Concurrent Relocate 0.403ms
[2026-06-17T10:03:12.873+0800][0.966s][info][gc,alloc    ] GC(28) O:                         Mark Start        Mark End      Relocate Start    Relocate End   
[2026-06-17T10:03:12.873+0800][0.966s][info][gc,alloc    ] GC(28) O: Allocation Stalls:          1                1                1                0         
[2026-06-17T10:03:12.873+0800][0.966s][info][gc,load     ] GC(28) O: Load: 0.38 (2%) / 0.43 (2%) / 0.50 (2%)
[2026-06-17T10:03:12.873+0800][0.966s][info][gc,mmu      ] GC(28) O: MMU: 2ms/98.6%, 5ms/99.3%, 10ms/99.5%, 20ms/99.6%, 50ms/99.7%, 100ms/99.8%
[2026-06-17T10:03:12.873+0800][0.966s][info][gc,marking  ] GC(28) O: Mark: 1 stripe(s), 1 proactive flush(es), 1 terminate flush(es), 0 completion(s), 0 continuation(s) 
[2026-06-17T10:03:12.873+0800][0.966s][info][gc,marking  ] GC(28) O: Mark Stack Usage: 32M
[2026-06-17T10:03:12.873+0800][0.967s][info][gc,nmethod  ] GC(28) O: NMethods: 69 registered, 3 unregistered
[2026-06-17T10:03:12.873+0800][0.967s][info][gc,metaspace] GC(28) O: Metaspace: 0M used, 0M committed, 1088M reserved
[2026-06-17T10:03:12.873+0800][0.967s][info][gc,ref      ] GC(28) O:                       Encountered   Discovered     Enqueued 
[2026-06-17T10:03:12.873+0800][0.967s][info][gc,ref      ] GC(28) O: Soft References:                0            0            0 
[2026-06-17T10:03:12.874+0800][0.967s][info][gc,ref      ] GC(28) O: Weak References:                6            0            0 
[2026-06-17T10:03:12.874+0800][0.967s][info][gc,ref      ] GC(28) O: Final References:               0            0            0 
[2026-06-17T10:03:12.874+0800][0.967s][info][gc,ref      ] GC(28) O: Phantom References:             1            1            0 
[2026-06-17T10:03:12.874+0800][0.967s][info][gc,reloc    ] GC(28) O:                        Candidates     Selected     In-Place         Size        Empty    Relocated 
[2026-06-17T10:03:12.874+0800][0.967s][info][gc,reloc    ] GC(28) O: Small Pages:                    7            3            1          14M           0M           2M 
[2026-06-17T10:03:12.874+0800][0.967s][info][gc,reloc    ] GC(28) O: Large Pages:                   25            0            0          50M           0M           0M 
[2026-06-17T10:03:12.874+0800][0.968s][info][gc,reloc    ] GC(28) O: Forwarding Usage: 0M
[2026-06-17T10:03:12.874+0800][0.968s][info][gc,heap     ] GC(28) O: Min Capacity: 64M(100%)
[2026-06-17T10:03:12.874+0800][0.968s][info][gc,heap     ] GC(28) O: Max Capacity: 64M(100%)
[2026-06-17T10:03:12.875+0800][0.968s][info][gc,heap     ] GC(28) O: Soft Max Capacity: 64M(100%)
[2026-06-17T10:03:12.875+0800][0.968s][info][gc,heap     ] GC(28) O: Heap Statistics:
[2026-06-17T10:03:12.875+0800][0.968s][info][gc,heap     ] GC(28) O:                Mark Start          Mark End        Relocate Start      Relocate End           High               Low         
[2026-06-17T10:03:12.875+0800][0.968s][info][gc,heap     ] GC(28) O:  Capacity:       64M (100%)         64M (100%)         64M (100%)         64M (100%)         64M (100%)         64M (100%)   
[2026-06-17T10:03:12.875+0800][0.968s][info][gc,heap     ] GC(28) O:      Free:        0M (0%)            0M (0%)            0M (0%)            4M (6%)            4M (6%)            0M (0%)     
[2026-06-17T10:03:12.875+0800][0.968s][info][gc,heap     ] GC(28) O:      Used:       64M (100%)         64M (100%)         64M (100%)         60M (94%)          64M (100%)         60M (94%)    
[2026-06-17T10:03:12.875+0800][0.968s][info][gc,heap     ] GC(28) O: Old Generation Statistics:
[2026-06-17T10:03:12.875+0800][0.968s][info][gc,heap     ] GC(28) O:                Mark Start          Mark End        Relocate Start      Relocate End    
[2026-06-17T10:03:12.875+0800][0.968s][info][gc,heap     ] GC(28) O:      Used:       64M (100%)         64M (100%)         64M (100%)         58M (91%)    
[2026-06-17T10:03:12.875+0800][0.969s][info][gc,heap     ] GC(28) O:      Live:         -                57M (89%)          57M (89%)          57M (89%)    
[2026-06-17T10:03:12.875+0800][0.969s][info][gc,heap     ] GC(28) O:   Garbage:         -                 6M (11%)           6M (11%)           0M (1%)     
[2026-06-17T10:03:12.875+0800][0.969s][info][gc,heap     ] GC(28) O: Allocated:         -                 0M (0%)            0M (0%)            0M (1%)     
[2026-06-17T10:03:12.875+0800][0.969s][info][gc,heap     ] GC(28) O: Reclaimed:         -                  -                 0M (0%)            6M (10%)    
[2026-06-17T10:03:12.876+0800][0.969s][info][gc,heap     ] GC(28) O: Compacted:         -                  -                  -                 3M (5%)     
[2026-06-17T10:03:12.876+0800][0.969s][info][gc,phases   ] GC(28) O: Old Generation 64M(100%)->60M(94%) 0.017s
[2026-06-17T10:03:12.876+0800][0.969s][info][gc          ] GC(28) Major Collection (Allocation Stall) 64M(100%)->60M(94%) 0.031s
[2026-06-17T10:03:12.883+0800][0.976s][info][gc          ] GC(29) Major Collection (Allocation Rate)
[2026-06-17T10:03:12.883+0800][0.976s][info][gc,task     ] GC(29) Using 1 Workers for Young Generation
[2026-06-17T10:03:12.883+0800][0.977s][info][gc,task     ] GC(29) Using 1 Workers for Old Generation
[2026-06-17T10:03:12.883+0800][0.977s][info][gc,phases   ] GC(29) Y: Young Generation
[2026-06-17T10:03:12.884+0800][0.977s][info][gc,phases   ] GC(29) Y: Pause Mark Start (Major) 0.012ms
[2026-06-17T10:03:12.884+0800][0.978s][info][gc,phases   ] GC(29) Y: Concurrent Mark 0.488ms
[2026-06-17T10:03:12.884+0800][0.978s][info][gc,phases   ] GC(29) Y: Pause Mark End 0.006ms
[2026-06-17T10:03:12.885+0800][0.978s][info][gc,phases   ] GC(29) Y: Concurrent Mark Free 0.001ms
[2026-06-17T10:03:12.885+0800][0.978s][info][gc,phases   ] GC(29) Y: Concurrent Reset Relocation Set 0.000ms
[2026-06-17T10:03:12.885+0800][0.979s][info][gc,reloc    ] GC(29) Y: Using tenuring threshold: 1 (Computed)
[2026-06-17T10:03:12.885+0800][0.979s][info][gc          ] Allocation Stall (main) 2.230ms
[2026-06-17T10:03:12.886+0800][0.979s][info][gc,phases   ] GC(29) Y: Concurrent Select Relocation Set 0.819ms
[2026-06-17T10:03:12.886+0800][0.979s][info][gc,phases   ] GC(29) Y: Pause Relocate Start 0.005ms
[2026-06-17T10:03:12.886+0800][0.979s][info][gc          ] Relocation Stall (main) 0.088ms
[2026-06-17T10:03:12.886+0800][0.980s][info][gc,phases   ] GC(29) Y: Concurrent Relocate 0.258ms
[2026-06-17T10:03:12.886+0800][0.980s][info][gc,alloc    ] GC(29) Y:                         Mark Start        Mark End      Relocate Start    Relocate End   
[2026-06-17T10:03:12.886+0800][0.980s][info][gc,alloc    ] GC(29) Y: Allocation Stalls:          1                1                0                0         
[2026-06-17T10:03:12.887+0800][0.980s][info][gc,load     ] GC(29) Y: Load: 0.38 (2%) / 0.43 (2%) / 0.50 (2%)
[2026-06-17T10:03:12.887+0800][0.980s][info][gc,mmu      ] GC(29) Y: MMU: 2ms/98.6%, 5ms/99.3%, 10ms/99.5%, 20ms/99.6%, 50ms/99.7%, 100ms/99.8%
[2026-06-17T10:03:12.887+0800][0.980s][info][gc,marking  ] GC(29) Y: Mark: 1 stripe(s), 1 proactive flush(es), 1 terminate flush(es), 0 completion(s), 0 continuation(s) 
[2026-06-17T10:03:12.887+0800][0.980s][info][gc,marking  ] GC(29) Y: Mark Stack Usage: 32M
[2026-06-17T10:03:12.887+0800][0.980s][info][gc,nmethod  ] GC(29) Y: NMethods: 69 registered, 3 unregistered
[2026-06-17T10:03:12.887+0800][0.980s][info][gc,metaspace] GC(29) Y: Metaspace: 0M used, 0M committed, 1088M reserved
[2026-06-17T10:03:12.887+0800][0.980s][info][gc,reloc    ] GC(29) Y:                        Candidates     Selected     In-Place         Size        Empty    Relocated 
[2026-06-17T10:03:12.887+0800][0.980s][info][gc,reloc    ] GC(29) Y: Small Pages:                    3            1            1           6M           2M           1M 
[2026-06-17T10:03:12.887+0800][0.981s][info][gc,reloc    ] GC(29) Y: Large Pages:                    0            0            0           0M           0M           0M 
[2026-06-17T10:03:12.887+0800][0.981s][info][gc,reloc    ] GC(29) Y: Forwarding Usage: 0M
[2026-06-17T10:03:12.887+0800][0.981s][info][gc,reloc    ] GC(29) Y: Age Table:
[2026-06-17T10:03:12.887+0800][0.981s][info][gc,reloc    ] GC(29) Y:                    Live             Garbage             Small              Medium             Large        
[2026-06-17T10:03:12.888+0800][0.981s][info][gc,reloc    ] GC(29) Y: Eden               1M (3%)            4M (7%)           3 / 1              0 / 0              0 / 0        
[2026-06-17T10:03:12.888+0800][0.981s][info][gc,heap     ] GC(29) Y: Min Capacity: 64M(100%)
[2026-06-17T10:03:12.888+0800][0.981s][info][gc,heap     ] GC(29) Y: Max Capacity: 64M(100%)
[2026-06-17T10:03:12.888+0800][0.981s][info][gc,heap     ] GC(29) Y: Soft Max Capacity: 64M(100%)
[2026-06-17T10:03:12.888+0800][0.981s][info][gc,heap     ] GC(29) Y: Heap Statistics:
[2026-06-17T10:03:12.888+0800][0.981s][info][gc,heap     ] GC(29) Y:                Mark Start          Mark End        Relocate Start      Relocate End           High               Low         
[2026-06-17T10:03:12.888+0800][0.981s][info][gc,heap     ] GC(29) Y:  Capacity:       64M (100%)         64M (100%)         64M (100%)         64M (100%)         64M (100%)         64M (100%)   
[2026-06-17T10:03:12.888+0800][0.981s][info][gc,heap     ] GC(29) Y:      Free:        0M (0%)            0M (0%)            0M (0%)            0M (0%)            2M (3%)            0M (0%)     
[2026-06-17T10:03:12.888+0800][0.982s][info][gc,heap     ] GC(29) Y:      Used:       64M (100%)         64M (100%)         64M (100%)         64M (100%)         64M (100%)         62M (97%)    
[2026-06-17T10:03:12.888+0800][0.982s][info][gc,heap     ] GC(29) Y: Young Generation Statistics:
[2026-06-17T10:03:12.889+0800][0.982s][info][gc,heap     ] GC(29) Y:                Mark Start          Mark End        Relocate Start      Relocate End    
[2026-06-17T10:03:12.889+0800][0.982s][info][gc,heap     ] GC(29) Y:      Used:        6M (9%)            6M (9%)            6M (9%)            4M (6%)     
[2026-06-17T10:03:12.889+0800][0.982s][info][gc,heap     ] GC(29) Y:      Live:         -                 1M (3%)            1M (3%)            1M (3%)     
[2026-06-17T10:03:12.889+0800][0.982s][info][gc,heap     ] GC(29) Y:   Garbage:         -                 4M (7%)            2M (4%)            0M (0%)     
[2026-06-17T10:03:12.889+0800][0.982s][info][gc,heap     ] GC(29) Y: Allocated:         -                 0M (0%)            2M (3%)            2M (4%)     
[2026-06-17T10:03:12.889+0800][0.982s][info][gc,heap     ] GC(29) Y: Reclaimed:         -                  -                 2M (3%)            4M (7%)     
[2026-06-17T10:03:12.889+0800][0.983s][info][gc,heap     ] GC(29) Y:  Promoted:         -                  -                 0M (0%)            0M (0%)     
[2026-06-17T10:03:12.889+0800][0.983s][info][gc,heap     ] GC(29) Y: Compacted:         -                  -                  -                 1M (3%)     
[2026-06-17T10:03:12.890+0800][0.983s][info][gc,phases   ] GC(29) Y: Young Generation 64M(100%)->64M(100%) 0.003s
[2026-06-17T10:03:12.890+0800][0.983s][info][gc,phases   ] GC(29) O: Old Generation
[2026-06-17T10:03:12.890+0800][0.983s][info][gc          ] GC(30) Minor Collection (Allocation Stall)
[2026-06-17T10:03:12.890+0800][0.983s][info][gc,task     ] GC(30) Using 1 Workers for Young Generation
[2026-06-17T10:03:12.890+0800][0.983s][info][gc,phases   ] GC(30) y: Young Generation
[2026-06-17T10:03:12.890+0800][0.983s][info][gc,phases   ] GC(30) y: Pause Mark Start 0.009ms
[2026-06-17T10:03:12.891+0800][0.984s][info][gc,phases   ] GC(29) O: Concurrent Mark 1.101ms
[2026-06-17T10:03:12.891+0800][0.984s][info][gc,phases   ] GC(30) y: Concurrent Mark 0.641ms
[2026-06-17T10:03:12.891+0800][0.984s][info][gc,phases   ] GC(29) O: Pause Mark End 0.006ms
[2026-06-17T10:03:12.891+0800][0.985s][info][gc,phases   ] GC(29) O: Concurrent Mark Free 0.001ms
[2026-06-17T10:03:12.891+0800][0.985s][info][gc,phases   ] GC(30) y: Pause Mark End 0.002ms
[2026-06-17T10:03:12.892+0800][0.985s][info][gc,phases   ] GC(30) y: Concurrent Mark Free 0.000ms
[2026-06-17T10:03:12.892+0800][0.985s][info][gc,phases   ] GC(30) y: Concurrent Reset Relocation Set 0.001ms
[2026-06-17T10:03:12.892+0800][0.985s][info][gc,phases   ] GC(29) O: Concurrent Process Non-Strong 0.366ms
[2026-06-17T10:03:12.892+0800][0.985s][info][gc,phases   ] GC(29) O: Concurrent Reset Relocation Set 0.002ms
[2026-06-17T10:03:12.892+0800][0.986s][info][gc,reloc    ] GC(30) y: Using tenuring threshold: 2 (Computed)
[2026-06-17T10:03:12.892+0800][0.986s][info][gc,phases   ] GC(30) y: Concurrent Select Relocation Set 0.720ms
[2026-06-17T10:03:12.893+0800][0.986s][info][gc          ] Allocation Stall (main) 6.142ms
[2026-06-17T10:03:12.893+0800][0.986s][info][gc,phases   ] GC(29) O: Concurrent Select Relocation Set 0.567ms
[2026-06-17T10:03:12.893+0800][0.986s][info][gc,phases   ] GC(30) y: Pause Relocate Start 0.005ms
[2026-06-17T10:03:12.893+0800][0.986s][info][gc,phases   ] GC(30) y: Concurrent Relocate 0.088ms
[2026-06-17T10:03:12.893+0800][0.986s][info][gc,alloc    ] GC(30) y:                         Mark Start        Mark End      Relocate Start    Relocate End   
[2026-06-17T10:03:12.893+0800][0.987s][info][gc,alloc    ] GC(30) y: Allocation Stalls:          1                1                0                1         
[2026-06-17T10:03:12.893+0800][0.987s][info][gc,load     ] GC(30) y: Load: 0.38 (2%) / 0.43 (2%) / 0.50 (2%)
[2026-06-17T10:03:12.893+0800][0.987s][info][gc,mmu      ] GC(30) y: MMU: 2ms/98.6%, 5ms/99.3%, 10ms/99.5%, 20ms/99.6%, 50ms/99.7%, 100ms/99.8%
[2026-06-17T10:03:12.893+0800][0.987s][info][gc,marking  ] GC(30) y: Mark: 1 stripe(s), 1 proactive flush(es), 1 terminate flush(es), 0 completion(s), 0 continuation(s) 
[2026-06-17T10:03:12.893+0800][0.987s][info][gc,marking  ] GC(30) y: Mark Stack Usage: 32M
[2026-06-17T10:03:12.894+0800][0.987s][info][gc,nmethod  ] GC(30) y: NMethods: 69 registered, 3 unregistered
[2026-06-17T10:03:12.894+0800][0.987s][info][gc,metaspace] GC(30) y: Metaspace: 0M used, 0M committed, 1088M reserved
[2026-06-17T10:03:12.894+0800][0.987s][info][gc,reloc    ] GC(30) y:                        Candidates     Selected     In-Place         Size        Empty    Relocated 
[2026-06-17T10:03:12.894+0800][0.987s][info][gc,reloc    ] GC(30) y: Small Pages:                    1            0            0           2M           0M           0M 
[2026-06-17T10:03:12.894+0800][0.987s][info][gc,reloc    ] GC(30) y: Large Pages:                    2            0            0           4M           0M           0M 
[2026-06-17T10:03:12.894+0800][0.987s][info][gc,reloc    ] GC(30) y: Forwarding Usage: 0M
[2026-06-17T10:03:12.894+0800][0.987s][info][gc,reloc    ] GC(30) y: Age Table:
[2026-06-17T10:03:12.894+0800][0.987s][info][gc,reloc    ] GC(30) y:                    Live             Garbage             Small              Medium             Large        
[2026-06-17T10:03:12.894+0800][0.988s][info][gc,reloc    ] GC(30) y: Eden               4M (6%)            0M (0%)           0 / 0              0 / 0              2 / 0        
[2026-06-17T10:03:12.894+0800][0.988s][info][gc,reloc    ] GC(30) y: Survivor 1         1M (3%)            0M (0%)           1 / 0              0 / 0              0 / 0        
[2026-06-17T10:03:12.894+0800][0.988s][info][gc,heap     ] GC(30) y: Min Capacity: 64M(100%)
[2026-06-17T10:03:12.895+0800][0.988s][info][gc,heap     ] GC(30) y: Max Capacity: 64M(100%)
[2026-06-17T10:03:12.895+0800][0.988s][info][gc,heap     ] GC(30) y: Soft Max Capacity: 64M(100%)
[2026-06-17T10:03:12.895+0800][0.988s][info][gc,heap     ] GC(30) y: Heap Statistics:
[2026-06-17T10:03:12.895+0800][0.988s][info][gc,heap     ] GC(30) y:                Mark Start          Mark End        Relocate Start      Relocate End           High               Low         
[2026-06-17T10:03:12.895+0800][0.988s][info][gc,heap     ] GC(30) y:  Capacity:       64M (100%)         64M (100%)         64M (100%)         64M (100%)         64M (100%)         64M (100%)   
[2026-06-17T10:03:12.895+0800][0.988s][info][gc,heap     ] GC(30) y:      Free:        0M (0%)            0M (0%)            0M (0%)            0M (0%)            2M (3%)            0M (0%)     
[2026-06-17T10:03:12.895+0800][0.989s][info][gc,heap     ] GC(30) y:      Used:       64M (100%)         64M (100%)         64M (100%)         64M (100%)         64M (100%)         62M (97%)    
[2026-06-17T10:03:12.895+0800][0.989s][info][gc,heap     ] GC(30) y: Young Generation Statistics:
[2026-06-17T10:03:12.896+0800][0.989s][info][gc,heap     ] GC(30) y:                Mark Start          Mark End        Relocate Start      Relocate End    
[2026-06-17T10:03:12.896+0800][0.989s][info][gc,heap     ] GC(30) y:      Used:        6M (9%)            6M (9%)            8M (12%)           8M (12%)    
[2026-06-17T10:03:12.896+0800][0.989s][info][gc,heap     ] GC(30) y:      Live:         -                 5M (9%)            5M (9%)            5M (9%)     
[2026-06-17T10:03:12.896+0800][0.989s][info][gc,heap     ] GC(30) y:   Garbage:         -                 0M (0%)            0M (0%)            0M (0%)     
[2026-06-17T10:03:12.896+0800][0.989s][info][gc,heap     ] GC(30) y: Allocated:         -                 0M (0%)            2M (3%)            2M (3%)     
[2026-06-17T10:03:12.896+0800][0.989s][info][gc,heap     ] GC(30) y: Reclaimed:         -                  -                 0M (0%)            0M (0%)     
[2026-06-17T10:03:12.896+0800][0.989s][info][gc,heap     ] GC(30) y:  Promoted:         -                  -                 0M (0%)            0M (0%)     
[2026-06-17T10:03:12.896+0800][0.990s][info][gc,heap     ] GC(30) y: Compacted:         -                  -                  -                 0M (0%)     
[2026-06-17T10:03:12.896+0800][0.990s][info][gc,phases   ] GC(30) y: Young Generation 64M(100%)->64M(100%) 0.003s
[2026-06-17T10:03:12.896+0800][0.990s][info][gc          ] GC(30) Minor Collection (Allocation Stall) 64M(100%)->64M(100%) 0.007s
[2026-06-17T10:03:12.896+0800][0.990s][info][gc          ] GC(31) Minor Collection (Allocation Stall)
[2026-06-17T10:03:12.897+0800][0.990s][info][gc,task     ] GC(31) Using 1 Workers for Young Generation
[2026-06-17T10:03:12.897+0800][0.990s][info][gc,phases   ] GC(31) y: Young Generation
[2026-06-17T10:03:12.897+0800][0.990s][info][gc,phases   ] GC(31) y: Pause Mark Start 0.008ms
[2026-06-17T10:03:12.897+0800][0.991s][info][gc,phases   ] GC(31) y: Concurrent Mark 0.399ms
[2026-06-17T10:03:12.897+0800][0.991s][info][gc,phases   ] GC(31) y: Pause Mark End 0.005ms
[2026-06-17T10:03:12.898+0800][0.991s][info][gc,phases   ] GC(31) y: Concurrent Mark Free 0.001ms
[2026-06-17T10:03:12.898+0800][0.991s][info][gc,phases   ] GC(31) y: Concurrent Reset Relocation Set 0.001ms
[2026-06-17T10:03:12.898+0800][0.992s][info][gc,reloc    ] GC(31) y: Using tenuring threshold: 1 (Computed)
[2026-06-17T10:03:12.899+0800][0.992s][info][gc,phases   ] GC(31) y: Concurrent Select Relocation Set 0.857ms
[2026-06-17T10:03:12.899+0800][0.992s][info][gc,phases   ] GC(31) y: Pause Relocate Start 0.004ms
[2026-06-17T10:03:12.899+0800][0.992s][info][gc,phases   ] GC(31) y: Concurrent Relocate 0.093ms
[2026-06-17T10:03:12.899+0800][0.992s][info][gc,alloc    ] GC(31) y:                         Mark Start        Mark End      Relocate Start    Relocate End   
[2026-06-17T10:03:12.899+0800][0.992s][info][gc,alloc    ] GC(31) y: Allocation Stalls:          1                1                1                1         
[2026-06-17T10:03:12.899+0800][0.993s][info][gc,load     ] GC(31) y: Load: 0.38 (2%) / 0.43 (2%) / 0.50 (2%)
[2026-06-17T10:03:12.899+0800][0.993s][info][gc,mmu      ] GC(31) y: MMU: 2ms/98.6%, 5ms/99.3%, 10ms/99.5%, 20ms/99.6%, 50ms/99.7%, 100ms/99.8%
[2026-06-17T10:03:12.899+0800][0.993s][info][gc,marking  ] GC(31) y: Mark: 1 stripe(s), 1 proactive flush(es), 1 terminate flush(es), 0 completion(s), 0 continuation(s) 
[2026-06-17T10:03:12.899+0800][0.993s][info][gc,marking  ] GC(31) y: Mark Stack Usage: 32M
[2026-06-17T10:03:12.900+0800][0.993s][info][gc,nmethod  ] GC(31) y: NMethods: 69 registered, 3 unregistered
[2026-06-17T10:03:12.900+0800][0.993s][info][gc,metaspace] GC(31) y: Metaspace: 0M used, 0M committed, 1088M reserved
[2026-06-17T10:03:12.900+0800][0.993s][info][gc,reloc    ] GC(31) y:                        Candidates     Selected     In-Place         Size        Empty    Relocated 
[2026-06-17T10:03:12.900+0800][0.993s][info][gc,reloc    ] GC(31) y: Small Pages:                    2            1            2           4M           0M           0M 
[2026-06-17T10:03:12.900+0800][0.993s][info][gc,reloc    ] GC(31) y: Large Pages:                    2            0            0           4M           0M           0M 
[2026-06-17T10:03:12.900+0800][0.993s][info][gc,reloc    ] GC(31) y: Forwarding Usage: 0M
[2026-06-17T10:03:12.900+0800][0.993s][info][gc,reloc    ] GC(31) y: Age Table:
[2026-06-17T10:03:12.900+0800][0.993s][info][gc,reloc    ] GC(31) y:                    Live             Garbage             Small              Medium             Large        
[2026-06-17T10:03:12.900+0800][0.994s][info][gc,reloc    ] GC(31) y: Eden               0M (0%)            1M (3%)           1 / 0              0 / 0              0 / 0        
[2026-06-17T10:03:12.900+0800][0.994s][info][gc,reloc    ] GC(31) y: Survivor 1         4M (6%)            0M (0%)           0 / 0              0 / 0              2 / 0        
[2026-06-17T10:03:12.901+0800][0.994s][info][gc,reloc    ] GC(31) y: Survivor 2         0M (0%)            1M (3%)           1 / 1              0 / 0              0 / 0        
[2026-06-17T10:03:12.901+0800][0.994s][info][gc,heap     ] GC(31) y: Min Capacity: 64M(100%)
[2026-06-17T10:03:12.901+0800][0.994s][info][gc,heap     ] GC(31) y: Max Capacity: 64M(100%)
[2026-06-17T10:03:12.901+0800][0.995s][info][gc,heap     ] GC(31) y: Soft Max Capacity: 64M(100%)
[2026-06-17T10:03:12.902+0800][0.995s][info][gc,heap     ] GC(31) y: Heap Statistics:
[2026-06-17T10:03:12.902+0800][0.995s][info][gc,heap     ] GC(31) y:                Mark Start          Mark End        Relocate Start      Relocate End           High               Low         
[2026-06-17T10:03:12.902+0800][0.995s][info][gc,heap     ] GC(31) y:  Capacity:       64M (100%)         64M (100%)         64M (100%)         64M (100%)         64M (100%)         64M (100%)   
[2026-06-17T10:03:12.902+0800][0.995s][info][gc,heap     ] GC(31) y:      Free:        0M (0%)            0M (0%)            0M (0%)            0M (0%)            0M (0%)            0M (0%)     
[2026-06-17T10:03:12.902+0800][0.995s][info][gc,heap     ] GC(31) y:      Used:       64M (100%)         64M (100%)         64M (100%)         64M (100%)         64M (100%)         64M (100%)   
[2026-06-17T10:03:12.902+0800][0.995s][info][gc,heap     ] GC(31) y: Young Generation Statistics:
[2026-06-17T10:03:12.902+0800][0.995s][info][gc,heap     ] GC(31) y:                Mark Start          Mark End        Relocate Start      Relocate End    
[2026-06-17T10:03:12.902+0800][0.996s][info][gc,heap     ] GC(31) y:      Used:        8M (12%)           8M (12%)           4M (6%)            2M (3%)     
[2026-06-17T10:03:12.902+0800][0.996s][info][gc,heap     ] GC(31) y:      Live:         -                 4M (7%)            0M (1%)            0M (0%)     
[2026-06-17T10:03:12.902+0800][0.996s][info][gc,heap     ] GC(31) y:   Garbage:         -                 3M (6%)            3M (6%)            0M (0%)     
[2026-06-17T10:03:12.902+0800][0.996s][info][gc,heap     ] GC(31) y: Allocated:         -                 0M (0%)            0M (0%)            1M (3%)     
[2026-06-17T10:03:12.903+0800][0.996s][info][gc,heap     ] GC(31) y: Reclaimed:         -                  -                 0M (0%)            3M (6%)     
[2026-06-17T10:03:12.903+0800][0.996s][info][gc,heap     ] GC(31) y:  Promoted:         -                  -                 4M (6%)            4M (7%)     
[2026-06-17T10:03:12.903+0800][0.996s][info][gc,heap     ] GC(31) y: Compacted:         -                  -                  -                 0M (0%)     
[2026-06-17T10:03:12.903+0800][0.996s][info][gc,phases   ] GC(31) y: Young Generation 64M(100%)->64M(100%) 0.002s
[2026-06-17T10:03:12.903+0800][0.996s][info][gc          ] GC(31) Minor Collection (Allocation Stall) 64M(100%)->64M(100%) 0.006s
[2026-06-17T10:03:12.903+0800][0.996s][info][gc,task     ] GC(29) O: Using 1 Workers for Old Generation
[2026-06-17T10:03:12.916+0800][1.009s][info][gc,task     ] GC(29) O: Using 1 Workers for Old Generation
[2026-06-17T10:03:12.916+0800][1.009s][info][gc,phases   ] GC(29) O: Concurrent Remap Roots 13.048ms
[2026-06-17T10:03:12.916+0800][1.010s][info][gc,phases   ] GC(29) O: Pause Relocate Start 0.011ms
[2026-06-17T10:03:12.917+0800][1.010s][info][gc,phases   ] GC(29) O: Concurrent Relocate 0.068ms
[2026-06-17T10:03:12.917+0800][1.010s][info][gc,alloc    ] GC(29) O:                         Mark Start        Mark End      Relocate Start    Relocate End   
[2026-06-17T10:03:12.917+0800][1.010s][info][gc,alloc    ] GC(29) O: Allocation Stalls:          1                1                1                1         
[2026-06-17T10:03:12.917+0800][1.010s][info][gc,load     ] GC(29) O: Load: 0.38 (2%) / 0.43 (2%) / 0.50 (2%)
[2026-06-17T10:03:12.917+0800][1.010s][info][gc,mmu      ] GC(29) O: MMU: 2ms/98.6%, 5ms/99.3%, 10ms/99.5%, 20ms/99.6%, 50ms/99.7%, 100ms/99.8%
[2026-06-17T10:03:12.917+0800][1.010s][info][gc,marking  ] GC(29) O: Mark: 1 stripe(s), 2 proactive flush(es), 1 terminate flush(es), 0 completion(s), 0 continuation(s) 
[2026-06-17T10:03:12.917+0800][1.010s][info][gc,marking  ] GC(29) O: Mark Stack Usage: 32M
[2026-06-17T10:03:12.917+0800][1.010s][info][gc,nmethod  ] GC(29) O: NMethods: 69 registered, 3 unregistered
[2026-06-17T10:03:12.917+0800][1.010s][info][gc,metaspace] GC(29) O: Metaspace: 0M used, 0M committed, 1088M reserved
[2026-06-17T10:03:12.917+0800][1.010s][info][gc,ref      ] GC(29) O:                       Encountered   Discovered     Enqueued 
[2026-06-17T10:03:12.917+0800][1.011s][info][gc,ref      ] GC(29) O: Soft References:                0            0            0 
[2026-06-17T10:03:12.917+0800][1.011s][info][gc,ref      ] GC(29) O: Weak References:                6            0            0 
[2026-06-17T10:03:12.917+0800][1.011s][info][gc,ref      ] GC(29) O: Final References:               0            0            0 
[2026-06-17T10:03:12.917+0800][1.011s][info][gc,ref      ] GC(29) O: Phantom References:             1            1            0 
[2026-06-17T10:03:12.918+0800][1.011s][info][gc,reloc    ] GC(29) O:                        Candidates     Selected     In-Place         Size        Empty    Relocated 
[2026-06-17T10:03:12.918+0800][1.011s][info][gc,reloc    ] GC(29) O: Small Pages:                    4            0            0           8M           2M           0M 
[2026-06-17T10:03:12.918+0800][1.011s][info][gc,reloc    ] GC(29) O: Large Pages:                   25            0            0          50M           0M           0M 
[2026-06-17T10:03:12.918+0800][1.011s][info][gc,reloc    ] GC(29) O: Forwarding Usage: 0M
[2026-06-17T10:03:12.918+0800][1.011s][info][gc,heap     ] GC(29) O: Min Capacity: 64M(100%)
[2026-06-17T10:03:12.918+0800][1.011s][info][gc,heap     ] GC(29) O: Max Capacity: 64M(100%)
[2026-06-17T10:03:12.918+0800][1.011s][info][gc,heap     ] GC(29) O: Soft Max Capacity: 64M(100%)
[2026-06-17T10:03:12.918+0800][1.011s][info][gc,heap     ] GC(29) O: Heap Statistics:
[2026-06-17T10:03:12.918+0800][1.012s][info][gc,heap     ] GC(29) O:                Mark Start          Mark End        Relocate Start      Relocate End           High               Low         
[2026-06-17T10:03:12.918+0800][1.012s][info][gc,heap     ] GC(29) O:  Capacity:       64M (100%)         64M (100%)         64M (100%)         64M (100%)         64M (100%)         64M (100%)   
[2026-06-17T10:03:12.918+0800][1.012s][info][gc,heap     ] GC(29) O:      Free:        0M (0%)            0M (0%)            0M (0%)            0M (0%)            2M (3%)            0M (0%)     
[2026-06-17T10:03:12.918+0800][1.012s][info][gc,heap     ] GC(29) O:      Used:       64M (100%)         64M (100%)         64M (100%)         64M (100%)         64M (100%)         62M (97%)    
[2026-06-17T10:03:12.919+0800][1.012s][info][gc,heap     ] GC(29) O: Old Generation Statistics:
[2026-06-17T10:03:12.919+0800][1.012s][info][gc,heap     ] GC(29) O:                Mark Start          Mark End        Relocate Start      Relocate End    
[2026-06-17T10:03:12.919+0800][1.012s][info][gc,heap     ] GC(29) O:      Used:       58M (91%)          58M (91%)          62M (97%)          62M (97%)    
[2026-06-17T10:03:12.919+0800][1.012s][info][gc,heap     ] GC(29) O:      Live:         -                55M (86%)          55M (86%)          55M (86%)    
[2026-06-17T10:03:12.919+0800][1.012s][info][gc,heap     ] GC(29) O:   Garbage:         -                 2M (5%)            0M (1%)            0M (1%)     
[2026-06-17T10:03:12.919+0800][1.012s][info][gc,heap     ] GC(29) O: Allocated:         -                 0M (0%)            6M (9%)            6M (9%)     
[2026-06-17T10:03:12.919+0800][1.013s][info][gc,heap     ] GC(29) O: Reclaimed:         -                  -                 2M (3%)            2M (3%)     
[2026-06-17T10:03:12.920+0800][1.013s][info][gc,heap     ] GC(29) O: Compacted:         -                  -                  -                 0M (0%)     
[2026-06-17T10:03:12.920+0800][1.013s][info][gc,phases   ] GC(29) O: Old Generation 64M(100%)->64M(100%) 0.027s
[2026-06-17T10:03:12.920+0800][1.013s][info][gc          ] GC(29) Major Collection (Allocation Rate) 62M(97%)->64M(100%) 0.037s
[2026-06-17T10:03:12.920+0800][1.013s][info][gc          ] GC(32) Major Collection (Allocation Stall)
[2026-06-17T10:03:12.920+0800][1.014s][info][gc,task     ] GC(32) Using 1 Workers for Young Generation
[2026-06-17T10:03:12.920+0800][1.014s][info][gc,task     ] GC(32) Using 1 Workers for Old Generation
[2026-06-17T10:03:12.920+0800][1.014s][info][gc,phases   ] GC(32) Y: Young Generation (Promote All)
[2026-06-17T10:03:12.920+0800][1.014s][info][gc,phases   ] GC(32) Y: Pause Mark Start 0.010ms
[2026-06-17T10:03:12.921+0800][1.014s][info][gc,phases   ] GC(32) Y: Concurrent Mark 0.460ms
[2026-06-17T10:03:12.921+0800][1.015s][info][gc,phases   ] GC(32) Y: Pause Mark End 0.007ms
[2026-06-17T10:03:12.921+0800][1.015s][info][gc,phases   ] GC(32) Y: Concurrent Mark Free 0.001ms
[2026-06-17T10:03:12.922+0800][1.015s][info][gc,phases   ] GC(32) Y: Concurrent Reset Relocation Set 0.004ms
[2026-06-17T10:03:12.922+0800][1.016s][info][gc,reloc    ] GC(32) Y: Using tenuring threshold: 0 (Promote All)
[2026-06-17T10:03:12.923+0800][1.016s][info][gc,phases   ] GC(32) Y: Concurrent Select Relocation Set 0.912ms
[2026-06-17T10:03:12.923+0800][1.016s][info][gc,phases   ] GC(32) Y: Pause Relocate Start 0.005ms
[2026-06-17T10:03:12.923+0800][1.016s][info][gc,phases   ] GC(32) Y: Concurrent Relocate 0.089ms
[2026-06-17T10:03:12.923+0800][1.016s][info][gc,alloc    ] GC(32) Y:                         Mark Start        Mark End      Relocate Start    Relocate End   
[2026-06-17T10:03:12.923+0800][1.016s][info][gc,alloc    ] GC(32) Y: Allocation Stalls:          1                1                1                1         
[2026-06-17T10:03:12.923+0800][1.017s][info][gc,load     ] GC(32) Y: Load: 0.38 (2%) / 0.43 (2%) / 0.50 (2%)
[2026-06-17T10:03:12.923+0800][1.017s][info][gc,mmu      ] GC(32) Y: MMU: 2ms/98.6%, 5ms/99.3%, 10ms/99.5%, 20ms/99.6%, 50ms/99.7%, 100ms/99.8%
[2026-06-17T10:03:12.923+0800][1.017s][info][gc,marking  ] GC(32) Y: Mark: 1 stripe(s), 1 proactive flush(es), 1 terminate flush(es), 0 completion(s), 0 continuation(s) 
[2026-06-17T10:03:12.923+0800][1.017s][info][gc,marking  ] GC(32) Y: Mark Stack Usage: 32M
[2026-06-17T10:03:12.924+0800][1.017s][info][gc,nmethod  ] GC(32) Y: NMethods: 69 registered, 3 unregistered
[2026-06-17T10:03:12.924+0800][1.017s][info][gc,metaspace] GC(32) Y: Metaspace: 0M used, 0M committed, 1088M reserved
[2026-06-17T10:03:12.924+0800][1.017s][info][gc,reloc    ] GC(32) Y:                        Candidates     Selected     In-Place         Size        Empty    Relocated 
[2026-06-17T10:03:12.924+0800][1.017s][info][gc,reloc    ] GC(32) Y: Small Pages:                    1            0            0           2M           0M           0M 
[2026-06-17T10:03:12.924+0800][1.017s][info][gc,reloc    ] GC(32) Y: Large Pages:                    0            0            0           0M           0M           0M 
[2026-06-17T10:03:12.924+0800][1.017s][info][gc,reloc    ] GC(32) Y: Forwarding Usage: 0M
[2026-06-17T10:03:12.924+0800][1.017s][info][gc,reloc    ] GC(32) Y: Age Table:
[2026-06-17T10:03:12.924+0800][1.017s][info][gc,reloc    ] GC(32) Y:                    Live             Garbage             Small              Medium             Large        
[2026-06-17T10:03:12.924+0800][1.017s][info][gc,reloc    ] GC(32) Y: Eden                -                 0M (0%)           0 / 0              0 / 0              0 / 0        
[2026-06-17T10:03:12.924+0800][1.018s][info][gc,reloc    ] GC(32) Y: Survivor 1         0M (0%)            1M (3%)           1 / 0              0 / 0              0 / 0        
[2026-06-17T10:03:12.924+0800][1.018s][info][gc,heap     ] GC(32) Y: Min Capacity: 64M(100%)
[2026-06-17T10:03:12.924+0800][1.018s][info][gc,heap     ] GC(32) Y: Max Capacity: 64M(100%)
[2026-06-17T10:03:12.924+0800][1.018s][info][gc,heap     ] GC(32) Y: Soft Max Capacity: 64M(100%)
[2026-06-17T10:03:12.925+0800][1.018s][info][gc,heap     ] GC(32) Y: Heap Statistics:
[2026-06-17T10:03:12.925+0800][1.018s][info][gc,heap     ] GC(32) Y:                Mark Start          Mark End        Relocate Start      Relocate End           High               Low         
[2026-06-17T10:03:12.925+0800][1.018s][info][gc,heap     ] GC(32) Y:  Capacity:       64M (100%)         64M (100%)         64M (100%)         64M (100%)         64M (100%)         64M (100%)   
[2026-06-17T10:03:12.925+0800][1.018s][info][gc,heap     ] GC(32) Y:      Free:        0M (0%)            0M (0%)            0M (0%)            0M (0%)            0M (0%)            0M (0%)     
[2026-06-17T10:03:12.925+0800][1.018s][info][gc,heap     ] GC(32) Y:      Used:       64M (100%)         64M (100%)         64M (100%)         64M (100%)         64M (100%)         64M (100%)   
[2026-06-17T10:03:12.925+0800][1.019s][info][gc,heap     ] GC(32) Y: Young Generation Statistics:
[2026-06-17T10:03:12.925+0800][1.019s][info][gc,heap     ] GC(32) Y:                Mark Start          Mark End        Relocate Start      Relocate End    
[2026-06-17T10:03:12.926+0800][1.019s][info][gc,heap     ] GC(32) Y:      Used:        2M (3%)            2M (3%)            0M (0%)            0M (0%)     
[2026-06-17T10:03:12.926+0800][1.019s][info][gc,heap     ] GC(32) Y:      Live:         -                 0M (0%)            0M (0%)            0M (0%)     
[2026-06-17T10:03:12.926+0800][1.019s][info][gc,heap     ] GC(32) Y:   Garbage:         -                 1M (3%)            0M (0%)            0M (0%)     
[2026-06-17T10:03:12.926+0800][1.019s][info][gc,heap     ] GC(32) Y: Allocated:         -                 0M (0%)            0M (0%)            0M (0%)     
[2026-06-17T10:03:12.926+0800][1.020s][info][gc,heap     ] GC(32) Y: Reclaimed:         -                  -                 1M (3%)            1M (3%)     
[2026-06-17T10:03:12.926+0800][1.020s][info][gc,heap     ] GC(32) Y:  Promoted:         -                  -                 0M (0%)            0M (0%)     
[2026-06-17T10:03:12.926+0800][1.020s][info][gc,heap     ] GC(32) Y: Compacted:         -                  -                  -                 0M (0%)     
[2026-06-17T10:03:12.926+0800][1.020s][info][gc,phases   ] GC(32) Y: Young Generation (Promote All) 64M(100%)->64M(100%) 0.003s
[2026-06-17T10:03:12.927+0800][1.020s][info][gc,phases   ] GC(32) Y: Young Generation (Collect Roots)
[2026-06-17T10:03:12.927+0800][1.020s][info][gc,phases   ] GC(32) Y: Pause Mark Start (Major) 0.012ms
[2026-06-17T10:03:12.927+0800][1.021s][info][gc,phases   ] GC(32) Y: Concurrent Mark 0.439ms
[2026-06-17T10:03:12.927+0800][1.021s][info][gc,phases   ] GC(32) Y: Pause Mark End 0.005ms
[2026-06-17T10:03:12.928+0800][1.021s][info][gc,phases   ] GC(32) Y: Concurrent Mark Free 0.028ms
[2026-06-17T10:03:12.928+0800][1.021s][info][gc,phases   ] GC(32) Y: Concurrent Reset Relocation Set 0.002ms
[2026-06-17T10:03:12.928+0800][1.021s][info][gc,reloc    ] GC(32) Y: Using tenuring threshold: 0 (Computed)
[2026-06-17T10:03:12.929+0800][1.022s][info][gc,phases   ] GC(32) Y: Concurrent Select Relocation Set 0.835ms
[2026-06-17T10:03:12.929+0800][1.022s][info][gc,phases   ] GC(32) Y: Pause Relocate Start 0.005ms
[2026-06-17T10:03:12.929+0800][1.022s][info][gc,phases   ] GC(32) Y: Concurrent Relocate 0.094ms
[2026-06-17T10:03:12.929+0800][1.022s][info][gc,alloc    ] GC(32) Y:                         Mark Start        Mark End      Relocate Start    Relocate End   
[2026-06-17T10:03:12.929+0800][1.022s][info][gc,alloc    ] GC(32) Y: Allocation Stalls:          1                1                1                1         
[2026-06-17T10:03:12.929+0800][1.022s][info][gc,load     ] GC(32) Y: Load: 0.38 (2%) / 0.43 (2%) / 0.50 (2%)
[2026-06-17T10:03:12.929+0800][1.022s][info][gc,mmu      ] GC(32) Y: MMU: 2ms/98.6%, 5ms/99.3%, 10ms/99.5%, 20ms/99.6%, 50ms/99.7%, 100ms/99.8%
[2026-06-17T10:03:12.929+0800][1.023s][info][gc,marking  ] GC(32) Y: Mark: 1 stripe(s), 1 proactive flush(es), 1 terminate flush(es), 0 completion(s), 0 continuation(s) 
[2026-06-17T10:03:12.929+0800][1.023s][info][gc,marking  ] GC(32) Y: Mark Stack Usage: 0M
[2026-06-17T10:03:12.929+0800][1.023s][info][gc,nmethod  ] GC(32) Y: NMethods: 69 registered, 3 unregistered
[2026-06-17T10:03:12.929+0800][1.023s][info][gc,metaspace] GC(32) Y: Metaspace: 0M used, 0M committed, 1088M reserved
[2026-06-17T10:03:12.930+0800][1.023s][info][gc,heap     ] GC(32) Y: Min Capacity: 64M(100%)
[2026-06-17T10:03:12.930+0800][1.023s][info][gc,heap     ] GC(32) Y: Max Capacity: 64M(100%)
[2026-06-17T10:03:12.930+0800][1.023s][info][gc,heap     ] GC(32) Y: Soft Max Capacity: 64M(100%)
[2026-06-17T10:03:12.930+0800][1.023s][info][gc,heap     ] GC(32) Y: Heap Statistics:
[2026-06-17T10:03:12.930+0800][1.023s][info][gc,heap     ] GC(32) Y:                Mark Start          Mark End        Relocate Start      Relocate End           High               Low         
[2026-06-17T10:03:12.930+0800][1.023s][info][gc,heap     ] GC(32) Y:  Capacity:       64M (100%)         64M (100%)         64M (100%)         64M (100%)         64M (100%)         64M (100%)   
[2026-06-17T10:03:12.930+0800][1.023s][info][gc,heap     ] GC(32) Y:      Free:        0M (0%)            0M (0%)            0M (0%)            0M (0%)            0M (0%)            0M (0%)     
[2026-06-17T10:03:12.930+0800][1.023s][info][gc,heap     ] GC(32) Y:      Used:       64M (100%)         64M (100%)         64M (100%)         64M (100%)         64M (100%)         64M (100%)   
[2026-06-17T10:03:12.930+0800][1.023s][info][gc,heap     ] GC(32) Y: Young Generation Statistics:
[2026-06-17T10:03:12.930+0800][1.024s][info][gc,heap     ] GC(32) Y:                Mark Start          Mark End        Relocate Start      Relocate End    
[2026-06-17T10:03:12.930+0800][1.024s][info][gc,heap     ] GC(32) Y:      Used:        0M (0%)            0M (0%)            0M (0%)            0M (0%)     
[2026-06-17T10:03:12.930+0800][1.024s][info][gc,heap     ] GC(32) Y:      Live:         -                 0M (0%)            0M (0%)            0M (0%)     
[2026-06-17T10:03:12.930+0800][1.024s][info][gc,heap     ] GC(32) Y:   Garbage:         -                 0M (0%)            0M (0%)            0M (0%)     
[2026-06-17T10:03:12.931+0800][1.024s][info][gc,heap     ] GC(32) Y: Allocated:         -                 0M (0%)            0M (0%)            0M (0%)     
[2026-06-17T10:03:12.931+0800][1.024s][info][gc,heap     ] GC(32) Y: Reclaimed:         -                  -                 0M (0%)            0M (0%)     
[2026-06-17T10:03:12.931+0800][1.024s][info][gc,heap     ] GC(32) Y:  Promoted:         -                  -                 0M (0%)            0M (0%)     
[2026-06-17T10:03:12.931+0800][1.024s][info][gc,heap     ] GC(32) Y: Compacted:         -                  -                  -                 0M (0%)     
[2026-06-17T10:03:12.931+0800][1.024s][info][gc,phases   ] GC(32) Y: Young Generation (Collect Roots) 64M(100%)->64M(100%) 0.002s
[2026-06-17T10:03:12.931+0800][1.024s][info][gc,phases   ] GC(32) O: Old Generation
[2026-06-17T10:03:12.932+0800][1.025s][info][gc,phases   ] GC(32) O: Concurrent Mark 0.883ms
[2026-06-17T10:03:12.932+0800][1.026s][info][gc,phases   ] GC(32) O: Pause Mark End 0.007ms
[2026-06-17T10:03:12.932+0800][1.026s][info][gc,phases   ] GC(32) O: Concurrent Mark Free 0.000ms
[2026-06-17T10:03:12.932+0800][1.026s][info][gc,ref      ] GC(32) O: Clearing All SoftReferences
[2026-06-17T10:03:12.933+0800][1.026s][info][gc,phases   ] GC(32) O: Concurrent Process Non-Strong 0.333ms
[2026-06-17T10:03:12.933+0800][1.026s][info][gc,phases   ] GC(32) O: Concurrent Reset Relocation Set 0.001ms
[2026-06-17T10:03:12.934+0800][1.027s][info][gc,phases   ] GC(32) O: Concurrent Select Relocation Set 0.533ms
[2026-06-17T10:03:12.934+0800][1.027s][info][gc,task     ] GC(32) O: Using 1 Workers for Old Generation
[2026-06-17T10:03:12.946+0800][1.040s][info][gc,task     ] GC(32) O: Using 1 Workers for Old Generation
[2026-06-17T10:03:12.947+0800][1.040s][info][gc,phases   ] GC(32) O: Concurrent Remap Roots 13.035ms
[2026-06-17T10:03:12.947+0800][1.040s][info][gc,phases   ] GC(32) O: Pause Relocate Start 0.011ms
[2026-06-17T10:03:12.947+0800][1.040s][info][gc,phases   ] GC(32) O: Concurrent Relocate 0.119ms
[2026-06-17T10:03:12.947+0800][1.041s][info][gc,alloc    ] GC(32) O:                         Mark Start        Mark End      Relocate Start    Relocate End   
[2026-06-17T10:03:12.947+0800][1.041s][info][gc,alloc    ] GC(32) O: Allocation Stalls:          1                1                1                0         
[2026-06-17T10:03:12.947+0800][1.040s][info][gc          ] Allocation Stall (main) 54.194ms
[2026-06-17T10:03:12.948+0800][1.041s][info][gc,load     ] GC(32) O: Load: 0.38 (2%) / 0.43 (2%) / 0.50 (2%)
[2026-06-17T10:03:12.948+0800][1.041s][info][gc,mmu      ] GC(32) O: MMU: 2ms/98.6%, 5ms/99.3%, 10ms/99.5%, 20ms/99.6%, 50ms/99.7%, 100ms/99.8%
[2026-06-17T10:03:12.948+0800][1.041s][info][gc,marking  ] GC(32) O: Mark: 1 stripe(s), 1 proactive flush(es), 1 terminate flush(es), 0 completion(s), 0 continuation(s) 
[2026-06-17T10:03:12.948+0800][1.041s][info][gc,marking  ] GC(32) O: Mark Stack Usage: 32M
[2026-06-17T10:03:12.948+0800][1.041s][info][gc,nmethod  ] GC(32) O: NMethods: 69 registered, 3 unregistered
[2026-06-17T10:03:12.948+0800][1.042s][info][gc,metaspace] GC(32) O: Metaspace: 0M used, 0M committed, 1088M reserved
[2026-06-17T10:03:12.948+0800][1.042s][info][gc,ref      ] GC(32) O:                       Encountered   Discovered     Enqueued 
[2026-06-17T10:03:12.948+0800][1.042s][info][gc,ref      ] GC(32) O: Soft References:                0            0            0 
[2026-06-17T10:03:12.948+0800][1.042s][info][gc,ref      ] GC(32) O: Weak References:                6            0            0 
[2026-06-17T10:03:12.949+0800][1.042s][info][gc,ref      ] GC(32) O: Final References:               0            0            0 
[2026-06-17T10:03:12.949+0800][1.042s][info][gc,ref      ] GC(32) O: Phantom References:             1            1            0 
[2026-06-17T10:03:12.949+0800][1.042s][info][gc,reloc    ] GC(32) O:                        Candidates     Selected     In-Place         Size        Empty    Relocated 
[2026-06-17T10:03:12.949+0800][1.042s][info][gc,reloc    ] GC(32) O: Small Pages:                    5            1            1          10M           0M           0M 
[2026-06-17T10:03:12.949+0800][1.042s][info][gc,reloc    ] GC(32) O: Large Pages:                   27            0            0          54M           0M           0M 
[2026-06-17T10:03:12.949+0800][1.042s][info][gc,reloc    ] GC(32) O: Forwarding Usage: 0M
[2026-06-17T10:03:12.949+0800][1.042s][info][gc,heap     ] GC(32) O: Min Capacity: 64M(100%)
[2026-06-17T10:03:12.949+0800][1.043s][info][gc,heap     ] GC(32) O: Max Capacity: 64M(100%)
[2026-06-17T10:03:12.949+0800][1.043s][info][gc,heap     ] GC(32) O: Soft Max Capacity: 64M(100%)
[2026-06-17T10:03:12.950+0800][1.043s][info][gc,heap     ] GC(32) O: Heap Statistics:
[2026-06-17T10:03:12.950+0800][1.043s][info][gc,heap     ] GC(32) O:                Mark Start          Mark End        Relocate Start      Relocate End           High               Low         
[2026-06-17T10:03:12.950+0800][1.043s][info][gc,heap     ] GC(32) O:  Capacity:       64M (100%)         64M (100%)         64M (100%)         64M (100%)         64M (100%)         64M (100%)   
[2026-06-17T10:03:12.950+0800][1.043s][info][gc,heap     ] GC(32) O:      Free:        0M (0%)            0M (0%)            0M (0%)            0M (0%)            2M (3%)            0M (0%)     
[2026-06-17T10:03:12.950+0800][1.044s][info][gc,heap     ] GC(32) O:      Used:       64M (100%)         64M (100%)         64M (100%)         64M (100%)         64M (100%)         62M (97%)    
[2026-06-17T10:03:12.950+0800][1.044s][info][gc,heap     ] GC(32) O: Old Generation Statistics:
[2026-06-17T10:03:12.950+0800][1.044s][info][gc,heap     ] GC(32) O:                Mark Start          Mark End        Relocate Start      Relocate End    
[2026-06-17T10:03:12.951+0800][1.044s][info][gc,heap     ] GC(32) O:      Used:       64M (100%)         64M (100%)         64M (100%)         62M (97%)    
[2026-06-17T10:03:12.951+0800][1.044s][info][gc,heap     ] GC(32) O:      Live:         -                59M (93%)          59M (93%)          59M (93%)    
[2026-06-17T10:03:12.951+0800][1.044s][info][gc,heap     ] GC(32) O:   Garbage:         -                 4M (7%)            4M (7%)            0M (1%)     
[2026-06-17T10:03:12.951+0800][1.044s][info][gc,heap     ] GC(32) O: Allocated:         -                 0M (0%)            0M (0%)            1M (2%)     
[2026-06-17T10:03:12.951+0800][1.044s][info][gc,heap     ] GC(32) O: Reclaimed:         -                  -                 0M (0%)            3M (6%)     
[2026-06-17T10:03:12.951+0800][1.044s][info][gc,heap     ] GC(32) O: Compacted:         -                  -                  -                 0M (1%)     
[2026-06-17T10:03:12.951+0800][1.044s][info][gc,phases   ] GC(32) O: Old Generation 64M(100%)->64M(100%) 0.016s
[2026-06-17T10:03:12.951+0800][1.044s][info][gc          ] GC(32) Major Collection (Allocation Stall) 64M(100%)->64M(100%) 0.031s
[2026-06-17T10:03:12.951+0800][1.045s][info][gc          ] GC(33) Minor Collection (Allocation Stall)
[2026-06-17T10:03:12.951+0800][1.045s][info][gc,task     ] GC(33) Using 1 Workers for Young Generation
[2026-06-17T10:03:12.951+0800][1.045s][info][gc,phases   ] GC(33) y: Young Generation
[2026-06-17T10:03:12.952+0800][1.045s][info][gc,phases   ] GC(33) y: Pause Mark Start 0.010ms
[2026-06-17T10:03:12.952+0800][1.045s][info][gc,phases   ] GC(33) y: Concurrent Mark 0.470ms
[2026-06-17T10:03:12.952+0800][1.046s][info][gc,phases   ] GC(33) y: Pause Mark End 0.059ms
[2026-06-17T10:03:12.953+0800][1.046s][info][gc,phases   ] GC(33) y: Concurrent Mark Free 0.000ms
[2026-06-17T10:03:12.953+0800][1.046s][info][gc,phases   ] GC(33) y: Concurrent Reset Relocation Set 0.001ms
[2026-06-17T10:03:12.953+0800][1.047s][info][gc,reloc    ] GC(33) y: Using tenuring threshold: 1 (Computed)
[2026-06-17T10:03:12.953+0800][1.047s][info][gc,phases   ] GC(33) y: Concurrent Select Relocation Set 0.741ms
[2026-06-17T10:03:12.954+0800][1.047s][info][gc,phases   ] GC(33) y: Pause Relocate Start 0.005ms
[2026-06-17T10:03:12.954+0800][1.047s][info][gc,phases   ] GC(33) y: Concurrent Relocate 0.084ms
[2026-06-17T10:03:12.954+0800][1.047s][info][gc,alloc    ] GC(33) y:                         Mark Start        Mark End      Relocate Start    Relocate End   
[2026-06-17T10:03:12.954+0800][1.047s][info][gc,alloc    ] GC(33) y: Allocation Stalls:          1                1                1                1         
[2026-06-17T10:03:12.954+0800][1.047s][info][gc,load     ] GC(33) y: Load: 0.38 (2%) / 0.43 (2%) / 0.50 (2%)
[2026-06-17T10:03:12.954+0800][1.047s][info][gc,mmu      ] GC(33) y: MMU: 2ms/96.6%, 5ms/98.5%, 10ms/99.2%, 20ms/99.6%, 50ms/99.7%, 100ms/99.8%
[2026-06-17T10:03:12.954+0800][1.048s][info][gc,marking  ] GC(33) y: Mark: 1 stripe(s), 1 proactive flush(es), 1 terminate flush(es), 0 completion(s), 0 continuation(s) 
[2026-06-17T10:03:12.954+0800][1.048s][info][gc,marking  ] GC(33) y: Mark Stack Usage: 32M
[2026-06-17T10:03:12.954+0800][1.048s][info][gc,nmethod  ] GC(33) y: NMethods: 69 registered, 3 unregistered
[2026-06-17T10:03:12.954+0800][1.048s][info][gc,metaspace] GC(33) y: Metaspace: 0M used, 0M committed, 1088M reserved
[2026-06-17T10:03:12.955+0800][1.048s][info][gc,reloc    ] GC(33) y:                        Candidates     Selected     In-Place         Size        Empty    Relocated 
[2026-06-17T10:03:12.955+0800][1.048s][info][gc,reloc    ] GC(33) y: Small Pages:                    0            0            0           0M           0M           0M 
[2026-06-17T10:03:12.955+0800][1.048s][info][gc,reloc    ] GC(33) y: Large Pages:                    1            0            0           2M           0M           0M 
[2026-06-17T10:03:12.955+0800][1.048s][info][gc,reloc    ] GC(33) y: Forwarding Usage: 0M
[2026-06-17T10:03:12.955+0800][1.048s][info][gc,reloc    ] GC(33) y: Age Table:
[2026-06-17T10:03:12.955+0800][1.048s][info][gc,reloc    ] GC(33) y:                    Live             Garbage             Small              Medium             Large        
[2026-06-17T10:03:12.955+0800][1.048s][info][gc,reloc    ] GC(33) y: Eden               2M (3%)            0M (0%)           0 / 0              0 / 0              1 / 0        
[2026-06-17T10:03:12.955+0800][1.049s][info][gc,heap     ] GC(33) y: Min Capacity: 64M(100%)
[2026-06-17T10:03:12.955+0800][1.049s][info][gc,heap     ] GC(33) y: Max Capacity: 64M(100%)
[2026-06-17T10:03:12.956+0800][1.049s][info][gc,heap     ] GC(33) y: Soft Max Capacity: 64M(100%)
[2026-06-17T10:03:12.956+0800][1.049s][info][gc,heap     ] GC(33) y: Heap Statistics:
[2026-06-17T10:03:12.956+0800][1.049s][info][gc,heap     ] GC(33) y:                Mark Start          Mark End        Relocate Start      Relocate End           High               Low         
[2026-06-17T10:03:12.956+0800][1.049s][info][gc,heap     ] GC(33) y:  Capacity:       64M (100%)         64M (100%)         64M (100%)         64M (100%)         64M (100%)         64M (100%)   
[2026-06-17T10:03:12.956+0800][1.050s][info][gc,heap     ] GC(33) y:      Free:        0M (0%)            0M (0%)            0M (0%)            0M (0%)            0M (0%)            0M (0%)     
[2026-06-17T10:03:12.956+0800][1.050s][info][gc,heap     ] GC(33) y:      Used:       64M (100%)         64M (100%)         64M (100%)         64M (100%)         64M (100%)         64M (100%)   
[2026-06-17T10:03:12.956+0800][1.050s][info][gc,heap     ] GC(33) y: Young Generation Statistics:
[2026-06-17T10:03:12.956+0800][1.050s][info][gc,heap     ] GC(33) y:                Mark Start          Mark End        Relocate Start      Relocate End    
[2026-06-17T10:03:12.957+0800][1.050s][info][gc,heap     ] GC(33) y:      Used:        2M (3%)            2M (3%)            2M (3%)            2M (3%)     
[2026-06-17T10:03:12.957+0800][1.050s][info][gc,heap     ] GC(33) y:      Live:         -                 2M (3%)            2M (3%)            2M (3%)     
[2026-06-17T10:03:12.957+0800][1.050s][info][gc,heap     ] GC(33) y:   Garbage:         -                 0M (0%)            0M (0%)            0M (0%)     
[2026-06-17T10:03:12.957+0800][1.050s][info][gc,heap     ] GC(33) y: Allocated:         -                 0M (0%)            0M (0%)            0M (0%)     
[2026-06-17T10:03:12.957+0800][1.050s][info][gc,heap     ] GC(33) y: Reclaimed:         -                  -                 0M (0%)            0M (0%)     
[2026-06-17T10:03:12.957+0800][1.050s][info][gc,heap     ] GC(33) y:  Promoted:         -                  -                 0M (0%)            0M (0%)     
[2026-06-17T10:03:12.957+0800][1.050s][info][gc,heap     ] GC(33) y: Compacted:         -                  -                  -                 0M (0%)     
[2026-06-17T10:03:12.957+0800][1.050s][info][gc,phases   ] GC(33) y: Young Generation 64M(100%)->64M(100%) 0.002s
[2026-06-17T10:03:12.957+0800][1.050s][info][gc          ] GC(33) Minor Collection (Allocation Stall) 64M(100%)->64M(100%) 0.006s
[2026-06-17T10:03:12.957+0800][1.051s][info][gc          ] GC(34) Major Collection (Allocation Stall)
[2026-06-17T10:03:12.957+0800][1.051s][info][gc,task     ] GC(34) Using 1 Workers for Young Generation
[2026-06-17T10:03:12.957+0800][1.051s][info][gc,task     ] GC(34) Using 1 Workers for Old Generation
[2026-06-17T10:03:12.958+0800][1.051s][info][gc,phases   ] GC(34) Y: Young Generation (Promote All)
[2026-06-17T10:03:12.958+0800][1.051s][info][gc,phases   ] GC(34) Y: Pause Mark Start 0.008ms
[2026-06-17T10:03:12.958+0800][1.052s][info][gc,phases   ] GC(34) Y: Concurrent Mark 0.440ms
[2026-06-17T10:03:12.958+0800][1.052s][info][gc,phases   ] GC(34) Y: Pause Mark End 0.026ms
[2026-06-17T10:03:12.959+0800][1.052s][info][gc,phases   ] GC(34) Y: Concurrent Mark Free 0.000ms
[2026-06-17T10:03:12.959+0800][1.052s][info][gc,phases   ] GC(34) Y: Concurrent Reset Relocation Set 0.000ms
[2026-06-17T10:03:12.959+0800][1.053s][info][gc,reloc    ] GC(34) Y: Using tenuring threshold: 0 (Promote All)
[2026-06-17T10:03:12.960+0800][1.053s][info][gc,phases   ] GC(34) Y: Concurrent Select Relocation Set 0.816ms
[2026-06-17T10:03:12.960+0800][1.053s][info][gc,phases   ] GC(34) Y: Pause Relocate Start 0.004ms
[2026-06-17T10:03:12.960+0800][1.053s][info][gc,phases   ] GC(34) Y: Concurrent Relocate 0.098ms
[2026-06-17T10:03:12.960+0800][1.053s][info][gc,alloc    ] GC(34) Y:                         Mark Start        Mark End      Relocate Start    Relocate End   
[2026-06-17T10:03:12.960+0800][1.053s][info][gc,alloc    ] GC(34) Y: Allocation Stalls:          1                1                1                1         
[2026-06-17T10:03:12.960+0800][1.054s][info][gc,load     ] GC(34) Y: Load: 0.38 (2%) / 0.43 (2%) / 0.50 (2%)
[2026-06-17T10:03:12.960+0800][1.054s][info][gc,mmu      ] GC(34) Y: MMU: 2ms/96.6%, 5ms/98.5%, 10ms/98.9%, 20ms/99.4%, 50ms/99.6%, 100ms/99.7%
[2026-06-17T10:03:12.960+0800][1.054s][info][gc,marking  ] GC(34) Y: Mark: 1 stripe(s), 1 proactive flush(es), 1 terminate flush(es), 0 completion(s), 0 continuation(s) 
[2026-06-17T10:03:12.960+0800][1.054s][info][gc,marking  ] GC(34) Y: Mark Stack Usage: 32M
[2026-06-17T10:03:12.961+0800][1.054s][info][gc,nmethod  ] GC(34) Y: NMethods: 69 registered, 3 unregistered
[2026-06-17T10:03:12.961+0800][1.054s][info][gc,metaspace] GC(34) Y: Metaspace: 0M used, 0M committed, 1088M reserved
[2026-06-17T10:03:12.961+0800][1.054s][info][gc,reloc    ] GC(34) Y:                        Candidates     Selected     In-Place         Size        Empty    Relocated 
[2026-06-17T10:03:12.961+0800][1.054s][info][gc,reloc    ] GC(34) Y: Small Pages:                    0            0            0           0M           0M           0M 
[2026-06-17T10:03:12.961+0800][1.054s][info][gc,reloc    ] GC(34) Y: Large Pages:                    1            0            0           2M           0M           0M 
[2026-06-17T10:03:12.961+0800][1.054s][info][gc,reloc    ] GC(34) Y: Forwarding Usage: 0M
[2026-06-17T10:03:12.961+0800][1.054s][info][gc,reloc    ] GC(34) Y: Age Table:
[2026-06-17T10:03:12.962+0800][1.055s][info][gc,reloc    ] GC(34) Y:                    Live             Garbage             Small              Medium             Large        
[2026-06-17T10:03:12.962+0800][1.055s][info][gc,reloc    ] GC(34) Y: Eden                -                 0M (0%)           0 / 0              0 / 0              0 / 0        
[2026-06-17T10:03:12.962+0800][1.056s][info][gc,reloc    ] GC(34) Y: Survivor 1         2M (3%)            0M (0%)           0 / 0              0 / 0              1 / 0        
[2026-06-17T10:03:12.964+0800][1.058s][info][gc,heap     ] GC(34) Y: Min Capacity: 64M(100%)
[2026-06-17T10:03:12.966+0800][1.060s][info][gc,heap     ] GC(34) Y: Max Capacity: 64M(100%)
[2026-06-17T10:03:12.968+0800][1.061s][info][gc,heap     ] GC(34) Y: Soft Max Capacity: 64M(100%)
[2026-06-17T10:03:12.968+0800][1.062s][info][gc,heap     ] GC(34) Y: Heap Statistics:
[2026-06-17T10:03:12.969+0800][1.062s][info][gc,heap     ] GC(34) Y:                Mark Start          Mark End        Relocate Start      Relocate End           High               Low         
[2026-06-17T10:03:12.971+0800][1.064s][info][gc,heap     ] GC(34) Y:  Capacity:       64M (100%)         64M (100%)         64M (100%)         64M (100%)         64M (100%)         64M (100%)   
[2026-06-17T10:03:12.973+0800][1.066s][info][gc,heap     ] GC(34) Y:      Free:        0M (0%)            0M (0%)            0M (0%)            0M (0%)            0M (0%)            0M (0%)     
[2026-06-17T10:03:12.975+0800][1.068s][info][gc,heap     ] GC(34) Y:      Used:       64M (100%)         64M (100%)         64M (100%)         64M (100%)         64M (100%)         64M (100%)   
[2026-06-17T10:03:12.976+0800][1.070s][info][gc,heap     ] GC(34) Y: Young Generation Statistics:
[2026-06-17T10:03:12.979+0800][1.072s][info][gc,heap     ] GC(34) Y:                Mark Start          Mark End        Relocate Start      Relocate End    
[2026-06-17T10:03:12.980+0800][1.074s][info][gc,heap     ] GC(34) Y:      Used:        2M (3%)            2M (3%)            0M (0%)            0M (0%)     
[2026-06-17T10:03:12.981+0800][1.074s][info][gc,heap     ] GC(34) Y:      Live:         -                 2M (3%)            0M (0%)            0M (0%)     
[2026-06-17T10:03:12.981+0800][1.074s][info][gc,heap     ] GC(34) Y:   Garbage:         -                 0M (0%)            0M (0%)            0M (0%)     
[2026-06-17T10:03:12.981+0800][1.074s][info][gc,heap     ] GC(34) Y: Allocated:         -                 0M (0%)            0M (0%)            0M (0%)     
[2026-06-17T10:03:12.981+0800][1.074s][info][gc,heap     ] GC(34) Y: Reclaimed:         -                  -                 0M (0%)            0M (0%)     
[2026-06-17T10:03:12.981+0800][1.075s][info][gc,heap     ] GC(34) Y:  Promoted:         -                  -                 2M (3%)            2M (3%)     
[2026-06-17T10:03:12.982+0800][1.075s][info][gc,heap     ] GC(34) Y: Compacted:         -                  -                  -                 0M (0%)     
[2026-06-17T10:03:12.984+0800][1.078s][info][gc,phases   ] GC(34) Y: Young Generation (Promote All) 64M(100%)->64M(100%) 0.003s
[2026-06-17T10:03:12.986+0800][1.079s][info][gc,phases   ] GC(34) Y: Young Generation (Collect Roots)
[2026-06-17T10:03:12.988+0800][1.081s][info][gc,phases   ] GC(34) Y: Pause Mark Start (Major) 0.018ms
[2026-06-17T10:03:12.989+0800][1.082s][info][gc,phases   ] GC(34) Y: Concurrent Mark 0.491ms
[2026-06-17T10:03:12.990+0800][1.084s][info][gc,phases   ] GC(34) Y: Pause Mark End 0.006ms
[2026-06-17T10:03:12.992+0800][1.085s][info][gc,phases   ] GC(34) Y: Concurrent Mark Free 0.032ms
[2026-06-17T10:03:12.992+0800][1.085s][info][gc,phases   ] GC(34) Y: Concurrent Reset Relocation Set 0.002ms
[2026-06-17T10:03:12.993+0800][1.086s][info][gc,reloc    ] GC(34) Y: Using tenuring threshold: 0 (Computed)
[2026-06-17T10:03:12.993+0800][1.086s][info][gc,phases   ] GC(34) Y: Concurrent Select Relocation Set 0.815ms
[2026-06-17T10:03:12.993+0800][1.086s][info][gc,phases   ] GC(34) Y: Pause Relocate Start 0.007ms
[2026-06-17T10:03:12.993+0800][1.087s][info][gc,phases   ] GC(34) Y: Concurrent Relocate 0.085ms
[2026-06-17T10:03:12.993+0800][1.087s][info][gc,alloc    ] GC(34) Y:                         Mark Start        Mark End      Relocate Start    Relocate End   
[2026-06-17T10:03:12.993+0800][1.087s][info][gc,alloc    ] GC(34) Y: Allocation Stalls:          1                1                1                1         
[2026-06-17T10:03:12.994+0800][1.087s][info][gc,load     ] GC(34) Y: Load: 0.38 (2%) / 0.43 (2%) / 0.50 (2%)
[2026-06-17T10:03:12.994+0800][1.087s][info][gc,mmu      ] GC(34) Y: MMU: 2ms/96.6%, 5ms/98.5%, 10ms/98.9%, 20ms/99.4%, 50ms/99.6%, 100ms/99.7%
[2026-06-17T10:03:12.994+0800][1.087s][info][gc,marking  ] GC(34) Y: Mark: 1 stripe(s), 1 proactive flush(es), 1 terminate flush(es), 0 completion(s), 0 continuation(s) 
[2026-06-17T10:03:12.994+0800][1.087s][info][gc,marking  ] GC(34) Y: Mark Stack Usage: 0M
[2026-06-17T10:03:12.994+0800][1.087s][info][gc,nmethod  ] GC(34) Y: NMethods: 69 registered, 3 unregistered
[2026-06-17T10:03:12.994+0800][1.087s][info][gc,metaspace] GC(34) Y: Metaspace: 0M used, 0M committed, 1088M reserved
[2026-06-17T10:03:12.994+0800][1.087s][info][gc,heap     ] GC(34) Y: Min Capacity: 64M(100%)
[2026-06-17T10:03:12.994+0800][1.087s][info][gc,heap     ] GC(34) Y: Max Capacity: 64M(100%)
[2026-06-17T10:03:12.994+0800][1.088s][info][gc,heap     ] GC(34) Y: Soft Max Capacity: 64M(100%)
[2026-06-17T10:03:12.994+0800][1.088s][info][gc,heap     ] GC(34) Y: Heap Statistics:
[2026-06-17T10:03:12.994+0800][1.088s][info][gc,heap     ] GC(34) Y:                Mark Start          Mark End        Relocate Start      Relocate End           High               Low         
[2026-06-17T10:03:12.995+0800][1.088s][info][gc,heap     ] GC(34) Y:  Capacity:       64M (100%)         64M (100%)         64M (100%)         64M (100%)         64M (100%)         64M (100%)   
[2026-06-17T10:03:12.995+0800][1.088s][info][gc,heap     ] GC(34) Y:      Free:        0M (0%)            0M (0%)            0M (0%)            0M (0%)            0M (0%)            0M (0%)     
[2026-06-17T10:03:12.995+0800][1.088s][info][gc,heap     ] GC(34) Y:      Used:       64M (100%)         64M (100%)         64M (100%)         64M (100%)         64M (100%)         64M (100%)   
[2026-06-17T10:03:12.995+0800][1.088s][info][gc,heap     ] GC(34) Y: Young Generation Statistics:
[2026-06-17T10:03:12.995+0800][1.088s][info][gc,heap     ] GC(34) Y:                Mark Start          Mark End        Relocate Start      Relocate End    
[2026-06-17T10:03:12.995+0800][1.088s][info][gc,heap     ] GC(34) Y:      Used:        0M (0%)            0M (0%)            0M (0%)            0M (0%)     
[2026-06-17T10:03:12.995+0800][1.088s][info][gc,heap     ] GC(34) Y:      Live:         -                 0M (0%)            0M (0%)            0M (0%)     
[2026-06-17T10:03:12.995+0800][1.088s][info][gc,heap     ] GC(34) Y:   Garbage:         -                 0M (0%)            0M (0%)            0M (0%)     
[2026-06-17T10:03:12.995+0800][1.089s][info][gc,heap     ] GC(34) Y: Allocated:         -                 0M (0%)            0M (0%)            0M (0%)     
[2026-06-17T10:03:12.995+0800][1.089s][info][gc,heap     ] GC(34) Y: Reclaimed:         -                  -                 0M (0%)            0M (0%)     
[2026-06-17T10:03:12.995+0800][1.089s][info][gc,heap     ] GC(34) Y:  Promoted:         -                  -                 0M (0%)            0M (0%)     
[2026-06-17T10:03:12.996+0800][1.089s][info][gc,heap     ] GC(34) Y: Compacted:         -                  -                  -                 0M (0%)     
[2026-06-17T10:03:12.996+0800][1.089s][info][gc,phases   ] GC(34) Y: Young Generation (Collect Roots) 64M(100%)->64M(100%) 0.008s
[2026-06-17T10:03:12.996+0800][1.089s][info][gc,phases   ] GC(34) O: Old Generation
[2026-06-17T10:03:12.997+0800][1.090s][info][gc,phases   ] GC(34) O: Concurrent Mark 0.864ms
[2026-06-17T10:03:12.997+0800][1.090s][info][gc,phases   ] GC(34) O: Pause Mark End 0.007ms
[2026-06-17T10:03:12.997+0800][1.090s][info][gc,phases   ] GC(34) O: Concurrent Mark Free 0.000ms
[2026-06-17T10:03:12.997+0800][1.090s][info][gc,ref      ] GC(34) O: Clearing All SoftReferences
[2026-06-17T10:03:12.998+0800][1.091s][info][gc,phases   ] GC(34) O: Concurrent Process Non-Strong 0.437ms
[2026-06-17T10:03:12.998+0800][1.091s][info][gc,phases   ] GC(34) O: Concurrent Reset Relocation Set 0.001ms
[2026-06-17T10:03:12.999+0800][1.092s][info][gc,phases   ] GC(34) O: Concurrent Select Relocation Set 0.573ms
[2026-06-17T10:03:12.999+0800][1.092s][info][gc,task     ] GC(34) O: Using 1 Workers for Old Generation
[2026-06-17T10:03:13.011+0800][1.105s][info][gc,task     ] GC(34) O: Using 1 Workers for Old Generation
[2026-06-17T10:03:13.012+0800][1.105s][info][gc,phases   ] GC(34) O: Concurrent Remap Roots 12.916ms
[2026-06-17T10:03:13.012+0800][1.105s][info][gc,phases   ] GC(34) O: Pause Relocate Start 0.011ms
[2026-06-17T10:03:13.012+0800][1.105s][info][gc,phases   ] GC(34) O: Concurrent Relocate 0.073ms
[2026-06-17T10:03:13.012+0800][1.106s][info][gc,alloc    ] GC(34) O:                         Mark Start        Mark End      Relocate Start    Relocate End   
[2026-06-17T10:03:13.012+0800][1.106s][info][gc,alloc    ] GC(34) O: Allocation Stalls:          1                1                1                1         
[2026-06-17T10:03:13.013+0800][1.106s][info][gc,load     ] GC(34) O: Load: 0.38 (2%) / 0.43 (2%) / 0.50 (2%)
[2026-06-17T10:03:13.013+0800][1.106s][info][gc,mmu      ] GC(34) O: MMU: 2ms/96.6%, 5ms/98.5%, 10ms/98.9%, 20ms/99.4%, 50ms/99.6%, 100ms/99.7%
[2026-06-17T10:03:13.013+0800][1.107s][info][gc,marking  ] GC(34) O: Mark: 1 stripe(s), 1 proactive flush(es), 1 terminate flush(es), 0 completion(s), 0 continuation(s) 
[2026-06-17T10:03:13.013+0800][1.107s][info][gc,marking  ] GC(34) O: Mark Stack Usage: 32M
[2026-06-17T10:03:13.014+0800][1.107s][info][gc,nmethod  ] GC(34) O: NMethods: 69 registered, 3 unregistered
[2026-06-17T10:03:13.014+0800][1.107s][info][gc,metaspace] GC(34) O: Metaspace: 0M used, 0M committed, 1088M reserved
[2026-06-17T10:03:13.014+0800][1.107s][info][gc,ref      ] GC(34) O:                       Encountered   Discovered     Enqueued 
[2026-06-17T10:03:13.014+0800][1.107s][info][gc,ref      ] GC(34) O: Soft References:                0            0            0 
[2026-06-17T10:03:13.014+0800][1.107s][info][gc,ref      ] GC(34) O: Weak References:                6            0            0 
[2026-06-17T10:03:13.014+0800][1.107s][info][gc,ref      ] GC(34) O: Final References:               0            0            0 
[2026-06-17T10:03:13.014+0800][1.107s][info][gc,ref      ] GC(34) O: Phantom References:             1            1            0 
[2026-06-17T10:03:13.014+0800][1.107s][info][gc,reloc    ] GC(34) O:                        Candidates     Selected     In-Place         Size        Empty    Relocated 
[2026-06-17T10:03:13.014+0800][1.108s][info][gc,reloc    ] GC(34) O: Small Pages:                    4            0            0           8M           0M           0M 
[2026-06-17T10:03:13.014+0800][1.108s][info][gc,reloc    ] GC(34) O: Large Pages:                   28            0            0          56M           0M           0M 
[2026-06-17T10:03:13.014+0800][1.108s][info][gc,reloc    ] GC(34) O: Forwarding Usage: 0M
[2026-06-17T10:03:13.014+0800][1.108s][info][gc,heap     ] GC(34) O: Min Capacity: 64M(100%)
[2026-06-17T10:03:13.015+0800][1.108s][info][gc,heap     ] GC(34) O: Max Capacity: 64M(100%)
[2026-06-17T10:03:13.015+0800][1.108s][info][gc,heap     ] GC(34) O: Soft Max Capacity: 64M(100%)
[2026-06-17T10:03:13.015+0800][1.108s][info][gc,heap     ] GC(34) O: Heap Statistics:
[2026-06-17T10:03:13.015+0800][1.108s][info][gc,heap     ] GC(34) O:                Mark Start          Mark End        Relocate Start      Relocate End           High               Low         
[2026-06-17T10:03:13.015+0800][1.108s][info][gc,heap     ] GC(34) O:  Capacity:       64M (100%)         64M (100%)         64M (100%)         64M (100%)         64M (100%)         64M (100%)   
[2026-06-17T10:03:13.015+0800][1.108s][info][gc,heap     ] GC(34) O:      Free:        0M (0%)            0M (0%)            0M (0%)            0M (0%)            0M (0%)            0M (0%)     
[2026-06-17T10:03:13.015+0800][1.108s][info][gc,heap     ] GC(34) O:      Used:       64M (100%)         64M (100%)         64M (100%)         64M (100%)         64M (100%)         64M (100%)   
[2026-06-17T10:03:13.015+0800][1.108s][info][gc,heap     ] GC(34) O: Old Generation Statistics:
[2026-06-17T10:03:13.015+0800][1.108s][info][gc,heap     ] GC(34) O:                Mark Start          Mark End        Relocate Start      Relocate End    
[2026-06-17T10:03:13.015+0800][1.108s][info][gc,heap     ] GC(34) O:      Used:       64M (100%)         64M (100%)         64M (100%)         64M (100%)   
[2026-06-17T10:03:13.015+0800][1.108s][info][gc,heap     ] GC(34) O:      Live:         -                61M (96%)          61M (96%)          61M (96%)    
[2026-06-17T10:03:13.015+0800][1.109s][info][gc,heap     ] GC(34) O:   Garbage:         -                 2M (4%)            2M (4%)            2M (4%)     
[2026-06-17T10:03:13.015+0800][1.109s][info][gc,heap     ] GC(34) O: Allocated:         -                 0M (0%)            0M (0%)            0M (0%)     
[2026-06-17T10:03:13.015+0800][1.109s][info][gc,heap     ] GC(34) O: Reclaimed:         -                  -                 0M (0%)            0M (0%)     
[2026-06-17T10:03:13.015+0800][1.109s][info][gc,heap     ] GC(34) O: Compacted:         -                  -                  -                 0M (0%)     
[2026-06-17T10:03:13.016+0800][1.109s][info][gc,phases   ] GC(34) O: Old Generation 64M(100%)->64M(100%) 0.016s
[2026-06-17T10:03:13.016+0800][1.109s][info][gc          ] GC(34) Major Collection (Allocation Stall) 64M(100%)->64M(100%) 0.059s
[2026-06-17T10:03:13.016+0800][1.109s][info][gc          ] Allocation Stall (main) 68.164ms
[2026-06-17T10:03:13.016+0800][1.109s][info][gc          ] Out Of Memory (main)
[2026-06-17T10:03:13.016+0800][1.110s][info][gc          ] GC(35) Minor Collection (Allocation Stall)
[2026-06-17T10:03:13.017+0800][1.110s][info][gc,task     ] GC(35) Using 1 Workers for Young Generation
[2026-06-17T10:03:13.017+0800][1.110s][info][gc,phases   ] GC(35) y: Young Generation
[2026-06-17T10:03:13.017+0800][1.110s][info][gc,phases   ] GC(35) y: Pause Mark Start 0.010ms
[2026-06-17T10:03:13.017+0800][1.111s][info][gc,phases   ] GC(35) y: Concurrent Mark 0.493ms
[2026-06-17T10:03:13.018+0800][1.111s][info][gc,phases   ] GC(35) y: Pause Mark End 0.005ms
[2026-06-17T10:03:13.018+0800][1.111s][info][gc,phases   ] GC(35) y: Concurrent Mark Free 0.001ms
[2026-06-17T10:03:13.018+0800][1.111s][info][gc,phases   ] GC(35) y: Concurrent Reset Relocation Set 0.000ms
[2026-06-17T10:03:13.018+0800][1.112s][info][gc,reloc    ] GC(35) y: Using tenuring threshold: 0 (Computed)
[2026-06-17T10:03:13.019+0800][1.112s][info][gc,phases   ] GC(35) y: Concurrent Select Relocation Set 0.795ms
[2026-06-17T10:03:13.019+0800][1.112s][info][gc,phases   ] GC(35) y: Pause Relocate Start 0.005ms
[2026-06-17T10:03:13.019+0800][1.112s][info][gc,phases   ] GC(35) y: Concurrent Relocate 0.098ms
[2026-06-17T10:03:13.019+0800][1.113s][info][gc,alloc    ] GC(35) y:                         Mark Start        Mark End      Relocate Start    Relocate End   
[2026-06-17T10:03:13.019+0800][1.113s][info][gc,alloc    ] GC(35) y: Allocation Stalls:          1                1                1                1         
[2026-06-17T10:03:13.019+0800][1.113s][info][gc,load     ] GC(35) y: Load: 0.38 (2%) / 0.43 (2%) / 0.50 (2%)
[2026-06-17T10:03:13.020+0800][1.113s][info][gc,mmu      ] GC(35) y: MMU: 2ms/96.6%, 5ms/98.5%, 10ms/98.9%, 20ms/99.4%, 50ms/99.6%, 100ms/99.7%
[2026-06-17T10:03:13.020+0800][1.113s][info][gc,marking  ] GC(35) y: Mark: 1 stripe(s), 1 proactive flush(es), 1 terminate flush(es), 0 completion(s), 0 continuation(s) 
[2026-06-17T10:03:13.020+0800][1.113s][info][gc,marking  ] GC(35) y: Mark Stack Usage: 0M
[2026-06-17T10:03:13.020+0800][1.113s][info][gc,nmethod  ] GC(35) y: NMethods: 69 registered, 3 unregistered
[2026-06-17T10:03:13.020+0800][1.113s][info][gc,metaspace] GC(35) y: Metaspace: 0M used, 0M committed, 1088M reserved
[2026-06-17T10:03:13.020+0800][1.113s][info][gc,heap     ] GC(35) y: Min Capacity: 64M(100%)
[2026-06-17T10:03:13.020+0800][1.113s][info][gc,heap     ] GC(35) y: Max Capacity: 64M(100%)
[2026-06-17T10:03:13.020+0800][1.114s][info][gc,heap     ] GC(35) y: Soft Max Capacity: 64M(100%)
[2026-06-17T10:03:13.020+0800][1.114s][info][gc,heap     ] GC(35) y: Heap Statistics:
[2026-06-17T10:03:13.020+0800][1.114s][info][gc,heap     ] GC(35) y:                Mark Start          Mark End        Relocate Start      Relocate End           High               Low         
[2026-06-17T10:03:13.020+0800][1.114s][info][gc,heap     ] GC(35) y:  Capacity:       64M (100%)         64M (100%)         64M (100%)         64M (100%)         64M (100%)         64M (100%)   
[2026-06-17T10:03:13.021+0800][1.114s][info][gc,heap     ] GC(35) y:      Free:        0M (0%)            0M (0%)            0M (0%)            0M (0%)            0M (0%)            0M (0%)     
[2026-06-17T10:03:13.021+0800][1.114s][info][gc,heap     ] GC(35) y:      Used:       64M (100%)         64M (100%)         64M (100%)         64M (100%)         64M (100%)         64M (100%)   
[2026-06-17T10:03:13.021+0800][1.114s][info][gc,heap     ] GC(35) y: Young Generation Statistics:
[2026-06-17T10:03:13.021+0800][1.114s][info][gc,heap     ] GC(35) y:                Mark Start          Mark End        Relocate Start      Relocate End    
[2026-06-17T10:03:13.021+0800][1.114s][info][gc,heap     ] GC(35) y:      Used:        0M (0%)            0M (0%)            0M (0%)            0M (0%)     
[2026-06-17T10:03:13.021+0800][1.114s][info][gc,heap     ] GC(35) y:      Live:         -                 0M (0%)            0M (0%)            0M (0%)     
[2026-06-17T10:03:13.021+0800][1.114s][info][gc,heap     ] GC(35) y:   Garbage:         -                 0M (0%)            0M (0%)            0M (0%)     
[2026-06-17T10:03:13.021+0800][1.114s][info][gc,heap     ] GC(35) y: Allocated:         -                 0M (0%)            0M (0%)            0M (0%)     
[2026-06-17T10:03:13.021+0800][1.115s][info][gc,heap     ] GC(35) y: Reclaimed:         -                  -                 0M (0%)            0M (0%)     
[2026-06-17T10:03:13.021+0800][1.115s][info][gc,heap     ] GC(35) y:  Promoted:         -                  -                 0M (0%)            0M (0%)     
[2026-06-17T10:03:13.021+0800][1.115s][info][gc,heap     ] GC(35) y: Compacted:         -                  -                  -                 0M (0%)     
[2026-06-17T10:03:13.021+0800][1.115s][info][gc,phases   ] GC(35) y: Young Generation 64M(100%)->64M(100%) 0.003s
[2026-06-17T10:03:13.022+0800][1.115s][info][gc          ] GC(35) Minor Collection (Allocation Stall) 64M(100%)->64M(100%) 0.005s
[2026-06-17T10:03:13.022+0800][1.115s][info][gc          ] GC(36) Major Collection (Allocation Stall)
[2026-06-17T10:03:13.022+0800][1.115s][info][gc,task     ] GC(36) Using 1 Workers for Young Generation
[2026-06-17T10:03:13.022+0800][1.115s][info][gc,task     ] GC(36) Using 1 Workers for Old Generation
[2026-06-17T10:03:13.022+0800][1.115s][info][gc,phases   ] GC(36) Y: Young Generation (Promote All)
[2026-06-17T10:03:13.022+0800][1.115s][info][gc,phases   ] GC(36) Y: Pause Mark Start 0.007ms
[2026-06-17T10:03:13.023+0800][1.116s][info][gc,phases   ] GC(36) Y: Concurrent Mark 0.489ms
[2026-06-17T10:03:13.023+0800][1.116s][info][gc,phases   ] GC(36) Y: Pause Mark End 0.004ms
[2026-06-17T10:03:13.023+0800][1.116s][info][gc,phases   ] GC(36) Y: Concurrent Mark Free 0.000ms
[2026-06-17T10:03:13.023+0800][1.117s][info][gc,phases   ] GC(36) Y: Concurrent Reset Relocation Set 0.000ms
[2026-06-17T10:03:13.024+0800][1.117s][info][gc,reloc    ] GC(36) Y: Using tenuring threshold: 0 (Promote All)
[2026-06-17T10:03:13.024+0800][1.117s][info][gc,phases   ] GC(36) Y: Concurrent Select Relocation Set 0.755ms
[2026-06-17T10:03:13.024+0800][1.118s][info][gc,phases   ] GC(36) Y: Pause Relocate Start 0.004ms
[2026-06-17T10:03:13.024+0800][1.118s][info][gc,phases   ] GC(36) Y: Concurrent Relocate 0.088ms
[2026-06-17T10:03:13.025+0800][1.118s][info][gc,alloc    ] GC(36) Y:                         Mark Start        Mark End      Relocate Start    Relocate End   
[2026-06-17T10:03:13.025+0800][1.118s][info][gc,alloc    ] GC(36) Y: Allocation Stalls:          1                1                1                1         
[2026-06-17T10:03:13.025+0800][1.118s][info][gc,load     ] GC(36) Y: Load: 0.38 (2%) / 0.43 (2%) / 0.50 (2%)
[2026-06-17T10:03:13.025+0800][1.118s][info][gc,mmu      ] GC(36) Y: MMU: 2ms/96.6%, 5ms/98.5%, 10ms/98.9%, 20ms/99.4%, 50ms/99.6%, 100ms/99.7%
[2026-06-17T10:03:13.025+0800][1.118s][info][gc,marking  ] GC(36) Y: Mark: 1 stripe(s), 1 proactive flush(es), 1 terminate flush(es), 0 completion(s), 0 continuation(s) 
[2026-06-17T10:03:13.025+0800][1.118s][info][gc,marking  ] GC(36) Y: Mark Stack Usage: 0M
[2026-06-17T10:03:13.025+0800][1.118s][info][gc,nmethod  ] GC(36) Y: NMethods: 69 registered, 3 unregistered
[2026-06-17T10:03:13.025+0800][1.118s][info][gc,metaspace] GC(36) Y: Metaspace: 0M used, 0M committed, 1088M reserved
[2026-06-17T10:03:13.025+0800][1.119s][info][gc,heap     ] GC(36) Y: Min Capacity: 64M(100%)
[2026-06-17T10:03:13.025+0800][1.119s][info][gc,heap     ] GC(36) Y: Max Capacity: 64M(100%)
[2026-06-17T10:03:13.025+0800][1.119s][info][gc,heap     ] GC(36) Y: Soft Max Capacity: 64M(100%)
[2026-06-17T10:03:13.025+0800][1.119s][info][gc,heap     ] GC(36) Y: Heap Statistics:
[2026-06-17T10:03:13.026+0800][1.119s][info][gc,heap     ] GC(36) Y:                Mark Start          Mark End        Relocate Start      Relocate End           High               Low         
[2026-06-17T10:03:13.026+0800][1.119s][info][gc,heap     ] GC(36) Y:  Capacity:       64M (100%)         64M (100%)         64M (100%)         64M (100%)         64M (100%)         64M (100%)   
[2026-06-17T10:03:13.026+0800][1.119s][info][gc,heap     ] GC(36) Y:      Free:        0M (0%)            0M (0%)            0M (0%)            0M (0%)            0M (0%)            0M (0%)     
[2026-06-17T10:03:13.026+0800][1.119s][info][gc,heap     ] GC(36) Y:      Used:       64M (100%)         64M (100%)         64M (100%)         64M (100%)         64M (100%)         64M (100%)   
[2026-06-17T10:03:13.026+0800][1.119s][info][gc,heap     ] GC(36) Y: Young Generation Statistics:
[2026-06-17T10:03:13.026+0800][1.119s][info][gc,heap     ] GC(36) Y:                Mark Start          Mark End        Relocate Start      Relocate End    
[2026-06-17T10:03:13.026+0800][1.119s][info][gc,heap     ] GC(36) Y:      Used:        0M (0%)            0M (0%)            0M (0%)            0M (0%)     
[2026-06-17T10:03:13.026+0800][1.119s][info][gc,heap     ] GC(36) Y:      Live:         -                 0M (0%)            0M (0%)            0M (0%)     
[2026-06-17T10:03:13.026+0800][1.120s][info][gc,heap     ] GC(36) Y:   Garbage:         -                 0M (0%)            0M (0%)            0M (0%)     
[2026-06-17T10:03:13.026+0800][1.120s][info][gc,heap     ] GC(36) Y: Allocated:         -                 0M (0%)            0M (0%)            0M (0%)     
[2026-06-17T10:03:13.026+0800][1.120s][info][gc,heap     ] GC(36) Y: Reclaimed:         -                  -                 0M (0%)            0M (0%)     
[2026-06-17T10:03:13.027+0800][1.120s][info][gc,heap     ] GC(36) Y:  Promoted:         -                  -                 0M (0%)            0M (0%)     
[2026-06-17T10:03:13.027+0800][1.120s][info][gc,heap     ] GC(36) Y: Compacted:         -                  -                  -                 0M (0%)     
[2026-06-17T10:03:13.027+0800][1.120s][info][gc,phases   ] GC(36) Y: Young Generation (Promote All) 64M(100%)->64M(100%) 0.003s
[2026-06-17T10:03:13.027+0800][1.120s][info][gc,phases   ] GC(36) Y: Young Generation (Collect Roots)
[2026-06-17T10:03:13.027+0800][1.120s][info][gc,phases   ] GC(36) Y: Pause Mark Start (Major) 0.007ms
[2026-06-17T10:03:13.027+0800][1.121s][info][gc,phases   ] GC(36) Y: Concurrent Mark 0.373ms
[2026-06-17T10:03:13.027+0800][1.121s][info][gc,phases   ] GC(36) Y: Pause Mark End 0.004ms
[2026-06-17T10:03:13.028+0800][1.121s][info][gc,phases   ] GC(36) Y: Concurrent Mark Free 0.001ms
[2026-06-17T10:03:13.028+0800][1.121s][info][gc,phases   ] GC(36) Y: Concurrent Reset Relocation Set 0.001ms
[2026-06-17T10:03:13.029+0800][1.122s][info][gc,reloc    ] GC(36) Y: Using tenuring threshold: 0 (Computed)
[2026-06-17T10:03:13.029+0800][1.122s][info][gc,phases   ] GC(36) Y: Concurrent Select Relocation Set 0.904ms
[2026-06-17T10:03:13.029+0800][1.122s][info][gc,phases   ] GC(36) Y: Pause Relocate Start 0.005ms
[2026-06-17T10:03:13.029+0800][1.123s][info][gc,phases   ] GC(36) Y: Concurrent Relocate 0.085ms
[2026-06-17T10:03:13.029+0800][1.123s][info][gc,alloc    ] GC(36) Y:                         Mark Start        Mark End      Relocate Start    Relocate End   
[2026-06-17T10:03:13.029+0800][1.123s][info][gc,alloc    ] GC(36) Y: Allocation Stalls:          1                1                1                1         
[2026-06-17T10:03:13.029+0800][1.123s][info][gc,load     ] GC(36) Y: Load: 0.38 (2%) / 0.43 (2%) / 0.50 (2%)
[2026-06-17T10:03:13.030+0800][1.123s][info][gc,mmu      ] GC(36) Y: MMU: 2ms/96.6%, 5ms/98.5%, 10ms/98.9%, 20ms/99.4%, 50ms/99.6%, 100ms/99.7%
[2026-06-17T10:03:13.030+0800][1.123s][info][gc,marking  ] GC(36) Y: Mark: 1 stripe(s), 1 proactive flush(es), 1 terminate flush(es), 0 completion(s), 0 continuation(s) 
[2026-06-17T10:03:13.030+0800][1.123s][info][gc,marking  ] GC(36) Y: Mark Stack Usage: 0M
[2026-06-17T10:03:13.030+0800][1.123s][info][gc,nmethod  ] GC(36) Y: NMethods: 69 registered, 3 unregistered
[2026-06-17T10:03:13.030+0800][1.123s][info][gc,metaspace] GC(36) Y: Metaspace: 0M used, 0M committed, 1088M reserved
[2026-06-17T10:03:13.030+0800][1.123s][info][gc,heap     ] GC(36) Y: Min Capacity: 64M(100%)
[2026-06-17T10:03:13.030+0800][1.123s][info][gc,heap     ] GC(36) Y: Max Capacity: 64M(100%)
[2026-06-17T10:03:13.030+0800][1.123s][info][gc,heap     ] GC(36) Y: Soft Max Capacity: 64M(100%)
[2026-06-17T10:03:13.030+0800][1.124s][info][gc,heap     ] GC(36) Y: Heap Statistics:
[2026-06-17T10:03:13.030+0800][1.124s][info][gc,heap     ] GC(36) Y:                Mark Start          Mark End        Relocate Start      Relocate End           High               Low         
[2026-06-17T10:03:13.030+0800][1.124s][info][gc,heap     ] GC(36) Y:  Capacity:       64M (100%)         64M (100%)         64M (100%)         64M (100%)         64M (100%)         64M (100%)   
[2026-06-17T10:03:13.031+0800][1.124s][info][gc,heap     ] GC(36) Y:      Free:        0M (0%)            0M (0%)            0M (0%)            0M (0%)            0M (0%)            0M (0%)     
[2026-06-17T10:03:13.031+0800][1.124s][info][gc,heap     ] GC(36) Y:      Used:       64M (100%)         64M (100%)         64M (100%)         64M (100%)         64M (100%)         64M (100%)   
[2026-06-17T10:03:13.031+0800][1.124s][info][gc,heap     ] GC(36) Y: Young Generation Statistics:
[2026-06-17T10:03:13.031+0800][1.124s][info][gc,heap     ] GC(36) Y:                Mark Start          Mark End        Relocate Start      Relocate End    
[2026-06-17T10:03:13.031+0800][1.124s][info][gc,heap     ] GC(36) Y:      Used:        0M (0%)            0M (0%)            0M (0%)            0M (0%)     
[2026-06-17T10:03:13.031+0800][1.124s][info][gc,heap     ] GC(36) Y:      Live:         -                 0M (0%)            0M (0%)            0M (0%)     
[2026-06-17T10:03:13.031+0800][1.124s][info][gc,heap     ] GC(36) Y:   Garbage:         -                 0M (0%)            0M (0%)            0M (0%)     
[2026-06-17T10:03:13.031+0800][1.124s][info][gc,heap     ] GC(36) Y: Allocated:         -                 0M (0%)            0M (0%)            0M (0%)     
[2026-06-17T10:03:13.031+0800][1.125s][info][gc,heap     ] GC(36) Y: Reclaimed:         -                  -                 0M (0%)            0M (0%)     
[2026-06-17T10:03:13.031+0800][1.125s][info][gc,heap     ] GC(36) Y:  Promoted:         -                  -                 0M (0%)            0M (0%)     
[2026-06-17T10:03:13.031+0800][1.125s][info][gc,heap     ] GC(36) Y: Compacted:         -                  -                  -                 0M (0%)     
[2026-06-17T10:03:13.031+0800][1.125s][info][gc,phases   ] GC(36) Y: Young Generation (Collect Roots) 64M(100%)->64M(100%) 0.003s
[2026-06-17T10:03:13.031+0800][1.125s][info][gc,phases   ] GC(36) O: Old Generation
[2026-06-17T10:03:13.032+0800][1.126s][info][gc,phases   ] GC(36) O: Concurrent Mark 0.852ms
[2026-06-17T10:03:13.033+0800][1.126s][info][gc,phases   ] GC(36) O: Pause Mark End 0.005ms
[2026-06-17T10:03:13.033+0800][1.126s][info][gc,phases   ] GC(36) O: Concurrent Mark Free 0.000ms
[2026-06-17T10:03:13.033+0800][1.126s][info][gc,ref      ] GC(36) O: Clearing All SoftReferences
[2026-06-17T10:03:13.033+0800][1.126s][info][gc,phases   ] GC(36) O: Concurrent Process Non-Strong 0.307ms
[2026-06-17T10:03:13.033+0800][1.126s][info][gc,phases   ] GC(36) O: Concurrent Reset Relocation Set 0.001ms
[2026-06-17T10:03:13.034+0800][1.127s][info][gc          ] Allocation Stall (main) 17.425ms
[2026-06-17T10:03:13.034+0800][1.127s][info][gc,phases   ] GC(36) O: Concurrent Select Relocation Set 0.596ms
[2026-06-17T10:03:13.034+0800][1.128s][info][gc,task     ] GC(36) O: Using 1 Workers for Old Generation
[2026-06-17T10:03:13.047+0800][1.140s][info][gc,task     ] GC(36) O: Using 1 Workers for Old Generation
[2026-06-17T10:03:13.047+0800][1.141s][info][gc,phases   ] GC(36) O: Concurrent Remap Roots 13.039ms
[2026-06-17T10:03:13.048+0800][1.141s][info][gc,phases   ] GC(36) O: Pause Relocate Start 0.009ms
[2026-06-17T10:03:13.048+0800][1.141s][info][gc,phases   ] GC(36) O: Concurrent Relocate 0.071ms
[2026-06-17T10:03:13.048+0800][1.141s][info][gc,alloc    ] GC(36) O:                         Mark Start        Mark End      Relocate Start    Relocate End   
[2026-06-17T10:03:13.048+0800][1.141s][info][gc,alloc    ] GC(36) O: Allocation Stalls:          1                1                0                0         
[2026-06-17T10:03:13.048+0800][1.141s][info][gc,load     ] GC(36) O: Load: 0.38 (2%) / 0.43 (2%) / 0.50 (2%)
[2026-06-17T10:03:13.048+0800][1.141s][info][gc,mmu      ] GC(36) O: MMU: 2ms/96.6%, 5ms/98.5%, 10ms/98.9%, 20ms/99.4%, 50ms/99.6%, 100ms/99.7%
[2026-06-17T10:03:13.048+0800][1.141s][info][gc,marking  ] GC(36) O: Mark: 1 stripe(s), 1 proactive flush(es), 1 terminate flush(es), 0 completion(s), 0 continuation(s) 
[2026-06-17T10:03:13.048+0800][1.142s][info][gc,marking  ] GC(36) O: Mark Stack Usage: 32M
[2026-06-17T10:03:13.048+0800][1.142s][info][gc,nmethod  ] GC(36) O: NMethods: 69 registered, 3 unregistered
[2026-06-17T10:03:13.048+0800][1.142s][info][gc,metaspace] GC(36) O: Metaspace: 0M used, 0M committed, 1088M reserved
[2026-06-17T10:03:13.048+0800][1.142s][info][gc,ref      ] GC(36) O:                       Encountered   Discovered     Enqueued 
[2026-06-17T10:03:13.048+0800][1.142s][info][gc,ref      ] GC(36) O: Soft References:                0            0            0 
[2026-06-17T10:03:13.049+0800][1.142s][info][gc,ref      ] GC(36) O: Weak References:                6            0            0 
[2026-06-17T10:03:13.049+0800][1.142s][info][gc,ref      ] GC(36) O: Final References:               0            0            0 
[2026-06-17T10:03:13.049+0800][1.142s][info][gc,ref      ] GC(36) O: Phantom References:             1            1            0 
[2026-06-17T10:03:13.049+0800][1.142s][info][gc,reloc    ] GC(36) O:                        Candidates     Selected     In-Place         Size        Empty    Relocated 
[2026-06-17T10:03:13.049+0800][1.142s][info][gc,reloc    ] GC(36) O: Small Pages:                    4            0            0           8M           2M           0M 
[2026-06-17T10:03:13.049+0800][1.142s][info][gc,reloc    ] GC(36) O: Large Pages:                   28            0            0          56M           6M           0M 
[2026-06-17T10:03:13.049+0800][1.142s][info][gc,reloc    ] GC(36) O: Forwarding Usage: 0M
[2026-06-17T10:03:13.049+0800][1.143s][info][gc,heap     ] GC(36) O: Min Capacity: 64M(100%)
[2026-06-17T10:03:13.049+0800][1.143s][info][gc,heap     ] GC(36) O: Max Capacity: 64M(100%)
[2026-06-17T10:03:13.049+0800][1.143s][info][gc,heap     ] GC(36) O: Soft Max Capacity: 64M(100%)
[2026-06-17T10:03:13.049+0800][1.143s][info][gc,heap     ] GC(36) O: Heap Statistics:
[2026-06-17T10:03:13.050+0800][1.143s][info][gc,heap     ] GC(36) O:                Mark Start          Mark End        Relocate Start      Relocate End           High               Low         
[2026-06-17T10:03:13.050+0800][1.143s][info][gc,heap     ] GC(36) O:  Capacity:       64M (100%)         64M (100%)         64M (100%)         64M (100%)         64M (100%)         64M (100%)   
[2026-06-17T10:03:13.050+0800][1.143s][info][gc,heap     ] GC(36) O:      Free:        0M (0%)            0M (0%)            6M (9%)            6M (9%)            8M (12%)           0M (0%)     
[2026-06-17T10:03:13.050+0800][1.143s][info][gc,heap     ] GC(36) O:      Used:       64M (100%)         64M (100%)         58M (91%)          58M (91%)          64M (100%)         56M (88%)    
[2026-06-17T10:03:13.050+0800][1.143s][info][gc,heap     ] GC(36) O: Old Generation Statistics:
[2026-06-17T10:03:13.050+0800][1.143s][info][gc,heap     ] GC(36) O:                Mark Start          Mark End        Relocate Start      Relocate End    
[2026-06-17T10:03:13.050+0800][1.143s][info][gc,heap     ] GC(36) O:      Used:       64M (100%)         64M (100%)         56M (88%)          56M (88%)    
[2026-06-17T10:03:13.050+0800][1.143s][info][gc,heap     ] GC(36) O:      Live:         -                55M (86%)          55M (86%)          55M (86%)    
[2026-06-17T10:03:13.050+0800][1.144s][info][gc,heap     ] GC(36) O:   Garbage:         -                 8M (14%)           0M (1%)            0M (1%)     
[2026-06-17T10:03:13.050+0800][1.144s][info][gc,heap     ] GC(36) O: Allocated:         -                 0M (0%)            0M (0%)            0M (0%)     
[2026-06-17T10:03:13.050+0800][1.144s][info][gc,heap     ] GC(36) O: Reclaimed:         -                  -                 8M (12%)           8M (12%)    
[2026-06-17T10:03:13.050+0800][1.144s][info][gc,heap     ] GC(36) O: Compacted:         -                  -                  -                 0M (0%)     
[2026-06-17T10:03:13.051+0800][1.144s][info][gc,phases   ] GC(36) O: Old Generation 64M(100%)->58M(91%) 0.016s
[2026-06-17T10:03:13.051+0800][1.144s][info][gc          ] GC(36) Major Collection (Allocation Stall) 64M(100%)->58M(91%) 0.029s
[2026-06-17T10:03:13.245+0800][1.339s][info][gc          ] GC(37) Major Collection (Allocation Rate)
[2026-06-17T10:03:13.246+0800][1.339s][info][gc,task     ] GC(37) Using 1 Workers for Young Generation
[2026-06-17T10:03:13.246+0800][1.339s][info][gc,task     ] GC(37) Using 1 Workers for Old Generation
[2026-06-17T10:03:13.247+0800][1.340s][info][gc,phases   ] GC(37) Y: Young Generation
[2026-06-17T10:03:13.247+0800][1.340s][info][gc,phases   ] GC(37) Y: Pause Mark Start (Major) 0.014ms
[2026-06-17T10:03:13.248+0800][1.341s][info][gc,phases   ] GC(37) Y: Concurrent Mark 0.666ms
[2026-06-17T10:03:13.248+0800][1.341s][info][gc,phases   ] GC(37) Y: Pause Mark End 0.006ms
[2026-06-17T10:03:13.248+0800][1.342s][info][gc,phases   ] GC(37) Y: Concurrent Mark Free 0.000ms
[2026-06-17T10:03:13.249+0800][1.342s][info][gc,phases   ] GC(37) Y: Concurrent Reset Relocation Set 0.001ms
[2026-06-17T10:03:13.249+0800][1.343s][info][gc,reloc    ] GC(37) Y: Using tenuring threshold: 1 (Computed)
[2026-06-17T10:03:13.250+0800][1.343s][info][gc,phases   ] GC(37) Y: Concurrent Select Relocation Set 0.928ms
[2026-06-17T10:03:13.250+0800][1.343s][info][gc,phases   ] GC(37) Y: Pause Relocate Start 0.004ms
[2026-06-17T10:03:13.250+0800][1.344s][info][gc,phases   ] GC(37) Y: Concurrent Relocate 0.153ms
[2026-06-17T10:03:13.250+0800][1.344s][info][gc,alloc    ] GC(37) Y:                         Mark Start        Mark End      Relocate Start    Relocate End   
[2026-06-17T10:03:13.251+0800][1.344s][info][gc,alloc    ] GC(37) Y: Allocation Stalls:          0                0                0                0         
[2026-06-17T10:03:13.251+0800][1.344s][info][gc,load     ] GC(37) Y: Load: 0.38 (2%) / 0.43 (2%) / 0.50 (2%)
[2026-06-17T10:03:13.251+0800][1.344s][info][gc,mmu      ] GC(37) Y: MMU: 2ms/96.6%, 5ms/98.5%, 10ms/98.9%, 20ms/99.4%, 50ms/99.6%, 100ms/99.7%
[2026-06-17T10:03:13.251+0800][1.344s][info][gc,marking  ] GC(37) Y: Mark: 1 stripe(s), 1 proactive flush(es), 1 terminate flush(es), 0 completion(s), 0 continuation(s) 
[2026-06-17T10:03:13.251+0800][1.344s][info][gc,marking  ] GC(37) Y: Mark Stack Usage: 32M
[2026-06-17T10:03:13.251+0800][1.345s][info][gc,nmethod  ] GC(37) Y: NMethods: 69 registered, 3 unregistered
[2026-06-17T10:03:13.251+0800][1.345s][info][gc,metaspace] GC(37) Y: Metaspace: 0M used, 0M committed, 1088M reserved
[2026-06-17T10:03:13.251+0800][1.345s][info][gc,reloc    ] GC(37) Y:                        Candidates     Selected     In-Place         Size        Empty    Relocated 
[2026-06-17T10:03:13.251+0800][1.345s][info][gc,reloc    ] GC(37) Y: Small Pages:                    2            0            0           4M           4M           0M 
[2026-06-17T10:03:13.252+0800][1.345s][info][gc,reloc    ] GC(37) Y: Large Pages:                    1            0            0           2M           0M           0M 
[2026-06-17T10:03:13.252+0800][1.345s][info][gc,reloc    ] GC(37) Y: Forwarding Usage: 0M
[2026-06-17T10:03:13.252+0800][1.345s][info][gc,reloc    ] GC(37) Y: Age Table:
[2026-06-17T10:03:13.252+0800][1.345s][info][gc,reloc    ] GC(37) Y:                    Live             Garbage             Small              Medium             Large        
[2026-06-17T10:03:13.252+0800][1.346s][info][gc,reloc    ] GC(37) Y: Eden               2M (3%)            4M (6%)           2 / 0              0 / 0              1 / 0        
[2026-06-17T10:03:13.252+0800][1.346s][info][gc,heap     ] GC(37) Y: Min Capacity: 64M(100%)
[2026-06-17T10:03:13.253+0800][1.346s][info][gc,heap     ] GC(37) Y: Max Capacity: 64M(100%)
[2026-06-17T10:03:13.253+0800][1.346s][info][gc,heap     ] GC(37) Y: Soft Max Capacity: 64M(100%)
[2026-06-17T10:03:13.253+0800][1.346s][info][gc,heap     ] GC(37) Y: Heap Statistics:
[2026-06-17T10:03:13.253+0800][1.346s][info][gc,heap     ] GC(37) Y:                Mark Start          Mark End        Relocate Start      Relocate End           High               Low         
[2026-06-17T10:03:13.253+0800][1.346s][info][gc,heap     ] GC(37) Y:  Capacity:       64M (100%)         64M (100%)         64M (100%)         64M (100%)         64M (100%)         64M (100%)   
[2026-06-17T10:03:13.253+0800][1.346s][info][gc,heap     ] GC(37) Y:      Free:        2M (3%)            2M (3%)            6M (9%)            6M (9%)            6M (9%)            2M (3%)     
[2026-06-17T10:03:13.253+0800][1.347s][info][gc,heap     ] GC(37) Y:      Used:       62M (97%)          62M (97%)          58M (91%)          58M (91%)          62M (97%)          58M (91%)    
[2026-06-17T10:03:13.253+0800][1.347s][info][gc,heap     ] GC(37) Y: Young Generation Statistics:
[2026-06-17T10:03:13.253+0800][1.347s][info][gc,heap     ] GC(37) Y:                Mark Start          Mark End        Relocate Start      Relocate End    
[2026-06-17T10:03:13.253+0800][1.347s][info][gc,heap     ] GC(37) Y:      Used:        6M (9%)            6M (9%)            2M (3%)            2M (3%)     
[2026-06-17T10:03:13.254+0800][1.347s][info][gc,heap     ] GC(37) Y:      Live:         -                 2M (3%)            2M (3%)            2M (3%)     
[2026-06-17T10:03:13.254+0800][1.347s][info][gc,heap     ] GC(37) Y:   Garbage:         -                 4M (6%)            0M (0%)            0M (0%)     
[2026-06-17T10:03:13.254+0800][1.347s][info][gc,heap     ] GC(37) Y: Allocated:         -                 0M (0%)            0M (0%)            0M (0%)     
[2026-06-17T10:03:13.254+0800][1.347s][info][gc,heap     ] GC(37) Y: Reclaimed:         -                  -                 4M (6%)            4M (6%)     
[2026-06-17T10:03:13.254+0800][1.347s][info][gc,heap     ] GC(37) Y:  Promoted:         -                  -                 0M (0%)            0M (0%)     
[2026-06-17T10:03:13.254+0800][1.347s][info][gc,heap     ] GC(37) Y: Compacted:         -                  -                  -                 0M (0%)     
[2026-06-17T10:03:13.254+0800][1.347s][info][gc,phases   ] GC(37) Y: Young Generation 62M(97%)->58M(91%) 0.004s
[2026-06-17T10:03:13.254+0800][1.347s][info][gc,phases   ] GC(37) O: Old Generation
[2026-06-17T10:03:13.255+0800][1.348s][info][gc,phases   ] GC(37) O: Concurrent Mark 0.899ms
[2026-06-17T10:03:13.255+0800][1.348s][info][gc,phases   ] GC(37) O: Pause Mark End 0.007ms
[2026-06-17T10:03:13.255+0800][1.349s][info][gc,phases   ] GC(37) O: Concurrent Mark Free 0.001ms
[2026-06-17T10:03:13.256+0800][1.349s][info][gc,phases   ] GC(37) O: Concurrent Process Non-Strong 0.232ms
[2026-06-17T10:03:13.256+0800][1.349s][info][gc,phases   ] GC(37) O: Concurrent Reset Relocation Set 0.000ms
[2026-06-17T10:03:13.256+0800][1.349s][info][gc          ] GC(38) Minor Collection (Allocation Rate)
[2026-06-17T10:03:13.256+0800][1.349s][info][gc,task     ] GC(38) Using 1 Workers for Young Generation
[2026-06-17T10:03:13.256+0800][1.349s][info][gc,phases   ] GC(38) y: Young Generation
[2026-06-17T10:03:13.256+0800][1.349s][info][gc,phases   ] GC(38) y: Pause Mark Start 0.007ms
[2026-06-17T10:03:13.256+0800][1.350s][info][gc,phases   ] GC(37) O: Concurrent Select Relocation Set 0.680ms
[2026-06-17T10:03:13.257+0800][1.350s][info][gc,phases   ] GC(38) y: Concurrent Mark 0.335ms
[2026-06-17T10:03:13.257+0800][1.350s][info][gc,phases   ] GC(38) y: Pause Mark End 0.004ms
[2026-06-17T10:03:13.257+0800][1.350s][info][gc,phases   ] GC(38) y: Concurrent Mark Free 0.000ms
[2026-06-17T10:03:13.257+0800][1.350s][info][gc,phases   ] GC(38) y: Concurrent Reset Relocation Set 0.000ms
[2026-06-17T10:03:13.257+0800][1.351s][info][gc,reloc    ] GC(38) y: Using tenuring threshold: 2 (Computed)
[2026-06-17T10:03:13.258+0800][1.351s][info][gc,phases   ] GC(38) y: Concurrent Select Relocation Set 0.693ms
[2026-06-17T10:03:13.258+0800][1.351s][info][gc,phases   ] GC(38) y: Pause Relocate Start 0.005ms
[2026-06-17T10:03:13.258+0800][1.352s][info][gc,phases   ] GC(38) y: Concurrent Relocate 0.094ms
[2026-06-17T10:03:13.259+0800][1.352s][info][gc,alloc    ] GC(38) y:                         Mark Start        Mark End      Relocate Start    Relocate End   
[2026-06-17T10:03:13.259+0800][1.352s][info][gc,alloc    ] GC(38) y: Allocation Stalls:          0                0                0                0         
[2026-06-17T10:03:13.259+0800][1.352s][info][gc,load     ] GC(38) y: Load: 0.38 (2%) / 0.43 (2%) / 0.50 (2%)
[2026-06-17T10:03:13.259+0800][1.352s][info][gc,mmu      ] GC(38) y: MMU: 2ms/96.6%, 5ms/98.5%, 10ms/98.9%, 20ms/99.4%, 50ms/99.6%, 100ms/99.7%
[2026-06-17T10:03:13.259+0800][1.352s][info][gc,marking  ] GC(38) y: Mark: 1 stripe(s), 1 proactive flush(es), 1 terminate flush(es), 0 completion(s), 0 continuation(s) 
[2026-06-17T10:03:13.259+0800][1.353s][info][gc,marking  ] GC(38) y: Mark Stack Usage: 32M
[2026-06-17T10:03:13.259+0800][1.353s][info][gc,nmethod  ] GC(38) y: NMethods: 69 registered, 3 unregistered
[2026-06-17T10:03:13.259+0800][1.353s][info][gc,metaspace] GC(38) y: Metaspace: 0M used, 0M committed, 1088M reserved
[2026-06-17T10:03:13.259+0800][1.353s][info][gc,reloc    ] GC(38) y:                        Candidates     Selected     In-Place         Size        Empty    Relocated 
[2026-06-17T10:03:13.260+0800][1.353s][info][gc,reloc    ] GC(38) y: Small Pages:                    2            0            0           4M           4M           0M 
[2026-06-17T10:03:13.260+0800][1.353s][info][gc,reloc    ] GC(38) y: Large Pages:                    1            0            0           2M           0M           0M 
[2026-06-17T10:03:13.260+0800][1.353s][info][gc,reloc    ] GC(38) y: Forwarding Usage: 0M
[2026-06-17T10:03:13.260+0800][1.353s][info][gc,reloc    ] GC(38) y: Age Table:
[2026-06-17T10:03:13.260+0800][1.353s][info][gc,reloc    ] GC(38) y:                    Live             Garbage             Small              Medium             Large        
[2026-06-17T10:03:13.260+0800][1.353s][info][gc,reloc    ] GC(38) y: Eden                -                 4M (6%)           2 / 0              0 / 0              0 / 0        
[2026-06-17T10:03:13.260+0800][1.353s][info][gc,reloc    ] GC(38) y: Survivor 1         2M (3%)            0M (0%)           0 / 0              0 / 0              1 / 0        
[2026-06-17T10:03:13.260+0800][1.353s][info][gc,heap     ] GC(38) y: Min Capacity: 64M(100%)
[2026-06-17T10:03:13.260+0800][1.353s][info][gc,heap     ] GC(38) y: Max Capacity: 64M(100%)
[2026-06-17T10:03:13.260+0800][1.353s][info][gc,heap     ] GC(38) y: Soft Max Capacity: 64M(100%)
[2026-06-17T10:03:13.260+0800][1.354s][info][gc,heap     ] GC(38) y: Heap Statistics:
[2026-06-17T10:03:13.260+0800][1.354s][info][gc,heap     ] GC(38) y:                Mark Start          Mark End        Relocate Start      Relocate End           High               Low         
[2026-06-17T10:03:13.260+0800][1.354s][info][gc,heap     ] GC(38) y:  Capacity:       64M (100%)         64M (100%)         64M (100%)         64M (100%)         64M (100%)         64M (100%)   
[2026-06-17T10:03:13.260+0800][1.354s][info][gc,heap     ] GC(38) y:      Free:        2M (3%)           34M (53%)          38M (59%)          38M (59%)          38M (59%)           2M (3%)     
[2026-06-17T10:03:13.261+0800][1.354s][info][gc,heap     ] GC(38) y:      Used:       62M (97%)          30M (47%)          26M (41%)          26M (41%)          62M (97%)          26M (41%)    
[2026-06-17T10:03:13.261+0800][1.354s][info][gc,heap     ] GC(38) y: Young Generation Statistics:
[2026-06-17T10:03:13.261+0800][1.354s][info][gc,heap     ] GC(38) y:                Mark Start          Mark End        Relocate Start      Relocate End    
[2026-06-17T10:03:13.261+0800][1.354s][info][gc,heap     ] GC(38) y:      Used:        6M (9%)            6M (9%)            2M (3%)            2M (3%)     
[2026-06-17T10:03:13.261+0800][1.354s][info][gc,heap     ] GC(38) y:      Live:         -                 2M (3%)            2M (3%)            2M (3%)     
[2026-06-17T10:03:13.261+0800][1.354s][info][gc,heap     ] GC(38) y:   Garbage:         -                 4M (6%)            0M (0%)            0M (0%)     
[2026-06-17T10:03:13.261+0800][1.354s][info][gc,heap     ] GC(38) y: Allocated:         -                 0M (0%)            0M (0%)            0M (0%)     
[2026-06-17T10:03:13.261+0800][1.354s][info][gc,heap     ] GC(38) y: Reclaimed:         -                  -                 4M (6%)            4M (6%)     
[2026-06-17T10:03:13.261+0800][1.354s][info][gc,heap     ] GC(38) y:  Promoted:         -                  -                 0M (0%)            0M (0%)     
[2026-06-17T10:03:13.261+0800][1.354s][info][gc,heap     ] GC(38) y: Compacted:         -                  -                  -                 0M (0%)     
[2026-06-17T10:03:13.261+0800][1.355s][info][gc,phases   ] GC(38) y: Young Generation 62M(97%)->26M(41%) 0.003s
[2026-06-17T10:03:13.261+0800][1.355s][info][gc          ] GC(38) Minor Collection (Allocation Rate) 60M(94%)->26M(41%) 0.006s
[2026-06-17T10:03:13.261+0800][1.355s][info][gc,task     ] GC(37) O: Using 1 Workers for Old Generation
[2026-06-17T10:03:13.274+0800][1.367s][info][gc,task     ] GC(37) O: Using 1 Workers for Old Generation
[2026-06-17T10:03:13.274+0800][1.367s][info][gc,phases   ] GC(37) O: Concurrent Remap Roots 12.563ms
[2026-06-17T10:03:13.274+0800][1.367s][info][gc,phases   ] GC(37) O: Pause Relocate Start 0.009ms
[2026-06-17T10:03:13.275+0800][1.368s][info][gc,phases   ] GC(37) O: Concurrent Relocate 0.656ms
[2026-06-17T10:03:13.275+0800][1.368s][info][gc,alloc    ] GC(37) O:                         Mark Start        Mark End      Relocate Start    Relocate End   
[2026-06-17T10:03:13.275+0800][1.369s][info][gc,alloc    ] GC(37) O: Allocation Stalls:          0                0                0                0         
[2026-06-17T10:03:13.275+0800][1.369s][info][gc,load     ] GC(37) O: Load: 0.38 (2%) / 0.43 (2%) / 0.50 (2%)
[2026-06-17T10:03:13.275+0800][1.369s][info][gc,mmu      ] GC(37) O: MMU: 2ms/96.6%, 5ms/98.5%, 10ms/98.9%, 20ms/99.4%, 50ms/99.6%, 100ms/99.7%
[2026-06-17T10:03:13.275+0800][1.369s][info][gc,marking  ] GC(37) O: Mark: 1 stripe(s), 1 proactive flush(es), 1 terminate flush(es), 0 completion(s), 0 continuation(s) 
[2026-06-17T10:03:13.276+0800][1.369s][info][gc,marking  ] GC(37) O: Mark Stack Usage: 32M
[2026-06-17T10:03:13.276+0800][1.369s][info][gc,nmethod  ] GC(37) O: NMethods: 69 registered, 3 unregistered
[2026-06-17T10:03:13.276+0800][1.369s][info][gc,metaspace] GC(37) O: Metaspace: 0M used, 0M committed, 1088M reserved
[2026-06-17T10:03:13.276+0800][1.369s][info][gc,ref      ] GC(37) O:                       Encountered   Discovered     Enqueued 
[2026-06-17T10:03:13.276+0800][1.369s][info][gc,ref      ] GC(37) O: Soft References:                0            0            0 
[2026-06-17T10:03:13.276+0800][1.369s][info][gc,ref      ] GC(37) O: Weak References:                6            0            0 
[2026-06-17T10:03:13.276+0800][1.369s][info][gc,ref      ] GC(37) O: Final References:               0            0            0 
[2026-06-17T10:03:13.276+0800][1.369s][info][gc,ref      ] GC(37) O: Phantom References:             1            1            0 
[2026-06-17T10:03:13.276+0800][1.370s][info][gc,reloc    ] GC(37) O:                        Candidates     Selected     In-Place         Size        Empty    Relocated 
[2026-06-17T10:03:13.277+0800][1.370s][info][gc,reloc    ] GC(37) O: Small Pages:                    3            1            0           6M           0M           0M 
[2026-06-17T10:03:13.277+0800][1.370s][info][gc,reloc    ] GC(37) O: Large Pages:                   25            0            0          50M          32M           0M 
[2026-06-17T10:03:13.277+0800][1.370s][info][gc,reloc    ] GC(37) O: Forwarding Usage: 0M
[2026-06-17T10:03:13.277+0800][1.370s][info][gc,heap     ] GC(37) O: Min Capacity: 64M(100%)
[2026-06-17T10:03:13.277+0800][1.371s][info][gc,heap     ] GC(37) O: Max Capacity: 64M(100%)
[2026-06-17T10:03:13.277+0800][1.371s][info][gc,heap     ] GC(37) O: Soft Max Capacity: 64M(100%)
[2026-06-17T10:03:13.277+0800][1.371s][info][gc,heap     ] GC(37) O: Heap Statistics:
[2026-06-17T10:03:13.278+0800][1.371s][info][gc,heap     ] GC(37) O:                Mark Start          Mark End        Relocate Start      Relocate End           High               Low         
[2026-06-17T10:03:13.278+0800][1.371s][info][gc,heap     ] GC(37) O:  Capacity:       64M (100%)         64M (100%)         64M (100%)         64M (100%)         64M (100%)         64M (100%)   
[2026-06-17T10:03:13.278+0800][1.371s][info][gc,heap     ] GC(37) O:      Free:        2M (3%)            6M (9%)           22M (34%)          24M (38%)          38M (59%)           2M (3%)     
[2026-06-17T10:03:13.278+0800][1.371s][info][gc,heap     ] GC(37) O:      Used:       62M (97%)          58M (91%)          42M (66%)          40M (62%)          62M (97%)          26M (41%)    
[2026-06-17T10:03:13.278+0800][1.371s][info][gc,heap     ] GC(37) O: Old Generation Statistics:
[2026-06-17T10:03:13.278+0800][1.371s][info][gc,heap     ] GC(37) O:                Mark Start          Mark End        Relocate Start      Relocate End    
[2026-06-17T10:03:13.278+0800][1.372s][info][gc,heap     ] GC(37) O:      Used:       56M (88%)          56M (88%)          24M (38%)          22M (34%)    
[2026-06-17T10:03:13.278+0800][1.372s][info][gc,heap     ] GC(37) O:      Live:         -                20M (31%)          20M (31%)          20M (31%)    
[2026-06-17T10:03:13.278+0800][1.372s][info][gc,heap     ] GC(37) O:   Garbage:         -                35M (56%)           3M (6%)            0M (2%)     
[2026-06-17T10:03:13.278+0800][1.372s][info][gc,heap     ] GC(37) O: Allocated:         -                 0M (0%)            0M (0%)            0M (2%)     
[2026-06-17T10:03:13.279+0800][1.372s][info][gc,heap     ] GC(37) O: Reclaimed:         -                  -                32M (50%)          34M (55%)    
[2026-06-17T10:03:13.279+0800][1.372s][info][gc,heap     ] GC(37) O: Compacted:         -                  -                  -                 1M (2%)     
[2026-06-17T10:03:13.279+0800][1.372s][info][gc,phases   ] GC(37) O: Old Generation 58M(91%)->40M(62%) 0.021s
[2026-06-17T10:03:13.279+0800][1.372s][info][gc          ] GC(37) Major Collection (Allocation Rate) 60M(94%)->42M(66%) 0.034s
[2026-06-17T10:03:13.300+0800][1.393s][info][gc          ] GC(39) Major Collection (Allocation Rate)
[2026-06-17T10:03:13.300+0800][1.393s][info][gc,task     ] GC(39) Using 1 Workers for Young Generation
[2026-06-17T10:03:13.300+0800][1.393s][info][gc,task     ] GC(39) Using 1 Workers for Old Generation
[2026-06-17T10:03:13.300+0800][1.393s][info][gc,phases   ] GC(39) Y: Young Generation
[2026-06-17T10:03:13.300+0800][1.394s][info][gc,phases   ] GC(39) Y: Pause Mark Start (Major) 0.014ms
[2026-06-17T10:03:13.301+0800][1.395s][info][gc,phases   ] GC(39) Y: Concurrent Mark 0.734ms
[2026-06-17T10:03:13.302+0800][1.395s][info][gc,phases   ] GC(39) Y: Pause Mark End 0.009ms
[2026-06-17T10:03:13.302+0800][1.395s][info][gc,phases   ] GC(39) Y: Concurrent Mark Free 0.001ms
[2026-06-17T10:03:13.302+0800][1.395s][info][gc,phases   ] GC(39) Y: Concurrent Reset Relocation Set 0.001ms
[2026-06-17T10:03:13.303+0800][1.396s][info][gc,reloc    ] GC(39) Y: Using tenuring threshold: 2 (Computed)
[2026-06-17T10:03:13.303+0800][1.396s][info][gc,phases   ] GC(39) Y: Concurrent Select Relocation Set 0.855ms
[2026-06-17T10:03:13.303+0800][1.396s][info][gc,phases   ] GC(39) Y: Pause Relocate Start 0.006ms
[2026-06-17T10:03:13.303+0800][1.397s][info][gc,phases   ] GC(39) Y: Concurrent Relocate 0.243ms
[2026-06-17T10:03:13.304+0800][1.397s][info][gc,alloc    ] GC(39) Y:                         Mark Start        Mark End      Relocate Start    Relocate End   
[2026-06-17T10:03:13.304+0800][1.397s][info][gc,alloc    ] GC(39) Y: Allocation Stalls:          0                0                0                0         
[2026-06-17T10:03:13.304+0800][1.397s][info][gc,load     ] GC(39) Y: Load: 0.38 (2%) / 0.43 (2%) / 0.50 (2%)
[2026-06-17T10:03:13.304+0800][1.397s][info][gc,mmu      ] GC(39) Y: MMU: 2ms/96.6%, 5ms/98.5%, 10ms/98.9%, 20ms/99.4%, 50ms/99.6%, 100ms/99.7%
[2026-06-17T10:03:13.304+0800][1.397s][info][gc,marking  ] GC(39) Y: Mark: 1 stripe(s), 1 proactive flush(es), 1 terminate flush(es), 0 completion(s), 0 continuation(s) 
[2026-06-17T10:03:13.304+0800][1.398s][info][gc,marking  ] GC(39) Y: Mark Stack Usage: 32M
[2026-06-17T10:03:13.304+0800][1.398s][info][gc,nmethod  ] GC(39) Y: NMethods: 69 registered, 3 unregistered
[2026-06-17T10:03:13.305+0800][1.398s][info][gc,metaspace] GC(39) Y: Metaspace: 0M used, 0M committed, 1088M reserved
[2026-06-17T10:03:13.305+0800][1.398s][info][gc,reloc    ] GC(39) Y:                        Candidates     Selected     In-Place         Size        Empty    Relocated 
[2026-06-17T10:03:13.305+0800][1.398s][info][gc,reloc    ] GC(39) Y: Small Pages:                    8            2            0          16M          10M           1M 
[2026-06-17T10:03:13.305+0800][1.398s][info][gc,reloc    ] GC(39) Y: Large Pages:                    9            0            0          18M           0M           0M 
[2026-06-17T10:03:13.305+0800][1.398s][info][gc,reloc    ] GC(39) Y: Forwarding Usage: 0M
[2026-06-17T10:03:13.305+0800][1.398s][info][gc,reloc    ] GC(39) Y: Age Table:
[2026-06-17T10:03:13.305+0800][1.398s][info][gc,reloc    ] GC(39) Y:                    Live             Garbage             Small              Medium             Large        
[2026-06-17T10:03:13.305+0800][1.399s][info][gc,reloc    ] GC(39) Y: Eden              17M (27%)          14M (23%)          8 / 2              0 / 0              8 / 0        
[2026-06-17T10:03:13.305+0800][1.399s][info][gc,reloc    ] GC(39) Y: Survivor 1          -                 0M (0%)           0 / 0              0 / 0              0 / 0        
[2026-06-17T10:03:13.305+0800][1.399s][info][gc,reloc    ] GC(39) Y: Survivor 2         2M (3%)            0M (0%)           0 / 0              0 / 0              1 / 0        
[2026-06-17T10:03:13.305+0800][1.399s][info][gc,heap     ] GC(39) Y: Min Capacity: 64M(100%)
[2026-06-17T10:03:13.305+0800][1.399s][info][gc,heap     ] GC(39) Y: Max Capacity: 64M(100%)
[2026-06-17T10:03:13.306+0800][1.399s][info][gc,heap     ] GC(39) Y: Soft Max Capacity: 64M(100%)
[2026-06-17T10:03:13.306+0800][1.399s][info][gc,heap     ] GC(39) Y: Heap Statistics:
[2026-06-17T10:03:13.306+0800][1.399s][info][gc,heap     ] GC(39) Y:                Mark Start          Mark End        Relocate Start      Relocate End           High               Low         
[2026-06-17T10:03:13.306+0800][1.399s][info][gc,heap     ] GC(39) Y:  Capacity:       64M (100%)         64M (100%)         64M (100%)         64M (100%)         64M (100%)         64M (100%)   
[2026-06-17T10:03:13.306+0800][1.399s][info][gc,heap     ] GC(39) Y:      Free:        8M (12%)           8M (12%)          18M (28%)          22M (34%)          22M (34%)           8M (12%)    
[2026-06-17T10:03:13.306+0800][1.399s][info][gc,heap     ] GC(39) Y:      Used:       56M (88%)          56M (88%)          46M (72%)          42M (66%)          56M (88%)          42M (66%)    
[2026-06-17T10:03:13.306+0800][1.399s][info][gc,heap     ] GC(39) Y: Young Generation Statistics:
[2026-06-17T10:03:13.306+0800][1.399s][info][gc,heap     ] GC(39) Y:                Mark Start          Mark End        Relocate Start      Relocate End    
[2026-06-17T10:03:13.306+0800][1.399s][info][gc,heap     ] GC(39) Y:      Used:       34M (53%)          34M (53%)          22M (34%)          18M (28%)    
[2026-06-17T10:03:13.306+0800][1.400s][info][gc,heap     ] GC(39) Y:      Live:         -                19M (30%)          17M (27%)          17M (27%)    
[2026-06-17T10:03:13.306+0800][1.400s][info][gc,heap     ] GC(39) Y:   Garbage:         -                14M (23%)           4M (7%)            0M (0%)     
[2026-06-17T10:03:13.307+0800][1.400s][info][gc,heap     ] GC(39) Y: Allocated:         -                 0M (0%)            0M (0%)            0M (1%)     
[2026-06-17T10:03:13.308+0800][1.401s][info][gc,heap     ] GC(39) Y: Reclaimed:         -                  -                10M (16%)          14M (23%)    
[2026-06-17T10:03:13.327+0800][1.421s][info][gc,heap     ] GC(39) Y:  Promoted:         -                  -                 2M (3%)            2M (3%)     
[2026-06-17T10:03:13.328+0800][1.421s][info][gc,heap     ] GC(39) Y: Compacted:         -                  -                  -                 1M (2%)     
[2026-06-17T10:03:13.333+0800][1.426s][info][gc,phases   ] GC(39) Y: Young Generation 56M(88%)->42M(66%) 0.003s
[2026-06-17T10:03:13.341+0800][1.434s][info][gc,phases   ] GC(39) O: Old Generation
[2026-06-17T10:03:13.341+0800][1.435s][info][gc          ] GC(40) Minor Collection (Allocation Rate)
[2026-06-17T10:03:13.342+0800][1.435s][info][gc,task     ] GC(40) Using 1 Workers for Young Generation
[2026-06-17T10:03:13.342+0800][1.435s][info][gc,phases   ] GC(40) y: Young Generation
[2026-06-17T10:03:13.342+0800][1.436s][info][gc,phases   ] GC(40) y: Pause Mark Start 0.011ms
[2026-06-17T10:03:13.343+0800][1.436s][info][gc,phases   ] GC(39) O: Concurrent Mark 1.500ms
[2026-06-17T10:03:13.343+0800][1.436s][info][gc,phases   ] GC(39) O: Pause Mark End 0.008ms
[2026-06-17T10:03:13.343+0800][1.436s][info][gc,phases   ] GC(39) O: Concurrent Mark Free 0.001ms
[2026-06-17T10:03:13.343+0800][1.437s][info][gc,phases   ] GC(40) y: Concurrent Mark 0.945ms
[2026-06-17T10:03:13.346+0800][1.439s][info][gc,phases   ] GC(39) O: Concurrent Process Non-Strong 0.310ms
[2026-06-17T10:03:13.348+0800][1.441s][info][gc,phases   ] GC(40) y: Pause Mark End 0.012ms
[2026-06-17T10:03:13.350+0800][1.443s][info][gc,phases   ] GC(39) O: Concurrent Reset Relocation Set 0.003ms
[2026-06-17T10:03:13.351+0800][1.444s][info][gc,phases   ] GC(40) y: Concurrent Mark Free 0.002ms
[2026-06-17T10:03:13.353+0800][1.447s][info][gc,phases   ] GC(39) O: Concurrent Select Relocation Set 0.558ms
[2026-06-17T10:03:13.355+0800][1.448s][info][gc,phases   ] GC(40) y: Concurrent Reset Relocation Set 0.003ms
[2026-06-17T10:03:13.357+0800][1.451s][info][gc,reloc    ] GC(40) y: Using tenuring threshold: 1 (Computed)
[2026-06-17T10:03:13.357+0800][1.451s][info][gc          ] Allocation Stall (main) 15.826ms
[2026-06-17T10:03:13.359+0800][1.452s][info][gc,phases   ] GC(40) y: Concurrent Select Relocation Set 1.927ms
[2026-06-17T10:03:13.428+0800][1.521s][info][gc,phases   ] GC(40) y: Pause Relocate Start 0.013ms
[2026-06-17T10:03:13.441+0800][1.535s][info][gc,phases   ] GC(40) y: Concurrent Relocate 0.151ms
[2026-06-17T10:03:13.442+0800][1.535s][info][gc,alloc    ] GC(40) y:                         Mark Start        Mark End      Relocate Start    Relocate End   
[2026-06-17T10:03:13.442+0800][1.536s][info][gc,alloc    ] GC(40) y: Allocation Stalls:          1                1                0                0         
[2026-06-17T10:03:13.443+0800][1.536s][info][gc,load     ] GC(40) y: Load: 0.38 (2%) / 0.43 (2%) / 0.50 (2%)
[2026-06-17T10:03:13.443+0800][1.537s][info][gc,mmu      ] GC(40) y: MMU: 2ms/96.6%, 5ms/98.5%, 10ms/98.9%, 20ms/99.4%, 50ms/99.6%, 100ms/99.7%
[2026-06-17T10:03:13.444+0800][1.537s][info][gc,marking  ] GC(40) y: Mark: 1 stripe(s), 2 proactive flush(es), 1 terminate flush(es), 0 completion(s), 0 continuation(s) 
[2026-06-17T10:03:13.444+0800][1.538s][info][gc,marking  ] GC(40) y: Mark Stack Usage: 32M
[2026-06-17T10:03:13.445+0800][1.538s][info][gc,nmethod  ] GC(40) y: NMethods: 69 registered, 3 unregistered
[2026-06-17T10:03:13.445+0800][1.539s][info][gc,metaspace] GC(40) y: Metaspace: 0M used, 0M committed, 1088M reserved
[2026-06-17T10:03:13.446+0800][1.539s][info][gc,reloc    ] GC(40) y:                        Candidates     Selected     In-Place         Size        Empty    Relocated 
[2026-06-17T10:03:13.446+0800][1.540s][info][gc,reloc    ] GC(40) y: Small Pages:                    8            0            0          16M          10M           0M 
[2026-06-17T10:03:13.447+0800][1.540s][info][gc,reloc    ] GC(40) y: Large Pages:                   12            0            0          24M           0M           0M 
[2026-06-17T10:03:13.447+0800][1.540s][info][gc,reloc    ] GC(40) y: Forwarding Usage: 0M
[2026-06-17T10:03:13.447+0800][1.541s][info][gc,reloc    ] GC(40) y: Age Table:
[2026-06-17T10:03:13.448+0800][1.541s][info][gc,reloc    ] GC(40) y:                    Live             Garbage             Small              Medium             Large        
[2026-06-17T10:03:13.448+0800][1.542s][info][gc,reloc    ] GC(40) y: Eden              11M (18%)          10M (17%)          7 / 0              0 / 0              4 / 0        
[2026-06-17T10:03:13.449+0800][1.542s][info][gc,reloc    ] GC(40) y: Survivor 1        17M (27%)           0M (1%)           1 / 0              0 / 0              8 / 0        
[2026-06-17T10:03:13.449+0800][1.542s][info][gc,heap     ] GC(40) y: Min Capacity: 64M(100%)
[2026-06-17T10:03:13.449+0800][1.543s][info][gc,heap     ] GC(40) y: Max Capacity: 64M(100%)
[2026-06-17T10:03:13.450+0800][1.543s][info][gc,heap     ] GC(40) y: Soft Max Capacity: 64M(100%)
[2026-06-17T10:03:13.450+0800][1.543s][info][gc,heap     ] GC(40) y: Heap Statistics:
[2026-06-17T10:03:13.450+0800][1.544s][info][gc,heap     ] GC(40) y:                Mark Start          Mark End        Relocate Start      Relocate End           High               Low         
[2026-06-17T10:03:13.450+0800][1.544s][info][gc,heap     ] GC(40) y:  Capacity:       64M (100%)         64M (100%)         64M (100%)         64M (100%)         64M (100%)         64M (100%)   
[2026-06-17T10:03:13.451+0800][1.544s][info][gc,heap     ] GC(40) y:      Free:        0M (0%)            0M (0%)            8M (12%)           8M (12%)          10M (16%)           0M (0%)     
[2026-06-17T10:03:13.451+0800][1.544s][info][gc,heap     ] GC(40) y:      Used:       64M (100%)         64M (100%)         56M (88%)          56M (88%)          64M (100%)         54M (84%)    
[2026-06-17T10:03:13.451+0800][1.545s][info][gc,heap     ] GC(40) y: Young Generation Statistics:
[2026-06-17T10:03:13.451+0800][1.545s][info][gc,heap     ] GC(40) y:                Mark Start          Mark End        Relocate Start      Relocate End    
[2026-06-17T10:03:13.452+0800][1.545s][info][gc,heap     ] GC(40) y:      Used:       40M (62%)          40M (62%)          14M (22%)          14M (22%)    
[2026-06-17T10:03:13.452+0800][1.545s][info][gc,heap     ] GC(40) y:      Live:         -                28M (45%)          11M (18%)          11M (18%)    
[2026-06-17T10:03:13.452+0800][1.546s][info][gc,heap     ] GC(40) y:   Garbage:         -                11M (18%)           0M (1%)            0M (1%)     
[2026-06-17T10:03:13.453+0800][1.546s][info][gc,heap     ] GC(40) y: Allocated:         -                 0M (0%)            2M (3%)            2M (3%)     
[2026-06-17T10:03:13.453+0800][1.546s][info][gc,heap     ] GC(40) y: Reclaimed:         -                  -                10M (16%)          10M (16%)    
[2026-06-17T10:03:13.453+0800][1.547s][info][gc,heap     ] GC(40) y:  Promoted:         -                  -                17M (27%)          17M (27%)    
[2026-06-17T10:03:13.453+0800][1.547s][info][gc,heap     ] GC(40) y: Compacted:         -                  -                  -                 0M (0%)     
[2026-06-17T10:03:13.454+0800][1.547s][info][gc,phases   ] GC(40) y: Young Generation 64M(100%)->56M(88%) 0.100s
[2026-06-17T10:03:13.454+0800][1.547s][info][gc          ] GC(40) Minor Collection (Allocation Rate) 62M(97%)->64M(100%) 0.113s
[2026-06-17T10:03:13.454+0800][1.548s][info][gc          ] GC(41) Minor Collection (Allocation Stall)
[2026-06-17T10:03:13.455+0800][1.548s][info][gc,task     ] GC(41) Using 1 Workers for Young Generation
[2026-06-17T10:03:13.455+0800][1.548s][info][gc,phases   ] GC(41) y: Young Generation
[2026-06-17T10:03:13.455+0800][1.549s][info][gc,phases   ] GC(41) y: Pause Mark Start 0.013ms
[2026-06-17T10:03:13.456+0800][1.549s][info][gc,phases   ] GC(41) y: Concurrent Mark 0.474ms
[2026-06-17T10:03:13.456+0800][1.550s][info][gc,phases   ] GC(41) y: Pause Mark End 0.010ms
[2026-06-17T10:03:13.457+0800][1.550s][info][gc,phases   ] GC(41) y: Concurrent Mark Free 0.000ms
[2026-06-17T10:03:13.457+0800][1.550s][info][gc,phases   ] GC(41) y: Concurrent Reset Relocation Set 0.005ms
[2026-06-17T10:03:13.458+0800][1.551s][info][gc,reloc    ] GC(41) y: Using tenuring threshold: 1 (Computed)
[2026-06-17T10:03:13.458+0800][1.551s][info][gc          ] Allocation Stall (main) 5.956ms
[2026-06-17T10:03:13.459+0800][1.552s][info][gc,phases   ] GC(41) y: Concurrent Select Relocation Set 1.542ms
[2026-06-17T10:03:13.460+0800][1.553s][info][gc,phases   ] GC(41) y: Pause Relocate Start 0.008ms
[2026-06-17T10:03:13.460+0800][1.553s][info][gc          ] Allocation Stall (main) 0.027ms
[2026-06-17T10:03:13.460+0800][1.553s][info][gc,phases   ] GC(41) y: Concurrent Relocate 0.226ms
[2026-06-17T10:03:13.465+0800][1.558s][info][gc,alloc    ] GC(41) y:                         Mark Start        Mark End      Relocate Start    Relocate End   
[2026-06-17T10:03:13.465+0800][1.558s][info][gc,alloc    ] GC(41) y: Allocation Stalls:          1                1                0                0         
[2026-06-17T10:03:13.465+0800][1.558s][info][gc,load     ] GC(41) y: Load: 0.38 (2%) / 0.43 (2%) / 0.50 (2%)
[2026-06-17T10:03:13.466+0800][1.559s][info][gc,mmu      ] GC(41) y: MMU: 2ms/96.6%, 5ms/98.5%, 10ms/98.9%, 20ms/99.4%, 50ms/99.6%, 100ms/99.7%
[2026-06-17T10:03:13.466+0800][1.559s][info][gc,marking  ] GC(41) y: Mark: 1 stripe(s), 1 proactive flush(es), 1 terminate flush(es), 0 completion(s), 0 continuation(s) 
[2026-06-17T10:03:13.466+0800][1.559s][info][gc,marking  ] GC(41) y: Mark Stack Usage: 32M
[2026-06-17T10:03:13.466+0800][1.560s][info][gc,nmethod  ] GC(41) y: NMethods: 69 registered, 3 unregistered
[2026-06-17T10:03:13.467+0800][1.560s][info][gc,metaspace] GC(41) y: Metaspace: 0M used, 0M committed, 1088M reserved
[2026-06-17T10:03:13.467+0800][1.560s][info][gc,reloc    ] GC(41) y:                        Candidates     Selected     In-Place         Size        Empty    Relocated 
[2026-06-17T10:03:13.467+0800][1.561s][info][gc,reloc    ] GC(41) y: Small Pages:                    7            2            2          14M           8M           0M 
[2026-06-17T10:03:13.468+0800][1.561s][info][gc,reloc    ] GC(41) y: Large Pages:                    4            0            0           8M           0M           0M 
[2026-06-17T10:03:13.468+0800][1.562s][info][gc,reloc    ] GC(41) y: Forwarding Usage: 0M
[2026-06-17T10:03:13.469+0800][1.562s][info][gc,reloc    ] GC(41) y: Age Table:
[2026-06-17T10:03:13.469+0800][1.562s][info][gc,reloc    ] GC(41) y:                    Live             Garbage             Small              Medium             Large        
[2026-06-17T10:03:13.470+0800][1.563s][info][gc,reloc    ] GC(41) y: Eden               0M (0%)            9M (15%)          5 / 1              0 / 0              0 / 0        
[2026-06-17T10:03:13.470+0800][1.563s][info][gc,reloc    ] GC(41) y: Survivor 1         8M (14%)           3M (5%)           2 / 1              0 / 0              4 / 0        
[2026-06-17T10:03:13.471+0800][1.564s][info][gc,heap     ] GC(41) y: Min Capacity: 64M(100%)
[2026-06-17T10:03:13.471+0800][1.564s][info][gc,heap     ] GC(41) y: Max Capacity: 64M(100%)
[2026-06-17T10:03:13.471+0800][1.564s][info][gc,heap     ] GC(41) y: Soft Max Capacity: 64M(100%)
[2026-06-17T10:03:13.471+0800][1.565s][info][gc,heap     ] GC(41) y: Heap Statistics:
[2026-06-17T10:03:13.472+0800][1.565s][info][gc,heap     ] GC(41) y:                Mark Start          Mark End        Relocate Start      Relocate End           High               Low         
[2026-06-17T10:03:13.472+0800][1.565s][info][gc,heap     ] GC(41) y:  Capacity:       64M (100%)         64M (100%)         64M (100%)         64M (100%)         64M (100%)         64M (100%)   
[2026-06-17T10:03:13.472+0800][1.566s][info][gc,heap     ] GC(41) y:      Free:        0M (0%)            0M (0%)            2M (3%)            0M (0%)            8M (12%)           0M (0%)     
[2026-06-17T10:03:13.473+0800][1.566s][info][gc,heap     ] GC(41) y:      Used:       64M (100%)         64M (100%)         62M (97%)          64M (100%)         64M (100%)         56M (88%)    
[2026-06-17T10:03:13.473+0800][1.566s][info][gc,heap     ] GC(41) y: Young Generation Statistics:
[2026-06-17T10:03:13.473+0800][1.567s][info][gc,heap     ] GC(41) y:                Mark Start          Mark End        Relocate Start      Relocate End    
[2026-06-17T10:03:13.474+0800][1.567s][info][gc,heap     ] GC(41) y:      Used:       22M (34%)          22M (34%)          12M (19%)          10M (16%)    
[2026-06-17T10:03:13.474+0800][1.567s][info][gc,heap     ] GC(41) y:      Live:         -                 8M (14%)           0M (1%)            0M (0%)     
[2026-06-17T10:03:13.475+0800][1.568s][info][gc,heap     ] GC(41) y:   Garbage:         -                13M (20%)           5M (8%)            0M (0%)     
[2026-06-17T10:03:13.475+0800][1.568s][info][gc,heap     ] GC(41) y: Allocated:         -                 0M (0%)            6M (9%)            9M (15%)    
[2026-06-17T10:03:13.475+0800][1.568s][info][gc,heap     ] GC(41) y: Reclaimed:         -                  -                 8M (12%)          13M (20%)    
[2026-06-17T10:03:13.475+0800][1.569s][info][gc,heap     ] GC(41) y:  Promoted:         -                  -                 8M (12%)           8M (14%)    
[2026-06-17T10:03:13.476+0800][1.569s][info][gc,heap     ] GC(41) y: Compacted:         -                  -                  -                 0M (0%)     
[2026-06-17T10:03:13.476+0800][1.569s][info][gc,phases   ] GC(41) y: Young Generation 64M(100%)->64M(100%) 0.010s
[2026-06-17T10:03:13.476+0800][1.569s][info][gc          ] GC(41) Minor Collection (Allocation Stall) 64M(100%)->64M(100%) 0.022s
[2026-06-17T10:03:13.476+0800][1.570s][info][gc          ] GC(42) Minor Collection (Allocation Stall)
[2026-06-17T10:03:13.477+0800][1.570s][info][gc,task     ] GC(42) Using 1 Workers for Young Generation
[2026-06-17T10:03:13.477+0800][1.570s][info][gc,phases   ] GC(42) y: Young Generation
[2026-06-17T10:03:13.477+0800][1.570s][info][gc,phases   ] GC(42) y: Pause Mark Start 0.017ms
[2026-06-17T10:03:13.478+0800][1.572s][info][gc,phases   ] GC(42) y: Concurrent Mark 0.972ms
[2026-06-17T10:03:13.479+0800][1.572s][info][gc,phases   ] GC(42) y: Pause Mark End 0.013ms
[2026-06-17T10:03:13.479+0800][1.572s][info][gc,phases   ] GC(42) y: Concurrent Mark Free 0.001ms
[2026-06-17T10:03:13.479+0800][1.573s][info][gc,phases   ] GC(42) y: Concurrent Reset Relocation Set 0.007ms
[2026-06-17T10:03:13.481+0800][1.574s][info][gc,reloc    ] GC(42) y: Using tenuring threshold: 2 (Computed)
[2026-06-17T10:03:13.481+0800][1.574s][info][gc,phases   ] GC(42) y: Concurrent Select Relocation Set 1.299ms
[2026-06-17T10:03:13.481+0800][1.575s][info][gc,phases   ] GC(42) y: Pause Relocate Start 0.010ms
[2026-06-17T10:03:13.482+0800][1.575s][info][gc          ] Allocation Stall (main) 17.625ms
[2026-06-17T10:03:13.482+0800][1.575s][info][gc,phases   ] GC(42) y: Concurrent Relocate 0.300ms
[2026-06-17T10:03:13.483+0800][1.576s][info][gc,alloc    ] GC(42) y:                         Mark Start        Mark End      Relocate Start    Relocate End   
[2026-06-17T10:03:13.483+0800][1.576s][info][gc,alloc    ] GC(42) y: Allocation Stalls:          1                1                1                0         
[2026-06-17T10:03:13.483+0800][1.577s][info][gc,load     ] GC(42) y: Load: 0.38 (2%) / 0.43 (2%) / 0.50 (2%)
[2026-06-17T10:03:13.484+0800][1.577s][info][gc,mmu      ] GC(42) y: MMU: 2ms/96.6%, 5ms/98.5%, 10ms/98.9%, 20ms/99.4%, 50ms/99.6%, 100ms/99.7%
[2026-06-17T10:03:13.485+0800][1.578s][info][gc,marking  ] GC(42) y: Mark: 1 stripe(s), 1 proactive flush(es), 1 terminate flush(es), 0 completion(s), 0 continuation(s) 
[2026-06-17T10:03:13.485+0800][1.578s][info][gc,marking  ] GC(42) y: Mark Stack Usage: 32M
[2026-06-17T10:03:13.486+0800][1.579s][info][gc,nmethod  ] GC(42) y: NMethods: 69 registered, 3 unregistered
[2026-06-17T10:03:13.486+0800][1.579s][info][gc,metaspace] GC(42) y: Metaspace: 0M used, 0M committed, 1088M reserved
[2026-06-17T10:03:13.486+0800][1.580s][info][gc,reloc    ] GC(42) y:                        Candidates     Selected     In-Place         Size        Empty    Relocated 
[2026-06-17T10:03:13.486+0800][1.580s][info][gc,reloc    ] GC(42) y: Small Pages:                    2            1            1           4M           0M           0M 
[2026-06-17T10:03:13.487+0800][1.580s][info][gc,reloc    ] GC(42) y: Large Pages:                    4            0            0           8M           0M           0M 
[2026-06-17T10:03:13.487+0800][1.580s][info][gc,reloc    ] GC(42) y: Forwarding Usage: 0M
[2026-06-17T10:03:13.487+0800][1.580s][info][gc,reloc    ] GC(42) y: Age Table:
[2026-06-17T10:03:13.487+0800][1.581s][info][gc,reloc    ] GC(42) y:                    Live             Garbage             Small              Medium             Large        
[2026-06-17T10:03:13.487+0800][1.581s][info][gc,reloc    ] GC(42) y: Eden               8M (12%)           0M (0%)           0 / 0              0 / 0              4 / 0        
[2026-06-17T10:03:13.488+0800][1.581s][info][gc,reloc    ] GC(42) y: Survivor 1         0M (0%)            3M (6%)           2 / 1              0 / 0              0 / 0        
[2026-06-17T10:03:13.488+0800][1.581s][info][gc,heap     ] GC(42) y: Min Capacity: 64M(100%)
[2026-06-17T10:03:13.488+0800][1.581s][info][gc,heap     ] GC(42) y: Max Capacity: 64M(100%)
[2026-06-17T10:03:13.488+0800][1.581s][info][gc,heap     ] GC(42) y: Soft Max Capacity: 64M(100%)
[2026-06-17T10:03:13.488+0800][1.582s][info][gc,heap     ] GC(42) y: Heap Statistics:
[2026-06-17T10:03:13.488+0800][1.582s][info][gc,heap     ] GC(42) y:                Mark Start          Mark End        Relocate Start      Relocate End           High               Low         
[2026-06-17T10:03:13.489+0800][1.582s][info][gc,heap     ] GC(42) y:  Capacity:       64M (100%)         64M (100%)         64M (100%)         64M (100%)         64M (100%)         64M (100%)   
[2026-06-17T10:03:13.489+0800][1.582s][info][gc,heap     ] GC(42) y:      Free:        0M (0%)            0M (0%)            0M (0%)            0M (0%)            2M (3%)            0M (0%)     
[2026-06-17T10:03:13.489+0800][1.582s][info][gc,heap     ] GC(42) y:      Used:       64M (100%)         64M (100%)         64M (100%)         64M (100%)         64M (100%)         62M (97%)    
[2026-06-17T10:03:13.489+0800][1.582s][info][gc,heap     ] GC(42) y: Young Generation Statistics:
[2026-06-17T10:03:13.489+0800][1.583s][info][gc,heap     ] GC(42) y:                Mark Start          Mark End        Relocate Start      Relocate End    
[2026-06-17T10:03:13.490+0800][1.583s][info][gc,heap     ] GC(42) y:      Used:       12M (19%)          12M (19%)          12M (19%)          10M (16%)    
[2026-06-17T10:03:13.490+0800][1.583s][info][gc,heap     ] GC(42) y:      Live:         -                 8M (13%)           8M (13%)           8M (13%)    
[2026-06-17T10:03:13.490+0800][1.583s][info][gc,heap     ] GC(42) y:   Garbage:         -                 3M (6%)            3M (6%)            0M (0%)     
[2026-06-17T10:03:13.490+0800][1.583s][info][gc,heap     ] GC(42) y: Allocated:         -                 0M (0%)            0M (0%)            1M (3%)     
[2026-06-17T10:03:13.490+0800][1.583s][info][gc,heap     ] GC(42) y: Reclaimed:         -                  -                 0M (0%)            3M (6%)     
[2026-06-17T10:03:13.490+0800][1.584s][info][gc,heap     ] GC(42) y:  Promoted:         -                  -                 0M (0%)            0M (0%)     
[2026-06-17T10:03:13.490+0800][1.584s][info][gc,heap     ] GC(42) y: Compacted:         -                  -                  -                 0M (0%)     
[2026-06-17T10:03:13.491+0800][1.584s][info][gc,phases   ] GC(42) y: Young Generation 64M(100%)->64M(100%) 0.006s
[2026-06-17T10:03:13.491+0800][1.584s][info][gc          ] GC(42) Minor Collection (Allocation Stall) 64M(100%)->64M(100%) 0.014s
[2026-06-17T10:03:13.491+0800][1.584s][info][gc          ] GC(43) Minor Collection (Allocation Stall)
[2026-06-17T10:03:13.491+0800][1.584s][info][gc,task     ] GC(43) Using 1 Workers for Young Generation
[2026-06-17T10:03:13.491+0800][1.585s][info][gc,phases   ] GC(43) y: Young Generation
[2026-06-17T10:03:13.492+0800][1.585s][info][gc,phases   ] GC(43) y: Pause Mark Start 0.013ms
[2026-06-17T10:03:13.492+0800][1.586s][info][gc,phases   ] GC(43) y: Concurrent Mark 0.498ms
[2026-06-17T10:03:13.493+0800][1.586s][info][gc,phases   ] GC(43) y: Pause Mark End 0.007ms
[2026-06-17T10:03:13.493+0800][1.586s][info][gc,phases   ] GC(43) y: Concurrent Mark Free 0.001ms
[2026-06-17T10:03:13.493+0800][1.586s][info][gc,phases   ] GC(43) y: Concurrent Reset Relocation Set 0.001ms
[2026-06-17T10:03:13.494+0800][1.587s][info][gc,reloc    ] GC(43) y: Using tenuring threshold: 1 (Computed)
[2026-06-17T10:03:13.494+0800][1.587s][info][gc,phases   ] GC(43) y: Concurrent Select Relocation Set 0.919ms
[2026-06-17T10:03:13.494+0800][1.588s][info][gc,phases   ] GC(43) y: Pause Relocate Start 0.006ms
[2026-06-17T10:03:13.495+0800][1.588s][info][gc,phases   ] GC(43) y: Concurrent Relocate 0.114ms
[2026-06-17T10:03:13.495+0800][1.588s][info][gc,alloc    ] GC(43) y:                         Mark Start        Mark End      Relocate Start    Relocate End   
[2026-06-17T10:03:13.495+0800][1.588s][info][gc,alloc    ] GC(43) y: Allocation Stalls:          1                1                1                1         
[2026-06-17T10:03:13.495+0800][1.588s][info][gc,load     ] GC(43) y: Load: 0.38 (2%) / 0.43 (2%) / 0.50 (2%)
[2026-06-17T10:03:13.495+0800][1.588s][info][gc,mmu      ] GC(43) y: MMU: 2ms/96.6%, 5ms/98.5%, 10ms/98.9%, 20ms/99.4%, 50ms/99.6%, 100ms/99.7%
[2026-06-17T10:03:13.495+0800][1.589s][info][gc,marking  ] GC(43) y: Mark: 1 stripe(s), 1 proactive flush(es), 1 terminate flush(es), 0 completion(s), 0 continuation(s) 
[2026-06-17T10:03:13.495+0800][1.589s][info][gc,marking  ] GC(43) y: Mark Stack Usage: 32M
[2026-06-17T10:03:13.496+0800][1.589s][info][gc,nmethod  ] GC(43) y: NMethods: 69 registered, 3 unregistered
[2026-06-17T10:03:13.496+0800][1.589s][info][gc,metaspace] GC(43) y: Metaspace: 0M used, 0M committed, 1088M reserved
[2026-06-17T10:03:13.496+0800][1.589s][info][gc,reloc    ] GC(43) y:                        Candidates     Selected     In-Place         Size        Empty    Relocated 
[2026-06-17T10:03:13.496+0800][1.589s][info][gc,reloc    ] GC(43) y: Small Pages:                    2            1            2           4M           0M           0M 
[2026-06-17T10:03:13.496+0800][1.590s][info][gc,reloc    ] GC(43) y: Large Pages:                    4            0            0           8M           0M           0M 
[2026-06-17T10:03:13.496+0800][1.590s][info][gc,reloc    ] GC(43) y: Forwarding Usage: 0M
[2026-06-17T10:03:13.497+0800][1.590s][info][gc,reloc    ] GC(43) y: Age Table:
[2026-06-17T10:03:13.497+0800][1.590s][info][gc,reloc    ] GC(43) y:                    Live             Garbage             Small              Medium             Large        
[2026-06-17T10:03:13.497+0800][1.590s][info][gc,reloc    ] GC(43) y: Eden               0M (0%)            1M (3%)           1 / 0              0 / 0              0 / 0        
[2026-06-17T10:03:13.497+0800][1.591s][info][gc,reloc    ] GC(43) y: Survivor 1         8M (12%)           0M (0%)           0 / 0              0 / 0              4 / 0        
[2026-06-17T10:03:13.497+0800][1.591s][info][gc,reloc    ] GC(43) y: Survivor 2         0M (0%)            1M (3%)           1 / 1              0 / 0              0 / 0        
[2026-06-17T10:03:13.498+0800][1.591s][info][gc,heap     ] GC(43) y: Min Capacity: 64M(100%)
[2026-06-17T10:03:13.498+0800][1.591s][info][gc,heap     ] GC(43) y: Max Capacity: 64M(100%)
[2026-06-17T10:03:13.498+0800][1.592s][info][gc,heap     ] GC(43) y: Soft Max Capacity: 64M(100%)
[2026-06-17T10:03:13.498+0800][1.592s][info][gc,heap     ] GC(43) y: Heap Statistics:
[2026-06-17T10:03:13.498+0800][1.592s][info][gc,heap     ] GC(43) y:                Mark Start          Mark End        Relocate Start      Relocate End           High               Low         
[2026-06-17T10:03:13.499+0800][1.592s][info][gc,heap     ] GC(43) y:  Capacity:       64M (100%)         64M (100%)         64M (100%)         64M (100%)         64M (100%)         64M (100%)   
[2026-06-17T10:03:13.499+0800][1.592s][info][gc,heap     ] GC(43) y:      Free:        0M (0%)            0M (0%)            0M (0%)            0M (0%)            0M (0%)            0M (0%)     
[2026-06-17T10:03:13.499+0800][1.592s][info][gc,heap     ] GC(43) y:      Used:       64M (100%)         64M (100%)         64M (100%)         64M (100%)         64M (100%)         64M (100%)   
[2026-06-17T10:03:13.499+0800][1.592s][info][gc,heap     ] GC(43) y: Young Generation Statistics:
[2026-06-17T10:03:13.499+0800][1.592s][info][gc,heap     ] GC(43) y:                Mark Start          Mark End        Relocate Start      Relocate End    
[2026-06-17T10:03:13.499+0800][1.592s][info][gc,heap     ] GC(43) y:      Used:       12M (19%)          12M (19%)           4M (6%)            2M (3%)     
[2026-06-17T10:03:13.499+0800][1.593s][info][gc,heap     ] GC(43) y:      Live:         -                 8M (13%)           0M (1%)            0M (0%)     
[2026-06-17T10:03:13.500+0800][1.593s][info][gc,heap     ] GC(43) y:   Garbage:         -                 3M (6%)            3M (6%)            0M (0%)     
[2026-06-17T10:03:13.500+0800][1.593s][info][gc,heap     ] GC(43) y: Allocated:         -                 0M (0%)            0M (0%)            1M (3%)     
[2026-06-17T10:03:13.500+0800][1.593s][info][gc,heap     ] GC(43) y: Reclaimed:         -                  -                 0M (0%)            3M (6%)     
[2026-06-17T10:03:13.500+0800][1.593s][info][gc,heap     ] GC(43) y:  Promoted:         -                  -                 8M (12%)           8M (13%)    
[2026-06-17T10:03:13.500+0800][1.594s][info][gc,heap     ] GC(43) y: Compacted:         -                  -                  -                 0M (0%)     
[2026-06-17T10:03:13.500+0800][1.594s][info][gc,phases   ] GC(43) y: Young Generation 64M(100%)->64M(100%) 0.004s
[2026-06-17T10:03:13.501+0800][1.594s][info][gc          ] GC(43) Minor Collection (Allocation Stall) 64M(100%)->64M(100%) 0.010s
[2026-06-17T10:03:13.501+0800][1.594s][info][gc,task     ] GC(39) O: Using 1 Workers for Old Generation
[2026-06-17T10:03:13.514+0800][1.607s][info][gc,task     ] GC(39) O: Using 1 Workers for Old Generation
[2026-06-17T10:03:13.515+0800][1.608s][info][gc,phases   ] GC(39) O: Concurrent Remap Roots 13.783ms
[2026-06-17T10:03:13.515+0800][1.608s][info][gc,phases   ] GC(39) O: Pause Relocate Start 0.014ms
[2026-06-17T10:03:13.515+0800][1.609s][info][gc,phases   ] GC(39) O: Concurrent Relocate 0.083ms
[2026-06-17T10:03:13.516+0800][1.609s][info][gc,alloc    ] GC(39) O:                         Mark Start        Mark End      Relocate Start    Relocate End   
[2026-06-17T10:03:13.516+0800][1.609s][info][gc,alloc    ] GC(39) O: Allocation Stalls:          0                1                1                1         
[2026-06-17T10:03:13.516+0800][1.609s][info][gc,load     ] GC(39) O: Load: 0.38 (2%) / 0.43 (2%) / 0.50 (2%)
[2026-06-17T10:03:13.516+0800][1.610s][info][gc,mmu      ] GC(39) O: MMU: 2ms/96.6%, 5ms/98.5%, 10ms/98.9%, 20ms/99.4%, 50ms/99.6%, 100ms/99.7%
[2026-06-17T10:03:13.516+0800][1.610s][info][gc,marking  ] GC(39) O: Mark: 1 stripe(s), 2 proactive flush(es), 1 terminate flush(es), 0 completion(s), 0 continuation(s) 
[2026-06-17T10:03:13.517+0800][1.610s][info][gc,marking  ] GC(39) O: Mark Stack Usage: 32M
[2026-06-17T10:03:13.517+0800][1.610s][info][gc,nmethod  ] GC(39) O: NMethods: 69 registered, 3 unregistered
[2026-06-17T10:03:13.517+0800][1.610s][info][gc,metaspace] GC(39) O: Metaspace: 0M used, 0M committed, 1088M reserved
[2026-06-17T10:03:13.517+0800][1.611s][info][gc,ref      ] GC(39) O:                       Encountered   Discovered     Enqueued 
[2026-06-17T10:03:13.518+0800][1.611s][info][gc,ref      ] GC(39) O: Soft References:                0            0            0 
[2026-06-17T10:03:13.518+0800][1.611s][info][gc,ref      ] GC(39) O: Weak References:                6            0            0 
[2026-06-17T10:03:13.519+0800][1.612s][info][gc,ref      ] GC(39) O: Final References:               0            0            0 
[2026-06-17T10:03:13.519+0800][1.612s][info][gc,ref      ] GC(39) O: Phantom References:             1            1            0 
[2026-06-17T10:03:13.519+0800][1.612s][info][gc,reloc    ] GC(39) O:                        Candidates     Selected     In-Place         Size        Empty    Relocated 
[2026-06-17T10:03:13.519+0800][1.613s][info][gc,reloc    ] GC(39) O: Small Pages:                    2            0            0           4M           0M           0M 
[2026-06-17T10:03:13.520+0800][1.613s][info][gc,reloc    ] GC(39) O: Large Pages:                    9            0            0          18M           0M           0M 
[2026-06-17T10:03:13.520+0800][1.613s][info][gc,reloc    ] GC(39) O: Forwarding Usage: 0M
[2026-06-17T10:03:13.520+0800][1.614s][info][gc,heap     ] GC(39) O: Min Capacity: 64M(100%)
[2026-06-17T10:03:13.521+0800][1.614s][info][gc,heap     ] GC(39) O: Max Capacity: 64M(100%)
[2026-06-17T10:03:13.521+0800][1.614s][info][gc,heap     ] GC(39) O: Soft Max Capacity: 64M(100%)
[2026-06-17T10:03:13.521+0800][1.614s][info][gc,heap     ] GC(39) O: Heap Statistics:
[2026-06-17T10:03:13.521+0800][1.614s][info][gc,heap     ] GC(39) O:                Mark Start          Mark End        Relocate Start      Relocate End           High               Low         
[2026-06-17T10:03:13.521+0800][1.615s][info][gc,heap     ] GC(39) O:  Capacity:       64M (100%)         64M (100%)         64M (100%)         64M (100%)         64M (100%)         64M (100%)   
[2026-06-17T10:03:13.522+0800][1.615s][info][gc,heap     ] GC(39) O:      Free:        8M (12%)           0M (0%)            0M (0%)            0M (0%)           22M (34%)           0M (0%)     
[2026-06-17T10:03:13.522+0800][1.615s][info][gc,heap     ] GC(39) O:      Used:       56M (88%)          64M (100%)         64M (100%)         64M (100%)         64M (100%)         42M (66%)    
[2026-06-17T10:03:13.522+0800][1.615s][info][gc,heap     ] GC(39) O: Old Generation Statistics:
[2026-06-17T10:03:13.522+0800][1.615s][info][gc,heap     ] GC(39) O:                Mark Start          Mark End        Relocate Start      Relocate End    
[2026-06-17T10:03:13.522+0800][1.616s][info][gc,heap     ] GC(39) O:      Used:       22M (34%)          24M (38%)          62M (97%)          62M (97%)    
[2026-06-17T10:03:13.522+0800][1.616s][info][gc,heap     ] GC(39) O:      Live:         -                20M (31%)          20M (31%)          20M (31%)    
[2026-06-17T10:03:13.523+0800][1.616s][info][gc,heap     ] GC(39) O:   Garbage:         -                 1M (3%)            1M (3%)            1M (3%)     
[2026-06-17T10:03:13.523+0800][1.616s][info][gc,heap     ] GC(39) O: Allocated:         -                 2M (3%)           40M (62%)          40M (62%)    
[2026-06-17T10:03:13.523+0800][1.616s][info][gc,heap     ] GC(39) O: Reclaimed:         -                  -                 0M (0%)            0M (0%)     
[2026-06-17T10:03:13.523+0800][1.616s][info][gc,heap     ] GC(39) O: Compacted:         -                  -                  -                 0M (0%)     
[2026-06-17T10:03:13.523+0800][1.616s][info][gc,phases   ] GC(39) O: Old Generation 62M(97%)->64M(100%) 0.175s
[2026-06-17T10:03:13.523+0800][1.617s][info][gc          ] GC(39) Major Collection (Allocation Rate) 56M(88%)->64M(100%) 0.224s
[2026-06-17T10:03:13.523+0800][1.617s][info][gc          ] GC(44) Major Collection (Allocation Stall)
[2026-06-17T10:03:13.523+0800][1.617s][info][gc,task     ] GC(44) Using 1 Workers for Young Generation
[2026-06-17T10:03:13.524+0800][1.617s][info][gc,task     ] GC(44) Using 1 Workers for Old Generation
[2026-06-17T10:03:13.524+0800][1.617s][info][gc,phases   ] GC(44) Y: Young Generation (Promote All)
[2026-06-17T10:03:13.524+0800][1.617s][info][gc,phases   ] GC(44) Y: Pause Mark Start 0.013ms
[2026-06-17T10:03:13.525+0800][1.618s][info][gc,phases   ] GC(44) Y: Concurrent Mark 0.577ms
[2026-06-17T10:03:13.527+0800][1.620s][info][gc,phases   ] GC(44) Y: Pause Mark End 0.010ms
[2026-06-17T10:03:13.527+0800][1.620s][info][gc,phases   ] GC(44) Y: Concurrent Mark Free 0.001ms
[2026-06-17T10:03:13.528+0800][1.621s][info][gc,phases   ] GC(44) Y: Concurrent Reset Relocation Set 0.009ms
[2026-06-17T10:03:13.528+0800][1.622s][info][gc,reloc    ] GC(44) Y: Using tenuring threshold: 0 (Promote All)
[2026-06-17T10:03:13.529+0800][1.623s][info][gc,phases   ] GC(44) Y: Concurrent Select Relocation Set 1.235ms
[2026-06-17T10:03:13.530+0800][1.623s][info][gc,phases   ] GC(44) Y: Pause Relocate Start 0.007ms
[2026-06-17T10:03:13.530+0800][1.623s][info][gc,phases   ] GC(44) Y: Concurrent Relocate 0.099ms
[2026-06-17T10:03:13.531+0800][1.624s][info][gc,alloc    ] GC(44) Y:                         Mark Start        Mark End      Relocate Start    Relocate End   
[2026-06-17T10:03:13.531+0800][1.624s][info][gc,alloc    ] GC(44) Y: Allocation Stalls:          1                1                1                1         
[2026-06-17T10:03:13.531+0800][1.625s][info][gc,load     ] GC(44) Y: Load: 0.38 (2%) / 0.43 (2%) / 0.50 (2%)
[2026-06-17T10:03:13.532+0800][1.626s][info][gc,mmu      ] GC(44) Y: MMU: 2ms/96.6%, 5ms/98.5%, 10ms/98.9%, 20ms/99.4%, 50ms/99.6%, 100ms/99.7%
[2026-06-17T10:03:13.533+0800][1.626s][info][gc,marking  ] GC(44) Y: Mark: 1 stripe(s), 1 proactive flush(es), 1 terminate flush(es), 0 completion(s), 0 continuation(s) 
[2026-06-17T10:03:13.533+0800][1.626s][info][gc,marking  ] GC(44) Y: Mark Stack Usage: 32M
[2026-06-17T10:03:13.534+0800][1.627s][info][gc,nmethod  ] GC(44) Y: NMethods: 69 registered, 3 unregistered
[2026-06-17T10:03:13.534+0800][1.627s][info][gc,metaspace] GC(44) Y: Metaspace: 0M used, 0M committed, 1088M reserved
[2026-06-17T10:03:13.534+0800][1.627s][info][gc,reloc    ] GC(44) Y:                        Candidates     Selected     In-Place         Size        Empty    Relocated 
[2026-06-17T10:03:13.535+0800][1.628s][info][gc,reloc    ] GC(44) Y: Small Pages:                    1            0            0           2M           0M           0M 
[2026-06-17T10:03:13.535+0800][1.628s][info][gc,reloc    ] GC(44) Y: Large Pages:                    0            0            0           0M           0M           0M 
[2026-06-17T10:03:13.535+0800][1.629s][info][gc,reloc    ] GC(44) Y: Forwarding Usage: 0M
[2026-06-17T10:03:13.536+0800][1.629s][info][gc,reloc    ] GC(44) Y: Age Table:
[2026-06-17T10:03:13.536+0800][1.629s][info][gc,reloc    ] GC(44) Y:                    Live             Garbage             Small              Medium             Large        
[2026-06-17T10:03:13.537+0800][1.630s][info][gc,reloc    ] GC(44) Y: Eden                -                 0M (0%)           0 / 0              0 / 0              0 / 0        
[2026-06-17T10:03:13.538+0800][1.631s][info][gc,reloc    ] GC(44) Y: Survivor 1         0M (0%)            1M (3%)           1 / 0              0 / 0              0 / 0        
[2026-06-17T10:03:13.538+0800][1.631s][info][gc,heap     ] GC(44) Y: Min Capacity: 64M(100%)
[2026-06-17T10:03:13.539+0800][1.632s][info][gc,heap     ] GC(44) Y: Max Capacity: 64M(100%)
[2026-06-17T10:03:13.540+0800][1.633s][info][gc,heap     ] GC(44) Y: Soft Max Capacity: 64M(100%)
[2026-06-17T10:03:13.540+0800][1.633s][info][gc,heap     ] GC(44) Y: Heap Statistics:
[2026-06-17T10:03:13.540+0800][1.634s][info][gc,heap     ] GC(44) Y:                Mark Start          Mark End        Relocate Start      Relocate End           High               Low         
[2026-06-17T10:03:13.541+0800][1.634s][info][gc,heap     ] GC(44) Y:  Capacity:       64M (100%)         64M (100%)         64M (100%)         64M (100%)         64M (100%)         64M (100%)   
[2026-06-17T10:03:13.541+0800][1.634s][info][gc,heap     ] GC(44) Y:      Free:        0M (0%)            0M (0%)            0M (0%)            0M (0%)            0M (0%)            0M (0%)     
[2026-06-17T10:03:13.542+0800][1.635s][info][gc,heap     ] GC(44) Y:      Used:       64M (100%)         64M (100%)         64M (100%)         64M (100%)         64M (100%)         64M (100%)   
[2026-06-17T10:03:13.542+0800][1.635s][info][gc,heap     ] GC(44) Y: Young Generation Statistics:
[2026-06-17T10:03:13.542+0800][1.635s][info][gc,heap     ] GC(44) Y:                Mark Start          Mark End        Relocate Start      Relocate End    
[2026-06-17T10:03:13.542+0800][1.636s][info][gc,heap     ] GC(44) Y:      Used:        2M (3%)            2M (3%)            0M (0%)            0M (0%)     
[2026-06-17T10:03:13.543+0800][1.636s][info][gc,heap     ] GC(44) Y:      Live:         -                 0M (0%)            0M (0%)            0M (0%)     
[2026-06-17T10:03:13.543+0800][1.636s][info][gc,heap     ] GC(44) Y:   Garbage:         -                 1M (3%)            0M (0%)            0M (0%)     
[2026-06-17T10:03:13.543+0800][1.637s][info][gc,heap     ] GC(44) Y: Allocated:         -                 0M (0%)            0M (0%)            0M (0%)     
[2026-06-17T10:03:13.543+0800][1.637s][info][gc,heap     ] GC(44) Y: Reclaimed:         -                  -                 1M (3%)            1M (3%)     
[2026-06-17T10:03:13.544+0800][1.637s][info][gc,heap     ] GC(44) Y:  Promoted:         -                  -                 0M (0%)            0M (0%)     
[2026-06-17T10:03:13.544+0800][1.637s][info][gc,heap     ] GC(44) Y: Compacted:         -                  -                  -                 0M (0%)     
[2026-06-17T10:03:13.544+0800][1.638s][info][gc,phases   ] GC(44) Y: Young Generation (Promote All) 64M(100%)->64M(100%) 0.007s
[2026-06-17T10:03:13.545+0800][1.639s][info][gc,phases   ] GC(44) Y: Young Generation (Collect Roots)
[2026-06-17T10:03:13.546+0800][1.639s][info][gc,phases   ] GC(44) Y: Pause Mark Start (Major) 0.025ms
[2026-06-17T10:03:13.547+0800][1.640s][info][gc,phases   ] GC(44) Y: Concurrent Mark 0.507ms
[2026-06-17T10:03:13.547+0800][1.641s][info][gc,phases   ] GC(44) Y: Pause Mark End 0.008ms
[2026-06-17T10:03:13.548+0800][1.641s][info][gc,phases   ] GC(44) Y: Concurrent Mark Free 0.035ms
[2026-06-17T10:03:13.548+0800][1.642s][info][gc,phases   ] GC(44) Y: Concurrent Reset Relocation Set 0.003ms
[2026-06-17T10:03:13.549+0800][1.643s][info][gc,reloc    ] GC(44) Y: Using tenuring threshold: 0 (Computed)
[2026-06-17T10:03:13.550+0800][1.643s][info][gc,phases   ] GC(44) Y: Concurrent Select Relocation Set 1.095ms
[2026-06-17T10:03:13.550+0800][1.643s][info][gc,phases   ] GC(44) Y: Pause Relocate Start 0.007ms
[2026-06-17T10:03:13.551+0800][1.644s][info][gc,phases   ] GC(44) Y: Concurrent Relocate 0.124ms
[2026-06-17T10:03:13.551+0800][1.644s][info][gc,alloc    ] GC(44) Y:                         Mark Start        Mark End      Relocate Start    Relocate End   
[2026-06-17T10:03:13.551+0800][1.644s][info][gc,alloc    ] GC(44) Y: Allocation Stalls:          1                1                1                1         
[2026-06-17T10:03:13.552+0800][1.645s][info][gc,load     ] GC(44) Y: Load: 0.38 (2%) / 0.43 (2%) / 0.50 (2%)
[2026-06-17T10:03:13.552+0800][1.645s][info][gc,mmu      ] GC(44) Y: MMU: 2ms/96.6%, 5ms/98.5%, 10ms/98.9%, 20ms/99.4%, 50ms/99.6%, 100ms/99.7%
[2026-06-17T10:03:13.552+0800][1.646s][info][gc,marking  ] GC(44) Y: Mark: 1 stripe(s), 1 proactive flush(es), 1 terminate flush(es), 0 completion(s), 0 continuation(s) 
[2026-06-17T10:03:13.553+0800][1.646s][info][gc,marking  ] GC(44) Y: Mark Stack Usage: 0M
[2026-06-17T10:03:13.553+0800][1.646s][info][gc,nmethod  ] GC(44) Y: NMethods: 69 registered, 3 unregistered
[2026-06-17T10:03:13.553+0800][1.647s][info][gc,metaspace] GC(44) Y: Metaspace: 0M used, 0M committed, 1088M reserved
[2026-06-17T10:03:13.554+0800][1.647s][info][gc,heap     ] GC(44) Y: Min Capacity: 64M(100%)
[2026-06-17T10:03:13.554+0800][1.647s][info][gc,heap     ] GC(44) Y: Max Capacity: 64M(100%)
[2026-06-17T10:03:13.557+0800][1.651s][info][gc,heap     ] GC(44) Y: Soft Max Capacity: 64M(100%)
[2026-06-17T10:03:13.558+0800][1.651s][info][gc,heap     ] GC(44) Y: Heap Statistics:
[2026-06-17T10:03:13.558+0800][1.652s][info][gc,heap     ] GC(44) Y:                Mark Start          Mark End        Relocate Start      Relocate End           High               Low         
[2026-06-17T10:03:13.559+0800][1.652s][info][gc,heap     ] GC(44) Y:  Capacity:       64M (100%)         64M (100%)         64M (100%)         64M (100%)         64M (100%)         64M (100%)   
[2026-06-17T10:03:13.559+0800][1.652s][info][gc,heap     ] GC(44) Y:      Free:        0M (0%)            0M (0%)            0M (0%)            0M (0%)            0M (0%)            0M (0%)     
[2026-06-17T10:03:13.559+0800][1.653s][info][gc,heap     ] GC(44) Y:      Used:       64M (100%)         64M (100%)         64M (100%)         64M (100%)         64M (100%)         64M (100%)   
[2026-06-17T10:03:13.560+0800][1.653s][info][gc,heap     ] GC(44) Y: Young Generation Statistics:
[2026-06-17T10:03:13.560+0800][1.653s][info][gc,heap     ] GC(44) Y:                Mark Start          Mark End        Relocate Start      Relocate End    
[2026-06-17T10:03:13.560+0800][1.654s][info][gc,heap     ] GC(44) Y:      Used:        0M (0%)            0M (0%)            0M (0%)            0M (0%)     
[2026-06-17T10:03:13.561+0800][1.654s][info][gc,heap     ] GC(44) Y:      Live:         -                 0M (0%)            0M (0%)            0M (0%)     
[2026-06-17T10:03:13.561+0800][1.654s][info][gc,heap     ] GC(44) Y:   Garbage:         -                 0M (0%)            0M (0%)            0M (0%)     
[2026-06-17T10:03:13.561+0800][1.654s][info][gc,heap     ] GC(44) Y: Allocated:         -                 0M (0%)            0M (0%)            0M (0%)     
[2026-06-17T10:03:13.562+0800][1.655s][info][gc,heap     ] GC(44) Y: Reclaimed:         -                  -                 0M (0%)            0M (0%)     
[2026-06-17T10:03:13.562+0800][1.656s][info][gc,heap     ] GC(44) Y:  Promoted:         -                  -                 0M (0%)            0M (0%)     
[2026-06-17T10:03:13.562+0800][1.656s][info][gc,heap     ] GC(44) Y: Compacted:         -                  -                  -                 0M (0%)     
[2026-06-17T10:03:13.563+0800][1.656s][info][gc,phases   ] GC(44) Y: Young Generation (Collect Roots) 64M(100%)->64M(100%) 0.005s
[2026-06-17T10:03:13.563+0800][1.656s][info][gc,phases   ] GC(44) O: Old Generation
[2026-06-17T10:03:13.564+0800][1.657s][info][gc,phases   ] GC(44) O: Concurrent Mark 0.936ms
[2026-06-17T10:03:13.564+0800][1.658s][info][gc,phases   ] GC(44) O: Pause Mark End 0.010ms
[2026-06-17T10:03:13.565+0800][1.658s][info][gc,phases   ] GC(44) O: Concurrent Mark Free 0.001ms
[2026-06-17T10:03:13.565+0800][1.658s][info][gc,ref      ] GC(44) O: Clearing All SoftReferences
[2026-06-17T10:03:13.565+0800][1.659s][info][gc,phases   ] GC(44) O: Concurrent Process Non-Strong 0.473ms
[2026-06-17T10:03:13.565+0800][1.659s][info][gc,phases   ] GC(44) O: Concurrent Reset Relocation Set 0.000ms
[2026-06-17T10:03:13.566+0800][1.660s][info][gc,phases   ] GC(44) O: Concurrent Select Relocation Set 0.594ms
[2026-06-17T10:03:13.566+0800][1.660s][info][gc,task     ] GC(44) O: Using 1 Workers for Old Generation
[2026-06-17T10:03:13.579+0800][1.673s][info][gc,task     ] GC(44) O: Using 1 Workers for Old Generation
[2026-06-17T10:03:13.580+0800][1.673s][info][gc,phases   ] GC(44) O: Concurrent Remap Roots 13.417ms
[2026-06-17T10:03:13.580+0800][1.673s][info][gc,phases   ] GC(44) O: Pause Relocate Start 0.014ms
[2026-06-17T10:03:13.581+0800][1.675s][info][gc          ] Relocation Stall (main) 0.487ms
[2026-06-17T10:03:13.581+0800][1.675s][info][gc,phases   ] GC(44) O: Concurrent Relocate 0.949ms
[2026-06-17T10:03:13.582+0800][1.675s][info][gc,alloc    ] GC(44) O:                         Mark Start        Mark End      Relocate Start    Relocate End   
[2026-06-17T10:03:13.582+0800][1.675s][info][gc,alloc    ] GC(44) O: Allocation Stalls:          1                1                1                0         
[2026-06-17T10:03:13.582+0800][1.676s][info][gc,load     ] GC(44) O: Load: 0.38 (2%) / 0.43 (2%) / 0.50 (2%)
[2026-06-17T10:03:13.582+0800][1.676s][info][gc,mmu      ] GC(44) O: MMU: 2ms/96.6%, 5ms/98.5%, 10ms/98.9%, 20ms/99.4%, 50ms/99.6%, 100ms/99.7%
[2026-06-17T10:03:13.583+0800][1.676s][info][gc,marking  ] GC(44) O: Mark: 1 stripe(s), 1 proactive flush(es), 1 terminate flush(es), 0 completion(s), 0 continuation(s) 
[2026-06-17T10:03:13.583+0800][1.676s][info][gc,marking  ] GC(44) O: Mark Stack Usage: 32M
[2026-06-17T10:03:13.583+0800][1.676s][info][gc,nmethod  ] GC(44) O: NMethods: 69 registered, 3 unregistered
[2026-06-17T10:03:13.583+0800][1.677s][info][gc,metaspace] GC(44) O: Metaspace: 0M used, 0M committed, 1088M reserved
[2026-06-17T10:03:13.584+0800][1.677s][info][gc,ref      ] GC(44) O:                       Encountered   Discovered     Enqueued 
[2026-06-17T10:03:13.584+0800][1.678s][info][gc,ref      ] GC(44) O: Soft References:                0            0            0 
[2026-06-17T10:03:13.585+0800][1.678s][info][gc,ref      ] GC(44) O: Weak References:                6            0            0 
[2026-06-17T10:03:13.585+0800][1.678s][info][gc,ref      ] GC(44) O: Final References:               0            0            0 
[2026-06-17T10:03:13.585+0800][1.678s][info][gc,ref      ] GC(44) O: Phantom References:             1            1            0 
[2026-06-17T10:03:13.585+0800][1.679s][info][gc,reloc    ] GC(44) O:                        Candidates     Selected     In-Place         Size        Empty    Relocated 
[2026-06-17T10:03:13.586+0800][1.679s][info][gc,reloc    ] GC(44) O: Small Pages:                    6            3            1          12M           0M           1M 
[2026-06-17T10:03:13.586+0800][1.679s][info][gc,reloc    ] GC(44) O: Large Pages:                   26            0            0          52M           0M           0M 
[2026-06-17T10:03:13.586+0800][1.679s][info][gc,reloc    ] GC(44) O: Forwarding Usage: 0M
[2026-06-17T10:03:13.586+0800][1.680s][info][gc,heap     ] GC(44) O: Min Capacity: 64M(100%)
[2026-06-17T10:03:13.587+0800][1.680s][info][gc,heap     ] GC(44) O: Max Capacity: 64M(100%)
[2026-06-17T10:03:13.587+0800][1.680s][info][gc,heap     ] GC(44) O: Soft Max Capacity: 64M(100%)
[2026-06-17T10:03:13.587+0800][1.680s][info][gc,heap     ] GC(44) O: Heap Statistics:
[2026-06-17T10:03:13.587+0800][1.681s][info][gc,heap     ] GC(44) O:                Mark Start          Mark End        Relocate Start      Relocate End           High               Low         
[2026-06-17T10:03:13.587+0800][1.681s][info][gc,heap     ] GC(44) O:  Capacity:       64M (100%)         64M (100%)         64M (100%)         64M (100%)         64M (100%)         64M (100%)   
[2026-06-17T10:03:13.588+0800][1.681s][info][gc,heap     ] GC(44) O:      Free:        0M (0%)            0M (0%)            0M (0%)            4M (6%)            4M (6%)            0M (0%)     
[2026-06-17T10:03:13.588+0800][1.681s][info][gc,heap     ] GC(44) O:      Used:       64M (100%)         64M (100%)         64M (100%)         60M (94%)          64M (100%)         60M (94%)    
[2026-06-17T10:03:13.588+0800][1.681s][info][gc,heap     ] GC(44) O: Old Generation Statistics:
[2026-06-17T10:03:13.588+0800][1.681s][info][gc,heap     ] GC(44) O:                Mark Start          Mark End        Relocate Start      Relocate End    
[2026-06-17T10:03:13.588+0800][1.682s][info][gc,heap     ] GC(44) O:      Used:       64M (100%)         64M (100%)         64M (100%)         58M (91%)    
[2026-06-17T10:03:13.582+0800][1.675s][info][gc          ] Allocation Stall (main) 98.997ms
[2026-06-17T10:03:13.589+0800][1.682s][info][gc,heap     ] GC(44) O:      Live:         -                56M (89%)          56M (89%)          56M (89%)    
[2026-06-17T10:03:13.589+0800][1.682s][info][gc,heap     ] GC(44) O:   Garbage:         -                 7M (11%)           7M (11%)           0M (1%)     
[2026-06-17T10:03:13.589+0800][1.683s][info][gc,heap     ] GC(44) O: Allocated:         -                 0M (0%)            0M (0%)            0M (1%)     
[2026-06-17T10:03:13.589+0800][1.683s][info][gc,heap     ] GC(44) O: Reclaimed:         -                  -                 0M (0%)            6M (11%)    
[2026-06-17T10:03:13.590+0800][1.683s][info][gc,heap     ] GC(44) O: Compacted:         -                  -                  -                 3M (5%)     
[2026-06-17T10:03:13.590+0800][1.683s][info][gc,phases   ] GC(44) O: Old Generation 64M(100%)->60M(94%) 0.019s
[2026-06-17T10:03:13.590+0800][1.683s][info][gc          ] GC(44) Major Collection (Allocation Stall) 64M(100%)->62M(97%) 0.067s
[2026-06-17T10:03:13.599+0800][1.692s][info][gc          ] GC(45) Minor Collection (Allocation Rate)
[2026-06-17T10:03:13.600+0800][1.693s][info][gc,task     ] GC(45) Using 1 Workers for Young Generation
[2026-06-17T10:03:13.600+0800][1.693s][info][gc,phases   ] GC(45) y: Young Generation
[2026-06-17T10:03:13.600+0800][1.693s][info][gc,phases   ] GC(45) y: Pause Mark Start 0.014ms
[2026-06-17T10:03:13.601+0800][1.694s][info][gc,phases   ] GC(45) y: Concurrent Mark 0.567ms
[2026-06-17T10:03:13.601+0800][1.694s][info][gc,phases   ] GC(45) y: Pause Mark End 0.005ms
[2026-06-17T10:03:13.601+0800][1.695s][info][gc,phases   ] GC(45) y: Concurrent Mark Free 0.000ms
[2026-06-17T10:03:13.601+0800][1.695s][info][gc,phases   ] GC(45) y: Concurrent Reset Relocation Set 0.001ms
[2026-06-17T10:03:13.602+0800][1.695s][info][gc,reloc    ] GC(45) y: Using tenuring threshold: 1 (Computed)
[2026-06-17T10:03:13.603+0800][1.696s][info][gc,phases   ] GC(45) y: Concurrent Select Relocation Set 0.893ms
[2026-06-17T10:03:13.603+0800][1.696s][info][gc,phases   ] GC(45) y: Pause Relocate Start 0.004ms
[2026-06-17T10:03:13.603+0800][1.696s][info][gc,phases   ] GC(45) y: Concurrent Relocate 0.085ms
[2026-06-17T10:03:13.603+0800][1.697s][info][gc,alloc    ] GC(45) y:                         Mark Start        Mark End      Relocate Start    Relocate End   
[2026-06-17T10:03:13.604+0800][1.697s][info][gc,alloc    ] GC(45) y: Allocation Stalls:          0                0                0                0         
[2026-06-17T10:03:13.604+0800][1.697s][info][gc,load     ] GC(45) y: Load: 0.38 (2%) / 0.43 (2%) / 0.50 (2%)
[2026-06-17T10:03:13.604+0800][1.697s][info][gc,mmu      ] GC(45) y: MMU: 2ms/96.6%, 5ms/98.5%, 10ms/98.9%, 20ms/99.4%, 50ms/99.6%, 100ms/99.7%
[2026-06-17T10:03:13.604+0800][1.698s][info][gc,marking  ] GC(45) y: Mark: 1 stripe(s), 1 proactive flush(es), 1 terminate flush(es), 0 completion(s), 0 continuation(s) 
[2026-06-17T10:03:13.604+0800][1.698s][info][gc,marking  ] GC(45) y: Mark Stack Usage: 32M
[2026-06-17T10:03:13.605+0800][1.698s][info][gc,nmethod  ] GC(45) y: NMethods: 69 registered, 3 unregistered
[2026-06-17T10:03:13.605+0800][1.698s][info][gc,metaspace] GC(45) y: Metaspace: 0M used, 0M committed, 1088M reserved
[2026-06-17T10:03:13.605+0800][1.698s][info][gc,reloc    ] GC(45) y:                        Candidates     Selected     In-Place         Size        Empty    Relocated 
[2026-06-17T10:03:13.605+0800][1.698s][info][gc,reloc    ] GC(45) y: Small Pages:                    2            0            0           4M           2M           0M 
[2026-06-17T10:03:13.605+0800][1.699s][info][gc,reloc    ] GC(45) y: Large Pages:                    1            0            0           2M           0M           0M 
[2026-06-17T10:03:13.606+0800][1.699s][info][gc,reloc    ] GC(45) y: Forwarding Usage: 0M
[2026-06-17T10:03:13.606+0800][1.699s][info][gc,reloc    ] GC(45) y: Age Table:
[2026-06-17T10:03:13.606+0800][1.699s][info][gc,reloc    ] GC(45) y:                    Live             Garbage             Small              Medium             Large        
[2026-06-17T10:03:13.606+0800][1.699s][info][gc,reloc    ] GC(45) y: Eden               2M (3%)            3M (6%)           2 / 0              0 / 0              1 / 0        
[2026-06-17T10:03:13.606+0800][1.699s][info][gc,heap     ] GC(45) y: Min Capacity: 64M(100%)
[2026-06-17T10:03:13.606+0800][1.700s][info][gc,heap     ] GC(45) y: Max Capacity: 64M(100%)
[2026-06-17T10:03:13.606+0800][1.700s][info][gc,heap     ] GC(45) y: Soft Max Capacity: 64M(100%)
[2026-06-17T10:03:13.607+0800][1.700s][info][gc,heap     ] GC(45) y: Heap Statistics:
[2026-06-17T10:03:13.607+0800][1.700s][info][gc,heap     ] GC(45) y:                Mark Start          Mark End        Relocate Start      Relocate End           High               Low         
[2026-06-17T10:03:13.607+0800][1.700s][info][gc,heap     ] GC(45) y:  Capacity:       64M (100%)         64M (100%)         64M (100%)         64M (100%)         64M (100%)         64M (100%)   
[2026-06-17T10:03:13.607+0800][1.700s][info][gc,heap     ] GC(45) y:      Free:        0M (0%)            0M (0%)            2M (3%)            2M (3%)            2M (3%)            0M (0%)     
[2026-06-17T10:03:13.607+0800][1.701s][info][gc,heap     ] GC(45) y:      Used:       64M (100%)         64M (100%)         62M (97%)          62M (97%)          64M (100%)         62M (97%)    
[2026-06-17T10:03:13.607+0800][1.701s][info][gc,heap     ] GC(45) y: Young Generation Statistics:
[2026-06-17T10:03:13.608+0800][1.701s][info][gc,heap     ] GC(45) y:                Mark Start          Mark End        Relocate Start      Relocate End    
[2026-06-17T10:03:13.608+0800][1.701s][info][gc,heap     ] GC(45) y:      Used:        6M (9%)            6M (9%)            4M (6%)            4M (6%)     
[2026-06-17T10:03:13.608+0800][1.701s][info][gc,heap     ] GC(45) y:      Live:         -                 2M (3%)            2M (3%)            2M (3%)     
[2026-06-17T10:03:13.608+0800][1.701s][info][gc,heap     ] GC(45) y:   Garbage:         -                 3M (6%)            1M (3%)            1M (3%)     
[2026-06-17T10:03:13.608+0800][1.702s][info][gc,heap     ] GC(45) y: Allocated:         -                 0M (0%)            0M (0%)            0M (0%)     
[2026-06-17T10:03:13.609+0800][1.702s][info][gc,heap     ] GC(45) y: Reclaimed:         -                  -                 2M (3%)            2M (3%)     
[2026-06-17T10:03:13.609+0800][1.702s][info][gc,heap     ] GC(45) y:  Promoted:         -                  -                 0M (0%)            0M (0%)     
[2026-06-17T10:03:13.609+0800][1.702s][info][gc,heap     ] GC(45) y: Compacted:         -                  -                  -                 0M (0%)     
[2026-06-17T10:03:13.609+0800][1.702s][info][gc,phases   ] GC(45) y: Young Generation 64M(100%)->62M(97%) 0.004s
[2026-06-17T10:03:13.609+0800][1.703s][info][gc          ] GC(45) Minor Collection (Allocation Rate) 62M(97%)->62M(97%) 0.010s
[2026-06-17T10:03:13.610+0800][1.703s][info][gc          ] GC(46) Minor Collection (Allocation Rate)
[2026-06-17T10:03:13.611+0800][1.704s][info][gc,task     ] GC(46) Using 1 Workers for Young Generation
[2026-06-17T10:03:13.611+0800][1.705s][info][gc,phases   ] GC(46) y: Young Generation
[2026-06-17T10:03:13.611+0800][1.705s][info][gc,phases   ] GC(46) y: Pause Mark Start 0.011ms
[2026-06-17T10:03:13.612+0800][1.705s][info][gc,phases   ] GC(46) y: Concurrent Mark 0.473ms
[2026-06-17T10:03:13.612+0800][1.706s][info][gc,phases   ] GC(46) y: Pause Mark End 0.007ms
[2026-06-17T10:03:13.613+0800][1.706s][info][gc,phases   ] GC(46) y: Concurrent Mark Free 0.000ms
[2026-06-17T10:03:13.613+0800][1.706s][info][gc,phases   ] GC(46) y: Concurrent Reset Relocation Set 0.000ms
[2026-06-17T10:03:13.613+0800][1.707s][info][gc,reloc    ] GC(46) y: Using tenuring threshold: 2 (Computed)
[2026-06-17T10:03:13.614+0800][1.707s][info][gc,phases   ] GC(46) y: Concurrent Select Relocation Set 1.032ms
[2026-06-17T10:03:13.614+0800][1.707s][info][gc,phases   ] GC(46) y: Pause Relocate Start 0.005ms
[2026-06-17T10:03:13.614+0800][1.708s][info][gc,phases   ] GC(46) y: Concurrent Relocate 0.087ms
[2026-06-17T10:03:13.614+0800][1.708s][info][gc,alloc    ] GC(46) y:                         Mark Start        Mark End      Relocate Start    Relocate End   
[2026-06-17T10:03:13.615+0800][1.708s][info][gc,alloc    ] GC(46) y: Allocation Stalls:          1                1                1                1         
[2026-06-17T10:03:13.615+0800][1.708s][info][gc,load     ] GC(46) y: Load: 0.38 (2%) / 0.43 (2%) / 0.50 (2%)
[2026-06-17T10:03:13.615+0800][1.708s][info][gc,mmu      ] GC(46) y: MMU: 2ms/96.6%, 5ms/98.5%, 10ms/98.9%, 20ms/99.4%, 50ms/99.6%, 100ms/99.7%
[2026-06-17T10:03:13.615+0800][1.708s][info][gc,marking  ] GC(46) y: Mark: 1 stripe(s), 1 proactive flush(es), 1 terminate flush(es), 0 completion(s), 0 continuation(s) 
[2026-06-17T10:03:13.615+0800][1.709s][info][gc,marking  ] GC(46) y: Mark Stack Usage: 32M
[2026-06-17T10:03:13.616+0800][1.709s][info][gc,nmethod  ] GC(46) y: NMethods: 69 registered, 3 unregistered
[2026-06-17T10:03:13.616+0800][1.709s][info][gc,metaspace] GC(46) y: Metaspace: 0M used, 0M committed, 1088M reserved
[2026-06-17T10:03:13.616+0800][1.709s][info][gc,reloc    ] GC(46) y:                        Candidates     Selected     In-Place         Size        Empty    Relocated 
[2026-06-17T10:03:13.616+0800][1.709s][info][gc,reloc    ] GC(46) y: Small Pages:                    2            0            0           4M           0M           0M 
[2026-06-17T10:03:13.616+0800][1.710s][info][gc,reloc    ] GC(46) y: Large Pages:                    1            0            0           2M           0M           0M 
[2026-06-17T10:03:13.616+0800][1.710s][info][gc,reloc    ] GC(46) y: Forwarding Usage: 0M
[2026-06-17T10:03:13.617+0800][1.710s][info][gc,reloc    ] GC(46) y: Age Table:
[2026-06-17T10:03:13.617+0800][1.710s][info][gc,reloc    ] GC(46) y:                    Live             Garbage             Small              Medium             Large        
[2026-06-17T10:03:13.617+0800][1.710s][info][gc,reloc    ] GC(46) y: Eden               1M (3%)            0M (0%)           1 / 0              0 / 0              0 / 0        
[2026-06-17T10:03:13.617+0800][1.710s][info][gc,reloc    ] GC(46) y: Survivor 1         2M (3%)            1M (3%)           1 / 0              0 / 0              1 / 0        
[2026-06-17T10:03:13.617+0800][1.710s][info][gc,heap     ] GC(46) y: Min Capacity: 64M(100%)
[2026-06-17T10:03:13.617+0800][1.711s][info][gc,heap     ] GC(46) y: Max Capacity: 64M(100%)
[2026-06-17T10:03:13.617+0800][1.711s][info][gc,heap     ] GC(46) y: Soft Max Capacity: 64M(100%)
[2026-06-17T10:03:13.617+0800][1.711s][info][gc,heap     ] GC(46) y: Heap Statistics:
[2026-06-17T10:03:13.618+0800][1.711s][info][gc,heap     ] GC(46) y:                Mark Start          Mark End        Relocate Start      Relocate End           High               Low         
[2026-06-17T10:03:13.618+0800][1.711s][info][gc,heap     ] GC(46) y:  Capacity:       64M (100%)         64M (100%)         64M (100%)         64M (100%)         64M (100%)         64M (100%)   
[2026-06-17T10:03:13.618+0800][1.711s][info][gc,heap     ] GC(46) y:      Free:        0M (0%)            0M (0%)            0M (0%)            0M (0%)            0M (0%)            0M (0%)     
[2026-06-17T10:03:13.618+0800][1.711s][info][gc,heap     ] GC(46) y:      Used:       64M (100%)         64M (100%)         64M (100%)         64M (100%)         64M (100%)         64M (100%)   
[2026-06-17T10:03:13.618+0800][1.711s][info][gc,heap     ] GC(46) y: Young Generation Statistics:
[2026-06-17T10:03:13.618+0800][1.711s][info][gc,heap     ] GC(46) y:                Mark Start          Mark End        Relocate Start      Relocate End    
[2026-06-17T10:03:13.618+0800][1.711s][info][gc,heap     ] GC(46) y:      Used:        6M (9%)            6M (9%)            6M (9%)            6M (9%)     
[2026-06-17T10:03:13.618+0800][1.712s][info][gc,heap     ] GC(46) y:      Live:         -                 3M (6%)            3M (6%)            3M (6%)     
[2026-06-17T10:03:13.618+0800][1.712s][info][gc,heap     ] GC(46) y:   Garbage:         -                 2M (3%)            2M (3%)            2M (3%)     
[2026-06-17T10:03:13.618+0800][1.712s][info][gc,heap     ] GC(46) y: Allocated:         -                 0M (0%)            0M (0%)            0M (0%)     
[2026-06-17T10:03:13.618+0800][1.712s][info][gc,heap     ] GC(46) y: Reclaimed:         -                  -                 0M (0%)            0M (0%)     
[2026-06-17T10:03:13.619+0800][1.712s][info][gc,heap     ] GC(46) y:  Promoted:         -                  -                 0M (0%)            0M (0%)     
[2026-06-17T10:03:13.619+0800][1.712s][info][gc,heap     ] GC(46) y: Compacted:         -                  -                  -                 0M (0%)     
[2026-06-17T10:03:13.619+0800][1.712s][info][gc,phases   ] GC(46) y: Young Generation 64M(100%)->64M(100%) 0.003s
[2026-06-17T10:03:13.619+0800][1.712s][info][gc          ] GC(46) Minor Collection (Allocation Rate) 62M(97%)->64M(100%) 0.009s
[2026-06-17T10:03:13.619+0800][1.712s][info][gc          ] GC(47) Major Collection (Allocation Stall)
[2026-06-17T10:03:13.619+0800][1.712s][info][gc,task     ] GC(47) Using 1 Workers for Young Generation
[2026-06-17T10:03:13.619+0800][1.712s][info][gc,task     ] GC(47) Using 1 Workers for Old Generation
[2026-06-17T10:03:13.619+0800][1.713s][info][gc,phases   ] GC(47) Y: Young Generation (Promote All)
[2026-06-17T10:03:13.619+0800][1.713s][info][gc,phases   ] GC(47) Y: Pause Mark Start 0.009ms
[2026-06-17T10:03:13.620+0800][1.713s][info][gc,phases   ] GC(47) Y: Concurrent Mark 0.433ms
[2026-06-17T10:03:13.620+0800][1.713s][info][gc,phases   ] GC(47) Y: Pause Mark End 0.005ms
[2026-06-17T10:03:13.620+0800][1.713s][info][gc,phases   ] GC(47) Y: Concurrent Mark Free 0.000ms
[2026-06-17T10:03:13.620+0800][1.714s][info][gc,phases   ] GC(47) Y: Concurrent Reset Relocation Set 0.001ms
[2026-06-17T10:03:13.621+0800][1.714s][info][gc,reloc    ] GC(47) Y: Using tenuring threshold: 0 (Promote All)
[2026-06-17T10:03:13.621+0800][1.714s][info][gc,phases   ] GC(47) Y: Concurrent Select Relocation Set 0.805ms
[2026-06-17T10:03:13.621+0800][1.715s][info][gc,phases   ] GC(47) Y: Pause Relocate Start 0.004ms
[2026-06-17T10:03:13.622+0800][1.715s][info][gc,phases   ] GC(47) Y: Concurrent Relocate 0.147ms
[2026-06-17T10:03:13.622+0800][1.715s][info][gc,alloc    ] GC(47) Y:                         Mark Start        Mark End      Relocate Start    Relocate End   
[2026-06-17T10:03:13.622+0800][1.715s][info][gc,alloc    ] GC(47) Y: Allocation Stalls:          1                1                1                1         
[2026-06-17T10:03:13.622+0800][1.715s][info][gc,load     ] GC(47) Y: Load: 0.38 (2%) / 0.43 (2%) / 0.50 (2%)
[2026-06-17T10:03:13.622+0800][1.715s][info][gc,mmu      ] GC(47) Y: MMU: 2ms/96.6%, 5ms/98.5%, 10ms/98.9%, 20ms/99.4%, 50ms/99.6%, 100ms/99.7%
[2026-06-17T10:03:13.622+0800][1.715s][info][gc,marking  ] GC(47) Y: Mark: 1 stripe(s), 1 proactive flush(es), 1 terminate flush(es), 0 completion(s), 0 continuation(s) 
[2026-06-17T10:03:13.622+0800][1.716s][info][gc,marking  ] GC(47) Y: Mark Stack Usage: 32M
[2026-06-17T10:03:13.622+0800][1.716s][info][gc,nmethod  ] GC(47) Y: NMethods: 69 registered, 3 unregistered
[2026-06-17T10:03:13.622+0800][1.716s][info][gc,metaspace] GC(47) Y: Metaspace: 0M used, 0M committed, 1088M reserved
[2026-06-17T10:03:13.623+0800][1.716s][info][gc,reloc    ] GC(47) Y:                        Candidates     Selected     In-Place         Size        Empty    Relocated 
[2026-06-17T10:03:13.623+0800][1.716s][info][gc,reloc    ] GC(47) Y: Small Pages:                    2            0            0           4M           0M           0M 
[2026-06-17T10:03:13.623+0800][1.716s][info][gc,reloc    ] GC(47) Y: Large Pages:                    1            0            0           2M           0M           0M 
[2026-06-17T10:03:13.623+0800][1.716s][info][gc,reloc    ] GC(47) Y: Forwarding Usage: 0M
[2026-06-17T10:03:13.623+0800][1.716s][info][gc,reloc    ] GC(47) Y: Age Table:
[2026-06-17T10:03:13.623+0800][1.716s][info][gc,reloc    ] GC(47) Y:                    Live             Garbage             Small              Medium             Large        
[2026-06-17T10:03:13.623+0800][1.716s][info][gc,reloc    ] GC(47) Y: Eden                -                 0M (0%)           0 / 0              0 / 0              0 / 0        
[2026-06-17T10:03:13.623+0800][1.717s][info][gc,reloc    ] GC(47) Y: Survivor 1         1M (3%)            0M (0%)           1 / 0              0 / 0              0 / 0        
[2026-06-17T10:03:13.623+0800][1.717s][info][gc,reloc    ] GC(47) Y: Survivor 2         2M (3%)            1M (3%)           1 / 0              0 / 0              1 / 0        
[2026-06-17T10:03:13.623+0800][1.717s][info][gc,heap     ] GC(47) Y: Min Capacity: 64M(100%)
[2026-06-17T10:03:13.624+0800][1.717s][info][gc,heap     ] GC(47) Y: Max Capacity: 64M(100%)
[2026-06-17T10:03:13.624+0800][1.717s][info][gc,heap     ] GC(47) Y: Soft Max Capacity: 64M(100%)
[2026-06-17T10:03:13.624+0800][1.717s][info][gc,heap     ] GC(47) Y: Heap Statistics:
[2026-06-17T10:03:13.624+0800][1.717s][info][gc,heap     ] GC(47) Y:                Mark Start          Mark End        Relocate Start      Relocate End           High               Low         
[2026-06-17T10:03:13.624+0800][1.717s][info][gc,heap     ] GC(47) Y:  Capacity:       64M (100%)         64M (100%)         64M (100%)         64M (100%)         64M (100%)         64M (100%)   
[2026-06-17T10:03:13.624+0800][1.717s][info][gc,heap     ] GC(47) Y:      Free:        0M (0%)            0M (0%)            0M (0%)            0M (0%)            0M (0%)            0M (0%)     
[2026-06-17T10:03:13.624+0800][1.717s][info][gc,heap     ] GC(47) Y:      Used:       64M (100%)         64M (100%)         64M (100%)         64M (100%)         64M (100%)         64M (100%)   
[2026-06-17T10:03:13.624+0800][1.717s][info][gc,heap     ] GC(47) Y: Young Generation Statistics:
[2026-06-17T10:03:13.624+0800][1.717s][info][gc,heap     ] GC(47) Y:                Mark Start          Mark End        Relocate Start      Relocate End    
[2026-06-17T10:03:13.624+0800][1.718s][info][gc,heap     ] GC(47) Y:      Used:        6M (9%)            6M (9%)            0M (0%)            0M (0%)     
[2026-06-17T10:03:13.624+0800][1.718s][info][gc,heap     ] GC(47) Y:      Live:         -                 3M (6%)            0M (0%)            0M (0%)     
[2026-06-17T10:03:13.624+0800][1.718s][info][gc,heap     ] GC(47) Y:   Garbage:         -                 2M (3%)            0M (0%)            0M (0%)     
[2026-06-17T10:03:13.624+0800][1.718s][info][gc,heap     ] GC(47) Y: Allocated:         -                 0M (0%)            0M (0%)            0M (0%)     
[2026-06-17T10:03:13.625+0800][1.718s][info][gc,heap     ] GC(47) Y: Reclaimed:         -                  -                 2M (3%)            2M (3%)     
[2026-06-17T10:03:13.625+0800][1.718s][info][gc,heap     ] GC(47) Y:  Promoted:         -                  -                 3M (6%)            3M (6%)     
[2026-06-17T10:03:13.625+0800][1.718s][info][gc,heap     ] GC(47) Y: Compacted:         -                  -                  -                 0M (0%)     
[2026-06-17T10:03:13.625+0800][1.718s][info][gc,phases   ] GC(47) Y: Young Generation (Promote All) 64M(100%)->64M(100%) 0.002s
[2026-06-17T10:03:13.625+0800][1.718s][info][gc,phases   ] GC(47) Y: Young Generation (Collect Roots)
[2026-06-17T10:03:13.625+0800][1.718s][info][gc,phases   ] GC(47) Y: Pause Mark Start (Major) 0.012ms
[2026-06-17T10:03:13.626+0800][1.719s][info][gc,phases   ] GC(47) Y: Concurrent Mark 0.455ms
[2026-06-17T10:03:13.626+0800][1.719s][info][gc,phases   ] GC(47) Y: Pause Mark End 0.004ms
[2026-06-17T10:03:13.626+0800][1.719s][info][gc,phases   ] GC(47) Y: Concurrent Mark Free 0.029ms
[2026-06-17T10:03:13.626+0800][1.719s][info][gc,phases   ] GC(47) Y: Concurrent Reset Relocation Set 0.003ms
[2026-06-17T10:03:13.627+0800][1.720s][info][gc,reloc    ] GC(47) Y: Using tenuring threshold: 0 (Computed)
[2026-06-17T10:03:13.627+0800][1.720s][info][gc,phases   ] GC(47) Y: Concurrent Select Relocation Set 0.796ms
[2026-06-17T10:03:13.627+0800][1.720s][info][gc,phases   ] GC(47) Y: Pause Relocate Start 0.005ms
[2026-06-17T10:03:13.627+0800][1.721s][info][gc,phases   ] GC(47) Y: Concurrent Relocate 0.128ms
[2026-06-17T10:03:13.627+0800][1.721s][info][gc,alloc    ] GC(47) Y:                         Mark Start        Mark End      Relocate Start    Relocate End   
[2026-06-17T10:03:13.628+0800][1.721s][info][gc,alloc    ] GC(47) Y: Allocation Stalls:          1                1                1                1         
[2026-06-17T10:03:13.628+0800][1.721s][info][gc,load     ] GC(47) Y: Load: 0.38 (2%) / 0.43 (2%) / 0.50 (2%)
[2026-06-17T10:03:13.628+0800][1.721s][info][gc,mmu      ] GC(47) Y: MMU: 2ms/96.6%, 5ms/98.5%, 10ms/98.9%, 20ms/99.4%, 50ms/99.6%, 100ms/99.7%
[2026-06-17T10:03:13.628+0800][1.721s][info][gc,marking  ] GC(47) Y: Mark: 1 stripe(s), 1 proactive flush(es), 1 terminate flush(es), 0 completion(s), 0 continuation(s) 
[2026-06-17T10:03:13.628+0800][1.721s][info][gc,marking  ] GC(47) Y: Mark Stack Usage: 0M
[2026-06-17T10:03:13.628+0800][1.722s][info][gc,nmethod  ] GC(47) Y: NMethods: 69 registered, 3 unregistered
[2026-06-17T10:03:13.628+0800][1.722s][info][gc,metaspace] GC(47) Y: Metaspace: 0M used, 0M committed, 1088M reserved
[2026-06-17T10:03:13.628+0800][1.722s][info][gc,heap     ] GC(47) Y: Min Capacity: 64M(100%)
[2026-06-17T10:03:13.629+0800][1.722s][info][gc,heap     ] GC(47) Y: Max Capacity: 64M(100%)
[2026-06-17T10:03:13.629+0800][1.722s][info][gc,heap     ] GC(47) Y: Soft Max Capacity: 64M(100%)
[2026-06-17T10:03:13.629+0800][1.722s][info][gc,heap     ] GC(47) Y: Heap Statistics:
[2026-06-17T10:03:13.629+0800][1.722s][info][gc,heap     ] GC(47) Y:                Mark Start          Mark End        Relocate Start      Relocate End           High               Low         
[2026-06-17T10:03:13.629+0800][1.722s][info][gc,heap     ] GC(47) Y:  Capacity:       64M (100%)         64M (100%)         64M (100%)         64M (100%)         64M (100%)         64M (100%)   
[2026-06-17T10:03:13.629+0800][1.722s][info][gc,heap     ] GC(47) Y:      Free:        0M (0%)            0M (0%)            0M (0%)            0M (0%)            0M (0%)            0M (0%)     
[2026-06-17T10:03:13.629+0800][1.723s][info][gc,heap     ] GC(47) Y:      Used:       64M (100%)         64M (100%)         64M (100%)         64M (100%)         64M (100%)         64M (100%)   
[2026-06-17T10:03:13.629+0800][1.723s][info][gc,heap     ] GC(47) Y: Young Generation Statistics:
[2026-06-17T10:03:13.630+0800][1.723s][info][gc,heap     ] GC(47) Y:                Mark Start          Mark End        Relocate Start      Relocate End    
[2026-06-17T10:03:13.630+0800][1.723s][info][gc,heap     ] GC(47) Y:      Used:        0M (0%)            0M (0%)            0M (0%)            0M (0%)     
[2026-06-17T10:03:13.630+0800][1.723s][info][gc,heap     ] GC(47) Y:      Live:         -                 0M (0%)            0M (0%)            0M (0%)     
[2026-06-17T10:03:13.630+0800][1.723s][info][gc,heap     ] GC(47) Y:   Garbage:         -                 0M (0%)            0M (0%)            0M (0%)     
[2026-06-17T10:03:13.630+0800][1.723s][info][gc,heap     ] GC(47) Y: Allocated:         -                 0M (0%)            0M (0%)            0M (0%)     
[2026-06-17T10:03:13.630+0800][1.723s][info][gc,heap     ] GC(47) Y: Reclaimed:         -                  -                 0M (0%)            0M (0%)     
[2026-06-17T10:03:13.630+0800][1.723s][info][gc,heap     ] GC(47) Y:  Promoted:         -                  -                 0M (0%)            0M (0%)     
[2026-06-17T10:03:13.630+0800][1.723s][info][gc,heap     ] GC(47) Y: Compacted:         -                  -                  -                 0M (0%)     
[2026-06-17T10:03:13.630+0800][1.724s][info][gc,phases   ] GC(47) Y: Young Generation (Collect Roots) 64M(100%)->64M(100%) 0.003s
[2026-06-17T10:03:13.630+0800][1.724s][info][gc,phases   ] GC(47) O: Old Generation
[2026-06-17T10:03:13.632+0800][1.725s][info][gc,phases   ] GC(47) O: Concurrent Mark 1.114ms
[2026-06-17T10:03:13.632+0800][1.725s][info][gc,phases   ] GC(47) O: Pause Mark End 0.007ms
[2026-06-17T10:03:13.632+0800][1.725s][info][gc,phases   ] GC(47) O: Concurrent Mark Free 0.001ms
[2026-06-17T10:03:13.632+0800][1.725s][info][gc,ref      ] GC(47) O: Clearing All SoftReferences
[2026-06-17T10:03:13.632+0800][1.726s][info][gc,phases   ] GC(47) O: Concurrent Process Non-Strong 0.326ms
[2026-06-17T10:03:13.632+0800][1.726s][info][gc,phases   ] GC(47) O: Concurrent Reset Relocation Set 0.002ms
[2026-06-17T10:03:13.633+0800][1.726s][info][gc,phases   ] GC(47) O: Concurrent Select Relocation Set 0.540ms
[2026-06-17T10:03:13.633+0800][1.726s][info][gc,task     ] GC(47) O: Using 1 Workers for Old Generation
[2026-06-17T10:03:13.646+0800][1.739s][info][gc,task     ] GC(47) O: Using 1 Workers for Old Generation
[2026-06-17T10:03:13.646+0800][1.739s][info][gc,phases   ] GC(47) O: Concurrent Remap Roots 12.903ms
[2026-06-17T10:03:13.646+0800][1.740s][info][gc,phases   ] GC(47) O: Pause Relocate Start 0.012ms
[2026-06-17T10:03:13.647+0800][1.740s][info][gc,phases   ] GC(47) O: Concurrent Relocate 0.398ms
[2026-06-17T10:03:13.647+0800][1.740s][info][gc,alloc    ] GC(47) O:                         Mark Start        Mark End      Relocate Start    Relocate End   
[2026-06-17T10:03:13.647+0800][1.740s][info][gc,alloc    ] GC(47) O: Allocation Stalls:          1                1                1                0         
[2026-06-17T10:03:13.647+0800][1.740s][info][gc          ] Allocation Stall (main) 36.944ms
[2026-06-17T10:03:13.647+0800][1.741s][info][gc,load     ] GC(47) O: Load: 0.38 (2%) / 0.43 (2%) / 0.50 (2%)
[2026-06-17T10:03:13.647+0800][1.741s][info][gc,mmu      ] GC(47) O: MMU: 2ms/96.6%, 5ms/98.5%, 10ms/98.9%, 20ms/99.4%, 50ms/99.6%, 100ms/99.7%
[2026-06-17T10:03:13.648+0800][1.741s][info][gc,marking  ] GC(47) O: Mark: 1 stripe(s), 1 proactive flush(es), 1 terminate flush(es), 0 completion(s), 0 continuation(s) 
[2026-06-17T10:03:13.648+0800][1.741s][info][gc,marking  ] GC(47) O: Mark Stack Usage: 32M
[2026-06-17T10:03:13.648+0800][1.741s][info][gc,nmethod  ] GC(47) O: NMethods: 69 registered, 3 unregistered
[2026-06-17T10:03:13.648+0800][1.741s][info][gc,metaspace] GC(47) O: Metaspace: 0M used, 0M committed, 1088M reserved
[2026-06-17T10:03:13.648+0800][1.741s][info][gc,ref      ] GC(47) O:                       Encountered   Discovered     Enqueued 
[2026-06-17T10:03:13.648+0800][1.741s][info][gc,ref      ] GC(47) O: Soft References:                0            0            0 
[2026-06-17T10:03:13.648+0800][1.741s][info][gc,ref      ] GC(47) O: Weak References:                6            0            0 
[2026-06-17T10:03:13.648+0800][1.741s][info][gc,ref      ] GC(47) O: Final References:               0            0            0 
[2026-06-17T10:03:13.648+0800][1.741s][info][gc,ref      ] GC(47) O: Phantom References:             1            1            0 
[2026-06-17T10:03:13.648+0800][1.742s][info][gc,reloc    ] GC(47) O:                        Candidates     Selected     In-Place         Size        Empty    Relocated 
[2026-06-17T10:03:13.648+0800][1.742s][info][gc,reloc    ] GC(47) O: Small Pages:                    5            1            1          10M           0M           1M 
[2026-06-17T10:03:13.648+0800][1.742s][info][gc,reloc    ] GC(47) O: Large Pages:                   27            0            0          54M           0M           0M 
[2026-06-17T10:03:13.648+0800][1.742s][info][gc,reloc    ] GC(47) O: Forwarding Usage: 0M
[2026-06-17T10:03:13.649+0800][1.742s][info][gc,heap     ] GC(47) O: Min Capacity: 64M(100%)
[2026-06-17T10:03:13.649+0800][1.742s][info][gc,heap     ] GC(47) O: Max Capacity: 64M(100%)
[2026-06-17T10:03:13.649+0800][1.742s][info][gc,heap     ] GC(47) O: Soft Max Capacity: 64M(100%)
[2026-06-17T10:03:13.649+0800][1.742s][info][gc,heap     ] GC(47) O: Heap Statistics:
[2026-06-17T10:03:13.649+0800][1.742s][info][gc,heap     ] GC(47) O:                Mark Start          Mark End        Relocate Start      Relocate End           High               Low         
[2026-06-17T10:03:13.649+0800][1.742s][info][gc,heap     ] GC(47) O:  Capacity:       64M (100%)         64M (100%)         64M (100%)         64M (100%)         64M (100%)         64M (100%)   
[2026-06-17T10:03:13.649+0800][1.742s][info][gc,heap     ] GC(47) O:      Free:        0M (0%)            0M (0%)            0M (0%)            0M (0%)            2M (3%)            0M (0%)     
[2026-06-17T10:03:13.649+0800][1.742s][info][gc,heap     ] GC(47) O:      Used:       64M (100%)         64M (100%)         64M (100%)         64M (100%)         64M (100%)         62M (97%)    
[2026-06-17T10:03:13.649+0800][1.742s][info][gc,heap     ] GC(47) O: Old Generation Statistics:
[2026-06-17T10:03:13.649+0800][1.743s][info][gc,heap     ] GC(47) O:                Mark Start          Mark End        Relocate Start      Relocate End    
[2026-06-17T10:03:13.649+0800][1.743s][info][gc,heap     ] GC(47) O:      Used:       64M (100%)         64M (100%)         64M (100%)         62M (97%)    
[2026-06-17T10:03:13.649+0800][1.743s][info][gc,heap     ] GC(47) O:      Live:         -                60M (95%)          60M (95%)          60M (95%)    
[2026-06-17T10:03:13.650+0800][1.743s][info][gc,heap     ] GC(47) O:   Garbage:         -                 3M (5%)            3M (5%)            0M (1%)     
[2026-06-17T10:03:13.650+0800][1.743s][info][gc,heap     ] GC(47) O: Allocated:         -                 0M (0%)            0M (0%)            0M (1%)     
[2026-06-17T10:03:13.650+0800][1.743s][info][gc,heap     ] GC(47) O: Reclaimed:         -                  -                 0M (0%)            2M (4%)     
[2026-06-17T10:03:13.650+0800][1.743s][info][gc,heap     ] GC(47) O: Compacted:         -                  -                  -                 1M (2%)     
[2026-06-17T10:03:13.650+0800][1.743s][info][gc,phases   ] GC(47) O: Old Generation 64M(100%)->64M(100%) 0.017s
[2026-06-17T10:03:13.650+0800][1.743s][info][gc          ] GC(47) Major Collection (Allocation Stall) 64M(100%)->64M(100%) 0.031s
[2026-06-17T10:03:13.658+0800][1.751s][info][gc          ] GC(48) Minor Collection (Allocation Stall)
[2026-06-17T10:03:13.658+0800][1.751s][info][gc,task     ] GC(48) Using 1 Workers for Young Generation
[2026-06-17T10:03:13.658+0800][1.751s][info][gc,phases   ] GC(48) y: Young Generation
[2026-06-17T10:03:13.658+0800][1.752s][info][gc,phases   ] GC(48) y: Pause Mark Start 0.011ms
[2026-06-17T10:03:13.659+0800][1.752s][info][gc,phases   ] GC(48) y: Concurrent Mark 0.586ms
[2026-06-17T10:03:13.659+0800][1.752s][info][gc,phases   ] GC(48) y: Pause Mark End 0.007ms
[2026-06-17T10:03:13.659+0800][1.753s][info][gc,phases   ] GC(48) y: Concurrent Mark Free 0.001ms
[2026-06-17T10:03:13.660+0800][1.753s][info][gc,phases   ] GC(48) y: Concurrent Reset Relocation Set 0.001ms
[2026-06-17T10:03:13.660+0800][1.753s][info][gc,reloc    ] GC(48) y: Using tenuring threshold: 1 (Computed)
[2026-06-17T10:03:13.661+0800][1.754s][info][gc,phases   ] GC(48) y: Concurrent Select Relocation Set 0.955ms
[2026-06-17T10:03:13.661+0800][1.754s][info][gc,phases   ] GC(48) y: Pause Relocate Start 0.004ms
[2026-06-17T10:03:13.661+0800][1.754s][info][gc,phases   ] GC(48) y: Concurrent Relocate 0.087ms
[2026-06-17T10:03:13.661+0800][1.754s][info][gc,alloc    ] GC(48) y:                         Mark Start        Mark End      Relocate Start    Relocate End   
[2026-06-17T10:03:13.661+0800][1.754s][info][gc,alloc    ] GC(48) y: Allocation Stalls:          1                1                1                1         
[2026-06-17T10:03:13.661+0800][1.755s][info][gc,load     ] GC(48) y: Load: 0.38 (2%) / 0.43 (2%) / 0.50 (2%)
[2026-06-17T10:03:13.661+0800][1.755s][info][gc,mmu      ] GC(48) y: MMU: 2ms/96.6%, 5ms/98.5%, 10ms/98.9%, 20ms/99.4%, 50ms/99.6%, 100ms/99.7%
[2026-06-17T10:03:13.662+0800][1.755s][info][gc,marking  ] GC(48) y: Mark: 1 stripe(s), 1 proactive flush(es), 1 terminate flush(es), 0 completion(s), 0 continuation(s) 
[2026-06-17T10:03:13.662+0800][1.755s][info][gc,marking  ] GC(48) y: Mark Stack Usage: 32M
[2026-06-17T10:03:13.662+0800][1.755s][info][gc,nmethod  ] GC(48) y: NMethods: 69 registered, 3 unregistered
[2026-06-17T10:03:13.662+0800][1.755s][info][gc,metaspace] GC(48) y: Metaspace: 0M used, 0M committed, 1088M reserved
[2026-06-17T10:03:13.662+0800][1.755s][info][gc,reloc    ] GC(48) y:                        Candidates     Selected     In-Place         Size        Empty    Relocated 
[2026-06-17T10:03:13.662+0800][1.755s][info][gc,reloc    ] GC(48) y: Small Pages:                    1            0            0           2M           0M           0M 
[2026-06-17T10:03:13.662+0800][1.755s][info][gc,reloc    ] GC(48) y: Large Pages:                    0            0            0           0M           0M           0M 
[2026-06-17T10:03:13.662+0800][1.755s][info][gc,reloc    ] GC(48) y: Forwarding Usage: 0M
[2026-06-17T10:03:13.662+0800][1.755s][info][gc,reloc    ] GC(48) y: Age Table:
[2026-06-17T10:03:13.662+0800][1.755s][info][gc,reloc    ] GC(48) y:                    Live             Garbage             Small              Medium             Large        
[2026-06-17T10:03:13.662+0800][1.755s][info][gc,reloc    ] GC(48) y: Eden               1M (3%)            0M (0%)           1 / 0              0 / 0              0 / 0        
[2026-06-17T10:03:13.662+0800][1.756s][info][gc,heap     ] GC(48) y: Min Capacity: 64M(100%)
[2026-06-17T10:03:13.662+0800][1.756s][info][gc,heap     ] GC(48) y: Max Capacity: 64M(100%)
[2026-06-17T10:03:13.662+0800][1.756s][info][gc,heap     ] GC(48) y: Soft Max Capacity: 64M(100%)
[2026-06-17T10:03:13.662+0800][1.756s][info][gc,heap     ] GC(48) y: Heap Statistics:
[2026-06-17T10:03:13.663+0800][1.756s][info][gc,heap     ] GC(48) y:                Mark Start          Mark End        Relocate Start      Relocate End           High               Low         
[2026-06-17T10:03:13.663+0800][1.756s][info][gc,heap     ] GC(48) y:  Capacity:       64M (100%)         64M (100%)         64M (100%)         64M (100%)         64M (100%)         64M (100%)   
[2026-06-17T10:03:13.663+0800][1.756s][info][gc,heap     ] GC(48) y:      Free:        0M (0%)            0M (0%)            0M (0%)            0M (0%)            0M (0%)            0M (0%)     
[2026-06-17T10:03:13.663+0800][1.756s][info][gc,heap     ] GC(48) y:      Used:       64M (100%)         64M (100%)         64M (100%)         64M (100%)         64M (100%)         64M (100%)   
[2026-06-17T10:03:13.663+0800][1.756s][info][gc,heap     ] GC(48) y: Young Generation Statistics:
[2026-06-17T10:03:13.663+0800][1.756s][info][gc,heap     ] GC(48) y:                Mark Start          Mark End        Relocate Start      Relocate End    
[2026-06-17T10:03:13.663+0800][1.756s][info][gc,heap     ] GC(48) y:      Used:        2M (3%)            2M (3%)            2M (3%)            2M (3%)     
[2026-06-17T10:03:13.663+0800][1.756s][info][gc,heap     ] GC(48) y:      Live:         -                 1M (3%)            1M (3%)            1M (3%)     
[2026-06-17T10:03:13.663+0800][1.756s][info][gc,heap     ] GC(48) y:   Garbage:         -                 0M (0%)            0M (0%)            0M (0%)     
[2026-06-17T10:03:13.663+0800][1.756s][info][gc,heap     ] GC(48) y: Allocated:         -                 0M (0%)            0M (0%)            0M (0%)     
[2026-06-17T10:03:13.663+0800][1.757s][info][gc,heap     ] GC(48) y: Reclaimed:         -                  -                 0M (0%)            0M (0%)     
[2026-06-17T10:03:13.663+0800][1.757s][info][gc,heap     ] GC(48) y:  Promoted:         -                  -                 0M (0%)            0M (0%)     
[2026-06-17T10:03:13.663+0800][1.757s][info][gc,heap     ] GC(48) y: Compacted:         -                  -                  -                 0M (0%)     
[2026-06-17T10:03:13.663+0800][1.757s][info][gc,phases   ] GC(48) y: Young Generation 64M(100%)->64M(100%) 0.003s
[2026-06-17T10:03:13.663+0800][1.757s][info][gc          ] GC(48) Minor Collection (Allocation Stall) 64M(100%)->64M(100%) 0.006s
[2026-06-17T10:03:13.664+0800][1.757s][info][gc          ] GC(49) Major Collection (Allocation Stall)
[2026-06-17T10:03:13.664+0800][1.757s][info][gc,task     ] GC(49) Using 1 Workers for Young Generation
[2026-06-17T10:03:13.664+0800][1.757s][info][gc,task     ] GC(49) Using 1 Workers for Old Generation
[2026-06-17T10:03:13.664+0800][1.757s][info][gc,phases   ] GC(49) Y: Young Generation (Promote All)
[2026-06-17T10:03:13.664+0800][1.757s][info][gc,phases   ] GC(49) Y: Pause Mark Start 0.008ms
[2026-06-17T10:03:13.664+0800][1.758s][info][gc,phases   ] GC(49) Y: Concurrent Mark 0.495ms
[2026-06-17T10:03:13.665+0800][1.758s][info][gc,phases   ] GC(49) Y: Pause Mark End 0.006ms
[2026-06-17T10:03:13.665+0800][1.758s][info][gc,phases   ] GC(49) Y: Concurrent Mark Free 0.001ms
[2026-06-17T10:03:13.665+0800][1.758s][info][gc,phases   ] GC(49) Y: Concurrent Reset Relocation Set 0.001ms
[2026-06-17T10:03:13.666+0800][1.759s][info][gc,reloc    ] GC(49) Y: Using tenuring threshold: 0 (Promote All)
[2026-06-17T10:03:13.666+0800][1.759s][info][gc,phases   ] GC(49) Y: Concurrent Select Relocation Set 0.793ms
[2026-06-17T10:03:13.666+0800][1.759s][info][gc,phases   ] GC(49) Y: Pause Relocate Start 0.005ms
[2026-06-17T10:03:13.666+0800][1.760s][info][gc,phases   ] GC(49) Y: Concurrent Relocate 0.108ms
[2026-06-17T10:03:13.666+0800][1.760s][info][gc,alloc    ] GC(49) Y:                         Mark Start        Mark End      Relocate Start    Relocate End   
[2026-06-17T10:03:13.667+0800][1.760s][info][gc,alloc    ] GC(49) Y: Allocation Stalls:          1                1                1                1         
[2026-06-17T10:03:13.667+0800][1.760s][info][gc,load     ] GC(49) Y: Load: 0.38 (2%) / 0.43 (2%) / 0.50 (2%)
[2026-06-17T10:03:13.667+0800][1.760s][info][gc,mmu      ] GC(49) Y: MMU: 2ms/96.6%, 5ms/98.5%, 10ms/98.9%, 20ms/99.4%, 50ms/99.6%, 100ms/99.7%
[2026-06-17T10:03:13.667+0800][1.760s][info][gc,marking  ] GC(49) Y: Mark: 1 stripe(s), 1 proactive flush(es), 1 terminate flush(es), 0 completion(s), 0 continuation(s) 
[2026-06-17T10:03:13.667+0800][1.760s][info][gc,marking  ] GC(49) Y: Mark Stack Usage: 32M
[2026-06-17T10:03:13.667+0800][1.760s][info][gc,nmethod  ] GC(49) Y: NMethods: 69 registered, 3 unregistered
[2026-06-17T10:03:13.667+0800][1.760s][info][gc,metaspace] GC(49) Y: Metaspace: 0M used, 0M committed, 1088M reserved
[2026-06-17T10:03:13.667+0800][1.760s][info][gc,reloc    ] GC(49) Y:                        Candidates     Selected     In-Place         Size        Empty    Relocated 
[2026-06-17T10:03:13.667+0800][1.760s][info][gc,reloc    ] GC(49) Y: Small Pages:                    1            0            0           2M           0M           0M 
[2026-06-17T10:03:13.667+0800][1.761s][info][gc,reloc    ] GC(49) Y: Large Pages:                    0            0            0           0M           0M           0M 
[2026-06-17T10:03:13.667+0800][1.761s][info][gc,reloc    ] GC(49) Y: Forwarding Usage: 0M
[2026-06-17T10:03:13.667+0800][1.761s][info][gc,reloc    ] GC(49) Y: Age Table:
[2026-06-17T10:03:13.667+0800][1.761s][info][gc,reloc    ] GC(49) Y:                    Live             Garbage             Small              Medium             Large        
[2026-06-17T10:03:13.668+0800][1.761s][info][gc,reloc    ] GC(49) Y: Eden                -                 0M (0%)           0 / 0              0 / 0              0 / 0        
[2026-06-17T10:03:13.668+0800][1.761s][info][gc,reloc    ] GC(49) Y: Survivor 1         1M (3%)            0M (0%)           1 / 0              0 / 0              0 / 0        
[2026-06-17T10:03:13.668+0800][1.761s][info][gc,heap     ] GC(49) Y: Min Capacity: 64M(100%)
[2026-06-17T10:03:13.668+0800][1.761s][info][gc,heap     ] GC(49) Y: Max Capacity: 64M(100%)
[2026-06-17T10:03:13.668+0800][1.761s][info][gc,heap     ] GC(49) Y: Soft Max Capacity: 64M(100%)
[2026-06-17T10:03:13.668+0800][1.761s][info][gc,heap     ] GC(49) Y: Heap Statistics:
[2026-06-17T10:03:13.668+0800][1.761s][info][gc,heap     ] GC(49) Y:                Mark Start          Mark End        Relocate Start      Relocate End           High               Low         
[2026-06-17T10:03:13.668+0800][1.761s][info][gc,heap     ] GC(49) Y:  Capacity:       64M (100%)         64M (100%)         64M (100%)         64M (100%)         64M (100%)         64M (100%)   
[2026-06-17T10:03:13.668+0800][1.761s][info][gc,heap     ] GC(49) Y:      Free:        0M (0%)            0M (0%)            0M (0%)            0M (0%)            0M (0%)            0M (0%)     
[2026-06-17T10:03:13.668+0800][1.762s][info][gc,heap     ] GC(49) Y:      Used:       64M (100%)         64M (100%)         64M (100%)         64M (100%)         64M (100%)         64M (100%)   
[2026-06-17T10:03:13.668+0800][1.762s][info][gc,heap     ] GC(49) Y: Young Generation Statistics:
[2026-06-17T10:03:13.668+0800][1.762s][info][gc,heap     ] GC(49) Y:                Mark Start          Mark End        Relocate Start      Relocate End    
[2026-06-17T10:03:13.669+0800][1.762s][info][gc,heap     ] GC(49) Y:      Used:        2M (3%)            2M (3%)            0M (0%)            0M (0%)     
[2026-06-17T10:03:13.669+0800][1.762s][info][gc,heap     ] GC(49) Y:      Live:         -                 1M (3%)            0M (0%)            0M (0%)     
[2026-06-17T10:03:13.669+0800][1.762s][info][gc,heap     ] GC(49) Y:   Garbage:         -                 0M (0%)            0M (0%)            0M (0%)     
[2026-06-17T10:03:13.669+0800][1.762s][info][gc,heap     ] GC(49) Y: Allocated:         -                 0M (0%)            0M (0%)            0M (0%)     
[2026-06-17T10:03:13.669+0800][1.762s][info][gc,heap     ] GC(49) Y: Reclaimed:         -                  -                 0M (0%)            0M (0%)     
[2026-06-17T10:03:13.669+0800][1.762s][info][gc,heap     ] GC(49) Y:  Promoted:         -                  -                 1M (3%)            1M (3%)     
[2026-06-17T10:03:13.669+0800][1.762s][info][gc,heap     ] GC(49) Y: Compacted:         -                  -                  -                 0M (0%)     
[2026-06-17T10:03:13.669+0800][1.762s][info][gc,phases   ] GC(49) Y: Young Generation (Promote All) 64M(100%)->64M(100%) 0.003s
[2026-06-17T10:03:13.669+0800][1.762s][info][gc,phases   ] GC(49) Y: Young Generation (Collect Roots)
[2026-06-17T10:03:13.669+0800][1.762s][info][gc,phases   ] GC(49) Y: Pause Mark Start (Major) 0.008ms
[2026-06-17T10:03:13.670+0800][1.763s][info][gc,phases   ] GC(49) Y: Concurrent Mark 0.478ms
[2026-06-17T10:03:13.670+0800][1.763s][info][gc,phases   ] GC(49) Y: Pause Mark End 0.011ms
[2026-06-17T10:03:13.670+0800][1.763s][info][gc,phases   ] GC(49) Y: Concurrent Mark Free 0.028ms
[2026-06-17T10:03:13.670+0800][1.764s][info][gc,phases   ] GC(49) Y: Concurrent Reset Relocation Set 0.004ms
[2026-06-17T10:03:13.671+0800][1.764s][info][gc,reloc    ] GC(49) Y: Using tenuring threshold: 0 (Computed)
[2026-06-17T10:03:13.671+0800][1.765s][info][gc,phases   ] GC(49) Y: Concurrent Select Relocation Set 0.971ms
[2026-06-17T10:03:13.672+0800][1.765s][info][gc,phases   ] GC(49) Y: Pause Relocate Start 0.008ms
[2026-06-17T10:03:13.672+0800][1.765s][info][gc,phases   ] GC(49) Y: Concurrent Relocate 0.095ms
[2026-06-17T10:03:13.672+0800][1.765s][info][gc,alloc    ] GC(49) Y:                         Mark Start        Mark End      Relocate Start    Relocate End   
[2026-06-17T10:03:13.672+0800][1.765s][info][gc,alloc    ] GC(49) Y: Allocation Stalls:          1                1                1                1         
[2026-06-17T10:03:13.672+0800][1.765s][info][gc,load     ] GC(49) Y: Load: 0.38 (2%) / 0.43 (2%) / 0.50 (2%)
[2026-06-17T10:03:13.672+0800][1.766s][info][gc,mmu      ] GC(49) Y: MMU: 2ms/96.6%, 5ms/98.5%, 10ms/98.9%, 20ms/99.4%, 50ms/99.6%, 100ms/99.7%
[2026-06-17T10:03:13.672+0800][1.766s][info][gc,marking  ] GC(49) Y: Mark: 1 stripe(s), 1 proactive flush(es), 1 terminate flush(es), 0 completion(s), 0 continuation(s) 
[2026-06-17T10:03:13.672+0800][1.766s][info][gc,marking  ] GC(49) Y: Mark Stack Usage: 0M
[2026-06-17T10:03:13.672+0800][1.766s][info][gc,nmethod  ] GC(49) Y: NMethods: 69 registered, 3 unregistered
[2026-06-17T10:03:13.672+0800][1.766s][info][gc,metaspace] GC(49) Y: Metaspace: 0M used, 0M committed, 1088M reserved
[2026-06-17T10:03:13.673+0800][1.766s][info][gc,heap     ] GC(49) Y: Min Capacity: 64M(100%)
[2026-06-17T10:03:13.673+0800][1.766s][info][gc,heap     ] GC(49) Y: Max Capacity: 64M(100%)
[2026-06-17T10:03:13.673+0800][1.766s][info][gc,heap     ] GC(49) Y: Soft Max Capacity: 64M(100%)
[2026-06-17T10:03:13.673+0800][1.766s][info][gc,heap     ] GC(49) Y: Heap Statistics:
[2026-06-17T10:03:13.673+0800][1.766s][info][gc,heap     ] GC(49) Y:                Mark Start          Mark End        Relocate Start      Relocate End           High               Low         
[2026-06-17T10:03:13.673+0800][1.766s][info][gc,heap     ] GC(49) Y:  Capacity:       64M (100%)         64M (100%)         64M (100%)         64M (100%)         64M (100%)         64M (100%)   
[2026-06-17T10:03:13.673+0800][1.766s][info][gc,heap     ] GC(49) Y:      Free:        0M (0%)            0M (0%)            0M (0%)            0M (0%)            0M (0%)            0M (0%)     
[2026-06-17T10:03:13.673+0800][1.766s][info][gc,heap     ] GC(49) Y:      Used:       64M (100%)         64M (100%)         64M (100%)         64M (100%)         64M (100%)         64M (100%)   
[2026-06-17T10:03:13.673+0800][1.766s][info][gc,heap     ] GC(49) Y: Young Generation Statistics:
[2026-06-17T10:03:13.673+0800][1.767s][info][gc,heap     ] GC(49) Y:                Mark Start          Mark End        Relocate Start      Relocate End    
[2026-06-17T10:03:13.673+0800][1.767s][info][gc,heap     ] GC(49) Y:      Used:        0M (0%)            0M (0%)            0M (0%)            0M (0%)     
[2026-06-17T10:03:13.673+0800][1.767s][info][gc,heap     ] GC(49) Y:      Live:         -                 0M (0%)            0M (0%)            0M (0%)     
[2026-06-17T10:03:13.673+0800][1.767s][info][gc,heap     ] GC(49) Y:   Garbage:         -                 0M (0%)            0M (0%)            0M (0%)     
[2026-06-17T10:03:13.674+0800][1.767s][info][gc,heap     ] GC(49) Y: Allocated:         -                 0M (0%)            0M (0%)            0M (0%)     
[2026-06-17T10:03:13.674+0800][1.767s][info][gc,heap     ] GC(49) Y: Reclaimed:         -                  -                 0M (0%)            0M (0%)     
[2026-06-17T10:03:13.674+0800][1.767s][info][gc,heap     ] GC(49) Y:  Promoted:         -                  -                 0M (0%)            0M (0%)     
[2026-06-17T10:03:13.674+0800][1.767s][info][gc,heap     ] GC(49) Y: Compacted:         -                  -                  -                 0M (0%)     
[2026-06-17T10:03:13.674+0800][1.767s][info][gc,phases   ] GC(49) Y: Young Generation (Collect Roots) 64M(100%)->64M(100%) 0.003s
[2026-06-17T10:03:13.674+0800][1.767s][info][gc,phases   ] GC(49) O: Old Generation
[2026-06-17T10:03:13.675+0800][1.768s][info][gc,phases   ] GC(49) O: Concurrent Mark 0.949ms
[2026-06-17T10:03:13.675+0800][1.768s][info][gc,phases   ] GC(49) O: Pause Mark End 0.006ms
[2026-06-17T10:03:13.675+0800][1.768s][info][gc,phases   ] GC(49) O: Concurrent Mark Free 0.001ms
[2026-06-17T10:03:13.675+0800][1.769s][info][gc,ref      ] GC(49) O: Clearing All SoftReferences
[2026-06-17T10:03:13.676+0800][1.769s][info][gc,phases   ] GC(49) O: Concurrent Process Non-Strong 0.315ms
[2026-06-17T10:03:13.676+0800][1.769s][info][gc,phases   ] GC(49) O: Concurrent Reset Relocation Set 0.001ms
[2026-06-17T10:03:13.676+0800][1.770s][info][gc          ] Allocation Stall (main) 18.625ms
[2026-06-17T10:03:13.676+0800][1.770s][info][gc,phases   ] GC(49) O: Concurrent Select Relocation Set 0.565ms
[2026-06-17T10:03:13.677+0800][1.770s][info][gc,task     ] GC(49) O: Using 1 Workers for Old Generation
[2026-06-17T10:03:13.689+0800][1.783s][info][gc,task     ] GC(49) O: Using 1 Workers for Old Generation
[2026-06-17T10:03:13.690+0800][1.783s][info][gc,phases   ] GC(49) O: Concurrent Remap Roots 12.921ms
[2026-06-17T10:03:13.690+0800][1.783s][info][gc,phases   ] GC(49) O: Pause Relocate Start 0.011ms
[2026-06-17T10:03:13.690+0800][1.783s][info][gc          ] GC(50) Minor Collection (Allocation Stall)
[2026-06-17T10:03:13.690+0800][1.783s][info][gc,task     ] GC(50) Using 1 Workers for Young Generation
[2026-06-17T10:03:13.690+0800][1.784s][info][gc,phases   ] GC(50) y: Young Generation
[2026-06-17T10:03:13.690+0800][1.784s][info][gc          ] Allocation Stall (main) 13.675ms
[2026-06-17T10:03:13.691+0800][1.784s][info][gc,phases   ] GC(50) y: Pause Mark Start 0.009ms
[2026-06-17T10:03:13.691+0800][1.784s][info][gc,phases   ] GC(49) O: Concurrent Relocate 0.769ms
[2026-06-17T10:03:13.691+0800][1.785s][info][gc,phases   ] GC(50) y: Concurrent Mark 0.574ms
[2026-06-17T10:03:13.691+0800][1.785s][info][gc,phases   ] GC(50) y: Pause Mark End 0.005ms
[2026-06-17T10:03:13.692+0800][1.785s][info][gc,phases   ] GC(50) y: Concurrent Mark Free 0.000ms
[2026-06-17T10:03:13.692+0800][1.785s][info][gc,phases   ] GC(50) y: Concurrent Reset Relocation Set 0.000ms
[2026-06-17T10:03:13.692+0800][1.786s][info][gc,reloc    ] GC(50) y: Using tenuring threshold: 1 (Computed)
[2026-06-17T10:03:13.692+0800][1.786s][info][gc,phases   ] GC(50) y: Concurrent Select Relocation Set 0.745ms
[2026-06-17T10:03:13.693+0800][1.786s][info][gc,phases   ] GC(50) y: Pause Relocate Start 0.005ms
[2026-06-17T10:03:13.693+0800][1.786s][info][gc,phases   ] GC(50) y: Concurrent Relocate 0.086ms
[2026-06-17T10:03:13.693+0800][1.786s][info][gc,alloc    ] GC(50) y:                         Mark Start        Mark End      Relocate Start    Relocate End   
[2026-06-17T10:03:13.693+0800][1.786s][info][gc,alloc    ] GC(50) y: Allocation Stalls:          0                1                1                1         
[2026-06-17T10:03:13.693+0800][1.786s][info][gc,load     ] GC(50) y: Load: 0.38 (2%) / 0.43 (2%) / 0.50 (2%)
[2026-06-17T10:03:13.693+0800][1.786s][info][gc,mmu      ] GC(50) y: MMU: 2ms/96.6%, 5ms/98.5%, 10ms/98.9%, 20ms/99.4%, 50ms/99.6%, 100ms/99.7%
[2026-06-17T10:03:13.693+0800][1.786s][info][gc,marking  ] GC(50) y: Mark: 1 stripe(s), 2 proactive flush(es), 1 terminate flush(es), 0 completion(s), 0 continuation(s) 
[2026-06-17T10:03:13.693+0800][1.786s][info][gc,marking  ] GC(50) y: Mark Stack Usage: 32M
[2026-06-17T10:03:13.693+0800][1.787s][info][gc,nmethod  ] GC(50) y: NMethods: 69 registered, 3 unregistered
[2026-06-17T10:03:13.693+0800][1.787s][info][gc,metaspace] GC(50) y: Metaspace: 0M used, 0M committed, 1088M reserved
[2026-06-17T10:03:13.693+0800][1.787s][info][gc,reloc    ] GC(50) y:                        Candidates     Selected     In-Place         Size        Empty    Relocated 
[2026-06-17T10:03:13.693+0800][1.787s][info][gc,reloc    ] GC(50) y: Small Pages:                    2            0            0           4M           0M           0M 
[2026-06-17T10:03:13.693+0800][1.787s][info][gc,reloc    ] GC(50) y: Large Pages:                    0            0            0           0M           0M           0M 
[2026-06-17T10:03:13.694+0800][1.787s][info][gc,reloc    ] GC(50) y: Forwarding Usage: 0M
[2026-06-17T10:03:13.694+0800][1.787s][info][gc,reloc    ] GC(50) y: Age Table:
[2026-06-17T10:03:13.694+0800][1.787s][info][gc,reloc    ] GC(50) y:                    Live             Garbage             Small              Medium             Large        
[2026-06-17T10:03:13.694+0800][1.787s][info][gc,reloc    ] GC(50) y: Eden               1M (3%)            2M (3%)           2 / 0              0 / 0              0 / 0        
[2026-06-17T10:03:13.694+0800][1.787s][info][gc,heap     ] GC(50) y: Min Capacity: 64M(100%)
[2026-06-17T10:03:13.694+0800][1.787s][info][gc,heap     ] GC(50) y: Max Capacity: 64M(100%)
[2026-06-17T10:03:13.694+0800][1.787s][info][gc,heap     ] GC(50) y: Soft Max Capacity: 64M(100%)
[2026-06-17T10:03:13.694+0800][1.787s][info][gc,heap     ] GC(50) y: Heap Statistics:
[2026-06-17T10:03:13.694+0800][1.787s][info][gc,heap     ] GC(50) y:                Mark Start          Mark End        Relocate Start      Relocate End           High               Low         
[2026-06-17T10:03:13.694+0800][1.788s][info][gc,heap     ] GC(50) y:  Capacity:       64M (100%)         64M (100%)         64M (100%)         64M (100%)         64M (100%)         64M (100%)   
[2026-06-17T10:03:13.695+0800][1.788s][info][gc,heap     ] GC(50) y:      Free:        0M (0%)            0M (0%)            0M (0%)            0M (0%)            0M (0%)            0M (0%)     
[2026-06-17T10:03:13.695+0800][1.788s][info][gc,heap     ] GC(50) y:      Used:       64M (100%)         64M (100%)         64M (100%)         64M (100%)         64M (100%)         64M (100%)   
[2026-06-17T10:03:13.695+0800][1.788s][info][gc,heap     ] GC(50) y: Young Generation Statistics:
[2026-06-17T10:03:13.695+0800][1.788s][info][gc,heap     ] GC(50) y:                Mark Start          Mark End        Relocate Start      Relocate End    
[2026-06-17T10:03:13.695+0800][1.788s][info][gc,heap     ] GC(50) y:      Used:        4M (6%)            4M (6%)            4M (6%)            4M (6%)     
[2026-06-17T10:03:13.695+0800][1.788s][info][gc,heap     ] GC(50) y:      Live:         -                 1M (3%)            1M (3%)            1M (3%)     
[2026-06-17T10:03:13.695+0800][1.788s][info][gc,heap     ] GC(50) y:   Garbage:         -                 2M (3%)            2M (3%)            2M (3%)     
[2026-06-17T10:03:13.695+0800][1.789s][info][gc,heap     ] GC(50) y: Allocated:         -                 0M (0%)            0M (0%)            0M (0%)     
[2026-06-17T10:03:13.695+0800][1.789s][info][gc,heap     ] GC(50) y: Reclaimed:         -                  -                 0M (0%)            0M (0%)     
[2026-06-17T10:03:13.695+0800][1.789s][info][gc,heap     ] GC(50) y:  Promoted:         -                  -                 0M (0%)            0M (0%)     
[2026-06-17T10:03:13.695+0800][1.789s][info][gc,heap     ] GC(50) y: Compacted:         -                  -                  -                 0M (0%)     
[2026-06-17T10:03:13.696+0800][1.789s][info][gc,phases   ] GC(50) y: Young Generation 64M(100%)->64M(100%) 0.003s
[2026-06-17T10:03:13.696+0800][1.789s][info][gc          ] GC(50) Minor Collection (Allocation Stall) 64M(100%)->64M(100%) 0.006s
[2026-06-17T10:03:13.696+0800][1.789s][info][gc          ] GC(51) Minor Collection (Allocation Stall)
[2026-06-17T10:03:13.696+0800][1.789s][info][gc,task     ] GC(51) Using 1 Workers for Young Generation
[2026-06-17T10:03:13.696+0800][1.789s][info][gc,phases   ] GC(51) y: Young Generation
[2026-06-17T10:03:13.696+0800][1.789s][info][gc,phases   ] GC(51) y: Pause Mark Start 0.007ms
[2026-06-17T10:03:13.697+0800][1.790s][info][gc,phases   ] GC(51) y: Concurrent Mark 0.459ms
[2026-06-17T10:03:13.697+0800][1.790s][info][gc,phases   ] GC(51) y: Pause Mark End 0.005ms
[2026-06-17T10:03:13.697+0800][1.790s][info][gc,phases   ] GC(51) y: Concurrent Mark Free 0.001ms
[2026-06-17T10:03:13.697+0800][1.791s][info][gc,phases   ] GC(51) y: Concurrent Reset Relocation Set 0.000ms
[2026-06-17T10:03:13.698+0800][1.791s][info][gc,reloc    ] GC(51) y: Using tenuring threshold: 2 (Computed)
[2026-06-17T10:03:13.698+0800][1.791s][info][gc,phases   ] GC(51) y: Concurrent Select Relocation Set 0.750ms
[2026-06-17T10:03:13.698+0800][1.791s][info][gc,phases   ] GC(51) y: Pause Relocate Start 0.004ms
[2026-06-17T10:03:13.698+0800][1.792s][info][gc,phases   ] GC(51) y: Concurrent Relocate 0.085ms
[2026-06-17T10:03:13.698+0800][1.792s][info][gc,alloc    ] GC(51) y:                         Mark Start        Mark End      Relocate Start    Relocate End   
[2026-06-17T10:03:13.699+0800][1.792s][info][gc,alloc    ] GC(51) y: Allocation Stalls:          1                1                1                1         
[2026-06-17T10:03:13.699+0800][1.792s][info][gc,load     ] GC(51) y: Load: 0.38 (2%) / 0.43 (2%) / 0.50 (2%)
[2026-06-17T10:03:13.699+0800][1.792s][info][gc,mmu      ] GC(51) y: MMU: 2ms/96.6%, 5ms/98.5%, 10ms/98.9%, 20ms/99.4%, 50ms/99.6%, 100ms/99.7%
[2026-06-17T10:03:13.699+0800][1.792s][info][gc,marking  ] GC(51) y: Mark: 1 stripe(s), 1 proactive flush(es), 1 terminate flush(es), 0 completion(s), 0 continuation(s) 
[2026-06-17T10:03:13.699+0800][1.792s][info][gc,marking  ] GC(51) y: Mark Stack Usage: 32M
[2026-06-17T10:03:13.699+0800][1.792s][info][gc,nmethod  ] GC(51) y: NMethods: 69 registered, 3 unregistered
[2026-06-17T10:03:13.699+0800][1.792s][info][gc,metaspace] GC(51) y: Metaspace: 0M used, 0M committed, 1088M reserved
[2026-06-17T10:03:13.699+0800][1.792s][info][gc,reloc    ] GC(51) y:                        Candidates     Selected     In-Place         Size        Empty    Relocated 
[2026-06-17T10:03:13.699+0800][1.793s][info][gc,reloc    ] GC(51) y: Small Pages:                    2            0            0           4M           0M           0M 
[2026-06-17T10:03:13.699+0800][1.793s][info][gc,reloc    ] GC(51) y: Large Pages:                    0            0            0           0M           0M           0M 
[2026-06-17T10:03:13.699+0800][1.793s][info][gc,reloc    ] GC(51) y: Forwarding Usage: 0M
[2026-06-17T10:03:13.699+0800][1.793s][info][gc,reloc    ] GC(51) y: Age Table:
[2026-06-17T10:03:13.700+0800][1.793s][info][gc,reloc    ] GC(51) y:                    Live             Garbage             Small              Medium             Large        
[2026-06-17T10:03:13.700+0800][1.793s][info][gc,reloc    ] GC(51) y: Eden                -                 0M (0%)           0 / 0              0 / 0              0 / 0        
[2026-06-17T10:03:13.700+0800][1.793s][info][gc,reloc    ] GC(51) y: Survivor 1         1M (3%)            2M (3%)           2 / 0              0 / 0              0 / 0        
[2026-06-17T10:03:13.700+0800][1.793s][info][gc,heap     ] GC(51) y: Min Capacity: 64M(100%)
[2026-06-17T10:03:13.700+0800][1.793s][info][gc,heap     ] GC(51) y: Max Capacity: 64M(100%)
[2026-06-17T10:03:13.700+0800][1.793s][info][gc,heap     ] GC(51) y: Soft Max Capacity: 64M(100%)
[2026-06-17T10:03:13.700+0800][1.793s][info][gc,heap     ] GC(51) y: Heap Statistics:
[2026-06-17T10:03:13.700+0800][1.793s][info][gc,heap     ] GC(51) y:                Mark Start          Mark End        Relocate Start      Relocate End           High               Low         
[2026-06-17T10:03:13.700+0800][1.793s][info][gc,heap     ] GC(51) y:  Capacity:       64M (100%)         64M (100%)         64M (100%)         64M (100%)         64M (100%)         64M (100%)   
[2026-06-17T10:03:13.700+0800][1.793s][info][gc,heap     ] GC(51) y:      Free:        0M (0%)            0M (0%)            0M (0%)            0M (0%)            0M (0%)            0M (0%)     
[2026-06-17T10:03:13.700+0800][1.794s][info][gc,heap     ] GC(51) y:      Used:       64M (100%)         64M (100%)         64M (100%)         64M (100%)         64M (100%)         64M (100%)   
[2026-06-17T10:03:13.700+0800][1.794s][info][gc,heap     ] GC(51) y: Young Generation Statistics:
[2026-06-17T10:03:13.700+0800][1.794s][info][gc,heap     ] GC(51) y:                Mark Start          Mark End        Relocate Start      Relocate End    
[2026-06-17T10:03:13.701+0800][1.794s][info][gc,heap     ] GC(51) y:      Used:        4M (6%)            4M (6%)            4M (6%)            4M (6%)     
[2026-06-17T10:03:13.701+0800][1.794s][info][gc,heap     ] GC(51) y:      Live:         -                 1M (3%)            1M (3%)            1M (3%)     
[2026-06-17T10:03:13.701+0800][1.794s][info][gc,heap     ] GC(51) y:   Garbage:         -                 2M (3%)            2M (3%)            2M (3%)     
[2026-06-17T10:03:13.701+0800][1.794s][info][gc,heap     ] GC(51) y: Allocated:         -                 0M (0%)            0M (0%)            0M (0%)     
[2026-06-17T10:03:13.701+0800][1.794s][info][gc,heap     ] GC(51) y: Reclaimed:         -                  -                 0M (0%)            0M (0%)     
[2026-06-17T10:03:13.701+0800][1.794s][info][gc,heap     ] GC(51) y:  Promoted:         -                  -                 0M (0%)            0M (0%)     
[2026-06-17T10:03:13.701+0800][1.795s][info][gc,heap     ] GC(51) y: Compacted:         -                  -                  -                 0M (0%)     
[2026-06-17T10:03:13.701+0800][1.795s][info][gc,phases   ] GC(51) y: Young Generation 64M(100%)->64M(100%) 0.002s
[2026-06-17T10:03:13.701+0800][1.795s][info][gc          ] GC(51) Minor Collection (Allocation Stall) 64M(100%)->64M(100%) 0.006s
[2026-06-17T10:03:13.702+0800][1.795s][info][gc,alloc    ] GC(49) O:                         Mark Start        Mark End      Relocate Start    Relocate End   
[2026-06-17T10:03:13.702+0800][1.795s][info][gc,alloc    ] GC(49) O: Allocation Stalls:          1                1                1                0         
[2026-06-17T10:03:13.702+0800][1.795s][info][gc,load     ] GC(49) O: Load: 0.38 (2%) / 0.43 (2%) / 0.50 (2%)
[2026-06-17T10:03:13.702+0800][1.795s][info][gc,mmu      ] GC(49) O: MMU: 2ms/96.6%, 5ms/98.5%, 10ms/98.9%, 20ms/99.4%, 50ms/99.6%, 100ms/99.7%
[2026-06-17T10:03:13.702+0800][1.795s][info][gc,marking  ] GC(49) O: Mark: 1 stripe(s), 1 proactive flush(es), 1 terminate flush(es), 0 completion(s), 0 continuation(s) 
[2026-06-17T10:03:13.702+0800][1.795s][info][gc,marking  ] GC(49) O: Mark Stack Usage: 32M
[2026-06-17T10:03:13.702+0800][1.796s][info][gc,nmethod  ] GC(49) O: NMethods: 69 registered, 3 unregistered
[2026-06-17T10:03:13.702+0800][1.796s][info][gc,metaspace] GC(49) O: Metaspace: 0M used, 0M committed, 1088M reserved
[2026-06-17T10:03:13.702+0800][1.796s][info][gc,ref      ] GC(49) O:                       Encountered   Discovered     Enqueued 
[2026-06-17T10:03:13.702+0800][1.796s][info][gc,ref      ] GC(49) O: Soft References:                0            0            0 
[2026-06-17T10:03:13.703+0800][1.796s][info][gc,ref      ] GC(49) O: Weak References:                6            0            0 
[2026-06-17T10:03:13.703+0800][1.796s][info][gc,ref      ] GC(49) O: Final References:               0            0            0 
[2026-06-17T10:03:13.703+0800][1.796s][info][gc,ref      ] GC(49) O: Phantom References:             1            1            0 
[2026-06-17T10:03:13.703+0800][1.796s][info][gc,reloc    ] GC(49) O:                        Candidates     Selected     In-Place         Size        Empty    Relocated 
[2026-06-17T10:03:13.703+0800][1.796s][info][gc,reloc    ] GC(49) O: Small Pages:                    5            1            1          10M           2M           1M 
[2026-06-17T10:03:13.703+0800][1.796s][info][gc,reloc    ] GC(49) O: Large Pages:                   27            0            0          54M           0M           0M 
[2026-06-17T10:03:13.703+0800][1.796s][info][gc,reloc    ] GC(49) O: Forwarding Usage: 0M
[2026-06-17T10:03:13.703+0800][1.796s][info][gc,heap     ] GC(49) O: Min Capacity: 64M(100%)
[2026-06-17T10:03:13.703+0800][1.796s][info][gc,heap     ] GC(49) O: Max Capacity: 64M(100%)
[2026-06-17T10:03:13.703+0800][1.797s][info][gc,heap     ] GC(49) O: Soft Max Capacity: 64M(100%)
[2026-06-17T10:03:13.703+0800][1.797s][info][gc,heap     ] GC(49) O: Heap Statistics:
[2026-06-17T10:03:13.703+0800][1.797s][info][gc,heap     ] GC(49) O:                Mark Start          Mark End        Relocate Start      Relocate End           High               Low         
[2026-06-17T10:03:13.703+0800][1.797s][info][gc,heap     ] GC(49) O:  Capacity:       64M (100%)         64M (100%)         64M (100%)         64M (100%)         64M (100%)         64M (100%)   
[2026-06-17T10:03:13.704+0800][1.797s][info][gc,heap     ] GC(49) O:      Free:        0M (0%)            0M (0%)            0M (0%)            0M (0%)            2M (3%)            0M (0%)     
[2026-06-17T10:03:13.704+0800][1.797s][info][gc,heap     ] GC(49) O:      Used:       64M (100%)         64M (100%)         64M (100%)         64M (100%)         64M (100%)         62M (97%)    
[2026-06-17T10:03:13.704+0800][1.797s][info][gc,heap     ] GC(49) O: Old Generation Statistics:
[2026-06-17T10:03:13.704+0800][1.797s][info][gc,heap     ] GC(49) O:                Mark Start          Mark End        Relocate Start      Relocate End    
[2026-06-17T10:03:13.704+0800][1.797s][info][gc,heap     ] GC(49) O:      Used:       64M (100%)         64M (100%)         62M (97%)          60M (94%)    
[2026-06-17T10:03:13.704+0800][1.797s][info][gc,heap     ] GC(49) O:      Live:         -                59M (92%)          59M (92%)          59M (92%)    
[2026-06-17T10:03:13.704+0800][1.797s][info][gc,heap     ] GC(49) O:   Garbage:         -                 4M (8%)            2M (4%)            0M (1%)     
[2026-06-17T10:03:13.704+0800][1.797s][info][gc,heap     ] GC(49) O: Allocated:         -                 0M (0%)            0M (0%)            0M (0%)     
[2026-06-17T10:03:13.704+0800][1.797s][info][gc,heap     ] GC(49) O: Reclaimed:         -                  -                 2M (3%)            4M (7%)     
[2026-06-17T10:03:13.704+0800][1.798s][info][gc,heap     ] GC(49) O: Compacted:         -                  -                  -                 1M (3%)     
[2026-06-17T10:03:13.704+0800][1.798s][info][gc,phases   ] GC(49) O: Old Generation 64M(100%)->64M(100%) 0.028s
[2026-06-17T10:03:13.704+0800][1.798s][info][gc          ] GC(49) Major Collection (Allocation Stall) 64M(100%)->64M(100%) 0.041s
[2026-06-17T10:03:13.705+0800][1.798s][info][gc          ] GC(52) Major Collection (Allocation Stall)
[2026-06-17T10:03:13.705+0800][1.798s][info][gc,task     ] GC(52) Using 1 Workers for Young Generation
[2026-06-17T10:03:13.705+0800][1.798s][info][gc,task     ] GC(52) Using 1 Workers for Old Generation
[2026-06-17T10:03:13.705+0800][1.798s][info][gc,phases   ] GC(52) Y: Young Generation (Promote All)
[2026-06-17T10:03:13.705+0800][1.798s][info][gc,phases   ] GC(52) Y: Pause Mark Start 0.008ms
[2026-06-17T10:03:13.705+0800][1.799s][info][gc,phases   ] GC(52) Y: Concurrent Mark 0.433ms
[2026-06-17T10:03:13.706+0800][1.799s][info][gc,phases   ] GC(52) Y: Pause Mark End 0.005ms
[2026-06-17T10:03:13.706+0800][1.799s][info][gc,phases   ] GC(52) Y: Concurrent Mark Free 0.000ms
[2026-06-17T10:03:13.706+0800][1.799s][info][gc,phases   ] GC(52) Y: Concurrent Reset Relocation Set 0.000ms
[2026-06-17T10:03:13.706+0800][1.800s][info][gc,reloc    ] GC(52) Y: Using tenuring threshold: 0 (Promote All)
[2026-06-17T10:03:13.707+0800][1.800s][info][gc,phases   ] GC(52) Y: Concurrent Select Relocation Set 0.979ms
[2026-06-17T10:03:13.707+0800][1.800s][info][gc,phases   ] GC(52) Y: Pause Relocate Start 0.005ms
[2026-06-17T10:03:13.707+0800][1.801s][info][gc,phases   ] GC(52) Y: Concurrent Relocate 0.110ms
[2026-06-17T10:03:13.707+0800][1.801s][info][gc,alloc    ] GC(52) Y:                         Mark Start        Mark End      Relocate Start    Relocate End   
[2026-06-17T10:03:13.708+0800][1.801s][info][gc,alloc    ] GC(52) Y: Allocation Stalls:          1                1                1                1         
[2026-06-17T10:03:13.708+0800][1.801s][info][gc,load     ] GC(52) Y: Load: 0.38 (2%) / 0.43 (2%) / 0.50 (2%)
[2026-06-17T10:03:13.708+0800][1.801s][info][gc,mmu      ] GC(52) Y: MMU: 2ms/96.6%, 5ms/98.5%, 10ms/98.9%, 20ms/99.4%, 50ms/99.6%, 100ms/99.7%
[2026-06-17T10:03:13.708+0800][1.801s][info][gc,marking  ] GC(52) Y: Mark: 1 stripe(s), 1 proactive flush(es), 1 terminate flush(es), 0 completion(s), 0 continuation(s) 
[2026-06-17T10:03:13.708+0800][1.801s][info][gc,marking  ] GC(52) Y: Mark Stack Usage: 32M
[2026-06-17T10:03:13.708+0800][1.802s][info][gc,nmethod  ] GC(52) Y: NMethods: 69 registered, 3 unregistered
[2026-06-17T10:03:13.708+0800][1.802s][info][gc,metaspace] GC(52) Y: Metaspace: 0M used, 0M committed, 1088M reserved
[2026-06-17T10:03:13.708+0800][1.802s][info][gc,reloc    ] GC(52) Y:                        Candidates     Selected     In-Place         Size        Empty    Relocated 
[2026-06-17T10:03:13.708+0800][1.802s][info][gc,reloc    ] GC(52) Y: Small Pages:                    2            0            0           4M           0M           0M 
[2026-06-17T10:03:13.708+0800][1.802s][info][gc,reloc    ] GC(52) Y: Large Pages:                    0            0            0           0M           0M           0M 
[2026-06-17T10:03:13.709+0800][1.802s][info][gc,reloc    ] GC(52) Y: Forwarding Usage: 0M
[2026-06-17T10:03:13.709+0800][1.802s][info][gc,reloc    ] GC(52) Y: Age Table:
[2026-06-17T10:03:13.709+0800][1.802s][info][gc,reloc    ] GC(52) Y:                    Live             Garbage             Small              Medium             Large        
[2026-06-17T10:03:13.709+0800][1.802s][info][gc,reloc    ] GC(52) Y: Eden                -                 0M (0%)           0 / 0              0 / 0              0 / 0        
[2026-06-17T10:03:13.709+0800][1.802s][info][gc,reloc    ] GC(52) Y: Survivor 1          -                 0M (0%)           0 / 0              0 / 0              0 / 0        
[2026-06-17T10:03:13.709+0800][1.802s][info][gc,reloc    ] GC(52) Y: Survivor 2         1M (3%)            2M (3%)           2 / 0              0 / 0              0 / 0        
[2026-06-17T10:03:13.709+0800][1.802s][info][gc,heap     ] GC(52) Y: Min Capacity: 64M(100%)
[2026-06-17T10:03:13.709+0800][1.802s][info][gc,heap     ] GC(52) Y: Max Capacity: 64M(100%)
[2026-06-17T10:03:13.709+0800][1.802s][info][gc,heap     ] GC(52) Y: Soft Max Capacity: 64M(100%)
[2026-06-17T10:03:13.709+0800][1.802s][info][gc,heap     ] GC(52) Y: Heap Statistics:
[2026-06-17T10:03:13.709+0800][1.803s][info][gc,heap     ] GC(52) Y:                Mark Start          Mark End        Relocate Start      Relocate End           High               Low         
[2026-06-17T10:03:13.709+0800][1.803s][info][gc,heap     ] GC(52) Y:  Capacity:       64M (100%)         64M (100%)         64M (100%)         64M (100%)         64M (100%)         64M (100%)   
[2026-06-17T10:03:13.709+0800][1.803s][info][gc,heap     ] GC(52) Y:      Free:        0M (0%)            0M (0%)            0M (0%)            0M (0%)            0M (0%)            0M (0%)     
[2026-06-17T10:03:13.710+0800][1.803s][info][gc,heap     ] GC(52) Y:      Used:       64M (100%)         64M (100%)         64M (100%)         64M (100%)         64M (100%)         64M (100%)   
[2026-06-17T10:03:13.710+0800][1.803s][info][gc,heap     ] GC(52) Y: Young Generation Statistics:
[2026-06-17T10:03:13.710+0800][1.803s][info][gc,heap     ] GC(52) Y:                Mark Start          Mark End        Relocate Start      Relocate End    
[2026-06-17T10:03:13.710+0800][1.803s][info][gc,heap     ] GC(52) Y:      Used:        4M (6%)            4M (6%)            0M (0%)            0M (0%)     
[2026-06-17T10:03:13.710+0800][1.803s][info][gc,heap     ] GC(52) Y:      Live:         -                 1M (3%)            0M (0%)            0M (0%)     
[2026-06-17T10:03:13.710+0800][1.803s][info][gc,heap     ] GC(52) Y:   Garbage:         -                 2M (3%)            0M (0%)            0M (0%)     
[2026-06-17T10:03:13.710+0800][1.803s][info][gc,heap     ] GC(52) Y: Allocated:         -                 0M (0%)            0M (0%)            0M (0%)     
[2026-06-17T10:03:13.710+0800][1.803s][info][gc,heap     ] GC(52) Y: Reclaimed:         -                  -                 2M (3%)            2M (3%)     
[2026-06-17T10:03:13.710+0800][1.803s][info][gc,heap     ] GC(52) Y:  Promoted:         -                  -                 1M (3%)            1M (3%)     
[2026-06-17T10:03:13.710+0800][1.803s][info][gc,heap     ] GC(52) Y: Compacted:         -                  -                  -                 0M (0%)     
[2026-06-17T10:03:13.710+0800][1.804s][info][gc,phases   ] GC(52) Y: Young Generation (Promote All) 64M(100%)->64M(100%) 0.003s
[2026-06-17T10:03:13.710+0800][1.804s][info][gc,phases   ] GC(52) Y: Young Generation (Collect Roots)
[2026-06-17T10:03:13.710+0800][1.804s][info][gc,phases   ] GC(52) Y: Pause Mark Start (Major) 0.009ms
[2026-06-17T10:03:13.711+0800][1.804s][info][gc,phases   ] GC(52) Y: Concurrent Mark 0.405ms
[2026-06-17T10:03:13.711+0800][1.804s][info][gc,phases   ] GC(52) Y: Pause Mark End 0.005ms
[2026-06-17T10:03:13.711+0800][1.805s][info][gc,phases   ] GC(52) Y: Concurrent Mark Free 0.030ms
[2026-06-17T10:03:13.712+0800][1.805s][info][gc,phases   ] GC(52) Y: Concurrent Reset Relocation Set 0.003ms
[2026-06-17T10:03:13.712+0800][1.805s][info][gc,reloc    ] GC(52) Y: Using tenuring threshold: 0 (Computed)
[2026-06-17T10:03:13.712+0800][1.806s][info][gc,phases   ] GC(52) Y: Concurrent Select Relocation Set 0.820ms
[2026-06-17T10:03:13.713+0800][1.806s][info][gc,phases   ] GC(52) Y: Pause Relocate Start 0.004ms
[2026-06-17T10:03:13.713+0800][1.806s][info][gc,phases   ] GC(52) Y: Concurrent Relocate 0.096ms
[2026-06-17T10:03:13.713+0800][1.806s][info][gc,alloc    ] GC(52) Y:                         Mark Start        Mark End      Relocate Start    Relocate End   
[2026-06-17T10:03:13.713+0800][1.806s][info][gc,alloc    ] GC(52) Y: Allocation Stalls:          1                1                1                1         
[2026-06-17T10:03:13.713+0800][1.807s][info][gc,load     ] GC(52) Y: Load: 0.38 (2%) / 0.43 (2%) / 0.50 (2%)
[2026-06-17T10:03:13.713+0800][1.807s][info][gc,mmu      ] GC(52) Y: MMU: 2ms/96.6%, 5ms/98.5%, 10ms/98.9%, 20ms/99.4%, 50ms/99.6%, 100ms/99.7%
[2026-06-17T10:03:13.714+0800][1.807s][info][gc,marking  ] GC(52) Y: Mark: 1 stripe(s), 1 proactive flush(es), 1 terminate flush(es), 0 completion(s), 0 continuation(s) 
[2026-06-17T10:03:13.714+0800][1.807s][info][gc,marking  ] GC(52) Y: Mark Stack Usage: 0M
[2026-06-17T10:03:13.714+0800][1.807s][info][gc,nmethod  ] GC(52) Y: NMethods: 69 registered, 3 unregistered
[2026-06-17T10:03:13.714+0800][1.807s][info][gc,metaspace] GC(52) Y: Metaspace: 0M used, 0M committed, 1088M reserved
[2026-06-17T10:03:13.714+0800][1.807s][info][gc,heap     ] GC(52) Y: Min Capacity: 64M(100%)
[2026-06-17T10:03:13.714+0800][1.807s][info][gc,heap     ] GC(52) Y: Max Capacity: 64M(100%)
[2026-06-17T10:03:13.714+0800][1.808s][info][gc,heap     ] GC(52) Y: Soft Max Capacity: 64M(100%)
[2026-06-17T10:03:13.714+0800][1.808s][info][gc,heap     ] GC(52) Y: Heap Statistics:
[2026-06-17T10:03:13.714+0800][1.808s][info][gc,heap     ] GC(52) Y:                Mark Start          Mark End        Relocate Start      Relocate End           High               Low         
[2026-06-17T10:03:13.715+0800][1.808s][info][gc,heap     ] GC(52) Y:  Capacity:       64M (100%)         64M (100%)         64M (100%)         64M (100%)         64M (100%)         64M (100%)   
[2026-06-17T10:03:13.715+0800][1.808s][info][gc,heap     ] GC(52) Y:      Free:        0M (0%)            0M (0%)            0M (0%)            0M (0%)            0M (0%)            0M (0%)     
[2026-06-17T10:03:13.715+0800][1.808s][info][gc,heap     ] GC(52) Y:      Used:       64M (100%)         64M (100%)         64M (100%)         64M (100%)         64M (100%)         64M (100%)   
[2026-06-17T10:03:13.715+0800][1.808s][info][gc,heap     ] GC(52) Y: Young Generation Statistics:
[2026-06-17T10:03:13.715+0800][1.808s][info][gc,heap     ] GC(52) Y:                Mark Start          Mark End        Relocate Start      Relocate End    
[2026-06-17T10:03:13.715+0800][1.808s][info][gc,heap     ] GC(52) Y:      Used:        0M (0%)            0M (0%)            0M (0%)            0M (0%)     
[2026-06-17T10:03:13.715+0800][1.808s][info][gc,heap     ] GC(52) Y:      Live:         -                 0M (0%)            0M (0%)            0M (0%)     
[2026-06-17T10:03:13.715+0800][1.808s][info][gc,heap     ] GC(52) Y:   Garbage:         -                 0M (0%)            0M (0%)            0M (0%)     
[2026-06-17T10:03:13.715+0800][1.808s][info][gc,heap     ] GC(52) Y: Allocated:         -                 0M (0%)            0M (0%)            0M (0%)     
[2026-06-17T10:03:13.715+0800][1.808s][info][gc,heap     ] GC(52) Y: Reclaimed:         -                  -                 0M (0%)            0M (0%)     
[2026-06-17T10:03:13.715+0800][1.808s][info][gc,heap     ] GC(52) Y:  Promoted:         -                  -                 0M (0%)            0M (0%)     
[2026-06-17T10:03:13.715+0800][1.809s][info][gc,heap     ] GC(52) Y: Compacted:         -                  -                  -                 0M (0%)     
[2026-06-17T10:03:13.715+0800][1.809s][info][gc,phases   ] GC(52) Y: Young Generation (Collect Roots) 64M(100%)->64M(100%) 0.003s
[2026-06-17T10:03:13.715+0800][1.809s][info][gc,phases   ] GC(52) O: Old Generation
[2026-06-17T10:03:13.716+0800][1.810s][info][gc,phases   ] GC(52) O: Concurrent Mark 0.930ms
[2026-06-17T10:03:13.717+0800][1.810s][info][gc,phases   ] GC(52) O: Pause Mark End 0.007ms
[2026-06-17T10:03:13.717+0800][1.810s][info][gc,phases   ] GC(52) O: Concurrent Mark Free 0.000ms
[2026-06-17T10:03:13.717+0800][1.810s][info][gc,ref      ] GC(52) O: Clearing All SoftReferences
[2026-06-17T10:03:13.717+0800][1.810s][info][gc,phases   ] GC(52) O: Concurrent Process Non-Strong 0.318ms
[2026-06-17T10:03:13.717+0800][1.811s][info][gc,phases   ] GC(52) O: Concurrent Reset Relocation Set 0.002ms
[2026-06-17T10:03:13.718+0800][1.811s][info][gc,phases   ] GC(52) O: Concurrent Select Relocation Set 0.539ms
[2026-06-17T10:03:13.718+0800][1.811s][info][gc,task     ] GC(52) O: Using 1 Workers for Old Generation
[2026-06-17T10:03:13.731+0800][1.824s][info][gc,task     ] GC(52) O: Using 1 Workers for Old Generation
[2026-06-17T10:03:13.731+0800][1.825s][info][gc,phases   ] GC(52) O: Concurrent Remap Roots 13.497ms
[2026-06-17T10:03:13.732+0800][1.825s][info][gc,phases   ] GC(52) O: Pause Relocate Start 0.014ms
[2026-06-17T10:03:13.732+0800][1.826s][info][gc,phases   ] GC(52) O: Concurrent Relocate 0.290ms
[2026-06-17T10:03:13.732+0800][1.826s][info][gc          ] Allocation Stall (main) 41.570ms
[2026-06-17T10:03:13.733+0800][1.826s][info][gc,alloc    ] GC(52) O:                         Mark Start        Mark End      Relocate Start    Relocate End   
[2026-06-17T10:03:13.733+0800][1.826s][info][gc,alloc    ] GC(52) O: Allocation Stalls:          1                1                1                0         
[2026-06-17T10:03:13.733+0800][1.827s][info][gc,load     ] GC(52) O: Load: 0.38 (2%) / 0.43 (2%) / 0.50 (2%)
[2026-06-17T10:03:13.733+0800][1.827s][info][gc,mmu      ] GC(52) O: MMU: 2ms/96.6%, 5ms/98.5%, 10ms/98.9%, 20ms/99.4%, 50ms/99.6%, 100ms/99.7%
[2026-06-17T10:03:13.734+0800][1.827s][info][gc,marking  ] GC(52) O: Mark: 1 stripe(s), 1 proactive flush(es), 1 terminate flush(es), 0 completion(s), 0 continuation(s) 
[2026-06-17T10:03:13.734+0800][1.827s][info][gc,marking  ] GC(52) O: Mark Stack Usage: 32M
[2026-06-17T10:03:13.734+0800][1.827s][info][gc,nmethod  ] GC(52) O: NMethods: 69 registered, 3 unregistered
[2026-06-17T10:03:13.734+0800][1.828s][info][gc,metaspace] GC(52) O: Metaspace: 0M used, 0M committed, 1088M reserved
[2026-06-17T10:03:13.734+0800][1.828s][info][gc,ref      ] GC(52) O:                       Encountered   Discovered     Enqueued 
[2026-06-17T10:03:13.735+0800][1.828s][info][gc,ref      ] GC(52) O: Soft References:                0            0            0 
[2026-06-17T10:03:13.735+0800][1.828s][info][gc,ref      ] GC(52) O: Weak References:                6            0            0 
[2026-06-17T10:03:13.735+0800][1.828s][info][gc,ref      ] GC(52) O: Final References:               0            0            0 
[2026-06-17T10:03:13.735+0800][1.829s][info][gc,ref      ] GC(52) O: Phantom References:             1            1            0 
[2026-06-17T10:03:13.736+0800][1.829s][info][gc,reloc    ] GC(52) O:                        Candidates     Selected     In-Place         Size        Empty    Relocated 
[2026-06-17T10:03:13.736+0800][1.829s][info][gc,reloc    ] GC(52) O: Small Pages:                    5            1            1          10M           0M           1M 
[2026-06-17T10:03:13.736+0800][1.829s][info][gc,reloc    ] GC(52) O: Large Pages:                   27            0            0          54M           0M           0M 
[2026-06-17T10:03:13.736+0800][1.830s][info][gc,reloc    ] GC(52) O: Forwarding Usage: 0M
[2026-06-17T10:03:13.736+0800][1.830s][info][gc,heap     ] GC(52) O: Min Capacity: 64M(100%)
[2026-06-17T10:03:13.737+0800][1.830s][info][gc,heap     ] GC(52) O: Max Capacity: 64M(100%)
[2026-06-17T10:03:13.737+0800][1.830s][info][gc,heap     ] GC(52) O: Soft Max Capacity: 64M(100%)
[2026-06-17T10:03:13.737+0800][1.830s][info][gc,heap     ] GC(52) O: Heap Statistics:
[2026-06-17T10:03:13.737+0800][1.831s][info][gc,heap     ] GC(52) O:                Mark Start          Mark End        Relocate Start      Relocate End           High               Low         
[2026-06-17T10:03:13.738+0800][1.831s][info][gc,heap     ] GC(52) O:  Capacity:       64M (100%)         64M (100%)         64M (100%)         64M (100%)         64M (100%)         64M (100%)   
[2026-06-17T10:03:13.738+0800][1.831s][info][gc,heap     ] GC(52) O:      Free:        0M (0%)            0M (0%)            0M (0%)            0M (0%)            2M (3%)            0M (0%)     
[2026-06-17T10:03:13.738+0800][1.831s][info][gc,heap     ] GC(52) O:      Used:       64M (100%)         64M (100%)         64M (100%)         64M (100%)         64M (100%)         62M (97%)    
[2026-06-17T10:03:13.738+0800][1.831s][info][gc,heap     ] GC(52) O: Old Generation Statistics:
[2026-06-17T10:03:13.738+0800][1.832s][info][gc,heap     ] GC(52) O:                Mark Start          Mark End        Relocate Start      Relocate End    
[2026-06-17T10:03:13.738+0800][1.832s][info][gc,heap     ] GC(52) O:      Used:       64M (100%)         64M (100%)         64M (100%)         62M (97%)    
[2026-06-17T10:03:13.739+0800][1.832s][info][gc,heap     ] GC(52) O:      Live:         -                61M (96%)          61M (96%)          61M (96%)    
[2026-06-17T10:03:13.739+0800][1.832s][info][gc,heap     ] GC(52) O:   Garbage:         -                 2M (4%)            2M (4%)            0M (1%)     
[2026-06-17T10:03:13.739+0800][1.832s][info][gc,heap     ] GC(52) O: Allocated:         -                 0M (0%)            0M (0%)            0M (1%)     
[2026-06-17T10:03:13.739+0800][1.833s][info][gc,heap     ] GC(52) O: Reclaimed:         -                  -                 0M (0%)            2M (4%)     
[2026-06-17T10:03:13.739+0800][1.833s][info][gc,heap     ] GC(52) O: Compacted:         -                  -                  -                 1M (2%)     
[2026-06-17T10:03:13.740+0800][1.833s][info][gc,phases   ] GC(52) O: Old Generation 64M(100%)->64M(100%) 0.017s
[2026-06-17T10:03:13.740+0800][1.833s][info][gc          ] GC(52) Major Collection (Allocation Stall) 64M(100%)->64M(100%) 0.035s
[2026-06-17T10:03:13.740+0800][1.833s][info][gc          ] GC(53) Minor Collection (Allocation Stall)
[2026-06-17T10:03:13.740+0800][1.833s][info][gc,task     ] GC(53) Using 1 Workers for Young Generation
[2026-06-17T10:03:13.740+0800][1.834s][info][gc,phases   ] GC(53) y: Young Generation
[2026-06-17T10:03:13.741+0800][1.834s][info][gc,phases   ] GC(53) y: Pause Mark Start 0.013ms
[2026-06-17T10:03:13.742+0800][1.835s][info][gc,phases   ] GC(53) y: Concurrent Mark 0.802ms
[2026-06-17T10:03:13.742+0800][1.835s][info][gc,phases   ] GC(53) y: Pause Mark End 0.009ms
[2026-06-17T10:03:13.742+0800][1.835s][info][gc,phases   ] GC(53) y: Concurrent Mark Free 0.001ms
[2026-06-17T10:03:13.742+0800][1.835s][info][gc,phases   ] GC(53) y: Concurrent Reset Relocation Set 0.001ms
[2026-06-17T10:03:13.743+0800][1.836s][info][gc,reloc    ] GC(53) y: Using tenuring threshold: 1 (Computed)
[2026-06-17T10:03:13.743+0800][1.837s][info][gc,phases   ] GC(53) y: Concurrent Select Relocation Set 0.971ms
[2026-06-17T10:03:13.744+0800][1.837s][info][gc,phases   ] GC(53) y: Pause Relocate Start 0.011ms
[2026-06-17T10:03:13.744+0800][1.837s][info][gc,phases   ] GC(53) y: Concurrent Relocate 0.135ms
[2026-06-17T10:03:13.744+0800][1.837s][info][gc,alloc    ] GC(53) y:                         Mark Start        Mark End      Relocate Start    Relocate End   
[2026-06-17T10:03:13.744+0800][1.838s][info][gc,alloc    ] GC(53) y: Allocation Stalls:          1                1                1                1         
[2026-06-17T10:03:13.744+0800][1.838s][info][gc,load     ] GC(53) y: Load: 0.38 (2%) / 0.43 (2%) / 0.50 (2%)
[2026-06-17T10:03:13.745+0800][1.838s][info][gc,mmu      ] GC(53) y: MMU: 2ms/96.6%, 5ms/98.5%, 10ms/98.9%, 20ms/99.4%, 50ms/99.6%, 100ms/99.7%
[2026-06-17T10:03:13.745+0800][1.838s][info][gc,marking  ] GC(53) y: Mark: 1 stripe(s), 1 proactive flush(es), 1 terminate flush(es), 0 completion(s), 0 continuation(s) 
[2026-06-17T10:03:13.745+0800][1.838s][info][gc,marking  ] GC(53) y: Mark Stack Usage: 32M
[2026-06-17T10:03:13.745+0800][1.838s][info][gc,nmethod  ] GC(53) y: NMethods: 69 registered, 3 unregistered
[2026-06-17T10:03:13.745+0800][1.839s][info][gc,metaspace] GC(53) y: Metaspace: 0M used, 0M committed, 1088M reserved
[2026-06-17T10:03:13.746+0800][1.839s][info][gc,reloc    ] GC(53) y:                        Candidates     Selected     In-Place         Size        Empty    Relocated 
[2026-06-17T10:03:13.746+0800][1.839s][info][gc,reloc    ] GC(53) y: Small Pages:                    1            0            0           2M           0M           0M 
[2026-06-17T10:03:13.746+0800][1.839s][info][gc,reloc    ] GC(53) y: Large Pages:                    0            0            0           0M           0M           0M 
[2026-06-17T10:03:13.746+0800][1.840s][info][gc,reloc    ] GC(53) y: Forwarding Usage: 0M
[2026-06-17T10:03:13.747+0800][1.840s][info][gc,reloc    ] GC(53) y: Age Table:
[2026-06-17T10:03:13.747+0800][1.840s][info][gc,reloc    ] GC(53) y:                    Live             Garbage             Small              Medium             Large        
[2026-06-17T10:03:13.747+0800][1.840s][info][gc,reloc    ] GC(53) y: Eden               0M (1%)            1M (2%)           1 / 0              0 / 0              0 / 0        
[2026-06-17T10:03:13.747+0800][1.841s][info][gc,heap     ] GC(53) y: Min Capacity: 64M(100%)
[2026-06-17T10:03:13.747+0800][1.841s][info][gc,heap     ] GC(53) y: Max Capacity: 64M(100%)
[2026-06-17T10:03:13.748+0800][1.841s][info][gc,heap     ] GC(53) y: Soft Max Capacity: 64M(100%)
[2026-06-17T10:03:13.748+0800][1.841s][info][gc,heap     ] GC(53) y: Heap Statistics:
[2026-06-17T10:03:13.748+0800][1.841s][info][gc,heap     ] GC(53) y:                Mark Start          Mark End        Relocate Start      Relocate End           High               Low         
[2026-06-17T10:03:13.748+0800][1.841s][info][gc,heap     ] GC(53) y:  Capacity:       64M (100%)         64M (100%)         64M (100%)         64M (100%)         64M (100%)         64M (100%)   
[2026-06-17T10:03:13.748+0800][1.841s][info][gc,heap     ] GC(53) y:      Free:        0M (0%)            0M (0%)            0M (0%)            0M (0%)            0M (0%)            0M (0%)     
[2026-06-17T10:03:13.748+0800][1.842s][info][gc,heap     ] GC(53) y:      Used:       64M (100%)         64M (100%)         64M (100%)         64M (100%)         64M (100%)         64M (100%)   
[2026-06-17T10:03:13.748+0800][1.842s][info][gc,heap     ] GC(53) y: Young Generation Statistics:
[2026-06-17T10:03:13.749+0800][1.842s][info][gc,heap     ] GC(53) y:                Mark Start          Mark End        Relocate Start      Relocate End    
[2026-06-17T10:03:13.749+0800][1.842s][info][gc,heap     ] GC(53) y:      Used:        2M (3%)            2M (3%)            2M (3%)            2M (3%)     
[2026-06-17T10:03:13.749+0800][1.842s][info][gc,heap     ] GC(53) y:      Live:         -                 0M (1%)            0M (1%)            0M (1%)     
[2026-06-17T10:03:13.749+0800][1.842s][info][gc,heap     ] GC(53) y:   Garbage:         -                 1M (2%)            1M (2%)            1M (2%)     
[2026-06-17T10:03:13.749+0800][1.843s][info][gc,heap     ] GC(53) y: Allocated:         -                 0M (0%)            0M (0%)            0M (0%)     
[2026-06-17T10:03:13.749+0800][1.843s][info][gc,heap     ] GC(53) y: Reclaimed:         -                  -                 0M (0%)            0M (0%)     
[2026-06-17T10:03:13.750+0800][1.843s][info][gc,heap     ] GC(53) y:  Promoted:         -                  -                 0M (0%)            0M (0%)     
[2026-06-17T10:03:13.750+0800][1.843s][info][gc,heap     ] GC(53) y: Compacted:         -                  -                  -                 0M (0%)     
[2026-06-17T10:03:13.750+0800][1.843s][info][gc,phases   ] GC(53) y: Young Generation 64M(100%)->64M(100%) 0.004s
[2026-06-17T10:03:13.750+0800][1.844s][info][gc          ] GC(53) Minor Collection (Allocation Stall) 64M(100%)->64M(100%) 0.010s
[2026-06-17T10:03:13.751+0800][1.844s][info][gc          ] GC(54) Major Collection (Allocation Stall)
[2026-06-17T10:03:13.751+0800][1.844s][info][gc,task     ] GC(54) Using 1 Workers for Young Generation
[2026-06-17T10:03:13.751+0800][1.844s][info][gc,task     ] GC(54) Using 1 Workers for Old Generation
[2026-06-17T10:03:13.751+0800][1.844s][info][gc,phases   ] GC(54) Y: Young Generation (Promote All)
[2026-06-17T10:03:13.751+0800][1.845s][info][gc,phases   ] GC(54) Y: Pause Mark Start 0.013ms
[2026-06-17T10:03:13.752+0800][1.845s][info][gc,phases   ] GC(54) Y: Concurrent Mark 0.525ms
[2026-06-17T10:03:13.752+0800][1.846s][info][gc,phases   ] GC(54) Y: Pause Mark End 0.007ms
[2026-06-17T10:03:13.753+0800][1.846s][info][gc,phases   ] GC(54) Y: Concurrent Mark Free 0.001ms
[2026-06-17T10:03:13.753+0800][1.846s][info][gc,phases   ] GC(54) Y: Concurrent Reset Relocation Set 0.001ms
[2026-06-17T10:03:13.754+0800][1.847s][info][gc,reloc    ] GC(54) Y: Using tenuring threshold: 0 (Promote All)
[2026-06-17T10:03:13.754+0800][1.847s][info][gc,phases   ] GC(54) Y: Concurrent Select Relocation Set 0.964ms
[2026-06-17T10:03:13.754+0800][1.848s][info][gc,phases   ] GC(54) Y: Pause Relocate Start 0.004ms
[2026-06-17T10:03:13.755+0800][1.848s][info][gc,phases   ] GC(54) Y: Concurrent Relocate 0.101ms
[2026-06-17T10:03:13.755+0800][1.848s][info][gc,alloc    ] GC(54) Y:                         Mark Start        Mark End      Relocate Start    Relocate End   
[2026-06-17T10:03:13.755+0800][1.848s][info][gc,alloc    ] GC(54) Y: Allocation Stalls:          1                1                1                1         
[2026-06-17T10:03:13.755+0800][1.849s][info][gc,load     ] GC(54) Y: Load: 0.38 (2%) / 0.43 (2%) / 0.50 (2%)
[2026-06-17T10:03:13.756+0800][1.849s][info][gc,mmu      ] GC(54) Y: MMU: 2ms/96.6%, 5ms/98.5%, 10ms/98.9%, 20ms/99.4%, 50ms/99.6%, 100ms/99.7%
[2026-06-17T10:03:13.756+0800][1.849s][info][gc,marking  ] GC(54) Y: Mark: 1 stripe(s), 1 proactive flush(es), 1 terminate flush(es), 0 completion(s), 0 continuation(s) 
[2026-06-17T10:03:13.756+0800][1.849s][info][gc,marking  ] GC(54) Y: Mark Stack Usage: 32M
[2026-06-17T10:03:13.756+0800][1.849s][info][gc,nmethod  ] GC(54) Y: NMethods: 69 registered, 3 unregistered
[2026-06-17T10:03:13.756+0800][1.849s][info][gc,metaspace] GC(54) Y: Metaspace: 0M used, 0M committed, 1088M reserved
[2026-06-17T10:03:13.756+0800][1.850s][info][gc,reloc    ] GC(54) Y:                        Candidates     Selected     In-Place         Size        Empty    Relocated 
[2026-06-17T10:03:13.756+0800][1.850s][info][gc,reloc    ] GC(54) Y: Small Pages:                    1            0            0           2M           0M           0M 
[2026-06-17T10:03:13.756+0800][1.850s][info][gc,reloc    ] GC(54) Y: Large Pages:                    0            0            0           0M           0M           0M 
[2026-06-17T10:03:13.757+0800][1.850s][info][gc,reloc    ] GC(54) Y: Forwarding Usage: 0M
[2026-06-17T10:03:13.757+0800][1.850s][info][gc,reloc    ] GC(54) Y: Age Table:
[2026-06-17T10:03:13.757+0800][1.850s][info][gc,reloc    ] GC(54) Y:                    Live             Garbage             Small              Medium             Large        
[2026-06-17T10:03:13.757+0800][1.850s][info][gc,reloc    ] GC(54) Y: Eden                -                 0M (0%)           0 / 0              0 / 0              0 / 0        
[2026-06-17T10:03:13.757+0800][1.850s][info][gc,reloc    ] GC(54) Y: Survivor 1         0M (1%)            1M (2%)           1 / 0              0 / 0              0 / 0        
[2026-06-17T10:03:13.757+0800][1.851s][info][gc,heap     ] GC(54) Y: Min Capacity: 64M(100%)
[2026-06-17T10:03:13.757+0800][1.851s][info][gc,heap     ] GC(54) Y: Max Capacity: 64M(100%)
[2026-06-17T10:03:13.757+0800][1.851s][info][gc,heap     ] GC(54) Y: Soft Max Capacity: 64M(100%)
[2026-06-17T10:03:13.758+0800][1.851s][info][gc,heap     ] GC(54) Y: Heap Statistics:
[2026-06-17T10:03:13.758+0800][1.851s][info][gc,heap     ] GC(54) Y:                Mark Start          Mark End        Relocate Start      Relocate End           High               Low         
[2026-06-17T10:03:13.758+0800][1.851s][info][gc,heap     ] GC(54) Y:  Capacity:       64M (100%)         64M (100%)         64M (100%)         64M (100%)         64M (100%)         64M (100%)   
[2026-06-17T10:03:13.758+0800][1.851s][info][gc,heap     ] GC(54) Y:      Free:        0M (0%)            0M (0%)            0M (0%)            0M (0%)            0M (0%)            0M (0%)     
[2026-06-17T10:03:13.758+0800][1.852s][info][gc,heap     ] GC(54) Y:      Used:       64M (100%)         64M (100%)         64M (100%)         64M (100%)         64M (100%)         64M (100%)   
[2026-06-17T10:03:13.758+0800][1.852s][info][gc,heap     ] GC(54) Y: Young Generation Statistics:
[2026-06-17T10:03:13.759+0800][1.852s][info][gc,heap     ] GC(54) Y:                Mark Start          Mark End        Relocate Start      Relocate End    
[2026-06-17T10:03:13.759+0800][1.852s][info][gc,heap     ] GC(54) Y:      Used:        2M (3%)            2M (3%)            0M (0%)            0M (0%)     
[2026-06-17T10:03:13.759+0800][1.852s][info][gc,heap     ] GC(54) Y:      Live:         -                 0M (1%)            0M (0%)            0M (0%)     
[2026-06-17T10:03:13.759+0800][1.853s][info][gc,heap     ] GC(54) Y:   Garbage:         -                 1M (2%)            0M (0%)            0M (0%)     
[2026-06-17T10:03:13.759+0800][1.853s][info][gc,heap     ] GC(54) Y: Allocated:         -                 0M (0%)            0M (0%)            0M (0%)     
[2026-06-17T10:03:13.760+0800][1.853s][info][gc,heap     ] GC(54) Y: Reclaimed:         -                  -                 1M (2%)            1M (2%)     
[2026-06-17T10:03:13.760+0800][1.853s][info][gc,heap     ] GC(54) Y:  Promoted:         -                  -                 0M (1%)            0M (1%)     
[2026-06-17T10:03:13.760+0800][1.853s][info][gc,heap     ] GC(54) Y: Compacted:         -                  -                  -                 0M (0%)     
[2026-06-17T10:03:13.760+0800][1.853s][info][gc,phases   ] GC(54) Y: Young Generation (Promote All) 64M(100%)->64M(100%) 0.004s
[2026-06-17T10:03:13.760+0800][1.854s][info][gc,phases   ] GC(54) Y: Young Generation (Collect Roots)
[2026-06-17T10:03:13.761+0800][1.854s][info][gc,phases   ] GC(54) Y: Pause Mark Start (Major) 0.015ms
[2026-06-17T10:03:13.761+0800][1.855s][info][gc,phases   ] GC(54) Y: Concurrent Mark 0.566ms
[2026-06-17T10:03:13.762+0800][1.855s][info][gc,phases   ] GC(54) Y: Pause Mark End 0.006ms
[2026-06-17T10:03:13.762+0800][1.855s][info][gc,phases   ] GC(54) Y: Concurrent Mark Free 0.031ms
[2026-06-17T10:03:13.762+0800][1.855s][info][gc,phases   ] GC(54) Y: Concurrent Reset Relocation Set 0.003ms
[2026-06-17T10:03:13.763+0800][1.856s][info][gc,reloc    ] GC(54) Y: Using tenuring threshold: 0 (Computed)
[2026-06-17T10:03:13.763+0800][1.856s][info][gc,phases   ] GC(54) Y: Concurrent Select Relocation Set 0.868ms
[2026-06-17T10:03:13.763+0800][1.856s][info][gc,phases   ] GC(54) Y: Pause Relocate Start 0.004ms
[2026-06-17T10:03:13.764+0800][1.857s][info][gc,phases   ] GC(54) Y: Concurrent Relocate 0.130ms
[2026-06-17T10:03:13.764+0800][1.857s][info][gc,alloc    ] GC(54) Y:                         Mark Start        Mark End      Relocate Start    Relocate End   
[2026-06-17T10:03:13.764+0800][1.857s][info][gc,alloc    ] GC(54) Y: Allocation Stalls:          1                1                1                1         
[2026-06-17T10:03:13.764+0800][1.857s][info][gc,load     ] GC(54) Y: Load: 0.38 (2%) / 0.43 (2%) / 0.50 (2%)
[2026-06-17T10:03:13.764+0800][1.857s][info][gc,mmu      ] GC(54) Y: MMU: 2ms/96.6%, 5ms/98.5%, 10ms/98.9%, 20ms/99.4%, 50ms/99.6%, 100ms/99.7%
[2026-06-17T10:03:13.764+0800][1.858s][info][gc,marking  ] GC(54) Y: Mark: 1 stripe(s), 1 proactive flush(es), 1 terminate flush(es), 0 completion(s), 0 continuation(s) 
[2026-06-17T10:03:13.764+0800][1.858s][info][gc,marking  ] GC(54) Y: Mark Stack Usage: 0M
[2026-06-17T10:03:13.764+0800][1.858s][info][gc,nmethod  ] GC(54) Y: NMethods: 69 registered, 3 unregistered
[2026-06-17T10:03:13.765+0800][1.858s][info][gc,metaspace] GC(54) Y: Metaspace: 0M used, 0M committed, 1088M reserved
[2026-06-17T10:03:13.765+0800][1.858s][info][gc,heap     ] GC(54) Y: Min Capacity: 64M(100%)
[2026-06-17T10:03:13.765+0800][1.858s][info][gc,heap     ] GC(54) Y: Max Capacity: 64M(100%)
[2026-06-17T10:03:13.765+0800][1.859s][info][gc,heap     ] GC(54) Y: Soft Max Capacity: 64M(100%)
[2026-06-17T10:03:13.765+0800][1.859s][info][gc,heap     ] GC(54) Y: Heap Statistics:
[2026-06-17T10:03:13.766+0800][1.859s][info][gc,heap     ] GC(54) Y:                Mark Start          Mark End        Relocate Start      Relocate End           High               Low         
[2026-06-17T10:03:13.766+0800][1.859s][info][gc,heap     ] GC(54) Y:  Capacity:       64M (100%)         64M (100%)         64M (100%)         64M (100%)         64M (100%)         64M (100%)   
[2026-06-17T10:03:13.766+0800][1.859s][info][gc,heap     ] GC(54) Y:      Free:        0M (0%)            0M (0%)            0M (0%)            0M (0%)            0M (0%)            0M (0%)     
[2026-06-17T10:03:13.766+0800][1.859s][info][gc,heap     ] GC(54) Y:      Used:       64M (100%)         64M (100%)         64M (100%)         64M (100%)         64M (100%)         64M (100%)   
[2026-06-17T10:03:13.766+0800][1.860s][info][gc,heap     ] GC(54) Y: Young Generation Statistics:
[2026-06-17T10:03:13.767+0800][1.860s][info][gc,heap     ] GC(54) Y:                Mark Start          Mark End        Relocate Start      Relocate End    
[2026-06-17T10:03:13.767+0800][1.860s][info][gc,heap     ] GC(54) Y:      Used:        0M (0%)            0M (0%)            0M (0%)            0M (0%)     
[2026-06-17T10:03:13.767+0800][1.860s][info][gc,heap     ] GC(54) Y:      Live:         -                 0M (0%)            0M (0%)            0M (0%)     
[2026-06-17T10:03:13.767+0800][1.860s][info][gc,heap     ] GC(54) Y:   Garbage:         -                 0M (0%)            0M (0%)            0M (0%)     
[2026-06-17T10:03:13.767+0800][1.861s][info][gc,heap     ] GC(54) Y: Allocated:         -                 0M (0%)            0M (0%)            0M (0%)     
[2026-06-17T10:03:13.767+0800][1.861s][info][gc,heap     ] GC(54) Y: Reclaimed:         -                  -                 0M (0%)            0M (0%)     
[2026-06-17T10:03:13.768+0800][1.861s][info][gc,heap     ] GC(54) Y:  Promoted:         -                  -                 0M (0%)            0M (0%)     
[2026-06-17T10:03:13.768+0800][1.861s][info][gc,heap     ] GC(54) Y: Compacted:         -                  -                  -                 0M (0%)     
[2026-06-17T10:03:13.768+0800][1.861s][info][gc,phases   ] GC(54) Y: Young Generation (Collect Roots) 64M(100%)->64M(100%) 0.003s
[2026-06-17T10:03:13.768+0800][1.861s][info][gc,phases   ] GC(54) O: Old Generation
[2026-06-17T10:03:13.769+0800][1.862s][info][gc,phases   ] GC(54) O: Concurrent Mark 0.940ms
[2026-06-17T10:03:13.769+0800][1.863s][info][gc,phases   ] GC(54) O: Pause Mark End 0.008ms
[2026-06-17T10:03:13.770+0800][1.863s][info][gc,phases   ] GC(54) O: Concurrent Mark Free 0.000ms
[2026-06-17T10:03:13.770+0800][1.863s][info][gc,ref      ] GC(54) O: Clearing All SoftReferences
[2026-06-17T10:03:13.770+0800][1.864s][info][gc,phases   ] GC(54) O: Concurrent Process Non-Strong 0.497ms
[2026-06-17T10:03:13.771+0800][1.864s][info][gc,phases   ] GC(54) O: Concurrent Reset Relocation Set 0.001ms
[2026-06-17T10:03:13.771+0800][1.865s][info][gc          ] Allocation Stall (main) 38.337ms
[2026-06-17T10:03:13.771+0800][1.865s][info][gc,phases   ] GC(54) O: Concurrent Select Relocation Set 0.573ms
[2026-06-17T10:03:13.772+0800][1.865s][info][gc          ] GC(55) Minor Collection (Allocation Stall)
[2026-06-17T10:03:13.772+0800][1.865s][info][gc,task     ] GC(55) Using 1 Workers for Young Generation
[2026-06-17T10:03:13.772+0800][1.865s][info][gc,phases   ] GC(55) y: Young Generation
[2026-06-17T10:03:13.772+0800][1.866s][info][gc,phases   ] GC(55) y: Pause Mark Start 0.008ms
[2026-06-17T10:03:13.773+0800][1.866s][info][gc,phases   ] GC(55) y: Concurrent Mark 0.451ms
[2026-06-17T10:03:13.773+0800][1.867s][info][gc,phases   ] GC(55) y: Pause Mark End 0.006ms
[2026-06-17T10:03:13.774+0800][1.867s][info][gc,phases   ] GC(55) y: Concurrent Mark Free 0.001ms
[2026-06-17T10:03:13.774+0800][1.867s][info][gc,phases   ] GC(55) y: Concurrent Reset Relocation Set 0.001ms
[2026-06-17T10:03:13.775+0800][1.868s][info][gc,reloc    ] GC(55) y: Using tenuring threshold: 1 (Computed)
[2026-06-17T10:03:13.775+0800][1.868s][info][gc,phases   ] GC(55) y: Concurrent Select Relocation Set 0.902ms
[2026-06-17T10:03:13.775+0800][1.869s][info][gc,phases   ] GC(55) y: Pause Relocate Start 0.006ms
[2026-06-17T10:03:13.776+0800][1.869s][info][gc,phases   ] GC(55) y: Concurrent Relocate 0.124ms
[2026-06-17T10:03:13.776+0800][1.869s][info][gc,alloc    ] GC(55) y:                         Mark Start        Mark End      Relocate Start    Relocate End   
[2026-06-17T10:03:13.776+0800][1.869s][info][gc,alloc    ] GC(55) y: Allocation Stalls:          1                1                1                1         
[2026-06-17T10:03:13.776+0800][1.869s][info][gc,load     ] GC(55) y: Load: 0.38 (2%) / 0.43 (2%) / 0.50 (2%)
[2026-06-17T10:03:13.776+0800][1.870s][info][gc,mmu      ] GC(55) y: MMU: 2ms/96.6%, 5ms/98.5%, 10ms/98.9%, 20ms/99.4%, 50ms/99.6%, 100ms/99.7%
[2026-06-17T10:03:13.776+0800][1.870s][info][gc,marking  ] GC(55) y: Mark: 1 stripe(s), 1 proactive flush(es), 1 terminate flush(es), 0 completion(s), 0 continuation(s) 
[2026-06-17T10:03:13.776+0800][1.870s][info][gc,marking  ] GC(55) y: Mark Stack Usage: 32M
[2026-06-17T10:03:13.777+0800][1.870s][info][gc,nmethod  ] GC(55) y: NMethods: 69 registered, 3 unregistered
[2026-06-17T10:03:13.777+0800][1.870s][info][gc,metaspace] GC(55) y: Metaspace: 0M used, 0M committed, 1088M reserved
[2026-06-17T10:03:13.777+0800][1.870s][info][gc,reloc    ] GC(55) y:                        Candidates     Selected     In-Place         Size        Empty    Relocated 
[2026-06-17T10:03:13.777+0800][1.870s][info][gc,reloc    ] GC(55) y: Small Pages:                    0            0            0           0M           0M           0M 
[2026-06-17T10:03:13.777+0800][1.871s][info][gc,reloc    ] GC(55) y: Large Pages:                    1            0            0           2M           0M           0M 
[2026-06-17T10:03:13.778+0800][1.871s][info][gc,reloc    ] GC(55) y: Forwarding Usage: 0M
[2026-06-17T10:03:13.778+0800][1.871s][info][gc,reloc    ] GC(55) y: Age Table:
[2026-06-17T10:03:13.778+0800][1.871s][info][gc,reloc    ] GC(55) y:                    Live             Garbage             Small              Medium             Large        
[2026-06-17T10:03:13.778+0800][1.871s][info][gc,reloc    ] GC(55) y: Eden               2M (3%)            0M (0%)           0 / 0              0 / 0              1 / 0        
[2026-06-17T10:03:13.778+0800][1.872s][info][gc,heap     ] GC(55) y: Min Capacity: 64M(100%)
[2026-06-17T10:03:13.778+0800][1.872s][info][gc,heap     ] GC(55) y: Max Capacity: 64M(100%)
[2026-06-17T10:03:13.779+0800][1.872s][info][gc,heap     ] GC(55) y: Soft Max Capacity: 64M(100%)
[2026-06-17T10:03:13.779+0800][1.872s][info][gc,heap     ] GC(55) y: Heap Statistics:
[2026-06-17T10:03:13.779+0800][1.872s][info][gc,heap     ] GC(55) y:                Mark Start          Mark End        Relocate Start      Relocate End           High               Low         
[2026-06-17T10:03:13.779+0800][1.872s][info][gc,heap     ] GC(55) y:  Capacity:       64M (100%)         64M (100%)         64M (100%)         64M (100%)         64M (100%)         64M (100%)   
[2026-06-17T10:03:13.779+0800][1.873s][info][gc,heap     ] GC(55) y:      Free:        0M (0%)            0M (0%)            0M (0%)            0M (0%)            0M (0%)            0M (0%)     
[2026-06-17T10:03:13.779+0800][1.873s][info][gc,heap     ] GC(55) y:      Used:       64M (100%)         64M (100%)         64M (100%)         64M (100%)         64M (100%)         64M (100%)   
[2026-06-17T10:03:13.780+0800][1.873s][info][gc,heap     ] GC(55) y: Young Generation Statistics:
[2026-06-17T10:03:13.780+0800][1.873s][info][gc,heap     ] GC(55) y:                Mark Start          Mark End        Relocate Start      Relocate End    
[2026-06-17T10:03:13.780+0800][1.873s][info][gc,heap     ] GC(55) y:      Used:        2M (3%)            2M (3%)            2M (3%)            2M (3%)     
[2026-06-17T10:03:13.780+0800][1.873s][info][gc,heap     ] GC(55) y:      Live:         -                 2M (3%)            2M (3%)            2M (3%)     
[2026-06-17T10:03:13.780+0800][1.873s][info][gc,heap     ] GC(55) y:   Garbage:         -                 0M (0%)            0M (0%)            0M (0%)     
[2026-06-17T10:03:13.780+0800][1.874s][info][gc,heap     ] GC(55) y: Allocated:         -                 0M (0%)            0M (0%)            0M (0%)     
[2026-06-17T10:03:13.781+0800][1.874s][info][gc,heap     ] GC(55) y: Reclaimed:         -                  -                 0M (0%)            0M (0%)     
[2026-06-17T10:03:13.781+0800][1.874s][info][gc,heap     ] GC(55) y:  Promoted:         -                  -                 0M (0%)            0M (0%)     
[2026-06-17T10:03:13.781+0800][1.874s][info][gc,heap     ] GC(55) y: Compacted:         -                  -                  -                 0M (0%)     
[2026-06-17T10:03:13.781+0800][1.874s][info][gc,phases   ] GC(55) y: Young Generation 64M(100%)->64M(100%) 0.004s
[2026-06-17T10:03:13.781+0800][1.875s][info][gc          ] GC(55) Minor Collection (Allocation Stall) 64M(100%)->64M(100%) 0.010s
[2026-06-17T10:03:13.782+0800][1.875s][info][gc,task     ] GC(54) O: Using 1 Workers for Old Generation
[2026-06-17T10:03:13.795+0800][1.889s][info][gc,task     ] GC(54) O: Using 1 Workers for Old Generation
[2026-06-17T10:03:13.796+0800][1.889s][info][gc,phases   ] GC(54) O: Concurrent Remap Roots 14.087ms
[2026-06-17T10:03:13.796+0800][1.889s][info][gc,phases   ] GC(54) O: Pause Relocate Start 0.013ms
[2026-06-17T10:03:13.797+0800][1.890s][info][gc,phases   ] GC(54) O: Concurrent Relocate 0.386ms
[2026-06-17T10:03:13.797+0800][1.890s][info][gc          ] Allocation Stall (main) 25.037ms
[2026-06-17T10:03:13.797+0800][1.891s][info][gc,alloc    ] GC(54) O:                         Mark Start        Mark End      Relocate Start    Relocate End   
[2026-06-17T10:03:13.798+0800][1.891s][info][gc,alloc    ] GC(54) O: Allocation Stalls:          1                1                1                0         
[2026-06-17T10:03:13.798+0800][1.891s][info][gc,load     ] GC(54) O: Load: 0.38 (2%) / 0.43 (2%) / 0.50 (2%)
[2026-06-17T10:03:13.798+0800][1.891s][info][gc,mmu      ] GC(54) O: MMU: 2ms/96.6%, 5ms/98.5%, 10ms/98.9%, 20ms/99.4%, 50ms/99.6%, 100ms/99.7%
[2026-06-17T10:03:13.798+0800][1.892s][info][gc,marking  ] GC(54) O: Mark: 1 stripe(s), 1 proactive flush(es), 1 terminate flush(es), 0 completion(s), 0 continuation(s) 
[2026-06-17T10:03:13.798+0800][1.892s][info][gc,marking  ] GC(54) O: Mark Stack Usage: 32M
[2026-06-17T10:03:13.799+0800][1.892s][info][gc,nmethod  ] GC(54) O: NMethods: 69 registered, 3 unregistered
[2026-06-17T10:03:13.799+0800][1.892s][info][gc,metaspace] GC(54) O: Metaspace: 0M used, 0M committed, 1088M reserved
[2026-06-17T10:03:13.799+0800][1.892s][info][gc,ref      ] GC(54) O:                       Encountered   Discovered     Enqueued 
[2026-06-17T10:03:13.799+0800][1.893s][info][gc,ref      ] GC(54) O: Soft References:                0            0            0 
[2026-06-17T10:03:13.800+0800][1.893s][info][gc,ref      ] GC(54) O: Weak References:                6            0            0 
[2026-06-17T10:03:13.800+0800][1.893s][info][gc,ref      ] GC(54) O: Final References:               0            0            0 
[2026-06-17T10:03:13.800+0800][1.894s][info][gc,ref      ] GC(54) O: Phantom References:             1            1            0 
[2026-06-17T10:03:13.801+0800][1.894s][info][gc,reloc    ] GC(54) O:                        Candidates     Selected     In-Place         Size        Empty    Relocated 
[2026-06-17T10:03:13.801+0800][1.894s][info][gc,reloc    ] GC(54) O: Small Pages:                    5            1            1          10M           2M           1M 
[2026-06-17T10:03:13.801+0800][1.894s][info][gc,reloc    ] GC(54) O: Large Pages:                   27            0            0          54M           0M           0M 
[2026-06-17T10:03:13.801+0800][1.895s][info][gc,reloc    ] GC(54) O: Forwarding Usage: 0M
[2026-06-17T10:03:13.801+0800][1.895s][info][gc,heap     ] GC(54) O: Min Capacity: 64M(100%)
[2026-06-17T10:03:13.802+0800][1.895s][info][gc,heap     ] GC(54) O: Max Capacity: 64M(100%)
[2026-06-17T10:03:13.802+0800][1.895s][info][gc,heap     ] GC(54) O: Soft Max Capacity: 64M(100%)
[2026-06-17T10:03:13.802+0800][1.895s][info][gc,heap     ] GC(54) O: Heap Statistics:
[2026-06-17T10:03:13.802+0800][1.895s][info][gc,heap     ] GC(54) O:                Mark Start          Mark End        Relocate Start      Relocate End           High               Low         
[2026-06-17T10:03:13.802+0800][1.896s][info][gc,heap     ] GC(54) O:  Capacity:       64M (100%)         64M (100%)         64M (100%)         64M (100%)         64M (100%)         64M (100%)   
[2026-06-17T10:03:13.803+0800][1.896s][info][gc,heap     ] GC(54) O:      Free:        0M (0%)            0M (0%)            0M (0%)            0M (0%)            2M (3%)            0M (0%)     
[2026-06-17T10:03:13.803+0800][1.896s][info][gc,heap     ] GC(54) O:      Used:       64M (100%)         64M (100%)         64M (100%)         64M (100%)         64M (100%)         62M (97%)    
[2026-06-17T10:03:13.803+0800][1.896s][info][gc,heap     ] GC(54) O: Old Generation Statistics:
[2026-06-17T10:03:13.803+0800][1.896s][info][gc,heap     ] GC(54) O:                Mark Start          Mark End        Relocate Start      Relocate End    
[2026-06-17T10:03:13.803+0800][1.897s][info][gc,heap     ] GC(54) O:      Used:       64M (100%)         64M (100%)         62M (97%)          60M (94%)    
[2026-06-17T10:03:13.804+0800][1.897s][info][gc,heap     ] GC(54) O:      Live:         -                58M (92%)          58M (92%)          58M (92%)    
[2026-06-17T10:03:13.804+0800][1.897s][info][gc,heap     ] GC(54) O:   Garbage:         -                 5M (8%)            3M (5%)            0M (1%)     
[2026-06-17T10:03:13.804+0800][1.897s][info][gc,heap     ] GC(54) O: Allocated:         -                 0M (0%)            0M (0%)            0M (1%)     
[2026-06-17T10:03:13.804+0800][1.898s][info][gc,heap     ] GC(54) O: Reclaimed:         -                  -                 2M (3%)            4M (7%)     
[2026-06-17T10:03:13.805+0800][1.898s][info][gc,heap     ] GC(54) O: Compacted:         -                  -                  -                 1M (2%)     
[2026-06-17T10:03:13.805+0800][1.898s][info][gc,phases   ] GC(54) O: Old Generation 64M(100%)->64M(100%) 0.029s
[2026-06-17T10:03:13.805+0800][1.898s][info][gc          ] GC(54) Major Collection (Allocation Stall) 64M(100%)->64M(100%) 0.054s
[2026-06-17T10:03:13.805+0800][1.898s][info][gc          ] GC(56) Minor Collection (Allocation Stall)
[2026-06-17T10:03:13.805+0800][1.899s][info][gc,task     ] GC(56) Using 1 Workers for Young Generation
[2026-06-17T10:03:13.805+0800][1.899s][info][gc,phases   ] GC(56) y: Young Generation
[2026-06-17T10:03:13.806+0800][1.899s][info][gc,phases   ] GC(56) y: Pause Mark Start 0.012ms
[2026-06-17T10:03:13.806+0800][1.900s][info][gc,phases   ] GC(56) y: Concurrent Mark 0.581ms
[2026-06-17T10:03:13.807+0800][1.900s][info][gc,phases   ] GC(56) y: Pause Mark End 0.008ms
[2026-06-17T10:03:13.807+0800][1.900s][info][gc,phases   ] GC(56) y: Concurrent Mark Free 0.000ms
[2026-06-17T10:03:13.807+0800][1.900s][info][gc,phases   ] GC(56) y: Concurrent Reset Relocation Set 0.000ms
[2026-06-17T10:03:13.807+0800][1.901s][info][gc,reloc    ] GC(56) y: Using tenuring threshold: 1 (Computed)
[2026-06-17T10:03:13.808+0800][1.901s][info][gc,phases   ] GC(56) y: Concurrent Select Relocation Set 0.825ms
[2026-06-17T10:03:13.808+0800][1.901s][info][gc,phases   ] GC(56) y: Pause Relocate Start 0.006ms
[2026-06-17T10:03:13.808+0800][1.902s][info][gc,phases   ] GC(56) y: Concurrent Relocate 0.129ms
[2026-06-17T10:03:13.808+0800][1.902s][info][gc,alloc    ] GC(56) y:                         Mark Start        Mark End      Relocate Start    Relocate End   
[2026-06-17T10:03:13.809+0800][1.902s][info][gc,alloc    ] GC(56) y: Allocation Stalls:          1                1                1                1         
[2026-06-17T10:03:13.809+0800][1.902s][info][gc,load     ] GC(56) y: Load: 0.38 (2%) / 0.43 (2%) / 0.50 (2%)
[2026-06-17T10:03:13.809+0800][1.902s][info][gc,mmu      ] GC(56) y: MMU: 2ms/96.6%, 5ms/98.5%, 10ms/98.9%, 20ms/99.4%, 50ms/99.6%, 100ms/99.7%
[2026-06-17T10:03:13.809+0800][1.902s][info][gc,marking  ] GC(56) y: Mark: 1 stripe(s), 1 proactive flush(es), 1 terminate flush(es), 0 completion(s), 0 continuation(s) 
[2026-06-17T10:03:13.809+0800][1.902s][info][gc,marking  ] GC(56) y: Mark Stack Usage: 32M
[2026-06-17T10:03:13.809+0800][1.902s][info][gc,nmethod  ] GC(56) y: NMethods: 69 registered, 3 unregistered
[2026-06-17T10:03:13.809+0800][1.902s][info][gc,metaspace] GC(56) y: Metaspace: 0M used, 0M committed, 1088M reserved
[2026-06-17T10:03:13.809+0800][1.903s][info][gc,reloc    ] GC(56) y:                        Candidates     Selected     In-Place         Size        Empty    Relocated 
[2026-06-17T10:03:13.809+0800][1.903s][info][gc,reloc    ] GC(56) y: Small Pages:                    1            0            0           2M           0M           0M 
[2026-06-17T10:03:13.809+0800][1.903s][info][gc,reloc    ] GC(56) y: Large Pages:                    1            0            0           2M           0M           0M 
[2026-06-17T10:03:13.810+0800][1.903s][info][gc,reloc    ] GC(56) y: Forwarding Usage: 0M
[2026-06-17T10:03:13.810+0800][1.903s][info][gc,reloc    ] GC(56) y: Age Table:
[2026-06-17T10:03:13.810+0800][1.904s][info][gc,reloc    ] GC(56) y:                    Live             Garbage             Small              Medium             Large        
[2026-06-17T10:03:13.811+0800][1.904s][info][gc,reloc    ] GC(56) y: Eden               0M (0%)            1M (3%)           1 / 0              0 / 0              0 / 0        
[2026-06-17T10:03:13.811+0800][1.904s][info][gc,reloc    ] GC(56) y: Survivor 1         2M (3%)            0M (0%)           0 / 0              0 / 0              1 / 0        
[2026-06-17T10:03:13.811+0800][1.904s][info][gc,heap     ] GC(56) y: Min Capacity: 64M(100%)
[2026-06-17T10:03:13.811+0800][1.905s][info][gc,heap     ] GC(56) y: Max Capacity: 64M(100%)
[2026-06-17T10:03:13.812+0800][1.905s][info][gc,heap     ] GC(56) y: Soft Max Capacity: 64M(100%)
[2026-06-17T10:03:13.812+0800][1.905s][info][gc,heap     ] GC(56) y: Heap Statistics:
[2026-06-17T10:03:13.812+0800][1.905s][info][gc,heap     ] GC(56) y:                Mark Start          Mark End        Relocate Start      Relocate End           High               Low         
[2026-06-17T10:03:13.812+0800][1.906s][info][gc,heap     ] GC(56) y:  Capacity:       64M (100%)         64M (100%)         64M (100%)         64M (100%)         64M (100%)         64M (100%)   
[2026-06-17T10:03:13.813+0800][1.906s][info][gc,heap     ] GC(56) y:      Free:        0M (0%)            0M (0%)            0M (0%)            0M (0%)            0M (0%)            0M (0%)     
[2026-06-17T10:03:13.813+0800][1.906s][info][gc,heap     ] GC(56) y:      Used:       64M (100%)         64M (100%)         64M (100%)         64M (100%)         64M (100%)         64M (100%)   
[2026-06-17T10:03:13.813+0800][1.906s][info][gc,heap     ] GC(56) y: Young Generation Statistics:
[2026-06-17T10:03:13.813+0800][1.906s][info][gc,heap     ] GC(56) y:                Mark Start          Mark End        Relocate Start      Relocate End    
[2026-06-17T10:03:13.813+0800][1.907s][info][gc,heap     ] GC(56) y:      Used:        4M (6%)            4M (6%)            2M (3%)            2M (3%)     
[2026-06-17T10:03:13.813+0800][1.907s][info][gc,heap     ] GC(56) y:      Live:         -                 2M (3%)            0M (0%)            0M (0%)     
[2026-06-17T10:03:13.814+0800][1.907s][info][gc,heap     ] GC(56) y:   Garbage:         -                 1M (3%)            1M (3%)            1M (3%)     
[2026-06-17T10:03:13.814+0800][1.907s][info][gc,heap     ] GC(56) y: Allocated:         -                 0M (0%)            0M (0%)            0M (0%)     
[2026-06-17T10:03:13.814+0800][1.907s][info][gc,heap     ] GC(56) y: Reclaimed:         -                  -                 0M (0%)            0M (0%)     
[2026-06-17T10:03:13.814+0800][1.907s][info][gc,heap     ] GC(56) y:  Promoted:         -                  -                 2M (3%)            2M (3%)     
[2026-06-17T10:03:13.814+0800][1.908s][info][gc,heap     ] GC(56) y: Compacted:         -                  -                  -                 0M (0%)     
[2026-06-17T10:03:13.814+0800][1.908s][info][gc,phases   ] GC(56) y: Young Generation 64M(100%)->64M(100%) 0.003s
[2026-06-17T10:03:13.815+0800][1.908s][info][gc          ] GC(56) Minor Collection (Allocation Stall) 64M(100%)->64M(100%) 0.010s
[2026-06-17T10:03:13.815+0800][1.908s][info][gc          ] GC(57) Major Collection (Allocation Stall)
[2026-06-17T10:03:13.815+0800][1.908s][info][gc,task     ] GC(57) Using 1 Workers for Young Generation
[2026-06-17T10:03:13.815+0800][1.909s][info][gc,task     ] GC(57) Using 1 Workers for Old Generation
[2026-06-17T10:03:13.816+0800][1.909s][info][gc,phases   ] GC(57) Y: Young Generation (Promote All)
[2026-06-17T10:03:13.816+0800][1.909s][info][gc,phases   ] GC(57) Y: Pause Mark Start 0.013ms
[2026-06-17T10:03:13.817+0800][1.910s][info][gc,phases   ] GC(57) Y: Concurrent Mark 0.500ms
[2026-06-17T10:03:13.817+0800][1.910s][info][gc,phases   ] GC(57) Y: Pause Mark End 0.008ms
[2026-06-17T10:03:13.817+0800][1.910s][info][gc,phases   ] GC(57) Y: Concurrent Mark Free 0.001ms
[2026-06-17T10:03:13.817+0800][1.910s][info][gc,phases   ] GC(57) Y: Concurrent Reset Relocation Set 0.002ms
[2026-06-17T10:03:13.818+0800][1.911s][info][gc,reloc    ] GC(57) Y: Using tenuring threshold: 0 (Promote All)
[2026-06-17T10:03:13.818+0800][1.911s][info][gc,phases   ] GC(57) Y: Concurrent Select Relocation Set 0.879ms
[2026-06-17T10:03:13.818+0800][1.912s][info][gc,phases   ] GC(57) Y: Pause Relocate Start 0.009ms
[2026-06-17T10:03:13.819+0800][1.912s][info][gc,phases   ] GC(57) Y: Concurrent Relocate 0.093ms
[2026-06-17T10:03:13.819+0800][1.912s][info][gc,alloc    ] GC(57) Y:                         Mark Start        Mark End      Relocate Start    Relocate End   
[2026-06-17T10:03:13.819+0800][1.912s][info][gc,alloc    ] GC(57) Y: Allocation Stalls:          1                1                1                1         
[2026-06-17T10:03:13.819+0800][1.913s][info][gc,load     ] GC(57) Y: Load: 0.38 (2%) / 0.43 (2%) / 0.50 (2%)
[2026-06-17T10:03:13.819+0800][1.913s][info][gc,mmu      ] GC(57) Y: MMU: 2ms/96.6%, 5ms/98.5%, 10ms/98.9%, 20ms/99.4%, 50ms/99.6%, 100ms/99.7%
[2026-06-17T10:03:13.820+0800][1.913s][info][gc,marking  ] GC(57) Y: Mark: 1 stripe(s), 1 proactive flush(es), 1 terminate flush(es), 0 completion(s), 0 continuation(s) 
[2026-06-17T10:03:13.820+0800][1.913s][info][gc,marking  ] GC(57) Y: Mark Stack Usage: 32M
[2026-06-17T10:03:13.820+0800][1.913s][info][gc,nmethod  ] GC(57) Y: NMethods: 69 registered, 3 unregistered
[2026-06-17T10:03:13.820+0800][1.913s][info][gc,metaspace] GC(57) Y: Metaspace: 0M used, 0M committed, 1088M reserved
[2026-06-17T10:03:13.820+0800][1.914s][info][gc,reloc    ] GC(57) Y:                        Candidates     Selected     In-Place         Size        Empty    Relocated 
[2026-06-17T10:03:13.820+0800][1.914s][info][gc,reloc    ] GC(57) Y: Small Pages:                    1            0            0           2M           0M           0M 
[2026-06-17T10:03:13.821+0800][1.914s][info][gc,reloc    ] GC(57) Y: Large Pages:                    0            0            0           0M           0M           0M 
[2026-06-17T10:03:13.821+0800][1.914s][info][gc,reloc    ] GC(57) Y: Forwarding Usage: 0M
[2026-06-17T10:03:13.821+0800][1.914s][info][gc,reloc    ] GC(57) Y: Age Table:
[2026-06-17T10:03:13.821+0800][1.914s][info][gc,reloc    ] GC(57) Y:                    Live             Garbage             Small              Medium             Large        
[2026-06-17T10:03:13.821+0800][1.915s][info][gc,reloc    ] GC(57) Y: Eden                -                 0M (0%)           0 / 0              0 / 0              0 / 0        
[2026-06-17T10:03:13.822+0800][1.915s][info][gc,reloc    ] GC(57) Y: Survivor 1         0M (0%)            1M (3%)           1 / 0              0 / 0              0 / 0        
[2026-06-17T10:03:13.822+0800][1.915s][info][gc,heap     ] GC(57) Y: Min Capacity: 64M(100%)
[2026-06-17T10:03:13.822+0800][1.915s][info][gc,heap     ] GC(57) Y: Max Capacity: 64M(100%)
[2026-06-17T10:03:13.822+0800][1.915s][info][gc,heap     ] GC(57) Y: Soft Max Capacity: 64M(100%)
[2026-06-17T10:03:13.822+0800][1.915s][info][gc,heap     ] GC(57) Y: Heap Statistics:
[2026-06-17T10:03:13.822+0800][1.916s][info][gc,heap     ] GC(57) Y:                Mark Start          Mark End        Relocate Start      Relocate End           High               Low         
[2026-06-17T10:03:13.823+0800][1.916s][info][gc,heap     ] GC(57) Y:  Capacity:       64M (100%)         64M (100%)         64M (100%)         64M (100%)         64M (100%)         64M (100%)   
[2026-06-17T10:03:13.823+0800][1.916s][info][gc,heap     ] GC(57) Y:      Free:        0M (0%)            0M (0%)            0M (0%)            0M (0%)            0M (0%)            0M (0%)     
[2026-06-17T10:03:13.823+0800][1.916s][info][gc,heap     ] GC(57) Y:      Used:       64M (100%)         64M (100%)         64M (100%)         64M (100%)         64M (100%)         64M (100%)   
[2026-06-17T10:03:13.823+0800][1.917s][info][gc,heap     ] GC(57) Y: Young Generation Statistics:
[2026-06-17T10:03:13.824+0800][1.917s][info][gc,heap     ] GC(57) Y:                Mark Start          Mark End        Relocate Start      Relocate End    
[2026-06-17T10:03:13.824+0800][1.917s][info][gc,heap     ] GC(57) Y:      Used:        2M (3%)            2M (3%)            0M (0%)            0M (0%)     
[2026-06-17T10:03:13.824+0800][1.917s][info][gc,heap     ] GC(57) Y:      Live:         -                 0M (0%)            0M (0%)            0M (0%)     
[2026-06-17T10:03:13.824+0800][1.917s][info][gc,heap     ] GC(57) Y:   Garbage:         -                 1M (3%)            0M (0%)            0M (0%)     
[2026-06-17T10:03:13.824+0800][1.917s][info][gc,heap     ] GC(57) Y: Allocated:         -                 0M (0%)            0M (0%)            0M (0%)     
[2026-06-17T10:03:13.824+0800][1.917s][info][gc,heap     ] GC(57) Y: Reclaimed:         -                  -                 1M (3%)            1M (3%)     
[2026-06-17T10:03:13.824+0800][1.918s][info][gc,heap     ] GC(57) Y:  Promoted:         -                  -                 0M (0%)            0M (0%)     
[2026-06-17T10:03:13.824+0800][1.918s][info][gc,heap     ] GC(57) Y: Compacted:         -                  -                  -                 0M (0%)     
[2026-06-17T10:03:13.825+0800][1.918s][info][gc,phases   ] GC(57) Y: Young Generation (Promote All) 64M(100%)->64M(100%) 0.003s
[2026-06-17T10:03:13.825+0800][1.918s][info][gc,phases   ] GC(57) Y: Young Generation (Collect Roots)
[2026-06-17T10:03:13.825+0800][1.918s][info][gc,phases   ] GC(57) Y: Pause Mark Start (Major) 0.014ms
[2026-06-17T10:03:13.826+0800][1.919s][info][gc,phases   ] GC(57) Y: Concurrent Mark 0.433ms
[2026-06-17T10:03:13.826+0800][1.919s][info][gc,phases   ] GC(57) Y: Pause Mark End 0.005ms
[2026-06-17T10:03:13.826+0800][1.919s][info][gc,phases   ] GC(57) Y: Concurrent Mark Free 0.027ms
[2026-06-17T10:03:13.826+0800][1.920s][info][gc,phases   ] GC(57) Y: Concurrent Reset Relocation Set 0.002ms
[2026-06-17T10:03:13.827+0800][1.920s][info][gc,reloc    ] GC(57) Y: Using tenuring threshold: 0 (Computed)
[2026-06-17T10:03:13.827+0800][1.921s][info][gc,phases   ] GC(57) Y: Concurrent Select Relocation Set 0.850ms
[2026-06-17T10:03:13.828+0800][1.921s][info][gc,phases   ] GC(57) Y: Pause Relocate Start 0.006ms
[2026-06-17T10:03:13.829+0800][1.922s][info][gc,phases   ] GC(57) Y: Concurrent Relocate 0.133ms
[2026-06-17T10:03:13.829+0800][1.922s][info][gc,alloc    ] GC(57) Y:                         Mark Start        Mark End      Relocate Start    Relocate End   
[2026-06-17T10:03:13.829+0800][1.922s][info][gc,alloc    ] GC(57) Y: Allocation Stalls:          1                1                1                1         
[2026-06-17T10:03:13.829+0800][1.922s][info][gc,load     ] GC(57) Y: Load: 0.38 (2%) / 0.43 (2%) / 0.50 (2%)
[2026-06-17T10:03:13.829+0800][1.923s][info][gc,mmu      ] GC(57) Y: MMU: 2ms/96.6%, 5ms/98.5%, 10ms/98.9%, 20ms/99.4%, 50ms/99.6%, 100ms/99.7%
[2026-06-17T10:03:13.829+0800][1.923s][info][gc,marking  ] GC(57) Y: Mark: 1 stripe(s), 1 proactive flush(es), 1 terminate flush(es), 0 completion(s), 0 continuation(s) 
[2026-06-17T10:03:13.830+0800][1.923s][info][gc,marking  ] GC(57) Y: Mark Stack Usage: 0M
[2026-06-17T10:03:13.830+0800][1.923s][info][gc,nmethod  ] GC(57) Y: NMethods: 69 registered, 3 unregistered
[2026-06-17T10:03:13.830+0800][1.923s][info][gc,metaspace] GC(57) Y: Metaspace: 0M used, 0M committed, 1088M reserved
[2026-06-17T10:03:13.830+0800][1.923s][info][gc,heap     ] GC(57) Y: Min Capacity: 64M(100%)
[2026-06-17T10:03:13.830+0800][1.924s][info][gc,heap     ] GC(57) Y: Max Capacity: 64M(100%)
[2026-06-17T10:03:13.830+0800][1.924s][info][gc,heap     ] GC(57) Y: Soft Max Capacity: 64M(100%)
[2026-06-17T10:03:13.831+0800][1.924s][info][gc,heap     ] GC(57) Y: Heap Statistics:
[2026-06-17T10:03:13.831+0800][1.924s][info][gc,heap     ] GC(57) Y:                Mark Start          Mark End        Relocate Start      Relocate End           High               Low         
[2026-06-17T10:03:13.831+0800][1.924s][info][gc,heap     ] GC(57) Y:  Capacity:       64M (100%)         64M (100%)         64M (100%)         64M (100%)         64M (100%)         64M (100%)   
[2026-06-17T10:03:13.831+0800][1.925s][info][gc,heap     ] GC(57) Y:      Free:        0M (0%)            0M (0%)            0M (0%)            0M (0%)            0M (0%)            0M (0%)     
[2026-06-17T10:03:13.831+0800][1.925s][info][gc,heap     ] GC(57) Y:      Used:       64M (100%)         64M (100%)         64M (100%)         64M (100%)         64M (100%)         64M (100%)   
[2026-06-17T10:03:13.832+0800][1.925s][info][gc,heap     ] GC(57) Y: Young Generation Statistics:
[2026-06-17T10:03:13.832+0800][1.925s][info][gc,heap     ] GC(57) Y:                Mark Start          Mark End        Relocate Start      Relocate End    
[2026-06-17T10:03:13.832+0800][1.925s][info][gc,heap     ] GC(57) Y:      Used:        0M (0%)            0M (0%)            0M (0%)            0M (0%)     
[2026-06-17T10:03:13.832+0800][1.925s][info][gc,heap     ] GC(57) Y:      Live:         -                 0M (0%)            0M (0%)            0M (0%)     
[2026-06-17T10:03:13.832+0800][1.925s][info][gc,heap     ] GC(57) Y:   Garbage:         -                 0M (0%)            0M (0%)            0M (0%)     
[2026-06-17T10:03:13.832+0800][1.925s][info][gc,heap     ] GC(57) Y: Allocated:         -                 0M (0%)            0M (0%)            0M (0%)     
[2026-06-17T10:03:13.832+0800][1.926s][info][gc,heap     ] GC(57) Y: Reclaimed:         -                  -                 0M (0%)            0M (0%)     
[2026-06-17T10:03:13.832+0800][1.926s][info][gc,heap     ] GC(57) Y:  Promoted:         -                  -                 0M (0%)            0M (0%)     
[2026-06-17T10:03:13.833+0800][1.926s][info][gc,heap     ] GC(57) Y: Compacted:         -                  -                  -                 0M (0%)     
[2026-06-17T10:03:13.833+0800][1.926s][info][gc,phases   ] GC(57) Y: Young Generation (Collect Roots) 64M(100%)->64M(100%) 0.004s
[2026-06-17T10:03:13.833+0800][1.926s][info][gc,phases   ] GC(57) O: Old Generation
[2026-06-17T10:03:13.834+0800][1.927s][info][gc,phases   ] GC(57) O: Concurrent Mark 0.975ms
[2026-06-17T10:03:13.834+0800][1.928s][info][gc,phases   ] GC(57) O: Pause Mark End 0.008ms
[2026-06-17T10:03:13.835+0800][1.928s][info][gc,phases   ] GC(57) O: Concurrent Mark Free 0.001ms
[2026-06-17T10:03:13.835+0800][1.928s][info][gc,ref      ] GC(57) O: Clearing All SoftReferences
[2026-06-17T10:03:13.835+0800][1.929s][info][gc,phases   ] GC(57) O: Concurrent Process Non-Strong 0.578ms
[2026-06-17T10:03:13.836+0800][1.929s][info][gc,phases   ] GC(57) O: Concurrent Reset Relocation Set 0.001ms
[2026-06-17T10:03:13.836+0800][1.930s][info][gc,phases   ] GC(57) O: Concurrent Select Relocation Set 0.539ms
[2026-06-17T10:03:13.837+0800][1.930s][info][gc,task     ] GC(57) O: Using 1 Workers for Old Generation
[2026-06-17T10:03:13.849+0800][1.943s][info][gc,task     ] GC(57) O: Using 1 Workers for Old Generation
[2026-06-17T10:03:13.850+0800][1.943s][info][gc,phases   ] GC(57) O: Concurrent Remap Roots 13.264ms
[2026-06-17T10:03:13.850+0800][1.944s][info][gc,phases   ] GC(57) O: Pause Relocate Start 0.012ms
[2026-06-17T10:03:13.851+0800][1.944s][info][gc,phases   ] GC(57) O: Concurrent Relocate 0.295ms
[2026-06-17T10:03:13.851+0800][1.944s][info][gc          ] Allocation Stall (main) 53.390ms
[2026-06-17T10:03:13.852+0800][1.945s][info][gc,alloc    ] GC(57) O:                         Mark Start        Mark End      Relocate Start    Relocate End   
[2026-06-17T10:03:13.853+0800][1.946s][info][gc,alloc    ] GC(57) O: Allocation Stalls:          1                1                1                0         
[2026-06-17T10:03:13.853+0800][1.946s][info][gc,load     ] GC(57) O: Load: 0.38 (2%) / 0.43 (2%) / 0.50 (2%)
[2026-06-17T10:03:13.853+0800][1.947s][info][gc,mmu      ] GC(57) O: MMU: 2ms/96.6%, 5ms/98.5%, 10ms/98.9%, 20ms/99.4%, 50ms/99.6%, 100ms/99.7%
[2026-06-17T10:03:13.854+0800][1.947s][info][gc,marking  ] GC(57) O: Mark: 1 stripe(s), 1 proactive flush(es), 1 terminate flush(es), 0 completion(s), 0 continuation(s) 
[2026-06-17T10:03:13.854+0800][1.947s][info][gc,marking  ] GC(57) O: Mark Stack Usage: 32M
[2026-06-17T10:03:13.854+0800][1.948s][info][gc,nmethod  ] GC(57) O: NMethods: 69 registered, 3 unregistered
[2026-06-17T10:03:13.855+0800][1.948s][info][gc,metaspace] GC(57) O: Metaspace: 0M used, 0M committed, 1088M reserved
[2026-06-17T10:03:13.855+0800][1.948s][info][gc,ref      ] GC(57) O:                       Encountered   Discovered     Enqueued 
[2026-06-17T10:03:13.855+0800][1.949s][info][gc,ref      ] GC(57) O: Soft References:                0            0            0 
[2026-06-17T10:03:13.856+0800][1.949s][info][gc,ref      ] GC(57) O: Weak References:                6            0            0 
[2026-06-17T10:03:13.856+0800][1.949s][info][gc,ref      ] GC(57) O: Final References:               0            0            0 
[2026-06-17T10:03:13.856+0800][1.949s][info][gc,ref      ] GC(57) O: Phantom References:             1            1            0 
[2026-06-17T10:03:13.856+0800][1.949s][info][gc,reloc    ] GC(57) O:                        Candidates     Selected     In-Place         Size        Empty    Relocated 
[2026-06-17T10:03:13.856+0800][1.950s][info][gc,reloc    ] GC(57) O: Small Pages:                    4            1            1           8M           0M           1M 
[2026-06-17T10:03:13.857+0800][1.950s][info][gc,reloc    ] GC(57) O: Large Pages:                   28            0            0          56M           0M           0M 
[2026-06-17T10:03:13.857+0800][1.950s][info][gc,reloc    ] GC(57) O: Forwarding Usage: 0M
[2026-06-17T10:03:13.857+0800][1.951s][info][gc,heap     ] GC(57) O: Min Capacity: 64M(100%)
[2026-06-17T10:03:13.858+0800][1.951s][info][gc,heap     ] GC(57) O: Max Capacity: 64M(100%)
[2026-06-17T10:03:13.858+0800][1.951s][info][gc,heap     ] GC(57) O: Soft Max Capacity: 64M(100%)
[2026-06-17T10:03:13.858+0800][1.952s][info][gc,heap     ] GC(57) O: Heap Statistics:
[2026-06-17T10:03:13.859+0800][1.952s][info][gc,heap     ] GC(57) O:                Mark Start          Mark End        Relocate Start      Relocate End           High               Low         
[2026-06-17T10:03:13.859+0800][1.952s][info][gc,heap     ] GC(57) O:  Capacity:       64M (100%)         64M (100%)         64M (100%)         64M (100%)         64M (100%)         64M (100%)   
[2026-06-17T10:03:13.859+0800][1.953s][info][gc,heap     ] GC(57) O:      Free:        0M (0%)            0M (0%)            0M (0%)            0M (0%)            2M (3%)            0M (0%)     
[2026-06-17T10:03:13.860+0800][1.953s][info][gc,heap     ] GC(57) O:      Used:       64M (100%)         64M (100%)         64M (100%)         64M (100%)         64M (100%)         62M (97%)    
[2026-06-17T10:03:13.860+0800][1.953s][info][gc,heap     ] GC(57) O: Old Generation Statistics:
[2026-06-17T10:03:13.860+0800][1.953s][info][gc,heap     ] GC(57) O:                Mark Start          Mark End        Relocate Start      Relocate End    
[2026-06-17T10:03:13.860+0800][1.954s][info][gc,heap     ] GC(57) O:      Used:       64M (100%)         64M (100%)         64M (100%)         62M (97%)    
[2026-06-17T10:03:13.861+0800][1.954s][info][gc,heap     ] GC(57) O:      Live:         -                60M (95%)          60M (95%)          60M (95%)    
[2026-06-17T10:03:13.861+0800][1.954s][info][gc,heap     ] GC(57) O:   Garbage:         -                 3M (5%)            3M (5%)            0M (1%)     
[2026-06-17T10:03:13.861+0800][1.954s][info][gc,heap     ] GC(57) O: Allocated:         -                 0M (0%)            0M (0%)            0M (1%)     
[2026-06-17T10:03:13.861+0800][1.954s][info][gc,heap     ] GC(57) O: Reclaimed:         -                  -                 0M (0%)            2M (4%)     
[2026-06-17T10:03:13.861+0800][1.955s][info][gc,heap     ] GC(57) O: Compacted:         -                  -                  -                 1M (2%)     
[2026-06-17T10:03:13.861+0800][1.955s][info][gc,phases   ] GC(57) O: Old Generation 64M(100%)->64M(100%) 0.019s
[2026-06-17T10:03:13.862+0800][1.955s][info][gc          ] GC(57) Major Collection (Allocation Stall) 64M(100%)->64M(100%) 0.047s
[2026-06-17T10:03:13.862+0800][1.955s][info][gc          ] GC(58) Minor Collection (Allocation Stall)
[2026-06-17T10:03:13.862+0800][1.955s][info][gc,task     ] GC(58) Using 1 Workers for Young Generation
[2026-06-17T10:03:13.862+0800][1.956s][info][gc,phases   ] GC(58) y: Young Generation
[2026-06-17T10:03:13.862+0800][1.956s][info][gc,phases   ] GC(58) y: Pause Mark Start 0.010ms
[2026-06-17T10:03:13.863+0800][1.956s][info][gc,phases   ] GC(58) y: Concurrent Mark 0.487ms
[2026-06-17T10:03:13.863+0800][1.957s][info][gc,phases   ] GC(58) y: Pause Mark End 0.006ms
[2026-06-17T10:03:13.864+0800][1.957s][info][gc,phases   ] GC(58) y: Concurrent Mark Free 0.001ms
[2026-06-17T10:03:13.864+0800][1.957s][info][gc,phases   ] GC(58) y: Concurrent Reset Relocation Set 0.001ms
[2026-06-17T10:03:13.866+0800][1.959s][info][gc,reloc    ] GC(58) y: Using tenuring threshold: 1 (Computed)
[2026-06-17T10:03:13.867+0800][1.960s][info][gc,phases   ] GC(58) y: Concurrent Select Relocation Set 2.135ms
[2026-06-17T10:03:13.867+0800][1.961s][info][gc,phases   ] GC(58) y: Pause Relocate Start 0.010ms
[2026-06-17T10:03:13.868+0800][1.961s][info][gc,phases   ] GC(58) y: Concurrent Relocate 0.146ms
[2026-06-17T10:03:13.868+0800][1.961s][info][gc,alloc    ] GC(58) y:                         Mark Start        Mark End      Relocate Start    Relocate End   
[2026-06-17T10:03:13.868+0800][1.961s][info][gc,alloc    ] GC(58) y: Allocation Stalls:          1                1                1                1         
[2026-06-17T10:03:13.868+0800][1.961s][info][gc,load     ] GC(58) y: Load: 0.38 (2%) / 0.43 (2%) / 0.50 (2%)
[2026-06-17T10:03:13.868+0800][1.962s][info][gc,mmu      ] GC(58) y: MMU: 2ms/96.6%, 5ms/98.5%, 10ms/98.9%, 20ms/99.4%, 50ms/99.6%, 100ms/99.7%
[2026-06-17T10:03:13.868+0800][1.962s][info][gc,marking  ] GC(58) y: Mark: 1 stripe(s), 1 proactive flush(es), 1 terminate flush(es), 0 completion(s), 0 continuation(s) 
[2026-06-17T10:03:13.869+0800][1.962s][info][gc,marking  ] GC(58) y: Mark Stack Usage: 32M
[2026-06-17T10:03:13.869+0800][1.962s][info][gc,nmethod  ] GC(58) y: NMethods: 69 registered, 3 unregistered
[2026-06-17T10:03:13.869+0800][1.962s][info][gc,metaspace] GC(58) y: Metaspace: 0M used, 0M committed, 1088M reserved
[2026-06-17T10:03:13.869+0800][1.962s][info][gc,reloc    ] GC(58) y:                        Candidates     Selected     In-Place         Size        Empty    Relocated 
[2026-06-17T10:03:13.869+0800][1.963s][info][gc,reloc    ] GC(58) y: Small Pages:                    0            0            0           0M           0M           0M 
[2026-06-17T10:03:13.870+0800][1.963s][info][gc,reloc    ] GC(58) y: Large Pages:                    1            0            0           2M           0M           0M 
[2026-06-17T10:03:13.870+0800][1.963s][info][gc,reloc    ] GC(58) y: Forwarding Usage: 0M
[2026-06-17T10:03:13.870+0800][1.963s][info][gc,reloc    ] GC(58) y: Age Table:
[2026-06-17T10:03:13.870+0800][1.964s][info][gc,reloc    ] GC(58) y:                    Live             Garbage             Small              Medium             Large        
[2026-06-17T10:03:13.871+0800][1.964s][info][gc,reloc    ] GC(58) y: Eden               2M (3%)            0M (0%)           0 / 0              0 / 0              1 / 0        
[2026-06-17T10:03:13.871+0800][1.964s][info][gc,heap     ] GC(58) y: Min Capacity: 64M(100%)
[2026-06-17T10:03:13.871+0800][1.965s][info][gc,heap     ] GC(58) y: Max Capacity: 64M(100%)
[2026-06-17T10:03:13.872+0800][1.965s][info][gc,heap     ] GC(58) y: Soft Max Capacity: 64M(100%)
[2026-06-17T10:03:13.872+0800][1.965s][info][gc,heap     ] GC(58) y: Heap Statistics:
[2026-06-17T10:03:13.872+0800][1.965s][info][gc,heap     ] GC(58) y:                Mark Start          Mark End        Relocate Start      Relocate End           High               Low         
[2026-06-17T10:03:13.872+0800][1.966s][info][gc,heap     ] GC(58) y:  Capacity:       64M (100%)         64M (100%)         64M (100%)         64M (100%)         64M (100%)         64M (100%)   
[2026-06-17T10:03:13.872+0800][1.966s][info][gc,heap     ] GC(58) y:      Free:        0M (0%)            0M (0%)            0M (0%)            0M (0%)            0M (0%)            0M (0%)     
[2026-06-17T10:03:13.872+0800][1.966s][info][gc,heap     ] GC(58) y:      Used:       64M (100%)         64M (100%)         64M (100%)         64M (100%)         64M (100%)         64M (100%)   
[2026-06-17T10:03:13.873+0800][1.966s][info][gc,heap     ] GC(58) y: Young Generation Statistics:
[2026-06-17T10:03:13.873+0800][1.966s][info][gc,heap     ] GC(58) y:                Mark Start          Mark End        Relocate Start      Relocate End    
[2026-06-17T10:03:13.873+0800][1.966s][info][gc,heap     ] GC(58) y:      Used:        2M (3%)            2M (3%)            2M (3%)            2M (3%)     
[2026-06-17T10:03:13.873+0800][1.967s][info][gc,heap     ] GC(58) y:      Live:         -                 2M (3%)            2M (3%)            2M (3%)     
[2026-06-17T10:03:13.873+0800][1.967s][info][gc,heap     ] GC(58) y:   Garbage:         -                 0M (0%)            0M (0%)            0M (0%)     
[2026-06-17T10:03:13.874+0800][1.967s][info][gc,heap     ] GC(58) y: Allocated:         -                 0M (0%)            0M (0%)            0M (0%)     
[2026-06-17T10:03:13.874+0800][1.967s][info][gc,heap     ] GC(58) y: Reclaimed:         -                  -                 0M (0%)            0M (0%)     
[2026-06-17T10:03:13.874+0800][1.967s][info][gc,heap     ] GC(58) y:  Promoted:         -                  -                 0M (0%)            0M (0%)     
[2026-06-17T10:03:13.874+0800][1.968s][info][gc,heap     ] GC(58) y: Compacted:         -                  -                  -                 0M (0%)     
[2026-06-17T10:03:13.874+0800][1.968s][info][gc,phases   ] GC(58) y: Young Generation 64M(100%)->64M(100%) 0.006s
[2026-06-17T10:03:13.875+0800][1.968s][info][gc          ] GC(58) Minor Collection (Allocation Stall) 64M(100%)->64M(100%) 0.013s
[2026-06-17T10:03:13.875+0800][1.968s][info][gc          ] GC(59) Major Collection (Allocation Stall)
[2026-06-17T10:03:13.875+0800][1.968s][info][gc,task     ] GC(59) Using 1 Workers for Young Generation
[2026-06-17T10:03:13.875+0800][1.968s][info][gc,task     ] GC(59) Using 1 Workers for Old Generation
[2026-06-17T10:03:13.875+0800][1.969s][info][gc,phases   ] GC(59) Y: Young Generation (Promote All)
[2026-06-17T10:03:13.876+0800][1.969s][info][gc,phases   ] GC(59) Y: Pause Mark Start 0.013ms
[2026-06-17T10:03:13.876+0800][1.970s][info][gc,phases   ] GC(59) Y: Concurrent Mark 0.581ms
[2026-06-17T10:03:13.877+0800][1.970s][info][gc,phases   ] GC(59) Y: Pause Mark End 0.008ms
[2026-06-17T10:03:13.877+0800][1.971s][info][gc,phases   ] GC(59) Y: Concurrent Mark Free 0.000ms
[2026-06-17T10:03:13.879+0800][1.973s][info][gc,phases   ] GC(59) Y: Concurrent Reset Relocation Set 0.001ms
[2026-06-17T10:03:13.880+0800][1.973s][info][gc,reloc    ] GC(59) Y: Using tenuring threshold: 0 (Promote All)
[2026-06-17T10:03:13.880+0800][1.974s][info][gc,phases   ] GC(59) Y: Concurrent Select Relocation Set 0.811ms
[2026-06-17T10:03:13.881+0800][1.974s][info][gc,phases   ] GC(59) Y: Pause Relocate Start 0.008ms
[2026-06-17T10:03:13.881+0800][1.974s][info][gc,phases   ] GC(59) Y: Concurrent Relocate 0.086ms
[2026-06-17T10:03:13.881+0800][1.974s][info][gc,alloc    ] GC(59) Y:                         Mark Start        Mark End      Relocate Start    Relocate End   
[2026-06-17T10:03:13.881+0800][1.975s][info][gc,alloc    ] GC(59) Y: Allocation Stalls:          1                1                1                1         
[2026-06-17T10:03:13.881+0800][1.975s][info][gc,load     ] GC(59) Y: Load: 0.38 (2%) / 0.43 (2%) / 0.50 (2%)
[2026-06-17T10:03:13.882+0800][1.975s][info][gc,mmu      ] GC(59) Y: MMU: 2ms/96.6%, 5ms/98.5%, 10ms/98.9%, 20ms/99.4%, 50ms/99.6%, 100ms/99.7%
[2026-06-17T10:03:13.882+0800][1.975s][info][gc,marking  ] GC(59) Y: Mark: 1 stripe(s), 1 proactive flush(es), 1 terminate flush(es), 0 completion(s), 0 continuation(s) 
[2026-06-17T10:03:13.882+0800][1.975s][info][gc,marking  ] GC(59) Y: Mark Stack Usage: 32M
[2026-06-17T10:03:13.882+0800][1.976s][info][gc,nmethod  ] GC(59) Y: NMethods: 69 registered, 3 unregistered
[2026-06-17T10:03:13.883+0800][1.976s][info][gc,metaspace] GC(59) Y: Metaspace: 0M used, 0M committed, 1088M reserved
[2026-06-17T10:03:13.883+0800][1.976s][info][gc,reloc    ] GC(59) Y:                        Candidates     Selected     In-Place         Size        Empty    Relocated 
[2026-06-17T10:03:13.883+0800][1.976s][info][gc,reloc    ] GC(59) Y: Small Pages:                    0            0            0           0M           0M           0M 
[2026-06-17T10:03:13.883+0800][1.977s][info][gc,reloc    ] GC(59) Y: Large Pages:                    1            0            0           2M           0M           0M 
[2026-06-17T10:03:13.883+0800][1.977s][info][gc,reloc    ] GC(59) Y: Forwarding Usage: 0M
[2026-06-17T10:03:13.884+0800][1.977s][info][gc,reloc    ] GC(59) Y: Age Table:
[2026-06-17T10:03:13.884+0800][1.977s][info][gc,reloc    ] GC(59) Y:                    Live             Garbage             Small              Medium             Large        
[2026-06-17T10:03:13.884+0800][1.978s][info][gc,reloc    ] GC(59) Y: Eden                -                 0M (0%)           0 / 0              0 / 0              0 / 0        
[2026-06-17T10:03:13.884+0800][1.978s][info][gc,reloc    ] GC(59) Y: Survivor 1         2M (3%)            0M (0%)           0 / 0              0 / 0              1 / 0        
[2026-06-17T10:03:13.884+0800][1.978s][info][gc,heap     ] GC(59) Y: Min Capacity: 64M(100%)
[2026-06-17T10:03:13.885+0800][1.978s][info][gc,heap     ] GC(59) Y: Max Capacity: 64M(100%)
[2026-06-17T10:03:13.885+0800][1.978s][info][gc,heap     ] GC(59) Y: Soft Max Capacity: 64M(100%)
[2026-06-17T10:03:13.885+0800][1.978s][info][gc,heap     ] GC(59) Y: Heap Statistics:
[2026-06-17T10:03:13.885+0800][1.978s][info][gc,heap     ] GC(59) Y:                Mark Start          Mark End        Relocate Start      Relocate End           High               Low         
[2026-06-17T10:03:13.885+0800][1.979s][info][gc,heap     ] GC(59) Y:  Capacity:       64M (100%)         64M (100%)         64M (100%)         64M (100%)         64M (100%)         64M (100%)   
[2026-06-17T10:03:13.886+0800][1.979s][info][gc,heap     ] GC(59) Y:      Free:        0M (0%)            0M (0%)            0M (0%)            0M (0%)            0M (0%)            0M (0%)     
[2026-06-17T10:03:13.886+0800][1.979s][info][gc,heap     ] GC(59) Y:      Used:       64M (100%)         64M (100%)         64M (100%)         64M (100%)         64M (100%)         64M (100%)   
[2026-06-17T10:03:13.886+0800][1.979s][info][gc,heap     ] GC(59) Y: Young Generation Statistics:
[2026-06-17T10:03:13.886+0800][1.979s][info][gc,heap     ] GC(59) Y:                Mark Start          Mark End        Relocate Start      Relocate End    
[2026-06-17T10:03:13.886+0800][1.980s][info][gc,heap     ] GC(59) Y:      Used:        2M (3%)            2M (3%)            0M (0%)            0M (0%)     
[2026-06-17T10:03:13.886+0800][1.980s][info][gc,heap     ] GC(59) Y:      Live:         -                 2M (3%)            0M (0%)            0M (0%)     
[2026-06-17T10:03:13.887+0800][1.980s][info][gc,heap     ] GC(59) Y:   Garbage:         -                 0M (0%)            0M (0%)            0M (0%)     
[2026-06-17T10:03:13.887+0800][1.980s][info][gc,heap     ] GC(59) Y: Allocated:         -                 0M (0%)            0M (0%)            0M (0%)     
[2026-06-17T10:03:13.887+0800][1.980s][info][gc,heap     ] GC(59) Y: Reclaimed:         -                  -                 0M (0%)            0M (0%)     
[2026-06-17T10:03:13.887+0800][1.981s][info][gc,heap     ] GC(59) Y:  Promoted:         -                  -                 2M (3%)            2M (3%)     
[2026-06-17T10:03:13.887+0800][1.981s][info][gc,heap     ] GC(59) Y: Compacted:         -                  -                  -                 0M (0%)     
[2026-06-17T10:03:13.888+0800][1.981s][info][gc,phases   ] GC(59) Y: Young Generation (Promote All) 64M(100%)->64M(100%) 0.006s
[2026-06-17T10:03:13.888+0800][1.981s][info][gc,phases   ] GC(59) Y: Young Generation (Collect Roots)
[2026-06-17T10:03:13.888+0800][1.981s][info][gc,phases   ] GC(59) Y: Pause Mark Start (Major) 0.014ms
[2026-06-17T10:03:13.889+0800][1.982s][info][gc,phases   ] GC(59) Y: Concurrent Mark 0.559ms
[2026-06-17T10:03:13.889+0800][1.983s][info][gc,phases   ] GC(59) Y: Pause Mark End 0.009ms
[2026-06-17T10:03:13.889+0800][1.983s][info][gc,phases   ] GC(59) Y: Concurrent Mark Free 0.032ms
[2026-06-17T10:03:13.890+0800][1.983s][info][gc,phases   ] GC(59) Y: Concurrent Reset Relocation Set 0.002ms
[2026-06-17T10:03:13.890+0800][1.984s][info][gc,reloc    ] GC(59) Y: Using tenuring threshold: 0 (Computed)
[2026-06-17T10:03:13.891+0800][1.984s][info][gc,phases   ] GC(59) Y: Concurrent Select Relocation Set 0.840ms
[2026-06-17T10:03:13.891+0800][1.984s][info][gc,phases   ] GC(59) Y: Pause Relocate Start 0.006ms
[2026-06-17T10:03:13.891+0800][1.984s][info][gc,phases   ] GC(59) Y: Concurrent Relocate 0.090ms
[2026-06-17T10:03:13.891+0800][1.985s][info][gc,alloc    ] GC(59) Y:                         Mark Start        Mark End      Relocate Start    Relocate End   
[2026-06-17T10:03:13.892+0800][1.985s][info][gc,alloc    ] GC(59) Y: Allocation Stalls:          1                1                1                1         
[2026-06-17T10:03:13.892+0800][1.985s][info][gc,load     ] GC(59) Y: Load: 0.38 (2%) / 0.43 (2%) / 0.50 (2%)
[2026-06-17T10:03:13.892+0800][1.985s][info][gc,mmu      ] GC(59) Y: MMU: 2ms/96.6%, 5ms/98.5%, 10ms/98.9%, 20ms/99.4%, 50ms/99.6%, 100ms/99.7%
[2026-06-17T10:03:13.892+0800][1.985s][info][gc,marking  ] GC(59) Y: Mark: 1 stripe(s), 1 proactive flush(es), 1 terminate flush(es), 0 completion(s), 0 continuation(s) 
[2026-06-17T10:03:13.892+0800][1.985s][info][gc,marking  ] GC(59) Y: Mark Stack Usage: 0M
[2026-06-17T10:03:13.892+0800][1.986s][info][gc,nmethod  ] GC(59) Y: NMethods: 69 registered, 3 unregistered
[2026-06-17T10:03:13.892+0800][1.986s][info][gc,metaspace] GC(59) Y: Metaspace: 0M used, 0M committed, 1088M reserved
[2026-06-17T10:03:13.892+0800][1.986s][info][gc,heap     ] GC(59) Y: Min Capacity: 64M(100%)
[2026-06-17T10:03:13.893+0800][1.986s][info][gc,heap     ] GC(59) Y: Max Capacity: 64M(100%)
[2026-06-17T10:03:13.893+0800][1.986s][info][gc,heap     ] GC(59) Y: Soft Max Capacity: 64M(100%)
[2026-06-17T10:03:13.893+0800][1.986s][info][gc,heap     ] GC(59) Y: Heap Statistics:
[2026-06-17T10:03:13.893+0800][1.987s][info][gc,heap     ] GC(59) Y:                Mark Start          Mark End        Relocate Start      Relocate End           High               Low         
[2026-06-17T10:03:13.893+0800][1.987s][info][gc,heap     ] GC(59) Y:  Capacity:       64M (100%)         64M (100%)         64M (100%)         64M (100%)         64M (100%)         64M (100%)   
[2026-06-17T10:03:13.894+0800][1.987s][info][gc,heap     ] GC(59) Y:      Free:        0M (0%)            0M (0%)            0M (0%)            0M (0%)            0M (0%)            0M (0%)     
[2026-06-17T10:03:13.894+0800][1.987s][info][gc,heap     ] GC(59) Y:      Used:       64M (100%)         64M (100%)         64M (100%)         64M (100%)         64M (100%)         64M (100%)   
[2026-06-17T10:03:13.894+0800][1.987s][info][gc,heap     ] GC(59) Y: Young Generation Statistics:
[2026-06-17T10:03:13.894+0800][1.988s][info][gc,heap     ] GC(59) Y:                Mark Start          Mark End        Relocate Start      Relocate End    
[2026-06-17T10:03:13.895+0800][1.988s][info][gc,heap     ] GC(59) Y:      Used:        0M (0%)            0M (0%)            0M (0%)            0M (0%)     
[2026-06-17T10:03:13.895+0800][1.988s][info][gc,heap     ] GC(59) Y:      Live:         -                 0M (0%)            0M (0%)            0M (0%)     
[2026-06-17T10:03:13.895+0800][1.988s][info][gc,heap     ] GC(59) Y:   Garbage:         -                 0M (0%)            0M (0%)            0M (0%)     
[2026-06-17T10:03:13.895+0800][1.988s][info][gc,heap     ] GC(59) Y: Allocated:         -                 0M (0%)            0M (0%)            0M (0%)     
[2026-06-17T10:03:13.895+0800][1.989s][info][gc,heap     ] GC(59) Y: Reclaimed:         -                  -                 0M (0%)            0M (0%)     
[2026-06-17T10:03:13.896+0800][1.989s][info][gc,heap     ] GC(59) Y:  Promoted:         -                  -                 0M (0%)            0M (0%)     
[2026-06-17T10:03:13.896+0800][1.989s][info][gc,heap     ] GC(59) Y: Compacted:         -                  -                  -                 0M (0%)     
[2026-06-17T10:03:13.896+0800][1.989s][info][gc,phases   ] GC(59) Y: Young Generation (Collect Roots) 64M(100%)->64M(100%) 0.004s
[2026-06-17T10:03:13.896+0800][1.989s][info][gc,phases   ] GC(59) O: Old Generation
[2026-06-17T10:03:13.897+0800][1.991s][info][gc,phases   ] GC(59) O: Concurrent Mark 0.993ms
[2026-06-17T10:03:13.898+0800][1.991s][info][gc,phases   ] GC(59) O: Pause Mark End 0.009ms
[2026-06-17T10:03:13.898+0800][1.991s][info][gc,phases   ] GC(59) O: Concurrent Mark Free 0.000ms
[2026-06-17T10:03:13.898+0800][1.992s][info][gc,ref      ] GC(59) O: Clearing All SoftReferences
[2026-06-17T10:03:13.899+0800][1.992s][info][gc,phases   ] GC(59) O: Concurrent Process Non-Strong 0.468ms
[2026-06-17T10:03:13.899+0800][1.992s][info][gc,phases   ] GC(59) O: Concurrent Reset Relocation Set 0.001ms
[2026-06-17T10:03:13.900+0800][1.993s][info][gc,phases   ] GC(59) O: Concurrent Select Relocation Set 0.535ms
[2026-06-17T10:03:13.900+0800][1.993s][info][gc,task     ] GC(59) O: Using 1 Workers for Old Generation
[2026-06-17T10:03:13.913+0800][2.006s][info][gc,task     ] GC(59) O: Using 1 Workers for Old Generation
[2026-06-17T10:03:13.913+0800][2.006s][info][gc,phases   ] GC(59) O: Concurrent Remap Roots 13.088ms
[2026-06-17T10:03:13.913+0800][2.006s][info][gc,phases   ] GC(59) O: Pause Relocate Start 0.012ms
[2026-06-17T10:03:13.913+0800][2.007s][info][gc,phases   ] GC(59) O: Concurrent Relocate 0.092ms
[2026-06-17T10:03:13.914+0800][2.007s][info][gc,alloc    ] GC(59) O:                         Mark Start        Mark End      Relocate Start    Relocate End   
[2026-06-17T10:03:13.914+0800][2.007s][info][gc,alloc    ] GC(59) O: Allocation Stalls:          1                1                1                1         
[2026-06-17T10:03:13.914+0800][2.007s][info][gc,load     ] GC(59) O: Load: 0.38 (2%) / 0.43 (2%) / 0.50 (2%)
[2026-06-17T10:03:13.914+0800][2.007s][info][gc,mmu      ] GC(59) O: MMU: 2ms/96.6%, 5ms/98.5%, 10ms/98.9%, 20ms/99.4%, 50ms/99.6%, 100ms/99.7%
[2026-06-17T10:03:13.914+0800][2.007s][info][gc,marking  ] GC(59) O: Mark: 1 stripe(s), 1 proactive flush(es), 1 terminate flush(es), 0 completion(s), 0 continuation(s) 
[2026-06-17T10:03:13.914+0800][2.007s][info][gc,marking  ] GC(59) O: Mark Stack Usage: 32M
[2026-06-17T10:03:13.914+0800][2.008s][info][gc,nmethod  ] GC(59) O: NMethods: 69 registered, 3 unregistered
[2026-06-17T10:03:13.914+0800][2.008s][info][gc,metaspace] GC(59) O: Metaspace: 0M used, 0M committed, 1088M reserved
[2026-06-17T10:03:13.914+0800][2.008s][info][gc,ref      ] GC(59) O:                       Encountered   Discovered     Enqueued 
[2026-06-17T10:03:13.915+0800][2.008s][info][gc,ref      ] GC(59) O: Soft References:                0            0            0 
[2026-06-17T10:03:13.915+0800][2.008s][info][gc,ref      ] GC(59) O: Weak References:                6            0            0 
[2026-06-17T10:03:13.915+0800][2.008s][info][gc,ref      ] GC(59) O: Final References:               0            0            0 
[2026-06-17T10:03:13.915+0800][2.008s][info][gc,ref      ] GC(59) O: Phantom References:             1            1            0 
[2026-06-17T10:03:13.915+0800][2.008s][info][gc,reloc    ] GC(59) O:                        Candidates     Selected     In-Place         Size        Empty    Relocated 
[2026-06-17T10:03:13.915+0800][2.008s][info][gc,reloc    ] GC(59) O: Small Pages:                    3            0            0           6M           0M           0M 
[2026-06-17T10:03:13.915+0800][2.008s][info][gc,reloc    ] GC(59) O: Large Pages:                   29            0            0          58M           0M           0M 
[2026-06-17T10:03:13.915+0800][2.008s][info][gc,reloc    ] GC(59) O: Forwarding Usage: 0M
[2026-06-17T10:03:13.915+0800][2.009s][info][gc,heap     ] GC(59) O: Min Capacity: 64M(100%)
[2026-06-17T10:03:13.915+0800][2.009s][info][gc,heap     ] GC(59) O: Max Capacity: 64M(100%)
[2026-06-17T10:03:13.915+0800][2.009s][info][gc,heap     ] GC(59) O: Soft Max Capacity: 64M(100%)
[2026-06-17T10:03:13.915+0800][2.009s][info][gc,heap     ] GC(59) O: Heap Statistics:
[2026-06-17T10:03:13.916+0800][2.009s][info][gc,heap     ] GC(59) O:                Mark Start          Mark End        Relocate Start      Relocate End           High               Low         
[2026-06-17T10:03:13.916+0800][2.009s][info][gc,heap     ] GC(59) O:  Capacity:       64M (100%)         64M (100%)         64M (100%)         64M (100%)         64M (100%)         64M (100%)   
[2026-06-17T10:03:13.916+0800][2.009s][info][gc,heap     ] GC(59) O:      Free:        0M (0%)            0M (0%)            0M (0%)            0M (0%)            0M (0%)            0M (0%)     
[2026-06-17T10:03:13.916+0800][2.009s][info][gc,heap     ] GC(59) O:      Used:       64M (100%)         64M (100%)         64M (100%)         64M (100%)         64M (100%)         64M (100%)   
[2026-06-17T10:03:13.916+0800][2.009s][info][gc,heap     ] GC(59) O: Old Generation Statistics:
[2026-06-17T10:03:13.916+0800][2.009s][info][gc,heap     ] GC(59) O:                Mark Start          Mark End        Relocate Start      Relocate End    
[2026-06-17T10:03:13.916+0800][2.009s][info][gc,heap     ] GC(59) O:      Used:       64M (100%)         64M (100%)         64M (100%)         64M (100%)   
[2026-06-17T10:03:13.916+0800][2.010s][info][gc,heap     ] GC(59) O:      Live:         -                62M (98%)          62M (98%)          62M (98%)    
[2026-06-17T10:03:13.916+0800][2.010s][info][gc,heap     ] GC(59) O:   Garbage:         -                 1M (2%)            1M (2%)            1M (2%)     
[2026-06-17T10:03:13.916+0800][2.010s][info][gc,heap     ] GC(59) O: Allocated:         -                 0M (0%)            0M (0%)            0M (0%)     
[2026-06-17T10:03:13.916+0800][2.010s][info][gc,heap     ] GC(59) O: Reclaimed:         -                  -                 0M (0%)            0M (0%)     
[2026-06-17T10:03:13.916+0800][2.010s][info][gc,heap     ] GC(59) O: Compacted:         -                  -                  -                 0M (0%)     
[2026-06-17T10:03:13.917+0800][2.010s][info][gc,phases   ] GC(59) O: Old Generation 64M(100%)->64M(100%) 0.017s
[2026-06-17T10:03:13.917+0800][2.010s][info][gc          ] GC(59) Major Collection (Allocation Stall) 64M(100%)->64M(100%) 0.042s
[2026-06-17T10:03:13.917+0800][2.010s][info][gc          ] Allocation Stall (main) 64.341ms
[2026-06-17T10:03:13.917+0800][2.010s][info][gc          ] GC(60) Minor Collection (Allocation Stall)
[2026-06-17T10:03:13.917+0800][2.010s][info][gc,task     ] GC(60) Using 1 Workers for Young Generation
[2026-06-17T10:03:13.917+0800][2.010s][info][gc,phases   ] GC(60) y: Young Generation
[2026-06-17T10:03:13.917+0800][2.011s][info][gc,phases   ] GC(60) y: Pause Mark Start 0.011ms
[2026-06-17T10:03:13.918+0800][2.011s][info][gc,phases   ] GC(60) y: Concurrent Mark 0.463ms
[2026-06-17T10:03:13.918+0800][2.011s][info][gc,phases   ] GC(60) y: Pause Mark End 0.007ms
[2026-06-17T10:03:13.918+0800][2.011s][info][gc,phases   ] GC(60) y: Concurrent Mark Free 0.000ms
[2026-06-17T10:03:13.918+0800][2.012s][info][gc,phases   ] GC(60) y: Concurrent Reset Relocation Set 0.001ms
[2026-06-17T10:03:13.919+0800][2.012s][info][gc,reloc    ] GC(60) y: Using tenuring threshold: 0 (Computed)
[2026-06-17T10:03:13.919+0800][2.012s][info][gc,phases   ] GC(60) y: Concurrent Select Relocation Set 0.827ms
[2026-06-17T10:03:13.919+0800][2.013s][info][gc,phases   ] GC(60) y: Pause Relocate Start 0.004ms
[2026-06-17T10:03:13.919+0800][2.013s][info][gc,phases   ] GC(60) y: Concurrent Relocate 0.120ms
[2026-06-17T10:03:13.920+0800][2.013s][info][gc,alloc    ] GC(60) y:                         Mark Start        Mark End      Relocate Start    Relocate End   
[2026-06-17T10:03:13.920+0800][2.013s][info][gc,alloc    ] GC(60) y: Allocation Stalls:          1                1                1                1         
[2026-06-17T10:03:13.920+0800][2.013s][info][gc,load     ] GC(60) y: Load: 0.38 (2%) / 0.43 (2%) / 0.50 (2%)
[2026-06-17T10:03:13.920+0800][2.013s][info][gc,mmu      ] GC(60) y: MMU: 2ms/96.6%, 5ms/98.5%, 10ms/98.9%, 20ms/99.4%, 50ms/99.6%, 100ms/99.7%
[2026-06-17T10:03:13.920+0800][2.013s][info][gc,marking  ] GC(60) y: Mark: 1 stripe(s), 1 proactive flush(es), 1 terminate flush(es), 0 completion(s), 0 continuation(s) 
[2026-06-17T10:03:13.920+0800][2.013s][info][gc,marking  ] GC(60) y: Mark Stack Usage: 0M
[2026-06-17T10:03:13.920+0800][2.014s][info][gc,nmethod  ] GC(60) y: NMethods: 69 registered, 3 unregistered
[2026-06-17T10:03:13.920+0800][2.014s][info][gc,metaspace] GC(60) y: Metaspace: 0M used, 0M committed, 1088M reserved
[2026-06-17T10:03:13.920+0800][2.014s][info][gc,heap     ] GC(60) y: Min Capacity: 64M(100%)
[2026-06-17T10:03:13.921+0800][2.014s][info][gc,heap     ] GC(60) y: Max Capacity: 64M(100%)
[2026-06-17T10:03:13.921+0800][2.014s][info][gc,heap     ] GC(60) y: Soft Max Capacity: 64M(100%)
[2026-06-17T10:03:13.921+0800][2.014s][info][gc,heap     ] GC(60) y: Heap Statistics:
[2026-06-17T10:03:13.921+0800][2.014s][info][gc,heap     ] GC(60) y:                Mark Start          Mark End        Relocate Start      Relocate End           High               Low         
[2026-06-17T10:03:13.921+0800][2.014s][info][gc,heap     ] GC(60) y:  Capacity:       64M (100%)         64M (100%)         64M (100%)         64M (100%)         64M (100%)         64M (100%)   
[2026-06-17T10:03:13.921+0800][2.014s][info][gc,heap     ] GC(60) y:      Free:        0M (0%)            0M (0%)            0M (0%)            0M (0%)            0M (0%)            0M (0%)     
[2026-06-17T10:03:13.921+0800][2.014s][info][gc,heap     ] GC(60) y:      Used:       64M (100%)         64M (100%)         64M (100%)         64M (100%)         64M (100%)         64M (100%)   
[2026-06-17T10:03:13.921+0800][2.014s][info][gc,heap     ] GC(60) y: Young Generation Statistics:
[2026-06-17T10:03:13.921+0800][2.015s][info][gc,heap     ] GC(60) y:                Mark Start          Mark End        Relocate Start      Relocate End    
[2026-06-17T10:03:13.921+0800][2.015s][info][gc,heap     ] GC(60) y:      Used:        0M (0%)            0M (0%)            0M (0%)            0M (0%)     
[2026-06-17T10:03:13.921+0800][2.015s][info][gc,heap     ] GC(60) y:      Live:         -                 0M (0%)            0M (0%)            0M (0%)     
[2026-06-17T10:03:13.921+0800][2.015s][info][gc,heap     ] GC(60) y:   Garbage:         -                 0M (0%)            0M (0%)            0M (0%)     
[2026-06-17T10:03:13.921+0800][2.015s][info][gc,heap     ] GC(60) y: Allocated:         -                 0M (0%)            0M (0%)            0M (0%)     
[2026-06-17T10:03:13.922+0800][2.015s][info][gc,heap     ] GC(60) y: Reclaimed:         -                  -                 0M (0%)            0M (0%)     
[2026-06-17T10:03:13.922+0800][2.015s][info][gc,heap     ] GC(60) y:  Promoted:         -                  -                 0M (0%)            0M (0%)     
[2026-06-17T10:03:13.922+0800][2.015s][info][gc,heap     ] GC(60) y: Compacted:         -                  -                  -                 0M (0%)     
[2026-06-17T10:03:13.922+0800][2.015s][info][gc,phases   ] GC(60) y: Young Generation 64M(100%)->64M(100%) 0.002s
[2026-06-17T10:03:13.922+0800][2.015s][info][gc          ] GC(60) Minor Collection (Allocation Stall) 64M(100%)->64M(100%) 0.005s
[2026-06-17T10:03:13.922+0800][2.015s][info][gc          ] GC(61) Major Collection (Allocation Stall)
[2026-06-17T10:03:13.922+0800][2.015s][info][gc,task     ] GC(61) Using 1 Workers for Young Generation
[2026-06-17T10:03:13.922+0800][2.016s][info][gc,task     ] GC(61) Using 1 Workers for Old Generation
[2026-06-17T10:03:13.922+0800][2.016s][info][gc,phases   ] GC(61) Y: Young Generation (Promote All)
[2026-06-17T10:03:13.922+0800][2.016s][info][gc,phases   ] GC(61) Y: Pause Mark Start 0.008ms
[2026-06-17T10:03:13.923+0800][2.016s][info][gc,phases   ] GC(61) Y: Concurrent Mark 0.401ms
[2026-06-17T10:03:13.923+0800][2.017s][info][gc,phases   ] GC(61) Y: Pause Mark End 0.026ms
[2026-06-17T10:03:13.923+0800][2.017s][info][gc,phases   ] GC(61) Y: Concurrent Mark Free 0.000ms
[2026-06-17T10:03:13.923+0800][2.017s][info][gc,phases   ] GC(61) Y: Concurrent Reset Relocation Set 0.000ms
[2026-06-17T10:03:13.924+0800][2.017s][info][gc,reloc    ] GC(61) Y: Using tenuring threshold: 0 (Promote All)
[2026-06-17T10:03:13.924+0800][2.018s][info][gc,phases   ] GC(61) Y: Concurrent Select Relocation Set 0.745ms
[2026-06-17T10:03:13.924+0800][2.018s][info][gc,phases   ] GC(61) Y: Pause Relocate Start 0.004ms
[2026-06-17T10:03:13.925+0800][2.018s][info][gc,phases   ] GC(61) Y: Concurrent Relocate 0.115ms
[2026-06-17T10:03:13.925+0800][2.018s][info][gc,alloc    ] GC(61) Y:                         Mark Start        Mark End      Relocate Start    Relocate End   
[2026-06-17T10:03:13.925+0800][2.018s][info][gc,alloc    ] GC(61) Y: Allocation Stalls:          1                1                1                1         
[2026-06-17T10:03:13.925+0800][2.018s][info][gc,load     ] GC(61) Y: Load: 0.38 (2%) / 0.43 (2%) / 0.50 (2%)
[2026-06-17T10:03:13.925+0800][2.018s][info][gc,mmu      ] GC(61) Y: MMU: 2ms/96.6%, 5ms/98.5%, 10ms/98.9%, 20ms/99.4%, 50ms/99.6%, 100ms/99.7%
[2026-06-17T10:03:13.925+0800][2.019s][info][gc,marking  ] GC(61) Y: Mark: 1 stripe(s), 1 proactive flush(es), 1 terminate flush(es), 0 completion(s), 0 continuation(s) 
[2026-06-17T10:03:13.925+0800][2.019s][info][gc,marking  ] GC(61) Y: Mark Stack Usage: 0M
[2026-06-17T10:03:13.925+0800][2.019s][info][gc,nmethod  ] GC(61) Y: NMethods: 69 registered, 3 unregistered
[2026-06-17T10:03:13.926+0800][2.019s][info][gc,metaspace] GC(61) Y: Metaspace: 0M used, 0M committed, 1088M reserved
[2026-06-17T10:03:13.926+0800][2.019s][info][gc,heap     ] GC(61) Y: Min Capacity: 64M(100%)
[2026-06-17T10:03:13.926+0800][2.019s][info][gc,heap     ] GC(61) Y: Max Capacity: 64M(100%)
[2026-06-17T10:03:13.926+0800][2.019s][info][gc,heap     ] GC(61) Y: Soft Max Capacity: 64M(100%)
[2026-06-17T10:03:13.926+0800][2.019s][info][gc,heap     ] GC(61) Y: Heap Statistics:
[2026-06-17T10:03:13.926+0800][2.019s][info][gc,heap     ] GC(61) Y:                Mark Start          Mark End        Relocate Start      Relocate End           High               Low         
[2026-06-17T10:03:13.926+0800][2.019s][info][gc,heap     ] GC(61) Y:  Capacity:       64M (100%)         64M (100%)         64M (100%)         64M (100%)         64M (100%)         64M (100%)   
[2026-06-17T10:03:13.926+0800][2.020s][info][gc,heap     ] GC(61) Y:      Free:        0M (0%)            0M (0%)            0M (0%)            0M (0%)            0M (0%)            0M (0%)     
[2026-06-17T10:03:13.926+0800][2.020s][info][gc,heap     ] GC(61) Y:      Used:       64M (100%)         64M (100%)         64M (100%)         64M (100%)         64M (100%)         64M (100%)   
[2026-06-17T10:03:13.926+0800][2.020s][info][gc,heap     ] GC(61) Y: Young Generation Statistics:
[2026-06-17T10:03:13.927+0800][2.020s][info][gc,heap     ] GC(61) Y:                Mark Start          Mark End        Relocate Start      Relocate End    
[2026-06-17T10:03:13.927+0800][2.020s][info][gc,heap     ] GC(61) Y:      Used:        0M (0%)            0M (0%)            0M (0%)            0M (0%)     
[2026-06-17T10:03:13.927+0800][2.020s][info][gc,heap     ] GC(61) Y:      Live:         -                 0M (0%)            0M (0%)            0M (0%)     
[2026-06-17T10:03:13.927+0800][2.020s][info][gc,heap     ] GC(61) Y:   Garbage:         -                 0M (0%)            0M (0%)            0M (0%)     
[2026-06-17T10:03:13.927+0800][2.020s][info][gc,heap     ] GC(61) Y: Allocated:         -                 0M (0%)            0M (0%)            0M (0%)     
[2026-06-17T10:03:13.927+0800][2.020s][info][gc,heap     ] GC(61) Y: Reclaimed:         -                  -                 0M (0%)            0M (0%)     
[2026-06-17T10:03:13.927+0800][2.020s][info][gc,heap     ] GC(61) Y:  Promoted:         -                  -                 0M (0%)            0M (0%)     
[2026-06-17T10:03:13.927+0800][2.020s][info][gc,heap     ] GC(61) Y: Compacted:         -                  -                  -                 0M (0%)     
[2026-06-17T10:03:13.927+0800][2.020s][info][gc,phases   ] GC(61) Y: Young Generation (Promote All) 64M(100%)->64M(100%) 0.002s
[2026-06-17T10:03:13.927+0800][2.021s][info][gc,phases   ] GC(61) Y: Young Generation (Collect Roots)
[2026-06-17T10:03:13.927+0800][2.021s][info][gc,phases   ] GC(61) Y: Pause Mark Start (Major) 0.012ms
[2026-06-17T10:03:13.928+0800][2.021s][info][gc,phases   ] GC(61) Y: Concurrent Mark 0.452ms
[2026-06-17T10:03:13.928+0800][2.021s][info][gc,phases   ] GC(61) Y: Pause Mark End 0.006ms
[2026-06-17T10:03:13.928+0800][2.022s][info][gc,phases   ] GC(61) Y: Concurrent Mark Free 0.001ms
[2026-06-17T10:03:13.928+0800][2.022s][info][gc,phases   ] GC(61) Y: Concurrent Reset Relocation Set 0.000ms
[2026-06-17T10:03:13.929+0800][2.022s][info][gc,reloc    ] GC(61) Y: Using tenuring threshold: 0 (Computed)
[2026-06-17T10:03:13.929+0800][2.023s][info][gc,phases   ] GC(61) Y: Concurrent Select Relocation Set 0.875ms
[2026-06-17T10:03:13.929+0800][2.023s][info][gc,phases   ] GC(61) Y: Pause Relocate Start 0.004ms
[2026-06-17T10:03:13.930+0800][2.023s][info][gc,phases   ] GC(61) Y: Concurrent Relocate 0.085ms
[2026-06-17T10:03:13.930+0800][2.023s][info][gc,alloc    ] GC(61) Y:                         Mark Start        Mark End      Relocate Start    Relocate End   
[2026-06-17T10:03:13.930+0800][2.023s][info][gc,alloc    ] GC(61) Y: Allocation Stalls:          1                1                1                1         
[2026-06-17T10:03:13.930+0800][2.023s][info][gc,load     ] GC(61) Y: Load: 0.38 (2%) / 0.43 (2%) / 0.50 (2%)
[2026-06-17T10:03:13.930+0800][2.023s][info][gc,mmu      ] GC(61) Y: MMU: 2ms/96.6%, 5ms/98.5%, 10ms/98.9%, 20ms/99.4%, 50ms/99.6%, 100ms/99.7%
[2026-06-17T10:03:13.930+0800][2.023s][info][gc,marking  ] GC(61) Y: Mark: 1 stripe(s), 1 proactive flush(es), 1 terminate flush(es), 0 completion(s), 0 continuation(s) 
[2026-06-17T10:03:13.930+0800][2.023s][info][gc,marking  ] GC(61) Y: Mark Stack Usage: 0M
[2026-06-17T10:03:13.930+0800][2.024s][info][gc,nmethod  ] GC(61) Y: NMethods: 69 registered, 3 unregistered
[2026-06-17T10:03:13.930+0800][2.024s][info][gc,metaspace] GC(61) Y: Metaspace: 0M used, 0M committed, 1088M reserved
[2026-06-17T10:03:13.930+0800][2.024s][info][gc,heap     ] GC(61) Y: Min Capacity: 64M(100%)
[2026-06-17T10:03:13.931+0800][2.024s][info][gc,heap     ] GC(61) Y: Max Capacity: 64M(100%)
[2026-06-17T10:03:13.931+0800][2.024s][info][gc,heap     ] GC(61) Y: Soft Max Capacity: 64M(100%)
[2026-06-17T10:03:13.931+0800][2.024s][info][gc,heap     ] GC(61) Y: Heap Statistics:
[2026-06-17T10:03:13.931+0800][2.024s][info][gc,heap     ] GC(61) Y:                Mark Start          Mark End        Relocate Start      Relocate End           High               Low         
[2026-06-17T10:03:13.931+0800][2.024s][info][gc,heap     ] GC(61) Y:  Capacity:       64M (100%)         64M (100%)         64M (100%)         64M (100%)         64M (100%)         64M (100%)   
[2026-06-17T10:03:13.931+0800][2.024s][info][gc,heap     ] GC(61) Y:      Free:        0M (0%)            0M (0%)            0M (0%)            0M (0%)            0M (0%)            0M (0%)     
[2026-06-17T10:03:13.931+0800][2.024s][info][gc,heap     ] GC(61) Y:      Used:       64M (100%)         64M (100%)         64M (100%)         64M (100%)         64M (100%)         64M (100%)   
[2026-06-17T10:03:13.931+0800][2.024s][info][gc,heap     ] GC(61) Y: Young Generation Statistics:
[2026-06-17T10:03:13.931+0800][2.025s][info][gc,heap     ] GC(61) Y:                Mark Start          Mark End        Relocate Start      Relocate End    
[2026-06-17T10:03:13.931+0800][2.025s][info][gc,heap     ] GC(61) Y:      Used:        0M (0%)            0M (0%)            0M (0%)            0M (0%)     
[2026-06-17T10:03:13.931+0800][2.025s][info][gc,heap     ] GC(61) Y:      Live:         -                 0M (0%)            0M (0%)            0M (0%)     
[2026-06-17T10:03:13.932+0800][2.025s][info][gc,heap     ] GC(61) Y:   Garbage:         -                 0M (0%)            0M (0%)            0M (0%)     
[2026-06-17T10:03:13.932+0800][2.025s][info][gc,heap     ] GC(61) Y: Allocated:         -                 0M (0%)            0M (0%)            0M (0%)     
[2026-06-17T10:03:13.932+0800][2.025s][info][gc,heap     ] GC(61) Y: Reclaimed:         -                  -                 0M (0%)            0M (0%)     
[2026-06-17T10:03:13.932+0800][2.025s][info][gc,heap     ] GC(61) Y:  Promoted:         -                  -                 0M (0%)            0M (0%)     
[2026-06-17T10:03:13.932+0800][2.025s][info][gc,heap     ] GC(61) Y: Compacted:         -                  -                  -                 0M (0%)     
[2026-06-17T10:03:13.932+0800][2.025s][info][gc,phases   ] GC(61) Y: Young Generation (Collect Roots) 64M(100%)->64M(100%) 0.002s
[2026-06-17T10:03:13.932+0800][2.026s][info][gc,phases   ] GC(61) O: Old Generation
[2026-06-17T10:03:13.933+0800][2.027s][info][gc,phases   ] GC(61) O: Concurrent Mark 0.879ms
[2026-06-17T10:03:13.933+0800][2.027s][info][gc,phases   ] GC(61) O: Pause Mark End 0.008ms
[2026-06-17T10:03:13.934+0800][2.027s][info][gc,phases   ] GC(61) O: Concurrent Mark Free 0.001ms
[2026-06-17T10:03:13.934+0800][2.027s][info][gc,ref      ] GC(61) O: Clearing All SoftReferences
[2026-06-17T10:03:13.934+0800][2.027s][info][gc,phases   ] GC(61) O: Concurrent Process Non-Strong 0.383ms
[2026-06-17T10:03:13.934+0800][2.028s][info][gc,phases   ] GC(61) O: Concurrent Reset Relocation Set 0.001ms
[2026-06-17T10:03:13.935+0800][2.028s][info][gc,phases   ] GC(61) O: Concurrent Select Relocation Set 0.555ms
[2026-06-17T10:03:13.935+0800][2.028s][info][gc,task     ] GC(61) O: Using 1 Workers for Old Generation
[2026-06-17T10:03:13.948+0800][2.041s][info][gc,task     ] GC(61) O: Using 1 Workers for Old Generation
[2026-06-17T10:03:13.948+0800][2.041s][info][gc,phases   ] GC(61) O: Concurrent Remap Roots 13.014ms
[2026-06-17T10:03:13.948+0800][2.042s][info][gc,phases   ] GC(61) O: Pause Relocate Start 0.011ms
[2026-06-17T10:03:13.948+0800][2.042s][info][gc,phases   ] GC(61) O: Concurrent Relocate 0.066ms
[2026-06-17T10:03:13.949+0800][2.042s][info][gc,alloc    ] GC(61) O:                         Mark Start        Mark End      Relocate Start    Relocate End   
[2026-06-17T10:03:13.949+0800][2.042s][info][gc,alloc    ] GC(61) O: Allocation Stalls:          1                1                1                1         
[2026-06-17T10:03:13.949+0800][2.042s][info][gc,load     ] GC(61) O: Load: 0.38 (2%) / 0.43 (2%) / 0.50 (2%)
[2026-06-17T10:03:13.949+0800][2.042s][info][gc,mmu      ] GC(61) O: MMU: 2ms/96.6%, 5ms/98.5%, 10ms/98.9%, 20ms/99.4%, 50ms/99.6%, 100ms/99.7%
[2026-06-17T10:03:13.949+0800][2.042s][info][gc,marking  ] GC(61) O: Mark: 1 stripe(s), 1 proactive flush(es), 1 terminate flush(es), 0 completion(s), 0 continuation(s) 
[2026-06-17T10:03:13.949+0800][2.042s][info][gc,marking  ] GC(61) O: Mark Stack Usage: 32M
[2026-06-17T10:03:13.949+0800][2.043s][info][gc,nmethod  ] GC(61) O: NMethods: 69 registered, 3 unregistered
[2026-06-17T10:03:13.949+0800][2.043s][info][gc,metaspace] GC(61) O: Metaspace: 0M used, 0M committed, 1088M reserved
[2026-06-17T10:03:13.950+0800][2.043s][info][gc,ref      ] GC(61) O:                       Encountered   Discovered     Enqueued 
[2026-06-17T10:03:13.950+0800][2.043s][info][gc,ref      ] GC(61) O: Soft References:                0            0            0 
[2026-06-17T10:03:13.950+0800][2.043s][info][gc,ref      ] GC(61) O: Weak References:                6            0            0 
[2026-06-17T10:03:13.950+0800][2.043s][info][gc,ref      ] GC(61) O: Final References:               0            0            0 
[2026-06-17T10:03:13.950+0800][2.043s][info][gc,ref      ] GC(61) O: Phantom References:             1            1            0 
[2026-06-17T10:03:13.950+0800][2.044s][info][gc,reloc    ] GC(61) O:                        Candidates     Selected     In-Place         Size        Empty    Relocated 
[2026-06-17T10:03:13.950+0800][2.044s][info][gc,reloc    ] GC(61) O: Small Pages:                    3            0            0           6M           0M           0M 
[2026-06-17T10:03:13.951+0800][2.044s][info][gc,reloc    ] GC(61) O: Large Pages:                   29            0            0          58M           0M           0M 
[2026-06-17T10:03:13.951+0800][2.044s][info][gc,reloc    ] GC(61) O: Forwarding Usage: 0M
[2026-06-17T10:03:13.951+0800][2.044s][info][gc,heap     ] GC(61) O: Min Capacity: 64M(100%)
[2026-06-17T10:03:13.951+0800][2.044s][info][gc,heap     ] GC(61) O: Max Capacity: 64M(100%)
[2026-06-17T10:03:13.951+0800][2.044s][info][gc,heap     ] GC(61) O: Soft Max Capacity: 64M(100%)
[2026-06-17T10:03:13.951+0800][2.044s][info][gc,heap     ] GC(61) O: Heap Statistics:
[2026-06-17T10:03:13.951+0800][2.044s][info][gc,heap     ] GC(61) O:                Mark Start          Mark End        Relocate Start      Relocate End           High               Low         
[2026-06-17T10:03:13.951+0800][2.044s][info][gc,heap     ] GC(61) O:  Capacity:       64M (100%)         64M (100%)         64M (100%)         64M (100%)         64M (100%)         64M (100%)   
[2026-06-17T10:03:13.951+0800][2.045s][info][gc,heap     ] GC(61) O:      Free:        0M (0%)            0M (0%)            0M (0%)            0M (0%)            0M (0%)            0M (0%)     
[2026-06-17T10:03:13.951+0800][2.045s][info][gc,heap     ] GC(61) O:      Used:       64M (100%)         64M (100%)         64M (100%)         64M (100%)         64M (100%)         64M (100%)   
[2026-06-17T10:03:13.951+0800][2.045s][info][gc,heap     ] GC(61) O: Old Generation Statistics:
[2026-06-17T10:03:13.951+0800][2.045s][info][gc,heap     ] GC(61) O:                Mark Start          Mark End        Relocate Start      Relocate End    
[2026-06-17T10:03:13.952+0800][2.045s][info][gc,heap     ] GC(61) O:      Used:       64M (100%)         64M (100%)         64M (100%)         64M (100%)   
[2026-06-17T10:03:13.952+0800][2.045s][info][gc,heap     ] GC(61) O:      Live:         -                62M (98%)          62M (98%)          62M (98%)    
[2026-06-17T10:03:13.952+0800][2.045s][info][gc,heap     ] GC(61) O:   Garbage:         -                 1M (2%)            1M (2%)            1M (2%)     
[2026-06-17T10:03:13.952+0800][2.045s][info][gc,heap     ] GC(61) O: Allocated:         -                 0M (0%)            0M (0%)            0M (0%)     
[2026-06-17T10:03:13.952+0800][2.045s][info][gc,heap     ] GC(61) O: Reclaimed:         -                  -                 0M (0%)            0M (0%)     
[2026-06-17T10:03:13.952+0800][2.045s][info][gc,heap     ] GC(61) O: Compacted:         -                  -                  -                 0M (0%)     
[2026-06-17T10:03:13.952+0800][2.045s][info][gc,phases   ] GC(61) O: Old Generation 64M(100%)->64M(100%) 0.016s
[2026-06-17T10:03:13.952+0800][2.045s][info][gc          ] GC(61) Major Collection (Allocation Stall) 64M(100%)->64M(100%) 0.030s
[2026-06-17T10:03:13.952+0800][2.046s][info][gc          ] Allocation Stall (main) 35.234ms
[2026-06-17T10:03:13.952+0800][2.046s][info][gc          ] Out Of Memory (main)
[2026-06-17T10:03:13.953+0800][2.046s][info][gc          ] GC(62) Minor Collection (Allocation Stall)
[2026-06-17T10:03:13.953+0800][2.046s][info][gc,task     ] GC(62) Using 1 Workers for Young Generation
[2026-06-17T10:03:13.953+0800][2.046s][info][gc,phases   ] GC(62) y: Young Generation
[2026-06-17T10:03:13.953+0800][2.046s][info][gc,phases   ] GC(62) y: Pause Mark Start 0.010ms
[2026-06-17T10:03:13.953+0800][2.047s][info][gc,phases   ] GC(62) y: Concurrent Mark 0.421ms
[2026-06-17T10:03:13.954+0800][2.047s][info][gc,phases   ] GC(62) y: Pause Mark End 0.006ms
[2026-06-17T10:03:13.954+0800][2.047s][info][gc,phases   ] GC(62) y: Concurrent Mark Free 0.001ms
[2026-06-17T10:03:13.954+0800][2.047s][info][gc,phases   ] GC(62) y: Concurrent Reset Relocation Set 0.000ms
[2026-06-17T10:03:13.954+0800][2.048s][info][gc,reloc    ] GC(62) y: Using tenuring threshold: 0 (Computed)
[2026-06-17T10:03:13.955+0800][2.048s][info][gc,phases   ] GC(62) y: Concurrent Select Relocation Set 0.767ms
[2026-06-17T10:03:13.955+0800][2.048s][info][gc,phases   ] GC(62) y: Pause Relocate Start 0.004ms
[2026-06-17T10:03:13.955+0800][2.049s][info][gc,phases   ] GC(62) y: Concurrent Relocate 0.232ms
[2026-06-17T10:03:13.956+0800][2.049s][info][gc,alloc    ] GC(62) y:                         Mark Start        Mark End      Relocate Start    Relocate End   
[2026-06-17T10:03:13.956+0800][2.049s][info][gc,alloc    ] GC(62) y: Allocation Stalls:          1                1                1                1         
[2026-06-17T10:03:13.956+0800][2.049s][info][gc,load     ] GC(62) y: Load: 0.38 (2%) / 0.43 (2%) / 0.50 (2%)
[2026-06-17T10:03:13.956+0800][2.049s][info][gc,mmu      ] GC(62) y: MMU: 2ms/96.6%, 5ms/98.5%, 10ms/98.9%, 20ms/99.4%, 50ms/99.6%, 100ms/99.7%
[2026-06-17T10:03:13.956+0800][2.050s][info][gc,marking  ] GC(62) y: Mark: 1 stripe(s), 1 proactive flush(es), 1 terminate flush(es), 0 completion(s), 0 continuation(s) 
[2026-06-17T10:03:13.956+0800][2.050s][info][gc,marking  ] GC(62) y: Mark Stack Usage: 0M
[2026-06-17T10:03:13.957+0800][2.050s][info][gc,nmethod  ] GC(62) y: NMethods: 70 registered, 3 unregistered
[2026-06-17T10:03:13.957+0800][2.050s][info][gc,metaspace] GC(62) y: Metaspace: 0M used, 0M committed, 1088M reserved
[2026-06-17T10:03:13.957+0800][2.050s][info][gc,heap     ] GC(62) y: Min Capacity: 64M(100%)
[2026-06-17T10:03:13.957+0800][2.050s][info][gc,heap     ] GC(62) y: Max Capacity: 64M(100%)
[2026-06-17T10:03:13.957+0800][2.051s][info][gc,heap     ] GC(62) y: Soft Max Capacity: 64M(100%)
[2026-06-17T10:03:13.958+0800][2.051s][info][gc,heap     ] GC(62) y: Heap Statistics:
[2026-06-17T10:03:13.958+0800][2.051s][info][gc,heap     ] GC(62) y:                Mark Start          Mark End        Relocate Start      Relocate End           High               Low         
[2026-06-17T10:03:13.958+0800][2.051s][info][gc,heap     ] GC(62) y:  Capacity:       64M (100%)         64M (100%)         64M (100%)         64M (100%)         64M (100%)         64M (100%)   
[2026-06-17T10:03:13.958+0800][2.051s][info][gc,heap     ] GC(62) y:      Free:        0M (0%)            0M (0%)            0M (0%)            0M (0%)            0M (0%)            0M (0%)     
[2026-06-17T10:03:13.958+0800][2.052s][info][gc,heap     ] GC(62) y:      Used:       64M (100%)         64M (100%)         64M (100%)         64M (100%)         64M (100%)         64M (100%)   
[2026-06-17T10:03:13.958+0800][2.052s][info][gc,heap     ] GC(62) y: Young Generation Statistics:
[2026-06-17T10:03:13.959+0800][2.052s][info][gc,heap     ] GC(62) y:                Mark Start          Mark End        Relocate Start      Relocate End    
[2026-06-17T10:03:13.959+0800][2.052s][info][gc,heap     ] GC(62) y:      Used:        0M (0%)            0M (0%)            0M (0%)            0M (0%)     
[2026-06-17T10:03:13.959+0800][2.052s][info][gc,heap     ] GC(62) y:      Live:         -                 0M (0%)            0M (0%)            0M (0%)     
[2026-06-17T10:03:13.959+0800][2.052s][info][gc,heap     ] GC(62) y:   Garbage:         -                 0M (0%)            0M (0%)            0M (0%)     
[2026-06-17T10:03:13.959+0800][2.053s][info][gc,heap     ] GC(62) y: Allocated:         -                 0M (0%)            0M (0%)            0M (0%)     
[2026-06-17T10:03:13.959+0800][2.053s][info][gc,heap     ] GC(62) y: Reclaimed:         -                  -                 0M (0%)            0M (0%)     
[2026-06-17T10:03:13.960+0800][2.053s][info][gc,heap     ] GC(62) y:  Promoted:         -                  -                 0M (0%)            0M (0%)     
[2026-06-17T10:03:13.960+0800][2.053s][info][gc,heap     ] GC(62) y: Compacted:         -                  -                  -                 0M (0%)     
[2026-06-17T10:03:13.960+0800][2.053s][info][gc,phases   ] GC(62) y: Young Generation 64M(100%)->64M(100%) 0.003s
[2026-06-17T10:03:13.960+0800][2.053s][info][gc          ] GC(62) Minor Collection (Allocation Stall) 64M(100%)->64M(100%) 0.007s
[2026-06-17T10:03:13.960+0800][2.053s][info][gc          ] GC(63) Major Collection (Allocation Stall)
[2026-06-17T10:03:13.960+0800][2.053s][info][gc,task     ] GC(63) Using 1 Workers for Young Generation
[2026-06-17T10:03:13.960+0800][2.053s][info][gc,task     ] GC(63) Using 1 Workers for Old Generation
[2026-06-17T10:03:13.960+0800][2.053s][info][gc,phases   ] GC(63) Y: Young Generation (Promote All)
[2026-06-17T10:03:13.960+0800][2.054s][info][gc,phases   ] GC(63) Y: Pause Mark Start 0.011ms
[2026-06-17T10:03:13.961+0800][2.054s][info][gc,phases   ] GC(63) Y: Concurrent Mark 0.425ms
[2026-06-17T10:03:13.961+0800][2.054s][info][gc,phases   ] GC(63) Y: Pause Mark End 0.013ms
[2026-06-17T10:03:13.961+0800][2.054s][info][gc,phases   ] GC(63) Y: Concurrent Mark Free 0.001ms
[2026-06-17T10:03:13.961+0800][2.055s][info][gc,phases   ] GC(63) Y: Concurrent Reset Relocation Set 0.001ms
[2026-06-17T10:03:13.962+0800][2.055s][info][gc,reloc    ] GC(63) Y: Using tenuring threshold: 0 (Promote All)
[2026-06-17T10:03:13.962+0800][2.056s][info][gc,phases   ] GC(63) Y: Concurrent Select Relocation Set 0.862ms
[2026-06-17T10:03:13.962+0800][2.056s][info][gc,phases   ] GC(63) Y: Pause Relocate Start 0.006ms
[2026-06-17T10:03:13.963+0800][2.056s][info][gc,phases   ] GC(63) Y: Concurrent Relocate 0.090ms
[2026-06-17T10:03:13.963+0800][2.056s][info][gc,alloc    ] GC(63) Y:                         Mark Start        Mark End      Relocate Start    Relocate End   
[2026-06-17T10:03:13.963+0800][2.056s][info][gc,alloc    ] GC(63) Y: Allocation Stalls:          1                1                1                1         
[2026-06-17T10:03:13.963+0800][2.056s][info][gc,load     ] GC(63) Y: Load: 0.38 (2%) / 0.43 (2%) / 0.50 (2%)
[2026-06-17T10:03:13.963+0800][2.056s][info][gc,mmu      ] GC(63) Y: MMU: 2ms/96.6%, 5ms/98.5%, 10ms/98.9%, 20ms/99.4%, 50ms/99.6%, 100ms/99.7%
[2026-06-17T10:03:13.963+0800][2.057s][info][gc,marking  ] GC(63) Y: Mark: 1 stripe(s), 1 proactive flush(es), 1 terminate flush(es), 0 completion(s), 0 continuation(s) 
[2026-06-17T10:03:13.963+0800][2.057s][info][gc,marking  ] GC(63) Y: Mark Stack Usage: 0M
[2026-06-17T10:03:13.963+0800][2.057s][info][gc,nmethod  ] GC(63) Y: NMethods: 70 registered, 3 unregistered
[2026-06-17T10:03:13.963+0800][2.057s][info][gc,metaspace] GC(63) Y: Metaspace: 0M used, 0M committed, 1088M reserved
[2026-06-17T10:03:13.964+0800][2.057s][info][gc,heap     ] GC(63) Y: Min Capacity: 64M(100%)
[2026-06-17T10:03:13.964+0800][2.057s][info][gc,heap     ] GC(63) Y: Max Capacity: 64M(100%)
[2026-06-17T10:03:13.964+0800][2.057s][info][gc,heap     ] GC(63) Y: Soft Max Capacity: 64M(100%)
[2026-06-17T10:03:13.964+0800][2.057s][info][gc,heap     ] GC(63) Y: Heap Statistics:
[2026-06-17T10:03:13.964+0800][2.057s][info][gc,heap     ] GC(63) Y:                Mark Start          Mark End        Relocate Start      Relocate End           High               Low         
[2026-06-17T10:03:13.964+0800][2.057s][info][gc,heap     ] GC(63) Y:  Capacity:       64M (100%)         64M (100%)         64M (100%)         64M (100%)         64M (100%)         64M (100%)   
[2026-06-17T10:03:13.964+0800][2.058s][info][gc,heap     ] GC(63) Y:      Free:        0M (0%)            0M (0%)            0M (0%)            0M (0%)            0M (0%)            0M (0%)     
[2026-06-17T10:03:13.964+0800][2.058s][info][gc,heap     ] GC(63) Y:      Used:       64M (100%)         64M (100%)         64M (100%)         64M (100%)         64M (100%)         64M (100%)   
[2026-06-17T10:03:13.964+0800][2.058s][info][gc,heap     ] GC(63) Y: Young Generation Statistics:
[2026-06-17T10:03:13.965+0800][2.058s][info][gc,heap     ] GC(63) Y:                Mark Start          Mark End        Relocate Start      Relocate End    
[2026-06-17T10:03:13.965+0800][2.058s][info][gc,heap     ] GC(63) Y:      Used:        0M (0%)            0M (0%)            0M (0%)            0M (0%)     
[2026-06-17T10:03:13.965+0800][2.058s][info][gc,heap     ] GC(63) Y:      Live:         -                 0M (0%)            0M (0%)            0M (0%)     
[2026-06-17T10:03:13.965+0800][2.058s][info][gc,heap     ] GC(63) Y:   Garbage:         -                 0M (0%)            0M (0%)            0M (0%)     
[2026-06-17T10:03:13.965+0800][2.058s][info][gc,heap     ] GC(63) Y: Allocated:         -                 0M (0%)            0M (0%)            0M (0%)     
[2026-06-17T10:03:13.965+0800][2.058s][info][gc,heap     ] GC(63) Y: Reclaimed:         -                  -                 0M (0%)            0M (0%)     
[2026-06-17T10:03:13.965+0800][2.058s][info][gc,heap     ] GC(63) Y:  Promoted:         -                  -                 0M (0%)            0M (0%)     
[2026-06-17T10:03:13.965+0800][2.058s][info][gc,heap     ] GC(63) Y: Compacted:         -                  -                  -                 0M (0%)     
[2026-06-17T10:03:13.965+0800][2.058s][info][gc,phases   ] GC(63) Y: Young Generation (Promote All) 64M(100%)->64M(100%) 0.003s
[2026-06-17T10:03:13.965+0800][2.059s][info][gc,phases   ] GC(63) Y: Young Generation (Collect Roots)
[2026-06-17T10:03:13.965+0800][2.059s][info][gc,phases   ] GC(63) Y: Pause Mark Start (Major) 0.009ms
[2026-06-17T10:03:13.966+0800][2.059s][info][gc,phases   ] GC(63) Y: Concurrent Mark 0.454ms
[2026-06-17T10:03:13.966+0800][2.059s][info][gc,phases   ] GC(63) Y: Pause Mark End 0.006ms
[2026-06-17T10:03:13.966+0800][2.059s][info][gc,phases   ] GC(63) Y: Concurrent Mark Free 0.000ms
[2026-06-17T10:03:13.966+0800][2.060s][info][gc,phases   ] GC(63) Y: Concurrent Reset Relocation Set 0.000ms
[2026-06-17T10:03:13.967+0800][2.060s][info][gc,reloc    ] GC(63) Y: Using tenuring threshold: 0 (Computed)
[2026-06-17T10:03:13.967+0800][2.061s][info][gc,phases   ] GC(63) Y: Concurrent Select Relocation Set 0.901ms
[2026-06-17T10:03:13.967+0800][2.061s][info][gc,phases   ] GC(63) Y: Pause Relocate Start 0.004ms
[2026-06-17T10:03:13.968+0800][2.061s][info][gc,phases   ] GC(63) Y: Concurrent Relocate 0.103ms
[2026-06-17T10:03:13.968+0800][2.061s][info][gc,alloc    ] GC(63) Y:                         Mark Start        Mark End      Relocate Start    Relocate End   
[2026-06-17T10:03:13.968+0800][2.061s][info][gc,alloc    ] GC(63) Y: Allocation Stalls:          1                1                1                1         
[2026-06-17T10:03:13.968+0800][2.061s][info][gc,load     ] GC(63) Y: Load: 0.38 (2%) / 0.43 (2%) / 0.50 (2%)
[2026-06-17T10:03:13.968+0800][2.061s][info][gc,mmu      ] GC(63) Y: MMU: 2ms/96.6%, 5ms/98.5%, 10ms/98.9%, 20ms/99.4%, 50ms/99.6%, 100ms/99.7%
[2026-06-17T10:03:13.968+0800][2.062s][info][gc,marking  ] GC(63) Y: Mark: 1 stripe(s), 1 proactive flush(es), 1 terminate flush(es), 0 completion(s), 0 continuation(s) 
[2026-06-17T10:03:13.968+0800][2.062s][info][gc,marking  ] GC(63) Y: Mark Stack Usage: 0M
[2026-06-17T10:03:13.968+0800][2.062s][info][gc,nmethod  ] GC(63) Y: NMethods: 70 registered, 3 unregistered
[2026-06-17T10:03:13.969+0800][2.062s][info][gc,metaspace] GC(63) Y: Metaspace: 0M used, 0M committed, 1088M reserved
[2026-06-17T10:03:13.969+0800][2.062s][info][gc,heap     ] GC(63) Y: Min Capacity: 64M(100%)
[2026-06-17T10:03:13.969+0800][2.062s][info][gc,heap     ] GC(63) Y: Max Capacity: 64M(100%)
[2026-06-17T10:03:13.969+0800][2.062s][info][gc,heap     ] GC(63) Y: Soft Max Capacity: 64M(100%)
[2026-06-17T10:03:13.969+0800][2.062s][info][gc,heap     ] GC(63) Y: Heap Statistics:
[2026-06-17T10:03:13.969+0800][2.062s][info][gc,heap     ] GC(63) Y:                Mark Start          Mark End        Relocate Start      Relocate End           High               Low         
[2026-06-17T10:03:13.969+0800][2.062s][info][gc,heap     ] GC(63) Y:  Capacity:       64M (100%)         64M (100%)         64M (100%)         64M (100%)         64M (100%)         64M (100%)   
[2026-06-17T10:03:13.969+0800][2.062s][info][gc,heap     ] GC(63) Y:      Free:        0M (0%)            0M (0%)            0M (0%)            0M (0%)            0M (0%)            0M (0%)     
[2026-06-17T10:03:13.969+0800][2.063s][info][gc,heap     ] GC(63) Y:      Used:       64M (100%)         64M (100%)         64M (100%)         64M (100%)         64M (100%)         64M (100%)   
[2026-06-17T10:03:13.969+0800][2.063s][info][gc,heap     ] GC(63) Y: Young Generation Statistics:
[2026-06-17T10:03:13.969+0800][2.063s][info][gc,heap     ] GC(63) Y:                Mark Start          Mark End        Relocate Start      Relocate End    
[2026-06-17T10:03:13.970+0800][2.063s][info][gc,heap     ] GC(63) Y:      Used:        0M (0%)            0M (0%)            0M (0%)            0M (0%)     
[2026-06-17T10:03:13.970+0800][2.063s][info][gc,heap     ] GC(63) Y:      Live:         -                 0M (0%)            0M (0%)            0M (0%)     
[2026-06-17T10:03:13.970+0800][2.063s][info][gc,heap     ] GC(63) Y:   Garbage:         -                 0M (0%)            0M (0%)            0M (0%)     
[2026-06-17T10:03:13.970+0800][2.063s][info][gc,heap     ] GC(63) Y: Allocated:         -                 0M (0%)            0M (0%)            0M (0%)     
[2026-06-17T10:03:13.970+0800][2.063s][info][gc,heap     ] GC(63) Y: Reclaimed:         -                  -                 0M (0%)            0M (0%)     
[2026-06-17T10:03:13.970+0800][2.063s][info][gc,heap     ] GC(63) Y:  Promoted:         -                  -                 0M (0%)            0M (0%)     
[2026-06-17T10:03:13.970+0800][2.064s][info][gc,heap     ] GC(63) Y: Compacted:         -                  -                  -                 0M (0%)     
[2026-06-17T10:03:13.970+0800][2.064s][info][gc,phases   ] GC(63) Y: Young Generation (Collect Roots) 64M(100%)->64M(100%) 0.002s
[2026-06-17T10:03:13.970+0800][2.064s][info][gc,phases   ] GC(63) O: Old Generation
[2026-06-17T10:03:13.971+0800][2.065s][info][gc,phases   ] GC(63) O: Concurrent Mark 0.892ms
[2026-06-17T10:03:13.972+0800][2.065s][info][gc,phases   ] GC(63) O: Pause Mark End 0.007ms
[2026-06-17T10:03:13.972+0800][2.065s][info][gc,phases   ] GC(63) O: Concurrent Mark Free 0.000ms
[2026-06-17T10:03:13.972+0800][2.065s][info][gc,ref      ] GC(63) O: Clearing All SoftReferences
[2026-06-17T10:03:13.972+0800][2.065s][info][gc,phases   ] GC(63) O: Concurrent Process Non-Strong 0.334ms
[2026-06-17T10:03:13.972+0800][2.065s][info][gc,phases   ] GC(63) O: Concurrent Reset Relocation Set 0.001ms
[2026-06-17T10:03:13.973+0800][2.066s][info][gc,phases   ] GC(63) O: Concurrent Select Relocation Set 0.563ms
[2026-06-17T10:03:13.973+0800][2.066s][info][gc,task     ] GC(63) O: Using 1 Workers for Old Generation
[2026-06-17T10:03:13.973+0800][2.066s][info][gc          ] Allocation Stall (main) 20.296ms
[2026-06-17T10:03:13.986+0800][2.079s][info][gc,task     ] GC(63) O: Using 1 Workers for Old Generation
[2026-06-17T10:03:13.986+0800][2.079s][info][gc,phases   ] GC(63) O: Concurrent Remap Roots 13.142ms
[2026-06-17T10:03:13.986+0800][2.080s][info][gc,phases   ] GC(63) O: Pause Relocate Start 0.011ms
[2026-06-17T10:03:13.987+0800][2.080s][info][gc,phases   ] GC(63) O: Concurrent Relocate 0.084ms
[2026-06-17T10:03:13.987+0800][2.080s][info][gc,alloc    ] GC(63) O:                         Mark Start        Mark End      Relocate Start    Relocate End   
[2026-06-17T10:03:13.987+0800][2.080s][info][gc,alloc    ] GC(63) O: Allocation Stalls:          1                1                0                0         
[2026-06-17T10:03:13.987+0800][2.080s][info][gc,load     ] GC(63) O: Load: 0.38 (2%) / 0.43 (2%) / 0.50 (2%)
[2026-06-17T10:03:13.987+0800][2.080s][info][gc,mmu      ] GC(63) O: MMU: 2ms/96.6%, 5ms/98.5%, 10ms/98.9%, 20ms/99.4%, 50ms/99.6%, 100ms/99.7%
[2026-06-17T10:03:13.987+0800][2.080s][info][gc,marking  ] GC(63) O: Mark: 1 stripe(s), 1 proactive flush(es), 1 terminate flush(es), 0 completion(s), 0 continuation(s) 
[2026-06-17T10:03:13.987+0800][2.081s][info][gc,marking  ] GC(63) O: Mark Stack Usage: 32M
[2026-06-17T10:03:13.987+0800][2.081s][info][gc,nmethod  ] GC(63) O: NMethods: 71 registered, 3 unregistered
[2026-06-17T10:03:13.987+0800][2.081s][info][gc,metaspace] GC(63) O: Metaspace: 0M used, 0M committed, 1088M reserved
[2026-06-17T10:03:13.987+0800][2.081s][info][gc,ref      ] GC(63) O:                       Encountered   Discovered     Enqueued 
[2026-06-17T10:03:13.988+0800][2.081s][info][gc,ref      ] GC(63) O: Soft References:                0            0            0 
[2026-06-17T10:03:13.988+0800][2.081s][info][gc,ref      ] GC(63) O: Weak References:                6            0            0 
[2026-06-17T10:03:13.988+0800][2.081s][info][gc,ref      ] GC(63) O: Final References:               0            0            0 
[2026-06-17T10:03:13.988+0800][2.081s][info][gc,ref      ] GC(63) O: Phantom References:             1            1            0 
[2026-06-17T10:03:13.988+0800][2.081s][info][gc,reloc    ] GC(63) O:                        Candidates     Selected     In-Place         Size        Empty    Relocated 
[2026-06-17T10:03:13.988+0800][2.081s][info][gc,reloc    ] GC(63) O: Small Pages:                    3            0            0           6M           0M           0M 
[2026-06-17T10:03:13.988+0800][2.081s][info][gc,reloc    ] GC(63) O: Large Pages:                   29            0            0          58M           4M           0M 
[2026-06-17T10:03:13.988+0800][2.081s][info][gc,reloc    ] GC(63) O: Forwarding Usage: 0M
[2026-06-17T10:03:13.988+0800][2.081s][info][gc,heap     ] GC(63) O: Min Capacity: 64M(100%)
[2026-06-17T10:03:13.988+0800][2.081s][info][gc,heap     ] GC(63) O: Max Capacity: 64M(100%)
[2026-06-17T10:03:13.988+0800][2.082s][info][gc,heap     ] GC(63) O: Soft Max Capacity: 64M(100%)
[2026-06-17T10:03:13.988+0800][2.082s][info][gc,heap     ] GC(63) O: Heap Statistics:
[2026-06-17T10:03:13.988+0800][2.082s][info][gc,heap     ] GC(63) O:                Mark Start          Mark End        Relocate Start      Relocate End           High               Low         
[2026-06-17T10:03:13.988+0800][2.082s][info][gc,heap     ] GC(63) O:  Capacity:       64M (100%)         64M (100%)         64M (100%)         64M (100%)         64M (100%)         64M (100%)   
[2026-06-17T10:03:13.988+0800][2.082s][info][gc,heap     ] GC(63) O:      Free:        0M (0%)            0M (0%)            2M (3%)            2M (3%)            4M (6%)            0M (0%)     
[2026-06-17T10:03:13.989+0800][2.082s][info][gc,heap     ] GC(63) O:      Used:       64M (100%)         64M (100%)         62M (97%)          62M (97%)          64M (100%)         60M (94%)    
[2026-06-17T10:03:13.989+0800][2.082s][info][gc,heap     ] GC(63) O: Old Generation Statistics:
[2026-06-17T10:03:13.989+0800][2.082s][info][gc,heap     ] GC(63) O:                Mark Start          Mark End        Relocate Start      Relocate End    
[2026-06-17T10:03:13.989+0800][2.082s][info][gc,heap     ] GC(63) O:      Used:       64M (100%)         64M (100%)         60M (94%)          60M (94%)    
[2026-06-17T10:03:13.989+0800][2.082s][info][gc,heap     ] GC(63) O:      Live:         -                58M (92%)          58M (92%)          58M (92%)    
[2026-06-17T10:03:13.989+0800][2.082s][info][gc,heap     ] GC(63) O:   Garbage:         -                 5M (8%)            1M (2%)            1M (2%)     
[2026-06-17T10:03:13.989+0800][2.082s][info][gc,heap     ] GC(63) O: Allocated:         -                 0M (0%)            0M (0%)            0M (0%)     
[2026-06-17T10:03:13.989+0800][2.082s][info][gc,heap     ] GC(63) O: Reclaimed:         -                  -                 4M (6%)            4M (6%)     
[2026-06-17T10:03:13.989+0800][2.083s][info][gc,heap     ] GC(63) O: Compacted:         -                  -                  -                 0M (0%)     
[2026-06-17T10:03:13.989+0800][2.083s][info][gc,phases   ] GC(63) O: Old Generation 64M(100%)->62M(97%) 0.016s
[2026-06-17T10:03:13.989+0800][2.083s][info][gc          ] GC(63) Major Collection (Allocation Stall) 64M(100%)->62M(97%) 0.029s
[2026-06-17T10:03:14.186+0800][2.279s][info][gc          ] GC(64) Major Collection (Allocation Rate)
[2026-06-17T10:03:14.186+0800][2.280s][info][gc,task     ] GC(64) Using 1 Workers for Young Generation
[2026-06-17T10:03:14.187+0800][2.280s][info][gc,task     ] GC(64) Using 1 Workers for Old Generation
[2026-06-17T10:03:14.187+0800][2.280s][info][gc,phases   ] GC(64) Y: Young Generation
[2026-06-17T10:03:14.187+0800][2.280s][info][gc,phases   ] GC(64) Y: Pause Mark Start (Major) 0.013ms
[2026-06-17T10:03:14.188+0800][2.281s][info][gc,phases   ] GC(64) Y: Concurrent Mark 0.636ms
[2026-06-17T10:03:14.188+0800][2.282s][info][gc,phases   ] GC(64) Y: Pause Mark End 0.006ms
[2026-06-17T10:03:14.189+0800][2.282s][info][gc,phases   ] GC(64) Y: Concurrent Mark Free 0.001ms
[2026-06-17T10:03:14.189+0800][2.282s][info][gc,phases   ] GC(64) Y: Concurrent Reset Relocation Set 0.000ms
[2026-06-17T10:03:14.189+0800][2.283s][info][gc,reloc    ] GC(64) Y: Using tenuring threshold: 0 (Computed)
[2026-06-17T10:03:14.190+0800][2.283s][info][gc,phases   ] GC(64) Y: Concurrent Select Relocation Set 0.913ms
[2026-06-17T10:03:14.190+0800][2.283s][info][gc,phases   ] GC(64) Y: Pause Relocate Start 0.004ms
[2026-06-17T10:03:14.191+0800][2.284s][info][gc,phases   ] GC(64) Y: Concurrent Relocate 0.156ms
[2026-06-17T10:03:14.191+0800][2.284s][info][gc,alloc    ] GC(64) Y:                         Mark Start        Mark End      Relocate Start    Relocate End   
[2026-06-17T10:03:14.191+0800][2.284s][info][gc,alloc    ] GC(64) Y: Allocation Stalls:          0                0                0                0         
[2026-06-17T10:03:14.191+0800][2.284s][info][gc,load     ] GC(64) Y: Load: 0.38 (2%) / 0.43 (2%) / 0.50 (2%)
[2026-06-17T10:03:14.191+0800][2.285s][info][gc,mmu      ] GC(64) Y: MMU: 2ms/96.6%, 5ms/98.5%, 10ms/98.9%, 20ms/99.4%, 50ms/99.6%, 100ms/99.7%
[2026-06-17T10:03:14.192+0800][2.285s][info][gc,marking  ] GC(64) Y: Mark: 1 stripe(s), 1 proactive flush(es), 1 terminate flush(es), 0 completion(s), 0 continuation(s) 
[2026-06-17T10:03:14.192+0800][2.285s][info][gc,marking  ] GC(64) Y: Mark Stack Usage: 0M
[2026-06-17T10:03:14.192+0800][2.285s][info][gc,nmethod  ] GC(64) Y: NMethods: 71 registered, 3 unregistered
[2026-06-17T10:03:14.192+0800][2.286s][info][gc,metaspace] GC(64) Y: Metaspace: 0M used, 0M committed, 1088M reserved
[2026-06-17T10:03:14.192+0800][2.286s][info][gc,reloc    ] GC(64) Y:                        Candidates     Selected     In-Place         Size        Empty    Relocated 
[2026-06-17T10:03:14.192+0800][2.286s][info][gc,reloc    ] GC(64) Y: Small Pages:                    2            0            0           4M           4M           0M 
[2026-06-17T10:03:14.193+0800][2.286s][info][gc,reloc    ] GC(64) Y: Large Pages:                    0            0            0           0M           0M           0M 
[2026-06-17T10:03:14.193+0800][2.286s][info][gc,reloc    ] GC(64) Y: Forwarding Usage: 0M
[2026-06-17T10:03:14.193+0800][2.286s][info][gc,reloc    ] GC(64) Y: Age Table:
[2026-06-17T10:03:14.193+0800][2.286s][info][gc,reloc    ] GC(64) Y:                    Live             Garbage             Small              Medium             Large        
[2026-06-17T10:03:14.193+0800][2.286s][info][gc,reloc    ] GC(64) Y: Eden                -                 4M (6%)           2 / 0              0 / 0              0 / 0        
[2026-06-17T10:03:14.193+0800][2.286s][info][gc,heap     ] GC(64) Y: Min Capacity: 64M(100%)
[2026-06-17T10:03:14.193+0800][2.286s][info][gc,heap     ] GC(64) Y: Max Capacity: 64M(100%)
[2026-06-17T10:03:14.193+0800][2.286s][info][gc,heap     ] GC(64) Y: Soft Max Capacity: 64M(100%)
[2026-06-17T10:03:14.193+0800][2.286s][info][gc,heap     ] GC(64) Y: Heap Statistics:
[2026-06-17T10:03:14.193+0800][2.287s][info][gc,heap     ] GC(64) Y:                Mark Start          Mark End        Relocate Start      Relocate End           High               Low         
[2026-06-17T10:03:14.193+0800][2.287s][info][gc,heap     ] GC(64) Y:  Capacity:       64M (100%)         64M (100%)         64M (100%)         64M (100%)         64M (100%)         64M (100%)   
[2026-06-17T10:03:14.193+0800][2.287s][info][gc,heap     ] GC(64) Y:      Free:        0M (0%)            0M (0%)            4M (6%)            4M (6%)            4M (6%)            0M (0%)     
[2026-06-17T10:03:14.193+0800][2.287s][info][gc,heap     ] GC(64) Y:      Used:       64M (100%)         64M (100%)         60M (94%)          60M (94%)          64M (100%)         60M (94%)    
[2026-06-17T10:03:14.194+0800][2.287s][info][gc,heap     ] GC(64) Y: Young Generation Statistics:
[2026-06-17T10:03:14.194+0800][2.287s][info][gc,heap     ] GC(64) Y:                Mark Start          Mark End        Relocate Start      Relocate End    
[2026-06-17T10:03:14.194+0800][2.287s][info][gc,heap     ] GC(64) Y:      Used:        4M (6%)            4M (6%)            0M (0%)            0M (0%)     
[2026-06-17T10:03:14.194+0800][2.287s][info][gc,heap     ] GC(64) Y:      Live:         -                 0M (0%)            0M (0%)            0M (0%)     
[2026-06-17T10:03:14.194+0800][2.287s][info][gc,heap     ] GC(64) Y:   Garbage:         -                 4M (6%)            0M (0%)            0M (0%)     
[2026-06-17T10:03:14.194+0800][2.287s][info][gc,heap     ] GC(64) Y: Allocated:         -                 0M (0%)            0M (0%)            0M (0%)     
[2026-06-17T10:03:14.194+0800][2.287s][info][gc,heap     ] GC(64) Y: Reclaimed:         -                  -                 4M (6%)            4M (6%)     
[2026-06-17T10:03:14.194+0800][2.287s][info][gc,heap     ] GC(64) Y:  Promoted:         -                  -                 0M (0%)            0M (0%)     
[2026-06-17T10:03:14.194+0800][2.287s][info][gc,heap     ] GC(64) Y: Compacted:         -                  -                  -                 0M (0%)     
[2026-06-17T10:03:14.194+0800][2.287s][info][gc,phases   ] GC(64) Y: Young Generation 64M(100%)->60M(94%) 0.004s
[2026-06-17T10:03:14.194+0800][2.288s][info][gc,phases   ] GC(64) O: Old Generation
[2026-06-17T10:03:14.195+0800][2.288s][info][gc,phases   ] GC(64) O: Concurrent Mark 0.862ms
[2026-06-17T10:03:14.195+0800][2.289s][info][gc,phases   ] GC(64) O: Pause Mark End 0.006ms
[2026-06-17T10:03:14.195+0800][2.289s][info][gc,phases   ] GC(64) O: Concurrent Mark Free 0.000ms
[2026-06-17T10:03:14.196+0800][2.289s][info][gc,phases   ] GC(64) O: Concurrent Process Non-Strong 0.245ms
[2026-06-17T10:03:14.196+0800][2.289s][info][gc,phases   ] GC(64) O: Concurrent Reset Relocation Set 0.000ms
[2026-06-17T10:03:14.196+0800][2.290s][info][gc          ] GC(65) Minor Collection (Allocation Rate)
[2026-06-17T10:03:14.197+0800][2.290s][info][gc,task     ] GC(65) Using 1 Workers for Young Generation
[2026-06-17T10:03:14.197+0800][2.290s][info][gc,phases   ] GC(65) y: Young Generation
[2026-06-17T10:03:14.197+0800][2.290s][info][gc,phases   ] GC(64) O: Concurrent Select Relocation Set 0.676ms
[2026-06-17T10:03:14.197+0800][2.290s][info][gc,phases   ] GC(65) y: Pause Mark Start 0.007ms
[2026-06-17T10:03:14.198+0800][2.291s][info][gc,phases   ] GC(65) y: Concurrent Mark 0.474ms
[2026-06-17T10:03:14.198+0800][2.291s][info][gc,phases   ] GC(65) y: Pause Mark End 0.006ms
[2026-06-17T10:03:14.198+0800][2.291s][info][gc,phases   ] GC(65) y: Concurrent Mark Free 0.001ms
[2026-06-17T10:03:14.198+0800][2.291s][info][gc,phases   ] GC(65) y: Concurrent Reset Relocation Set 0.001ms
[2026-06-17T10:03:14.199+0800][2.292s][info][gc,reloc    ] GC(65) y: Using tenuring threshold: 0 (Computed)
[2026-06-17T10:03:14.199+0800][2.292s][info][gc,phases   ] GC(65) y: Concurrent Select Relocation Set 0.800ms
[2026-06-17T10:03:14.199+0800][2.292s][info][gc,phases   ] GC(65) y: Pause Relocate Start 0.004ms
[2026-06-17T10:03:14.199+0800][2.293s][info][gc,phases   ] GC(65) y: Concurrent Relocate 0.102ms
[2026-06-17T10:03:14.200+0800][2.293s][info][gc,alloc    ] GC(65) y:                         Mark Start        Mark End      Relocate Start    Relocate End   
[2026-06-17T10:03:14.200+0800][2.293s][info][gc,alloc    ] GC(65) y: Allocation Stalls:          0                0                0                0         
[2026-06-17T10:03:14.200+0800][2.293s][info][gc,load     ] GC(65) y: Load: 0.38 (2%) / 0.43 (2%) / 0.50 (2%)
[2026-06-17T10:03:14.200+0800][2.293s][info][gc,mmu      ] GC(65) y: MMU: 2ms/96.6%, 5ms/98.5%, 10ms/98.9%, 20ms/99.4%, 50ms/99.6%, 100ms/99.7%
[2026-06-17T10:03:14.200+0800][2.293s][info][gc,marking  ] GC(65) y: Mark: 1 stripe(s), 1 proactive flush(es), 1 terminate flush(es), 0 completion(s), 0 continuation(s) 
[2026-06-17T10:03:14.200+0800][2.293s][info][gc,marking  ] GC(65) y: Mark Stack Usage: 0M
[2026-06-17T10:03:14.200+0800][2.293s][info][gc,nmethod  ] GC(65) y: NMethods: 71 registered, 3 unregistered
[2026-06-17T10:03:14.200+0800][2.293s][info][gc,metaspace] GC(65) y: Metaspace: 0M used, 0M committed, 1088M reserved
[2026-06-17T10:03:14.200+0800][2.293s][info][gc,reloc    ] GC(65) y:                        Candidates     Selected     In-Place         Size        Empty    Relocated 
[2026-06-17T10:03:14.200+0800][2.294s][info][gc,reloc    ] GC(65) y: Small Pages:                    2            0            0           4M           4M           0M 
[2026-06-17T10:03:14.200+0800][2.294s][info][gc,reloc    ] GC(65) y: Large Pages:                    0            0            0           0M           0M           0M 
[2026-06-17T10:03:14.200+0800][2.294s][info][gc,reloc    ] GC(65) y: Forwarding Usage: 0M
[2026-06-17T10:03:14.200+0800][2.294s][info][gc,reloc    ] GC(65) y: Age Table:
[2026-06-17T10:03:14.201+0800][2.294s][info][gc,reloc    ] GC(65) y:                    Live             Garbage             Small              Medium             Large        
[2026-06-17T10:03:14.201+0800][2.294s][info][gc,reloc    ] GC(65) y: Eden                -                 4M (6%)           2 / 0              0 / 0              0 / 0        
[2026-06-17T10:03:14.201+0800][2.294s][info][gc,heap     ] GC(65) y: Min Capacity: 64M(100%)
[2026-06-17T10:03:14.201+0800][2.294s][info][gc,heap     ] GC(65) y: Max Capacity: 64M(100%)
[2026-06-17T10:03:14.201+0800][2.294s][info][gc,heap     ] GC(65) y: Soft Max Capacity: 64M(100%)
[2026-06-17T10:03:14.201+0800][2.294s][info][gc,heap     ] GC(65) y: Heap Statistics:
[2026-06-17T10:03:14.201+0800][2.294s][info][gc,heap     ] GC(65) y:                Mark Start          Mark End        Relocate Start      Relocate End           High               Low         
[2026-06-17T10:03:14.201+0800][2.294s][info][gc,heap     ] GC(65) y:  Capacity:       64M (100%)         64M (100%)         64M (100%)         64M (100%)         64M (100%)         64M (100%)   
[2026-06-17T10:03:14.201+0800][2.294s][info][gc,heap     ] GC(65) y:      Free:       34M (53%)          34M (53%)          38M (59%)          38M (59%)          38M (59%)          34M (53%)    
[2026-06-17T10:03:14.201+0800][2.295s][info][gc,heap     ] GC(65) y:      Used:       30M (47%)          30M (47%)          26M (41%)          26M (41%)          30M (47%)          26M (41%)    
[2026-06-17T10:03:14.201+0800][2.295s][info][gc,heap     ] GC(65) y: Young Generation Statistics:
[2026-06-17T10:03:14.201+0800][2.295s][info][gc,heap     ] GC(65) y:                Mark Start          Mark End        Relocate Start      Relocate End    
[2026-06-17T10:03:14.201+0800][2.295s][info][gc,heap     ] GC(65) y:      Used:        4M (6%)            4M (6%)            0M (0%)            0M (0%)     
[2026-06-17T10:03:14.202+0800][2.295s][info][gc,heap     ] GC(65) y:      Live:         -                 0M (0%)            0M (0%)            0M (0%)     
[2026-06-17T10:03:14.202+0800][2.295s][info][gc,heap     ] GC(65) y:   Garbage:         -                 4M (6%)            0M (0%)            0M (0%)     
[2026-06-17T10:03:14.202+0800][2.295s][info][gc,heap     ] GC(65) y: Allocated:         -                 0M (0%)            0M (0%)            0M (0%)     
[2026-06-17T10:03:14.202+0800][2.295s][info][gc,heap     ] GC(65) y: Reclaimed:         -                  -                 4M (6%)            4M (6%)     
[2026-06-17T10:03:14.202+0800][2.295s][info][gc,heap     ] GC(65) y:  Promoted:         -                  -                 0M (0%)            0M (0%)     
[2026-06-17T10:03:14.202+0800][2.295s][info][gc,heap     ] GC(65) y: Compacted:         -                  -                  -                 0M (0%)     
[2026-06-17T10:03:14.202+0800][2.295s][info][gc,phases   ] GC(65) y: Young Generation 30M(47%)->26M(41%) 0.003s
[2026-06-17T10:03:14.202+0800][2.295s][info][gc          ] GC(65) Minor Collection (Allocation Rate) 64M(100%)->26M(41%) 0.006s
[2026-06-17T10:03:14.202+0800][2.296s][info][gc,task     ] GC(64) O: Using 1 Workers for Old Generation
[2026-06-17T10:03:14.215+0800][2.309s][info][gc,task     ] GC(64) O: Using 1 Workers for Old Generation
[2026-06-17T10:03:14.216+0800][2.309s][info][gc,phases   ] GC(64) O: Concurrent Remap Roots 13.463ms
[2026-06-17T10:03:14.216+0800][2.309s][info][gc,phases   ] GC(64) O: Pause Relocate Start 0.012ms
[2026-06-17T10:03:14.217+0800][2.310s][info][gc,phases   ] GC(64) O: Concurrent Relocate 0.875ms
[2026-06-17T10:03:14.217+0800][2.311s][info][gc,alloc    ] GC(64) O:                         Mark Start        Mark End      Relocate Start    Relocate End   
[2026-06-17T10:03:14.217+0800][2.311s][info][gc,alloc    ] GC(64) O: Allocation Stalls:          0                0                0                0         
[2026-06-17T10:03:14.217+0800][2.311s][info][gc,load     ] GC(64) O: Load: 0.38 (2%) / 0.43 (2%) / 0.50 (2%)
[2026-06-17T10:03:14.218+0800][2.311s][info][gc,mmu      ] GC(64) O: MMU: 2ms/96.6%, 5ms/98.5%, 10ms/98.9%, 20ms/99.4%, 50ms/99.6%, 100ms/99.7%
[2026-06-17T10:03:14.218+0800][2.311s][info][gc,marking  ] GC(64) O: Mark: 1 stripe(s), 1 proactive flush(es), 1 terminate flush(es), 0 completion(s), 0 continuation(s) 
[2026-06-17T10:03:14.218+0800][2.311s][info][gc,marking  ] GC(64) O: Mark Stack Usage: 32M
[2026-06-17T10:03:14.218+0800][2.311s][info][gc,nmethod  ] GC(64) O: NMethods: 71 registered, 3 unregistered
[2026-06-17T10:03:14.218+0800][2.311s][info][gc,metaspace] GC(64) O: Metaspace: 0M used, 0M committed, 1088M reserved
[2026-06-17T10:03:14.218+0800][2.311s][info][gc,ref      ] GC(64) O:                       Encountered   Discovered     Enqueued 
[2026-06-17T10:03:14.218+0800][2.311s][info][gc,ref      ] GC(64) O: Soft References:                0            0            0 
[2026-06-17T10:03:14.218+0800][2.311s][info][gc,ref      ] GC(64) O: Weak References:                6            0            0 
[2026-06-17T10:03:14.218+0800][2.311s][info][gc,ref      ] GC(64) O: Final References:               0            0            0 
[2026-06-17T10:03:14.218+0800][2.312s][info][gc,ref      ] GC(64) O: Phantom References:             1            1            0 
[2026-06-17T10:03:14.218+0800][2.312s][info][gc,reloc    ] GC(64) O:                        Candidates     Selected     In-Place         Size        Empty    Relocated 
[2026-06-17T10:03:14.218+0800][2.312s][info][gc,reloc    ] GC(64) O: Small Pages:                    3            1            0           6M           2M           1M 
[2026-06-17T10:03:14.218+0800][2.312s][info][gc,reloc    ] GC(64) O: Large Pages:                   27            0            0          54M          32M           0M 
[2026-06-17T10:03:14.219+0800][2.312s][info][gc,reloc    ] GC(64) O: Forwarding Usage: 0M
[2026-06-17T10:03:14.219+0800][2.312s][info][gc,heap     ] GC(64) O: Min Capacity: 64M(100%)
[2026-06-17T10:03:14.219+0800][2.312s][info][gc,heap     ] GC(64) O: Max Capacity: 64M(100%)
[2026-06-17T10:03:14.219+0800][2.312s][info][gc,heap     ] GC(64) O: Soft Max Capacity: 64M(100%)
[2026-06-17T10:03:14.219+0800][2.312s][info][gc,heap     ] GC(64) O: Heap Statistics:
[2026-06-17T10:03:14.219+0800][2.312s][info][gc,heap     ] GC(64) O:                Mark Start          Mark End        Relocate Start      Relocate End           High               Low         
[2026-06-17T10:03:14.219+0800][2.312s][info][gc,heap     ] GC(64) O:  Capacity:       64M (100%)         64M (100%)         64M (100%)         64M (100%)         64M (100%)         64M (100%)   
[2026-06-17T10:03:14.219+0800][2.313s][info][gc,heap     ] GC(64) O:      Free:        0M (0%)            4M (6%)           26M (41%)          28M (44%)          38M (59%)           0M (0%)     
[2026-06-17T10:03:14.219+0800][2.313s][info][gc,heap     ] GC(64) O:      Used:       64M (100%)         60M (94%)          38M (59%)          36M (56%)          64M (100%)         26M (41%)    
[2026-06-17T10:03:14.219+0800][2.313s][info][gc,heap     ] GC(64) O: Old Generation Statistics:
[2026-06-17T10:03:14.219+0800][2.313s][info][gc,heap     ] GC(64) O:                Mark Start          Mark End        Relocate Start      Relocate End    
[2026-06-17T10:03:14.220+0800][2.313s][info][gc,heap     ] GC(64) O:      Used:       60M (94%)          60M (94%)          26M (41%)          24M (38%)    
[2026-06-17T10:03:14.220+0800][2.313s][info][gc,heap     ] GC(64) O:      Live:         -                23M (37%)          23M (37%)          23M (37%)    
[2026-06-17T10:03:14.220+0800][2.313s][info][gc,heap     ] GC(64) O:   Garbage:         -                36M (57%)           2M (4%)            0M (0%)     
[2026-06-17T10:03:14.220+0800][2.313s][info][gc,heap     ] GC(64) O: Allocated:         -                 0M (0%)            0M (0%)            0M (0%)     
[2026-06-17T10:03:14.220+0800][2.313s][info][gc,heap     ] GC(64) O: Reclaimed:         -                  -                34M (53%)          36M (57%)    
[2026-06-17T10:03:14.220+0800][2.313s][info][gc,heap     ] GC(64) O: Compacted:         -                  -                  -                 1M (3%)     
[2026-06-17T10:03:14.220+0800][2.313s][info][gc,phases   ] GC(64) O: Old Generation 60M(94%)->36M(56%) 0.023s
[2026-06-17T10:03:14.220+0800][2.313s][info][gc          ] GC(64) Major Collection (Allocation Rate) 64M(100%)->40M(62%) 0.034s
[2026-06-17T10:03:14.240+0800][2.333s][info][gc          ] GC(66) Major Collection (Allocation Rate)
[2026-06-17T10:03:14.240+0800][2.334s][info][gc,task     ] GC(66) Using 1 Workers for Young Generation
[2026-06-17T10:03:14.240+0800][2.334s][info][gc,task     ] GC(66) Using 1 Workers for Old Generation
[2026-06-17T10:03:14.241+0800][2.334s][info][gc,phases   ] GC(66) Y: Young Generation
[2026-06-17T10:03:14.241+0800][2.335s][info][gc,phases   ] GC(66) Y: Pause Mark Start (Major) 0.012ms
[2026-06-17T10:03:14.242+0800][2.335s][info][gc,phases   ] GC(66) Y: Concurrent Mark 0.545ms
[2026-06-17T10:03:14.242+0800][2.336s][info][gc,phases   ] GC(66) Y: Pause Mark End 0.006ms
[2026-06-17T10:03:14.243+0800][2.336s][info][gc,phases   ] GC(66) Y: Concurrent Mark Free 0.001ms
[2026-06-17T10:03:14.243+0800][2.336s][info][gc,phases   ] GC(66) Y: Concurrent Reset Relocation Set 0.000ms
[2026-06-17T10:03:14.243+0800][2.337s][info][gc,reloc    ] GC(66) Y: Using tenuring threshold: 1 (Computed)
[2026-06-17T10:03:14.244+0800][2.337s][info][gc,phases   ] GC(66) Y: Concurrent Select Relocation Set 0.864ms
[2026-06-17T10:03:14.244+0800][2.337s][info][gc,phases   ] GC(66) Y: Pause Relocate Start 0.004ms
[2026-06-17T10:03:14.244+0800][2.337s][info][gc,phases   ] GC(66) Y: Concurrent Relocate 0.177ms
[2026-06-17T10:03:14.244+0800][2.338s][info][gc,alloc    ] GC(66) Y:                         Mark Start        Mark End      Relocate Start    Relocate End   
[2026-06-17T10:03:14.244+0800][2.338s][info][gc,alloc    ] GC(66) Y: Allocation Stalls:          0                0                0                0         
[2026-06-17T10:03:14.244+0800][2.338s][info][gc,load     ] GC(66) Y: Load: 0.38 (2%) / 0.43 (2%) / 0.50 (2%)
[2026-06-17T10:03:14.244+0800][2.338s][info][gc,mmu      ] GC(66) Y: MMU: 2ms/96.6%, 5ms/98.5%, 10ms/98.9%, 20ms/99.4%, 50ms/99.6%, 100ms/99.7%
[2026-06-17T10:03:14.245+0800][2.338s][info][gc,marking  ] GC(66) Y: Mark: 1 stripe(s), 1 proactive flush(es), 1 terminate flush(es), 0 completion(s), 0 continuation(s) 
[2026-06-17T10:03:14.245+0800][2.338s][info][gc,marking  ] GC(66) Y: Mark Stack Usage: 32M
[2026-06-17T10:03:14.245+0800][2.338s][info][gc,nmethod  ] GC(66) Y: NMethods: 72 registered, 3 unregistered
[2026-06-17T10:03:14.245+0800][2.338s][info][gc,metaspace] GC(66) Y: Metaspace: 0M used, 0M committed, 1088M reserved
[2026-06-17T10:03:14.245+0800][2.338s][info][gc,reloc    ] GC(66) Y:                        Candidates     Selected     In-Place         Size        Empty    Relocated 
[2026-06-17T10:03:14.245+0800][2.338s][info][gc,reloc    ] GC(66) Y: Small Pages:                    8            2            0          16M          10M           0M 
[2026-06-17T10:03:14.245+0800][2.338s][info][gc,reloc    ] GC(66) Y: Large Pages:                   10            0            0          20M           0M           0M 
[2026-06-17T10:03:14.245+0800][2.338s][info][gc,reloc    ] GC(66) Y: Forwarding Usage: 0M
[2026-06-17T10:03:14.245+0800][2.339s][info][gc,reloc    ] GC(66) Y: Age Table:
[2026-06-17T10:03:14.245+0800][2.339s][info][gc,reloc    ] GC(66) Y:                    Live             Garbage             Small              Medium             Large        
[2026-06-17T10:03:14.245+0800][2.339s][info][gc,reloc    ] GC(66) Y: Eden              20M (33%)          15M (23%)          8 / 2              0 / 0             10 / 0        
[2026-06-17T10:03:14.245+0800][2.339s][info][gc,heap     ] GC(66) Y: Min Capacity: 64M(100%)
[2026-06-17T10:03:14.246+0800][2.339s][info][gc,heap     ] GC(66) Y: Max Capacity: 64M(100%)
[2026-06-17T10:03:14.246+0800][2.339s][info][gc,heap     ] GC(66) Y: Soft Max Capacity: 64M(100%)
[2026-06-17T10:03:14.246+0800][2.339s][info][gc,heap     ] GC(66) Y: Heap Statistics:
[2026-06-17T10:03:14.246+0800][2.340s][info][gc,heap     ] GC(66) Y:                Mark Start          Mark End        Relocate Start      Relocate End           High               Low         
[2026-06-17T10:03:14.246+0800][2.340s][info][gc,heap     ] GC(66) Y:  Capacity:       64M (100%)         64M (100%)         64M (100%)         64M (100%)         64M (100%)         64M (100%)   
[2026-06-17T10:03:14.247+0800][2.340s][info][gc,heap     ] GC(66) Y:      Free:        4M (6%)            4M (6%)           14M (22%)          18M (28%)          18M (28%)           4M (6%)     
[2026-06-17T10:03:14.247+0800][2.340s][info][gc,heap     ] GC(66) Y:      Used:       60M (94%)          60M (94%)          50M (78%)          46M (72%)          60M (94%)          46M (72%)    
[2026-06-17T10:03:14.247+0800][2.340s][info][gc,heap     ] GC(66) Y: Young Generation Statistics:
[2026-06-17T10:03:14.247+0800][2.340s][info][gc,heap     ] GC(66) Y:                Mark Start          Mark End        Relocate Start      Relocate End    
[2026-06-17T10:03:14.247+0800][2.340s][info][gc,heap     ] GC(66) Y:      Used:       36M (56%)          36M (56%)          26M (41%)          22M (34%)    
[2026-06-17T10:03:14.247+0800][2.340s][info][gc,heap     ] GC(66) Y:      Live:         -                20M (33%)          20M (33%)          20M (33%)    
[2026-06-17T10:03:14.247+0800][2.340s][info][gc,heap     ] GC(66) Y:   Garbage:         -                15M (23%)           5M (8%)            0M (0%)     
[2026-06-17T10:03:14.247+0800][2.340s][info][gc,heap     ] GC(66) Y: Allocated:         -                 0M (0%)            0M (0%)            1M (2%)     
[2026-06-17T10:03:14.247+0800][2.341s][info][gc,heap     ] GC(66) Y: Reclaimed:         -                  -                10M (16%)          15M (23%)    
[2026-06-17T10:03:14.247+0800][2.341s][info][gc,heap     ] GC(66) Y:  Promoted:         -                  -                 0M (0%)            0M (0%)     
[2026-06-17T10:03:14.247+0800][2.341s][info][gc,heap     ] GC(66) Y: Compacted:         -                  -                  -                 0M (2%)     
[2026-06-17T10:03:14.247+0800][2.341s][info][gc,phases   ] GC(66) Y: Young Generation 60M(94%)->46M(72%) 0.003s
[2026-06-17T10:03:14.248+0800][2.341s][info][gc,phases   ] GC(66) O: Old Generation
[2026-06-17T10:03:14.249+0800][2.342s][info][gc,phases   ] GC(66) O: Concurrent Mark 1.090ms
[2026-06-17T10:03:14.249+0800][2.342s][info][gc,phases   ] GC(66) O: Pause Mark End 0.012ms
[2026-06-17T10:03:14.249+0800][2.342s][info][gc,phases   ] GC(66) O: Concurrent Mark Free 0.000ms
[2026-06-17T10:03:14.249+0800][2.343s][info][gc,phases   ] GC(66) O: Concurrent Process Non-Strong 0.252ms
[2026-06-17T10:03:14.249+0800][2.343s][info][gc,phases   ] GC(66) O: Concurrent Reset Relocation Set 0.001ms
[2026-06-17T10:03:14.250+0800][2.343s][info][gc,phases   ] GC(66) O: Concurrent Select Relocation Set 0.564ms
[2026-06-17T10:03:14.250+0800][2.344s][info][gc,task     ] GC(66) O: Using 1 Workers for Old Generation
[2026-06-17T10:03:14.263+0800][2.356s][info][gc,task     ] GC(66) O: Using 1 Workers for Old Generation
[2026-06-17T10:03:14.263+0800][2.356s][info][gc,phases   ] GC(66) O: Concurrent Remap Roots 12.833ms
[2026-06-17T10:03:14.263+0800][2.357s][info][gc,phases   ] GC(66) O: Pause Relocate Start 0.009ms
[2026-06-17T10:03:14.263+0800][2.357s][info][gc,phases   ] GC(66) O: Concurrent Relocate 0.082ms
[2026-06-17T10:03:14.264+0800][2.357s][info][gc,alloc    ] GC(66) O:                         Mark Start        Mark End      Relocate Start    Relocate End   
[2026-06-17T10:03:14.264+0800][2.357s][info][gc,alloc    ] GC(66) O: Allocation Stalls:          0                0                0                0         
[2026-06-17T10:03:14.264+0800][2.357s][info][gc,load     ] GC(66) O: Load: 0.38 (2%) / 0.43 (2%) / 0.50 (2%)
[2026-06-17T10:03:14.264+0800][2.357s][info][gc,mmu      ] GC(66) O: MMU: 2ms/96.6%, 5ms/98.5%, 10ms/98.9%, 20ms/99.4%, 50ms/99.6%, 100ms/99.7%
[2026-06-17T10:03:14.264+0800][2.358s][info][gc,marking  ] GC(66) O: Mark: 1 stripe(s), 1 proactive flush(es), 1 terminate flush(es), 0 completion(s), 0 continuation(s) 
[2026-06-17T10:03:14.264+0800][2.358s][info][gc,marking  ] GC(66) O: Mark Stack Usage: 32M
[2026-06-17T10:03:14.264+0800][2.358s][info][gc,nmethod  ] GC(66) O: NMethods: 72 registered, 4 unregistered
[2026-06-17T10:03:14.265+0800][2.358s][info][gc,metaspace] GC(66) O: Metaspace: 0M used, 0M committed, 1088M reserved
[2026-06-17T10:03:14.265+0800][2.358s][info][gc,ref      ] GC(66) O:                       Encountered   Discovered     Enqueued 
[2026-06-17T10:03:14.265+0800][2.358s][info][gc,ref      ] GC(66) O: Soft References:                0            0            0 
[2026-06-17T10:03:14.265+0800][2.358s][info][gc,ref      ] GC(66) O: Weak References:                6            0            0 
[2026-06-17T10:03:14.265+0800][2.358s][info][gc,ref      ] GC(66) O: Final References:               0            0            0 
[2026-06-17T10:03:14.265+0800][2.359s][info][gc,ref      ] GC(66) O: Phantom References:             1            1            0 
[2026-06-17T10:03:14.265+0800][2.359s][info][gc,reloc    ] GC(66) O:                        Candidates     Selected     In-Place         Size        Empty    Relocated 
[2026-06-17T10:03:14.265+0800][2.359s][info][gc,reloc    ] GC(66) O: Small Pages:                    1            0            0           2M           0M           0M 
[2026-06-17T10:03:14.265+0800][2.359s][info][gc,reloc    ] GC(66) O: Large Pages:                   11            0            0          22M           0M           0M 
[2026-06-17T10:03:14.265+0800][2.359s][info][gc,reloc    ] GC(66) O: Forwarding Usage: 0M
[2026-06-17T10:03:14.266+0800][2.359s][info][gc,heap     ] GC(66) O: Min Capacity: 64M(100%)
[2026-06-17T10:03:14.266+0800][2.359s][info][gc,heap     ] GC(66) O: Max Capacity: 64M(100%)
[2026-06-17T10:03:14.266+0800][2.359s][info][gc,heap     ] GC(66) O: Soft Max Capacity: 64M(100%)
[2026-06-17T10:03:14.266+0800][2.359s][info][gc,heap     ] GC(66) O: Heap Statistics:
[2026-06-17T10:03:14.266+0800][2.359s][info][gc,heap     ] GC(66) O:                Mark Start          Mark End        Relocate Start      Relocate End           High               Low         
[2026-06-17T10:03:14.266+0800][2.359s][info][gc,heap     ] GC(66) O:  Capacity:       64M (100%)         64M (100%)         64M (100%)         64M (100%)         64M (100%)         64M (100%)   
[2026-06-17T10:03:14.266+0800][2.359s][info][gc,heap     ] GC(66) O:      Free:        4M (6%)           18M (28%)          10M (16%)          10M (16%)          18M (28%)           4M (6%)     
[2026-06-17T10:03:14.266+0800][2.359s][info][gc,heap     ] GC(66) O:      Used:       60M (94%)          46M (72%)          54M (84%)          54M (84%)          60M (94%)          46M (72%)    
[2026-06-17T10:03:14.266+0800][2.359s][info][gc,heap     ] GC(66) O: Old Generation Statistics:
[2026-06-17T10:03:14.266+0800][2.359s][info][gc,heap     ] GC(66) O:                Mark Start          Mark End        Relocate Start      Relocate End    
[2026-06-17T10:03:14.266+0800][2.360s][info][gc,heap     ] GC(66) O:      Used:       24M (38%)          24M (38%)          24M (38%)          24M (38%)    
[2026-06-17T10:03:14.266+0800][2.360s][info][gc,heap     ] GC(66) O:      Live:         -                23M (37%)          23M (37%)          23M (37%)    
[2026-06-17T10:03:14.266+0800][2.360s][info][gc,heap     ] GC(66) O:   Garbage:         -                 0M (0%)            0M (0%)            0M (0%)     
[2026-06-17T10:03:14.266+0800][2.360s][info][gc,heap     ] GC(66) O: Allocated:         -                 0M (0%)            0M (0%)            0M (0%)     
[2026-06-17T10:03:14.267+0800][2.360s][info][gc,heap     ] GC(66) O: Reclaimed:         -                  -                 0M (0%)            0M (0%)     
[2026-06-17T10:03:14.267+0800][2.360s][info][gc,heap     ] GC(66) O: Compacted:         -                  -                  -                 0M (0%)     
[2026-06-17T10:03:14.267+0800][2.360s][info][gc,phases   ] GC(66) O: Old Generation 46M(72%)->54M(84%) 0.016s
[2026-06-17T10:03:14.267+0800][2.360s][info][gc          ] GC(66) Major Collection (Allocation Rate) 60M(94%)->54M(84%) 0.027s
[2026-06-17T10:03:14.271+0800][2.365s][info][gc          ] GC(67) Minor Collection (Allocation Rate)
[2026-06-17T10:03:14.271+0800][2.365s][info][gc,task     ] GC(67) Using 1 Workers for Young Generation
[2026-06-17T10:03:14.272+0800][2.365s][info][gc,phases   ] GC(67) y: Young Generation
[2026-06-17T10:03:14.272+0800][2.365s][info][gc,phases   ] GC(67) y: Pause Mark Start 0.010ms
[2026-06-17T10:03:14.272+0800][2.366s][info][gc,phases   ] GC(67) y: Concurrent Mark 0.398ms
[2026-06-17T10:03:14.272+0800][2.366s][info][gc,phases   ] GC(67) y: Pause Mark End 0.006ms
[2026-06-17T10:03:14.273+0800][2.366s][info][gc,phases   ] GC(67) y: Concurrent Mark Free 0.000ms
[2026-06-17T10:03:14.273+0800][2.366s][info][gc,phases   ] GC(67) y: Concurrent Reset Relocation Set 0.001ms
[2026-06-17T10:03:14.273+0800][2.367s][info][gc,reloc    ] GC(67) y: Using tenuring threshold: 1 (Computed)
[2026-06-17T10:03:14.273+0800][2.367s][info][gc          ] Allocation Stall (main) 1.841ms
[2026-06-17T10:03:14.274+0800][2.367s][info][gc,phases   ] GC(67) y: Concurrent Select Relocation Set 0.858ms
[2026-06-17T10:03:14.274+0800][2.367s][info][gc,phases   ] GC(67) y: Pause Relocate Start 0.005ms
[2026-06-17T10:03:14.274+0800][2.367s][info][gc,phases   ] GC(67) y: Concurrent Relocate 0.202ms
[2026-06-17T10:03:14.274+0800][2.368s][info][gc,alloc    ] GC(67) y:                         Mark Start        Mark End      Relocate Start    Relocate End   
[2026-06-17T10:03:14.274+0800][2.368s][info][gc,alloc    ] GC(67) y: Allocation Stalls:          1                1                0                0         
[2026-06-17T10:03:14.274+0800][2.368s][info][gc,load     ] GC(67) y: Load: 0.38 (2%) / 0.43 (2%) / 0.50 (2%)
[2026-06-17T10:03:14.274+0800][2.368s][info][gc,mmu      ] GC(67) y: MMU: 2ms/96.6%, 5ms/98.5%, 10ms/98.9%, 20ms/99.4%, 50ms/99.6%, 100ms/99.7%
[2026-06-17T10:03:14.275+0800][2.368s][info][gc,marking  ] GC(67) y: Mark: 1 stripe(s), 1 proactive flush(es), 1 terminate flush(es), 0 completion(s), 0 continuation(s) 
[2026-06-17T10:03:14.275+0800][2.368s][info][gc,marking  ] GC(67) y: Mark Stack Usage: 32M
[2026-06-17T10:03:14.275+0800][2.368s][info][gc,nmethod  ] GC(67) y: NMethods: 72 registered, 4 unregistered
[2026-06-17T10:03:14.275+0800][2.368s][info][gc,metaspace] GC(67) y: Metaspace: 0M used, 0M committed, 1088M reserved
[2026-06-17T10:03:14.275+0800][2.368s][info][gc,reloc    ] GC(67) y:                        Candidates     Selected     In-Place         Size        Empty    Relocated 
[2026-06-17T10:03:14.275+0800][2.368s][info][gc,reloc    ] GC(67) y: Small Pages:                    7            2            0          14M           8M           1M 
[2026-06-17T10:03:14.275+0800][2.368s][info][gc,reloc    ] GC(67) y: Large Pages:                   13            0            0          26M           0M           0M 
[2026-06-17T10:03:14.275+0800][2.368s][info][gc,reloc    ] GC(67) y: Forwarding Usage: 0M
[2026-06-17T10:03:14.275+0800][2.369s][info][gc,reloc    ] GC(67) y: Age Table:
[2026-06-17T10:03:14.275+0800][2.369s][info][gc,reloc    ] GC(67) y:                    Live             Garbage             Small              Medium             Large        
[2026-06-17T10:03:14.275+0800][2.369s][info][gc,reloc    ] GC(67) y: Eden               6M (10%)          11M (18%)          6 / 1              0 / 0              3 / 0        
[2026-06-17T10:03:14.275+0800][2.369s][info][gc,reloc    ] GC(67) y: Survivor 1        20M (33%)           1M (2%)           1 / 1              0 / 0             10 / 0        
[2026-06-17T10:03:14.275+0800][2.369s][info][gc,heap     ] GC(67) y: Min Capacity: 64M(100%)
[2026-06-17T10:03:14.276+0800][2.369s][info][gc,heap     ] GC(67) y: Max Capacity: 64M(100%)
[2026-06-17T10:03:14.276+0800][2.369s][info][gc,heap     ] GC(67) y: Soft Max Capacity: 64M(100%)
[2026-06-17T10:03:14.276+0800][2.369s][info][gc,heap     ] GC(67) y: Heap Statistics:
[2026-06-17T10:03:14.276+0800][2.369s][info][gc,heap     ] GC(67) y:                Mark Start          Mark End        Relocate Start      Relocate End           High               Low         
[2026-06-17T10:03:14.276+0800][2.369s][info][gc,heap     ] GC(67) y:  Capacity:       64M (100%)         64M (100%)         64M (100%)         64M (100%)         64M (100%)         64M (100%)   
[2026-06-17T10:03:14.276+0800][2.369s][info][gc,heap     ] GC(67) y:      Free:        0M (0%)            0M (0%)            4M (6%)            2M (3%)            8M (12%)           0M (0%)     
[2026-06-17T10:03:14.276+0800][2.370s][info][gc,heap     ] GC(67) y:      Used:       64M (100%)         64M (100%)         60M (94%)          62M (97%)          64M (100%)         56M (88%)    
[2026-06-17T10:03:14.276+0800][2.370s][info][gc,heap     ] GC(67) y: Young Generation Statistics:
[2026-06-17T10:03:14.277+0800][2.370s][info][gc,heap     ] GC(67) y:                Mark Start          Mark End        Relocate Start      Relocate End    
[2026-06-17T10:03:14.277+0800][2.370s][info][gc,heap     ] GC(67) y:      Used:       40M (62%)          40M (62%)          16M (25%)          16M (25%)    
[2026-06-17T10:03:14.277+0800][2.370s][info][gc,heap     ] GC(67) y:      Live:         -                27M (43%)           7M (11%)           6M (10%)    
[2026-06-17T10:03:14.277+0800][2.370s][info][gc,heap     ] GC(67) y:   Garbage:         -                12M (20%)           4M (7%)            0M (0%)     
[2026-06-17T10:03:14.277+0800][2.370s][info][gc,heap     ] GC(67) y: Allocated:         -                 0M (0%)            4M (6%)            9M (15%)    
[2026-06-17T10:03:14.277+0800][2.371s][info][gc,heap     ] GC(67) y: Reclaimed:         -                  -                 8M (12%)          12M (20%)    
[2026-06-17T10:03:14.277+0800][2.371s][info][gc,heap     ] GC(67) y:  Promoted:         -                  -                20M (31%)          20M (33%)    
[2026-06-17T10:03:14.277+0800][2.371s][info][gc,heap     ] GC(67) y: Compacted:         -                  -                  -                 0M (0%)     
[2026-06-17T10:03:14.278+0800][2.371s][info][gc,phases   ] GC(67) y: Young Generation 64M(100%)->62M(97%) 0.003s
[2026-06-17T10:03:14.278+0800][2.371s][info][gc          ] GC(67) Minor Collection (Allocation Rate) 62M(97%)->62M(97%) 0.006s
[2026-06-17T10:03:14.278+0800][2.371s][info][gc          ] GC(68) Minor Collection (Allocation Rate)
[2026-06-17T10:03:14.278+0800][2.371s][info][gc,task     ] GC(68) Using 1 Workers for Young Generation
[2026-06-17T10:03:14.278+0800][2.371s][info][gc,phases   ] GC(68) y: Young Generation
[2026-06-17T10:03:14.278+0800][2.371s][info][gc,phases   ] GC(68) y: Pause Mark Start 0.008ms
[2026-06-17T10:03:14.278+0800][2.372s][info][gc,phases   ] GC(68) y: Concurrent Mark 0.403ms
[2026-06-17T10:03:14.279+0800][2.372s][info][gc,phases   ] GC(68) y: Pause Mark End 0.005ms
[2026-06-17T10:03:14.279+0800][2.372s][info][gc,phases   ] GC(68) y: Concurrent Mark Free 0.000ms
[2026-06-17T10:03:14.279+0800][2.372s][info][gc,phases   ] GC(68) y: Concurrent Reset Relocation Set 0.003ms
[2026-06-17T10:03:14.279+0800][2.373s][info][gc,reloc    ] GC(68) y: Using tenuring threshold: 2 (Computed)
[2026-06-17T10:03:14.280+0800][2.373s][info][gc,phases   ] GC(68) y: Concurrent Select Relocation Set 0.748ms
[2026-06-17T10:03:14.280+0800][2.373s][info][gc,phases   ] GC(68) y: Pause Relocate Start 0.005ms
[2026-06-17T10:03:14.280+0800][2.373s][info][gc,phases   ] GC(68) y: Concurrent Relocate 0.130ms
[2026-06-17T10:03:14.280+0800][2.374s][info][gc,alloc    ] GC(68) y:                         Mark Start        Mark End      Relocate Start    Relocate End   
[2026-06-17T10:03:14.280+0800][2.374s][info][gc,alloc    ] GC(68) y: Allocation Stalls:          0                0                0                0         
[2026-06-17T10:03:14.280+0800][2.374s][info][gc,load     ] GC(68) y: Load: 0.38 (2%) / 0.43 (2%) / 0.50 (2%)
[2026-06-17T10:03:14.280+0800][2.374s][info][gc,mmu      ] GC(68) y: MMU: 2ms/96.6%, 5ms/98.5%, 10ms/98.9%, 20ms/99.4%, 50ms/99.6%, 100ms/99.7%
[2026-06-17T10:03:14.281+0800][2.374s][info][gc,marking  ] GC(68) y: Mark: 1 stripe(s), 1 proactive flush(es), 1 terminate flush(es), 0 completion(s), 0 continuation(s) 
[2026-06-17T10:03:14.281+0800][2.374s][info][gc,marking  ] GC(68) y: Mark Stack Usage: 32M
[2026-06-17T10:03:14.281+0800][2.374s][info][gc,nmethod  ] GC(68) y: NMethods: 72 registered, 4 unregistered
[2026-06-17T10:03:14.281+0800][2.374s][info][gc,metaspace] GC(68) y: Metaspace: 0M used, 0M committed, 1088M reserved
[2026-06-17T10:03:14.281+0800][2.374s][info][gc,reloc    ] GC(68) y:                        Candidates     Selected     In-Place         Size        Empty    Relocated 
[2026-06-17T10:03:14.281+0800][2.374s][info][gc,reloc    ] GC(68) y: Small Pages:                    3            2            0           6M           0M           0M 
[2026-06-17T10:03:14.281+0800][2.374s][info][gc,reloc    ] GC(68) y: Large Pages:                    5            0            0          10M           0M           0M 
[2026-06-17T10:03:14.281+0800][2.374s][info][gc,reloc    ] GC(68) y: Forwarding Usage: 0M
[2026-06-17T10:03:14.281+0800][2.374s][info][gc,reloc    ] GC(68) y: Age Table:
[2026-06-17T10:03:14.281+0800][2.374s][info][gc,reloc    ] GC(68) y:                    Live             Garbage             Small              Medium             Large        
[2026-06-17T10:03:14.281+0800][2.375s][info][gc,reloc    ] GC(68) y: Eden               4M (6%)            1M (3%)           1 / 1              0 / 0              2 / 0        
[2026-06-17T10:03:14.281+0800][2.375s][info][gc,reloc    ] GC(68) y: Survivor 1         6M (10%)           3M (6%)           2 / 1              0 / 0              3 / 0        
[2026-06-17T10:03:14.281+0800][2.375s][info][gc,heap     ] GC(68) y: Min Capacity: 64M(100%)
[2026-06-17T10:03:14.282+0800][2.375s][info][gc,heap     ] GC(68) y: Max Capacity: 64M(100%)
[2026-06-17T10:03:14.282+0800][2.375s][info][gc,heap     ] GC(68) y: Soft Max Capacity: 64M(100%)
[2026-06-17T10:03:14.282+0800][2.375s][info][gc,heap     ] GC(68) y: Heap Statistics:
[2026-06-17T10:03:14.282+0800][2.375s][info][gc,heap     ] GC(68) y:                Mark Start          Mark End        Relocate Start      Relocate End           High               Low         
[2026-06-17T10:03:14.282+0800][2.375s][info][gc,heap     ] GC(68) y:  Capacity:       64M (100%)         64M (100%)         64M (100%)         64M (100%)         64M (100%)         64M (100%)   
[2026-06-17T10:03:14.282+0800][2.375s][info][gc,heap     ] GC(68) y:      Free:        2M (3%)            2M (3%)            2M (3%)            4M (6%)            4M (6%)            0M (0%)     
[2026-06-17T10:03:14.282+0800][2.375s][info][gc,heap     ] GC(68) y:      Used:       62M (97%)          62M (97%)          62M (97%)          60M (94%)          64M (100%)         60M (94%)    
[2026-06-17T10:03:14.282+0800][2.375s][info][gc,heap     ] GC(68) y: Young Generation Statistics:
[2026-06-17T10:03:14.282+0800][2.375s][info][gc,heap     ] GC(68) y:                Mark Start          Mark End        Relocate Start      Relocate End    
[2026-06-17T10:03:14.282+0800][2.376s][info][gc,heap     ] GC(68) y:      Used:       16M (25%)          16M (25%)          16M (25%)          14M (22%)    
[2026-06-17T10:03:14.282+0800][2.376s][info][gc,heap     ] GC(68) y:      Live:         -                10M (16%)          10M (16%)          10M (16%)    
[2026-06-17T10:03:14.282+0800][2.376s][info][gc,heap     ] GC(68) y:   Garbage:         -                 5M (9%)            5M (9%)            0M (0%)     
[2026-06-17T10:03:14.283+0800][2.376s][info][gc,heap     ] GC(68) y: Allocated:         -                 0M (0%)            0M (0%)            3M (6%)     
[2026-06-17T10:03:14.283+0800][2.376s][info][gc,heap     ] GC(68) y: Reclaimed:         -                  -                 0M (0%)            5M (9%)     
[2026-06-17T10:03:14.283+0800][2.376s][info][gc,heap     ] GC(68) y:  Promoted:         -                  -                 0M (0%)            0M (0%)     
[2026-06-17T10:03:14.283+0800][2.376s][info][gc,heap     ] GC(68) y: Compacted:         -                  -                  -                 0M (1%)     
[2026-06-17T10:03:14.283+0800][2.376s][info][gc,phases   ] GC(68) y: Young Generation 62M(97%)->60M(94%) 0.002s
[2026-06-17T10:03:14.283+0800][2.376s][info][gc          ] GC(68) Minor Collection (Allocation Rate) 62M(97%)->60M(94%) 0.005s
[2026-06-17T10:03:14.283+0800][2.377s][info][gc          ] GC(69) Minor Collection (High Usage)
[2026-06-17T10:03:14.283+0800][2.377s][info][gc,task     ] GC(69) Using 1 Workers for Young Generation
[2026-06-17T10:03:14.283+0800][2.377s][info][gc,phases   ] GC(69) y: Young Generation
[2026-06-17T10:03:14.284+0800][2.377s][info][gc,phases   ] GC(69) y: Pause Mark Start 0.008ms
[2026-06-17T10:03:14.284+0800][2.377s][info][gc,phases   ] GC(69) y: Concurrent Mark 0.408ms
[2026-06-17T10:03:14.284+0800][2.378s][info][gc,phases   ] GC(69) y: Pause Mark End 0.005ms
[2026-06-17T10:03:14.284+0800][2.378s][info][gc,phases   ] GC(69) y: Concurrent Mark Free 0.000ms
[2026-06-17T10:03:14.284+0800][2.378s][info][gc,phases   ] GC(69) y: Concurrent Reset Relocation Set 0.001ms
[2026-06-17T10:03:14.285+0800][2.378s][info][gc,reloc    ] GC(69) y: Using tenuring threshold: 2 (Computed)
[2026-06-17T10:03:14.285+0800][2.379s][info][gc,phases   ] GC(69) y: Concurrent Select Relocation Set 0.839ms
[2026-06-17T10:03:14.285+0800][2.379s][info][gc,phases   ] GC(69) y: Pause Relocate Start 0.004ms
[2026-06-17T10:03:14.286+0800][2.379s][info][gc,phases   ] GC(69) y: Concurrent Relocate 0.093ms
[2026-06-17T10:03:14.286+0800][2.379s][info][gc,alloc    ] GC(69) y:                         Mark Start        Mark End      Relocate Start    Relocate End   
[2026-06-17T10:03:14.286+0800][2.379s][info][gc,alloc    ] GC(69) y: Allocation Stalls:          0                0                0                0         
[2026-06-17T10:03:14.286+0800][2.379s][info][gc,load     ] GC(69) y: Load: 0.38 (2%) / 0.43 (2%) / 0.50 (2%)
[2026-06-17T10:03:14.286+0800][2.379s][info][gc,mmu      ] GC(69) y: MMU: 2ms/96.6%, 5ms/98.5%, 10ms/98.9%, 20ms/99.4%, 50ms/99.6%, 100ms/99.7%
[2026-06-17T10:03:14.286+0800][2.379s][info][gc,marking  ] GC(69) y: Mark: 1 stripe(s), 1 proactive flush(es), 1 terminate flush(es), 0 completion(s), 0 continuation(s) 
[2026-06-17T10:03:14.286+0800][2.379s][info][gc,marking  ] GC(69) y: Mark Stack Usage: 32M
[2026-06-17T10:03:14.286+0800][2.380s][info][gc,nmethod  ] GC(69) y: NMethods: 72 registered, 4 unregistered
[2026-06-17T10:03:14.286+0800][2.380s][info][gc,metaspace] GC(69) y: Metaspace: 0M used, 0M committed, 1088M reserved
[2026-06-17T10:03:14.286+0800][2.380s][info][gc,reloc    ] GC(69) y:                        Candidates     Selected     In-Place         Size        Empty    Relocated 
[2026-06-17T10:03:14.286+0800][2.380s][info][gc,reloc    ] GC(69) y: Small Pages:                    2            1            2           4M           0M           0M 
[2026-06-17T10:03:14.287+0800][2.380s][info][gc,reloc    ] GC(69) y: Large Pages:                    5            0            0          10M           0M           0M 
[2026-06-17T10:03:14.287+0800][2.380s][info][gc,reloc    ] GC(69) y: Forwarding Usage: 0M
[2026-06-17T10:03:14.287+0800][2.380s][info][gc,reloc    ] GC(69) y: Age Table:
[2026-06-17T10:03:14.287+0800][2.380s][info][gc,reloc    ] GC(69) y:                    Live             Garbage             Small              Medium             Large        
[2026-06-17T10:03:14.287+0800][2.380s][info][gc,reloc    ] GC(69) y: Eden                -                 0M (0%)           0 / 0              0 / 0              0 / 0        
[2026-06-17T10:03:14.287+0800][2.380s][info][gc,reloc    ] GC(69) y: Survivor 1         4M (6%)            1M (3%)           1 / 0              0 / 0              2 / 0        
[2026-06-17T10:03:14.287+0800][2.380s][info][gc,reloc    ] GC(69) y: Survivor 2         6M (10%)           1M (3%)           1 / 1              0 / 0              3 / 0        
[2026-06-17T10:03:14.287+0800][2.380s][info][gc,heap     ] GC(69) y: Min Capacity: 64M(100%)
[2026-06-17T10:03:14.287+0800][2.380s][info][gc,heap     ] GC(69) y: Max Capacity: 64M(100%)
[2026-06-17T10:03:14.287+0800][2.381s][info][gc,heap     ] GC(69) y: Soft Max Capacity: 64M(100%)
[2026-06-17T10:03:14.287+0800][2.381s][info][gc,heap     ] GC(69) y: Heap Statistics:
[2026-06-17T10:03:14.287+0800][2.381s][info][gc,heap     ] GC(69) y:                Mark Start          Mark End        Relocate Start      Relocate End           High               Low         
[2026-06-17T10:03:14.287+0800][2.381s][info][gc,heap     ] GC(69) y:  Capacity:       64M (100%)         64M (100%)         64M (100%)         64M (100%)         64M (100%)         64M (100%)   
[2026-06-17T10:03:14.288+0800][2.381s][info][gc,heap     ] GC(69) y:      Free:        4M (6%)            4M (6%)            0M (0%)            0M (0%)            4M (6%)            0M (0%)     
[2026-06-17T10:03:14.288+0800][2.381s][info][gc,heap     ] GC(69) y:      Used:       60M (94%)          60M (94%)          64M (100%)         64M (100%)         64M (100%)         60M (94%)    
[2026-06-17T10:03:14.288+0800][2.381s][info][gc,heap     ] GC(69) y: Young Generation Statistics:
[2026-06-17T10:03:14.288+0800][2.381s][info][gc,heap     ] GC(69) y:                Mark Start          Mark End        Relocate Start      Relocate End    
[2026-06-17T10:03:14.288+0800][2.381s][info][gc,heap     ] GC(69) y:      Used:       14M (22%)          14M (22%)          12M (19%)          10M (16%)    
[2026-06-17T10:03:14.288+0800][2.381s][info][gc,heap     ] GC(69) y:      Live:         -                10M (16%)           4M (7%)            4M (6%)     
[2026-06-17T10:03:14.288+0800][2.381s][info][gc,heap     ] GC(69) y:   Garbage:         -                 3M (6%)            3M (6%)            0M (0%)     
[2026-06-17T10:03:14.288+0800][2.382s][info][gc,heap     ] GC(69) y: Allocated:         -                 0M (0%)            4M (6%)            5M (9%)     
[2026-06-17T10:03:14.288+0800][2.382s][info][gc,heap     ] GC(69) y: Reclaimed:         -                  -                 0M (0%)            3M (6%)     
[2026-06-17T10:03:14.289+0800][2.382s][info][gc,heap     ] GC(69) y:  Promoted:         -                  -                 6M (9%)            6M (10%)    
[2026-06-17T10:03:14.289+0800][2.382s][info][gc,heap     ] GC(69) y: Compacted:         -                  -                  -                 0M (0%)     
[2026-06-17T10:03:14.289+0800][2.382s][info][gc,phases   ] GC(69) y: Young Generation 60M(94%)->64M(100%) 0.002s
[2026-06-17T10:03:14.289+0800][2.382s][info][gc          ] GC(69) Minor Collection (High Usage) 60M(94%)->64M(100%) 0.006s
[2026-06-17T10:03:14.289+0800][2.383s][info][gc          ] GC(70) Major Collection (Allocation Rate)
[2026-06-17T10:03:14.289+0800][2.383s][info][gc,task     ] GC(70) Using 1 Workers for Young Generation
[2026-06-17T10:03:14.290+0800][2.383s][info][gc,task     ] GC(70) Using 1 Workers for Old Generation
[2026-06-17T10:03:14.290+0800][2.383s][info][gc,phases   ] GC(70) Y: Young Generation
[2026-06-17T10:03:14.290+0800][2.383s][info][gc,phases   ] GC(70) Y: Pause Mark Start (Major) 0.020ms
[2026-06-17T10:03:14.290+0800][2.384s][info][gc,phases   ] GC(70) Y: Concurrent Mark 0.397ms
[2026-06-17T10:03:14.291+0800][2.384s][info][gc,phases   ] GC(70) Y: Pause Mark End 0.008ms
[2026-06-17T10:03:14.291+0800][2.384s][info][gc,phases   ] GC(70) Y: Concurrent Mark Free 0.001ms
[2026-06-17T10:03:14.291+0800][2.384s][info][gc,phases   ] GC(70) Y: Concurrent Reset Relocation Set 0.004ms
[2026-06-17T10:03:14.291+0800][2.385s][info][gc,reloc    ] GC(70) Y: Using tenuring threshold: 3 (Computed)
[2026-06-17T10:03:14.292+0800][2.385s][info][gc,phases   ] GC(70) Y: Concurrent Select Relocation Set 0.794ms
[2026-06-17T10:03:14.292+0800][2.385s][info][gc,phases   ] GC(70) Y: Pause Relocate Start 0.005ms
[2026-06-17T10:03:14.292+0800][2.385s][info][gc,phases   ] GC(70) Y: Concurrent Relocate 0.088ms
[2026-06-17T10:03:14.292+0800][2.385s][info][gc,alloc    ] GC(70) Y:                         Mark Start        Mark End      Relocate Start    Relocate End   
[2026-06-17T10:03:14.292+0800][2.385s][info][gc,alloc    ] GC(70) Y: Allocation Stalls:          0                0                0                0         
[2026-06-17T10:03:14.292+0800][2.385s][info][gc,load     ] GC(70) Y: Load: 0.38 (2%) / 0.43 (2%) / 0.50 (2%)
[2026-06-17T10:03:14.292+0800][2.386s][info][gc,mmu      ] GC(70) Y: MMU: 2ms/96.6%, 5ms/98.5%, 10ms/98.9%, 20ms/99.4%, 50ms/99.6%, 100ms/99.7%
[2026-06-17T10:03:14.292+0800][2.386s][info][gc,marking  ] GC(70) Y: Mark: 1 stripe(s), 1 proactive flush(es), 1 terminate flush(es), 0 completion(s), 0 continuation(s) 
[2026-06-17T10:03:14.292+0800][2.386s][info][gc,marking  ] GC(70) Y: Mark Stack Usage: 32M
[2026-06-17T10:03:14.292+0800][2.386s][info][gc,nmethod  ] GC(70) Y: NMethods: 72 registered, 4 unregistered
[2026-06-17T10:03:14.293+0800][2.386s][info][gc,metaspace] GC(70) Y: Metaspace: 0M used, 0M committed, 1088M reserved
[2026-06-17T10:03:14.293+0800][2.386s][info][gc,reloc    ] GC(70) Y:                        Candidates     Selected     In-Place         Size        Empty    Relocated 
[2026-06-17T10:03:14.293+0800][2.386s][info][gc,reloc    ] GC(70) Y: Small Pages:                    3            0            0           6M           4M           0M 
[2026-06-17T10:03:14.293+0800][2.386s][info][gc,reloc    ] GC(70) Y: Large Pages:                    2            0            0           4M           0M           0M 
[2026-06-17T10:03:14.293+0800][2.386s][info][gc,reloc    ] GC(70) Y: Forwarding Usage: 0M
[2026-06-17T10:03:14.293+0800][2.386s][info][gc,reloc    ] GC(70) Y: Age Table:
[2026-06-17T10:03:14.293+0800][2.386s][info][gc,reloc    ] GC(70) Y:                    Live             Garbage             Small              Medium             Large        
[2026-06-17T10:03:14.293+0800][2.386s][info][gc,reloc    ] GC(70) Y: Eden                -                 4M (6%)           2 / 0              0 / 0              0 / 0        
[2026-06-17T10:03:14.293+0800][2.387s][info][gc,reloc    ] GC(70) Y: Survivor 1          -                 0M (0%)           0 / 0              0 / 0              0 / 0        
[2026-06-17T10:03:14.293+0800][2.387s][info][gc,reloc    ] GC(70) Y: Survivor 2         4M (6%)            1M (3%)           1 / 0              0 / 0              2 / 0        
[2026-06-17T10:03:14.293+0800][2.387s][info][gc,heap     ] GC(70) Y: Min Capacity: 64M(100%)
[2026-06-17T10:03:14.294+0800][2.387s][info][gc,heap     ] GC(70) Y: Max Capacity: 64M(100%)
[2026-06-17T10:03:14.294+0800][2.387s][info][gc,heap     ] GC(70) Y: Soft Max Capacity: 64M(100%)
[2026-06-17T10:03:14.294+0800][2.387s][info][gc,heap     ] GC(70) Y: Heap Statistics:
[2026-06-17T10:03:14.294+0800][2.387s][info][gc,heap     ] GC(70) Y:                Mark Start          Mark End        Relocate Start      Relocate End           High               Low         
[2026-06-17T10:03:14.294+0800][2.387s][info][gc,heap     ] GC(70) Y:  Capacity:       64M (100%)         64M (100%)         64M (100%)         64M (100%)         64M (100%)         64M (100%)   
[2026-06-17T10:03:14.294+0800][2.387s][info][gc,heap     ] GC(70) Y:      Free:        0M (0%)            0M (0%)            4M (6%)            4M (6%)            4M (6%)            0M (0%)     
[2026-06-17T10:03:14.294+0800][2.387s][info][gc,heap     ] GC(70) Y:      Used:       64M (100%)         64M (100%)         60M (94%)          60M (94%)          64M (100%)         60M (94%)    
[2026-06-17T10:03:14.294+0800][2.387s][info][gc,heap     ] GC(70) Y: Young Generation Statistics:
[2026-06-17T10:03:14.294+0800][2.387s][info][gc,heap     ] GC(70) Y:                Mark Start          Mark End        Relocate Start      Relocate End    
[2026-06-17T10:03:14.294+0800][2.388s][info][gc,heap     ] GC(70) Y:      Used:       10M (16%)          10M (16%)           6M (9%)            6M (9%)     
[2026-06-17T10:03:14.294+0800][2.388s][info][gc,heap     ] GC(70) Y:      Live:         -                 4M (6%)            4M (6%)            4M (6%)     
[2026-06-17T10:03:14.294+0800][2.388s][info][gc,heap     ] GC(70) Y:   Garbage:         -                 5M (9%)            1M (3%)            1M (3%)     
[2026-06-17T10:03:14.295+0800][2.388s][info][gc,heap     ] GC(70) Y: Allocated:         -                 0M (0%)            0M (0%)            0M (0%)     
[2026-06-17T10:03:14.295+0800][2.388s][info][gc,heap     ] GC(70) Y: Reclaimed:         -                  -                 4M (6%)            4M (6%)     
[2026-06-17T10:03:14.295+0800][2.388s][info][gc,heap     ] GC(70) Y:  Promoted:         -                  -                 0M (0%)            0M (0%)     
[2026-06-17T10:03:14.295+0800][2.388s][info][gc,heap     ] GC(70) Y: Compacted:         -                  -                  -                 0M (0%)     
[2026-06-17T10:03:14.295+0800][2.388s][info][gc,phases   ] GC(70) Y: Young Generation 64M(100%)->60M(94%) 0.002s
[2026-06-17T10:03:14.295+0800][2.388s][info][gc,phases   ] GC(70) O: Old Generation
[2026-06-17T10:03:14.296+0800][2.390s][info][gc,phases   ] GC(70) O: Concurrent Mark 0.939ms
[2026-06-17T10:03:14.296+0800][2.390s][info][gc,phases   ] GC(70) O: Pause Mark End 0.007ms
[2026-06-17T10:03:14.297+0800][2.390s][info][gc,phases   ] GC(70) O: Concurrent Mark Free 0.000ms
[2026-06-17T10:03:14.297+0800][2.390s][info][gc,phases   ] GC(70) O: Concurrent Process Non-Strong 0.263ms
[2026-06-17T10:03:14.297+0800][2.390s][info][gc,phases   ] GC(70) O: Concurrent Reset Relocation Set 0.001ms
[2026-06-17T10:03:14.298+0800][2.391s][info][gc,phases   ] GC(70) O: Concurrent Select Relocation Set 0.591ms
[2026-06-17T10:03:14.298+0800][2.391s][info][gc,task     ] GC(70) O: Using 1 Workers for Old Generation
[2026-06-17T10:03:14.311+0800][2.404s][info][gc,task     ] GC(70) O: Using 1 Workers for Old Generation
[2026-06-17T10:03:14.311+0800][2.404s][info][gc,phases   ] GC(70) O: Concurrent Remap Roots 12.972ms
[2026-06-17T10:03:14.311+0800][2.404s][info][gc,phases   ] GC(70) O: Pause Relocate Start 0.012ms
[2026-06-17T10:03:14.311+0800][2.404s][info][gc          ] GC(71) Minor Collection (Allocation Rate)
[2026-06-17T10:03:14.311+0800][2.404s][info][gc,task     ] GC(71) Using 1 Workers for Young Generation
[2026-06-17T10:03:14.311+0800][2.405s][info][gc,phases   ] GC(70) O: Concurrent Relocate 0.189ms
[2026-06-17T10:03:14.311+0800][2.405s][info][gc          ] Allocation Stall (main) 6.135ms
[2026-06-17T10:03:14.311+0800][2.405s][info][gc,phases   ] GC(71) y: Young Generation
[2026-06-17T10:03:14.312+0800][2.405s][info][gc,phases   ] GC(71) y: Pause Mark Start 0.009ms
[2026-06-17T10:03:14.312+0800][2.406s][info][gc,phases   ] GC(71) y: Concurrent Mark 0.430ms
[2026-06-17T10:03:14.312+0800][2.406s][info][gc,phases   ] GC(71) y: Pause Mark End 0.006ms
[2026-06-17T10:03:14.313+0800][2.406s][info][gc,phases   ] GC(71) y: Concurrent Mark Free 0.001ms
[2026-06-17T10:03:14.313+0800][2.406s][info][gc,phases   ] GC(71) y: Concurrent Reset Relocation Set 0.001ms
[2026-06-17T10:03:14.313+0800][2.407s][info][gc,reloc    ] GC(71) y: Using tenuring threshold: 3 (Computed)
[2026-06-17T10:03:14.313+0800][2.407s][info][gc          ] Allocation Stall (main) 1.587ms
[2026-06-17T10:03:14.313+0800][2.407s][info][gc,phases   ] GC(71) y: Concurrent Select Relocation Set 0.783ms
[2026-06-17T10:03:14.314+0800][2.407s][info][gc,phases   ] GC(71) y: Pause Relocate Start 0.005ms
[2026-06-17T10:03:14.314+0800][2.407s][info][gc,phases   ] GC(71) y: Concurrent Relocate 0.137ms
[2026-06-17T10:03:14.314+0800][2.407s][info][gc,alloc    ] GC(71) y:                         Mark Start        Mark End      Relocate Start    Relocate End   
[2026-06-17T10:03:14.314+0800][2.408s][info][gc,alloc    ] GC(71) y: Allocation Stalls:          1                1                1                1         
[2026-06-17T10:03:14.314+0800][2.408s][info][gc,load     ] GC(71) y: Load: 0.38 (2%) / 0.43 (2%) / 0.50 (2%)
[2026-06-17T10:03:14.314+0800][2.408s][info][gc,mmu      ] GC(71) y: MMU: 2ms/96.6%, 5ms/98.5%, 10ms/98.9%, 20ms/99.4%, 50ms/99.6%, 100ms/99.7%
[2026-06-17T10:03:14.315+0800][2.408s][info][gc,marking  ] GC(71) y: Mark: 1 stripe(s), 1 proactive flush(es), 1 terminate flush(es), 0 completion(s), 0 continuation(s) 
[2026-06-17T10:03:14.315+0800][2.408s][info][gc,marking  ] GC(71) y: Mark Stack Usage: 32M
[2026-06-17T10:03:14.315+0800][2.408s][info][gc,nmethod  ] GC(71) y: NMethods: 71 registered, 5 unregistered
[2026-06-17T10:03:14.315+0800][2.408s][info][gc,metaspace] GC(71) y: Metaspace: 0M used, 0M committed, 1088M reserved
[2026-06-17T10:03:14.315+0800][2.408s][info][gc,reloc    ] GC(71) y:                        Candidates     Selected     In-Place         Size        Empty    Relocated 
[2026-06-17T10:03:14.315+0800][2.408s][info][gc,reloc    ] GC(71) y: Small Pages:                    4            1            2           8M           2M           0M 
[2026-06-17T10:03:14.315+0800][2.408s][info][gc,reloc    ] GC(71) y: Large Pages:                    2            0            0           4M           0M           0M 
[2026-06-17T10:03:14.315+0800][2.408s][info][gc,reloc    ] GC(71) y: Forwarding Usage: 0M
[2026-06-17T10:03:14.315+0800][2.408s][info][gc,reloc    ] GC(71) y: Age Table:
[2026-06-17T10:03:14.315+0800][2.409s][info][gc,reloc    ] GC(71) y:                    Live             Garbage             Small              Medium             Large        
[2026-06-17T10:03:14.315+0800][2.409s][info][gc,reloc    ] GC(71) y: Eden               2M (3%)            3M (6%)           3 / 1              0 / 0              0 / 0        
[2026-06-17T10:03:14.315+0800][2.409s][info][gc,reloc    ] GC(71) y: Survivor 1          -                 0M (0%)           0 / 0              0 / 0              0 / 0        
[2026-06-17T10:03:14.315+0800][2.409s][info][gc,reloc    ] GC(71) y: Survivor 2          -                 0M (0%)           0 / 0              0 / 0              0 / 0        
[2026-06-17T10:03:14.316+0800][2.409s][info][gc,reloc    ] GC(71) y: Survivor 3         4M (6%)            1M (3%)           1 / 0              0 / 0              2 / 0        
[2026-06-17T10:03:14.316+0800][2.409s][info][gc,heap     ] GC(71) y: Min Capacity: 64M(100%)
[2026-06-17T10:03:14.316+0800][2.409s][info][gc,heap     ] GC(71) y: Max Capacity: 64M(100%)
[2026-06-17T10:03:14.316+0800][2.409s][info][gc,heap     ] GC(71) y: Soft Max Capacity: 64M(100%)
[2026-06-17T10:03:14.316+0800][2.409s][info][gc,heap     ] GC(71) y: Heap Statistics:
[2026-06-17T10:03:14.316+0800][2.409s][info][gc,heap     ] GC(71) y:                Mark Start          Mark End        Relocate Start      Relocate End           High               Low         
[2026-06-17T10:03:14.316+0800][2.410s][info][gc,heap     ] GC(71) y:  Capacity:       64M (100%)         64M (100%)         64M (100%)         64M (100%)         64M (100%)         64M (100%)   
[2026-06-17T10:03:14.316+0800][2.410s][info][gc,heap     ] GC(71) y:      Free:        0M (0%)            0M (0%)            0M (0%)            0M (0%)            2M (3%)            0M (0%)     
[2026-06-17T10:03:14.316+0800][2.410s][info][gc,heap     ] GC(71) y:      Used:       64M (100%)         64M (100%)         64M (100%)         64M (100%)         64M (100%)         62M (97%)    
[2026-06-17T10:03:14.317+0800][2.410s][info][gc,heap     ] GC(71) y: Young Generation Statistics:
[2026-06-17T10:03:14.317+0800][2.410s][info][gc,heap     ] GC(71) y:                Mark Start          Mark End        Relocate Start      Relocate End    
[2026-06-17T10:03:14.317+0800][2.410s][info][gc,heap     ] GC(71) y:      Used:       12M (19%)          12M (19%)           8M (12%)           6M (9%)     
[2026-06-17T10:03:14.317+0800][2.410s][info][gc,heap     ] GC(71) y:      Live:         -                 6M (10%)           2M (4%)            2M (3%)     
[2026-06-17T10:03:14.317+0800][2.410s][info][gc,heap     ] GC(71) y:   Garbage:         -                 5M (9%)            3M (6%)            0M (0%)     
[2026-06-17T10:03:14.317+0800][2.410s][info][gc,heap     ] GC(71) y: Allocated:         -                 0M (0%)            2M (3%)            3M (6%)     
[2026-06-17T10:03:14.317+0800][2.410s][info][gc,heap     ] GC(71) y: Reclaimed:         -                  -                 2M (3%)            5M (9%)     
[2026-06-17T10:03:14.317+0800][2.410s][info][gc,heap     ] GC(71) y:  Promoted:         -                  -                 4M (6%)            4M (6%)     
[2026-06-17T10:03:14.317+0800][2.410s][info][gc,heap     ] GC(71) y: Compacted:         -                  -                  -                 0M (0%)     
[2026-06-17T10:03:14.317+0800][2.411s][info][gc,phases   ] GC(71) y: Young Generation 64M(100%)->64M(100%) 0.003s
[2026-06-17T10:03:14.317+0800][2.411s][info][gc          ] GC(71) Minor Collection (Allocation Rate) 64M(100%)->64M(100%) 0.006s
[2026-06-17T10:03:14.317+0800][2.411s][info][gc          ] GC(72) Minor Collection (Allocation Stall)
[2026-06-17T10:03:14.317+0800][2.411s][info][gc,task     ] GC(72) Using 1 Workers for Young Generation
[2026-06-17T10:03:14.318+0800][2.411s][info][gc,phases   ] GC(72) y: Young Generation
[2026-06-17T10:03:14.318+0800][2.411s][info][gc,phases   ] GC(72) y: Pause Mark Start 0.007ms
[2026-06-17T10:03:14.318+0800][2.412s][info][gc,phases   ] GC(72) y: Concurrent Mark 0.598ms
[2026-06-17T10:03:14.319+0800][2.412s][info][gc,phases   ] GC(72) y: Pause Mark End 0.011ms
[2026-06-17T10:03:14.320+0800][2.414s][info][gc,phases   ] GC(72) y: Concurrent Mark Free 0.002ms
[2026-06-17T10:03:14.321+0800][2.414s][info][gc,phases   ] GC(72) y: Concurrent Reset Relocation Set 0.006ms
[2026-06-17T10:03:14.321+0800][2.415s][info][gc,reloc    ] GC(72) y: Using tenuring threshold: 1 (Computed)
[2026-06-17T10:03:14.321+0800][2.415s][info][gc          ] Allocation Stall (main) 7.807ms
[2026-06-17T10:03:14.322+0800][2.415s][info][gc,phases   ] GC(72) y: Concurrent Select Relocation Set 0.857ms
[2026-06-17T10:03:14.322+0800][2.415s][info][gc,phases   ] GC(72) y: Pause Relocate Start 0.010ms
[2026-06-17T10:03:14.322+0800][2.416s][info][gc,phases   ] GC(72) y: Concurrent Relocate 0.120ms
[2026-06-17T10:03:14.323+0800][2.416s][info][gc,alloc    ] GC(72) y:                         Mark Start        Mark End      Relocate Start    Relocate End   
[2026-06-17T10:03:14.323+0800][2.416s][info][gc,alloc    ] GC(72) y: Allocation Stalls:          1                1                0                0         
[2026-06-17T10:03:14.323+0800][2.416s][info][gc,load     ] GC(72) y: Load: 0.38 (2%) / 0.43 (2%) / 0.50 (2%)
[2026-06-17T10:03:14.323+0800][2.416s][info][gc,mmu      ] GC(72) y: MMU: 2ms/96.6%, 5ms/98.5%, 10ms/98.9%, 20ms/99.4%, 50ms/99.6%, 100ms/99.7%
[2026-06-17T10:03:14.323+0800][2.416s][info][gc,marking  ] GC(72) y: Mark: 1 stripe(s), 1 proactive flush(es), 1 terminate flush(es), 0 completion(s), 0 continuation(s) 
[2026-06-17T10:03:14.323+0800][2.416s][info][gc,marking  ] GC(72) y: Mark Stack Usage: 32M
[2026-06-17T10:03:14.323+0800][2.417s][info][gc,nmethod  ] GC(72) y: NMethods: 71 registered, 5 unregistered
[2026-06-17T10:03:14.323+0800][2.417s][info][gc,metaspace] GC(72) y: Metaspace: 0M used, 0M committed, 1088M reserved
[2026-06-17T10:03:14.323+0800][2.417s][info][gc,reloc    ] GC(72) y:                        Candidates     Selected     In-Place         Size        Empty    Relocated 
[2026-06-17T10:03:14.324+0800][2.417s][info][gc,reloc    ] GC(72) y: Small Pages:                    3            0            0           6M           4M           0M 
[2026-06-17T10:03:14.324+0800][2.417s][info][gc,reloc    ] GC(72) y: Large Pages:                    0            0            0           0M           0M           0M 
[2026-06-17T10:03:14.324+0800][2.417s][info][gc,reloc    ] GC(72) y: Forwarding Usage: 0M
[2026-06-17T10:03:14.324+0800][2.417s][info][gc,reloc    ] GC(72) y: Age Table:
[2026-06-17T10:03:14.324+0800][2.417s][info][gc,reloc    ] GC(72) y:                    Live             Garbage             Small              Medium             Large        
[2026-06-17T10:03:14.324+0800][2.417s][info][gc,reloc    ] GC(72) y: Eden               0M (0%)            1M (3%)           1 / 0              0 / 0              0 / 0        
[2026-06-17T10:03:14.324+0800][2.417s][info][gc,reloc    ] GC(72) y: Survivor 1          -                 4M (6%)           2 / 0              0 / 0              0 / 0        
[2026-06-17T10:03:14.324+0800][2.418s][info][gc,heap     ] GC(72) y: Min Capacity: 64M(100%)
[2026-06-17T10:03:14.324+0800][2.418s][info][gc,heap     ] GC(72) y: Max Capacity: 64M(100%)
[2026-06-17T10:03:14.324+0800][2.418s][info][gc,heap     ] GC(72) y: Soft Max Capacity: 64M(100%)
[2026-06-17T10:03:14.325+0800][2.418s][info][gc,heap     ] GC(72) y: Heap Statistics:
[2026-06-17T10:03:14.325+0800][2.418s][info][gc,heap     ] GC(72) y:                Mark Start          Mark End        Relocate Start      Relocate End           High               Low         
[2026-06-17T10:03:14.325+0800][2.418s][info][gc,heap     ] GC(72) y:  Capacity:       64M (100%)         64M (100%)         64M (100%)         64M (100%)         64M (100%)         64M (100%)   
[2026-06-17T10:03:14.325+0800][2.419s][info][gc,heap     ] GC(72) y:      Free:        0M (0%)            0M (0%)            2M (3%)            0M (0%)            4M (6%)            0M (0%)     
[2026-06-17T10:03:14.325+0800][2.419s][info][gc,heap     ] GC(72) y:      Used:       64M (100%)         64M (100%)         62M (97%)          64M (100%)         64M (100%)         60M (94%)    
[2026-06-17T10:03:14.326+0800][2.419s][info][gc,heap     ] GC(72) y: Young Generation Statistics:
[2026-06-17T10:03:14.326+0800][2.419s][info][gc,heap     ] GC(72) y:                Mark Start          Mark End        Relocate Start      Relocate End    
[2026-06-17T10:03:14.326+0800][2.419s][info][gc,heap     ] GC(72) y:      Used:        6M (9%)            6M (9%)            4M (6%)            6M (9%)     
[2026-06-17T10:03:14.326+0800][2.419s][info][gc,heap     ] GC(72) y:      Live:         -                 0M (0%)            0M (0%)            0M (0%)     
[2026-06-17T10:03:14.326+0800][2.420s][info][gc,heap     ] GC(72) y:   Garbage:         -                 5M (9%)            1M (3%)            1M (3%)     
[2026-06-17T10:03:14.326+0800][2.420s][info][gc,heap     ] GC(72) y: Allocated:         -                 0M (0%)            2M (3%)            4M (6%)     
[2026-06-17T10:03:14.326+0800][2.420s][info][gc,heap     ] GC(72) y: Reclaimed:         -                  -                 4M (6%)            4M (6%)     
[2026-06-17T10:03:14.327+0800][2.420s][info][gc,heap     ] GC(72) y:  Promoted:         -                  -                 0M (0%)            0M (0%)     
[2026-06-17T10:03:14.327+0800][2.420s][info][gc,heap     ] GC(72) y: Compacted:         -                  -                  -                 0M (0%)     
[2026-06-17T10:03:14.327+0800][2.420s][info][gc,phases   ] GC(72) y: Young Generation 64M(100%)->64M(100%) 0.005s
[2026-06-17T10:03:14.327+0800][2.420s][info][gc          ] GC(72) Minor Collection (Allocation Stall) 64M(100%)->64M(100%) 0.009s
[2026-06-17T10:03:14.327+0800][2.420s][info][gc          ] GC(73) Minor Collection (Allocation Stall)
[2026-06-17T10:03:14.327+0800][2.420s][info][gc,task     ] GC(73) Using 1 Workers for Young Generation
[2026-06-17T10:03:14.327+0800][2.421s][info][gc,phases   ] GC(73) y: Young Generation
[2026-06-17T10:03:14.327+0800][2.421s][info][gc,phases   ] GC(73) y: Pause Mark Start 0.017ms
[2026-06-17T10:03:14.328+0800][2.421s][info][gc,phases   ] GC(73) y: Concurrent Mark 0.507ms
[2026-06-17T10:03:14.328+0800][2.422s][info][gc,phases   ] GC(73) y: Pause Mark End 0.006ms
[2026-06-17T10:03:14.328+0800][2.422s][info][gc,phases   ] GC(73) y: Concurrent Mark Free 0.001ms
[2026-06-17T10:03:14.328+0800][2.422s][info][gc,phases   ] GC(73) y: Concurrent Reset Relocation Set 0.001ms
[2026-06-17T10:03:14.329+0800][2.422s][info][gc,reloc    ] GC(73) y: Using tenuring threshold: 2 (Computed)
[2026-06-17T10:03:14.329+0800][2.423s][info][gc,phases   ] GC(73) y: Concurrent Select Relocation Set 0.778ms
[2026-06-17T10:03:14.329+0800][2.423s][info][gc,phases   ] GC(73) y: Pause Relocate Start 0.005ms
[2026-06-17T10:03:14.330+0800][2.423s][info][gc,phases   ] GC(73) y: Concurrent Relocate 0.104ms
[2026-06-17T10:03:14.330+0800][2.423s][info][gc,alloc    ] GC(73) y:                         Mark Start        Mark End      Relocate Start    Relocate End   
[2026-06-17T10:03:14.330+0800][2.423s][info][gc,alloc    ] GC(73) y: Allocation Stalls:          1                1                1                1         
[2026-06-17T10:03:14.330+0800][2.423s][info][gc,load     ] GC(73) y: Load: 0.38 (2%) / 0.43 (2%) / 0.50 (2%)
[2026-06-17T10:03:14.330+0800][2.423s][info][gc,mmu      ] GC(73) y: MMU: 2ms/96.6%, 5ms/98.5%, 10ms/98.9%, 20ms/99.4%, 50ms/99.6%, 100ms/99.7%
[2026-06-17T10:03:14.330+0800][2.423s][info][gc,marking  ] GC(73) y: Mark: 1 stripe(s), 1 proactive flush(es), 1 terminate flush(es), 0 completion(s), 0 continuation(s) 
[2026-06-17T10:03:14.330+0800][2.423s][info][gc,marking  ] GC(73) y: Mark Stack Usage: 32M
[2026-06-17T10:03:14.330+0800][2.424s][info][gc,nmethod  ] GC(73) y: NMethods: 71 registered, 5 unregistered
[2026-06-17T10:03:14.330+0800][2.424s][info][gc,metaspace] GC(73) y: Metaspace: 0M used, 0M committed, 1088M reserved
[2026-06-17T10:03:14.330+0800][2.424s][info][gc,reloc    ] GC(73) y:                        Candidates     Selected     In-Place         Size        Empty    Relocated 
[2026-06-17T10:03:14.331+0800][2.424s][info][gc,reloc    ] GC(73) y: Small Pages:                    2            1            2           4M           0M           0M 
[2026-06-17T10:03:14.332+0800][2.425s][info][gc,reloc    ] GC(73) y: Large Pages:                    1            0            0           2M           0M           0M 
[2026-06-17T10:03:14.332+0800][2.425s][info][gc,reloc    ] GC(73) y: Forwarding Usage: 0M
[2026-06-17T10:03:14.332+0800][2.425s][info][gc,reloc    ] GC(73) y: Age Table:
[2026-06-17T10:03:14.332+0800][2.425s][info][gc,reloc    ] GC(73) y:                    Live             Garbage             Small              Medium             Large        
[2026-06-17T10:03:14.332+0800][2.426s][info][gc,reloc    ] GC(73) y: Eden               2M (3%)            1M (3%)           1 / 1              0 / 0              1 / 0        
[2026-06-17T10:03:14.332+0800][2.426s][info][gc,reloc    ] GC(73) y: Survivor 1         0M (0%)            1M (3%)           1 / 0              0 / 0              0 / 0        
[2026-06-17T10:03:14.332+0800][2.426s][info][gc,heap     ] GC(73) y: Min Capacity: 64M(100%)
[2026-06-17T10:03:14.332+0800][2.426s][info][gc,heap     ] GC(73) y: Max Capacity: 64M(100%)
[2026-06-17T10:03:14.333+0800][2.426s][info][gc,heap     ] GC(73) y: Soft Max Capacity: 64M(100%)
[2026-06-17T10:03:14.333+0800][2.426s][info][gc,heap     ] GC(73) y: Heap Statistics:
[2026-06-17T10:03:14.333+0800][2.426s][info][gc,heap     ] GC(73) y:                Mark Start          Mark End        Relocate Start      Relocate End           High               Low         
[2026-06-17T10:03:14.333+0800][2.426s][info][gc,heap     ] GC(73) y:  Capacity:       64M (100%)         64M (100%)         64M (100%)         64M (100%)         64M (100%)         64M (100%)   
[2026-06-17T10:03:14.333+0800][2.426s][info][gc,heap     ] GC(73) y:      Free:        0M (0%)            0M (0%)            0M (0%)            0M (0%)            0M (0%)            0M (0%)     
[2026-06-17T10:03:14.333+0800][2.426s][info][gc,heap     ] GC(73) y:      Used:       64M (100%)         64M (100%)         64M (100%)         64M (100%)         64M (100%)         64M (100%)   
[2026-06-17T10:03:14.333+0800][2.426s][info][gc,heap     ] GC(73) y: Young Generation Statistics:
[2026-06-17T10:03:14.333+0800][2.426s][info][gc,heap     ] GC(73) y:                Mark Start          Mark End        Relocate Start      Relocate End    
[2026-06-17T10:03:14.333+0800][2.427s][info][gc,heap     ] GC(73) y:      Used:        6M (9%)            6M (9%)            6M (9%)            6M (9%)     
[2026-06-17T10:03:14.333+0800][2.427s][info][gc,heap     ] GC(73) y:      Live:         -                 2M (3%)            2M (3%)            2M (3%)     
[2026-06-17T10:03:14.333+0800][2.427s][info][gc,heap     ] GC(73) y:   Garbage:         -                 3M (6%)            3M (6%)            0M (0%)     
[2026-06-17T10:03:14.333+0800][2.427s][info][gc,heap     ] GC(73) y: Allocated:         -                 0M (0%)            0M (0%)            3M (6%)     
[2026-06-17T10:03:14.334+0800][2.427s][info][gc,heap     ] GC(73) y: Reclaimed:         -                  -                 0M (0%)            3M (6%)     
[2026-06-17T10:03:14.334+0800][2.427s][info][gc,heap     ] GC(73) y:  Promoted:         -                  -                 0M (0%)            0M (0%)     
[2026-06-17T10:03:14.334+0800][2.427s][info][gc,heap     ] GC(73) y: Compacted:         -                  -                  -                 0M (0%)     
[2026-06-17T10:03:14.334+0800][2.427s][info][gc,phases   ] GC(73) y: Young Generation 64M(100%)->64M(100%) 0.003s
[2026-06-17T10:03:14.334+0800][2.427s][info][gc          ] GC(73) Minor Collection (Allocation Stall) 64M(100%)->64M(100%) 0.007s
[2026-06-17T10:03:14.334+0800][2.427s][info][gc,alloc    ] GC(70) O:                         Mark Start        Mark End      Relocate Start    Relocate End   
[2026-06-17T10:03:14.334+0800][2.427s][info][gc,alloc    ] GC(70) O: Allocation Stalls:          0                0                1                0         
[2026-06-17T10:03:14.334+0800][2.428s][info][gc,load     ] GC(70) O: Load: 0.38 (2%) / 0.43 (2%) / 0.50 (2%)
[2026-06-17T10:03:14.334+0800][2.428s][info][gc,mmu      ] GC(70) O: MMU: 2ms/96.6%, 5ms/98.5%, 10ms/98.9%, 20ms/99.4%, 50ms/99.6%, 100ms/99.7%
[2026-06-17T10:03:14.334+0800][2.428s][info][gc,marking  ] GC(70) O: Mark: 1 stripe(s), 2 proactive flush(es), 1 terminate flush(es), 0 completion(s), 0 continuation(s) 
[2026-06-17T10:03:14.335+0800][2.428s][info][gc,marking  ] GC(70) O: Mark Stack Usage: 32M
[2026-06-17T10:03:14.335+0800][2.428s][info][gc,nmethod  ] GC(70) O: NMethods: 71 registered, 5 unregistered
[2026-06-17T10:03:14.335+0800][2.428s][info][gc,metaspace] GC(70) O: Metaspace: 0M used, 0M committed, 1088M reserved
[2026-06-17T10:03:14.335+0800][2.428s][info][gc,ref      ] GC(70) O:                       Encountered   Discovered     Enqueued 
[2026-06-17T10:03:14.335+0800][2.428s][info][gc,ref      ] GC(70) O: Soft References:                0            0            0 
[2026-06-17T10:03:14.335+0800][2.428s][info][gc,ref      ] GC(70) O: Weak References:                6            0            0 
[2026-06-17T10:03:14.335+0800][2.428s][info][gc,ref      ] GC(70) O: Final References:               0            0            0 
[2026-06-17T10:03:14.335+0800][2.428s][info][gc,ref      ] GC(70) O: Phantom References:             1            1            0 
[2026-06-17T10:03:14.335+0800][2.428s][info][gc,reloc    ] GC(70) O:                        Candidates     Selected     In-Place         Size        Empty    Relocated 
[2026-06-17T10:03:14.335+0800][2.429s][info][gc,reloc    ] GC(70) O: Small Pages:                    3            1            1           6M           0M           0M 
[2026-06-17T10:03:14.335+0800][2.429s][info][gc,reloc    ] GC(70) O: Large Pages:                   24            0            0          48M           0M           0M 
[2026-06-17T10:03:14.335+0800][2.429s][info][gc,reloc    ] GC(70) O: Forwarding Usage: 0M
[2026-06-17T10:03:14.335+0800][2.429s][info][gc,heap     ] GC(70) O: Min Capacity: 64M(100%)
[2026-06-17T10:03:14.335+0800][2.429s][info][gc,heap     ] GC(70) O: Max Capacity: 64M(100%)
[2026-06-17T10:03:14.336+0800][2.429s][info][gc,heap     ] GC(70) O: Soft Max Capacity: 64M(100%)
[2026-06-17T10:03:14.336+0800][2.429s][info][gc,heap     ] GC(70) O: Heap Statistics:
[2026-06-17T10:03:14.336+0800][2.429s][info][gc,heap     ] GC(70) O:                Mark Start          Mark End        Relocate Start      Relocate End           High               Low         
[2026-06-17T10:03:14.336+0800][2.429s][info][gc,heap     ] GC(70) O:  Capacity:       64M (100%)         64M (100%)         64M (100%)         64M (100%)         64M (100%)         64M (100%)   
[2026-06-17T10:03:14.336+0800][2.429s][info][gc,heap     ] GC(70) O:      Free:        0M (0%)            0M (0%)            0M (0%)            0M (0%)            4M (6%)            0M (0%)     
[2026-06-17T10:03:14.336+0800][2.429s][info][gc,heap     ] GC(70) O:      Used:       64M (100%)         64M (100%)         64M (100%)         64M (100%)         64M (100%)         60M (94%)    
[2026-06-17T10:03:14.336+0800][2.429s][info][gc,heap     ] GC(70) O: Old Generation Statistics:
[2026-06-17T10:03:14.336+0800][2.429s][info][gc,heap     ] GC(70) O:                Mark Start          Mark End        Relocate Start      Relocate End    
[2026-06-17T10:03:14.336+0800][2.429s][info][gc,heap     ] GC(70) O:      Used:       54M (84%)          54M (84%)          54M (84%)          52M (81%)    
[2026-06-17T10:03:14.336+0800][2.429s][info][gc,heap     ] GC(70) O:      Live:         -                50M (80%)          50M (80%)          50M (80%)    
[2026-06-17T10:03:14.336+0800][2.429s][info][gc,heap     ] GC(70) O:   Garbage:         -                 3M (5%)            3M (5%)            0M (0%)     
[2026-06-17T10:03:14.336+0800][2.430s][info][gc,heap     ] GC(70) O: Allocated:         -                 0M (0%)            0M (0%)            0M (1%)     
[2026-06-17T10:03:14.336+0800][2.430s][info][gc,heap     ] GC(70) O: Reclaimed:         -                  -                 0M (0%)            2M (4%)     
[2026-06-17T10:03:14.336+0800][2.430s][info][gc,heap     ] GC(70) O: Compacted:         -                  -                  -                 1M (2%)     
[2026-06-17T10:03:14.336+0800][2.430s][info][gc,phases   ] GC(70) O: Old Generation 64M(100%)->64M(100%) 0.039s
[2026-06-17T10:03:14.337+0800][2.430s][info][gc          ] GC(70) Major Collection (Allocation Rate) 64M(100%)->64M(100%) 0.047s
[2026-06-17T10:03:14.337+0800][2.430s][info][gc          ] GC(74) Major Collection (Allocation Stall)
[2026-06-17T10:03:14.337+0800][2.430s][info][gc,task     ] GC(74) Using 1 Workers for Young Generation
[2026-06-17T10:03:14.337+0800][2.430s][info][gc,task     ] GC(74) Using 1 Workers for Old Generation
[2026-06-17T10:03:14.337+0800][2.430s][info][gc,phases   ] GC(74) Y: Young Generation (Promote All)
[2026-06-17T10:03:14.337+0800][2.430s][info][gc,phases   ] GC(74) Y: Pause Mark Start 0.011ms
[2026-06-17T10:03:14.338+0800][2.431s][info][gc,phases   ] GC(74) Y: Concurrent Mark 0.459ms
[2026-06-17T10:03:14.338+0800][2.431s][info][gc,phases   ] GC(74) Y: Pause Mark End 0.006ms
[2026-06-17T10:03:14.338+0800][2.431s][info][gc,phases   ] GC(74) Y: Concurrent Mark Free 0.001ms
[2026-06-17T10:03:14.338+0800][2.431s][info][gc,phases   ] GC(74) Y: Concurrent Reset Relocation Set 0.001ms
[2026-06-17T10:03:14.339+0800][2.432s][info][gc,reloc    ] GC(74) Y: Using tenuring threshold: 0 (Promote All)
[2026-06-17T10:03:14.339+0800][2.432s][info][gc,phases   ] GC(74) Y: Concurrent Select Relocation Set 0.870ms
[2026-06-17T10:03:14.339+0800][2.432s][info][gc,phases   ] GC(74) Y: Pause Relocate Start 0.004ms
[2026-06-17T10:03:14.339+0800][2.433s][info][gc          ] Allocation Stall (main) 16.981ms
[2026-06-17T10:03:14.339+0800][2.433s][info][gc,phases   ] GC(74) Y: Concurrent Relocate 0.179ms
[2026-06-17T10:03:14.340+0800][2.433s][info][gc,alloc    ] GC(74) Y:                         Mark Start        Mark End      Relocate Start    Relocate End   
[2026-06-17T10:03:14.340+0800][2.433s][info][gc,alloc    ] GC(74) Y: Allocation Stalls:          1                1                1                0         
[2026-06-17T10:03:14.340+0800][2.433s][info][gc,load     ] GC(74) Y: Load: 0.38 (2%) / 0.43 (2%) / 0.50 (2%)
[2026-06-17T10:03:14.340+0800][2.433s][info][gc,mmu      ] GC(74) Y: MMU: 2ms/96.6%, 5ms/98.5%, 10ms/98.9%, 20ms/99.4%, 50ms/99.6%, 100ms/99.7%
[2026-06-17T10:03:14.340+0800][2.433s][info][gc,marking  ] GC(74) Y: Mark: 1 stripe(s), 1 proactive flush(es), 1 terminate flush(es), 0 completion(s), 0 continuation(s) 
[2026-06-17T10:03:14.340+0800][2.433s][info][gc,marking  ] GC(74) Y: Mark Stack Usage: 32M
[2026-06-17T10:03:14.340+0800][2.434s][info][gc,nmethod  ] GC(74) Y: NMethods: 71 registered, 5 unregistered
[2026-06-17T10:03:14.340+0800][2.434s][info][gc,metaspace] GC(74) Y: Metaspace: 0M used, 0M committed, 1088M reserved
[2026-06-17T10:03:14.340+0800][2.434s][info][gc,reloc    ] GC(74) Y:                        Candidates     Selected     In-Place         Size        Empty    Relocated 
[2026-06-17T10:03:14.340+0800][2.434s][info][gc,reloc    ] GC(74) Y: Small Pages:                    2            1            1           4M           0M           0M 
[2026-06-17T10:03:14.341+0800][2.434s][info][gc,reloc    ] GC(74) Y: Large Pages:                    1            0            0           2M           0M           0M 
[2026-06-17T10:03:14.341+0800][2.434s][info][gc,reloc    ] GC(74) Y: Forwarding Usage: 0M
[2026-06-17T10:03:14.341+0800][2.434s][info][gc,reloc    ] GC(74) Y: Age Table:
[2026-06-17T10:03:14.341+0800][2.434s][info][gc,reloc    ] GC(74) Y:                    Live             Garbage             Small              Medium             Large        
[2026-06-17T10:03:14.341+0800][2.434s][info][gc,reloc    ] GC(74) Y: Eden                -                 0M (0%)           0 / 0              0 / 0              0 / 0        
[2026-06-17T10:03:14.341+0800][2.434s][info][gc,reloc    ] GC(74) Y: Survivor 1         2M (3%)            1M (3%)           1 / 1              0 / 0              1 / 0        
[2026-06-17T10:03:14.341+0800][2.434s][info][gc,reloc    ] GC(74) Y: Survivor 2         0M (0%)            1M (3%)           1 / 0              0 / 0              0 / 0        
[2026-06-17T10:03:14.341+0800][2.434s][info][gc,heap     ] GC(74) Y: Min Capacity: 64M(100%)
[2026-06-17T10:03:14.341+0800][2.434s][info][gc,heap     ] GC(74) Y: Max Capacity: 64M(100%)
[2026-06-17T10:03:14.341+0800][2.434s][info][gc,heap     ] GC(74) Y: Soft Max Capacity: 64M(100%)
[2026-06-17T10:03:14.341+0800][2.435s][info][gc,heap     ] GC(74) Y: Heap Statistics:
[2026-06-17T10:03:14.341+0800][2.435s][info][gc,heap     ] GC(74) Y:                Mark Start          Mark End        Relocate Start      Relocate End           High               Low         
[2026-06-17T10:03:14.341+0800][2.435s][info][gc,heap     ] GC(74) Y:  Capacity:       64M (100%)         64M (100%)         64M (100%)         64M (100%)         64M (100%)         64M (100%)   
[2026-06-17T10:03:14.341+0800][2.435s][info][gc,heap     ] GC(74) Y:      Free:        0M (0%)            0M (0%)            0M (0%)            0M (0%)            2M (3%)            0M (0%)     
[2026-06-17T10:03:14.342+0800][2.435s][info][gc,heap     ] GC(74) Y:      Used:       64M (100%)         64M (100%)         64M (100%)         64M (100%)         64M (100%)         62M (97%)    
[2026-06-17T10:03:14.342+0800][2.435s][info][gc,heap     ] GC(74) Y: Young Generation Statistics:
[2026-06-17T10:03:14.342+0800][2.435s][info][gc,heap     ] GC(74) Y:                Mark Start          Mark End        Relocate Start      Relocate End    
[2026-06-17T10:03:14.342+0800][2.435s][info][gc,heap     ] GC(74) Y:      Used:        6M (9%)            6M (9%)            4M (6%)            0M (0%)     
[2026-06-17T10:03:14.342+0800][2.435s][info][gc,heap     ] GC(74) Y:      Live:         -                 2M (3%)            0M (0%)            0M (0%)     
[2026-06-17T10:03:14.342+0800][2.435s][info][gc,heap     ] GC(74) Y:   Garbage:         -                 3M (6%)            3M (6%)            0M (0%)     
[2026-06-17T10:03:14.342+0800][2.435s][info][gc,heap     ] GC(74) Y: Allocated:         -                 0M (0%)            0M (0%)            0M (0%)     
[2026-06-17T10:03:14.342+0800][2.436s][info][gc,heap     ] GC(74) Y: Reclaimed:         -                  -                 0M (0%)            3M (6%)     
[2026-06-17T10:03:14.342+0800][2.436s][info][gc,heap     ] GC(74) Y:  Promoted:         -                  -                 2M (3%)            2M (3%)     
[2026-06-17T10:03:14.342+0800][2.436s][info][gc,heap     ] GC(74) Y: Compacted:         -                  -                  -                 0M (0%)     
[2026-06-17T10:03:14.342+0800][2.436s][info][gc,phases   ] GC(74) Y: Young Generation (Promote All) 64M(100%)->64M(100%) 0.003s
[2026-06-17T10:03:14.343+0800][2.436s][info][gc,phases   ] GC(74) Y: Young Generation (Collect Roots)
[2026-06-17T10:03:14.343+0800][2.436s][info][gc,phases   ] GC(74) Y: Pause Mark Start (Major) 0.010ms
[2026-06-17T10:03:14.343+0800][2.437s][info][gc,phases   ] GC(74) Y: Concurrent Mark 0.562ms
[2026-06-17T10:03:14.344+0800][2.437s][info][gc,phases   ] GC(74) Y: Pause Mark End 0.006ms
[2026-06-17T10:03:14.344+0800][2.437s][info][gc,phases   ] GC(74) Y: Concurrent Mark Free 0.001ms
[2026-06-17T10:03:14.344+0800][2.437s][info][gc,phases   ] GC(74) Y: Concurrent Reset Relocation Set 0.003ms
[2026-06-17T10:03:14.345+0800][2.438s][info][gc,reloc    ] GC(74) Y: Using tenuring threshold: 1 (Computed)
[2026-06-17T10:03:14.345+0800][2.438s][info][gc,phases   ] GC(74) Y: Concurrent Select Relocation Set 0.715ms
[2026-06-17T10:03:14.345+0800][2.438s][info][gc,phases   ] GC(74) Y: Pause Relocate Start 0.004ms
[2026-06-17T10:03:14.345+0800][2.438s][info][gc,phases   ] GC(74) Y: Concurrent Relocate 0.101ms
[2026-06-17T10:03:14.345+0800][2.439s][info][gc,alloc    ] GC(74) Y:                         Mark Start        Mark End      Relocate Start    Relocate End   
[2026-06-17T10:03:14.345+0800][2.439s][info][gc,alloc    ] GC(74) Y: Allocation Stalls:          1                1                1                1         
[2026-06-17T10:03:14.345+0800][2.439s][info][gc,load     ] GC(74) Y: Load: 0.38 (2%) / 0.43 (2%) / 0.50 (2%)
[2026-06-17T10:03:14.345+0800][2.439s][info][gc,mmu      ] GC(74) Y: MMU: 2ms/96.6%, 5ms/98.5%, 10ms/98.9%, 20ms/99.4%, 50ms/99.6%, 100ms/99.7%
[2026-06-17T10:03:14.346+0800][2.439s][info][gc,marking  ] GC(74) Y: Mark: 1 stripe(s), 1 proactive flush(es), 1 terminate flush(es), 0 completion(s), 0 continuation(s) 
[2026-06-17T10:03:14.346+0800][2.439s][info][gc,marking  ] GC(74) Y: Mark Stack Usage: 32M
[2026-06-17T10:03:14.346+0800][2.439s][info][gc,nmethod  ] GC(74) Y: NMethods: 71 registered, 5 unregistered
[2026-06-17T10:03:14.346+0800][2.439s][info][gc,metaspace] GC(74) Y: Metaspace: 0M used, 0M committed, 1088M reserved
[2026-06-17T10:03:14.346+0800][2.439s][info][gc,reloc    ] GC(74) Y:                        Candidates     Selected     In-Place         Size        Empty    Relocated 
[2026-06-17T10:03:14.346+0800][2.439s][info][gc,reloc    ] GC(74) Y: Small Pages:                    0            0            0           0M           0M           0M 
[2026-06-17T10:03:14.346+0800][2.440s][info][gc,reloc    ] GC(74) Y: Large Pages:                    1            0            0           2M           0M           0M 
[2026-06-17T10:03:14.346+0800][2.440s][info][gc,reloc    ] GC(74) Y: Forwarding Usage: 0M
[2026-06-17T10:03:14.346+0800][2.440s][info][gc,reloc    ] GC(74) Y: Age Table:
[2026-06-17T10:03:14.347+0800][2.440s][info][gc,reloc    ] GC(74) Y:                    Live             Garbage             Small              Medium             Large        
[2026-06-17T10:03:14.347+0800][2.440s][info][gc,reloc    ] GC(74) Y: Eden               2M (3%)            0M (0%)           0 / 0              0 / 0              1 / 0        
[2026-06-17T10:03:14.347+0800][2.440s][info][gc,heap     ] GC(74) Y: Min Capacity: 64M(100%)
[2026-06-17T10:03:14.347+0800][2.440s][info][gc,heap     ] GC(74) Y: Max Capacity: 64M(100%)
[2026-06-17T10:03:14.347+0800][2.440s][info][gc,heap     ] GC(74) Y: Soft Max Capacity: 64M(100%)
[2026-06-17T10:03:14.347+0800][2.440s][info][gc,heap     ] GC(74) Y: Heap Statistics:
[2026-06-17T10:03:14.347+0800][2.440s][info][gc,heap     ] GC(74) Y:                Mark Start          Mark End        Relocate Start      Relocate End           High               Low         
[2026-06-17T10:03:14.347+0800][2.440s][info][gc,heap     ] GC(74) Y:  Capacity:       64M (100%)         64M (100%)         64M (100%)         64M (100%)         64M (100%)         64M (100%)   
[2026-06-17T10:03:14.347+0800][2.441s][info][gc,heap     ] GC(74) Y:      Free:        0M (0%)            0M (0%)            0M (0%)            0M (0%)            0M (0%)            0M (0%)     
[2026-06-17T10:03:14.347+0800][2.441s][info][gc,heap     ] GC(74) Y:      Used:       64M (100%)         64M (100%)         64M (100%)         64M (100%)         64M (100%)         64M (100%)   
[2026-06-17T10:03:14.347+0800][2.441s][info][gc,heap     ] GC(74) Y: Young Generation Statistics:
[2026-06-17T10:03:14.347+0800][2.441s][info][gc,heap     ] GC(74) Y:                Mark Start          Mark End        Relocate Start      Relocate End    
[2026-06-17T10:03:14.347+0800][2.441s][info][gc,heap     ] GC(74) Y:      Used:        2M (3%)            2M (3%)            2M (3%)            2M (3%)     
[2026-06-17T10:03:14.348+0800][2.441s][info][gc,heap     ] GC(74) Y:      Live:         -                 2M (3%)            2M (3%)            2M (3%)     
[2026-06-17T10:03:14.348+0800][2.441s][info][gc,heap     ] GC(74) Y:   Garbage:         -                 0M (0%)            0M (0%)            0M (0%)     
[2026-06-17T10:03:14.348+0800][2.441s][info][gc,heap     ] GC(74) Y: Allocated:         -                 0M (0%)            0M (0%)            0M (0%)     
[2026-06-17T10:03:14.348+0800][2.441s][info][gc,heap     ] GC(74) Y: Reclaimed:         -                  -                 0M (0%)            0M (0%)     
[2026-06-17T10:03:14.348+0800][2.441s][info][gc,heap     ] GC(74) Y:  Promoted:         -                  -                 0M (0%)            0M (0%)     
[2026-06-17T10:03:14.348+0800][2.441s][info][gc,heap     ] GC(74) Y: Compacted:         -                  -                  -                 0M (0%)     
[2026-06-17T10:03:14.348+0800][2.441s][info][gc,phases   ] GC(74) Y: Young Generation (Collect Roots) 64M(100%)->64M(100%) 0.003s
[2026-06-17T10:03:14.348+0800][2.441s][info][gc,phases   ] GC(74) O: Old Generation
[2026-06-17T10:03:14.348+0800][2.442s][info][gc          ] GC(75) Minor Collection (Allocation Stall)
[2026-06-17T10:03:14.348+0800][2.442s][info][gc,task     ] GC(75) Using 1 Workers for Young Generation
[2026-06-17T10:03:14.348+0800][2.442s][info][gc,phases   ] GC(75) y: Young Generation
[2026-06-17T10:03:14.348+0800][2.442s][info][gc,phases   ] GC(75) y: Pause Mark Start 0.007ms
[2026-06-17T10:03:14.349+0800][2.443s][info][gc,phases   ] GC(75) y: Concurrent Mark 0.624ms
[2026-06-17T10:03:14.349+0800][2.443s][info][gc,phases   ] GC(74) O: Concurrent Mark 1.253ms
[2026-06-17T10:03:14.350+0800][2.443s][info][gc,phases   ] GC(75) y: Pause Mark End 0.007ms
[2026-06-17T10:03:14.350+0800][2.444s][info][gc,phases   ] GC(75) y: Concurrent Mark Free 0.001ms
[2026-06-17T10:03:14.351+0800][2.444s][info][gc,phases   ] GC(75) y: Concurrent Reset Relocation Set 0.000ms
[2026-06-17T10:03:14.351+0800][2.444s][info][gc,phases   ] GC(74) O: Pause Mark End 0.007ms
[2026-06-17T10:03:14.351+0800][2.444s][info][gc,phases   ] GC(74) O: Concurrent Mark Free 0.001ms
[2026-06-17T10:03:14.351+0800][2.444s][info][gc,ref      ] GC(74) O: Clearing All SoftReferences
[2026-06-17T10:03:14.351+0800][2.445s][info][gc,reloc    ] GC(75) y: Using tenuring threshold: 2 (Computed)
[2026-06-17T10:03:14.351+0800][2.445s][info][gc,phases   ] GC(74) O: Concurrent Process Non-Strong 0.340ms
[2026-06-17T10:03:14.352+0800][2.445s][info][gc,phases   ] GC(74) O: Concurrent Reset Relocation Set 0.001ms
[2026-06-17T10:03:14.352+0800][2.445s][info][gc,phases   ] GC(75) y: Concurrent Select Relocation Set 0.757ms
[2026-06-17T10:03:14.352+0800][2.445s][info][gc,phases   ] GC(75) y: Pause Relocate Start 0.005ms
[2026-06-17T10:03:14.352+0800][2.445s][info][gc,phases   ] GC(75) y: Concurrent Relocate 0.106ms
[2026-06-17T10:03:14.352+0800][2.446s][info][gc,alloc    ] GC(75) y:                         Mark Start        Mark End      Relocate Start    Relocate End   
[2026-06-17T10:03:14.352+0800][2.446s][info][gc,alloc    ] GC(75) y: Allocation Stalls:          1                1                1                1         
[2026-06-17T10:03:14.352+0800][2.445s][info][gc,phases   ] GC(74) O: Concurrent Select Relocation Set 0.537ms
[2026-06-17T10:03:14.352+0800][2.446s][info][gc,load     ] GC(75) y: Load: 0.38 (2%) / 0.43 (2%) / 0.50 (2%)
[2026-06-17T10:03:14.353+0800][2.446s][info][gc,mmu      ] GC(75) y: MMU: 2ms/96.6%, 5ms/98.5%, 10ms/98.9%, 20ms/99.4%, 50ms/99.6%, 100ms/99.7%
[2026-06-17T10:03:14.353+0800][2.446s][info][gc,marking  ] GC(75) y: Mark: 1 stripe(s), 1 proactive flush(es), 1 terminate flush(es), 0 completion(s), 0 continuation(s) 
[2026-06-17T10:03:14.353+0800][2.446s][info][gc,marking  ] GC(75) y: Mark Stack Usage: 32M
[2026-06-17T10:03:14.353+0800][2.446s][info][gc,nmethod  ] GC(75) y: NMethods: 71 registered, 5 unregistered
[2026-06-17T10:03:14.353+0800][2.446s][info][gc,metaspace] GC(75) y: Metaspace: 0M used, 0M committed, 1088M reserved
[2026-06-17T10:03:14.353+0800][2.446s][info][gc,reloc    ] GC(75) y:                        Candidates     Selected     In-Place         Size        Empty    Relocated 
[2026-06-17T10:03:14.353+0800][2.446s][info][gc,reloc    ] GC(75) y: Small Pages:                    0            0            0           0M           0M           0M 
[2026-06-17T10:03:14.353+0800][2.447s][info][gc,reloc    ] GC(75) y: Large Pages:                    1            0            0           2M           0M           0M 
[2026-06-17T10:03:14.353+0800][2.447s][info][gc,reloc    ] GC(75) y: Forwarding Usage: 0M
[2026-06-17T10:03:14.353+0800][2.447s][info][gc,reloc    ] GC(75) y: Age Table:
[2026-06-17T10:03:14.354+0800][2.447s][info][gc,reloc    ] GC(75) y:                    Live             Garbage             Small              Medium             Large        
[2026-06-17T10:03:14.354+0800][2.447s][info][gc,reloc    ] GC(75) y: Eden                -                 0M (0%)           0 / 0              0 / 0              0 / 0        
[2026-06-17T10:03:14.354+0800][2.447s][info][gc,reloc    ] GC(75) y: Survivor 1         2M (3%)            0M (0%)           0 / 0              0 / 0              1 / 0        
[2026-06-17T10:03:14.354+0800][2.447s][info][gc,heap     ] GC(75) y: Min Capacity: 64M(100%)
[2026-06-17T10:03:14.354+0800][2.447s][info][gc,heap     ] GC(75) y: Max Capacity: 64M(100%)
[2026-06-17T10:03:14.354+0800][2.447s][info][gc,heap     ] GC(75) y: Soft Max Capacity: 64M(100%)
[2026-06-17T10:03:14.354+0800][2.447s][info][gc,heap     ] GC(75) y: Heap Statistics:
[2026-06-17T10:03:14.354+0800][2.447s][info][gc,heap     ] GC(75) y:                Mark Start          Mark End        Relocate Start      Relocate End           High               Low         
[2026-06-17T10:03:14.354+0800][2.448s][info][gc,heap     ] GC(75) y:  Capacity:       64M (100%)         64M (100%)         64M (100%)         64M (100%)         64M (100%)         64M (100%)   
[2026-06-17T10:03:14.354+0800][2.448s][info][gc,heap     ] GC(75) y:      Free:        0M (0%)            0M (0%)            0M (0%)            0M (0%)            0M (0%)            0M (0%)     
[2026-06-17T10:03:14.354+0800][2.448s][info][gc,heap     ] GC(75) y:      Used:       64M (100%)         64M (100%)         64M (100%)         64M (100%)         64M (100%)         64M (100%)   
[2026-06-17T10:03:14.354+0800][2.448s][info][gc,heap     ] GC(75) y: Young Generation Statistics:
[2026-06-17T10:03:14.355+0800][2.448s][info][gc,heap     ] GC(75) y:                Mark Start          Mark End        Relocate Start      Relocate End    
[2026-06-17T10:03:14.355+0800][2.448s][info][gc,heap     ] GC(75) y:      Used:        2M (3%)            2M (3%)            2M (3%)            2M (3%)     
[2026-06-17T10:03:14.355+0800][2.448s][info][gc,heap     ] GC(75) y:      Live:         -                 2M (3%)            2M (3%)            2M (3%)     
[2026-06-17T10:03:14.355+0800][2.448s][info][gc,heap     ] GC(75) y:   Garbage:         -                 0M (0%)            0M (0%)            0M (0%)     
[2026-06-17T10:03:14.355+0800][2.448s][info][gc,heap     ] GC(75) y: Allocated:         -                 0M (0%)            0M (0%)            0M (0%)     
[2026-06-17T10:03:14.355+0800][2.448s][info][gc,heap     ] GC(75) y: Reclaimed:         -                  -                 0M (0%)            0M (0%)     
[2026-06-17T10:03:14.355+0800][2.449s][info][gc,heap     ] GC(75) y:  Promoted:         -                  -                 0M (0%)            0M (0%)     
[2026-06-17T10:03:14.355+0800][2.449s][info][gc,heap     ] GC(75) y: Compacted:         -                  -                  -                 0M (0%)     
[2026-06-17T10:03:14.355+0800][2.449s][info][gc,phases   ] GC(75) y: Young Generation 64M(100%)->64M(100%) 0.004s
[2026-06-17T10:03:14.356+0800][2.449s][info][gc          ] GC(75) Minor Collection (Allocation Stall) 64M(100%)->64M(100%) 0.008s
[2026-06-17T10:03:14.356+0800][2.449s][info][gc,task     ] GC(74) O: Using 1 Workers for Old Generation
[2026-06-17T10:03:14.369+0800][2.462s][info][gc,task     ] GC(74) O: Using 1 Workers for Old Generation
[2026-06-17T10:03:14.369+0800][2.463s][info][gc,phases   ] GC(74) O: Concurrent Remap Roots 13.288ms
[2026-06-17T10:03:14.369+0800][2.463s][info][gc,phases   ] GC(74) O: Pause Relocate Start 0.011ms
[2026-06-17T10:03:14.370+0800][2.463s][info][gc          ] Allocation Stall (main) 30.110ms
[2026-06-17T10:03:14.370+0800][2.463s][info][gc,phases   ] GC(74) O: Concurrent Relocate 0.235ms
[2026-06-17T10:03:14.370+0800][2.463s][info][gc          ] GC(76) Minor Collection (Allocation Rate)
[2026-06-17T10:03:14.370+0800][2.463s][info][gc,task     ] GC(76) Using 1 Workers for Young Generation
[2026-06-17T10:03:14.370+0800][2.464s][info][gc,phases   ] GC(76) y: Young Generation
[2026-06-17T10:03:14.370+0800][2.464s][info][gc,phases   ] GC(76) y: Pause Mark Start 0.010ms
[2026-06-17T10:03:14.371+0800][2.464s][info][gc,phases   ] GC(76) y: Concurrent Mark 0.428ms
[2026-06-17T10:03:14.371+0800][2.465s][info][gc,phases   ] GC(76) y: Pause Mark End 0.006ms
[2026-06-17T10:03:14.371+0800][2.465s][info][gc,phases   ] GC(76) y: Concurrent Mark Free 0.000ms
[2026-06-17T10:03:14.371+0800][2.465s][info][gc,phases   ] GC(76) y: Concurrent Reset Relocation Set 0.000ms
[2026-06-17T10:03:14.372+0800][2.465s][info][gc,reloc    ] GC(76) y: Using tenuring threshold: 3 (Computed)
[2026-06-17T10:03:14.372+0800][2.466s][info][gc,phases   ] GC(76) y: Concurrent Select Relocation Set 0.736ms
[2026-06-17T10:03:14.372+0800][2.466s][info][gc,phases   ] GC(76) y: Pause Relocate Start 0.004ms
[2026-06-17T10:03:14.373+0800][2.466s][info][gc,phases   ] GC(76) y: Concurrent Relocate 0.087ms
[2026-06-17T10:03:14.373+0800][2.466s][info][gc,alloc    ] GC(76) y:                         Mark Start        Mark End      Relocate Start    Relocate End   
[2026-06-17T10:03:14.373+0800][2.466s][info][gc,alloc    ] GC(76) y: Allocation Stalls:          1                1                1                1         
[2026-06-17T10:03:14.373+0800][2.466s][info][gc,load     ] GC(76) y: Load: 0.38 (2%) / 0.43 (2%) / 0.50 (2%)
[2026-06-17T10:03:14.373+0800][2.466s][info][gc,mmu      ] GC(76) y: MMU: 2ms/96.6%, 5ms/98.5%, 10ms/98.9%, 20ms/99.4%, 50ms/99.6%, 100ms/99.7%
[2026-06-17T10:03:14.373+0800][2.466s][info][gc,marking  ] GC(76) y: Mark: 1 stripe(s), 1 proactive flush(es), 1 terminate flush(es), 0 completion(s), 0 continuation(s) 
[2026-06-17T10:03:14.373+0800][2.467s][info][gc,marking  ] GC(76) y: Mark Stack Usage: 32M
[2026-06-17T10:03:14.373+0800][2.467s][info][gc,nmethod  ] GC(76) y: NMethods: 71 registered, 5 unregistered
[2026-06-17T10:03:14.374+0800][2.467s][info][gc,metaspace] GC(76) y: Metaspace: 0M used, 0M committed, 1088M reserved
[2026-06-17T10:03:14.374+0800][2.467s][info][gc,reloc    ] GC(76) y:                        Candidates     Selected     In-Place         Size        Empty    Relocated 
[2026-06-17T10:03:14.374+0800][2.467s][info][gc,reloc    ] GC(76) y: Small Pages:                    0            0            0           0M           0M           0M 
[2026-06-17T10:03:14.374+0800][2.467s][info][gc,reloc    ] GC(76) y: Large Pages:                    3            0            0           6M           0M           0M 
[2026-06-17T10:03:14.374+0800][2.467s][info][gc,reloc    ] GC(76) y: Forwarding Usage: 0M
[2026-06-17T10:03:14.374+0800][2.468s][info][gc,reloc    ] GC(76) y: Age Table:
[2026-06-17T10:03:14.374+0800][2.468s][info][gc,reloc    ] GC(76) y:                    Live             Garbage             Small              Medium             Large        
[2026-06-17T10:03:14.374+0800][2.468s][info][gc,reloc    ] GC(76) y: Eden               4M (6%)            0M (0%)           0 / 0              0 / 0              2 / 0        
[2026-06-17T10:03:14.375+0800][2.468s][info][gc,reloc    ] GC(76) y: Survivor 1          -                 0M (0%)           0 / 0              0 / 0              0 / 0        
[2026-06-17T10:03:14.375+0800][2.468s][info][gc,reloc    ] GC(76) y: Survivor 2         2M (3%)            0M (0%)           0 / 0              0 / 0              1 / 0        
[2026-06-17T10:03:14.375+0800][2.468s][info][gc,heap     ] GC(76) y: Min Capacity: 64M(100%)
[2026-06-17T10:03:14.375+0800][2.468s][info][gc,heap     ] GC(76) y: Max Capacity: 64M(100%)
[2026-06-17T10:03:14.375+0800][2.468s][info][gc,heap     ] GC(76) y: Soft Max Capacity: 64M(100%)
[2026-06-17T10:03:14.375+0800][2.468s][info][gc,heap     ] GC(76) y: Heap Statistics:
[2026-06-17T10:03:14.375+0800][2.468s][info][gc,heap     ] GC(76) y:                Mark Start          Mark End        Relocate Start      Relocate End           High               Low         
[2026-06-17T10:03:14.375+0800][2.468s][info][gc,heap     ] GC(76) y:  Capacity:       64M (100%)         64M (100%)         64M (100%)         64M (100%)         64M (100%)         64M (100%)   
[2026-06-17T10:03:14.375+0800][2.469s][info][gc,heap     ] GC(76) y:      Free:        0M (0%)            0M (0%)            0M (0%)            0M (0%)            0M (0%)            0M (0%)     
[2026-06-17T10:03:14.375+0800][2.469s][info][gc,heap     ] GC(76) y:      Used:       64M (100%)         64M (100%)         64M (100%)         64M (100%)         64M (100%)         64M (100%)   
[2026-06-17T10:03:14.375+0800][2.469s][info][gc,heap     ] GC(76) y: Young Generation Statistics:
[2026-06-17T10:03:14.375+0800][2.469s][info][gc,heap     ] GC(76) y:                Mark Start          Mark End        Relocate Start      Relocate End    
[2026-06-17T10:03:14.375+0800][2.469s][info][gc,heap     ] GC(76) y:      Used:        6M (9%)            6M (9%)            6M (9%)            6M (9%)     
[2026-06-17T10:03:14.376+0800][2.469s][info][gc,heap     ] GC(76) y:      Live:         -                 6M (9%)            6M (9%)            6M (9%)     
[2026-06-17T10:03:14.376+0800][2.469s][info][gc,heap     ] GC(76) y:   Garbage:         -                 0M (0%)            0M (0%)            0M (0%)     
[2026-06-17T10:03:14.376+0800][2.469s][info][gc,heap     ] GC(76) y: Allocated:         -                 0M (0%)            0M (0%)            0M (0%)     
[2026-06-17T10:03:14.376+0800][2.469s][info][gc,heap     ] GC(76) y: Reclaimed:         -                  -                 0M (0%)            0M (0%)     
[2026-06-17T10:03:14.376+0800][2.469s][info][gc,heap     ] GC(76) y:  Promoted:         -                  -                 0M (0%)            0M (0%)     
[2026-06-17T10:03:14.376+0800][2.469s][info][gc,heap     ] GC(76) y: Compacted:         -                  -                  -                 0M (0%)     
[2026-06-17T10:03:14.376+0800][2.469s][info][gc,phases   ] GC(76) y: Young Generation 64M(100%)->64M(100%) 0.002s
[2026-06-17T10:03:14.376+0800][2.469s][info][gc          ] GC(76) Minor Collection (Allocation Rate) 62M(97%)->64M(100%) 0.006s
[2026-06-17T10:03:14.376+0800][2.469s][info][gc,alloc    ] GC(74) O:                         Mark Start        Mark End      Relocate Start    Relocate End   
[2026-06-17T10:03:14.376+0800][2.470s][info][gc,alloc    ] GC(74) O: Allocation Stalls:          1                1                1                0         
[2026-06-17T10:03:14.376+0800][2.470s][info][gc,load     ] GC(74) O: Load: 0.38 (2%) / 0.43 (2%) / 0.50 (2%)
[2026-06-17T10:03:14.376+0800][2.470s][info][gc,mmu      ] GC(74) O: MMU: 2ms/96.6%, 5ms/98.5%, 10ms/98.9%, 20ms/99.4%, 50ms/99.6%, 100ms/99.7%
[2026-06-17T10:03:14.377+0800][2.470s][info][gc,marking  ] GC(74) O: Mark: 1 stripe(s), 1 proactive flush(es), 1 terminate flush(es), 0 completion(s), 0 continuation(s) 
[2026-06-17T10:03:14.377+0800][2.470s][info][gc,marking  ] GC(74) O: Mark Stack Usage: 32M
[2026-06-17T10:03:14.377+0800][2.470s][info][gc,nmethod  ] GC(74) O: NMethods: 71 registered, 5 unregistered
[2026-06-17T10:03:14.377+0800][2.470s][info][gc,metaspace] GC(74) O: Metaspace: 0M used, 0M committed, 1088M reserved
[2026-06-17T10:03:14.377+0800][2.470s][info][gc,ref      ] GC(74) O:                       Encountered   Discovered     Enqueued 
[2026-06-17T10:03:14.377+0800][2.470s][info][gc,ref      ] GC(74) O: Soft References:                0            0            0 
[2026-06-17T10:03:14.377+0800][2.470s][info][gc,ref      ] GC(74) O: Weak References:                6            0            0 
[2026-06-17T10:03:14.377+0800][2.471s][info][gc,ref      ] GC(74) O: Final References:               0            0            0 
[2026-06-17T10:03:14.377+0800][2.471s][info][gc,ref      ] GC(74) O: Phantom References:             1            1            0 
[2026-06-17T10:03:14.377+0800][2.471s][info][gc,reloc    ] GC(74) O:                        Candidates     Selected     In-Place         Size        Empty    Relocated 
[2026-06-17T10:03:14.377+0800][2.471s][info][gc,reloc    ] GC(74) O: Small Pages:                    4            2            1           8M           0M           1M 
[2026-06-17T10:03:14.378+0800][2.471s][info][gc,reloc    ] GC(74) O: Large Pages:                   27            0            0          54M           0M           0M 
[2026-06-17T10:03:14.378+0800][2.471s][info][gc,reloc    ] GC(74) O: Forwarding Usage: 0M
[2026-06-17T10:03:14.378+0800][2.471s][info][gc,heap     ] GC(74) O: Min Capacity: 64M(100%)
[2026-06-17T10:03:14.378+0800][2.471s][info][gc,heap     ] GC(74) O: Max Capacity: 64M(100%)
[2026-06-17T10:03:14.378+0800][2.471s][info][gc,heap     ] GC(74) O: Soft Max Capacity: 64M(100%)
[2026-06-17T10:03:14.378+0800][2.471s][info][gc,heap     ] GC(74) O: Heap Statistics:
[2026-06-17T10:03:14.378+0800][2.471s][info][gc,heap     ] GC(74) O:                Mark Start          Mark End        Relocate Start      Relocate End           High               Low         
[2026-06-17T10:03:14.378+0800][2.472s][info][gc,heap     ] GC(74) O:  Capacity:       64M (100%)         64M (100%)         64M (100%)         64M (100%)         64M (100%)         64M (100%)   
[2026-06-17T10:03:14.378+0800][2.472s][info][gc,heap     ] GC(74) O:      Free:        0M (0%)            0M (0%)            0M (0%)            2M (3%)            2M (3%)            0M (0%)     
[2026-06-17T10:03:14.378+0800][2.472s][info][gc,heap     ] GC(74) O:      Used:       64M (100%)         64M (100%)         64M (100%)         62M (97%)          64M (100%)         62M (97%)    
[2026-06-17T10:03:14.379+0800][2.472s][info][gc,heap     ] GC(74) O: Old Generation Statistics:
[2026-06-17T10:03:14.379+0800][2.472s][info][gc,heap     ] GC(74) O:                Mark Start          Mark End        Relocate Start      Relocate End    
[2026-06-17T10:03:14.379+0800][2.472s][info][gc,heap     ] GC(74) O:      Used:       62M (97%)          62M (97%)          62M (97%)          58M (91%)    
[2026-06-17T10:03:14.379+0800][2.472s][info][gc,heap     ] GC(74) O:      Live:         -                57M (90%)          57M (90%)          57M (90%)    
[2026-06-17T10:03:14.379+0800][2.472s][info][gc,heap     ] GC(74) O:   Garbage:         -                 4M (7%)            4M (7%)            0M (0%)     
[2026-06-17T10:03:14.379+0800][2.472s][info][gc,heap     ] GC(74) O: Allocated:         -                 0M (0%)            0M (0%)            0M (1%)     
[2026-06-17T10:03:14.379+0800][2.472s][info][gc,heap     ] GC(74) O: Reclaimed:         -                  -                 0M (0%)            4M (7%)     
[2026-06-17T10:03:14.379+0800][2.472s][info][gc,heap     ] GC(74) O: Compacted:         -                  -                  -                 1M (2%)     
[2026-06-17T10:03:14.379+0800][2.473s][info][gc,phases   ] GC(74) O: Old Generation 64M(100%)->62M(97%) 0.028s
[2026-06-17T10:03:14.379+0800][2.473s][info][gc          ] GC(74) Major Collection (Allocation Stall) 64M(100%)->64M(100%) 0.043s
[2026-06-17T10:03:14.379+0800][2.473s][info][gc          ] GC(77) Major Collection (Allocation Stall)
[2026-06-17T10:03:14.380+0800][2.473s][info][gc,task     ] GC(77) Using 1 Workers for Young Generation
[2026-06-17T10:03:14.380+0800][2.473s][info][gc,task     ] GC(77) Using 1 Workers for Old Generation
[2026-06-17T10:03:14.380+0800][2.473s][info][gc,phases   ] GC(77) Y: Young Generation (Promote All)
[2026-06-17T10:03:14.380+0800][2.473s][info][gc,phases   ] GC(77) Y: Pause Mark Start 0.010ms
[2026-06-17T10:03:14.381+0800][2.474s][info][gc,phases   ] GC(77) Y: Concurrent Mark 0.487ms
[2026-06-17T10:03:14.381+0800][2.474s][info][gc,phases   ] GC(77) Y: Pause Mark End 0.006ms
[2026-06-17T10:03:14.381+0800][2.474s][info][gc,phases   ] GC(77) Y: Concurrent Mark Free 0.001ms
[2026-06-17T10:03:14.381+0800][2.474s][info][gc,phases   ] GC(77) Y: Concurrent Reset Relocation Set 0.000ms
[2026-06-17T10:03:14.382+0800][2.475s][info][gc,reloc    ] GC(77) Y: Using tenuring threshold: 0 (Promote All)
[2026-06-17T10:03:14.382+0800][2.475s][info][gc,phases   ] GC(77) Y: Concurrent Select Relocation Set 0.757ms
[2026-06-17T10:03:14.382+0800][2.475s][info][gc,phases   ] GC(77) Y: Pause Relocate Start 0.005ms
[2026-06-17T10:03:14.382+0800][2.475s][info][gc,phases   ] GC(77) Y: Concurrent Relocate 0.088ms
[2026-06-17T10:03:14.382+0800][2.475s][info][gc,alloc    ] GC(77) Y:                         Mark Start        Mark End      Relocate Start    Relocate End   
[2026-06-17T10:03:14.382+0800][2.476s][info][gc,alloc    ] GC(77) Y: Allocation Stalls:          1                1                1                1         
[2026-06-17T10:03:14.382+0800][2.476s][info][gc,load     ] GC(77) Y: Load: 0.38 (2%) / 0.43 (2%) / 0.50 (2%)
[2026-06-17T10:03:14.383+0800][2.476s][info][gc,mmu      ] GC(77) Y: MMU: 2ms/96.6%, 5ms/98.5%, 10ms/98.9%, 20ms/99.4%, 50ms/99.6%, 100ms/99.7%
[2026-06-17T10:03:14.383+0800][2.476s][info][gc,marking  ] GC(77) Y: Mark: 1 stripe(s), 1 proactive flush(es), 1 terminate flush(es), 0 completion(s), 0 continuation(s) 
[2026-06-17T10:03:14.383+0800][2.476s][info][gc,marking  ] GC(77) Y: Mark Stack Usage: 32M
[2026-06-17T10:03:14.383+0800][2.476s][info][gc,nmethod  ] GC(77) Y: NMethods: 71 registered, 5 unregistered
[2026-06-17T10:03:14.383+0800][2.476s][info][gc,metaspace] GC(77) Y: Metaspace: 0M used, 0M committed, 1088M reserved
[2026-06-17T10:03:14.383+0800][2.476s][info][gc,reloc    ] GC(77) Y:                        Candidates     Selected     In-Place         Size        Empty    Relocated 
[2026-06-17T10:03:14.383+0800][2.476s][info][gc,reloc    ] GC(77) Y: Small Pages:                    0            0            0           0M           0M           0M 
[2026-06-17T10:03:14.383+0800][2.476s][info][gc,reloc    ] GC(77) Y: Large Pages:                    3            0            0           6M           0M           0M 
[2026-06-17T10:03:14.383+0800][2.476s][info][gc,reloc    ] GC(77) Y: Forwarding Usage: 0M
[2026-06-17T10:03:14.383+0800][2.477s][info][gc,reloc    ] GC(77) Y: Age Table:
[2026-06-17T10:03:14.383+0800][2.477s][info][gc,reloc    ] GC(77) Y:                    Live             Garbage             Small              Medium             Large        
[2026-06-17T10:03:14.383+0800][2.477s][info][gc,reloc    ] GC(77) Y: Eden                -                 0M (0%)           0 / 0              0 / 0              0 / 0        
[2026-06-17T10:03:14.384+0800][2.477s][info][gc,reloc    ] GC(77) Y: Survivor 1         4M (6%)            0M (0%)           0 / 0              0 / 0              2 / 0        
[2026-06-17T10:03:14.384+0800][2.477s][info][gc,reloc    ] GC(77) Y: Survivor 2          -                 0M (0%)           0 / 0              0 / 0              0 / 0        
[2026-06-17T10:03:14.384+0800][2.477s][info][gc,reloc    ] GC(77) Y: Survivor 3         2M (3%)            0M (0%)           0 / 0              0 / 0              1 / 0        
[2026-06-17T10:03:14.384+0800][2.477s][info][gc,heap     ] GC(77) Y: Min Capacity: 64M(100%)
[2026-06-17T10:03:14.384+0800][2.477s][info][gc,heap     ] GC(77) Y: Max Capacity: 64M(100%)
[2026-06-17T10:03:14.384+0800][2.477s][info][gc,heap     ] GC(77) Y: Soft Max Capacity: 64M(100%)
[2026-06-17T10:03:14.384+0800][2.477s][info][gc,heap     ] GC(77) Y: Heap Statistics:
[2026-06-17T10:03:14.384+0800][2.477s][info][gc,heap     ] GC(77) Y:                Mark Start          Mark End        Relocate Start      Relocate End           High               Low         
[2026-06-17T10:03:14.384+0800][2.478s][info][gc,heap     ] GC(77) Y:  Capacity:       64M (100%)         64M (100%)         64M (100%)         64M (100%)         64M (100%)         64M (100%)   
[2026-06-17T10:03:14.384+0800][2.478s][info][gc,heap     ] GC(77) Y:      Free:        0M (0%)            0M (0%)            0M (0%)            0M (0%)            0M (0%)            0M (0%)     
[2026-06-17T10:03:14.384+0800][2.478s][info][gc,heap     ] GC(77) Y:      Used:       64M (100%)         64M (100%)         64M (100%)         64M (100%)         64M (100%)         64M (100%)   
[2026-06-17T10:03:14.384+0800][2.478s][info][gc,heap     ] GC(77) Y: Young Generation Statistics:
[2026-06-17T10:03:14.385+0800][2.478s][info][gc,heap     ] GC(77) Y:                Mark Start          Mark End        Relocate Start      Relocate End    
[2026-06-17T10:03:14.385+0800][2.478s][info][gc,heap     ] GC(77) Y:      Used:        6M (9%)            6M (9%)            0M (0%)            0M (0%)     
[2026-06-17T10:03:14.385+0800][2.478s][info][gc,heap     ] GC(77) Y:      Live:         -                 6M (9%)            0M (0%)            0M (0%)     
[2026-06-17T10:03:14.385+0800][2.478s][info][gc,heap     ] GC(77) Y:   Garbage:         -                 0M (0%)            0M (0%)            0M (0%)     
[2026-06-17T10:03:14.385+0800][2.478s][info][gc,heap     ] GC(77) Y: Allocated:         -                 0M (0%)            0M (0%)            0M (0%)     
[2026-06-17T10:03:14.385+0800][2.478s][info][gc,heap     ] GC(77) Y: Reclaimed:         -                  -                 0M (0%)            0M (0%)     
[2026-06-17T10:03:14.385+0800][2.478s][info][gc,heap     ] GC(77) Y:  Promoted:         -                  -                 6M (9%)            6M (9%)     
[2026-06-17T10:03:14.385+0800][2.478s][info][gc,heap     ] GC(77) Y: Compacted:         -                  -                  -                 0M (0%)     
[2026-06-17T10:03:14.385+0800][2.479s][info][gc,phases   ] GC(77) Y: Young Generation (Promote All) 64M(100%)->64M(100%) 0.002s
[2026-06-17T10:03:14.386+0800][2.479s][info][gc,phases   ] GC(77) Y: Young Generation (Collect Roots)
[2026-06-17T10:03:14.386+0800][2.479s][info][gc,phases   ] GC(77) Y: Pause Mark Start (Major) 0.013ms
[2026-06-17T10:03:14.387+0800][2.480s][info][gc,phases   ] GC(77) Y: Concurrent Mark 0.624ms
[2026-06-17T10:03:14.387+0800][2.481s][info][gc,phases   ] GC(77) Y: Pause Mark End 0.007ms
[2026-06-17T10:03:14.389+0800][2.483s][info][gc,phases   ] GC(77) Y: Concurrent Mark Free 0.030ms
[2026-06-17T10:03:14.390+0800][2.483s][info][gc,phases   ] GC(77) Y: Concurrent Reset Relocation Set 0.003ms
[2026-06-17T10:03:14.391+0800][2.484s][info][gc,reloc    ] GC(77) Y: Using tenuring threshold: 0 (Computed)
[2026-06-17T10:03:14.392+0800][2.486s][info][gc,phases   ] GC(77) Y: Concurrent Select Relocation Set 1.975ms
[2026-06-17T10:03:14.393+0800][2.486s][info][gc,phases   ] GC(77) Y: Pause Relocate Start 0.012ms
[2026-06-17T10:03:14.393+0800][2.486s][info][gc,phases   ] GC(77) Y: Concurrent Relocate 0.139ms
[2026-06-17T10:03:14.394+0800][2.487s][info][gc,alloc    ] GC(77) Y:                         Mark Start        Mark End      Relocate Start    Relocate End   
[2026-06-17T10:03:14.394+0800][2.488s][info][gc,alloc    ] GC(77) Y: Allocation Stalls:          1                1                1                1         
[2026-06-17T10:03:14.395+0800][2.488s][info][gc,load     ] GC(77) Y: Load: 0.38 (2%) / 0.43 (2%) / 0.50 (2%)
[2026-06-17T10:03:14.395+0800][2.489s][info][gc,mmu      ] GC(77) Y: MMU: 2ms/96.6%, 5ms/98.5%, 10ms/98.9%, 20ms/99.4%, 50ms/99.6%, 100ms/99.7%
[2026-06-17T10:03:14.397+0800][2.491s][info][gc,marking  ] GC(77) Y: Mark: 1 stripe(s), 1 proactive flush(es), 1 terminate flush(es), 0 completion(s), 0 continuation(s) 
[2026-06-17T10:03:14.398+0800][2.491s][info][gc,marking  ] GC(77) Y: Mark Stack Usage: 0M
[2026-06-17T10:03:14.398+0800][2.492s][info][gc,nmethod  ] GC(77) Y: NMethods: 71 registered, 5 unregistered
[2026-06-17T10:03:14.399+0800][2.492s][info][gc,metaspace] GC(77) Y: Metaspace: 0M used, 0M committed, 1088M reserved
[2026-06-17T10:03:14.401+0800][2.494s][info][gc,heap     ] GC(77) Y: Min Capacity: 64M(100%)
[2026-06-17T10:03:14.402+0800][2.495s][info][gc,heap     ] GC(77) Y: Max Capacity: 64M(100%)
[2026-06-17T10:03:14.402+0800][2.496s][info][gc,heap     ] GC(77) Y: Soft Max Capacity: 64M(100%)
[2026-06-17T10:03:14.404+0800][2.497s][info][gc,heap     ] GC(77) Y: Heap Statistics:
[2026-06-17T10:03:14.404+0800][2.498s][info][gc,heap     ] GC(77) Y:                Mark Start          Mark End        Relocate Start      Relocate End           High               Low         
[2026-06-17T10:03:14.405+0800][2.498s][info][gc,heap     ] GC(77) Y:  Capacity:       64M (100%)         64M (100%)         64M (100%)         64M (100%)         64M (100%)         64M (100%)   
[2026-06-17T10:03:14.405+0800][2.498s][info][gc,heap     ] GC(77) Y:      Free:        0M (0%)            0M (0%)            0M (0%)            0M (0%)            0M (0%)            0M (0%)     
[2026-06-17T10:03:14.405+0800][2.498s][info][gc,heap     ] GC(77) Y:      Used:       64M (100%)         64M (100%)         64M (100%)         64M (100%)         64M (100%)         64M (100%)   
[2026-06-17T10:03:14.405+0800][2.499s][info][gc,heap     ] GC(77) Y: Young Generation Statistics:
[2026-06-17T10:03:14.405+0800][2.499s][info][gc,heap     ] GC(77) Y:                Mark Start          Mark End        Relocate Start      Relocate End    
[2026-06-17T10:03:14.405+0800][2.499s][info][gc,heap     ] GC(77) Y:      Used:        0M (0%)            0M (0%)            0M (0%)            0M (0%)     
[2026-06-17T10:03:14.406+0800][2.499s][info][gc,heap     ] GC(77) Y:      Live:         -                 0M (0%)            0M (0%)            0M (0%)     
[2026-06-17T10:03:14.406+0800][2.499s][info][gc,heap     ] GC(77) Y:   Garbage:         -                 0M (0%)            0M (0%)            0M (0%)     
[2026-06-17T10:03:14.406+0800][2.499s][info][gc,heap     ] GC(77) Y: Allocated:         -                 0M (0%)            0M (0%)            0M (0%)     
[2026-06-17T10:03:14.406+0800][2.499s][info][gc,heap     ] GC(77) Y: Reclaimed:         -                  -                 0M (0%)            0M (0%)     
[2026-06-17T10:03:14.406+0800][2.499s][info][gc,heap     ] GC(77) Y:  Promoted:         -                  -                 0M (0%)            0M (0%)     
[2026-06-17T10:03:14.406+0800][2.499s][info][gc,heap     ] GC(77) Y: Compacted:         -                  -                  -                 0M (0%)     
[2026-06-17T10:03:14.406+0800][2.499s][info][gc,phases   ] GC(77) Y: Young Generation (Collect Roots) 64M(100%)->64M(100%) 0.008s
[2026-06-17T10:03:14.406+0800][2.499s][info][gc,phases   ] GC(77) O: Old Generation
[2026-06-17T10:03:14.407+0800][2.501s][info][gc,phases   ] GC(77) O: Concurrent Mark 1.016ms
[2026-06-17T10:03:14.407+0800][2.501s][info][gc,phases   ] GC(77) O: Pause Mark End 0.010ms
[2026-06-17T10:03:14.408+0800][2.501s][info][gc,phases   ] GC(77) O: Concurrent Mark Free 0.001ms
[2026-06-17T10:03:14.408+0800][2.501s][info][gc,ref      ] GC(77) O: Clearing All SoftReferences
[2026-06-17T10:03:14.408+0800][2.501s][info][gc,phases   ] GC(77) O: Concurrent Process Non-Strong 0.414ms
[2026-06-17T10:03:14.408+0800][2.501s][info][gc,phases   ] GC(77) O: Concurrent Reset Relocation Set 0.002ms
[2026-06-17T10:03:14.409+0800][2.502s][info][gc,phases   ] GC(77) O: Concurrent Select Relocation Set 0.569ms
[2026-06-17T10:03:14.409+0800][2.502s][info][gc,task     ] GC(77) O: Using 1 Workers for Old Generation
[2026-06-17T10:03:14.422+0800][2.515s][info][gc,task     ] GC(77) O: Using 1 Workers for Old Generation
[2026-06-17T10:03:14.422+0800][2.515s][info][gc,phases   ] GC(77) O: Concurrent Remap Roots 13.068ms
[2026-06-17T10:03:14.422+0800][2.516s][info][gc,phases   ] GC(77) O: Pause Relocate Start 0.012ms
[2026-06-17T10:03:14.423+0800][2.516s][info][gc,phases   ] GC(77) O: Concurrent Relocate 0.081ms
[2026-06-17T10:03:14.423+0800][2.516s][info][gc,alloc    ] GC(77) O:                         Mark Start        Mark End      Relocate Start    Relocate End   
[2026-06-17T10:03:14.423+0800][2.516s][info][gc,alloc    ] GC(77) O: Allocation Stalls:          1                1                1                1         
[2026-06-17T10:03:14.423+0800][2.516s][info][gc,load     ] GC(77) O: Load: 0.38 (2%) / 0.43 (2%) / 0.50 (2%)
[2026-06-17T10:03:14.423+0800][2.516s][info][gc,mmu      ] GC(77) O: MMU: 2ms/96.6%, 5ms/98.5%, 10ms/98.9%, 20ms/99.4%, 50ms/99.6%, 100ms/99.7%
[2026-06-17T10:03:14.423+0800][2.516s][info][gc,marking  ] GC(77) O: Mark: 1 stripe(s), 1 proactive flush(es), 1 terminate flush(es), 0 completion(s), 0 continuation(s) 
[2026-06-17T10:03:14.423+0800][2.517s][info][gc,marking  ] GC(77) O: Mark Stack Usage: 32M
[2026-06-17T10:03:14.423+0800][2.517s][info][gc,nmethod  ] GC(77) O: NMethods: 71 registered, 5 unregistered
[2026-06-17T10:03:14.423+0800][2.517s][info][gc,metaspace] GC(77) O: Metaspace: 0M used, 0M committed, 1088M reserved
[2026-06-17T10:03:14.424+0800][2.517s][info][gc,ref      ] GC(77) O:                       Encountered   Discovered     Enqueued 
[2026-06-17T10:03:14.424+0800][2.517s][info][gc,ref      ] GC(77) O: Soft References:                0            0            0 
[2026-06-17T10:03:14.424+0800][2.517s][info][gc,ref      ] GC(77) O: Weak References:                6            0            0 
[2026-06-17T10:03:14.424+0800][2.517s][info][gc,ref      ] GC(77) O: Final References:               0            0            0 
[2026-06-17T10:03:14.424+0800][2.517s][info][gc,ref      ] GC(77) O: Phantom References:             1            1            0 
[2026-06-17T10:03:14.424+0800][2.517s][info][gc,reloc    ] GC(77) O:                        Candidates     Selected     In-Place         Size        Empty    Relocated 
[2026-06-17T10:03:14.424+0800][2.517s][info][gc,reloc    ] GC(77) O: Small Pages:                    2            0            0           4M           0M           0M 
[2026-06-17T10:03:14.424+0800][2.517s][info][gc,reloc    ] GC(77) O: Large Pages:                   30            0            0          60M           0M           0M 
[2026-06-17T10:03:14.424+0800][2.517s][info][gc,reloc    ] GC(77) O: Forwarding Usage: 0M
[2026-06-17T10:03:14.424+0800][2.517s][info][gc,heap     ] GC(77) O: Min Capacity: 64M(100%)
[2026-06-17T10:03:14.424+0800][2.518s][info][gc,heap     ] GC(77) O: Max Capacity: 64M(100%)
[2026-06-17T10:03:14.424+0800][2.518s][info][gc,heap     ] GC(77) O: Soft Max Capacity: 64M(100%)
[2026-06-17T10:03:14.424+0800][2.518s][info][gc,heap     ] GC(77) O: Heap Statistics:
[2026-06-17T10:03:14.424+0800][2.518s][info][gc,heap     ] GC(77) O:                Mark Start          Mark End        Relocate Start      Relocate End           High               Low         
[2026-06-17T10:03:14.425+0800][2.518s][info][gc,heap     ] GC(77) O:  Capacity:       64M (100%)         64M (100%)         64M (100%)         64M (100%)         64M (100%)         64M (100%)   
[2026-06-17T10:03:14.425+0800][2.518s][info][gc,heap     ] GC(77) O:      Free:        0M (0%)            0M (0%)            0M (0%)            0M (0%)            0M (0%)            0M (0%)     
[2026-06-17T10:03:14.425+0800][2.518s][info][gc,heap     ] GC(77) O:      Used:       64M (100%)         64M (100%)         64M (100%)         64M (100%)         64M (100%)         64M (100%)   
[2026-06-17T10:03:14.425+0800][2.518s][info][gc,heap     ] GC(77) O: Old Generation Statistics:
[2026-06-17T10:03:14.425+0800][2.518s][info][gc,heap     ] GC(77) O:                Mark Start          Mark End        Relocate Start      Relocate End    
[2026-06-17T10:03:14.425+0800][2.518s][info][gc,heap     ] GC(77) O:      Used:       64M (100%)         64M (100%)         64M (100%)         64M (100%)   
[2026-06-17T10:03:14.425+0800][2.518s][info][gc,heap     ] GC(77) O:      Live:         -                63M (99%)          63M (99%)          63M (99%)    
[2026-06-17T10:03:14.425+0800][2.518s][info][gc,heap     ] GC(77) O:   Garbage:         -                 0M (1%)            0M (1%)            0M (1%)     
[2026-06-17T10:03:14.425+0800][2.519s][info][gc,heap     ] GC(77) O: Allocated:         -                 0M (0%)            0M (0%)            0M (0%)     
[2026-06-17T10:03:14.425+0800][2.519s][info][gc,heap     ] GC(77) O: Reclaimed:         -                  -                 0M (0%)            0M (0%)     
[2026-06-17T10:03:14.425+0800][2.519s][info][gc,heap     ] GC(77) O: Compacted:         -                  -                  -                 0M (0%)     
[2026-06-17T10:03:14.425+0800][2.519s][info][gc,phases   ] GC(77) O: Old Generation 64M(100%)->64M(100%) 0.017s
[2026-06-17T10:03:14.426+0800][2.519s][info][gc          ] GC(77) Major Collection (Allocation Stall) 64M(100%)->64M(100%) 0.046s
[2026-06-17T10:03:14.426+0800][2.519s][info][gc          ] Allocation Stall (main) 55.420ms
[2026-06-17T10:03:14.426+0800][2.519s][info][gc          ] GC(78) Minor Collection (Allocation Stall)
[2026-06-17T10:03:14.426+0800][2.519s][info][gc,task     ] GC(78) Using 1 Workers for Young Generation
[2026-06-17T10:03:14.426+0800][2.519s][info][gc,phases   ] GC(78) y: Young Generation
[2026-06-17T10:03:14.426+0800][2.520s][info][gc,phases   ] GC(78) y: Pause Mark Start 0.009ms
[2026-06-17T10:03:14.427+0800][2.520s][info][gc,phases   ] GC(78) y: Concurrent Mark 0.470ms
[2026-06-17T10:03:14.427+0800][2.520s][info][gc,phases   ] GC(78) y: Pause Mark End 0.005ms
[2026-06-17T10:03:14.427+0800][2.520s][info][gc,phases   ] GC(78) y: Concurrent Mark Free 0.000ms
[2026-06-17T10:03:14.427+0800][2.520s][info][gc,phases   ] GC(78) y: Concurrent Reset Relocation Set 0.000ms
[2026-06-17T10:03:14.428+0800][2.521s][info][gc,reloc    ] GC(78) y: Using tenuring threshold: 0 (Computed)
[2026-06-17T10:03:14.428+0800][2.521s][info][gc,phases   ] GC(78) y: Concurrent Select Relocation Set 0.737ms
[2026-06-17T10:03:14.428+0800][2.521s][info][gc,phases   ] GC(78) y: Pause Relocate Start 0.005ms
[2026-06-17T10:03:14.428+0800][2.522s][info][gc,phases   ] GC(78) y: Concurrent Relocate 0.138ms
[2026-06-17T10:03:14.428+0800][2.522s][info][gc,alloc    ] GC(78) y:                         Mark Start        Mark End      Relocate Start    Relocate End   
[2026-06-17T10:03:14.429+0800][2.522s][info][gc,alloc    ] GC(78) y: Allocation Stalls:          1                1                1                1         
[2026-06-17T10:03:14.429+0800][2.522s][info][gc,load     ] GC(78) y: Load: 0.38 (2%) / 0.43 (2%) / 0.50 (2%)
[2026-06-17T10:03:14.429+0800][2.522s][info][gc,mmu      ] GC(78) y: MMU: 2ms/96.6%, 5ms/98.5%, 10ms/98.9%, 20ms/99.4%, 50ms/99.6%, 100ms/99.7%
[2026-06-17T10:03:14.429+0800][2.522s][info][gc,marking  ] GC(78) y: Mark: 1 stripe(s), 1 proactive flush(es), 1 terminate flush(es), 0 completion(s), 0 continuation(s) 
[2026-06-17T10:03:14.429+0800][2.522s][info][gc,marking  ] GC(78) y: Mark Stack Usage: 0M
[2026-06-17T10:03:14.429+0800][2.522s][info][gc,nmethod  ] GC(78) y: NMethods: 71 registered, 5 unregistered
[2026-06-17T10:03:14.429+0800][2.522s][info][gc,metaspace] GC(78) y: Metaspace: 0M used, 0M committed, 1088M reserved
[2026-06-17T10:03:14.429+0800][2.522s][info][gc,heap     ] GC(78) y: Min Capacity: 64M(100%)
[2026-06-17T10:03:14.429+0800][2.522s][info][gc,heap     ] GC(78) y: Max Capacity: 64M(100%)
[2026-06-17T10:03:14.429+0800][2.523s][info][gc,heap     ] GC(78) y: Soft Max Capacity: 64M(100%)
[2026-06-17T10:03:14.429+0800][2.523s][info][gc,heap     ] GC(78) y: Heap Statistics:
[2026-06-17T10:03:14.430+0800][2.523s][info][gc,heap     ] GC(78) y:                Mark Start          Mark End        Relocate Start      Relocate End           High               Low         
[2026-06-17T10:03:14.430+0800][2.523s][info][gc,heap     ] GC(78) y:  Capacity:       64M (100%)         64M (100%)         64M (100%)         64M (100%)         64M (100%)         64M (100%)   
[2026-06-17T10:03:14.430+0800][2.523s][info][gc,heap     ] GC(78) y:      Free:        0M (0%)            0M (0%)            0M (0%)            0M (0%)            0M (0%)            0M (0%)     
[2026-06-17T10:03:14.430+0800][2.523s][info][gc,heap     ] GC(78) y:      Used:       64M (100%)         64M (100%)         64M (100%)         64M (100%)         64M (100%)         64M (100%)   
[2026-06-17T10:03:14.430+0800][2.523s][info][gc,heap     ] GC(78) y: Young Generation Statistics:
[2026-06-17T10:03:14.430+0800][2.523s][info][gc,heap     ] GC(78) y:                Mark Start          Mark End        Relocate Start      Relocate End    
[2026-06-17T10:03:14.430+0800][2.523s][info][gc,heap     ] GC(78) y:      Used:        0M (0%)            0M (0%)            0M (0%)            0M (0%)     
[2026-06-17T10:03:14.430+0800][2.524s][info][gc,heap     ] GC(78) y:      Live:         -                 0M (0%)            0M (0%)            0M (0%)     
[2026-06-17T10:03:14.430+0800][2.524s][info][gc,heap     ] GC(78) y:   Garbage:         -                 0M (0%)            0M (0%)            0M (0%)     
[2026-06-17T10:03:14.430+0800][2.524s][info][gc,heap     ] GC(78) y: Allocated:         -                 0M (0%)            0M (0%)            0M (0%)     
[2026-06-17T10:03:14.431+0800][2.524s][info][gc,heap     ] GC(78) y: Reclaimed:         -                  -                 0M (0%)            0M (0%)     
[2026-06-17T10:03:14.431+0800][2.524s][info][gc,heap     ] GC(78) y:  Promoted:         -                  -                 0M (0%)            0M (0%)     
[2026-06-17T10:03:14.431+0800][2.524s][info][gc,heap     ] GC(78) y: Compacted:         -                  -                  -                 0M (0%)     
[2026-06-17T10:03:14.431+0800][2.524s][info][gc,phases   ] GC(78) y: Young Generation 64M(100%)->64M(100%) 0.002s
[2026-06-17T10:03:14.431+0800][2.524s][info][gc          ] GC(78) Minor Collection (Allocation Stall) 64M(100%)->64M(100%) 0.005s
[2026-06-17T10:03:14.431+0800][2.524s][info][gc          ] GC(79) Major Collection (Allocation Stall)
[2026-06-17T10:03:14.431+0800][2.524s][info][gc,task     ] GC(79) Using 1 Workers for Young Generation
[2026-06-17T10:03:14.431+0800][2.524s][info][gc,task     ] GC(79) Using 1 Workers for Old Generation
[2026-06-17T10:03:14.431+0800][2.525s][info][gc,phases   ] GC(79) Y: Young Generation (Promote All)
[2026-06-17T10:03:14.431+0800][2.525s][info][gc,phases   ] GC(79) Y: Pause Mark Start 0.007ms
[2026-06-17T10:03:14.432+0800][2.525s][info][gc,phases   ] GC(79) Y: Concurrent Mark 0.393ms
[2026-06-17T10:03:14.432+0800][2.525s][info][gc,phases   ] GC(79) Y: Pause Mark End 0.004ms
[2026-06-17T10:03:14.432+0800][2.525s][info][gc,phases   ] GC(79) Y: Concurrent Mark Free 0.000ms
[2026-06-17T10:03:14.432+0800][2.526s][info][gc,phases   ] GC(79) Y: Concurrent Reset Relocation Set 0.000ms
[2026-06-17T10:03:14.433+0800][2.526s][info][gc,reloc    ] GC(79) Y: Using tenuring threshold: 0 (Promote All)
[2026-06-17T10:03:14.433+0800][2.526s][info][gc,phases   ] GC(79) Y: Concurrent Select Relocation Set 0.862ms
[2026-06-17T10:03:14.433+0800][2.527s][info][gc,phases   ] GC(79) Y: Pause Relocate Start 0.003ms
[2026-06-17T10:03:14.434+0800][2.527s][info][gc,phases   ] GC(79) Y: Concurrent Relocate 0.183ms
[2026-06-17T10:03:14.434+0800][2.527s][info][gc,alloc    ] GC(79) Y:                         Mark Start        Mark End      Relocate Start    Relocate End   
[2026-06-17T10:03:14.434+0800][2.527s][info][gc,alloc    ] GC(79) Y: Allocation Stalls:          1                1                1                1         
[2026-06-17T10:03:14.434+0800][2.527s][info][gc,load     ] GC(79) Y: Load: 0.38 (2%) / 0.43 (2%) / 0.50 (2%)
[2026-06-17T10:03:14.434+0800][2.527s][info][gc,mmu      ] GC(79) Y: MMU: 2ms/96.6%, 5ms/98.5%, 10ms/98.9%, 20ms/99.4%, 50ms/99.6%, 100ms/99.7%
[2026-06-17T10:03:14.434+0800][2.528s][info][gc,marking  ] GC(79) Y: Mark: 1 stripe(s), 1 proactive flush(es), 1 terminate flush(es), 0 completion(s), 0 continuation(s) 
[2026-06-17T10:03:14.434+0800][2.528s][info][gc,marking  ] GC(79) Y: Mark Stack Usage: 0M
[2026-06-17T10:03:14.434+0800][2.528s][info][gc,nmethod  ] GC(79) Y: NMethods: 71 registered, 5 unregistered
[2026-06-17T10:03:14.435+0800][2.528s][info][gc,metaspace] GC(79) Y: Metaspace: 0M used, 0M committed, 1088M reserved
[2026-06-17T10:03:14.435+0800][2.528s][info][gc,heap     ] GC(79) Y: Min Capacity: 64M(100%)
[2026-06-17T10:03:14.435+0800][2.528s][info][gc,heap     ] GC(79) Y: Max Capacity: 64M(100%)
[2026-06-17T10:03:14.435+0800][2.528s][info][gc,heap     ] GC(79) Y: Soft Max Capacity: 64M(100%)
[2026-06-17T10:03:14.435+0800][2.528s][info][gc,heap     ] GC(79) Y: Heap Statistics:
[2026-06-17T10:03:14.435+0800][2.528s][info][gc,heap     ] GC(79) Y:                Mark Start          Mark End        Relocate Start      Relocate End           High               Low         
[2026-06-17T10:03:14.435+0800][2.528s][info][gc,heap     ] GC(79) Y:  Capacity:       64M (100%)         64M (100%)         64M (100%)         64M (100%)         64M (100%)         64M (100%)   
[2026-06-17T10:03:14.435+0800][2.529s][info][gc,heap     ] GC(79) Y:      Free:        0M (0%)            0M (0%)            0M (0%)            0M (0%)            0M (0%)            0M (0%)     
[2026-06-17T10:03:14.435+0800][2.529s][info][gc,heap     ] GC(79) Y:      Used:       64M (100%)         64M (100%)         64M (100%)         64M (100%)         64M (100%)         64M (100%)   
[2026-06-17T10:03:14.435+0800][2.529s][info][gc,heap     ] GC(79) Y: Young Generation Statistics:
[2026-06-17T10:03:14.436+0800][2.529s][info][gc,heap     ] GC(79) Y:                Mark Start          Mark End        Relocate Start      Relocate End    
[2026-06-17T10:03:14.436+0800][2.529s][info][gc,heap     ] GC(79) Y:      Used:        0M (0%)            0M (0%)            0M (0%)            0M (0%)     
[2026-06-17T10:03:14.436+0800][2.529s][info][gc,heap     ] GC(79) Y:      Live:         -                 0M (0%)            0M (0%)            0M (0%)     
[2026-06-17T10:03:14.436+0800][2.529s][info][gc,heap     ] GC(79) Y:   Garbage:         -                 0M (0%)            0M (0%)            0M (0%)     
[2026-06-17T10:03:14.436+0800][2.529s][info][gc,heap     ] GC(79) Y: Allocated:         -                 0M (0%)            0M (0%)            0M (0%)     
[2026-06-17T10:03:14.436+0800][2.529s][info][gc,heap     ] GC(79) Y: Reclaimed:         -                  -                 0M (0%)            0M (0%)     
[2026-06-17T10:03:14.436+0800][2.529s][info][gc,heap     ] GC(79) Y:  Promoted:         -                  -                 0M (0%)            0M (0%)     
[2026-06-17T10:03:14.436+0800][2.529s][info][gc,heap     ] GC(79) Y: Compacted:         -                  -                  -                 0M (0%)     
[2026-06-17T10:03:14.436+0800][2.530s][info][gc,phases   ] GC(79) Y: Young Generation (Promote All) 64M(100%)->64M(100%) 0.003s
[2026-06-17T10:03:14.436+0800][2.530s][info][gc,phases   ] GC(79) Y: Young Generation (Collect Roots)
[2026-06-17T10:03:14.436+0800][2.530s][info][gc,phases   ] GC(79) Y: Pause Mark Start (Major) 0.010ms
[2026-06-17T10:03:14.437+0800][2.530s][info][gc,phases   ] GC(79) Y: Concurrent Mark 0.400ms
[2026-06-17T10:03:14.437+0800][2.530s][info][gc,phases   ] GC(79) Y: Pause Mark End 0.003ms
[2026-06-17T10:03:14.437+0800][2.530s][info][gc,phases   ] GC(79) Y: Concurrent Mark Free 0.000ms
[2026-06-17T10:03:14.437+0800][2.531s][info][gc,phases   ] GC(79) Y: Concurrent Reset Relocation Set 0.001ms
[2026-06-17T10:03:14.438+0800][2.531s][info][gc,reloc    ] GC(79) Y: Using tenuring threshold: 0 (Computed)
[2026-06-17T10:03:14.438+0800][2.531s][info][gc,phases   ] GC(79) Y: Concurrent Select Relocation Set 0.709ms
[2026-06-17T10:03:14.438+0800][2.531s][info][gc,phases   ] GC(79) Y: Pause Relocate Start 0.004ms
[2026-06-17T10:03:14.438+0800][2.532s][info][gc,phases   ] GC(79) Y: Concurrent Relocate 0.086ms
[2026-06-17T10:03:14.438+0800][2.532s][info][gc,alloc    ] GC(79) Y:                         Mark Start        Mark End      Relocate Start    Relocate End   
[2026-06-17T10:03:14.439+0800][2.532s][info][gc,alloc    ] GC(79) Y: Allocation Stalls:          1                1                1                1         
[2026-06-17T10:03:14.439+0800][2.532s][info][gc,load     ] GC(79) Y: Load: 0.38 (2%) / 0.43 (2%) / 0.50 (2%)
[2026-06-17T10:03:14.439+0800][2.532s][info][gc,mmu      ] GC(79) Y: MMU: 2ms/96.6%, 5ms/98.5%, 10ms/98.9%, 20ms/99.4%, 50ms/99.6%, 100ms/99.7%
[2026-06-17T10:03:14.439+0800][2.532s][info][gc,marking  ] GC(79) Y: Mark: 1 stripe(s), 1 proactive flush(es), 1 terminate flush(es), 0 completion(s), 0 continuation(s) 
[2026-06-17T10:03:14.439+0800][2.532s][info][gc,marking  ] GC(79) Y: Mark Stack Usage: 0M
[2026-06-17T10:03:14.439+0800][2.532s][info][gc,nmethod  ] GC(79) Y: NMethods: 71 registered, 5 unregistered
[2026-06-17T10:03:14.439+0800][2.532s][info][gc,metaspace] GC(79) Y: Metaspace: 0M used, 0M committed, 1088M reserved
[2026-06-17T10:03:14.439+0800][2.532s][info][gc,heap     ] GC(79) Y: Min Capacity: 64M(100%)
[2026-06-17T10:03:14.439+0800][2.533s][info][gc,heap     ] GC(79) Y: Max Capacity: 64M(100%)
[2026-06-17T10:03:14.439+0800][2.533s][info][gc,heap     ] GC(79) Y: Soft Max Capacity: 64M(100%)
[2026-06-17T10:03:14.439+0800][2.533s][info][gc,heap     ] GC(79) Y: Heap Statistics:
[2026-06-17T10:03:14.439+0800][2.533s][info][gc,heap     ] GC(79) Y:                Mark Start          Mark End        Relocate Start      Relocate End           High               Low         
[2026-06-17T10:03:14.440+0800][2.533s][info][gc,heap     ] GC(79) Y:  Capacity:       64M (100%)         64M (100%)         64M (100%)         64M (100%)         64M (100%)         64M (100%)   
[2026-06-17T10:03:14.440+0800][2.533s][info][gc,heap     ] GC(79) Y:      Free:        0M (0%)            0M (0%)            0M (0%)            0M (0%)            0M (0%)            0M (0%)     
[2026-06-17T10:03:14.440+0800][2.533s][info][gc,heap     ] GC(79) Y:      Used:       64M (100%)         64M (100%)         64M (100%)         64M (100%)         64M (100%)         64M (100%)   
[2026-06-17T10:03:14.440+0800][2.533s][info][gc,heap     ] GC(79) Y: Young Generation Statistics:
[2026-06-17T10:03:14.440+0800][2.533s][info][gc,heap     ] GC(79) Y:                Mark Start          Mark End        Relocate Start      Relocate End    
[2026-06-17T10:03:14.440+0800][2.533s][info][gc,heap     ] GC(79) Y:      Used:        0M (0%)            0M (0%)            0M (0%)            0M (0%)     
[2026-06-17T10:03:14.440+0800][2.533s][info][gc,heap     ] GC(79) Y:      Live:         -                 0M (0%)            0M (0%)            0M (0%)     
[2026-06-17T10:03:14.440+0800][2.534s][info][gc,heap     ] GC(79) Y:   Garbage:         -                 0M (0%)            0M (0%)            0M (0%)     
[2026-06-17T10:03:14.440+0800][2.534s][info][gc,heap     ] GC(79) Y: Allocated:         -                 0M (0%)            0M (0%)            0M (0%)     
[2026-06-17T10:03:14.440+0800][2.534s][info][gc,heap     ] GC(79) Y: Reclaimed:         -                  -                 0M (0%)            0M (0%)     
[2026-06-17T10:03:14.441+0800][2.534s][info][gc,heap     ] GC(79) Y:  Promoted:         -                  -                 0M (0%)            0M (0%)     
[2026-06-17T10:03:14.441+0800][2.534s][info][gc,heap     ] GC(79) Y: Compacted:         -                  -                  -                 0M (0%)     
[2026-06-17T10:03:14.441+0800][2.534s][info][gc,phases   ] GC(79) Y: Young Generation (Collect Roots) 64M(100%)->64M(100%) 0.002s
[2026-06-17T10:03:14.441+0800][2.534s][info][gc,phases   ] GC(79) O: Old Generation
[2026-06-17T10:03:14.442+0800][2.535s][info][gc,phases   ] GC(79) O: Concurrent Mark 0.849ms
[2026-06-17T10:03:14.442+0800][2.535s][info][gc,phases   ] GC(79) O: Pause Mark End 0.007ms
[2026-06-17T10:03:14.442+0800][2.535s][info][gc,phases   ] GC(79) O: Concurrent Mark Free 0.001ms
[2026-06-17T10:03:14.442+0800][2.535s][info][gc,ref      ] GC(79) O: Clearing All SoftReferences
[2026-06-17T10:03:14.442+0800][2.536s][info][gc,phases   ] GC(79) O: Concurrent Process Non-Strong 0.329ms
[2026-06-17T10:03:14.443+0800][2.536s][info][gc,phases   ] GC(79) O: Concurrent Reset Relocation Set 0.000ms
[2026-06-17T10:03:14.443+0800][2.537s][info][gc,phases   ] GC(79) O: Concurrent Select Relocation Set 0.586ms
[2026-06-17T10:03:14.443+0800][2.537s][info][gc,task     ] GC(79) O: Using 1 Workers for Old Generation
[2026-06-17T10:03:14.456+0800][2.550s][info][gc,task     ] GC(79) O: Using 1 Workers for Old Generation
[2026-06-17T10:03:14.457+0800][2.550s][info][gc,phases   ] GC(79) O: Concurrent Remap Roots 13.117ms
[2026-06-17T10:03:14.457+0800][2.550s][info][gc,phases   ] GC(79) O: Pause Relocate Start 0.010ms
[2026-06-17T10:03:14.457+0800][2.550s][info][gc,phases   ] GC(79) O: Concurrent Relocate 0.068ms
[2026-06-17T10:03:14.457+0800][2.550s][info][gc,alloc    ] GC(79) O:                         Mark Start        Mark End      Relocate Start    Relocate End   
[2026-06-17T10:03:14.457+0800][2.550s][info][gc,alloc    ] GC(79) O: Allocation Stalls:          1                1                1                1         
[2026-06-17T10:03:14.457+0800][2.551s][info][gc,load     ] GC(79) O: Load: 0.38 (2%) / 0.43 (2%) / 0.50 (2%)
[2026-06-17T10:03:14.457+0800][2.551s][info][gc,mmu      ] GC(79) O: MMU: 2ms/96.6%, 5ms/98.5%, 10ms/98.9%, 20ms/99.4%, 50ms/99.6%, 100ms/99.7%
[2026-06-17T10:03:14.458+0800][2.551s][info][gc,marking  ] GC(79) O: Mark: 1 stripe(s), 1 proactive flush(es), 1 terminate flush(es), 0 completion(s), 0 continuation(s) 
[2026-06-17T10:03:14.458+0800][2.551s][info][gc,marking  ] GC(79) O: Mark Stack Usage: 32M
[2026-06-17T10:03:14.458+0800][2.551s][info][gc,nmethod  ] GC(79) O: NMethods: 71 registered, 5 unregistered
[2026-06-17T10:03:14.458+0800][2.551s][info][gc,metaspace] GC(79) O: Metaspace: 0M used, 0M committed, 1088M reserved
[2026-06-17T10:03:14.458+0800][2.552s][info][gc,ref      ] GC(79) O:                       Encountered   Discovered     Enqueued 
[2026-06-17T10:03:14.458+0800][2.552s][info][gc,ref      ] GC(79) O: Soft References:                0            0            0 
[2026-06-17T10:03:14.459+0800][2.552s][info][gc,ref      ] GC(79) O: Weak References:                6            0            0 
[2026-06-17T10:03:14.459+0800][2.552s][info][gc,ref      ] GC(79) O: Final References:               0            0            0 
[2026-06-17T10:03:14.459+0800][2.553s][info][gc,ref      ] GC(79) O: Phantom References:             1            1            0 
[2026-06-17T10:03:14.459+0800][2.553s][info][gc,reloc    ] GC(79) O:                        Candidates     Selected     In-Place         Size        Empty    Relocated 
[2026-06-17T10:03:14.459+0800][2.553s][info][gc,reloc    ] GC(79) O: Small Pages:                    2            0            0           4M           0M           0M 
[2026-06-17T10:03:14.459+0800][2.553s][info][gc,reloc    ] GC(79) O: Large Pages:                   30            0            0          60M           0M           0M 
[2026-06-17T10:03:14.460+0800][2.553s][info][gc,reloc    ] GC(79) O: Forwarding Usage: 0M
[2026-06-17T10:03:14.460+0800][2.553s][info][gc,heap     ] GC(79) O: Min Capacity: 64M(100%)
[2026-06-17T10:03:14.460+0800][2.553s][info][gc,heap     ] GC(79) O: Max Capacity: 64M(100%)
[2026-06-17T10:03:14.460+0800][2.553s][info][gc,heap     ] GC(79) O: Soft Max Capacity: 64M(100%)
[2026-06-17T10:03:14.460+0800][2.553s][info][gc,heap     ] GC(79) O: Heap Statistics:
[2026-06-17T10:03:14.460+0800][2.553s][info][gc,heap     ] GC(79) O:                Mark Start          Mark End        Relocate Start      Relocate End           High               Low         
[2026-06-17T10:03:14.460+0800][2.553s][info][gc,heap     ] GC(79) O:  Capacity:       64M (100%)         64M (100%)         64M (100%)         64M (100%)         64M (100%)         64M (100%)   
[2026-06-17T10:03:14.460+0800][2.553s][info][gc,heap     ] GC(79) O:      Free:        0M (0%)            0M (0%)            0M (0%)            0M (0%)            0M (0%)            0M (0%)     
[2026-06-17T10:03:14.460+0800][2.553s][info][gc,heap     ] GC(79) O:      Used:       64M (100%)         64M (100%)         64M (100%)         64M (100%)         64M (100%)         64M (100%)   
[2026-06-17T10:03:14.460+0800][2.554s][info][gc,heap     ] GC(79) O: Old Generation Statistics:
[2026-06-17T10:03:14.460+0800][2.554s][info][gc,heap     ] GC(79) O:                Mark Start          Mark End        Relocate Start      Relocate End    
[2026-06-17T10:03:14.460+0800][2.554s][info][gc,heap     ] GC(79) O:      Used:       64M (100%)         64M (100%)         64M (100%)         64M (100%)   
[2026-06-17T10:03:14.460+0800][2.554s][info][gc,heap     ] GC(79) O:      Live:         -                63M (99%)          63M (99%)          63M (99%)    
[2026-06-17T10:03:14.461+0800][2.554s][info][gc,heap     ] GC(79) O:   Garbage:         -                 0M (1%)            0M (1%)            0M (1%)     
[2026-06-17T10:03:14.461+0800][2.554s][info][gc,heap     ] GC(79) O: Allocated:         -                 0M (0%)            0M (0%)            0M (0%)     
[2026-06-17T10:03:14.461+0800][2.554s][info][gc,heap     ] GC(79) O: Reclaimed:         -                  -                 0M (0%)            0M (0%)     
[2026-06-17T10:03:14.461+0800][2.554s][info][gc,heap     ] GC(79) O: Compacted:         -                  -                  -                 0M (0%)     
[2026-06-17T10:03:14.461+0800][2.554s][info][gc,phases   ] GC(79) O: Old Generation 64M(100%)->64M(100%) 0.016s
[2026-06-17T10:03:14.461+0800][2.554s][info][gc          ] GC(79) Major Collection (Allocation Stall) 64M(100%)->64M(100%) 0.030s
[2026-06-17T10:03:14.461+0800][2.554s][info][gc          ] Allocation Stall (main) 35.195ms
[2026-06-17T10:03:14.461+0800][2.554s][info][gc          ] Out Of Memory (main)
[2026-06-17T10:03:14.461+0800][2.555s][info][gc          ] GC(80) Minor Collection (Allocation Stall)
[2026-06-17T10:03:14.461+0800][2.555s][info][gc,task     ] GC(80) Using 1 Workers for Young Generation
[2026-06-17T10:03:14.462+0800][2.555s][info][gc,phases   ] GC(80) y: Young Generation
[2026-06-17T10:03:14.462+0800][2.555s][info][gc,phases   ] GC(80) y: Pause Mark Start 0.010ms
[2026-06-17T10:03:14.462+0800][2.556s][info][gc,phases   ] GC(80) y: Concurrent Mark 0.433ms
[2026-06-17T10:03:14.463+0800][2.556s][info][gc,phases   ] GC(80) y: Pause Mark End 0.006ms
[2026-06-17T10:03:14.463+0800][2.556s][info][gc,phases   ] GC(80) y: Concurrent Mark Free 0.000ms
[2026-06-17T10:03:14.463+0800][2.556s][info][gc,phases   ] GC(80) y: Concurrent Reset Relocation Set 0.000ms
[2026-06-17T10:03:14.463+0800][2.557s][info][gc,reloc    ] GC(80) y: Using tenuring threshold: 0 (Computed)
[2026-06-17T10:03:14.464+0800][2.557s][info][gc,phases   ] GC(80) y: Concurrent Select Relocation Set 0.772ms
[2026-06-17T10:03:14.464+0800][2.557s][info][gc,phases   ] GC(80) y: Pause Relocate Start 0.004ms
[2026-06-17T10:03:14.464+0800][2.557s][info][gc,phases   ] GC(80) y: Concurrent Relocate 0.136ms
[2026-06-17T10:03:14.464+0800][2.557s][info][gc,alloc    ] GC(80) y:                         Mark Start        Mark End      Relocate Start    Relocate End   
[2026-06-17T10:03:14.464+0800][2.558s][info][gc,alloc    ] GC(80) y: Allocation Stalls:          1                1                1                1         
[2026-06-17T10:03:14.464+0800][2.558s][info][gc,load     ] GC(80) y: Load: 0.38 (2%) / 0.43 (2%) / 0.50 (2%)
[2026-06-17T10:03:14.464+0800][2.558s][info][gc,mmu      ] GC(80) y: MMU: 2ms/96.6%, 5ms/98.5%, 10ms/98.9%, 20ms/99.4%, 50ms/99.6%, 100ms/99.7%
[2026-06-17T10:03:14.464+0800][2.558s][info][gc,marking  ] GC(80) y: Mark: 1 stripe(s), 1 proactive flush(es), 1 terminate flush(es), 0 completion(s), 0 continuation(s) 
[2026-06-17T10:03:14.465+0800][2.558s][info][gc,marking  ] GC(80) y: Mark Stack Usage: 0M
[2026-06-17T10:03:14.465+0800][2.558s][info][gc,nmethod  ] GC(80) y: NMethods: 71 registered, 5 unregistered
[2026-06-17T10:03:14.465+0800][2.558s][info][gc,metaspace] GC(80) y: Metaspace: 0M used, 0M committed, 1088M reserved
[2026-06-17T10:03:14.465+0800][2.558s][info][gc,heap     ] GC(80) y: Min Capacity: 64M(100%)
[2026-06-17T10:03:14.465+0800][2.558s][info][gc,heap     ] GC(80) y: Max Capacity: 64M(100%)
[2026-06-17T10:03:14.465+0800][2.558s][info][gc,heap     ] GC(80) y: Soft Max Capacity: 64M(100%)
[2026-06-17T10:03:14.465+0800][2.558s][info][gc,heap     ] GC(80) y: Heap Statistics:
[2026-06-17T10:03:14.465+0800][2.558s][info][gc,heap     ] GC(80) y:                Mark Start          Mark End        Relocate Start      Relocate End           High               Low         
[2026-06-17T10:03:14.465+0800][2.559s][info][gc,heap     ] GC(80) y:  Capacity:       64M (100%)         64M (100%)         64M (100%)         64M (100%)         64M (100%)         64M (100%)   
[2026-06-17T10:03:14.465+0800][2.559s][info][gc,heap     ] GC(80) y:      Free:        0M (0%)            0M (0%)            0M (0%)            0M (0%)            0M (0%)            0M (0%)     
[2026-06-17T10:03:14.465+0800][2.559s][info][gc,heap     ] GC(80) y:      Used:       64M (100%)         64M (100%)         64M (100%)         64M (100%)         64M (100%)         64M (100%)   
[2026-06-17T10:03:14.466+0800][2.559s][info][gc,heap     ] GC(80) y: Young Generation Statistics:
[2026-06-17T10:03:14.466+0800][2.559s][info][gc,heap     ] GC(80) y:                Mark Start          Mark End        Relocate Start      Relocate End    
[2026-06-17T10:03:14.466+0800][2.559s][info][gc,heap     ] GC(80) y:      Used:        0M (0%)            0M (0%)            0M (0%)            0M (0%)     
[2026-06-17T10:03:14.466+0800][2.559s][info][gc,heap     ] GC(80) y:      Live:         -                 0M (0%)            0M (0%)            0M (0%)     
[2026-06-17T10:03:14.466+0800][2.559s][info][gc,heap     ] GC(80) y:   Garbage:         -                 0M (0%)            0M (0%)            0M (0%)     
[2026-06-17T10:03:14.466+0800][2.559s][info][gc,heap     ] GC(80) y: Allocated:         -                 0M (0%)            0M (0%)            0M (0%)     
[2026-06-17T10:03:14.466+0800][2.559s][info][gc,heap     ] GC(80) y: Reclaimed:         -                  -                 0M (0%)            0M (0%)     
[2026-06-17T10:03:14.466+0800][2.559s][info][gc,heap     ] GC(80) y:  Promoted:         -                  -                 0M (0%)            0M (0%)     
[2026-06-17T10:03:14.466+0800][2.559s][info][gc,heap     ] GC(80) y: Compacted:         -                  -                  -                 0M (0%)     
[2026-06-17T10:03:14.466+0800][2.559s][info][gc,phases   ] GC(80) y: Young Generation 64M(100%)->64M(100%) 0.002s
[2026-06-17T10:03:14.466+0800][2.560s][info][gc          ] GC(80) Minor Collection (Allocation Stall) 64M(100%)->64M(100%) 0.005s
[2026-06-17T10:03:14.466+0800][2.560s][info][gc          ] GC(81) Major Collection (Allocation Stall)
[2026-06-17T10:03:14.466+0800][2.560s][info][gc,task     ] GC(81) Using 1 Workers for Young Generation
[2026-06-17T10:03:14.467+0800][2.560s][info][gc,task     ] GC(81) Using 1 Workers for Old Generation
[2026-06-17T10:03:14.467+0800][2.560s][info][gc,phases   ] GC(81) Y: Young Generation (Promote All)
[2026-06-17T10:03:14.467+0800][2.560s][info][gc,phases   ] GC(81) Y: Pause Mark Start 0.007ms
[2026-06-17T10:03:14.467+0800][2.561s][info][gc,phases   ] GC(81) Y: Concurrent Mark 0.435ms
[2026-06-17T10:03:14.468+0800][2.561s][info][gc,phases   ] GC(81) Y: Pause Mark End 0.004ms
[2026-06-17T10:03:14.468+0800][2.561s][info][gc,phases   ] GC(81) Y: Concurrent Mark Free 0.000ms
[2026-06-17T10:03:14.468+0800][2.561s][info][gc,phases   ] GC(81) Y: Concurrent Reset Relocation Set 0.000ms
[2026-06-17T10:03:14.468+0800][2.562s][info][gc,reloc    ] GC(81) Y: Using tenuring threshold: 0 (Promote All)
[2026-06-17T10:03:14.469+0800][2.562s][info][gc,phases   ] GC(81) Y: Concurrent Select Relocation Set 0.759ms
[2026-06-17T10:03:14.469+0800][2.562s][info][gc,phases   ] GC(81) Y: Pause Relocate Start 0.003ms
[2026-06-17T10:03:14.469+0800][2.562s][info][gc,phases   ] GC(81) Y: Concurrent Relocate 0.086ms
[2026-06-17T10:03:14.469+0800][2.562s][info][gc,alloc    ] GC(81) Y:                         Mark Start        Mark End      Relocate Start    Relocate End   
[2026-06-17T10:03:14.469+0800][2.562s][info][gc,alloc    ] GC(81) Y: Allocation Stalls:          1                1                1                1         
[2026-06-17T10:03:14.469+0800][2.562s][info][gc,load     ] GC(81) Y: Load: 0.38 (2%) / 0.43 (2%) / 0.50 (2%)
[2026-06-17T10:03:14.469+0800][2.563s][info][gc,mmu      ] GC(81) Y: MMU: 2ms/96.6%, 5ms/98.5%, 10ms/98.9%, 20ms/99.4%, 50ms/99.6%, 100ms/99.7%
[2026-06-17T10:03:14.469+0800][2.563s][info][gc,marking  ] GC(81) Y: Mark: 1 stripe(s), 1 proactive flush(es), 1 terminate flush(es), 0 completion(s), 0 continuation(s) 
[2026-06-17T10:03:14.469+0800][2.563s][info][gc,marking  ] GC(81) Y: Mark Stack Usage: 0M
[2026-06-17T10:03:14.469+0800][2.563s][info][gc,nmethod  ] GC(81) Y: NMethods: 71 registered, 5 unregistered
[2026-06-17T10:03:14.470+0800][2.563s][info][gc,metaspace] GC(81) Y: Metaspace: 0M used, 0M committed, 1088M reserved
[2026-06-17T10:03:14.470+0800][2.563s][info][gc,heap     ] GC(81) Y: Min Capacity: 64M(100%)
[2026-06-17T10:03:14.470+0800][2.563s][info][gc,heap     ] GC(81) Y: Max Capacity: 64M(100%)
[2026-06-17T10:03:14.470+0800][2.563s][info][gc,heap     ] GC(81) Y: Soft Max Capacity: 64M(100%)
[2026-06-17T10:03:14.470+0800][2.563s][info][gc,heap     ] GC(81) Y: Heap Statistics:
[2026-06-17T10:03:14.470+0800][2.564s][info][gc,heap     ] GC(81) Y:                Mark Start          Mark End        Relocate Start      Relocate End           High               Low         
[2026-06-17T10:03:14.471+0800][2.564s][info][gc,heap     ] GC(81) Y:  Capacity:       64M (100%)         64M (100%)         64M (100%)         64M (100%)         64M (100%)         64M (100%)   
[2026-06-17T10:03:14.471+0800][2.564s][info][gc,heap     ] GC(81) Y:      Free:        0M (0%)            0M (0%)            0M (0%)            0M (0%)            0M (0%)            0M (0%)     
[2026-06-17T10:03:14.471+0800][2.565s][info][gc,heap     ] GC(81) Y:      Used:       64M (100%)         64M (100%)         64M (100%)         64M (100%)         64M (100%)         64M (100%)   
[2026-06-17T10:03:14.471+0800][2.565s][info][gc,heap     ] GC(81) Y: Young Generation Statistics:
[2026-06-17T10:03:14.472+0800][2.565s][info][gc,heap     ] GC(81) Y:                Mark Start          Mark End        Relocate Start      Relocate End    
[2026-06-17T10:03:14.472+0800][2.565s][info][gc,heap     ] GC(81) Y:      Used:        0M (0%)            0M (0%)            0M (0%)            0M (0%)     
[2026-06-17T10:03:14.472+0800][2.566s][info][gc,heap     ] GC(81) Y:      Live:         -                 0M (0%)            0M (0%)            0M (0%)     
[2026-06-17T10:03:14.472+0800][2.566s][info][gc,heap     ] GC(81) Y:   Garbage:         -                 0M (0%)            0M (0%)            0M (0%)     
[2026-06-17T10:03:14.473+0800][2.566s][info][gc,heap     ] GC(81) Y: Allocated:         -                 0M (0%)            0M (0%)            0M (0%)     
[2026-06-17T10:03:14.473+0800][2.566s][info][gc,heap     ] GC(81) Y: Reclaimed:         -                  -                 0M (0%)            0M (0%)     
[2026-06-17T10:03:14.473+0800][2.567s][info][gc,heap     ] GC(81) Y:  Promoted:         -                  -                 0M (0%)            0M (0%)     
[2026-06-17T10:03:14.473+0800][2.567s][info][gc,heap     ] GC(81) Y: Compacted:         -                  -                  -                 0M (0%)     
[2026-06-17T10:03:14.474+0800][2.567s][info][gc,phases   ] GC(81) Y: Young Generation (Promote All) 64M(100%)->64M(100%) 0.002s
[2026-06-17T10:03:14.474+0800][2.567s][info][gc,phases   ] GC(81) Y: Young Generation (Collect Roots)
[2026-06-17T10:03:14.474+0800][2.567s][info][gc,phases   ] GC(81) Y: Pause Mark Start (Major) 0.012ms
[2026-06-17T10:03:14.475+0800][2.568s][info][gc,phases   ] GC(81) Y: Concurrent Mark 0.423ms
[2026-06-17T10:03:14.475+0800][2.568s][info][gc,phases   ] GC(81) Y: Pause Mark End 0.005ms
[2026-06-17T10:03:14.475+0800][2.568s][info][gc,phases   ] GC(81) Y: Concurrent Mark Free 0.000ms
[2026-06-17T10:03:14.475+0800][2.568s][info][gc,phases   ] GC(81) Y: Concurrent Reset Relocation Set 0.001ms
[2026-06-17T10:03:14.476+0800][2.569s][info][gc,reloc    ] GC(81) Y: Using tenuring threshold: 0 (Computed)
[2026-06-17T10:03:14.476+0800][2.569s][info][gc,phases   ] GC(81) Y: Concurrent Select Relocation Set 0.793ms
[2026-06-17T10:03:14.476+0800][2.569s][info][gc,phases   ] GC(81) Y: Pause Relocate Start 0.004ms
[2026-06-17T10:03:14.476+0800][2.570s][info][gc,phases   ] GC(81) Y: Concurrent Relocate 0.129ms
[2026-06-17T10:03:14.476+0800][2.570s][info][gc,alloc    ] GC(81) Y:                         Mark Start        Mark End      Relocate Start    Relocate End   
[2026-06-17T10:03:14.477+0800][2.570s][info][gc,alloc    ] GC(81) Y: Allocation Stalls:          1                1                1                1         
[2026-06-17T10:03:14.477+0800][2.570s][info][gc,load     ] GC(81) Y: Load: 0.38 (2%) / 0.43 (2%) / 0.50 (2%)
[2026-06-17T10:03:14.477+0800][2.570s][info][gc,mmu      ] GC(81) Y: MMU: 2ms/96.6%, 5ms/98.5%, 10ms/98.9%, 20ms/99.4%, 50ms/99.6%, 100ms/99.7%
[2026-06-17T10:03:14.477+0800][2.570s][info][gc,marking  ] GC(81) Y: Mark: 1 stripe(s), 1 proactive flush(es), 1 terminate flush(es), 0 completion(s), 0 continuation(s) 
[2026-06-17T10:03:14.477+0800][2.570s][info][gc,marking  ] GC(81) Y: Mark Stack Usage: 0M
[2026-06-17T10:03:14.477+0800][2.570s][info][gc,nmethod  ] GC(81) Y: NMethods: 71 registered, 5 unregistered
[2026-06-17T10:03:14.477+0800][2.571s][info][gc,metaspace] GC(81) Y: Metaspace: 0M used, 0M committed, 1088M reserved
[2026-06-17T10:03:14.477+0800][2.571s][info][gc,heap     ] GC(81) Y: Min Capacity: 64M(100%)
[2026-06-17T10:03:14.478+0800][2.571s][info][gc,heap     ] GC(81) Y: Max Capacity: 64M(100%)
[2026-06-17T10:03:14.478+0800][2.571s][info][gc,heap     ] GC(81) Y: Soft Max Capacity: 64M(100%)
[2026-06-17T10:03:14.478+0800][2.571s][info][gc,heap     ] GC(81) Y: Heap Statistics:
[2026-06-17T10:03:14.478+0800][2.571s][info][gc,heap     ] GC(81) Y:                Mark Start          Mark End        Relocate Start      Relocate End           High               Low         
[2026-06-17T10:03:14.478+0800][2.571s][info][gc,heap     ] GC(81) Y:  Capacity:       64M (100%)         64M (100%)         64M (100%)         64M (100%)         64M (100%)         64M (100%)   
[2026-06-17T10:03:14.478+0800][2.571s][info][gc,heap     ] GC(81) Y:      Free:        0M (0%)            0M (0%)            0M (0%)            0M (0%)            0M (0%)            0M (0%)     
[2026-06-17T10:03:14.478+0800][2.571s][info][gc,heap     ] GC(81) Y:      Used:       64M (100%)         64M (100%)         64M (100%)         64M (100%)         64M (100%)         64M (100%)   
[2026-06-17T10:03:14.478+0800][2.571s][info][gc,heap     ] GC(81) Y: Young Generation Statistics:
[2026-06-17T10:03:14.478+0800][2.571s][info][gc,heap     ] GC(81) Y:                Mark Start          Mark End        Relocate Start      Relocate End    
[2026-06-17T10:03:14.478+0800][2.572s][info][gc,heap     ] GC(81) Y:      Used:        0M (0%)            0M (0%)            0M (0%)            0M (0%)     
[2026-06-17T10:03:14.478+0800][2.572s][info][gc,heap     ] GC(81) Y:      Live:         -                 0M (0%)            0M (0%)            0M (0%)     
[2026-06-17T10:03:14.478+0800][2.572s][info][gc,heap     ] GC(81) Y:   Garbage:         -                 0M (0%)            0M (0%)            0M (0%)     
[2026-06-17T10:03:14.479+0800][2.572s][info][gc,heap     ] GC(81) Y: Allocated:         -                 0M (0%)            0M (0%)            0M (0%)     
[2026-06-17T10:03:14.479+0800][2.572s][info][gc,heap     ] GC(81) Y: Reclaimed:         -                  -                 0M (0%)            0M (0%)     
[2026-06-17T10:03:14.479+0800][2.572s][info][gc,heap     ] GC(81) Y:  Promoted:         -                  -                 0M (0%)            0M (0%)     
[2026-06-17T10:03:14.479+0800][2.572s][info][gc,heap     ] GC(81) Y: Compacted:         -                  -                  -                 0M (0%)     
[2026-06-17T10:03:14.479+0800][2.572s][info][gc,phases   ] GC(81) Y: Young Generation (Collect Roots) 64M(100%)->64M(100%) 0.003s
[2026-06-17T10:03:14.479+0800][2.572s][info][gc,phases   ] GC(81) O: Old Generation
[2026-06-17T10:03:14.480+0800][2.573s][info][gc,phases   ] GC(81) O: Concurrent Mark 0.888ms
[2026-06-17T10:03:14.480+0800][2.573s][info][gc,phases   ] GC(81) O: Pause Mark End 0.006ms
[2026-06-17T10:03:14.480+0800][2.573s][info][gc,phases   ] GC(81) O: Concurrent Mark Free 0.000ms
[2026-06-17T10:03:14.480+0800][2.574s][info][gc,ref      ] GC(81) O: Clearing All SoftReferences
[2026-06-17T10:03:14.481+0800][2.574s][info][gc,phases   ] GC(81) O: Concurrent Process Non-Strong 0.344ms
[2026-06-17T10:03:14.481+0800][2.574s][info][gc,phases   ] GC(81) O: Concurrent Reset Relocation Set 0.001ms
[2026-06-17T10:03:14.481+0800][2.575s][info][gc          ] Allocation Stall (main) 20.052ms
[2026-06-17T10:03:14.481+0800][2.575s][info][gc,phases   ] GC(81) O: Concurrent Select Relocation Set 0.600ms
[2026-06-17T10:03:14.482+0800][2.575s][info][gc,task     ] GC(81) O: Using 1 Workers for Old Generation
[2026-06-17T10:03:14.494+0800][2.588s][info][gc,task     ] GC(81) O: Using 1 Workers for Old Generation
[2026-06-17T10:03:14.495+0800][2.588s][info][gc,phases   ] GC(81) O: Concurrent Remap Roots 12.898ms
[2026-06-17T10:03:14.495+0800][2.588s][info][gc,phases   ] GC(81) O: Pause Relocate Start 0.010ms
[2026-06-17T10:03:14.495+0800][2.588s][info][gc,phases   ] GC(81) O: Concurrent Relocate 0.089ms
[2026-06-17T10:03:14.495+0800][2.589s][info][gc,alloc    ] GC(81) O:                         Mark Start        Mark End      Relocate Start    Relocate End   
[2026-06-17T10:03:14.495+0800][2.589s][info][gc,alloc    ] GC(81) O: Allocation Stalls:          1                1                0                0         
[2026-06-17T10:03:14.496+0800][2.589s][info][gc,load     ] GC(81) O: Load: 0.38 (2%) / 0.43 (2%) / 0.50 (2%)
[2026-06-17T10:03:14.496+0800][2.589s][info][gc,mmu      ] GC(81) O: MMU: 2ms/96.6%, 5ms/98.5%, 10ms/98.9%, 20ms/99.4%, 50ms/99.6%, 100ms/99.7%
[2026-06-17T10:03:14.496+0800][2.589s][info][gc,marking  ] GC(81) O: Mark: 1 stripe(s), 1 proactive flush(es), 1 terminate flush(es), 0 completion(s), 0 continuation(s) 
[2026-06-17T10:03:14.496+0800][2.589s][info][gc,marking  ] GC(81) O: Mark Stack Usage: 32M
[2026-06-17T10:03:14.496+0800][2.589s][info][gc,nmethod  ] GC(81) O: NMethods: 71 registered, 5 unregistered
[2026-06-17T10:03:14.496+0800][2.589s][info][gc,metaspace] GC(81) O: Metaspace: 0M used, 0M committed, 1088M reserved
[2026-06-17T10:03:14.496+0800][2.589s][info][gc,ref      ] GC(81) O:                       Encountered   Discovered     Enqueued 
[2026-06-17T10:03:14.496+0800][2.589s][info][gc,ref      ] GC(81) O: Soft References:                0            0            0 
[2026-06-17T10:03:14.496+0800][2.590s][info][gc,ref      ] GC(81) O: Weak References:                6            0            0 
[2026-06-17T10:03:14.496+0800][2.590s][info][gc,ref      ] GC(81) O: Final References:               0            0            0 
[2026-06-17T10:03:14.496+0800][2.590s][info][gc,ref      ] GC(81) O: Phantom References:             1            1            0 
[2026-06-17T10:03:14.496+0800][2.590s][info][gc,reloc    ] GC(81) O:                        Candidates     Selected     In-Place         Size        Empty    Relocated 
[2026-06-17T10:03:14.497+0800][2.590s][info][gc,reloc    ] GC(81) O: Small Pages:                    2            0            0           4M           0M           0M 
[2026-06-17T10:03:14.497+0800][2.590s][info][gc,reloc    ] GC(81) O: Large Pages:                   30            0            0          60M           8M           0M 
[2026-06-17T10:03:14.497+0800][2.590s][info][gc,reloc    ] GC(81) O: Forwarding Usage: 0M
[2026-06-17T10:03:14.497+0800][2.590s][info][gc,heap     ] GC(81) O: Min Capacity: 64M(100%)
[2026-06-17T10:03:14.497+0800][2.590s][info][gc,heap     ] GC(81) O: Max Capacity: 64M(100%)
[2026-06-17T10:03:14.497+0800][2.590s][info][gc,heap     ] GC(81) O: Soft Max Capacity: 64M(100%)
[2026-06-17T10:03:14.497+0800][2.590s][info][gc,heap     ] GC(81) O: Heap Statistics:
[2026-06-17T10:03:14.497+0800][2.590s][info][gc,heap     ] GC(81) O:                Mark Start          Mark End        Relocate Start      Relocate End           High               Low         
[2026-06-17T10:03:14.497+0800][2.590s][info][gc,heap     ] GC(81) O:  Capacity:       64M (100%)         64M (100%)         64M (100%)         64M (100%)         64M (100%)         64M (100%)   
[2026-06-17T10:03:14.497+0800][2.591s][info][gc,heap     ] GC(81) O:      Free:        0M (0%)            0M (0%)            6M (9%)            6M (9%)            8M (12%)           0M (0%)     
[2026-06-17T10:03:14.497+0800][2.591s][info][gc,heap     ] GC(81) O:      Used:       64M (100%)         64M (100%)         58M (91%)          58M (91%)          64M (100%)         56M (88%)    
[2026-06-17T10:03:14.497+0800][2.591s][info][gc,heap     ] GC(81) O: Old Generation Statistics:
[2026-06-17T10:03:14.497+0800][2.591s][info][gc,heap     ] GC(81) O:                Mark Start          Mark End        Relocate Start      Relocate End    
[2026-06-17T10:03:14.497+0800][2.591s][info][gc,heap     ] GC(81) O:      Used:       64M (100%)         64M (100%)         56M (88%)          56M (88%)    
[2026-06-17T10:03:14.498+0800][2.591s][info][gc,heap     ] GC(81) O:      Live:         -                55M (86%)          55M (86%)          55M (86%)    
[2026-06-17T10:03:14.498+0800][2.591s][info][gc,heap     ] GC(81) O:   Garbage:         -                 8M (14%)           0M (1%)            0M (1%)     
[2026-06-17T10:03:14.498+0800][2.591s][info][gc,heap     ] GC(81) O: Allocated:         -                 0M (0%)            0M (0%)            0M (0%)     
[2026-06-17T10:03:14.498+0800][2.591s][info][gc,heap     ] GC(81) O: Reclaimed:         -                  -                 8M (12%)           8M (12%)    
[2026-06-17T10:03:14.498+0800][2.591s][info][gc,heap     ] GC(81) O: Compacted:         -                  -                  -                 0M (0%)     
[2026-06-17T10:03:14.498+0800][2.591s][info][gc,phases   ] GC(81) O: Old Generation 64M(100%)->58M(91%) 0.016s
[2026-06-17T10:03:14.498+0800][2.591s][info][gc          ] GC(81) Major Collection (Allocation Stall) 64M(100%)->58M(91%) 0.032s
[2026-06-17T10:03:14.693+0800][2.786s][info][gc          ] GC(82) Major Collection (Allocation Rate)
[2026-06-17T10:03:14.694+0800][2.787s][info][gc,task     ] GC(82) Using 1 Workers for Young Generation
[2026-06-17T10:03:14.694+0800][2.787s][info][gc,task     ] GC(82) Using 1 Workers for Old Generation
[2026-06-17T10:03:14.694+0800][2.788s][info][gc,phases   ] GC(82) Y: Young Generation
[2026-06-17T10:03:14.695+0800][2.788s][info][gc,phases   ] GC(82) Y: Pause Mark Start (Major) 0.013ms
[2026-06-17T10:03:14.696+0800][2.789s][info][gc,phases   ] GC(82) Y: Concurrent Mark 0.771ms
[2026-06-17T10:03:14.696+0800][2.789s][info][gc,phases   ] GC(82) Y: Pause Mark End 0.008ms
[2026-06-17T10:03:14.696+0800][2.789s][info][gc,phases   ] GC(82) Y: Concurrent Mark Free 0.000ms
[2026-06-17T10:03:14.696+0800][2.789s][info][gc,phases   ] GC(82) Y: Concurrent Reset Relocation Set 0.001ms
[2026-06-17T10:03:14.697+0800][2.790s][info][gc,reloc    ] GC(82) Y: Using tenuring threshold: 0 (Computed)
[2026-06-17T10:03:14.697+0800][2.790s][info][gc,phases   ] GC(82) Y: Concurrent Select Relocation Set 0.962ms
[2026-06-17T10:03:14.697+0800][2.791s][info][gc,phases   ] GC(82) Y: Pause Relocate Start 0.005ms
[2026-06-17T10:03:14.698+0800][2.791s][info][gc,phases   ] GC(82) Y: Concurrent Relocate 0.094ms
[2026-06-17T10:03:14.698+0800][2.791s][info][gc,alloc    ] GC(82) Y:                         Mark Start        Mark End      Relocate Start    Relocate End   
[2026-06-17T10:03:14.698+0800][2.791s][info][gc,alloc    ] GC(82) Y: Allocation Stalls:          0                0                0                0         
[2026-06-17T10:03:14.698+0800][2.791s][info][gc,load     ] GC(82) Y: Load: 0.38 (2%) / 0.43 (2%) / 0.50 (2%)
[2026-06-17T10:03:14.698+0800][2.792s][info][gc,mmu      ] GC(82) Y: MMU: 2ms/96.6%, 5ms/98.5%, 10ms/98.9%, 20ms/99.4%, 50ms/99.6%, 100ms/99.7%
[2026-06-17T10:03:14.698+0800][2.792s][info][gc,marking  ] GC(82) Y: Mark: 1 stripe(s), 1 proactive flush(es), 1 terminate flush(es), 0 completion(s), 0 continuation(s) 
[2026-06-17T10:03:14.698+0800][2.792s][info][gc,marking  ] GC(82) Y: Mark Stack Usage: 0M
[2026-06-17T10:03:14.698+0800][2.792s][info][gc,nmethod  ] GC(82) Y: NMethods: 71 registered, 5 unregistered
[2026-06-17T10:03:14.699+0800][2.792s][info][gc,metaspace] GC(82) Y: Metaspace: 0M used, 0M committed, 1088M reserved
[2026-06-17T10:03:14.699+0800][2.792s][info][gc,reloc    ] GC(82) Y:                        Candidates     Selected     In-Place         Size        Empty    Relocated 
[2026-06-17T10:03:14.699+0800][2.792s][info][gc,reloc    ] GC(82) Y: Small Pages:                    2            0            0           4M           4M           0M 
[2026-06-17T10:03:14.699+0800][2.792s][info][gc,reloc    ] GC(82) Y: Large Pages:                    0            0            0           0M           0M           0M 
[2026-06-17T10:03:14.699+0800][2.792s][info][gc,reloc    ] GC(82) Y: Forwarding Usage: 0M
[2026-06-17T10:03:14.699+0800][2.792s][info][gc,reloc    ] GC(82) Y: Age Table:
[2026-06-17T10:03:14.699+0800][2.793s][info][gc,reloc    ] GC(82) Y:                    Live             Garbage             Small              Medium             Large        
[2026-06-17T10:03:14.699+0800][2.793s][info][gc,reloc    ] GC(82) Y: Eden                -                 4M (6%)           2 / 0              0 / 0              0 / 0        
[2026-06-17T10:03:14.699+0800][2.793s][info][gc,heap     ] GC(82) Y: Min Capacity: 64M(100%)
[2026-06-17T10:03:14.699+0800][2.793s][info][gc,heap     ] GC(82) Y: Max Capacity: 64M(100%)
[2026-06-17T10:03:14.699+0800][2.793s][info][gc,heap     ] GC(82) Y: Soft Max Capacity: 64M(100%)
[2026-06-17T10:03:14.700+0800][2.793s][info][gc,heap     ] GC(82) Y: Heap Statistics:
[2026-06-17T10:03:14.700+0800][2.793s][info][gc,heap     ] GC(82) Y:                Mark Start          Mark End        Relocate Start      Relocate End           High               Low         
[2026-06-17T10:03:14.700+0800][2.793s][info][gc,heap     ] GC(82) Y:  Capacity:       64M (100%)         64M (100%)         64M (100%)         64M (100%)         64M (100%)         64M (100%)   
[2026-06-17T10:03:14.700+0800][2.793s][info][gc,heap     ] GC(82) Y:      Free:        4M (6%)            4M (6%)            8M (12%)           8M (12%)           8M (12%)           4M (6%)     
[2026-06-17T10:03:14.700+0800][2.793s][info][gc,heap     ] GC(82) Y:      Used:       60M (94%)          60M (94%)          56M (88%)          56M (88%)          60M (94%)          56M (88%)    
[2026-06-17T10:03:14.700+0800][2.793s][info][gc,heap     ] GC(82) Y: Young Generation Statistics:
[2026-06-17T10:03:14.700+0800][2.793s][info][gc,heap     ] GC(82) Y:                Mark Start          Mark End        Relocate Start      Relocate End    
[2026-06-17T10:03:14.700+0800][2.793s][info][gc,heap     ] GC(82) Y:      Used:        4M (6%)            4M (6%)            0M (0%)            0M (0%)     
[2026-06-17T10:03:14.700+0800][2.794s][info][gc,heap     ] GC(82) Y:      Live:         -                 0M (0%)            0M (0%)            0M (0%)     
[2026-06-17T10:03:14.701+0800][2.794s][info][gc,heap     ] GC(82) Y:   Garbage:         -                 4M (6%)            0M (0%)            0M (0%)     
[2026-06-17T10:03:14.701+0800][2.794s][info][gc,heap     ] GC(82) Y: Allocated:         -                 0M (0%)            0M (0%)            0M (0%)     
[2026-06-17T10:03:14.701+0800][2.794s][info][gc,heap     ] GC(82) Y: Reclaimed:         -                  -                 4M (6%)            4M (6%)     
[2026-06-17T10:03:14.701+0800][2.795s][info][gc,heap     ] GC(82) Y:  Promoted:         -                  -                 0M (0%)            0M (0%)     
[2026-06-17T10:03:14.701+0800][2.795s][info][gc,heap     ] GC(82) Y: Compacted:         -                  -                  -                 0M (0%)     
[2026-06-17T10:03:14.701+0800][2.795s][info][gc,phases   ] GC(82) Y: Young Generation 60M(94%)->56M(88%) 0.003s
[2026-06-17T10:03:14.702+0800][2.795s][info][gc,phases   ] GC(82) O: Old Generation
[2026-06-17T10:03:14.703+0800][2.796s][info][gc,phases   ] GC(82) O: Concurrent Mark 0.838ms
[2026-06-17T10:03:14.703+0800][2.796s][info][gc,phases   ] GC(82) O: Pause Mark End 0.007ms
[2026-06-17T10:03:14.703+0800][2.796s][info][gc,phases   ] GC(82) O: Concurrent Mark Free 0.000ms
[2026-06-17T10:03:14.703+0800][2.796s][info][gc,phases   ] GC(82) O: Concurrent Process Non-Strong 0.248ms
[2026-06-17T10:03:14.703+0800][2.797s][info][gc,phases   ] GC(82) O: Concurrent Reset Relocation Set 0.001ms
[2026-06-17T10:03:14.703+0800][2.797s][info][gc          ] GC(83) Minor Collection (High Usage)
[2026-06-17T10:03:14.704+0800][2.797s][info][gc,task     ] GC(83) Using 1 Workers for Young Generation
[2026-06-17T10:03:14.704+0800][2.797s][info][gc,phases   ] GC(83) y: Young Generation
[2026-06-17T10:03:14.704+0800][2.797s][info][gc,phases   ] GC(83) y: Pause Mark Start 0.009ms
[2026-06-17T10:03:14.704+0800][2.797s][info][gc,phases   ] GC(82) O: Concurrent Select Relocation Set 0.596ms
[2026-06-17T10:03:14.704+0800][2.798s][info][gc,phases   ] GC(83) y: Concurrent Mark 0.358ms
[2026-06-17T10:03:14.704+0800][2.798s][info][gc,phases   ] GC(83) y: Pause Mark End 0.004ms
[2026-06-17T10:03:14.705+0800][2.798s][info][gc,phases   ] GC(83) y: Concurrent Mark Free 0.000ms
[2026-06-17T10:03:14.705+0800][2.798s][info][gc,phases   ] GC(83) y: Concurrent Reset Relocation Set 0.001ms
[2026-06-17T10:03:14.705+0800][2.798s][info][gc,reloc    ] GC(83) y: Using tenuring threshold: 0 (Computed)
[2026-06-17T10:03:14.705+0800][2.799s][info][gc,phases   ] GC(83) y: Concurrent Select Relocation Set 0.732ms
[2026-06-17T10:03:14.706+0800][2.799s][info][gc,phases   ] GC(83) y: Pause Relocate Start 0.004ms
[2026-06-17T10:03:14.706+0800][2.799s][info][gc,phases   ] GC(83) y: Concurrent Relocate 0.081ms
[2026-06-17T10:03:14.706+0800][2.799s][info][gc,alloc    ] GC(83) y:                         Mark Start        Mark End      Relocate Start    Relocate End   
[2026-06-17T10:03:14.706+0800][2.799s][info][gc,alloc    ] GC(83) y: Allocation Stalls:          0                0                0                0         
[2026-06-17T10:03:14.706+0800][2.799s][info][gc,load     ] GC(83) y: Load: 0.38 (2%) / 0.43 (2%) / 0.50 (2%)
[2026-06-17T10:03:14.706+0800][2.799s][info][gc,mmu      ] GC(83) y: MMU: 2ms/96.6%, 5ms/98.5%, 10ms/98.9%, 20ms/99.4%, 50ms/99.6%, 100ms/99.7%
[2026-06-17T10:03:14.706+0800][2.799s][info][gc,marking  ] GC(83) y: Mark: 1 stripe(s), 1 proactive flush(es), 1 terminate flush(es), 0 completion(s), 0 continuation(s) 
[2026-06-17T10:03:14.706+0800][2.799s][info][gc,marking  ] GC(83) y: Mark Stack Usage: 0M
[2026-06-17T10:03:14.706+0800][2.800s][info][gc,nmethod  ] GC(83) y: NMethods: 71 registered, 5 unregistered
[2026-06-17T10:03:14.707+0800][2.800s][info][gc,metaspace] GC(83) y: Metaspace: 0M used, 0M committed, 1088M reserved
[2026-06-17T10:03:14.707+0800][2.800s][info][gc,reloc    ] GC(83) y:                        Candidates     Selected     In-Place         Size        Empty    Relocated 
[2026-06-17T10:03:14.707+0800][2.800s][info][gc,reloc    ] GC(83) y: Small Pages:                    2            0            0           4M           4M           0M 
[2026-06-17T10:03:14.707+0800][2.801s][info][gc,reloc    ] GC(83) y: Large Pages:                    0            0            0           0M           0M           0M 
[2026-06-17T10:03:14.708+0800][2.801s][info][gc,reloc    ] GC(83) y: Forwarding Usage: 0M
[2026-06-17T10:03:14.708+0800][2.801s][info][gc,reloc    ] GC(83) y: Age Table:
[2026-06-17T10:03:14.708+0800][2.801s][info][gc,reloc    ] GC(83) y:                    Live             Garbage             Small              Medium             Large        
[2026-06-17T10:03:14.708+0800][2.801s][info][gc,reloc    ] GC(83) y: Eden                -                 4M (6%)           2 / 0              0 / 0              0 / 0        
[2026-06-17T10:03:14.708+0800][2.801s][info][gc,heap     ] GC(83) y: Min Capacity: 64M(100%)
[2026-06-17T10:03:14.708+0800][2.801s][info][gc,heap     ] GC(83) y: Max Capacity: 64M(100%)
[2026-06-17T10:03:14.708+0800][2.801s][info][gc,heap     ] GC(83) y: Soft Max Capacity: 64M(100%)
[2026-06-17T10:03:14.708+0800][2.802s][info][gc,heap     ] GC(83) y: Heap Statistics:
[2026-06-17T10:03:14.708+0800][2.802s][info][gc,heap     ] GC(83) y:                Mark Start          Mark End        Relocate Start      Relocate End           High               Low         
[2026-06-17T10:03:14.708+0800][2.802s][info][gc,heap     ] GC(83) y:  Capacity:       64M (100%)         64M (100%)         64M (100%)         64M (100%)         64M (100%)         64M (100%)   
[2026-06-17T10:03:14.708+0800][2.802s][info][gc,heap     ] GC(83) y:      Free:        4M (6%)           28M (44%)          32M (50%)          32M (50%)          32M (50%)           4M (6%)     
[2026-06-17T10:03:14.709+0800][2.802s][info][gc,heap     ] GC(83) y:      Used:       60M (94%)          36M (56%)          32M (50%)          32M (50%)          60M (94%)          32M (50%)    
[2026-06-17T10:03:14.709+0800][2.802s][info][gc,heap     ] GC(83) y: Young Generation Statistics:
[2026-06-17T10:03:14.709+0800][2.802s][info][gc,heap     ] GC(83) y:                Mark Start          Mark End        Relocate Start      Relocate End    
[2026-06-17T10:03:14.709+0800][2.802s][info][gc,heap     ] GC(83) y:      Used:        4M (6%)            4M (6%)            0M (0%)            0M (0%)     
[2026-06-17T10:03:14.709+0800][2.802s][info][gc,heap     ] GC(83) y:      Live:         -                 0M (0%)            0M (0%)            0M (0%)     
[2026-06-17T10:03:14.709+0800][2.802s][info][gc,heap     ] GC(83) y:   Garbage:         -                 4M (6%)            0M (0%)            0M (0%)     
[2026-06-17T10:03:14.709+0800][2.802s][info][gc,heap     ] GC(83) y: Allocated:         -                 0M (0%)            0M (0%)            0M (0%)     
[2026-06-17T10:03:14.709+0800][2.802s][info][gc,heap     ] GC(83) y: Reclaimed:         -                  -                 4M (6%)            4M (6%)     
[2026-06-17T10:03:14.709+0800][2.802s][info][gc,heap     ] GC(83) y:  Promoted:         -                  -                 0M (0%)            0M (0%)     
[2026-06-17T10:03:14.709+0800][2.803s][info][gc,heap     ] GC(83) y: Compacted:         -                  -                  -                 0M (0%)     
[2026-06-17T10:03:14.709+0800][2.803s][info][gc,phases   ] GC(83) y: Young Generation 60M(94%)->32M(50%) 0.002s
[2026-06-17T10:03:14.709+0800][2.803s][info][gc          ] GC(83) Minor Collection (High Usage) 60M(94%)->32M(50%) 0.006s
[2026-06-17T10:03:14.710+0800][2.803s][info][gc,task     ] GC(82) O: Using 1 Workers for Old Generation
[2026-06-17T10:03:14.722+0800][2.815s][info][gc,task     ] GC(82) O: Using 1 Workers for Old Generation
[2026-06-17T10:03:14.722+0800][2.815s][info][gc,phases   ] GC(82) O: Concurrent Remap Roots 12.570ms
[2026-06-17T10:03:14.722+0800][2.816s][info][gc,phases   ] GC(82) O: Pause Relocate Start 0.009ms
[2026-06-17T10:03:14.723+0800][2.816s][info][gc,phases   ] GC(82) O: Concurrent Relocate 0.612ms
[2026-06-17T10:03:14.723+0800][2.817s][info][gc,alloc    ] GC(82) O:                         Mark Start        Mark End      Relocate Start    Relocate End   
[2026-06-17T10:03:14.723+0800][2.817s][info][gc,alloc    ] GC(82) O: Allocation Stalls:          0                0                0                0         
[2026-06-17T10:03:14.724+0800][2.817s][info][gc,load     ] GC(82) O: Load: 0.38 (2%) / 0.43 (2%) / 0.50 (2%)
[2026-06-17T10:03:14.724+0800][2.817s][info][gc,mmu      ] GC(82) O: MMU: 2ms/96.6%, 5ms/98.5%, 10ms/98.9%, 20ms/99.4%, 50ms/99.6%, 100ms/99.7%
[2026-06-17T10:03:14.724+0800][2.817s][info][gc,marking  ] GC(82) O: Mark: 1 stripe(s), 1 proactive flush(es), 1 terminate flush(es), 0 completion(s), 0 continuation(s) 
[2026-06-17T10:03:14.724+0800][2.817s][info][gc,marking  ] GC(82) O: Mark Stack Usage: 32M
[2026-06-17T10:03:14.724+0800][2.817s][info][gc,nmethod  ] GC(82) O: NMethods: 72 registered, 5 unregistered
[2026-06-17T10:03:14.724+0800][2.817s][info][gc,metaspace] GC(82) O: Metaspace: 0M used, 0M committed, 1088M reserved
[2026-06-17T10:03:14.724+0800][2.817s][info][gc,ref      ] GC(82) O:                       Encountered   Discovered     Enqueued 
[2026-06-17T10:03:14.724+0800][2.817s][info][gc,ref      ] GC(82) O: Soft References:                0            0            0 
[2026-06-17T10:03:14.724+0800][2.817s][info][gc,ref      ] GC(82) O: Weak References:                6            0            0 
[2026-06-17T10:03:14.724+0800][2.818s][info][gc,ref      ] GC(82) O: Final References:               0            0            0 
[2026-06-17T10:03:14.724+0800][2.818s][info][gc,ref      ] GC(82) O: Phantom References:             1            1            0 
[2026-06-17T10:03:14.725+0800][2.818s][info][gc,reloc    ] GC(82) O:                        Candidates     Selected     In-Place         Size        Empty    Relocated 
[2026-06-17T10:03:14.725+0800][2.819s][info][gc,reloc    ] GC(82) O: Small Pages:                    2            1            0           4M           0M           0M 
[2026-06-17T10:03:14.726+0800][2.819s][info][gc,reloc    ] GC(82) O: Large Pages:                   26            0            0          52M          24M           0M 
[2026-06-17T10:03:14.726+0800][2.819s][info][gc,reloc    ] GC(82) O: Forwarding Usage: 0M
[2026-06-17T10:03:14.726+0800][2.819s][info][gc,heap     ] GC(82) O: Min Capacity: 64M(100%)
[2026-06-17T10:03:14.726+0800][2.819s][info][gc,heap     ] GC(82) O: Max Capacity: 64M(100%)
[2026-06-17T10:03:14.726+0800][2.819s][info][gc,heap     ] GC(82) O: Soft Max Capacity: 64M(100%)
[2026-06-17T10:03:14.726+0800][2.819s][info][gc,heap     ] GC(82) O: Heap Statistics:
[2026-06-17T10:03:14.726+0800][2.820s][info][gc,heap     ] GC(82) O:                Mark Start          Mark End        Relocate Start      Relocate End           High               Low         
[2026-06-17T10:03:14.726+0800][2.820s][info][gc,heap     ] GC(82) O:  Capacity:       64M (100%)         64M (100%)         64M (100%)         64M (100%)         64M (100%)         64M (100%)   
[2026-06-17T10:03:14.726+0800][2.820s][info][gc,heap     ] GC(82) O:      Free:        4M (6%)            8M (12%)          14M (22%)          16M (25%)          32M (50%)           4M (6%)     
[2026-06-17T10:03:14.726+0800][2.820s][info][gc,heap     ] GC(82) O:      Used:       60M (94%)          56M (88%)          50M (78%)          48M (75%)          60M (94%)          32M (50%)    
[2026-06-17T10:03:14.727+0800][2.820s][info][gc,heap     ] GC(82) O: Old Generation Statistics:
[2026-06-17T10:03:14.727+0800][2.820s][info][gc,heap     ] GC(82) O:                Mark Start          Mark End        Relocate Start      Relocate End    
[2026-06-17T10:03:14.727+0800][2.820s][info][gc,heap     ] GC(82) O:      Used:       56M (88%)          56M (88%)          32M (50%)          30M (47%)    
[2026-06-17T10:03:14.727+0800][2.820s][info][gc,heap     ] GC(82) O:      Live:         -                29M (45%)          29M (45%)          29M (45%)    
[2026-06-17T10:03:14.727+0800][2.820s][info][gc,heap     ] GC(82) O:   Garbage:         -                26M (42%)           2M (5%)            0M (0%)     
[2026-06-17T10:03:14.727+0800][2.820s][info][gc,heap     ] GC(82) O: Allocated:         -                 0M (0%)            0M (0%)            0M (1%)     
[2026-06-17T10:03:14.727+0800][2.820s][info][gc,heap     ] GC(82) O: Reclaimed:         -                  -                24M (38%)          26M (42%)    
[2026-06-17T10:03:14.727+0800][2.820s][info][gc,heap     ] GC(82) O: Compacted:         -                  -                  -                 1M (2%)     
[2026-06-17T10:03:14.727+0800][2.820s][info][gc,phases   ] GC(82) O: Old Generation 56M(88%)->48M(75%) 0.022s
[2026-06-17T10:03:14.727+0800][2.821s][info][gc          ] GC(82) Major Collection (Allocation Rate) 60M(94%)->52M(81%) 0.034s
[2026-06-17T10:03:14.747+0800][2.840s][info][gc          ] GC(84) Minor Collection (High Usage)
[2026-06-17T10:03:14.747+0800][2.840s][info][gc,task     ] GC(84) Using 1 Workers for Young Generation
[2026-06-17T10:03:14.747+0800][2.840s][info][gc,phases   ] GC(84) y: Young Generation
[2026-06-17T10:03:14.747+0800][2.841s][info][gc,phases   ] GC(84) y: Pause Mark Start 0.010ms
[2026-06-17T10:03:14.748+0800][2.841s][info][gc,phases   ] GC(84) y: Concurrent Mark 0.568ms
[2026-06-17T10:03:14.748+0800][2.841s][info][gc,phases   ] GC(84) y: Pause Mark End 0.006ms
[2026-06-17T10:03:14.748+0800][2.842s][info][gc,phases   ] GC(84) y: Concurrent Mark Free 0.000ms
[2026-06-17T10:03:14.748+0800][2.842s][info][gc,phases   ] GC(84) y: Concurrent Reset Relocation Set 0.000ms
[2026-06-17T10:03:14.749+0800][2.842s][info][gc,reloc    ] GC(84) y: Using tenuring threshold: 1 (Computed)
[2026-06-17T10:03:14.750+0800][2.843s][info][gc,phases   ] GC(84) y: Concurrent Select Relocation Set 1.054ms
[2026-06-17T10:03:14.750+0800][2.843s][info][gc,phases   ] GC(84) y: Pause Relocate Start 0.007ms
[2026-06-17T10:03:14.751+0800][2.844s][info][gc,phases   ] GC(84) y: Concurrent Relocate 0.195ms
[2026-06-17T10:03:14.751+0800][2.844s][info][gc,alloc    ] GC(84) y:                         Mark Start        Mark End      Relocate Start    Relocate End   
[2026-06-17T10:03:14.751+0800][2.844s][info][gc,alloc    ] GC(84) y: Allocation Stalls:          0                0                0                0         
[2026-06-17T10:03:14.751+0800][2.844s][info][gc,load     ] GC(84) y: Load: 0.38 (2%) / 0.43 (2%) / 0.50 (2%)
[2026-06-17T10:03:14.751+0800][2.844s][info][gc,mmu      ] GC(84) y: MMU: 2ms/96.6%, 5ms/98.5%, 10ms/98.9%, 20ms/99.4%, 50ms/99.6%, 100ms/99.7%
[2026-06-17T10:03:14.751+0800][2.845s][info][gc,marking  ] GC(84) y: Mark: 1 stripe(s), 1 proactive flush(es), 1 terminate flush(es), 0 completion(s), 0 continuation(s) 
[2026-06-17T10:03:14.751+0800][2.845s][info][gc,marking  ] GC(84) y: Mark Stack Usage: 32M
[2026-06-17T10:03:14.751+0800][2.845s][info][gc,nmethod  ] GC(84) y: NMethods: 72 registered, 5 unregistered
[2026-06-17T10:03:14.751+0800][2.845s][info][gc,metaspace] GC(84) y: Metaspace: 0M used, 0M committed, 1088M reserved
[2026-06-17T10:03:14.751+0800][2.845s][info][gc,reloc    ] GC(84) y:                        Candidates     Selected     In-Place         Size        Empty    Relocated 
[2026-06-17T10:03:14.752+0800][2.845s][info][gc,reloc    ] GC(84) y: Small Pages:                    8            1            0          16M          12M           1M 
[2026-06-17T10:03:14.752+0800][2.845s][info][gc,reloc    ] GC(84) y: Large Pages:                    9            0            0          18M           0M           0M 
[2026-06-17T10:03:14.752+0800][2.845s][info][gc,reloc    ] GC(84) y: Forwarding Usage: 0M
[2026-06-17T10:03:14.752+0800][2.845s][info][gc,reloc    ] GC(84) y: Age Table:
[2026-06-17T10:03:14.752+0800][2.845s][info][gc,reloc    ] GC(84) y:                    Live             Garbage             Small              Medium             Large        
[2026-06-17T10:03:14.752+0800][2.845s][info][gc,reloc    ] GC(84) y: Eden              19M (30%)          14M (23%)          8 / 1              0 / 0              9 / 0        
[2026-06-17T10:03:14.752+0800][2.845s][info][gc,heap     ] GC(84) y: Min Capacity: 64M(100%)
[2026-06-17T10:03:14.752+0800][2.845s][info][gc,heap     ] GC(84) y: Max Capacity: 64M(100%)
[2026-06-17T10:03:14.752+0800][2.846s][info][gc,heap     ] GC(84) y: Soft Max Capacity: 64M(100%)
[2026-06-17T10:03:14.752+0800][2.846s][info][gc,heap     ] GC(84) y: Heap Statistics:
[2026-06-17T10:03:14.752+0800][2.846s][info][gc,heap     ] GC(84) y:                Mark Start          Mark End        Relocate Start      Relocate End           High               Low         
[2026-06-17T10:03:14.752+0800][2.846s][info][gc,heap     ] GC(84) y:  Capacity:       64M (100%)         64M (100%)         64M (100%)         64M (100%)         64M (100%)         64M (100%)   
[2026-06-17T10:03:14.752+0800][2.846s][info][gc,heap     ] GC(84) y:      Free:        0M (0%)            0M (0%)           12M (19%)          14M (22%)          14M (22%)           0M (0%)     
[2026-06-17T10:03:14.753+0800][2.846s][info][gc,heap     ] GC(84) y:      Used:       64M (100%)         64M (100%)         52M (81%)          50M (78%)          64M (100%)         50M (78%)    
[2026-06-17T10:03:14.753+0800][2.846s][info][gc,heap     ] GC(84) y: Young Generation Statistics:
[2026-06-17T10:03:14.753+0800][2.846s][info][gc,heap     ] GC(84) y:                Mark Start          Mark End        Relocate Start      Relocate End    
[2026-06-17T10:03:14.753+0800][2.846s][info][gc,heap     ] GC(84) y:      Used:       34M (53%)          34M (53%)          22M (34%)          20M (31%)    
[2026-06-17T10:03:14.753+0800][2.846s][info][gc,heap     ] GC(84) y:      Live:         -                19M (30%)          19M (30%)          19M (30%)    
[2026-06-17T10:03:14.753+0800][2.846s][info][gc,heap     ] GC(84) y:   Garbage:         -                14M (23%)           2M (4%)            0M (0%)     
[2026-06-17T10:03:14.753+0800][2.846s][info][gc,heap     ] GC(84) y: Allocated:         -                 0M (0%)            0M (0%)            0M (1%)     
[2026-06-17T10:03:14.753+0800][2.846s][info][gc,heap     ] GC(84) y: Reclaimed:         -                  -                12M (19%)          14M (23%)    
[2026-06-17T10:03:14.753+0800][2.846s][info][gc,heap     ] GC(84) y:  Promoted:         -                  -                 0M (0%)            0M (0%)     
[2026-06-17T10:03:14.753+0800][2.847s][info][gc,heap     ] GC(84) y: Compacted:         -                  -                  -                 1M (2%)     
[2026-06-17T10:03:14.753+0800][2.847s][info][gc,phases   ] GC(84) y: Young Generation 64M(100%)->50M(78%) 0.004s
[2026-06-17T10:03:14.753+0800][2.847s][info][gc          ] GC(84) Minor Collection (High Usage) 62M(97%)->50M(78%) 0.007s
[2026-06-17T10:03:14.768+0800][2.861s][info][gc          ] GC(85) Minor Collection (Allocation Rate)
[2026-06-17T10:03:14.768+0800][2.861s][info][gc,task     ] GC(85) Using 1 Workers for Young Generation
[2026-06-17T10:03:14.768+0800][2.862s][info][gc,phases   ] GC(85) y: Young Generation
[2026-06-17T10:03:14.768+0800][2.862s][info][gc,phases   ] GC(85) y: Pause Mark Start 0.010ms
[2026-06-17T10:03:14.769+0800][2.862s][info][gc,phases   ] GC(85) y: Concurrent Mark 0.407ms
[2026-06-17T10:03:14.769+0800][2.862s][info][gc,phases   ] GC(85) y: Pause Mark End 0.006ms
[2026-06-17T10:03:14.769+0800][2.863s][info][gc,phases   ] GC(85) y: Concurrent Mark Free 0.000ms
[2026-06-17T10:03:14.769+0800][2.863s][info][gc,phases   ] GC(85) y: Concurrent Reset Relocation Set 0.001ms
[2026-06-17T10:03:14.770+0800][2.863s][info][gc,reloc    ] GC(85) y: Using tenuring threshold: 1 (Computed)
[2026-06-17T10:03:14.770+0800][2.864s][info][gc,phases   ] GC(85) y: Concurrent Select Relocation Set 0.801ms
[2026-06-17T10:03:14.771+0800][2.864s][info][gc,phases   ] GC(85) y: Pause Relocate Start 0.004ms
[2026-06-17T10:03:14.771+0800][2.864s][info][gc,phases   ] GC(85) y: Concurrent Relocate 0.087ms
[2026-06-17T10:03:14.771+0800][2.864s][info][gc,alloc    ] GC(85) y:                         Mark Start        Mark End      Relocate Start    Relocate End   
[2026-06-17T10:03:14.771+0800][2.864s][info][gc,alloc    ] GC(85) y: Allocation Stalls:          0                0                0                0         
[2026-06-17T10:03:14.771+0800][2.864s][info][gc,load     ] GC(85) y: Load: 0.38 (2%) / 0.43 (2%) / 0.50 (2%)
[2026-06-17T10:03:14.771+0800][2.864s][info][gc,mmu      ] GC(85) y: MMU: 2ms/96.6%, 5ms/98.5%, 10ms/98.9%, 20ms/99.4%, 50ms/99.6%, 100ms/99.7%
[2026-06-17T10:03:14.771+0800][2.864s][info][gc,marking  ] GC(85) y: Mark: 1 stripe(s), 1 proactive flush(es), 1 terminate flush(es), 0 completion(s), 0 continuation(s) 
[2026-06-17T10:03:14.771+0800][2.865s][info][gc,marking  ] GC(85) y: Mark Stack Usage: 32M
[2026-06-17T10:03:14.771+0800][2.865s][info][gc,nmethod  ] GC(85) y: NMethods: 72 registered, 5 unregistered
[2026-06-17T10:03:14.771+0800][2.865s][info][gc,metaspace] GC(85) y: Metaspace: 0M used, 0M committed, 1088M reserved
[2026-06-17T10:03:14.771+0800][2.865s][info][gc,reloc    ] GC(85) y:                        Candidates     Selected     In-Place         Size        Empty    Relocated 
[2026-06-17T10:03:14.771+0800][2.865s][info][gc,reloc    ] GC(85) y: Small Pages:                    5            0            0          10M           8M           0M 
[2026-06-17T10:03:14.772+0800][2.865s][info][gc,reloc    ] GC(85) y: Large Pages:                   10            0            0          20M           0M           0M 
[2026-06-17T10:03:14.772+0800][2.865s][info][gc,reloc    ] GC(85) y: Forwarding Usage: 0M
[2026-06-17T10:03:14.772+0800][2.865s][info][gc,reloc    ] GC(85) y: Age Table:
[2026-06-17T10:03:14.772+0800][2.865s][info][gc,reloc    ] GC(85) y:                    Live             Garbage             Small              Medium             Large        
[2026-06-17T10:03:14.772+0800][2.865s][info][gc,reloc    ] GC(85) y: Eden               2M (3%)            8M (12%)          4 / 0              0 / 0              1 / 0        
[2026-06-17T10:03:14.772+0800][2.865s][info][gc,reloc    ] GC(85) y: Survivor 1        19M (30%)           0M (1%)           1 / 0              0 / 0              9 / 0        
[2026-06-17T10:03:14.772+0800][2.865s][info][gc,heap     ] GC(85) y: Min Capacity: 64M(100%)
[2026-06-17T10:03:14.772+0800][2.865s][info][gc,heap     ] GC(85) y: Max Capacity: 64M(100%)
[2026-06-17T10:03:14.772+0800][2.865s][info][gc,heap     ] GC(85) y: Soft Max Capacity: 64M(100%)
[2026-06-17T10:03:14.772+0800][2.865s][info][gc,heap     ] GC(85) y: Heap Statistics:
[2026-06-17T10:03:14.772+0800][2.866s][info][gc,heap     ] GC(85) y:                Mark Start          Mark End        Relocate Start      Relocate End           High               Low         
[2026-06-17T10:03:14.772+0800][2.866s][info][gc,heap     ] GC(85) y:  Capacity:       64M (100%)         64M (100%)         64M (100%)         64M (100%)         64M (100%)         64M (100%)   
[2026-06-17T10:03:14.772+0800][2.866s][info][gc,heap     ] GC(85) y:      Free:        4M (6%)            4M (6%)           12M (19%)          12M (19%)          12M (19%)           4M (6%)     
[2026-06-17T10:03:14.772+0800][2.866s][info][gc,heap     ] GC(85) y:      Used:       60M (94%)          60M (94%)          52M (81%)          52M (81%)          60M (94%)          52M (81%)    
[2026-06-17T10:03:14.773+0800][2.866s][info][gc,heap     ] GC(85) y: Young Generation Statistics:
[2026-06-17T10:03:14.773+0800][2.866s][info][gc,heap     ] GC(85) y:                Mark Start          Mark End        Relocate Start      Relocate End    
[2026-06-17T10:03:14.773+0800][2.866s][info][gc,heap     ] GC(85) y:      Used:       30M (47%)          30M (47%)           2M (3%)            2M (3%)     
[2026-06-17T10:03:14.773+0800][2.866s][info][gc,heap     ] GC(85) y:      Live:         -                21M (33%)           2M (3%)            2M (3%)     
[2026-06-17T10:03:14.773+0800][2.866s][info][gc,heap     ] GC(85) y:   Garbage:         -                 8M (14%)           0M (0%)            0M (0%)     
[2026-06-17T10:03:14.773+0800][2.866s][info][gc,heap     ] GC(85) y: Allocated:         -                 0M (0%)            0M (0%)            0M (0%)     
[2026-06-17T10:03:14.773+0800][2.866s][info][gc,heap     ] GC(85) y: Reclaimed:         -                  -                 8M (14%)           8M (14%)    
[2026-06-17T10:03:14.773+0800][2.867s][info][gc,heap     ] GC(85) y:  Promoted:         -                  -                19M (30%)          19M (30%)    
[2026-06-17T10:03:14.773+0800][2.867s][info][gc,heap     ] GC(85) y: Compacted:         -                  -                  -                 0M (0%)     
[2026-06-17T10:03:14.774+0800][2.867s][info][gc,phases   ] GC(85) y: Young Generation 60M(94%)->52M(81%) 0.003s
[2026-06-17T10:03:14.774+0800][2.867s][info][gc          ] GC(85) Minor Collection (Allocation Rate) 60M(94%)->52M(81%) 0.006s
[2026-06-17T10:03:14.779+0800][2.872s][info][gc          ] GC(86) Major Collection (Allocation Rate)
[2026-06-17T10:03:14.779+0800][2.872s][info][gc,task     ] GC(86) Using 1 Workers for Young Generation
[2026-06-17T10:03:14.779+0800][2.873s][info][gc,task     ] GC(86) Using 1 Workers for Old Generation
[2026-06-17T10:03:14.779+0800][2.873s][info][gc,phases   ] GC(86) Y: Young Generation
[2026-06-17T10:03:14.780+0800][2.873s][info][gc,phases   ] GC(86) Y: Pause Mark Start (Major) 0.011ms
[2026-06-17T10:03:14.780+0800][2.874s][info][gc,phases   ] GC(86) Y: Concurrent Mark 0.535ms
[2026-06-17T10:03:14.781+0800][2.874s][info][gc,phases   ] GC(86) Y: Pause Mark End 0.006ms
[2026-06-17T10:03:14.781+0800][2.874s][info][gc,phases   ] GC(86) Y: Concurrent Mark Free 0.001ms
[2026-06-17T10:03:14.781+0800][2.874s][info][gc,phases   ] GC(86) Y: Concurrent Reset Relocation Set 0.004ms
[2026-06-17T10:03:14.781+0800][2.875s][info][gc,reloc    ] GC(86) Y: Using tenuring threshold: 2 (Computed)
[2026-06-17T10:03:14.782+0800][2.875s][info][gc,phases   ] GC(86) Y: Concurrent Select Relocation Set 0.768ms
[2026-06-17T10:03:14.782+0800][2.875s][info][gc,phases   ] GC(86) Y: Pause Relocate Start 0.004ms
[2026-06-17T10:03:14.782+0800][2.876s][info][gc,phases   ] GC(86) Y: Concurrent Relocate 0.225ms
[2026-06-17T10:03:14.782+0800][2.876s][info][gc,alloc    ] GC(86) Y:                         Mark Start        Mark End      Relocate Start    Relocate End   
[2026-06-17T10:03:14.782+0800][2.876s][info][gc,alloc    ] GC(86) Y: Allocation Stalls:          0                0                0                0         
[2026-06-17T10:03:14.783+0800][2.876s][info][gc,load     ] GC(86) Y: Load: 0.38 (2%) / 0.43 (2%) / 0.50 (2%)
[2026-06-17T10:03:14.783+0800][2.876s][info][gc,mmu      ] GC(86) Y: MMU: 2ms/96.6%, 5ms/98.5%, 10ms/98.9%, 20ms/99.4%, 50ms/99.6%, 100ms/99.7%
[2026-06-17T10:03:14.783+0800][2.876s][info][gc,marking  ] GC(86) Y: Mark: 1 stripe(s), 1 proactive flush(es), 1 terminate flush(es), 0 completion(s), 0 continuation(s) 
[2026-06-17T10:03:14.783+0800][2.876s][info][gc,marking  ] GC(86) Y: Mark Stack Usage: 32M
[2026-06-17T10:03:14.783+0800][2.876s][info][gc,nmethod  ] GC(86) Y: NMethods: 72 registered, 5 unregistered
[2026-06-17T10:03:14.783+0800][2.876s][info][gc,metaspace] GC(86) Y: Metaspace: 0M used, 0M committed, 1088M reserved
[2026-06-17T10:03:14.783+0800][2.876s][info][gc,reloc    ] GC(86) Y:                        Candidates     Selected     In-Place         Size        Empty    Relocated 
[2026-06-17T10:03:14.783+0800][2.876s][info][gc,reloc    ] GC(86) Y: Small Pages:                    3            1            0           6M           2M           0M 
[2026-06-17T10:03:14.783+0800][2.876s][info][gc,reloc    ] GC(86) Y: Large Pages:                    2            0            0           4M           0M           0M 
[2026-06-17T10:03:14.783+0800][2.877s][info][gc,reloc    ] GC(86) Y: Forwarding Usage: 0M
[2026-06-17T10:03:14.783+0800][2.877s][info][gc,reloc    ] GC(86) Y: Age Table:
[2026-06-17T10:03:14.783+0800][2.877s][info][gc,reloc    ] GC(86) Y:                    Live             Garbage             Small              Medium             Large        
[2026-06-17T10:03:14.783+0800][2.877s][info][gc,reloc    ] GC(86) Y: Eden               3M (5%)            4M (7%)           3 / 1              0 / 0              1 / 0        
[2026-06-17T10:03:14.783+0800][2.877s][info][gc,reloc    ] GC(86) Y: Survivor 1         2M (3%)            0M (0%)           0 / 0              0 / 0              1 / 0        
[2026-06-17T10:03:14.784+0800][2.877s][info][gc,heap     ] GC(86) Y: Min Capacity: 64M(100%)
[2026-06-17T10:03:14.784+0800][2.877s][info][gc,heap     ] GC(86) Y: Max Capacity: 64M(100%)
[2026-06-17T10:03:14.784+0800][2.877s][info][gc,heap     ] GC(86) Y: Soft Max Capacity: 64M(100%)
[2026-06-17T10:03:14.784+0800][2.877s][info][gc,heap     ] GC(86) Y: Heap Statistics:
[2026-06-17T10:03:14.784+0800][2.877s][info][gc,heap     ] GC(86) Y:                Mark Start          Mark End        Relocate Start      Relocate End           High               Low         
[2026-06-17T10:03:14.784+0800][2.877s][info][gc,heap     ] GC(86) Y:  Capacity:       64M (100%)         64M (100%)         64M (100%)         64M (100%)         64M (100%)         64M (100%)   
[2026-06-17T10:03:14.784+0800][2.877s][info][gc,heap     ] GC(86) Y:      Free:        4M (6%)            4M (6%)            6M (9%)            8M (12%)           8M (12%)           4M (6%)     
[2026-06-17T10:03:14.784+0800][2.877s][info][gc,heap     ] GC(86) Y:      Used:       60M (94%)          60M (94%)          58M (91%)          56M (88%)          60M (94%)          56M (88%)    
[2026-06-17T10:03:14.784+0800][2.877s][info][gc,heap     ] GC(86) Y: Young Generation Statistics:
[2026-06-17T10:03:14.784+0800][2.877s][info][gc,heap     ] GC(86) Y:                Mark Start          Mark End        Relocate Start      Relocate End    
[2026-06-17T10:03:14.784+0800][2.878s][info][gc,heap     ] GC(86) Y:      Used:       10M (16%)          10M (16%)           8M (12%)           6M (9%)     
[2026-06-17T10:03:14.784+0800][2.878s][info][gc,heap     ] GC(86) Y:      Live:         -                 5M (8%)            5M (8%)            5M (8%)     
[2026-06-17T10:03:14.784+0800][2.878s][info][gc,heap     ] GC(86) Y:   Garbage:         -                 4M (7%)            2M (4%)            0M (0%)     
[2026-06-17T10:03:14.784+0800][2.878s][info][gc,heap     ] GC(86) Y: Allocated:         -                 0M (0%)            0M (0%)            0M (1%)     
[2026-06-17T10:03:14.784+0800][2.878s][info][gc,heap     ] GC(86) Y: Reclaimed:         -                  -                 2M (3%)            4M (7%)     
[2026-06-17T10:03:14.785+0800][2.878s][info][gc,heap     ] GC(86) Y:  Promoted:         -                  -                 0M (0%)            0M (0%)     
[2026-06-17T10:03:14.785+0800][2.878s][info][gc,heap     ] GC(86) Y: Compacted:         -                  -                  -                 1M (2%)     
[2026-06-17T10:03:14.785+0800][2.878s][info][gc,phases   ] GC(86) Y: Young Generation 60M(94%)->56M(88%) 0.003s
[2026-06-17T10:03:14.785+0800][2.878s][info][gc,phases   ] GC(86) O: Old Generation
[2026-06-17T10:03:14.786+0800][2.879s][info][gc,phases   ] GC(86) O: Concurrent Mark 1.163ms
[2026-06-17T10:03:14.786+0800][2.880s][info][gc,phases   ] GC(86) O: Pause Mark End 0.008ms
[2026-06-17T10:03:14.786+0800][2.880s][info][gc,phases   ] GC(86) O: Concurrent Mark Free 0.001ms
[2026-06-17T10:03:14.787+0800][2.880s][info][gc,phases   ] GC(86) O: Concurrent Process Non-Strong 0.263ms
[2026-06-17T10:03:14.787+0800][2.880s][info][gc,phases   ] GC(86) O: Concurrent Reset Relocation Set 0.001ms
[2026-06-17T10:03:14.788+0800][2.881s][info][gc,phases   ] GC(86) O: Concurrent Select Relocation Set 0.535ms
[2026-06-17T10:03:14.788+0800][2.881s][info][gc,task     ] GC(86) O: Using 1 Workers for Old Generation
[2026-06-17T10:03:14.800+0800][2.894s][info][gc,task     ] GC(86) O: Using 1 Workers for Old Generation
[2026-06-17T10:03:14.801+0800][2.894s][info][gc,phases   ] GC(86) O: Concurrent Remap Roots 12.910ms
[2026-06-17T10:03:14.801+0800][2.894s][info][gc,phases   ] GC(86) O: Pause Relocate Start 0.008ms
[2026-06-17T10:03:14.801+0800][2.894s][info][gc          ] GC(87) Minor Collection (High Usage)
[2026-06-17T10:03:14.801+0800][2.895s][info][gc,task     ] GC(87) Using 1 Workers for Young Generation
[2026-06-17T10:03:14.801+0800][2.895s][info][gc,phases   ] GC(87) y: Young Generation
[2026-06-17T10:03:14.801+0800][2.894s][info][gc,phases   ] GC(86) O: Concurrent Relocate 0.125ms
[2026-06-17T10:03:14.802+0800][2.895s][info][gc,phases   ] GC(87) y: Pause Mark Start 0.022ms
[2026-06-17T10:03:14.802+0800][2.896s][info][gc,phases   ] GC(87) y: Concurrent Mark 0.414ms
[2026-06-17T10:03:14.803+0800][2.896s][info][gc,phases   ] GC(87) y: Pause Mark End 0.006ms
[2026-06-17T10:03:14.803+0800][2.896s][info][gc,phases   ] GC(87) y: Concurrent Mark Free 0.000ms
[2026-06-17T10:03:14.803+0800][2.896s][info][gc,phases   ] GC(87) y: Concurrent Reset Relocation Set 0.001ms
[2026-06-17T10:03:14.803+0800][2.897s][info][gc,reloc    ] GC(87) y: Using tenuring threshold: 3 (Computed)
[2026-06-17T10:03:14.804+0800][2.897s][info][gc,phases   ] GC(87) y: Concurrent Select Relocation Set 1.211ms
[2026-06-17T10:03:14.804+0800][2.897s][info][gc,phases   ] GC(87) y: Pause Relocate Start 0.005ms
[2026-06-17T10:03:14.804+0800][2.898s][info][gc,phases   ] GC(87) y: Concurrent Relocate 0.097ms
[2026-06-17T10:03:14.805+0800][2.898s][info][gc,alloc    ] GC(87) y:                         Mark Start        Mark End      Relocate Start    Relocate End   
[2026-06-17T10:03:14.805+0800][2.898s][info][gc,alloc    ] GC(87) y: Allocation Stalls:          0                0                0                0         
[2026-06-17T10:03:14.805+0800][2.898s][info][gc,load     ] GC(87) y: Load: 0.38 (2%) / 0.43 (2%) / 0.50 (2%)
[2026-06-17T10:03:14.805+0800][2.898s][info][gc,mmu      ] GC(87) y: MMU: 2ms/96.6%, 5ms/98.5%, 10ms/98.9%, 20ms/99.4%, 50ms/99.6%, 100ms/99.7%
[2026-06-17T10:03:14.805+0800][2.898s][info][gc,marking  ] GC(87) y: Mark: 1 stripe(s), 1 proactive flush(es), 1 terminate flush(es), 0 completion(s), 0 continuation(s) 
[2026-06-17T10:03:14.805+0800][2.898s][info][gc,marking  ] GC(87) y: Mark Stack Usage: 32M
[2026-06-17T10:03:14.805+0800][2.898s][info][gc,nmethod  ] GC(87) y: NMethods: 72 registered, 5 unregistered
[2026-06-17T10:03:14.805+0800][2.898s][info][gc,metaspace] GC(87) y: Metaspace: 0M used, 0M committed, 1088M reserved
[2026-06-17T10:03:14.805+0800][2.898s][info][gc,reloc    ] GC(87) y:                        Candidates     Selected     In-Place         Size        Empty    Relocated 
[2026-06-17T10:03:14.805+0800][2.899s][info][gc,reloc    ] GC(87) y: Small Pages:                    5            0            0          10M           8M           0M 
[2026-06-17T10:03:14.805+0800][2.899s][info][gc,reloc    ] GC(87) y: Large Pages:                    2            0            0           4M           0M           0M 
[2026-06-17T10:03:14.805+0800][2.899s][info][gc,reloc    ] GC(87) y: Forwarding Usage: 0M
[2026-06-17T10:03:14.805+0800][2.899s][info][gc,reloc    ] GC(87) y: Age Table:
[2026-06-17T10:03:14.805+0800][2.899s][info][gc,reloc    ] GC(87) y:                    Live             Garbage             Small              Medium             Large        
[2026-06-17T10:03:14.806+0800][2.899s][info][gc,reloc    ] GC(87) y: Eden                -                 8M (12%)          4 / 0              0 / 0              0 / 0        
[2026-06-17T10:03:14.806+0800][2.899s][info][gc,reloc    ] GC(87) y: Survivor 1         3M (5%)            0M (1%)           1 / 0              0 / 0              1 / 0        
[2026-06-17T10:03:14.806+0800][2.899s][info][gc,reloc    ] GC(87) y: Survivor 2         2M (3%)            0M (0%)           0 / 0              0 / 0              1 / 0        
[2026-06-17T10:03:14.806+0800][2.899s][info][gc,heap     ] GC(87) y: Min Capacity: 64M(100%)
[2026-06-17T10:03:14.806+0800][2.899s][info][gc,heap     ] GC(87) y: Max Capacity: 64M(100%)
[2026-06-17T10:03:14.806+0800][2.899s][info][gc,heap     ] GC(87) y: Soft Max Capacity: 64M(100%)
[2026-06-17T10:03:14.806+0800][2.899s][info][gc,heap     ] GC(87) y: Heap Statistics:
[2026-06-17T10:03:14.806+0800][2.899s][info][gc,heap     ] GC(87) y:                Mark Start          Mark End        Relocate Start      Relocate End           High               Low         
[2026-06-17T10:03:14.806+0800][2.900s][info][gc,heap     ] GC(87) y:  Capacity:       64M (100%)         64M (100%)         64M (100%)         64M (100%)         64M (100%)         64M (100%)   
[2026-06-17T10:03:14.806+0800][2.900s][info][gc,heap     ] GC(87) y:      Free:        0M (0%)            0M (0%)            8M (12%)           8M (12%)           8M (12%)           0M (0%)     
[2026-06-17T10:03:14.806+0800][2.900s][info][gc,heap     ] GC(87) y:      Used:       64M (100%)         64M (100%)         56M (88%)          56M (88%)          64M (100%)         56M (88%)    
[2026-06-17T10:03:14.807+0800][2.900s][info][gc,heap     ] GC(87) y: Young Generation Statistics:
[2026-06-17T10:03:14.807+0800][2.900s][info][gc,heap     ] GC(87) y:                Mark Start          Mark End        Relocate Start      Relocate End    
[2026-06-17T10:03:14.807+0800][2.900s][info][gc,heap     ] GC(87) y:      Used:       14M (22%)          14M (22%)           6M (9%)            6M (9%)     
[2026-06-17T10:03:14.807+0800][2.900s][info][gc,heap     ] GC(87) y:      Live:         -                 5M (8%)            5M (8%)            5M (8%)     
[2026-06-17T10:03:14.807+0800][2.900s][info][gc,heap     ] GC(87) y:   Garbage:         -                 8M (14%)           0M (1%)            0M (1%)     
[2026-06-17T10:03:14.807+0800][2.900s][info][gc,heap     ] GC(87) y: Allocated:         -                 0M (0%)            0M (0%)            0M (0%)     
[2026-06-17T10:03:14.807+0800][2.900s][info][gc,heap     ] GC(87) y: Reclaimed:         -                  -                 8M (12%)           8M (12%)    
[2026-06-17T10:03:14.807+0800][2.900s][info][gc,heap     ] GC(87) y:  Promoted:         -                  -                 0M (0%)            0M (0%)     
[2026-06-17T10:03:14.807+0800][2.900s][info][gc,heap     ] GC(87) y: Compacted:         -                  -                  -                 0M (0%)     
[2026-06-17T10:03:14.807+0800][2.900s][info][gc,phases   ] GC(87) y: Young Generation 64M(100%)->56M(88%) 0.003s
[2026-06-17T10:03:14.807+0800][2.901s][info][gc          ] GC(87) Minor Collection (High Usage) 64M(100%)->56M(88%) 0.006s
[2026-06-17T10:03:14.807+0800][2.901s][info][gc,alloc    ] GC(86) O:                         Mark Start        Mark End      Relocate Start    Relocate End   
[2026-06-17T10:03:14.807+0800][2.901s][info][gc,alloc    ] GC(86) O: Allocation Stalls:          0                0                0                0         
[2026-06-17T10:03:14.808+0800][2.901s][info][gc,load     ] GC(86) O: Load: 0.38 (2%) / 0.43 (2%) / 0.50 (2%)
[2026-06-17T10:03:14.808+0800][2.901s][info][gc,mmu      ] GC(86) O: MMU: 2ms/96.6%, 5ms/98.5%, 10ms/98.9%, 20ms/99.4%, 50ms/99.6%, 100ms/99.7%
[2026-06-17T10:03:14.808+0800][2.901s][info][gc,marking  ] GC(86) O: Mark: 1 stripe(s), 1 proactive flush(es), 1 terminate flush(es), 0 completion(s), 0 continuation(s) 
[2026-06-17T10:03:14.808+0800][2.901s][info][gc,marking  ] GC(86) O: Mark Stack Usage: 32M
[2026-06-17T10:03:14.808+0800][2.901s][info][gc,nmethod  ] GC(86) O: NMethods: 72 registered, 5 unregistered
[2026-06-17T10:03:14.808+0800][2.901s][info][gc,metaspace] GC(86) O: Metaspace: 0M used, 0M committed, 1088M reserved
[2026-06-17T10:03:14.808+0800][2.901s][info][gc,ref      ] GC(86) O:                       Encountered   Discovered     Enqueued 
[2026-06-17T10:03:14.808+0800][2.901s][info][gc,ref      ] GC(86) O: Soft References:                0            0            0 
[2026-06-17T10:03:14.808+0800][2.901s][info][gc,ref      ] GC(86) O: Weak References:                6            0            0 
[2026-06-17T10:03:14.808+0800][2.902s][info][gc,ref      ] GC(86) O: Final References:               0            0            0 
[2026-06-17T10:03:14.808+0800][2.902s][info][gc,ref      ] GC(86) O: Phantom References:             1            1            0 
[2026-06-17T10:03:14.808+0800][2.902s][info][gc,reloc    ] GC(86) O:                        Candidates     Selected     In-Place         Size        Empty    Relocated 
[2026-06-17T10:03:14.808+0800][2.902s][info][gc,reloc    ] GC(86) O: Small Pages:                    2            0            0           4M           0M           0M 
[2026-06-17T10:03:14.809+0800][2.902s][info][gc,reloc    ] GC(86) O: Large Pages:                   23            0            0          46M           0M           0M 
[2026-06-17T10:03:14.809+0800][2.902s][info][gc,reloc    ] GC(86) O: Forwarding Usage: 0M
[2026-06-17T10:03:14.809+0800][2.902s][info][gc,heap     ] GC(86) O: Min Capacity: 64M(100%)
[2026-06-17T10:03:14.809+0800][2.902s][info][gc,heap     ] GC(86) O: Max Capacity: 64M(100%)
[2026-06-17T10:03:14.809+0800][2.902s][info][gc,heap     ] GC(86) O: Soft Max Capacity: 64M(100%)
[2026-06-17T10:03:14.809+0800][2.902s][info][gc,heap     ] GC(86) O: Heap Statistics:
[2026-06-17T10:03:14.809+0800][2.902s][info][gc,heap     ] GC(86) O:                Mark Start          Mark End        Relocate Start      Relocate End           High               Low         
[2026-06-17T10:03:14.809+0800][2.902s][info][gc,heap     ] GC(86) O:  Capacity:       64M (100%)         64M (100%)         64M (100%)         64M (100%)         64M (100%)         64M (100%)   
[2026-06-17T10:03:14.809+0800][2.902s][info][gc,heap     ] GC(86) O:      Free:        4M (6%)            8M (12%)           0M (0%)            0M (0%)            8M (12%)           0M (0%)     
[2026-06-17T10:03:14.809+0800][2.903s][info][gc,heap     ] GC(86) O:      Used:       60M (94%)          56M (88%)          64M (100%)         64M (100%)         64M (100%)         56M (88%)    
[2026-06-17T10:03:14.809+0800][2.903s][info][gc,heap     ] GC(86) O: Old Generation Statistics:
[2026-06-17T10:03:14.809+0800][2.903s][info][gc,heap     ] GC(86) O:                Mark Start          Mark End        Relocate Start      Relocate End    
[2026-06-17T10:03:14.810+0800][2.903s][info][gc,heap     ] GC(86) O:      Used:       50M (78%)          50M (78%)          50M (78%)          50M (78%)    
[2026-06-17T10:03:14.810+0800][2.903s][info][gc,heap     ] GC(86) O:      Live:         -                48M (76%)          48M (76%)          48M (76%)    
[2026-06-17T10:03:14.810+0800][2.903s][info][gc,heap     ] GC(86) O:   Garbage:         -                 1M (3%)            1M (3%)            1M (3%)     
[2026-06-17T10:03:14.810+0800][2.903s][info][gc,heap     ] GC(86) O: Allocated:         -                 0M (0%)            0M (0%)            0M (0%)     
[2026-06-17T10:03:14.810+0800][2.903s][info][gc,heap     ] GC(86) O: Reclaimed:         -                  -                 0M (0%)            0M (0%)     
[2026-06-17T10:03:14.810+0800][2.904s][info][gc,heap     ] GC(86) O: Compacted:         -                  -                  -                 0M (0%)     
[2026-06-17T10:03:14.811+0800][2.904s][info][gc,phases   ] GC(86) O: Old Generation 56M(88%)->64M(100%) 0.023s
[2026-06-17T10:03:14.811+0800][2.904s][info][gc          ] GC(86) Major Collection (Allocation Rate) 60M(94%)->64M(100%) 0.032s
[2026-06-17T10:03:14.811+0800][2.904s][info][gc          ] GC(88) Minor Collection (Allocation Stall)
[2026-06-17T10:03:14.811+0800][2.904s][info][gc,task     ] GC(88) Using 1 Workers for Young Generation
[2026-06-17T10:03:14.811+0800][2.904s][info][gc,phases   ] GC(88) y: Young Generation
[2026-06-17T10:03:14.811+0800][2.904s][info][gc,phases   ] GC(88) y: Pause Mark Start 0.009ms
[2026-06-17T10:03:14.812+0800][2.905s][info][gc,phases   ] GC(88) y: Concurrent Mark 0.434ms
[2026-06-17T10:03:14.812+0800][2.905s][info][gc,phases   ] GC(88) y: Pause Mark End 0.005ms
[2026-06-17T10:03:14.812+0800][2.905s][info][gc,phases   ] GC(88) y: Concurrent Mark Free 0.000ms
[2026-06-17T10:03:14.812+0800][2.905s][info][gc,phases   ] GC(88) y: Concurrent Reset Relocation Set 0.001ms
[2026-06-17T10:03:14.813+0800][2.906s][info][gc,reloc    ] GC(88) y: Using tenuring threshold: 4 (Computed)
[2026-06-17T10:03:14.813+0800][2.906s][info][gc          ] Allocation Stall (main) 2.053ms
[2026-06-17T10:03:14.813+0800][2.906s][info][gc,phases   ] GC(88) y: Concurrent Select Relocation Set 0.753ms
[2026-06-17T10:03:14.813+0800][2.906s][info][gc,phases   ] GC(88) y: Pause Relocate Start 0.004ms
[2026-06-17T10:03:14.813+0800][2.907s][info][gc,phases   ] GC(88) y: Concurrent Relocate 0.126ms
[2026-06-17T10:03:14.813+0800][2.907s][info][gc,alloc    ] GC(88) y:                         Mark Start        Mark End      Relocate Start    Relocate End   
[2026-06-17T10:03:14.813+0800][2.907s][info][gc,alloc    ] GC(88) y: Allocation Stalls:          1                1                1                1         
[2026-06-17T10:03:14.813+0800][2.907s][info][gc,load     ] GC(88) y: Load: 0.38 (2%) / 0.43 (2%) / 0.50 (2%)
[2026-06-17T10:03:14.814+0800][2.907s][info][gc,mmu      ] GC(88) y: MMU: 2ms/96.6%, 5ms/98.5%, 10ms/98.9%, 20ms/99.4%, 50ms/99.6%, 100ms/99.7%
[2026-06-17T10:03:14.814+0800][2.907s][info][gc,marking  ] GC(88) y: Mark: 1 stripe(s), 1 proactive flush(es), 1 terminate flush(es), 0 completion(s), 0 continuation(s) 
[2026-06-17T10:03:14.814+0800][2.907s][info][gc,marking  ] GC(88) y: Mark Stack Usage: 32M
[2026-06-17T10:03:14.814+0800][2.907s][info][gc,nmethod  ] GC(88) y: NMethods: 72 registered, 5 unregistered
[2026-06-17T10:03:14.814+0800][2.907s][info][gc,metaspace] GC(88) y: Metaspace: 0M used, 0M committed, 1088M reserved
[2026-06-17T10:03:14.814+0800][2.907s][info][gc,reloc    ] GC(88) y:                        Candidates     Selected     In-Place         Size        Empty    Relocated 
[2026-06-17T10:03:14.814+0800][2.907s][info][gc,reloc    ] GC(88) y: Small Pages:                    3            1            2           6M           2M           1M 
[2026-06-17T10:03:14.814+0800][2.907s][info][gc,reloc    ] GC(88) y: Large Pages:                    4            0            0           8M           0M           0M 
[2026-06-17T10:03:14.814+0800][2.907s][info][gc,reloc    ] GC(88) y: Forwarding Usage: 0M
[2026-06-17T10:03:14.814+0800][2.908s][info][gc,reloc    ] GC(88) y: Age Table:
[2026-06-17T10:03:14.814+0800][2.908s][info][gc,reloc    ] GC(88) y:                    Live             Garbage             Small              Medium             Large        
[2026-06-17T10:03:14.814+0800][2.908s][info][gc,reloc    ] GC(88) y: Eden               4M (7%)            3M (6%)           2 / 0              0 / 0              2 / 0        
[2026-06-17T10:03:14.814+0800][2.908s][info][gc,reloc    ] GC(88) y: Survivor 1          -                 0M (0%)           0 / 0              0 / 0              0 / 0        
[2026-06-17T10:03:14.815+0800][2.908s][info][gc,reloc    ] GC(88) y: Survivor 2         3M (5%)            0M (1%)           1 / 1              0 / 0              1 / 0        
[2026-06-17T10:03:14.815+0800][2.908s][info][gc,reloc    ] GC(88) y: Survivor 3         2M (3%)            0M (0%)           0 / 0              0 / 0              1 / 0        
[2026-06-17T10:03:14.815+0800][2.908s][info][gc,heap     ] GC(88) y: Min Capacity: 64M(100%)
[2026-06-17T10:03:14.815+0800][2.908s][info][gc,heap     ] GC(88) y: Max Capacity: 64M(100%)
[2026-06-17T10:03:14.815+0800][2.908s][info][gc,heap     ] GC(88) y: Soft Max Capacity: 64M(100%)
[2026-06-17T10:03:14.815+0800][2.908s][info][gc,heap     ] GC(88) y: Heap Statistics:
[2026-06-17T10:03:14.815+0800][2.908s][info][gc,heap     ] GC(88) y:                Mark Start          Mark End        Relocate Start      Relocate End           High               Low         
[2026-06-17T10:03:14.815+0800][2.908s][info][gc,heap     ] GC(88) y:  Capacity:       64M (100%)         64M (100%)         64M (100%)         64M (100%)         64M (100%)         64M (100%)   
[2026-06-17T10:03:14.815+0800][2.908s][info][gc,heap     ] GC(88) y:      Free:        0M (0%)            0M (0%)            0M (0%)            0M (0%)            2M (3%)            0M (0%)     
[2026-06-17T10:03:14.815+0800][2.908s][info][gc,heap     ] GC(88) y:      Used:       64M (100%)         64M (100%)         64M (100%)         64M (100%)         64M (100%)         62M (97%)    
[2026-06-17T10:03:14.815+0800][2.908s][info][gc,heap     ] GC(88) y: Young Generation Statistics:
[2026-06-17T10:03:14.815+0800][2.909s][info][gc,heap     ] GC(88) y:                Mark Start          Mark End        Relocate Start      Relocate End    
[2026-06-17T10:03:14.815+0800][2.909s][info][gc,heap     ] GC(88) y:      Used:       14M (22%)          14M (22%)          14M (22%)          14M (22%)    
[2026-06-17T10:03:14.815+0800][2.909s][info][gc,heap     ] GC(88) y:      Live:         -                 9M (15%)           9M (15%)           9M (15%)    
[2026-06-17T10:03:14.816+0800][2.909s][info][gc,heap     ] GC(88) y:   Garbage:         -                 4M (7%)            2M (4%)            0M (0%)     
[2026-06-17T10:03:14.816+0800][2.909s][info][gc,heap     ] GC(88) y: Allocated:         -                 0M (0%)            2M (3%)            4M (7%)     
[2026-06-17T10:03:14.816+0800][2.909s][info][gc,heap     ] GC(88) y: Reclaimed:         -                  -                 2M (3%)            4M (7%)     
[2026-06-17T10:03:14.816+0800][2.909s][info][gc,heap     ] GC(88) y:  Promoted:         -                  -                 0M (0%)            0M (0%)     
[2026-06-17T10:03:14.816+0800][2.910s][info][gc,heap     ] GC(88) y: Compacted:         -                  -                  -                 1M (3%)     
[2026-06-17T10:03:14.817+0800][2.910s][info][gc,phases   ] GC(88) y: Young Generation 64M(100%)->64M(100%) 0.002s
[2026-06-17T10:03:14.818+0800][2.912s][info][gc          ] GC(88) Minor Collection (Allocation Stall) 64M(100%)->64M(100%) 0.008s
[2026-06-17T10:03:14.819+0800][2.912s][info][gc          ] GC(89) Minor Collection (Allocation Stall)
[2026-06-17T10:03:14.821+0800][2.914s][info][gc,task     ] GC(89) Using 1 Workers for Young Generation
[2026-06-17T10:03:14.822+0800][2.916s][info][gc,phases   ] GC(89) y: Young Generation
[2026-06-17T10:03:14.823+0800][2.916s][info][gc,phases   ] GC(89) y: Pause Mark Start 0.015ms
[2026-06-17T10:03:14.825+0800][2.919s][info][gc,phases   ] GC(89) y: Concurrent Mark 0.491ms
[2026-06-17T10:03:14.828+0800][2.921s][info][gc,phases   ] GC(89) y: Pause Mark End 0.009ms
[2026-06-17T10:03:14.832+0800][2.925s][info][gc,phases   ] GC(89) y: Concurrent Mark Free 0.001ms
[2026-06-17T10:03:14.834+0800][2.927s][info][gc,phases   ] GC(89) y: Concurrent Reset Relocation Set 0.001ms
[2026-06-17T10:03:14.835+0800][2.929s][info][gc,reloc    ] GC(89) y: Using tenuring threshold: 1 (Computed)
[2026-06-17T10:03:14.837+0800][2.930s][info][gc,phases   ] GC(89) y: Concurrent Select Relocation Set 2.096ms
[2026-06-17T10:03:14.838+0800][2.932s][info][gc,phases   ] GC(89) y: Pause Relocate Start 0.008ms
[2026-06-17T10:03:14.839+0800][2.932s][info][gc,phases   ] GC(89) y: Concurrent Relocate 0.131ms
[2026-06-17T10:03:14.839+0800][2.932s][info][gc,alloc    ] GC(89) y:                         Mark Start        Mark End      Relocate Start    Relocate End   
[2026-06-17T10:03:14.839+0800][2.932s][info][gc,alloc    ] GC(89) y: Allocation Stalls:          1                1                1                1         
[2026-06-17T10:03:14.839+0800][2.932s][info][gc,load     ] GC(89) y: Load: 0.38 (2%) / 0.43 (2%) / 0.50 (2%)
[2026-06-17T10:03:14.839+0800][2.932s][info][gc,mmu      ] GC(89) y: MMU: 2ms/96.6%, 5ms/98.5%, 10ms/98.9%, 20ms/99.4%, 50ms/99.6%, 100ms/99.7%
[2026-06-17T10:03:14.839+0800][2.932s][info][gc,marking  ] GC(89) y: Mark: 1 stripe(s), 1 proactive flush(es), 1 terminate flush(es), 0 completion(s), 0 continuation(s) 
[2026-06-17T10:03:14.839+0800][2.932s][info][gc,marking  ] GC(89) y: Mark Stack Usage: 32M
[2026-06-17T10:03:14.839+0800][2.932s][info][gc,nmethod  ] GC(89) y: NMethods: 72 registered, 5 unregistered
[2026-06-17T10:03:14.839+0800][2.933s][info][gc,metaspace] GC(89) y: Metaspace: 0M used, 0M committed, 1088M reserved
[2026-06-17T10:03:14.839+0800][2.933s][info][gc,reloc    ] GC(89) y:                        Candidates     Selected     In-Place         Size        Empty    Relocated 
[2026-06-17T10:03:14.839+0800][2.933s][info][gc,reloc    ] GC(89) y: Small Pages:                    3            1            2           6M           0M           0M 
[2026-06-17T10:03:14.839+0800][2.933s][info][gc,reloc    ] GC(89) y: Large Pages:                    4            0            0           8M           0M           0M 
[2026-06-17T10:03:14.840+0800][2.933s][info][gc,reloc    ] GC(89) y: Forwarding Usage: 0M
[2026-06-17T10:03:14.840+0800][2.933s][info][gc,reloc    ] GC(89) y: Age Table:
[2026-06-17T10:03:14.840+0800][2.933s][info][gc,reloc    ] GC(89) y:                    Live             Garbage             Small              Medium             Large        
[2026-06-17T10:03:14.840+0800][2.933s][info][gc,reloc    ] GC(89) y: Eden               0M (0%)            1M (3%)           1 / 0              0 / 0              0 / 0        
[2026-06-17T10:03:14.840+0800][2.934s][info][gc,reloc    ] GC(89) y: Survivor 1         4M (7%)            1M (2%)           1 / 1              0 / 0              2 / 0        
[2026-06-17T10:03:14.840+0800][2.934s][info][gc,reloc    ] GC(89) y: Survivor 2          -                 0M (0%)           0 / 0              0 / 0              0 / 0        
[2026-06-17T10:03:14.841+0800][2.934s][info][gc,reloc    ] GC(89) y: Survivor 3         3M (5%)            0M (1%)           1 / 0              0 / 0              1 / 0        
[2026-06-17T10:03:14.841+0800][2.934s][info][gc,reloc    ] GC(89) y: Survivor 4         2M (3%)            0M (0%)           0 / 0              0 / 0              1 / 0        
[2026-06-17T10:03:14.841+0800][2.934s][info][gc,heap     ] GC(89) y: Min Capacity: 64M(100%)
[2026-06-17T10:03:14.841+0800][2.934s][info][gc,heap     ] GC(89) y: Max Capacity: 64M(100%)
[2026-06-17T10:03:14.841+0800][2.934s][info][gc,heap     ] GC(89) y: Soft Max Capacity: 64M(100%)
[2026-06-17T10:03:14.841+0800][2.934s][info][gc,heap     ] GC(89) y: Heap Statistics:
[2026-06-17T10:03:14.841+0800][2.935s][info][gc,heap     ] GC(89) y:                Mark Start          Mark End        Relocate Start      Relocate End           High               Low         
[2026-06-17T10:03:14.841+0800][2.935s][info][gc,heap     ] GC(89) y:  Capacity:       64M (100%)         64M (100%)         64M (100%)         64M (100%)         64M (100%)         64M (100%)   
[2026-06-17T10:03:14.841+0800][2.935s][info][gc,heap     ] GC(89) y:      Free:        0M (0%)            0M (0%)            0M (0%)            0M (0%)            0M (0%)            0M (0%)     
[2026-06-17T10:03:14.841+0800][2.935s][info][gc,heap     ] GC(89) y:      Used:       64M (100%)         64M (100%)         64M (100%)         64M (100%)         64M (100%)         64M (100%)   
[2026-06-17T10:03:14.842+0800][2.935s][info][gc,heap     ] GC(89) y: Young Generation Statistics:
[2026-06-17T10:03:14.842+0800][2.935s][info][gc,heap     ] GC(89) y:                Mark Start          Mark End        Relocate Start      Relocate End    
[2026-06-17T10:03:14.842+0800][2.935s][info][gc,heap     ] GC(89) y:      Used:       14M (22%)          14M (22%)           4M (6%)            2M (3%)     
[2026-06-17T10:03:14.842+0800][2.935s][info][gc,heap     ] GC(89) y:      Live:         -                 9M (16%)           0M (1%)            0M (0%)     
[2026-06-17T10:03:14.842+0800][2.935s][info][gc,heap     ] GC(89) y:   Garbage:         -                 4M (6%)            3M (5%)            0M (0%)     
[2026-06-17T10:03:14.842+0800][2.935s][info][gc,heap     ] GC(89) y: Allocated:         -                 0M (0%)            0M (0%)            1M (3%)     
[2026-06-17T10:03:14.842+0800][2.935s][info][gc,heap     ] GC(89) y: Reclaimed:         -                  -                 0M (1%)            4M (6%)     
[2026-06-17T10:03:14.842+0800][2.935s][info][gc,heap     ] GC(89) y:  Promoted:         -                  -                 9M (15%)           9M (15%)    
[2026-06-17T10:03:14.842+0800][2.935s][info][gc,heap     ] GC(89) y: Compacted:         -                  -                  -                 0M (0%)     
[2026-06-17T10:03:14.842+0800][2.935s][info][gc,phases   ] GC(89) y: Young Generation 64M(100%)->64M(100%) 0.016s
[2026-06-17T10:03:14.842+0800][2.936s][info][gc          ] GC(89) Minor Collection (Allocation Stall) 64M(100%)->64M(100%) 0.023s
[2026-06-17T10:03:14.842+0800][2.936s][info][gc          ] GC(90) Major Collection (Allocation Stall)
[2026-06-17T10:03:14.842+0800][2.936s][info][gc,task     ] GC(90) Using 1 Workers for Young Generation
[2026-06-17T10:03:14.843+0800][2.936s][info][gc,task     ] GC(90) Using 1 Workers for Old Generation
[2026-06-17T10:03:14.843+0800][2.936s][info][gc,phases   ] GC(90) Y: Young Generation (Promote All)
[2026-06-17T10:03:14.843+0800][2.936s][info][gc,phases   ] GC(90) Y: Pause Mark Start 0.010ms
[2026-06-17T10:03:14.843+0800][2.937s][info][gc,phases   ] GC(90) Y: Concurrent Mark 0.429ms
[2026-06-17T10:03:14.844+0800][2.937s][info][gc,phases   ] GC(90) Y: Pause Mark End 0.006ms
[2026-06-17T10:03:14.844+0800][2.937s][info][gc,phases   ] GC(90) Y: Concurrent Mark Free 0.000ms
[2026-06-17T10:03:14.844+0800][2.937s][info][gc,phases   ] GC(90) Y: Concurrent Reset Relocation Set 0.003ms
[2026-06-17T10:03:14.844+0800][2.938s][info][gc,reloc    ] GC(90) Y: Using tenuring threshold: 0 (Promote All)
[2026-06-17T10:03:14.845+0800][2.938s][info][gc,phases   ] GC(90) Y: Concurrent Select Relocation Set 0.734ms
[2026-06-17T10:03:14.845+0800][2.938s][info][gc,phases   ] GC(90) Y: Pause Relocate Start 0.004ms
[2026-06-17T10:03:14.845+0800][2.938s][info][gc,phases   ] GC(90) Y: Concurrent Relocate 0.087ms
[2026-06-17T10:03:14.845+0800][2.938s][info][gc,alloc    ] GC(90) Y:                         Mark Start        Mark End      Relocate Start    Relocate End   
[2026-06-17T10:03:14.845+0800][2.938s][info][gc,alloc    ] GC(90) Y: Allocation Stalls:          1                1                1                1         
[2026-06-17T10:03:14.845+0800][2.938s][info][gc,load     ] GC(90) Y: Load: 0.38 (2%) / 0.43 (2%) / 0.50 (2%)
[2026-06-17T10:03:14.845+0800][2.939s][info][gc,mmu      ] GC(90) Y: MMU: 2ms/96.6%, 5ms/98.5%, 10ms/98.9%, 20ms/99.4%, 50ms/99.6%, 100ms/99.7%
[2026-06-17T10:03:14.845+0800][2.939s][info][gc,marking  ] GC(90) Y: Mark: 1 stripe(s), 1 proactive flush(es), 1 terminate flush(es), 0 completion(s), 0 continuation(s) 
[2026-06-17T10:03:14.845+0800][2.939s][info][gc,marking  ] GC(90) Y: Mark Stack Usage: 32M
[2026-06-17T10:03:14.845+0800][2.939s][info][gc,nmethod  ] GC(90) Y: NMethods: 72 registered, 5 unregistered
[2026-06-17T10:03:14.846+0800][2.939s][info][gc,metaspace] GC(90) Y: Metaspace: 0M used, 0M committed, 1088M reserved
[2026-06-17T10:03:14.846+0800][2.939s][info][gc,reloc    ] GC(90) Y:                        Candidates     Selected     In-Place         Size        Empty    Relocated 
[2026-06-17T10:03:14.846+0800][2.939s][info][gc,reloc    ] GC(90) Y: Small Pages:                    1            0            0           2M           0M           0M 
[2026-06-17T10:03:14.846+0800][2.939s][info][gc,reloc    ] GC(90) Y: Large Pages:                    0            0            0           0M           0M           0M 
[2026-06-17T10:03:14.846+0800][2.939s][info][gc,reloc    ] GC(90) Y: Forwarding Usage: 0M
[2026-06-17T10:03:14.846+0800][2.939s][info][gc,reloc    ] GC(90) Y: Age Table:
[2026-06-17T10:03:14.846+0800][2.940s][info][gc,reloc    ] GC(90) Y:                    Live             Garbage             Small              Medium             Large        
[2026-06-17T10:03:14.846+0800][2.940s][info][gc,reloc    ] GC(90) Y: Eden                -                 0M (0%)           0 / 0              0 / 0              0 / 0        
[2026-06-17T10:03:14.847+0800][2.940s][info][gc,reloc    ] GC(90) Y: Survivor 1         0M (0%)            1M (3%)           1 / 0              0 / 0              0 / 0        
[2026-06-17T10:03:14.847+0800][2.940s][info][gc,heap     ] GC(90) Y: Min Capacity: 64M(100%)
[2026-06-17T10:03:14.847+0800][2.940s][info][gc,heap     ] GC(90) Y: Max Capacity: 64M(100%)
[2026-06-17T10:03:14.847+0800][2.940s][info][gc,heap     ] GC(90) Y: Soft Max Capacity: 64M(100%)
[2026-06-17T10:03:14.847+0800][2.940s][info][gc,heap     ] GC(90) Y: Heap Statistics:
[2026-06-17T10:03:14.847+0800][2.940s][info][gc,heap     ] GC(90) Y:                Mark Start          Mark End        Relocate Start      Relocate End           High               Low         
[2026-06-17T10:03:14.847+0800][2.940s][info][gc,heap     ] GC(90) Y:  Capacity:       64M (100%)         64M (100%)         64M (100%)         64M (100%)         64M (100%)         64M (100%)   
[2026-06-17T10:03:14.847+0800][2.940s][info][gc,heap     ] GC(90) Y:      Free:        0M (0%)            0M (0%)            0M (0%)            0M (0%)            0M (0%)            0M (0%)     
[2026-06-17T10:03:14.847+0800][2.941s][info][gc,heap     ] GC(90) Y:      Used:       64M (100%)         64M (100%)         64M (100%)         64M (100%)         64M (100%)         64M (100%)   
[2026-06-17T10:03:14.847+0800][2.941s][info][gc,heap     ] GC(90) Y: Young Generation Statistics:
[2026-06-17T10:03:14.847+0800][2.941s][info][gc,heap     ] GC(90) Y:                Mark Start          Mark End        Relocate Start      Relocate End    
[2026-06-17T10:03:14.847+0800][2.941s][info][gc,heap     ] GC(90) Y:      Used:        2M (3%)            2M (3%)            0M (0%)            0M (0%)     
[2026-06-17T10:03:14.848+0800][2.941s][info][gc,heap     ] GC(90) Y:      Live:         -                 0M (0%)            0M (0%)            0M (0%)     
[2026-06-17T10:03:14.848+0800][2.941s][info][gc,heap     ] GC(90) Y:   Garbage:         -                 1M (3%)            0M (0%)            0M (0%)     
[2026-06-17T10:03:14.848+0800][2.941s][info][gc,heap     ] GC(90) Y: Allocated:         -                 0M (0%)            0M (0%)            0M (0%)     
[2026-06-17T10:03:14.848+0800][2.941s][info][gc,heap     ] GC(90) Y: Reclaimed:         -                  -                 1M (3%)            1M (3%)     
[2026-06-17T10:03:14.848+0800][2.941s][info][gc,heap     ] GC(90) Y:  Promoted:         -                  -                 0M (0%)            0M (0%)     
[2026-06-17T10:03:14.848+0800][2.941s][info][gc,heap     ] GC(90) Y: Compacted:         -                  -                  -                 0M (0%)     
[2026-06-17T10:03:14.848+0800][2.941s][info][gc,phases   ] GC(90) Y: Young Generation (Promote All) 64M(100%)->64M(100%) 0.002s
[2026-06-17T10:03:14.848+0800][2.941s][info][gc,phases   ] GC(90) Y: Young Generation (Collect Roots)
[2026-06-17T10:03:14.848+0800][2.941s][info][gc,phases   ] GC(90) Y: Pause Mark Start (Major) 0.009ms
[2026-06-17T10:03:14.849+0800][2.942s][info][gc,phases   ] GC(90) Y: Concurrent Mark 0.404ms
[2026-06-17T10:03:14.849+0800][2.942s][info][gc,phases   ] GC(90) Y: Pause Mark End 0.006ms
[2026-06-17T10:03:14.849+0800][2.942s][info][gc,phases   ] GC(90) Y: Concurrent Mark Free 0.032ms
[2026-06-17T10:03:14.849+0800][2.942s][info][gc,phases   ] GC(90) Y: Concurrent Reset Relocation Set 0.003ms
[2026-06-17T10:03:14.850+0800][2.943s][info][gc,reloc    ] GC(90) Y: Using tenuring threshold: 0 (Computed)
[2026-06-17T10:03:14.850+0800][2.943s][info][gc,phases   ] GC(90) Y: Concurrent Select Relocation Set 0.731ms
[2026-06-17T10:03:14.850+0800][2.943s][info][gc,phases   ] GC(90) Y: Pause Relocate Start 0.004ms
[2026-06-17T10:03:14.850+0800][2.944s][info][gc,phases   ] GC(90) Y: Concurrent Relocate 0.085ms
[2026-06-17T10:03:14.850+0800][2.944s][info][gc,alloc    ] GC(90) Y:                         Mark Start        Mark End      Relocate Start    Relocate End   
[2026-06-17T10:03:14.851+0800][2.944s][info][gc,alloc    ] GC(90) Y: Allocation Stalls:          1                1                1                1         
[2026-06-17T10:03:14.851+0800][2.944s][info][gc,load     ] GC(90) Y: Load: 0.38 (2%) / 0.43 (2%) / 0.50 (2%)
[2026-06-17T10:03:14.851+0800][2.944s][info][gc,mmu      ] GC(90) Y: MMU: 2ms/96.6%, 5ms/98.5%, 10ms/98.9%, 20ms/99.4%, 50ms/99.6%, 100ms/99.7%
[2026-06-17T10:03:14.851+0800][2.944s][info][gc,marking  ] GC(90) Y: Mark: 1 stripe(s), 1 proactive flush(es), 1 terminate flush(es), 0 completion(s), 0 continuation(s) 
[2026-06-17T10:03:14.851+0800][2.944s][info][gc,marking  ] GC(90) Y: Mark Stack Usage: 0M
[2026-06-17T10:03:14.851+0800][2.944s][info][gc,nmethod  ] GC(90) Y: NMethods: 72 registered, 5 unregistered
[2026-06-17T10:03:14.851+0800][2.944s][info][gc,metaspace] GC(90) Y: Metaspace: 0M used, 0M committed, 1088M reserved
[2026-06-17T10:03:14.851+0800][2.944s][info][gc,heap     ] GC(90) Y: Min Capacity: 64M(100%)
[2026-06-17T10:03:14.851+0800][2.944s][info][gc,heap     ] GC(90) Y: Max Capacity: 64M(100%)
[2026-06-17T10:03:14.851+0800][2.944s][info][gc,heap     ] GC(90) Y: Soft Max Capacity: 64M(100%)
[2026-06-17T10:03:14.851+0800][2.945s][info][gc,heap     ] GC(90) Y: Heap Statistics:
[2026-06-17T10:03:14.851+0800][2.945s][info][gc,heap     ] GC(90) Y:                Mark Start          Mark End        Relocate Start      Relocate End           High               Low         
[2026-06-17T10:03:14.851+0800][2.945s][info][gc,heap     ] GC(90) Y:  Capacity:       64M (100%)         64M (100%)         64M (100%)         64M (100%)         64M (100%)         64M (100%)   
[2026-06-17T10:03:14.851+0800][2.945s][info][gc,heap     ] GC(90) Y:      Free:        0M (0%)            0M (0%)            0M (0%)            0M (0%)            0M (0%)            0M (0%)     
[2026-06-17T10:03:14.851+0800][2.945s][info][gc,heap     ] GC(90) Y:      Used:       64M (100%)         64M (100%)         64M (100%)         64M (100%)         64M (100%)         64M (100%)   
[2026-06-17T10:03:14.852+0800][2.945s][info][gc,heap     ] GC(90) Y: Young Generation Statistics:
[2026-06-17T10:03:14.852+0800][2.945s][info][gc,heap     ] GC(90) Y:                Mark Start          Mark End        Relocate Start      Relocate End    
[2026-06-17T10:03:14.852+0800][2.945s][info][gc,heap     ] GC(90) Y:      Used:        0M (0%)            0M (0%)            0M (0%)            0M (0%)     
[2026-06-17T10:03:14.852+0800][2.945s][info][gc,heap     ] GC(90) Y:      Live:         -                 0M (0%)            0M (0%)            0M (0%)     
[2026-06-17T10:03:14.852+0800][2.946s][info][gc,heap     ] GC(90) Y:   Garbage:         -                 0M (0%)            0M (0%)            0M (0%)     
[2026-06-17T10:03:14.853+0800][2.946s][info][gc,heap     ] GC(90) Y: Allocated:         -                 0M (0%)            0M (0%)            0M (0%)     
[2026-06-17T10:03:14.853+0800][2.946s][info][gc,heap     ] GC(90) Y: Reclaimed:         -                  -                 0M (0%)            0M (0%)     
[2026-06-17T10:03:14.853+0800][2.946s][info][gc,heap     ] GC(90) Y:  Promoted:         -                  -                 0M (0%)            0M (0%)     
[2026-06-17T10:03:14.853+0800][2.946s][info][gc,heap     ] GC(90) Y: Compacted:         -                  -                  -                 0M (0%)     
[2026-06-17T10:03:14.853+0800][2.947s][info][gc,phases   ] GC(90) Y: Young Generation (Collect Roots) 64M(100%)->64M(100%) 0.002s
[2026-06-17T10:03:14.853+0800][2.947s][info][gc,phases   ] GC(90) O: Old Generation
[2026-06-17T10:03:14.854+0800][2.948s][info][gc,phases   ] GC(90) O: Concurrent Mark 0.829ms
[2026-06-17T10:03:14.854+0800][2.948s][info][gc,phases   ] GC(90) O: Pause Mark End 0.007ms
[2026-06-17T10:03:14.855+0800][2.948s][info][gc,phases   ] GC(90) O: Concurrent Mark Free 0.001ms
[2026-06-17T10:03:14.855+0800][2.948s][info][gc,ref      ] GC(90) O: Clearing All SoftReferences
[2026-06-17T10:03:14.855+0800][2.948s][info][gc,phases   ] GC(90) O: Concurrent Process Non-Strong 0.378ms
[2026-06-17T10:03:14.855+0800][2.948s][info][gc,phases   ] GC(90) O: Concurrent Reset Relocation Set 0.000ms
[2026-06-17T10:03:14.856+0800][2.949s][info][gc,phases   ] GC(90) O: Concurrent Select Relocation Set 0.558ms
[2026-06-17T10:03:14.856+0800][2.949s][info][gc,task     ] GC(90) O: Using 1 Workers for Old Generation
[2026-06-17T10:03:14.869+0800][2.962s][info][gc,task     ] GC(90) O: Using 1 Workers for Old Generation
[2026-06-17T10:03:14.869+0800][2.962s][info][gc,phases   ] GC(90) O: Concurrent Remap Roots 12.779ms
[2026-06-17T10:03:14.869+0800][2.962s][info][gc,phases   ] GC(90) O: Pause Relocate Start 0.009ms
[2026-06-17T10:03:14.870+0800][2.963s][info][gc          ] Relocation Stall (main) 0.411ms
[2026-06-17T10:03:14.870+0800][2.963s][info][gc,phases   ] GC(90) O: Concurrent Relocate 0.624ms
[2026-06-17T10:03:14.870+0800][2.963s][info][gc          ] Allocation Stall (main) 56.799ms
[2026-06-17T10:03:14.870+0800][2.963s][info][gc,alloc    ] GC(90) O:                         Mark Start        Mark End      Relocate Start    Relocate End   
[2026-06-17T10:03:14.871+0800][2.964s][info][gc,alloc    ] GC(90) O: Allocation Stalls:          1                1                1                0         
[2026-06-17T10:03:14.871+0800][2.965s][info][gc,load     ] GC(90) O: Load: 0.38 (2%) / 0.43 (2%) / 0.50 (2%)
[2026-06-17T10:03:14.871+0800][2.965s][info][gc,mmu      ] GC(90) O: MMU: 2ms/96.6%, 5ms/98.5%, 10ms/98.9%, 20ms/99.4%, 50ms/99.6%, 100ms/99.7%
[2026-06-17T10:03:14.872+0800][2.965s][info][gc,marking  ] GC(90) O: Mark: 1 stripe(s), 1 proactive flush(es), 1 terminate flush(es), 0 completion(s), 0 continuation(s) 
[2026-06-17T10:03:14.872+0800][2.965s][info][gc,marking  ] GC(90) O: Mark Stack Usage: 32M
[2026-06-17T10:03:14.872+0800][2.966s][info][gc,nmethod  ] GC(90) O: NMethods: 72 registered, 5 unregistered
[2026-06-17T10:03:14.873+0800][2.966s][info][gc,metaspace] GC(90) O: Metaspace: 0M used, 0M committed, 1088M reserved
[2026-06-17T10:03:14.873+0800][2.966s][info][gc,ref      ] GC(90) O:                       Encountered   Discovered     Enqueued 
[2026-06-17T10:03:14.873+0800][2.966s][info][gc,ref      ] GC(90) O: Soft References:                0            0            0 
[2026-06-17T10:03:14.873+0800][2.967s][info][gc,ref      ] GC(90) O: Weak References:                6            0            0 
[2026-06-17T10:03:14.874+0800][2.967s][info][gc,ref      ] GC(90) O: Final References:               0            0            0 
[2026-06-17T10:03:14.874+0800][2.967s][info][gc,ref      ] GC(90) O: Phantom References:             1            1            0 
[2026-06-17T10:03:14.874+0800][2.968s][info][gc,reloc    ] GC(90) O:                        Candidates     Selected     In-Place         Size        Empty    Relocated 
[2026-06-17T10:03:14.874+0800][2.968s][info][gc,reloc    ] GC(90) O: Small Pages:                    5            2            1          10M           0M           1M 
[2026-06-17T10:03:14.875+0800][2.968s][info][gc,reloc    ] GC(90) O: Large Pages:                   27            0            0          54M           0M           0M 
[2026-06-17T10:03:14.875+0800][2.968s][info][gc,reloc    ] GC(90) O: Forwarding Usage: 0M
[2026-06-17T10:03:14.875+0800][2.969s][info][gc,heap     ] GC(90) O: Min Capacity: 64M(100%)
[2026-06-17T10:03:14.875+0800][2.969s][info][gc,heap     ] GC(90) O: Max Capacity: 64M(100%)
[2026-06-17T10:03:14.876+0800][2.969s][info][gc,heap     ] GC(90) O: Soft Max Capacity: 64M(100%)
[2026-06-17T10:03:14.876+0800][2.969s][info][gc,heap     ] GC(90) O: Heap Statistics:
[2026-06-17T10:03:14.876+0800][2.970s][info][gc,heap     ] GC(90) O:                Mark Start          Mark End        Relocate Start      Relocate End           High               Low         
[2026-06-17T10:03:14.877+0800][2.970s][info][gc,heap     ] GC(90) O:  Capacity:       64M (100%)         64M (100%)         64M (100%)         64M (100%)         64M (100%)         64M (100%)   
[2026-06-17T10:03:14.877+0800][2.970s][info][gc,heap     ] GC(90) O:      Free:        0M (0%)            0M (0%)            0M (0%)            2M (3%)            2M (3%)            0M (0%)     
[2026-06-17T10:03:14.877+0800][2.970s][info][gc,heap     ] GC(90) O:      Used:       64M (100%)         64M (100%)         64M (100%)         62M (97%)          64M (100%)         62M (97%)    
[2026-06-17T10:03:14.877+0800][2.971s][info][gc,heap     ] GC(90) O: Old Generation Statistics:
[2026-06-17T10:03:14.878+0800][2.971s][info][gc,heap     ] GC(90) O:                Mark Start          Mark End        Relocate Start      Relocate End    
[2026-06-17T10:03:14.878+0800][2.971s][info][gc,heap     ] GC(90) O:      Used:       64M (100%)         64M (100%)         64M (100%)         60M (94%)    
[2026-06-17T10:03:14.878+0800][2.972s][info][gc,heap     ] GC(90) O:      Live:         -                58M (91%)          58M (91%)          58M (91%)    
[2026-06-17T10:03:14.878+0800][2.972s][info][gc,heap     ] GC(90) O:   Garbage:         -                 5M (9%)            5M (9%)            0M (1%)     
[2026-06-17T10:03:14.879+0800][2.972s][info][gc,heap     ] GC(90) O: Allocated:         -                 0M (0%)            0M (0%)            0M (2%)     
[2026-06-17T10:03:14.879+0800][2.972s][info][gc,heap     ] GC(90) O: Reclaimed:         -                  -                 0M (0%)            4M (8%)     
[2026-06-17T10:03:14.879+0800][2.973s][info][gc,heap     ] GC(90) O: Compacted:         -                  -                  -                 3M (5%)     
[2026-06-17T10:03:14.880+0800][2.973s][info][gc,phases   ] GC(90) O: Old Generation 64M(100%)->62M(97%) 0.017s
[2026-06-17T10:03:14.880+0800][2.973s][info][gc          ] GC(90) Major Collection (Allocation Stall) 64M(100%)->64M(100%) 0.037s
[2026-06-17T10:03:14.880+0800][2.973s][info][gc          ] GC(91) Minor Collection (Allocation Stall)
[2026-06-17T10:03:14.880+0800][2.974s][info][gc,task     ] GC(91) Using 1 Workers for Young Generation
[2026-06-17T10:03:14.881+0800][2.974s][info][gc,phases   ] GC(91) y: Young Generation
[2026-06-17T10:03:14.881+0800][2.974s][info][gc,phases   ] GC(91) y: Pause Mark Start 0.011ms
[2026-06-17T10:03:14.882+0800][2.975s][info][gc,phases   ] GC(91) y: Concurrent Mark 0.512ms
[2026-06-17T10:03:14.882+0800][2.975s][info][gc,phases   ] GC(91) y: Pause Mark End 0.007ms
[2026-06-17T10:03:14.882+0800][2.976s][info][gc,phases   ] GC(91) y: Concurrent Mark Free 0.001ms
[2026-06-17T10:03:14.883+0800][2.976s][info][gc,phases   ] GC(91) y: Concurrent Reset Relocation Set 0.001ms
[2026-06-17T10:03:14.883+0800][2.977s][info][gc,reloc    ] GC(91) y: Using tenuring threshold: 1 (Computed)
[2026-06-17T10:03:14.884+0800][2.977s][info][gc,phases   ] GC(91) y: Concurrent Select Relocation Set 0.860ms
[2026-06-17T10:03:14.884+0800][2.977s][info][gc,phases   ] GC(91) y: Pause Relocate Start 0.006ms
[2026-06-17T10:03:14.884+0800][2.978s][info][gc,phases   ] GC(91) y: Concurrent Relocate 0.085ms
[2026-06-17T10:03:14.885+0800][2.978s][info][gc,alloc    ] GC(91) y:                         Mark Start        Mark End      Relocate Start    Relocate End   
[2026-06-17T10:03:14.885+0800][2.978s][info][gc,alloc    ] GC(91) y: Allocation Stalls:          1                1                1                1         
[2026-06-17T10:03:14.885+0800][2.979s][info][gc,load     ] GC(91) y: Load: 0.38 (2%) / 0.43 (2%) / 0.50 (2%)
[2026-06-17T10:03:14.885+0800][2.979s][info][gc,mmu      ] GC(91) y: MMU: 2ms/96.6%, 5ms/98.5%, 10ms/98.9%, 20ms/99.4%, 50ms/99.6%, 100ms/99.7%
[2026-06-17T10:03:14.886+0800][2.979s][info][gc,marking  ] GC(91) y: Mark: 1 stripe(s), 1 proactive flush(es), 1 terminate flush(es), 0 completion(s), 0 continuation(s) 
[2026-06-17T10:03:14.886+0800][2.979s][info][gc,marking  ] GC(91) y: Mark Stack Usage: 32M
[2026-06-17T10:03:14.886+0800][2.979s][info][gc,nmethod  ] GC(91) y: NMethods: 72 registered, 5 unregistered
[2026-06-17T10:03:14.886+0800][2.980s][info][gc,metaspace] GC(91) y: Metaspace: 0M used, 0M committed, 1088M reserved
[2026-06-17T10:03:14.887+0800][2.980s][info][gc,reloc    ] GC(91) y:                        Candidates     Selected     In-Place         Size        Empty    Relocated 
[2026-06-17T10:03:14.887+0800][2.980s][info][gc,reloc    ] GC(91) y: Small Pages:                    0            0            0           0M           0M           0M 
[2026-06-17T10:03:14.887+0800][2.981s][info][gc,reloc    ] GC(91) y: Large Pages:                    2            0            0           4M           0M           0M 
[2026-06-17T10:03:14.887+0800][2.981s][info][gc,reloc    ] GC(91) y: Forwarding Usage: 0M
[2026-06-17T10:03:14.888+0800][2.981s][info][gc,reloc    ] GC(91) y: Age Table:
[2026-06-17T10:03:14.888+0800][2.981s][info][gc,reloc    ] GC(91) y:                    Live             Garbage             Small              Medium             Large        
[2026-06-17T10:03:14.888+0800][2.982s][info][gc,reloc    ] GC(91) y: Eden               4M (6%)            0M (0%)           0 / 0              0 / 0              2 / 0        
[2026-06-17T10:03:14.889+0800][2.982s][info][gc,heap     ] GC(91) y: Min Capacity: 64M(100%)
[2026-06-17T10:03:14.889+0800][2.982s][info][gc,heap     ] GC(91) y: Max Capacity: 64M(100%)
[2026-06-17T10:03:14.889+0800][2.983s][info][gc,heap     ] GC(91) y: Soft Max Capacity: 64M(100%)
[2026-06-17T10:03:14.889+0800][2.983s][info][gc,heap     ] GC(91) y: Heap Statistics:
[2026-06-17T10:03:14.890+0800][2.983s][info][gc,heap     ] GC(91) y:                Mark Start          Mark End        Relocate Start      Relocate End           High               Low         
[2026-06-17T10:03:14.890+0800][2.983s][info][gc,heap     ] GC(91) y:  Capacity:       64M (100%)         64M (100%)         64M (100%)         64M (100%)         64M (100%)         64M (100%)   
[2026-06-17T10:03:14.890+0800][2.984s][info][gc,heap     ] GC(91) y:      Free:        0M (0%)            0M (0%)            0M (0%)            0M (0%)            0M (0%)            0M (0%)     
[2026-06-17T10:03:14.890+0800][2.984s][info][gc,heap     ] GC(91) y:      Used:       64M (100%)         64M (100%)         64M (100%)         64M (100%)         64M (100%)         64M (100%)   
[2026-06-17T10:03:14.891+0800][2.984s][info][gc,heap     ] GC(91) y: Young Generation Statistics:
[2026-06-17T10:03:14.891+0800][2.984s][info][gc,heap     ] GC(91) y:                Mark Start          Mark End        Relocate Start      Relocate End    
[2026-06-17T10:03:14.891+0800][2.985s][info][gc,heap     ] GC(91) y:      Used:        4M (6%)            4M (6%)            4M (6%)            4M (6%)     
[2026-06-17T10:03:14.892+0800][2.985s][info][gc,heap     ] GC(91) y:      Live:         -                 4M (6%)            4M (6%)            4M (6%)     
[2026-06-17T10:03:14.892+0800][2.985s][info][gc,heap     ] GC(91) y:   Garbage:         -                 0M (0%)            0M (0%)            0M (0%)     
[2026-06-17T10:03:14.892+0800][2.985s][info][gc,heap     ] GC(91) y: Allocated:         -                 0M (0%)            0M (0%)            0M (0%)     
[2026-06-17T10:03:14.892+0800][2.986s][info][gc,heap     ] GC(91) y: Reclaimed:         -                  -                 0M (0%)            0M (0%)     
[2026-06-17T10:03:14.893+0800][2.986s][info][gc,heap     ] GC(91) y:  Promoted:         -                  -                 0M (0%)            0M (0%)     
[2026-06-17T10:03:14.893+0800][2.986s][info][gc,heap     ] GC(91) y: Compacted:         -                  -                  -                 0M (0%)     
[2026-06-17T10:03:14.893+0800][2.986s][info][gc,phases   ] GC(91) y: Young Generation 64M(100%)->64M(100%) 0.004s
[2026-06-17T10:03:14.893+0800][2.987s][info][gc          ] GC(91) Minor Collection (Allocation Stall) 64M(100%)->64M(100%) 0.013s
[2026-06-17T10:03:14.894+0800][2.987s][info][gc          ] GC(92) Major Collection (Allocation Stall)
[2026-06-17T10:03:14.894+0800][2.987s][info][gc,task     ] GC(92) Using 1 Workers for Young Generation
[2026-06-17T10:03:14.894+0800][2.987s][info][gc,task     ] GC(92) Using 1 Workers for Old Generation
[2026-06-17T10:03:14.894+0800][2.988s][info][gc,phases   ] GC(92) Y: Young Generation (Promote All)
[2026-06-17T10:03:14.895+0800][2.988s][info][gc,phases   ] GC(92) Y: Pause Mark Start 0.012ms
[2026-06-17T10:03:14.895+0800][2.989s][info][gc,phases   ] GC(92) Y: Concurrent Mark 0.437ms
[2026-06-17T10:03:14.896+0800][2.989s][info][gc,phases   ] GC(92) Y: Pause Mark End 0.006ms
[2026-06-17T10:03:14.896+0800][2.989s][info][gc,phases   ] GC(92) Y: Concurrent Mark Free 0.000ms
[2026-06-17T10:03:14.896+0800][2.990s][info][gc,phases   ] GC(92) Y: Concurrent Reset Relocation Set 0.001ms
[2026-06-17T10:03:14.897+0800][2.990s][info][gc,reloc    ] GC(92) Y: Using tenuring threshold: 0 (Promote All)
[2026-06-17T10:03:14.897+0800][2.991s][info][gc,phases   ] GC(92) Y: Concurrent Select Relocation Set 0.874ms
[2026-06-17T10:03:14.898+0800][2.991s][info][gc,phases   ] GC(92) Y: Pause Relocate Start 0.004ms
[2026-06-17T10:03:14.898+0800][2.991s][info][gc,phases   ] GC(92) Y: Concurrent Relocate 0.089ms
[2026-06-17T10:03:14.898+0800][2.992s][info][gc,alloc    ] GC(92) Y:                         Mark Start        Mark End      Relocate Start    Relocate End   
[2026-06-17T10:03:14.899+0800][2.992s][info][gc,alloc    ] GC(92) Y: Allocation Stalls:          1                1                1                1         
[2026-06-17T10:03:14.899+0800][2.992s][info][gc,load     ] GC(92) Y: Load: 0.38 (2%) / 0.43 (2%) / 0.50 (2%)
[2026-06-17T10:03:14.899+0800][2.992s][info][gc,mmu      ] GC(92) Y: MMU: 2ms/96.6%, 5ms/98.5%, 10ms/98.9%, 20ms/99.4%, 50ms/99.6%, 100ms/99.7%
[2026-06-17T10:03:14.899+0800][2.993s][info][gc,marking  ] GC(92) Y: Mark: 1 stripe(s), 1 proactive flush(es), 1 terminate flush(es), 0 completion(s), 0 continuation(s) 
[2026-06-17T10:03:14.899+0800][2.993s][info][gc,marking  ] GC(92) Y: Mark Stack Usage: 32M
[2026-06-17T10:03:14.900+0800][2.993s][info][gc,nmethod  ] GC(92) Y: NMethods: 72 registered, 5 unregistered
[2026-06-17T10:03:14.900+0800][2.993s][info][gc,metaspace] GC(92) Y: Metaspace: 0M used, 0M committed, 1088M reserved
[2026-06-17T10:03:14.900+0800][2.994s][info][gc,reloc    ] GC(92) Y:                        Candidates     Selected     In-Place         Size        Empty    Relocated 
[2026-06-17T10:03:14.901+0800][2.994s][info][gc,reloc    ] GC(92) Y: Small Pages:                    0            0            0           0M           0M           0M 
[2026-06-17T10:03:14.901+0800][2.994s][info][gc,reloc    ] GC(92) Y: Large Pages:                    2            0            0           4M           0M           0M 
[2026-06-17T10:03:14.901+0800][2.995s][info][gc,reloc    ] GC(92) Y: Forwarding Usage: 0M
[2026-06-17T10:03:14.902+0800][2.995s][info][gc,reloc    ] GC(92) Y: Age Table:
[2026-06-17T10:03:14.902+0800][2.995s][info][gc,reloc    ] GC(92) Y:                    Live             Garbage             Small              Medium             Large        
[2026-06-17T10:03:14.902+0800][2.995s][info][gc,reloc    ] GC(92) Y: Eden                -                 0M (0%)           0 / 0              0 / 0              0 / 0        
[2026-06-17T10:03:14.902+0800][2.996s][info][gc,reloc    ] GC(92) Y: Survivor 1         4M (6%)            0M (0%)           0 / 0              0 / 0              2 / 0        
[2026-06-17T10:03:14.903+0800][2.996s][info][gc,heap     ] GC(92) Y: Min Capacity: 64M(100%)
[2026-06-17T10:03:14.903+0800][2.996s][info][gc,heap     ] GC(92) Y: Max Capacity: 64M(100%)
[2026-06-17T10:03:14.903+0800][2.996s][info][gc,heap     ] GC(92) Y: Soft Max Capacity: 64M(100%)
[2026-06-17T10:03:14.903+0800][2.997s][info][gc,heap     ] GC(92) Y: Heap Statistics:
[2026-06-17T10:03:14.904+0800][2.997s][info][gc,heap     ] GC(92) Y:                Mark Start          Mark End        Relocate Start      Relocate End           High               Low         
[2026-06-17T10:03:14.904+0800][2.997s][info][gc,heap     ] GC(92) Y:  Capacity:       64M (100%)         64M (100%)         64M (100%)         64M (100%)         64M (100%)         64M (100%)   
[2026-06-17T10:03:14.904+0800][2.997s][info][gc,heap     ] GC(92) Y:      Free:        0M (0%)            0M (0%)            0M (0%)            0M (0%)            0M (0%)            0M (0%)     
[2026-06-17T10:03:14.904+0800][2.998s][info][gc,heap     ] GC(92) Y:      Used:       64M (100%)         64M (100%)         64M (100%)         64M (100%)         64M (100%)         64M (100%)   
[2026-06-17T10:03:14.905+0800][2.998s][info][gc,heap     ] GC(92) Y: Young Generation Statistics:
[2026-06-17T10:03:14.905+0800][2.998s][info][gc,heap     ] GC(92) Y:                Mark Start          Mark End        Relocate Start      Relocate End    
[2026-06-17T10:03:14.905+0800][2.998s][info][gc,heap     ] GC(92) Y:      Used:        4M (6%)            4M (6%)            0M (0%)            0M (0%)     
[2026-06-17T10:03:14.905+0800][2.999s][info][gc,heap     ] GC(92) Y:      Live:         -                 4M (6%)            0M (0%)            0M (0%)     
[2026-06-17T10:03:14.906+0800][2.999s][info][gc,heap     ] GC(92) Y:   Garbage:         -                 0M (0%)            0M (0%)            0M (0%)     
[2026-06-17T10:03:14.906+0800][2.999s][info][gc,heap     ] GC(92) Y: Allocated:         -                 0M (0%)            0M (0%)            0M (0%)     
[2026-06-17T10:03:14.906+0800][2.999s][info][gc,heap     ] GC(92) Y: Reclaimed:         -                  -                 0M (0%)            0M (0%)     
[2026-06-17T10:03:14.907+0800][3.000s][info][gc,heap     ] GC(92) Y:  Promoted:         -                  -                 4M (6%)            4M (6%)     
[2026-06-17T10:03:14.907+0800][3.001s][info][gc,heap     ] GC(92) Y: Compacted:         -                  -                  -                 0M (0%)     
[2026-06-17T10:03:14.907+0800][3.001s][info][gc,phases   ] GC(92) Y: Young Generation (Promote All) 64M(100%)->64M(100%) 0.004s
[2026-06-17T10:03:14.910+0800][3.003s][info][gc,phases   ] GC(92) Y: Young Generation (Collect Roots)
[2026-06-17T10:03:14.912+0800][3.005s][info][gc,phases   ] GC(92) Y: Pause Mark Start (Major) 0.018ms
[2026-06-17T10:03:14.914+0800][3.008s][info][gc,phases   ] GC(92) Y: Concurrent Mark 0.467ms
[2026-06-17T10:03:14.918+0800][3.011s][info][gc,phases   ] GC(92) Y: Pause Mark End 0.012ms
[2026-06-17T10:03:14.920+0800][3.013s][info][gc,phases   ] GC(92) Y: Concurrent Mark Free 0.033ms
[2026-06-17T10:03:14.924+0800][3.017s][info][gc,phases   ] GC(92) Y: Concurrent Reset Relocation Set 0.003ms
[2026-06-17T10:03:14.926+0800][3.019s][info][gc,reloc    ] GC(92) Y: Using tenuring threshold: 0 (Computed)
[2026-06-17T10:03:14.927+0800][3.020s][info][gc,phases   ] GC(92) Y: Concurrent Select Relocation Set 1.153ms
[2026-06-17T10:03:14.927+0800][3.020s][info][gc,phases   ] GC(92) Y: Pause Relocate Start 0.010ms
[2026-06-17T10:03:14.927+0800][3.020s][info][gc,phases   ] GC(92) Y: Concurrent Relocate 0.099ms
[2026-06-17T10:03:14.927+0800][3.020s][info][gc,alloc    ] GC(92) Y:                         Mark Start        Mark End      Relocate Start    Relocate End   
[2026-06-17T10:03:14.927+0800][3.021s][info][gc,alloc    ] GC(92) Y: Allocation Stalls:          1                1                1                1         
[2026-06-17T10:03:14.927+0800][3.021s][info][gc,load     ] GC(92) Y: Load: 0.38 (2%) / 0.43 (2%) / 0.50 (2%)
[2026-06-17T10:03:14.928+0800][3.021s][info][gc,mmu      ] GC(92) Y: MMU: 2ms/96.6%, 5ms/98.5%, 10ms/98.9%, 20ms/99.4%, 50ms/99.6%, 100ms/99.7%
[2026-06-17T10:03:14.928+0800][3.021s][info][gc,marking  ] GC(92) Y: Mark: 1 stripe(s), 1 proactive flush(es), 1 terminate flush(es), 0 completion(s), 0 continuation(s) 
[2026-06-17T10:03:14.928+0800][3.021s][info][gc,marking  ] GC(92) Y: Mark Stack Usage: 0M
[2026-06-17T10:03:14.928+0800][3.021s][info][gc,nmethod  ] GC(92) Y: NMethods: 72 registered, 5 unregistered
[2026-06-17T10:03:14.928+0800][3.021s][info][gc,metaspace] GC(92) Y: Metaspace: 0M used, 0M committed, 1088M reserved
[2026-06-17T10:03:14.928+0800][3.021s][info][gc,heap     ] GC(92) Y: Min Capacity: 64M(100%)
[2026-06-17T10:03:14.928+0800][3.022s][info][gc,heap     ] GC(92) Y: Max Capacity: 64M(100%)
[2026-06-17T10:03:14.928+0800][3.022s][info][gc,heap     ] GC(92) Y: Soft Max Capacity: 64M(100%)
[2026-06-17T10:03:14.928+0800][3.022s][info][gc,heap     ] GC(92) Y: Heap Statistics:
[2026-06-17T10:03:14.928+0800][3.022s][info][gc,heap     ] GC(92) Y:                Mark Start          Mark End        Relocate Start      Relocate End           High               Low         
[2026-06-17T10:03:14.928+0800][3.022s][info][gc,heap     ] GC(92) Y:  Capacity:       64M (100%)         64M (100%)         64M (100%)         64M (100%)         64M (100%)         64M (100%)   
[2026-06-17T10:03:14.929+0800][3.022s][info][gc,heap     ] GC(92) Y:      Free:        0M (0%)            0M (0%)            0M (0%)            0M (0%)            0M (0%)            0M (0%)     
[2026-06-17T10:03:14.929+0800][3.022s][info][gc,heap     ] GC(92) Y:      Used:       64M (100%)         64M (100%)         64M (100%)         64M (100%)         64M (100%)         64M (100%)   
[2026-06-17T10:03:14.929+0800][3.022s][info][gc,heap     ] GC(92) Y: Young Generation Statistics:
[2026-06-17T10:03:14.929+0800][3.022s][info][gc,heap     ] GC(92) Y:                Mark Start          Mark End        Relocate Start      Relocate End    
[2026-06-17T10:03:14.929+0800][3.022s][info][gc,heap     ] GC(92) Y:      Used:        0M (0%)            0M (0%)            0M (0%)            0M (0%)     
[2026-06-17T10:03:14.929+0800][3.022s][info][gc,heap     ] GC(92) Y:      Live:         -                 0M (0%)            0M (0%)            0M (0%)     
[2026-06-17T10:03:14.929+0800][3.022s][info][gc,heap     ] GC(92) Y:   Garbage:         -                 0M (0%)            0M (0%)            0M (0%)     
[2026-06-17T10:03:14.929+0800][3.022s][info][gc,heap     ] GC(92) Y: Allocated:         -                 0M (0%)            0M (0%)            0M (0%)     
[2026-06-17T10:03:14.929+0800][3.022s][info][gc,heap     ] GC(92) Y: Reclaimed:         -                  -                 0M (0%)            0M (0%)     
[2026-06-17T10:03:14.929+0800][3.022s][info][gc,heap     ] GC(92) Y:  Promoted:         -                  -                 0M (0%)            0M (0%)     
[2026-06-17T10:03:14.929+0800][3.023s][info][gc,heap     ] GC(92) Y: Compacted:         -                  -                  -                 0M (0%)     
[2026-06-17T10:03:14.929+0800][3.023s][info][gc,phases   ] GC(92) Y: Young Generation (Collect Roots) 64M(100%)->64M(100%) 0.017s
[2026-06-17T10:03:14.929+0800][3.023s][info][gc,phases   ] GC(92) O: Old Generation
[2026-06-17T10:03:14.931+0800][3.024s][info][gc,phases   ] GC(92) O: Concurrent Mark 1.195ms
[2026-06-17T10:03:14.931+0800][3.024s][info][gc,phases   ] GC(92) O: Pause Mark End 0.008ms
[2026-06-17T10:03:14.931+0800][3.024s][info][gc,phases   ] GC(92) O: Concurrent Mark Free 0.001ms
[2026-06-17T10:03:14.931+0800][3.025s][info][gc,ref      ] GC(92) O: Clearing All SoftReferences
[2026-06-17T10:03:14.932+0800][3.025s][info][gc,phases   ] GC(92) O: Concurrent Process Non-Strong 0.559ms
[2026-06-17T10:03:14.932+0800][3.025s][info][gc,phases   ] GC(92) O: Concurrent Reset Relocation Set 0.001ms
[2026-06-17T10:03:14.933+0800][3.026s][info][gc,phases   ] GC(92) O: Concurrent Select Relocation Set 0.537ms
[2026-06-17T10:03:14.933+0800][3.026s][info][gc,task     ] GC(92) O: Using 1 Workers for Old Generation
[2026-06-17T10:03:14.946+0800][3.039s][info][gc,task     ] GC(92) O: Using 1 Workers for Old Generation
[2026-06-17T10:03:14.946+0800][3.039s][info][gc,phases   ] GC(92) O: Concurrent Remap Roots 13.022ms
[2026-06-17T10:03:14.946+0800][3.039s][info][gc,phases   ] GC(92) O: Pause Relocate Start 0.009ms
[2026-06-17T10:03:14.946+0800][3.040s][info][gc,phases   ] GC(92) O: Concurrent Relocate 0.124ms
[2026-06-17T10:03:14.946+0800][3.040s][info][gc,alloc    ] GC(92) O:                         Mark Start        Mark End      Relocate Start    Relocate End   
[2026-06-17T10:03:14.946+0800][3.040s][info][gc,alloc    ] GC(92) O: Allocation Stalls:          1                1                1                1         
[2026-06-17T10:03:14.947+0800][3.040s][info][gc,load     ] GC(92) O: Load: 0.38 (2%) / 0.43 (2%) / 0.50 (2%)
[2026-06-17T10:03:14.947+0800][3.040s][info][gc,mmu      ] GC(92) O: MMU: 2ms/96.6%, 5ms/98.5%, 10ms/98.9%, 20ms/99.4%, 50ms/99.6%, 100ms/99.7%
[2026-06-17T10:03:14.947+0800][3.040s][info][gc,marking  ] GC(92) O: Mark: 1 stripe(s), 1 proactive flush(es), 1 terminate flush(es), 0 completion(s), 0 continuation(s) 
[2026-06-17T10:03:14.947+0800][3.040s][info][gc,marking  ] GC(92) O: Mark Stack Usage: 32M
[2026-06-17T10:03:14.947+0800][3.040s][info][gc,nmethod  ] GC(92) O: NMethods: 72 registered, 5 unregistered
[2026-06-17T10:03:14.947+0800][3.040s][info][gc,metaspace] GC(92) O: Metaspace: 0M used, 0M committed, 1088M reserved
[2026-06-17T10:03:14.947+0800][3.040s][info][gc,ref      ] GC(92) O:                       Encountered   Discovered     Enqueued 
[2026-06-17T10:03:14.947+0800][3.040s][info][gc,ref      ] GC(92) O: Soft References:                0            0            0 
[2026-06-17T10:03:14.947+0800][3.041s][info][gc,ref      ] GC(92) O: Weak References:                6            0            0 
[2026-06-17T10:03:14.947+0800][3.041s][info][gc,ref      ] GC(92) O: Final References:               0            0            0 
[2026-06-17T10:03:14.947+0800][3.041s][info][gc,ref      ] GC(92) O: Phantom References:             1            1            0 
[2026-06-17T10:03:14.947+0800][3.041s][info][gc,reloc    ] GC(92) O:                        Candidates     Selected     In-Place         Size        Empty    Relocated 
[2026-06-17T10:03:14.948+0800][3.041s][info][gc,reloc    ] GC(92) O: Small Pages:                    3            0            0           6M           0M           0M 
[2026-06-17T10:03:14.948+0800][3.041s][info][gc,reloc    ] GC(92) O: Large Pages:                   29            0            0          58M           0M           0M 
[2026-06-17T10:03:14.948+0800][3.041s][info][gc,reloc    ] GC(92) O: Forwarding Usage: 0M
[2026-06-17T10:03:14.948+0800][3.041s][info][gc,heap     ] GC(92) O: Min Capacity: 64M(100%)
[2026-06-17T10:03:14.948+0800][3.041s][info][gc,heap     ] GC(92) O: Max Capacity: 64M(100%)
[2026-06-17T10:03:14.948+0800][3.041s][info][gc,heap     ] GC(92) O: Soft Max Capacity: 64M(100%)
[2026-06-17T10:03:14.948+0800][3.041s][info][gc,heap     ] GC(92) O: Heap Statistics:
[2026-06-17T10:03:14.948+0800][3.042s][info][gc,heap     ] GC(92) O:                Mark Start          Mark End        Relocate Start      Relocate End           High               Low         
[2026-06-17T10:03:14.948+0800][3.042s][info][gc,heap     ] GC(92) O:  Capacity:       64M (100%)         64M (100%)         64M (100%)         64M (100%)         64M (100%)         64M (100%)   
[2026-06-17T10:03:14.948+0800][3.042s][info][gc,heap     ] GC(92) O:      Free:        0M (0%)            0M (0%)            0M (0%)            0M (0%)            0M (0%)            0M (0%)     
[2026-06-17T10:03:14.948+0800][3.042s][info][gc,heap     ] GC(92) O:      Used:       64M (100%)         64M (100%)         64M (100%)         64M (100%)         64M (100%)         64M (100%)   
[2026-06-17T10:03:14.949+0800][3.042s][info][gc,heap     ] GC(92) O: Old Generation Statistics:
[2026-06-17T10:03:14.949+0800][3.042s][info][gc,heap     ] GC(92) O:                Mark Start          Mark End        Relocate Start      Relocate End    
[2026-06-17T10:03:14.949+0800][3.042s][info][gc,heap     ] GC(92) O:      Used:       64M (100%)         64M (100%)         64M (100%)         64M (100%)   
[2026-06-17T10:03:14.949+0800][3.042s][info][gc,heap     ] GC(92) O:      Live:         -                62M (97%)          62M (97%)          62M (97%)    
[2026-06-17T10:03:14.949+0800][3.042s][info][gc,heap     ] GC(92) O:   Garbage:         -                 1M (3%)            1M (3%)            1M (3%)     
[2026-06-17T10:03:14.949+0800][3.043s][info][gc,heap     ] GC(92) O: Allocated:         -                 0M (0%)            0M (0%)            0M (0%)     
[2026-06-17T10:03:14.949+0800][3.043s][info][gc,heap     ] GC(92) O: Reclaimed:         -                  -                 0M (0%)            0M (0%)     
[2026-06-17T10:03:14.949+0800][3.043s][info][gc,heap     ] GC(92) O: Compacted:         -                  -                  -                 0M (0%)     
[2026-06-17T10:03:14.950+0800][3.043s][info][gc,phases   ] GC(92) O: Old Generation 64M(100%)->64M(100%) 0.017s
[2026-06-17T10:03:14.950+0800][3.043s][info][gc          ] GC(92) Major Collection (Allocation Stall) 64M(100%)->64M(100%) 0.056s
[2026-06-17T10:03:14.950+0800][3.043s][info][gc          ] Allocation Stall (main) 79.484ms
[2026-06-17T10:03:14.950+0800][3.043s][info][gc          ] Out Of Memory (main)
[2026-06-17T10:03:14.950+0800][3.044s][info][gc          ] GC(93) Minor Collection (Allocation Stall)
[2026-06-17T10:03:14.950+0800][3.044s][info][gc,task     ] GC(93) Using 1 Workers for Young Generation
[2026-06-17T10:03:14.950+0800][3.044s][info][gc,phases   ] GC(93) y: Young Generation
[2026-06-17T10:03:14.951+0800][3.044s][info][gc,phases   ] GC(93) y: Pause Mark Start 0.008ms
[2026-06-17T10:03:14.951+0800][3.044s][info][gc,phases   ] GC(93) y: Concurrent Mark 0.456ms
[2026-06-17T10:03:14.951+0800][3.045s][info][gc,phases   ] GC(93) y: Pause Mark End 0.004ms
[2026-06-17T10:03:14.951+0800][3.045s][info][gc,phases   ] GC(93) y: Concurrent Mark Free 0.001ms
[2026-06-17T10:03:14.952+0800][3.045s][info][gc,phases   ] GC(93) y: Concurrent Reset Relocation Set 0.000ms
[2026-06-17T10:03:14.952+0800][3.046s][info][gc,reloc    ] GC(93) y: Using tenuring threshold: 0 (Computed)
[2026-06-17T10:03:14.953+0800][3.046s][info][gc,phases   ] GC(93) y: Concurrent Select Relocation Set 0.888ms
[2026-06-17T10:03:14.953+0800][3.046s][info][gc,phases   ] GC(93) y: Pause Relocate Start 0.005ms
[2026-06-17T10:03:14.953+0800][3.046s][info][gc,phases   ] GC(93) y: Concurrent Relocate 0.087ms
[2026-06-17T10:03:14.953+0800][3.046s][info][gc,alloc    ] GC(93) y:                         Mark Start        Mark End      Relocate Start    Relocate End   
[2026-06-17T10:03:14.953+0800][3.046s][info][gc,alloc    ] GC(93) y: Allocation Stalls:          1                1                1                1         
[2026-06-17T10:03:14.953+0800][3.047s][info][gc,load     ] GC(93) y: Load: 0.38 (2%) / 0.43 (2%) / 0.50 (2%)
[2026-06-17T10:03:14.953+0800][3.047s][info][gc,mmu      ] GC(93) y: MMU: 2ms/96.6%, 5ms/98.5%, 10ms/98.9%, 20ms/99.4%, 50ms/99.6%, 100ms/99.7%
[2026-06-17T10:03:14.953+0800][3.047s][info][gc,marking  ] GC(93) y: Mark: 1 stripe(s), 1 proactive flush(es), 1 terminate flush(es), 0 completion(s), 0 continuation(s) 
[2026-06-17T10:03:14.953+0800][3.047s][info][gc,marking  ] GC(93) y: Mark Stack Usage: 0M
[2026-06-17T10:03:14.954+0800][3.047s][info][gc,nmethod  ] GC(93) y: NMethods: 72 registered, 5 unregistered
[2026-06-17T10:03:14.954+0800][3.047s][info][gc,metaspace] GC(93) y: Metaspace: 0M used, 0M committed, 1088M reserved
[2026-06-17T10:03:14.954+0800][3.047s][info][gc,heap     ] GC(93) y: Min Capacity: 64M(100%)
[2026-06-17T10:03:14.954+0800][3.047s][info][gc,heap     ] GC(93) y: Max Capacity: 64M(100%)
[2026-06-17T10:03:14.954+0800][3.047s][info][gc,heap     ] GC(93) y: Soft Max Capacity: 64M(100%)
[2026-06-17T10:03:14.954+0800][3.047s][info][gc,heap     ] GC(93) y: Heap Statistics:
[2026-06-17T10:03:14.954+0800][3.047s][info][gc,heap     ] GC(93) y:                Mark Start          Mark End        Relocate Start      Relocate End           High               Low         
[2026-06-17T10:03:14.954+0800][3.047s][info][gc,heap     ] GC(93) y:  Capacity:       64M (100%)         64M (100%)         64M (100%)         64M (100%)         64M (100%)         64M (100%)   
[2026-06-17T10:03:14.954+0800][3.047s][info][gc,heap     ] GC(93) y:      Free:        0M (0%)            0M (0%)            0M (0%)            0M (0%)            0M (0%)            0M (0%)     
[2026-06-17T10:03:14.954+0800][3.048s][info][gc,heap     ] GC(93) y:      Used:       64M (100%)         64M (100%)         64M (100%)         64M (100%)         64M (100%)         64M (100%)   
[2026-06-17T10:03:14.954+0800][3.048s][info][gc,heap     ] GC(93) y: Young Generation Statistics:
[2026-06-17T10:03:14.955+0800][3.048s][info][gc,heap     ] GC(93) y:                Mark Start          Mark End        Relocate Start      Relocate End    
[2026-06-17T10:03:14.955+0800][3.048s][info][gc,heap     ] GC(93) y:      Used:        0M (0%)            0M (0%)            0M (0%)            0M (0%)     
[2026-06-17T10:03:14.955+0800][3.048s][info][gc,heap     ] GC(93) y:      Live:         -                 0M (0%)            0M (0%)            0M (0%)     
[2026-06-17T10:03:14.955+0800][3.048s][info][gc,heap     ] GC(93) y:   Garbage:         -                 0M (0%)            0M (0%)            0M (0%)     
[2026-06-17T10:03:14.955+0800][3.048s][info][gc,heap     ] GC(93) y: Allocated:         -                 0M (0%)            0M (0%)            0M (0%)     
[2026-06-17T10:03:14.955+0800][3.049s][info][gc,heap     ] GC(93) y: Reclaimed:         -                  -                 0M (0%)            0M (0%)     
[2026-06-17T10:03:14.955+0800][3.049s][info][gc,heap     ] GC(93) y:  Promoted:         -                  -                 0M (0%)            0M (0%)     
[2026-06-17T10:03:14.956+0800][3.049s][info][gc,heap     ] GC(93) y: Compacted:         -                  -                  -                 0M (0%)     
[2026-06-17T10:03:14.956+0800][3.049s][info][gc,phases   ] GC(93) y: Young Generation 64M(100%)->64M(100%) 0.003s
[2026-06-17T10:03:14.956+0800][3.049s][info][gc          ] GC(93) Minor Collection (Allocation Stall) 64M(100%)->64M(100%) 0.006s
[2026-06-17T10:03:14.956+0800][3.049s][info][gc          ] GC(94) Major Collection (Allocation Stall)
[2026-06-17T10:03:14.956+0800][3.049s][info][gc,task     ] GC(94) Using 1 Workers for Young Generation
[2026-06-17T10:03:14.956+0800][3.049s][info][gc,task     ] GC(94) Using 1 Workers for Old Generation
[2026-06-17T10:03:14.956+0800][3.050s][info][gc,phases   ] GC(94) Y: Young Generation (Promote All)
[2026-06-17T10:03:14.956+0800][3.050s][info][gc,phases   ] GC(94) Y: Pause Mark Start 0.008ms
[2026-06-17T10:03:14.957+0800][3.050s][info][gc,phases   ] GC(94) Y: Concurrent Mark 0.411ms
[2026-06-17T10:03:14.957+0800][3.050s][info][gc,phases   ] GC(94) Y: Pause Mark End 0.007ms
[2026-06-17T10:03:14.957+0800][3.051s][info][gc,phases   ] GC(94) Y: Concurrent Mark Free 0.001ms
[2026-06-17T10:03:14.957+0800][3.051s][info][gc,phases   ] GC(94) Y: Concurrent Reset Relocation Set 0.000ms
[2026-06-17T10:03:14.958+0800][3.051s][info][gc,reloc    ] GC(94) Y: Using tenuring threshold: 0 (Promote All)
[2026-06-17T10:03:14.958+0800][3.052s][info][gc,phases   ] GC(94) Y: Concurrent Select Relocation Set 0.784ms
[2026-06-17T10:03:14.958+0800][3.052s][info][gc,phases   ] GC(94) Y: Pause Relocate Start 0.034ms
[2026-06-17T10:03:14.959+0800][3.052s][info][gc,phases   ] GC(94) Y: Concurrent Relocate 0.089ms
[2026-06-17T10:03:14.959+0800][3.052s][info][gc,alloc    ] GC(94) Y:                         Mark Start        Mark End      Relocate Start    Relocate End   
[2026-06-17T10:03:14.959+0800][3.052s][info][gc,alloc    ] GC(94) Y: Allocation Stalls:          1                1                1                1         
[2026-06-17T10:03:14.959+0800][3.052s][info][gc,load     ] GC(94) Y: Load: 0.38 (2%) / 0.43 (2%) / 0.50 (2%)
[2026-06-17T10:03:14.959+0800][3.052s][info][gc,mmu      ] GC(94) Y: MMU: 2ms/96.6%, 5ms/98.5%, 10ms/98.9%, 20ms/99.4%, 50ms/99.6%, 100ms/99.7%
[2026-06-17T10:03:14.959+0800][3.052s][info][gc,marking  ] GC(94) Y: Mark: 1 stripe(s), 1 proactive flush(es), 1 terminate flush(es), 0 completion(s), 0 continuation(s) 
[2026-06-17T10:03:14.959+0800][3.052s][info][gc,marking  ] GC(94) Y: Mark Stack Usage: 0M
[2026-06-17T10:03:14.959+0800][3.053s][info][gc,nmethod  ] GC(94) Y: NMethods: 72 registered, 5 unregistered
[2026-06-17T10:03:14.959+0800][3.053s][info][gc,metaspace] GC(94) Y: Metaspace: 0M used, 0M committed, 1088M reserved
[2026-06-17T10:03:14.959+0800][3.053s][info][gc,heap     ] GC(94) Y: Min Capacity: 64M(100%)
[2026-06-17T10:03:14.959+0800][3.053s][info][gc,heap     ] GC(94) Y: Max Capacity: 64M(100%)
[2026-06-17T10:03:14.960+0800][3.053s][info][gc,heap     ] GC(94) Y: Soft Max Capacity: 64M(100%)
[2026-06-17T10:03:14.960+0800][3.053s][info][gc,heap     ] GC(94) Y: Heap Statistics:
[2026-06-17T10:03:14.960+0800][3.053s][info][gc,heap     ] GC(94) Y:                Mark Start          Mark End        Relocate Start      Relocate End           High               Low         
[2026-06-17T10:03:14.960+0800][3.053s][info][gc,heap     ] GC(94) Y:  Capacity:       64M (100%)         64M (100%)         64M (100%)         64M (100%)         64M (100%)         64M (100%)   
[2026-06-17T10:03:14.960+0800][3.053s][info][gc,heap     ] GC(94) Y:      Free:        0M (0%)            0M (0%)            0M (0%)            0M (0%)            0M (0%)            0M (0%)     
[2026-06-17T10:03:14.960+0800][3.053s][info][gc,heap     ] GC(94) Y:      Used:       64M (100%)         64M (100%)         64M (100%)         64M (100%)         64M (100%)         64M (100%)   
[2026-06-17T10:03:14.960+0800][3.053s][info][gc,heap     ] GC(94) Y: Young Generation Statistics:
[2026-06-17T10:03:14.960+0800][3.054s][info][gc,heap     ] GC(94) Y:                Mark Start          Mark End        Relocate Start      Relocate End    
[2026-06-17T10:03:14.960+0800][3.054s][info][gc,heap     ] GC(94) Y:      Used:        0M (0%)            0M (0%)            0M (0%)            0M (0%)     
[2026-06-17T10:03:14.961+0800][3.054s][info][gc,heap     ] GC(94) Y:      Live:         -                 0M (0%)            0M (0%)            0M (0%)     
[2026-06-17T10:03:14.961+0800][3.054s][info][gc,heap     ] GC(94) Y:   Garbage:         -                 0M (0%)            0M (0%)            0M (0%)     
[2026-06-17T10:03:14.961+0800][3.054s][info][gc,heap     ] GC(94) Y: Allocated:         -                 0M (0%)            0M (0%)            0M (0%)     
[2026-06-17T10:03:14.961+0800][3.054s][info][gc,heap     ] GC(94) Y: Reclaimed:         -                  -                 0M (0%)            0M (0%)     
[2026-06-17T10:03:14.961+0800][3.054s][info][gc,heap     ] GC(94) Y:  Promoted:         -                  -                 0M (0%)            0M (0%)     
[2026-06-17T10:03:14.962+0800][3.055s][info][gc,heap     ] GC(94) Y: Compacted:         -                  -                  -                 0M (0%)     
[2026-06-17T10:03:14.964+0800][3.057s][info][gc,phases   ] GC(94) Y: Young Generation (Promote All) 64M(100%)->64M(100%) 0.002s
[2026-06-17T10:03:14.964+0800][3.058s][info][gc,phases   ] GC(94) Y: Young Generation (Collect Roots)
[2026-06-17T10:03:14.965+0800][3.058s][info][gc,phases   ] GC(94) Y: Pause Mark Start (Major) 0.014ms
[2026-06-17T10:03:14.965+0800][3.058s][info][gc,phases   ] GC(94) Y: Concurrent Mark 0.441ms
[2026-06-17T10:03:14.965+0800][3.059s][info][gc,phases   ] GC(94) Y: Pause Mark End 0.005ms
[2026-06-17T10:03:14.965+0800][3.059s][info][gc,phases   ] GC(94) Y: Concurrent Mark Free 0.001ms
[2026-06-17T10:03:14.966+0800][3.059s][info][gc,phases   ] GC(94) Y: Concurrent Reset Relocation Set 0.000ms
[2026-06-17T10:03:14.966+0800][3.059s][info][gc,reloc    ] GC(94) Y: Using tenuring threshold: 0 (Computed)
[2026-06-17T10:03:14.966+0800][3.060s][info][gc,phases   ] GC(94) Y: Concurrent Select Relocation Set 0.771ms
[2026-06-17T10:03:14.967+0800][3.060s][info][gc,phases   ] GC(94) Y: Pause Relocate Start 0.004ms
[2026-06-17T10:03:14.967+0800][3.060s][info][gc,phases   ] GC(94) Y: Concurrent Relocate 0.092ms
[2026-06-17T10:03:14.967+0800][3.060s][info][gc,alloc    ] GC(94) Y:                         Mark Start        Mark End      Relocate Start    Relocate End   
[2026-06-17T10:03:14.967+0800][3.060s][info][gc,alloc    ] GC(94) Y: Allocation Stalls:          1                1                1                1         
[2026-06-17T10:03:14.967+0800][3.060s][info][gc,load     ] GC(94) Y: Load: 0.38 (2%) / 0.43 (2%) / 0.50 (2%)
[2026-06-17T10:03:14.967+0800][3.061s][info][gc,mmu      ] GC(94) Y: MMU: 2ms/96.6%, 5ms/98.5%, 10ms/98.9%, 20ms/99.4%, 50ms/99.6%, 100ms/99.7%
[2026-06-17T10:03:14.967+0800][3.061s][info][gc,marking  ] GC(94) Y: Mark: 1 stripe(s), 1 proactive flush(es), 1 terminate flush(es), 0 completion(s), 0 continuation(s) 
[2026-06-17T10:03:14.968+0800][3.061s][info][gc,marking  ] GC(94) Y: Mark Stack Usage: 0M
[2026-06-17T10:03:14.968+0800][3.061s][info][gc,nmethod  ] GC(94) Y: NMethods: 72 registered, 5 unregistered
[2026-06-17T10:03:14.968+0800][3.061s][info][gc,metaspace] GC(94) Y: Metaspace: 0M used, 0M committed, 1088M reserved
[2026-06-17T10:03:14.968+0800][3.061s][info][gc,heap     ] GC(94) Y: Min Capacity: 64M(100%)
[2026-06-17T10:03:14.968+0800][3.061s][info][gc,heap     ] GC(94) Y: Max Capacity: 64M(100%)
[2026-06-17T10:03:14.968+0800][3.061s][info][gc,heap     ] GC(94) Y: Soft Max Capacity: 64M(100%)
[2026-06-17T10:03:14.968+0800][3.061s][info][gc,heap     ] GC(94) Y: Heap Statistics:
[2026-06-17T10:03:14.968+0800][3.061s][info][gc,heap     ] GC(94) Y:                Mark Start          Mark End        Relocate Start      Relocate End           High               Low         
[2026-06-17T10:03:14.968+0800][3.062s][info][gc,heap     ] GC(94) Y:  Capacity:       64M (100%)         64M (100%)         64M (100%)         64M (100%)         64M (100%)         64M (100%)   
[2026-06-17T10:03:14.968+0800][3.062s][info][gc,heap     ] GC(94) Y:      Free:        0M (0%)            0M (0%)            0M (0%)            0M (0%)            0M (0%)            0M (0%)     
[2026-06-17T10:03:14.968+0800][3.062s][info][gc,heap     ] GC(94) Y:      Used:       64M (100%)         64M (100%)         64M (100%)         64M (100%)         64M (100%)         64M (100%)   
[2026-06-17T10:03:14.968+0800][3.062s][info][gc,heap     ] GC(94) Y: Young Generation Statistics:
[2026-06-17T10:03:14.969+0800][3.062s][info][gc,heap     ] GC(94) Y:                Mark Start          Mark End        Relocate Start      Relocate End    
[2026-06-17T10:03:14.969+0800][3.062s][info][gc,heap     ] GC(94) Y:      Used:        0M (0%)            0M (0%)            0M (0%)            0M (0%)     
[2026-06-17T10:03:14.969+0800][3.062s][info][gc,heap     ] GC(94) Y:      Live:         -                 0M (0%)            0M (0%)            0M (0%)     
[2026-06-17T10:03:14.969+0800][3.062s][info][gc,heap     ] GC(94) Y:   Garbage:         -                 0M (0%)            0M (0%)            0M (0%)     
[2026-06-17T10:03:14.969+0800][3.062s][info][gc,heap     ] GC(94) Y: Allocated:         -                 0M (0%)            0M (0%)            0M (0%)     
[2026-06-17T10:03:14.969+0800][3.062s][info][gc,heap     ] GC(94) Y: Reclaimed:         -                  -                 0M (0%)            0M (0%)     
[2026-06-17T10:03:14.969+0800][3.062s][info][gc,heap     ] GC(94) Y:  Promoted:         -                  -                 0M (0%)            0M (0%)     
[2026-06-17T10:03:14.969+0800][3.062s][info][gc,heap     ] GC(94) Y: Compacted:         -                  -                  -                 0M (0%)     
[2026-06-17T10:03:14.969+0800][3.062s][info][gc,phases   ] GC(94) Y: Young Generation (Collect Roots) 64M(100%)->64M(100%) 0.002s
[2026-06-17T10:03:14.969+0800][3.062s][info][gc,phases   ] GC(94) O: Old Generation
[2026-06-17T10:03:14.970+0800][3.063s][info][gc,phases   ] GC(94) O: Concurrent Mark 0.912ms
[2026-06-17T10:03:14.970+0800][3.064s][info][gc,phases   ] GC(94) O: Pause Mark End 0.007ms
[2026-06-17T10:03:14.970+0800][3.064s][info][gc,phases   ] GC(94) O: Concurrent Mark Free 0.000ms
[2026-06-17T10:03:14.971+0800][3.064s][info][gc,ref      ] GC(94) O: Clearing All SoftReferences
[2026-06-17T10:03:14.971+0800][3.064s][info][gc,phases   ] GC(94) O: Concurrent Process Non-Strong 0.392ms
[2026-06-17T10:03:14.971+0800][3.064s][info][gc,phases   ] GC(94) O: Concurrent Reset Relocation Set 0.000ms
[2026-06-17T10:03:14.972+0800][3.065s][info][gc          ] Allocation Stall (main) 21.463ms
[2026-06-17T10:03:14.972+0800][3.065s][info][gc,phases   ] GC(94) O: Concurrent Select Relocation Set 0.583ms
[2026-06-17T10:03:14.972+0800][3.065s][info][gc,task     ] GC(94) O: Using 1 Workers for Old Generation
[2026-06-17T10:03:14.985+0800][3.078s][info][gc,task     ] GC(94) O: Using 1 Workers for Old Generation
[2026-06-17T10:03:14.985+0800][3.078s][info][gc,phases   ] GC(94) O: Concurrent Remap Roots 13.055ms
[2026-06-17T10:03:14.985+0800][3.078s][info][gc,phases   ] GC(94) O: Pause Relocate Start 0.009ms
[2026-06-17T10:03:14.985+0800][3.079s][info][gc,phases   ] GC(94) O: Concurrent Relocate 0.127ms
[2026-06-17T10:03:14.986+0800][3.079s][info][gc,alloc    ] GC(94) O:                         Mark Start        Mark End      Relocate Start    Relocate End   
[2026-06-17T10:03:14.986+0800][3.079s][info][gc,alloc    ] GC(94) O: Allocation Stalls:          1                1                0                0         
[2026-06-17T10:03:14.986+0800][3.079s][info][gc,load     ] GC(94) O: Load: 0.38 (2%) / 0.43 (2%) / 0.50 (2%)
[2026-06-17T10:03:14.986+0800][3.079s][info][gc,mmu      ] GC(94) O: MMU: 2ms/96.6%, 5ms/98.5%, 10ms/98.9%, 20ms/99.4%, 50ms/99.6%, 100ms/99.7%
[2026-06-17T10:03:14.986+0800][3.080s][info][gc,marking  ] GC(94) O: Mark: 1 stripe(s), 1 proactive flush(es), 1 terminate flush(es), 0 completion(s), 0 continuation(s) 
[2026-06-17T10:03:14.986+0800][3.080s][info][gc,marking  ] GC(94) O: Mark Stack Usage: 32M
[2026-06-17T10:03:14.986+0800][3.080s][info][gc,nmethod  ] GC(94) O: NMethods: 72 registered, 5 unregistered
[2026-06-17T10:03:14.987+0800][3.080s][info][gc,metaspace] GC(94) O: Metaspace: 0M used, 0M committed, 1088M reserved
[2026-06-17T10:03:14.987+0800][3.080s][info][gc,ref      ] GC(94) O:                       Encountered   Discovered     Enqueued 
[2026-06-17T10:03:14.987+0800][3.080s][info][gc,ref      ] GC(94) O: Soft References:                0            0            0 
[2026-06-17T10:03:14.987+0800][3.080s][info][gc,ref      ] GC(94) O: Weak References:                6            0            0 
[2026-06-17T10:03:14.987+0800][3.080s][info][gc,ref      ] GC(94) O: Final References:               0            0            0 
[2026-06-17T10:03:14.987+0800][3.080s][info][gc,ref      ] GC(94) O: Phantom References:             1            1            0 
[2026-06-17T10:03:14.987+0800][3.080s][info][gc,reloc    ] GC(94) O:                        Candidates     Selected     In-Place         Size        Empty    Relocated 
[2026-06-17T10:03:14.987+0800][3.080s][info][gc,reloc    ] GC(94) O: Small Pages:                    3            0            0           6M           0M           0M 
[2026-06-17T10:03:14.987+0800][3.080s][info][gc,reloc    ] GC(94) O: Large Pages:                   29            0            0          58M           8M           0M 
[2026-06-17T10:03:14.987+0800][3.081s][info][gc,reloc    ] GC(94) O: Forwarding Usage: 0M
[2026-06-17T10:03:14.987+0800][3.081s][info][gc,heap     ] GC(94) O: Min Capacity: 64M(100%)
[2026-06-17T10:03:14.987+0800][3.081s][info][gc,heap     ] GC(94) O: Max Capacity: 64M(100%)
[2026-06-17T10:03:14.987+0800][3.081s][info][gc,heap     ] GC(94) O: Soft Max Capacity: 64M(100%)
[2026-06-17T10:03:14.987+0800][3.081s][info][gc,heap     ] GC(94) O: Heap Statistics:
[2026-06-17T10:03:14.988+0800][3.081s][info][gc,heap     ] GC(94) O:                Mark Start          Mark End        Relocate Start      Relocate End           High               Low         
[2026-06-17T10:03:14.988+0800][3.081s][info][gc,heap     ] GC(94) O:  Capacity:       64M (100%)         64M (100%)         64M (100%)         64M (100%)         64M (100%)         64M (100%)   
[2026-06-17T10:03:14.988+0800][3.081s][info][gc,heap     ] GC(94) O:      Free:        0M (0%)            0M (0%)            6M (9%)            6M (9%)            8M (12%)           0M (0%)     
[2026-06-17T10:03:14.988+0800][3.081s][info][gc,heap     ] GC(94) O:      Used:       64M (100%)         64M (100%)         58M (91%)          58M (91%)          64M (100%)         56M (88%)    
[2026-06-17T10:03:14.988+0800][3.081s][info][gc,heap     ] GC(94) O: Old Generation Statistics:
[2026-06-17T10:03:14.988+0800][3.081s][info][gc,heap     ] GC(94) O:                Mark Start          Mark End        Relocate Start      Relocate End    
[2026-06-17T10:03:14.988+0800][3.081s][info][gc,heap     ] GC(94) O:      Used:       64M (100%)         64M (100%)         56M (88%)          56M (88%)    
[2026-06-17T10:03:14.988+0800][3.081s][info][gc,heap     ] GC(94) O:      Live:         -                53M (84%)          53M (84%)          53M (84%)    
[2026-06-17T10:03:14.988+0800][3.081s][info][gc,heap     ] GC(94) O:   Garbage:         -                10M (16%)           2M (4%)            2M (4%)     
[2026-06-17T10:03:14.988+0800][3.081s][info][gc,heap     ] GC(94) O: Allocated:         -                 0M (0%)            0M (0%)            0M (0%)     
[2026-06-17T10:03:14.988+0800][3.082s][info][gc,heap     ] GC(94) O: Reclaimed:         -                  -                 8M (12%)           8M (12%)    
[2026-06-17T10:03:14.988+0800][3.082s][info][gc,heap     ] GC(94) O: Compacted:         -                  -                  -                 0M (0%)     
[2026-06-17T10:03:14.988+0800][3.082s][info][gc,phases   ] GC(94) O: Old Generation 64M(100%)->58M(91%) 0.016s
[2026-06-17T10:03:14.988+0800][3.082s][info][gc          ] GC(94) Major Collection (Allocation Stall) 64M(100%)->58M(91%) 0.033s
[2026-06-17T10:03:15.183+0800][3.277s][info][gc          ] GC(95) Major Collection (Allocation Rate)
[2026-06-17T10:03:15.252+0800][3.345s][info][gc,task     ] GC(95) Using 1 Workers for Young Generation
[2026-06-17T10:03:15.254+0800][3.348s][info][gc,task     ] GC(95) Using 1 Workers for Old Generation
[2026-06-17T10:03:15.256+0800][3.349s][info][gc,phases   ] GC(95) Y: Young Generation
[2026-06-17T10:03:15.262+0800][3.355s][info][gc,phases   ] GC(95) Y: Pause Mark Start (Major) 0.040ms
[2026-06-17T10:03:15.263+0800][3.356s][info][gc,phases   ] GC(95) Y: Concurrent Mark 0.853ms
[2026-06-17T10:03:15.264+0800][3.357s][info][gc,phases   ] GC(95) Y: Pause Mark End 0.010ms
[2026-06-17T10:03:15.264+0800][3.357s][info][gc,phases   ] GC(95) Y: Concurrent Mark Free 0.001ms
[2026-06-17T10:03:15.264+0800][3.358s][info][gc,phases   ] GC(95) Y: Concurrent Reset Relocation Set 0.001ms
[2026-06-17T10:03:15.265+0800][3.359s][info][gc,reloc    ] GC(95) Y: Using tenuring threshold: 1 (Computed)
[2026-06-17T10:03:15.265+0800][3.359s][info][gc          ] Allocation Stall (main) 60.144ms
[2026-06-17T10:03:15.266+0800][3.359s][info][gc,phases   ] GC(95) Y: Concurrent Select Relocation Set 0.913ms
[2026-06-17T10:03:15.266+0800][3.360s][info][gc,phases   ] GC(95) Y: Pause Relocate Start 0.010ms
[2026-06-17T10:03:15.267+0800][3.360s][info][gc,phases   ] GC(95) Y: Concurrent Relocate 0.160ms
[2026-06-17T10:03:15.267+0800][3.360s][info][gc,alloc    ] GC(95) Y:                         Mark Start        Mark End      Relocate Start    Relocate End   
[2026-06-17T10:03:15.267+0800][3.361s][info][gc,alloc    ] GC(95) Y: Allocation Stalls:          1                1                0                1         
[2026-06-17T10:03:15.267+0800][3.361s][info][gc,load     ] GC(95) Y: Load: 0.38 (2%) / 0.43 (2%) / 0.50 (2%)
[2026-06-17T10:03:15.268+0800][3.361s][info][gc,mmu      ] GC(95) Y: MMU: 2ms/96.6%, 5ms/98.5%, 10ms/98.9%, 20ms/99.4%, 50ms/99.6%, 100ms/99.7%
[2026-06-17T10:03:15.268+0800][3.361s][info][gc,marking  ] GC(95) Y: Mark: 1 stripe(s), 1 proactive flush(es), 1 terminate flush(es), 0 completion(s), 0 continuation(s) 
[2026-06-17T10:03:15.268+0800][3.361s][info][gc,marking  ] GC(95) Y: Mark Stack Usage: 32M
[2026-06-17T10:03:15.268+0800][3.361s][info][gc,nmethod  ] GC(95) Y: NMethods: 72 registered, 5 unregistered
[2026-06-17T10:03:15.268+0800][3.361s][info][gc,metaspace] GC(95) Y: Metaspace: 0M used, 0M committed, 1088M reserved
[2026-06-17T10:03:15.268+0800][3.362s][info][gc,reloc    ] GC(95) Y:                        Candidates     Selected     In-Place         Size        Empty    Relocated 
[2026-06-17T10:03:15.268+0800][3.362s][info][gc,reloc    ] GC(95) Y: Small Pages:                    4            0            0           8M           6M           0M 
[2026-06-17T10:03:15.268+0800][3.362s][info][gc,reloc    ] GC(95) Y: Large Pages:                    0            0            0           0M           0M           0M 
[2026-06-17T10:03:15.269+0800][3.362s][info][gc,reloc    ] GC(95) Y: Forwarding Usage: 0M
[2026-06-17T10:03:15.269+0800][3.362s][info][gc,reloc    ] GC(95) Y: Age Table:
[2026-06-17T10:03:15.269+0800][3.362s][info][gc,reloc    ] GC(95) Y:                    Live             Garbage             Small              Medium             Large        
[2026-06-17T10:03:15.269+0800][3.362s][info][gc,reloc    ] GC(95) Y: Eden               1M (2%)            6M (11%)          4 / 0              0 / 0              0 / 0        
[2026-06-17T10:03:15.269+0800][3.362s][info][gc,heap     ] GC(95) Y: Min Capacity: 64M(100%)
[2026-06-17T10:03:15.269+0800][3.362s][info][gc,heap     ] GC(95) Y: Max Capacity: 64M(100%)
[2026-06-17T10:03:15.269+0800][3.362s][info][gc,heap     ] GC(95) Y: Soft Max Capacity: 64M(100%)
[2026-06-17T10:03:15.269+0800][3.363s][info][gc,heap     ] GC(95) Y: Heap Statistics:
[2026-06-17T10:03:15.269+0800][3.363s][info][gc,heap     ] GC(95) Y:                Mark Start          Mark End        Relocate Start      Relocate End           High               Low         
[2026-06-17T10:03:15.269+0800][3.363s][info][gc,heap     ] GC(95) Y:  Capacity:       64M (100%)         64M (100%)         64M (100%)         64M (100%)         64M (100%)         64M (100%)   
[2026-06-17T10:03:15.270+0800][3.363s][info][gc,heap     ] GC(95) Y:      Free:        0M (0%)            0M (0%)            0M (0%)            0M (0%)            6M (9%)            0M (0%)     
[2026-06-17T10:03:15.270+0800][3.363s][info][gc,heap     ] GC(95) Y:      Used:       64M (100%)         64M (100%)         64M (100%)         64M (100%)         64M (100%)         58M (91%)    
[2026-06-17T10:03:15.270+0800][3.363s][info][gc,heap     ] GC(95) Y: Young Generation Statistics:
[2026-06-17T10:03:15.270+0800][3.363s][info][gc,heap     ] GC(95) Y:                Mark Start          Mark End        Relocate Start      Relocate End    
[2026-06-17T10:03:15.270+0800][3.363s][info][gc,heap     ] GC(95) Y:      Used:        8M (12%)           8M (12%)           8M (12%)           8M (12%)    
[2026-06-17T10:03:15.270+0800][3.363s][info][gc,heap     ] GC(95) Y:      Live:         -                 1M (2%)            1M (2%)            1M (2%)     
[2026-06-17T10:03:15.270+0800][3.363s][info][gc,heap     ] GC(95) Y:   Garbage:         -                 6M (11%)           0M (1%)            0M (1%)     
[2026-06-17T10:03:15.270+0800][3.364s][info][gc,heap     ] GC(95) Y: Allocated:         -                 0M (0%)            6M (9%)            6M (9%)     
[2026-06-17T10:03:15.270+0800][3.364s][info][gc,heap     ] GC(95) Y: Reclaimed:         -                  -                 6M (9%)            6M (9%)     
[2026-06-17T10:03:15.271+0800][3.364s][info][gc,heap     ] GC(95) Y:  Promoted:         -                  -                 0M (0%)            0M (0%)     
[2026-06-17T10:03:15.271+0800][3.364s][info][gc,heap     ] GC(95) Y: Compacted:         -                  -                  -                 0M (0%)     
[2026-06-17T10:03:15.271+0800][3.364s][info][gc,phases   ] GC(95) Y: Young Generation 64M(100%)->64M(100%) 0.011s
[2026-06-17T10:03:15.271+0800][3.364s][info][gc,phases   ] GC(95) O: Old Generation
[2026-06-17T10:03:15.271+0800][3.364s][info][gc          ] GC(96) Minor Collection (Allocation Stall)
[2026-06-17T10:03:15.271+0800][3.364s][info][gc,task     ] GC(96) Using 1 Workers for Young Generation
[2026-06-17T10:03:15.271+0800][3.365s][info][gc,phases   ] GC(96) y: Young Generation
[2026-06-17T10:03:15.271+0800][3.365s][info][gc,phases   ] GC(96) y: Pause Mark Start 0.009ms
[2026-06-17T10:03:15.272+0800][3.365s][info][gc,phases   ] GC(95) O: Concurrent Mark 1.116ms
[2026-06-17T10:03:15.272+0800][3.365s][info][gc,phases   ] GC(96) y: Concurrent Mark 0.541ms
[2026-06-17T10:03:15.272+0800][3.366s][info][gc,phases   ] GC(95) O: Pause Mark End 0.007ms
[2026-06-17T10:03:15.272+0800][3.366s][info][gc,phases   ] GC(95) O: Concurrent Mark Free 0.000ms
[2026-06-17T10:03:15.273+0800][3.366s][info][gc,phases   ] GC(96) y: Pause Mark End 0.005ms
[2026-06-17T10:03:15.273+0800][3.366s][info][gc,phases   ] GC(96) y: Concurrent Mark Free 0.000ms
[2026-06-17T10:03:15.273+0800][3.366s][info][gc,phases   ] GC(96) y: Concurrent Reset Relocation Set 0.001ms
[2026-06-17T10:03:15.273+0800][3.366s][info][gc,phases   ] GC(95) O: Concurrent Process Non-Strong 0.364ms
[2026-06-17T10:03:15.273+0800][3.366s][info][gc,phases   ] GC(95) O: Concurrent Reset Relocation Set 0.000ms
[2026-06-17T10:03:15.273+0800][3.367s][info][gc,reloc    ] GC(96) y: Using tenuring threshold: 1 (Computed)
[2026-06-17T10:03:15.274+0800][3.367s][info][gc          ] Allocation Stall (main) 6.840ms
[2026-06-17T10:03:15.274+0800][3.367s][info][gc,phases   ] GC(95) O: Concurrent Select Relocation Set 0.645ms
[2026-06-17T10:03:15.274+0800][3.367s][info][gc,phases   ] GC(96) y: Concurrent Select Relocation Set 0.790ms
[2026-06-17T10:03:15.274+0800][3.368s][info][gc,phases   ] GC(96) y: Pause Relocate Start 0.005ms
[2026-06-17T10:03:15.275+0800][3.368s][info][gc,phases   ] GC(96) y: Concurrent Relocate 0.104ms
[2026-06-17T10:03:15.275+0800][3.368s][info][gc,alloc    ] GC(96) y:                         Mark Start        Mark End      Relocate Start    Relocate End   
[2026-06-17T10:03:15.275+0800][3.368s][info][gc,alloc    ] GC(96) y: Allocation Stalls:          1                1                0                0         
[2026-06-17T10:03:15.275+0800][3.369s][info][gc,load     ] GC(96) y: Load: 0.38 (2%) / 0.43 (2%) / 0.50 (2%)
[2026-06-17T10:03:15.275+0800][3.369s][info][gc,mmu      ] GC(96) y: MMU: 2ms/96.6%, 5ms/98.5%, 10ms/98.9%, 20ms/99.4%, 50ms/99.6%, 100ms/99.7%
[2026-06-17T10:03:15.276+0800][3.369s][info][gc,marking  ] GC(96) y: Mark: 1 stripe(s), 1 proactive flush(es), 1 terminate flush(es), 0 completion(s), 0 continuation(s) 
[2026-06-17T10:03:15.276+0800][3.369s][info][gc,marking  ] GC(96) y: Mark Stack Usage: 32M
[2026-06-17T10:03:15.276+0800][3.369s][info][gc,nmethod  ] GC(96) y: NMethods: 72 registered, 5 unregistered
[2026-06-17T10:03:15.276+0800][3.369s][info][gc,metaspace] GC(96) y: Metaspace: 0M used, 0M committed, 1088M reserved
[2026-06-17T10:03:15.276+0800][3.369s][info][gc,reloc    ] GC(96) y:                        Candidates     Selected     In-Place         Size        Empty    Relocated 
[2026-06-17T10:03:15.276+0800][3.370s][info][gc,reloc    ] GC(96) y: Small Pages:                    3            0            0           6M           4M           0M 
[2026-06-17T10:03:15.276+0800][3.370s][info][gc,reloc    ] GC(96) y: Large Pages:                    1            0            0           2M           0M           0M 
[2026-06-17T10:03:15.276+0800][3.370s][info][gc,reloc    ] GC(96) y: Forwarding Usage: 0M
[2026-06-17T10:03:15.277+0800][3.370s][info][gc,reloc    ] GC(96) y: Age Table:
[2026-06-17T10:03:15.277+0800][3.370s][info][gc,reloc    ] GC(96) y:                    Live             Garbage             Small              Medium             Large        
[2026-06-17T10:03:15.277+0800][3.370s][info][gc,reloc    ] GC(96) y: Eden               2M (4%)            3M (5%)           2 / 0              0 / 0              1 / 0        
[2026-06-17T10:03:15.277+0800][3.370s][info][gc,reloc    ] GC(96) y: Survivor 1          -                 2M (3%)           1 / 0              0 / 0              0 / 0        
[2026-06-17T10:03:15.277+0800][3.370s][info][gc,heap     ] GC(96) y: Min Capacity: 64M(100%)
[2026-06-17T10:03:15.277+0800][3.370s][info][gc,heap     ] GC(96) y: Max Capacity: 64M(100%)
[2026-06-17T10:03:15.277+0800][3.371s][info][gc,heap     ] GC(96) y: Soft Max Capacity: 64M(100%)
[2026-06-17T10:03:15.277+0800][3.371s][info][gc,heap     ] GC(96) y: Heap Statistics:
[2026-06-17T10:03:15.277+0800][3.371s][info][gc,heap     ] GC(96) y:                Mark Start          Mark End        Relocate Start      Relocate End           High               Low         
[2026-06-17T10:03:15.277+0800][3.371s][info][gc,heap     ] GC(96) y:  Capacity:       64M (100%)         64M (100%)         64M (100%)         64M (100%)         64M (100%)         64M (100%)   
[2026-06-17T10:03:15.278+0800][3.371s][info][gc,heap     ] GC(96) y:      Free:        0M (0%)            0M (0%)           36M (56%)          36M (56%)          42M (66%)           0M (0%)     
[2026-06-17T10:03:15.278+0800][3.371s][info][gc,heap     ] GC(96) y:      Used:       64M (100%)         64M (100%)         28M (44%)          28M (44%)          64M (100%)         22M (34%)    
[2026-06-17T10:03:15.278+0800][3.371s][info][gc,heap     ] GC(96) y: Young Generation Statistics:
[2026-06-17T10:03:15.278+0800][3.371s][info][gc,heap     ] GC(96) y:                Mark Start          Mark End        Relocate Start      Relocate End    
[2026-06-17T10:03:15.278+0800][3.371s][info][gc,heap     ] GC(96) y:      Used:        8M (12%)           8M (12%)          12M (19%)          12M (19%)    
[2026-06-17T10:03:15.278+0800][3.371s][info][gc,heap     ] GC(96) y:      Live:         -                 2M (4%)            2M (4%)            2M (4%)     
[2026-06-17T10:03:15.278+0800][3.372s][info][gc,heap     ] GC(96) y:   Garbage:         -                 5M (8%)            1M (2%)            1M (2%)     
[2026-06-17T10:03:15.279+0800][3.372s][info][gc,heap     ] GC(96) y: Allocated:         -                 0M (0%)            8M (12%)           8M (12%)    
[2026-06-17T10:03:15.279+0800][3.372s][info][gc,heap     ] GC(96) y: Reclaimed:         -                  -                 4M (6%)            4M (6%)     
[2026-06-17T10:03:15.279+0800][3.372s][info][gc,heap     ] GC(96) y:  Promoted:         -                  -                 0M (0%)            0M (0%)     
[2026-06-17T10:03:15.279+0800][3.372s][info][gc,heap     ] GC(96) y: Compacted:         -                  -                  -                 0M (0%)     
[2026-06-17T10:03:15.279+0800][3.373s][info][gc,phases   ] GC(96) y: Young Generation 64M(100%)->28M(44%) 0.004s
[2026-06-17T10:03:15.279+0800][3.373s][info][gc          ] GC(96) Minor Collection (Allocation Stall) 64M(100%)->28M(44%) 0.008s
[2026-06-17T10:03:15.280+0800][3.373s][info][gc,task     ] GC(95) O: Using 1 Workers for Old Generation
[2026-06-17T10:03:15.292+0800][3.385s][info][gc,task     ] GC(95) O: Using 1 Workers for Old Generation
[2026-06-17T10:03:15.292+0800][3.386s][info][gc,phases   ] GC(95) O: Concurrent Remap Roots 12.834ms
[2026-06-17T10:03:15.293+0800][3.386s][info][gc,phases   ] GC(95) O: Pause Relocate Start 0.013ms
[2026-06-17T10:03:15.294+0800][3.387s][info][gc,phases   ] GC(95) O: Concurrent Relocate 0.646ms
[2026-06-17T10:03:15.294+0800][3.387s][info][gc,alloc    ] GC(95) O:                         Mark Start        Mark End      Relocate Start    Relocate End   
[2026-06-17T10:03:15.294+0800][3.387s][info][gc,alloc    ] GC(95) O: Allocation Stalls:          1                1                0                0         
[2026-06-17T10:03:15.294+0800][3.387s][info][gc,load     ] GC(95) O: Load: 0.38 (2%) / 0.43 (2%) / 0.50 (2%)
[2026-06-17T10:03:15.294+0800][3.388s][info][gc,mmu      ] GC(95) O: MMU: 2ms/96.6%, 5ms/98.5%, 10ms/98.9%, 20ms/99.4%, 50ms/99.6%, 100ms/99.7%
[2026-06-17T10:03:15.295+0800][3.388s][info][gc,marking  ] GC(95) O: Mark: 1 stripe(s), 2 proactive flush(es), 1 terminate flush(es), 0 completion(s), 0 continuation(s) 
[2026-06-17T10:03:15.295+0800][3.388s][info][gc,marking  ] GC(95) O: Mark Stack Usage: 32M
[2026-06-17T10:03:15.295+0800][3.388s][info][gc,nmethod  ] GC(95) O: NMethods: 72 registered, 5 unregistered
[2026-06-17T10:03:15.295+0800][3.389s][info][gc,metaspace] GC(95) O: Metaspace: 0M used, 0M committed, 1088M reserved
[2026-06-17T10:03:15.296+0800][3.389s][info][gc,ref      ] GC(95) O:                       Encountered   Discovered     Enqueued 
[2026-06-17T10:03:15.296+0800][3.389s][info][gc,ref      ] GC(95) O: Soft References:                0            0            0 
[2026-06-17T10:03:15.296+0800][3.389s][info][gc,ref      ] GC(95) O: Weak References:                6            0            0 
[2026-06-17T10:03:15.296+0800][3.389s][info][gc,ref      ] GC(95) O: Final References:               0            0            0 
[2026-06-17T10:03:15.296+0800][3.390s][info][gc,ref      ] GC(95) O: Phantom References:             1            1            0 
[2026-06-17T10:03:15.296+0800][3.390s][info][gc,reloc    ] GC(95) O:                        Candidates     Selected     In-Place         Size        Empty    Relocated 
[2026-06-17T10:03:15.297+0800][3.390s][info][gc,reloc    ] GC(95) O: Small Pages:                    3            1            0           6M           0M           1M 
[2026-06-17T10:03:15.297+0800][3.390s][info][gc,reloc    ] GC(95) O: Large Pages:                   25            0            0          50M          40M           0M 
[2026-06-17T10:03:15.297+0800][3.390s][info][gc,reloc    ] GC(95) O: Forwarding Usage: 0M
[2026-06-17T10:03:15.297+0800][3.390s][info][gc,heap     ] GC(95) O: Min Capacity: 64M(100%)
[2026-06-17T10:03:15.297+0800][3.391s][info][gc,heap     ] GC(95) O: Max Capacity: 64M(100%)
[2026-06-17T10:03:15.297+0800][3.391s][info][gc,heap     ] GC(95) O: Soft Max Capacity: 64M(100%)
[2026-06-17T10:03:15.297+0800][3.391s][info][gc,heap     ] GC(95) O: Heap Statistics:
[2026-06-17T10:03:15.298+0800][3.391s][info][gc,heap     ] GC(95) O:                Mark Start          Mark End        Relocate Start      Relocate End           High               Low         
[2026-06-17T10:03:15.298+0800][3.391s][info][gc,heap     ] GC(95) O:  Capacity:       64M (100%)         64M (100%)         64M (100%)         64M (100%)         64M (100%)         64M (100%)   
[2026-06-17T10:03:15.298+0800][3.391s][info][gc,heap     ] GC(95) O:      Free:        0M (0%)            0M (0%)           34M (53%)          36M (56%)          42M (66%)           0M (0%)     
[2026-06-17T10:03:15.298+0800][3.391s][info][gc,heap     ] GC(95) O:      Used:       64M (100%)         64M (100%)         30M (47%)          28M (44%)          64M (100%)         22M (34%)    
[2026-06-17T10:03:15.298+0800][3.391s][info][gc,heap     ] GC(95) O: Old Generation Statistics:
[2026-06-17T10:03:15.298+0800][3.391s][info][gc,heap     ] GC(95) O:                Mark Start          Mark End        Relocate Start      Relocate End    
[2026-06-17T10:03:15.298+0800][3.391s][info][gc,heap     ] GC(95) O:      Used:       56M (88%)          56M (88%)          16M (25%)          14M (22%)    
[2026-06-17T10:03:15.298+0800][3.392s][info][gc,heap     ] GC(95) O:      Live:         -                12M (20%)          12M (20%)          12M (20%)    
[2026-06-17T10:03:15.298+0800][3.392s][info][gc,heap     ] GC(95) O:   Garbage:         -                43M (67%)           3M (5%)            0M (1%)     
[2026-06-17T10:03:15.298+0800][3.392s][info][gc,heap     ] GC(95) O: Allocated:         -                 0M (0%)            0M (0%)            0M (1%)     
[2026-06-17T10:03:15.299+0800][3.392s][info][gc,heap     ] GC(95) O: Reclaimed:         -                  -                40M (62%)          42M (66%)    
[2026-06-17T10:03:15.299+0800][3.392s][info][gc,heap     ] GC(95) O: Compacted:         -                  -                  -                 1M (2%)     
[2026-06-17T10:03:15.299+0800][3.392s][info][gc,phases   ] GC(95) O: Old Generation 64M(100%)->28M(44%) 0.023s
[2026-06-17T10:03:15.299+0800][3.392s][info][gc          ] GC(95) Major Collection (Allocation Rate) 60M(94%)->32M(50%) 0.115s
[2026-06-17T10:03:15.340+0800][3.433s][info][gc          ] GC(97) Major Collection (Allocation Rate)
[2026-06-17T10:03:15.340+0800][3.434s][info][gc,task     ] GC(97) Using 1 Workers for Young Generation
[2026-06-17T10:03:15.341+0800][3.434s][info][gc,task     ] GC(97) Using 1 Workers for Old Generation
[2026-06-17T10:03:15.341+0800][3.434s][info][gc,phases   ] GC(97) Y: Young Generation
[2026-06-17T10:03:15.341+0800][3.434s][info][gc,phases   ] GC(97) Y: Pause Mark Start (Major) 0.014ms
[2026-06-17T10:03:15.342+0800][3.435s][info][gc,phases   ] GC(97) Y: Concurrent Mark 0.454ms
[2026-06-17T10:03:15.342+0800][3.435s][info][gc,phases   ] GC(97) Y: Pause Mark End 0.005ms
[2026-06-17T10:03:15.342+0800][3.435s][info][gc,phases   ] GC(97) Y: Concurrent Mark Free 0.000ms
[2026-06-17T10:03:15.342+0800][3.435s][info][gc,phases   ] GC(97) Y: Concurrent Reset Relocation Set 0.001ms
[2026-06-17T10:03:15.343+0800][3.436s][info][gc,reloc    ] GC(97) Y: Using tenuring threshold: 2 (Computed)
[2026-06-17T10:03:15.343+0800][3.437s][info][gc,phases   ] GC(97) Y: Concurrent Select Relocation Set 1.017ms
[2026-06-17T10:03:15.344+0800][3.437s][info][gc,phases   ] GC(97) Y: Pause Relocate Start 0.008ms
[2026-06-17T10:03:15.344+0800][3.437s][info][gc,phases   ] GC(97) Y: Concurrent Relocate 0.305ms
[2026-06-17T10:03:15.344+0800][3.438s][info][gc,alloc    ] GC(97) Y:                         Mark Start        Mark End      Relocate Start    Relocate End   
[2026-06-17T10:03:15.344+0800][3.438s][info][gc,alloc    ] GC(97) Y: Allocation Stalls:          0                0                0                0         
[2026-06-17T10:03:15.345+0800][3.438s][info][gc,load     ] GC(97) Y: Load: 0.38 (2%) / 0.43 (2%) / 0.50 (2%)
[2026-06-17T10:03:15.345+0800][3.438s][info][gc,mmu      ] GC(97) Y: MMU: 2ms/96.6%, 5ms/98.5%, 10ms/98.9%, 20ms/99.4%, 50ms/99.6%, 100ms/99.7%
[2026-06-17T10:03:15.345+0800][3.438s][info][gc,marking  ] GC(97) Y: Mark: 1 stripe(s), 1 proactive flush(es), 1 terminate flush(es), 0 completion(s), 0 continuation(s) 
[2026-06-17T10:03:15.345+0800][3.438s][info][gc,marking  ] GC(97) Y: Mark Stack Usage: 32M
[2026-06-17T10:03:15.345+0800][3.438s][info][gc,nmethod  ] GC(97) Y: NMethods: 72 registered, 5 unregistered
[2026-06-17T10:03:15.345+0800][3.438s][info][gc,metaspace] GC(97) Y: Metaspace: 0M used, 0M committed, 1088M reserved
[2026-06-17T10:03:15.345+0800][3.438s][info][gc,reloc    ] GC(97) Y:                        Candidates     Selected     In-Place         Size        Empty    Relocated 
[2026-06-17T10:03:15.345+0800][3.439s][info][gc,reloc    ] GC(97) Y: Small Pages:                   13            1            0          26M          20M           0M 
[2026-06-17T10:03:15.345+0800][3.439s][info][gc,reloc    ] GC(97) Y: Large Pages:                   11            0            0          22M           0M           0M 
[2026-06-17T10:03:15.345+0800][3.439s][info][gc,reloc    ] GC(97) Y: Forwarding Usage: 0M
[2026-06-17T10:03:15.346+0800][3.439s][info][gc,reloc    ] GC(97) Y: Age Table:
[2026-06-17T10:03:15.346+0800][3.439s][info][gc,reloc    ] GC(97) Y:                    Live             Garbage             Small              Medium             Large        
[2026-06-17T10:03:15.346+0800][3.439s][info][gc,reloc    ] GC(97) Y: Eden              21M (34%)          22M (35%)         12 / 1              0 / 0             10 / 0        
[2026-06-17T10:03:15.346+0800][3.439s][info][gc,reloc    ] GC(97) Y: Survivor 1         2M (4%)            1M (2%)           1 / 0              0 / 0              1 / 0        
[2026-06-17T10:03:15.346+0800][3.440s][info][gc,heap     ] GC(97) Y: Min Capacity: 64M(100%)
[2026-06-17T10:03:15.346+0800][3.440s][info][gc,heap     ] GC(97) Y: Max Capacity: 64M(100%)
[2026-06-17T10:03:15.346+0800][3.440s][info][gc,heap     ] GC(97) Y: Soft Max Capacity: 64M(100%)
[2026-06-17T10:03:15.347+0800][3.440s][info][gc,heap     ] GC(97) Y: Heap Statistics:
[2026-06-17T10:03:15.347+0800][3.440s][info][gc,heap     ] GC(97) Y:                Mark Start          Mark End        Relocate Start      Relocate End           High               Low         
[2026-06-17T10:03:15.347+0800][3.440s][info][gc,heap     ] GC(97) Y:  Capacity:       64M (100%)         64M (100%)         64M (100%)         64M (100%)         64M (100%)         64M (100%)   
[2026-06-17T10:03:15.347+0800][3.440s][info][gc,heap     ] GC(97) Y:      Free:        2M (3%)            2M (3%)           22M (34%)          22M (34%)          22M (34%)           2M (3%)     
[2026-06-17T10:03:15.347+0800][3.440s][info][gc,heap     ] GC(97) Y:      Used:       62M (97%)          62M (97%)          42M (66%)          42M (66%)          62M (97%)          42M (66%)    
[2026-06-17T10:03:15.347+0800][3.440s][info][gc,heap     ] GC(97) Y: Young Generation Statistics:
[2026-06-17T10:03:15.347+0800][3.440s][info][gc,heap     ] GC(97) Y:                Mark Start          Mark End        Relocate Start      Relocate End    
[2026-06-17T10:03:15.347+0800][3.440s][info][gc,heap     ] GC(97) Y:      Used:       48M (75%)          48M (75%)          28M (44%)          28M (44%)    
[2026-06-17T10:03:15.347+0800][3.441s][info][gc,heap     ] GC(97) Y:      Live:         -                24M (38%)          24M (38%)          24M (38%)    
[2026-06-17T10:03:15.347+0800][3.441s][info][gc,heap     ] GC(97) Y:   Garbage:         -                23M (37%)           3M (6%)            1M (2%)     
[2026-06-17T10:03:15.347+0800][3.441s][info][gc,heap     ] GC(97) Y: Allocated:         -                 0M (0%)            0M (0%)            2M (4%)     
[2026-06-17T10:03:15.348+0800][3.441s][info][gc,heap     ] GC(97) Y: Reclaimed:         -                  -                20M (31%)          22M (35%)    
[2026-06-17T10:03:15.348+0800][3.441s][info][gc,heap     ] GC(97) Y:  Promoted:         -                  -                 0M (0%)            0M (0%)     
[2026-06-17T10:03:15.348+0800][3.441s][info][gc,heap     ] GC(97) Y: Compacted:         -                  -                  -                 1M (2%)     
[2026-06-17T10:03:15.348+0800][3.441s][info][gc,phases   ] GC(97) Y: Young Generation 62M(97%)->42M(66%) 0.004s
[2026-06-17T10:03:15.348+0800][3.441s][info][gc,phases   ] GC(97) O: Old Generation
[2026-06-17T10:03:15.349+0800][3.442s][info][gc,phases   ] GC(97) O: Concurrent Mark 1.058ms
[2026-06-17T10:03:15.349+0800][3.443s][info][gc,phases   ] GC(97) O: Pause Mark End 0.009ms
[2026-06-17T10:03:15.349+0800][3.443s][info][gc,phases   ] GC(97) O: Concurrent Mark Free 0.000ms
[2026-06-17T10:03:15.350+0800][3.443s][info][gc,phases   ] GC(97) O: Concurrent Process Non-Strong 0.346ms
[2026-06-17T10:03:15.350+0800][3.443s][info][gc,phases   ] GC(97) O: Concurrent Reset Relocation Set 0.001ms
[2026-06-17T10:03:15.351+0800][3.444s][info][gc,phases   ] GC(97) O: Concurrent Select Relocation Set 0.560ms
[2026-06-17T10:03:15.351+0800][3.444s][info][gc,task     ] GC(97) O: Using 1 Workers for Old Generation
[2026-06-17T10:03:15.364+0800][3.457s][info][gc,task     ] GC(97) O: Using 1 Workers for Old Generation
[2026-06-17T10:03:15.364+0800][3.457s][info][gc,phases   ] GC(97) O: Concurrent Remap Roots 13.086ms
[2026-06-17T10:03:15.364+0800][3.458s][info][gc,phases   ] GC(97) O: Pause Relocate Start 0.011ms
[2026-06-17T10:03:15.365+0800][3.458s][info][gc,phases   ] GC(97) O: Concurrent Relocate 0.073ms
[2026-06-17T10:03:15.365+0800][3.458s][info][gc,alloc    ] GC(97) O:                         Mark Start        Mark End      Relocate Start    Relocate End   
[2026-06-17T10:03:15.365+0800][3.458s][info][gc,alloc    ] GC(97) O: Allocation Stalls:          0                0                0                0         
[2026-06-17T10:03:15.366+0800][3.459s][info][gc,load     ] GC(97) O: Load: 0.38 (2%) / 0.43 (2%) / 0.50 (2%)
[2026-06-17T10:03:15.367+0800][3.460s][info][gc,mmu      ] GC(97) O: MMU: 2ms/96.6%, 5ms/98.5%, 10ms/98.9%, 20ms/99.4%, 50ms/99.6%, 100ms/99.7%
[2026-06-17T10:03:15.368+0800][3.461s][info][gc,marking  ] GC(97) O: Mark: 1 stripe(s), 1 proactive flush(es), 1 terminate flush(es), 0 completion(s), 0 continuation(s) 
[2026-06-17T10:03:15.385+0800][3.478s][info][gc,marking  ] GC(97) O: Mark Stack Usage: 32M
[2026-06-17T10:03:15.386+0800][3.480s][info][gc,nmethod  ] GC(97) O: NMethods: 72 registered, 5 unregistered
[2026-06-17T10:03:15.387+0800][3.481s][info][gc,metaspace] GC(97) O: Metaspace: 0M used, 0M committed, 1088M reserved
[2026-06-17T10:03:15.388+0800][3.481s][info][gc,ref      ] GC(97) O:                       Encountered   Discovered     Enqueued 
[2026-06-17T10:03:15.388+0800][3.482s][info][gc,ref      ] GC(97) O: Soft References:                0            0            0 
[2026-06-17T10:03:15.389+0800][3.482s][info][gc,ref      ] GC(97) O: Weak References:                6            0            0 
[2026-06-17T10:03:15.389+0800][3.482s][info][gc,ref      ] GC(97) O: Final References:               0            0            0 
[2026-06-17T10:03:15.391+0800][3.484s][info][gc,ref      ] GC(97) O: Phantom References:             1            1            0 
[2026-06-17T10:03:15.391+0800][3.485s][info][gc,reloc    ] GC(97) O:                        Candidates     Selected     In-Place         Size        Empty    Relocated 
[2026-06-17T10:03:15.392+0800][3.485s][info][gc,reloc    ] GC(97) O: Small Pages:                    2            0            0           4M           0M           0M 
[2026-06-17T10:03:15.449+0800][3.542s][info][gc,reloc    ] GC(97) O: Large Pages:                    5            0            0          10M           0M           0M 
[2026-06-17T10:03:15.449+0800][3.543s][info][gc,reloc    ] GC(97) O: Forwarding Usage: 0M
[2026-06-17T10:03:15.450+0800][3.543s][info][gc,heap     ] GC(97) O: Min Capacity: 64M(100%)
[2026-06-17T10:03:15.451+0800][3.544s][info][gc,heap     ] GC(97) O: Max Capacity: 64M(100%)
[2026-06-17T10:03:15.451+0800][3.544s][info][gc,heap     ] GC(97) O: Soft Max Capacity: 64M(100%)
[2026-06-17T10:03:15.451+0800][3.545s][info][gc,heap     ] GC(97) O: Heap Statistics:
[2026-06-17T10:03:15.452+0800][3.545s][info][gc,heap     ] GC(97) O:                Mark Start          Mark End        Relocate Start      Relocate End           High               Low         
[2026-06-17T10:03:15.452+0800][3.545s][info][gc,heap     ] GC(97) O:  Capacity:       64M (100%)         64M (100%)         64M (100%)         64M (100%)         64M (100%)         64M (100%)   
[2026-06-17T10:03:15.452+0800][3.546s][info][gc,heap     ] GC(97) O:      Free:        2M (3%)           22M (34%)          14M (22%)          14M (22%)          22M (34%)           2M (3%)     
[2026-06-17T10:03:15.453+0800][3.546s][info][gc,heap     ] GC(97) O:      Used:       62M (97%)          42M (66%)          50M (78%)          50M (78%)          62M (97%)          42M (66%)    
[2026-06-17T10:03:15.453+0800][3.546s][info][gc,heap     ] GC(97) O: Old Generation Statistics:
[2026-06-17T10:03:15.453+0800][3.546s][info][gc,heap     ] GC(97) O:                Mark Start          Mark End        Relocate Start      Relocate End    
[2026-06-17T10:03:15.453+0800][3.547s][info][gc,heap     ] GC(97) O:      Used:       14M (22%)          14M (22%)          14M (22%)          14M (22%)    
[2026-06-17T10:03:15.454+0800][3.547s][info][gc,heap     ] GC(97) O:      Live:         -                12M (20%)          12M (20%)          12M (20%)    
[2026-06-17T10:03:15.454+0800][3.547s][info][gc,heap     ] GC(97) O:   Garbage:         -                 1M (2%)            1M (2%)            1M (2%)     
[2026-06-17T10:03:15.454+0800][3.547s][info][gc,heap     ] GC(97) O: Allocated:         -                 0M (0%)            0M (0%)            0M (0%)     
[2026-06-17T10:03:15.454+0800][3.548s][info][gc,heap     ] GC(97) O: Reclaimed:         -                  -                 0M (0%)            0M (0%)     
[2026-06-17T10:03:15.454+0800][3.548s][info][gc,heap     ] GC(97) O: Compacted:         -                  -                  -                 0M (0%)     
[2026-06-17T10:03:15.455+0800][3.548s][info][gc,phases   ] GC(97) O: Old Generation 42M(66%)->50M(78%) 0.017s
[2026-06-17T10:03:15.455+0800][3.548s][info][gc          ] GC(97) Major Collection (Allocation Rate) 60M(94%)->64M(100%) 0.115s
[2026-06-17T10:03:15.455+0800][3.548s][info][gc          ] GC(98) Minor Collection (Allocation Stall)
[2026-06-17T10:03:15.455+0800][3.548s][info][gc,task     ] GC(98) Using 1 Workers for Young Generation
[2026-06-17T10:03:15.455+0800][3.548s][info][gc,phases   ] GC(98) y: Young Generation
[2026-06-17T10:03:15.455+0800][3.548s][info][gc,phases   ] GC(98) y: Pause Mark Start 0.013ms
[2026-06-17T10:03:15.456+0800][3.549s][info][gc,phases   ] GC(98) y: Concurrent Mark 0.427ms
[2026-06-17T10:03:15.456+0800][3.549s][info][gc,phases   ] GC(98) y: Pause Mark End 0.005ms
[2026-06-17T10:03:15.456+0800][3.549s][info][gc,phases   ] GC(98) y: Concurrent Mark Free 0.001ms
[2026-06-17T10:03:15.456+0800][3.549s][info][gc,phases   ] GC(98) y: Concurrent Reset Relocation Set 0.001ms
[2026-06-17T10:03:15.457+0800][3.550s][info][gc,reloc    ] GC(98) y: Using tenuring threshold: 1 (Computed)
[2026-06-17T10:03:15.457+0800][3.550s][info][gc          ] Allocation Stall (main) 73.879ms
[2026-06-17T10:03:15.457+0800][3.551s][info][gc,phases   ] GC(98) y: Concurrent Select Relocation Set 0.970ms
[2026-06-17T10:03:15.458+0800][3.551s][info][gc,phases   ] GC(98) y: Pause Relocate Start 0.005ms
[2026-06-17T10:03:15.458+0800][3.551s][info][gc,phases   ] GC(98) y: Concurrent Relocate 0.364ms
[2026-06-17T10:03:15.458+0800][3.552s][info][gc,alloc    ] GC(98) y:                         Mark Start        Mark End      Relocate Start    Relocate End   
[2026-06-17T10:03:15.459+0800][3.552s][info][gc,alloc    ] GC(98) y: Allocation Stalls:          1                1                0                0         
[2026-06-17T10:03:15.459+0800][3.552s][info][gc,load     ] GC(98) y: Load: 0.38 (2%) / 0.43 (2%) / 0.50 (2%)
[2026-06-17T10:03:15.459+0800][3.552s][info][gc,mmu      ] GC(98) y: MMU: 2ms/96.6%, 5ms/98.5%, 10ms/98.9%, 20ms/99.4%, 50ms/99.6%, 100ms/99.7%
[2026-06-17T10:03:15.459+0800][3.552s][info][gc,marking  ] GC(98) y: Mark: 1 stripe(s), 1 proactive flush(es), 1 terminate flush(es), 0 completion(s), 0 continuation(s) 
[2026-06-17T10:03:15.459+0800][3.553s][info][gc,marking  ] GC(98) y: Mark Stack Usage: 32M
[2026-06-17T10:03:15.460+0800][3.553s][info][gc,nmethod  ] GC(98) y: NMethods: 72 registered, 5 unregistered
[2026-06-17T10:03:15.460+0800][3.553s][info][gc,metaspace] GC(98) y: Metaspace: 0M used, 0M committed, 1088M reserved
[2026-06-17T10:03:15.460+0800][3.553s][info][gc,reloc    ] GC(98) y:                        Candidates     Selected     In-Place         Size        Empty    Relocated 
[2026-06-17T10:03:15.460+0800][3.553s][info][gc,reloc    ] GC(98) y: Small Pages:                   10            1            0          20M          10M           0M 
[2026-06-17T10:03:15.460+0800][3.554s][info][gc,reloc    ] GC(98) y: Large Pages:                   15            0            0          30M           0M           0M 
[2026-06-17T10:03:15.460+0800][3.554s][info][gc,reloc    ] GC(98) y: Forwarding Usage: 0M
[2026-06-17T10:03:15.460+0800][3.554s][info][gc,reloc    ] GC(98) y: Age Table:
[2026-06-17T10:03:15.461+0800][3.554s][info][gc,reloc    ] GC(98) y:                    Live             Garbage             Small              Medium             Large        
[2026-06-17T10:03:15.461+0800][3.554s][info][gc,reloc    ] GC(98) y: Eden              11M (18%)          10M (16%)          7 / 0              0 / 0              4 / 0        
[2026-06-17T10:03:15.461+0800][3.554s][info][gc,reloc    ] GC(98) y: Survivor 1        21M (34%)           2M (4%)           2 / 1              0 / 0             10 / 0        
[2026-06-17T10:03:15.461+0800][3.554s][info][gc,reloc    ] GC(98) y: Survivor 2         2M (4%)            1M (2%)           1 / 0              0 / 0              1 / 0        
[2026-06-17T10:03:15.461+0800][3.554s][info][gc,heap     ] GC(98) y: Min Capacity: 64M(100%)
[2026-06-17T10:03:15.461+0800][3.555s][info][gc,heap     ] GC(98) y: Max Capacity: 64M(100%)
[2026-06-17T10:03:15.461+0800][3.555s][info][gc,heap     ] GC(98) y: Soft Max Capacity: 64M(100%)
[2026-06-17T10:03:15.461+0800][3.555s][info][gc,heap     ] GC(98) y: Heap Statistics:
[2026-06-17T10:03:15.462+0800][3.555s][info][gc,heap     ] GC(98) y:                Mark Start          Mark End        Relocate Start      Relocate End           High               Low         
[2026-06-17T10:03:15.462+0800][3.555s][info][gc,heap     ] GC(98) y:  Capacity:       64M (100%)         64M (100%)         64M (100%)         64M (100%)         64M (100%)         64M (100%)   
[2026-06-17T10:03:15.462+0800][3.555s][info][gc,heap     ] GC(98) y:      Free:        0M (0%)            0M (0%)            6M (9%)            8M (12%)          10M (16%)           0M (0%)     
[2026-06-17T10:03:15.462+0800][3.555s][info][gc,heap     ] GC(98) y:      Used:       64M (100%)         64M (100%)         58M (91%)          56M (88%)          64M (100%)         54M (84%)    
[2026-06-17T10:03:15.462+0800][3.555s][info][gc,heap     ] GC(98) y: Young Generation Statistics:
[2026-06-17T10:03:15.462+0800][3.556s][info][gc,heap     ] GC(98) y:                Mark Start          Mark End        Relocate Start      Relocate End    
[2026-06-17T10:03:15.462+0800][3.556s][info][gc,heap     ] GC(98) y:      Used:       50M (78%)          50M (78%)          20M (31%)          16M (25%)    
[2026-06-17T10:03:15.463+0800][3.556s][info][gc,heap     ] GC(98) y:      Live:         -                35M (56%)          12M (20%)          11M (18%)    
[2026-06-17T10:03:15.463+0800][3.556s][info][gc,heap     ] GC(98) y:   Garbage:         -                14M (22%)           3M (5%)            0M (1%)     
[2026-06-17T10:03:15.463+0800][3.556s][info][gc,heap     ] GC(98) y: Allocated:         -                 0M (0%)            4M (6%)            4M (6%)     
[2026-06-17T10:03:15.463+0800][3.556s][info][gc,heap     ] GC(98) y: Reclaimed:         -                  -                11M (17%)          13M (21%)    
[2026-06-17T10:03:15.463+0800][3.556s][info][gc,heap     ] GC(98) y:  Promoted:         -                  -                22M (36%)          24M (38%)    
[2026-06-17T10:03:15.463+0800][3.556s][info][gc,heap     ] GC(98) y: Compacted:         -                  -                  -                 0M (0%)     
[2026-06-17T10:03:15.463+0800][3.557s][info][gc,phases   ] GC(98) y: Young Generation 64M(100%)->56M(88%) 0.003s
[2026-06-17T10:03:15.463+0800][3.557s][info][gc          ] GC(98) Minor Collection (Allocation Stall) 64M(100%)->56M(88%) 0.009s
[2026-06-17T10:03:15.479+0800][3.572s][info][gc          ] GC(99) Minor Collection (Allocation Rate)
[2026-06-17T10:03:15.496+0800][3.589s][info][gc,task     ] GC(99) Using 1 Workers for Young Generation
[2026-06-17T10:03:15.497+0800][3.590s][info][gc,phases   ] GC(99) y: Young Generation
[2026-06-17T10:03:15.498+0800][3.591s][info][gc,phases   ] GC(99) y: Pause Mark Start 0.034ms
[2026-06-17T10:03:15.500+0800][3.593s][info][gc,phases   ] GC(99) y: Concurrent Mark 1.647ms
[2026-06-17T10:03:15.501+0800][3.594s][info][gc,phases   ] GC(99) y: Pause Mark End 0.009ms
[2026-06-17T10:03:15.501+0800][3.594s][info][gc,phases   ] GC(99) y: Concurrent Mark Free 0.001ms
[2026-06-17T10:03:15.501+0800][3.595s][info][gc,phases   ] GC(99) y: Concurrent Reset Relocation Set 0.007ms
[2026-06-17T10:03:15.502+0800][3.595s][info][gc,reloc    ] GC(99) y: Using tenuring threshold: 1 (Computed)
[2026-06-17T10:03:15.502+0800][3.595s][info][gc          ] Allocation Stall (main) 22.029ms
[2026-06-17T10:03:15.503+0800][3.596s][info][gc,phases   ] GC(99) y: Concurrent Select Relocation Set 1.084ms
[2026-06-17T10:03:15.503+0800][3.596s][info][gc,phases   ] GC(99) y: Pause Relocate Start 0.007ms
[2026-06-17T10:03:15.503+0800][3.597s][info][gc          ] Allocation Stall (main) 0.005ms
[2026-06-17T10:03:15.504+0800][3.597s][info][gc,phases   ] GC(99) y: Concurrent Relocate 0.220ms
[2026-06-17T10:03:15.504+0800][3.597s][info][gc,alloc    ] GC(99) y:                         Mark Start        Mark End      Relocate Start    Relocate End   
[2026-06-17T10:03:15.504+0800][3.597s][info][gc,alloc    ] GC(99) y: Allocation Stalls:          1                1                0                0         
[2026-06-17T10:03:15.504+0800][3.598s][info][gc,load     ] GC(99) y: Load: 0.38 (2%) / 0.43 (2%) / 0.50 (2%)
[2026-06-17T10:03:15.505+0800][3.598s][info][gc,mmu      ] GC(99) y: MMU: 2ms/96.6%, 5ms/98.5%, 10ms/98.9%, 20ms/99.4%, 50ms/99.6%, 100ms/99.7%
[2026-06-17T10:03:15.505+0800][3.598s][info][gc,marking  ] GC(99) y: Mark: 1 stripe(s), 1 proactive flush(es), 1 terminate flush(es), 0 completion(s), 0 continuation(s) 
[2026-06-17T10:03:15.505+0800][3.599s][info][gc,marking  ] GC(99) y: Mark Stack Usage: 32M
[2026-06-17T10:03:15.505+0800][3.599s][info][gc,nmethod  ] GC(99) y: NMethods: 72 registered, 5 unregistered
[2026-06-17T10:03:15.505+0800][3.599s][info][gc,metaspace] GC(99) y: Metaspace: 0M used, 0M committed, 1088M reserved
[2026-06-17T10:03:15.506+0800][3.599s][info][gc,reloc    ] GC(99) y:                        Candidates     Selected     In-Place         Size        Empty    Relocated 
[2026-06-17T10:03:15.506+0800][3.599s][info][gc,reloc    ] GC(99) y: Small Pages:                    6            1            1          12M           8M           0M 
[2026-06-17T10:03:15.506+0800][3.599s][info][gc,reloc    ] GC(99) y: Large Pages:                    6            0            0          12M           0M           0M 
[2026-06-17T10:03:15.506+0800][3.599s][info][gc,reloc    ] GC(99) y: Forwarding Usage: 0M
[2026-06-17T10:03:15.506+0800][3.599s][info][gc,reloc    ] GC(99) y: Age Table:
[2026-06-17T10:03:15.506+0800][3.599s][info][gc,reloc    ] GC(99) y:                    Live             Garbage             Small              Medium             Large        
[2026-06-17T10:03:15.506+0800][3.600s][info][gc,reloc    ] GC(99) y: Eden               4M (7%)            7M (12%)          4 / 0              0 / 0              2 / 0        
[2026-06-17T10:03:15.507+0800][3.600s][info][gc,reloc    ] GC(99) y: Survivor 1         8M (13%)           3M (5%)           2 / 1              0 / 0              4 / 0        
[2026-06-17T10:03:15.507+0800][3.600s][info][gc,heap     ] GC(99) y: Min Capacity: 64M(100%)
[2026-06-17T10:03:15.507+0800][3.600s][info][gc,heap     ] GC(99) y: Max Capacity: 64M(100%)
[2026-06-17T10:03:15.507+0800][3.600s][info][gc,heap     ] GC(99) y: Soft Max Capacity: 64M(100%)
[2026-06-17T10:03:15.507+0800][3.601s][info][gc,heap     ] GC(99) y: Heap Statistics:
[2026-06-17T10:03:15.507+0800][3.601s][info][gc,heap     ] GC(99) y:                Mark Start          Mark End        Relocate Start      Relocate End           High               Low         
[2026-06-17T10:03:15.508+0800][3.601s][info][gc,heap     ] GC(99) y:  Capacity:       64M (100%)         64M (100%)         64M (100%)         64M (100%)         64M (100%)         64M (100%)   
[2026-06-17T10:03:15.508+0800][3.601s][info][gc,heap     ] GC(99) y:      Free:        0M (0%)            0M (0%)            6M (9%)            0M (0%)            8M (12%)           0M (0%)     
[2026-06-17T10:03:15.508+0800][3.601s][info][gc,heap     ] GC(99) y:      Used:       64M (100%)         64M (100%)         58M (91%)          64M (100%)         64M (100%)         56M (88%)    
[2026-06-17T10:03:15.508+0800][3.601s][info][gc,heap     ] GC(99) y: Young Generation Statistics:
[2026-06-17T10:03:15.508+0800][3.601s][info][gc,heap     ] GC(99) y:                Mark Start          Mark End        Relocate Start      Relocate End    
[2026-06-17T10:03:15.508+0800][3.602s][info][gc,heap     ] GC(99) y:      Used:       24M (38%)          24M (38%)          10M (16%)          12M (19%)    
[2026-06-17T10:03:15.508+0800][3.602s][info][gc,heap     ] GC(99) y:      Live:         -                12M (20%)           4M (7%)            4M (7%)     
[2026-06-17T10:03:15.508+0800][3.602s][info][gc,heap     ] GC(99) y:   Garbage:         -                11M (18%)           3M (5%)            0M (0%)     
[2026-06-17T10:03:15.509+0800][3.602s][info][gc,heap     ] GC(99) y: Allocated:         -                 0M (0%)            2M (3%)            7M (12%)    
[2026-06-17T10:03:15.509+0800][3.602s][info][gc,heap     ] GC(99) y: Reclaimed:         -                  -                 8M (12%)          11M (18%)    
[2026-06-17T10:03:15.509+0800][3.602s][info][gc,heap     ] GC(99) y:  Promoted:         -                  -                 8M (12%)           8M (13%)    
[2026-06-17T10:03:15.509+0800][3.602s][info][gc,heap     ] GC(99) y: Compacted:         -                  -                  -                 0M (0%)     
[2026-06-17T10:03:15.509+0800][3.602s][info][gc,phases   ] GC(99) y: Young Generation 64M(100%)->64M(100%) 0.007s
[2026-06-17T10:03:15.509+0800][3.602s][info][gc          ] GC(99) Minor Collection (Allocation Rate) 60M(94%)->64M(100%) 0.030s
[2026-06-17T10:03:15.509+0800][3.603s][info][gc          ] GC(100) Major Collection (Allocation Rate)
[2026-06-17T10:03:15.509+0800][3.603s][info][gc,task     ] GC(100) Using 1 Workers for Young Generation
[2026-06-17T10:03:15.510+0800][3.603s][info][gc,task     ] GC(100) Using 1 Workers for Old Generation
[2026-06-17T10:03:15.510+0800][3.603s][info][gc,phases   ] GC(100) Y: Young Generation
[2026-06-17T10:03:15.510+0800][3.603s][info][gc,phases   ] GC(100) Y: Pause Mark Start (Major) 0.013ms
[2026-06-17T10:03:15.510+0800][3.604s][info][gc,phases   ] GC(100) Y: Concurrent Mark 0.480ms
[2026-06-17T10:03:15.511+0800][3.604s][info][gc,phases   ] GC(100) Y: Pause Mark End 0.005ms
[2026-06-17T10:03:15.511+0800][3.604s][info][gc,phases   ] GC(100) Y: Concurrent Mark Free 0.000ms
[2026-06-17T10:03:15.511+0800][3.604s][info][gc,phases   ] GC(100) Y: Concurrent Reset Relocation Set 0.004ms
[2026-06-17T10:03:15.511+0800][3.605s][info][gc,reloc    ] GC(100) Y: Using tenuring threshold: 2 (Computed)
[2026-06-17T10:03:15.512+0800][3.605s][info][gc,phases   ] GC(100) Y: Concurrent Select Relocation Set 0.820ms
[2026-06-17T10:03:15.512+0800][3.605s][info][gc,phases   ] GC(100) Y: Pause Relocate Start 0.004ms
[2026-06-17T10:03:15.512+0800][3.606s][info][gc,phases   ] GC(100) Y: Concurrent Relocate 0.183ms
[2026-06-17T10:03:15.513+0800][3.606s][info][gc,alloc    ] GC(100) Y:                         Mark Start        Mark End      Relocate Start    Relocate End   
[2026-06-17T10:03:15.513+0800][3.606s][info][gc,alloc    ] GC(100) Y: Allocation Stalls:          0                0                0                0         
[2026-06-17T10:03:15.513+0800][3.606s][info][gc,load     ] GC(100) Y: Load: 0.38 (2%) / 0.43 (2%) / 0.50 (2%)
[2026-06-17T10:03:15.513+0800][3.607s][info][gc,mmu      ] GC(100) Y: MMU: 2ms/96.6%, 5ms/98.5%, 10ms/98.9%, 20ms/99.4%, 50ms/99.6%, 100ms/99.7%
[2026-06-17T10:03:15.513+0800][3.607s][info][gc,marking  ] GC(100) Y: Mark: 1 stripe(s), 1 proactive flush(es), 1 terminate flush(es), 0 completion(s), 0 continuation(s) 
[2026-06-17T10:03:15.514+0800][3.607s][info][gc,marking  ] GC(100) Y: Mark Stack Usage: 32M
[2026-06-17T10:03:15.514+0800][3.607s][info][gc,nmethod  ] GC(100) Y: NMethods: 72 registered, 5 unregistered
[2026-06-17T10:03:15.514+0800][3.607s][info][gc,metaspace] GC(100) Y: Metaspace: 0M used, 0M committed, 1088M reserved
[2026-06-17T10:03:15.514+0800][3.607s][info][gc,reloc    ] GC(100) Y:                        Candidates     Selected     In-Place         Size        Empty    Relocated 
[2026-06-17T10:03:15.514+0800][3.608s][info][gc,reloc    ] GC(100) Y: Small Pages:                    3            2            1           6M           0M           0M 
[2026-06-17T10:03:15.514+0800][3.608s][info][gc,reloc    ] GC(100) Y: Large Pages:                    4            0            0           8M           0M           0M 
[2026-06-17T10:03:15.514+0800][3.608s][info][gc,reloc    ] GC(100) Y: Forwarding Usage: 0M
[2026-06-17T10:03:15.515+0800][3.608s][info][gc,reloc    ] GC(100) Y: Age Table:
[2026-06-17T10:03:15.515+0800][3.608s][info][gc,reloc    ] GC(100) Y:                    Live             Garbage             Small              Medium             Large        
[2026-06-17T10:03:15.515+0800][3.608s][info][gc,reloc    ] GC(100) Y: Eden               4M (7%)            1M (2%)           1 / 1              0 / 0              2 / 0        
[2026-06-17T10:03:15.515+0800][3.608s][info][gc,reloc    ] GC(100) Y: Survivor 1         4M (7%)            3M (6%)           2 / 1              0 / 0              2 / 0        
[2026-06-17T10:03:15.515+0800][3.608s][info][gc,heap     ] GC(100) Y: Min Capacity: 64M(100%)
[2026-06-17T10:03:15.515+0800][3.608s][info][gc,heap     ] GC(100) Y: Max Capacity: 64M(100%)
[2026-06-17T10:03:15.515+0800][3.609s][info][gc,heap     ] GC(100) Y: Soft Max Capacity: 64M(100%)
[2026-06-17T10:03:15.515+0800][3.609s][info][gc,heap     ] GC(100) Y: Heap Statistics:
[2026-06-17T10:03:15.515+0800][3.609s][info][gc,heap     ] GC(100) Y:                Mark Start          Mark End        Relocate Start      Relocate End           High               Low         
[2026-06-17T10:03:15.516+0800][3.609s][info][gc,heap     ] GC(100) Y:  Capacity:       64M (100%)         64M (100%)         64M (100%)         64M (100%)         64M (100%)         64M (100%)   
[2026-06-17T10:03:15.516+0800][3.609s][info][gc,heap     ] GC(100) Y:      Free:        0M (0%)            0M (0%)            0M (0%)            2M (3%)            2M (3%)            0M (0%)     
[2026-06-17T10:03:15.516+0800][3.609s][info][gc,heap     ] GC(100) Y:      Used:       64M (100%)         64M (100%)         64M (100%)         62M (97%)          64M (100%)         62M (97%)    
[2026-06-17T10:03:15.516+0800][3.609s][info][gc,heap     ] GC(100) Y: Young Generation Statistics:
[2026-06-17T10:03:15.516+0800][3.609s][info][gc,heap     ] GC(100) Y:                Mark Start          Mark End        Relocate Start      Relocate End    
[2026-06-17T10:03:15.516+0800][3.609s][info][gc,heap     ] GC(100) Y:      Used:       14M (22%)          14M (22%)          14M (22%)          12M (19%)    
[2026-06-17T10:03:15.516+0800][3.610s][info][gc,heap     ] GC(100) Y:      Live:         -                 8M (14%)           8M (14%)           8M (14%)    
[2026-06-17T10:03:15.516+0800][3.610s][info][gc,heap     ] GC(100) Y:   Garbage:         -                 5M (8%)            5M (8%)            0M (0%)     
[2026-06-17T10:03:15.516+0800][3.610s][info][gc,heap     ] GC(100) Y: Allocated:         -                 0M (0%)            0M (0%)            3M (5%)     
[2026-06-17T10:03:15.517+0800][3.610s][info][gc,heap     ] GC(100) Y: Reclaimed:         -                  -                 0M (0%)            5M (8%)     
[2026-06-17T10:03:15.517+0800][3.610s][info][gc,heap     ] GC(100) Y:  Promoted:         -                  -                 0M (0%)            0M (0%)     
[2026-06-17T10:03:15.517+0800][3.610s][info][gc,heap     ] GC(100) Y: Compacted:         -                  -                  -                 0M (1%)     
[2026-06-17T10:03:15.517+0800][3.610s][info][gc,phases   ] GC(100) Y: Young Generation 64M(100%)->62M(97%) 0.003s
[2026-06-17T10:03:15.517+0800][3.610s][info][gc,phases   ] GC(100) O: Old Generation
[2026-06-17T10:03:15.517+0800][3.611s][info][gc          ] GC(101) Minor Collection (Allocation Stall)
[2026-06-17T10:03:15.517+0800][3.611s][info][gc,task     ] GC(101) Using 1 Workers for Young Generation
[2026-06-17T10:03:15.518+0800][3.611s][info][gc,phases   ] GC(101) y: Young Generation
[2026-06-17T10:03:15.518+0800][3.611s][info][gc,phases   ] GC(101) y: Pause Mark Start 0.010ms
[2026-06-17T10:03:15.519+0800][3.612s][info][gc,phases   ] GC(100) O: Concurrent Mark 1.341ms
[2026-06-17T10:03:15.519+0800][3.612s][info][gc,phases   ] GC(101) y: Concurrent Mark 0.825ms
[2026-06-17T10:03:15.519+0800][3.612s][info][gc,phases   ] GC(100) O: Pause Mark End 0.009ms
[2026-06-17T10:03:15.519+0800][3.612s][info][gc,phases   ] GC(100) O: Concurrent Mark Free 0.001ms
[2026-06-17T10:03:15.519+0800][3.613s][info][gc,phases   ] GC(101) y: Pause Mark End 0.006ms
[2026-06-17T10:03:15.520+0800][3.613s][info][gc,phases   ] GC(101) y: Concurrent Mark Free 0.001ms
[2026-06-17T10:03:15.520+0800][3.613s][info][gc,phases   ] GC(101) y: Concurrent Reset Relocation Set 0.001ms
[2026-06-17T10:03:15.520+0800][3.613s][info][gc,phases   ] GC(100) O: Concurrent Process Non-Strong 0.451ms
[2026-06-17T10:03:15.520+0800][3.613s][info][gc,phases   ] GC(100) O: Concurrent Reset Relocation Set 0.000ms
[2026-06-17T10:03:15.520+0800][3.614s][info][gc,reloc    ] GC(101) y: Using tenuring threshold: 2 (Computed)
[2026-06-17T10:03:15.521+0800][3.614s][info][gc,phases   ] GC(101) y: Concurrent Select Relocation Set 0.752ms
[2026-06-17T10:03:15.521+0800][3.614s][info][gc,phases   ] GC(100) O: Concurrent Select Relocation Set 0.531ms
[2026-06-17T10:03:15.521+0800][3.614s][info][gc,phases   ] GC(101) y: Pause Relocate Start 0.005ms
[2026-06-17T10:03:15.521+0800][3.614s][info][gc,phases   ] GC(101) y: Concurrent Relocate 0.101ms
[2026-06-17T10:03:15.521+0800][3.615s][info][gc,alloc    ] GC(101) y:                         Mark Start        Mark End      Relocate Start    Relocate End   
[2026-06-17T10:03:15.521+0800][3.615s][info][gc,alloc    ] GC(101) y: Allocation Stalls:          1                1                1                1         
[2026-06-17T10:03:15.522+0800][3.615s][info][gc,load     ] GC(101) y: Load: 0.38 (2%) / 0.43 (2%) / 0.50 (2%)
[2026-06-17T10:03:15.522+0800][3.615s][info][gc,mmu      ] GC(101) y: MMU: 2ms/96.6%, 5ms/98.5%, 10ms/98.9%, 20ms/99.4%, 50ms/99.6%, 100ms/99.7%
[2026-06-17T10:03:15.522+0800][3.615s][info][gc,marking  ] GC(101) y: Mark: 1 stripe(s), 1 proactive flush(es), 1 terminate flush(es), 0 completion(s), 0 continuation(s) 
[2026-06-17T10:03:15.522+0800][3.615s][info][gc,marking  ] GC(101) y: Mark Stack Usage: 32M
[2026-06-17T10:03:15.522+0800][3.615s][info][gc,nmethod  ] GC(101) y: NMethods: 72 registered, 5 unregistered
[2026-06-17T10:03:15.522+0800][3.615s][info][gc,metaspace] GC(101) y: Metaspace: 0M used, 0M committed, 1088M reserved
[2026-06-17T10:03:15.522+0800][3.616s][info][gc,reloc    ] GC(101) y:                        Candidates     Selected     In-Place         Size        Empty    Relocated 
[2026-06-17T10:03:15.522+0800][3.616s][info][gc,reloc    ] GC(101) y: Small Pages:                    3            1            2           6M           0M           0M 
[2026-06-17T10:03:15.523+0800][3.616s][info][gc,reloc    ] GC(101) y: Large Pages:                    4            0            0           8M           0M           0M 
[2026-06-17T10:03:15.523+0800][3.616s][info][gc,reloc    ] GC(101) y: Forwarding Usage: 0M
[2026-06-17T10:03:15.523+0800][3.616s][info][gc,reloc    ] GC(101) y: Age Table:
[2026-06-17T10:03:15.523+0800][3.616s][info][gc,reloc    ] GC(101) y:                    Live             Garbage             Small              Medium             Large        
[2026-06-17T10:03:15.523+0800][3.616s][info][gc,reloc    ] GC(101) y: Eden               1M (3%)            0M (0%)           1 / 0              0 / 0              0 / 0        
[2026-06-17T10:03:15.523+0800][3.616s][info][gc,reloc    ] GC(101) y: Survivor 1         4M (7%)            1M (2%)           1 / 1              0 / 0              2 / 0        
[2026-06-17T10:03:15.523+0800][3.617s][info][gc,reloc    ] GC(101) y: Survivor 2         4M (7%)            1M (3%)           1 / 0              0 / 0              2 / 0        
[2026-06-17T10:03:15.523+0800][3.617s][info][gc,heap     ] GC(101) y: Min Capacity: 64M(100%)
[2026-06-17T10:03:15.523+0800][3.617s][info][gc,heap     ] GC(101) y: Max Capacity: 64M(100%)
[2026-06-17T10:03:15.524+0800][3.617s][info][gc,heap     ] GC(101) y: Soft Max Capacity: 64M(100%)
[2026-06-17T10:03:15.524+0800][3.617s][info][gc,heap     ] GC(101) y: Heap Statistics:
[2026-06-17T10:03:15.524+0800][3.617s][info][gc,heap     ] GC(101) y:                Mark Start          Mark End        Relocate Start      Relocate End           High               Low         
[2026-06-17T10:03:15.524+0800][3.617s][info][gc,heap     ] GC(101) y:  Capacity:       64M (100%)         64M (100%)         64M (100%)         64M (100%)         64M (100%)         64M (100%)   
[2026-06-17T10:03:15.524+0800][3.617s][info][gc,heap     ] GC(101) y:      Free:        0M (0%)            0M (0%)            0M (0%)            0M (0%)            0M (0%)            0M (0%)     
[2026-06-17T10:03:15.524+0800][3.617s][info][gc,heap     ] GC(101) y:      Used:       64M (100%)         64M (100%)         64M (100%)         64M (100%)         64M (100%)         64M (100%)   
[2026-06-17T10:03:15.524+0800][3.618s][info][gc,heap     ] GC(101) y: Young Generation Statistics:
[2026-06-17T10:03:15.524+0800][3.618s][info][gc,heap     ] GC(101) y:                Mark Start          Mark End        Relocate Start      Relocate End    
[2026-06-17T10:03:15.525+0800][3.618s][info][gc,heap     ] GC(101) y:      Used:       14M (22%)          14M (22%)          10M (16%)           8M (12%)    
[2026-06-17T10:03:15.525+0800][3.618s][info][gc,heap     ] GC(101) y:      Live:         -                10M (17%)           6M (11%)           6M (10%)    
[2026-06-17T10:03:15.525+0800][3.618s][info][gc,heap     ] GC(101) y:   Garbage:         -                 3M (5%)            3M (5%)            0M (0%)     
[2026-06-17T10:03:15.525+0800][3.618s][info][gc,heap     ] GC(101) y: Allocated:         -                 0M (0%)            0M (0%)            1M (2%)     
[2026-06-17T10:03:15.525+0800][3.619s][info][gc,heap     ] GC(101) y: Reclaimed:         -                  -                 0M (0%)            3M (5%)     
[2026-06-17T10:03:15.525+0800][3.619s][info][gc,heap     ] GC(101) y:  Promoted:         -                  -                 4M (6%)            4M (7%)     
[2026-06-17T10:03:15.526+0800][3.619s][info][gc,heap     ] GC(101) y: Compacted:         -                  -                  -                 0M (1%)     
[2026-06-17T10:03:15.526+0800][3.619s][info][gc,phases   ] GC(101) y: Young Generation 64M(100%)->64M(100%) 0.004s
[2026-06-17T10:03:15.526+0800][3.619s][info][gc          ] GC(101) Minor Collection (Allocation Stall) 64M(100%)->64M(100%) 0.009s
[2026-06-17T10:03:15.526+0800][3.619s][info][gc,task     ] GC(100) O: Using 1 Workers for Old Generation
[2026-06-17T10:03:15.539+0800][3.633s][info][gc,task     ] GC(100) O: Using 1 Workers for Old Generation
[2026-06-17T10:03:15.549+0800][3.642s][info][gc,phases   ] GC(100) O: Concurrent Remap Roots 22.740ms
[2026-06-17T10:03:15.550+0800][3.644s][info][gc,phases   ] GC(100) O: Pause Relocate Start 0.047ms
[2026-06-17T10:03:15.555+0800][3.648s][info][gc          ] GC(102) Minor Collection (High Usage)
[2026-06-17T10:03:15.556+0800][3.649s][info][gc,task     ] GC(102) Using 1 Workers for Young Generation
[2026-06-17T10:03:15.557+0800][3.651s][info][gc,phases   ] GC(102) y: Young Generation
[2026-06-17T10:03:15.555+0800][3.648s][info][gc,phases   ] GC(100) O: Concurrent Relocate 0.355ms
[2026-06-17T10:03:15.555+0800][3.648s][info][gc          ] Allocation Stall (main) 41.002ms
[2026-06-17T10:03:15.564+0800][3.658s][info][gc,phases   ] GC(102) y: Pause Mark Start 0.021ms
[2026-06-17T10:03:15.570+0800][3.663s][info][gc,phases   ] GC(102) y: Concurrent Mark 0.941ms
[2026-06-17T10:03:15.570+0800][3.664s][info][gc,phases   ] GC(102) y: Pause Mark End 0.015ms
[2026-06-17T10:03:15.571+0800][3.664s][info][gc,phases   ] GC(102) y: Concurrent Mark Free 0.001ms
[2026-06-17T10:03:15.571+0800][3.664s][info][gc,phases   ] GC(102) y: Concurrent Reset Relocation Set 0.004ms
[2026-06-17T10:03:15.572+0800][3.665s][info][gc,reloc    ] GC(102) y: Using tenuring threshold: 1 (Computed)
[2026-06-17T10:03:15.573+0800][3.666s][info][gc,phases   ] GC(102) y: Concurrent Select Relocation Set 1.107ms
[2026-06-17T10:03:15.573+0800][3.666s][info][gc,phases   ] GC(102) y: Pause Relocate Start 0.008ms
[2026-06-17T10:03:15.575+0800][3.668s][info][gc,phases   ] GC(102) y: Concurrent Relocate 0.158ms
[2026-06-17T10:03:15.575+0800][3.669s][info][gc,alloc    ] GC(102) y:                         Mark Start        Mark End      Relocate Start    Relocate End   
[2026-06-17T10:03:15.576+0800][3.669s][info][gc,alloc    ] GC(102) y: Allocation Stalls:          0                1                1                1         
[2026-06-17T10:03:15.576+0800][3.669s][info][gc,load     ] GC(102) y: Load: 0.38 (2%) / 0.43 (2%) / 0.50 (2%)
[2026-06-17T10:03:15.576+0800][3.670s][info][gc,mmu      ] GC(102) y: MMU: 2ms/96.6%, 5ms/98.5%, 10ms/98.9%, 20ms/99.4%, 50ms/99.6%, 100ms/99.7%
[2026-06-17T10:03:15.577+0800][3.670s][info][gc,marking  ] GC(102) y: Mark: 1 stripe(s), 2 proactive flush(es), 1 terminate flush(es), 0 completion(s), 0 continuation(s) 
[2026-06-17T10:03:15.577+0800][3.670s][info][gc,marking  ] GC(102) y: Mark Stack Usage: 32M
[2026-06-17T10:03:15.578+0800][3.671s][info][gc,nmethod  ] GC(102) y: NMethods: 72 registered, 5 unregistered
[2026-06-17T10:03:15.578+0800][3.671s][info][gc,metaspace] GC(102) y: Metaspace: 0M used, 0M committed, 1088M reserved
[2026-06-17T10:03:15.578+0800][3.672s][info][gc,reloc    ] GC(102) y:                        Candidates     Selected     In-Place         Size        Empty    Relocated 
[2026-06-17T10:03:15.579+0800][3.672s][info][gc,reloc    ] GC(102) y: Small Pages:                    3            1            2           6M           0M           0M 
[2026-06-17T10:03:15.579+0800][3.672s][info][gc,reloc    ] GC(102) y: Large Pages:                    2            0            0           4M           0M           0M 
[2026-06-17T10:03:15.579+0800][3.673s][info][gc,reloc    ] GC(102) y: Forwarding Usage: 0M
[2026-06-17T10:03:15.580+0800][3.673s][info][gc,reloc    ] GC(102) y: Age Table:
[2026-06-17T10:03:15.580+0800][3.673s][info][gc,reloc    ] GC(102) y:                    Live             Garbage             Small              Medium             Large        
[2026-06-17T10:03:15.581+0800][3.674s][info][gc,reloc    ] GC(102) y: Eden               0M (0%)            1M (3%)           1 / 0              0 / 0              0 / 0        
[2026-06-17T10:03:15.581+0800][3.674s][info][gc,reloc    ] GC(102) y: Survivor 1         1M (3%)            0M (0%)           1 / 0              0 / 0              0 / 0        
[2026-06-17T10:03:15.581+0800][3.674s][info][gc,reloc    ] GC(102) y: Survivor 2         4M (7%)            1M (2%)           1 / 1              0 / 0              2 / 0        
[2026-06-17T10:03:15.582+0800][3.675s][info][gc,heap     ] GC(102) y: Min Capacity: 64M(100%)
[2026-06-17T10:03:15.582+0800][3.675s][info][gc,heap     ] GC(102) y: Max Capacity: 64M(100%)
[2026-06-17T10:03:15.582+0800][3.676s][info][gc,heap     ] GC(102) y: Soft Max Capacity: 64M(100%)
[2026-06-17T10:03:15.583+0800][3.676s][info][gc,heap     ] GC(102) y: Heap Statistics:
[2026-06-17T10:03:15.583+0800][3.676s][info][gc,heap     ] GC(102) y:                Mark Start          Mark End        Relocate Start      Relocate End           High               Low         
[2026-06-17T10:03:15.584+0800][3.677s][info][gc,heap     ] GC(102) y:  Capacity:       64M (100%)         64M (100%)         64M (100%)         64M (100%)         64M (100%)         64M (100%)   
[2026-06-17T10:03:15.584+0800][3.677s][info][gc,heap     ] GC(102) y:      Free:        0M (0%)            0M (0%)            0M (0%)            0M (0%)            0M (0%)            0M (0%)     
[2026-06-17T10:03:15.584+0800][3.678s][info][gc,heap     ] GC(102) y:      Used:       64M (100%)         64M (100%)         64M (100%)         64M (100%)         64M (100%)         64M (100%)   
[2026-06-17T10:03:15.585+0800][3.678s][info][gc,heap     ] GC(102) y: Young Generation Statistics:
[2026-06-17T10:03:15.585+0800][3.678s][info][gc,heap     ] GC(102) y:                Mark Start          Mark End        Relocate Start      Relocate End    
[2026-06-17T10:03:15.586+0800][3.679s][info][gc,heap     ] GC(102) y:      Used:       10M (16%)          10M (16%)           4M (6%)            2M (3%)     
[2026-06-17T10:03:15.617+0800][3.710s][info][gc,heap     ] GC(102) y:      Live:         -                 6M (10%)           0M (1%)            0M (0%)     
[2026-06-17T10:03:15.617+0800][3.711s][info][gc,heap     ] GC(102) y:   Garbage:         -                 3M (5%)            3M (5%)            0M (0%)     
[2026-06-17T10:03:15.618+0800][3.711s][info][gc,heap     ] GC(102) y: Allocated:         -                 0M (0%)            0M (0%)            1M (3%)     
[2026-06-17T10:03:15.618+0800][3.712s][info][gc,heap     ] GC(102) y: Reclaimed:         -                  -                 0M (0%)            3M (5%)     
[2026-06-17T10:03:15.619+0800][3.712s][info][gc,heap     ] GC(102) y:  Promoted:         -                  -                 5M (9%)            6M (10%)    
[2026-06-17T10:03:15.619+0800][3.713s][info][gc,heap     ] GC(102) y: Compacted:         -                  -                  -                 0M (0%)     
[2026-06-17T10:03:15.620+0800][3.713s][info][gc,phases   ] GC(102) y: Young Generation 64M(100%)->64M(100%) 0.018s
[2026-06-17T10:03:15.620+0800][3.714s][info][gc          ] GC(102) Minor Collection (High Usage) 64M(100%)->64M(100%) 0.066s
[2026-06-17T10:03:15.621+0800][3.714s][info][gc          ] GC(103) Minor Collection (Allocation Stall)
[2026-06-17T10:03:15.621+0800][3.714s][info][gc,task     ] GC(103) Using 1 Workers for Young Generation
[2026-06-17T10:03:15.621+0800][3.715s][info][gc,phases   ] GC(103) y: Young Generation
[2026-06-17T10:03:15.622+0800][3.715s][info][gc,phases   ] GC(103) y: Pause Mark Start 0.014ms
[2026-06-17T10:03:15.623+0800][3.716s][info][gc,phases   ] GC(103) y: Concurrent Mark 0.563ms
[2026-06-17T10:03:15.623+0800][3.717s][info][gc,phases   ] GC(103) y: Pause Mark End 0.008ms
[2026-06-17T10:03:15.624+0800][3.717s][info][gc,phases   ] GC(103) y: Concurrent Mark Free 0.000ms
[2026-06-17T10:03:15.624+0800][3.717s][info][gc,phases   ] GC(103) y: Concurrent Reset Relocation Set 0.007ms
[2026-06-17T10:03:15.625+0800][3.718s][info][gc,reloc    ] GC(103) y: Using tenuring threshold: 2 (Computed)
[2026-06-17T10:03:15.626+0800][3.719s][info][gc,phases   ] GC(103) y: Concurrent Select Relocation Set 1.112ms
[2026-06-17T10:03:15.626+0800][3.719s][info][gc,phases   ] GC(103) y: Pause Relocate Start 0.005ms
[2026-06-17T10:03:15.627+0800][3.720s][info][gc,phases   ] GC(103) y: Concurrent Relocate 0.098ms
[2026-06-17T10:03:15.627+0800][3.720s][info][gc,alloc    ] GC(103) y:                         Mark Start        Mark End      Relocate Start    Relocate End   
[2026-06-17T10:03:15.627+0800][3.721s][info][gc,alloc    ] GC(103) y: Allocation Stalls:          1                1                1                1         
[2026-06-17T10:03:15.628+0800][3.721s][info][gc,load     ] GC(103) y: Load: 0.38 (2%) / 0.43 (2%) / 0.50 (2%)
[2026-06-17T10:03:15.629+0800][3.722s][info][gc,mmu      ] GC(103) y: MMU: 2ms/96.6%, 5ms/98.5%, 10ms/98.9%, 20ms/99.4%, 50ms/99.6%, 100ms/99.7%
[2026-06-17T10:03:15.629+0800][3.722s][info][gc,marking  ] GC(103) y: Mark: 1 stripe(s), 1 proactive flush(es), 1 terminate flush(es), 0 completion(s), 0 continuation(s) 
[2026-06-17T10:03:15.629+0800][3.722s][info][gc,marking  ] GC(103) y: Mark Stack Usage: 32M
[2026-06-17T10:03:15.630+0800][3.723s][info][gc,nmethod  ] GC(103) y: NMethods: 72 registered, 5 unregistered
[2026-06-17T10:03:15.630+0800][3.723s][info][gc,metaspace] GC(103) y: Metaspace: 0M used, 0M committed, 1088M reserved
[2026-06-17T10:03:15.630+0800][3.724s][info][gc,reloc    ] GC(103) y:                        Candidates     Selected     In-Place         Size        Empty    Relocated 
[2026-06-17T10:03:15.631+0800][3.724s][info][gc,reloc    ] GC(103) y: Small Pages:                    1            0            0           2M           0M           0M 
[2026-06-17T10:03:15.631+0800][3.724s][info][gc,reloc    ] GC(103) y: Large Pages:                    0            0            0           0M           0M           0M 
[2026-06-17T10:03:15.631+0800][3.725s][info][gc,reloc    ] GC(103) y: Forwarding Usage: 0M
[2026-06-17T10:03:15.632+0800][3.725s][info][gc,reloc    ] GC(103) y: Age Table:
[2026-06-17T10:03:15.632+0800][3.725s][info][gc,reloc    ] GC(103) y:                    Live             Garbage             Small              Medium             Large        
[2026-06-17T10:03:15.633+0800][3.726s][info][gc,reloc    ] GC(103) y: Eden                -                 0M (0%)           0 / 0              0 / 0              0 / 0        
[2026-06-17T10:03:15.633+0800][3.726s][info][gc,reloc    ] GC(103) y: Survivor 1         0M (0%)            1M (3%)           1 / 0              0 / 0              0 / 0        
[2026-06-17T10:03:15.633+0800][3.727s][info][gc,heap     ] GC(103) y: Min Capacity: 64M(100%)
[2026-06-17T10:03:15.634+0800][3.727s][info][gc,heap     ] GC(103) y: Max Capacity: 64M(100%)
[2026-06-17T10:03:15.634+0800][3.727s][info][gc,heap     ] GC(103) y: Soft Max Capacity: 64M(100%)
[2026-06-17T10:03:15.635+0800][3.728s][info][gc,heap     ] GC(103) y: Heap Statistics:
[2026-06-17T10:03:15.635+0800][3.728s][info][gc,heap     ] GC(103) y:                Mark Start          Mark End        Relocate Start      Relocate End           High               Low         
[2026-06-17T10:03:15.635+0800][3.729s][info][gc,heap     ] GC(103) y:  Capacity:       64M (100%)         64M (100%)         64M (100%)         64M (100%)         64M (100%)         64M (100%)   
[2026-06-17T10:03:15.636+0800][3.729s][info][gc,heap     ] GC(103) y:      Free:        0M (0%)            0M (0%)            0M (0%)            0M (0%)            0M (0%)            0M (0%)     
[2026-06-17T10:03:15.636+0800][3.729s][info][gc,heap     ] GC(103) y:      Used:       64M (100%)         64M (100%)         64M (100%)         64M (100%)         64M (100%)         64M (100%)   
[2026-06-17T10:03:15.636+0800][3.730s][info][gc,heap     ] GC(103) y: Young Generation Statistics:
[2026-06-17T10:03:15.636+0800][3.730s][info][gc,heap     ] GC(103) y:                Mark Start          Mark End        Relocate Start      Relocate End    
[2026-06-17T10:03:15.637+0800][3.730s][info][gc,heap     ] GC(103) y:      Used:        2M (3%)            2M (3%)            2M (3%)            2M (3%)     
[2026-06-17T10:03:15.637+0800][3.730s][info][gc,heap     ] GC(103) y:      Live:         -                 0M (0%)            0M (0%)            0M (0%)     
[2026-06-17T10:03:15.637+0800][3.731s][info][gc,heap     ] GC(103) y:   Garbage:         -                 1M (3%)            1M (3%)            1M (3%)     
[2026-06-17T10:03:15.638+0800][3.731s][info][gc,heap     ] GC(103) y: Allocated:         -                 0M (0%)            0M (0%)            0M (0%)     
[2026-06-17T10:03:15.638+0800][3.731s][info][gc,heap     ] GC(103) y: Reclaimed:         -                  -                 0M (0%)            0M (0%)     
[2026-06-17T10:03:15.638+0800][3.732s][info][gc,heap     ] GC(103) y:  Promoted:         -                  -                 0M (0%)            0M (0%)     
[2026-06-17T10:03:15.639+0800][3.732s][info][gc,heap     ] GC(103) y: Compacted:         -                  -                  -                 0M (0%)     
[2026-06-17T10:03:15.639+0800][3.732s][info][gc,phases   ] GC(103) y: Young Generation 64M(100%)->64M(100%) 0.005s
[2026-06-17T10:03:15.639+0800][3.732s][info][gc          ] GC(103) Minor Collection (Allocation Stall) 64M(100%)->64M(100%) 0.018s
[2026-06-17T10:03:15.639+0800][3.733s][info][gc,alloc    ] GC(100) O:                         Mark Start        Mark End      Relocate Start    Relocate End   
[2026-06-17T10:03:15.639+0800][3.733s][info][gc,alloc    ] GC(100) O: Allocation Stalls:          0                1                1                0         
[2026-06-17T10:03:15.640+0800][3.733s][info][gc,load     ] GC(100) O: Load: 0.38 (2%) / 0.43 (2%) / 0.50 (2%)
[2026-06-17T10:03:15.640+0800][3.733s][info][gc,mmu      ] GC(100) O: MMU: 2ms/96.6%, 5ms/98.5%, 10ms/98.9%, 20ms/99.4%, 50ms/99.6%, 100ms/99.7%
[2026-06-17T10:03:15.640+0800][3.733s][info][gc,marking  ] GC(100) O: Mark: 1 stripe(s), 2 proactive flush(es), 1 terminate flush(es), 0 completion(s), 0 continuation(s) 
[2026-06-17T10:03:15.641+0800][3.734s][info][gc,marking  ] GC(100) O: Mark Stack Usage: 32M
[2026-06-17T10:03:15.641+0800][3.734s][info][gc,nmethod  ] GC(100) O: NMethods: 72 registered, 5 unregistered
[2026-06-17T10:03:15.641+0800][3.735s][info][gc,metaspace] GC(100) O: Metaspace: 0M used, 0M committed, 1088M reserved
[2026-06-17T10:03:15.642+0800][3.735s][info][gc,ref      ] GC(100) O:                       Encountered   Discovered     Enqueued 
[2026-06-17T10:03:15.642+0800][3.735s][info][gc,ref      ] GC(100) O: Soft References:                0            0            0 
[2026-06-17T10:03:15.642+0800][3.735s][info][gc,ref      ] GC(100) O: Weak References:                6            0            0 
[2026-06-17T10:03:15.642+0800][3.736s][info][gc,ref      ] GC(100) O: Final References:               0            0            0 
[2026-06-17T10:03:15.643+0800][3.736s][info][gc,ref      ] GC(100) O: Phantom References:             1            1            0 
[2026-06-17T10:03:15.653+0800][3.747s][info][gc,reloc    ] GC(100) O:                        Candidates     Selected     In-Place         Size        Empty    Relocated 
[2026-06-17T10:03:15.654+0800][3.747s][info][gc,reloc    ] GC(100) O: Small Pages:                    5            1            1          10M           0M           0M 
[2026-06-17T10:03:15.654+0800][3.747s][info][gc,reloc    ] GC(100) O: Large Pages:                   20            0            0          40M           0M           0M 
[2026-06-17T10:03:15.654+0800][3.747s][info][gc,reloc    ] GC(100) O: Forwarding Usage: 0M
[2026-06-17T10:03:15.654+0800][3.747s][info][gc,heap     ] GC(100) O: Min Capacity: 64M(100%)
[2026-06-17T10:03:15.654+0800][3.747s][info][gc,heap     ] GC(100) O: Max Capacity: 64M(100%)
[2026-06-17T10:03:15.654+0800][3.747s][info][gc,heap     ] GC(100) O: Soft Max Capacity: 64M(100%)
[2026-06-17T10:03:15.654+0800][3.747s][info][gc,heap     ] GC(100) O: Heap Statistics:
[2026-06-17T10:03:15.654+0800][3.748s][info][gc,heap     ] GC(100) O:                Mark Start          Mark End        Relocate Start      Relocate End           High               Low         
[2026-06-17T10:03:15.654+0800][3.748s][info][gc,heap     ] GC(100) O:  Capacity:       64M (100%)         64M (100%)         64M (100%)         64M (100%)         64M (100%)         64M (100%)   
[2026-06-17T10:03:15.654+0800][3.748s][info][gc,heap     ] GC(100) O:      Free:        0M (0%)            0M (0%)            0M (0%)            0M (0%)            2M (3%)            0M (0%)     
[2026-06-17T10:03:15.654+0800][3.748s][info][gc,heap     ] GC(100) O:      Used:       64M (100%)         64M (100%)         64M (100%)         64M (100%)         64M (100%)         62M (97%)    
[2026-06-17T10:03:15.655+0800][3.748s][info][gc,heap     ] GC(100) O: Old Generation Statistics:
[2026-06-17T10:03:15.655+0800][3.748s][info][gc,heap     ] GC(100) O:                Mark Start          Mark End        Relocate Start      Relocate End    
[2026-06-17T10:03:15.655+0800][3.748s][info][gc,heap     ] GC(100) O:      Used:       50M (78%)          50M (78%)          56M (88%)          54M (84%)    
[2026-06-17T10:03:15.655+0800][3.748s][info][gc,heap     ] GC(100) O:      Live:         -                45M (72%)          45M (72%)          45M (72%)    
[2026-06-17T10:03:15.655+0800][3.748s][info][gc,heap     ] GC(100) O:   Garbage:         -                 4M (7%)            4M (7%)            1M (3%)     
[2026-06-17T10:03:15.655+0800][3.748s][info][gc,heap     ] GC(100) O: Allocated:         -                 0M (0%)            6M (9%)            6M (10%)    
[2026-06-17T10:03:15.655+0800][3.748s][info][gc,heap     ] GC(100) O: Reclaimed:         -                  -                 0M (0%)            2M (4%)     
[2026-06-17T10:03:15.655+0800][3.749s][info][gc,heap     ] GC(100) O: Compacted:         -                  -                  -                 1M (2%)     
[2026-06-17T10:03:15.655+0800][3.749s][info][gc,phases   ] GC(100) O: Old Generation 64M(100%)->64M(100%) 0.122s
[2026-06-17T10:03:15.655+0800][3.749s][info][gc          ] GC(100) Major Collection (Allocation Rate) 64M(100%)->64M(100%) 0.146s
[2026-06-17T10:03:15.655+0800][3.749s][info][gc          ] GC(104) Major Collection (Allocation Stall)
[2026-06-17T10:03:15.656+0800][3.749s][info][gc,task     ] GC(104) Using 1 Workers for Young Generation
[2026-06-17T10:03:15.656+0800][3.749s][info][gc,task     ] GC(104) Using 1 Workers for Old Generation
[2026-06-17T10:03:15.656+0800][3.749s][info][gc,phases   ] GC(104) Y: Young Generation (Promote All)
[2026-06-17T10:03:15.656+0800][3.749s][info][gc,phases   ] GC(104) Y: Pause Mark Start 0.013ms
[2026-06-17T10:03:15.656+0800][3.750s][info][gc,phases   ] GC(104) Y: Concurrent Mark 0.514ms
[2026-06-17T10:03:15.657+0800][3.750s][info][gc,phases   ] GC(104) Y: Pause Mark End 0.006ms
[2026-06-17T10:03:15.657+0800][3.750s][info][gc,phases   ] GC(104) Y: Concurrent Mark Free 0.000ms
[2026-06-17T10:03:15.657+0800][3.750s][info][gc,phases   ] GC(104) Y: Concurrent Reset Relocation Set 0.000ms
[2026-06-17T10:03:15.657+0800][3.751s][info][gc,reloc    ] GC(104) Y: Using tenuring threshold: 0 (Promote All)
[2026-06-17T10:03:15.658+0800][3.751s][info][gc,phases   ] GC(104) Y: Concurrent Select Relocation Set 0.887ms
[2026-06-17T10:03:15.658+0800][3.751s][info][gc,phases   ] GC(104) Y: Pause Relocate Start 0.006ms
[2026-06-17T10:03:15.658+0800][3.752s][info][gc,phases   ] GC(104) Y: Concurrent Relocate 0.121ms
[2026-06-17T10:03:15.659+0800][3.752s][info][gc,alloc    ] GC(104) Y:                         Mark Start        Mark End      Relocate Start    Relocate End   
[2026-06-17T10:03:15.659+0800][3.752s][info][gc,alloc    ] GC(104) Y: Allocation Stalls:          1                1                1                1         
[2026-06-17T10:03:15.659+0800][3.752s][info][gc,load     ] GC(104) Y: Load: 0.38 (2%) / 0.43 (2%) / 0.50 (2%)
[2026-06-17T10:03:15.659+0800][3.752s][info][gc,mmu      ] GC(104) Y: MMU: 2ms/96.6%, 5ms/98.5%, 10ms/98.9%, 20ms/99.4%, 50ms/99.6%, 100ms/99.7%
[2026-06-17T10:03:15.659+0800][3.752s][info][gc,marking  ] GC(104) Y: Mark: 1 stripe(s), 1 proactive flush(es), 1 terminate flush(es), 0 completion(s), 0 continuation(s) 
[2026-06-17T10:03:15.659+0800][3.752s][info][gc,marking  ] GC(104) Y: Mark Stack Usage: 32M
[2026-06-17T10:03:15.659+0800][3.753s][info][gc,nmethod  ] GC(104) Y: NMethods: 72 registered, 5 unregistered
[2026-06-17T10:03:15.659+0800][3.753s][info][gc,metaspace] GC(104) Y: Metaspace: 0M used, 0M committed, 1088M reserved
[2026-06-17T10:03:15.659+0800][3.753s][info][gc,reloc    ] GC(104) Y:                        Candidates     Selected     In-Place         Size        Empty    Relocated 
[2026-06-17T10:03:15.660+0800][3.753s][info][gc,reloc    ] GC(104) Y: Small Pages:                    1            0            0           2M           0M           0M 
[2026-06-17T10:03:15.660+0800][3.753s][info][gc,reloc    ] GC(104) Y: Large Pages:                    0            0            0           0M           0M           0M 
[2026-06-17T10:03:15.660+0800][3.753s][info][gc,reloc    ] GC(104) Y: Forwarding Usage: 0M
[2026-06-17T10:03:15.660+0800][3.753s][info][gc,reloc    ] GC(104) Y: Age Table:
[2026-06-17T10:03:15.660+0800][3.753s][info][gc,reloc    ] GC(104) Y:                    Live             Garbage             Small              Medium             Large        
[2026-06-17T10:03:15.660+0800][3.753s][info][gc,reloc    ] GC(104) Y: Eden                -                 0M (0%)           0 / 0              0 / 0              0 / 0        
[2026-06-17T10:03:15.660+0800][3.753s][info][gc,reloc    ] GC(104) Y: Survivor 1          -                 0M (0%)           0 / 0              0 / 0              0 / 0        
[2026-06-17T10:03:15.660+0800][3.754s][info][gc,reloc    ] GC(104) Y: Survivor 2         0M (0%)            1M (3%)           1 / 0              0 / 0              0 / 0        
[2026-06-17T10:03:15.660+0800][3.754s][info][gc,heap     ] GC(104) Y: Min Capacity: 64M(100%)
[2026-06-17T10:03:15.660+0800][3.754s][info][gc,heap     ] GC(104) Y: Max Capacity: 64M(100%)
[2026-06-17T10:03:15.660+0800][3.754s][info][gc,heap     ] GC(104) Y: Soft Max Capacity: 64M(100%)
[2026-06-17T10:03:15.661+0800][3.754s][info][gc,heap     ] GC(104) Y: Heap Statistics:
[2026-06-17T10:03:15.661+0800][3.754s][info][gc,heap     ] GC(104) Y:                Mark Start          Mark End        Relocate Start      Relocate End           High               Low         
[2026-06-17T10:03:15.661+0800][3.754s][info][gc,heap     ] GC(104) Y:  Capacity:       64M (100%)         64M (100%)         64M (100%)         64M (100%)         64M (100%)         64M (100%)   
[2026-06-17T10:03:15.661+0800][3.754s][info][gc,heap     ] GC(104) Y:      Free:        0M (0%)            0M (0%)            0M (0%)            0M (0%)            0M (0%)            0M (0%)     
[2026-06-17T10:03:15.661+0800][3.754s][info][gc,heap     ] GC(104) Y:      Used:       64M (100%)         64M (100%)         64M (100%)         64M (100%)         64M (100%)         64M (100%)   
[2026-06-17T10:03:15.661+0800][3.754s][info][gc,heap     ] GC(104) Y: Young Generation Statistics:
[2026-06-17T10:03:15.661+0800][3.755s][info][gc,heap     ] GC(104) Y:                Mark Start          Mark End        Relocate Start      Relocate End    
[2026-06-17T10:03:15.661+0800][3.755s][info][gc,heap     ] GC(104) Y:      Used:        2M (3%)            2M (3%)            0M (0%)            0M (0%)     
[2026-06-17T10:03:15.662+0800][3.755s][info][gc,heap     ] GC(104) Y:      Live:         -                 0M (0%)            0M (0%)            0M (0%)     
[2026-06-17T10:03:15.662+0800][3.755s][info][gc,heap     ] GC(104) Y:   Garbage:         -                 1M (3%)            0M (0%)            0M (0%)     
[2026-06-17T10:03:15.662+0800][3.755s][info][gc,heap     ] GC(104) Y: Allocated:         -                 0M (0%)            0M (0%)            0M (0%)     
[2026-06-17T10:03:15.662+0800][3.755s][info][gc,heap     ] GC(104) Y: Reclaimed:         -                  -                 1M (3%)            1M (3%)     
[2026-06-17T10:03:15.662+0800][3.756s][info][gc,heap     ] GC(104) Y:  Promoted:         -                  -                 0M (0%)            0M (0%)     
[2026-06-17T10:03:15.662+0800][3.756s][info][gc,heap     ] GC(104) Y: Compacted:         -                  -                  -                 0M (0%)     
[2026-06-17T10:03:15.663+0800][3.756s][info][gc,phases   ] GC(104) Y: Young Generation (Promote All) 64M(100%)->64M(100%) 0.003s
[2026-06-17T10:03:15.663+0800][3.756s][info][gc,phases   ] GC(104) Y: Young Generation (Collect Roots)
[2026-06-17T10:03:15.663+0800][3.756s][info][gc,phases   ] GC(104) Y: Pause Mark Start (Major) 0.010ms
[2026-06-17T10:03:15.663+0800][3.757s][info][gc,phases   ] GC(104) Y: Concurrent Mark 0.417ms
[2026-06-17T10:03:15.663+0800][3.757s][info][gc,phases   ] GC(104) Y: Pause Mark End 0.005ms
[2026-06-17T10:03:15.664+0800][3.757s][info][gc,phases   ] GC(104) Y: Concurrent Mark Free 0.032ms
[2026-06-17T10:03:15.664+0800][3.757s][info][gc,phases   ] GC(104) Y: Concurrent Reset Relocation Set 0.003ms
[2026-06-17T10:03:15.665+0800][3.759s][info][gc,reloc    ] GC(104) Y: Using tenuring threshold: 0 (Computed)
[2026-06-17T10:03:15.666+0800][3.759s][info][gc,phases   ] GC(104) Y: Concurrent Select Relocation Set 0.852ms
[2026-06-17T10:03:15.666+0800][3.759s][info][gc,phases   ] GC(104) Y: Pause Relocate Start 0.006ms
[2026-06-17T10:03:15.666+0800][3.759s][info][gc,phases   ] GC(104) Y: Concurrent Relocate 0.093ms
[2026-06-17T10:03:15.666+0800][3.759s][info][gc,alloc    ] GC(104) Y:                         Mark Start        Mark End      Relocate Start    Relocate End   
[2026-06-17T10:03:15.666+0800][3.759s][info][gc,alloc    ] GC(104) Y: Allocation Stalls:          1                1                1                1         
[2026-06-17T10:03:15.666+0800][3.759s][info][gc,load     ] GC(104) Y: Load: 0.38 (2%) / 0.43 (2%) / 0.50 (2%)
[2026-06-17T10:03:15.666+0800][3.760s][info][gc,mmu      ] GC(104) Y: MMU: 2ms/96.6%, 5ms/98.5%, 10ms/98.9%, 20ms/99.4%, 50ms/99.6%, 100ms/99.7%
[2026-06-17T10:03:15.666+0800][3.760s][info][gc,marking  ] GC(104) Y: Mark: 1 stripe(s), 1 proactive flush(es), 1 terminate flush(es), 0 completion(s), 0 continuation(s) 
[2026-06-17T10:03:15.666+0800][3.760s][info][gc,marking  ] GC(104) Y: Mark Stack Usage: 0M
[2026-06-17T10:03:15.667+0800][3.760s][info][gc,nmethod  ] GC(104) Y: NMethods: 72 registered, 5 unregistered
[2026-06-17T10:03:15.667+0800][3.760s][info][gc,metaspace] GC(104) Y: Metaspace: 0M used, 0M committed, 1088M reserved
[2026-06-17T10:03:15.667+0800][3.760s][info][gc,heap     ] GC(104) Y: Min Capacity: 64M(100%)
[2026-06-17T10:03:15.667+0800][3.760s][info][gc,heap     ] GC(104) Y: Max Capacity: 64M(100%)
[2026-06-17T10:03:15.667+0800][3.760s][info][gc,heap     ] GC(104) Y: Soft Max Capacity: 64M(100%)
[2026-06-17T10:03:15.667+0800][3.760s][info][gc,heap     ] GC(104) Y: Heap Statistics:
[2026-06-17T10:03:15.667+0800][3.760s][info][gc,heap     ] GC(104) Y:                Mark Start          Mark End        Relocate Start      Relocate End           High               Low         
[2026-06-17T10:03:15.667+0800][3.761s][info][gc,heap     ] GC(104) Y:  Capacity:       64M (100%)         64M (100%)         64M (100%)         64M (100%)         64M (100%)         64M (100%)   
[2026-06-17T10:03:15.667+0800][3.761s][info][gc,heap     ] GC(104) Y:      Free:        0M (0%)            0M (0%)            0M (0%)            0M (0%)            0M (0%)            0M (0%)     
[2026-06-17T10:03:15.667+0800][3.761s][info][gc,heap     ] GC(104) Y:      Used:       64M (100%)         64M (100%)         64M (100%)         64M (100%)         64M (100%)         64M (100%)   
[2026-06-17T10:03:15.668+0800][3.761s][info][gc,heap     ] GC(104) Y: Young Generation Statistics:
[2026-06-17T10:03:15.668+0800][3.761s][info][gc,heap     ] GC(104) Y:                Mark Start          Mark End        Relocate Start      Relocate End    
[2026-06-17T10:03:15.668+0800][3.761s][info][gc,heap     ] GC(104) Y:      Used:        0M (0%)            0M (0%)            0M (0%)            0M (0%)     
[2026-06-17T10:03:15.668+0800][3.761s][info][gc,heap     ] GC(104) Y:      Live:         -                 0M (0%)            0M (0%)            0M (0%)     
[2026-06-17T10:03:15.668+0800][3.761s][info][gc,heap     ] GC(104) Y:   Garbage:         -                 0M (0%)            0M (0%)            0M (0%)     
[2026-06-17T10:03:15.668+0800][3.761s][info][gc,heap     ] GC(104) Y: Allocated:         -                 0M (0%)            0M (0%)            0M (0%)     
[2026-06-17T10:03:15.668+0800][3.761s][info][gc,heap     ] GC(104) Y: Reclaimed:         -                  -                 0M (0%)            0M (0%)     
[2026-06-17T10:03:15.668+0800][3.762s][info][gc,heap     ] GC(104) Y:  Promoted:         -                  -                 0M (0%)            0M (0%)     
[2026-06-17T10:03:15.668+0800][3.762s][info][gc,heap     ] GC(104) Y: Compacted:         -                  -                  -                 0M (0%)     
[2026-06-17T10:03:15.668+0800][3.762s][info][gc,phases   ] GC(104) Y: Young Generation (Collect Roots) 64M(100%)->64M(100%) 0.003s
[2026-06-17T10:03:15.669+0800][3.762s][info][gc,phases   ] GC(104) O: Old Generation
[2026-06-17T10:03:15.670+0800][3.763s][info][gc,phases   ] GC(104) O: Concurrent Mark 0.996ms
[2026-06-17T10:03:15.670+0800][3.763s][info][gc,phases   ] GC(104) O: Pause Mark End 0.006ms
[2026-06-17T10:03:15.670+0800][3.763s][info][gc,phases   ] GC(104) O: Concurrent Mark Free 0.000ms
[2026-06-17T10:03:15.670+0800][3.763s][info][gc,ref      ] GC(104) O: Clearing All SoftReferences
[2026-06-17T10:03:15.671+0800][3.764s][info][gc,phases   ] GC(104) O: Concurrent Process Non-Strong 0.577ms
[2026-06-17T10:03:15.671+0800][3.764s][info][gc,phases   ] GC(104) O: Concurrent Reset Relocation Set 0.001ms
[2026-06-17T10:03:15.671+0800][3.765s][info][gc,phases   ] GC(104) O: Concurrent Select Relocation Set 0.578ms
[2026-06-17T10:03:15.672+0800][3.765s][info][gc,task     ] GC(104) O: Using 1 Workers for Old Generation
[2026-06-17T10:03:15.685+0800][3.778s][info][gc,task     ] GC(104) O: Using 1 Workers for Old Generation
[2026-06-17T10:03:15.686+0800][3.779s][info][gc,phases   ] GC(104) O: Concurrent Remap Roots 14.418ms
[2026-06-17T10:03:15.686+0800][3.780s][info][gc,phases   ] GC(104) O: Pause Relocate Start 0.014ms
[2026-06-17T10:03:15.687+0800][3.780s][info][gc          ] Allocation Stall (main) 117.923ms
[2026-06-17T10:03:15.687+0800][3.781s][info][gc,phases   ] GC(104) O: Concurrent Relocate 0.748ms
[2026-06-17T10:03:15.687+0800][3.781s][info][gc,alloc    ] GC(104) O:                         Mark Start        Mark End      Relocate Start    Relocate End   
[2026-06-17T10:03:15.688+0800][3.781s][info][gc,alloc    ] GC(104) O: Allocation Stalls:          1                1                1                0         
[2026-06-17T10:03:15.688+0800][3.781s][info][gc,load     ] GC(104) O: Load: 0.38 (2%) / 0.43 (2%) / 0.50 (2%)
[2026-06-17T10:03:15.688+0800][3.781s][info][gc,mmu      ] GC(104) O: MMU: 2ms/96.6%, 5ms/98.5%, 10ms/98.9%, 20ms/99.4%, 50ms/99.6%, 100ms/99.7%
[2026-06-17T10:03:15.688+0800][3.781s][info][gc,marking  ] GC(104) O: Mark: 1 stripe(s), 1 proactive flush(es), 1 terminate flush(es), 0 completion(s), 0 continuation(s) 
[2026-06-17T10:03:15.688+0800][3.781s][info][gc,marking  ] GC(104) O: Mark Stack Usage: 32M
[2026-06-17T10:03:15.688+0800][3.781s][info][gc,nmethod  ] GC(104) O: NMethods: 72 registered, 5 unregistered
[2026-06-17T10:03:15.688+0800][3.782s][info][gc,metaspace] GC(104) O: Metaspace: 0M used, 0M committed, 1088M reserved
[2026-06-17T10:03:15.688+0800][3.782s][info][gc,ref      ] GC(104) O:                       Encountered   Discovered     Enqueued 
[2026-06-17T10:03:15.689+0800][3.782s][info][gc,ref      ] GC(104) O: Soft References:                0            0            0 
[2026-06-17T10:03:15.689+0800][3.782s][info][gc,ref      ] GC(104) O: Weak References:                6            0            0 
[2026-06-17T10:03:15.690+0800][3.783s][info][gc,ref      ] GC(104) O: Final References:               0            0            0 
[2026-06-17T10:03:15.691+0800][3.784s][info][gc,ref      ] GC(104) O: Phantom References:             1            1            0 
[2026-06-17T10:03:15.692+0800][3.785s][info][gc,reloc    ] GC(104) O:                        Candidates     Selected     In-Place         Size        Empty    Relocated 
[2026-06-17T10:03:15.695+0800][3.788s][info][gc,reloc    ] GC(104) O: Small Pages:                    8            3            1          16M           0M           2M 
[2026-06-17T10:03:15.701+0800][3.794s][info][gc,reloc    ] GC(104) O: Large Pages:                   24            0            0          48M           0M           0M 
[2026-06-17T10:03:15.702+0800][3.795s][info][gc,reloc    ] GC(104) O: Forwarding Usage: 0M
[2026-06-17T10:03:15.703+0800][3.796s][info][gc,heap     ] GC(104) O: Min Capacity: 64M(100%)
[2026-06-17T10:03:15.703+0800][3.796s][info][gc,heap     ] GC(104) O: Max Capacity: 64M(100%)
[2026-06-17T10:03:15.705+0800][3.799s][info][gc,heap     ] GC(104) O: Soft Max Capacity: 64M(100%)
[2026-06-17T10:03:15.707+0800][3.800s][info][gc,heap     ] GC(104) O: Heap Statistics:
[2026-06-17T10:03:15.707+0800][3.801s][info][gc,heap     ] GC(104) O:                Mark Start          Mark End        Relocate Start      Relocate End           High               Low         
[2026-06-17T10:03:15.708+0800][3.801s][info][gc,heap     ] GC(104) O:  Capacity:       64M (100%)         64M (100%)         64M (100%)         64M (100%)         64M (100%)         64M (100%)   
[2026-06-17T10:03:15.708+0800][3.801s][info][gc,heap     ] GC(104) O:      Free:        0M (0%)            0M (0%)            0M (0%)            4M (6%)            4M (6%)            0M (0%)     
[2026-06-17T10:03:15.708+0800][3.801s][info][gc,heap     ] GC(104) O:      Used:       64M (100%)         64M (100%)         64M (100%)         60M (94%)          64M (100%)         60M (94%)    
[2026-06-17T10:03:15.708+0800][3.802s][info][gc,heap     ] GC(104) O: Old Generation Statistics:
[2026-06-17T10:03:15.711+0800][3.804s][info][gc,heap     ] GC(104) O:                Mark Start          Mark End        Relocate Start      Relocate End    
[2026-06-17T10:03:15.720+0800][3.813s][info][gc,heap     ] GC(104) O:      Used:       64M (100%)         64M (100%)         64M (100%)         58M (91%)    
[2026-06-17T10:03:15.721+0800][3.814s][info][gc,heap     ] GC(104) O:      Live:         -                56M (88%)          56M (88%)          56M (88%)    
[2026-06-17T10:03:15.721+0800][3.814s][info][gc,heap     ] GC(104) O:   Garbage:         -                 7M (12%)           7M (12%)           0M (1%)     
[2026-06-17T10:03:15.722+0800][3.815s][info][gc,heap     ] GC(104) O: Allocated:         -                 0M (0%)            0M (0%)            0M (1%)     
[2026-06-17T10:03:15.732+0800][3.826s][info][gc,heap     ] GC(104) O: Reclaimed:         -                  -                 0M (0%)            6M (11%)    
[2026-06-17T10:03:15.733+0800][3.826s][info][gc,heap     ] GC(104) O: Compacted:         -                  -                  -                 5M (8%)     
[2026-06-17T10:03:15.737+0800][3.830s][info][gc,phases   ] GC(104) O: Old Generation 64M(100%)->60M(94%) 0.019s
[2026-06-17T10:03:15.741+0800][3.834s][info][gc          ] GC(104) Major Collection (Allocation Stall) 64M(100%)->64M(100%) 0.086s
[2026-06-17T10:03:15.743+0800][3.837s][info][gc          ] GC(105) Minor Collection (Allocation Stall)
[2026-06-17T10:03:15.744+0800][3.838s][info][gc,task     ] GC(105) Using 1 Workers for Young Generation
[2026-06-17T10:03:15.747+0800][3.840s][info][gc,phases   ] GC(105) y: Young Generation
[2026-06-17T10:03:15.747+0800][3.841s][info][gc,phases   ] GC(105) y: Pause Mark Start 0.014ms
[2026-06-17T10:03:15.749+0800][3.842s][info][gc,phases   ] GC(105) y: Concurrent Mark 0.507ms
[2026-06-17T10:03:15.749+0800][3.843s][info][gc,phases   ] GC(105) y: Pause Mark End 0.010ms
[2026-06-17T10:03:15.750+0800][3.843s][info][gc,phases   ] GC(105) y: Concurrent Mark Free 0.002ms
[2026-06-17T10:03:15.751+0800][3.844s][info][gc,phases   ] GC(105) y: Concurrent Reset Relocation Set 0.001ms
[2026-06-17T10:03:15.752+0800][3.845s][info][gc,reloc    ] GC(105) y: Using tenuring threshold: 1 (Computed)
[2026-06-17T10:03:15.752+0800][3.846s][info][gc          ] Allocation Stall (main) 44.496ms
[2026-06-17T10:03:15.754+0800][3.847s][info][gc,phases   ] GC(105) y: Concurrent Select Relocation Set 2.338ms
[2026-06-17T10:03:15.757+0800][3.850s][info][gc,phases   ] GC(105) y: Pause Relocate Start 0.009ms
[2026-06-17T10:03:15.759+0800][3.853s][info][gc,phases   ] GC(105) y: Concurrent Relocate 0.087ms
[2026-06-17T10:03:15.761+0800][3.855s][info][gc,alloc    ] GC(105) y:                         Mark Start        Mark End      Relocate Start    Relocate End   
[2026-06-17T10:03:15.762+0800][3.855s][info][gc,alloc    ] GC(105) y: Allocation Stalls:          1                1                1                1         
[2026-06-17T10:03:15.764+0800][3.857s][info][gc,load     ] GC(105) y: Load: 0.38 (2%) / 0.43 (2%) / 0.50 (2%)
[2026-06-17T10:03:15.766+0800][3.859s][info][gc,mmu      ] GC(105) y: MMU: 2ms/96.6%, 5ms/98.5%, 10ms/98.9%, 20ms/99.4%, 50ms/99.6%, 100ms/99.7%
[2026-06-17T10:03:15.768+0800][3.862s][info][gc,marking  ] GC(105) y: Mark: 1 stripe(s), 1 proactive flush(es), 1 terminate flush(es), 0 completion(s), 0 continuation(s) 
[2026-06-17T10:03:15.769+0800][3.862s][info][gc,marking  ] GC(105) y: Mark Stack Usage: 32M
[2026-06-17T10:03:15.771+0800][3.864s][info][gc,nmethod  ] GC(105) y: NMethods: 72 registered, 5 unregistered
[2026-06-17T10:03:15.775+0800][3.868s][info][gc,metaspace] GC(105) y: Metaspace: 0M used, 0M committed, 1088M reserved
[2026-06-17T10:03:15.775+0800][3.868s][info][gc,reloc    ] GC(105) y:                        Candidates     Selected     In-Place         Size        Empty    Relocated 
[2026-06-17T10:03:15.775+0800][3.869s][info][gc,reloc    ] GC(105) y: Small Pages:                    3            0            0           6M           2M           0M 
[2026-06-17T10:03:15.776+0800][3.869s][info][gc,reloc    ] GC(105) y: Large Pages:                    0            0            0           0M           0M           0M 
[2026-06-17T10:03:15.777+0800][3.870s][info][gc,reloc    ] GC(105) y: Forwarding Usage: 0M
[2026-06-17T10:03:15.780+0800][3.873s][info][gc,reloc    ] GC(105) y: Age Table:
[2026-06-17T10:03:15.780+0800][3.874s][info][gc,reloc    ] GC(105) y:                    Live             Garbage             Small              Medium             Large        
[2026-06-17T10:03:15.783+0800][3.877s][info][gc,reloc    ] GC(105) y: Eden               2M (4%)            3M (6%)           3 / 0              0 / 0              0 / 0        
[2026-06-17T10:03:15.786+0800][3.880s][info][gc,heap     ] GC(105) y: Min Capacity: 64M(100%)
[2026-06-17T10:03:15.787+0800][3.880s][info][gc,heap     ] GC(105) y: Max Capacity: 64M(100%)
[2026-06-17T10:03:15.789+0800][3.882s][info][gc,heap     ] GC(105) y: Soft Max Capacity: 64M(100%)
[2026-06-17T10:03:15.791+0800][3.884s][info][gc,heap     ] GC(105) y: Heap Statistics:
[2026-06-17T10:03:15.793+0800][3.886s][info][gc,heap     ] GC(105) y:                Mark Start          Mark End        Relocate Start      Relocate End           High               Low         
[2026-06-17T10:03:15.797+0800][3.890s][info][gc,heap     ] GC(105) y:  Capacity:       64M (100%)         64M (100%)         64M (100%)         64M (100%)         64M (100%)         64M (100%)   
[2026-06-17T10:03:15.798+0800][3.892s][info][gc,heap     ] GC(105) y:      Free:        0M (0%)            0M (0%)            0M (0%)            0M (0%)            2M (3%)            0M (0%)     
[2026-06-17T10:03:15.800+0800][3.893s][info][gc,heap     ] GC(105) y:      Used:       64M (100%)         64M (100%)         64M (100%)         64M (100%)         64M (100%)         62M (97%)    
[2026-06-17T10:03:15.802+0800][3.895s][info][gc,heap     ] GC(105) y: Young Generation Statistics:
[2026-06-17T10:03:15.804+0800][3.897s][info][gc,heap     ] GC(105) y:                Mark Start          Mark End        Relocate Start      Relocate End    
[2026-06-17T10:03:15.805+0800][3.898s][info][gc,heap     ] GC(105) y:      Used:        6M (9%)            6M (9%)            6M (9%)            6M (9%)     
[2026-06-17T10:03:15.805+0800][3.899s][info][gc,heap     ] GC(105) y:      Live:         -                 2M (4%)            2M (4%)            2M (4%)     
[2026-06-17T10:03:15.807+0800][3.900s][info][gc,heap     ] GC(105) y:   Garbage:         -                 3M (6%)            1M (3%)            1M (3%)     
[2026-06-17T10:03:15.808+0800][3.901s][info][gc,heap     ] GC(105) y: Allocated:         -                 0M (0%)            2M (3%)            2M (3%)     
[2026-06-17T10:03:15.808+0800][3.902s][info][gc,heap     ] GC(105) y: Reclaimed:         -                  -                 2M (3%)            2M (3%)     
[2026-06-17T10:03:15.809+0800][3.902s][info][gc,heap     ] GC(105) y:  Promoted:         -                  -                 0M (0%)            0M (0%)     
[2026-06-17T10:03:15.809+0800][3.902s][info][gc,heap     ] GC(105) y: Compacted:         -                  -                  -                 0M (0%)     
[2026-06-17T10:03:15.809+0800][3.902s][info][gc,phases   ] GC(105) y: Young Generation 64M(100%)->64M(100%) 0.015s
[2026-06-17T10:03:15.809+0800][3.902s][info][gc          ] GC(105) Minor Collection (Allocation Stall) 64M(100%)->64M(100%) 0.066s
[2026-06-17T10:03:15.809+0800][3.902s][info][gc          ] GC(106) Minor Collection (Allocation Stall)
[2026-06-17T10:03:15.809+0800][3.903s][info][gc,task     ] GC(106) Using 1 Workers for Young Generation
[2026-06-17T10:03:15.809+0800][3.903s][info][gc,phases   ] GC(106) y: Young Generation
[2026-06-17T10:03:15.810+0800][3.903s][info][gc,phases   ] GC(106) y: Pause Mark Start 0.014ms
[2026-06-17T10:03:15.811+0800][3.904s][info][gc,phases   ] GC(106) y: Concurrent Mark 0.715ms
[2026-06-17T10:03:15.811+0800][3.904s][info][gc,phases   ] GC(106) y: Pause Mark End 0.007ms
[2026-06-17T10:03:15.811+0800][3.905s][info][gc,phases   ] GC(106) y: Concurrent Mark Free 0.004ms
[2026-06-17T10:03:15.811+0800][3.905s][info][gc,phases   ] GC(106) y: Concurrent Reset Relocation Set 0.000ms
[2026-06-17T10:03:15.812+0800][3.905s][info][gc,reloc    ] GC(106) y: Using tenuring threshold: 2 (Computed)
[2026-06-17T10:03:15.812+0800][3.906s][info][gc,phases   ] GC(106) y: Concurrent Select Relocation Set 0.739ms
[2026-06-17T10:03:15.812+0800][3.906s][info][gc,phases   ] GC(106) y: Pause Relocate Start 0.005ms
[2026-06-17T10:03:15.813+0800][3.906s][info][gc,phases   ] GC(106) y: Concurrent Relocate 0.087ms
[2026-06-17T10:03:15.813+0800][3.906s][info][gc,alloc    ] GC(106) y:                         Mark Start        Mark End      Relocate Start    Relocate End   
[2026-06-17T10:03:15.813+0800][3.906s][info][gc,alloc    ] GC(106) y: Allocation Stalls:          1                1                1                1         
[2026-06-17T10:03:15.813+0800][3.906s][info][gc,load     ] GC(106) y: Load: 0.38 (2%) / 0.43 (2%) / 0.50 (2%)
[2026-06-17T10:03:15.813+0800][3.906s][info][gc,mmu      ] GC(106) y: MMU: 2ms/96.6%, 5ms/98.5%, 10ms/98.9%, 20ms/99.4%, 50ms/99.6%, 100ms/99.7%
[2026-06-17T10:03:15.813+0800][3.906s][info][gc,marking  ] GC(106) y: Mark: 1 stripe(s), 1 proactive flush(es), 1 terminate flush(es), 0 completion(s), 0 continuation(s) 
[2026-06-17T10:03:15.813+0800][3.906s][info][gc,marking  ] GC(106) y: Mark Stack Usage: 32M
[2026-06-17T10:03:15.813+0800][3.906s][info][gc,nmethod  ] GC(106) y: NMethods: 72 registered, 5 unregistered
[2026-06-17T10:03:15.813+0800][3.907s][info][gc,metaspace] GC(106) y: Metaspace: 0M used, 0M committed, 1088M reserved
[2026-06-17T10:03:15.813+0800][3.907s][info][gc,reloc    ] GC(106) y:                        Candidates     Selected     In-Place         Size        Empty    Relocated 
[2026-06-17T10:03:15.813+0800][3.907s][info][gc,reloc    ] GC(106) y: Small Pages:                    3            0            0           6M           0M           0M 
[2026-06-17T10:03:15.813+0800][3.907s][info][gc,reloc    ] GC(106) y: Large Pages:                    0            0            0           0M           0M           0M 
[2026-06-17T10:03:15.814+0800][3.907s][info][gc,reloc    ] GC(106) y: Forwarding Usage: 0M
[2026-06-17T10:03:15.814+0800][3.907s][info][gc,reloc    ] GC(106) y: Age Table:
[2026-06-17T10:03:15.814+0800][3.907s][info][gc,reloc    ] GC(106) y:                    Live             Garbage             Small              Medium             Large        
[2026-06-17T10:03:15.814+0800][3.907s][info][gc,reloc    ] GC(106) y: Eden               1M (3%)            0M (0%)           1 / 0              0 / 0              0 / 0        
[2026-06-17T10:03:15.814+0800][3.907s][info][gc,reloc    ] GC(106) y: Survivor 1         2M (4%)            1M (3%)           2 / 0              0 / 0              0 / 0        
[2026-06-17T10:03:15.814+0800][3.907s][info][gc,heap     ] GC(106) y: Min Capacity: 64M(100%)
[2026-06-17T10:03:15.814+0800][3.907s][info][gc,heap     ] GC(106) y: Max Capacity: 64M(100%)
[2026-06-17T10:03:15.814+0800][3.907s][info][gc,heap     ] GC(106) y: Soft Max Capacity: 64M(100%)
[2026-06-17T10:03:15.814+0800][3.907s][info][gc,heap     ] GC(106) y: Heap Statistics:
[2026-06-17T10:03:15.814+0800][3.908s][info][gc,heap     ] GC(106) y:                Mark Start          Mark End        Relocate Start      Relocate End           High               Low         
[2026-06-17T10:03:15.814+0800][3.908s][info][gc,heap     ] GC(106) y:  Capacity:       64M (100%)         64M (100%)         64M (100%)         64M (100%)         64M (100%)         64M (100%)   
[2026-06-17T10:03:15.814+0800][3.908s][info][gc,heap     ] GC(106) y:      Free:        0M (0%)            0M (0%)            0M (0%)            0M (0%)            0M (0%)            0M (0%)     
[2026-06-17T10:03:15.814+0800][3.908s][info][gc,heap     ] GC(106) y:      Used:       64M (100%)         64M (100%)         64M (100%)         64M (100%)         64M (100%)         64M (100%)   
[2026-06-17T10:03:15.815+0800][3.908s][info][gc,heap     ] GC(106) y: Young Generation Statistics:
[2026-06-17T10:03:15.815+0800][3.908s][info][gc,heap     ] GC(106) y:                Mark Start          Mark End        Relocate Start      Relocate End    
[2026-06-17T10:03:15.815+0800][3.908s][info][gc,heap     ] GC(106) y:      Used:        6M (9%)            6M (9%)            6M (9%)            6M (9%)     
[2026-06-17T10:03:15.815+0800][3.908s][info][gc,heap     ] GC(106) y:      Live:         -                 4M (7%)            4M (7%)            4M (7%)     
[2026-06-17T10:03:15.815+0800][3.908s][info][gc,heap     ] GC(106) y:   Garbage:         -                 1M (3%)            1M (3%)            1M (3%)     
[2026-06-17T10:03:15.815+0800][3.908s][info][gc,heap     ] GC(106) y: Allocated:         -                 0M (0%)            0M (0%)            0M (0%)     
[2026-06-17T10:03:15.815+0800][3.908s][info][gc,heap     ] GC(106) y: Reclaimed:         -                  -                 0M (0%)            0M (0%)     
[2026-06-17T10:03:15.815+0800][3.908s][info][gc,heap     ] GC(106) y:  Promoted:         -                  -                 0M (0%)            0M (0%)     
[2026-06-17T10:03:15.815+0800][3.908s][info][gc,heap     ] GC(106) y: Compacted:         -                  -                  -                 0M (0%)     
[2026-06-17T10:03:15.815+0800][3.909s][info][gc,phases   ] GC(106) y: Young Generation 64M(100%)->64M(100%) 0.003s
[2026-06-17T10:03:15.815+0800][3.909s][info][gc          ] GC(106) Minor Collection (Allocation Stall) 64M(100%)->64M(100%) 0.006s
[2026-06-17T10:03:15.815+0800][3.909s][info][gc          ] GC(107) Major Collection (Allocation Stall)
[2026-06-17T10:03:15.816+0800][3.909s][info][gc,task     ] GC(107) Using 1 Workers for Young Generation
[2026-06-17T10:03:15.816+0800][3.909s][info][gc,task     ] GC(107) Using 1 Workers for Old Generation
[2026-06-17T10:03:15.816+0800][3.909s][info][gc,phases   ] GC(107) Y: Young Generation (Promote All)
[2026-06-17T10:03:15.816+0800][3.909s][info][gc,phases   ] GC(107) Y: Pause Mark Start 0.008ms
[2026-06-17T10:03:15.817+0800][3.910s][info][gc,phases   ] GC(107) Y: Concurrent Mark 0.418ms
[2026-06-17T10:03:15.817+0800][3.910s][info][gc,phases   ] GC(107) Y: Pause Mark End 0.005ms
[2026-06-17T10:03:15.817+0800][3.910s][info][gc,phases   ] GC(107) Y: Concurrent Mark Free 0.001ms
[2026-06-17T10:03:15.817+0800][3.910s][info][gc,phases   ] GC(107) Y: Concurrent Reset Relocation Set 0.000ms
[2026-06-17T10:03:15.818+0800][3.911s][info][gc,reloc    ] GC(107) Y: Using tenuring threshold: 0 (Promote All)
[2026-06-17T10:03:15.818+0800][3.911s][info][gc,phases   ] GC(107) Y: Concurrent Select Relocation Set 0.834ms
[2026-06-17T10:03:15.818+0800][3.911s][info][gc,phases   ] GC(107) Y: Pause Relocate Start 0.003ms
[2026-06-17T10:03:15.818+0800][3.912s][info][gc,phases   ] GC(107) Y: Concurrent Relocate 0.122ms
[2026-06-17T10:03:15.818+0800][3.912s][info][gc,alloc    ] GC(107) Y:                         Mark Start        Mark End      Relocate Start    Relocate End   
[2026-06-17T10:03:15.818+0800][3.912s][info][gc,alloc    ] GC(107) Y: Allocation Stalls:          1                1                1                1         
[2026-06-17T10:03:15.819+0800][3.912s][info][gc,load     ] GC(107) Y: Load: 0.38 (2%) / 0.43 (2%) / 0.50 (2%)
[2026-06-17T10:03:15.819+0800][3.912s][info][gc,mmu      ] GC(107) Y: MMU: 2ms/96.6%, 5ms/98.5%, 10ms/98.9%, 20ms/99.4%, 50ms/99.6%, 100ms/99.7%
[2026-06-17T10:03:15.819+0800][3.912s][info][gc,marking  ] GC(107) Y: Mark: 1 stripe(s), 1 proactive flush(es), 1 terminate flush(es), 0 completion(s), 0 continuation(s) 
[2026-06-17T10:03:15.819+0800][3.912s][info][gc,marking  ] GC(107) Y: Mark Stack Usage: 32M
[2026-06-17T10:03:15.819+0800][3.912s][info][gc,nmethod  ] GC(107) Y: NMethods: 72 registered, 5 unregistered
[2026-06-17T10:03:15.819+0800][3.912s][info][gc,metaspace] GC(107) Y: Metaspace: 0M used, 0M committed, 1088M reserved
[2026-06-17T10:03:15.819+0800][3.912s][info][gc,reloc    ] GC(107) Y:                        Candidates     Selected     In-Place         Size        Empty    Relocated 
[2026-06-17T10:03:15.819+0800][3.912s][info][gc,reloc    ] GC(107) Y: Small Pages:                    3            0            0           6M           0M           0M 
[2026-06-17T10:03:15.819+0800][3.912s][info][gc,reloc    ] GC(107) Y: Large Pages:                    0            0            0           0M           0M           0M 
[2026-06-17T10:03:15.819+0800][3.912s][info][gc,reloc    ] GC(107) Y: Forwarding Usage: 0M
[2026-06-17T10:03:15.819+0800][3.913s][info][gc,reloc    ] GC(107) Y: Age Table:
[2026-06-17T10:03:15.819+0800][3.913s][info][gc,reloc    ] GC(107) Y:                    Live             Garbage             Small              Medium             Large        
[2026-06-17T10:03:15.819+0800][3.913s][info][gc,reloc    ] GC(107) Y: Eden                -                 0M (0%)           0 / 0              0 / 0              0 / 0        
[2026-06-17T10:03:15.819+0800][3.913s][info][gc,reloc    ] GC(107) Y: Survivor 1         1M (3%)            0M (0%)           1 / 0              0 / 0              0 / 0        
[2026-06-17T10:03:15.820+0800][3.913s][info][gc,reloc    ] GC(107) Y: Survivor 2         2M (4%)            1M (3%)           2 / 0              0 / 0              0 / 0        
[2026-06-17T10:03:15.820+0800][3.913s][info][gc,heap     ] GC(107) Y: Min Capacity: 64M(100%)
[2026-06-17T10:03:15.820+0800][3.913s][info][gc,heap     ] GC(107) Y: Max Capacity: 64M(100%)
[2026-06-17T10:03:15.820+0800][3.913s][info][gc,heap     ] GC(107) Y: Soft Max Capacity: 64M(100%)
[2026-06-17T10:03:15.820+0800][3.913s][info][gc,heap     ] GC(107) Y: Heap Statistics:
[2026-06-17T10:03:15.820+0800][3.913s][info][gc,heap     ] GC(107) Y:                Mark Start          Mark End        Relocate Start      Relocate End           High               Low         
[2026-06-17T10:03:15.820+0800][3.913s][info][gc,heap     ] GC(107) Y:  Capacity:       64M (100%)         64M (100%)         64M (100%)         64M (100%)         64M (100%)         64M (100%)   
[2026-06-17T10:03:15.820+0800][3.913s][info][gc,heap     ] GC(107) Y:      Free:        0M (0%)            0M (0%)            0M (0%)            0M (0%)            0M (0%)            0M (0%)     
[2026-06-17T10:03:15.820+0800][3.913s][info][gc,heap     ] GC(107) Y:      Used:       64M (100%)         64M (100%)         64M (100%)         64M (100%)         64M (100%)         64M (100%)   
[2026-06-17T10:03:15.820+0800][3.914s][info][gc,heap     ] GC(107) Y: Young Generation Statistics:
[2026-06-17T10:03:15.820+0800][3.914s][info][gc,heap     ] GC(107) Y:                Mark Start          Mark End        Relocate Start      Relocate End    
[2026-06-17T10:03:15.820+0800][3.914s][info][gc,heap     ] GC(107) Y:      Used:        6M (9%)            6M (9%)            0M (0%)            0M (0%)     
[2026-06-17T10:03:15.820+0800][3.914s][info][gc,heap     ] GC(107) Y:      Live:         -                 4M (7%)            0M (0%)            0M (0%)     
[2026-06-17T10:03:15.820+0800][3.914s][info][gc,heap     ] GC(107) Y:   Garbage:         -                 1M (3%)            0M (0%)            0M (0%)     
[2026-06-17T10:03:15.821+0800][3.914s][info][gc,heap     ] GC(107) Y: Allocated:         -                 0M (0%)            0M (0%)            0M (0%)     
[2026-06-17T10:03:15.821+0800][3.914s][info][gc,heap     ] GC(107) Y: Reclaimed:         -                  -                 1M (3%)            1M (3%)     
[2026-06-17T10:03:15.821+0800][3.914s][info][gc,heap     ] GC(107) Y:  Promoted:         -                  -                 4M (7%)            4M (7%)     
[2026-06-17T10:03:15.821+0800][3.914s][info][gc,heap     ] GC(107) Y: Compacted:         -                  -                  -                 0M (0%)     
[2026-06-17T10:03:15.821+0800][3.914s][info][gc,phases   ] GC(107) Y: Young Generation (Promote All) 64M(100%)->64M(100%) 0.002s
[2026-06-17T10:03:15.821+0800][3.914s][info][gc,phases   ] GC(107) Y: Young Generation (Collect Roots)
[2026-06-17T10:03:15.821+0800][3.914s][info][gc,phases   ] GC(107) Y: Pause Mark Start (Major) 0.007ms
[2026-06-17T10:03:15.822+0800][3.915s][info][gc,phases   ] GC(107) Y: Concurrent Mark 0.419ms
[2026-06-17T10:03:15.822+0800][3.915s][info][gc,phases   ] GC(107) Y: Pause Mark End 0.006ms
[2026-06-17T10:03:15.822+0800][3.916s][info][gc,phases   ] GC(107) Y: Concurrent Mark Free 0.036ms
[2026-06-17T10:03:15.822+0800][3.916s][info][gc,phases   ] GC(107) Y: Concurrent Reset Relocation Set 0.004ms
[2026-06-17T10:03:15.823+0800][3.916s][info][gc,reloc    ] GC(107) Y: Using tenuring threshold: 0 (Computed)
[2026-06-17T10:03:15.823+0800][3.917s][info][gc,phases   ] GC(107) Y: Concurrent Select Relocation Set 0.795ms
[2026-06-17T10:03:15.823+0800][3.917s][info][gc,phases   ] GC(107) Y: Pause Relocate Start 0.004ms
[2026-06-17T10:03:15.824+0800][3.917s][info][gc,phases   ] GC(107) Y: Concurrent Relocate 0.086ms
[2026-06-17T10:03:15.824+0800][3.917s][info][gc,alloc    ] GC(107) Y:                         Mark Start        Mark End      Relocate Start    Relocate End   
[2026-06-17T10:03:15.824+0800][3.917s][info][gc,alloc    ] GC(107) Y: Allocation Stalls:          1                1                1                1         
[2026-06-17T10:03:15.824+0800][3.917s][info][gc,load     ] GC(107) Y: Load: 0.38 (2%) / 0.43 (2%) / 0.50 (2%)
[2026-06-17T10:03:15.824+0800][3.917s][info][gc,mmu      ] GC(107) Y: MMU: 2ms/96.6%, 5ms/98.5%, 10ms/98.9%, 20ms/99.4%, 50ms/99.6%, 100ms/99.7%
[2026-06-17T10:03:15.824+0800][3.917s][info][gc,marking  ] GC(107) Y: Mark: 1 stripe(s), 1 proactive flush(es), 1 terminate flush(es), 0 completion(s), 0 continuation(s) 
[2026-06-17T10:03:15.824+0800][3.917s][info][gc,marking  ] GC(107) Y: Mark Stack Usage: 0M
[2026-06-17T10:03:15.824+0800][3.917s][info][gc,nmethod  ] GC(107) Y: NMethods: 72 registered, 5 unregistered
[2026-06-17T10:03:15.824+0800][3.918s][info][gc,metaspace] GC(107) Y: Metaspace: 0M used, 0M committed, 1088M reserved
[2026-06-17T10:03:15.824+0800][3.918s][info][gc,heap     ] GC(107) Y: Min Capacity: 64M(100%)
[2026-06-17T10:03:15.825+0800][3.918s][info][gc,heap     ] GC(107) Y: Max Capacity: 64M(100%)
[2026-06-17T10:03:15.825+0800][3.918s][info][gc,heap     ] GC(107) Y: Soft Max Capacity: 64M(100%)
[2026-06-17T10:03:15.825+0800][3.918s][info][gc,heap     ] GC(107) Y: Heap Statistics:
[2026-06-17T10:03:15.825+0800][3.918s][info][gc,heap     ] GC(107) Y:                Mark Start          Mark End        Relocate Start      Relocate End           High               Low         
[2026-06-17T10:03:15.825+0800][3.918s][info][gc,heap     ] GC(107) Y:  Capacity:       64M (100%)         64M (100%)         64M (100%)         64M (100%)         64M (100%)         64M (100%)   
[2026-06-17T10:03:15.825+0800][3.918s][info][gc,heap     ] GC(107) Y:      Free:        0M (0%)            0M (0%)            0M (0%)            0M (0%)            0M (0%)            0M (0%)     
[2026-06-17T10:03:15.825+0800][3.919s][info][gc,heap     ] GC(107) Y:      Used:       64M (100%)         64M (100%)         64M (100%)         64M (100%)         64M (100%)         64M (100%)   
[2026-06-17T10:03:15.825+0800][3.919s][info][gc,heap     ] GC(107) Y: Young Generation Statistics:
[2026-06-17T10:03:15.825+0800][3.919s][info][gc,heap     ] GC(107) Y:                Mark Start          Mark End        Relocate Start      Relocate End    
[2026-06-17T10:03:15.825+0800][3.919s][info][gc,heap     ] GC(107) Y:      Used:        0M (0%)            0M (0%)            0M (0%)            0M (0%)     
[2026-06-17T10:03:15.825+0800][3.919s][info][gc,heap     ] GC(107) Y:      Live:         -                 0M (0%)            0M (0%)            0M (0%)     
[2026-06-17T10:03:15.826+0800][3.919s][info][gc,heap     ] GC(107) Y:   Garbage:         -                 0M (0%)            0M (0%)            0M (0%)     
[2026-06-17T10:03:15.826+0800][3.919s][info][gc,heap     ] GC(107) Y: Allocated:         -                 0M (0%)            0M (0%)            0M (0%)     
[2026-06-17T10:03:15.826+0800][3.919s][info][gc,heap     ] GC(107) Y: Reclaimed:         -                  -                 0M (0%)            0M (0%)     
[2026-06-17T10:03:15.826+0800][3.919s][info][gc,heap     ] GC(107) Y:  Promoted:         -                  -                 0M (0%)            0M (0%)     
[2026-06-17T10:03:15.826+0800][3.919s][info][gc,heap     ] GC(107) Y: Compacted:         -                  -                  -                 0M (0%)     
[2026-06-17T10:03:15.826+0800][3.919s][info][gc,phases   ] GC(107) Y: Young Generation (Collect Roots) 64M(100%)->64M(100%) 0.003s
[2026-06-17T10:03:15.826+0800][3.919s][info][gc,phases   ] GC(107) O: Old Generation
[2026-06-17T10:03:15.827+0800][3.920s][info][gc,phases   ] GC(107) O: Concurrent Mark 0.935ms
[2026-06-17T10:03:15.827+0800][3.921s][info][gc,phases   ] GC(107) O: Pause Mark End 0.005ms
[2026-06-17T10:03:15.827+0800][3.921s][info][gc,phases   ] GC(107) O: Concurrent Mark Free 0.000ms
[2026-06-17T10:03:15.827+0800][3.921s][info][gc,ref      ] GC(107) O: Clearing All SoftReferences
[2026-06-17T10:03:15.828+0800][3.921s][info][gc,phases   ] GC(107) O: Concurrent Process Non-Strong 0.326ms
[2026-06-17T10:03:15.828+0800][3.921s][info][gc,phases   ] GC(107) O: Concurrent Reset Relocation Set 0.001ms
[2026-06-17T10:03:15.829+0800][3.922s][info][gc          ] Allocation Stall (main) 72.068ms
[2026-06-17T10:03:15.829+0800][3.922s][info][gc,phases   ] GC(107) O: Concurrent Select Relocation Set 0.677ms
[2026-06-17T10:03:15.829+0800][3.922s][info][gc,task     ] GC(107) O: Using 1 Workers for Old Generation
[2026-06-17T10:03:15.842+0800][3.935s][info][gc,task     ] GC(107) O: Using 1 Workers for Old Generation
[2026-06-17T10:03:15.843+0800][3.936s][info][gc,phases   ] GC(107) O: Concurrent Remap Roots 13.655ms
[2026-06-17T10:03:15.845+0800][3.938s][info][gc,phases   ] GC(107) O: Pause Relocate Start 0.013ms
[2026-06-17T10:03:15.847+0800][3.940s][info][gc          ] GC(108) Minor Collection (Allocation Rate)
[2026-06-17T10:03:15.847+0800][3.940s][info][gc,phases   ] GC(107) O: Concurrent Relocate 0.075ms
[2026-06-17T10:03:15.849+0800][3.942s][info][gc,task     ] GC(108) Using 1 Workers for Young Generation
[2026-06-17T10:03:15.853+0800][3.946s][info][gc,phases   ] GC(108) y: Young Generation
[2026-06-17T10:03:15.854+0800][3.947s][info][gc,phases   ] GC(108) y: Pause Mark Start 0.014ms
[2026-06-17T10:03:15.855+0800][3.948s][info][gc,phases   ] GC(108) y: Concurrent Mark 0.662ms
[2026-06-17T10:03:15.856+0800][3.950s][info][gc,phases   ] GC(108) y: Pause Mark End 0.006ms
[2026-06-17T10:03:15.858+0800][3.952s][info][gc,phases   ] GC(108) y: Concurrent Mark Free 0.001ms
[2026-06-17T10:03:15.860+0800][3.954s][info][gc,phases   ] GC(108) y: Concurrent Reset Relocation Set 0.001ms
[2026-06-17T10:03:15.863+0800][3.956s][info][gc,reloc    ] GC(108) y: Using tenuring threshold: 1 (Computed)
[2026-06-17T10:03:15.863+0800][3.956s][info][gc,phases   ] GC(108) y: Concurrent Select Relocation Set 0.899ms
[2026-06-17T10:03:15.863+0800][3.957s][info][gc,phases   ] GC(108) y: Pause Relocate Start 0.006ms
[2026-06-17T10:03:15.864+0800][3.957s][info][gc,phases   ] GC(108) y: Concurrent Relocate 0.079ms
[2026-06-17T10:03:15.864+0800][3.957s][info][gc,alloc    ] GC(108) y:                         Mark Start        Mark End      Relocate Start    Relocate End   
[2026-06-17T10:03:15.864+0800][3.957s][info][gc,alloc    ] GC(108) y: Allocation Stalls:          1                1                1                1         
[2026-06-17T10:03:15.864+0800][3.957s][info][gc,load     ] GC(108) y: Load: 0.38 (2%) / 0.43 (2%) / 0.50 (2%)
[2026-06-17T10:03:15.864+0800][3.957s][info][gc,mmu      ] GC(108) y: MMU: 2ms/96.6%, 5ms/98.5%, 10ms/98.9%, 20ms/99.4%, 50ms/99.6%, 100ms/99.7%
[2026-06-17T10:03:15.864+0800][3.958s][info][gc,marking  ] GC(108) y: Mark: 1 stripe(s), 1 proactive flush(es), 1 terminate flush(es), 0 completion(s), 0 continuation(s) 
[2026-06-17T10:03:15.864+0800][3.958s][info][gc,marking  ] GC(108) y: Mark Stack Usage: 32M
[2026-06-17T10:03:15.864+0800][3.958s][info][gc,nmethod  ] GC(108) y: NMethods: 72 registered, 5 unregistered
[2026-06-17T10:03:15.865+0800][3.958s][info][gc,metaspace] GC(108) y: Metaspace: 0M used, 0M committed, 1088M reserved
[2026-06-17T10:03:15.865+0800][3.958s][info][gc,reloc    ] GC(108) y:                        Candidates     Selected     In-Place         Size        Empty    Relocated 
[2026-06-17T10:03:15.865+0800][3.958s][info][gc,reloc    ] GC(108) y: Small Pages:                    1            0            0           2M           0M           0M 
[2026-06-17T10:03:15.865+0800][3.958s][info][gc,reloc    ] GC(108) y: Large Pages:                    1            0            0           2M           0M           0M 
[2026-06-17T10:03:15.865+0800][3.958s][info][gc,reloc    ] GC(108) y: Forwarding Usage: 0M
[2026-06-17T10:03:15.865+0800][3.958s][info][gc,reloc    ] GC(108) y: Age Table:
[2026-06-17T10:03:15.865+0800][3.958s][info][gc,reloc    ] GC(108) y:                    Live             Garbage             Small              Medium             Large        
[2026-06-17T10:03:15.865+0800][3.959s][info][gc,reloc    ] GC(108) y: Eden               2M (4%)            1M (2%)           1 / 0              0 / 0              1 / 0        
[2026-06-17T10:03:15.865+0800][3.959s][info][gc,heap     ] GC(108) y: Min Capacity: 64M(100%)
[2026-06-17T10:03:15.865+0800][3.959s][info][gc,heap     ] GC(108) y: Max Capacity: 64M(100%)
[2026-06-17T10:03:15.865+0800][3.959s][info][gc,heap     ] GC(108) y: Soft Max Capacity: 64M(100%)
[2026-06-17T10:03:15.865+0800][3.959s][info][gc,heap     ] GC(108) y: Heap Statistics:
[2026-06-17T10:03:15.866+0800][3.959s][info][gc,heap     ] GC(108) y:                Mark Start          Mark End        Relocate Start      Relocate End           High               Low         
[2026-06-17T10:03:15.866+0800][3.959s][info][gc,heap     ] GC(108) y:  Capacity:       64M (100%)         64M (100%)         64M (100%)         64M (100%)         64M (100%)         64M (100%)   
[2026-06-17T10:03:15.866+0800][3.959s][info][gc,heap     ] GC(108) y:      Free:        0M (0%)            0M (0%)            0M (0%)            0M (0%)            0M (0%)            0M (0%)     
[2026-06-17T10:03:15.866+0800][3.959s][info][gc,heap     ] GC(108) y:      Used:       64M (100%)         64M (100%)         64M (100%)         64M (100%)         64M (100%)         64M (100%)   
[2026-06-17T10:03:15.866+0800][3.959s][info][gc,heap     ] GC(108) y: Young Generation Statistics:
[2026-06-17T10:03:15.866+0800][3.959s][info][gc,heap     ] GC(108) y:                Mark Start          Mark End        Relocate Start      Relocate End    
[2026-06-17T10:03:15.866+0800][3.960s][info][gc,heap     ] GC(108) y:      Used:        4M (6%)            4M (6%)            4M (6%)            4M (6%)     
[2026-06-17T10:03:15.866+0800][3.960s][info][gc,heap     ] GC(108) y:      Live:         -                 2M (4%)            2M (4%)            2M (4%)     
[2026-06-17T10:03:15.867+0800][3.960s][info][gc,heap     ] GC(108) y:   Garbage:         -                 1M (2%)            1M (2%)            1M (2%)     
[2026-06-17T10:03:15.867+0800][3.960s][info][gc,heap     ] GC(108) y: Allocated:         -                 0M (0%)            0M (0%)            0M (0%)     
[2026-06-17T10:03:15.867+0800][3.960s][info][gc,heap     ] GC(108) y: Reclaimed:         -                  -                 0M (0%)            0M (0%)     
[2026-06-17T10:03:15.867+0800][3.960s][info][gc,heap     ] GC(108) y:  Promoted:         -                  -                 0M (0%)            0M (0%)     
[2026-06-17T10:03:15.867+0800][3.960s][info][gc,heap     ] GC(108) y: Compacted:         -                  -                  -                 0M (0%)     
[2026-06-17T10:03:15.867+0800][3.960s][info][gc,phases   ] GC(108) y: Young Generation 64M(100%)->64M(100%) 0.011s
[2026-06-17T10:03:15.867+0800][3.961s][info][gc          ] GC(108) Minor Collection (Allocation Rate) 64M(100%)->64M(100%) 0.020s
[2026-06-17T10:03:15.867+0800][3.961s][info][gc,alloc    ] GC(107) O:                         Mark Start        Mark End      Relocate Start    Relocate End   
[2026-06-17T10:03:15.867+0800][3.961s][info][gc,alloc    ] GC(107) O: Allocation Stalls:          1                1                1                1         
[2026-06-17T10:03:15.867+0800][3.961s][info][gc,load     ] GC(107) O: Load: 0.38 (2%) / 0.43 (2%) / 0.50 (2%)
[2026-06-17T10:03:15.868+0800][3.961s][info][gc,mmu      ] GC(107) O: MMU: 2ms/96.6%, 5ms/98.5%, 10ms/98.9%, 20ms/99.4%, 50ms/99.6%, 100ms/99.7%
[2026-06-17T10:03:15.868+0800][3.961s][info][gc,marking  ] GC(107) O: Mark: 1 stripe(s), 1 proactive flush(es), 1 terminate flush(es), 0 completion(s), 0 continuation(s) 
[2026-06-17T10:03:15.868+0800][3.961s][info][gc,marking  ] GC(107) O: Mark Stack Usage: 32M
[2026-06-17T10:03:15.868+0800][3.961s][info][gc,nmethod  ] GC(107) O: NMethods: 72 registered, 5 unregistered
[2026-06-17T10:03:15.868+0800][3.961s][info][gc,metaspace] GC(107) O: Metaspace: 0M used, 0M committed, 1088M reserved
[2026-06-17T10:03:15.868+0800][3.961s][info][gc,ref      ] GC(107) O:                       Encountered   Discovered     Enqueued 
[2026-06-17T10:03:15.868+0800][3.961s][info][gc,ref      ] GC(107) O: Soft References:                0            0            0 
[2026-06-17T10:03:15.868+0800][3.961s][info][gc,ref      ] GC(107) O: Weak References:                6            0            0 
[2026-06-17T10:03:15.868+0800][3.962s][info][gc,ref      ] GC(107) O: Final References:               0            0            0 
[2026-06-17T10:03:15.868+0800][3.962s][info][gc,ref      ] GC(107) O: Phantom References:             1            1            0 
[2026-06-17T10:03:15.868+0800][3.962s][info][gc,reloc    ] GC(107) O:                        Candidates     Selected     In-Place         Size        Empty    Relocated 
[2026-06-17T10:03:15.868+0800][3.962s][info][gc,reloc    ] GC(107) O: Small Pages:                    8            0            0          16M           4M           0M 
[2026-06-17T10:03:15.869+0800][3.962s][info][gc,reloc    ] GC(107) O: Large Pages:                   24            0            0          48M           0M           0M 
[2026-06-17T10:03:15.869+0800][3.962s][info][gc,reloc    ] GC(107) O: Forwarding Usage: 0M
[2026-06-17T10:03:15.869+0800][3.962s][info][gc,heap     ] GC(107) O: Min Capacity: 64M(100%)
[2026-06-17T10:03:15.869+0800][3.962s][info][gc,heap     ] GC(107) O: Max Capacity: 64M(100%)
[2026-06-17T10:03:15.869+0800][3.962s][info][gc,heap     ] GC(107) O: Soft Max Capacity: 64M(100%)
[2026-06-17T10:03:15.869+0800][3.962s][info][gc,heap     ] GC(107) O: Heap Statistics:
[2026-06-17T10:03:15.869+0800][3.962s][info][gc,heap     ] GC(107) O:                Mark Start          Mark End        Relocate Start      Relocate End           High               Low         
[2026-06-17T10:03:15.869+0800][3.962s][info][gc,heap     ] GC(107) O:  Capacity:       64M (100%)         64M (100%)         64M (100%)         64M (100%)         64M (100%)         64M (100%)   
[2026-06-17T10:03:15.869+0800][3.962s][info][gc,heap     ] GC(107) O:      Free:        0M (0%)            0M (0%)            0M (0%)            0M (0%)            4M (6%)            0M (0%)     
[2026-06-17T10:03:15.869+0800][3.963s][info][gc,heap     ] GC(107) O:      Used:       64M (100%)         64M (100%)         64M (100%)         64M (100%)         64M (100%)         60M (94%)    
[2026-06-17T10:03:15.869+0800][3.963s][info][gc,heap     ] GC(107) O: Old Generation Statistics:
[2026-06-17T10:03:15.869+0800][3.963s][info][gc,heap     ] GC(107) O:                Mark Start          Mark End        Relocate Start      Relocate End    
[2026-06-17T10:03:15.869+0800][3.963s][info][gc,heap     ] GC(107) O:      Used:       64M (100%)         64M (100%)         60M (94%)          60M (94%)    
[2026-06-17T10:03:15.869+0800][3.963s][info][gc,heap     ] GC(107) O:      Live:         -                57M (90%)          57M (90%)          57M (90%)    
[2026-06-17T10:03:15.870+0800][3.963s][info][gc,heap     ] GC(107) O:   Garbage:         -                 6M (10%)           2M (4%)            2M (4%)     
[2026-06-17T10:03:15.870+0800][3.963s][info][gc,heap     ] GC(107) O: Allocated:         -                 0M (0%)            0M (0%)            0M (0%)     
[2026-06-17T10:03:15.870+0800][3.963s][info][gc,heap     ] GC(107) O: Reclaimed:         -                  -                 4M (6%)            4M (6%)     
[2026-06-17T10:03:15.870+0800][3.963s][info][gc,heap     ] GC(107) O: Compacted:         -                  -                  -                 0M (0%)     
[2026-06-17T10:03:15.870+0800][3.963s][info][gc,phases   ] GC(107) O: Old Generation 64M(100%)->64M(100%) 0.041s
[2026-06-17T10:03:15.870+0800][3.963s][info][gc          ] GC(107) Major Collection (Allocation Stall) 64M(100%)->64M(100%) 0.054s
[2026-06-17T10:03:15.870+0800][3.963s][info][gc          ] GC(109) Major Collection (Allocation Stall)
[2026-06-17T10:03:15.870+0800][3.964s][info][gc,task     ] GC(109) Using 1 Workers for Young Generation
[2026-06-17T10:03:15.871+0800][3.964s][info][gc,task     ] GC(109) Using 1 Workers for Old Generation
[2026-06-17T10:03:15.871+0800][3.964s][info][gc,phases   ] GC(109) Y: Young Generation (Promote All)
[2026-06-17T10:03:15.871+0800][3.964s][info][gc,phases   ] GC(109) Y: Pause Mark Start 0.012ms
[2026-06-17T10:03:15.872+0800][3.965s][info][gc,phases   ] GC(109) Y: Concurrent Mark 0.515ms
[2026-06-17T10:03:15.872+0800][3.965s][info][gc,phases   ] GC(109) Y: Pause Mark End 0.006ms
[2026-06-17T10:03:15.872+0800][3.965s][info][gc,phases   ] GC(109) Y: Concurrent Mark Free 0.001ms
[2026-06-17T10:03:15.872+0800][3.965s][info][gc,phases   ] GC(109) Y: Concurrent Reset Relocation Set 0.001ms
[2026-06-17T10:03:15.873+0800][3.966s][info][gc,reloc    ] GC(109) Y: Using tenuring threshold: 0 (Promote All)
[2026-06-17T10:03:15.873+0800][3.966s][info][gc,phases   ] GC(109) Y: Concurrent Select Relocation Set 0.814ms
[2026-06-17T10:03:15.873+0800][3.967s][info][gc,phases   ] GC(109) Y: Pause Relocate Start 0.005ms
[2026-06-17T10:03:15.874+0800][3.967s][info][gc,phases   ] GC(109) Y: Concurrent Relocate 0.119ms
[2026-06-17T10:03:15.874+0800][3.967s][info][gc,alloc    ] GC(109) Y:                         Mark Start        Mark End      Relocate Start    Relocate End   
[2026-06-17T10:03:15.874+0800][3.967s][info][gc,alloc    ] GC(109) Y: Allocation Stalls:          1                1                1                1         
[2026-06-17T10:03:15.874+0800][3.967s][info][gc,load     ] GC(109) Y: Load: 0.38 (2%) / 0.43 (2%) / 0.50 (2%)
[2026-06-17T10:03:15.874+0800][3.967s][info][gc,mmu      ] GC(109) Y: MMU: 2ms/96.6%, 5ms/98.5%, 10ms/98.9%, 20ms/99.4%, 50ms/99.6%, 100ms/99.7%
[2026-06-17T10:03:15.874+0800][3.967s][info][gc,marking  ] GC(109) Y: Mark: 1 stripe(s), 1 proactive flush(es), 1 terminate flush(es), 0 completion(s), 0 continuation(s) 
[2026-06-17T10:03:15.874+0800][3.967s][info][gc,marking  ] GC(109) Y: Mark Stack Usage: 32M
[2026-06-17T10:03:15.874+0800][3.968s][info][gc,nmethod  ] GC(109) Y: NMethods: 72 registered, 5 unregistered
[2026-06-17T10:03:15.874+0800][3.968s][info][gc,metaspace] GC(109) Y: Metaspace: 0M used, 0M committed, 1088M reserved
[2026-06-17T10:03:15.874+0800][3.968s][info][gc,reloc    ] GC(109) Y:                        Candidates     Selected     In-Place         Size        Empty    Relocated 
[2026-06-17T10:03:15.874+0800][3.968s][info][gc,reloc    ] GC(109) Y: Small Pages:                    1            0            0           2M           0M           0M 
[2026-06-17T10:03:15.875+0800][3.968s][info][gc,reloc    ] GC(109) Y: Large Pages:                    1            0            0           2M           0M           0M 
[2026-06-17T10:03:15.875+0800][3.968s][info][gc,reloc    ] GC(109) Y: Forwarding Usage: 0M
[2026-06-17T10:03:15.875+0800][3.968s][info][gc,reloc    ] GC(109) Y: Age Table:
[2026-06-17T10:03:15.875+0800][3.968s][info][gc,reloc    ] GC(109) Y:                    Live             Garbage             Small              Medium             Large        
[2026-06-17T10:03:15.875+0800][3.968s][info][gc,reloc    ] GC(109) Y: Eden                -                 0M (0%)           0 / 0              0 / 0              0 / 0        
[2026-06-17T10:03:15.875+0800][3.968s][info][gc,reloc    ] GC(109) Y: Survivor 1         2M (4%)            1M (2%)           1 / 0              0 / 0              1 / 0        
[2026-06-17T10:03:15.875+0800][3.968s][info][gc,heap     ] GC(109) Y: Min Capacity: 64M(100%)
[2026-06-17T10:03:15.875+0800][3.968s][info][gc,heap     ] GC(109) Y: Max Capacity: 64M(100%)
[2026-06-17T10:03:15.875+0800][3.968s][info][gc,heap     ] GC(109) Y: Soft Max Capacity: 64M(100%)
[2026-06-17T10:03:15.875+0800][3.969s][info][gc,heap     ] GC(109) Y: Heap Statistics:
[2026-06-17T10:03:15.875+0800][3.969s][info][gc,heap     ] GC(109) Y:                Mark Start          Mark End        Relocate Start      Relocate End           High               Low         
[2026-06-17T10:03:15.875+0800][3.969s][info][gc,heap     ] GC(109) Y:  Capacity:       64M (100%)         64M (100%)         64M (100%)         64M (100%)         64M (100%)         64M (100%)   
[2026-06-17T10:03:15.875+0800][3.969s][info][gc,heap     ] GC(109) Y:      Free:        0M (0%)            0M (0%)            0M (0%)            0M (0%)            0M (0%)            0M (0%)     
[2026-06-17T10:03:15.876+0800][3.969s][info][gc,heap     ] GC(109) Y:      Used:       64M (100%)         64M (100%)         64M (100%)         64M (100%)         64M (100%)         64M (100%)   
[2026-06-17T10:03:15.876+0800][3.969s][info][gc,heap     ] GC(109) Y: Young Generation Statistics:
[2026-06-17T10:03:15.876+0800][3.969s][info][gc,heap     ] GC(109) Y:                Mark Start          Mark End        Relocate Start      Relocate End    
[2026-06-17T10:03:15.876+0800][3.969s][info][gc,heap     ] GC(109) Y:      Used:        4M (6%)            4M (6%)            0M (0%)            0M (0%)     
[2026-06-17T10:03:15.876+0800][3.969s][info][gc,heap     ] GC(109) Y:      Live:         -                 2M (4%)            0M (0%)            0M (0%)     
[2026-06-17T10:03:15.876+0800][3.969s][info][gc,heap     ] GC(109) Y:   Garbage:         -                 1M (2%)            0M (0%)            0M (0%)     
[2026-06-17T10:03:15.876+0800][3.969s][info][gc,heap     ] GC(109) Y: Allocated:         -                 0M (0%)            0M (0%)            0M (0%)     
[2026-06-17T10:03:15.876+0800][3.970s][info][gc,heap     ] GC(109) Y: Reclaimed:         -                  -                 1M (2%)            1M (2%)     
[2026-06-17T10:03:15.876+0800][3.970s][info][gc,heap     ] GC(109) Y:  Promoted:         -                  -                 2M (4%)            2M (4%)     
[2026-06-17T10:03:15.876+0800][3.970s][info][gc,heap     ] GC(109) Y: Compacted:         -                  -                  -                 0M (0%)     
[2026-06-17T10:03:15.877+0800][3.970s][info][gc,phases   ] GC(109) Y: Young Generation (Promote All) 64M(100%)->64M(100%) 0.003s
[2026-06-17T10:03:15.877+0800][3.970s][info][gc,phases   ] GC(109) Y: Young Generation (Collect Roots)
[2026-06-17T10:03:15.877+0800][3.970s][info][gc,phases   ] GC(109) Y: Pause Mark Start (Major) 0.010ms
[2026-06-17T10:03:15.877+0800][3.971s][info][gc,phases   ] GC(109) Y: Concurrent Mark 0.411ms
[2026-06-17T10:03:15.878+0800][3.971s][info][gc,phases   ] GC(109) Y: Pause Mark End 0.005ms
[2026-06-17T10:03:15.878+0800][3.971s][info][gc,phases   ] GC(109) Y: Concurrent Mark Free 0.028ms
[2026-06-17T10:03:15.878+0800][3.971s][info][gc,phases   ] GC(109) Y: Concurrent Reset Relocation Set 0.003ms
[2026-06-17T10:03:15.878+0800][3.972s][info][gc,reloc    ] GC(109) Y: Using tenuring threshold: 0 (Computed)
[2026-06-17T10:03:15.879+0800][3.972s][info][gc,phases   ] GC(109) Y: Concurrent Select Relocation Set 0.741ms
[2026-06-17T10:03:15.879+0800][3.972s][info][gc,phases   ] GC(109) Y: Pause Relocate Start 0.011ms
[2026-06-17T10:03:15.879+0800][3.972s][info][gc,phases   ] GC(109) Y: Concurrent Relocate 0.105ms
[2026-06-17T10:03:15.879+0800][3.972s][info][gc,alloc    ] GC(109) Y:                         Mark Start        Mark End      Relocate Start    Relocate End   
[2026-06-17T10:03:15.879+0800][3.973s][info][gc,alloc    ] GC(109) Y: Allocation Stalls:          1                1                1                1         
[2026-06-17T10:03:15.879+0800][3.973s][info][gc,load     ] GC(109) Y: Load: 0.38 (2%) / 0.43 (2%) / 0.50 (2%)
[2026-06-17T10:03:15.879+0800][3.973s][info][gc,mmu      ] GC(109) Y: MMU: 2ms/96.6%, 5ms/98.5%, 10ms/98.9%, 20ms/99.4%, 50ms/99.6%, 100ms/99.7%
[2026-06-17T10:03:15.879+0800][3.973s][info][gc,marking  ] GC(109) Y: Mark: 1 stripe(s), 1 proactive flush(es), 1 terminate flush(es), 0 completion(s), 0 continuation(s) 
[2026-06-17T10:03:15.880+0800][3.973s][info][gc,marking  ] GC(109) Y: Mark Stack Usage: 0M
[2026-06-17T10:03:15.880+0800][3.973s][info][gc,nmethod  ] GC(109) Y: NMethods: 72 registered, 5 unregistered
[2026-06-17T10:03:15.880+0800][3.973s][info][gc,metaspace] GC(109) Y: Metaspace: 0M used, 0M committed, 1088M reserved
[2026-06-17T10:03:15.880+0800][3.973s][info][gc,heap     ] GC(109) Y: Min Capacity: 64M(100%)
[2026-06-17T10:03:15.880+0800][3.973s][info][gc,heap     ] GC(109) Y: Max Capacity: 64M(100%)
[2026-06-17T10:03:15.880+0800][3.973s][info][gc,heap     ] GC(109) Y: Soft Max Capacity: 64M(100%)
[2026-06-17T10:03:15.880+0800][3.973s][info][gc,heap     ] GC(109) Y: Heap Statistics:
[2026-06-17T10:03:15.880+0800][3.973s][info][gc,heap     ] GC(109) Y:                Mark Start          Mark End        Relocate Start      Relocate End           High               Low         
[2026-06-17T10:03:15.880+0800][3.973s][info][gc,heap     ] GC(109) Y:  Capacity:       64M (100%)         64M (100%)         64M (100%)         64M (100%)         64M (100%)         64M (100%)   
[2026-06-17T10:03:15.880+0800][3.973s][info][gc,heap     ] GC(109) Y:      Free:        0M (0%)            0M (0%)            0M (0%)            0M (0%)            0M (0%)            0M (0%)     
[2026-06-17T10:03:15.880+0800][3.974s][info][gc,heap     ] GC(109) Y:      Used:       64M (100%)         64M (100%)         64M (100%)         64M (100%)         64M (100%)         64M (100%)   
[2026-06-17T10:03:15.880+0800][3.974s][info][gc,heap     ] GC(109) Y: Young Generation Statistics:
[2026-06-17T10:03:15.880+0800][3.974s][info][gc,heap     ] GC(109) Y:                Mark Start          Mark End        Relocate Start      Relocate End    
[2026-06-17T10:03:15.880+0800][3.974s][info][gc,heap     ] GC(109) Y:      Used:        0M (0%)            0M (0%)            0M (0%)            0M (0%)     
[2026-06-17T10:03:15.881+0800][3.974s][info][gc,heap     ] GC(109) Y:      Live:         -                 0M (0%)            0M (0%)            0M (0%)     
[2026-06-17T10:03:15.881+0800][3.974s][info][gc,heap     ] GC(109) Y:   Garbage:         -                 0M (0%)            0M (0%)            0M (0%)     
[2026-06-17T10:03:15.881+0800][3.974s][info][gc,heap     ] GC(109) Y: Allocated:         -                 0M (0%)            0M (0%)            0M (0%)     
[2026-06-17T10:03:15.881+0800][3.974s][info][gc,heap     ] GC(109) Y: Reclaimed:         -                  -                 0M (0%)            0M (0%)     
[2026-06-17T10:03:15.881+0800][3.974s][info][gc,heap     ] GC(109) Y:  Promoted:         -                  -                 0M (0%)            0M (0%)     
[2026-06-17T10:03:15.881+0800][3.974s][info][gc,heap     ] GC(109) Y: Compacted:         -                  -                  -                 0M (0%)     
[2026-06-17T10:03:15.881+0800][3.974s][info][gc,phases   ] GC(109) Y: Young Generation (Collect Roots) 64M(100%)->64M(100%) 0.002s
[2026-06-17T10:03:15.881+0800][3.974s][info][gc,phases   ] GC(109) O: Old Generation
[2026-06-17T10:03:15.882+0800][3.975s][info][gc,phases   ] GC(109) O: Concurrent Mark 0.836ms
[2026-06-17T10:03:15.882+0800][3.976s][info][gc,phases   ] GC(109) O: Pause Mark End 0.010ms
[2026-06-17T10:03:15.883+0800][3.976s][info][gc,phases   ] GC(109) O: Concurrent Mark Free 0.001ms
[2026-06-17T10:03:15.883+0800][3.976s][info][gc,ref      ] GC(109) O: Clearing All SoftReferences
[2026-06-17T10:03:15.883+0800][3.977s][info][gc,phases   ] GC(109) O: Concurrent Process Non-Strong 0.458ms
[2026-06-17T10:03:15.883+0800][3.977s][info][gc,phases   ] GC(109) O: Concurrent Reset Relocation Set 0.000ms
[2026-06-17T10:03:15.884+0800][3.977s][info][gc          ] Allocation Stall (main) 54.808ms
[2026-06-17T10:03:15.884+0800][3.977s][info][gc,phases   ] GC(109) O: Concurrent Select Relocation Set 0.592ms
[2026-06-17T10:03:15.884+0800][3.978s][info][gc,task     ] GC(109) O: Using 1 Workers for Old Generation
[2026-06-17T10:03:15.897+0800][3.990s][info][gc,task     ] GC(109) O: Using 1 Workers for Old Generation
[2026-06-17T10:03:15.897+0800][3.991s][info][gc,phases   ] GC(109) O: Concurrent Remap Roots 12.981ms
[2026-06-17T10:03:15.897+0800][3.991s][info][gc,phases   ] GC(109) O: Pause Relocate Start 0.008ms
[2026-06-17T10:03:15.898+0800][3.991s][info][gc          ] GC(110) Minor Collection (Allocation Rate)
[2026-06-17T10:03:15.898+0800][3.991s][info][gc,task     ] GC(110) Using 1 Workers for Young Generation
[2026-06-17T10:03:15.898+0800][3.991s][info][gc,phases   ] GC(110) y: Young Generation
[2026-06-17T10:03:15.898+0800][3.991s][info][gc          ] Allocation Stall (main) 13.426ms
[2026-06-17T10:03:15.898+0800][3.991s][info][gc,phases   ] GC(109) O: Concurrent Relocate 0.296ms
[2026-06-17T10:03:15.898+0800][3.992s][info][gc,phases   ] GC(110) y: Pause Mark Start 0.009ms
[2026-06-17T10:03:15.899+0800][3.992s][info][gc,phases   ] GC(110) y: Concurrent Mark 0.487ms
[2026-06-17T10:03:15.899+0800][3.992s][info][gc,phases   ] GC(110) y: Pause Mark End 0.005ms
[2026-06-17T10:03:15.899+0800][3.992s][info][gc,phases   ] GC(110) y: Concurrent Mark Free 0.000ms
[2026-06-17T10:03:15.899+0800][3.993s][info][gc,phases   ] GC(110) y: Concurrent Reset Relocation Set 0.000ms
[2026-06-17T10:03:15.900+0800][3.993s][info][gc,reloc    ] GC(110) y: Using tenuring threshold: 1 (Computed)
[2026-06-17T10:03:15.900+0800][3.993s][info][gc,phases   ] GC(110) y: Concurrent Select Relocation Set 0.732ms
[2026-06-17T10:03:15.900+0800][3.993s][info][gc,phases   ] GC(110) y: Pause Relocate Start 0.003ms
[2026-06-17T10:03:15.901+0800][3.994s][info][gc,phases   ] GC(110) y: Concurrent Relocate 0.145ms
[2026-06-17T10:03:15.901+0800][3.994s][info][gc,alloc    ] GC(110) y:                         Mark Start        Mark End      Relocate Start    Relocate End   
[2026-06-17T10:03:15.902+0800][3.995s][info][gc,alloc    ] GC(110) y: Allocation Stalls:          0                1                1                1         
[2026-06-17T10:03:15.902+0800][3.995s][info][gc,load     ] GC(110) y: Load: 0.38 (2%) / 0.43 (2%) / 0.50 (2%)
[2026-06-17T10:03:15.902+0800][3.996s][info][gc,mmu      ] GC(110) y: MMU: 2ms/96.6%, 5ms/98.5%, 10ms/98.9%, 20ms/99.4%, 50ms/99.6%, 100ms/99.7%
[2026-06-17T10:03:15.902+0800][3.996s][info][gc,marking  ] GC(110) y: Mark: 1 stripe(s), 2 proactive flush(es), 1 terminate flush(es), 0 completion(s), 0 continuation(s) 
[2026-06-17T10:03:15.903+0800][3.996s][info][gc,marking  ] GC(110) y: Mark Stack Usage: 32M
[2026-06-17T10:03:15.903+0800][3.996s][info][gc,nmethod  ] GC(110) y: NMethods: 72 registered, 5 unregistered
[2026-06-17T10:03:15.903+0800][3.996s][info][gc,metaspace] GC(110) y: Metaspace: 0M used, 0M committed, 1088M reserved
[2026-06-17T10:03:15.903+0800][3.996s][info][gc,reloc    ] GC(110) y:                        Candidates     Selected     In-Place         Size        Empty    Relocated 
[2026-06-17T10:03:15.903+0800][3.996s][info][gc,reloc    ] GC(110) y: Small Pages:                    1            0            0           2M           0M           0M 
[2026-06-17T10:03:15.903+0800][3.996s][info][gc,reloc    ] GC(110) y: Large Pages:                    2            0            0           4M           0M           0M 
[2026-06-17T10:03:15.903+0800][3.997s][info][gc,reloc    ] GC(110) y: Forwarding Usage: 0M
[2026-06-17T10:03:15.903+0800][3.997s][info][gc,reloc    ] GC(110) y: Age Table:
[2026-06-17T10:03:15.903+0800][3.997s][info][gc,reloc    ] GC(110) y:                    Live             Garbage             Small              Medium             Large        
[2026-06-17T10:03:15.904+0800][3.997s][info][gc,reloc    ] GC(110) y: Eden               4M (7%)            1M (3%)           1 / 0              0 / 0              2 / 0        
[2026-06-17T10:03:15.904+0800][3.997s][info][gc,heap     ] GC(110) y: Min Capacity: 64M(100%)
[2026-06-17T10:03:15.904+0800][3.997s][info][gc,heap     ] GC(110) y: Max Capacity: 64M(100%)
[2026-06-17T10:03:15.904+0800][3.997s][info][gc,heap     ] GC(110) y: Soft Max Capacity: 64M(100%)
[2026-06-17T10:03:15.904+0800][3.997s][info][gc,heap     ] GC(110) y: Heap Statistics:
[2026-06-17T10:03:15.904+0800][3.997s][info][gc,heap     ] GC(110) y:                Mark Start          Mark End        Relocate Start      Relocate End           High               Low         
[2026-06-17T10:03:15.904+0800][3.997s][info][gc,heap     ] GC(110) y:  Capacity:       64M (100%)         64M (100%)         64M (100%)         64M (100%)         64M (100%)         64M (100%)   
[2026-06-17T10:03:15.904+0800][3.998s][info][gc,heap     ] GC(110) y:      Free:        0M (0%)            0M (0%)            0M (0%)            0M (0%)            0M (0%)            0M (0%)     
[2026-06-17T10:03:15.904+0800][3.998s][info][gc,heap     ] GC(110) y:      Used:       64M (100%)         64M (100%)         64M (100%)         64M (100%)         64M (100%)         64M (100%)   
[2026-06-17T10:03:15.904+0800][3.998s][info][gc,heap     ] GC(110) y: Young Generation Statistics:
[2026-06-17T10:03:15.904+0800][3.998s][info][gc,heap     ] GC(110) y:                Mark Start          Mark End        Relocate Start      Relocate End    
[2026-06-17T10:03:15.904+0800][3.998s][info][gc,heap     ] GC(110) y:      Used:        6M (9%)            6M (9%)            6M (9%)            6M (9%)     
[2026-06-17T10:03:15.905+0800][3.998s][info][gc,heap     ] GC(110) y:      Live:         -                 4M (7%)            4M (7%)            4M (7%)     
[2026-06-17T10:03:15.905+0800][3.998s][info][gc,heap     ] GC(110) y:   Garbage:         -                 1M (3%)            1M (3%)            1M (3%)     
[2026-06-17T10:03:15.905+0800][3.998s][info][gc,heap     ] GC(110) y: Allocated:         -                 0M (0%)            0M (0%)            0M (0%)     
[2026-06-17T10:03:15.905+0800][3.998s][info][gc,heap     ] GC(110) y: Reclaimed:         -                  -                 0M (0%)            0M (0%)     
[2026-06-17T10:03:15.905+0800][3.998s][info][gc,heap     ] GC(110) y:  Promoted:         -                  -                 0M (0%)            0M (0%)     
[2026-06-17T10:03:15.905+0800][3.998s][info][gc,heap     ] GC(110) y: Compacted:         -                  -                  -                 0M (0%)     
[2026-06-17T10:03:15.905+0800][3.998s][info][gc,phases   ] GC(110) y: Young Generation 64M(100%)->64M(100%) 0.003s
[2026-06-17T10:03:15.905+0800][3.999s][info][gc          ] GC(110) Minor Collection (Allocation Rate) 64M(100%)->64M(100%) 0.008s
[2026-06-17T10:03:15.905+0800][3.999s][info][gc          ] GC(111) Minor Collection (Allocation Stall)
[2026-06-17T10:03:15.905+0800][3.999s][info][gc,task     ] GC(111) Using 1 Workers for Young Generation
[2026-06-17T10:03:15.905+0800][3.999s][info][gc,phases   ] GC(111) y: Young Generation
[2026-06-17T10:03:15.906+0800][3.999s][info][gc,phases   ] GC(111) y: Pause Mark Start 0.010ms
[2026-06-17T10:03:15.906+0800][3.999s][info][gc,phases   ] GC(111) y: Concurrent Mark 0.406ms
[2026-06-17T10:03:15.906+0800][4.000s][info][gc,phases   ] GC(111) y: Pause Mark End 0.012ms
[2026-06-17T10:03:15.906+0800][4.000s][info][gc,phases   ] GC(111) y: Concurrent Mark Free 0.000ms
[2026-06-17T10:03:15.906+0800][4.000s][info][gc,phases   ] GC(111) y: Concurrent Reset Relocation Set 0.000ms
[2026-06-17T10:03:15.907+0800][4.000s][info][gc,reloc    ] GC(111) y: Using tenuring threshold: 2 (Computed)
[2026-06-17T10:03:15.907+0800][4.001s][info][gc,phases   ] GC(111) y: Concurrent Select Relocation Set 0.777ms
[2026-06-17T10:03:15.908+0800][4.001s][info][gc,phases   ] GC(111) y: Pause Relocate Start 0.012ms
[2026-06-17T10:03:15.908+0800][4.001s][info][gc,phases   ] GC(111) y: Concurrent Relocate 0.095ms
[2026-06-17T10:03:15.908+0800][4.001s][info][gc,alloc    ] GC(111) y:                         Mark Start        Mark End      Relocate Start    Relocate End   
[2026-06-17T10:03:15.908+0800][4.001s][info][gc,alloc    ] GC(111) y: Allocation Stalls:          1                1                1                1         
[2026-06-17T10:03:15.908+0800][4.001s][info][gc,load     ] GC(111) y: Load: 0.38 (2%) / 0.43 (2%) / 0.50 (2%)
[2026-06-17T10:03:15.908+0800][4.001s][info][gc,mmu      ] GC(111) y: MMU: 2ms/96.6%, 5ms/98.5%, 10ms/98.9%, 20ms/99.4%, 50ms/99.6%, 100ms/99.7%
[2026-06-17T10:03:15.908+0800][4.002s][info][gc,marking  ] GC(111) y: Mark: 1 stripe(s), 1 proactive flush(es), 1 terminate flush(es), 0 completion(s), 0 continuation(s) 
[2026-06-17T10:03:15.908+0800][4.002s][info][gc,marking  ] GC(111) y: Mark Stack Usage: 32M
[2026-06-17T10:03:15.908+0800][4.002s][info][gc,nmethod  ] GC(111) y: NMethods: 72 registered, 5 unregistered
[2026-06-17T10:03:15.908+0800][4.002s][info][gc,metaspace] GC(111) y: Metaspace: 0M used, 0M committed, 1088M reserved
[2026-06-17T10:03:15.908+0800][4.002s][info][gc,reloc    ] GC(111) y:                        Candidates     Selected     In-Place         Size        Empty    Relocated 
[2026-06-17T10:03:15.909+0800][4.002s][info][gc,reloc    ] GC(111) y: Small Pages:                    1            0            0           2M           0M           0M 
[2026-06-17T10:03:15.909+0800][4.002s][info][gc,reloc    ] GC(111) y: Large Pages:                    2            0            0           4M           0M           0M 
[2026-06-17T10:03:15.909+0800][4.002s][info][gc,reloc    ] GC(111) y: Forwarding Usage: 0M
[2026-06-17T10:03:15.909+0800][4.002s][info][gc,reloc    ] GC(111) y: Age Table:
[2026-06-17T10:03:15.909+0800][4.002s][info][gc,reloc    ] GC(111) y:                    Live             Garbage             Small              Medium             Large        
[2026-06-17T10:03:15.909+0800][4.002s][info][gc,reloc    ] GC(111) y: Eden                -                 0M (0%)           0 / 0              0 / 0              0 / 0        
[2026-06-17T10:03:15.909+0800][4.002s][info][gc,reloc    ] GC(111) y: Survivor 1         4M (7%)            1M (3%)           1 / 0              0 / 0              2 / 0        
[2026-06-17T10:03:15.909+0800][4.002s][info][gc,heap     ] GC(111) y: Min Capacity: 64M(100%)
[2026-06-17T10:03:15.909+0800][4.002s][info][gc,heap     ] GC(111) y: Max Capacity: 64M(100%)
[2026-06-17T10:03:15.909+0800][4.003s][info][gc,heap     ] GC(111) y: Soft Max Capacity: 64M(100%)
[2026-06-17T10:03:15.909+0800][4.003s][info][gc,heap     ] GC(111) y: Heap Statistics:
[2026-06-17T10:03:15.909+0800][4.003s][info][gc,heap     ] GC(111) y:                Mark Start          Mark End        Relocate Start      Relocate End           High               Low         
[2026-06-17T10:03:15.909+0800][4.003s][info][gc,heap     ] GC(111) y:  Capacity:       64M (100%)         64M (100%)         64M (100%)         64M (100%)         64M (100%)         64M (100%)   
[2026-06-17T10:03:15.910+0800][4.003s][info][gc,heap     ] GC(111) y:      Free:        0M (0%)            0M (0%)            0M (0%)            0M (0%)            0M (0%)            0M (0%)     
[2026-06-17T10:03:15.910+0800][4.003s][info][gc,heap     ] GC(111) y:      Used:       64M (100%)         64M (100%)         64M (100%)         64M (100%)         64M (100%)         64M (100%)   
[2026-06-17T10:03:15.910+0800][4.003s][info][gc,heap     ] GC(111) y: Young Generation Statistics:
[2026-06-17T10:03:15.910+0800][4.003s][info][gc,heap     ] GC(111) y:                Mark Start          Mark End        Relocate Start      Relocate End    
[2026-06-17T10:03:15.910+0800][4.003s][info][gc,heap     ] GC(111) y:      Used:        6M (9%)            6M (9%)            6M (9%)            6M (9%)     
[2026-06-17T10:03:15.910+0800][4.003s][info][gc,heap     ] GC(111) y:      Live:         -                 4M (7%)            4M (7%)            4M (7%)     
[2026-06-17T10:03:15.910+0800][4.003s][info][gc,heap     ] GC(111) y:   Garbage:         -                 1M (3%)            1M (3%)            1M (3%)     
[2026-06-17T10:03:15.910+0800][4.003s][info][gc,heap     ] GC(111) y: Allocated:         -                 0M (0%)            0M (0%)            0M (0%)     
[2026-06-17T10:03:15.910+0800][4.004s][info][gc,heap     ] GC(111) y: Reclaimed:         -                  -                 0M (0%)            0M (0%)     
[2026-06-17T10:03:15.910+0800][4.004s][info][gc,heap     ] GC(111) y:  Promoted:         -                  -                 0M (0%)            0M (0%)     
[2026-06-17T10:03:15.910+0800][4.004s][info][gc,heap     ] GC(111) y: Compacted:         -                  -                  -                 0M (0%)     
[2026-06-17T10:03:15.910+0800][4.004s][info][gc,phases   ] GC(111) y: Young Generation 64M(100%)->64M(100%) 0.002s
[2026-06-17T10:03:15.910+0800][4.004s][info][gc          ] GC(111) Minor Collection (Allocation Stall) 64M(100%)->64M(100%) 0.005s
[2026-06-17T10:03:15.911+0800][4.004s][info][gc,alloc    ] GC(109) O:                         Mark Start        Mark End      Relocate Start    Relocate End   
[2026-06-17T10:03:15.911+0800][4.004s][info][gc,alloc    ] GC(109) O: Allocation Stalls:          1                1                1                0         
[2026-06-17T10:03:15.911+0800][4.004s][info][gc,load     ] GC(109) O: Load: 0.38 (2%) / 0.43 (2%) / 0.50 (2%)
[2026-06-17T10:03:15.911+0800][4.004s][info][gc,mmu      ] GC(109) O: MMU: 2ms/96.6%, 5ms/98.5%, 10ms/98.9%, 20ms/99.4%, 50ms/99.6%, 100ms/99.7%
[2026-06-17T10:03:15.911+0800][4.004s][info][gc,marking  ] GC(109) O: Mark: 1 stripe(s), 1 proactive flush(es), 1 terminate flush(es), 0 completion(s), 0 continuation(s) 
[2026-06-17T10:03:15.911+0800][4.004s][info][gc,marking  ] GC(109) O: Mark Stack Usage: 32M
[2026-06-17T10:03:15.911+0800][4.004s][info][gc,nmethod  ] GC(109) O: NMethods: 72 registered, 5 unregistered
[2026-06-17T10:03:15.911+0800][4.005s][info][gc,metaspace] GC(109) O: Metaspace: 0M used, 0M committed, 1088M reserved
[2026-06-17T10:03:15.911+0800][4.005s][info][gc,ref      ] GC(109) O:                       Encountered   Discovered     Enqueued 
[2026-06-17T10:03:15.911+0800][4.005s][info][gc,ref      ] GC(109) O: Soft References:                0            0            0 
[2026-06-17T10:03:15.911+0800][4.005s][info][gc,ref      ] GC(109) O: Weak References:                6            0            0 
[2026-06-17T10:03:15.911+0800][4.005s][info][gc,ref      ] GC(109) O: Final References:               0            0            0 
[2026-06-17T10:03:15.912+0800][4.005s][info][gc,ref      ] GC(109) O: Phantom References:             1            1            0 
[2026-06-17T10:03:15.912+0800][4.005s][info][gc,reloc    ] GC(109) O:                        Candidates     Selected     In-Place         Size        Empty    Relocated 
[2026-06-17T10:03:15.912+0800][4.005s][info][gc,reloc    ] GC(109) O: Small Pages:                    7            1            1          14M           4M           1M 
[2026-06-17T10:03:15.912+0800][4.005s][info][gc,reloc    ] GC(109) O: Large Pages:                   25            0            0          50M           0M           0M 
[2026-06-17T10:03:15.912+0800][4.005s][info][gc,reloc    ] GC(109) O: Forwarding Usage: 0M
[2026-06-17T10:03:15.912+0800][4.005s][info][gc,heap     ] GC(109) O: Min Capacity: 64M(100%)
[2026-06-17T10:03:15.912+0800][4.005s][info][gc,heap     ] GC(109) O: Max Capacity: 64M(100%)
[2026-06-17T10:03:15.912+0800][4.006s][info][gc,heap     ] GC(109) O: Soft Max Capacity: 64M(100%)
[2026-06-17T10:03:15.912+0800][4.006s][info][gc,heap     ] GC(109) O: Heap Statistics:
[2026-06-17T10:03:15.913+0800][4.006s][info][gc,heap     ] GC(109) O:                Mark Start          Mark End        Relocate Start      Relocate End           High               Low         
[2026-06-17T10:03:15.913+0800][4.006s][info][gc,heap     ] GC(109) O:  Capacity:       64M (100%)         64M (100%)         64M (100%)         64M (100%)         64M (100%)         64M (100%)   
[2026-06-17T10:03:15.913+0800][4.006s][info][gc,heap     ] GC(109) O:      Free:        0M (0%)            0M (0%)            0M (0%)            0M (0%)            4M (6%)            0M (0%)     
[2026-06-17T10:03:15.913+0800][4.006s][info][gc,heap     ] GC(109) O:      Used:       64M (100%)         64M (100%)         64M (100%)         64M (100%)         64M (100%)         60M (94%)    
[2026-06-17T10:03:15.913+0800][4.006s][info][gc,heap     ] GC(109) O: Old Generation Statistics:
[2026-06-17T10:03:15.913+0800][4.006s][info][gc,heap     ] GC(109) O:                Mark Start          Mark End        Relocate Start      Relocate End    
[2026-06-17T10:03:15.913+0800][4.007s][info][gc,heap     ] GC(109) O:      Used:       64M (100%)         64M (100%)         60M (94%)          58M (91%)    
[2026-06-17T10:03:15.913+0800][4.007s][info][gc,heap     ] GC(109) O:      Live:         -                56M (89%)          56M (89%)          56M (89%)    
[2026-06-17T10:03:15.913+0800][4.007s][info][gc,heap     ] GC(109) O:   Garbage:         -                 7M (11%)           3M (5%)            0M (1%)     
[2026-06-17T10:03:15.913+0800][4.007s][info][gc,heap     ] GC(109) O: Allocated:         -                 0M (0%)            0M (0%)            0M (1%)     
[2026-06-17T10:03:15.913+0800][4.007s][info][gc,heap     ] GC(109) O: Reclaimed:         -                  -                 4M (6%)            6M (10%)    
[2026-06-17T10:03:15.914+0800][4.007s][info][gc,heap     ] GC(109) O: Compacted:         -                  -                  -                 1M (2%)     
[2026-06-17T10:03:15.914+0800][4.007s][info][gc,phases   ] GC(109) O: Old Generation 64M(100%)->64M(100%) 0.030s
[2026-06-17T10:03:15.914+0800][4.007s][info][gc          ] GC(109) Major Collection (Allocation Stall) 64M(100%)->64M(100%) 0.044s
[2026-06-17T10:03:15.914+0800][4.007s][info][gc          ] GC(112) Major Collection (Allocation Stall)
[2026-06-17T10:03:15.914+0800][4.007s][info][gc,task     ] GC(112) Using 1 Workers for Young Generation
[2026-06-17T10:03:15.914+0800][4.007s][info][gc,task     ] GC(112) Using 1 Workers for Old Generation
[2026-06-17T10:03:15.914+0800][4.007s][info][gc,phases   ] GC(112) Y: Young Generation (Promote All)
[2026-06-17T10:03:15.914+0800][4.007s][info][gc,phases   ] GC(112) Y: Pause Mark Start 0.007ms
[2026-06-17T10:03:15.915+0800][4.008s][info][gc,phases   ] GC(112) Y: Concurrent Mark 0.429ms
[2026-06-17T10:03:15.915+0800][4.008s][info][gc,phases   ] GC(112) Y: Pause Mark End 0.011ms
[2026-06-17T10:03:15.915+0800][4.008s][info][gc,phases   ] GC(112) Y: Concurrent Mark Free 0.001ms
[2026-06-17T10:03:15.915+0800][4.008s][info][gc,phases   ] GC(112) Y: Concurrent Reset Relocation Set 0.000ms
[2026-06-17T10:03:15.916+0800][4.009s][info][gc,reloc    ] GC(112) Y: Using tenuring threshold: 0 (Promote All)
[2026-06-17T10:03:15.916+0800][4.009s][info][gc,phases   ] GC(112) Y: Concurrent Select Relocation Set 0.748ms
[2026-06-17T10:03:15.916+0800][4.009s][info][gc,phases   ] GC(112) Y: Pause Relocate Start 0.003ms
[2026-06-17T10:03:15.916+0800][4.009s][info][gc,phases   ] GC(112) Y: Concurrent Relocate 0.098ms
[2026-06-17T10:03:15.916+0800][4.010s][info][gc,alloc    ] GC(112) Y:                         Mark Start        Mark End      Relocate Start    Relocate End   
[2026-06-17T10:03:15.916+0800][4.010s][info][gc,alloc    ] GC(112) Y: Allocation Stalls:          1                1                1                1         
[2026-06-17T10:03:15.916+0800][4.010s][info][gc,load     ] GC(112) Y: Load: 0.38 (2%) / 0.43 (2%) / 0.50 (2%)
[2026-06-17T10:03:15.916+0800][4.010s][info][gc,mmu      ] GC(112) Y: MMU: 2ms/96.6%, 5ms/98.5%, 10ms/98.9%, 20ms/99.4%, 50ms/99.6%, 100ms/99.7%
[2026-06-17T10:03:15.917+0800][4.010s][info][gc,marking  ] GC(112) Y: Mark: 1 stripe(s), 1 proactive flush(es), 1 terminate flush(es), 0 completion(s), 0 continuation(s) 
[2026-06-17T10:03:15.917+0800][4.010s][info][gc,marking  ] GC(112) Y: Mark Stack Usage: 32M
[2026-06-17T10:03:15.917+0800][4.010s][info][gc,nmethod  ] GC(112) Y: NMethods: 72 registered, 5 unregistered
[2026-06-17T10:03:15.917+0800][4.010s][info][gc,metaspace] GC(112) Y: Metaspace: 0M used, 0M committed, 1088M reserved
[2026-06-17T10:03:15.917+0800][4.010s][info][gc,reloc    ] GC(112) Y:                        Candidates     Selected     In-Place         Size        Empty    Relocated 
[2026-06-17T10:03:15.917+0800][4.010s][info][gc,reloc    ] GC(112) Y: Small Pages:                    1            0            0           2M           0M           0M 
[2026-06-17T10:03:15.917+0800][4.010s][info][gc,reloc    ] GC(112) Y: Large Pages:                    2            0            0           4M           0M           0M 
[2026-06-17T10:03:15.917+0800][4.010s][info][gc,reloc    ] GC(112) Y: Forwarding Usage: 0M
[2026-06-17T10:03:15.917+0800][4.010s][info][gc,reloc    ] GC(112) Y: Age Table:
[2026-06-17T10:03:15.917+0800][4.011s][info][gc,reloc    ] GC(112) Y:                    Live             Garbage             Small              Medium             Large        
[2026-06-17T10:03:15.917+0800][4.011s][info][gc,reloc    ] GC(112) Y: Eden                -                 0M (0%)           0 / 0              0 / 0              0 / 0        
[2026-06-17T10:03:15.917+0800][4.011s][info][gc,reloc    ] GC(112) Y: Survivor 1          -                 0M (0%)           0 / 0              0 / 0              0 / 0        
[2026-06-17T10:03:15.917+0800][4.011s][info][gc,reloc    ] GC(112) Y: Survivor 2         4M (7%)            1M (3%)           1 / 0              0 / 0              2 / 0        
[2026-06-17T10:03:15.918+0800][4.011s][info][gc,heap     ] GC(112) Y: Min Capacity: 64M(100%)
[2026-06-17T10:03:15.918+0800][4.011s][info][gc,heap     ] GC(112) Y: Max Capacity: 64M(100%)
[2026-06-17T10:03:15.918+0800][4.011s][info][gc,heap     ] GC(112) Y: Soft Max Capacity: 64M(100%)
[2026-06-17T10:03:15.918+0800][4.011s][info][gc,heap     ] GC(112) Y: Heap Statistics:
[2026-06-17T10:03:15.918+0800][4.011s][info][gc,heap     ] GC(112) Y:                Mark Start          Mark End        Relocate Start      Relocate End           High               Low         
[2026-06-17T10:03:15.918+0800][4.011s][info][gc,heap     ] GC(112) Y:  Capacity:       64M (100%)         64M (100%)         64M (100%)         64M (100%)         64M (100%)         64M (100%)   
[2026-06-17T10:03:15.918+0800][4.011s][info][gc,heap     ] GC(112) Y:      Free:        0M (0%)            0M (0%)            0M (0%)            0M (0%)            0M (0%)            0M (0%)     
[2026-06-17T10:03:15.918+0800][4.011s][info][gc,heap     ] GC(112) Y:      Used:       64M (100%)         64M (100%)         64M (100%)         64M (100%)         64M (100%)         64M (100%)   
[2026-06-17T10:03:15.918+0800][4.011s][info][gc,heap     ] GC(112) Y: Young Generation Statistics:
[2026-06-17T10:03:15.918+0800][4.011s][info][gc,heap     ] GC(112) Y:                Mark Start          Mark End        Relocate Start      Relocate End    
[2026-06-17T10:03:15.918+0800][4.012s][info][gc,heap     ] GC(112) Y:      Used:        6M (9%)            6M (9%)            0M (0%)            0M (0%)     
[2026-06-17T10:03:15.918+0800][4.012s][info][gc,heap     ] GC(112) Y:      Live:         -                 4M (7%)            0M (0%)            0M (0%)     
[2026-06-17T10:03:15.918+0800][4.012s][info][gc,heap     ] GC(112) Y:   Garbage:         -                 1M (3%)            0M (0%)            0M (0%)     
[2026-06-17T10:03:15.919+0800][4.012s][info][gc,heap     ] GC(112) Y: Allocated:         -                 0M (0%)            0M (0%)            0M (0%)     
[2026-06-17T10:03:15.919+0800][4.012s][info][gc,heap     ] GC(112) Y: Reclaimed:         -                  -                 1M (3%)            1M (3%)     
[2026-06-17T10:03:15.919+0800][4.012s][info][gc,heap     ] GC(112) Y:  Promoted:         -                  -                 4M (7%)            4M (7%)     
[2026-06-17T10:03:15.919+0800][4.012s][info][gc,heap     ] GC(112) Y: Compacted:         -                  -                  -                 0M (0%)     
[2026-06-17T10:03:15.919+0800][4.012s][info][gc,phases   ] GC(112) Y: Young Generation (Promote All) 64M(100%)->64M(100%) 0.002s
[2026-06-17T10:03:15.919+0800][4.013s][info][gc,phases   ] GC(112) Y: Young Generation (Collect Roots)
[2026-06-17T10:03:15.919+0800][4.013s][info][gc,phases   ] GC(112) Y: Pause Mark Start (Major) 0.009ms
[2026-06-17T10:03:15.920+0800][4.013s][info][gc,phases   ] GC(112) Y: Concurrent Mark 0.403ms
[2026-06-17T10:03:15.920+0800][4.013s][info][gc,phases   ] GC(112) Y: Pause Mark End 0.004ms
[2026-06-17T10:03:15.920+0800][4.013s][info][gc,phases   ] GC(112) Y: Concurrent Mark Free 0.031ms
[2026-06-17T10:03:15.920+0800][4.014s][info][gc,phases   ] GC(112) Y: Concurrent Reset Relocation Set 0.003ms
[2026-06-17T10:03:15.921+0800][4.014s][info][gc,reloc    ] GC(112) Y: Using tenuring threshold: 0 (Computed)
[2026-06-17T10:03:15.921+0800][4.014s][info][gc,phases   ] GC(112) Y: Concurrent Select Relocation Set 0.735ms
[2026-06-17T10:03:15.921+0800][4.015s][info][gc,phases   ] GC(112) Y: Pause Relocate Start 0.003ms
[2026-06-17T10:03:15.921+0800][4.015s][info][gc,phases   ] GC(112) Y: Concurrent Relocate 0.092ms
[2026-06-17T10:03:15.922+0800][4.015s][info][gc,alloc    ] GC(112) Y:                         Mark Start        Mark End      Relocate Start    Relocate End   
[2026-06-17T10:03:15.922+0800][4.015s][info][gc,alloc    ] GC(112) Y: Allocation Stalls:          1                1                1                1         
[2026-06-17T10:03:15.922+0800][4.015s][info][gc,load     ] GC(112) Y: Load: 0.38 (2%) / 0.43 (2%) / 0.50 (2%)
[2026-06-17T10:03:15.922+0800][4.015s][info][gc,mmu      ] GC(112) Y: MMU: 2ms/96.6%, 5ms/98.5%, 10ms/98.9%, 20ms/99.4%, 50ms/99.6%, 100ms/99.7%
[2026-06-17T10:03:15.922+0800][4.015s][info][gc,marking  ] GC(112) Y: Mark: 1 stripe(s), 1 proactive flush(es), 1 terminate flush(es), 0 completion(s), 0 continuation(s) 
[2026-06-17T10:03:15.922+0800][4.015s][info][gc,marking  ] GC(112) Y: Mark Stack Usage: 0M
[2026-06-17T10:03:15.922+0800][4.015s][info][gc,nmethod  ] GC(112) Y: NMethods: 72 registered, 5 unregistered
[2026-06-17T10:03:15.922+0800][4.016s][info][gc,metaspace] GC(112) Y: Metaspace: 0M used, 0M committed, 1088M reserved
[2026-06-17T10:03:15.922+0800][4.016s][info][gc,heap     ] GC(112) Y: Min Capacity: 64M(100%)
[2026-06-17T10:03:15.922+0800][4.016s][info][gc,heap     ] GC(112) Y: Max Capacity: 64M(100%)
[2026-06-17T10:03:15.923+0800][4.016s][info][gc,heap     ] GC(112) Y: Soft Max Capacity: 64M(100%)
[2026-06-17T10:03:15.923+0800][4.016s][info][gc,heap     ] GC(112) Y: Heap Statistics:
[2026-06-17T10:03:15.923+0800][4.016s][info][gc,heap     ] GC(112) Y:                Mark Start          Mark End        Relocate Start      Relocate End           High               Low         
[2026-06-17T10:03:15.923+0800][4.016s][info][gc,heap     ] GC(112) Y:  Capacity:       64M (100%)         64M (100%)         64M (100%)         64M (100%)         64M (100%)         64M (100%)   
[2026-06-17T10:03:15.923+0800][4.016s][info][gc,heap     ] GC(112) Y:      Free:        0M (0%)            0M (0%)            0M (0%)            0M (0%)            0M (0%)            0M (0%)     
[2026-06-17T10:03:15.923+0800][4.016s][info][gc,heap     ] GC(112) Y:      Used:       64M (100%)         64M (100%)         64M (100%)         64M (100%)         64M (100%)         64M (100%)   
[2026-06-17T10:03:15.923+0800][4.016s][info][gc,heap     ] GC(112) Y: Young Generation Statistics:
[2026-06-17T10:03:15.923+0800][4.016s][info][gc,heap     ] GC(112) Y:                Mark Start          Mark End        Relocate Start      Relocate End    
[2026-06-17T10:03:15.923+0800][4.017s][info][gc,heap     ] GC(112) Y:      Used:        0M (0%)            0M (0%)            0M (0%)            0M (0%)     
[2026-06-17T10:03:15.923+0800][4.017s][info][gc,heap     ] GC(112) Y:      Live:         -                 0M (0%)            0M (0%)            0M (0%)     
[2026-06-17T10:03:15.923+0800][4.017s][info][gc,heap     ] GC(112) Y:   Garbage:         -                 0M (0%)            0M (0%)            0M (0%)     
[2026-06-17T10:03:15.923+0800][4.017s][info][gc,heap     ] GC(112) Y: Allocated:         -                 0M (0%)            0M (0%)            0M (0%)     
[2026-06-17T10:03:15.924+0800][4.017s][info][gc,heap     ] GC(112) Y: Reclaimed:         -                  -                 0M (0%)            0M (0%)     
[2026-06-17T10:03:15.924+0800][4.017s][info][gc,heap     ] GC(112) Y:  Promoted:         -                  -                 0M (0%)            0M (0%)     
[2026-06-17T10:03:15.924+0800][4.017s][info][gc,heap     ] GC(112) Y: Compacted:         -                  -                  -                 0M (0%)     
[2026-06-17T10:03:15.924+0800][4.017s][info][gc,phases   ] GC(112) Y: Young Generation (Collect Roots) 64M(100%)->64M(100%) 0.002s
[2026-06-17T10:03:15.924+0800][4.017s][info][gc,phases   ] GC(112) O: Old Generation
[2026-06-17T10:03:15.925+0800][4.018s][info][gc,phases   ] GC(112) O: Concurrent Mark 1.046ms
[2026-06-17T10:03:15.925+0800][4.018s][info][gc,phases   ] GC(112) O: Pause Mark End 0.007ms
[2026-06-17T10:03:15.925+0800][4.019s][info][gc,phases   ] GC(112) O: Concurrent Mark Free 0.000ms
[2026-06-17T10:03:15.925+0800][4.019s][info][gc,ref      ] GC(112) O: Clearing All SoftReferences
[2026-06-17T10:03:15.926+0800][4.019s][info][gc,phases   ] GC(112) O: Concurrent Process Non-Strong 0.378ms
[2026-06-17T10:03:15.926+0800][4.019s][info][gc,phases   ] GC(112) O: Concurrent Reset Relocation Set 0.001ms
[2026-06-17T10:03:15.926+0800][4.020s][info][gc,phases   ] GC(112) O: Concurrent Select Relocation Set 0.562ms
[2026-06-17T10:03:15.927+0800][4.020s][info][gc,task     ] GC(112) O: Using 1 Workers for Old Generation
[2026-06-17T10:03:15.939+0800][4.033s][info][gc,task     ] GC(112) O: Using 1 Workers for Old Generation
[2026-06-17T10:03:15.940+0800][4.033s][info][gc,phases   ] GC(112) O: Concurrent Remap Roots 13.099ms
[2026-06-17T10:03:15.940+0800][4.033s][info][gc,phases   ] GC(112) O: Pause Relocate Start 0.010ms
[2026-06-17T10:03:15.940+0800][4.034s][info][gc          ] Allocation Stall (main) 42.034ms
[2026-06-17T10:03:15.941+0800][4.034s][info][gc,phases   ] GC(112) O: Concurrent Relocate 0.625ms
[2026-06-17T10:03:15.941+0800][4.034s][info][gc,alloc    ] GC(112) O:                         Mark Start        Mark End      Relocate Start    Relocate End   
[2026-06-17T10:03:15.941+0800][4.034s][info][gc,alloc    ] GC(112) O: Allocation Stalls:          1                1                1                0         
[2026-06-17T10:03:15.941+0800][4.034s][info][gc,load     ] GC(112) O: Load: 0.38 (2%) / 0.43 (2%) / 0.50 (2%)
[2026-06-17T10:03:15.941+0800][4.034s][info][gc,mmu      ] GC(112) O: MMU: 2ms/96.6%, 5ms/98.5%, 10ms/98.9%, 20ms/99.4%, 50ms/99.6%, 100ms/99.7%
[2026-06-17T10:03:15.941+0800][4.034s][info][gc,marking  ] GC(112) O: Mark: 1 stripe(s), 1 proactive flush(es), 1 terminate flush(es), 0 completion(s), 0 continuation(s) 
[2026-06-17T10:03:15.941+0800][4.035s][info][gc,marking  ] GC(112) O: Mark Stack Usage: 32M
[2026-06-17T10:03:15.941+0800][4.035s][info][gc,nmethod  ] GC(112) O: NMethods: 72 registered, 5 unregistered
[2026-06-17T10:03:15.941+0800][4.035s][info][gc,metaspace] GC(112) O: Metaspace: 0M used, 0M committed, 1088M reserved
[2026-06-17T10:03:15.941+0800][4.035s][info][gc,ref      ] GC(112) O:                       Encountered   Discovered     Enqueued 
[2026-06-17T10:03:15.942+0800][4.035s][info][gc,ref      ] GC(112) O: Soft References:                0            0            0 
[2026-06-17T10:03:15.942+0800][4.035s][info][gc,ref      ] GC(112) O: Weak References:                6            0            0 
[2026-06-17T10:03:15.942+0800][4.035s][info][gc,ref      ] GC(112) O: Final References:               0            0            0 
[2026-06-17T10:03:15.942+0800][4.035s][info][gc,ref      ] GC(112) O: Phantom References:             1            1            0 
[2026-06-17T10:03:15.942+0800][4.035s][info][gc,reloc    ] GC(112) O:                        Candidates     Selected     In-Place         Size        Empty    Relocated 
[2026-06-17T10:03:15.942+0800][4.035s][info][gc,reloc    ] GC(112) O: Small Pages:                    5            1            2          10M           0M           1M 
[2026-06-17T10:03:15.942+0800][4.035s][info][gc,reloc    ] GC(112) O: Large Pages:                   27            0            0          54M           0M           0M 
[2026-06-17T10:03:15.942+0800][4.035s][info][gc,reloc    ] GC(112) O: Forwarding Usage: 0M
[2026-06-17T10:03:15.942+0800][4.035s][info][gc,heap     ] GC(112) O: Min Capacity: 64M(100%)
[2026-06-17T10:03:15.942+0800][4.036s][info][gc,heap     ] GC(112) O: Max Capacity: 64M(100%)
[2026-06-17T10:03:15.942+0800][4.036s][info][gc,heap     ] GC(112) O: Soft Max Capacity: 64M(100%)
[2026-06-17T10:03:15.942+0800][4.036s][info][gc,heap     ] GC(112) O: Heap Statistics:
[2026-06-17T10:03:15.942+0800][4.036s][info][gc,heap     ] GC(112) O:                Mark Start          Mark End        Relocate Start      Relocate End           High               Low         
[2026-06-17T10:03:15.943+0800][4.036s][info][gc,heap     ] GC(112) O:  Capacity:       64M (100%)         64M (100%)         64M (100%)         64M (100%)         64M (100%)         64M (100%)   
[2026-06-17T10:03:15.943+0800][4.036s][info][gc,heap     ] GC(112) O:      Free:        0M (0%)            0M (0%)            0M (0%)            0M (0%)            2M (3%)            0M (0%)     
[2026-06-17T10:03:15.943+0800][4.036s][info][gc,heap     ] GC(112) O:      Used:       64M (100%)         64M (100%)         64M (100%)         64M (100%)         64M (100%)         62M (97%)    
[2026-06-17T10:03:15.943+0800][4.036s][info][gc,heap     ] GC(112) O: Old Generation Statistics:
[2026-06-17T10:03:15.943+0800][4.036s][info][gc,heap     ] GC(112) O:                Mark Start          Mark End        Relocate Start      Relocate End    
[2026-06-17T10:03:15.943+0800][4.036s][info][gc,heap     ] GC(112) O:      Used:       64M (100%)         64M (100%)         64M (100%)         62M (97%)    
[2026-06-17T10:03:15.943+0800][4.037s][info][gc,heap     ] GC(112) O:      Live:         -                61M (96%)          61M (96%)          61M (96%)    
[2026-06-17T10:03:15.943+0800][4.037s][info][gc,heap     ] GC(112) O:   Garbage:         -                 2M (4%)            2M (4%)            0M (0%)     
[2026-06-17T10:03:15.943+0800][4.037s][info][gc,heap     ] GC(112) O: Allocated:         -                 0M (0%)            0M (0%)            0M (1%)     
[2026-06-17T10:03:15.944+0800][4.037s][info][gc,heap     ] GC(112) O: Reclaimed:         -                  -                 0M (0%)            2M (4%)     
[2026-06-17T10:03:15.944+0800][4.037s][info][gc,heap     ] GC(112) O: Compacted:         -                  -                  -                 3M (5%)     
[2026-06-17T10:03:15.944+0800][4.037s][info][gc,phases   ] GC(112) O: Old Generation 64M(100%)->64M(100%) 0.017s
[2026-06-17T10:03:15.944+0800][4.037s][info][gc          ] GC(112) Major Collection (Allocation Stall) 64M(100%)->64M(100%) 0.030s
[2026-06-17T10:03:15.944+0800][4.037s][info][gc          ] GC(113) Minor Collection (Allocation Stall)
[2026-06-17T10:03:15.944+0800][4.037s][info][gc,task     ] GC(113) Using 1 Workers for Young Generation
[2026-06-17T10:03:15.944+0800][4.037s][info][gc,phases   ] GC(113) y: Young Generation
[2026-06-17T10:03:15.944+0800][4.038s][info][gc,phases   ] GC(113) y: Pause Mark Start 0.009ms
[2026-06-17T10:03:15.945+0800][4.038s][info][gc,phases   ] GC(113) y: Concurrent Mark 0.496ms
[2026-06-17T10:03:15.945+0800][4.038s][info][gc,phases   ] GC(113) y: Pause Mark End 0.005ms
[2026-06-17T10:03:15.945+0800][4.038s][info][gc,phases   ] GC(113) y: Concurrent Mark Free 0.000ms
[2026-06-17T10:03:15.945+0800][4.039s][info][gc,phases   ] GC(113) y: Concurrent Reset Relocation Set 0.000ms
[2026-06-17T10:03:15.946+0800][4.039s][info][gc,reloc    ] GC(113) y: Using tenuring threshold: 1 (Computed)
[2026-06-17T10:03:15.946+0800][4.039s][info][gc,phases   ] GC(113) y: Concurrent Select Relocation Set 0.709ms
[2026-06-17T10:03:15.946+0800][4.039s][info][gc,phases   ] GC(113) y: Pause Relocate Start 0.004ms
[2026-06-17T10:03:15.946+0800][4.040s][info][gc,phases   ] GC(113) y: Concurrent Relocate 0.094ms
[2026-06-17T10:03:15.946+0800][4.040s][info][gc,alloc    ] GC(113) y:                         Mark Start        Mark End      Relocate Start    Relocate End   
[2026-06-17T10:03:15.946+0800][4.040s][info][gc,alloc    ] GC(113) y: Allocation Stalls:          1                1                1                1         
[2026-06-17T10:03:15.947+0800][4.040s][info][gc,load     ] GC(113) y: Load: 0.38 (2%) / 0.43 (2%) / 0.50 (2%)
[2026-06-17T10:03:15.947+0800][4.040s][info][gc,mmu      ] GC(113) y: MMU: 2ms/96.6%, 5ms/98.5%, 10ms/98.9%, 20ms/99.4%, 50ms/99.6%, 100ms/99.7%
[2026-06-17T10:03:15.947+0800][4.040s][info][gc,marking  ] GC(113) y: Mark: 1 stripe(s), 1 proactive flush(es), 1 terminate flush(es), 0 completion(s), 0 continuation(s) 
[2026-06-17T10:03:15.947+0800][4.040s][info][gc,marking  ] GC(113) y: Mark Stack Usage: 32M
[2026-06-17T10:03:15.947+0800][4.040s][info][gc,nmethod  ] GC(113) y: NMethods: 72 registered, 5 unregistered
[2026-06-17T10:03:15.947+0800][4.040s][info][gc,metaspace] GC(113) y: Metaspace: 0M used, 0M committed, 1088M reserved
[2026-06-17T10:03:15.947+0800][4.040s][info][gc,reloc    ] GC(113) y:                        Candidates     Selected     In-Place         Size        Empty    Relocated 
[2026-06-17T10:03:15.947+0800][4.040s][info][gc,reloc    ] GC(113) y: Small Pages:                    0            0            0           0M           0M           0M 
[2026-06-17T10:03:15.947+0800][4.041s][info][gc,reloc    ] GC(113) y: Large Pages:                    1            0            0           2M           0M           0M 
[2026-06-17T10:03:15.947+0800][4.041s][info][gc,reloc    ] GC(113) y: Forwarding Usage: 0M
[2026-06-17T10:03:15.947+0800][4.041s][info][gc,reloc    ] GC(113) y: Age Table:
[2026-06-17T10:03:15.947+0800][4.041s][info][gc,reloc    ] GC(113) y:                    Live             Garbage             Small              Medium             Large        
[2026-06-17T10:03:15.948+0800][4.041s][info][gc,reloc    ] GC(113) y: Eden               2M (3%)            0M (0%)           0 / 0              0 / 0              1 / 0        
[2026-06-17T10:03:15.948+0800][4.041s][info][gc,heap     ] GC(113) y: Min Capacity: 64M(100%)
[2026-06-17T10:03:15.948+0800][4.041s][info][gc,heap     ] GC(113) y: Max Capacity: 64M(100%)
[2026-06-17T10:03:15.948+0800][4.041s][info][gc,heap     ] GC(113) y: Soft Max Capacity: 64M(100%)
[2026-06-17T10:03:15.948+0800][4.041s][info][gc,heap     ] GC(113) y: Heap Statistics:
[2026-06-17T10:03:15.948+0800][4.041s][info][gc,heap     ] GC(113) y:                Mark Start          Mark End        Relocate Start      Relocate End           High               Low         
[2026-06-17T10:03:15.948+0800][4.041s][info][gc,heap     ] GC(113) y:  Capacity:       64M (100%)         64M (100%)         64M (100%)         64M (100%)         64M (100%)         64M (100%)   
[2026-06-17T10:03:15.948+0800][4.041s][info][gc,heap     ] GC(113) y:      Free:        0M (0%)            0M (0%)            0M (0%)            0M (0%)            0M (0%)            0M (0%)     
[2026-06-17T10:03:15.948+0800][4.041s][info][gc,heap     ] GC(113) y:      Used:       64M (100%)         64M (100%)         64M (100%)         64M (100%)         64M (100%)         64M (100%)   
[2026-06-17T10:03:15.948+0800][4.042s][info][gc,heap     ] GC(113) y: Young Generation Statistics:
[2026-06-17T10:03:15.948+0800][4.042s][info][gc,heap     ] GC(113) y:                Mark Start          Mark End        Relocate Start      Relocate End    
[2026-06-17T10:03:15.948+0800][4.042s][info][gc,heap     ] GC(113) y:      Used:        2M (3%)            2M (3%)            2M (3%)            2M (3%)     
[2026-06-17T10:03:15.948+0800][4.042s][info][gc,heap     ] GC(113) y:      Live:         -                 2M (3%)            2M (3%)            2M (3%)     
[2026-06-17T10:03:15.949+0800][4.042s][info][gc,heap     ] GC(113) y:   Garbage:         -                 0M (0%)            0M (0%)            0M (0%)     
[2026-06-17T10:03:15.949+0800][4.042s][info][gc,heap     ] GC(113) y: Allocated:         -                 0M (0%)            0M (0%)            0M (0%)     
[2026-06-17T10:03:15.949+0800][4.042s][info][gc,heap     ] GC(113) y: Reclaimed:         -                  -                 0M (0%)            0M (0%)     
[2026-06-17T10:03:15.949+0800][4.042s][info][gc,heap     ] GC(113) y:  Promoted:         -                  -                 0M (0%)            0M (0%)     
[2026-06-17T10:03:15.949+0800][4.042s][info][gc,heap     ] GC(113) y: Compacted:         -                  -                  -                 0M (0%)     
[2026-06-17T10:03:15.949+0800][4.042s][info][gc,phases   ] GC(113) y: Young Generation 64M(100%)->64M(100%) 0.002s
[2026-06-17T10:03:15.949+0800][4.043s][info][gc          ] GC(113) Minor Collection (Allocation Stall) 64M(100%)->64M(100%) 0.005s
[2026-06-17T10:03:15.949+0800][4.043s][info][gc          ] GC(114) Major Collection (Allocation Stall)
[2026-06-17T10:03:15.950+0800][4.043s][info][gc,task     ] GC(114) Using 1 Workers for Young Generation
[2026-06-17T10:03:15.950+0800][4.043s][info][gc,task     ] GC(114) Using 1 Workers for Old Generation
[2026-06-17T10:03:15.950+0800][4.043s][info][gc,phases   ] GC(114) Y: Young Generation (Promote All)
[2026-06-17T10:03:15.950+0800][4.043s][info][gc,phases   ] GC(114) Y: Pause Mark Start 0.008ms
[2026-06-17T10:03:15.951+0800][4.044s][info][gc,phases   ] GC(114) Y: Concurrent Mark 0.433ms
[2026-06-17T10:03:15.951+0800][4.044s][info][gc,phases   ] GC(114) Y: Pause Mark End 0.009ms
[2026-06-17T10:03:15.951+0800][4.044s][info][gc,phases   ] GC(114) Y: Concurrent Mark Free 0.000ms
[2026-06-17T10:03:15.951+0800][4.044s][info][gc,phases   ] GC(114) Y: Concurrent Reset Relocation Set 0.000ms
[2026-06-17T10:03:15.951+0800][4.045s][info][gc,reloc    ] GC(114) Y: Using tenuring threshold: 0 (Promote All)
[2026-06-17T10:03:15.952+0800][4.045s][info][gc,phases   ] GC(114) Y: Concurrent Select Relocation Set 0.751ms
[2026-06-17T10:03:15.952+0800][4.045s][info][gc,phases   ] GC(114) Y: Pause Relocate Start 0.004ms
[2026-06-17T10:03:15.952+0800][4.045s][info][gc,phases   ] GC(114) Y: Concurrent Relocate 0.086ms
[2026-06-17T10:03:15.952+0800][4.045s][info][gc,alloc    ] GC(114) Y:                         Mark Start        Mark End      Relocate Start    Relocate End   
[2026-06-17T10:03:15.952+0800][4.046s][info][gc,alloc    ] GC(114) Y: Allocation Stalls:          1                1                1                1         
[2026-06-17T10:03:15.952+0800][4.046s][info][gc,load     ] GC(114) Y: Load: 0.38 (2%) / 0.43 (2%) / 0.50 (2%)
[2026-06-17T10:03:15.952+0800][4.046s][info][gc,mmu      ] GC(114) Y: MMU: 2ms/96.6%, 5ms/98.5%, 10ms/98.9%, 20ms/99.4%, 50ms/99.6%, 100ms/99.7%
[2026-06-17T10:03:15.952+0800][4.046s][info][gc,marking  ] GC(114) Y: Mark: 1 stripe(s), 1 proactive flush(es), 1 terminate flush(es), 0 completion(s), 0 continuation(s) 
[2026-06-17T10:03:15.953+0800][4.046s][info][gc,marking  ] GC(114) Y: Mark Stack Usage: 32M
[2026-06-17T10:03:15.953+0800][4.046s][info][gc,nmethod  ] GC(114) Y: NMethods: 72 registered, 5 unregistered
[2026-06-17T10:03:15.953+0800][4.046s][info][gc,metaspace] GC(114) Y: Metaspace: 0M used, 0M committed, 1088M reserved
[2026-06-17T10:03:15.953+0800][4.046s][info][gc,reloc    ] GC(114) Y:                        Candidates     Selected     In-Place         Size        Empty    Relocated 
[2026-06-17T10:03:15.953+0800][4.046s][info][gc,reloc    ] GC(114) Y: Small Pages:                    0            0            0           0M           0M           0M 
[2026-06-17T10:03:15.953+0800][4.046s][info][gc,reloc    ] GC(114) Y: Large Pages:                    1            0            0           2M           0M           0M 
[2026-06-17T10:03:15.953+0800][4.046s][info][gc,reloc    ] GC(114) Y: Forwarding Usage: 0M
[2026-06-17T10:03:15.953+0800][4.046s][info][gc,reloc    ] GC(114) Y: Age Table:
[2026-06-17T10:03:15.953+0800][4.046s][info][gc,reloc    ] GC(114) Y:                    Live             Garbage             Small              Medium             Large        
[2026-06-17T10:03:15.953+0800][4.046s][info][gc,reloc    ] GC(114) Y: Eden                -                 0M (0%)           0 / 0              0 / 0              0 / 0        
[2026-06-17T10:03:15.953+0800][4.047s][info][gc,reloc    ] GC(114) Y: Survivor 1         2M (3%)            0M (0%)           0 / 0              0 / 0              1 / 0        
[2026-06-17T10:03:15.953+0800][4.047s][info][gc,heap     ] GC(114) Y: Min Capacity: 64M(100%)
[2026-06-17T10:03:15.953+0800][4.047s][info][gc,heap     ] GC(114) Y: Max Capacity: 64M(100%)
[2026-06-17T10:03:15.953+0800][4.047s][info][gc,heap     ] GC(114) Y: Soft Max Capacity: 64M(100%)
[2026-06-17T10:03:15.953+0800][4.047s][info][gc,heap     ] GC(114) Y: Heap Statistics:
[2026-06-17T10:03:15.954+0800][4.047s][info][gc,heap     ] GC(114) Y:                Mark Start          Mark End        Relocate Start      Relocate End           High               Low         
[2026-06-17T10:03:15.954+0800][4.047s][info][gc,heap     ] GC(114) Y:  Capacity:       64M (100%)         64M (100%)         64M (100%)         64M (100%)         64M (100%)         64M (100%)   
[2026-06-17T10:03:15.954+0800][4.047s][info][gc,heap     ] GC(114) Y:      Free:        0M (0%)            0M (0%)            0M (0%)            0M (0%)            0M (0%)            0M (0%)     
[2026-06-17T10:03:15.954+0800][4.047s][info][gc,heap     ] GC(114) Y:      Used:       64M (100%)         64M (100%)         64M (100%)         64M (100%)         64M (100%)         64M (100%)   
[2026-06-17T10:03:15.954+0800][4.047s][info][gc,heap     ] GC(114) Y: Young Generation Statistics:
[2026-06-17T10:03:15.954+0800][4.047s][info][gc,heap     ] GC(114) Y:                Mark Start          Mark End        Relocate Start      Relocate End    
[2026-06-17T10:03:15.954+0800][4.047s][info][gc,heap     ] GC(114) Y:      Used:        2M (3%)            2M (3%)            0M (0%)            0M (0%)     
[2026-06-17T10:03:15.954+0800][4.047s][info][gc,heap     ] GC(114) Y:      Live:         -                 2M (3%)            0M (0%)            0M (0%)     
[2026-06-17T10:03:15.954+0800][4.047s][info][gc,heap     ] GC(114) Y:   Garbage:         -                 0M (0%)            0M (0%)            0M (0%)     
[2026-06-17T10:03:15.954+0800][4.047s][info][gc,heap     ] GC(114) Y: Allocated:         -                 0M (0%)            0M (0%)            0M (0%)     
[2026-06-17T10:03:15.954+0800][4.048s][info][gc,heap     ] GC(114) Y: Reclaimed:         -                  -                 0M (0%)            0M (0%)     
[2026-06-17T10:03:15.954+0800][4.048s][info][gc,heap     ] GC(114) Y:  Promoted:         -                  -                 2M (3%)            2M (3%)     
[2026-06-17T10:03:15.954+0800][4.048s][info][gc,heap     ] GC(114) Y: Compacted:         -                  -                  -                 0M (0%)     
[2026-06-17T10:03:15.955+0800][4.048s][info][gc,phases   ] GC(114) Y: Young Generation (Promote All) 64M(100%)->64M(100%) 0.002s
[2026-06-17T10:03:15.955+0800][4.048s][info][gc,phases   ] GC(114) Y: Young Generation (Collect Roots)
[2026-06-17T10:03:15.955+0800][4.048s][info][gc,phases   ] GC(114) Y: Pause Mark Start (Major) 0.008ms
[2026-06-17T10:03:15.955+0800][4.049s][info][gc,phases   ] GC(114) Y: Concurrent Mark 0.418ms
[2026-06-17T10:03:15.956+0800][4.049s][info][gc,phases   ] GC(114) Y: Pause Mark End 0.005ms
[2026-06-17T10:03:15.956+0800][4.049s][info][gc,phases   ] GC(114) Y: Concurrent Mark Free 0.025ms
[2026-06-17T10:03:15.956+0800][4.049s][info][gc,phases   ] GC(114) Y: Concurrent Reset Relocation Set 0.001ms
[2026-06-17T10:03:15.956+0800][4.050s][info][gc,reloc    ] GC(114) Y: Using tenuring threshold: 0 (Computed)
[2026-06-17T10:03:15.957+0800][4.050s][info][gc,phases   ] GC(114) Y: Concurrent Select Relocation Set 0.729ms
[2026-06-17T10:03:15.957+0800][4.050s][info][gc,phases   ] GC(114) Y: Pause Relocate Start 0.003ms
[2026-06-17T10:03:15.957+0800][4.050s][info][gc,phases   ] GC(114) Y: Concurrent Relocate 0.083ms
[2026-06-17T10:03:15.957+0800][4.050s][info][gc,alloc    ] GC(114) Y:                         Mark Start        Mark End      Relocate Start    Relocate End   
[2026-06-17T10:03:15.957+0800][4.050s][info][gc,alloc    ] GC(114) Y: Allocation Stalls:          1                1                1                1         
[2026-06-17T10:03:15.957+0800][4.050s][info][gc,load     ] GC(114) Y: Load: 0.38 (2%) / 0.43 (2%) / 0.50 (2%)
[2026-06-17T10:03:15.957+0800][4.051s][info][gc,mmu      ] GC(114) Y: MMU: 2ms/96.6%, 5ms/98.5%, 10ms/98.9%, 20ms/99.4%, 50ms/99.6%, 100ms/99.7%
[2026-06-17T10:03:15.957+0800][4.051s][info][gc,marking  ] GC(114) Y: Mark: 1 stripe(s), 1 proactive flush(es), 1 terminate flush(es), 0 completion(s), 0 continuation(s) 
[2026-06-17T10:03:15.957+0800][4.051s][info][gc,marking  ] GC(114) Y: Mark Stack Usage: 0M
[2026-06-17T10:03:15.958+0800][4.051s][info][gc,nmethod  ] GC(114) Y: NMethods: 72 registered, 5 unregistered
[2026-06-17T10:03:15.958+0800][4.051s][info][gc,metaspace] GC(114) Y: Metaspace: 0M used, 0M committed, 1088M reserved
[2026-06-17T10:03:15.958+0800][4.051s][info][gc,heap     ] GC(114) Y: Min Capacity: 64M(100%)
[2026-06-17T10:03:15.958+0800][4.051s][info][gc,heap     ] GC(114) Y: Max Capacity: 64M(100%)
[2026-06-17T10:03:15.958+0800][4.051s][info][gc,heap     ] GC(114) Y: Soft Max Capacity: 64M(100%)
[2026-06-17T10:03:15.958+0800][4.051s][info][gc,heap     ] GC(114) Y: Heap Statistics:
[2026-06-17T10:03:15.958+0800][4.051s][info][gc,heap     ] GC(114) Y:                Mark Start          Mark End        Relocate Start      Relocate End           High               Low         
[2026-06-17T10:03:15.958+0800][4.051s][info][gc,heap     ] GC(114) Y:  Capacity:       64M (100%)         64M (100%)         64M (100%)         64M (100%)         64M (100%)         64M (100%)   
[2026-06-17T10:03:15.958+0800][4.051s][info][gc,heap     ] GC(114) Y:      Free:        0M (0%)            0M (0%)            0M (0%)            0M (0%)            0M (0%)            0M (0%)     
[2026-06-17T10:03:15.958+0800][4.052s][info][gc,heap     ] GC(114) Y:      Used:       64M (100%)         64M (100%)         64M (100%)         64M (100%)         64M (100%)         64M (100%)   
[2026-06-17T10:03:15.958+0800][4.052s][info][gc,heap     ] GC(114) Y: Young Generation Statistics:
[2026-06-17T10:03:15.958+0800][4.052s][info][gc,heap     ] GC(114) Y:                Mark Start          Mark End        Relocate Start      Relocate End    
[2026-06-17T10:03:15.959+0800][4.052s][info][gc,heap     ] GC(114) Y:      Used:        0M (0%)            0M (0%)            0M (0%)            0M (0%)     
[2026-06-17T10:03:15.959+0800][4.052s][info][gc,heap     ] GC(114) Y:      Live:         -                 0M (0%)            0M (0%)            0M (0%)     
[2026-06-17T10:03:15.959+0800][4.052s][info][gc,heap     ] GC(114) Y:   Garbage:         -                 0M (0%)            0M (0%)            0M (0%)     
[2026-06-17T10:03:15.959+0800][4.052s][info][gc,heap     ] GC(114) Y: Allocated:         -                 0M (0%)            0M (0%)            0M (0%)     
[2026-06-17T10:03:15.959+0800][4.052s][info][gc,heap     ] GC(114) Y: Reclaimed:         -                  -                 0M (0%)            0M (0%)     
[2026-06-17T10:03:15.959+0800][4.052s][info][gc,heap     ] GC(114) Y:  Promoted:         -                  -                 0M (0%)            0M (0%)     
[2026-06-17T10:03:15.959+0800][4.052s][info][gc,heap     ] GC(114) Y: Compacted:         -                  -                  -                 0M (0%)     
[2026-06-17T10:03:15.959+0800][4.052s][info][gc,phases   ] GC(114) Y: Young Generation (Collect Roots) 64M(100%)->64M(100%) 0.002s
[2026-06-17T10:03:15.959+0800][4.052s][info][gc,phases   ] GC(114) O: Old Generation
[2026-06-17T10:03:15.960+0800][4.054s][info][gc,phases   ] GC(114) O: Concurrent Mark 1.074ms
[2026-06-17T10:03:15.960+0800][4.054s][info][gc,phases   ] GC(114) O: Pause Mark End 0.005ms
[2026-06-17T10:03:15.961+0800][4.054s][info][gc,phases   ] GC(114) O: Concurrent Mark Free 0.000ms
[2026-06-17T10:03:15.961+0800][4.054s][info][gc,ref      ] GC(114) O: Clearing All SoftReferences
[2026-06-17T10:03:15.961+0800][4.055s][info][gc,phases   ] GC(114) O: Concurrent Process Non-Strong 0.644ms
[2026-06-17T10:03:15.962+0800][4.055s][info][gc,phases   ] GC(114) O: Concurrent Reset Relocation Set 0.001ms
[2026-06-17T10:03:15.963+0800][4.056s][info][gc,phases   ] GC(114) O: Concurrent Select Relocation Set 0.559ms
[2026-06-17T10:03:15.965+0800][4.058s][info][gc,task     ] GC(114) O: Using 1 Workers for Old Generation
[2026-06-17T10:03:15.979+0800][4.073s][info][gc,task     ] GC(114) O: Using 1 Workers for Old Generation
[2026-06-17T10:03:15.980+0800][4.073s][info][gc,phases   ] GC(114) O: Concurrent Remap Roots 15.057ms
[2026-06-17T10:03:15.980+0800][4.074s][info][gc,phases   ] GC(114) O: Pause Relocate Start 0.012ms
[2026-06-17T10:03:15.980+0800][4.074s][info][gc,phases   ] GC(114) O: Concurrent Relocate 0.082ms
[2026-06-17T10:03:15.981+0800][4.074s][info][gc,alloc    ] GC(114) O:                         Mark Start        Mark End      Relocate Start    Relocate End   
[2026-06-17T10:03:15.981+0800][4.074s][info][gc,alloc    ] GC(114) O: Allocation Stalls:          1                1                1                1         
[2026-06-17T10:03:15.981+0800][4.074s][info][gc,load     ] GC(114) O: Load: 0.38 (2%) / 0.43 (2%) / 0.50 (2%)
[2026-06-17T10:03:15.981+0800][4.074s][info][gc,mmu      ] GC(114) O: MMU: 2ms/96.6%, 5ms/98.5%, 10ms/98.9%, 20ms/99.4%, 50ms/99.6%, 100ms/99.7%
[2026-06-17T10:03:15.981+0800][4.074s][info][gc,marking  ] GC(114) O: Mark: 1 stripe(s), 1 proactive flush(es), 1 terminate flush(es), 0 completion(s), 0 continuation(s) 
[2026-06-17T10:03:15.981+0800][4.074s][info][gc,marking  ] GC(114) O: Mark Stack Usage: 32M
[2026-06-17T10:03:15.981+0800][4.075s][info][gc,nmethod  ] GC(114) O: NMethods: 72 registered, 5 unregistered
[2026-06-17T10:03:15.981+0800][4.075s][info][gc,metaspace] GC(114) O: Metaspace: 0M used, 0M committed, 1088M reserved
[2026-06-17T10:03:15.981+0800][4.075s][info][gc,ref      ] GC(114) O:                       Encountered   Discovered     Enqueued 
[2026-06-17T10:03:15.982+0800][4.075s][info][gc,ref      ] GC(114) O: Soft References:                0            0            0 
[2026-06-17T10:03:15.982+0800][4.075s][info][gc,ref      ] GC(114) O: Weak References:                6            0            0 
[2026-06-17T10:03:15.982+0800][4.075s][info][gc,ref      ] GC(114) O: Final References:               0            0            0 
[2026-06-17T10:03:15.982+0800][4.075s][info][gc,ref      ] GC(114) O: Phantom References:             1            1            0 
[2026-06-17T10:03:15.982+0800][4.075s][info][gc,reloc    ] GC(114) O:                        Candidates     Selected     In-Place         Size        Empty    Relocated 
[2026-06-17T10:03:15.982+0800][4.075s][info][gc,reloc    ] GC(114) O: Small Pages:                    4            0            0           8M           0M           0M 
[2026-06-17T10:03:15.982+0800][4.075s][info][gc,reloc    ] GC(114) O: Large Pages:                   28            0            0          56M           0M           0M 
[2026-06-17T10:03:15.982+0800][4.075s][info][gc,reloc    ] GC(114) O: Forwarding Usage: 0M
[2026-06-17T10:03:15.982+0800][4.075s][info][gc,heap     ] GC(114) O: Min Capacity: 64M(100%)
[2026-06-17T10:03:15.982+0800][4.076s][info][gc,heap     ] GC(114) O: Max Capacity: 64M(100%)
[2026-06-17T10:03:15.983+0800][4.076s][info][gc,heap     ] GC(114) O: Soft Max Capacity: 64M(100%)
[2026-06-17T10:03:15.983+0800][4.076s][info][gc,heap     ] GC(114) O: Heap Statistics:
[2026-06-17T10:03:15.983+0800][4.076s][info][gc,heap     ] GC(114) O:                Mark Start          Mark End        Relocate Start      Relocate End           High               Low         
[2026-06-17T10:03:15.983+0800][4.076s][info][gc,heap     ] GC(114) O:  Capacity:       64M (100%)         64M (100%)         64M (100%)         64M (100%)         64M (100%)         64M (100%)   
[2026-06-17T10:03:15.983+0800][4.076s][info][gc,heap     ] GC(114) O:      Free:        0M (0%)            0M (0%)            0M (0%)            0M (0%)            0M (0%)            0M (0%)     
[2026-06-17T10:03:15.983+0800][4.076s][info][gc,heap     ] GC(114) O:      Used:       64M (100%)         64M (100%)         64M (100%)         64M (100%)         64M (100%)         64M (100%)   
[2026-06-17T10:03:15.983+0800][4.076s][info][gc,heap     ] GC(114) O: Old Generation Statistics:
[2026-06-17T10:03:15.983+0800][4.077s][info][gc,heap     ] GC(114) O:                Mark Start          Mark End        Relocate Start      Relocate End    
[2026-06-17T10:03:15.983+0800][4.077s][info][gc,heap     ] GC(114) O:      Used:       64M (100%)         64M (100%)         64M (100%)         64M (100%)   
[2026-06-17T10:03:15.983+0800][4.077s][info][gc,heap     ] GC(114) O:      Live:         -                63M (99%)          63M (99%)          63M (99%)    
[2026-06-17T10:03:15.984+0800][4.077s][info][gc,heap     ] GC(114) O:   Garbage:         -                 0M (1%)            0M (1%)            0M (1%)     
[2026-06-17T10:03:15.984+0800][4.077s][info][gc,heap     ] GC(114) O: Allocated:         -                 0M (0%)            0M (0%)            0M (0%)     
[2026-06-17T10:03:15.984+0800][4.077s][info][gc,heap     ] GC(114) O: Reclaimed:         -                  -                 0M (0%)            0M (0%)     
[2026-06-17T10:03:15.984+0800][4.077s][info][gc,heap     ] GC(114) O: Compacted:         -                  -                  -                 0M (0%)     
[2026-06-17T10:03:15.984+0800][4.077s][info][gc,phases   ] GC(114) O: Old Generation 64M(100%)->64M(100%) 0.021s
[2026-06-17T10:03:15.984+0800][4.077s][info][gc          ] GC(114) Major Collection (Allocation Stall) 64M(100%)->64M(100%) 0.034s
[2026-06-17T10:03:15.984+0800][4.077s][info][gc          ] Allocation Stall (main) 43.201ms
[2026-06-17T10:03:15.984+0800][4.077s][info][gc          ] Out Of Memory (main)
[2026-06-17T10:03:15.984+0800][4.078s][info][gc          ] GC(115) Minor Collection (Allocation Stall)
[2026-06-17T10:03:15.984+0800][4.078s][info][gc,task     ] GC(115) Using 1 Workers for Young Generation
[2026-06-17T10:03:15.985+0800][4.078s][info][gc,phases   ] GC(115) y: Young Generation
[2026-06-17T10:03:15.985+0800][4.078s][info][gc,phases   ] GC(115) y: Pause Mark Start 0.009ms
[2026-06-17T10:03:15.985+0800][4.079s][info][gc,phases   ] GC(115) y: Concurrent Mark 0.552ms
[2026-06-17T10:03:15.986+0800][4.079s][info][gc,phases   ] GC(115) y: Pause Mark End 0.006ms
[2026-06-17T10:03:15.986+0800][4.079s][info][gc,phases   ] GC(115) y: Concurrent Mark Free 0.001ms
[2026-06-17T10:03:15.986+0800][4.079s][info][gc,phases   ] GC(115) y: Concurrent Reset Relocation Set 0.001ms
[2026-06-17T10:03:15.986+0800][4.080s][info][gc,reloc    ] GC(115) y: Using tenuring threshold: 0 (Computed)
[2026-06-17T10:03:15.987+0800][4.080s][info][gc,phases   ] GC(115) y: Concurrent Select Relocation Set 0.830ms
[2026-06-17T10:03:15.987+0800][4.080s][info][gc,phases   ] GC(115) y: Pause Relocate Start 0.004ms
[2026-06-17T10:03:15.987+0800][4.080s][info][gc,phases   ] GC(115) y: Concurrent Relocate 0.086ms
[2026-06-17T10:03:15.987+0800][4.080s][info][gc,alloc    ] GC(115) y:                         Mark Start        Mark End      Relocate Start    Relocate End   
[2026-06-17T10:03:15.987+0800][4.081s][info][gc,alloc    ] GC(115) y: Allocation Stalls:          1                1                1                1         
[2026-06-17T10:03:15.987+0800][4.081s][info][gc,load     ] GC(115) y: Load: 0.38 (2%) / 0.43 (2%) / 0.50 (2%)
[2026-06-17T10:03:15.987+0800][4.081s][info][gc,mmu      ] GC(115) y: MMU: 2ms/96.6%, 5ms/98.5%, 10ms/98.9%, 20ms/99.4%, 50ms/99.6%, 100ms/99.7%
[2026-06-17T10:03:15.987+0800][4.081s][info][gc,marking  ] GC(115) y: Mark: 1 stripe(s), 1 proactive flush(es), 1 terminate flush(es), 0 completion(s), 0 continuation(s) 
[2026-06-17T10:03:15.988+0800][4.081s][info][gc,marking  ] GC(115) y: Mark Stack Usage: 0M
[2026-06-17T10:03:15.988+0800][4.081s][info][gc,nmethod  ] GC(115) y: NMethods: 72 registered, 5 unregistered
[2026-06-17T10:03:15.988+0800][4.081s][info][gc,metaspace] GC(115) y: Metaspace: 0M used, 0M committed, 1088M reserved
[2026-06-17T10:03:15.988+0800][4.081s][info][gc,heap     ] GC(115) y: Min Capacity: 64M(100%)
[2026-06-17T10:03:15.988+0800][4.081s][info][gc,heap     ] GC(115) y: Max Capacity: 64M(100%)
[2026-06-17T10:03:15.988+0800][4.081s][info][gc,heap     ] GC(115) y: Soft Max Capacity: 64M(100%)
[2026-06-17T10:03:15.988+0800][4.081s][info][gc,heap     ] GC(115) y: Heap Statistics:
[2026-06-17T10:03:15.988+0800][4.082s][info][gc,heap     ] GC(115) y:                Mark Start          Mark End        Relocate Start      Relocate End           High               Low         
[2026-06-17T10:03:15.988+0800][4.082s][info][gc,heap     ] GC(115) y:  Capacity:       64M (100%)         64M (100%)         64M (100%)         64M (100%)         64M (100%)         64M (100%)   
[2026-06-17T10:03:15.989+0800][4.082s][info][gc,heap     ] GC(115) y:      Free:        0M (0%)            0M (0%)            0M (0%)            0M (0%)            0M (0%)            0M (0%)     
[2026-06-17T10:03:15.989+0800][4.082s][info][gc,heap     ] GC(115) y:      Used:       64M (100%)         64M (100%)         64M (100%)         64M (100%)         64M (100%)         64M (100%)   
[2026-06-17T10:03:15.989+0800][4.082s][info][gc,heap     ] GC(115) y: Young Generation Statistics:
[2026-06-17T10:03:15.989+0800][4.082s][info][gc,heap     ] GC(115) y:                Mark Start          Mark End        Relocate Start      Relocate End    
[2026-06-17T10:03:15.989+0800][4.082s][info][gc,heap     ] GC(115) y:      Used:        0M (0%)            0M (0%)            0M (0%)            0M (0%)     
[2026-06-17T10:03:15.989+0800][4.082s][info][gc,heap     ] GC(115) y:      Live:         -                 0M (0%)            0M (0%)            0M (0%)     
[2026-06-17T10:03:15.989+0800][4.082s][info][gc,heap     ] GC(115) y:   Garbage:         -                 0M (0%)            0M (0%)            0M (0%)     
[2026-06-17T10:03:15.989+0800][4.083s][info][gc,heap     ] GC(115) y: Allocated:         -                 0M (0%)            0M (0%)            0M (0%)     
[2026-06-17T10:03:15.989+0800][4.083s][info][gc,heap     ] GC(115) y: Reclaimed:         -                  -                 0M (0%)            0M (0%)     
[2026-06-17T10:03:15.989+0800][4.083s][info][gc,heap     ] GC(115) y:  Promoted:         -                  -                 0M (0%)            0M (0%)     
[2026-06-17T10:03:15.989+0800][4.083s][info][gc,heap     ] GC(115) y: Compacted:         -                  -                  -                 0M (0%)     
[2026-06-17T10:03:15.989+0800][4.083s][info][gc,phases   ] GC(115) y: Young Generation 64M(100%)->64M(100%) 0.003s
[2026-06-17T10:03:15.990+0800][4.083s][info][gc          ] GC(115) Minor Collection (Allocation Stall) 64M(100%)->64M(100%) 0.005s
[2026-06-17T10:03:15.990+0800][4.083s][info][gc          ] GC(116) Major Collection (Allocation Stall)
[2026-06-17T10:03:15.990+0800][4.083s][info][gc,task     ] GC(116) Using 1 Workers for Young Generation
[2026-06-17T10:03:15.990+0800][4.083s][info][gc,task     ] GC(116) Using 1 Workers for Old Generation
[2026-06-17T10:03:15.990+0800][4.083s][info][gc,phases   ] GC(116) Y: Young Generation (Promote All)
[2026-06-17T10:03:15.990+0800][4.083s][info][gc,phases   ] GC(116) Y: Pause Mark Start 0.007ms
[2026-06-17T10:03:15.991+0800][4.084s][info][gc,phases   ] GC(116) Y: Concurrent Mark 0.427ms
[2026-06-17T10:03:15.991+0800][4.084s][info][gc,phases   ] GC(116) Y: Pause Mark End 0.004ms
[2026-06-17T10:03:15.991+0800][4.084s][info][gc,phases   ] GC(116) Y: Concurrent Mark Free 0.000ms
[2026-06-17T10:03:15.991+0800][4.084s][info][gc,phases   ] GC(116) Y: Concurrent Reset Relocation Set 0.000ms
[2026-06-17T10:03:15.992+0800][4.085s][info][gc,reloc    ] GC(116) Y: Using tenuring threshold: 0 (Promote All)
[2026-06-17T10:03:15.992+0800][4.085s][info][gc,phases   ] GC(116) Y: Concurrent Select Relocation Set 1.030ms
[2026-06-17T10:03:15.992+0800][4.086s][info][gc,phases   ] GC(116) Y: Pause Relocate Start 0.006ms
[2026-06-17T10:03:15.995+0800][4.088s][info][gc,phases   ] GC(116) Y: Concurrent Relocate 0.119ms
[2026-06-17T10:03:15.997+0800][4.090s][info][gc,alloc    ] GC(116) Y:                         Mark Start        Mark End      Relocate Start    Relocate End   
[2026-06-17T10:03:15.999+0800][4.092s][info][gc,alloc    ] GC(116) Y: Allocation Stalls:          1                1                1                1         
[2026-06-17T10:03:16.001+0800][4.094s][info][gc,load     ] GC(116) Y: Load: 0.38 (2%) / 0.43 (2%) / 0.50 (2%)
[2026-06-17T10:03:16.003+0800][4.096s][info][gc,mmu      ] GC(116) Y: MMU: 2ms/96.6%, 5ms/98.5%, 10ms/98.9%, 20ms/99.4%, 50ms/99.6%, 100ms/99.7%
[2026-06-17T10:03:16.004+0800][4.097s][info][gc,marking  ] GC(116) Y: Mark: 1 stripe(s), 1 proactive flush(es), 1 terminate flush(es), 0 completion(s), 0 continuation(s) 
[2026-06-17T10:03:16.006+0800][4.099s][info][gc,marking  ] GC(116) Y: Mark Stack Usage: 0M
[2026-06-17T10:03:16.006+0800][4.099s][info][gc,nmethod  ] GC(116) Y: NMethods: 72 registered, 5 unregistered
[2026-06-17T10:03:16.006+0800][4.100s][info][gc,metaspace] GC(116) Y: Metaspace: 0M used, 0M committed, 1088M reserved
[2026-06-17T10:03:16.010+0800][4.103s][info][gc,heap     ] GC(116) Y: Min Capacity: 64M(100%)
[2026-06-17T10:03:16.010+0800][4.104s][info][gc,heap     ] GC(116) Y: Max Capacity: 64M(100%)
[2026-06-17T10:03:16.011+0800][4.104s][info][gc,heap     ] GC(116) Y: Soft Max Capacity: 64M(100%)
[2026-06-17T10:03:16.011+0800][4.104s][info][gc,heap     ] GC(116) Y: Heap Statistics:
[2026-06-17T10:03:16.011+0800][4.105s][info][gc,heap     ] GC(116) Y:                Mark Start          Mark End        Relocate Start      Relocate End           High               Low         
[2026-06-17T10:03:16.012+0800][4.105s][info][gc,heap     ] GC(116) Y:  Capacity:       64M (100%)         64M (100%)         64M (100%)         64M (100%)         64M (100%)         64M (100%)   
[2026-06-17T10:03:16.012+0800][4.105s][info][gc,heap     ] GC(116) Y:      Free:        0M (0%)            0M (0%)            0M (0%)            0M (0%)            0M (0%)            0M (0%)     
[2026-06-17T10:03:16.012+0800][4.105s][info][gc,heap     ] GC(116) Y:      Used:       64M (100%)         64M (100%)         64M (100%)         64M (100%)         64M (100%)         64M (100%)   
[2026-06-17T10:03:16.012+0800][4.106s][info][gc,heap     ] GC(116) Y: Young Generation Statistics:
[2026-06-17T10:03:16.013+0800][4.106s][info][gc,heap     ] GC(116) Y:                Mark Start          Mark End        Relocate Start      Relocate End    
[2026-06-17T10:03:16.013+0800][4.106s][info][gc,heap     ] GC(116) Y:      Used:        0M (0%)            0M (0%)            0M (0%)            0M (0%)     
[2026-06-17T10:03:16.013+0800][4.107s][info][gc,heap     ] GC(116) Y:      Live:         -                 0M (0%)            0M (0%)            0M (0%)     
[2026-06-17T10:03:16.013+0800][4.107s][info][gc,heap     ] GC(116) Y:   Garbage:         -                 0M (0%)            0M (0%)            0M (0%)     
[2026-06-17T10:03:16.014+0800][4.107s][info][gc,heap     ] GC(116) Y: Allocated:         -                 0M (0%)            0M (0%)            0M (0%)     
[2026-06-17T10:03:16.014+0800][4.107s][info][gc,heap     ] GC(116) Y: Reclaimed:         -                  -                 0M (0%)            0M (0%)     
[2026-06-17T10:03:16.014+0800][4.108s][info][gc,heap     ] GC(116) Y:  Promoted:         -                  -                 0M (0%)            0M (0%)     
[2026-06-17T10:03:16.015+0800][4.109s][info][gc,heap     ] GC(116) Y: Compacted:         -                  -                  -                 0M (0%)     
[2026-06-17T10:03:16.019+0800][4.113s][info][gc,phases   ] GC(116) Y: Young Generation (Promote All) 64M(100%)->64M(100%) 0.007s
[2026-06-17T10:03:16.021+0800][4.115s][info][gc,phases   ] GC(116) Y: Young Generation (Collect Roots)
[2026-06-17T10:03:16.022+0800][4.116s][info][gc,phases   ] GC(116) Y: Pause Mark Start (Major) 0.017ms
[2026-06-17T10:03:16.024+0800][4.117s][info][gc,phases   ] GC(116) Y: Concurrent Mark 0.441ms
[2026-06-17T10:03:16.024+0800][4.117s][info][gc,phases   ] GC(116) Y: Pause Mark End 0.006ms
[2026-06-17T10:03:16.024+0800][4.117s][info][gc,phases   ] GC(116) Y: Concurrent Mark Free 0.000ms
[2026-06-17T10:03:16.024+0800][4.117s][info][gc,phases   ] GC(116) Y: Concurrent Reset Relocation Set 0.000ms
[2026-06-17T10:03:16.025+0800][4.118s][info][gc,reloc    ] GC(116) Y: Using tenuring threshold: 0 (Computed)
[2026-06-17T10:03:16.025+0800][4.118s][info][gc,phases   ] GC(116) Y: Concurrent Select Relocation Set 0.713ms
[2026-06-17T10:03:16.025+0800][4.118s][info][gc,phases   ] GC(116) Y: Pause Relocate Start 0.003ms
[2026-06-17T10:03:16.025+0800][4.118s][info][gc,phases   ] GC(116) Y: Concurrent Relocate 0.082ms
[2026-06-17T10:03:16.025+0800][4.118s][info][gc,alloc    ] GC(116) Y:                         Mark Start        Mark End      Relocate Start    Relocate End   
[2026-06-17T10:03:16.025+0800][4.119s][info][gc,alloc    ] GC(116) Y: Allocation Stalls:          1                1                1                1         
[2026-06-17T10:03:16.025+0800][4.119s][info][gc,load     ] GC(116) Y: Load: 0.38 (2%) / 0.43 (2%) / 0.50 (2%)
[2026-06-17T10:03:16.026+0800][4.119s][info][gc,mmu      ] GC(116) Y: MMU: 2ms/96.6%, 5ms/98.5%, 10ms/98.9%, 20ms/99.4%, 50ms/99.6%, 100ms/99.7%
[2026-06-17T10:03:16.026+0800][4.119s][info][gc,marking  ] GC(116) Y: Mark: 1 stripe(s), 1 proactive flush(es), 1 terminate flush(es), 0 completion(s), 0 continuation(s) 
[2026-06-17T10:03:16.026+0800][4.119s][info][gc,marking  ] GC(116) Y: Mark Stack Usage: 0M
[2026-06-17T10:03:16.026+0800][4.119s][info][gc,nmethod  ] GC(116) Y: NMethods: 72 registered, 5 unregistered
[2026-06-17T10:03:16.026+0800][4.119s][info][gc,metaspace] GC(116) Y: Metaspace: 0M used, 0M committed, 1088M reserved
[2026-06-17T10:03:16.026+0800][4.119s][info][gc,heap     ] GC(116) Y: Min Capacity: 64M(100%)
[2026-06-17T10:03:16.026+0800][4.120s][info][gc,heap     ] GC(116) Y: Max Capacity: 64M(100%)
[2026-06-17T10:03:16.026+0800][4.120s][info][gc,heap     ] GC(116) Y: Soft Max Capacity: 64M(100%)
[2026-06-17T10:03:16.026+0800][4.120s][info][gc,heap     ] GC(116) Y: Heap Statistics:
[2026-06-17T10:03:16.026+0800][4.120s][info][gc,heap     ] GC(116) Y:                Mark Start          Mark End        Relocate Start      Relocate End           High               Low         
[2026-06-17T10:03:16.027+0800][4.120s][info][gc,heap     ] GC(116) Y:  Capacity:       64M (100%)         64M (100%)         64M (100%)         64M (100%)         64M (100%)         64M (100%)   
[2026-06-17T10:03:16.027+0800][4.120s][info][gc,heap     ] GC(116) Y:      Free:        0M (0%)            0M (0%)            0M (0%)            0M (0%)            0M (0%)            0M (0%)     
[2026-06-17T10:03:16.027+0800][4.120s][info][gc,heap     ] GC(116) Y:      Used:       64M (100%)         64M (100%)         64M (100%)         64M (100%)         64M (100%)         64M (100%)   
[2026-06-17T10:03:16.027+0800][4.120s][info][gc,heap     ] GC(116) Y: Young Generation Statistics:
[2026-06-17T10:03:16.027+0800][4.120s][info][gc,heap     ] GC(116) Y:                Mark Start          Mark End        Relocate Start      Relocate End    
[2026-06-17T10:03:16.027+0800][4.120s][info][gc,heap     ] GC(116) Y:      Used:        0M (0%)            0M (0%)            0M (0%)            0M (0%)     
[2026-06-17T10:03:16.027+0800][4.120s][info][gc,heap     ] GC(116) Y:      Live:         -                 0M (0%)            0M (0%)            0M (0%)     
[2026-06-17T10:03:16.027+0800][4.120s][info][gc,heap     ] GC(116) Y:   Garbage:         -                 0M (0%)            0M (0%)            0M (0%)     
[2026-06-17T10:03:16.027+0800][4.121s][info][gc,heap     ] GC(116) Y: Allocated:         -                 0M (0%)            0M (0%)            0M (0%)     
[2026-06-17T10:03:16.027+0800][4.121s][info][gc,heap     ] GC(116) Y: Reclaimed:         -                  -                 0M (0%)            0M (0%)     
[2026-06-17T10:03:16.027+0800][4.121s][info][gc,heap     ] GC(116) Y:  Promoted:         -                  -                 0M (0%)            0M (0%)     
[2026-06-17T10:03:16.027+0800][4.121s][info][gc,heap     ] GC(116) Y: Compacted:         -                  -                  -                 0M (0%)     
[2026-06-17T10:03:16.027+0800][4.121s][info][gc,phases   ] GC(116) Y: Young Generation (Collect Roots) 64M(100%)->64M(100%) 0.004s
[2026-06-17T10:03:16.028+0800][4.121s][info][gc,phases   ] GC(116) O: Old Generation
[2026-06-17T10:03:16.029+0800][4.122s][info][gc,phases   ] GC(116) O: Concurrent Mark 0.991ms
[2026-06-17T10:03:16.029+0800][4.122s][info][gc,phases   ] GC(116) O: Pause Mark End 0.010ms
[2026-06-17T10:03:16.029+0800][4.122s][info][gc,phases   ] GC(116) O: Concurrent Mark Free 0.000ms
[2026-06-17T10:03:16.029+0800][4.122s][info][gc,ref      ] GC(116) O: Clearing All SoftReferences
[2026-06-17T10:03:16.030+0800][4.123s][info][gc,phases   ] GC(116) O: Concurrent Process Non-Strong 0.334ms
[2026-06-17T10:03:16.030+0800][4.123s][info][gc,phases   ] GC(116) O: Concurrent Reset Relocation Set 0.001ms
[2026-06-17T10:03:16.030+0800][4.124s][info][gc          ] Allocation Stall (main) 45.984ms
[2026-06-17T10:03:16.030+0800][4.124s][info][gc,phases   ] GC(116) O: Concurrent Select Relocation Set 0.577ms
[2026-06-17T10:03:16.031+0800][4.124s][info][gc,task     ] GC(116) O: Using 1 Workers for Old Generation
[2026-06-17T10:03:16.043+0800][4.136s][info][gc,task     ] GC(116) O: Using 1 Workers for Old Generation
[2026-06-17T10:03:16.043+0800][4.137s][info][gc,phases   ] GC(116) O: Concurrent Remap Roots 12.817ms
[2026-06-17T10:03:16.043+0800][4.137s][info][gc,phases   ] GC(116) O: Pause Relocate Start 0.009ms
[2026-06-17T10:03:16.044+0800][4.137s][info][gc,phases   ] GC(116) O: Concurrent Relocate 0.059ms
[2026-06-17T10:03:16.044+0800][4.137s][info][gc,alloc    ] GC(116) O:                         Mark Start        Mark End      Relocate Start    Relocate End   
[2026-06-17T10:03:16.044+0800][4.137s][info][gc,alloc    ] GC(116) O: Allocation Stalls:          1                1                0                0         
[2026-06-17T10:03:16.044+0800][4.137s][info][gc,load     ] GC(116) O: Load: 0.38 (2%) / 0.43 (2%) / 0.50 (2%)
[2026-06-17T10:03:16.044+0800][4.137s][info][gc,mmu      ] GC(116) O: MMU: 2ms/96.6%, 5ms/98.5%, 10ms/98.9%, 20ms/99.4%, 50ms/99.6%, 100ms/99.7%
[2026-06-17T10:03:16.044+0800][4.137s][info][gc,marking  ] GC(116) O: Mark: 1 stripe(s), 1 proactive flush(es), 1 terminate flush(es), 0 completion(s), 0 continuation(s) 
[2026-06-17T10:03:16.044+0800][4.138s][info][gc,marking  ] GC(116) O: Mark Stack Usage: 32M
[2026-06-17T10:03:16.044+0800][4.138s][info][gc,nmethod  ] GC(116) O: NMethods: 72 registered, 5 unregistered
[2026-06-17T10:03:16.044+0800][4.138s][info][gc,metaspace] GC(116) O: Metaspace: 0M used, 0M committed, 1088M reserved
[2026-06-17T10:03:16.045+0800][4.138s][info][gc,ref      ] GC(116) O:                       Encountered   Discovered     Enqueued 
[2026-06-17T10:03:16.045+0800][4.138s][info][gc,ref      ] GC(116) O: Soft References:                0            0            0 
[2026-06-17T10:03:16.045+0800][4.138s][info][gc,ref      ] GC(116) O: Weak References:                6            0            0 
[2026-06-17T10:03:16.045+0800][4.138s][info][gc,ref      ] GC(116) O: Final References:               0            0            0 
[2026-06-17T10:03:16.045+0800][4.138s][info][gc,ref      ] GC(116) O: Phantom References:             1            1            0 
[2026-06-17T10:03:16.045+0800][4.138s][info][gc,reloc    ] GC(116) O:                        Candidates     Selected     In-Place         Size        Empty    Relocated 
[2026-06-17T10:03:16.045+0800][4.138s][info][gc,reloc    ] GC(116) O: Small Pages:                    4            0            0           8M           0M           0M 
[2026-06-17T10:03:16.045+0800][4.138s][info][gc,reloc    ] GC(116) O: Large Pages:                   28            0            0          56M           8M           0M 
[2026-06-17T10:03:16.045+0800][4.138s][info][gc,reloc    ] GC(116) O: Forwarding Usage: 0M
[2026-06-17T10:03:16.045+0800][4.139s][info][gc,heap     ] GC(116) O: Min Capacity: 64M(100%)
[2026-06-17T10:03:16.045+0800][4.139s][info][gc,heap     ] GC(116) O: Max Capacity: 64M(100%)
[2026-06-17T10:03:16.045+0800][4.139s][info][gc,heap     ] GC(116) O: Soft Max Capacity: 64M(100%)
[2026-06-17T10:03:16.046+0800][4.139s][info][gc,heap     ] GC(116) O: Heap Statistics:
[2026-06-17T10:03:16.046+0800][4.139s][info][gc,heap     ] GC(116) O:                Mark Start          Mark End        Relocate Start      Relocate End           High               Low         
[2026-06-17T10:03:16.046+0800][4.139s][info][gc,heap     ] GC(116) O:  Capacity:       64M (100%)         64M (100%)         64M (100%)         64M (100%)         64M (100%)         64M (100%)   
[2026-06-17T10:03:16.046+0800][4.139s][info][gc,heap     ] GC(116) O:      Free:        0M (0%)            0M (0%)            6M (9%)            6M (9%)            8M (12%)           0M (0%)     
[2026-06-17T10:03:16.046+0800][4.140s][info][gc,heap     ] GC(116) O:      Used:       64M (100%)         64M (100%)         58M (91%)          58M (91%)          64M (100%)         56M (88%)    
[2026-06-17T10:03:16.046+0800][4.140s][info][gc,heap     ] GC(116) O: Old Generation Statistics:
[2026-06-17T10:03:16.046+0800][4.140s][info][gc,heap     ] GC(116) O:                Mark Start          Mark End        Relocate Start      Relocate End    
[2026-06-17T10:03:16.046+0800][4.140s][info][gc,heap     ] GC(116) O:      Used:       64M (100%)         64M (100%)         56M (88%)          56M (88%)    
[2026-06-17T10:03:16.047+0800][4.140s][info][gc,heap     ] GC(116) O:      Live:         -                54M (85%)          54M (85%)          54M (85%)    
[2026-06-17T10:03:16.047+0800][4.140s][info][gc,heap     ] GC(116) O:   Garbage:         -                 9M (15%)           1M (2%)            1M (2%)     
[2026-06-17T10:03:16.047+0800][4.140s][info][gc,heap     ] GC(116) O: Allocated:         -                 0M (0%)            0M (0%)            0M (0%)     
[2026-06-17T10:03:16.047+0800][4.140s][info][gc,heap     ] GC(116) O: Reclaimed:         -                  -                 8M (12%)           8M (12%)    
[2026-06-17T10:03:16.047+0800][4.140s][info][gc,heap     ] GC(116) O: Compacted:         -                  -                  -                 0M (0%)     
[2026-06-17T10:03:16.047+0800][4.140s][info][gc,phases   ] GC(116) O: Old Generation 64M(100%)->58M(91%) 0.016s
[2026-06-17T10:03:16.047+0800][4.140s][info][gc          ] GC(116) Major Collection (Allocation Stall) 64M(100%)->58M(91%) 0.057s
[2026-06-17T10:03:16.245+0800][4.338s][info][gc          ] GC(117) Major Collection (Allocation Rate)
[2026-06-17T10:03:16.245+0800][4.338s][info][gc,task     ] GC(117) Using 1 Workers for Young Generation
[2026-06-17T10:03:16.245+0800][4.339s][info][gc,task     ] GC(117) Using 1 Workers for Old Generation
[2026-06-17T10:03:16.246+0800][4.339s][info][gc,phases   ] GC(117) Y: Young Generation
[2026-06-17T10:03:16.246+0800][4.340s][info][gc,phases   ] GC(117) Y: Pause Mark Start (Major) 0.014ms
[2026-06-17T10:03:16.247+0800][4.340s][info][gc,phases   ] GC(117) Y: Concurrent Mark 0.577ms
[2026-06-17T10:03:16.248+0800][4.341s][info][gc,phases   ] GC(117) Y: Pause Mark End 0.007ms
[2026-06-17T10:03:16.248+0800][4.341s][info][gc,phases   ] GC(117) Y: Concurrent Mark Free 0.001ms
[2026-06-17T10:03:16.248+0800][4.341s][info][gc,phases   ] GC(117) Y: Concurrent Reset Relocation Set 0.001ms
[2026-06-17T10:03:16.249+0800][4.342s][info][gc,reloc    ] GC(117) Y: Using tenuring threshold: 0 (Computed)
[2026-06-17T10:03:16.249+0800][4.343s][info][gc,phases   ] GC(117) Y: Concurrent Select Relocation Set 1.029ms
[2026-06-17T10:03:16.250+0800][4.343s][info][gc,phases   ] GC(117) Y: Pause Relocate Start 0.004ms
[2026-06-17T10:03:16.250+0800][4.343s][info][gc,phases   ] GC(117) Y: Concurrent Relocate 0.121ms
[2026-06-17T10:03:16.250+0800][4.344s][info][gc,alloc    ] GC(117) Y:                         Mark Start        Mark End      Relocate Start    Relocate End   
[2026-06-17T10:03:16.250+0800][4.344s][info][gc,alloc    ] GC(117) Y: Allocation Stalls:          0                0                0                0         
[2026-06-17T10:03:16.251+0800][4.344s][info][gc,load     ] GC(117) Y: Load: 0.38 (2%) / 0.43 (2%) / 0.50 (2%)
[2026-06-17T10:03:16.251+0800][4.344s][info][gc,mmu      ] GC(117) Y: MMU: 2ms/96.6%, 5ms/98.5%, 10ms/98.9%, 20ms/99.4%, 50ms/99.6%, 100ms/99.7%
[2026-06-17T10:03:16.251+0800][4.344s][info][gc,marking  ] GC(117) Y: Mark: 1 stripe(s), 1 proactive flush(es), 1 terminate flush(es), 0 completion(s), 0 continuation(s) 
[2026-06-17T10:03:16.251+0800][4.344s][info][gc,marking  ] GC(117) Y: Mark Stack Usage: 0M
[2026-06-17T10:03:16.251+0800][4.344s][info][gc,nmethod  ] GC(117) Y: NMethods: 72 registered, 5 unregistered
[2026-06-17T10:03:16.251+0800][4.345s][info][gc,metaspace] GC(117) Y: Metaspace: 0M used, 0M committed, 1088M reserved
[2026-06-17T10:03:16.251+0800][4.345s][info][gc,reloc    ] GC(117) Y:                        Candidates     Selected     In-Place         Size        Empty    Relocated 
[2026-06-17T10:03:16.251+0800][4.345s][info][gc,reloc    ] GC(117) Y: Small Pages:                    2            0            0           4M           4M           0M 
[2026-06-17T10:03:16.251+0800][4.345s][info][gc,reloc    ] GC(117) Y: Large Pages:                    0            0            0           0M           0M           0M 
[2026-06-17T10:03:16.251+0800][4.345s][info][gc,reloc    ] GC(117) Y: Forwarding Usage: 0M
[2026-06-17T10:03:16.252+0800][4.345s][info][gc,reloc    ] GC(117) Y: Age Table:
[2026-06-17T10:03:16.252+0800][4.345s][info][gc,reloc    ] GC(117) Y:                    Live             Garbage             Small              Medium             Large        
[2026-06-17T10:03:16.252+0800][4.345s][info][gc,reloc    ] GC(117) Y: Eden                -                 4M (6%)           2 / 0              0 / 0              0 / 0        
[2026-06-17T10:03:16.252+0800][4.346s][info][gc,heap     ] GC(117) Y: Min Capacity: 64M(100%)
[2026-06-17T10:03:16.252+0800][4.346s][info][gc,heap     ] GC(117) Y: Max Capacity: 64M(100%)
[2026-06-17T10:03:16.253+0800][4.346s][info][gc,heap     ] GC(117) Y: Soft Max Capacity: 64M(100%)
[2026-06-17T10:03:16.253+0800][4.346s][info][gc,heap     ] GC(117) Y: Heap Statistics:
[2026-06-17T10:03:16.253+0800][4.346s][info][gc,heap     ] GC(117) Y:                Mark Start          Mark End        Relocate Start      Relocate End           High               Low         
[2026-06-17T10:03:16.253+0800][4.346s][info][gc,heap     ] GC(117) Y:  Capacity:       64M (100%)         64M (100%)         64M (100%)         64M (100%)         64M (100%)         64M (100%)   
[2026-06-17T10:03:16.253+0800][4.346s][info][gc,heap     ] GC(117) Y:      Free:        4M (6%)            4M (6%)            8M (12%)           8M (12%)           8M (12%)           4M (6%)     
[2026-06-17T10:03:16.253+0800][4.347s][info][gc,heap     ] GC(117) Y:      Used:       60M (94%)          60M (94%)          56M (88%)          56M (88%)          60M (94%)          56M (88%)    
[2026-06-17T10:03:16.254+0800][4.347s][info][gc,heap     ] GC(117) Y: Young Generation Statistics:
[2026-06-17T10:03:16.254+0800][4.347s][info][gc,heap     ] GC(117) Y:                Mark Start          Mark End        Relocate Start      Relocate End    
[2026-06-17T10:03:16.256+0800][4.349s][info][gc,heap     ] GC(117) Y:      Used:        4M (6%)            4M (6%)            0M (0%)            0M (0%)     
[2026-06-17T10:03:16.256+0800][4.350s][info][gc,heap     ] GC(117) Y:      Live:         -                 0M (0%)            0M (0%)            0M (0%)     
[2026-06-17T10:03:16.258+0800][4.351s][info][gc,heap     ] GC(117) Y:   Garbage:         -                 4M (6%)            0M (0%)            0M (0%)     
[2026-06-17T10:03:16.259+0800][4.352s][info][gc,heap     ] GC(117) Y: Allocated:         -                 0M (0%)            0M (0%)            0M (0%)     
[2026-06-17T10:03:16.261+0800][4.354s][info][gc,heap     ] GC(117) Y: Reclaimed:         -                  -                 4M (6%)            4M (6%)     
[2026-06-17T10:03:16.263+0800][4.356s][info][gc,heap     ] GC(117) Y:  Promoted:         -                  -                 0M (0%)            0M (0%)     
[2026-06-17T10:03:16.265+0800][4.358s][info][gc,heap     ] GC(117) Y: Compacted:         -                  -                  -                 0M (0%)     
[2026-06-17T10:03:16.265+0800][4.358s][info][gc,phases   ] GC(117) Y: Young Generation 60M(94%)->56M(88%) 0.004s
[2026-06-17T10:03:16.265+0800][4.359s][info][gc,phases   ] GC(117) O: Old Generation
[2026-06-17T10:03:16.265+0800][4.359s][info][gc          ] GC(118) Minor Collection (Allocation Rate)
[2026-06-17T10:03:16.266+0800][4.359s][info][gc,task     ] GC(118) Using 1 Workers for Young Generation
[2026-06-17T10:03:16.269+0800][4.362s][info][gc,phases   ] GC(118) y: Young Generation
[2026-06-17T10:03:16.266+0800][4.360s][info][gc,phases   ] GC(117) O: Concurrent Mark 0.969ms
[2026-06-17T10:03:16.271+0800][4.364s][info][gc,phases   ] GC(118) y: Pause Mark Start 0.012ms
[2026-06-17T10:03:16.274+0800][4.368s][info][gc,phases   ] GC(117) O: Pause Mark End 0.008ms
[2026-06-17T10:03:16.275+0800][4.369s][info][gc,phases   ] GC(117) O: Concurrent Mark Free 0.000ms
[2026-06-17T10:03:16.276+0800][4.369s][info][gc,phases   ] GC(118) y: Concurrent Mark 1.583ms
[2026-06-17T10:03:16.276+0800][4.369s][info][gc,phases   ] GC(118) y: Pause Mark End 0.006ms
[2026-06-17T10:03:16.276+0800][4.369s][info][gc,phases   ] GC(118) y: Concurrent Mark Free 0.001ms
[2026-06-17T10:03:16.276+0800][4.370s][info][gc,phases   ] GC(117) O: Concurrent Process Non-Strong 0.580ms
[2026-06-17T10:03:16.276+0800][4.370s][info][gc,phases   ] GC(118) y: Concurrent Reset Relocation Set 0.000ms
[2026-06-17T10:03:16.277+0800][4.370s][info][gc,phases   ] GC(117) O: Concurrent Reset Relocation Set 0.000ms
[2026-06-17T10:03:16.277+0800][4.371s][info][gc,reloc    ] GC(118) y: Using tenuring threshold: 1 (Computed)
[2026-06-17T10:03:16.278+0800][4.371s][info][gc,phases   ] GC(117) O: Concurrent Select Relocation Set 0.622ms
[2026-06-17T10:03:16.277+0800][4.371s][info][gc          ] Allocation Stall (main) 11.360ms
[2026-06-17T10:03:16.278+0800][4.371s][info][gc,phases   ] GC(118) y: Concurrent Select Relocation Set 0.860ms
[2026-06-17T10:03:16.278+0800][4.371s][info][gc,phases   ] GC(118) y: Pause Relocate Start 0.006ms
[2026-06-17T10:03:16.278+0800][4.372s][info][gc,phases   ] GC(118) y: Concurrent Relocate 0.128ms
[2026-06-17T10:03:16.279+0800][4.372s][info][gc,alloc    ] GC(118) y:                         Mark Start        Mark End      Relocate Start    Relocate End   
[2026-06-17T10:03:16.279+0800][4.372s][info][gc,alloc    ] GC(118) y: Allocation Stalls:          1                1                0                0         
[2026-06-17T10:03:16.279+0800][4.372s][info][gc,load     ] GC(118) y: Load: 0.38 (2%) / 0.43 (2%) / 0.50 (2%)
[2026-06-17T10:03:16.279+0800][4.372s][info][gc,mmu      ] GC(118) y: MMU: 2ms/96.6%, 5ms/98.5%, 10ms/98.9%, 20ms/99.4%, 50ms/99.6%, 100ms/99.7%
[2026-06-17T10:03:16.279+0800][4.372s][info][gc,marking  ] GC(118) y: Mark: 1 stripe(s), 1 proactive flush(es), 1 terminate flush(es), 0 completion(s), 0 continuation(s) 
[2026-06-17T10:03:16.279+0800][4.372s][info][gc,marking  ] GC(118) y: Mark Stack Usage: 32M
[2026-06-17T10:03:16.279+0800][4.372s][info][gc,nmethod  ] GC(118) y: NMethods: 72 registered, 5 unregistered
[2026-06-17T10:03:16.279+0800][4.373s][info][gc,metaspace] GC(118) y: Metaspace: 0M used, 0M committed, 1088M reserved
[2026-06-17T10:03:16.279+0800][4.373s][info][gc,reloc    ] GC(118) y:                        Candidates     Selected     In-Place         Size        Empty    Relocated 
[2026-06-17T10:03:16.279+0800][4.373s][info][gc,reloc    ] GC(118) y: Small Pages:                    4            0            0           8M           6M           0M 
[2026-06-17T10:03:16.280+0800][4.373s][info][gc,reloc    ] GC(118) y: Large Pages:                    0            0            0           0M           0M           0M 
[2026-06-17T10:03:16.280+0800][4.373s][info][gc,reloc    ] GC(118) y: Forwarding Usage: 0M
[2026-06-17T10:03:16.280+0800][4.373s][info][gc,reloc    ] GC(118) y: Age Table:
[2026-06-17T10:03:16.280+0800][4.373s][info][gc,reloc    ] GC(118) y:                    Live             Garbage             Small              Medium             Large        
[2026-06-17T10:03:16.280+0800][4.373s][info][gc,reloc    ] GC(118) y: Eden               0M (0%)            7M (12%)          4 / 0              0 / 0              0 / 0        
[2026-06-17T10:03:16.280+0800][4.373s][info][gc,heap     ] GC(118) y: Min Capacity: 64M(100%)
[2026-06-17T10:03:16.280+0800][4.373s][info][gc,heap     ] GC(118) y: Max Capacity: 64M(100%)
[2026-06-17T10:03:16.280+0800][4.374s][info][gc,heap     ] GC(118) y: Soft Max Capacity: 64M(100%)
[2026-06-17T10:03:16.280+0800][4.374s][info][gc,heap     ] GC(118) y: Heap Statistics:
[2026-06-17T10:03:16.280+0800][4.374s][info][gc,heap     ] GC(118) y:                Mark Start          Mark End        Relocate Start      Relocate End           High               Low         
[2026-06-17T10:03:16.280+0800][4.374s][info][gc,heap     ] GC(118) y:  Capacity:       64M (100%)         64M (100%)         64M (100%)         64M (100%)         64M (100%)         64M (100%)   
[2026-06-17T10:03:16.281+0800][4.374s][info][gc,heap     ] GC(118) y:      Free:        0M (0%)            0M (0%)           32M (50%)          28M (44%)          34M (53%)           0M (0%)     
[2026-06-17T10:03:16.281+0800][4.374s][info][gc,heap     ] GC(118) y:      Used:       64M (100%)         64M (100%)         32M (50%)          36M (56%)          64M (100%)         30M (47%)    
[2026-06-17T10:03:16.281+0800][4.374s][info][gc,heap     ] GC(118) y: Young Generation Statistics:
[2026-06-17T10:03:16.281+0800][4.374s][info][gc,heap     ] GC(118) y:                Mark Start          Mark End        Relocate Start      Relocate End    
[2026-06-17T10:03:16.281+0800][4.374s][info][gc,heap     ] GC(118) y:      Used:        8M (12%)           8M (12%)           6M (9%)           10M (16%)    
[2026-06-17T10:03:16.281+0800][4.374s][info][gc,heap     ] GC(118) y:      Live:         -                 0M (0%)            0M (0%)            0M (0%)     
[2026-06-17T10:03:16.281+0800][4.374s][info][gc,heap     ] GC(118) y:   Garbage:         -                 7M (12%)           1M (3%)            1M (3%)     
[2026-06-17T10:03:16.281+0800][4.374s][info][gc,heap     ] GC(118) y: Allocated:         -                 0M (0%)            4M (6%)            8M (12%)    
[2026-06-17T10:03:16.281+0800][4.374s][info][gc,heap     ] GC(118) y: Reclaimed:         -                  -                 6M (9%)            6M (9%)     
[2026-06-17T10:03:16.281+0800][4.375s][info][gc,heap     ] GC(118) y:  Promoted:         -                  -                 0M (0%)            0M (0%)     
[2026-06-17T10:03:16.281+0800][4.375s][info][gc,heap     ] GC(118) y: Compacted:         -                  -                  -                 0M (0%)     
[2026-06-17T10:03:16.281+0800][4.375s][info][gc,phases   ] GC(118) y: Young Generation 64M(100%)->36M(56%) 0.010s
[2026-06-17T10:03:16.281+0800][4.375s][info][gc          ] GC(118) Minor Collection (Allocation Rate) 62M(97%)->40M(62%) 0.016s
[2026-06-17T10:03:16.282+0800][4.375s][info][gc,task     ] GC(117) O: Using 1 Workers for Old Generation
[2026-06-17T10:03:16.294+0800][4.387s][info][gc,task     ] GC(117) O: Using 1 Workers for Old Generation
[2026-06-17T10:03:16.295+0800][4.388s][info][gc,phases   ] GC(117) O: Concurrent Remap Roots 13.013ms
[2026-06-17T10:03:16.295+0800][4.388s][info][gc,phases   ] GC(117) O: Pause Relocate Start 0.009ms
[2026-06-17T10:03:16.296+0800][4.389s][info][gc,phases   ] GC(117) O: Concurrent Relocate 0.701ms
[2026-06-17T10:03:16.296+0800][4.389s][info][gc,alloc    ] GC(117) O:                         Mark Start        Mark End      Relocate Start    Relocate End   
[2026-06-17T10:03:16.296+0800][4.389s][info][gc,alloc    ] GC(117) O: Allocation Stalls:          0                1                0                0         
[2026-06-17T10:03:16.296+0800][4.389s][info][gc,load     ] GC(117) O: Load: 0.38 (2%) / 0.43 (2%) / 0.50 (2%)
[2026-06-17T10:03:16.296+0800][4.389s][info][gc,mmu      ] GC(117) O: MMU: 2ms/96.6%, 5ms/98.5%, 10ms/98.9%, 20ms/99.4%, 50ms/99.6%, 100ms/99.7%
[2026-06-17T10:03:16.296+0800][4.390s][info][gc,marking  ] GC(117) O: Mark: 1 stripe(s), 2 proactive flush(es), 1 terminate flush(es), 0 completion(s), 0 continuation(s) 
[2026-06-17T10:03:16.296+0800][4.390s][info][gc,marking  ] GC(117) O: Mark Stack Usage: 32M
[2026-06-17T10:03:16.296+0800][4.390s][info][gc,nmethod  ] GC(117) O: NMethods: 72 registered, 5 unregistered
[2026-06-17T10:03:16.296+0800][4.390s][info][gc,metaspace] GC(117) O: Metaspace: 0M used, 0M committed, 1088M reserved
[2026-06-17T10:03:16.297+0800][4.390s][info][gc,ref      ] GC(117) O:                       Encountered   Discovered     Enqueued 
[2026-06-17T10:03:16.297+0800][4.390s][info][gc,ref      ] GC(117) O: Soft References:                0            0            0 
[2026-06-17T10:03:16.297+0800][4.390s][info][gc,ref      ] GC(117) O: Weak References:                6            0            0 
[2026-06-17T10:03:16.297+0800][4.390s][info][gc,ref      ] GC(117) O: Final References:               0            0            0 
[2026-06-17T10:03:16.297+0800][4.390s][info][gc,ref      ] GC(117) O: Phantom References:             1            1            0 
[2026-06-17T10:03:16.297+0800][4.390s][info][gc,reloc    ] GC(117) O:                        Candidates     Selected     In-Place         Size        Empty    Relocated 
[2026-06-17T10:03:16.297+0800][4.390s][info][gc,reloc    ] GC(117) O: Small Pages:                    4            2            0           8M           0M           0M 
[2026-06-17T10:03:16.297+0800][4.390s][info][gc,reloc    ] GC(117) O: Large Pages:                   24            0            0          48M          30M           0M 
[2026-06-17T10:03:16.297+0800][4.391s][info][gc,reloc    ] GC(117) O: Forwarding Usage: 0M
[2026-06-17T10:03:16.297+0800][4.391s][info][gc,heap     ] GC(117) O: Min Capacity: 64M(100%)
[2026-06-17T10:03:16.297+0800][4.391s][info][gc,heap     ] GC(117) O: Max Capacity: 64M(100%)
[2026-06-17T10:03:16.298+0800][4.391s][info][gc,heap     ] GC(117) O: Soft Max Capacity: 64M(100%)
[2026-06-17T10:03:16.298+0800][4.391s][info][gc,heap     ] GC(117) O: Heap Statistics:
[2026-06-17T10:03:16.298+0800][4.391s][info][gc,heap     ] GC(117) O:                Mark Start          Mark End        Relocate Start      Relocate End           High               Low         
[2026-06-17T10:03:16.298+0800][4.391s][info][gc,heap     ] GC(117) O:  Capacity:       64M (100%)         64M (100%)         64M (100%)         64M (100%)         64M (100%)         64M (100%)   
[2026-06-17T10:03:16.298+0800][4.391s][info][gc,heap     ] GC(117) O:      Free:        4M (6%)            0M (0%)           20M (31%)          24M (38%)          34M (53%)           0M (0%)     
[2026-06-17T10:03:16.298+0800][4.391s][info][gc,heap     ] GC(117) O:      Used:       60M (94%)          64M (100%)         44M (69%)          40M (62%)          64M (100%)         30M (47%)    
[2026-06-17T10:03:16.298+0800][4.391s][info][gc,heap     ] GC(117) O: Old Generation Statistics:
[2026-06-17T10:03:16.298+0800][4.391s][info][gc,heap     ] GC(117) O:                Mark Start          Mark End        Relocate Start      Relocate End    
[2026-06-17T10:03:16.298+0800][4.391s][info][gc,heap     ] GC(117) O:      Used:       56M (88%)          56M (88%)          26M (41%)          22M (34%)    
[2026-06-17T10:03:16.298+0800][4.392s][info][gc,heap     ] GC(117) O:      Live:         -                20M (31%)          20M (31%)          20M (31%)    
[2026-06-17T10:03:16.298+0800][4.392s][info][gc,heap     ] GC(117) O:   Garbage:         -                35M (56%)           5M (9%)            1M (2%)     
[2026-06-17T10:03:16.298+0800][4.392s][info][gc,heap     ] GC(117) O: Allocated:         -                 0M (0%)            0M (0%)            0M (1%)     
[2026-06-17T10:03:16.298+0800][4.392s][info][gc,heap     ] GC(117) O: Reclaimed:         -                  -                30M (47%)          34M (55%)    
[2026-06-17T10:03:16.299+0800][4.392s][info][gc,heap     ] GC(117) O: Compacted:         -                  -                  -                 1M (2%)     
[2026-06-17T10:03:16.299+0800][4.392s][info][gc,phases   ] GC(117) O: Old Generation 60M(94%)->40M(62%) 0.031s
[2026-06-17T10:03:16.299+0800][4.392s][info][gc          ] GC(117) Major Collection (Allocation Rate) 60M(94%)->40M(62%) 0.054s
[2026-06-17T10:03:16.310+0800][4.403s][info][gc          ] GC(119) Major Collection (Allocation Rate)
[2026-06-17T10:03:16.310+0800][4.404s][info][gc,task     ] GC(119) Using 1 Workers for Young Generation
[2026-06-17T10:03:16.311+0800][4.404s][info][gc,task     ] GC(119) Using 1 Workers for Old Generation
[2026-06-17T10:03:16.311+0800][4.404s][info][gc,phases   ] GC(119) Y: Young Generation
[2026-06-17T10:03:16.311+0800][4.404s][info][gc,phases   ] GC(119) Y: Pause Mark Start (Major) 0.012ms
[2026-06-17T10:03:16.311+0800][4.405s][info][gc,phases   ] GC(119) Y: Concurrent Mark 0.437ms
[2026-06-17T10:03:16.312+0800][4.405s][info][gc,phases   ] GC(119) Y: Pause Mark End 0.005ms
[2026-06-17T10:03:16.312+0800][4.405s][info][gc,phases   ] GC(119) Y: Concurrent Mark Free 0.001ms
[2026-06-17T10:03:16.312+0800][4.405s][info][gc,phases   ] GC(119) Y: Concurrent Reset Relocation Set 0.000ms
[2026-06-17T10:03:16.312+0800][4.406s][info][gc,reloc    ] GC(119) Y: Using tenuring threshold: 2 (Computed)
[2026-06-17T10:03:16.313+0800][4.406s][info][gc,phases   ] GC(119) Y: Concurrent Select Relocation Set 0.976ms
[2026-06-17T10:03:16.313+0800][4.406s][info][gc,phases   ] GC(119) Y: Pause Relocate Start 0.005ms
[2026-06-17T10:03:16.313+0800][4.407s][info][gc,phases   ] GC(119) Y: Concurrent Relocate 0.229ms
[2026-06-17T10:03:16.314+0800][4.407s][info][gc,alloc    ] GC(119) Y:                         Mark Start        Mark End      Relocate Start    Relocate End   
[2026-06-17T10:03:16.314+0800][4.407s][info][gc,alloc    ] GC(119) Y: Allocation Stalls:          0                0                0                0         
[2026-06-17T10:03:16.314+0800][4.407s][info][gc,load     ] GC(119) Y: Load: 0.38 (2%) / 0.43 (2%) / 0.50 (2%)
[2026-06-17T10:03:16.314+0800][4.407s][info][gc,mmu      ] GC(119) Y: MMU: 2ms/96.6%, 5ms/98.5%, 10ms/98.9%, 20ms/99.4%, 50ms/99.6%, 100ms/99.7%
[2026-06-17T10:03:16.314+0800][4.407s][info][gc,marking  ] GC(119) Y: Mark: 1 stripe(s), 1 proactive flush(es), 1 terminate flush(es), 0 completion(s), 0 continuation(s) 
[2026-06-17T10:03:16.314+0800][4.407s][info][gc,marking  ] GC(119) Y: Mark Stack Usage: 32M
[2026-06-17T10:03:16.314+0800][4.407s][info][gc,nmethod  ] GC(119) Y: NMethods: 72 registered, 5 unregistered
[2026-06-17T10:03:16.314+0800][4.407s][info][gc,metaspace] GC(119) Y: Metaspace: 0M used, 0M committed, 1088M reserved
[2026-06-17T10:03:16.314+0800][4.408s][info][gc,reloc    ] GC(119) Y:                        Candidates     Selected     In-Place         Size        Empty    Relocated 
[2026-06-17T10:03:16.314+0800][4.408s][info][gc,reloc    ] GC(119) Y: Small Pages:                    7            2            0          14M           8M           0M 
[2026-06-17T10:03:16.314+0800][4.408s][info][gc,reloc    ] GC(119) Y: Large Pages:                   11            0            0          22M           0M           0M 
[2026-06-17T10:03:16.314+0800][4.408s][info][gc,reloc    ] GC(119) Y: Forwarding Usage: 0M
[2026-06-17T10:03:16.315+0800][4.408s][info][gc,reloc    ] GC(119) Y: Age Table:
[2026-06-17T10:03:16.315+0800][4.408s][info][gc,reloc    ] GC(119) Y:                    Live             Garbage             Small              Medium             Large        
[2026-06-17T10:03:16.315+0800][4.408s][info][gc,reloc    ] GC(119) Y: Eden              22M (36%)          11M (17%)          6 / 2              0 / 0             11 / 0        
[2026-06-17T10:03:16.315+0800][4.408s][info][gc,reloc    ] GC(119) Y: Survivor 1         0M (0%)            1M (3%)           1 / 0              0 / 0              0 / 0        
[2026-06-17T10:03:16.315+0800][4.408s][info][gc,heap     ] GC(119) Y: Min Capacity: 64M(100%)
[2026-06-17T10:03:16.315+0800][4.408s][info][gc,heap     ] GC(119) Y: Max Capacity: 64M(100%)
[2026-06-17T10:03:16.315+0800][4.408s][info][gc,heap     ] GC(119) Y: Soft Max Capacity: 64M(100%)
[2026-06-17T10:03:16.315+0800][4.408s][info][gc,heap     ] GC(119) Y: Heap Statistics:
[2026-06-17T10:03:16.315+0800][4.408s][info][gc,heap     ] GC(119) Y:                Mark Start          Mark End        Relocate Start      Relocate End           High               Low         
[2026-06-17T10:03:16.315+0800][4.409s][info][gc,heap     ] GC(119) Y:  Capacity:       64M (100%)         64M (100%)         64M (100%)         64M (100%)         64M (100%)         64M (100%)   
[2026-06-17T10:03:16.315+0800][4.409s][info][gc,heap     ] GC(119) Y:      Free:        6M (9%)            6M (9%)           14M (22%)          16M (25%)          16M (25%)           6M (9%)     
[2026-06-17T10:03:16.315+0800][4.409s][info][gc,heap     ] GC(119) Y:      Used:       58M (91%)          58M (91%)          50M (78%)          48M (75%)          58M (91%)          48M (75%)    
[2026-06-17T10:03:16.315+0800][4.409s][info][gc,heap     ] GC(119) Y: Young Generation Statistics:
[2026-06-17T10:03:16.315+0800][4.409s][info][gc,heap     ] GC(119) Y:                Mark Start          Mark End        Relocate Start      Relocate End    
[2026-06-17T10:03:16.316+0800][4.409s][info][gc,heap     ] GC(119) Y:      Used:       36M (56%)          36M (56%)          28M (44%)          26M (41%)    
[2026-06-17T10:03:16.316+0800][4.409s][info][gc,heap     ] GC(119) Y:      Live:         -                22M (36%)          22M (36%)          22M (36%)    
[2026-06-17T10:03:16.316+0800][4.409s][info][gc,heap     ] GC(119) Y:   Garbage:         -                13M (20%)           5M (8%)            0M (0%)     
[2026-06-17T10:03:16.316+0800][4.409s][info][gc,heap     ] GC(119) Y: Allocated:         -                 0M (0%)            0M (0%)            3M (5%)     
[2026-06-17T10:03:16.316+0800][4.409s][info][gc,heap     ] GC(119) Y: Reclaimed:         -                  -                 8M (12%)          13M (20%)    
[2026-06-17T10:03:16.316+0800][4.409s][info][gc,heap     ] GC(119) Y:  Promoted:         -                  -                 0M (0%)            0M (0%)     
[2026-06-17T10:03:16.316+0800][4.409s][info][gc,heap     ] GC(119) Y: Compacted:         -                  -                  -                 0M (1%)     
[2026-06-17T10:03:16.316+0800][4.410s][info][gc,phases   ] GC(119) Y: Young Generation 58M(91%)->48M(75%) 0.003s
[2026-06-17T10:03:16.316+0800][4.410s][info][gc,phases   ] GC(119) O: Old Generation
[2026-06-17T10:03:16.317+0800][4.411s][info][gc,phases   ] GC(119) O: Concurrent Mark 1.004ms
[2026-06-17T10:03:16.317+0800][4.411s][info][gc,phases   ] GC(119) O: Pause Mark End 0.006ms
[2026-06-17T10:03:16.318+0800][4.411s][info][gc,phases   ] GC(119) O: Concurrent Mark Free 0.000ms
[2026-06-17T10:03:16.318+0800][4.411s][info][gc,phases   ] GC(119) O: Concurrent Process Non-Strong 0.235ms
[2026-06-17T10:03:16.318+0800][4.411s][info][gc,phases   ] GC(119) O: Concurrent Reset Relocation Set 0.001ms
[2026-06-17T10:03:16.319+0800][4.412s][info][gc,phases   ] GC(119) O: Concurrent Select Relocation Set 0.585ms
[2026-06-17T10:03:16.319+0800][4.412s][info][gc,task     ] GC(119) O: Using 1 Workers for Old Generation
[2026-06-17T10:03:16.332+0800][4.425s][info][gc,task     ] GC(119) O: Using 1 Workers for Old Generation
[2026-06-17T10:03:16.332+0800][4.425s][info][gc,phases   ] GC(119) O: Concurrent Remap Roots 13.060ms
[2026-06-17T10:03:16.332+0800][4.425s][info][gc,phases   ] GC(119) O: Pause Relocate Start 0.011ms
[2026-06-17T10:03:16.332+0800][4.426s][info][gc,phases   ] GC(119) O: Concurrent Relocate 0.062ms
[2026-06-17T10:03:16.332+0800][4.426s][info][gc,alloc    ] GC(119) O:                         Mark Start        Mark End      Relocate Start    Relocate End   
[2026-06-17T10:03:16.332+0800][4.426s][info][gc,alloc    ] GC(119) O: Allocation Stalls:          0                0                0                0         
[2026-06-17T10:03:16.333+0800][4.426s][info][gc,load     ] GC(119) O: Load: 0.38 (2%) / 0.43 (2%) / 0.50 (2%)
[2026-06-17T10:03:16.333+0800][4.426s][info][gc,mmu      ] GC(119) O: MMU: 2ms/96.6%, 5ms/98.5%, 10ms/98.9%, 20ms/99.4%, 50ms/99.6%, 100ms/99.7%
[2026-06-17T10:03:16.333+0800][4.426s][info][gc,marking  ] GC(119) O: Mark: 1 stripe(s), 1 proactive flush(es), 1 terminate flush(es), 0 completion(s), 0 continuation(s) 
[2026-06-17T10:03:16.333+0800][4.426s][info][gc,marking  ] GC(119) O: Mark Stack Usage: 32M
[2026-06-17T10:03:16.333+0800][4.426s][info][gc,nmethod  ] GC(119) O: NMethods: 72 registered, 5 unregistered
[2026-06-17T10:03:16.333+0800][4.426s][info][gc,metaspace] GC(119) O: Metaspace: 0M used, 0M committed, 1088M reserved
[2026-06-17T10:03:16.333+0800][4.426s][info][gc,ref      ] GC(119) O:                       Encountered   Discovered     Enqueued 
[2026-06-17T10:03:16.333+0800][4.426s][info][gc,ref      ] GC(119) O: Soft References:                0            0            0 
[2026-06-17T10:03:16.333+0800][4.426s][info][gc,ref      ] GC(119) O: Weak References:                6            0            0 
[2026-06-17T10:03:16.333+0800][4.427s][info][gc,ref      ] GC(119) O: Final References:               0            0            0 
[2026-06-17T10:03:16.333+0800][4.427s][info][gc,ref      ] GC(119) O: Phantom References:             1            1            0 
[2026-06-17T10:03:16.333+0800][4.427s][info][gc,reloc    ] GC(119) O:                        Candidates     Selected     In-Place         Size        Empty    Relocated 
[2026-06-17T10:03:16.333+0800][4.427s][info][gc,reloc    ] GC(119) O: Small Pages:                    2            0            0           4M           0M           0M 
[2026-06-17T10:03:16.334+0800][4.427s][info][gc,reloc    ] GC(119) O: Large Pages:                    9            0            0          18M           0M           0M 
[2026-06-17T10:03:16.334+0800][4.427s][info][gc,reloc    ] GC(119) O: Forwarding Usage: 0M
[2026-06-17T10:03:16.334+0800][4.427s][info][gc,heap     ] GC(119) O: Min Capacity: 64M(100%)
[2026-06-17T10:03:16.334+0800][4.427s][info][gc,heap     ] GC(119) O: Max Capacity: 64M(100%)
[2026-06-17T10:03:16.334+0800][4.427s][info][gc,heap     ] GC(119) O: Soft Max Capacity: 64M(100%)
[2026-06-17T10:03:16.334+0800][4.427s][info][gc,heap     ] GC(119) O: Heap Statistics:
[2026-06-17T10:03:16.334+0800][4.427s][info][gc,heap     ] GC(119) O:                Mark Start          Mark End        Relocate Start      Relocate End           High               Low         
[2026-06-17T10:03:16.334+0800][4.427s][info][gc,heap     ] GC(119) O:  Capacity:       64M (100%)         64M (100%)         64M (100%)         64M (100%)         64M (100%)         64M (100%)   
[2026-06-17T10:03:16.334+0800][4.427s][info][gc,heap     ] GC(119) O:      Free:        6M (9%)           16M (25%)           8M (12%)           8M (12%)          16M (25%)           6M (9%)     
[2026-06-17T10:03:16.334+0800][4.428s][info][gc,heap     ] GC(119) O:      Used:       58M (91%)          48M (75%)          56M (88%)          56M (88%)          58M (91%)          48M (75%)    
[2026-06-17T10:03:16.334+0800][4.428s][info][gc,heap     ] GC(119) O: Old Generation Statistics:
[2026-06-17T10:03:16.334+0800][4.428s][info][gc,heap     ] GC(119) O:                Mark Start          Mark End        Relocate Start      Relocate End    
[2026-06-17T10:03:16.335+0800][4.428s][info][gc,heap     ] GC(119) O:      Used:       22M (34%)          22M (34%)          22M (34%)          22M (34%)    
[2026-06-17T10:03:16.335+0800][4.428s][info][gc,heap     ] GC(119) O:      Live:         -                20M (31%)          20M (31%)          20M (31%)    
[2026-06-17T10:03:16.335+0800][4.428s][info][gc,heap     ] GC(119) O:   Garbage:         -                 1M (3%)            1M (3%)            1M (3%)     
[2026-06-17T10:03:16.335+0800][4.428s][info][gc,heap     ] GC(119) O: Allocated:         -                 0M (0%)            0M (0%)            0M (0%)     
[2026-06-17T10:03:16.335+0800][4.428s][info][gc,heap     ] GC(119) O: Reclaimed:         -                  -                 0M (0%)            0M (0%)     
[2026-06-17T10:03:16.335+0800][4.428s][info][gc,heap     ] GC(119) O: Compacted:         -                  -                  -                 0M (0%)     
[2026-06-17T10:03:16.335+0800][4.428s][info][gc,phases   ] GC(119) O: Old Generation 48M(75%)->56M(88%) 0.016s
[2026-06-17T10:03:16.335+0800][4.428s][info][gc          ] GC(119) Major Collection (Allocation Rate) 58M(91%)->56M(88%) 0.025s
[2026-06-17T10:03:16.341+0800][4.435s][info][gc          ] GC(120) Minor Collection (Allocation Rate)
[2026-06-17T10:03:16.342+0800][4.436s][info][gc,task     ] GC(120) Using 1 Workers for Young Generation
[2026-06-17T10:03:16.343+0800][4.436s][info][gc,phases   ] GC(120) y: Young Generation
[2026-06-17T10:03:16.343+0800][4.436s][info][gc,phases   ] GC(120) y: Pause Mark Start 0.026ms
[2026-06-17T10:03:16.344+0800][4.437s][info][gc,phases   ] GC(120) y: Concurrent Mark 0.438ms
[2026-06-17T10:03:16.344+0800][4.437s][info][gc,phases   ] GC(120) y: Pause Mark End 0.010ms
[2026-06-17T10:03:16.344+0800][4.437s][info][gc,phases   ] GC(120) y: Concurrent Mark Free 0.000ms
[2026-06-17T10:03:16.344+0800][4.437s][info][gc,phases   ] GC(120) y: Concurrent Reset Relocation Set 0.001ms
[2026-06-17T10:03:16.345+0800][4.438s][info][gc,reloc    ] GC(120) y: Using tenuring threshold: 1 (Computed)
[2026-06-17T10:03:16.345+0800][4.438s][info][gc          ] Allocation Stall (main) 3.213ms
[2026-06-17T10:03:16.345+0800][4.438s][info][gc,phases   ] GC(120) y: Concurrent Select Relocation Set 0.835ms
[2026-06-17T10:03:16.345+0800][4.439s][info][gc,phases   ] GC(120) y: Pause Relocate Start 0.004ms
[2026-06-17T10:03:16.346+0800][4.439s][info][gc,phases   ] GC(120) y: Concurrent Relocate 0.211ms
[2026-06-17T10:03:16.346+0800][4.439s][info][gc,alloc    ] GC(120) y:                         Mark Start        Mark End      Relocate Start    Relocate End   
[2026-06-17T10:03:16.346+0800][4.439s][info][gc,alloc    ] GC(120) y: Allocation Stalls:          1                1                0                0         
[2026-06-17T10:03:16.346+0800][4.439s][info][gc,load     ] GC(120) y: Load: 0.38 (2%) / 0.43 (2%) / 0.50 (2%)
[2026-06-17T10:03:16.346+0800][4.439s][info][gc,mmu      ] GC(120) y: MMU: 2ms/96.6%, 5ms/98.5%, 10ms/98.9%, 20ms/99.4%, 50ms/99.6%, 100ms/99.7%
[2026-06-17T10:03:16.346+0800][4.439s][info][gc,marking  ] GC(120) y: Mark: 1 stripe(s), 1 proactive flush(es), 1 terminate flush(es), 0 completion(s), 0 continuation(s) 
[2026-06-17T10:03:16.346+0800][4.440s][info][gc,marking  ] GC(120) y: Mark Stack Usage: 32M
[2026-06-17T10:03:16.346+0800][4.440s][info][gc,nmethod  ] GC(120) y: NMethods: 72 registered, 5 unregistered
[2026-06-17T10:03:16.346+0800][4.440s][info][gc,metaspace] GC(120) y: Metaspace: 0M used, 0M committed, 1088M reserved
[2026-06-17T10:03:16.346+0800][4.440s][info][gc,reloc    ] GC(120) y:                        Candidates     Selected     In-Place         Size        Empty    Relocated 
[2026-06-17T10:03:16.347+0800][4.440s][info][gc,reloc    ] GC(120) y: Small Pages:                    8            2            0          16M          10M           1M 
[2026-06-17T10:03:16.347+0800][4.440s][info][gc,reloc    ] GC(120) y: Large Pages:                   13            0            0          26M           0M           0M 
[2026-06-17T10:03:16.347+0800][4.440s][info][gc,reloc    ] GC(120) y: Forwarding Usage: 0M
[2026-06-17T10:03:16.347+0800][4.440s][info][gc,reloc    ] GC(120) y: Age Table:
[2026-06-17T10:03:16.347+0800][4.440s][info][gc,reloc    ] GC(120) y:                    Live             Garbage             Small              Medium             Large        
[2026-06-17T10:03:16.347+0800][4.440s][info][gc,reloc    ] GC(120) y: Eden               4M (7%)           11M (18%)          6 / 1              0 / 0              2 / 0        
[2026-06-17T10:03:16.347+0800][4.440s][info][gc,reloc    ] GC(120) y: Survivor 1        22M (36%)           1M (2%)           1 / 1              0 / 0             11 / 0        
[2026-06-17T10:03:16.347+0800][4.441s][info][gc,reloc    ] GC(120) y: Survivor 2         0M (0%)            1M (3%)           1 / 0              0 / 0              0 / 0        
[2026-06-17T10:03:16.347+0800][4.441s][info][gc,heap     ] GC(120) y: Min Capacity: 64M(100%)
[2026-06-17T10:03:16.347+0800][4.441s][info][gc,heap     ] GC(120) y: Max Capacity: 64M(100%)
[2026-06-17T10:03:16.347+0800][4.441s][info][gc,heap     ] GC(120) y: Soft Max Capacity: 64M(100%)
[2026-06-17T10:03:16.348+0800][4.441s][info][gc,heap     ] GC(120) y: Heap Statistics:
[2026-06-17T10:03:16.348+0800][4.441s][info][gc,heap     ] GC(120) y:                Mark Start          Mark End        Relocate Start      Relocate End           High               Low         
[2026-06-17T10:03:16.348+0800][4.441s][info][gc,heap     ] GC(120) y:  Capacity:       64M (100%)         64M (100%)         64M (100%)         64M (100%)         64M (100%)         64M (100%)   
[2026-06-17T10:03:16.348+0800][4.441s][info][gc,heap     ] GC(120) y:      Free:        0M (0%)            0M (0%)            6M (9%)            2M (3%)           10M (16%)           0M (0%)     
[2026-06-17T10:03:16.348+0800][4.441s][info][gc,heap     ] GC(120) y:      Used:       64M (100%)         64M (100%)         58M (91%)          62M (97%)          64M (100%)         54M (84%)    
[2026-06-17T10:03:16.348+0800][4.441s][info][gc,heap     ] GC(120) y: Young Generation Statistics:
[2026-06-17T10:03:16.348+0800][4.441s][info][gc,heap     ] GC(120) y:                Mark Start          Mark End        Relocate Start      Relocate End    
[2026-06-17T10:03:16.348+0800][4.441s][info][gc,heap     ] GC(120) y:      Used:       42M (66%)          42M (66%)          14M (22%)          16M (25%)    
[2026-06-17T10:03:16.348+0800][4.441s][info][gc,heap     ] GC(120) y:      Live:         -                27M (42%)           5M (8%)            4M (7%)     
[2026-06-17T10:03:16.348+0800][4.442s][info][gc,heap     ] GC(120) y:   Garbage:         -                14M (23%)           4M (8%)            0M (0%)     
[2026-06-17T10:03:16.348+0800][4.442s][info][gc,heap     ] GC(120) y: Allocated:         -                 0M (0%)            4M (6%)           11M (18%)    
[2026-06-17T10:03:16.348+0800][4.442s][info][gc,heap     ] GC(120) y: Reclaimed:         -                  -                10M (16%)          14M (23%)    
[2026-06-17T10:03:16.348+0800][4.442s][info][gc,heap     ] GC(120) y:  Promoted:         -                  -                22M (34%)          22M (36%)    
[2026-06-17T10:03:16.349+0800][4.442s][info][gc,heap     ] GC(120) y: Compacted:         -                  -                  -                 0M (0%)     
[2026-06-17T10:03:16.349+0800][4.442s][info][gc,phases   ] GC(120) y: Young Generation 64M(100%)->62M(97%) 0.003s
[2026-06-17T10:03:16.349+0800][4.442s][info][gc          ] GC(120) Minor Collection (Allocation Rate) 58M(91%)->62M(97%) 0.007s
[2026-06-17T10:03:16.349+0800][4.442s][info][gc          ] GC(121) Minor Collection (Allocation Rate)
[2026-06-17T10:03:16.349+0800][4.442s][info][gc,task     ] GC(121) Using 1 Workers for Young Generation
[2026-06-17T10:03:16.349+0800][4.442s][info][gc,phases   ] GC(121) y: Young Generation
[2026-06-17T10:03:16.349+0800][4.443s][info][gc,phases   ] GC(121) y: Pause Mark Start 0.008ms
[2026-06-17T10:03:16.350+0800][4.443s][info][gc,phases   ] GC(121) y: Concurrent Mark 0.440ms
[2026-06-17T10:03:16.350+0800][4.444s][info][gc,phases   ] GC(121) y: Pause Mark End 0.006ms
[2026-06-17T10:03:16.350+0800][4.444s][info][gc,phases   ] GC(121) y: Concurrent Mark Free 0.001ms
[2026-06-17T10:03:16.350+0800][4.444s][info][gc,phases   ] GC(121) y: Concurrent Reset Relocation Set 0.003ms
[2026-06-17T10:03:16.351+0800][4.444s][info][gc,reloc    ] GC(121) y: Using tenuring threshold: 2 (Computed)
[2026-06-17T10:03:16.351+0800][4.445s][info][gc,phases   ] GC(121) y: Concurrent Select Relocation Set 0.724ms
[2026-06-17T10:03:16.351+0800][4.445s][info][gc,phases   ] GC(121) y: Pause Relocate Start 0.004ms
[2026-06-17T10:03:16.352+0800][4.445s][info][gc,phases   ] GC(121) y: Concurrent Relocate 0.122ms
[2026-06-17T10:03:16.352+0800][4.445s][info][gc,alloc    ] GC(121) y:                         Mark Start        Mark End      Relocate Start    Relocate End   
[2026-06-17T10:03:16.352+0800][4.445s][info][gc,alloc    ] GC(121) y: Allocation Stalls:          0                0                0                0         
[2026-06-17T10:03:16.352+0800][4.445s][info][gc,load     ] GC(121) y: Load: 0.38 (2%) / 0.43 (2%) / 0.50 (2%)
[2026-06-17T10:03:16.352+0800][4.445s][info][gc,mmu      ] GC(121) y: MMU: 2ms/96.6%, 5ms/98.5%, 10ms/98.9%, 20ms/99.4%, 50ms/99.6%, 100ms/99.7%
[2026-06-17T10:03:16.352+0800][4.445s][info][gc,marking  ] GC(121) y: Mark: 1 stripe(s), 1 proactive flush(es), 1 terminate flush(es), 0 completion(s), 0 continuation(s) 
[2026-06-17T10:03:16.352+0800][4.445s][info][gc,marking  ] GC(121) y: Mark Stack Usage: 32M
[2026-06-17T10:03:16.352+0800][4.446s][info][gc,nmethod  ] GC(121) y: NMethods: 72 registered, 5 unregistered
[2026-06-17T10:03:16.352+0800][4.446s][info][gc,metaspace] GC(121) y: Metaspace: 0M used, 0M committed, 1088M reserved
[2026-06-17T10:03:16.352+0800][4.446s][info][gc,reloc    ] GC(121) y:                        Candidates     Selected     In-Place         Size        Empty    Relocated 
[2026-06-17T10:03:16.352+0800][4.446s][info][gc,reloc    ] GC(121) y: Small Pages:                    3            2            0           6M           0M           0M 
[2026-06-17T10:03:16.353+0800][4.446s][info][gc,reloc    ] GC(121) y: Large Pages:                    5            0            0          10M           0M           0M 
[2026-06-17T10:03:16.353+0800][4.446s][info][gc,reloc    ] GC(121) y: Forwarding Usage: 0M
[2026-06-17T10:03:16.353+0800][4.446s][info][gc,reloc    ] GC(121) y: Age Table:
[2026-06-17T10:03:16.353+0800][4.446s][info][gc,reloc    ] GC(121) y:                    Live             Garbage             Small              Medium             Large        
[2026-06-17T10:03:16.353+0800][4.446s][info][gc,reloc    ] GC(121) y: Eden               6M (10%)           1M (3%)           1 / 1              0 / 0              3 / 0        
[2026-06-17T10:03:16.353+0800][4.446s][info][gc,reloc    ] GC(121) y: Survivor 1         4M (7%)            3M (6%)           2 / 1              0 / 0              2 / 0        
[2026-06-17T10:03:16.353+0800][4.446s][info][gc,heap     ] GC(121) y: Min Capacity: 64M(100%)
[2026-06-17T10:03:16.353+0800][4.446s][info][gc,heap     ] GC(121) y: Max Capacity: 64M(100%)
[2026-06-17T10:03:16.353+0800][4.447s][info][gc,heap     ] GC(121) y: Soft Max Capacity: 64M(100%)
[2026-06-17T10:03:16.353+0800][4.447s][info][gc,heap     ] GC(121) y: Heap Statistics:
[2026-06-17T10:03:16.353+0800][4.447s][info][gc,heap     ] GC(121) y:                Mark Start          Mark End        Relocate Start      Relocate End           High               Low         
[2026-06-17T10:03:16.353+0800][4.447s][info][gc,heap     ] GC(121) y:  Capacity:       64M (100%)         64M (100%)         64M (100%)         64M (100%)         64M (100%)         64M (100%)   
[2026-06-17T10:03:16.354+0800][4.447s][info][gc,heap     ] GC(121) y:      Free:        2M (3%)            2M (3%)            2M (3%)            4M (6%)            4M (6%)            0M (0%)     
[2026-06-17T10:03:16.354+0800][4.447s][info][gc,heap     ] GC(121) y:      Used:       62M (97%)          62M (97%)          62M (97%)          60M (94%)          64M (100%)         60M (94%)    
[2026-06-17T10:03:16.354+0800][4.447s][info][gc,heap     ] GC(121) y: Young Generation Statistics:
[2026-06-17T10:03:16.354+0800][4.447s][info][gc,heap     ] GC(121) y:                Mark Start          Mark End        Relocate Start      Relocate End    
[2026-06-17T10:03:16.354+0800][4.447s][info][gc,heap     ] GC(121) y:      Used:       16M (25%)          16M (25%)          16M (25%)          14M (22%)    
[2026-06-17T10:03:16.354+0800][4.447s][info][gc,heap     ] GC(121) y:      Live:         -                10M (16%)          10M (16%)          10M (16%)    
[2026-06-17T10:03:16.354+0800][4.447s][info][gc,heap     ] GC(121) y:   Garbage:         -                 5M (9%)            5M (9%)            0M (0%)     
[2026-06-17T10:03:16.354+0800][4.447s][info][gc,heap     ] GC(121) y: Allocated:         -                 0M (0%)            0M (0%)            3M (5%)     
[2026-06-17T10:03:16.354+0800][4.447s][info][gc,heap     ] GC(121) y: Reclaimed:         -                  -                 0M (0%)            5M (9%)     
[2026-06-17T10:03:16.354+0800][4.447s][info][gc,heap     ] GC(121) y:  Promoted:         -                  -                 0M (0%)            0M (0%)     
[2026-06-17T10:03:16.354+0800][4.448s][info][gc,heap     ] GC(121) y: Compacted:         -                  -                  -                 0M (1%)     
[2026-06-17T10:03:16.354+0800][4.448s][info][gc,phases   ] GC(121) y: Young Generation 62M(97%)->60M(94%) 0.003s
[2026-06-17T10:03:16.354+0800][4.448s][info][gc          ] GC(121) Minor Collection (Allocation Rate) 62M(97%)->60M(94%) 0.006s
[2026-06-17T10:03:16.355+0800][4.448s][info][gc          ] GC(122) Minor Collection (Allocation Rate)
[2026-06-17T10:03:16.355+0800][4.448s][info][gc,task     ] GC(122) Using 1 Workers for Young Generation
[2026-06-17T10:03:16.355+0800][4.448s][info][gc,phases   ] GC(122) y: Young Generation
[2026-06-17T10:03:16.355+0800][4.448s][info][gc,phases   ] GC(122) y: Pause Mark Start 0.007ms
[2026-06-17T10:03:16.356+0800][4.449s][info][gc,phases   ] GC(122) y: Concurrent Mark 0.439ms
[2026-06-17T10:03:16.356+0800][4.449s][info][gc,phases   ] GC(122) y: Pause Mark End 0.006ms
[2026-06-17T10:03:16.356+0800][4.449s][info][gc,phases   ] GC(122) y: Concurrent Mark Free 0.000ms
[2026-06-17T10:03:16.356+0800][4.449s][info][gc,phases   ] GC(122) y: Concurrent Reset Relocation Set 0.000ms
[2026-06-17T10:03:16.357+0800][4.450s][info][gc,reloc    ] GC(122) y: Using tenuring threshold: 3 (Computed)
[2026-06-17T10:03:16.357+0800][4.450s][info][gc,phases   ] GC(122) y: Concurrent Select Relocation Set 0.772ms
[2026-06-17T10:03:16.357+0800][4.450s][info][gc,phases   ] GC(122) y: Pause Relocate Start 0.004ms
[2026-06-17T10:03:16.357+0800][4.450s][info][gc,phases   ] GC(122) y: Concurrent Relocate 0.086ms
[2026-06-17T10:03:16.357+0800][4.450s][info][gc,alloc    ] GC(122) y:                         Mark Start        Mark End      Relocate Start    Relocate End   
[2026-06-17T10:03:16.357+0800][4.451s][info][gc,alloc    ] GC(122) y: Allocation Stalls:          0                0                0                0         
[2026-06-17T10:03:16.357+0800][4.451s][info][gc,load     ] GC(122) y: Load: 0.38 (2%) / 0.43 (2%) / 0.50 (2%)
[2026-06-17T10:03:16.357+0800][4.451s][info][gc,mmu      ] GC(122) y: MMU: 2ms/96.6%, 5ms/98.5%, 10ms/98.9%, 20ms/99.4%, 50ms/99.6%, 100ms/99.7%
[2026-06-17T10:03:16.358+0800][4.451s][info][gc,marking  ] GC(122) y: Mark: 1 stripe(s), 1 proactive flush(es), 1 terminate flush(es), 0 completion(s), 0 continuation(s) 
[2026-06-17T10:03:16.358+0800][4.451s][info][gc,marking  ] GC(122) y: Mark Stack Usage: 32M
[2026-06-17T10:03:16.358+0800][4.451s][info][gc,nmethod  ] GC(122) y: NMethods: 72 registered, 5 unregistered
[2026-06-17T10:03:16.358+0800][4.451s][info][gc,metaspace] GC(122) y: Metaspace: 0M used, 0M committed, 1088M reserved
[2026-06-17T10:03:16.358+0800][4.451s][info][gc,reloc    ] GC(122) y:                        Candidates     Selected     In-Place         Size        Empty    Relocated 
[2026-06-17T10:03:16.358+0800][4.451s][info][gc,reloc    ] GC(122) y: Small Pages:                    2            1            2           4M           0M           0M 
[2026-06-17T10:03:16.358+0800][4.451s][info][gc,reloc    ] GC(122) y: Large Pages:                    5            0            0          10M           0M           0M 
[2026-06-17T10:03:16.358+0800][4.451s][info][gc,reloc    ] GC(122) y: Forwarding Usage: 0M
[2026-06-17T10:03:16.358+0800][4.451s][info][gc,reloc    ] GC(122) y: Age Table:
[2026-06-17T10:03:16.358+0800][4.452s][info][gc,reloc    ] GC(122) y:                    Live             Garbage             Small              Medium             Large        
[2026-06-17T10:03:16.358+0800][4.452s][info][gc,reloc    ] GC(122) y: Eden                -                 0M (0%)           0 / 0              0 / 0              0 / 0        
[2026-06-17T10:03:16.358+0800][4.452s][info][gc,reloc    ] GC(122) y: Survivor 1         6M (10%)           1M (3%)           1 / 1              0 / 0              3 / 0        
[2026-06-17T10:03:16.359+0800][4.452s][info][gc,reloc    ] GC(122) y: Survivor 2         4M (7%)            1M (3%)           1 / 0              0 / 0              2 / 0        
[2026-06-17T10:03:16.359+0800][4.452s][info][gc,heap     ] GC(122) y: Min Capacity: 64M(100%)
[2026-06-17T10:03:16.359+0800][4.452s][info][gc,heap     ] GC(122) y: Max Capacity: 64M(100%)
[2026-06-17T10:03:16.359+0800][4.452s][info][gc,heap     ] GC(122) y: Soft Max Capacity: 64M(100%)
[2026-06-17T10:03:16.359+0800][4.452s][info][gc,heap     ] GC(122) y: Heap Statistics:
[2026-06-17T10:03:16.359+0800][4.452s][info][gc,heap     ] GC(122) y:                Mark Start          Mark End        Relocate Start      Relocate End           High               Low         
[2026-06-17T10:03:16.359+0800][4.452s][info][gc,heap     ] GC(122) y:  Capacity:       64M (100%)         64M (100%)         64M (100%)         64M (100%)         64M (100%)         64M (100%)   
[2026-06-17T10:03:16.359+0800][4.452s][info][gc,heap     ] GC(122) y:      Free:        4M (6%)            4M (6%)            0M (0%)            0M (0%)            4M (6%)            0M (0%)     
[2026-06-17T10:03:16.359+0800][4.452s][info][gc,heap     ] GC(122) y:      Used:       60M (94%)          60M (94%)          64M (100%)         64M (100%)         64M (100%)         60M (94%)    
[2026-06-17T10:03:16.359+0800][4.452s][info][gc,heap     ] GC(122) y: Young Generation Statistics:
[2026-06-17T10:03:16.359+0800][4.453s][info][gc,heap     ] GC(122) y:                Mark Start          Mark End        Relocate Start      Relocate End    
[2026-06-17T10:03:16.359+0800][4.453s][info][gc,heap     ] GC(122) y:      Used:       14M (22%)          14M (22%)          18M (28%)          18M (28%)    
[2026-06-17T10:03:16.359+0800][4.453s][info][gc,heap     ] GC(122) y:      Live:         -                10M (16%)          10M (16%)          10M (16%)    
[2026-06-17T10:03:16.360+0800][4.453s][info][gc,heap     ] GC(122) y:   Garbage:         -                 3M (5%)            3M (5%)            0M (0%)     
[2026-06-17T10:03:16.360+0800][4.453s][info][gc,heap     ] GC(122) y: Allocated:         -                 0M (0%)            4M (6%)            7M (12%)    
[2026-06-17T10:03:16.360+0800][4.453s][info][gc,heap     ] GC(122) y: Reclaimed:         -                  -                 0M (0%)            3M (5%)     
[2026-06-17T10:03:16.360+0800][4.453s][info][gc,heap     ] GC(122) y:  Promoted:         -                  -                 0M (0%)            0M (0%)     
[2026-06-17T10:03:16.360+0800][4.453s][info][gc,heap     ] GC(122) y: Compacted:         -                  -                  -                 0M (1%)     
[2026-06-17T10:03:16.360+0800][4.453s][info][gc,phases   ] GC(122) y: Young Generation 60M(94%)->64M(100%) 0.002s
[2026-06-17T10:03:16.360+0800][4.453s][info][gc          ] GC(122) Minor Collection (Allocation Rate) 60M(94%)->64M(100%) 0.005s
[2026-06-17T10:03:16.360+0800][4.453s][info][gc          ] GC(123) Major Collection (Allocation Rate)
[2026-06-17T10:03:16.360+0800][4.453s][info][gc,task     ] GC(123) Using 1 Workers for Young Generation
[2026-06-17T10:03:16.360+0800][4.454s][info][gc,task     ] GC(123) Using 1 Workers for Old Generation
[2026-06-17T10:03:16.360+0800][4.454s][info][gc,phases   ] GC(123) Y: Young Generation
[2026-06-17T10:03:16.360+0800][4.454s][info][gc,phases   ] GC(123) Y: Pause Mark Start (Major) 0.008ms
[2026-06-17T10:03:16.361+0800][4.454s][info][gc,phases   ] GC(123) Y: Concurrent Mark 0.551ms
[2026-06-17T10:03:16.361+0800][4.455s][info][gc,phases   ] GC(123) Y: Pause Mark End 0.006ms
[2026-06-17T10:03:16.361+0800][4.455s][info][gc,phases   ] GC(123) Y: Concurrent Mark Free 0.001ms
[2026-06-17T10:03:16.362+0800][4.455s][info][gc,phases   ] GC(123) Y: Concurrent Reset Relocation Set 0.001ms
[2026-06-17T10:03:16.362+0800][4.456s][info][gc,reloc    ] GC(123) Y: Using tenuring threshold: 4 (Computed)
[2026-06-17T10:03:16.363+0800][4.456s][info][gc,phases   ] GC(123) Y: Concurrent Select Relocation Set 0.809ms
[2026-06-17T10:03:16.363+0800][4.456s][info][gc,phases   ] GC(123) Y: Pause Relocate Start 0.004ms
[2026-06-17T10:03:16.363+0800][4.456s][info][gc,phases   ] GC(123) Y: Concurrent Relocate 0.135ms
[2026-06-17T10:03:16.363+0800][4.456s][info][gc,alloc    ] GC(123) Y:                         Mark Start        Mark End      Relocate Start    Relocate End   
[2026-06-17T10:03:16.363+0800][4.456s][info][gc,alloc    ] GC(123) Y: Allocation Stalls:          0                0                0                0         
[2026-06-17T10:03:16.363+0800][4.456s][info][gc,load     ] GC(123) Y: Load: 0.38 (2%) / 0.43 (2%) / 0.50 (2%)
[2026-06-17T10:03:16.363+0800][4.457s][info][gc,mmu      ] GC(123) Y: MMU: 2ms/96.6%, 5ms/98.5%, 10ms/98.9%, 20ms/99.4%, 50ms/99.6%, 100ms/99.7%
[2026-06-17T10:03:16.363+0800][4.457s][info][gc,marking  ] GC(123) Y: Mark: 1 stripe(s), 1 proactive flush(es), 1 terminate flush(es), 0 completion(s), 0 continuation(s) 
[2026-06-17T10:03:16.363+0800][4.457s][info][gc,marking  ] GC(123) Y: Mark Stack Usage: 32M
[2026-06-17T10:03:16.363+0800][4.457s][info][gc,nmethod  ] GC(123) Y: NMethods: 72 registered, 5 unregistered
[2026-06-17T10:03:16.364+0800][4.457s][info][gc,metaspace] GC(123) Y: Metaspace: 0M used, 0M committed, 1088M reserved
[2026-06-17T10:03:16.364+0800][4.457s][info][gc,reloc    ] GC(123) Y:                        Candidates     Selected     In-Place         Size        Empty    Relocated 
[2026-06-17T10:03:16.364+0800][4.457s][info][gc,reloc    ] GC(123) Y: Small Pages:                    4            1            0           8M           4M           0M 
[2026-06-17T10:03:16.364+0800][4.457s][info][gc,reloc    ] GC(123) Y: Large Pages:                    5            0            0          10M           0M           0M 
[2026-06-17T10:03:16.364+0800][4.457s][info][gc,reloc    ] GC(123) Y: Forwarding Usage: 0M
[2026-06-17T10:03:16.364+0800][4.457s][info][gc,reloc    ] GC(123) Y: Age Table:
[2026-06-17T10:03:16.364+0800][4.457s][info][gc,reloc    ] GC(123) Y:                    Live             Garbage             Small              Medium             Large        
[2026-06-17T10:03:16.364+0800][4.458s][info][gc,reloc    ] GC(123) Y: Eden                -                 4M (6%)           2 / 0              0 / 0              0 / 0        
[2026-06-17T10:03:16.364+0800][4.458s][info][gc,reloc    ] GC(123) Y: Survivor 1          -                 0M (0%)           0 / 0              0 / 0              0 / 0        
[2026-06-17T10:03:16.364+0800][4.458s][info][gc,reloc    ] GC(123) Y: Survivor 2         6M (10%)           1M (3%)           1 / 1              0 / 0              3 / 0        
[2026-06-17T10:03:16.364+0800][4.458s][info][gc,reloc    ] GC(123) Y: Survivor 3         4M (7%)            1M (3%)           1 / 0              0 / 0              2 / 0        
[2026-06-17T10:03:16.365+0800][4.458s][info][gc,heap     ] GC(123) Y: Min Capacity: 64M(100%)
[2026-06-17T10:03:16.365+0800][4.458s][info][gc,heap     ] GC(123) Y: Max Capacity: 64M(100%)
[2026-06-17T10:03:16.365+0800][4.458s][info][gc,heap     ] GC(123) Y: Soft Max Capacity: 64M(100%)
[2026-06-17T10:03:16.365+0800][4.458s][info][gc,heap     ] GC(123) Y: Heap Statistics:
[2026-06-17T10:03:16.365+0800][4.458s][info][gc,heap     ] GC(123) Y:                Mark Start          Mark End        Relocate Start      Relocate End           High               Low         
[2026-06-17T10:03:16.365+0800][4.458s][info][gc,heap     ] GC(123) Y:  Capacity:       64M (100%)         64M (100%)         64M (100%)         64M (100%)         64M (100%)         64M (100%)   
[2026-06-17T10:03:16.365+0800][4.458s][info][gc,heap     ] GC(123) Y:      Free:        0M (0%)            0M (0%)            4M (6%)            4M (6%)            4M (6%)            0M (0%)     
[2026-06-17T10:03:16.365+0800][4.458s][info][gc,heap     ] GC(123) Y:      Used:       64M (100%)         64M (100%)         60M (94%)          60M (94%)          64M (100%)         60M (94%)    
[2026-06-17T10:03:16.365+0800][4.458s][info][gc,heap     ] GC(123) Y: Young Generation Statistics:
[2026-06-17T10:03:16.365+0800][4.458s][info][gc,heap     ] GC(123) Y:                Mark Start          Mark End        Relocate Start      Relocate End    
[2026-06-17T10:03:16.365+0800][4.459s][info][gc,heap     ] GC(123) Y:      Used:       18M (28%)          18M (28%)          14M (22%)          14M (22%)    
[2026-06-17T10:03:16.365+0800][4.459s][info][gc,heap     ] GC(123) Y:      Live:         -                10M (16%)          10M (16%)          10M (16%)    
[2026-06-17T10:03:16.365+0800][4.459s][info][gc,heap     ] GC(123) Y:   Garbage:         -                 7M (12%)           3M (5%)            0M (0%)     
[2026-06-17T10:03:16.366+0800][4.459s][info][gc,heap     ] GC(123) Y: Allocated:         -                 0M (0%)            0M (0%)            3M (5%)     
[2026-06-17T10:03:16.366+0800][4.459s][info][gc,heap     ] GC(123) Y: Reclaimed:         -                  -                 4M (6%)            7M (12%)    
[2026-06-17T10:03:16.366+0800][4.459s][info][gc,heap     ] GC(123) Y:  Promoted:         -                  -                 0M (0%)            0M (0%)     
[2026-06-17T10:03:16.366+0800][4.459s][info][gc,heap     ] GC(123) Y: Compacted:         -                  -                  -                 0M (1%)     
[2026-06-17T10:03:16.366+0800][4.459s][info][gc,phases   ] GC(123) Y: Young Generation 64M(100%)->60M(94%) 0.003s
[2026-06-17T10:03:16.366+0800][4.459s][info][gc,phases   ] GC(123) O: Old Generation
[2026-06-17T10:03:16.366+0800][4.460s][info][gc          ] GC(124) Minor Collection (Allocation Rate)
[2026-06-17T10:03:16.366+0800][4.460s][info][gc,task     ] GC(124) Using 1 Workers for Young Generation
[2026-06-17T10:03:16.366+0800][4.460s][info][gc,phases   ] GC(124) y: Young Generation
[2026-06-17T10:03:16.367+0800][4.460s][info][gc,phases   ] GC(124) y: Pause Mark Start 0.007ms
[2026-06-17T10:03:16.367+0800][4.460s][info][gc,phases   ] GC(123) O: Concurrent Mark 1.156ms
[2026-06-17T10:03:16.367+0800][4.461s][info][gc,phases   ] GC(123) O: Pause Mark End 0.006ms
[2026-06-17T10:03:16.367+0800][4.461s][info][gc,phases   ] GC(124) y: Concurrent Mark 0.476ms
[2026-06-17T10:03:16.368+0800][4.461s][info][gc,phases   ] GC(123) O: Concurrent Mark Free 0.002ms
[2026-06-17T10:03:16.368+0800][4.461s][info][gc,phases   ] GC(124) y: Pause Mark End 0.005ms
[2026-06-17T10:03:16.368+0800][4.461s][info][gc,phases   ] GC(124) y: Concurrent Mark Free 0.000ms
[2026-06-17T10:03:16.368+0800][4.462s][info][gc,phases   ] GC(124) y: Concurrent Reset Relocation Set 0.000ms
[2026-06-17T10:03:16.368+0800][4.462s][info][gc,phases   ] GC(123) O: Concurrent Process Non-Strong 0.436ms
[2026-06-17T10:03:16.368+0800][4.462s][info][gc,phases   ] GC(123) O: Concurrent Reset Relocation Set 0.000ms
[2026-06-17T10:03:16.369+0800][4.462s][info][gc,reloc    ] GC(124) y: Using tenuring threshold: 4 (Computed)
[2026-06-17T10:03:16.369+0800][4.462s][info][gc,phases   ] GC(123) O: Concurrent Select Relocation Set 0.542ms
[2026-06-17T10:03:16.369+0800][4.462s][info][gc,phases   ] GC(124) y: Concurrent Select Relocation Set 0.813ms
[2026-06-17T10:03:16.369+0800][4.463s][info][gc,phases   ] GC(124) y: Pause Relocate Start 0.004ms
[2026-06-17T10:03:16.369+0800][4.463s][info][gc,phases   ] GC(124) y: Concurrent Relocate 0.127ms
[2026-06-17T10:03:16.370+0800][4.463s][info][gc,alloc    ] GC(124) y:                         Mark Start        Mark End      Relocate Start    Relocate End   
[2026-06-17T10:03:16.370+0800][4.463s][info][gc,alloc    ] GC(124) y: Allocation Stalls:          0                0                0                0         
[2026-06-17T10:03:16.370+0800][4.463s][info][gc,load     ] GC(124) y: Load: 0.38 (2%) / 0.43 (2%) / 0.50 (2%)
[2026-06-17T10:03:16.370+0800][4.463s][info][gc,mmu      ] GC(124) y: MMU: 2ms/96.6%, 5ms/98.5%, 10ms/98.9%, 20ms/99.4%, 50ms/99.6%, 100ms/99.7%
[2026-06-17T10:03:16.370+0800][4.463s][info][gc,marking  ] GC(124) y: Mark: 1 stripe(s), 1 proactive flush(es), 1 terminate flush(es), 0 completion(s), 0 continuation(s) 
[2026-06-17T10:03:16.370+0800][4.463s][info][gc,marking  ] GC(124) y: Mark Stack Usage: 32M
[2026-06-17T10:03:16.370+0800][4.463s][info][gc,nmethod  ] GC(124) y: NMethods: 72 registered, 5 unregistered
[2026-06-17T10:03:16.370+0800][4.463s][info][gc,metaspace] GC(124) y: Metaspace: 0M used, 0M committed, 1088M reserved
[2026-06-17T10:03:16.370+0800][4.464s][info][gc,reloc    ] GC(124) y:                        Candidates     Selected     In-Place         Size        Empty    Relocated 
[2026-06-17T10:03:16.370+0800][4.464s][info][gc,reloc    ] GC(124) y: Small Pages:                    4            1            0           8M           4M           0M 
[2026-06-17T10:03:16.370+0800][4.464s][info][gc,reloc    ] GC(124) y: Large Pages:                    5            0            0          10M           0M           0M 
[2026-06-17T10:03:16.370+0800][4.464s][info][gc,reloc    ] GC(124) y: Forwarding Usage: 0M
[2026-06-17T10:03:16.371+0800][4.464s][info][gc,reloc    ] GC(124) y: Age Table:
[2026-06-17T10:03:16.371+0800][4.464s][info][gc,reloc    ] GC(124) y:                    Live             Garbage             Small              Medium             Large        
[2026-06-17T10:03:16.371+0800][4.464s][info][gc,reloc    ] GC(124) y: Eden                -                 4M (6%)           2 / 0              0 / 0              0 / 0        
[2026-06-17T10:03:16.371+0800][4.464s][info][gc,reloc    ] GC(124) y: Survivor 1          -                 0M (0%)           0 / 0              0 / 0              0 / 0        
[2026-06-17T10:03:16.371+0800][4.464s][info][gc,reloc    ] GC(124) y: Survivor 2          -                 0M (0%)           0 / 0              0 / 0              0 / 0        
[2026-06-17T10:03:16.371+0800][4.464s][info][gc,reloc    ] GC(124) y: Survivor 3         6M (10%)           1M (3%)           1 / 1              0 / 0              3 / 0        
[2026-06-17T10:03:16.371+0800][4.464s][info][gc,reloc    ] GC(124) y: Survivor 4         4M (7%)            1M (3%)           1 / 0              0 / 0              2 / 0        
[2026-06-17T10:03:16.371+0800][4.464s][info][gc,heap     ] GC(124) y: Min Capacity: 64M(100%)
[2026-06-17T10:03:16.371+0800][4.465s][info][gc,heap     ] GC(124) y: Max Capacity: 64M(100%)
[2026-06-17T10:03:16.371+0800][4.465s][info][gc,heap     ] GC(124) y: Soft Max Capacity: 64M(100%)
[2026-06-17T10:03:16.371+0800][4.465s][info][gc,heap     ] GC(124) y: Heap Statistics:
[2026-06-17T10:03:16.371+0800][4.465s][info][gc,heap     ] GC(124) y:                Mark Start          Mark End        Relocate Start      Relocate End           High               Low         
[2026-06-17T10:03:16.371+0800][4.465s][info][gc,heap     ] GC(124) y:  Capacity:       64M (100%)         64M (100%)         64M (100%)         64M (100%)         64M (100%)         64M (100%)   
[2026-06-17T10:03:16.372+0800][4.465s][info][gc,heap     ] GC(124) y:      Free:        0M (0%)            0M (0%)            4M (6%)            4M (6%)            4M (6%)            0M (0%)     
[2026-06-17T10:03:16.372+0800][4.465s][info][gc,heap     ] GC(124) y:      Used:       64M (100%)         64M (100%)         60M (94%)          60M (94%)          64M (100%)         60M (94%)    
[2026-06-17T10:03:16.372+0800][4.465s][info][gc,heap     ] GC(124) y: Young Generation Statistics:
[2026-06-17T10:03:16.372+0800][4.465s][info][gc,heap     ] GC(124) y:                Mark Start          Mark End        Relocate Start      Relocate End    
[2026-06-17T10:03:16.372+0800][4.465s][info][gc,heap     ] GC(124) y:      Used:       18M (28%)          18M (28%)          10M (16%)           8M (12%)    
[2026-06-17T10:03:16.372+0800][4.465s][info][gc,heap     ] GC(124) y:      Live:         -                10M (16%)           6M (10%)           6M (10%)    
[2026-06-17T10:03:16.372+0800][4.465s][info][gc,heap     ] GC(124) y:   Garbage:         -                 7M (12%)           3M (5%)            0M (0%)     
[2026-06-17T10:03:16.372+0800][4.465s][info][gc,heap     ] GC(124) y: Allocated:         -                 0M (0%)            0M (0%)            1M (3%)     
[2026-06-17T10:03:16.372+0800][4.466s][info][gc,heap     ] GC(124) y: Reclaimed:         -                  -                 4M (6%)            7M (12%)    
[2026-06-17T10:03:16.372+0800][4.466s][info][gc,heap     ] GC(124) y:  Promoted:         -                  -                 4M (6%)            4M (7%)     
[2026-06-17T10:03:16.372+0800][4.466s][info][gc,heap     ] GC(124) y: Compacted:         -                  -                  -                 0M (1%)     
[2026-06-17T10:03:16.372+0800][4.466s][info][gc,phases   ] GC(124) y: Young Generation 64M(100%)->60M(94%) 0.003s
[2026-06-17T10:03:16.373+0800][4.466s][info][gc          ] GC(124) Minor Collection (Allocation Rate) 62M(97%)->60M(94%) 0.006s
[2026-06-17T10:03:16.373+0800][4.466s][info][gc,task     ] GC(123) O: Using 1 Workers for Old Generation
[2026-06-17T10:03:16.385+0800][4.479s][info][gc,task     ] GC(123) O: Using 1 Workers for Old Generation
[2026-06-17T10:03:16.386+0800][4.479s][info][gc,phases   ] GC(123) O: Concurrent Remap Roots 12.975ms
[2026-06-17T10:03:16.386+0800][4.479s][info][gc,phases   ] GC(123) O: Pause Relocate Start 0.010ms
[2026-06-17T10:03:16.386+0800][4.479s][info][gc          ] GC(125) Minor Collection (High Usage)
[2026-06-17T10:03:16.386+0800][4.479s][info][gc,task     ] GC(125) Using 1 Workers for Young Generation
[2026-06-17T10:03:16.386+0800][4.480s][info][gc,phases   ] GC(125) y: Young Generation
[2026-06-17T10:03:16.387+0800][4.480s][info][gc          ] Relocation Stall (main) 0.424ms
[2026-06-17T10:03:16.387+0800][4.480s][info][gc          ] Allocation Stall (main) 9.908ms
[2026-06-17T10:03:16.387+0800][4.481s][info][gc,phases   ] GC(125) y: Pause Mark Start 0.009ms
[2026-06-17T10:03:16.387+0800][4.481s][info][gc,phases   ] GC(123) O: Concurrent Relocate 1.304ms
[2026-06-17T10:03:16.388+0800][4.481s][info][gc,phases   ] GC(125) y: Concurrent Mark 0.579ms
[2026-06-17T10:03:16.388+0800][4.481s][info][gc,phases   ] GC(125) y: Pause Mark End 0.005ms
[2026-06-17T10:03:16.388+0800][4.481s][info][gc,phases   ] GC(125) y: Concurrent Mark Free 0.000ms
[2026-06-17T10:03:16.388+0800][4.482s][info][gc,phases   ] GC(125) y: Concurrent Reset Relocation Set 0.001ms
[2026-06-17T10:03:16.389+0800][4.482s][info][gc,reloc    ] GC(125) y: Using tenuring threshold: 3 (Computed)
[2026-06-17T10:03:16.389+0800][4.482s][info][gc          ] Allocation Stall (main) 1.582ms
[2026-06-17T10:03:16.389+0800][4.483s][info][gc,phases   ] GC(125) y: Concurrent Select Relocation Set 0.776ms
[2026-06-17T10:03:16.389+0800][4.483s][info][gc,phases   ] GC(125) y: Pause Relocate Start 0.004ms
[2026-06-17T10:03:16.390+0800][4.483s][info][gc,phases   ] GC(125) y: Concurrent Relocate 0.088ms
[2026-06-17T10:03:16.390+0800][4.483s][info][gc,alloc    ] GC(125) y:                         Mark Start        Mark End      Relocate Start    Relocate End   
[2026-06-17T10:03:16.390+0800][4.483s][info][gc,alloc    ] GC(125) y: Allocation Stalls:          0                1                1                1         
[2026-06-17T10:03:16.390+0800][4.483s][info][gc,load     ] GC(125) y: Load: 0.38 (2%) / 0.43 (2%) / 0.50 (2%)
[2026-06-17T10:03:16.390+0800][4.483s][info][gc,mmu      ] GC(125) y: MMU: 2ms/96.6%, 5ms/98.5%, 10ms/98.9%, 20ms/99.4%, 50ms/99.6%, 100ms/99.7%
[2026-06-17T10:03:16.390+0800][4.483s][info][gc,marking  ] GC(125) y: Mark: 1 stripe(s), 2 proactive flush(es), 1 terminate flush(es), 0 completion(s), 0 continuation(s) 
[2026-06-17T10:03:16.390+0800][4.483s][info][gc,marking  ] GC(125) y: Mark Stack Usage: 32M
[2026-06-17T10:03:16.390+0800][4.484s][info][gc,nmethod  ] GC(125) y: NMethods: 72 registered, 5 unregistered
[2026-06-17T10:03:16.390+0800][4.484s][info][gc,metaspace] GC(125) y: Metaspace: 0M used, 0M committed, 1088M reserved
[2026-06-17T10:03:16.390+0800][4.484s][info][gc,reloc    ] GC(125) y:                        Candidates     Selected     In-Place         Size        Empty    Relocated 
[2026-06-17T10:03:16.391+0800][4.484s][info][gc,reloc    ] GC(125) y: Small Pages:                    3            1            2           6M           2M           0M 
[2026-06-17T10:03:16.391+0800][4.484s][info][gc,reloc    ] GC(125) y: Large Pages:                    4            0            0           8M           0M           0M 
[2026-06-17T10:03:16.391+0800][4.484s][info][gc,reloc    ] GC(125) y: Forwarding Usage: 0M
[2026-06-17T10:03:16.391+0800][4.484s][info][gc,reloc    ] GC(125) y: Age Table:
[2026-06-17T10:03:16.391+0800][4.484s][info][gc,reloc    ] GC(125) y:                    Live             Garbage             Small              Medium             Large        
[2026-06-17T10:03:16.391+0800][4.484s][info][gc,reloc    ] GC(125) y: Eden               2M (3%)            3M (6%)           2 / 0              0 / 0              1 / 0        
[2026-06-17T10:03:16.391+0800][4.484s][info][gc,reloc    ] GC(125) y: Survivor 1          -                 0M (0%)           0 / 0              0 / 0              0 / 0        
[2026-06-17T10:03:16.391+0800][4.484s][info][gc,reloc    ] GC(125) y: Survivor 2          -                 0M (0%)           0 / 0              0 / 0              0 / 0        
[2026-06-17T10:03:16.391+0800][4.485s][info][gc,reloc    ] GC(125) y: Survivor 3          -                 0M (0%)           0 / 0              0 / 0              0 / 0        
[2026-06-17T10:03:16.392+0800][4.485s][info][gc,reloc    ] GC(125) y: Survivor 4         6M (10%)           1M (3%)           1 / 1              0 / 0              3 / 0        
[2026-06-17T10:03:16.392+0800][4.485s][info][gc,heap     ] GC(125) y: Min Capacity: 64M(100%)
[2026-06-17T10:03:16.392+0800][4.485s][info][gc,heap     ] GC(125) y: Max Capacity: 64M(100%)
[2026-06-17T10:03:16.392+0800][4.485s][info][gc,heap     ] GC(125) y: Soft Max Capacity: 64M(100%)
[2026-06-17T10:03:16.392+0800][4.485s][info][gc,heap     ] GC(125) y: Heap Statistics:
[2026-06-17T10:03:16.392+0800][4.485s][info][gc,heap     ] GC(125) y:                Mark Start          Mark End        Relocate Start      Relocate End           High               Low         
[2026-06-17T10:03:16.392+0800][4.485s][info][gc,heap     ] GC(125) y:  Capacity:       64M (100%)         64M (100%)         64M (100%)         64M (100%)         64M (100%)         64M (100%)   
[2026-06-17T10:03:16.392+0800][4.485s][info][gc,heap     ] GC(125) y:      Free:        0M (0%)            0M (0%)            0M (0%)            0M (0%)            2M (3%)            0M (0%)     
[2026-06-17T10:03:16.392+0800][4.486s][info][gc,heap     ] GC(125) y:      Used:       64M (100%)         64M (100%)         64M (100%)         64M (100%)         64M (100%)         62M (97%)    
[2026-06-17T10:03:16.392+0800][4.486s][info][gc,heap     ] GC(125) y: Young Generation Statistics:
[2026-06-17T10:03:16.392+0800][4.486s][info][gc,heap     ] GC(125) y:                Mark Start          Mark End        Relocate Start      Relocate End    
[2026-06-17T10:03:16.392+0800][4.486s][info][gc,heap     ] GC(125) y:      Used:       14M (22%)          14M (22%)           8M (12%)           6M (9%)     
[2026-06-17T10:03:16.393+0800][4.486s][info][gc,heap     ] GC(125) y:      Live:         -                 8M (13%)           2M (4%)            2M (3%)     
[2026-06-17T10:03:16.393+0800][4.486s][info][gc,heap     ] GC(125) y:   Garbage:         -                 5M (9%)            3M (6%)            0M (0%)     
[2026-06-17T10:03:16.393+0800][4.486s][info][gc,heap     ] GC(125) y: Allocated:         -                 0M (0%)            2M (3%)            3M (6%)     
[2026-06-17T10:03:16.393+0800][4.486s][info][gc,heap     ] GC(125) y: Reclaimed:         -                  -                 2M (3%)            5M (9%)     
[2026-06-17T10:03:16.393+0800][4.486s][info][gc,heap     ] GC(125) y:  Promoted:         -                  -                 6M (9%)            6M (10%)    
[2026-06-17T10:03:16.393+0800][4.486s][info][gc,heap     ] GC(125) y: Compacted:         -                  -                  -                 0M (0%)     
[2026-06-17T10:03:16.393+0800][4.486s][info][gc,phases   ] GC(125) y: Young Generation 64M(100%)->64M(100%) 0.003s
[2026-06-17T10:03:16.393+0800][4.486s][info][gc          ] GC(125) Minor Collection (High Usage) 64M(100%)->64M(100%) 0.007s
[2026-06-17T10:03:16.393+0800][4.486s][info][gc          ] GC(126) Minor Collection (Allocation Stall)
[2026-06-17T10:03:16.393+0800][4.486s][info][gc,task     ] GC(126) Using 1 Workers for Young Generation
[2026-06-17T10:03:16.393+0800][4.487s][info][gc,phases   ] GC(126) y: Young Generation
[2026-06-17T10:03:16.393+0800][4.487s][info][gc,phases   ] GC(126) y: Pause Mark Start 0.007ms
[2026-06-17T10:03:16.394+0800][4.487s][info][gc,phases   ] GC(126) y: Concurrent Mark 0.432ms
[2026-06-17T10:03:16.394+0800][4.487s][info][gc,phases   ] GC(126) y: Pause Mark End 0.004ms
[2026-06-17T10:03:16.394+0800][4.487s][info][gc,phases   ] GC(126) y: Concurrent Mark Free 0.000ms
[2026-06-17T10:03:16.394+0800][4.487s][info][gc,phases   ] GC(126) y: Concurrent Reset Relocation Set 0.002ms
[2026-06-17T10:03:16.395+0800][4.488s][info][gc,reloc    ] GC(126) y: Using tenuring threshold: 2 (Computed)
[2026-06-17T10:03:16.395+0800][4.488s][info][gc,phases   ] GC(126) y: Concurrent Select Relocation Set 0.814ms
[2026-06-17T10:03:16.395+0800][4.488s][info][gc,phases   ] GC(126) y: Pause Relocate Start 0.003ms
[2026-06-17T10:03:16.395+0800][4.489s][info][gc,phases   ] GC(126) y: Concurrent Relocate 0.084ms
[2026-06-17T10:03:16.395+0800][4.489s][info][gc,alloc    ] GC(126) y:                         Mark Start        Mark End      Relocate Start    Relocate End   
[2026-06-17T10:03:16.396+0800][4.489s][info][gc,alloc    ] GC(126) y: Allocation Stalls:          1                1                1                1         
[2026-06-17T10:03:16.396+0800][4.489s][info][gc,load     ] GC(126) y: Load: 0.38 (2%) / 0.43 (2%) / 0.50 (2%)
[2026-06-17T10:03:16.396+0800][4.489s][info][gc,mmu      ] GC(126) y: MMU: 2ms/96.6%, 5ms/98.5%, 10ms/98.9%, 20ms/99.4%, 50ms/99.6%, 100ms/99.7%
[2026-06-17T10:03:16.396+0800][4.489s][info][gc,marking  ] GC(126) y: Mark: 1 stripe(s), 1 proactive flush(es), 1 terminate flush(es), 0 completion(s), 0 continuation(s) 
[2026-06-17T10:03:16.396+0800][4.489s][info][gc,marking  ] GC(126) y: Mark Stack Usage: 32M
[2026-06-17T10:03:16.396+0800][4.489s][info][gc,nmethod  ] GC(126) y: NMethods: 72 registered, 5 unregistered
[2026-06-17T10:03:16.396+0800][4.489s][info][gc,metaspace] GC(126) y: Metaspace: 0M used, 0M committed, 1088M reserved
[2026-06-17T10:03:16.396+0800][4.489s][info][gc,reloc    ] GC(126) y:                        Candidates     Selected     In-Place         Size        Empty    Relocated 
[2026-06-17T10:03:16.396+0800][4.490s][info][gc,reloc    ] GC(126) y: Small Pages:                    1            0            0           2M           0M           0M 
[2026-06-17T10:03:16.396+0800][4.490s][info][gc,reloc    ] GC(126) y: Large Pages:                    2            0            0           4M           0M           0M 
[2026-06-17T10:03:16.396+0800][4.490s][info][gc,reloc    ] GC(126) y: Forwarding Usage: 0M
[2026-06-17T10:03:16.396+0800][4.490s][info][gc,reloc    ] GC(126) y: Age Table:
[2026-06-17T10:03:16.397+0800][4.490s][info][gc,reloc    ] GC(126) y:                    Live             Garbage             Small              Medium             Large        
[2026-06-17T10:03:16.397+0800][4.490s][info][gc,reloc    ] GC(126) y: Eden               2M (3%)            0M (0%)           0 / 0              0 / 0              1 / 0        
[2026-06-17T10:03:16.397+0800][4.490s][info][gc,reloc    ] GC(126) y: Survivor 1         2M (3%)            1M (3%)           1 / 0              0 / 0              1 / 0        
[2026-06-17T10:03:16.397+0800][4.490s][info][gc,heap     ] GC(126) y: Min Capacity: 64M(100%)
[2026-06-17T10:03:16.397+0800][4.490s][info][gc,heap     ] GC(126) y: Max Capacity: 64M(100%)
[2026-06-17T10:03:16.397+0800][4.490s][info][gc,heap     ] GC(126) y: Soft Max Capacity: 64M(100%)
[2026-06-17T10:03:16.397+0800][4.490s][info][gc,heap     ] GC(126) y: Heap Statistics:
[2026-06-17T10:03:16.397+0800][4.490s][info][gc,heap     ] GC(126) y:                Mark Start          Mark End        Relocate Start      Relocate End           High               Low         
[2026-06-17T10:03:16.397+0800][4.491s][info][gc,heap     ] GC(126) y:  Capacity:       64M (100%)         64M (100%)         64M (100%)         64M (100%)         64M (100%)         64M (100%)   
[2026-06-17T10:03:16.397+0800][4.491s][info][gc,heap     ] GC(126) y:      Free:        0M (0%)            0M (0%)            0M (0%)            0M (0%)            0M (0%)            0M (0%)     
[2026-06-17T10:03:16.397+0800][4.491s][info][gc,heap     ] GC(126) y:      Used:       64M (100%)         64M (100%)         64M (100%)         64M (100%)         64M (100%)         64M (100%)   
[2026-06-17T10:03:16.398+0800][4.491s][info][gc,heap     ] GC(126) y: Young Generation Statistics:
[2026-06-17T10:03:16.398+0800][4.491s][info][gc,heap     ] GC(126) y:                Mark Start          Mark End        Relocate Start      Relocate End    
[2026-06-17T10:03:16.398+0800][4.491s][info][gc,heap     ] GC(126) y:      Used:        6M (9%)            6M (9%)            6M (9%)            6M (9%)     
[2026-06-17T10:03:16.398+0800][4.491s][info][gc,heap     ] GC(126) y:      Live:         -                 4M (6%)            4M (6%)            4M (6%)     
[2026-06-17T10:03:16.398+0800][4.491s][info][gc,heap     ] GC(126) y:   Garbage:         -                 1M (3%)            1M (3%)            1M (3%)     
[2026-06-17T10:03:16.398+0800][4.491s][info][gc,heap     ] GC(126) y: Allocated:         -                 0M (0%)            0M (0%)            0M (0%)     
[2026-06-17T10:03:16.398+0800][4.491s][info][gc,heap     ] GC(126) y: Reclaimed:         -                  -                 0M (0%)            0M (0%)     
[2026-06-17T10:03:16.398+0800][4.492s][info][gc,heap     ] GC(126) y:  Promoted:         -                  -                 0M (0%)            0M (0%)     
[2026-06-17T10:03:16.398+0800][4.492s][info][gc,heap     ] GC(126) y: Compacted:         -                  -                  -                 0M (0%)     
[2026-06-17T10:03:16.398+0800][4.492s][info][gc,phases   ] GC(126) y: Young Generation 64M(100%)->64M(100%) 0.002s
[2026-06-17T10:03:16.399+0800][4.492s][info][gc          ] GC(126) Minor Collection (Allocation Stall) 64M(100%)->64M(100%) 0.006s
[2026-06-17T10:03:16.399+0800][4.492s][info][gc,alloc    ] GC(123) O:                         Mark Start        Mark End      Relocate Start    Relocate End   
[2026-06-17T10:03:16.399+0800][4.492s][info][gc,alloc    ] GC(123) O: Allocation Stalls:          0                0                1                0         
[2026-06-17T10:03:16.399+0800][4.492s][info][gc,load     ] GC(123) O: Load: 0.38 (2%) / 0.43 (2%) / 0.50 (2%)
[2026-06-17T10:03:16.399+0800][4.492s][info][gc,mmu      ] GC(123) O: MMU: 2ms/96.6%, 5ms/98.5%, 10ms/98.9%, 20ms/99.4%, 50ms/99.6%, 100ms/99.7%
[2026-06-17T10:03:16.399+0800][4.492s][info][gc,marking  ] GC(123) O: Mark: 1 stripe(s), 2 proactive flush(es), 1 terminate flush(es), 0 completion(s), 0 continuation(s) 
[2026-06-17T10:03:16.399+0800][4.492s][info][gc,marking  ] GC(123) O: Mark Stack Usage: 32M
[2026-06-17T10:03:16.399+0800][4.492s][info][gc,nmethod  ] GC(123) O: NMethods: 72 registered, 5 unregistered
[2026-06-17T10:03:16.399+0800][4.493s][info][gc,metaspace] GC(123) O: Metaspace: 0M used, 0M committed, 1088M reserved
[2026-06-17T10:03:16.399+0800][4.493s][info][gc,ref      ] GC(123) O:                       Encountered   Discovered     Enqueued 
[2026-06-17T10:03:16.399+0800][4.493s][info][gc,ref      ] GC(123) O: Soft References:                0            0            0 
[2026-06-17T10:03:16.399+0800][4.493s][info][gc,ref      ] GC(123) O: Weak References:                6            0            0 
[2026-06-17T10:03:16.400+0800][4.493s][info][gc,ref      ] GC(123) O: Final References:               0            0            0 
[2026-06-17T10:03:16.400+0800][4.493s][info][gc,ref      ] GC(123) O: Phantom References:             1            1            0 
[2026-06-17T10:03:16.400+0800][4.493s][info][gc,reloc    ] GC(123) O:                        Candidates     Selected     In-Place         Size        Empty    Relocated 
[2026-06-17T10:03:16.400+0800][4.493s][info][gc,reloc    ] GC(123) O: Small Pages:                    3            1            2           6M           0M           1M 
[2026-06-17T10:03:16.400+0800][4.493s][info][gc,reloc    ] GC(123) O: Large Pages:                   20            0            0          40M           0M           0M 
[2026-06-17T10:03:16.400+0800][4.493s][info][gc,reloc    ] GC(123) O: Forwarding Usage: 0M
[2026-06-17T10:03:16.400+0800][4.493s][info][gc,heap     ] GC(123) O: Min Capacity: 64M(100%)
[2026-06-17T10:03:16.400+0800][4.493s][info][gc,heap     ] GC(123) O: Max Capacity: 64M(100%)
[2026-06-17T10:03:16.400+0800][4.493s][info][gc,heap     ] GC(123) O: Soft Max Capacity: 64M(100%)
[2026-06-17T10:03:16.400+0800][4.493s][info][gc,heap     ] GC(123) O: Heap Statistics:
[2026-06-17T10:03:16.400+0800][4.494s][info][gc,heap     ] GC(123) O:                Mark Start          Mark End        Relocate Start      Relocate End           High               Low         
[2026-06-17T10:03:16.400+0800][4.494s][info][gc,heap     ] GC(123) O:  Capacity:       64M (100%)         64M (100%)         64M (100%)         64M (100%)         64M (100%)         64M (100%)   
[2026-06-17T10:03:16.400+0800][4.494s][info][gc,heap     ] GC(123) O:      Free:        0M (0%)            0M (0%)            0M (0%)            0M (0%)            4M (6%)            0M (0%)     
[2026-06-17T10:03:16.401+0800][4.494s][info][gc,heap     ] GC(123) O:      Used:       64M (100%)         64M (100%)         64M (100%)         64M (100%)         64M (100%)         60M (94%)    
[2026-06-17T10:03:16.401+0800][4.494s][info][gc,heap     ] GC(123) O: Old Generation Statistics:
[2026-06-17T10:03:16.401+0800][4.494s][info][gc,heap     ] GC(123) O:                Mark Start          Mark End        Relocate Start      Relocate End    
[2026-06-17T10:03:16.401+0800][4.494s][info][gc,heap     ] GC(123) O:      Used:       46M (72%)          46M (72%)          52M (81%)          50M (78%)    
[2026-06-17T10:03:16.401+0800][4.494s][info][gc,heap     ] GC(123) O:      Live:         -                42M (67%)          42M (67%)          42M (67%)    
[2026-06-17T10:03:16.401+0800][4.494s][info][gc,heap     ] GC(123) O:   Garbage:         -                 3M (5%)            3M (5%)            0M (0%)     
[2026-06-17T10:03:16.401+0800][4.494s][info][gc,heap     ] GC(123) O: Allocated:         -                 0M (0%)            6M (9%)            7M (11%)    
[2026-06-17T10:03:16.401+0800][4.494s][info][gc,heap     ] GC(123) O: Reclaimed:         -                  -                 0M (0%)            3M (5%)     
[2026-06-17T10:03:16.401+0800][4.494s][info][gc,heap     ] GC(123) O: Compacted:         -                  -                  -                 2M (5%)     
[2026-06-17T10:03:16.401+0800][4.495s][info][gc,phases   ] GC(123) O: Old Generation 60M(94%)->64M(100%) 0.033s
[2026-06-17T10:03:16.401+0800][4.495s][info][gc          ] GC(123) Major Collection (Allocation Rate) 64M(100%)->64M(100%) 0.041s
[2026-06-17T10:03:16.401+0800][4.495s][info][gc          ] GC(127) Major Collection (Allocation Stall)
[2026-06-17T10:03:16.401+0800][4.495s][info][gc,task     ] GC(127) Using 1 Workers for Young Generation
[2026-06-17T10:03:16.402+0800][4.495s][info][gc,task     ] GC(127) Using 1 Workers for Old Generation
[2026-06-17T10:03:16.402+0800][4.495s][info][gc,phases   ] GC(127) Y: Young Generation (Promote All)
[2026-06-17T10:03:16.402+0800][4.495s][info][gc,phases   ] GC(127) Y: Pause Mark Start 0.007ms
[2026-06-17T10:03:16.402+0800][4.496s][info][gc,phases   ] GC(127) Y: Concurrent Mark 0.384ms
[2026-06-17T10:03:16.402+0800][4.496s][info][gc,phases   ] GC(127) Y: Pause Mark End 0.004ms
[2026-06-17T10:03:16.402+0800][4.496s][info][gc,phases   ] GC(127) Y: Concurrent Mark Free 0.000ms
[2026-06-17T10:03:16.403+0800][4.496s][info][gc,phases   ] GC(127) Y: Concurrent Reset Relocation Set 0.000ms
[2026-06-17T10:03:16.403+0800][4.496s][info][gc,reloc    ] GC(127) Y: Using tenuring threshold: 0 (Promote All)
[2026-06-17T10:03:16.404+0800][4.497s][info][gc,phases   ] GC(127) Y: Concurrent Select Relocation Set 1.173ms
[2026-06-17T10:03:16.404+0800][4.497s][info][gc,phases   ] GC(127) Y: Pause Relocate Start 0.006ms
[2026-06-17T10:03:16.404+0800][4.498s][info][gc,phases   ] GC(127) Y: Concurrent Relocate 0.091ms
[2026-06-17T10:03:16.404+0800][4.498s][info][gc,alloc    ] GC(127) Y:                         Mark Start        Mark End      Relocate Start    Relocate End   
[2026-06-17T10:03:16.404+0800][4.498s][info][gc,alloc    ] GC(127) Y: Allocation Stalls:          1                1                1                1         
[2026-06-17T10:03:16.405+0800][4.498s][info][gc,load     ] GC(127) Y: Load: 0.38 (2%) / 0.43 (2%) / 0.50 (2%)
[2026-06-17T10:03:16.405+0800][4.498s][info][gc,mmu      ] GC(127) Y: MMU: 2ms/96.6%, 5ms/98.5%, 10ms/98.9%, 20ms/99.4%, 50ms/99.6%, 100ms/99.7%
[2026-06-17T10:03:16.405+0800][4.498s][info][gc,marking  ] GC(127) Y: Mark: 1 stripe(s), 1 proactive flush(es), 1 terminate flush(es), 0 completion(s), 0 continuation(s) 
[2026-06-17T10:03:16.405+0800][4.498s][info][gc,marking  ] GC(127) Y: Mark Stack Usage: 32M
[2026-06-17T10:03:16.405+0800][4.498s][info][gc,nmethod  ] GC(127) Y: NMethods: 72 registered, 5 unregistered
[2026-06-17T10:03:16.405+0800][4.498s][info][gc,metaspace] GC(127) Y: Metaspace: 0M used, 0M committed, 1088M reserved
[2026-06-17T10:03:16.405+0800][4.498s][info][gc,reloc    ] GC(127) Y:                        Candidates     Selected     In-Place         Size        Empty    Relocated 
[2026-06-17T10:03:16.405+0800][4.498s][info][gc,reloc    ] GC(127) Y: Small Pages:                    1            0            0           2M           0M           0M 
[2026-06-17T10:03:16.405+0800][4.499s][info][gc,reloc    ] GC(127) Y: Large Pages:                    2            0            0           4M           0M           0M 
[2026-06-17T10:03:16.405+0800][4.499s][info][gc,reloc    ] GC(127) Y: Forwarding Usage: 0M
[2026-06-17T10:03:16.405+0800][4.499s][info][gc,reloc    ] GC(127) Y: Age Table:
[2026-06-17T10:03:16.405+0800][4.499s][info][gc,reloc    ] GC(127) Y:                    Live             Garbage             Small              Medium             Large        
[2026-06-17T10:03:16.406+0800][4.499s][info][gc,reloc    ] GC(127) Y: Eden                -                 0M (0%)           0 / 0              0 / 0              0 / 0        
[2026-06-17T10:03:16.406+0800][4.499s][info][gc,reloc    ] GC(127) Y: Survivor 1         2M (3%)            0M (0%)           0 / 0              0 / 0              1 / 0        
[2026-06-17T10:03:16.406+0800][4.499s][info][gc,reloc    ] GC(127) Y: Survivor 2         2M (3%)            1M (3%)           1 / 0              0 / 0              1 / 0        
[2026-06-17T10:03:16.406+0800][4.499s][info][gc,heap     ] GC(127) Y: Min Capacity: 64M(100%)
[2026-06-17T10:03:16.406+0800][4.499s][info][gc,heap     ] GC(127) Y: Max Capacity: 64M(100%)
[2026-06-17T10:03:16.406+0800][4.499s][info][gc,heap     ] GC(127) Y: Soft Max Capacity: 64M(100%)
[2026-06-17T10:03:16.406+0800][4.499s][info][gc,heap     ] GC(127) Y: Heap Statistics:
[2026-06-17T10:03:16.406+0800][4.499s][info][gc,heap     ] GC(127) Y:                Mark Start          Mark End        Relocate Start      Relocate End           High               Low         
[2026-06-17T10:03:16.406+0800][4.499s][info][gc,heap     ] GC(127) Y:  Capacity:       64M (100%)         64M (100%)         64M (100%)         64M (100%)         64M (100%)         64M (100%)   
[2026-06-17T10:03:16.406+0800][4.499s][info][gc,heap     ] GC(127) Y:      Free:        0M (0%)            0M (0%)            0M (0%)            0M (0%)            0M (0%)            0M (0%)     
[2026-06-17T10:03:16.406+0800][4.500s][info][gc,heap     ] GC(127) Y:      Used:       64M (100%)         64M (100%)         64M (100%)         64M (100%)         64M (100%)         64M (100%)   
[2026-06-17T10:03:16.407+0800][4.500s][info][gc,heap     ] GC(127) Y: Young Generation Statistics:
[2026-06-17T10:03:16.407+0800][4.500s][info][gc,heap     ] GC(127) Y:                Mark Start          Mark End        Relocate Start      Relocate End    
[2026-06-17T10:03:16.407+0800][4.500s][info][gc,heap     ] GC(127) Y:      Used:        6M (9%)            6M (9%)            0M (0%)            0M (0%)     
[2026-06-17T10:03:16.407+0800][4.500s][info][gc,heap     ] GC(127) Y:      Live:         -                 4M (6%)            0M (0%)            0M (0%)     
[2026-06-17T10:03:16.407+0800][4.500s][info][gc,heap     ] GC(127) Y:   Garbage:         -                 1M (3%)            0M (0%)            0M (0%)     
[2026-06-17T10:03:16.407+0800][4.500s][info][gc,heap     ] GC(127) Y: Allocated:         -                 0M (0%)            0M (0%)            0M (0%)     
[2026-06-17T10:03:16.407+0800][4.500s][info][gc,heap     ] GC(127) Y: Reclaimed:         -                  -                 1M (3%)            1M (3%)     
[2026-06-17T10:03:16.407+0800][4.500s][info][gc,heap     ] GC(127) Y:  Promoted:         -                  -                 4M (6%)            4M (6%)     
[2026-06-17T10:03:16.407+0800][4.500s][info][gc,heap     ] GC(127) Y: Compacted:         -                  -                  -                 0M (0%)     
[2026-06-17T10:03:16.407+0800][4.500s][info][gc,phases   ] GC(127) Y: Young Generation (Promote All) 64M(100%)->64M(100%) 0.003s
[2026-06-17T10:03:16.407+0800][4.501s][info][gc,phases   ] GC(127) Y: Young Generation (Collect Roots)
[2026-06-17T10:03:16.407+0800][4.501s][info][gc,phases   ] GC(127) Y: Pause Mark Start (Major) 0.008ms
[2026-06-17T10:03:16.408+0800][4.501s][info][gc,phases   ] GC(127) Y: Concurrent Mark 0.387ms
[2026-06-17T10:03:16.408+0800][4.501s][info][gc,phases   ] GC(127) Y: Pause Mark End 0.004ms
[2026-06-17T10:03:16.408+0800][4.501s][info][gc,phases   ] GC(127) Y: Concurrent Mark Free 0.029ms
[2026-06-17T10:03:16.408+0800][4.502s][info][gc,phases   ] GC(127) Y: Concurrent Reset Relocation Set 0.003ms
[2026-06-17T10:03:16.409+0800][4.502s][info][gc,reloc    ] GC(127) Y: Using tenuring threshold: 0 (Computed)
[2026-06-17T10:03:16.409+0800][4.502s][info][gc,phases   ] GC(127) Y: Concurrent Select Relocation Set 0.776ms
[2026-06-17T10:03:16.409+0800][4.503s][info][gc,phases   ] GC(127) Y: Pause Relocate Start 0.003ms
[2026-06-17T10:03:16.409+0800][4.503s][info][gc,phases   ] GC(127) Y: Concurrent Relocate 0.084ms
[2026-06-17T10:03:16.410+0800][4.503s][info][gc,alloc    ] GC(127) Y:                         Mark Start        Mark End      Relocate Start    Relocate End   
[2026-06-17T10:03:16.410+0800][4.503s][info][gc,alloc    ] GC(127) Y: Allocation Stalls:          1                1                1                1         
[2026-06-17T10:03:16.410+0800][4.503s][info][gc,load     ] GC(127) Y: Load: 0.38 (2%) / 0.43 (2%) / 0.50 (2%)
[2026-06-17T10:03:16.410+0800][4.504s][info][gc,mmu      ] GC(127) Y: MMU: 2ms/96.6%, 5ms/98.5%, 10ms/98.9%, 20ms/99.4%, 50ms/99.6%, 100ms/99.7%
[2026-06-17T10:03:16.410+0800][4.504s][info][gc,marking  ] GC(127) Y: Mark: 1 stripe(s), 1 proactive flush(es), 1 terminate flush(es), 0 completion(s), 0 continuation(s) 
[2026-06-17T10:03:16.411+0800][4.504s][info][gc,marking  ] GC(127) Y: Mark Stack Usage: 0M
[2026-06-17T10:03:16.411+0800][4.504s][info][gc,nmethod  ] GC(127) Y: NMethods: 72 registered, 5 unregistered
[2026-06-17T10:03:16.411+0800][4.504s][info][gc,metaspace] GC(127) Y: Metaspace: 0M used, 0M committed, 1088M reserved
[2026-06-17T10:03:16.411+0800][4.504s][info][gc,heap     ] GC(127) Y: Min Capacity: 64M(100%)
[2026-06-17T10:03:16.411+0800][4.504s][info][gc,heap     ] GC(127) Y: Max Capacity: 64M(100%)
[2026-06-17T10:03:16.411+0800][4.504s][info][gc,heap     ] GC(127) Y: Soft Max Capacity: 64M(100%)
[2026-06-17T10:03:16.411+0800][4.504s][info][gc,heap     ] GC(127) Y: Heap Statistics:
[2026-06-17T10:03:16.411+0800][4.505s][info][gc,heap     ] GC(127) Y:                Mark Start          Mark End        Relocate Start      Relocate End           High               Low         
[2026-06-17T10:03:16.411+0800][4.505s][info][gc,heap     ] GC(127) Y:  Capacity:       64M (100%)         64M (100%)         64M (100%)         64M (100%)         64M (100%)         64M (100%)   
[2026-06-17T10:03:16.411+0800][4.505s][info][gc,heap     ] GC(127) Y:      Free:        0M (0%)            0M (0%)            0M (0%)            0M (0%)            0M (0%)            0M (0%)     
[2026-06-17T10:03:16.412+0800][4.505s][info][gc,heap     ] GC(127) Y:      Used:       64M (100%)         64M (100%)         64M (100%)         64M (100%)         64M (100%)         64M (100%)   
[2026-06-17T10:03:16.412+0800][4.505s][info][gc,heap     ] GC(127) Y: Young Generation Statistics:
[2026-06-17T10:03:16.412+0800][4.505s][info][gc,heap     ] GC(127) Y:                Mark Start          Mark End        Relocate Start      Relocate End    
[2026-06-17T10:03:16.412+0800][4.505s][info][gc,heap     ] GC(127) Y:      Used:        0M (0%)            0M (0%)            0M (0%)            0M (0%)     
[2026-06-17T10:03:16.412+0800][4.505s][info][gc,heap     ] GC(127) Y:      Live:         -                 0M (0%)            0M (0%)            0M (0%)     
[2026-06-17T10:03:16.412+0800][4.505s][info][gc,heap     ] GC(127) Y:   Garbage:         -                 0M (0%)            0M (0%)            0M (0%)     
[2026-06-17T10:03:16.412+0800][4.505s][info][gc,heap     ] GC(127) Y: Allocated:         -                 0M (0%)            0M (0%)            0M (0%)     
[2026-06-17T10:03:16.412+0800][4.505s][info][gc,heap     ] GC(127) Y: Reclaimed:         -                  -                 0M (0%)            0M (0%)     
[2026-06-17T10:03:16.412+0800][4.506s][info][gc,heap     ] GC(127) Y:  Promoted:         -                  -                 0M (0%)            0M (0%)     
[2026-06-17T10:03:16.412+0800][4.506s][info][gc,heap     ] GC(127) Y: Compacted:         -                  -                  -                 0M (0%)     
[2026-06-17T10:03:16.412+0800][4.506s][info][gc,phases   ] GC(127) Y: Young Generation (Collect Roots) 64M(100%)->64M(100%) 0.002s
[2026-06-17T10:03:16.412+0800][4.506s][info][gc,phases   ] GC(127) O: Old Generation
[2026-06-17T10:03:16.414+0800][4.507s][info][gc,phases   ] GC(127) O: Concurrent Mark 1.102ms
[2026-06-17T10:03:16.414+0800][4.507s][info][gc,phases   ] GC(127) O: Pause Mark End 0.010ms
[2026-06-17T10:03:16.414+0800][4.507s][info][gc,phases   ] GC(127) O: Concurrent Mark Free 0.001ms
[2026-06-17T10:03:16.414+0800][4.507s][info][gc,ref      ] GC(127) O: Clearing All SoftReferences
[2026-06-17T10:03:16.414+0800][4.508s][info][gc,phases   ] GC(127) O: Concurrent Process Non-Strong 0.342ms
[2026-06-17T10:03:16.415+0800][4.508s][info][gc,phases   ] GC(127) O: Concurrent Reset Relocation Set 0.002ms
[2026-06-17T10:03:16.415+0800][4.509s][info][gc,phases   ] GC(127) O: Concurrent Select Relocation Set 0.558ms
[2026-06-17T10:03:16.415+0800][4.509s][info][gc,task     ] GC(127) O: Using 1 Workers for Old Generation
[2026-06-17T10:03:16.429+0800][4.522s][info][gc,task     ] GC(127) O: Using 1 Workers for Old Generation
[2026-06-17T10:03:16.429+0800][4.522s][info][gc,phases   ] GC(127) O: Concurrent Remap Roots 13.650ms
[2026-06-17T10:03:16.429+0800][4.523s][info][gc,phases   ] GC(127) O: Pause Relocate Start 0.011ms
[2026-06-17T10:03:16.430+0800][4.523s][info][gc,phases   ] GC(127) O: Concurrent Relocate 0.653ms
[2026-06-17T10:03:16.430+0800][4.524s][info][gc,alloc    ] GC(127) O:                         Mark Start        Mark End      Relocate Start    Relocate End   
[2026-06-17T10:03:16.430+0800][4.524s][info][gc,alloc    ] GC(127) O: Allocation Stalls:          1                1                1                0         
[2026-06-17T10:03:16.430+0800][4.523s][info][gc          ] Relocation Stall (main) 0.496ms
[2026-06-17T10:03:16.431+0800][4.524s][info][gc,load     ] GC(127) O: Load: 0.38 (2%) / 0.43 (2%) / 0.50 (2%)
[2026-06-17T10:03:16.431+0800][4.524s][info][gc,mmu      ] GC(127) O: MMU: 2ms/96.6%, 5ms/98.5%, 10ms/98.9%, 20ms/99.4%, 50ms/99.6%, 100ms/99.7%
[2026-06-17T10:03:16.431+0800][4.524s][info][gc,marking  ] GC(127) O: Mark: 1 stripe(s), 1 proactive flush(es), 1 terminate flush(es), 0 completion(s), 0 continuation(s) 
[2026-06-17T10:03:16.431+0800][4.524s][info][gc,marking  ] GC(127) O: Mark Stack Usage: 32M
[2026-06-17T10:03:16.431+0800][4.524s][info][gc,nmethod  ] GC(127) O: NMethods: 72 registered, 5 unregistered
[2026-06-17T10:03:16.431+0800][4.525s][info][gc,metaspace] GC(127) O: Metaspace: 0M used, 0M committed, 1088M reserved
[2026-06-17T10:03:16.431+0800][4.524s][info][gc          ] Allocation Stall (main) 41.327ms
[2026-06-17T10:03:16.431+0800][4.525s][info][gc,ref      ] GC(127) O:                       Encountered   Discovered     Enqueued 
[2026-06-17T10:03:16.432+0800][4.525s][info][gc,ref      ] GC(127) O: Soft References:                0            0            0 
[2026-06-17T10:03:16.432+0800][4.525s][info][gc,ref      ] GC(127) O: Weak References:                6            0            0 
[2026-06-17T10:03:16.432+0800][4.525s][info][gc,ref      ] GC(127) O: Final References:               0            0            0 
[2026-06-17T10:03:16.432+0800][4.525s][info][gc,ref      ] GC(127) O: Phantom References:             1            1            0 
[2026-06-17T10:03:16.432+0800][4.525s][info][gc,reloc    ] GC(127) O:                        Candidates     Selected     In-Place         Size        Empty    Relocated 
[2026-06-17T10:03:16.432+0800][4.525s][info][gc,reloc    ] GC(127) O: Small Pages:                    5            3            1          10M           0M           1M 
[2026-06-17T10:03:16.432+0800][4.526s][info][gc,reloc    ] GC(127) O: Large Pages:                   27            0            0          54M           0M           0M 
[2026-06-17T10:03:16.432+0800][4.526s][info][gc,reloc    ] GC(127) O: Forwarding Usage: 0M
[2026-06-17T10:03:16.432+0800][4.526s][info][gc,heap     ] GC(127) O: Min Capacity: 64M(100%)
[2026-06-17T10:03:16.433+0800][4.526s][info][gc,heap     ] GC(127) O: Max Capacity: 64M(100%)
[2026-06-17T10:03:16.433+0800][4.526s][info][gc,heap     ] GC(127) O: Soft Max Capacity: 64M(100%)
[2026-06-17T10:03:16.433+0800][4.526s][info][gc,heap     ] GC(127) O: Heap Statistics:
[2026-06-17T10:03:16.433+0800][4.526s][info][gc,heap     ] GC(127) O:                Mark Start          Mark End        Relocate Start      Relocate End           High               Low         
[2026-06-17T10:03:16.433+0800][4.526s][info][gc,heap     ] GC(127) O:  Capacity:       64M (100%)         64M (100%)         64M (100%)         64M (100%)         64M (100%)         64M (100%)   
[2026-06-17T10:03:16.433+0800][4.526s][info][gc,heap     ] GC(127) O:      Free:        0M (0%)            0M (0%)            0M (0%)            4M (6%)            4M (6%)            0M (0%)     
[2026-06-17T10:03:16.433+0800][4.526s][info][gc,heap     ] GC(127) O:      Used:       64M (100%)         64M (100%)         64M (100%)         60M (94%)          64M (100%)         60M (94%)    
[2026-06-17T10:03:16.433+0800][4.527s][info][gc,heap     ] GC(127) O: Old Generation Statistics:
[2026-06-17T10:03:16.434+0800][4.527s][info][gc,heap     ] GC(127) O:                Mark Start          Mark End        Relocate Start      Relocate End    
[2026-06-17T10:03:16.434+0800][4.527s][info][gc,heap     ] GC(127) O:      Used:       64M (100%)         64M (100%)         64M (100%)         58M (91%)    
[2026-06-17T10:03:16.434+0800][4.527s][info][gc,heap     ] GC(127) O:      Live:         -                57M (90%)          57M (90%)          57M (90%)    
[2026-06-17T10:03:16.434+0800][4.527s][info][gc,heap     ] GC(127) O:   Garbage:         -                 6M (10%)           6M (10%)           0M (0%)     
[2026-06-17T10:03:16.434+0800][4.528s][info][gc,heap     ] GC(127) O: Allocated:         -                 0M (0%)            0M (0%)            0M (1%)     
[2026-06-17T10:03:16.434+0800][4.528s][info][gc,heap     ] GC(127) O: Reclaimed:         -                  -                 0M (0%)            6M (10%)    
[2026-06-17T10:03:16.435+0800][4.528s][info][gc,heap     ] GC(127) O: Compacted:         -                  -                  -                 1M (2%)     
[2026-06-17T10:03:16.435+0800][4.528s][info][gc,phases   ] GC(127) O: Old Generation 64M(100%)->60M(94%) 0.018s
[2026-06-17T10:03:16.435+0800][4.528s][info][gc          ] GC(127) Major Collection (Allocation Stall) 64M(100%)->64M(100%) 0.033s
[2026-06-17T10:03:16.435+0800][4.528s][info][gc          ] GC(128) Minor Collection (Allocation Stall)
[2026-06-17T10:03:16.435+0800][4.528s][info][gc,task     ] GC(128) Using 1 Workers for Young Generation
[2026-06-17T10:03:16.435+0800][4.529s][info][gc,phases   ] GC(128) y: Young Generation
[2026-06-17T10:03:16.435+0800][4.529s][info][gc,phases   ] GC(128) y: Pause Mark Start 0.011ms
[2026-06-17T10:03:16.436+0800][4.529s][info][gc,phases   ] GC(128) y: Concurrent Mark 0.551ms
[2026-06-17T10:03:16.436+0800][4.530s][info][gc,phases   ] GC(128) y: Pause Mark End 0.008ms
[2026-06-17T10:03:16.436+0800][4.530s][info][gc,phases   ] GC(128) y: Concurrent Mark Free 0.001ms
[2026-06-17T10:03:16.437+0800][4.530s][info][gc,phases   ] GC(128) y: Concurrent Reset Relocation Set 0.000ms
[2026-06-17T10:03:16.437+0800][4.530s][info][gc,reloc    ] GC(128) y: Using tenuring threshold: 1 (Computed)
[2026-06-17T10:03:16.437+0800][4.531s][info][gc,phases   ] GC(128) y: Concurrent Select Relocation Set 0.762ms
[2026-06-17T10:03:16.438+0800][4.531s][info][gc,phases   ] GC(128) y: Pause Relocate Start 0.007ms
[2026-06-17T10:03:16.438+0800][4.531s][info][gc,phases   ] GC(128) y: Concurrent Relocate 0.121ms
[2026-06-17T10:03:16.438+0800][4.531s][info][gc,alloc    ] GC(128) y:                         Mark Start        Mark End      Relocate Start    Relocate End   
[2026-06-17T10:03:16.438+0800][4.531s][info][gc,alloc    ] GC(128) y: Allocation Stalls:          1                1                1                1         
[2026-06-17T10:03:16.438+0800][4.531s][info][gc,load     ] GC(128) y: Load: 0.38 (2%) / 0.43 (2%) / 0.50 (2%)
[2026-06-17T10:03:16.438+0800][4.532s][info][gc,mmu      ] GC(128) y: MMU: 2ms/96.6%, 5ms/98.5%, 10ms/98.9%, 20ms/99.4%, 50ms/99.6%, 100ms/99.7%
[2026-06-17T10:03:16.438+0800][4.532s][info][gc,marking  ] GC(128) y: Mark: 1 stripe(s), 1 proactive flush(es), 1 terminate flush(es), 0 completion(s), 0 continuation(s) 
[2026-06-17T10:03:16.438+0800][4.532s][info][gc,marking  ] GC(128) y: Mark Stack Usage: 32M
[2026-06-17T10:03:16.439+0800][4.532s][info][gc,nmethod  ] GC(128) y: NMethods: 72 registered, 5 unregistered
[2026-06-17T10:03:16.439+0800][4.532s][info][gc,metaspace] GC(128) y: Metaspace: 0M used, 0M committed, 1088M reserved
[2026-06-17T10:03:16.439+0800][4.532s][info][gc,reloc    ] GC(128) y:                        Candidates     Selected     In-Place         Size        Empty    Relocated 
[2026-06-17T10:03:16.439+0800][4.532s][info][gc,reloc    ] GC(128) y: Small Pages:                    1            0            0           2M           0M           0M 
[2026-06-17T10:03:16.439+0800][4.532s][info][gc,reloc    ] GC(128) y: Large Pages:                    2            0            0           4M           0M           0M 
[2026-06-17T10:03:16.439+0800][4.532s][info][gc,reloc    ] GC(128) y: Forwarding Usage: 0M
[2026-06-17T10:03:16.439+0800][4.532s][info][gc,reloc    ] GC(128) y: Age Table:
[2026-06-17T10:03:16.439+0800][4.533s][info][gc,reloc    ] GC(128) y:                    Live             Garbage             Small              Medium             Large        
[2026-06-17T10:03:16.439+0800][4.533s][info][gc,reloc    ] GC(128) y: Eden               4M (8%)            1M (2%)           1 / 0              0 / 0              2 / 0        
[2026-06-17T10:03:16.439+0800][4.533s][info][gc,heap     ] GC(128) y: Min Capacity: 64M(100%)
[2026-06-17T10:03:16.440+0800][4.533s][info][gc,heap     ] GC(128) y: Max Capacity: 64M(100%)
[2026-06-17T10:03:16.440+0800][4.533s][info][gc,heap     ] GC(128) y: Soft Max Capacity: 64M(100%)
[2026-06-17T10:03:16.440+0800][4.534s][info][gc,heap     ] GC(128) y: Heap Statistics:
[2026-06-17T10:03:16.440+0800][4.534s][info][gc,heap     ] GC(128) y:                Mark Start          Mark End        Relocate Start      Relocate End           High               Low         
[2026-06-17T10:03:16.441+0800][4.534s][info][gc,heap     ] GC(128) y:  Capacity:       64M (100%)         64M (100%)         64M (100%)         64M (100%)         64M (100%)         64M (100%)   
[2026-06-17T10:03:16.441+0800][4.534s][info][gc,heap     ] GC(128) y:      Free:        0M (0%)            0M (0%)            0M (0%)            0M (0%)            0M (0%)            0M (0%)     
[2026-06-17T10:03:16.441+0800][4.534s][info][gc,heap     ] GC(128) y:      Used:       64M (100%)         64M (100%)         64M (100%)         64M (100%)         64M (100%)         64M (100%)   
[2026-06-17T10:03:16.441+0800][4.534s][info][gc,heap     ] GC(128) y: Young Generation Statistics:
[2026-06-17T10:03:16.441+0800][4.534s][info][gc,heap     ] GC(128) y:                Mark Start          Mark End        Relocate Start      Relocate End    
[2026-06-17T10:03:16.441+0800][4.534s][info][gc,heap     ] GC(128) y:      Used:        6M (9%)            6M (9%)            6M (9%)            6M (9%)     
[2026-06-17T10:03:16.441+0800][4.534s][info][gc,heap     ] GC(128) y:      Live:         -                 4M (8%)            4M (8%)            4M (8%)     
[2026-06-17T10:03:16.441+0800][4.534s][info][gc,heap     ] GC(128) y:   Garbage:         -                 1M (2%)            1M (2%)            1M (2%)     
[2026-06-17T10:03:16.441+0800][4.535s][info][gc,heap     ] GC(128) y: Allocated:         -                 0M (0%)            0M (0%)            0M (0%)     
[2026-06-17T10:03:16.441+0800][4.535s][info][gc,heap     ] GC(128) y: Reclaimed:         -                  -                 0M (0%)            0M (0%)     
[2026-06-17T10:03:16.441+0800][4.535s][info][gc,heap     ] GC(128) y:  Promoted:         -                  -                 0M (0%)            0M (0%)     
[2026-06-17T10:03:16.441+0800][4.535s][info][gc,heap     ] GC(128) y: Compacted:         -                  -                  -                 0M (0%)     
[2026-06-17T10:03:16.442+0800][4.535s][info][gc,phases   ] GC(128) y: Young Generation 64M(100%)->64M(100%) 0.003s
[2026-06-17T10:03:16.442+0800][4.535s][info][gc          ] GC(128) Minor Collection (Allocation Stall) 64M(100%)->64M(100%) 0.007s
[2026-06-17T10:03:16.442+0800][4.535s][info][gc          ] GC(129) Major Collection (Allocation Stall)
[2026-06-17T10:03:16.442+0800][4.535s][info][gc,task     ] GC(129) Using 1 Workers for Young Generation
[2026-06-17T10:03:16.442+0800][4.535s][info][gc,task     ] GC(129) Using 1 Workers for Old Generation
[2026-06-17T10:03:16.442+0800][4.535s][info][gc,phases   ] GC(129) Y: Young Generation (Promote All)
[2026-06-17T10:03:16.442+0800][4.535s][info][gc,phases   ] GC(129) Y: Pause Mark Start 0.011ms
[2026-06-17T10:03:16.443+0800][4.536s][info][gc,phases   ] GC(129) Y: Concurrent Mark 0.479ms
[2026-06-17T10:03:16.443+0800][4.536s][info][gc,phases   ] GC(129) Y: Pause Mark End 0.005ms
[2026-06-17T10:03:16.443+0800][4.536s][info][gc,phases   ] GC(129) Y: Concurrent Mark Free 0.001ms
[2026-06-17T10:03:16.443+0800][4.536s][info][gc,phases   ] GC(129) Y: Concurrent Reset Relocation Set 0.000ms
[2026-06-17T10:03:16.444+0800][4.537s][info][gc,reloc    ] GC(129) Y: Using tenuring threshold: 0 (Promote All)
[2026-06-17T10:03:16.444+0800][4.537s][info][gc,phases   ] GC(129) Y: Concurrent Select Relocation Set 0.820ms
[2026-06-17T10:03:16.444+0800][4.537s][info][gc,phases   ] GC(129) Y: Pause Relocate Start 0.003ms
[2026-06-17T10:03:16.444+0800][4.538s][info][gc,phases   ] GC(129) Y: Concurrent Relocate 0.096ms
[2026-06-17T10:03:16.444+0800][4.538s][info][gc,alloc    ] GC(129) Y:                         Mark Start        Mark End      Relocate Start    Relocate End   
[2026-06-17T10:03:16.445+0800][4.538s][info][gc,alloc    ] GC(129) Y: Allocation Stalls:          1                1                1                1         
[2026-06-17T10:03:16.445+0800][4.538s][info][gc,load     ] GC(129) Y: Load: 0.38 (2%) / 0.43 (2%) / 0.50 (2%)
[2026-06-17T10:03:16.445+0800][4.538s][info][gc,mmu      ] GC(129) Y: MMU: 2ms/96.6%, 5ms/98.5%, 10ms/98.9%, 20ms/99.4%, 50ms/99.6%, 100ms/99.7%
[2026-06-17T10:03:16.445+0800][4.538s][info][gc,marking  ] GC(129) Y: Mark: 1 stripe(s), 1 proactive flush(es), 1 terminate flush(es), 0 completion(s), 0 continuation(s) 
[2026-06-17T10:03:16.445+0800][4.538s][info][gc,marking  ] GC(129) Y: Mark Stack Usage: 32M
[2026-06-17T10:03:16.445+0800][4.538s][info][gc,nmethod  ] GC(129) Y: NMethods: 72 registered, 5 unregistered
[2026-06-17T10:03:16.445+0800][4.538s][info][gc,metaspace] GC(129) Y: Metaspace: 0M used, 0M committed, 1088M reserved
[2026-06-17T10:03:16.445+0800][4.538s][info][gc,reloc    ] GC(129) Y:                        Candidates     Selected     In-Place         Size        Empty    Relocated 
[2026-06-17T10:03:16.445+0800][4.538s][info][gc,reloc    ] GC(129) Y: Small Pages:                    1            0            0           2M           0M           0M 
[2026-06-17T10:03:16.445+0800][4.538s][info][gc,reloc    ] GC(129) Y: Large Pages:                    2            0            0           4M           0M           0M 
[2026-06-17T10:03:16.445+0800][4.538s][info][gc,reloc    ] GC(129) Y: Forwarding Usage: 0M
[2026-06-17T10:03:16.445+0800][4.539s][info][gc,reloc    ] GC(129) Y: Age Table:
[2026-06-17T10:03:16.445+0800][4.539s][info][gc,reloc    ] GC(129) Y:                    Live             Garbage             Small              Medium             Large        
[2026-06-17T10:03:16.445+0800][4.539s][info][gc,reloc    ] GC(129) Y: Eden                -                 0M (0%)           0 / 0              0 / 0              0 / 0        
[2026-06-17T10:03:16.445+0800][4.539s][info][gc,reloc    ] GC(129) Y: Survivor 1         4M (8%)            1M (2%)           1 / 0              0 / 0              2 / 0        
[2026-06-17T10:03:16.446+0800][4.539s][info][gc,heap     ] GC(129) Y: Min Capacity: 64M(100%)
[2026-06-17T10:03:16.446+0800][4.539s][info][gc,heap     ] GC(129) Y: Max Capacity: 64M(100%)
[2026-06-17T10:03:16.446+0800][4.539s][info][gc,heap     ] GC(129) Y: Soft Max Capacity: 64M(100%)
[2026-06-17T10:03:16.446+0800][4.539s][info][gc,heap     ] GC(129) Y: Heap Statistics:
[2026-06-17T10:03:16.446+0800][4.539s][info][gc,heap     ] GC(129) Y:                Mark Start          Mark End        Relocate Start      Relocate End           High               Low         
[2026-06-17T10:03:16.446+0800][4.540s][info][gc,heap     ] GC(129) Y:  Capacity:       64M (100%)         64M (100%)         64M (100%)         64M (100%)         64M (100%)         64M (100%)   
[2026-06-17T10:03:16.446+0800][4.540s][info][gc,heap     ] GC(129) Y:      Free:        0M (0%)            0M (0%)            0M (0%)            0M (0%)            0M (0%)            0M (0%)     
[2026-06-17T10:03:16.447+0800][4.540s][info][gc,heap     ] GC(129) Y:      Used:       64M (100%)         64M (100%)         64M (100%)         64M (100%)         64M (100%)         64M (100%)   
[2026-06-17T10:03:16.447+0800][4.540s][info][gc,heap     ] GC(129) Y: Young Generation Statistics:
[2026-06-17T10:03:16.447+0800][4.540s][info][gc,heap     ] GC(129) Y:                Mark Start          Mark End        Relocate Start      Relocate End    
[2026-06-17T10:03:16.447+0800][4.540s][info][gc,heap     ] GC(129) Y:      Used:        6M (9%)            6M (9%)            0M (0%)            0M (0%)     
[2026-06-17T10:03:16.447+0800][4.540s][info][gc,heap     ] GC(129) Y:      Live:         -                 4M (8%)            0M (0%)            0M (0%)     
[2026-06-17T10:03:16.447+0800][4.540s][info][gc,heap     ] GC(129) Y:   Garbage:         -                 1M (2%)            0M (0%)            0M (0%)     
[2026-06-17T10:03:16.447+0800][4.540s][info][gc,heap     ] GC(129) Y: Allocated:         -                 0M (0%)            0M (0%)            0M (0%)     
[2026-06-17T10:03:16.447+0800][4.540s][info][gc,heap     ] GC(129) Y: Reclaimed:         -                  -                 1M (2%)            1M (2%)     
[2026-06-17T10:03:16.447+0800][4.540s][info][gc,heap     ] GC(129) Y:  Promoted:         -                  -                 4M (8%)            4M (8%)     
[2026-06-17T10:03:16.447+0800][4.541s][info][gc,heap     ] GC(129) Y: Compacted:         -                  -                  -                 0M (0%)     
[2026-06-17T10:03:16.447+0800][4.541s][info][gc,phases   ] GC(129) Y: Young Generation (Promote All) 64M(100%)->64M(100%) 0.002s
[2026-06-17T10:03:16.447+0800][4.541s][info][gc,phases   ] GC(129) Y: Young Generation (Collect Roots)
[2026-06-17T10:03:16.447+0800][4.541s][info][gc,phases   ] GC(129) Y: Pause Mark Start (Major) 0.009ms
[2026-06-17T10:03:16.448+0800][4.541s][info][gc,phases   ] GC(129) Y: Concurrent Mark 0.396ms
[2026-06-17T10:03:16.448+0800][4.541s][info][gc,phases   ] GC(129) Y: Pause Mark End 0.005ms
[2026-06-17T10:03:16.448+0800][4.541s][info][gc,phases   ] GC(129) Y: Concurrent Mark Free 0.027ms
[2026-06-17T10:03:16.448+0800][4.542s][info][gc,phases   ] GC(129) Y: Concurrent Reset Relocation Set 0.003ms
[2026-06-17T10:03:16.449+0800][4.542s][info][gc,reloc    ] GC(129) Y: Using tenuring threshold: 0 (Computed)
[2026-06-17T10:03:16.449+0800][4.542s][info][gc,phases   ] GC(129) Y: Concurrent Select Relocation Set 0.681ms
[2026-06-17T10:03:16.449+0800][4.542s][info][gc,phases   ] GC(129) Y: Pause Relocate Start 0.004ms
[2026-06-17T10:03:16.449+0800][4.543s][info][gc,phases   ] GC(129) Y: Concurrent Relocate 0.081ms
[2026-06-17T10:03:16.449+0800][4.543s][info][gc,alloc    ] GC(129) Y:                         Mark Start        Mark End      Relocate Start    Relocate End   
[2026-06-17T10:03:16.449+0800][4.543s][info][gc,alloc    ] GC(129) Y: Allocation Stalls:          1                1                1                1         
[2026-06-17T10:03:16.449+0800][4.543s][info][gc,load     ] GC(129) Y: Load: 0.38 (2%) / 0.43 (2%) / 0.50 (2%)
[2026-06-17T10:03:16.450+0800][4.543s][info][gc,mmu      ] GC(129) Y: MMU: 2ms/96.6%, 5ms/98.5%, 10ms/98.9%, 20ms/99.4%, 50ms/99.6%, 100ms/99.7%
[2026-06-17T10:03:16.450+0800][4.543s][info][gc,marking  ] GC(129) Y: Mark: 1 stripe(s), 1 proactive flush(es), 1 terminate flush(es), 0 completion(s), 0 continuation(s) 
[2026-06-17T10:03:16.450+0800][4.543s][info][gc,marking  ] GC(129) Y: Mark Stack Usage: 0M
[2026-06-17T10:03:16.450+0800][4.543s][info][gc,nmethod  ] GC(129) Y: NMethods: 72 registered, 5 unregistered
[2026-06-17T10:03:16.450+0800][4.543s][info][gc,metaspace] GC(129) Y: Metaspace: 0M used, 0M committed, 1088M reserved
[2026-06-17T10:03:16.450+0800][4.543s][info][gc,heap     ] GC(129) Y: Min Capacity: 64M(100%)
[2026-06-17T10:03:16.450+0800][4.543s][info][gc,heap     ] GC(129) Y: Max Capacity: 64M(100%)
[2026-06-17T10:03:16.450+0800][4.543s][info][gc,heap     ] GC(129) Y: Soft Max Capacity: 64M(100%)
[2026-06-17T10:03:16.450+0800][4.543s][info][gc,heap     ] GC(129) Y: Heap Statistics:
[2026-06-17T10:03:16.450+0800][4.543s][info][gc,heap     ] GC(129) Y:                Mark Start          Mark End        Relocate Start      Relocate End           High               Low         
[2026-06-17T10:03:16.450+0800][4.544s][info][gc,heap     ] GC(129) Y:  Capacity:       64M (100%)         64M (100%)         64M (100%)         64M (100%)         64M (100%)         64M (100%)   
[2026-06-17T10:03:16.450+0800][4.544s][info][gc,heap     ] GC(129) Y:      Free:        0M (0%)            0M (0%)            0M (0%)            0M (0%)            0M (0%)            0M (0%)     
[2026-06-17T10:03:16.450+0800][4.544s][info][gc,heap     ] GC(129) Y:      Used:       64M (100%)         64M (100%)         64M (100%)         64M (100%)         64M (100%)         64M (100%)   
[2026-06-17T10:03:16.450+0800][4.544s][info][gc,heap     ] GC(129) Y: Young Generation Statistics:
[2026-06-17T10:03:16.450+0800][4.544s][info][gc,heap     ] GC(129) Y:                Mark Start          Mark End        Relocate Start      Relocate End    
[2026-06-17T10:03:16.451+0800][4.544s][info][gc,heap     ] GC(129) Y:      Used:        0M (0%)            0M (0%)            0M (0%)            0M (0%)     
[2026-06-17T10:03:16.451+0800][4.544s][info][gc,heap     ] GC(129) Y:      Live:         -                 0M (0%)            0M (0%)            0M (0%)     
[2026-06-17T10:03:16.451+0800][4.544s][info][gc,heap     ] GC(129) Y:   Garbage:         -                 0M (0%)            0M (0%)            0M (0%)     
[2026-06-17T10:03:16.451+0800][4.544s][info][gc,heap     ] GC(129) Y: Allocated:         -                 0M (0%)            0M (0%)            0M (0%)     
[2026-06-17T10:03:16.451+0800][4.544s][info][gc,heap     ] GC(129) Y: Reclaimed:         -                  -                 0M (0%)            0M (0%)     
[2026-06-17T10:03:16.451+0800][4.544s][info][gc,heap     ] GC(129) Y:  Promoted:         -                  -                 0M (0%)            0M (0%)     
[2026-06-17T10:03:16.451+0800][4.544s][info][gc,heap     ] GC(129) Y: Compacted:         -                  -                  -                 0M (0%)     
[2026-06-17T10:03:16.451+0800][4.544s][info][gc,phases   ] GC(129) Y: Young Generation (Collect Roots) 64M(100%)->64M(100%) 0.002s
[2026-06-17T10:03:16.451+0800][4.544s][info][gc,phases   ] GC(129) O: Old Generation
[2026-06-17T10:03:16.452+0800][4.546s][info][gc,phases   ] GC(129) O: Concurrent Mark 1.128ms
[2026-06-17T10:03:16.453+0800][4.546s][info][gc,phases   ] GC(129) O: Pause Mark End 0.007ms
[2026-06-17T10:03:16.453+0800][4.546s][info][gc,phases   ] GC(129) O: Concurrent Mark Free 0.001ms
[2026-06-17T10:03:16.453+0800][4.546s][info][gc,ref      ] GC(129) O: Clearing All SoftReferences
[2026-06-17T10:03:16.453+0800][4.547s][info][gc,phases   ] GC(129) O: Concurrent Process Non-Strong 0.383ms
[2026-06-17T10:03:16.453+0800][4.547s][info][gc,phases   ] GC(129) O: Concurrent Reset Relocation Set 0.001ms
[2026-06-17T10:03:16.454+0800][4.547s][info][gc,phases   ] GC(129) O: Concurrent Select Relocation Set 0.572ms
[2026-06-17T10:03:16.454+0800][4.547s][info][gc,task     ] GC(129) O: Using 1 Workers for Old Generation
[2026-06-17T10:03:16.467+0800][4.561s][info][gc,task     ] GC(129) O: Using 1 Workers for Old Generation
[2026-06-17T10:03:16.468+0800][4.561s][info][gc,phases   ] GC(129) O: Concurrent Remap Roots 13.380ms
[2026-06-17T10:03:16.468+0800][4.561s][info][gc,phases   ] GC(129) O: Pause Relocate Start 0.009ms
[2026-06-17T10:03:16.468+0800][4.561s][info][gc,phases   ] GC(129) O: Concurrent Relocate 0.063ms
[2026-06-17T10:03:16.468+0800][4.561s][info][gc,alloc    ] GC(129) O:                         Mark Start        Mark End      Relocate Start    Relocate End   
[2026-06-17T10:03:16.468+0800][4.561s][info][gc,alloc    ] GC(129) O: Allocation Stalls:          1                1                1                1         
[2026-06-17T10:03:16.468+0800][4.561s][info][gc,load     ] GC(129) O: Load: 0.38 (2%) / 0.43 (2%) / 0.50 (2%)
[2026-06-17T10:03:16.468+0800][4.562s][info][gc,mmu      ] GC(129) O: MMU: 2ms/96.6%, 5ms/98.5%, 10ms/98.9%, 20ms/99.4%, 50ms/99.6%, 100ms/99.7%
[2026-06-17T10:03:16.468+0800][4.562s][info][gc,marking  ] GC(129) O: Mark: 1 stripe(s), 1 proactive flush(es), 1 terminate flush(es), 0 completion(s), 0 continuation(s) 
[2026-06-17T10:03:16.468+0800][4.562s][info][gc,marking  ] GC(129) O: Mark Stack Usage: 32M
[2026-06-17T10:03:16.468+0800][4.562s][info][gc,nmethod  ] GC(129) O: NMethods: 72 registered, 5 unregistered
[2026-06-17T10:03:16.469+0800][4.562s][info][gc,metaspace] GC(129) O: Metaspace: 0M used, 0M committed, 1088M reserved
[2026-06-17T10:03:16.469+0800][4.562s][info][gc,ref      ] GC(129) O:                       Encountered   Discovered     Enqueued 
[2026-06-17T10:03:16.469+0800][4.562s][info][gc,ref      ] GC(129) O: Soft References:                0            0            0 
[2026-06-17T10:03:16.469+0800][4.562s][info][gc,ref      ] GC(129) O: Weak References:                6            0            0 
[2026-06-17T10:03:16.469+0800][4.562s][info][gc,ref      ] GC(129) O: Final References:               0            0            0 
[2026-06-17T10:03:16.469+0800][4.562s][info][gc,ref      ] GC(129) O: Phantom References:             1            1            0 
[2026-06-17T10:03:16.469+0800][4.562s][info][gc,reloc    ] GC(129) O:                        Candidates     Selected     In-Place         Size        Empty    Relocated 
[2026-06-17T10:03:16.469+0800][4.562s][info][gc,reloc    ] GC(129) O: Small Pages:                    3            0            0           6M           0M           0M 
[2026-06-17T10:03:16.469+0800][4.562s][info][gc,reloc    ] GC(129) O: Large Pages:                   29            0            0          58M           0M           0M 
[2026-06-17T10:03:16.469+0800][4.563s][info][gc,reloc    ] GC(129) O: Forwarding Usage: 0M
[2026-06-17T10:03:16.469+0800][4.563s][info][gc,heap     ] GC(129) O: Min Capacity: 64M(100%)
[2026-06-17T10:03:16.469+0800][4.563s][info][gc,heap     ] GC(129) O: Max Capacity: 64M(100%)
[2026-06-17T10:03:16.469+0800][4.563s][info][gc,heap     ] GC(129) O: Soft Max Capacity: 64M(100%)
[2026-06-17T10:03:16.470+0800][4.563s][info][gc,heap     ] GC(129) O: Heap Statistics:
[2026-06-17T10:03:16.470+0800][4.563s][info][gc,heap     ] GC(129) O:                Mark Start          Mark End        Relocate Start      Relocate End           High               Low         
[2026-06-17T10:03:16.470+0800][4.563s][info][gc,heap     ] GC(129) O:  Capacity:       64M (100%)         64M (100%)         64M (100%)         64M (100%)         64M (100%)         64M (100%)   
[2026-06-17T10:03:16.470+0800][4.563s][info][gc,heap     ] GC(129) O:      Free:        0M (0%)            0M (0%)            0M (0%)            0M (0%)            0M (0%)            0M (0%)     
[2026-06-17T10:03:16.470+0800][4.563s][info][gc,heap     ] GC(129) O:      Used:       64M (100%)         64M (100%)         64M (100%)         64M (100%)         64M (100%)         64M (100%)   
[2026-06-17T10:03:16.470+0800][4.563s][info][gc,heap     ] GC(129) O: Old Generation Statistics:
[2026-06-17T10:03:16.470+0800][4.563s][info][gc,heap     ] GC(129) O:                Mark Start          Mark End        Relocate Start      Relocate End    
[2026-06-17T10:03:16.470+0800][4.563s][info][gc,heap     ] GC(129) O:      Used:       64M (100%)         64M (100%)         64M (100%)         64M (100%)   
[2026-06-17T10:03:16.470+0800][4.563s][info][gc,heap     ] GC(129) O:      Live:         -                62M (97%)          62M (97%)          62M (97%)    
[2026-06-17T10:03:16.470+0800][4.564s][info][gc,heap     ] GC(129) O:   Garbage:         -                 1M (3%)            1M (3%)            1M (3%)     
[2026-06-17T10:03:16.471+0800][4.564s][info][gc,heap     ] GC(129) O: Allocated:         -                 0M (0%)            0M (0%)            0M (0%)     
[2026-06-17T10:03:16.471+0800][4.564s][info][gc,heap     ] GC(129) O: Reclaimed:         -                  -                 0M (0%)            0M (0%)     
[2026-06-17T10:03:16.471+0800][4.564s][info][gc,heap     ] GC(129) O: Compacted:         -                  -                  -                 0M (0%)     
[2026-06-17T10:03:16.471+0800][4.564s][info][gc,phases   ] GC(129) O: Old Generation 64M(100%)->64M(100%) 0.017s
[2026-06-17T10:03:16.471+0800][4.564s][info][gc          ] GC(129) Major Collection (Allocation Stall) 64M(100%)->64M(100%) 0.029s
[2026-06-17T10:03:16.471+0800][4.564s][info][gc          ] Allocation Stall (main) 39.246ms
[2026-06-17T10:03:16.471+0800][4.565s][info][gc          ] Out Of Memory (main)
[2026-06-17T10:03:16.471+0800][4.565s][info][gc          ] GC(130) Minor Collection (Allocation Stall)
[2026-06-17T10:03:16.472+0800][4.565s][info][gc,task     ] GC(130) Using 1 Workers for Young Generation
[2026-06-17T10:03:16.472+0800][4.565s][info][gc,phases   ] GC(130) y: Young Generation
[2026-06-17T10:03:16.472+0800][4.565s][info][gc,phases   ] GC(130) y: Pause Mark Start 0.008ms
[2026-06-17T10:03:16.472+0800][4.566s][info][gc,phases   ] GC(130) y: Concurrent Mark 0.426ms
[2026-06-17T10:03:16.472+0800][4.566s][info][gc,phases   ] GC(130) y: Pause Mark End 0.005ms
[2026-06-17T10:03:16.473+0800][4.566s][info][gc,phases   ] GC(130) y: Concurrent Mark Free 0.000ms
[2026-06-17T10:03:16.473+0800][4.566s][info][gc,phases   ] GC(130) y: Concurrent Reset Relocation Set 0.001ms
[2026-06-17T10:03:16.473+0800][4.566s][info][gc,reloc    ] GC(130) y: Using tenuring threshold: 0 (Computed)
[2026-06-17T10:03:16.473+0800][4.567s][info][gc,phases   ] GC(130) y: Concurrent Select Relocation Set 0.736ms
[2026-06-17T10:03:16.474+0800][4.567s][info][gc,phases   ] GC(130) y: Pause Relocate Start 0.005ms
[2026-06-17T10:03:16.474+0800][4.567s][info][gc,phases   ] GC(130) y: Concurrent Relocate 0.087ms
[2026-06-17T10:03:16.474+0800][4.567s][info][gc,alloc    ] GC(130) y:                         Mark Start        Mark End      Relocate Start    Relocate End   
[2026-06-17T10:03:16.474+0800][4.567s][info][gc,alloc    ] GC(130) y: Allocation Stalls:          1                1                1                1         
[2026-06-17T10:03:16.474+0800][4.567s][info][gc,load     ] GC(130) y: Load: 0.38 (2%) / 0.43 (2%) / 0.50 (2%)
[2026-06-17T10:03:16.474+0800][4.567s][info][gc,mmu      ] GC(130) y: MMU: 2ms/96.6%, 5ms/98.5%, 10ms/98.9%, 20ms/99.4%, 50ms/99.6%, 100ms/99.7%
[2026-06-17T10:03:16.474+0800][4.568s][info][gc,marking  ] GC(130) y: Mark: 1 stripe(s), 1 proactive flush(es), 1 terminate flush(es), 0 completion(s), 0 continuation(s) 
[2026-06-17T10:03:16.474+0800][4.568s][info][gc,marking  ] GC(130) y: Mark Stack Usage: 0M
[2026-06-17T10:03:16.474+0800][4.568s][info][gc,nmethod  ] GC(130) y: NMethods: 72 registered, 5 unregistered
[2026-06-17T10:03:16.474+0800][4.568s][info][gc,metaspace] GC(130) y: Metaspace: 0M used, 0M committed, 1088M reserved
[2026-06-17T10:03:16.475+0800][4.568s][info][gc,heap     ] GC(130) y: Min Capacity: 64M(100%)
[2026-06-17T10:03:16.475+0800][4.568s][info][gc,heap     ] GC(130) y: Max Capacity: 64M(100%)
[2026-06-17T10:03:16.475+0800][4.568s][info][gc,heap     ] GC(130) y: Soft Max Capacity: 64M(100%)
[2026-06-17T10:03:16.475+0800][4.568s][info][gc,heap     ] GC(130) y: Heap Statistics:
[2026-06-17T10:03:16.475+0800][4.568s][info][gc,heap     ] GC(130) y:                Mark Start          Mark End        Relocate Start      Relocate End           High               Low         
[2026-06-17T10:03:16.475+0800][4.568s][info][gc,heap     ] GC(130) y:  Capacity:       64M (100%)         64M (100%)         64M (100%)         64M (100%)         64M (100%)         64M (100%)   
[2026-06-17T10:03:16.475+0800][4.568s][info][gc,heap     ] GC(130) y:      Free:        0M (0%)            0M (0%)            0M (0%)            0M (0%)            0M (0%)            0M (0%)     
[2026-06-17T10:03:16.475+0800][4.569s][info][gc,heap     ] GC(130) y:      Used:       64M (100%)         64M (100%)         64M (100%)         64M (100%)         64M (100%)         64M (100%)   
[2026-06-17T10:03:16.475+0800][4.569s][info][gc,heap     ] GC(130) y: Young Generation Statistics:
[2026-06-17T10:03:16.475+0800][4.569s][info][gc,heap     ] GC(130) y:                Mark Start          Mark End        Relocate Start      Relocate End    
[2026-06-17T10:03:16.475+0800][4.569s][info][gc,heap     ] GC(130) y:      Used:        0M (0%)            0M (0%)            0M (0%)            0M (0%)     
[2026-06-17T10:03:16.475+0800][4.569s][info][gc,heap     ] GC(130) y:      Live:         -                 0M (0%)            0M (0%)            0M (0%)     
[2026-06-17T10:03:16.476+0800][4.569s][info][gc,heap     ] GC(130) y:   Garbage:         -                 0M (0%)            0M (0%)            0M (0%)     
[2026-06-17T10:03:16.476+0800][4.569s][info][gc,heap     ] GC(130) y: Allocated:         -                 0M (0%)            0M (0%)            0M (0%)     
[2026-06-17T10:03:16.476+0800][4.569s][info][gc,heap     ] GC(130) y: Reclaimed:         -                  -                 0M (0%)            0M (0%)     
[2026-06-17T10:03:16.476+0800][4.569s][info][gc,heap     ] GC(130) y:  Promoted:         -                  -                 0M (0%)            0M (0%)     
[2026-06-17T10:03:16.476+0800][4.569s][info][gc,heap     ] GC(130) y: Compacted:         -                  -                  -                 0M (0%)     
[2026-06-17T10:03:16.476+0800][4.569s][info][gc,phases   ] GC(130) y: Young Generation 64M(100%)->64M(100%) 0.002s
[2026-06-17T10:03:16.476+0800][4.570s][info][gc          ] GC(130) Minor Collection (Allocation Stall) 64M(100%)->64M(100%) 0.005s
[2026-06-17T10:03:16.476+0800][4.570s][info][gc          ] GC(131) Major Collection (Allocation Stall)
[2026-06-17T10:03:16.477+0800][4.570s][info][gc,task     ] GC(131) Using 1 Workers for Young Generation
[2026-06-17T10:03:16.477+0800][4.570s][info][gc,task     ] GC(131) Using 1 Workers for Old Generation
[2026-06-17T10:03:16.477+0800][4.570s][info][gc,phases   ] GC(131) Y: Young Generation (Promote All)
[2026-06-17T10:03:16.477+0800][4.570s][info][gc,phases   ] GC(131) Y: Pause Mark Start 0.007ms
[2026-06-17T10:03:16.477+0800][4.571s][info][gc,phases   ] GC(131) Y: Concurrent Mark 0.383ms
[2026-06-17T10:03:16.477+0800][4.571s][info][gc,phases   ] GC(131) Y: Pause Mark End 0.004ms
[2026-06-17T10:03:16.478+0800][4.571s][info][gc,phases   ] GC(131) Y: Concurrent Mark Free 0.000ms
[2026-06-17T10:03:16.478+0800][4.571s][info][gc,phases   ] GC(131) Y: Concurrent Reset Relocation Set 0.000ms
[2026-06-17T10:03:16.478+0800][4.572s][info][gc,reloc    ] GC(131) Y: Using tenuring threshold: 0 (Promote All)
[2026-06-17T10:03:16.479+0800][4.572s][info][gc,phases   ] GC(131) Y: Concurrent Select Relocation Set 0.814ms
[2026-06-17T10:03:16.479+0800][4.572s][info][gc,phases   ] GC(131) Y: Pause Relocate Start 0.004ms
[2026-06-17T10:03:16.479+0800][4.572s][info][gc,phases   ] GC(131) Y: Concurrent Relocate 0.085ms
[2026-06-17T10:03:16.479+0800][4.572s][info][gc,alloc    ] GC(131) Y:                         Mark Start        Mark End      Relocate Start    Relocate End   
[2026-06-17T10:03:16.479+0800][4.572s][info][gc,alloc    ] GC(131) Y: Allocation Stalls:          1                1                1                1         
[2026-06-17T10:03:16.479+0800][4.573s][info][gc,load     ] GC(131) Y: Load: 0.38 (2%) / 0.43 (2%) / 0.50 (2%)
[2026-06-17T10:03:16.479+0800][4.573s][info][gc,mmu      ] GC(131) Y: MMU: 2ms/96.6%, 5ms/98.5%, 10ms/98.9%, 20ms/99.4%, 50ms/99.6%, 100ms/99.7%
[2026-06-17T10:03:16.479+0800][4.573s][info][gc,marking  ] GC(131) Y: Mark: 1 stripe(s), 1 proactive flush(es), 1 terminate flush(es), 0 completion(s), 0 continuation(s) 
[2026-06-17T10:03:16.479+0800][4.573s][info][gc,marking  ] GC(131) Y: Mark Stack Usage: 0M
[2026-06-17T10:03:16.480+0800][4.573s][info][gc,nmethod  ] GC(131) Y: NMethods: 72 registered, 5 unregistered
[2026-06-17T10:03:16.480+0800][4.573s][info][gc,metaspace] GC(131) Y: Metaspace: 0M used, 0M committed, 1088M reserved
[2026-06-17T10:03:16.480+0800][4.573s][info][gc,heap     ] GC(131) Y: Min Capacity: 64M(100%)
[2026-06-17T10:03:16.480+0800][4.574s][info][gc,heap     ] GC(131) Y: Max Capacity: 64M(100%)
[2026-06-17T10:03:16.481+0800][4.574s][info][gc,heap     ] GC(131) Y: Soft Max Capacity: 64M(100%)
[2026-06-17T10:03:16.481+0800][4.574s][info][gc,heap     ] GC(131) Y: Heap Statistics:
[2026-06-17T10:03:16.482+0800][4.575s][info][gc,heap     ] GC(131) Y:                Mark Start          Mark End        Relocate Start      Relocate End           High               Low         
[2026-06-17T10:03:16.482+0800][4.575s][info][gc,heap     ] GC(131) Y:  Capacity:       64M (100%)         64M (100%)         64M (100%)         64M (100%)         64M (100%)         64M (100%)   
[2026-06-17T10:03:16.482+0800][4.576s][info][gc,heap     ] GC(131) Y:      Free:        0M (0%)            0M (0%)            0M (0%)            0M (0%)            0M (0%)            0M (0%)     
[2026-06-17T10:03:16.482+0800][4.576s][info][gc,heap     ] GC(131) Y:      Used:       64M (100%)         64M (100%)         64M (100%)         64M (100%)         64M (100%)         64M (100%)   
[2026-06-17T10:03:16.483+0800][4.576s][info][gc,heap     ] GC(131) Y: Young Generation Statistics:
[2026-06-17T10:03:16.483+0800][4.576s][info][gc,heap     ] GC(131) Y:                Mark Start          Mark End        Relocate Start      Relocate End    
[2026-06-17T10:03:16.484+0800][4.577s][info][gc,heap     ] GC(131) Y:      Used:        0M (0%)            0M (0%)            0M (0%)            0M (0%)     
[2026-06-17T10:03:16.484+0800][4.577s][info][gc,heap     ] GC(131) Y:      Live:         -                 0M (0%)            0M (0%)            0M (0%)     
[2026-06-17T10:03:16.484+0800][4.577s][info][gc,heap     ] GC(131) Y:   Garbage:         -                 0M (0%)            0M (0%)            0M (0%)     
[2026-06-17T10:03:16.484+0800][4.578s][info][gc,heap     ] GC(131) Y: Allocated:         -                 0M (0%)            0M (0%)            0M (0%)     
[2026-06-17T10:03:16.485+0800][4.578s][info][gc,heap     ] GC(131) Y: Reclaimed:         -                  -                 0M (0%)            0M (0%)     
[2026-06-17T10:03:16.485+0800][4.579s][info][gc,heap     ] GC(131) Y:  Promoted:         -                  -                 0M (0%)            0M (0%)     
[2026-06-17T10:03:16.485+0800][4.579s][info][gc,heap     ] GC(131) Y: Compacted:         -                  -                  -                 0M (0%)     
[2026-06-17T10:03:16.486+0800][4.579s][info][gc,phases   ] GC(131) Y: Young Generation (Promote All) 64M(100%)->64M(100%) 0.002s
[2026-06-17T10:03:16.486+0800][4.579s][info][gc,phases   ] GC(131) Y: Young Generation (Collect Roots)
[2026-06-17T10:03:16.486+0800][4.580s][info][gc,phases   ] GC(131) Y: Pause Mark Start (Major) 0.019ms
[2026-06-17T10:03:16.487+0800][4.580s][info][gc,phases   ] GC(131) Y: Concurrent Mark 0.463ms
[2026-06-17T10:03:16.487+0800][4.581s][info][gc,phases   ] GC(131) Y: Pause Mark End 0.007ms
[2026-06-17T10:03:16.488+0800][4.581s][info][gc,phases   ] GC(131) Y: Concurrent Mark Free 0.000ms
[2026-06-17T10:03:16.488+0800][4.581s][info][gc,phases   ] GC(131) Y: Concurrent Reset Relocation Set 0.001ms
[2026-06-17T10:03:16.489+0800][4.582s][info][gc,reloc    ] GC(131) Y: Using tenuring threshold: 0 (Computed)
[2026-06-17T10:03:16.489+0800][4.582s][info][gc,phases   ] GC(131) Y: Concurrent Select Relocation Set 0.935ms
[2026-06-17T10:03:16.489+0800][4.583s][info][gc,phases   ] GC(131) Y: Pause Relocate Start 0.008ms
[2026-06-17T10:03:16.490+0800][4.583s][info][gc,phases   ] GC(131) Y: Concurrent Relocate 0.099ms
[2026-06-17T10:03:16.490+0800][4.583s][info][gc,alloc    ] GC(131) Y:                         Mark Start        Mark End      Relocate Start    Relocate End   
[2026-06-17T10:03:16.490+0800][4.583s][info][gc,alloc    ] GC(131) Y: Allocation Stalls:          1                1                1                1         
[2026-06-17T10:03:16.490+0800][4.584s][info][gc,load     ] GC(131) Y: Load: 0.38 (2%) / 0.43 (2%) / 0.50 (2%)
[2026-06-17T10:03:16.491+0800][4.584s][info][gc,mmu      ] GC(131) Y: MMU: 2ms/96.6%, 5ms/98.5%, 10ms/98.9%, 20ms/99.4%, 50ms/99.6%, 100ms/99.7%
[2026-06-17T10:03:16.491+0800][4.584s][info][gc,marking  ] GC(131) Y: Mark: 1 stripe(s), 1 proactive flush(es), 1 terminate flush(es), 0 completion(s), 0 continuation(s) 
[2026-06-17T10:03:16.491+0800][4.584s][info][gc,marking  ] GC(131) Y: Mark Stack Usage: 0M
[2026-06-17T10:03:16.491+0800][4.584s][info][gc,nmethod  ] GC(131) Y: NMethods: 72 registered, 5 unregistered
[2026-06-17T10:03:16.491+0800][4.585s][info][gc,metaspace] GC(131) Y: Metaspace: 0M used, 0M committed, 1088M reserved
[2026-06-17T10:03:16.491+0800][4.585s][info][gc,heap     ] GC(131) Y: Min Capacity: 64M(100%)
[2026-06-17T10:03:16.492+0800][4.585s][info][gc,heap     ] GC(131) Y: Max Capacity: 64M(100%)
[2026-06-17T10:03:16.492+0800][4.585s][info][gc,heap     ] GC(131) Y: Soft Max Capacity: 64M(100%)
[2026-06-17T10:03:16.492+0800][4.585s][info][gc,heap     ] GC(131) Y: Heap Statistics:
[2026-06-17T10:03:16.492+0800][4.585s][info][gc,heap     ] GC(131) Y:                Mark Start          Mark End        Relocate Start      Relocate End           High               Low         
[2026-06-17T10:03:16.492+0800][4.585s][info][gc,heap     ] GC(131) Y:  Capacity:       64M (100%)         64M (100%)         64M (100%)         64M (100%)         64M (100%)         64M (100%)   
[2026-06-17T10:03:16.492+0800][4.586s][info][gc,heap     ] GC(131) Y:      Free:        0M (0%)            0M (0%)            0M (0%)            0M (0%)            0M (0%)            0M (0%)     
[2026-06-17T10:03:16.493+0800][4.586s][info][gc,heap     ] GC(131) Y:      Used:       64M (100%)         64M (100%)         64M (100%)         64M (100%)         64M (100%)         64M (100%)   
[2026-06-17T10:03:16.493+0800][4.586s][info][gc,heap     ] GC(131) Y: Young Generation Statistics:
[2026-06-17T10:03:16.493+0800][4.586s][info][gc,heap     ] GC(131) Y:                Mark Start          Mark End        Relocate Start      Relocate End    
[2026-06-17T10:03:16.493+0800][4.586s][info][gc,heap     ] GC(131) Y:      Used:        0M (0%)            0M (0%)            0M (0%)            0M (0%)     
[2026-06-17T10:03:16.493+0800][4.587s][info][gc,heap     ] GC(131) Y:      Live:         -                 0M (0%)            0M (0%)            0M (0%)     
[2026-06-17T10:03:16.493+0800][4.587s][info][gc,heap     ] GC(131) Y:   Garbage:         -                 0M (0%)            0M (0%)            0M (0%)     
[2026-06-17T10:03:16.494+0800][4.587s][info][gc,heap     ] GC(131) Y: Allocated:         -                 0M (0%)            0M (0%)            0M (0%)     
[2026-06-17T10:03:16.494+0800][4.587s][info][gc,heap     ] GC(131) Y: Reclaimed:         -                  -                 0M (0%)            0M (0%)     
[2026-06-17T10:03:16.494+0800][4.587s][info][gc,heap     ] GC(131) Y:  Promoted:         -                  -                 0M (0%)            0M (0%)     
[2026-06-17T10:03:16.494+0800][4.588s][info][gc,heap     ] GC(131) Y: Compacted:         -                  -                  -                 0M (0%)     
[2026-06-17T10:03:16.494+0800][4.588s][info][gc,phases   ] GC(131) Y: Young Generation (Collect Roots) 64M(100%)->64M(100%) 0.004s
[2026-06-17T10:03:16.495+0800][4.588s][info][gc,phases   ] GC(131) O: Old Generation
[2026-06-17T10:03:16.496+0800][4.589s][info][gc,phases   ] GC(131) O: Concurrent Mark 0.987ms
[2026-06-17T10:03:16.496+0800][4.590s][info][gc,phases   ] GC(131) O: Pause Mark End 0.008ms
[2026-06-17T10:03:16.496+0800][4.590s][info][gc,phases   ] GC(131) O: Concurrent Mark Free 0.000ms
[2026-06-17T10:03:16.497+0800][4.590s][info][gc,ref      ] GC(131) O: Clearing All SoftReferences
[2026-06-17T10:03:16.497+0800][4.590s][info][gc,phases   ] GC(131) O: Concurrent Process Non-Strong 0.368ms
[2026-06-17T10:03:16.497+0800][4.590s][info][gc,phases   ] GC(131) O: Concurrent Reset Relocation Set 0.000ms
[2026-06-17T10:03:16.498+0800][4.591s][info][gc,phases   ] GC(131) O: Concurrent Select Relocation Set 0.558ms
[2026-06-17T10:03:16.498+0800][4.591s][info][gc,task     ] GC(131) O: Using 1 Workers for Old Generation
[2026-06-17T10:03:16.510+0800][4.604s][info][gc,task     ] GC(131) O: Using 1 Workers for Old Generation
[2026-06-17T10:03:16.511+0800][4.604s][info][gc,phases   ] GC(131) O: Concurrent Remap Roots 12.899ms
[2026-06-17T10:03:16.511+0800][4.605s][info][gc,phases   ] GC(131) O: Pause Relocate Start 0.011ms
[2026-06-17T10:03:16.512+0800][4.605s][info][gc,phases   ] GC(131) O: Concurrent Relocate 0.068ms
[2026-06-17T10:03:16.512+0800][4.606s][info][gc,alloc    ] GC(131) O:                         Mark Start        Mark End      Relocate Start    Relocate End   
[2026-06-17T10:03:16.513+0800][4.606s][info][gc,alloc    ] GC(131) O: Allocation Stalls:          1                1                1                1         
[2026-06-17T10:03:16.513+0800][4.606s][info][gc,load     ] GC(131) O: Load: 0.38 (2%) / 0.43 (2%) / 0.50 (2%)
[2026-06-17T10:03:16.513+0800][4.606s][info][gc,mmu      ] GC(131) O: MMU: 2ms/96.6%, 5ms/98.5%, 10ms/98.9%, 20ms/99.4%, 50ms/99.6%, 100ms/99.7%
[2026-06-17T10:03:16.513+0800][4.607s][info][gc,marking  ] GC(131) O: Mark: 1 stripe(s), 1 proactive flush(es), 1 terminate flush(es), 0 completion(s), 0 continuation(s) 
[2026-06-17T10:03:16.514+0800][4.607s][info][gc,marking  ] GC(131) O: Mark Stack Usage: 32M
[2026-06-17T10:03:16.514+0800][4.607s][info][gc,nmethod  ] GC(131) O: NMethods: 72 registered, 5 unregistered
[2026-06-17T10:03:16.514+0800][4.608s][info][gc,metaspace] GC(131) O: Metaspace: 0M used, 0M committed, 1088M reserved
[2026-06-17T10:03:16.515+0800][4.608s][info][gc,ref      ] GC(131) O:                       Encountered   Discovered     Enqueued 
[2026-06-17T10:03:16.515+0800][4.608s][info][gc,ref      ] GC(131) O: Soft References:                0            0            0 
[2026-06-17T10:03:16.515+0800][4.609s][info][gc,ref      ] GC(131) O: Weak References:                6            0            0 
[2026-06-17T10:03:16.515+0800][4.609s][info][gc,ref      ] GC(131) O: Final References:               0            0            0 
[2026-06-17T10:03:16.516+0800][4.609s][info][gc,ref      ] GC(131) O: Phantom References:             1            1            0 
[2026-06-17T10:03:16.516+0800][4.609s][info][gc,reloc    ] GC(131) O:                        Candidates     Selected     In-Place         Size        Empty    Relocated 
[2026-06-17T10:03:16.516+0800][4.610s][info][gc,reloc    ] GC(131) O: Small Pages:                    3            0            0           6M           0M           0M 
[2026-06-17T10:03:16.517+0800][4.610s][info][gc,reloc    ] GC(131) O: Large Pages:                   29            0            0          58M           0M           0M 
[2026-06-17T10:03:16.517+0800][4.610s][info][gc,reloc    ] GC(131) O: Forwarding Usage: 0M
[2026-06-17T10:03:16.517+0800][4.611s][info][gc,heap     ] GC(131) O: Min Capacity: 64M(100%)
[2026-06-17T10:03:16.518+0800][4.611s][info][gc,heap     ] GC(131) O: Max Capacity: 64M(100%)
[2026-06-17T10:03:16.518+0800][4.611s][info][gc,heap     ] GC(131) O: Soft Max Capacity: 64M(100%)
[2026-06-17T10:03:16.518+0800][4.611s][info][gc,heap     ] GC(131) O: Heap Statistics:
[2026-06-17T10:03:16.518+0800][4.611s][info][gc,heap     ] GC(131) O:                Mark Start          Mark End        Relocate Start      Relocate End           High               Low         
[2026-06-17T10:03:16.518+0800][4.612s][info][gc,heap     ] GC(131) O:  Capacity:       64M (100%)         64M (100%)         64M (100%)         64M (100%)         64M (100%)         64M (100%)   
[2026-06-17T10:03:16.519+0800][4.612s][info][gc,heap     ] GC(131) O:      Free:        0M (0%)            0M (0%)            0M (0%)            0M (0%)            0M (0%)            0M (0%)     
[2026-06-17T10:03:16.519+0800][4.612s][info][gc,heap     ] GC(131) O:      Used:       64M (100%)         64M (100%)         64M (100%)         64M (100%)         64M (100%)         64M (100%)   
[2026-06-17T10:03:16.519+0800][4.612s][info][gc,heap     ] GC(131) O: Old Generation Statistics:
[2026-06-17T10:03:16.519+0800][4.613s][info][gc,heap     ] GC(131) O:                Mark Start          Mark End        Relocate Start      Relocate End    
[2026-06-17T10:03:16.520+0800][4.613s][info][gc,heap     ] GC(131) O:      Used:       64M (100%)         64M (100%)         64M (100%)         64M (100%)   
[2026-06-17T10:03:16.520+0800][4.613s][info][gc,heap     ] GC(131) O:      Live:         -                62M (97%)          62M (97%)          62M (97%)    
[2026-06-17T10:03:16.520+0800][4.613s][info][gc,heap     ] GC(131) O:   Garbage:         -                 1M (3%)            1M (3%)            1M (3%)     
[2026-06-17T10:03:16.520+0800][4.613s][info][gc,heap     ] GC(131) O: Allocated:         -                 0M (0%)            0M (0%)            0M (0%)     
[2026-06-17T10:03:16.520+0800][4.614s][info][gc,heap     ] GC(131) O: Reclaimed:         -                  -                 0M (0%)            0M (0%)     
[2026-06-17T10:03:16.520+0800][4.614s][info][gc,heap     ] GC(131) O: Compacted:         -                  -                  -                 0M (0%)     
[2026-06-17T10:03:16.521+0800][4.614s][info][gc,phases   ] GC(131) O: Old Generation 64M(100%)->64M(100%) 0.018s
[2026-06-17T10:03:16.521+0800][4.614s][info][gc          ] GC(131) Major Collection (Allocation Stall) 64M(100%)->64M(100%) 0.044s
[2026-06-17T10:03:16.521+0800][4.614s][info][gc          ] Allocation Stall (main) 49.696ms
[2026-06-17T10:03:16.521+0800][4.615s][info][gc          ] GC(132) Minor Collection (Allocation Stall)
[2026-06-17T10:03:16.522+0800][4.615s][info][gc,task     ] GC(132) Using 1 Workers for Young Generation
[2026-06-17T10:03:16.522+0800][4.615s][info][gc,phases   ] GC(132) y: Young Generation
[2026-06-17T10:03:16.522+0800][4.615s][info][gc,phases   ] GC(132) y: Pause Mark Start 0.011ms
[2026-06-17T10:03:16.523+0800][4.616s][info][gc,phases   ] GC(132) y: Concurrent Mark 0.455ms
[2026-06-17T10:03:16.523+0800][4.616s][info][gc,phases   ] GC(132) y: Pause Mark End 0.005ms
[2026-06-17T10:03:16.523+0800][4.616s][info][gc,phases   ] GC(132) y: Concurrent Mark Free 0.000ms
[2026-06-17T10:03:16.523+0800][4.617s][info][gc,phases   ] GC(132) y: Concurrent Reset Relocation Set 0.001ms
[2026-06-17T10:03:16.524+0800][4.617s][info][gc,reloc    ] GC(132) y: Using tenuring threshold: 0 (Computed)
[2026-06-17T10:03:16.525+0800][4.618s][info][gc,phases   ] GC(132) y: Concurrent Select Relocation Set 1.025ms
[2026-06-17T10:03:16.525+0800][4.619s][info][gc,phases   ] GC(132) y: Pause Relocate Start 0.006ms
[2026-06-17T10:03:16.526+0800][4.619s][info][gc,phases   ] GC(132) y: Concurrent Relocate 0.092ms
[2026-06-17T10:03:16.526+0800][4.619s][info][gc,alloc    ] GC(132) y:                         Mark Start        Mark End      Relocate Start    Relocate End   
[2026-06-17T10:03:16.526+0800][4.620s][info][gc,alloc    ] GC(132) y: Allocation Stalls:          1                1                1                1         
[2026-06-17T10:03:16.527+0800][4.620s][info][gc,load     ] GC(132) y: Load: 0.38 (2%) / 0.43 (2%) / 0.50 (2%)
[2026-06-17T10:03:16.527+0800][4.620s][info][gc,mmu      ] GC(132) y: MMU: 2ms/96.6%, 5ms/98.5%, 10ms/98.9%, 20ms/99.4%, 50ms/99.6%, 100ms/99.7%
[2026-06-17T10:03:16.527+0800][4.620s][info][gc,marking  ] GC(132) y: Mark: 1 stripe(s), 1 proactive flush(es), 1 terminate flush(es), 0 completion(s), 0 continuation(s) 
[2026-06-17T10:03:16.527+0800][4.621s][info][gc,marking  ] GC(132) y: Mark Stack Usage: 0M
[2026-06-17T10:03:16.527+0800][4.621s][info][gc,nmethod  ] GC(132) y: NMethods: 72 registered, 5 unregistered
[2026-06-17T10:03:16.528+0800][4.621s][info][gc,metaspace] GC(132) y: Metaspace: 0M used, 0M committed, 1088M reserved
[2026-06-17T10:03:16.528+0800][4.621s][info][gc,heap     ] GC(132) y: Min Capacity: 64M(100%)
[2026-06-17T10:03:16.528+0800][4.621s][info][gc,heap     ] GC(132) y: Max Capacity: 64M(100%)
[2026-06-17T10:03:16.528+0800][4.622s][info][gc,heap     ] GC(132) y: Soft Max Capacity: 64M(100%)
[2026-06-17T10:03:16.529+0800][4.622s][info][gc,heap     ] GC(132) y: Heap Statistics:
[2026-06-17T10:03:16.529+0800][4.622s][info][gc,heap     ] GC(132) y:                Mark Start          Mark End        Relocate Start      Relocate End           High               Low         
[2026-06-17T10:03:16.529+0800][4.622s][info][gc,heap     ] GC(132) y:  Capacity:       64M (100%)         64M (100%)         64M (100%)         64M (100%)         64M (100%)         64M (100%)   
[2026-06-17T10:03:16.529+0800][4.623s][info][gc,heap     ] GC(132) y:      Free:        0M (0%)            0M (0%)            0M (0%)            0M (0%)            0M (0%)            0M (0%)     
[2026-06-17T10:03:16.529+0800][4.623s][info][gc,heap     ] GC(132) y:      Used:       64M (100%)         64M (100%)         64M (100%)         64M (100%)         64M (100%)         64M (100%)   
[2026-06-17T10:03:16.530+0800][4.623s][info][gc,heap     ] GC(132) y: Young Generation Statistics:
[2026-06-17T10:03:16.530+0800][4.623s][info][gc,heap     ] GC(132) y:                Mark Start          Mark End        Relocate Start      Relocate End    
[2026-06-17T10:03:16.530+0800][4.623s][info][gc,heap     ] GC(132) y:      Used:        0M (0%)            0M (0%)            0M (0%)            0M (0%)     
[2026-06-17T10:03:16.530+0800][4.624s][info][gc,heap     ] GC(132) y:      Live:         -                 0M (0%)            0M (0%)            0M (0%)     
[2026-06-17T10:03:16.531+0800][4.624s][info][gc,heap     ] GC(132) y:   Garbage:         -                 0M (0%)            0M (0%)            0M (0%)     
[2026-06-17T10:03:16.531+0800][4.624s][info][gc,heap     ] GC(132) y: Allocated:         -                 0M (0%)            0M (0%)            0M (0%)     
[2026-06-17T10:03:16.531+0800][4.625s][info][gc,heap     ] GC(132) y: Reclaimed:         -                  -                 0M (0%)            0M (0%)     
[2026-06-17T10:03:16.532+0800][4.625s][info][gc,heap     ] GC(132) y:  Promoted:         -                  -                 0M (0%)            0M (0%)     
[2026-06-17T10:03:16.532+0800][4.625s][info][gc,heap     ] GC(132) y: Compacted:         -                  -                  -                 0M (0%)     
[2026-06-17T10:03:16.532+0800][4.625s][info][gc,phases   ] GC(132) y: Young Generation 64M(100%)->64M(100%) 0.004s
[2026-06-17T10:03:16.532+0800][4.626s][info][gc          ] GC(132) Minor Collection (Allocation Stall) 64M(100%)->64M(100%) 0.011s
[2026-06-17T10:03:16.533+0800][4.626s][info][gc          ] GC(133) Major Collection (Allocation Stall)
[2026-06-17T10:03:16.533+0800][4.626s][info][gc,task     ] GC(133) Using 1 Workers for Young Generation
[2026-06-17T10:03:16.533+0800][4.626s][info][gc,task     ] GC(133) Using 1 Workers for Old Generation
[2026-06-17T10:03:16.533+0800][4.626s][info][gc,phases   ] GC(133) Y: Young Generation (Promote All)
[2026-06-17T10:03:16.533+0800][4.627s][info][gc,phases   ] GC(133) Y: Pause Mark Start 0.009ms
[2026-06-17T10:03:16.534+0800][4.627s][info][gc,phases   ] GC(133) Y: Concurrent Mark 0.416ms
[2026-06-17T10:03:16.534+0800][4.627s][info][gc,phases   ] GC(133) Y: Pause Mark End 0.005ms
[2026-06-17T10:03:16.534+0800][4.627s][info][gc,phases   ] GC(133) Y: Concurrent Mark Free 0.000ms
[2026-06-17T10:03:16.534+0800][4.627s][info][gc,phases   ] GC(133) Y: Concurrent Reset Relocation Set 0.000ms
[2026-06-17T10:03:16.535+0800][4.628s][info][gc,reloc    ] GC(133) Y: Using tenuring threshold: 0 (Promote All)
[2026-06-17T10:03:16.535+0800][4.629s][info][gc,phases   ] GC(133) Y: Concurrent Select Relocation Set 0.810ms
[2026-06-17T10:03:16.535+0800][4.629s][info][gc,phases   ] GC(133) Y: Pause Relocate Start 0.003ms
[2026-06-17T10:03:16.535+0800][4.629s][info][gc,phases   ] GC(133) Y: Concurrent Relocate 0.087ms
[2026-06-17T10:03:16.536+0800][4.629s][info][gc,alloc    ] GC(133) Y:                         Mark Start        Mark End      Relocate Start    Relocate End   
[2026-06-17T10:03:16.536+0800][4.629s][info][gc,alloc    ] GC(133) Y: Allocation Stalls:          1                1                1                1         
[2026-06-17T10:03:16.536+0800][4.629s][info][gc,load     ] GC(133) Y: Load: 0.38 (2%) / 0.43 (2%) / 0.50 (2%)
[2026-06-17T10:03:16.536+0800][4.629s][info][gc,mmu      ] GC(133) Y: MMU: 2ms/96.6%, 5ms/98.5%, 10ms/98.9%, 20ms/99.4%, 50ms/99.6%, 100ms/99.7%
[2026-06-17T10:03:16.536+0800][4.629s][info][gc,marking  ] GC(133) Y: Mark: 1 stripe(s), 1 proactive flush(es), 1 terminate flush(es), 0 completion(s), 0 continuation(s) 
[2026-06-17T10:03:16.536+0800][4.629s][info][gc,marking  ] GC(133) Y: Mark Stack Usage: 0M
[2026-06-17T10:03:16.536+0800][4.630s][info][gc,nmethod  ] GC(133) Y: NMethods: 72 registered, 5 unregistered
[2026-06-17T10:03:16.536+0800][4.630s][info][gc,metaspace] GC(133) Y: Metaspace: 0M used, 0M committed, 1088M reserved
[2026-06-17T10:03:16.536+0800][4.630s][info][gc,heap     ] GC(133) Y: Min Capacity: 64M(100%)
[2026-06-17T10:03:16.536+0800][4.630s][info][gc,heap     ] GC(133) Y: Max Capacity: 64M(100%)
[2026-06-17T10:03:16.537+0800][4.630s][info][gc,heap     ] GC(133) Y: Soft Max Capacity: 64M(100%)
[2026-06-17T10:03:16.537+0800][4.630s][info][gc,heap     ] GC(133) Y: Heap Statistics:
[2026-06-17T10:03:16.537+0800][4.630s][info][gc,heap     ] GC(133) Y:                Mark Start          Mark End        Relocate Start      Relocate End           High               Low         
[2026-06-17T10:03:16.537+0800][4.630s][info][gc,heap     ] GC(133) Y:  Capacity:       64M (100%)         64M (100%)         64M (100%)         64M (100%)         64M (100%)         64M (100%)   
[2026-06-17T10:03:16.537+0800][4.630s][info][gc,heap     ] GC(133) Y:      Free:        0M (0%)            0M (0%)            0M (0%)            0M (0%)            0M (0%)            0M (0%)     
[2026-06-17T10:03:16.537+0800][4.631s][info][gc,heap     ] GC(133) Y:      Used:       64M (100%)         64M (100%)         64M (100%)         64M (100%)         64M (100%)         64M (100%)   
[2026-06-17T10:03:16.537+0800][4.631s][info][gc,heap     ] GC(133) Y: Young Generation Statistics:
[2026-06-17T10:03:16.538+0800][4.631s][info][gc,heap     ] GC(133) Y:                Mark Start          Mark End        Relocate Start      Relocate End    
[2026-06-17T10:03:16.538+0800][4.631s][info][gc,heap     ] GC(133) Y:      Used:        0M (0%)            0M (0%)            0M (0%)            0M (0%)     
[2026-06-17T10:03:16.538+0800][4.631s][info][gc,heap     ] GC(133) Y:      Live:         -                 0M (0%)            0M (0%)            0M (0%)     
[2026-06-17T10:03:16.538+0800][4.631s][info][gc,heap     ] GC(133) Y:   Garbage:         -                 0M (0%)            0M (0%)            0M (0%)     
[2026-06-17T10:03:16.538+0800][4.631s][info][gc,heap     ] GC(133) Y: Allocated:         -                 0M (0%)            0M (0%)            0M (0%)     
[2026-06-17T10:03:16.538+0800][4.631s][info][gc,heap     ] GC(133) Y: Reclaimed:         -                  -                 0M (0%)            0M (0%)     
[2026-06-17T10:03:16.538+0800][4.631s][info][gc,heap     ] GC(133) Y:  Promoted:         -                  -                 0M (0%)            0M (0%)     
[2026-06-17T10:03:16.538+0800][4.631s][info][gc,heap     ] GC(133) Y: Compacted:         -                  -                  -                 0M (0%)     
[2026-06-17T10:03:16.538+0800][4.631s][info][gc,phases   ] GC(133) Y: Young Generation (Promote All) 64M(100%)->64M(100%) 0.002s
[2026-06-17T10:03:16.538+0800][4.631s][info][gc,phases   ] GC(133) Y: Young Generation (Collect Roots)
[2026-06-17T10:03:16.538+0800][4.632s][info][gc,phases   ] GC(133) Y: Pause Mark Start (Major) 0.010ms
[2026-06-17T10:03:16.539+0800][4.632s][info][gc,phases   ] GC(133) Y: Concurrent Mark 0.448ms
[2026-06-17T10:03:16.539+0800][4.632s][info][gc,phases   ] GC(133) Y: Pause Mark End 0.005ms
[2026-06-17T10:03:16.539+0800][4.633s][info][gc,phases   ] GC(133) Y: Concurrent Mark Free 0.001ms
[2026-06-17T10:03:16.539+0800][4.633s][info][gc,phases   ] GC(133) Y: Concurrent Reset Relocation Set 0.000ms
[2026-06-17T10:03:16.540+0800][4.633s][info][gc,reloc    ] GC(133) Y: Using tenuring threshold: 0 (Computed)
[2026-06-17T10:03:16.540+0800][4.634s][info][gc,phases   ] GC(133) Y: Concurrent Select Relocation Set 0.874ms
[2026-06-17T10:03:16.540+0800][4.634s][info][gc,phases   ] GC(133) Y: Pause Relocate Start 0.004ms
[2026-06-17T10:03:16.541+0800][4.634s][info][gc,phases   ] GC(133) Y: Concurrent Relocate 0.086ms
[2026-06-17T10:03:16.541+0800][4.634s][info][gc,alloc    ] GC(133) Y:                         Mark Start        Mark End      Relocate Start    Relocate End   
[2026-06-17T10:03:16.541+0800][4.634s][info][gc,alloc    ] GC(133) Y: Allocation Stalls:          1                1                1                1         
[2026-06-17T10:03:16.541+0800][4.634s][info][gc,load     ] GC(133) Y: Load: 0.38 (2%) / 0.43 (2%) / 0.50 (2%)
[2026-06-17T10:03:16.541+0800][4.634s][info][gc,mmu      ] GC(133) Y: MMU: 2ms/96.6%, 5ms/98.5%, 10ms/98.9%, 20ms/99.4%, 50ms/99.6%, 100ms/99.7%
[2026-06-17T10:03:16.541+0800][4.634s][info][gc,marking  ] GC(133) Y: Mark: 1 stripe(s), 1 proactive flush(es), 1 terminate flush(es), 0 completion(s), 0 continuation(s) 
[2026-06-17T10:03:16.541+0800][4.634s][info][gc,marking  ] GC(133) Y: Mark Stack Usage: 0M
[2026-06-17T10:03:16.541+0800][4.635s][info][gc,nmethod  ] GC(133) Y: NMethods: 72 registered, 5 unregistered
[2026-06-17T10:03:16.541+0800][4.635s][info][gc,metaspace] GC(133) Y: Metaspace: 0M used, 0M committed, 1088M reserved
[2026-06-17T10:03:16.541+0800][4.635s][info][gc,heap     ] GC(133) Y: Min Capacity: 64M(100%)
[2026-06-17T10:03:16.541+0800][4.635s][info][gc,heap     ] GC(133) Y: Max Capacity: 64M(100%)
[2026-06-17T10:03:16.542+0800][4.635s][info][gc,heap     ] GC(133) Y: Soft Max Capacity: 64M(100%)
[2026-06-17T10:03:16.542+0800][4.635s][info][gc,heap     ] GC(133) Y: Heap Statistics:
[2026-06-17T10:03:16.542+0800][4.635s][info][gc,heap     ] GC(133) Y:                Mark Start          Mark End        Relocate Start      Relocate End           High               Low         
[2026-06-17T10:03:16.542+0800][4.635s][info][gc,heap     ] GC(133) Y:  Capacity:       64M (100%)         64M (100%)         64M (100%)         64M (100%)         64M (100%)         64M (100%)   
[2026-06-17T10:03:16.542+0800][4.635s][info][gc,heap     ] GC(133) Y:      Free:        0M (0%)            0M (0%)            0M (0%)            0M (0%)            0M (0%)            0M (0%)     
[2026-06-17T10:03:16.542+0800][4.635s][info][gc,heap     ] GC(133) Y:      Used:       64M (100%)         64M (100%)         64M (100%)         64M (100%)         64M (100%)         64M (100%)   
[2026-06-17T10:03:16.542+0800][4.635s][info][gc,heap     ] GC(133) Y: Young Generation Statistics:
[2026-06-17T10:03:16.542+0800][4.635s][info][gc,heap     ] GC(133) Y:                Mark Start          Mark End        Relocate Start      Relocate End    
[2026-06-17T10:03:16.542+0800][4.635s][info][gc,heap     ] GC(133) Y:      Used:        0M (0%)            0M (0%)            0M (0%)            0M (0%)     
[2026-06-17T10:03:16.542+0800][4.636s][info][gc,heap     ] GC(133) Y:      Live:         -                 0M (0%)            0M (0%)            0M (0%)     
[2026-06-17T10:03:16.542+0800][4.636s][info][gc,heap     ] GC(133) Y:   Garbage:         -                 0M (0%)            0M (0%)            0M (0%)     
[2026-06-17T10:03:16.542+0800][4.636s][info][gc,heap     ] GC(133) Y: Allocated:         -                 0M (0%)            0M (0%)            0M (0%)     
[2026-06-17T10:03:16.543+0800][4.636s][info][gc,heap     ] GC(133) Y: Reclaimed:         -                  -                 0M (0%)            0M (0%)     
[2026-06-17T10:03:16.543+0800][4.636s][info][gc,heap     ] GC(133) Y:  Promoted:         -                  -                 0M (0%)            0M (0%)     
[2026-06-17T10:03:16.543+0800][4.637s][info][gc,heap     ] GC(133) Y: Compacted:         -                  -                  -                 0M (0%)     
[2026-06-17T10:03:16.544+0800][4.637s][info][gc,phases   ] GC(133) Y: Young Generation (Collect Roots) 64M(100%)->64M(100%) 0.003s
[2026-06-17T10:03:16.544+0800][4.637s][info][gc,phases   ] GC(133) O: Old Generation
[2026-06-17T10:03:16.545+0800][4.638s][info][gc,phases   ] GC(133) O: Concurrent Mark 0.916ms
[2026-06-17T10:03:16.545+0800][4.638s][info][gc,phases   ] GC(133) O: Pause Mark End 0.009ms
[2026-06-17T10:03:16.545+0800][4.638s][info][gc,phases   ] GC(133) O: Concurrent Mark Free 0.001ms
[2026-06-17T10:03:16.545+0800][4.638s][info][gc,ref      ] GC(133) O: Clearing All SoftReferences
[2026-06-17T10:03:16.545+0800][4.639s][info][gc,phases   ] GC(133) O: Concurrent Process Non-Strong 0.357ms
[2026-06-17T10:03:16.546+0800][4.639s][info][gc,phases   ] GC(133) O: Concurrent Reset Relocation Set 0.000ms
[2026-06-17T10:03:16.546+0800][4.640s][info][gc,phases   ] GC(133) O: Concurrent Select Relocation Set 0.557ms
[2026-06-17T10:03:16.546+0800][4.640s][info][gc,task     ] GC(133) O: Using 1 Workers for Old Generation
[2026-06-17T10:03:16.559+0800][4.652s][info][gc,task     ] GC(133) O: Using 1 Workers for Old Generation
[2026-06-17T10:03:16.559+0800][4.653s][info][gc,phases   ] GC(133) O: Concurrent Remap Roots 12.863ms
[2026-06-17T10:03:16.559+0800][4.653s][info][gc,phases   ] GC(133) O: Pause Relocate Start 0.010ms
[2026-06-17T10:03:16.560+0800][4.653s][info][gc,phases   ] GC(133) O: Concurrent Relocate 0.064ms
[2026-06-17T10:03:16.560+0800][4.653s][info][gc,alloc    ] GC(133) O:                         Mark Start        Mark End      Relocate Start    Relocate End   
[2026-06-17T10:03:16.560+0800][4.653s][info][gc,alloc    ] GC(133) O: Allocation Stalls:          1                1                1                1         
[2026-06-17T10:03:16.560+0800][4.653s][info][gc,load     ] GC(133) O: Load: 0.38 (2%) / 0.43 (2%) / 0.50 (2%)
[2026-06-17T10:03:16.560+0800][4.653s][info][gc,mmu      ] GC(133) O: MMU: 2ms/96.6%, 5ms/98.5%, 10ms/98.9%, 20ms/99.4%, 50ms/99.6%, 100ms/99.7%
[2026-06-17T10:03:16.560+0800][4.653s][info][gc,marking  ] GC(133) O: Mark: 1 stripe(s), 1 proactive flush(es), 1 terminate flush(es), 0 completion(s), 0 continuation(s) 
[2026-06-17T10:03:16.560+0800][4.653s][info][gc,marking  ] GC(133) O: Mark Stack Usage: 32M
[2026-06-17T10:03:16.560+0800][4.653s][info][gc,nmethod  ] GC(133) O: NMethods: 72 registered, 5 unregistered
[2026-06-17T10:03:16.560+0800][4.654s][info][gc,metaspace] GC(133) O: Metaspace: 0M used, 0M committed, 1088M reserved
[2026-06-17T10:03:16.560+0800][4.654s][info][gc,ref      ] GC(133) O:                       Encountered   Discovered     Enqueued 
[2026-06-17T10:03:16.560+0800][4.654s][info][gc,ref      ] GC(133) O: Soft References:                0            0            0 
[2026-06-17T10:03:16.560+0800][4.654s][info][gc,ref      ] GC(133) O: Weak References:                6            0            0 
[2026-06-17T10:03:16.560+0800][4.654s][info][gc,ref      ] GC(133) O: Final References:               0            0            0 
[2026-06-17T10:03:16.561+0800][4.654s][info][gc,ref      ] GC(133) O: Phantom References:             1            1            0 
[2026-06-17T10:03:16.561+0800][4.654s][info][gc,reloc    ] GC(133) O:                        Candidates     Selected     In-Place         Size        Empty    Relocated 
[2026-06-17T10:03:16.561+0800][4.654s][info][gc,reloc    ] GC(133) O: Small Pages:                    3            0            0           6M           0M           0M 
[2026-06-17T10:03:16.561+0800][4.654s][info][gc,reloc    ] GC(133) O: Large Pages:                   29            0            0          58M           0M           0M 
[2026-06-17T10:03:16.561+0800][4.654s][info][gc,reloc    ] GC(133) O: Forwarding Usage: 0M
[2026-06-17T10:03:16.561+0800][4.655s][info][gc,heap     ] GC(133) O: Min Capacity: 64M(100%)
[2026-06-17T10:03:16.561+0800][4.655s][info][gc,heap     ] GC(133) O: Max Capacity: 64M(100%)
[2026-06-17T10:03:16.561+0800][4.655s][info][gc,heap     ] GC(133) O: Soft Max Capacity: 64M(100%)
[2026-06-17T10:03:16.562+0800][4.655s][info][gc,heap     ] GC(133) O: Heap Statistics:
[2026-06-17T10:03:16.562+0800][4.655s][info][gc,heap     ] GC(133) O:                Mark Start          Mark End        Relocate Start      Relocate End           High               Low         
[2026-06-17T10:03:16.562+0800][4.655s][info][gc,heap     ] GC(133) O:  Capacity:       64M (100%)         64M (100%)         64M (100%)         64M (100%)         64M (100%)         64M (100%)   
[2026-06-17T10:03:16.562+0800][4.655s][info][gc,heap     ] GC(133) O:      Free:        0M (0%)            0M (0%)            0M (0%)            0M (0%)            0M (0%)            0M (0%)     
[2026-06-17T10:03:16.562+0800][4.655s][info][gc,heap     ] GC(133) O:      Used:       64M (100%)         64M (100%)         64M (100%)         64M (100%)         64M (100%)         64M (100%)   
[2026-06-17T10:03:16.562+0800][4.655s][info][gc,heap     ] GC(133) O: Old Generation Statistics:
[2026-06-17T10:03:16.562+0800][4.655s][info][gc,heap     ] GC(133) O:                Mark Start          Mark End        Relocate Start      Relocate End    
[2026-06-17T10:03:16.562+0800][4.655s][info][gc,heap     ] GC(133) O:      Used:       64M (100%)         64M (100%)         64M (100%)         64M (100%)   
[2026-06-17T10:03:16.562+0800][4.655s][info][gc,heap     ] GC(133) O:      Live:         -                62M (97%)          62M (97%)          62M (97%)    
[2026-06-17T10:03:16.562+0800][4.656s][info][gc,heap     ] GC(133) O:   Garbage:         -                 1M (3%)            1M (3%)            1M (3%)     
[2026-06-17T10:03:16.562+0800][4.656s][info][gc,heap     ] GC(133) O: Allocated:         -                 0M (0%)            0M (0%)            0M (0%)     
[2026-06-17T10:03:16.562+0800][4.656s][info][gc,heap     ] GC(133) O: Reclaimed:         -                  -                 0M (0%)            0M (0%)     
[2026-06-17T10:03:16.562+0800][4.656s][info][gc,heap     ] GC(133) O: Compacted:         -                  -                  -                 0M (0%)     
[2026-06-17T10:03:16.563+0800][4.656s][info][gc,phases   ] GC(133) O: Old Generation 64M(100%)->64M(100%) 0.016s
[2026-06-17T10:03:16.563+0800][4.656s][info][gc          ] GC(133) Major Collection (Allocation Stall) 64M(100%)->64M(100%) 0.030s
[2026-06-17T10:03:16.563+0800][4.656s][info][gc          ] Allocation Stall (main) 41.341ms
[2026-06-17T10:03:16.563+0800][4.656s][info][gc          ] Out Of Memory (main)
[2026-06-17T10:03:16.563+0800][4.656s][info][gc          ] GC(134) Minor Collection (Allocation Stall)
[2026-06-17T10:03:16.563+0800][4.656s][info][gc,task     ] GC(134) Using 1 Workers for Young Generation
[2026-06-17T10:03:16.563+0800][4.657s][info][gc,phases   ] GC(134) y: Young Generation
[2026-06-17T10:03:16.563+0800][4.657s][info][gc,phases   ] GC(134) y: Pause Mark Start 0.009ms
[2026-06-17T10:03:16.564+0800][4.657s][info][gc,phases   ] GC(134) y: Concurrent Mark 0.464ms
[2026-06-17T10:03:16.564+0800][4.657s][info][gc,phases   ] GC(134) y: Pause Mark End 0.005ms
[2026-06-17T10:03:16.564+0800][4.657s][info][gc,phases   ] GC(134) y: Concurrent Mark Free 0.001ms
[2026-06-17T10:03:16.564+0800][4.658s][info][gc,phases   ] GC(134) y: Concurrent Reset Relocation Set 0.001ms
[2026-06-17T10:03:16.565+0800][4.658s][info][gc,reloc    ] GC(134) y: Using tenuring threshold: 0 (Computed)
[2026-06-17T10:03:16.565+0800][4.658s][info][gc,phases   ] GC(134) y: Concurrent Select Relocation Set 0.805ms
[2026-06-17T10:03:16.565+0800][4.659s][info][gc,phases   ] GC(134) y: Pause Relocate Start 0.004ms
[2026-06-17T10:03:16.565+0800][4.659s][info][gc,phases   ] GC(134) y: Concurrent Relocate 0.093ms
[2026-06-17T10:03:16.565+0800][4.659s][info][gc,alloc    ] GC(134) y:                         Mark Start        Mark End      Relocate Start    Relocate End   
[2026-06-17T10:03:16.566+0800][4.659s][info][gc,alloc    ] GC(134) y: Allocation Stalls:          1                1                1                1         
[2026-06-17T10:03:16.566+0800][4.659s][info][gc,load     ] GC(134) y: Load: 0.38 (2%) / 0.43 (2%) / 0.50 (2%)
[2026-06-17T10:03:16.566+0800][4.659s][info][gc,mmu      ] GC(134) y: MMU: 2ms/96.6%, 5ms/98.5%, 10ms/98.9%, 20ms/99.4%, 50ms/99.6%, 100ms/99.7%
[2026-06-17T10:03:16.566+0800][4.659s][info][gc,marking  ] GC(134) y: Mark: 1 stripe(s), 1 proactive flush(es), 1 terminate flush(es), 0 completion(s), 0 continuation(s) 
[2026-06-17T10:03:16.566+0800][4.659s][info][gc,marking  ] GC(134) y: Mark Stack Usage: 0M
[2026-06-17T10:03:16.566+0800][4.659s][info][gc,nmethod  ] GC(134) y: NMethods: 72 registered, 5 unregistered
[2026-06-17T10:03:16.566+0800][4.659s][info][gc,metaspace] GC(134) y: Metaspace: 0M used, 0M committed, 1088M reserved
[2026-06-17T10:03:16.566+0800][4.660s][info][gc,heap     ] GC(134) y: Min Capacity: 64M(100%)
[2026-06-17T10:03:16.566+0800][4.660s][info][gc,heap     ] GC(134) y: Max Capacity: 64M(100%)
[2026-06-17T10:03:16.566+0800][4.660s][info][gc,heap     ] GC(134) y: Soft Max Capacity: 64M(100%)
[2026-06-17T10:03:16.567+0800][4.660s][info][gc,heap     ] GC(134) y: Heap Statistics:
[2026-06-17T10:03:16.567+0800][4.660s][info][gc,heap     ] GC(134) y:                Mark Start          Mark End        Relocate Start      Relocate End           High               Low         
[2026-06-17T10:03:16.567+0800][4.660s][info][gc,heap     ] GC(134) y:  Capacity:       64M (100%)         64M (100%)         64M (100%)         64M (100%)         64M (100%)         64M (100%)   
[2026-06-17T10:03:16.567+0800][4.660s][info][gc,heap     ] GC(134) y:      Free:        0M (0%)            0M (0%)            0M (0%)            0M (0%)            0M (0%)            0M (0%)     
[2026-06-17T10:03:16.567+0800][4.660s][info][gc,heap     ] GC(134) y:      Used:       64M (100%)         64M (100%)         64M (100%)         64M (100%)         64M (100%)         64M (100%)   
[2026-06-17T10:03:16.567+0800][4.660s][info][gc,heap     ] GC(134) y: Young Generation Statistics:
[2026-06-17T10:03:16.567+0800][4.660s][info][gc,heap     ] GC(134) y:                Mark Start          Mark End        Relocate Start      Relocate End    
[2026-06-17T10:03:16.568+0800][4.661s][info][gc,heap     ] GC(134) y:      Used:        0M (0%)            0M (0%)            0M (0%)            0M (0%)     
[2026-06-17T10:03:16.568+0800][4.661s][info][gc,heap     ] GC(134) y:      Live:         -                 0M (0%)            0M (0%)            0M (0%)     
[2026-06-17T10:03:16.568+0800][4.661s][info][gc,heap     ] GC(134) y:   Garbage:         -                 0M (0%)            0M (0%)            0M (0%)     
[2026-06-17T10:03:16.568+0800][4.661s][info][gc,heap     ] GC(134) y: Allocated:         -                 0M (0%)            0M (0%)            0M (0%)     
[2026-06-17T10:03:16.568+0800][4.661s][info][gc,heap     ] GC(134) y: Reclaimed:         -                  -                 0M (0%)            0M (0%)     
[2026-06-17T10:03:16.568+0800][4.662s][info][gc,heap     ] GC(134) y:  Promoted:         -                  -                 0M (0%)            0M (0%)     
[2026-06-17T10:03:16.568+0800][4.662s][info][gc,heap     ] GC(134) y: Compacted:         -                  -                  -                 0M (0%)     
[2026-06-17T10:03:16.568+0800][4.662s][info][gc,phases   ] GC(134) y: Young Generation 64M(100%)->64M(100%) 0.002s
[2026-06-17T10:03:16.568+0800][4.662s][info][gc          ] GC(134) Minor Collection (Allocation Stall) 64M(100%)->64M(100%) 0.005s
[2026-06-17T10:03:16.569+0800][4.662s][info][gc          ] GC(135) Major Collection (Allocation Stall)
[2026-06-17T10:03:16.569+0800][4.662s][info][gc,task     ] GC(135) Using 1 Workers for Young Generation
[2026-06-17T10:03:16.569+0800][4.662s][info][gc,task     ] GC(135) Using 1 Workers for Old Generation
[2026-06-17T10:03:16.569+0800][4.662s][info][gc,phases   ] GC(135) Y: Young Generation (Promote All)
[2026-06-17T10:03:16.569+0800][4.662s][info][gc,phases   ] GC(135) Y: Pause Mark Start 0.009ms
[2026-06-17T10:03:16.569+0800][4.663s][info][gc,phases   ] GC(135) Y: Concurrent Mark 0.405ms
[2026-06-17T10:03:16.570+0800][4.663s][info][gc,phases   ] GC(135) Y: Pause Mark End 0.005ms
[2026-06-17T10:03:16.570+0800][4.663s][info][gc,phases   ] GC(135) Y: Concurrent Mark Free 0.001ms
[2026-06-17T10:03:16.570+0800][4.663s][info][gc,phases   ] GC(135) Y: Concurrent Reset Relocation Set 0.000ms
[2026-06-17T10:03:16.570+0800][4.664s][info][gc,reloc    ] GC(135) Y: Using tenuring threshold: 0 (Promote All)
[2026-06-17T10:03:16.571+0800][4.664s][info][gc,phases   ] GC(135) Y: Concurrent Select Relocation Set 0.761ms
[2026-06-17T10:03:16.571+0800][4.664s][info][gc,phases   ] GC(135) Y: Pause Relocate Start 0.004ms
[2026-06-17T10:03:16.571+0800][4.664s][info][gc,phases   ] GC(135) Y: Concurrent Relocate 0.086ms
[2026-06-17T10:03:16.571+0800][4.664s][info][gc,alloc    ] GC(135) Y:                         Mark Start        Mark End      Relocate Start    Relocate End   
[2026-06-17T10:03:16.571+0800][4.664s][info][gc,alloc    ] GC(135) Y: Allocation Stalls:          1                1                1                1         
[2026-06-17T10:03:16.571+0800][4.665s][info][gc,load     ] GC(135) Y: Load: 0.38 (2%) / 0.43 (2%) / 0.50 (2%)
[2026-06-17T10:03:16.571+0800][4.665s][info][gc,mmu      ] GC(135) Y: MMU: 2ms/96.6%, 5ms/98.5%, 10ms/98.9%, 20ms/99.4%, 50ms/99.6%, 100ms/99.7%
[2026-06-17T10:03:16.571+0800][4.665s][info][gc,marking  ] GC(135) Y: Mark: 1 stripe(s), 1 proactive flush(es), 1 terminate flush(es), 0 completion(s), 0 continuation(s) 
[2026-06-17T10:03:16.571+0800][4.665s][info][gc,marking  ] GC(135) Y: Mark Stack Usage: 0M
[2026-06-17T10:03:16.571+0800][4.665s][info][gc,nmethod  ] GC(135) Y: NMethods: 72 registered, 5 unregistered
[2026-06-17T10:03:16.572+0800][4.665s][info][gc,metaspace] GC(135) Y: Metaspace: 0M used, 0M committed, 1088M reserved
[2026-06-17T10:03:16.572+0800][4.665s][info][gc,heap     ] GC(135) Y: Min Capacity: 64M(100%)
[2026-06-17T10:03:16.572+0800][4.665s][info][gc,heap     ] GC(135) Y: Max Capacity: 64M(100%)
[2026-06-17T10:03:16.572+0800][4.665s][info][gc,heap     ] GC(135) Y: Soft Max Capacity: 64M(100%)
[2026-06-17T10:03:16.572+0800][4.665s][info][gc,heap     ] GC(135) Y: Heap Statistics:
[2026-06-17T10:03:16.572+0800][4.665s][info][gc,heap     ] GC(135) Y:                Mark Start          Mark End        Relocate Start      Relocate End           High               Low         
[2026-06-17T10:03:16.572+0800][4.665s][info][gc,heap     ] GC(135) Y:  Capacity:       64M (100%)         64M (100%)         64M (100%)         64M (100%)         64M (100%)         64M (100%)   
[2026-06-17T10:03:16.572+0800][4.665s][info][gc,heap     ] GC(135) Y:      Free:        0M (0%)            0M (0%)            0M (0%)            0M (0%)            0M (0%)            0M (0%)     
[2026-06-17T10:03:16.572+0800][4.666s][info][gc,heap     ] GC(135) Y:      Used:       64M (100%)         64M (100%)         64M (100%)         64M (100%)         64M (100%)         64M (100%)   
[2026-06-17T10:03:16.572+0800][4.666s][info][gc,heap     ] GC(135) Y: Young Generation Statistics:
[2026-06-17T10:03:16.572+0800][4.666s][info][gc,heap     ] GC(135) Y:                Mark Start          Mark End        Relocate Start      Relocate End    
[2026-06-17T10:03:16.572+0800][4.666s][info][gc,heap     ] GC(135) Y:      Used:        0M (0%)            0M (0%)            0M (0%)            0M (0%)     
[2026-06-17T10:03:16.573+0800][4.666s][info][gc,heap     ] GC(135) Y:      Live:         -                 0M (0%)            0M (0%)            0M (0%)     
[2026-06-17T10:03:16.573+0800][4.666s][info][gc,heap     ] GC(135) Y:   Garbage:         -                 0M (0%)            0M (0%)            0M (0%)     
[2026-06-17T10:03:16.573+0800][4.666s][info][gc,heap     ] GC(135) Y: Allocated:         -                 0M (0%)            0M (0%)            0M (0%)     
[2026-06-17T10:03:16.573+0800][4.666s][info][gc,heap     ] GC(135) Y: Reclaimed:         -                  -                 0M (0%)            0M (0%)     
[2026-06-17T10:03:16.573+0800][4.666s][info][gc,heap     ] GC(135) Y:  Promoted:         -                  -                 0M (0%)            0M (0%)     
[2026-06-17T10:03:16.573+0800][4.666s][info][gc,heap     ] GC(135) Y: Compacted:         -                  -                  -                 0M (0%)     
[2026-06-17T10:03:16.573+0800][4.666s][info][gc,phases   ] GC(135) Y: Young Generation (Promote All) 64M(100%)->64M(100%) 0.002s
[2026-06-17T10:03:16.573+0800][4.667s][info][gc,phases   ] GC(135) Y: Young Generation (Collect Roots)
[2026-06-17T10:03:16.574+0800][4.667s][info][gc,phases   ] GC(135) Y: Pause Mark Start (Major) 0.014ms
[2026-06-17T10:03:16.601+0800][4.694s][info][gc,phases   ] GC(135) Y: Concurrent Mark 0.623ms
[2026-06-17T10:03:16.603+0800][4.697s][info][gc,phases   ] GC(135) Y: Pause Mark End 0.010ms
[2026-06-17T10:03:16.604+0800][4.697s][info][gc,phases   ] GC(135) Y: Concurrent Mark Free 0.001ms
[2026-06-17T10:03:16.606+0800][4.699s][info][gc,phases   ] GC(135) Y: Concurrent Reset Relocation Set 0.001ms
[2026-06-17T10:03:16.609+0800][4.702s][info][gc,reloc    ] GC(135) Y: Using tenuring threshold: 0 (Computed)
[2026-06-17T10:03:16.611+0800][4.704s][info][gc,phases   ] GC(135) Y: Concurrent Select Relocation Set 2.644ms
[2026-06-17T10:03:16.613+0800][4.706s][info][gc,phases   ] GC(135) Y: Pause Relocate Start 0.010ms
[2026-06-17T10:03:16.615+0800][4.708s][info][gc,phases   ] GC(135) Y: Concurrent Relocate 0.099ms
[2026-06-17T10:03:16.616+0800][4.709s][info][gc,alloc    ] GC(135) Y:                         Mark Start        Mark End      Relocate Start    Relocate End   
[2026-06-17T10:03:16.618+0800][4.711s][info][gc,alloc    ] GC(135) Y: Allocation Stalls:          1                1                1                1         
[2026-06-17T10:03:16.620+0800][4.714s][info][gc,load     ] GC(135) Y: Load: 0.38 (2%) / 0.43 (2%) / 0.50 (2%)
[2026-06-17T10:03:16.622+0800][4.715s][info][gc,mmu      ] GC(135) Y: MMU: 2ms/96.6%, 5ms/98.5%, 10ms/98.9%, 20ms/99.4%, 50ms/99.6%, 100ms/99.7%
[2026-06-17T10:03:16.622+0800][4.716s][info][gc,marking  ] GC(135) Y: Mark: 1 stripe(s), 1 proactive flush(es), 1 terminate flush(es), 0 completion(s), 0 continuation(s) 
[2026-06-17T10:03:16.625+0800][4.719s][info][gc,marking  ] GC(135) Y: Mark Stack Usage: 0M
[2026-06-17T10:03:16.627+0800][4.721s][info][gc,nmethod  ] GC(135) Y: NMethods: 72 registered, 5 unregistered
[2026-06-17T10:03:16.629+0800][4.722s][info][gc,metaspace] GC(135) Y: Metaspace: 0M used, 0M committed, 1088M reserved
[2026-06-17T10:03:16.630+0800][4.723s][info][gc,heap     ] GC(135) Y: Min Capacity: 64M(100%)
[2026-06-17T10:03:16.632+0800][4.726s][info][gc,heap     ] GC(135) Y: Max Capacity: 64M(100%)
[2026-06-17T10:03:16.635+0800][4.728s][info][gc,heap     ] GC(135) Y: Soft Max Capacity: 64M(100%)
[2026-06-17T10:03:16.635+0800][4.729s][info][gc,heap     ] GC(135) Y: Heap Statistics:
[2026-06-17T10:03:16.636+0800][4.729s][info][gc,heap     ] GC(135) Y:                Mark Start          Mark End        Relocate Start      Relocate End           High               Low         
[2026-06-17T10:03:16.637+0800][4.730s][info][gc,heap     ] GC(135) Y:  Capacity:       64M (100%)         64M (100%)         64M (100%)         64M (100%)         64M (100%)         64M (100%)   
[2026-06-17T10:03:16.639+0800][4.733s][info][gc,heap     ] GC(135) Y:      Free:        0M (0%)            0M (0%)            0M (0%)            0M (0%)            0M (0%)            0M (0%)     
[2026-06-17T10:03:16.640+0800][4.734s][info][gc,heap     ] GC(135) Y:      Used:       64M (100%)         64M (100%)         64M (100%)         64M (100%)         64M (100%)         64M (100%)   
[2026-06-17T10:03:16.641+0800][4.734s][info][gc,heap     ] GC(135) Y: Young Generation Statistics:
[2026-06-17T10:03:16.641+0800][4.734s][info][gc,heap     ] GC(135) Y:                Mark Start          Mark End        Relocate Start      Relocate End    
[2026-06-17T10:03:16.641+0800][4.735s][info][gc,heap     ] GC(135) Y:      Used:        0M (0%)            0M (0%)            0M (0%)            0M (0%)     
[2026-06-17T10:03:16.641+0800][4.735s][info][gc,heap     ] GC(135) Y:      Live:         -                 0M (0%)            0M (0%)            0M (0%)     
[2026-06-17T10:03:16.641+0800][4.735s][info][gc,heap     ] GC(135) Y:   Garbage:         -                 0M (0%)            0M (0%)            0M (0%)     
[2026-06-17T10:03:16.642+0800][4.735s][info][gc,heap     ] GC(135) Y: Allocated:         -                 0M (0%)            0M (0%)            0M (0%)     
[2026-06-17T10:03:16.642+0800][4.735s][info][gc,heap     ] GC(135) Y: Reclaimed:         -                  -                 0M (0%)            0M (0%)     
[2026-06-17T10:03:16.642+0800][4.735s][info][gc,heap     ] GC(135) Y:  Promoted:         -                  -                 0M (0%)            0M (0%)     
[2026-06-17T10:03:16.642+0800][4.735s][info][gc,heap     ] GC(135) Y: Compacted:         -                  -                  -                 0M (0%)     
[2026-06-17T10:03:16.642+0800][4.735s][info][gc,phases   ] GC(135) Y: Young Generation (Collect Roots) 64M(100%)->64M(100%) 0.043s
[2026-06-17T10:03:16.642+0800][4.735s][info][gc,phases   ] GC(135) O: Old Generation
[2026-06-17T10:03:16.643+0800][4.736s][info][gc,phases   ] GC(135) O: Concurrent Mark 0.983ms
[2026-06-17T10:03:16.643+0800][4.736s][info][gc,phases   ] GC(135) O: Pause Mark End 0.011ms
[2026-06-17T10:03:16.643+0800][4.737s][info][gc,phases   ] GC(135) O: Concurrent Mark Free 0.000ms
[2026-06-17T10:03:16.643+0800][4.737s][info][gc,ref      ] GC(135) O: Clearing All SoftReferences
[2026-06-17T10:03:16.644+0800][4.737s][info][gc,phases   ] GC(135) O: Concurrent Process Non-Strong 0.333ms
[2026-06-17T10:03:16.644+0800][4.737s][info][gc,phases   ] GC(135) O: Concurrent Reset Relocation Set 0.001ms
[2026-06-17T10:03:16.644+0800][4.738s][info][gc,phases   ] GC(135) O: Concurrent Select Relocation Set 0.537ms
[2026-06-17T10:03:16.645+0800][4.738s][info][gc,task     ] GC(135) O: Using 1 Workers for Old Generation
[2026-06-17T10:03:16.657+0800][4.750s][info][gc,task     ] GC(135) O: Using 1 Workers for Old Generation
[2026-06-17T10:03:16.657+0800][4.751s][info][gc,phases   ] GC(135) O: Concurrent Remap Roots 12.618ms
[2026-06-17T10:03:16.657+0800][4.751s][info][gc,phases   ] GC(135) O: Pause Relocate Start 0.010ms
[2026-06-17T10:03:16.658+0800][4.751s][info][gc,phases   ] GC(135) O: Concurrent Relocate 0.066ms
[2026-06-17T10:03:16.658+0800][4.751s][info][gc,alloc    ] GC(135) O:                         Mark Start        Mark End      Relocate Start    Relocate End   
[2026-06-17T10:03:16.658+0800][4.751s][info][gc,alloc    ] GC(135) O: Allocation Stalls:          1                1                1                1         
[2026-06-17T10:03:16.658+0800][4.751s][info][gc,load     ] GC(135) O: Load: 0.38 (2%) / 0.43 (2%) / 0.50 (2%)
[2026-06-17T10:03:16.658+0800][4.751s][info][gc,mmu      ] GC(135) O: MMU: 2ms/96.6%, 5ms/98.5%, 10ms/98.9%, 20ms/99.4%, 50ms/99.6%, 100ms/99.7%
[2026-06-17T10:03:16.658+0800][4.751s][info][gc,marking  ] GC(135) O: Mark: 1 stripe(s), 1 proactive flush(es), 1 terminate flush(es), 0 completion(s), 0 continuation(s) 
[2026-06-17T10:03:16.658+0800][4.752s][info][gc,marking  ] GC(135) O: Mark Stack Usage: 32M
[2026-06-17T10:03:16.658+0800][4.752s][info][gc,nmethod  ] GC(135) O: NMethods: 72 registered, 5 unregistered
[2026-06-17T10:03:16.659+0800][4.752s][info][gc,metaspace] GC(135) O: Metaspace: 0M used, 0M committed, 1088M reserved
[2026-06-17T10:03:16.659+0800][4.752s][info][gc,ref      ] GC(135) O:                       Encountered   Discovered     Enqueued 
[2026-06-17T10:03:16.659+0800][4.752s][info][gc,ref      ] GC(135) O: Soft References:                0            0            0 
[2026-06-17T10:03:16.659+0800][4.752s][info][gc,ref      ] GC(135) O: Weak References:                6            0            0 
[2026-06-17T10:03:16.659+0800][4.752s][info][gc,ref      ] GC(135) O: Final References:               0            0            0 
[2026-06-17T10:03:16.659+0800][4.752s][info][gc,ref      ] GC(135) O: Phantom References:             1            1            0 
[2026-06-17T10:03:16.659+0800][4.752s][info][gc,reloc    ] GC(135) O:                        Candidates     Selected     In-Place         Size        Empty    Relocated 
[2026-06-17T10:03:16.659+0800][4.753s][info][gc,reloc    ] GC(135) O: Small Pages:                    3            0            0           6M           0M           0M 
[2026-06-17T10:03:16.659+0800][4.753s][info][gc,reloc    ] GC(135) O: Large Pages:                   29            0            0          58M           0M           0M 
[2026-06-17T10:03:16.659+0800][4.753s][info][gc,reloc    ] GC(135) O: Forwarding Usage: 0M
[2026-06-17T10:03:16.659+0800][4.753s][info][gc,heap     ] GC(135) O: Min Capacity: 64M(100%)
[2026-06-17T10:03:16.659+0800][4.753s][info][gc,heap     ] GC(135) O: Max Capacity: 64M(100%)
[2026-06-17T10:03:16.660+0800][4.753s][info][gc,heap     ] GC(135) O: Soft Max Capacity: 64M(100%)
[2026-06-17T10:03:16.660+0800][4.753s][info][gc,heap     ] GC(135) O: Heap Statistics:
[2026-06-17T10:03:16.660+0800][4.753s][info][gc,heap     ] GC(135) O:                Mark Start          Mark End        Relocate Start      Relocate End           High               Low         
[2026-06-17T10:03:16.660+0800][4.753s][info][gc,heap     ] GC(135) O:  Capacity:       64M (100%)         64M (100%)         64M (100%)         64M (100%)         64M (100%)         64M (100%)   
[2026-06-17T10:03:16.660+0800][4.753s][info][gc,heap     ] GC(135) O:      Free:        0M (0%)            0M (0%)            0M (0%)            0M (0%)            0M (0%)            0M (0%)     
[2026-06-17T10:03:16.660+0800][4.753s][info][gc,heap     ] GC(135) O:      Used:       64M (100%)         64M (100%)         64M (100%)         64M (100%)         64M (100%)         64M (100%)   
[2026-06-17T10:03:16.660+0800][4.753s][info][gc,heap     ] GC(135) O: Old Generation Statistics:
[2026-06-17T10:03:16.660+0800][4.753s][info][gc,heap     ] GC(135) O:                Mark Start          Mark End        Relocate Start      Relocate End    
[2026-06-17T10:03:16.660+0800][4.753s][info][gc,heap     ] GC(135) O:      Used:       64M (100%)         64M (100%)         64M (100%)         64M (100%)   
[2026-06-17T10:03:16.660+0800][4.754s][info][gc,heap     ] GC(135) O:      Live:         -                62M (97%)          62M (97%)          62M (97%)    
[2026-06-17T10:03:16.660+0800][4.754s][info][gc,heap     ] GC(135) O:   Garbage:         -                 1M (3%)            1M (3%)            1M (3%)     
[2026-06-17T10:03:16.660+0800][4.754s][info][gc,heap     ] GC(135) O: Allocated:         -                 0M (0%)            0M (0%)            0M (0%)     
[2026-06-17T10:03:16.660+0800][4.754s][info][gc,heap     ] GC(135) O: Reclaimed:         -                  -                 0M (0%)            0M (0%)     
[2026-06-17T10:03:16.661+0800][4.754s][info][gc,heap     ] GC(135) O: Compacted:         -                  -                  -                 0M (0%)     
[2026-06-17T10:03:16.661+0800][4.754s][info][gc,phases   ] GC(135) O: Old Generation 64M(100%)->64M(100%) 0.016s
[2026-06-17T10:03:16.661+0800][4.754s][info][gc          ] GC(135) Major Collection (Allocation Stall) 64M(100%)->64M(100%) 0.092s
[2026-06-17T10:03:16.661+0800][4.754s][info][gc          ] Allocation Stall (main) 97.869ms
[2026-06-17T10:03:16.661+0800][4.754s][info][gc          ] GC(136) Minor Collection (Allocation Stall)
[2026-06-17T10:03:16.661+0800][4.754s][info][gc,task     ] GC(136) Using 1 Workers for Young Generation
[2026-06-17T10:03:16.661+0800][4.754s][info][gc,phases   ] GC(136) y: Young Generation
[2026-06-17T10:03:16.661+0800][4.755s][info][gc,phases   ] GC(136) y: Pause Mark Start 0.009ms
[2026-06-17T10:03:16.662+0800][4.755s][info][gc,phases   ] GC(136) y: Concurrent Mark 0.398ms
[2026-06-17T10:03:16.662+0800][4.755s][info][gc,phases   ] GC(136) y: Pause Mark End 0.004ms
[2026-06-17T10:03:16.662+0800][4.755s][info][gc,phases   ] GC(136) y: Concurrent Mark Free 0.000ms
[2026-06-17T10:03:16.662+0800][4.755s][info][gc,phases   ] GC(136) y: Concurrent Reset Relocation Set 0.001ms
[2026-06-17T10:03:16.663+0800][4.756s][info][gc,reloc    ] GC(136) y: Using tenuring threshold: 0 (Computed)
[2026-06-17T10:03:16.663+0800][4.756s][info][gc,phases   ] GC(136) y: Concurrent Select Relocation Set 0.739ms
[2026-06-17T10:03:16.663+0800][4.756s][info][gc,phases   ] GC(136) y: Pause Relocate Start 0.003ms
[2026-06-17T10:03:16.663+0800][4.756s][info][gc,phases   ] GC(136) y: Concurrent Relocate 0.084ms
[2026-06-17T10:03:16.663+0800][4.757s][info][gc,alloc    ] GC(136) y:                         Mark Start        Mark End      Relocate Start    Relocate End   
[2026-06-17T10:03:16.663+0800][4.757s][info][gc,alloc    ] GC(136) y: Allocation Stalls:          1                1                1                1         
[2026-06-17T10:03:16.663+0800][4.757s][info][gc,load     ] GC(136) y: Load: 0.38 (2%) / 0.43 (2%) / 0.50 (2%)
[2026-06-17T10:03:16.664+0800][4.757s][info][gc,mmu      ] GC(136) y: MMU: 2ms/96.6%, 5ms/98.5%, 10ms/98.9%, 20ms/99.4%, 50ms/99.6%, 100ms/99.7%
[2026-06-17T10:03:16.664+0800][4.757s][info][gc,marking  ] GC(136) y: Mark: 1 stripe(s), 1 proactive flush(es), 1 terminate flush(es), 0 completion(s), 0 continuation(s) 
[2026-06-17T10:03:16.664+0800][4.757s][info][gc,marking  ] GC(136) y: Mark Stack Usage: 0M
[2026-06-17T10:03:16.664+0800][4.757s][info][gc,nmethod  ] GC(136) y: NMethods: 72 registered, 5 unregistered
[2026-06-17T10:03:16.664+0800][4.758s][info][gc,metaspace] GC(136) y: Metaspace: 0M used, 0M committed, 1088M reserved
[2026-06-17T10:03:16.664+0800][4.758s][info][gc,heap     ] GC(136) y: Min Capacity: 64M(100%)
[2026-06-17T10:03:16.665+0800][4.758s][info][gc,heap     ] GC(136) y: Max Capacity: 64M(100%)
[2026-06-17T10:03:16.665+0800][4.758s][info][gc,heap     ] GC(136) y: Soft Max Capacity: 64M(100%)
[2026-06-17T10:03:16.665+0800][4.758s][info][gc,heap     ] GC(136) y: Heap Statistics:
[2026-06-17T10:03:16.665+0800][4.758s][info][gc,heap     ] GC(136) y:                Mark Start          Mark End        Relocate Start      Relocate End           High               Low         
[2026-06-17T10:03:16.665+0800][4.758s][info][gc,heap     ] GC(136) y:  Capacity:       64M (100%)         64M (100%)         64M (100%)         64M (100%)         64M (100%)         64M (100%)   
[2026-06-17T10:03:16.665+0800][4.758s][info][gc,heap     ] GC(136) y:      Free:        0M (0%)            0M (0%)            0M (0%)            0M (0%)            0M (0%)            0M (0%)     
[2026-06-17T10:03:16.665+0800][4.759s][info][gc,heap     ] GC(136) y:      Used:       64M (100%)         64M (100%)         64M (100%)         64M (100%)         64M (100%)         64M (100%)   
[2026-06-17T10:03:16.665+0800][4.759s][info][gc,heap     ] GC(136) y: Young Generation Statistics:
[2026-06-17T10:03:16.665+0800][4.759s][info][gc,heap     ] GC(136) y:                Mark Start          Mark End        Relocate Start      Relocate End    
[2026-06-17T10:03:16.666+0800][4.759s][info][gc,heap     ] GC(136) y:      Used:        0M (0%)            0M (0%)            0M (0%)            0M (0%)     
[2026-06-17T10:03:16.666+0800][4.759s][info][gc,heap     ] GC(136) y:      Live:         -                 0M (0%)            0M (0%)            0M (0%)     
[2026-06-17T10:03:16.666+0800][4.759s][info][gc,heap     ] GC(136) y:   Garbage:         -                 0M (0%)            0M (0%)            0M (0%)     
[2026-06-17T10:03:16.666+0800][4.759s][info][gc,heap     ] GC(136) y: Allocated:         -                 0M (0%)            0M (0%)            0M (0%)     
[2026-06-17T10:03:16.666+0800][4.759s][info][gc,heap     ] GC(136) y: Reclaimed:         -                  -                 0M (0%)            0M (0%)     
[2026-06-17T10:03:16.666+0800][4.759s][info][gc,heap     ] GC(136) y:  Promoted:         -                  -                 0M (0%)            0M (0%)     
[2026-06-17T10:03:16.666+0800][4.759s][info][gc,heap     ] GC(136) y: Compacted:         -                  -                  -                 0M (0%)     
[2026-06-17T10:03:16.666+0800][4.760s][info][gc,phases   ] GC(136) y: Young Generation 64M(100%)->64M(100%) 0.002s
[2026-06-17T10:03:16.666+0800][4.760s][info][gc          ] GC(136) Minor Collection (Allocation Stall) 64M(100%)->64M(100%) 0.005s
[2026-06-17T10:03:16.666+0800][4.760s][info][gc          ] GC(137) Major Collection (Allocation Stall)
[2026-06-17T10:03:16.667+0800][4.760s][info][gc,task     ] GC(137) Using 1 Workers for Young Generation
[2026-06-17T10:03:16.667+0800][4.760s][info][gc,task     ] GC(137) Using 1 Workers for Old Generation
[2026-06-17T10:03:16.667+0800][4.760s][info][gc,phases   ] GC(137) Y: Young Generation (Promote All)
[2026-06-17T10:03:16.667+0800][4.760s][info][gc,phases   ] GC(137) Y: Pause Mark Start 0.008ms
[2026-06-17T10:03:16.667+0800][4.761s][info][gc,phases   ] GC(137) Y: Concurrent Mark 0.403ms
[2026-06-17T10:03:16.668+0800][4.761s][info][gc,phases   ] GC(137) Y: Pause Mark End 0.005ms
[2026-06-17T10:03:16.668+0800][4.761s][info][gc,phases   ] GC(137) Y: Concurrent Mark Free 0.000ms
[2026-06-17T10:03:16.668+0800][4.761s][info][gc,phases   ] GC(137) Y: Concurrent Reset Relocation Set 0.000ms
[2026-06-17T10:03:16.668+0800][4.762s][info][gc,reloc    ] GC(137) Y: Using tenuring threshold: 0 (Promote All)
[2026-06-17T10:03:16.669+0800][4.762s][info][gc,phases   ] GC(137) Y: Concurrent Select Relocation Set 0.816ms
[2026-06-17T10:03:16.669+0800][4.762s][info][gc,phases   ] GC(137) Y: Pause Relocate Start 0.004ms
[2026-06-17T10:03:16.669+0800][4.762s][info][gc,phases   ] GC(137) Y: Concurrent Relocate 0.084ms
[2026-06-17T10:03:16.669+0800][4.762s][info][gc,alloc    ] GC(137) Y:                         Mark Start        Mark End      Relocate Start    Relocate End   
[2026-06-17T10:03:16.669+0800][4.762s][info][gc,alloc    ] GC(137) Y: Allocation Stalls:          1                1                1                1         
[2026-06-17T10:03:16.669+0800][4.763s][info][gc,load     ] GC(137) Y: Load: 0.38 (2%) / 0.43 (2%) / 0.50 (2%)
[2026-06-17T10:03:16.669+0800][4.763s][info][gc,mmu      ] GC(137) Y: MMU: 2ms/96.6%, 5ms/98.5%, 10ms/98.9%, 20ms/99.4%, 50ms/99.6%, 100ms/99.7%
[2026-06-17T10:03:16.669+0800][4.763s][info][gc,marking  ] GC(137) Y: Mark: 1 stripe(s), 1 proactive flush(es), 1 terminate flush(es), 0 completion(s), 0 continuation(s) 
[2026-06-17T10:03:16.669+0800][4.763s][info][gc,marking  ] GC(137) Y: Mark Stack Usage: 0M
[2026-06-17T10:03:16.670+0800][4.763s][info][gc,nmethod  ] GC(137) Y: NMethods: 72 registered, 5 unregistered
[2026-06-17T10:03:16.670+0800][4.763s][info][gc,metaspace] GC(137) Y: Metaspace: 0M used, 0M committed, 1088M reserved
[2026-06-17T10:03:16.670+0800][4.763s][info][gc,heap     ] GC(137) Y: Min Capacity: 64M(100%)
[2026-06-17T10:03:16.670+0800][4.763s][info][gc,heap     ] GC(137) Y: Max Capacity: 64M(100%)
[2026-06-17T10:03:16.670+0800][4.763s][info][gc,heap     ] GC(137) Y: Soft Max Capacity: 64M(100%)
[2026-06-17T10:03:16.670+0800][4.763s][info][gc,heap     ] GC(137) Y: Heap Statistics:
[2026-06-17T10:03:16.670+0800][4.764s][info][gc,heap     ] GC(137) Y:                Mark Start          Mark End        Relocate Start      Relocate End           High               Low         
[2026-06-17T10:03:16.670+0800][4.764s][info][gc,heap     ] GC(137) Y:  Capacity:       64M (100%)         64M (100%)         64M (100%)         64M (100%)         64M (100%)         64M (100%)   
[2026-06-17T10:03:16.671+0800][4.764s][info][gc,heap     ] GC(137) Y:      Free:        0M (0%)            0M (0%)            0M (0%)            0M (0%)            0M (0%)            0M (0%)     
[2026-06-17T10:03:16.671+0800][4.764s][info][gc,heap     ] GC(137) Y:      Used:       64M (100%)         64M (100%)         64M (100%)         64M (100%)         64M (100%)         64M (100%)   
[2026-06-17T10:03:16.671+0800][4.764s][info][gc,heap     ] GC(137) Y: Young Generation Statistics:
[2026-06-17T10:03:16.671+0800][4.764s][info][gc,heap     ] GC(137) Y:                Mark Start          Mark End        Relocate Start      Relocate End    
[2026-06-17T10:03:16.671+0800][4.764s][info][gc,heap     ] GC(137) Y:      Used:        0M (0%)            0M (0%)            0M (0%)            0M (0%)     
[2026-06-17T10:03:16.671+0800][4.764s][info][gc,heap     ] GC(137) Y:      Live:         -                 0M (0%)            0M (0%)            0M (0%)     
[2026-06-17T10:03:16.671+0800][4.764s][info][gc,heap     ] GC(137) Y:   Garbage:         -                 0M (0%)            0M (0%)            0M (0%)     
[2026-06-17T10:03:16.671+0800][4.765s][info][gc,heap     ] GC(137) Y: Allocated:         -                 0M (0%)            0M (0%)            0M (0%)     
[2026-06-17T10:03:16.671+0800][4.765s][info][gc,heap     ] GC(137) Y: Reclaimed:         -                  -                 0M (0%)            0M (0%)     
[2026-06-17T10:03:16.671+0800][4.765s][info][gc,heap     ] GC(137) Y:  Promoted:         -                  -                 0M (0%)            0M (0%)     
[2026-06-17T10:03:16.671+0800][4.765s][info][gc,heap     ] GC(137) Y: Compacted:         -                  -                  -                 0M (0%)     
[2026-06-17T10:03:16.671+0800][4.765s][info][gc,phases   ] GC(137) Y: Young Generation (Promote All) 64M(100%)->64M(100%) 0.002s
[2026-06-17T10:03:16.672+0800][4.765s][info][gc,phases   ] GC(137) Y: Young Generation (Collect Roots)
[2026-06-17T10:03:16.672+0800][4.765s][info][gc,phases   ] GC(137) Y: Pause Mark Start (Major) 0.011ms
[2026-06-17T10:03:16.672+0800][4.766s][info][gc,phases   ] GC(137) Y: Concurrent Mark 0.413ms
[2026-06-17T10:03:16.672+0800][4.766s][info][gc,phases   ] GC(137) Y: Pause Mark End 0.006ms
[2026-06-17T10:03:16.672+0800][4.766s][info][gc,phases   ] GC(137) Y: Concurrent Mark Free 0.000ms
[2026-06-17T10:03:16.673+0800][4.766s][info][gc,phases   ] GC(137) Y: Concurrent Reset Relocation Set 0.001ms
[2026-06-17T10:03:16.673+0800][4.766s][info][gc,reloc    ] GC(137) Y: Using tenuring threshold: 0 (Computed)
[2026-06-17T10:03:16.673+0800][4.767s][info][gc,phases   ] GC(137) Y: Concurrent Select Relocation Set 0.726ms
[2026-06-17T10:03:16.673+0800][4.767s][info][gc,phases   ] GC(137) Y: Pause Relocate Start 0.004ms
[2026-06-17T10:03:16.674+0800][4.767s][info][gc,phases   ] GC(137) Y: Concurrent Relocate 0.084ms
[2026-06-17T10:03:16.674+0800][4.767s][info][gc,alloc    ] GC(137) Y:                         Mark Start        Mark End      Relocate Start    Relocate End   
[2026-06-17T10:03:16.674+0800][4.767s][info][gc,alloc    ] GC(137) Y: Allocation Stalls:          1                1                1                1         
[2026-06-17T10:03:16.674+0800][4.767s][info][gc,load     ] GC(137) Y: Load: 0.38 (2%) / 0.43 (2%) / 0.50 (2%)
[2026-06-17T10:03:16.674+0800][4.767s][info][gc,mmu      ] GC(137) Y: MMU: 2ms/96.6%, 5ms/98.5%, 10ms/98.9%, 20ms/99.4%, 50ms/99.6%, 100ms/99.7%
[2026-06-17T10:03:16.674+0800][4.767s][info][gc,marking  ] GC(137) Y: Mark: 1 stripe(s), 1 proactive flush(es), 1 terminate flush(es), 0 completion(s), 0 continuation(s) 
[2026-06-17T10:03:16.674+0800][4.767s][info][gc,marking  ] GC(137) Y: Mark Stack Usage: 0M
[2026-06-17T10:03:16.674+0800][4.767s][info][gc,nmethod  ] GC(137) Y: NMethods: 72 registered, 5 unregistered
[2026-06-17T10:03:16.674+0800][4.767s][info][gc,metaspace] GC(137) Y: Metaspace: 0M used, 0M committed, 1088M reserved
[2026-06-17T10:03:16.674+0800][4.768s][info][gc,heap     ] GC(137) Y: Min Capacity: 64M(100%)
[2026-06-17T10:03:16.674+0800][4.768s][info][gc,heap     ] GC(137) Y: Max Capacity: 64M(100%)
[2026-06-17T10:03:16.674+0800][4.768s][info][gc,heap     ] GC(137) Y: Soft Max Capacity: 64M(100%)
[2026-06-17T10:03:16.675+0800][4.768s][info][gc,heap     ] GC(137) Y: Heap Statistics:
[2026-06-17T10:03:16.675+0800][4.768s][info][gc,heap     ] GC(137) Y:                Mark Start          Mark End        Relocate Start      Relocate End           High               Low         
[2026-06-17T10:03:16.675+0800][4.768s][info][gc,heap     ] GC(137) Y:  Capacity:       64M (100%)         64M (100%)         64M (100%)         64M (100%)         64M (100%)         64M (100%)   
[2026-06-17T10:03:16.675+0800][4.768s][info][gc,heap     ] GC(137) Y:      Free:        0M (0%)            0M (0%)            0M (0%)            0M (0%)            0M (0%)            0M (0%)     
[2026-06-17T10:03:16.675+0800][4.768s][info][gc,heap     ] GC(137) Y:      Used:       64M (100%)         64M (100%)         64M (100%)         64M (100%)         64M (100%)         64M (100%)   
[2026-06-17T10:03:16.675+0800][4.768s][info][gc,heap     ] GC(137) Y: Young Generation Statistics:
[2026-06-17T10:03:16.675+0800][4.768s][info][gc,heap     ] GC(137) Y:                Mark Start          Mark End        Relocate Start      Relocate End    
[2026-06-17T10:03:16.675+0800][4.768s][info][gc,heap     ] GC(137) Y:      Used:        0M (0%)            0M (0%)            0M (0%)            0M (0%)     
[2026-06-17T10:03:16.675+0800][4.768s][info][gc,heap     ] GC(137) Y:      Live:         -                 0M (0%)            0M (0%)            0M (0%)     
[2026-06-17T10:03:16.675+0800][4.769s][info][gc,heap     ] GC(137) Y:   Garbage:         -                 0M (0%)            0M (0%)            0M (0%)     
[2026-06-17T10:03:16.675+0800][4.769s][info][gc,heap     ] GC(137) Y: Allocated:         -                 0M (0%)            0M (0%)            0M (0%)     
[2026-06-17T10:03:16.675+0800][4.769s][info][gc,heap     ] GC(137) Y: Reclaimed:         -                  -                 0M (0%)            0M (0%)     
[2026-06-17T10:03:16.675+0800][4.769s][info][gc,heap     ] GC(137) Y:  Promoted:         -                  -                 0M (0%)            0M (0%)     
[2026-06-17T10:03:16.676+0800][4.769s][info][gc,heap     ] GC(137) Y: Compacted:         -                  -                  -                 0M (0%)     
[2026-06-17T10:03:16.676+0800][4.769s][info][gc,phases   ] GC(137) Y: Young Generation (Collect Roots) 64M(100%)->64M(100%) 0.002s
[2026-06-17T10:03:16.676+0800][4.769s][info][gc,phases   ] GC(137) O: Old Generation
[2026-06-17T10:03:16.677+0800][4.770s][info][gc,phases   ] GC(137) O: Concurrent Mark 0.885ms
[2026-06-17T10:03:16.677+0800][4.770s][info][gc,phases   ] GC(137) O: Pause Mark End 0.006ms
[2026-06-17T10:03:16.677+0800][4.770s][info][gc,phases   ] GC(137) O: Concurrent Mark Free 0.000ms
[2026-06-17T10:03:16.677+0800][4.770s][info][gc,ref      ] GC(137) O: Clearing All SoftReferences
[2026-06-17T10:03:16.677+0800][4.771s][info][gc,phases   ] GC(137) O: Concurrent Process Non-Strong 0.341ms
[2026-06-17T10:03:16.677+0800][4.771s][info][gc,phases   ] GC(137) O: Concurrent Reset Relocation Set 0.000ms
[2026-06-17T10:03:16.678+0800][4.771s][info][gc,phases   ] GC(137) O: Concurrent Select Relocation Set 0.551ms
[2026-06-17T10:03:16.678+0800][4.772s][info][gc,task     ] GC(137) O: Using 1 Workers for Old Generation
[2026-06-17T10:03:16.691+0800][4.784s][info][gc,task     ] GC(137) O: Using 1 Workers for Old Generation
[2026-06-17T10:03:16.691+0800][4.785s][info][gc,phases   ] GC(137) O: Concurrent Remap Roots 13.143ms
[2026-06-17T10:03:16.692+0800][4.785s][info][gc,phases   ] GC(137) O: Pause Relocate Start 0.010ms
[2026-06-17T10:03:16.692+0800][4.785s][info][gc,phases   ] GC(137) O: Concurrent Relocate 0.060ms
[2026-06-17T10:03:16.692+0800][4.785s][info][gc,alloc    ] GC(137) O:                         Mark Start        Mark End      Relocate Start    Relocate End   
[2026-06-17T10:03:16.692+0800][4.785s][info][gc,alloc    ] GC(137) O: Allocation Stalls:          1                1                1                1         
[2026-06-17T10:03:16.692+0800][4.785s][info][gc,load     ] GC(137) O: Load: 0.38 (2%) / 0.43 (2%) / 0.50 (2%)
[2026-06-17T10:03:16.692+0800][4.785s][info][gc,mmu      ] GC(137) O: MMU: 2ms/96.6%, 5ms/98.5%, 10ms/98.9%, 20ms/99.4%, 50ms/99.6%, 100ms/99.7%
[2026-06-17T10:03:16.692+0800][4.785s][info][gc,marking  ] GC(137) O: Mark: 1 stripe(s), 1 proactive flush(es), 1 terminate flush(es), 0 completion(s), 0 continuation(s) 
[2026-06-17T10:03:16.692+0800][4.786s][info][gc,marking  ] GC(137) O: Mark Stack Usage: 32M
[2026-06-17T10:03:16.692+0800][4.786s][info][gc,nmethod  ] GC(137) O: NMethods: 72 registered, 5 unregistered
[2026-06-17T10:03:16.692+0800][4.786s][info][gc,metaspace] GC(137) O: Metaspace: 0M used, 0M committed, 1088M reserved
[2026-06-17T10:03:16.692+0800][4.786s][info][gc,ref      ] GC(137) O:                       Encountered   Discovered     Enqueued 
[2026-06-17T10:03:16.693+0800][4.786s][info][gc,ref      ] GC(137) O: Soft References:                0            0            0 
[2026-06-17T10:03:16.693+0800][4.786s][info][gc,ref      ] GC(137) O: Weak References:                6            0            0 
[2026-06-17T10:03:16.693+0800][4.786s][info][gc,ref      ] GC(137) O: Final References:               0            0            0 
[2026-06-17T10:03:16.693+0800][4.786s][info][gc,ref      ] GC(137) O: Phantom References:             1            1            0 
[2026-06-17T10:03:16.693+0800][4.786s][info][gc,reloc    ] GC(137) O:                        Candidates     Selected     In-Place         Size        Empty    Relocated 
[2026-06-17T10:03:16.693+0800][4.786s][info][gc,reloc    ] GC(137) O: Small Pages:                    3            0            0           6M           0M           0M 
[2026-06-17T10:03:16.693+0800][4.786s][info][gc,reloc    ] GC(137) O: Large Pages:                   29            0            0          58M           0M           0M 
[2026-06-17T10:03:16.693+0800][4.786s][info][gc,reloc    ] GC(137) O: Forwarding Usage: 0M
[2026-06-17T10:03:16.693+0800][4.787s][info][gc,heap     ] GC(137) O: Min Capacity: 64M(100%)
[2026-06-17T10:03:16.693+0800][4.787s][info][gc,heap     ] GC(137) O: Max Capacity: 64M(100%)
[2026-06-17T10:03:16.693+0800][4.787s][info][gc,heap     ] GC(137) O: Soft Max Capacity: 64M(100%)
[2026-06-17T10:03:16.693+0800][4.787s][info][gc,heap     ] GC(137) O: Heap Statistics:
[2026-06-17T10:03:16.694+0800][4.787s][info][gc,heap     ] GC(137) O:                Mark Start          Mark End        Relocate Start      Relocate End           High               Low         
[2026-06-17T10:03:16.694+0800][4.787s][info][gc,heap     ] GC(137) O:  Capacity:       64M (100%)         64M (100%)         64M (100%)         64M (100%)         64M (100%)         64M (100%)   
[2026-06-17T10:03:16.694+0800][4.787s][info][gc,heap     ] GC(137) O:      Free:        0M (0%)            0M (0%)            0M (0%)            0M (0%)            0M (0%)            0M (0%)     
[2026-06-17T10:03:16.694+0800][4.787s][info][gc,heap     ] GC(137) O:      Used:       64M (100%)         64M (100%)         64M (100%)         64M (100%)         64M (100%)         64M (100%)   
[2026-06-17T10:03:16.694+0800][4.787s][info][gc,heap     ] GC(137) O: Old Generation Statistics:
[2026-06-17T10:03:16.694+0800][4.787s][info][gc,heap     ] GC(137) O:                Mark Start          Mark End        Relocate Start      Relocate End    
[2026-06-17T10:03:16.694+0800][4.787s][info][gc,heap     ] GC(137) O:      Used:       64M (100%)         64M (100%)         64M (100%)         64M (100%)   
[2026-06-17T10:03:16.694+0800][4.787s][info][gc,heap     ] GC(137) O:      Live:         -                62M (97%)          62M (97%)          62M (97%)    
[2026-06-17T10:03:16.694+0800][4.788s][info][gc,heap     ] GC(137) O:   Garbage:         -                 1M (3%)            1M (3%)            1M (3%)     
[2026-06-17T10:03:16.695+0800][4.788s][info][gc,heap     ] GC(137) O: Allocated:         -                 0M (0%)            0M (0%)            0M (0%)     
[2026-06-17T10:03:16.695+0800][4.788s][info][gc,heap     ] GC(137) O: Reclaimed:         -                  -                 0M (0%)            0M (0%)     
[2026-06-17T10:03:16.695+0800][4.788s][info][gc,heap     ] GC(137) O: Compacted:         -                  -                  -                 0M (0%)     
[2026-06-17T10:03:16.695+0800][4.788s][info][gc,phases   ] GC(137) O: Old Generation 64M(100%)->64M(100%) 0.016s
[2026-06-17T10:03:16.695+0800][4.788s][info][gc          ] GC(137) Major Collection (Allocation Stall) 64M(100%)->64M(100%) 0.029s
[2026-06-17T10:03:16.695+0800][4.789s][info][gc          ] Allocation Stall (main) 34.312ms
[2026-06-17T10:03:16.695+0800][4.789s][info][gc          ] Out Of Memory (main)
[2026-06-17T10:03:16.696+0800][4.789s][info][gc          ] GC(138) Minor Collection (Allocation Stall)
[2026-06-17T10:03:16.696+0800][4.789s][info][gc,task     ] GC(138) Using 1 Workers for Young Generation
[2026-06-17T10:03:16.696+0800][4.789s][info][gc,phases   ] GC(138) y: Young Generation
[2026-06-17T10:03:16.696+0800][4.789s][info][gc,phases   ] GC(138) y: Pause Mark Start 0.009ms
[2026-06-17T10:03:16.696+0800][4.790s][info][gc,phases   ] GC(138) y: Concurrent Mark 0.437ms
[2026-06-17T10:03:16.697+0800][4.790s][info][gc,phases   ] GC(138) y: Pause Mark End 0.006ms
[2026-06-17T10:03:16.697+0800][4.790s][info][gc,phases   ] GC(138) y: Concurrent Mark Free 0.001ms
[2026-06-17T10:03:16.697+0800][4.790s][info][gc,phases   ] GC(138) y: Concurrent Reset Relocation Set 0.000ms
[2026-06-17T10:03:16.697+0800][4.791s][info][gc,reloc    ] GC(138) y: Using tenuring threshold: 0 (Computed)
[2026-06-17T10:03:16.698+0800][4.791s][info][gc,phases   ] GC(138) y: Concurrent Select Relocation Set 0.793ms
[2026-06-17T10:03:16.698+0800][4.791s][info][gc,phases   ] GC(138) y: Pause Relocate Start 0.005ms
[2026-06-17T10:03:16.698+0800][4.791s][info][gc,phases   ] GC(138) y: Concurrent Relocate 0.085ms
[2026-06-17T10:03:16.698+0800][4.791s][info][gc,alloc    ] GC(138) y:                         Mark Start        Mark End      Relocate Start    Relocate End   
[2026-06-17T10:03:16.698+0800][4.791s][info][gc,alloc    ] GC(138) y: Allocation Stalls:          1                1                1                1         
[2026-06-17T10:03:16.698+0800][4.792s][info][gc,load     ] GC(138) y: Load: 0.38 (2%) / 0.43 (2%) / 0.50 (2%)
[2026-06-17T10:03:16.698+0800][4.792s][info][gc,mmu      ] GC(138) y: MMU: 2ms/96.6%, 5ms/98.5%, 10ms/98.9%, 20ms/99.4%, 50ms/99.6%, 100ms/99.7%
[2026-06-17T10:03:16.698+0800][4.792s][info][gc,marking  ] GC(138) y: Mark: 1 stripe(s), 1 proactive flush(es), 1 terminate flush(es), 0 completion(s), 0 continuation(s) 
[2026-06-17T10:03:16.699+0800][4.792s][info][gc,marking  ] GC(138) y: Mark Stack Usage: 0M
[2026-06-17T10:03:16.699+0800][4.792s][info][gc,nmethod  ] GC(138) y: NMethods: 72 registered, 5 unregistered
[2026-06-17T10:03:16.699+0800][4.792s][info][gc,metaspace] GC(138) y: Metaspace: 0M used, 0M committed, 1088M reserved
[2026-06-17T10:03:16.699+0800][4.792s][info][gc,heap     ] GC(138) y: Min Capacity: 64M(100%)
[2026-06-17T10:03:16.699+0800][4.792s][info][gc,heap     ] GC(138) y: Max Capacity: 64M(100%)
[2026-06-17T10:03:16.699+0800][4.792s][info][gc,heap     ] GC(138) y: Soft Max Capacity: 64M(100%)
[2026-06-17T10:03:16.699+0800][4.792s][info][gc,heap     ] GC(138) y: Heap Statistics:
[2026-06-17T10:03:16.699+0800][4.792s][info][gc,heap     ] GC(138) y:                Mark Start          Mark End        Relocate Start      Relocate End           High               Low         
[2026-06-17T10:03:16.699+0800][4.792s][info][gc,heap     ] GC(138) y:  Capacity:       64M (100%)         64M (100%)         64M (100%)         64M (100%)         64M (100%)         64M (100%)   
[2026-06-17T10:03:16.699+0800][4.793s][info][gc,heap     ] GC(138) y:      Free:        0M (0%)            0M (0%)            0M (0%)            0M (0%)            0M (0%)            0M (0%)     
[2026-06-17T10:03:16.699+0800][4.793s][info][gc,heap     ] GC(138) y:      Used:       64M (100%)         64M (100%)         64M (100%)         64M (100%)         64M (100%)         64M (100%)   
[2026-06-17T10:03:16.699+0800][4.793s][info][gc,heap     ] GC(138) y: Young Generation Statistics:
[2026-06-17T10:03:16.699+0800][4.793s][info][gc,heap     ] GC(138) y:                Mark Start          Mark End        Relocate Start      Relocate End    
[2026-06-17T10:03:16.700+0800][4.793s][info][gc,heap     ] GC(138) y:      Used:        0M (0%)            0M (0%)            0M (0%)            0M (0%)     
[2026-06-17T10:03:16.700+0800][4.793s][info][gc,heap     ] GC(138) y:      Live:         -                 0M (0%)            0M (0%)            0M (0%)     
[2026-06-17T10:03:16.700+0800][4.793s][info][gc,heap     ] GC(138) y:   Garbage:         -                 0M (0%)            0M (0%)            0M (0%)     
[2026-06-17T10:03:16.700+0800][4.793s][info][gc,heap     ] GC(138) y: Allocated:         -                 0M (0%)            0M (0%)            0M (0%)     
[2026-06-17T10:03:16.700+0800][4.793s][info][gc,heap     ] GC(138) y: Reclaimed:         -                  -                 0M (0%)            0M (0%)     
[2026-06-17T10:03:16.700+0800][4.793s][info][gc,heap     ] GC(138) y:  Promoted:         -                  -                 0M (0%)            0M (0%)     
[2026-06-17T10:03:16.700+0800][4.793s][info][gc,heap     ] GC(138) y: Compacted:         -                  -                  -                 0M (0%)     
[2026-06-17T10:03:16.700+0800][4.793s][info][gc,phases   ] GC(138) y: Young Generation 64M(100%)->64M(100%) 0.002s
[2026-06-17T10:03:16.700+0800][4.794s][info][gc          ] GC(138) Minor Collection (Allocation Stall) 64M(100%)->64M(100%) 0.005s
[2026-06-17T10:03:16.700+0800][4.794s][info][gc          ] GC(139) Major Collection (Allocation Stall)
[2026-06-17T10:03:16.701+0800][4.794s][info][gc,task     ] GC(139) Using 1 Workers for Young Generation
[2026-06-17T10:03:16.701+0800][4.794s][info][gc,task     ] GC(139) Using 1 Workers for Old Generation
[2026-06-17T10:03:16.701+0800][4.794s][info][gc,phases   ] GC(139) Y: Young Generation (Promote All)
[2026-06-17T10:03:16.701+0800][4.794s][info][gc,phases   ] GC(139) Y: Pause Mark Start 0.008ms
[2026-06-17T10:03:16.701+0800][4.795s][info][gc,phases   ] GC(139) Y: Concurrent Mark 0.418ms
[2026-06-17T10:03:16.702+0800][4.795s][info][gc,phases   ] GC(139) Y: Pause Mark End 0.005ms
[2026-06-17T10:03:16.702+0800][4.795s][info][gc,phases   ] GC(139) Y: Concurrent Mark Free 0.000ms
[2026-06-17T10:03:16.702+0800][4.795s][info][gc,phases   ] GC(139) Y: Concurrent Reset Relocation Set 0.000ms
[2026-06-17T10:03:16.702+0800][4.796s][info][gc,reloc    ] GC(139) Y: Using tenuring threshold: 0 (Promote All)
[2026-06-17T10:03:16.703+0800][4.796s][info][gc,phases   ] GC(139) Y: Concurrent Select Relocation Set 0.753ms
[2026-06-17T10:03:16.703+0800][4.796s][info][gc,phases   ] GC(139) Y: Pause Relocate Start 0.004ms
[2026-06-17T10:03:16.703+0800][4.796s][info][gc,phases   ] GC(139) Y: Concurrent Relocate 0.086ms
[2026-06-17T10:03:16.703+0800][4.796s][info][gc,alloc    ] GC(139) Y:                         Mark Start        Mark End      Relocate Start    Relocate End   
[2026-06-17T10:03:16.703+0800][4.797s][info][gc,alloc    ] GC(139) Y: Allocation Stalls:          1                1                1                1         
[2026-06-17T10:03:16.703+0800][4.797s][info][gc,load     ] GC(139) Y: Load: 0.38 (2%) / 0.43 (2%) / 0.50 (2%)
[2026-06-17T10:03:16.703+0800][4.797s][info][gc,mmu      ] GC(139) Y: MMU: 2ms/96.6%, 5ms/98.5%, 10ms/98.9%, 20ms/99.4%, 50ms/99.6%, 100ms/99.7%
[2026-06-17T10:03:16.703+0800][4.797s][info][gc,marking  ] GC(139) Y: Mark: 1 stripe(s), 1 proactive flush(es), 1 terminate flush(es), 0 completion(s), 0 continuation(s) 
[2026-06-17T10:03:16.704+0800][4.797s][info][gc,marking  ] GC(139) Y: Mark Stack Usage: 0M
[2026-06-17T10:03:16.704+0800][4.797s][info][gc,nmethod  ] GC(139) Y: NMethods: 72 registered, 5 unregistered
[2026-06-17T10:03:16.704+0800][4.797s][info][gc,metaspace] GC(139) Y: Metaspace: 0M used, 0M committed, 1088M reserved
[2026-06-17T10:03:16.704+0800][4.797s][info][gc,heap     ] GC(139) Y: Min Capacity: 64M(100%)
[2026-06-17T10:03:16.704+0800][4.797s][info][gc,heap     ] GC(139) Y: Max Capacity: 64M(100%)
[2026-06-17T10:03:16.704+0800][4.797s][info][gc,heap     ] GC(139) Y: Soft Max Capacity: 64M(100%)
[2026-06-17T10:03:16.704+0800][4.797s][info][gc,heap     ] GC(139) Y: Heap Statistics:
[2026-06-17T10:03:16.704+0800][4.797s][info][gc,heap     ] GC(139) Y:                Mark Start          Mark End        Relocate Start      Relocate End           High               Low         
[2026-06-17T10:03:16.704+0800][4.798s][info][gc,heap     ] GC(139) Y:  Capacity:       64M (100%)         64M (100%)         64M (100%)         64M (100%)         64M (100%)         64M (100%)   
[2026-06-17T10:03:16.704+0800][4.798s][info][gc,heap     ] GC(139) Y:      Free:        0M (0%)            0M (0%)            0M (0%)            0M (0%)            0M (0%)            0M (0%)     
[2026-06-17T10:03:16.704+0800][4.798s][info][gc,heap     ] GC(139) Y:      Used:       64M (100%)         64M (100%)         64M (100%)         64M (100%)         64M (100%)         64M (100%)   
[2026-06-17T10:03:16.704+0800][4.798s][info][gc,heap     ] GC(139) Y: Young Generation Statistics:
[2026-06-17T10:03:16.704+0800][4.798s][info][gc,heap     ] GC(139) Y:                Mark Start          Mark End        Relocate Start      Relocate End    
[2026-06-17T10:03:16.705+0800][4.798s][info][gc,heap     ] GC(139) Y:      Used:        0M (0%)            0M (0%)            0M (0%)            0M (0%)     
[2026-06-17T10:03:16.705+0800][4.798s][info][gc,heap     ] GC(139) Y:      Live:         -                 0M (0%)            0M (0%)            0M (0%)     
[2026-06-17T10:03:16.705+0800][4.798s][info][gc,heap     ] GC(139) Y:   Garbage:         -                 0M (0%)            0M (0%)            0M (0%)     
[2026-06-17T10:03:16.705+0800][4.798s][info][gc,heap     ] GC(139) Y: Allocated:         -                 0M (0%)            0M (0%)            0M (0%)     
[2026-06-17T10:03:16.705+0800][4.798s][info][gc,heap     ] GC(139) Y: Reclaimed:         -                  -                 0M (0%)            0M (0%)     
[2026-06-17T10:03:16.705+0800][4.798s][info][gc,heap     ] GC(139) Y:  Promoted:         -                  -                 0M (0%)            0M (0%)     
[2026-06-17T10:03:16.705+0800][4.798s][info][gc,heap     ] GC(139) Y: Compacted:         -                  -                  -                 0M (0%)     
[2026-06-17T10:03:16.705+0800][4.798s][info][gc,phases   ] GC(139) Y: Young Generation (Promote All) 64M(100%)->64M(100%) 0.002s
[2026-06-17T10:03:16.705+0800][4.798s][info][gc,phases   ] GC(139) Y: Young Generation (Collect Roots)
[2026-06-17T10:03:16.705+0800][4.798s][info][gc,phases   ] GC(139) Y: Pause Mark Start (Major) 0.007ms
[2026-06-17T10:03:16.706+0800][4.799s][info][gc,phases   ] GC(139) Y: Concurrent Mark 0.361ms
[2026-06-17T10:03:16.706+0800][4.799s][info][gc,phases   ] GC(139) Y: Pause Mark End 0.004ms
[2026-06-17T10:03:16.706+0800][4.799s][info][gc,phases   ] GC(139) Y: Concurrent Mark Free 0.000ms
[2026-06-17T10:03:16.706+0800][4.799s][info][gc,phases   ] GC(139) Y: Concurrent Reset Relocation Set 0.000ms
[2026-06-17T10:03:16.707+0800][4.800s][info][gc,reloc    ] GC(139) Y: Using tenuring threshold: 0 (Computed)
[2026-06-17T10:03:16.707+0800][4.800s][info][gc,phases   ] GC(139) Y: Concurrent Select Relocation Set 0.918ms
[2026-06-17T10:03:16.707+0800][4.800s][info][gc,phases   ] GC(139) Y: Pause Relocate Start 0.005ms
[2026-06-17T10:03:16.707+0800][4.801s][info][gc,phases   ] GC(139) Y: Concurrent Relocate 0.084ms
[2026-06-17T10:03:16.707+0800][4.801s][info][gc,alloc    ] GC(139) Y:                         Mark Start        Mark End      Relocate Start    Relocate End   
[2026-06-17T10:03:16.707+0800][4.801s][info][gc,alloc    ] GC(139) Y: Allocation Stalls:          1                1                1                1         
[2026-06-17T10:03:16.708+0800][4.801s][info][gc,load     ] GC(139) Y: Load: 0.38 (2%) / 0.43 (2%) / 0.50 (2%)
[2026-06-17T10:03:16.708+0800][4.801s][info][gc,mmu      ] GC(139) Y: MMU: 2ms/96.6%, 5ms/98.5%, 10ms/98.9%, 20ms/99.4%, 50ms/99.6%, 100ms/99.7%
[2026-06-17T10:03:16.708+0800][4.801s][info][gc,marking  ] GC(139) Y: Mark: 1 stripe(s), 1 proactive flush(es), 1 terminate flush(es), 0 completion(s), 0 continuation(s) 
[2026-06-17T10:03:16.708+0800][4.801s][info][gc,marking  ] GC(139) Y: Mark Stack Usage: 0M
[2026-06-17T10:03:16.708+0800][4.801s][info][gc,nmethod  ] GC(139) Y: NMethods: 72 registered, 5 unregistered
[2026-06-17T10:03:16.708+0800][4.801s][info][gc,metaspace] GC(139) Y: Metaspace: 0M used, 0M committed, 1088M reserved
[2026-06-17T10:03:16.708+0800][4.801s][info][gc,heap     ] GC(139) Y: Min Capacity: 64M(100%)
[2026-06-17T10:03:16.708+0800][4.801s][info][gc,heap     ] GC(139) Y: Max Capacity: 64M(100%)
[2026-06-17T10:03:16.708+0800][4.801s][info][gc,heap     ] GC(139) Y: Soft Max Capacity: 64M(100%)
[2026-06-17T10:03:16.708+0800][4.802s][info][gc,heap     ] GC(139) Y: Heap Statistics:
[2026-06-17T10:03:16.708+0800][4.802s][info][gc,heap     ] GC(139) Y:                Mark Start          Mark End        Relocate Start      Relocate End           High               Low         
[2026-06-17T10:03:16.708+0800][4.802s][info][gc,heap     ] GC(139) Y:  Capacity:       64M (100%)         64M (100%)         64M (100%)         64M (100%)         64M (100%)         64M (100%)   
[2026-06-17T10:03:16.708+0800][4.802s][info][gc,heap     ] GC(139) Y:      Free:        0M (0%)            0M (0%)            0M (0%)            0M (0%)            0M (0%)            0M (0%)     
[2026-06-17T10:03:16.708+0800][4.802s][info][gc,heap     ] GC(139) Y:      Used:       64M (100%)         64M (100%)         64M (100%)         64M (100%)         64M (100%)         64M (100%)   
[2026-06-17T10:03:16.709+0800][4.802s][info][gc,heap     ] GC(139) Y: Young Generation Statistics:
[2026-06-17T10:03:16.709+0800][4.802s][info][gc,heap     ] GC(139) Y:                Mark Start          Mark End        Relocate Start      Relocate End    
[2026-06-17T10:03:16.709+0800][4.802s][info][gc,heap     ] GC(139) Y:      Used:        0M (0%)            0M (0%)            0M (0%)            0M (0%)     
[2026-06-17T10:03:16.709+0800][4.802s][info][gc,heap     ] GC(139) Y:      Live:         -                 0M (0%)            0M (0%)            0M (0%)     
[2026-06-17T10:03:16.709+0800][4.802s][info][gc,heap     ] GC(139) Y:   Garbage:         -                 0M (0%)            0M (0%)            0M (0%)     
[2026-06-17T10:03:16.709+0800][4.802s][info][gc,heap     ] GC(139) Y: Allocated:         -                 0M (0%)            0M (0%)            0M (0%)     
[2026-06-17T10:03:16.709+0800][4.802s][info][gc,heap     ] GC(139) Y: Reclaimed:         -                  -                 0M (0%)            0M (0%)     
[2026-06-17T10:03:16.709+0800][4.802s][info][gc,heap     ] GC(139) Y:  Promoted:         -                  -                 0M (0%)            0M (0%)     
[2026-06-17T10:03:16.709+0800][4.802s][info][gc,heap     ] GC(139) Y: Compacted:         -                  -                  -                 0M (0%)     
[2026-06-17T10:03:16.709+0800][4.802s][info][gc,phases   ] GC(139) Y: Young Generation (Collect Roots) 64M(100%)->64M(100%) 0.002s
[2026-06-17T10:03:16.709+0800][4.803s][info][gc,phases   ] GC(139) O: Old Generation
[2026-06-17T10:03:16.710+0800][4.804s][info][gc,phases   ] GC(139) O: Concurrent Mark 0.893ms
[2026-06-17T10:03:16.710+0800][4.804s][info][gc,phases   ] GC(139) O: Pause Mark End 0.005ms
[2026-06-17T10:03:16.711+0800][4.804s][info][gc,phases   ] GC(139) O: Concurrent Mark Free 0.001ms
[2026-06-17T10:03:16.711+0800][4.804s][info][gc,ref      ] GC(139) O: Clearing All SoftReferences
[2026-06-17T10:03:16.711+0800][4.804s][info][gc,phases   ] GC(139) O: Concurrent Process Non-Strong 0.329ms
[2026-06-17T10:03:16.711+0800][4.804s][info][gc,phases   ] GC(139) O: Concurrent Reset Relocation Set 0.001ms
[2026-06-17T10:03:16.712+0800][4.805s][info][gc          ] Allocation Stall (main) 16.318ms
[2026-06-17T10:03:16.712+0800][4.805s][info][gc,phases   ] GC(139) O: Concurrent Select Relocation Set 0.706ms
[2026-06-17T10:03:16.712+0800][4.805s][info][gc,task     ] GC(139) O: Using 1 Workers for Old Generation
[2026-06-17T10:03:16.725+0800][4.818s][info][gc,task     ] GC(139) O: Using 1 Workers for Old Generation
[2026-06-17T10:03:16.725+0800][4.819s][info][gc,phases   ] GC(139) O: Concurrent Remap Roots 13.152ms
[2026-06-17T10:03:16.726+0800][4.819s][info][gc,exit     ] Stopping ZGC
[2026-06-17T10:03:16.726+0800][4.819s][info][gc,phases   ] GC(139) O: Pause Relocate Start 0.009ms
[2026-06-17T10:03:16.726+0800][4.819s][info][gc,phases   ] GC(139) O: Old Generation Aborted
[2026-06-17T10:03:16.726+0800][4.819s][info][gc          ] GC(139) Major Collection (Allocation Stall) Aborted
[2026-06-17T10:03:16.726+0800][4.820s][info][gc,stats    ] === Garbage Collection Statistics =======================================================================================================================
[2026-06-17T10:03:16.727+0800][4.820s][info][gc,stats    ]                                                              Last 10s              Last 10m              Last 10h                Total
[2026-06-17T10:03:16.727+0800][4.820s][info][gc,stats    ]                                                              Avg / Max             Avg / Max             Avg / Max             Avg / Max
[2026-06-17T10:03:16.727+0800][4.820s][info][gc,stats    ]        Contention: Mark Segment Reset Contention                     0 / 0                 0 / 0                 0 / 0                 0 / 0           ops/s
[2026-06-17T10:03:16.727+0800][4.820s][info][gc,stats    ]        Contention: Mark SeqNum Reset Contention                      0 / 0                 0 / 0                 0 / 0                 0 / 0           ops/s
[2026-06-17T10:03:16.727+0800][4.820s][info][gc,stats    ]          Critical: Allocation Stall                                 14 / 16               14 / 16               14 / 16               14 / 16          ops/s
[2026-06-17T10:03:16.727+0800][4.820s][info][gc,stats    ]          Critical: Allocation Stall                             32.017 / 117.923      32.017 / 117.923      32.017 / 117.923      32.017 / 117.923     ms
[2026-06-17T10:03:16.727+0800][4.820s][info][gc,stats    ]          Critical: JNI Critical Stall                                0 / 0                 0 / 0                 0 / 0                 0 / 0           ops/s
[2026-06-17T10:03:16.727+0800][4.820s][info][gc,stats    ]          Critical: JNI Critical Stall                            0.000 / 0.000         0.000 / 0.000         0.000 / 0.000         0.000 / 0.000       ms
[2026-06-17T10:03:16.727+0800][4.821s][info][gc,stats    ]          Critical: Relocation Stall                                  0 / 1                 0 / 1                 0 / 1                 0 / 1           ops/s
[2026-06-17T10:03:16.727+0800][4.821s][info][gc,stats    ]          Critical: Relocation Stall                              0.329 / 0.487         0.329 / 0.487         0.329 / 0.487         0.329 / 0.487       ms
[2026-06-17T10:03:16.727+0800][4.821s][info][gc,stats    ]  Major Collection: Major Collection                             51.105 / 223.666      51.105 / 223.666      51.105 / 223.666      51.105 / 223.666     ms
[2026-06-17T10:03:16.727+0800][4.821s][info][gc,stats    ]            Memory: Allocation Rate                                 161 / 238             161 / 238             161 / 238             161 / 238         MB/s
[2026-06-17T10:03:16.727+0800][4.821s][info][gc,stats    ]            Memory: Defragment                                        0 / 0                 0 / 0                 0 / 0                 0 / 0           ops/s
[2026-06-17T10:03:16.728+0800][4.821s][info][gc,stats    ]            Memory: Out Of Memory                                     1 / 2                 1 / 2                 1 / 2                 1 / 2           ops/s
[2026-06-17T10:03:16.728+0800][4.821s][info][gc,stats    ]            Memory: Page Cache Flush                                 24 / 30               24 / 30               24 / 30               24 / 30          MB/s
[2026-06-17T10:03:16.728+0800][4.821s][info][gc,stats    ]            Memory: Page Cache Hit L1                                62 / 90               62 / 90               62 / 90               62 / 90          ops/s
[2026-06-17T10:03:16.728+0800][4.821s][info][gc,stats    ]            Memory: Page Cache Hit L2                                 0 / 0                 0 / 0                 0 / 0                 0 / 0           ops/s
[2026-06-17T10:03:16.728+0800][4.821s][info][gc,stats    ]            Memory: Page Cache Hit L3                                17 / 36               17 / 36               17 / 36               17 / 36          ops/s
[2026-06-17T10:03:16.728+0800][4.821s][info][gc,stats    ]            Memory: Page Cache Miss                                  12 / 16               12 / 16               12 / 16               12 / 16          ops/s
[2026-06-17T10:03:16.728+0800][4.821s][info][gc,stats    ]            Memory: Uncommit                                          0 / 0                 0 / 0                 0 / 0                 0 / 0           MB/s
[2026-06-17T10:03:16.728+0800][4.821s][info][gc,stats    ]            Memory: Undo Object Allocation Failed                     0 / 0                 0 / 0                 0 / 0                 0 / 0           ops/s
[2026-06-17T10:03:16.728+0800][4.822s][info][gc,stats    ]            Memory: Undo Object Allocation Succeeded                  0 / 0                 0 / 0                 0 / 0                 0 / 0           ops/s
[2026-06-17T10:03:16.728+0800][4.822s][info][gc,stats    ]            Memory: Undo Page Allocation                              0 / 0                 0 / 0                 0 / 0                 0 / 0           ops/s
[2026-06-17T10:03:16.728+0800][4.822s][info][gc,stats    ]  Minor Collection: Minor Collection                             13.032 / 112.735      13.032 / 112.735      13.032 / 112.735      13.032 / 112.735     ms
[2026-06-17T10:03:16.728+0800][4.822s][info][gc,stats    ]    Old Generation: Old Generation                               27.569 / 174.809      27.569 / 174.809      27.569 / 174.809      27.569 / 174.809     ms
[2026-06-17T10:03:16.729+0800][4.822s][info][gc,stats    ]         Old Pause: Pause Mark End                                0.008 / 0.013         0.008 / 0.013         0.008 / 0.013         0.008 / 0.013       ms
[2026-06-17T10:03:16.729+0800][4.822s][info][gc,stats    ]         Old Pause: Pause Relocate Start                          0.012 / 0.047         0.012 / 0.047         0.012 / 0.047         0.012 / 0.047       ms
[2026-06-17T10:03:16.729+0800][4.822s][info][gc,stats    ]         Old Phase: Concurrent Mark                               0.987 / 1.500         0.987 / 1.500         0.987 / 1.500         0.987 / 1.500       ms
[2026-06-17T10:03:16.729+0800][4.822s][info][gc,stats    ]         Old Phase: Concurrent Mark Continue                      0.000 / 0.000         0.000 / 0.000         0.000 / 0.000         0.000 / 0.000       ms
[2026-06-17T10:03:16.729+0800][4.822s][info][gc,stats    ]         Old Phase: Concurrent Mark Free                          0.001 / 0.014         0.001 / 0.014         0.001 / 0.014         0.001 / 0.014       ms
[2026-06-17T10:03:16.729+0800][4.822s][info][gc,stats    ]         Old Phase: Concurrent Process Non-Strong                 0.375 / 0.578         0.375 / 0.578         0.375 / 0.578         0.375 / 0.578       ms
[2026-06-17T10:03:16.729+0800][4.822s][info][gc,stats    ]         Old Phase: Concurrent Relocate                           0.319 / 1.147         0.319 / 1.147         0.319 / 1.147         0.319 / 1.147       ms
[2026-06-17T10:03:16.729+0800][4.822s][info][gc,stats    ]         Old Phase: Concurrent Remap Roots                       13.446 / 22.740       13.446 / 22.740       13.446 / 22.740       13.446 / 22.740      ms
[2026-06-17T10:03:16.729+0800][4.822s][info][gc,stats    ]         Old Phase: Concurrent Reset Relocation Set               0.001 / 0.003         0.001 / 0.003         0.001 / 0.003         0.001 / 0.003       ms
[2026-06-17T10:03:16.729+0800][4.822s][info][gc,stats    ]         Old Phase: Concurrent Select Relocation Set              0.581 / 0.680         0.581 / 0.680         0.581 / 0.680         0.581 / 0.680       ms
[2026-06-17T10:03:16.729+0800][4.823s][info][gc,stats    ]      Old Subphase: Concurrent Classes Purge                      0.013 / 0.025         0.013 / 0.025         0.013 / 0.025         0.013 / 0.025       ms
[2026-06-17T10:03:16.729+0800][4.823s][info][gc,stats    ]      Old Subphase: Concurrent Classes Unlink                     0.094 / 0.155         0.094 / 0.155         0.094 / 0.155         0.094 / 0.155       ms
[2026-06-17T10:03:16.729+0800][4.823s][info][gc,stats    ]      Old Subphase: Concurrent Mark Follow                        0.880 / 1.393         0.880 / 1.393         0.880 / 1.393         0.880 / 1.393       ms
[2026-06-17T10:03:16.729+0800][4.823s][info][gc,stats    ]      Old Subphase: Concurrent Mark Root Colored                  0.017 / 0.027         0.017 / 0.027         0.017 / 0.027         0.017 / 0.027       ms
[2026-06-17T10:03:16.730+0800][4.823s][info][gc,stats    ]      Old Subphase: Concurrent Mark Root Uncolored                0.035 / 0.058         0.035 / 0.058         0.035 / 0.058         0.035 / 0.058       ms
[2026-06-17T10:03:16.730+0800][4.823s][info][gc,stats    ]      Old Subphase: Concurrent Mark Roots                         0.104 / 0.158         0.104 / 0.158         0.104 / 0.158         0.104 / 0.158       ms
[2026-06-17T10:03:16.730+0800][4.823s][info][gc,stats    ]      Old Subphase: Concurrent References Enqueue                 0.001 / 0.036         0.001 / 0.036         0.001 / 0.036         0.001 / 0.036       ms
[2026-06-17T10:03:16.730+0800][4.823s][info][gc,stats    ]      Old Subphase: Concurrent References Process                 0.120 / 0.277         0.120 / 0.277         0.120 / 0.277         0.120 / 0.277       ms
[2026-06-17T10:03:16.730+0800][4.823s][info][gc,stats    ]      Old Subphase: Concurrent Remap Remembered                  12.640 / 13.359       12.640 / 13.359       12.640 / 13.359       12.640 / 13.359      ms
[2026-06-17T10:03:16.730+0800][4.823s][info][gc,stats    ]      Old Subphase: Concurrent Remap Roots Colored                0.018 / 0.042         0.018 / 0.042         0.018 / 0.042         0.018 / 0.042       ms
[2026-06-17T10:03:16.730+0800][4.823s][info][gc,stats    ]      Old Subphase: Concurrent Remap Roots Uncolored              0.031 / 0.070         0.031 / 0.070         0.031 / 0.070         0.031 / 0.070       ms
[2026-06-17T10:03:16.730+0800][4.823s][info][gc,stats    ]      Old Subphase: Concurrent Roots ClassLoaderDataGraph         0.008 / 0.032         0.008 / 0.032         0.008 / 0.032         0.008 / 0.032       ms
[2026-06-17T10:03:16.730+0800][4.824s][info][gc,stats    ]      Old Subphase: Concurrent Roots CodeCache                    0.024 / 0.036         0.024 / 0.036         0.024 / 0.036         0.024 / 0.036       ms
[2026-06-17T10:03:16.730+0800][4.824s][info][gc,stats    ]      Old Subphase: Concurrent Roots JavaThreads                  0.015 / 0.058         0.015 / 0.058         0.015 / 0.058         0.015 / 0.058       ms
[2026-06-17T10:03:16.730+0800][4.824s][info][gc,stats    ]      Old Subphase: Concurrent Roots OopStorageSet                0.003 / 0.009         0.003 / 0.009         0.003 / 0.009         0.003 / 0.009       ms
[2026-06-17T10:03:16.730+0800][4.824s][info][gc,stats    ]      Old Subphase: Concurrent Weak Roots OopStorageSet           0.018 / 0.062         0.018 / 0.062         0.018 / 0.062         0.018 / 0.062       ms
[2026-06-17T10:03:16.731+0800][4.824s][info][gc,stats    ]            System: Java Threads                                     10 / 10               10 / 10               10 / 10               10 / 10          threads
[2026-06-17T10:03:16.731+0800][4.824s][info][gc,stats    ]  Young Generation: Young Generation                              4.172 / 10.881        4.172 / 10.881        4.172 / 10.881        4.172 / 10.881      ms
[2026-06-17T10:03:16.731+0800][4.824s][info][gc,stats    ]  Young Generation: Young Generation                              5.735 / 99.906        5.735 / 99.906        5.735 / 99.906        5.735 / 99.906      ms
[2026-06-17T10:03:16.731+0800][4.824s][info][gc,stats    ]  Young Generation: Young Generation (Collect Roots)              3.775 / 17.451        3.775 / 17.451        3.775 / 17.451        3.775 / 17.451      ms
[2026-06-17T10:03:16.731+0800][4.824s][info][gc,stats    ]  Young Generation: Young Generation (Promote All)                3.050 / 6.844         3.050 / 6.844         3.050 / 6.844         3.050 / 6.844       ms
[2026-06-17T10:03:16.731+0800][4.824s][info][gc,stats    ]       Young Pause: Pause Mark End                                0.007 / 0.059         0.007 / 0.059         0.007 / 0.059         0.007 / 0.059       ms
[2026-06-17T10:03:16.731+0800][4.824s][info][gc,stats    ]       Young Pause: Pause Mark Start                              0.011 / 0.034         0.011 / 0.034         0.011 / 0.034         0.011 / 0.034       ms
[2026-06-17T10:03:16.731+0800][4.825s][info][gc,stats    ]       Young Pause: Pause Mark Start (Major)                      0.013 / 0.040         0.013 / 0.040         0.013 / 0.040         0.013 / 0.040       ms
[2026-06-17T10:03:16.731+0800][4.825s][info][gc,stats    ]       Young Pause: Pause Relocate Start                          0.006 / 0.034         0.006 / 0.034         0.006 / 0.034         0.006 / 0.034       ms
[2026-06-17T10:03:16.732+0800][4.825s][info][gc,stats    ]       Young Phase: Concurrent Mark                               0.528 / 1.647         0.528 / 1.647         0.528 / 1.647         0.528 / 1.647       ms
[2026-06-17T10:03:16.732+0800][4.825s][info][gc,stats    ]       Young Phase: Concurrent Mark Continue                      0.000 / 0.000         0.000 / 0.000         0.000 / 0.000         0.000 / 0.000       ms
[2026-06-17T10:03:16.732+0800][4.825s][info][gc,stats    ]       Young Phase: Concurrent Mark Free                          0.005 / 0.050         0.005 / 0.050         0.005 / 0.050         0.005 / 0.050       ms
[2026-06-17T10:03:16.732+0800][4.825s][info][gc,stats    ]       Young Phase: Concurrent Relocate                           0.141 / 0.989         0.141 / 0.989         0.141 / 0.989         0.141 / 0.989       ms
[2026-06-17T10:03:16.732+0800][4.825s][info][gc,stats    ]       Young Phase: Concurrent Reset Relocation Set               0.002 / 0.009         0.002 / 0.009         0.002 / 0.009         0.002 / 0.009       ms
[2026-06-17T10:03:16.732+0800][4.825s][info][gc,stats    ]       Young Phase: Concurrent Select Relocation Set              0.951 / 3.324         0.951 / 3.324         0.951 / 3.324         0.951 / 3.324       ms
[2026-06-17T10:03:16.732+0800][4.825s][info][gc,stats    ]    Young Subphase: Concurrent Mark Follow                        0.358 / 1.209         0.358 / 1.209         0.358 / 1.209         0.358 / 1.209       ms
[2026-06-17T10:03:16.732+0800][4.825s][info][gc,stats    ]    Young Subphase: Concurrent Mark Root Colored                  0.044 / 0.146         0.044 / 0.146         0.044 / 0.146         0.044 / 0.146       ms
[2026-06-17T10:03:16.732+0800][4.826s][info][gc,stats    ]    Young Subphase: Concurrent Mark Root Uncolored                0.070 / 0.222         0.070 / 0.222         0.070 / 0.222         0.070 / 0.222       ms
[2026-06-17T10:03:16.732+0800][4.826s][info][gc,stats    ]    Young Subphase: Concurrent Mark Roots                         0.168 / 0.433         0.168 / 0.433         0.168 / 0.433         0.168 / 0.433       ms
[2026-06-17T10:03:16.732+0800][4.826s][info][gc,stats    ]    Young Subphase: Concurrent Relocate Remset FP                 0.037 / 0.432         0.037 / 0.432         0.037 / 0.432         0.037 / 0.432       ms
[2026-06-17T10:03:16.732+0800][4.826s][info][gc,stats    ]    Young Subphase: Concurrent Roots ClassLoaderDataGraph         0.012 / 0.058         0.012 / 0.058         0.012 / 0.058         0.012 / 0.058       ms
[2026-06-17T10:03:16.733+0800][4.826s][info][gc,stats    ]    Young Subphase: Concurrent Roots CodeCache                    0.028 / 0.057         0.028 / 0.057         0.028 / 0.057         0.028 / 0.057       ms
[2026-06-17T10:03:16.733+0800][4.826s][info][gc,stats    ]    Young Subphase: Concurrent Roots JavaThreads                  0.022 / 0.194         0.022 / 0.194         0.022 / 0.194         0.022 / 0.194       ms
[2026-06-17T10:03:16.733+0800][4.826s][info][gc,stats    ]    Young Subphase: Concurrent Roots OopStorageSet                0.004 / 0.085         0.004 / 0.085         0.004 / 0.085         0.004 / 0.085       ms
[2026-06-17T10:03:16.733+0800][4.826s][info][gc,stats    ]    Young Subphase: Concurrent Weak Roots OopStorageSet           0.027 / 0.103         0.027 / 0.103         0.027 / 0.103         0.027 / 0.103       ms
[2026-06-17T10:03:16.733+0800][4.826s][info][gc,stats    ] =========================================================================================================================================================
[2026-06-17T10:03:16.733+0800][4.826s][info][gc,heap,exit] Heap
[2026-06-17T10:03:16.733+0800][4.826s][info][gc,heap,exit]  ZHeap           used 4M, capacity 64M, max capacity 64M
[2026-06-17T10:03:16.733+0800][4.827s][info][gc,heap,exit]  Metaspace       used 163K, committed 384K, reserved 1114112K
[2026-06-17T10:03:16.733+0800][4.827s][info][gc,heap,exit]   class space    used 8K, committed 128K, reserved 1048576K
