[2026-06-17T10:01:02.379+0800][0.007s][info][gc,init] CardTable entry size: 512
[2026-06-17T10:01:02.380+0800][0.008s][info][gc     ] Using Parallel
[2026-06-17T10:01:02.381+0800][0.009s][info][gc,init] Version: 21.0.11+10-LTS (release)
[2026-06-17T10:01:02.381+0800][0.009s][info][gc,init] CPUs: 24 total, 24 available
[2026-06-17T10:01:02.382+0800][0.009s][info][gc,init] Memory: 15856M
[2026-06-17T10:01:02.382+0800][0.010s][info][gc,init] Large Page Support: Disabled
[2026-06-17T10:01:02.383+0800][0.010s][info][gc,init] NUMA Support: Disabled
[2026-06-17T10:01:02.383+0800][0.010s][info][gc,init] Compressed Oops: Enabled (32-bit)
[2026-06-17T10:01:02.383+0800][0.011s][info][gc,init] Alignments: Space 512K, Generation 512K, Heap 2M
[2026-06-17T10:01:02.385+0800][0.012s][info][gc,init] Heap Min Capacity: 64M
[2026-06-17T10:01:02.385+0800][0.013s][info][gc,init] Heap Initial Capacity: 64M
[2026-06-17T10:01:02.385+0800][0.013s][info][gc,init] Heap Max Capacity: 64M
[2026-06-17T10:01:02.386+0800][0.013s][info][gc,init] Pre-touch: Disabled
[2026-06-17T10:01:02.386+0800][0.014s][info][gc,init] Parallel Workers: 18
[2026-06-17T10:01:02.392+0800][0.019s][info][gc,metaspace] CDS archive(s) mapped at: [0x00007ce22b000000-0x00007ce22bbad000-0x00007ce22bbad000), size 12242944, SharedBaseAddress: 0x00007ce22b000000, ArchiveRelocationMode: 1.
[2026-06-17T10:01:02.392+0800][0.020s][info][gc,metaspace] Compressed class space mapped at: 0x00007ce22c000000-0x00007ce26c000000, reserved size: 1073741824
[2026-06-17T10:01:02.392+0800][0.020s][info][gc,metaspace] Narrow klass base: 0x00007ce22b000000, Narrow klass shift: 0, Narrow klass range: 0x100000000
[2026-06-17T10:01:02.466+0800][0.093s][info][gc,start    ] GC(0) Pause Young (Allocation Failure)
[2026-06-17T10:01:02.470+0800][0.098s][info][gc,heap     ] GC(0) PSYoungGen: 16359K(18944K)->2554K(18944K) Eden: 16359K(16384K)->0K(16384K) From: 0K(2560K)->2554K(2560K)
[2026-06-17T10:01:02.471+0800][0.098s][info][gc,heap     ] GC(0) ParOldGen: 999K(44032K)->3853K(44032K)
[2026-06-17T10:01:02.471+0800][0.099s][info][gc,metaspace] GC(0) Metaspace: 98K(320K)->98K(320K) NonClass: 90K(192K)->90K(192K) Class: 7K(128K)->7K(128K)
[2026-06-17T10:01:02.472+0800][0.099s][info][gc          ] GC(0) Pause Young (Allocation Failure) 16M->6M(61M) 5.944ms
[2026-06-17T10:01:02.472+0800][0.100s][info][gc,cpu      ] GC(0) User=0.01s Sys=0.00s Real=0.01s
[2026-06-17T10:01:02.506+0800][0.134s][info][gc,start    ] GC(1) Pause Young (Allocation Failure)
[2026-06-17T10:01:02.511+0800][0.139s][info][gc,heap     ] GC(1) PSYoungGen: 18795K(18944K)->2454K(18944K) Eden: 16240K(16384K)->0K(16384K) From: 2554K(2560K)->2454K(2560K)
[2026-06-17T10:01:02.511+0800][0.139s][info][gc,heap     ] GC(1) ParOldGen: 3853K(44032K)->6810K(44032K)
[2026-06-17T10:01:02.512+0800][0.140s][info][gc,metaspace] GC(1) Metaspace: 98K(320K)->98K(320K) NonClass: 90K(192K)->90K(192K) Class: 7K(128K)->7K(128K)
[2026-06-17T10:01:02.512+0800][0.140s][info][gc          ] GC(1) Pause Young (Allocation Failure) 22M->9M(61M) 6.110ms
[2026-06-17T10:01:02.513+0800][0.141s][info][gc,cpu      ] GC(1) User=0.00s Sys=0.01s Real=0.01s
[2026-06-17T10:01:02.567+0800][0.195s][info][gc,start    ] GC(2) Pause Young (Allocation Failure)
[2026-06-17T10:01:02.570+0800][0.197s][info][gc,heap     ] GC(2) PSYoungGen: 18838K(18944K)->2458K(18944K) Eden: 16384K(16384K)->0K(16384K) From: 2454K(2560K)->2458K(2560K)
[2026-06-17T10:01:02.570+0800][0.198s][info][gc,heap     ] GC(2) ParOldGen: 6810K(44032K)->8884K(44032K)
[2026-06-17T10:01:02.571+0800][0.198s][info][gc,metaspace] GC(2) Metaspace: 98K(320K)->98K(320K) NonClass: 90K(192K)->90K(192K) Class: 7K(128K)->7K(128K)
[2026-06-17T10:01:02.571+0800][0.199s][info][gc          ] GC(2) Pause Young (Allocation Failure) 25M->11M(61M) 3.893ms
[2026-06-17T10:01:02.572+0800][0.199s][info][gc,cpu      ] GC(2) User=0.00s Sys=0.00s Real=0.01s
[2026-06-17T10:01:02.617+0800][0.244s][info][gc,start    ] GC(3) Pause Young (Allocation Failure)
[2026-06-17T10:01:02.620+0800][0.247s][info][gc,heap     ] GC(3) PSYoungGen: 18809K(18944K)->2526K(18944K) Eden: 16350K(16384K)->0K(16384K) From: 2458K(2560K)->2526K(2560K)
[2026-06-17T10:01:02.620+0800][0.248s][info][gc,heap     ] GC(3) ParOldGen: 8884K(44032K)->11469K(44032K)
[2026-06-17T10:01:02.621+0800][0.248s][info][gc,metaspace] GC(3) Metaspace: 98K(320K)->98K(320K) NonClass: 90K(192K)->90K(192K) Class: 7K(128K)->7K(128K)
[2026-06-17T10:01:02.621+0800][0.249s][info][gc          ] GC(3) Pause Young (Allocation Failure) 27M->13M(61M) 5.027ms
[2026-06-17T10:01:02.622+0800][0.250s][info][gc,cpu      ] GC(3) User=0.00s Sys=0.01s Real=0.00s
[2026-06-17T10:01:02.656+0800][0.283s][info][gc,start    ] GC(4) Pause Young (Allocation Failure)
[2026-06-17T10:01:02.659+0800][0.286s][info][gc,heap     ] GC(4) PSYoungGen: 18696K(18944K)->2538K(18944K) Eden: 16169K(16384K)->0K(16384K) From: 2526K(2560K)->2538K(2560K)
[2026-06-17T10:01:02.659+0800][0.287s][info][gc,heap     ] GC(4) ParOldGen: 11469K(44032K)->13869K(44032K)
[2026-06-17T10:01:02.660+0800][0.288s][info][gc,metaspace] GC(4) Metaspace: 98K(320K)->98K(320K) NonClass: 90K(192K)->90K(192K) Class: 7K(128K)->7K(128K)
[2026-06-17T10:01:02.660+0800][0.288s][info][gc          ] GC(4) Pause Young (Allocation Failure) 29M->16M(61M) 4.869ms
[2026-06-17T10:01:02.661+0800][0.289s][info][gc,cpu      ] GC(4) User=0.00s Sys=0.00s Real=0.00s
[2026-06-17T10:01:02.704+0800][0.332s][info][gc,start    ] GC(5) Pause Young (Allocation Failure)
[2026-06-17T10:01:02.707+0800][0.335s][info][gc,heap     ] GC(5) PSYoungGen: 18890K(18944K)->2542K(9728K) Eden: 16351K(16384K)->0K(7168K) From: 2538K(2560K)->2542K(2560K)
[2026-06-17T10:01:02.708+0800][0.336s][info][gc,heap     ] GC(5) ParOldGen: 13869K(44032K)->19715K(44032K)
[2026-06-17T10:01:02.708+0800][0.336s][info][gc,metaspace] GC(5) Metaspace: 98K(320K)->98K(320K) NonClass: 90K(192K)->90K(192K) Class: 7K(128K)->7K(128K)
[2026-06-17T10:01:02.709+0800][0.336s][info][gc          ] GC(5) Pause Young (Allocation Failure) 31M->21M(52M) 4.345ms
[2026-06-17T10:01:02.709+0800][0.337s][info][gc,cpu      ] GC(5) User=0.01s Sys=0.00s Real=0.00s
[2026-06-17T10:01:02.731+0800][0.358s][info][gc,start    ] GC(6) Pause Young (Allocation Failure)
[2026-06-17T10:01:02.732+0800][0.360s][info][gc,heap     ] GC(6) PSYoungGen: 9665K(9728K)->3473K(14336K) Eden: 7123K(7168K)->0K(7168K) From: 2542K(2560K)->3473K(7168K)
[2026-06-17T10:01:02.733+0800][0.360s][info][gc,heap     ] GC(6) ParOldGen: 19715K(44032K)->19803K(44032K)
[2026-06-17T10:01:02.733+0800][0.361s][info][gc,metaspace] GC(6) Metaspace: 98K(320K)->98K(320K) NonClass: 90K(192K)->90K(192K) Class: 7K(128K)->7K(128K)
[2026-06-17T10:01:02.733+0800][0.361s][info][gc          ] GC(6) Pause Young (Allocation Failure) 28M->22M(57M) 2.872ms
[2026-06-17T10:01:02.734+0800][0.362s][info][gc,cpu      ] GC(6) User=0.00s Sys=0.00s Real=0.00s
[2026-06-17T10:01:02.756+0800][0.383s][info][gc,start    ] GC(7) Pause Young (Allocation Failure)
[2026-06-17T10:01:02.758+0800][0.385s][info][gc,heap     ] GC(7) PSYoungGen: 10627K(14336K)->3672K(14336K) Eden: 7153K(7168K)->0K(7168K) From: 3473K(7168K)->3672K(7168K)
[2026-06-17T10:01:02.758+0800][0.386s][info][gc,heap     ] GC(7) ParOldGen: 19803K(44032K)->19803K(44032K)
[2026-06-17T10:01:02.759+0800][0.386s][info][gc,metaspace] GC(7) Metaspace: 98K(320K)->98K(320K) NonClass: 90K(192K)->90K(192K) Class: 7K(128K)->7K(128K)
[2026-06-17T10:01:02.759+0800][0.387s][info][gc          ] GC(7) Pause Young (Allocation Failure) 29M->22M(57M) 3.316ms
[2026-06-17T10:01:02.759+0800][0.387s][info][gc,cpu      ] GC(7) User=0.00s Sys=0.00s Real=0.00s
[2026-06-17T10:01:02.771+0800][0.398s][info][gc,start    ] GC(8) Pause Young (Allocation Failure)
[2026-06-17T10:01:02.772+0800][0.400s][info][gc,heap     ] GC(8) PSYoungGen: 10675K(14336K)->2306K(14336K) Eden: 7003K(7168K)->0K(7168K) From: 3672K(7168K)->2306K(7168K)
[2026-06-17T10:01:02.772+0800][0.400s][info][gc,heap     ] GC(8) ParOldGen: 19803K(44032K)->21173K(44032K)
[2026-06-17T10:01:02.773+0800][0.401s][info][gc,metaspace] GC(8) Metaspace: 98K(320K)->98K(320K) NonClass: 90K(192K)->90K(192K) Class: 7K(128K)->7K(128K)
[2026-06-17T10:01:02.773+0800][0.401s][info][gc          ] GC(8) Pause Young (Allocation Failure) 29M->22M(57M) 2.457ms
[2026-06-17T10:01:02.773+0800][0.401s][info][gc,cpu      ] GC(8) User=0.00s Sys=0.00s Real=0.00s
[2026-06-17T10:01:02.795+0800][0.423s][info][gc,start    ] GC(9) Pause Young (Allocation Failure)
[2026-06-17T10:01:02.797+0800][0.425s][info][gc,heap     ] GC(9) PSYoungGen: 9449K(14336K)->4136K(14336K) Eden: 7143K(7168K)->0K(7168K) From: 2306K(7168K)->4136K(7168K)
[2026-06-17T10:01:02.798+0800][0.426s][info][gc,heap     ] GC(9) ParOldGen: 21173K(44032K)->23004K(44032K)
[2026-06-17T10:01:02.799+0800][0.426s][info][gc,metaspace] GC(9) Metaspace: 98K(320K)->98K(320K) NonClass: 90K(192K)->90K(192K) Class: 7K(128K)->7K(128K)
[2026-06-17T10:01:02.799+0800][0.427s][info][gc          ] GC(9) Pause Young (Allocation Failure) 29M->26M(57M) 4.169ms
[2026-06-17T10:01:02.799+0800][0.427s][info][gc,cpu      ] GC(9) User=0.01s Sys=0.00s Real=0.00s
[2026-06-17T10:01:02.821+0800][0.449s][info][gc,start    ] GC(10) Pause Young (Allocation Failure)
[2026-06-17T10:01:02.823+0800][0.450s][info][gc,heap     ] GC(10) PSYoungGen: 11260K(14336K)->2747K(14336K) Eden: 7124K(7168K)->0K(7168K) From: 4136K(7168K)->2747K(7168K)
[2026-06-17T10:01:02.823+0800][0.451s][info][gc,heap     ] GC(10) ParOldGen: 23004K(44032K)->24499K(44032K)
[2026-06-17T10:01:02.823+0800][0.451s][info][gc,metaspace] GC(10) Metaspace: 100K(320K)->100K(320K) NonClass: 92K(192K)->92K(192K) Class: 7K(128K)->7K(128K)
[2026-06-17T10:01:02.823+0800][0.451s][info][gc          ] GC(10) Pause Young (Allocation Failure) 33M->26M(57M) 1.927ms
[2026-06-17T10:01:02.824+0800][0.451s][info][gc,cpu      ] GC(10) User=0.00s Sys=0.01s Real=0.01s
[2026-06-17T10:01:02.845+0800][0.472s][info][gc,start    ] GC(11) Pause Young (Allocation Failure)
[2026-06-17T10:01:02.846+0800][0.474s][info][gc,heap     ] GC(11) PSYoungGen: 9873K(14336K)->895K(14336K) Eden: 7125K(7168K)->0K(7168K) From: 2747K(7168K)->895K(7168K)
[2026-06-17T10:01:02.846+0800][0.474s][info][gc,heap     ] GC(11) ParOldGen: 24499K(44032K)->26484K(44032K)
[2026-06-17T10:01:02.847+0800][0.474s][info][gc,metaspace] GC(11) Metaspace: 100K(320K)->100K(320K) NonClass: 92K(192K)->92K(192K) Class: 7K(128K)->7K(128K)
[2026-06-17T10:01:02.847+0800][0.474s][info][gc          ] GC(11) Pause Young (Allocation Failure) 33M->26M(57M) 2.053ms
[2026-06-17T10:01:02.847+0800][0.475s][info][gc,cpu      ] GC(11) User=0.00s Sys=0.00s Real=0.00s
[2026-06-17T10:01:02.858+0800][0.486s][info][gc,start    ] GC(12) Pause Young (Allocation Failure)
[2026-06-17T10:01:02.859+0800][0.487s][info][gc,heap     ] GC(12) PSYoungGen: 8033K(14336K)->4800K(14336K) Eden: 7138K(7168K)->0K(7168K) From: 895K(7168K)->4800K(7168K)
[2026-06-17T10:01:02.860+0800][0.487s][info][gc,heap     ] GC(12) ParOldGen: 26484K(44032K)->26484K(44032K)
[2026-06-17T10:01:02.860+0800][0.488s][info][gc,metaspace] GC(12) Metaspace: 100K(320K)->100K(320K) NonClass: 92K(192K)->92K(192K) Class: 7K(128K)->7K(128K)
[2026-06-17T10:01:02.860+0800][0.488s][info][gc          ] GC(12) Pause Young (Allocation Failure) 33M->30M(57M) 2.150ms
[2026-06-17T10:01:02.860+0800][0.488s][info][gc,cpu      ] GC(12) User=0.00s Sys=0.00s Real=0.00s
[2026-06-17T10:01:02.882+0800][0.509s][info][gc,start    ] GC(13) Pause Young (Allocation Failure)
[2026-06-17T10:01:02.884+0800][0.512s][info][gc,heap     ] GC(13) PSYoungGen: 11952K(14336K)->2847K(14336K) Eden: 7151K(7168K)->0K(7168K) From: 4800K(7168K)->2847K(7168K)
[2026-06-17T10:01:02.885+0800][0.513s][info][gc,heap     ] GC(13) ParOldGen: 26484K(44032K)->28798K(44032K)
[2026-06-17T10:01:02.886+0800][0.513s][info][gc,metaspace] GC(13) Metaspace: 100K(320K)->100K(320K) NonClass: 92K(192K)->92K(192K) Class: 7K(128K)->7K(128K)
[2026-06-17T10:01:02.886+0800][0.514s][info][gc          ] GC(13) Pause Young (Allocation Failure) 37M->30M(57M) 4.130ms
[2026-06-17T10:01:02.886+0800][0.514s][info][gc,cpu      ] GC(13) User=0.00s Sys=0.00s Real=0.01s
[2026-06-17T10:01:02.898+0800][0.525s][info][gc,start    ] GC(14) Pause Young (Allocation Failure)
[2026-06-17T10:01:02.900+0800][0.527s][info][gc,heap     ] GC(14) PSYoungGen: 10015K(14336K)->4881K(14336K) Eden: 7168K(7168K)->0K(7168K) From: 2847K(7168K)->4881K(7168K)
[2026-06-17T10:01:02.900+0800][0.528s][info][gc,heap     ] GC(14) ParOldGen: 28798K(44032K)->30265K(44032K)
[2026-06-17T10:01:02.900+0800][0.528s][info][gc,metaspace] GC(14) Metaspace: 100K(320K)->100K(320K) NonClass: 92K(192K)->92K(192K) Class: 7K(128K)->7K(128K)
[2026-06-17T10:01:02.901+0800][0.528s][info][gc          ] GC(14) Pause Young (Allocation Failure) 37M->34M(57M) 2.887ms
[2026-06-17T10:01:02.901+0800][0.529s][info][gc,cpu      ] GC(14) User=0.01s Sys=0.00s Real=0.00s
[2026-06-17T10:01:02.922+0800][0.550s][info][gc,start    ] GC(15) Pause Young (Allocation Failure)
[2026-06-17T10:01:02.924+0800][0.552s][info][gc,heap     ] GC(15) PSYoungGen: 12042K(14336K)->146K(14336K) Eden: 7161K(7168K)->0K(7168K) From: 4881K(7168K)->146K(7168K)
[2026-06-17T10:01:02.925+0800][0.552s][info][gc,heap     ] GC(15) ParOldGen: 30265K(44032K)->32084K(44032K)
[2026-06-17T10:01:02.925+0800][0.553s][info][gc,metaspace] GC(15) Metaspace: 100K(320K)->100K(320K) NonClass: 92K(192K)->92K(192K) Class: 7K(128K)->7K(128K)
[2026-06-17T10:01:02.925+0800][0.553s][info][gc          ] GC(15) Pause Young (Allocation Failure) 41M->31M(57M) 2.867ms
[2026-06-17T10:01:02.926+0800][0.553s][info][gc,cpu      ] GC(15) User=0.00s Sys=0.00s Real=0.01s
[2026-06-17T10:01:02.947+0800][0.575s][info][gc,start    ] GC(16) Pause Young (Allocation Failure)
[2026-06-17T10:01:02.949+0800][0.577s][info][gc,heap     ] GC(16) PSYoungGen: 7273K(14336K)->3770K(14336K) Eden: 7127K(7168K)->0K(7168K) From: 146K(7168K)->3770K(7168K)
[2026-06-17T10:01:02.950+0800][0.577s][info][gc,heap     ] GC(16) ParOldGen: 32084K(44032K)->32206K(44032K)
[2026-06-17T10:01:02.950+0800][0.578s][info][gc,metaspace] GC(16) Metaspace: 100K(320K)->100K(320K) NonClass: 92K(192K)->92K(192K) Class: 7K(128K)->7K(128K)
[2026-06-17T10:01:02.951+0800][0.578s][info][gc          ] GC(16) Pause Young (Allocation Failure) 38M->35M(57M) 3.086ms
[2026-06-17T10:01:02.951+0800][0.579s][info][gc,cpu      ] GC(16) User=0.00s Sys=0.00s Real=0.01s
[2026-06-17T10:01:02.962+0800][0.590s][info][gc,start    ] GC(17) Pause Young (Allocation Failure)
[2026-06-17T10:01:02.964+0800][0.592s][info][gc,heap     ] GC(17) PSYoungGen: 10689K(14336K)->1961K(14336K) Eden: 6918K(7168K)->0K(7168K) From: 3770K(7168K)->1961K(7168K)
[2026-06-17T10:01:02.965+0800][0.593s][info][gc,heap     ] GC(17) ParOldGen: 32206K(44032K)->33751K(44032K)
[2026-06-17T10:01:02.966+0800][0.593s][info][gc,metaspace] GC(17) Metaspace: 100K(320K)->100K(320K) NonClass: 92K(192K)->92K(192K) Class: 7K(128K)->7K(128K)
[2026-06-17T10:01:02.966+0800][0.594s][info][gc          ] GC(17) Pause Young (Allocation Failure) 41M->34M(57M) 3.651ms
[2026-06-17T10:01:02.966+0800][0.594s][info][gc,cpu      ] GC(17) User=0.00s Sys=0.00s Real=0.01s
[2026-06-17T10:01:02.989+0800][0.616s][info][gc,start    ] GC(18) Pause Young (Allocation Failure)
[2026-06-17T10:01:02.992+0800][0.619s][info][gc,heap     ] GC(18) PSYoungGen: 9128K(14336K)->3639K(14336K) Eden: 7167K(7168K)->0K(7168K) From: 1961K(7168K)->3639K(7168K)
[2026-06-17T10:01:02.992+0800][0.620s][info][gc,heap     ] GC(18) ParOldGen: 33751K(44032K)->35688K(44032K)
[2026-06-17T10:01:02.993+0800][0.621s][info][gc,metaspace] GC(18) Metaspace: 100K(320K)->100K(320K) NonClass: 92K(192K)->92K(192K) Class: 7K(128K)->7K(128K)
[2026-06-17T10:01:02.994+0800][0.621s][info][gc          ] GC(18) Pause Young (Allocation Failure) 41M->38M(57M) 5.108ms
[2026-06-17T10:01:02.994+0800][0.622s][info][gc,cpu      ] GC(18) User=0.01s Sys=0.00s Real=0.01s
[2026-06-17T10:01:03.016+0800][0.644s][info][gc,start    ] GC(19) Pause Young (Allocation Failure)
[2026-06-17T10:01:03.018+0800][0.646s][info][gc,heap     ] GC(19) PSYoungGen: 10777K(14336K)->3507K(14848K) Eden: 7138K(7168K)->0K(7680K) From: 3639K(7168K)->3507K(7168K)
[2026-06-17T10:01:03.019+0800][0.646s][info][gc,heap     ] GC(19) ParOldGen: 35688K(44032K)->35986K(44032K)
[2026-06-17T10:01:03.019+0800][0.647s][info][gc,metaspace] GC(19) Metaspace: 100K(320K)->100K(320K) NonClass: 92K(192K)->92K(192K) Class: 7K(128K)->7K(128K)
[2026-06-17T10:01:03.019+0800][0.647s][info][gc          ] GC(19) Pause Young (Allocation Failure) 45M->38M(57M) 3.106ms
[2026-06-17T10:01:03.020+0800][0.647s][info][gc,cpu      ] GC(19) User=0.00s Sys=0.00s Real=0.00s
[2026-06-17T10:01:03.042+0800][0.669s][info][gc,start    ] GC(20) Pause Young (Allocation Failure)
[2026-06-17T10:01:03.045+0800][0.672s][info][gc,heap     ] GC(20) PSYoungGen: 11187K(14848K)->2284K(14336K) Eden: 7680K(7680K)->0K(7680K) From: 3507K(7168K)->2284K(6656K)
[2026-06-17T10:01:03.045+0800][0.673s][info][gc,heap     ] GC(20) ParOldGen: 35986K(44032K)->37950K(44032K)
[2026-06-17T10:01:03.046+0800][0.674s][info][gc,metaspace] GC(20) Metaspace: 100K(320K)->100K(320K) NonClass: 92K(192K)->92K(192K) Class: 7K(128K)->7K(128K)
[2026-06-17T10:01:03.047+0800][0.674s][info][gc          ] GC(20) Pause Young (Allocation Failure) 46M->39M(57M) 4.949ms
[2026-06-17T10:01:03.048+0800][0.675s][info][gc,cpu      ] GC(20) User=0.01s Sys=0.00s Real=0.01s
[2026-06-17T10:01:03.070+0800][0.698s][info][gc,start    ] GC(21) Pause Young (Allocation Failure)
[2026-06-17T10:01:03.072+0800][0.700s][info][gc,heap     ] GC(21) PSYoungGen: 9945K(14336K)->3348K(15360K) Eden: 7660K(7680K)->0K(8704K) From: 2284K(6656K)->3348K(6656K)
[2026-06-17T10:01:03.072+0800][0.700s][info][gc,heap     ] GC(21) ParOldGen: 37950K(44032K)->37950K(44032K)
[2026-06-17T10:01:03.073+0800][0.701s][info][gc,metaspace] GC(21) Metaspace: 100K(320K)->100K(320K) NonClass: 92K(192K)->92K(192K) Class: 7K(128K)->7K(128K)
[2026-06-17T10:01:03.073+0800][0.701s][info][gc          ] GC(21) Pause Young (Allocation Failure) 46M->40M(58M) 2.788ms
[2026-06-17T10:01:03.074+0800][0.701s][info][gc,cpu      ] GC(21) User=0.00s Sys=0.00s Real=0.01s
[2026-06-17T10:01:03.085+0800][0.713s][info][gc,start    ] GC(22) Pause Young (Allocation Failure)
[2026-06-17T10:01:03.087+0800][0.714s][info][gc,heap     ] GC(22) PSYoungGen: 11162K(15360K)->2065K(14848K) Eden: 7814K(8704K)->0K(8704K) From: 3348K(6656K)->2065K(6144K)
[2026-06-17T10:01:03.087+0800][0.715s][info][gc,heap     ] GC(22) ParOldGen: 37950K(44032K)->39786K(44032K)
[2026-06-17T10:01:03.088+0800][0.715s][info][gc,metaspace] GC(22) Metaspace: 100K(320K)->100K(320K) NonClass: 92K(192K)->92K(192K) Class: 7K(128K)->7K(128K)
[2026-06-17T10:01:03.088+0800][0.716s][info][gc          ] GC(22) Pause Young (Allocation Failure) 47M->40M(57M) 2.883ms
[2026-06-17T10:01:03.089+0800][0.716s][info][gc,cpu      ] GC(22) User=0.00s Sys=0.00s Real=0.00s
[2026-06-17T10:01:03.121+0800][0.748s][info][gc,start    ] GC(23) Pause Young (Allocation Failure)
[2026-06-17T10:01:03.133+0800][0.761s][info][gc,heap     ] GC(23) PSYoungGen: 10760K(14848K)->1983K(15360K) Eden: 8695K(8704K)->0K(9216K) From: 2065K(6144K)->1983K(6144K)
[2026-06-17T10:01:03.156+0800][0.784s][info][gc,heap     ] GC(23) ParOldGen: 39786K(44032K)->41827K(44032K)
[2026-06-17T10:01:03.158+0800][0.786s][info][gc,metaspace] GC(23) Metaspace: 100K(320K)->100K(320K) NonClass: 92K(192K)->92K(192K) Class: 7K(128K)->7K(128K)
[2026-06-17T10:01:03.182+0800][0.809s][info][gc          ] GC(23) Pause Young (Allocation Failure) 49M->42M(58M) 61.031ms
[2026-06-17T10:01:03.182+0800][0.810s][info][gc,cpu      ] GC(23) User=0.00s Sys=0.01s Real=0.06s
[2026-06-17T10:01:03.205+0800][0.833s][info][gc,start    ] GC(24) Pause Full (Ergonomics)
[2026-06-17T10:01:03.205+0800][0.833s][info][gc,phases,start] GC(24) Marking Phase
[2026-06-17T10:01:03.208+0800][0.835s][info][gc,phases      ] GC(24) Marking Phase 2.185ms
[2026-06-17T10:01:03.208+0800][0.836s][info][gc,phases,start] GC(24) Summary Phase
[2026-06-17T10:01:03.208+0800][0.836s][info][gc,phases      ] GC(24) Summary Phase 0.277ms
[2026-06-17T10:01:03.209+0800][0.836s][info][gc,phases,start] GC(24) Adjust Roots
[2026-06-17T10:01:03.209+0800][0.837s][info][gc,phases      ] GC(24) Adjust Roots 0.559ms
[2026-06-17T10:01:03.210+0800][0.837s][info][gc,phases,start] GC(24) Compaction Phase
[2026-06-17T10:01:03.212+0800][0.840s][info][gc,phases      ] GC(24) Compaction Phase 2.163ms
[2026-06-17T10:01:03.214+0800][0.842s][info][gc,phases,start] GC(24) Post Compact
[2026-06-17T10:01:03.217+0800][0.845s][info][gc,phases      ] GC(24) Post Compact 2.726ms
[2026-06-17T10:01:03.221+0800][0.849s][info][gc,heap        ] GC(24) PSYoungGen: 11199K(15360K)->0K(15360K) Eden: 9216K(9216K)->0K(9216K) From: 1983K(6144K)->0K(6144K)
[2026-06-17T10:01:03.226+0800][0.854s][info][gc,heap        ] GC(24) ParOldGen: 41827K(44032K)->24857K(44032K)
[2026-06-17T10:01:03.233+0800][0.860s][info][gc,metaspace   ] GC(24) Metaspace: 100K(320K)->100K(320K) NonClass: 92K(192K)->92K(192K) Class: 7K(128K)->7K(128K)
[2026-06-17T10:01:03.235+0800][0.863s][info][gc             ] GC(24) Pause Full (Ergonomics) 51M->24M(58M) 30.381ms
[2026-06-17T10:01:03.236+0800][0.864s][info][gc,cpu         ] GC(24) User=0.01s Sys=0.00s Real=0.03s
[2026-06-17T10:01:03.266+0800][0.893s][info][gc,start       ] GC(25) Pause Young (Allocation Failure)
[2026-06-17T10:01:03.267+0800][0.895s][info][gc,heap        ] GC(25) PSYoungGen: 9213K(15360K)->5666K(14336K) Eden: 9213K(9216K)->0K(8192K) From: 0K(6144K)->5666K(6144K)
[2026-06-17T10:01:03.270+0800][0.898s][info][gc,heap        ] GC(25) ParOldGen: 24857K(44032K)->24857K(44032K)
[2026-06-17T10:01:03.272+0800][0.899s][info][gc,metaspace   ] GC(25) Metaspace: 100K(320K)->100K(320K) NonClass: 92K(192K)->92K(192K) Class: 7K(128K)->7K(128K)
[2026-06-17T10:01:03.272+0800][0.900s][info][gc             ] GC(25) Pause Young (Allocation Failure) 33M->29M(57M) 6.814ms
[2026-06-17T10:01:03.274+0800][0.901s][info][gc,cpu         ] GC(25) User=0.00s Sys=0.00s Real=0.01s
[2026-06-17T10:01:03.297+0800][0.925s][info][gc,start       ] GC(26) Pause Young (Allocation Failure)
[2026-06-17T10:01:03.299+0800][0.927s][info][gc,heap        ] GC(26) PSYoungGen: 13804K(14336K)->1646K(14848K) Eden: 8138K(8192K)->0K(8192K) From: 5666K(6144K)->1646K(6656K)
[2026-06-17T10:01:03.302+0800][0.930s][info][gc,heap        ] GC(26) ParOldGen: 24857K(44032K)->29649K(44032K)
[2026-06-17T10:01:03.303+0800][0.930s][info][gc,metaspace   ] GC(26) Metaspace: 100K(320K)->100K(320K) NonClass: 92K(192K)->92K(192K) Class: 7K(128K)->7K(128K)
[2026-06-17T10:01:03.306+0800][0.933s][info][gc             ] GC(26) Pause Young (Allocation Failure) 37M->30M(57M) 8.767ms
[2026-06-17T10:01:03.308+0800][0.936s][info][gc,cpu         ] GC(26) User=0.00s Sys=0.00s Real=0.01s
[2026-06-17T10:01:03.332+0800][0.960s][info][gc,start       ] GC(27) Pause Young (Allocation Failure)
[2026-06-17T10:01:03.334+0800][0.962s][info][gc,heap        ] GC(27) PSYoungGen: 9831K(14848K)->3049K(14848K) Eden: 8185K(8192K)->0K(8192K) From: 1646K(6656K)->3049K(6656K)
[2026-06-17T10:01:03.335+0800][0.962s][info][gc,heap        ] GC(27) ParOldGen: 29649K(44032K)->29649K(44032K)
[2026-06-17T10:01:03.335+0800][0.962s][info][gc,metaspace   ] GC(27) Metaspace: 100K(320K)->100K(320K) NonClass: 92K(192K)->92K(192K) Class: 7K(128K)->7K(128K)
[2026-06-17T10:01:03.335+0800][0.963s][info][gc             ] GC(27) Pause Young (Allocation Failure) 38M->31M(57M) 2.753ms
[2026-06-17T10:01:03.336+0800][0.964s][info][gc,cpu         ] GC(27) User=0.00s Sys=0.00s Real=0.00s
[2026-06-17T10:01:03.358+0800][0.986s][info][gc,start       ] GC(28) Pause Young (Allocation Failure)
[2026-06-17T10:01:03.359+0800][0.986s][info][gc,heap        ] GC(28) PSYoungGen: 11229K(14848K)->2722K(14848K) Eden: 8180K(8192K)->0K(8192K) From: 3049K(6656K)->2722K(6656K)
[2026-06-17T10:01:03.359+0800][0.987s][info][gc,heap        ] GC(28) ParOldGen: 29649K(44032K)->31434K(44032K)
[2026-06-17T10:01:03.359+0800][0.987s][info][gc,metaspace   ] GC(28) Metaspace: 100K(320K)->100K(320K) NonClass: 92K(192K)->92K(192K) Class: 7K(128K)->7K(128K)
[2026-06-17T10:01:03.359+0800][0.987s][info][gc             ] GC(28) Pause Young (Allocation Failure) 39M->33M(57M) 1.366ms
[2026-06-17T10:01:03.359+0800][0.987s][info][gc,cpu         ] GC(28) User=0.00s Sys=0.00s Real=0.00s
[2026-06-17T10:01:03.381+0800][1.008s][info][gc,start       ] GC(29) Pause Young (Allocation Failure)
[2026-06-17T10:01:03.382+0800][1.009s][info][gc,heap        ] GC(29) PSYoungGen: 10894K(14848K)->1716K(15360K) Eden: 8171K(8192K)->0K(9216K) From: 2722K(6656K)->1716K(6144K)
[2026-06-17T10:01:03.382+0800][1.010s][info][gc,heap        ] GC(29) ParOldGen: 31434K(44032K)->33457K(44032K)
[2026-06-17T10:01:03.383+0800][1.010s][info][gc,metaspace   ] GC(29) Metaspace: 100K(320K)->100K(320K) NonClass: 92K(192K)->92K(192K) Class: 7K(128K)->7K(128K)
[2026-06-17T10:01:03.383+0800][1.011s][info][gc             ] GC(29) Pause Young (Allocation Failure) 41M->34M(58M) 2.460ms
[2026-06-17T10:01:03.383+0800][1.011s][info][gc,cpu         ] GC(29) User=0.00s Sys=0.00s Real=0.01s
[2026-06-17T10:01:03.405+0800][1.033s][info][gc,start       ] GC(30) Pause Young (Allocation Failure)
[2026-06-17T10:01:03.407+0800][1.034s][info][gc,heap        ] GC(30) PSYoungGen: 10927K(15360K)->3785K(15360K) Eden: 9210K(9216K)->0K(9216K) From: 1716K(6144K)->3785K(6144K)
[2026-06-17T10:01:03.407+0800][1.035s][info][gc,heap        ] GC(30) ParOldGen: 33457K(44032K)->33457K(44032K)
[2026-06-17T10:01:03.408+0800][1.035s][info][gc,metaspace   ] GC(30) Metaspace: 100K(320K)->100K(320K) NonClass: 92K(192K)->92K(192K) Class: 7K(128K)->7K(128K)
[2026-06-17T10:01:03.408+0800][1.036s][info][gc             ] GC(30) Pause Young (Allocation Failure) 43M->36M(58M) 3.033ms
[2026-06-17T10:01:03.409+0800][1.036s][info][gc,cpu         ] GC(30) User=0.00s Sys=0.00s Real=0.00s
[2026-06-17T10:01:03.431+0800][1.058s][info][gc,start       ] GC(31) Pause Young (Allocation Failure)
[2026-06-17T10:01:03.432+0800][1.060s][info][gc,heap        ] GC(31) PSYoungGen: 12996K(15360K)->3945K(15360K) Eden: 9211K(9216K)->0K(9216K) From: 3785K(6144K)->3945K(6144K)
[2026-06-17T10:01:03.433+0800][1.060s][info][gc,heap        ] GC(31) ParOldGen: 33457K(44032K)->35532K(44032K)
[2026-06-17T10:01:03.433+0800][1.061s][info][gc,metaspace   ] GC(31) Metaspace: 100K(320K)->100K(320K) NonClass: 92K(192K)->92K(192K) Class: 7K(128K)->7K(128K)
[2026-06-17T10:01:03.433+0800][1.061s][info][gc             ] GC(31) Pause Young (Allocation Failure) 45M->38M(58M) 2.791ms
[2026-06-17T10:01:03.434+0800][1.061s][info][gc,cpu         ] GC(31) User=0.00s Sys=0.00s Real=0.00s
[2026-06-17T10:01:03.456+0800][1.084s][info][gc,start       ] GC(32) Pause Young (Allocation Failure)
[2026-06-17T10:01:03.457+0800][1.085s][info][gc,heap        ] GC(32) PSYoungGen: 13148K(15360K)->3007K(15360K) Eden: 9203K(9216K)->0K(9216K) From: 3945K(6144K)->3007K(6144K)
[2026-06-17T10:01:03.458+0800][1.085s][info][gc,heap        ] GC(32) ParOldGen: 35532K(44032K)->38585K(44032K)
[2026-06-17T10:01:03.458+0800][1.086s][info][gc,metaspace   ] GC(32) Metaspace: 100K(320K)->100K(320K) NonClass: 92K(192K)->92K(192K) Class: 7K(128K)->7K(128K)
[2026-06-17T10:01:03.459+0800][1.086s][info][gc             ] GC(32) Pause Young (Allocation Failure) 47M->40M(58M) 2.781ms
[2026-06-17T10:01:03.459+0800][1.087s][info][gc,cpu         ] GC(32) User=0.00s Sys=0.00s Real=0.00s
[2026-06-17T10:01:03.481+0800][1.108s][info][gc,start       ] GC(33) Pause Young (Allocation Failure)
[2026-06-17T10:01:03.482+0800][1.110s][info][gc,heap        ] GC(33) PSYoungGen: 12180K(15360K)->5366K(14336K) Eden: 9173K(9216K)->0K(8192K) From: 3007K(6144K)->5366K(6144K)
[2026-06-17T10:01:03.483+0800][1.110s][info][gc,heap        ] GC(33) ParOldGen: 38585K(44032K)->38585K(44032K)
[2026-06-17T10:01:03.483+0800][1.111s][info][gc,metaspace   ] GC(33) Metaspace: 100K(320K)->100K(320K) NonClass: 92K(192K)->92K(192K) Class: 7K(128K)->7K(128K)
[2026-06-17T10:01:03.483+0800][1.111s][info][gc             ] GC(33) Pause Young (Allocation Failure) 49M->42M(57M) 2.778ms
[2026-06-17T10:01:03.484+0800][1.112s][info][gc,cpu         ] GC(33) User=0.01s Sys=0.00s Real=0.01s
[2026-06-17T10:01:03.506+0800][1.134s][info][gc,start       ] GC(34) Pause Young (Allocation Failure)
[2026-06-17T10:01:03.508+0800][1.136s][info][gc,heap        ] GC(34) PSYoungGen: 13528K(14336K)->4742K(14848K) Eden: 8161K(8192K)->0K(8192K) From: 5366K(6144K)->4742K(6656K)
[2026-06-17T10:01:03.509+0800][1.136s][info][gc,heap        ] GC(34) ParOldGen: 38585K(44032K)->40649K(44032K)
[2026-06-17T10:01:03.509+0800][1.137s][info][gc,metaspace   ] GC(34) Metaspace: 100K(320K)->100K(320K) NonClass: 92K(192K)->92K(192K) Class: 7K(128K)->7K(128K)
[2026-06-17T10:01:03.510+0800][1.138s][info][gc             ] GC(34) Pause Young (Allocation Failure) 50M->44M(57M) 3.783ms
[2026-06-17T10:01:03.510+0800][1.138s][info][gc,cpu         ] GC(34) User=0.00s Sys=0.00s Real=0.00s
[2026-06-17T10:01:03.532+0800][1.160s][info][gc,start       ] GC(35) Pause Full (Ergonomics)
[2026-06-17T10:01:03.533+0800][1.161s][info][gc,phases,start] GC(35) Marking Phase
[2026-06-17T10:01:03.535+0800][1.163s][info][gc,phases      ] GC(35) Marking Phase 2.537ms
[2026-06-17T10:01:03.536+0800][1.164s][info][gc,phases,start] GC(35) Summary Phase
[2026-06-17T10:01:03.536+0800][1.164s][info][gc,phases      ] GC(35) Summary Phase 0.278ms
[2026-06-17T10:01:03.536+0800][1.164s][info][gc,phases,start] GC(35) Adjust Roots
[2026-06-17T10:01:03.537+0800][1.164s][info][gc,phases      ] GC(35) Adjust Roots 0.382ms
[2026-06-17T10:01:03.537+0800][1.165s][info][gc,phases,start] GC(35) Compaction Phase
[2026-06-17T10:01:03.539+0800][1.166s][info][gc,phases      ] GC(35) Compaction Phase 1.709ms
[2026-06-17T10:01:03.539+0800][1.167s][info][gc,phases,start] GC(35) Post Compact
[2026-06-17T10:01:03.539+0800][1.167s][info][gc,phases      ] GC(35) Post Compact 0.408ms
[2026-06-17T10:01:03.540+0800][1.167s][info][gc,heap        ] GC(35) PSYoungGen: 12726K(14848K)->0K(14848K) Eden: 7984K(8192K)->0K(8192K) From: 4742K(6656K)->0K(6656K)
[2026-06-17T10:01:03.540+0800][1.168s][info][gc,heap        ] GC(35) ParOldGen: 40649K(44032K)->19135K(44032K)
[2026-06-17T10:01:03.540+0800][1.168s][info][gc,metaspace   ] GC(35) Metaspace: 100K(320K)->100K(320K) NonClass: 92K(192K)->92K(192K) Class: 7K(128K)->7K(128K)
[2026-06-17T10:01:03.540+0800][1.168s][info][gc             ] GC(35) Pause Full (Ergonomics) 52M->18M(57M) 8.135ms
[2026-06-17T10:01:03.540+0800][1.168s][info][gc,cpu         ] GC(35) User=0.01s Sys=0.00s Real=0.00s
[2026-06-17T10:01:03.562+0800][1.190s][info][gc,start       ] GC(36) Pause Young (Allocation Failure)
[2026-06-17T10:01:03.563+0800][1.191s][info][gc,heap        ] GC(36) PSYoungGen: 8188K(14848K)->4677K(14848K) Eden: 8188K(8192K)->0K(8192K) From: 0K(6656K)->4677K(6656K)
[2026-06-17T10:01:03.564+0800][1.191s][info][gc,heap        ] GC(36) ParOldGen: 19135K(44032K)->19135K(44032K)
[2026-06-17T10:01:03.564+0800][1.192s][info][gc,metaspace   ] GC(36) Metaspace: 100K(320K)->100K(320K) NonClass: 92K(192K)->92K(192K) Class: 7K(128K)->7K(128K)
[2026-06-17T10:01:03.564+0800][1.192s][info][gc             ] GC(36) Pause Young (Allocation Failure) 26M->23M(57M) 2.203ms
[2026-06-17T10:01:03.565+0800][1.192s][info][gc,cpu         ] GC(36) User=0.00s Sys=0.00s Real=0.01s
[2026-06-17T10:01:03.586+0800][1.214s][info][gc,start       ] GC(37) Pause Young (Allocation Failure)
[2026-06-17T10:01:03.587+0800][1.215s][info][gc,heap        ] GC(37) PSYoungGen: 12822K(14848K)->3694K(14848K) Eden: 8145K(8192K)->0K(8192K) From: 4677K(6656K)->3694K(6656K)
[2026-06-17T10:01:03.588+0800][1.216s][info][gc,heap        ] GC(37) ParOldGen: 19135K(44032K)->21166K(44032K)
[2026-06-17T10:01:03.588+0800][1.216s][info][gc,metaspace   ] GC(37) Metaspace: 100K(320K)->100K(320K) NonClass: 92K(192K)->92K(192K) Class: 7K(128K)->7K(128K)
[2026-06-17T10:01:03.589+0800][1.216s][info][gc             ] GC(37) Pause Young (Allocation Failure) 31M->24M(57M) 2.418ms
[2026-06-17T10:01:03.589+0800][1.217s][info][gc,cpu         ] GC(37) User=0.00s Sys=0.00s Real=0.00s
[2026-06-17T10:01:03.611+0800][1.239s][info][gc,start       ] GC(38) Pause Young (Allocation Failure)
[2026-06-17T10:01:03.613+0800][1.240s][info][gc,heap        ] GC(38) PSYoungGen: 11860K(14848K)->2927K(14848K) Eden: 8165K(8192K)->0K(8192K) From: 3694K(6656K)->2927K(6656K)
[2026-06-17T10:01:03.613+0800][1.241s][info][gc,heap        ] GC(38) ParOldGen: 21166K(44032K)->23516K(44032K)
[2026-06-17T10:01:03.614+0800][1.241s][info][gc,metaspace   ] GC(38) Metaspace: 100K(320K)->100K(320K) NonClass: 92K(192K)->92K(192K) Class: 7K(128K)->7K(128K)
[2026-06-17T10:01:03.614+0800][1.242s][info][gc             ] GC(38) Pause Young (Allocation Failure) 32M->25M(57M) 3.079ms
[2026-06-17T10:01:03.615+0800][1.242s][info][gc,cpu         ] GC(38) User=0.01s Sys=0.00s Real=0.00s
[2026-06-17T10:01:03.636+0800][1.264s][info][gc,start       ] GC(39) Pause Young (Allocation Failure)
[2026-06-17T10:01:03.637+0800][1.265s][info][gc,heap        ] GC(39) PSYoungGen: 11081K(14848K)->3934K(15360K) Eden: 8154K(8192K)->0K(8704K) From: 2927K(6656K)->3934K(6656K)
[2026-06-17T10:01:03.637+0800][1.265s][info][gc,heap        ] GC(39) ParOldGen: 23516K(44032K)->23516K(44032K)
[2026-06-17T10:01:03.637+0800][1.265s][info][gc,metaspace   ] GC(39) Metaspace: 100K(320K)->100K(320K) NonClass: 92K(192K)->92K(192K) Class: 7K(128K)->7K(128K)
[2026-06-17T10:01:03.638+0800][1.265s][info][gc             ] GC(39) Pause Young (Allocation Failure) 33M->26M(58M) 1.405ms
[2026-06-17T10:01:03.638+0800][1.265s][info][gc,cpu         ] GC(39) User=0.00s Sys=0.00s Real=0.00s
[2026-06-17T10:01:03.659+0800][1.287s][info][gc,start       ] GC(40) Pause Young (Allocation Failure)
[2026-06-17T10:01:03.660+0800][1.288s][info][gc,heap        ] GC(40) PSYoungGen: 12620K(15360K)->3297K(14848K) Eden: 8686K(8704K)->0K(8704K) From: 3934K(6656K)->3297K(6144K)
[2026-06-17T10:01:03.661+0800][1.288s][info][gc,heap        ] GC(40) ParOldGen: 23516K(44032K)->26192K(44032K)
[2026-06-17T10:01:03.661+0800][1.289s][info][gc,metaspace   ] GC(40) Metaspace: 100K(320K)->100K(320K) NonClass: 92K(192K)->92K(192K) Class: 7K(128K)->7K(128K)
[2026-06-17T10:01:03.661+0800][1.289s][info][gc             ] GC(40) Pause Young (Allocation Failure) 35M->28M(57M) 2.436ms
[2026-06-17T10:01:03.662+0800][1.289s][info][gc,cpu         ] GC(40) User=0.00s Sys=0.00s Real=0.00s
[2026-06-17T10:01:03.683+0800][1.311s][info][gc,start       ] GC(41) Pause Young (Allocation Failure)
[2026-06-17T10:01:03.685+0800][1.313s][info][gc,heap        ] GC(41) PSYoungGen: 11997K(14848K)->3019K(15360K) Eden: 8699K(8704K)->0K(9216K) From: 3297K(6144K)->3019K(6144K)
[2026-06-17T10:01:03.686+0800][1.313s][info][gc,heap        ] GC(41) ParOldGen: 26192K(44032K)->28282K(44032K)
[2026-06-17T10:01:03.686+0800][1.314s][info][gc,metaspace   ] GC(41) Metaspace: 100K(320K)->100K(320K) NonClass: 92K(192K)->92K(192K) Class: 7K(128K)->7K(128K)
[2026-06-17T10:01:03.686+0800][1.314s][info][gc             ] GC(41) Pause Young (Allocation Failure) 37M->30M(58M) 2.865ms
[2026-06-17T10:01:03.687+0800][1.314s][info][gc,cpu         ] GC(41) User=0.00s Sys=0.00s Real=0.00s
[2026-06-17T10:01:03.709+0800][1.336s][info][gc,start       ] GC(42) Pause Young (Allocation Failure)
[2026-06-17T10:01:03.711+0800][1.338s][info][gc,heap        ] GC(42) PSYoungGen: 12235K(15360K)->5222K(14848K) Eden: 9216K(9216K)->0K(9216K) From: 3019K(6144K)->5222K(5632K)
[2026-06-17T10:01:03.711+0800][1.339s][info][gc,heap        ] GC(42) ParOldGen: 28282K(44032K)->28282K(44032K)
[2026-06-17T10:01:03.712+0800][1.339s][info][gc,metaspace   ] GC(42) Metaspace: 100K(320K)->100K(320K) NonClass: 92K(192K)->92K(192K) Class: 7K(128K)->7K(128K)
[2026-06-17T10:01:03.712+0800][1.340s][info][gc             ] GC(42) Pause Young (Allocation Failure) 39M->32M(57M) 3.276ms
[2026-06-17T10:01:03.712+0800][1.340s][info][gc,cpu         ] GC(42) User=0.01s Sys=0.00s Real=0.01s
[2026-06-17T10:01:03.735+0800][1.363s][info][gc,start       ] GC(43) Pause Young (Allocation Failure)
[2026-06-17T10:01:03.738+0800][1.365s][info][gc,heap        ] GC(43) PSYoungGen: 14408K(14848K)->5247K(14848K) Eden: 9186K(9216K)->0K(8192K) From: 5222K(5632K)->5247K(6656K)
[2026-06-17T10:01:03.738+0800][1.366s][info][gc,heap        ] GC(43) ParOldGen: 28282K(44032K)->30421K(44032K)
[2026-06-17T10:01:03.739+0800][1.367s][info][gc,metaspace   ] GC(43) Metaspace: 100K(320K)->100K(320K) NonClass: 92K(192K)->92K(192K) Class: 7K(128K)->7K(128K)
[2026-06-17T10:01:03.740+0800][1.367s][info][gc             ] GC(43) Pause Young (Allocation Failure) 41M->34M(57M) 4.619ms
[2026-06-17T10:01:03.740+0800][1.368s][info][gc,cpu         ] GC(43) User=0.00s Sys=0.00s Real=0.00s
[2026-06-17T10:01:03.763+0800][1.390s][info][gc,start       ] GC(44) Pause Young (Allocation Failure)
[2026-06-17T10:01:03.764+0800][1.392s][info][gc,heap        ] GC(44) PSYoungGen: 13256K(14848K)->602K(9216K) Eden: 8009K(8192K)->0K(8192K) From: 5247K(6656K)->602K(1024K)
[2026-06-17T10:01:03.765+0800][1.393s][info][gc,heap        ] GC(44) ParOldGen: 30421K(44032K)->32549K(44032K)
[2026-06-17T10:01:03.766+0800][1.393s][info][gc,metaspace   ] GC(44) Metaspace: 100K(320K)->100K(320K) NonClass: 92K(192K)->92K(192K) Class: 7K(128K)->7K(128K)
[2026-06-17T10:01:03.766+0800][1.394s][info][gc             ] GC(44) Pause Young (Allocation Failure) 42M->32M(52M) 3.451ms
[2026-06-17T10:01:03.767+0800][1.394s][info][gc,cpu         ] GC(44) User=0.00s Sys=0.00s Real=0.00s
[2026-06-17T10:01:03.799+0800][1.427s][info][gc,start       ] GC(45) Pause Young (Allocation Failure)
[2026-06-17T10:01:03.801+0800][1.429s][info][gc,heap        ] GC(45) PSYoungGen: 8769K(9216K)->1609K(14336K) Eden: 8167K(8192K)->0K(7168K) From: 602K(1024K)->1609K(7168K)
[2026-06-17T10:01:03.802+0800][1.429s][info][gc,heap        ] GC(45) ParOldGen: 32549K(44032K)->33127K(44032K)
[2026-06-17T10:01:03.802+0800][1.430s][info][gc,metaspace   ] GC(45) Metaspace: 100K(320K)->100K(320K) NonClass: 92K(192K)->92K(192K) Class: 7K(128K)->7K(128K)
[2026-06-17T10:01:03.803+0800][1.430s][info][gc             ] GC(45) Pause Young (Allocation Failure) 40M->33M(57M) 3.545ms
[2026-06-17T10:01:03.803+0800][1.431s][info][gc,cpu         ] GC(45) User=0.00s Sys=0.00s Real=0.01s
[2026-06-17T10:01:03.816+0800][1.443s][info][gc,start       ] GC(46) Pause Young (Allocation Failure)
[2026-06-17T10:01:03.817+0800][1.445s][info][gc,heap        ] GC(46) PSYoungGen: 8771K(14336K)->4092K(14336K) Eden: 7162K(7168K)->0K(7168K) From: 1609K(7168K)->4092K(7168K)
[2026-06-17T10:01:03.818+0800][1.446s][info][gc,heap        ] GC(46) ParOldGen: 33127K(44032K)->34503K(44032K)
[2026-06-17T10:01:03.819+0800][1.446s][info][gc,metaspace   ] GC(46) Metaspace: 100K(320K)->100K(320K) NonClass: 92K(192K)->92K(192K) Class: 7K(128K)->7K(128K)
[2026-06-17T10:01:03.819+0800][1.447s][info][gc             ] GC(46) Pause Young (Allocation Failure) 40M->37M(57M) 3.556ms
[2026-06-17T10:01:03.820+0800][1.447s][info][gc,cpu         ] GC(46) User=0.01s Sys=0.01s Real=0.00s
[2026-06-17T10:01:03.842+0800][1.469s][info][gc,start       ] GC(47) Pause Young (Allocation Failure)
[2026-06-17T10:01:03.844+0800][1.472s][info][gc,heap        ] GC(47) PSYoungGen: 11244K(14336K)->2322K(14848K) Eden: 7151K(7168K)->0K(7680K) From: 4092K(7168K)->2322K(7168K)
[2026-06-17T10:01:03.845+0800][1.472s][info][gc,heap        ] GC(47) ParOldGen: 34503K(44032K)->36524K(44032K)
[2026-06-17T10:01:03.845+0800][1.473s][info][gc,metaspace   ] GC(47) Metaspace: 100K(320K)->100K(320K) NonClass: 92K(192K)->92K(192K) Class: 7K(128K)->7K(128K)
[2026-06-17T10:01:03.846+0800][1.474s][info][gc             ] GC(47) Pause Young (Allocation Failure) 44M->37M(57M) 4.304ms
[2026-06-17T10:01:03.846+0800][1.474s][info][gc,cpu         ] GC(47) User=0.00s Sys=0.00s Real=0.01s
[2026-06-17T10:01:03.869+0800][1.496s][info][gc,start       ] GC(48) Pause Young (Allocation Failure)
[2026-06-17T10:01:03.870+0800][1.498s][info][gc,heap        ] GC(48) PSYoungGen: 9969K(14848K)->3177K(14336K) Eden: 7647K(7680K)->0K(7680K) From: 2322K(7168K)->3177K(6656K)
[2026-06-17T10:01:03.871+0800][1.499s][info][gc,heap        ] GC(48) ParOldGen: 36524K(44032K)->36524K(44032K)
[2026-06-17T10:01:03.872+0800][1.500s][info][gc,metaspace   ] GC(48) Metaspace: 100K(320K)->100K(320K) NonClass: 92K(192K)->92K(192K) Class: 7K(128K)->7K(128K)
[2026-06-17T10:01:03.873+0800][1.500s][info][gc             ] GC(48) Pause Young (Allocation Failure) 45M->38M(57M) 3.940ms
[2026-06-17T10:01:03.873+0800][1.501s][info][gc,cpu         ] GC(48) User=0.00s Sys=0.00s Real=0.01s
[2026-06-17T10:01:03.885+0800][1.513s][info][gc,start       ] GC(49) Pause Young (Allocation Failure)
[2026-06-17T10:01:03.887+0800][1.514s][info][gc,heap        ] GC(49) PSYoungGen: 10637K(14336K)->1321K(14848K) Eden: 7460K(7680K)->0K(8192K) From: 3177K(6656K)->1321K(6656K)
[2026-06-17T10:01:03.887+0800][1.515s][info][gc,heap        ] GC(49) ParOldGen: 36524K(44032K)->39122K(44032K)
[2026-06-17T10:01:03.888+0800][1.516s][info][gc,metaspace   ] GC(49) Metaspace: 100K(320K)->100K(320K) NonClass: 92K(192K)->92K(192K) Class: 7K(128K)->7K(128K)
[2026-06-17T10:01:03.889+0800][1.516s][info][gc             ] GC(49) Pause Young (Allocation Failure) 46M->39M(57M) 3.582ms
[2026-06-17T10:01:03.889+0800][1.517s][info][gc,cpu         ] GC(49) User=0.00s Sys=0.00s Real=0.00s
[2026-06-17T10:01:03.922+0800][1.550s][info][gc,start       ] GC(50) Pause Young (Allocation Failure)
[2026-06-17T10:01:03.923+0800][1.551s][info][gc,heap        ] GC(50) PSYoungGen: 9456K(14848K)->1290K(14848K) Eden: 8135K(8192K)->0K(8192K) From: 1321K(6656K)->1290K(6656K)
[2026-06-17T10:01:03.924+0800][1.552s][info][gc,heap        ] GC(50) ParOldGen: 39122K(44032K)->40419K(44032K)
[2026-06-17T10:01:03.925+0800][1.552s][info][gc,metaspace   ] GC(50) Metaspace: 102K(320K)->102K(320K) NonClass: 95K(192K)->95K(192K) Class: 7K(128K)->7K(128K)
[2026-06-17T10:01:03.925+0800][1.553s][info][gc             ] GC(50) Pause Young (Allocation Failure) 47M->40M(57M) 3.166ms
[2026-06-17T10:01:03.926+0800][1.554s][info][gc,cpu         ] GC(50) User=0.00s Sys=0.00s Real=0.01s
[2026-06-17T10:01:03.938+0800][1.566s][info][gc,start       ] GC(51) Pause Young (Allocation Failure)
[2026-06-17T10:01:03.940+0800][1.567s][info][gc,heap        ] GC(51) PSYoungGen: 9446K(14848K)->5733K(13824K) Eden: 8155K(8192K)->0K(7168K) From: 1290K(6656K)->5733K(6656K)
[2026-06-17T10:01:03.940+0800][1.568s][info][gc,heap        ] GC(51) ParOldGen: 40419K(44032K)->40964K(44032K)
[2026-06-17T10:01:03.942+0800][1.570s][info][gc,metaspace   ] GC(51) Metaspace: 102K(320K)->102K(320K) NonClass: 95K(192K)->95K(192K) Class: 7K(128K)->7K(128K)
[2026-06-17T10:01:03.943+0800][1.571s][info][gc             ] GC(51) Pause Young (Allocation Failure) 48M->45M(56M) 5.396ms
[2026-06-17T10:01:03.944+0800][1.572s][info][gc,cpu         ] GC(51) User=0.00s Sys=0.01s Real=0.01s
[2026-06-17T10:01:03.967+0800][1.594s][info][gc,start       ] GC(52) Pause Full (Ergonomics)
[2026-06-17T10:01:03.967+0800][1.595s][info][gc,phases,start] GC(52) Marking Phase
[2026-06-17T10:01:03.970+0800][1.597s][info][gc,phases      ] GC(52) Marking Phase 2.424ms
[2026-06-17T10:01:03.970+0800][1.598s][info][gc,phases,start] GC(52) Summary Phase
[2026-06-17T10:01:03.970+0800][1.598s][info][gc,phases      ] GC(52) Summary Phase 0.264ms
[2026-06-17T10:01:03.971+0800][1.598s][info][gc,phases,start] GC(52) Adjust Roots
[2026-06-17T10:01:03.971+0800][1.599s][info][gc,phases      ] GC(52) Adjust Roots 0.618ms
[2026-06-17T10:01:03.971+0800][1.599s][info][gc,phases,start] GC(52) Compaction Phase
[2026-06-17T10:01:03.975+0800][1.603s][info][gc,phases      ] GC(52) Compaction Phase 3.635ms
[2026-06-17T10:01:03.975+0800][1.603s][info][gc,phases,start] GC(52) Post Compact
[2026-06-17T10:01:03.976+0800][1.603s][info][gc,phases      ] GC(52) Post Compact 0.375ms
[2026-06-17T10:01:03.976+0800][1.604s][info][gc,heap        ] GC(52) PSYoungGen: 12708K(13824K)->0K(14336K) Eden: 6974K(7168K)->0K(7168K) From: 5733K(6656K)->0K(7168K)
[2026-06-17T10:01:03.976+0800][1.604s][info][gc,heap        ] GC(52) ParOldGen: 40964K(44032K)->22865K(44032K)
[2026-06-17T10:01:03.976+0800][1.604s][info][gc,metaspace   ] GC(52) Metaspace: 102K(320K)->102K(320K) NonClass: 95K(192K)->95K(192K) Class: 7K(128K)->7K(128K)
[2026-06-17T10:01:03.976+0800][1.604s][info][gc             ] GC(52) Pause Full (Ergonomics) 52M->22M(57M) 9.732ms
[2026-06-17T10:01:03.977+0800][1.604s][info][gc,cpu         ] GC(52) User=0.01s Sys=0.00s Real=0.01s
[2026-06-17T10:01:03.998+0800][1.625s][info][gc,start       ] GC(53) Pause Young (Allocation Failure)
[2026-06-17T10:01:03.999+0800][1.627s][info][gc,heap        ] GC(53) PSYoungGen: 7136K(14336K)->3581K(14336K) Eden: 7136K(7168K)->0K(7168K) From: 0K(7168K)->3581K(7168K)
[2026-06-17T10:01:04.000+0800][1.627s][info][gc,heap        ] GC(53) ParOldGen: 22865K(44032K)->22865K(44032K)
[2026-06-17T10:01:04.000+0800][1.628s][info][gc,metaspace   ] GC(53) Metaspace: 102K(320K)->102K(320K) NonClass: 95K(192K)->95K(192K) Class: 7K(128K)->7K(128K)
[2026-06-17T10:01:04.000+0800][1.628s][info][gc             ] GC(53) Pause Young (Allocation Failure) 29M->25M(57M) 2.524ms
[2026-06-17T10:01:04.001+0800][1.628s][info][gc,cpu         ] GC(53) User=0.00s Sys=0.00s Real=0.00s
[2026-06-17T10:01:04.012+0800][1.640s][info][gc,start       ] GC(54) Pause Young (Allocation Failure)
[2026-06-17T10:01:04.014+0800][1.642s][info][gc,heap        ] GC(54) PSYoungGen: 10716K(14336K)->1909K(14336K) Eden: 7134K(7168K)->0K(7168K) From: 3581K(7168K)->1909K(7168K)
[2026-06-17T10:01:04.015+0800][1.642s][info][gc,heap        ] GC(54) ParOldGen: 22865K(44032K)->24632K(44032K)
[2026-06-17T10:01:04.015+0800][1.643s][info][gc,metaspace   ] GC(54) Metaspace: 102K(320K)->102K(320K) NonClass: 95K(192K)->95K(192K) Class: 7K(128K)->7K(128K)
[2026-06-17T10:01:04.016+0800][1.644s][info][gc             ] GC(54) Pause Young (Allocation Failure) 32M->25M(57M) 3.740ms
[2026-06-17T10:01:04.017+0800][1.644s][info][gc,cpu         ] GC(54) User=0.00s Sys=0.00s Real=0.00s
[2026-06-17T10:01:04.039+0800][1.667s][info][gc,start       ] GC(55) Pause Young (Allocation Failure)
[2026-06-17T10:01:04.041+0800][1.669s][info][gc,heap        ] GC(55) PSYoungGen: 9055K(14336K)->3752K(14848K) Eden: 7145K(7168K)->0K(8192K) From: 1909K(7168K)->3752K(6656K)
[2026-06-17T10:01:04.041+0800][1.669s][info][gc,heap        ] GC(55) ParOldGen: 24632K(44032K)->26517K(44032K)
[2026-06-17T10:01:04.042+0800][1.670s][info][gc,metaspace   ] GC(55) Metaspace: 102K(320K)->102K(320K) NonClass: 95K(192K)->95K(192K) Class: 7K(128K)->7K(128K)
[2026-06-17T10:01:04.043+0800][1.671s][info][gc             ] GC(55) Pause Young (Allocation Failure) 32M->29M(57M) 3.868ms
[2026-06-17T10:01:04.043+0800][1.671s][info][gc,cpu         ] GC(55) User=0.00s Sys=0.00s Real=0.01s
[2026-06-17T10:01:04.066+0800][1.693s][info][gc,start       ] GC(56) Pause Young (Allocation Failure)
[2026-06-17T10:01:04.068+0800][1.695s][info][gc,heap        ] GC(56) PSYoungGen: 11897K(14848K)->4626K(13312K) Eden: 8144K(8192K)->0K(8192K) From: 3752K(6656K)->4626K(5120K)
[2026-06-17T10:01:04.070+0800][1.698s][info][gc,heap        ] GC(56) ParOldGen: 26517K(44032K)->26854K(44032K)
[2026-06-17T10:01:04.072+0800][1.699s][info][gc,metaspace   ] GC(56) Metaspace: 102K(320K)->102K(320K) NonClass: 95K(192K)->95K(192K) Class: 7K(128K)->7K(128K)
[2026-06-17T10:01:04.073+0800][1.700s][info][gc             ] GC(56) Pause Young (Allocation Failure) 37M->30M(56M) 6.871ms
[2026-06-17T10:01:04.074+0800][1.702s][info][gc,cpu         ] GC(56) User=0.00s Sys=0.00s Real=0.01s
[2026-06-17T10:01:04.097+0800][1.725s][info][gc,start       ] GC(57) Pause Young (Allocation Failure)
[2026-06-17T10:01:04.099+0800][1.727s][info][gc,heap        ] GC(57) PSYoungGen: 12766K(13312K)->4527K(14336K) Eden: 8140K(8192K)->0K(7168K) From: 4626K(5120K)->4527K(7168K)
[2026-06-17T10:01:04.100+0800][1.728s][info][gc,heap        ] GC(57) ParOldGen: 26854K(44032K)->28376K(44032K)
[2026-06-17T10:01:04.101+0800][1.729s][info][gc,metaspace   ] GC(57) Metaspace: 102K(320K)->102K(320K) NonClass: 95K(192K)->95K(192K) Class: 7K(128K)->7K(128K)
[2026-06-17T10:01:04.102+0800][1.729s][info][gc             ] GC(57) Pause Young (Allocation Failure) 38M->32M(57M) 4.270ms
[2026-06-17T10:01:04.103+0800][1.731s][info][gc,cpu         ] GC(57) User=0.01s Sys=0.00s Real=0.01s
[2026-06-17T10:01:04.126+0800][1.754s][info][gc,start       ] GC(58) Pause Young (Allocation Failure)
[2026-06-17T10:01:04.130+0800][1.758s][info][gc,heap        ] GC(58) PSYoungGen: 11684K(14336K)->3378K(14336K) Eden: 7157K(7168K)->0K(7168K) From: 4527K(7168K)->3378K(7168K)
[2026-06-17T10:01:04.131+0800][1.759s][info][gc,heap        ] GC(58) ParOldGen: 28376K(44032K)->29580K(44032K)
[2026-06-17T10:01:04.132+0800][1.759s][info][gc,metaspace   ] GC(58) Metaspace: 102K(320K)->102K(320K) NonClass: 95K(192K)->95K(192K) Class: 7K(128K)->7K(128K)
[2026-06-17T10:01:04.132+0800][1.760s][info][gc             ] GC(58) Pause Young (Allocation Failure) 39M->32M(57M) 6.011ms
[2026-06-17T10:01:04.133+0800][1.761s][info][gc,cpu         ] GC(58) User=0.00s Sys=0.00s Real=0.01s
[2026-06-17T10:01:04.145+0800][1.773s][info][gc,start       ] GC(59) Pause Young (Allocation Failure)
[2026-06-17T10:01:04.150+0800][1.778s][info][gc,heap        ] GC(59) PSYoungGen: 10434K(14336K)->1189K(14848K) Eden: 7055K(7168K)->0K(8192K) From: 3378K(7168K)->1189K(6656K)
[2026-06-17T10:01:04.151+0800][1.779s][info][gc,heap        ] GC(59) ParOldGen: 29580K(44032K)->31815K(44032K)
[2026-06-17T10:01:04.153+0800][1.781s][info][gc,metaspace   ] GC(59) Metaspace: 102K(320K)->102K(320K) NonClass: 95K(192K)->95K(192K) Class: 7K(128K)->7K(128K)
[2026-06-17T10:01:04.155+0800][1.782s][info][gc             ] GC(59) Pause Young (Allocation Failure) 39M->32M(57M) 9.431ms
[2026-06-17T10:01:04.155+0800][1.783s][info][gc,cpu         ] GC(59) User=0.00s Sys=0.00s Real=0.01s
[2026-06-17T10:01:04.188+0800][1.816s][info][gc,start       ] GC(60) Pause Young (Allocation Failure)
[2026-06-17T10:01:04.190+0800][1.817s][info][gc,heap        ] GC(60) PSYoungGen: 9338K(14848K)->1308K(14848K) Eden: 8149K(8192K)->0K(8192K) From: 1189K(6656K)->1308K(6656K)
[2026-06-17T10:01:04.190+0800][1.818s][info][gc,heap        ] GC(60) ParOldGen: 31815K(44032K)->32980K(44032K)
[2026-06-17T10:01:04.193+0800][1.821s][info][gc,metaspace   ] GC(60) Metaspace: 102K(320K)->102K(320K) NonClass: 95K(192K)->95K(192K) Class: 7K(128K)->7K(128K)
[2026-06-17T10:01:04.195+0800][1.822s][info][gc             ] GC(60) Pause Young (Allocation Failure) 40M->33M(57M) 6.755ms
[2026-06-17T10:01:04.198+0800][1.825s][info][gc,cpu         ] GC(60) User=0.00s Sys=0.01s Real=0.01s
[2026-06-17T10:01:04.209+0800][1.837s][info][gc,start       ] GC(61) Pause Young (Allocation Failure)
[2026-06-17T10:01:04.211+0800][1.839s][info][gc,heap        ] GC(61) PSYoungGen: 9485K(14848K)->4853K(13824K) Eden: 8177K(8192K)->0K(7168K) From: 1308K(6656K)->4853K(6656K)
[2026-06-17T10:01:04.211+0800][1.839s][info][gc,heap        ] GC(61) ParOldGen: 32980K(44032K)->34148K(44032K)
[2026-06-17T10:01:04.211+0800][1.839s][info][gc,metaspace   ] GC(61) Metaspace: 102K(320K)->102K(320K) NonClass: 95K(192K)->95K(192K) Class: 7K(128K)->7K(128K)
[2026-06-17T10:01:04.212+0800][1.839s][info][gc             ] GC(61) Pause Young (Allocation Failure) 41M->38M(56M) 2.397ms
[2026-06-17T10:01:04.212+0800][1.840s][info][gc,cpu         ] GC(61) User=0.01s Sys=0.00s Real=0.01s
[2026-06-17T10:01:04.234+0800][1.861s][info][gc,start       ] GC(62) Pause Young (Allocation Failure)
[2026-06-17T10:01:04.235+0800][1.863s][info][gc,heap        ] GC(62) PSYoungGen: 12011K(13824K)->3385K(14336K) Eden: 7158K(7168K)->0K(7168K) From: 4853K(6656K)->3385K(7168K)
[2026-06-17T10:01:04.236+0800][1.863s][info][gc,heap        ] GC(62) ParOldGen: 34148K(44032K)->35966K(44032K)
[2026-06-17T10:01:04.236+0800][1.864s][info][gc,metaspace   ] GC(62) Metaspace: 102K(320K)->102K(320K) NonClass: 95K(192K)->95K(192K) Class: 7K(128K)->7K(128K)
[2026-06-17T10:01:04.236+0800][1.864s][info][gc             ] GC(62) Pause Young (Allocation Failure) 45M->38M(57M) 2.532ms
[2026-06-17T10:01:04.236+0800][1.864s][info][gc,cpu         ] GC(62) User=0.00s Sys=0.00s Real=0.00s
[2026-06-17T10:01:04.258+0800][1.886s][info][gc,start       ] GC(63) Pause Young (Allocation Failure)
[2026-06-17T10:01:04.260+0800][1.888s][info][gc,heap        ] GC(63) PSYoungGen: 10539K(14336K)->3628K(14848K) Eden: 7154K(7168K)->0K(8192K) From: 3385K(7168K)->3628K(6656K)
[2026-06-17T10:01:04.260+0800][1.888s][info][gc,heap        ] GC(63) ParOldGen: 35966K(44032K)->35966K(44032K)
[2026-06-17T10:01:04.261+0800][1.888s][info][gc,metaspace   ] GC(63) Metaspace: 102K(320K)->102K(320K) NonClass: 95K(192K)->95K(192K) Class: 7K(128K)->7K(128K)
[2026-06-17T10:01:04.261+0800][1.889s][info][gc             ] GC(63) Pause Young (Allocation Failure) 45M->38M(57M) 3.035ms
[2026-06-17T10:01:04.261+0800][1.889s][info][gc,cpu         ] GC(63) User=0.00s Sys=0.00s Real=0.00s
[2026-06-17T10:01:04.283+0800][1.911s][info][gc,start       ] GC(64) Pause Young (Allocation Failure)
[2026-06-17T10:01:04.285+0800][1.913s][info][gc,heap        ] GC(64) PSYoungGen: 11820K(14848K)->2322K(14848K) Eden: 8192K(8192K)->0K(8192K) From: 3628K(6656K)->2322K(6656K)
[2026-06-17T10:01:04.285+0800][1.913s][info][gc,heap        ] GC(64) ParOldGen: 35966K(44032K)->38294K(44032K)
[2026-06-17T10:01:04.286+0800][1.913s][info][gc,metaspace   ] GC(64) Metaspace: 102K(320K)->102K(320K) NonClass: 95K(192K)->95K(192K) Class: 7K(128K)->7K(128K)
[2026-06-17T10:01:04.286+0800][1.914s][info][gc             ] GC(64) Pause Young (Allocation Failure) 46M->39M(57M) 2.341ms
[2026-06-17T10:01:04.286+0800][1.914s][info][gc,cpu         ] GC(64) User=0.01s Sys=0.00s Real=0.00s
[2026-06-17T10:01:04.308+0800][1.936s][info][gc,start       ] GC(65) Pause Young (Allocation Failure)
[2026-06-17T10:01:04.310+0800][1.938s][info][gc,heap        ] GC(65) PSYoungGen: 10489K(14848K)->1307K(14848K) Eden: 8167K(8192K)->0K(8192K) From: 2322K(6656K)->1307K(6656K)
[2026-06-17T10:01:04.311+0800][1.938s][info][gc,heap        ] GC(65) ParOldGen: 38294K(44032K)->40462K(44032K)
[2026-06-17T10:01:04.311+0800][1.939s][info][gc,metaspace   ] GC(65) Metaspace: 102K(320K)->102K(320K) NonClass: 95K(192K)->95K(192K) Class: 7K(128K)->7K(128K)
[2026-06-17T10:01:04.312+0800][1.939s][info][gc             ] GC(65) Pause Young (Allocation Failure) 47M->40M(57M) 3.419ms
[2026-06-17T10:01:04.312+0800][1.940s][info][gc,cpu         ] GC(65) User=0.00s Sys=0.00s Real=0.01s
[2026-06-17T10:01:04.324+0800][1.951s][info][gc,start       ] GC(66) Pause Young (Allocation Failure)
[2026-06-17T10:01:04.325+0800][1.952s][info][gc,heap        ] GC(66) PSYoungGen: 8639K(14848K)->2027K(14848K) Eden: 7331K(8192K)->0K(8192K) From: 1307K(6656K)->2027K(6656K)
[2026-06-17T10:01:04.326+0800][1.954s][info][gc,heap        ] GC(66) ParOldGen: 40462K(44032K)->40462K(44032K)
[2026-06-17T10:01:04.327+0800][1.954s][info][gc,metaspace   ] GC(66) Metaspace: 102K(320K)->102K(320K) NonClass: 95K(192K)->95K(192K) Class: 7K(128K)->7K(128K)
[2026-06-17T10:01:04.327+0800][1.955s][info][gc             ] GC(66) Pause Young (Allocation Failure) 47M->41M(57M) 3.539ms
[2026-06-17T10:01:04.327+0800][1.955s][info][gc,cpu         ] GC(66) User=0.00s Sys=0.00s Real=0.00s
[2026-06-17T10:01:04.349+0800][1.976s][info][gc,start       ] GC(67) Pause Young (Allocation Failure)
[2026-06-17T10:01:04.350+0800][1.978s][info][gc,heap        ] GC(67) PSYoungGen: 10171K(14848K)->4613K(14336K) Eden: 8144K(8192K)->0K(8192K) From: 2027K(6656K)->4613K(6144K)
[2026-06-17T10:01:04.350+0800][1.978s][info][gc,heap        ] GC(67) ParOldGen: 40462K(44032K)->42465K(44032K)
[2026-06-17T10:01:04.351+0800][1.978s][info][gc,metaspace   ] GC(67) Metaspace: 102K(320K)->102K(320K) NonClass: 95K(192K)->95K(192K) Class: 7K(128K)->7K(128K)
[2026-06-17T10:01:04.351+0800][1.979s][info][gc             ] GC(67) Pause Young (Allocation Failure) 49M->45M(57M) 2.108ms
[2026-06-17T10:01:04.351+0800][1.979s][info][gc,cpu         ] GC(67) User=0.00s Sys=0.00s Real=0.01s
[2026-06-17T10:01:04.372+0800][2.000s][info][gc,start       ] GC(68) Pause Full (Ergonomics)
[2026-06-17T10:01:04.374+0800][2.002s][info][gc,phases,start] GC(68) Marking Phase
[2026-06-17T10:01:04.377+0800][2.004s][info][gc,phases      ] GC(68) Marking Phase 2.383ms
[2026-06-17T10:01:04.377+0800][2.005s][info][gc,phases,start] GC(68) Summary Phase
[2026-06-17T10:01:04.379+0800][2.007s][info][gc,phases      ] GC(68) Summary Phase 1.888ms
[2026-06-17T10:01:04.382+0800][2.010s][info][gc,phases,start] GC(68) Adjust Roots
[2026-06-17T10:01:04.386+0800][2.014s][info][gc,phases      ] GC(68) Adjust Roots 4.019ms
[2026-06-17T10:01:04.387+0800][2.014s][info][gc,phases,start] GC(68) Compaction Phase
[2026-06-17T10:01:04.389+0800][2.016s][info][gc,phases      ] GC(68) Compaction Phase 2.023ms
[2026-06-17T10:01:04.389+0800][2.017s][info][gc,phases,start] GC(68) Post Compact
[2026-06-17T10:01:04.391+0800][2.019s][info][gc,phases      ] GC(68) Post Compact 1.716ms
[2026-06-17T10:01:04.393+0800][2.021s][info][gc,heap        ] GC(68) PSYoungGen: 12805K(14336K)->0K(14848K) Eden: 8192K(8192K)->0K(8192K) From: 4613K(6144K)->0K(6656K)
[2026-06-17T10:01:04.394+0800][2.022s][info][gc,heap        ] GC(68) ParOldGen: 42465K(44032K)->28633K(44032K)
[2026-06-17T10:01:04.395+0800][2.022s][info][gc,metaspace   ] GC(68) Metaspace: 102K(320K)->102K(320K) NonClass: 95K(192K)->95K(192K) Class: 7K(128K)->7K(128K)
[2026-06-17T10:01:04.395+0800][2.023s][info][gc             ] GC(68) Pause Full (Ergonomics) 53M->27M(57M) 22.705ms
[2026-06-17T10:01:04.395+0800][2.023s][info][gc,cpu         ] GC(68) User=0.01s Sys=0.00s Real=0.02s
[2026-06-17T10:01:04.417+0800][2.045s][info][gc,start       ] GC(69) Pause Young (Allocation Failure)
[2026-06-17T10:01:04.419+0800][2.046s][info][gc,heap        ] GC(69) PSYoungGen: 8167K(14848K)->5100K(13824K) Eden: 8167K(8192K)->0K(7168K) From: 0K(6656K)->5100K(6656K)
[2026-06-17T10:01:04.419+0800][2.047s][info][gc,heap        ] GC(69) ParOldGen: 28633K(44032K)->28633K(44032K)
[2026-06-17T10:01:04.419+0800][2.047s][info][gc,metaspace   ] GC(69) Metaspace: 102K(320K)->102K(320K) NonClass: 95K(192K)->95K(192K) Class: 7K(128K)->7K(128K)
[2026-06-17T10:01:04.420+0800][2.047s][info][gc             ] GC(69) Pause Young (Allocation Failure) 35M->32M(56M) 2.694ms
[2026-06-17T10:01:04.420+0800][2.048s][info][gc,cpu         ] GC(69) User=0.00s Sys=0.00s Real=0.00s
[2026-06-17T10:01:04.442+0800][2.069s][info][gc,start       ] GC(70) Pause Young (Allocation Failure)
[2026-06-17T10:01:04.444+0800][2.071s][info][gc,heap        ] GC(70) PSYoungGen: 12239K(13824K)->2361K(14336K) Eden: 7138K(7168K)->0K(7168K) From: 5100K(6656K)->2361K(7168K)
[2026-06-17T10:01:04.444+0800][2.072s][info][gc,heap        ] GC(70) ParOldGen: 28633K(44032K)->31548K(44032K)
[2026-06-17T10:01:04.445+0800][2.073s][info][gc,metaspace   ] GC(70) Metaspace: 102K(320K)->102K(320K) NonClass: 95K(192K)->95K(192K) Class: 7K(128K)->7K(128K)
[2026-06-17T10:01:04.446+0800][2.073s][info][gc             ] GC(70) Pause Young (Allocation Failure) 39M->33M(57M) 3.796ms
[2026-06-17T10:01:04.446+0800][2.074s][info][gc,cpu         ] GC(70) User=0.01s Sys=0.00s Real=0.01s
[2026-06-17T10:01:04.468+0800][2.096s][info][gc,start       ] GC(71) Pause Young (Allocation Failure)
[2026-06-17T10:01:04.470+0800][2.098s][info][gc,heap        ] GC(71) PSYoungGen: 9505K(14336K)->3107K(14848K) Eden: 7144K(7168K)->0K(8192K) From: 2361K(7168K)->3107K(6656K)
[2026-06-17T10:01:04.471+0800][2.098s][info][gc,heap        ] GC(71) ParOldGen: 31548K(44032K)->31548K(44032K)
[2026-06-17T10:01:04.471+0800][2.099s][info][gc,metaspace   ] GC(71) Metaspace: 102K(320K)->102K(320K) NonClass: 95K(192K)->95K(192K) Class: 7K(128K)->7K(128K)
[2026-06-17T10:01:04.472+0800][2.099s][info][gc             ] GC(71) Pause Young (Allocation Failure) 40M->33M(57M) 3.081ms
[2026-06-17T10:01:04.472+0800][2.100s][info][gc,cpu         ] GC(71) User=0.00s Sys=0.00s Real=0.01s
[2026-06-17T10:01:04.494+0800][2.122s][info][gc,start       ] GC(72) Pause Young (Allocation Failure)
[2026-06-17T10:01:04.496+0800][2.123s][info][gc,heap        ] GC(72) PSYoungGen: 11256K(14848K)->2430K(14848K) Eden: 8149K(8192K)->0K(8192K) From: 3107K(6656K)->2430K(6656K)
[2026-06-17T10:01:04.496+0800][2.124s][info][gc,heap        ] GC(72) ParOldGen: 31548K(44032K)->33322K(44032K)
[2026-06-17T10:01:04.497+0800][2.125s][info][gc,metaspace   ] GC(72) Metaspace: 102K(320K)->102K(320K) NonClass: 95K(192K)->95K(192K) Class: 7K(128K)->7K(128K)
[2026-06-17T10:01:04.497+0800][2.125s][info][gc             ] GC(72) Pause Young (Allocation Failure) 41M->34M(57M) 3.544ms
[2026-06-17T10:01:04.498+0800][2.126s][info][gc,cpu         ] GC(72) User=0.00s Sys=0.00s Real=0.00s
[2026-06-17T10:01:04.520+0800][2.148s][info][gc,start       ] GC(73) Pause Young (Allocation Failure)
[2026-06-17T10:01:04.521+0800][2.149s][info][gc,heap        ] GC(73) PSYoungGen: 10604K(14848K)->2267K(15360K) Eden: 8174K(8192K)->0K(9216K) From: 2430K(6656K)->2267K(6144K)
[2026-06-17T10:01:04.522+0800][2.149s][info][gc,heap        ] GC(73) ParOldGen: 33322K(44032K)->34857K(44032K)
[2026-06-17T10:01:04.522+0800][2.150s][info][gc,metaspace   ] GC(73) Metaspace: 102K(320K)->102K(320K) NonClass: 95K(192K)->95K(192K) Class: 7K(128K)->7K(128K)
[2026-06-17T10:01:04.522+0800][2.150s][info][gc             ] GC(73) Pause Young (Allocation Failure) 42M->36M(58M) 2.387ms
[2026-06-17T10:01:04.523+0800][2.150s][info][gc,cpu         ] GC(73) User=0.00s Sys=0.00s Real=0.01s
[2026-06-17T10:01:04.544+0800][2.172s][info][gc,start       ] GC(74) Pause Young (Allocation Failure)
[2026-06-17T10:01:04.546+0800][2.174s][info][gc,heap        ] GC(74) PSYoungGen: 11449K(15360K)->4514K(13824K) Eden: 9181K(9216K)->0K(9216K) From: 2267K(6144K)->4514K(4608K)
[2026-06-17T10:01:04.546+0800][2.174s][info][gc,heap        ] GC(74) ParOldGen: 34857K(44032K)->34857K(44032K)
[2026-06-17T10:01:04.547+0800][2.174s][info][gc,metaspace   ] GC(74) Metaspace: 102K(320K)->102K(320K) NonClass: 95K(192K)->95K(192K) Class: 7K(128K)->7K(128K)
[2026-06-17T10:01:04.547+0800][2.175s][info][gc             ] GC(74) Pause Young (Allocation Failure) 45M->38M(56M) 2.782ms
[2026-06-17T10:01:04.548+0800][2.175s][info][gc,cpu         ] GC(74) User=0.00s Sys=0.00s Real=0.00s
[2026-06-17T10:01:04.569+0800][2.197s][info][gc,start       ] GC(75) Pause Young (Allocation Failure)
[2026-06-17T10:01:04.572+0800][2.200s][info][gc,heap        ] GC(75) PSYoungGen: 13724K(13824K)->5130K(14848K) Eden: 9209K(9216K)->0K(8192K) From: 4514K(4608K)->5130K(6656K)
[2026-06-17T10:01:04.573+0800][2.201s][info][gc,heap        ] GC(75) ParOldGen: 34857K(44032K)->36430K(44032K)
[2026-06-17T10:01:04.574+0800][2.202s][info][gc,metaspace   ] GC(75) Metaspace: 102K(320K)->102K(320K) NonClass: 95K(192K)->95K(192K) Class: 7K(128K)->7K(128K)
[2026-06-17T10:01:04.575+0800][2.203s][info][gc             ] GC(75) Pause Young (Allocation Failure) 47M->40M(57M) 5.980ms
[2026-06-17T10:01:04.579+0800][2.207s][info][gc,cpu         ] GC(75) User=0.01s Sys=0.00s Real=0.01s
[2026-06-17T10:01:04.603+0800][2.230s][info][gc,start       ] GC(76) Pause Young (Allocation Failure)
[2026-06-17T10:01:04.605+0800][2.233s][info][gc,heap        ] GC(76) PSYoungGen: 13310K(14848K)->2782K(14848K) Eden: 8179K(8192K)->0K(8192K) From: 5130K(6656K)->2782K(6656K)
[2026-06-17T10:01:04.606+0800][2.233s][info][gc,heap        ] GC(76) ParOldGen: 36430K(44032K)->39452K(44032K)
[2026-06-17T10:01:04.606+0800][2.234s][info][gc,metaspace   ] GC(76) Metaspace: 102K(320K)->102K(320K) NonClass: 95K(192K)->95K(192K) Class: 7K(128K)->7K(128K)
[2026-06-17T10:01:04.607+0800][2.234s][info][gc             ] GC(76) Pause Young (Allocation Failure) 48M->41M(57M) 3.843ms
[2026-06-17T10:01:04.607+0800][2.235s][info][gc,cpu         ] GC(76) User=0.00s Sys=0.00s Real=0.00s
[2026-06-17T10:01:04.629+0800][2.257s][info][gc,start       ] GC(77) Pause Young (Allocation Failure)
[2026-06-17T10:01:04.631+0800][2.259s][info][gc,heap        ] GC(77) PSYoungGen: 10964K(14848K)->3873K(14848K) Eden: 8182K(8192K)->0K(8192K) From: 2782K(6656K)->3873K(6656K)
[2026-06-17T10:01:04.632+0800][2.260s][info][gc,heap        ] GC(77) ParOldGen: 39452K(44032K)->39452K(44032K)
[2026-06-17T10:01:04.633+0800][2.261s][info][gc,metaspace   ] GC(77) Metaspace: 102K(320K)->102K(320K) NonClass: 95K(192K)->95K(192K) Class: 7K(128K)->7K(128K)
[2026-06-17T10:01:04.634+0800][2.261s][info][gc             ] GC(77) Pause Young (Allocation Failure) 49M->42M(57M) 4.154ms
[2026-06-17T10:01:04.634+0800][2.262s][info][gc,cpu         ] GC(77) User=0.01s Sys=0.00s Real=0.01s
[2026-06-17T10:01:04.658+0800][2.285s][info][gc,start       ] GC(78) Pause Young (Allocation Failure)
[2026-06-17T10:01:04.660+0800][2.288s][info][gc,heap        ] GC(78) PSYoungGen: 12058K(14848K)->2959K(14848K) Eden: 8185K(8192K)->0K(8192K) From: 3873K(6656K)->2959K(6656K)
[2026-06-17T10:01:04.661+0800][2.288s][info][gc,heap        ] GC(78) ParOldGen: 39452K(44032K)->41682K(44032K)
[2026-06-17T10:01:04.661+0800][2.289s][info][gc,metaspace   ] GC(78) Metaspace: 102K(320K)->102K(320K) NonClass: 95K(192K)->95K(192K) Class: 7K(128K)->7K(128K)
[2026-06-17T10:01:04.662+0800][2.289s][info][gc             ] GC(78) Pause Young (Allocation Failure) 50M->43M(57M) 4.158ms
[2026-06-17T10:01:04.662+0800][2.290s][info][gc,cpu         ] GC(78) User=0.00s Sys=0.00s Real=0.00s
[2026-06-17T10:01:04.685+0800][2.312s][info][gc,start       ] GC(79) Pause Full (Ergonomics)
[2026-06-17T10:01:04.685+0800][2.313s][info][gc,phases,start] GC(79) Marking Phase
[2026-06-17T10:01:04.689+0800][2.317s][info][gc,phases      ] GC(79) Marking Phase 3.439ms
[2026-06-17T10:01:04.690+0800][2.317s][info][gc,phases,start] GC(79) Summary Phase
[2026-06-17T10:01:04.690+0800][2.318s][info][gc,phases      ] GC(79) Summary Phase 0.619ms
[2026-06-17T10:01:04.691+0800][2.319s][info][gc,phases,start] GC(79) Adjust Roots
[2026-06-17T10:01:04.692+0800][2.319s][info][gc,phases      ] GC(79) Adjust Roots 0.840ms
[2026-06-17T10:01:04.692+0800][2.320s][info][gc,phases,start] GC(79) Compaction Phase
[2026-06-17T10:01:04.696+0800][2.323s][info][gc,phases      ] GC(79) Compaction Phase 3.255ms
[2026-06-17T10:01:04.696+0800][2.324s][info][gc,phases,start] GC(79) Post Compact
[2026-06-17T10:01:04.697+0800][2.324s][info][gc,phases      ] GC(79) Post Compact 0.518ms
[2026-06-17T10:01:04.697+0800][2.325s][info][gc,heap        ] GC(79) PSYoungGen: 11151K(14848K)->0K(15360K) Eden: 8192K(8192K)->0K(9216K) From: 2959K(6656K)->0K(6144K)
[2026-06-17T10:01:04.698+0800][2.325s][info][gc,heap        ] GC(79) ParOldGen: 41682K(44032K)->31702K(44032K)
[2026-06-17T10:01:04.698+0800][2.326s][info][gc,metaspace   ] GC(79) Metaspace: 102K(320K)->102K(320K) NonClass: 95K(192K)->95K(192K) Class: 7K(128K)->7K(128K)
[2026-06-17T10:01:04.699+0800][2.326s][info][gc             ] GC(79) Pause Full (Ergonomics) 51M->30M(58M) 13.871ms
[2026-06-17T10:01:04.699+0800][2.327s][info][gc,cpu         ] GC(79) User=0.01s Sys=0.00s Real=0.01s
[2026-06-17T10:01:04.721+0800][2.349s][info][gc,start       ] GC(80) Pause Young (Allocation Failure)
[2026-06-17T10:01:04.723+0800][2.351s][info][gc,heap        ] GC(80) PSYoungGen: 9210K(15360K)->5559K(14848K) Eden: 9210K(9216K)->0K(9216K) From: 0K(6144K)->5559K(5632K)
[2026-06-17T10:01:04.724+0800][2.351s][info][gc,heap        ] GC(80) ParOldGen: 31702K(44032K)->31702K(44032K)
[2026-06-17T10:01:04.724+0800][2.352s][info][gc,metaspace   ] GC(80) Metaspace: 102K(320K)->102K(320K) NonClass: 95K(192K)->95K(192K) Class: 7K(128K)->7K(128K)
[2026-06-17T10:01:04.725+0800][2.353s][info][gc             ] GC(80) Pause Young (Allocation Failure) 39M->36M(57M) 3.816ms
[2026-06-17T10:01:04.725+0800][2.353s][info][gc,cpu         ] GC(80) User=0.00s Sys=0.00s Real=0.01s
[2026-06-17T10:01:04.748+0800][2.375s][info][gc,start       ] GC(81) Pause Young (Allocation Failure)
[2026-06-17T10:01:04.750+0800][2.378s][info][gc,heap        ] GC(81) PSYoungGen: 14727K(14848K)->4753K(13824K) Eden: 9168K(9216K)->0K(7168K) From: 5559K(5632K)->4753K(6656K)
[2026-06-17T10:01:04.751+0800][2.378s][info][gc,heap        ] GC(81) ParOldGen: 31702K(44032K)->34608K(44032K)
[2026-06-17T10:01:04.751+0800][2.379s][info][gc,metaspace   ] GC(81) Metaspace: 102K(320K)->102K(320K) NonClass: 95K(192K)->95K(192K) Class: 7K(128K)->7K(128K)
[2026-06-17T10:01:04.752+0800][2.379s][info][gc             ] GC(81) Pause Young (Allocation Failure) 45M->38M(56M) 3.974ms
[2026-06-17T10:01:04.752+0800][2.380s][info][gc,cpu         ] GC(81) User=0.00s Sys=0.00s Real=0.01s
[2026-06-17T10:01:04.775+0800][2.403s][info][gc,start       ] GC(82) Pause Young (Allocation Failure)
[2026-06-17T10:01:04.778+0800][2.406s][info][gc,heap        ] GC(82) PSYoungGen: 11902K(13824K)->3024K(14336K) Eden: 7149K(7168K)->0K(7168K) From: 4753K(6656K)->3024K(7168K)
[2026-06-17T10:01:04.779+0800][2.406s][info][gc,heap        ] GC(82) ParOldGen: 34608K(44032K)->36529K(44032K)
[2026-06-17T10:01:04.779+0800][2.407s][info][gc,metaspace   ] GC(82) Metaspace: 102K(320K)->102K(320K) NonClass: 95K(192K)->95K(192K) Class: 7K(128K)->7K(128K)
[2026-06-17T10:01:04.780+0800][2.408s][info][gc             ] GC(82) Pause Young (Allocation Failure) 45M->38M(57M) 4.948ms
[2026-06-17T10:01:04.781+0800][2.409s][info][gc,cpu         ] GC(82) User=0.01s Sys=0.00s Real=0.00s
[2026-06-17T10:01:04.804+0800][2.432s][info][gc,start       ] GC(83) Pause Young (Allocation Failure)
[2026-06-17T10:01:04.806+0800][2.434s][info][gc,heap        ] GC(83) PSYoungGen: 10180K(14336K)->3169K(14848K) Eden: 7156K(7168K)->0K(8192K) From: 3024K(7168K)->3169K(6656K)
[2026-06-17T10:01:04.807+0800][2.434s][info][gc,heap        ] GC(83) ParOldGen: 36529K(44032K)->36529K(44032K)
[2026-06-17T10:01:04.807+0800][2.435s][info][gc,metaspace   ] GC(83) Metaspace: 102K(320K)->102K(320K) NonClass: 95K(192K)->95K(192K) Class: 7K(128K)->7K(128K)
[2026-06-17T10:01:04.808+0800][2.436s][info][gc             ] GC(83) Pause Young (Allocation Failure) 45M->38M(57M) 3.864ms
[2026-06-17T10:01:04.809+0800][2.436s][info][gc,cpu         ] GC(83) User=0.00s Sys=0.00s Real=0.00s
[2026-06-17T10:01:04.821+0800][2.449s][info][gc,start       ] GC(84) Pause Young (Allocation Failure)
[2026-06-17T10:01:04.823+0800][2.451s][info][gc,heap        ] GC(84) PSYoungGen: 11137K(14848K)->2626K(14848K) Eden: 7968K(8192K)->0K(8192K) From: 3169K(6656K)->2626K(6656K)
[2026-06-17T10:01:04.824+0800][2.451s][info][gc,heap        ] GC(84) ParOldGen: 36529K(44032K)->38168K(44032K)
[2026-06-17T10:01:04.824+0800][2.452s][info][gc,metaspace   ] GC(84) Metaspace: 102K(320K)->102K(320K) NonClass: 95K(192K)->95K(192K) Class: 7K(128K)->7K(128K)
[2026-06-17T10:01:04.825+0800][2.453s][info][gc             ] GC(84) Pause Young (Allocation Failure) 46M->39M(57M) 3.901ms
[2026-06-17T10:01:04.826+0800][2.453s][info][gc,cpu         ] GC(84) User=0.00s Sys=0.00s Real=0.01s
[2026-06-17T10:01:04.859+0800][2.487s][info][gc,start       ] GC(85) Pause Young (Allocation Failure)
[2026-06-17T10:01:04.861+0800][2.488s][info][gc,heap        ] GC(85) PSYoungGen: 10818K(14848K)->1168K(14848K) Eden: 8192K(8192K)->0K(8192K) From: 2626K(6656K)->1168K(6656K)
[2026-06-17T10:01:04.861+0800][2.489s][info][gc,heap        ] GC(85) ParOldGen: 38168K(44032K)->40746K(44032K)
[2026-06-17T10:01:04.862+0800][2.490s][info][gc,metaspace   ] GC(85) Metaspace: 102K(320K)->102K(320K) NonClass: 95K(192K)->95K(192K) Class: 7K(128K)->7K(128K)
[2026-06-17T10:01:04.863+0800][2.490s][info][gc             ] GC(85) Pause Young (Allocation Failure) 47M->40M(57M) 3.821ms
[2026-06-17T10:01:04.863+0800][2.491s][info][gc,cpu         ] GC(85) User=0.00s Sys=0.00s Real=0.01s
[2026-06-17T10:01:04.875+0800][2.503s][info][gc,start       ] GC(86) Pause Full (Ergonomics)
[2026-06-17T10:01:04.876+0800][2.503s][info][gc,phases,start] GC(86) Marking Phase
[2026-06-17T10:01:04.879+0800][2.506s][info][gc,phases      ] GC(86) Marking Phase 3.073ms
[2026-06-17T10:01:04.879+0800][2.507s][info][gc,phases,start] GC(86) Summary Phase
[2026-06-17T10:01:04.880+0800][2.508s][info][gc,phases      ] GC(86) Summary Phase 0.508ms
[2026-06-17T10:01:04.880+0800][2.508s][info][gc,phases,start] GC(86) Adjust Roots
[2026-06-17T10:01:04.881+0800][2.509s][info][gc,phases      ] GC(86) Adjust Roots 0.716ms
[2026-06-17T10:01:04.882+0800][2.509s][info][gc,phases,start] GC(86) Compaction Phase
[2026-06-17T10:01:04.885+0800][2.512s][info][gc,phases      ] GC(86) Compaction Phase 3.013ms
[2026-06-17T10:01:04.885+0800][2.513s][info][gc,phases,start] GC(86) Post Compact
[2026-06-17T10:01:04.886+0800][2.513s][info][gc,phases      ] GC(86) Post Compact 0.514ms
[2026-06-17T10:01:04.886+0800][2.514s][info][gc,heap        ] GC(86) PSYoungGen: 9356K(14848K)->0K(14848K) Eden: 8188K(8192K)->0K(8192K) From: 1168K(6656K)->0K(6656K)
[2026-06-17T10:01:04.886+0800][2.514s][info][gc,heap        ] GC(86) ParOldGen: 40746K(44032K)->28086K(44032K)
[2026-06-17T10:01:04.887+0800][2.514s][info][gc,metaspace   ] GC(86) Metaspace: 102K(320K)->102K(320K) NonClass: 95K(192K)->95K(192K) Class: 7K(128K)->7K(128K)
[2026-06-17T10:01:04.887+0800][2.515s][info][gc             ] GC(86) Pause Full (Ergonomics) 48M->27M(57M) 12.159ms
[2026-06-17T10:01:04.887+0800][2.515s][info][gc,cpu         ] GC(86) User=0.01s Sys=0.00s Real=0.01s
[2026-06-17T10:01:04.909+0800][2.537s][info][gc,start       ] GC(87) Pause Young (Allocation Failure)
[2026-06-17T10:01:04.911+0800][2.539s][info][gc,heap        ] GC(87) PSYoungGen: 8118K(14848K)->977K(14848K) Eden: 8118K(8192K)->0K(8192K) From: 0K(6656K)->977K(6656K)
[2026-06-17T10:01:04.912+0800][2.539s][info][gc,heap        ] GC(87) ParOldGen: 28086K(44032K)->28086K(44032K)
[2026-06-17T10:01:04.912+0800][2.540s][info][gc,metaspace   ] GC(87) Metaspace: 102K(320K)->102K(320K) NonClass: 95K(192K)->95K(192K) Class: 7K(128K)->7K(128K)
[2026-06-17T10:01:04.913+0800][2.540s][info][gc             ] GC(87) Pause Young (Allocation Failure) 35M->28M(57M) 3.263ms
[2026-06-17T10:01:04.913+0800][2.541s][info][gc,cpu         ] GC(87) User=0.00s Sys=0.00s Real=0.01s
[2026-06-17T10:01:04.946+0800][2.574s][info][gc,start       ] GC(88) Pause Young (Allocation Failure)
[2026-06-17T10:01:04.950+0800][2.578s][info][gc,heap        ] GC(88) PSYoungGen: 9158K(14848K)->1602K(14848K) Eden: 8181K(8192K)->0K(8192K) From: 977K(6656K)->1602K(6656K)
[2026-06-17T10:01:04.951+0800][2.579s][info][gc,heap        ] GC(88) ParOldGen: 28086K(44032K)->29039K(44032K)
[2026-06-17T10:01:04.955+0800][2.582s][info][gc,metaspace   ] GC(88) Metaspace: 103K(320K)->103K(320K) NonClass: 95K(192K)->95K(192K) Class: 7K(128K)->7K(128K)
[2026-06-17T10:01:04.957+0800][2.585s][info][gc             ] GC(88) Pause Young (Allocation Failure) 36M->29M(57M) 11.119ms
[2026-06-17T10:01:04.959+0800][2.587s][info][gc,cpu         ] GC(88) User=0.01s Sys=0.00s Real=0.01s
[2026-06-17T10:01:04.971+0800][2.599s][info][gc,start       ] GC(89) Pause Young (Allocation Failure)
[2026-06-17T10:01:04.973+0800][2.600s][info][gc,heap        ] GC(89) PSYoungGen: 9757K(14848K)->5342K(13824K) Eden: 8154K(8192K)->0K(7168K) From: 1602K(6656K)->5342K(6656K)
[2026-06-17T10:01:04.973+0800][2.601s][info][gc,heap        ] GC(89) ParOldGen: 29039K(44032K)->29849K(44032K)
[2026-06-17T10:01:04.974+0800][2.601s][info][gc,metaspace   ] GC(89) Metaspace: 103K(320K)->103K(320K) NonClass: 95K(192K)->95K(192K) Class: 7K(128K)->7K(128K)
[2026-06-17T10:01:04.974+0800][2.602s][info][gc             ] GC(89) Pause Young (Allocation Failure) 37M->34M(56M) 3.393ms
[2026-06-17T10:01:04.975+0800][2.603s][info][gc,cpu         ] GC(89) User=0.00s Sys=0.00s Real=0.00s
[2026-06-17T10:01:04.997+0800][2.625s][info][gc,start       ] GC(90) Pause Young (Allocation Failure)
[2026-06-17T10:01:04.999+0800][2.627s][info][gc,heap        ] GC(90) PSYoungGen: 12504K(13824K)->3327K(14336K) Eden: 7162K(7168K)->0K(7168K) From: 5342K(6656K)->3327K(7168K)
[2026-06-17T10:01:04.999+0800][2.627s][info][gc,heap        ] GC(90) ParOldGen: 29849K(44032K)->32033K(44032K)
[2026-06-17T10:01:05.000+0800][2.628s][info][gc,metaspace   ] GC(90) Metaspace: 103K(320K)->103K(320K) NonClass: 95K(192K)->95K(192K) Class: 7K(128K)->7K(128K)
[2026-06-17T10:01:05.000+0800][2.628s][info][gc             ] GC(90) Pause Young (Allocation Failure) 41M->34M(57M) 3.506ms
[2026-06-17T10:01:05.001+0800][2.629s][info][gc,cpu         ] GC(90) User=0.00s Sys=0.00s Real=0.00s
[2026-06-17T10:01:05.023+0800][2.651s][info][gc,start       ] GC(91) Pause Young (Allocation Failure)
[2026-06-17T10:01:05.026+0800][2.653s][info][gc,heap        ] GC(91) PSYoungGen: 10468K(14336K)->3353K(14848K) Eden: 7141K(7168K)->0K(8192K) From: 3327K(7168K)->3353K(6656K)
[2026-06-17T10:01:05.026+0800][2.654s][info][gc,heap        ] GC(91) ParOldGen: 32033K(44032K)->32033K(44032K)
[2026-06-17T10:01:05.027+0800][2.654s][info][gc,metaspace   ] GC(91) Metaspace: 103K(320K)->103K(320K) NonClass: 95K(192K)->95K(192K) Class: 7K(128K)->7K(128K)
[2026-06-17T10:01:05.027+0800][2.655s][info][gc             ] GC(91) Pause Young (Allocation Failure) 41M->34M(57M) 4.188ms
[2026-06-17T10:01:05.028+0800][2.655s][info][gc,cpu         ] GC(91) User=0.01s Sys=0.00s Real=0.00s
[2026-06-17T10:01:05.050+0800][2.678s][info][gc,start       ] GC(92) Pause Young (Allocation Failure)
[2026-06-17T10:01:05.052+0800][2.680s][info][gc,heap        ] GC(92) PSYoungGen: 11545K(14848K)->2549K(14848K) Eden: 8192K(8192K)->0K(8192K) From: 3353K(6656K)->2549K(6656K)
[2026-06-17T10:01:05.053+0800][2.681s][info][gc,heap        ] GC(92) ParOldGen: 32033K(44032K)->34109K(44032K)
[2026-06-17T10:01:05.054+0800][2.682s][info][gc,metaspace   ] GC(92) Metaspace: 103K(320K)->103K(320K) NonClass: 95K(192K)->95K(192K) Class: 7K(128K)->7K(128K)
[2026-06-17T10:01:05.055+0800][2.682s][info][gc             ] GC(92) Pause Young (Allocation Failure) 42M->35M(57M) 4.312ms
[2026-06-17T10:01:05.055+0800][2.683s][info][gc,cpu         ] GC(92) User=0.00s Sys=0.00s Real=0.01s
[2026-06-17T10:01:05.079+0800][2.707s][info][gc,start       ] GC(93) Pause Young (Allocation Failure)
[2026-06-17T10:01:05.080+0800][2.708s][info][gc,heap        ] GC(93) PSYoungGen: 10741K(14848K)->2140K(15360K) Eden: 8192K(8192K)->0K(9216K) From: 2549K(6656K)->2140K(6144K)
[2026-06-17T10:01:05.081+0800][2.709s][info][gc,heap        ] GC(93) ParOldGen: 34109K(44032K)->35790K(44032K)
[2026-06-17T10:01:05.082+0800][2.709s][info][gc,metaspace   ] GC(93) Metaspace: 103K(320K)->103K(320K) NonClass: 95K(192K)->95K(192K) Class: 7K(128K)->7K(128K)
[2026-06-17T10:01:05.082+0800][2.710s][info][gc             ] GC(93) Pause Young (Allocation Failure) 43M->37M(58M) 3.150ms
[2026-06-17T10:01:05.083+0800][2.710s][info][gc,cpu         ] GC(93) User=0.00s Sys=0.00s Real=0.01s
[2026-06-17T10:01:05.105+0800][2.732s][info][gc,start       ] GC(94) Pause Young (Allocation Failure)
[2026-06-17T10:01:05.106+0800][2.734s][info][gc,heap        ] GC(94) PSYoungGen: 11353K(15360K)->3742K(15360K) Eden: 9213K(9216K)->0K(9216K) From: 2140K(6144K)->3742K(6144K)
[2026-06-17T10:01:05.107+0800][2.735s][info][gc,heap        ] GC(94) ParOldGen: 35790K(44032K)->36575K(44032K)
[2026-06-17T10:01:05.107+0800][2.735s][info][gc,metaspace   ] GC(94) Metaspace: 103K(320K)->103K(320K) NonClass: 95K(192K)->95K(192K) Class: 7K(128K)->7K(128K)
[2026-06-17T10:01:05.108+0800][2.736s][info][gc             ] GC(94) Pause Young (Allocation Failure) 46M->39M(58M) 3.208ms
[2026-06-17T10:01:05.108+0800][2.736s][info][gc,cpu         ] GC(94) User=0.01s Sys=0.00s Real=0.00s
[2026-06-17T10:01:05.130+0800][2.758s][info][gc,start       ] GC(95) Pause Young (Allocation Failure)
[2026-06-17T10:01:05.132+0800][2.760s][info][gc,heap        ] GC(95) PSYoungGen: 12951K(15360K)->4129K(15360K) Eden: 9208K(9216K)->0K(9216K) From: 3742K(6144K)->4129K(6144K)
[2026-06-17T10:01:05.134+0800][2.762s][info][gc,heap        ] GC(95) ParOldGen: 36575K(44032K)->38682K(44032K)
[2026-06-17T10:01:05.135+0800][2.763s][info][gc,metaspace   ] GC(95) Metaspace: 103K(320K)->103K(320K) NonClass: 95K(192K)->95K(192K) Class: 7K(128K)->7K(128K)
[2026-06-17T10:01:05.135+0800][2.763s][info][gc             ] GC(95) Pause Young (Allocation Failure) 48M->41M(58M) 5.021ms
[2026-06-17T10:01:05.136+0800][2.763s][info][gc,cpu         ] GC(95) User=0.00s Sys=0.00s Real=0.01s
[2026-06-17T10:01:05.158+0800][2.785s][info][gc,start       ] GC(96) Pause Young (Allocation Failure)
[2026-06-17T10:01:05.160+0800][2.787s][info][gc,heap        ] GC(96) PSYoungGen: 13242K(15360K)->929K(15360K) Eden: 9112K(9216K)->0K(9216K) From: 4129K(6144K)->929K(6144K)
[2026-06-17T10:01:05.160+0800][2.788s][info][gc,heap        ] GC(96) ParOldGen: 38682K(44032K)->40755K(44032K)
[2026-06-17T10:01:05.161+0800][2.789s][info][gc,metaspace   ] GC(96) Metaspace: 103K(320K)->103K(320K) NonClass: 95K(192K)->95K(192K) Class: 7K(128K)->7K(128K)
[2026-06-17T10:01:05.161+0800][2.789s][info][gc             ] GC(96) Pause Young (Allocation Failure) 50M->40M(58M) 3.683ms
[2026-06-17T10:01:05.162+0800][2.790s][info][gc,cpu         ] GC(96) User=0.00s Sys=0.00s Real=0.00s
[2026-06-17T10:01:05.195+0800][2.823s][info][gc,start       ] GC(97) Pause Full (Ergonomics)
[2026-06-17T10:01:05.196+0800][2.824s][info][gc,phases,start] GC(97) Marking Phase
[2026-06-17T10:01:05.198+0800][2.826s][info][gc,phases      ] GC(97) Marking Phase 2.298ms
[2026-06-17T10:01:05.199+0800][2.826s][info][gc,phases,start] GC(97) Summary Phase
[2026-06-17T10:01:05.199+0800][2.827s][info][gc,phases      ] GC(97) Summary Phase 0.387ms
[2026-06-17T10:01:05.199+0800][2.827s][info][gc,phases,start] GC(97) Adjust Roots
[2026-06-17T10:01:05.200+0800][2.828s][info][gc,phases      ] GC(97) Adjust Roots 0.606ms
[2026-06-17T10:01:05.200+0800][2.828s][info][gc,phases,start] GC(97) Compaction Phase
[2026-06-17T10:01:05.202+0800][2.830s][info][gc,phases      ] GC(97) Compaction Phase 1.731ms
[2026-06-17T10:01:05.203+0800][2.830s][info][gc,phases,start] GC(97) Post Compact
[2026-06-17T10:01:05.203+0800][2.831s][info][gc,phases      ] GC(97) Post Compact 0.451ms
[2026-06-17T10:01:05.204+0800][2.831s][info][gc,heap        ] GC(97) PSYoungGen: 10145K(15360K)->0K(15360K) Eden: 9216K(9216K)->0K(9216K) From: 929K(6144K)->0K(6144K)
[2026-06-17T10:01:05.204+0800][2.832s][info][gc,heap        ] GC(97) ParOldGen: 40755K(44032K)->21505K(44032K)
[2026-06-17T10:01:05.204+0800][2.832s][info][gc,metaspace   ] GC(97) Metaspace: 103K(320K)->103K(320K) NonClass: 95K(192K)->95K(192K) Class: 7K(128K)->7K(128K)
[2026-06-17T10:01:05.205+0800][2.832s][info][gc             ] GC(97) Pause Full (Ergonomics) 49M->21M(58M) 9.745ms
[2026-06-17T10:01:05.205+0800][2.833s][info][gc,cpu         ] GC(97) User=0.00s Sys=0.00s Real=0.01s
[2026-06-17T10:01:05.227+0800][2.854s][info][gc,start       ] GC(98) Pause Young (Allocation Failure)
[2026-06-17T10:01:05.228+0800][2.856s][info][gc,heap        ] GC(98) PSYoungGen: 9171K(15360K)->6111K(15360K) Eden: 9171K(9216K)->0K(9216K) From: 0K(6144K)->6111K(6144K)
[2026-06-17T10:01:05.229+0800][2.857s][info][gc,heap        ] GC(98) ParOldGen: 21505K(44032K)->21505K(44032K)
[2026-06-17T10:01:05.229+0800][2.857s][info][gc,metaspace   ] GC(98) Metaspace: 103K(320K)->103K(320K) NonClass: 95K(192K)->95K(192K) Class: 7K(128K)->7K(128K)
[2026-06-17T10:01:05.230+0800][2.857s][info][gc             ] GC(98) Pause Young (Allocation Failure) 29M->26M(58M) 3.171ms
[2026-06-17T10:01:05.230+0800][2.858s][info][gc,cpu         ] GC(98) User=0.00s Sys=0.01s Real=0.00s
[2026-06-17T10:01:05.253+0800][2.880s][info][gc,start       ] GC(99) Pause Young (Allocation Failure)
[2026-06-17T10:01:05.255+0800][2.883s][info][gc,heap        ] GC(99) PSYoungGen: 15324K(15360K)->4123K(13312K) Eden: 9212K(9216K)->0K(7168K) From: 6111K(6144K)->4123K(6144K)
[2026-06-17T10:01:05.256+0800][2.883s][info][gc,heap        ] GC(99) ParOldGen: 21505K(44032K)->25715K(44032K)
[2026-06-17T10:01:05.256+0800][2.884s][info][gc,metaspace   ] GC(99) Metaspace: 103K(320K)->103K(320K) NonClass: 96K(192K)->96K(192K) Class: 7K(128K)->7K(128K)
[2026-06-17T10:01:05.257+0800][2.884s][info][gc             ] GC(99) Pause Young (Allocation Failure) 35M->29M(56M) 4.220ms
[2026-06-17T10:01:05.257+0800][2.885s][info][gc,cpu         ] GC(99) User=0.01s Sys=0.00s Real=0.00s
[2026-06-17T10:01:05.280+0800][2.908s][info][gc,start       ] GC(100) Pause Young (Allocation Failure)
[2026-06-17T10:01:05.282+0800][2.910s][info][gc,heap        ] GC(100) PSYoungGen: 11261K(13312K)->2659K(14336K) Eden: 7138K(7168K)->0K(7168K) From: 4123K(6144K)->2659K(7168K)
[2026-06-17T10:01:05.282+0800][2.910s][info][gc,heap        ] GC(100) ParOldGen: 25715K(44032K)->27308K(44032K)
[2026-06-17T10:01:05.283+0800][2.911s][info][gc,metaspace   ] GC(100) Metaspace: 107K(320K)->107K(320K) NonClass: 99K(192K)->99K(192K) Class: 7K(128K)->7K(128K)
[2026-06-17T10:01:05.284+0800][2.911s][info][gc             ] GC(100) Pause Young (Allocation Failure) 36M->29M(57M) 3.650ms
[2026-06-17T10:01:05.284+0800][2.912s][info][gc,cpu         ] GC(100) User=0.00s Sys=0.00s Real=0.01s
[2026-06-17T10:01:05.296+0800][2.924s][info][gc,start       ] GC(101) Pause Young (Allocation Failure)
[2026-06-17T10:01:05.297+0800][2.925s][info][gc,heap        ] GC(101) PSYoungGen: 9784K(14336K)->6103K(14336K) Eden: 7124K(7168K)->0K(7168K) From: 2659K(7168K)->6103K(7168K)
[2026-06-17T10:01:05.298+0800][2.925s][info][gc,heap        ] GC(101) ParOldGen: 27308K(44032K)->27308K(44032K)
[2026-06-17T10:01:05.298+0800][2.926s][info][gc,metaspace   ] GC(101) Metaspace: 107K(320K)->107K(320K) NonClass: 99K(192K)->99K(192K) Class: 7K(128K)->7K(128K)
[2026-06-17T10:01:05.298+0800][2.926s][info][gc             ] GC(101) Pause Young (Allocation Failure) 36M->32M(57M) 2.415ms
[2026-06-17T10:01:05.299+0800][2.926s][info][gc,cpu         ] GC(101) User=0.00s Sys=0.00s Real=0.00s
[2026-06-17T10:01:05.320+0800][2.948s][info][gc,start       ] GC(102) Pause Young (Allocation Failure)
[2026-06-17T10:01:05.323+0800][2.950s][info][gc,heap        ] GC(102) PSYoungGen: 13263K(14336K)->3533K(14336K) Eden: 7160K(7168K)->0K(7168K) From: 6103K(7168K)->3533K(7168K)
[2026-06-17T10:01:05.323+0800][2.951s][info][gc,heap        ] GC(102) ParOldGen: 27308K(44032K)->30179K(44032K)
[2026-06-17T10:01:05.323+0800][2.951s][info][gc,metaspace   ] GC(102) Metaspace: 107K(320K)->107K(320K) NonClass: 99K(192K)->99K(192K) Class: 7K(128K)->7K(128K)
[2026-06-17T10:01:05.324+0800][2.951s][info][gc             ] GC(102) Pause Young (Allocation Failure) 39M->32M(57M) 3.626ms
[2026-06-17T10:01:05.324+0800][2.952s][info][gc,cpu         ] GC(102) User=0.01s Sys=0.00s Real=0.01s
[2026-06-17T10:01:05.345+0800][2.973s][info][gc,start       ] GC(103) Pause Young (Allocation Failure)
[2026-06-17T10:01:05.346+0800][2.974s][info][gc,heap        ] GC(103) PSYoungGen: 10657K(14336K)->3533K(14336K) Eden: 7124K(7168K)->0K(7168K) From: 3533K(7168K)->3533K(7168K)
[2026-06-17T10:01:05.346+0800][2.974s][info][gc,heap        ] GC(103) ParOldGen: 30179K(44032K)->30179K(44032K)
[2026-06-17T10:01:05.346+0800][2.974s][info][gc,metaspace   ] GC(103) Metaspace: 107K(320K)->107K(320K) NonClass: 99K(192K)->99K(192K) Class: 7K(128K)->7K(128K)
[2026-06-17T10:01:05.347+0800][2.974s][info][gc             ] GC(103) Pause Young (Allocation Failure) 39M->32M(57M) 1.312ms
[2026-06-17T10:01:05.347+0800][2.975s][info][gc,cpu         ] GC(103) User=0.00s Sys=0.00s Real=0.00s
[2026-06-17T10:01:05.358+0800][2.985s][info][gc,start       ] GC(104) Pause Young (Allocation Failure)
[2026-06-17T10:01:05.358+0800][2.986s][info][gc,heap        ] GC(104) PSYoungGen: 10427K(14336K)->1139K(14336K) Eden: 6894K(7168K)->0K(7168K) From: 3533K(7168K)->1139K(7168K)
[2026-06-17T10:01:05.359+0800][2.986s][info][gc,heap        ] GC(104) ParOldGen: 30179K(44032K)->32408K(44032K)
[2026-06-17T10:01:05.359+0800][2.987s][info][gc,metaspace   ] GC(104) Metaspace: 107K(320K)->107K(320K) NonClass: 99K(192K)->99K(192K) Class: 7K(128K)->7K(128K)
[2026-06-17T10:01:05.359+0800][2.987s][info][gc             ] GC(104) Pause Young (Allocation Failure) 39M->32M(57M) 1.451ms
[2026-06-17T10:01:05.359+0800][2.987s][info][gc,cpu         ] GC(104) User=0.00s Sys=0.00s Real=0.00s
[2026-06-17T10:01:05.381+0800][3.008s][info][gc,start       ] GC(105) Pause Young (Allocation Failure)
[2026-06-17T10:01:05.382+0800][3.009s][info][gc,heap        ] GC(105) PSYoungGen: 8307K(14336K)->3687K(14848K) Eden: 7168K(7168K)->0K(7680K) From: 1139K(7168K)->3687K(7168K)
[2026-06-17T10:01:05.382+0800][3.010s][info][gc,heap        ] GC(105) ParOldGen: 32408K(44032K)->33523K(44032K)
[2026-06-17T10:01:05.382+0800][3.010s][info][gc,metaspace   ] GC(105) Metaspace: 107K(320K)->107K(320K) NonClass: 99K(192K)->99K(192K) Class: 7K(128K)->7K(128K)
[2026-06-17T10:01:05.383+0800][3.010s][info][gc             ] GC(105) Pause Young (Allocation Failure) 39M->36M(57M) 2.228ms
[2026-06-17T10:01:05.383+0800][3.011s][info][gc,cpu         ] GC(105) User=0.00s Sys=0.00s Real=0.01s
[2026-06-17T10:01:05.404+0800][3.032s][info][gc,start       ] GC(106) Pause Young (Allocation Failure)
[2026-06-17T10:01:05.418+0800][3.045s][info][gc,heap        ] GC(106) PSYoungGen: 11333K(14848K)->3816K(14336K) Eden: 7646K(7680K)->0K(7680K) From: 3687K(7168K)->3816K(6656K)
[2026-06-17T10:01:05.424+0800][3.052s][info][gc,heap        ] GC(106) ParOldGen: 33523K(44032K)->34320K(44032K)
[2026-06-17T10:01:05.425+0800][3.053s][info][gc,metaspace   ] GC(106) Metaspace: 107K(320K)->107K(320K) NonClass: 99K(192K)->99K(192K) Class: 7K(128K)->7K(128K)
[2026-06-17T10:01:05.425+0800][3.053s][info][gc             ] GC(106) Pause Young (Allocation Failure) 43M->37M(57M) 20.950ms
[2026-06-17T10:01:05.426+0800][3.054s][info][gc,cpu         ] GC(106) User=0.00s Sys=0.00s Real=0.02s
[2026-06-17T10:01:05.447+0800][3.075s][info][gc,start       ] GC(107) Pause Young (Allocation Failure)
[2026-06-17T10:01:05.463+0800][3.091s][info][gc,heap        ] GC(107) PSYoungGen: 11484K(14336K)->2293K(14848K) Eden: 7667K(7680K)->0K(8192K) From: 3816K(6656K)->2293K(6656K)
[2026-06-17T10:01:05.465+0800][3.093s][info][gc,heap        ] GC(107) ParOldGen: 34320K(44032K)->36294K(44032K)
[2026-06-17T10:01:05.466+0800][3.094s][info][gc,metaspace   ] GC(107) Metaspace: 107K(320K)->107K(320K) NonClass: 99K(192K)->99K(192K) Class: 7K(128K)->7K(128K)
[2026-06-17T10:01:05.469+0800][3.097s][info][gc             ] GC(107) Pause Young (Allocation Failure) 44M->37M(57M) 22.018ms
[2026-06-17T10:01:05.471+0800][3.099s][info][gc,cpu         ] GC(107) User=0.00s Sys=0.00s Real=0.03s
[2026-06-17T10:01:05.493+0800][3.121s][info][gc,start       ] GC(108) Pause Young (Allocation Failure)
[2026-06-17T10:01:05.498+0800][3.126s][info][gc,heap        ] GC(108) PSYoungGen: 10452K(14848K)->3623K(14848K) Eden: 8158K(8192K)->0K(8192K) From: 2293K(6656K)->3623K(6656K)
[2026-06-17T10:01:05.503+0800][3.130s][info][gc,heap        ] GC(108) ParOldGen: 36294K(44032K)->36294K(44032K)
[2026-06-17T10:01:05.507+0800][3.135s][info][gc,metaspace   ] GC(108) Metaspace: 107K(320K)->107K(320K) NonClass: 99K(192K)->99K(192K) Class: 7K(128K)->7K(128K)
[2026-06-17T10:01:05.507+0800][3.135s][info][gc             ] GC(108) Pause Young (Allocation Failure) 45M->38M(57M) 14.309ms
[2026-06-17T10:01:05.508+0800][3.136s][info][gc,cpu         ] GC(108) User=0.00s Sys=0.00s Real=0.01s
[2026-06-17T10:01:05.529+0800][3.157s][info][gc,start       ] GC(109) Pause Young (Allocation Failure)
[2026-06-17T10:01:05.531+0800][3.159s][info][gc,heap        ] GC(109) PSYoungGen: 11793K(14848K)->4537K(14336K) Eden: 8170K(8192K)->0K(8192K) From: 3623K(6656K)->4537K(6144K)
[2026-06-17T10:01:05.539+0800][3.167s][info][gc,heap        ] GC(109) ParOldGen: 36294K(44032K)->36294K(44032K)
[2026-06-17T10:01:05.540+0800][3.167s][info][gc,metaspace   ] GC(109) Metaspace: 107K(320K)->107K(320K) NonClass: 99K(192K)->99K(192K) Class: 7K(128K)->7K(128K)
[2026-06-17T10:01:05.540+0800][3.167s][info][gc             ] GC(109) Pause Young (Allocation Failure) 46M->39M(57M) 10.546ms
[2026-06-17T10:01:05.540+0800][3.168s][info][gc,cpu         ] GC(109) User=0.00s Sys=0.00s Real=0.01s
[2026-06-17T10:01:05.561+0800][3.189s][info][gc,start       ] GC(110) Pause Young (Allocation Failure)
[2026-06-17T10:01:05.567+0800][3.195s][info][gc,heap        ] GC(110) PSYoungGen: 12716K(14336K)->5847K(14336K) Eden: 8179K(8192K)->0K(8192K) From: 4537K(6144K)->5847K(6144K)
[2026-06-17T10:01:05.568+0800][3.195s][info][gc,heap        ] GC(110) ParOldGen: 36294K(44032K)->36294K(44032K)
[2026-06-17T10:01:05.569+0800][3.196s][info][gc,metaspace   ] GC(110) Metaspace: 107K(320K)->107K(320K) NonClass: 99K(192K)->99K(192K) Class: 7K(128K)->7K(128K)
[2026-06-17T10:01:05.569+0800][3.197s][info][gc             ] GC(110) Pause Young (Allocation Failure) 47M->41M(57M) 7.813ms
[2026-06-17T10:01:05.570+0800][3.197s][info][gc,cpu         ] GC(110) User=0.00s Sys=0.00s Real=0.01s
[2026-06-17T10:01:05.593+0800][3.220s][info][gc,start       ] GC(111) Pause Young (Allocation Failure)
[2026-06-17T10:01:05.594+0800][3.222s][info][gc,heap        ] GC(111) PSYoungGen: 14033K(14336K)->6985K(14336K) Eden: 8185K(8192K)->0K(7168K) From: 5847K(6144K)->6985K(7168K)
[2026-06-17T10:01:05.595+0800][3.222s][info][gc,heap        ] GC(111) ParOldGen: 36294K(44032K)->36562K(44032K)
[2026-06-17T10:01:05.597+0800][3.224s][info][gc,metaspace   ] GC(111) Metaspace: 107K(320K)->107K(320K) NonClass: 99K(192K)->99K(192K) Class: 7K(128K)->7K(128K)
[2026-06-17T10:01:05.597+0800][3.225s][info][gc             ] GC(111) Pause Young (Allocation Failure) 49M->42M(57M) 4.881ms
[2026-06-17T10:01:05.598+0800][3.225s][info][gc,cpu         ] GC(111) User=0.00s Sys=0.00s Real=0.00s
[2026-06-17T10:01:05.610+0800][3.238s][info][gc,start       ] GC(112) Pause Young (Allocation Failure)
[2026-06-17T10:01:05.612+0800][3.240s][info][gc,heap        ] GC(112) PSYoungGen: 13895K(14336K)->5141K(14336K) Eden: 6910K(7168K)->0K(7168K) From: 6985K(7168K)->5141K(7168K)
[2026-06-17T10:01:05.613+0800][3.241s][info][gc,heap        ] GC(112) ParOldGen: 36562K(44032K)->38414K(44032K)
[2026-06-17T10:01:05.613+0800][3.241s][info][gc,metaspace   ] GC(112) Metaspace: 107K(320K)->107K(320K) NonClass: 99K(192K)->99K(192K) Class: 7K(128K)->7K(128K)
[2026-06-17T10:01:05.613+0800][3.241s][info][gc             ] GC(112) Pause Young (Allocation Failure) 49M->42M(57M) 3.094ms
[2026-06-17T10:01:05.614+0800][3.241s][info][gc,cpu         ] GC(112) User=0.01s Sys=0.00s Real=0.01s
[2026-06-17T10:01:05.635+0800][3.263s][info][gc,start       ] GC(113) Pause Young (Allocation Failure)
[2026-06-17T10:01:05.637+0800][3.264s][info][gc,heap        ] GC(113) PSYoungGen: 12268K(14336K)->5605K(14336K) Eden: 7127K(7168K)->0K(7168K) From: 5141K(7168K)->5605K(7168K)
[2026-06-17T10:01:05.637+0800][3.265s][info][gc,heap        ] GC(113) ParOldGen: 38414K(44032K)->41782K(44032K)
[2026-06-17T10:01:05.639+0800][3.267s][info][gc,metaspace   ] GC(113) Metaspace: 107K(320K)->107K(320K) NonClass: 99K(192K)->99K(192K) Class: 7K(128K)->7K(128K)
[2026-06-17T10:01:05.640+0800][3.268s][info][gc             ] GC(113) Pause Young (Allocation Failure) 49M->46M(57M) 5.428ms
[2026-06-17T10:01:05.641+0800][3.268s][info][gc,cpu         ] GC(113) User=0.00s Sys=0.00s Real=0.00s
[2026-06-17T10:01:05.663+0800][3.290s][info][gc,start       ] GC(114) Pause Full (Ergonomics)
[2026-06-17T10:01:05.663+0800][3.291s][info][gc,phases,start] GC(114) Marking Phase
[2026-06-17T10:01:05.666+0800][3.294s][info][gc,phases      ] GC(114) Marking Phase 3.120ms
[2026-06-17T10:01:05.667+0800][3.294s][info][gc,phases,start] GC(114) Summary Phase
[2026-06-17T10:01:05.667+0800][3.295s][info][gc,phases      ] GC(114) Summary Phase 0.351ms
[2026-06-17T10:01:05.667+0800][3.295s][info][gc,phases,start] GC(114) Adjust Roots
[2026-06-17T10:01:05.668+0800][3.295s][info][gc,phases      ] GC(114) Adjust Roots 0.442ms
[2026-06-17T10:01:05.668+0800][3.296s][info][gc,phases,start] GC(114) Compaction Phase
[2026-06-17T10:01:05.670+0800][3.298s][info][gc,phases      ] GC(114) Compaction Phase 1.962ms
[2026-06-17T10:01:05.670+0800][3.298s][info][gc,phases,start] GC(114) Post Compact
[2026-06-17T10:01:05.671+0800][3.299s][info][gc,phases      ] GC(114) Post Compact 0.427ms
[2026-06-17T10:01:05.671+0800][3.299s][info][gc,heap        ] GC(114) PSYoungGen: 12773K(14336K)->0K(14336K) Eden: 7168K(7168K)->0K(7168K) From: 5605K(7168K)->0K(7168K)
[2026-06-17T10:01:05.671+0800][3.299s][info][gc,heap        ] GC(114) ParOldGen: 41782K(44032K)->24410K(44032K)
[2026-06-17T10:01:05.672+0800][3.299s][info][gc,metaspace   ] GC(114) Metaspace: 107K(320K)->107K(320K) NonClass: 99K(192K)->99K(192K) Class: 7K(128K)->7K(128K)
[2026-06-17T10:01:05.672+0800][3.300s][info][gc             ] GC(114) Pause Full (Ergonomics) 53M->23M(57M) 9.294ms
[2026-06-17T10:01:05.672+0800][3.300s][info][gc,cpu         ] GC(114) User=0.01s Sys=0.00s Real=0.01s
[2026-06-17T10:01:05.694+0800][3.322s][info][gc,start       ] GC(115) Pause Young (Allocation Failure)
[2026-06-17T10:01:05.696+0800][3.324s][info][gc,heap        ] GC(115) PSYoungGen: 7144K(14336K)->3549K(14336K) Eden: 7144K(7168K)->0K(7168K) From: 0K(7168K)->3549K(7168K)
[2026-06-17T10:01:05.697+0800][3.325s][info][gc,heap        ] GC(115) ParOldGen: 24410K(44032K)->24410K(44032K)
[2026-06-17T10:01:05.698+0800][3.325s][info][gc,metaspace   ] GC(115) Metaspace: 107K(320K)->107K(320K) NonClass: 99K(192K)->99K(192K) Class: 7K(128K)->7K(128K)
[2026-06-17T10:01:05.698+0800][3.326s][info][gc             ] GC(115) Pause Young (Allocation Failure) 30M->27M(57M) 4.135ms
[2026-06-17T10:01:05.699+0800][3.326s][info][gc,cpu         ] GC(115) User=0.00s Sys=0.00s Real=0.00s
[2026-06-17T10:01:05.710+0800][3.338s][info][gc,start       ] GC(116) Pause Young (Allocation Failure)
[2026-06-17T10:01:05.712+0800][3.340s][info][gc,heap        ] GC(116) PSYoungGen: 10694K(14336K)->3649K(14336K) Eden: 7144K(7168K)->0K(7168K) From: 3549K(7168K)->3649K(7168K)
[2026-06-17T10:01:05.713+0800][3.340s][info][gc,heap        ] GC(116) ParOldGen: 24410K(44032K)->27829K(44032K)
[2026-06-17T10:01:05.713+0800][3.341s][info][gc,metaspace   ] GC(116) Metaspace: 107K(320K)->107K(320K) NonClass: 99K(192K)->99K(192K) Class: 7K(128K)->7K(128K)
[2026-06-17T10:01:05.714+0800][3.342s][info][gc             ] GC(116) Pause Young (Allocation Failure) 34M->30M(57M) 3.497ms
[2026-06-17T10:01:05.714+0800][3.342s][info][gc,cpu         ] GC(116) User=0.00s Sys=0.00s Real=0.00s
[2026-06-17T10:01:05.737+0800][3.364s][info][gc,start       ] GC(117) Pause Young (Allocation Failure)
[2026-06-17T10:01:05.738+0800][3.366s][info][gc,heap        ] GC(117) PSYoungGen: 10796K(14336K)->2151K(14336K) Eden: 7146K(7168K)->0K(7168K) From: 3649K(7168K)->2151K(7168K)
[2026-06-17T10:01:05.739+0800][3.367s][info][gc,heap        ] GC(117) ParOldGen: 27829K(44032K)->29424K(44032K)
[2026-06-17T10:01:05.739+0800][3.367s][info][gc,metaspace   ] GC(117) Metaspace: 107K(320K)->107K(320K) NonClass: 99K(192K)->99K(192K) Class: 7K(128K)->7K(128K)
[2026-06-17T10:01:05.740+0800][3.368s][info][gc             ] GC(117) Pause Young (Allocation Failure) 37M->30M(57M) 3.482ms
[2026-06-17T10:01:05.741+0800][3.368s][info][gc,cpu         ] GC(117) User=0.01s Sys=0.00s Real=0.00s
[2026-06-17T10:01:05.762+0800][3.390s][info][gc,start       ] GC(118) Pause Young (Allocation Failure)
[2026-06-17T10:01:05.764+0800][3.391s][info][gc,heap        ] GC(118) PSYoungGen: 9269K(14336K)->2223K(14336K) Eden: 7117K(7168K)->0K(7168K) From: 2151K(7168K)->2223K(7168K)
[2026-06-17T10:01:05.764+0800][3.392s][info][gc,heap        ] GC(118) ParOldGen: 29424K(44032K)->29424K(44032K)
[2026-06-17T10:01:05.764+0800][3.392s][info][gc,metaspace   ] GC(118) Metaspace: 107K(320K)->107K(320K) NonClass: 99K(192K)->99K(192K) Class: 7K(128K)->7K(128K)
[2026-06-17T10:01:05.765+0800][3.393s][info][gc             ] GC(118) Pause Young (Allocation Failure) 37M->30M(57M) 2.451ms
[2026-06-17T10:01:05.765+0800][3.393s][info][gc,cpu         ] GC(118) User=0.00s Sys=0.00s Real=0.01s
[2026-06-17T10:01:05.777+0800][3.404s][info][gc,start       ] GC(119) Pause Young (Allocation Failure)
[2026-06-17T10:01:05.778+0800][3.406s][info][gc,heap        ] GC(119) PSYoungGen: 9147K(14336K)->1060K(14336K) Eden: 6924K(7168K)->0K(7168K) From: 2223K(7168K)->1060K(7168K)
[2026-06-17T10:01:05.778+0800][3.406s][info][gc,heap        ] GC(119) ParOldGen: 29424K(44032K)->31295K(44032K)
[2026-06-17T10:01:05.779+0800][3.406s][info][gc,metaspace   ] GC(119) Metaspace: 107K(320K)->107K(320K) NonClass: 99K(192K)->99K(192K) Class: 7K(128K)->7K(128K)
[2026-06-17T10:01:05.779+0800][3.407s][info][gc             ] GC(119) Pause Young (Allocation Failure) 37M->31M(57M) 2.364ms
[2026-06-17T10:01:05.779+0800][3.407s][info][gc,cpu         ] GC(119) User=0.00s Sys=0.00s Real=0.00s
[2026-06-17T10:01:05.801+0800][3.429s][info][gc,start       ] GC(120) Pause Young (Allocation Failure)
[2026-06-17T10:01:05.803+0800][3.430s][info][gc,heap        ] GC(120) PSYoungGen: 8220K(14336K)->3639K(14336K) Eden: 7160K(7168K)->0K(7168K) From: 1060K(7168K)->3639K(7168K)
[2026-06-17T10:01:05.803+0800][3.431s][info][gc,heap        ] GC(120) ParOldGen: 31295K(44032K)->32331K(44032K)
[2026-06-17T10:01:05.803+0800][3.431s][info][gc,metaspace   ] GC(120) Metaspace: 107K(320K)->107K(320K) NonClass: 99K(192K)->99K(192K) Class: 7K(128K)->7K(128K)
[2026-06-17T10:01:05.804+0800][3.432s][info][gc             ] GC(120) Pause Young (Allocation Failure) 38M->35M(57M) 2.799ms
[2026-06-17T10:01:05.804+0800][3.432s][info][gc,cpu         ] GC(120) User=0.00s Sys=0.00s Real=0.01s
[2026-06-17T10:01:05.816+0800][3.444s][info][gc,start       ] GC(121) Pause Young (Allocation Failure)
[2026-06-17T10:01:05.821+0800][3.449s][info][gc,heap        ] GC(121) PSYoungGen: 10799K(14336K)->1599K(14336K) Eden: 7160K(7168K)->0K(7168K) From: 3639K(7168K)->1599K(7168K)
[2026-06-17T10:01:05.823+0800][3.451s][info][gc,heap        ] GC(121) ParOldGen: 32331K(44032K)->34299K(44032K)
[2026-06-17T10:01:05.823+0800][3.451s][info][gc,metaspace   ] GC(121) Metaspace: 107K(320K)->107K(320K) NonClass: 99K(192K)->99K(192K) Class: 7K(128K)->7K(128K)
[2026-06-17T10:01:05.824+0800][3.451s][info][gc             ] GC(121) Pause Young (Allocation Failure) 42M->35M(57M) 7.779ms
[2026-06-17T10:01:05.824+0800][3.452s][info][gc,cpu         ] GC(121) User=0.00s Sys=0.00s Real=0.01s
[2026-06-17T10:01:05.846+0800][3.473s][info][gc,start       ] GC(122) Pause Young (Allocation Failure)
[2026-06-17T10:01:05.847+0800][3.475s][info][gc,heap        ] GC(122) PSYoungGen: 8747K(14336K)->3769K(14336K) Eden: 7148K(7168K)->0K(7168K) From: 1599K(7168K)->3769K(7168K)
[2026-06-17T10:01:05.847+0800][3.475s][info][gc,heap        ] GC(122) ParOldGen: 34299K(44032K)->35874K(44032K)
[2026-06-17T10:01:05.848+0800][3.475s][info][gc,metaspace   ] GC(122) Metaspace: 107K(320K)->107K(320K) NonClass: 99K(192K)->99K(192K) Class: 7K(128K)->7K(128K)
[2026-06-17T10:01:05.848+0800][3.475s][info][gc             ] GC(122) Pause Young (Allocation Failure) 42M->38M(57M) 2.245ms
[2026-06-17T10:01:05.848+0800][3.476s][info][gc,cpu         ] GC(122) User=0.00s Sys=0.00s Real=0.00s
[2026-06-17T10:01:05.869+0800][3.497s][info][gc,start       ] GC(123) Pause Young (Allocation Failure)
[2026-06-17T10:01:05.871+0800][3.499s][info][gc,heap        ] GC(123) PSYoungGen: 10937K(14336K)->3329K(14848K) Eden: 7168K(7168K)->0K(7680K) From: 3769K(7168K)->3329K(7168K)
[2026-06-17T10:01:05.871+0800][3.499s][info][gc,heap        ] GC(123) ParOldGen: 35874K(44032K)->36333K(44032K)
[2026-06-17T10:01:05.872+0800][3.500s][info][gc,metaspace   ] GC(123) Metaspace: 107K(320K)->107K(320K) NonClass: 99K(192K)->99K(192K) Class: 7K(128K)->7K(128K)
[2026-06-17T10:01:05.872+0800][3.500s][info][gc             ] GC(123) Pause Young (Allocation Failure) 45M->38M(57M) 2.775ms
[2026-06-17T10:01:05.873+0800][3.500s][info][gc,cpu         ] GC(123) User=0.01s Sys=0.00s Real=0.01s
[2026-06-17T10:01:05.895+0800][3.522s][info][gc,start       ] GC(124) Pause Young (Allocation Failure)
[2026-06-17T10:01:05.897+0800][3.524s][info][gc,heap        ] GC(124) PSYoungGen: 11007K(14848K)->2345K(14336K) Eden: 7677K(7680K)->0K(7680K) From: 3329K(7168K)->2345K(6656K)
[2026-06-17T10:01:05.897+0800][3.525s][info][gc,heap        ] GC(124) ParOldGen: 36333K(44032K)->37955K(44032K)
[2026-06-17T10:01:05.898+0800][3.525s][info][gc,metaspace   ] GC(124) Metaspace: 107K(320K)->107K(320K) NonClass: 99K(192K)->99K(192K) Class: 7K(128K)->7K(128K)
[2026-06-17T10:01:05.898+0800][3.526s][info][gc             ] GC(124) Pause Young (Allocation Failure) 46M->39M(57M) 3.492ms
[2026-06-17T10:01:05.899+0800][3.526s][info][gc,cpu         ] GC(124) User=0.00s Sys=0.00s Real=0.00s
[2026-06-17T10:01:05.922+0800][3.550s][info][gc,start       ] GC(125) Pause Young (Allocation Failure)
[2026-06-17T10:01:05.925+0800][3.553s][info][gc,heap        ] GC(125) PSYoungGen: 10008K(14336K)->2971K(14848K) Eden: 7662K(7680K)->0K(8192K) From: 2345K(6656K)->2971K(6656K)
[2026-06-17T10:01:05.926+0800][3.554s][info][gc,heap        ] GC(125) ParOldGen: 37955K(44032K)->37955K(44032K)
[2026-06-17T10:01:05.927+0800][3.554s][info][gc,metaspace   ] GC(125) Metaspace: 107K(320K)->107K(320K) NonClass: 99K(192K)->99K(192K) Class: 7K(128K)->7K(128K)
[2026-06-17T10:01:05.928+0800][3.556s][info][gc             ] GC(125) Pause Young (Allocation Failure) 46M->39M(57M) 6.239ms
[2026-06-17T10:01:05.931+0800][3.558s][info][gc,cpu         ] GC(125) User=0.00s Sys=0.00s Real=0.02s
[2026-06-17T10:01:05.953+0800][3.581s][info][gc,start       ] GC(126) Pause Young (Allocation Failure)
[2026-06-17T10:01:05.955+0800][3.583s][info][gc,heap        ] GC(126) PSYoungGen: 11160K(14848K)->2701K(14848K) Eden: 8188K(8192K)->0K(8192K) From: 2971K(6656K)->2701K(6656K)
[2026-06-17T10:01:05.956+0800][3.584s][info][gc,heap        ] GC(126) ParOldGen: 37955K(44032K)->39545K(44032K)
[2026-06-17T10:01:05.956+0800][3.584s][info][gc,metaspace   ] GC(126) Metaspace: 107K(320K)->107K(320K) NonClass: 99K(192K)->99K(192K) Class: 7K(128K)->7K(128K)
[2026-06-17T10:01:05.957+0800][3.585s][info][gc             ] GC(126) Pause Young (Allocation Failure) 47M->41M(57M) 3.595ms
[2026-06-17T10:01:05.957+0800][3.585s][info][gc,cpu         ] GC(126) User=0.01s Sys=0.00s Real=0.00s
[2026-06-17T10:01:05.979+0800][3.607s][info][gc,start       ] GC(127) Pause Young (Allocation Failure)
[2026-06-17T10:01:05.982+0800][3.610s][info][gc,heap        ] GC(127) PSYoungGen: 10891K(14848K)->1732K(15360K) Eden: 8190K(8192K)->0K(9216K) From: 2701K(6656K)->1732K(6144K)
[2026-06-17T10:01:05.984+0800][3.611s][info][gc,heap        ] GC(127) ParOldGen: 39545K(44032K)->41783K(44032K)
[2026-06-17T10:01:05.985+0800][3.613s][info][gc,metaspace   ] GC(127) Metaspace: 107K(320K)->107K(320K) NonClass: 99K(192K)->99K(192K) Class: 7K(128K)->7K(128K)
[2026-06-17T10:01:05.987+0800][3.615s][info][gc             ] GC(127) Pause Young (Allocation Failure) 49M->42M(58M) 8.040ms
[2026-06-17T10:01:05.989+0800][3.617s][info][gc,cpu         ] GC(127) User=0.00s Sys=0.00s Real=0.01s
[2026-06-17T10:01:06.013+0800][3.641s][info][gc,start       ] GC(128) Pause Full (Ergonomics)
[2026-06-17T10:01:06.014+0800][3.642s][info][gc,phases,start] GC(128) Marking Phase
[2026-06-17T10:01:06.017+0800][3.645s][info][gc,phases      ] GC(128) Marking Phase 3.284ms
[2026-06-17T10:01:06.018+0800][3.645s][info][gc,phases,start] GC(128) Summary Phase
[2026-06-17T10:01:06.018+0800][3.646s][info][gc,phases      ] GC(128) Summary Phase 0.332ms
[2026-06-17T10:01:06.018+0800][3.646s][info][gc,phases,start] GC(128) Adjust Roots
[2026-06-17T10:01:06.019+0800][3.647s][info][gc,phases      ] GC(128) Adjust Roots 0.674ms
[2026-06-17T10:01:06.019+0800][3.647s][info][gc,phases,start] GC(128) Compaction Phase
[2026-06-17T10:01:06.022+0800][3.650s][info][gc,phases      ] GC(128) Compaction Phase 2.443ms
[2026-06-17T10:01:06.022+0800][3.650s][info][gc,phases,start] GC(128) Post Compact
[2026-06-17T10:01:06.023+0800][3.650s][info][gc,phases      ] GC(128) Post Compact 0.413ms
[2026-06-17T10:01:06.023+0800][3.651s][info][gc,heap        ] GC(128) PSYoungGen: 10931K(15360K)->0K(15360K) Eden: 9198K(9216K)->0K(9216K) From: 1732K(6144K)->0K(6144K)
[2026-06-17T10:01:06.023+0800][3.651s][info][gc,heap        ] GC(128) ParOldGen: 41783K(44032K)->32204K(44032K)
[2026-06-17T10:01:06.024+0800][3.651s][info][gc,metaspace   ] GC(128) Metaspace: 107K(320K)->107K(320K) NonClass: 99K(192K)->99K(192K) Class: 7K(128K)->7K(128K)
[2026-06-17T10:01:06.024+0800][3.652s][info][gc             ] GC(128) Pause Full (Ergonomics) 51M->31M(58M) 10.559ms
[2026-06-17T10:01:06.024+0800][3.652s][info][gc,cpu         ] GC(128) User=0.01s Sys=0.00s Real=0.01s
[2026-06-17T10:01:06.046+0800][3.674s][info][gc,start       ] GC(129) Pause Young (Allocation Failure)
[2026-06-17T10:01:06.047+0800][3.675s][info][gc,heap        ] GC(129) PSYoungGen: 9198K(15360K)->5641K(14336K) Eden: 9198K(9216K)->0K(8192K) From: 0K(6144K)->5641K(6144K)
[2026-06-17T10:01:06.048+0800][3.676s][info][gc,heap        ] GC(129) ParOldGen: 32204K(44032K)->32204K(44032K)
[2026-06-17T10:01:06.048+0800][3.676s][info][gc,metaspace   ] GC(129) Metaspace: 110K(320K)->110K(320K) NonClass: 103K(192K)->103K(192K) Class: 7K(128K)->7K(128K)
[2026-06-17T10:01:06.049+0800][3.676s][info][gc             ] GC(129) Pause Young (Allocation Failure) 40M->36M(57M) 2.810ms
[2026-06-17T10:01:06.049+0800][3.677s][info][gc,cpu         ] GC(129) User=0.01s Sys=0.00s Real=0.00s
[2026-06-17T10:01:06.071+0800][3.699s][info][gc,start       ] GC(130) Pause Young (Allocation Failure)
[2026-06-17T10:01:06.073+0800][3.701s][info][gc,heap        ] GC(130) PSYoungGen: 13826K(14336K)->2264K(14848K) Eden: 8185K(8192K)->0K(8192K) From: 5641K(6144K)->2264K(6656K)
[2026-06-17T10:01:06.074+0800][3.701s][info][gc,heap        ] GC(130) ParOldGen: 32204K(44032K)->37037K(44032K)
[2026-06-17T10:01:06.074+0800][3.702s][info][gc,metaspace   ] GC(130) Metaspace: 110K(320K)->110K(320K) NonClass: 103K(192K)->103K(192K) Class: 7K(128K)->7K(128K)
[2026-06-17T10:01:06.075+0800][3.702s][info][gc             ] GC(130) Pause Young (Allocation Failure) 44M->38M(57M) 3.828ms
[2026-06-17T10:01:06.075+0800][3.703s][info][gc,cpu         ] GC(130) User=0.00s Sys=0.00s Real=0.00s
[2026-06-17T10:01:06.097+0800][3.725s][info][gc,start       ] GC(131) Pause Young (Allocation Failure)
[2026-06-17T10:01:06.099+0800][3.726s][info][gc,heap        ] GC(131) PSYoungGen: 10404K(14848K)->3654K(14848K) Eden: 8140K(8192K)->0K(8192K) From: 2264K(6656K)->3654K(6656K)
[2026-06-17T10:01:06.099+0800][3.727s][info][gc,heap        ] GC(131) ParOldGen: 37037K(44032K)->37037K(44032K)
[2026-06-17T10:01:06.100+0800][3.727s][info][gc,metaspace   ] GC(131) Metaspace: 110K(320K)->110K(320K) NonClass: 103K(192K)->103K(192K) Class: 7K(128K)->7K(128K)
[2026-06-17T10:01:06.100+0800][3.728s][info][gc             ] GC(131) Pause Young (Allocation Failure) 46M->39M(57M) 3.146ms
[2026-06-17T10:01:06.101+0800][3.728s][info][gc,cpu         ] GC(131) User=0.00s Sys=0.00s Real=0.00s
[2026-06-17T10:01:06.123+0800][3.751s][info][gc,start       ] GC(132) Pause Young (Allocation Failure)
[2026-06-17T10:01:06.125+0800][3.752s][info][gc,heap        ] GC(132) PSYoungGen: 11846K(14848K)->3103K(14848K) Eden: 8192K(8192K)->0K(8192K) From: 3654K(6656K)->3103K(6656K)
[2026-06-17T10:01:06.126+0800][3.753s][info][gc,heap        ] GC(132) ParOldGen: 37037K(44032K)->38644K(44032K)
[2026-06-17T10:01:06.126+0800][3.754s][info][gc,metaspace   ] GC(132) Metaspace: 110K(320K)->110K(320K) NonClass: 103K(192K)->103K(192K) Class: 7K(128K)->7K(128K)
[2026-06-17T10:01:06.127+0800][3.754s][info][gc             ] GC(132) Pause Young (Allocation Failure) 47M->40M(57M) 3.563ms
[2026-06-17T10:01:06.127+0800][3.755s][info][gc,cpu         ] GC(132) User=0.01s Sys=0.00s Real=0.00s
[2026-06-17T10:01:06.149+0800][3.776s][info][gc,start       ] GC(133) Pause Young (Allocation Failure)
[2026-06-17T10:01:06.150+0800][3.778s][info][gc,heap        ] GC(133) PSYoungGen: 11270K(14848K)->2283K(15360K) Eden: 8167K(8192K)->0K(9216K) From: 3103K(6656K)->2283K(6144K)
[2026-06-17T10:01:06.151+0800][3.779s][info][gc,heap        ] GC(133) ParOldGen: 38644K(44032K)->40738K(44032K)
[2026-06-17T10:01:06.152+0800][3.780s][info][gc,metaspace   ] GC(133) Metaspace: 110K(320K)->110K(320K) NonClass: 103K(192K)->103K(192K) Class: 7K(128K)->7K(128K)
[2026-06-17T10:01:06.152+0800][3.780s][info][gc             ] GC(133) Pause Young (Allocation Failure) 48M->42M(58M) 3.553ms
[2026-06-17T10:01:06.153+0800][3.780s][info][gc,cpu         ] GC(133) User=0.00s Sys=0.00s Real=0.01s
[2026-06-17T10:01:06.175+0800][3.802s][info][gc,start       ] GC(134) Pause Full (Ergonomics)
[2026-06-17T10:01:06.175+0800][3.803s][info][gc,phases,start] GC(134) Marking Phase
[2026-06-17T10:01:06.178+0800][3.806s][info][gc,phases      ] GC(134) Marking Phase 2.800ms
[2026-06-17T10:01:06.178+0800][3.806s][info][gc,phases,start] GC(134) Summary Phase
[2026-06-17T10:01:06.179+0800][3.806s][info][gc,phases      ] GC(134) Summary Phase 0.344ms
[2026-06-17T10:01:06.179+0800][3.807s][info][gc,phases,start] GC(134) Adjust Roots
[2026-06-17T10:01:06.179+0800][3.807s][info][gc,phases      ] GC(134) Adjust Roots 0.424ms
[2026-06-17T10:01:06.180+0800][3.807s][info][gc,phases,start] GC(134) Compaction Phase
[2026-06-17T10:01:06.182+0800][3.810s][info][gc,phases      ] GC(134) Compaction Phase 2.573ms
[2026-06-17T10:01:06.183+0800][3.810s][info][gc,phases,start] GC(134) Post Compact
[2026-06-17T10:01:06.183+0800][3.811s][info][gc,phases      ] GC(134) Post Compact 0.354ms
[2026-06-17T10:01:06.183+0800][3.811s][info][gc,heap        ] GC(134) PSYoungGen: 11491K(15360K)->0K(15360K) Eden: 9207K(9216K)->0K(9216K) From: 2283K(6144K)->0K(6144K)
[2026-06-17T10:01:06.184+0800][3.811s][info][gc,heap        ] GC(134) ParOldGen: 40738K(44032K)->27192K(44032K)
[2026-06-17T10:01:06.184+0800][3.811s][info][gc,metaspace   ] GC(134) Metaspace: 110K(320K)->110K(320K) NonClass: 103K(192K)->103K(192K) Class: 7K(128K)->7K(128K)
[2026-06-17T10:01:06.184+0800][3.812s][info][gc             ] GC(134) Pause Full (Ergonomics) 51M->26M(58M) 9.282ms
[2026-06-17T10:01:06.184+0800][3.812s][info][gc,cpu         ] GC(134) User=0.01s Sys=0.00s Real=0.01s
[2026-06-17T10:01:06.206+0800][3.834s][info][gc,start       ] GC(135) Pause Young (Allocation Failure)
[2026-06-17T10:01:06.208+0800][3.836s][info][gc,heap        ] GC(135) PSYoungGen: 9216K(15360K)->5743K(14336K) Eden: 9216K(9216K)->0K(8192K) From: 0K(6144K)->5743K(6144K)
[2026-06-17T10:01:06.208+0800][3.836s][info][gc,heap        ] GC(135) ParOldGen: 27192K(44032K)->27192K(44032K)
[2026-06-17T10:01:06.209+0800][3.836s][info][gc,metaspace   ] GC(135) Metaspace: 110K(320K)->110K(320K) NonClass: 103K(192K)->103K(192K) Class: 7K(128K)->7K(128K)
[2026-06-17T10:01:06.209+0800][3.837s][info][gc             ] GC(135) Pause Young (Allocation Failure) 35M->32M(57M) 3.170ms
[2026-06-17T10:01:06.209+0800][3.837s][info][gc,cpu         ] GC(135) User=0.00s Sys=0.00s Real=0.00s
[2026-06-17T10:01:06.232+0800][3.859s][info][gc,start       ] GC(136) Pause Young (Allocation Failure)
[2026-06-17T10:01:06.234+0800][3.862s][info][gc,heap        ] GC(136) PSYoungGen: 13848K(14336K)->767K(9216K) Eden: 8105K(8192K)->0K(8192K) From: 5743K(6144K)->767K(1024K)
[2026-06-17T10:01:06.235+0800][3.863s][info][gc,heap        ] GC(136) ParOldGen: 27192K(44032K)->29818K(44032K)
[2026-06-17T10:01:06.236+0800][3.863s][info][gc,metaspace   ] GC(136) Metaspace: 110K(320K)->110K(320K) NonClass: 103K(192K)->103K(192K) Class: 7K(128K)->7K(128K)
[2026-06-17T10:01:06.236+0800][3.864s][info][gc             ] GC(136) Pause Young (Allocation Failure) 40M->29M(52M) 4.550ms
[2026-06-17T10:01:06.237+0800][3.865s][info][gc,cpu         ] GC(136) User=0.00s Sys=0.00s Real=0.00s
[2026-06-17T10:01:06.259+0800][3.887s][info][gc,start       ] GC(137) Pause Young (Allocation Failure)
[2026-06-17T10:01:06.261+0800][3.889s][info][gc,heap        ] GC(137) PSYoungGen: 8926K(9216K)->4748K(14336K) Eden: 8159K(8192K)->0K(7168K) From: 767K(1024K)->4748K(7168K)
[2026-06-17T10:01:06.262+0800][3.889s][info][gc,heap        ] GC(137) ParOldGen: 29818K(44032K)->30561K(44032K)
[2026-06-17T10:01:06.262+0800][3.890s][info][gc,metaspace   ] GC(137) Metaspace: 110K(320K)->110K(320K) NonClass: 103K(192K)->103K(192K) Class: 7K(128K)->7K(128K)
[2026-06-17T10:01:06.262+0800][3.890s][info][gc             ] GC(137) Pause Young (Allocation Failure) 37M->34M(57M) 3.123ms
[2026-06-17T10:01:06.263+0800][3.890s][info][gc,cpu         ] GC(137) User=0.00s Sys=0.00s Real=0.01s
[2026-06-17T10:01:06.285+0800][3.912s][info][gc,start       ] GC(138) Pause Young (Allocation Failure)
[2026-06-17T10:01:06.287+0800][3.914s][info][gc,heap        ] GC(138) PSYoungGen: 11881K(14336K)->3475K(14336K) Eden: 7132K(7168K)->0K(7168K) From: 4748K(7168K)->3475K(7168K)
[2026-06-17T10:01:06.287+0800][3.915s][info][gc,heap        ] GC(138) ParOldGen: 30561K(44032K)->31696K(44032K)
[2026-06-17T10:01:06.288+0800][3.915s][info][gc,metaspace   ] GC(138) Metaspace: 110K(320K)->110K(320K) NonClass: 103K(192K)->103K(192K) Class: 7K(128K)->7K(128K)
[2026-06-17T10:01:06.288+0800][3.916s][info][gc             ] GC(138) Pause Young (Allocation Failure) 41M->34M(57M) 3.511ms
[2026-06-17T10:01:06.289+0800][3.916s][info][gc,cpu         ] GC(138) User=0.00s Sys=0.00s Real=0.00s
[2026-06-17T10:01:06.311+0800][3.938s][info][gc,start       ] GC(139) Pause Young (Allocation Failure)
[2026-06-17T10:01:06.312+0800][3.940s][info][gc,heap        ] GC(139) PSYoungGen: 10605K(14336K)->1311K(13824K) Eden: 7130K(7168K)->0K(7168K) From: 3475K(7168K)->1311K(6656K)
[2026-06-17T10:01:06.313+0800][3.941s][info][gc,heap        ] GC(139) ParOldGen: 31696K(44032K)->34195K(44032K)
[2026-06-17T10:01:06.314+0800][3.941s][info][gc,metaspace   ] GC(139) Metaspace: 110K(320K)->110K(320K) NonClass: 103K(192K)->103K(192K) Class: 7K(128K)->7K(128K)
[2026-06-17T10:01:06.314+0800][3.942s][info][gc             ] GC(139) Pause Young (Allocation Failure) 41M->34M(56M) 3.315ms
[2026-06-17T10:01:06.314+0800][3.942s][info][gc,cpu         ] GC(139) User=0.00s Sys=0.01s Real=0.00s
[2026-06-17T10:01:06.326+0800][3.954s][info][gc,start       ] GC(140) Pause Young (Allocation Failure)
[2026-06-17T10:01:06.327+0800][3.955s][info][gc,heap        ] GC(140) PSYoungGen: 8438K(13824K)->5150K(14336K) Eden: 7127K(7168K)->0K(7168K) From: 1311K(6656K)->5150K(7168K)
[2026-06-17T10:01:06.328+0800][3.955s][info][gc,heap        ] GC(140) ParOldGen: 34195K(44032K)->34195K(44032K)
[2026-06-17T10:01:06.328+0800][3.956s][info][gc,metaspace   ] GC(140) Metaspace: 110K(320K)->110K(320K) NonClass: 103K(192K)->103K(192K) Class: 7K(128K)->7K(128K)
[2026-06-17T10:01:06.328+0800][3.956s][info][gc             ] GC(140) Pause Young (Allocation Failure) 41M->38M(57M) 2.474ms
[2026-06-17T10:01:06.329+0800][3.957s][info][gc,cpu         ] GC(140) User=0.00s Sys=0.00s Real=0.00s
[2026-06-17T10:01:06.350+0800][3.978s][info][gc,start       ] GC(141) Pause Young (Allocation Failure)
[2026-06-17T10:01:06.351+0800][3.978s][info][gc,heap        ] GC(141) PSYoungGen: 12280K(14336K)->2931K(14336K) Eden: 7130K(7168K)->0K(7168K) From: 5150K(7168K)->2931K(7168K)
[2026-06-17T10:01:06.351+0800][3.979s][info][gc,heap        ] GC(141) ParOldGen: 34195K(44032K)->36468K(44032K)
[2026-06-17T10:01:06.351+0800][3.979s][info][gc,metaspace   ] GC(141) Metaspace: 110K(320K)->110K(320K) NonClass: 103K(192K)->103K(192K) Class: 7K(128K)->7K(128K)
[2026-06-17T10:01:06.352+0800][3.980s][info][gc             ] GC(141) Pause Young (Allocation Failure) 45M->38M(57M) 2.394ms
[2026-06-17T10:01:06.354+0800][3.981s][info][gc,cpu         ] GC(141) User=0.00s Sys=0.00s Real=0.01s
[2026-06-17T10:01:06.374+0800][4.002s][info][gc,start       ] GC(142) Pause Young (Allocation Failure)
[2026-06-17T10:01:06.375+0800][4.003s][info][gc,heap        ] GC(142) PSYoungGen: 10097K(14336K)->3105K(14336K) Eden: 7166K(7168K)->0K(7168K) From: 2931K(7168K)->3105K(7168K)
[2026-06-17T10:01:06.375+0800][4.003s][info][gc,heap        ] GC(142) ParOldGen: 36468K(44032K)->36468K(44032K)
[2026-06-17T10:01:06.376+0800][4.003s][info][gc,metaspace   ] GC(142) Metaspace: 110K(320K)->110K(320K) NonClass: 103K(192K)->103K(192K) Class: 7K(128K)->7K(128K)
[2026-06-17T10:01:06.376+0800][4.003s][info][gc             ] GC(142) Pause Young (Allocation Failure) 45M->38M(57M) 1.245ms
[2026-06-17T10:01:06.376+0800][4.004s][info][gc,cpu         ] GC(142) User=0.00s Sys=0.00s Real=0.00s
[2026-06-17T10:01:06.387+0800][4.014s][info][gc,start       ] GC(143) Pause Young (Allocation Failure)
[2026-06-17T10:01:06.387+0800][4.015s][info][gc,heap        ] GC(143) PSYoungGen: 10182K(14336K)->1318K(14848K) Eden: 7077K(7168K)->0K(8192K) From: 3105K(7168K)->1318K(6656K)
[2026-06-17T10:01:06.388+0800][4.015s][info][gc,heap        ] GC(143) ParOldGen: 36468K(44032K)->38378K(44032K)
[2026-06-17T10:01:06.388+0800][4.015s][info][gc,metaspace   ] GC(143) Metaspace: 110K(320K)->110K(320K) NonClass: 103K(192K)->103K(192K) Class: 7K(128K)->7K(128K)
[2026-06-17T10:01:06.388+0800][4.016s][info][gc             ] GC(143) Pause Young (Allocation Failure) 45M->38M(57M) 1.348ms
[2026-06-17T10:01:06.388+0800][4.016s][info][gc,cpu         ] GC(143) User=0.00s Sys=0.00s Real=0.00s
[2026-06-17T10:01:06.420+0800][4.047s][info][gc,start       ] GC(144) Pause Young (Allocation Failure)
[2026-06-17T10:01:06.421+0800][4.049s][info][gc,heap        ] GC(144) PSYoungGen: 9510K(14848K)->1104K(14848K) Eden: 8192K(8192K)->0K(8192K) From: 1318K(6656K)->1104K(6656K)
[2026-06-17T10:01:06.422+0800][4.049s][info][gc,heap        ] GC(144) ParOldGen: 38378K(44032K)->39672K(44032K)
[2026-06-17T10:01:06.422+0800][4.050s][info][gc,metaspace   ] GC(144) Metaspace: 110K(320K)->110K(320K) NonClass: 103K(192K)->103K(192K) Class: 7K(128K)->7K(128K)
[2026-06-17T10:01:06.422+0800][4.050s][info][gc             ] GC(144) Pause Young (Allocation Failure) 46M->39M(57M) 2.662ms
[2026-06-17T10:01:06.423+0800][4.051s][info][gc,cpu         ] GC(144) User=0.00s Sys=0.00s Real=0.01s
[2026-06-17T10:01:06.435+0800][4.062s][info][gc,start       ] GC(145) Pause Young (Allocation Failure)
[2026-06-17T10:01:06.436+0800][4.064s][info][gc,heap        ] GC(145) PSYoungGen: 9287K(14848K)->5880K(13824K) Eden: 8183K(8192K)->0K(7168K) From: 1104K(6656K)->5880K(6656K)
[2026-06-17T10:01:06.437+0800][4.064s][info][gc,heap        ] GC(145) ParOldGen: 39672K(44032K)->39672K(44032K)
[2026-06-17T10:01:06.437+0800][4.065s][info][gc,metaspace   ] GC(145) Metaspace: 110K(320K)->110K(320K) NonClass: 103K(192K)->103K(192K) Class: 7K(128K)->7K(128K)
[2026-06-17T10:01:06.437+0800][4.065s][info][gc             ] GC(145) Pause Young (Allocation Failure) 47M->44M(56M) 2.637ms
[2026-06-17T10:01:06.438+0800][4.065s][info][gc,cpu         ] GC(145) User=0.00s Sys=0.00s Real=0.00s
[2026-06-17T10:01:06.460+0800][4.087s][info][gc,start       ] GC(146) Pause Young (Allocation Failure)
[2026-06-17T10:01:06.462+0800][4.090s][info][gc,heap        ] GC(146) PSYoungGen: 12999K(13824K)->3437K(14336K) Eden: 7119K(7168K)->0K(7168K) From: 5880K(6656K)->3437K(7168K)
[2026-06-17T10:01:06.467+0800][4.095s][info][gc,heap        ] GC(146) ParOldGen: 39672K(44032K)->42427K(44032K)
[2026-06-17T10:01:06.467+0800][4.095s][info][gc,metaspace   ] GC(146) Metaspace: 110K(320K)->110K(320K) NonClass: 103K(192K)->103K(192K) Class: 7K(128K)->7K(128K)
[2026-06-17T10:01:06.468+0800][4.096s][info][gc             ] GC(146) Pause Young (Allocation Failure) 51M->44M(57M) 8.103ms
[2026-06-17T10:01:06.468+0800][4.096s][info][gc,cpu         ] GC(146) User=0.00s Sys=0.00s Real=0.01s
[2026-06-17T10:01:06.490+0800][4.118s][info][gc,start       ] GC(147) Pause Full (Ergonomics)
[2026-06-17T10:01:06.491+0800][4.118s][info][gc,phases,start] GC(147) Marking Phase
[2026-06-17T10:01:06.494+0800][4.122s][info][gc,phases      ] GC(147) Marking Phase 3.639ms
[2026-06-17T10:01:06.495+0800][4.123s][info][gc,phases,start] GC(147) Summary Phase
[2026-06-17T10:01:06.496+0800][4.124s][info][gc,phases      ] GC(147) Summary Phase 0.793ms
[2026-06-17T10:01:06.496+0800][4.124s][info][gc,phases,start] GC(147) Adjust Roots
[2026-06-17T10:01:06.497+0800][4.125s][info][gc,phases      ] GC(147) Adjust Roots 0.747ms
[2026-06-17T10:01:06.498+0800][4.126s][info][gc,phases,start] GC(147) Compaction Phase
[2026-06-17T10:01:06.500+0800][4.128s][info][gc,phases      ] GC(147) Compaction Phase 2.499ms
[2026-06-17T10:01:06.501+0800][4.129s][info][gc,phases,start] GC(147) Post Compact
[2026-06-17T10:01:06.501+0800][4.129s][info][gc,phases      ] GC(147) Post Compact 0.520ms
[2026-06-17T10:01:06.502+0800][4.129s][info][gc,heap        ] GC(147) PSYoungGen: 10557K(14336K)->0K(14336K) Eden: 7120K(7168K)->0K(7168K) From: 3437K(7168K)->0K(7168K)
[2026-06-17T10:01:06.502+0800][4.130s][info][gc,heap        ] GC(147) ParOldGen: 42427K(44032K)->23753K(44032K)
[2026-06-17T10:01:06.502+0800][4.130s][info][gc,metaspace   ] GC(147) Metaspace: 110K(320K)->110K(320K) NonClass: 103K(192K)->103K(192K) Class: 7K(128K)->7K(128K)
[2026-06-17T10:01:06.502+0800][4.130s][info][gc             ] GC(147) Pause Full (Ergonomics) 51M->23M(57M) 12.310ms
[2026-06-17T10:01:06.503+0800][4.131s][info][gc,cpu         ] GC(147) User=0.01s Sys=0.00s Real=0.02s
[2026-06-17T10:01:06.514+0800][4.142s][info][gc,start       ] GC(148) Pause Young (Allocation Failure)
[2026-06-17T10:01:06.517+0800][4.145s][info][gc,heap        ] GC(148) PSYoungGen: 7100K(14336K)->3879K(14336K) Eden: 7100K(7168K)->0K(7168K) From: 0K(7168K)->3879K(7168K)
[2026-06-17T10:01:06.519+0800][4.146s][info][gc,heap        ] GC(148) ParOldGen: 23753K(44032K)->23753K(44032K)
[2026-06-17T10:01:06.520+0800][4.148s][info][gc,metaspace   ] GC(148) Metaspace: 110K(320K)->110K(320K) NonClass: 103K(192K)->103K(192K) Class: 7K(128K)->7K(128K)
[2026-06-17T10:01:06.520+0800][4.148s][info][gc             ] GC(148) Pause Young (Allocation Failure) 30M->26M(57M) 6.490ms
[2026-06-17T10:01:06.521+0800][4.148s][info][gc,cpu         ] GC(148) User=0.00s Sys=0.00s Real=0.00s
[2026-06-17T10:01:06.542+0800][4.170s][info][gc,start       ] GC(149) Pause Young (Allocation Failure)
[2026-06-17T10:01:06.545+0800][4.172s][info][gc,heap        ] GC(149) PSYoungGen: 11045K(14336K)->3823K(14848K) Eden: 7165K(7168K)->0K(7680K) From: 3879K(7168K)->3823K(7168K)
[2026-06-17T10:01:06.545+0800][4.173s][info][gc,heap        ] GC(149) ParOldGen: 23753K(44032K)->27572K(44032K)
[2026-06-17T10:01:06.546+0800][4.174s][info][gc,metaspace   ] GC(149) Metaspace: 110K(320K)->110K(320K) NonClass: 103K(192K)->103K(192K) Class: 7K(128K)->7K(128K)
[2026-06-17T10:01:06.546+0800][4.174s][info][gc             ] GC(149) Pause Young (Allocation Failure) 33M->30M(57M) 4.097ms
[2026-06-17T10:01:06.547+0800][4.175s][info][gc,cpu         ] GC(149) User=0.01s Sys=0.00s Real=0.01s
[2026-06-17T10:01:06.569+0800][4.197s][info][gc,start       ] GC(150) Pause Young (Allocation Failure)
[2026-06-17T10:01:06.571+0800][4.199s][info][gc,heap        ] GC(150) PSYoungGen: 11494K(14848K)->4080K(14336K) Eden: 7671K(7680K)->0K(7680K) From: 3823K(7168K)->4080K(6656K)
[2026-06-17T10:01:06.572+0800][4.199s][info][gc,heap        ] GC(150) ParOldGen: 27572K(44032K)->28201K(44032K)
[2026-06-17T10:01:06.572+0800][4.200s][info][gc,metaspace   ] GC(150) Metaspace: 110K(320K)->110K(320K) NonClass: 103K(192K)->103K(192K) Class: 7K(128K)->7K(128K)
[2026-06-17T10:01:06.573+0800][4.201s][info][gc             ] GC(150) Pause Young (Allocation Failure) 38M->31M(57M) 3.794ms
[2026-06-17T10:01:06.573+0800][4.201s][info][gc,cpu         ] GC(150) User=0.00s Sys=0.00s Real=0.01s
[2026-06-17T10:01:06.596+0800][4.224s][info][gc,start       ] GC(151) Pause Young (Allocation Failure)
[2026-06-17T10:01:06.598+0800][4.226s][info][gc,heap        ] GC(151) PSYoungGen: 11739K(14336K)->3072K(14848K) Eden: 7658K(7680K)->0K(8192K) From: 4080K(6656K)->3072K(6656K)
[2026-06-17T10:01:06.599+0800][4.227s][info][gc,heap        ] GC(151) ParOldGen: 28201K(44032K)->29993K(44032K)
[2026-06-17T10:01:06.599+0800][4.227s][info][gc,metaspace   ] GC(151) Metaspace: 110K(320K)->110K(320K) NonClass: 103K(192K)->103K(192K) Class: 7K(128K)->7K(128K)
[2026-06-17T10:01:06.600+0800][4.228s][info][gc             ] GC(151) Pause Young (Allocation Failure) 39M->32M(57M) 4.184ms
[2026-06-17T10:01:06.601+0800][4.228s][info][gc,cpu         ] GC(151) User=0.00s Sys=0.00s Real=0.00s
[2026-06-17T10:01:06.624+0800][4.251s][info][gc,start       ] GC(152) Pause Young (Allocation Failure)
[2026-06-17T10:01:06.626+0800][4.253s][info][gc,heap        ] GC(152) PSYoungGen: 11215K(14848K)->3874K(14848K) Eden: 8143K(8192K)->0K(8192K) From: 3072K(6656K)->3874K(6656K)
[2026-06-17T10:01:06.626+0800][4.254s][info][gc,heap        ] GC(152) ParOldGen: 29993K(44032K)->29993K(44032K)
[2026-06-17T10:01:06.627+0800][4.255s][info][gc,metaspace   ] GC(152) Metaspace: 110K(320K)->110K(320K) NonClass: 103K(192K)->103K(192K) Class: 7K(128K)->7K(128K)
[2026-06-17T10:01:06.627+0800][4.255s][info][gc             ] GC(152) Pause Young (Allocation Failure) 40M->33M(57M) 3.748ms
[2026-06-17T10:01:06.628+0800][4.256s][info][gc,cpu         ] GC(152) User=0.01s Sys=0.00s Real=0.00s
[2026-06-17T10:01:06.651+0800][4.279s][info][gc,start       ] GC(153) Pause Young (Allocation Failure)
[2026-06-17T10:01:06.653+0800][4.281s][info][gc,heap        ] GC(153) PSYoungGen: 12051K(14848K)->3324K(15360K) Eden: 8176K(8192K)->0K(8704K) From: 3874K(6656K)->3324K(6656K)
[2026-06-17T10:01:06.654+0800][4.281s][info][gc,heap        ] GC(153) ParOldGen: 29993K(44032K)->31886K(44032K)
[2026-06-17T10:01:06.654+0800][4.282s][info][gc,metaspace   ] GC(153) Metaspace: 110K(320K)->110K(320K) NonClass: 103K(192K)->103K(192K) Class: 7K(128K)->7K(128K)
[2026-06-17T10:01:06.655+0800][4.282s][info][gc             ] GC(153) Pause Young (Allocation Failure) 41M->34M(58M) 3.398ms
[2026-06-17T10:01:06.655+0800][4.283s][info][gc,cpu         ] GC(153) User=0.00s Sys=0.00s Real=0.00s
[2026-06-17T10:01:06.678+0800][4.305s][info][gc,start       ] GC(154) Pause Young (Allocation Failure)
[2026-06-17T10:01:06.679+0800][4.307s][info][gc,heap        ] GC(154) PSYoungGen: 12017K(15360K)->32K(14848K) Eden: 8692K(8704K)->0K(8704K) From: 3324K(6656K)->32K(6144K)
[2026-06-17T10:01:06.680+0800][4.308s][info][gc,heap        ] GC(154) ParOldGen: 31886K(44032K)->33829K(44032K)
[2026-06-17T10:01:06.681+0800][4.308s][info][gc,metaspace   ] GC(154) Metaspace: 110K(320K)->110K(320K) NonClass: 103K(192K)->103K(192K) Class: 7K(128K)->7K(128K)
[2026-06-17T10:01:06.681+0800][4.309s][info][gc             ] GC(154) Pause Young (Allocation Failure) 42M->33M(57M) 3.434ms
[2026-06-17T10:01:06.682+0800][4.309s][info][gc,cpu         ] GC(154) User=0.00s Sys=0.00s Real=0.00s
[2026-06-17T10:01:06.704+0800][4.332s][info][gc,start       ] GC(155) Pause Young (Allocation Failure)
[2026-06-17T10:01:06.707+0800][4.334s][info][gc,heap        ] GC(155) PSYoungGen: 8736K(14848K)->5306K(13824K) Eden: 8704K(8704K)->0K(7168K) From: 32K(6144K)->5306K(6656K)
[2026-06-17T10:01:06.707+0800][4.335s][info][gc,heap        ] GC(155) ParOldGen: 33829K(44032K)->33837K(44032K)
[2026-06-17T10:01:06.708+0800][4.336s][info][gc,metaspace   ] GC(155) Metaspace: 110K(320K)->110K(320K) NonClass: 103K(192K)->103K(192K) Class: 7K(128K)->7K(128K)
[2026-06-17T10:01:06.709+0800][4.337s][info][gc             ] GC(155) Pause Young (Allocation Failure) 41M->38M(56M) 4.838ms
[2026-06-17T10:01:06.710+0800][4.337s][info][gc,cpu         ] GC(155) User=0.01s Sys=0.00s Real=0.00s
[2026-06-17T10:01:06.732+0800][4.360s][info][gc,start       ] GC(156) Pause Young (Allocation Failure)
[2026-06-17T10:01:06.734+0800][4.362s][info][gc,heap        ] GC(156) PSYoungGen: 12424K(13824K)->3577K(14336K) Eden: 7117K(7168K)->0K(7168K) From: 5306K(6656K)->3577K(7168K)
[2026-06-17T10:01:06.735+0800][4.362s][info][gc,heap        ] GC(156) ParOldGen: 33837K(44032K)->35725K(44032K)
[2026-06-17T10:01:06.735+0800][4.363s][info][gc,metaspace   ] GC(156) Metaspace: 110K(320K)->110K(320K) NonClass: 103K(192K)->103K(192K) Class: 7K(128K)->7K(128K)
[2026-06-17T10:01:06.736+0800][4.364s][info][gc             ] GC(156) Pause Young (Allocation Failure) 45M->38M(57M) 3.939ms
[2026-06-17T10:01:06.737+0800][4.364s][info][gc,cpu         ] GC(156) User=0.00s Sys=0.00s Real=0.00s
[2026-06-17T10:01:06.759+0800][4.387s][info][gc,start       ] GC(157) Pause Young (Allocation Failure)
[2026-06-17T10:01:06.761+0800][4.389s][info][gc,heap        ] GC(157) PSYoungGen: 10726K(14336K)->434K(13824K) Eden: 7148K(7168K)->0K(7168K) From: 3577K(7168K)->434K(6656K)
[2026-06-17T10:01:06.761+0800][4.389s][info][gc,heap        ] GC(157) ParOldGen: 35725K(44032K)->38895K(44032K)
[2026-06-17T10:01:06.762+0800][4.390s][info][gc,metaspace   ] GC(157) Metaspace: 110K(320K)->110K(320K) NonClass: 103K(192K)->103K(192K) Class: 7K(128K)->7K(128K)
[2026-06-17T10:01:06.763+0800][4.390s][info][gc             ] GC(157) Pause Young (Allocation Failure) 45M->38M(56M) 3.792ms
[2026-06-17T10:01:06.763+0800][4.391s][info][gc,cpu         ] GC(157) User=0.00s Sys=0.00s Real=0.01s
[2026-06-17T10:01:06.775+0800][4.403s][info][gc,start       ] GC(158) Pause Young (Allocation Failure)
[2026-06-17T10:01:06.777+0800][4.405s][info][gc,heap        ] GC(158) PSYoungGen: 7588K(13824K)->4131K(14336K) Eden: 7154K(7168K)->0K(7168K) From: 434K(6656K)->4131K(7168K)
[2026-06-17T10:01:06.777+0800][4.405s][info][gc,heap        ] GC(158) ParOldGen: 38895K(44032K)->38895K(44032K)
[2026-06-17T10:01:06.778+0800][4.406s][info][gc,metaspace   ] GC(158) Metaspace: 110K(320K)->110K(320K) NonClass: 103K(192K)->103K(192K) Class: 7K(128K)->7K(128K)
[2026-06-17T10:01:06.779+0800][4.406s][info][gc             ] GC(158) Pause Young (Allocation Failure) 45M->42M(57M) 3.505ms
[2026-06-17T10:01:06.779+0800][4.407s][info][gc,cpu         ] GC(158) User=0.01s Sys=0.00s Real=0.00s
[2026-06-17T10:01:06.801+0800][4.429s][info][gc,start       ] GC(159) Pause Young (Allocation Failure)
[2026-06-17T10:01:06.803+0800][4.431s][info][gc,heap        ] GC(159) PSYoungGen: 11299K(14336K)->2710K(14848K) Eden: 7167K(7168K)->0K(7680K) From: 4131K(7168K)->2710K(7168K)
[2026-06-17T10:01:06.804+0800][4.431s][info][gc,heap        ] GC(159) ParOldGen: 38895K(44032K)->40712K(44032K)
[2026-06-17T10:01:06.804+0800][4.432s][info][gc,metaspace   ] GC(159) Metaspace: 110K(320K)->110K(320K) NonClass: 103K(192K)->103K(192K) Class: 7K(128K)->7K(128K)
[2026-06-17T10:01:06.805+0800][4.432s][info][gc             ] GC(159) Pause Young (Allocation Failure) 49M->42M(57M) 3.535ms
[2026-06-17T10:01:06.805+0800][4.433s][info][gc,cpu         ] GC(159) User=0.00s Sys=0.00s Real=0.01s
[2026-06-17T10:01:06.827+0800][4.455s][info][gc,start       ] GC(160) Pause Full (Ergonomics)
[2026-06-17T10:01:06.828+0800][4.455s][info][gc,phases,start] GC(160) Marking Phase
[2026-06-17T10:01:06.831+0800][4.458s][info][gc,phases      ] GC(160) Marking Phase 3.181ms
[2026-06-17T10:01:06.831+0800][4.459s][info][gc,phases,start] GC(160) Summary Phase
[2026-06-17T10:01:06.831+0800][4.459s][info][gc,phases      ] GC(160) Summary Phase 0.372ms
[2026-06-17T10:01:06.832+0800][4.460s][info][gc,phases,start] GC(160) Adjust Roots
[2026-06-17T10:01:06.833+0800][4.460s][info][gc,phases      ] GC(160) Adjust Roots 0.645ms
[2026-06-17T10:01:06.833+0800][4.461s][info][gc,phases,start] GC(160) Compaction Phase
[2026-06-17T10:01:06.836+0800][4.463s][info][gc,phases      ] GC(160) Compaction Phase 2.391ms
[2026-06-17T10:01:06.836+0800][4.464s][info][gc,phases,start] GC(160) Post Compact
[2026-06-17T10:01:06.836+0800][4.464s][info][gc,phases      ] GC(160) Post Compact 0.462ms
[2026-06-17T10:01:06.837+0800][4.464s][info][gc,heap        ] GC(160) PSYoungGen: 10388K(14848K)->0K(14336K) Eden: 7677K(7680K)->0K(7680K) From: 2710K(7168K)->0K(6656K)
[2026-06-17T10:01:06.837+0800][4.465s][info][gc,heap        ] GC(160) ParOldGen: 40712K(44032K)->31191K(44032K)
[2026-06-17T10:01:06.837+0800][4.465s][info][gc,metaspace   ] GC(160) Metaspace: 110K(320K)->110K(320K) NonClass: 103K(192K)->103K(192K) Class: 7K(128K)->7K(128K)
[2026-06-17T10:01:06.837+0800][4.465s][info][gc             ] GC(160) Pause Full (Ergonomics) 49M->30M(57M) 10.361ms
[2026-06-17T10:01:06.837+0800][4.465s][info][gc,cpu         ] GC(160) User=0.01s Sys=0.00s Real=0.01s
[2026-06-17T10:01:06.859+0800][4.487s][info][gc,start       ] GC(161) Pause Young (Allocation Failure)
[2026-06-17T10:01:06.861+0800][4.488s][info][gc,heap        ] GC(161) PSYoungGen: 7677K(14336K)->4060K(14848K) Eden: 7677K(7680K)->0K(8192K) From: 0K(6656K)->4060K(6656K)
[2026-06-17T10:01:06.862+0800][4.490s][info][gc,heap        ] GC(161) ParOldGen: 31191K(44032K)->31191K(44032K)
[2026-06-17T10:01:06.863+0800][4.490s][info][gc,metaspace   ] GC(161) Metaspace: 110K(320K)->110K(320K) NonClass: 103K(192K)->103K(192K) Class: 7K(128K)->7K(128K)
[2026-06-17T10:01:06.863+0800][4.491s][info][gc             ] GC(161) Pause Young (Allocation Failure) 37M->34M(57M) 4.255ms
[2026-06-17T10:01:06.864+0800][4.492s][info][gc,cpu         ] GC(161) User=0.00s Sys=0.00s Real=0.01s
[2026-06-17T10:01:06.886+0800][4.514s][info][gc,start       ] GC(162) Pause Young (Allocation Failure)
[2026-06-17T10:01:06.887+0800][4.515s][info][gc,heap        ] GC(162) PSYoungGen: 12218K(14848K)->1135K(14848K) Eden: 8157K(8192K)->0K(8192K) From: 4060K(6656K)->1135K(6656K)
[2026-06-17T10:01:06.888+0800][4.516s][info][gc,heap        ] GC(162) ParOldGen: 31191K(44032K)->35192K(44032K)
[2026-06-17T10:01:06.889+0800][4.516s][info][gc,metaspace   ] GC(162) Metaspace: 110K(320K)->110K(320K) NonClass: 103K(192K)->103K(192K) Class: 7K(128K)->7K(128K)
[2026-06-17T10:01:06.889+0800][4.517s][info][gc             ] GC(162) Pause Young (Allocation Failure) 42M->35M(57M) 3.555ms
[2026-06-17T10:01:06.890+0800][4.518s][info][gc,cpu         ] GC(162) User=0.00s Sys=0.00s Real=0.00s
[2026-06-17T10:01:06.912+0800][4.540s][info][gc,start       ] GC(163) Pause Young (Allocation Failure)
[2026-06-17T10:01:06.914+0800][4.542s][info][gc,heap        ] GC(163) PSYoungGen: 9279K(14848K)->2380K(14848K) Eden: 8143K(8192K)->0K(8192K) From: 1135K(6656K)->2380K(6656K)
[2026-06-17T10:01:06.915+0800][4.543s][info][gc,heap        ] GC(163) ParOldGen: 35192K(44032K)->35192K(44032K)
[2026-06-17T10:01:06.915+0800][4.543s][info][gc,metaspace   ] GC(163) Metaspace: 110K(320K)->110K(320K) NonClass: 103K(192K)->103K(192K) Class: 7K(128K)->7K(128K)
[2026-06-17T10:01:06.916+0800][4.544s][info][gc             ] GC(163) Pause Young (Allocation Failure) 43M->36M(57M) 4.040ms
[2026-06-17T10:01:06.917+0800][4.544s][info][gc,cpu         ] GC(163) User=0.00s Sys=0.00s Real=0.00s
[2026-06-17T10:01:06.928+0800][4.556s][info][gc,start       ] GC(164) Pause Young (Allocation Failure)
[2026-06-17T10:01:06.929+0800][4.557s][info][gc,heap        ] GC(164) PSYoungGen: 10406K(14848K)->1805K(14848K) Eden: 8025K(8192K)->0K(8192K) From: 2380K(6656K)->1805K(6656K)
[2026-06-17T10:01:06.930+0800][4.558s][info][gc,heap        ] GC(164) ParOldGen: 35192K(44032K)->37082K(44032K)
[2026-06-17T10:01:06.931+0800][4.558s][info][gc,metaspace   ] GC(164) Metaspace: 110K(320K)->110K(320K) NonClass: 103K(192K)->103K(192K) Class: 7K(128K)->7K(128K)
[2026-06-17T10:01:06.931+0800][4.559s][info][gc             ] GC(164) Pause Young (Allocation Failure) 44M->37M(57M) 3.269ms
[2026-06-17T10:01:06.932+0800][4.560s][info][gc,cpu         ] GC(164) User=0.00s Sys=0.00s Real=0.01s
[2026-06-17T10:01:06.954+0800][4.582s][info][gc,start       ] GC(165) Pause Young (Allocation Failure)
[2026-06-17T10:01:06.956+0800][4.584s][info][gc,heap        ] GC(165) PSYoungGen: 8990K(14848K)->434K(14336K) Eden: 7185K(8192K)->0K(8192K) From: 1805K(6656K)->434K(6144K)
[2026-06-17T10:01:06.957+0800][4.585s][info][gc,heap        ] GC(165) ParOldGen: 37082K(44032K)->38863K(44032K)
[2026-06-17T10:01:06.958+0800][4.585s][info][gc,metaspace   ] GC(165) Metaspace: 110K(320K)->110K(320K) NonClass: 103K(192K)->103K(192K) Class: 7K(128K)->7K(128K)
[2026-06-17T10:01:06.958+0800][4.586s][info][gc             ] GC(165) Pause Young (Allocation Failure) 44M->38M(57M) 4.421ms
[2026-06-17T10:01:06.959+0800][4.587s][info][gc,cpu         ] GC(165) User=0.00s Sys=0.00s Real=0.00s
[2026-06-17T10:01:06.981+0800][4.609s][info][gc,start       ] GC(166) Pause Young (Allocation Failure)
[2026-06-17T10:01:06.984+0800][4.612s][info][gc,heap        ] GC(166) PSYoungGen: 8581K(14336K)->4699K(14848K) Eden: 8147K(8192K)->0K(8192K) From: 434K(6144K)->4699K(6656K)
[2026-06-17T10:01:06.984+0800][4.612s][info][gc,heap        ] GC(166) ParOldGen: 38863K(44032K)->39297K(44032K)
[2026-06-17T10:01:06.985+0800][4.613s][info][gc,metaspace   ] GC(166) Metaspace: 110K(320K)->110K(320K) NonClass: 103K(192K)->103K(192K) Class: 7K(128K)->7K(128K)
[2026-06-17T10:01:06.986+0800][4.613s][info][gc             ] GC(166) Pause Young (Allocation Failure) 46M->42M(57M) 4.079ms
[2026-06-17T10:01:06.986+0800][4.614s][info][gc,cpu         ] GC(166) User=0.01s Sys=0.00s Real=0.01s
[2026-06-17T10:01:07.008+0800][4.636s][info][gc,start       ] GC(167) Pause Young (Allocation Failure)
[2026-06-17T10:01:07.010+0800][4.637s][info][gc,heap        ] GC(167) PSYoungGen: 12869K(14848K)->3007K(14848K) Eden: 8169K(8192K)->0K(8192K) From: 4699K(6656K)->3007K(6656K)
[2026-06-17T10:01:07.010+0800][4.638s][info][gc,heap        ] GC(167) ParOldGen: 39297K(44032K)->42571K(44032K)
[2026-06-17T10:01:07.010+0800][4.638s][info][gc,metaspace   ] GC(167) Metaspace: 110K(320K)->110K(320K) NonClass: 103K(192K)->103K(192K) Class: 7K(128K)->7K(128K)
[2026-06-17T10:01:07.010+0800][4.638s][info][gc             ] GC(167) Pause Young (Allocation Failure) 50M->44M(57M) 2.246ms
[2026-06-17T10:01:07.011+0800][4.638s][info][gc,cpu         ] GC(167) User=0.00s Sys=0.00s Real=0.01s
[2026-06-17T10:01:07.032+0800][4.660s][info][gc,start       ] GC(168) Pause Full (Ergonomics)
[2026-06-17T10:01:07.033+0800][4.660s][info][gc,phases,start] GC(168) Marking Phase
[2026-06-17T10:01:07.036+0800][4.663s][info][gc,phases      ] GC(168) Marking Phase 2.880ms
[2026-06-17T10:01:07.036+0800][4.664s][info][gc,phases,start] GC(168) Summary Phase
[2026-06-17T10:01:07.036+0800][4.664s][info][gc,phases      ] GC(168) Summary Phase 0.357ms
[2026-06-17T10:01:07.037+0800][4.664s][info][gc,phases,start] GC(168) Adjust Roots
[2026-06-17T10:01:07.037+0800][4.665s][info][gc,phases      ] GC(168) Adjust Roots 0.350ms
[2026-06-17T10:01:07.037+0800][4.665s][info][gc,phases,start] GC(168) Compaction Phase
[2026-06-17T10:01:07.039+0800][4.667s][info][gc,phases      ] GC(168) Compaction Phase 2.033ms
[2026-06-17T10:01:07.040+0800][4.667s][info][gc,phases,start] GC(168) Post Compact
[2026-06-17T10:01:07.040+0800][4.668s][info][gc,phases      ] GC(168) Post Compact 0.270ms
[2026-06-17T10:01:07.040+0800][4.668s][info][gc,heap        ] GC(168) PSYoungGen: 11198K(14848K)->0K(14848K) Eden: 8191K(8192K)->0K(8192K) From: 3007K(6656K)->0K(6656K)
[2026-06-17T10:01:07.040+0800][4.668s][info][gc,heap        ] GC(168) ParOldGen: 42571K(44032K)->34217K(44032K)
[2026-06-17T10:01:07.041+0800][4.669s][info][gc,metaspace   ] GC(168) Metaspace: 110K(320K)->110K(320K) NonClass: 103K(192K)->103K(192K) Class: 7K(128K)->7K(128K)
[2026-06-17T10:01:07.041+0800][4.669s][info][gc             ] GC(168) Pause Full (Ergonomics) 52M->33M(57M) 9.003ms
[2026-06-17T10:01:07.041+0800][4.669s][info][gc,cpu         ] GC(168) User=0.01s Sys=0.00s Real=0.00s
[2026-06-17T10:01:07.063+0800][4.690s][info][gc,start       ] GC(169) Pause Young (Allocation Failure)
[2026-06-17T10:01:07.064+0800][4.692s][info][gc,heap        ] GC(169) PSYoungGen: 8173K(14848K)->4731K(13824K) Eden: 8173K(8192K)->0K(7168K) From: 0K(6656K)->4731K(6656K)
[2026-06-17T10:01:07.064+0800][4.692s][info][gc,heap        ] GC(169) ParOldGen: 34217K(44032K)->34217K(44032K)
[2026-06-17T10:01:07.064+0800][4.692s][info][gc,metaspace   ] GC(169) Metaspace: 110K(320K)->110K(320K) NonClass: 103K(192K)->103K(192K) Class: 7K(128K)->7K(128K)
[2026-06-17T10:01:07.065+0800][4.693s][info][gc             ] GC(169) Pause Young (Allocation Failure) 41M->38M(56M) 2.280ms
[2026-06-17T10:01:07.065+0800][4.693s][info][gc,cpu         ] GC(169) User=0.00s Sys=0.01s Real=0.00s
[2026-06-17T10:01:07.087+0800][4.715s][info][gc,start       ] GC(170) Pause Young (Allocation Failure)
[2026-06-17T10:01:07.089+0800][4.716s][info][gc,heap        ] GC(170) PSYoungGen: 11886K(13824K)->1852K(14336K) Eden: 7154K(7168K)->0K(7168K) From: 4731K(6656K)->1852K(7168K)
[2026-06-17T10:01:07.089+0800][4.717s][info][gc,heap        ] GC(170) ParOldGen: 34217K(44032K)->36989K(44032K)
[2026-06-17T10:01:07.090+0800][4.718s][info][gc,metaspace   ] GC(170) Metaspace: 110K(320K)->110K(320K) NonClass: 103K(192K)->103K(192K) Class: 7K(128K)->7K(128K)
[2026-06-17T10:01:07.090+0800][4.718s][info][gc             ] GC(170) Pause Young (Allocation Failure) 45M->37M(57M) 3.455ms
[2026-06-17T10:01:07.091+0800][4.718s][info][gc,cpu         ] GC(170) User=0.00s Sys=0.00s Real=0.01s
[2026-06-17T10:01:07.113+0800][4.740s][info][gc,start       ] GC(171) Pause Young (Allocation Failure)
[2026-06-17T10:01:07.114+0800][4.742s][info][gc,heap        ] GC(171) PSYoungGen: 9020K(14336K)->2298K(14848K) Eden: 7167K(7168K)->0K(8192K) From: 1852K(7168K)->2298K(6656K)
[2026-06-17T10:01:07.115+0800][4.742s][info][gc,heap        ] GC(171) ParOldGen: 36989K(44032K)->36989K(44032K)
[2026-06-17T10:01:07.115+0800][4.743s][info][gc,metaspace   ] GC(171) Metaspace: 110K(320K)->110K(320K) NonClass: 103K(192K)->103K(192K) Class: 7K(128K)->7K(128K)
[2026-06-17T10:01:07.116+0800][4.744s][info][gc             ] GC(171) Pause Young (Allocation Failure) 44M->38M(57M) 3.214ms
[2026-06-17T10:01:07.116+0800][4.744s][info][gc,cpu         ] GC(171) User=0.00s Sys=0.00s Real=0.00s
[2026-06-17T10:01:07.139+0800][4.766s][info][gc,start       ] GC(172) Pause Young (Allocation Failure)
[2026-06-17T10:01:07.140+0800][4.768s][info][gc,heap        ] GC(172) PSYoungGen: 10479K(14848K)->2135K(14848K) Eden: 8181K(8192K)->0K(8192K) From: 2298K(6656K)->2135K(6656K)
[2026-06-17T10:01:07.141+0800][4.769s][info][gc,heap        ] GC(172) ParOldGen: 36989K(44032K)->38897K(44032K)
[2026-06-17T10:01:07.142+0800][4.770s][info][gc,metaspace   ] GC(172) Metaspace: 110K(320K)->110K(320K) NonClass: 103K(192K)->103K(192K) Class: 7K(128K)->7K(128K)
[2026-06-17T10:01:07.142+0800][4.770s][info][gc             ] GC(172) Pause Young (Allocation Failure) 46M->40M(57M) 3.677ms
[2026-06-17T10:01:07.143+0800][4.771s][info][gc,cpu         ] GC(172) User=0.00s Sys=0.00s Real=0.01s
[2026-06-17T10:01:07.166+0800][4.793s][info][gc,start       ] GC(173) Pause Young (Allocation Failure)
[2026-06-17T10:01:07.168+0800][4.795s][info][gc,heap        ] GC(173) PSYoungGen: 10324K(14848K)->2257K(15360K) Eden: 8189K(8192K)->0K(9216K) From: 2135K(6656K)->2257K(6144K)
[2026-06-17T10:01:07.168+0800][4.796s][info][gc,heap        ] GC(173) ParOldGen: 38897K(44032K)->40460K(44032K)
[2026-06-17T10:01:07.169+0800][4.797s][info][gc,metaspace   ] GC(173) Metaspace: 110K(320K)->110K(320K) NonClass: 103K(192K)->103K(192K) Class: 7K(128K)->7K(128K)
[2026-06-17T10:01:07.170+0800][4.798s][info][gc             ] GC(173) Pause Young (Allocation Failure) 48M->41M(58M) 4.347ms
[2026-06-17T10:01:07.171+0800][4.798s][info][gc,cpu         ] GC(173) User=0.00s Sys=0.00s Real=0.01s
[2026-06-17T10:01:07.193+0800][4.820s][info][gc,start       ] GC(174) Pause Full (Ergonomics)
[2026-06-17T10:01:07.193+0800][4.821s][info][gc,phases,start] GC(174) Marking Phase
[2026-06-17T10:01:07.196+0800][4.824s][info][gc,phases      ] GC(174) Marking Phase 2.804ms
[2026-06-17T10:01:07.197+0800][4.824s][info][gc,phases,start] GC(174) Summary Phase
[2026-06-17T10:01:07.197+0800][4.825s][info][gc,phases      ] GC(174) Summary Phase 0.408ms
[2026-06-17T10:01:07.198+0800][4.825s][info][gc,phases,start] GC(174) Adjust Roots
[2026-06-17T10:01:07.198+0800][4.826s][info][gc,phases      ] GC(174) Adjust Roots 0.853ms
[2026-06-17T10:01:07.199+0800][4.827s][info][gc,phases,start] GC(174) Compaction Phase
[2026-06-17T10:01:07.201+0800][4.829s][info][gc,phases      ] GC(174) Compaction Phase 2.616ms
[2026-06-17T10:01:07.202+0800][4.830s][info][gc,phases,start] GC(174) Post Compact
[2026-06-17T10:01:07.203+0800][4.830s][info][gc,phases      ] GC(174) Post Compact 0.580ms
[2026-06-17T10:01:07.203+0800][4.831s][info][gc,heap        ] GC(174) PSYoungGen: 11473K(15360K)->0K(15360K) Eden: 9216K(9216K)->0K(9216K) From: 2257K(6144K)->0K(6144K)
[2026-06-17T10:01:07.203+0800][4.831s][info][gc,heap        ] GC(174) ParOldGen: 40460K(44032K)->27034K(44032K)
[2026-06-17T10:01:07.204+0800][4.831s][info][gc,metaspace   ] GC(174) Metaspace: 110K(320K)->110K(320K) NonClass: 103K(192K)->103K(192K) Class: 7K(128K)->7K(128K)
[2026-06-17T10:01:07.204+0800][4.832s][info][gc             ] GC(174) Pause Full (Ergonomics) 50M->26M(58M) 11.199ms
[2026-06-17T10:01:07.204+0800][4.832s][info][gc,cpu         ] GC(174) User=0.01s Sys=0.00s Real=0.01s
[2026-06-17T10:01:07.226+0800][4.854s][info][gc,start       ] GC(175) Pause Young (Allocation Failure)
[2026-06-17T10:01:07.228+0800][4.855s][info][gc,heap        ] GC(175) PSYoungGen: 9198K(15360K)->5353K(14336K) Eden: 9198K(9216K)->0K(8192K) From: 0K(6144K)->5353K(6144K)
[2026-06-17T10:01:07.228+0800][4.856s][info][gc,heap        ] GC(175) ParOldGen: 27034K(44032K)->27034K(44032K)
[2026-06-17T10:01:07.229+0800][4.856s][info][gc,metaspace   ] GC(175) Metaspace: 110K(320K)->110K(320K) NonClass: 103K(192K)->103K(192K) Class: 7K(128K)->7K(128K)
[2026-06-17T10:01:07.229+0800][4.857s][info][gc             ] GC(175) Pause Young (Allocation Failure) 35M->31M(57M) 2.918ms
[2026-06-17T10:01:07.230+0800][4.857s][info][gc,cpu         ] GC(175) User=0.00s Sys=0.00s Real=0.00s
[2026-06-17T10:01:07.251+0800][4.879s][info][gc,start       ] GC(176) Pause Young (Allocation Failure)
[2026-06-17T10:01:07.253+0800][4.881s][info][gc,heap        ] GC(176) PSYoungGen: 13506K(14336K)->6411K(14848K) Eden: 8153K(8192K)->0K(8192K) From: 5353K(6144K)->6411K(6656K)
[2026-06-17T10:01:07.254+0800][4.881s][info][gc,heap        ] GC(176) ParOldGen: 27034K(44032K)->27034K(44032K)
[2026-06-17T10:01:07.254+0800][4.882s][info][gc,metaspace   ] GC(176) Metaspace: 110K(320K)->110K(320K) NonClass: 103K(192K)->103K(192K) Class: 7K(128K)->7K(128K)
[2026-06-17T10:01:07.255+0800][4.882s][info][gc             ] GC(176) Pause Young (Allocation Failure) 39M->32M(57M) 3.213ms
[2026-06-17T10:01:07.255+0800][4.883s][info][gc,cpu         ] GC(176) User=0.00s Sys=0.00s Real=0.00s
[2026-06-17T10:01:07.277+0800][4.904s][info][gc,start       ] GC(177) Pause Young (Allocation Failure)
[2026-06-17T10:01:07.278+0800][4.906s][info][gc,heap        ] GC(177) PSYoungGen: 14589K(14848K)->4483K(13824K) Eden: 8177K(8192K)->0K(7168K) From: 6411K(6656K)->4483K(6656K)
[2026-06-17T10:01:07.278+0800][4.906s][info][gc,heap        ] GC(177) ParOldGen: 27034K(44032K)->30036K(44032K)
[2026-06-17T10:01:07.279+0800][4.907s][info][gc,metaspace   ] GC(177) Metaspace: 110K(320K)->110K(320K) NonClass: 103K(192K)->103K(192K) Class: 7K(128K)->7K(128K)
[2026-06-17T10:01:07.279+0800][4.907s][info][gc             ] GC(177) Pause Young (Allocation Failure) 40M->33M(56M) 2.568ms
[2026-06-17T10:01:07.280+0800][4.907s][info][gc,cpu         ] GC(177) User=0.00s Sys=0.00s Real=0.00s
[2026-06-17T10:01:07.302+0800][4.929s][info][gc,start       ] GC(178) Pause Young (Allocation Failure)
[2026-06-17T10:01:07.303+0800][4.931s][info][gc,heap        ] GC(178) PSYoungGen: 11624K(13824K)->3086K(14336K) Eden: 7141K(7168K)->0K(7168K) From: 4483K(6656K)->3086K(7168K)
[2026-06-17T10:01:07.303+0800][4.931s][info][gc,heap        ] GC(178) ParOldGen: 30036K(44032K)->31851K(44032K)
[2026-06-17T10:01:07.304+0800][4.931s][info][gc,metaspace   ] GC(178) Metaspace: 110K(320K)->110K(320K) NonClass: 103K(192K)->103K(192K) Class: 7K(128K)->7K(128K)
[2026-06-17T10:01:07.304+0800][4.932s][info][gc             ] GC(178) Pause Young (Allocation Failure) 40M->34M(57M) 2.481ms
[2026-06-17T10:01:07.304+0800][4.932s][info][gc,cpu         ] GC(178) User=0.00s Sys=0.00s Real=0.01s
[2026-06-17T10:01:07.326+0800][4.954s][info][gc,start       ] GC(179) Pause Young (Allocation Failure)
[2026-06-17T10:01:07.327+0800][4.955s][info][gc,heap        ] GC(179) PSYoungGen: 10254K(14336K)->1560K(14336K) Eden: 7168K(7168K)->0K(7168K) From: 3086K(7168K)->1560K(7168K)
[2026-06-17T10:01:07.328+0800][4.955s][info][gc,heap        ] GC(179) ParOldGen: 31851K(44032K)->33520K(44032K)
[2026-06-17T10:01:07.328+0800][4.956s][info][gc,metaspace   ] GC(179) Metaspace: 110K(320K)->110K(320K) NonClass: 103K(192K)->103K(192K) Class: 7K(128K)->7K(128K)
[2026-06-17T10:01:07.328+0800][4.956s][info][gc             ] GC(179) Pause Young (Allocation Failure) 41M->34M(57M) 2.086ms
[2026-06-17T10:01:07.328+0800][4.956s][info][gc,cpu         ] GC(179) User=0.00s Sys=0.00s Real=0.00s
[2026-06-17T10:01:07.339+0800][4.967s][info][gc,start       ] GC(180) Pause Young (Allocation Failure)
[2026-06-17T10:01:07.340+0800][4.968s][info][gc,heap        ] GC(180) PSYoungGen: 8704K(14336K)->5145K(14336K) Eden: 7144K(7168K)->0K(7168K) From: 1560K(7168K)->5145K(7168K)
[2026-06-17T10:01:07.340+0800][4.968s][info][gc,heap        ] GC(180) ParOldGen: 33520K(44032K)->33520K(44032K)
[2026-06-17T10:01:07.340+0800][4.968s][info][gc,metaspace   ] GC(180) Metaspace: 110K(320K)->110K(320K) NonClass: 103K(192K)->103K(192K) Class: 7K(128K)->7K(128K)
[2026-06-17T10:01:07.341+0800][4.968s][info][gc             ] GC(180) Pause Young (Allocation Failure) 41M->37M(57M) 1.565ms
[2026-06-17T10:01:07.341+0800][4.969s][info][gc,cpu         ] GC(180) User=0.00s Sys=0.00s Real=0.00s
[2026-06-17T10:01:07.362+0800][4.990s][info][gc,start       ] GC(181) Pause Young (Allocation Failure)
[2026-06-17T10:01:07.363+0800][4.991s][info][gc,heap        ] GC(181) PSYoungGen: 12313K(14336K)->3355K(14336K) Eden: 7168K(7168K)->0K(7168K) From: 5145K(7168K)->3355K(7168K)
[2026-06-17T10:01:07.364+0800][4.991s][info][gc,heap        ] GC(181) ParOldGen: 33520K(44032K)->35497K(44032K)
[2026-06-17T10:01:07.364+0800][4.991s][info][gc,metaspace   ] GC(181) Metaspace: 110K(320K)->110K(320K) NonClass: 103K(192K)->103K(192K) Class: 7K(128K)->7K(128K)
[2026-06-17T10:01:07.364+0800][4.991s][info][gc             ] GC(181) Pause Young (Allocation Failure) 44M->37M(57M) 1.277ms
[2026-06-17T10:01:07.364+0800][4.992s][info][gc,cpu         ] GC(181) User=0.00s Sys=0.00s Real=0.00s
[2026-06-17T10:01:07.385+0800][5.013s][info][gc,start       ] GC(182) Pause Young (Allocation Failure)
[2026-06-17T10:01:07.385+0800][5.013s][info][gc,heap        ] GC(182) PSYoungGen: 10494K(14336K)->3516K(14336K) Eden: 7139K(7168K)->0K(7168K) From: 3355K(7168K)->3516K(7168K)
[2026-06-17T10:01:07.386+0800][5.013s][info][gc,heap        ] GC(182) ParOldGen: 35497K(44032K)->35497K(44032K)
[2026-06-17T10:01:07.386+0800][5.013s][info][gc,metaspace   ] GC(182) Metaspace: 110K(320K)->110K(320K) NonClass: 103K(192K)->103K(192K) Class: 7K(128K)->7K(128K)
[2026-06-17T10:01:07.386+0800][5.014s][info][gc             ] GC(182) Pause Young (Allocation Failure) 44M->38M(57M) 0.948ms
[2026-06-17T10:01:07.386+0800][5.014s][info][gc,cpu         ] GC(182) User=0.00s Sys=0.00s Real=0.00s
[2026-06-17T10:01:07.397+0800][5.024s][info][gc,start       ] GC(183) Pause Young (Allocation Failure)
[2026-06-17T10:01:07.397+0800][5.025s][info][gc,heap        ] GC(183) PSYoungGen: 10684K(14336K)->3736K(14848K) Eden: 7167K(7168K)->0K(8192K) From: 3516K(7168K)->3736K(6656K)
[2026-06-17T10:01:07.398+0800][5.025s][info][gc,heap        ] GC(183) ParOldGen: 35497K(44032K)->35497K(44032K)
[2026-06-17T10:01:07.398+0800][5.026s][info][gc,metaspace   ] GC(183) Metaspace: 110K(320K)->110K(320K) NonClass: 103K(192K)->103K(192K) Class: 7K(128K)->7K(128K)
[2026-06-17T10:01:07.398+0800][5.026s][info][gc             ] GC(183) Pause Young (Allocation Failure) 45M->38M(57M) 1.226ms
[2026-06-17T10:01:07.398+0800][5.026s][info][gc,cpu         ] GC(183) User=0.01s Sys=0.00s Real=0.00s
[2026-06-17T10:01:07.429+0800][5.057s][info][gc,start       ] GC(184) Pause Young (Allocation Failure)
[2026-06-17T10:01:07.437+0800][5.064s][info][gc,heap        ] GC(184) PSYoungGen: 11907K(14848K)->4817K(14848K) Eden: 8171K(8192K)->0K(8192K) From: 3736K(6656K)->4817K(6656K)
[2026-06-17T10:01:07.439+0800][5.066s][info][gc,heap        ] GC(184) ParOldGen: 35497K(44032K)->35497K(44032K)
[2026-06-17T10:01:07.440+0800][5.068s][info][gc,metaspace   ] GC(184) Metaspace: 110K(320K)->110K(320K) NonClass: 103K(192K)->103K(192K) Class: 7K(128K)->7K(128K)
[2026-06-17T10:01:07.441+0800][5.069s][info][gc             ] GC(184) Pause Young (Allocation Failure) 46M->39M(57M) 11.509ms
[2026-06-17T10:01:07.441+0800][5.069s][info][gc,cpu         ] GC(184) User=0.00s Sys=0.00s Real=0.01s
[2026-06-17T10:01:07.453+0800][5.080s][info][gc,start       ] GC(185) Pause Young (Allocation Failure)
[2026-06-17T10:01:07.454+0800][5.082s][info][gc,heap        ] GC(185) PSYoungGen: 13006K(14848K)->6598K(13824K) Eden: 8189K(8192K)->0K(7168K) From: 4817K(6656K)->6598K(6656K)
[2026-06-17T10:01:07.455+0800][5.082s][info][gc,heap        ] GC(185) ParOldGen: 35497K(44032K)->38702K(44032K)
[2026-06-17T10:01:07.455+0800][5.083s][info][gc,metaspace   ] GC(185) Metaspace: 110K(320K)->110K(320K) NonClass: 103K(192K)->103K(192K) Class: 7K(128K)->7K(128K)
[2026-06-17T10:01:07.456+0800][5.084s][info][gc             ] GC(185) Pause Young (Allocation Failure) 47M->44M(56M) 3.132ms
[2026-06-17T10:01:07.457+0800][5.084s][info][gc,cpu         ] GC(185) User=0.00s Sys=0.00s Real=0.00s
[2026-06-17T10:01:07.478+0800][5.106s][info][gc,start       ] GC(186) Pause Young (Allocation Failure)
[2026-06-17T10:01:07.479+0800][5.107s][info][gc,heap        ] GC(186) PSYoungGen: 13736K(13824K)->1884K(14336K) Eden: 7138K(7168K)->0K(7168K) From: 6598K(6656K)->1884K(7168K)
[2026-06-17T10:01:07.480+0800][5.108s][info][gc,heap        ] GC(186) ParOldGen: 38702K(44032K)->40360K(44032K)
[2026-06-17T10:01:07.482+0800][5.110s][info][gc,metaspace   ] GC(186) Metaspace: 110K(320K)->110K(320K) NonClass: 103K(192K)->103K(192K) Class: 7K(128K)->7K(128K)
[2026-06-17T10:01:07.483+0800][5.110s][info][gc             ] GC(186) Pause Young (Allocation Failure) 51M->41M(57M) 4.889ms
[2026-06-17T10:01:07.487+0800][5.115s][info][gc,cpu         ] GC(186) User=0.00s Sys=0.00s Real=0.01s
[2026-06-17T10:01:07.508+0800][5.136s][info][gc,start       ] GC(187) Pause Full (Ergonomics)
[2026-06-17T10:01:07.509+0800][5.136s][info][gc,phases,start] GC(187) Marking Phase
[2026-06-17T10:01:07.510+0800][5.138s][info][gc,phases      ] GC(187) Marking Phase 1.389ms
[2026-06-17T10:01:07.511+0800][5.138s][info][gc,phases,start] GC(187) Summary Phase
[2026-06-17T10:01:07.511+0800][5.139s][info][gc,phases      ] GC(187) Summary Phase 0.392ms
[2026-06-17T10:01:07.511+0800][5.139s][info][gc,phases,start] GC(187) Adjust Roots
[2026-06-17T10:01:07.512+0800][5.139s][info][gc,phases      ] GC(187) Adjust Roots 0.344ms
[2026-06-17T10:01:07.512+0800][5.139s][info][gc,phases,start] GC(187) Compaction Phase
[2026-06-17T10:01:07.514+0800][5.141s][info][gc,phases      ] GC(187) Compaction Phase 1.865ms
[2026-06-17T10:01:07.514+0800][5.142s][info][gc,phases,start] GC(187) Post Compact
[2026-06-17T10:01:07.515+0800][5.142s][info][gc,phases      ] GC(187) Post Compact 0.364ms
[2026-06-17T10:01:07.515+0800][5.143s][info][gc,heap        ] GC(187) PSYoungGen: 9032K(14336K)->0K(14336K) Eden: 7148K(7168K)->0K(7168K) From: 1884K(7168K)->0K(7168K)
[2026-06-17T10:01:07.515+0800][5.143s][info][gc,heap        ] GC(187) ParOldGen: 40360K(44032K)->24071K(44032K)
[2026-06-17T10:01:07.516+0800][5.144s][info][gc,metaspace   ] GC(187) Metaspace: 110K(320K)->110K(320K) NonClass: 103K(192K)->103K(192K) Class: 7K(128K)->7K(128K)
[2026-06-17T10:01:07.516+0800][5.144s][info][gc             ] GC(187) Pause Full (Ergonomics) 48M->23M(57M) 8.022ms
[2026-06-17T10:01:07.517+0800][5.144s][info][gc,cpu         ] GC(187) User=0.01s Sys=0.01s Real=0.01s
[2026-06-17T10:01:07.528+0800][5.156s][info][gc,start       ] GC(188) Pause Young (Allocation Failure)
[2026-06-17T10:01:07.529+0800][5.156s][info][gc,heap        ] GC(188) PSYoungGen: 7084K(14336K)->3673K(14336K) Eden: 7084K(7168K)->0K(7168K) From: 0K(7168K)->3673K(7168K)
[2026-06-17T10:01:07.529+0800][5.157s][info][gc,heap        ] GC(188) ParOldGen: 24071K(44032K)->24071K(44032K)
[2026-06-17T10:01:07.529+0800][5.157s][info][gc,metaspace   ] GC(188) Metaspace: 110K(320K)->110K(320K) NonClass: 103K(192K)->103K(192K) Class: 7K(128K)->7K(128K)
[2026-06-17T10:01:07.530+0800][5.157s][info][gc             ] GC(188) Pause Young (Allocation Failure) 30M->27M(57M) 1.787ms
[2026-06-17T10:01:07.530+0800][5.158s][info][gc,cpu         ] GC(188) User=0.00s Sys=0.00s Real=0.00s
[2026-06-17T10:01:07.562+0800][5.189s][info][gc,start       ] GC(189) Pause Young (Allocation Failure)
[2026-06-17T10:01:07.562+0800][5.190s][info][gc,heap        ] GC(189) PSYoungGen: 10837K(14336K)->4043K(14336K) Eden: 7163K(7168K)->0K(7168K) From: 3673K(7168K)->4043K(7168K)
[2026-06-17T10:01:07.563+0800][5.190s][info][gc,heap        ] GC(189) ParOldGen: 24071K(44032K)->24071K(44032K)
[2026-06-17T10:01:07.563+0800][5.191s][info][gc,metaspace   ] GC(189) Metaspace: 110K(320K)->110K(320K) NonClass: 103K(192K)->103K(192K) Class: 7K(128K)->7K(128K)
[2026-06-17T10:01:07.563+0800][5.191s][info][gc             ] GC(189) Pause Young (Allocation Failure) 34M->27M(57M) 1.395ms
[2026-06-17T10:01:07.563+0800][5.191s][info][gc,cpu         ] GC(189) User=0.00s Sys=0.00s Real=0.01s
[2026-06-17T10:01:07.574+0800][5.202s][info][gc,start       ] GC(190) Pause Young (Allocation Failure)
[2026-06-17T10:01:07.575+0800][5.203s][info][gc,heap        ] GC(190) PSYoungGen: 11210K(14336K)->7156K(14336K) Eden: 7167K(7168K)->0K(7168K) From: 4043K(7168K)->7156K(7168K)
[2026-06-17T10:01:07.576+0800][5.203s][info][gc,heap        ] GC(190) ParOldGen: 24071K(44032K)->24359K(44032K)
[2026-06-17T10:01:07.576+0800][5.203s][info][gc,metaspace   ] GC(190) Metaspace: 110K(320K)->110K(320K) NonClass: 103K(192K)->103K(192K) Class: 7K(128K)->7K(128K)
[2026-06-17T10:01:07.576+0800][5.204s][info][gc             ] GC(190) Pause Young (Allocation Failure) 34M->30M(57M) 1.616ms
[2026-06-17T10:01:07.576+0800][5.204s][info][gc,cpu         ] GC(190) User=0.00s Sys=0.00s Real=0.00s
[2026-06-17T10:01:07.597+0800][5.225s][info][gc,start       ] GC(191) Pause Young (Allocation Failure)
[2026-06-17T10:01:07.598+0800][5.226s][info][gc,heap        ] GC(191) PSYoungGen: 14314K(14336K)->7138K(14336K) Eden: 7157K(7168K)->0K(7168K) From: 7156K(7168K)->7138K(7168K)
[2026-06-17T10:01:07.598+0800][5.226s][info][gc,heap        ] GC(191) ParOldGen: 24359K(44032K)->24915K(44032K)
[2026-06-17T10:01:07.598+0800][5.226s][info][gc,metaspace   ] GC(191) Metaspace: 110K(320K)->110K(320K) NonClass: 103K(192K)->103K(192K) Class: 7K(128K)->7K(128K)
[2026-06-17T10:01:07.598+0800][5.226s][info][gc             ] GC(191) Pause Young (Allocation Failure) 37M->31M(57M) 1.361ms
[2026-06-17T10:01:07.599+0800][5.226s][info][gc,cpu         ] GC(191) User=0.00s Sys=0.00s Real=0.00s
[2026-06-17T10:01:07.620+0800][5.247s][info][gc,start       ] GC(192) Pause Young (Allocation Failure)
[2026-06-17T10:01:07.621+0800][5.249s][info][gc,heap        ] GC(192) PSYoungGen: 14306K(14336K)->4140K(14336K) Eden: 7168K(7168K)->0K(7168K) From: 7138K(7168K)->4140K(7168K)
[2026-06-17T10:01:07.621+0800][5.249s][info][gc,heap        ] GC(192) ParOldGen: 24915K(44032K)->28275K(44032K)
[2026-06-17T10:01:07.621+0800][5.249s][info][gc,metaspace   ] GC(192) Metaspace: 110K(320K)->110K(320K) NonClass: 103K(192K)->103K(192K) Class: 7K(128K)->7K(128K)
[2026-06-17T10:01:07.621+0800][5.249s][info][gc             ] GC(192) Pause Young (Allocation Failure) 38M->31M(57M) 1.567ms
[2026-06-17T10:01:07.621+0800][5.249s][info][gc,cpu         ] GC(192) User=0.00s Sys=0.00s Real=0.00s
[2026-06-17T10:01:07.632+0800][5.260s][info][gc,start       ] GC(193) Pause Young (Allocation Failure)
[2026-06-17T10:01:07.638+0800][5.266s][info][gc,heap        ] GC(193) PSYoungGen: 11261K(14336K)->2910K(14336K) Eden: 7120K(7168K)->0K(7168K) From: 4140K(7168K)->2910K(7168K)
[2026-06-17T10:01:07.643+0800][5.271s][info][gc,heap        ] GC(193) ParOldGen: 28275K(44032K)->29604K(44032K)
[2026-06-17T10:01:07.644+0800][5.272s][info][gc,metaspace   ] GC(193) Metaspace: 110K(320K)->110K(320K) NonClass: 103K(192K)->103K(192K) Class: 7K(128K)->7K(128K)
[2026-06-17T10:01:07.644+0800][5.272s][info][gc             ] GC(193) Pause Young (Allocation Failure) 38M->31M(57M) 12.096ms
[2026-06-17T10:01:07.645+0800][5.273s][info][gc,cpu         ] GC(193) User=0.00s Sys=0.00s Real=0.01s
[2026-06-17T10:01:07.666+0800][5.294s][info][gc,start       ] GC(194) Pause Young (Allocation Failure)
[2026-06-17T10:01:07.667+0800][5.295s][info][gc,heap        ] GC(194) PSYoungGen: 10045K(14336K)->3375K(14336K) Eden: 7135K(7168K)->0K(7168K) From: 2910K(7168K)->3375K(7168K)
[2026-06-17T10:01:07.668+0800][5.296s][info][gc,heap        ] GC(194) ParOldGen: 29604K(44032K)->32466K(44032K)
[2026-06-17T10:01:07.669+0800][5.297s][info][gc,metaspace   ] GC(194) Metaspace: 110K(320K)->110K(320K) NonClass: 103K(192K)->103K(192K) Class: 7K(128K)->7K(128K)
[2026-06-17T10:01:07.669+0800][5.297s][info][gc             ] GC(194) Pause Young (Allocation Failure) 38M->35M(57M) 3.066ms
[2026-06-17T10:01:07.670+0800][5.297s][info][gc,cpu         ] GC(194) User=0.00s Sys=0.00s Real=0.00s
[2026-06-17T10:01:07.681+0800][5.308s][info][gc,start       ] GC(195) Pause Young (Allocation Failure)
[2026-06-17T10:01:07.685+0800][5.312s][info][gc,heap        ] GC(195) PSYoungGen: 10423K(14336K)->1797K(14336K) Eden: 7048K(7168K)->0K(7168K) From: 3375K(7168K)->1797K(7168K)
[2026-06-17T10:01:07.685+0800][5.313s][info][gc,heap        ] GC(195) ParOldGen: 32466K(44032K)->33995K(44032K)
[2026-06-17T10:01:07.685+0800][5.313s][info][gc,metaspace   ] GC(195) Metaspace: 110K(320K)->110K(320K) NonClass: 103K(192K)->103K(192K) Class: 7K(128K)->7K(128K)
[2026-06-17T10:01:07.686+0800][5.313s][info][gc             ] GC(195) Pause Young (Allocation Failure) 41M->34M(57M) 4.896ms
[2026-06-17T10:01:07.686+0800][5.314s][info][gc,cpu         ] GC(195) User=0.00s Sys=0.00s Real=0.01s
[2026-06-17T10:01:07.707+0800][5.335s][info][gc,start       ] GC(196) Pause Young (Allocation Failure)
[2026-06-17T10:01:07.708+0800][5.336s][info][gc,heap        ] GC(196) PSYoungGen: 8957K(14336K)->3751K(14336K) Eden: 7160K(7168K)->0K(7168K) From: 1797K(7168K)->3751K(7168K)
[2026-06-17T10:01:07.709+0800][5.337s][info][gc,heap        ] GC(196) ParOldGen: 33995K(44032K)->35768K(44032K)
[2026-06-17T10:01:07.709+0800][5.337s][info][gc,metaspace   ] GC(196) Metaspace: 110K(320K)->110K(320K) NonClass: 103K(192K)->103K(192K) Class: 7K(128K)->7K(128K)
[2026-06-17T10:01:07.710+0800][5.337s][info][gc             ] GC(196) Pause Young (Allocation Failure) 41M->38M(57M) 2.291ms
[2026-06-17T10:01:07.710+0800][5.338s][info][gc,cpu         ] GC(196) User=0.00s Sys=0.00s Real=0.00s
[2026-06-17T10:01:07.731+0800][5.359s][info][gc,start       ] GC(197) Pause Young (Allocation Failure)
[2026-06-17T10:01:07.733+0800][5.360s][info][gc,heap        ] GC(197) PSYoungGen: 10872K(14336K)->4186K(14336K) Eden: 7120K(7168K)->0K(7168K) From: 3751K(7168K)->4186K(7168K)
[2026-06-17T10:01:07.733+0800][5.361s][info][gc,heap        ] GC(197) ParOldGen: 35768K(44032K)->36055K(44032K)
[2026-06-17T10:01:07.737+0800][5.364s][info][gc,metaspace   ] GC(197) Metaspace: 110K(320K)->110K(320K) NonClass: 103K(192K)->103K(192K) Class: 7K(128K)->7K(128K)
[2026-06-17T10:01:07.741+0800][5.369s][info][gc             ] GC(197) Pause Young (Allocation Failure) 45M->39M(57M) 9.849ms
[2026-06-17T10:01:07.745+0800][5.373s][info][gc,cpu         ] GC(197) User=0.00s Sys=0.00s Real=0.01s
[2026-06-17T10:01:07.768+0800][5.396s][info][gc,start       ] GC(198) Pause Young (Allocation Failure)
[2026-06-17T10:01:07.769+0800][5.397s][info][gc,heap        ] GC(198) PSYoungGen: 11347K(14336K)->2805K(14336K) Eden: 7160K(7168K)->0K(7168K) From: 4186K(7168K)->2805K(7168K)
[2026-06-17T10:01:07.770+0800][5.398s][info][gc,heap        ] GC(198) ParOldGen: 36055K(44032K)->37897K(44032K)
[2026-06-17T10:01:07.770+0800][5.398s][info][gc,metaspace   ] GC(198) Metaspace: 110K(320K)->110K(320K) NonClass: 103K(192K)->103K(192K) Class: 7K(128K)->7K(128K)
[2026-06-17T10:01:07.771+0800][5.399s][info][gc             ] GC(198) Pause Young (Allocation Failure) 46M->39M(57M) 2.822ms
[2026-06-17T10:01:07.772+0800][5.399s][info][gc,cpu         ] GC(198) User=0.00s Sys=0.00s Real=0.01s
[2026-06-17T10:01:07.793+0800][5.421s][info][gc,start       ] GC(199) Pause Young (Allocation Failure)
[2026-06-17T10:01:07.794+0800][5.422s][info][gc,heap        ] GC(199) PSYoungGen: 9944K(14336K)->3080K(14336K) Eden: 7139K(7168K)->0K(7168K) From: 2805K(7168K)->3080K(7168K)
[2026-06-17T10:01:07.797+0800][5.425s][info][gc,heap        ] GC(199) ParOldGen: 37897K(44032K)->37897K(44032K)
[2026-06-17T10:01:07.797+0800][5.425s][info][gc,metaspace   ] GC(199) Metaspace: 110K(320K)->110K(320K) NonClass: 103K(192K)->103K(192K) Class: 7K(128K)->7K(128K)
[2026-06-17T10:01:07.801+0800][5.428s][info][gc             ] GC(199) Pause Young (Allocation Failure) 46M->40M(57M) 7.391ms
[2026-06-17T10:01:07.808+0800][5.436s][info][gc,cpu         ] GC(199) User=0.00s Sys=0.00s Real=0.01s
[2026-06-17T10:01:07.819+0800][5.447s][info][gc,start       ] GC(200) Pause Young (Allocation Failure)
[2026-06-17T10:01:07.825+0800][5.452s][info][gc,heap        ] GC(200) PSYoungGen: 9882K(14336K)->2918K(14336K) Eden: 6801K(7168K)->0K(7168K) From: 3080K(7168K)->2918K(7168K)
[2026-06-17T10:01:07.826+0800][5.453s][info][gc,heap        ] GC(200) ParOldGen: 37897K(44032K)->37897K(44032K)
[2026-06-17T10:01:07.827+0800][5.455s][info][gc,metaspace   ] GC(200) Metaspace: 110K(320K)->110K(320K) NonClass: 103K(192K)->103K(192K) Class: 7K(128K)->7K(128K)
[2026-06-17T10:01:07.829+0800][5.456s][info][gc             ] GC(200) Pause Young (Allocation Failure) 46M->39M(57M) 9.391ms
[2026-06-17T10:01:07.829+0800][5.457s][info][gc,cpu         ] GC(200) User=0.01s Sys=0.00s Real=0.01s
[2026-06-17T10:01:07.851+0800][5.479s][info][gc,start       ] GC(201) Pause Young (Allocation Failure)
[2026-06-17T10:01:07.852+0800][5.480s][info][gc,heap        ] GC(201) PSYoungGen: 10060K(14336K)->6374K(14336K) Eden: 7142K(7168K)->0K(7168K) From: 2918K(7168K)->6374K(7168K)
[2026-06-17T10:01:07.854+0800][5.481s][info][gc,heap        ] GC(201) ParOldGen: 37897K(44032K)->37897K(44032K)
[2026-06-17T10:01:07.854+0800][5.482s][info][gc,metaspace   ] GC(201) Metaspace: 110K(320K)->110K(320K) NonClass: 103K(192K)->103K(192K) Class: 7K(128K)->7K(128K)
[2026-06-17T10:01:07.855+0800][5.482s][info][gc             ] GC(201) Pause Young (Allocation Failure) 46M->43M(57M) 3.824ms
[2026-06-17T10:01:07.855+0800][5.483s][info][gc,cpu         ] GC(201) User=0.00s Sys=0.00s Real=0.00s
[2026-06-17T10:01:07.877+0800][5.505s][info][gc,start       ] GC(202) Pause Young (Allocation Failure)
[2026-06-17T10:01:07.879+0800][5.507s][info][gc,heap        ] GC(202) PSYoungGen: 13528K(14336K)->4389K(14336K) Eden: 7153K(7168K)->0K(7168K) From: 6374K(7168K)->4389K(7168K)
[2026-06-17T10:01:07.879+0800][5.507s][info][gc,heap        ] GC(202) ParOldGen: 37897K(44032K)->40174K(44032K)
[2026-06-17T10:01:07.886+0800][5.514s][info][gc,metaspace   ] GC(202) Metaspace: 110K(320K)->110K(320K) NonClass: 103K(192K)->103K(192K) Class: 7K(128K)->7K(128K)
[2026-06-17T10:01:07.886+0800][5.514s][info][gc             ] GC(202) Pause Young (Allocation Failure) 50M->43M(57M) 9.137ms
[2026-06-17T10:01:07.886+0800][5.514s][info][gc,cpu         ] GC(202) User=0.00s Sys=0.00s Real=0.01s
[2026-06-17T10:01:07.897+0800][5.525s][info][gc,start       ] GC(203) Pause Young (Allocation Failure)
[2026-06-17T10:01:07.901+0800][5.529s][info][gc,heap        ] GC(203) PSYoungGen: 11510K(14336K)->6089K(14336K) Eden: 7121K(7168K)->0K(7168K) From: 4389K(7168K)->6089K(7168K)
[2026-06-17T10:01:07.903+0800][5.530s][info][gc,heap        ] GC(203) ParOldGen: 40174K(44032K)->42254K(44032K)
[2026-06-17T10:01:07.903+0800][5.531s][info][gc,metaspace   ] GC(203) Metaspace: 110K(320K)->110K(320K) NonClass: 103K(192K)->103K(192K) Class: 7K(128K)->7K(128K)
[2026-06-17T10:01:07.903+0800][5.531s][info][gc             ] GC(203) Pause Young (Allocation Failure) 50M->47M(57M) 5.884ms
[2026-06-17T10:01:07.903+0800][5.531s][info][gc,cpu         ] GC(203) User=0.00s Sys=0.00s Real=0.01s
[2026-06-17T10:01:07.929+0800][5.556s][info][gc,start       ] GC(204) Pause Full (Ergonomics)
[2026-06-17T10:01:07.930+0800][5.557s][info][gc,phases,start] GC(204) Marking Phase
[2026-06-17T10:01:07.932+0800][5.559s][info][gc,phases      ] GC(204) Marking Phase 2.235ms
[2026-06-17T10:01:07.932+0800][5.560s][info][gc,phases,start] GC(204) Summary Phase
[2026-06-17T10:01:07.935+0800][5.562s][info][gc,phases      ] GC(204) Summary Phase 2.587ms
[2026-06-17T10:01:07.935+0800][5.563s][info][gc,phases,start] GC(204) Adjust Roots
[2026-06-17T10:01:07.935+0800][5.563s][info][gc,phases      ] GC(204) Adjust Roots 0.341ms
[2026-06-17T10:01:07.939+0800][5.566s][info][gc,phases,start] GC(204) Compaction Phase
[2026-06-17T10:01:07.940+0800][5.568s][info][gc,phases      ] GC(204) Compaction Phase 1.839ms
[2026-06-17T10:01:07.941+0800][5.569s][info][gc,phases,start] GC(204) Post Compact
[2026-06-17T10:01:07.943+0800][5.571s][info][gc,phases      ] GC(204) Post Compact 2.040ms
[2026-06-17T10:01:07.946+0800][5.573s][info][gc,heap        ] GC(204) PSYoungGen: 13208K(14336K)->0K(14336K) Eden: 7119K(7168K)->0K(7168K) From: 6089K(7168K)->0K(7168K)
[2026-06-17T10:01:07.946+0800][5.574s][info][gc,heap        ] GC(204) ParOldGen: 42254K(44032K)->26381K(44032K)
[2026-06-17T10:01:07.947+0800][5.574s][info][gc,metaspace   ] GC(204) Metaspace: 110K(320K)->110K(320K) NonClass: 103K(192K)->103K(192K) Class: 7K(128K)->7K(128K)
[2026-06-17T10:01:07.950+0800][5.577s][info][gc             ] GC(204) Pause Full (Ergonomics) 54M->25M(57M) 21.121ms
[2026-06-17T10:01:07.951+0800][5.579s][info][gc,cpu         ] GC(204) User=0.01s Sys=0.00s Real=0.03s
[2026-06-17T10:01:07.972+0800][5.600s][info][gc,start       ] GC(205) Pause Young (Allocation Failure)
[2026-06-17T10:01:07.974+0800][5.602s][info][gc,heap        ] GC(205) PSYoungGen: 7164K(14336K)->3679K(14336K) Eden: 7164K(7168K)->0K(7168K) From: 0K(7168K)->3679K(7168K)
[2026-06-17T10:01:07.975+0800][5.602s][info][gc,heap        ] GC(205) ParOldGen: 26381K(44032K)->26381K(44032K)
[2026-06-17T10:01:07.975+0800][5.603s][info][gc,metaspace   ] GC(205) Metaspace: 110K(320K)->110K(320K) NonClass: 103K(192K)->103K(192K) Class: 7K(128K)->7K(128K)
[2026-06-17T10:01:07.975+0800][5.603s][info][gc             ] GC(205) Pause Young (Allocation Failure) 32M->29M(57M) 3.302ms
[2026-06-17T10:01:07.977+0800][5.604s][info][gc,cpu         ] GC(205) User=0.00s Sys=0.00s Real=0.00s
[2026-06-17T10:01:07.989+0800][5.617s][info][gc,start       ] GC(206) Pause Young (Allocation Failure)
[2026-06-17T10:01:07.991+0800][5.618s][info][gc,heap        ] GC(206) PSYoungGen: 10819K(14336K)->5137K(14336K) Eden: 7140K(7168K)->0K(7168K) From: 3679K(7168K)->5137K(7168K)
[2026-06-17T10:01:07.991+0800][5.619s][info][gc,heap        ] GC(206) ParOldGen: 26381K(44032K)->28631K(44032K)
[2026-06-17T10:01:07.991+0800][5.619s][info][gc,metaspace   ] GC(206) Metaspace: 110K(320K)->110K(320K) NonClass: 103K(192K)->103K(192K) Class: 7K(128K)->7K(128K)
[2026-06-17T10:01:07.991+0800][5.619s][info][gc             ] GC(206) Pause Young (Allocation Failure) 36M->32M(57M) 1.781ms
[2026-06-17T10:01:07.991+0800][5.619s][info][gc,cpu         ] GC(206) User=0.00s Sys=0.00s Real=0.01s
[2026-06-17T10:01:08.013+0800][5.640s][info][gc,start       ] GC(207) Pause Young (Allocation Failure)
[2026-06-17T10:01:08.014+0800][5.641s][info][gc,heap        ] GC(207) PSYoungGen: 12275K(14336K)->3083K(14336K) Eden: 7138K(7168K)->0K(7168K) From: 5137K(7168K)->3083K(7168K)
[2026-06-17T10:01:08.014+0800][5.642s][info][gc,heap        ] GC(207) ParOldGen: 28631K(44032K)->30701K(44032K)
[2026-06-17T10:01:08.014+0800][5.642s][info][gc,metaspace   ] GC(207) Metaspace: 110K(320K)->110K(320K) NonClass: 103K(192K)->103K(192K) Class: 7K(128K)->7K(128K)
[2026-06-17T10:01:08.015+0800][5.642s][info][gc             ] GC(207) Pause Young (Allocation Failure) 39M->32M(57M) 1.998ms
[2026-06-17T10:01:08.015+0800][5.643s][info][gc,cpu         ] GC(207) User=0.00s Sys=0.01s Real=0.00s
[2026-06-17T10:01:08.036+0800][5.664s][info][gc,start       ] GC(208) Pause Young (Allocation Failure)
[2026-06-17T10:01:08.037+0800][5.665s][info][gc,heap        ] GC(208) PSYoungGen: 10226K(14336K)->3331K(14336K) Eden: 7143K(7168K)->0K(7168K) From: 3083K(7168K)->3331K(7168K)
[2026-06-17T10:01:08.038+0800][5.666s][info][gc,heap        ] GC(208) ParOldGen: 30701K(44032K)->30701K(44032K)
[2026-06-17T10:01:08.038+0800][5.666s][info][gc,metaspace   ] GC(208) Metaspace: 110K(320K)->110K(320K) NonClass: 103K(192K)->103K(192K) Class: 7K(128K)->7K(128K)
[2026-06-17T10:01:08.038+0800][5.666s][info][gc             ] GC(208) Pause Young (Allocation Failure) 39M->33M(57M) 1.964ms
[2026-06-17T10:01:08.039+0800][5.666s][info][gc,cpu         ] GC(208) User=0.00s Sys=0.00s Real=0.00s
[2026-06-17T10:01:08.050+0800][5.677s][info][gc,start       ] GC(209) Pause Young (Allocation Failure)
[2026-06-17T10:01:08.051+0800][5.679s][info][gc,heap        ] GC(209) PSYoungGen: 10235K(14336K)->3208K(14336K) Eden: 6903K(7168K)->0K(7168K) From: 3331K(7168K)->3208K(7168K)
[2026-06-17T10:01:08.053+0800][5.680s][info][gc,heap        ] GC(209) ParOldGen: 30701K(44032K)->30701K(44032K)
[2026-06-17T10:01:08.053+0800][5.681s][info][gc,metaspace   ] GC(209) Metaspace: 110K(320K)->110K(320K) NonClass: 103K(192K)->103K(192K) Class: 7K(128K)->7K(128K)
[2026-06-17T10:01:08.056+0800][5.684s][info][gc             ] GC(209) Pause Young (Allocation Failure) 39M->33M(57M) 6.385ms
[2026-06-17T10:01:08.057+0800][5.685s][info][gc,cpu         ] GC(209) User=0.00s Sys=0.00s Real=0.01s
[2026-06-17T10:01:08.078+0800][5.706s][info][gc,start       ] GC(210) Pause Young (Allocation Failure)
[2026-06-17T10:01:08.080+0800][5.707s][info][gc,heap        ] GC(210) PSYoungGen: 10335K(14336K)->6653K(14336K) Eden: 7127K(7168K)->0K(7168K) From: 3208K(7168K)->6653K(7168K)
[2026-06-17T10:01:08.080+0800][5.708s][info][gc,heap        ] GC(210) ParOldGen: 30701K(44032K)->30701K(44032K)
[2026-06-17T10:01:08.080+0800][5.708s][info][gc,metaspace   ] GC(210) Metaspace: 110K(320K)->110K(320K) NonClass: 103K(192K)->103K(192K) Class: 7K(128K)->7K(128K)
[2026-06-17T10:01:08.081+0800][5.709s][info][gc             ] GC(210) Pause Young (Allocation Failure) 40M->36M(57M) 2.533ms
[2026-06-17T10:01:08.081+0800][5.709s][info][gc,cpu         ] GC(210) User=0.00s Sys=0.00s Real=0.00s
[2026-06-17T10:01:08.102+0800][5.730s][info][gc,start       ] GC(211) Pause Young (Allocation Failure)
[2026-06-17T10:01:08.104+0800][5.731s][info][gc,heap        ] GC(211) PSYoungGen: 13817K(14336K)->3456K(14336K) Eden: 7163K(7168K)->0K(7168K) From: 6653K(7168K)->3456K(7168K)
[2026-06-17T10:01:08.104+0800][5.732s][info][gc,heap        ] GC(211) ParOldGen: 30701K(44032K)->33861K(44032K)
[2026-06-17T10:01:08.104+0800][5.732s][info][gc,metaspace   ] GC(211) Metaspace: 110K(320K)->110K(320K) NonClass: 103K(192K)->103K(192K) Class: 7K(128K)->7K(128K)
[2026-06-17T10:01:08.105+0800][5.732s][info][gc             ] GC(211) Pause Young (Allocation Failure) 43M->36M(57M) 2.028ms
[2026-06-17T10:01:08.105+0800][5.733s][info][gc,cpu         ] GC(211) User=0.00s Sys=0.00s Real=0.00s
[2026-06-17T10:01:08.126+0800][5.754s][info][gc,start       ] GC(212) Pause Young (Allocation Failure)
[2026-06-17T10:01:08.127+0800][5.755s][info][gc,heap        ] GC(212) PSYoungGen: 10601K(14336K)->850K(14336K) Eden: 7145K(7168K)->0K(7168K) From: 3456K(7168K)->850K(7168K)
[2026-06-17T10:01:08.128+0800][5.756s][info][gc,heap        ] GC(212) ParOldGen: 33861K(44032K)->36933K(44032K)
[2026-06-17T10:01:08.128+0800][5.756s][info][gc,metaspace   ] GC(212) Metaspace: 110K(320K)->110K(320K) NonClass: 103K(192K)->103K(192K) Class: 7K(128K)->7K(128K)
[2026-06-17T10:01:08.129+0800][5.756s][info][gc             ] GC(212) Pause Young (Allocation Failure) 43M->36M(57M) 2.608ms
[2026-06-17T10:01:08.129+0800][5.757s][info][gc,cpu         ] GC(212) User=0.00s Sys=0.00s Real=0.00s
[2026-06-17T10:01:08.140+0800][5.768s][info][gc,start       ] GC(213) Pause Young (Allocation Failure)
[2026-06-17T10:01:08.141+0800][5.769s][info][gc,heap        ] GC(213) PSYoungGen: 7999K(14336K)->4599K(14336K) Eden: 7149K(7168K)->0K(7168K) From: 850K(7168K)->4599K(7168K)
[2026-06-17T10:01:08.141+0800][5.769s][info][gc,heap        ] GC(213) ParOldGen: 36933K(44032K)->36933K(44032K)
[2026-06-17T10:01:08.141+0800][5.769s][info][gc,metaspace   ] GC(213) Metaspace: 110K(320K)->110K(320K) NonClass: 103K(192K)->103K(192K) Class: 7K(128K)->7K(128K)
[2026-06-17T10:01:08.141+0800][5.769s][info][gc             ] GC(213) Pause Young (Allocation Failure) 43M->40M(57M) 1.400ms
[2026-06-17T10:01:08.142+0800][5.769s][info][gc,cpu         ] GC(213) User=0.00s Sys=0.00s Real=0.00s
[2026-06-17T10:01:08.163+0800][5.790s][info][gc,start       ] GC(214) Pause Young (Allocation Failure)
[2026-06-17T10:01:08.164+0800][5.791s][info][gc,heap        ] GC(214) PSYoungGen: 11765K(14336K)->1905K(14336K) Eden: 7165K(7168K)->0K(7168K) From: 4599K(7168K)->1905K(7168K)
[2026-06-17T10:01:08.164+0800][5.792s][info][gc,heap        ] GC(214) ParOldGen: 36933K(44032K)->40058K(44032K)
[2026-06-17T10:01:08.164+0800][5.792s][info][gc,metaspace   ] GC(214) Metaspace: 110K(320K)->110K(320K) NonClass: 103K(192K)->103K(192K) Class: 7K(128K)->7K(128K)
[2026-06-17T10:01:08.165+0800][5.792s][info][gc             ] GC(214) Pause Young (Allocation Failure) 47M->40M(57M) 2.056ms
[2026-06-17T10:01:08.165+0800][5.793s][info][gc,cpu         ] GC(214) User=0.00s Sys=0.00s Real=0.00s
[2026-06-17T10:01:08.186+0800][5.814s][info][gc,start       ] GC(215) Pause Full (Ergonomics)
[2026-06-17T10:01:08.187+0800][5.814s][info][gc,phases,start] GC(215) Marking Phase
[2026-06-17T10:01:08.189+0800][5.817s][info][gc,phases      ] GC(215) Marking Phase 2.169ms
[2026-06-17T10:01:08.189+0800][5.817s][info][gc,phases,start] GC(215) Summary Phase
[2026-06-17T10:01:08.190+0800][5.817s][info][gc,phases      ] GC(215) Summary Phase 0.355ms
[2026-06-17T10:01:08.190+0800][5.818s][info][gc,phases,start] GC(215) Adjust Roots
[2026-06-17T10:01:08.190+0800][5.818s][info][gc,phases      ] GC(215) Adjust Roots 0.430ms
[2026-06-17T10:01:08.191+0800][5.818s][info][gc,phases,start] GC(215) Compaction Phase
[2026-06-17T10:01:08.193+0800][5.820s][info][gc,phases      ] GC(215) Compaction Phase 2.064ms
[2026-06-17T10:01:08.193+0800][5.821s][info][gc,phases,start] GC(215) Post Compact
[2026-06-17T10:01:08.194+0800][5.821s][info][gc,phases      ] GC(215) Post Compact 0.436ms
[2026-06-17T10:01:08.194+0800][5.822s][info][gc,heap        ] GC(215) PSYoungGen: 9023K(14336K)->0K(14336K) Eden: 7118K(7168K)->0K(7168K) From: 1905K(7168K)->0K(7168K)
[2026-06-17T10:01:08.195+0800][5.823s][info][gc,heap        ] GC(215) ParOldGen: 40058K(44032K)->28934K(44032K)
[2026-06-17T10:01:08.195+0800][5.823s][info][gc,metaspace   ] GC(215) Metaspace: 110K(320K)->110K(320K) NonClass: 103K(192K)->103K(192K) Class: 7K(128K)->7K(128K)
[2026-06-17T10:01:08.195+0800][5.823s][info][gc             ] GC(215) Pause Full (Ergonomics) 47M->28M(57M) 9.280ms
[2026-06-17T10:01:08.196+0800][5.823s][info][gc,cpu         ] GC(215) User=0.01s Sys=0.00s Real=0.01s
[2026-06-17T10:01:08.207+0800][5.834s][info][gc,start       ] GC(216) Pause Young (Allocation Failure)
[2026-06-17T10:01:08.208+0800][5.835s][info][gc,heap        ] GC(216) PSYoungGen: 7148K(14336K)->3530K(14336K) Eden: 7148K(7168K)->0K(7168K) From: 0K(7168K)->3530K(7168K)
[2026-06-17T10:01:08.208+0800][5.836s][info][gc,heap        ] GC(216) ParOldGen: 28934K(44032K)->28934K(44032K)
[2026-06-17T10:01:08.208+0800][5.836s][info][gc,metaspace   ] GC(216) Metaspace: 110K(320K)->110K(320K) NonClass: 103K(192K)->103K(192K) Class: 7K(128K)->7K(128K)
[2026-06-17T10:01:08.208+0800][5.836s][info][gc             ] GC(216) Pause Young (Allocation Failure) 35M->31M(57M) 1.672ms
[2026-06-17T10:01:08.209+0800][5.836s][info][gc,cpu         ] GC(216) User=0.00s Sys=0.00s Real=0.00s
[2026-06-17T10:01:08.230+0800][5.858s][info][gc,start       ] GC(217) Pause Young (Allocation Failure)
[2026-06-17T10:01:08.231+0800][5.859s][info][gc,heap        ] GC(217) PSYoungGen: 10689K(14336K)->3855K(14336K) Eden: 7159K(7168K)->0K(7168K) From: 3530K(7168K)->3855K(7168K)
[2026-06-17T10:01:08.232+0800][5.859s][info][gc,heap        ] GC(217) ParOldGen: 28934K(44032K)->32437K(44032K)
[2026-06-17T10:01:08.232+0800][5.860s][info][gc,metaspace   ] GC(217) Metaspace: 110K(320K)->110K(320K) NonClass: 103K(192K)->103K(192K) Class: 7K(128K)->7K(128K)
[2026-06-17T10:01:08.232+0800][5.860s][info][gc             ] GC(217) Pause Young (Allocation Failure) 38M->35M(57M) 2.041ms
[2026-06-17T10:01:08.232+0800][5.860s][info][gc,cpu         ] GC(217) User=0.00s Sys=0.00s Real=0.01s
[2026-06-17T10:01:08.254+0800][5.881s][info][gc,start       ] GC(218) Pause Young (Allocation Failure)
[2026-06-17T10:01:08.255+0800][5.883s][info][gc,heap        ] GC(218) PSYoungGen: 11004K(14336K)->3912K(14336K) Eden: 7148K(7168K)->0K(7168K) From: 3855K(7168K)->3912K(7168K)
[2026-06-17T10:01:08.255+0800][5.883s][info][gc,heap        ] GC(218) ParOldGen: 32437K(44032K)->32437K(44032K)
[2026-06-17T10:01:08.256+0800][5.883s][info][gc,metaspace   ] GC(218) Metaspace: 110K(320K)->110K(320K) NonClass: 103K(192K)->103K(192K) Class: 7K(128K)->7K(128K)
[2026-06-17T10:01:08.256+0800][5.884s][info][gc             ] GC(218) Pause Young (Allocation Failure) 42M->35M(57M) 2.537ms
[2026-06-17T10:01:08.256+0800][5.884s][info][gc,cpu         ] GC(218) User=0.01s Sys=0.00s Real=0.00s
[2026-06-17T10:01:08.278+0800][5.905s][info][gc,start       ] GC(219) Pause Young (Allocation Failure)
[2026-06-17T10:01:08.279+0800][5.907s][info][gc,heap        ] GC(219) PSYoungGen: 11072K(14336K)->2939K(14848K) Eden: 7159K(7168K)->0K(7680K) From: 3912K(7168K)->2939K(7168K)
[2026-06-17T10:01:08.280+0800][5.907s][info][gc,heap        ] GC(219) ParOldGen: 32437K(44032K)->33894K(44032K)
[2026-06-17T10:01:08.280+0800][5.908s][info][gc,metaspace   ] GC(219) Metaspace: 110K(320K)->110K(320K) NonClass: 103K(192K)->103K(192K) Class: 7K(128K)->7K(128K)
[2026-06-17T10:01:08.280+0800][5.908s][info][gc             ] GC(219) Pause Young (Allocation Failure) 42M->35M(57M) 2.547ms
[2026-06-17T10:01:08.280+0800][5.908s][info][gc,cpu         ] GC(219) User=0.00s Sys=0.00s Real=0.00s
[2026-06-17T10:01:08.292+0800][5.919s][info][gc,start       ] GC(220) Pause Young (Allocation Failure)
[2026-06-17T10:01:08.293+0800][5.920s][info][gc,heap        ] GC(220) PSYoungGen: 10599K(14848K)->4680K(14336K) Eden: 7659K(7680K)->0K(7680K) From: 2939K(7168K)->4680K(6656K)
[2026-06-17T10:01:08.293+0800][5.921s][info][gc,heap        ] GC(220) ParOldGen: 33894K(44032K)->36046K(44032K)
[2026-06-17T10:01:08.293+0800][5.921s][info][gc,metaspace   ] GC(220) Metaspace: 110K(320K)->110K(320K) NonClass: 103K(192K)->103K(192K) Class: 7K(128K)->7K(128K)
[2026-06-17T10:01:08.294+0800][5.921s][info][gc             ] GC(220) Pause Young (Allocation Failure) 43M->39M(57M) 2.031ms
[2026-06-17T10:01:08.294+0800][5.921s][info][gc,cpu         ] GC(220) User=0.00s Sys=0.00s Real=0.00s
[2026-06-17T10:01:08.315+0800][5.943s][info][gc,start       ] GC(221) Pause Young (Allocation Failure)
[2026-06-17T10:01:08.316+0800][5.944s][info][gc,heap        ] GC(221) PSYoungGen: 12224K(14336K)->32K(13824K) Eden: 7544K(7680K)->0K(7168K) From: 4680K(6656K)->32K(6656K)
[2026-06-17T10:01:08.316+0800][5.944s][info][gc,heap        ] GC(221) ParOldGen: 36046K(44032K)->37682K(44032K)
[2026-06-17T10:01:08.317+0800][5.944s][info][gc,metaspace   ] GC(221) Metaspace: 110K(320K)->110K(320K) NonClass: 103K(192K)->103K(192K) Class: 7K(128K)->7K(128K)
[2026-06-17T10:01:08.317+0800][5.945s][info][gc             ] GC(221) Pause Young (Allocation Failure) 47M->36M(56M) 1.893ms
[2026-06-17T10:01:08.317+0800][5.945s][info][gc,cpu         ] GC(221) User=0.00s Sys=0.00s Real=0.00s
[2026-06-17T10:01:08.338+0800][5.966s][info][gc,start       ] GC(222) Pause Young (Allocation Failure)
[2026-06-17T10:01:08.340+0800][5.968s][info][gc,heap        ] GC(222) PSYoungGen: 7198K(13824K)->3919K(14336K) Eden: 7166K(7168K)->0K(7168K) From: 32K(6656K)->3919K(7168K)
[2026-06-17T10:01:08.341+0800][5.968s][info][gc,heap        ] GC(222) ParOldGen: 37682K(44032K)->37690K(44032K)
[2026-06-17T10:01:08.341+0800][5.969s][info][gc,metaspace   ] GC(222) Metaspace: 110K(320K)->110K(320K) NonClass: 103K(192K)->103K(192K) Class: 7K(128K)->7K(128K)
[2026-06-17T10:01:08.341+0800][5.969s][info][gc             ] GC(222) Pause Young (Allocation Failure) 43M->40M(57M) 2.710ms
[2026-06-17T10:01:08.341+0800][5.969s][info][gc,cpu         ] GC(222) User=0.01s Sys=0.00s Real=0.00s
[2026-06-17T10:01:08.352+0800][5.980s][info][gc,start       ] GC(223) Pause Young (Allocation Failure)
[2026-06-17T10:01:08.354+0800][5.982s][info][gc,heap        ] GC(223) PSYoungGen: 10934K(14336K)->1822K(14336K) Eden: 7015K(7168K)->0K(7168K) From: 3919K(7168K)->1822K(7168K)
[2026-06-17T10:01:08.355+0800][5.983s][info][gc,heap        ] GC(223) ParOldGen: 37690K(44032K)->39676K(44032K)
[2026-06-17T10:01:08.358+0800][5.986s][info][gc,metaspace   ] GC(223) Metaspace: 110K(320K)->110K(320K) NonClass: 103K(192K)->103K(192K) Class: 7K(128K)->7K(128K)
[2026-06-17T10:01:08.359+0800][5.987s][info][gc             ] GC(223) Pause Young (Allocation Failure) 47M->40M(57M) 6.706ms
[2026-06-17T10:01:08.360+0800][5.987s][info][gc,cpu         ] GC(223) User=0.00s Sys=0.00s Real=0.00s
[2026-06-17T10:01:08.381+0800][6.009s][info][gc,start       ] GC(224) Pause Young (Allocation Failure)
[2026-06-17T10:01:08.382+0800][6.010s][info][gc,heap        ] GC(224) PSYoungGen: 8963K(14336K)->3863K(14336K) Eden: 7141K(7168K)->0K(7168K) From: 1822K(7168K)->3863K(7168K)
[2026-06-17T10:01:08.382+0800][6.010s][info][gc,heap        ] GC(224) ParOldGen: 39676K(44032K)->41474K(44032K)
[2026-06-17T10:01:08.383+0800][6.010s][info][gc,metaspace   ] GC(224) Metaspace: 110K(320K)->110K(320K) NonClass: 103K(192K)->103K(192K) Class: 7K(128K)->7K(128K)
[2026-06-17T10:01:08.383+0800][6.010s][info][gc             ] GC(224) Pause Young (Allocation Failure) 47M->44M(57M) 1.462ms
[2026-06-17T10:01:08.383+0800][6.011s][info][gc,cpu         ] GC(224) User=0.00s Sys=0.00s Real=0.01s
[2026-06-17T10:01:08.404+0800][6.032s][info][gc,start       ] GC(225) Pause Full (Ergonomics)
[2026-06-17T10:01:08.404+0800][6.032s][info][gc,phases,start] GC(225) Marking Phase
[2026-06-17T10:01:08.406+0800][6.033s][info][gc,phases      ] GC(225) Marking Phase 1.433ms
[2026-06-17T10:01:08.406+0800][6.034s][info][gc,phases,start] GC(225) Summary Phase
[2026-06-17T10:01:08.406+0800][6.034s][info][gc,phases      ] GC(225) Summary Phase 0.176ms
[2026-06-17T10:01:08.406+0800][6.034s][info][gc,phases,start] GC(225) Adjust Roots
[2026-06-17T10:01:08.407+0800][6.034s][info][gc,phases      ] GC(225) Adjust Roots 0.259ms
[2026-06-17T10:01:08.407+0800][6.034s][info][gc,phases,start] GC(225) Compaction Phase
[2026-06-17T10:01:08.409+0800][6.036s][info][gc,phases      ] GC(225) Compaction Phase 1.876ms
[2026-06-17T10:01:08.409+0800][6.036s][info][gc,phases,start] GC(225) Post Compact
[2026-06-17T10:01:08.409+0800][6.037s][info][gc,phases      ] GC(225) Post Compact 0.229ms
[2026-06-17T10:01:08.409+0800][6.037s][info][gc,heap        ] GC(225) PSYoungGen: 10990K(14336K)->0K(14848K) Eden: 7126K(7168K)->0K(8192K) From: 3863K(7168K)->0K(6656K)
[2026-06-17T10:01:08.409+0800][6.037s][info][gc,heap        ] GC(225) ParOldGen: 41474K(44032K)->25397K(44032K)
[2026-06-17T10:01:08.409+0800][6.037s][info][gc,metaspace   ] GC(225) Metaspace: 110K(320K)->110K(320K) NonClass: 103K(192K)->103K(192K) Class: 7K(128K)->7K(128K)
[2026-06-17T10:01:08.409+0800][6.037s][info][gc             ] GC(225) Pause Full (Ergonomics) 51M->24M(57M) 5.511ms
[2026-06-17T10:01:08.409+0800][6.037s][info][gc,cpu         ] GC(225) User=0.00s Sys=0.00s Real=0.00s
[2026-06-17T10:01:08.431+0800][6.058s][info][gc,start       ] GC(226) Pause Young (Allocation Failure)
[2026-06-17T10:01:08.432+0800][6.060s][info][gc,heap        ] GC(226) PSYoungGen: 8165K(14848K)->4673K(13312K) Eden: 8165K(8192K)->0K(8192K) From: 0K(6656K)->4673K(5120K)
[2026-06-17T10:01:08.432+0800][6.060s][info][gc,heap        ] GC(226) ParOldGen: 25397K(44032K)->25397K(44032K)
[2026-06-17T10:01:08.432+0800][6.060s][info][gc,metaspace   ] GC(226) Metaspace: 110K(320K)->110K(320K) NonClass: 103K(192K)->103K(192K) Class: 7K(128K)->7K(128K)
[2026-06-17T10:01:08.433+0800][6.061s][info][gc             ] GC(226) Pause Young (Allocation Failure) 32M->29M(56M) 2.243ms
[2026-06-17T10:01:08.433+0800][6.061s][info][gc,cpu         ] GC(226) User=0.00s Sys=0.00s Real=0.00s
[2026-06-17T10:01:08.455+0800][6.082s][info][gc,start       ] GC(227) Pause Young (Allocation Failure)
[2026-06-17T10:01:08.457+0800][6.085s][info][gc,heap        ] GC(227) PSYoungGen: 12857K(13312K)->6007K(14336K) Eden: 8184K(8192K)->0K(7168K) From: 4673K(5120K)->6007K(7168K)
[2026-06-17T10:01:08.458+0800][6.085s][info][gc,heap        ] GC(227) ParOldGen: 25397K(44032K)->25397K(44032K)
[2026-06-17T10:01:08.458+0800][6.086s][info][gc,metaspace   ] GC(227) Metaspace: 110K(320K)->110K(320K) NonClass: 103K(192K)->103K(192K) Class: 7K(128K)->7K(128K)
[2026-06-17T10:01:08.458+0800][6.086s][info][gc             ] GC(227) Pause Young (Allocation Failure) 37M->30M(57M) 3.562ms
[2026-06-17T10:01:08.458+0800][6.086s][info][gc,cpu         ] GC(227) User=0.00s Sys=0.00s Real=0.00s
[2026-06-17T10:01:08.470+0800][6.097s][info][gc,start       ] GC(228) Pause Young (Allocation Failure)
[2026-06-17T10:01:08.471+0800][6.099s][info][gc,heap        ] GC(228) PSYoungGen: 13014K(14336K)->3551K(14336K) Eden: 7006K(7168K)->0K(7168K) From: 6007K(7168K)->3551K(7168K)
[2026-06-17T10:01:08.471+0800][6.099s][info][gc,heap        ] GC(228) ParOldGen: 25397K(44032K)->27545K(44032K)
[2026-06-17T10:01:08.472+0800][6.099s][info][gc,metaspace   ] GC(228) Metaspace: 110K(320K)->110K(320K) NonClass: 103K(192K)->103K(192K) Class: 7K(128K)->7K(128K)
[2026-06-17T10:01:08.472+0800][6.100s][info][gc             ] GC(228) Pause Young (Allocation Failure) 37M->30M(57M) 2.319ms
[2026-06-17T10:01:08.472+0800][6.100s][info][gc,cpu         ] GC(228) User=0.01s Sys=0.00s Real=0.01s
[2026-06-17T10:01:08.494+0800][6.121s][info][gc,start       ] GC(229) Pause Young (Allocation Failure)
[2026-06-17T10:01:08.495+0800][6.123s][info][gc,heap        ] GC(229) PSYoungGen: 10661K(14336K)->3751K(14336K) Eden: 7110K(7168K)->0K(7168K) From: 3551K(7168K)->3751K(7168K)
[2026-06-17T10:01:08.496+0800][6.124s][info][gc,heap        ] GC(229) ParOldGen: 27545K(44032K)->31072K(44032K)
[2026-06-17T10:01:08.496+0800][6.124s][info][gc,metaspace   ] GC(229) Metaspace: 110K(320K)->110K(320K) NonClass: 103K(192K)->103K(192K) Class: 7K(128K)->7K(128K)
[2026-06-17T10:01:08.496+0800][6.124s][info][gc             ] GC(229) Pause Young (Allocation Failure) 37M->34M(57M) 2.778ms
[2026-06-17T10:01:08.497+0800][6.125s][info][gc,cpu         ] GC(229) User=0.00s Sys=0.00s Real=0.00s
[2026-06-17T10:01:08.519+0800][6.147s][info][gc,start       ] GC(230) Pause Young (Allocation Failure)
[2026-06-17T10:01:08.520+0800][6.148s][info][gc,heap        ] GC(230) PSYoungGen: 10877K(14336K)->3227K(14336K) Eden: 7126K(7168K)->0K(7168K) From: 3751K(7168K)->3227K(7168K)
[2026-06-17T10:01:08.521+0800][6.148s][info][gc,heap        ] GC(230) ParOldGen: 31072K(44032K)->31480K(44032K)
[2026-06-17T10:01:08.521+0800][6.149s][info][gc,metaspace   ] GC(230) Metaspace: 110K(320K)->110K(320K) NonClass: 103K(192K)->103K(192K) Class: 7K(128K)->7K(128K)
[2026-06-17T10:01:08.521+0800][6.149s][info][gc             ] GC(230) Pause Young (Allocation Failure) 40M->33M(57M) 2.343ms
[2026-06-17T10:01:08.522+0800][6.149s][info][gc,cpu         ] GC(230) User=0.00s Sys=0.00s Real=0.00s
[2026-06-17T10:01:08.543+0800][6.171s][info][gc,start       ] GC(231) Pause Young (Allocation Failure)
[2026-06-17T10:01:08.545+0800][6.173s][info][gc,heap        ] GC(231) PSYoungGen: 10379K(14336K)->1684K(14848K) Eden: 7151K(7168K)->0K(8192K) From: 3227K(7168K)->1684K(6656K)
[2026-06-17T10:01:08.546+0800][6.173s][info][gc,heap        ] GC(231) ParOldGen: 31480K(44032K)->33260K(44032K)
[2026-06-17T10:01:08.546+0800][6.174s][info][gc,metaspace   ] GC(231) Metaspace: 110K(320K)->110K(320K) NonClass: 103K(192K)->103K(192K) Class: 7K(128K)->7K(128K)
[2026-06-17T10:01:08.547+0800][6.174s][info][gc             ] GC(231) Pause Young (Allocation Failure) 40M->34M(57M) 3.067ms
[2026-06-17T10:01:08.547+0800][6.175s][info][gc,cpu         ] GC(231) User=0.01s Sys=0.00s Real=0.00s
[2026-06-17T10:01:08.559+0800][6.186s][info][gc,start       ] GC(232) Pause Young (Allocation Failure)
[2026-06-17T10:01:08.560+0800][6.187s][info][gc,heap        ] GC(232) PSYoungGen: 8854K(14848K)->1947K(14848K) Eden: 7169K(8192K)->0K(8192K) From: 1684K(6656K)->1947K(6656K)
[2026-06-17T10:01:08.560+0800][6.188s][info][gc,heap        ] GC(232) ParOldGen: 33260K(44032K)->33260K(44032K)
[2026-06-17T10:01:08.560+0800][6.188s][info][gc,metaspace   ] GC(232) Metaspace: 110K(320K)->110K(320K) NonClass: 103K(192K)->103K(192K) Class: 7K(128K)->7K(128K)
[2026-06-17T10:01:08.560+0800][6.188s][info][gc             ] GC(232) Pause Young (Allocation Failure) 41M->34M(57M) 1.649ms
[2026-06-17T10:01:08.561+0800][6.188s][info][gc,cpu         ] GC(232) User=0.00s Sys=0.00s Real=0.00s
[2026-06-17T10:01:08.582+0800][6.210s][info][gc,start       ] GC(233) Pause Young (Allocation Failure)
[2026-06-17T10:01:08.583+0800][6.211s][info][gc,heap        ] GC(233) PSYoungGen: 10122K(14848K)->4542K(14848K) Eden: 8175K(8192K)->0K(8192K) From: 1947K(6656K)->4542K(6656K)
[2026-06-17T10:01:08.584+0800][6.211s][info][gc,heap        ] GC(233) ParOldGen: 33260K(44032K)->35183K(44032K)
[2026-06-17T10:01:08.584+0800][6.211s][info][gc,metaspace   ] GC(233) Metaspace: 110K(320K)->110K(320K) NonClass: 103K(192K)->103K(192K) Class: 7K(128K)->7K(128K)
[2026-06-17T10:01:08.584+0800][6.212s][info][gc             ] GC(233) Pause Young (Allocation Failure) 42M->38M(57M) 2.141ms
[2026-06-17T10:01:08.584+0800][6.212s][info][gc,cpu         ] GC(233) User=0.00s Sys=0.00s Real=0.01s
[2026-06-17T10:01:08.606+0800][6.234s][info][gc,start       ] GC(234) Pause Young (Allocation Failure)
[2026-06-17T10:01:08.608+0800][6.235s][info][gc,heap        ] GC(234) PSYoungGen: 12682K(14848K)->4837K(13312K) Eden: 8140K(8192K)->0K(8192K) From: 4542K(6656K)->4837K(5120K)
[2026-06-17T10:01:08.608+0800][6.236s][info][gc,heap        ] GC(234) ParOldGen: 35183K(44032K)->36212K(44032K)
[2026-06-17T10:01:08.609+0800][6.236s][info][gc,metaspace   ] GC(234) Metaspace: 110K(320K)->110K(320K) NonClass: 103K(192K)->103K(192K) Class: 7K(128K)->7K(128K)
[2026-06-17T10:01:08.609+0800][6.237s][info][gc             ] GC(234) Pause Young (Allocation Failure) 46M->40M(56M) 3.337ms
[2026-06-17T10:01:08.610+0800][6.237s][info][gc,cpu         ] GC(234) User=0.00s Sys=0.00s Real=0.00s
[2026-06-17T10:01:08.632+0800][6.260s][info][gc,start       ] GC(235) Pause Young (Allocation Failure)
[2026-06-17T10:01:08.634+0800][6.262s][info][gc,heap        ] GC(235) PSYoungGen: 12993K(13312K)->4332K(14336K) Eden: 8156K(8192K)->0K(7168K) From: 4837K(5120K)->4332K(7168K)
[2026-06-17T10:01:08.635+0800][6.263s][info][gc,heap        ] GC(235) ParOldGen: 36212K(44032K)->38327K(44032K)
[2026-06-17T10:01:08.635+0800][6.263s][info][gc,metaspace   ] GC(235) Metaspace: 110K(320K)->110K(320K) NonClass: 103K(192K)->103K(192K) Class: 7K(128K)->7K(128K)
[2026-06-17T10:01:08.636+0800][6.263s][info][gc             ] GC(235) Pause Young (Allocation Failure) 48M->41M(57M) 3.810ms
[2026-06-17T10:01:08.636+0800][6.264s][info][gc,cpu         ] GC(235) User=0.01s Sys=0.00s Real=0.00s
[2026-06-17T10:01:08.658+0800][6.286s][info][gc,start       ] GC(236) Pause Young (Allocation Failure)
[2026-06-17T10:01:08.660+0800][6.288s][info][gc,heap        ] GC(236) PSYoungGen: 11487K(14336K)->2345K(14336K) Eden: 7154K(7168K)->0K(7168K) From: 4332K(7168K)->2345K(7168K)
[2026-06-17T10:01:08.661+0800][6.288s][info][gc,heap        ] GC(236) ParOldGen: 38327K(44032K)->40195K(44032K)
[2026-06-17T10:01:08.661+0800][6.289s][info][gc,metaspace   ] GC(236) Metaspace: 110K(320K)->110K(320K) NonClass: 103K(192K)->103K(192K) Class: 7K(128K)->7K(128K)
[2026-06-17T10:01:08.663+0800][6.290s][info][gc             ] GC(236) Pause Young (Allocation Failure) 48M->41M(57M) 4.671ms
[2026-06-17T10:01:08.663+0800][6.291s][info][gc,cpu         ] GC(236) User=0.00s Sys=0.00s Real=0.01s
[2026-06-17T10:01:08.684+0800][6.312s][info][gc,start       ] GC(237) Pause Young (Allocation Failure)
[2026-06-17T10:01:08.685+0800][6.313s][info][gc,heap        ] GC(237) PSYoungGen: 9513K(14336K)->2754K(14848K) Eden: 7167K(7168K)->0K(7680K) From: 2345K(7168K)->2754K(7168K)
[2026-06-17T10:01:08.685+0800][6.313s][info][gc,heap        ] GC(237) ParOldGen: 40195K(44032K)->40195K(44032K)
[2026-06-17T10:01:08.686+0800][6.313s][info][gc,metaspace   ] GC(237) Metaspace: 110K(320K)->110K(320K) NonClass: 103K(192K)->103K(192K) Class: 7K(128K)->7K(128K)
[2026-06-17T10:01:08.686+0800][6.313s][info][gc             ] GC(237) Pause Young (Allocation Failure) 48M->41M(57M) 1.396ms
[2026-06-17T10:01:08.686+0800][6.314s][info][gc,cpu         ] GC(237) User=0.00s Sys=0.00s Real=0.00s
[2026-06-17T10:01:08.697+0800][6.324s][info][gc,start       ] GC(238) Pause Young (Allocation Failure)
[2026-06-17T10:01:08.698+0800][6.325s][info][gc,heap        ] GC(238) PSYoungGen: 10163K(14848K)->1220K(14336K) Eden: 7409K(7680K)->0K(7680K) From: 2754K(7168K)->1220K(6656K)
[2026-06-17T10:01:08.698+0800][6.326s][info][gc,heap        ] GC(238) ParOldGen: 40195K(44032K)->42111K(44032K)
[2026-06-17T10:01:08.698+0800][6.326s][info][gc,metaspace   ] GC(238) Metaspace: 110K(320K)->110K(320K) NonClass: 103K(192K)->103K(192K) Class: 7K(128K)->7K(128K)
[2026-06-17T10:01:08.698+0800][6.326s][info][gc             ] GC(238) Pause Young (Allocation Failure) 49M->42M(57M) 1.450ms
[2026-06-17T10:01:08.698+0800][6.326s][info][gc,cpu         ] GC(238) User=0.00s Sys=0.00s Real=0.00s
[2026-06-17T10:01:08.730+0800][6.357s][info][gc,start       ] GC(239) Pause Full (Ergonomics)
[2026-06-17T10:01:08.730+0800][6.358s][info][gc,phases,start] GC(239) Marking Phase
[2026-06-17T10:01:08.731+0800][6.359s][info][gc,phases      ] GC(239) Marking Phase 1.180ms
[2026-06-17T10:01:08.731+0800][6.359s][info][gc,phases,start] GC(239) Summary Phase
[2026-06-17T10:01:08.732+0800][6.359s][info][gc,phases      ] GC(239) Summary Phase 0.228ms
[2026-06-17T10:01:08.732+0800][6.359s][info][gc,phases,start] GC(239) Adjust Roots
[2026-06-17T10:01:08.732+0800][6.360s][info][gc,phases      ] GC(239) Adjust Roots 0.288ms
[2026-06-17T10:01:08.732+0800][6.360s][info][gc,phases,start] GC(239) Compaction Phase
[2026-06-17T10:01:08.734+0800][6.362s][info][gc,phases      ] GC(239) Compaction Phase 1.718ms
[2026-06-17T10:01:08.734+0800][6.362s][info][gc,phases,start] GC(239) Post Compact
[2026-06-17T10:01:08.735+0800][6.362s][info][gc,phases      ] GC(239) Post Compact 0.336ms
[2026-06-17T10:01:08.735+0800][6.363s][info][gc,heap        ] GC(239) PSYoungGen: 8853K(14336K)->0K(14848K) Eden: 7633K(7680K)->0K(8192K) From: 1220K(6656K)->0K(6656K)
[2026-06-17T10:01:08.735+0800][6.363s][info][gc,heap        ] GC(239) ParOldGen: 42111K(44032K)->22162K(44032K)
[2026-06-17T10:01:08.735+0800][6.363s][info][gc,metaspace   ] GC(239) Metaspace: 110K(320K)->110K(320K) NonClass: 103K(192K)->103K(192K) Class: 7K(128K)->7K(128K)
[2026-06-17T10:01:08.736+0800][6.364s][info][gc             ] GC(239) Pause Full (Ergonomics) 49M->21M(57M) 6.421ms
[2026-06-17T10:01:08.736+0800][6.364s][info][gc,cpu         ] GC(239) User=0.01s Sys=0.00s Real=0.01s
[2026-06-17T10:01:08.748+0800][6.375s][info][gc,start       ] GC(240) Pause Young (Allocation Failure)
[2026-06-17T10:01:08.749+0800][6.377s][info][gc,heap        ] GC(240) PSYoungGen: 8177K(14848K)->6631K(14848K) Eden: 8177K(8192K)->0K(8192K) From: 0K(6656K)->6631K(6656K)
[2026-06-17T10:01:08.749+0800][6.377s][info][gc,heap        ] GC(240) ParOldGen: 22162K(44032K)->23788K(44032K)
[2026-06-17T10:01:08.750+0800][6.378s][info][gc,metaspace   ] GC(240) Metaspace: 110K(320K)->110K(320K) NonClass: 103K(192K)->103K(192K) Class: 7K(128K)->7K(128K)
[2026-06-17T10:01:08.750+0800][6.378s][info][gc             ] GC(240) Pause Young (Allocation Failure) 29M->29M(57M) 2.631ms
[2026-06-17T10:01:08.751+0800][6.378s][info][gc,cpu         ] GC(240) User=0.00s Sys=0.00s Real=0.01s
[2026-06-17T10:01:08.772+0800][6.400s][info][gc,start       ] GC(241) Pause Young (Allocation Failure)
[2026-06-17T10:01:08.773+0800][6.401s][info][gc,heap        ] GC(241) PSYoungGen: 14601K(14848K)->654K(13824K) Eden: 7969K(8192K)->0K(7168K) From: 6631K(6656K)->654K(6656K)
[2026-06-17T10:01:08.773+0800][6.401s][info][gc,heap        ] GC(241) ParOldGen: 23788K(44032K)->27281K(44032K)
[2026-06-17T10:01:08.774+0800][6.401s][info][gc,metaspace   ] GC(241) Metaspace: 110K(320K)->110K(320K) NonClass: 103K(192K)->103K(192K) Class: 7K(128K)->7K(128K)
[2026-06-17T10:01:08.774+0800][6.402s][info][gc             ] GC(241) Pause Young (Allocation Failure) 37M->27M(56M) 2.024ms
[2026-06-17T10:01:08.774+0800][6.402s][info][gc,cpu         ] GC(241) User=0.00s Sys=0.00s Real=0.00s
[2026-06-17T10:01:08.796+0800][6.423s][info][gc,start       ] GC(242) Pause Young (Allocation Failure)
[2026-06-17T10:01:08.796+0800][6.424s][info][gc,heap        ] GC(242) PSYoungGen: 7809K(13824K)->3985K(14336K) Eden: 7155K(7168K)->0K(7168K) From: 654K(6656K)->3985K(7168K)
[2026-06-17T10:01:08.797+0800][6.424s][info][gc,heap        ] GC(242) ParOldGen: 27281K(44032K)->27911K(44032K)
[2026-06-17T10:01:08.797+0800][6.424s][info][gc,metaspace   ] GC(242) Metaspace: 110K(320K)->110K(320K) NonClass: 103K(192K)->103K(192K) Class: 7K(128K)->7K(128K)
[2026-06-17T10:01:08.797+0800][6.425s][info][gc             ] GC(242) Pause Young (Allocation Failure) 34M->31M(57M) 1.449ms
[2026-06-17T10:01:08.797+0800][6.425s][info][gc,cpu         ] GC(242) User=0.00s Sys=0.00s Real=0.00s
[2026-06-17T10:01:08.808+0800][6.436s][info][gc,start       ] GC(243) Pause Young (Allocation Failure)
[2026-06-17T10:01:08.821+0800][6.449s][info][gc,heap        ] GC(243) PSYoungGen: 10976K(14336K)->1499K(14336K) Eden: 6990K(7168K)->0K(7168K) From: 3985K(7168K)->1499K(7168K)
[2026-06-17T10:01:08.821+0800][6.449s][info][gc,heap        ] GC(243) ParOldGen: 27911K(44032K)->30473K(44032K)
[2026-06-17T10:01:08.836+0800][6.463s][info][gc,metaspace   ] GC(243) Metaspace: 110K(320K)->110K(320K) NonClass: 103K(192K)->103K(192K) Class: 7K(128K)->7K(128K)
[2026-06-17T10:01:08.837+0800][6.464s][info][gc             ] GC(243) Pause Young (Allocation Failure) 37M->31M(57M) 28.738ms
[2026-06-17T10:01:08.837+0800][6.465s][info][gc,cpu         ] GC(243) User=0.01s Sys=0.00s Real=0.03s
[2026-06-17T10:01:08.868+0800][6.496s][info][gc,start       ] GC(244) Pause Young (Allocation Failure)
[2026-06-17T10:01:08.879+0800][6.507s][info][gc,heap        ] GC(244) PSYoungGen: 8612K(14336K)->302K(14336K) Eden: 7113K(7168K)->0K(7168K) From: 1499K(7168K)->302K(7168K)
[2026-06-17T10:01:08.881+0800][6.509s][info][gc,heap        ] GC(244) ParOldGen: 30473K(44032K)->31948K(44032K)
[2026-06-17T10:01:08.881+0800][6.509s][info][gc,metaspace   ] GC(244) Metaspace: 110K(320K)->110K(320K) NonClass: 103K(192K)->103K(192K) Class: 7K(128K)->7K(128K)
[2026-06-17T10:01:08.881+0800][6.509s][info][gc             ] GC(244) Pause Young (Allocation Failure) 38M->31M(57M) 13.019ms
[2026-06-17T10:01:08.882+0800][6.509s][info][gc,cpu         ] GC(244) User=0.00s Sys=0.00s Real=0.01s
[2026-06-17T10:01:08.893+0800][6.520s][info][gc,start       ] GC(245) Pause Young (Allocation Failure)
[2026-06-17T10:01:08.893+0800][6.521s][info][gc,heap        ] GC(245) PSYoungGen: 7467K(14336K)->3783K(14336K) Eden: 7165K(7168K)->0K(7168K) From: 302K(7168K)->3783K(7168K)
[2026-06-17T10:01:08.894+0800][6.521s][info][gc,heap        ] GC(245) ParOldGen: 31948K(44032K)->32185K(44032K)
[2026-06-17T10:01:08.894+0800][6.521s][info][gc,metaspace   ] GC(245) Metaspace: 110K(320K)->110K(320K) NonClass: 103K(192K)->103K(192K) Class: 7K(128K)->7K(128K)
[2026-06-17T10:01:08.894+0800][6.522s][info][gc             ] GC(245) Pause Young (Allocation Failure) 38M->35M(57M) 1.112ms
[2026-06-17T10:01:08.894+0800][6.522s][info][gc,cpu         ] GC(245) User=0.00s Sys=0.00s Real=0.00s
[2026-06-17T10:01:08.915+0800][6.543s][info][gc,start       ] GC(246) Pause Young (Allocation Failure)
[2026-06-17T10:01:08.916+0800][6.543s][info][gc,heap        ] GC(246) PSYoungGen: 10940K(14336K)->1687K(14336K) Eden: 7157K(7168K)->0K(7168K) From: 3783K(7168K)->1687K(7168K)
[2026-06-17T10:01:08.916+0800][6.544s][info][gc,heap        ] GC(246) ParOldGen: 32185K(44032K)->34380K(44032K)
[2026-06-17T10:01:08.916+0800][6.544s][info][gc,metaspace   ] GC(246) Metaspace: 110K(320K)->110K(320K) NonClass: 103K(192K)->103K(192K) Class: 7K(128K)->7K(128K)
[2026-06-17T10:01:08.916+0800][6.544s][info][gc             ] GC(246) Pause Young (Allocation Failure) 42M->35M(57M) 1.354ms
[2026-06-17T10:01:08.916+0800][6.544s][info][gc,cpu         ] GC(246) User=0.00s Sys=0.00s Real=0.00s
[2026-06-17T10:01:08.937+0800][6.565s][info][gc,start       ] GC(247) Pause Young (Allocation Failure)
[2026-06-17T10:01:08.938+0800][6.566s][info][gc,heap        ] GC(247) PSYoungGen: 8852K(14336K)->2261K(14336K) Eden: 7164K(7168K)->0K(7168K) From: 1687K(7168K)->2261K(7168K)
[2026-06-17T10:01:08.938+0800][6.566s][info][gc,heap        ] GC(247) ParOldGen: 34380K(44032K)->34380K(44032K)
[2026-06-17T10:01:08.938+0800][6.566s][info][gc,metaspace   ] GC(247) Metaspace: 110K(320K)->110K(320K) NonClass: 103K(192K)->103K(192K) Class: 7K(128K)->7K(128K)
[2026-06-17T10:01:08.938+0800][6.566s][info][gc             ] GC(247) Pause Young (Allocation Failure) 42M->35M(57M) 1.159ms
[2026-06-17T10:01:08.939+0800][6.566s][info][gc,cpu         ] GC(247) User=0.00s Sys=0.00s Real=0.00s
[2026-06-17T10:01:08.949+0800][6.577s][info][gc,start       ] GC(248) Pause Young (Allocation Failure)
[2026-06-17T10:01:08.950+0800][6.578s][info][gc,heap        ] GC(248) PSYoungGen: 9375K(14336K)->5598K(14336K) Eden: 7114K(7168K)->0K(7168K) From: 2261K(7168K)->5598K(7168K)
[2026-06-17T10:01:08.950+0800][6.578s][info][gc,heap        ] GC(248) ParOldGen: 34380K(44032K)->34380K(44032K)
[2026-06-17T10:01:08.951+0800][6.578s][info][gc,metaspace   ] GC(248) Metaspace: 110K(320K)->110K(320K) NonClass: 103K(192K)->103K(192K) Class: 7K(128K)->7K(128K)
[2026-06-17T10:01:08.951+0800][6.578s][info][gc             ] GC(248) Pause Young (Allocation Failure) 42M->39M(57M) 1.386ms
[2026-06-17T10:01:08.951+0800][6.579s][info][gc,cpu         ] GC(248) User=0.00s Sys=0.00s Real=0.01s
[2026-06-17T10:01:08.972+0800][6.600s][info][gc,start       ] GC(249) Pause Young (Allocation Failure)
[2026-06-17T10:01:08.973+0800][6.601s][info][gc,heap        ] GC(249) PSYoungGen: 12729K(14336K)->3803K(14336K) Eden: 7131K(7168K)->0K(7168K) From: 5598K(7168K)->3803K(7168K)
[2026-06-17T10:01:08.973+0800][6.601s][info][gc,heap        ] GC(249) ParOldGen: 34380K(44032K)->36443K(44032K)
[2026-06-17T10:01:08.973+0800][6.601s][info][gc,metaspace   ] GC(249) Metaspace: 110K(320K)->110K(320K) NonClass: 103K(192K)->103K(192K) Class: 7K(128K)->7K(128K)
[2026-06-17T10:01:08.974+0800][6.601s][info][gc             ] GC(249) Pause Young (Allocation Failure) 46M->39M(57M) 1.555ms
[2026-06-17T10:01:08.974+0800][6.601s][info][gc,cpu         ] GC(249) User=0.00s Sys=0.01s Real=0.00s
[2026-06-17T10:01:08.985+0800][6.612s][info][gc,start       ] GC(250) Pause Young (Allocation Failure)
[2026-06-17T10:01:08.985+0800][6.613s][info][gc,heap        ] GC(250) PSYoungGen: 10689K(14336K)->1464K(14336K) Eden: 6885K(7168K)->0K(7168K) From: 3803K(7168K)->1464K(7168K)
[2026-06-17T10:01:08.986+0800][6.613s][info][gc,heap        ] GC(250) ParOldGen: 36443K(44032K)->38317K(44032K)
[2026-06-17T10:01:08.986+0800][6.614s][info][gc,metaspace   ] GC(250) Metaspace: 110K(320K)->110K(320K) NonClass: 103K(192K)->103K(192K) Class: 7K(128K)->7K(128K)
[2026-06-17T10:01:08.986+0800][6.614s][info][gc             ] GC(250) Pause Young (Allocation Failure) 46M->38M(57M) 1.467ms
[2026-06-17T10:01:08.986+0800][6.614s][info][gc,cpu         ] GC(250) User=0.01s Sys=0.00s Real=0.00s
[2026-06-17T10:01:09.008+0800][6.635s][info][gc,start       ] GC(251) Pause Young (Allocation Failure)
[2026-06-17T10:01:09.009+0800][6.636s][info][gc,heap        ] GC(251) PSYoungGen: 8596K(14336K)->3786K(14336K) Eden: 7132K(7168K)->0K(7168K) From: 1464K(7168K)->3786K(7168K)
[2026-06-17T10:01:09.009+0800][6.637s][info][gc,heap        ] GC(251) ParOldGen: 38317K(44032K)->39757K(44032K)
[2026-06-17T10:01:09.009+0800][6.637s][info][gc,metaspace   ] GC(251) Metaspace: 110K(320K)->110K(320K) NonClass: 103K(192K)->103K(192K) Class: 7K(128K)->7K(128K)
[2026-06-17T10:01:09.009+0800][6.637s][info][gc             ] GC(251) Pause Young (Allocation Failure) 45M->42M(57M) 1.568ms
[2026-06-17T10:01:09.009+0800][6.637s][info][gc,cpu         ] GC(251) User=0.00s Sys=0.00s Real=0.00s
[2026-06-17T10:01:09.031+0800][6.658s][info][gc,start       ] GC(252) Pause Young (Allocation Failure)
[2026-06-17T10:01:09.031+0800][6.659s][info][gc,heap        ] GC(252) PSYoungGen: 10933K(14336K)->3554K(14336K) Eden: 7147K(7168K)->0K(7168K) From: 3786K(7168K)->3554K(7168K)
[2026-06-17T10:01:09.032+0800][6.659s][info][gc,heap        ] GC(252) ParOldGen: 39757K(44032K)->40330K(44032K)
[2026-06-17T10:01:09.032+0800][6.659s][info][gc,metaspace   ] GC(252) Metaspace: 110K(320K)->110K(320K) NonClass: 103K(192K)->103K(192K) Class: 7K(128K)->7K(128K)
[2026-06-17T10:01:09.032+0800][6.660s][info][gc             ] GC(252) Pause Young (Allocation Failure) 49M->42M(57M) 1.339ms
[2026-06-17T10:01:09.032+0800][6.660s][info][gc,cpu         ] GC(252) User=0.00s Sys=0.00s Real=0.00s
[2026-06-17T10:01:09.053+0800][6.681s][info][gc,start       ] GC(253) Pause Young (Allocation Failure)
[2026-06-17T10:01:09.054+0800][6.682s][info][gc,heap        ] GC(253) PSYoungGen: 10682K(14336K)->393K(14336K) Eden: 7128K(7168K)->0K(7168K) From: 3554K(7168K)->393K(7168K)
[2026-06-17T10:01:09.055+0800][6.682s][info][gc,heap        ] GC(253) ParOldGen: 40330K(44032K)->43501K(44032K)
[2026-06-17T10:01:09.055+0800][6.683s][info][gc,metaspace   ] GC(253) Metaspace: 110K(320K)->110K(320K) NonClass: 103K(192K)->103K(192K) Class: 7K(128K)->7K(128K)
[2026-06-17T10:01:09.055+0800][6.683s][info][gc             ] GC(253) Pause Young (Allocation Failure) 49M->42M(57M) 2.137ms
[2026-06-17T10:01:09.055+0800][6.683s][info][gc,cpu         ] GC(253) User=0.00s Sys=0.00s Real=0.00s
[2026-06-17T10:01:09.066+0800][6.694s][info][gc,start       ] GC(254) Pause Full (Ergonomics)
[2026-06-17T10:01:09.066+0800][6.694s][info][gc,phases,start] GC(254) Marking Phase
[2026-06-17T10:01:09.068+0800][6.696s][info][gc,phases      ] GC(254) Marking Phase 1.333ms
[2026-06-17T10:01:09.068+0800][6.696s][info][gc,phases,start] GC(254) Summary Phase
[2026-06-17T10:01:09.068+0800][6.696s][info][gc,phases      ] GC(254) Summary Phase 0.167ms
[2026-06-17T10:01:09.068+0800][6.696s][info][gc,phases,start] GC(254) Adjust Roots
[2026-06-17T10:01:09.069+0800][6.696s][info][gc,phases      ] GC(254) Adjust Roots 0.219ms
[2026-06-17T10:01:09.069+0800][6.696s][info][gc,phases,start] GC(254) Compaction Phase
[2026-06-17T10:01:09.070+0800][6.698s][info][gc,phases      ] GC(254) Compaction Phase 1.486ms
[2026-06-17T10:01:09.071+0800][6.698s][info][gc,phases,start] GC(254) Post Compact
[2026-06-17T10:01:09.071+0800][6.699s][info][gc,phases      ] GC(254) Post Compact 0.295ms
[2026-06-17T10:01:09.071+0800][6.699s][info][gc,heap        ] GC(254) PSYoungGen: 7557K(14336K)->0K(14336K) Eden: 7164K(7168K)->0K(7168K) From: 393K(7168K)->0K(7168K)
[2026-06-17T10:01:09.071+0800][6.699s][info][gc,heap        ] GC(254) ParOldGen: 43501K(44032K)->25500K(44032K)
[2026-06-17T10:01:09.071+0800][6.699s][info][gc,metaspace   ] GC(254) Metaspace: 110K(320K)->110K(320K) NonClass: 103K(192K)->103K(192K) Class: 7K(128K)->7K(128K)
[2026-06-17T10:01:09.072+0800][6.700s][info][gc             ] GC(254) Pause Full (Ergonomics) 49M->24M(57M) 5.741ms
[2026-06-17T10:01:09.072+0800][6.700s][info][gc,cpu         ] GC(254) User=0.01s Sys=0.00s Real=0.01s
[2026-06-17T10:01:09.093+0800][6.721s][info][gc,start       ] GC(255) Pause Young (Allocation Failure)
[2026-06-17T10:01:09.095+0800][6.723s][info][gc,heap        ] GC(255) PSYoungGen: 7156K(14336K)->3692K(14336K) Eden: 7156K(7168K)->0K(7168K) From: 0K(7168K)->3692K(7168K)
[2026-06-17T10:01:09.096+0800][6.724s][info][gc,heap        ] GC(255) ParOldGen: 25500K(44032K)->25500K(44032K)
[2026-06-17T10:01:09.098+0800][6.726s][info][gc,metaspace   ] GC(255) Metaspace: 110K(320K)->110K(320K) NonClass: 103K(192K)->103K(192K) Class: 7K(128K)->7K(128K)
[2026-06-17T10:01:09.098+0800][6.726s][info][gc             ] GC(255) Pause Young (Allocation Failure) 31M->28M(57M) 5.264ms
[2026-06-17T10:01:09.099+0800][6.727s][info][gc,cpu         ] GC(255) User=0.00s Sys=0.00s Real=0.00s
[2026-06-17T10:01:09.121+0800][6.748s][info][gc,start       ] GC(256) Pause Young (Allocation Failure)
[2026-06-17T10:01:09.121+0800][6.749s][info][gc,heap        ] GC(256) PSYoungGen: 10840K(14336K)->2150K(14336K) Eden: 7147K(7168K)->0K(7168K) From: 3692K(7168K)->2150K(7168K)
[2026-06-17T10:01:09.122+0800][6.749s][info][gc,heap        ] GC(256) ParOldGen: 25500K(44032K)->26898K(44032K)
[2026-06-17T10:01:09.122+0800][6.749s][info][gc,metaspace   ] GC(256) Metaspace: 110K(320K)->110K(320K) NonClass: 103K(192K)->103K(192K) Class: 7K(128K)->7K(128K)
[2026-06-17T10:01:09.122+0800][6.750s][info][gc             ] GC(256) Pause Young (Allocation Failure) 35M->28M(57M) 1.342ms
[2026-06-17T10:01:09.122+0800][6.750s][info][gc,cpu         ] GC(256) User=0.00s Sys=0.00s Real=0.00s
[2026-06-17T10:01:09.133+0800][6.760s][info][gc,start       ] GC(257) Pause Young (Allocation Failure)
[2026-06-17T10:01:09.133+0800][6.761s][info][gc,heap        ] GC(257) PSYoungGen: 9297K(14336K)->998K(14848K) Eden: 7147K(7168K)->0K(8192K) From: 2150K(7168K)->998K(6656K)
[2026-06-17T10:01:09.133+0800][6.761s][info][gc,heap        ] GC(257) ParOldGen: 26898K(44032K)->28326K(44032K)
[2026-06-17T10:01:09.134+0800][6.761s][info][gc,metaspace   ] GC(257) Metaspace: 110K(320K)->110K(320K) NonClass: 103K(192K)->103K(192K) Class: 7K(128K)->7K(128K)
[2026-06-17T10:01:09.134+0800][6.761s][info][gc             ] GC(257) Pause Young (Allocation Failure) 35M->28M(57M) 0.937ms
[2026-06-17T10:01:09.134+0800][6.761s][info][gc,cpu         ] GC(257) User=0.00s Sys=0.00s Real=0.00s
[2026-06-17T10:01:09.155+0800][6.782s][info][gc,start       ] GC(258) Pause Young (Allocation Failure)
[2026-06-17T10:01:09.156+0800][6.783s][info][gc,heap        ] GC(258) PSYoungGen: 9163K(14848K)->4643K(13312K) Eden: 8165K(8192K)->0K(8192K) From: 998K(6656K)->4643K(5120K)
[2026-06-17T10:01:09.156+0800][6.783s][info][gc,heap        ] GC(258) ParOldGen: 28326K(44032K)->29300K(44032K)
[2026-06-17T10:01:09.156+0800][6.784s][info][gc,metaspace   ] GC(258) Metaspace: 110K(320K)->110K(320K) NonClass: 103K(192K)->103K(192K) Class: 7K(128K)->7K(128K)
[2026-06-17T10:01:09.156+0800][6.784s][info][gc             ] GC(258) Pause Young (Allocation Failure) 36M->33M(56M) 1.172ms
[2026-06-17T10:01:09.156+0800][6.784s][info][gc,cpu         ] GC(258) User=0.00s Sys=0.00s Real=0.00s
[2026-06-17T10:01:09.177+0800][6.805s][info][gc,start       ] GC(259) Pause Young (Allocation Failure)
[2026-06-17T10:01:09.178+0800][6.805s][info][gc,heap        ] GC(259) PSYoungGen: 12811K(13312K)->4645K(14336K) Eden: 8168K(8192K)->0K(7168K) From: 4643K(5120K)->4645K(7168K)
[2026-06-17T10:01:09.178+0800][6.806s][info][gc,heap        ] GC(259) ParOldGen: 29300K(44032K)->30400K(44032K)
[2026-06-17T10:01:09.178+0800][6.806s][info][gc,metaspace   ] GC(259) Metaspace: 110K(320K)->110K(320K) NonClass: 103K(192K)->103K(192K) Class: 7K(128K)->7K(128K)
[2026-06-17T10:01:09.178+0800][6.806s][info][gc             ] GC(259) Pause Young (Allocation Failure) 41M->34M(57M) 1.182ms
[2026-06-17T10:01:09.178+0800][6.806s][info][gc,cpu         ] GC(259) User=0.00s Sys=0.00s Real=0.00s
[2026-06-17T10:01:09.199+0800][6.827s][info][gc,start       ] GC(260) Pause Young (Allocation Failure)
[2026-06-17T10:01:09.200+0800][6.828s][info][gc,heap        ] GC(260) PSYoungGen: 11790K(14336K)->2549K(14336K) Eden: 7144K(7168K)->0K(7168K) From: 4645K(7168K)->2549K(7168K)
[2026-06-17T10:01:09.200+0800][6.828s][info][gc,heap        ] GC(260) ParOldGen: 30400K(44032K)->32676K(44032K)
[2026-06-17T10:01:09.201+0800][6.828s][info][gc,metaspace   ] GC(260) Metaspace: 110K(320K)->110K(320K) NonClass: 103K(192K)->103K(192K) Class: 7K(128K)->7K(128K)
[2026-06-17T10:01:09.201+0800][6.828s][info][gc             ] GC(260) Pause Young (Allocation Failure) 41M->34M(57M) 1.446ms
[2026-06-17T10:01:09.201+0800][6.829s][info][gc,cpu         ] GC(260) User=0.00s Sys=0.00s Real=0.00s
[2026-06-17T10:01:09.212+0800][6.839s][info][gc,start       ] GC(261) Pause Young (Allocation Failure)
[2026-06-17T10:01:09.212+0800][6.840s][info][gc,heap        ] GC(261) PSYoungGen: 9024K(14336K)->1885K(14848K) Eden: 6474K(7168K)->0K(7680K) From: 2549K(7168K)->1885K(7168K)
[2026-06-17T10:01:09.213+0800][6.840s][info][gc,heap        ] GC(261) ParOldGen: 32676K(44032K)->32676K(44032K)
[2026-06-17T10:01:09.213+0800][6.841s][info][gc,metaspace   ] GC(261) Metaspace: 110K(320K)->110K(320K) NonClass: 103K(192K)->103K(192K) Class: 7K(128K)->7K(128K)
[2026-06-17T10:01:09.213+0800][6.841s][info][gc             ] GC(261) Pause Young (Allocation Failure) 40M->33M(57M) 1.255ms
[2026-06-17T10:01:09.213+0800][6.841s][info][gc,cpu         ] GC(261) User=0.00s Sys=0.00s Real=0.00s
[2026-06-17T10:01:09.234+0800][6.862s][info][gc,start       ] GC(262) Pause Young (Allocation Failure)
[2026-06-17T10:01:09.236+0800][6.863s][info][gc,heap        ] GC(262) PSYoungGen: 9532K(14848K)->3960K(14336K) Eden: 7647K(7680K)->0K(7680K) From: 1885K(7168K)->3960K(6656K)
[2026-06-17T10:01:09.236+0800][6.864s][info][gc,heap        ] GC(262) ParOldGen: 32676K(44032K)->34537K(44032K)
[2026-06-17T10:01:09.236+0800][6.864s][info][gc,metaspace   ] GC(262) Metaspace: 110K(320K)->110K(320K) NonClass: 103K(192K)->103K(192K) Class: 7K(128K)->7K(128K)
[2026-06-17T10:01:09.236+0800][6.864s][info][gc             ] GC(262) Pause Young (Allocation Failure) 41M->37M(57M) 1.831ms
[2026-06-17T10:01:09.237+0800][6.864s][info][gc,cpu         ] GC(262) User=0.00s Sys=0.00s Real=0.00s
[2026-06-17T10:01:09.258+0800][6.886s][info][gc,start       ] GC(263) Pause Young (Allocation Failure)
[2026-06-17T10:01:09.259+0800][6.887s][info][gc,heap        ] GC(263) PSYoungGen: 11596K(14336K)->3591K(14848K) Eden: 7636K(7680K)->0K(8192K) From: 3960K(6656K)->3591K(6656K)
[2026-06-17T10:01:09.260+0800][6.887s][info][gc,heap        ] GC(263) ParOldGen: 34537K(44032K)->35816K(44032K)
[2026-06-17T10:01:09.260+0800][6.888s][info][gc,metaspace   ] GC(263) Metaspace: 110K(320K)->110K(320K) NonClass: 103K(192K)->103K(192K) Class: 7K(128K)->7K(128K)
[2026-06-17T10:01:09.260+0800][6.888s][info][gc             ] GC(263) Pause Young (Allocation Failure) 45M->38M(57M) 2.254ms
[2026-06-17T10:01:09.261+0800][6.888s][info][gc,cpu         ] GC(263) User=0.00s Sys=0.00s Real=0.00s
[2026-06-17T10:01:09.282+0800][6.910s][info][gc,start       ] GC(264) Pause Young (Allocation Failure)
[2026-06-17T10:01:09.283+0800][6.911s][info][gc,heap        ] GC(264) PSYoungGen: 11779K(14848K)->3492K(14848K) Eden: 8187K(8192K)->0K(8192K) From: 3591K(6656K)->3492K(6656K)
[2026-06-17T10:01:09.283+0800][6.911s][info][gc,heap        ] GC(264) ParOldGen: 35816K(44032K)->37349K(44032K)
[2026-06-17T10:01:09.283+0800][6.911s][info][gc,metaspace   ] GC(264) Metaspace: 110K(320K)->110K(320K) NonClass: 103K(192K)->103K(192K) Class: 7K(128K)->7K(128K)
[2026-06-17T10:01:09.283+0800][6.911s][info][gc             ] GC(264) Pause Young (Allocation Failure) 46M->39M(57M) 1.333ms
[2026-06-17T10:01:09.284+0800][6.911s][info][gc,cpu         ] GC(264) User=0.00s Sys=0.00s Real=0.01s
[2026-06-17T10:01:09.305+0800][6.932s][info][gc,start       ] GC(265) Pause Young (Allocation Failure)
[2026-06-17T10:01:09.305+0800][6.933s][info][gc,heap        ] GC(265) PSYoungGen: 11653K(14848K)->2618K(15360K) Eden: 8160K(8192K)->0K(8704K) From: 3492K(6656K)->2618K(6656K)
[2026-06-17T10:01:09.306+0800][6.933s][info][gc,heap        ] GC(265) ParOldGen: 37349K(44032K)->39401K(44032K)
[2026-06-17T10:01:09.306+0800][6.933s][info][gc,metaspace   ] GC(265) Metaspace: 110K(320K)->110K(320K) NonClass: 103K(192K)->103K(192K) Class: 7K(128K)->7K(128K)
[2026-06-17T10:01:09.306+0800][6.934s][info][gc             ] GC(265) Pause Young (Allocation Failure) 47M->41M(58M) 1.271ms
[2026-06-17T10:01:09.306+0800][6.934s][info][gc,cpu         ] GC(265) User=0.00s Sys=0.00s Real=0.00s
[2026-06-17T10:01:09.327+0800][6.955s][info][gc,start       ] GC(266) Pause Young (Allocation Failure)
[2026-06-17T10:01:09.328+0800][6.956s][info][gc,heap        ] GC(266) PSYoungGen: 11308K(15360K)->4366K(14848K) Eden: 8689K(8704K)->0K(8704K) From: 2618K(6656K)->4366K(6144K)
[2026-06-17T10:01:09.328+0800][6.956s][info][gc,heap        ] GC(266) ParOldGen: 39401K(44032K)->39401K(44032K)
[2026-06-17T10:01:09.331+0800][6.959s][info][gc,metaspace   ] GC(266) Metaspace: 110K(320K)->110K(320K) NonClass: 103K(192K)->103K(192K) Class: 7K(128K)->7K(128K)
[2026-06-17T10:01:09.333+0800][6.961s][info][gc             ] GC(266) Pause Young (Allocation Failure) 49M->42M(57M) 5.982ms
[2026-06-17T10:01:09.334+0800][6.961s][info][gc,cpu         ] GC(266) User=0.01s Sys=0.00s Real=0.01s
[2026-06-17T10:01:09.355+0800][6.983s][info][gc,start       ] GC(267) Pause Young (Allocation Failure)
[2026-06-17T10:01:09.356+0800][6.984s][info][gc,heap        ] GC(267) PSYoungGen: 13064K(14848K)->4048K(14848K) Eden: 8697K(8704K)->0K(8192K) From: 4366K(6144K)->4048K(6656K)
[2026-06-17T10:01:09.356+0800][6.984s][info][gc,heap        ] GC(267) ParOldGen: 39401K(44032K)->41270K(44032K)
[2026-06-17T10:01:09.356+0800][6.984s][info][gc,metaspace   ] GC(267) Metaspace: 110K(320K)->110K(320K) NonClass: 103K(192K)->103K(192K) Class: 7K(128K)->7K(128K)
[2026-06-17T10:01:09.357+0800][6.984s][info][gc             ] GC(267) Pause Young (Allocation Failure) 51M->44M(57M) 1.694ms
[2026-06-17T10:01:09.357+0800][6.985s][info][gc,cpu         ] GC(267) User=0.00s Sys=0.00s Real=0.00s
[2026-06-17T10:01:09.378+0800][7.006s][info][gc,start       ] GC(268) Pause Full (Ergonomics)
[2026-06-17T10:01:09.378+0800][7.006s][info][gc,phases,start] GC(268) Marking Phase
[2026-06-17T10:01:09.379+0800][7.007s][info][gc,phases      ] GC(268) Marking Phase 1.078ms
[2026-06-17T10:01:09.379+0800][7.007s][info][gc,phases,start] GC(268) Summary Phase
[2026-06-17T10:01:09.380+0800][7.007s][info][gc,phases      ] GC(268) Summary Phase 0.159ms
[2026-06-17T10:01:09.380+0800][7.007s][info][gc,phases,start] GC(268) Adjust Roots
[2026-06-17T10:01:09.380+0800][7.008s][info][gc,phases      ] GC(268) Adjust Roots 0.214ms
[2026-06-17T10:01:09.380+0800][7.008s][info][gc,phases,start] GC(268) Compaction Phase
[2026-06-17T10:01:09.381+0800][7.009s][info][gc,phases      ] GC(268) Compaction Phase 1.465ms
[2026-06-17T10:01:09.382+0800][7.009s][info][gc,phases,start] GC(268) Post Compact
[2026-06-17T10:01:09.382+0800][7.010s][info][gc,phases      ] GC(268) Post Compact 0.420ms
[2026-06-17T10:01:09.382+0800][7.010s][info][gc,heap        ] GC(268) PSYoungGen: 11948K(14848K)->0K(14848K) Eden: 7899K(8192K)->0K(8192K) From: 4048K(6656K)->0K(6656K)
[2026-06-17T10:01:09.382+0800][7.010s][info][gc,heap        ] GC(268) ParOldGen: 41270K(44032K)->29962K(44032K)
[2026-06-17T10:01:09.382+0800][7.010s][info][gc,metaspace   ] GC(268) Metaspace: 110K(320K)->110K(320K) NonClass: 103K(192K)->103K(192K) Class: 7K(128K)->7K(128K)
[2026-06-17T10:01:09.383+0800][7.010s][info][gc             ] GC(268) Pause Full (Ergonomics) 51M->29M(57M) 4.601ms
[2026-06-17T10:01:09.383+0800][7.010s][info][gc,cpu         ] GC(268) User=0.00s Sys=0.00s Real=0.01s
[2026-06-17T10:01:09.404+0800][7.031s][info][gc,start       ] GC(269) Pause Young (Allocation Failure)
[2026-06-17T10:01:09.405+0800][7.032s][info][gc,heap        ] GC(269) PSYoungGen: 8183K(14848K)->4705K(14848K) Eden: 8183K(8192K)->0K(8192K) From: 0K(6656K)->4705K(6656K)
[2026-06-17T10:01:09.405+0800][7.032s][info][gc,heap        ] GC(269) ParOldGen: 29962K(44032K)->29962K(44032K)
[2026-06-17T10:01:09.405+0800][7.033s][info][gc,metaspace   ] GC(269) Metaspace: 110K(320K)->110K(320K) NonClass: 103K(192K)->103K(192K) Class: 7K(128K)->7K(128K)
[2026-06-17T10:01:09.405+0800][7.033s][info][gc             ] GC(269) Pause Young (Allocation Failure) 37M->33M(57M) 1.393ms
[2026-06-17T10:01:09.405+0800][7.033s][info][gc,cpu         ] GC(269) User=0.01s Sys=0.00s Real=0.00s
[2026-06-17T10:01:09.427+0800][7.054s][info][gc,start       ] GC(270) Pause Young (Allocation Failure)
[2026-06-17T10:01:09.428+0800][7.056s][info][gc,heap        ] GC(270) PSYoungGen: 12883K(14848K)->3991K(14848K) Eden: 8178K(8192K)->0K(8192K) From: 4705K(6656K)->3991K(6656K)
[2026-06-17T10:01:09.428+0800][7.056s][info][gc,heap        ] GC(270) ParOldGen: 29962K(44032K)->32020K(44032K)
[2026-06-17T10:01:09.429+0800][7.056s][info][gc,metaspace   ] GC(270) Metaspace: 110K(320K)->110K(320K) NonClass: 103K(192K)->103K(192K) Class: 7K(128K)->7K(128K)
[2026-06-17T10:01:09.429+0800][7.056s][info][gc             ] GC(270) Pause Young (Allocation Failure) 41M->35M(57M) 2.143ms
[2026-06-17T10:01:09.429+0800][7.057s][info][gc,cpu         ] GC(270) User=0.00s Sys=0.00s Real=0.00s
[2026-06-17T10:01:09.451+0800][7.078s][info][gc,start       ] GC(271) Pause Young (Allocation Failure)
[2026-06-17T10:01:09.452+0800][7.079s][info][gc,heap        ] GC(271) PSYoungGen: 12126K(14848K)->2465K(14848K) Eden: 8135K(8192K)->0K(8192K) From: 3991K(6656K)->2465K(6656K)
[2026-06-17T10:01:09.452+0800][7.080s][info][gc,heap        ] GC(271) ParOldGen: 32020K(44032K)->35214K(44032K)
[2026-06-17T10:01:09.452+0800][7.080s][info][gc,metaspace   ] GC(271) Metaspace: 110K(320K)->110K(320K) NonClass: 103K(192K)->103K(192K) Class: 7K(128K)->7K(128K)
[2026-06-17T10:01:09.453+0800][7.080s][info][gc             ] GC(271) Pause Young (Allocation Failure) 43M->36M(57M) 2.082ms
[2026-06-17T10:01:09.453+0800][7.081s][info][gc,cpu         ] GC(271) User=0.00s Sys=0.00s Real=0.00s
[2026-06-17T10:01:09.474+0800][7.102s][info][gc,start       ] GC(272) Pause Young (Allocation Failure)
[2026-06-17T10:01:09.475+0800][7.103s][info][gc,heap        ] GC(272) PSYoungGen: 10648K(14848K)->3945K(14848K) Eden: 8182K(8192K)->0K(8192K) From: 2465K(6656K)->3945K(6656K)
[2026-06-17T10:01:09.475+0800][7.103s][info][gc,heap        ] GC(272) ParOldGen: 35214K(44032K)->35214K(44032K)
[2026-06-17T10:01:09.476+0800][7.103s][info][gc,metaspace   ] GC(272) Metaspace: 110K(320K)->110K(320K) NonClass: 103K(192K)->103K(192K) Class: 7K(128K)->7K(128K)
[2026-06-17T10:01:09.476+0800][7.104s][info][gc             ] GC(272) Pause Young (Allocation Failure) 44M->38M(57M) 1.687ms
[2026-06-17T10:01:09.476+0800][7.104s][info][gc,cpu         ] GC(272) User=0.00s Sys=0.00s Real=0.00s
[2026-06-17T10:01:09.497+0800][7.125s][info][gc,start       ] GC(273) Pause Young (Allocation Failure)
[2026-06-17T10:01:09.498+0800][7.126s][info][gc,heap        ] GC(273) PSYoungGen: 12126K(14848K)->3138K(15360K) Eden: 8180K(8192K)->0K(8704K) From: 3945K(6656K)->3138K(6656K)
[2026-06-17T10:01:09.499+0800][7.126s][info][gc,heap        ] GC(273) ParOldGen: 35214K(44032K)->37212K(44032K)
[2026-06-17T10:01:09.499+0800][7.127s][info][gc,metaspace   ] GC(273) Metaspace: 110K(320K)->110K(320K) NonClass: 103K(192K)->103K(192K) Class: 7K(128K)->7K(128K)
[2026-06-17T10:01:09.499+0800][7.127s][info][gc             ] GC(273) Pause Young (Allocation Failure) 46M->39M(58M) 1.903ms
[2026-06-17T10:01:09.499+0800][7.127s][info][gc,cpu         ] GC(273) User=0.00s Sys=0.00s Real=0.00s
[2026-06-17T10:01:09.521+0800][7.148s][info][gc,start       ] GC(274) Pause Young (Allocation Failure)
[2026-06-17T10:01:09.521+0800][7.149s][info][gc,heap        ] GC(274) PSYoungGen: 11832K(15360K)->3009K(14848K) Eden: 8694K(8704K)->0K(8704K) From: 3138K(6656K)->3009K(6144K)
[2026-06-17T10:01:09.522+0800][7.149s][info][gc,heap        ] GC(274) ParOldGen: 37212K(44032K)->39246K(44032K)
[2026-06-17T10:01:09.522+0800][7.150s][info][gc,metaspace   ] GC(274) Metaspace: 110K(320K)->110K(320K) NonClass: 103K(192K)->103K(192K) Class: 7K(128K)->7K(128K)
[2026-06-17T10:01:09.522+0800][7.150s][info][gc             ] GC(274) Pause Young (Allocation Failure) 47M->41M(57M) 1.699ms
[2026-06-17T10:01:09.523+0800][7.150s][info][gc,cpu         ] GC(274) User=0.01s Sys=0.00s Real=0.01s
[2026-06-17T10:01:09.544+0800][7.172s][info][gc,start       ] GC(275) Pause Young (Allocation Failure)
[2026-06-17T10:01:09.545+0800][7.173s][info][gc,heap        ] GC(275) PSYoungGen: 11713K(14848K)->4659K(15360K) Eden: 8704K(8704K)->0K(9216K) From: 3009K(6144K)->4659K(6144K)
[2026-06-17T10:01:09.546+0800][7.174s][info][gc,heap        ] GC(275) ParOldGen: 39246K(44032K)->39246K(44032K)
[2026-06-17T10:01:09.547+0800][7.174s][info][gc,metaspace   ] GC(275) Metaspace: 110K(320K)->110K(320K) NonClass: 103K(192K)->103K(192K) Class: 7K(128K)->7K(128K)
[2026-06-17T10:01:09.547+0800][7.175s][info][gc             ] GC(275) Pause Young (Allocation Failure) 49M->42M(58M) 3.026ms
[2026-06-17T10:01:09.547+0800][7.175s][info][gc,cpu         ] GC(275) User=0.00s Sys=0.00s Real=0.00s
[2026-06-17T10:01:09.569+0800][7.196s][info][gc,start       ] GC(276) Pause Young (Allocation Failure)
[2026-06-17T10:01:09.570+0800][7.198s][info][gc,heap        ] GC(276) PSYoungGen: 13854K(15360K)->4550K(13824K) Eden: 9194K(9216K)->0K(9216K) From: 4659K(6144K)->4550K(4608K)
[2026-06-17T10:01:09.571+0800][7.198s][info][gc,heap        ] GC(276) ParOldGen: 39246K(44032K)->41432K(44032K)
[2026-06-17T10:01:09.571+0800][7.199s][info][gc,metaspace   ] GC(276) Metaspace: 110K(320K)->110K(320K) NonClass: 103K(192K)->103K(192K) Class: 7K(128K)->7K(128K)
[2026-06-17T10:01:09.571+0800][7.199s][info][gc             ] GC(276) Pause Young (Allocation Failure) 51M->44M(56M) 2.462ms
[2026-06-17T10:01:09.571+0800][7.199s][info][gc,cpu         ] GC(276) User=0.00s Sys=0.00s Real=0.01s
[2026-06-17T10:01:09.593+0800][7.220s][info][gc,start       ] GC(277) Pause Full (Ergonomics)
[2026-06-17T10:01:09.593+0800][7.221s][info][gc,phases,start] GC(277) Marking Phase
[2026-06-17T10:01:09.595+0800][7.223s][info][gc,phases      ] GC(277) Marking Phase 2.016ms
[2026-06-17T10:01:09.595+0800][7.223s][info][gc,phases,start] GC(277) Summary Phase
[2026-06-17T10:01:09.596+0800][7.223s][info][gc,phases      ] GC(277) Summary Phase 0.236ms
[2026-06-17T10:01:09.596+0800][7.224s][info][gc,phases,start] GC(277) Adjust Roots
[2026-06-17T10:01:09.596+0800][7.224s][info][gc,phases      ] GC(277) Adjust Roots 0.357ms
[2026-06-17T10:01:09.596+0800][7.224s][info][gc,phases,start] GC(277) Compaction Phase
[2026-06-17T10:01:09.599+0800][7.227s][info][gc,phases      ] GC(277) Compaction Phase 2.538ms
[2026-06-17T10:01:09.600+0800][7.227s][info][gc,phases,start] GC(277) Post Compact
[2026-06-17T10:01:09.602+0800][7.230s][info][gc,phases      ] GC(277) Post Compact 2.374ms
[2026-06-17T10:01:09.602+0800][7.230s][info][gc,heap        ] GC(277) PSYoungGen: 13668K(13824K)->0K(14848K) Eden: 9118K(9216K)->0K(8192K) From: 4550K(4608K)->0K(6656K)
[2026-06-17T10:01:09.603+0800][7.231s][info][gc,heap        ] GC(277) ParOldGen: 41432K(44032K)->30146K(44032K)
[2026-06-17T10:01:09.603+0800][7.231s][info][gc,metaspace   ] GC(277) Metaspace: 110K(320K)->110K(320K) NonClass: 103K(192K)->103K(192K) Class: 7K(128K)->7K(128K)
[2026-06-17T10:01:09.604+0800][7.231s][info][gc             ] GC(277) Pause Full (Ergonomics) 53M->29M(57M) 11.007ms
[2026-06-17T10:01:09.604+0800][7.232s][info][gc,cpu         ] GC(277) User=0.01s Sys=0.00s Real=0.01s
[2026-06-17T10:01:09.636+0800][7.264s][info][gc,start       ] GC(278) Pause Young (Allocation Failure)
[2026-06-17T10:01:09.637+0800][7.265s][info][gc,heap        ] GC(278) PSYoungGen: 8167K(14848K)->1115K(14848K) Eden: 8167K(8192K)->0K(8192K) From: 0K(6656K)->1115K(6656K)
[2026-06-17T10:01:09.637+0800][7.265s][info][gc,heap        ] GC(278) ParOldGen: 30146K(44032K)->30146K(44032K)
[2026-06-17T10:01:09.637+0800][7.265s][info][gc,metaspace   ] GC(278) Metaspace: 110K(320K)->110K(320K) NonClass: 103K(192K)->103K(192K) Class: 7K(128K)->7K(128K)
[2026-06-17T10:01:09.638+0800][7.266s][info][gc             ] GC(278) Pause Young (Allocation Failure) 37M->30M(57M) 2.042ms
[2026-06-17T10:01:09.638+0800][7.266s][info][gc,cpu         ] GC(278) User=0.00s Sys=0.00s Real=0.00s
[2026-06-17T10:01:09.649+0800][7.277s][info][gc,start       ] GC(279) Pause Young (Allocation Failure)
[2026-06-17T10:01:09.650+0800][7.278s][info][gc,heap        ] GC(279) PSYoungGen: 9305K(14848K)->4526K(14848K) Eden: 8190K(8192K)->0K(8192K) From: 1115K(6656K)->4526K(6656K)
[2026-06-17T10:01:09.651+0800][7.279s][info][gc,heap        ] GC(279) ParOldGen: 30146K(44032K)->31229K(44032K)
[2026-06-17T10:01:09.651+0800][7.279s][info][gc,metaspace   ] GC(279) Metaspace: 110K(320K)->110K(320K) NonClass: 103K(192K)->103K(192K) Class: 7K(128K)->7K(128K)
[2026-06-17T10:01:09.651+0800][7.279s][info][gc             ] GC(279) Pause Young (Allocation Failure) 38M->34M(57M) 1.866ms
[2026-06-17T10:01:09.651+0800][7.279s][info][gc,cpu         ] GC(279) User=0.00s Sys=0.00s Real=0.01s
[2026-06-17T10:01:09.673+0800][7.301s][info][gc,start       ] GC(280) Pause Young (Allocation Failure)
[2026-06-17T10:01:09.674+0800][7.302s][info][gc,heap        ] GC(280) PSYoungGen: 12718K(14848K)->32K(8704K) Eden: 8192K(8192K)->0K(8192K) From: 4526K(6656K)->32K(512K)
[2026-06-17T10:01:09.675+0800][7.302s][info][gc,heap        ] GC(280) ParOldGen: 31229K(44032K)->33235K(44032K)
[2026-06-17T10:01:09.675+0800][7.303s][info][gc,metaspace   ] GC(280) Metaspace: 110K(320K)->110K(320K) NonClass: 103K(192K)->103K(192K) Class: 7K(128K)->7K(128K)
[2026-06-17T10:01:09.676+0800][7.303s][info][gc             ] GC(280) Pause Young (Allocation Failure) 42M->32M(51M) 2.474ms
[2026-06-17T10:01:09.676+0800][7.303s][info][gc,cpu         ] GC(280) User=0.01s Sys=0.00s Real=0.00s
[2026-06-17T10:01:09.698+0800][7.325s][info][gc,start       ] GC(281) Pause Young (Allocation Failure)
[2026-06-17T10:01:09.700+0800][7.328s][info][gc,heap        ] GC(281) PSYoungGen: 8203K(8704K)->4921K(14336K) Eden: 8171K(8192K)->0K(7168K) From: 32K(512K)->4921K(7168K)
[2026-06-17T10:01:09.701+0800][7.329s][info][gc,heap        ] GC(281) ParOldGen: 33235K(44032K)->33243K(44032K)
[2026-06-17T10:01:09.704+0800][7.332s][info][gc,metaspace   ] GC(281) Metaspace: 110K(320K)->110K(320K) NonClass: 103K(192K)->103K(192K) Class: 7K(128K)->7K(128K)
[2026-06-17T10:01:09.706+0800][7.334s][info][gc             ] GC(281) Pause Young (Allocation Failure) 40M->37M(57M) 8.697ms
[2026-06-17T10:01:09.708+0800][7.336s][info][gc,cpu         ] GC(281) User=0.00s Sys=0.00s Real=0.01s
[2026-06-17T10:01:09.731+0800][7.359s][info][gc,start       ] GC(282) Pause Young (Allocation Failure)
[2026-06-17T10:01:09.732+0800][7.360s][info][gc,heap        ] GC(282) PSYoungGen: 12077K(14336K)->3111K(14336K) Eden: 7156K(7168K)->0K(7168K) From: 4921K(7168K)->3111K(7168K)
[2026-06-17T10:01:09.732+0800][7.360s][info][gc,heap        ] GC(282) ParOldGen: 33243K(44032K)->35112K(44032K)
[2026-06-17T10:01:09.733+0800][7.360s][info][gc,metaspace   ] GC(282) Metaspace: 110K(320K)->110K(320K) NonClass: 103K(192K)->103K(192K) Class: 7K(128K)->7K(128K)
[2026-06-17T10:01:09.733+0800][7.361s][info][gc             ] GC(282) Pause Young (Allocation Failure) 44M->37M(57M) 1.950ms
[2026-06-17T10:01:09.733+0800][7.361s][info][gc,cpu         ] GC(282) User=0.00s Sys=0.00s Real=0.00s
[2026-06-17T10:01:09.754+0800][7.382s][info][gc,start       ] GC(283) Pause Young (Allocation Failure)
[2026-06-17T10:01:09.755+0800][7.383s][info][gc,heap        ] GC(283) PSYoungGen: 10244K(14336K)->1393K(14336K) Eden: 7133K(7168K)->0K(7168K) From: 3111K(7168K)->1393K(7168K)
[2026-06-17T10:01:09.755+0800][7.383s][info][gc,heap        ] GC(283) ParOldGen: 35112K(44032K)->37203K(44032K)
[2026-06-17T10:01:09.756+0800][7.383s][info][gc,metaspace   ] GC(283) Metaspace: 110K(320K)->110K(320K) NonClass: 103K(192K)->103K(192K) Class: 7K(128K)->7K(128K)
[2026-06-17T10:01:09.756+0800][7.384s][info][gc             ] GC(283) Pause Young (Allocation Failure) 44M->37M(57M) 1.497ms
[2026-06-17T10:01:09.756+0800][7.384s][info][gc,cpu         ] GC(283) User=0.00s Sys=0.00s Real=0.00s
[2026-06-17T10:01:09.778+0800][7.405s][info][gc,start       ] GC(284) Pause Young (Allocation Failure)
[2026-06-17T10:01:09.778+0800][7.406s][info][gc,heap        ] GC(284) PSYoungGen: 8560K(14336K)->1886K(14336K) Eden: 7167K(7168K)->0K(7168K) From: 1393K(7168K)->1886K(7168K)
[2026-06-17T10:01:09.779+0800][7.406s][info][gc,heap        ] GC(284) ParOldGen: 37203K(44032K)->37203K(44032K)
[2026-06-17T10:01:09.779+0800][7.407s][info][gc,metaspace   ] GC(284) Metaspace: 110K(320K)->110K(320K) NonClass: 103K(192K)->103K(192K) Class: 7K(128K)->7K(128K)
[2026-06-17T10:01:09.779+0800][7.407s][info][gc             ] GC(284) Pause Young (Allocation Failure) 44M->38M(57M) 1.569ms
[2026-06-17T10:01:09.779+0800][7.407s][info][gc,cpu         ] GC(284) User=0.00s Sys=0.00s Real=0.00s
[2026-06-17T10:01:09.790+0800][7.418s][info][gc,start       ] GC(285) Pause Young (Allocation Failure)
[2026-06-17T10:01:09.790+0800][7.418s][info][gc,heap        ] GC(285) PSYoungGen: 8795K(14336K)->32K(13824K) Eden: 6909K(7168K)->0K(7168K) From: 1886K(7168K)->32K(6656K)
[2026-06-17T10:01:09.791+0800][7.418s][info][gc,heap        ] GC(285) ParOldGen: 37203K(44032K)->38847K(44032K)
[2026-06-17T10:01:09.791+0800][7.418s][info][gc,metaspace   ] GC(285) Metaspace: 110K(320K)->110K(320K) NonClass: 103K(192K)->103K(192K) Class: 7K(128K)->7K(128K)
[2026-06-17T10:01:09.791+0800][7.418s][info][gc             ] GC(285) Pause Young (Allocation Failure) 44M->37M(56M) 0.836ms
[2026-06-17T10:01:09.791+0800][7.419s][info][gc,cpu         ] GC(285) User=0.00s Sys=0.00s Real=0.01s
[2026-06-17T10:01:09.812+0800][7.439s][info][gc,start       ] GC(286) Pause Young (Allocation Failure)
[2026-06-17T10:01:09.813+0800][7.440s][info][gc,heap        ] GC(286) PSYoungGen: 7186K(13824K)->3875K(14336K) Eden: 7154K(7168K)->0K(7168K) From: 32K(6656K)->3875K(7168K)
[2026-06-17T10:01:09.813+0800][7.441s][info][gc,heap        ] GC(286) ParOldGen: 38847K(44032K)->38855K(44032K)
[2026-06-17T10:01:09.813+0800][7.441s][info][gc,metaspace   ] GC(286) Metaspace: 110K(320K)->110K(320K) NonClass: 103K(192K)->103K(192K) Class: 7K(128K)->7K(128K)
[2026-06-17T10:01:09.813+0800][7.441s][info][gc             ] GC(286) Pause Young (Allocation Failure) 44M->41M(57M) 1.611ms
[2026-06-17T10:01:09.814+0800][7.441s][info][gc,cpu         ] GC(286) User=0.00s Sys=0.00s Real=0.00s
[2026-06-17T10:01:09.835+0800][7.462s][info][gc,start       ] GC(287) Pause Young (Allocation Failure)
[2026-06-17T10:01:09.836+0800][7.464s][info][gc,heap        ] GC(287) PSYoungGen: 11026K(14336K)->4053K(14336K) Eden: 7151K(7168K)->0K(7168K) From: 3875K(7168K)->4053K(7168K)
[2026-06-17T10:01:09.837+0800][7.464s][info][gc,heap        ] GC(287) ParOldGen: 38855K(44032K)->38855K(44032K)
[2026-06-17T10:01:09.837+0800][7.465s][info][gc,metaspace   ] GC(287) Metaspace: 110K(320K)->110K(320K) NonClass: 103K(192K)->103K(192K) Class: 7K(128K)->7K(128K)
[2026-06-17T10:01:09.837+0800][7.465s][info][gc             ] GC(287) Pause Young (Allocation Failure) 48M->41M(57M) 2.650ms
[2026-06-17T10:01:09.838+0800][7.465s][info][gc,cpu         ] GC(287) User=0.00s Sys=0.00s Real=0.00s
[2026-06-17T10:01:09.849+0800][7.476s][info][gc,start       ] GC(288) Pause Young (Allocation Failure)
[2026-06-17T10:01:09.850+0800][7.478s][info][gc,heap        ] GC(288) PSYoungGen: 11206K(14336K)->5357K(14336K) Eden: 7153K(7168K)->0K(7168K) From: 4053K(7168K)->5357K(7168K)
[2026-06-17T10:01:09.850+0800][7.478s][info][gc,heap        ] GC(288) ParOldGen: 38855K(44032K)->41137K(44032K)
[2026-06-17T10:01:09.851+0800][7.478s][info][gc,metaspace   ] GC(288) Metaspace: 110K(320K)->110K(320K) NonClass: 103K(192K)->103K(192K) Class: 7K(128K)->7K(128K)
[2026-06-17T10:01:09.851+0800][7.479s][info][gc             ] GC(288) Pause Young (Allocation Failure) 48M->45M(57M) 2.324ms
[2026-06-17T10:01:09.851+0800][7.479s][info][gc,cpu         ] GC(288) User=0.00s Sys=0.00s Real=0.01s
[2026-06-17T10:01:09.873+0800][7.500s][info][gc,start       ] GC(289) Pause Full (Ergonomics)
[2026-06-17T10:01:09.873+0800][7.501s][info][gc,phases,start] GC(289) Marking Phase
[2026-06-17T10:01:09.875+0800][7.503s][info][gc,phases      ] GC(289) Marking Phase 2.034ms
[2026-06-17T10:01:09.876+0800][7.503s][info][gc,phases,start] GC(289) Summary Phase
[2026-06-17T10:01:09.876+0800][7.504s][info][gc,phases      ] GC(289) Summary Phase 0.314ms
[2026-06-17T10:01:09.876+0800][7.504s][info][gc,phases,start] GC(289) Adjust Roots
[2026-06-17T10:01:09.876+0800][7.504s][info][gc,phases      ] GC(289) Adjust Roots 0.319ms
[2026-06-17T10:01:09.877+0800][7.504s][info][gc,phases,start] GC(289) Compaction Phase
[2026-06-17T10:01:09.879+0800][7.506s][info][gc,phases      ] GC(289) Compaction Phase 2.003ms
[2026-06-17T10:01:09.879+0800][7.507s][info][gc,phases,start] GC(289) Post Compact
[2026-06-17T10:01:09.879+0800][7.507s][info][gc,phases      ] GC(289) Post Compact 0.342ms
[2026-06-17T10:01:09.880+0800][7.507s][info][gc,heap        ] GC(289) PSYoungGen: 12508K(14336K)->0K(14336K) Eden: 7151K(7168K)->0K(7168K) From: 5357K(7168K)->0K(7168K)
[2026-06-17T10:01:09.880+0800][7.507s][info][gc,heap        ] GC(289) ParOldGen: 41137K(44032K)->27024K(44032K)
[2026-06-17T10:01:09.880+0800][7.508s][info][gc,metaspace   ] GC(289) Metaspace: 110K(320K)->110K(320K) NonClass: 103K(192K)->103K(192K) Class: 7K(128K)->7K(128K)
[2026-06-17T10:01:09.880+0800][7.508s][info][gc             ] GC(289) Pause Full (Ergonomics) 52M->26M(57M) 7.300ms
[2026-06-17T10:01:09.880+0800][7.508s][info][gc,cpu         ] GC(289) User=0.01s Sys=0.00s Real=0.00s
[2026-06-17T10:01:09.901+0800][7.529s][info][gc,start       ] GC(290) Pause Young (Allocation Failure)
[2026-06-17T10:01:09.903+0800][7.530s][info][gc,heap        ] GC(290) PSYoungGen: 7111K(14336K)->3573K(14336K) Eden: 7111K(7168K)->0K(7168K) From: 0K(7168K)->3573K(7168K)
[2026-06-17T10:01:09.903+0800][7.531s][info][gc,heap        ] GC(290) ParOldGen: 27024K(44032K)->27024K(44032K)
[2026-06-17T10:01:09.903+0800][7.531s][info][gc,metaspace   ] GC(290) Metaspace: 110K(320K)->110K(320K) NonClass: 103K(192K)->103K(192K) Class: 7K(128K)->7K(128K)
[2026-06-17T10:01:09.904+0800][7.531s][info][gc             ] GC(290) Pause Young (Allocation Failure) 33M->29M(57M) 2.277ms
[2026-06-17T10:01:09.904+0800][7.532s][info][gc,cpu         ] GC(290) User=0.00s Sys=0.00s Real=0.01s
[2026-06-17T10:01:09.915+0800][7.543s][info][gc,start       ] GC(291) Pause Young (Allocation Failure)
[2026-06-17T10:01:09.917+0800][7.545s][info][gc,heap        ] GC(291) PSYoungGen: 10715K(14336K)->4522K(14336K) Eden: 7141K(7168K)->0K(7168K) From: 3573K(7168K)->4522K(7168K)
[2026-06-17T10:01:09.918+0800][7.545s][info][gc,heap        ] GC(291) ParOldGen: 27024K(44032K)->29783K(44032K)
[2026-06-17T10:01:09.918+0800][7.546s][info][gc,metaspace   ] GC(291) Metaspace: 110K(320K)->110K(320K) NonClass: 103K(192K)->103K(192K) Class: 7K(128K)->7K(128K)
[2026-06-17T10:01:09.918+0800][7.546s][info][gc             ] GC(291) Pause Young (Allocation Failure) 36M->33M(57M) 3.165ms
[2026-06-17T10:01:09.919+0800][7.546s][info][gc,cpu         ] GC(291) User=0.01s Sys=0.00s Real=0.00s
[2026-06-17T10:01:09.941+0800][7.568s][info][gc,start       ] GC(292) Pause Young (Allocation Failure)
[2026-06-17T10:01:09.942+0800][7.570s][info][gc,heap        ] GC(292) PSYoungGen: 11658K(14336K)->2584K(14336K) Eden: 7136K(7168K)->0K(7168K) From: 4522K(7168K)->2584K(7168K)
[2026-06-17T10:01:09.942+0800][7.570s][info][gc,heap        ] GC(292) ParOldGen: 29783K(44032K)->31746K(44032K)
[2026-06-17T10:01:09.943+0800][7.571s][info][gc,metaspace   ] GC(292) Metaspace: 110K(320K)->110K(320K) NonClass: 103K(192K)->103K(192K) Class: 7K(128K)->7K(128K)
[2026-06-17T10:01:09.943+0800][7.571s][info][gc             ] GC(292) Pause Young (Allocation Failure) 40M->33M(57M) 2.808ms
[2026-06-17T10:01:09.944+0800][7.571s][info][gc,cpu         ] GC(292) User=0.00s Sys=0.00s Real=0.01s
[2026-06-17T10:01:09.965+0800][7.593s][info][gc,start       ] GC(293) Pause Young (Allocation Failure)
[2026-06-17T10:01:09.967+0800][7.594s][info][gc,heap        ] GC(293) PSYoungGen: 9752K(14336K)->2905K(14848K) Eden: 7168K(7168K)->0K(7680K) From: 2584K(7168K)->2905K(7168K)
[2026-06-17T10:01:09.967+0800][7.595s][info][gc,heap        ] GC(293) ParOldGen: 31746K(44032K)->31746K(44032K)
[2026-06-17T10:01:09.967+0800][7.595s][info][gc,metaspace   ] GC(293) Metaspace: 110K(320K)->110K(320K) NonClass: 103K(192K)->103K(192K) Class: 7K(128K)->7K(128K)
[2026-06-17T10:01:09.968+0800][7.595s][info][gc             ] GC(293) Pause Young (Allocation Failure) 40M->33M(57M) 2.443ms
[2026-06-17T10:01:09.968+0800][7.596s][info][gc,cpu         ] GC(293) User=0.00s Sys=0.00s Real=0.00s
[2026-06-17T10:01:09.990+0800][7.618s][info][gc,start       ] GC(294) Pause Young (Allocation Failure)
[2026-06-17T10:01:09.992+0800][7.619s][info][gc,heap        ] GC(294) PSYoungGen: 10569K(14848K)->1821K(14336K) Eden: 7663K(7680K)->0K(7680K) From: 2905K(7168K)->1821K(6656K)
[2026-06-17T10:01:09.992+0800][7.620s][info][gc,heap        ] GC(294) ParOldGen: 31746K(44032K)->33297K(44032K)
[2026-06-17T10:01:10.049+0800][7.677s][info][gc,metaspace   ] GC(294) Metaspace: 110K(320K)->110K(320K) NonClass: 103K(192K)->103K(192K) Class: 7K(128K)->7K(128K)
[2026-06-17T10:01:10.051+0800][7.678s][info][gc             ] GC(294) Pause Young (Allocation Failure) 41M->34M(57M) 60.426ms
[2026-06-17T10:01:10.051+0800][7.679s][info][gc,cpu         ] GC(294) User=0.00s Sys=0.00s Real=0.07s
[2026-06-17T10:01:10.074+0800][7.701s][info][gc,start       ] GC(295) Pause Young (Allocation Failure)
[2026-06-17T10:01:10.117+0800][7.745s][info][gc,heap        ] GC(295) PSYoungGen: 9481K(14336K)->1191K(14848K) Eden: 7659K(7680K)->0K(8192K) From: 1821K(6656K)->1191K(6656K)
[2026-06-17T10:01:10.119+0800][7.746s][info][gc,heap        ] GC(295) ParOldGen: 33297K(44032K)->35015K(44032K)
[2026-06-17T10:01:10.119+0800][7.747s][info][gc,metaspace   ] GC(295) Metaspace: 110K(320K)->110K(320K) NonClass: 103K(192K)->103K(192K) Class: 7K(128K)->7K(128K)
[2026-06-17T10:01:10.120+0800][7.748s][info][gc             ] GC(295) Pause Young (Allocation Failure) 41M->35M(57M) 46.348ms
[2026-06-17T10:01:10.120+0800][7.748s][info][gc,cpu         ] GC(295) User=0.00s Sys=0.00s Real=0.04s
[2026-06-17T10:01:10.132+0800][7.760s][info][gc,start       ] GC(296) Pause Young (Allocation Failure)
[2026-06-17T10:01:10.134+0800][7.761s][info][gc,heap        ] GC(296) PSYoungGen: 9380K(14848K)->5747K(14336K) Eden: 8189K(8192K)->0K(8192K) From: 1191K(6656K)->5747K(6144K)
[2026-06-17T10:01:10.134+0800][7.762s][info][gc,heap        ] GC(296) ParOldGen: 35015K(44032K)->35015K(44032K)
[2026-06-17T10:01:10.135+0800][7.762s][info][gc,metaspace   ] GC(296) Metaspace: 110K(320K)->110K(320K) NonClass: 103K(192K)->103K(192K) Class: 7K(128K)->7K(128K)
[2026-06-17T10:01:10.135+0800][7.763s][info][gc             ] GC(296) Pause Young (Allocation Failure) 43M->39M(57M) 2.958ms
[2026-06-17T10:01:10.136+0800][7.763s][info][gc,cpu         ] GC(296) User=0.01s Sys=0.00s Real=0.00s
[2026-06-17T10:01:10.157+0800][7.785s][info][gc,start       ] GC(297) Pause Young (Allocation Failure)
[2026-06-17T10:01:10.161+0800][7.789s][info][gc,heap        ] GC(297) PSYoungGen: 13890K(14336K)->851K(14336K) Eden: 8143K(8192K)->0K(7168K) From: 5747K(6144K)->851K(7168K)
[2026-06-17T10:01:10.162+0800][7.790s][info][gc,heap        ] GC(297) ParOldGen: 35015K(44032K)->37255K(44032K)
[2026-06-17T10:01:10.164+0800][7.792s][info][gc,metaspace   ] GC(297) Metaspace: 110K(320K)->110K(320K) NonClass: 103K(192K)->103K(192K) Class: 7K(128K)->7K(128K)
[2026-06-17T10:01:10.165+0800][7.793s][info][gc             ] GC(297) Pause Young (Allocation Failure) 47M->37M(57M) 7.596ms
[2026-06-17T10:01:10.168+0800][7.796s][info][gc,cpu         ] GC(297) User=0.00s Sys=0.00s Real=0.01s
[2026-06-17T10:01:10.193+0800][7.821s][info][gc,start       ] GC(298) Pause Young (Allocation Failure)
[2026-06-17T10:01:10.195+0800][7.823s][info][gc,heap        ] GC(298) PSYoungGen: 8004K(14336K)->3736K(14336K) Eden: 7153K(7168K)->0K(7168K) From: 851K(7168K)->3736K(7168K)
[2026-06-17T10:01:10.195+0800][7.823s][info][gc,heap        ] GC(298) ParOldGen: 37255K(44032K)->38082K(44032K)
[2026-06-17T10:01:10.196+0800][7.824s][info][gc,metaspace   ] GC(298) Metaspace: 110K(320K)->110K(320K) NonClass: 103K(192K)->103K(192K) Class: 7K(128K)->7K(128K)
[2026-06-17T10:01:10.196+0800][7.824s][info][gc             ] GC(298) Pause Young (Allocation Failure) 44M->40M(57M) 2.912ms
[2026-06-17T10:01:10.197+0800][7.824s][info][gc,cpu         ] GC(298) User=0.00s Sys=0.00s Real=0.00s
[2026-06-17T10:01:10.219+0800][7.846s][info][gc,start       ] GC(299) Pause Young (Allocation Failure)
[2026-06-17T10:01:10.221+0800][7.848s][info][gc,heap        ] GC(299) PSYoungGen: 10877K(14336K)->1726K(14336K) Eden: 7140K(7168K)->0K(7168K) From: 3736K(7168K)->1726K(7168K)
[2026-06-17T10:01:10.223+0800][7.851s][info][gc,heap        ] GC(299) ParOldGen: 38082K(44032K)->40159K(44032K)
[2026-06-17T10:01:10.223+0800][7.851s][info][gc,metaspace   ] GC(299) Metaspace: 110K(320K)->110K(320K) NonClass: 103K(192K)->103K(192K) Class: 7K(128K)->7K(128K)
[2026-06-17T10:01:10.224+0800][7.852s][info][gc             ] GC(299) Pause Young (Allocation Failure) 47M->40M(57M) 5.190ms
[2026-06-17T10:01:10.224+0800][7.852s][info][gc,cpu         ] GC(299) User=0.00s Sys=0.00s Real=0.01s
[2026-06-17T10:01:10.246+0800][7.874s][info][gc,start       ] GC(300) Pause Young (Allocation Failure)
[2026-06-17T10:01:10.247+0800][7.875s][info][gc,heap        ] GC(300) PSYoungGen: 8862K(14336K)->575K(14336K) Eden: 7136K(7168K)->0K(7168K) From: 1726K(7168K)->575K(7168K)
[2026-06-17T10:01:10.248+0800][7.876s][info][gc,heap        ] GC(300) ParOldGen: 40159K(44032K)->41671K(44032K)
[2026-06-17T10:01:10.248+0800][7.876s][info][gc,metaspace   ] GC(300) Metaspace: 110K(320K)->110K(320K) NonClass: 103K(192K)->103K(192K) Class: 7K(128K)->7K(128K)
[2026-06-17T10:01:10.249+0800][7.876s][info][gc             ] GC(300) Pause Young (Allocation Failure) 47M->41M(57M) 2.614ms
[2026-06-17T10:01:10.249+0800][7.877s][info][gc,cpu         ] GC(300) User=0.00s Sys=0.00s Real=0.00s
[2026-06-17T10:01:10.260+0800][7.888s][info][gc,start       ] GC(301) Pause Full (Ergonomics)
[2026-06-17T10:01:10.261+0800][7.889s][info][gc,phases,start] GC(301) Marking Phase
[2026-06-17T10:01:10.262+0800][7.890s][info][gc,phases      ] GC(301) Marking Phase 1.304ms
[2026-06-17T10:01:10.263+0800][7.890s][info][gc,phases,start] GC(301) Summary Phase
[2026-06-17T10:01:10.263+0800][7.891s][info][gc,phases      ] GC(301) Summary Phase 0.412ms
[2026-06-17T10:01:10.263+0800][7.891s][info][gc,phases,start] GC(301) Adjust Roots
[2026-06-17T10:01:10.264+0800][7.892s][info][gc,phases      ] GC(301) Adjust Roots 0.469ms
[2026-06-17T10:01:10.264+0800][7.892s][info][gc,phases,start] GC(301) Compaction Phase
[2026-06-17T10:01:10.267+0800][7.895s][info][gc,phases      ] GC(301) Compaction Phase 2.544ms
[2026-06-17T10:01:10.267+0800][7.895s][info][gc,phases,start] GC(301) Post Compact
[2026-06-17T10:01:10.268+0800][7.895s][info][gc,phases      ] GC(301) Post Compact 0.487ms
[2026-06-17T10:01:10.268+0800][7.896s][info][gc,heap        ] GC(301) PSYoungGen: 7695K(14336K)->0K(14336K) Eden: 7119K(7168K)->0K(7168K) From: 575K(7168K)->0K(7168K)
[2026-06-17T10:01:10.269+0800][7.896s][info][gc,heap        ] GC(301) ParOldGen: 41671K(44032K)->32754K(44032K)
[2026-06-17T10:01:10.269+0800][7.897s][info][gc,metaspace   ] GC(301) Metaspace: 110K(320K)->110K(320K) NonClass: 103K(192K)->103K(192K) Class: 7K(128K)->7K(128K)
[2026-06-17T10:01:10.269+0800][7.897s][info][gc             ] GC(301) Pause Full (Ergonomics) 48M->31M(57M) 8.870ms
[2026-06-17T10:01:10.270+0800][7.897s][info][gc,cpu         ] GC(301) User=0.00s Sys=0.00s Real=0.01s
[2026-06-17T10:01:10.291+0800][7.919s][info][gc,start       ] GC(302) Pause Young (Allocation Failure)
[2026-06-17T10:01:10.292+0800][7.920s][info][gc,heap        ] GC(302) PSYoungGen: 7141K(14336K)->3779K(14336K) Eden: 7141K(7168K)->0K(7168K) From: 0K(7168K)->3779K(7168K)
[2026-06-17T10:01:10.293+0800][7.920s][info][gc,heap        ] GC(302) ParOldGen: 32754K(44032K)->32754K(44032K)
[2026-06-17T10:01:10.293+0800][7.921s][info][gc,metaspace   ] GC(302) Metaspace: 110K(320K)->110K(320K) NonClass: 103K(192K)->103K(192K) Class: 7K(128K)->7K(128K)
[2026-06-17T10:01:10.293+0800][7.921s][info][gc             ] GC(302) Pause Young (Allocation Failure) 38M->35M(57M) 2.264ms
[2026-06-17T10:01:10.294+0800][7.921s][info][gc,cpu         ] GC(302) User=0.00s Sys=0.00s Real=0.00s
[2026-06-17T10:01:10.315+0800][7.943s][info][gc,start       ] GC(303) Pause Young (Allocation Failure)
[2026-06-17T10:01:10.318+0800][7.946s][info][gc,heap        ] GC(303) PSYoungGen: 10943K(14336K)->3085K(14848K) Eden: 7164K(7168K)->0K(7680K) From: 3779K(7168K)->3085K(7168K)
[2026-06-17T10:01:10.323+0800][7.951s][info][gc,heap        ] GC(303) ParOldGen: 32754K(44032K)->33677K(44032K)
[2026-06-17T10:01:10.331+0800][7.958s][info][gc,metaspace   ] GC(303) Metaspace: 110K(320K)->110K(320K) NonClass: 103K(192K)->103K(192K) Class: 7K(128K)->7K(128K)
[2026-06-17T10:01:10.334+0800][7.962s][info][gc             ] GC(303) Pause Young (Allocation Failure) 42M->35M(57M) 18.594ms
[2026-06-17T10:01:10.335+0800][7.963s][info][gc,cpu         ] GC(303) User=0.01s Sys=0.00s Real=0.02s
[2026-06-17T10:01:10.346+0800][7.974s][info][gc,start       ] GC(304) Pause Young (Allocation Failure)
[2026-06-17T10:01:10.354+0800][7.982s][info][gc,heap        ] GC(304) PSYoungGen: 10666K(14848K)->3375K(14336K) Eden: 7580K(7680K)->0K(7680K) From: 3085K(7168K)->3375K(6656K)
[2026-06-17T10:01:10.358+0800][7.986s][info][gc,heap        ] GC(304) ParOldGen: 33677K(44032K)->33677K(44032K)
[2026-06-17T10:01:10.363+0800][7.991s][info][gc,metaspace   ] GC(304) Metaspace: 110K(320K)->110K(320K) NonClass: 103K(192K)->103K(192K) Class: 7K(128K)->7K(128K)
[2026-06-17T10:01:10.368+0800][7.995s][info][gc             ] GC(304) Pause Young (Allocation Failure) 43M->36M(57M) 21.643ms
[2026-06-17T10:01:10.369+0800][7.997s][info][gc,cpu         ] GC(304) User=0.00s Sys=0.00s Real=0.02s
[2026-06-17T10:01:10.402+0800][8.030s][info][gc,start       ] GC(305) Pause Young (Allocation Failure)
[2026-06-17T10:01:10.405+0800][8.033s][info][gc,heap        ] GC(305) PSYoungGen: 11013K(14336K)->4254K(14848K) Eden: 7638K(7680K)->0K(8192K) From: 3375K(6656K)->4254K(6656K)
[2026-06-17T10:01:10.410+0800][8.038s][info][gc,heap        ] GC(305) ParOldGen: 33677K(44032K)->33677K(44032K)
[2026-06-17T10:01:10.410+0800][8.038s][info][gc,metaspace   ] GC(305) Metaspace: 110K(320K)->110K(320K) NonClass: 103K(192K)->103K(192K) Class: 7K(128K)->7K(128K)
[2026-06-17T10:01:10.415+0800][8.043s][info][gc             ] GC(305) Pause Young (Allocation Failure) 43M->37M(57M) 12.824ms
[2026-06-17T10:01:10.420+0800][8.047s][info][gc,cpu         ] GC(305) User=0.00s Sys=0.00s Real=0.02s
[2026-06-17T10:01:10.435+0800][8.063s][info][gc,start       ] GC(306) Pause Young (Allocation Failure)
[2026-06-17T10:01:10.441+0800][8.068s][info][gc,heap        ] GC(306) PSYoungGen: 12416K(14848K)->6527K(14848K) Eden: 8162K(8192K)->0K(8192K) From: 4254K(6656K)->6527K(6656K)
[2026-06-17T10:01:10.444+0800][8.071s][info][gc,heap        ] GC(306) ParOldGen: 33677K(44032K)->36206K(44032K)
[2026-06-17T10:01:10.450+0800][8.077s][info][gc,metaspace   ] GC(306) Metaspace: 110K(320K)->110K(320K) NonClass: 103K(192K)->103K(192K) Class: 7K(128K)->7K(128K)
[2026-06-17T10:01:10.455+0800][8.082s][info][gc             ] GC(306) Pause Young (Allocation Failure) 45M->41M(57M) 19.508ms
[2026-06-17T10:01:10.459+0800][8.087s][info][gc,cpu         ] GC(306) User=0.00s Sys=0.00s Real=0.02s
[2026-06-17T10:01:10.486+0800][8.114s][info][gc,start       ] GC(307) Pause Young (Allocation Failure)
[2026-06-17T10:01:10.488+0800][8.116s][info][gc,heap        ] GC(307) PSYoungGen: 14696K(14848K)->6357K(13824K) Eden: 8169K(8192K)->0K(7168K) From: 6527K(6656K)->6357K(6656K)
[2026-06-17T10:01:10.489+0800][8.117s][info][gc,heap        ] GC(307) ParOldGen: 36206K(44032K)->37298K(44032K)
[2026-06-17T10:01:10.489+0800][8.117s][info][gc,metaspace   ] GC(307) Metaspace: 110K(320K)->110K(320K) NonClass: 103K(192K)->103K(192K) Class: 7K(128K)->7K(128K)
[2026-06-17T10:01:10.490+0800][8.117s][info][gc             ] GC(307) Pause Young (Allocation Failure) 49M->42M(56M) 3.328ms
[2026-06-17T10:01:10.490+0800][8.117s][info][gc,cpu         ] GC(307) User=0.00s Sys=0.00s Real=0.00s
[2026-06-17T10:01:10.512+0800][8.139s][info][gc,start       ] GC(308) Pause Young (Allocation Failure)
[2026-06-17T10:01:10.513+0800][8.140s][info][gc,heap        ] GC(308) PSYoungGen: 13468K(13824K)->3688K(14336K) Eden: 7110K(7168K)->0K(7168K) From: 6357K(6656K)->3688K(7168K)
[2026-06-17T10:01:10.513+0800][8.141s][info][gc,heap        ] GC(308) ParOldGen: 37298K(44032K)->39868K(44032K)
[2026-06-17T10:01:10.513+0800][8.141s][info][gc,metaspace   ] GC(308) Metaspace: 110K(320K)->110K(320K) NonClass: 103K(192K)->103K(192K) Class: 7K(128K)->7K(128K)
[2026-06-17T10:01:10.514+0800][8.142s][info][gc             ] GC(308) Pause Young (Allocation Failure) 49M->42M(57M) 2.658ms
[2026-06-17T10:01:10.515+0800][8.142s][info][gc,cpu         ] GC(308) User=0.01s Sys=0.00s Real=0.00s
[2026-06-17T10:01:10.526+0800][8.153s][info][gc,start       ] GC(309) Pause Young (Allocation Failure)
[2026-06-17T10:01:10.527+0800][8.154s][info][gc,heap        ] GC(309) PSYoungGen: 10852K(14336K)->220K(14336K) Eden: 7164K(7168K)->0K(7168K) From: 3688K(7168K)->220K(7168K)
[2026-06-17T10:01:10.527+0800][8.155s][info][gc,heap        ] GC(309) ParOldGen: 39868K(44032K)->43066K(44032K)
[2026-06-17T10:01:10.527+0800][8.155s][info][gc,metaspace   ] GC(309) Metaspace: 110K(320K)->110K(320K) NonClass: 103K(192K)->103K(192K) Class: 7K(128K)->7K(128K)
[2026-06-17T10:01:10.528+0800][8.156s][info][gc             ] GC(309) Pause Young (Allocation Failure) 49M->42M(57M) 2.097ms
[2026-06-17T10:01:10.528+0800][8.156s][info][gc,cpu         ] GC(309) User=0.00s Sys=0.00s Real=0.00s
[2026-06-17T10:01:10.549+0800][8.177s][info][gc,start       ] GC(310) Pause Full (Ergonomics)
[2026-06-17T10:01:10.550+0800][8.178s][info][gc,phases,start] GC(310) Marking Phase
[2026-06-17T10:01:10.551+0800][8.179s][info][gc,phases      ] GC(310) Marking Phase 1.587ms
[2026-06-17T10:01:10.552+0800][8.180s][info][gc,phases,start] GC(310) Summary Phase
[2026-06-17T10:01:10.553+0800][8.180s][info][gc,phases      ] GC(310) Summary Phase 0.568ms
[2026-06-17T10:01:10.553+0800][8.180s][info][gc,phases,start] GC(310) Adjust Roots
[2026-06-17T10:01:10.553+0800][8.181s][info][gc,phases      ] GC(310) Adjust Roots 0.665ms
[2026-06-17T10:01:10.554+0800][8.181s][info][gc,phases,start] GC(310) Compaction Phase
[2026-06-17T10:01:10.556+0800][8.184s][info][gc,phases      ] GC(310) Compaction Phase 2.179ms
[2026-06-17T10:01:10.557+0800][8.184s][info][gc,phases,start] GC(310) Post Compact
[2026-06-17T10:01:10.557+0800][8.185s][info][gc,phases      ] GC(310) Post Compact 0.565ms
[2026-06-17T10:01:10.558+0800][8.185s][info][gc,heap        ] GC(310) PSYoungGen: 7353K(14336K)->0K(14336K) Eden: 7133K(7168K)->0K(7168K) From: 220K(7168K)->0K(7168K)
[2026-06-17T10:01:10.558+0800][8.186s][info][gc,heap        ] GC(310) ParOldGen: 43066K(44032K)->33822K(44032K)
[2026-06-17T10:01:10.559+0800][8.187s][info][gc,metaspace   ] GC(310) Metaspace: 110K(320K)->110K(320K) NonClass: 103K(192K)->103K(192K) Class: 7K(128K)->7K(128K)
[2026-06-17T10:01:10.559+0800][8.187s][info][gc             ] GC(310) Pause Full (Ergonomics) 49M->33M(57M) 10.213ms
[2026-06-17T10:01:10.560+0800][8.187s][info][gc,cpu         ] GC(310) User=0.00s Sys=0.00s Real=0.01s
[2026-06-17T10:01:10.571+0800][8.199s][info][gc,start       ] GC(311) Pause Young (Allocation Failure)
[2026-06-17T10:01:10.572+0800][8.200s][info][gc,heap        ] GC(311) PSYoungGen: 7094K(14336K)->3332K(14336K) Eden: 7094K(7168K)->0K(7168K) From: 0K(7168K)->3332K(7168K)
[2026-06-17T10:01:10.573+0800][8.200s][info][gc,heap        ] GC(311) ParOldGen: 33822K(44032K)->33822K(44032K)
[2026-06-17T10:01:10.573+0800][8.201s][info][gc,metaspace   ] GC(311) Metaspace: 110K(320K)->110K(320K) NonClass: 103K(192K)->103K(192K) Class: 7K(128K)->7K(128K)
[2026-06-17T10:01:10.574+0800][8.201s][info][gc             ] GC(311) Pause Young (Allocation Failure) 39M->36M(57M) 2.503ms
[2026-06-17T10:01:10.574+0800][8.202s][info][gc,cpu         ] GC(311) User=0.00s Sys=0.00s Real=0.00s
[2026-06-17T10:01:10.595+0800][8.223s][info][gc,start       ] GC(312) Pause Young (Allocation Failure)
[2026-06-17T10:01:10.597+0800][8.225s][info][gc,heap        ] GC(312) PSYoungGen: 10488K(14336K)->3830K(14336K) Eden: 7155K(7168K)->0K(7168K) From: 3332K(7168K)->3830K(7168K)
[2026-06-17T10:01:10.598+0800][8.225s][info][gc,heap        ] GC(312) ParOldGen: 33822K(44032K)->37132K(44032K)
[2026-06-17T10:01:10.598+0800][8.226s][info][gc,metaspace   ] GC(312) Metaspace: 110K(320K)->110K(320K) NonClass: 103K(192K)->103K(192K) Class: 7K(128K)->7K(128K)
[2026-06-17T10:01:10.599+0800][8.227s][info][gc             ] GC(312) Pause Young (Allocation Failure) 43M->40M(57M) 3.629ms
[2026-06-17T10:01:10.600+0800][8.227s][info][gc,cpu         ] GC(312) User=0.00s Sys=0.00s Real=0.00s
[2026-06-17T10:01:10.621+0800][8.249s][info][gc,start       ] GC(313) Pause Young (Allocation Failure)
[2026-06-17T10:01:10.622+0800][8.250s][info][gc,heap        ] GC(313) PSYoungGen: 10943K(14336K)->2996K(14336K) Eden: 7113K(7168K)->0K(7168K) From: 3830K(7168K)->2996K(7168K)
[2026-06-17T10:01:10.623+0800][8.250s][info][gc,heap        ] GC(313) ParOldGen: 37132K(44032K)->37857K(44032K)
[2026-06-17T10:01:10.623+0800][8.251s][info][gc,metaspace   ] GC(313) Metaspace: 110K(320K)->110K(320K) NonClass: 103K(192K)->103K(192K) Class: 7K(128K)->7K(128K)
[2026-06-17T10:01:10.623+0800][8.251s][info][gc             ] GC(313) Pause Young (Allocation Failure) 46M->39M(57M) 1.753ms
[2026-06-17T10:01:10.623+0800][8.251s][info][gc,cpu         ] GC(313) User=0.00s Sys=0.00s Real=0.01s
[2026-06-17T10:01:10.644+0800][8.272s][info][gc,start       ] GC(314) Pause Young (Allocation Failure)
[2026-06-17T10:01:10.646+0800][8.273s][info][gc,heap        ] GC(314) PSYoungGen: 10143K(14336K)->1372K(14336K) Eden: 7147K(7168K)->0K(7168K) From: 2996K(7168K)->1372K(7168K)
[2026-06-17T10:01:10.646+0800][8.274s][info][gc,heap        ] GC(314) ParOldGen: 37857K(44032K)->39697K(44032K)
[2026-06-17T10:01:10.647+0800][8.275s][info][gc,metaspace   ] GC(314) Metaspace: 110K(320K)->110K(320K) NonClass: 103K(192K)->103K(192K) Class: 7K(128K)->7K(128K)
[2026-06-17T10:01:10.648+0800][8.276s][info][gc             ] GC(314) Pause Young (Allocation Failure) 46M->40M(57M) 3.671ms
[2026-06-17T10:01:10.650+0800][8.278s][info][gc,cpu         ] GC(314) User=0.00s Sys=0.00s Real=0.00s
[2026-06-17T10:01:10.662+0800][8.289s][info][gc,start       ] GC(315) Pause Young (Allocation Failure)
[2026-06-17T10:01:10.663+0800][8.291s][info][gc,heap        ] GC(315) PSYoungGen: 8480K(14336K)->5072K(14336K) Eden: 7108K(7168K)->0K(7168K) From: 1372K(7168K)->5072K(7168K)
[2026-06-17T10:01:10.663+0800][8.291s][info][gc,heap        ] GC(315) ParOldGen: 39697K(44032K)->39697K(44032K)
[2026-06-17T10:01:10.664+0800][8.292s][info][gc,metaspace   ] GC(315) Metaspace: 110K(320K)->110K(320K) NonClass: 103K(192K)->103K(192K) Class: 7K(128K)->7K(128K)
[2026-06-17T10:01:10.664+0800][8.292s][info][gc             ] GC(315) Pause Young (Allocation Failure) 47M->43M(57M) 2.458ms
[2026-06-17T10:01:10.665+0800][8.292s][info][gc,cpu         ] GC(315) User=0.00s Sys=0.00s Real=0.01s
[2026-06-17T10:01:10.686+0800][8.314s][info][gc,start       ] GC(316) Pause Young (Allocation Failure)
[2026-06-17T10:01:10.694+0800][8.321s][info][gc,heap        ] GC(316) PSYoungGen: 12231K(14336K)->3406K(14336K) Eden: 7158K(7168K)->0K(7168K) From: 5072K(7168K)->3406K(7168K)
[2026-06-17T10:01:10.698+0800][8.326s][info][gc,heap        ] GC(316) ParOldGen: 39697K(44032K)->41634K(44032K)
[2026-06-17T10:01:10.700+0800][8.328s][info][gc,metaspace   ] GC(316) Metaspace: 110K(320K)->110K(320K) NonClass: 103K(192K)->103K(192K) Class: 7K(128K)->7K(128K)
[2026-06-17T10:01:10.700+0800][8.328s][info][gc             ] GC(316) Pause Young (Allocation Failure) 50M->43M(57M) 14.364ms
[2026-06-17T10:01:10.701+0800][8.329s][info][gc,cpu         ] GC(316) User=0.01s Sys=0.00s Real=0.01s
[2026-06-17T10:01:10.723+0800][8.350s][info][gc,start       ] GC(317) Pause Full (Ergonomics)
[2026-06-17T10:01:10.723+0800][8.351s][info][gc,phases,start] GC(317) Marking Phase
[2026-06-17T10:01:10.725+0800][8.353s][info][gc,phases      ] GC(317) Marking Phase 2.021ms
[2026-06-17T10:01:10.729+0800][8.356s][info][gc,phases,start] GC(317) Summary Phase
[2026-06-17T10:01:10.733+0800][8.361s][info][gc,phases      ] GC(317) Summary Phase 4.140ms
[2026-06-17T10:01:10.735+0800][8.362s][info][gc,phases,start] GC(317) Adjust Roots
[2026-06-17T10:01:10.739+0800][8.367s][info][gc,phases      ] GC(317) Adjust Roots 4.272ms
[2026-06-17T10:01:10.740+0800][8.368s][info][gc,phases,start] GC(317) Compaction Phase
[2026-06-17T10:01:10.743+0800][8.371s][info][gc,phases      ] GC(317) Compaction Phase 2.501ms
[2026-06-17T10:01:10.744+0800][8.372s][info][gc,phases,start] GC(317) Post Compact
[2026-06-17T10:01:10.747+0800][8.374s][info][gc,phases      ] GC(317) Post Compact 2.231ms
[2026-06-17T10:01:10.747+0800][8.375s][info][gc,heap        ] GC(317) PSYoungGen: 10561K(14336K)->0K(14336K) Eden: 7154K(7168K)->0K(7168K) From: 3406K(7168K)->0K(7168K)
[2026-06-17T10:01:10.747+0800][8.375s][info][gc,heap        ] GC(317) ParOldGen: 41634K(44032K)->26072K(44032K)
[2026-06-17T10:01:10.747+0800][8.375s][info][gc,metaspace   ] GC(317) Metaspace: 110K(320K)->110K(320K) NonClass: 103K(192K)->103K(192K) Class: 7K(128K)->7K(128K)
[2026-06-17T10:01:10.747+0800][8.375s][info][gc             ] GC(317) Pause Full (Ergonomics) 50M->25M(57M) 24.788ms
[2026-06-17T10:01:10.748+0800][8.375s][info][gc,cpu         ] GC(317) User=0.00s Sys=0.00s Real=0.02s
[2026-06-17T10:01:10.759+0800][8.386s][info][gc,start       ] GC(318) Pause Young (Allocation Failure)
[2026-06-17T10:01:10.759+0800][8.387s][info][gc,heap        ] GC(318) PSYoungGen: 7113K(14336K)->3576K(14336K) Eden: 7113K(7168K)->0K(7168K) From: 0K(7168K)->3576K(7168K)
[2026-06-17T10:01:10.759+0800][8.387s][info][gc,heap        ] GC(318) ParOldGen: 26072K(44032K)->26072K(44032K)
[2026-06-17T10:01:10.760+0800][8.387s][info][gc,metaspace   ] GC(318) Metaspace: 110K(320K)->110K(320K) NonClass: 103K(192K)->103K(192K) Class: 7K(128K)->7K(128K)
[2026-06-17T10:01:10.760+0800][8.388s][info][gc             ] GC(318) Pause Young (Allocation Failure) 32M->28M(57M) 1.289ms
[2026-06-17T10:01:10.760+0800][8.388s][info][gc,cpu         ] GC(318) User=0.00s Sys=0.00s Real=0.00s
[2026-06-17T10:01:10.781+0800][8.409s][info][gc,start       ] GC(319) Pause Young (Allocation Failure)
[2026-06-17T10:01:10.782+0800][8.410s][info][gc,heap        ] GC(319) PSYoungGen: 10732K(14336K)->6613K(13824K) Eden: 7156K(7168K)->0K(7168K) From: 3576K(7168K)->6613K(6656K)
[2026-06-17T10:01:10.783+0800][8.410s][info][gc,heap        ] GC(319) ParOldGen: 26072K(44032K)->26666K(44032K)
[2026-06-17T10:01:10.783+0800][8.411s][info][gc,metaspace   ] GC(319) Metaspace: 110K(320K)->110K(320K) NonClass: 103K(192K)->103K(192K) Class: 7K(128K)->7K(128K)
[2026-06-17T10:01:10.783+0800][8.411s][info][gc             ] GC(319) Pause Young (Allocation Failure) 35M->32M(56M) 2.032ms
[2026-06-17T10:01:10.783+0800][8.411s][info][gc,cpu         ] GC(319) User=0.00s Sys=0.00s Real=0.01s
[2026-06-17T10:01:10.805+0800][8.433s][info][gc,start       ] GC(320) Pause Young (Allocation Failure)
[2026-06-17T10:01:10.807+0800][8.435s][info][gc,heap        ] GC(320) PSYoungGen: 13743K(13824K)->2790K(14336K) Eden: 7129K(7168K)->0K(7168K) From: 6613K(6656K)->2790K(7168K)
[2026-06-17T10:01:10.808+0800][8.436s][info][gc,heap        ] GC(320) ParOldGen: 26666K(44032K)->30912K(44032K)
[2026-06-17T10:01:10.809+0800][8.436s][info][gc,metaspace   ] GC(320) Metaspace: 110K(320K)->110K(320K) NonClass: 103K(192K)->103K(192K) Class: 7K(128K)->7K(128K)
[2026-06-17T10:01:10.809+0800][8.437s][info][gc             ] GC(320) Pause Young (Allocation Failure) 39M->32M(57M) 4.265ms
[2026-06-17T10:01:10.810+0800][8.438s][info][gc,cpu         ] GC(320) User=0.00s Sys=0.00s Real=0.00s
[2026-06-17T10:01:10.832+0800][8.459s][info][gc,start       ] GC(321) Pause Young (Allocation Failure)
[2026-06-17T10:01:10.833+0800][8.460s][info][gc,heap        ] GC(321) PSYoungGen: 9906K(14336K)->818K(14336K) Eden: 7116K(7168K)->0K(7168K) From: 2790K(7168K)->818K(7168K)
[2026-06-17T10:01:10.834+0800][8.462s][info][gc,heap        ] GC(321) ParOldGen: 30912K(44032K)->33176K(44032K)
[2026-06-17T10:01:10.835+0800][8.462s][info][gc,metaspace   ] GC(321) Metaspace: 110K(320K)->110K(320K) NonClass: 103K(192K)->103K(192K) Class: 7K(128K)->7K(128K)
[2026-06-17T10:01:10.835+0800][8.463s][info][gc             ] GC(321) Pause Young (Allocation Failure) 39M->33M(57M) 3.292ms
[2026-06-17T10:01:10.837+0800][8.464s][info][gc,cpu         ] GC(321) User=0.00s Sys=0.00s Real=0.00s
[2026-06-17T10:01:10.848+0800][8.475s][info][gc,start       ] GC(322) Pause Young (Allocation Failure)
[2026-06-17T10:01:10.853+0800][8.481s][info][gc,heap        ] GC(322) PSYoungGen: 7961K(14336K)->4550K(14336K) Eden: 7142K(7168K)->0K(7168K) From: 818K(7168K)->4550K(7168K)
[2026-06-17T10:01:10.854+0800][8.482s][info][gc,heap        ] GC(322) ParOldGen: 33176K(44032K)->33176K(44032K)
[2026-06-17T10:01:10.856+0800][8.484s][info][gc,metaspace   ] GC(322) Metaspace: 110K(320K)->110K(320K) NonClass: 103K(192K)->103K(192K) Class: 7K(128K)->7K(128K)
[2026-06-17T10:01:10.857+0800][8.485s][info][gc             ] GC(322) Pause Young (Allocation Failure) 40M->36M(57M) 9.095ms
[2026-06-17T10:01:10.858+0800][8.485s][info][gc,cpu         ] GC(322) User=0.01s Sys=0.00s Real=0.01s
[2026-06-17T10:01:10.882+0800][8.510s][info][gc,start       ] GC(323) Pause Young (Allocation Failure)
[2026-06-17T10:01:10.884+0800][8.512s][info][gc,heap        ] GC(323) PSYoungGen: 11708K(14336K)->3129K(14336K) Eden: 7158K(7168K)->0K(7168K) From: 4550K(7168K)->3129K(7168K)
[2026-06-17T10:01:10.889+0800][8.517s][info][gc,heap        ] GC(323) ParOldGen: 33176K(44032K)->34874K(44032K)
[2026-06-17T10:01:10.891+0800][8.519s][info][gc,metaspace   ] GC(323) Metaspace: 110K(320K)->110K(320K) NonClass: 103K(192K)->103K(192K) Class: 7K(128K)->7K(128K)
[2026-06-17T10:01:10.891+0800][8.519s][info][gc             ] GC(323) Pause Young (Allocation Failure) 43M->37M(57M) 8.720ms
[2026-06-17T10:01:10.891+0800][8.519s][info][gc,cpu         ] GC(323) User=0.00s Sys=0.00s Real=0.02s
[2026-06-17T10:01:10.912+0800][8.540s][info][gc,start       ] GC(324) Pause Young (Allocation Failure)
[2026-06-17T10:01:10.913+0800][8.541s][info][gc,heap        ] GC(324) PSYoungGen: 10272K(14336K)->3175K(14336K) Eden: 7143K(7168K)->0K(7168K) From: 3129K(7168K)->3175K(7168K)
[2026-06-17T10:01:10.913+0800][8.541s][info][gc,heap        ] GC(324) ParOldGen: 34874K(44032K)->34874K(44032K)
[2026-06-17T10:01:10.913+0800][8.541s][info][gc,metaspace   ] GC(324) Metaspace: 110K(320K)->110K(320K) NonClass: 103K(192K)->103K(192K) Class: 7K(128K)->7K(128K)
[2026-06-17T10:01:10.914+0800][8.541s][info][gc             ] GC(324) Pause Young (Allocation Failure) 44M->37M(57M) 1.299ms
[2026-06-17T10:01:10.914+0800][8.541s][info][gc,cpu         ] GC(324) User=0.00s Sys=0.00s Real=0.00s
[2026-06-17T10:01:10.925+0800][8.552s][info][gc,start       ] GC(325) Pause Young (Allocation Failure)
[2026-06-17T10:01:10.925+0800][8.553s][info][gc,heap        ] GC(325) PSYoungGen: 10283K(14336K)->3703K(14848K) Eden: 7108K(7168K)->0K(7680K) From: 3175K(7168K)->3703K(7168K)
[2026-06-17T10:01:10.926+0800][8.553s][info][gc,heap        ] GC(325) ParOldGen: 34874K(44032K)->34874K(44032K)
[2026-06-17T10:01:10.926+0800][8.554s][info][gc,metaspace   ] GC(325) Metaspace: 110K(320K)->110K(320K) NonClass: 103K(192K)->103K(192K) Class: 7K(128K)->7K(128K)
[2026-06-17T10:01:10.926+0800][8.554s][info][gc             ] GC(325) Pause Young (Allocation Failure) 44M->37M(57M) 1.483ms
[2026-06-17T10:01:10.926+0800][8.554s][info][gc,cpu         ] GC(325) User=0.00s Sys=0.00s Real=0.00s
[2026-06-17T10:01:10.957+0800][8.585s][info][gc,start       ] GC(326) Pause Young (Allocation Failure)
[2026-06-17T10:01:10.958+0800][8.586s][info][gc,heap        ] GC(326) PSYoungGen: 11360K(14848K)->4444K(14336K) Eden: 7657K(7680K)->0K(7680K) From: 3703K(7168K)->4444K(6656K)
[2026-06-17T10:01:10.958+0800][8.586s][info][gc,heap        ] GC(326) ParOldGen: 34874K(44032K)->34874K(44032K)
[2026-06-17T10:01:10.958+0800][8.586s][info][gc,metaspace   ] GC(326) Metaspace: 110K(320K)->110K(320K) NonClass: 103K(192K)->103K(192K) Class: 7K(128K)->7K(128K)
[2026-06-17T10:01:10.959+0800][8.586s][info][gc             ] GC(326) Pause Young (Allocation Failure) 45M->38M(57M) 1.202ms
[2026-06-17T10:01:10.959+0800][8.586s][info][gc,cpu         ] GC(326) User=0.00s Sys=0.00s Real=0.00s
[2026-06-17T10:01:10.970+0800][8.597s][info][gc,start       ] GC(327) Pause Young (Allocation Failure)
[2026-06-17T10:01:10.971+0800][8.598s][info][gc,heap        ] GC(327) PSYoungGen: 12119K(14336K)->6622K(13824K) Eden: 7674K(7680K)->0K(7168K) From: 4444K(6656K)->6622K(6656K)
[2026-06-17T10:01:10.971+0800][8.598s][info][gc,heap        ] GC(327) ParOldGen: 34874K(44032K)->36721K(44032K)
[2026-06-17T10:01:10.971+0800][8.599s][info][gc,metaspace   ] GC(327) Metaspace: 110K(320K)->110K(320K) NonClass: 103K(192K)->103K(192K) Class: 7K(128K)->7K(128K)
[2026-06-17T10:01:10.971+0800][8.599s][info][gc             ] GC(327) Pause Young (Allocation Failure) 45M->42M(56M) 1.455ms
[2026-06-17T10:01:10.971+0800][8.599s][info][gc,cpu         ] GC(327) User=0.01s Sys=0.00s Real=0.01s
[2026-06-17T10:01:10.992+0800][8.620s][info][gc,start       ] GC(328) Pause Young (Allocation Failure)
[2026-06-17T10:01:10.993+0800][8.621s][info][gc,heap        ] GC(328) PSYoungGen: 13768K(13824K)->4999K(14336K) Eden: 7145K(7168K)->0K(7168K) From: 6622K(6656K)->4999K(7168K)
[2026-06-17T10:01:10.993+0800][8.621s][info][gc,heap        ] GC(328) ParOldGen: 36721K(44032K)->38521K(44032K)
[2026-06-17T10:01:10.993+0800][8.621s][info][gc,metaspace   ] GC(328) Metaspace: 110K(320K)->110K(320K) NonClass: 103K(192K)->103K(192K) Class: 7K(128K)->7K(128K)
[2026-06-17T10:01:10.993+0800][8.621s][info][gc             ] GC(328) Pause Young (Allocation Failure) 49M->42M(57M) 1.407ms
[2026-06-17T10:01:10.993+0800][8.621s][info][gc,cpu         ] GC(328) User=0.00s Sys=0.00s Real=0.00s
[2026-06-17T10:01:11.015+0800][8.642s][info][gc,start       ] GC(329) Pause Young (Allocation Failure)
[2026-06-17T10:01:11.016+0800][8.644s][info][gc,heap        ] GC(329) PSYoungGen: 12135K(14336K)->5163K(14336K) Eden: 7136K(7168K)->0K(7168K) From: 4999K(7168K)->5163K(7168K)
[2026-06-17T10:01:11.016+0800][8.644s][info][gc,heap        ] GC(329) ParOldGen: 38521K(44032K)->39054K(44032K)
[2026-06-17T10:01:11.017+0800][8.645s][info][gc,metaspace   ] GC(329) Metaspace: 110K(320K)->110K(320K) NonClass: 103K(192K)->103K(192K) Class: 7K(128K)->7K(128K)
[2026-06-17T10:01:11.017+0800][8.645s][info][gc             ] GC(329) Pause Young (Allocation Failure) 49M->43M(57M) 2.637ms
[2026-06-17T10:01:11.018+0800][8.645s][info][gc,cpu         ] GC(329) User=0.00s Sys=0.00s Real=0.00s
[2026-06-17T10:01:11.030+0800][8.657s][info][gc,start       ] GC(330) Pause Young (Allocation Failure)
[2026-06-17T10:01:11.031+0800][8.659s][info][gc,heap        ] GC(330) PSYoungGen: 12129K(14336K)->2302K(14336K) Eden: 6966K(7168K)->0K(7168K) From: 5163K(7168K)->2302K(7168K)
[2026-06-17T10:01:11.032+0800][8.659s][info][gc,heap        ] GC(330) ParOldGen: 39054K(44032K)->41816K(44032K)
[2026-06-17T10:01:11.032+0800][8.660s][info][gc,metaspace   ] GC(330) Metaspace: 110K(320K)->110K(320K) NonClass: 103K(192K)->103K(192K) Class: 7K(128K)->7K(128K)
[2026-06-17T10:01:11.032+0800][8.660s][info][gc             ] GC(330) Pause Young (Allocation Failure) 49M->43M(57M) 2.526ms
[2026-06-17T10:01:11.032+0800][8.660s][info][gc,cpu         ] GC(330) User=0.00s Sys=0.00s Real=0.01s
[2026-06-17T10:01:11.054+0800][8.682s][info][gc,start       ] GC(331) Pause Full (Ergonomics)
[2026-06-17T10:01:11.055+0800][8.682s][info][gc,phases,start] GC(331) Marking Phase
[2026-06-17T10:01:11.057+0800][8.685s][info][gc,phases      ] GC(331) Marking Phase 2.654ms
[2026-06-17T10:01:11.058+0800][8.686s][info][gc,phases,start] GC(331) Summary Phase
[2026-06-17T10:01:11.058+0800][8.686s][info][gc,phases      ] GC(331) Summary Phase 0.443ms
[2026-06-17T10:01:11.059+0800][8.686s][info][gc,phases,start] GC(331) Adjust Roots
[2026-06-17T10:01:11.059+0800][8.687s][info][gc,phases      ] GC(331) Adjust Roots 0.614ms
[2026-06-17T10:01:11.060+0800][8.687s][info][gc,phases,start] GC(331) Compaction Phase
[2026-06-17T10:01:11.062+0800][8.690s][info][gc,phases      ] GC(331) Compaction Phase 2.189ms
[2026-06-17T10:01:11.062+0800][8.690s][info][gc,phases,start] GC(331) Post Compact
[2026-06-17T10:01:11.063+0800][8.691s][info][gc,phases      ] GC(331) Post Compact 0.441ms
[2026-06-17T10:01:11.063+0800][8.691s][info][gc,heap        ] GC(331) PSYoungGen: 9440K(14336K)->0K(14336K) Eden: 7138K(7168K)->0K(7168K) From: 2302K(7168K)->0K(7168K)
[2026-06-17T10:01:11.064+0800][8.691s][info][gc,heap        ] GC(331) ParOldGen: 41816K(44032K)->24780K(44032K)
[2026-06-17T10:01:11.064+0800][8.692s][info][gc,metaspace   ] GC(331) Metaspace: 110K(320K)->110K(320K) NonClass: 103K(192K)->103K(192K) Class: 7K(128K)->7K(128K)
[2026-06-17T10:01:11.064+0800][8.692s][info][gc             ] GC(331) Pause Full (Ergonomics) 50M->24M(57M) 10.115ms
[2026-06-17T10:01:11.064+0800][8.692s][info][gc,cpu         ] GC(331) User=0.01s Sys=0.00s Real=0.01s
[2026-06-17T10:01:11.086+0800][8.713s][info][gc,start       ] GC(332) Pause Young (Allocation Failure)
[2026-06-17T10:01:11.089+0800][8.716s][info][gc,heap        ] GC(332) PSYoungGen: 7148K(14336K)->3630K(14336K) Eden: 7148K(7168K)->0K(7168K) From: 0K(7168K)->3630K(7168K)
[2026-06-17T10:01:11.089+0800][8.717s][info][gc,heap        ] GC(332) ParOldGen: 24780K(44032K)->24780K(44032K)
[2026-06-17T10:01:11.089+0800][8.717s][info][gc,metaspace   ] GC(332) Metaspace: 110K(320K)->110K(320K) NonClass: 103K(192K)->103K(192K) Class: 7K(128K)->7K(128K)
[2026-06-17T10:01:11.090+0800][8.717s][info][gc             ] GC(332) Pause Young (Allocation Failure) 31M->27M(57M) 4.108ms
[2026-06-17T10:01:11.090+0800][8.718s][info][gc,cpu         ] GC(332) User=0.00s Sys=0.00s Real=0.00s
[2026-06-17T10:01:11.101+0800][8.729s][info][gc,start       ] GC(333) Pause Young (Allocation Failure)
[2026-06-17T10:01:11.102+0800][8.730s][info][gc,heap        ] GC(333) PSYoungGen: 10793K(14336K)->3406K(14336K) Eden: 7162K(7168K)->0K(7168K) From: 3630K(7168K)->3406K(7168K)
[2026-06-17T10:01:11.103+0800][8.731s][info][gc,heap        ] GC(333) ParOldGen: 24780K(44032K)->28377K(44032K)
[2026-06-17T10:01:11.103+0800][8.731s][info][gc,metaspace   ] GC(333) Metaspace: 110K(320K)->110K(320K) NonClass: 103K(192K)->103K(192K) Class: 7K(128K)->7K(128K)
[2026-06-17T10:01:11.104+0800][8.731s][info][gc             ] GC(333) Pause Young (Allocation Failure) 34M->31M(57M) 2.476ms
[2026-06-17T10:01:11.104+0800][8.732s][info][gc,cpu         ] GC(333) User=0.00s Sys=0.00s Real=0.01s
[2026-06-17T10:01:11.125+0800][8.753s][info][gc,start       ] GC(334) Pause Young (Allocation Failure)
[2026-06-17T10:01:11.127+0800][8.754s][info][gc,heap        ] GC(334) PSYoungGen: 10544K(14336K)->3814K(14336K) Eden: 7138K(7168K)->0K(7168K) From: 3406K(7168K)->3814K(7168K)
[2026-06-17T10:01:11.127+0800][8.755s][info][gc,heap        ] GC(334) ParOldGen: 28377K(44032K)->28377K(44032K)
[2026-06-17T10:01:11.127+0800][8.755s][info][gc,metaspace   ] GC(334) Metaspace: 110K(320K)->110K(320K) NonClass: 103K(192K)->103K(192K) Class: 7K(128K)->7K(128K)
[2026-06-17T10:01:11.128+0800][8.755s][info][gc             ] GC(334) Pause Young (Allocation Failure) 38M->31M(57M) 2.265ms
[2026-06-17T10:01:11.128+0800][8.756s][info][gc,cpu         ] GC(334) User=0.00s Sys=0.00s Real=0.00s
[2026-06-17T10:01:11.150+0800][8.777s][info][gc,start       ] GC(335) Pause Young (Allocation Failure)
[2026-06-17T10:01:11.154+0800][8.782s][info][gc,heap        ] GC(335) PSYoungGen: 10951K(14336K)->4197K(14848K) Eden: 7136K(7168K)->0K(7680K) From: 3814K(7168K)->4197K(7168K)
[2026-06-17T10:01:11.155+0800][8.783s][info][gc,heap        ] GC(335) ParOldGen: 28377K(44032K)->28377K(44032K)
[2026-06-17T10:01:11.157+0800][8.784s][info][gc,metaspace   ] GC(335) Metaspace: 110K(320K)->110K(320K) NonClass: 103K(192K)->103K(192K) Class: 7K(128K)->7K(128K)
[2026-06-17T10:01:11.157+0800][8.785s][info][gc             ] GC(335) Pause Young (Allocation Failure) 38M->31M(57M) 7.613ms
[2026-06-17T10:01:11.158+0800][8.786s][info][gc,cpu         ] GC(335) User=0.00s Sys=0.00s Real=0.01s
[2026-06-17T10:01:11.182+0800][8.810s][info][gc,start       ] GC(336) Pause Young (Allocation Failure)
[2026-06-17T10:01:11.183+0800][8.811s][info][gc,heap        ] GC(336) PSYoungGen: 11877K(14848K)->4488K(14336K) Eden: 7680K(7680K)->0K(7680K) From: 4197K(7168K)->4488K(6656K)
[2026-06-17T10:01:11.184+0800][8.811s][info][gc,heap        ] GC(336) ParOldGen: 28377K(44032K)->28377K(44032K)
[2026-06-17T10:01:11.184+0800][8.812s][info][gc,metaspace   ] GC(336) Metaspace: 110K(320K)->110K(320K) NonClass: 103K(192K)->103K(192K) Class: 7K(128K)->7K(128K)
[2026-06-17T10:01:11.185+0800][8.812s][info][gc             ] GC(336) Pause Young (Allocation Failure) 39M->32M(57M) 2.903ms
[2026-06-17T10:01:11.185+0800][8.813s][info][gc,cpu         ] GC(336) User=0.00s Sys=0.00s Real=0.01s
[2026-06-17T10:01:11.197+0800][8.825s][info][gc,start       ] GC(337) Pause Young (Allocation Failure)
[2026-06-17T10:01:11.200+0800][8.828s][info][gc,heap        ] GC(337) PSYoungGen: 12017K(14336K)->5351K(13824K) Eden: 7528K(7680K)->0K(7168K) From: 4488K(6656K)->5351K(6656K)
[2026-06-17T10:01:11.201+0800][8.829s][info][gc,heap        ] GC(337) ParOldGen: 28377K(44032K)->28377K(44032K)
[2026-06-17T10:01:11.202+0800][8.829s][info][gc,metaspace   ] GC(337) Metaspace: 110K(320K)->110K(320K) NonClass: 103K(192K)->103K(192K) Class: 7K(128K)->7K(128K)
[2026-06-17T10:01:11.202+0800][8.830s][info][gc             ] GC(337) Pause Young (Allocation Failure) 39M->32M(56M) 5.151ms
[2026-06-17T10:01:11.203+0800][8.830s][info][gc,cpu         ] GC(337) User=0.00s Sys=0.01s Real=0.01s
[2026-06-17T10:01:11.225+0800][8.852s][info][gc,start       ] GC(338) Pause Young (Allocation Failure)
[2026-06-17T10:01:11.227+0800][8.855s][info][gc,heap        ] GC(338) PSYoungGen: 12516K(13824K)->7125K(14336K) Eden: 7165K(7168K)->0K(7168K) From: 5351K(6656K)->7125K(7168K)
[2026-06-17T10:01:11.228+0800][8.856s][info][gc,heap        ] GC(338) ParOldGen: 28377K(44032K)->30359K(44032K)
[2026-06-17T10:01:11.229+0800][8.857s][info][gc,metaspace   ] GC(338) Metaspace: 110K(320K)->110K(320K) NonClass: 103K(192K)->103K(192K) Class: 7K(128K)->7K(128K)
[2026-06-17T10:01:11.230+0800][8.858s][info][gc             ] GC(338) Pause Young (Allocation Failure) 39M->36M(57M) 5.181ms
[2026-06-17T10:01:11.230+0800][8.858s][info][gc,cpu         ] GC(338) User=0.01s Sys=0.00s Real=0.00s
[2026-06-17T10:01:11.253+0800][8.881s][info][gc,start       ] GC(339) Pause Young (Allocation Failure)
[2026-06-17T10:01:11.255+0800][8.883s][info][gc,heap        ] GC(339) PSYoungGen: 14269K(14336K)->6060K(14336K) Eden: 7144K(7168K)->0K(7168K) From: 7125K(7168K)->6060K(7168K)
[2026-06-17T10:01:11.256+0800][8.883s][info][gc,heap        ] GC(339) ParOldGen: 30359K(44032K)->31654K(44032K)
[2026-06-17T10:01:11.256+0800][8.884s][info][gc,metaspace   ] GC(339) Metaspace: 110K(320K)->110K(320K) NonClass: 103K(192K)->103K(192K) Class: 7K(128K)->7K(128K)
[2026-06-17T10:01:11.257+0800][8.884s][info][gc             ] GC(339) Pause Young (Allocation Failure) 43M->36M(57M) 3.505ms
[2026-06-17T10:01:11.257+0800][8.885s][info][gc,cpu         ] GC(339) User=0.00s Sys=0.00s Real=0.00s
[2026-06-17T10:01:11.279+0800][8.907s][info][gc,start       ] GC(340) Pause Young (Allocation Failure)
[2026-06-17T10:01:11.281+0800][8.908s][info][gc,heap        ] GC(340) PSYoungGen: 13224K(14336K)->4542K(14336K) Eden: 7164K(7168K)->0K(7168K) From: 6060K(7168K)->4542K(7168K)
[2026-06-17T10:01:11.282+0800][8.909s][info][gc,heap        ] GC(340) ParOldGen: 31654K(44032K)->33680K(44032K)
[2026-06-17T10:01:11.282+0800][8.910s][info][gc,metaspace   ] GC(340) Metaspace: 110K(320K)->110K(320K) NonClass: 103K(192K)->103K(192K) Class: 7K(128K)->7K(128K)
[2026-06-17T10:01:11.284+0800][8.912s][info][gc             ] GC(340) Pause Young (Allocation Failure) 43M->37M(57M) 5.139ms
[2026-06-17T10:01:11.285+0800][8.912s][info][gc,cpu         ] GC(340) User=0.00s Sys=0.00s Real=0.01s
[2026-06-17T10:01:11.297+0800][8.925s][info][gc,start       ] GC(341) Pause Young (Allocation Failure)
[2026-06-17T10:01:11.299+0800][8.927s][info][gc,heap        ] GC(341) PSYoungGen: 11703K(14336K)->4398K(14336K) Eden: 7161K(7168K)->0K(7168K) From: 4542K(7168K)->4398K(7168K)
[2026-06-17T10:01:11.299+0800][8.927s][info][gc,heap        ] GC(341) ParOldGen: 33680K(44032K)->37446K(44032K)
[2026-06-17T10:01:11.300+0800][8.928s][info][gc,metaspace   ] GC(341) Metaspace: 110K(320K)->110K(320K) NonClass: 103K(192K)->103K(192K) Class: 7K(128K)->7K(128K)
[2026-06-17T10:01:11.300+0800][8.928s][info][gc             ] GC(341) Pause Young (Allocation Failure) 44M->40M(57M) 3.073ms
[2026-06-17T10:01:11.301+0800][8.928s][info][gc,cpu         ] GC(341) User=0.01s Sys=0.00s Real=0.00s
[2026-06-17T10:01:11.322+0800][8.950s][info][gc,start       ] GC(342) Pause Young (Allocation Failure)
[2026-06-17T10:01:11.323+0800][8.951s][info][gc,heap        ] GC(342) PSYoungGen: 11550K(14336K)->2970K(14336K) Eden: 7152K(7168K)->0K(7168K) From: 4398K(7168K)->2970K(7168K)
[2026-06-17T10:01:11.324+0800][8.952s][info][gc,heap        ] GC(342) ParOldGen: 37446K(44032K)->39113K(44032K)
[2026-06-17T10:01:11.324+0800][8.952s][info][gc,metaspace   ] GC(342) Metaspace: 110K(320K)->110K(320K) NonClass: 103K(192K)->103K(192K) Class: 7K(128K)->7K(128K)
[2026-06-17T10:01:11.325+0800][8.953s][info][gc             ] GC(342) Pause Young (Allocation Failure) 47M->41M(57M) 2.584ms
[2026-06-17T10:01:11.325+0800][8.953s][info][gc,cpu         ] GC(342) User=0.00s Sys=0.00s Real=0.01s
[2026-06-17T10:01:11.347+0800][8.975s][info][gc,start       ] GC(343) Pause Young (Allocation Failure)
[2026-06-17T10:01:11.348+0800][8.975s][info][gc,heap        ] GC(343) PSYoungGen: 10122K(14336K)->3186K(14336K) Eden: 7152K(7168K)->0K(7168K) From: 2970K(7168K)->3186K(7168K)
[2026-06-17T10:01:11.348+0800][8.976s][info][gc,heap        ] GC(343) ParOldGen: 39113K(44032K)->39113K(44032K)
[2026-06-17T10:01:11.348+0800][8.976s][info][gc,metaspace   ] GC(343) Metaspace: 110K(320K)->110K(320K) NonClass: 103K(192K)->103K(192K) Class: 7K(128K)->7K(128K)
[2026-06-17T10:01:11.349+0800][8.976s][info][gc             ] GC(343) Pause Young (Allocation Failure) 48M->41M(57M) 1.681ms
[2026-06-17T10:01:11.349+0800][8.977s][info][gc,cpu         ] GC(343) User=0.00s Sys=0.00s Real=0.00s
[2026-06-17T10:01:11.360+0800][8.987s][info][gc,start       ] GC(344) Pause Young (Allocation Failure)
[2026-06-17T10:01:11.361+0800][8.988s][info][gc,heap        ] GC(344) PSYoungGen: 10302K(14336K)->1250K(14336K) Eden: 7116K(7168K)->0K(7168K) From: 3186K(7168K)->1250K(7168K)
[2026-06-17T10:01:11.361+0800][8.989s][info][gc,heap        ] GC(344) ParOldGen: 39113K(44032K)->41111K(44032K)
[2026-06-17T10:01:11.361+0800][8.989s][info][gc,metaspace   ] GC(344) Metaspace: 110K(320K)->110K(320K) NonClass: 103K(192K)->103K(192K) Class: 7K(128K)->7K(128K)
[2026-06-17T10:01:11.362+0800][8.989s][info][gc             ] GC(344) Pause Young (Allocation Failure) 48M->41M(57M) 1.818ms
[2026-06-17T10:01:11.362+0800][8.990s][info][gc,cpu         ] GC(344) User=0.00s Sys=0.00s Real=0.00s
[2026-06-17T10:01:11.384+0800][9.011s][info][gc,start       ] GC(345) Pause Full (Ergonomics)
[2026-06-17T10:01:11.384+0800][9.012s][info][gc,phases,start] GC(345) Marking Phase
[2026-06-17T10:01:11.386+0800][9.013s][info][gc,phases      ] GC(345) Marking Phase 1.422ms
[2026-06-17T10:01:11.386+0800][9.013s][info][gc,phases,start] GC(345) Summary Phase
[2026-06-17T10:01:11.386+0800][9.014s][info][gc,phases      ] GC(345) Summary Phase 0.419ms
[2026-06-17T10:01:11.386+0800][9.014s][info][gc,phases,start] GC(345) Adjust Roots
[2026-06-17T10:01:11.387+0800][9.015s][info][gc,phases      ] GC(345) Adjust Roots 0.532ms
[2026-06-17T10:01:11.387+0800][9.015s][info][gc,phases,start] GC(345) Compaction Phase
[2026-06-17T10:01:11.389+0800][9.017s][info][gc,phases      ] GC(345) Compaction Phase 1.934ms
[2026-06-17T10:01:11.390+0800][9.017s][info][gc,phases,start] GC(345) Post Compact
[2026-06-17T10:01:11.390+0800][9.018s][info][gc,phases      ] GC(345) Post Compact 0.585ms
[2026-06-17T10:01:11.391+0800][9.018s][info][gc,heap        ] GC(345) PSYoungGen: 8416K(14336K)->0K(14336K) Eden: 7166K(7168K)->0K(7168K) From: 1250K(7168K)->0K(7168K)
[2026-06-17T10:01:11.391+0800][9.019s][info][gc,heap        ] GC(345) ParOldGen: 41111K(44032K)->32491K(44032K)
[2026-06-17T10:01:11.391+0800][9.019s][info][gc,metaspace   ] GC(345) Metaspace: 110K(320K)->110K(320K) NonClass: 103K(192K)->103K(192K) Class: 7K(128K)->7K(128K)
[2026-06-17T10:01:11.392+0800][9.019s][info][gc             ] GC(345) Pause Full (Ergonomics) 48M->31M(57M) 7.880ms
[2026-06-17T10:01:11.392+0800][9.019s][info][gc,cpu         ] GC(345) User=0.01s Sys=0.00s Real=0.01s
[2026-06-17T10:01:11.413+0800][9.041s][info][gc,start       ] GC(346) Pause Young (Allocation Failure)
[2026-06-17T10:01:11.419+0800][9.046s][info][gc,heap        ] GC(346) PSYoungGen: 7120K(14336K)->3842K(14336K) Eden: 7120K(7168K)->0K(7168K) From: 0K(7168K)->3842K(7168K)
[2026-06-17T10:01:11.419+0800][9.047s][info][gc,heap        ] GC(346) ParOldGen: 32491K(44032K)->32491K(44032K)
[2026-06-17T10:01:11.419+0800][9.047s][info][gc,metaspace   ] GC(346) Metaspace: 110K(320K)->110K(320K) NonClass: 103K(192K)->103K(192K) Class: 7K(128K)->7K(128K)
[2026-06-17T10:01:11.420+0800][9.047s][info][gc             ] GC(346) Pause Young (Allocation Failure) 38M->35M(57M) 6.578ms
[2026-06-17T10:01:11.420+0800][9.047s][info][gc,cpu         ] GC(346) User=0.00s Sys=0.00s Real=0.00s
[2026-06-17T10:01:11.441+0800][9.069s][info][gc,start       ] GC(347) Pause Young (Allocation Failure)
[2026-06-17T10:01:11.443+0800][9.070s][info][gc,heap        ] GC(347) PSYoungGen: 10993K(14336K)->3962K(14336K) Eden: 7150K(7168K)->0K(7168K) From: 3842K(7168K)->3962K(7168K)
[2026-06-17T10:01:11.443+0800][9.071s][info][gc,heap        ] GC(347) ParOldGen: 32491K(44032K)->32491K(44032K)
[2026-06-17T10:01:11.443+0800][9.071s][info][gc,metaspace   ] GC(347) Metaspace: 110K(320K)->110K(320K) NonClass: 103K(192K)->103K(192K) Class: 7K(128K)->7K(128K)
[2026-06-17T10:01:11.444+0800][9.072s][info][gc             ] GC(347) Pause Young (Allocation Failure) 42M->35M(57M) 2.747ms
[2026-06-17T10:01:11.444+0800][9.072s][info][gc,cpu         ] GC(347) User=0.00s Sys=0.00s Real=0.01s
[2026-06-17T10:01:11.455+0800][9.083s][info][gc,start       ] GC(348) Pause Young (Allocation Failure)
[2026-06-17T10:01:11.457+0800][9.084s][info][gc,heap        ] GC(348) PSYoungGen: 11126K(14336K)->7094K(14336K) Eden: 7164K(7168K)->0K(7168K) From: 3962K(7168K)->7094K(7168K)
[2026-06-17T10:01:11.457+0800][9.085s][info][gc,heap        ] GC(348) ParOldGen: 32491K(44032K)->33143K(44032K)
[2026-06-17T10:01:11.458+0800][9.086s][info][gc,metaspace   ] GC(348) Metaspace: 110K(320K)->110K(320K) NonClass: 103K(192K)->103K(192K) Class: 7K(128K)->7K(128K)
[2026-06-17T10:01:11.458+0800][9.086s][info][gc             ] GC(348) Pause Young (Allocation Failure) 42M->39M(57M) 2.967ms
[2026-06-17T10:01:11.459+0800][9.086s][info][gc,cpu         ] GC(348) User=0.00s Sys=0.00s Real=0.00s
[2026-06-17T10:01:11.480+0800][9.108s][info][gc,start       ] GC(349) Pause Young (Allocation Failure)
[2026-06-17T10:01:11.481+0800][9.109s][info][gc,heap        ] GC(349) PSYoungGen: 14262K(14336K)->4400K(14336K) Eden: 7168K(7168K)->0K(7168K) From: 7094K(7168K)->4400K(7168K)
[2026-06-17T10:01:11.482+0800][9.110s][info][gc,heap        ] GC(349) ParOldGen: 33143K(44032K)->36296K(44032K)
[2026-06-17T10:01:11.482+0800][9.110s][info][gc,metaspace   ] GC(349) Metaspace: 110K(320K)->110K(320K) NonClass: 103K(192K)->103K(192K) Class: 7K(128K)->7K(128K)
[2026-06-17T10:01:11.483+0800][9.111s][info][gc             ] GC(349) Pause Young (Allocation Failure) 46M->39M(57M) 3.264ms
[2026-06-17T10:01:11.484+0800][9.111s][info][gc,cpu         ] GC(349) User=0.00s Sys=0.00s Real=0.01s
[2026-06-17T10:01:11.505+0800][9.132s][info][gc,start       ] GC(350) Pause Young (Allocation Failure)
[2026-06-17T10:01:11.505+0800][9.133s][info][gc,heap        ] GC(350) PSYoungGen: 11536K(14336K)->2979K(14336K) Eden: 7136K(7168K)->0K(7168K) From: 4400K(7168K)->2979K(7168K)
[2026-06-17T10:01:11.506+0800][9.133s][info][gc,heap        ] GC(350) ParOldGen: 36296K(44032K)->38018K(44032K)
[2026-06-17T10:01:11.506+0800][9.134s][info][gc,metaspace   ] GC(350) Metaspace: 110K(320K)->110K(320K) NonClass: 103K(192K)->103K(192K) Class: 7K(128K)->7K(128K)
[2026-06-17T10:01:11.506+0800][9.134s][info][gc             ] GC(350) Pause Young (Allocation Failure) 46M->40M(57M) 1.577ms
[2026-06-17T10:01:11.506+0800][9.134s][info][gc,cpu         ] GC(350) User=0.00s Sys=0.00s Real=0.00s
[2026-06-17T10:01:11.517+0800][9.145s][info][gc,start       ] GC(351) Pause Young (Allocation Failure)
[2026-06-17T10:01:11.518+0800][9.146s][info][gc,heap        ] GC(351) PSYoungGen: 9853K(14336K)->1380K(14336K) Eden: 6873K(7168K)->0K(7168K) From: 2979K(7168K)->1380K(7168K)
[2026-06-17T10:01:11.518+0800][9.146s][info][gc,heap        ] GC(351) ParOldGen: 38018K(44032K)->40170K(44032K)
[2026-06-17T10:01:11.518+0800][9.146s][info][gc,metaspace   ] GC(351) Metaspace: 110K(320K)->110K(320K) NonClass: 103K(192K)->103K(192K) Class: 7K(128K)->7K(128K)
[2026-06-17T10:01:11.518+0800][9.146s][info][gc             ] GC(351) Pause Young (Allocation Failure) 46M->40M(57M) 1.090ms
[2026-06-17T10:01:11.519+0800][9.146s][info][gc,cpu         ] GC(351) User=0.00s Sys=0.00s Real=0.00s
[2026-06-17T10:01:11.539+0800][9.167s][info][gc,start       ] GC(352) Pause Full (Ergonomics)
[2026-06-17T10:01:11.540+0800][9.167s][info][gc,phases,start] GC(352) Marking Phase
[2026-06-17T10:01:11.541+0800][9.169s][info][gc,phases      ] GC(352) Marking Phase 1.312ms
[2026-06-17T10:01:11.541+0800][9.169s][info][gc,phases,start] GC(352) Summary Phase
[2026-06-17T10:01:11.541+0800][9.169s][info][gc,phases      ] GC(352) Summary Phase 0.185ms
[2026-06-17T10:01:11.541+0800][9.169s][info][gc,phases,start] GC(352) Adjust Roots
[2026-06-17T10:01:11.542+0800][9.169s][info][gc,phases      ] GC(352) Adjust Roots 0.263ms
[2026-06-17T10:01:11.542+0800][9.170s][info][gc,phases,start] GC(352) Compaction Phase
[2026-06-17T10:01:11.544+0800][9.171s][info][gc,phases      ] GC(352) Compaction Phase 1.727ms
[2026-06-17T10:01:11.544+0800][9.172s][info][gc,phases,start] GC(352) Post Compact
[2026-06-17T10:01:11.544+0800][9.172s][info][gc,phases      ] GC(352) Post Compact 0.220ms
[2026-06-17T10:01:11.544+0800][9.172s][info][gc,heap        ] GC(352) PSYoungGen: 8530K(14336K)->0K(14336K) Eden: 7150K(7168K)->0K(7168K) From: 1380K(7168K)->0K(7168K)
[2026-06-17T10:01:11.544+0800][9.172s][info][gc,heap        ] GC(352) ParOldGen: 40170K(44032K)->31925K(44032K)
[2026-06-17T10:01:11.544+0800][9.172s][info][gc,metaspace   ] GC(352) Metaspace: 110K(320K)->110K(320K) NonClass: 103K(192K)->103K(192K) Class: 7K(128K)->7K(128K)
[2026-06-17T10:01:11.544+0800][9.172s][info][gc             ] GC(352) Pause Full (Ergonomics) 47M->31M(57M) 5.060ms
[2026-06-17T10:01:11.545+0800][9.172s][info][gc,cpu         ] GC(352) User=0.00s Sys=0.00s Real=0.01s
[2026-06-17T10:01:11.566+0800][9.193s][info][gc,start       ] GC(353) Pause Young (Allocation Failure)
[2026-06-17T10:01:11.566+0800][9.194s][info][gc,heap        ] GC(353) PSYoungGen: 7141K(14336K)->3669K(14336K) Eden: 7141K(7168K)->0K(7168K) From: 0K(7168K)->3669K(7168K)
[2026-06-17T10:01:11.567+0800][9.194s][info][gc,heap        ] GC(353) ParOldGen: 31925K(44032K)->31925K(44032K)
[2026-06-17T10:01:11.567+0800][9.195s][info][gc,metaspace   ] GC(353) Metaspace: 110K(320K)->110K(320K) NonClass: 103K(192K)->103K(192K) Class: 7K(128K)->7K(128K)
[2026-06-17T10:01:11.567+0800][9.195s][info][gc             ] GC(353) Pause Young (Allocation Failure) 38M->34M(57M) 1.536ms
[2026-06-17T10:01:11.567+0800][9.195s][info][gc,cpu         ] GC(353) User=0.01s Sys=0.00s Real=0.00s
[2026-06-17T10:01:11.588+0800][9.216s][info][gc,start       ] GC(354) Pause Young (Allocation Failure)
[2026-06-17T10:01:11.589+0800][9.217s][info][gc,heap        ] GC(354) PSYoungGen: 10833K(14336K)->4274K(14336K) Eden: 7163K(7168K)->0K(7168K) From: 3669K(7168K)->4274K(7168K)
[2026-06-17T10:01:11.590+0800][9.217s][info][gc,heap        ] GC(354) ParOldGen: 31925K(44032K)->31925K(44032K)
[2026-06-17T10:01:11.590+0800][9.218s][info][gc,metaspace   ] GC(354) Metaspace: 110K(320K)->110K(320K) NonClass: 103K(192K)->103K(192K) Class: 7K(128K)->7K(128K)
[2026-06-17T10:01:11.590+0800][9.218s][info][gc             ] GC(354) Pause Young (Allocation Failure) 41M->35M(57M) 1.760ms
[2026-06-17T10:01:11.590+0800][9.218s][info][gc,cpu         ] GC(354) User=0.00s Sys=0.00s Real=0.00s
[2026-06-17T10:01:11.611+0800][9.239s][info][gc,start       ] GC(355) Pause Young (Allocation Failure)
[2026-06-17T10:01:11.613+0800][9.240s][info][gc,heap        ] GC(355) PSYoungGen: 11428K(14336K)->4284K(14336K) Eden: 7154K(7168K)->0K(7168K) From: 4274K(7168K)->4284K(7168K)
[2026-06-17T10:01:11.613+0800][9.241s][info][gc,heap        ] GC(355) ParOldGen: 31925K(44032K)->31925K(44032K)
[2026-06-17T10:01:11.613+0800][9.241s][info][gc,metaspace   ] GC(355) Metaspace: 110K(320K)->110K(320K) NonClass: 103K(192K)->103K(192K) Class: 7K(128K)->7K(128K)
[2026-06-17T10:01:11.613+0800][9.241s][info][gc             ] GC(355) Pause Young (Allocation Failure) 42M->35M(57M) 1.928ms
[2026-06-17T10:01:11.614+0800][9.241s][info][gc,cpu         ] GC(355) User=0.00s Sys=0.00s Real=0.00s
[2026-06-17T10:01:11.625+0800][9.252s][info][gc,start       ] GC(356) Pause Young (Allocation Failure)
[2026-06-17T10:01:11.627+0800][9.254s][info][gc,heap        ] GC(356) PSYoungGen: 11253K(14336K)->4399K(14336K) Eden: 6968K(7168K)->0K(7168K) From: 4284K(7168K)->4399K(7168K)
[2026-06-17T10:01:11.628+0800][9.256s][info][gc,heap        ] GC(356) ParOldGen: 31925K(44032K)->31925K(44032K)
[2026-06-17T10:01:11.632+0800][9.260s][info][gc,metaspace   ] GC(356) Metaspace: 110K(320K)->110K(320K) NonClass: 103K(192K)->103K(192K) Class: 7K(128K)->7K(128K)
[2026-06-17T10:01:11.633+0800][9.261s][info][gc             ] GC(356) Pause Young (Allocation Failure) 42M->35M(57M) 8.619ms
[2026-06-17T10:01:11.635+0800][9.263s][info][gc,cpu         ] GC(356) User=0.00s Sys=0.00s Real=0.01s
[2026-06-17T10:01:11.661+0800][9.288s][info][gc,start       ] GC(357) Pause Young (Allocation Failure)
[2026-06-17T10:01:11.662+0800][9.290s][info][gc,heap        ] GC(357) PSYoungGen: 11554K(14336K)->7017K(14336K) Eden: 7154K(7168K)->0K(7168K) From: 4399K(7168K)->7017K(7168K)
[2026-06-17T10:01:11.662+0800][9.290s][info][gc,heap        ] GC(357) ParOldGen: 31925K(44032K)->32901K(44032K)
[2026-06-17T10:01:11.663+0800][9.290s][info][gc,metaspace   ] GC(357) Metaspace: 110K(320K)->110K(320K) NonClass: 103K(192K)->103K(192K) Class: 7K(128K)->7K(128K)
[2026-06-17T10:01:11.663+0800][9.291s][info][gc             ] GC(357) Pause Young (Allocation Failure) 42M->38M(57M) 2.313ms
[2026-06-17T10:01:11.663+0800][9.291s][info][gc,cpu         ] GC(357) User=0.00s Sys=0.00s Real=0.01s
[2026-06-17T10:01:11.674+0800][9.302s][info][gc,start       ] GC(358) Pause Young (Allocation Failure)
[2026-06-17T10:01:11.675+0800][9.303s][info][gc,heap        ] GC(358) PSYoungGen: 14146K(14336K)->5109K(14336K) Eden: 7128K(7168K)->0K(7168K) From: 7017K(7168K)->5109K(7168K)
[2026-06-17T10:01:11.676+0800][9.304s][info][gc,heap        ] GC(358) ParOldGen: 32901K(44032K)->35200K(44032K)
[2026-06-17T10:01:11.676+0800][9.304s][info][gc,metaspace   ] GC(358) Metaspace: 110K(320K)->110K(320K) NonClass: 103K(192K)->103K(192K) Class: 7K(128K)->7K(128K)
[2026-06-17T10:01:11.676+0800][9.304s][info][gc             ] GC(358) Pause Young (Allocation Failure) 45M->39M(57M) 2.081ms
[2026-06-17T10:01:11.676+0800][9.304s][info][gc,cpu         ] GC(358) User=0.00s Sys=0.00s Real=0.00s
[2026-06-17T10:01:11.698+0800][9.325s][info][gc,start       ] GC(359) Pause Young (Allocation Failure)
[2026-06-17T10:01:11.699+0800][9.327s][info][gc,heap        ] GC(359) PSYoungGen: 12224K(14336K)->7162K(14336K) Eden: 7114K(7168K)->0K(7168K) From: 5109K(7168K)->7162K(7168K)
[2026-06-17T10:01:11.699+0800][9.327s][info][gc,heap        ] GC(359) ParOldGen: 35200K(44032K)->37184K(44032K)
[2026-06-17T10:01:11.700+0800][9.327s][info][gc,metaspace   ] GC(359) Metaspace: 110K(320K)->110K(320K) NonClass: 103K(192K)->103K(192K) Class: 7K(128K)->7K(128K)
[2026-06-17T10:01:11.700+0800][9.328s][info][gc             ] GC(359) Pause Young (Allocation Failure) 46M->43M(57M) 2.341ms
[2026-06-17T10:01:11.700+0800][9.328s][info][gc,cpu         ] GC(359) User=0.00s Sys=0.00s Real=0.00s
[2026-06-17T10:01:11.721+0800][9.349s][info][gc,start       ] GC(360) Pause Young (Allocation Failure)
[2026-06-17T10:01:11.723+0800][9.351s][info][gc,heap        ] GC(360) PSYoungGen: 14304K(14336K)->4000K(14336K) Eden: 7141K(7168K)->0K(7168K) From: 7162K(7168K)->4000K(7168K)
[2026-06-17T10:01:11.723+0800][9.351s][info][gc,heap        ] GC(360) ParOldGen: 37184K(44032K)->40539K(44032K)
[2026-06-17T10:01:11.724+0800][9.352s][info][gc,metaspace   ] GC(360) Metaspace: 110K(320K)->110K(320K) NonClass: 103K(192K)->103K(192K) Class: 7K(128K)->7K(128K)
[2026-06-17T10:01:11.724+0800][9.352s][info][gc             ] GC(360) Pause Young (Allocation Failure) 50M->43M(57M) 2.579ms
[2026-06-17T10:01:11.724+0800][9.352s][info][gc,cpu         ] GC(360) User=0.00s Sys=0.00s Real=0.01s
[2026-06-17T10:01:11.745+0800][9.373s][info][gc,start       ] GC(361) Pause Full (Ergonomics)
[2026-06-17T10:01:11.746+0800][9.373s][info][gc,phases,start] GC(361) Marking Phase
[2026-06-17T10:01:11.747+0800][9.375s][info][gc,phases      ] GC(361) Marking Phase 1.773ms
[2026-06-17T10:01:11.748+0800][9.375s][info][gc,phases,start] GC(361) Summary Phase
[2026-06-17T10:01:11.748+0800][9.376s][info][gc,phases      ] GC(361) Summary Phase 0.171ms
[2026-06-17T10:01:11.748+0800][9.376s][info][gc,phases,start] GC(361) Adjust Roots
[2026-06-17T10:01:11.748+0800][9.376s][info][gc,phases      ] GC(361) Adjust Roots 0.315ms
[2026-06-17T10:01:11.749+0800][9.376s][info][gc,phases,start] GC(361) Compaction Phase
[2026-06-17T10:01:11.751+0800][9.378s][info][gc,phases      ] GC(361) Compaction Phase 1.906ms
[2026-06-17T10:01:11.751+0800][9.379s][info][gc,phases,start] GC(361) Post Compact
[2026-06-17T10:01:11.752+0800][9.379s][info][gc,phases      ] GC(361) Post Compact 0.728ms
[2026-06-17T10:01:11.752+0800][9.380s][info][gc,heap        ] GC(361) PSYoungGen: 11150K(14336K)->0K(14336K) Eden: 7149K(7168K)->0K(7168K) From: 4000K(7168K)->0K(7168K)
[2026-06-17T10:01:11.752+0800][9.380s][info][gc,heap        ] GC(361) ParOldGen: 40539K(44032K)->31756K(44032K)
[2026-06-17T10:01:11.753+0800][9.380s][info][gc,metaspace   ] GC(361) Metaspace: 110K(320K)->110K(320K) NonClass: 103K(192K)->103K(192K) Class: 7K(128K)->7K(128K)
[2026-06-17T10:01:11.753+0800][9.381s][info][gc             ] GC(361) Pause Full (Ergonomics) 50M->31M(57M) 7.731ms
[2026-06-17T10:01:11.753+0800][9.381s][info][gc,cpu         ] GC(361) User=0.01s Sys=0.00s Real=0.01s
[2026-06-17T10:01:11.765+0800][9.392s][info][gc,start       ] GC(362) Pause Young (Allocation Failure)
[2026-06-17T10:01:11.766+0800][9.394s][info][gc,heap        ] GC(362) PSYoungGen: 7168K(14336K)->7018K(14336K) Eden: 7168K(7168K)->0K(7168K) From: 0K(7168K)->7018K(7168K)
[2026-06-17T10:01:11.767+0800][9.394s][info][gc,heap        ] GC(362) ParOldGen: 31756K(44032K)->31954K(44032K)
[2026-06-17T10:01:11.768+0800][9.396s][info][gc,metaspace   ] GC(362) Metaspace: 110K(320K)->110K(320K) NonClass: 103K(192K)->103K(192K) Class: 7K(128K)->7K(128K)
[2026-06-17T10:01:11.771+0800][9.398s][info][gc             ] GC(362) Pause Young (Allocation Failure) 38M->38M(57M) 5.986ms
[2026-06-17T10:01:11.772+0800][9.399s][info][gc,cpu         ] GC(362) User=0.00s Sys=0.00s Real=0.01s
[2026-06-17T10:01:11.793+0800][9.421s][info][gc,start       ] GC(363) Pause Young (Allocation Failure)
[2026-06-17T10:01:11.794+0800][9.422s][info][gc,heap        ] GC(363) PSYoungGen: 14185K(14336K)->3191K(14336K) Eden: 7166K(7168K)->0K(7168K) From: 7018K(7168K)->3191K(7168K)
[2026-06-17T10:01:11.795+0800][9.422s][info][gc,heap        ] GC(363) ParOldGen: 31954K(44032K)->36063K(44032K)
[2026-06-17T10:01:11.795+0800][9.422s][info][gc,metaspace   ] GC(363) Metaspace: 110K(320K)->110K(320K) NonClass: 103K(192K)->103K(192K) Class: 7K(128K)->7K(128K)
[2026-06-17T10:01:11.795+0800][9.423s][info][gc             ] GC(363) Pause Young (Allocation Failure) 45M->38M(57M) 1.820ms
[2026-06-17T10:01:11.795+0800][9.423s][info][gc,cpu         ] GC(363) User=0.00s Sys=0.00s Real=0.00s
[2026-06-17T10:01:11.816+0800][9.444s][info][gc,start       ] GC(364) Pause Young (Allocation Failure)
[2026-06-17T10:01:11.817+0800][9.445s][info][gc,heap        ] GC(364) PSYoungGen: 10335K(14336K)->3804K(14336K) Eden: 7144K(7168K)->0K(7168K) From: 3191K(7168K)->3804K(7168K)
[2026-06-17T10:01:11.817+0800][9.445s][info][gc,heap        ] GC(364) ParOldGen: 36063K(44032K)->36063K(44032K)
[2026-06-17T10:01:11.817+0800][9.445s][info][gc,metaspace   ] GC(364) Metaspace: 110K(320K)->110K(320K) NonClass: 103K(192K)->103K(192K) Class: 7K(128K)->7K(128K)
[2026-06-17T10:01:11.817+0800][9.445s][info][gc             ] GC(364) Pause Young (Allocation Failure) 45M->38M(57M) 1.184ms
[2026-06-17T10:01:11.817+0800][9.445s][info][gc,cpu         ] GC(364) User=0.01s Sys=0.00s Real=0.00s
[2026-06-17T10:01:11.838+0800][9.466s][info][gc,start       ] GC(365) Pause Young (Allocation Failure)
[2026-06-17T10:01:11.839+0800][9.467s][info][gc,heap        ] GC(365) PSYoungGen: 10925K(14336K)->1960K(14336K) Eden: 7121K(7168K)->0K(7168K) From: 3804K(7168K)->1960K(7168K)
[2026-06-17T10:01:11.840+0800][9.467s][info][gc,heap        ] GC(365) ParOldGen: 36063K(44032K)->38240K(44032K)
[2026-06-17T10:01:11.840+0800][9.468s][info][gc,metaspace   ] GC(365) Metaspace: 110K(320K)->110K(320K) NonClass: 103K(192K)->103K(192K) Class: 7K(128K)->7K(128K)
[2026-06-17T10:01:11.840+0800][9.468s][info][gc             ] GC(365) Pause Young (Allocation Failure) 45M->39M(57M) 1.779ms
[2026-06-17T10:01:11.840+0800][9.468s][info][gc,cpu         ] GC(365) User=0.00s Sys=0.00s Real=0.00s
[2026-06-17T10:01:11.851+0800][9.479s][info][gc,start       ] GC(366) Pause Young (Allocation Failure)
[2026-06-17T10:01:11.852+0800][9.480s][info][gc,heap        ] GC(366) PSYoungGen: 8102K(14336K)->0K(14336K) Eden: 6142K(7168K)->0K(7168K) From: 1960K(7168K)->0K(7168K)
[2026-06-17T10:01:11.853+0800][9.480s][info][gc,heap        ] GC(366) ParOldGen: 38240K(44032K)->39864K(44032K)
[2026-06-17T10:01:11.853+0800][9.481s][info][gc,metaspace   ] GC(366) Metaspace: 110K(320K)->110K(320K) NonClass: 103K(192K)->103K(192K) Class: 7K(128K)->7K(128K)
[2026-06-17T10:01:11.853+0800][9.481s][info][gc             ] GC(366) Pause Young (Allocation Failure) 45M->38M(57M) 1.968ms
[2026-06-17T10:01:11.854+0800][9.481s][info][gc,cpu         ] GC(366) User=0.00s Sys=0.00s Real=0.00s
[2026-06-17T10:01:11.875+0800][9.503s][info][gc,start       ] GC(367) Pause Full (Ergonomics)
[2026-06-17T10:01:11.875+0800][9.503s][info][gc,phases,start] GC(367) Marking Phase
[2026-06-17T10:01:11.878+0800][9.505s][info][gc,phases      ] GC(367) Marking Phase 2.028ms
[2026-06-17T10:01:11.878+0800][9.506s][info][gc,phases,start] GC(367) Summary Phase
[2026-06-17T10:01:11.878+0800][9.506s][info][gc,phases      ] GC(367) Summary Phase 0.422ms
[2026-06-17T10:01:11.879+0800][9.506s][info][gc,phases,start] GC(367) Adjust Roots
[2026-06-17T10:01:11.879+0800][9.507s][info][gc,phases      ] GC(367) Adjust Roots 0.410ms
[2026-06-17T10:01:11.879+0800][9.507s][info][gc,phases,start] GC(367) Compaction Phase
[2026-06-17T10:01:11.881+0800][9.509s][info][gc,phases      ] GC(367) Compaction Phase 2.091ms
[2026-06-17T10:01:11.882+0800][9.509s][info][gc,phases,start] GC(367) Post Compact
[2026-06-17T10:01:11.882+0800][9.510s][info][gc,phases      ] GC(367) Post Compact 0.277ms
[2026-06-17T10:01:11.882+0800][9.510s][info][gc,heap        ] GC(367) PSYoungGen: 7131K(14336K)->0K(14336K) Eden: 7131K(7168K)->0K(7168K) From: 0K(7168K)->0K(7168K)
[2026-06-17T10:01:11.882+0800][9.510s][info][gc,heap        ] GC(367) ParOldGen: 39864K(44032K)->24552K(44032K)
[2026-06-17T10:01:11.883+0800][9.510s][info][gc,metaspace   ] GC(367) Metaspace: 110K(320K)->110K(320K) NonClass: 103K(192K)->103K(192K) Class: 7K(128K)->7K(128K)
[2026-06-17T10:01:11.883+0800][9.511s][info][gc             ] GC(367) Pause Full (Ergonomics) 45M->23M(57M) 7.868ms
[2026-06-17T10:01:11.883+0800][9.511s][info][gc,cpu         ] GC(367) User=0.01s Sys=0.00s Real=0.01s
[2026-06-17T10:01:11.904+0800][9.532s][info][gc,start       ] GC(368) Pause Young (Allocation Failure)
[2026-06-17T10:01:11.906+0800][9.533s][info][gc,heap        ] GC(368) PSYoungGen: 7168K(14336K)->3639K(14336K) Eden: 7168K(7168K)->0K(7168K) From: 0K(7168K)->3639K(7168K)
[2026-06-17T10:01:11.906+0800][9.534s][info][gc,heap        ] GC(368) ParOldGen: 24552K(44032K)->24552K(44032K)
[2026-06-17T10:01:11.907+0800][9.534s][info][gc,metaspace   ] GC(368) Metaspace: 110K(320K)->110K(320K) NonClass: 103K(192K)->103K(192K) Class: 7K(128K)->7K(128K)
[2026-06-17T10:01:11.907+0800][9.535s][info][gc             ] GC(368) Pause Young (Allocation Failure) 30M->27M(57M) 2.794ms
[2026-06-17T10:01:11.908+0800][9.536s][info][gc,cpu         ] GC(368) User=0.00s Sys=0.00s Real=0.00s
[2026-06-17T10:01:11.919+0800][9.547s][info][gc,start       ] GC(369) Pause Young (Allocation Failure)
[2026-06-17T10:01:11.921+0800][9.549s][info][gc,heap        ] GC(369) PSYoungGen: 10790K(14336K)->4035K(14336K) Eden: 7151K(7168K)->0K(7168K) From: 3639K(7168K)->4035K(7168K)
[2026-06-17T10:01:11.921+0800][9.549s][info][gc,heap        ] GC(369) ParOldGen: 24552K(44032K)->28045K(44032K)
[2026-06-17T10:01:11.922+0800][9.549s][info][gc,metaspace   ] GC(369) Metaspace: 110K(320K)->110K(320K) NonClass: 103K(192K)->103K(192K) Class: 7K(128K)->7K(128K)
[2026-06-17T10:01:11.922+0800][9.550s][info][gc             ] GC(369) Pause Young (Allocation Failure) 34M->31M(57M) 2.663ms
[2026-06-17T10:01:11.922+0800][9.550s][info][gc,cpu         ] GC(369) User=0.00s Sys=0.00s Real=0.00s
[2026-06-17T10:01:11.945+0800][9.573s][info][gc,start       ] GC(370) Pause Young (Allocation Failure)
[2026-06-17T10:01:11.946+0800][9.574s][info][gc,heap        ] GC(370) PSYoungGen: 11198K(14336K)->2552K(14336K) Eden: 7162K(7168K)->0K(7168K) From: 4035K(7168K)->2552K(7168K)
[2026-06-17T10:01:11.947+0800][9.574s][info][gc,heap        ] GC(370) ParOldGen: 28045K(44032K)->29951K(44032K)
[2026-06-17T10:01:11.947+0800][9.575s][info][gc,metaspace   ] GC(370) Metaspace: 110K(320K)->110K(320K) NonClass: 103K(192K)->103K(192K) Class: 7K(128K)->7K(128K)
[2026-06-17T10:01:11.947+0800][9.575s][info][gc             ] GC(370) Pause Young (Allocation Failure) 38M->31M(57M) 1.900ms
[2026-06-17T10:01:11.947+0800][9.575s][info][gc,cpu         ] GC(370) User=0.01s Sys=0.00s Real=0.00s
[2026-06-17T10:01:11.968+0800][9.596s][info][gc,start       ] GC(371) Pause Young (Allocation Failure)
[2026-06-17T10:01:11.969+0800][9.597s][info][gc,heap        ] GC(371) PSYoungGen: 9719K(14336K)->2831K(14336K) Eden: 7166K(7168K)->0K(7168K) From: 2552K(7168K)->2831K(7168K)
[2026-06-17T10:01:11.970+0800][9.597s][info][gc,heap        ] GC(371) ParOldGen: 29951K(44032K)->29951K(44032K)
[2026-06-17T10:01:11.970+0800][9.598s][info][gc,metaspace   ] GC(371) Metaspace: 110K(320K)->110K(320K) NonClass: 103K(192K)->103K(192K) Class: 7K(128K)->7K(128K)
[2026-06-17T10:01:11.970+0800][9.598s][info][gc             ] GC(371) Pause Young (Allocation Failure) 38M->32M(57M) 1.819ms
[2026-06-17T10:01:11.971+0800][9.598s][info][gc,cpu         ] GC(371) User=0.00s Sys=0.00s Real=0.01s
[2026-06-17T10:01:11.981+0800][9.609s][info][gc,start       ] GC(372) Pause Young (Allocation Failure)
[2026-06-17T10:01:11.983+0800][9.610s][info][gc,heap        ] GC(372) PSYoungGen: 9814K(14336K)->235K(14336K) Eden: 6983K(7168K)->0K(7168K) From: 2831K(7168K)->235K(7168K)
[2026-06-17T10:01:11.983+0800][9.611s][info][gc,heap        ] GC(372) ParOldGen: 29951K(44032K)->32617K(44032K)
[2026-06-17T10:01:11.983+0800][9.611s][info][gc,metaspace   ] GC(372) Metaspace: 110K(320K)->110K(320K) NonClass: 103K(192K)->103K(192K) Class: 7K(128K)->7K(128K)
[2026-06-17T10:01:11.983+0800][9.611s][info][gc             ] GC(372) Pause Young (Allocation Failure) 38M->32M(57M) 1.977ms
[2026-06-17T10:01:11.984+0800][9.611s][info][gc,cpu         ] GC(372) User=0.00s Sys=0.00s Real=0.01s
[2026-06-17T10:01:12.005+0800][9.632s][info][gc,start       ] GC(373) Pause Young (Allocation Failure)
[2026-06-17T10:01:12.006+0800][9.634s][info][gc,heap        ] GC(373) PSYoungGen: 7389K(14336K)->3751K(14336K) Eden: 7154K(7168K)->0K(7168K) From: 235K(7168K)->3751K(7168K)
[2026-06-17T10:01:12.006+0800][9.634s][info][gc,heap        ] GC(373) ParOldGen: 32617K(44032K)->32828K(44032K)
[2026-06-17T10:01:12.007+0800][9.634s][info][gc,metaspace   ] GC(373) Metaspace: 110K(320K)->110K(320K) NonClass: 103K(192K)->103K(192K) Class: 7K(128K)->7K(128K)
[2026-06-17T10:01:12.007+0800][9.635s][info][gc             ] GC(373) Pause Young (Allocation Failure) 39M->35M(57M) 2.193ms
[2026-06-17T10:01:12.007+0800][9.635s][info][gc,cpu         ] GC(373) User=0.00s Sys=0.00s Real=0.00s
[2026-06-17T10:01:12.018+0800][9.646s][info][gc,start       ] GC(374) Pause Young (Allocation Failure)
[2026-06-17T10:01:12.019+0800][9.647s][info][gc,heap        ] GC(374) PSYoungGen: 10658K(14336K)->2115K(14336K) Eden: 6906K(7168K)->0K(7168K) From: 3751K(7168K)->2115K(7168K)
[2026-06-17T10:01:12.019+0800][9.647s][info][gc,heap        ] GC(374) ParOldGen: 32828K(44032K)->34272K(44032K)
[2026-06-17T10:01:12.020+0800][9.647s][info][gc,metaspace   ] GC(374) Metaspace: 110K(320K)->110K(320K) NonClass: 103K(192K)->103K(192K) Class: 7K(128K)->7K(128K)
[2026-06-17T10:01:12.020+0800][9.648s][info][gc             ] GC(374) Pause Young (Allocation Failure) 42M->35M(57M) 1.746ms
[2026-06-17T10:01:12.020+0800][9.648s][info][gc,cpu         ] GC(374) User=0.00s Sys=0.00s Real=0.00s
[2026-06-17T10:01:12.041+0800][9.669s][info][gc,start       ] GC(375) Pause Young (Allocation Failure)
[2026-06-17T10:01:12.043+0800][9.671s][info][gc,heap        ] GC(375) PSYoungGen: 9253K(14336K)->3813K(14336K) Eden: 7138K(7168K)->0K(7168K) From: 2115K(7168K)->3813K(7168K)
[2026-06-17T10:01:12.044+0800][9.672s][info][gc,heap        ] GC(375) ParOldGen: 34272K(44032K)->36363K(44032K)
[2026-06-17T10:01:12.045+0800][9.672s][info][gc,metaspace   ] GC(375) Metaspace: 110K(320K)->110K(320K) NonClass: 103K(192K)->103K(192K) Class: 7K(128K)->7K(128K)
[2026-06-17T10:01:12.045+0800][9.673s][info][gc             ] GC(375) Pause Young (Allocation Failure) 42M->39M(57M) 3.835ms
[2026-06-17T10:01:12.046+0800][9.673s][info][gc,cpu         ] GC(375) User=0.00s Sys=0.00s Real=0.01s
[2026-06-17T10:01:12.067+0800][9.695s][info][gc,start       ] GC(376) Pause Young (Allocation Failure)
[2026-06-17T10:01:12.068+0800][9.696s][info][gc,heap        ] GC(376) PSYoungGen: 10956K(14336K)->3624K(14336K) Eden: 7143K(7168K)->0K(7168K) From: 3813K(7168K)->3624K(7168K)
[2026-06-17T10:01:12.068+0800][9.696s][info][gc,heap        ] GC(376) ParOldGen: 36363K(44032K)->36740K(44032K)
[2026-06-17T10:01:12.068+0800][9.696s][info][gc,metaspace   ] GC(376) Metaspace: 110K(320K)->110K(320K) NonClass: 103K(192K)->103K(192K) Class: 7K(128K)->7K(128K)
[2026-06-17T10:01:12.068+0800][9.696s][info][gc             ] GC(376) Pause Young (Allocation Failure) 46M->39M(57M) 1.296ms
[2026-06-17T10:01:12.068+0800][9.696s][info][gc,cpu         ] GC(376) User=0.00s Sys=0.00s Real=0.00s
[2026-06-17T10:01:12.089+0800][9.717s][info][gc,start       ] GC(377) Pause Young (Allocation Failure)
[2026-06-17T10:01:12.090+0800][9.718s][info][gc,heap        ] GC(377) PSYoungGen: 10784K(14336K)->3862K(14336K) Eden: 7159K(7168K)->0K(7168K) From: 3624K(7168K)->3862K(7168K)
[2026-06-17T10:01:12.090+0800][9.718s][info][gc,heap        ] GC(377) ParOldGen: 36740K(44032K)->36740K(44032K)
[2026-06-17T10:01:12.091+0800][9.718s][info][gc,metaspace   ] GC(377) Metaspace: 110K(320K)->110K(320K) NonClass: 103K(192K)->103K(192K) Class: 7K(128K)->7K(128K)
[2026-06-17T10:01:12.091+0800][9.719s][info][gc             ] GC(377) Pause Young (Allocation Failure) 46M->39M(57M) 1.647ms
[2026-06-17T10:01:12.091+0800][9.719s][info][gc,cpu         ] GC(377) User=0.00s Sys=0.00s Real=0.01s
[2026-06-17T10:01:12.102+0800][9.730s][info][gc,start       ] GC(378) Pause Young (Allocation Failure)
[2026-06-17T10:01:12.104+0800][9.732s][info][gc,heap        ] GC(378) PSYoungGen: 11030K(14336K)->7160K(14336K) Eden: 7168K(7168K)->0K(7168K) From: 3862K(7168K)->7160K(7168K)
[2026-06-17T10:01:12.105+0800][9.732s][info][gc,heap        ] GC(378) ParOldGen: 36740K(44032K)->36927K(44032K)
[2026-06-17T10:01:12.105+0800][9.733s][info][gc,metaspace   ] GC(378) Metaspace: 110K(320K)->110K(320K) NonClass: 103K(192K)->103K(192K) Class: 7K(128K)->7K(128K)
[2026-06-17T10:01:12.105+0800][9.733s][info][gc             ] GC(378) Pause Young (Allocation Failure) 46M->43M(57M) 3.339ms
[2026-06-17T10:01:12.106+0800][9.734s][info][gc,cpu         ] GC(378) User=0.00s Sys=0.00s Real=0.01s
[2026-06-17T10:01:12.127+0800][9.755s][info][gc,start       ] GC(379) Pause Young (Allocation Failure)
[2026-06-17T10:01:12.128+0800][9.756s][info][gc,heap        ] GC(379) PSYoungGen: 14280K(14336K)->4624K(14336K) Eden: 7120K(7168K)->0K(7168K) From: 7160K(7168K)->4624K(7168K)
[2026-06-17T10:01:12.128+0800][9.756s][info][gc,heap        ] GC(379) ParOldGen: 36927K(44032K)->39372K(44032K)
[2026-06-17T10:01:12.129+0800][9.756s][info][gc,metaspace   ] GC(379) Metaspace: 110K(320K)->110K(320K) NonClass: 103K(192K)->103K(192K) Class: 7K(128K)->7K(128K)
[2026-06-17T10:01:12.129+0800][9.757s][info][gc             ] GC(379) Pause Young (Allocation Failure) 50M->42M(57M) 1.819ms
[2026-06-17T10:01:12.129+0800][9.757s][info][gc,cpu         ] GC(379) User=0.00s Sys=0.00s Real=0.00s
[2026-06-17T10:01:12.150+0800][9.778s][info][gc,start       ] GC(380) Pause Young (Allocation Failure)
[2026-06-17T10:01:12.151+0800][9.779s][info][gc,heap        ] GC(380) PSYoungGen: 11750K(14336K)->2805K(14336K) Eden: 7125K(7168K)->0K(7168K) From: 4624K(7168K)->2805K(7168K)
[2026-06-17T10:01:12.151+0800][9.779s][info][gc,heap        ] GC(380) ParOldGen: 39372K(44032K)->41554K(44032K)
[2026-06-17T10:01:12.151+0800][9.779s][info][gc,metaspace   ] GC(380) Metaspace: 110K(320K)->110K(320K) NonClass: 103K(192K)->103K(192K) Class: 7K(128K)->7K(128K)
[2026-06-17T10:01:12.152+0800][9.779s][info][gc             ] GC(380) Pause Young (Allocation Failure) 49M->43M(57M) 1.419ms
[2026-06-17T10:01:12.152+0800][9.779s][info][gc,cpu         ] GC(380) User=0.00s Sys=0.00s Real=0.01s
[2026-06-17T10:01:12.162+0800][9.790s][info][gc,start       ] GC(381) Pause Full (Ergonomics)
[2026-06-17T10:01:12.163+0800][9.790s][info][gc,phases,start] GC(381) Marking Phase
[2026-06-17T10:01:12.164+0800][9.791s][info][gc,phases      ] GC(381) Marking Phase 1.150ms
[2026-06-17T10:01:12.164+0800][9.792s][info][gc,phases,start] GC(381) Summary Phase
[2026-06-17T10:01:12.164+0800][9.792s][info][gc,phases      ] GC(381) Summary Phase 0.200ms
[2026-06-17T10:01:12.164+0800][9.792s][info][gc,phases,start] GC(381) Adjust Roots
[2026-06-17T10:01:12.165+0800][9.792s][info][gc,phases      ] GC(381) Adjust Roots 0.310ms
[2026-06-17T10:01:12.165+0800][9.793s][info][gc,phases,start] GC(381) Compaction Phase
[2026-06-17T10:01:12.167+0800][9.795s][info][gc,phases      ] GC(381) Compaction Phase 1.984ms
[2026-06-17T10:01:12.167+0800][9.795s][info][gc,phases,start] GC(381) Post Compact
[2026-06-17T10:01:12.168+0800][9.795s][info][gc,phases      ] GC(381) Post Compact 0.301ms
[2026-06-17T10:01:12.168+0800][9.796s][info][gc,heap        ] GC(381) PSYoungGen: 9803K(14336K)->0K(14336K) Eden: 6997K(7168K)->0K(7168K) From: 2805K(7168K)->0K(7168K)
[2026-06-17T10:01:12.168+0800][9.796s][info][gc,heap        ] GC(381) ParOldGen: 41554K(44032K)->30728K(44032K)
[2026-06-17T10:01:12.168+0800][9.796s][info][gc,metaspace   ] GC(381) Metaspace: 110K(320K)->110K(320K) NonClass: 103K(192K)->103K(192K) Class: 7K(128K)->7K(128K)
[2026-06-17T10:01:12.168+0800][9.796s][info][gc             ] GC(381) Pause Full (Ergonomics) 50M->30M(57M) 5.970ms
[2026-06-17T10:01:12.168+0800][9.796s][info][gc,cpu         ] GC(381) User=0.01s Sys=0.00s Real=0.01s
[2026-06-17T10:01:12.190+0800][9.817s][info][gc,start       ] GC(382) Pause Young (Allocation Failure)
[2026-06-17T10:01:12.191+0800][9.818s][info][gc,heap        ] GC(382) PSYoungGen: 7161K(14336K)->3762K(14336K) Eden: 7161K(7168K)->0K(7168K) From: 0K(7168K)->3762K(7168K)
[2026-06-17T10:01:12.191+0800][9.819s][info][gc,heap        ] GC(382) ParOldGen: 30728K(44032K)->30728K(44032K)
[2026-06-17T10:01:12.191+0800][9.819s][info][gc,metaspace   ] GC(382) Metaspace: 110K(320K)->110K(320K) NonClass: 103K(192K)->103K(192K) Class: 7K(128K)->7K(128K)
[2026-06-17T10:01:12.191+0800][9.819s][info][gc             ] GC(382) Pause Young (Allocation Failure) 37M->33M(57M) 1.654ms
[2026-06-17T10:01:12.191+0800][9.819s][info][gc,cpu         ] GC(382) User=0.00s Sys=0.00s Real=0.01s
[2026-06-17T10:01:12.213+0800][9.840s][info][gc,start       ] GC(383) Pause Young (Allocation Failure)
[2026-06-17T10:01:12.213+0800][9.841s][info][gc,heap        ] GC(383) PSYoungGen: 10883K(14336K)->3957K(14336K) Eden: 7120K(7168K)->0K(7168K) From: 3762K(7168K)->3957K(7168K)
[2026-06-17T10:01:12.214+0800][9.842s][info][gc,heap        ] GC(383) ParOldGen: 30728K(44032K)->30728K(44032K)
[2026-06-17T10:01:12.214+0800][9.842s][info][gc,metaspace   ] GC(383) Metaspace: 110K(320K)->110K(320K) NonClass: 103K(192K)->103K(192K) Class: 7K(128K)->7K(128K)
[2026-06-17T10:01:12.215+0800][9.842s][info][gc             ] GC(383) Pause Young (Allocation Failure) 40M->33M(57M) 1.997ms
[2026-06-17T10:01:12.215+0800][9.843s][info][gc,cpu         ] GC(383) User=0.00s Sys=0.00s Real=0.00s
[2026-06-17T10:01:12.236+0800][9.864s][info][gc,start       ] GC(384) Pause Young (Allocation Failure)
[2026-06-17T10:01:12.237+0800][9.865s][info][gc,heap        ] GC(384) PSYoungGen: 11076K(14336K)->3948K(14336K) Eden: 7118K(7168K)->0K(7168K) From: 3957K(7168K)->3948K(7168K)
[2026-06-17T10:01:12.237+0800][9.865s][info][gc,heap        ] GC(384) ParOldGen: 30728K(44032K)->30728K(44032K)
[2026-06-17T10:01:12.238+0800][9.865s][info][gc,metaspace   ] GC(384) Metaspace: 110K(320K)->110K(320K) NonClass: 103K(192K)->103K(192K) Class: 7K(128K)->7K(128K)
[2026-06-17T10:01:12.238+0800][9.866s][info][gc             ] GC(384) Pause Young (Allocation Failure) 40M->33M(57M) 1.840ms
[2026-06-17T10:01:12.238+0800][9.866s][info][gc,cpu         ] GC(384) User=0.01s Sys=0.00s Real=0.00s
[2026-06-17T10:01:12.259+0800][9.887s][info][gc,start       ] GC(385) Pause Young (Allocation Failure)
[2026-06-17T10:01:12.260+0800][9.888s][info][gc,heap        ] GC(385) PSYoungGen: 11116K(14336K)->4364K(14848K) Eden: 7168K(7168K)->0K(8192K) From: 3948K(7168K)->4364K(6656K)
[2026-06-17T10:01:12.261+0800][9.888s][info][gc,heap        ] GC(385) ParOldGen: 30728K(44032K)->30728K(44032K)
[2026-06-17T10:01:12.261+0800][9.889s][info][gc,metaspace   ] GC(385) Metaspace: 110K(320K)->110K(320K) NonClass: 103K(192K)->103K(192K) Class: 7K(128K)->7K(128K)
[2026-06-17T10:01:12.261+0800][9.889s][info][gc             ] GC(385) Pause Young (Allocation Failure) 40M->34M(57M) 1.755ms
[2026-06-17T10:01:12.261+0800][9.889s][info][gc,cpu         ] GC(385) User=0.00s Sys=0.00s Real=0.00s
[2026-06-17T10:01:12.272+0800][9.900s][info][gc,start       ] GC(386) Pause Young (Allocation Failure)
[2026-06-17T10:01:12.273+0800][9.901s][info][gc,heap        ] GC(386) PSYoungGen: 12547K(14848K)->5525K(13824K) Eden: 8183K(8192K)->0K(8192K) From: 4364K(6656K)->5525K(5632K)
[2026-06-17T10:01:12.274+0800][9.901s][info][gc,heap        ] GC(386) ParOldGen: 30728K(44032K)->30728K(44032K)
[2026-06-17T10:01:12.274+0800][9.902s][info][gc,metaspace   ] GC(386) Metaspace: 110K(320K)->110K(320K) NonClass: 103K(192K)->103K(192K) Class: 7K(128K)->7K(128K)
[2026-06-17T10:01:12.274+0800][9.902s][info][gc             ] GC(386) Pause Young (Allocation Failure) 42M->35M(56M) 1.761ms
[2026-06-17T10:01:12.274+0800][9.902s][info][gc,cpu         ] GC(386) User=0.00s Sys=0.00s Real=0.00s
[2026-06-17T10:01:12.296+0800][9.923s][info][gc,start       ] GC(387) Pause Young (Allocation Failure)
[2026-06-17T10:01:12.305+0800][9.933s][info][gc,heap        ] GC(387) PSYoungGen: 13702K(13824K)->7160K(14336K) Eden: 8177K(8192K)->0K(7168K) From: 5525K(5632K)->7160K(7168K)
[2026-06-17T10:01:12.343+0800][9.971s][info][gc,heap        ] GC(387) ParOldGen: 30728K(44032K)->33737K(44032K)
[2026-06-17T10:01:12.344+0800][9.972s][info][gc,metaspace   ] GC(387) Metaspace: 110K(320K)->110K(320K) NonClass: 103K(192K)->103K(192K) Class: 7K(128K)->7K(128K)
[2026-06-17T10:01:12.344+0800][9.972s][info][gc             ] GC(387) Pause Young (Allocation Failure) 43M->39M(57M) 48.438ms
[2026-06-17T10:01:12.345+0800][9.973s][info][gc,cpu         ] GC(387) User=0.00s Sys=0.00s Real=0.05s
[2026-06-17T10:01:12.367+0800][9.995s][info][gc,start       ] GC(388) Pause Young (Allocation Failure)
[2026-06-17T10:01:12.394+0800][10.021s][info][gc,heap        ] GC(388) PSYoungGen: 14320K(14336K)->5903K(14336K) Eden: 7160K(7168K)->0K(7168K) From: 7160K(7168K)->5903K(7168K)
[2026-06-17T10:01:12.404+0800][10.032s][info][gc,heap        ] GC(388) ParOldGen: 33737K(44032K)->34984K(44032K)
[2026-06-17T10:01:12.404+0800][10.032s][info][gc,metaspace   ] GC(388) Metaspace: 110K(320K)->110K(320K) NonClass: 103K(192K)->103K(192K) Class: 7K(128K)->7K(128K)
[2026-06-17T10:01:12.405+0800][10.033s][info][gc             ] GC(388) Pause Young (Allocation Failure) 46M->39M(57M) 38.188ms
[2026-06-17T10:01:12.410+0800][10.038s][info][gc,cpu         ] GC(388) User=0.00s Sys=0.00s Real=0.04s
[2026-06-17T10:01:12.437+0800][10.065s][info][gc,start       ] GC(389) Pause Young (Allocation Failure)
[2026-06-17T10:01:12.439+0800][10.067s][info][gc,heap        ] GC(389) PSYoungGen: 13042K(14336K)->6400K(14336K) Eden: 7139K(7168K)->0K(7168K) From: 5903K(7168K)->6400K(7168K)
[2026-06-17T10:01:12.441+0800][10.069s][info][gc,heap        ] GC(389) ParOldGen: 34984K(44032K)->34992K(44032K)
[2026-06-17T10:01:12.442+0800][10.070s][info][gc,metaspace   ] GC(389) Metaspace: 110K(320K)->110K(320K) NonClass: 103K(192K)->103K(192K) Class: 7K(128K)->7K(128K)
[2026-06-17T10:01:12.445+0800][10.073s][info][gc             ] GC(389) Pause Young (Allocation Failure) 46M->40M(57M) 7.885ms
[2026-06-17T10:01:12.449+0800][10.077s][info][gc,cpu         ] GC(389) User=0.01s Sys=0.00s Real=0.01s
[2026-06-17T10:01:12.466+0800][10.094s][info][gc,start       ] GC(390) Pause Young (Allocation Failure)
[2026-06-17T10:01:12.467+0800][10.095s][info][gc,heap        ] GC(390) PSYoungGen: 13555K(14336K)->6628K(14336K) Eden: 7154K(7168K)->0K(7168K) From: 6400K(7168K)->6628K(7168K)
[2026-06-17T10:01:12.469+0800][10.097s][info][gc,heap        ] GC(390) ParOldGen: 34992K(44032K)->38359K(44032K)
[2026-06-17T10:01:12.471+0800][10.099s][info][gc,metaspace   ] GC(390) Metaspace: 110K(320K)->110K(320K) NonClass: 103K(192K)->103K(192K) Class: 7K(128K)->7K(128K)
[2026-06-17T10:01:12.473+0800][10.101s][info][gc             ] GC(390) Pause Young (Allocation Failure) 47M->43M(57M) 7.126ms
[2026-06-17T10:01:12.477+0800][10.105s][info][gc,cpu         ] GC(390) User=0.00s Sys=0.00s Real=0.01s
[2026-06-17T10:01:12.500+0800][10.128s][info][gc,start       ] GC(391) Pause Young (Allocation Failure)
[2026-06-17T10:01:12.501+0800][10.129s][info][gc,heap        ] GC(391) PSYoungGen: 13789K(14336K)->5173K(14336K) Eden: 7161K(7168K)->0K(7168K) From: 6628K(7168K)->5173K(7168K)
[2026-06-17T10:01:12.502+0800][10.130s][info][gc,heap        ] GC(391) ParOldGen: 38359K(44032K)->40229K(44032K)
[2026-06-17T10:01:12.502+0800][10.130s][info][gc,metaspace   ] GC(391) Metaspace: 110K(320K)->110K(320K) NonClass: 103K(192K)->103K(192K) Class: 7K(128K)->7K(128K)
[2026-06-17T10:01:12.502+0800][10.130s][info][gc             ] GC(391) Pause Young (Allocation Failure) 50M->44M(57M) 1.912ms
[2026-06-17T10:01:12.503+0800][10.130s][info][gc,cpu         ] GC(391) User=0.00s Sys=0.00s Real=0.01s
[2026-06-17T10:01:12.524+0800][10.152s][info][gc,start       ] GC(392) Pause Full (Ergonomics)
[2026-06-17T10:01:12.526+0800][10.154s][info][gc,phases,start] GC(392) Marking Phase
[2026-06-17T10:01:12.529+0800][10.157s][info][gc,phases      ] GC(392) Marking Phase 3.331ms
[2026-06-17T10:01:12.532+0800][10.159s][info][gc,phases,start] GC(392) Summary Phase
[2026-06-17T10:01:12.532+0800][10.160s][info][gc,phases      ] GC(392) Summary Phase 0.603ms
[2026-06-17T10:01:12.534+0800][10.162s][info][gc,phases,start] GC(392) Adjust Roots
[2026-06-17T10:01:12.536+0800][10.164s][info][gc,phases      ] GC(392) Adjust Roots 1.817ms
[2026-06-17T10:01:12.537+0800][10.165s][info][gc,phases,start] GC(392) Compaction Phase
[2026-06-17T10:01:12.540+0800][10.167s][info][gc,phases      ] GC(392) Compaction Phase 2.253ms
[2026-06-17T10:01:12.540+0800][10.168s][info][gc,phases,start] GC(392) Post Compact
[2026-06-17T10:01:12.541+0800][10.168s][info][gc,phases      ] GC(392) Post Compact 0.438ms
[2026-06-17T10:01:12.541+0800][10.169s][info][gc,heap        ] GC(392) PSYoungGen: 12331K(14336K)->0K(14336K) Eden: 7158K(7168K)->0K(7168K) From: 5173K(7168K)->0K(7168K)
[2026-06-17T10:01:12.542+0800][10.169s][info][gc,heap        ] GC(392) ParOldGen: 40229K(44032K)->25753K(44032K)
[2026-06-17T10:01:12.542+0800][10.170s][info][gc,metaspace   ] GC(392) Metaspace: 110K(320K)->110K(320K) NonClass: 103K(192K)->103K(192K) Class: 7K(128K)->7K(128K)
[2026-06-17T10:01:12.542+0800][10.170s][info][gc             ] GC(392) Pause Full (Ergonomics) 51M->25M(57M) 18.233ms
[2026-06-17T10:01:12.542+0800][10.170s][info][gc,cpu         ] GC(392) User=0.01s Sys=0.00s Real=0.01s
[2026-06-17T10:01:12.563+0800][10.191s][info][gc,start       ] GC(393) Pause Young (Allocation Failure)
[2026-06-17T10:01:12.564+0800][10.192s][info][gc,heap        ] GC(393) PSYoungGen: 7153K(14336K)->3899K(14336K) Eden: 7153K(7168K)->0K(7168K) From: 0K(7168K)->3899K(7168K)
[2026-06-17T10:01:12.565+0800][10.192s][info][gc,heap        ] GC(393) ParOldGen: 25753K(44032K)->25753K(44032K)
[2026-06-17T10:01:12.565+0800][10.193s][info][gc,metaspace   ] GC(393) Metaspace: 110K(320K)->110K(320K) NonClass: 103K(192K)->103K(192K) Class: 7K(128K)->7K(128K)
[2026-06-17T10:01:12.565+0800][10.193s][info][gc             ] GC(393) Pause Young (Allocation Failure) 32M->28M(57M) 1.945ms
[2026-06-17T10:01:12.565+0800][10.193s][info][gc,cpu         ] GC(393) User=0.00s Sys=0.00s Real=0.00s
[2026-06-17T10:01:12.587+0800][10.215s][info][gc,start       ] GC(394) Pause Young (Allocation Failure)
[2026-06-17T10:01:12.588+0800][10.216s][info][gc,heap        ] GC(394) PSYoungGen: 11067K(14336K)->676K(14336K) Eden: 7168K(7168K)->0K(7168K) From: 3899K(7168K)->676K(7168K)
[2026-06-17T10:01:12.589+0800][10.217s][info][gc,heap        ] GC(394) ParOldGen: 25753K(44032K)->29441K(44032K)
[2026-06-17T10:01:12.589+0800][10.217s][info][gc,metaspace   ] GC(394) Metaspace: 110K(320K)->110K(320K) NonClass: 103K(192K)->103K(192K) Class: 7K(128K)->7K(128K)
[2026-06-17T10:01:12.590+0800][10.217s][info][gc             ] GC(394) Pause Young (Allocation Failure) 35M->29M(57M) 2.640ms
[2026-06-17T10:01:12.590+0800][10.217s][info][gc,cpu         ] GC(394) User=0.00s Sys=0.00s Real=0.00s
[2026-06-17T10:01:12.601+0800][10.229s][info][gc,start       ] GC(395) Pause Young (Allocation Failure)
[2026-06-17T10:01:12.603+0800][10.230s][info][gc,heap        ] GC(395) PSYoungGen: 7835K(14336K)->4260K(14336K) Eden: 7158K(7168K)->0K(7168K) From: 676K(7168K)->4260K(7168K)
[2026-06-17T10:01:12.603+0800][10.231s][info][gc,heap        ] GC(395) ParOldGen: 29441K(44032K)->29441K(44032K)
[2026-06-17T10:01:12.603+0800][10.231s][info][gc,metaspace   ] GC(395) Metaspace: 110K(320K)->110K(320K) NonClass: 103K(192K)->103K(192K) Class: 7K(128K)->7K(128K)
[2026-06-17T10:01:12.604+0800][10.231s][info][gc             ] GC(395) Pause Young (Allocation Failure) 36M->32M(57M) 2.504ms
[2026-06-17T10:01:12.604+0800][10.232s][info][gc,cpu         ] GC(395) User=0.00s Sys=0.00s Real=0.01s
[2026-06-17T10:01:12.626+0800][10.253s][info][gc,start       ] GC(396) Pause Young (Allocation Failure)
[2026-06-17T10:01:12.627+0800][10.255s][info][gc,heap        ] GC(396) PSYoungGen: 11416K(14336K)->2220K(14336K) Eden: 7155K(7168K)->0K(7168K) From: 4260K(7168K)->2220K(7168K)
[2026-06-17T10:01:12.627+0800][10.255s][info][gc,heap        ] GC(396) ParOldGen: 29441K(44032K)->31538K(44032K)
[2026-06-17T10:01:12.628+0800][10.256s][info][gc,metaspace   ] GC(396) Metaspace: 110K(320K)->110K(320K) NonClass: 103K(192K)->103K(192K) Class: 7K(128K)->7K(128K)
[2026-06-17T10:01:12.628+0800][10.256s][info][gc             ] GC(396) Pause Young (Allocation Failure) 39M->32M(57M) 2.694ms
[2026-06-17T10:01:12.629+0800][10.256s][info][gc,cpu         ] GC(396) User=0.00s Sys=0.00s Real=0.00s
[2026-06-17T10:01:12.640+0800][10.268s][info][gc,start       ] GC(397) Pause Young (Allocation Failure)
[2026-06-17T10:01:12.642+0800][10.269s][info][gc,heap        ] GC(397) PSYoungGen: 9367K(14336K)->5138K(14336K) Eden: 7146K(7168K)->0K(7168K) From: 2220K(7168K)->5138K(7168K)
[2026-06-17T10:01:12.642+0800][10.270s][info][gc,heap        ] GC(397) ParOldGen: 31538K(44032K)->32547K(44032K)
[2026-06-17T10:01:12.643+0800][10.270s][info][gc,metaspace   ] GC(397) Metaspace: 110K(320K)->110K(320K) NonClass: 103K(192K)->103K(192K) Class: 7K(128K)->7K(128K)
[2026-06-17T10:01:12.643+0800][10.271s][info][gc             ] GC(397) Pause Young (Allocation Failure) 39M->36M(57M) 3.069ms
[2026-06-17T10:01:12.643+0800][10.271s][info][gc,cpu         ] GC(397) User=0.00s Sys=0.00s Real=0.01s
[2026-06-17T10:01:12.665+0800][10.293s][info][gc,start       ] GC(398) Pause Young (Allocation Failure)
[2026-06-17T10:01:12.668+0800][10.296s][info][gc,heap        ] GC(398) PSYoungGen: 12306K(14336K)->32K(14336K) Eden: 7168K(7168K)->0K(7168K) From: 5138K(7168K)->32K(7168K)
[2026-06-17T10:01:12.668+0800][10.296s][info][gc,heap        ] GC(398) ParOldGen: 32547K(44032K)->34523K(44032K)
[2026-06-17T10:01:12.669+0800][10.297s][info][gc,metaspace   ] GC(398) Metaspace: 110K(320K)->110K(320K) NonClass: 103K(192K)->103K(192K) Class: 7K(128K)->7K(128K)
[2026-06-17T10:01:12.670+0800][10.297s][info][gc             ] GC(398) Pause Young (Allocation Failure) 43M->33M(57M) 4.482ms
[2026-06-17T10:01:12.670+0800][10.298s][info][gc,cpu         ] GC(398) User=0.01s Sys=0.00s Real=0.00s
[2026-06-17T10:01:12.692+0800][10.320s][info][gc,start       ] GC(399) Pause Young (Allocation Failure)
[2026-06-17T10:01:12.693+0800][10.321s][info][gc,heap        ] GC(399) PSYoungGen: 7188K(14336K)->3705K(14336K) Eden: 7156K(7168K)->0K(7168K) From: 32K(7168K)->3705K(7168K)
[2026-06-17T10:01:12.694+0800][10.321s][info][gc,heap        ] GC(399) ParOldGen: 34523K(44032K)->34531K(44032K)
[2026-06-17T10:01:12.694+0800][10.322s][info][gc,metaspace   ] GC(399) Metaspace: 110K(320K)->110K(320K) NonClass: 103K(192K)->103K(192K) Class: 7K(128K)->7K(128K)
[2026-06-17T10:01:12.695+0800][10.322s][info][gc             ] GC(399) Pause Young (Allocation Failure) 40M->37M(57M) 2.485ms
[2026-06-17T10:01:12.695+0800][10.323s][info][gc,cpu         ] GC(399) User=0.00s Sys=0.00s Real=0.00s
[2026-06-17T10:01:12.706+0800][10.334s][info][gc,start       ] GC(400) Pause Young (Allocation Failure)
[2026-06-17T10:01:12.708+0800][10.336s][info][gc,heap        ] GC(400) PSYoungGen: 10597K(14336K)->1633K(14336K) Eden: 6891K(7168K)->0K(7168K) From: 3705K(7168K)->1633K(7168K)
[2026-06-17T10:01:12.711+0800][10.339s][info][gc,heap        ] GC(400) ParOldGen: 34531K(44032K)->36217K(44032K)
[2026-06-17T10:01:12.713+0800][10.341s][info][gc,metaspace   ] GC(400) Metaspace: 110K(320K)->110K(320K) NonClass: 103K(192K)->103K(192K) Class: 7K(128K)->7K(128K)
[2026-06-17T10:01:12.714+0800][10.341s][info][gc             ] GC(400) Pause Young (Allocation Failure) 44M->36M(57M) 7.590ms
[2026-06-17T10:01:12.714+0800][10.342s][info][gc,cpu         ] GC(400) User=0.00s Sys=0.00s Real=0.01s
[2026-06-17T10:01:12.746+0800][10.373s][info][gc,start       ] GC(401) Pause Young (Allocation Failure)
[2026-06-17T10:01:12.747+0800][10.375s][info][gc,heap        ] GC(401) PSYoungGen: 8766K(14336K)->818K(14336K) Eden: 7133K(7168K)->0K(7168K) From: 1633K(7168K)->818K(7168K)
[2026-06-17T10:01:12.747+0800][10.375s][info][gc,heap        ] GC(401) ParOldGen: 36217K(44032K)->37826K(44032K)
[2026-06-17T10:01:12.747+0800][10.375s][info][gc,metaspace   ] GC(401) Metaspace: 110K(320K)->110K(320K) NonClass: 103K(192K)->103K(192K) Class: 7K(128K)->7K(128K)
[2026-06-17T10:01:12.748+0800][10.375s][info][gc             ] GC(401) Pause Young (Allocation Failure) 43M->37M(57M) 1.871ms
[2026-06-17T10:01:12.748+0800][10.376s][info][gc,cpu         ] GC(401) User=0.00s Sys=0.01s Real=0.00s
[2026-06-17T10:01:12.759+0800][10.386s][info][gc,start       ] GC(402) Pause Young (Allocation Failure)
[2026-06-17T10:01:12.759+0800][10.387s][info][gc,heap        ] GC(402) PSYoungGen: 7980K(14336K)->3922K(14336K) Eden: 7162K(7168K)->0K(7168K) From: 818K(7168K)->3922K(7168K)
[2026-06-17T10:01:12.760+0800][10.387s][info][gc,heap        ] GC(402) ParOldGen: 37826K(44032K)->38193K(44032K)
[2026-06-17T10:01:12.760+0800][10.388s][info][gc,metaspace   ] GC(402) Metaspace: 110K(320K)->110K(320K) NonClass: 103K(192K)->103K(192K) Class: 7K(128K)->7K(128K)
[2026-06-17T10:01:12.760+0800][10.388s][info][gc             ] GC(402) Pause Young (Allocation Failure) 44M->41M(57M) 1.261ms
[2026-06-17T10:01:12.760+0800][10.388s][info][gc,cpu         ] GC(402) User=0.00s Sys=0.00s Real=0.00s
[2026-06-17T10:01:12.781+0800][10.409s][info][gc,start       ] GC(403) Pause Young (Allocation Failure)
[2026-06-17T10:01:12.782+0800][10.410s][info][gc,heap        ] GC(403) PSYoungGen: 11078K(14336K)->2696K(14336K) Eden: 7155K(7168K)->0K(7168K) From: 3922K(7168K)->2696K(7168K)
[2026-06-17T10:01:12.782+0800][10.410s][info][gc,heap        ] GC(403) ParOldGen: 38193K(44032K)->40006K(44032K)
[2026-06-17T10:01:12.783+0800][10.410s][info][gc,metaspace   ] GC(403) Metaspace: 110K(320K)->110K(320K) NonClass: 103K(192K)->103K(192K) Class: 7K(128K)->7K(128K)
[2026-06-17T10:01:12.783+0800][10.410s][info][gc             ] GC(403) Pause Young (Allocation Failure) 48M->41M(57M) 1.682ms
[2026-06-17T10:01:12.783+0800][10.411s][info][gc,cpu         ] GC(403) User=0.00s Sys=0.00s Real=0.01s
[2026-06-17T10:01:12.804+0800][10.432s][info][gc,start       ] GC(404) Pause Young (Allocation Failure)
[2026-06-17T10:01:12.805+0800][10.433s][info][gc,heap        ] GC(404) PSYoungGen: 9851K(14336K)->2669K(14336K) Eden: 7154K(7168K)->0K(7168K) From: 2696K(7168K)->2669K(7168K)
[2026-06-17T10:01:12.805+0800][10.433s][info][gc,heap        ] GC(404) ParOldGen: 40006K(44032K)->40006K(44032K)
[2026-06-17T10:01:12.806+0800][10.433s][info][gc,metaspace   ] GC(404) Metaspace: 110K(320K)->110K(320K) NonClass: 103K(192K)->103K(192K) Class: 7K(128K)->7K(128K)
[2026-06-17T10:01:12.806+0800][10.434s][info][gc             ] GC(404) Pause Young (Allocation Failure) 48M->41M(57M) 2.024ms
[2026-06-17T10:01:12.806+0800][10.434s][info][gc,cpu         ] GC(404) User=0.00s Sys=0.00s Real=0.00s
[2026-06-17T10:01:12.817+0800][10.445s][info][gc,start       ] GC(405) Pause Young (Allocation Failure)
[2026-06-17T10:01:12.819+0800][10.446s][info][gc,heap        ] GC(405) PSYoungGen: 9679K(14336K)->2665K(14336K) Eden: 7010K(7168K)->0K(7168K) From: 2669K(7168K)->2665K(7168K)
[2026-06-17T10:01:12.819+0800][10.447s][info][gc,heap        ] GC(405) ParOldGen: 40006K(44032K)->40006K(44032K)
[2026-06-17T10:01:12.820+0800][10.447s][info][gc,metaspace   ] GC(405) Metaspace: 110K(320K)->110K(320K) NonClass: 103K(192K)->103K(192K) Class: 7K(128K)->7K(128K)
[2026-06-17T10:01:12.820+0800][10.448s][info][gc             ] GC(405) Pause Young (Allocation Failure) 48M->41M(57M) 2.792ms
[2026-06-17T10:01:12.820+0800][10.448s][info][gc,cpu         ] GC(405) User=0.00s Sys=0.00s Real=0.00s
[2026-06-17T10:01:12.842+0800][10.470s][info][gc,start       ] GC(406) Pause Young (Allocation Failure)
[2026-06-17T10:01:12.844+0800][10.472s][info][gc,heap        ] GC(406) PSYoungGen: 9830K(14336K)->4277K(14336K) Eden: 7165K(7168K)->0K(7168K) From: 2665K(7168K)->4277K(7168K)
[2026-06-17T10:01:12.845+0800][10.473s][info][gc,heap        ] GC(406) ParOldGen: 40006K(44032K)->42053K(44032K)
[2026-06-17T10:01:12.847+0800][10.475s][info][gc,metaspace   ] GC(406) Metaspace: 110K(320K)->110K(320K) NonClass: 103K(192K)->103K(192K) Class: 7K(128K)->7K(128K)
[2026-06-17T10:01:12.847+0800][10.475s][info][gc             ] GC(406) Pause Young (Allocation Failure) 48M->45M(57M) 5.181ms
[2026-06-17T10:01:12.847+0800][10.475s][info][gc,cpu         ] GC(406) User=0.00s Sys=0.00s Real=0.01s
[2026-06-17T10:01:12.858+0800][10.486s][info][gc,start       ] GC(407) Pause Full (Ergonomics)
[2026-06-17T10:01:12.859+0800][10.487s][info][gc,phases,start] GC(407) Marking Phase
[2026-06-17T10:01:12.860+0800][10.488s][info][gc,phases      ] GC(407) Marking Phase 1.561ms
[2026-06-17T10:01:12.861+0800][10.488s][info][gc,phases,start] GC(407) Summary Phase
[2026-06-17T10:01:12.861+0800][10.489s][info][gc,phases      ] GC(407) Summary Phase 0.182ms
[2026-06-17T10:01:12.861+0800][10.489s][info][gc,phases,start] GC(407) Adjust Roots
[2026-06-17T10:01:12.861+0800][10.489s][info][gc,phases      ] GC(407) Adjust Roots 0.250ms
[2026-06-17T10:01:12.861+0800][10.489s][info][gc,phases,start] GC(407) Compaction Phase
[2026-06-17T10:01:12.863+0800][10.491s][info][gc,phases      ] GC(407) Compaction Phase 1.754ms
[2026-06-17T10:01:12.863+0800][10.491s][info][gc,phases,start] GC(407) Post Compact
[2026-06-17T10:01:12.864+0800][10.491s][info][gc,phases      ] GC(407) Post Compact 0.241ms
[2026-06-17T10:01:12.864+0800][10.492s][info][gc,heap        ] GC(407) PSYoungGen: 11287K(14336K)->0K(14336K) Eden: 7009K(7168K)->0K(7168K) From: 4277K(7168K)->0K(7168K)
[2026-06-17T10:01:12.864+0800][10.492s][info][gc,heap        ] GC(407) ParOldGen: 42053K(44032K)->33375K(44032K)
[2026-06-17T10:01:12.864+0800][10.492s][info][gc,metaspace   ] GC(407) Metaspace: 110K(320K)->110K(320K) NonClass: 103K(192K)->103K(192K) Class: 7K(128K)->7K(128K)
[2026-06-17T10:01:12.864+0800][10.492s][info][gc             ] GC(407) Pause Full (Ergonomics) 52M->32M(57M) 6.139ms
[2026-06-17T10:01:12.865+0800][10.492s][info][gc,cpu         ] GC(407) User=0.00s Sys=0.00s Real=0.01s
[2026-06-17T10:01:12.886+0800][10.514s][info][gc,start       ] GC(408) Pause Young (Allocation Failure)
[2026-06-17T10:01:12.887+0800][10.515s][info][gc,heap        ] GC(408) PSYoungGen: 7168K(14336K)->3798K(14336K) Eden: 7168K(7168K)->0K(7168K) From: 0K(7168K)->3798K(7168K)
[2026-06-17T10:01:12.887+0800][10.515s][info][gc,heap        ] GC(408) ParOldGen: 33375K(44032K)->33375K(44032K)
[2026-06-17T10:01:12.887+0800][10.515s][info][gc,metaspace   ] GC(408) Metaspace: 110K(320K)->110K(320K) NonClass: 103K(192K)->103K(192K) Class: 7K(128K)->7K(128K)
[2026-06-17T10:01:12.888+0800][10.515s][info][gc             ] GC(408) Pause Young (Allocation Failure) 39M->36M(57M) 1.596ms
[2026-06-17T10:01:12.888+0800][10.516s][info][gc,cpu         ] GC(408) User=0.00s Sys=0.00s Real=0.00s
[2026-06-17T10:01:12.909+0800][10.537s][info][gc,start       ] GC(409) Pause Young (Allocation Failure)
[2026-06-17T10:01:12.910+0800][10.538s][info][gc,heap        ] GC(409) PSYoungGen: 10966K(14336K)->3894K(14848K) Eden: 7167K(7168K)->0K(7680K) From: 3798K(7168K)->3894K(7168K)
[2026-06-17T10:01:12.911+0800][10.538s][info][gc,heap        ] GC(409) ParOldGen: 33375K(44032K)->33375K(44032K)
[2026-06-17T10:01:12.911+0800][10.539s][info][gc,metaspace   ] GC(409) Metaspace: 110K(320K)->110K(320K) NonClass: 103K(192K)->103K(192K) Class: 7K(128K)->7K(128K)
[2026-06-17T10:01:12.911+0800][10.539s][info][gc             ] GC(409) Pause Young (Allocation Failure) 43M->36M(57M) 2.168ms
[2026-06-17T10:01:12.911+0800][10.539s][info][gc,cpu         ] GC(409) User=0.00s Sys=0.00s Real=0.01s
[2026-06-17T10:01:12.933+0800][10.561s][info][gc,start       ] GC(410) Pause Young (Allocation Failure)
[2026-06-17T10:01:12.935+0800][10.562s][info][gc,heap        ] GC(410) PSYoungGen: 11548K(14848K)->4347K(14336K) Eden: 7653K(7680K)->0K(7680K) From: 3894K(7168K)->4347K(6656K)
[2026-06-17T10:01:12.935+0800][10.563s][info][gc,heap        ] GC(410) ParOldGen: 33375K(44032K)->33375K(44032K)
[2026-06-17T10:01:12.935+0800][10.563s][info][gc,metaspace   ] GC(410) Metaspace: 110K(320K)->110K(320K) NonClass: 103K(192K)->103K(192K) Class: 7K(128K)->7K(128K)
[2026-06-17T10:01:12.936+0800][10.563s][info][gc             ] GC(410) Pause Young (Allocation Failure) 43M->36M(57M) 2.648ms
[2026-06-17T10:01:12.936+0800][10.564s][info][gc,cpu         ] GC(410) User=0.00s Sys=0.00s Real=0.00s
[2026-06-17T10:01:12.958+0800][10.585s][info][gc,start       ] GC(411) Pause Young (Allocation Failure)
[2026-06-17T10:01:12.960+0800][10.587s][info][gc,heap        ] GC(411) PSYoungGen: 11978K(14336K)->4929K(13824K) Eden: 7631K(7680K)->0K(7168K) From: 4347K(6656K)->4929K(6656K)
[2026-06-17T10:01:12.960+0800][10.588s][info][gc,heap        ] GC(411) ParOldGen: 33375K(44032K)->33375K(44032K)
[2026-06-17T10:01:12.960+0800][10.588s][info][gc,metaspace   ] GC(411) Metaspace: 110K(320K)->110K(320K) NonClass: 103K(192K)->103K(192K) Class: 7K(128K)->7K(128K)
[2026-06-17T10:01:12.961+0800][10.588s][info][gc             ] GC(411) Pause Young (Allocation Failure) 44M->37M(56M) 3.079ms
[2026-06-17T10:01:12.961+0800][10.589s][info][gc,cpu         ] GC(411) User=0.00s Sys=0.00s Real=0.00s
[2026-06-17T10:01:12.973+0800][10.600s][info][gc,start       ] GC(412) Pause Young (Allocation Failure)
[2026-06-17T10:01:12.974+0800][10.602s][info][gc,heap        ] GC(412) PSYoungGen: 12029K(13824K)->4151K(14336K) Eden: 7099K(7168K)->0K(7168K) From: 4929K(6656K)->4151K(7168K)
[2026-06-17T10:01:12.975+0800][10.603s][info][gc,heap        ] GC(412) ParOldGen: 33375K(44032K)->34437K(44032K)
[2026-06-17T10:01:12.975+0800][10.603s][info][gc,metaspace   ] GC(412) Metaspace: 110K(320K)->110K(320K) NonClass: 103K(192K)->103K(192K) Class: 7K(128K)->7K(128K)
[2026-06-17T10:01:12.976+0800][10.603s][info][gc             ] GC(412) Pause Young (Allocation Failure) 44M->37M(57M) 3.035ms
[2026-06-17T10:01:12.976+0800][10.604s][info][gc,cpu         ] GC(412) User=0.00s Sys=0.00s Real=0.00s
[2026-06-17T10:01:12.997+0800][10.625s][info][gc,start       ] GC(413) Pause Young (Allocation Failure)
[2026-06-17T10:01:12.999+0800][10.627s][info][gc,heap        ] GC(413) PSYoungGen: 11319K(14336K)->5936K(14336K) Eden: 7168K(7168K)->0K(7168K) From: 4151K(7168K)->5936K(7168K)
[2026-06-17T10:01:13.000+0800][10.627s][info][gc,heap        ] GC(413) ParOldGen: 34437K(44032K)->36436K(44032K)
[2026-06-17T10:01:13.000+0800][10.628s][info][gc,metaspace   ] GC(413) Metaspace: 110K(320K)->110K(320K) NonClass: 103K(192K)->103K(192K) Class: 7K(128K)->7K(128K)
[2026-06-17T10:01:13.000+0800][10.628s][info][gc             ] GC(413) Pause Young (Allocation Failure) 44M->41M(57M) 3.015ms
[2026-06-17T10:01:13.001+0800][10.628s][info][gc,cpu         ] GC(413) User=0.01s Sys=0.00s Real=0.00s
[2026-06-17T10:01:13.022+0800][10.650s][info][gc,start       ] GC(414) Pause Young (Allocation Failure)
[2026-06-17T10:01:13.024+0800][10.651s][info][gc,heap        ] GC(414) PSYoungGen: 13065K(14336K)->4003K(14336K) Eden: 7128K(7168K)->0K(7168K) From: 5936K(7168K)->4003K(7168K)
[2026-06-17T10:01:13.024+0800][10.652s][info][gc,heap        ] GC(414) ParOldGen: 36436K(44032K)->38549K(44032K)
[2026-06-17T10:01:13.024+0800][10.652s][info][gc,metaspace   ] GC(414) Metaspace: 110K(320K)->110K(320K) NonClass: 103K(192K)->103K(192K) Class: 7K(128K)->7K(128K)
[2026-06-17T10:01:13.025+0800][10.653s][info][gc             ] GC(414) Pause Young (Allocation Failure) 48M->41M(57M) 2.976ms
[2026-06-17T10:01:13.025+0800][10.653s][info][gc,cpu         ] GC(414) User=0.00s Sys=0.00s Real=0.01s
[2026-06-17T10:01:13.047+0800][10.675s][info][gc,start       ] GC(415) Pause Young (Allocation Failure)
[2026-06-17T10:01:13.049+0800][10.676s][info][gc,heap        ] GC(415) PSYoungGen: 11155K(14336K)->609K(14336K) Eden: 7151K(7168K)->0K(7168K) From: 4003K(7168K)->609K(7168K)
[2026-06-17T10:01:13.049+0800][10.677s][info][gc,heap        ] GC(415) ParOldGen: 38549K(44032K)->42054K(44032K)
[2026-06-17T10:01:13.050+0800][10.678s][info][gc,metaspace   ] GC(415) Metaspace: 110K(320K)->110K(320K) NonClass: 103K(192K)->103K(192K) Class: 7K(128K)->7K(128K)
[2026-06-17T10:01:13.051+0800][10.678s][info][gc             ] GC(415) Pause Young (Allocation Failure) 48M->41M(57M) 3.515ms
[2026-06-17T10:01:13.051+0800][10.679s][info][gc,cpu         ] GC(415) User=0.00s Sys=0.00s Real=0.01s
[2026-06-17T10:01:13.065+0800][10.693s][info][gc,start       ] GC(416) Pause Full (Ergonomics)
[2026-06-17T10:01:13.066+0800][10.694s][info][gc,phases,start] GC(416) Marking Phase
[2026-06-17T10:01:13.069+0800][10.696s][info][gc,phases      ] GC(416) Marking Phase 2.528ms
[2026-06-17T10:01:13.069+0800][10.697s][info][gc,phases,start] GC(416) Summary Phase
[2026-06-17T10:01:13.070+0800][10.697s][info][gc,phases      ] GC(416) Summary Phase 0.514ms
[2026-06-17T10:01:13.070+0800][10.698s][info][gc,phases,start] GC(416) Adjust Roots
[2026-06-17T10:01:13.072+0800][10.699s][info][gc,phases      ] GC(416) Adjust Roots 1.575ms
[2026-06-17T10:01:13.072+0800][10.700s][info][gc,phases,start] GC(416) Compaction Phase
[2026-06-17T10:01:13.074+0800][10.702s][info][gc,phases      ] GC(416) Compaction Phase 1.835ms
[2026-06-17T10:01:13.074+0800][10.702s][info][gc,phases,start] GC(416) Post Compact
[2026-06-17T10:01:13.075+0800][10.702s][info][gc,phases      ] GC(416) Post Compact 0.355ms
[2026-06-17T10:01:13.075+0800][10.703s][info][gc,heap        ] GC(416) PSYoungGen: 7777K(14336K)->0K(14336K) Eden: 7168K(7168K)->0K(7168K) From: 609K(7168K)->0K(7168K)
[2026-06-17T10:01:13.075+0800][10.703s][info][gc,heap        ] GC(416) ParOldGen: 42054K(44032K)->20464K(44032K)
[2026-06-17T10:01:13.075+0800][10.703s][info][gc,metaspace   ] GC(416) Metaspace: 112K(320K)->112K(320K) NonClass: 104K(192K)->104K(192K) Class: 7K(128K)->7K(128K)
[2026-06-17T10:01:13.076+0800][10.703s][info][gc             ] GC(416) Pause Full (Ergonomics) 48M->19M(57M) 10.486ms
[2026-06-17T10:01:13.076+0800][10.703s][info][gc,cpu         ] GC(416) User=0.01s Sys=0.00s Real=0.01s
[2026-06-17T10:01:13.097+0800][10.725s][info][gc,start       ] GC(417) Pause Young (Allocation Failure)
[2026-06-17T10:01:13.099+0800][10.726s][info][gc,heap        ] GC(417) PSYoungGen: 7145K(14336K)->3738K(14336K) Eden: 7145K(7168K)->0K(7168K) From: 0K(7168K)->3738K(7168K)
[2026-06-17T10:01:13.099+0800][10.727s][info][gc,heap        ] GC(417) ParOldGen: 20464K(44032K)->20464K(44032K)
[2026-06-17T10:01:13.099+0800][10.727s][info][gc,metaspace   ] GC(417) Metaspace: 112K(320K)->112K(320K) NonClass: 104K(192K)->104K(192K) Class: 7K(128K)->7K(128K)
[2026-06-17T10:01:13.100+0800][10.728s][info][gc             ] GC(417) Pause Young (Allocation Failure) 26M->23M(57M) 2.651ms
[2026-06-17T10:01:13.100+0800][10.728s][info][gc,cpu         ] GC(417) User=0.00s Sys=0.01s Real=0.00s
[2026-06-17T10:01:13.112+0800][10.739s][info][gc,start       ] GC(418) Pause Young (Allocation Failure)
[2026-06-17T10:01:13.115+0800][10.743s][info][gc,heap        ] GC(418) PSYoungGen: 10888K(14336K)->4995K(14336K) Eden: 7149K(7168K)->0K(7168K) From: 3738K(7168K)->4995K(7168K)
[2026-06-17T10:01:13.116+0800][10.744s][info][gc,heap        ] GC(418) ParOldGen: 20464K(44032K)->22752K(44032K)
[2026-06-17T10:01:13.117+0800][10.745s][info][gc,metaspace   ] GC(418) Metaspace: 112K(320K)->112K(320K) NonClass: 104K(192K)->104K(192K) Class: 7K(128K)->7K(128K)
[2026-06-17T10:01:13.118+0800][10.746s][info][gc             ] GC(418) Pause Young (Allocation Failure) 30M->27M(57M) 6.393ms
[2026-06-17T10:01:13.120+0800][10.748s][info][gc,cpu         ] GC(418) User=0.00s Sys=0.00s Real=0.00s
[2026-06-17T10:01:13.144+0800][10.772s][info][gc,start       ] GC(419) Pause Young (Allocation Failure)
[2026-06-17T10:01:13.145+0800][10.773s][info][gc,heap        ] GC(419) PSYoungGen: 12128K(14336K)->32K(14336K) Eden: 7132K(7168K)->0K(7168K) From: 4995K(7168K)->32K(7168K)
[2026-06-17T10:01:13.146+0800][10.774s][info][gc,heap        ] GC(419) ParOldGen: 22752K(44032K)->24378K(44032K)
[2026-06-17T10:01:13.147+0800][10.775s][info][gc,metaspace   ] GC(419) Metaspace: 112K(320K)->112K(320K) NonClass: 104K(192K)->104K(192K) Class: 7K(128K)->7K(128K)
[2026-06-17T10:01:13.148+0800][10.776s][info][gc             ] GC(419) Pause Young (Allocation Failure) 34M->23M(57M) 4.130ms
[2026-06-17T10:01:13.149+0800][10.776s][info][gc,cpu         ] GC(419) User=0.00s Sys=0.00s Real=0.00s
[2026-06-17T10:01:13.171+0800][10.799s][info][gc,start       ] GC(420) Pause Young (Allocation Failure)
[2026-06-17T10:01:13.173+0800][10.801s][info][gc,heap        ] GC(420) PSYoungGen: 7199K(14336K)->3682K(14336K) Eden: 7167K(7168K)->0K(7168K) From: 32K(7168K)->3682K(7168K)
[2026-06-17T10:01:13.174+0800][10.801s][info][gc,heap        ] GC(420) ParOldGen: 24378K(44032K)->24386K(44032K)
[2026-06-17T10:01:13.174+0800][10.802s][info][gc,metaspace   ] GC(420) Metaspace: 112K(320K)->112K(320K) NonClass: 104K(192K)->104K(192K) Class: 7K(128K)->7K(128K)
[2026-06-17T10:01:13.175+0800][10.802s][info][gc             ] GC(420) Pause Young (Allocation Failure) 30M->27M(57M) 3.397ms
[2026-06-17T10:01:13.175+0800][10.803s][info][gc,cpu         ] GC(420) User=0.01s Sys=0.00s Real=0.00s
[2026-06-17T10:01:13.197+0800][10.825s][info][gc,start       ] GC(421) Pause Young (Allocation Failure)
[2026-06-17T10:01:13.198+0800][10.826s][info][gc,heap        ] GC(421) PSYoungGen: 10850K(14336K)->2061K(14336K) Eden: 7168K(7168K)->0K(7168K) From: 3682K(7168K)->2061K(7168K)
[2026-06-17T10:01:13.199+0800][10.827s][info][gc,heap        ] GC(421) ParOldGen: 24386K(44032K)->26145K(44032K)
[2026-06-17T10:01:13.199+0800][10.827s][info][gc,metaspace   ] GC(421) Metaspace: 112K(320K)->112K(320K) NonClass: 104K(192K)->104K(192K) Class: 7K(128K)->7K(128K)
[2026-06-17T10:01:13.199+0800][10.827s][info][gc             ] GC(421) Pause Young (Allocation Failure) 34M->27M(57M) 2.603ms
[2026-06-17T10:01:13.200+0800][10.827s][info][gc,cpu         ] GC(421) User=0.00s Sys=0.00s Real=0.00s
[2026-06-17T10:01:13.221+0800][10.849s][info][gc,start       ] GC(422) Pause Young (Allocation Failure)
[2026-06-17T10:01:13.224+0800][10.851s][info][gc,heap        ] GC(422) PSYoungGen: 9228K(14336K)->489K(14336K) Eden: 7167K(7168K)->0K(7168K) From: 2061K(7168K)->489K(7168K)
[2026-06-17T10:01:13.225+0800][10.853s][info][gc,heap        ] GC(422) ParOldGen: 26145K(44032K)->28128K(44032K)
[2026-06-17T10:01:13.228+0800][10.856s][info][gc,metaspace   ] GC(422) Metaspace: 112K(320K)->112K(320K) NonClass: 104K(192K)->104K(192K) Class: 7K(128K)->7K(128K)
[2026-06-17T10:01:13.229+0800][10.856s][info][gc             ] GC(422) Pause Young (Allocation Failure) 34M->27M(57M) 7.813ms
[2026-06-17T10:01:13.231+0800][10.858s][info][gc,cpu         ] GC(422) User=0.00s Sys=0.00s Real=0.02s
[2026-06-17T10:01:13.244+0800][10.872s][info][gc,start       ] GC(423) Pause Young (Allocation Failure)
[2026-06-17T10:01:13.245+0800][10.873s][info][gc,heap        ] GC(423) PSYoungGen: 7637K(14336K)->4323K(14336K) Eden: 7148K(7168K)->0K(7168K) From: 489K(7168K)->4323K(7168K)
[2026-06-17T10:01:13.246+0800][10.873s][info][gc,heap        ] GC(423) ParOldGen: 28128K(44032K)->28128K(44032K)
[2026-06-17T10:01:13.246+0800][10.874s][info][gc,metaspace   ] GC(423) Metaspace: 112K(320K)->112K(320K) NonClass: 104K(192K)->104K(192K) Class: 7K(128K)->7K(128K)
[2026-06-17T10:01:13.246+0800][10.874s][info][gc             ] GC(423) Pause Young (Allocation Failure) 34M->31M(57M) 2.497ms
[2026-06-17T10:01:13.247+0800][10.875s][info][gc,cpu         ] GC(423) User=0.00s Sys=0.00s Real=0.00s
[2026-06-17T10:01:13.269+0800][10.896s][info][gc,start       ] GC(424) Pause Young (Allocation Failure)
[2026-06-17T10:01:13.271+0800][10.899s][info][gc,heap        ] GC(424) PSYoungGen: 11491K(14336K)->2174K(14336K) Eden: 7168K(7168K)->0K(7168K) From: 4323K(7168K)->2174K(7168K)
[2026-06-17T10:01:13.271+0800][10.899s][info][gc,heap        ] GC(424) ParOldGen: 28128K(44032K)->30181K(44032K)
[2026-06-17T10:01:13.272+0800][10.900s][info][gc,metaspace   ] GC(424) Metaspace: 112K(320K)->112K(320K) NonClass: 104K(192K)->104K(192K) Class: 7K(128K)->7K(128K)
[2026-06-17T10:01:13.273+0800][10.900s][info][gc             ] GC(424) Pause Young (Allocation Failure) 38M->31M(57M) 3.882ms
[2026-06-17T10:01:13.273+0800][10.901s][info][gc,cpu         ] GC(424) User=0.00s Sys=0.00s Real=0.01s
[2026-06-17T10:01:13.296+0800][10.923s][info][gc,start       ] GC(425) Pause Young (Allocation Failure)
[2026-06-17T10:01:13.298+0800][10.925s][info][gc,heap        ] GC(425) PSYoungGen: 9324K(14336K)->2388K(14848K) Eden: 7149K(7168K)->0K(7680K) From: 2174K(7168K)->2388K(7168K)
[2026-06-17T10:01:13.299+0800][10.926s][info][gc,heap        ] GC(425) ParOldGen: 30181K(44032K)->30181K(44032K)
[2026-06-17T10:01:13.299+0800][10.927s][info][gc,metaspace   ] GC(425) Metaspace: 112K(320K)->112K(320K) NonClass: 104K(192K)->104K(192K) Class: 7K(128K)->7K(128K)
[2026-06-17T10:01:13.300+0800][10.928s][info][gc             ] GC(425) Pause Young (Allocation Failure) 38M->31M(57M) 4.429ms
[2026-06-17T10:01:13.301+0800][10.929s][info][gc,cpu         ] GC(425) User=0.01s Sys=0.00s Real=0.00s
[2026-06-17T10:01:13.314+0800][10.941s][info][gc,start       ] GC(426) Pause Young (Allocation Failure)
[2026-06-17T10:01:13.316+0800][10.944s][info][gc,heap        ] GC(426) PSYoungGen: 10051K(14848K)->4343K(14336K) Eden: 7662K(7680K)->0K(7680K) From: 2388K(7168K)->4343K(6656K)
[2026-06-17T10:01:13.317+0800][10.945s][info][gc,heap        ] GC(426) ParOldGen: 30181K(44032K)->32492K(44032K)
[2026-06-17T10:01:13.318+0800][10.945s][info][gc,metaspace   ] GC(426) Metaspace: 112K(320K)->112K(320K) NonClass: 104K(192K)->104K(192K) Class: 7K(128K)->7K(128K)
[2026-06-17T10:01:13.318+0800][10.946s][info][gc             ] GC(426) Pause Young (Allocation Failure) 39M->35M(57M) 4.370ms
[2026-06-17T10:01:13.319+0800][10.946s][info][gc,cpu         ] GC(426) User=0.00s Sys=0.00s Real=0.00s
[2026-06-17T10:01:13.341+0800][10.968s][info][gc,start       ] GC(427) Pause Young (Allocation Failure)
[2026-06-17T10:01:13.341+0800][10.969s][info][gc,heap        ] GC(427) PSYoungGen: 11971K(14336K)->3923K(14336K) Eden: 7628K(7680K)->0K(7168K) From: 4343K(6656K)->3923K(7168K)
[2026-06-17T10:01:13.342+0800][10.969s][info][gc,heap        ] GC(427) ParOldGen: 32492K(44032K)->33712K(44032K)
[2026-06-17T10:01:13.342+0800][10.970s][info][gc,metaspace   ] GC(427) Metaspace: 112K(320K)->112K(320K) NonClass: 104K(192K)->104K(192K) Class: 7K(128K)->7K(128K)
[2026-06-17T10:01:13.342+0800][10.970s][info][gc             ] GC(427) Pause Young (Allocation Failure) 43M->36M(57M) 1.394ms
[2026-06-17T10:01:13.342+0800][10.970s][info][gc,cpu         ] GC(427) User=0.00s Sys=0.00s Real=0.00s
[2026-06-17T10:01:13.364+0800][10.991s][info][gc,start       ] GC(428) Pause Young (Allocation Failure)
[2026-06-17T10:01:13.365+0800][10.993s][info][gc,heap        ] GC(428) PSYoungGen: 11091K(14336K)->2181K(14336K) Eden: 7168K(7168K)->0K(7168K) From: 3923K(7168K)->2181K(7168K)
[2026-06-17T10:01:13.366+0800][10.994s][info][gc,heap        ] GC(428) ParOldGen: 33712K(44032K)->35390K(44032K)
[2026-06-17T10:01:13.367+0800][10.994s][info][gc,metaspace   ] GC(428) Metaspace: 112K(320K)->112K(320K) NonClass: 104K(192K)->104K(192K) Class: 7K(128K)->7K(128K)
[2026-06-17T10:01:13.367+0800][10.995s][info][gc             ] GC(428) Pause Young (Allocation Failure) 43M->36M(57M) 3.616ms
[2026-06-17T10:01:13.368+0800][10.996s][info][gc,cpu         ] GC(428) User=0.00s Sys=0.00s Real=0.00s
[2026-06-17T10:01:13.390+0800][11.018s][info][gc,start       ] GC(429) Pause Young (Allocation Failure)
[2026-06-17T10:01:13.392+0800][11.019s][info][gc,heap        ] GC(429) PSYoungGen: 9334K(14336K)->804K(14848K) Eden: 7153K(7168K)->0K(8192K) From: 2181K(7168K)->804K(6656K)
[2026-06-17T10:01:13.393+0800][11.020s][info][gc,heap        ] GC(429) ParOldGen: 35390K(44032K)->37103K(44032K)
[2026-06-17T10:01:13.393+0800][11.021s][info][gc,metaspace   ] GC(429) Metaspace: 112K(320K)->112K(320K) NonClass: 104K(192K)->104K(192K) Class: 7K(128K)->7K(128K)
[2026-06-17T10:01:13.394+0800][11.021s][info][gc             ] GC(429) Pause Young (Allocation Failure) 43M->37M(57M) 3.747ms
[2026-06-17T10:01:13.394+0800][11.022s][info][gc,cpu         ] GC(429) User=0.01s Sys=0.00s Real=0.01s
[2026-06-17T10:01:13.416+0800][11.043s][info][gc,start       ] GC(430) Pause Young (Allocation Failure)
[2026-06-17T10:01:13.417+0800][11.045s][info][gc,heap        ] GC(430) PSYoungGen: 8958K(14848K)->2161K(14848K) Eden: 8154K(8192K)->0K(8192K) From: 804K(6656K)->2161K(6656K)
[2026-06-17T10:01:13.417+0800][11.045s][info][gc,heap        ] GC(430) ParOldGen: 37103K(44032K)->37103K(44032K)
[2026-06-17T10:01:13.417+0800][11.045s][info][gc,metaspace   ] GC(430) Metaspace: 112K(320K)->112K(320K) NonClass: 104K(192K)->104K(192K) Class: 7K(128K)->7K(128K)
[2026-06-17T10:01:13.418+0800][11.045s][info][gc             ] GC(430) Pause Young (Allocation Failure) 44M->38M(57M) 1.811ms
[2026-06-17T10:01:13.418+0800][11.045s][info][gc,cpu         ] GC(430) User=0.00s Sys=0.00s Real=0.00s
[2026-06-17T10:01:13.439+0800][11.067s][info][gc,start       ] GC(431) Pause Young (Allocation Failure)
[2026-06-17T10:01:13.441+0800][11.068s][info][gc,heap        ] GC(431) PSYoungGen: 10321K(14848K)->2307K(15360K) Eden: 8160K(8192K)->0K(8704K) From: 2161K(6656K)->2307K(6656K)
[2026-06-17T10:01:13.441+0800][11.069s][info][gc,heap        ] GC(431) ParOldGen: 37103K(44032K)->38729K(44032K)
[2026-06-17T10:01:13.441+0800][11.069s][info][gc,metaspace   ] GC(431) Metaspace: 112K(320K)->112K(320K) NonClass: 104K(192K)->104K(192K) Class: 7K(128K)->7K(128K)
[2026-06-17T10:01:13.442+0800][11.069s][info][gc             ] GC(431) Pause Young (Allocation Failure) 46M->40M(58M) 2.437ms
[2026-06-17T10:01:13.442+0800][11.069s][info][gc,cpu         ] GC(431) User=0.00s Sys=0.00s Real=0.00s
[2026-06-17T10:01:13.464+0800][11.092s][info][gc,start       ] GC(432) Pause Young (Allocation Failure)
[2026-06-17T10:01:13.468+0800][11.096s][info][gc,heap        ] GC(432) PSYoungGen: 10977K(15360K)->2426K(14848K) Eden: 8669K(8704K)->0K(8704K) From: 2307K(6656K)->2426K(6144K)
[2026-06-17T10:01:13.468+0800][11.096s][info][gc,heap        ] GC(432) ParOldGen: 38729K(44032K)->40406K(44032K)
[2026-06-17T10:01:13.469+0800][11.097s][info][gc,metaspace   ] GC(432) Metaspace: 112K(320K)->112K(320K) NonClass: 104K(192K)->104K(192K) Class: 7K(128K)->7K(128K)
[2026-06-17T10:01:13.470+0800][11.097s][info][gc             ] GC(432) Pause Young (Allocation Failure) 48M->41M(57M) 5.846ms
[2026-06-17T10:01:13.470+0800][11.098s][info][gc,cpu         ] GC(432) User=0.00s Sys=0.00s Real=0.00s
[2026-06-17T10:01:13.494+0800][11.121s][info][gc,start       ] GC(433) Pause Young (Allocation Failure)
[2026-06-17T10:01:13.496+0800][11.124s][info][gc,heap        ] GC(433) PSYoungGen: 11096K(14848K)->4313K(15360K) Eden: 8670K(8704K)->0K(9216K) From: 2426K(6144K)->4313K(6144K)
[2026-06-17T10:01:13.497+0800][11.124s][info][gc,heap        ] GC(433) ParOldGen: 40406K(44032K)->40406K(44032K)
[2026-06-17T10:01:13.497+0800][11.125s][info][gc,metaspace   ] GC(433) Metaspace: 112K(320K)->112K(320K) NonClass: 105K(192K)->105K(192K) Class: 7K(128K)->7K(128K)
[2026-06-17T10:01:13.498+0800][11.125s][info][gc             ] GC(433) Pause Young (Allocation Failure) 50M->43M(58M) 3.909ms
[2026-06-17T10:01:13.498+0800][11.126s][info][gc,cpu         ] GC(433) User=0.00s Sys=0.00s Real=0.00s
[2026-06-17T10:01:13.520+0800][11.148s][info][gc,start       ] GC(434) Pause Young (Allocation Failure)
[2026-06-17T10:01:13.521+0800][11.149s][info][gc,heap        ] GC(434) PSYoungGen: 13509K(15360K)->4496K(13824K) Eden: 9195K(9216K)->0K(9216K) From: 4313K(6144K)->4496K(4608K)
[2026-06-17T10:01:13.522+0800][11.150s][info][gc,heap        ] GC(434) ParOldGen: 40406K(44032K)->42312K(44032K)
[2026-06-17T10:01:13.522+0800][11.150s][info][gc,metaspace   ] GC(434) Metaspace: 112K(320K)->112K(320K) NonClass: 105K(192K)->105K(192K) Class: 7K(128K)->7K(128K)
[2026-06-17T10:01:13.523+0800][11.150s][info][gc             ] GC(434) Pause Young (Allocation Failure) 52M->45M(56M) 2.418ms
[2026-06-17T10:01:13.523+0800][11.151s][info][gc,cpu         ] GC(434) User=0.00s Sys=0.00s Real=0.01s
[2026-06-17T10:01:13.545+0800][11.172s][info][gc,start       ] GC(435) Pause Full (Ergonomics)
[2026-06-17T10:01:13.545+0800][11.173s][info][gc,phases,start] GC(435) Marking Phase
[2026-06-17T10:01:13.547+0800][11.175s][info][gc,phases      ] GC(435) Marking Phase 2.046ms
[2026-06-17T10:01:13.548+0800][11.176s][info][gc,phases,start] GC(435) Summary Phase
[2026-06-17T10:01:13.548+0800][11.176s][info][gc,phases      ] GC(435) Summary Phase 0.435ms
[2026-06-17T10:01:13.549+0800][11.176s][info][gc,phases,start] GC(435) Adjust Roots
[2026-06-17T10:01:13.549+0800][11.177s][info][gc,phases      ] GC(435) Adjust Roots 0.640ms
[2026-06-17T10:01:13.550+0800][11.177s][info][gc,phases,start] GC(435) Compaction Phase
[2026-06-17T10:01:13.552+0800][11.179s][info][gc,phases      ] GC(435) Compaction Phase 1.958ms
[2026-06-17T10:01:13.552+0800][11.180s][info][gc,phases,start] GC(435) Post Compact
[2026-06-17T10:01:13.552+0800][11.180s][info][gc,phases      ] GC(435) Post Compact 0.395ms
[2026-06-17T10:01:13.553+0800][11.181s][info][gc,heap        ] GC(435) PSYoungGen: 13554K(13824K)->0K(14848K) Eden: 9057K(9216K)->0K(8192K) From: 4496K(4608K)->0K(6656K)
[2026-06-17T10:01:13.553+0800][11.181s][info][gc,heap        ] GC(435) ParOldGen: 42312K(44032K)->23097K(44032K)
[2026-06-17T10:01:13.553+0800][11.181s][info][gc,metaspace   ] GC(435) Metaspace: 112K(320K)->112K(320K) NonClass: 105K(192K)->105K(192K) Class: 7K(128K)->7K(128K)
[2026-06-17T10:01:13.553+0800][11.181s][info][gc             ] GC(435) Pause Full (Ergonomics) 54M->22M(57M) 8.644ms
[2026-06-17T10:01:13.554+0800][11.181s][info][gc,cpu         ] GC(435) User=0.01s Sys=0.00s Real=0.01s
[2026-06-17T10:01:13.575+0800][11.202s][info][gc,start       ] GC(436) Pause Young (Allocation Failure)
[2026-06-17T10:01:13.576+0800][11.204s][info][gc,heap        ] GC(436) PSYoungGen: 8177K(14848K)->4592K(14848K) Eden: 8177K(8192K)->0K(8192K) From: 0K(6656K)->4592K(6656K)
[2026-06-17T10:01:13.577+0800][11.204s][info][gc,heap        ] GC(436) ParOldGen: 23097K(44032K)->23097K(44032K)
[2026-06-17T10:01:13.579+0800][11.207s][info][gc,metaspace   ] GC(436) Metaspace: 112K(320K)->112K(320K) NonClass: 105K(192K)->105K(192K) Class: 7K(128K)->7K(128K)
[2026-06-17T10:01:13.581+0800][11.209s][info][gc             ] GC(436) Pause Young (Allocation Failure) 30M->27M(57M) 6.293ms
[2026-06-17T10:01:13.583+0800][11.211s][info][gc,cpu         ] GC(436) User=0.00s Sys=0.00s Real=0.01s
[2026-06-17T10:01:13.605+0800][11.232s][info][gc,start       ] GC(437) Pause Young (Allocation Failure)
[2026-06-17T10:01:13.606+0800][11.234s][info][gc,heap        ] GC(437) PSYoungGen: 12753K(14848K)->3976K(14848K) Eden: 8161K(8192K)->0K(8192K) From: 4592K(6656K)->3976K(6656K)
[2026-06-17T10:01:13.607+0800][11.234s][info][gc,heap        ] GC(437) ParOldGen: 23097K(44032K)->25206K(44032K)
[2026-06-17T10:01:13.607+0800][11.235s][info][gc,metaspace   ] GC(437) Metaspace: 112K(320K)->112K(320K) NonClass: 105K(192K)->105K(192K) Class: 7K(128K)->7K(128K)
[2026-06-17T10:01:13.607+0800][11.235s][info][gc             ] GC(437) Pause Young (Allocation Failure) 35M->28M(57M) 2.768ms
[2026-06-17T10:01:13.608+0800][11.236s][info][gc,cpu         ] GC(437) User=0.00s Sys=0.00s Real=0.00s
[2026-06-17T10:01:13.630+0800][11.257s][info][gc,start       ] GC(438) Pause Young (Allocation Failure)
[2026-06-17T10:01:13.631+0800][11.259s][info][gc,heap        ] GC(438) PSYoungGen: 12122K(14848K)->3093K(14848K) Eden: 8145K(8192K)->0K(8192K) From: 3976K(6656K)->3093K(6656K)
[2026-06-17T10:01:13.631+0800][11.259s][info][gc,heap        ] GC(438) ParOldGen: 25206K(44032K)->27092K(44032K)
[2026-06-17T10:01:13.632+0800][11.260s][info][gc,metaspace   ] GC(438) Metaspace: 112K(320K)->112K(320K) NonClass: 105K(192K)->105K(192K) Class: 7K(128K)->7K(128K)
[2026-06-17T10:01:13.632+0800][11.260s][info][gc             ] GC(438) Pause Young (Allocation Failure) 36M->29M(57M) 2.421ms
[2026-06-17T10:01:13.632+0800][11.260s][info][gc,cpu         ] GC(438) User=0.00s Sys=0.00s Real=0.01s
[2026-06-17T10:01:13.654+0800][11.282s][info][gc,start       ] GC(439) Pause Young (Allocation Failure)
[2026-06-17T10:01:13.655+0800][11.283s][info][gc,heap        ] GC(439) PSYoungGen: 11257K(14848K)->4325K(14848K) Eden: 8164K(8192K)->0K(8192K) From: 3093K(6656K)->4325K(6656K)
[2026-06-17T10:01:13.656+0800][11.284s][info][gc,heap        ] GC(439) ParOldGen: 27092K(44032K)->27092K(44032K)
[2026-06-17T10:01:13.657+0800][11.284s][info][gc,metaspace   ] GC(439) Metaspace: 112K(320K)->112K(320K) NonClass: 105K(192K)->105K(192K) Class: 7K(128K)->7K(128K)
[2026-06-17T10:01:13.657+0800][11.285s][info][gc             ] GC(439) Pause Young (Allocation Failure) 37M->30M(57M) 2.865ms
[2026-06-17T10:01:13.657+0800][11.285s][info][gc,cpu         ] GC(439) User=0.00s Sys=0.00s Real=0.00s
[2026-06-17T10:01:13.679+0800][11.307s][info][gc,start       ] GC(440) Pause Young (Allocation Failure)
[2026-06-17T10:01:13.680+0800][11.308s][info][gc,heap        ] GC(440) PSYoungGen: 12486K(14848K)->3734K(14848K) Eden: 8160K(8192K)->0K(8192K) From: 4325K(6656K)->3734K(6656K)
[2026-06-17T10:01:13.680+0800][11.308s][info][gc,heap        ] GC(440) ParOldGen: 27092K(44032K)->29309K(44032K)
[2026-06-17T10:01:13.680+0800][11.308s][info][gc,metaspace   ] GC(440) Metaspace: 112K(320K)->112K(320K) NonClass: 105K(192K)->105K(192K) Class: 7K(128K)->7K(128K)
[2026-06-17T10:01:13.681+0800][11.308s][info][gc             ] GC(440) Pause Young (Allocation Failure) 38M->32M(57M) 1.764ms
[2026-06-17T10:01:13.681+0800][11.309s][info][gc,cpu         ] GC(440) User=0.00s Sys=0.00s Real=0.00s
[2026-06-17T10:01:13.703+0800][11.330s][info][gc,start       ] GC(441) Pause Young (Allocation Failure)
[2026-06-17T10:01:13.704+0800][11.332s][info][gc,heap        ] GC(441) PSYoungGen: 11884K(14848K)->2538K(15360K) Eden: 8150K(8192K)->0K(8704K) From: 3734K(6656K)->2538K(6656K)
[2026-06-17T10:01:13.705+0800][11.332s][info][gc,heap        ] GC(441) ParOldGen: 29309K(44032K)->31301K(44032K)
[2026-06-17T10:01:13.705+0800][11.333s][info][gc,metaspace   ] GC(441) Metaspace: 112K(320K)->112K(320K) NonClass: 105K(192K)->105K(192K) Class: 7K(128K)->7K(128K)
[2026-06-17T10:01:13.705+0800][11.333s][info][gc             ] GC(441) Pause Young (Allocation Failure) 40M->33M(58M) 2.733ms
[2026-06-17T10:01:13.706+0800][11.334s][info][gc,cpu         ] GC(441) User=0.00s Sys=0.00s Real=0.00s
[2026-06-17T10:01:13.728+0800][11.356s][info][gc,start       ] GC(442) Pause Young (Allocation Failure)
[2026-06-17T10:01:13.730+0800][11.357s][info][gc,heap        ] GC(442) PSYoungGen: 11218K(15360K)->4477K(14848K) Eden: 8679K(8704K)->0K(8704K) From: 2538K(6656K)->4477K(6144K)
[2026-06-17T10:01:13.730+0800][11.358s][info][gc,heap        ] GC(442) ParOldGen: 31301K(44032K)->31301K(44032K)
[2026-06-17T10:01:13.731+0800][11.358s][info][gc,metaspace   ] GC(442) Metaspace: 112K(320K)->112K(320K) NonClass: 105K(192K)->105K(192K) Class: 7K(128K)->7K(128K)
[2026-06-17T10:01:13.731+0800][11.359s][info][gc             ] GC(442) Pause Young (Allocation Failure) 41M->34M(57M) 3.121ms
[2026-06-17T10:01:13.732+0800][11.359s][info][gc,cpu         ] GC(442) User=0.00s Sys=0.00s Real=0.01s
[2026-06-17T10:01:13.754+0800][11.381s][info][gc,start       ] GC(443) Pause Young (Allocation Failure)
[2026-06-17T10:01:13.757+0800][11.384s][info][gc,heap        ] GC(443) PSYoungGen: 13177K(14848K)->4707K(14848K) Eden: 8700K(8704K)->0K(8192K) From: 4477K(6144K)->4707K(6656K)
[2026-06-17T10:01:13.757+0800][11.385s][info][gc,heap        ] GC(443) ParOldGen: 31301K(44032K)->33008K(44032K)
[2026-06-17T10:01:13.758+0800][11.385s][info][gc,metaspace   ] GC(443) Metaspace: 112K(320K)->112K(320K) NonClass: 105K(192K)->105K(192K) Class: 7K(128K)->7K(128K)
[2026-06-17T10:01:13.758+0800][11.386s][info][gc             ] GC(443) Pause Young (Allocation Failure) 43M->36M(57M) 4.429ms
[2026-06-17T10:01:13.759+0800][11.386s][info][gc,cpu         ] GC(443) User=0.00s Sys=0.00s Real=0.00s
[2026-06-17T10:01:13.781+0800][11.409s][info][gc,start       ] GC(444) Pause Young (Allocation Failure)
[2026-06-17T10:01:13.783+0800][11.411s][info][gc,heap        ] GC(444) PSYoungGen: 12862K(14848K)->3033K(14848K) Eden: 8154K(8192K)->0K(8192K) From: 4707K(6656K)->3033K(6656K)
[2026-06-17T10:01:13.784+0800][11.412s][info][gc,heap        ] GC(444) ParOldGen: 33008K(44032K)->36381K(44032K)
[2026-06-17T10:01:13.784+0800][11.412s][info][gc,metaspace   ] GC(444) Metaspace: 112K(320K)->112K(320K) NonClass: 105K(192K)->105K(192K) Class: 7K(128K)->7K(128K)
[2026-06-17T10:01:13.785+0800][11.413s][info][gc             ] GC(444) Pause Young (Allocation Failure) 44M->38M(57M) 3.930ms
[2026-06-17T10:01:13.786+0800][11.414s][info][gc,cpu         ] GC(444) User=0.00s Sys=0.00s Real=0.01s
[2026-06-17T10:01:13.808+0800][11.436s][info][gc,start       ] GC(445) Pause Young (Allocation Failure)
[2026-06-17T10:01:13.811+0800][11.438s][info][gc,heap        ] GC(445) PSYoungGen: 11197K(14848K)->4639K(14848K) Eden: 8164K(8192K)->0K(8192K) From: 3033K(6656K)->4639K(6656K)
[2026-06-17T10:01:13.813+0800][11.441s][info][gc,heap        ] GC(445) ParOldGen: 36381K(44032K)->36381K(44032K)
[2026-06-17T10:01:13.814+0800][11.442s][info][gc,metaspace   ] GC(445) Metaspace: 112K(320K)->112K(320K) NonClass: 105K(192K)->105K(192K) Class: 7K(128K)->7K(128K)
[2026-06-17T10:01:13.817+0800][11.445s][info][gc             ] GC(445) Pause Young (Allocation Failure) 46M->40M(57M) 8.535ms
[2026-06-17T10:01:13.819+0800][11.446s][info][gc,cpu         ] GC(445) User=0.00s Sys=0.00s Real=0.01s
[2026-06-17T10:01:13.841+0800][11.469s][info][gc,start       ] GC(446) Pause Young (Allocation Failure)
[2026-06-17T10:01:13.843+0800][11.471s][info][gc,heap        ] GC(446) PSYoungGen: 12795K(14848K)->4353K(14848K) Eden: 8156K(8192K)->0K(8192K) From: 4639K(6656K)->4353K(6656K)
[2026-06-17T10:01:13.843+0800][11.471s][info][gc,heap        ] GC(446) ParOldGen: 36381K(44032K)->38335K(44032K)
[2026-06-17T10:01:13.844+0800][11.472s][info][gc,metaspace   ] GC(446) Metaspace: 112K(320K)->112K(320K) NonClass: 105K(192K)->105K(192K) Class: 7K(128K)->7K(128K)
[2026-06-17T10:01:13.845+0800][11.472s][info][gc             ] GC(446) Pause Young (Allocation Failure) 48M->41M(57M) 3.492ms
[2026-06-17T10:01:13.845+0800][11.473s][info][gc,cpu         ] GC(446) User=0.00s Sys=0.00s Real=0.01s
[2026-06-17T10:01:13.867+0800][11.495s][info][gc,start       ] GC(447) Pause Young (Allocation Failure)
[2026-06-17T10:01:13.869+0800][11.497s][info][gc,heap        ] GC(447) PSYoungGen: 12344K(14848K)->32K(13824K) Eden: 7990K(8192K)->0K(7168K) From: 4353K(6656K)->32K(6656K)
[2026-06-17T10:01:13.869+0800][11.497s][info][gc,heap        ] GC(447) ParOldGen: 38335K(44032K)->40303K(44032K)
[2026-06-17T10:01:13.870+0800][11.498s][info][gc,metaspace   ] GC(447) Metaspace: 112K(320K)->112K(320K) NonClass: 105K(192K)->105K(192K) Class: 7K(128K)->7K(128K)
[2026-06-17T10:01:13.871+0800][11.498s][info][gc             ] GC(447) Pause Young (Allocation Failure) 49M->39M(56M) 3.300ms
[2026-06-17T10:01:13.871+0800][11.499s][info][gc,cpu         ] GC(447) User=0.00s Sys=0.00s Real=0.01s
[2026-06-17T10:01:13.894+0800][11.521s][info][gc,start       ] GC(448) Pause Young (Allocation Failure)
[2026-06-17T10:01:13.896+0800][11.524s][info][gc,heap        ] GC(448) PSYoungGen: 7172K(13824K)->3668K(14336K) Eden: 7140K(7168K)->0K(7168K) From: 32K(6656K)->3668K(7168K)
[2026-06-17T10:01:13.897+0800][11.524s][info][gc,heap        ] GC(448) ParOldGen: 40303K(44032K)->40311K(44032K)
[2026-06-17T10:01:13.897+0800][11.525s][info][gc,metaspace   ] GC(448) Metaspace: 112K(320K)->112K(320K) NonClass: 105K(192K)->105K(192K) Class: 7K(128K)->7K(128K)
[2026-06-17T10:01:13.898+0800][11.526s][info][gc             ] GC(448) Pause Young (Allocation Failure) 46M->42M(57M) 4.157ms
[2026-06-17T10:01:13.899+0800][11.526s][info][gc,cpu         ] GC(448) User=0.00s Sys=0.01s Real=0.00s
[2026-06-17T10:01:13.911+0800][11.539s][info][gc,start       ] GC(449) Pause Young (Allocation Failure)
[2026-06-17T10:01:13.913+0800][11.540s][info][gc,heap        ] GC(449) PSYoungGen: 10804K(14336K)->1857K(14848K) Eden: 7135K(7168K)->0K(8192K) From: 3668K(7168K)->1857K(6656K)
[2026-06-17T10:01:13.913+0800][11.541s][info][gc,heap        ] GC(449) ParOldGen: 40311K(44032K)->42185K(44032K)
[2026-06-17T10:01:13.914+0800][11.541s][info][gc,metaspace   ] GC(449) Metaspace: 112K(320K)->112K(320K) NonClass: 105K(192K)->105K(192K) Class: 7K(128K)->7K(128K)
[2026-06-17T10:01:13.914+0800][11.542s][info][gc             ] GC(449) Pause Young (Allocation Failure) 49M->43M(57M) 3.401ms
[2026-06-17T10:01:13.915+0800][11.543s][info][gc,cpu         ] GC(449) User=0.01s Sys=0.00s Real=0.00s
[2026-06-17T10:01:13.948+0800][11.576s][info][gc,start       ] GC(450) Pause Full (Ergonomics)
[2026-06-17T10:01:13.949+0800][11.577s][info][gc,phases,start] GC(450) Marking Phase
[2026-06-17T10:01:13.953+0800][11.581s][info][gc,phases      ] GC(450) Marking Phase 3.636ms
[2026-06-17T10:01:13.954+0800][11.581s][info][gc,phases,start] GC(450) Summary Phase
[2026-06-17T10:01:13.954+0800][11.582s][info][gc,phases      ] GC(450) Summary Phase 0.570ms
[2026-06-17T10:01:13.955+0800][11.583s][info][gc,phases,start] GC(450) Adjust Roots
[2026-06-17T10:01:13.956+0800][11.583s][info][gc,phases      ] GC(450) Adjust Roots 0.881ms
[2026-06-17T10:01:13.956+0800][11.584s][info][gc,phases,start] GC(450) Compaction Phase
[2026-06-17T10:01:13.959+0800][11.586s][info][gc,phases      ] GC(450) Compaction Phase 2.448ms
[2026-06-17T10:01:13.959+0800][11.587s][info][gc,phases,start] GC(450) Post Compact
[2026-06-17T10:01:13.960+0800][11.587s][info][gc,phases      ] GC(450) Post Compact 0.499ms
[2026-06-17T10:01:13.960+0800][11.588s][info][gc,heap        ] GC(450) PSYoungGen: 10044K(14848K)->0K(14848K) Eden: 8187K(8192K)->0K(8192K) From: 1857K(6656K)->0K(6656K)
[2026-06-17T10:01:13.960+0800][11.588s][info][gc,heap        ] GC(450) ParOldGen: 42185K(44032K)->26043K(44032K)
[2026-06-17T10:01:13.961+0800][11.588s][info][gc,metaspace   ] GC(450) Metaspace: 112K(320K)->112K(320K) NonClass: 105K(192K)->105K(192K) Class: 7K(128K)->7K(128K)
[2026-06-17T10:01:13.961+0800][11.589s][info][gc             ] GC(450) Pause Full (Ergonomics) 51M->25M(57M) 12.495ms
[2026-06-17T10:01:13.961+0800][11.589s][info][gc,cpu         ] GC(450) User=0.01s Sys=0.00s Real=0.01s
[2026-06-17T10:01:13.983+0800][11.611s][info][gc,start       ] GC(451) Pause Young (Allocation Failure)
[2026-06-17T10:01:13.985+0800][11.612s][info][gc,heap        ] GC(451) PSYoungGen: 8182K(14848K)->4725K(13824K) Eden: 8182K(8192K)->0K(7168K) From: 0K(6656K)->4725K(6656K)
[2026-06-17T10:01:13.985+0800][11.613s][info][gc,heap        ] GC(451) ParOldGen: 26043K(44032K)->26043K(44032K)
[2026-06-17T10:01:13.986+0800][11.613s][info][gc,metaspace   ] GC(451) Metaspace: 112K(320K)->112K(320K) NonClass: 105K(192K)->105K(192K) Class: 7K(128K)->7K(128K)
[2026-06-17T10:01:13.986+0800][11.614s][info][gc             ] GC(451) Pause Young (Allocation Failure) 33M->30M(56M) 3.541ms
[2026-06-17T10:01:13.987+0800][11.615s][info][gc,cpu         ] GC(451) User=0.00s Sys=0.00s Real=0.00s
[2026-06-17T10:01:13.999+0800][11.627s][info][gc,start       ] GC(452) Pause Young (Allocation Failure)
[2026-06-17T10:01:14.001+0800][11.629s][info][gc,heap        ] GC(452) PSYoungGen: 11890K(13824K)->4358K(14336K) Eden: 7165K(7168K)->0K(7168K) From: 4725K(6656K)->4358K(7168K)
[2026-06-17T10:01:14.002+0800][11.630s][info][gc,heap        ] GC(452) ParOldGen: 26043K(44032K)->30066K(44032K)
[2026-06-17T10:01:14.003+0800][11.630s][info][gc,metaspace   ] GC(452) Metaspace: 112K(320K)->112K(320K) NonClass: 105K(192K)->105K(192K) Class: 7K(128K)->7K(128K)
[2026-06-17T10:01:14.003+0800][11.631s][info][gc             ] GC(452) Pause Young (Allocation Failure) 37M->33M(57M) 4.137ms
[2026-06-17T10:01:14.004+0800][11.632s][info][gc,cpu         ] GC(452) User=0.00s Sys=0.00s Real=0.01s
[2026-06-17T10:01:14.026+0800][11.654s][info][gc,start       ] GC(453) Pause Young (Allocation Failure)
[2026-06-17T10:01:14.029+0800][11.656s][info][gc,heap        ] GC(453) PSYoungGen: 11494K(14336K)->3612K(14848K) Eden: 7136K(7168K)->0K(7680K) From: 4358K(7168K)->3612K(7168K)
[2026-06-17T10:01:14.029+0800][11.657s][info][gc,heap        ] GC(453) ParOldGen: 30066K(44032K)->30976K(44032K)
[2026-06-17T10:01:14.030+0800][11.658s][info][gc,metaspace   ] GC(453) Metaspace: 112K(320K)->112K(320K) NonClass: 105K(192K)->105K(192K) Class: 7K(128K)->7K(128K)
[2026-06-17T10:01:14.031+0800][11.658s][info][gc             ] GC(453) Pause Young (Allocation Failure) 40M->33M(57M) 4.288ms
[2026-06-17T10:01:14.031+0800][11.659s][info][gc,cpu         ] GC(453) User=0.00s Sys=0.00s Real=0.01s
[2026-06-17T10:01:14.053+0800][11.681s][info][gc,start       ] GC(454) Pause Young (Allocation Failure)
[2026-06-17T10:01:14.057+0800][11.685s][info][gc,heap        ] GC(454) PSYoungGen: 11292K(14848K)->2275K(14336K) Eden: 7679K(7680K)->0K(7680K) From: 3612K(7168K)->2275K(6656K)
[2026-06-17T10:01:14.058+0800][11.686s][info][gc,heap        ] GC(454) ParOldGen: 30976K(44032K)->32828K(44032K)
[2026-06-17T10:01:14.059+0800][11.687s][info][gc,metaspace   ] GC(454) Metaspace: 112K(320K)->112K(320K) NonClass: 105K(192K)->105K(192K) Class: 7K(128K)->7K(128K)
[2026-06-17T10:01:14.060+0800][11.687s][info][gc             ] GC(454) Pause Young (Allocation Failure) 41M->34M(57M) 6.220ms
[2026-06-17T10:01:14.060+0800][11.688s][info][gc,cpu         ] GC(454) User=0.00s Sys=0.00s Real=0.00s
[2026-06-17T10:01:14.083+0800][11.711s][info][gc,start       ] GC(455) Pause Young (Allocation Failure)
[2026-06-17T10:01:14.085+0800][11.713s][info][gc,heap        ] GC(455) PSYoungGen: 9925K(14336K)->1036K(14848K) Eden: 7650K(7680K)->0K(8192K) From: 2275K(6656K)->1036K(6656K)
[2026-06-17T10:01:14.086+0800][11.714s][info][gc,heap        ] GC(455) ParOldGen: 32828K(44032K)->34685K(44032K)
[2026-06-17T10:01:14.087+0800][11.714s][info][gc,metaspace   ] GC(455) Metaspace: 112K(320K)->112K(320K) NonClass: 105K(192K)->105K(192K) Class: 7K(128K)->7K(128K)
[2026-06-17T10:01:14.087+0800][11.715s][info][gc             ] GC(455) Pause Young (Allocation Failure) 41M->34M(57M) 4.392ms
[2026-06-17T10:01:14.088+0800][11.716s][info][gc,cpu         ] GC(455) User=0.01s Sys=0.00s Real=0.00s
[2026-06-17T10:01:14.111+0800][11.739s][info][gc,start       ] GC(456) Pause Young (Allocation Failure)
[2026-06-17T10:01:14.114+0800][11.741s][info][gc,heap        ] GC(456) PSYoungGen: 9201K(14848K)->2757K(14848K) Eden: 8165K(8192K)->0K(8192K) From: 1036K(6656K)->2757K(6656K)
[2026-06-17T10:01:14.114+0800][11.742s][info][gc,heap        ] GC(456) ParOldGen: 34685K(44032K)->34685K(44032K)
[2026-06-17T10:01:14.115+0800][11.743s][info][gc,metaspace   ] GC(456) Metaspace: 112K(320K)->112K(320K) NonClass: 105K(192K)->105K(192K) Class: 7K(128K)->7K(128K)
[2026-06-17T10:01:14.116+0800][11.744s][info][gc             ] GC(456) Pause Young (Allocation Failure) 42M->36M(57M) 4.966ms
[2026-06-17T10:01:14.116+0800][11.744s][info][gc,cpu         ] GC(456) User=0.00s Sys=0.00s Real=0.00s
[2026-06-17T10:01:14.128+0800][11.756s][info][gc,start       ] GC(457) Pause Young (Allocation Failure)
[2026-06-17T10:01:14.130+0800][11.758s][info][gc,heap        ] GC(457) PSYoungGen: 10781K(14848K)->1413K(14848K) Eden: 8024K(8192K)->0K(8192K) From: 2757K(6656K)->1413K(6656K)
[2026-06-17T10:01:14.130+0800][11.758s][info][gc,heap        ] GC(457) ParOldGen: 34685K(44032K)->36644K(44032K)
[2026-06-17T10:01:14.131+0800][11.759s][info][gc,metaspace   ] GC(457) Metaspace: 112K(320K)->112K(320K) NonClass: 105K(192K)->105K(192K) Class: 7K(128K)->7K(128K)
[2026-06-17T10:01:14.132+0800][11.759s][info][gc             ] GC(457) Pause Young (Allocation Failure) 44M->37M(57M) 3.344ms
[2026-06-17T10:01:14.132+0800][11.760s][info][gc,cpu         ] GC(457) User=0.00s Sys=0.00s Real=0.01s
[2026-06-17T10:01:14.164+0800][11.792s][info][gc,start       ] GC(458) Pause Young (Allocation Failure)
[2026-06-17T10:01:14.167+0800][11.795s][info][gc,heap        ] GC(458) PSYoungGen: 9603K(14848K)->849K(14848K) Eden: 8190K(8192K)->0K(8192K) From: 1413K(6656K)->849K(6656K)
[2026-06-17T10:01:14.168+0800][11.795s][info][gc,heap        ] GC(458) ParOldGen: 36644K(44032K)->38033K(44032K)
[2026-06-17T10:01:14.168+0800][11.796s][info][gc,metaspace   ] GC(458) Metaspace: 112K(320K)->112K(320K) NonClass: 105K(192K)->105K(192K) Class: 7K(128K)->7K(128K)
[2026-06-17T10:01:14.169+0800][11.796s][info][gc             ] GC(458) Pause Young (Allocation Failure) 45M->37M(57M) 4.745ms
[2026-06-17T10:01:14.169+0800][11.797s][info][gc,cpu         ] GC(458) User=0.01s Sys=0.00s Real=0.00s
[2026-06-17T10:01:14.181+0800][11.809s][info][gc,start       ] GC(459) Pause Young (Allocation Failure)
[2026-06-17T10:01:14.183+0800][11.811s][info][gc,heap        ] GC(459) PSYoungGen: 9027K(14848K)->4719K(14848K) Eden: 8178K(8192K)->0K(8192K) From: 849K(6656K)->4719K(6656K)
[2026-06-17T10:01:14.184+0800][11.812s][info][gc,heap        ] GC(459) ParOldGen: 38033K(44032K)->38806K(44032K)
[2026-06-17T10:01:14.184+0800][11.812s][info][gc,metaspace   ] GC(459) Metaspace: 112K(320K)->112K(320K) NonClass: 105K(192K)->105K(192K) Class: 7K(128K)->7K(128K)
[2026-06-17T10:01:14.185+0800][11.813s][info][gc             ] GC(459) Pause Young (Allocation Failure) 45M->42M(57M) 3.606ms
[2026-06-17T10:01:14.186+0800][11.813s][info][gc,cpu         ] GC(459) User=0.00s Sys=0.00s Real=0.01s
[2026-06-17T10:01:14.208+0800][11.836s][info][gc,start       ] GC(460) Pause Young (Allocation Failure)
[2026-06-17T10:01:14.210+0800][11.837s][info][gc,heap        ] GC(460) PSYoungGen: 12828K(14848K)->796K(14848K) Eden: 8108K(8192K)->0K(8192K) From: 4719K(6656K)->796K(6656K)
[2026-06-17T10:01:14.211+0800][11.839s][info][gc,heap        ] GC(460) ParOldGen: 38806K(44032K)->40542K(44032K)
[2026-06-17T10:01:14.211+0800][11.839s][info][gc,metaspace   ] GC(460) Metaspace: 112K(320K)->112K(320K) NonClass: 105K(192K)->105K(192K) Class: 7K(128K)->7K(128K)
[2026-06-17T10:01:14.212+0800][11.840s][info][gc             ] GC(460) Pause Young (Allocation Failure) 50M->40M(57M) 3.407ms
[2026-06-17T10:01:14.212+0800][11.840s][info][gc,cpu         ] GC(460) User=0.00s Sys=0.00s Real=0.01s
[2026-06-17T10:01:14.235+0800][11.863s][info][gc,start       ] GC(461) Pause Young (Allocation Failure)
[2026-06-17T10:01:14.237+0800][11.865s][info][gc,heap        ] GC(461) PSYoungGen: 8959K(14848K)->5253K(13824K) Eden: 8163K(8192K)->0K(7168K) From: 796K(6656K)->5253K(6656K)
[2026-06-17T10:01:14.238+0800][11.866s][info][gc,heap        ] GC(461) ParOldGen: 40542K(44032K)->41314K(44032K)
[2026-06-17T10:01:14.239+0800][11.866s][info][gc,metaspace   ] GC(461) Metaspace: 112K(320K)->112K(320K) NonClass: 105K(192K)->105K(192K) Class: 7K(128K)->7K(128K)
[2026-06-17T10:01:14.239+0800][11.867s][info][gc             ] GC(461) Pause Young (Allocation Failure) 48M->45M(56M) 4.082ms
[2026-06-17T10:01:14.240+0800][11.867s][info][gc,cpu         ] GC(461) User=0.00s Sys=0.00s Real=0.00s
[2026-06-17T10:01:14.262+0800][11.890s][info][gc,start       ] GC(462) Pause Full (Ergonomics)
[2026-06-17T10:01:14.263+0800][11.891s][info][gc,phases,start] GC(462) Marking Phase
[2026-06-17T10:01:14.266+0800][11.893s][info][gc,phases      ] GC(462) Marking Phase 2.636ms
[2026-06-17T10:01:14.267+0800][11.894s][info][gc,phases,start] GC(462) Summary Phase
[2026-06-17T10:01:14.270+0800][11.897s][info][gc,phases      ] GC(462) Summary Phase 3.136ms
[2026-06-17T10:01:14.272+0800][11.900s][info][gc,phases,start] GC(462) Adjust Roots
[2026-06-17T10:01:14.274+0800][11.902s][info][gc,phases      ] GC(462) Adjust Roots 1.500ms
[2026-06-17T10:01:14.276+0800][11.903s][info][gc,phases,start] GC(462) Compaction Phase
[2026-06-17T10:01:14.280+0800][11.908s][info][gc,phases      ] GC(462) Compaction Phase 4.354ms
[2026-06-17T10:01:14.281+0800][11.908s][info][gc,phases,start] GC(462) Post Compact
[2026-06-17T10:01:14.281+0800][11.909s][info][gc,phases      ] GC(462) Post Compact 0.550ms
[2026-06-17T10:01:14.282+0800][11.910s][info][gc,heap        ] GC(462) PSYoungGen: 12417K(13824K)->0K(14336K) Eden: 7163K(7168K)->0K(7168K) From: 5253K(6656K)->0K(7168K)
[2026-06-17T10:01:14.282+0800][11.910s][info][gc,heap        ] GC(462) ParOldGen: 41314K(44032K)->27931K(44032K)
[2026-06-17T10:01:14.283+0800][11.911s][info][gc,metaspace   ] GC(462) Metaspace: 112K(320K)->112K(320K) NonClass: 105K(192K)->105K(192K) Class: 7K(128K)->7K(128K)
[2026-06-17T10:01:14.283+0800][11.911s][info][gc             ] GC(462) Pause Full (Ergonomics) 52M->27M(57M) 20.926ms
[2026-06-17T10:01:14.284+0800][11.911s][info][gc,cpu         ] GC(462) User=0.01s Sys=0.00s Real=0.03s
[2026-06-17T10:01:14.306+0800][11.933s][info][gc,start       ] GC(463) Pause Young (Allocation Failure)
[2026-06-17T10:01:14.307+0800][11.935s][info][gc,heap        ] GC(463) PSYoungGen: 7108K(14336K)->3826K(14336K) Eden: 7108K(7168K)->0K(7168K) From: 0K(7168K)->3826K(7168K)
[2026-06-17T10:01:14.308+0800][11.936s][info][gc,heap        ] GC(463) ParOldGen: 27931K(44032K)->27931K(44032K)
[2026-06-17T10:01:14.309+0800][11.936s][info][gc,metaspace   ] GC(463) Metaspace: 112K(320K)->112K(320K) NonClass: 105K(192K)->105K(192K) Class: 7K(128K)->7K(128K)
[2026-06-17T10:01:14.309+0800][11.937s][info][gc             ] GC(463) Pause Young (Allocation Failure) 34M->31M(57M) 3.794ms
[2026-06-17T10:01:14.310+0800][11.938s][info][gc,cpu         ] GC(463) User=0.00s Sys=0.00s Real=0.00s
[2026-06-17T10:01:14.322+0800][11.950s][info][gc,start       ] GC(464) Pause Young (Allocation Failure)
[2026-06-17T10:01:14.324+0800][11.952s][info][gc,heap        ] GC(464) PSYoungGen: 10957K(14336K)->5253K(14336K) Eden: 7131K(7168K)->0K(7168K) From: 3826K(7168K)->5253K(7168K)
[2026-06-17T10:01:14.325+0800][11.952s][info][gc,heap        ] GC(464) ParOldGen: 27931K(44032K)->30159K(44032K)
[2026-06-17T10:01:14.325+0800][11.953s][info][gc,metaspace   ] GC(464) Metaspace: 112K(320K)->112K(320K) NonClass: 105K(192K)->105K(192K) Class: 7K(128K)->7K(128K)
[2026-06-17T10:01:14.326+0800][11.953s][info][gc             ] GC(464) Pause Young (Allocation Failure) 37M->34M(57M) 3.539ms
[2026-06-17T10:01:14.326+0800][11.954s][info][gc,cpu         ] GC(464) User=0.00s Sys=0.00s Real=0.01s
[2026-06-17T10:01:14.348+0800][11.976s][info][gc,start       ] GC(465) Pause Young (Allocation Failure)
[2026-06-17T10:01:14.349+0800][11.976s][info][gc,heap        ] GC(465) PSYoungGen: 12300K(14336K)->32K(14336K) Eden: 7046K(7168K)->0K(7168K) From: 5253K(7168K)->32K(7168K)
[2026-06-17T10:01:14.349+0800][11.977s][info][gc,heap        ] GC(465) ParOldGen: 30159K(44032K)->31945K(44032K)
[2026-06-17T10:01:14.349+0800][11.977s][info][gc,metaspace   ] GC(465) Metaspace: 112K(320K)->112K(320K) NonClass: 105K(192K)->105K(192K) Class: 7K(128K)->7K(128K)
[2026-06-17T10:01:14.349+0800][11.977s][info][gc             ] GC(465) Pause Young (Allocation Failure) 41M->31M(57M) 1.594ms
[2026-06-17T10:01:14.350+0800][11.977s][info][gc,cpu         ] GC(465) User=0.00s Sys=0.00s Real=0.00s
[2026-06-17T10:01:14.371+0800][11.999s][info][gc,start       ] GC(466) Pause Young (Allocation Failure)
[2026-06-17T10:01:14.373+0800][12.001s][info][gc,heap        ] GC(466) PSYoungGen: 7169K(14336K)->3536K(14336K) Eden: 7137K(7168K)->0K(7168K) From: 32K(7168K)->3536K(7168K)
[2026-06-17T10:01:14.374+0800][12.002s][info][gc,heap        ] GC(466) ParOldGen: 31945K(44032K)->31953K(44032K)
[2026-06-17T10:01:14.375+0800][12.002s][info][gc,metaspace   ] GC(466) Metaspace: 112K(320K)->112K(320K) NonClass: 105K(192K)->105K(192K) Class: 7K(128K)->7K(128K)
[2026-06-17T10:01:14.375+0800][12.003s][info][gc             ] GC(466) Pause Young (Allocation Failure) 38M->34M(57M) 3.574ms
[2026-06-17T10:01:14.376+0800][12.003s][info][gc,cpu         ] GC(466) User=0.00s Sys=0.00s Real=0.00s
[2026-06-17T10:01:14.387+0800][12.015s][info][gc,start       ] GC(467) Pause Young (Allocation Failure)
[2026-06-17T10:01:14.389+0800][12.017s][info][gc,heap        ] GC(467) PSYoungGen: 10529K(14336K)->1358K(14336K) Eden: 6992K(7168K)->0K(7168K) From: 3536K(7168K)->1358K(7168K)
[2026-06-17T10:01:14.389+0800][12.017s][info][gc,heap        ] GC(467) ParOldGen: 31953K(44032K)->34231K(44032K)
[2026-06-17T10:01:14.390+0800][12.018s][info][gc,metaspace   ] GC(467) Metaspace: 112K(320K)->112K(320K) NonClass: 105K(192K)->105K(192K) Class: 7K(128K)->7K(128K)
[2026-06-17T10:01:14.391+0800][12.018s][info][gc             ] GC(467) Pause Young (Allocation Failure) 41M->34M(57M) 3.140ms
[2026-06-17T10:01:14.391+0800][12.019s][info][gc,cpu         ] GC(467) User=0.00s Sys=0.00s Real=0.01s
[2026-06-17T10:01:14.413+0800][12.041s][info][gc,start       ] GC(468) Pause Young (Allocation Failure)
[2026-06-17T10:01:14.417+0800][12.044s][info][gc,heap        ] GC(468) PSYoungGen: 8497K(14336K)->3738K(14336K) Eden: 7139K(7168K)->0K(7168K) From: 1358K(7168K)->3738K(7168K)
[2026-06-17T10:01:14.417+0800][12.045s][info][gc,heap        ] GC(468) ParOldGen: 34231K(44032K)->35565K(44032K)
[2026-06-17T10:01:14.418+0800][12.046s][info][gc,metaspace   ] GC(468) Metaspace: 112K(320K)->112K(320K) NonClass: 105K(192K)->105K(192K) Class: 7K(128K)->7K(128K)
[2026-06-17T10:01:14.419+0800][12.046s][info][gc             ] GC(468) Pause Young (Allocation Failure) 41M->38M(57M) 5.832ms
[2026-06-17T10:01:14.419+0800][12.047s][info][gc,cpu         ] GC(468) User=0.00s Sys=0.00s Real=0.00s
[2026-06-17T10:01:14.441+0800][12.069s][info][gc,start       ] GC(469) Pause Young (Allocation Failure)
[2026-06-17T10:01:14.444+0800][12.071s][info][gc,heap        ] GC(469) PSYoungGen: 10859K(14336K)->3203K(14336K) Eden: 7121K(7168K)->0K(7168K) From: 3738K(7168K)->3203K(7168K)
[2026-06-17T10:01:14.445+0800][12.072s][info][gc,heap        ] GC(469) ParOldGen: 35565K(44032K)->36351K(44032K)
[2026-06-17T10:01:14.445+0800][12.073s][info][gc,metaspace   ] GC(469) Metaspace: 112K(320K)->112K(320K) NonClass: 105K(192K)->105K(192K) Class: 7K(128K)->7K(128K)
[2026-06-17T10:01:14.446+0800][12.074s][info][gc             ] GC(469) Pause Young (Allocation Failure) 45M->38M(57M) 4.452ms
[2026-06-17T10:01:14.447+0800][12.074s][info][gc,cpu         ] GC(469) User=0.01s Sys=0.00s Real=0.01s
[2026-06-17T10:01:14.469+0800][12.097s][info][gc,start       ] GC(470) Pause Young (Allocation Failure)
[2026-06-17T10:01:14.471+0800][12.099s][info][gc,heap        ] GC(470) PSYoungGen: 10362K(14336K)->2075K(14336K) Eden: 7158K(7168K)->0K(7168K) From: 3203K(7168K)->2075K(7168K)
[2026-06-17T10:01:14.472+0800][12.100s][info][gc,heap        ] GC(470) ParOldGen: 36351K(44032K)->38038K(44032K)
[2026-06-17T10:01:14.473+0800][12.100s][info][gc,metaspace   ] GC(470) Metaspace: 112K(320K)->112K(320K) NonClass: 105K(192K)->105K(192K) Class: 7K(128K)->7K(128K)
[2026-06-17T10:01:14.473+0800][12.101s][info][gc             ] GC(470) Pause Young (Allocation Failure) 45M->39M(57M) 3.673ms
[2026-06-17T10:01:14.474+0800][12.101s][info][gc,cpu         ] GC(470) User=0.00s Sys=0.00s Real=0.01s
[2026-06-17T10:01:14.485+0800][12.113s][info][gc,start       ] GC(471) Pause Young (Allocation Failure)
[2026-06-17T10:01:14.488+0800][12.116s][info][gc,heap        ] GC(471) PSYoungGen: 9235K(14336K)->5427K(13824K) Eden: 7159K(7168K)->0K(7168K) From: 2075K(7168K)->5427K(6656K)
[2026-06-17T10:01:14.490+0800][12.118s][info][gc,heap        ] GC(471) ParOldGen: 38038K(44032K)->38038K(44032K)
[2026-06-17T10:01:14.492+0800][12.120s][info][gc,metaspace   ] GC(471) Metaspace: 112K(320K)->112K(320K) NonClass: 105K(192K)->105K(192K) Class: 7K(128K)->7K(128K)
[2026-06-17T10:01:14.493+0800][12.120s][info][gc             ] GC(471) Pause Young (Allocation Failure) 46M->42M(56M) 7.327ms
[2026-06-17T10:01:14.493+0800][12.121s][info][gc,cpu         ] GC(471) User=0.00s Sys=0.00s Real=0.01s
[2026-06-17T10:01:14.516+0800][12.144s][info][gc,start       ] GC(472) Pause Young (Allocation Failure)
[2026-06-17T10:01:14.518+0800][12.146s][info][gc,heap        ] GC(472) PSYoungGen: 12568K(13824K)->2929K(14336K) Eden: 7141K(7168K)->0K(7168K) From: 5427K(6656K)->2929K(7168K)
[2026-06-17T10:01:14.519+0800][12.147s][info][gc,heap        ] GC(472) ParOldGen: 38038K(44032K)->40920K(44032K)
[2026-06-17T10:01:14.520+0800][12.148s][info][gc,metaspace   ] GC(472) Metaspace: 112K(320K)->112K(320K) NonClass: 105K(192K)->105K(192K) Class: 7K(128K)->7K(128K)
[2026-06-17T10:01:14.521+0800][12.148s][info][gc             ] GC(472) Pause Young (Allocation Failure) 49M->42M(57M) 4.058ms
[2026-06-17T10:01:14.521+0800][12.149s][info][gc,cpu         ] GC(472) User=0.01s Sys=0.00s Real=0.00s
[2026-06-17T10:01:14.544+0800][12.171s][info][gc,start       ] GC(473) Pause Full (Ergonomics)
[2026-06-17T10:01:14.545+0800][12.172s][info][gc,phases,start] GC(473) Marking Phase
[2026-06-17T10:01:14.560+0800][12.187s][info][gc,phases      ] GC(473) Marking Phase 15.260ms
[2026-06-17T10:01:14.595+0800][12.223s][info][gc,phases,start] GC(473) Summary Phase
[2026-06-17T10:01:14.638+0800][12.266s][info][gc,phases      ] GC(473) Summary Phase 42.517ms
[2026-06-17T10:01:14.660+0800][12.288s][info][gc,phases,start] GC(473) Adjust Roots
[2026-06-17T10:01:14.661+0800][12.289s][info][gc,phases      ] GC(473) Adjust Roots 1.251ms
[2026-06-17T10:01:14.664+0800][12.291s][info][gc,phases,start] GC(473) Compaction Phase
[2026-06-17T10:01:14.668+0800][12.296s][info][gc,phases      ] GC(473) Compaction Phase 4.463ms
[2026-06-17T10:01:14.669+0800][12.297s][info][gc,phases,start] GC(473) Post Compact
[2026-06-17T10:01:14.670+0800][12.297s][info][gc,phases      ] GC(473) Post Compact 0.717ms
[2026-06-17T10:01:14.670+0800][12.298s][info][gc,heap        ] GC(473) PSYoungGen: 10085K(14336K)->0K(14336K) Eden: 7156K(7168K)->0K(7168K) From: 2929K(7168K)->0K(7168K)
[2026-06-17T10:01:14.671+0800][12.299s][info][gc,heap        ] GC(473) ParOldGen: 40920K(44032K)->20796K(44032K)
[2026-06-17T10:01:14.672+0800][12.300s][info][gc,metaspace   ] GC(473) Metaspace: 112K(320K)->112K(320K) NonClass: 105K(192K)->105K(192K) Class: 7K(128K)->7K(128K)
[2026-06-17T10:01:14.673+0800][12.301s][info][gc             ] GC(473) Pause Full (Ergonomics) 49M->20M(57M) 129.713ms
[2026-06-17T10:01:14.674+0800][12.302s][info][gc,cpu         ] GC(473) User=0.01s Sys=0.00s Real=0.13s
[2026-06-17T10:01:14.687+0800][12.315s][info][gc,start       ] GC(474) Pause Young (Allocation Failure)
[2026-06-17T10:01:14.690+0800][12.317s][info][gc,heap        ] GC(474) PSYoungGen: 7159K(14336K)->3969K(14336K) Eden: 7159K(7168K)->0K(7168K) From: 0K(7168K)->3969K(7168K)
[2026-06-17T10:01:14.691+0800][12.318s][info][gc,heap        ] GC(474) ParOldGen: 20796K(44032K)->20796K(44032K)
[2026-06-17T10:01:14.693+0800][12.321s][info][gc,metaspace   ] GC(474) Metaspace: 112K(320K)->112K(320K) NonClass: 105K(192K)->105K(192K) Class: 7K(128K)->7K(128K)
[2026-06-17T10:01:14.694+0800][12.321s][info][gc             ] GC(474) Pause Young (Allocation Failure) 27M->24M(57M) 6.261ms
[2026-06-17T10:01:14.695+0800][12.322s][info][gc,cpu         ] GC(474) User=0.00s Sys=0.00s Real=0.01s
[2026-06-17T10:01:14.722+0800][12.350s][info][gc,start       ] GC(475) Pause Young (Allocation Failure)
[2026-06-17T10:01:14.723+0800][12.351s][info][gc,heap        ] GC(475) PSYoungGen: 11126K(14336K)->7103K(14336K) Eden: 7157K(7168K)->0K(7168K) From: 3969K(7168K)->7103K(7168K)
[2026-06-17T10:01:14.724+0800][12.352s][info][gc,heap        ] GC(475) ParOldGen: 20796K(44032K)->21738K(44032K)
[2026-06-17T10:01:14.724+0800][12.352s][info][gc,metaspace   ] GC(475) Metaspace: 112K(320K)->112K(320K) NonClass: 105K(192K)->105K(192K) Class: 7K(128K)->7K(128K)
[2026-06-17T10:01:14.725+0800][12.352s][info][gc             ] GC(475) Pause Young (Allocation Failure) 31M->28M(57M) 2.312ms
[2026-06-17T10:01:14.725+0800][12.353s][info][gc,cpu         ] GC(475) User=0.00s Sys=0.00s Real=0.01s
[2026-06-17T10:01:14.747+0800][12.374s][info][gc,start       ] GC(476) Pause Young (Allocation Failure)
[2026-06-17T10:01:14.749+0800][12.377s][info][gc,heap        ] GC(476) PSYoungGen: 14214K(14336K)->3263K(14336K) Eden: 7111K(7168K)->0K(7168K) From: 7103K(7168K)->3263K(7168K)
[2026-06-17T10:01:14.750+0800][12.378s][info][gc,heap        ] GC(476) ParOldGen: 21738K(44032K)->25614K(44032K)
[2026-06-17T10:01:14.751+0800][12.379s][info][gc,metaspace   ] GC(476) Metaspace: 112K(320K)->112K(320K) NonClass: 105K(192K)->105K(192K) Class: 7K(128K)->7K(128K)
[2026-06-17T10:01:14.757+0800][12.385s][info][gc             ] GC(476) Pause Young (Allocation Failure) 35M->28M(57M) 10.236ms
[2026-06-17T10:01:14.763+0800][12.390s][info][gc,cpu         ] GC(476) User=0.00s Sys=0.00s Real=0.02s
[2026-06-17T10:01:14.786+0800][12.414s][info][gc,start       ] GC(477) Pause Young (Allocation Failure)
[2026-06-17T10:01:14.787+0800][12.415s][info][gc,heap        ] GC(477) PSYoungGen: 10419K(14336K)->1569K(14336K) Eden: 7155K(7168K)->0K(7168K) From: 3263K(7168K)->1569K(7168K)
[2026-06-17T10:01:14.789+0800][12.416s][info][gc,heap        ] GC(477) ParOldGen: 25614K(44032K)->27684K(44032K)
[2026-06-17T10:01:14.789+0800][12.417s][info][gc,metaspace   ] GC(477) Metaspace: 112K(320K)->112K(320K) NonClass: 105K(192K)->105K(192K) Class: 7K(128K)->7K(128K)
[2026-06-17T10:01:14.790+0800][12.418s][info][gc             ] GC(477) Pause Young (Allocation Failure) 35M->28M(57M) 4.595ms
[2026-06-17T10:01:14.791+0800][12.419s][info][gc,cpu         ] GC(477) User=0.00s Sys=0.00s Real=0.01s
[2026-06-17T10:01:14.804+0800][12.432s][info][gc,start       ] GC(478) Pause Young (Allocation Failure)
[2026-06-17T10:01:14.806+0800][12.433s][info][gc,heap        ] GC(478) PSYoungGen: 8703K(14336K)->5342K(14336K) Eden: 7134K(7168K)->0K(7168K) From: 1569K(7168K)->5342K(7168K)
[2026-06-17T10:01:14.808+0800][12.435s][info][gc,heap        ] GC(478) ParOldGen: 27684K(44032K)->27684K(44032K)
[2026-06-17T10:01:14.811+0800][12.439s][info][gc,metaspace   ] GC(478) Metaspace: 112K(320K)->112K(320K) NonClass: 105K(192K)->105K(192K) Class: 7K(128K)->7K(128K)
[2026-06-17T10:01:14.812+0800][12.439s][info][gc             ] GC(478) Pause Young (Allocation Failure) 35M->32M(57M) 7.682ms
[2026-06-17T10:01:14.815+0800][12.442s][info][gc,cpu         ] GC(478) User=0.00s Sys=0.00s Real=0.01s
[2026-06-17T10:01:14.837+0800][12.465s][info][gc,start       ] GC(479) Pause Young (Allocation Failure)
[2026-06-17T10:01:14.839+0800][12.467s][info][gc,heap        ] GC(479) PSYoungGen: 12502K(14336K)->3507K(14336K) Eden: 7159K(7168K)->0K(7168K) From: 5342K(7168K)->3507K(7168K)
[2026-06-17T10:01:14.841+0800][12.469s][info][gc,heap        ] GC(479) ParOldGen: 27684K(44032K)->29684K(44032K)
[2026-06-17T10:01:14.842+0800][12.470s][info][gc,metaspace   ] GC(479) Metaspace: 112K(320K)->112K(320K) NonClass: 105K(192K)->105K(192K) Class: 7K(128K)->7K(128K)
[2026-06-17T10:01:14.842+0800][12.470s][info][gc             ] GC(479) Pause Young (Allocation Failure) 39M->32M(57M) 5.424ms
[2026-06-17T10:01:14.843+0800][12.470s][info][gc,cpu         ] GC(479) User=0.00s Sys=0.00s Real=0.01s
[2026-06-17T10:01:14.865+0800][12.493s][info][gc,start       ] GC(480) Pause Young (Allocation Failure)
[2026-06-17T10:01:14.867+0800][12.495s][info][gc,heap        ] GC(480) PSYoungGen: 10661K(14336K)->3445K(14336K) Eden: 7154K(7168K)->0K(7168K) From: 3507K(7168K)->3445K(7168K)
[2026-06-17T10:01:14.868+0800][12.496s][info][gc,heap        ] GC(480) ParOldGen: 29684K(44032K)->29684K(44032K)
[2026-06-17T10:01:14.869+0800][12.496s][info][gc,metaspace   ] GC(480) Metaspace: 112K(320K)->112K(320K) NonClass: 105K(192K)->105K(192K) Class: 7K(128K)->7K(128K)
[2026-06-17T10:01:14.870+0800][12.498s][info][gc             ] GC(480) Pause Young (Allocation Failure) 39M->32M(57M) 4.457ms
[2026-06-17T10:01:14.870+0800][12.498s][info][gc,cpu         ] GC(480) User=0.00s Sys=0.00s Real=0.00s
[2026-06-17T10:01:14.882+0800][12.510s][info][gc,start       ] GC(481) Pause Young (Allocation Failure)
[2026-06-17T10:01:14.891+0800][12.519s][info][gc,heap        ] GC(481) PSYoungGen: 10399K(14336K)->3419K(14848K) Eden: 6953K(7168K)->0K(7680K) From: 3445K(7168K)->3419K(7168K)
[2026-06-17T10:01:14.895+0800][12.522s][info][gc,heap        ] GC(481) ParOldGen: 29684K(44032K)->29684K(44032K)
[2026-06-17T10:01:14.895+0800][12.523s][info][gc,metaspace   ] GC(481) Metaspace: 112K(320K)->112K(320K) NonClass: 105K(192K)->105K(192K) Class: 7K(128K)->7K(128K)
[2026-06-17T10:01:14.899+0800][12.527s][info][gc             ] GC(481) Pause Young (Allocation Failure) 39M->32M(57M) 16.624ms
[2026-06-17T10:01:14.905+0800][12.533s][info][gc,cpu         ] GC(481) User=0.01s Sys=0.00s Real=0.03s
[2026-06-17T10:01:14.927+0800][12.555s][info][gc,start       ] GC(482) Pause Young (Allocation Failure)
[2026-06-17T10:01:14.929+0800][12.557s][info][gc,heap        ] GC(482) PSYoungGen: 11047K(14848K)->6552K(14336K) Eden: 7628K(7680K)->0K(7680K) From: 3419K(7168K)->6552K(6656K)
[2026-06-17T10:01:14.930+0800][12.558s][info][gc,heap        ] GC(482) ParOldGen: 29684K(44032K)->30838K(44032K)
[2026-06-17T10:01:14.931+0800][12.558s][info][gc,metaspace   ] GC(482) Metaspace: 112K(320K)->112K(320K) NonClass: 105K(192K)->105K(192K) Class: 7K(128K)->7K(128K)
[2026-06-17T10:01:14.931+0800][12.559s][info][gc             ] GC(482) Pause Young (Allocation Failure) 39M->36M(57M) 4.090ms
[2026-06-17T10:01:14.932+0800][12.560s][info][gc,cpu         ] GC(482) User=0.00s Sys=0.00s Real=0.01s
[2026-06-17T10:01:14.955+0800][12.582s][info][gc,start       ] GC(483) Pause Young (Allocation Failure)
[2026-06-17T10:01:14.957+0800][12.584s][info][gc,heap        ] GC(483) PSYoungGen: 14222K(14336K)->4557K(14336K) Eden: 7670K(7680K)->0K(7168K) From: 6552K(6656K)->4557K(7168K)
[2026-06-17T10:01:14.957+0800][12.585s][info][gc,heap        ] GC(483) ParOldGen: 30838K(44032K)->33079K(44032K)
[2026-06-17T10:01:14.958+0800][12.585s][info][gc,metaspace   ] GC(483) Metaspace: 112K(320K)->112K(320K) NonClass: 105K(192K)->105K(192K) Class: 7K(128K)->7K(128K)
[2026-06-17T10:01:14.958+0800][12.586s][info][gc             ] GC(483) Pause Young (Allocation Failure) 44M->36M(57M) 3.257ms
[2026-06-17T10:01:14.958+0800][12.586s][info][gc,cpu         ] GC(483) User=0.00s Sys=0.00s Real=0.00s
[2026-06-17T10:01:14.980+0800][12.608s][info][gc,start       ] GC(484) Pause Young (Allocation Failure)
[2026-06-17T10:01:14.983+0800][12.610s][info][gc,heap        ] GC(484) PSYoungGen: 11693K(14336K)->775K(14336K) Eden: 7136K(7168K)->0K(7168K) From: 4557K(7168K)->775K(7168K)
[2026-06-17T10:01:14.983+0800][12.611s][info][gc,heap        ] GC(484) ParOldGen: 33079K(44032K)->36976K(44032K)
[2026-06-17T10:01:14.984+0800][12.611s][info][gc,metaspace   ] GC(484) Metaspace: 112K(320K)->112K(320K) NonClass: 105K(192K)->105K(192K) Class: 7K(128K)->7K(128K)
[2026-06-17T10:01:14.984+0800][12.612s][info][gc             ] GC(484) Pause Young (Allocation Failure) 43M->36M(57M) 3.920ms
[2026-06-17T10:01:14.985+0800][12.613s][info][gc,cpu         ] GC(484) User=0.00s Sys=0.00s Real=0.01s
[2026-06-17T10:01:14.997+0800][12.624s][info][gc,start       ] GC(485) Pause Young (Allocation Failure)
[2026-06-17T10:01:14.999+0800][12.627s][info][gc,heap        ] GC(485) PSYoungGen: 7940K(14336K)->4693K(14336K) Eden: 7165K(7168K)->0K(7168K) From: 775K(7168K)->4693K(7168K)
[2026-06-17T10:01:14.999+0800][12.627s][info][gc,heap        ] GC(485) ParOldGen: 36976K(44032K)->36976K(44032K)
[2026-06-17T10:01:15.000+0800][12.628s][info][gc,metaspace   ] GC(485) Metaspace: 112K(320K)->112K(320K) NonClass: 105K(192K)->105K(192K) Class: 7K(128K)->7K(128K)
[2026-06-17T10:01:15.001+0800][12.628s][info][gc             ] GC(485) Pause Young (Allocation Failure) 43M->40M(57M) 3.909ms
[2026-06-17T10:01:15.001+0800][12.629s][info][gc,cpu         ] GC(485) User=0.01s Sys=0.00s Real=0.00s
[2026-06-17T10:01:15.023+0800][12.651s][info][gc,start       ] GC(486) Pause Young (Allocation Failure)
[2026-06-17T10:01:15.024+0800][12.652s][info][gc,heap        ] GC(486) PSYoungGen: 11859K(14336K)->2798K(14336K) Eden: 7166K(7168K)->0K(7168K) From: 4693K(7168K)->2798K(7168K)
[2026-06-17T10:01:15.025+0800][12.653s][info][gc,heap        ] GC(486) ParOldGen: 36976K(44032K)->39198K(44032K)
[2026-06-17T10:01:15.025+0800][12.653s][info][gc,metaspace   ] GC(486) Metaspace: 112K(320K)->112K(320K) NonClass: 105K(192K)->105K(192K) Class: 7K(128K)->7K(128K)
[2026-06-17T10:01:15.026+0800][12.653s][info][gc             ] GC(486) Pause Young (Allocation Failure) 47M->41M(57M) 2.297ms
[2026-06-17T10:01:15.026+0800][12.654s][info][gc,cpu         ] GC(486) User=0.00s Sys=0.00s Real=0.00s
[2026-06-17T10:01:15.047+0800][12.675s][info][gc,start       ] GC(487) Pause Young (Allocation Failure)
[2026-06-17T10:01:15.048+0800][12.676s][info][gc,heap        ] GC(487) PSYoungGen: 9929K(14336K)->3223K(14336K) Eden: 7131K(7168K)->0K(7168K) From: 2798K(7168K)->3223K(7168K)
[2026-06-17T10:01:15.049+0800][12.677s][info][gc,heap        ] GC(487) ParOldGen: 39198K(44032K)->39198K(44032K)
[2026-06-17T10:01:15.049+0800][12.677s][info][gc,metaspace   ] GC(487) Metaspace: 112K(320K)->112K(320K) NonClass: 105K(192K)->105K(192K) Class: 7K(128K)->7K(128K)
[2026-06-17T10:01:15.050+0800][12.677s][info][gc             ] GC(487) Pause Young (Allocation Failure) 47M->41M(57M) 2.460ms
[2026-06-17T10:01:15.050+0800][12.678s][info][gc,cpu         ] GC(487) User=0.00s Sys=0.00s Real=0.00s
[2026-06-17T10:01:15.071+0800][12.699s][info][gc,start       ] GC(488) Pause Young (Allocation Failure)
[2026-06-17T10:01:15.073+0800][12.701s][info][gc,heap        ] GC(488) PSYoungGen: 10383K(14336K)->3773K(14336K) Eden: 7159K(7168K)->0K(7168K) From: 3223K(7168K)->3773K(7168K)
[2026-06-17T10:01:15.073+0800][12.701s][info][gc,heap        ] GC(488) ParOldGen: 39198K(44032K)->39198K(44032K)
[2026-06-17T10:01:15.074+0800][12.702s][info][gc,metaspace   ] GC(488) Metaspace: 112K(320K)->112K(320K) NonClass: 105K(192K)->105K(192K) Class: 7K(128K)->7K(128K)
[2026-06-17T10:01:15.075+0800][12.702s][info][gc             ] GC(488) Pause Young (Allocation Failure) 48M->41M(57M) 3.504ms
[2026-06-17T10:01:15.075+0800][12.703s][info][gc,cpu         ] GC(488) User=0.00s Sys=0.01s Real=0.00s
[2026-06-17T10:01:15.097+0800][12.725s][info][gc,start       ] GC(489) Pause Young (Allocation Failure)
[2026-06-17T10:01:15.099+0800][12.726s][info][gc,heap        ] GC(489) PSYoungGen: 10896K(14336K)->4003K(14848K) Eden: 7122K(7168K)->0K(7680K) From: 3773K(7168K)->4003K(7168K)
[2026-06-17T10:01:15.099+0800][12.727s][info][gc,heap        ] GC(489) ParOldGen: 39198K(44032K)->39198K(44032K)
[2026-06-17T10:01:15.100+0800][12.727s][info][gc,metaspace   ] GC(489) Metaspace: 112K(320K)->112K(320K) NonClass: 105K(192K)->105K(192K) Class: 7K(128K)->7K(128K)
[2026-06-17T10:01:15.100+0800][12.728s][info][gc             ] GC(489) Pause Young (Allocation Failure) 48M->42M(57M) 2.815ms
[2026-06-17T10:01:15.101+0800][12.728s][info][gc,cpu         ] GC(489) User=0.01s Sys=0.00s Real=0.00s
[2026-06-17T10:01:15.112+0800][12.740s][info][gc,start       ] GC(490) Pause Young (Allocation Failure)
[2026-06-17T10:01:15.114+0800][12.742s][info][gc,heap        ] GC(490) PSYoungGen: 11633K(14848K)->6616K(14336K) Eden: 7629K(7680K)->0K(7680K) From: 4003K(7168K)->6616K(6656K)
[2026-06-17T10:01:15.115+0800][12.742s][info][gc,heap        ] GC(490) ParOldGen: 39198K(44032K)->40654K(44032K)
[2026-06-17T10:01:15.115+0800][12.743s][info][gc,metaspace   ] GC(490) Metaspace: 112K(320K)->112K(320K) NonClass: 105K(192K)->105K(192K) Class: 7K(128K)->7K(128K)
[2026-06-17T10:01:15.116+0800][12.743s][info][gc             ] GC(490) Pause Young (Allocation Failure) 49M->46M(57M) 3.527ms
[2026-06-17T10:01:15.116+0800][12.744s][info][gc,cpu         ] GC(490) User=0.00s Sys=0.00s Real=0.00s
[2026-06-17T10:01:15.138+0800][12.766s][info][gc,start       ] GC(491) Pause Full (Ergonomics)
[2026-06-17T10:01:15.139+0800][12.767s][info][gc,phases,start] GC(491) Marking Phase
[2026-06-17T10:01:15.142+0800][12.770s][info][gc,phases      ] GC(491) Marking Phase 2.672ms
[2026-06-17T10:01:15.143+0800][12.770s][info][gc,phases,start] GC(491) Summary Phase
[2026-06-17T10:01:15.143+0800][12.771s][info][gc,phases      ] GC(491) Summary Phase 0.517ms
[2026-06-17T10:01:15.143+0800][12.771s][info][gc,phases,start] GC(491) Adjust Roots
[2026-06-17T10:01:15.144+0800][12.772s][info][gc,phases      ] GC(491) Adjust Roots 0.606ms
[2026-06-17T10:01:15.144+0800][12.772s][info][gc,phases,start] GC(491) Compaction Phase
[2026-06-17T10:01:15.146+0800][12.774s][info][gc,phases      ] GC(491) Compaction Phase 1.892ms
[2026-06-17T10:01:15.147+0800][12.774s][info][gc,phases,start] GC(491) Post Compact
[2026-06-17T10:01:15.147+0800][12.775s][info][gc,phases      ] GC(491) Post Compact 0.467ms
[2026-06-17T10:01:15.148+0800][12.775s][info][gc,heap        ] GC(491) PSYoungGen: 14269K(14336K)->0K(14336K) Eden: 7653K(7680K)->0K(7168K) From: 6616K(6656K)->0K(7168K)
[2026-06-17T10:01:15.148+0800][12.776s][info][gc,heap        ] GC(491) ParOldGen: 40654K(44032K)->24373K(44032K)
[2026-06-17T10:01:15.148+0800][12.776s][info][gc,metaspace   ] GC(491) Metaspace: 112K(320K)->112K(320K) NonClass: 105K(192K)->105K(192K) Class: 7K(128K)->7K(128K)
[2026-06-17T10:01:15.148+0800][12.776s][info][gc             ] GC(491) Pause Full (Ergonomics) 53M->23M(57M) 10.113ms
[2026-06-17T10:01:15.149+0800][12.776s][info][gc,cpu         ] GC(491) User=0.00s Sys=0.00s Real=0.01s
[2026-06-17T10:01:15.170+0800][12.798s][info][gc,start       ] GC(492) Pause Young (Allocation Failure)
[2026-06-17T10:01:15.172+0800][12.799s][info][gc,heap        ] GC(492) PSYoungGen: 7124K(14336K)->3640K(14336K) Eden: 7124K(7168K)->0K(7168K) From: 0K(7168K)->3640K(7168K)
[2026-06-17T10:01:15.173+0800][12.801s][info][gc,heap        ] GC(492) ParOldGen: 24373K(44032K)->24373K(44032K)
[2026-06-17T10:01:15.178+0800][12.805s][info][gc,metaspace   ] GC(492) Metaspace: 112K(320K)->112K(320K) NonClass: 105K(192K)->105K(192K) Class: 7K(128K)->7K(128K)
[2026-06-17T10:01:15.179+0800][12.807s][info][gc             ] GC(492) Pause Young (Allocation Failure) 30M->27M(57M) 9.365ms
[2026-06-17T10:01:15.180+0800][12.808s][info][gc,cpu         ] GC(492) User=0.00s Sys=0.00s Real=0.01s
[2026-06-17T10:01:15.192+0800][12.819s][info][gc,start       ] GC(493) Pause Young (Allocation Failure)
[2026-06-17T10:01:15.193+0800][12.821s][info][gc,heap        ] GC(493) PSYoungGen: 10800K(14336K)->3723K(14336K) Eden: 7159K(7168K)->0K(7168K) From: 3640K(7168K)->3723K(7168K)
[2026-06-17T10:01:15.194+0800][12.822s][info][gc,heap        ] GC(493) ParOldGen: 24373K(44032K)->24373K(44032K)
[2026-06-17T10:01:15.201+0800][12.828s][info][gc,metaspace   ] GC(493) Metaspace: 112K(320K)->112K(320K) NonClass: 105K(192K)->105K(192K) Class: 7K(128K)->7K(128K)
[2026-06-17T10:01:15.261+0800][12.888s][info][gc             ] GC(493) Pause Young (Allocation Failure) 34M->27M(57M) 69.051ms
[2026-06-17T10:01:15.262+0800][12.889s][info][gc,cpu         ] GC(493) User=0.00s Sys=0.00s Real=0.06s
[2026-06-17T10:01:15.284+0800][12.912s][info][gc,start       ] GC(494) Pause Young (Allocation Failure)
[2026-06-17T10:01:15.314+0800][12.942s][info][gc,heap        ] GC(494) PSYoungGen: 10867K(14336K)->7097K(14336K) Eden: 7144K(7168K)->0K(7168K) From: 3723K(7168K)->7097K(7168K)
[2026-06-17T10:01:15.315+0800][12.943s][info][gc,heap        ] GC(494) ParOldGen: 24373K(44032K)->24539K(44032K)
[2026-06-17T10:01:15.316+0800][12.944s][info][gc,metaspace   ] GC(494) Metaspace: 112K(320K)->112K(320K) NonClass: 105K(192K)->105K(192K) Class: 7K(128K)->7K(128K)
[2026-06-17T10:01:15.317+0800][12.945s][info][gc             ] GC(494) Pause Young (Allocation Failure) 34M->30M(57M) 32.488ms
[2026-06-17T10:01:15.317+0800][12.945s][info][gc,cpu         ] GC(494) User=0.00s Sys=0.00s Real=0.03s
[2026-06-17T10:01:15.339+0800][12.967s][info][gc,start       ] GC(495) Pause Young (Allocation Failure)
[2026-06-17T10:01:15.340+0800][12.968s][info][gc,heap        ] GC(495) PSYoungGen: 14262K(14336K)->7116K(14336K) Eden: 7165K(7168K)->0K(7168K) From: 7097K(7168K)->7116K(7168K)
[2026-06-17T10:01:15.340+0800][12.968s][info][gc,heap        ] GC(495) ParOldGen: 24539K(44032K)->24739K(44032K)
[2026-06-17T10:01:15.340+0800][12.968s][info][gc,metaspace   ] GC(495) Metaspace: 112K(320K)->112K(320K) NonClass: 105K(192K)->105K(192K) Class: 7K(128K)->7K(128K)
[2026-06-17T10:01:15.340+0800][12.968s][info][gc             ] GC(495) Pause Young (Allocation Failure) 37M->31M(57M) 1.465ms
[2026-06-17T10:01:15.340+0800][12.968s][info][gc,cpu         ] GC(495) User=0.00s Sys=0.00s Real=0.00s
[2026-06-17T10:01:15.361+0800][12.989s][info][gc,start       ] GC(496) Pause Young (Allocation Failure)
[2026-06-17T10:01:15.370+0800][12.998s][info][gc,heap        ] GC(496) PSYoungGen: 14263K(14336K)->3960K(14336K) Eden: 7146K(7168K)->0K(7168K) From: 7116K(7168K)->3960K(7168K)
[2026-06-17T10:01:15.373+0800][13.001s][info][gc,heap        ] GC(496) ParOldGen: 24739K(44032K)->28068K(44032K)
[2026-06-17T10:01:15.373+0800][13.001s][info][gc,metaspace   ] GC(496) Metaspace: 112K(320K)->112K(320K) NonClass: 105K(192K)->105K(192K) Class: 7K(128K)->7K(128K)
[2026-06-17T10:01:15.374+0800][13.001s][info][gc             ] GC(496) Pause Young (Allocation Failure) 38M->31M(57M) 12.149ms
[2026-06-17T10:01:15.374+0800][13.002s][info][gc,cpu         ] GC(496) User=0.00s Sys=0.00s Real=0.02s
[2026-06-17T10:01:15.385+0800][13.013s][info][gc,start       ] GC(497) Pause Young (Allocation Failure)
[2026-06-17T10:01:15.387+0800][13.014s][info][gc,heap        ] GC(497) PSYoungGen: 11112K(14336K)->4446K(14336K) Eden: 7151K(7168K)->0K(7168K) From: 3960K(7168K)->4446K(7168K)
[2026-06-17T10:01:15.392+0800][13.020s][info][gc,heap        ] GC(497) ParOldGen: 28068K(44032K)->31367K(44032K)
[2026-06-17T10:01:15.393+0800][13.021s][info][gc,metaspace   ] GC(497) Metaspace: 112K(320K)->112K(320K) NonClass: 105K(192K)->105K(192K) Class: 7K(128K)->7K(128K)
[2026-06-17T10:01:15.397+0800][13.024s][info][gc             ] GC(497) Pause Young (Allocation Failure) 38M->34M(57M) 11.617ms
[2026-06-17T10:01:15.399+0800][13.026s][info][gc,cpu         ] GC(497) User=0.00s Sys=0.01s Real=0.01s
[2026-06-17T10:01:15.444+0800][13.072s][info][gc,start       ] GC(498) Pause Young (Allocation Failure)
[2026-06-17T10:01:15.512+0800][13.140s][info][gc,heap        ] GC(498) PSYoungGen: 11598K(14336K)->2711K(14336K) Eden: 7152K(7168K)->0K(7168K) From: 4446K(7168K)->2711K(7168K)
[2026-06-17T10:01:15.513+0800][13.140s][info][gc,heap        ] GC(498) ParOldGen: 31367K(44032K)->33053K(44032K)
[2026-06-17T10:01:15.513+0800][13.141s][info][gc,metaspace   ] GC(498) Metaspace: 112K(320K)->112K(320K) NonClass: 105K(192K)->105K(192K) Class: 7K(128K)->7K(128K)
[2026-06-17T10:01:15.513+0800][13.141s][info][gc             ] GC(498) Pause Young (Allocation Failure) 41M->34M(57M) 68.821ms
[2026-06-17T10:01:15.513+0800][13.141s][info][gc,cpu         ] GC(498) User=0.00s Sys=0.00s Real=0.07s
[2026-06-17T10:01:15.535+0800][13.162s][info][gc,start       ] GC(499) Pause Young (Allocation Failure)
[2026-06-17T10:01:15.535+0800][13.163s][info][gc,heap        ] GC(499) PSYoungGen: 9850K(14336K)->2889K(14336K) Eden: 7138K(7168K)->0K(7168K) From: 2711K(7168K)->2889K(7168K)
[2026-06-17T10:01:15.536+0800][13.163s][info][gc,heap        ] GC(499) ParOldGen: 33053K(44032K)->33053K(44032K)
[2026-06-17T10:01:15.536+0800][13.164s][info][gc,metaspace   ] GC(499) Metaspace: 112K(320K)->112K(320K) NonClass: 105K(192K)->105K(192K) Class: 7K(128K)->7K(128K)
[2026-06-17T10:01:15.536+0800][13.164s][info][gc             ] GC(499) Pause Young (Allocation Failure) 41M->35M(57M) 1.379ms
[2026-06-17T10:01:15.536+0800][13.164s][info][gc,cpu         ] GC(499) User=0.00s Sys=0.00s Real=0.00s
[2026-06-17T10:01:15.547+0800][13.175s][info][gc,start       ] GC(500) Pause Young (Allocation Failure)
[2026-06-17T10:01:15.554+0800][13.181s][info][gc,heap        ] GC(500) PSYoungGen: 9974K(14336K)->1047K(14336K) Eden: 7085K(7168K)->0K(7168K) From: 2889K(7168K)->1047K(7168K)
[2026-06-17T10:01:15.554+0800][13.182s][info][gc,heap        ] GC(500) ParOldGen: 33053K(44032K)->34992K(44032K)
[2026-06-17T10:01:15.554+0800][13.182s][info][gc,metaspace   ] GC(500) Metaspace: 112K(320K)->112K(320K) NonClass: 105K(192K)->105K(192K) Class: 7K(128K)->7K(128K)
[2026-06-17T10:01:15.555+0800][13.182s][info][gc             ] GC(500) Pause Young (Allocation Failure) 42M->35M(57M) 7.348ms
[2026-06-17T10:01:15.555+0800][13.183s][info][gc,cpu         ] GC(500) User=0.00s Sys=0.00s Real=0.01s
[2026-06-17T10:01:15.576+0800][13.204s][info][gc,start       ] GC(501) Pause Young (Allocation Failure)
[2026-06-17T10:01:15.577+0800][13.204s][info][gc,heap        ] GC(501) PSYoungGen: 8213K(14336K)->3561K(14336K) Eden: 7166K(7168K)->0K(7168K) From: 1047K(7168K)->3561K(7168K)
[2026-06-17T10:01:15.577+0800][13.205s][info][gc,heap        ] GC(501) ParOldGen: 34992K(44032K)->36015K(44032K)
[2026-06-17T10:01:15.577+0800][13.205s][info][gc,metaspace   ] GC(501) Metaspace: 112K(320K)->112K(320K) NonClass: 105K(192K)->105K(192K) Class: 7K(128K)->7K(128K)
[2026-06-17T10:01:15.577+0800][13.205s][info][gc             ] GC(501) Pause Young (Allocation Failure) 42M->38M(57M) 1.383ms
[2026-06-17T10:01:15.577+0800][13.205s][info][gc,cpu         ] GC(501) User=0.00s Sys=0.00s Real=0.00s
[2026-06-17T10:01:15.588+0800][13.216s][info][gc,start       ] GC(502) Pause Young (Allocation Failure)
[2026-06-17T10:01:15.589+0800][13.217s][info][gc,heap        ] GC(502) PSYoungGen: 10551K(14336K)->1998K(14336K) Eden: 6989K(7168K)->0K(7168K) From: 3561K(7168K)->1998K(7168K)
[2026-06-17T10:01:15.590+0800][13.217s][info][gc,heap        ] GC(502) ParOldGen: 36015K(44032K)->37737K(44032K)
[2026-06-17T10:01:15.590+0800][13.218s][info][gc,metaspace   ] GC(502) Metaspace: 112K(320K)->112K(320K) NonClass: 105K(192K)->105K(192K) Class: 7K(128K)->7K(128K)
[2026-06-17T10:01:15.590+0800][13.218s][info][gc             ] GC(502) Pause Young (Allocation Failure) 45M->38M(57M) 1.851ms
[2026-06-17T10:01:15.590+0800][13.218s][info][gc,cpu         ] GC(502) User=0.00s Sys=0.00s Real=0.00s
[2026-06-17T10:01:15.612+0800][13.239s][info][gc,start       ] GC(503) Pause Young (Allocation Failure)
[2026-06-17T10:01:15.613+0800][13.240s][info][gc,heap        ] GC(503) PSYoungGen: 9137K(14336K)->3696K(14336K) Eden: 7139K(7168K)->0K(7168K) From: 1998K(7168K)->3696K(7168K)
[2026-06-17T10:01:15.613+0800][13.241s][info][gc,heap        ] GC(503) ParOldGen: 37737K(44032K)->39712K(44032K)
[2026-06-17T10:01:15.613+0800][13.241s][info][gc,metaspace   ] GC(503) Metaspace: 112K(320K)->112K(320K) NonClass: 105K(192K)->105K(192K) Class: 7K(128K)->7K(128K)
[2026-06-17T10:01:15.613+0800][13.241s][info][gc             ] GC(503) Pause Young (Allocation Failure) 45M->42M(57M) 1.552ms
[2026-06-17T10:01:15.613+0800][13.241s][info][gc,cpu         ] GC(503) User=0.00s Sys=0.00s Real=0.00s
[2026-06-17T10:01:15.635+0800][13.262s][info][gc,start       ] GC(504) Pause Young (Allocation Failure)
[2026-06-17T10:01:15.635+0800][13.263s][info][gc,heap        ] GC(504) PSYoungGen: 10843K(14336K)->3789K(14336K) Eden: 7147K(7168K)->0K(7168K) From: 3696K(7168K)->3789K(7168K)
[2026-06-17T10:01:15.636+0800][13.263s][info][gc,heap        ] GC(504) ParOldGen: 39712K(44032K)->39712K(44032K)
[2026-06-17T10:01:15.636+0800][13.264s][info][gc,metaspace   ] GC(504) Metaspace: 112K(320K)->112K(320K) NonClass: 105K(192K)->105K(192K) Class: 7K(128K)->7K(128K)
[2026-06-17T10:01:15.636+0800][13.264s][info][gc             ] GC(504) Pause Young (Allocation Failure) 49M->42M(57M) 1.593ms
[2026-06-17T10:01:15.636+0800][13.264s][info][gc,cpu         ] GC(504) User=0.00s Sys=0.01s Real=0.00s
[2026-06-17T10:01:15.657+0800][13.285s][info][gc,start       ] GC(505) Pause Young (Allocation Failure)
[2026-06-17T10:01:15.658+0800][13.286s][info][gc,heap        ] GC(505) PSYoungGen: 10939K(14336K)->3864K(14848K) Eden: 7149K(7168K)->0K(7680K) From: 3789K(7168K)->3864K(7168K)
[2026-06-17T10:01:15.658+0800][13.286s][info][gc,heap        ] GC(505) ParOldGen: 39712K(44032K)->39712K(44032K)
[2026-06-17T10:01:15.658+0800][13.286s][info][gc,metaspace   ] GC(505) Metaspace: 112K(320K)->112K(320K) NonClass: 105K(192K)->105K(192K) Class: 7K(128K)->7K(128K)
[2026-06-17T10:01:15.659+0800][13.286s][info][gc             ] GC(505) Pause Young (Allocation Failure) 49M->42M(57M) 1.325ms
[2026-06-17T10:01:15.659+0800][13.286s][info][gc,cpu         ] GC(505) User=0.00s Sys=0.00s Real=0.00s
[2026-06-17T10:01:15.680+0800][13.308s][info][gc,start       ] GC(506) Pause Young (Allocation Failure)
[2026-06-17T10:01:15.684+0800][13.312s][info][gc,heap        ] GC(506) PSYoungGen: 11544K(14848K)->4846K(14336K) Eden: 7680K(7680K)->0K(7680K) From: 3864K(7168K)->4846K(6656K)
[2026-06-17T10:01:15.685+0800][13.313s][info][gc,heap        ] GC(506) ParOldGen: 39712K(44032K)->39712K(44032K)
[2026-06-17T10:01:15.685+0800][13.313s][info][gc,metaspace   ] GC(506) Metaspace: 112K(320K)->112K(320K) NonClass: 105K(192K)->105K(192K) Class: 7K(128K)->7K(128K)
[2026-06-17T10:01:15.685+0800][13.313s][info][gc             ] GC(506) Pause Young (Allocation Failure) 50M->43M(57M) 5.324ms
[2026-06-17T10:01:15.686+0800][13.313s][info][gc,cpu         ] GC(506) User=0.00s Sys=0.00s Real=0.01s
[2026-06-17T10:01:15.697+0800][13.324s][info][gc,start       ] GC(507) Pause Young (Allocation Failure)
[2026-06-17T10:01:15.700+0800][13.327s][info][gc,heap        ] GC(507) PSYoungGen: 12516K(14336K)->5112K(14336K) Eden: 7670K(7680K)->0K(7168K) From: 4846K(6656K)->5112K(7168K)
[2026-06-17T10:01:15.704+0800][13.332s][info][gc,heap        ] GC(507) ParOldGen: 39712K(44032K)->39712K(44032K)
[2026-06-17T10:01:15.708+0800][13.336s][info][gc,metaspace   ] GC(507) Metaspace: 112K(320K)->112K(320K) NonClass: 105K(192K)->105K(192K) Class: 7K(128K)->7K(128K)
[2026-06-17T10:01:15.712+0800][13.340s][info][gc             ] GC(507) Pause Young (Allocation Failure) 51M->43M(57M) 15.422ms
[2026-06-17T10:01:15.712+0800][13.340s][info][gc,cpu         ] GC(507) User=0.00s Sys=0.00s Real=0.02s
[2026-06-17T10:01:15.734+0800][13.361s][info][gc,start       ] GC(508) Pause Young (Allocation Failure)
[2026-06-17T10:01:15.738+0800][13.366s][info][gc,heap        ] GC(508) PSYoungGen: 12251K(14336K)->7090K(14336K) Eden: 7139K(7168K)->0K(7168K) From: 5112K(7168K)->7090K(7168K)
[2026-06-17T10:01:15.738+0800][13.366s][info][gc,heap        ] GC(508) ParOldGen: 39712K(44032K)->41257K(44032K)
[2026-06-17T10:01:15.738+0800][13.366s][info][gc,metaspace   ] GC(508) Metaspace: 112K(320K)->112K(320K) NonClass: 105K(192K)->105K(192K) Class: 7K(128K)->7K(128K)
[2026-06-17T10:01:15.739+0800][13.366s][info][gc             ] GC(508) Pause Young (Allocation Failure) 50M->47M(57M) 4.856ms
[2026-06-17T10:01:15.739+0800][13.366s][info][gc,cpu         ] GC(508) User=0.00s Sys=0.00s Real=0.00s
[2026-06-17T10:01:15.760+0800][13.387s][info][gc,start       ] GC(509) Pause Full (Ergonomics)
[2026-06-17T10:01:15.760+0800][13.387s][info][gc,phases,start] GC(509) Marking Phase
[2026-06-17T10:01:15.761+0800][13.389s][info][gc,phases      ] GC(509) Marking Phase 1.152ms
[2026-06-17T10:01:15.761+0800][13.389s][info][gc,phases,start] GC(509) Summary Phase
[2026-06-17T10:01:15.761+0800][13.389s][info][gc,phases      ] GC(509) Summary Phase 0.224ms
[2026-06-17T10:01:15.761+0800][13.389s][info][gc,phases,start] GC(509) Adjust Roots
[2026-06-17T10:01:15.762+0800][13.389s][info][gc,phases      ] GC(509) Adjust Roots 0.276ms
[2026-06-17T10:01:15.762+0800][13.389s][info][gc,phases,start] GC(509) Compaction Phase
[2026-06-17T10:01:15.763+0800][13.391s][info][gc,phases      ] GC(509) Compaction Phase 1.228ms
[2026-06-17T10:01:15.763+0800][13.391s][info][gc,phases,start] GC(509) Post Compact
[2026-06-17T10:01:15.763+0800][13.391s][info][gc,phases      ] GC(509) Post Compact 0.257ms
[2026-06-17T10:01:15.763+0800][13.391s][info][gc,heap        ] GC(509) PSYoungGen: 14217K(14336K)->0K(14336K) Eden: 7126K(7168K)->0K(7168K) From: 7090K(7168K)->0K(7168K)
[2026-06-17T10:01:15.764+0800][13.391s][info][gc,heap        ] GC(509) ParOldGen: 41257K(44032K)->25784K(44032K)
[2026-06-17T10:01:15.764+0800][13.391s][info][gc,metaspace   ] GC(509) Metaspace: 112K(320K)->112K(320K) NonClass: 105K(192K)->105K(192K) Class: 7K(128K)->7K(128K)
[2026-06-17T10:01:15.764+0800][13.391s][info][gc             ] GC(509) Pause Full (Ergonomics) 54M->25M(57M) 4.140ms
[2026-06-17T10:01:15.764+0800][13.391s][info][gc,cpu         ] GC(509) User=0.01s Sys=0.00s Real=0.01s
[2026-06-17T10:01:15.775+0800][13.402s][info][gc,start       ] GC(510) Pause Young (Allocation Failure)
[2026-06-17T10:01:15.775+0800][13.403s][info][gc,heap        ] GC(510) PSYoungGen: 6588K(14336K)->3390K(14336K) Eden: 6588K(7168K)->0K(7168K) From: 0K(7168K)->3390K(7168K)
[2026-06-17T10:01:15.775+0800][13.403s][info][gc,heap        ] GC(510) ParOldGen: 25784K(44032K)->25784K(44032K)
[2026-06-17T10:01:15.775+0800][13.403s][info][gc,metaspace   ] GC(510) Metaspace: 112K(320K)->112K(320K) NonClass: 105K(192K)->105K(192K) Class: 7K(128K)->7K(128K)
[2026-06-17T10:01:15.776+0800][13.403s][info][gc             ] GC(510) Pause Young (Allocation Failure) 31M->28M(57M) 1.045ms
[2026-06-17T10:01:15.776+0800][13.403s][info][gc,cpu         ] GC(510) User=0.00s Sys=0.00s Real=0.00s
[2026-06-17T10:01:15.797+0800][13.424s][info][gc,start       ] GC(511) Pause Young (Allocation Failure)
[2026-06-17T10:01:15.798+0800][13.426s][info][gc,heap        ] GC(511) PSYoungGen: 10553K(14336K)->6907K(14336K) Eden: 7163K(7168K)->0K(7168K) From: 3390K(7168K)->6907K(7168K)
[2026-06-17T10:01:15.799+0800][13.426s][info][gc,heap        ] GC(511) ParOldGen: 25784K(44032K)->25784K(44032K)
[2026-06-17T10:01:15.799+0800][13.427s][info][gc,metaspace   ] GC(511) Metaspace: 112K(320K)->112K(320K) NonClass: 105K(192K)->105K(192K) Class: 7K(128K)->7K(128K)
[2026-06-17T10:01:15.799+0800][13.427s][info][gc             ] GC(511) Pause Young (Allocation Failure) 35M->31M(57M) 2.476ms
[2026-06-17T10:01:15.799+0800][13.427s][info][gc,cpu         ] GC(511) User=0.00s Sys=0.00s Real=0.00s
[2026-06-17T10:01:15.821+0800][13.449s][info][gc,start       ] GC(512) Pause Young (Allocation Failure)
[2026-06-17T10:01:15.824+0800][13.451s][info][gc,heap        ] GC(512) PSYoungGen: 14062K(14336K)->7051K(14336K) Eden: 7154K(7168K)->0K(7168K) From: 6907K(7168K)->7051K(7168K)
[2026-06-17T10:01:15.824+0800][13.452s][info][gc,heap        ] GC(512) ParOldGen: 25784K(44032K)->25784K(44032K)
[2026-06-17T10:01:15.825+0800][13.453s][info][gc,metaspace   ] GC(512) Metaspace: 112K(320K)->112K(320K) NonClass: 105K(192K)->105K(192K) Class: 7K(128K)->7K(128K)
[2026-06-17T10:01:15.826+0800][13.453s][info][gc             ] GC(512) Pause Young (Allocation Failure) 38M->32M(57M) 4.173ms
[2026-06-17T10:01:15.826+0800][13.454s][info][gc,cpu         ] GC(512) User=0.01s Sys=0.00s Real=0.01s
[2026-06-17T10:01:15.838+0800][13.466s][info][gc,start       ] GC(513) Pause Young (Allocation Failure)
[2026-06-17T10:01:15.841+0800][13.468s][info][gc,heap        ] GC(513) PSYoungGen: 14209K(14336K)->4540K(14336K) Eden: 7157K(7168K)->0K(7168K) From: 7051K(7168K)->4540K(7168K)
[2026-06-17T10:01:15.841+0800][13.469s][info][gc,heap        ] GC(513) ParOldGen: 25784K(44032K)->32113K(44032K)
[2026-06-17T10:01:15.842+0800][13.469s][info][gc,metaspace   ] GC(513) Metaspace: 112K(320K)->112K(320K) NonClass: 105K(192K)->105K(192K) Class: 7K(128K)->7K(128K)
[2026-06-17T10:01:15.842+0800][13.470s][info][gc             ] GC(513) Pause Young (Allocation Failure) 39M->35M(57M) 4.159ms
[2026-06-17T10:01:15.843+0800][13.470s][info][gc,cpu         ] GC(513) User=0.00s Sys=0.00s Real=0.01s
[2026-06-17T10:01:15.865+0800][13.492s][info][gc,start       ] GC(514) Pause Young (Allocation Failure)
[2026-06-17T10:01:15.867+0800][13.495s][info][gc,heap        ] GC(514) PSYoungGen: 11651K(14336K)->2604K(14336K) Eden: 7111K(7168K)->0K(7168K) From: 4540K(7168K)->2604K(7168K)
[2026-06-17T10:01:15.869+0800][13.497s][info][gc,heap        ] GC(514) ParOldGen: 32113K(44032K)->34246K(44032K)
[2026-06-17T10:01:15.870+0800][13.498s][info][gc,metaspace   ] GC(514) Metaspace: 112K(320K)->112K(320K) NonClass: 105K(192K)->105K(192K) Class: 7K(128K)->7K(128K)
[2026-06-17T10:01:15.871+0800][13.499s][info][gc             ] GC(514) Pause Young (Allocation Failure) 42M->35M(57M) 6.312ms
[2026-06-17T10:01:15.872+0800][13.499s][info][gc,cpu         ] GC(514) User=0.00s Sys=0.00s Real=0.01s
[2026-06-17T10:01:15.894+0800][13.522s][info][gc,start       ] GC(515) Pause Young (Allocation Failure)
[2026-06-17T10:01:15.897+0800][13.524s][info][gc,heap        ] GC(515) PSYoungGen: 9751K(14336K)->3043K(14336K) Eden: 7146K(7168K)->0K(7168K) From: 2604K(7168K)->3043K(7168K)
[2026-06-17T10:01:15.897+0800][13.525s][info][gc,heap        ] GC(515) ParOldGen: 34246K(44032K)->34246K(44032K)
[2026-06-17T10:01:15.898+0800][13.526s][info][gc,metaspace   ] GC(515) Metaspace: 112K(320K)->112K(320K) NonClass: 105K(192K)->105K(192K) Class: 7K(128K)->7K(128K)
[2026-06-17T10:01:15.898+0800][13.526s][info][gc             ] GC(515) Pause Young (Allocation Failure) 42M->36M(57M) 4.040ms
[2026-06-17T10:01:15.899+0800][13.527s][info][gc,cpu         ] GC(515) User=0.00s Sys=0.00s Real=0.00s
[2026-06-17T10:01:15.911+0800][13.539s][info][gc,start       ] GC(516) Pause Young (Allocation Failure)
[2026-06-17T10:01:15.913+0800][13.540s][info][gc,heap        ] GC(516) PSYoungGen: 10201K(14336K)->1296K(14336K) Eden: 7158K(7168K)->0K(7168K) From: 3043K(7168K)->1296K(7168K)
[2026-06-17T10:01:15.913+0800][13.541s][info][gc,heap        ] GC(516) ParOldGen: 34246K(44032K)->36205K(44032K)
[2026-06-17T10:01:15.914+0800][13.541s][info][gc,metaspace   ] GC(516) Metaspace: 112K(320K)->112K(320K) NonClass: 105K(192K)->105K(192K) Class: 7K(128K)->7K(128K)
[2026-06-17T10:01:15.914+0800][13.542s][info][gc             ] GC(516) Pause Young (Allocation Failure) 43M->36M(57M) 3.017ms
[2026-06-17T10:01:15.915+0800][13.542s][info][gc,cpu         ] GC(516) User=0.00s Sys=0.00s Real=0.00s
[2026-06-17T10:01:15.936+0800][13.564s][info][gc,start       ] GC(517) Pause Young (Allocation Failure)
[2026-06-17T10:01:15.938+0800][13.566s][info][gc,heap        ] GC(517) PSYoungGen: 8448K(14336K)->3569K(14336K) Eden: 7152K(7168K)->0K(7168K) From: 1296K(7168K)->3569K(7168K)
[2026-06-17T10:01:15.938+0800][13.566s][info][gc,heap        ] GC(517) ParOldGen: 36205K(44032K)->37477K(44032K)
[2026-06-17T10:01:15.939+0800][13.567s][info][gc,metaspace   ] GC(517) Metaspace: 112K(320K)->112K(320K) NonClass: 105K(192K)->105K(192K) Class: 7K(128K)->7K(128K)
[2026-06-17T10:01:15.939+0800][13.567s][info][gc             ] GC(517) Pause Young (Allocation Failure) 43M->40M(57M) 2.677ms
[2026-06-17T10:01:15.939+0800][13.567s][info][gc,cpu         ] GC(517) User=0.00s Sys=0.00s Real=0.00s
[2026-06-17T10:01:15.961+0800][13.589s][info][gc,start       ] GC(518) Pause Young (Allocation Failure)
[2026-06-17T10:01:15.962+0800][13.590s][info][gc,heap        ] GC(518) PSYoungGen: 10702K(14336K)->2934K(14336K) Eden: 7133K(7168K)->0K(7168K) From: 3569K(7168K)->2934K(7168K)
[2026-06-17T10:01:15.963+0800][13.591s][info][gc,heap        ] GC(518) ParOldGen: 37477K(44032K)->38134K(44032K)
[2026-06-17T10:01:15.963+0800][13.591s][info][gc,metaspace   ] GC(518) Metaspace: 112K(320K)->112K(320K) NonClass: 105K(192K)->105K(192K) Class: 7K(128K)->7K(128K)
[2026-06-17T10:01:15.964+0800][13.591s][info][gc             ] GC(518) Pause Young (Allocation Failure) 47M->40M(57M) 2.846ms
[2026-06-17T10:01:15.964+0800][13.592s][info][gc,cpu         ] GC(518) User=0.00s Sys=0.01s Real=0.01s
[2026-06-17T10:01:15.986+0800][13.614s][info][gc,start       ] GC(519) Pause Young (Allocation Failure)
[2026-06-17T10:01:15.988+0800][13.616s][info][gc,heap        ] GC(519) PSYoungGen: 10097K(14336K)->1425K(14336K) Eden: 7163K(7168K)->0K(7168K) From: 2934K(7168K)->1425K(7168K)
[2026-06-17T10:01:15.988+0800][13.616s][info][gc,heap        ] GC(519) ParOldGen: 38134K(44032K)->39693K(44032K)
[2026-06-17T10:01:15.989+0800][13.617s][info][gc,metaspace   ] GC(519) Metaspace: 112K(320K)->112K(320K) NonClass: 105K(192K)->105K(192K) Class: 7K(128K)->7K(128K)
[2026-06-17T10:01:15.990+0800][13.617s][info][gc             ] GC(519) Pause Young (Allocation Failure) 47M->40M(57M) 3.284ms
[2026-06-17T10:01:15.990+0800][13.618s][info][gc,cpu         ] GC(519) User=0.00s Sys=0.00s Real=0.00s
[2026-06-17T10:01:16.002+0800][13.630s][info][gc,start       ] GC(520) Pause Young (Allocation Failure)
[2026-06-17T10:01:16.004+0800][13.632s][info][gc,heap        ] GC(520) PSYoungGen: 8581K(14336K)->5513K(14336K) Eden: 7156K(7168K)->0K(7168K) From: 1425K(7168K)->5513K(7168K)
[2026-06-17T10:01:16.005+0800][13.633s][info][gc,heap        ] GC(520) ParOldGen: 39693K(44032K)->39693K(44032K)
[2026-06-17T10:01:16.006+0800][13.633s][info][gc,metaspace   ] GC(520) Metaspace: 112K(320K)->112K(320K) NonClass: 105K(192K)->105K(192K) Class: 7K(128K)->7K(128K)
[2026-06-17T10:01:16.006+0800][13.634s][info][gc             ] GC(520) Pause Young (Allocation Failure) 47M->44M(57M) 3.914ms
[2026-06-17T10:01:16.007+0800][13.634s][info][gc,cpu         ] GC(520) User=0.00s Sys=0.00s Real=0.01s
[2026-06-17T10:01:16.029+0800][13.657s][info][gc,start       ] GC(521) Pause Young (Allocation Failure)
[2026-06-17T10:01:16.031+0800][13.659s][info][gc,heap        ] GC(521) PSYoungGen: 12677K(14336K)->3542K(14336K) Eden: 7164K(7168K)->0K(7168K) From: 5513K(7168K)->3542K(7168K)
[2026-06-17T10:01:16.032+0800][13.660s][info][gc,heap        ] GC(521) ParOldGen: 39693K(44032K)->41778K(44032K)
[2026-06-17T10:01:16.032+0800][13.660s][info][gc,metaspace   ] GC(521) Metaspace: 112K(320K)->112K(320K) NonClass: 105K(192K)->105K(192K) Class: 7K(128K)->7K(128K)
[2026-06-17T10:01:16.033+0800][13.661s][info][gc             ] GC(521) Pause Young (Allocation Failure) 51M->44M(57M) 3.903ms
[2026-06-17T10:01:16.034+0800][13.661s][info][gc,cpu         ] GC(521) User=0.01s Sys=0.00s Real=0.01s
[2026-06-17T10:01:16.056+0800][13.684s][info][gc,start       ] GC(522) Pause Full (Ergonomics)
[2026-06-17T10:01:16.057+0800][13.684s][info][gc,phases,start] GC(522) Marking Phase
[2026-06-17T10:01:16.060+0800][13.688s][info][gc,phases      ] GC(522) Marking Phase 3.070ms
[2026-06-17T10:01:16.060+0800][13.688s][info][gc,phases,start] GC(522) Summary Phase
[2026-06-17T10:01:16.061+0800][13.689s][info][gc,phases      ] GC(522) Summary Phase 0.597ms
[2026-06-17T10:01:16.061+0800][13.689s][info][gc,phases,start] GC(522) Adjust Roots
[2026-06-17T10:01:16.062+0800][13.690s][info][gc,phases      ] GC(522) Adjust Roots 0.658ms
[2026-06-17T10:01:16.063+0800][13.690s][info][gc,phases,start] GC(522) Compaction Phase
[2026-06-17T10:01:16.065+0800][13.693s][info][gc,phases      ] GC(522) Compaction Phase 2.501ms
[2026-06-17T10:01:16.066+0800][13.693s][info][gc,phases,start] GC(522) Post Compact
[2026-06-17T10:01:16.066+0800][13.694s][info][gc,phases      ] GC(522) Post Compact 0.451ms
[2026-06-17T10:01:16.066+0800][13.694s][info][gc,heap        ] GC(522) PSYoungGen: 10655K(14336K)->0K(14336K) Eden: 7112K(7168K)->0K(7168K) From: 3542K(7168K)->0K(7168K)
[2026-06-17T10:01:16.067+0800][13.695s][info][gc,heap        ] GC(522) ParOldGen: 41778K(44032K)->26881K(44032K)
[2026-06-17T10:01:16.067+0800][13.695s][info][gc,metaspace   ] GC(522) Metaspace: 112K(320K)->112K(320K) NonClass: 105K(192K)->105K(192K) Class: 7K(128K)->7K(128K)
[2026-06-17T10:01:16.067+0800][13.695s][info][gc             ] GC(522) Pause Full (Ergonomics) 51M->26M(57M) 11.484ms
[2026-06-17T10:01:16.068+0800][13.695s][info][gc,cpu         ] GC(522) User=0.01s Sys=0.00s Real=0.01s
[2026-06-17T10:01:16.079+0800][13.707s][info][gc,start       ] GC(523) Pause Young (Allocation Failure)
[2026-06-17T10:01:16.080+0800][13.708s][info][gc,heap        ] GC(523) PSYoungGen: 7131K(14336K)->3760K(14336K) Eden: 7131K(7168K)->0K(7168K) From: 0K(7168K)->3760K(7168K)
[2026-06-17T10:01:16.081+0800][13.709s][info][gc,heap        ] GC(523) ParOldGen: 26881K(44032K)->26881K(44032K)
[2026-06-17T10:01:16.081+0800][13.709s][info][gc,metaspace   ] GC(523) Metaspace: 112K(320K)->112K(320K) NonClass: 105K(192K)->105K(192K) Class: 7K(128K)->7K(128K)
[2026-06-17T10:01:16.082+0800][13.709s][info][gc             ] GC(523) Pause Young (Allocation Failure) 33M->29M(57M) 2.675ms
[2026-06-17T10:01:16.082+0800][13.710s][info][gc,cpu         ] GC(523) User=0.00s Sys=0.00s Real=0.00s
[2026-06-17T10:01:16.104+0800][13.732s][info][gc,start       ] GC(524) Pause Young (Allocation Failure)
[2026-06-17T10:01:16.106+0800][13.734s][info][gc,heap        ] GC(524) PSYoungGen: 10891K(14336K)->4110K(14336K) Eden: 7130K(7168K)->0K(7168K) From: 3760K(7168K)->4110K(7168K)
[2026-06-17T10:01:16.107+0800][13.735s][info][gc,heap        ] GC(524) ParOldGen: 26881K(44032K)->30598K(44032K)
[2026-06-17T10:01:16.107+0800][13.735s][info][gc,metaspace   ] GC(524) Metaspace: 112K(320K)->112K(320K) NonClass: 105K(192K)->105K(192K) Class: 7K(128K)->7K(128K)
[2026-06-17T10:01:16.108+0800][13.736s][info][gc             ] GC(524) Pause Young (Allocation Failure) 36M->33M(57M) 3.608ms
[2026-06-17T10:01:16.108+0800][13.736s][info][gc,cpu         ] GC(524) User=0.00s Sys=0.00s Real=0.00s
[2026-06-17T10:01:16.131+0800][13.759s][info][gc,start       ] GC(525) Pause Young (Allocation Failure)
[2026-06-17T10:01:16.132+0800][13.760s][info][gc,heap        ] GC(525) PSYoungGen: 11262K(14336K)->4363K(14336K) Eden: 7152K(7168K)->0K(7168K) From: 4110K(7168K)->4363K(7168K)
[2026-06-17T10:01:16.133+0800][13.761s][info][gc,heap        ] GC(525) ParOldGen: 30598K(44032K)->30598K(44032K)
[2026-06-17T10:01:16.134+0800][13.761s][info][gc,metaspace   ] GC(525) Metaspace: 112K(320K)->112K(320K) NonClass: 105K(192K)->105K(192K) Class: 7K(128K)->7K(128K)
[2026-06-17T10:01:16.134+0800][13.762s][info][gc             ] GC(525) Pause Young (Allocation Failure) 40M->34M(57M) 3.356ms
[2026-06-17T10:01:16.135+0800][13.762s][info][gc,cpu         ] GC(525) User=0.01s Sys=0.00s Real=0.00s
[2026-06-17T10:01:16.156+0800][13.784s][info][gc,start       ] GC(526) Pause Young (Allocation Failure)
[2026-06-17T10:01:16.158+0800][13.785s][info][gc,heap        ] GC(526) PSYoungGen: 11495K(14336K)->4784K(14336K) Eden: 7132K(7168K)->0K(7168K) From: 4363K(7168K)->4784K(7168K)
[2026-06-17T10:01:16.158+0800][13.786s][info][gc,heap        ] GC(526) ParOldGen: 30598K(44032K)->30598K(44032K)
[2026-06-17T10:01:16.158+0800][13.786s][info][gc,metaspace   ] GC(526) Metaspace: 112K(320K)->112K(320K) NonClass: 105K(192K)->105K(192K) Class: 7K(128K)->7K(128K)
[2026-06-17T10:01:16.159+0800][13.787s][info][gc             ] GC(526) Pause Young (Allocation Failure) 41M->34M(57M) 2.385ms
[2026-06-17T10:01:16.159+0800][13.787s][info][gc,cpu         ] GC(526) User=0.00s Sys=0.00s Real=0.00s
[2026-06-17T10:01:16.180+0800][13.808s][info][gc,start       ] GC(527) Pause Young (Allocation Failure)
[2026-06-17T10:01:16.182+0800][13.810s][info][gc,heap        ] GC(527) PSYoungGen: 11934K(14336K)->5135K(14336K) Eden: 7150K(7168K)->0K(7168K) From: 4784K(7168K)->5135K(7168K)
[2026-06-17T10:01:16.182+0800][13.810s][info][gc,heap        ] GC(527) ParOldGen: 30598K(44032K)->30598K(44032K)
[2026-06-17T10:01:16.183+0800][13.810s][info][gc,metaspace   ] GC(527) Metaspace: 112K(320K)->112K(320K) NonClass: 105K(192K)->105K(192K) Class: 7K(128K)->7K(128K)
[2026-06-17T10:01:16.183+0800][13.811s][info][gc             ] GC(527) Pause Young (Allocation Failure) 41M->34M(57M) 2.645ms
[2026-06-17T10:01:16.183+0800][13.811s][info][gc,cpu         ] GC(527) User=0.00s Sys=0.00s Real=0.01s
[2026-06-17T10:01:16.195+0800][13.823s][info][gc,start       ] GC(528) Pause Young (Allocation Failure)
[2026-06-17T10:01:16.198+0800][13.826s][info][gc,heap        ] GC(528) PSYoungGen: 12246K(14336K)->5532K(14336K) Eden: 7111K(7168K)->0K(7168K) From: 5135K(7168K)->5532K(7168K)
[2026-06-17T10:01:16.201+0800][13.829s][info][gc,heap        ] GC(528) ParOldGen: 30598K(44032K)->30598K(44032K)
[2026-06-17T10:01:16.203+0800][13.830s][info][gc,metaspace   ] GC(528) Metaspace: 112K(320K)->112K(320K) NonClass: 105K(192K)->105K(192K) Class: 7K(128K)->7K(128K)
[2026-06-17T10:01:16.205+0800][13.833s][info][gc             ] GC(528) Pause Young (Allocation Failure) 41M->35M(57M) 10.218ms
[2026-06-17T10:01:16.207+0800][13.834s][info][gc,cpu         ] GC(528) User=0.01s Sys=0.00s Real=0.01s
[2026-06-17T10:01:16.231+0800][13.859s][info][gc,start       ] GC(529) Pause Young (Allocation Failure)
[2026-06-17T10:01:16.234+0800][13.861s][info][gc,heap        ] GC(529) PSYoungGen: 12648K(14336K)->5916K(14336K) Eden: 7116K(7168K)->0K(7168K) From: 5532K(7168K)->5916K(7168K)
[2026-06-17T10:01:16.235+0800][13.862s][info][gc,heap        ] GC(529) ParOldGen: 30598K(44032K)->34087K(44032K)
[2026-06-17T10:01:16.235+0800][13.863s][info][gc,metaspace   ] GC(529) Metaspace: 112K(320K)->112K(320K) NonClass: 105K(192K)->105K(192K) Class: 7K(128K)->7K(128K)
[2026-06-17T10:01:16.236+0800][13.864s][info][gc             ] GC(529) Pause Young (Allocation Failure) 42M->39M(57M) 4.798ms
[2026-06-17T10:01:16.237+0800][13.864s][info][gc,cpu         ] GC(529) User=0.00s Sys=0.00s Real=0.00s
[2026-06-17T10:01:16.259+0800][13.887s][info][gc,start       ] GC(530) Pause Young (Allocation Failure)
[2026-06-17T10:01:16.262+0800][13.890s][info][gc,heap        ] GC(530) PSYoungGen: 13060K(14336K)->4814K(14336K) Eden: 7144K(7168K)->0K(7168K) From: 5916K(7168K)->4814K(7168K)
[2026-06-17T10:01:16.263+0800][13.890s][info][gc,heap        ] GC(530) ParOldGen: 34087K(44032K)->35533K(44032K)
[2026-06-17T10:01:16.263+0800][13.891s][info][gc,metaspace   ] GC(530) Metaspace: 112K(320K)->112K(320K) NonClass: 105K(192K)->105K(192K) Class: 7K(128K)->7K(128K)
[2026-06-17T10:01:16.264+0800][13.892s][info][gc             ] GC(530) Pause Young (Allocation Failure) 46M->39M(57M) 4.958ms
[2026-06-17T10:01:16.264+0800][13.892s][info][gc,cpu         ] GC(530) User=0.00s Sys=0.00s Real=0.01s
[2026-06-17T10:01:16.287+0800][13.915s][info][gc,start       ] GC(531) Pause Young (Allocation Failure)
[2026-06-17T10:01:16.289+0800][13.917s][info][gc,heap        ] GC(531) PSYoungGen: 11969K(14336K)->3420K(14336K) Eden: 7154K(7168K)->0K(7168K) From: 4814K(7168K)->3420K(7168K)
[2026-06-17T10:01:16.290+0800][13.917s][info][gc,heap        ] GC(531) ParOldGen: 35533K(44032K)->37443K(44032K)
[2026-06-17T10:01:16.290+0800][13.918s][info][gc,metaspace   ] GC(531) Metaspace: 112K(320K)->112K(320K) NonClass: 105K(192K)->105K(192K) Class: 7K(128K)->7K(128K)
[2026-06-17T10:01:16.290+0800][13.918s][info][gc             ] GC(531) Pause Young (Allocation Failure) 46M->39M(57M) 3.307ms
[2026-06-17T10:01:16.291+0800][13.918s][info][gc,cpu         ] GC(531) User=0.00s Sys=0.00s Real=0.01s
[2026-06-17T10:01:16.302+0800][13.930s][info][gc,start       ] GC(532) Pause Young (Allocation Failure)
[2026-06-17T10:01:16.303+0800][13.931s][info][gc,heap        ] GC(532) PSYoungGen: 10568K(14336K)->4720K(14336K) Eden: 7147K(7168K)->0K(7168K) From: 3420K(7168K)->4720K(7168K)
[2026-06-17T10:01:16.304+0800][13.932s][info][gc,heap        ] GC(532) ParOldGen: 37443K(44032K)->40262K(44032K)
[2026-06-17T10:01:16.304+0800][13.932s][info][gc,metaspace   ] GC(532) Metaspace: 112K(320K)->112K(320K) NonClass: 105K(192K)->105K(192K) Class: 7K(128K)->7K(128K)
[2026-06-17T10:01:16.305+0800][13.932s][info][gc             ] GC(532) Pause Young (Allocation Failure) 46M->43M(57M) 2.760ms
[2026-06-17T10:01:16.305+0800][13.933s][info][gc,cpu         ] GC(532) User=0.01s Sys=0.00s Real=0.01s
[2026-06-17T10:01:16.327+0800][13.955s][info][gc,start       ] GC(533) Pause Full (Ergonomics)
[2026-06-17T10:01:16.328+0800][13.955s][info][gc,phases,start] GC(533) Marking Phase
[2026-06-17T10:01:16.329+0800][13.956s][info][gc,phases      ] GC(533) Marking Phase 1.180ms
[2026-06-17T10:01:16.329+0800][13.957s][info][gc,phases,start] GC(533) Summary Phase
[2026-06-17T10:01:16.329+0800][13.957s][info][gc,phases      ] GC(533) Summary Phase 0.158ms
[2026-06-17T10:01:16.329+0800][13.957s][info][gc,phases,start] GC(533) Adjust Roots
[2026-06-17T10:01:16.330+0800][13.957s][info][gc,phases      ] GC(533) Adjust Roots 0.240ms
[2026-06-17T10:01:16.330+0800][13.958s][info][gc,phases,start] GC(533) Compaction Phase
[2026-06-17T10:01:16.332+0800][13.960s][info][gc,phases      ] GC(533) Compaction Phase 2.010ms
[2026-06-17T10:01:16.332+0800][13.960s][info][gc,phases,start] GC(533) Post Compact
[2026-06-17T10:01:16.332+0800][13.960s][info][gc,phases      ] GC(533) Post Compact 0.240ms
[2026-06-17T10:01:16.333+0800][13.960s][info][gc,heap        ] GC(533) PSYoungGen: 11877K(14336K)->0K(14336K) Eden: 7157K(7168K)->0K(7168K) From: 4720K(7168K)->0K(7168K)
[2026-06-17T10:01:16.333+0800][13.960s][info][gc,heap        ] GC(533) ParOldGen: 40262K(44032K)->31801K(44032K)
[2026-06-17T10:01:16.333+0800][13.961s][info][gc,metaspace   ] GC(533) Metaspace: 112K(320K)->112K(320K) NonClass: 105K(192K)->105K(192K) Class: 7K(128K)->7K(128K)
[2026-06-17T10:01:16.333+0800][13.961s][info][gc             ] GC(533) Pause Full (Ergonomics) 50M->31M(57M) 5.991ms
[2026-06-17T10:01:16.333+0800][13.961s][info][gc,cpu         ] GC(533) User=0.00s Sys=0.00s Real=0.01s
[2026-06-17T10:01:16.354+0800][13.982s][info][gc,start       ] GC(534) Pause Young (Allocation Failure)
[2026-06-17T10:01:16.359+0800][13.986s][info][gc,heap        ] GC(534) PSYoungGen: 7119K(14336K)->3628K(14336K) Eden: 7119K(7168K)->0K(7168K) From: 0K(7168K)->3628K(7168K)
[2026-06-17T10:01:16.360+0800][13.987s][info][gc,heap        ] GC(534) ParOldGen: 31801K(44032K)->31801K(44032K)
[2026-06-17T10:01:16.360+0800][13.988s][info][gc,metaspace   ] GC(534) Metaspace: 112K(320K)->112K(320K) NonClass: 105K(192K)->105K(192K) Class: 7K(128K)->7K(128K)
[2026-06-17T10:01:16.362+0800][13.990s][info][gc             ] GC(534) Pause Young (Allocation Failure) 38M->34M(57M) 7.789ms
[2026-06-17T10:01:16.363+0800][13.991s][info][gc,cpu         ] GC(534) User=0.00s Sys=0.00s Real=0.01s
[2026-06-17T10:01:16.377+0800][14.005s][info][gc,start       ] GC(535) Pause Young (Allocation Failure)
[2026-06-17T10:01:16.379+0800][14.006s][info][gc,heap        ] GC(535) PSYoungGen: 10668K(14336K)->215K(14336K) Eden: 7039K(7168K)->0K(7168K) From: 3628K(7168K)->215K(7168K)
[2026-06-17T10:01:16.379+0800][14.007s][info][gc,heap        ] GC(535) ParOldGen: 31801K(44032K)->34534K(44032K)
[2026-06-17T10:01:16.379+0800][14.007s][info][gc,metaspace   ] GC(535) Metaspace: 112K(320K)->112K(320K) NonClass: 105K(192K)->105K(192K) Class: 7K(128K)->7K(128K)
[2026-06-17T10:01:16.380+0800][14.008s][info][gc             ] GC(535) Pause Young (Allocation Failure) 41M->33M(57M) 2.869ms
[2026-06-17T10:01:16.380+0800][14.008s][info][gc,cpu         ] GC(535) User=0.00s Sys=0.00s Real=0.00s
[2026-06-17T10:01:16.402+0800][14.030s][info][gc,start       ] GC(536) Pause Young (Allocation Failure)
[2026-06-17T10:01:16.404+0800][14.031s][info][gc,heap        ] GC(536) PSYoungGen: 7337K(14336K)->3941K(14336K) Eden: 7122K(7168K)->0K(7168K) From: 215K(7168K)->3941K(7168K)
[2026-06-17T10:01:16.404+0800][14.032s][info][gc,heap        ] GC(536) ParOldGen: 34534K(44032K)->34725K(44032K)
[2026-06-17T10:01:16.405+0800][14.033s][info][gc,metaspace   ] GC(536) Metaspace: 112K(320K)->112K(320K) NonClass: 105K(192K)->105K(192K) Class: 7K(128K)->7K(128K)
[2026-06-17T10:01:16.405+0800][14.033s][info][gc             ] GC(536) Pause Young (Allocation Failure) 40M->37M(57M) 3.380ms
[2026-06-17T10:01:16.406+0800][14.034s][info][gc,cpu         ] GC(536) User=0.00s Sys=0.00s Real=0.01s
[2026-06-17T10:01:16.428+0800][14.056s][info][gc,start       ] GC(537) Pause Young (Allocation Failure)
[2026-06-17T10:01:16.431+0800][14.058s][info][gc,heap        ] GC(537) PSYoungGen: 11086K(14336K)->2538K(14336K) Eden: 7144K(7168K)->0K(7168K) From: 3941K(7168K)->2538K(7168K)
[2026-06-17T10:01:16.431+0800][14.059s][info][gc,heap        ] GC(537) ParOldGen: 34725K(44032K)->36311K(44032K)
[2026-06-17T10:01:16.432+0800][14.060s][info][gc,metaspace   ] GC(537) Metaspace: 112K(320K)->112K(320K) NonClass: 105K(192K)->105K(192K) Class: 7K(128K)->7K(128K)
[2026-06-17T10:01:16.433+0800][14.060s][info][gc             ] GC(537) Pause Young (Allocation Failure) 44M->37M(57M) 4.401ms
[2026-06-17T10:01:16.434+0800][14.061s][info][gc,cpu         ] GC(537) User=0.00s Sys=0.00s Real=0.01s
[2026-06-17T10:01:16.457+0800][14.084s][info][gc,start       ] GC(538) Pause Young (Allocation Failure)
[2026-06-17T10:01:16.459+0800][14.087s][info][gc,heap        ] GC(538) PSYoungGen: 9690K(14336K)->1277K(14336K) Eden: 7151K(7168K)->0K(7168K) From: 2538K(7168K)->1277K(7168K)
[2026-06-17T10:01:16.460+0800][14.088s][info][gc,heap        ] GC(538) ParOldGen: 36311K(44032K)->38182K(44032K)
[2026-06-17T10:01:16.460+0800][14.088s][info][gc,metaspace   ] GC(538) Metaspace: 112K(320K)->112K(320K) NonClass: 105K(192K)->105K(192K) Class: 7K(128K)->7K(128K)
[2026-06-17T10:01:16.461+0800][14.089s][info][gc             ] GC(538) Pause Young (Allocation Failure) 44M->38M(57M) 4.383ms
[2026-06-17T10:01:16.461+0800][14.089s][info][gc,cpu         ] GC(538) User=0.00s Sys=0.00s Real=0.00s
[2026-06-17T10:01:16.473+0800][14.101s][info][gc,start       ] GC(539) Pause Young (Allocation Failure)
[2026-06-17T10:01:16.475+0800][14.103s][info][gc,heap        ] GC(539) PSYoungGen: 8430K(14336K)->4805K(14336K) Eden: 7153K(7168K)->0K(7168K) From: 1277K(7168K)->4805K(7168K)
[2026-06-17T10:01:16.476+0800][14.104s][info][gc,heap        ] GC(539) ParOldGen: 38182K(44032K)->38182K(44032K)
[2026-06-17T10:01:16.477+0800][14.104s][info][gc,metaspace   ] GC(539) Metaspace: 112K(320K)->112K(320K) NonClass: 105K(192K)->105K(192K) Class: 7K(128K)->7K(128K)
[2026-06-17T10:01:16.477+0800][14.105s][info][gc             ] GC(539) Pause Young (Allocation Failure) 45M->41M(57M) 3.732ms
[2026-06-17T10:01:16.478+0800][14.105s][info][gc,cpu         ] GC(539) User=0.01s Sys=0.00s Real=0.00s
[2026-06-17T10:01:16.501+0800][14.128s][info][gc,start       ] GC(540) Pause Young (Allocation Failure)
[2026-06-17T10:01:16.503+0800][14.131s][info][gc,heap        ] GC(540) PSYoungGen: 11964K(14336K)->3193K(14336K) Eden: 7159K(7168K)->0K(7168K) From: 4805K(7168K)->3193K(7168K)
[2026-06-17T10:01:16.503+0800][14.131s][info][gc,heap        ] GC(540) ParOldGen: 38182K(44032K)->39846K(44032K)
[2026-06-17T10:01:16.504+0800][14.132s][info][gc,metaspace   ] GC(540) Metaspace: 112K(320K)->112K(320K) NonClass: 105K(192K)->105K(192K) Class: 7K(128K)->7K(128K)
[2026-06-17T10:01:16.505+0800][14.132s][info][gc             ] GC(540) Pause Young (Allocation Failure) 48M->42M(57M) 3.947ms
[2026-06-17T10:01:16.505+0800][14.133s][info][gc,cpu         ] GC(540) User=0.00s Sys=0.00s Real=0.01s
[2026-06-17T10:01:16.527+0800][14.155s][info][gc,start       ] GC(541) Pause Young (Allocation Failure)
[2026-06-17T10:01:16.529+0800][14.157s][info][gc,heap        ] GC(541) PSYoungGen: 10361K(14336K)->2333K(14336K) Eden: 7167K(7168K)->0K(7168K) From: 3193K(7168K)->2333K(7168K)
[2026-06-17T10:01:16.530+0800][14.157s][info][gc,heap        ] GC(541) ParOldGen: 39846K(44032K)->40980K(44032K)
[2026-06-17T10:01:16.530+0800][14.158s][info][gc,metaspace   ] GC(541) Metaspace: 112K(320K)->112K(320K) NonClass: 105K(192K)->105K(192K) Class: 7K(128K)->7K(128K)
[2026-06-17T10:01:16.531+0800][14.159s][info][gc             ] GC(541) Pause Young (Allocation Failure) 49M->42M(57M) 3.737ms
[2026-06-17T10:01:16.532+0800][14.159s][info][gc,cpu         ] GC(541) User=0.00s Sys=0.00s Real=0.01s
[2026-06-17T10:01:16.543+0800][14.171s][info][gc,start       ] GC(542) Pause Full (Ergonomics)
[2026-06-17T10:01:16.544+0800][14.171s][info][gc,phases,start] GC(542) Marking Phase
[2026-06-17T10:01:16.545+0800][14.173s][info][gc,phases      ] GC(542) Marking Phase 1.408ms
[2026-06-17T10:01:16.545+0800][14.173s][info][gc,phases,start] GC(542) Summary Phase
[2026-06-17T10:01:16.545+0800][14.173s][info][gc,phases      ] GC(542) Summary Phase 0.204ms
[2026-06-17T10:01:16.546+0800][14.173s][info][gc,phases,start] GC(542) Adjust Roots
[2026-06-17T10:01:16.546+0800][14.173s][info][gc,phases      ] GC(542) Adjust Roots 0.225ms
[2026-06-17T10:01:16.546+0800][14.174s][info][gc,phases,start] GC(542) Compaction Phase
[2026-06-17T10:01:16.548+0800][14.175s][info][gc,phases      ] GC(542) Compaction Phase 1.671ms
[2026-06-17T10:01:16.548+0800][14.176s][info][gc,phases,start] GC(542) Post Compact
[2026-06-17T10:01:16.548+0800][14.176s][info][gc,phases      ] GC(542) Post Compact 0.364ms
[2026-06-17T10:01:16.548+0800][14.176s][info][gc,heap        ] GC(542) PSYoungGen: 9242K(14336K)->0K(14336K) Eden: 6908K(7168K)->0K(7168K) From: 2333K(7168K)->0K(7168K)
[2026-06-17T10:01:16.549+0800][14.176s][info][gc,heap        ] GC(542) ParOldGen: 40980K(44032K)->30116K(44032K)
[2026-06-17T10:01:16.549+0800][14.176s][info][gc,metaspace   ] GC(542) Metaspace: 112K(320K)->112K(320K) NonClass: 105K(192K)->105K(192K) Class: 7K(128K)->7K(128K)
[2026-06-17T10:01:16.549+0800][14.177s][info][gc             ] GC(542) Pause Full (Ergonomics) 49M->29M(57M) 5.644ms
[2026-06-17T10:01:16.549+0800][14.177s][info][gc,cpu         ] GC(542) User=0.01s Sys=0.00s Real=0.00s
[2026-06-17T10:01:16.570+0800][14.198s][info][gc,start       ] GC(543) Pause Young (Allocation Failure)
[2026-06-17T10:01:16.572+0800][14.199s][info][gc,heap        ] GC(543) PSYoungGen: 7112K(14336K)->3866K(14848K) Eden: 7112K(7168K)->0K(7680K) From: 0K(7168K)->3866K(7168K)
[2026-06-17T10:01:16.572+0800][14.200s][info][gc,heap        ] GC(543) ParOldGen: 30116K(44032K)->30116K(44032K)
[2026-06-17T10:01:16.572+0800][14.200s][info][gc,metaspace   ] GC(543) Metaspace: 112K(320K)->112K(320K) NonClass: 105K(192K)->105K(192K) Class: 7K(128K)->7K(128K)
[2026-06-17T10:01:16.573+0800][14.200s][info][gc             ] GC(543) Pause Young (Allocation Failure) 36M->33M(57M) 2.481ms
[2026-06-17T10:01:16.573+0800][14.201s][info][gc,cpu         ] GC(543) User=0.00s Sys=0.00s Real=0.01s
[2026-06-17T10:01:16.595+0800][14.223s][info][gc,start       ] GC(544) Pause Young (Allocation Failure)
[2026-06-17T10:01:16.599+0800][14.226s][info][gc,heap        ] GC(544) PSYoungGen: 11524K(14848K)->3274K(14336K) Eden: 7658K(7680K)->0K(7680K) From: 3866K(7168K)->3274K(6656K)
[2026-06-17T10:01:16.599+0800][14.227s][info][gc,heap        ] GC(544) ParOldGen: 30116K(44032K)->31233K(44032K)
[2026-06-17T10:01:16.600+0800][14.228s][info][gc,metaspace   ] GC(544) Metaspace: 112K(320K)->112K(320K) NonClass: 105K(192K)->105K(192K) Class: 7K(128K)->7K(128K)
[2026-06-17T10:01:16.600+0800][14.228s][info][gc             ] GC(544) Pause Young (Allocation Failure) 40M->33M(57M) 4.930ms
[2026-06-17T10:01:16.601+0800][14.229s][info][gc,cpu         ] GC(544) User=0.01s Sys=0.00s Real=0.00s
[2026-06-17T10:01:16.623+0800][14.250s][info][gc,start       ] GC(545) Pause Young (Allocation Failure)
[2026-06-17T10:01:16.626+0800][14.254s][info][gc,heap        ] GC(545) PSYoungGen: 10947K(14336K)->1982K(14848K) Eden: 7672K(7680K)->0K(8192K) From: 3274K(6656K)->1982K(6656K)
[2026-06-17T10:01:16.628+0800][14.256s][info][gc,heap        ] GC(545) ParOldGen: 31233K(44032K)->33464K(44032K)
[2026-06-17T10:01:16.630+0800][14.257s][info][gc,metaspace   ] GC(545) Metaspace: 112K(320K)->112K(320K) NonClass: 105K(192K)->105K(192K) Class: 7K(128K)->7K(128K)
[2026-06-17T10:01:16.632+0800][14.260s][info][gc             ] GC(545) Pause Young (Allocation Failure) 41M->34M(57M) 9.479ms
[2026-06-17T10:01:16.634+0800][14.262s][info][gc,cpu         ] GC(545) User=0.00s Sys=0.00s Real=0.01s
[2026-06-17T10:01:16.657+0800][14.284s][info][gc,start       ] GC(546) Pause Young (Allocation Failure)
[2026-06-17T10:01:16.659+0800][14.286s][info][gc,heap        ] GC(546) PSYoungGen: 10174K(14848K)->3405K(14848K) Eden: 8192K(8192K)->0K(8192K) From: 1982K(6656K)->3405K(6656K)
[2026-06-17T10:01:16.659+0800][14.287s][info][gc,heap        ] GC(546) ParOldGen: 33464K(44032K)->33464K(44032K)
[2026-06-17T10:01:16.660+0800][14.288s][info][gc,metaspace   ] GC(546) Metaspace: 112K(320K)->112K(320K) NonClass: 105K(192K)->105K(192K) Class: 7K(128K)->7K(128K)
[2026-06-17T10:01:16.660+0800][14.288s][info][gc             ] GC(546) Pause Young (Allocation Failure) 42M->36M(57M) 3.842ms
[2026-06-17T10:01:16.661+0800][14.289s][info][gc,cpu         ] GC(546) User=0.00s Sys=0.00s Real=0.00s
[2026-06-17T10:01:16.683+0800][14.311s][info][gc,start       ] GC(547) Pause Young (Allocation Failure)
[2026-06-17T10:01:16.685+0800][14.312s][info][gc,heap        ] GC(547) PSYoungGen: 11543K(14848K)->4770K(14336K) Eden: 8137K(8192K)->0K(8192K) From: 3405K(6656K)->4770K(6144K)
[2026-06-17T10:01:16.685+0800][14.313s][info][gc,heap        ] GC(547) ParOldGen: 33464K(44032K)->33464K(44032K)
[2026-06-17T10:01:16.686+0800][14.314s][info][gc,metaspace   ] GC(547) Metaspace: 112K(320K)->112K(320K) NonClass: 105K(192K)->105K(192K) Class: 7K(128K)->7K(128K)
[2026-06-17T10:01:16.686+0800][14.314s][info][gc             ] GC(547) Pause Young (Allocation Failure) 43M->37M(57M) 3.394ms
[2026-06-17T10:01:16.687+0800][14.314s][info][gc,cpu         ] GC(547) User=0.00s Sys=0.00s Real=0.00s
[2026-06-17T10:01:16.709+0800][14.336s][info][gc,start       ] GC(548) Pause Young (Allocation Failure)
[2026-06-17T10:01:16.711+0800][14.339s][info][gc,heap        ] GC(548) PSYoungGen: 12940K(14336K)->5839K(14336K) Eden: 8169K(8192K)->0K(8192K) From: 4770K(6144K)->5839K(6144K)
[2026-06-17T10:01:16.712+0800][14.339s][info][gc,heap        ] GC(548) ParOldGen: 33464K(44032K)->33464K(44032K)
[2026-06-17T10:01:16.712+0800][14.340s][info][gc,metaspace   ] GC(548) Metaspace: 112K(320K)->112K(320K) NonClass: 105K(192K)->105K(192K) Class: 7K(128K)->7K(128K)
[2026-06-17T10:01:16.713+0800][14.341s][info][gc             ] GC(548) Pause Young (Allocation Failure) 45M->38M(57M) 4.233ms
[2026-06-17T10:01:16.714+0800][14.341s][info][gc,cpu         ] GC(548) User=0.01s Sys=0.00s Real=0.01s
[2026-06-17T10:01:16.736+0800][14.364s][info][gc,start       ] GC(549) Pause Young (Allocation Failure)
[2026-06-17T10:01:16.739+0800][14.367s][info][gc,heap        ] GC(549) PSYoungGen: 13996K(14336K)->5803K(14336K) Eden: 8157K(8192K)->0K(7168K) From: 5839K(6144K)->5803K(7168K)
[2026-06-17T10:01:16.740+0800][14.367s][info][gc,heap        ] GC(549) ParOldGen: 33464K(44032K)->35023K(44032K)
[2026-06-17T10:01:16.740+0800][14.368s][info][gc,metaspace   ] GC(549) Metaspace: 112K(320K)->112K(320K) NonClass: 105K(192K)->105K(192K) Class: 7K(128K)->7K(128K)
[2026-06-17T10:01:16.741+0800][14.369s][info][gc             ] GC(549) Pause Young (Allocation Failure) 46M->39M(57M) 4.401ms
[2026-06-17T10:01:16.741+0800][14.369s][info][gc,cpu         ] GC(549) User=0.00s Sys=0.00s Real=0.00s
[2026-06-17T10:01:16.753+0800][14.381s][info][gc,start       ] GC(550) Pause Young (Allocation Failure)
[2026-06-17T10:01:16.756+0800][14.383s][info][gc,heap        ] GC(550) PSYoungGen: 12761K(14336K)->4224K(14336K) Eden: 6957K(7168K)->0K(7168K) From: 5803K(7168K)->4224K(7168K)
[2026-06-17T10:01:16.756+0800][14.384s][info][gc,heap        ] GC(550) ParOldGen: 35023K(44032K)->36798K(44032K)
[2026-06-17T10:01:16.757+0800][14.384s][info][gc,metaspace   ] GC(550) Metaspace: 112K(320K)->112K(320K) NonClass: 105K(192K)->105K(192K) Class: 7K(128K)->7K(128K)
[2026-06-17T10:01:16.757+0800][14.385s][info][gc             ] GC(550) Pause Young (Allocation Failure) 46M->40M(57M) 3.830ms
[2026-06-17T10:01:16.758+0800][14.386s][info][gc,cpu         ] GC(550) User=0.00s Sys=0.00s Real=0.00s
[2026-06-17T10:01:16.781+0800][14.408s][info][gc,start       ] GC(551) Pause Young (Allocation Failure)
[2026-06-17T10:01:16.783+0800][14.411s][info][gc,heap        ] GC(551) PSYoungGen: 11379K(14336K)->3584K(14336K) Eden: 7155K(7168K)->0K(7168K) From: 4224K(7168K)->3584K(7168K)
[2026-06-17T10:01:16.784+0800][14.411s][info][gc,heap        ] GC(551) ParOldGen: 36798K(44032K)->40974K(44032K)
[2026-06-17T10:01:16.784+0800][14.412s][info][gc,metaspace   ] GC(551) Metaspace: 112K(320K)->112K(320K) NonClass: 105K(192K)->105K(192K) Class: 7K(128K)->7K(128K)
[2026-06-17T10:01:16.785+0800][14.413s][info][gc             ] GC(551) Pause Young (Allocation Failure) 47M->43M(57M) 4.447ms
[2026-06-17T10:01:16.786+0800][14.413s][info][gc,cpu         ] GC(551) User=0.00s Sys=0.00s Real=0.01s
[2026-06-17T10:01:16.809+0800][14.436s][info][gc,start       ] GC(552) Pause Full (Ergonomics)
[2026-06-17T10:01:16.811+0800][14.438s][info][gc,phases,start] GC(552) Marking Phase
[2026-06-17T10:01:16.814+0800][14.442s][info][gc,phases      ] GC(552) Marking Phase 3.618ms
[2026-06-17T10:01:16.815+0800][14.443s][info][gc,phases,start] GC(552) Summary Phase
[2026-06-17T10:01:16.816+0800][14.443s][info][gc,phases      ] GC(552) Summary Phase 0.549ms
[2026-06-17T10:01:16.816+0800][14.444s][info][gc,phases,start] GC(552) Adjust Roots
[2026-06-17T10:01:16.817+0800][14.445s][info][gc,phases      ] GC(552) Adjust Roots 0.632ms
[2026-06-17T10:01:16.817+0800][14.445s][info][gc,phases,start] GC(552) Compaction Phase
[2026-06-17T10:01:16.820+0800][14.447s][info][gc,phases      ] GC(552) Compaction Phase 2.226ms
[2026-06-17T10:01:16.820+0800][14.448s][info][gc,phases,start] GC(552) Post Compact
[2026-06-17T10:01:16.821+0800][14.448s][info][gc,phases      ] GC(552) Post Compact 0.573ms
[2026-06-17T10:01:16.821+0800][14.449s][info][gc,heap        ] GC(552) PSYoungGen: 10728K(14336K)->0K(14336K) Eden: 7144K(7168K)->0K(7168K) From: 3584K(7168K)->0K(7168K)
[2026-06-17T10:01:16.821+0800][14.449s][info][gc,heap        ] GC(552) ParOldGen: 40974K(44032K)->26537K(44032K)
[2026-06-17T10:01:16.821+0800][14.449s][info][gc,metaspace   ] GC(552) Metaspace: 112K(320K)->112K(320K) NonClass: 105K(192K)->105K(192K) Class: 7K(128K)->7K(128K)
[2026-06-17T10:01:16.822+0800][14.449s][info][gc             ] GC(552) Pause Full (Ergonomics) 50M->25M(57M) 12.927ms
[2026-06-17T10:01:16.822+0800][14.450s][info][gc,cpu         ] GC(552) User=0.01s Sys=0.00s Real=0.01s
[2026-06-17T10:01:16.844+0800][14.471s][info][gc,start       ] GC(553) Pause Young (Allocation Failure)
[2026-06-17T10:01:16.862+0800][14.490s][info][gc,heap        ] GC(553) PSYoungGen: 7157K(14336K)->3647K(14848K) Eden: 7157K(7168K)->0K(7680K) From: 0K(7168K)->3647K(7168K)
[2026-06-17T10:01:16.870+0800][14.498s][info][gc,heap        ] GC(553) ParOldGen: 26537K(44032K)->26537K(44032K)
[2026-06-17T10:01:16.873+0800][14.501s][info][gc,metaspace   ] GC(553) Metaspace: 112K(320K)->112K(320K) NonClass: 105K(192K)->105K(192K) Class: 7K(128K)->7K(128K)
[2026-06-17T10:01:16.876+0800][14.503s][info][gc             ] GC(553) Pause Young (Allocation Failure) 32M->29M(57M) 31.968ms
[2026-06-17T10:01:16.877+0800][14.505s][info][gc,cpu         ] GC(553) User=0.00s Sys=0.00s Real=0.03s
[2026-06-17T10:01:16.901+0800][14.528s][info][gc,start       ] GC(554) Pause Young (Allocation Failure)
[2026-06-17T10:01:16.950+0800][14.578s][info][gc,heap        ] GC(554) PSYoungGen: 11313K(14848K)->2112K(14336K) Eden: 7665K(7680K)->0K(7680K) From: 3647K(7168K)->2112K(6656K)
[2026-06-17T10:01:16.951+0800][14.578s][info][gc,heap        ] GC(554) ParOldGen: 26537K(44032K)->28644K(44032K)
[2026-06-17T10:01:16.951+0800][14.579s][info][gc,metaspace   ] GC(554) Metaspace: 112K(320K)->112K(320K) NonClass: 105K(192K)->105K(192K) Class: 7K(128K)->7K(128K)
[2026-06-17T10:01:16.952+0800][14.580s][info][gc             ] GC(554) Pause Young (Allocation Failure) 36M->30M(57M) 51.461ms
[2026-06-17T10:01:16.952+0800][14.580s][info][gc,cpu         ] GC(554) User=0.00s Sys=0.00s Real=0.06s
[2026-06-17T10:01:16.964+0800][14.592s][info][gc,start       ] GC(555) Pause Young (Allocation Failure)
[2026-06-17T10:01:16.965+0800][14.592s][info][gc,heap        ] GC(555) PSYoungGen: 9779K(14336K)->1050K(13824K) Eden: 7666K(7680K)->0K(7168K) From: 2112K(6656K)->1050K(6656K)
[2026-06-17T10:01:16.965+0800][14.593s][info][gc,heap        ] GC(555) ParOldGen: 28644K(44032K)->30503K(44032K)
[2026-06-17T10:01:16.965+0800][14.593s][info][gc,metaspace   ] GC(555) Metaspace: 112K(320K)->112K(320K) NonClass: 105K(192K)->105K(192K) Class: 7K(128K)->7K(128K)
[2026-06-17T10:01:16.965+0800][14.593s][info][gc             ] GC(555) Pause Young (Allocation Failure) 37M->30M(56M) 1.539ms
[2026-06-17T10:01:16.966+0800][14.593s][info][gc,cpu         ] GC(555) User=0.00s Sys=0.00s Real=0.00s
[2026-06-17T10:01:16.987+0800][14.614s][info][gc,start       ] GC(556) Pause Young (Allocation Failure)
[2026-06-17T10:01:16.988+0800][14.615s][info][gc,heap        ] GC(556) PSYoungGen: 8206K(13824K)->4563K(14336K) Eden: 7156K(7168K)->0K(7168K) From: 1050K(6656K)->4563K(7168K)
[2026-06-17T10:01:16.988+0800][14.616s][info][gc,heap        ] GC(556) ParOldGen: 30503K(44032K)->30503K(44032K)
[2026-06-17T10:01:16.989+0800][14.616s][info][gc,metaspace   ] GC(556) Metaspace: 112K(320K)->112K(320K) NonClass: 105K(192K)->105K(192K) Class: 7K(128K)->7K(128K)
[2026-06-17T10:01:16.989+0800][14.617s][info][gc             ] GC(556) Pause Young (Allocation Failure) 37M->34M(57M) 2.315ms
[2026-06-17T10:01:16.989+0800][14.617s][info][gc,cpu         ] GC(556) User=0.00s Sys=0.00s Real=0.00s
[2026-06-17T10:01:17.011+0800][14.639s][info][gc,start       ] GC(557) Pause Young (Allocation Failure)
[2026-06-17T10:01:17.013+0800][14.640s][info][gc,heap        ] GC(557) PSYoungGen: 11706K(14336K)->4933K(14336K) Eden: 7143K(7168K)->0K(7168K) From: 4563K(7168K)->4933K(7168K)
[2026-06-17T10:01:17.013+0800][14.641s][info][gc,heap        ] GC(557) ParOldGen: 30503K(44032K)->30503K(44032K)
[2026-06-17T10:01:17.014+0800][14.641s][info][gc,metaspace   ] GC(557) Metaspace: 112K(320K)->112K(320K) NonClass: 105K(192K)->105K(192K) Class: 7K(128K)->7K(128K)
[2026-06-17T10:01:17.014+0800][14.642s][info][gc             ] GC(557) Pause Young (Allocation Failure) 41M->34M(57M) 3.434ms
[2026-06-17T10:01:17.015+0800][14.642s][info][gc,cpu         ] GC(557) User=0.00s Sys=0.00s Real=0.00s
[2026-06-17T10:01:17.036+0800][14.664s][info][gc,start       ] GC(558) Pause Young (Allocation Failure)
[2026-06-17T10:01:17.038+0800][14.666s][info][gc,heap        ] GC(558) PSYoungGen: 12085K(14336K)->5017K(14336K) Eden: 7151K(7168K)->0K(7168K) From: 4933K(7168K)->5017K(7168K)
[2026-06-17T10:01:17.039+0800][14.667s][info][gc,heap        ] GC(558) ParOldGen: 30503K(44032K)->30503K(44032K)
[2026-06-17T10:01:17.040+0800][14.667s][info][gc,metaspace   ] GC(558) Metaspace: 112K(320K)->112K(320K) NonClass: 105K(192K)->105K(192K) Class: 7K(128K)->7K(128K)
[2026-06-17T10:01:17.040+0800][14.668s][info][gc             ] GC(558) Pause Young (Allocation Failure) 41M->34M(57M) 3.757ms
[2026-06-17T10:01:17.041+0800][14.669s][info][gc,cpu         ] GC(558) User=0.00s Sys=0.00s Real=0.00s
[2026-06-17T10:01:17.053+0800][14.680s][info][gc,start       ] GC(559) Pause Young (Allocation Failure)
[2026-06-17T10:01:17.055+0800][14.682s][info][gc,heap        ] GC(559) PSYoungGen: 12180K(14336K)->6757K(14336K) Eden: 7162K(7168K)->0K(7168K) From: 5017K(7168K)->6757K(7168K)
[2026-06-17T10:01:17.055+0800][14.683s][info][gc,heap        ] GC(559) ParOldGen: 30503K(44032K)->32530K(44032K)
[2026-06-17T10:01:17.056+0800][14.683s][info][gc,metaspace   ] GC(559) Metaspace: 112K(320K)->112K(320K) NonClass: 105K(192K)->105K(192K) Class: 7K(128K)->7K(128K)
[2026-06-17T10:01:17.056+0800][14.684s][info][gc             ] GC(559) Pause Young (Allocation Failure) 41M->38M(57M) 3.202ms
[2026-06-17T10:01:17.056+0800][14.684s][info][gc,cpu         ] GC(559) User=0.00s Sys=0.00s Real=0.00s
[2026-06-17T10:01:17.078+0800][14.706s][info][gc,start       ] GC(560) Pause Young (Allocation Failure)
[2026-06-17T10:01:17.080+0800][14.707s][info][gc,heap        ] GC(560) PSYoungGen: 13874K(14336K)->5734K(14336K) Eden: 7116K(7168K)->0K(7168K) From: 6757K(7168K)->5734K(7168K)
[2026-06-17T10:01:17.080+0800][14.708s][info][gc,heap        ] GC(560) ParOldGen: 32530K(44032K)->34079K(44032K)
[2026-06-17T10:01:17.081+0800][14.708s][info][gc,metaspace   ] GC(560) Metaspace: 112K(320K)->112K(320K) NonClass: 105K(192K)->105K(192K) Class: 7K(128K)->7K(128K)
[2026-06-17T10:01:17.081+0800][14.709s][info][gc             ] GC(560) Pause Young (Allocation Failure) 45M->38M(57M) 2.808ms
[2026-06-17T10:01:17.081+0800][14.709s][info][gc,cpu         ] GC(560) User=0.00s Sys=0.00s Real=0.00s
[2026-06-17T10:01:17.103+0800][14.730s][info][gc,start       ] GC(561) Pause Young (Allocation Failure)
[2026-06-17T10:01:17.104+0800][14.732s][info][gc,heap        ] GC(561) PSYoungGen: 12848K(14336K)->2256K(14336K) Eden: 7113K(7168K)->0K(7168K) From: 5734K(7168K)->2256K(7168K)
[2026-06-17T10:01:17.104+0800][14.732s][info][gc,heap        ] GC(561) ParOldGen: 34079K(44032K)->37627K(44032K)
[2026-06-17T10:01:17.105+0800][14.732s][info][gc,metaspace   ] GC(561) Metaspace: 112K(320K)->112K(320K) NonClass: 105K(192K)->105K(192K) Class: 7K(128K)->7K(128K)
[2026-06-17T10:01:17.105+0800][14.733s][info][gc             ] GC(561) Pause Young (Allocation Failure) 45M->38M(57M) 2.588ms
[2026-06-17T10:01:17.105+0800][14.733s][info][gc,cpu         ] GC(561) User=0.00s Sys=0.00s Real=0.00s
[2026-06-17T10:01:17.116+0800][14.744s][info][gc,start       ] GC(562) Pause Young (Allocation Failure)
[2026-06-17T10:01:17.118+0800][14.745s][info][gc,heap        ] GC(562) PSYoungGen: 9422K(14336K)->3705K(14336K) Eden: 7165K(7168K)->0K(7168K) From: 2256K(7168K)->3705K(7168K)
[2026-06-17T10:01:17.119+0800][14.746s][info][gc,heap        ] GC(562) ParOldGen: 37627K(44032K)->39715K(44032K)
[2026-06-17T10:01:17.119+0800][14.747s][info][gc,metaspace   ] GC(562) Metaspace: 112K(320K)->112K(320K) NonClass: 105K(192K)->105K(192K) Class: 7K(128K)->7K(128K)
[2026-06-17T10:01:17.119+0800][14.747s][info][gc             ] GC(562) Pause Young (Allocation Failure) 45M->42M(57M) 2.975ms
[2026-06-17T10:01:17.120+0800][14.747s][info][gc,cpu         ] GC(562) User=0.00s Sys=0.00s Real=0.00s
[2026-06-17T10:01:17.141+0800][14.769s][info][gc,start       ] GC(563) Pause Young (Allocation Failure)
[2026-06-17T10:01:17.143+0800][14.771s][info][gc,heap        ] GC(563) PSYoungGen: 10873K(14336K)->3683K(14336K) Eden: 7168K(7168K)->0K(7168K) From: 3705K(7168K)->3683K(7168K)
[2026-06-17T10:01:17.143+0800][14.771s][info][gc,heap        ] GC(563) ParOldGen: 39715K(44032K)->39715K(44032K)
[2026-06-17T10:01:17.144+0800][14.772s][info][gc,metaspace   ] GC(563) Metaspace: 112K(320K)->112K(320K) NonClass: 105K(192K)->105K(192K) Class: 7K(128K)->7K(128K)
[2026-06-17T10:01:17.145+0800][14.772s][info][gc             ] GC(563) Pause Young (Allocation Failure) 49M->42M(57M) 3.460ms
[2026-06-17T10:01:17.145+0800][14.773s][info][gc,cpu         ] GC(563) User=0.00s Sys=0.00s Real=0.01s
[2026-06-17T10:01:17.166+0800][14.794s][info][gc,start       ] GC(564) Pause Young (Allocation Failure)
[2026-06-17T10:01:17.167+0800][14.795s][info][gc,heap        ] GC(564) PSYoungGen: 10832K(14336K)->2004K(14336K) Eden: 7148K(7168K)->0K(7168K) From: 3683K(7168K)->2004K(7168K)
[2026-06-17T10:01:17.168+0800][14.795s][info][gc,heap        ] GC(564) ParOldGen: 39715K(44032K)->41605K(44032K)
[2026-06-17T10:01:17.168+0800][14.796s][info][gc,metaspace   ] GC(564) Metaspace: 112K(320K)->112K(320K) NonClass: 105K(192K)->105K(192K) Class: 7K(128K)->7K(128K)
[2026-06-17T10:01:17.168+0800][14.796s][info][gc             ] GC(564) Pause Young (Allocation Failure) 49M->42M(57M) 1.793ms
[2026-06-17T10:01:17.168+0800][14.796s][info][gc,cpu         ] GC(564) User=0.00s Sys=0.00s Real=0.00s
[2026-06-17T10:01:17.189+0800][14.817s][info][gc,start       ] GC(565) Pause Full (Ergonomics)
[2026-06-17T10:01:17.192+0800][14.820s][info][gc,phases,start] GC(565) Marking Phase
[2026-06-17T10:01:17.194+0800][14.822s][info][gc,phases      ] GC(565) Marking Phase 1.950ms
[2026-06-17T10:01:17.195+0800][14.822s][info][gc,phases,start] GC(565) Summary Phase
[2026-06-17T10:01:17.195+0800][14.823s][info][gc,phases      ] GC(565) Summary Phase 0.239ms
[2026-06-17T10:01:17.195+0800][14.823s][info][gc,phases,start] GC(565) Adjust Roots
[2026-06-17T10:01:17.195+0800][14.823s][info][gc,phases      ] GC(565) Adjust Roots 0.292ms
[2026-06-17T10:01:17.195+0800][14.823s][info][gc,phases,start] GC(565) Compaction Phase
[2026-06-17T10:01:17.197+0800][14.825s][info][gc,phases      ] GC(565) Compaction Phase 1.968ms
[2026-06-17T10:01:17.198+0800][14.826s][info][gc,phases,start] GC(565) Post Compact
[2026-06-17T10:01:17.198+0800][14.826s][info][gc,phases      ] GC(565) Post Compact 0.539ms
[2026-06-17T10:01:17.199+0800][14.827s][info][gc,heap        ] GC(565) PSYoungGen: 9151K(14336K)->0K(14336K) Eden: 7147K(7168K)->0K(7168K) From: 2004K(7168K)->0K(7168K)
[2026-06-17T10:01:17.199+0800][14.827s][info][gc,heap        ] GC(565) ParOldGen: 41605K(44032K)->25742K(44032K)
[2026-06-17T10:01:17.200+0800][14.827s][info][gc,metaspace   ] GC(565) Metaspace: 112K(320K)->112K(320K) NonClass: 105K(192K)->105K(192K) Class: 7K(128K)->7K(128K)
[2026-06-17T10:01:17.200+0800][14.828s][info][gc             ] GC(565) Pause Full (Ergonomics) 49M->25M(57M) 10.417ms
[2026-06-17T10:01:17.200+0800][14.828s][info][gc,cpu         ] GC(565) User=0.00s Sys=0.00s Real=0.01s
[2026-06-17T10:01:17.211+0800][14.839s][info][gc,start       ] GC(566) Pause Young (Allocation Failure)
[2026-06-17T10:01:17.215+0800][14.842s][info][gc,heap        ] GC(566) PSYoungGen: 7168K(14336K)->7029K(14336K) Eden: 7168K(7168K)->0K(7168K) From: 0K(7168K)->7029K(7168K)
[2026-06-17T10:01:17.215+0800][14.843s][info][gc,heap        ] GC(566) ParOldGen: 25742K(44032K)->25994K(44032K)
[2026-06-17T10:01:17.218+0800][14.846s][info][gc,metaspace   ] GC(566) Metaspace: 112K(320K)->112K(320K) NonClass: 105K(192K)->105K(192K) Class: 7K(128K)->7K(128K)
[2026-06-17T10:01:17.219+0800][14.847s][info][gc             ] GC(566) Pause Young (Allocation Failure) 32M->32M(57M) 7.778ms
[2026-06-17T10:01:17.220+0800][14.847s][info][gc,cpu         ] GC(566) User=0.00s Sys=0.01s Real=0.00s
[2026-06-17T10:01:17.243+0800][14.871s][info][gc,start       ] GC(567) Pause Young (Allocation Failure)
[2026-06-17T10:01:17.244+0800][14.872s][info][gc,heap        ] GC(567) PSYoungGen: 14182K(14336K)->3383K(14336K) Eden: 7152K(7168K)->0K(7168K) From: 7029K(7168K)->3383K(7168K)
[2026-06-17T10:01:17.244+0800][14.872s][info][gc,heap        ] GC(567) ParOldGen: 25994K(44032K)->30089K(44032K)
[2026-06-17T10:01:17.245+0800][14.872s][info][gc,metaspace   ] GC(567) Metaspace: 112K(320K)->112K(320K) NonClass: 105K(192K)->105K(192K) Class: 7K(128K)->7K(128K)
[2026-06-17T10:01:17.245+0800][14.872s][info][gc             ] GC(567) Pause Young (Allocation Failure) 39M->32M(57M) 1.795ms
[2026-06-17T10:01:17.245+0800][14.873s][info][gc,cpu         ] GC(567) User=0.00s Sys=0.00s Real=0.00s
[2026-06-17T10:01:17.266+0800][14.894s][info][gc,start       ] GC(568) Pause Young (Allocation Failure)
[2026-06-17T10:01:17.267+0800][14.895s][info][gc,heap        ] GC(568) PSYoungGen: 10498K(14336K)->3638K(14336K) Eden: 7115K(7168K)->0K(7168K) From: 3383K(7168K)->3638K(7168K)
[2026-06-17T10:01:17.267+0800][14.895s][info][gc,heap        ] GC(568) ParOldGen: 30089K(44032K)->30089K(44032K)
[2026-06-17T10:01:17.268+0800][14.895s][info][gc,metaspace   ] GC(568) Metaspace: 112K(320K)->112K(320K) NonClass: 105K(192K)->105K(192K) Class: 7K(128K)->7K(128K)
[2026-06-17T10:01:17.268+0800][14.896s][info][gc             ] GC(568) Pause Young (Allocation Failure) 39M->32M(57M) 1.932ms
[2026-06-17T10:01:17.268+0800][14.896s][info][gc,cpu         ] GC(568) User=0.00s Sys=0.00s Real=0.00s
[2026-06-17T10:01:17.279+0800][14.907s][info][gc,start       ] GC(569) Pause Young (Allocation Failure)
[2026-06-17T10:01:17.281+0800][14.908s][info][gc,heap        ] GC(569) PSYoungGen: 10769K(14336K)->1733K(14336K) Eden: 7130K(7168K)->0K(7168K) From: 3638K(7168K)->1733K(7168K)
[2026-06-17T10:01:17.281+0800][14.909s][info][gc,heap        ] GC(569) ParOldGen: 30089K(44032K)->31940K(44032K)
[2026-06-17T10:01:17.282+0800][14.910s][info][gc,metaspace   ] GC(569) Metaspace: 112K(320K)->112K(320K) NonClass: 105K(192K)->105K(192K) Class: 7K(128K)->7K(128K)
[2026-06-17T10:01:17.282+0800][14.910s][info][gc             ] GC(569) Pause Young (Allocation Failure) 39M->32M(57M) 2.964ms
[2026-06-17T10:01:17.283+0800][14.911s][info][gc,cpu         ] GC(569) User=0.00s Sys=0.00s Real=0.01s
[2026-06-17T10:01:17.305+0800][14.933s][info][gc,start       ] GC(570) Pause Young (Allocation Failure)
[2026-06-17T10:01:17.306+0800][14.934s][info][gc,heap        ] GC(570) PSYoungGen: 8901K(14336K)->3682K(14336K) Eden: 7168K(7168K)->0K(7168K) From: 1733K(7168K)->3682K(7168K)
[2026-06-17T10:01:17.307+0800][14.935s][info][gc,heap        ] GC(570) ParOldGen: 31940K(44032K)->33649K(44032K)
[2026-06-17T10:01:17.307+0800][14.935s][info][gc,metaspace   ] GC(570) Metaspace: 112K(320K)->112K(320K) NonClass: 105K(192K)->105K(192K) Class: 7K(128K)->7K(128K)
[2026-06-17T10:01:17.308+0800][14.935s][info][gc             ] GC(570) Pause Young (Allocation Failure) 39M->36M(57M) 2.860ms
[2026-06-17T10:01:17.308+0800][14.936s][info][gc,cpu         ] GC(570) User=0.00s Sys=0.00s Real=0.00s
[2026-06-17T10:01:17.329+0800][14.957s][info][gc,start       ] GC(571) Pause Young (Allocation Failure)
[2026-06-17T10:01:17.331+0800][14.958s][info][gc,heap        ] GC(571) PSYoungGen: 10821K(14336K)->2723K(14336K) Eden: 7138K(7168K)->0K(7168K) From: 3682K(7168K)->2723K(7168K)
[2026-06-17T10:01:17.331+0800][14.959s][info][gc,heap        ] GC(571) ParOldGen: 33649K(44032K)->34736K(44032K)
[2026-06-17T10:01:17.331+0800][14.959s][info][gc,metaspace   ] GC(571) Metaspace: 112K(320K)->112K(320K) NonClass: 105K(192K)->105K(192K) Class: 7K(128K)->7K(128K)
[2026-06-17T10:01:17.332+0800][14.959s][info][gc             ] GC(571) Pause Young (Allocation Failure) 43M->36M(57M) 2.068ms
[2026-06-17T10:01:17.332+0800][14.960s][info][gc,cpu         ] GC(571) User=0.00s Sys=0.00s Real=0.01s
[2026-06-17T10:01:17.353+0800][14.981s][info][gc,start       ] GC(572) Pause Young (Allocation Failure)
[2026-06-17T10:01:17.355+0800][14.983s][info][gc,heap        ] GC(572) PSYoungGen: 9856K(14336K)->739K(14336K) Eden: 7133K(7168K)->0K(7168K) From: 2723K(7168K)->739K(7168K)
[2026-06-17T10:01:17.356+0800][14.983s][info][gc,heap        ] GC(572) ParOldGen: 34736K(44032K)->36524K(44032K)
[2026-06-17T10:01:17.356+0800][14.984s][info][gc,metaspace   ] GC(572) Metaspace: 112K(320K)->112K(320K) NonClass: 105K(192K)->105K(192K) Class: 7K(128K)->7K(128K)
[2026-06-17T10:01:17.357+0800][14.984s][info][gc             ] GC(572) Pause Young (Allocation Failure) 43M->36M(57M) 3.172ms
[2026-06-17T10:01:17.357+0800][14.985s][info][gc,cpu         ] GC(572) User=0.00s Sys=0.00s Real=0.00s
[2026-06-17T10:01:17.369+0800][14.996s][info][gc,start       ] GC(573) Pause Young (Allocation Failure)
[2026-06-17T10:01:17.370+0800][14.998s][info][gc,heap        ] GC(573) PSYoungGen: 7890K(14336K)->4556K(14336K) Eden: 7151K(7168K)->0K(7168K) From: 739K(7168K)->4556K(7168K)
[2026-06-17T10:01:17.371+0800][14.999s][info][gc,heap        ] GC(573) ParOldGen: 36524K(44032K)->36524K(44032K)
[2026-06-17T10:01:17.372+0800][14.999s][info][gc,metaspace   ] GC(573) Metaspace: 112K(320K)->112K(320K) NonClass: 105K(192K)->105K(192K) Class: 7K(128K)->7K(128K)
[2026-06-17T10:01:17.372+0800][15.000s][info][gc             ] GC(573) Pause Young (Allocation Failure) 43M->40M(57M) 3.446ms
[2026-06-17T10:01:17.373+0800][15.000s][info][gc,cpu         ] GC(573) User=0.00s Sys=0.00s Real=0.01s
[2026-06-17T10:01:17.395+0800][15.022s][info][gc,start       ] GC(574) Pause Young (Allocation Failure)
[2026-06-17T10:01:17.397+0800][15.025s][info][gc,heap        ] GC(574) PSYoungGen: 11701K(14336K)->3074K(14336K) Eden: 7145K(7168K)->0K(7168K) From: 4556K(7168K)->3074K(7168K)
[2026-06-17T10:01:17.400+0800][15.027s][info][gc,heap        ] GC(574) ParOldGen: 36524K(44032K)->38151K(44032K)
[2026-06-17T10:01:17.402+0800][15.029s][info][gc,metaspace   ] GC(574) Metaspace: 112K(320K)->112K(320K) NonClass: 105K(192K)->105K(192K) Class: 7K(128K)->7K(128K)
[2026-06-17T10:01:17.404+0800][15.032s][info][gc             ] GC(574) Pause Young (Allocation Failure) 47M->40M(57M) 9.276ms
[2026-06-17T10:01:17.405+0800][15.032s][info][gc,cpu         ] GC(574) User=0.00s Sys=0.00s Real=0.01s
[2026-06-17T10:01:17.427+0800][15.055s][info][gc,start       ] GC(575) Pause Young (Allocation Failure)
[2026-06-17T10:01:17.429+0800][15.056s][info][gc,heap        ] GC(575) PSYoungGen: 10239K(14336K)->3277K(14336K) Eden: 7165K(7168K)->0K(7168K) From: 3074K(7168K)->3277K(7168K)
[2026-06-17T10:01:17.434+0800][15.062s][info][gc,heap        ] GC(575) ParOldGen: 38151K(44032K)->38151K(44032K)
[2026-06-17T10:01:17.435+0800][15.062s][info][gc,metaspace   ] GC(575) Metaspace: 112K(320K)->112K(320K) NonClass: 105K(192K)->105K(192K) Class: 7K(128K)->7K(128K)
[2026-06-17T10:01:17.437+0800][15.064s][info][gc             ] GC(575) Pause Young (Allocation Failure) 47M->40M(57M) 9.511ms
[2026-06-17T10:01:17.439+0800][15.067s][info][gc,cpu         ] GC(575) User=0.01s Sys=0.00s Real=0.01s
[2026-06-17T10:01:17.453+0800][15.080s][info][gc,start       ] GC(576) Pause Young (Allocation Failure)
[2026-06-17T10:01:17.459+0800][15.087s][info][gc,heap        ] GC(576) PSYoungGen: 10214K(14336K)->1597K(14336K) Eden: 6936K(7168K)->0K(7168K) From: 3277K(7168K)->1597K(7168K)
[2026-06-17T10:01:17.465+0800][15.092s][info][gc,heap        ] GC(576) ParOldGen: 38151K(44032K)->39940K(44032K)
[2026-06-17T10:01:17.471+0800][15.099s][info][gc,metaspace   ] GC(576) Metaspace: 112K(320K)->112K(320K) NonClass: 105K(192K)->105K(192K) Class: 7K(128K)->7K(128K)
[2026-06-17T10:01:17.477+0800][15.105s][info][gc             ] GC(576) Pause Young (Allocation Failure) 47M->40M(57M) 24.613ms
[2026-06-17T10:01:17.480+0800][15.108s][info][gc,cpu         ] GC(576) User=0.00s Sys=0.00s Real=0.02s
[2026-06-17T10:01:17.503+0800][15.131s][info][gc,start       ] GC(577) Pause Young (Allocation Failure)
[2026-06-17T10:01:17.508+0800][15.136s][info][gc,heap        ] GC(577) PSYoungGen: 8764K(14336K)->5458K(14336K) Eden: 7167K(7168K)->0K(7168K) From: 1597K(7168K)->5458K(7168K)
[2026-06-17T10:01:17.511+0800][15.139s][info][gc,heap        ] GC(577) ParOldGen: 39940K(44032K)->39940K(44032K)
[2026-06-17T10:01:17.512+0800][15.140s][info][gc,metaspace   ] GC(577) Metaspace: 112K(320K)->112K(320K) NonClass: 105K(192K)->105K(192K) Class: 7K(128K)->7K(128K)
[2026-06-17T10:01:17.513+0800][15.141s][info][gc             ] GC(577) Pause Young (Allocation Failure) 47M->44M(57M) 10.063ms
[2026-06-17T10:01:17.514+0800][15.142s][info][gc,cpu         ] GC(577) User=0.00s Sys=0.00s Real=0.01s
[2026-06-17T10:01:17.536+0800][15.164s][info][gc,start       ] GC(578) Pause Young (Allocation Failure)
[2026-06-17T10:01:17.539+0800][15.167s][info][gc,heap        ] GC(578) PSYoungGen: 12623K(14336K)->5202K(14336K) Eden: 7164K(7168K)->0K(7168K) From: 5458K(7168K)->5202K(7168K)
[2026-06-17T10:01:17.546+0800][15.173s][info][gc,heap        ] GC(578) ParOldGen: 39940K(44032K)->39940K(44032K)
[2026-06-17T10:01:17.553+0800][15.181s][info][gc,metaspace   ] GC(578) Metaspace: 112K(320K)->112K(320K) NonClass: 105K(192K)->105K(192K) Class: 7K(128K)->7K(128K)
[2026-06-17T10:01:17.558+0800][15.186s][info][gc             ] GC(578) Pause Young (Allocation Failure) 51M->44M(57M) 22.119ms
[2026-06-17T10:01:17.558+0800][15.186s][info][gc,cpu         ] GC(578) User=0.00s Sys=0.00s Real=0.02s
[2026-06-17T10:01:17.570+0800][15.198s][info][gc,start       ] GC(579) Pause Young (Allocation Failure)
[2026-06-17T10:01:17.571+0800][15.199s][info][gc,heap        ] GC(579) PSYoungGen: 12369K(14336K)->6732K(14336K) Eden: 7166K(7168K)->0K(7168K) From: 5202K(7168K)->6732K(7168K)
[2026-06-17T10:01:17.571+0800][15.199s][info][gc,heap        ] GC(579) ParOldGen: 39940K(44032K)->42097K(44032K)
[2026-06-17T10:01:17.572+0800][15.199s][info][gc,metaspace   ] GC(579) Metaspace: 112K(320K)->112K(320K) NonClass: 105K(192K)->105K(192K) Class: 7K(128K)->7K(128K)
[2026-06-17T10:01:17.572+0800][15.199s][info][gc             ] GC(579) Pause Young (Allocation Failure) 51M->47M(57M) 1.677ms
[2026-06-17T10:01:17.572+0800][15.200s][info][gc,cpu         ] GC(579) User=0.00s Sys=0.00s Real=0.01s
[2026-06-17T10:01:17.593+0800][15.221s][info][gc,start       ] GC(580) Pause Full (Ergonomics)
[2026-06-17T10:01:17.594+0800][15.221s][info][gc,phases,start] GC(580) Marking Phase
[2026-06-17T10:01:17.595+0800][15.223s][info][gc,phases      ] GC(580) Marking Phase 1.539ms
[2026-06-17T10:01:17.596+0800][15.223s][info][gc,phases,start] GC(580) Summary Phase
[2026-06-17T10:01:17.596+0800][15.223s][info][gc,phases      ] GC(580) Summary Phase 0.242ms
[2026-06-17T10:01:17.596+0800][15.224s][info][gc,phases,start] GC(580) Adjust Roots
[2026-06-17T10:01:17.596+0800][15.224s][info][gc,phases      ] GC(580) Adjust Roots 0.345ms
[2026-06-17T10:01:17.597+0800][15.224s][info][gc,phases,start] GC(580) Compaction Phase
[2026-06-17T10:01:17.599+0800][15.226s][info][gc,phases      ] GC(580) Compaction Phase 1.929ms
[2026-06-17T10:01:17.599+0800][15.227s][info][gc,phases,start] GC(580) Post Compact
[2026-06-17T10:01:17.599+0800][15.227s][info][gc,phases      ] GC(580) Post Compact 0.353ms
[2026-06-17T10:01:17.600+0800][15.227s][info][gc,heap        ] GC(580) PSYoungGen: 13874K(14336K)->0K(14336K) Eden: 7142K(7168K)->0K(7168K) From: 6732K(7168K)->0K(7168K)
[2026-06-17T10:01:17.600+0800][15.228s][info][gc,heap        ] GC(580) ParOldGen: 42097K(44032K)->26587K(44032K)
[2026-06-17T10:01:17.600+0800][15.228s][info][gc,metaspace   ] GC(580) Metaspace: 112K(320K)->112K(320K) NonClass: 105K(192K)->105K(192K) Class: 7K(128K)->7K(128K)
[2026-06-17T10:01:17.600+0800][15.228s][info][gc             ] GC(580) Pause Full (Ergonomics) 54M->25M(57M) 7.411ms
[2026-06-17T10:01:17.601+0800][15.228s][info][gc,cpu         ] GC(580) User=0.01s Sys=0.00s Real=0.00s
[2026-06-17T10:01:17.622+0800][15.250s][info][gc,start       ] GC(581) Pause Young (Allocation Failure)
[2026-06-17T10:01:17.623+0800][15.251s][info][gc,heap        ] GC(581) PSYoungGen: 7164K(14336K)->3886K(14336K) Eden: 7164K(7168K)->0K(7168K) From: 0K(7168K)->3886K(7168K)
[2026-06-17T10:01:17.623+0800][15.251s][info][gc,heap        ] GC(581) ParOldGen: 26587K(44032K)->26587K(44032K)
[2026-06-17T10:01:17.624+0800][15.251s][info][gc,metaspace   ] GC(581) Metaspace: 112K(320K)->112K(320K) NonClass: 105K(192K)->105K(192K) Class: 7K(128K)->7K(128K)
[2026-06-17T10:01:17.624+0800][15.252s][info][gc             ] GC(581) Pause Young (Allocation Failure) 32M->29M(57M) 1.744ms
[2026-06-17T10:01:17.624+0800][15.252s][info][gc,cpu         ] GC(581) User=0.00s Sys=0.00s Real=0.01s
[2026-06-17T10:01:17.645+0800][15.273s][info][gc,start       ] GC(582) Pause Young (Allocation Failure)
[2026-06-17T10:01:17.646+0800][15.274s][info][gc,heap        ] GC(582) PSYoungGen: 11014K(14336K)->2128K(14336K) Eden: 7128K(7168K)->0K(7168K) From: 3886K(7168K)->2128K(7168K)
[2026-06-17T10:01:17.646+0800][15.274s][info][gc,heap        ] GC(582) ParOldGen: 26587K(44032K)->28534K(44032K)
[2026-06-17T10:01:17.647+0800][15.274s][info][gc,metaspace   ] GC(582) Metaspace: 112K(320K)->112K(320K) NonClass: 105K(192K)->105K(192K) Class: 7K(128K)->7K(128K)
[2026-06-17T10:01:17.647+0800][15.275s][info][gc             ] GC(582) Pause Young (Allocation Failure) 36M->29M(57M) 1.655ms
[2026-06-17T10:01:17.647+0800][15.275s][info][gc,cpu         ] GC(582) User=0.00s Sys=0.00s Real=0.00s
[2026-06-17T10:01:17.658+0800][15.285s][info][gc,start       ] GC(583) Pause Young (Allocation Failure)
[2026-06-17T10:01:17.659+0800][15.287s][info][gc,heap        ] GC(583) PSYoungGen: 9236K(14336K)->3588K(14336K) Eden: 7108K(7168K)->0K(7168K) From: 2128K(7168K)->3588K(7168K)
[2026-06-17T10:01:17.659+0800][15.287s][info][gc,heap        ] GC(583) ParOldGen: 28534K(44032K)->30581K(44032K)
[2026-06-17T10:01:17.660+0800][15.287s][info][gc,metaspace   ] GC(583) Metaspace: 112K(320K)->112K(320K) NonClass: 105K(192K)->105K(192K) Class: 7K(128K)->7K(128K)
[2026-06-17T10:01:17.660+0800][15.288s][info][gc             ] GC(583) Pause Young (Allocation Failure) 36M->33M(57M) 2.544ms
[2026-06-17T10:01:17.661+0800][15.289s][info][gc,cpu         ] GC(583) User=0.00s Sys=0.00s Real=0.00s
[2026-06-17T10:01:17.682+0800][15.310s][info][gc,start       ] GC(584) Pause Young (Allocation Failure)
[2026-06-17T10:01:17.683+0800][15.311s][info][gc,heap        ] GC(584) PSYoungGen: 10728K(14336K)->3470K(14336K) Eden: 7140K(7168K)->0K(7168K) From: 3588K(7168K)->3470K(7168K)
[2026-06-17T10:01:17.684+0800][15.312s][info][gc,heap        ] GC(584) ParOldGen: 30581K(44032K)->30581K(44032K)
[2026-06-17T10:01:17.685+0800][15.312s][info][gc,metaspace   ] GC(584) Metaspace: 112K(320K)->112K(320K) NonClass: 105K(192K)->105K(192K) Class: 7K(128K)->7K(128K)
[2026-06-17T10:01:17.685+0800][15.313s][info][gc             ] GC(584) Pause Young (Allocation Failure) 40M->33M(57M) 3.240ms
[2026-06-17T10:01:17.686+0800][15.314s][info][gc,cpu         ] GC(584) User=0.01s Sys=0.00s Real=0.01s
[2026-06-17T10:01:17.708+0800][15.335s][info][gc,start       ] GC(585) Pause Young (Allocation Failure)
[2026-06-17T10:01:17.710+0800][15.338s][info][gc,heap        ] GC(585) PSYoungGen: 10590K(14336K)->3820K(14336K) Eden: 7120K(7168K)->0K(7168K) From: 3470K(7168K)->3820K(7168K)
[2026-06-17T10:01:17.712+0800][15.339s][info][gc,heap        ] GC(585) ParOldGen: 30581K(44032K)->30581K(44032K)
[2026-06-17T10:01:17.714+0800][15.342s][info][gc,metaspace   ] GC(585) Metaspace: 112K(320K)->112K(320K) NonClass: 105K(192K)->105K(192K) Class: 7K(128K)->7K(128K)
[2026-06-17T10:01:17.716+0800][15.344s][info][gc             ] GC(585) Pause Young (Allocation Failure) 40M->33M(57M) 8.408ms
[2026-06-17T10:01:17.716+0800][15.344s][info][gc,cpu         ] GC(585) User=0.00s Sys=0.00s Real=0.01s
[2026-06-17T10:01:17.739+0800][15.367s][info][gc,start       ] GC(586) Pause Young (Allocation Failure)
[2026-06-17T10:01:17.740+0800][15.368s][info][gc,heap        ] GC(586) PSYoungGen: 10975K(14336K)->4166K(14336K) Eden: 7155K(7168K)->0K(7168K) From: 3820K(7168K)->4166K(7168K)
[2026-06-17T10:01:17.741+0800][15.369s][info][gc,heap        ] GC(586) ParOldGen: 30581K(44032K)->30581K(44032K)
[2026-06-17T10:01:17.741+0800][15.369s][info][gc,metaspace   ] GC(586) Metaspace: 112K(320K)->112K(320K) NonClass: 105K(192K)->105K(192K) Class: 7K(128K)->7K(128K)
[2026-06-17T10:01:17.742+0800][15.369s][info][gc             ] GC(586) Pause Young (Allocation Failure) 40M->33M(57M) 2.539ms
[2026-06-17T10:01:17.742+0800][15.370s][info][gc,cpu         ] GC(586) User=0.00s Sys=0.00s Real=0.00s
[2026-06-17T10:01:17.753+0800][15.381s][info][gc,start       ] GC(587) Pause Young (Allocation Failure)
[2026-06-17T10:01:17.755+0800][15.383s][info][gc,heap        ] GC(587) PSYoungGen: 11324K(14336K)->6562K(13824K) Eden: 7158K(7168K)->0K(7168K) From: 4166K(7168K)->6562K(6656K)
[2026-06-17T10:01:17.756+0800][15.384s][info][gc,heap        ] GC(587) ParOldGen: 30581K(44032K)->32088K(44032K)
[2026-06-17T10:01:17.757+0800][15.385s][info][gc,metaspace   ] GC(587) Metaspace: 112K(320K)->112K(320K) NonClass: 105K(192K)->105K(192K) Class: 7K(128K)->7K(128K)
[2026-06-17T10:01:17.758+0800][15.386s][info][gc             ] GC(587) Pause Young (Allocation Failure) 40M->37M(56M) 5.314ms
[2026-06-17T10:01:17.759+0800][15.386s][info][gc,cpu         ] GC(587) User=0.00s Sys=0.00s Real=0.00s
[2026-06-17T10:01:17.780+0800][15.408s][info][gc,start       ] GC(588) Pause Young (Allocation Failure)
[2026-06-17T10:01:17.782+0800][15.409s][info][gc,heap        ] GC(588) PSYoungGen: 13708K(13824K)->4537K(14336K) Eden: 7146K(7168K)->0K(7168K) From: 6562K(6656K)->4537K(7168K)
[2026-06-17T10:01:17.782+0800][15.410s][info][gc,heap        ] GC(588) ParOldGen: 32088K(44032K)->34353K(44032K)
[2026-06-17T10:01:17.783+0800][15.410s][info][gc,metaspace   ] GC(588) Metaspace: 112K(320K)->112K(320K) NonClass: 105K(192K)->105K(192K) Class: 7K(128K)->7K(128K)
[2026-06-17T10:01:17.783+0800][15.411s][info][gc             ] GC(588) Pause Young (Allocation Failure) 44M->37M(57M) 2.865ms
[2026-06-17T10:01:17.784+0800][15.411s][info][gc,cpu         ] GC(588) User=0.00s Sys=0.00s Real=0.01s
[2026-06-17T10:01:17.805+0800][15.433s][info][gc,start       ] GC(589) Pause Young (Allocation Failure)
[2026-06-17T10:01:17.809+0800][15.437s][info][gc,heap        ] GC(589) PSYoungGen: 11700K(14336K)->2828K(14336K) Eden: 7162K(7168K)->0K(7168K) From: 4537K(7168K)->2828K(7168K)
[2026-06-17T10:01:17.813+0800][15.441s][info][gc,heap        ] GC(589) ParOldGen: 34353K(44032K)->36288K(44032K)
[2026-06-17T10:01:17.819+0800][15.446s][info][gc,metaspace   ] GC(589) Metaspace: 112K(320K)->112K(320K) NonClass: 105K(192K)->105K(192K) Class: 7K(128K)->7K(128K)
[2026-06-17T10:01:17.819+0800][15.447s][info][gc             ] GC(589) Pause Young (Allocation Failure) 44M->38M(57M) 13.938ms
[2026-06-17T10:01:17.821+0800][15.449s][info][gc,cpu         ] GC(589) User=0.00s Sys=0.00s Real=0.01s
[2026-06-17T10:01:17.836+0800][15.464s][info][gc,start       ] GC(590) Pause Young (Allocation Failure)
[2026-06-17T10:01:17.838+0800][15.466s][info][gc,heap        ] GC(590) PSYoungGen: 9791K(14336K)->2857K(14336K) Eden: 6962K(7168K)->0K(7168K) From: 2828K(7168K)->2857K(7168K)
[2026-06-17T10:01:17.839+0800][15.467s][info][gc,heap        ] GC(590) ParOldGen: 36288K(44032K)->36288K(44032K)
[2026-06-17T10:01:17.839+0800][15.467s][info][gc,metaspace   ] GC(590) Metaspace: 112K(320K)->112K(320K) NonClass: 105K(192K)->105K(192K) Class: 7K(128K)->7K(128K)
[2026-06-17T10:01:17.841+0800][15.469s][info][gc             ] GC(590) Pause Young (Allocation Failure) 44M->38M(57M) 5.018ms
[2026-06-17T10:01:17.844+0800][15.472s][info][gc,cpu         ] GC(590) User=0.00s Sys=0.00s Real=0.01s
[2026-06-17T10:01:17.866+0800][15.494s][info][gc,start       ] GC(591) Pause Young (Allocation Failure)
[2026-06-17T10:01:17.868+0800][15.495s][info][gc,heap        ] GC(591) PSYoungGen: 10003K(14336K)->6462K(14336K) Eden: 7146K(7168K)->0K(7168K) From: 2857K(7168K)->6462K(7168K)
[2026-06-17T10:01:17.869+0800][15.497s][info][gc,heap        ] GC(591) ParOldGen: 36288K(44032K)->36288K(44032K)
[2026-06-17T10:01:17.871+0800][15.499s][info][gc,metaspace   ] GC(591) Metaspace: 112K(320K)->112K(320K) NonClass: 105K(192K)->105K(192K) Class: 7K(128K)->7K(128K)
[2026-06-17T10:01:17.873+0800][15.501s][info][gc             ] GC(591) Pause Young (Allocation Failure) 45M->41M(57M) 6.636ms
[2026-06-17T10:01:17.875+0800][15.502s][info][gc,cpu         ] GC(591) User=0.00s Sys=0.00s Real=0.01s
[2026-06-17T10:01:17.898+0800][15.525s][info][gc,start       ] GC(592) Pause Young (Allocation Failure)
[2026-06-17T10:01:17.899+0800][15.527s][info][gc,heap        ] GC(592) PSYoungGen: 13628K(14336K)->4620K(14336K) Eden: 7166K(7168K)->0K(7168K) From: 6462K(7168K)->4620K(7168K)
[2026-06-17T10:01:17.900+0800][15.527s][info][gc,heap        ] GC(592) ParOldGen: 36288K(44032K)->38538K(44032K)
[2026-06-17T10:01:17.900+0800][15.528s][info][gc,metaspace   ] GC(592) Metaspace: 112K(320K)->112K(320K) NonClass: 105K(192K)->105K(192K) Class: 7K(128K)->7K(128K)
[2026-06-17T10:01:17.901+0800][15.528s][info][gc             ] GC(592) Pause Young (Allocation Failure) 48M->42M(57M) 3.053ms
[2026-06-17T10:01:17.901+0800][15.529s][info][gc,cpu         ] GC(592) User=0.00s Sys=0.00s Real=0.00s
[2026-06-17T10:01:17.922+0800][15.550s][info][gc,start       ] GC(593) Pause Young (Allocation Failure)
[2026-06-17T10:01:17.924+0800][15.551s][info][gc,heap        ] GC(593) PSYoungGen: 11788K(14336K)->2815K(14336K) Eden: 7168K(7168K)->0K(7168K) From: 4620K(7168K)->2815K(7168K)
[2026-06-17T10:01:17.926+0800][15.554s][info][gc,heap        ] GC(593) ParOldGen: 38538K(44032K)->40331K(44032K)
[2026-06-17T10:01:17.927+0800][15.554s][info][gc,metaspace   ] GC(593) Metaspace: 112K(320K)->112K(320K) NonClass: 105K(192K)->105K(192K) Class: 7K(128K)->7K(128K)
[2026-06-17T10:01:17.929+0800][15.557s][info][gc             ] GC(593) Pause Young (Allocation Failure) 49M->42M(57M) 7.050ms
[2026-06-17T10:01:17.930+0800][15.557s][info][gc,cpu         ] GC(593) User=0.00s Sys=0.00s Real=0.01s
[2026-06-17T10:01:17.941+0800][15.568s][info][gc,start       ] GC(594) Pause Young (Allocation Failure)
[2026-06-17T10:01:17.941+0800][15.569s][info][gc,heap        ] GC(594) PSYoungGen: 9969K(14336K)->5010K(14336K) Eden: 7154K(7168K)->0K(7168K) From: 2815K(7168K)->5010K(7168K)
[2026-06-17T10:01:17.941+0800][15.569s][info][gc,heap        ] GC(594) ParOldGen: 40331K(44032K)->42051K(44032K)
[2026-06-17T10:01:17.942+0800][15.569s][info][gc,metaspace   ] GC(594) Metaspace: 112K(320K)->112K(320K) NonClass: 105K(192K)->105K(192K) Class: 7K(128K)->7K(128K)
[2026-06-17T10:01:17.942+0800][15.570s][info][gc             ] GC(594) Pause Young (Allocation Failure) 49M->45M(57M) 1.299ms
[2026-06-17T10:01:17.942+0800][15.570s][info][gc,cpu         ] GC(594) User=0.00s Sys=0.00s Real=0.00s
[2026-06-17T10:01:17.963+0800][15.591s][info][gc,start       ] GC(595) Pause Full (Ergonomics)
[2026-06-17T10:01:17.966+0800][15.594s][info][gc,phases,start] GC(595) Marking Phase
[2026-06-17T10:01:17.968+0800][15.596s][info][gc,phases      ] GC(595) Marking Phase 1.786ms
[2026-06-17T10:01:17.968+0800][15.596s][info][gc,phases,start] GC(595) Summary Phase
[2026-06-17T10:01:17.968+0800][15.596s][info][gc,phases      ] GC(595) Summary Phase 0.187ms
[2026-06-17T10:01:17.969+0800][15.596s][info][gc,phases,start] GC(595) Adjust Roots
[2026-06-17T10:01:17.969+0800][15.597s][info][gc,phases      ] GC(595) Adjust Roots 0.278ms
[2026-06-17T10:01:17.970+0800][15.597s][info][gc,phases,start] GC(595) Compaction Phase
[2026-06-17T10:01:17.971+0800][15.599s][info][gc,phases      ] GC(595) Compaction Phase 1.466ms
[2026-06-17T10:01:17.971+0800][15.599s][info][gc,phases,start] GC(595) Post Compact
[2026-06-17T10:01:17.972+0800][15.599s][info][gc,phases      ] GC(595) Post Compact 0.356ms
[2026-06-17T10:01:17.972+0800][15.600s][info][gc,heap        ] GC(595) PSYoungGen: 12178K(14336K)->0K(14336K) Eden: 7168K(7168K)->0K(7168K) From: 5010K(7168K)->0K(7168K)
[2026-06-17T10:01:17.972+0800][15.600s][info][gc,heap        ] GC(595) ParOldGen: 42051K(44032K)->25391K(44032K)
[2026-06-17T10:01:17.972+0800][15.600s][info][gc,metaspace   ] GC(595) Metaspace: 112K(320K)->112K(320K) NonClass: 105K(192K)->105K(192K) Class: 7K(128K)->7K(128K)
[2026-06-17T10:01:17.972+0800][15.600s][info][gc             ] GC(595) Pause Full (Ergonomics) 52M->24M(57M) 9.311ms
[2026-06-17T10:01:17.972+0800][15.600s][info][gc,cpu         ] GC(595) User=0.01s Sys=0.00s Real=0.01s
[2026-06-17T10:01:17.993+0800][15.621s][info][gc,start       ] GC(596) Pause Young (Allocation Failure)
[2026-06-17T10:01:17.994+0800][15.622s][info][gc,heap        ] GC(596) PSYoungGen: 7127K(14336K)->3624K(14336K) Eden: 7127K(7168K)->0K(7168K) From: 0K(7168K)->3624K(7168K)
[2026-06-17T10:01:17.995+0800][15.622s][info][gc,heap        ] GC(596) ParOldGen: 25391K(44032K)->25391K(44032K)
[2026-06-17T10:01:17.995+0800][15.623s][info][gc,metaspace   ] GC(596) Metaspace: 112K(320K)->112K(320K) NonClass: 105K(192K)->105K(192K) Class: 7K(128K)->7K(128K)
[2026-06-17T10:01:17.995+0800][15.623s][info][gc             ] GC(596) Pause Young (Allocation Failure) 31M->28M(57M) 1.919ms
[2026-06-17T10:01:17.995+0800][15.623s][info][gc,cpu         ] GC(596) User=0.00s Sys=0.00s Real=0.00s
[2026-06-17T10:01:18.017+0800][15.644s][info][gc,start       ] GC(597) Pause Young (Allocation Failure)
[2026-06-17T10:01:18.018+0800][15.645s][info][gc,heap        ] GC(597) PSYoungGen: 10792K(14336K)->4317K(14336K) Eden: 7168K(7168K)->0K(7168K) From: 3624K(7168K)->4317K(7168K)
[2026-06-17T10:01:18.018+0800][15.646s][info][gc,heap        ] GC(597) ParOldGen: 25391K(44032K)->25391K(44032K)
[2026-06-17T10:01:18.018+0800][15.646s][info][gc,metaspace   ] GC(597) Metaspace: 112K(320K)->112K(320K) NonClass: 105K(192K)->105K(192K) Class: 7K(128K)->7K(128K)
[2026-06-17T10:01:18.018+0800][15.646s][info][gc             ] GC(597) Pause Young (Allocation Failure) 35M->29M(57M) 1.704ms
[2026-06-17T10:01:18.019+0800][15.646s][info][gc,cpu         ] GC(597) User=0.00s Sys=0.00s Real=0.00s
[2026-06-17T10:01:18.029+0800][15.657s][info][gc,start       ] GC(598) Pause Young (Allocation Failure)
[2026-06-17T10:01:18.030+0800][15.658s][info][gc,heap        ] GC(598) PSYoungGen: 10812K(14336K)->4168K(14336K) Eden: 6494K(7168K)->0K(7168K) From: 4317K(7168K)->4168K(7168K)
[2026-06-17T10:01:18.030+0800][15.658s][info][gc,heap        ] GC(598) ParOldGen: 25391K(44032K)->25391K(44032K)
[2026-06-17T10:01:18.031+0800][15.658s][info][gc,metaspace   ] GC(598) Metaspace: 112K(320K)->112K(320K) NonClass: 105K(192K)->105K(192K) Class: 7K(128K)->7K(128K)
[2026-06-17T10:01:18.031+0800][15.659s][info][gc             ] GC(598) Pause Young (Allocation Failure) 35M->28M(57M) 1.516ms
[2026-06-17T10:01:18.031+0800][15.659s][info][gc,cpu         ] GC(598) User=0.01s Sys=0.00s Real=0.01s
[2026-06-17T10:01:18.052+0800][15.680s][info][gc,start       ] GC(599) Pause Young (Allocation Failure)
[2026-06-17T10:01:18.053+0800][15.681s][info][gc,heap        ] GC(599) PSYoungGen: 11328K(14336K)->5336K(14336K) Eden: 7160K(7168K)->0K(7168K) From: 4168K(7168K)->5336K(7168K)
[2026-06-17T10:01:18.054+0800][15.681s][info][gc,heap        ] GC(599) ParOldGen: 25391K(44032K)->27838K(44032K)
[2026-06-17T10:01:18.054+0800][15.682s][info][gc,metaspace   ] GC(599) Metaspace: 112K(320K)->112K(320K) NonClass: 105K(192K)->105K(192K) Class: 7K(128K)->7K(128K)
[2026-06-17T10:01:18.054+0800][15.682s][info][gc             ] GC(599) Pause Young (Allocation Failure) 35M->32M(57M) 2.215ms
[2026-06-17T10:01:18.055+0800][15.682s][info][gc,cpu         ] GC(599) User=0.00s Sys=0.00s Real=0.00s
[2026-06-17T10:01:18.076+0800][15.703s][info][gc,start       ] GC(600) Pause Young (Allocation Failure)
[2026-06-17T10:01:18.077+0800][15.705s][info][gc,heap        ] GC(600) PSYoungGen: 12504K(14336K)->3967K(14336K) Eden: 7168K(7168K)->0K(7168K) From: 5336K(7168K)->3967K(7168K)
[2026-06-17T10:01:18.077+0800][15.705s][info][gc,heap        ] GC(600) ParOldGen: 27838K(44032K)->29531K(44032K)
[2026-06-17T10:01:18.078+0800][15.705s][info][gc,metaspace   ] GC(600) Metaspace: 112K(320K)->112K(320K) NonClass: 105K(192K)->105K(192K) Class: 7K(128K)->7K(128K)
[2026-06-17T10:01:18.078+0800][15.706s][info][gc             ] GC(600) Pause Young (Allocation Failure) 39M->32M(57M) 2.321ms
[2026-06-17T10:01:18.078+0800][15.706s][info][gc,cpu         ] GC(600) User=0.00s Sys=0.00s Real=0.00s
[2026-06-17T10:01:18.089+0800][15.717s][info][gc,start       ] GC(601) Pause Young (Allocation Failure)
[2026-06-17T10:01:18.091+0800][15.719s][info][gc,heap        ] GC(601) PSYoungGen: 11120K(14336K)->4589K(14848K) Eden: 7153K(7168K)->0K(8192K) From: 3967K(7168K)->4589K(6656K)
[2026-06-17T10:01:18.091+0800][15.719s][info][gc,heap        ] GC(601) ParOldGen: 29531K(44032K)->32791K(44032K)
[2026-06-17T10:01:18.091+0800][15.719s][info][gc,metaspace   ] GC(601) Metaspace: 112K(320K)->112K(320K) NonClass: 105K(192K)->105K(192K) Class: 7K(128K)->7K(128K)
[2026-06-17T10:01:18.092+0800][15.719s][info][gc             ] GC(601) Pause Young (Allocation Failure) 39M->36M(57M) 2.350ms
[2026-06-17T10:01:18.092+0800][15.720s][info][gc,cpu         ] GC(601) User=0.00s Sys=0.00s Real=0.01s
[2026-06-17T10:01:18.113+0800][15.741s][info][gc,start       ] GC(602) Pause Young (Allocation Failure)
[2026-06-17T10:01:18.115+0800][15.742s][info][gc,heap        ] GC(602) PSYoungGen: 12708K(14848K)->539K(9216K) Eden: 8118K(8192K)->0K(8192K) From: 4589K(6656K)->539K(1024K)
[2026-06-17T10:01:18.115+0800][15.743s][info][gc,heap        ] GC(602) ParOldGen: 32791K(44032K)->34925K(44032K)
[2026-06-17T10:01:18.115+0800][15.743s][info][gc,metaspace   ] GC(602) Metaspace: 112K(320K)->112K(320K) NonClass: 105K(192K)->105K(192K) Class: 7K(128K)->7K(128K)
[2026-06-17T10:01:18.115+0800][15.743s][info][gc             ] GC(602) Pause Young (Allocation Failure) 44M->34M(52M) 2.068ms
[2026-06-17T10:01:18.116+0800][15.743s][info][gc,cpu         ] GC(602) User=0.00s Sys=0.00s Real=0.00s
[2026-06-17T10:01:18.137+0800][15.765s][info][gc,start       ] GC(603) Pause Young (Allocation Failure)
[2026-06-17T10:01:18.139+0800][15.767s][info][gc,heap        ] GC(603) PSYoungGen: 8724K(9216K)->4522K(14336K) Eden: 8185K(8192K)->0K(7168K) From: 539K(1024K)->4522K(7168K)
[2026-06-17T10:01:18.140+0800][15.767s][info][gc,heap        ] GC(603) ParOldGen: 34925K(44032K)->35440K(44032K)
[2026-06-17T10:01:18.140+0800][15.768s][info][gc,metaspace   ] GC(603) Metaspace: 112K(320K)->112K(320K) NonClass: 105K(192K)->105K(192K) Class: 7K(128K)->7K(128K)
[2026-06-17T10:01:18.140+0800][15.768s][info][gc             ] GC(603) Pause Young (Allocation Failure) 42M->39M(57M) 3.019ms
[2026-06-17T10:01:18.141+0800][15.768s][info][gc,cpu         ] GC(603) User=0.01s Sys=0.00s Real=0.00s
[2026-06-17T10:01:18.162+0800][15.790s][info][gc,start       ] GC(604) Pause Young (Allocation Failure)
[2026-06-17T10:01:18.163+0800][15.791s][info][gc,heap        ] GC(604) PSYoungGen: 11653K(14336K)->2958K(14336K) Eden: 7131K(7168K)->0K(7168K) From: 4522K(7168K)->2958K(7168K)
[2026-06-17T10:01:18.164+0800][15.792s][info][gc,heap        ] GC(604) ParOldGen: 35440K(44032K)->37116K(44032K)
[2026-06-17T10:01:18.164+0800][15.792s][info][gc,metaspace   ] GC(604) Metaspace: 112K(320K)->112K(320K) NonClass: 105K(192K)->105K(192K) Class: 7K(128K)->7K(128K)
[2026-06-17T10:01:18.165+0800][15.793s][info][gc             ] GC(604) Pause Young (Allocation Failure) 45M->39M(57M) 3.039ms
[2026-06-17T10:01:18.165+0800][15.793s][info][gc,cpu         ] GC(604) User=0.00s Sys=0.00s Real=0.01s
[2026-06-17T10:01:18.187+0800][15.815s][info][gc,start       ] GC(605) Pause Young (Allocation Failure)
[2026-06-17T10:01:18.188+0800][15.816s][info][gc,heap        ] GC(605) PSYoungGen: 10125K(14336K)->801K(14336K) Eden: 7167K(7168K)->0K(7168K) From: 2958K(7168K)->801K(7168K)
[2026-06-17T10:01:18.189+0800][15.816s][info][gc,heap        ] GC(605) ParOldGen: 37116K(44032K)->39407K(44032K)
[2026-06-17T10:01:18.189+0800][15.817s][info][gc,metaspace   ] GC(605) Metaspace: 112K(320K)->112K(320K) NonClass: 105K(192K)->105K(192K) Class: 7K(128K)->7K(128K)
[2026-06-17T10:01:18.190+0800][15.817s][info][gc             ] GC(605) Pause Young (Allocation Failure) 46M->39M(57M) 2.506ms
[2026-06-17T10:01:18.190+0800][15.818s][info][gc,cpu         ] GC(605) User=0.00s Sys=0.00s Real=0.00s
[2026-06-17T10:01:18.201+0800][15.829s][info][gc,start       ] GC(606) Pause Young (Allocation Failure)
[2026-06-17T10:01:18.203+0800][15.831s][info][gc,heap        ] GC(606) PSYoungGen: 7939K(14336K)->4621K(14336K) Eden: 7138K(7168K)->0K(7168K) From: 801K(7168K)->4621K(7168K)
[2026-06-17T10:01:18.203+0800][15.831s][info][gc,heap        ] GC(606) ParOldGen: 39407K(44032K)->39407K(44032K)
[2026-06-17T10:01:18.204+0800][15.832s][info][gc,metaspace   ] GC(606) Metaspace: 112K(320K)->112K(320K) NonClass: 105K(192K)->105K(192K) Class: 7K(128K)->7K(128K)
[2026-06-17T10:01:18.204+0800][15.832s][info][gc             ] GC(606) Pause Young (Allocation Failure) 46M->42M(57M) 2.725ms
[2026-06-17T10:01:18.204+0800][15.832s][info][gc,cpu         ] GC(606) User=0.00s Sys=0.00s Real=0.01s
[2026-06-17T10:01:18.226+0800][15.854s][info][gc,start       ] GC(607) Pause Young (Allocation Failure)
[2026-06-17T10:01:18.227+0800][15.855s][info][gc,heap        ] GC(607) PSYoungGen: 11782K(14336K)->2619K(14336K) Eden: 7160K(7168K)->0K(7168K) From: 4621K(7168K)->2619K(7168K)
[2026-06-17T10:01:18.227+0800][15.855s][info][gc,heap        ] GC(607) ParOldGen: 39407K(44032K)->41493K(44032K)
[2026-06-17T10:01:18.228+0800][15.855s][info][gc,metaspace   ] GC(607) Metaspace: 112K(320K)->112K(320K) NonClass: 105K(192K)->105K(192K) Class: 7K(128K)->7K(128K)
[2026-06-17T10:01:18.228+0800][15.856s][info][gc             ] GC(607) Pause Young (Allocation Failure) 49M->43M(57M) 2.164ms
[2026-06-17T10:01:18.229+0800][15.856s][info][gc,cpu         ] GC(607) User=0.00s Sys=0.00s Real=0.00s
[2026-06-17T10:01:18.240+0800][15.868s][info][gc,start       ] GC(608) Pause Full (Ergonomics)
[2026-06-17T10:01:18.241+0800][15.868s][info][gc,phases,start] GC(608) Marking Phase
[2026-06-17T10:01:18.243+0800][15.870s][info][gc,phases      ] GC(608) Marking Phase 2.015ms
[2026-06-17T10:01:18.243+0800][15.871s][info][gc,phases,start] GC(608) Summary Phase
[2026-06-17T10:01:18.243+0800][15.871s][info][gc,phases      ] GC(608) Summary Phase 0.316ms
[2026-06-17T10:01:18.244+0800][15.871s][info][gc,phases,start] GC(608) Adjust Roots
[2026-06-17T10:01:18.244+0800][15.872s][info][gc,phases      ] GC(608) Adjust Roots 0.703ms
[2026-06-17T10:01:18.245+0800][15.873s][info][gc,phases,start] GC(608) Compaction Phase
[2026-06-17T10:01:18.247+0800][15.875s][info][gc,phases      ] GC(608) Compaction Phase 2.202ms
[2026-06-17T10:01:18.247+0800][15.875s][info][gc,phases,start] GC(608) Post Compact
[2026-06-17T10:01:18.248+0800][15.876s][info][gc,phases      ] GC(608) Post Compact 0.420ms
[2026-06-17T10:01:18.248+0800][15.876s][info][gc,heap        ] GC(608) PSYoungGen: 9217K(14336K)->0K(14336K) Eden: 6597K(7168K)->0K(7168K) From: 2619K(7168K)->0K(7168K)
[2026-06-17T10:01:18.248+0800][15.876s][info][gc,heap        ] GC(608) ParOldGen: 41493K(44032K)->31839K(44032K)
[2026-06-17T10:01:18.249+0800][15.876s][info][gc,metaspace   ] GC(608) Metaspace: 112K(320K)->112K(320K) NonClass: 105K(192K)->105K(192K) Class: 7K(128K)->7K(128K)
[2026-06-17T10:01:18.249+0800][15.876s][info][gc             ] GC(608) Pause Full (Ergonomics) 49M->31M(57M) 8.602ms
[2026-06-17T10:01:18.249+0800][15.877s][info][gc,cpu         ] GC(608) User=0.01s Sys=0.00s Real=0.01s
[2026-06-17T10:01:18.270+0800][15.898s][info][gc,start       ] GC(609) Pause Young (Allocation Failure)
[2026-06-17T10:01:18.272+0800][15.900s][info][gc,heap        ] GC(609) PSYoungGen: 7163K(14336K)->3549K(14848K) Eden: 7163K(7168K)->0K(7680K) From: 0K(7168K)->3549K(7168K)
[2026-06-17T10:01:18.273+0800][15.901s][info][gc,heap        ] GC(609) ParOldGen: 31839K(44032K)->31839K(44032K)
[2026-06-17T10:01:18.274+0800][15.901s][info][gc,metaspace   ] GC(609) Metaspace: 112K(320K)->112K(320K) NonClass: 105K(192K)->105K(192K) Class: 7K(128K)->7K(128K)
[2026-06-17T10:01:18.275+0800][15.902s][info][gc             ] GC(609) Pause Young (Allocation Failure) 38M->34M(57M) 4.380ms
[2026-06-17T10:01:18.275+0800][15.903s][info][gc,cpu         ] GC(609) User=0.00s Sys=0.00s Real=0.01s
[2026-06-17T10:01:18.297+0800][15.925s][info][gc,start       ] GC(610) Pause Young (Allocation Failure)
[2026-06-17T10:01:18.299+0800][15.927s][info][gc,heap        ] GC(610) PSYoungGen: 11225K(14848K)->2801K(14336K) Eden: 7675K(7680K)->0K(7680K) From: 3549K(7168K)->2801K(6656K)
[2026-06-17T10:01:18.299+0800][15.927s][info][gc,heap        ] GC(610) ParOldGen: 31839K(44032K)->32962K(44032K)
[2026-06-17T10:01:18.300+0800][15.927s][info][gc,metaspace   ] GC(610) Metaspace: 112K(320K)->112K(320K) NonClass: 105K(192K)->105K(192K) Class: 7K(128K)->7K(128K)
[2026-06-17T10:01:18.300+0800][15.928s][info][gc             ] GC(610) Pause Young (Allocation Failure) 42M->34M(57M) 2.571ms
[2026-06-17T10:01:18.300+0800][15.928s][info][gc,cpu         ] GC(610) User=0.00s Sys=0.00s Real=0.00s
[2026-06-17T10:01:18.312+0800][15.939s][info][gc,start       ] GC(611) Pause Young (Allocation Failure)
[2026-06-17T10:01:18.313+0800][15.941s][info][gc,heap        ] GC(611) PSYoungGen: 10421K(14336K)->1642K(14848K) Eden: 7619K(7680K)->0K(8192K) From: 2801K(6656K)->1642K(6656K)
[2026-06-17T10:01:18.313+0800][15.941s][info][gc,heap        ] GC(611) ParOldGen: 32962K(44032K)->34812K(44032K)
[2026-06-17T10:01:18.314+0800][15.941s][info][gc,metaspace   ] GC(611) Metaspace: 112K(320K)->112K(320K) NonClass: 105K(192K)->105K(192K) Class: 7K(128K)->7K(128K)
[2026-06-17T10:01:18.314+0800][15.942s][info][gc             ] GC(611) Pause Young (Allocation Failure) 42M->35M(57M) 2.548ms
[2026-06-17T10:01:18.315+0800][15.942s][info][gc,cpu         ] GC(611) User=0.00s Sys=0.00s Real=0.00s
[2026-06-17T10:01:18.346+0800][15.974s][info][gc,start       ] GC(612) Pause Young (Allocation Failure)
[2026-06-17T10:01:18.347+0800][15.975s][info][gc,heap        ] GC(612) PSYoungGen: 9822K(14848K)->797K(14848K) Eden: 8180K(8192K)->0K(8192K) From: 1642K(6656K)->797K(6656K)
[2026-06-17T10:01:18.348+0800][15.975s][info][gc,heap        ] GC(612) ParOldGen: 34812K(44032K)->36430K(44032K)
[2026-06-17T10:01:18.348+0800][15.975s][info][gc,metaspace   ] GC(612) Metaspace: 112K(320K)->112K(320K) NonClass: 105K(192K)->105K(192K) Class: 7K(128K)->7K(128K)
[2026-06-17T10:01:18.348+0800][15.976s][info][gc             ] GC(612) Pause Young (Allocation Failure) 43M->36M(57M) 1.552ms
[2026-06-17T10:01:18.348+0800][15.976s][info][gc,cpu         ] GC(612) User=0.01s Sys=0.00s Real=0.00s
[2026-06-17T10:01:18.370+0800][15.997s][info][gc,start       ] GC(613) Pause Young (Allocation Failure)
[2026-06-17T10:01:18.371+0800][15.999s][info][gc,heap        ] GC(613) PSYoungGen: 8942K(14848K)->2399K(14848K) Eden: 8145K(8192K)->0K(8192K) From: 797K(6656K)->2399K(6656K)
[2026-06-17T10:01:18.372+0800][15.999s][info][gc,heap        ] GC(613) ParOldGen: 36430K(44032K)->36545K(44032K)
[2026-06-17T10:01:18.372+0800][16.000s][info][gc,metaspace   ] GC(613) Metaspace: 112K(320K)->112K(320K) NonClass: 105K(192K)->105K(192K) Class: 7K(128K)->7K(128K)
[2026-06-17T10:01:18.373+0800][16.000s][info][gc             ] GC(613) Pause Young (Allocation Failure) 44M->38M(57M) 3.131ms
[2026-06-17T10:01:18.374+0800][16.001s][info][gc,cpu         ] GC(613) User=0.00s Sys=0.01s Real=0.01s
[2026-06-17T10:01:18.396+0800][16.024s][info][gc,start       ] GC(614) Pause Young (Allocation Failure)
[2026-06-17T10:01:18.398+0800][16.026s][info][gc,heap        ] GC(614) PSYoungGen: 10589K(14848K)->2348K(14848K) Eden: 8189K(8192K)->0K(8192K) From: 2399K(6656K)->2348K(6656K)
[2026-06-17T10:01:18.399+0800][16.027s][info][gc,heap        ] GC(614) ParOldGen: 36545K(44032K)->38549K(44032K)
[2026-06-17T10:01:18.399+0800][16.027s][info][gc,metaspace   ] GC(614) Metaspace: 112K(320K)->112K(320K) NonClass: 105K(192K)->105K(192K) Class: 7K(128K)->7K(128K)
[2026-06-17T10:01:18.400+0800][16.028s][info][gc             ] GC(614) Pause Young (Allocation Failure) 46M->39M(57M) 3.434ms
[2026-06-17T10:01:18.401+0800][16.028s][info][gc,cpu         ] GC(614) User=0.00s Sys=0.00s Real=0.00s
[2026-06-17T10:01:18.423+0800][16.051s][info][gc,start       ] GC(615) Pause Young (Allocation Failure)
[2026-06-17T10:01:18.425+0800][16.052s][info][gc,heap        ] GC(615) PSYoungGen: 10522K(14848K)->1400K(15360K) Eden: 8174K(8192K)->0K(9216K) From: 2348K(6656K)->1400K(6144K)
[2026-06-17T10:01:18.425+0800][16.053s][info][gc,heap        ] GC(615) ParOldGen: 38549K(44032K)->40518K(44032K)
[2026-06-17T10:01:18.426+0800][16.054s][info][gc,metaspace   ] GC(615) Metaspace: 112K(320K)->112K(320K) NonClass: 105K(192K)->105K(192K) Class: 7K(128K)->7K(128K)
[2026-06-17T10:01:18.427+0800][16.054s][info][gc             ] GC(615) Pause Young (Allocation Failure) 47M->40M(58M) 3.629ms
[2026-06-17T10:01:18.427+0800][16.055s][info][gc,cpu         ] GC(615) User=0.00s Sys=0.00s Real=0.00s
[2026-06-17T10:01:18.449+0800][16.077s][info][gc,start       ] GC(616) Pause Full (Ergonomics)
[2026-06-17T10:01:18.450+0800][16.078s][info][gc,phases,start] GC(616) Marking Phase
[2026-06-17T10:01:18.454+0800][16.082s][info][gc,phases      ] GC(616) Marking Phase 3.637ms
[2026-06-17T10:01:18.458+0800][16.085s][info][gc,phases,start] GC(616) Summary Phase
[2026-06-17T10:01:18.461+0800][16.089s][info][gc,phases      ] GC(616) Summary Phase 3.462ms
[2026-06-17T10:01:18.464+0800][16.091s][info][gc,phases,start] GC(616) Adjust Roots
[2026-06-17T10:01:18.470+0800][16.097s][info][gc,phases      ] GC(616) Adjust Roots 6.016ms
[2026-06-17T10:01:18.471+0800][16.099s][info][gc,phases,start] GC(616) Compaction Phase
[2026-06-17T10:01:18.473+0800][16.101s][info][gc,phases      ] GC(616) Compaction Phase 1.976ms
[2026-06-17T10:01:18.473+0800][16.101s][info][gc,phases,start] GC(616) Post Compact
[2026-06-17T10:01:18.473+0800][16.101s][info][gc,phases      ] GC(616) Post Compact 0.219ms
[2026-06-17T10:01:18.474+0800][16.101s][info][gc,heap        ] GC(616) PSYoungGen: 10616K(15360K)->0K(15360K) Eden: 9216K(9216K)->0K(9216K) From: 1400K(6144K)->0K(6144K)
[2026-06-17T10:01:18.474+0800][16.101s][info][gc,heap        ] GC(616) ParOldGen: 40518K(44032K)->27993K(44032K)
[2026-06-17T10:01:18.474+0800][16.101s][info][gc,metaspace   ] GC(616) Metaspace: 112K(320K)->112K(320K) NonClass: 105K(192K)->105K(192K) Class: 7K(128K)->7K(128K)
[2026-06-17T10:01:18.474+0800][16.102s][info][gc             ] GC(616) Pause Full (Ergonomics) 49M->27M(58M) 24.700ms
[2026-06-17T10:01:18.474+0800][16.102s][info][gc,cpu         ] GC(616) User=0.01s Sys=0.00s Real=0.03s
[2026-06-17T10:01:18.496+0800][16.123s][info][gc,start       ] GC(617) Pause Young (Allocation Failure)
[2026-06-17T10:01:18.497+0800][16.124s][info][gc,heap        ] GC(617) PSYoungGen: 9161K(15360K)->5919K(13312K) Eden: 9161K(9216K)->0K(7168K) From: 0K(6144K)->5919K(6144K)
[2026-06-17T10:01:18.497+0800][16.125s][info][gc,heap        ] GC(617) ParOldGen: 27993K(44032K)->27993K(44032K)
[2026-06-17T10:01:18.497+0800][16.125s][info][gc,metaspace   ] GC(617) Metaspace: 112K(320K)->112K(320K) NonClass: 105K(192K)->105K(192K) Class: 7K(128K)->7K(128K)
[2026-06-17T10:01:18.497+0800][16.125s][info][gc             ] GC(617) Pause Young (Allocation Failure) 36M->33M(56M) 1.880ms
[2026-06-17T10:01:18.498+0800][16.125s][info][gc,cpu         ] GC(617) User=0.00s Sys=0.00s Real=0.00s
[2026-06-17T10:01:18.519+0800][16.146s][info][gc,start       ] GC(618) Pause Young (Allocation Failure)
[2026-06-17T10:01:18.520+0800][16.147s][info][gc,heap        ] GC(618) PSYoungGen: 13081K(13312K)->6322K(14336K) Eden: 7162K(7168K)->0K(7168K) From: 5919K(6144K)->6322K(7168K)
[2026-06-17T10:01:18.520+0800][16.148s][info][gc,heap        ] GC(618) ParOldGen: 27993K(44032K)->27993K(44032K)
[2026-06-17T10:01:18.520+0800][16.148s][info][gc,metaspace   ] GC(618) Metaspace: 112K(320K)->112K(320K) NonClass: 105K(192K)->105K(192K) Class: 7K(128K)->7K(128K)
[2026-06-17T10:01:18.520+0800][16.148s][info][gc             ] GC(618) Pause Young (Allocation Failure) 40M->33M(57M) 1.866ms
[2026-06-17T10:01:18.521+0800][16.148s][info][gc,cpu         ] GC(618) User=0.00s Sys=0.00s Real=0.00s
[2026-06-17T10:01:18.532+0800][16.159s][info][gc,start       ] GC(619) Pause Young (Allocation Failure)
[2026-06-17T10:01:18.533+0800][16.161s][info][gc,heap        ] GC(619) PSYoungGen: 13490K(14336K)->5399K(14336K) Eden: 7168K(7168K)->0K(7168K) From: 6322K(7168K)->5399K(7168K)
[2026-06-17T10:01:18.533+0800][16.161s][info][gc,heap        ] GC(619) ParOldGen: 27993K(44032K)->32782K(44032K)
[2026-06-17T10:01:18.534+0800][16.161s][info][gc,metaspace   ] GC(619) Metaspace: 112K(320K)->112K(320K) NonClass: 105K(192K)->105K(192K) Class: 7K(128K)->7K(128K)
[2026-06-17T10:01:18.534+0800][16.162s][info][gc             ] GC(619) Pause Young (Allocation Failure) 40M->37M(57M) 2.523ms
[2026-06-17T10:01:18.534+0800][16.162s][info][gc,cpu         ] GC(619) User=0.00s Sys=0.00s Real=0.00s
[2026-06-17T10:01:18.555+0800][16.183s][info][gc,start       ] GC(620) Pause Young (Allocation Failure)
[2026-06-17T10:01:18.556+0800][16.184s][info][gc,heap        ] GC(620) PSYoungGen: 12529K(14336K)->3188K(14336K) Eden: 7130K(7168K)->0K(7168K) From: 5399K(7168K)->3188K(7168K)
[2026-06-17T10:01:18.556+0800][16.184s][info][gc,heap        ] GC(620) ParOldGen: 32782K(44032K)->35101K(44032K)
[2026-06-17T10:01:18.557+0800][16.184s][info][gc,metaspace   ] GC(620) Metaspace: 112K(320K)->112K(320K) NonClass: 105K(192K)->105K(192K) Class: 7K(128K)->7K(128K)
[2026-06-17T10:01:18.557+0800][16.184s][info][gc             ] GC(620) Pause Young (Allocation Failure) 44M->37M(57M) 1.238ms
[2026-06-17T10:01:18.557+0800][16.185s][info][gc,cpu         ] GC(620) User=0.00s Sys=0.00s Real=0.00s
[2026-06-17T10:01:18.578+0800][16.206s][info][gc,start       ] GC(621) Pause Young (Allocation Failure)
[2026-06-17T10:01:18.579+0800][16.207s][info][gc,heap        ] GC(621) PSYoungGen: 10336K(14336K)->3042K(14336K) Eden: 7148K(7168K)->0K(7168K) From: 3188K(7168K)->3042K(7168K)
[2026-06-17T10:01:18.580+0800][16.207s][info][gc,heap        ] GC(621) ParOldGen: 35101K(44032K)->35101K(44032K)
[2026-06-17T10:01:18.580+0800][16.208s][info][gc,metaspace   ] GC(621) Metaspace: 112K(320K)->112K(320K) NonClass: 105K(192K)->105K(192K) Class: 7K(128K)->7K(128K)
[2026-06-17T10:01:18.580+0800][16.208s][info][gc             ] GC(621) Pause Young (Allocation Failure) 44M->37M(57M) 2.350ms
[2026-06-17T10:01:18.581+0800][16.208s][info][gc,cpu         ] GC(621) User=0.00s Sys=0.00s Real=0.00s
[2026-06-17T10:01:18.592+0800][16.220s][info][gc,start       ] GC(622) Pause Young (Allocation Failure)
[2026-06-17T10:01:18.594+0800][16.221s][info][gc,heap        ] GC(622) PSYoungGen: 9941K(14336K)->888K(14336K) Eden: 6899K(7168K)->0K(7168K) From: 3042K(7168K)->888K(7168K)
[2026-06-17T10:01:18.594+0800][16.222s][info][gc,heap        ] GC(622) ParOldGen: 35101K(44032K)->37265K(44032K)
[2026-06-17T10:01:18.594+0800][16.222s][info][gc,metaspace   ] GC(622) Metaspace: 112K(320K)->112K(320K) NonClass: 105K(192K)->105K(192K) Class: 7K(128K)->7K(128K)
[2026-06-17T10:01:18.595+0800][16.222s][info][gc             ] GC(622) Pause Young (Allocation Failure) 43M->37M(57M) 2.459ms
[2026-06-17T10:01:18.595+0800][16.223s][info][gc,cpu         ] GC(622) User=0.00s Sys=0.00s Real=0.00s
[2026-06-17T10:01:18.616+0800][16.244s][info][gc,start       ] GC(623) Pause Young (Allocation Failure)
[2026-06-17T10:01:18.618+0800][16.245s][info][gc,heap        ] GC(623) PSYoungGen: 8049K(14336K)->3770K(14336K) Eden: 7161K(7168K)->0K(7168K) From: 888K(7168K)->3770K(7168K)
[2026-06-17T10:01:18.618+0800][16.246s][info][gc,heap        ] GC(623) ParOldGen: 37265K(44032K)->38129K(44032K)
[2026-06-17T10:01:18.618+0800][16.246s][info][gc,metaspace   ] GC(623) Metaspace: 112K(320K)->112K(320K) NonClass: 105K(192K)->105K(192K) Class: 7K(128K)->7K(128K)
[2026-06-17T10:01:18.619+0800][16.246s][info][gc             ] GC(623) Pause Young (Allocation Failure) 44M->40M(57M) 2.356ms
[2026-06-17T10:01:18.619+0800][16.247s][info][gc,cpu         ] GC(623) User=0.00s Sys=0.00s Real=0.00s
[2026-06-17T10:01:18.640+0800][16.268s][info][gc,start       ] GC(624) Pause Young (Allocation Failure)
[2026-06-17T10:01:18.641+0800][16.269s][info][gc,heap        ] GC(624) PSYoungGen: 10928K(14336K)->3829K(14336K) Eden: 7158K(7168K)->0K(7168K) From: 3770K(7168K)->3829K(7168K)
[2026-06-17T10:01:18.642+0800][16.269s][info][gc,heap        ] GC(624) ParOldGen: 38129K(44032K)->38129K(44032K)
[2026-06-17T10:01:18.642+0800][16.270s][info][gc,metaspace   ] GC(624) Metaspace: 112K(320K)->112K(320K) NonClass: 105K(192K)->105K(192K) Class: 7K(128K)->7K(128K)
[2026-06-17T10:01:18.642+0800][16.270s][info][gc             ] GC(624) Pause Young (Allocation Failure) 47M->40M(57M) 1.810ms
[2026-06-17T10:01:18.642+0800][16.270s][info][gc,cpu         ] GC(624) User=0.00s Sys=0.00s Real=0.00s
[2026-06-17T10:01:18.664+0800][16.291s][info][gc,start       ] GC(625) Pause Young (Allocation Failure)
[2026-06-17T10:01:18.665+0800][16.293s][info][gc,heap        ] GC(625) PSYoungGen: 10996K(14336K)->4043K(14336K) Eden: 7166K(7168K)->0K(7168K) From: 3829K(7168K)->4043K(7168K)
[2026-06-17T10:01:18.666+0800][16.294s][info][gc,heap        ] GC(625) ParOldGen: 38129K(44032K)->38129K(44032K)
[2026-06-17T10:01:18.666+0800][16.294s][info][gc,metaspace   ] GC(625) Metaspace: 112K(320K)->112K(320K) NonClass: 105K(192K)->105K(192K) Class: 7K(128K)->7K(128K)
[2026-06-17T10:01:18.666+0800][16.294s][info][gc             ] GC(625) Pause Young (Allocation Failure) 47M->41M(57M) 2.756ms
[2026-06-17T10:01:18.667+0800][16.294s][info][gc,cpu         ] GC(625) User=0.00s Sys=0.00s Real=0.00s
[2026-06-17T10:01:18.678+0800][16.306s][info][gc,start       ] GC(626) Pause Young (Allocation Failure)
[2026-06-17T10:01:18.679+0800][16.307s][info][gc,heap        ] GC(626) PSYoungGen: 11201K(14336K)->7105K(14336K) Eden: 7157K(7168K)->0K(7168K) From: 4043K(7168K)->7105K(7168K)
[2026-06-17T10:01:18.680+0800][16.307s][info][gc,heap        ] GC(626) ParOldGen: 38129K(44032K)->38851K(44032K)
[2026-06-17T10:01:18.680+0800][16.308s][info][gc,metaspace   ] GC(626) Metaspace: 112K(320K)->112K(320K) NonClass: 105K(192K)->105K(192K) Class: 7K(128K)->7K(128K)
[2026-06-17T10:01:18.680+0800][16.308s][info][gc             ] GC(626) Pause Young (Allocation Failure) 48M->44M(57M) 2.546ms
[2026-06-17T10:01:18.681+0800][16.308s][info][gc,cpu         ] GC(626) User=0.00s Sys=0.00s Real=0.00s
[2026-06-17T10:01:18.702+0800][16.330s][info][gc,start       ] GC(627) Pause Young (Allocation Failure)
[2026-06-17T10:01:18.703+0800][16.331s][info][gc,heap        ] GC(627) PSYoungGen: 14247K(14336K)->5024K(14336K) Eden: 7141K(7168K)->0K(7168K) From: 7105K(7168K)->5024K(7168K)
[2026-06-17T10:01:18.703+0800][16.331s][info][gc,heap        ] GC(627) ParOldGen: 38851K(44032K)->40951K(44032K)
[2026-06-17T10:01:18.704+0800][16.331s][info][gc,metaspace   ] GC(627) Metaspace: 112K(320K)->112K(320K) NonClass: 105K(192K)->105K(192K) Class: 7K(128K)->7K(128K)
[2026-06-17T10:01:18.704+0800][16.332s][info][gc             ] GC(627) Pause Young (Allocation Failure) 51M->44M(57M) 1.817ms
[2026-06-17T10:01:18.704+0800][16.332s][info][gc,cpu         ] GC(627) User=0.00s Sys=0.00s Real=0.01s
[2026-06-17T10:01:18.725+0800][16.353s][info][gc,start       ] GC(628) Pause Full (Ergonomics)
[2026-06-17T10:01:18.726+0800][16.353s][info][gc,phases,start] GC(628) Marking Phase
[2026-06-17T10:01:18.727+0800][16.355s][info][gc,phases      ] GC(628) Marking Phase 1.493ms
[2026-06-17T10:01:18.727+0800][16.355s][info][gc,phases,start] GC(628) Summary Phase
[2026-06-17T10:01:18.728+0800][16.356s][info][gc,phases      ] GC(628) Summary Phase 0.344ms
[2026-06-17T10:01:18.728+0800][16.356s][info][gc,phases,start] GC(628) Adjust Roots
[2026-06-17T10:01:18.729+0800][16.357s][info][gc,phases      ] GC(628) Adjust Roots 0.606ms
[2026-06-17T10:01:18.729+0800][16.357s][info][gc,phases,start] GC(628) Compaction Phase
[2026-06-17T10:01:18.731+0800][16.358s][info][gc,phases      ] GC(628) Compaction Phase 1.543ms
[2026-06-17T10:01:18.731+0800][16.359s][info][gc,phases,start] GC(628) Post Compact
[2026-06-17T10:01:18.731+0800][16.359s][info][gc,phases      ] GC(628) Post Compact 0.412ms
[2026-06-17T10:01:18.732+0800][16.359s][info][gc,heap        ] GC(628) PSYoungGen: 12186K(14336K)->0K(14336K) Eden: 7161K(7168K)->0K(7168K) From: 5024K(7168K)->0K(7168K)
[2026-06-17T10:01:18.732+0800][16.360s][info][gc,heap        ] GC(628) ParOldGen: 40951K(44032K)->23222K(44032K)
[2026-06-17T10:01:18.732+0800][16.360s][info][gc,metaspace   ] GC(628) Metaspace: 112K(320K)->112K(320K) NonClass: 105K(192K)->105K(192K) Class: 7K(128K)->7K(128K)
[2026-06-17T10:01:18.732+0800][16.360s][info][gc             ] GC(628) Pause Full (Ergonomics) 51M->22M(57M) 7.112ms
[2026-06-17T10:01:18.732+0800][16.360s][info][gc,cpu         ] GC(628) User=0.01s Sys=0.00s Real=0.01s
[2026-06-17T10:01:18.743+0800][16.371s][info][gc,start       ] GC(629) Pause Young (Allocation Failure)
[2026-06-17T10:01:18.744+0800][16.372s][info][gc,heap        ] GC(629) PSYoungGen: 6805K(14336K)->3358K(14336K) Eden: 6805K(7168K)->0K(7168K) From: 0K(7168K)->3358K(7168K)
[2026-06-17T10:01:18.745+0800][16.372s][info][gc,heap        ] GC(629) ParOldGen: 23222K(44032K)->23222K(44032K)
[2026-06-17T10:01:18.745+0800][16.373s][info][gc,metaspace   ] GC(629) Metaspace: 112K(320K)->112K(320K) NonClass: 105K(192K)->105K(192K) Class: 7K(128K)->7K(128K)
[2026-06-17T10:01:18.745+0800][16.373s][info][gc             ] GC(629) Pause Young (Allocation Failure) 29M->25M(57M) 1.663ms
[2026-06-17T10:01:18.745+0800][16.373s][info][gc,cpu         ] GC(629) User=0.00s Sys=0.00s Real=0.00s
[2026-06-17T10:01:18.767+0800][16.395s][info][gc,start       ] GC(630) Pause Young (Allocation Failure)
[2026-06-17T10:01:18.769+0800][16.396s][info][gc,heap        ] GC(630) PSYoungGen: 10509K(14336K)->3444K(14336K) Eden: 7151K(7168K)->0K(7168K) From: 3358K(7168K)->3444K(7168K)
[2026-06-17T10:01:18.769+0800][16.397s][info][gc,heap        ] GC(630) ParOldGen: 23222K(44032K)->26557K(44032K)
[2026-06-17T10:01:18.770+0800][16.397s][info][gc,metaspace   ] GC(630) Metaspace: 112K(320K)->112K(320K) NonClass: 105K(192K)->105K(192K) Class: 7K(128K)->7K(128K)
[2026-06-17T10:01:18.770+0800][16.398s][info][gc             ] GC(630) Pause Young (Allocation Failure) 32M->29M(57M) 3.159ms
[2026-06-17T10:01:18.771+0800][16.398s][info][gc,cpu         ] GC(630) User=0.00s Sys=0.00s Real=0.01s
[2026-06-17T10:01:18.793+0800][16.420s][info][gc,start       ] GC(631) Pause Young (Allocation Failure)
[2026-06-17T10:01:18.794+0800][16.422s][info][gc,heap        ] GC(631) PSYoungGen: 10591K(14336K)->2237K(14336K) Eden: 7147K(7168K)->0K(7168K) From: 3444K(7168K)->2237K(7168K)
[2026-06-17T10:01:18.795+0800][16.423s][info][gc,heap        ] GC(631) ParOldGen: 26557K(44032K)->28047K(44032K)
[2026-06-17T10:01:18.795+0800][16.423s][info][gc,metaspace   ] GC(631) Metaspace: 112K(320K)->112K(320K) NonClass: 105K(192K)->105K(192K) Class: 7K(128K)->7K(128K)
[2026-06-17T10:01:18.796+0800][16.424s][info][gc             ] GC(631) Pause Young (Allocation Failure) 36M->29M(57M) 3.410ms
[2026-06-17T10:01:18.797+0800][16.424s][info][gc,cpu         ] GC(631) User=0.01s Sys=0.00s Real=0.00s
[2026-06-17T10:01:18.819+0800][16.447s][info][gc,start       ] GC(632) Pause Young (Allocation Failure)
[2026-06-17T10:01:18.821+0800][16.448s][info][gc,heap        ] GC(632) PSYoungGen: 9393K(14336K)->850K(14336K) Eden: 7156K(7168K)->0K(7168K) From: 2237K(7168K)->850K(7168K)
[2026-06-17T10:01:18.821+0800][16.449s][info][gc,heap        ] GC(632) ParOldGen: 28047K(44032K)->29933K(44032K)
[2026-06-17T10:01:18.822+0800][16.450s][info][gc,metaspace   ] GC(632) Metaspace: 112K(320K)->112K(320K) NonClass: 105K(192K)->105K(192K) Class: 7K(128K)->7K(128K)
[2026-06-17T10:01:18.823+0800][16.451s][info][gc             ] GC(632) Pause Young (Allocation Failure) 36M->30M(57M) 4.043ms
[2026-06-17T10:01:18.824+0800][16.451s][info][gc,cpu         ] GC(632) User=0.00s Sys=0.00s Real=0.01s
[2026-06-17T10:01:18.835+0800][16.463s][info][gc,start       ] GC(633) Pause Young (Allocation Failure)
[2026-06-17T10:01:18.837+0800][16.464s][info][gc,heap        ] GC(633) PSYoungGen: 8016K(14336K)->4718K(14336K) Eden: 7166K(7168K)->0K(7168K) From: 850K(7168K)->4718K(7168K)
[2026-06-17T10:01:18.837+0800][16.465s][info][gc,heap        ] GC(633) ParOldGen: 29933K(44032K)->29933K(44032K)
[2026-06-17T10:01:18.838+0800][16.466s][info][gc,metaspace   ] GC(633) Metaspace: 112K(320K)->112K(320K) NonClass: 105K(192K)->105K(192K) Class: 7K(128K)->7K(128K)
[2026-06-17T10:01:18.838+0800][16.466s][info][gc             ] GC(633) Pause Young (Allocation Failure) 37M->33M(57M) 2.952ms
[2026-06-17T10:01:18.839+0800][16.466s][info][gc,cpu         ] GC(633) User=0.00s Sys=0.00s Real=0.00s
[2026-06-17T10:01:18.860+0800][16.488s][info][gc,start       ] GC(634) Pause Young (Allocation Failure)
[2026-06-17T10:01:18.862+0800][16.490s][info][gc,heap        ] GC(634) PSYoungGen: 11772K(14336K)->32K(14336K) Eden: 7054K(7168K)->0K(7168K) From: 4718K(7168K)->32K(7168K)
[2026-06-17T10:01:18.863+0800][16.491s][info][gc,heap        ] GC(634) ParOldGen: 29933K(44032K)->31603K(44032K)
[2026-06-17T10:01:18.863+0800][16.491s][info][gc,metaspace   ] GC(634) Metaspace: 112K(320K)->112K(320K) NonClass: 105K(192K)->105K(192K) Class: 7K(128K)->7K(128K)
[2026-06-17T10:01:18.864+0800][16.492s][info][gc             ] GC(634) Pause Young (Allocation Failure) 40M->30M(57M) 3.565ms
[2026-06-17T10:01:18.865+0800][16.492s][info][gc,cpu         ] GC(634) User=0.00s Sys=0.00s Real=0.01s
[2026-06-17T10:01:18.888+0800][16.515s][info][gc,start       ] GC(635) Pause Young (Allocation Failure)
[2026-06-17T10:01:18.889+0800][16.517s][info][gc,heap        ] GC(635) PSYoungGen: 7177K(14336K)->3501K(14336K) Eden: 7145K(7168K)->0K(7168K) From: 32K(7168K)->3501K(7168K)
[2026-06-17T10:01:18.890+0800][16.518s][info][gc,heap        ] GC(635) ParOldGen: 31603K(44032K)->31611K(44032K)
[2026-06-17T10:01:18.890+0800][16.518s][info][gc,metaspace   ] GC(635) Metaspace: 112K(320K)->112K(320K) NonClass: 105K(192K)->105K(192K) Class: 7K(128K)->7K(128K)
[2026-06-17T10:01:18.891+0800][16.519s][info][gc             ] GC(635) Pause Young (Allocation Failure) 37M->34M(57M) 3.545ms
[2026-06-17T10:01:18.892+0800][16.519s][info][gc,cpu         ] GC(635) User=0.00s Sys=0.00s Real=0.01s
[2026-06-17T10:01:18.903+0800][16.531s][info][gc,start       ] GC(636) Pause Young (Allocation Failure)
[2026-06-17T10:01:18.904+0800][16.532s][info][gc,heap        ] GC(636) PSYoungGen: 10632K(14336K)->1582K(14336K) Eden: 7130K(7168K)->0K(7168K) From: 3501K(7168K)->1582K(7168K)
[2026-06-17T10:01:18.905+0800][16.533s][info][gc,heap        ] GC(636) ParOldGen: 31611K(44032K)->33447K(44032K)
[2026-06-17T10:01:18.905+0800][16.533s][info][gc,metaspace   ] GC(636) Metaspace: 112K(320K)->112K(320K) NonClass: 105K(192K)->105K(192K) Class: 7K(128K)->7K(128K)
[2026-06-17T10:01:18.906+0800][16.533s][info][gc             ] GC(636) Pause Young (Allocation Failure) 41M->34M(57M) 2.539ms
[2026-06-17T10:01:18.906+0800][16.534s][info][gc,cpu         ] GC(636) User=0.00s Sys=0.00s Real=0.00s
[2026-06-17T10:01:18.928+0800][16.555s][info][gc,start       ] GC(637) Pause Young (Allocation Failure)
[2026-06-17T10:01:18.929+0800][16.557s][info][gc,heap        ] GC(637) PSYoungGen: 8741K(14336K)->3577K(14336K) Eden: 7159K(7168K)->0K(7168K) From: 1582K(7168K)->3577K(7168K)
[2026-06-17T10:01:18.930+0800][16.558s][info][gc,heap        ] GC(637) ParOldGen: 33447K(44032K)->35005K(44032K)
[2026-06-17T10:01:18.932+0800][16.560s][info][gc,metaspace   ] GC(637) Metaspace: 112K(320K)->112K(320K) NonClass: 105K(192K)->105K(192K) Class: 7K(128K)->7K(128K)
[2026-06-17T10:01:18.933+0800][16.561s][info][gc             ] GC(637) Pause Young (Allocation Failure) 41M->37M(57M) 5.681ms
[2026-06-17T10:01:18.936+0800][16.564s][info][gc,cpu         ] GC(637) User=0.00s Sys=0.00s Real=0.01s
[2026-06-17T10:01:18.959+0800][16.587s][info][gc,start       ] GC(638) Pause Young (Allocation Failure)
[2026-06-17T10:01:18.960+0800][16.588s][info][gc,heap        ] GC(638) PSYoungGen: 10736K(14336K)->2153K(14336K) Eden: 7158K(7168K)->0K(7168K) From: 3577K(7168K)->2153K(7168K)
[2026-06-17T10:01:18.962+0800][16.589s][info][gc,heap        ] GC(638) ParOldGen: 35005K(44032K)->36647K(44032K)
[2026-06-17T10:01:18.962+0800][16.590s][info][gc,metaspace   ] GC(638) Metaspace: 112K(320K)->112K(320K) NonClass: 105K(192K)->105K(192K) Class: 7K(128K)->7K(128K)
[2026-06-17T10:01:18.965+0800][16.592s][info][gc             ] GC(638) Pause Young (Allocation Failure) 44M->37M(57M) 5.842ms
[2026-06-17T10:01:18.965+0800][16.593s][info][gc,cpu         ] GC(638) User=0.00s Sys=0.00s Real=0.01s
[2026-06-17T10:01:18.980+0800][16.608s][info][gc,start       ] GC(639) Pause Young (Allocation Failure)
[2026-06-17T10:01:18.982+0800][16.609s][info][gc,heap        ] GC(639) PSYoungGen: 9312K(14336K)->5548K(14336K) Eden: 7159K(7168K)->0K(7168K) From: 2153K(7168K)->5548K(7168K)
[2026-06-17T10:01:18.982+0800][16.610s][info][gc,heap        ] GC(639) ParOldGen: 36647K(44032K)->36647K(44032K)
[2026-06-17T10:01:18.983+0800][16.610s][info][gc,metaspace   ] GC(639) Metaspace: 112K(320K)->112K(320K) NonClass: 105K(192K)->105K(192K) Class: 7K(128K)->7K(128K)
[2026-06-17T10:01:18.983+0800][16.611s][info][gc             ] GC(639) Pause Young (Allocation Failure) 44M->41M(57M) 3.211ms
[2026-06-17T10:01:18.984+0800][16.611s][info][gc,cpu         ] GC(639) User=0.00s Sys=0.00s Real=0.01s
[2026-06-17T10:01:19.006+0800][16.633s][info][gc,start       ] GC(640) Pause Young (Allocation Failure)
[2026-06-17T10:01:19.008+0800][16.635s][info][gc,heap        ] GC(640) PSYoungGen: 12688K(14336K)->3569K(14336K) Eden: 7140K(7168K)->0K(7168K) From: 5548K(7168K)->3569K(7168K)
[2026-06-17T10:01:19.008+0800][16.636s][info][gc,heap        ] GC(640) ParOldGen: 36647K(44032K)->38776K(44032K)
[2026-06-17T10:01:19.009+0800][16.637s][info][gc,metaspace   ] GC(640) Metaspace: 112K(320K)->112K(320K) NonClass: 105K(192K)->105K(192K) Class: 7K(128K)->7K(128K)
[2026-06-17T10:01:19.009+0800][16.637s][info][gc             ] GC(640) Pause Young (Allocation Failure) 48M->41M(57M) 3.646ms
[2026-06-17T10:01:19.010+0800][16.638s][info][gc,cpu         ] GC(640) User=0.00s Sys=0.00s Real=0.00s
[2026-06-17T10:01:19.033+0800][16.660s][info][gc,start       ] GC(641) Pause Young (Allocation Failure)
[2026-06-17T10:01:19.035+0800][16.663s][info][gc,heap        ] GC(641) PSYoungGen: 10707K(14336K)->1742K(14336K) Eden: 7138K(7168K)->0K(7168K) From: 3569K(7168K)->1742K(7168K)
[2026-06-17T10:01:19.036+0800][16.663s][info][gc,heap        ] GC(641) ParOldGen: 38776K(44032K)->40644K(44032K)
[2026-06-17T10:01:19.036+0800][16.664s][info][gc,metaspace   ] GC(641) Metaspace: 112K(320K)->112K(320K) NonClass: 105K(192K)->105K(192K) Class: 7K(128K)->7K(128K)
[2026-06-17T10:01:19.037+0800][16.665s][info][gc             ] GC(641) Pause Young (Allocation Failure) 48M->41M(57M) 4.260ms
[2026-06-17T10:01:19.037+0800][16.665s][info][gc,cpu         ] GC(641) User=0.00s Sys=0.00s Real=0.00s
[2026-06-17T10:01:19.060+0800][16.688s][info][gc,start       ] GC(642) Pause Full (Ergonomics)
[2026-06-17T10:01:19.061+0800][16.689s][info][gc,phases,start] GC(642) Marking Phase
[2026-06-17T10:01:19.064+0800][16.692s][info][gc,phases      ] GC(642) Marking Phase 3.441ms
[2026-06-17T10:01:19.065+0800][16.692s][info][gc,phases,start] GC(642) Summary Phase
[2026-06-17T10:01:19.065+0800][16.693s][info][gc,phases      ] GC(642) Summary Phase 0.489ms
[2026-06-17T10:01:19.066+0800][16.694s][info][gc,phases,start] GC(642) Adjust Roots
[2026-06-17T10:01:19.067+0800][16.694s][info][gc,phases      ] GC(642) Adjust Roots 0.762ms
[2026-06-17T10:01:19.067+0800][16.695s][info][gc,phases,start] GC(642) Compaction Phase
[2026-06-17T10:01:19.070+0800][16.697s][info][gc,phases      ] GC(642) Compaction Phase 2.473ms
[2026-06-17T10:01:19.070+0800][16.698s][info][gc,phases,start] GC(642) Post Compact
[2026-06-17T10:01:19.071+0800][16.699s][info][gc,phases      ] GC(642) Post Compact 0.507ms
[2026-06-17T10:01:19.071+0800][16.699s][info][gc,heap        ] GC(642) PSYoungGen: 8898K(14336K)->0K(14336K) Eden: 7156K(7168K)->0K(7168K) From: 1742K(7168K)->0K(7168K)
[2026-06-17T10:01:19.072+0800][16.699s][info][gc,heap        ] GC(642) ParOldGen: 40644K(44032K)->29272K(44032K)
[2026-06-17T10:01:19.072+0800][16.700s][info][gc,metaspace   ] GC(642) Metaspace: 112K(320K)->112K(320K) NonClass: 105K(192K)->105K(192K) Class: 7K(128K)->7K(128K)
[2026-06-17T10:01:19.072+0800][16.700s][info][gc             ] GC(642) Pause Full (Ergonomics) 48M->28M(57M) 12.176ms
[2026-06-17T10:01:19.072+0800][16.700s][info][gc,cpu         ] GC(642) User=0.01s Sys=0.00s Real=0.02s
[2026-06-17T10:01:19.084+0800][16.711s][info][gc,start       ] GC(643) Pause Young (Allocation Failure)
[2026-06-17T10:01:19.085+0800][16.712s][info][gc,heap        ] GC(643) PSYoungGen: 7150K(14336K)->4014K(14336K) Eden: 7150K(7168K)->0K(7168K) From: 0K(7168K)->4014K(7168K)
[2026-06-17T10:01:19.085+0800][16.713s][info][gc,heap        ] GC(643) ParOldGen: 29272K(44032K)->29272K(44032K)
[2026-06-17T10:01:19.085+0800][16.713s][info][gc,metaspace   ] GC(643) Metaspace: 112K(320K)->112K(320K) NonClass: 105K(192K)->105K(192K) Class: 7K(128K)->7K(128K)
[2026-06-17T10:01:19.086+0800][16.713s][info][gc             ] GC(643) Pause Young (Allocation Failure) 35M->32M(57M) 1.987ms
[2026-06-17T10:01:19.086+0800][16.713s][info][gc,cpu         ] GC(643) User=0.00s Sys=0.00s Real=0.00s
[2026-06-17T10:01:19.107+0800][16.735s][info][gc,start       ] GC(644) Pause Young (Allocation Failure)
[2026-06-17T10:01:19.108+0800][16.736s][info][gc,heap        ] GC(644) PSYoungGen: 11150K(14336K)->3697K(14336K) Eden: 7136K(7168K)->0K(7168K) From: 4014K(7168K)->3697K(7168K)
[2026-06-17T10:01:19.109+0800][16.737s][info][gc,heap        ] GC(644) ParOldGen: 29272K(44032K)->33218K(44032K)
[2026-06-17T10:01:19.109+0800][16.737s][info][gc,metaspace   ] GC(644) Metaspace: 112K(320K)->112K(320K) NonClass: 105K(192K)->105K(192K) Class: 7K(128K)->7K(128K)
[2026-06-17T10:01:19.109+0800][16.737s][info][gc             ] GC(644) Pause Young (Allocation Failure) 39M->36M(57M) 1.865ms
[2026-06-17T10:01:19.109+0800][16.737s][info][gc,cpu         ] GC(644) User=0.00s Sys=0.00s Real=0.00s
[2026-06-17T10:01:19.131+0800][16.758s][info][gc,start       ] GC(645) Pause Young (Allocation Failure)
[2026-06-17T10:01:19.132+0800][16.759s][info][gc,heap        ] GC(645) PSYoungGen: 10860K(14336K)->3612K(14848K) Eden: 7163K(7168K)->0K(7680K) From: 3697K(7168K)->3612K(7168K)
[2026-06-17T10:01:19.132+0800][16.760s][info][gc,heap        ] GC(645) ParOldGen: 33218K(44032K)->33218K(44032K)
[2026-06-17T10:01:19.133+0800][16.760s][info][gc,metaspace   ] GC(645) Metaspace: 112K(320K)->112K(320K) NonClass: 105K(192K)->105K(192K) Class: 7K(128K)->7K(128K)
[2026-06-17T10:01:19.133+0800][16.761s][info][gc             ] GC(645) Pause Young (Allocation Failure) 43M->35M(57M) 2.301ms
[2026-06-17T10:01:19.133+0800][16.761s][info][gc,cpu         ] GC(645) User=0.00s Sys=0.00s Real=0.00s
[2026-06-17T10:01:19.155+0800][16.782s][info][gc,start       ] GC(646) Pause Young (Allocation Failure)
[2026-06-17T10:01:19.182+0800][16.809s][info][gc,heap        ] GC(646) PSYoungGen: 11237K(14848K)->4181K(14336K) Eden: 7624K(7680K)->0K(7680K) From: 3612K(7168K)->4181K(6656K)
[2026-06-17T10:01:19.182+0800][16.810s][info][gc,heap        ] GC(646) ParOldGen: 33218K(44032K)->33218K(44032K)
[2026-06-17T10:01:19.183+0800][16.811s][info][gc,metaspace   ] GC(646) Metaspace: 112K(320K)->112K(320K) NonClass: 105K(192K)->105K(192K) Class: 7K(128K)->7K(128K)
[2026-06-17T10:01:19.183+0800][16.811s][info][gc             ] GC(646) Pause Young (Allocation Failure) 43M->36M(57M) 28.775ms
[2026-06-17T10:01:19.184+0800][16.812s][info][gc,cpu         ] GC(646) User=0.00s Sys=0.00s Real=0.03s
[2026-06-17T10:01:19.195+0800][16.823s][info][gc,start       ] GC(647) Pause Young (Allocation Failure)
[2026-06-17T10:01:19.205+0800][16.832s][info][gc,heap        ] GC(647) PSYoungGen: 11853K(14336K)->6580K(13824K) Eden: 7671K(7680K)->0K(7168K) From: 4181K(6656K)->6580K(6656K)
[2026-06-17T10:01:19.207+0800][16.835s][info][gc,heap        ] GC(647) ParOldGen: 33218K(44032K)->35062K(44032K)
[2026-06-17T10:01:19.208+0800][16.835s][info][gc,metaspace   ] GC(647) Metaspace: 112K(320K)->112K(320K) NonClass: 105K(192K)->105K(192K) Class: 7K(128K)->7K(128K)
[2026-06-17T10:01:19.209+0800][16.837s][info][gc             ] GC(647) Pause Young (Allocation Failure) 44M->40M(56M) 13.561ms
[2026-06-17T10:01:19.209+0800][16.837s][info][gc,cpu         ] GC(647) User=0.01s Sys=0.00s Real=0.01s
[2026-06-17T10:01:19.231+0800][16.859s][info][gc,start       ] GC(648) Pause Young (Allocation Failure)
[2026-06-17T10:01:19.237+0800][16.864s][info][gc,heap        ] GC(648) PSYoungGen: 13723K(13824K)->5385K(14336K) Eden: 7143K(7168K)->0K(7168K) From: 6580K(6656K)->5385K(7168K)
[2026-06-17T10:01:19.240+0800][16.868s][info][gc,heap        ] GC(648) ParOldGen: 35062K(44032K)->36186K(44032K)
[2026-06-17T10:01:19.241+0800][16.869s][info][gc,metaspace   ] GC(648) Metaspace: 112K(320K)->112K(320K) NonClass: 105K(192K)->105K(192K) Class: 7K(128K)->7K(128K)
[2026-06-17T10:01:19.241+0800][16.869s][info][gc             ] GC(648) Pause Young (Allocation Failure) 47M->40M(57M) 10.114ms
[2026-06-17T10:01:19.243+0800][16.871s][info][gc,cpu         ] GC(648) User=0.00s Sys=0.00s Real=0.01s
[2026-06-17T10:01:19.269+0800][16.897s][info][gc,start       ] GC(649) Pause Young (Allocation Failure)
[2026-06-17T10:01:19.272+0800][16.900s][info][gc,heap        ] GC(649) PSYoungGen: 12531K(14336K)->2863K(14336K) Eden: 7146K(7168K)->0K(7168K) From: 5385K(7168K)->2863K(7168K)
[2026-06-17T10:01:19.275+0800][16.903s][info][gc,heap        ] GC(649) ParOldGen: 36186K(44032K)->38778K(44032K)
[2026-06-17T10:01:19.277+0800][16.905s][info][gc,metaspace   ] GC(649) Metaspace: 112K(320K)->112K(320K) NonClass: 105K(192K)->105K(192K) Class: 7K(128K)->7K(128K)
[2026-06-17T10:01:19.279+0800][16.907s][info][gc             ] GC(649) Pause Young (Allocation Failure) 47M->40M(57M) 10.028ms
[2026-06-17T10:01:19.280+0800][16.908s][info][gc,cpu         ] GC(649) User=0.00s Sys=0.00s Real=0.01s
[2026-06-17T10:01:19.292+0800][16.920s][info][gc,start       ] GC(650) Pause Young (Allocation Failure)
[2026-06-17T10:01:19.293+0800][16.921s][info][gc,heap        ] GC(650) PSYoungGen: 9741K(14336K)->1127K(14336K) Eden: 6878K(7168K)->0K(7168K) From: 2863K(7168K)->1127K(7168K)
[2026-06-17T10:01:19.295+0800][16.922s][info][gc,heap        ] GC(650) ParOldGen: 38778K(44032K)->40538K(44032K)
[2026-06-17T10:01:19.296+0800][16.923s][info][gc,metaspace   ] GC(650) Metaspace: 112K(320K)->112K(320K) NonClass: 105K(192K)->105K(192K) Class: 7K(128K)->7K(128K)
[2026-06-17T10:01:19.297+0800][16.925s][info][gc             ] GC(650) Pause Young (Allocation Failure) 47M->40M(57M) 5.155ms
[2026-06-17T10:01:19.299+0800][16.927s][info][gc,cpu         ] GC(650) User=0.00s Sys=0.00s Real=0.00s
[2026-06-17T10:01:19.322+0800][16.950s][info][gc,start       ] GC(651) Pause Full (Ergonomics)
[2026-06-17T10:01:19.324+0800][16.952s][info][gc,phases,start] GC(651) Marking Phase
[2026-06-17T10:01:19.328+0800][16.956s][info][gc,phases      ] GC(651) Marking Phase 4.183ms
[2026-06-17T10:01:19.329+0800][16.957s][info][gc,phases,start] GC(651) Summary Phase
[2026-06-17T10:01:19.330+0800][16.958s][info][gc,phases      ] GC(651) Summary Phase 0.466ms
[2026-06-17T10:01:19.332+0800][16.960s][info][gc,phases,start] GC(651) Adjust Roots
[2026-06-17T10:01:19.333+0800][16.961s][info][gc,phases      ] GC(651) Adjust Roots 0.987ms
[2026-06-17T10:01:19.335+0800][16.962s][info][gc,phases,start] GC(651) Compaction Phase
[2026-06-17T10:01:19.337+0800][16.965s][info][gc,phases      ] GC(651) Compaction Phase 2.168ms
[2026-06-17T10:01:19.337+0800][16.965s][info][gc,phases,start] GC(651) Post Compact
[2026-06-17T10:01:19.339+0800][16.966s][info][gc,phases      ] GC(651) Post Compact 1.255ms
[2026-06-17T10:01:19.339+0800][16.967s][info][gc,heap        ] GC(651) PSYoungGen: 8246K(14336K)->0K(14336K) Eden: 7119K(7168K)->0K(7168K) From: 1127K(7168K)->0K(7168K)
[2026-06-17T10:01:19.340+0800][16.968s][info][gc,heap        ] GC(651) ParOldGen: 40538K(44032K)->32282K(44032K)
[2026-06-17T10:01:19.341+0800][16.969s][info][gc,metaspace   ] GC(651) Metaspace: 112K(320K)->112K(320K) NonClass: 105K(192K)->105K(192K) Class: 7K(128K)->7K(128K)
[2026-06-17T10:01:19.343+0800][16.970s][info][gc             ] GC(651) Pause Full (Ergonomics) 47M->31M(57M) 20.676ms
[2026-06-17T10:01:19.343+0800][16.971s][info][gc,cpu         ] GC(651) User=0.01s Sys=0.00s Real=0.03s
[2026-06-17T10:01:19.365+0800][16.992s][info][gc,start       ] GC(652) Pause Young (Allocation Failure)
[2026-06-17T10:01:19.366+0800][16.994s][info][gc,heap        ] GC(652) PSYoungGen: 7167K(14336K)->3690K(14336K) Eden: 7167K(7168K)->0K(7168K) From: 0K(7168K)->3690K(7168K)
[2026-06-17T10:01:19.367+0800][16.995s][info][gc,heap        ] GC(652) ParOldGen: 32282K(44032K)->32282K(44032K)
[2026-06-17T10:01:19.368+0800][16.995s][info][gc,metaspace   ] GC(652) Metaspace: 112K(320K)->112K(320K) NonClass: 105K(192K)->105K(192K) Class: 7K(128K)->7K(128K)
[2026-06-17T10:01:19.368+0800][16.996s][info][gc             ] GC(652) Pause Young (Allocation Failure) 38M->35M(57M) 3.617ms
[2026-06-17T10:01:19.369+0800][16.996s][info][gc,cpu         ] GC(652) User=0.00s Sys=0.00s Real=0.00s
[2026-06-17T10:01:19.391+0800][17.019s][info][gc,start       ] GC(653) Pause Young (Allocation Failure)
[2026-06-17T10:01:19.393+0800][17.021s][info][gc,heap        ] GC(653) PSYoungGen: 10836K(14336K)->3469K(14336K) Eden: 7146K(7168K)->0K(7168K) From: 3690K(7168K)->3469K(7168K)
[2026-06-17T10:01:19.393+0800][17.021s][info][gc,heap        ] GC(653) ParOldGen: 32282K(44032K)->32282K(44032K)
[2026-06-17T10:01:19.394+0800][17.022s][info][gc,metaspace   ] GC(653) Metaspace: 112K(320K)->112K(320K) NonClass: 105K(192K)->105K(192K) Class: 7K(128K)->7K(128K)
[2026-06-17T10:01:19.395+0800][17.022s][info][gc             ] GC(653) Pause Young (Allocation Failure) 42M->34M(57M) 3.487ms
[2026-06-17T10:01:19.395+0800][17.023s][info][gc,cpu         ] GC(653) User=0.00s Sys=0.00s Real=0.00s
[2026-06-17T10:01:19.407+0800][17.034s][info][gc,start       ] GC(654) Pause Young (Allocation Failure)
[2026-06-17T10:01:19.408+0800][17.036s][info][gc,heap        ] GC(654) PSYoungGen: 10589K(14336K)->7063K(14336K) Eden: 7119K(7168K)->0K(7168K) From: 3469K(7168K)->7063K(7168K)
[2026-06-17T10:01:19.408+0800][17.036s][info][gc,heap        ] GC(654) ParOldGen: 32282K(44032K)->32282K(44032K)
[2026-06-17T10:01:19.409+0800][17.037s][info][gc,metaspace   ] GC(654) Metaspace: 112K(320K)->112K(320K) NonClass: 105K(192K)->105K(192K) Class: 7K(128K)->7K(128K)
[2026-06-17T10:01:19.409+0800][17.037s][info][gc             ] GC(654) Pause Young (Allocation Failure) 41M->38M(57M) 2.769ms
[2026-06-17T10:01:19.410+0800][17.038s][info][gc,cpu         ] GC(654) User=0.00s Sys=0.00s Real=0.00s
[2026-06-17T10:01:19.432+0800][17.059s][info][gc,start       ] GC(655) Pause Young (Allocation Failure)
[2026-06-17T10:01:19.434+0800][17.062s][info][gc,heap        ] GC(655) PSYoungGen: 14185K(14336K)->4278K(14336K) Eden: 7122K(7168K)->0K(7168K) From: 7063K(7168K)->4278K(7168K)
[2026-06-17T10:01:19.435+0800][17.062s][info][gc,heap        ] GC(655) ParOldGen: 32282K(44032K)->35155K(44032K)
[2026-06-17T10:01:19.435+0800][17.063s][info][gc,metaspace   ] GC(655) Metaspace: 112K(320K)->112K(320K) NonClass: 105K(192K)->105K(192K) Class: 7K(128K)->7K(128K)
[2026-06-17T10:01:19.436+0800][17.063s][info][gc             ] GC(655) Pause Young (Allocation Failure) 45M->38M(57M) 4.002ms
[2026-06-17T10:01:19.436+0800][17.064s][info][gc,cpu         ] GC(655) User=0.00s Sys=0.00s Real=0.00s
[2026-06-17T10:01:19.458+0800][17.086s][info][gc,start       ] GC(656) Pause Young (Allocation Failure)
[2026-06-17T10:01:19.459+0800][17.087s][info][gc,heap        ] GC(656) PSYoungGen: 11435K(14336K)->2444K(14336K) Eden: 7156K(7168K)->0K(7168K) From: 4278K(7168K)->2444K(7168K)
[2026-06-17T10:01:19.459+0800][17.087s][info][gc,heap        ] GC(656) ParOldGen: 35155K(44032K)->37332K(44032K)
[2026-06-17T10:01:19.459+0800][17.087s][info][gc,metaspace   ] GC(656) Metaspace: 112K(320K)->112K(320K) NonClass: 105K(192K)->105K(192K) Class: 7K(128K)->7K(128K)
[2026-06-17T10:01:19.460+0800][17.087s][info][gc             ] GC(656) Pause Young (Allocation Failure) 45M->38M(57M) 1.554ms
[2026-06-17T10:01:19.460+0800][17.087s][info][gc,cpu         ] GC(656) User=0.00s Sys=0.00s Real=0.00s
[2026-06-17T10:01:19.471+0800][17.098s][info][gc,start       ] GC(657) Pause Young (Allocation Failure)
[2026-06-17T10:01:19.471+0800][17.099s][info][gc,heap        ] GC(657) PSYoungGen: 9516K(14336K)->1322K(14336K) Eden: 7071K(7168K)->0K(7168K) From: 2444K(7168K)->1322K(7168K)
[2026-06-17T10:01:19.472+0800][17.099s][info][gc,heap        ] GC(657) ParOldGen: 37332K(44032K)->38692K(44032K)
[2026-06-17T10:01:19.472+0800][17.100s][info][gc,metaspace   ] GC(657) Metaspace: 112K(320K)->112K(320K) NonClass: 105K(192K)->105K(192K) Class: 7K(128K)->7K(128K)
[2026-06-17T10:01:19.473+0800][17.101s][info][gc             ] GC(657) Pause Young (Allocation Failure) 45M->39M(57M) 2.297ms
[2026-06-17T10:01:19.473+0800][17.101s][info][gc,cpu         ] GC(657) User=0.00s Sys=0.00s Real=0.00s
[2026-06-17T10:01:19.495+0800][17.123s][info][gc,start       ] GC(658) Pause Young (Allocation Failure)
[2026-06-17T10:01:19.497+0800][17.125s][info][gc,heap        ] GC(658) PSYoungGen: 8468K(14336K)->3770K(14336K) Eden: 7146K(7168K)->0K(7168K) From: 1322K(7168K)->3770K(7168K)
[2026-06-17T10:01:19.497+0800][17.125s][info][gc,heap        ] GC(658) ParOldGen: 38692K(44032K)->39990K(44032K)
[2026-06-17T10:01:19.498+0800][17.126s][info][gc,metaspace   ] GC(658) Metaspace: 112K(320K)->112K(320K) NonClass: 105K(192K)->105K(192K) Class: 7K(128K)->7K(128K)
[2026-06-17T10:01:19.499+0800][17.126s][info][gc             ] GC(658) Pause Young (Allocation Failure) 46M->42M(57M) 3.372ms
[2026-06-17T10:01:19.499+0800][17.127s][info][gc,cpu         ] GC(658) User=0.00s Sys=0.00s Real=0.00s
[2026-06-17T10:01:19.521+0800][17.149s][info][gc,start       ] GC(659) Pause Young (Allocation Failure)
[2026-06-17T10:01:19.523+0800][17.150s][info][gc,heap        ] GC(659) PSYoungGen: 10916K(14336K)->2026K(14336K) Eden: 7145K(7168K)->0K(7168K) From: 3770K(7168K)->2026K(7168K)
[2026-06-17T10:01:19.524+0800][17.151s][info][gc,heap        ] GC(659) ParOldGen: 39990K(44032K)->42262K(44032K)
[2026-06-17T10:01:19.524+0800][17.152s][info][gc,metaspace   ] GC(659) Metaspace: 112K(320K)->112K(320K) NonClass: 105K(192K)->105K(192K) Class: 7K(128K)->7K(128K)
[2026-06-17T10:01:19.524+0800][17.152s][info][gc             ] GC(659) Pause Young (Allocation Failure) 49M->43M(57M) 3.361ms
[2026-06-17T10:01:19.525+0800][17.153s][info][gc,cpu         ] GC(659) User=0.00s Sys=0.00s Real=0.01s
[2026-06-17T10:01:19.547+0800][17.175s][info][gc,start       ] GC(660) Pause Full (Ergonomics)
[2026-06-17T10:01:19.548+0800][17.176s][info][gc,phases,start] GC(660) Marking Phase
[2026-06-17T10:01:19.552+0800][17.179s][info][gc,phases      ] GC(660) Marking Phase 3.565ms
[2026-06-17T10:01:19.552+0800][17.180s][info][gc,phases,start] GC(660) Summary Phase
[2026-06-17T10:01:19.553+0800][17.181s][info][gc,phases      ] GC(660) Summary Phase 0.567ms
[2026-06-17T10:01:19.553+0800][17.181s][info][gc,phases,start] GC(660) Adjust Roots
[2026-06-17T10:01:19.554+0800][17.182s][info][gc,phases      ] GC(660) Adjust Roots 0.661ms
[2026-06-17T10:01:19.555+0800][17.183s][info][gc,phases,start] GC(660) Compaction Phase
[2026-06-17T10:01:19.558+0800][17.186s][info][gc,phases      ] GC(660) Compaction Phase 2.800ms
[2026-06-17T10:01:19.558+0800][17.186s][info][gc,phases,start] GC(660) Post Compact
[2026-06-17T10:01:19.559+0800][17.187s][info][gc,phases      ] GC(660) Post Compact 0.503ms
[2026-06-17T10:01:19.559+0800][17.187s][info][gc,heap        ] GC(660) PSYoungGen: 9163K(14336K)->0K(14336K) Eden: 7136K(7168K)->0K(7168K) From: 2026K(7168K)->0K(7168K)
[2026-06-17T10:01:19.559+0800][17.187s][info][gc,heap        ] GC(660) ParOldGen: 42262K(44032K)->25904K(44032K)
[2026-06-17T10:01:19.559+0800][17.187s][info][gc,metaspace   ] GC(660) Metaspace: 112K(320K)->112K(320K) NonClass: 105K(192K)->105K(192K) Class: 7K(128K)->7K(128K)
[2026-06-17T10:01:19.560+0800][17.187s][info][gc             ] GC(660) Pause Full (Ergonomics) 50M->25M(57M) 12.423ms
[2026-06-17T10:01:19.560+0800][17.187s][info][gc,cpu         ] GC(660) User=0.01s Sys=0.00s Real=0.01s
[2026-06-17T10:01:19.571+0800][17.199s][info][gc,start       ] GC(661) Pause Young (Allocation Failure)
[2026-06-17T10:01:19.572+0800][17.200s][info][gc,heap        ] GC(661) PSYoungGen: 7155K(14336K)->7043K(14336K) Eden: 7155K(7168K)->0K(7168K) From: 0K(7168K)->7043K(7168K)
[2026-06-17T10:01:19.573+0800][17.201s][info][gc,heap        ] GC(661) ParOldGen: 25904K(44032K)->26076K(44032K)
[2026-06-17T10:01:19.574+0800][17.201s][info][gc,metaspace   ] GC(661) Metaspace: 112K(320K)->112K(320K) NonClass: 105K(192K)->105K(192K) Class: 7K(128K)->7K(128K)
[2026-06-17T10:01:19.574+0800][17.202s][info][gc             ] GC(661) Pause Young (Allocation Failure) 32M->32M(57M) 3.180ms
[2026-06-17T10:01:19.574+0800][17.202s][info][gc,cpu         ] GC(661) User=0.01s Sys=0.00s Real=0.00s
[2026-06-17T10:01:19.597+0800][17.224s][info][gc,start       ] GC(662) Pause Young (Allocation Failure)
[2026-06-17T10:01:19.599+0800][17.227s][info][gc,heap        ] GC(662) PSYoungGen: 14187K(14336K)->2849K(14336K) Eden: 7144K(7168K)->0K(7168K) From: 7043K(7168K)->2849K(7168K)
[2026-06-17T10:01:19.600+0800][17.227s][info][gc,heap        ] GC(662) ParOldGen: 26076K(44032K)->30526K(44032K)
[2026-06-17T10:01:19.600+0800][17.228s][info][gc,metaspace   ] GC(662) Metaspace: 112K(320K)->112K(320K) NonClass: 105K(192K)->105K(192K) Class: 7K(128K)->7K(128K)
[2026-06-17T10:01:19.601+0800][17.228s][info][gc             ] GC(662) Pause Young (Allocation Failure) 39M->32M(57M) 3.926ms
[2026-06-17T10:01:19.601+0800][17.229s][info][gc,cpu         ] GC(662) User=0.00s Sys=0.00s Real=0.00s
[2026-06-17T10:01:19.623+0800][17.251s][info][gc,start       ] GC(663) Pause Young (Allocation Failure)
[2026-06-17T10:01:19.625+0800][17.253s][info][gc,heap        ] GC(663) PSYoungGen: 9992K(14336K)->3330K(14336K) Eden: 7142K(7168K)->0K(7168K) From: 2849K(7168K)->3330K(7168K)
[2026-06-17T10:01:19.625+0800][17.253s][info][gc,heap        ] GC(663) ParOldGen: 30526K(44032K)->30526K(44032K)
[2026-06-17T10:01:19.626+0800][17.254s][info][gc,metaspace   ] GC(663) Metaspace: 112K(320K)->112K(320K) NonClass: 105K(192K)->105K(192K) Class: 7K(128K)->7K(128K)
[2026-06-17T10:01:19.626+0800][17.254s][info][gc             ] GC(663) Pause Young (Allocation Failure) 39M->33M(57M) 3.052ms
[2026-06-17T10:01:19.627+0800][17.255s][info][gc,cpu         ] GC(663) User=0.00s Sys=0.00s Real=0.00s
[2026-06-17T10:01:19.649+0800][17.277s][info][gc,start       ] GC(664) Pause Young (Allocation Failure)
[2026-06-17T10:01:19.651+0800][17.278s][info][gc,heap        ] GC(664) PSYoungGen: 10498K(14336K)->2163K(14336K) Eden: 7168K(7168K)->0K(7168K) From: 3330K(7168K)->2163K(7168K)
[2026-06-17T10:01:19.651+0800][17.279s][info][gc,heap        ] GC(664) ParOldGen: 30526K(44032K)->31950K(44032K)
[2026-06-17T10:01:19.652+0800][17.280s][info][gc,metaspace   ] GC(664) Metaspace: 112K(320K)->112K(320K) NonClass: 105K(192K)->105K(192K) Class: 7K(128K)->7K(128K)
[2026-06-17T10:01:19.652+0800][17.280s][info][gc             ] GC(664) Pause Young (Allocation Failure) 40M->33M(57M) 3.072ms
[2026-06-17T10:01:19.653+0800][17.281s][info][gc,cpu         ] GC(664) User=0.01s Sys=0.00s Real=0.01s
[2026-06-17T10:01:19.675+0800][17.303s][info][gc,start       ] GC(665) Pause Young (Allocation Failure)
[2026-06-17T10:01:19.677+0800][17.304s][info][gc,heap        ] GC(665) PSYoungGen: 9328K(14336K)->566K(14336K) Eden: 7165K(7168K)->0K(7168K) From: 2163K(7168K)->566K(7168K)
[2026-06-17T10:01:19.677+0800][17.305s][info][gc,heap        ] GC(665) ParOldGen: 31950K(44032K)->33909K(44032K)
[2026-06-17T10:01:19.678+0800][17.306s][info][gc,metaspace   ] GC(665) Metaspace: 112K(320K)->112K(320K) NonClass: 105K(192K)->105K(192K) Class: 7K(128K)->7K(128K)
[2026-06-17T10:01:19.678+0800][17.306s][info][gc             ] GC(665) Pause Young (Allocation Failure) 40M->33M(57M) 3.357ms
[2026-06-17T10:01:19.679+0800][17.307s][info][gc,cpu         ] GC(665) User=0.00s Sys=0.00s Real=0.00s
[2026-06-17T10:01:19.691+0800][17.319s][info][gc,start       ] GC(666) Pause Young (Allocation Failure)
[2026-06-17T10:01:19.693+0800][17.321s][info][gc,heap        ] GC(666) PSYoungGen: 7733K(14336K)->4460K(14336K) Eden: 7167K(7168K)->0K(7168K) From: 566K(7168K)->4460K(7168K)
[2026-06-17T10:01:19.695+0800][17.322s][info][gc,heap        ] GC(666) ParOldGen: 33909K(44032K)->33909K(44032K)
[2026-06-17T10:01:19.697+0800][17.324s][info][gc,metaspace   ] GC(666) Metaspace: 112K(320K)->112K(320K) NonClass: 105K(192K)->105K(192K) Class: 7K(128K)->7K(128K)
[2026-06-17T10:01:19.699+0800][17.327s][info][gc             ] GC(666) Pause Young (Allocation Failure) 40M->37M(57M) 7.706ms
[2026-06-17T10:01:19.703+0800][17.330s][info][gc,cpu         ] GC(666) User=0.00s Sys=0.00s Real=0.01s
[2026-06-17T10:01:19.727+0800][17.355s][info][gc,start       ] GC(667) Pause Young (Allocation Failure)
[2026-06-17T10:01:19.730+0800][17.357s][info][gc,heap        ] GC(667) PSYoungGen: 11591K(14336K)->3042K(14336K) Eden: 7131K(7168K)->0K(7168K) From: 4460K(7168K)->3042K(7168K)
[2026-06-17T10:01:19.731+0800][17.359s][info][gc,heap        ] GC(667) ParOldGen: 33909K(44032K)->35499K(44032K)
[2026-06-17T10:01:19.732+0800][17.359s][info][gc,metaspace   ] GC(667) Metaspace: 112K(320K)->112K(320K) NonClass: 105K(192K)->105K(192K) Class: 7K(128K)->7K(128K)
[2026-06-17T10:01:19.732+0800][17.360s][info][gc             ] GC(667) Pause Young (Allocation Failure) 44M->37M(57M) 5.063ms
[2026-06-17T10:01:19.733+0800][17.361s][info][gc,cpu         ] GC(667) User=0.00s Sys=0.00s Real=0.01s
[2026-06-17T10:01:19.756+0800][17.384s][info][gc,start       ] GC(668) Pause Young (Allocation Failure)
[2026-06-17T10:01:19.758+0800][17.386s][info][gc,heap        ] GC(668) PSYoungGen: 10189K(14336K)->3268K(14336K) Eden: 7146K(7168K)->0K(7168K) From: 3042K(7168K)->3268K(7168K)
[2026-06-17T10:01:19.759+0800][17.386s][info][gc,heap        ] GC(668) ParOldGen: 35499K(44032K)->35499K(44032K)
[2026-06-17T10:01:19.759+0800][17.387s][info][gc,metaspace   ] GC(668) Metaspace: 112K(320K)->112K(320K) NonClass: 105K(192K)->105K(192K) Class: 7K(128K)->7K(128K)
[2026-06-17T10:01:19.760+0800][17.388s][info][gc             ] GC(668) Pause Young (Allocation Failure) 44M->37M(57M) 4.062ms
[2026-06-17T10:01:19.761+0800][17.388s][info][gc,cpu         ] GC(668) User=0.00s Sys=0.00s Real=0.00s
[2026-06-17T10:01:19.773+0800][17.401s][info][gc,start       ] GC(669) Pause Young (Allocation Failure)
[2026-06-17T10:01:19.775+0800][17.403s][info][gc,heap        ] GC(669) PSYoungGen: 10108K(14336K)->3048K(14848K) Eden: 6840K(7168K)->0K(7680K) From: 3268K(7168K)->3048K(7168K)
[2026-06-17T10:01:19.776+0800][17.404s][info][gc,heap        ] GC(669) ParOldGen: 35499K(44032K)->35499K(44032K)
[2026-06-17T10:01:19.777+0800][17.404s][info][gc,metaspace   ] GC(669) Metaspace: 112K(320K)->112K(320K) NonClass: 105K(192K)->105K(192K) Class: 7K(128K)->7K(128K)
[2026-06-17T10:01:19.777+0800][17.405s][info][gc             ] GC(669) Pause Young (Allocation Failure) 44M->37M(57M) 4.430ms
[2026-06-17T10:01:19.778+0800][17.406s][info][gc,cpu         ] GC(669) User=0.00s Sys=0.00s Real=0.00s
[2026-06-17T10:01:19.801+0800][17.429s][info][gc,start       ] GC(670) Pause Young (Allocation Failure)
[2026-06-17T10:01:19.804+0800][17.431s][info][gc,heap        ] GC(670) PSYoungGen: 10688K(14848K)->6254K(14336K) Eden: 7639K(7680K)->0K(7680K) From: 3048K(7168K)->6254K(6656K)
[2026-06-17T10:01:19.805+0800][17.432s][info][gc,heap        ] GC(670) ParOldGen: 35499K(44032K)->36405K(44032K)
[2026-06-17T10:01:19.805+0800][17.433s][info][gc,metaspace   ] GC(670) Metaspace: 112K(320K)->112K(320K) NonClass: 105K(192K)->105K(192K) Class: 7K(128K)->7K(128K)
[2026-06-17T10:01:19.806+0800][17.433s][info][gc             ] GC(670) Pause Young (Allocation Failure) 45M->41M(57M) 4.794ms
[2026-06-17T10:01:19.806+0800][17.434s][info][gc,cpu         ] GC(670) User=0.01s Sys=0.00s Real=0.01s
[2026-06-17T10:01:19.829+0800][17.457s][info][gc,start       ] GC(671) Pause Young (Allocation Failure)
[2026-06-17T10:01:19.831+0800][17.459s][info][gc,heap        ] GC(671) PSYoungGen: 13922K(14336K)->4975K(14336K) Eden: 7668K(7680K)->0K(7168K) From: 6254K(6656K)->4975K(7168K)
[2026-06-17T10:01:19.832+0800][17.460s][info][gc,heap        ] GC(671) ParOldGen: 36405K(44032K)->38531K(44032K)
[2026-06-17T10:01:19.833+0800][17.460s][info][gc,metaspace   ] GC(671) Metaspace: 112K(320K)->112K(320K) NonClass: 105K(192K)->105K(192K) Class: 7K(128K)->7K(128K)
[2026-06-17T10:01:19.833+0800][17.461s][info][gc             ] GC(671) Pause Young (Allocation Failure) 49M->42M(57M) 3.701ms
[2026-06-17T10:01:19.834+0800][17.462s][info][gc,cpu         ] GC(671) User=0.00s Sys=0.00s Real=0.01s
[2026-06-17T10:01:19.857+0800][17.485s][info][gc,start       ] GC(672) Pause Young (Allocation Failure)
[2026-06-17T10:01:19.861+0800][17.488s][info][gc,heap        ] GC(672) PSYoungGen: 12134K(14336K)->1212K(14336K) Eden: 7159K(7168K)->0K(7168K) From: 4975K(7168K)->1212K(7168K)
[2026-06-17T10:01:19.861+0800][17.489s][info][gc,heap        ] GC(672) ParOldGen: 38531K(44032K)->42211K(44032K)
[2026-06-17T10:01:19.862+0800][17.490s][info][gc,metaspace   ] GC(672) Metaspace: 112K(320K)->112K(320K) NonClass: 105K(192K)->105K(192K) Class: 7K(128K)->7K(128K)
[2026-06-17T10:01:19.863+0800][17.490s][info][gc             ] GC(672) Pause Young (Allocation Failure) 49M->42M(57M) 5.171ms
[2026-06-17T10:01:19.863+0800][17.491s][info][gc,cpu         ] GC(672) User=0.00s Sys=0.00s Real=0.01s
[2026-06-17T10:01:19.875+0800][17.503s][info][gc,start       ] GC(673) Pause Full (Ergonomics)
[2026-06-17T10:01:19.876+0800][17.504s][info][gc,phases,start] GC(673) Marking Phase
[2026-06-17T10:01:19.879+0800][17.507s][info][gc,phases      ] GC(673) Marking Phase 2.907ms
[2026-06-17T10:01:19.880+0800][17.507s][info][gc,phases,start] GC(673) Summary Phase
[2026-06-17T10:01:19.880+0800][17.508s][info][gc,phases      ] GC(673) Summary Phase 0.505ms
[2026-06-17T10:01:19.881+0800][17.508s][info][gc,phases,start] GC(673) Adjust Roots
[2026-06-17T10:01:19.882+0800][17.509s][info][gc,phases      ] GC(673) Adjust Roots 0.858ms
[2026-06-17T10:01:19.882+0800][17.510s][info][gc,phases,start] GC(673) Compaction Phase
[2026-06-17T10:01:19.884+0800][17.512s][info][gc,phases      ] GC(673) Compaction Phase 2.233ms
[2026-06-17T10:01:19.885+0800][17.512s][info][gc,phases,start] GC(673) Post Compact
[2026-06-17T10:01:19.885+0800][17.513s][info][gc,phases      ] GC(673) Post Compact 0.394ms
[2026-06-17T10:01:19.885+0800][17.513s][info][gc,heap        ] GC(673) PSYoungGen: 8326K(14336K)->0K(14336K) Eden: 7114K(7168K)->0K(7168K) From: 1212K(7168K)->0K(7168K)
[2026-06-17T10:01:19.886+0800][17.513s][info][gc,heap        ] GC(673) ParOldGen: 42211K(44032K)->24412K(44032K)
[2026-06-17T10:01:19.886+0800][17.513s][info][gc,metaspace   ] GC(673) Metaspace: 112K(320K)->112K(320K) NonClass: 105K(192K)->105K(192K) Class: 7K(128K)->7K(128K)
[2026-06-17T10:01:19.886+0800][17.514s][info][gc             ] GC(673) Pause Full (Ergonomics) 49M->23M(57M) 10.654ms
[2026-06-17T10:01:19.886+0800][17.514s][info][gc,cpu         ] GC(673) User=0.00s Sys=0.00s Real=0.01s
[2026-06-17T10:01:19.908+0800][17.535s][info][gc,start       ] GC(674) Pause Young (Allocation Failure)
[2026-06-17T10:01:19.909+0800][17.537s][info][gc,heap        ] GC(674) PSYoungGen: 7120K(14336K)->3775K(14336K) Eden: 7120K(7168K)->0K(7168K) From: 0K(7168K)->3775K(7168K)
[2026-06-17T10:01:19.910+0800][17.537s][info][gc,heap        ] GC(674) ParOldGen: 24412K(44032K)->24412K(44032K)
[2026-06-17T10:01:19.910+0800][17.538s][info][gc,metaspace   ] GC(674) Metaspace: 112K(320K)->112K(320K) NonClass: 105K(192K)->105K(192K) Class: 7K(128K)->7K(128K)
[2026-06-17T10:01:19.911+0800][17.538s][info][gc             ] GC(674) Pause Young (Allocation Failure) 30M->27M(57M) 3.055ms
[2026-06-17T10:01:19.911+0800][17.539s][info][gc,cpu         ] GC(674) User=0.01s Sys=0.00s Real=0.01s
[2026-06-17T10:01:19.933+0800][17.561s][info][gc,start       ] GC(675) Pause Young (Allocation Failure)
[2026-06-17T10:01:19.935+0800][17.563s][info][gc,heap        ] GC(675) PSYoungGen: 10907K(14336K)->2314K(14336K) Eden: 7132K(7168K)->0K(7168K) From: 3775K(7168K)->2314K(7168K)
[2026-06-17T10:01:19.936+0800][17.564s][info][gc,heap        ] GC(675) ParOldGen: 24412K(44032K)->25739K(44032K)
[2026-06-17T10:01:19.937+0800][17.565s][info][gc,metaspace   ] GC(675) Metaspace: 112K(320K)->112K(320K) NonClass: 105K(192K)->105K(192K) Class: 7K(128K)->7K(128K)
[2026-06-17T10:01:19.938+0800][17.565s][info][gc             ] GC(675) Pause Young (Allocation Failure) 34M->27M(57M) 4.183ms
[2026-06-17T10:01:19.938+0800][17.566s][info][gc,cpu         ] GC(675) User=0.00s Sys=0.00s Real=0.00s
[2026-06-17T10:01:19.950+0800][17.578s][info][gc,start       ] GC(676) Pause Young (Allocation Failure)
[2026-06-17T10:01:19.953+0800][17.581s][info][gc,heap        ] GC(676) PSYoungGen: 9132K(14336K)->738K(14336K) Eden: 6818K(7168K)->0K(7168K) From: 2314K(7168K)->738K(7168K)
[2026-06-17T10:01:19.955+0800][17.582s][info][gc,heap        ] GC(676) ParOldGen: 25739K(44032K)->27362K(44032K)
[2026-06-17T10:01:19.956+0800][17.584s][info][gc,metaspace   ] GC(676) Metaspace: 112K(320K)->112K(320K) NonClass: 105K(192K)->105K(192K) Class: 7K(128K)->7K(128K)
[2026-06-17T10:01:19.959+0800][17.586s][info][gc             ] GC(676) Pause Young (Allocation Failure) 34M->27M(57M) 8.877ms
[2026-06-17T10:01:19.961+0800][17.589s][info][gc,cpu         ] GC(676) User=0.00s Sys=0.00s Real=0.01s
[2026-06-17T10:01:19.985+0800][17.613s][info][gc,start       ] GC(677) Pause Young (Allocation Failure)
[2026-06-17T10:01:19.988+0800][17.615s][info][gc,heap        ] GC(677) PSYoungGen: 7890K(14336K)->3828K(14336K) Eden: 7152K(7168K)->0K(7168K) From: 738K(7168K)->3828K(7168K)
[2026-06-17T10:01:19.988+0800][17.616s][info][gc,heap        ] GC(677) ParOldGen: 27362K(44032K)->28076K(44032K)
[2026-06-17T10:01:19.989+0800][17.617s][info][gc,metaspace   ] GC(677) Metaspace: 112K(320K)->112K(320K) NonClass: 105K(192K)->105K(192K) Class: 7K(128K)->7K(128K)
[2026-06-17T10:01:19.990+0800][17.617s][info][gc             ] GC(677) Pause Young (Allocation Failure) 34M->31M(57M) 4.573ms
[2026-06-17T10:01:19.990+0800][17.618s][info][gc,cpu         ] GC(677) User=0.01s Sys=0.00s Real=0.00s
[2026-06-17T10:01:20.013+0800][17.640s][info][gc,start       ] GC(678) Pause Young (Allocation Failure)
[2026-06-17T10:01:20.014+0800][17.642s][info][gc,heap        ] GC(678) PSYoungGen: 10991K(14336K)->2045K(14336K) Eden: 7162K(7168K)->0K(7168K) From: 3828K(7168K)->2045K(7168K)
[2026-06-17T10:01:20.015+0800][17.642s][info][gc,heap        ] GC(678) ParOldGen: 28076K(44032K)->30398K(44032K)
[2026-06-17T10:01:20.015+0800][17.643s][info][gc,metaspace   ] GC(678) Metaspace: 112K(320K)->112K(320K) NonClass: 105K(192K)->105K(192K) Class: 7K(128K)->7K(128K)
[2026-06-17T10:01:20.016+0800][17.644s][info][gc             ] GC(678) Pause Young (Allocation Failure) 38M->31M(57M) 3.179ms
[2026-06-17T10:01:20.016+0800][17.644s][info][gc,cpu         ] GC(678) User=0.00s Sys=0.00s Real=0.00s
[2026-06-17T10:01:20.038+0800][17.666s][info][gc,start       ] GC(679) Pause Young (Allocation Failure)
[2026-06-17T10:01:20.040+0800][17.668s][info][gc,heap        ] GC(679) PSYoungGen: 9196K(14336K)->250K(14336K) Eden: 7151K(7168K)->0K(7168K) From: 2045K(7168K)->250K(7168K)
[2026-06-17T10:01:20.041+0800][17.669s][info][gc,heap        ] GC(679) ParOldGen: 30398K(44032K)->32419K(44032K)
[2026-06-17T10:01:20.041+0800][17.669s][info][gc,metaspace   ] GC(679) Metaspace: 112K(320K)->112K(320K) NonClass: 105K(192K)->105K(192K) Class: 7K(128K)->7K(128K)
[2026-06-17T10:01:20.042+0800][17.670s][info][gc             ] GC(679) Pause Young (Allocation Failure) 38M->31M(57M) 3.659ms
[2026-06-17T10:01:20.043+0800][17.671s][info][gc,cpu         ] GC(679) User=0.00s Sys=0.00s Real=0.01s
[2026-06-17T10:01:20.055+0800][17.683s][info][gc,start       ] GC(680) Pause Young (Allocation Failure)
[2026-06-17T10:01:20.057+0800][17.685s][info][gc,heap        ] GC(680) PSYoungGen: 7396K(14336K)->3922K(14336K) Eden: 7146K(7168K)->0K(7168K) From: 250K(7168K)->3922K(7168K)
[2026-06-17T10:01:20.058+0800][17.685s][info][gc,heap        ] GC(680) ParOldGen: 32419K(44032K)->32419K(44032K)
[2026-06-17T10:01:20.059+0800][17.686s][info][gc,metaspace   ] GC(680) Metaspace: 112K(320K)->112K(320K) NonClass: 105K(192K)->105K(192K) Class: 7K(128K)->7K(128K)
[2026-06-17T10:01:20.059+0800][17.687s][info][gc             ] GC(680) Pause Young (Allocation Failure) 38M->35M(57M) 3.970ms
[2026-06-17T10:01:20.060+0800][17.687s][info][gc,cpu         ] GC(680) User=0.00s Sys=0.00s Real=0.00s
[2026-06-17T10:01:20.082+0800][17.710s][info][gc,start       ] GC(681) Pause Young (Allocation Failure)
[2026-06-17T10:01:20.084+0800][17.712s][info][gc,heap        ] GC(681) PSYoungGen: 11064K(14336K)->1740K(14336K) Eden: 7142K(7168K)->0K(7168K) From: 3922K(7168K)->1740K(7168K)
[2026-06-17T10:01:20.085+0800][17.713s][info][gc,heap        ] GC(681) ParOldGen: 32419K(44032K)->34641K(44032K)
[2026-06-17T10:01:20.086+0800][17.713s][info][gc,metaspace   ] GC(681) Metaspace: 112K(320K)->112K(320K) NonClass: 105K(192K)->105K(192K) Class: 7K(128K)->7K(128K)
[2026-06-17T10:01:20.086+0800][17.714s][info][gc             ] GC(681) Pause Young (Allocation Failure) 42M->35M(57M) 4.402ms
[2026-06-17T10:01:20.087+0800][17.715s][info][gc,cpu         ] GC(681) User=0.01s Sys=0.00s Real=0.01s
[2026-06-17T10:01:20.099+0800][17.727s][info][gc,start       ] GC(682) Pause Young (Allocation Failure)
[2026-06-17T10:01:20.101+0800][17.728s][info][gc,heap        ] GC(682) PSYoungGen: 8891K(14336K)->5521K(14336K) Eden: 7150K(7168K)->0K(7168K) From: 1740K(7168K)->5521K(7168K)
[2026-06-17T10:01:20.101+0800][17.729s][info][gc,heap        ] GC(682) ParOldGen: 34641K(44032K)->34641K(44032K)
[2026-06-17T10:01:20.102+0800][17.730s][info][gc,metaspace   ] GC(682) Metaspace: 112K(320K)->112K(320K) NonClass: 105K(192K)->105K(192K) Class: 7K(128K)->7K(128K)
[2026-06-17T10:01:20.103+0800][17.730s][info][gc             ] GC(682) Pause Young (Allocation Failure) 42M->39M(57M) 3.526ms
[2026-06-17T10:01:20.103+0800][17.731s][info][gc,cpu         ] GC(682) User=0.00s Sys=0.00s Real=0.01s
[2026-06-17T10:01:20.125+0800][17.753s][info][gc,start       ] GC(683) Pause Young (Allocation Failure)
[2026-06-17T10:01:20.127+0800][17.754s][info][gc,heap        ] GC(683) PSYoungGen: 12685K(14336K)->170K(14336K) Eden: 7164K(7168K)->0K(7168K) From: 5521K(7168K)->170K(7168K)
[2026-06-17T10:01:20.127+0800][17.755s][info][gc,heap        ] GC(683) ParOldGen: 34641K(44032K)->36742K(44032K)
[2026-06-17T10:01:20.128+0800][17.756s][info][gc,metaspace   ] GC(683) Metaspace: 112K(320K)->112K(320K) NonClass: 105K(192K)->105K(192K) Class: 7K(128K)->7K(128K)
[2026-06-17T10:01:20.128+0800][17.756s][info][gc             ] GC(683) Pause Young (Allocation Failure) 46M->36M(57M) 3.148ms
[2026-06-17T10:01:20.129+0800][17.757s][info][gc,cpu         ] GC(683) User=0.00s Sys=0.00s Real=0.00s
[2026-06-17T10:01:20.151+0800][17.779s][info][gc,start       ] GC(684) Pause Young (Allocation Failure)
[2026-06-17T10:01:20.152+0800][17.780s][info][gc,heap        ] GC(684) PSYoungGen: 7304K(14336K)->3723K(14336K) Eden: 7134K(7168K)->0K(7168K) From: 170K(7168K)->3723K(7168K)
[2026-06-17T10:01:20.153+0800][17.781s][info][gc,heap        ] GC(684) ParOldGen: 36742K(44032K)->36888K(44032K)
[2026-06-17T10:01:20.153+0800][17.781s][info][gc,metaspace   ] GC(684) Metaspace: 112K(320K)->112K(320K) NonClass: 105K(192K)->105K(192K) Class: 7K(128K)->7K(128K)
[2026-06-17T10:01:20.154+0800][17.782s][info][gc             ] GC(684) Pause Young (Allocation Failure) 43M->39M(57M) 2.811ms
[2026-06-17T10:01:20.154+0800][17.782s][info][gc,cpu         ] GC(684) User=0.00s Sys=0.00s Real=0.00s
[2026-06-17T10:01:20.176+0800][17.803s][info][gc,start       ] GC(685) Pause Young (Allocation Failure)
[2026-06-17T10:01:20.177+0800][17.805s][info][gc,heap        ] GC(685) PSYoungGen: 10841K(14336K)->2314K(14336K) Eden: 7118K(7168K)->0K(7168K) From: 3723K(7168K)->2314K(7168K)
[2026-06-17T10:01:20.178+0800][17.805s][info][gc,heap        ] GC(685) ParOldGen: 36888K(44032K)->38517K(44032K)
[2026-06-17T10:01:20.178+0800][17.806s][info][gc,metaspace   ] GC(685) Metaspace: 112K(320K)->112K(320K) NonClass: 105K(192K)->105K(192K) Class: 7K(128K)->7K(128K)
[2026-06-17T10:01:20.178+0800][17.806s][info][gc             ] GC(685) Pause Young (Allocation Failure) 46M->39M(57M) 2.538ms
[2026-06-17T10:01:20.179+0800][17.806s][info][gc,cpu         ] GC(685) User=0.00s Sys=0.00s Real=0.00s
[2026-06-17T10:01:20.190+0800][17.818s][info][gc,start       ] GC(686) Pause Young (Allocation Failure)
[2026-06-17T10:01:20.191+0800][17.819s][info][gc,heap        ] GC(686) PSYoungGen: 8618K(14336K)->0K(14336K) Eden: 6304K(7168K)->0K(7168K) From: 2314K(7168K)->0K(7168K)
[2026-06-17T10:01:20.192+0800][17.819s][info][gc,heap        ] GC(686) ParOldGen: 38517K(44032K)->40408K(44032K)
[2026-06-17T10:01:20.192+0800][17.820s][info][gc,metaspace   ] GC(686) Metaspace: 112K(320K)->112K(320K) NonClass: 105K(192K)->105K(192K) Class: 7K(128K)->7K(128K)
[2026-06-17T10:01:20.192+0800][17.820s][info][gc             ] GC(686) Pause Young (Allocation Failure) 46M->39M(57M) 2.512ms
[2026-06-17T10:01:20.193+0800][17.821s][info][gc,cpu         ] GC(686) User=0.00s Sys=0.00s Real=0.01s
[2026-06-17T10:01:20.215+0800][17.843s][info][gc,start       ] GC(687) Pause Young (Allocation Failure)
[2026-06-17T10:01:20.217+0800][17.845s][info][gc,heap        ] GC(687) PSYoungGen: 7121K(14336K)->3520K(14336K) Eden: 7121K(7168K)->0K(7168K) From: 0K(7168K)->3520K(7168K)
[2026-06-17T10:01:20.217+0800][17.845s][info][gc,heap        ] GC(687) ParOldGen: 40408K(44032K)->40408K(44032K)
[2026-06-17T10:01:20.218+0800][17.846s][info][gc,metaspace   ] GC(687) Metaspace: 112K(320K)->112K(320K) NonClass: 105K(192K)->105K(192K) Class: 7K(128K)->7K(128K)
[2026-06-17T10:01:20.227+0800][17.855s][info][gc             ] GC(687) Pause Young (Allocation Failure) 46M->42M(57M) 12.026ms
[2026-06-17T10:01:20.228+0800][17.855s][info][gc,cpu         ] GC(687) User=0.00s Sys=0.00s Real=0.01s
[2026-06-17T10:01:20.250+0800][17.878s][info][gc,start       ] GC(688) Pause Young (Allocation Failure)
[2026-06-17T10:01:20.251+0800][17.879s][info][gc,heap        ] GC(688) PSYoungGen: 10685K(14336K)->796K(14336K) Eden: 7165K(7168K)->0K(7168K) From: 3520K(7168K)->796K(7168K)
[2026-06-17T10:01:20.252+0800][17.880s][info][gc,heap        ] GC(688) ParOldGen: 40408K(44032K)->43395K(44032K)
[2026-06-17T10:01:20.252+0800][17.880s][info][gc,metaspace   ] GC(688) Metaspace: 112K(320K)->112K(320K) NonClass: 105K(192K)->105K(192K) Class: 7K(128K)->7K(128K)
[2026-06-17T10:01:20.253+0800][17.881s][info][gc             ] GC(688) Pause Young (Allocation Failure) 49M->43M(57M) 2.972ms
[2026-06-17T10:01:20.253+0800][17.881s][info][gc,cpu         ] GC(688) User=0.00s Sys=0.01s Real=0.01s
[2026-06-17T10:01:20.265+0800][17.892s][info][gc,start       ] GC(689) Pause Full (Ergonomics)
[2026-06-17T10:01:20.265+0800][17.893s][info][gc,phases,start] GC(689) Marking Phase
[2026-06-17T10:01:20.267+0800][17.895s][info][gc,phases      ] GC(689) Marking Phase 2.167ms
[2026-06-17T10:01:20.267+0800][17.895s][info][gc,phases,start] GC(689) Summary Phase
[2026-06-17T10:01:20.268+0800][17.895s][info][gc,phases      ] GC(689) Summary Phase 0.205ms
[2026-06-17T10:01:20.268+0800][17.896s][info][gc,phases,start] GC(689) Adjust Roots
[2026-06-17T10:01:20.268+0800][17.896s][info][gc,phases      ] GC(689) Adjust Roots 0.349ms
[2026-06-17T10:01:20.269+0800][17.896s][info][gc,phases,start] GC(689) Compaction Phase
[2026-06-17T10:01:20.270+0800][17.898s][info][gc,phases      ] GC(689) Compaction Phase 1.898ms
[2026-06-17T10:01:20.271+0800][17.898s][info][gc,phases,start] GC(689) Post Compact
[2026-06-17T10:01:20.271+0800][17.899s][info][gc,phases      ] GC(689) Post Compact 0.264ms
[2026-06-17T10:01:20.271+0800][17.899s][info][gc,heap        ] GC(689) PSYoungGen: 7950K(14336K)->0K(14336K) Eden: 7154K(7168K)->0K(7168K) From: 796K(7168K)->0K(7168K)
[2026-06-17T10:01:20.271+0800][17.899s][info][gc,heap        ] GC(689) ParOldGen: 43395K(44032K)->25728K(44032K)
[2026-06-17T10:01:20.272+0800][17.899s][info][gc,metaspace   ] GC(689) Metaspace: 112K(320K)->112K(320K) NonClass: 105K(192K)->105K(192K) Class: 7K(128K)->7K(128K)
[2026-06-17T10:01:20.272+0800][17.899s][info][gc             ] GC(689) Pause Full (Ergonomics) 50M->25M(57M) 7.179ms
[2026-06-17T10:01:20.272+0800][17.900s][info][gc,cpu         ] GC(689) User=0.01s Sys=0.00s Real=0.01s
[2026-06-17T10:01:20.294+0800][17.921s][info][gc,start       ] GC(690) Pause Young (Allocation Failure)
[2026-06-17T10:01:20.295+0800][17.923s][info][gc,heap        ] GC(690) PSYoungGen: 7166K(14336K)->3710K(14336K) Eden: 7166K(7168K)->0K(7168K) From: 0K(7168K)->3710K(7168K)
[2026-06-17T10:01:20.297+0800][17.924s][info][gc,heap        ] GC(690) ParOldGen: 25728K(44032K)->25728K(44032K)
[2026-06-17T10:01:20.297+0800][17.925s][info][gc,metaspace   ] GC(690) Metaspace: 112K(320K)->112K(320K) NonClass: 105K(192K)->105K(192K) Class: 7K(128K)->7K(128K)
[2026-06-17T10:01:20.299+0800][17.927s][info][gc             ] GC(690) Pause Young (Allocation Failure) 32M->28M(57M) 5.623ms
[2026-06-17T10:01:20.303+0800][17.931s][info][gc,cpu         ] GC(690) User=0.00s Sys=0.00s Real=0.01s
[2026-06-17T10:01:20.327+0800][17.955s][info][gc,start       ] GC(691) Pause Young (Allocation Failure)
[2026-06-17T10:01:20.329+0800][17.957s][info][gc,heap        ] GC(691) PSYoungGen: 10840K(14336K)->2616K(14848K) Eden: 7130K(7168K)->0K(7680K) From: 3710K(7168K)->2616K(7168K)
[2026-06-17T10:01:20.329+0800][17.957s][info][gc,heap        ] GC(691) ParOldGen: 25728K(44032K)->26791K(44032K)
[2026-06-17T10:01:20.330+0800][17.957s][info][gc,metaspace   ] GC(691) Metaspace: 112K(320K)->112K(320K) NonClass: 105K(192K)->105K(192K) Class: 7K(128K)->7K(128K)
[2026-06-17T10:01:20.330+0800][17.958s][info][gc             ] GC(691) Pause Young (Allocation Failure) 35M->28M(57M) 2.645ms
[2026-06-17T10:01:20.331+0800][17.958s][info][gc,cpu         ] GC(691) User=0.00s Sys=0.00s Real=0.01s
[2026-06-17T10:01:20.342+0800][17.970s][info][gc,start       ] GC(692) Pause Young (Allocation Failure)
[2026-06-17T10:01:20.343+0800][17.971s][info][gc,heap        ] GC(692) PSYoungGen: 9973K(14848K)->3227K(14336K) Eden: 7357K(7680K)->0K(7680K) From: 2616K(7168K)->3227K(6656K)
[2026-06-17T10:01:20.343+0800][17.971s][info][gc,heap        ] GC(692) ParOldGen: 26791K(44032K)->26791K(44032K)
[2026-06-17T10:01:20.343+0800][17.971s][info][gc,metaspace   ] GC(692) Metaspace: 112K(320K)->112K(320K) NonClass: 105K(192K)->105K(192K) Class: 7K(128K)->7K(128K)
[2026-06-17T10:01:20.344+0800][17.972s][info][gc             ] GC(692) Pause Young (Allocation Failure) 35M->29M(57M) 2.297ms
[2026-06-17T10:01:20.345+0800][17.972s][info][gc,cpu         ] GC(692) User=0.00s Sys=0.00s Real=0.01s
[2026-06-17T10:01:20.376+0800][18.004s][info][gc,start       ] GC(693) Pause Young (Allocation Failure)
[2026-06-17T10:01:20.377+0800][18.005s][info][gc,heap        ] GC(693) PSYoungGen: 10903K(14336K)->2440K(15360K) Eden: 7675K(7680K)->0K(8704K) From: 3227K(6656K)->2440K(6656K)
[2026-06-17T10:01:20.378+0800][18.006s][info][gc,heap        ] GC(693) ParOldGen: 26791K(44032K)->28614K(44032K)
[2026-06-17T10:01:20.378+0800][18.006s][info][gc,metaspace   ] GC(693) Metaspace: 112K(320K)->112K(320K) NonClass: 105K(192K)->105K(192K) Class: 7K(128K)->7K(128K)
[2026-06-17T10:01:20.379+0800][18.006s][info][gc             ] GC(693) Pause Young (Allocation Failure) 36M->30M(58M) 2.495ms
[2026-06-17T10:01:20.379+0800][18.007s][info][gc,cpu         ] GC(693) User=0.00s Sys=0.00s Real=0.00s
[2026-06-17T10:01:20.391+0800][18.019s][info][gc,start       ] GC(694) Pause Young (Allocation Failure)
[2026-06-17T10:01:20.393+0800][18.021s][info][gc,heap        ] GC(694) PSYoungGen: 11092K(15360K)->6104K(14848K) Eden: 8652K(8704K)->0K(8704K) From: 2440K(6656K)->6104K(6144K)
[2026-06-17T10:01:20.393+0800][18.021s][info][gc,heap        ] GC(694) ParOldGen: 28614K(44032K)->29977K(44032K)
[2026-06-17T10:01:20.394+0800][18.022s][info][gc,metaspace   ] GC(694) Metaspace: 112K(320K)->112K(320K) NonClass: 105K(192K)->105K(192K) Class: 7K(128K)->7K(128K)
[2026-06-17T10:01:20.394+0800][18.022s][info][gc             ] GC(694) Pause Young (Allocation Failure) 38M->35M(57M) 3.510ms
[2026-06-17T10:01:20.395+0800][18.022s][info][gc,cpu         ] GC(694) User=0.00s Sys=0.00s Real=0.00s
[2026-06-17T10:01:20.416+0800][18.044s][info][gc,start       ] GC(695) Pause Young (Allocation Failure)
[2026-06-17T10:01:20.418+0800][18.045s][info][gc,heap        ] GC(695) PSYoungGen: 14808K(14848K)->3594K(13824K) Eden: 8703K(8704K)->0K(7168K) From: 6104K(6144K)->3594K(6656K)
[2026-06-17T10:01:20.419+0800][18.047s][info][gc,heap        ] GC(695) ParOldGen: 29977K(44032K)->30866K(44032K)
[2026-06-17T10:01:20.419+0800][18.047s][info][gc,metaspace   ] GC(695) Metaspace: 112K(320K)->112K(320K) NonClass: 105K(192K)->105K(192K) Class: 7K(128K)->7K(128K)
[2026-06-17T10:01:20.420+0800][18.047s][info][gc             ] GC(695) Pause Young (Allocation Failure) 43M->33M(56M) 3.348ms
[2026-06-17T10:01:20.420+0800][18.048s][info][gc,cpu         ] GC(695) User=0.00s Sys=0.00s Real=0.00s
[2026-06-17T10:01:20.442+0800][18.069s][info][gc,start       ] GC(696) Pause Young (Allocation Failure)
[2026-06-17T10:01:20.443+0800][18.071s][info][gc,heap        ] GC(696) PSYoungGen: 10741K(13824K)->3771K(14336K) Eden: 7147K(7168K)->0K(7168K) From: 3594K(6656K)->3771K(7168K)
[2026-06-17T10:01:20.444+0800][18.072s][info][gc,heap        ] GC(696) ParOldGen: 30866K(44032K)->34412K(44032K)
[2026-06-17T10:01:20.444+0800][18.072s][info][gc,metaspace   ] GC(696) Metaspace: 112K(320K)->112K(320K) NonClass: 105K(192K)->105K(192K) Class: 7K(128K)->7K(128K)
[2026-06-17T10:01:20.444+0800][18.072s][info][gc             ] GC(696) Pause Young (Allocation Failure) 40M->37M(57M) 2.927ms
[2026-06-17T10:01:20.445+0800][18.072s][info][gc,cpu         ] GC(696) User=0.00s Sys=0.00s Real=0.01s
[2026-06-17T10:01:20.466+0800][18.094s][info][gc,start       ] GC(697) Pause Young (Allocation Failure)
[2026-06-17T10:01:20.468+0800][18.095s][info][gc,heap        ] GC(697) PSYoungGen: 10939K(14336K)->2354K(14848K) Eden: 7168K(7168K)->0K(8192K) From: 3771K(7168K)->2354K(6656K)
[2026-06-17T10:01:20.470+0800][18.097s][info][gc,heap        ] GC(697) ParOldGen: 34412K(44032K)->36205K(44032K)
[2026-06-17T10:01:20.470+0800][18.098s][info][gc,metaspace   ] GC(697) Metaspace: 112K(320K)->112K(320K) NonClass: 105K(192K)->105K(192K) Class: 7K(128K)->7K(128K)
[2026-06-17T10:01:20.471+0800][18.099s][info][gc             ] GC(697) Pause Young (Allocation Failure) 44M->37M(57M) 4.825ms
[2026-06-17T10:01:20.472+0800][18.100s][info][gc,cpu         ] GC(697) User=0.00s Sys=0.00s Real=0.01s
[2026-06-17T10:01:20.494+0800][18.121s][info][gc,start       ] GC(698) Pause Young (Allocation Failure)
[2026-06-17T10:01:20.495+0800][18.122s][info][gc,heap        ] GC(698) PSYoungGen: 10528K(14848K)->1971K(14848K) Eden: 8173K(8192K)->0K(8192K) From: 2354K(6656K)->1971K(6656K)
[2026-06-17T10:01:20.495+0800][18.123s][info][gc,heap        ] GC(698) ParOldGen: 36205K(44032K)->38142K(44032K)
[2026-06-17T10:01:20.495+0800][18.123s][info][gc,metaspace   ] GC(698) Metaspace: 112K(320K)->112K(320K) NonClass: 105K(192K)->105K(192K) Class: 7K(128K)->7K(128K)
[2026-06-17T10:01:20.495+0800][18.123s][info][gc             ] GC(698) Pause Young (Allocation Failure) 45M->39M(57M) 1.696ms
[2026-06-17T10:01:20.496+0800][18.123s][info][gc,cpu         ] GC(698) User=0.01s Sys=0.00s Real=0.00s
[2026-06-17T10:01:20.517+0800][18.145s][info][gc,start       ] GC(699) Pause Young (Allocation Failure)
[2026-06-17T10:01:20.518+0800][18.146s][info][gc,heap        ] GC(699) PSYoungGen: 10149K(14848K)->3248K(15360K) Eden: 8177K(8192K)->0K(8704K) From: 1971K(6656K)->3248K(6656K)
[2026-06-17T10:01:20.520+0800][18.147s][info][gc,heap        ] GC(699) ParOldGen: 38142K(44032K)->38142K(44032K)
[2026-06-17T10:01:20.520+0800][18.148s][info][gc,metaspace   ] GC(699) Metaspace: 112K(320K)->112K(320K) NonClass: 105K(192K)->105K(192K) Class: 7K(128K)->7K(128K)
[2026-06-17T10:01:20.521+0800][18.148s][info][gc             ] GC(699) Pause Young (Allocation Failure) 47M->40M(58M) 3.524ms
[2026-06-17T10:01:20.521+0800][18.149s][info][gc,cpu         ] GC(699) User=0.00s Sys=0.00s Real=0.00s
[2026-06-17T10:01:20.544+0800][18.172s][info][gc,start       ] GC(700) Pause Young (Allocation Failure)
[2026-06-17T10:01:20.545+0800][18.173s][info][gc,heap        ] GC(700) PSYoungGen: 11935K(15360K)->2707K(14848K) Eden: 8686K(8704K)->0K(8704K) From: 3248K(6656K)->2707K(6144K)
[2026-06-17T10:01:20.546+0800][18.174s][info][gc,heap        ] GC(700) ParOldGen: 38142K(44032K)->40552K(44032K)
[2026-06-17T10:01:20.546+0800][18.174s][info][gc,metaspace   ] GC(700) Metaspace: 112K(320K)->112K(320K) NonClass: 105K(192K)->105K(192K) Class: 7K(128K)->7K(128K)
[2026-06-17T10:01:20.546+0800][18.174s][info][gc             ] GC(700) Pause Young (Allocation Failure) 48M->42M(57M) 2.493ms
[2026-06-17T10:01:20.547+0800][18.174s][info][gc,cpu         ] GC(700) User=0.00s Sys=0.00s Real=0.00s
[2026-06-17T10:01:20.569+0800][18.196s][info][gc,start       ] GC(701) Pause Full (Ergonomics)
[2026-06-17T10:01:20.569+0800][18.197s][info][gc,phases,start] GC(701) Marking Phase
[2026-06-17T10:01:20.572+0800][18.199s][info][gc,phases      ] GC(701) Marking Phase 2.606ms
[2026-06-17T10:01:20.572+0800][18.200s][info][gc,phases,start] GC(701) Summary Phase
[2026-06-17T10:01:20.572+0800][18.200s][info][gc,phases      ] GC(701) Summary Phase 0.452ms
[2026-06-17T10:01:20.573+0800][18.201s][info][gc,phases,start] GC(701) Adjust Roots
[2026-06-17T10:01:20.573+0800][18.201s][info][gc,phases      ] GC(701) Adjust Roots 0.439ms
[2026-06-17T10:01:20.574+0800][18.201s][info][gc,phases,start] GC(701) Compaction Phase
[2026-06-17T10:01:20.576+0800][18.204s][info][gc,phases      ] GC(701) Compaction Phase 2.294ms
[2026-06-17T10:01:20.576+0800][18.204s][info][gc,phases,start] GC(701) Post Compact
[2026-06-17T10:01:20.577+0800][18.205s][info][gc,phases      ] GC(701) Post Compact 0.504ms
[2026-06-17T10:01:20.577+0800][18.205s][info][gc,heap        ] GC(701) PSYoungGen: 11373K(14848K)->0K(15360K) Eden: 8666K(8704K)->0K(9216K) From: 2707K(6144K)->0K(6144K)
[2026-06-17T10:01:20.577+0800][18.205s][info][gc,heap        ] GC(701) ParOldGen: 40552K(44032K)->32473K(44032K)
[2026-06-17T10:01:20.578+0800][18.205s][info][gc,metaspace   ] GC(701) Metaspace: 112K(320K)->112K(320K) NonClass: 105K(192K)->105K(192K) Class: 7K(128K)->7K(128K)
[2026-06-17T10:01:20.578+0800][18.206s][info][gc             ] GC(701) Pause Full (Ergonomics) 50M->31M(58M) 9.390ms
[2026-06-17T10:01:20.578+0800][18.206s][info][gc,cpu         ] GC(701) User=0.01s Sys=0.00s Real=0.01s
[2026-06-17T10:01:20.600+0800][18.227s][info][gc,start       ] GC(702) Pause Young (Allocation Failure)
[2026-06-17T10:01:20.601+0800][18.229s][info][gc,heap        ] GC(702) PSYoungGen: 9196K(15360K)->5713K(15360K) Eden: 9196K(9216K)->0K(9216K) From: 0K(6144K)->5713K(6144K)
[2026-06-17T10:01:20.601+0800][18.229s][info][gc,heap        ] GC(702) ParOldGen: 32473K(44032K)->32473K(44032K)
[2026-06-17T10:01:20.602+0800][18.229s][info][gc,metaspace   ] GC(702) Metaspace: 112K(320K)->112K(320K) NonClass: 105K(192K)->105K(192K) Class: 7K(128K)->7K(128K)
[2026-06-17T10:01:20.602+0800][18.230s][info][gc             ] GC(702) Pause Young (Allocation Failure) 40M->37M(58M) 2.354ms
[2026-06-17T10:01:20.602+0800][18.230s][info][gc,cpu         ] GC(702) User=0.00s Sys=0.00s Real=0.00s
[2026-06-17T10:01:20.624+0800][18.252s][info][gc,start       ] GC(703) Pause Young (Allocation Failure)
[2026-06-17T10:01:20.626+0800][18.253s][info][gc,heap        ] GC(703) PSYoungGen: 14910K(15360K)->6143K(13312K) Eden: 9197K(9216K)->0K(7168K) From: 5713K(6144K)->6143K(6144K)
[2026-06-17T10:01:20.626+0800][18.254s][info][gc,heap        ] GC(703) ParOldGen: 32473K(44032K)->34232K(44032K)
[2026-06-17T10:01:20.627+0800][18.254s][info][gc,metaspace   ] GC(703) Metaspace: 112K(320K)->112K(320K) NonClass: 105K(192K)->105K(192K) Class: 7K(128K)->7K(128K)
[2026-06-17T10:01:20.627+0800][18.255s][info][gc             ] GC(703) Pause Young (Allocation Failure) 46M->39M(56M) 3.129ms
[2026-06-17T10:01:20.630+0800][18.257s][info][gc,cpu         ] GC(703) User=0.01s Sys=0.00s Real=0.00s
[2026-06-17T10:01:20.652+0800][18.279s][info][gc,start       ] GC(704) Pause Young (Allocation Failure)
[2026-06-17T10:01:20.653+0800][18.281s][info][gc,heap        ] GC(704) PSYoungGen: 13151K(13312K)->178K(14336K) Eden: 7008K(7168K)->0K(7168K) From: 6143K(6144K)->178K(7168K)
[2026-06-17T10:01:20.653+0800][18.281s][info][gc,heap        ] GC(704) ParOldGen: 34232K(44032K)->37730K(44032K)
[2026-06-17T10:01:20.654+0800][18.281s][info][gc,metaspace   ] GC(704) Metaspace: 112K(320K)->112K(320K) NonClass: 105K(192K)->105K(192K) Class: 7K(128K)->7K(128K)
[2026-06-17T10:01:20.654+0800][18.282s][info][gc             ] GC(704) Pause Young (Allocation Failure) 46M->37M(57M) 2.427ms
[2026-06-17T10:01:20.654+0800][18.282s][info][gc,cpu         ] GC(704) User=0.00s Sys=0.00s Real=0.00s
[2026-06-17T10:01:20.676+0800][18.303s][info][gc,start       ] GC(705) Pause Young (Allocation Failure)
[2026-06-17T10:01:20.678+0800][18.305s][info][gc,heap        ] GC(705) PSYoungGen: 7306K(14336K)->3715K(14336K) Eden: 7128K(7168K)->0K(7168K) From: 178K(7168K)->3715K(7168K)
[2026-06-17T10:01:20.678+0800][18.306s][info][gc,heap        ] GC(705) ParOldGen: 37730K(44032K)->37884K(44032K)
[2026-06-17T10:01:20.679+0800][18.306s][info][gc,metaspace   ] GC(705) Metaspace: 112K(320K)->112K(320K) NonClass: 105K(192K)->105K(192K) Class: 7K(128K)->7K(128K)
[2026-06-17T10:01:20.679+0800][18.307s][info][gc             ] GC(705) Pause Young (Allocation Failure) 43M->40M(57M) 3.668ms
[2026-06-17T10:01:20.680+0800][18.308s][info][gc,cpu         ] GC(705) User=0.00s Sys=0.00s Real=0.00s
[2026-06-17T10:01:20.692+0800][18.320s][info][gc,start       ] GC(706) Pause Young (Allocation Failure)
[2026-06-17T10:01:20.694+0800][18.321s][info][gc,heap        ] GC(706) PSYoungGen: 10769K(14336K)->1095K(14336K) Eden: 7053K(7168K)->0K(7168K) From: 3715K(7168K)->1095K(7168K)
[2026-06-17T10:01:20.695+0800][18.322s][info][gc,heap        ] GC(706) ParOldGen: 37884K(44032K)->40695K(44032K)
[2026-06-17T10:01:20.695+0800][18.323s][info][gc,metaspace   ] GC(706) Metaspace: 112K(320K)->112K(320K) NonClass: 105K(192K)->105K(192K) Class: 7K(128K)->7K(128K)
[2026-06-17T10:01:20.696+0800][18.323s][info][gc             ] GC(706) Pause Young (Allocation Failure) 47M->40M(57M) 3.619ms
[2026-06-17T10:01:20.696+0800][18.324s][info][gc,cpu         ] GC(706) User=0.01s Sys=0.00s Real=0.00s
[2026-06-17T10:01:20.718+0800][18.346s][info][gc,start       ] GC(707) Pause Full (Ergonomics)
[2026-06-17T10:01:20.719+0800][18.347s][info][gc,phases,start] GC(707) Marking Phase
[2026-06-17T10:01:20.723+0800][18.350s][info][gc,phases      ] GC(707) Marking Phase 3.567ms
[2026-06-17T10:01:20.723+0800][18.351s][info][gc,phases,start] GC(707) Summary Phase
[2026-06-17T10:01:20.724+0800][18.351s][info][gc,phases      ] GC(707) Summary Phase 0.372ms
[2026-06-17T10:01:20.724+0800][18.352s][info][gc,phases,start] GC(707) Adjust Roots
[2026-06-17T10:01:20.725+0800][18.352s][info][gc,phases      ] GC(707) Adjust Roots 0.582ms
[2026-06-17T10:01:20.725+0800][18.353s][info][gc,phases,start] GC(707) Compaction Phase
[2026-06-17T10:01:20.728+0800][18.356s][info][gc,phases      ] GC(707) Compaction Phase 2.766ms
[2026-06-17T10:01:20.728+0800][18.356s][info][gc,phases,start] GC(707) Post Compact
[2026-06-17T10:01:20.729+0800][18.357s][info][gc,phases      ] GC(707) Post Compact 0.511ms
[2026-06-17T10:01:20.729+0800][18.357s][info][gc,heap        ] GC(707) PSYoungGen: 8258K(14336K)->0K(14336K) Eden: 7163K(7168K)->0K(7168K) From: 1095K(7168K)->0K(7168K)
[2026-06-17T10:01:20.730+0800][18.357s][info][gc,heap        ] GC(707) ParOldGen: 40695K(44032K)->25364K(44032K)
[2026-06-17T10:01:20.730+0800][18.358s][info][gc,metaspace   ] GC(707) Metaspace: 112K(320K)->112K(320K) NonClass: 105K(192K)->105K(192K) Class: 7K(128K)->7K(128K)
[2026-06-17T10:01:20.731+0800][18.359s][info][gc             ] GC(707) Pause Full (Ergonomics) 47M->24M(57M) 13.249ms
[2026-06-17T10:01:20.733+0800][18.361s][info][gc,cpu         ] GC(707) User=0.01s Sys=0.00s Real=0.02s
[2026-06-17T10:01:20.757+0800][18.385s][info][gc,start       ] GC(708) Pause Young (Allocation Failure)
[2026-06-17T10:01:20.759+0800][18.386s][info][gc,heap        ] GC(708) PSYoungGen: 7141K(14336K)->3616K(14336K) Eden: 7141K(7168K)->0K(7168K) From: 0K(7168K)->3616K(7168K)
[2026-06-17T10:01:20.760+0800][18.388s][info][gc,heap        ] GC(708) ParOldGen: 25364K(44032K)->25364K(44032K)
[2026-06-17T10:01:20.760+0800][18.388s][info][gc,metaspace   ] GC(708) Metaspace: 112K(320K)->112K(320K) NonClass: 105K(192K)->105K(192K) Class: 7K(128K)->7K(128K)
[2026-06-17T10:01:20.761+0800][18.389s][info][gc             ] GC(708) Pause Young (Allocation Failure) 31M->28M(57M) 4.167ms
[2026-06-17T10:01:20.762+0800][18.390s][info][gc,cpu         ] GC(708) User=0.00s Sys=0.01s Real=0.00s
[2026-06-17T10:01:20.785+0800][18.413s][info][gc,start       ] GC(709) Pause Young (Allocation Failure)
[2026-06-17T10:01:20.787+0800][18.415s][info][gc,heap        ] GC(709) PSYoungGen: 10760K(14336K)->3616K(14336K) Eden: 7143K(7168K)->0K(7168K) From: 3616K(7168K)->3616K(7168K)
[2026-06-17T10:01:20.788+0800][18.415s][info][gc,heap        ] GC(709) ParOldGen: 25364K(44032K)->25364K(44032K)
[2026-06-17T10:01:20.788+0800][18.416s][info][gc,metaspace   ] GC(709) Metaspace: 112K(320K)->112K(320K) NonClass: 105K(192K)->105K(192K) Class: 7K(128K)->7K(128K)
[2026-06-17T10:01:20.789+0800][18.416s][info][gc             ] GC(709) Pause Young (Allocation Failure) 35M->28M(57M) 3.819ms
[2026-06-17T10:01:20.789+0800][18.417s][info][gc,cpu         ] GC(709) User=0.00s Sys=0.00s Real=0.00s
[2026-06-17T10:01:20.801+0800][18.429s][info][gc,start       ] GC(710) Pause Young (Allocation Failure)
[2026-06-17T10:01:20.804+0800][18.431s][info][gc,heap        ] GC(710) PSYoungGen: 10738K(14336K)->4516K(14336K) Eden: 7122K(7168K)->0K(7168K) From: 3616K(7168K)->4516K(7168K)
[2026-06-17T10:01:20.804+0800][18.432s][info][gc,heap        ] GC(710) ParOldGen: 25364K(44032K)->28064K(44032K)
[2026-06-17T10:01:20.805+0800][18.433s][info][gc,metaspace   ] GC(710) Metaspace: 112K(320K)->112K(320K) NonClass: 105K(192K)->105K(192K) Class: 7K(128K)->7K(128K)
[2026-06-17T10:01:20.806+0800][18.434s][info][gc             ] GC(710) Pause Young (Allocation Failure) 35M->31M(57M) 4.419ms
[2026-06-17T10:01:20.806+0800][18.434s][info][gc,cpu         ] GC(710) User=0.01s Sys=0.00s Real=0.01s
[2026-06-17T10:01:20.829+0800][18.457s][info][gc,start       ] GC(711) Pause Young (Allocation Failure)
[2026-06-17T10:01:20.831+0800][18.459s][info][gc,heap        ] GC(711) PSYoungGen: 11681K(14336K)->2890K(14848K) Eden: 7165K(7168K)->0K(7680K) From: 4516K(7168K)->2890K(7168K)
[2026-06-17T10:01:20.832+0800][18.460s][info][gc,heap        ] GC(711) ParOldGen: 28064K(44032K)->30147K(44032K)
[2026-06-17T10:01:20.832+0800][18.460s][info][gc,metaspace   ] GC(711) Metaspace: 112K(320K)->112K(320K) NonClass: 105K(192K)->105K(192K) Class: 7K(128K)->7K(128K)
[2026-06-17T10:01:20.833+0800][18.461s][info][gc             ] GC(711) Pause Young (Allocation Failure) 38M->32M(57M) 3.795ms
[2026-06-17T10:01:20.834+0800][18.461s][info][gc,cpu         ] GC(711) User=0.00s Sys=0.00s Real=0.01s
[2026-06-17T10:01:20.856+0800][18.483s][info][gc,start       ] GC(712) Pause Young (Allocation Failure)
[2026-06-17T10:01:20.857+0800][18.485s][info][gc,heap        ] GC(712) PSYoungGen: 10515K(14848K)->3870K(14336K) Eden: 7625K(7680K)->0K(7680K) From: 2890K(7168K)->3870K(6656K)
[2026-06-17T10:01:20.858+0800][18.486s][info][gc,heap        ] GC(712) ParOldGen: 30147K(44032K)->30147K(44032K)
[2026-06-17T10:01:20.858+0800][18.486s][info][gc,metaspace   ] GC(712) Metaspace: 112K(320K)->112K(320K) NonClass: 105K(192K)->105K(192K) Class: 7K(128K)->7K(128K)
[2026-06-17T10:01:20.859+0800][18.487s][info][gc             ] GC(712) Pause Young (Allocation Failure) 39M->33M(57M) 3.249ms
[2026-06-17T10:01:20.860+0800][18.487s][info][gc,cpu         ] GC(712) User=0.00s Sys=0.00s Real=0.00s
[2026-06-17T10:01:20.882+0800][18.509s][info][gc,start       ] GC(713) Pause Young (Allocation Failure)
[2026-06-17T10:01:20.883+0800][18.511s][info][gc,heap        ] GC(713) PSYoungGen: 11514K(14336K)->2827K(14848K) Eden: 7643K(7680K)->0K(8192K) From: 3870K(6656K)->2827K(6656K)
[2026-06-17T10:01:20.884+0800][18.512s][info][gc,heap        ] GC(713) ParOldGen: 30147K(44032K)->31880K(44032K)
[2026-06-17T10:01:20.884+0800][18.512s][info][gc,metaspace   ] GC(713) Metaspace: 112K(320K)->112K(320K) NonClass: 105K(192K)->105K(192K) Class: 7K(128K)->7K(128K)
[2026-06-17T10:01:20.885+0800][18.513s][info][gc             ] GC(713) Pause Young (Allocation Failure) 40M->33M(57M) 3.343ms
[2026-06-17T10:01:20.886+0800][18.513s][info][gc,cpu         ] GC(713) User=0.01s Sys=0.00s Real=0.01s
[2026-06-17T10:01:20.908+0800][18.536s][info][gc,start       ] GC(714) Pause Young (Allocation Failure)
[2026-06-17T10:01:20.910+0800][18.538s][info][gc,heap        ] GC(714) PSYoungGen: 11000K(14848K)->2519K(14848K) Eden: 8173K(8192K)->0K(8192K) From: 2827K(6656K)->2519K(6656K)
[2026-06-17T10:01:20.911+0800][18.538s][info][gc,heap        ] GC(714) ParOldGen: 31880K(44032K)->33604K(44032K)
[2026-06-17T10:01:20.911+0800][18.539s][info][gc,metaspace   ] GC(714) Metaspace: 112K(320K)->112K(320K) NonClass: 105K(192K)->105K(192K) Class: 7K(128K)->7K(128K)
[2026-06-17T10:01:20.912+0800][18.540s][info][gc             ] GC(714) Pause Young (Allocation Failure) 41M->35M(57M) 3.778ms
[2026-06-17T10:01:20.912+0800][18.540s][info][gc,cpu         ] GC(714) User=0.00s Sys=0.00s Real=0.01s
[2026-06-17T10:01:20.935+0800][18.562s][info][gc,start       ] GC(715) Pause Young (Allocation Failure)
[2026-06-17T10:01:20.936+0800][18.563s][info][gc,heap        ] GC(715) PSYoungGen: 10686K(14848K)->2660K(15360K) Eden: 8166K(8192K)->0K(9216K) From: 2519K(6656K)->2660K(6144K)
[2026-06-17T10:01:20.936+0800][18.564s][info][gc,heap        ] GC(715) ParOldGen: 33604K(44032K)->34704K(44032K)
[2026-06-17T10:01:20.936+0800][18.564s][info][gc,metaspace   ] GC(715) Metaspace: 112K(320K)->112K(320K) NonClass: 105K(192K)->105K(192K) Class: 7K(128K)->7K(128K)
[2026-06-17T10:01:20.937+0800][18.564s][info][gc             ] GC(715) Pause Young (Allocation Failure) 43M->36M(58M) 2.048ms
[2026-06-17T10:01:20.937+0800][18.564s][info][gc,cpu         ] GC(715) User=0.00s Sys=0.00s Real=0.00s
[2026-06-17T10:01:20.959+0800][18.587s][info][gc,start       ] GC(716) Pause Young (Allocation Failure)
[2026-06-17T10:01:20.961+0800][18.588s][info][gc,heap        ] GC(716) PSYoungGen: 11837K(15360K)->2858K(15360K) Eden: 9177K(9216K)->0K(9216K) From: 2660K(6144K)->2858K(6144K)
[2026-06-17T10:01:20.961+0800][18.589s][info][gc,heap        ] GC(716) ParOldGen: 34704K(44032K)->37001K(44032K)
[2026-06-17T10:01:20.962+0800][18.590s][info][gc,metaspace   ] GC(716) Metaspace: 112K(320K)->112K(320K) NonClass: 105K(192K)->105K(192K) Class: 7K(128K)->7K(128K)
[2026-06-17T10:01:20.962+0800][18.590s][info][gc             ] GC(716) Pause Young (Allocation Failure) 45M->38M(58M) 3.503ms
[2026-06-17T10:01:20.963+0800][18.591s][info][gc,cpu         ] GC(716) User=0.00s Sys=0.00s Real=0.01s
[2026-06-17T10:01:20.985+0800][18.613s][info][gc,start       ] GC(717) Pause Young (Allocation Failure)
[2026-06-17T10:01:20.987+0800][18.615s][info][gc,heap        ] GC(717) PSYoungGen: 11782K(15360K)->199K(15360K) Eden: 8923K(9216K)->0K(9216K) From: 2858K(6144K)->199K(6144K)
[2026-06-17T10:01:20.987+0800][18.615s][info][gc,heap        ] GC(717) ParOldGen: 37001K(44032K)->38702K(44032K)
[2026-06-17T10:01:20.988+0800][18.615s][info][gc,metaspace   ] GC(717) Metaspace: 112K(320K)->112K(320K) NonClass: 105K(192K)->105K(192K) Class: 7K(128K)->7K(128K)
[2026-06-17T10:01:20.988+0800][18.616s][info][gc             ] GC(717) Pause Young (Allocation Failure) 47M->37M(58M) 3.346ms
[2026-06-17T10:01:20.989+0800][18.616s][info][gc,cpu         ] GC(717) User=0.00s Sys=0.00s Real=0.00s
[2026-06-17T10:01:21.022+0800][18.649s][info][gc,start       ] GC(718) Pause Young (Allocation Failure)
[2026-06-17T10:01:21.024+0800][18.652s][info][gc,heap        ] GC(718) PSYoungGen: 9407K(15360K)->2511K(15360K) Eden: 9208K(9216K)->0K(9216K) From: 199K(6144K)->2511K(6144K)
[2026-06-17T10:01:21.025+0800][18.652s][info][gc,heap        ] GC(718) ParOldGen: 38702K(44032K)->38877K(44032K)
[2026-06-17T10:01:21.025+0800][18.653s][info][gc,metaspace   ] GC(718) Metaspace: 112K(320K)->112K(320K) NonClass: 105K(192K)->105K(192K) Class: 7K(128K)->7K(128K)
[2026-06-17T10:01:21.026+0800][18.654s][info][gc             ] GC(718) Pause Young (Allocation Failure) 46M->40M(58M) 4.156ms
[2026-06-17T10:01:21.026+0800][18.654s][info][gc,cpu         ] GC(718) User=0.00s Sys=0.00s Real=0.01s
[2026-06-17T10:01:21.049+0800][18.677s][info][gc,start       ] GC(719) Pause Young (Allocation Failure)
[2026-06-17T10:01:21.051+0800][18.679s][info][gc,heap        ] GC(719) PSYoungGen: 11726K(15360K)->4749K(15360K) Eden: 9215K(9216K)->0K(9216K) From: 2511K(6144K)->4749K(6144K)
[2026-06-17T10:01:21.052+0800][18.680s][info][gc,heap        ] GC(719) ParOldGen: 38877K(44032K)->38877K(44032K)
[2026-06-17T10:01:21.052+0800][18.680s][info][gc,metaspace   ] GC(719) Metaspace: 112K(320K)->112K(320K) NonClass: 105K(192K)->105K(192K) Class: 7K(128K)->7K(128K)
[2026-06-17T10:01:21.053+0800][18.681s][info][gc             ] GC(719) Pause Young (Allocation Failure) 49M->42M(58M) 4.041ms
[2026-06-17T10:01:21.054+0800][18.681s][info][gc,cpu         ] GC(719) User=0.00s Sys=0.00s Real=0.01s
[2026-06-17T10:01:21.077+0800][18.705s][info][gc,start       ] GC(720) Pause Young (Allocation Failure)
[2026-06-17T10:01:21.079+0800][18.707s][info][gc,heap        ] GC(720) PSYoungGen: 13965K(15360K)->5533K(14848K) Eden: 9216K(9216K)->0K(9216K) From: 4749K(6144K)->5533K(5632K)
[2026-06-17T10:01:21.080+0800][18.708s][info][gc,heap        ] GC(720) ParOldGen: 38877K(44032K)->40433K(44032K)
[2026-06-17T10:01:21.081+0800][18.709s][info][gc,metaspace   ] GC(720) Metaspace: 112K(320K)->112K(320K) NonClass: 105K(192K)->105K(192K) Class: 7K(128K)->7K(128K)
[2026-06-17T10:01:21.081+0800][18.709s][info][gc             ] GC(720) Pause Young (Allocation Failure) 51M->44M(57M) 4.400ms
[2026-06-17T10:01:21.082+0800][18.710s][info][gc,cpu         ] GC(720) User=0.00s Sys=0.00s Real=0.00s
[2026-06-17T10:01:21.105+0800][18.733s][info][gc,start       ] GC(721) Pause Young (Allocation Failure)
[2026-06-17T10:01:21.107+0800][18.735s][info][gc,heap        ] GC(721) PSYoungGen: 14716K(14848K)->1992K(14848K) Eden: 9183K(9216K)->0K(8192K) From: 5533K(5632K)->1992K(6656K)
[2026-06-17T10:01:21.108+0800][18.735s][info][gc,heap        ] GC(721) ParOldGen: 40433K(44032K)->42500K(44032K)
[2026-06-17T10:01:21.108+0800][18.736s][info][gc,metaspace   ] GC(721) Metaspace: 112K(320K)->112K(320K) NonClass: 105K(192K)->105K(192K) Class: 7K(128K)->7K(128K)
[2026-06-17T10:01:21.109+0800][18.737s][info][gc             ] GC(721) Pause Young (Allocation Failure) 53M->43M(57M) 3.730ms
[2026-06-17T10:01:21.110+0800][18.737s][info][gc,cpu         ] GC(721) User=0.00s Sys=0.00s Real=0.00s
[2026-06-17T10:01:21.132+0800][18.760s][info][gc,start       ] GC(722) Pause Full (Ergonomics)
[2026-06-17T10:01:21.134+0800][18.761s][info][gc,phases,start] GC(722) Marking Phase
[2026-06-17T10:01:21.138+0800][18.765s][info][gc,phases      ] GC(722) Marking Phase 4.111ms
[2026-06-17T10:01:21.139+0800][18.766s][info][gc,phases,start] GC(722) Summary Phase
[2026-06-17T10:01:21.140+0800][18.767s][info][gc,phases      ] GC(722) Summary Phase 0.875ms
[2026-06-17T10:01:21.140+0800][18.768s][info][gc,phases,start] GC(722) Adjust Roots
[2026-06-17T10:01:21.141+0800][18.769s][info][gc,phases      ] GC(722) Adjust Roots 0.715ms
[2026-06-17T10:01:21.141+0800][18.769s][info][gc,phases,start] GC(722) Compaction Phase
[2026-06-17T10:01:21.144+0800][18.772s][info][gc,phases      ] GC(722) Compaction Phase 2.498ms
[2026-06-17T10:01:21.144+0800][18.772s][info][gc,phases,start] GC(722) Post Compact
[2026-06-17T10:01:21.145+0800][18.773s][info][gc,phases      ] GC(722) Post Compact 0.559ms
[2026-06-17T10:01:21.145+0800][18.773s][info][gc,heap        ] GC(722) PSYoungGen: 10184K(14848K)->0K(14848K) Eden: 8192K(8192K)->0K(8192K) From: 1992K(6656K)->0K(6656K)
[2026-06-17T10:01:21.146+0800][18.774s][info][gc,heap        ] GC(722) ParOldGen: 42500K(44032K)->25399K(44032K)
[2026-06-17T10:01:21.146+0800][18.774s][info][gc,metaspace   ] GC(722) Metaspace: 112K(320K)->112K(320K) NonClass: 105K(192K)->105K(192K) Class: 7K(128K)->7K(128K)
[2026-06-17T10:01:21.146+0800][18.774s][info][gc             ] GC(722) Pause Full (Ergonomics) 51M->24M(57M) 14.131ms
[2026-06-17T10:01:21.147+0800][18.774s][info][gc,cpu         ] GC(722) User=0.01s Sys=0.00s Real=0.01s
[2026-06-17T10:01:21.168+0800][18.796s][info][gc,start       ] GC(723) Pause Young (Allocation Failure)
[2026-06-17T10:01:21.170+0800][18.797s][info][gc,heap        ] GC(723) PSYoungGen: 8181K(14848K)->4863K(13824K) Eden: 8181K(8192K)->0K(7168K) From: 0K(6656K)->4863K(6656K)
[2026-06-17T10:01:21.170+0800][18.798s][info][gc,heap        ] GC(723) ParOldGen: 25399K(44032K)->25399K(44032K)
[2026-06-17T10:01:21.171+0800][18.799s][info][gc,metaspace   ] GC(723) Metaspace: 112K(320K)->112K(320K) NonClass: 105K(192K)->105K(192K) Class: 7K(128K)->7K(128K)
[2026-06-17T10:01:21.172+0800][18.799s][info][gc             ] GC(723) Pause Young (Allocation Failure) 32M->29M(56M) 3.329ms
[2026-06-17T10:01:21.172+0800][18.800s][info][gc,cpu         ] GC(723) User=0.00s Sys=0.00s Real=0.01s
[2026-06-17T10:01:21.195+0800][18.823s][info][gc,start       ] GC(724) Pause Young (Allocation Failure)
[2026-06-17T10:01:21.197+0800][18.825s][info][gc,heap        ] GC(724) PSYoungGen: 11997K(13824K)->4973K(14336K) Eden: 7134K(7168K)->0K(7168K) From: 4863K(6656K)->4973K(7168K)
[2026-06-17T10:01:21.198+0800][18.826s][info][gc,heap        ] GC(724) ParOldGen: 25399K(44032K)->25399K(44032K)
[2026-06-17T10:01:21.199+0800][18.826s][info][gc,metaspace   ] GC(724) Metaspace: 112K(320K)->112K(320K) NonClass: 105K(192K)->105K(192K) Class: 7K(128K)->7K(128K)
[2026-06-17T10:01:21.199+0800][18.827s][info][gc             ] GC(724) Pause Young (Allocation Failure) 36M->29M(57M) 4.238ms
[2026-06-17T10:01:21.200+0800][18.827s][info][gc,cpu         ] GC(724) User=0.00s Sys=0.00s Real=0.00s
[2026-06-17T10:01:21.212+0800][18.839s][info][gc,start       ] GC(725) Pause Young (Allocation Failure)
[2026-06-17T10:01:21.214+0800][18.841s][info][gc,heap        ] GC(725) PSYoungGen: 12125K(14336K)->5111K(14336K) Eden: 7152K(7168K)->0K(7168K) From: 4973K(7168K)->5111K(7168K)
[2026-06-17T10:01:21.214+0800][18.842s][info][gc,heap        ] GC(725) ParOldGen: 25399K(44032K)->28931K(44032K)
[2026-06-17T10:01:21.215+0800][18.843s][info][gc,metaspace   ] GC(725) Metaspace: 112K(320K)->112K(320K) NonClass: 105K(192K)->105K(192K) Class: 7K(128K)->7K(128K)
[2026-06-17T10:01:21.216+0800][18.843s][info][gc             ] GC(725) Pause Young (Allocation Failure) 36M->33M(57M) 4.158ms
[2026-06-17T10:01:21.217+0800][18.844s][info][gc,cpu         ] GC(725) User=0.00s Sys=0.00s Real=0.00s
[2026-06-17T10:01:21.239+0800][18.867s][info][gc,start       ] GC(726) Pause Young (Allocation Failure)
[2026-06-17T10:01:21.241+0800][18.868s][info][gc,heap        ] GC(726) PSYoungGen: 12175K(14336K)->279K(14336K) Eden: 7064K(7168K)->0K(7168K) From: 5111K(7168K)->279K(7168K)
[2026-06-17T10:01:21.242+0800][18.870s][info][gc,heap        ] GC(726) ParOldGen: 28931K(44032K)->30879K(44032K)
[2026-06-17T10:01:21.244+0800][18.872s][info][gc,metaspace   ] GC(726) Metaspace: 112K(320K)->112K(320K) NonClass: 105K(192K)->105K(192K) Class: 7K(128K)->7K(128K)
[2026-06-17T10:01:21.246+0800][18.874s][info][gc             ] GC(726) Pause Young (Allocation Failure) 40M->30M(57M) 7.180ms
[2026-06-17T10:01:21.247+0800][18.875s][info][gc,cpu         ] GC(726) User=0.00s Sys=0.00s Real=0.01s
[2026-06-17T10:01:21.269+0800][18.897s][info][gc,start       ] GC(727) Pause Young (Allocation Failure)
[2026-06-17T10:01:21.271+0800][18.899s][info][gc,heap        ] GC(727) PSYoungGen: 7430K(14336K)->3833K(14336K) Eden: 7151K(7168K)->0K(7168K) From: 279K(7168K)->3833K(7168K)
[2026-06-17T10:01:21.271+0800][18.899s][info][gc,heap        ] GC(727) ParOldGen: 30879K(44032K)->31134K(44032K)
[2026-06-17T10:01:21.272+0800][18.900s][info][gc,metaspace   ] GC(727) Metaspace: 112K(320K)->112K(320K) NonClass: 105K(192K)->105K(192K) Class: 7K(128K)->7K(128K)
[2026-06-17T10:01:21.273+0800][18.900s][info][gc             ] GC(727) Pause Young (Allocation Failure) 37M->34M(57M) 3.515ms
[2026-06-17T10:01:21.273+0800][18.901s][info][gc,cpu         ] GC(727) User=0.01s Sys=0.00s Real=0.01s
[2026-06-17T10:01:21.296+0800][18.924s][info][gc,start       ] GC(728) Pause Young (Allocation Failure)
[2026-06-17T10:01:21.298+0800][18.926s][info][gc,heap        ] GC(728) PSYoungGen: 10984K(14336K)->2739K(14336K) Eden: 7151K(7168K)->0K(7168K) From: 3833K(7168K)->2739K(7168K)
[2026-06-17T10:01:21.299+0800][18.926s][info][gc,heap        ] GC(728) ParOldGen: 31134K(44032K)->32330K(44032K)
[2026-06-17T10:01:21.299+0800][18.927s][info][gc,metaspace   ] GC(728) Metaspace: 112K(320K)->112K(320K) NonClass: 105K(192K)->105K(192K) Class: 7K(128K)->7K(128K)
[2026-06-17T10:01:21.300+0800][18.927s][info][gc             ] GC(728) Pause Young (Allocation Failure) 41M->34M(57M) 3.692ms
[2026-06-17T10:01:21.300+0800][18.928s][info][gc,cpu         ] GC(728) User=0.00s Sys=0.00s Real=0.00s
[2026-06-17T10:01:21.323+0800][18.950s][info][gc,start       ] GC(729) Pause Young (Allocation Failure)
[2026-06-17T10:01:21.325+0800][18.953s][info][gc,heap        ] GC(729) PSYoungGen: 9875K(14336K)->796K(14336K) Eden: 7136K(7168K)->0K(7168K) From: 2739K(7168K)->796K(7168K)
[2026-06-17T10:01:21.326+0800][18.954s][info][gc,heap        ] GC(729) ParOldGen: 32330K(44032K)->34563K(44032K)
[2026-06-17T10:01:21.328+0800][18.956s][info][gc,metaspace   ] GC(729) Metaspace: 112K(320K)->112K(320K) NonClass: 105K(192K)->105K(192K) Class: 7K(128K)->7K(128K)
[2026-06-17T10:01:21.329+0800][18.957s][info][gc             ] GC(729) Pause Young (Allocation Failure) 41M->34M(57M) 6.835ms
[2026-06-17T10:01:21.330+0800][18.957s][info][gc,cpu         ] GC(729) User=0.00s Sys=0.00s Real=0.00s
[2026-06-17T10:01:21.341+0800][18.969s][info][gc,start       ] GC(730) Pause Young (Allocation Failure)
[2026-06-17T10:01:21.342+0800][18.970s][info][gc,heap        ] GC(730) PSYoungGen: 7924K(14336K)->4583K(14336K) Eden: 7127K(7168K)->0K(7168K) From: 796K(7168K)->4583K(7168K)
[2026-06-17T10:01:21.342+0800][18.970s][info][gc,heap        ] GC(730) ParOldGen: 34563K(44032K)->34563K(44032K)
[2026-06-17T10:01:21.342+0800][18.970s][info][gc,metaspace   ] GC(730) Metaspace: 112K(320K)->112K(320K) NonClass: 105K(192K)->105K(192K) Class: 7K(128K)->7K(128K)
[2026-06-17T10:01:21.343+0800][18.970s][info][gc             ] GC(730) Pause Young (Allocation Failure) 41M->38M(57M) 1.483ms
[2026-06-17T10:01:21.343+0800][18.971s][info][gc,cpu         ] GC(730) User=0.00s Sys=0.00s Real=0.01s
[2026-06-17T10:01:21.365+0800][18.992s][info][gc,start       ] GC(731) Pause Young (Allocation Failure)
[2026-06-17T10:01:21.366+0800][18.994s][info][gc,heap        ] GC(731) PSYoungGen: 11727K(14336K)->2724K(14336K) Eden: 7144K(7168K)->0K(7168K) From: 4583K(7168K)->2724K(7168K)
[2026-06-17T10:01:21.379+0800][19.007s][info][gc,heap        ] GC(731) ParOldGen: 34563K(44032K)->36266K(44032K)
[2026-06-17T10:01:21.417+0800][19.045s][info][gc,metaspace   ] GC(731) Metaspace: 112K(320K)->112K(320K) NonClass: 105K(192K)->105K(192K) Class: 7K(128K)->7K(128K)
[2026-06-17T10:01:21.443+0800][19.070s][info][gc             ] GC(731) Pause Young (Allocation Failure) 45M->38M(57M) 78.088ms
[2026-06-17T10:01:21.444+0800][19.071s][info][gc,cpu         ] GC(731) User=0.00s Sys=0.00s Real=0.08s
[2026-06-17T10:01:21.492+0800][19.120s][info][gc,start       ] GC(732) Pause Young (Allocation Failure)
[2026-06-17T10:01:21.495+0800][19.123s][info][gc,heap        ] GC(732) PSYoungGen: 9871K(14336K)->6486K(14336K) Eden: 7146K(7168K)->0K(7168K) From: 2724K(7168K)->6486K(7168K)
[2026-06-17T10:01:21.496+0800][19.124s][info][gc,heap        ] GC(732) ParOldGen: 36266K(44032K)->36266K(44032K)
[2026-06-17T10:01:21.498+0800][19.126s][info][gc,metaspace   ] GC(732) Metaspace: 112K(320K)->112K(320K) NonClass: 105K(192K)->105K(192K) Class: 7K(128K)->7K(128K)
[2026-06-17T10:01:21.499+0800][19.127s][info][gc             ] GC(732) Pause Young (Allocation Failure) 45M->41M(57M) 6.752ms
[2026-06-17T10:01:21.501+0800][19.128s][info][gc,cpu         ] GC(732) User=0.00s Sys=0.00s Real=0.00s
[2026-06-17T10:01:21.524+0800][19.151s][info][gc,start       ] GC(733) Pause Young (Allocation Failure)
[2026-06-17T10:01:21.535+0800][19.163s][info][gc,heap        ] GC(733) PSYoungGen: 13614K(14336K)->32K(14336K) Eden: 7127K(7168K)->0K(7168K) From: 6486K(7168K)->32K(7168K)
[2026-06-17T10:01:21.536+0800][19.164s][info][gc,heap        ] GC(733) ParOldGen: 36266K(44032K)->39549K(44032K)
[2026-06-17T10:01:21.536+0800][19.164s][info][gc,metaspace   ] GC(733) Metaspace: 112K(320K)->112K(320K) NonClass: 105K(192K)->105K(192K) Class: 7K(128K)->7K(128K)
[2026-06-17T10:01:21.538+0800][19.165s][info][gc             ] GC(733) Pause Young (Allocation Failure) 48M->38M(57M) 13.733ms
[2026-06-17T10:01:21.539+0800][19.166s][info][gc,cpu         ] GC(733) User=0.00s Sys=0.00s Real=0.01s
[2026-06-17T10:01:21.562+0800][19.189s][info][gc,start       ] GC(734) Pause Young (Allocation Failure)
[2026-06-17T10:01:21.563+0800][19.191s][info][gc,heap        ] GC(734) PSYoungGen: 7193K(14336K)->3710K(14336K) Eden: 7161K(7168K)->0K(7168K) From: 32K(7168K)->3710K(7168K)
[2026-06-17T10:01:21.567+0800][19.194s][info][gc,heap        ] GC(734) ParOldGen: 39549K(44032K)->39557K(44032K)
[2026-06-17T10:01:21.567+0800][19.195s][info][gc,metaspace   ] GC(734) Metaspace: 112K(320K)->112K(320K) NonClass: 105K(192K)->105K(192K) Class: 7K(128K)->7K(128K)
[2026-06-17T10:01:21.568+0800][19.196s][info][gc             ] GC(734) Pause Young (Allocation Failure) 45M->42M(57M) 6.434ms
[2026-06-17T10:01:21.568+0800][19.196s][info][gc,cpu         ] GC(734) User=0.00s Sys=0.00s Real=0.01s
[2026-06-17T10:01:21.593+0800][19.220s][info][gc,start       ] GC(735) Pause Young (Allocation Failure)
[2026-06-17T10:01:21.594+0800][19.222s][info][gc,heap        ] GC(735) PSYoungGen: 10851K(14336K)->2277K(14336K) Eden: 7140K(7168K)->0K(7168K) From: 3710K(7168K)->2277K(7168K)
[2026-06-17T10:01:21.594+0800][19.222s][info][gc,heap        ] GC(735) ParOldGen: 39557K(44032K)->41204K(44032K)
[2026-06-17T10:01:21.595+0800][19.223s][info][gc,metaspace   ] GC(735) Metaspace: 112K(320K)->112K(320K) NonClass: 105K(192K)->105K(192K) Class: 7K(128K)->7K(128K)
[2026-06-17T10:01:21.595+0800][19.223s][info][gc             ] GC(735) Pause Young (Allocation Failure) 49M->42M(57M) 2.745ms
[2026-06-17T10:01:21.596+0800][19.223s][info][gc,cpu         ] GC(735) User=0.00s Sys=0.00s Real=0.00s
[2026-06-17T10:01:21.617+0800][19.245s][info][gc,start       ] GC(736) Pause Full (Ergonomics)
[2026-06-17T10:01:21.617+0800][19.245s][info][gc,phases,start] GC(736) Marking Phase
[2026-06-17T10:01:21.619+0800][19.247s][info][gc,phases      ] GC(736) Marking Phase 2.115ms
[2026-06-17T10:01:21.620+0800][19.248s][info][gc,phases,start] GC(736) Summary Phase
[2026-06-17T10:01:21.620+0800][19.248s][info][gc,phases      ] GC(736) Summary Phase 0.352ms
[2026-06-17T10:01:21.621+0800][19.248s][info][gc,phases,start] GC(736) Adjust Roots
[2026-06-17T10:01:21.621+0800][19.249s][info][gc,phases      ] GC(736) Adjust Roots 0.542ms
[2026-06-17T10:01:21.622+0800][19.249s][info][gc,phases,start] GC(736) Compaction Phase
[2026-06-17T10:01:21.624+0800][19.252s][info][gc,phases      ] GC(736) Compaction Phase 2.580ms
[2026-06-17T10:01:21.625+0800][19.253s][info][gc,phases,start] GC(736) Post Compact
[2026-06-17T10:01:21.625+0800][19.253s][info][gc,phases      ] GC(736) Post Compact 0.514ms
[2026-06-17T10:01:21.626+0800][19.253s][info][gc,heap        ] GC(736) PSYoungGen: 9394K(14336K)->0K(14336K) Eden: 7116K(7168K)->0K(7168K) From: 2277K(7168K)->0K(7168K)
[2026-06-17T10:01:21.626+0800][19.254s][info][gc,heap        ] GC(736) ParOldGen: 41204K(44032K)->30510K(44032K)
[2026-06-17T10:01:21.626+0800][19.254s][info][gc,metaspace   ] GC(736) Metaspace: 112K(320K)->112K(320K) NonClass: 105K(192K)->105K(192K) Class: 7K(128K)->7K(128K)
[2026-06-17T10:01:21.626+0800][19.254s][info][gc             ] GC(736) Pause Full (Ergonomics) 49M->29M(57M) 9.395ms
[2026-06-17T10:01:21.627+0800][19.254s][info][gc,cpu         ] GC(736) User=0.01s Sys=0.00s Real=0.01s
[2026-06-17T10:01:21.638+0800][19.266s][info][gc,start       ] GC(737) Pause Young (Allocation Failure)
[2026-06-17T10:01:21.639+0800][19.267s][info][gc,heap        ] GC(737) PSYoungGen: 7143K(14336K)->7112K(14336K) Eden: 7143K(7168K)->0K(7168K) From: 0K(7168K)->7112K(7168K)
[2026-06-17T10:01:21.640+0800][19.267s][info][gc,heap        ] GC(737) ParOldGen: 30510K(44032K)->30608K(44032K)
[2026-06-17T10:01:21.640+0800][19.268s][info][gc,metaspace   ] GC(737) Metaspace: 112K(320K)->112K(320K) NonClass: 105K(192K)->105K(192K) Class: 7K(128K)->7K(128K)
[2026-06-17T10:01:21.640+0800][19.268s][info][gc             ] GC(737) Pause Young (Allocation Failure) 36M->36M(57M) 2.339ms
[2026-06-17T10:01:21.640+0800][19.268s][info][gc,cpu         ] GC(737) User=0.00s Sys=0.00s Real=0.00s
[2026-06-17T10:01:21.662+0800][19.289s][info][gc,start       ] GC(738) Pause Young (Allocation Failure)
[2026-06-17T10:01:21.663+0800][19.291s][info][gc,heap        ] GC(738) PSYoungGen: 14276K(14336K)->2796K(14336K) Eden: 7164K(7168K)->0K(7168K) From: 7112K(7168K)->2796K(7168K)
[2026-06-17T10:01:21.664+0800][19.292s][info][gc,heap        ] GC(738) ParOldGen: 30608K(44032K)->35232K(44032K)
[2026-06-17T10:01:21.665+0800][19.292s][info][gc,metaspace   ] GC(738) Metaspace: 112K(320K)->112K(320K) NonClass: 105K(192K)->105K(192K) Class: 7K(128K)->7K(128K)
[2026-06-17T10:01:21.665+0800][19.293s][info][gc             ] GC(738) Pause Young (Allocation Failure) 43M->37M(57M) 3.302ms
[2026-06-17T10:01:21.665+0800][19.293s][info][gc,cpu         ] GC(738) User=0.00s Sys=0.00s Real=0.01s
[2026-06-17T10:01:21.687+0800][19.315s][info][gc,start       ] GC(739) Pause Young (Allocation Failure)
[2026-06-17T10:01:21.689+0800][19.316s][info][gc,heap        ] GC(739) PSYoungGen: 9938K(14336K)->2739K(14336K) Eden: 7141K(7168K)->0K(7168K) From: 2796K(7168K)->2739K(7168K)
[2026-06-17T10:01:21.689+0800][19.317s][info][gc,heap        ] GC(739) ParOldGen: 35232K(44032K)->35232K(44032K)
[2026-06-17T10:01:21.689+0800][19.317s][info][gc,metaspace   ] GC(739) Metaspace: 112K(320K)->112K(320K) NonClass: 105K(192K)->105K(192K) Class: 7K(128K)->7K(128K)
[2026-06-17T10:01:21.690+0800][19.318s][info][gc             ] GC(739) Pause Young (Allocation Failure) 44M->37M(57M) 2.628ms
[2026-06-17T10:01:21.690+0800][19.318s][info][gc,cpu         ] GC(739) User=0.00s Sys=0.00s Real=0.00s
[2026-06-17T10:01:21.702+0800][19.329s][info][gc,start       ] GC(740) Pause Young (Allocation Failure)
[2026-06-17T10:01:21.703+0800][19.331s][info][gc,heap        ] GC(740) PSYoungGen: 9836K(14336K)->992K(14336K) Eden: 7097K(7168K)->0K(7168K) From: 2739K(7168K)->992K(7168K)
[2026-06-17T10:01:21.704+0800][19.331s][info][gc,heap        ] GC(740) ParOldGen: 35232K(44032K)->37054K(44032K)
[2026-06-17T10:01:21.704+0800][19.332s][info][gc,metaspace   ] GC(740) Metaspace: 112K(320K)->112K(320K) NonClass: 105K(192K)->105K(192K) Class: 7K(128K)->7K(128K)
[2026-06-17T10:01:21.704+0800][19.332s][info][gc             ] GC(740) Pause Young (Allocation Failure) 44M->37M(57M) 2.532ms
[2026-06-17T10:01:21.705+0800][19.332s][info][gc,cpu         ] GC(740) User=0.00s Sys=0.00s Real=0.01s
[2026-06-17T10:01:21.726+0800][19.354s][info][gc,start       ] GC(741) Pause Young (Allocation Failure)
[2026-06-17T10:01:21.728+0800][19.356s][info][gc,heap        ] GC(741) PSYoungGen: 8148K(14336K)->3560K(14336K) Eden: 7156K(7168K)->0K(7168K) From: 992K(7168K)->3560K(7168K)
[2026-06-17T10:01:21.729+0800][19.357s][info][gc,heap        ] GC(741) ParOldGen: 37054K(44032K)->38022K(44032K)
[2026-06-17T10:01:21.729+0800][19.357s][info][gc,metaspace   ] GC(741) Metaspace: 112K(320K)->112K(320K) NonClass: 105K(192K)->105K(192K) Class: 7K(128K)->7K(128K)
[2026-06-17T10:01:21.730+0800][19.357s][info][gc             ] GC(741) Pause Young (Allocation Failure) 44M->40M(57M) 3.502ms
[2026-06-17T10:01:21.730+0800][19.358s][info][gc,cpu         ] GC(741) User=0.00s Sys=0.00s Real=0.00s
[2026-06-17T10:01:21.742+0800][19.370s][info][gc,start       ] GC(742) Pause Young (Allocation Failure)
[2026-06-17T10:01:21.744+0800][19.372s][info][gc,heap        ] GC(742) PSYoungGen: 10367K(14336K)->2853K(14336K) Eden: 6807K(7168K)->0K(7168K) From: 3560K(7168K)->2853K(7168K)
[2026-06-17T10:01:21.745+0800][19.372s][info][gc,heap        ] GC(742) ParOldGen: 38022K(44032K)->38820K(44032K)
[2026-06-17T10:01:21.745+0800][19.373s][info][gc,metaspace   ] GC(742) Metaspace: 112K(320K)->112K(320K) NonClass: 105K(192K)->105K(192K) Class: 7K(128K)->7K(128K)
[2026-06-17T10:01:21.746+0800][19.373s][info][gc             ] GC(742) Pause Young (Allocation Failure) 47M->40M(57M) 3.660ms
[2026-06-17T10:01:21.746+0800][19.374s][info][gc,cpu         ] GC(742) User=0.00s Sys=0.01s Real=0.01s
[2026-06-17T10:01:21.768+0800][19.396s][info][gc,start       ] GC(743) Pause Young (Allocation Failure)
[2026-06-17T10:01:21.770+0800][19.398s][info][gc,heap        ] GC(743) PSYoungGen: 10011K(14336K)->3850K(14336K) Eden: 7158K(7168K)->0K(7168K) From: 2853K(7168K)->3850K(7168K)
[2026-06-17T10:01:21.770+0800][19.398s][info][gc,heap        ] GC(743) ParOldGen: 38820K(44032K)->41650K(44032K)
[2026-06-17T10:01:21.771+0800][19.399s][info][gc,metaspace   ] GC(743) Metaspace: 112K(320K)->112K(320K) NonClass: 105K(192K)->105K(192K) Class: 7K(128K)->7K(128K)
[2026-06-17T10:01:21.772+0800][19.399s][info][gc             ] GC(743) Pause Young (Allocation Failure) 47M->44M(57M) 3.660ms
[2026-06-17T10:01:21.772+0800][19.400s][info][gc,cpu         ] GC(743) User=0.00s Sys=0.00s Real=0.01s
[2026-06-17T10:01:21.795+0800][19.422s][info][gc,start       ] GC(744) Pause Full (Ergonomics)
[2026-06-17T10:01:21.795+0800][19.423s][info][gc,phases,start] GC(744) Marking Phase
[2026-06-17T10:01:21.798+0800][19.426s][info][gc,phases      ] GC(744) Marking Phase 2.625ms
[2026-06-17T10:01:21.798+0800][19.426s][info][gc,phases,start] GC(744) Summary Phase
[2026-06-17T10:01:21.799+0800][19.426s][info][gc,phases      ] GC(744) Summary Phase 0.258ms
[2026-06-17T10:01:21.799+0800][19.427s][info][gc,phases,start] GC(744) Adjust Roots
[2026-06-17T10:01:21.800+0800][19.427s][info][gc,phases      ] GC(744) Adjust Roots 0.574ms
[2026-06-17T10:01:21.800+0800][19.428s][info][gc,phases,start] GC(744) Compaction Phase
[2026-06-17T10:01:21.802+0800][19.430s][info][gc,phases      ] GC(744) Compaction Phase 2.167ms
[2026-06-17T10:01:21.803+0800][19.431s][info][gc,phases,start] GC(744) Post Compact
[2026-06-17T10:01:21.803+0800][19.431s][info][gc,phases      ] GC(744) Post Compact 0.336ms
[2026-06-17T10:01:21.804+0800][19.431s][info][gc,heap        ] GC(744) PSYoungGen: 10967K(14336K)->0K(14336K) Eden: 7117K(7168K)->0K(7168K) From: 3850K(7168K)->0K(7168K)
[2026-06-17T10:01:21.804+0800][19.431s][info][gc,heap        ] GC(744) ParOldGen: 41650K(44032K)->33246K(44032K)
[2026-06-17T10:01:21.804+0800][19.432s][info][gc,metaspace   ] GC(744) Metaspace: 112K(320K)->112K(320K) NonClass: 105K(192K)->105K(192K) Class: 7K(128K)->7K(128K)
[2026-06-17T10:01:21.804+0800][19.432s][info][gc             ] GC(744) Pause Full (Ergonomics) 51M->32M(57M) 9.741ms
[2026-06-17T10:01:21.805+0800][19.432s][info][gc,cpu         ] GC(744) User=0.01s Sys=0.00s Real=0.01s
[2026-06-17T10:01:21.826+0800][19.453s][info][gc,start       ] GC(745) Pause Young (Allocation Failure)
[2026-06-17T10:01:21.827+0800][19.455s][info][gc,heap        ] GC(745) PSYoungGen: 7168K(14336K)->3548K(14336K) Eden: 7168K(7168K)->0K(7168K) From: 0K(7168K)->3548K(7168K)
[2026-06-17T10:01:21.827+0800][19.455s][info][gc,heap        ] GC(745) ParOldGen: 33246K(44032K)->33246K(44032K)
[2026-06-17T10:01:21.828+0800][19.456s][info][gc,metaspace   ] GC(745) Metaspace: 112K(320K)->112K(320K) NonClass: 105K(192K)->105K(192K) Class: 7K(128K)->7K(128K)
[2026-06-17T10:01:21.828+0800][19.456s][info][gc             ] GC(745) Pause Young (Allocation Failure) 39M->35M(57M) 2.493ms
[2026-06-17T10:01:21.829+0800][19.456s][info][gc,cpu         ] GC(745) User=0.00s Sys=0.00s Real=0.00s
[2026-06-17T10:01:21.841+0800][19.468s][info][gc,start       ] GC(746) Pause Young (Allocation Failure)
[2026-06-17T10:01:21.843+0800][19.471s][info][gc,heap        ] GC(746) PSYoungGen: 10688K(14336K)->5643K(14336K) Eden: 7140K(7168K)->0K(7168K) From: 3548K(7168K)->5643K(7168K)
[2026-06-17T10:01:21.844+0800][19.472s][info][gc,heap        ] GC(746) ParOldGen: 33246K(44032K)->34796K(44032K)
[2026-06-17T10:01:21.845+0800][19.473s][info][gc,metaspace   ] GC(746) Metaspace: 112K(320K)->112K(320K) NonClass: 105K(192K)->105K(192K) Class: 7K(128K)->7K(128K)
[2026-06-17T10:01:21.846+0800][19.473s][info][gc             ] GC(746) Pause Young (Allocation Failure) 42M->39M(57M) 4.747ms
[2026-06-17T10:01:21.846+0800][19.474s][info][gc,cpu         ] GC(746) User=0.01s Sys=0.00s Real=0.01s
[2026-06-17T10:01:21.867+0800][19.495s][info][gc,start       ] GC(747) Pause Young (Allocation Failure)
[2026-06-17T10:01:21.869+0800][19.497s][info][gc,heap        ] GC(747) PSYoungGen: 12811K(14336K)->3302K(14336K) Eden: 7168K(7168K)->0K(7168K) From: 5643K(7168K)->3302K(7168K)
[2026-06-17T10:01:21.870+0800][19.497s][info][gc,heap        ] GC(747) ParOldGen: 34796K(44032K)->37209K(44032K)
[2026-06-17T10:01:21.871+0800][19.498s][info][gc,metaspace   ] GC(747) Metaspace: 112K(320K)->112K(320K) NonClass: 105K(192K)->105K(192K) Class: 7K(128K)->7K(128K)
[2026-06-17T10:01:21.871+0800][19.499s][info][gc             ] GC(747) Pause Young (Allocation Failure) 46M->39M(57M) 3.635ms
[2026-06-17T10:01:21.872+0800][19.499s][info][gc,cpu         ] GC(747) User=0.00s Sys=0.00s Real=0.01s
[2026-06-17T10:01:21.893+0800][19.521s][info][gc,start       ] GC(748) Pause Young (Allocation Failure)
[2026-06-17T10:01:21.896+0800][19.523s][info][gc,heap        ] GC(748) PSYoungGen: 10470K(14336K)->3713K(14336K) Eden: 7168K(7168K)->0K(7168K) From: 3302K(7168K)->3713K(7168K)
[2026-06-17T10:01:21.896+0800][19.524s][info][gc,heap        ] GC(748) ParOldGen: 37209K(44032K)->37209K(44032K)
[2026-06-17T10:01:21.897+0800][19.525s][info][gc,metaspace   ] GC(748) Metaspace: 112K(320K)->112K(320K) NonClass: 105K(192K)->105K(192K) Class: 7K(128K)->7K(128K)
[2026-06-17T10:01:21.898+0800][19.525s][info][gc             ] GC(748) Pause Young (Allocation Failure) 46M->39M(57M) 4.211ms
[2026-06-17T10:01:21.898+0800][19.526s][info][gc,cpu         ] GC(748) User=0.00s Sys=0.00s Real=0.00s
[2026-06-17T10:01:21.910+0800][19.538s][info][gc,start       ] GC(749) Pause Young (Allocation Failure)
[2026-06-17T10:01:21.912+0800][19.540s][info][gc,heap        ] GC(749) PSYoungGen: 10752K(14336K)->1634K(14848K) Eden: 7038K(7168K)->0K(8192K) From: 3713K(7168K)->1634K(6656K)
[2026-06-17T10:01:21.913+0800][19.541s][info][gc,heap        ] GC(749) ParOldGen: 37209K(44032K)->39550K(44032K)
[2026-06-17T10:01:21.914+0800][19.542s][info][gc,metaspace   ] GC(749) Metaspace: 112K(320K)->112K(320K) NonClass: 105K(192K)->105K(192K) Class: 7K(128K)->7K(128K)
[2026-06-17T10:01:21.914+0800][19.542s][info][gc             ] GC(749) Pause Young (Allocation Failure) 46M->40M(57M) 3.988ms
[2026-06-17T10:01:21.915+0800][19.543s][info][gc,cpu         ] GC(749) User=0.00s Sys=0.00s Real=0.00s
[2026-06-17T10:01:21.949+0800][19.577s][info][gc,start       ] GC(750) Pause Young (Allocation Failure)
[2026-06-17T10:01:21.952+0800][19.579s][info][gc,heap        ] GC(750) PSYoungGen: 9812K(14848K)->1330K(14848K) Eden: 8178K(8192K)->0K(8192K) From: 1634K(6656K)->1330K(6656K)
[2026-06-17T10:01:21.952+0800][19.580s][info][gc,heap        ] GC(750) ParOldGen: 39550K(44032K)->41160K(44032K)
[2026-06-17T10:01:21.954+0800][19.581s][info][gc,metaspace   ] GC(750) Metaspace: 112K(320K)->112K(320K) NonClass: 105K(192K)->105K(192K) Class: 7K(128K)->7K(128K)
[2026-06-17T10:01:21.954+0800][19.582s][info][gc             ] GC(750) Pause Young (Allocation Failure) 48M->41M(57M) 5.094ms
[2026-06-17T10:01:21.955+0800][19.582s][info][gc,cpu         ] GC(750) User=0.00s Sys=0.00s Real=0.01s
[2026-06-17T10:01:21.967+0800][19.595s][info][gc,start       ] GC(751) Pause Full (Ergonomics)
[2026-06-17T10:01:21.968+0800][19.596s][info][gc,phases,start] GC(751) Marking Phase
[2026-06-17T10:01:21.971+0800][19.598s][info][gc,phases      ] GC(751) Marking Phase 2.828ms
[2026-06-17T10:01:21.971+0800][19.599s][info][gc,phases,start] GC(751) Summary Phase
[2026-06-17T10:01:21.972+0800][19.599s][info][gc,phases      ] GC(751) Summary Phase 0.382ms
[2026-06-17T10:01:21.972+0800][19.600s][info][gc,phases,start] GC(751) Adjust Roots
[2026-06-17T10:01:21.973+0800][19.600s][info][gc,phases      ] GC(751) Adjust Roots 0.613ms
[2026-06-17T10:01:21.973+0800][19.601s][info][gc,phases,start] GC(751) Compaction Phase
[2026-06-17T10:01:21.976+0800][19.604s][info][gc,phases      ] GC(751) Compaction Phase 2.596ms
[2026-06-17T10:01:21.976+0800][19.604s][info][gc,phases,start] GC(751) Post Compact
[2026-06-17T10:01:21.977+0800][19.605s][info][gc,phases      ] GC(751) Post Compact 0.420ms
[2026-06-17T10:01:21.977+0800][19.605s][info][gc,heap        ] GC(751) PSYoungGen: 9509K(14848K)->0K(14848K) Eden: 8179K(8192K)->0K(8192K) From: 1330K(6656K)->0K(6656K)
[2026-06-17T10:01:21.977+0800][19.605s][info][gc,heap        ] GC(751) ParOldGen: 41160K(44032K)->34433K(44032K)
[2026-06-17T10:01:21.978+0800][19.606s][info][gc,metaspace   ] GC(751) Metaspace: 112K(320K)->112K(320K) NonClass: 105K(192K)->105K(192K) Class: 7K(128K)->7K(128K)
[2026-06-17T10:01:21.978+0800][19.606s][info][gc             ] GC(751) Pause Full (Ergonomics) 49M->33M(57M) 11.074ms
[2026-06-17T10:01:21.979+0800][19.606s][info][gc,cpu         ] GC(751) User=0.00s Sys=0.01s Real=0.01s
[2026-06-17T10:01:22.000+0800][19.628s][info][gc,start       ] GC(752) Pause Young (Allocation Failure)
[2026-06-17T10:01:22.002+0800][19.629s][info][gc,heap        ] GC(752) PSYoungGen: 8156K(14848K)->4620K(13312K) Eden: 8156K(8192K)->0K(8192K) From: 0K(6656K)->4620K(5120K)
[2026-06-17T10:01:22.002+0800][19.630s][info][gc,heap        ] GC(752) ParOldGen: 34433K(44032K)->34433K(44032K)
[2026-06-17T10:01:22.003+0800][19.630s][info][gc,metaspace   ] GC(752) Metaspace: 112K(320K)->112K(320K) NonClass: 105K(192K)->105K(192K) Class: 7K(128K)->7K(128K)
[2026-06-17T10:01:22.004+0800][19.631s][info][gc             ] GC(752) Pause Young (Allocation Failure) 41M->38M(56M) 3.569ms
[2026-06-17T10:01:22.005+0800][19.632s][info][gc,cpu         ] GC(752) User=0.01s Sys=0.00s Real=0.01s
[2026-06-17T10:01:22.028+0800][19.656s][info][gc,start       ] GC(753) Pause Young (Allocation Failure)
[2026-06-17T10:01:22.030+0800][19.658s][info][gc,heap        ] GC(753) PSYoungGen: 12808K(13312K)->3657K(14848K) Eden: 8188K(8192K)->0K(7680K) From: 4620K(5120K)->3657K(7168K)
[2026-06-17T10:01:22.031+0800][19.658s][info][gc,heap        ] GC(753) ParOldGen: 34433K(44032K)->36194K(44032K)
[2026-06-17T10:01:22.031+0800][19.659s][info][gc,metaspace   ] GC(753) Metaspace: 112K(320K)->112K(320K) NonClass: 105K(192K)->105K(192K) Class: 7K(128K)->7K(128K)
[2026-06-17T10:01:22.032+0800][19.660s][info][gc             ] GC(753) Pause Young (Allocation Failure) 46M->38M(57M) 3.643ms
[2026-06-17T10:01:22.032+0800][19.660s][info][gc,cpu         ] GC(753) User=0.00s Sys=0.00s Real=0.01s
[2026-06-17T10:01:22.055+0800][19.683s][info][gc,start       ] GC(754) Pause Young (Allocation Failure)
[2026-06-17T10:01:22.057+0800][19.685s][info][gc,heap        ] GC(754) PSYoungGen: 11297K(14848K)->3060K(14336K) Eden: 7639K(7680K)->0K(7680K) From: 3657K(7168K)->3060K(6656K)
[2026-06-17T10:01:22.058+0800][19.685s][info][gc,heap        ] GC(754) ParOldGen: 36194K(44032K)->37808K(44032K)
[2026-06-17T10:01:22.059+0800][19.686s][info][gc,metaspace   ] GC(754) Metaspace: 112K(320K)->112K(320K) NonClass: 105K(192K)->105K(192K) Class: 7K(128K)->7K(128K)
[2026-06-17T10:01:22.059+0800][19.687s][info][gc             ] GC(754) Pause Young (Allocation Failure) 46M->39M(57M) 3.987ms
[2026-06-17T10:01:22.060+0800][19.687s][info][gc,cpu         ] GC(754) User=0.00s Sys=0.00s Real=0.00s
[2026-06-17T10:01:22.082+0800][19.709s][info][gc,start       ] GC(755) Pause Young (Allocation Failure)
[2026-06-17T10:01:22.083+0800][19.711s][info][gc,heap        ] GC(755) PSYoungGen: 10728K(14336K)->1586K(14848K) Eden: 7667K(7680K)->0K(8192K) From: 3060K(6656K)->1586K(6656K)
[2026-06-17T10:01:22.084+0800][19.712s][info][gc,heap        ] GC(755) ParOldGen: 37808K(44032K)->39552K(44032K)
[2026-06-17T10:01:22.084+0800][19.712s][info][gc,metaspace   ] GC(755) Metaspace: 112K(320K)->112K(320K) NonClass: 105K(192K)->105K(192K) Class: 7K(128K)->7K(128K)
[2026-06-17T10:01:22.085+0800][19.713s][info][gc             ] GC(755) Pause Young (Allocation Failure) 47M->40M(57M) 3.320ms
[2026-06-17T10:01:22.086+0800][19.713s][info][gc,cpu         ] GC(755) User=0.00s Sys=0.00s Real=0.01s
[2026-06-17T10:01:22.108+0800][19.736s][info][gc,start       ] GC(756) Pause Young (Allocation Failure)
[2026-06-17T10:01:22.110+0800][19.738s][info][gc,heap        ] GC(756) PSYoungGen: 9764K(14848K)->3178K(14848K) Eden: 8177K(8192K)->0K(8192K) From: 1586K(6656K)->3178K(6656K)
[2026-06-17T10:01:22.111+0800][19.738s][info][gc,heap        ] GC(756) ParOldGen: 39552K(44032K)->39552K(44032K)
[2026-06-17T10:01:22.111+0800][19.739s][info][gc,metaspace   ] GC(756) Metaspace: 112K(320K)->112K(320K) NonClass: 105K(192K)->105K(192K) Class: 7K(128K)->7K(128K)
[2026-06-17T10:01:22.112+0800][19.740s][info][gc             ] GC(756) Pause Young (Allocation Failure) 48M->41M(57M) 4.037ms
[2026-06-17T10:01:22.113+0800][19.741s][info][gc,cpu         ] GC(756) User=0.00s Sys=0.00s Real=0.01s
[2026-06-17T10:01:22.136+0800][19.763s][info][gc,start       ] GC(757) Pause Young (Allocation Failure)
[2026-06-17T10:01:22.137+0800][19.765s][info][gc,heap        ] GC(757) PSYoungGen: 11331K(14848K)->2467K(15360K) Eden: 8153K(8192K)->0K(9216K) From: 3178K(6656K)->2467K(6144K)
[2026-06-17T10:01:22.138+0800][19.766s][info][gc,heap        ] GC(757) ParOldGen: 39552K(44032K)->41427K(44032K)
[2026-06-17T10:01:22.138+0800][19.766s][info][gc,metaspace   ] GC(757) Metaspace: 112K(320K)->112K(320K) NonClass: 105K(192K)->105K(192K) Class: 7K(128K)->7K(128K)
[2026-06-17T10:01:22.139+0800][19.766s][info][gc             ] GC(757) Pause Young (Allocation Failure) 49M->42M(58M) 3.018ms
[2026-06-17T10:01:22.139+0800][19.767s][info][gc,cpu         ] GC(757) User=0.00s Sys=0.00s Real=0.00s
[2026-06-17T10:01:22.162+0800][19.790s][info][gc,start       ] GC(758) Pause Full (Ergonomics)
[2026-06-17T10:01:22.163+0800][19.790s][info][gc,phases,start] GC(758) Marking Phase
[2026-06-17T10:01:22.166+0800][19.793s][info][gc,phases      ] GC(758) Marking Phase 3.087ms
[2026-06-17T10:01:22.167+0800][19.795s][info][gc,phases,start] GC(758) Summary Phase
[2026-06-17T10:01:22.168+0800][19.795s][info][gc,phases      ] GC(758) Summary Phase 0.497ms
[2026-06-17T10:01:22.168+0800][19.796s][info][gc,phases,start] GC(758) Adjust Roots
[2026-06-17T10:01:22.169+0800][19.797s][info][gc,phases      ] GC(758) Adjust Roots 0.779ms
[2026-06-17T10:01:22.170+0800][19.797s][info][gc,phases,start] GC(758) Compaction Phase
[2026-06-17T10:01:22.172+0800][19.800s][info][gc,phases      ] GC(758) Compaction Phase 2.433ms
[2026-06-17T10:01:22.173+0800][19.800s][info][gc,phases,start] GC(758) Post Compact
[2026-06-17T10:01:22.173+0800][19.801s][info][gc,phases      ] GC(758) Post Compact 0.433ms
[2026-06-17T10:01:22.173+0800][19.801s][info][gc,heap        ] GC(758) PSYoungGen: 11652K(15360K)->0K(15360K) Eden: 9184K(9216K)->0K(9216K) From: 2467K(6144K)->0K(6144K)
[2026-06-17T10:01:22.174+0800][19.801s][info][gc,heap        ] GC(758) ParOldGen: 41427K(44032K)->27238K(44032K)
[2026-06-17T10:01:22.174+0800][19.801s][info][gc,metaspace   ] GC(758) Metaspace: 112K(320K)->112K(320K) NonClass: 105K(192K)->105K(192K) Class: 7K(128K)->7K(128K)
[2026-06-17T10:01:22.174+0800][19.802s][info][gc             ] GC(758) Pause Full (Ergonomics) 51M->26M(58M) 12.262ms
[2026-06-17T10:01:22.174+0800][19.802s][info][gc,cpu         ] GC(758) User=0.01s Sys=0.00s Real=0.02s
[2026-06-17T10:01:22.196+0800][19.824s][info][gc,start       ] GC(759) Pause Young (Allocation Failure)
[2026-06-17T10:01:22.199+0800][19.826s][info][gc,heap        ] GC(759) PSYoungGen: 9200K(15360K)->5535K(14336K) Eden: 9200K(9216K)->0K(8192K) From: 0K(6144K)->5535K(6144K)
[2026-06-17T10:01:22.199+0800][19.827s][info][gc,heap        ] GC(759) ParOldGen: 27238K(44032K)->27238K(44032K)
[2026-06-17T10:01:22.200+0800][19.827s][info][gc,metaspace   ] GC(759) Metaspace: 112K(320K)->112K(320K) NonClass: 105K(192K)->105K(192K) Class: 7K(128K)->7K(128K)
[2026-06-17T10:01:22.200+0800][19.828s][info][gc             ] GC(759) Pause Young (Allocation Failure) 35M->32M(57M) 3.836ms
[2026-06-17T10:01:22.201+0800][19.829s][info][gc,cpu         ] GC(759) User=0.00s Sys=0.00s Real=0.00s
[2026-06-17T10:01:22.223+0800][19.851s][info][gc,start       ] GC(760) Pause Young (Allocation Failure)
[2026-06-17T10:01:22.225+0800][19.853s][info][gc,heap        ] GC(760) PSYoungGen: 13722K(14336K)->6586K(14848K) Eden: 8187K(8192K)->0K(8192K) From: 5535K(6144K)->6586K(6656K)
[2026-06-17T10:01:22.226+0800][19.854s][info][gc,heap        ] GC(760) ParOldGen: 27238K(44032K)->27561K(44032K)
[2026-06-17T10:01:22.227+0800][19.854s][info][gc,metaspace   ] GC(760) Metaspace: 112K(320K)->112K(320K) NonClass: 105K(192K)->105K(192K) Class: 7K(128K)->7K(128K)
[2026-06-17T10:01:22.227+0800][19.855s][info][gc             ] GC(760) Pause Young (Allocation Failure) 40M->33M(57M) 3.904ms
[2026-06-17T10:01:22.228+0800][19.856s][info][gc,cpu         ] GC(760) User=0.00s Sys=0.00s Real=0.00s
[2026-06-17T10:01:22.251+0800][19.879s][info][gc,start       ] GC(761) Pause Young (Allocation Failure)
[2026-06-17T10:01:22.254+0800][19.882s][info][gc,heap        ] GC(761) PSYoungGen: 14754K(14848K)->3174K(13824K) Eden: 8167K(8192K)->0K(7168K) From: 6586K(6656K)->3174K(6656K)
[2026-06-17T10:01:22.255+0800][19.883s][info][gc,heap        ] GC(761) ParOldGen: 27561K(44032K)->32597K(44032K)
[2026-06-17T10:01:22.256+0800][19.883s][info][gc,metaspace   ] GC(761) Metaspace: 112K(320K)->112K(320K) NonClass: 105K(192K)->105K(192K) Class: 7K(128K)->7K(128K)
[2026-06-17T10:01:22.256+0800][19.884s][info][gc             ] GC(761) Pause Young (Allocation Failure) 41M->34M(56M) 4.841ms
[2026-06-17T10:01:22.257+0800][19.884s][info][gc,cpu         ] GC(761) User=0.00s Sys=0.00s Real=0.00s
[2026-06-17T10:01:22.279+0800][19.907s][info][gc,start       ] GC(762) Pause Young (Allocation Failure)
[2026-06-17T10:01:22.281+0800][19.909s][info][gc,heap        ] GC(762) PSYoungGen: 10311K(13824K)->3378K(14336K) Eden: 7137K(7168K)->0K(7168K) From: 3174K(6656K)->3378K(7168K)
[2026-06-17T10:01:22.282+0800][19.909s][info][gc,heap        ] GC(762) ParOldGen: 32597K(44032K)->32597K(44032K)
[2026-06-17T10:01:22.282+0800][19.910s][info][gc,metaspace   ] GC(762) Metaspace: 112K(320K)->112K(320K) NonClass: 105K(192K)->105K(192K) Class: 7K(128K)->7K(128K)
[2026-06-17T10:01:22.283+0800][19.911s][info][gc             ] GC(762) Pause Young (Allocation Failure) 41M->35M(57M) 4.023ms
[2026-06-17T10:01:22.284+0800][19.912s][info][gc,cpu         ] GC(762) User=0.00s Sys=0.00s Real=0.01s
[2026-06-17T10:01:22.296+0800][19.924s][info][gc,start       ] GC(763) Pause Young (Allocation Failure)
[2026-06-17T10:01:22.297+0800][19.925s][info][gc,heap        ] GC(763) PSYoungGen: 10515K(14336K)->1401K(14336K) Eden: 7137K(7168K)->0K(7168K) From: 3378K(7168K)->1401K(7168K)
[2026-06-17T10:01:22.298+0800][19.926s][info][gc,heap        ] GC(763) ParOldGen: 32597K(44032K)->34634K(44032K)
[2026-06-17T10:01:22.298+0800][19.926s][info][gc,metaspace   ] GC(763) Metaspace: 112K(320K)->112K(320K) NonClass: 105K(192K)->105K(192K) Class: 7K(128K)->7K(128K)
[2026-06-17T10:01:22.299+0800][19.927s][info][gc             ] GC(763) Pause Young (Allocation Failure) 42M->35M(57M) 2.981ms
[2026-06-17T10:01:22.299+0800][19.927s][info][gc,cpu         ] GC(763) User=0.00s Sys=0.00s Real=0.00s
[2026-06-17T10:01:22.322+0800][19.949s][info][gc,start       ] GC(764) Pause Young (Allocation Failure)
[2026-06-17T10:01:22.323+0800][19.951s][info][gc,heap        ] GC(764) PSYoungGen: 8550K(14336K)->3791K(14336K) Eden: 7149K(7168K)->0K(7168K) From: 1401K(7168K)->3791K(7168K)
[2026-06-17T10:01:22.324+0800][19.952s][info][gc,heap        ] GC(764) ParOldGen: 34634K(44032K)->36011K(44032K)
[2026-06-17T10:01:22.325+0800][19.952s][info][gc,metaspace   ] GC(764) Metaspace: 112K(320K)->112K(320K) NonClass: 105K(192K)->105K(192K) Class: 7K(128K)->7K(128K)
[2026-06-17T10:01:22.325+0800][19.953s][info][gc             ] GC(764) Pause Young (Allocation Failure) 42M->38M(57M) 3.520ms
[2026-06-17T10:01:22.326+0800][19.953s][info][gc,cpu         ] GC(764) User=0.00s Sys=0.01s Real=0.01s
[2026-06-17T10:01:22.347+0800][19.975s][info][gc,start       ] GC(765) Pause Young (Allocation Failure)
[2026-06-17T10:01:22.350+0800][19.978s][info][gc,heap        ] GC(765) PSYoungGen: 10946K(14336K)->3232K(14848K) Eden: 7155K(7168K)->0K(8192K) From: 3791K(7168K)->3232K(6656K)
[2026-06-17T10:01:22.353+0800][19.981s][info][gc,heap        ] GC(765) ParOldGen: 36011K(44032K)->36920K(44032K)
[2026-06-17T10:01:22.355+0800][19.983s][info][gc,metaspace   ] GC(765) Metaspace: 112K(320K)->112K(320K) NonClass: 105K(192K)->105K(192K) Class: 7K(128K)->7K(128K)
[2026-06-17T10:01:22.356+0800][19.984s][info][gc             ] GC(765) Pause Young (Allocation Failure) 45M->39M(57M) 8.985ms
[2026-06-17T10:01:22.357+0800][19.984s][info][gc,cpu         ] GC(765) User=0.00s Sys=0.00s Real=0.01s
[2026-06-17T10:01:22.380+0800][20.007s][info][gc,start       ] GC(766) Pause Young (Allocation Failure)
[2026-06-17T10:01:22.384+0800][20.012s][info][gc,heap        ] GC(766) PSYoungGen: 11410K(14848K)->4269K(14848K) Eden: 8178K(8192K)->0K(8192K) From: 3232K(6656K)->4269K(6656K)
[2026-06-17T10:01:22.385+0800][20.013s][info][gc,heap        ] GC(766) ParOldGen: 36920K(44032K)->36920K(44032K)
[2026-06-17T10:01:22.386+0800][20.014s][info][gc,metaspace   ] GC(766) Metaspace: 112K(320K)->112K(320K) NonClass: 105K(192K)->105K(192K) Class: 7K(128K)->7K(128K)
[2026-06-17T10:01:22.387+0800][20.015s][info][gc             ] GC(766) Pause Young (Allocation Failure) 47M->40M(57M) 7.246ms
[2026-06-17T10:01:22.388+0800][20.015s][info][gc,cpu         ] GC(766) User=0.01s Sys=0.00s Real=0.01s
[2026-06-17T10:01:22.411+0800][20.038s][info][gc,start       ] GC(767) Pause Young (Allocation Failure)
[2026-06-17T10:01:22.413+0800][20.041s][info][gc,heap        ] GC(767) PSYoungGen: 12427K(14848K)->5787K(13824K) Eden: 8157K(8192K)->0K(7168K) From: 4269K(6656K)->5787K(6656K)
[2026-06-17T10:01:22.414+0800][20.042s][info][gc,heap        ] GC(767) ParOldGen: 36920K(44032K)->36920K(44032K)
[2026-06-17T10:01:22.415+0800][20.043s][info][gc,metaspace   ] GC(767) Metaspace: 112K(320K)->112K(320K) NonClass: 105K(192K)->105K(192K) Class: 7K(128K)->7K(128K)
[2026-06-17T10:01:22.416+0800][20.044s][info][gc             ] GC(767) Pause Young (Allocation Failure) 48M->41M(56M) 5.749ms
[2026-06-17T10:01:22.417+0800][20.045s][info][gc,cpu         ] GC(767) User=0.00s Sys=0.00s Real=0.00s
[2026-06-17T10:01:22.430+0800][20.058s][info][gc,start       ] GC(768) Pause Young (Allocation Failure)
[2026-06-17T10:01:22.434+0800][20.062s][info][gc,heap        ] GC(768) PSYoungGen: 12833K(13824K)->5728K(14336K) Eden: 7045K(7168K)->0K(7168K) From: 5787K(6656K)->5728K(7168K)
[2026-06-17T10:01:22.435+0800][20.063s][info][gc,heap        ] GC(768) ParOldGen: 36920K(44032K)->36920K(44032K)
[2026-06-17T10:01:22.436+0800][20.064s][info][gc,metaspace   ] GC(768) Metaspace: 112K(320K)->112K(320K) NonClass: 105K(192K)->105K(192K) Class: 7K(128K)->7K(128K)
[2026-06-17T10:01:22.437+0800][20.065s][info][gc             ] GC(768) Pause Young (Allocation Failure) 48M->41M(57M) 6.694ms
[2026-06-17T10:01:22.438+0800][20.066s][info][gc,cpu         ] GC(768) User=0.00s Sys=0.00s Real=0.01s
[2026-06-17T10:01:22.461+0800][20.088s][info][gc,start       ] GC(769) Pause Young (Allocation Failure)
[2026-06-17T10:01:22.463+0800][20.091s][info][gc,heap        ] GC(769) PSYoungGen: 12863K(14336K)->7015K(14336K) Eden: 7135K(7168K)->0K(7168K) From: 5728K(7168K)->7015K(7168K)
[2026-06-17T10:01:22.464+0800][20.092s][info][gc,heap        ] GC(769) ParOldGen: 36920K(44032K)->39147K(44032K)
[2026-06-17T10:01:22.465+0800][20.093s][info][gc,metaspace   ] GC(769) Metaspace: 112K(320K)->112K(320K) NonClass: 105K(192K)->105K(192K) Class: 7K(128K)->7K(128K)
[2026-06-17T10:01:22.466+0800][20.093s][info][gc             ] GC(769) Pause Young (Allocation Failure) 48M->45M(57M) 4.835ms
[2026-06-17T10:01:22.466+0800][20.094s][info][gc,cpu         ] GC(769) User=0.01s Sys=0.00s Real=0.01s
[2026-06-17T10:01:22.489+0800][20.117s][info][gc,start       ] GC(770) Pause Young (Allocation Failure)
[2026-06-17T10:01:22.491+0800][20.119s][info][gc,heap        ] GC(770) PSYoungGen: 14168K(14336K)->3784K(14336K) Eden: 7153K(7168K)->0K(7168K) From: 7015K(7168K)->3784K(7168K)
[2026-06-17T10:01:22.492+0800][20.120s][info][gc,heap        ] GC(770) ParOldGen: 39147K(44032K)->42600K(44032K)
[2026-06-17T10:01:22.493+0800][20.121s][info][gc,metaspace   ] GC(770) Metaspace: 112K(320K)->112K(320K) NonClass: 105K(192K)->105K(192K) Class: 7K(128K)->7K(128K)
[2026-06-17T10:01:22.494+0800][20.122s][info][gc             ] GC(770) Pause Young (Allocation Failure) 52M->45M(57M) 5.245ms
[2026-06-17T10:01:22.495+0800][20.123s][info][gc,cpu         ] GC(770) User=0.00s Sys=0.00s Real=0.01s
[2026-06-17T10:01:22.517+0800][20.145s][info][gc,start       ] GC(771) Pause Full (Ergonomics)
[2026-06-17T10:01:22.517+0800][20.145s][info][gc,phases,start] GC(771) Marking Phase
[2026-06-17T10:01:22.519+0800][20.147s][info][gc,phases      ] GC(771) Marking Phase 1.787ms
[2026-06-17T10:01:22.519+0800][20.147s][info][gc,phases,start] GC(771) Summary Phase
[2026-06-17T10:01:22.520+0800][20.147s][info][gc,phases      ] GC(771) Summary Phase 0.219ms
[2026-06-17T10:01:22.520+0800][20.148s][info][gc,phases,start] GC(771) Adjust Roots
[2026-06-17T10:01:22.520+0800][20.148s][info][gc,phases      ] GC(771) Adjust Roots 0.303ms
[2026-06-17T10:01:22.520+0800][20.148s][info][gc,phases,start] GC(771) Compaction Phase
[2026-06-17T10:01:22.522+0800][20.150s][info][gc,phases      ] GC(771) Compaction Phase 1.631ms
[2026-06-17T10:01:22.522+0800][20.150s][info][gc,phases,start] GC(771) Post Compact
[2026-06-17T10:01:22.523+0800][20.150s][info][gc,phases      ] GC(771) Post Compact 0.364ms
[2026-06-17T10:01:22.523+0800][20.151s][info][gc,heap        ] GC(771) PSYoungGen: 10936K(14336K)->0K(14336K) Eden: 7151K(7168K)->0K(7168K) From: 3784K(7168K)->0K(7168K)
[2026-06-17T10:01:22.523+0800][20.151s][info][gc,heap        ] GC(771) ParOldGen: 42600K(44032K)->23135K(44032K)
[2026-06-17T10:01:22.523+0800][20.151s][info][gc,metaspace   ] GC(771) Metaspace: 112K(320K)->112K(320K) NonClass: 105K(192K)->105K(192K) Class: 7K(128K)->7K(128K)
[2026-06-17T10:01:22.523+0800][20.151s][info][gc             ] GC(771) Pause Full (Ergonomics) 52M->22M(57M) 6.461ms
[2026-06-17T10:01:22.524+0800][20.151s][info][gc,cpu         ] GC(771) User=0.01s Sys=0.00s Real=0.01s
[2026-06-17T10:01:22.535+0800][20.162s][info][gc,start       ] GC(772) Pause Young (Allocation Failure)
[2026-06-17T10:01:22.536+0800][20.164s][info][gc,heap        ] GC(772) PSYoungGen: 7132K(14336K)->7154K(14336K) Eden: 7132K(7168K)->0K(7168K) From: 0K(7168K)->7154K(7168K)
[2026-06-17T10:01:22.537+0800][20.165s][info][gc,heap        ] GC(772) ParOldGen: 23135K(44032K)->23135K(44032K)
[2026-06-17T10:01:22.537+0800][20.165s][info][gc,metaspace   ] GC(772) Metaspace: 112K(320K)->112K(320K) NonClass: 105K(192K)->105K(192K) Class: 7K(128K)->7K(128K)
[2026-06-17T10:01:22.538+0800][20.166s][info][gc             ] GC(772) Pause Young (Allocation Failure) 29M->29M(57M) 3.296ms
[2026-06-17T10:01:22.538+0800][20.166s][info][gc,cpu         ] GC(772) User=0.00s Sys=0.00s Real=0.00s
[2026-06-17T10:01:22.561+0800][20.189s][info][gc,start       ] GC(773) Pause Young (Allocation Failure)
[2026-06-17T10:01:22.563+0800][20.191s][info][gc,heap        ] GC(773) PSYoungGen: 14318K(14336K)->2748K(14336K) Eden: 7164K(7168K)->0K(7168K) From: 7154K(7168K)->2748K(7168K)
[2026-06-17T10:01:22.564+0800][20.191s][info][gc,heap        ] GC(773) ParOldGen: 23135K(44032K)->27701K(44032K)
[2026-06-17T10:01:22.564+0800][20.192s][info][gc,metaspace   ] GC(773) Metaspace: 112K(320K)->112K(320K) NonClass: 105K(192K)->105K(192K) Class: 7K(128K)->7K(128K)
[2026-06-17T10:01:22.565+0800][20.192s][info][gc             ] GC(773) Pause Young (Allocation Failure) 36M->29M(57M) 3.700ms
[2026-06-17T10:01:22.565+0800][20.193s][info][gc,cpu         ] GC(773) User=0.01s Sys=0.00s Real=0.01s
[2026-06-17T10:01:22.587+0800][20.215s][info][gc,start       ] GC(774) Pause Young (Allocation Failure)
[2026-06-17T10:01:22.592+0800][20.219s][info][gc,heap        ] GC(774) PSYoungGen: 9916K(14336K)->2440K(14336K) Eden: 7168K(7168K)->0K(7168K) From: 2748K(7168K)->2440K(7168K)
[2026-06-17T10:01:22.593+0800][20.220s][info][gc,heap        ] GC(774) ParOldGen: 27701K(44032K)->27701K(44032K)
[2026-06-17T10:01:22.594+0800][20.222s][info][gc,metaspace   ] GC(774) Metaspace: 112K(320K)->112K(320K) NonClass: 105K(192K)->105K(192K) Class: 7K(128K)->7K(128K)
[2026-06-17T10:01:22.595+0800][20.223s][info][gc             ] GC(774) Pause Young (Allocation Failure) 36M->29M(57M) 7.528ms
[2026-06-17T10:01:22.598+0800][20.226s][info][gc,cpu         ] GC(774) User=0.00s Sys=0.00s Real=0.01s
[2026-06-17T10:01:22.611+0800][20.238s][info][gc,start       ] GC(775) Pause Young (Allocation Failure)
[2026-06-17T10:01:22.612+0800][20.240s][info][gc,heap        ] GC(775) PSYoungGen: 9473K(14336K)->864K(14336K) Eden: 7033K(7168K)->0K(7168K) From: 2440K(7168K)->864K(7168K)
[2026-06-17T10:01:22.613+0800][20.241s][info][gc,heap        ] GC(775) ParOldGen: 27701K(44032K)->29567K(44032K)
[2026-06-17T10:01:22.613+0800][20.241s][info][gc,metaspace   ] GC(775) Metaspace: 112K(320K)->112K(320K) NonClass: 105K(192K)->105K(192K) Class: 7K(128K)->7K(128K)
[2026-06-17T10:01:22.614+0800][20.242s][info][gc             ] GC(775) Pause Young (Allocation Failure) 36M->29M(57M) 3.601ms
[2026-06-17T10:01:22.615+0800][20.242s][info][gc,cpu         ] GC(775) User=0.00s Sys=0.00s Real=0.00s
[2026-06-17T10:01:22.638+0800][20.266s][info][gc,start       ] GC(776) Pause Young (Allocation Failure)
[2026-06-17T10:01:22.640+0800][20.268s][info][gc,heap        ] GC(776) PSYoungGen: 8018K(14336K)->3524K(14336K) Eden: 7154K(7168K)->0K(7168K) From: 864K(7168K)->3524K(7168K)
[2026-06-17T10:01:22.640+0800][20.268s][info][gc,heap        ] GC(776) ParOldGen: 29567K(44032K)->30407K(44032K)
[2026-06-17T10:01:22.641+0800][20.269s][info][gc,metaspace   ] GC(776) Metaspace: 112K(320K)->112K(320K) NonClass: 105K(192K)->105K(192K) Class: 7K(128K)->7K(128K)
[2026-06-17T10:01:22.642+0800][20.269s][info][gc             ] GC(776) Pause Young (Allocation Failure) 36M->33M(57M) 3.724ms
[2026-06-17T10:01:22.642+0800][20.270s][info][gc,cpu         ] GC(776) User=0.01s Sys=0.00s Real=0.00s
[2026-06-17T10:01:22.665+0800][20.292s][info][gc,start       ] GC(777) Pause Young (Allocation Failure)
[2026-06-17T10:01:22.667+0800][20.294s][info][gc,heap        ] GC(777) PSYoungGen: 10657K(14336K)->2541K(14336K) Eden: 7132K(7168K)->0K(7168K) From: 3524K(7168K)->2541K(7168K)
[2026-06-17T10:01:22.667+0800][20.295s][info][gc,heap        ] GC(777) ParOldGen: 30407K(44032K)->31633K(44032K)
[2026-06-17T10:01:22.668+0800][20.296s][info][gc,metaspace   ] GC(777) Metaspace: 112K(320K)->112K(320K) NonClass: 105K(192K)->105K(192K) Class: 7K(128K)->7K(128K)
[2026-06-17T10:01:22.668+0800][20.296s][info][gc             ] GC(777) Pause Young (Allocation Failure) 40M->33M(57M) 3.773ms
[2026-06-17T10:01:22.669+0800][20.297s][info][gc,cpu         ] GC(777) User=0.00s Sys=0.00s Real=0.00s
[2026-06-17T10:01:22.691+0800][20.319s][info][gc,start       ] GC(778) Pause Young (Allocation Failure)
[2026-06-17T10:01:22.693+0800][20.320s][info][gc,heap        ] GC(778) PSYoungGen: 9659K(14336K)->880K(14336K) Eden: 7117K(7168K)->0K(7168K) From: 2541K(7168K)->880K(7168K)
[2026-06-17T10:01:22.693+0800][20.321s][info][gc,heap        ] GC(778) ParOldGen: 31633K(44032K)->33987K(44032K)
[2026-06-17T10:01:22.694+0800][20.321s][info][gc,metaspace   ] GC(778) Metaspace: 112K(320K)->112K(320K) NonClass: 105K(192K)->105K(192K) Class: 7K(128K)->7K(128K)
[2026-06-17T10:01:22.694+0800][20.322s][info][gc             ] GC(778) Pause Young (Allocation Failure) 40M->34M(57M) 2.943ms
[2026-06-17T10:01:22.695+0800][20.322s][info][gc,cpu         ] GC(778) User=0.00s Sys=0.00s Real=0.00s
[2026-06-17T10:01:22.706+0800][20.334s][info][gc,start       ] GC(779) Pause Young (Allocation Failure)
[2026-06-17T10:01:22.708+0800][20.335s][info][gc,heap        ] GC(779) PSYoungGen: 8027K(14336K)->4652K(14336K) Eden: 7146K(7168K)->0K(7168K) From: 880K(7168K)->4652K(7168K)
[2026-06-17T10:01:22.708+0800][20.336s][info][gc,heap        ] GC(779) ParOldGen: 33987K(44032K)->33987K(44032K)
[2026-06-17T10:01:22.708+0800][20.336s][info][gc,metaspace   ] GC(779) Metaspace: 112K(320K)->112K(320K) NonClass: 105K(192K)->105K(192K) Class: 7K(128K)->7K(128K)
[2026-06-17T10:01:22.709+0800][20.336s][info][gc             ] GC(779) Pause Young (Allocation Failure) 41M->37M(57M) 2.683ms
[2026-06-17T10:01:22.709+0800][20.337s][info][gc,cpu         ] GC(779) User=0.00s Sys=0.00s Real=0.00s
[2026-06-17T10:01:22.731+0800][20.359s][info][gc,start       ] GC(780) Pause Young (Allocation Failure)
[2026-06-17T10:01:22.733+0800][20.361s][info][gc,heap        ] GC(780) PSYoungGen: 11779K(14336K)->2674K(14336K) Eden: 7127K(7168K)->0K(7168K) From: 4652K(7168K)->2674K(7168K)
[2026-06-17T10:01:22.734+0800][20.361s][info][gc,heap        ] GC(780) ParOldGen: 33987K(44032K)->35965K(44032K)
[2026-06-17T10:01:22.734+0800][20.362s][info][gc,metaspace   ] GC(780) Metaspace: 112K(320K)->112K(320K) NonClass: 105K(192K)->105K(192K) Class: 7K(128K)->7K(128K)
[2026-06-17T10:01:22.735+0800][20.362s][info][gc             ] GC(780) Pause Young (Allocation Failure) 44M->37M(57M) 3.932ms
[2026-06-17T10:01:22.735+0800][20.363s][info][gc,cpu         ] GC(780) User=0.01s Sys=0.00s Real=0.00s
[2026-06-17T10:01:22.757+0800][20.384s][info][gc,start       ] GC(781) Pause Young (Allocation Failure)
[2026-06-17T10:01:22.758+0800][20.386s][info][gc,heap        ] GC(781) PSYoungGen: 9817K(14336K)->2039K(14336K) Eden: 7142K(7168K)->0K(7168K) From: 2674K(7168K)->2039K(7168K)
[2026-06-17T10:01:22.759+0800][20.386s][info][gc,heap        ] GC(781) ParOldGen: 35965K(44032K)->36824K(44032K)
[2026-06-17T10:01:22.759+0800][20.387s][info][gc,metaspace   ] GC(781) Metaspace: 112K(320K)->112K(320K) NonClass: 105K(192K)->105K(192K) Class: 7K(128K)->7K(128K)
[2026-06-17T10:01:22.760+0800][20.387s][info][gc             ] GC(781) Pause Young (Allocation Failure) 44M->37M(57M) 3.056ms
[2026-06-17T10:01:22.760+0800][20.388s][info][gc,cpu         ] GC(781) User=0.00s Sys=0.00s Real=0.00s
[2026-06-17T10:01:22.772+0800][20.399s][info][gc,start       ] GC(782) Pause Young (Allocation Failure)
[2026-06-17T10:01:22.774+0800][20.401s][info][gc,heap        ] GC(782) PSYoungGen: 8986K(14336K)->452K(14336K) Eden: 6946K(7168K)->0K(7168K) From: 2039K(7168K)->452K(7168K)
[2026-06-17T10:01:22.774+0800][20.402s][info][gc,heap        ] GC(782) ParOldGen: 36824K(44032K)->38331K(44032K)
[2026-06-17T10:01:22.775+0800][20.402s][info][gc,metaspace   ] GC(782) Metaspace: 112K(320K)->112K(320K) NonClass: 105K(192K)->105K(192K) Class: 7K(128K)->7K(128K)
[2026-06-17T10:01:22.775+0800][20.403s][info][gc             ] GC(782) Pause Young (Allocation Failure) 44M->37M(57M) 3.431ms
[2026-06-17T10:01:22.775+0800][20.403s][info][gc,cpu         ] GC(782) User=0.00s Sys=0.00s Real=0.00s
[2026-06-17T10:01:22.797+0800][20.425s][info][gc,start       ] GC(783) Pause Young (Allocation Failure)
[2026-06-17T10:01:22.799+0800][20.427s][info][gc,heap        ] GC(783) PSYoungGen: 7575K(14336K)->3644K(14336K) Eden: 7123K(7168K)->0K(7168K) From: 452K(7168K)->3644K(7168K)
[2026-06-17T10:01:22.799+0800][20.427s][info][gc,heap        ] GC(783) ParOldGen: 38331K(44032K)->38759K(44032K)
[2026-06-17T10:01:22.800+0800][20.428s][info][gc,metaspace   ] GC(783) Metaspace: 112K(320K)->112K(320K) NonClass: 105K(192K)->105K(192K) Class: 7K(128K)->7K(128K)
[2026-06-17T10:01:22.800+0800][20.428s][info][gc             ] GC(783) Pause Young (Allocation Failure) 44M->41M(57M) 3.495ms
[2026-06-17T10:01:22.801+0800][20.429s][info][gc,cpu         ] GC(783) User=0.00s Sys=0.00s Real=0.00s
[2026-06-17T10:01:22.812+0800][20.440s][info][gc,start       ] GC(784) Pause Young (Allocation Failure)
[2026-06-17T10:01:22.814+0800][20.441s][info][gc,heap        ] GC(784) PSYoungGen: 10810K(14336K)->1841K(14336K) Eden: 7166K(7168K)->0K(7168K) From: 3644K(7168K)->1841K(7168K)
[2026-06-17T10:01:22.814+0800][20.442s][info][gc,heap        ] GC(784) ParOldGen: 38759K(44032K)->40539K(44032K)
[2026-06-17T10:01:22.815+0800][20.442s][info][gc,metaspace   ] GC(784) Metaspace: 112K(320K)->112K(320K) NonClass: 105K(192K)->105K(192K) Class: 7K(128K)->7K(128K)
[2026-06-17T10:01:22.815+0800][20.443s][info][gc             ] GC(784) Pause Young (Allocation Failure) 48M->41M(57M) 2.732ms
[2026-06-17T10:01:22.816+0800][20.444s][info][gc,cpu         ] GC(784) User=0.00s Sys=0.00s Real=0.00s
[2026-06-17T10:01:22.848+0800][20.476s][info][gc,start       ] GC(785) Pause Full (Ergonomics)
[2026-06-17T10:01:22.848+0800][20.476s][info][gc,phases,start] GC(785) Marking Phase
[2026-06-17T10:01:22.851+0800][20.479s][info][gc,phases      ] GC(785) Marking Phase 2.486ms
[2026-06-17T10:01:22.851+0800][20.479s][info][gc,phases,start] GC(785) Summary Phase
[2026-06-17T10:01:22.852+0800][20.480s][info][gc,phases      ] GC(785) Summary Phase 0.804ms
[2026-06-17T10:01:22.853+0800][20.480s][info][gc,phases,start] GC(785) Adjust Roots
[2026-06-17T10:01:22.853+0800][20.481s][info][gc,phases      ] GC(785) Adjust Roots 0.425ms
[2026-06-17T10:01:22.853+0800][20.481s][info][gc,phases,start] GC(785) Compaction Phase
[2026-06-17T10:01:22.855+0800][20.483s][info][gc,phases      ] GC(785) Compaction Phase 2.116ms
[2026-06-17T10:01:22.856+0800][20.484s][info][gc,phases,start] GC(785) Post Compact
[2026-06-17T10:01:22.857+0800][20.484s][info][gc,phases      ] GC(785) Post Compact 0.722ms
[2026-06-17T10:01:22.858+0800][20.486s][info][gc,heap        ] GC(785) PSYoungGen: 8985K(14336K)->0K(14336K) Eden: 7144K(7168K)->0K(7168K) From: 1841K(7168K)->0K(7168K)
[2026-06-17T10:01:22.859+0800][20.487s][info][gc,heap        ] GC(785) ParOldGen: 40539K(44032K)->29171K(44032K)
[2026-06-17T10:01:22.861+0800][20.489s][info][gc,metaspace   ] GC(785) Metaspace: 112K(320K)->112K(320K) NonClass: 105K(192K)->105K(192K) Class: 7K(128K)->7K(128K)
[2026-06-17T10:01:22.865+0800][20.492s][info][gc             ] GC(785) Pause Full (Ergonomics) 48M->28M(57M) 16.588ms
[2026-06-17T10:01:22.865+0800][20.493s][info][gc,cpu         ] GC(785) User=0.00s Sys=0.00s Real=0.02s
[2026-06-17T10:01:22.878+0800][20.505s][info][gc,start       ] GC(786) Pause Young (Allocation Failure)
[2026-06-17T10:01:22.879+0800][20.507s][info][gc,heap        ] GC(786) PSYoungGen: 7134K(14336K)->7075K(14336K) Eden: 7134K(7168K)->0K(7168K) From: 0K(7168K)->7075K(7168K)
[2026-06-17T10:01:22.880+0800][20.507s][info][gc,heap        ] GC(786) ParOldGen: 29171K(44032K)->29270K(44032K)
[2026-06-17T10:01:22.880+0800][20.508s][info][gc,metaspace   ] GC(786) Metaspace: 112K(320K)->112K(320K) NonClass: 105K(192K)->105K(192K) Class: 7K(128K)->7K(128K)
[2026-06-17T10:01:22.881+0800][20.508s][info][gc             ] GC(786) Pause Young (Allocation Failure) 35M->35M(57M) 2.919ms
[2026-06-17T10:01:22.881+0800][20.509s][info][gc,cpu         ] GC(786) User=0.01s Sys=0.00s Real=0.00s
[2026-06-17T10:01:22.903+0800][20.531s][info][gc,start       ] GC(787) Pause Young (Allocation Failure)
[2026-06-17T10:01:22.905+0800][20.532s][info][gc,heap        ] GC(787) PSYoungGen: 14230K(14336K)->2569K(14336K) Eden: 7155K(7168K)->0K(7168K) From: 7075K(7168K)->2569K(7168K)
[2026-06-17T10:01:22.905+0800][20.533s][info][gc,heap        ] GC(787) ParOldGen: 29270K(44032K)->34048K(44032K)
[2026-06-17T10:01:22.906+0800][20.533s][info][gc,metaspace   ] GC(787) Metaspace: 112K(320K)->112K(320K) NonClass: 105K(192K)->105K(192K) Class: 7K(128K)->7K(128K)
[2026-06-17T10:01:22.906+0800][20.534s][info][gc             ] GC(787) Pause Young (Allocation Failure) 42M->35M(57M) 3.086ms
[2026-06-17T10:01:22.906+0800][20.534s][info][gc,cpu         ] GC(787) User=0.00s Sys=0.00s Real=0.00s
[2026-06-17T10:01:22.929+0800][20.556s][info][gc,start       ] GC(788) Pause Young (Allocation Failure)
[2026-06-17T10:01:22.930+0800][20.558s][info][gc,heap        ] GC(788) PSYoungGen: 9735K(14336K)->2820K(14336K) Eden: 7165K(7168K)->0K(7168K) From: 2569K(7168K)->2820K(7168K)
[2026-06-17T10:01:22.930+0800][20.558s][info][gc,heap        ] GC(788) ParOldGen: 34048K(44032K)->34048K(44032K)
[2026-06-17T10:01:22.931+0800][20.559s][info][gc,metaspace   ] GC(788) Metaspace: 112K(320K)->112K(320K) NonClass: 105K(192K)->105K(192K) Class: 7K(128K)->7K(128K)
[2026-06-17T10:01:22.931+0800][20.559s][info][gc             ] GC(788) Pause Young (Allocation Failure) 42M->36M(57M) 2.815ms
[2026-06-17T10:01:22.932+0800][20.559s][info][gc,cpu         ] GC(788) User=0.00s Sys=0.00s Real=0.01s
[2026-06-17T10:01:22.943+0800][20.571s][info][gc,start       ] GC(789) Pause Young (Allocation Failure)
[2026-06-17T10:01:22.944+0800][20.572s][info][gc,heap        ] GC(789) PSYoungGen: 9746K(14336K)->1057K(14336K) Eden: 6926K(7168K)->0K(7168K) From: 2820K(7168K)->1057K(7168K)
[2026-06-17T10:01:22.945+0800][20.573s][info][gc,heap        ] GC(789) ParOldGen: 34048K(44032K)->35849K(44032K)
[2026-06-17T10:01:22.946+0800][20.573s][info][gc,metaspace   ] GC(789) Metaspace: 112K(320K)->112K(320K) NonClass: 105K(192K)->105K(192K) Class: 7K(128K)->7K(128K)
[2026-06-17T10:01:22.946+0800][20.574s][info][gc             ] GC(789) Pause Young (Allocation Failure) 42M->36M(57M) 3.132ms
[2026-06-17T10:01:22.947+0800][20.574s][info][gc,cpu         ] GC(789) User=0.00s Sys=0.00s Real=0.00s
[2026-06-17T10:01:22.969+0800][20.596s][info][gc,start       ] GC(790) Pause Young (Allocation Failure)
[2026-06-17T10:01:22.970+0800][20.598s][info][gc,heap        ] GC(790) PSYoungGen: 8190K(14336K)->4075K(14336K) Eden: 7133K(7168K)->0K(7168K) From: 1057K(7168K)->4075K(7168K)
[2026-06-17T10:01:22.971+0800][20.598s][info][gc,heap        ] GC(790) ParOldGen: 35849K(44032K)->36882K(44032K)
[2026-06-17T10:01:22.971+0800][20.599s][info][gc,metaspace   ] GC(790) Metaspace: 112K(320K)->112K(320K) NonClass: 105K(192K)->105K(192K) Class: 7K(128K)->7K(128K)
[2026-06-17T10:01:22.972+0800][20.600s][info][gc             ] GC(790) Pause Young (Allocation Failure) 43M->39M(57M) 3.318ms
[2026-06-17T10:01:22.972+0800][20.600s][info][gc,cpu         ] GC(790) User=0.00s Sys=0.00s Real=0.01s
[2026-06-17T10:01:22.984+0800][20.612s][info][gc,start       ] GC(791) Pause Young (Allocation Failure)
[2026-06-17T10:01:22.986+0800][20.613s][info][gc,heap        ] GC(791) PSYoungGen: 10980K(14336K)->2026K(14336K) Eden: 6904K(7168K)->0K(7168K) From: 4075K(7168K)->2026K(7168K)
[2026-06-17T10:01:22.986+0800][20.614s][info][gc,heap        ] GC(791) ParOldGen: 36882K(44032K)->39326K(44032K)
[2026-06-17T10:01:22.987+0800][20.614s][info][gc,metaspace   ] GC(791) Metaspace: 112K(320K)->112K(320K) NonClass: 105K(192K)->105K(192K) Class: 7K(128K)->7K(128K)
[2026-06-17T10:01:22.987+0800][20.615s][info][gc             ] GC(791) Pause Young (Allocation Failure) 46M->40M(57M) 3.403ms
[2026-06-17T10:01:22.988+0800][20.615s][info][gc,cpu         ] GC(791) User=0.00s Sys=0.00s Real=0.00s
[2026-06-17T10:01:23.020+0800][20.648s][info][gc,start       ] GC(792) Pause Young (Allocation Failure)
[2026-06-17T10:01:23.022+0800][20.650s][info][gc,heap        ] GC(792) PSYoungGen: 9162K(14336K)->500K(14336K) Eden: 7136K(7168K)->0K(7168K) From: 2026K(7168K)->500K(7168K)
[2026-06-17T10:01:23.023+0800][20.650s][info][gc,heap        ] GC(792) ParOldGen: 39326K(44032K)->41328K(44032K)
[2026-06-17T10:01:23.023+0800][20.651s][info][gc,metaspace   ] GC(792) Metaspace: 112K(320K)->112K(320K) NonClass: 105K(192K)->105K(192K) Class: 7K(128K)->7K(128K)
[2026-06-17T10:01:23.024+0800][20.651s][info][gc             ] GC(792) Pause Young (Allocation Failure) 47M->40M(57M) 3.418ms
[2026-06-17T10:01:23.024+0800][20.652s][info][gc,cpu         ] GC(792) User=0.00s Sys=0.00s Real=0.01s
[2026-06-17T10:01:23.036+0800][20.663s][info][gc,start       ] GC(793) Pause Full (Ergonomics)
[2026-06-17T10:01:23.037+0800][20.664s][info][gc,phases,start] GC(793) Marking Phase
[2026-06-17T10:01:23.039+0800][20.667s][info][gc,phases      ] GC(793) Marking Phase 2.249ms
[2026-06-17T10:01:23.039+0800][20.667s][info][gc,phases,start] GC(793) Summary Phase
[2026-06-17T10:01:23.040+0800][20.668s][info][gc,phases      ] GC(793) Summary Phase 0.611ms
[2026-06-17T10:01:23.041+0800][20.668s][info][gc,phases,start] GC(793) Adjust Roots
[2026-06-17T10:01:23.041+0800][20.669s][info][gc,phases      ] GC(793) Adjust Roots 0.717ms
[2026-06-17T10:01:23.042+0800][20.669s][info][gc,phases,start] GC(793) Compaction Phase
[2026-06-17T10:01:23.044+0800][20.671s][info][gc,phases      ] GC(793) Compaction Phase 2.002ms
[2026-06-17T10:01:23.044+0800][20.672s][info][gc,phases,start] GC(793) Post Compact
[2026-06-17T10:01:23.045+0800][20.672s][info][gc,phases      ] GC(793) Post Compact 0.409ms
[2026-06-17T10:01:23.045+0800][20.673s][info][gc,heap        ] GC(793) PSYoungGen: 7656K(14336K)->0K(14336K) Eden: 7156K(7168K)->0K(7168K) From: 500K(7168K)->0K(7168K)
[2026-06-17T10:01:23.045+0800][20.673s][info][gc,heap        ] GC(793) ParOldGen: 41328K(44032K)->31767K(44032K)
[2026-06-17T10:01:23.046+0800][20.674s][info][gc,metaspace   ] GC(793) Metaspace: 112K(320K)->112K(320K) NonClass: 105K(192K)->105K(192K) Class: 7K(128K)->7K(128K)
[2026-06-17T10:01:23.046+0800][20.674s][info][gc             ] GC(793) Pause Full (Ergonomics) 47M->31M(57M) 10.583ms
[2026-06-17T10:01:23.047+0800][20.674s][info][gc,cpu         ] GC(793) User=0.01s Sys=0.00s Real=0.01s
[2026-06-17T10:01:23.068+0800][20.696s][info][gc,start       ] GC(794) Pause Young (Allocation Failure)
[2026-06-17T10:01:23.070+0800][20.697s][info][gc,heap        ] GC(794) PSYoungGen: 7155K(14336K)->3742K(14336K) Eden: 7155K(7168K)->0K(7168K) From: 0K(7168K)->3742K(7168K)
[2026-06-17T10:01:23.070+0800][20.698s][info][gc,heap        ] GC(794) ParOldGen: 31767K(44032K)->31767K(44032K)
[2026-06-17T10:01:23.071+0800][20.699s][info][gc,metaspace   ] GC(794) Metaspace: 112K(320K)->112K(320K) NonClass: 105K(192K)->105K(192K) Class: 7K(128K)->7K(128K)
[2026-06-17T10:01:23.071+0800][20.699s][info][gc             ] GC(794) Pause Young (Allocation Failure) 38M->34M(57M) 3.090ms
[2026-06-17T10:01:23.072+0800][20.699s][info][gc,cpu         ] GC(794) User=0.00s Sys=0.00s Real=0.01s
[2026-06-17T10:01:23.094+0800][20.721s][info][gc,start       ] GC(795) Pause Young (Allocation Failure)
[2026-06-17T10:01:23.096+0800][20.724s][info][gc,heap        ] GC(795) PSYoungGen: 10869K(14336K)->2858K(14848K) Eden: 7127K(7168K)->0K(7680K) From: 3742K(7168K)->2858K(7168K)
[2026-06-17T10:01:23.096+0800][20.724s][info][gc,heap        ] GC(795) ParOldGen: 31767K(44032K)->33308K(44032K)
[2026-06-17T10:01:23.097+0800][20.725s][info][gc,metaspace   ] GC(795) Metaspace: 112K(320K)->112K(320K) NonClass: 105K(192K)->105K(192K) Class: 7K(128K)->7K(128K)
[2026-06-17T10:01:23.098+0800][20.725s][info][gc             ] GC(795) Pause Young (Allocation Failure) 41M->35M(57M) 4.070ms
[2026-06-17T10:01:23.098+0800][20.726s][info][gc,cpu         ] GC(795) User=0.00s Sys=0.00s Real=0.00s
[2026-06-17T10:01:23.111+0800][20.739s][info][gc,start       ] GC(796) Pause Young (Allocation Failure)
[2026-06-17T10:01:23.113+0800][20.741s][info][gc,heap        ] GC(796) PSYoungGen: 10342K(14848K)->1896K(14336K) Eden: 7484K(7680K)->0K(7680K) From: 2858K(7168K)->1896K(6656K)
[2026-06-17T10:01:23.114+0800][20.741s][info][gc,heap        ] GC(796) ParOldGen: 33308K(44032K)->34862K(44032K)
[2026-06-17T10:01:23.114+0800][20.742s][info][gc,metaspace   ] GC(796) Metaspace: 112K(320K)->112K(320K) NonClass: 105K(192K)->105K(192K) Class: 7K(128K)->7K(128K)
[2026-06-17T10:01:23.115+0800][20.742s][info][gc             ] GC(796) Pause Young (Allocation Failure) 42M->35M(57M) 3.830ms
[2026-06-17T10:01:23.115+0800][20.743s][info][gc,cpu         ] GC(796) User=0.00s Sys=0.00s Real=0.00s
[2026-06-17T10:01:23.148+0800][20.776s][info][gc,start       ] GC(797) Pause Young (Allocation Failure)
[2026-06-17T10:01:23.150+0800][20.778s][info][gc,heap        ] GC(797) PSYoungGen: 9541K(14336K)->739K(14848K) Eden: 7645K(7680K)->0K(8192K) From: 1896K(6656K)->739K(6656K)
[2026-06-17T10:01:23.151+0800][20.778s][info][gc,heap        ] GC(797) ParOldGen: 34862K(44032K)->36734K(44032K)
[2026-06-17T10:01:23.151+0800][20.779s][info][gc,metaspace   ] GC(797) Metaspace: 112K(320K)->112K(320K) NonClass: 105K(192K)->105K(192K) Class: 7K(128K)->7K(128K)
[2026-06-17T10:01:23.152+0800][20.779s][info][gc             ] GC(797) Pause Young (Allocation Failure) 43M->36M(57M) 3.744ms
[2026-06-17T10:01:23.152+0800][20.780s][info][gc,cpu         ] GC(797) User=0.00s Sys=0.00s Real=0.01s
[2026-06-17T10:01:23.175+0800][20.802s][info][gc,start       ] GC(798) Pause Young (Allocation Failure)
[2026-06-17T10:01:23.176+0800][20.804s][info][gc,heap        ] GC(798) PSYoungGen: 8931K(14848K)->1814K(14848K) Eden: 8192K(8192K)->0K(8192K) From: 739K(6656K)->1814K(6656K)
[2026-06-17T10:01:23.177+0800][20.805s][info][gc,heap        ] GC(798) ParOldGen: 36734K(44032K)->37134K(44032K)
[2026-06-17T10:01:23.177+0800][20.805s][info][gc,metaspace   ] GC(798) Metaspace: 112K(320K)->112K(320K) NonClass: 105K(192K)->105K(192K) Class: 7K(128K)->7K(128K)
[2026-06-17T10:01:23.178+0800][20.806s][info][gc             ] GC(798) Pause Young (Allocation Failure) 44M->38M(57M) 3.348ms
[2026-06-17T10:01:23.179+0800][20.806s][info][gc,cpu         ] GC(798) User=0.00s Sys=0.01s Real=0.00s
[2026-06-17T10:01:23.191+0800][20.819s][info][gc,start       ] GC(799) Pause Young (Allocation Failure)
[2026-06-17T10:01:23.193+0800][20.821s][info][gc,heap        ] GC(799) PSYoungGen: 9976K(14848K)->4698K(14336K) Eden: 8162K(8192K)->0K(8192K) From: 1814K(6656K)->4698K(6144K)
[2026-06-17T10:01:23.194+0800][20.822s][info][gc,heap        ] GC(799) ParOldGen: 37134K(44032K)->38878K(44032K)
[2026-06-17T10:01:23.195+0800][20.822s][info][gc,metaspace   ] GC(799) Metaspace: 112K(320K)->112K(320K) NonClass: 105K(192K)->105K(192K) Class: 7K(128K)->7K(128K)
[2026-06-17T10:01:23.195+0800][20.823s][info][gc             ] GC(799) Pause Young (Allocation Failure) 46M->42M(57M) 4.143ms
[2026-06-17T10:01:23.196+0800][20.823s][info][gc,cpu         ] GC(799) User=0.00s Sys=0.00s Real=0.00s
[2026-06-17T10:01:23.218+0800][20.846s][info][gc,start       ] GC(800) Pause Young (Allocation Failure)
[2026-06-17T10:01:23.221+0800][20.849s][info][gc,heap        ] GC(800) PSYoungGen: 12890K(14336K)->4222K(12800K) Eden: 8192K(8192K)->0K(8192K) From: 4698K(6144K)->4222K(4608K)
[2026-06-17T10:01:23.222+0800][20.849s][info][gc,heap        ] GC(800) ParOldGen: 38878K(44032K)->40320K(44032K)
[2026-06-17T10:01:23.222+0800][20.850s][info][gc,metaspace   ] GC(800) Metaspace: 112K(320K)->112K(320K) NonClass: 105K(192K)->105K(192K) Class: 7K(128K)->7K(128K)
[2026-06-17T10:01:23.223+0800][20.851s][info][gc             ] GC(800) Pause Young (Allocation Failure) 50M->43M(55M) 4.820ms
[2026-06-17T10:01:23.223+0800][20.851s][info][gc,cpu         ] GC(800) User=0.01s Sys=0.00s Real=0.01s
[2026-06-17T10:01:23.246+0800][20.873s][info][gc,start       ] GC(801) Pause Young (Allocation Failure)
[2026-06-17T10:01:23.248+0800][20.875s][info][gc,heap        ] GC(801) PSYoungGen: 12404K(12800K)->3397K(14848K) Eden: 8181K(8192K)->0K(7680K) From: 4222K(4608K)->3397K(7168K)
[2026-06-17T10:01:23.248+0800][20.876s][info][gc,heap        ] GC(801) ParOldGen: 40320K(44032K)->42557K(44032K)
[2026-06-17T10:01:23.249+0800][20.877s][info][gc,metaspace   ] GC(801) Metaspace: 112K(320K)->112K(320K) NonClass: 105K(192K)->105K(192K) Class: 7K(128K)->7K(128K)
[2026-06-17T10:01:23.249+0800][20.877s][info][gc             ] GC(801) Pause Young (Allocation Failure) 51M->44M(57M) 3.789ms
[2026-06-17T10:01:23.250+0800][20.878s][info][gc,cpu         ] GC(801) User=0.00s Sys=0.00s Real=0.00s
[2026-06-17T10:01:23.272+0800][20.900s][info][gc,start       ] GC(802) Pause Full (Ergonomics)
[2026-06-17T10:01:23.273+0800][20.900s][info][gc,phases,start] GC(802) Marking Phase
[2026-06-17T10:01:23.275+0800][20.903s][info][gc,phases      ] GC(802) Marking Phase 2.330ms
[2026-06-17T10:01:23.276+0800][20.903s][info][gc,phases,start] GC(802) Summary Phase
[2026-06-17T10:01:23.276+0800][20.904s][info][gc,phases      ] GC(802) Summary Phase 0.321ms
[2026-06-17T10:01:23.276+0800][20.904s][info][gc,phases,start] GC(802) Adjust Roots
[2026-06-17T10:01:23.277+0800][20.905s][info][gc,phases      ] GC(802) Adjust Roots 0.616ms
[2026-06-17T10:01:23.277+0800][20.905s][info][gc,phases,start] GC(802) Compaction Phase
[2026-06-17T10:01:23.280+0800][20.907s][info][gc,phases      ] GC(802) Compaction Phase 2.297ms
[2026-06-17T10:01:23.280+0800][20.908s][info][gc,phases,start] GC(802) Post Compact
[2026-06-17T10:01:23.281+0800][20.908s][info][gc,phases      ] GC(802) Post Compact 0.481ms
[2026-06-17T10:01:23.281+0800][20.909s][info][gc,heap        ] GC(802) PSYoungGen: 11077K(14848K)->0K(14336K) Eden: 7680K(7680K)->0K(7680K) From: 3397K(7168K)->0K(6656K)
[2026-06-17T10:01:23.282+0800][20.909s][info][gc,heap        ] GC(802) ParOldGen: 42557K(44032K)->28504K(44032K)
[2026-06-17T10:01:23.282+0800][20.910s][info][gc,metaspace   ] GC(802) Metaspace: 112K(320K)->112K(320K) NonClass: 105K(192K)->105K(192K) Class: 7K(128K)->7K(128K)
[2026-06-17T10:01:23.282+0800][20.910s][info][gc             ] GC(802) Pause Full (Ergonomics) 52M->27M(57M) 10.311ms
[2026-06-17T10:01:23.283+0800][20.910s][info][gc,cpu         ] GC(802) User=0.01s Sys=0.00s Real=0.01s
[2026-06-17T10:01:23.304+0800][20.932s][info][gc,start       ] GC(803) Pause Young (Allocation Failure)
[2026-06-17T10:01:23.305+0800][20.933s][info][gc,heap        ] GC(803) PSYoungGen: 7679K(14336K)->4400K(13824K) Eden: 7679K(7680K)->0K(7168K) From: 0K(6656K)->4400K(6656K)
[2026-06-17T10:01:23.306+0800][20.934s][info][gc,heap        ] GC(803) ParOldGen: 28504K(44032K)->28504K(44032K)
[2026-06-17T10:01:23.307+0800][20.935s][info][gc,metaspace   ] GC(803) Metaspace: 112K(320K)->112K(320K) NonClass: 105K(192K)->105K(192K) Class: 7K(128K)->7K(128K)
[2026-06-17T10:01:23.307+0800][20.935s][info][gc             ] GC(803) Pause Young (Allocation Failure) 35M->32M(56M) 3.111ms
[2026-06-17T10:01:23.308+0800][20.935s][info][gc,cpu         ] GC(803) User=0.00s Sys=0.00s Real=0.00s
[2026-06-17T10:01:23.320+0800][20.947s][info][gc,start       ] GC(804) Pause Young (Allocation Failure)
[2026-06-17T10:01:23.321+0800][20.949s][info][gc,heap        ] GC(804) PSYoungGen: 11273K(13824K)->1290K(14336K) Eden: 6872K(7168K)->0K(7168K) From: 4400K(6656K)->1290K(7168K)
[2026-06-17T10:01:23.322+0800][20.949s][info][gc,heap        ] GC(804) ParOldGen: 28504K(44032K)->32038K(44032K)
[2026-06-17T10:01:23.322+0800][20.950s][info][gc,metaspace   ] GC(804) Metaspace: 112K(320K)->112K(320K) NonClass: 105K(192K)->105K(192K) Class: 7K(128K)->7K(128K)
[2026-06-17T10:01:23.323+0800][20.950s][info][gc             ] GC(804) Pause Young (Allocation Failure) 38M->32M(57M) 3.105ms
[2026-06-17T10:01:23.323+0800][20.951s][info][gc,cpu         ] GC(804) User=0.00s Sys=0.00s Real=0.01s
[2026-06-17T10:01:23.345+0800][20.972s][info][gc,start       ] GC(805) Pause Young (Allocation Failure)
[2026-06-17T10:01:23.346+0800][20.973s][info][gc,heap        ] GC(805) PSYoungGen: 8434K(14336K)->3787K(14848K) Eden: 7144K(7168K)->0K(7680K) From: 1290K(7168K)->3787K(7168K)
[2026-06-17T10:01:23.346+0800][20.974s][info][gc,heap        ] GC(805) ParOldGen: 32038K(44032K)->33304K(44032K)
[2026-06-17T10:01:23.346+0800][20.974s][info][gc,metaspace   ] GC(805) Metaspace: 112K(320K)->112K(320K) NonClass: 105K(192K)->105K(192K) Class: 7K(128K)->7K(128K)
[2026-06-17T10:01:23.346+0800][20.974s][info][gc             ] GC(805) Pause Young (Allocation Failure) 39M->36M(57M) 1.870ms
[2026-06-17T10:01:23.347+0800][20.974s][info][gc,cpu         ] GC(805) User=0.01s Sys=0.00s Real=0.00s
[2026-06-17T10:01:23.368+0800][20.996s][info][gc,start       ] GC(806) Pause Young (Allocation Failure)
[2026-06-17T10:01:23.369+0800][20.997s][info][gc,heap        ] GC(806) PSYoungGen: 11447K(14848K)->3562K(14336K) Eden: 7659K(7680K)->0K(7680K) From: 3787K(7168K)->3562K(6656K)
[2026-06-17T10:01:23.372+0800][20.999s][info][gc,heap        ] GC(806) ParOldGen: 33304K(44032K)->34150K(44032K)
[2026-06-17T10:01:23.374+0800][21.001s][info][gc,metaspace   ] GC(806) Metaspace: 112K(320K)->112K(320K) NonClass: 105K(192K)->105K(192K) Class: 7K(128K)->7K(128K)
[2026-06-17T10:01:23.374+0800][21.002s][info][gc             ] GC(806) Pause Young (Allocation Failure) 43M->36M(57M) 6.222ms
[2026-06-17T10:01:23.376+0800][21.004s][info][gc,cpu         ] GC(806) User=0.00s Sys=0.00s Real=0.01s
[2026-06-17T10:01:23.399+0800][21.027s][info][gc,start       ] GC(807) Pause Young (Allocation Failure)
[2026-06-17T10:01:23.401+0800][21.029s][info][gc,heap        ] GC(807) PSYoungGen: 11239K(14336K)->2222K(14848K) Eden: 7676K(7680K)->0K(8192K) From: 3562K(6656K)->2222K(6656K)
[2026-06-17T10:01:23.402+0800][21.029s][info][gc,heap        ] GC(807) ParOldGen: 34150K(44032K)->36178K(44032K)
[2026-06-17T10:01:23.402+0800][21.030s][info][gc,metaspace   ] GC(807) Metaspace: 112K(320K)->112K(320K) NonClass: 105K(192K)->105K(192K) Class: 7K(128K)->7K(128K)
[2026-06-17T10:01:23.403+0800][21.030s][info][gc             ] GC(807) Pause Young (Allocation Failure) 44M->37M(57M) 3.332ms
[2026-06-17T10:01:23.403+0800][21.031s][info][gc,cpu         ] GC(807) User=0.00s Sys=0.00s Real=0.01s
[2026-06-17T10:01:23.426+0800][21.053s][info][gc,start       ] GC(808) Pause Young (Allocation Failure)
[2026-06-17T10:01:23.428+0800][21.056s][info][gc,heap        ] GC(808) PSYoungGen: 10372K(14848K)->3661K(14848K) Eden: 8149K(8192K)->0K(8192K) From: 2222K(6656K)->3661K(6656K)
[2026-06-17T10:01:23.429+0800][21.056s][info][gc,heap        ] GC(808) ParOldGen: 36178K(44032K)->36178K(44032K)
[2026-06-17T10:01:23.429+0800][21.057s][info][gc,metaspace   ] GC(808) Metaspace: 112K(320K)->112K(320K) NonClass: 105K(192K)->105K(192K) Class: 7K(128K)->7K(128K)
[2026-06-17T10:01:23.430+0800][21.058s][info][gc             ] GC(808) Pause Young (Allocation Failure) 45M->38M(57M) 4.170ms
[2026-06-17T10:01:23.431+0800][21.058s][info][gc,cpu         ] GC(808) User=0.00s Sys=0.00s Real=0.01s
[2026-06-17T10:01:23.443+0800][21.070s][info][gc,start       ] GC(809) Pause Young (Allocation Failure)
[2026-06-17T10:01:23.444+0800][21.072s][info][gc,heap        ] GC(809) PSYoungGen: 11583K(14848K)->1450K(14848K) Eden: 7921K(8192K)->0K(8192K) From: 3661K(6656K)->1450K(6656K)
[2026-06-17T10:01:23.445+0800][21.073s][info][gc,heap        ] GC(809) ParOldGen: 36178K(44032K)->39296K(44032K)
[2026-06-17T10:01:23.445+0800][21.073s][info][gc,metaspace   ] GC(809) Metaspace: 112K(320K)->112K(320K) NonClass: 105K(192K)->105K(192K) Class: 7K(128K)->7K(128K)
[2026-06-17T10:01:23.446+0800][21.074s][info][gc             ] GC(809) Pause Young (Allocation Failure) 46M->39M(57M) 3.454ms
[2026-06-17T10:01:23.447+0800][21.074s][info][gc,cpu         ] GC(809) User=0.00s Sys=0.00s Real=0.00s
[2026-06-17T10:01:23.479+0800][21.107s][info][gc,start       ] GC(810) Pause Young (Allocation Failure)
[2026-06-17T10:01:23.480+0800][21.108s][info][gc,heap        ] GC(810) PSYoungGen: 9613K(14848K)->1319K(14848K) Eden: 8163K(8192K)->0K(8192K) From: 1450K(6656K)->1319K(6656K)
[2026-06-17T10:01:23.481+0800][21.109s][info][gc,heap        ] GC(810) ParOldGen: 39296K(44032K)->40722K(44032K)
[2026-06-17T10:01:23.482+0800][21.109s][info][gc,metaspace   ] GC(810) Metaspace: 112K(320K)->112K(320K) NonClass: 105K(192K)->105K(192K) Class: 7K(128K)->7K(128K)
[2026-06-17T10:01:23.482+0800][21.110s][info][gc             ] GC(810) Pause Young (Allocation Failure) 47M->41M(57M) 3.295ms
[2026-06-17T10:01:23.483+0800][21.111s][info][gc,cpu         ] GC(810) User=0.01s Sys=0.00s Real=0.01s
[2026-06-17T10:01:23.506+0800][21.133s][info][gc,start       ] GC(811) Pause Full (Ergonomics)
[2026-06-17T10:01:23.506+0800][21.134s][info][gc,phases,start] GC(811) Marking Phase
[2026-06-17T10:01:23.508+0800][21.136s][info][gc,phases      ] GC(811) Marking Phase 2.009ms
[2026-06-17T10:01:23.508+0800][21.136s][info][gc,phases,start] GC(811) Summary Phase
[2026-06-17T10:01:23.509+0800][21.136s][info][gc,phases      ] GC(811) Summary Phase 0.198ms
[2026-06-17T10:01:23.509+0800][21.136s][info][gc,phases,start] GC(811) Adjust Roots
[2026-06-17T10:01:23.509+0800][21.137s][info][gc,phases      ] GC(811) Adjust Roots 0.329ms
[2026-06-17T10:01:23.509+0800][21.137s][info][gc,phases,start] GC(811) Compaction Phase
[2026-06-17T10:01:23.511+0800][21.139s][info][gc,phases      ] GC(811) Compaction Phase 2.070ms
[2026-06-17T10:01:23.512+0800][21.139s][info][gc,phases,start] GC(811) Post Compact
[2026-06-17T10:01:23.512+0800][21.140s][info][gc,phases      ] GC(811) Post Compact 0.318ms
[2026-06-17T10:01:23.513+0800][21.140s][info][gc,heap        ] GC(811) PSYoungGen: 9484K(14848K)->0K(15360K) Eden: 8165K(8192K)->0K(9216K) From: 1319K(6656K)->0K(6144K)
[2026-06-17T10:01:23.513+0800][21.141s][info][gc,heap        ] GC(811) ParOldGen: 40722K(44032K)->30163K(44032K)
[2026-06-17T10:01:23.513+0800][21.141s][info][gc,metaspace   ] GC(811) Metaspace: 112K(320K)->112K(320K) NonClass: 105K(192K)->105K(192K) Class: 7K(128K)->7K(128K)
[2026-06-17T10:01:23.513+0800][21.141s][info][gc             ] GC(811) Pause Full (Ergonomics) 49M->29M(58M) 7.791ms
[2026-06-17T10:01:23.514+0800][21.141s][info][gc,cpu         ] GC(811) User=0.00s Sys=0.00s Real=0.01s
[2026-06-17T10:01:23.536+0800][21.163s][info][gc,start       ] GC(812) Pause Young (Allocation Failure)
[2026-06-17T10:01:23.538+0800][21.165s][info][gc,heap        ] GC(812) PSYoungGen: 9195K(15360K)->5774K(15360K) Eden: 9195K(9216K)->0K(9216K) From: 0K(6144K)->5774K(6144K)
[2026-06-17T10:01:23.538+0800][21.166s][info][gc,heap        ] GC(812) ParOldGen: 30163K(44032K)->30163K(44032K)
[2026-06-17T10:01:23.539+0800][21.166s][info][gc,metaspace   ] GC(812) Metaspace: 112K(320K)->112K(320K) NonClass: 105K(192K)->105K(192K) Class: 7K(128K)->7K(128K)
[2026-06-17T10:01:23.539+0800][21.167s][info][gc             ] GC(812) Pause Young (Allocation Failure) 38M->35M(58M) 3.483ms
[2026-06-17T10:01:23.540+0800][21.167s][info][gc,cpu         ] GC(812) User=0.00s Sys=0.00s Real=0.00s
[2026-06-17T10:01:23.562+0800][21.190s][info][gc,start       ] GC(813) Pause Young (Allocation Failure)
[2026-06-17T10:01:23.564+0800][21.192s][info][gc,heap        ] GC(813) PSYoungGen: 14955K(15360K)->2609K(14336K) Eden: 9181K(9216K)->0K(8192K) From: 5774K(6144K)->2609K(6144K)
[2026-06-17T10:01:23.565+0800][21.192s][info][gc,heap        ] GC(813) ParOldGen: 30163K(44032K)->35313K(44032K)
[2026-06-17T10:01:23.565+0800][21.193s][info][gc,metaspace   ] GC(813) Metaspace: 112K(320K)->112K(320K) NonClass: 105K(192K)->105K(192K) Class: 7K(128K)->7K(128K)
[2026-06-17T10:01:23.566+0800][21.194s][info][gc             ] GC(813) Pause Young (Allocation Failure) 44M->37M(57M) 3.783ms
[2026-06-17T10:01:23.567+0800][21.194s][info][gc,cpu         ] GC(813) User=0.00s Sys=0.00s Real=0.01s
[2026-06-17T10:01:23.590+0800][21.217s][info][gc,start       ] GC(814) Pause Young (Allocation Failure)
[2026-06-17T10:01:23.592+0800][21.220s][info][gc,heap        ] GC(814) PSYoungGen: 10790K(14336K)->3955K(14848K) Eden: 8181K(8192K)->0K(8192K) From: 2609K(6144K)->3955K(6656K)
[2026-06-17T10:01:23.593+0800][21.220s][info][gc,heap        ] GC(814) ParOldGen: 35313K(44032K)->35313K(44032K)
[2026-06-17T10:01:23.593+0800][21.221s][info][gc,metaspace   ] GC(814) Metaspace: 112K(320K)->112K(320K) NonClass: 105K(192K)->105K(192K) Class: 7K(128K)->7K(128K)
[2026-06-17T10:01:23.594+0800][21.221s][info][gc             ] GC(814) Pause Young (Allocation Failure) 45M->38M(57M) 3.938ms
[2026-06-17T10:01:23.594+0800][21.222s][info][gc,cpu         ] GC(814) User=0.01s Sys=0.00s Real=0.01s
[2026-06-17T10:01:23.617+0800][21.244s][info][gc,start       ] GC(815) Pause Young (Allocation Failure)
[2026-06-17T10:01:23.619+0800][21.246s][info][gc,heap        ] GC(815) PSYoungGen: 12093K(14848K)->3275K(14848K) Eden: 8137K(8192K)->0K(8192K) From: 3955K(6656K)->3275K(6656K)
[2026-06-17T10:01:23.619+0800][21.247s][info][gc,heap        ] GC(815) ParOldGen: 35313K(44032K)->37247K(44032K)
[2026-06-17T10:01:23.620+0800][21.247s][info][gc,metaspace   ] GC(815) Metaspace: 112K(320K)->112K(320K) NonClass: 105K(192K)->105K(192K) Class: 7K(128K)->7K(128K)
[2026-06-17T10:01:23.620+0800][21.248s][info][gc             ] GC(815) Pause Young (Allocation Failure) 46M->39M(57M) 3.635ms
[2026-06-17T10:01:23.621+0800][21.249s][info][gc,cpu         ] GC(815) User=0.00s Sys=0.01s Real=0.00s
[2026-06-17T10:01:23.643+0800][21.271s][info][gc,start       ] GC(816) Pause Young (Allocation Failure)
[2026-06-17T10:01:23.647+0800][21.275s][info][gc,heap        ] GC(816) PSYoungGen: 11419K(14848K)->2107K(14848K) Eden: 8143K(8192K)->0K(8192K) From: 3275K(6656K)->2107K(6656K)
[2026-06-17T10:01:23.649+0800][21.277s][info][gc,heap        ] GC(816) ParOldGen: 37247K(44032K)->39426K(44032K)
[2026-06-17T10:01:23.661+0800][21.288s][info][gc,metaspace   ] GC(816) Metaspace: 112K(320K)->112K(320K) NonClass: 105K(192K)->105K(192K) Class: 7K(128K)->7K(128K)
[2026-06-17T10:01:23.661+0800][21.289s][info][gc             ] GC(816) Pause Young (Allocation Failure) 47M->40M(57M) 18.137ms
[2026-06-17T10:01:23.669+0800][21.297s][info][gc,cpu         ] GC(816) User=0.00s Sys=0.00s Real=0.02s
[2026-06-17T10:01:23.701+0800][21.329s][info][gc,start       ] GC(817) Pause Young (Allocation Failure)
[2026-06-17T10:01:23.707+0800][21.334s][info][gc,heap        ] GC(817) PSYoungGen: 10257K(14848K)->3653K(15360K) Eden: 8149K(8192K)->0K(8704K) From: 2107K(6656K)->3653K(6656K)
[2026-06-17T10:01:23.717+0800][21.345s][info][gc,heap        ] GC(817) ParOldGen: 39426K(44032K)->39426K(44032K)
[2026-06-17T10:01:23.718+0800][21.345s][info][gc,metaspace   ] GC(817) Metaspace: 112K(320K)->112K(320K) NonClass: 105K(192K)->105K(192K) Class: 7K(128K)->7K(128K)
[2026-06-17T10:01:23.718+0800][21.346s][info][gc             ] GC(817) Pause Young (Allocation Failure) 48M->42M(58M) 17.389ms
[2026-06-17T10:01:23.728+0800][21.356s][info][gc,cpu         ] GC(817) User=0.00s Sys=0.00s Real=0.03s
[2026-06-17T10:01:23.750+0800][21.378s][info][gc,start       ] GC(818) Pause Young (Allocation Failure)
[2026-06-17T10:01:23.751+0800][21.379s][info][gc,heap        ] GC(818) PSYoungGen: 12350K(15360K)->1968K(14848K) Eden: 8697K(8704K)->0K(8704K) From: 3653K(6656K)->1968K(6144K)
[2026-06-17T10:01:23.751+0800][21.379s][info][gc,heap        ] GC(818) ParOldGen: 39426K(44032K)->42465K(44032K)
[2026-06-17T10:01:23.752+0800][21.379s][info][gc,metaspace   ] GC(818) Metaspace: 112K(320K)->112K(320K) NonClass: 105K(192K)->105K(192K) Class: 7K(128K)->7K(128K)
[2026-06-17T10:01:23.752+0800][21.379s][info][gc             ] GC(818) Pause Young (Allocation Failure) 50M->43M(57M) 1.898ms
[2026-06-17T10:01:23.752+0800][21.380s][info][gc,cpu         ] GC(818) User=0.00s Sys=0.00s Real=0.01s
[2026-06-17T10:01:23.773+0800][21.401s][info][gc,start       ] GC(819) Pause Full (Ergonomics)
[2026-06-17T10:01:23.776+0800][21.404s][info][gc,phases,start] GC(819) Marking Phase
[2026-06-17T10:01:23.779+0800][21.407s][info][gc,phases      ] GC(819) Marking Phase 3.546ms
[2026-06-17T10:01:23.780+0800][21.408s][info][gc,phases,start] GC(819) Summary Phase
[2026-06-17T10:01:23.781+0800][21.409s][info][gc,phases      ] GC(819) Summary Phase 0.807ms
[2026-06-17T10:01:23.782+0800][21.410s][info][gc,phases,start] GC(819) Adjust Roots
[2026-06-17T10:01:23.783+0800][21.411s][info][gc,phases      ] GC(819) Adjust Roots 0.792ms
[2026-06-17T10:01:23.785+0800][21.413s][info][gc,phases,start] GC(819) Compaction Phase
[2026-06-17T10:01:23.789+0800][21.416s][info][gc,phases      ] GC(819) Compaction Phase 3.891ms
[2026-06-17T10:01:23.789+0800][21.417s][info][gc,phases,start] GC(819) Post Compact
[2026-06-17T10:01:23.791+0800][21.418s][info][gc,phases      ] GC(819) Post Compact 1.417ms
[2026-06-17T10:01:23.792+0800][21.420s][info][gc,heap        ] GC(819) PSYoungGen: 10668K(14848K)->0K(15360K) Eden: 8700K(8704K)->0K(9216K) From: 1968K(6144K)->0K(6144K)
[2026-06-17T10:01:23.792+0800][21.420s][info][gc,heap        ] GC(819) ParOldGen: 42465K(44032K)->32808K(44032K)
[2026-06-17T10:01:23.795+0800][21.422s][info][gc,metaspace   ] GC(819) Metaspace: 112K(320K)->112K(320K) NonClass: 105K(192K)->105K(192K) Class: 7K(128K)->7K(128K)
[2026-06-17T10:01:23.796+0800][21.423s][info][gc             ] GC(819) Pause Full (Ergonomics) 51M->32M(58M) 22.260ms
[2026-06-17T10:01:23.797+0800][21.425s][info][gc,cpu         ] GC(819) User=0.00s Sys=0.00s Real=0.02s
[2026-06-17T10:01:23.819+0800][21.447s][info][gc,start       ] GC(820) Pause Young (Allocation Failure)
[2026-06-17T10:01:23.827+0800][21.454s][info][gc,heap        ] GC(820) PSYoungGen: 9180K(15360K)->5771K(15360K) Eden: 9180K(9216K)->0K(9216K) From: 0K(6144K)->5771K(6144K)
[2026-06-17T10:01:23.828+0800][21.455s][info][gc,heap        ] GC(820) ParOldGen: 32808K(44032K)->32808K(44032K)
[2026-06-17T10:01:23.829+0800][21.457s][info][gc,metaspace   ] GC(820) Metaspace: 112K(320K)->112K(320K) NonClass: 105K(192K)->105K(192K) Class: 7K(128K)->7K(128K)
[2026-06-17T10:01:23.830+0800][21.458s][info][gc             ] GC(820) Pause Young (Allocation Failure) 41M->37M(58M) 11.187ms
[2026-06-17T10:01:23.831+0800][21.459s][info][gc,cpu         ] GC(820) User=0.00s Sys=0.00s Real=0.02s
[2026-06-17T10:01:23.854+0800][21.482s][info][gc,start       ] GC(821) Pause Young (Allocation Failure)
[2026-06-17T10:01:23.857+0800][21.484s][info][gc,heap        ] GC(821) PSYoungGen: 14987K(15360K)->6016K(13312K) Eden: 9216K(9216K)->0K(7168K) From: 5771K(6144K)->6016K(6144K)
[2026-06-17T10:01:23.858+0800][21.486s][info][gc,heap        ] GC(821) ParOldGen: 32808K(44032K)->34460K(44032K)
[2026-06-17T10:01:23.859+0800][21.487s][info][gc,metaspace   ] GC(821) Metaspace: 112K(320K)->112K(320K) NonClass: 105K(192K)->105K(192K) Class: 7K(128K)->7K(128K)
[2026-06-17T10:01:23.861+0800][21.489s][info][gc             ] GC(821) Pause Young (Allocation Failure) 46M->39M(56M) 6.640ms
[2026-06-17T10:01:23.863+0800][21.491s][info][gc,cpu         ] GC(821) User=0.00s Sys=0.00s Real=0.01s
[2026-06-17T10:01:23.887+0800][21.515s][info][gc,start       ] GC(822) Pause Young (Allocation Failure)
[2026-06-17T10:01:23.889+0800][21.517s][info][gc,heap        ] GC(822) PSYoungGen: 13174K(13312K)->3550K(14336K) Eden: 7158K(7168K)->0K(7168K) From: 6016K(6144K)->3550K(7168K)
[2026-06-17T10:01:23.890+0800][21.518s][info][gc,heap        ] GC(822) ParOldGen: 34460K(44032K)->37356K(44032K)
[2026-06-17T10:01:23.890+0800][21.518s][info][gc,metaspace   ] GC(822) Metaspace: 112K(320K)->112K(320K) NonClass: 105K(192K)->105K(192K) Class: 7K(128K)->7K(128K)
[2026-06-17T10:01:23.891+0800][21.519s][info][gc             ] GC(822) Pause Young (Allocation Failure) 46M->39M(57M) 3.974ms
[2026-06-17T10:01:23.892+0800][21.519s][info][gc,cpu         ] GC(822) User=0.00s Sys=0.00s Real=0.01s
[2026-06-17T10:01:23.914+0800][21.542s][info][gc,start       ] GC(823) Pause Young (Allocation Failure)
[2026-06-17T10:01:23.916+0800][21.544s][info][gc,heap        ] GC(823) PSYoungGen: 10717K(14336K)->3863K(14336K) Eden: 7167K(7168K)->0K(7168K) From: 3550K(7168K)->3863K(7168K)
[2026-06-17T10:01:23.917+0800][21.545s][info][gc,heap        ] GC(823) ParOldGen: 37356K(44032K)->37356K(44032K)
[2026-06-17T10:01:23.918+0800][21.545s][info][gc,metaspace   ] GC(823) Metaspace: 112K(320K)->112K(320K) NonClass: 105K(192K)->105K(192K) Class: 7K(128K)->7K(128K)
[2026-06-17T10:01:23.919+0800][21.546s][info][gc             ] GC(823) Pause Young (Allocation Failure) 46M->40M(57M) 4.446ms
[2026-06-17T10:01:23.919+0800][21.547s][info][gc,cpu         ] GC(823) User=0.01s Sys=0.00s Real=0.00s
[2026-06-17T10:01:23.932+0800][21.560s][info][gc,start       ] GC(824) Pause Young (Allocation Failure)
[2026-06-17T10:01:23.937+0800][21.565s][info][gc,heap        ] GC(824) PSYoungGen: 10826K(14336K)->4031K(14336K) Eden: 6962K(7168K)->0K(7168K) From: 3863K(7168K)->4031K(7168K)
[2026-06-17T10:01:23.941+0800][21.569s][info][gc,heap        ] GC(824) ParOldGen: 37356K(44032K)->37356K(44032K)
[2026-06-17T10:01:23.947+0800][21.575s][info][gc,metaspace   ] GC(824) Metaspace: 112K(320K)->112K(320K) NonClass: 105K(192K)->105K(192K) Class: 7K(128K)->7K(128K)
[2026-06-17T10:01:23.953+0800][21.581s][info][gc             ] GC(824) Pause Young (Allocation Failure) 47M->40M(57M) 21.024ms
[2026-06-17T10:01:23.954+0800][21.581s][info][gc,cpu         ] GC(824) User=0.00s Sys=0.00s Real=0.02s
[2026-06-17T10:01:23.975+0800][21.603s][info][gc,start       ] GC(825) Pause Young (Allocation Failure)
[2026-06-17T10:01:23.976+0800][21.604s][info][gc,heap        ] GC(825) PSYoungGen: 11164K(14336K)->6586K(13824K) Eden: 7132K(7168K)->0K(7168K) From: 4031K(7168K)->6586K(6656K)
[2026-06-17T10:01:23.977+0800][21.604s][info][gc,heap        ] GC(825) ParOldGen: 37356K(44032K)->38398K(44032K)
[2026-06-17T10:01:23.977+0800][21.604s][info][gc,metaspace   ] GC(825) Metaspace: 112K(320K)->112K(320K) NonClass: 105K(192K)->105K(192K) Class: 7K(128K)->7K(128K)
[2026-06-17T10:01:23.977+0800][21.605s][info][gc             ] GC(825) Pause Young (Allocation Failure) 47M->43M(56M) 1.597ms
[2026-06-17T10:01:23.977+0800][21.605s][info][gc,cpu         ] GC(825) User=0.00s Sys=0.00s Real=0.00s
[2026-06-17T10:01:23.988+0800][21.616s][info][gc,start       ] GC(826) Pause Young (Allocation Failure)
[2026-06-17T10:01:23.989+0800][21.616s][info][gc,heap        ] GC(826) PSYoungGen: 13726K(13824K)->5703K(14336K) Eden: 7139K(7168K)->0K(7168K) From: 6586K(6656K)->5703K(7168K)
[2026-06-17T10:01:23.989+0800][21.617s][info][gc,heap        ] GC(826) ParOldGen: 38398K(44032K)->39477K(44032K)
[2026-06-17T10:01:23.989+0800][21.617s][info][gc,metaspace   ] GC(826) Metaspace: 112K(320K)->112K(320K) NonClass: 105K(192K)->105K(192K) Class: 7K(128K)->7K(128K)
[2026-06-17T10:01:23.989+0800][21.617s][info][gc             ] GC(826) Pause Young (Allocation Failure) 50M->44M(57M) 1.406ms
[2026-06-17T10:01:23.989+0800][21.617s][info][gc,cpu         ] GC(826) User=0.00s Sys=0.00s Real=0.00s
[2026-06-17T10:01:24.011+0800][21.638s][info][gc,start       ] GC(827) Pause Young (Allocation Failure)
[2026-06-17T10:01:24.012+0800][21.640s][info][gc,heap        ] GC(827) PSYoungGen: 12832K(14336K)->6928K(14336K) Eden: 7129K(7168K)->0K(7168K) From: 5703K(7168K)->6928K(7168K)
[2026-06-17T10:01:24.012+0800][21.640s][info][gc,heap        ] GC(827) ParOldGen: 39477K(44032K)->41936K(44032K)
[2026-06-17T10:01:24.013+0800][21.641s][info][gc,metaspace   ] GC(827) Metaspace: 112K(320K)->112K(320K) NonClass: 105K(192K)->105K(192K) Class: 7K(128K)->7K(128K)
[2026-06-17T10:01:24.013+0800][21.641s][info][gc             ] GC(827) Pause Young (Allocation Failure) 51M->47M(57M) 2.719ms
[2026-06-17T10:01:24.014+0800][21.641s][info][gc,cpu         ] GC(827) User=0.00s Sys=0.00s Real=0.00s
[2026-06-17T10:01:24.035+0800][21.663s][info][gc,start       ] GC(828) Pause Full (Ergonomics)
[2026-06-17T10:01:24.036+0800][21.664s][info][gc,phases,start] GC(828) Marking Phase
[2026-06-17T10:01:24.039+0800][21.667s][info][gc,phases      ] GC(828) Marking Phase 3.046ms
[2026-06-17T10:01:24.040+0800][21.668s][info][gc,phases,start] GC(828) Summary Phase
[2026-06-17T10:01:24.041+0800][21.669s][info][gc,phases      ] GC(828) Summary Phase 0.754ms
[2026-06-17T10:01:24.041+0800][21.669s][info][gc,phases,start] GC(828) Adjust Roots
[2026-06-17T10:01:24.042+0800][21.670s][info][gc,phases      ] GC(828) Adjust Roots 0.910ms
[2026-06-17T10:01:24.043+0800][21.671s][info][gc,phases,start] GC(828) Compaction Phase
[2026-06-17T10:01:24.045+0800][21.673s][info][gc,phases      ] GC(828) Compaction Phase 2.481ms
[2026-06-17T10:01:24.049+0800][21.677s][info][gc,phases,start] GC(828) Post Compact
[2026-06-17T10:01:24.050+0800][21.678s][info][gc,phases      ] GC(828) Post Compact 0.838ms
[2026-06-17T10:01:24.051+0800][21.678s][info][gc,heap        ] GC(828) PSYoungGen: 14090K(14336K)->0K(14336K) Eden: 7162K(7168K)->0K(7168K) From: 6928K(7168K)->0K(7168K)
[2026-06-17T10:01:24.051+0800][21.679s][info][gc,heap        ] GC(828) ParOldGen: 41936K(44032K)->25551K(44032K)
[2026-06-17T10:01:24.052+0800][21.680s][info][gc,metaspace   ] GC(828) Metaspace: 112K(320K)->112K(320K) NonClass: 105K(192K)->105K(192K) Class: 7K(128K)->7K(128K)
[2026-06-17T10:01:24.053+0800][21.680s][info][gc             ] GC(828) Pause Full (Ergonomics) 54M->24M(57M) 17.398ms
[2026-06-17T10:01:24.053+0800][21.681s][info][gc,cpu         ] GC(828) User=0.01s Sys=0.00s Real=0.02s
[2026-06-17T10:01:24.075+0800][21.703s][info][gc,start       ] GC(829) Pause Young (Allocation Failure)
[2026-06-17T10:01:24.077+0800][21.704s][info][gc,heap        ] GC(829) PSYoungGen: 7133K(14336K)->3652K(14336K) Eden: 7133K(7168K)->0K(7168K) From: 0K(7168K)->3652K(7168K)
[2026-06-17T10:01:24.078+0800][21.705s][info][gc,heap        ] GC(829) ParOldGen: 25551K(44032K)->25551K(44032K)
[2026-06-17T10:01:24.079+0800][21.707s][info][gc,metaspace   ] GC(829) Metaspace: 112K(320K)->112K(320K) NonClass: 105K(192K)->105K(192K) Class: 7K(128K)->7K(128K)
[2026-06-17T10:01:24.079+0800][21.707s][info][gc             ] GC(829) Pause Young (Allocation Failure) 31M->28M(57M) 4.353ms
[2026-06-17T10:01:24.080+0800][21.708s][info][gc,cpu         ] GC(829) User=0.00s Sys=0.00s Real=0.00s
[2026-06-17T10:01:24.102+0800][21.730s][info][gc,start       ] GC(830) Pause Young (Allocation Failure)
[2026-06-17T10:01:24.105+0800][21.733s][info][gc,heap        ] GC(830) PSYoungGen: 10784K(14336K)->2790K(14336K) Eden: 7132K(7168K)->0K(7168K) From: 3652K(7168K)->2790K(7168K)
[2026-06-17T10:01:24.106+0800][21.734s][info][gc,heap        ] GC(830) ParOldGen: 25551K(44032K)->26927K(44032K)
[2026-06-17T10:01:24.107+0800][21.735s][info][gc,metaspace   ] GC(830) Metaspace: 112K(320K)->112K(320K) NonClass: 105K(192K)->105K(192K) Class: 7K(128K)->7K(128K)
[2026-06-17T10:01:24.108+0800][21.736s][info][gc             ] GC(830) Pause Young (Allocation Failure) 35M->29M(57M) 5.471ms
[2026-06-17T10:01:24.109+0800][21.736s][info][gc,cpu         ] GC(830) User=0.00s Sys=0.00s Real=0.01s
[2026-06-17T10:01:24.121+0800][21.748s][info][gc,start       ] GC(831) Pause Young (Allocation Failure)
[2026-06-17T10:01:24.123+0800][21.750s][info][gc,heap        ] GC(831) PSYoungGen: 9909K(14336K)->481K(14336K) Eden: 7119K(7168K)->0K(7168K) From: 2790K(7168K)->481K(7168K)
[2026-06-17T10:01:24.124+0800][21.751s][info][gc,heap        ] GC(831) ParOldGen: 26927K(44032K)->29343K(44032K)
[2026-06-17T10:01:24.124+0800][21.752s][info][gc,metaspace   ] GC(831) Metaspace: 112K(320K)->112K(320K) NonClass: 105K(192K)->105K(192K) Class: 7K(128K)->7K(128K)
[2026-06-17T10:01:24.125+0800][21.753s][info][gc             ] GC(831) Pause Young (Allocation Failure) 35M->29M(57M) 4.415ms
[2026-06-17T10:01:24.126+0800][21.754s][info][gc,cpu         ] GC(831) User=0.00s Sys=0.00s Real=0.01s
[2026-06-17T10:01:24.148+0800][21.776s][info][gc,start       ] GC(832) Pause Young (Allocation Failure)
[2026-06-17T10:01:24.151+0800][21.778s][info][gc,heap        ] GC(832) PSYoungGen: 7625K(14336K)->3721K(14336K) Eden: 7144K(7168K)->0K(7168K) From: 481K(7168K)->3721K(7168K)
[2026-06-17T10:01:24.152+0800][21.779s][info][gc,heap        ] GC(832) ParOldGen: 29343K(44032K)->29800K(44032K)
[2026-06-17T10:01:24.152+0800][21.780s][info][gc,metaspace   ] GC(832) Metaspace: 112K(320K)->112K(320K) NonClass: 105K(192K)->105K(192K) Class: 7K(128K)->7K(128K)
[2026-06-17T10:01:24.153+0800][21.781s][info][gc             ] GC(832) Pause Young (Allocation Failure) 36M->32M(57M) 4.850ms
[2026-06-17T10:01:24.154+0800][21.782s][info][gc,cpu         ] GC(832) User=0.00s Sys=0.00s Real=0.01s
[2026-06-17T10:01:24.177+0800][21.805s][info][gc,start       ] GC(833) Pause Young (Allocation Failure)
[2026-06-17T10:01:24.179+0800][21.807s][info][gc,heap        ] GC(833) PSYoungGen: 10862K(14336K)->2796K(14336K) Eden: 7140K(7168K)->0K(7168K) From: 3721K(7168K)->2796K(7168K)
[2026-06-17T10:01:24.180+0800][21.808s][info][gc,heap        ] GC(833) ParOldGen: 29800K(44032K)->31117K(44032K)
[2026-06-17T10:01:24.181+0800][21.809s][info][gc,metaspace   ] GC(833) Metaspace: 112K(320K)->112K(320K) NonClass: 105K(192K)->105K(192K) Class: 7K(128K)->7K(128K)
[2026-06-17T10:01:24.183+0800][21.810s][info][gc             ] GC(833) Pause Young (Allocation Failure) 39M->33M(57M) 5.700ms
[2026-06-17T10:01:24.184+0800][21.811s][info][gc,cpu         ] GC(833) User=0.00s Sys=0.00s Real=0.01s
[2026-06-17T10:01:24.206+0800][21.834s][info][gc,start       ] GC(834) Pause Young (Allocation Failure)
[2026-06-17T10:01:24.208+0800][21.836s][info][gc,heap        ] GC(834) PSYoungGen: 9930K(14336K)->1160K(14336K) Eden: 7134K(7168K)->0K(7168K) From: 2796K(7168K)->1160K(7168K)
[2026-06-17T10:01:24.209+0800][21.837s][info][gc,heap        ] GC(834) ParOldGen: 31117K(44032K)->33206K(44032K)
[2026-06-17T10:01:24.210+0800][21.838s][info][gc,metaspace   ] GC(834) Metaspace: 112K(320K)->112K(320K) NonClass: 105K(192K)->105K(192K) Class: 7K(128K)->7K(128K)
[2026-06-17T10:01:24.211+0800][21.839s][info][gc             ] GC(834) Pause Young (Allocation Failure) 40M->33M(57M) 4.752ms
[2026-06-17T10:01:24.213+0800][21.840s][info][gc,cpu         ] GC(834) User=0.00s Sys=0.00s Real=0.01s
[2026-06-17T10:01:24.225+0800][21.853s][info][gc,start       ] GC(835) Pause Young (Allocation Failure)
[2026-06-17T10:01:24.227+0800][21.855s][info][gc,heap        ] GC(835) PSYoungGen: 8312K(14336K)->4832K(14336K) Eden: 7151K(7168K)->0K(7168K) From: 1160K(7168K)->4832K(7168K)
[2026-06-17T10:01:24.228+0800][21.855s][info][gc,heap        ] GC(835) ParOldGen: 33206K(44032K)->33206K(44032K)
[2026-06-17T10:01:24.229+0800][21.856s][info][gc,metaspace   ] GC(835) Metaspace: 112K(320K)->112K(320K) NonClass: 105K(192K)->105K(192K) Class: 7K(128K)->7K(128K)
[2026-06-17T10:01:24.230+0800][21.858s][info][gc             ] GC(835) Pause Young (Allocation Failure) 40M->37M(57M) 4.954ms
[2026-06-17T10:01:24.231+0800][21.858s][info][gc,cpu         ] GC(835) User=0.00s Sys=0.00s Real=0.01s
[2026-06-17T10:01:24.253+0800][21.881s][info][gc,start       ] GC(836) Pause Young (Allocation Failure)
[2026-06-17T10:01:24.256+0800][21.884s][info][gc,heap        ] GC(836) PSYoungGen: 11951K(14336K)->2932K(14336K) Eden: 7118K(7168K)->0K(7168K) From: 4832K(7168K)->2932K(7168K)
[2026-06-17T10:01:24.257+0800][21.885s][info][gc,heap        ] GC(836) ParOldGen: 33206K(44032K)->35190K(44032K)
[2026-06-17T10:01:24.258+0800][21.886s][info][gc,metaspace   ] GC(836) Metaspace: 112K(320K)->112K(320K) NonClass: 105K(192K)->105K(192K) Class: 7K(128K)->7K(128K)
[2026-06-17T10:01:24.259+0800][21.887s][info][gc             ] GC(836) Pause Young (Allocation Failure) 44M->37M(57M) 5.767ms
[2026-06-17T10:01:24.260+0800][21.888s][info][gc,cpu         ] GC(836) User=0.01s Sys=0.00s Real=0.00s
[2026-06-17T10:01:24.272+0800][21.900s][info][gc,start       ] GC(837) Pause Young (Allocation Failure)
[2026-06-17T10:01:24.274+0800][21.902s][info][gc,heap        ] GC(837) PSYoungGen: 10100K(14336K)->5329K(14336K) Eden: 7168K(7168K)->0K(7168K) From: 2932K(7168K)->5329K(7168K)
[2026-06-17T10:01:24.275+0800][21.903s][info][gc,heap        ] GC(837) ParOldGen: 35190K(44032K)->36622K(44032K)
[2026-06-17T10:01:24.276+0800][21.904s][info][gc,metaspace   ] GC(837) Metaspace: 112K(320K)->112K(320K) NonClass: 105K(192K)->105K(192K) Class: 7K(128K)->7K(128K)
[2026-06-17T10:01:24.277+0800][21.905s][info][gc             ] GC(837) Pause Young (Allocation Failure) 44M->40M(57M) 5.157ms
[2026-06-17T10:01:24.278+0800][21.906s][info][gc,cpu         ] GC(837) User=0.00s Sys=0.00s Real=0.00s
[2026-06-17T10:01:24.301+0800][21.929s][info][gc,start       ] GC(838) Pause Young (Allocation Failure)
[2026-06-17T10:01:24.303+0800][21.931s][info][gc,heap        ] GC(838) PSYoungGen: 12338K(14336K)->32K(14336K) Eden: 7009K(7168K)->0K(7168K) From: 5329K(7168K)->32K(7168K)
[2026-06-17T10:01:24.304+0800][21.932s][info][gc,heap        ] GC(838) ParOldGen: 36622K(44032K)->38541K(44032K)
[2026-06-17T10:01:24.305+0800][21.933s][info][gc,metaspace   ] GC(838) Metaspace: 112K(320K)->112K(320K) NonClass: 105K(192K)->105K(192K) Class: 7K(128K)->7K(128K)
[2026-06-17T10:01:24.306+0800][21.933s][info][gc             ] GC(838) Pause Young (Allocation Failure) 47M->37M(57M) 4.661ms
[2026-06-17T10:01:24.307+0800][21.934s][info][gc,cpu         ] GC(838) User=0.00s Sys=0.00s Real=0.01s
[2026-06-17T10:01:24.329+0800][21.957s][info][gc,start       ] GC(839) Pause Young (Allocation Failure)
[2026-06-17T10:01:24.331+0800][21.959s][info][gc,heap        ] GC(839) PSYoungGen: 7157K(14336K)->3557K(14336K) Eden: 7125K(7168K)->0K(7168K) From: 32K(7168K)->3557K(7168K)
[2026-06-17T10:01:24.332+0800][21.959s][info][gc,heap        ] GC(839) ParOldGen: 38541K(44032K)->38549K(44032K)
[2026-06-17T10:01:24.332+0800][21.960s][info][gc,metaspace   ] GC(839) Metaspace: 112K(320K)->112K(320K) NonClass: 105K(192K)->105K(192K) Class: 7K(128K)->7K(128K)
[2026-06-17T10:01:24.333+0800][21.961s][info][gc             ] GC(839) Pause Young (Allocation Failure) 44M->41M(57M) 3.671ms
[2026-06-17T10:01:24.333+0800][21.961s][info][gc,cpu         ] GC(839) User=0.01s Sys=0.00s Real=0.01s
[2026-06-17T10:01:24.345+0800][21.973s][info][gc,start       ] GC(840) Pause Young (Allocation Failure)
[2026-06-17T10:01:24.346+0800][21.974s][info][gc,heap        ] GC(840) PSYoungGen: 10485K(14336K)->923K(14336K) Eden: 6928K(7168K)->0K(7168K) From: 3557K(7168K)->923K(7168K)
[2026-06-17T10:01:24.347+0800][21.974s][info][gc,heap        ] GC(840) ParOldGen: 38549K(44032K)->40914K(44032K)
[2026-06-17T10:01:24.347+0800][21.975s][info][gc,metaspace   ] GC(840) Metaspace: 112K(320K)->112K(320K) NonClass: 105K(192K)->105K(192K) Class: 7K(128K)->7K(128K)
[2026-06-17T10:01:24.348+0800][21.975s][info][gc             ] GC(840) Pause Young (Allocation Failure) 47M->40M(57M) 2.647ms
[2026-06-17T10:01:24.348+0800][21.976s][info][gc,cpu         ] GC(840) User=0.00s Sys=0.00s Real=0.00s
[2026-06-17T10:01:24.370+0800][21.998s][info][gc,start       ] GC(841) Pause Full (Ergonomics)
[2026-06-17T10:01:24.371+0800][21.999s][info][gc,phases,start] GC(841) Marking Phase
[2026-06-17T10:01:24.374+0800][22.002s][info][gc,phases      ] GC(841) Marking Phase 2.805ms
[2026-06-17T10:01:24.374+0800][22.002s][info][gc,phases,start] GC(841) Summary Phase
[2026-06-17T10:01:24.375+0800][22.003s][info][gc,phases      ] GC(841) Summary Phase 0.752ms
[2026-06-17T10:01:24.376+0800][22.003s][info][gc,phases,start] GC(841) Adjust Roots
[2026-06-17T10:01:24.377+0800][22.004s][info][gc,phases      ] GC(841) Adjust Roots 0.951ms
[2026-06-17T10:01:24.377+0800][22.005s][info][gc,phases,start] GC(841) Compaction Phase
[2026-06-17T10:01:24.380+0800][22.008s][info][gc,phases      ] GC(841) Compaction Phase 2.802ms
[2026-06-17T10:01:24.381+0800][22.009s][info][gc,phases,start] GC(841) Post Compact
[2026-06-17T10:01:24.382+0800][22.010s][info][gc,phases      ] GC(841) Post Compact 0.814ms
[2026-06-17T10:01:24.382+0800][22.010s][info][gc,heap        ] GC(841) PSYoungGen: 8091K(14336K)->0K(14336K) Eden: 7168K(7168K)->0K(7168K) From: 923K(7168K)->0K(7168K)
[2026-06-17T10:01:24.383+0800][22.011s][info][gc,heap        ] GC(841) ParOldGen: 40914K(44032K)->32167K(44032K)
[2026-06-17T10:01:24.383+0800][22.011s][info][gc,metaspace   ] GC(841) Metaspace: 112K(320K)->112K(320K) NonClass: 105K(192K)->105K(192K) Class: 7K(128K)->7K(128K)
[2026-06-17T10:01:24.386+0800][22.013s][info][gc             ] GC(841) Pause Full (Ergonomics) 47M->31M(57M) 15.690ms
[2026-06-17T10:01:24.386+0800][22.014s][info][gc,cpu         ] GC(841) User=0.01s Sys=0.00s Real=0.02s
[2026-06-17T10:01:24.409+0800][22.037s][info][gc,start       ] GC(842) Pause Young (Allocation Failure)
[2026-06-17T10:01:24.411+0800][22.039s][info][gc,heap        ] GC(842) PSYoungGen: 7138K(14336K)->3848K(14336K) Eden: 7138K(7168K)->0K(7168K) From: 0K(7168K)->3848K(7168K)
[2026-06-17T10:01:24.412+0800][22.040s][info][gc,heap        ] GC(842) ParOldGen: 32167K(44032K)->32167K(44032K)
[2026-06-17T10:01:24.413+0800][22.041s][info][gc,metaspace   ] GC(842) Metaspace: 112K(320K)->112K(320K) NonClass: 105K(192K)->105K(192K) Class: 7K(128K)->7K(128K)
[2026-06-17T10:01:24.414+0800][22.042s][info][gc             ] GC(842) Pause Young (Allocation Failure) 38M->35M(57M) 4.889ms
[2026-06-17T10:01:24.415+0800][22.043s][info][gc,cpu         ] GC(842) User=0.00s Sys=0.00s Real=0.01s
[2026-06-17T10:01:24.438+0800][22.066s][info][gc,start       ] GC(843) Pause Young (Allocation Failure)
[2026-06-17T10:01:24.440+0800][22.068s][info][gc,heap        ] GC(843) PSYoungGen: 11011K(14336K)->1483K(14336K) Eden: 7162K(7168K)->0K(7168K) From: 3848K(7168K)->1483K(7168K)
[2026-06-17T10:01:24.442+0800][22.070s][info][gc,heap        ] GC(843) ParOldGen: 32167K(44032K)->34845K(44032K)
[2026-06-17T10:01:24.443+0800][22.071s][info][gc,metaspace   ] GC(843) Metaspace: 112K(320K)->112K(320K) NonClass: 105K(192K)->105K(192K) Class: 7K(128K)->7K(128K)
[2026-06-17T10:01:24.444+0800][22.072s][info][gc             ] GC(843) Pause Young (Allocation Failure) 42M->35M(57M) 5.752ms
[2026-06-17T10:01:24.445+0800][22.073s][info][gc,cpu         ] GC(843) User=0.00s Sys=0.00s Real=0.01s
[2026-06-17T10:01:24.467+0800][22.095s][info][gc,start       ] GC(844) Pause Young (Allocation Failure)
[2026-06-17T10:01:24.469+0800][22.097s][info][gc,heap        ] GC(844) PSYoungGen: 8637K(14336K)->1883K(14336K) Eden: 7154K(7168K)->0K(7168K) From: 1483K(7168K)->1883K(7168K)
[2026-06-17T10:01:24.470+0800][22.098s][info][gc,heap        ] GC(844) ParOldGen: 34845K(44032K)->34845K(44032K)
[2026-06-17T10:01:24.471+0800][22.099s][info][gc,metaspace   ] GC(844) Metaspace: 112K(320K)->112K(320K) NonClass: 105K(192K)->105K(192K) Class: 7K(128K)->7K(128K)
[2026-06-17T10:01:24.472+0800][22.100s][info][gc             ] GC(844) Pause Young (Allocation Failure) 42M->35M(57M) 4.610ms
[2026-06-17T10:01:24.473+0800][22.101s][info][gc,cpu         ] GC(844) User=0.01s Sys=0.00s Real=0.01s
[2026-06-17T10:01:24.485+0800][22.113s][info][gc,start       ] GC(845) Pause Young (Allocation Failure)
[2026-06-17T10:01:24.487+0800][22.114s][info][gc,heap        ] GC(845) PSYoungGen: 8990K(14336K)->1941K(14336K) Eden: 7107K(7168K)->0K(7168K) From: 1883K(7168K)->1941K(7168K)
[2026-06-17T10:01:24.488+0800][22.115s][info][gc,heap        ] GC(845) ParOldGen: 34845K(44032K)->34845K(44032K)
[2026-06-17T10:01:24.488+0800][22.116s][info][gc,metaspace   ] GC(845) Metaspace: 112K(320K)->112K(320K) NonClass: 105K(192K)->105K(192K) Class: 7K(128K)->7K(128K)
[2026-06-17T10:01:24.489+0800][22.117s][info][gc             ] GC(845) Pause Young (Allocation Failure) 42M->35M(57M) 4.006ms
[2026-06-17T10:01:24.490+0800][22.118s][info][gc,cpu         ] GC(845) User=0.00s Sys=0.01s Real=0.00s
[2026-06-17T10:01:24.512+0800][22.140s][info][gc,start       ] GC(846) Pause Young (Allocation Failure)
[2026-06-17T10:01:24.514+0800][22.142s][info][gc,heap        ] GC(846) PSYoungGen: 9080K(14336K)->5493K(14336K) Eden: 7139K(7168K)->0K(7168K) From: 1941K(7168K)->5493K(7168K)
[2026-06-17T10:01:24.515+0800][22.143s][info][gc,heap        ] GC(846) ParOldGen: 34845K(44032K)->34845K(44032K)
[2026-06-17T10:01:24.515+0800][22.143s][info][gc,metaspace   ] GC(846) Metaspace: 112K(320K)->112K(320K) NonClass: 105K(192K)->105K(192K) Class: 7K(128K)->7K(128K)
[2026-06-17T10:01:24.517+0800][22.144s][info][gc             ] GC(846) Pause Young (Allocation Failure) 42M->39M(57M) 4.570ms
[2026-06-17T10:01:24.517+0800][22.145s][info][gc,cpu         ] GC(846) User=0.00s Sys=0.00s Real=0.00s
[2026-06-17T10:01:24.528+0800][22.156s][info][gc,start       ] GC(847) Pause Young (Allocation Failure)
[2026-06-17T10:01:24.530+0800][22.157s][info][gc,heap        ] GC(847) PSYoungGen: 12465K(14336K)->4006K(14336K) Eden: 6971K(7168K)->0K(7168K) From: 5493K(7168K)->4006K(7168K)
[2026-06-17T10:01:24.530+0800][22.158s][info][gc,heap        ] GC(847) ParOldGen: 34845K(44032K)->36730K(44032K)
[2026-06-17T10:01:24.531+0800][22.158s][info][gc,metaspace   ] GC(847) Metaspace: 112K(320K)->112K(320K) NonClass: 105K(192K)->105K(192K) Class: 7K(128K)->7K(128K)
[2026-06-17T10:01:24.532+0800][22.159s][info][gc             ] GC(847) Pause Young (Allocation Failure) 46M->39M(57M) 3.423ms
[2026-06-17T10:01:24.532+0800][22.160s][info][gc,cpu         ] GC(847) User=0.00s Sys=0.00s Real=0.01s
[2026-06-17T10:01:24.555+0800][22.183s][info][gc,start       ] GC(848) Pause Young (Allocation Failure)
[2026-06-17T10:01:24.556+0800][22.184s][info][gc,heap        ] GC(848) PSYoungGen: 11146K(14336K)->3858K(14336K) Eden: 7140K(7168K)->0K(7168K) From: 4006K(7168K)->3858K(7168K)
[2026-06-17T10:01:24.557+0800][22.185s][info][gc,heap        ] GC(848) ParOldGen: 36730K(44032K)->40712K(44032K)
[2026-06-17T10:01:24.558+0800][22.186s][info][gc,metaspace   ] GC(848) Metaspace: 112K(320K)->112K(320K) NonClass: 105K(192K)->105K(192K) Class: 7K(128K)->7K(128K)
[2026-06-17T10:01:24.559+0800][22.187s][info][gc             ] GC(848) Pause Young (Allocation Failure) 46M->43M(57M) 4.039ms
[2026-06-17T10:01:24.560+0800][22.188s][info][gc,cpu         ] GC(848) User=0.00s Sys=0.00s Real=0.00s
[2026-06-17T10:01:24.583+0800][22.210s][info][gc,start       ] GC(849) Pause Full (Ergonomics)
[2026-06-17T10:01:24.584+0800][22.212s][info][gc,phases,start] GC(849) Marking Phase
[2026-06-17T10:01:24.588+0800][22.216s][info][gc,phases      ] GC(849) Marking Phase 4.282ms
[2026-06-17T10:01:24.589+0800][22.217s][info][gc,phases,start] GC(849) Summary Phase
[2026-06-17T10:01:24.591+0800][22.219s][info][gc,phases      ] GC(849) Summary Phase 2.380ms
[2026-06-17T10:01:24.592+0800][22.220s][info][gc,phases,start] GC(849) Adjust Roots
[2026-06-17T10:01:24.593+0800][22.221s][info][gc,phases      ] GC(849) Adjust Roots 1.156ms
[2026-06-17T10:01:24.594+0800][22.222s][info][gc,phases,start] GC(849) Compaction Phase
[2026-06-17T10:01:24.598+0800][22.226s][info][gc,phases      ] GC(849) Compaction Phase 3.569ms
[2026-06-17T10:01:24.599+0800][22.226s][info][gc,phases,start] GC(849) Post Compact
[2026-06-17T10:01:24.600+0800][22.227s][info][gc,phases      ] GC(849) Post Compact 0.996ms
[2026-06-17T10:01:24.600+0800][22.228s][info][gc,heap        ] GC(849) PSYoungGen: 10987K(14336K)->0K(14336K) Eden: 7129K(7168K)->0K(7168K) From: 3858K(7168K)->0K(7168K)
[2026-06-17T10:01:24.602+0800][22.229s][info][gc,heap        ] GC(849) ParOldGen: 40712K(44032K)->25674K(44032K)
[2026-06-17T10:01:24.602+0800][22.230s][info][gc,metaspace   ] GC(849) Metaspace: 112K(320K)->112K(320K) NonClass: 105K(192K)->105K(192K) Class: 7K(128K)->7K(128K)
[2026-06-17T10:01:24.604+0800][22.231s][info][gc             ] GC(849) Pause Full (Ergonomics) 50M->25M(57M) 20.767ms
[2026-06-17T10:01:24.605+0800][22.232s][info][gc,cpu         ] GC(849) User=0.01s Sys=0.00s Real=0.02s
[2026-06-17T10:01:24.627+0800][22.255s][info][gc,start       ] GC(850) Pause Young (Allocation Failure)
[2026-06-17T10:01:24.629+0800][22.257s][info][gc,heap        ] GC(850) PSYoungGen: 7137K(14336K)->3844K(14336K) Eden: 7137K(7168K)->0K(7168K) From: 0K(7168K)->3844K(7168K)
[2026-06-17T10:01:24.630+0800][22.257s][info][gc,heap        ] GC(850) ParOldGen: 25674K(44032K)->25674K(44032K)
[2026-06-17T10:01:24.630+0800][22.258s][info][gc,metaspace   ] GC(850) Metaspace: 112K(320K)->112K(320K) NonClass: 105K(192K)->105K(192K) Class: 7K(128K)->7K(128K)
[2026-06-17T10:01:24.631+0800][22.258s][info][gc             ] GC(850) Pause Young (Allocation Failure) 32M->28M(57M) 3.649ms
[2026-06-17T10:01:24.631+0800][22.259s][info][gc,cpu         ] GC(850) User=0.01s Sys=0.00s Real=0.01s
[2026-06-17T10:01:24.642+0800][22.270s][info][gc,start       ] GC(851) Pause Young (Allocation Failure)
[2026-06-17T10:01:24.645+0800][22.273s][info][gc,heap        ] GC(851) PSYoungGen: 11001K(14336K)->7117K(14336K) Eden: 7156K(7168K)->0K(7168K) From: 3844K(7168K)->7117K(7168K)
[2026-06-17T10:01:24.646+0800][22.274s][info][gc,heap        ] GC(851) ParOldGen: 25674K(44032K)->26005K(44032K)
[2026-06-17T10:01:24.647+0800][22.274s][info][gc,metaspace   ] GC(851) Metaspace: 112K(320K)->112K(320K) NonClass: 105K(192K)->105K(192K) Class: 7K(128K)->7K(128K)
[2026-06-17T10:01:24.647+0800][22.275s][info][gc             ] GC(851) Pause Young (Allocation Failure) 35M->32M(57M) 5.256ms
[2026-06-17T10:01:24.648+0800][22.276s][info][gc,cpu         ] GC(851) User=0.00s Sys=0.00s Real=0.01s
[2026-06-17T10:01:24.671+0800][22.298s][info][gc,start       ] GC(852) Pause Young (Allocation Failure)
[2026-06-17T10:01:24.673+0800][22.301s][info][gc,heap        ] GC(852) PSYoungGen: 14251K(14336K)->3074K(14336K) Eden: 7134K(7168K)->0K(7168K) From: 7117K(7168K)->3074K(7168K)
[2026-06-17T10:01:24.675+0800][22.302s][info][gc,heap        ] GC(852) ParOldGen: 26005K(44032K)->30333K(44032K)
[2026-06-17T10:01:24.676+0800][22.303s][info][gc,metaspace   ] GC(852) Metaspace: 112K(320K)->112K(320K) NonClass: 105K(192K)->105K(192K) Class: 7K(128K)->7K(128K)
[2026-06-17T10:01:24.678+0800][22.305s][info][gc             ] GC(852) Pause Young (Allocation Failure) 39M->32M(57M) 6.798ms
[2026-06-17T10:01:24.679+0800][22.306s][info][gc,cpu         ] GC(852) User=0.00s Sys=0.00s Real=0.00s
[2026-06-17T10:01:24.701+0800][22.329s][info][gc,start       ] GC(853) Pause Young (Allocation Failure)
[2026-06-17T10:01:24.703+0800][22.331s][info][gc,heap        ] GC(853) PSYoungGen: 10207K(14336K)->3560K(14336K) Eden: 7133K(7168K)->0K(7168K) From: 3074K(7168K)->3560K(7168K)
[2026-06-17T10:01:24.704+0800][22.332s][info][gc,heap        ] GC(853) ParOldGen: 30333K(44032K)->30333K(44032K)
[2026-06-17T10:01:24.705+0800][22.333s][info][gc,metaspace   ] GC(853) Metaspace: 112K(320K)->112K(320K) NonClass: 105K(192K)->105K(192K) Class: 7K(128K)->7K(128K)
[2026-06-17T10:01:24.706+0800][22.334s][info][gc             ] GC(853) Pause Young (Allocation Failure) 39M->33M(57M) 4.716ms
[2026-06-17T10:01:24.707+0800][22.335s][info][gc,cpu         ] GC(853) User=0.00s Sys=0.00s Real=0.01s
[2026-06-17T10:01:24.730+0800][22.358s][info][gc,start       ] GC(854) Pause Young (Allocation Failure)
[2026-06-17T10:01:24.732+0800][22.359s][info][gc,heap        ] GC(854) PSYoungGen: 10722K(14336K)->2034K(14336K) Eden: 7162K(7168K)->0K(7168K) From: 3560K(7168K)->2034K(7168K)
[2026-06-17T10:01:24.732+0800][22.360s][info][gc,heap        ] GC(854) ParOldGen: 30333K(44032K)->32219K(44032K)
[2026-06-17T10:01:24.733+0800][22.361s][info][gc,metaspace   ] GC(854) Metaspace: 112K(320K)->112K(320K) NonClass: 105K(192K)->105K(192K) Class: 7K(128K)->7K(128K)
[2026-06-17T10:01:24.734+0800][22.362s][info][gc             ] GC(854) Pause Young (Allocation Failure) 40M->33M(57M) 4.172ms
[2026-06-17T10:01:24.735+0800][22.362s][info][gc,cpu         ] GC(854) User=0.00s Sys=0.00s Real=0.01s
[2026-06-17T10:01:24.747+0800][22.375s][info][gc,start       ] GC(855) Pause Young (Allocation Failure)
[2026-06-17T10:01:24.749+0800][22.377s][info][gc,heap        ] GC(855) PSYoungGen: 8785K(14336K)->0K(14336K) Eden: 6750K(7168K)->0K(7168K) From: 2034K(7168K)->0K(7168K)
[2026-06-17T10:01:24.752+0800][22.380s][info][gc,heap        ] GC(855) ParOldGen: 32219K(44032K)->34130K(44032K)
[2026-06-17T10:01:24.753+0800][22.380s][info][gc,metaspace   ] GC(855) Metaspace: 112K(320K)->112K(320K) NonClass: 105K(192K)->105K(192K) Class: 7K(128K)->7K(128K)
[2026-06-17T10:01:24.754+0800][22.382s][info][gc             ] GC(855) Pause Young (Allocation Failure) 40M->33M(57M) 6.719ms
[2026-06-17T10:01:24.755+0800][22.383s][info][gc,cpu         ] GC(855) User=0.00s Sys=0.00s Real=0.01s
[2026-06-17T10:01:24.779+0800][22.406s][info][gc,start       ] GC(856) Pause Young (Allocation Failure)
[2026-06-17T10:01:24.781+0800][22.408s][info][gc,heap        ] GC(856) PSYoungGen: 7130K(14336K)->3778K(14336K) Eden: 7130K(7168K)->0K(7168K) From: 0K(7168K)->3778K(7168K)
[2026-06-17T10:01:24.782+0800][22.410s][info][gc,heap        ] GC(856) ParOldGen: 34130K(44032K)->34130K(44032K)
[2026-06-17T10:01:24.783+0800][22.410s][info][gc,metaspace   ] GC(856) Metaspace: 112K(320K)->112K(320K) NonClass: 105K(192K)->105K(192K) Class: 7K(128K)->7K(128K)
[2026-06-17T10:01:24.783+0800][22.411s][info][gc             ] GC(856) Pause Young (Allocation Failure) 40M->37M(57M) 4.894ms
[2026-06-17T10:01:24.784+0800][22.412s][info][gc,cpu         ] GC(856) User=0.00s Sys=0.00s Real=0.01s
[2026-06-17T10:01:24.808+0800][22.436s][info][gc,start       ] GC(857) Pause Young (Allocation Failure)
[2026-06-17T10:01:24.811+0800][22.438s][info][gc,heap        ] GC(857) PSYoungGen: 10892K(14336K)->320K(14336K) Eden: 7113K(7168K)->0K(7168K) From: 3778K(7168K)->320K(7168K)
[2026-06-17T10:01:24.812+0800][22.439s][info][gc,heap        ] GC(857) ParOldGen: 34130K(44032K)->37394K(44032K)
[2026-06-17T10:01:24.813+0800][22.440s][info][gc,metaspace   ] GC(857) Metaspace: 112K(320K)->112K(320K) NonClass: 105K(192K)->105K(192K) Class: 7K(128K)->7K(128K)
[2026-06-17T10:01:24.813+0800][22.441s][info][gc             ] GC(857) Pause Young (Allocation Failure) 43M->36M(57M) 5.110ms
[2026-06-17T10:01:24.814+0800][22.442s][info][gc,cpu         ] GC(857) User=0.00s Sys=0.00s Real=0.01s
[2026-06-17T10:01:24.827+0800][22.455s][info][gc,start       ] GC(858) Pause Young (Allocation Failure)
[2026-06-17T10:01:24.829+0800][22.457s][info][gc,heap        ] GC(858) PSYoungGen: 7476K(14336K)->4126K(14336K) Eden: 7156K(7168K)->0K(7168K) From: 320K(7168K)->4126K(7168K)
[2026-06-17T10:01:24.830+0800][22.458s][info][gc,heap        ] GC(858) ParOldGen: 37394K(44032K)->37394K(44032K)
[2026-06-17T10:01:24.831+0800][22.459s][info][gc,metaspace   ] GC(858) Metaspace: 112K(320K)->112K(320K) NonClass: 105K(192K)->105K(192K) Class: 7K(128K)->7K(128K)
[2026-06-17T10:01:24.832+0800][22.459s][info][gc             ] GC(858) Pause Young (Allocation Failure) 43M->40M(57M) 4.686ms
[2026-06-17T10:01:24.832+0800][22.460s][info][gc,cpu         ] GC(858) User=0.00s Sys=0.00s Real=0.01s
[2026-06-17T10:01:24.854+0800][22.481s][info][gc,start       ] GC(859) Pause Young (Allocation Failure)
[2026-06-17T10:01:24.855+0800][22.483s][info][gc,heap        ] GC(859) PSYoungGen: 11244K(14336K)->2073K(14336K) Eden: 7117K(7168K)->0K(7168K) From: 4126K(7168K)->2073K(7168K)
[2026-06-17T10:01:24.856+0800][22.483s][info][gc,heap        ] GC(859) ParOldGen: 37394K(44032K)->39536K(44032K)
[2026-06-17T10:01:24.857+0800][22.484s][info][gc,metaspace   ] GC(859) Metaspace: 112K(320K)->112K(320K) NonClass: 105K(192K)->105K(192K) Class: 7K(128K)->7K(128K)
[2026-06-17T10:01:24.858+0800][22.485s][info][gc             ] GC(859) Pause Young (Allocation Failure) 47M->40M(57M) 3.775ms
[2026-06-17T10:01:24.858+0800][22.486s][info][gc,cpu         ] GC(859) User=0.00s Sys=0.00s Real=0.00s
[2026-06-17T10:01:24.881+0800][22.509s][info][gc,start       ] GC(860) Pause Full (Ergonomics)
[2026-06-17T10:01:24.883+0800][22.510s][info][gc,phases,start] GC(860) Marking Phase
[2026-06-17T10:01:24.886+0800][22.514s][info][gc,phases      ] GC(860) Marking Phase 3.782ms
[2026-06-17T10:01:24.887+0800][22.515s][info][gc,phases,start] GC(860) Summary Phase
[2026-06-17T10:01:24.888+0800][22.516s][info][gc,phases      ] GC(860) Summary Phase 1.108ms
[2026-06-17T10:01:24.890+0800][22.518s][info][gc,phases,start] GC(860) Adjust Roots
[2026-06-17T10:01:24.891+0800][22.519s][info][gc,phases      ] GC(860) Adjust Roots 0.973ms
[2026-06-17T10:01:24.893+0800][22.521s][info][gc,phases,start] GC(860) Compaction Phase
[2026-06-17T10:01:24.896+0800][22.523s][info][gc,phases      ] GC(860) Compaction Phase 2.793ms
[2026-06-17T10:01:24.896+0800][22.524s][info][gc,phases,start] GC(860) Post Compact
[2026-06-17T10:01:24.897+0800][22.525s][info][gc,phases      ] GC(860) Post Compact 0.788ms
[2026-06-17T10:01:24.900+0800][22.527s][info][gc,heap        ] GC(860) PSYoungGen: 9236K(14336K)->0K(14336K) Eden: 7162K(7168K)->0K(7168K) From: 2073K(7168K)->0K(7168K)
[2026-06-17T10:01:24.900+0800][22.528s][info][gc,heap        ] GC(860) ParOldGen: 39536K(44032K)->28363K(44032K)
[2026-06-17T10:01:24.901+0800][22.529s][info][gc,metaspace   ] GC(860) Metaspace: 112K(320K)->112K(320K) NonClass: 105K(192K)->105K(192K) Class: 7K(128K)->7K(128K)
[2026-06-17T10:01:24.902+0800][22.529s][info][gc             ] GC(860) Pause Full (Ergonomics) 47M->27M(57M) 20.457ms
[2026-06-17T10:01:24.902+0800][22.530s][info][gc,cpu         ] GC(860) User=0.01s Sys=0.00s Real=0.02s
[2026-06-17T10:01:24.913+0800][22.541s][info][gc,start       ] GC(861) Pause Young (Allocation Failure)
[2026-06-17T10:01:24.915+0800][22.543s][info][gc,heap        ] GC(861) PSYoungGen: 6944K(14336K)->3738K(14336K) Eden: 6944K(7168K)->0K(7168K) From: 0K(7168K)->3738K(7168K)
[2026-06-17T10:01:24.916+0800][22.543s][info][gc,heap        ] GC(861) ParOldGen: 28363K(44032K)->28363K(44032K)
[2026-06-17T10:01:24.916+0800][22.544s][info][gc,metaspace   ] GC(861) Metaspace: 112K(320K)->112K(320K) NonClass: 105K(192K)->105K(192K) Class: 7K(128K)->7K(128K)
[2026-06-17T10:01:24.917+0800][22.545s][info][gc             ] GC(861) Pause Young (Allocation Failure) 34M->31M(57M) 3.537ms
[2026-06-17T10:01:24.918+0800][22.546s][info][gc,cpu         ] GC(861) User=0.01s Sys=0.00s Real=0.00s
[2026-06-17T10:01:24.940+0800][22.568s][info][gc,start       ] GC(862) Pause Young (Allocation Failure)
[2026-06-17T10:01:24.943+0800][22.571s][info][gc,heap        ] GC(862) PSYoungGen: 10871K(14336K)->7093K(14336K) Eden: 7133K(7168K)->0K(7168K) From: 3738K(7168K)->7093K(7168K)
[2026-06-17T10:01:24.943+0800][22.571s][info][gc,heap        ] GC(862) ParOldGen: 28363K(44032K)->28784K(44032K)
[2026-06-17T10:01:24.944+0800][22.572s][info][gc,metaspace   ] GC(862) Metaspace: 112K(320K)->112K(320K) NonClass: 105K(192K)->105K(192K) Class: 7K(128K)->7K(128K)
[2026-06-17T10:01:24.944+0800][22.572s][info][gc             ] GC(862) Pause Young (Allocation Failure) 38M->35M(57M) 4.269ms
[2026-06-17T10:01:24.945+0800][22.572s][info][gc,cpu         ] GC(862) User=0.00s Sys=0.00s Real=0.01s
[2026-06-17T10:01:24.966+0800][22.594s][info][gc,start       ] GC(863) Pause Young (Allocation Failure)
[2026-06-17T10:01:24.968+0800][22.596s][info][gc,heap        ] GC(863) PSYoungGen: 14231K(14336K)->4227K(14336K) Eden: 7138K(7168K)->0K(7168K) From: 7093K(7168K)->4227K(7168K)
[2026-06-17T10:01:24.969+0800][22.596s][info][gc,heap        ] GC(863) ParOldGen: 28784K(44032K)->32044K(44032K)
[2026-06-17T10:01:24.969+0800][22.597s][info][gc,metaspace   ] GC(863) Metaspace: 112K(320K)->112K(320K) NonClass: 105K(192K)->105K(192K) Class: 7K(128K)->7K(128K)
[2026-06-17T10:01:24.970+0800][22.597s][info][gc             ] GC(863) Pause Young (Allocation Failure) 42M->35M(57M) 3.288ms
[2026-06-17T10:01:24.970+0800][22.598s][info][gc,cpu         ] GC(863) User=0.00s Sys=0.00s Real=0.00s
[2026-06-17T10:01:24.992+0800][22.619s][info][gc,start       ] GC(864) Pause Young (Allocation Failure)
[2026-06-17T10:01:24.993+0800][22.621s][info][gc,heap        ] GC(864) PSYoungGen: 11386K(14336K)->1513K(14336K) Eden: 7159K(7168K)->0K(7168K) From: 4227K(7168K)->1513K(7168K)
[2026-06-17T10:01:24.994+0800][22.622s][info][gc,heap        ] GC(864) ParOldGen: 32044K(44032K)->35006K(44032K)
[2026-06-17T10:01:24.995+0800][22.622s][info][gc,metaspace   ] GC(864) Metaspace: 112K(320K)->112K(320K) NonClass: 105K(192K)->105K(192K) Class: 7K(128K)->7K(128K)
[2026-06-17T10:01:24.995+0800][22.623s][info][gc             ] GC(864) Pause Young (Allocation Failure) 42M->35M(57M) 3.496ms
[2026-06-17T10:01:24.996+0800][22.623s][info][gc,cpu         ] GC(864) User=0.00s Sys=0.00s Real=0.00s
[2026-06-17T10:01:25.007+0800][22.635s][info][gc,start       ] GC(865) Pause Young (Allocation Failure)
[2026-06-17T10:01:25.008+0800][22.636s][info][gc,heap        ] GC(865) PSYoungGen: 8650K(14336K)->4956K(14336K) Eden: 7137K(7168K)->0K(7168K) From: 1513K(7168K)->4956K(7168K)
[2026-06-17T10:01:25.009+0800][22.637s][info][gc,heap        ] GC(865) ParOldGen: 35006K(44032K)->35006K(44032K)
[2026-06-17T10:01:25.010+0800][22.638s][info][gc,metaspace   ] GC(865) Metaspace: 112K(320K)->112K(320K) NonClass: 105K(192K)->105K(192K) Class: 7K(128K)->7K(128K)
[2026-06-17T10:01:25.010+0800][22.638s][info][gc             ] GC(865) Pause Young (Allocation Failure) 42M->39M(57M) 3.163ms
[2026-06-17T10:01:25.011+0800][22.639s][info][gc,cpu         ] GC(865) User=0.01s Sys=0.00s Real=0.01s
[2026-06-17T10:01:25.033+0800][22.660s][info][gc,start       ] GC(866) Pause Young (Allocation Failure)
[2026-06-17T10:01:25.035+0800][22.663s][info][gc,heap        ] GC(866) PSYoungGen: 12084K(14336K)->3071K(14336K) Eden: 7128K(7168K)->0K(7168K) From: 4956K(7168K)->3071K(7168K)
[2026-06-17T10:01:25.036+0800][22.663s][info][gc,heap        ] GC(866) ParOldGen: 35006K(44032K)->37004K(44032K)
[2026-06-17T10:01:25.037+0800][22.664s][info][gc,metaspace   ] GC(866) Metaspace: 112K(320K)->112K(320K) NonClass: 105K(192K)->105K(192K) Class: 7K(128K)->7K(128K)
[2026-06-17T10:01:25.038+0800][22.665s][info][gc             ] GC(866) Pause Young (Allocation Failure) 45M->39M(57M) 4.842ms
[2026-06-17T10:01:25.038+0800][22.666s][info][gc,cpu         ] GC(866) User=0.00s Sys=0.00s Real=0.00s
[2026-06-17T10:01:25.061+0800][22.688s][info][gc,start       ] GC(867) Pause Young (Allocation Failure)
[2026-06-17T10:01:25.063+0800][22.690s][info][gc,heap        ] GC(867) PSYoungGen: 10188K(14336K)->2065K(14336K) Eden: 7116K(7168K)->0K(7168K) From: 3071K(7168K)->2065K(7168K)
[2026-06-17T10:01:25.064+0800][22.691s][info][gc,heap        ] GC(867) ParOldGen: 37004K(44032K)->38234K(44032K)
[2026-06-17T10:01:25.065+0800][22.692s][info][gc,metaspace   ] GC(867) Metaspace: 112K(320K)->112K(320K) NonClass: 105K(192K)->105K(192K) Class: 7K(128K)->7K(128K)
[2026-06-17T10:01:25.065+0800][22.693s][info][gc             ] GC(867) Pause Young (Allocation Failure) 46M->39M(57M) 4.862ms
[2026-06-17T10:01:25.066+0800][22.694s][info][gc,cpu         ] GC(867) User=0.00s Sys=0.00s Real=0.01s
[2026-06-17T10:01:25.078+0800][22.706s][info][gc,start       ] GC(868) Pause Young (Allocation Failure)
[2026-06-17T10:01:25.080+0800][22.708s][info][gc,heap        ] GC(868) PSYoungGen: 9223K(14336K)->3552K(14336K) Eden: 7158K(7168K)->0K(7168K) From: 2065K(7168K)->3552K(7168K)
[2026-06-17T10:01:25.081+0800][22.709s][info][gc,heap        ] GC(868) ParOldGen: 38234K(44032K)->40275K(44032K)
[2026-06-17T10:01:25.082+0800][22.710s][info][gc,metaspace   ] GC(868) Metaspace: 112K(320K)->112K(320K) NonClass: 105K(192K)->105K(192K) Class: 7K(128K)->7K(128K)
[2026-06-17T10:01:25.083+0800][22.711s][info][gc             ] GC(868) Pause Young (Allocation Failure) 46M->42M(57M) 4.527ms
[2026-06-17T10:01:25.083+0800][22.711s][info][gc,cpu         ] GC(868) User=0.00s Sys=0.00s Real=0.01s
[2026-06-17T10:01:25.106+0800][22.733s][info][gc,start       ] GC(869) Pause Full (Ergonomics)
[2026-06-17T10:01:25.107+0800][22.734s][info][gc,phases,start] GC(869) Marking Phase
[2026-06-17T10:01:25.113+0800][22.741s][info][gc,phases      ] GC(869) Marking Phase 6.246ms
[2026-06-17T10:01:25.114+0800][22.742s][info][gc,phases,start] GC(869) Summary Phase
[2026-06-17T10:01:25.115+0800][22.743s][info][gc,phases      ] GC(869) Summary Phase 0.770ms
[2026-06-17T10:01:25.116+0800][22.743s][info][gc,phases,start] GC(869) Adjust Roots
[2026-06-17T10:01:25.117+0800][22.745s][info][gc,phases      ] GC(869) Adjust Roots 1.136ms
[2026-06-17T10:01:25.118+0800][22.745s][info][gc,phases,start] GC(869) Compaction Phase
[2026-06-17T10:01:25.121+0800][22.748s][info][gc,phases      ] GC(869) Compaction Phase 3.132ms
[2026-06-17T10:01:25.122+0800][22.749s][info][gc,phases,start] GC(869) Post Compact
[2026-06-17T10:01:25.123+0800][22.750s][info][gc,phases      ] GC(869) Post Compact 0.982ms
[2026-06-17T10:01:25.123+0800][22.751s][info][gc,heap        ] GC(869) PSYoungGen: 10692K(14336K)->0K(14336K) Eden: 7140K(7168K)->0K(7168K) From: 3552K(7168K)->0K(7168K)
[2026-06-17T10:01:25.124+0800][22.752s][info][gc,heap        ] GC(869) ParOldGen: 40275K(44032K)->30621K(44032K)
[2026-06-17T10:01:25.125+0800][22.752s][info][gc,metaspace   ] GC(869) Metaspace: 112K(320K)->112K(320K) NonClass: 105K(192K)->105K(192K) Class: 7K(128K)->7K(128K)
[2026-06-17T10:01:25.125+0800][22.753s][info][gc             ] GC(869) Pause Full (Ergonomics) 49M->29M(57M) 19.674ms
[2026-06-17T10:01:25.126+0800][22.754s][info][gc,cpu         ] GC(869) User=0.01s Sys=0.00s Real=0.02s
[2026-06-17T10:01:25.138+0800][22.766s][info][gc,start       ] GC(870) Pause Young (Allocation Failure)
[2026-06-17T10:01:25.140+0800][22.768s][info][gc,heap        ] GC(870) PSYoungGen: 7059K(14336K)->3650K(14336K) Eden: 7059K(7168K)->0K(7168K) From: 0K(7168K)->3650K(7168K)
[2026-06-17T10:01:25.144+0800][22.772s][info][gc,heap        ] GC(870) ParOldGen: 30621K(44032K)->30621K(44032K)
[2026-06-17T10:01:25.146+0800][22.773s][info][gc,metaspace   ] GC(870) Metaspace: 112K(320K)->112K(320K) NonClass: 105K(192K)->105K(192K) Class: 7K(128K)->7K(128K)
[2026-06-17T10:01:25.147+0800][22.774s][info][gc             ] GC(870) Pause Young (Allocation Failure) 36M->33M(57M) 8.567ms
[2026-06-17T10:01:25.147+0800][22.775s][info][gc,cpu         ] GC(870) User=0.01s Sys=0.00s Real=0.01s
[2026-06-17T10:01:25.170+0800][22.797s][info][gc,start       ] GC(871) Pause Young (Allocation Failure)
[2026-06-17T10:01:25.172+0800][22.799s][info][gc,heap        ] GC(871) PSYoungGen: 10810K(14336K)->7118K(14336K) Eden: 7159K(7168K)->0K(7168K) From: 3650K(7168K)->7118K(7168K)
[2026-06-17T10:01:25.172+0800][22.800s][info][gc,heap        ] GC(871) ParOldGen: 30621K(44032K)->30927K(44032K)
[2026-06-17T10:01:25.173+0800][22.801s][info][gc,metaspace   ] GC(871) Metaspace: 112K(320K)->112K(320K) NonClass: 105K(192K)->105K(192K) Class: 7K(128K)->7K(128K)
[2026-06-17T10:01:25.174+0800][22.802s][info][gc             ] GC(871) Pause Young (Allocation Failure) 40M->37M(57M) 4.560ms
[2026-06-17T10:01:25.175+0800][22.803s][info][gc,cpu         ] GC(871) User=0.00s Sys=0.01s Real=0.01s
[2026-06-17T10:01:25.200+0800][22.828s][info][gc,start       ] GC(872) Pause Young (Allocation Failure)
[2026-06-17T10:01:25.203+0800][22.831s][info][gc,heap        ] GC(872) PSYoungGen: 14271K(14336K)->3817K(14336K) Eden: 7153K(7168K)->0K(7168K) From: 7118K(7168K)->3817K(7168K)
[2026-06-17T10:01:25.204+0800][22.832s][info][gc,heap        ] GC(872) ParOldGen: 30927K(44032K)->34223K(44032K)
[2026-06-17T10:01:25.205+0800][22.833s][info][gc,metaspace   ] GC(872) Metaspace: 112K(320K)->112K(320K) NonClass: 105K(192K)->105K(192K) Class: 7K(128K)->7K(128K)
[2026-06-17T10:01:25.206+0800][22.833s][info][gc             ] GC(872) Pause Young (Allocation Failure) 44M->37M(57M) 5.387ms
[2026-06-17T10:01:25.206+0800][22.834s][info][gc,cpu         ] GC(872) User=0.00s Sys=0.00s Real=0.01s
[2026-06-17T10:01:25.230+0800][22.858s][info][gc,start       ] GC(873) Pause Young (Allocation Failure)
[2026-06-17T10:01:25.232+0800][22.860s][info][gc,heap        ] GC(873) PSYoungGen: 10985K(14336K)->1540K(14336K) Eden: 7168K(7168K)->0K(7168K) From: 3817K(7168K)->1540K(7168K)
[2026-06-17T10:01:25.234+0800][22.862s][info][gc,heap        ] GC(873) ParOldGen: 34223K(44032K)->36595K(44032K)
[2026-06-17T10:01:25.235+0800][22.862s][info][gc,metaspace   ] GC(873) Metaspace: 112K(320K)->112K(320K) NonClass: 105K(192K)->105K(192K) Class: 7K(128K)->7K(128K)
[2026-06-17T10:01:25.237+0800][22.864s][info][gc             ] GC(873) Pause Young (Allocation Failure) 44M->37M(57M) 6.335ms
[2026-06-17T10:01:25.238+0800][22.865s][info][gc,cpu         ] GC(873) User=0.00s Sys=0.00s Real=0.01s
[2026-06-17T10:01:25.251+0800][22.879s][info][gc,start       ] GC(874) Pause Young (Allocation Failure)
[2026-06-17T10:01:25.253+0800][22.881s][info][gc,heap        ] GC(874) PSYoungGen: 8706K(14336K)->4939K(14336K) Eden: 7165K(7168K)->0K(7168K) From: 1540K(7168K)->4939K(7168K)
[2026-06-17T10:01:25.255+0800][22.883s][info][gc,heap        ] GC(874) ParOldGen: 36595K(44032K)->36595K(44032K)
[2026-06-17T10:01:25.256+0800][22.884s][info][gc,metaspace   ] GC(874) Metaspace: 112K(320K)->112K(320K) NonClass: 105K(192K)->105K(192K) Class: 7K(128K)->7K(128K)
[2026-06-17T10:01:25.257+0800][22.885s][info][gc             ] GC(874) Pause Young (Allocation Failure) 44M->40M(57M) 6.103ms
[2026-06-17T10:01:25.258+0800][22.886s][info][gc,cpu         ] GC(874) User=0.01s Sys=0.00s Real=0.00s
[2026-06-17T10:01:25.282+0800][22.909s][info][gc,start       ] GC(875) Pause Young (Allocation Failure)
[2026-06-17T10:01:25.284+0800][22.912s][info][gc,heap        ] GC(875) PSYoungGen: 12097K(14336K)->3267K(14336K) Eden: 7158K(7168K)->0K(7168K) From: 4939K(7168K)->3267K(7168K)
[2026-06-17T10:01:25.286+0800][22.914s][info][gc,heap        ] GC(875) ParOldGen: 36595K(44032K)->38677K(44032K)
[2026-06-17T10:01:25.287+0800][22.914s][info][gc,metaspace   ] GC(875) Metaspace: 112K(320K)->112K(320K) NonClass: 105K(192K)->105K(192K) Class: 7K(128K)->7K(128K)
[2026-06-17T10:01:25.288+0800][22.916s][info][gc             ] GC(875) Pause Young (Allocation Failure) 47M->40M(57M) 6.669ms
[2026-06-17T10:01:25.289+0800][22.917s][info][gc,cpu         ] GC(875) User=0.00s Sys=0.00s Real=0.01s
[2026-06-17T10:01:25.313+0800][22.940s][info][gc,start       ] GC(876) Pause Young (Allocation Failure)
[2026-06-17T10:01:25.314+0800][22.942s][info][gc,heap        ] GC(876) PSYoungGen: 10419K(14336K)->3399K(14336K) Eden: 7152K(7168K)->0K(7168K) From: 3267K(7168K)->3399K(7168K)
[2026-06-17T10:01:25.316+0800][22.944s][info][gc,heap        ] GC(876) ParOldGen: 38677K(44032K)->38677K(44032K)
[2026-06-17T10:01:25.317+0800][22.944s][info][gc,metaspace   ] GC(876) Metaspace: 112K(320K)->112K(320K) NonClass: 105K(192K)->105K(192K) Class: 7K(128K)->7K(128K)
[2026-06-17T10:01:25.318+0800][22.945s][info][gc             ] GC(876) Pause Young (Allocation Failure) 47M->41M(57M) 4.945ms
[2026-06-17T10:01:25.318+0800][22.946s][info][gc,cpu         ] GC(876) User=0.00s Sys=0.00s Real=0.00s
[2026-06-17T10:01:25.331+0800][22.958s][info][gc,start       ] GC(877) Pause Young (Allocation Failure)
[2026-06-17T10:01:25.332+0800][22.960s][info][gc,heap        ] GC(877) PSYoungGen: 10524K(14336K)->3457K(14848K) Eden: 7124K(7168K)->0K(7680K) From: 3399K(7168K)->3457K(7168K)
[2026-06-17T10:01:25.333+0800][22.961s][info][gc,heap        ] GC(877) ParOldGen: 38677K(44032K)->38677K(44032K)
[2026-06-17T10:01:25.333+0800][22.961s][info][gc,metaspace   ] GC(877) Metaspace: 112K(320K)->112K(320K) NonClass: 105K(192K)->105K(192K) Class: 7K(128K)->7K(128K)
[2026-06-17T10:01:25.334+0800][22.961s][info][gc             ] GC(877) Pause Young (Allocation Failure) 48M->41M(57M) 3.041ms
[2026-06-17T10:01:25.334+0800][22.962s][info][gc,cpu         ] GC(877) User=0.00s Sys=0.00s Real=0.00s
[2026-06-17T10:01:25.356+0800][22.984s][info][gc,start       ] GC(878) Pause Young (Allocation Failure)
[2026-06-17T10:01:25.358+0800][22.986s][info][gc,heap        ] GC(878) PSYoungGen: 11137K(14848K)->6551K(14336K) Eden: 7680K(7680K)->0K(7680K) From: 3457K(7168K)->6551K(6656K)
[2026-06-17T10:01:25.359+0800][22.986s][info][gc,heap        ] GC(878) ParOldGen: 38677K(44032K)->39832K(44032K)
[2026-06-17T10:01:25.359+0800][22.987s][info][gc,metaspace   ] GC(878) Metaspace: 112K(320K)->112K(320K) NonClass: 105K(192K)->105K(192K) Class: 7K(128K)->7K(128K)
[2026-06-17T10:01:25.361+0800][22.988s][info][gc             ] GC(878) Pause Young (Allocation Failure) 48M->45M(57M) 4.684ms
[2026-06-17T10:01:25.361+0800][22.989s][info][gc,cpu         ] GC(878) User=0.00s Sys=0.00s Real=0.00s
[2026-06-17T10:01:25.386+0800][23.013s][info][gc,start       ] GC(879) Pause Young (Allocation Failure)
[2026-06-17T10:01:25.387+0800][23.015s][info][gc,heap        ] GC(879) PSYoungGen: 14216K(14336K)->4812K(14336K) Eden: 7665K(7680K)->0K(7168K) From: 6551K(6656K)->4812K(7168K)
[2026-06-17T10:01:25.388+0800][23.016s][info][gc,heap        ] GC(879) ParOldGen: 39832K(44032K)->42110K(44032K)
[2026-06-17T10:01:25.389+0800][23.017s][info][gc,metaspace   ] GC(879) Metaspace: 112K(320K)->112K(320K) NonClass: 105K(192K)->105K(192K) Class: 7K(128K)->7K(128K)
[2026-06-17T10:01:25.391+0800][23.019s][info][gc             ] GC(879) Pause Young (Allocation Failure) 52M->45M(57M) 5.375ms
[2026-06-17T10:01:25.392+0800][23.019s][info][gc,cpu         ] GC(879) User=0.00s Sys=0.00s Real=0.01s
[2026-06-17T10:01:25.414+0800][23.042s][info][gc,start       ] GC(880) Pause Full (Ergonomics)
[2026-06-17T10:01:25.415+0800][23.042s][info][gc,phases,start] GC(880) Marking Phase
[2026-06-17T10:01:25.418+0800][23.046s][info][gc,phases      ] GC(880) Marking Phase 3.265ms
[2026-06-17T10:01:25.419+0800][23.046s][info][gc,phases,start] GC(880) Summary Phase
[2026-06-17T10:01:25.419+0800][23.047s][info][gc,phases      ] GC(880) Summary Phase 0.610ms
[2026-06-17T10:01:25.420+0800][23.047s][info][gc,phases,start] GC(880) Adjust Roots
[2026-06-17T10:01:25.422+0800][23.050s][info][gc,phases      ] GC(880) Adjust Roots 2.737ms
[2026-06-17T10:01:25.423+0800][23.051s][info][gc,phases,start] GC(880) Compaction Phase
[2026-06-17T10:01:25.426+0800][23.053s][info][gc,phases      ] GC(880) Compaction Phase 2.794ms
[2026-06-17T10:01:25.426+0800][23.054s][info][gc,phases,start] GC(880) Post Compact
[2026-06-17T10:01:25.427+0800][23.055s][info][gc,phases      ] GC(880) Post Compact 0.859ms
[2026-06-17T10:01:25.428+0800][23.056s][info][gc,heap        ] GC(880) PSYoungGen: 11967K(14336K)->0K(14336K) Eden: 7154K(7168K)->0K(7168K) From: 4812K(7168K)->0K(7168K)
[2026-06-17T10:01:25.429+0800][23.056s][info][gc,heap        ] GC(880) ParOldGen: 42110K(44032K)->34132K(44032K)
[2026-06-17T10:01:25.429+0800][23.057s][info][gc,metaspace   ] GC(880) Metaspace: 112K(320K)->112K(320K) NonClass: 105K(192K)->105K(192K) Class: 7K(128K)->7K(128K)
[2026-06-17T10:01:25.430+0800][23.057s][info][gc             ] GC(880) Pause Full (Ergonomics) 52M->33M(57M) 15.796ms
[2026-06-17T10:01:25.430+0800][23.058s][info][gc,cpu         ] GC(880) User=0.00s Sys=0.00s Real=0.01s
[2026-06-17T10:01:25.442+0800][23.070s][info][gc,start       ] GC(881) Pause Young (Allocation Failure)
[2026-06-17T10:01:25.444+0800][23.071s][info][gc,heap        ] GC(881) PSYoungGen: 7167K(14336K)->6951K(14336K) Eden: 7167K(7168K)->0K(7168K) From: 0K(7168K)->6951K(7168K)
[2026-06-17T10:01:25.444+0800][23.072s][info][gc,heap        ] GC(881) ParOldGen: 34132K(44032K)->34391K(44032K)
[2026-06-17T10:01:25.445+0800][23.073s][info][gc,metaspace   ] GC(881) Metaspace: 112K(320K)->112K(320K) NonClass: 105K(192K)->105K(192K) Class: 7K(128K)->7K(128K)
[2026-06-17T10:01:25.446+0800][23.073s][info][gc             ] GC(881) Pause Young (Allocation Failure) 40M->40M(57M) 3.696ms
[2026-06-17T10:01:25.446+0800][23.074s][info][gc,cpu         ] GC(881) User=0.00s Sys=0.00s Real=0.01s
[2026-06-17T10:01:25.469+0800][23.096s][info][gc,start       ] GC(882) Pause Young (Allocation Failure)
[2026-06-17T10:01:25.471+0800][23.098s][info][gc,heap        ] GC(882) PSYoungGen: 14088K(14336K)->2336K(14336K) Eden: 7137K(7168K)->0K(7168K) From: 6951K(7168K)->2336K(7168K)
[2026-06-17T10:01:25.472+0800][23.099s][info][gc,heap        ] GC(882) ParOldGen: 34391K(44032K)->39075K(44032K)
[2026-06-17T10:01:25.472+0800][23.100s][info][gc,metaspace   ] GC(882) Metaspace: 112K(320K)->112K(320K) NonClass: 105K(192K)->105K(192K) Class: 7K(128K)->7K(128K)
[2026-06-17T10:01:25.473+0800][23.100s][info][gc             ] GC(882) Pause Young (Allocation Failure) 47M->40M(57M) 4.143ms
[2026-06-17T10:01:25.473+0800][23.101s][info][gc,cpu         ] GC(882) User=0.00s Sys=0.00s Real=0.01s
[2026-06-17T10:01:25.495+0800][23.123s][info][gc,start       ] GC(883) Pause Young (Allocation Failure)
[2026-06-17T10:01:25.496+0800][23.124s][info][gc,heap        ] GC(883) PSYoungGen: 9500K(14336K)->2972K(14336K) Eden: 7163K(7168K)->0K(7168K) From: 2336K(7168K)->2972K(7168K)
[2026-06-17T10:01:25.496+0800][23.124s][info][gc,heap        ] GC(883) ParOldGen: 39075K(44032K)->39075K(44032K)
[2026-06-17T10:01:25.497+0800][23.125s][info][gc,metaspace   ] GC(883) Metaspace: 112K(320K)->112K(320K) NonClass: 105K(192K)->105K(192K) Class: 7K(128K)->7K(128K)
[2026-06-17T10:01:25.497+0800][23.125s][info][gc             ] GC(883) Pause Young (Allocation Failure) 47M->41M(57M) 2.284ms
[2026-06-17T10:01:25.498+0800][23.125s][info][gc,cpu         ] GC(883) User=0.00s Sys=0.00s Real=0.00s
[2026-06-17T10:01:25.509+0800][23.137s][info][gc,start       ] GC(884) Pause Young (Allocation Failure)
[2026-06-17T10:01:25.511+0800][23.138s][info][gc,heap        ] GC(884) PSYoungGen: 10020K(14336K)->934K(14336K) Eden: 7047K(7168K)->0K(7168K) From: 2972K(7168K)->934K(7168K)
[2026-06-17T10:01:25.511+0800][23.139s][info][gc,heap        ] GC(884) ParOldGen: 39075K(44032K)->41125K(44032K)
[2026-06-17T10:01:25.512+0800][23.139s][info][gc,metaspace   ] GC(884) Metaspace: 112K(320K)->112K(320K) NonClass: 105K(192K)->105K(192K) Class: 7K(128K)->7K(128K)
[2026-06-17T10:01:25.512+0800][23.140s][info][gc             ] GC(884) Pause Young (Allocation Failure) 47M->41M(57M) 2.704ms
[2026-06-17T10:01:25.513+0800][23.140s][info][gc,cpu         ] GC(884) User=0.00s Sys=0.00s Real=0.01s
[2026-06-17T10:01:25.535+0800][23.163s][info][gc,start       ] GC(885) Pause Full (Ergonomics)
[2026-06-17T10:01:25.729+0800][23.357s][info][gc,phases,start] GC(885) Marking Phase
[2026-06-17T10:01:25.733+0800][23.361s][info][gc,phases      ] GC(885) Marking Phase 4.275ms
[2026-06-17T10:01:25.734+0800][23.362s][info][gc,phases,start] GC(885) Summary Phase
[2026-06-17T10:01:25.735+0800][23.363s][info][gc,phases      ] GC(885) Summary Phase 1.001ms
[2026-06-17T10:01:25.736+0800][23.363s][info][gc,phases,start] GC(885) Adjust Roots
[2026-06-17T10:01:25.737+0800][23.365s][info][gc,phases      ] GC(885) Adjust Roots 1.344ms
[2026-06-17T10:01:25.740+0800][23.368s][info][gc,phases,start] GC(885) Compaction Phase
[2026-06-17T10:01:25.743+0800][23.371s][info][gc,phases      ] GC(885) Compaction Phase 2.926ms
[2026-06-17T10:01:25.744+0800][23.371s][info][gc,phases,start] GC(885) Post Compact
[2026-06-17T10:01:25.744+0800][23.372s][info][gc,phases      ] GC(885) Post Compact 0.404ms
[2026-06-17T10:01:25.744+0800][23.372s][info][gc,heap        ] GC(885) PSYoungGen: 8095K(14336K)->0K(14336K) Eden: 7161K(7168K)->0K(7168K) From: 934K(7168K)->0K(7168K)
[2026-06-17T10:01:25.745+0800][23.372s][info][gc,heap        ] GC(885) ParOldGen: 41125K(44032K)->32079K(44032K)
[2026-06-17T10:01:25.745+0800][23.373s][info][gc,metaspace   ] GC(885) Metaspace: 112K(320K)->112K(320K) NonClass: 105K(192K)->105K(192K) Class: 7K(128K)->7K(128K)
[2026-06-17T10:01:25.745+0800][23.373s][info][gc             ] GC(885) Pause Full (Ergonomics) 48M->31M(57M) 210.192ms
[2026-06-17T10:01:25.746+0800][23.373s][info][gc,cpu         ] GC(885) User=0.01s Sys=0.00s Real=0.21s
[2026-06-17T10:01:25.757+0800][23.385s][info][gc,start       ] GC(886) Pause Young (Allocation Failure)
[2026-06-17T10:01:25.758+0800][23.385s][info][gc,heap        ] GC(886) PSYoungGen: 7008K(14336K)->3588K(14336K) Eden: 7008K(7168K)->0K(7168K) From: 0K(7168K)->3588K(7168K)
[2026-06-17T10:01:25.758+0800][23.386s][info][gc,heap        ] GC(886) ParOldGen: 32079K(44032K)->32079K(44032K)
[2026-06-17T10:01:25.758+0800][23.386s][info][gc,metaspace   ] GC(886) Metaspace: 112K(320K)->112K(320K) NonClass: 105K(192K)->105K(192K) Class: 7K(128K)->7K(128K)
[2026-06-17T10:01:25.759+0800][23.387s][info][gc             ] GC(886) Pause Young (Allocation Failure) 38M->34M(57M) 2.008ms
[2026-06-17T10:01:25.759+0800][23.387s][info][gc,cpu         ] GC(886) User=0.00s Sys=0.00s Real=0.00s
[2026-06-17T10:01:25.781+0800][23.408s][info][gc,start       ] GC(887) Pause Young (Allocation Failure)
[2026-06-17T10:01:25.782+0800][23.409s][info][gc,heap        ] GC(887) PSYoungGen: 10703K(14336K)->3687K(14336K) Eden: 7114K(7168K)->0K(7168K) From: 3588K(7168K)->3687K(7168K)
[2026-06-17T10:01:25.782+0800][23.410s][info][gc,heap        ] GC(887) ParOldGen: 32079K(44032K)->35620K(44032K)
[2026-06-17T10:01:25.782+0800][23.410s][info][gc,metaspace   ] GC(887) Metaspace: 112K(320K)->112K(320K) NonClass: 105K(192K)->105K(192K) Class: 7K(128K)->7K(128K)
[2026-06-17T10:01:25.782+0800][23.410s][info][gc             ] GC(887) Pause Young (Allocation Failure) 41M->38M(57M) 1.743ms
[2026-06-17T10:01:25.782+0800][23.410s][info][gc,cpu         ] GC(887) User=0.00s Sys=0.00s Real=0.01s
[2026-06-17T10:01:25.804+0800][23.431s][info][gc,start       ] GC(888) Pause Young (Allocation Failure)
[2026-06-17T10:01:25.804+0800][23.432s][info][gc,heap        ] GC(888) PSYoungGen: 10794K(14336K)->3691K(14336K) Eden: 7107K(7168K)->0K(7168K) From: 3687K(7168K)->3691K(7168K)
[2026-06-17T10:01:25.805+0800][23.432s][info][gc,heap        ] GC(888) ParOldGen: 35620K(44032K)->35955K(44032K)
[2026-06-17T10:01:25.805+0800][23.432s][info][gc,metaspace   ] GC(888) Metaspace: 112K(320K)->112K(320K) NonClass: 105K(192K)->105K(192K) Class: 7K(128K)->7K(128K)
[2026-06-17T10:01:25.805+0800][23.433s][info][gc             ] GC(888) Pause Young (Allocation Failure) 45M->38M(57M) 1.353ms
[2026-06-17T10:01:25.805+0800][23.433s][info][gc,cpu         ] GC(888) User=0.01s Sys=0.00s Real=0.00s
[2026-06-17T10:01:25.826+0800][23.454s][info][gc,start       ] GC(889) Pause Young (Allocation Failure)
[2026-06-17T10:01:25.828+0800][23.455s][info][gc,heap        ] GC(889) PSYoungGen: 10823K(14336K)->3993K(14336K) Eden: 7131K(7168K)->0K(7168K) From: 3691K(7168K)->3993K(7168K)
[2026-06-17T10:01:25.828+0800][23.456s][info][gc,heap        ] GC(889) ParOldGen: 35955K(44032K)->35955K(44032K)
[2026-06-17T10:01:25.828+0800][23.456s][info][gc,metaspace   ] GC(889) Metaspace: 112K(320K)->112K(320K) NonClass: 105K(192K)->105K(192K) Class: 7K(128K)->7K(128K)
[2026-06-17T10:01:25.829+0800][23.456s][info][gc             ] GC(889) Pause Young (Allocation Failure) 45M->39M(57M) 2.181ms
[2026-06-17T10:01:25.829+0800][23.457s][info][gc,cpu         ] GC(889) User=0.00s Sys=0.00s Real=0.00s
[2026-06-17T10:01:25.850+0800][23.478s][info][gc,start       ] GC(890) Pause Young (Allocation Failure)
[2026-06-17T10:01:25.852+0800][23.479s][info][gc,heap        ] GC(890) PSYoungGen: 11138K(14336K)->4423K(14336K) Eden: 7144K(7168K)->0K(7168K) From: 3993K(7168K)->4423K(7168K)
[2026-06-17T10:01:25.852+0800][23.480s][info][gc,heap        ] GC(890) ParOldGen: 35955K(44032K)->35955K(44032K)
[2026-06-17T10:01:25.852+0800][23.480s][info][gc,metaspace   ] GC(890) Metaspace: 112K(320K)->112K(320K) NonClass: 105K(192K)->105K(192K) Class: 7K(128K)->7K(128K)
[2026-06-17T10:01:25.853+0800][23.480s][info][gc             ] GC(890) Pause Young (Allocation Failure) 45M->39M(57M) 2.223ms
[2026-06-17T10:01:25.853+0800][23.480s][info][gc,cpu         ] GC(890) User=0.00s Sys=0.00s Real=0.01s
[2026-06-17T10:01:25.864+0800][23.491s][info][gc,start       ] GC(891) Pause Young (Allocation Failure)
[2026-06-17T10:01:25.865+0800][23.492s][info][gc,heap        ] GC(891) PSYoungGen: 11368K(14336K)->4032K(14848K) Eden: 6944K(7168K)->0K(8192K) From: 4423K(7168K)->4032K(6656K)
[2026-06-17T10:01:25.865+0800][23.493s][info][gc,heap        ] GC(891) ParOldGen: 35955K(44032K)->35955K(44032K)
[2026-06-17T10:01:25.866+0800][23.493s][info][gc,metaspace   ] GC(891) Metaspace: 112K(320K)->112K(320K) NonClass: 105K(192K)->105K(192K) Class: 7K(128K)->7K(128K)
[2026-06-17T10:01:25.866+0800][23.494s][info][gc             ] GC(891) Pause Young (Allocation Failure) 46M->39M(57M) 2.326ms
[2026-06-17T10:01:25.867+0800][23.494s][info][gc,cpu         ] GC(891) User=0.00s Sys=0.00s Real=0.00s
[2026-06-17T10:01:25.888+0800][23.516s][info][gc,start       ] GC(892) Pause Young (Allocation Failure)
[2026-06-17T10:01:25.890+0800][23.518s][info][gc,heap        ] GC(892) PSYoungGen: 12220K(14848K)->6644K(14848K) Eden: 8188K(8192K)->0K(8192K) From: 4032K(6656K)->6644K(6656K)
[2026-06-17T10:01:25.892+0800][23.520s][info][gc,heap        ] GC(892) ParOldGen: 35955K(44032K)->38213K(44032K)
[2026-06-17T10:01:25.893+0800][23.520s][info][gc,metaspace   ] GC(892) Metaspace: 112K(320K)->112K(320K) NonClass: 105K(192K)->105K(192K) Class: 7K(128K)->7K(128K)
[2026-06-17T10:01:25.893+0800][23.521s][info][gc             ] GC(892) Pause Young (Allocation Failure) 47M->43M(57M) 5.097ms
[2026-06-17T10:01:25.894+0800][23.522s][info][gc,cpu         ] GC(892) User=0.00s Sys=0.00s Real=0.01s
[2026-06-17T10:01:25.916+0800][23.543s][info][gc,start       ] GC(893) Pause Young (Allocation Failure)
[2026-06-17T10:01:25.925+0800][23.553s][info][gc,heap        ] GC(893) PSYoungGen: 14831K(14848K)->6614K(13824K) Eden: 8186K(8192K)->0K(7168K) From: 6644K(6656K)->6614K(6656K)
[2026-06-17T10:01:25.956+0800][23.584s][info][gc,heap        ] GC(893) ParOldGen: 38213K(44032K)->39458K(44032K)
[2026-06-17T10:01:25.957+0800][23.585s][info][gc,metaspace   ] GC(893) Metaspace: 112K(320K)->112K(320K) NonClass: 105K(192K)->105K(192K) Class: 7K(128K)->7K(128K)
[2026-06-17T10:01:25.957+0800][23.585s][info][gc             ] GC(893) Pause Young (Allocation Failure) 51M->44M(56M) 41.516ms
[2026-06-17T10:01:25.958+0800][23.585s][info][gc,cpu         ] GC(893) User=0.00s Sys=0.00s Real=0.04s
[2026-06-17T10:01:25.980+0800][23.607s][info][gc,start       ] GC(894) Pause Young (Allocation Failure)
[2026-06-17T10:01:26.000+0800][23.628s][info][gc,heap        ] GC(894) PSYoungGen: 13727K(13824K)->6320K(14336K) Eden: 7113K(7168K)->0K(7168K) From: 6614K(6656K)->6320K(7168K)
[2026-06-17T10:01:26.003+0800][23.631s][info][gc,heap        ] GC(894) ParOldGen: 39458K(44032K)->39958K(44032K)
[2026-06-17T10:01:26.003+0800][23.631s][info][gc,metaspace   ] GC(894) Metaspace: 112K(320K)->112K(320K) NonClass: 105K(192K)->105K(192K) Class: 7K(128K)->7K(128K)
[2026-06-17T10:01:26.004+0800][23.631s][info][gc             ] GC(894) Pause Young (Allocation Failure) 51M->45M(57M) 24.102ms
[2026-06-17T10:01:26.004+0800][23.632s][info][gc,cpu         ] GC(894) User=0.01s Sys=0.00s Real=0.03s
[2026-06-17T10:01:26.028+0800][23.656s][info][gc,start       ] GC(895) Pause Full (Ergonomics)
[2026-06-17T10:01:26.034+0800][23.662s][info][gc,phases,start] GC(895) Marking Phase
[2026-06-17T10:01:26.038+0800][23.665s][info][gc,phases      ] GC(895) Marking Phase 3.828ms
[2026-06-17T10:01:26.039+0800][23.667s][info][gc,phases,start] GC(895) Summary Phase
[2026-06-17T10:01:26.041+0800][23.669s][info][gc,phases      ] GC(895) Summary Phase 2.070ms
[2026-06-17T10:01:26.044+0800][23.672s][info][gc,phases,start] GC(895) Adjust Roots
[2026-06-17T10:01:26.048+0800][23.676s][info][gc,phases      ] GC(895) Adjust Roots 3.786ms
[2026-06-17T10:01:26.050+0800][23.678s][info][gc,phases,start] GC(895) Compaction Phase
[2026-06-17T10:01:26.054+0800][23.682s][info][gc,phases      ] GC(895) Compaction Phase 4.240ms
[2026-06-17T10:01:26.055+0800][23.683s][info][gc,phases,start] GC(895) Post Compact
[2026-06-17T10:01:26.056+0800][23.684s][info][gc,phases      ] GC(895) Post Compact 1.386ms
[2026-06-17T10:01:26.057+0800][23.685s][info][gc,heap        ] GC(895) PSYoungGen: 13488K(14336K)->0K(14336K) Eden: 7168K(7168K)->0K(7168K) From: 6320K(7168K)->0K(7168K)
[2026-06-17T10:01:26.060+0800][23.688s][info][gc,heap        ] GC(895) ParOldGen: 39958K(44032K)->26178K(44032K)
[2026-06-17T10:01:26.061+0800][23.689s][info][gc,metaspace   ] GC(895) Metaspace: 112K(320K)->112K(320K) NonClass: 105K(192K)->105K(192K) Class: 7K(128K)->7K(128K)
[2026-06-17T10:01:26.062+0800][23.690s][info][gc             ] GC(895) Pause Full (Ergonomics) 52M->25M(57M) 33.664ms
[2026-06-17T10:01:26.062+0800][23.690s][info][gc,cpu         ] GC(895) User=0.01s Sys=0.00s Real=0.03s
[2026-06-17T10:01:26.075+0800][23.703s][info][gc,start       ] GC(896) Pause Young (Allocation Failure)
[2026-06-17T10:01:26.082+0800][23.710s][info][gc,heap        ] GC(896) PSYoungGen: 7087K(14336K)->3783K(14336K) Eden: 7087K(7168K)->0K(7168K) From: 0K(7168K)->3783K(7168K)
[2026-06-17T10:01:26.082+0800][23.710s][info][gc,heap        ] GC(896) ParOldGen: 26178K(44032K)->26178K(44032K)
[2026-06-17T10:01:26.084+0800][23.711s][info][gc,metaspace   ] GC(896) Metaspace: 112K(320K)->112K(320K) NonClass: 105K(192K)->105K(192K) Class: 7K(128K)->7K(128K)
[2026-06-17T10:01:26.084+0800][23.712s][info][gc             ] GC(896) Pause Young (Allocation Failure) 32M->29M(57M) 9.386ms
[2026-06-17T10:01:26.086+0800][23.713s][info][gc,cpu         ] GC(896) User=0.00s Sys=0.00s Real=0.01s
[2026-06-17T10:01:26.108+0800][23.736s][info][gc,start       ] GC(897) Pause Young (Allocation Failure)
[2026-06-17T10:01:26.110+0800][23.737s][info][gc,heap        ] GC(897) PSYoungGen: 10935K(14336K)->3553K(14336K) Eden: 7152K(7168K)->0K(7168K) From: 3783K(7168K)->3553K(7168K)
[2026-06-17T10:01:26.110+0800][23.738s][info][gc,heap        ] GC(897) ParOldGen: 26178K(44032K)->29861K(44032K)
[2026-06-17T10:01:26.111+0800][23.739s][info][gc,metaspace   ] GC(897) Metaspace: 112K(320K)->112K(320K) NonClass: 105K(192K)->105K(192K) Class: 7K(128K)->7K(128K)
[2026-06-17T10:01:26.112+0800][23.739s][info][gc             ] GC(897) Pause Young (Allocation Failure) 36M->32M(57M) 3.457ms
[2026-06-17T10:01:26.112+0800][23.740s][info][gc,cpu         ] GC(897) User=0.00s Sys=0.01s Real=0.01s
[2026-06-17T10:01:26.134+0800][23.762s][info][gc,start       ] GC(898) Pause Young (Allocation Failure)
[2026-06-17T10:01:26.135+0800][23.763s][info][gc,heap        ] GC(898) PSYoungGen: 10686K(14336K)->3054K(14336K) Eden: 7133K(7168K)->0K(7168K) From: 3553K(7168K)->3054K(7168K)
[2026-06-17T10:01:26.136+0800][23.763s][info][gc,heap        ] GC(898) ParOldGen: 29861K(44032K)->30749K(44032K)
[2026-06-17T10:01:26.136+0800][23.764s][info][gc,metaspace   ] GC(898) Metaspace: 112K(320K)->112K(320K) NonClass: 105K(192K)->105K(192K) Class: 7K(128K)->7K(128K)
[2026-06-17T10:01:26.137+0800][23.764s][info][gc             ] GC(898) Pause Young (Allocation Failure) 39M->33M(57M) 2.851ms
[2026-06-17T10:01:26.137+0800][23.765s][info][gc,cpu         ] GC(898) User=0.00s Sys=0.00s Real=0.00s
[2026-06-17T10:01:26.158+0800][23.786s][info][gc,start       ] GC(899) Pause Young (Allocation Failure)
[2026-06-17T10:01:26.159+0800][23.787s][info][gc,heap        ] GC(899) PSYoungGen: 10216K(14336K)->1540K(14336K) Eden: 7162K(7168K)->0K(7168K) From: 3054K(7168K)->1540K(7168K)
[2026-06-17T10:01:26.159+0800][23.787s][info][gc,heap        ] GC(899) ParOldGen: 30749K(44032K)->32779K(44032K)
[2026-06-17T10:01:26.160+0800][23.787s][info][gc,metaspace   ] GC(899) Metaspace: 112K(320K)->112K(320K) NonClass: 105K(192K)->105K(192K) Class: 7K(128K)->7K(128K)
[2026-06-17T10:01:26.160+0800][23.787s][info][gc             ] GC(899) Pause Young (Allocation Failure) 40M->33M(57M) 1.398ms
[2026-06-17T10:01:26.160+0800][23.788s][info][gc,cpu         ] GC(899) User=0.00s Sys=0.00s Real=0.00s
[2026-06-17T10:01:26.171+0800][23.799s][info][gc,start       ] GC(900) Pause Young (Allocation Failure)
[2026-06-17T10:01:26.172+0800][23.800s][info][gc,heap        ] GC(900) PSYoungGen: 8703K(14336K)->5257K(14336K) Eden: 7163K(7168K)->0K(7168K) From: 1540K(7168K)->5257K(7168K)
[2026-06-17T10:01:26.172+0800][23.800s][info][gc,heap        ] GC(900) ParOldGen: 32779K(44032K)->32779K(44032K)
[2026-06-17T10:01:26.172+0800][23.800s][info][gc,metaspace   ] GC(900) Metaspace: 112K(320K)->112K(320K) NonClass: 105K(192K)->105K(192K) Class: 7K(128K)->7K(128K)
[2026-06-17T10:01:26.173+0800][23.800s][info][gc             ] GC(900) Pause Young (Allocation Failure) 40M->37M(57M) 1.881ms
[2026-06-17T10:01:26.173+0800][23.801s][info][gc,cpu         ] GC(900) User=0.00s Sys=0.00s Real=0.00s
[2026-06-17T10:01:26.195+0800][23.822s][info][gc,start       ] GC(901) Pause Young (Allocation Failure)
[2026-06-17T10:01:26.196+0800][23.824s][info][gc,heap        ] GC(901) PSYoungGen: 12271K(14336K)->32K(14336K) Eden: 7014K(7168K)->0K(7168K) From: 5257K(7168K)->32K(7168K)
[2026-06-17T10:01:26.196+0800][23.824s][info][gc,heap        ] GC(901) ParOldGen: 32779K(44032K)->34848K(44032K)
[2026-06-17T10:01:26.197+0800][23.825s][info][gc,metaspace   ] GC(901) Metaspace: 112K(320K)->112K(320K) NonClass: 105K(192K)->105K(192K) Class: 7K(128K)->7K(128K)
[2026-06-17T10:01:26.198+0800][23.825s][info][gc             ] GC(901) Pause Young (Allocation Failure) 43M->34M(57M) 2.807ms
[2026-06-17T10:01:26.198+0800][23.826s][info][gc,cpu         ] GC(901) User=0.00s Sys=0.00s Real=0.00s
[2026-06-17T10:01:26.220+0800][23.848s][info][gc,start       ] GC(902) Pause Young (Allocation Failure)
[2026-06-17T10:01:26.222+0800][23.849s][info][gc,heap        ] GC(902) PSYoungGen: 7198K(14336K)->3858K(14336K) Eden: 7166K(7168K)->0K(7168K) From: 32K(7168K)->3858K(7168K)
[2026-06-17T10:01:26.222+0800][23.850s][info][gc,heap        ] GC(902) ParOldGen: 34848K(44032K)->34856K(44032K)
[2026-06-17T10:01:26.223+0800][23.850s][info][gc,metaspace   ] GC(902) Metaspace: 112K(320K)->112K(320K) NonClass: 105K(192K)->105K(192K) Class: 7K(128K)->7K(128K)
[2026-06-17T10:01:26.223+0800][23.851s][info][gc             ] GC(902) Pause Young (Allocation Failure) 41M->37M(57M) 3.014ms
[2026-06-17T10:01:26.224+0800][23.852s][info][gc,cpu         ] GC(902) User=0.01s Sys=0.00s Real=0.01s
[2026-06-17T10:01:26.236+0800][23.863s][info][gc,start       ] GC(903) Pause Young (Allocation Failure)
[2026-06-17T10:01:26.237+0800][23.865s][info][gc,heap        ] GC(903) PSYoungGen: 10852K(14336K)->1776K(14336K) Eden: 6993K(7168K)->0K(7168K) From: 3858K(7168K)->1776K(7168K)
[2026-06-17T10:01:26.238+0800][23.865s][info][gc,heap        ] GC(903) ParOldGen: 34856K(44032K)->37186K(44032K)
[2026-06-17T10:01:26.238+0800][23.866s][info][gc,metaspace   ] GC(903) Metaspace: 112K(320K)->112K(320K) NonClass: 105K(192K)->105K(192K) Class: 7K(128K)->7K(128K)
[2026-06-17T10:01:26.239+0800][23.866s][info][gc             ] GC(903) Pause Young (Allocation Failure) 44M->38M(57M) 3.131ms
[2026-06-17T10:01:26.239+0800][23.867s][info][gc,cpu         ] GC(903) User=0.00s Sys=0.00s Real=0.00s
[2026-06-17T10:01:26.271+0800][23.899s][info][gc,start       ] GC(904) Pause Young (Allocation Failure)
[2026-06-17T10:01:26.273+0800][23.900s][info][gc,heap        ] GC(904) PSYoungGen: 8933K(14336K)->290K(14336K) Eden: 7157K(7168K)->0K(7168K) From: 1776K(7168K)->290K(7168K)
[2026-06-17T10:01:26.273+0800][23.901s][info][gc,heap        ] GC(904) ParOldGen: 37186K(44032K)->38938K(44032K)
[2026-06-17T10:01:26.281+0800][23.908s][info][gc,metaspace   ] GC(904) Metaspace: 112K(320K)->112K(320K) NonClass: 105K(192K)->105K(192K) Class: 7K(128K)->7K(128K)
[2026-06-17T10:01:26.292+0800][23.920s][info][gc             ] GC(904) Pause Young (Allocation Failure) 45M->38M(57M) 20.748ms
[2026-06-17T10:01:26.305+0800][23.932s][info][gc,cpu         ] GC(904) User=0.00s Sys=0.00s Real=0.03s
[2026-06-17T10:01:26.318+0800][23.946s][info][gc,start       ] GC(905) Pause Young (Allocation Failure)
[2026-06-17T10:01:26.319+0800][23.946s][info][gc,heap        ] GC(905) PSYoungGen: 7457K(14336K)->3797K(14336K) Eden: 7167K(7168K)->0K(7168K) From: 290K(7168K)->3797K(7168K)
[2026-06-17T10:01:26.319+0800][23.947s][info][gc,heap        ] GC(905) ParOldGen: 38938K(44032K)->39141K(44032K)
[2026-06-17T10:01:26.319+0800][23.947s][info][gc,metaspace   ] GC(905) Metaspace: 112K(320K)->112K(320K) NonClass: 105K(192K)->105K(192K) Class: 7K(128K)->7K(128K)
[2026-06-17T10:01:26.319+0800][23.947s][info][gc             ] GC(905) Pause Young (Allocation Failure) 45M->41M(57M) 1.645ms
[2026-06-17T10:01:26.320+0800][23.947s][info][gc,cpu         ] GC(905) User=0.00s Sys=0.00s Real=0.00s
[2026-06-17T10:01:26.341+0800][23.969s][info][gc,start       ] GC(906) Pause Young (Allocation Failure)
[2026-06-17T10:01:26.342+0800][23.970s][info][gc,heap        ] GC(906) PSYoungGen: 10959K(14336K)->934K(14336K) Eden: 7162K(7168K)->0K(7168K) From: 3797K(7168K)->934K(7168K)
[2026-06-17T10:01:26.342+0800][23.970s][info][gc,heap        ] GC(906) ParOldGen: 39141K(44032K)->42444K(44032K)
[2026-06-17T10:01:26.342+0800][23.970s][info][gc,metaspace   ] GC(906) Metaspace: 112K(320K)->112K(320K) NonClass: 105K(192K)->105K(192K) Class: 7K(128K)->7K(128K)
[2026-06-17T10:01:26.343+0800][23.970s][info][gc             ] GC(906) Pause Young (Allocation Failure) 48M->42M(57M) 1.751ms
[2026-06-17T10:01:26.343+0800][23.970s][info][gc,cpu         ] GC(906) User=0.00s Sys=0.00s Real=0.01s
[2026-06-17T10:01:26.354+0800][23.981s][info][gc,start       ] GC(907) Pause Full (Ergonomics)
[2026-06-17T10:01:26.367+0800][23.994s][info][gc,phases,start] GC(907) Marking Phase
[2026-06-17T10:01:26.380+0800][24.008s][info][gc,phases      ] GC(907) Marking Phase 13.528ms
[2026-06-17T10:01:26.393+0800][24.020s][info][gc,phases,start] GC(907) Summary Phase
[2026-06-17T10:01:26.404+0800][24.032s][info][gc,phases      ] GC(907) Summary Phase 11.707ms
[2026-06-17T10:01:26.417+0800][24.045s][info][gc,phases,start] GC(907) Adjust Roots
[2026-06-17T10:01:26.423+0800][24.051s][info][gc,phases      ] GC(907) Adjust Roots 6.182ms
[2026-06-17T10:01:26.427+0800][24.054s][info][gc,phases,start] GC(907) Compaction Phase
[2026-06-17T10:01:26.431+0800][24.058s][info][gc,phases      ] GC(907) Compaction Phase 3.891ms
[2026-06-17T10:01:26.432+0800][24.060s][info][gc,phases,start] GC(907) Post Compact
[2026-06-17T10:01:26.434+0800][24.062s][info][gc,phases      ] GC(907) Post Compact 2.178ms
[2026-06-17T10:01:26.435+0800][24.063s][info][gc,heap        ] GC(907) PSYoungGen: 8100K(14336K)->0K(14336K) Eden: 7166K(7168K)->0K(7168K) From: 934K(7168K)->0K(7168K)
[2026-06-17T10:01:26.437+0800][24.065s][info][gc,heap        ] GC(907) ParOldGen: 42444K(44032K)->25393K(44032K)
[2026-06-17T10:01:26.439+0800][24.067s][info][gc,metaspace   ] GC(907) Metaspace: 112K(320K)->112K(320K) NonClass: 105K(192K)->105K(192K) Class: 7K(128K)->7K(128K)
[2026-06-17T10:01:26.441+0800][24.069s][info][gc             ] GC(907) Pause Full (Ergonomics) 49M->24M(57M) 87.265ms
[2026-06-17T10:01:26.442+0800][24.070s][info][gc,cpu         ] GC(907) User=0.01s Sys=0.00s Real=0.08s
[2026-06-17T10:01:26.464+0800][24.092s][info][gc,start       ] GC(908) Pause Young (Allocation Failure)
[2026-06-17T10:01:26.466+0800][24.093s][info][gc,heap        ] GC(908) PSYoungGen: 7134K(14336K)->3947K(14336K) Eden: 7134K(7168K)->0K(7168K) From: 0K(7168K)->3947K(7168K)
[2026-06-17T10:01:26.466+0800][24.094s][info][gc,heap        ] GC(908) ParOldGen: 25393K(44032K)->25393K(44032K)
[2026-06-17T10:01:26.467+0800][24.094s][info][gc,metaspace   ] GC(908) Metaspace: 112K(320K)->112K(320K) NonClass: 105K(192K)->105K(192K) Class: 7K(128K)->7K(128K)
[2026-06-17T10:01:26.467+0800][24.095s][info][gc             ] GC(908) Pause Young (Allocation Failure) 31M->28M(57M) 2.972ms
[2026-06-17T10:01:26.467+0800][24.095s][info][gc,cpu         ] GC(908) User=0.00s Sys=0.00s Real=0.00s
[2026-06-17T10:01:26.489+0800][24.117s][info][gc,start       ] GC(909) Pause Young (Allocation Failure)
[2026-06-17T10:01:26.490+0800][24.118s][info][gc,heap        ] GC(909) PSYoungGen: 11107K(14336K)->2881K(14336K) Eden: 7160K(7168K)->0K(7168K) From: 3947K(7168K)->2881K(7168K)
[2026-06-17T10:01:26.491+0800][24.118s][info][gc,heap        ] GC(909) ParOldGen: 25393K(44032K)->26607K(44032K)
[2026-06-17T10:01:26.491+0800][24.119s][info][gc,metaspace   ] GC(909) Metaspace: 112K(320K)->112K(320K) NonClass: 105K(192K)->105K(192K) Class: 7K(128K)->7K(128K)
[2026-06-17T10:01:26.491+0800][24.119s][info][gc             ] GC(909) Pause Young (Allocation Failure) 35M->28M(57M) 2.082ms
[2026-06-17T10:01:26.491+0800][24.119s][info][gc,cpu         ] GC(909) User=0.01s Sys=0.00s Real=0.01s
[2026-06-17T10:01:26.503+0800][24.130s][info][gc,start       ] GC(910) Pause Young (Allocation Failure)
[2026-06-17T10:01:26.508+0800][24.135s][info][gc,heap        ] GC(910) PSYoungGen: 9761K(14336K)->1055K(14336K) Eden: 6879K(7168K)->0K(7168K) From: 2881K(7168K)->1055K(7168K)
[2026-06-17T10:01:26.508+0800][24.136s][info][gc,heap        ] GC(910) ParOldGen: 26607K(44032K)->28636K(44032K)
[2026-06-17T10:01:26.509+0800][24.136s][info][gc,metaspace   ] GC(910) Metaspace: 112K(320K)->112K(320K) NonClass: 105K(192K)->105K(192K) Class: 7K(128K)->7K(128K)
[2026-06-17T10:01:26.509+0800][24.137s][info][gc             ] GC(910) Pause Young (Allocation Failure) 35M->28M(57M) 6.490ms
[2026-06-17T10:01:26.510+0800][24.137s][info][gc,cpu         ] GC(910) User=0.00s Sys=0.00s Real=0.00s
[2026-06-17T10:01:26.531+0800][24.159s][info][gc,start       ] GC(911) Pause Young (Allocation Failure)
[2026-06-17T10:01:26.533+0800][24.161s][info][gc,heap        ] GC(911) PSYoungGen: 8221K(14336K)->3615K(14336K) Eden: 7165K(7168K)->0K(7168K) From: 1055K(7168K)->3615K(7168K)
[2026-06-17T10:01:26.533+0800][24.161s][info][gc,heap        ] GC(911) ParOldGen: 28636K(44032K)->29667K(44032K)
[2026-06-17T10:01:26.534+0800][24.162s][info][gc,metaspace   ] GC(911) Metaspace: 112K(320K)->112K(320K) NonClass: 105K(192K)->105K(192K) Class: 7K(128K)->7K(128K)
[2026-06-17T10:01:26.535+0800][24.162s][info][gc             ] GC(911) Pause Young (Allocation Failure) 35M->32M(57M) 3.328ms
[2026-06-17T10:01:26.535+0800][24.163s][info][gc,cpu         ] GC(911) User=0.00s Sys=0.00s Real=0.00s
[2026-06-17T10:01:26.558+0800][24.185s][info][gc,start       ] GC(912) Pause Young (Allocation Failure)
[2026-06-17T10:01:26.559+0800][24.187s][info][gc,heap        ] GC(912) PSYoungGen: 10753K(14336K)->4307K(14336K) Eden: 7138K(7168K)->0K(7168K) From: 3615K(7168K)->4307K(7168K)
[2026-06-17T10:01:26.560+0800][24.188s][info][gc,heap        ] GC(912) ParOldGen: 29667K(44032K)->29667K(44032K)
[2026-06-17T10:01:26.560+0800][24.188s][info][gc,metaspace   ] GC(912) Metaspace: 112K(320K)->112K(320K) NonClass: 105K(192K)->105K(192K) Class: 7K(128K)->7K(128K)
[2026-06-17T10:01:26.561+0800][24.189s][info][gc             ] GC(912) Pause Young (Allocation Failure) 39M->33M(57M) 3.546ms
[2026-06-17T10:01:26.562+0800][24.189s][info][gc,cpu         ] GC(912) User=0.00s Sys=0.00s Real=0.00s
[2026-06-17T10:01:26.584+0800][24.212s][info][gc,start       ] GC(913) Pause Young (Allocation Failure)
[2026-06-17T10:01:26.586+0800][24.214s][info][gc,heap        ] GC(913) PSYoungGen: 11438K(14336K)->4266K(14336K) Eden: 7130K(7168K)->0K(7168K) From: 4307K(7168K)->4266K(7168K)
[2026-06-17T10:01:26.587+0800][24.215s][info][gc,heap        ] GC(913) ParOldGen: 29667K(44032K)->29667K(44032K)
[2026-06-17T10:01:26.587+0800][24.215s][info][gc,metaspace   ] GC(913) Metaspace: 112K(320K)->112K(320K) NonClass: 105K(192K)->105K(192K) Class: 7K(128K)->7K(128K)
[2026-06-17T10:01:26.588+0800][24.216s][info][gc             ] GC(913) Pause Young (Allocation Failure) 40M->33M(57M) 3.861ms
[2026-06-17T10:01:26.589+0800][24.216s][info][gc,cpu         ] GC(913) User=0.01s Sys=0.00s Real=0.00s
[2026-06-17T10:01:26.600+0800][24.228s][info][gc,start       ] GC(914) Pause Young (Allocation Failure)
[2026-06-17T10:01:26.603+0800][24.231s][info][gc,heap        ] GC(914) PSYoungGen: 11404K(14336K)->7154K(14336K) Eden: 7137K(7168K)->0K(7168K) From: 4266K(7168K)->7154K(7168K)
[2026-06-17T10:01:26.604+0800][24.231s][info][gc,heap        ] GC(914) ParOldGen: 29667K(44032K)->30444K(44032K)
[2026-06-17T10:01:26.604+0800][24.232s][info][gc,metaspace   ] GC(914) Metaspace: 112K(320K)->112K(320K) NonClass: 105K(192K)->105K(192K) Class: 7K(128K)->7K(128K)
[2026-06-17T10:01:26.605+0800][24.232s][info][gc             ] GC(914) Pause Young (Allocation Failure) 40M->36M(57M) 4.172ms
[2026-06-17T10:01:26.605+0800][24.233s][info][gc,cpu         ] GC(914) User=0.00s Sys=0.00s Real=0.01s
[2026-06-17T10:01:26.627+0800][24.255s][info][gc,start       ] GC(915) Pause Young (Allocation Failure)
[2026-06-17T10:01:26.629+0800][24.257s][info][gc,heap        ] GC(915) PSYoungGen: 14297K(14336K)->5040K(14336K) Eden: 7143K(7168K)->0K(7168K) From: 7154K(7168K)->5040K(7168K)
[2026-06-17T10:01:26.630+0800][24.257s][info][gc,heap        ] GC(915) ParOldGen: 30444K(44032K)->33096K(44032K)
[2026-06-17T10:01:26.631+0800][24.258s][info][gc,metaspace   ] GC(915) Metaspace: 112K(320K)->112K(320K) NonClass: 105K(192K)->105K(192K) Class: 7K(128K)->7K(128K)
[2026-06-17T10:01:26.631+0800][24.259s][info][gc             ] GC(915) Pause Young (Allocation Failure) 43M->37M(57M) 4.302ms
[2026-06-17T10:01:26.632+0800][24.259s][info][gc,cpu         ] GC(915) User=0.00s Sys=0.00s Real=0.01s
[2026-06-17T10:01:26.654+0800][24.281s][info][gc,start       ] GC(916) Pause Young (Allocation Failure)
[2026-06-17T10:01:26.655+0800][24.283s][info][gc,heap        ] GC(916) PSYoungGen: 12208K(14336K)->3998K(14336K) Eden: 7168K(7168K)->0K(7168K) From: 5040K(7168K)->3998K(7168K)
[2026-06-17T10:01:26.656+0800][24.284s][info][gc,heap        ] GC(916) ParOldGen: 33096K(44032K)->34480K(44032K)
[2026-06-17T10:01:26.657+0800][24.284s][info][gc,metaspace   ] GC(916) Metaspace: 112K(320K)->112K(320K) NonClass: 105K(192K)->105K(192K) Class: 7K(128K)->7K(128K)
[2026-06-17T10:01:26.657+0800][24.285s][info][gc             ] GC(916) Pause Young (Allocation Failure) 44M->37M(57M) 3.726ms
[2026-06-17T10:01:26.658+0800][24.286s][info][gc,cpu         ] GC(916) User=0.00s Sys=0.00s Real=0.00s
[2026-06-17T10:01:26.671+0800][24.298s][info][gc,start       ] GC(917) Pause Young (Allocation Failure)
[2026-06-17T10:01:26.673+0800][24.300s][info][gc,heap        ] GC(917) PSYoungGen: 11087K(14336K)->385K(14336K) Eden: 7089K(7168K)->0K(7168K) From: 3998K(7168K)->385K(7168K)
[2026-06-17T10:01:26.674+0800][24.301s][info][gc,heap        ] GC(917) ParOldGen: 34480K(44032K)->38082K(44032K)
[2026-06-17T10:01:26.675+0800][24.302s][info][gc,metaspace   ] GC(917) Metaspace: 112K(320K)->112K(320K) NonClass: 105K(192K)->105K(192K) Class: 7K(128K)->7K(128K)
[2026-06-17T10:01:26.676+0800][24.303s][info][gc             ] GC(917) Pause Young (Allocation Failure) 44M->37M(57M) 5.137ms
[2026-06-17T10:01:26.677+0800][24.304s][info][gc,cpu         ] GC(917) User=0.01s Sys=0.00s Real=0.00s
[2026-06-17T10:01:26.699+0800][24.327s][info][gc,start       ] GC(918) Pause Young (Allocation Failure)
[2026-06-17T10:01:26.702+0800][24.330s][info][gc,heap        ] GC(918) PSYoungGen: 7544K(14336K)->3887K(14336K) Eden: 7159K(7168K)->0K(7168K) From: 385K(7168K)->3887K(7168K)
[2026-06-17T10:01:26.703+0800][24.331s][info][gc,heap        ] GC(918) ParOldGen: 38082K(44032K)->38443K(44032K)
[2026-06-17T10:01:26.705+0800][24.332s][info][gc,metaspace   ] GC(918) Metaspace: 112K(320K)->112K(320K) NonClass: 105K(192K)->105K(192K) Class: 7K(128K)->7K(128K)
[2026-06-17T10:01:26.706+0800][24.333s][info][gc             ] GC(918) Pause Young (Allocation Failure) 44M->41M(57M) 6.265ms
[2026-06-17T10:01:26.707+0800][24.334s][info][gc,cpu         ] GC(918) User=0.00s Sys=0.00s Real=0.01s
[2026-06-17T10:01:26.730+0800][24.358s][info][gc,start       ] GC(919) Pause Young (Allocation Failure)
[2026-06-17T10:01:26.732+0800][24.360s][info][gc,heap        ] GC(919) PSYoungGen: 11051K(14336K)->2317K(14336K) Eden: 7163K(7168K)->0K(7168K) From: 3887K(7168K)->2317K(7168K)
[2026-06-17T10:01:26.733+0800][24.360s][info][gc,heap        ] GC(919) ParOldGen: 38443K(44032K)->39911K(44032K)
[2026-06-17T10:01:26.733+0800][24.361s][info][gc,metaspace   ] GC(919) Metaspace: 112K(320K)->112K(320K) NonClass: 105K(192K)->105K(192K) Class: 7K(128K)->7K(128K)
[2026-06-17T10:01:26.734+0800][24.361s][info][gc             ] GC(919) Pause Young (Allocation Failure) 48M->41M(57M) 3.936ms
[2026-06-17T10:01:26.734+0800][24.362s][info][gc,cpu         ] GC(919) User=0.00s Sys=0.00s Real=0.01s
[2026-06-17T10:01:26.756+0800][24.384s][info][gc,start       ] GC(920) Pause Young (Allocation Failure)
[2026-06-17T10:01:26.758+0800][24.385s][info][gc,heap        ] GC(920) PSYoungGen: 9480K(14336K)->248K(14336K) Eden: 7162K(7168K)->0K(7168K) From: 2317K(7168K)->248K(7168K)
[2026-06-17T10:01:26.758+0800][24.386s][info][gc,heap        ] GC(920) ParOldGen: 39911K(44032K)->41941K(44032K)
[2026-06-17T10:01:26.759+0800][24.386s][info][gc,metaspace   ] GC(920) Metaspace: 112K(320K)->112K(320K) NonClass: 105K(192K)->105K(192K) Class: 7K(128K)->7K(128K)
[2026-06-17T10:01:26.759+0800][24.387s][info][gc             ] GC(920) Pause Young (Allocation Failure) 48M->41M(57M) 2.914ms
[2026-06-17T10:01:26.760+0800][24.387s][info][gc,cpu         ] GC(920) User=0.01s Sys=0.00s Real=0.00s
[2026-06-17T10:01:26.771+0800][24.399s][info][gc,start       ] GC(921) Pause Full (Ergonomics)
[2026-06-17T10:01:26.772+0800][24.399s][info][gc,phases,start] GC(921) Marking Phase
[2026-06-17T10:01:26.774+0800][24.401s][info][gc,phases      ] GC(921) Marking Phase 2.286ms
[2026-06-17T10:01:26.774+0800][24.402s][info][gc,phases,start] GC(921) Summary Phase
[2026-06-17T10:01:26.775+0800][24.402s][info][gc,phases      ] GC(921) Summary Phase 0.433ms
[2026-06-17T10:01:26.775+0800][24.403s][info][gc,phases,start] GC(921) Adjust Roots
[2026-06-17T10:01:26.775+0800][24.403s][info][gc,phases      ] GC(921) Adjust Roots 0.443ms
[2026-06-17T10:01:26.776+0800][24.403s][info][gc,phases,start] GC(921) Compaction Phase
[2026-06-17T10:01:26.778+0800][24.406s][info][gc,phases      ] GC(921) Compaction Phase 2.301ms
[2026-06-17T10:01:26.779+0800][24.407s][info][gc,phases,start] GC(921) Post Compact
[2026-06-17T10:01:26.779+0800][24.407s][info][gc,phases      ] GC(921) Post Compact 0.554ms
[2026-06-17T10:01:26.780+0800][24.408s][info][gc,heap        ] GC(921) PSYoungGen: 7409K(14336K)->0K(14336K) Eden: 7161K(7168K)->0K(7168K) From: 248K(7168K)->0K(7168K)
[2026-06-17T10:01:26.780+0800][24.408s][info][gc,heap        ] GC(921) ParOldGen: 41941K(44032K)->31680K(44032K)
[2026-06-17T10:01:26.781+0800][24.409s][info][gc,metaspace   ] GC(921) Metaspace: 112K(320K)->112K(320K) NonClass: 105K(192K)->105K(192K) Class: 7K(128K)->7K(128K)
[2026-06-17T10:01:26.781+0800][24.409s][info][gc             ] GC(921) Pause Full (Ergonomics) 48M->30M(57M) 10.352ms
[2026-06-17T10:01:26.782+0800][24.409s][info][gc,cpu         ] GC(921) User=0.00s Sys=0.00s Real=0.00s
[2026-06-17T10:01:26.803+0800][24.431s][info][gc,start       ] GC(922) Pause Young (Allocation Failure)
[2026-06-17T10:01:26.805+0800][24.432s][info][gc,heap        ] GC(922) PSYoungGen: 7153K(14336K)->3890K(14336K) Eden: 7153K(7168K)->0K(7168K) From: 0K(7168K)->3890K(7168K)
[2026-06-17T10:01:26.805+0800][24.433s][info][gc,heap        ] GC(922) ParOldGen: 31680K(44032K)->31680K(44032K)
[2026-06-17T10:01:26.806+0800][24.434s][info][gc,metaspace   ] GC(922) Metaspace: 112K(320K)->112K(320K) NonClass: 105K(192K)->105K(192K) Class: 7K(128K)->7K(128K)
[2026-06-17T10:01:26.807+0800][24.434s][info][gc             ] GC(922) Pause Young (Allocation Failure) 37M->34M(57M) 3.172ms
[2026-06-17T10:01:26.807+0800][24.435s][info][gc,cpu         ] GC(922) User=0.01s Sys=0.00s Real=0.00s
[2026-06-17T10:01:26.829+0800][24.456s][info][gc,start       ] GC(923) Pause Young (Allocation Failure)
[2026-06-17T10:01:26.830+0800][24.458s][info][gc,heap        ] GC(923) PSYoungGen: 11036K(14336K)->2900K(14336K) Eden: 7145K(7168K)->0K(7168K) From: 3890K(7168K)->2900K(7168K)
[2026-06-17T10:01:26.830+0800][24.458s][info][gc,heap        ] GC(923) ParOldGen: 31680K(44032K)->32977K(44032K)
[2026-06-17T10:01:26.831+0800][24.458s][info][gc,metaspace   ] GC(923) Metaspace: 112K(320K)->112K(320K) NonClass: 105K(192K)->105K(192K) Class: 7K(128K)->7K(128K)
[2026-06-17T10:01:26.831+0800][24.459s][info][gc             ] GC(923) Pause Young (Allocation Failure) 41M->35M(57M) 2.535ms
[2026-06-17T10:01:26.831+0800][24.459s][info][gc,cpu         ] GC(923) User=0.00s Sys=0.00s Real=0.01s
[2026-06-17T10:01:26.843+0800][24.470s][info][gc,start       ] GC(924) Pause Young (Allocation Failure)
[2026-06-17T10:01:26.843+0800][24.471s][info][gc,heap        ] GC(924) PSYoungGen: 9954K(14336K)->3064K(14336K) Eden: 7053K(7168K)->0K(7168K) From: 2900K(7168K)->3064K(7168K)
[2026-06-17T10:01:26.844+0800][24.471s][info][gc,heap        ] GC(924) ParOldGen: 32977K(44032K)->32977K(44032K)
[2026-06-17T10:01:26.844+0800][24.472s][info][gc,metaspace   ] GC(924) Metaspace: 112K(320K)->112K(320K) NonClass: 105K(192K)->105K(192K) Class: 7K(128K)->7K(128K)
[2026-06-17T10:01:26.844+0800][24.472s][info][gc             ] GC(924) Pause Young (Allocation Failure) 41M->35M(57M) 1.796ms
[2026-06-17T10:01:26.845+0800][24.472s][info][gc,cpu         ] GC(924) User=0.00s Sys=0.00s Real=0.00s
[2026-06-17T10:01:26.866+0800][24.494s][info][gc,start       ] GC(925) Pause Young (Allocation Failure)
[2026-06-17T10:01:26.867+0800][24.495s][info][gc,heap        ] GC(925) PSYoungGen: 10228K(14336K)->6564K(14336K) Eden: 7164K(7168K)->0K(7168K) From: 3064K(7168K)->6564K(7168K)
[2026-06-17T10:01:26.868+0800][24.495s][info][gc,heap        ] GC(925) ParOldGen: 32977K(44032K)->32977K(44032K)
[2026-06-17T10:01:26.868+0800][24.496s][info][gc,metaspace   ] GC(925) Metaspace: 113K(320K)->113K(320K) NonClass: 105K(192K)->105K(192K) Class: 7K(128K)->7K(128K)
[2026-06-17T10:01:26.868+0800][24.496s][info][gc             ] GC(925) Pause Young (Allocation Failure) 42M->38M(57M) 2.207ms
[2026-06-17T10:01:26.869+0800][24.496s][info][gc,cpu         ] GC(925) User=0.00s Sys=0.00s Real=0.00s
[2026-06-17T10:01:26.890+0800][24.517s][info][gc,start       ] GC(926) Pause Young (Allocation Failure)
[2026-06-17T10:01:26.891+0800][24.519s][info][gc,heap        ] GC(926) PSYoungGen: 13706K(14336K)->3843K(14336K) Eden: 7141K(7168K)->0K(7168K) From: 6564K(7168K)->3843K(7168K)
[2026-06-17T10:01:26.891+0800][24.519s][info][gc,heap        ] GC(926) ParOldGen: 32977K(44032K)->35985K(44032K)
[2026-06-17T10:01:26.892+0800][24.519s][info][gc,metaspace   ] GC(926) Metaspace: 113K(320K)->113K(320K) NonClass: 105K(192K)->105K(192K) Class: 7K(128K)->7K(128K)
[2026-06-17T10:01:26.892+0800][24.520s][info][gc             ] GC(926) Pause Young (Allocation Failure) 45M->38M(57M) 2.172ms
[2026-06-17T10:01:26.892+0800][24.520s][info][gc,cpu         ] GC(926) User=0.00s Sys=0.00s Real=0.01s
[2026-06-17T10:01:26.914+0800][24.541s][info][gc,start       ] GC(927) Pause Young (Allocation Failure)
[2026-06-17T10:01:26.915+0800][24.543s][info][gc,heap        ] GC(927) PSYoungGen: 10994K(14336K)->367K(14336K) Eden: 7151K(7168K)->0K(7168K) From: 3843K(7168K)->367K(7168K)
[2026-06-17T10:01:26.915+0800][24.543s][info][gc,heap        ] GC(927) ParOldGen: 35985K(44032K)->39678K(44032K)
[2026-06-17T10:01:26.916+0800][24.543s][info][gc,metaspace   ] GC(927) Metaspace: 113K(320K)->113K(320K) NonClass: 105K(192K)->105K(192K) Class: 7K(128K)->7K(128K)
[2026-06-17T10:01:26.916+0800][24.544s][info][gc             ] GC(927) Pause Young (Allocation Failure) 45M->39M(57M) 2.404ms
[2026-06-17T10:01:26.916+0800][24.544s][info][gc,cpu         ] GC(927) User=0.00s Sys=0.00s Real=0.00s
[2026-06-17T10:01:26.928+0800][24.555s][info][gc,start       ] GC(928) Pause Full (Ergonomics)
[2026-06-17T10:01:26.928+0800][24.556s][info][gc,phases,start] GC(928) Marking Phase
[2026-06-17T10:01:26.931+0800][24.559s][info][gc,phases      ] GC(928) Marking Phase 2.649ms
[2026-06-17T10:01:26.931+0800][24.559s][info][gc,phases,start] GC(928) Summary Phase
[2026-06-17T10:01:26.932+0800][24.559s][info][gc,phases      ] GC(928) Summary Phase 0.328ms
[2026-06-17T10:01:26.932+0800][24.559s][info][gc,phases,start] GC(928) Adjust Roots
[2026-06-17T10:01:26.932+0800][24.560s][info][gc,phases      ] GC(928) Adjust Roots 0.363ms
[2026-06-17T10:01:26.935+0800][24.562s][info][gc,phases,start] GC(928) Compaction Phase
[2026-06-17T10:01:26.937+0800][24.565s][info][gc,phases      ] GC(928) Compaction Phase 2.226ms
[2026-06-17T10:01:26.937+0800][24.565s][info][gc,phases,start] GC(928) Post Compact
[2026-06-17T10:01:26.938+0800][24.565s][info][gc,phases      ] GC(928) Post Compact 0.376ms
[2026-06-17T10:01:26.938+0800][24.566s][info][gc,heap        ] GC(928) PSYoungGen: 7527K(14336K)->0K(14336K) Eden: 7160K(7168K)->0K(7168K) From: 367K(7168K)->0K(7168K)
[2026-06-17T10:01:26.938+0800][24.566s][info][gc,heap        ] GC(928) ParOldGen: 39678K(44032K)->30069K(44032K)
[2026-06-17T10:01:26.938+0800][24.566s][info][gc,metaspace   ] GC(928) Metaspace: 113K(320K)->113K(320K) NonClass: 105K(192K)->105K(192K) Class: 7K(128K)->7K(128K)
[2026-06-17T10:01:26.939+0800][24.566s][info][gc             ] GC(928) Pause Full (Ergonomics) 46M->29M(57M) 10.864ms
[2026-06-17T10:01:26.939+0800][24.566s][info][gc,cpu         ] GC(928) User=0.01s Sys=0.00s Real=0.01s
[2026-06-17T10:01:26.960+0800][24.588s][info][gc,start       ] GC(929) Pause Young (Allocation Failure)
[2026-06-17T10:01:26.962+0800][24.589s][info][gc,heap        ] GC(929) PSYoungGen: 7162K(14336K)->3696K(14336K) Eden: 7162K(7168K)->0K(7168K) From: 0K(7168K)->3696K(7168K)
[2026-06-17T10:01:26.962+0800][24.590s][info][gc,heap        ] GC(929) ParOldGen: 30069K(44032K)->30069K(44032K)
[2026-06-17T10:01:26.962+0800][24.590s][info][gc,metaspace   ] GC(929) Metaspace: 113K(320K)->113K(320K) NonClass: 105K(192K)->105K(192K) Class: 7K(128K)->7K(128K)
[2026-06-17T10:01:26.963+0800][24.590s][info][gc             ] GC(929) Pause Young (Allocation Failure) 36M->32M(57M) 2.632ms
[2026-06-17T10:01:26.963+0800][24.591s][info][gc,cpu         ] GC(929) User=0.00s Sys=0.00s Real=0.01s
[2026-06-17T10:01:26.984+0800][24.612s][info][gc,start       ] GC(930) Pause Young (Allocation Failure)
[2026-06-17T10:01:26.986+0800][24.613s][info][gc,heap        ] GC(930) PSYoungGen: 10864K(14336K)->3053K(14336K) Eden: 7168K(7168K)->0K(7168K) From: 3696K(7168K)->3053K(7168K)
[2026-06-17T10:01:26.986+0800][24.614s][info][gc,heap        ] GC(930) ParOldGen: 30069K(44032K)->31459K(44032K)
[2026-06-17T10:01:26.987+0800][24.614s][info][gc,metaspace   ] GC(930) Metaspace: 113K(320K)->113K(320K) NonClass: 105K(192K)->105K(192K) Class: 7K(128K)->7K(128K)
[2026-06-17T10:01:26.987+0800][24.615s][info][gc             ] GC(930) Pause Young (Allocation Failure) 39M->33M(57M) 2.674ms
[2026-06-17T10:01:26.987+0800][24.615s][info][gc,cpu         ] GC(930) User=0.00s Sys=0.00s Real=0.00s
[2026-06-17T10:01:26.998+0800][24.626s][info][gc,start       ] GC(931) Pause Young (Allocation Failure)
[2026-06-17T10:01:26.999+0800][24.627s][info][gc,heap        ] GC(931) PSYoungGen: 10041K(14336K)->3075K(14848K) Eden: 6988K(7168K)->0K(7680K) From: 3053K(7168K)->3075K(7168K)
[2026-06-17T10:01:27.000+0800][24.627s][info][gc,heap        ] GC(931) ParOldGen: 31459K(44032K)->31459K(44032K)
[2026-06-17T10:01:27.000+0800][24.628s][info][gc,metaspace   ] GC(931) Metaspace: 113K(320K)->113K(320K) NonClass: 105K(192K)->105K(192K) Class: 7K(128K)->7K(128K)
[2026-06-17T10:01:27.000+0800][24.628s][info][gc             ] GC(931) Pause Young (Allocation Failure) 40M->33M(57M) 1.766ms
[2026-06-17T10:01:27.000+0800][24.628s][info][gc,cpu         ] GC(931) User=0.00s Sys=0.00s Real=0.00s
[2026-06-17T10:01:27.022+0800][24.650s][info][gc,start       ] GC(932) Pause Young (Allocation Failure)
[2026-06-17T10:01:27.023+0800][24.651s][info][gc,heap        ] GC(932) PSYoungGen: 10711K(14848K)->6632K(14336K) Eden: 7636K(7680K)->0K(7680K) From: 3075K(7168K)->6632K(6656K)
[2026-06-17T10:01:27.024+0800][24.652s][info][gc,heap        ] GC(932) ParOldGen: 31459K(44032K)->32079K(44032K)
[2026-06-17T10:01:27.024+0800][24.652s][info][gc,metaspace   ] GC(932) Metaspace: 113K(320K)->113K(320K) NonClass: 105K(192K)->105K(192K) Class: 7K(128K)->7K(128K)
[2026-06-17T10:01:27.024+0800][24.652s][info][gc             ] GC(932) Pause Young (Allocation Failure) 41M->37M(57M) 2.456ms
[2026-06-17T10:01:27.025+0800][24.652s][info][gc,cpu         ] GC(932) User=0.00s Sys=0.00s Real=0.01s
[2026-06-17T10:01:27.046+0800][24.674s][info][gc,start       ] GC(933) Pause Young (Allocation Failure)
[2026-06-17T10:01:27.048+0800][24.676s][info][gc,heap        ] GC(933) PSYoungGen: 14293K(14336K)->4903K(14336K) Eden: 7660K(7680K)->0K(7168K) From: 6632K(6656K)->4903K(7168K)
[2026-06-17T10:01:27.048+0800][24.676s][info][gc,heap        ] GC(933) ParOldGen: 32079K(44032K)->34486K(44032K)
[2026-06-17T10:01:27.049+0800][24.676s][info][gc,metaspace   ] GC(933) Metaspace: 113K(320K)->113K(320K) NonClass: 105K(192K)->105K(192K) Class: 7K(128K)->7K(128K)
[2026-06-17T10:01:27.049+0800][24.677s][info][gc             ] GC(933) Pause Young (Allocation Failure) 45M->38M(57M) 2.956ms
[2026-06-17T10:01:27.049+0800][24.677s][info][gc,cpu         ] GC(933) User=0.00s Sys=0.00s Real=0.00s
[2026-06-17T10:01:27.071+0800][24.699s][info][gc,start       ] GC(934) Pause Young (Allocation Failure)
[2026-06-17T10:01:27.073+0800][24.701s][info][gc,heap        ] GC(934) PSYoungGen: 12065K(14336K)->2221K(14336K) Eden: 7162K(7168K)->0K(7168K) From: 4903K(7168K)->2221K(7168K)
[2026-06-17T10:01:27.074+0800][24.701s][info][gc,heap        ] GC(934) ParOldGen: 34486K(44032K)->37445K(44032K)
[2026-06-17T10:01:27.074+0800][24.702s][info][gc,metaspace   ] GC(934) Metaspace: 113K(320K)->113K(320K) NonClass: 105K(192K)->105K(192K) Class: 7K(128K)->7K(128K)
[2026-06-17T10:01:27.075+0800][24.702s][info][gc             ] GC(934) Pause Young (Allocation Failure) 45M->38M(57M) 3.358ms
[2026-06-17T10:01:27.075+0800][24.703s][info][gc,cpu         ] GC(934) User=0.00s Sys=0.00s Real=0.00s
[2026-06-17T10:01:27.087+0800][24.715s][info][gc,start       ] GC(935) Pause Young (Allocation Failure)
[2026-06-17T10:01:27.089+0800][24.717s][info][gc,heap        ] GC(935) PSYoungGen: 9377K(14336K)->6028K(14336K) Eden: 7155K(7168K)->0K(7168K) From: 2221K(7168K)->6028K(7168K)
[2026-06-17T10:01:27.090+0800][24.717s][info][gc,heap        ] GC(935) ParOldGen: 37445K(44032K)->37445K(44032K)
[2026-06-17T10:01:27.090+0800][24.718s][info][gc,metaspace   ] GC(935) Metaspace: 113K(320K)->113K(320K) NonClass: 105K(192K)->105K(192K) Class: 7K(128K)->7K(128K)
[2026-06-17T10:01:27.091+0800][24.719s][info][gc             ] GC(935) Pause Young (Allocation Failure) 45M->42M(57M) 3.486ms
[2026-06-17T10:01:27.091+0800][24.719s][info][gc,cpu         ] GC(935) User=0.00s Sys=0.00s Real=0.01s
[2026-06-17T10:01:27.114+0800][24.741s][info][gc,start       ] GC(936) Pause Young (Allocation Failure)
[2026-06-17T10:01:27.115+0800][24.743s][info][gc,heap        ] GC(936) PSYoungGen: 13184K(14336K)->3252K(14336K) Eden: 7156K(7168K)->0K(7168K) From: 6028K(7168K)->3252K(7168K)
[2026-06-17T10:01:27.116+0800][24.744s][info][gc,heap        ] GC(936) ParOldGen: 37445K(44032K)->40430K(44032K)
[2026-06-17T10:01:27.116+0800][24.744s][info][gc,metaspace   ] GC(936) Metaspace: 113K(320K)->113K(320K) NonClass: 105K(192K)->105K(192K) Class: 7K(128K)->7K(128K)
[2026-06-17T10:01:27.117+0800][24.745s][info][gc             ] GC(936) Pause Young (Allocation Failure) 49M->42M(57M) 3.135ms
[2026-06-17T10:01:27.117+0800][24.745s][info][gc,cpu         ] GC(936) User=0.00s Sys=0.00s Real=0.00s
[2026-06-17T10:01:27.139+0800][24.767s][info][gc,start       ] GC(937) Pause Full (Ergonomics)
[2026-06-17T10:01:27.141+0800][24.768s][info][gc,phases,start] GC(937) Marking Phase
[2026-06-17T10:01:27.143+0800][24.771s][info][gc,phases      ] GC(937) Marking Phase 2.677ms
[2026-06-17T10:01:27.144+0800][24.772s][info][gc,phases,start] GC(937) Summary Phase
[2026-06-17T10:01:27.144+0800][24.772s][info][gc,phases      ] GC(937) Summary Phase 0.320ms
[2026-06-17T10:01:27.144+0800][24.772s][info][gc,phases,start] GC(937) Adjust Roots
[2026-06-17T10:01:27.145+0800][24.773s][info][gc,phases      ] GC(937) Adjust Roots 0.320ms
[2026-06-17T10:01:27.145+0800][24.773s][info][gc,phases,start] GC(937) Compaction Phase
[2026-06-17T10:01:27.147+0800][24.774s][info][gc,phases      ] GC(937) Compaction Phase 1.734ms
[2026-06-17T10:01:27.147+0800][24.775s][info][gc,phases,start] GC(937) Post Compact
[2026-06-17T10:01:27.147+0800][24.775s][info][gc,phases      ] GC(937) Post Compact 0.284ms
[2026-06-17T10:01:27.147+0800][24.775s][info][gc,heap        ] GC(937) PSYoungGen: 10420K(14336K)->0K(14336K) Eden: 7168K(7168K)->0K(7168K) From: 3252K(7168K)->0K(7168K)
[2026-06-17T10:01:27.148+0800][24.775s][info][gc,heap        ] GC(937) ParOldGen: 40430K(44032K)->30353K(44032K)
[2026-06-17T10:01:27.148+0800][24.775s][info][gc,metaspace   ] GC(937) Metaspace: 113K(320K)->113K(320K) NonClass: 105K(192K)->105K(192K) Class: 7K(128K)->7K(128K)
[2026-06-17T10:01:27.148+0800][24.776s][info][gc             ] GC(937) Pause Full (Ergonomics) 49M->29M(57M) 9.127ms
[2026-06-17T10:01:27.148+0800][24.776s][info][gc,cpu         ] GC(937) User=0.01s Sys=0.00s Real=0.01s
[2026-06-17T10:01:27.159+0800][24.787s][info][gc,start       ] GC(938) Pause Young (Allocation Failure)
[2026-06-17T10:01:27.160+0800][24.788s][info][gc,heap        ] GC(938) PSYoungGen: 6941K(14336K)->3369K(14336K) Eden: 6941K(7168K)->0K(7168K) From: 0K(7168K)->3369K(7168K)
[2026-06-17T10:01:27.160+0800][24.788s][info][gc,heap        ] GC(938) ParOldGen: 30353K(44032K)->30353K(44032K)
[2026-06-17T10:01:27.160+0800][24.788s][info][gc,metaspace   ] GC(938) Metaspace: 113K(320K)->113K(320K) NonClass: 105K(192K)->105K(192K) Class: 7K(128K)->7K(128K)
[2026-06-17T10:01:27.161+0800][24.789s][info][gc             ] GC(938) Pause Young (Allocation Failure) 36M->32M(57M) 1.984ms
[2026-06-17T10:01:27.161+0800][24.789s][info][gc,cpu         ] GC(938) User=0.00s Sys=0.00s Real=0.00s
[2026-06-17T10:01:27.193+0800][24.821s][info][gc,start       ] GC(939) Pause Young (Allocation Failure)
[2026-06-17T10:01:27.196+0800][24.823s][info][gc,heap        ] GC(939) PSYoungGen: 10485K(14336K)->274K(14336K) Eden: 7116K(7168K)->0K(7168K) From: 3369K(7168K)->274K(7168K)
[2026-06-17T10:01:27.196+0800][24.824s][info][gc,heap        ] GC(939) ParOldGen: 30353K(44032K)->33670K(44032K)
[2026-06-17T10:01:27.198+0800][24.825s][info][gc,metaspace   ] GC(939) Metaspace: 113K(320K)->113K(320K) NonClass: 105K(192K)->105K(192K) Class: 7K(128K)->7K(128K)
[2026-06-17T10:01:27.198+0800][24.826s][info][gc             ] GC(939) Pause Young (Allocation Failure) 39M->33M(57M) 5.127ms
[2026-06-17T10:01:27.199+0800][24.827s][info][gc,cpu         ] GC(939) User=0.00s Sys=0.01s Real=0.00s
[2026-06-17T10:01:27.211+0800][24.838s][info][gc,start       ] GC(940) Pause Young (Allocation Failure)
[2026-06-17T10:01:27.212+0800][24.840s][info][gc,heap        ] GC(940) PSYoungGen: 7423K(14336K)->3861K(14336K) Eden: 7149K(7168K)->0K(7168K) From: 274K(7168K)->3861K(7168K)
[2026-06-17T10:01:27.213+0800][24.840s][info][gc,heap        ] GC(940) ParOldGen: 33670K(44032K)->33912K(44032K)
[2026-06-17T10:01:27.213+0800][24.841s][info][gc,metaspace   ] GC(940) Metaspace: 113K(320K)->113K(320K) NonClass: 105K(192K)->105K(192K) Class: 7K(128K)->7K(128K)
[2026-06-17T10:01:27.213+0800][24.841s][info][gc             ] GC(940) Pause Young (Allocation Failure) 40M->36M(57M) 2.502ms
[2026-06-17T10:01:27.214+0800][24.841s][info][gc,cpu         ] GC(940) User=0.00s Sys=0.00s Real=0.00s
[2026-06-17T10:01:27.235+0800][24.863s][info][gc,start       ] GC(941) Pause Young (Allocation Failure)
[2026-06-17T10:01:27.237+0800][24.865s][info][gc,heap        ] GC(941) PSYoungGen: 11022K(14336K)->1769K(14336K) Eden: 7160K(7168K)->0K(7168K) From: 3861K(7168K)->1769K(7168K)
[2026-06-17T10:01:27.237+0800][24.865s][info][gc,heap        ] GC(941) ParOldGen: 33912K(44032K)->35937K(44032K)
[2026-06-17T10:01:27.238+0800][24.865s][info][gc,metaspace   ] GC(941) Metaspace: 113K(320K)->113K(320K) NonClass: 105K(192K)->105K(192K) Class: 7K(128K)->7K(128K)
[2026-06-17T10:01:27.238+0800][24.866s][info][gc             ] GC(941) Pause Young (Allocation Failure) 43M->36M(57M) 2.869ms
[2026-06-17T10:01:27.238+0800][24.866s][info][gc,cpu         ] GC(941) User=0.00s Sys=0.00s Real=0.00s
[2026-06-17T10:01:27.250+0800][24.878s][info][gc,start       ] GC(942) Pause Young (Allocation Failure)
[2026-06-17T10:01:27.252+0800][24.880s][info][gc,heap        ] GC(942) PSYoungGen: 8886K(14336K)->5452K(14336K) Eden: 7116K(7168K)->0K(7168K) From: 1769K(7168K)->5452K(7168K)
[2026-06-17T10:01:27.252+0800][24.880s][info][gc,heap        ] GC(942) ParOldGen: 35937K(44032K)->35937K(44032K)
[2026-06-17T10:01:27.253+0800][24.881s][info][gc,metaspace   ] GC(942) Metaspace: 113K(320K)->113K(320K) NonClass: 105K(192K)->105K(192K) Class: 7K(128K)->7K(128K)
[2026-06-17T10:01:27.253+0800][24.881s][info][gc             ] GC(942) Pause Young (Allocation Failure) 43M->40M(57M) 2.964ms
[2026-06-17T10:01:27.254+0800][24.881s][info][gc,cpu         ] GC(942) User=0.00s Sys=0.00s Real=0.01s
[2026-06-17T10:01:27.275+0800][24.903s][info][gc,start       ] GC(943) Pause Young (Allocation Failure)
[2026-06-17T10:01:27.278+0800][24.906s][info][gc,heap        ] GC(943) PSYoungGen: 12570K(14336K)->3447K(14336K) Eden: 7118K(7168K)->0K(7168K) From: 5452K(7168K)->3447K(7168K)
[2026-06-17T10:01:27.279+0800][24.907s][info][gc,heap        ] GC(943) ParOldGen: 35937K(44032K)->38112K(44032K)
[2026-06-17T10:01:27.282+0800][24.910s][info][gc,metaspace   ] GC(943) Metaspace: 113K(320K)->113K(320K) NonClass: 105K(192K)->105K(192K) Class: 7K(128K)->7K(128K)
[2026-06-17T10:01:27.283+0800][24.910s][info][gc             ] GC(943) Pause Young (Allocation Failure) 47M->40M(57M) 7.395ms
[2026-06-17T10:01:27.284+0800][24.912s][info][gc,cpu         ] GC(943) User=0.01s Sys=0.00s Real=0.01s
[2026-06-17T10:01:27.307+0800][24.935s][info][gc,start       ] GC(944) Pause Young (Allocation Failure)
[2026-06-17T10:01:27.309+0800][24.937s][info][gc,heap        ] GC(944) PSYoungGen: 10608K(14336K)->3524K(14336K) Eden: 7161K(7168K)->0K(7168K) From: 3447K(7168K)->3524K(7168K)
[2026-06-17T10:01:27.310+0800][24.937s][info][gc,heap        ] GC(944) ParOldGen: 38112K(44032K)->38112K(44032K)
[2026-06-17T10:01:27.310+0800][24.938s][info][gc,metaspace   ] GC(944) Metaspace: 113K(320K)->113K(320K) NonClass: 105K(192K)->105K(192K) Class: 7K(128K)->7K(128K)
[2026-06-17T10:01:27.311+0800][24.939s][info][gc             ] GC(944) Pause Young (Allocation Failure) 47M->40M(57M) 3.597ms
[2026-06-17T10:01:27.311+0800][24.939s][info][gc,cpu         ] GC(944) User=0.00s Sys=0.00s Real=0.01s
[2026-06-17T10:01:27.323+0800][24.951s][info][gc,start       ] GC(945) Pause Young (Allocation Failure)
[2026-06-17T10:01:27.325+0800][24.953s][info][gc,heap        ] GC(945) PSYoungGen: 10594K(14336K)->3589K(14848K) Eden: 7069K(7168K)->0K(7680K) From: 3524K(7168K)->3589K(7168K)
[2026-06-17T10:01:27.326+0800][24.954s][info][gc,heap        ] GC(945) ParOldGen: 38112K(44032K)->38112K(44032K)
[2026-06-17T10:01:27.326+0800][24.954s][info][gc,metaspace   ] GC(945) Metaspace: 113K(320K)->113K(320K) NonClass: 105K(192K)->105K(192K) Class: 7K(128K)->7K(128K)
[2026-06-17T10:01:27.327+0800][24.955s][info][gc             ] GC(945) Pause Young (Allocation Failure) 47M->40M(57M) 3.423ms
[2026-06-17T10:01:27.327+0800][24.955s][info][gc,cpu         ] GC(945) User=0.00s Sys=0.00s Real=0.00s
[2026-06-17T10:01:27.349+0800][24.977s][info][gc,start       ] GC(946) Pause Young (Allocation Failure)
[2026-06-17T10:01:27.351+0800][24.979s][info][gc,heap        ] GC(946) PSYoungGen: 11263K(14848K)->6652K(14336K) Eden: 7674K(7680K)->0K(7680K) From: 3589K(7168K)->6652K(6656K)
[2026-06-17T10:01:27.351+0800][24.979s][info][gc,heap        ] GC(946) ParOldGen: 38112K(44032K)->39388K(44032K)
[2026-06-17T10:01:27.352+0800][24.980s][info][gc,metaspace   ] GC(946) Metaspace: 113K(320K)->113K(320K) NonClass: 105K(192K)->105K(192K) Class: 7K(128K)->7K(128K)
[2026-06-17T10:01:27.352+0800][24.980s][info][gc             ] GC(946) Pause Young (Allocation Failure) 48M->44M(57M) 3.155ms
[2026-06-17T10:01:27.353+0800][24.980s][info][gc,cpu         ] GC(946) User=0.00s Sys=0.00s Real=0.01s
[2026-06-17T10:01:27.375+0800][25.002s][info][gc,start       ] GC(947) Pause Young (Allocation Failure)
[2026-06-17T10:01:27.376+0800][25.004s][info][gc,heap        ] GC(947) PSYoungGen: 14300K(14336K)->5476K(14336K) Eden: 7648K(7680K)->0K(7168K) From: 6652K(6656K)->5476K(7168K)
[2026-06-17T10:01:27.377+0800][25.004s][info][gc,heap        ] GC(947) ParOldGen: 39388K(44032K)->41808K(44032K)
[2026-06-17T10:01:27.377+0800][25.005s][info][gc,metaspace   ] GC(947) Metaspace: 113K(320K)->113K(320K) NonClass: 105K(192K)->105K(192K) Class: 7K(128K)->7K(128K)
[2026-06-17T10:01:27.377+0800][25.005s][info][gc             ] GC(947) Pause Young (Allocation Failure) 52M->46M(57M) 2.450ms
[2026-06-17T10:01:27.378+0800][25.005s][info][gc,cpu         ] GC(947) User=0.01s Sys=0.00s Real=0.00s
[2026-06-17T10:01:27.399+0800][25.027s][info][gc,start       ] GC(948) Pause Full (Ergonomics)
[2026-06-17T10:01:27.400+0800][25.028s][info][gc,phases,start] GC(948) Marking Phase
[2026-06-17T10:01:27.403+0800][25.031s][info][gc,phases      ] GC(948) Marking Phase 2.739ms
[2026-06-17T10:01:27.403+0800][25.031s][info][gc,phases,start] GC(948) Summary Phase
[2026-06-17T10:01:27.404+0800][25.032s][info][gc,phases      ] GC(948) Summary Phase 0.411ms
[2026-06-17T10:01:27.404+0800][25.032s][info][gc,phases,start] GC(948) Adjust Roots
[2026-06-17T10:01:27.405+0800][25.033s][info][gc,phases      ] GC(948) Adjust Roots 0.596ms
[2026-06-17T10:01:27.405+0800][25.033s][info][gc,phases,start] GC(948) Compaction Phase
[2026-06-17T10:01:27.408+0800][25.035s][info][gc,phases      ] GC(948) Compaction Phase 2.451ms
[2026-06-17T10:01:27.408+0800][25.036s][info][gc,phases,start] GC(948) Post Compact
[2026-06-17T10:01:27.408+0800][25.036s][info][gc,phases      ] GC(948) Post Compact 0.372ms
[2026-06-17T10:01:27.409+0800][25.036s][info][gc,heap        ] GC(948) PSYoungGen: 12608K(14336K)->0K(14336K) Eden: 7132K(7168K)->0K(7168K) From: 5476K(7168K)->0K(7168K)
[2026-06-17T10:01:27.409+0800][25.037s][info][gc,heap        ] GC(948) ParOldGen: 41808K(44032K)->26863K(44032K)
[2026-06-17T10:01:27.409+0800][25.037s][info][gc,metaspace   ] GC(948) Metaspace: 113K(320K)->113K(320K) NonClass: 105K(192K)->105K(192K) Class: 7K(128K)->7K(128K)
[2026-06-17T10:01:27.410+0800][25.037s][info][gc             ] GC(948) Pause Full (Ergonomics) 53M->26M(57M) 10.259ms
[2026-06-17T10:01:27.410+0800][25.038s][info][gc,cpu         ] GC(948) User=0.01s Sys=0.00s Real=0.01s
[2026-06-17T10:01:27.431+0800][25.059s][info][gc,start       ] GC(949) Pause Young (Allocation Failure)
[2026-06-17T10:01:27.433+0800][25.060s][info][gc,heap        ] GC(949) PSYoungGen: 7148K(14336K)->3567K(14336K) Eden: 7148K(7168K)->0K(7168K) From: 0K(7168K)->3567K(7168K)
[2026-06-17T10:01:27.434+0800][25.061s][info][gc,heap        ] GC(949) ParOldGen: 26863K(44032K)->26863K(44032K)
[2026-06-17T10:01:27.434+0800][25.062s][info][gc,metaspace   ] GC(949) Metaspace: 113K(320K)->113K(320K) NonClass: 105K(192K)->105K(192K) Class: 7K(128K)->7K(128K)
[2026-06-17T10:01:27.434+0800][25.062s][info][gc             ] GC(949) Pause Young (Allocation Failure) 33M->29M(57M) 3.084ms
[2026-06-17T10:01:27.435+0800][25.062s][info][gc,cpu         ] GC(949) User=0.00s Sys=0.00s Real=0.00s
[2026-06-17T10:01:27.446+0800][25.074s][info][gc,start       ] GC(950) Pause Young (Allocation Failure)
[2026-06-17T10:01:27.449+0800][25.077s][info][gc,heap        ] GC(950) PSYoungGen: 10709K(14336K)->32K(14336K) Eden: 7142K(7168K)->0K(7168K) From: 3567K(7168K)->32K(7168K)
[2026-06-17T10:01:27.450+0800][25.078s][info][gc,heap        ] GC(950) ParOldGen: 26863K(44032K)->30314K(44032K)
[2026-06-17T10:01:27.451+0800][25.079s][info][gc,metaspace   ] GC(950) Metaspace: 113K(320K)->113K(320K) NonClass: 105K(192K)->105K(192K) Class: 7K(128K)->7K(128K)
[2026-06-17T10:01:27.452+0800][25.079s][info][gc             ] GC(950) Pause Young (Allocation Failure) 36M->29M(57M) 5.608ms
[2026-06-17T10:01:27.452+0800][25.080s][info][gc,cpu         ] GC(950) User=0.00s Sys=0.00s Real=0.01s
[2026-06-17T10:01:27.474+0800][25.101s][info][gc,start       ] GC(951) Pause Young (Allocation Failure)
[2026-06-17T10:01:27.475+0800][25.103s][info][gc,heap        ] GC(951) PSYoungGen: 7173K(14336K)->3525K(14336K) Eden: 7141K(7168K)->0K(7168K) From: 32K(7168K)->3525K(7168K)
[2026-06-17T10:01:27.475+0800][25.103s][info][gc,heap        ] GC(951) ParOldGen: 30314K(44032K)->30322K(44032K)
[2026-06-17T10:01:27.476+0800][25.104s][info][gc,metaspace   ] GC(951) Metaspace: 113K(320K)->113K(320K) NonClass: 105K(192K)->105K(192K) Class: 7K(128K)->7K(128K)
[2026-06-17T10:01:27.476+0800][25.104s][info][gc             ] GC(951) Pause Young (Allocation Failure) 36M->33M(57M) 2.795ms
[2026-06-17T10:01:27.477+0800][25.105s][info][gc,cpu         ] GC(951) User=0.00s Sys=0.00s Real=0.00s
[2026-06-17T10:01:27.488+0800][25.116s][info][gc,start       ] GC(952) Pause Young (Allocation Failure)
[2026-06-17T10:01:27.489+0800][25.117s][info][gc,heap        ] GC(952) PSYoungGen: 10550K(14336K)->959K(14336K) Eden: 7024K(7168K)->0K(7168K) From: 3525K(7168K)->959K(7168K)
[2026-06-17T10:01:27.490+0800][25.117s][info][gc,heap        ] GC(952) ParOldGen: 30322K(44032K)->32715K(44032K)
[2026-06-17T10:01:27.490+0800][25.118s][info][gc,metaspace   ] GC(952) Metaspace: 113K(320K)->113K(320K) NonClass: 105K(192K)->105K(192K) Class: 7K(128K)->7K(128K)
[2026-06-17T10:01:27.491+0800][25.119s][info][gc             ] GC(952) Pause Young (Allocation Failure) 39M->32M(57M) 2.812ms
[2026-06-17T10:01:27.491+0800][25.119s][info][gc,cpu         ] GC(952) User=0.00s Sys=0.00s Real=0.01s
[2026-06-17T10:01:27.515+0800][25.142s][info][gc,start       ] GC(953) Pause Young (Allocation Failure)
[2026-06-17T10:01:27.516+0800][25.144s][info][gc,heap        ] GC(953) PSYoungGen: 8077K(14336K)->3758K(14336K) Eden: 7118K(7168K)->0K(7168K) From: 959K(7168K)->3758K(7168K)
[2026-06-17T10:01:27.517+0800][25.145s][info][gc,heap        ] GC(953) ParOldGen: 32715K(44032K)->33650K(44032K)
[2026-06-17T10:01:27.518+0800][25.145s][info][gc,metaspace   ] GC(953) Metaspace: 113K(320K)->113K(320K) NonClass: 105K(192K)->105K(192K) Class: 7K(128K)->7K(128K)
[2026-06-17T10:01:27.519+0800][25.147s][info][gc             ] GC(953) Pause Young (Allocation Failure) 39M->36M(57M) 4.413ms
[2026-06-17T10:01:27.520+0800][25.147s][info][gc,cpu         ] GC(953) User=0.00s Sys=0.00s Real=0.00s
[2026-06-17T10:01:27.542+0800][25.170s][info][gc,start       ] GC(954) Pause Young (Allocation Failure)
[2026-06-17T10:01:27.543+0800][25.171s][info][gc,heap        ] GC(954) PSYoungGen: 10911K(14336K)->3657K(14336K) Eden: 7153K(7168K)->0K(7168K) From: 3758K(7168K)->3657K(7168K)
[2026-06-17T10:01:27.543+0800][25.171s][info][gc,heap        ] GC(954) ParOldGen: 33650K(44032K)->33650K(44032K)
[2026-06-17T10:01:27.544+0800][25.171s][info][gc,metaspace   ] GC(954) Metaspace: 113K(320K)->113K(320K) NonClass: 105K(192K)->105K(192K) Class: 7K(128K)->7K(128K)
[2026-06-17T10:01:27.544+0800][25.172s][info][gc             ] GC(954) Pause Young (Allocation Failure) 43M->36M(57M) 1.980ms
[2026-06-17T10:01:27.544+0800][25.172s][info][gc,cpu         ] GC(954) User=0.00s Sys=0.00s Real=0.01s
[2026-06-17T10:01:27.555+0800][25.183s][info][gc,start       ] GC(955) Pause Young (Allocation Failure)
[2026-06-17T10:01:27.556+0800][25.184s][info][gc,heap        ] GC(955) PSYoungGen: 10794K(14336K)->7141K(14336K) Eden: 7137K(7168K)->0K(7168K) From: 3657K(7168K)->7141K(7168K)
[2026-06-17T10:01:27.557+0800][25.185s][info][gc,heap        ] GC(955) ParOldGen: 33650K(44032K)->33746K(44032K)
[2026-06-17T10:01:27.557+0800][25.185s][info][gc,metaspace   ] GC(955) Metaspace: 113K(320K)->113K(320K) NonClass: 105K(192K)->105K(192K) Class: 7K(128K)->7K(128K)
[2026-06-17T10:01:27.557+0800][25.185s][info][gc             ] GC(955) Pause Young (Allocation Failure) 43M->39M(57M) 2.235ms
[2026-06-17T10:01:27.558+0800][25.185s][info][gc,cpu         ] GC(955) User=0.00s Sys=0.00s Real=0.00s
[2026-06-17T10:01:27.579+0800][25.206s][info][gc,start       ] GC(956) Pause Young (Allocation Failure)
[2026-06-17T10:01:27.580+0800][25.207s][info][gc,heap        ] GC(956) PSYoungGen: 14309K(14336K)->3708K(14336K) Eden: 7168K(7168K)->0K(7168K) From: 7141K(7168K)->3708K(7168K)
[2026-06-17T10:01:27.580+0800][25.208s][info][gc,heap        ] GC(956) ParOldGen: 33746K(44032K)->37156K(44032K)
[2026-06-17T10:01:27.580+0800][25.208s][info][gc,metaspace   ] GC(956) Metaspace: 113K(320K)->113K(320K) NonClass: 105K(192K)->105K(192K) Class: 7K(128K)->7K(128K)
[2026-06-17T10:01:27.581+0800][25.208s][info][gc             ] GC(956) Pause Young (Allocation Failure) 46M->39M(57M) 2.077ms
[2026-06-17T10:01:27.581+0800][25.209s][info][gc,cpu         ] GC(956) User=0.00s Sys=0.00s Real=0.00s
[2026-06-17T10:01:27.602+0800][25.230s][info][gc,start       ] GC(957) Pause Young (Allocation Failure)
[2026-06-17T10:01:27.603+0800][25.231s][info][gc,heap        ] GC(957) PSYoungGen: 10873K(14336K)->818K(14336K) Eden: 7164K(7168K)->0K(7168K) From: 3708K(7168K)->818K(7168K)
[2026-06-17T10:01:27.603+0800][25.231s][info][gc,heap        ] GC(957) ParOldGen: 37156K(44032K)->39930K(44032K)
[2026-06-17T10:01:27.604+0800][25.231s][info][gc,metaspace   ] GC(957) Metaspace: 113K(320K)->113K(320K) NonClass: 105K(192K)->105K(192K) Class: 7K(128K)->7K(128K)
[2026-06-17T10:01:27.604+0800][25.231s][info][gc             ] GC(957) Pause Young (Allocation Failure) 46M->39M(57M) 1.713ms
[2026-06-17T10:01:27.604+0800][25.232s][info][gc,cpu         ] GC(957) User=0.00s Sys=0.00s Real=0.01s
[2026-06-17T10:01:27.615+0800][25.243s][info][gc,start       ] GC(958) Pause Full (Ergonomics)
[2026-06-17T10:01:27.615+0800][25.243s][info][gc,phases,start] GC(958) Marking Phase
[2026-06-17T10:01:27.617+0800][25.245s][info][gc,phases      ] GC(958) Marking Phase 1.911ms
[2026-06-17T10:01:27.618+0800][25.245s][info][gc,phases,start] GC(958) Summary Phase
[2026-06-17T10:01:27.618+0800][25.246s][info][gc,phases      ] GC(958) Summary Phase 0.581ms
[2026-06-17T10:01:27.619+0800][25.246s][info][gc,phases,start] GC(958) Adjust Roots
[2026-06-17T10:01:27.619+0800][25.247s][info][gc,phases      ] GC(958) Adjust Roots 0.502ms
[2026-06-17T10:01:27.620+0800][25.247s][info][gc,phases,start] GC(958) Compaction Phase
[2026-06-17T10:01:27.622+0800][25.250s][info][gc,phases      ] GC(958) Compaction Phase 2.291ms
[2026-06-17T10:01:27.622+0800][25.250s][info][gc,phases,start] GC(958) Post Compact
[2026-06-17T10:01:27.622+0800][25.250s][info][gc,phases      ] GC(958) Post Compact 0.321ms
[2026-06-17T10:01:27.623+0800][25.250s][info][gc,heap        ] GC(958) PSYoungGen: 7965K(14336K)->0K(14336K) Eden: 7147K(7168K)->0K(7168K) From: 818K(7168K)->0K(7168K)
[2026-06-17T10:01:27.623+0800][25.251s][info][gc,heap        ] GC(958) ParOldGen: 39930K(44032K)->31926K(44032K)
[2026-06-17T10:01:27.623+0800][25.251s][info][gc,metaspace   ] GC(958) Metaspace: 113K(320K)->113K(320K) NonClass: 105K(192K)->105K(192K) Class: 7K(128K)->7K(128K)
[2026-06-17T10:01:27.623+0800][25.251s][info][gc             ] GC(958) Pause Full (Ergonomics) 46M->31M(57M) 8.300ms
[2026-06-17T10:01:27.623+0800][25.251s][info][gc,cpu         ] GC(958) User=0.01s Sys=0.00s Real=0.01s
[2026-06-17T10:01:27.645+0800][25.272s][info][gc,start       ] GC(959) Pause Young (Allocation Failure)
[2026-06-17T10:01:27.646+0800][25.273s][info][gc,heap        ] GC(959) PSYoungGen: 7140K(14336K)->3783K(14336K) Eden: 7140K(7168K)->0K(7168K) From: 0K(7168K)->3783K(7168K)
[2026-06-17T10:01:27.646+0800][25.274s][info][gc,heap        ] GC(959) ParOldGen: 31926K(44032K)->31926K(44032K)
[2026-06-17T10:01:27.647+0800][25.274s][info][gc,metaspace   ] GC(959) Metaspace: 113K(320K)->113K(320K) NonClass: 105K(192K)->105K(192K) Class: 7K(128K)->7K(128K)
[2026-06-17T10:01:27.647+0800][25.275s][info][gc             ] GC(959) Pause Young (Allocation Failure) 38M->34M(57M) 2.332ms
[2026-06-17T10:01:27.647+0800][25.275s][info][gc,cpu         ] GC(959) User=0.00s Sys=0.00s Real=0.00s
[2026-06-17T10:01:27.669+0800][25.296s][info][gc,start       ] GC(960) Pause Young (Allocation Failure)
[2026-06-17T10:01:27.670+0800][25.297s][info][gc,heap        ] GC(960) PSYoungGen: 10945K(14336K)->3555K(14336K) Eden: 7162K(7168K)->0K(7168K) From: 3783K(7168K)->3555K(7168K)
[2026-06-17T10:01:27.670+0800][25.298s][info][gc,heap        ] GC(960) ParOldGen: 31926K(44032K)->32339K(44032K)
[2026-06-17T10:01:27.671+0800][25.298s][info][gc,metaspace   ] GC(960) Metaspace: 113K(320K)->113K(320K) NonClass: 105K(192K)->105K(192K) Class: 7K(128K)->7K(128K)
[2026-06-17T10:01:27.671+0800][25.299s][info][gc             ] GC(960) Pause Young (Allocation Failure) 41M->35M(57M) 2.487ms
[2026-06-17T10:01:27.672+0800][25.299s][info][gc,cpu         ] GC(960) User=0.00s Sys=0.00s Real=0.01s
[2026-06-17T10:01:27.693+0800][25.321s][info][gc,start       ] GC(961) Pause Young (Allocation Failure)
[2026-06-17T10:01:27.695+0800][25.322s][info][gc,heap        ] GC(961) PSYoungGen: 10690K(14336K)->4014K(14336K) Eden: 7134K(7168K)->0K(7168K) From: 3555K(7168K)->4014K(7168K)
[2026-06-17T10:01:27.695+0800][25.323s][info][gc,heap        ] GC(961) ParOldGen: 32339K(44032K)->32339K(44032K)
[2026-06-17T10:01:27.695+0800][25.323s][info][gc,metaspace   ] GC(961) Metaspace: 113K(320K)->113K(320K) NonClass: 105K(192K)->105K(192K) Class: 7K(128K)->7K(128K)
[2026-06-17T10:01:27.696+0800][25.324s][info][gc             ] GC(961) Pause Young (Allocation Failure) 42M->35M(57M) 2.868ms
[2026-06-17T10:01:27.697+0800][25.324s][info][gc,cpu         ] GC(961) User=0.00s Sys=0.00s Real=0.00s
[2026-06-17T10:01:27.718+0800][25.345s][info][gc,start       ] GC(962) Pause Young (Allocation Failure)
[2026-06-17T10:01:27.720+0800][25.348s][info][gc,heap        ] GC(962) PSYoungGen: 11179K(14336K)->4374K(14336K) Eden: 7164K(7168K)->0K(7168K) From: 4014K(7168K)->4374K(7168K)
[2026-06-17T10:01:27.721+0800][25.349s][info][gc,heap        ] GC(962) ParOldGen: 32339K(44032K)->32339K(44032K)
[2026-06-17T10:01:27.721+0800][25.349s][info][gc,metaspace   ] GC(962) Metaspace: 113K(320K)->113K(320K) NonClass: 105K(192K)->105K(192K) Class: 7K(128K)->7K(128K)
[2026-06-17T10:01:27.722+0800][25.350s][info][gc             ] GC(962) Pause Young (Allocation Failure) 42M->35M(57M) 4.233ms
[2026-06-17T10:01:27.722+0800][25.350s][info][gc,cpu         ] GC(962) User=0.00s Sys=0.00s Real=0.00s
[2026-06-17T10:01:27.734+0800][25.361s][info][gc,start       ] GC(963) Pause Young (Allocation Failure)
[2026-06-17T10:01:27.735+0800][25.362s][info][gc,heap        ] GC(963) PSYoungGen: 11523K(14336K)->7165K(14336K) Eden: 7148K(7168K)->0K(7168K) From: 4374K(7168K)->7165K(7168K)
[2026-06-17T10:01:27.735+0800][25.363s][info][gc,heap        ] GC(963) ParOldGen: 32339K(44032K)->33076K(44032K)
[2026-06-17T10:01:27.736+0800][25.363s][info][gc,metaspace   ] GC(963) Metaspace: 113K(320K)->113K(320K) NonClass: 105K(192K)->105K(192K) Class: 7K(128K)->7K(128K)
[2026-06-17T10:01:27.736+0800][25.364s][info][gc             ] GC(963) Pause Young (Allocation Failure) 42M->39M(57M) 2.425ms
[2026-06-17T10:01:27.737+0800][25.364s][info][gc,cpu         ] GC(963) User=0.00s Sys=0.01s Real=0.00s
[2026-06-17T10:01:27.758+0800][25.386s][info][gc,start       ] GC(964) Pause Young (Allocation Failure)
[2026-06-17T10:01:27.759+0800][25.387s][info][gc,heap        ] GC(964) PSYoungGen: 14319K(14336K)->4503K(14336K) Eden: 7154K(7168K)->0K(7168K) From: 7165K(7168K)->4503K(7168K)
[2026-06-17T10:01:27.760+0800][25.388s][info][gc,heap        ] GC(964) ParOldGen: 33076K(44032K)->36028K(44032K)
[2026-06-17T10:01:27.761+0800][25.388s][info][gc,metaspace   ] GC(964) Metaspace: 113K(320K)->113K(320K) NonClass: 105K(192K)->105K(192K) Class: 7K(128K)->7K(128K)
[2026-06-17T10:01:27.761+0800][25.389s][info][gc             ] GC(964) Pause Young (Allocation Failure) 46M->39M(57M) 3.190ms
[2026-06-17T10:01:27.762+0800][25.389s][info][gc,cpu         ] GC(964) User=0.00s Sys=0.00s Real=0.00s
[2026-06-17T10:01:27.773+0800][25.401s][info][gc,start       ] GC(965) Pause Young (Allocation Failure)
[2026-06-17T10:01:27.775+0800][25.402s][info][gc,heap        ] GC(965) PSYoungGen: 11630K(14336K)->6471K(14336K) Eden: 7127K(7168K)->0K(7168K) From: 4503K(7168K)->6471K(7168K)
[2026-06-17T10:01:27.775+0800][25.403s][info][gc,heap        ] GC(965) ParOldGen: 36028K(44032K)->37812K(44032K)
[2026-06-17T10:01:27.776+0800][25.404s][info][gc,metaspace   ] GC(965) Metaspace: 113K(320K)->113K(320K) NonClass: 105K(192K)->105K(192K) Class: 7K(128K)->7K(128K)
[2026-06-17T10:01:27.776+0800][25.404s][info][gc             ] GC(965) Pause Young (Allocation Failure) 46M->43M(57M) 3.186ms
[2026-06-17T10:01:27.778+0800][25.405s][info][gc,cpu         ] GC(965) User=0.00s Sys=0.00s Real=0.00s
[2026-06-17T10:01:27.799+0800][25.427s][info][gc,start       ] GC(966) Pause Young (Allocation Failure)
[2026-06-17T10:01:27.801+0800][25.428s][info][gc,heap        ] GC(966) PSYoungGen: 13633K(14336K)->2997K(14336K) Eden: 7162K(7168K)->0K(7168K) From: 6471K(7168K)->2997K(7168K)
[2026-06-17T10:01:27.802+0800][25.429s][info][gc,heap        ] GC(966) ParOldGen: 37812K(44032K)->41509K(44032K)
[2026-06-17T10:01:27.802+0800][25.430s][info][gc,metaspace   ] GC(966) Metaspace: 113K(320K)->113K(320K) NonClass: 105K(192K)->105K(192K) Class: 7K(128K)->7K(128K)
[2026-06-17T10:01:27.803+0800][25.431s][info][gc             ] GC(966) Pause Young (Allocation Failure) 50M->43M(57M) 3.700ms
[2026-06-17T10:01:27.804+0800][25.431s][info][gc,cpu         ] GC(966) User=0.00s Sys=0.00s Real=0.01s
[2026-06-17T10:01:27.825+0800][25.453s][info][gc,start       ] GC(967) Pause Full (Ergonomics)
[2026-06-17T10:01:27.826+0800][25.453s][info][gc,phases,start] GC(967) Marking Phase
[2026-06-17T10:01:27.827+0800][25.455s][info][gc,phases      ] GC(967) Marking Phase 1.669ms
[2026-06-17T10:01:27.828+0800][25.456s][info][gc,phases,start] GC(967) Summary Phase
[2026-06-17T10:01:27.828+0800][25.456s][info][gc,phases      ] GC(967) Summary Phase 0.291ms
[2026-06-17T10:01:27.828+0800][25.456s][info][gc,phases,start] GC(967) Adjust Roots
[2026-06-17T10:01:27.829+0800][25.457s][info][gc,phases      ] GC(967) Adjust Roots 0.440ms
[2026-06-17T10:01:27.829+0800][25.457s][info][gc,phases,start] GC(967) Compaction Phase
[2026-06-17T10:01:27.831+0800][25.459s][info][gc,phases      ] GC(967) Compaction Phase 1.959ms
[2026-06-17T10:01:27.831+0800][25.459s][info][gc,phases,start] GC(967) Post Compact
[2026-06-17T10:01:27.832+0800][25.460s][info][gc,phases      ] GC(967) Post Compact 0.348ms
[2026-06-17T10:01:27.832+0800][25.460s][info][gc,heap        ] GC(967) PSYoungGen: 10156K(14336K)->0K(14336K) Eden: 7159K(7168K)->0K(7168K) From: 2997K(7168K)->0K(7168K)
[2026-06-17T10:01:27.832+0800][25.460s][info][gc,heap        ] GC(967) ParOldGen: 41509K(44032K)->31513K(44032K)
[2026-06-17T10:01:27.832+0800][25.460s][info][gc,metaspace   ] GC(967) Metaspace: 113K(320K)->113K(320K) NonClass: 105K(192K)->105K(192K) Class: 7K(128K)->7K(128K)
[2026-06-17T10:01:27.832+0800][25.460s][info][gc             ] GC(967) Pause Full (Ergonomics) 50M->30M(57M) 7.154ms
[2026-06-17T10:01:27.833+0800][25.460s][info][gc,cpu         ] GC(967) User=0.01s Sys=0.00s Real=0.01s
[2026-06-17T10:01:27.844+0800][25.471s][info][gc,start       ] GC(968) Pause Young (Allocation Failure)
[2026-06-17T10:01:27.845+0800][25.472s][info][gc,heap        ] GC(968) PSYoungGen: 7077K(14336K)->3648K(14336K) Eden: 7077K(7168K)->0K(7168K) From: 0K(7168K)->3648K(7168K)
[2026-06-17T10:01:27.845+0800][25.472s][info][gc,heap        ] GC(968) ParOldGen: 31513K(44032K)->31513K(44032K)
[2026-06-17T10:01:27.845+0800][25.473s][info][gc,metaspace   ] GC(968) Metaspace: 113K(320K)->113K(320K) NonClass: 105K(192K)->105K(192K) Class: 7K(128K)->7K(128K)
[2026-06-17T10:01:27.845+0800][25.473s][info][gc             ] GC(968) Pause Young (Allocation Failure) 37M->34M(57M) 1.602ms
[2026-06-17T10:01:27.845+0800][25.473s][info][gc,cpu         ] GC(968) User=0.00s Sys=0.00s Real=0.00s
[2026-06-17T10:01:27.877+0800][25.505s][info][gc,start       ] GC(969) Pause Young (Allocation Failure)
[2026-06-17T10:01:27.878+0800][25.506s][info][gc,heap        ] GC(969) PSYoungGen: 10814K(14336K)->668K(14336K) Eden: 7165K(7168K)->0K(7168K) From: 3648K(7168K)->668K(7168K)
[2026-06-17T10:01:27.878+0800][25.506s][info][gc,heap        ] GC(969) ParOldGen: 31513K(44032K)->35150K(44032K)
[2026-06-17T10:01:27.879+0800][25.507s][info][gc,metaspace   ] GC(969) Metaspace: 113K(320K)->113K(320K) NonClass: 105K(192K)->105K(192K) Class: 7K(128K)->7K(128K)
[2026-06-17T10:01:27.879+0800][25.507s][info][gc             ] GC(969) Pause Young (Allocation Failure) 41M->34M(57M) 2.310ms
[2026-06-17T10:01:27.880+0800][25.507s][info][gc,cpu         ] GC(969) User=0.00s Sys=0.00s Real=0.00s
[2026-06-17T10:01:27.891+0800][25.519s][info][gc,start       ] GC(970) Pause Young (Allocation Failure)
[2026-06-17T10:01:27.892+0800][25.520s][info][gc,heap        ] GC(970) PSYoungGen: 7802K(14336K)->3931K(14336K) Eden: 7134K(7168K)->0K(7168K) From: 668K(7168K)->3931K(7168K)
[2026-06-17T10:01:27.892+0800][25.520s][info][gc,heap        ] GC(970) ParOldGen: 35150K(44032K)->35497K(44032K)
[2026-06-17T10:01:27.893+0800][25.520s][info][gc,metaspace   ] GC(970) Metaspace: 113K(320K)->113K(320K) NonClass: 105K(192K)->105K(192K) Class: 7K(128K)->7K(128K)
[2026-06-17T10:01:27.893+0800][25.521s][info][gc             ] GC(970) Pause Young (Allocation Failure) 41M->38M(57M) 2.312ms
[2026-06-17T10:01:27.894+0800][25.521s][info][gc,cpu         ] GC(970) User=0.00s Sys=0.00s Real=0.00s
[2026-06-17T10:01:27.915+0800][25.543s][info][gc,start       ] GC(971) Pause Young (Allocation Failure)
[2026-06-17T10:01:27.916+0800][25.544s][info][gc,heap        ] GC(971) PSYoungGen: 11099K(14336K)->1878K(14336K) Eden: 7168K(7168K)->0K(7168K) From: 3931K(7168K)->1878K(7168K)
[2026-06-17T10:01:27.916+0800][25.544s][info][gc,heap        ] GC(971) ParOldGen: 35497K(44032K)->37611K(44032K)
[2026-06-17T10:01:27.917+0800][25.544s][info][gc,metaspace   ] GC(971) Metaspace: 113K(320K)->113K(320K) NonClass: 105K(192K)->105K(192K) Class: 7K(128K)->7K(128K)
[2026-06-17T10:01:27.917+0800][25.545s][info][gc             ] GC(971) Pause Young (Allocation Failure) 45M->38M(57M) 2.213ms
[2026-06-17T10:01:27.917+0800][25.545s][info][gc,cpu         ] GC(971) User=0.00s Sys=0.00s Real=0.00s
[2026-06-17T10:01:27.939+0800][25.566s][info][gc,start       ] GC(972) Pause Young (Allocation Failure)
[2026-06-17T10:01:27.940+0800][25.567s][info][gc,heap        ] GC(972) PSYoungGen: 9046K(14336K)->2118K(14336K) Eden: 7168K(7168K)->0K(7168K) From: 1878K(7168K)->2118K(7168K)
[2026-06-17T10:01:27.940+0800][25.568s][info][gc,heap        ] GC(972) ParOldGen: 37611K(44032K)->37611K(44032K)
[2026-06-17T10:01:27.940+0800][25.568s][info][gc,metaspace   ] GC(972) Metaspace: 113K(320K)->113K(320K) NonClass: 105K(192K)->105K(192K) Class: 7K(128K)->7K(128K)
[2026-06-17T10:01:27.941+0800][25.568s][info][gc             ] GC(972) Pause Young (Allocation Failure) 45M->38M(57M) 2.006ms
[2026-06-17T10:01:27.941+0800][25.569s][info][gc,cpu         ] GC(972) User=0.01s Sys=0.00s Real=0.00s
[2026-06-17T10:01:27.952+0800][25.580s][info][gc,start       ] GC(973) Pause Young (Allocation Failure)
[2026-06-17T10:01:27.953+0800][25.581s][info][gc,heap        ] GC(973) PSYoungGen: 9137K(14336K)->32K(14336K) Eden: 7019K(7168K)->0K(7168K) From: 2118K(7168K)->32K(7168K)
[2026-06-17T10:01:27.954+0800][25.581s][info][gc,heap        ] GC(973) ParOldGen: 37611K(44032K)->39669K(44032K)
[2026-06-17T10:01:27.954+0800][25.582s][info][gc,metaspace   ] GC(973) Metaspace: 113K(320K)->113K(320K) NonClass: 105K(192K)->105K(192K) Class: 7K(128K)->7K(128K)
[2026-06-17T10:01:27.955+0800][25.582s][info][gc             ] GC(973) Pause Young (Allocation Failure) 45M->38M(57M) 2.406ms
[2026-06-17T10:01:27.955+0800][25.583s][info][gc,cpu         ] GC(973) User=0.00s Sys=0.00s Real=0.00s
[2026-06-17T10:01:27.977+0800][25.605s][info][gc,start       ] GC(974) Pause Full (Ergonomics)
[2026-06-17T10:01:27.978+0800][25.605s][info][gc,phases,start] GC(974) Marking Phase
[2026-06-17T10:01:27.981+0800][25.609s][info][gc,phases      ] GC(974) Marking Phase 3.755ms
[2026-06-17T10:01:27.982+0800][25.610s][info][gc,phases,start] GC(974) Summary Phase
[2026-06-17T10:01:27.983+0800][25.610s][info][gc,phases      ] GC(974) Summary Phase 0.536ms
[2026-06-17T10:01:27.983+0800][25.611s][info][gc,phases,start] GC(974) Adjust Roots
[2026-06-17T10:01:27.984+0800][25.612s][info][gc,phases      ] GC(974) Adjust Roots 0.787ms
[2026-06-17T10:01:27.985+0800][25.612s][info][gc,phases,start] GC(974) Compaction Phase
[2026-06-17T10:01:27.987+0800][25.615s][info][gc,phases      ] GC(974) Compaction Phase 2.600ms
[2026-06-17T10:01:27.988+0800][25.615s][info][gc,phases,start] GC(974) Post Compact
[2026-06-17T10:01:27.988+0800][25.616s][info][gc,phases      ] GC(974) Post Compact 0.344ms
[2026-06-17T10:01:27.988+0800][25.616s][info][gc,heap        ] GC(974) PSYoungGen: 7185K(14336K)->0K(14336K) Eden: 7153K(7168K)->0K(7168K) From: 32K(7168K)->0K(7168K)
[2026-06-17T10:01:27.988+0800][25.616s][info][gc,heap        ] GC(974) ParOldGen: 39669K(44032K)->29977K(44032K)
[2026-06-17T10:01:27.989+0800][25.616s][info][gc,metaspace   ] GC(974) Metaspace: 113K(320K)->113K(320K) NonClass: 105K(192K)->105K(192K) Class: 7K(128K)->7K(128K)
[2026-06-17T10:01:27.989+0800][25.617s][info][gc             ] GC(974) Pause Full (Ergonomics) 45M->29M(57M) 12.036ms
[2026-06-17T10:01:27.989+0800][25.617s][info][gc,cpu         ] GC(974) User=0.01s Sys=0.00s Real=0.01s
[2026-06-17T10:01:28.000+0800][25.628s][info][gc,start       ] GC(975) Pause Young (Allocation Failure)
[2026-06-17T10:01:28.001+0800][25.629s][info][gc,heap        ] GC(975) PSYoungGen: 6866K(14336K)->3774K(14336K) Eden: 6866K(7168K)->0K(7168K) From: 0K(7168K)->3774K(7168K)
[2026-06-17T10:01:28.002+0800][25.629s][info][gc,heap        ] GC(975) ParOldGen: 29977K(44032K)->29977K(44032K)
[2026-06-17T10:01:28.002+0800][25.630s][info][gc,metaspace   ] GC(975) Metaspace: 113K(320K)->113K(320K) NonClass: 105K(192K)->105K(192K) Class: 7K(128K)->7K(128K)
[2026-06-17T10:01:28.003+0800][25.630s][info][gc             ] GC(975) Pause Young (Allocation Failure) 35M->32M(57M) 2.538ms
[2026-06-17T10:01:28.003+0800][25.631s][info][gc,cpu         ] GC(975) User=0.00s Sys=0.00s Real=0.01s
[2026-06-17T10:01:28.025+0800][25.653s][info][gc,start       ] GC(976) Pause Young (Allocation Failure)
[2026-06-17T10:01:28.027+0800][25.655s][info][gc,heap        ] GC(976) PSYoungGen: 10934K(14336K)->3479K(14336K) Eden: 7160K(7168K)->0K(7168K) From: 3774K(7168K)->3479K(7168K)
[2026-06-17T10:01:28.028+0800][25.656s][info][gc,heap        ] GC(976) ParOldGen: 29977K(44032K)->33710K(44032K)
[2026-06-17T10:01:28.029+0800][25.656s][info][gc,metaspace   ] GC(976) Metaspace: 113K(320K)->113K(320K) NonClass: 105K(192K)->105K(192K) Class: 7K(128K)->7K(128K)
[2026-06-17T10:01:28.029+0800][25.657s][info][gc             ] GC(976) Pause Young (Allocation Failure) 39M->36M(57M) 4.037ms
[2026-06-17T10:01:28.030+0800][25.657s][info][gc,cpu         ] GC(976) User=0.00s Sys=0.00s Real=0.00s
[2026-06-17T10:01:28.052+0800][25.679s][info][gc,start       ] GC(977) Pause Young (Allocation Failure)
[2026-06-17T10:01:28.055+0800][25.683s][info][gc,heap        ] GC(977) PSYoungGen: 10613K(14336K)->3601K(14336K) Eden: 7133K(7168K)->0K(7168K) From: 3479K(7168K)->3601K(7168K)
[2026-06-17T10:01:28.056+0800][25.684s][info][gc,heap        ] GC(977) ParOldGen: 33710K(44032K)->33710K(44032K)
[2026-06-17T10:01:28.056+0800][25.684s][info][gc,metaspace   ] GC(977) Metaspace: 113K(320K)->113K(320K) NonClass: 105K(192K)->105K(192K) Class: 7K(128K)->7K(128K)
[2026-06-17T10:01:28.057+0800][25.685s][info][gc             ] GC(977) Pause Young (Allocation Failure) 43M->36M(57M) 5.568ms
[2026-06-17T10:01:28.058+0800][25.686s][info][gc,cpu         ] GC(977) User=0.00s Sys=0.00s Real=0.00s
[2026-06-17T10:01:28.080+0800][25.708s][info][gc,start       ] GC(978) Pause Young (Allocation Failure)
[2026-06-17T10:01:28.083+0800][25.710s][info][gc,heap        ] GC(978) PSYoungGen: 10747K(14336K)->3670K(14336K) Eden: 7145K(7168K)->0K(7168K) From: 3601K(7168K)->3670K(7168K)
[2026-06-17T10:01:28.083+0800][25.711s][info][gc,heap        ] GC(978) ParOldGen: 33710K(44032K)->33710K(44032K)
[2026-06-17T10:01:28.084+0800][25.712s][info][gc,metaspace   ] GC(978) Metaspace: 113K(320K)->113K(320K) NonClass: 105K(192K)->105K(192K) Class: 7K(128K)->7K(128K)
[2026-06-17T10:01:28.084+0800][25.712s][info][gc             ] GC(978) Pause Young (Allocation Failure) 43M->36M(57M) 4.005ms
[2026-06-17T10:01:28.085+0800][25.713s][info][gc,cpu         ] GC(978) User=0.01s Sys=0.00s Real=0.01s
[2026-06-17T10:01:28.097+0800][25.725s][info][gc,start       ] GC(979) Pause Young (Allocation Failure)
[2026-06-17T10:01:28.099+0800][25.727s][info][gc,heap        ] GC(979) PSYoungGen: 10813K(14336K)->6583K(13824K) Eden: 7143K(7168K)->0K(7168K) From: 3670K(7168K)->6583K(6656K)
[2026-06-17T10:01:28.100+0800][25.728s][info][gc,heap        ] GC(979) ParOldGen: 33710K(44032K)->34431K(44032K)
[2026-06-17T10:01:28.101+0800][25.728s][info][gc,metaspace   ] GC(979) Metaspace: 113K(320K)->113K(320K) NonClass: 105K(192K)->105K(192K) Class: 7K(128K)->7K(128K)
[2026-06-17T10:01:28.101+0800][25.729s][info][gc             ] GC(979) Pause Young (Allocation Failure) 43M->40M(56M) 3.844ms
[2026-06-17T10:01:28.102+0800][25.729s][info][gc,cpu         ] GC(979) User=0.00s Sys=0.00s Real=0.00s
[2026-06-17T10:01:28.124+0800][25.751s][info][gc,start       ] GC(980) Pause Young (Allocation Failure)
[2026-06-17T10:01:28.141+0800][25.769s][info][gc,heap        ] GC(980) PSYoungGen: 13727K(13824K)->3551K(14336K) Eden: 7144K(7168K)->0K(7168K) From: 6583K(6656K)->3551K(7168K)
[2026-06-17T10:01:28.144+0800][25.771s][info][gc,heap        ] GC(980) ParOldGen: 34431K(44032K)->37578K(44032K)
[2026-06-17T10:01:28.145+0800][25.772s][info][gc,metaspace   ] GC(980) Metaspace: 113K(320K)->113K(320K) NonClass: 105K(192K)->105K(192K) Class: 7K(128K)->7K(128K)
[2026-06-17T10:01:28.146+0800][25.773s][info][gc             ] GC(980) Pause Young (Allocation Failure) 47M->40M(57M) 21.960ms
[2026-06-17T10:01:28.147+0800][25.774s][info][gc,cpu         ] GC(980) User=0.00s Sys=0.00s Real=0.02s
[2026-06-17T10:01:28.172+0800][25.799s][info][gc,start       ] GC(981) Pause Young (Allocation Failure)
[2026-06-17T10:01:28.194+0800][25.822s][info][gc,heap        ] GC(981) PSYoungGen: 10702K(14336K)->3764K(14336K) Eden: 7151K(7168K)->0K(7168K) From: 3551K(7168K)->3764K(7168K)
[2026-06-17T10:01:28.194+0800][25.822s][info][gc,heap        ] GC(981) ParOldGen: 37578K(44032K)->37578K(44032K)
[2026-06-17T10:01:28.195+0800][25.823s][info][gc,metaspace   ] GC(981) Metaspace: 113K(320K)->113K(320K) NonClass: 105K(192K)->105K(192K) Class: 7K(128K)->7K(128K)
[2026-06-17T10:01:28.195+0800][25.823s][info][gc             ] GC(981) Pause Young (Allocation Failure) 47M->40M(57M) 23.609ms
[2026-06-17T10:01:28.196+0800][25.824s][info][gc,cpu         ] GC(981) User=0.00s Sys=0.00s Real=0.02s
[2026-06-17T10:01:28.207+0800][25.835s][info][gc,start       ] GC(982) Pause Young (Allocation Failure)
[2026-06-17T10:01:28.210+0800][25.838s][info][gc,heap        ] GC(982) PSYoungGen: 10860K(14336K)->3839K(14336K) Eden: 7095K(7168K)->0K(7168K) From: 3764K(7168K)->3839K(7168K)
[2026-06-17T10:01:28.214+0800][25.842s][info][gc,heap        ] GC(982) ParOldGen: 37578K(44032K)->37578K(44032K)
[2026-06-17T10:01:28.216+0800][25.844s][info][gc,metaspace   ] GC(982) Metaspace: 113K(320K)->113K(320K) NonClass: 105K(192K)->105K(192K) Class: 7K(128K)->7K(128K)
[2026-06-17T10:01:28.216+0800][25.844s][info][gc             ] GC(982) Pause Young (Allocation Failure) 47M->40M(57M) 8.967ms
[2026-06-17T10:01:28.216+0800][25.844s][info][gc,cpu         ] GC(982) User=0.00s Sys=0.00s Real=0.01s
[2026-06-17T10:01:28.238+0800][25.865s][info][gc,start       ] GC(983) Pause Young (Allocation Failure)
[2026-06-17T10:01:28.240+0800][25.868s][info][gc,heap        ] GC(983) PSYoungGen: 11004K(14336K)->6562K(13824K) Eden: 7164K(7168K)->0K(7168K) From: 3839K(7168K)->6562K(6656K)
[2026-06-17T10:01:28.241+0800][25.869s][info][gc,heap        ] GC(983) ParOldGen: 37578K(44032K)->38714K(44032K)
[2026-06-17T10:01:28.242+0800][25.870s][info][gc,metaspace   ] GC(983) Metaspace: 113K(320K)->113K(320K) NonClass: 105K(192K)->105K(192K) Class: 7K(128K)->7K(128K)
[2026-06-17T10:01:28.246+0800][25.873s][info][gc             ] GC(983) Pause Young (Allocation Failure) 47M->44M(56M) 7.900ms
[2026-06-17T10:01:28.250+0800][25.877s][info][gc,cpu         ] GC(983) User=0.00s Sys=0.00s Real=0.01s
[2026-06-17T10:01:28.278+0800][25.905s][info][gc,start       ] GC(984) Pause Young (Allocation Failure)
[2026-06-17T10:01:28.279+0800][25.907s][info][gc,heap        ] GC(984) PSYoungGen: 13708K(13824K)->6306K(14336K) Eden: 7145K(7168K)->0K(7168K) From: 6562K(6656K)->6306K(7168K)
[2026-06-17T10:01:28.280+0800][25.907s][info][gc,heap        ] GC(984) ParOldGen: 38714K(44032K)->38837K(44032K)
[2026-06-17T10:01:28.280+0800][25.907s][info][gc,metaspace   ] GC(984) Metaspace: 113K(320K)->113K(320K) NonClass: 105K(192K)->105K(192K) Class: 7K(128K)->7K(128K)
[2026-06-17T10:01:28.280+0800][25.908s][info][gc             ] GC(984) Pause Young (Allocation Failure) 51M->44M(57M) 2.493ms
[2026-06-17T10:01:28.281+0800][25.909s][info][gc,cpu         ] GC(984) User=0.00s Sys=0.00s Real=0.00s
[2026-06-17T10:01:28.292+0800][25.920s][info][gc,start       ] GC(985) Pause Young (Allocation Failure)
[2026-06-17T10:01:28.295+0800][25.923s][info][gc,heap        ] GC(985) PSYoungGen: 13454K(14336K)->7158K(14336K) Eden: 7148K(7168K)->0K(7168K) From: 6306K(7168K)->7158K(7168K)
[2026-06-17T10:01:28.296+0800][25.923s][info][gc,heap        ] GC(985) ParOldGen: 38837K(44032K)->41712K(44032K)
[2026-06-17T10:01:28.298+0800][25.926s][info][gc,metaspace   ] GC(985) Metaspace: 113K(320K)->113K(320K) NonClass: 105K(192K)->105K(192K) Class: 7K(128K)->7K(128K)
[2026-06-17T10:01:28.300+0800][25.927s][info][gc             ] GC(985) Pause Young (Allocation Failure) 51M->47M(57M) 7.466ms
[2026-06-17T10:01:28.302+0800][25.930s][info][gc,cpu         ] GC(985) User=0.00s Sys=0.00s Real=0.00s
[2026-06-17T10:01:28.324+0800][25.952s][info][gc,start       ] GC(986) Pause Full (Ergonomics)
[2026-06-17T10:01:28.325+0800][25.952s][info][gc,phases,start] GC(986) Marking Phase
[2026-06-17T10:01:28.328+0800][25.955s][info][gc,phases      ] GC(986) Marking Phase 2.970ms
[2026-06-17T10:01:28.329+0800][25.957s][info][gc,phases,start] GC(986) Summary Phase
[2026-06-17T10:01:28.329+0800][25.957s][info][gc,phases      ] GC(986) Summary Phase 0.239ms
[2026-06-17T10:01:28.330+0800][25.958s][info][gc,phases,start] GC(986) Adjust Roots
[2026-06-17T10:01:28.331+0800][25.959s][info][gc,phases      ] GC(986) Adjust Roots 0.864ms
[2026-06-17T10:01:28.332+0800][25.960s][info][gc,phases,start] GC(986) Compaction Phase
[2026-06-17T10:01:28.334+0800][25.961s][info][gc,phases      ] GC(986) Compaction Phase 1.700ms
[2026-06-17T10:01:28.335+0800][25.962s][info][gc,phases,start] GC(986) Post Compact
[2026-06-17T10:01:28.335+0800][25.963s][info][gc,phases      ] GC(986) Post Compact 0.338ms
[2026-06-17T10:01:28.335+0800][25.963s][info][gc,heap        ] GC(986) PSYoungGen: 14309K(14336K)->0K(14336K) Eden: 7150K(7168K)->0K(7168K) From: 7158K(7168K)->0K(7168K)
[2026-06-17T10:01:28.336+0800][25.963s][info][gc,heap        ] GC(986) ParOldGen: 41712K(44032K)->25740K(44032K)
[2026-06-17T10:01:28.336+0800][25.964s][info][gc,metaspace   ] GC(986) Metaspace: 113K(320K)->113K(320K) NonClass: 105K(192K)->105K(192K) Class: 7K(128K)->7K(128K)
[2026-06-17T10:01:28.338+0800][25.966s][info][gc             ] GC(986) Pause Full (Ergonomics) 54M->25M(57M) 14.125ms
[2026-06-17T10:01:28.340+0800][25.967s][info][gc,cpu         ] GC(986) User=0.00s Sys=0.00s Real=0.01s
[2026-06-17T10:01:28.361+0800][25.989s][info][gc,start       ] GC(987) Pause Young (Allocation Failure)
[2026-06-17T10:01:28.362+0800][25.990s][info][gc,heap        ] GC(987) PSYoungGen: 7163K(14336K)->3771K(14336K) Eden: 7163K(7168K)->0K(7168K) From: 0K(7168K)->3771K(7168K)
[2026-06-17T10:01:28.363+0800][25.990s][info][gc,heap        ] GC(987) ParOldGen: 25740K(44032K)->25740K(44032K)
[2026-06-17T10:01:28.363+0800][25.991s][info][gc,metaspace   ] GC(987) Metaspace: 113K(320K)->113K(320K) NonClass: 105K(192K)->105K(192K) Class: 7K(128K)->7K(128K)
[2026-06-17T10:01:28.363+0800][25.991s][info][gc             ] GC(987) Pause Young (Allocation Failure) 32M->28M(57M) 2.547ms
[2026-06-17T10:01:28.364+0800][25.992s][info][gc,cpu         ] GC(987) User=0.00s Sys=0.00s Real=0.01s
[2026-06-17T10:01:28.375+0800][26.003s][info][gc,start       ] GC(988) Pause Young (Allocation Failure)
[2026-06-17T10:01:28.377+0800][26.005s][info][gc,heap        ] GC(988) PSYoungGen: 10907K(14336K)->7073K(14336K) Eden: 7136K(7168K)->0K(7168K) From: 3771K(7168K)->7073K(7168K)
[2026-06-17T10:01:28.378+0800][26.006s][info][gc,heap        ] GC(988) ParOldGen: 25740K(44032K)->26074K(44032K)
[2026-06-17T10:01:28.379+0800][26.006s][info][gc,metaspace   ] GC(988) Metaspace: 113K(320K)->113K(320K) NonClass: 105K(192K)->105K(192K) Class: 7K(128K)->7K(128K)
[2026-06-17T10:01:28.379+0800][26.007s][info][gc             ] GC(988) Pause Young (Allocation Failure) 35M->32M(57M) 3.563ms
[2026-06-17T10:01:28.379+0800][26.007s][info][gc,cpu         ] GC(988) User=0.00s Sys=0.00s Real=0.00s
[2026-06-17T10:01:28.401+0800][26.029s][info][gc,start       ] GC(989) Pause Young (Allocation Failure)
[2026-06-17T10:01:28.402+0800][26.030s][info][gc,heap        ] GC(989) PSYoungGen: 14222K(14336K)->3647K(14336K) Eden: 7149K(7168K)->0K(7168K) From: 7073K(7168K)->3647K(7168K)
[2026-06-17T10:01:28.403+0800][26.030s][info][gc,heap        ] GC(989) ParOldGen: 26074K(44032K)->29706K(44032K)
[2026-06-17T10:01:28.403+0800][26.031s][info][gc,metaspace   ] GC(989) Metaspace: 113K(320K)->113K(320K) NonClass: 105K(192K)->105K(192K) Class: 7K(128K)->7K(128K)
[2026-06-17T10:01:28.404+0800][26.031s][info][gc             ] GC(989) Pause Young (Allocation Failure) 39M->32M(57M) 2.611ms
[2026-06-17T10:01:28.404+0800][26.032s][info][gc,cpu         ] GC(989) User=0.00s Sys=0.00s Real=0.01s
[2026-06-17T10:01:28.426+0800][26.053s][info][gc,start       ] GC(990) Pause Young (Allocation Failure)
[2026-06-17T10:01:28.427+0800][26.054s][info][gc,heap        ] GC(990) PSYoungGen: 10815K(14336K)->3723K(14336K) Eden: 7168K(7168K)->0K(7168K) From: 3647K(7168K)->3723K(7168K)
[2026-06-17T10:01:28.427+0800][26.055s][info][gc,heap        ] GC(990) ParOldGen: 29706K(44032K)->29706K(44032K)
[2026-06-17T10:01:28.428+0800][26.056s][info][gc,metaspace   ] GC(990) Metaspace: 113K(320K)->113K(320K) NonClass: 105K(192K)->105K(192K) Class: 7K(128K)->7K(128K)
[2026-06-17T10:01:28.429+0800][26.057s][info][gc             ] GC(990) Pause Young (Allocation Failure) 39M->32M(57M) 3.687ms
[2026-06-17T10:01:28.430+0800][26.058s][info][gc,cpu         ] GC(990) User=0.00s Sys=0.00s Real=0.00s
[2026-06-17T10:01:28.451+0800][26.079s][info][gc,start       ] GC(991) Pause Young (Allocation Failure)
[2026-06-17T10:01:28.453+0800][26.081s][info][gc,heap        ] GC(991) PSYoungGen: 10853K(14336K)->2212K(14336K) Eden: 7130K(7168K)->0K(7168K) From: 3723K(7168K)->2212K(7168K)
[2026-06-17T10:01:28.455+0800][26.083s][info][gc,heap        ] GC(991) ParOldGen: 29706K(44032K)->31569K(44032K)
[2026-06-17T10:01:28.456+0800][26.083s][info][gc,metaspace   ] GC(991) Metaspace: 113K(320K)->113K(320K) NonClass: 105K(192K)->105K(192K) Class: 7K(128K)->7K(128K)
[2026-06-17T10:01:28.456+0800][26.084s][info][gc             ] GC(991) Pause Young (Allocation Failure) 39M->32M(57M) 4.553ms
[2026-06-17T10:01:28.456+0800][26.084s][info][gc,cpu         ] GC(991) User=0.00s Sys=0.00s Real=0.00s
[2026-06-17T10:01:28.478+0800][26.106s][info][gc,start       ] GC(992) Pause Young (Allocation Failure)
[2026-06-17T10:01:28.479+0800][26.107s][info][gc,heap        ] GC(992) PSYoungGen: 9352K(14336K)->400K(14336K) Eden: 7140K(7168K)->0K(7168K) From: 2212K(7168K)->400K(7168K)
[2026-06-17T10:01:28.480+0800][26.108s][info][gc,heap        ] GC(992) ParOldGen: 31569K(44032K)->33425K(44032K)
[2026-06-17T10:01:28.480+0800][26.108s][info][gc,metaspace   ] GC(992) Metaspace: 113K(320K)->113K(320K) NonClass: 105K(192K)->105K(192K) Class: 7K(128K)->7K(128K)
[2026-06-17T10:01:28.481+0800][26.108s][info][gc             ] GC(992) Pause Young (Allocation Failure) 39M->33M(57M) 2.789ms
[2026-06-17T10:01:28.481+0800][26.109s][info][gc,cpu         ] GC(992) User=0.00s Sys=0.00s Real=0.00s
[2026-06-17T10:01:28.493+0800][26.121s][info][gc,start       ] GC(993) Pause Young (Allocation Failure)
[2026-06-17T10:01:28.494+0800][26.122s][info][gc,heap        ] GC(993) PSYoungGen: 7534K(14336K)->4414K(14336K) Eden: 7134K(7168K)->0K(7168K) From: 400K(7168K)->4414K(7168K)
[2026-06-17T10:01:28.495+0800][26.123s][info][gc,heap        ] GC(993) ParOldGen: 33425K(44032K)->33425K(44032K)
[2026-06-17T10:01:28.495+0800][26.123s][info][gc,metaspace   ] GC(993) Metaspace: 113K(320K)->113K(320K) NonClass: 105K(192K)->105K(192K) Class: 7K(128K)->7K(128K)
[2026-06-17T10:01:28.496+0800][26.123s][info][gc             ] GC(993) Pause Young (Allocation Failure) 40M->36M(57M) 2.876ms
[2026-06-17T10:01:28.496+0800][26.124s][info][gc,cpu         ] GC(993) User=0.00s Sys=0.00s Real=0.00s
[2026-06-17T10:01:28.518+0800][26.145s][info][gc,start       ] GC(994) Pause Young (Allocation Failure)
[2026-06-17T10:01:28.519+0800][26.147s][info][gc,heap        ] GC(994) PSYoungGen: 11561K(14336K)->3103K(14336K) Eden: 7147K(7168K)->0K(7168K) From: 4414K(7168K)->3103K(7168K)
[2026-06-17T10:01:28.520+0800][26.148s][info][gc,heap        ] GC(994) ParOldGen: 33425K(44032K)->35305K(44032K)
[2026-06-17T10:01:28.521+0800][26.148s][info][gc,metaspace   ] GC(994) Metaspace: 113K(320K)->113K(320K) NonClass: 105K(192K)->105K(192K) Class: 7K(128K)->7K(128K)
[2026-06-17T10:01:28.521+0800][26.149s][info][gc             ] GC(994) Pause Young (Allocation Failure) 43M->37M(57M) 3.260ms
[2026-06-17T10:01:28.521+0800][26.149s][info][gc,cpu         ] GC(994) User=0.00s Sys=0.00s Real=0.00s
[2026-06-17T10:01:28.543+0800][26.171s][info][gc,start       ] GC(995) Pause Young (Allocation Failure)
[2026-06-17T10:01:28.544+0800][26.172s][info][gc,heap        ] GC(995) PSYoungGen: 10271K(14336K)->3298K(14336K) Eden: 7168K(7168K)->0K(7168K) From: 3103K(7168K)->3298K(7168K)
[2026-06-17T10:01:28.545+0800][26.173s][info][gc,heap        ] GC(995) ParOldGen: 35305K(44032K)->35305K(44032K)
[2026-06-17T10:01:28.546+0800][26.173s][info][gc,metaspace   ] GC(995) Metaspace: 113K(320K)->113K(320K) NonClass: 105K(192K)->105K(192K) Class: 7K(128K)->7K(128K)
[2026-06-17T10:01:28.547+0800][26.174s][info][gc             ] GC(995) Pause Young (Allocation Failure) 44M->37M(57M) 3.569ms
[2026-06-17T10:01:28.547+0800][26.175s][info][gc,cpu         ] GC(995) User=0.00s Sys=0.00s Real=0.00s
[2026-06-17T10:01:28.559+0800][26.187s][info][gc,start       ] GC(996) Pause Young (Allocation Failure)
[2026-06-17T10:01:28.560+0800][26.188s][info][gc,heap        ] GC(996) PSYoungGen: 10210K(14336K)->32K(14336K) Eden: 6912K(7168K)->0K(7168K) From: 3298K(7168K)->32K(7168K)
[2026-06-17T10:01:28.561+0800][26.189s][info][gc,heap        ] GC(996) ParOldGen: 35305K(44032K)->38579K(44032K)
[2026-06-17T10:01:28.562+0800][26.190s][info][gc,metaspace   ] GC(996) Metaspace: 113K(320K)->113K(320K) NonClass: 105K(192K)->105K(192K) Class: 7K(128K)->7K(128K)
[2026-06-17T10:01:28.563+0800][26.190s][info][gc             ] GC(996) Pause Young (Allocation Failure) 44M->37M(57M) 3.841ms
[2026-06-17T10:01:28.563+0800][26.191s][info][gc,cpu         ] GC(996) User=0.00s Sys=0.00s Real=0.01s
[2026-06-17T10:01:28.586+0800][26.214s][info][gc,start       ] GC(997) Pause Young (Allocation Failure)
[2026-06-17T10:01:28.587+0800][26.215s][info][gc,heap        ] GC(997) PSYoungGen: 7192K(14336K)->3811K(14336K) Eden: 7160K(7168K)->0K(7168K) From: 32K(7168K)->3811K(7168K)
[2026-06-17T10:01:28.588+0800][26.216s][info][gc,heap        ] GC(997) ParOldGen: 38579K(44032K)->38587K(44032K)
[2026-06-17T10:01:28.589+0800][26.216s][info][gc,metaspace   ] GC(997) Metaspace: 113K(320K)->113K(320K) NonClass: 105K(192K)->105K(192K) Class: 7K(128K)->7K(128K)
[2026-06-17T10:01:28.589+0800][26.217s][info][gc             ] GC(997) Pause Young (Allocation Failure) 44M->41M(57M) 3.437ms
[2026-06-17T10:01:28.590+0800][26.217s][info][gc,cpu         ] GC(997) User=0.01s Sys=0.00s Real=0.00s
[2026-06-17T10:01:28.612+0800][26.239s][info][gc,start       ] GC(998) Pause Young (Allocation Failure)
[2026-06-17T10:01:28.613+0800][26.240s][info][gc,heap        ] GC(998) PSYoungGen: 10965K(14336K)->2118K(14336K) Eden: 7153K(7168K)->0K(7168K) From: 3811K(7168K)->2118K(7168K)
[2026-06-17T10:01:28.613+0800][26.241s][info][gc,heap        ] GC(998) ParOldGen: 38587K(44032K)->40598K(44032K)
[2026-06-17T10:01:28.614+0800][26.241s][info][gc,metaspace   ] GC(998) Metaspace: 113K(320K)->113K(320K) NonClass: 105K(192K)->105K(192K) Class: 7K(128K)->7K(128K)
[2026-06-17T10:01:28.614+0800][26.242s][info][gc             ] GC(998) Pause Young (Allocation Failure) 48M->41M(57M) 2.356ms
[2026-06-17T10:01:28.615+0800][26.242s][info][gc,cpu         ] GC(998) User=0.00s Sys=0.00s Real=0.00s
[2026-06-17T10:01:28.637+0800][26.264s][info][gc,start       ] GC(999) Pause Full (Ergonomics)
[2026-06-17T10:01:28.637+0800][26.265s][info][gc,phases,start] GC(999) Marking Phase
[2026-06-17T10:01:28.639+0800][26.267s][info][gc,phases      ] GC(999) Marking Phase 2.207ms
[2026-06-17T10:01:28.640+0800][26.268s][info][gc,phases,start] GC(999) Summary Phase
[2026-06-17T10:01:28.640+0800][26.268s][info][gc,phases      ] GC(999) Summary Phase 0.355ms
[2026-06-17T10:01:28.641+0800][26.268s][info][gc,phases,start] GC(999) Adjust Roots
[2026-06-17T10:01:28.641+0800][26.269s][info][gc,phases      ] GC(999) Adjust Roots 0.543ms
[2026-06-17T10:01:28.642+0800][26.269s][info][gc,phases,start] GC(999) Compaction Phase
[2026-06-17T10:01:28.644+0800][26.271s][info][gc,phases      ] GC(999) Compaction Phase 2.025ms
[2026-06-17T10:01:28.644+0800][26.272s][info][gc,phases,start] GC(999) Post Compact
[2026-06-17T10:01:28.644+0800][26.272s][info][gc,phases      ] GC(999) Post Compact 0.378ms
[2026-06-17T10:01:28.645+0800][26.272s][info][gc,heap        ] GC(999) PSYoungGen: 9273K(14336K)->0K(14336K) Eden: 7154K(7168K)->0K(7168K) From: 2118K(7168K)->0K(7168K)
[2026-06-17T10:01:28.645+0800][26.273s][info][gc,heap        ] GC(999) ParOldGen: 40598K(44032K)->23728K(44032K)
[2026-06-17T10:01:28.645+0800][26.273s][info][gc,metaspace   ] GC(999) Metaspace: 113K(320K)->113K(320K) NonClass: 105K(192K)->105K(192K) Class: 7K(128K)->7K(128K)
[2026-06-17T10:01:28.645+0800][26.273s][info][gc             ] GC(999) Pause Full (Ergonomics) 48M->23M(57M) 8.674ms
[2026-06-17T10:01:28.646+0800][26.273s][info][gc,cpu         ] GC(999) User=0.01s Sys=0.00s Real=0.01s
[2026-06-17T10:01:28.657+0800][26.285s][info][gc,start       ] GC(1000) Pause Young (Allocation Failure)
[2026-06-17T10:01:28.658+0800][26.286s][info][gc,heap        ] GC(1000) PSYoungGen: 7119K(14336K)->7147K(14336K) Eden: 7119K(7168K)->0K(7168K) From: 0K(7168K)->7147K(7168K)
[2026-06-17T10:01:28.659+0800][26.286s][info][gc,heap        ] GC(1000) ParOldGen: 23728K(44032K)->23787K(44032K)
[2026-06-17T10:01:28.659+0800][26.287s][info][gc,metaspace   ] GC(1000) Metaspace: 113K(320K)->113K(320K) NonClass: 105K(192K)->105K(192K) Class: 7K(128K)->7K(128K)
[2026-06-17T10:01:28.659+0800][26.287s][info][gc             ] GC(1000) Pause Young (Allocation Failure) 30M->30M(57M) 2.172ms
[2026-06-17T10:01:28.659+0800][26.287s][info][gc,cpu         ] GC(1000) User=0.00s Sys=0.00s Real=0.00s
[2026-06-17T10:01:28.681+0800][26.308s][info][gc,start       ] GC(1001) Pause Young (Allocation Failure)
[2026-06-17T10:01:28.682+0800][26.310s][info][gc,heap        ] GC(1001) PSYoungGen: 14275K(14336K)->2393K(14336K) Eden: 7128K(7168K)->0K(7168K) From: 7147K(7168K)->2393K(7168K)
[2026-06-17T10:01:28.683+0800][26.310s][info][gc,heap        ] GC(1001) ParOldGen: 23787K(44032K)->28362K(44032K)
[2026-06-17T10:01:28.683+0800][26.311s][info][gc,metaspace   ] GC(1001) Metaspace: 113K(320K)->113K(320K) NonClass: 105K(192K)->105K(192K) Class: 7K(128K)->7K(128K)
[2026-06-17T10:01:28.683+0800][26.311s][info][gc             ] GC(1001) Pause Young (Allocation Failure) 37M->30M(57M) 2.741ms
[2026-06-17T10:01:28.684+0800][26.311s][info][gc,cpu         ] GC(1001) User=0.00s Sys=0.00s Real=0.01s
[2026-06-17T10:01:28.705+0800][26.333s][info][gc,start       ] GC(1002) Pause Young (Allocation Failure)
[2026-06-17T10:01:28.708+0800][26.335s][info][gc,heap        ] GC(1002) PSYoungGen: 9537K(14336K)->2782K(14336K) Eden: 7144K(7168K)->0K(7168K) From: 2393K(7168K)->2782K(7168K)
[2026-06-17T10:01:28.708+0800][26.336s][info][gc,heap        ] GC(1002) ParOldGen: 28362K(44032K)->28362K(44032K)
[2026-06-17T10:01:28.709+0800][26.336s][info][gc,metaspace   ] GC(1002) Metaspace: 113K(320K)->113K(320K) NonClass: 105K(192K)->105K(192K) Class: 7K(128K)->7K(128K)
[2026-06-17T10:01:28.709+0800][26.337s][info][gc             ] GC(1002) Pause Young (Allocation Failure) 37M->30M(57M) 3.813ms
[2026-06-17T10:01:28.710+0800][26.337s][info][gc,cpu         ] GC(1002) User=0.00s Sys=0.00s Real=0.00s
[2026-06-17T10:01:28.722+0800][26.350s][info][gc,start       ] GC(1003) Pause Young (Allocation Failure)
[2026-06-17T10:01:28.723+0800][26.351s][info][gc,heap        ] GC(1003) PSYoungGen: 9861K(14336K)->672K(14336K) Eden: 7079K(7168K)->0K(7168K) From: 2782K(7168K)->672K(7168K)
[2026-06-17T10:01:28.724+0800][26.352s][info][gc,heap        ] GC(1003) ParOldGen: 28362K(44032K)->30271K(44032K)
[2026-06-17T10:01:28.725+0800][26.352s][info][gc,metaspace   ] GC(1003) Metaspace: 113K(320K)->113K(320K) NonClass: 105K(192K)->105K(192K) Class: 7K(128K)->7K(128K)
[2026-06-17T10:01:28.725+0800][26.353s][info][gc             ] GC(1003) Pause Young (Allocation Failure) 37M->30M(57M) 3.235ms
[2026-06-17T10:01:28.726+0800][26.353s][info][gc,cpu         ] GC(1003) User=0.01s Sys=0.00s Real=0.01s
[2026-06-17T10:01:28.748+0800][26.375s][info][gc,start       ] GC(1004) Pause Young (Allocation Failure)
[2026-06-17T10:01:28.749+0800][26.377s][info][gc,heap        ] GC(1004) PSYoungGen: 7787K(14336K)->3908K(14336K) Eden: 7115K(7168K)->0K(7168K) From: 672K(7168K)->3908K(7168K)
[2026-06-17T10:01:28.749+0800][26.377s][info][gc,heap        ] GC(1004) ParOldGen: 30271K(44032K)->30919K(44032K)
[2026-06-17T10:01:28.750+0800][26.377s][info][gc,metaspace   ] GC(1004) Metaspace: 113K(320K)->113K(320K) NonClass: 105K(192K)->105K(192K) Class: 7K(128K)->7K(128K)
[2026-06-17T10:01:28.750+0800][26.378s][info][gc             ] GC(1004) Pause Young (Allocation Failure) 37M->34M(57M) 2.485ms
[2026-06-17T10:01:28.750+0800][26.378s][info][gc,cpu         ] GC(1004) User=0.00s Sys=0.00s Real=0.01s
[2026-06-17T10:01:28.763+0800][26.391s][info][gc,start       ] GC(1005) Pause Young (Allocation Failure)
[2026-06-17T10:01:28.764+0800][26.392s][info][gc,heap        ] GC(1005) PSYoungGen: 10885K(14336K)->2572K(14336K) Eden: 6976K(7168K)->0K(7168K) From: 3908K(7168K)->2572K(7168K)
[2026-06-17T10:01:28.765+0800][26.393s][info][gc,heap        ] GC(1005) ParOldGen: 30919K(44032K)->32467K(44032K)
[2026-06-17T10:01:28.765+0800][26.393s][info][gc,metaspace   ] GC(1005) Metaspace: 113K(320K)->113K(320K) NonClass: 105K(192K)->105K(192K) Class: 7K(128K)->7K(128K)
[2026-06-17T10:01:28.766+0800][26.393s][info][gc             ] GC(1005) Pause Young (Allocation Failure) 40M->34M(57M) 2.767ms
[2026-06-17T10:01:28.766+0800][26.394s][info][gc,cpu         ] GC(1005) User=0.00s Sys=0.00s Real=0.00s
[2026-06-17T10:01:28.799+0800][26.426s][info][gc,start       ] GC(1006) Pause Young (Allocation Failure)
[2026-06-17T10:01:28.800+0800][26.428s][info][gc,heap        ] GC(1006) PSYoungGen: 9708K(14336K)->399K(14336K) Eden: 7135K(7168K)->0K(7168K) From: 2572K(7168K)->399K(7168K)
[2026-06-17T10:01:28.801+0800][26.429s][info][gc,heap        ] GC(1006) ParOldGen: 32467K(44032K)->35015K(44032K)
[2026-06-17T10:01:28.802+0800][26.429s][info][gc,metaspace   ] GC(1006) Metaspace: 113K(320K)->113K(320K) NonClass: 105K(192K)->105K(192K) Class: 7K(128K)->7K(128K)
[2026-06-17T10:01:28.802+0800][26.430s][info][gc             ] GC(1006) Pause Young (Allocation Failure) 41M->34M(57M) 3.428ms
[2026-06-17T10:01:28.803+0800][26.430s][info][gc,cpu         ] GC(1006) User=0.00s Sys=0.00s Real=0.01s
[2026-06-17T10:01:28.814+0800][26.442s][info][gc,start       ] GC(1007) Pause Young (Allocation Failure)
[2026-06-17T10:01:28.816+0800][26.444s][info][gc,heap        ] GC(1007) PSYoungGen: 7543K(14336K)->3643K(14336K) Eden: 7144K(7168K)->0K(7168K) From: 399K(7168K)->3643K(7168K)
[2026-06-17T10:01:28.817+0800][26.444s][info][gc,heap        ] GC(1007) ParOldGen: 35015K(44032K)->35251K(44032K)
[2026-06-17T10:01:28.817+0800][26.445s][info][gc,metaspace   ] GC(1007) Metaspace: 113K(320K)->113K(320K) NonClass: 105K(192K)->105K(192K) Class: 7K(128K)->7K(128K)
[2026-06-17T10:01:28.818+0800][26.445s][info][gc             ] GC(1007) Pause Young (Allocation Failure) 41M->37M(57M) 3.300ms
[2026-06-17T10:01:28.818+0800][26.446s][info][gc,cpu         ] GC(1007) User=0.01s Sys=0.00s Real=0.00s
[2026-06-17T10:01:28.840+0800][26.468s][info][gc,start       ] GC(1008) Pause Young (Allocation Failure)
[2026-06-17T10:01:28.842+0800][26.470s][info][gc,heap        ] GC(1008) PSYoungGen: 10807K(14336K)->2035K(14336K) Eden: 7164K(7168K)->0K(7168K) From: 3643K(7168K)->2035K(7168K)
[2026-06-17T10:01:28.843+0800][26.471s][info][gc,heap        ] GC(1008) ParOldGen: 35251K(44032K)->37133K(44032K)
[2026-06-17T10:01:28.845+0800][26.473s][info][gc,metaspace   ] GC(1008) Metaspace: 113K(320K)->113K(320K) NonClass: 105K(192K)->105K(192K) Class: 7K(128K)->7K(128K)
[2026-06-17T10:01:28.847+0800][26.475s][info][gc             ] GC(1008) Pause Young (Allocation Failure) 44M->38M(57M) 6.674ms
[2026-06-17T10:01:28.849+0800][26.477s][info][gc,cpu         ] GC(1008) User=0.00s Sys=0.00s Real=0.01s
[2026-06-17T10:01:28.873+0800][26.501s][info][gc,start       ] GC(1009) Pause Young (Allocation Failure)
[2026-06-17T10:01:28.875+0800][26.502s][info][gc,heap        ] GC(1009) PSYoungGen: 9183K(14336K)->2116K(14336K) Eden: 7147K(7168K)->0K(7168K) From: 2035K(7168K)->2116K(7168K)
[2026-06-17T10:01:28.875+0800][26.503s][info][gc,heap        ] GC(1009) ParOldGen: 37133K(44032K)->37133K(44032K)
[2026-06-17T10:01:28.876+0800][26.503s][info][gc,metaspace   ] GC(1009) Metaspace: 113K(320K)->113K(320K) NonClass: 105K(192K)->105K(192K) Class: 7K(128K)->7K(128K)
[2026-06-17T10:01:28.876+0800][26.504s][info][gc             ] GC(1009) Pause Young (Allocation Failure) 45M->38M(57M) 3.262ms
[2026-06-17T10:01:28.877+0800][26.505s][info][gc,cpu         ] GC(1009) User=0.00s Sys=0.00s Real=0.00s
[2026-06-17T10:01:28.889+0800][26.517s][info][gc,start       ] GC(1010) Pause Young (Allocation Failure)
[2026-06-17T10:01:28.891+0800][26.519s][info][gc,heap        ] GC(1010) PSYoungGen: 9221K(14336K)->231K(14336K) Eden: 7105K(7168K)->0K(7168K) From: 2116K(7168K)->231K(7168K)
[2026-06-17T10:01:28.892+0800][26.519s][info][gc,heap        ] GC(1010) ParOldGen: 37133K(44032K)->38615K(44032K)
[2026-06-17T10:01:28.892+0800][26.520s][info][gc,metaspace   ] GC(1010) Metaspace: 113K(320K)->113K(320K) NonClass: 105K(192K)->105K(192K) Class: 7K(128K)->7K(128K)
[2026-06-17T10:01:28.893+0800][26.520s][info][gc             ] GC(1010) Pause Young (Allocation Failure) 45M->37M(57M) 3.561ms
[2026-06-17T10:01:28.893+0800][26.521s][info][gc,cpu         ] GC(1010) User=0.00s Sys=0.00s Real=0.01s
[2026-06-17T10:01:28.916+0800][26.543s][info][gc,start       ] GC(1011) Pause Young (Allocation Failure)
[2026-06-17T10:01:28.918+0800][26.545s][info][gc,heap        ] GC(1011) PSYoungGen: 7386K(14336K)->3591K(14336K) Eden: 7155K(7168K)->0K(7168K) From: 231K(7168K)->3591K(7168K)
[2026-06-17T10:01:28.918+0800][26.546s][info][gc,heap        ] GC(1011) ParOldGen: 38615K(44032K)->38822K(44032K)
[2026-06-17T10:01:28.919+0800][26.547s][info][gc,metaspace   ] GC(1011) Metaspace: 113K(320K)->113K(320K) NonClass: 105K(192K)->105K(192K) Class: 7K(128K)->7K(128K)
[2026-06-17T10:01:28.919+0800][26.547s][info][gc             ] GC(1011) Pause Young (Allocation Failure) 44M->41M(57M) 3.508ms
[2026-06-17T10:01:28.920+0800][26.547s][info][gc,cpu         ] GC(1011) User=0.01s Sys=0.00s Real=0.00s
[2026-06-17T10:01:28.942+0800][26.570s][info][gc,start       ] GC(1012) Pause Young (Allocation Failure)
[2026-06-17T10:01:28.944+0800][26.572s][info][gc,heap        ] GC(1012) PSYoungGen: 10718K(14336K)->2450K(14336K) Eden: 7126K(7168K)->0K(7168K) From: 3591K(7168K)->2450K(7168K)
[2026-06-17T10:01:28.944+0800][26.572s][info][gc,heap        ] GC(1012) ParOldGen: 38822K(44032K)->40244K(44032K)
[2026-06-17T10:01:28.945+0800][26.573s][info][gc,metaspace   ] GC(1012) Metaspace: 113K(320K)->113K(320K) NonClass: 105K(192K)->105K(192K) Class: 7K(128K)->7K(128K)
[2026-06-17T10:01:28.945+0800][26.573s][info][gc             ] GC(1012) Pause Young (Allocation Failure) 48M->41M(57M) 3.207ms
[2026-06-17T10:01:28.946+0800][26.573s][info][gc,cpu         ] GC(1012) User=0.00s Sys=0.00s Real=0.01s
[2026-06-17T10:01:28.968+0800][26.595s][info][gc,start       ] GC(1013) Pause Full (Ergonomics)
[2026-06-17T10:01:28.968+0800][26.596s][info][gc,phases,start] GC(1013) Marking Phase
[2026-06-17T10:01:28.972+0800][26.599s][info][gc,phases      ] GC(1013) Marking Phase 3.437ms
[2026-06-17T10:01:28.972+0800][26.600s][info][gc,phases,start] GC(1013) Summary Phase
[2026-06-17T10:01:28.973+0800][26.601s][info][gc,phases      ] GC(1013) Summary Phase 0.664ms
[2026-06-17T10:01:28.974+0800][26.601s][info][gc,phases,start] GC(1013) Adjust Roots
[2026-06-17T10:01:28.974+0800][26.602s][info][gc,phases      ] GC(1013) Adjust Roots 0.713ms
[2026-06-17T10:01:28.975+0800][26.602s][info][gc,phases,start] GC(1013) Compaction Phase
[2026-06-17T10:01:28.977+0800][26.604s][info][gc,phases      ] GC(1013) Compaction Phase 2.052ms
[2026-06-17T10:01:28.977+0800][26.605s][info][gc,phases,start] GC(1013) Post Compact
[2026-06-17T10:01:28.978+0800][26.606s][info][gc,phases      ] GC(1013) Post Compact 0.483ms
[2026-06-17T10:01:28.978+0800][26.606s][info][gc,heap        ] GC(1013) PSYoungGen: 9607K(14336K)->0K(14848K) Eden: 7157K(7168K)->0K(8192K) From: 2450K(7168K)->0K(6656K)
[2026-06-17T10:01:28.979+0800][26.606s][info][gc,heap        ] GC(1013) ParOldGen: 40244K(44032K)->20907K(44032K)
[2026-06-17T10:01:28.979+0800][26.607s][info][gc,metaspace   ] GC(1013) Metaspace: 113K(320K)->113K(320K) NonClass: 105K(192K)->105K(192K) Class: 7K(128K)->7K(128K)
[2026-06-17T10:01:28.979+0800][26.607s][info][gc             ] GC(1013) Pause Full (Ergonomics) 48M->20M(57M) 11.500ms
[2026-06-17T10:01:28.979+0800][26.607s][info][gc,cpu         ] GC(1013) User=0.01s Sys=0.00s Real=0.01s
[2026-06-17T10:01:28.991+0800][26.618s][info][gc,start       ] GC(1014) Pause Young (Allocation Failure)
[2026-06-17T10:01:28.992+0800][26.620s][info][gc,heap        ] GC(1014) PSYoungGen: 8163K(14848K)->6550K(14848K) Eden: 8163K(8192K)->0K(8192K) From: 0K(6656K)->6550K(6656K)
[2026-06-17T10:01:28.993+0800][26.620s][info][gc,heap        ] GC(1014) ParOldGen: 20907K(44032K)->22609K(44032K)
[2026-06-17T10:01:28.993+0800][26.621s][info][gc,metaspace   ] GC(1014) Metaspace: 113K(320K)->113K(320K) NonClass: 105K(192K)->105K(192K) Class: 7K(128K)->7K(128K)
[2026-06-17T10:01:28.993+0800][26.621s][info][gc             ] GC(1014) Pause Young (Allocation Failure) 28M->28M(57M) 2.615ms
[2026-06-17T10:01:28.994+0800][26.621s][info][gc,cpu         ] GC(1014) User=0.00s Sys=0.00s Real=0.00s
[2026-06-17T10:01:29.015+0800][26.643s][info][gc,start       ] GC(1015) Pause Young (Allocation Failure)
[2026-06-17T10:01:29.017+0800][26.645s][info][gc,heap        ] GC(1015) PSYoungGen: 14604K(14848K)->1127K(13824K) Eden: 8054K(8192K)->0K(7168K) From: 6550K(6656K)->1127K(6656K)
[2026-06-17T10:01:29.018+0800][26.646s][info][gc,heap        ] GC(1015) ParOldGen: 22609K(44032K)->25763K(44032K)
[2026-06-17T10:01:29.019+0800][26.646s][info][gc,metaspace   ] GC(1015) Metaspace: 113K(320K)->113K(320K) NonClass: 105K(192K)->105K(192K) Class: 7K(128K)->7K(128K)
[2026-06-17T10:01:29.019+0800][26.647s][info][gc             ] GC(1015) Pause Young (Allocation Failure) 36M->26M(56M) 3.765ms
[2026-06-17T10:01:29.020+0800][26.648s][info][gc,cpu         ] GC(1015) User=0.01s Sys=0.00s Real=0.00s
[2026-06-17T10:01:29.042+0800][26.670s][info][gc,start       ] GC(1016) Pause Young (Allocation Failure)
[2026-06-17T10:01:29.044+0800][26.672s][info][gc,heap        ] GC(1016) PSYoungGen: 8277K(13824K)->4178K(14336K) Eden: 7150K(7168K)->0K(7168K) From: 1127K(6656K)->4178K(7168K)
[2026-06-17T10:01:29.045+0800][26.673s][info][gc,heap        ] GC(1016) ParOldGen: 25763K(44032K)->26866K(44032K)
[2026-06-17T10:01:29.046+0800][26.673s][info][gc,metaspace   ] GC(1016) Metaspace: 113K(320K)->113K(320K) NonClass: 105K(192K)->105K(192K) Class: 7K(128K)->7K(128K)
[2026-06-17T10:01:29.046+0800][26.674s][info][gc             ] GC(1016) Pause Young (Allocation Failure) 33M->30M(57M) 3.982ms
[2026-06-17T10:01:29.047+0800][26.675s][info][gc,cpu         ] GC(1016) User=0.00s Sys=0.00s Real=0.01s
[2026-06-17T10:01:29.070+0800][26.698s][info][gc,start       ] GC(1017) Pause Young (Allocation Failure)
[2026-06-17T10:01:29.072+0800][26.700s][info][gc,heap        ] GC(1017) PSYoungGen: 11346K(14336K)->3045K(14336K) Eden: 7168K(7168K)->0K(7168K) From: 4178K(7168K)->3045K(7168K)
[2026-06-17T10:01:29.073+0800][26.700s][info][gc,heap        ] GC(1017) ParOldGen: 26866K(44032K)->28477K(44032K)
[2026-06-17T10:01:29.073+0800][26.701s][info][gc,metaspace   ] GC(1017) Metaspace: 113K(320K)->113K(320K) NonClass: 105K(192K)->105K(192K) Class: 7K(128K)->7K(128K)
[2026-06-17T10:01:29.074+0800][26.701s][info][gc             ] GC(1017) Pause Young (Allocation Failure) 37M->30M(57M) 3.649ms
[2026-06-17T10:01:29.074+0800][26.702s][info][gc,cpu         ] GC(1017) User=0.00s Sys=0.00s Real=0.01s
[2026-06-17T10:01:29.097+0800][26.724s][info][gc,start       ] GC(1018) Pause Young (Allocation Failure)
[2026-06-17T10:01:29.098+0800][26.726s][info][gc,heap        ] GC(1018) PSYoungGen: 10180K(14336K)->824K(14336K) Eden: 7134K(7168K)->0K(7168K) From: 3045K(7168K)->824K(7168K)
[2026-06-17T10:01:29.099+0800][26.727s][info][gc,heap        ] GC(1018) ParOldGen: 28477K(44032K)->30735K(44032K)
[2026-06-17T10:01:29.100+0800][26.727s][info][gc,metaspace   ] GC(1018) Metaspace: 113K(320K)->113K(320K) NonClass: 105K(192K)->105K(192K) Class: 7K(128K)->7K(128K)
[2026-06-17T10:01:29.100+0800][26.728s][info][gc             ] GC(1018) Pause Young (Allocation Failure) 37M->30M(57M) 3.819ms
[2026-06-17T10:01:29.101+0800][26.729s][info][gc,cpu         ] GC(1018) User=0.01s Sys=0.00s Real=0.00s
[2026-06-17T10:01:29.113+0800][26.741s][info][gc,start       ] GC(1019) Pause Young (Allocation Failure)
[2026-06-17T10:01:29.115+0800][26.743s][info][gc,heap        ] GC(1019) PSYoungGen: 7982K(14336K)->4386K(14336K) Eden: 7158K(7168K)->0K(7168K) From: 824K(7168K)->4386K(7168K)
[2026-06-17T10:01:29.116+0800][26.743s][info][gc,heap        ] GC(1019) ParOldGen: 30735K(44032K)->30735K(44032K)
[2026-06-17T10:01:29.117+0800][26.744s][info][gc,metaspace   ] GC(1019) Metaspace: 113K(320K)->113K(320K) NonClass: 105K(192K)->105K(192K) Class: 7K(128K)->7K(128K)
[2026-06-17T10:01:29.118+0800][26.745s][info][gc             ] GC(1019) Pause Young (Allocation Failure) 37M->34M(57M) 4.530ms
[2026-06-17T10:01:29.119+0800][26.746s][info][gc,cpu         ] GC(1019) User=0.00s Sys=0.00s Real=0.00s
[2026-06-17T10:01:29.141+0800][26.768s][info][gc,start       ] GC(1020) Pause Young (Allocation Failure)
[2026-06-17T10:01:29.143+0800][26.770s][info][gc,heap        ] GC(1020) PSYoungGen: 11542K(14336K)->2894K(14336K) Eden: 7156K(7168K)->0K(7168K) From: 4386K(7168K)->2894K(7168K)
[2026-06-17T10:01:29.143+0800][26.771s][info][gc,heap        ] GC(1020) ParOldGen: 30735K(44032K)->32526K(44032K)
[2026-06-17T10:01:29.144+0800][26.771s][info][gc,metaspace   ] GC(1020) Metaspace: 113K(320K)->113K(320K) NonClass: 105K(192K)->105K(192K) Class: 7K(128K)->7K(128K)
[2026-06-17T10:01:29.144+0800][26.772s][info][gc             ] GC(1020) Pause Young (Allocation Failure) 41M->34M(57M) 3.257ms
[2026-06-17T10:01:29.144+0800][26.772s][info][gc,cpu         ] GC(1020) User=0.00s Sys=0.01s Real=0.01s
[2026-06-17T10:01:29.166+0800][26.794s][info][gc,start       ] GC(1021) Pause Young (Allocation Failure)
[2026-06-17T10:01:29.168+0800][26.796s][info][gc,heap        ] GC(1021) PSYoungGen: 10043K(14336K)->3072K(14848K) Eden: 7148K(7168K)->0K(7680K) From: 2894K(7168K)->3072K(7168K)
[2026-06-17T10:01:29.169+0800][26.796s][info][gc,heap        ] GC(1021) ParOldGen: 32526K(44032K)->32526K(44032K)
[2026-06-17T10:01:29.169+0800][26.797s][info][gc,metaspace   ] GC(1021) Metaspace: 113K(320K)->113K(320K) NonClass: 105K(192K)->105K(192K) Class: 7K(128K)->7K(128K)
[2026-06-17T10:01:29.170+0800][26.797s][info][gc             ] GC(1021) Pause Young (Allocation Failure) 41M->34M(57M) 3.524ms
[2026-06-17T10:01:29.170+0800][26.798s][info][gc,cpu         ] GC(1021) User=0.00s Sys=0.00s Real=0.00s
[2026-06-17T10:01:29.192+0800][26.820s][info][gc,start       ] GC(1022) Pause Young (Allocation Failure)
[2026-06-17T10:01:29.195+0800][26.823s][info][gc,heap        ] GC(1022) PSYoungGen: 10729K(14848K)->1893K(14336K) Eden: 7656K(7680K)->0K(7680K) From: 3072K(7168K)->1893K(6656K)
[2026-06-17T10:01:29.196+0800][26.824s][info][gc,heap        ] GC(1022) ParOldGen: 32526K(44032K)->34374K(44032K)
[2026-06-17T10:01:29.199+0800][26.826s][info][gc,metaspace   ] GC(1022) Metaspace: 113K(320K)->113K(320K) NonClass: 105K(192K)->105K(192K) Class: 7K(128K)->7K(128K)
[2026-06-17T10:01:29.200+0800][26.828s][info][gc             ] GC(1022) Pause Young (Allocation Failure) 42M->35M(57M) 7.910ms
[2026-06-17T10:01:29.202+0800][26.830s][info][gc,cpu         ] GC(1022) User=0.00s Sys=0.00s Real=0.00s
[2026-06-17T10:01:29.225+0800][26.853s][info][gc,start       ] GC(1023) Pause Young (Allocation Failure)
[2026-06-17T10:01:29.226+0800][26.854s][info][gc,heap        ] GC(1023) PSYoungGen: 9548K(14336K)->706K(14848K) Eden: 7655K(7680K)->0K(8192K) From: 1893K(6656K)->706K(6656K)
[2026-06-17T10:01:29.227+0800][26.854s][info][gc,heap        ] GC(1023) ParOldGen: 34374K(44032K)->36121K(44032K)
[2026-06-17T10:01:29.227+0800][26.855s][info][gc,metaspace   ] GC(1023) Metaspace: 113K(320K)->113K(320K) NonClass: 105K(192K)->105K(192K) Class: 7K(128K)->7K(128K)
[2026-06-17T10:01:29.227+0800][26.855s][info][gc             ] GC(1023) Pause Young (Allocation Failure) 42M->35M(57M) 2.286ms
[2026-06-17T10:01:29.228+0800][26.856s][info][gc,cpu         ] GC(1023) User=0.00s Sys=0.00s Real=0.00s
[2026-06-17T10:01:29.240+0800][26.867s][info][gc,start       ] GC(1024) Pause Young (Allocation Failure)
[2026-06-17T10:01:29.241+0800][26.869s][info][gc,heap        ] GC(1024) PSYoungGen: 8872K(14848K)->5242K(13824K) Eden: 8166K(8192K)->0K(8192K) From: 706K(6656K)->5242K(5632K)
[2026-06-17T10:01:29.241+0800][26.869s][info][gc,heap        ] GC(1024) ParOldGen: 36121K(44032K)->36121K(44032K)
[2026-06-17T10:01:29.242+0800][26.869s][info][gc,metaspace   ] GC(1024) Metaspace: 113K(320K)->113K(320K) NonClass: 105K(192K)->105K(192K) Class: 7K(128K)->7K(128K)
[2026-06-17T10:01:29.242+0800][26.870s][info][gc             ] GC(1024) Pause Young (Allocation Failure) 43M->40M(56M) 2.594ms
[2026-06-17T10:01:29.243+0800][26.870s][info][gc,cpu         ] GC(1024) User=0.00s Sys=0.00s Real=0.01s
[2026-06-17T10:01:29.265+0800][26.892s][info][gc,start       ] GC(1025) Pause Young (Allocation Failure)
[2026-06-17T10:01:29.267+0800][26.894s][info][gc,heap        ] GC(1025) PSYoungGen: 13316K(13824K)->3210K(14848K) Eden: 8074K(8192K)->0K(7680K) From: 5242K(5632K)->3210K(7168K)
[2026-06-17T10:01:29.267+0800][26.895s][info][gc,heap        ] GC(1025) ParOldGen: 36121K(44032K)->36121K(44032K)
[2026-06-17T10:01:29.268+0800][26.896s][info][gc,metaspace   ] GC(1025) Metaspace: 113K(320K)->113K(320K) NonClass: 105K(192K)->105K(192K) Class: 7K(128K)->7K(128K)
[2026-06-17T10:01:29.271+0800][26.899s][info][gc             ] GC(1025) Pause Young (Allocation Failure) 48M->38M(57M) 6.180ms
[2026-06-17T10:01:29.272+0800][26.899s][info][gc,cpu         ] GC(1025) User=0.00s Sys=0.00s Real=0.01s
[2026-06-17T10:01:29.294+0800][26.922s][info][gc,start       ] GC(1026) Pause Young (Allocation Failure)
[2026-06-17T10:01:29.296+0800][26.924s][info][gc,heap        ] GC(1026) PSYoungGen: 10869K(14848K)->4637K(14336K) Eden: 7659K(7680K)->0K(7680K) From: 3210K(7168K)->4637K(6656K)
[2026-06-17T10:01:29.297+0800][26.924s][info][gc,heap        ] GC(1026) ParOldGen: 36121K(44032K)->38951K(44032K)
[2026-06-17T10:01:29.297+0800][26.925s][info][gc,metaspace   ] GC(1026) Metaspace: 113K(320K)->113K(320K) NonClass: 105K(192K)->105K(192K) Class: 7K(128K)->7K(128K)
[2026-06-17T10:01:29.298+0800][26.926s][info][gc             ] GC(1026) Pause Young (Allocation Failure) 45M->42M(57M) 4.138ms
[2026-06-17T10:01:29.299+0800][26.926s][info][gc,cpu         ] GC(1026) User=0.00s Sys=0.00s Real=0.00s
[2026-06-17T10:01:29.321+0800][26.949s][info][gc,start       ] GC(1027) Pause Young (Allocation Failure)
[2026-06-17T10:01:29.323+0800][26.951s][info][gc,heap        ] GC(1027) PSYoungGen: 12304K(14336K)->4831K(14336K) Eden: 7666K(7680K)->0K(7168K) From: 4637K(6656K)->4831K(7168K)
[2026-06-17T10:01:29.324+0800][26.952s][info][gc,heap        ] GC(1027) ParOldGen: 38951K(44032K)->39315K(44032K)
[2026-06-17T10:01:29.325+0800][26.952s][info][gc,metaspace   ] GC(1027) Metaspace: 113K(320K)->113K(320K) NonClass: 105K(192K)->105K(192K) Class: 7K(128K)->7K(128K)
[2026-06-17T10:01:29.325+0800][26.953s][info][gc             ] GC(1027) Pause Young (Allocation Failure) 50M->43M(57M) 3.980ms
[2026-06-17T10:01:29.326+0800][26.954s][info][gc,cpu         ] GC(1027) User=0.01s Sys=0.00s Real=0.01s
[2026-06-17T10:01:29.347+0800][26.975s][info][gc,start       ] GC(1028) Pause Young (Allocation Failure)
[2026-06-17T10:01:29.349+0800][26.977s][info][gc,heap        ] GC(1028) PSYoungGen: 11981K(14336K)->3121K(14336K) Eden: 7149K(7168K)->0K(7168K) From: 4831K(7168K)->3121K(7168K)
[2026-06-17T10:01:29.350+0800][26.977s][info][gc,heap        ] GC(1028) ParOldGen: 39315K(44032K)->40921K(44032K)
[2026-06-17T10:01:29.350+0800][26.978s][info][gc,metaspace   ] GC(1028) Metaspace: 113K(320K)->113K(320K) NonClass: 105K(192K)->105K(192K) Class: 7K(128K)->7K(128K)
[2026-06-17T10:01:29.351+0800][26.978s][info][gc             ] GC(1028) Pause Young (Allocation Failure) 50M->43M(57M) 3.226ms
[2026-06-17T10:01:29.351+0800][26.979s][info][gc,cpu         ] GC(1028) User=0.00s Sys=0.00s Real=0.01s
[2026-06-17T10:01:29.363+0800][26.990s][info][gc,start       ] GC(1029) Pause Full (Ergonomics)
[2026-06-17T10:01:29.364+0800][26.991s][info][gc,phases,start] GC(1029) Marking Phase
[2026-06-17T10:01:29.368+0800][26.996s][info][gc,phases      ] GC(1029) Marking Phase 4.336ms
[2026-06-17T10:01:29.369+0800][26.997s][info][gc,phases,start] GC(1029) Summary Phase
[2026-06-17T10:01:29.371+0800][26.999s][info][gc,phases      ] GC(1029) Summary Phase 1.943ms
[2026-06-17T10:01:29.373+0800][27.001s][info][gc,phases,start] GC(1029) Adjust Roots
[2026-06-17T10:01:29.375+0800][27.002s][info][gc,phases      ] GC(1029) Adjust Roots 1.660ms
[2026-06-17T10:01:29.376+0800][27.003s][info][gc,phases,start] GC(1029) Compaction Phase
[2026-06-17T10:01:29.379+0800][27.006s][info][gc,phases      ] GC(1029) Compaction Phase 2.787ms
[2026-06-17T10:01:29.379+0800][27.007s][info][gc,phases,start] GC(1029) Post Compact
[2026-06-17T10:01:29.379+0800][27.007s][info][gc,phases      ] GC(1029) Post Compact 0.436ms
[2026-06-17T10:01:29.380+0800][27.008s][info][gc,heap        ] GC(1029) PSYoungGen: 10279K(14336K)->0K(14336K) Eden: 7157K(7168K)->0K(7168K) From: 3121K(7168K)->0K(7168K)
[2026-06-17T10:01:29.381+0800][27.008s][info][gc,heap        ] GC(1029) ParOldGen: 40921K(44032K)->25525K(44032K)
[2026-06-17T10:01:29.381+0800][27.009s][info][gc,metaspace   ] GC(1029) Metaspace: 113K(320K)->113K(320K) NonClass: 105K(192K)->105K(192K) Class: 7K(128K)->7K(128K)
[2026-06-17T10:01:29.381+0800][27.009s][info][gc             ] GC(1029) Pause Full (Ergonomics) 50M->24M(57M) 18.786ms
[2026-06-17T10:01:29.382+0800][27.010s][info][gc,cpu         ] GC(1029) User=0.00s Sys=0.00s Real=0.01s
[2026-06-17T10:01:29.404+0800][27.032s][info][gc,start       ] GC(1030) Pause Young (Allocation Failure)
[2026-06-17T10:01:29.406+0800][27.033s][info][gc,heap        ] GC(1030) PSYoungGen: 7119K(14336K)->3321K(14336K) Eden: 7119K(7168K)->0K(7168K) From: 0K(7168K)->3321K(7168K)
[2026-06-17T10:01:29.406+0800][27.034s][info][gc,heap        ] GC(1030) ParOldGen: 25525K(44032K)->25525K(44032K)
[2026-06-17T10:01:29.407+0800][27.035s][info][gc,metaspace   ] GC(1030) Metaspace: 113K(320K)->113K(320K) NonClass: 105K(192K)->105K(192K) Class: 7K(128K)->7K(128K)
[2026-06-17T10:01:29.407+0800][27.035s][info][gc             ] GC(1030) Pause Young (Allocation Failure) 31M->28M(57M) 3.629ms
[2026-06-17T10:01:29.408+0800][27.036s][info][gc,cpu         ] GC(1030) User=0.00s Sys=0.00s Real=0.00s
[2026-06-17T10:01:29.430+0800][27.057s][info][gc,start       ] GC(1031) Pause Young (Allocation Failure)
[2026-06-17T10:01:29.432+0800][27.059s][info][gc,heap        ] GC(1031) PSYoungGen: 10489K(14336K)->3659K(14848K) Eden: 7168K(7168K)->0K(8192K) From: 3321K(7168K)->3659K(6656K)
[2026-06-17T10:01:29.432+0800][27.060s][info][gc,heap        ] GC(1031) ParOldGen: 25525K(44032K)->25525K(44032K)
[2026-06-17T10:01:29.433+0800][27.060s][info][gc,metaspace   ] GC(1031) Metaspace: 113K(320K)->113K(320K) NonClass: 105K(192K)->105K(192K) Class: 7K(128K)->7K(128K)
[2026-06-17T10:01:29.433+0800][27.061s][info][gc             ] GC(1031) Pause Young (Allocation Failure) 35M->28M(57M) 3.400ms
[2026-06-17T10:01:29.434+0800][27.061s][info][gc,cpu         ] GC(1031) User=0.00s Sys=0.00s Real=0.01s
[2026-06-17T10:01:29.456+0800][27.084s][info][gc,start       ] GC(1032) Pause Young (Allocation Failure)
[2026-06-17T10:01:29.458+0800][27.086s][info][gc,heap        ] GC(1032) PSYoungGen: 11799K(14848K)->5106K(14848K) Eden: 8140K(8192K)->0K(8192K) From: 3659K(6656K)->5106K(6656K)
[2026-06-17T10:01:29.459+0800][27.086s][info][gc,heap        ] GC(1032) ParOldGen: 25525K(44032K)->25525K(44032K)
[2026-06-17T10:01:29.459+0800][27.087s][info][gc,metaspace   ] GC(1032) Metaspace: 113K(320K)->113K(320K) NonClass: 105K(192K)->105K(192K) Class: 7K(128K)->7K(128K)
[2026-06-17T10:01:29.460+0800][27.087s][info][gc             ] GC(1032) Pause Young (Allocation Failure) 36M->29M(57M) 3.721ms
[2026-06-17T10:01:29.460+0800][27.088s][info][gc,cpu         ] GC(1032) User=0.00s Sys=0.00s Real=0.00s
[2026-06-17T10:01:29.483+0800][27.110s][info][gc,start       ] GC(1033) Pause Young (Allocation Failure)
[2026-06-17T10:01:29.485+0800][27.112s][info][gc,heap        ] GC(1033) PSYoungGen: 13250K(14848K)->6602K(13824K) Eden: 8144K(8192K)->0K(7168K) From: 5106K(6656K)->6602K(6656K)
[2026-06-17T10:01:29.485+0800][27.113s][info][gc,heap        ] GC(1033) ParOldGen: 25525K(44032K)->25525K(44032K)
[2026-06-17T10:01:29.486+0800][27.113s][info][gc,metaspace   ] GC(1033) Metaspace: 113K(320K)->113K(320K) NonClass: 105K(192K)->105K(192K) Class: 7K(128K)->7K(128K)
[2026-06-17T10:01:29.486+0800][27.114s][info][gc             ] GC(1033) Pause Young (Allocation Failure) 37M->31M(56M) 3.554ms
[2026-06-17T10:01:29.487+0800][27.114s][info][gc,cpu         ] GC(1033) User=0.00s Sys=0.00s Real=0.00s
[2026-06-17T10:01:29.499+0800][27.126s][info][gc,start       ] GC(1034) Pause Young (Allocation Failure)
[2026-06-17T10:01:29.500+0800][27.128s][info][gc,heap        ] GC(1034) PSYoungGen: 13770K(13824K)->7165K(14336K) Eden: 7167K(7168K)->0K(7168K) From: 6602K(6656K)->7165K(7168K)
[2026-06-17T10:01:29.501+0800][27.129s][info][gc,heap        ] GC(1034) ParOldGen: 25525K(44032K)->28550K(44032K)
[2026-06-17T10:01:29.502+0800][27.130s][info][gc,metaspace   ] GC(1034) Metaspace: 113K(320K)->113K(320K) NonClass: 105K(192K)->105K(192K) Class: 7K(128K)->7K(128K)
[2026-06-17T10:01:29.502+0800][27.130s][info][gc             ] GC(1034) Pause Young (Allocation Failure) 38M->34M(57M) 3.562ms
[2026-06-17T10:01:29.503+0800][27.130s][info][gc,cpu         ] GC(1034) User=0.01s Sys=0.00s Real=0.01s
[2026-06-17T10:01:29.524+0800][27.152s][info][gc,start       ] GC(1035) Pause Young (Allocation Failure)
[2026-06-17T10:01:29.526+0800][27.153s][info][gc,heap        ] GC(1035) PSYoungGen: 14324K(14336K)->5812K(14336K) Eden: 7159K(7168K)->0K(7168K) From: 7165K(7168K)->5812K(7168K)
[2026-06-17T10:01:29.526+0800][27.154s][info][gc,heap        ] GC(1035) ParOldGen: 28550K(44032K)->30601K(44032K)
[2026-06-17T10:01:29.527+0800][27.154s][info][gc,metaspace   ] GC(1035) Metaspace: 113K(320K)->113K(320K) NonClass: 105K(192K)->105K(192K) Class: 7K(128K)->7K(128K)
[2026-06-17T10:01:29.527+0800][27.154s][info][gc             ] GC(1035) Pause Young (Allocation Failure) 41M->35M(57M) 2.632ms
[2026-06-17T10:01:29.527+0800][27.155s][info][gc,cpu         ] GC(1035) User=0.00s Sys=0.00s Real=0.00s
[2026-06-17T10:01:29.548+0800][27.176s][info][gc,start       ] GC(1036) Pause Young (Allocation Failure)
[2026-06-17T10:01:29.550+0800][27.178s][info][gc,heap        ] GC(1036) PSYoungGen: 12945K(14336K)->3378K(14336K) Eden: 7133K(7168K)->0K(7168K) From: 5812K(7168K)->3378K(7168K)
[2026-06-17T10:01:29.550+0800][27.178s][info][gc,heap        ] GC(1036) ParOldGen: 30601K(44032K)->32825K(44032K)
[2026-06-17T10:01:29.551+0800][27.179s][info][gc,metaspace   ] GC(1036) Metaspace: 113K(320K)->113K(320K) NonClass: 105K(192K)->105K(192K) Class: 7K(128K)->7K(128K)
[2026-06-17T10:01:29.551+0800][27.179s][info][gc             ] GC(1036) Pause Young (Allocation Failure) 42M->35M(57M) 2.864ms
[2026-06-17T10:01:29.552+0800][27.179s][info][gc,cpu         ] GC(1036) User=0.00s Sys=0.00s Real=0.01s
[2026-06-17T10:01:29.563+0800][27.191s][info][gc,start       ] GC(1037) Pause Young (Allocation Failure)
[2026-06-17T10:01:29.564+0800][27.192s][info][gc,heap        ] GC(1037) PSYoungGen: 10362K(14336K)->1555K(14336K) Eden: 6984K(7168K)->0K(7168K) From: 3378K(7168K)->1555K(7168K)
[2026-06-17T10:01:29.565+0800][27.193s][info][gc,heap        ] GC(1037) ParOldGen: 32825K(44032K)->34356K(44032K)
[2026-06-17T10:01:29.566+0800][27.193s][info][gc,metaspace   ] GC(1037) Metaspace: 113K(320K)->113K(320K) NonClass: 105K(192K)->105K(192K) Class: 7K(128K)->7K(128K)
[2026-06-17T10:01:29.566+0800][27.194s][info][gc             ] GC(1037) Pause Young (Allocation Failure) 42M->35M(57M) 2.923ms
[2026-06-17T10:01:29.567+0800][27.195s][info][gc,cpu         ] GC(1037) User=0.00s Sys=0.00s Real=0.00s
[2026-06-17T10:01:29.589+0800][27.216s][info][gc,start       ] GC(1038) Pause Young (Allocation Failure)
[2026-06-17T10:01:29.591+0800][27.218s][info][gc,heap        ] GC(1038) PSYoungGen: 8695K(14336K)->3714K(14336K) Eden: 7140K(7168K)->0K(7168K) From: 1555K(7168K)->3714K(7168K)
[2026-06-17T10:01:29.591+0800][27.219s][info][gc,heap        ] GC(1038) ParOldGen: 34356K(44032K)->35887K(44032K)
[2026-06-17T10:01:29.592+0800][27.220s][info][gc,metaspace   ] GC(1038) Metaspace: 113K(320K)->113K(320K) NonClass: 105K(192K)->105K(192K) Class: 7K(128K)->7K(128K)
[2026-06-17T10:01:29.593+0800][27.220s][info][gc             ] GC(1038) Pause Young (Allocation Failure) 42M->38M(57M) 4.113ms
[2026-06-17T10:01:29.593+0800][27.221s][info][gc,cpu         ] GC(1038) User=0.00s Sys=0.00s Real=0.01s
[2026-06-17T10:01:29.615+0800][27.243s][info][gc,start       ] GC(1039) Pause Young (Allocation Failure)
[2026-06-17T10:01:29.618+0800][27.245s][info][gc,heap        ] GC(1039) PSYoungGen: 10880K(14336K)->3721K(14336K) Eden: 7166K(7168K)->0K(7168K) From: 3714K(7168K)->3721K(7168K)
[2026-06-17T10:01:29.619+0800][27.246s][info][gc,heap        ] GC(1039) ParOldGen: 35887K(44032K)->36510K(44032K)
[2026-06-17T10:01:29.619+0800][27.247s][info][gc,metaspace   ] GC(1039) Metaspace: 113K(320K)->113K(320K) NonClass: 105K(192K)->105K(192K) Class: 7K(128K)->7K(128K)
[2026-06-17T10:01:29.620+0800][27.247s][info][gc             ] GC(1039) Pause Young (Allocation Failure) 45M->39M(57M) 4.296ms
[2026-06-17T10:01:29.620+0800][27.248s][info][gc,cpu         ] GC(1039) User=0.00s Sys=0.01s Real=0.00s
[2026-06-17T10:01:29.643+0800][27.271s][info][gc,start       ] GC(1040) Pause Young (Allocation Failure)
[2026-06-17T10:01:29.644+0800][27.272s][info][gc,heap        ] GC(1040) PSYoungGen: 10864K(14336K)->1793K(14336K) Eden: 7142K(7168K)->0K(7168K) From: 3721K(7168K)->1793K(7168K)
[2026-06-17T10:01:29.645+0800][27.272s][info][gc,heap        ] GC(1040) ParOldGen: 36510K(44032K)->38552K(44032K)
[2026-06-17T10:01:29.646+0800][27.273s][info][gc,metaspace   ] GC(1040) Metaspace: 113K(320K)->113K(320K) NonClass: 105K(192K)->105K(192K) Class: 7K(128K)->7K(128K)
[2026-06-17T10:01:29.646+0800][27.274s][info][gc             ] GC(1040) Pause Young (Allocation Failure) 46M->39M(57M) 3.187ms
[2026-06-17T10:01:29.646+0800][27.274s][info][gc,cpu         ] GC(1040) User=0.00s Sys=0.00s Real=0.00s
[2026-06-17T10:01:29.669+0800][27.296s][info][gc,start       ] GC(1041) Pause Young (Allocation Failure)
[2026-06-17T10:01:29.671+0800][27.299s][info][gc,heap        ] GC(1041) PSYoungGen: 8932K(14336K)->1982K(14336K) Eden: 7138K(7168K)->0K(7168K) From: 1793K(7168K)->1982K(7168K)
[2026-06-17T10:01:29.671+0800][27.299s][info][gc,heap        ] GC(1041) ParOldGen: 38552K(44032K)->38552K(44032K)
[2026-06-17T10:01:29.672+0800][27.300s][info][gc,metaspace   ] GC(1041) Metaspace: 113K(320K)->113K(320K) NonClass: 105K(192K)->105K(192K) Class: 7K(128K)->7K(128K)
[2026-06-17T10:01:29.672+0800][27.300s][info][gc             ] GC(1041) Pause Young (Allocation Failure) 46M->39M(57M) 3.613ms
[2026-06-17T10:01:29.673+0800][27.301s][info][gc,cpu         ] GC(1041) User=0.01s Sys=0.00s Real=0.01s
[2026-06-17T10:01:29.684+0800][27.312s][info][gc,start       ] GC(1042) Pause Young (Allocation Failure)
[2026-06-17T10:01:29.686+0800][27.313s][info][gc,heap        ] GC(1042) PSYoungGen: 9127K(14336K)->575K(14336K) Eden: 7145K(7168K)->0K(7168K) From: 1982K(7168K)->575K(7168K)
[2026-06-17T10:01:29.686+0800][27.314s][info][gc,heap        ] GC(1042) ParOldGen: 38552K(44032K)->40426K(44032K)
[2026-06-17T10:01:29.687+0800][27.314s][info][gc,metaspace   ] GC(1042) Metaspace: 113K(320K)->113K(320K) NonClass: 105K(192K)->105K(192K) Class: 7K(128K)->7K(128K)
[2026-06-17T10:01:29.687+0800][27.315s][info][gc             ] GC(1042) Pause Young (Allocation Failure) 46M->40M(57M) 2.470ms
[2026-06-17T10:01:29.687+0800][27.315s][info][gc,cpu         ] GC(1042) User=0.00s Sys=0.00s Real=0.00s
[2026-06-17T10:01:29.709+0800][27.337s][info][gc,start       ] GC(1043) Pause Young (Allocation Failure)
[2026-06-17T10:01:29.711+0800][27.339s][info][gc,heap        ] GC(1043) PSYoungGen: 7729K(14336K)->4005K(14336K) Eden: 7154K(7168K)->0K(7168K) From: 575K(7168K)->4005K(7168K)
[2026-06-17T10:01:29.712+0800][27.339s][info][gc,heap        ] GC(1043) ParOldGen: 40426K(44032K)->40977K(44032K)
[2026-06-17T10:01:29.712+0800][27.340s][info][gc,metaspace   ] GC(1043) Metaspace: 113K(320K)->113K(320K) NonClass: 105K(192K)->105K(192K) Class: 7K(128K)->7K(128K)
[2026-06-17T10:01:29.713+0800][27.341s][info][gc             ] GC(1043) Pause Young (Allocation Failure) 47M->43M(57M) 3.691ms
[2026-06-17T10:01:29.713+0800][27.341s][info][gc,cpu         ] GC(1043) User=0.00s Sys=0.00s Real=0.01s
[2026-06-17T10:01:29.725+0800][27.353s][info][gc,start       ] GC(1044) Pause Full (Ergonomics)
[2026-06-17T10:01:29.726+0800][27.353s][info][gc,phases,start] GC(1044) Marking Phase
[2026-06-17T10:01:29.728+0800][27.356s][info][gc,phases      ] GC(1044) Marking Phase 2.111ms
[2026-06-17T10:01:29.728+0800][27.356s][info][gc,phases,start] GC(1044) Summary Phase
[2026-06-17T10:01:29.729+0800][27.356s][info][gc,phases      ] GC(1044) Summary Phase 0.441ms
[2026-06-17T10:01:29.729+0800][27.357s][info][gc,phases,start] GC(1044) Adjust Roots
[2026-06-17T10:01:29.730+0800][27.357s][info][gc,phases      ] GC(1044) Adjust Roots 0.665ms
[2026-06-17T10:01:29.730+0800][27.358s][info][gc,phases,start] GC(1044) Compaction Phase
[2026-06-17T10:01:29.733+0800][27.361s][info][gc,phases      ] GC(1044) Compaction Phase 2.961ms
[2026-06-17T10:01:29.733+0800][27.361s][info][gc,phases,start] GC(1044) Post Compact
[2026-06-17T10:01:29.734+0800][27.361s][info][gc,phases      ] GC(1044) Post Compact 0.262ms
[2026-06-17T10:01:29.734+0800][27.361s][info][gc,heap        ] GC(1044) PSYoungGen: 10904K(14336K)->0K(14336K) Eden: 6899K(7168K)->0K(7168K) From: 4005K(7168K)->0K(7168K)
[2026-06-17T10:01:29.734+0800][27.362s][info][gc,heap        ] GC(1044) ParOldGen: 40977K(44032K)->26221K(44032K)
[2026-06-17T10:01:29.734+0800][27.362s][info][gc,metaspace   ] GC(1044) Metaspace: 113K(320K)->113K(320K) NonClass: 105K(192K)->105K(192K) Class: 7K(128K)->7K(128K)
[2026-06-17T10:01:29.734+0800][27.362s][info][gc             ] GC(1044) Pause Full (Ergonomics) 50M->25M(57M) 9.043ms
[2026-06-17T10:01:29.734+0800][27.362s][info][gc,cpu         ] GC(1044) User=0.01s Sys=0.00s Real=0.01s
[2026-06-17T10:01:29.756+0800][27.384s][info][gc,start       ] GC(1045) Pause Young (Allocation Failure)
[2026-06-17T10:01:29.759+0800][27.387s][info][gc,heap        ] GC(1045) PSYoungGen: 7156K(14336K)->4029K(14336K) Eden: 7156K(7168K)->0K(7168K) From: 0K(7168K)->4029K(7168K)
[2026-06-17T10:01:29.759+0800][27.387s][info][gc,heap        ] GC(1045) ParOldGen: 26221K(44032K)->26221K(44032K)
[2026-06-17T10:01:29.760+0800][27.387s][info][gc,metaspace   ] GC(1045) Metaspace: 113K(320K)->113K(320K) NonClass: 105K(192K)->105K(192K) Class: 7K(128K)->7K(128K)
[2026-06-17T10:01:29.760+0800][27.388s][info][gc             ] GC(1045) Pause Young (Allocation Failure) 32M->29M(57M) 4.245ms
[2026-06-17T10:01:29.761+0800][27.388s][info][gc,cpu         ] GC(1045) User=0.00s Sys=0.00s Real=0.00s
[2026-06-17T10:01:29.782+0800][27.410s][info][gc,start       ] GC(1046) Pause Young (Allocation Failure)
[2026-06-17T10:01:29.783+0800][27.411s][info][gc,heap        ] GC(1046) PSYoungGen: 11171K(14336K)->3366K(14336K) Eden: 7142K(7168K)->0K(7168K) From: 4029K(7168K)->3366K(7168K)
[2026-06-17T10:01:29.784+0800][27.411s][info][gc,heap        ] GC(1046) ParOldGen: 26221K(44032K)->27377K(44032K)
[2026-06-17T10:01:29.784+0800][27.412s][info][gc,metaspace   ] GC(1046) Metaspace: 113K(320K)->113K(320K) NonClass: 105K(192K)->105K(192K) Class: 7K(128K)->7K(128K)
[2026-06-17T10:01:29.784+0800][27.412s][info][gc             ] GC(1046) Pause Young (Allocation Failure) 36M->30M(57M) 2.243ms
[2026-06-17T10:01:29.785+0800][27.412s][info][gc,cpu         ] GC(1046) User=0.01s Sys=0.00s Real=0.01s
[2026-06-17T10:01:29.806+0800][27.434s][info][gc,start       ] GC(1047) Pause Young (Allocation Failure)
[2026-06-17T10:01:29.808+0800][27.436s][info][gc,heap        ] GC(1047) PSYoungGen: 10495K(14336K)->1734K(14336K) Eden: 7129K(7168K)->0K(7168K) From: 3366K(7168K)->1734K(7168K)
[2026-06-17T10:01:29.809+0800][27.436s][info][gc,heap        ] GC(1047) ParOldGen: 27377K(44032K)->29509K(44032K)
[2026-06-17T10:01:29.809+0800][27.437s][info][gc,metaspace   ] GC(1047) Metaspace: 113K(320K)->113K(320K) NonClass: 105K(192K)->105K(192K) Class: 7K(128K)->7K(128K)
[2026-06-17T10:01:29.810+0800][27.438s][info][gc             ] GC(1047) Pause Young (Allocation Failure) 36M->30M(57M) 3.649ms
[2026-06-17T10:01:29.811+0800][27.438s][info][gc,cpu         ] GC(1047) User=0.00s Sys=0.00s Real=0.01s
[2026-06-17T10:01:29.822+0800][27.450s][info][gc,start       ] GC(1048) Pause Young (Allocation Failure)
[2026-06-17T10:01:29.824+0800][27.452s][info][gc,heap        ] GC(1048) PSYoungGen: 8851K(14336K)->5291K(14336K) Eden: 7116K(7168K)->0K(7168K) From: 1734K(7168K)->5291K(7168K)
[2026-06-17T10:01:29.825+0800][27.452s][info][gc,heap        ] GC(1048) ParOldGen: 29509K(44032K)->29509K(44032K)
[2026-06-17T10:01:29.825+0800][27.453s][info][gc,metaspace   ] GC(1048) Metaspace: 113K(320K)->113K(320K) NonClass: 105K(192K)->105K(192K) Class: 7K(128K)->7K(128K)
[2026-06-17T10:01:29.826+0800][27.454s][info][gc             ] GC(1048) Pause Young (Allocation Failure) 37M->33M(57M) 3.385ms
[2026-06-17T10:01:29.826+0800][27.454s][info][gc,cpu         ] GC(1048) User=0.00s Sys=0.00s Real=0.01s
[2026-06-17T10:01:29.848+0800][27.476s][info][gc,start       ] GC(1049) Pause Young (Allocation Failure)
[2026-06-17T10:01:29.849+0800][27.477s][info][gc,heap        ] GC(1049) PSYoungGen: 12424K(14336K)->2923K(14336K) Eden: 7133K(7168K)->0K(7168K) From: 5291K(7168K)->2923K(7168K)
[2026-06-17T10:01:29.850+0800][27.478s][info][gc,heap        ] GC(1049) ParOldGen: 29509K(44032K)->31571K(44032K)
[2026-06-17T10:01:29.850+0800][27.478s][info][gc,metaspace   ] GC(1049) Metaspace: 113K(320K)->113K(320K) NonClass: 105K(192K)->105K(192K) Class: 7K(128K)->7K(128K)
[2026-06-17T10:01:29.851+0800][27.478s][info][gc             ] GC(1049) Pause Young (Allocation Failure) 40M->33M(57M) 2.584ms
[2026-06-17T10:01:29.851+0800][27.479s][info][gc,cpu         ] GC(1049) User=0.00s Sys=0.00s Real=0.01s
[2026-06-17T10:01:29.874+0800][27.501s][info][gc,start       ] GC(1050) Pause Young (Allocation Failure)
[2026-06-17T10:01:29.875+0800][27.503s][info][gc,heap        ] GC(1050) PSYoungGen: 10044K(14336K)->3259K(14336K) Eden: 7121K(7168K)->0K(7168K) From: 2923K(7168K)->3259K(7168K)
[2026-06-17T10:01:29.876+0800][27.504s][info][gc,heap        ] GC(1050) ParOldGen: 31571K(44032K)->31571K(44032K)
[2026-06-17T10:01:29.877+0800][27.504s][info][gc,metaspace   ] GC(1050) Metaspace: 113K(320K)->113K(320K) NonClass: 105K(192K)->105K(192K) Class: 7K(128K)->7K(128K)
[2026-06-17T10:01:29.877+0800][27.505s][info][gc             ] GC(1050) Pause Young (Allocation Failure) 40M->34M(57M) 3.395ms
[2026-06-17T10:01:29.878+0800][27.505s][info][gc,cpu         ] GC(1050) User=0.00s Sys=0.00s Real=0.00s
[2026-06-17T10:01:29.889+0800][27.517s][info][gc,start       ] GC(1051) Pause Young (Allocation Failure)
[2026-06-17T10:01:29.891+0800][27.519s][info][gc,heap        ] GC(1051) PSYoungGen: 10239K(14336K)->1198K(14848K) Eden: 6980K(7168K)->0K(8192K) From: 3259K(7168K)->1198K(6656K)
[2026-06-17T10:01:29.892+0800][27.519s][info][gc,heap        ] GC(1051) ParOldGen: 31571K(44032K)->33537K(44032K)
[2026-06-17T10:01:29.892+0800][27.520s][info][gc,metaspace   ] GC(1051) Metaspace: 113K(320K)->113K(320K) NonClass: 105K(192K)->105K(192K) Class: 7K(128K)->7K(128K)
[2026-06-17T10:01:29.893+0800][27.520s][info][gc             ] GC(1051) Pause Young (Allocation Failure) 40M->33M(57M) 3.299ms
[2026-06-17T10:01:29.895+0800][27.523s][info][gc,cpu         ] GC(1051) User=0.00s Sys=0.00s Real=0.01s
[2026-06-17T10:01:29.928+0800][27.556s][info][gc,start       ] GC(1052) Pause Young (Allocation Failure)
[2026-06-17T10:01:29.931+0800][27.559s][info][gc,heap        ] GC(1052) PSYoungGen: 9384K(14848K)->1428K(14848K) Eden: 8186K(8192K)->0K(8192K) From: 1198K(6656K)->1428K(6656K)
[2026-06-17T10:01:29.932+0800][27.560s][info][gc,heap        ] GC(1052) ParOldGen: 33537K(44032K)->34712K(44032K)
[2026-06-17T10:01:29.932+0800][27.560s][info][gc,metaspace   ] GC(1052) Metaspace: 113K(320K)->113K(320K) NonClass: 105K(192K)->105K(192K) Class: 7K(128K)->7K(128K)
[2026-06-17T10:01:29.933+0800][27.561s][info][gc             ] GC(1052) Pause Young (Allocation Failure) 41M->35M(57M) 4.726ms
[2026-06-17T10:01:29.934+0800][27.561s][info][gc,cpu         ] GC(1052) User=0.00s Sys=0.00s Real=0.01s
[2026-06-17T10:01:29.945+0800][27.573s][info][gc,start       ] GC(1053) Pause Young (Allocation Failure)
[2026-06-17T10:01:29.947+0800][27.575s][info][gc,heap        ] GC(1053) PSYoungGen: 9599K(14848K)->5408K(13824K) Eden: 8171K(8192K)->0K(7168K) From: 1428K(6656K)->5408K(6656K)
[2026-06-17T10:01:29.948+0800][27.575s][info][gc,heap        ] GC(1053) ParOldGen: 34712K(44032K)->35372K(44032K)
[2026-06-17T10:01:29.948+0800][27.576s][info][gc,metaspace   ] GC(1053) Metaspace: 113K(320K)->113K(320K) NonClass: 105K(192K)->105K(192K) Class: 7K(128K)->7K(128K)
[2026-06-17T10:01:29.949+0800][27.577s][info][gc             ] GC(1053) Pause Young (Allocation Failure) 43M->39M(56M) 3.365ms
[2026-06-17T10:01:29.949+0800][27.577s][info][gc,cpu         ] GC(1053) User=0.00s Sys=0.00s Real=0.00s
[2026-06-17T10:01:29.972+0800][27.599s][info][gc,start       ] GC(1054) Pause Young (Allocation Failure)
[2026-06-17T10:01:29.974+0800][27.601s][info][gc,heap        ] GC(1054) PSYoungGen: 12576K(13824K)->2134K(14336K) Eden: 7168K(7168K)->0K(7168K) From: 5408K(6656K)->2134K(7168K)
[2026-06-17T10:01:29.974+0800][27.602s][info][gc,heap        ] GC(1054) ParOldGen: 35372K(44032K)->38660K(44032K)
[2026-06-17T10:01:29.975+0800][27.602s][info][gc,metaspace   ] GC(1054) Metaspace: 113K(320K)->113K(320K) NonClass: 105K(192K)->105K(192K) Class: 7K(128K)->7K(128K)
[2026-06-17T10:01:29.975+0800][27.603s][info][gc             ] GC(1054) Pause Young (Allocation Failure) 46M->39M(57M) 3.474ms
[2026-06-17T10:01:29.975+0800][27.603s][info][gc,cpu         ] GC(1054) User=0.01s Sys=0.00s Real=0.00s
[2026-06-17T10:01:29.997+0800][27.625s][info][gc,start       ] GC(1055) Pause Young (Allocation Failure)
[2026-06-17T10:01:29.999+0800][27.626s][info][gc,heap        ] GC(1055) PSYoungGen: 9273K(14336K)->2486K(14848K) Eden: 7139K(7168K)->0K(7680K) From: 2134K(7168K)->2486K(7168K)
[2026-06-17T10:01:29.999+0800][27.627s][info][gc,heap        ] GC(1055) ParOldGen: 38660K(44032K)->38660K(44032K)
[2026-06-17T10:01:30.000+0800][27.627s][info][gc,metaspace   ] GC(1055) Metaspace: 113K(320K)->113K(320K) NonClass: 105K(192K)->105K(192K) Class: 7K(128K)->7K(128K)
[2026-06-17T10:01:30.000+0800][27.628s][info][gc             ] GC(1055) Pause Young (Allocation Failure) 46M->40M(57M) 2.978ms
[2026-06-17T10:01:30.001+0800][27.628s][info][gc,cpu         ] GC(1055) User=0.00s Sys=0.00s Real=0.00s
[2026-06-17T10:01:30.012+0800][27.640s][info][gc,start       ] GC(1056) Pause Young (Allocation Failure)
[2026-06-17T10:01:30.014+0800][27.641s][info][gc,heap        ] GC(1056) PSYoungGen: 10082K(14848K)->771K(14336K) Eden: 7596K(7680K)->0K(7680K) From: 2486K(7168K)->771K(6656K)
[2026-06-17T10:01:30.014+0800][27.642s][info][gc,heap        ] GC(1056) ParOldGen: 38660K(44032K)->40655K(44032K)
[2026-06-17T10:01:30.015+0800][27.642s][info][gc,metaspace   ] GC(1056) Metaspace: 113K(320K)->113K(320K) NonClass: 105K(192K)->105K(192K) Class: 7K(128K)->7K(128K)
[2026-06-17T10:01:30.015+0800][27.643s][info][gc             ] GC(1056) Pause Young (Allocation Failure) 47M->40M(57M) 2.988ms
[2026-06-17T10:01:30.016+0800][27.643s][info][gc,cpu         ] GC(1056) User=0.00s Sys=0.00s Real=0.00s
[2026-06-17T10:01:30.038+0800][27.666s][info][gc,start       ] GC(1057) Pause Full (Ergonomics)
[2026-06-17T10:01:30.039+0800][27.667s][info][gc,phases,start] GC(1057) Marking Phase
[2026-06-17T10:01:30.042+0800][27.670s][info][gc,phases      ] GC(1057) Marking Phase 2.969ms
[2026-06-17T10:01:30.042+0800][27.670s][info][gc,phases,start] GC(1057) Summary Phase
[2026-06-17T10:01:30.043+0800][27.671s][info][gc,phases      ] GC(1057) Summary Phase 0.818ms
[2026-06-17T10:01:30.044+0800][27.671s][info][gc,phases,start] GC(1057) Adjust Roots
[2026-06-17T10:01:30.044+0800][27.672s][info][gc,phases      ] GC(1057) Adjust Roots 0.565ms
[2026-06-17T10:01:30.045+0800][27.672s][info][gc,phases,start] GC(1057) Compaction Phase
[2026-06-17T10:01:30.047+0800][27.675s][info][gc,phases      ] GC(1057) Compaction Phase 2.107ms
[2026-06-17T10:01:30.047+0800][27.675s][info][gc,phases,start] GC(1057) Post Compact
[2026-06-17T10:01:30.048+0800][27.675s][info][gc,phases      ] GC(1057) Post Compact 0.436ms
[2026-06-17T10:01:30.048+0800][27.676s][info][gc,heap        ] GC(1057) PSYoungGen: 8443K(14336K)->0K(14336K) Eden: 7672K(7680K)->0K(7168K) From: 771K(6656K)->0K(7168K)
[2026-06-17T10:01:30.049+0800][27.676s][info][gc,heap        ] GC(1057) ParOldGen: 40655K(44032K)->26055K(44032K)
[2026-06-17T10:01:30.049+0800][27.677s][info][gc,metaspace   ] GC(1057) Metaspace: 113K(320K)->113K(320K) NonClass: 105K(192K)->105K(192K) Class: 7K(128K)->7K(128K)
[2026-06-17T10:01:30.049+0800][27.677s][info][gc             ] GC(1057) Pause Full (Ergonomics) 47M->25M(57M) 11.168ms
[2026-06-17T10:01:30.050+0800][27.677s][info][gc,cpu         ] GC(1057) User=0.01s Sys=0.00s Real=0.01s
[2026-06-17T10:01:30.071+0800][27.699s][info][gc,start       ] GC(1058) Pause Young (Allocation Failure)
[2026-06-17T10:01:30.073+0800][27.700s][info][gc,heap        ] GC(1058) PSYoungGen: 7138K(14336K)->3542K(14336K) Eden: 7138K(7168K)->0K(7168K) From: 0K(7168K)->3542K(7168K)
[2026-06-17T10:01:30.073+0800][27.701s][info][gc,heap        ] GC(1058) ParOldGen: 26055K(44032K)->26055K(44032K)
[2026-06-17T10:01:30.074+0800][27.702s][info][gc,metaspace   ] GC(1058) Metaspace: 113K(320K)->113K(320K) NonClass: 105K(192K)->105K(192K) Class: 7K(128K)->7K(128K)
[2026-06-17T10:01:30.075+0800][27.703s][info][gc             ] GC(1058) Pause Young (Allocation Failure) 32M->28M(57M) 3.598ms
[2026-06-17T10:01:30.075+0800][27.703s][info][gc,cpu         ] GC(1058) User=0.00s Sys=0.00s Real=0.00s
[2026-06-17T10:01:30.098+0800][27.725s][info][gc,start       ] GC(1059) Pause Young (Allocation Failure)
[2026-06-17T10:01:30.100+0800][27.727s][info][gc,heap        ] GC(1059) PSYoungGen: 10687K(14336K)->1411K(14848K) Eden: 7144K(7168K)->0K(8192K) From: 3542K(7168K)->1411K(6656K)
[2026-06-17T10:01:30.100+0800][27.728s][info][gc,heap        ] GC(1059) ParOldGen: 26055K(44032K)->28417K(44032K)
[2026-06-17T10:01:30.101+0800][27.729s][info][gc,metaspace   ] GC(1059) Metaspace: 113K(320K)->113K(320K) NonClass: 105K(192K)->105K(192K) Class: 7K(128K)->7K(128K)
[2026-06-17T10:01:30.102+0800][27.730s][info][gc             ] GC(1059) Pause Young (Allocation Failure) 35M->29M(57M) 4.277ms
[2026-06-17T10:01:30.103+0800][27.730s][info][gc,cpu         ] GC(1059) User=0.00s Sys=0.00s Real=0.01s
[2026-06-17T10:01:30.115+0800][27.743s][info][gc,start       ] GC(1060) Pause Young (Allocation Failure)
[2026-06-17T10:01:30.117+0800][27.744s][info][gc,heap        ] GC(1060) PSYoungGen: 9583K(14848K)->5963K(14336K) Eden: 8171K(8192K)->0K(8192K) From: 1411K(6656K)->5963K(6144K)
[2026-06-17T10:01:30.118+0800][27.745s][info][gc,heap        ] GC(1060) ParOldGen: 28417K(44032K)->28417K(44032K)
[2026-06-17T10:01:30.119+0800][27.746s][info][gc,metaspace   ] GC(1060) Metaspace: 113K(320K)->113K(320K) NonClass: 105K(192K)->105K(192K) Class: 7K(128K)->7K(128K)
[2026-06-17T10:01:30.119+0800][27.747s][info][gc             ] GC(1060) Pause Young (Allocation Failure) 37M->33M(57M) 4.450ms
[2026-06-17T10:01:30.120+0800][27.748s][info][gc,cpu         ] GC(1060) User=0.00s Sys=0.00s Real=0.00s
[2026-06-17T10:01:30.143+0800][27.771s][info][gc,start       ] GC(1061) Pause Young (Allocation Failure)
[2026-06-17T10:01:30.145+0800][27.773s][info][gc,heap        ] GC(1061) PSYoungGen: 14135K(14336K)->1269K(14336K) Eden: 8171K(8192K)->0K(7168K) From: 5963K(6144K)->1269K(7168K)
[2026-06-17T10:01:30.146+0800][27.774s][info][gc,heap        ] GC(1061) ParOldGen: 28417K(44032K)->30737K(44032K)
[2026-06-17T10:01:30.147+0800][27.775s][info][gc,metaspace   ] GC(1061) Metaspace: 113K(320K)->113K(320K) NonClass: 105K(192K)->105K(192K) Class: 7K(128K)->7K(128K)
[2026-06-17T10:01:30.148+0800][27.776s][info][gc             ] GC(1061) Pause Young (Allocation Failure) 41M->31M(57M) 4.994ms
[2026-06-17T10:01:30.149+0800][27.777s][info][gc,cpu         ] GC(1061) User=0.00s Sys=0.00s Real=0.00s
[2026-06-17T10:01:30.172+0800][27.800s][info][gc,start       ] GC(1062) Pause Young (Allocation Failure)
[2026-06-17T10:01:30.175+0800][27.803s][info][gc,heap        ] GC(1062) PSYoungGen: 8404K(14336K)->3716K(14336K) Eden: 7135K(7168K)->0K(7168K) From: 1269K(7168K)->3716K(7168K)
[2026-06-17T10:01:30.176+0800][27.803s][info][gc,heap        ] GC(1062) ParOldGen: 30737K(44032K)->31982K(44032K)
[2026-06-17T10:01:30.176+0800][27.804s][info][gc,metaspace   ] GC(1062) Metaspace: 113K(320K)->113K(320K) NonClass: 105K(192K)->105K(192K) Class: 7K(128K)->7K(128K)
[2026-06-17T10:01:30.177+0800][27.804s][info][gc             ] GC(1062) Pause Young (Allocation Failure) 38M->34M(57M) 4.438ms
[2026-06-17T10:01:30.177+0800][27.805s][info][gc,cpu         ] GC(1062) User=0.00s Sys=0.00s Real=0.00s
[2026-06-17T10:01:30.189+0800][27.816s][info][gc,start       ] GC(1063) Pause Young (Allocation Failure)
[2026-06-17T10:01:30.190+0800][27.818s][info][gc,heap        ] GC(1063) PSYoungGen: 10762K(14336K)->3060K(14848K) Eden: 7046K(7168K)->0K(7680K) From: 3716K(7168K)->3060K(7168K)
[2026-06-17T10:01:30.191+0800][27.819s][info][gc,heap        ] GC(1063) ParOldGen: 31982K(44032K)->32642K(44032K)
[2026-06-17T10:01:30.192+0800][27.820s][info][gc,metaspace   ] GC(1063) Metaspace: 113K(320K)->113K(320K) NonClass: 105K(192K)->105K(192K) Class: 7K(128K)->7K(128K)
[2026-06-17T10:01:30.193+0800][27.821s][info][gc             ] GC(1063) Pause Young (Allocation Failure) 41M->34M(57M) 4.063ms
[2026-06-17T10:01:30.193+0800][27.821s][info][gc,cpu         ] GC(1063) User=0.00s Sys=0.00s Real=0.01s
[2026-06-17T10:01:30.226+0800][27.854s][info][gc,start       ] GC(1064) Pause Young (Allocation Failure)
[2026-06-17T10:01:30.228+0800][27.856s][info][gc,heap        ] GC(1064) PSYoungGen: 10704K(14848K)->632K(14336K) Eden: 7644K(7680K)->0K(7680K) From: 3060K(7168K)->632K(6656K)
[2026-06-17T10:01:30.229+0800][27.857s][info][gc,heap        ] GC(1064) ParOldGen: 32642K(44032K)->35678K(44032K)
[2026-06-17T10:01:30.230+0800][27.857s][info][gc,metaspace   ] GC(1064) Metaspace: 113K(320K)->113K(320K) NonClass: 105K(192K)->105K(192K) Class: 7K(128K)->7K(128K)
[2026-06-17T10:01:30.230+0800][27.858s][info][gc             ] GC(1064) Pause Young (Allocation Failure) 42M->35M(57M) 3.900ms
[2026-06-17T10:01:30.231+0800][27.858s][info][gc,cpu         ] GC(1064) User=0.00s Sys=0.00s Real=0.01s
[2026-06-17T10:01:30.243+0800][27.871s][info][gc,start       ] GC(1065) Pause Young (Allocation Failure)
[2026-06-17T10:01:30.245+0800][27.873s][info][gc,heap        ] GC(1065) PSYoungGen: 8312K(14336K)->4651K(14336K) Eden: 7680K(7680K)->0K(7168K) From: 632K(6656K)->4651K(7168K)
[2026-06-17T10:01:30.246+0800][27.873s][info][gc,heap        ] GC(1065) ParOldGen: 35678K(44032K)->35853K(44032K)
[2026-06-17T10:01:30.246+0800][27.874s][info][gc,metaspace   ] GC(1065) Metaspace: 113K(320K)->113K(320K) NonClass: 105K(192K)->105K(192K) Class: 7K(128K)->7K(128K)
[2026-06-17T10:01:30.247+0800][27.875s][info][gc             ] GC(1065) Pause Young (Allocation Failure) 42M->39M(57M) 3.894ms
[2026-06-17T10:01:30.247+0800][27.875s][info][gc,cpu         ] GC(1065) User=0.00s Sys=0.00s Real=0.00s
[2026-06-17T10:01:30.270+0800][27.898s][info][gc,start       ] GC(1066) Pause Young (Allocation Failure)
[2026-06-17T10:01:30.271+0800][27.899s][info][gc,heap        ] GC(1066) PSYoungGen: 11808K(14336K)->2291K(14336K) Eden: 7157K(7168K)->0K(7168K) From: 4651K(7168K)->2291K(7168K)
[2026-06-17T10:01:30.272+0800][27.899s][info][gc,heap        ] GC(1066) ParOldGen: 35853K(44032K)->37953K(44032K)
[2026-06-17T10:01:30.272+0800][27.900s][info][gc,metaspace   ] GC(1066) Metaspace: 113K(320K)->113K(320K) NonClass: 105K(192K)->105K(192K) Class: 7K(128K)->7K(128K)
[2026-06-17T10:01:30.273+0800][27.900s][info][gc             ] GC(1066) Pause Young (Allocation Failure) 46M->39M(57M) 2.840ms
[2026-06-17T10:01:30.273+0800][27.901s][info][gc,cpu         ] GC(1066) User=0.00s Sys=0.00s Real=0.01s
[2026-06-17T10:01:30.295+0800][27.922s][info][gc,start       ] GC(1067) Pause Young (Allocation Failure)
[2026-06-17T10:01:30.296+0800][27.924s][info][gc,heap        ] GC(1067) PSYoungGen: 9458K(14336K)->2598K(14848K) Eden: 7166K(7168K)->0K(7680K) From: 2291K(7168K)->2598K(7168K)
[2026-06-17T10:01:30.297+0800][27.924s][info][gc,heap        ] GC(1067) ParOldGen: 37953K(44032K)->37953K(44032K)
[2026-06-17T10:01:30.297+0800][27.925s][info][gc,metaspace   ] GC(1067) Metaspace: 113K(320K)->113K(320K) NonClass: 105K(192K)->105K(192K) Class: 7K(128K)->7K(128K)
[2026-06-17T10:01:30.298+0800][27.925s][info][gc             ] GC(1067) Pause Young (Allocation Failure) 46M->39M(57M) 2.920ms
[2026-06-17T10:01:30.298+0800][27.926s][info][gc,cpu         ] GC(1067) User=0.00s Sys=0.00s Real=0.00s
[2026-06-17T10:01:30.310+0800][27.938s][info][gc,start       ] GC(1068) Pause Young (Allocation Failure)
[2026-06-17T10:01:30.311+0800][27.939s][info][gc,heap        ] GC(1068) PSYoungGen: 10215K(14848K)->1651K(14336K) Eden: 7616K(7680K)->0K(7680K) From: 2598K(7168K)->1651K(6656K)
[2026-06-17T10:01:30.312+0800][27.940s][info][gc,heap        ] GC(1068) ParOldGen: 37953K(44032K)->39607K(44032K)
[2026-06-17T10:01:30.313+0800][27.940s][info][gc,metaspace   ] GC(1068) Metaspace: 113K(320K)->113K(320K) NonClass: 105K(192K)->105K(192K) Class: 7K(128K)->7K(128K)
[2026-06-17T10:01:30.313+0800][27.941s][info][gc             ] GC(1068) Pause Young (Allocation Failure) 47M->40M(57M) 3.142ms
[2026-06-17T10:01:30.314+0800][27.941s][info][gc,cpu         ] GC(1068) User=0.00s Sys=0.00s Real=0.01s
[2026-06-17T10:01:30.345+0800][27.973s][info][gc,start       ] GC(1069) Pause Young (Allocation Failure)
[2026-06-17T10:01:30.346+0800][27.974s][info][gc,heap        ] GC(1069) PSYoungGen: 9316K(14336K)->431K(14848K) Eden: 7665K(7680K)->0K(8192K) From: 1651K(6656K)->431K(6656K)
[2026-06-17T10:01:30.346+0800][27.974s][info][gc,heap        ] GC(1069) ParOldGen: 39607K(44032K)->41234K(44032K)
[2026-06-17T10:01:30.347+0800][27.974s][info][gc,metaspace   ] GC(1069) Metaspace: 113K(320K)->113K(320K) NonClass: 105K(192K)->105K(192K) Class: 7K(128K)->7K(128K)
[2026-06-17T10:01:30.347+0800][27.974s][info][gc             ] GC(1069) Pause Young (Allocation Failure) 47M->40M(57M) 1.325ms
[2026-06-17T10:01:30.347+0800][27.975s][info][gc,cpu         ] GC(1069) User=0.00s Sys=0.00s Real=0.00s
[2026-06-17T10:01:30.358+0800][27.985s][info][gc,start       ] GC(1070) Pause Full (Ergonomics)
[2026-06-17T10:01:30.358+0800][27.986s][info][gc,phases,start] GC(1070) Marking Phase
[2026-06-17T10:01:30.360+0800][27.988s][info][gc,phases      ] GC(1070) Marking Phase 1.711ms
[2026-06-17T10:01:30.361+0800][27.988s][info][gc,phases,start] GC(1070) Summary Phase
[2026-06-17T10:01:30.361+0800][27.989s][info][gc,phases      ] GC(1070) Summary Phase 0.774ms
[2026-06-17T10:01:30.362+0800][27.990s][info][gc,phases,start] GC(1070) Adjust Roots
[2026-06-17T10:01:30.363+0800][27.990s][info][gc,phases      ] GC(1070) Adjust Roots 0.602ms
[2026-06-17T10:01:30.363+0800][27.991s][info][gc,phases,start] GC(1070) Compaction Phase
[2026-06-17T10:01:30.365+0800][27.993s][info][gc,phases      ] GC(1070) Compaction Phase 2.314ms
[2026-06-17T10:01:30.366+0800][27.994s][info][gc,phases,start] GC(1070) Post Compact
[2026-06-17T10:01:30.367+0800][27.995s][info][gc,phases      ] GC(1070) Post Compact 0.777ms
[2026-06-17T10:01:30.367+0800][27.995s][info][gc,heap        ] GC(1070) PSYoungGen: 8612K(14848K)->0K(14848K) Eden: 8181K(8192K)->0K(8192K) From: 431K(6656K)->0K(6656K)
[2026-06-17T10:01:30.368+0800][27.996s][info][gc,heap        ] GC(1070) ParOldGen: 41234K(44032K)->32982K(44032K)
[2026-06-17T10:01:30.369+0800][27.996s][info][gc,metaspace   ] GC(1070) Metaspace: 113K(320K)->113K(320K) NonClass: 105K(192K)->105K(192K) Class: 7K(128K)->7K(128K)
[2026-06-17T10:01:30.369+0800][27.997s][info][gc             ] GC(1070) Pause Full (Ergonomics) 48M->32M(57M) 11.693ms
[2026-06-17T10:01:30.370+0800][27.998s][info][gc,cpu         ] GC(1070) User=0.01s Sys=0.00s Real=0.01s
[2026-06-17T10:01:30.392+0800][28.020s][info][gc,start       ] GC(1071) Pause Young (Allocation Failure)
[2026-06-17T10:01:30.394+0800][28.021s][info][gc,heap        ] GC(1071) PSYoungGen: 8144K(14848K)->1500K(15360K) Eden: 8144K(8192K)->0K(8704K) From: 0K(6656K)->1500K(6656K)
[2026-06-17T10:01:30.397+0800][28.025s][info][gc,heap        ] GC(1071) ParOldGen: 32982K(44032K)->32982K(44032K)
[2026-06-17T10:01:30.401+0800][28.029s][info][gc,metaspace   ] GC(1071) Metaspace: 113K(320K)->113K(320K) NonClass: 105K(192K)->105K(192K) Class: 7K(128K)->7K(128K)
[2026-06-17T10:01:30.403+0800][28.031s][info][gc             ] GC(1071) Pause Young (Allocation Failure) 40M->33M(58M) 11.415ms
[2026-06-17T10:01:30.405+0800][28.033s][info][gc,cpu         ] GC(1071) User=0.00s Sys=0.00s Real=0.01s
[2026-06-17T10:01:30.439+0800][28.066s][info][gc,start       ] GC(1072) Pause Young (Allocation Failure)
[2026-06-17T10:01:30.447+0800][28.075s][info][gc,heap        ] GC(1072) PSYoungGen: 10182K(15360K)->1997K(14848K) Eden: 8682K(8704K)->0K(8704K) From: 1500K(6656K)->1997K(6144K)
[2026-06-17T10:01:30.497+0800][28.124s][info][gc,heap        ] GC(1072) ParOldGen: 32982K(44032K)->34458K(44032K)
[2026-06-17T10:01:30.497+0800][28.125s][info][gc,metaspace   ] GC(1072) Metaspace: 113K(320K)->113K(320K) NonClass: 105K(192K)->105K(192K) Class: 7K(128K)->7K(128K)
[2026-06-17T10:01:30.498+0800][28.126s][info][gc             ] GC(1072) Pause Young (Allocation Failure) 42M->35M(57M) 59.336ms
[2026-06-17T10:01:30.499+0800][28.126s][info][gc,cpu         ] GC(1072) User=0.00s Sys=0.00s Real=0.06s
[2026-06-17T10:01:30.521+0800][28.148s][info][gc,start       ] GC(1073) Pause Young (Allocation Failure)
[2026-06-17T10:01:30.523+0800][28.151s][info][gc,heap        ] GC(1073) PSYoungGen: 10695K(14848K)->3836K(15360K) Eden: 8697K(8704K)->0K(9216K) From: 1997K(6144K)->3836K(6144K)
[2026-06-17T10:01:30.525+0800][28.152s][info][gc,heap        ] GC(1073) ParOldGen: 34458K(44032K)->34458K(44032K)
[2026-06-17T10:01:30.525+0800][28.153s][info][gc,metaspace   ] GC(1073) Metaspace: 113K(320K)->113K(320K) NonClass: 105K(192K)->105K(192K) Class: 7K(128K)->7K(128K)
[2026-06-17T10:01:30.526+0800][28.154s][info][gc             ] GC(1073) Pause Young (Allocation Failure) 44M->37M(58M) 5.514ms
[2026-06-17T10:01:30.527+0800][28.155s][info][gc,cpu         ] GC(1073) User=0.00s Sys=0.00s Real=0.01s
[2026-06-17T10:01:30.552+0800][28.179s][info][gc,start       ] GC(1074) Pause Young (Allocation Failure)
[2026-06-17T10:01:30.553+0800][28.181s][info][gc,heap        ] GC(1074) PSYoungGen: 13052K(15360K)->5777K(15360K) Eden: 9216K(9216K)->0K(9216K) From: 3836K(6144K)->5777K(6144K)
[2026-06-17T10:01:30.555+0800][28.182s][info][gc,heap        ] GC(1074) ParOldGen: 34458K(44032K)->34458K(44032K)
[2026-06-17T10:01:30.556+0800][28.184s][info][gc,metaspace   ] GC(1074) Metaspace: 113K(320K)->113K(320K) NonClass: 105K(192K)->105K(192K) Class: 7K(128K)->7K(128K)
[2026-06-17T10:01:30.557+0800][28.185s][info][gc             ] GC(1074) Pause Young (Allocation Failure) 46M->39M(58M) 5.420ms
[2026-06-17T10:01:30.561+0800][28.188s][info][gc,cpu         ] GC(1074) User=0.00s Sys=0.00s Real=0.00s
[2026-06-17T10:01:30.582+0800][28.210s][info][gc,start       ] GC(1075) Pause Young (Allocation Failure)
[2026-06-17T10:01:30.584+0800][28.212s][info][gc,heap        ] GC(1075) PSYoungGen: 14993K(15360K)->6122K(13312K) Eden: 9216K(9216K)->0K(7168K) From: 5777K(6144K)->6122K(6144K)
[2026-06-17T10:01:30.589+0800][28.217s][info][gc,heap        ] GC(1075) ParOldGen: 34458K(44032K)->36165K(44032K)
[2026-06-17T10:01:30.592+0800][28.219s][info][gc,metaspace   ] GC(1075) Metaspace: 113K(320K)->113K(320K) NonClass: 105K(192K)->105K(192K) Class: 7K(128K)->7K(128K)
[2026-06-17T10:01:30.592+0800][28.220s][info][gc             ] GC(1075) Pause Young (Allocation Failure) 48M->41M(56M) 9.687ms
[2026-06-17T10:01:30.592+0800][28.220s][info][gc,cpu         ] GC(1075) User=0.00s Sys=0.00s Real=0.02s
[2026-06-17T10:01:30.616+0800][28.244s][info][gc,start       ] GC(1076) Pause Young (Allocation Failure)
[2026-06-17T10:01:30.618+0800][28.245s][info][gc,heap        ] GC(1076) PSYoungGen: 13250K(13312K)->5191K(14336K) Eden: 7128K(7168K)->0K(7168K) From: 6122K(6144K)->5191K(7168K)
[2026-06-17T10:01:30.620+0800][28.248s][info][gc,heap        ] GC(1076) ParOldGen: 36165K(44032K)->37442K(44032K)
[2026-06-17T10:01:30.622+0800][28.250s][info][gc,metaspace   ] GC(1076) Metaspace: 113K(320K)->113K(320K) NonClass: 105K(192K)->105K(192K) Class: 7K(128K)->7K(128K)
[2026-06-17T10:01:30.625+0800][28.253s][info][gc             ] GC(1076) Pause Young (Allocation Failure) 48M->41M(57M) 9.245ms
[2026-06-17T10:01:30.628+0800][28.256s][info][gc,cpu         ] GC(1076) User=0.00s Sys=0.00s Real=0.01s
[2026-06-17T10:01:30.640+0800][28.268s][info][gc,start       ] GC(1077) Pause Young (Allocation Failure)
[2026-06-17T10:01:30.642+0800][28.270s][info][gc,heap        ] GC(1077) PSYoungGen: 12210K(14336K)->3166K(14336K) Eden: 7019K(7168K)->0K(7168K) From: 5191K(7168K)->3166K(7168K)
[2026-06-17T10:01:30.643+0800][28.270s][info][gc,heap        ] GC(1077) ParOldGen: 37442K(44032K)->39547K(44032K)
[2026-06-17T10:01:30.645+0800][28.273s][info][gc,metaspace   ] GC(1077) Metaspace: 113K(320K)->113K(320K) NonClass: 105K(192K)->105K(192K) Class: 7K(128K)->7K(128K)
[2026-06-17T10:01:30.646+0800][28.274s][info][gc             ] GC(1077) Pause Young (Allocation Failure) 48M->41M(57M) 6.153ms
[2026-06-17T10:01:30.650+0800][28.278s][info][gc,cpu         ] GC(1077) User=0.00s Sys=0.00s Real=0.01s
[2026-06-17T10:01:30.674+0800][28.302s][info][gc,start       ] GC(1078) Pause Young (Allocation Failure)
[2026-06-17T10:01:30.676+0800][28.304s][info][gc,heap        ] GC(1078) PSYoungGen: 10297K(14336K)->3500K(14336K) Eden: 7131K(7168K)->0K(7168K) From: 3166K(7168K)->3500K(7168K)
[2026-06-17T10:01:30.677+0800][28.305s][info][gc,heap        ] GC(1078) ParOldGen: 39547K(44032K)->42658K(44032K)
[2026-06-17T10:01:30.678+0800][28.305s][info][gc,metaspace   ] GC(1078) Metaspace: 113K(320K)->113K(320K) NonClass: 105K(192K)->105K(192K) Class: 7K(128K)->7K(128K)
[2026-06-17T10:01:30.678+0800][28.306s][info][gc             ] GC(1078) Pause Young (Allocation Failure) 48M->45M(57M) 4.015ms
[2026-06-17T10:01:30.678+0800][28.306s][info][gc,cpu         ] GC(1078) User=0.00s Sys=0.00s Real=0.00s
[2026-06-17T10:01:30.701+0800][28.328s][info][gc,start       ] GC(1079) Pause Full (Ergonomics)
[2026-06-17T10:01:30.702+0800][28.329s][info][gc,phases,start] GC(1079) Marking Phase
[2026-06-17T10:01:30.705+0800][28.332s][info][gc,phases      ] GC(1079) Marking Phase 3.098ms
[2026-06-17T10:01:30.705+0800][28.333s][info][gc,phases,start] GC(1079) Summary Phase
[2026-06-17T10:01:30.706+0800][28.333s][info][gc,phases      ] GC(1079) Summary Phase 0.412ms
[2026-06-17T10:01:30.706+0800][28.334s][info][gc,phases,start] GC(1079) Adjust Roots
[2026-06-17T10:01:30.707+0800][28.335s][info][gc,phases      ] GC(1079) Adjust Roots 0.770ms
[2026-06-17T10:01:30.707+0800][28.335s][info][gc,phases,start] GC(1079) Compaction Phase
[2026-06-17T10:01:30.709+0800][28.337s][info][gc,phases      ] GC(1079) Compaction Phase 1.826ms
[2026-06-17T10:01:30.710+0800][28.337s][info][gc,phases,start] GC(1079) Post Compact
[2026-06-17T10:01:30.710+0800][28.338s][info][gc,phases      ] GC(1079) Post Compact 0.511ms
[2026-06-17T10:01:30.711+0800][28.338s][info][gc,heap        ] GC(1079) PSYoungGen: 10658K(14336K)->0K(14336K) Eden: 7157K(7168K)->0K(7168K) From: 3500K(7168K)->0K(7168K)
[2026-06-17T10:01:30.711+0800][28.339s][info][gc,heap        ] GC(1079) ParOldGen: 42658K(44032K)->23266K(44032K)
[2026-06-17T10:01:30.712+0800][28.339s][info][gc,metaspace   ] GC(1079) Metaspace: 113K(320K)->113K(320K) NonClass: 105K(192K)->105K(192K) Class: 7K(128K)->7K(128K)
[2026-06-17T10:01:30.712+0800][28.340s][info][gc             ] GC(1079) Pause Full (Ergonomics) 52M->22M(57M) 11.286ms
[2026-06-17T10:01:30.712+0800][28.340s][info][gc,cpu         ] GC(1079) User=0.00s Sys=0.01s Real=0.02s
[2026-06-17T10:01:30.734+0800][28.361s][info][gc,start       ] GC(1080) Pause Young (Allocation Failure)
[2026-06-17T10:01:30.735+0800][28.363s][info][gc,heap        ] GC(1080) PSYoungGen: 7168K(14336K)->3891K(14336K) Eden: 7168K(7168K)->0K(7168K) From: 0K(7168K)->3891K(7168K)
[2026-06-17T10:01:30.736+0800][28.364s][info][gc,heap        ] GC(1080) ParOldGen: 23266K(44032K)->23266K(44032K)
[2026-06-17T10:01:30.737+0800][28.364s][info][gc,metaspace   ] GC(1080) Metaspace: 113K(320K)->113K(320K) NonClass: 105K(192K)->105K(192K) Class: 7K(128K)->7K(128K)
[2026-06-17T10:01:30.737+0800][28.365s][info][gc             ] GC(1080) Pause Young (Allocation Failure) 29M->26M(57M) 3.471ms
[2026-06-17T10:01:30.738+0800][28.365s][info][gc,cpu         ] GC(1080) User=0.01s Sys=0.00s Real=0.00s
[2026-06-17T10:01:30.749+0800][28.377s][info][gc,start       ] GC(1081) Pause Young (Allocation Failure)
[2026-06-17T10:01:30.761+0800][28.389s][info][gc,heap        ] GC(1081) PSYoungGen: 11026K(14336K)->7096K(14336K) Eden: 7134K(7168K)->0K(7168K) From: 3891K(7168K)->7096K(7168K)
[2026-06-17T10:01:30.762+0800][28.389s][info][gc,heap        ] GC(1081) ParOldGen: 23266K(44032K)->23542K(44032K)
[2026-06-17T10:01:30.762+0800][28.390s][info][gc,metaspace   ] GC(1081) Metaspace: 113K(320K)->113K(320K) NonClass: 105K(192K)->105K(192K) Class: 7K(128K)->7K(128K)
[2026-06-17T10:01:30.763+0800][28.390s][info][gc             ] GC(1081) Pause Young (Allocation Failure) 33M->29M(57M) 13.395ms
[2026-06-17T10:01:30.763+0800][28.391s][info][gc,cpu         ] GC(1081) User=0.00s Sys=0.00s Real=0.02s
[2026-06-17T10:01:30.785+0800][28.413s][info][gc,start       ] GC(1082) Pause Young (Allocation Failure)
[2026-06-17T10:01:30.788+0800][28.416s][info][gc,heap        ] GC(1082) PSYoungGen: 14253K(14336K)->2585K(14336K) Eden: 7156K(7168K)->0K(7168K) From: 7096K(7168K)->2585K(7168K)
[2026-06-17T10:01:30.790+0800][28.418s][info][gc,heap        ] GC(1082) ParOldGen: 23542K(44032K)->28248K(44032K)
[2026-06-17T10:01:30.791+0800][28.419s][info][gc,metaspace   ] GC(1082) Metaspace: 113K(320K)->113K(320K) NonClass: 105K(192K)->105K(192K) Class: 7K(128K)->7K(128K)
[2026-06-17T10:01:30.793+0800][28.421s][info][gc             ] GC(1082) Pause Young (Allocation Failure) 36M->30M(57M) 7.624ms
[2026-06-17T10:01:30.803+0800][28.431s][info][gc,cpu         ] GC(1082) User=0.00s Sys=0.00s Real=0.02s
[2026-06-17T10:01:30.825+0800][28.453s][info][gc,start       ] GC(1083) Pause Young (Allocation Failure)
[2026-06-17T10:01:30.827+0800][28.455s][info][gc,heap        ] GC(1083) PSYoungGen: 9739K(14336K)->2516K(14336K) Eden: 7153K(7168K)->0K(7168K) From: 2585K(7168K)->2516K(7168K)
[2026-06-17T10:01:30.828+0800][28.456s][info][gc,heap        ] GC(1083) ParOldGen: 28248K(44032K)->28248K(44032K)
[2026-06-17T10:01:30.829+0800][28.456s][info][gc,metaspace   ] GC(1083) Metaspace: 113K(320K)->113K(320K) NonClass: 105K(192K)->105K(192K) Class: 7K(128K)->7K(128K)
[2026-06-17T10:01:30.829+0800][28.457s][info][gc             ] GC(1083) Pause Young (Allocation Failure) 37M->30M(57M) 4.008ms
[2026-06-17T10:01:30.830+0800][28.458s][info][gc,cpu         ] GC(1083) User=0.01s Sys=0.00s Real=0.00s
[2026-06-17T10:01:30.842+0800][28.470s][info][gc,start       ] GC(1084) Pause Young (Allocation Failure)
[2026-06-17T10:01:30.843+0800][28.471s][info][gc,heap        ] GC(1084) PSYoungGen: 9382K(14336K)->539K(14336K) Eden: 6866K(7168K)->0K(7168K) From: 2516K(7168K)->539K(7168K)
[2026-06-17T10:01:30.844+0800][28.472s][info][gc,heap        ] GC(1084) ParOldGen: 28248K(44032K)->30285K(44032K)
[2026-06-17T10:01:30.845+0800][28.473s][info][gc,metaspace   ] GC(1084) Metaspace: 113K(320K)->113K(320K) NonClass: 105K(192K)->105K(192K) Class: 7K(128K)->7K(128K)
[2026-06-17T10:01:30.846+0800][28.474s][info][gc             ] GC(1084) Pause Young (Allocation Failure) 36M->30M(57M) 4.234ms
[2026-06-17T10:01:30.847+0800][28.475s][info][gc,cpu         ] GC(1084) User=0.00s Sys=0.00s Real=0.01s
[2026-06-17T10:01:30.870+0800][28.498s][info][gc,start       ] GC(1085) Pause Young (Allocation Failure)
[2026-06-17T10:01:30.872+0800][28.500s][info][gc,heap        ] GC(1085) PSYoungGen: 7689K(14336K)->3771K(14336K) Eden: 7150K(7168K)->0K(7168K) From: 539K(7168K)->3771K(7168K)
[2026-06-17T10:01:30.873+0800][28.501s][info][gc,heap        ] GC(1085) ParOldGen: 30285K(44032K)->30800K(44032K)
[2026-06-17T10:01:30.873+0800][28.501s][info][gc,metaspace   ] GC(1085) Metaspace: 113K(320K)->113K(320K) NonClass: 105K(192K)->105K(192K) Class: 7K(128K)->7K(128K)
[2026-06-17T10:01:30.874+0800][28.502s][info][gc             ] GC(1085) Pause Young (Allocation Failure) 37M->33M(57M) 3.800ms
[2026-06-17T10:01:30.875+0800][28.502s][info][gc,cpu         ] GC(1085) User=0.00s Sys=0.00s Real=0.01s
[2026-06-17T10:01:30.897+0800][28.525s][info][gc,start       ] GC(1086) Pause Young (Allocation Failure)
[2026-06-17T10:01:30.899+0800][28.526s][info][gc,heap        ] GC(1086) PSYoungGen: 10918K(14336K)->2721K(14336K) Eden: 7146K(7168K)->0K(7168K) From: 3771K(7168K)->2721K(7168K)
[2026-06-17T10:01:30.899+0800][28.527s][info][gc,heap        ] GC(1086) ParOldGen: 30800K(44032K)->31855K(44032K)
[2026-06-17T10:01:30.900+0800][28.527s][info][gc,metaspace   ] GC(1086) Metaspace: 113K(320K)->113K(320K) NonClass: 105K(192K)->105K(192K) Class: 7K(128K)->7K(128K)
[2026-06-17T10:01:30.900+0800][28.528s][info][gc             ] GC(1086) Pause Young (Allocation Failure) 40M->33M(57M) 3.359ms
[2026-06-17T10:01:30.901+0800][28.528s][info][gc,cpu         ] GC(1086) User=0.00s Sys=0.00s Real=0.00s
[2026-06-17T10:01:30.923+0800][28.551s][info][gc,start       ] GC(1087) Pause Young (Allocation Failure)
[2026-06-17T10:01:30.925+0800][28.553s][info][gc,heap        ] GC(1087) PSYoungGen: 9858K(14336K)->547K(14336K) Eden: 7137K(7168K)->0K(7168K) From: 2721K(7168K)->547K(7168K)
[2026-06-17T10:01:30.926+0800][28.553s][info][gc,heap        ] GC(1087) ParOldGen: 31855K(44032K)->34107K(44032K)
[2026-06-17T10:01:30.926+0800][28.554s][info][gc,metaspace   ] GC(1087) Metaspace: 113K(320K)->113K(320K) NonClass: 105K(192K)->105K(192K) Class: 7K(128K)->7K(128K)
[2026-06-17T10:01:30.927+0800][28.554s][info][gc             ] GC(1087) Pause Young (Allocation Failure) 40M->33M(57M) 3.498ms
[2026-06-17T10:01:30.927+0800][28.555s][info][gc,cpu         ] GC(1087) User=0.00s Sys=0.00s Real=0.00s
[2026-06-17T10:01:30.939+0800][28.567s][info][gc,start       ] GC(1088) Pause Young (Allocation Failure)
[2026-06-17T10:01:30.940+0800][28.568s][info][gc,heap        ] GC(1088) PSYoungGen: 7693K(14336K)->4298K(14336K) Eden: 7146K(7168K)->0K(7168K) From: 547K(7168K)->4298K(7168K)
[2026-06-17T10:01:30.940+0800][28.568s][info][gc,heap        ] GC(1088) ParOldGen: 34107K(44032K)->34107K(44032K)
[2026-06-17T10:01:30.941+0800][28.568s][info][gc,metaspace   ] GC(1088) Metaspace: 113K(320K)->113K(320K) NonClass: 105K(192K)->105K(192K) Class: 7K(128K)->7K(128K)
[2026-06-17T10:01:30.941+0800][28.569s][info][gc             ] GC(1088) Pause Young (Allocation Failure) 40M->37M(57M) 2.064ms
[2026-06-17T10:01:30.941+0800][28.569s][info][gc,cpu         ] GC(1088) User=0.00s Sys=0.00s Real=0.00s
[2026-06-17T10:01:30.963+0800][28.591s][info][gc,start       ] GC(1089) Pause Young (Allocation Failure)
[2026-06-17T10:01:30.964+0800][28.592s][info][gc,heap        ] GC(1089) PSYoungGen: 11413K(14336K)->2908K(14336K) Eden: 7115K(7168K)->0K(7168K) From: 4298K(7168K)->2908K(7168K)
[2026-06-17T10:01:30.965+0800][28.593s][info][gc,heap        ] GC(1089) ParOldGen: 34107K(44032K)->35935K(44032K)
[2026-06-17T10:01:30.965+0800][28.593s][info][gc,metaspace   ] GC(1089) Metaspace: 113K(320K)->113K(320K) NonClass: 105K(192K)->105K(192K) Class: 7K(128K)->7K(128K)
[2026-06-17T10:01:30.966+0800][28.594s][info][gc             ] GC(1089) Pause Young (Allocation Failure) 44M->37M(57M) 2.943ms
[2026-06-17T10:01:30.967+0800][28.595s][info][gc,cpu         ] GC(1089) User=0.00s Sys=0.00s Real=0.00s
[2026-06-17T10:01:30.989+0800][28.617s][info][gc,start       ] GC(1090) Pause Young (Allocation Failure)
[2026-06-17T10:01:30.991+0800][28.618s][info][gc,heap        ] GC(1090) PSYoungGen: 10049K(14336K)->3312K(14336K) Eden: 7141K(7168K)->0K(7168K) From: 2908K(7168K)->3312K(7168K)
[2026-06-17T10:01:30.991+0800][28.619s][info][gc,heap        ] GC(1090) ParOldGen: 35935K(44032K)->35935K(44032K)
[2026-06-17T10:01:30.992+0800][28.619s][info][gc,metaspace   ] GC(1090) Metaspace: 113K(320K)->113K(320K) NonClass: 105K(192K)->105K(192K) Class: 7K(128K)->7K(128K)
[2026-06-17T10:01:30.992+0800][28.620s][info][gc             ] GC(1090) Pause Young (Allocation Failure) 44M->38M(57M) 3.298ms
[2026-06-17T10:01:30.993+0800][28.621s][info][gc,cpu         ] GC(1090) User=0.00s Sys=0.00s Real=0.01s
[2026-06-17T10:01:31.004+0800][28.632s][info][gc,start       ] GC(1091) Pause Young (Allocation Failure)
[2026-06-17T10:01:31.006+0800][28.634s][info][gc,heap        ] GC(1091) PSYoungGen: 10215K(14336K)->1458K(14848K) Eden: 6902K(7168K)->0K(8192K) From: 3312K(7168K)->1458K(6656K)
[2026-06-17T10:01:31.006+0800][28.634s][info][gc,heap        ] GC(1091) ParOldGen: 35935K(44032K)->37747K(44032K)
[2026-06-17T10:01:31.007+0800][28.635s][info][gc,metaspace   ] GC(1091) Metaspace: 113K(320K)->113K(320K) NonClass: 105K(192K)->105K(192K) Class: 7K(128K)->7K(128K)
[2026-06-17T10:01:31.008+0800][28.635s][info][gc             ] GC(1091) Pause Young (Allocation Failure) 45M->38M(57M) 3.015ms
[2026-06-17T10:01:31.008+0800][28.636s][info][gc,cpu         ] GC(1091) User=0.00s Sys=0.00s Real=0.00s
[2026-06-17T10:01:31.030+0800][28.657s][info][gc,start       ] GC(1092) Pause Young (Allocation Failure)
[2026-06-17T10:01:31.031+0800][28.659s][info][gc,heap        ] GC(1092) PSYoungGen: 9641K(14848K)->4414K(12800K) Eden: 8183K(8192K)->0K(8192K) From: 1458K(6656K)->4414K(4608K)
[2026-06-17T10:01:31.031+0800][28.659s][info][gc,heap        ] GC(1092) ParOldGen: 37747K(44032K)->39181K(44032K)
[2026-06-17T10:01:31.031+0800][28.659s][info][gc,metaspace   ] GC(1092) Metaspace: 113K(320K)->113K(320K) NonClass: 105K(192K)->105K(192K) Class: 7K(128K)->7K(128K)
[2026-06-17T10:01:31.032+0800][28.659s][info][gc             ] GC(1092) Pause Young (Allocation Failure) 46M->42M(55M) 1.979ms
[2026-06-17T10:01:31.032+0800][28.660s][info][gc,cpu         ] GC(1092) User=0.00s Sys=0.00s Real=0.01s
[2026-06-17T10:01:31.054+0800][28.681s][info][gc,start       ] GC(1093) Pause Young (Allocation Failure)
[2026-06-17T10:01:31.055+0800][28.683s][info][gc,heap        ] GC(1093) PSYoungGen: 12604K(12800K)->3833K(14848K) Eden: 8189K(8192K)->0K(7680K) From: 4414K(4608K)->3833K(7168K)
[2026-06-17T10:01:31.056+0800][28.684s][info][gc,heap        ] GC(1093) ParOldGen: 39181K(44032K)->41078K(44032K)
[2026-06-17T10:01:31.056+0800][28.684s][info][gc,metaspace   ] GC(1093) Metaspace: 113K(320K)->113K(320K) NonClass: 105K(192K)->105K(192K) Class: 7K(128K)->7K(128K)
[2026-06-17T10:01:31.057+0800][28.685s][info][gc             ] GC(1093) Pause Young (Allocation Failure) 50M->43M(57M) 3.282ms
[2026-06-17T10:01:31.058+0800][28.685s][info][gc,cpu         ] GC(1093) User=0.01s Sys=0.00s Real=0.00s
[2026-06-17T10:01:31.080+0800][28.708s][info][gc,start       ] GC(1094) Pause Full (Ergonomics)
[2026-06-17T10:01:31.081+0800][28.709s][info][gc,phases,start] GC(1094) Marking Phase
[2026-06-17T10:01:31.085+0800][28.713s][info][gc,phases      ] GC(1094) Marking Phase 3.713ms
[2026-06-17T10:01:31.086+0800][28.713s][info][gc,phases,start] GC(1094) Summary Phase
[2026-06-17T10:01:31.086+0800][28.714s][info][gc,phases      ] GC(1094) Summary Phase 0.689ms
[2026-06-17T10:01:31.087+0800][28.715s][info][gc,phases,start] GC(1094) Adjust Roots
[2026-06-17T10:01:31.088+0800][28.716s][info][gc,phases      ] GC(1094) Adjust Roots 1.133ms
[2026-06-17T10:01:31.089+0800][28.716s][info][gc,phases,start] GC(1094) Compaction Phase
[2026-06-17T10:01:31.091+0800][28.719s][info][gc,phases      ] GC(1094) Compaction Phase 2.893ms
[2026-06-17T10:01:31.092+0800][28.720s][info][gc,phases,start] GC(1094) Post Compact
[2026-06-17T10:01:31.092+0800][28.720s][info][gc,phases      ] GC(1094) Post Compact 0.476ms
[2026-06-17T10:01:31.093+0800][28.721s][info][gc,heap        ] GC(1094) PSYoungGen: 11486K(14848K)->0K(14336K) Eden: 7652K(7680K)->0K(7680K) From: 3833K(7168K)->0K(6656K)
[2026-06-17T10:01:31.093+0800][28.721s][info][gc,heap        ] GC(1094) ParOldGen: 41078K(44032K)->27472K(44032K)
[2026-06-17T10:01:31.093+0800][28.721s][info][gc,metaspace   ] GC(1094) Metaspace: 113K(320K)->113K(320K) NonClass: 105K(192K)->105K(192K) Class: 7K(128K)->7K(128K)
[2026-06-17T10:01:31.093+0800][28.721s][info][gc             ] GC(1094) Pause Full (Ergonomics) 51M->26M(57M) 13.265ms
[2026-06-17T10:01:31.094+0800][28.722s][info][gc,cpu         ] GC(1094) User=0.01s Sys=0.00s Real=0.02s
[2026-06-17T10:01:31.116+0800][28.744s][info][gc,start       ] GC(1095) Pause Young (Allocation Failure)
[2026-06-17T10:01:31.117+0800][28.745s][info][gc,heap        ] GC(1095) PSYoungGen: 7648K(14336K)->4347K(13824K) Eden: 7648K(7680K)->0K(7168K) From: 0K(6656K)->4347K(6656K)
[2026-06-17T10:01:31.118+0800][28.746s][info][gc,heap        ] GC(1095) ParOldGen: 27472K(44032K)->27472K(44032K)
[2026-06-17T10:01:31.118+0800][28.746s][info][gc,metaspace   ] GC(1095) Metaspace: 113K(320K)->113K(320K) NonClass: 105K(192K)->105K(192K) Class: 7K(128K)->7K(128K)
[2026-06-17T10:01:31.119+0800][28.746s][info][gc             ] GC(1095) Pause Young (Allocation Failure) 34M->31M(56M) 2.843ms
[2026-06-17T10:01:31.119+0800][28.747s][info][gc,cpu         ] GC(1095) User=0.00s Sys=0.00s Real=0.00s
[2026-06-17T10:01:31.131+0800][28.758s][info][gc,start       ] GC(1096) Pause Young (Allocation Failure)
[2026-06-17T10:01:31.132+0800][28.760s][info][gc,heap        ] GC(1096) PSYoungGen: 11430K(13824K)->977K(14336K) Eden: 7082K(7168K)->0K(7168K) From: 4347K(6656K)->977K(7168K)
[2026-06-17T10:01:31.132+0800][28.760s][info][gc,heap        ] GC(1096) ParOldGen: 27472K(44032K)->31321K(44032K)
[2026-06-17T10:01:31.133+0800][28.761s][info][gc,metaspace   ] GC(1096) Metaspace: 113K(320K)->113K(320K) NonClass: 105K(192K)->105K(192K) Class: 7K(128K)->7K(128K)
[2026-06-17T10:01:31.133+0800][28.761s][info][gc             ] GC(1096) Pause Young (Allocation Failure) 37M->31M(57M) 2.675ms
[2026-06-17T10:01:31.134+0800][28.762s][info][gc,cpu         ] GC(1096) User=0.00s Sys=0.00s Real=0.00s
[2026-06-17T10:01:31.156+0800][28.784s][info][gc,start       ] GC(1097) Pause Young (Allocation Failure)
[2026-06-17T10:01:31.158+0800][28.786s][info][gc,heap        ] GC(1097) PSYoungGen: 8086K(14336K)->3726K(14848K) Eden: 7108K(7168K)->0K(7680K) From: 977K(7168K)->3726K(7168K)
[2026-06-17T10:01:31.158+0800][28.786s][info][gc,heap        ] GC(1097) ParOldGen: 31321K(44032K)->32274K(44032K)
[2026-06-17T10:01:31.159+0800][28.787s][info][gc,metaspace   ] GC(1097) Metaspace: 113K(320K)->113K(320K) NonClass: 105K(192K)->105K(192K) Class: 7K(128K)->7K(128K)
[2026-06-17T10:01:31.160+0800][28.787s][info][gc             ] GC(1097) Pause Young (Allocation Failure) 38M->35M(57M) 3.819ms
[2026-06-17T10:01:31.160+0800][28.788s][info][gc,cpu         ] GC(1097) User=0.01s Sys=0.00s Real=0.00s
[2026-06-17T10:01:31.183+0800][28.811s][info][gc,start       ] GC(1098) Pause Young (Allocation Failure)
[2026-06-17T10:01:31.185+0800][28.813s][info][gc,heap        ] GC(1098) PSYoungGen: 11402K(14848K)->3400K(14336K) Eden: 7676K(7680K)->0K(7680K) From: 3726K(7168K)->3400K(6656K)
[2026-06-17T10:01:31.186+0800][28.814s][info][gc,heap        ] GC(1098) ParOldGen: 32274K(44032K)->33375K(44032K)
[2026-06-17T10:01:31.187+0800][28.814s][info][gc,metaspace   ] GC(1098) Metaspace: 113K(320K)->113K(320K) NonClass: 105K(192K)->105K(192K) Class: 7K(128K)->7K(128K)
[2026-06-17T10:01:31.187+0800][28.815s][info][gc             ] GC(1098) Pause Young (Allocation Failure) 42M->35M(57M) 4.223ms
[2026-06-17T10:01:31.189+0800][28.816s][info][gc,cpu         ] GC(1098) User=0.00s Sys=0.00s Real=0.00s
[2026-06-17T10:01:31.210+0800][28.838s][info][gc,start       ] GC(1099) Pause Young (Allocation Failure)
[2026-06-17T10:01:31.211+0800][28.839s][info][gc,heap        ] GC(1099) PSYoungGen: 11036K(14336K)->2244K(14848K) Eden: 7635K(7680K)->0K(8192K) From: 3400K(6656K)->2244K(6656K)
[2026-06-17T10:01:31.212+0800][28.839s][info][gc,heap        ] GC(1099) ParOldGen: 33375K(44032K)->35071K(44032K)
[2026-06-17T10:01:31.212+0800][28.840s][info][gc,metaspace   ] GC(1099) Metaspace: 113K(320K)->113K(320K) NonClass: 105K(192K)->105K(192K) Class: 7K(128K)->7K(128K)
[2026-06-17T10:01:31.212+0800][28.840s][info][gc             ] GC(1099) Pause Young (Allocation Failure) 43M->36M(57M) 1.805ms
[2026-06-17T10:01:31.212+0800][28.840s][info][gc,cpu         ] GC(1099) User=0.00s Sys=0.00s Real=0.01s
[2026-06-17T10:01:31.234+0800][28.861s][info][gc,start       ] GC(1100) Pause Young (Allocation Failure)
[2026-06-17T10:01:31.235+0800][28.862s][info][gc,heap        ] GC(1100) PSYoungGen: 10418K(14848K)->3394K(14848K) Eden: 8174K(8192K)->0K(8192K) From: 2244K(6656K)->3394K(6656K)
[2026-06-17T10:01:31.235+0800][28.862s][info][gc,heap        ] GC(1100) ParOldGen: 35071K(44032K)->35071K(44032K)
[2026-06-17T10:01:31.235+0800][28.863s][info][gc,metaspace   ] GC(1100) Metaspace: 113K(320K)->113K(320K) NonClass: 105K(192K)->105K(192K) Class: 7K(128K)->7K(128K)
[2026-06-17T10:01:31.235+0800][28.863s][info][gc             ] GC(1100) Pause Young (Allocation Failure) 44M->37M(57M) 1.345ms
[2026-06-17T10:01:31.235+0800][28.863s][info][gc,cpu         ] GC(1100) User=0.00s Sys=0.00s Real=0.00s
[2026-06-17T10:01:31.246+0800][28.874s][info][gc,start       ] GC(1101) Pause Young (Allocation Failure)
[2026-06-17T10:01:31.247+0800][28.874s][info][gc,heap        ] GC(1101) PSYoungGen: 11583K(14848K)->1698K(15360K) Eden: 8189K(8192K)->0K(9216K) From: 3394K(6656K)->1698K(6144K)
[2026-06-17T10:01:31.247+0800][28.875s][info][gc,heap        ] GC(1101) ParOldGen: 35071K(44032K)->38044K(44032K)
[2026-06-17T10:01:31.247+0800][28.875s][info][gc,metaspace   ] GC(1101) Metaspace: 113K(320K)->113K(320K) NonClass: 105K(192K)->105K(192K) Class: 7K(128K)->7K(128K)
[2026-06-17T10:01:31.247+0800][28.875s][info][gc             ] GC(1101) Pause Young (Allocation Failure) 45M->38M(58M) 1.540ms
[2026-06-17T10:01:31.248+0800][28.875s][info][gc,cpu         ] GC(1101) User=0.00s Sys=0.00s Real=0.00s
[2026-06-17T10:01:31.280+0800][28.907s][info][gc,start       ] GC(1102) Pause Young (Allocation Failure)
[2026-06-17T10:01:31.282+0800][28.910s][info][gc,heap        ] GC(1102) PSYoungGen: 10863K(15360K)->2269K(15360K) Eden: 9164K(9216K)->0K(9216K) From: 1698K(6144K)->2269K(6144K)
[2026-06-17T10:01:31.283+0800][28.910s][info][gc,heap        ] GC(1102) ParOldGen: 38044K(44032K)->39718K(44032K)
[2026-06-17T10:01:31.283+0800][28.911s][info][gc,metaspace   ] GC(1102) Metaspace: 113K(320K)->113K(320K) NonClass: 105K(192K)->105K(192K) Class: 7K(128K)->7K(128K)
[2026-06-17T10:01:31.284+0800][28.911s][info][gc             ] GC(1102) Pause Young (Allocation Failure) 47M->41M(58M) 4.064ms
[2026-06-17T10:01:31.284+0800][28.912s][info][gc,cpu         ] GC(1102) User=0.00s Sys=0.00s Real=0.01s
[2026-06-17T10:01:31.307+0800][28.934s][info][gc,start       ] GC(1103) Pause Young (Allocation Failure)
[2026-06-17T10:01:31.308+0800][28.936s][info][gc,heap        ] GC(1103) PSYoungGen: 11474K(15360K)->4152K(15360K) Eden: 9204K(9216K)->0K(9216K) From: 2269K(6144K)->4152K(6144K)
[2026-06-17T10:01:31.309+0800][28.936s][info][gc,heap        ] GC(1103) ParOldGen: 39718K(44032K)->40081K(44032K)
[2026-06-17T10:01:31.309+0800][28.937s][info][gc,metaspace   ] GC(1103) Metaspace: 113K(320K)->113K(320K) NonClass: 105K(192K)->105K(192K) Class: 7K(128K)->7K(128K)
[2026-06-17T10:01:31.310+0800][28.937s][info][gc             ] GC(1103) Pause Young (Allocation Failure) 49M->43M(58M) 3.217ms
[2026-06-17T10:01:31.310+0800][28.938s][info][gc,cpu         ] GC(1103) User=0.00s Sys=0.00s Real=0.00s
[2026-06-17T10:01:31.332+0800][28.960s][info][gc,start       ] GC(1104) Pause Young (Allocation Failure)
[2026-06-17T10:01:31.335+0800][28.963s][info][gc,heap        ] GC(1104) PSYoungGen: 13352K(15360K)->4238K(15360K) Eden: 9199K(9216K)->0K(9216K) From: 4152K(6144K)->4238K(6144K)
[2026-06-17T10:01:31.336+0800][28.964s][info][gc,heap        ] GC(1104) ParOldGen: 40081K(44032K)->42144K(44032K)
[2026-06-17T10:01:31.337+0800][28.965s][info][gc,metaspace   ] GC(1104) Metaspace: 113K(320K)->113K(320K) NonClass: 105K(192K)->105K(192K) Class: 7K(128K)->7K(128K)
[2026-06-17T10:01:31.338+0800][28.966s][info][gc             ] GC(1104) Pause Young (Allocation Failure) 52M->45M(58M) 5.719ms
[2026-06-17T10:01:31.339+0800][28.966s][info][gc,cpu         ] GC(1104) User=0.01s Sys=0.00s Real=0.00s
[2026-06-17T10:01:31.361+0800][28.989s][info][gc,start       ] GC(1105) Pause Full (Ergonomics)
[2026-06-17T10:01:31.365+0800][28.993s][info][gc,phases,start] GC(1105) Marking Phase
[2026-06-17T10:01:31.379+0800][29.007s][info][gc,phases      ] GC(1105) Marking Phase 14.187ms
[2026-06-17T10:01:31.386+0800][29.013s][info][gc,phases,start] GC(1105) Summary Phase
[2026-06-17T10:01:31.389+0800][29.017s][info][gc,phases      ] GC(1105) Summary Phase 3.705ms
[2026-06-17T10:01:31.390+0800][29.018s][info][gc,phases,start] GC(1105) Adjust Roots
[2026-06-17T10:01:31.391+0800][29.019s][info][gc,phases      ] GC(1105) Adjust Roots 0.866ms
[2026-06-17T10:01:31.391+0800][29.019s][info][gc,phases,start] GC(1105) Compaction Phase
[2026-06-17T10:01:31.394+0800][29.022s][info][gc,phases      ] GC(1105) Compaction Phase 2.569ms
[2026-06-17T10:01:31.398+0800][29.025s][info][gc,phases,start] GC(1105) Post Compact
[2026-06-17T10:01:31.399+0800][29.026s][info][gc,phases      ] GC(1105) Post Compact 0.780ms
[2026-06-17T10:01:31.399+0800][29.027s][info][gc,heap        ] GC(1105) PSYoungGen: 13128K(15360K)->0K(15360K) Eden: 8889K(9216K)->0K(9216K) From: 4238K(6144K)->0K(6144K)
[2026-06-17T10:01:31.400+0800][29.027s][info][gc,heap        ] GC(1105) ParOldGen: 42144K(44032K)->21980K(44032K)
[2026-06-17T10:01:31.400+0800][29.028s][info][gc,metaspace   ] GC(1105) Metaspace: 113K(320K)->113K(320K) NonClass: 105K(192K)->105K(192K) Class: 7K(128K)->7K(128K)
[2026-06-17T10:01:31.401+0800][29.028s][info][gc             ] GC(1105) Pause Full (Ergonomics) 53M->21M(58M) 39.593ms
[2026-06-17T10:01:31.402+0800][29.029s][info][gc,cpu         ] GC(1105) User=0.01s Sys=0.00s Real=0.04s
[2026-06-17T10:01:31.435+0800][29.063s][info][gc,start       ] GC(1106) Pause Young (Allocation Failure)
[2026-06-17T10:01:31.437+0800][29.064s][info][gc,heap        ] GC(1106) PSYoungGen: 9215K(15360K)->2077K(15360K) Eden: 9215K(9216K)->0K(9216K) From: 0K(6144K)->2077K(6144K)
[2026-06-17T10:01:31.437+0800][29.065s][info][gc,heap        ] GC(1106) ParOldGen: 21980K(44032K)->21980K(44032K)
[2026-06-17T10:01:31.438+0800][29.065s][info][gc,metaspace   ] GC(1106) Metaspace: 113K(320K)->113K(320K) NonClass: 105K(192K)->105K(192K) Class: 7K(128K)->7K(128K)
[2026-06-17T10:01:31.438+0800][29.066s][info][gc             ] GC(1106) Pause Young (Allocation Failure) 30M->23M(58M) 3.327ms
[2026-06-17T10:01:31.439+0800][29.067s][info][gc,cpu         ] GC(1106) User=0.00s Sys=0.00s Real=0.00s
[2026-06-17T10:01:31.462+0800][29.089s][info][gc,start       ] GC(1107) Pause Young (Allocation Failure)
[2026-06-17T10:01:31.464+0800][29.092s][info][gc,heap        ] GC(1107) PSYoungGen: 11283K(15360K)->4269K(14336K) Eden: 9206K(9216K)->0K(8192K) From: 2077K(6144K)->4269K(6144K)
[2026-06-17T10:01:31.465+0800][29.093s][info][gc,heap        ] GC(1107) ParOldGen: 21980K(44032K)->21980K(44032K)
[2026-06-17T10:01:31.466+0800][29.093s][info][gc,metaspace   ] GC(1107) Metaspace: 113K(320K)->113K(320K) NonClass: 105K(192K)->105K(192K) Class: 7K(128K)->7K(128K)
[2026-06-17T10:01:31.466+0800][29.094s][info][gc             ] GC(1107) Pause Young (Allocation Failure) 32M->25M(57M) 4.677ms
[2026-06-17T10:01:31.467+0800][29.095s][info][gc,cpu         ] GC(1107) User=0.00s Sys=0.00s Real=0.01s
[2026-06-17T10:01:31.479+0800][29.106s][info][gc,start       ] GC(1108) Pause Young (Allocation Failure)
[2026-06-17T10:01:31.480+0800][29.108s][info][gc,heap        ] GC(1108) PSYoungGen: 12251K(14336K)->5138K(14848K) Eden: 7981K(8192K)->0K(8192K) From: 4269K(6144K)->5138K(6656K)
[2026-06-17T10:01:31.481+0800][29.109s][info][gc,heap        ] GC(1108) ParOldGen: 21980K(44032K)->21980K(44032K)
[2026-06-17T10:01:31.482+0800][29.109s][info][gc,metaspace   ] GC(1108) Metaspace: 113K(320K)->113K(320K) NonClass: 105K(192K)->105K(192K) Class: 7K(128K)->7K(128K)
[2026-06-17T10:01:31.482+0800][29.110s][info][gc             ] GC(1108) Pause Young (Allocation Failure) 33M->26M(57M) 3.742ms
[2026-06-17T10:01:31.483+0800][29.111s][info][gc,cpu         ] GC(1108) User=0.01s Sys=0.00s Real=0.01s
[2026-06-17T10:01:31.506+0800][29.134s][info][gc,start       ] GC(1109) Pause Young (Allocation Failure)
[2026-06-17T10:01:31.509+0800][29.137s][info][gc,heap        ] GC(1109) PSYoungGen: 13303K(14848K)->6645K(13824K) Eden: 8164K(8192K)->0K(7168K) From: 5138K(6656K)->6645K(6656K)
[2026-06-17T10:01:31.510+0800][29.137s][info][gc,heap        ] GC(1109) ParOldGen: 21980K(44032K)->25376K(44032K)
[2026-06-17T10:01:31.510+0800][29.138s][info][gc,metaspace   ] GC(1109) Metaspace: 113K(320K)->113K(320K) NonClass: 105K(192K)->105K(192K) Class: 7K(128K)->7K(128K)
[2026-06-17T10:01:31.511+0800][29.138s][info][gc             ] GC(1109) Pause Young (Allocation Failure) 34M->31M(56M) 4.489ms
[2026-06-17T10:01:31.511+0800][29.139s][info][gc,cpu         ] GC(1109) User=0.00s Sys=0.00s Real=0.01s
[2026-06-17T10:01:31.533+0800][29.160s][info][gc,start       ] GC(1110) Pause Young (Allocation Failure)
[2026-06-17T10:01:31.534+0800][29.162s][info][gc,heap        ] GC(1110) PSYoungGen: 13806K(13824K)->6656K(14336K) Eden: 7161K(7168K)->0K(7168K) From: 6645K(6656K)->6656K(7168K)
[2026-06-17T10:01:31.535+0800][29.162s][info][gc,heap        ] GC(1110) ParOldGen: 25376K(44032K)->25889K(44032K)
[2026-06-17T10:01:31.535+0800][29.163s][info][gc,metaspace   ] GC(1110) Metaspace: 113K(320K)->113K(320K) NonClass: 105K(192K)->105K(192K) Class: 7K(128K)->7K(128K)
[2026-06-17T10:01:31.535+0800][29.163s][info][gc             ] GC(1110) Pause Young (Allocation Failure) 38M->31M(57M) 2.417ms
[2026-06-17T10:01:31.535+0800][29.163s][info][gc,cpu         ] GC(1110) User=0.00s Sys=0.00s Real=0.00s
[2026-06-17T10:01:31.557+0800][29.184s][info][gc,start       ] GC(1111) Pause Young (Allocation Failure)
[2026-06-17T10:01:31.558+0800][29.186s][info][gc,heap        ] GC(1111) PSYoungGen: 13817K(14336K)->3716K(14336K) Eden: 7160K(7168K)->0K(7168K) From: 6656K(7168K)->3716K(7168K)
[2026-06-17T10:01:31.559+0800][29.186s][info][gc,heap        ] GC(1111) ParOldGen: 25889K(44032K)->28938K(44032K)
[2026-06-17T10:01:31.559+0800][29.187s][info][gc,metaspace   ] GC(1111) Metaspace: 113K(320K)->113K(320K) NonClass: 105K(192K)->105K(192K) Class: 7K(128K)->7K(128K)
[2026-06-17T10:01:31.560+0800][29.187s][info][gc             ] GC(1111) Pause Young (Allocation Failure) 38M->31M(57M) 3.031ms
[2026-06-17T10:01:31.560+0800][29.188s][info][gc,cpu         ] GC(1111) User=0.01s Sys=0.00s Real=0.00s
[2026-06-17T10:01:31.572+0800][29.199s][info][gc,start       ] GC(1112) Pause Young (Allocation Failure)
[2026-06-17T10:01:31.573+0800][29.201s][info][gc,heap        ] GC(1112) PSYoungGen: 10867K(14336K)->5528K(14336K) Eden: 7151K(7168K)->0K(7168K) From: 3716K(7168K)->5528K(7168K)
[2026-06-17T10:01:31.573+0800][29.201s][info][gc,heap        ] GC(1112) ParOldGen: 28938K(44032K)->31133K(44032K)
[2026-06-17T10:01:31.574+0800][29.201s][info][gc,metaspace   ] GC(1112) Metaspace: 113K(320K)->113K(320K) NonClass: 105K(192K)->105K(192K) Class: 7K(128K)->7K(128K)
[2026-06-17T10:01:31.574+0800][29.202s][info][gc             ] GC(1112) Pause Young (Allocation Failure) 38M->35M(57M) 2.170ms
[2026-06-17T10:01:31.574+0800][29.202s][info][gc,cpu         ] GC(1112) User=0.00s Sys=0.00s Real=0.00s
[2026-06-17T10:01:31.596+0800][29.223s][info][gc,start       ] GC(1113) Pause Young (Allocation Failure)
[2026-06-17T10:01:31.597+0800][29.225s][info][gc,heap        ] GC(1113) PSYoungGen: 12662K(14336K)->32K(14336K) Eden: 7134K(7168K)->0K(7168K) From: 5528K(7168K)->32K(7168K)
[2026-06-17T10:01:31.598+0800][29.225s][info][gc,heap        ] GC(1113) ParOldGen: 31133K(44032K)->33215K(44032K)
[2026-06-17T10:01:31.598+0800][29.226s][info][gc,metaspace   ] GC(1113) Metaspace: 113K(320K)->113K(320K) NonClass: 105K(192K)->105K(192K) Class: 7K(128K)->7K(128K)
[2026-06-17T10:01:31.598+0800][29.226s][info][gc             ] GC(1113) Pause Young (Allocation Failure) 42M->32M(57M) 2.386ms
[2026-06-17T10:01:31.598+0800][29.226s][info][gc,cpu         ] GC(1113) User=0.00s Sys=0.00s Real=0.00s
[2026-06-17T10:01:31.621+0800][29.248s][info][gc,start       ] GC(1114) Pause Young (Allocation Failure)
[2026-06-17T10:01:31.623+0800][29.251s][info][gc,heap        ] GC(1114) PSYoungGen: 7170K(14336K)->3514K(14336K) Eden: 7138K(7168K)->0K(7168K) From: 32K(7168K)->3514K(7168K)
[2026-06-17T10:01:31.624+0800][29.251s][info][gc,heap        ] GC(1114) ParOldGen: 33215K(44032K)->33223K(44032K)
[2026-06-17T10:01:31.624+0800][29.252s][info][gc,metaspace   ] GC(1114) Metaspace: 113K(320K)->113K(320K) NonClass: 105K(192K)->105K(192K) Class: 7K(128K)->7K(128K)
[2026-06-17T10:01:31.625+0800][29.253s][info][gc             ] GC(1114) Pause Young (Allocation Failure) 39M->35M(57M) 4.300ms
[2026-06-17T10:01:31.625+0800][29.253s][info][gc,cpu         ] GC(1114) User=0.00s Sys=0.00s Real=0.01s
[2026-06-17T10:01:31.638+0800][29.266s][info][gc,start       ] GC(1115) Pause Young (Allocation Failure)
[2026-06-17T10:01:31.642+0800][29.270s][info][gc,heap        ] GC(1115) PSYoungGen: 10551K(14336K)->2218K(14336K) Eden: 7037K(7168K)->0K(7168K) From: 3514K(7168K)->2218K(7168K)
[2026-06-17T10:01:31.643+0800][29.271s][info][gc,heap        ] GC(1115) ParOldGen: 33223K(44032K)->34787K(44032K)
[2026-06-17T10:01:31.643+0800][29.271s][info][gc,metaspace   ] GC(1115) Metaspace: 113K(320K)->113K(320K) NonClass: 105K(192K)->105K(192K) Class: 7K(128K)->7K(128K)
[2026-06-17T10:01:31.644+0800][29.271s][info][gc             ] GC(1115) Pause Young (Allocation Failure) 42M->36M(57M) 5.879ms
[2026-06-17T10:01:31.644+0800][29.272s][info][gc,cpu         ] GC(1115) User=0.00s Sys=0.00s Real=0.01s
[2026-06-17T10:01:31.666+0800][29.294s][info][gc,start       ] GC(1116) Pause Young (Allocation Failure)
[2026-06-17T10:01:31.668+0800][29.296s][info][gc,heap        ] GC(1116) PSYoungGen: 9369K(14336K)->3508K(14336K) Eden: 7151K(7168K)->0K(7168K) From: 2218K(7168K)->3508K(7168K)
[2026-06-17T10:01:31.669+0800][29.296s][info][gc,heap        ] GC(1116) ParOldGen: 34787K(44032K)->36981K(44032K)
[2026-06-17T10:01:31.669+0800][29.297s][info][gc,metaspace   ] GC(1116) Metaspace: 113K(320K)->113K(320K) NonClass: 105K(192K)->105K(192K) Class: 7K(128K)->7K(128K)
[2026-06-17T10:01:31.670+0800][29.298s][info][gc             ] GC(1116) Pause Young (Allocation Failure) 43M->39M(57M) 3.748ms
[2026-06-17T10:01:31.671+0800][29.298s][info][gc,cpu         ] GC(1116) User=0.00s Sys=0.00s Real=0.01s
[2026-06-17T10:01:31.693+0800][29.321s][info][gc,start       ] GC(1117) Pause Young (Allocation Failure)
[2026-06-17T10:01:31.696+0800][29.324s][info][gc,heap        ] GC(1117) PSYoungGen: 10634K(14336K)->3800K(14336K) Eden: 7126K(7168K)->0K(7168K) From: 3508K(7168K)->3800K(7168K)
[2026-06-17T10:01:31.697+0800][29.325s][info][gc,heap        ] GC(1117) ParOldGen: 36981K(44032K)->37277K(44032K)
[2026-06-17T10:01:31.698+0800][29.325s][info][gc,metaspace   ] GC(1117) Metaspace: 113K(320K)->113K(320K) NonClass: 105K(192K)->105K(192K) Class: 7K(128K)->7K(128K)
[2026-06-17T10:01:31.698+0800][29.326s][info][gc             ] GC(1117) Pause Young (Allocation Failure) 46M->40M(57M) 5.044ms
[2026-06-17T10:01:31.699+0800][29.327s][info][gc,cpu         ] GC(1117) User=0.01s Sys=0.00s Real=0.00s
[2026-06-17T10:01:31.722+0800][29.350s][info][gc,start       ] GC(1118) Pause Young (Allocation Failure)
[2026-06-17T10:01:31.724+0800][29.352s][info][gc,heap        ] GC(1118) PSYoungGen: 10928K(14336K)->2255K(14336K) Eden: 7127K(7168K)->0K(7168K) From: 3800K(7168K)->2255K(7168K)
[2026-06-17T10:01:31.725+0800][29.352s][info][gc,heap        ] GC(1118) ParOldGen: 37277K(44032K)->39047K(44032K)
[2026-06-17T10:01:31.725+0800][29.353s][info][gc,metaspace   ] GC(1118) Metaspace: 113K(320K)->113K(320K) NonClass: 105K(192K)->105K(192K) Class: 7K(128K)->7K(128K)
[2026-06-17T10:01:31.726+0800][29.353s][info][gc             ] GC(1118) Pause Young (Allocation Failure) 47M->40M(57M) 3.748ms
[2026-06-17T10:01:31.726+0800][29.354s][info][gc,cpu         ] GC(1118) User=0.00s Sys=0.00s Real=0.01s
[2026-06-17T10:01:31.739+0800][29.366s][info][gc,start       ] GC(1119) Pause Young (Allocation Failure)
[2026-06-17T10:01:31.741+0800][29.369s][info][gc,heap        ] GC(1119) PSYoungGen: 9395K(14336K)->4759K(14336K) Eden: 7139K(7168K)->0K(7168K) From: 2255K(7168K)->4759K(7168K)
[2026-06-17T10:01:31.741+0800][29.369s][info][gc,heap        ] GC(1119) ParOldGen: 39047K(44032K)->40280K(44032K)
[2026-06-17T10:01:31.742+0800][29.370s][info][gc,metaspace   ] GC(1119) Metaspace: 113K(320K)->113K(320K) NonClass: 105K(192K)->105K(192K) Class: 7K(128K)->7K(128K)
[2026-06-17T10:01:31.743+0800][29.370s][info][gc             ] GC(1119) Pause Young (Allocation Failure) 47M->43M(57M) 4.023ms
[2026-06-17T10:01:31.743+0800][29.371s][info][gc,cpu         ] GC(1119) User=0.00s Sys=0.00s Real=0.01s
[2026-06-17T10:01:31.766+0800][29.394s][info][gc,start       ] GC(1120) Pause Young (Allocation Failure)
[2026-06-17T10:01:31.768+0800][29.396s][info][gc,heap        ] GC(1120) PSYoungGen: 11922K(14336K)->2853K(14336K) Eden: 7163K(7168K)->0K(7168K) From: 4759K(7168K)->2853K(7168K)
[2026-06-17T10:01:31.769+0800][29.396s][info][gc,heap        ] GC(1120) ParOldGen: 40280K(44032K)->42287K(44032K)
[2026-06-17T10:01:31.769+0800][29.397s][info][gc,metaspace   ] GC(1120) Metaspace: 113K(320K)->113K(320K) NonClass: 105K(192K)->105K(192K) Class: 7K(128K)->7K(128K)
[2026-06-17T10:01:31.770+0800][29.397s][info][gc             ] GC(1120) Pause Young (Allocation Failure) 50M->44M(57M) 3.800ms
[2026-06-17T10:01:31.770+0800][29.398s][info][gc,cpu         ] GC(1120) User=0.01s Sys=0.00s Real=0.00s
[2026-06-17T10:01:31.793+0800][29.420s][info][gc,start       ] GC(1121) Pause Full (Ergonomics)
[2026-06-17T10:01:31.793+0800][29.421s][info][gc,phases,start] GC(1121) Marking Phase
[2026-06-17T10:01:31.796+0800][29.424s][info][gc,phases      ] GC(1121) Marking Phase 2.866ms
[2026-06-17T10:01:31.797+0800][29.424s][info][gc,phases,start] GC(1121) Summary Phase
[2026-06-17T10:01:31.797+0800][29.425s][info][gc,phases      ] GC(1121) Summary Phase 0.397ms
[2026-06-17T10:01:31.797+0800][29.425s][info][gc,phases,start] GC(1121) Adjust Roots
[2026-06-17T10:01:31.798+0800][29.426s][info][gc,phases      ] GC(1121) Adjust Roots 0.610ms
[2026-06-17T10:01:31.799+0800][29.426s][info][gc,phases,start] GC(1121) Compaction Phase
[2026-06-17T10:01:31.801+0800][29.428s][info][gc,phases      ] GC(1121) Compaction Phase 1.962ms
[2026-06-17T10:01:31.801+0800][29.429s][info][gc,phases,start] GC(1121) Post Compact
[2026-06-17T10:01:31.802+0800][29.429s][info][gc,phases      ] GC(1121) Post Compact 0.613ms
[2026-06-17T10:01:31.802+0800][29.430s][info][gc,heap        ] GC(1121) PSYoungGen: 9999K(14336K)->0K(14336K) Eden: 7145K(7168K)->0K(7168K) From: 2853K(7168K)->0K(7168K)
[2026-06-17T10:01:31.802+0800][29.430s][info][gc,heap        ] GC(1121) ParOldGen: 42287K(44032K)->25420K(44032K)
[2026-06-17T10:01:31.803+0800][29.430s][info][gc,metaspace   ] GC(1121) Metaspace: 113K(320K)->113K(320K) NonClass: 105K(192K)->105K(192K) Class: 7K(128K)->7K(128K)
[2026-06-17T10:01:31.803+0800][29.431s][info][gc             ] GC(1121) Pause Full (Ergonomics) 51M->24M(57M) 10.559ms
[2026-06-17T10:01:31.803+0800][29.431s][info][gc,cpu         ] GC(1121) User=0.01s Sys=0.00s Real=0.01s
[2026-06-17T10:01:31.815+0800][29.442s][info][gc,start       ] GC(1122) Pause Young (Allocation Failure)
[2026-06-17T10:01:31.816+0800][29.444s][info][gc,heap        ] GC(1122) PSYoungGen: 6812K(14336K)->3113K(14336K) Eden: 6812K(7168K)->0K(7168K) From: 0K(7168K)->3113K(7168K)
[2026-06-17T10:01:31.817+0800][29.445s][info][gc,heap        ] GC(1122) ParOldGen: 25420K(44032K)->25420K(44032K)
[2026-06-17T10:01:31.817+0800][29.445s][info][gc,metaspace   ] GC(1122) Metaspace: 113K(320K)->113K(320K) NonClass: 105K(192K)->105K(192K) Class: 7K(128K)->7K(128K)
[2026-06-17T10:01:31.818+0800][29.446s][info][gc             ] GC(1122) Pause Young (Allocation Failure) 31M->27M(57M) 3.431ms
[2026-06-17T10:01:31.818+0800][29.446s][info][gc,cpu         ] GC(1122) User=0.00s Sys=0.00s Real=0.00s
[2026-06-17T10:01:31.840+0800][29.468s][info][gc,start       ] GC(1123) Pause Young (Allocation Failure)
[2026-06-17T10:01:31.842+0800][29.470s][info][gc,heap        ] GC(1123) PSYoungGen: 10248K(14336K)->3700K(14848K) Eden: 7135K(7168K)->0K(8192K) From: 3113K(7168K)->3700K(6656K)
[2026-06-17T10:01:31.843+0800][29.470s][info][gc,heap        ] GC(1123) ParOldGen: 25420K(44032K)->28518K(44032K)
[2026-06-17T10:01:31.843+0800][29.471s][info][gc,metaspace   ] GC(1123) Metaspace: 113K(320K)->113K(320K) NonClass: 105K(192K)->105K(192K) Class: 7K(128K)->7K(128K)
[2026-06-17T10:01:31.844+0800][29.471s][info][gc             ] GC(1123) Pause Young (Allocation Failure) 34M->31M(57M) 3.554ms
[2026-06-17T10:01:31.844+0800][29.472s][info][gc,cpu         ] GC(1123) User=0.00s Sys=0.00s Real=0.01s
[2026-06-17T10:01:31.867+0800][29.495s][info][gc,start       ] GC(1124) Pause Young (Allocation Failure)
[2026-06-17T10:01:31.869+0800][29.497s][info][gc,heap        ] GC(1124) PSYoungGen: 11891K(14848K)->4070K(14848K) Eden: 8190K(8192K)->0K(8192K) From: 3700K(6656K)->4070K(6656K)
[2026-06-17T10:01:31.869+0800][29.497s][info][gc,heap        ] GC(1124) ParOldGen: 28518K(44032K)->29548K(44032K)
[2026-06-17T10:01:31.870+0800][29.498s][info][gc,metaspace   ] GC(1124) Metaspace: 113K(320K)->113K(320K) NonClass: 105K(192K)->105K(192K) Class: 7K(128K)->7K(128K)
[2026-06-17T10:01:31.871+0800][29.498s][info][gc             ] GC(1124) Pause Young (Allocation Failure) 39M->32M(57M) 3.616ms
[2026-06-17T10:01:31.871+0800][29.499s][info][gc,cpu         ] GC(1124) User=0.00s Sys=0.00s Real=0.01s
[2026-06-17T10:01:31.894+0800][29.522s][info][gc,start       ] GC(1125) Pause Young (Allocation Failure)
[2026-06-17T10:01:31.896+0800][29.524s][info][gc,heap        ] GC(1125) PSYoungGen: 12215K(14848K)->3105K(15360K) Eden: 8144K(8192K)->0K(8704K) From: 4070K(6656K)->3105K(6656K)
[2026-06-17T10:01:31.897+0800][29.525s][info][gc,heap        ] GC(1125) ParOldGen: 29548K(44032K)->31602K(44032K)
[2026-06-17T10:01:31.897+0800][29.525s][info][gc,metaspace   ] GC(1125) Metaspace: 113K(320K)->113K(320K) NonClass: 105K(192K)->105K(192K) Class: 7K(128K)->7K(128K)
[2026-06-17T10:01:31.898+0800][29.526s][info][gc             ] GC(1125) Pause Young (Allocation Failure) 40M->33M(58M) 3.719ms
[2026-06-17T10:01:31.899+0800][29.526s][info][gc,cpu         ] GC(1125) User=0.00s Sys=0.00s Real=0.00s
[2026-06-17T10:01:31.931+0800][29.559s][info][gc,start       ] GC(1126) Pause Young (Allocation Failure)
[2026-06-17T10:01:31.933+0800][29.561s][info][gc,heap        ] GC(1126) PSYoungGen: 11809K(15360K)->1699K(14848K) Eden: 8704K(8704K)->0K(8704K) From: 3105K(6656K)->1699K(6144K)
[2026-06-17T10:01:31.934+0800][29.561s][info][gc,heap        ] GC(1126) ParOldGen: 31602K(44032K)->31602K(44032K)
[2026-06-17T10:01:31.934+0800][29.562s][info][gc,metaspace   ] GC(1126) Metaspace: 113K(320K)->113K(320K) NonClass: 105K(192K)->105K(192K) Class: 7K(128K)->7K(128K)
[2026-06-17T10:01:31.935+0800][29.562s][info][gc             ] GC(1126) Pause Young (Allocation Failure) 42M->32M(57M) 3.365ms
[2026-06-17T10:01:31.935+0800][29.563s][info][gc,cpu         ] GC(1126) User=0.00s Sys=0.00s Real=0.00s
[2026-06-17T10:01:31.947+0800][29.575s][info][gc,start       ] GC(1127) Pause Young (Allocation Failure)
[2026-06-17T10:01:31.949+0800][29.577s][info][gc,heap        ] GC(1127) PSYoungGen: 10398K(14848K)->6142K(13312K) Eden: 8699K(8704K)->0K(7168K) From: 1699K(6144K)->6142K(6144K)
[2026-06-17T10:01:31.952+0800][29.579s][info][gc,heap        ] GC(1127) ParOldGen: 31602K(44032K)->32374K(44032K)
[2026-06-17T10:01:31.953+0800][29.580s][info][gc,metaspace   ] GC(1127) Metaspace: 113K(320K)->113K(320K) NonClass: 105K(192K)->105K(192K) Class: 7K(128K)->7K(128K)
[2026-06-17T10:01:31.956+0800][29.584s][info][gc             ] GC(1127) Pause Young (Allocation Failure) 41M->37M(56M) 8.606ms
[2026-06-17T10:01:31.958+0800][29.586s][info][gc,cpu         ] GC(1127) User=0.00s Sys=0.00s Real=0.01s
[2026-06-17T10:01:31.982+0800][29.610s][info][gc,start       ] GC(1128) Pause Young (Allocation Failure)
[2026-06-17T10:01:31.985+0800][29.613s][info][gc,heap        ] GC(1128) PSYoungGen: 13310K(13312K)->3499K(14336K) Eden: 7168K(7168K)->0K(7168K) From: 6142K(6144K)->3499K(7168K)
[2026-06-17T10:01:31.986+0800][29.613s][info][gc,heap        ] GC(1128) ParOldGen: 32374K(44032K)->35874K(44032K)
[2026-06-17T10:01:31.986+0800][29.614s][info][gc,metaspace   ] GC(1128) Metaspace: 113K(320K)->113K(320K) NonClass: 105K(192K)->105K(192K) Class: 7K(128K)->7K(128K)
[2026-06-17T10:01:31.987+0800][29.615s][info][gc             ] GC(1128) Pause Young (Allocation Failure) 44M->38M(57M) 4.812ms
[2026-06-17T10:01:31.987+0800][29.615s][info][gc,cpu         ] GC(1128) User=0.00s Sys=0.00s Real=0.01s
[2026-06-17T10:01:32.010+0800][29.637s][info][gc,start       ] GC(1129) Pause Young (Allocation Failure)
[2026-06-17T10:01:32.011+0800][29.639s][info][gc,heap        ] GC(1129) PSYoungGen: 10651K(14336K)->2426K(14336K) Eden: 7151K(7168K)->0K(7168K) From: 3499K(7168K)->2426K(7168K)
[2026-06-17T10:01:32.012+0800][29.640s][info][gc,heap        ] GC(1129) ParOldGen: 35874K(44032K)->37122K(44032K)
[2026-06-17T10:01:32.013+0800][29.640s][info][gc,metaspace   ] GC(1129) Metaspace: 113K(320K)->113K(320K) NonClass: 105K(192K)->105K(192K) Class: 7K(128K)->7K(128K)
[2026-06-17T10:01:32.013+0800][29.641s][info][gc             ] GC(1129) Pause Young (Allocation Failure) 45M->38M(57M) 3.553ms
[2026-06-17T10:01:32.014+0800][29.642s][info][gc,cpu         ] GC(1129) User=0.01s Sys=0.00s Real=0.01s
[2026-06-17T10:01:32.026+0800][29.654s][info][gc,start       ] GC(1130) Pause Young (Allocation Failure)
[2026-06-17T10:01:32.028+0800][29.656s][info][gc,heap        ] GC(1130) PSYoungGen: 9416K(14336K)->567K(14336K) Eden: 6989K(7168K)->0K(7168K) From: 2426K(7168K)->567K(7168K)
[2026-06-17T10:01:32.029+0800][29.657s][info][gc,heap        ] GC(1130) ParOldGen: 37122K(44032K)->38976K(44032K)
[2026-06-17T10:01:32.029+0800][29.657s][info][gc,metaspace   ] GC(1130) Metaspace: 113K(320K)->113K(320K) NonClass: 105K(192K)->105K(192K) Class: 7K(128K)->7K(128K)
[2026-06-17T10:01:32.030+0800][29.658s][info][gc             ] GC(1130) Pause Young (Allocation Failure) 45M->38M(57M) 3.993ms
[2026-06-17T10:01:32.031+0800][29.658s][info][gc,cpu         ] GC(1130) User=0.00s Sys=0.00s Real=0.00s
[2026-06-17T10:01:32.053+0800][29.681s][info][gc,start       ] GC(1131) Pause Young (Allocation Failure)
[2026-06-17T10:01:32.056+0800][29.684s][info][gc,heap        ] GC(1131) PSYoungGen: 7709K(14336K)->3812K(14336K) Eden: 7142K(7168K)->0K(7168K) From: 567K(7168K)->3812K(7168K)
[2026-06-17T10:01:32.057+0800][29.684s][info][gc,heap        ] GC(1131) ParOldGen: 38976K(44032K)->39519K(44032K)
[2026-06-17T10:01:32.057+0800][29.685s][info][gc,metaspace   ] GC(1131) Metaspace: 113K(320K)->113K(320K) NonClass: 105K(192K)->105K(192K) Class: 7K(128K)->7K(128K)
[2026-06-17T10:01:32.058+0800][29.686s][info][gc             ] GC(1131) Pause Young (Allocation Failure) 45M->42M(57M) 5.047ms
[2026-06-17T10:01:32.059+0800][29.686s][info][gc,cpu         ] GC(1131) User=0.00s Sys=0.00s Real=0.00s
[2026-06-17T10:01:32.081+0800][29.709s][info][gc,start       ] GC(1132) Pause Young (Allocation Failure)
[2026-06-17T10:01:32.083+0800][29.711s][info][gc,heap        ] GC(1132) PSYoungGen: 10977K(14336K)->2382K(14336K) Eden: 7164K(7168K)->0K(7168K) From: 3812K(7168K)->2382K(7168K)
[2026-06-17T10:01:32.086+0800][29.713s][info][gc,heap        ] GC(1132) ParOldGen: 39519K(44032K)->40794K(44032K)
[2026-06-17T10:01:32.090+0800][29.718s][info][gc,metaspace   ] GC(1132) Metaspace: 113K(320K)->113K(320K) NonClass: 105K(192K)->105K(192K) Class: 7K(128K)->7K(128K)
[2026-06-17T10:01:32.091+0800][29.718s][info][gc             ] GC(1132) Pause Young (Allocation Failure) 49M->42M(57M) 9.474ms
[2026-06-17T10:01:32.097+0800][29.725s][info][gc,cpu         ] GC(1132) User=0.00s Sys=0.00s Real=0.02s
[2026-06-17T10:01:32.126+0800][29.753s][info][gc,start       ] GC(1133) Pause Full (Ergonomics)
[2026-06-17T10:01:32.127+0800][29.754s][info][gc,phases,start] GC(1133) Marking Phase
[2026-06-17T10:01:32.131+0800][29.758s][info][gc,phases      ] GC(1133) Marking Phase 3.933ms
[2026-06-17T10:01:32.131+0800][29.759s][info][gc,phases,start] GC(1133) Summary Phase
[2026-06-17T10:01:32.132+0800][29.759s][info][gc,phases      ] GC(1133) Summary Phase 0.528ms
[2026-06-17T10:01:32.132+0800][29.760s][info][gc,phases,start] GC(1133) Adjust Roots
[2026-06-17T10:01:32.133+0800][29.761s][info][gc,phases      ] GC(1133) Adjust Roots 0.740ms
[2026-06-17T10:01:32.133+0800][29.761s][info][gc,phases,start] GC(1133) Compaction Phase
[2026-06-17T10:01:32.136+0800][29.763s][info][gc,phases      ] GC(1133) Compaction Phase 2.201ms
[2026-06-17T10:01:32.136+0800][29.764s][info][gc,phases,start] GC(1133) Post Compact
[2026-06-17T10:01:32.137+0800][29.764s][info][gc,phases      ] GC(1133) Post Compact 0.547ms
[2026-06-17T10:01:32.137+0800][29.765s][info][gc,heap        ] GC(1133) PSYoungGen: 9550K(14336K)->0K(14848K) Eden: 7168K(7168K)->0K(8192K) From: 2382K(7168K)->0K(6656K)
[2026-06-17T10:01:32.137+0800][29.765s][info][gc,heap        ] GC(1133) ParOldGen: 40794K(44032K)->28726K(44032K)
[2026-06-17T10:01:32.137+0800][29.765s][info][gc,metaspace   ] GC(1133) Metaspace: 113K(320K)->113K(320K) NonClass: 105K(192K)->105K(192K) Class: 7K(128K)->7K(128K)
[2026-06-17T10:01:32.138+0800][29.765s][info][gc             ] GC(1133) Pause Full (Ergonomics) 49M->28M(57M) 11.915ms
[2026-06-17T10:01:32.138+0800][29.766s][info][gc,cpu         ] GC(1133) User=0.01s Sys=0.00s Real=0.01s
[2026-06-17T10:01:32.149+0800][29.777s][info][gc,start       ] GC(1134) Pause Young (Allocation Failure)
[2026-06-17T10:01:32.150+0800][29.778s][info][gc,heap        ] GC(1134) PSYoungGen: 8184K(14848K)->6654K(14848K) Eden: 8184K(8192K)->0K(8192K) From: 0K(6656K)->6654K(6656K)
[2026-06-17T10:01:32.150+0800][29.778s][info][gc,heap        ] GC(1134) ParOldGen: 28726K(44032K)->30346K(44032K)
[2026-06-17T10:01:32.150+0800][29.778s][info][gc,metaspace   ] GC(1134) Metaspace: 113K(320K)->113K(320K) NonClass: 105K(192K)->105K(192K) Class: 7K(128K)->7K(128K)
[2026-06-17T10:01:32.151+0800][29.778s][info][gc             ] GC(1134) Pause Young (Allocation Failure) 36M->36M(57M) 1.729ms
[2026-06-17T10:01:32.151+0800][29.779s][info][gc,cpu         ] GC(1134) User=0.00s Sys=0.00s Real=0.01s
[2026-06-17T10:01:32.172+0800][29.800s][info][gc,start       ] GC(1135) Pause Young (Allocation Failure)
[2026-06-17T10:01:32.173+0800][29.801s][info][gc,heap        ] GC(1135) PSYoungGen: 14804K(14848K)->882K(13824K) Eden: 8150K(8192K)->0K(7168K) From: 6654K(6656K)->882K(6656K)
[2026-06-17T10:01:32.173+0800][29.801s][info][gc,heap        ] GC(1135) ParOldGen: 30346K(44032K)->33676K(44032K)
[2026-06-17T10:01:32.174+0800][29.801s][info][gc,metaspace   ] GC(1135) Metaspace: 113K(320K)->113K(320K) NonClass: 105K(192K)->105K(192K) Class: 7K(128K)->7K(128K)
[2026-06-17T10:01:32.174+0800][29.802s][info][gc             ] GC(1135) Pause Young (Allocation Failure) 44M->33M(56M) 1.820ms
[2026-06-17T10:01:32.174+0800][29.802s][info][gc,cpu         ] GC(1135) User=0.00s Sys=0.00s Real=0.00s
[2026-06-17T10:01:32.196+0800][29.823s][info][gc,start       ] GC(1136) Pause Young (Allocation Failure)
[2026-06-17T10:01:32.197+0800][29.825s][info][gc,heap        ] GC(1136) PSYoungGen: 8048K(13824K)->3831K(14336K) Eden: 7166K(7168K)->0K(7168K) From: 882K(6656K)->3831K(7168K)
[2026-06-17T10:01:32.197+0800][29.825s][info][gc,heap        ] GC(1136) ParOldGen: 33676K(44032K)->34534K(44032K)
[2026-06-17T10:01:32.198+0800][29.826s][info][gc,metaspace   ] GC(1136) Metaspace: 113K(320K)->113K(320K) NonClass: 105K(192K)->105K(192K) Class: 7K(128K)->7K(128K)
[2026-06-17T10:01:32.198+0800][29.826s][info][gc             ] GC(1136) Pause Young (Allocation Failure) 40M->37M(57M) 2.687ms
[2026-06-17T10:01:32.199+0800][29.826s][info][gc,cpu         ] GC(1136) User=0.00s Sys=0.00s Real=0.00s
[2026-06-17T10:01:32.210+0800][29.838s][info][gc,start       ] GC(1137) Pause Young (Allocation Failure)
[2026-06-17T10:01:32.211+0800][29.839s][info][gc,heap        ] GC(1137) PSYoungGen: 10142K(14336K)->2039K(14336K) Eden: 6311K(7168K)->0K(7168K) From: 3831K(7168K)->2039K(7168K)
[2026-06-17T10:01:32.212+0800][29.839s][info][gc,heap        ] GC(1137) ParOldGen: 34534K(44032K)->35449K(44032K)
[2026-06-17T10:01:32.212+0800][29.840s][info][gc,metaspace   ] GC(1137) Metaspace: 113K(320K)->113K(320K) NonClass: 105K(192K)->105K(192K) Class: 7K(128K)->7K(128K)
[2026-06-17T10:01:32.212+0800][29.840s][info][gc             ] GC(1137) Pause Young (Allocation Failure) 43M->36M(57M) 2.193ms
[2026-06-17T10:01:32.213+0800][29.840s][info][gc,cpu         ] GC(1137) User=0.00s Sys=0.00s Real=0.01s
[2026-06-17T10:01:32.234+0800][29.862s][info][gc,start       ] GC(1138) Pause Young (Allocation Failure)
[2026-06-17T10:01:32.236+0800][29.864s][info][gc,heap        ] GC(1138) PSYoungGen: 9171K(14336K)->3606K(14336K) Eden: 7132K(7168K)->0K(7168K) From: 2039K(7168K)->3606K(7168K)
[2026-06-17T10:01:32.236+0800][29.864s][info][gc,heap        ] GC(1138) ParOldGen: 35449K(44032K)->37464K(44032K)
[2026-06-17T10:01:32.237+0800][29.865s][info][gc,metaspace   ] GC(1138) Metaspace: 113K(320K)->113K(320K) NonClass: 105K(192K)->105K(192K) Class: 7K(128K)->7K(128K)
[2026-06-17T10:01:32.237+0800][29.865s][info][gc             ] GC(1138) Pause Young (Allocation Failure) 43M->40M(57M) 3.309ms
[2026-06-17T10:01:32.238+0800][29.866s][info][gc,cpu         ] GC(1138) User=0.00s Sys=0.00s Real=0.00s
[2026-06-17T10:01:32.259+0800][29.887s][info][gc,start       ] GC(1139) Pause Young (Allocation Failure)
[2026-06-17T10:01:32.261+0800][29.889s][info][gc,heap        ] GC(1139) PSYoungGen: 10757K(14336K)->2741K(14848K) Eden: 7150K(7168K)->0K(7680K) From: 3606K(7168K)->2741K(7168K)
[2026-06-17T10:01:32.262+0800][29.889s][info][gc,heap        ] GC(1139) ParOldGen: 37464K(44032K)->38602K(44032K)
[2026-06-17T10:01:32.262+0800][29.890s][info][gc,metaspace   ] GC(1139) Metaspace: 113K(320K)->113K(320K) NonClass: 105K(192K)->105K(192K) Class: 7K(128K)->7K(128K)
[2026-06-17T10:01:32.263+0800][29.890s][info][gc             ] GC(1139) Pause Young (Allocation Failure) 47M->40M(57M) 3.412ms
[2026-06-17T10:01:32.263+0800][29.891s][info][gc,cpu         ] GC(1139) User=0.00s Sys=0.00s Real=0.01s
[2026-06-17T10:01:32.286+0800][29.914s][info][gc,start       ] GC(1140) Pause Young (Allocation Failure)
[2026-06-17T10:01:32.288+0800][29.916s][info][gc,heap        ] GC(1140) PSYoungGen: 10392K(14848K)->1961K(14336K) Eden: 7650K(7680K)->0K(7680K) From: 2741K(7168K)->1961K(6656K)
[2026-06-17T10:01:32.289+0800][29.917s][info][gc,heap        ] GC(1140) ParOldGen: 38602K(44032K)->40360K(44032K)
[2026-06-17T10:01:32.290+0800][29.918s][info][gc,metaspace   ] GC(1140) Metaspace: 113K(320K)->113K(320K) NonClass: 105K(192K)->105K(192K) Class: 7K(128K)->7K(128K)
[2026-06-17T10:01:32.291+0800][29.918s][info][gc             ] GC(1140) Pause Young (Allocation Failure) 47M->41M(57M) 4.651ms
[2026-06-17T10:01:32.291+0800][29.919s][info][gc,cpu         ] GC(1140) User=0.00s Sys=0.00s Real=0.01s
[2026-06-17T10:01:32.313+0800][29.941s][info][gc,start       ] GC(1141) Pause Young (Allocation Failure)
[2026-06-17T10:01:32.316+0800][29.943s][info][gc,heap        ] GC(1141) PSYoungGen: 9631K(14336K)->2613K(14848K) Eden: 7669K(7680K)->0K(8192K) From: 1961K(6656K)->2613K(6656K)
[2026-06-17T10:01:32.324+0800][29.951s][info][gc,heap        ] GC(1141) ParOldGen: 40360K(44032K)->40360K(44032K)
[2026-06-17T10:01:32.325+0800][29.953s][info][gc,metaspace   ] GC(1141) Metaspace: 113K(320K)->113K(320K) NonClass: 105K(192K)->105K(192K) Class: 7K(128K)->7K(128K)
[2026-06-17T10:01:32.325+0800][29.953s][info][gc             ] GC(1141) Pause Young (Allocation Failure) 48M->41M(57M) 12.100ms
[2026-06-17T10:01:32.326+0800][29.954s][info][gc,cpu         ] GC(1141) User=0.00s Sys=0.00s Real=0.01s
[2026-06-17T10:01:32.347+0800][29.975s][info][gc,start       ] GC(1142) Pause Young (Allocation Failure)
[2026-06-17T10:01:32.349+0800][29.976s][info][gc,heap        ] GC(1142) PSYoungGen: 10798K(14848K)->2309K(14848K) Eden: 8185K(8192K)->0K(8192K) From: 2613K(6656K)->2309K(6656K)
[2026-06-17T10:01:32.349+0800][29.977s][info][gc,heap        ] GC(1142) ParOldGen: 40360K(44032K)->42229K(44032K)
[2026-06-17T10:01:32.349+0800][29.977s][info][gc,metaspace   ] GC(1142) Metaspace: 113K(320K)->113K(320K) NonClass: 105K(192K)->105K(192K) Class: 7K(128K)->7K(128K)
[2026-06-17T10:01:32.349+0800][29.977s][info][gc             ] GC(1142) Pause Young (Allocation Failure) 49M->43M(57M) 1.723ms
[2026-06-17T10:01:32.349+0800][29.977s][info][gc,cpu         ] GC(1142) User=0.00s Sys=0.00s Real=0.00s
[2026-06-17T10:01:32.371+0800][29.998s][info][gc,start       ] GC(1143) Pause Full (Ergonomics)
[2026-06-17T10:01:32.371+0800][29.999s][info][gc,phases,start] GC(1143) Marking Phase
[2026-06-17T10:01:32.373+0800][30.001s][info][gc,phases      ] GC(1143) Marking Phase 2.156ms
[2026-06-17T10:01:32.374+0800][30.001s][info][gc,phases,start] GC(1143) Summary Phase
[2026-06-17T10:01:32.374+0800][30.002s][info][gc,phases      ] GC(1143) Summary Phase 0.274ms
[2026-06-17T10:01:32.374+0800][30.002s][info][gc,phases,start] GC(1143) Adjust Roots
[2026-06-17T10:01:32.374+0800][30.002s][info][gc,phases      ] GC(1143) Adjust Roots 0.341ms
[2026-06-17T10:01:32.375+0800][30.002s][info][gc,phases,start] GC(1143) Compaction Phase
[2026-06-17T10:01:32.377+0800][30.005s][info][gc,phases      ] GC(1143) Compaction Phase 2.223ms
[2026-06-17T10:01:32.377+0800][30.005s][info][gc,phases,start] GC(1143) Post Compact
[2026-06-17T10:01:32.378+0800][30.005s][info][gc,phases      ] GC(1143) Post Compact 0.376ms
[2026-06-17T10:01:32.378+0800][30.006s][info][gc,heap        ] GC(1143) PSYoungGen: 10455K(14848K)->0K(15360K) Eden: 8146K(8192K)->0K(9216K) From: 2309K(6656K)->0K(6144K)
[2026-06-17T10:01:32.378+0800][30.006s][info][gc,heap        ] GC(1143) ParOldGen: 42229K(44032K)->27168K(44032K)
[2026-06-17T10:01:32.378+0800][30.006s][info][gc,metaspace   ] GC(1143) Metaspace: 113K(320K)->113K(320K) NonClass: 105K(192K)->105K(192K) Class: 7K(128K)->7K(128K)
[2026-06-17T10:01:32.378+0800][30.006s][info][gc             ] GC(1143) Pause Full (Ergonomics) 51M->26M(58M) 7.708ms
[2026-06-17T10:01:32.379+0800][30.006s][info][gc,cpu         ] GC(1143) User=0.00s Sys=0.00s Real=0.00s
[2026-06-17T10:01:32.400+0800][30.028s][info][gc,start       ] GC(1144) Pause Young (Allocation Failure)
[2026-06-17T10:01:32.401+0800][30.029s][info][gc,heap        ] GC(1144) PSYoungGen: 9179K(15360K)->5812K(15360K) Eden: 9179K(9216K)->0K(9216K) From: 0K(6144K)->5812K(6144K)
[2026-06-17T10:01:32.402+0800][30.029s][info][gc,heap        ] GC(1144) ParOldGen: 27168K(44032K)->27168K(44032K)
[2026-06-17T10:01:32.402+0800][30.030s][info][gc,metaspace   ] GC(1144) Metaspace: 113K(320K)->113K(320K) NonClass: 105K(192K)->105K(192K) Class: 7K(128K)->7K(128K)
[2026-06-17T10:01:32.403+0800][30.030s][info][gc             ] GC(1144) Pause Young (Allocation Failure) 35M->32M(58M) 2.597ms
[2026-06-17T10:01:32.403+0800][30.031s][info][gc,cpu         ] GC(1144) User=0.00s Sys=0.00s Real=0.01s
[2026-06-17T10:01:32.425+0800][30.052s][info][gc,start       ] GC(1145) Pause Young (Allocation Failure)
[2026-06-17T10:01:32.426+0800][30.054s][info][gc,heap        ] GC(1145) PSYoungGen: 14981K(15360K)->6085K(13312K) Eden: 9169K(9216K)->0K(7168K) From: 5812K(6144K)->6085K(6144K)
[2026-06-17T10:01:32.427+0800][30.055s][info][gc,heap        ] GC(1145) ParOldGen: 27168K(44032K)->29355K(44032K)
[2026-06-17T10:01:32.428+0800][30.055s][info][gc,metaspace   ] GC(1145) Metaspace: 113K(320K)->113K(320K) NonClass: 105K(192K)->105K(192K) Class: 7K(128K)->7K(128K)
[2026-06-17T10:01:32.428+0800][30.056s][info][gc             ] GC(1145) Pause Young (Allocation Failure) 41M->34M(56M) 3.364ms
[2026-06-17T10:01:32.428+0800][30.056s][info][gc,cpu         ] GC(1145) User=0.00s Sys=0.00s Real=0.00s
[2026-06-17T10:01:32.451+0800][30.078s][info][gc,start       ] GC(1146) Pause Young (Allocation Failure)
[2026-06-17T10:01:32.452+0800][30.080s][info][gc,heap        ] GC(1146) PSYoungGen: 13237K(13312K)->3766K(14336K) Eden: 7152K(7168K)->0K(7168K) From: 6085K(6144K)->3766K(7168K)
[2026-06-17T10:01:32.453+0800][30.081s][info][gc,heap        ] GC(1146) ParOldGen: 29355K(44032K)->31918K(44032K)
[2026-06-17T10:01:32.453+0800][30.081s][info][gc,metaspace   ] GC(1146) Metaspace: 113K(320K)->113K(320K) NonClass: 105K(192K)->105K(192K) Class: 7K(128K)->7K(128K)
[2026-06-17T10:01:32.454+0800][30.081s][info][gc             ] GC(1146) Pause Young (Allocation Failure) 41M->34M(57M) 3.119ms
[2026-06-17T10:01:32.454+0800][30.082s][info][gc,cpu         ] GC(1146) User=0.00s Sys=0.00s Real=0.00s
[2026-06-17T10:01:32.476+0800][30.103s][info][gc,start       ] GC(1147) Pause Young (Allocation Failure)
[2026-06-17T10:01:32.478+0800][30.105s][info][gc,heap        ] GC(1147) PSYoungGen: 10931K(14336K)->2154K(14336K) Eden: 7165K(7168K)->0K(7168K) From: 3766K(7168K)->2154K(7168K)
[2026-06-17T10:01:32.478+0800][30.106s][info][gc,heap        ] GC(1147) ParOldGen: 31918K(44032K)->33844K(44032K)
[2026-06-17T10:01:32.479+0800][30.106s][info][gc,metaspace   ] GC(1147) Metaspace: 113K(320K)->113K(320K) NonClass: 105K(192K)->105K(192K) Class: 7K(128K)->7K(128K)
[2026-06-17T10:01:32.479+0800][30.107s][info][gc             ] GC(1147) Pause Young (Allocation Failure) 41M->35M(57M) 3.162ms
[2026-06-17T10:01:32.479+0800][30.107s][info][gc,cpu         ] GC(1147) User=0.00s Sys=0.00s Real=0.00s
[2026-06-17T10:01:32.491+0800][30.118s][info][gc,start       ] GC(1148) Pause Young (Allocation Failure)
[2026-06-17T10:01:32.492+0800][30.119s][info][gc,heap        ] GC(1148) PSYoungGen: 9168K(14336K)->437K(14336K) Eden: 7013K(7168K)->0K(7168K) From: 2154K(7168K)->437K(7168K)
[2026-06-17T10:01:32.492+0800][30.120s][info][gc,heap        ] GC(1148) ParOldGen: 33844K(44032K)->35435K(44032K)
[2026-06-17T10:01:32.492+0800][30.120s][info][gc,metaspace   ] GC(1148) Metaspace: 113K(320K)->113K(320K) NonClass: 105K(192K)->105K(192K) Class: 7K(128K)->7K(128K)
[2026-06-17T10:01:32.493+0800][30.120s][info][gc             ] GC(1148) Pause Young (Allocation Failure) 42M->35M(57M) 2.083ms
[2026-06-17T10:01:32.493+0800][30.121s][info][gc,cpu         ] GC(1148) User=0.00s Sys=0.00s Real=0.00s
[2026-06-17T10:01:32.515+0800][30.142s][info][gc,start       ] GC(1149) Pause Young (Allocation Failure)
[2026-06-17T10:01:32.515+0800][30.143s][info][gc,heap        ] GC(1149) PSYoungGen: 7555K(14336K)->3672K(14336K) Eden: 7118K(7168K)->0K(7168K) From: 437K(7168K)->3672K(7168K)
[2026-06-17T10:01:32.516+0800][30.143s][info][gc,heap        ] GC(1149) ParOldGen: 35435K(44032K)->35848K(44032K)
[2026-06-17T10:01:32.516+0800][30.144s][info][gc,metaspace   ] GC(1149) Metaspace: 113K(320K)->113K(320K) NonClass: 105K(192K)->105K(192K) Class: 7K(128K)->7K(128K)
[2026-06-17T10:01:32.516+0800][30.144s][info][gc             ] GC(1149) Pause Young (Allocation Failure) 41M->38M(57M) 1.581ms
[2026-06-17T10:01:32.516+0800][30.144s][info][gc,cpu         ] GC(1149) User=0.00s Sys=0.00s Real=0.00s
[2026-06-17T10:01:32.538+0800][30.165s][info][gc,start       ] GC(1150) Pause Young (Allocation Failure)
[2026-06-17T10:01:32.539+0800][30.167s][info][gc,heap        ] GC(1150) PSYoungGen: 10832K(14336K)->2523K(14336K) Eden: 7159K(7168K)->0K(7168K) From: 3672K(7168K)->2523K(7168K)
[2026-06-17T10:01:32.539+0800][30.167s][info][gc,heap        ] GC(1150) ParOldGen: 35848K(44032K)->37199K(44032K)
[2026-06-17T10:01:32.539+0800][30.167s][info][gc,metaspace   ] GC(1150) Metaspace: 113K(320K)->113K(320K) NonClass: 105K(192K)->105K(192K) Class: 7K(128K)->7K(128K)
[2026-06-17T10:01:32.540+0800][30.167s][info][gc             ] GC(1150) Pause Young (Allocation Failure) 45M->38M(57M) 2.066ms
[2026-06-17T10:01:32.540+0800][30.168s][info][gc,cpu         ] GC(1150) User=0.00s Sys=0.00s Real=0.00s
[2026-06-17T10:01:32.561+0800][30.189s][info][gc,start       ] GC(1151) Pause Young (Allocation Failure)
[2026-06-17T10:01:32.562+0800][30.190s][info][gc,heap        ] GC(1151) PSYoungGen: 9688K(14336K)->2729K(14848K) Eden: 7165K(7168K)->0K(7680K) From: 2523K(7168K)->2729K(7168K)
[2026-06-17T10:01:32.563+0800][30.190s][info][gc,heap        ] GC(1151) ParOldGen: 37199K(44032K)->37199K(44032K)
[2026-06-17T10:01:32.563+0800][30.191s][info][gc,metaspace   ] GC(1151) Metaspace: 113K(320K)->113K(320K) NonClass: 105K(192K)->105K(192K) Class: 7K(128K)->7K(128K)
[2026-06-17T10:01:32.563+0800][30.191s][info][gc             ] GC(1151) Pause Young (Allocation Failure) 45M->38M(57M) 1.751ms
[2026-06-17T10:01:32.563+0800][30.191s][info][gc,cpu         ] GC(1151) User=0.00s Sys=0.00s Real=0.01s
[2026-06-17T10:01:32.574+0800][30.202s][info][gc,start       ] GC(1152) Pause Young (Allocation Failure)
[2026-06-17T10:01:32.576+0800][30.203s][info][gc,heap        ] GC(1152) PSYoungGen: 10395K(14848K)->6585K(14336K) Eden: 7665K(7680K)->0K(7680K) From: 2729K(7168K)->6585K(6656K)
[2026-06-17T10:01:32.577+0800][30.204s][info][gc,heap        ] GC(1152) ParOldGen: 37199K(44032K)->37199K(44032K)
[2026-06-17T10:01:32.577+0800][30.205s][info][gc,metaspace   ] GC(1152) Metaspace: 113K(320K)->113K(320K) NonClass: 105K(192K)->105K(192K) Class: 7K(128K)->7K(128K)
[2026-06-17T10:01:32.579+0800][30.207s][info][gc             ] GC(1152) Pause Young (Allocation Failure) 46M->42M(57M) 4.360ms
[2026-06-17T10:01:32.579+0800][30.207s][info][gc,cpu         ] GC(1152) User=0.00s Sys=0.00s Real=0.00s
[2026-06-17T10:01:32.602+0800][30.229s][info][gc,start       ] GC(1153) Pause Young (Allocation Failure)
[2026-06-17T10:01:32.603+0800][30.231s][info][gc,heap        ] GC(1153) PSYoungGen: 14236K(14336K)->5657K(14336K) Eden: 7651K(7680K)->0K(7168K) From: 6585K(6656K)->5657K(7168K)
[2026-06-17T10:01:32.604+0800][30.231s][info][gc,heap        ] GC(1153) ParOldGen: 37199K(44032K)->38833K(44032K)
[2026-06-17T10:01:32.604+0800][30.232s][info][gc,metaspace   ] GC(1153) Metaspace: 113K(320K)->113K(320K) NonClass: 105K(192K)->105K(192K) Class: 7K(128K)->7K(128K)
[2026-06-17T10:01:32.604+0800][30.232s][info][gc             ] GC(1153) Pause Young (Allocation Failure) 50M->43M(57M) 2.770ms
[2026-06-17T10:01:32.605+0800][30.232s][info][gc,cpu         ] GC(1153) User=0.00s Sys=0.00s Real=0.01s
[2026-06-17T10:01:32.627+0800][30.254s][info][gc,start       ] GC(1154) Pause Young (Allocation Failure)
[2026-06-17T10:01:32.629+0800][30.257s][info][gc,heap        ] GC(1154) PSYoungGen: 12780K(14336K)->3475K(14336K) Eden: 7123K(7168K)->0K(7168K) From: 5657K(7168K)->3475K(7168K)
[2026-06-17T10:01:32.630+0800][30.258s][info][gc,heap        ] GC(1154) ParOldGen: 38833K(44032K)->41380K(44032K)
[2026-06-17T10:01:32.631+0800][30.258s][info][gc,metaspace   ] GC(1154) Metaspace: 113K(320K)->113K(320K) NonClass: 105K(192K)->105K(192K) Class: 7K(128K)->7K(128K)
[2026-06-17T10:01:32.631+0800][30.259s][info][gc             ] GC(1154) Pause Young (Allocation Failure) 50M->43M(57M) 4.728ms
[2026-06-17T10:01:32.632+0800][30.260s][info][gc,cpu         ] GC(1154) User=0.00s Sys=0.00s Real=0.01s
[2026-06-17T10:01:32.644+0800][30.272s][info][gc,start       ] GC(1155) Pause Full (Ergonomics)
[2026-06-17T10:01:32.645+0800][30.273s][info][gc,phases,start] GC(1155) Marking Phase
[2026-06-17T10:01:32.648+0800][30.276s][info][gc,phases      ] GC(1155) Marking Phase 2.781ms
[2026-06-17T10:01:32.648+0800][30.276s][info][gc,phases,start] GC(1155) Summary Phase
[2026-06-17T10:01:32.649+0800][30.277s][info][gc,phases      ] GC(1155) Summary Phase 0.544ms
[2026-06-17T10:01:32.649+0800][30.277s][info][gc,phases,start] GC(1155) Adjust Roots
[2026-06-17T10:01:32.650+0800][30.278s][info][gc,phases      ] GC(1155) Adjust Roots 0.782ms
[2026-06-17T10:01:32.651+0800][30.278s][info][gc,phases,start] GC(1155) Compaction Phase
[2026-06-17T10:01:32.653+0800][30.281s][info][gc,phases      ] GC(1155) Compaction Phase 2.452ms
[2026-06-17T10:01:32.654+0800][30.281s][info][gc,phases,start] GC(1155) Post Compact
[2026-06-17T10:01:32.654+0800][30.282s][info][gc,phases      ] GC(1155) Post Compact 0.405ms
[2026-06-17T10:01:32.654+0800][30.282s][info][gc,heap        ] GC(1155) PSYoungGen: 10460K(14336K)->0K(14336K) Eden: 6985K(7168K)->0K(7168K) From: 3475K(7168K)->0K(7168K)
[2026-06-17T10:01:32.654+0800][30.282s][info][gc,heap        ] GC(1155) ParOldGen: 41380K(44032K)->23372K(44032K)
[2026-06-17T10:01:32.655+0800][30.283s][info][gc,metaspace   ] GC(1155) Metaspace: 113K(320K)->113K(320K) NonClass: 105K(192K)->105K(192K) Class: 7K(128K)->7K(128K)
[2026-06-17T10:01:32.655+0800][30.283s][info][gc             ] GC(1155) Pause Full (Ergonomics) 50M->22M(57M) 10.897ms
[2026-06-17T10:01:32.655+0800][30.283s][info][gc,cpu         ] GC(1155) User=0.01s Sys=0.00s Real=0.01s
[2026-06-17T10:01:32.677+0800][30.305s][info][gc,start       ] GC(1156) Pause Young (Allocation Failure)
[2026-06-17T10:01:32.728+0800][30.356s][info][gc,heap        ] GC(1156) PSYoungGen: 7165K(14336K)->3820K(14336K) Eden: 7165K(7168K)->0K(7168K) From: 0K(7168K)->3820K(7168K)
[2026-06-17T10:01:32.762+0800][30.390s][info][gc,heap        ] GC(1156) ParOldGen: 23372K(44032K)->23372K(44032K)
[2026-06-17T10:01:32.763+0800][30.391s][info][gc,metaspace   ] GC(1156) Metaspace: 113K(320K)->113K(320K) NonClass: 105K(192K)->105K(192K) Class: 7K(128K)->7K(128K)
[2026-06-17T10:01:32.763+0800][30.391s][info][gc             ] GC(1156) Pause Young (Allocation Failure) 29M->26M(57M) 85.889ms
[2026-06-17T10:01:32.764+0800][30.391s][info][gc,cpu         ] GC(1156) User=0.00s Sys=0.00s Real=0.09s
[2026-06-17T10:01:32.776+0800][30.404s][info][gc,start       ] GC(1157) Pause Young (Allocation Failure)
[2026-06-17T10:01:32.798+0800][30.426s][info][gc,heap        ] GC(1157) PSYoungGen: 10858K(14336K)->1499K(14336K) Eden: 7037K(7168K)->0K(7168K) From: 3820K(7168K)->1499K(7168K)
[2026-06-17T10:01:32.799+0800][30.427s][info][gc,heap        ] GC(1157) ParOldGen: 23372K(44032K)->25794K(44032K)
[2026-06-17T10:01:32.800+0800][30.428s][info][gc,metaspace   ] GC(1157) Metaspace: 113K(320K)->113K(320K) NonClass: 105K(192K)->105K(192K) Class: 7K(128K)->7K(128K)
[2026-06-17T10:01:32.806+0800][30.434s][info][gc             ] GC(1157) Pause Young (Allocation Failure) 33M->26M(57M) 29.517ms
[2026-06-17T10:01:32.812+0800][30.440s][info][gc,cpu         ] GC(1157) User=0.01s Sys=0.00s Real=0.04s
[2026-06-17T10:01:32.837+0800][30.465s][info][gc,start       ] GC(1158) Pause Young (Allocation Failure)
[2026-06-17T10:01:32.839+0800][30.466s][info][gc,heap        ] GC(1158) PSYoungGen: 8613K(14336K)->5245K(14336K) Eden: 7114K(7168K)->0K(7168K) From: 1499K(7168K)->5245K(7168K)
[2026-06-17T10:01:32.839+0800][30.467s][info][gc,heap        ] GC(1158) ParOldGen: 25794K(44032K)->25794K(44032K)
[2026-06-17T10:01:32.839+0800][30.467s][info][gc,metaspace   ] GC(1158) Metaspace: 113K(320K)->113K(320K) NonClass: 105K(192K)->105K(192K) Class: 7K(128K)->7K(128K)
[2026-06-17T10:01:32.840+0800][30.467s][info][gc             ] GC(1158) Pause Young (Allocation Failure) 33M->30M(57M) 2.768ms
[2026-06-17T10:01:32.840+0800][30.468s][info][gc,cpu         ] GC(1158) User=0.00s Sys=0.00s Real=0.00s
[2026-06-17T10:01:32.862+0800][30.490s][info][gc,start       ] GC(1159) Pause Young (Allocation Failure)
[2026-06-17T10:01:32.864+0800][30.492s][info][gc,heap        ] GC(1159) PSYoungGen: 12396K(14336K)->3389K(14336K) Eden: 7151K(7168K)->0K(7168K) From: 5245K(7168K)->3389K(7168K)
[2026-06-17T10:01:32.866+0800][30.494s][info][gc,heap        ] GC(1159) ParOldGen: 25794K(44032K)->27731K(44032K)
[2026-06-17T10:01:32.868+0800][30.496s][info][gc,metaspace   ] GC(1159) Metaspace: 113K(320K)->113K(320K) NonClass: 105K(192K)->105K(192K) Class: 7K(128K)->7K(128K)
[2026-06-17T10:01:32.870+0800][30.498s][info][gc             ] GC(1159) Pause Young (Allocation Failure) 37M->30M(57M) 8.162ms
[2026-06-17T10:01:32.871+0800][30.499s][info][gc,cpu         ] GC(1159) User=0.00s Sys=0.00s Real=0.02s
[2026-06-17T10:01:32.894+0800][30.522s][info][gc,start       ] GC(1160) Pause Young (Allocation Failure)
[2026-06-17T10:01:32.896+0800][30.524s][info][gc,heap        ] GC(1160) PSYoungGen: 10535K(14336K)->3839K(14336K) Eden: 7146K(7168K)->0K(7168K) From: 3389K(7168K)->3839K(7168K)
[2026-06-17T10:01:32.898+0800][30.525s][info][gc,heap        ] GC(1160) ParOldGen: 27731K(44032K)->27731K(44032K)
[2026-06-17T10:01:32.899+0800][30.527s][info][gc,metaspace   ] GC(1160) Metaspace: 113K(320K)->113K(320K) NonClass: 105K(192K)->105K(192K) Class: 7K(128K)->7K(128K)
[2026-06-17T10:01:32.901+0800][30.529s][info][gc             ] GC(1160) Pause Young (Allocation Failure) 37M->30M(57M) 7.228ms
[2026-06-17T10:01:32.902+0800][30.529s][info][gc,cpu         ] GC(1160) User=0.00s Sys=0.00s Real=0.00s
[2026-06-17T10:01:32.913+0800][30.541s][info][gc,start       ] GC(1161) Pause Young (Allocation Failure)
[2026-06-17T10:01:32.916+0800][30.543s][info][gc,heap        ] GC(1161) PSYoungGen: 10977K(14336K)->7153K(14336K) Eden: 7137K(7168K)->0K(7168K) From: 3839K(7168K)->7153K(7168K)
[2026-06-17T10:01:32.917+0800][30.545s][info][gc,heap        ] GC(1161) ParOldGen: 27731K(44032K)->28013K(44032K)
[2026-06-17T10:01:32.918+0800][30.546s][info][gc,metaspace   ] GC(1161) Metaspace: 113K(320K)->113K(320K) NonClass: 105K(192K)->105K(192K) Class: 7K(128K)->7K(128K)
[2026-06-17T10:01:32.920+0800][30.548s][info][gc             ] GC(1161) Pause Young (Allocation Failure) 37M->34M(57M) 6.576ms
[2026-06-17T10:01:32.921+0800][30.549s][info][gc,cpu         ] GC(1161) User=0.00s Sys=0.00s Real=0.00s
[2026-06-17T10:01:32.944+0800][30.571s][info][gc,start       ] GC(1162) Pause Young (Allocation Failure)
[2026-06-17T10:01:32.947+0800][30.575s][info][gc,heap        ] GC(1162) PSYoungGen: 14280K(14336K)->2084K(14336K) Eden: 7126K(7168K)->0K(7168K) From: 7153K(7168K)->2084K(7168K)
[2026-06-17T10:01:32.948+0800][30.575s][info][gc,heap        ] GC(1162) ParOldGen: 28013K(44032K)->29626K(44032K)
[2026-06-17T10:01:32.948+0800][30.576s][info][gc,metaspace   ] GC(1162) Metaspace: 113K(320K)->113K(320K) NonClass: 105K(192K)->105K(192K) Class: 7K(128K)->7K(128K)
[2026-06-17T10:01:32.950+0800][30.577s][info][gc             ] GC(1162) Pause Young (Allocation Failure) 41M->30M(57M) 6.140ms
[2026-06-17T10:01:32.950+0800][30.578s][info][gc,cpu         ] GC(1162) User=0.00s Sys=0.00s Real=0.00s
[2026-06-17T10:01:32.973+0800][30.601s][info][gc,start       ] GC(1163) Pause Young (Allocation Failure)
[2026-06-17T10:01:32.975+0800][30.602s][info][gc,heap        ] GC(1163) PSYoungGen: 9242K(14336K)->3569K(14336K) Eden: 7158K(7168K)->0K(7168K) From: 2084K(7168K)->3569K(7168K)
[2026-06-17T10:01:32.976+0800][30.603s][info][gc,heap        ] GC(1163) ParOldGen: 29626K(44032K)->31662K(44032K)
[2026-06-17T10:01:32.976+0800][30.604s][info][gc,metaspace   ] GC(1163) Metaspace: 113K(320K)->113K(320K) NonClass: 105K(192K)->105K(192K) Class: 7K(128K)->7K(128K)
[2026-06-17T10:01:32.977+0800][30.605s][info][gc             ] GC(1163) Pause Young (Allocation Failure) 37M->34M(57M) 4.318ms
[2026-06-17T10:01:32.978+0800][30.606s][info][gc,cpu         ] GC(1163) User=0.00s Sys=0.01s Real=0.00s
[2026-06-17T10:01:32.990+0800][30.618s][info][gc,start       ] GC(1164) Pause Young (Allocation Failure)
[2026-06-17T10:01:32.995+0800][30.622s][info][gc,heap        ] GC(1164) PSYoungGen: 10606K(14336K)->1454K(14336K) Eden: 7036K(7168K)->0K(7168K) From: 3569K(7168K)->1454K(7168K)
[2026-06-17T10:01:32.996+0800][30.623s][info][gc,heap        ] GC(1164) ParOldGen: 31662K(44032K)->33662K(44032K)
[2026-06-17T10:01:32.996+0800][30.624s][info][gc,metaspace   ] GC(1164) Metaspace: 113K(320K)->113K(320K) NonClass: 105K(192K)->105K(192K) Class: 7K(128K)->7K(128K)
[2026-06-17T10:01:32.998+0800][30.625s][info][gc             ] GC(1164) Pause Young (Allocation Failure) 41M->34M(57M) 7.374ms
[2026-06-17T10:01:32.998+0800][30.626s][info][gc,cpu         ] GC(1164) User=0.01s Sys=0.00s Real=0.01s
[2026-06-17T10:01:33.031+0800][30.659s][info][gc,start       ] GC(1165) Pause Young (Allocation Failure)
[2026-06-17T10:01:33.032+0800][30.660s][info][gc,heap        ] GC(1165) PSYoungGen: 8566K(14336K)->263K(14336K) Eden: 7112K(7168K)->0K(7168K) From: 1454K(7168K)->263K(7168K)
[2026-06-17T10:01:33.032+0800][30.660s][info][gc,heap        ] GC(1165) ParOldGen: 33662K(44032K)->35092K(44032K)
[2026-06-17T10:01:33.033+0800][30.661s][info][gc,metaspace   ] GC(1165) Metaspace: 113K(320K)->113K(320K) NonClass: 105K(192K)->105K(192K) Class: 7K(128K)->7K(128K)
[2026-06-17T10:01:33.033+0800][30.661s][info][gc             ] GC(1165) Pause Young (Allocation Failure) 41M->34M(57M) 2.584ms
[2026-06-17T10:01:33.034+0800][30.662s][info][gc,cpu         ] GC(1165) User=0.00s Sys=0.00s Real=0.00s
[2026-06-17T10:01:33.045+0800][30.673s][info][gc,start       ] GC(1166) Pause Young (Allocation Failure)
[2026-06-17T10:01:33.047+0800][30.675s][info][gc,heap        ] GC(1166) PSYoungGen: 7427K(14336K)->4031K(14336K) Eden: 7164K(7168K)->0K(7168K) From: 263K(7168K)->4031K(7168K)
[2026-06-17T10:01:33.048+0800][30.675s][info][gc,heap        ] GC(1166) ParOldGen: 35092K(44032K)->35242K(44032K)
[2026-06-17T10:01:33.048+0800][30.676s][info][gc,metaspace   ] GC(1166) Metaspace: 113K(320K)->113K(320K) NonClass: 105K(192K)->105K(192K) Class: 7K(128K)->7K(128K)
[2026-06-17T10:01:33.048+0800][30.676s][info][gc             ] GC(1166) Pause Young (Allocation Failure) 41M->38M(57M) 2.860ms
[2026-06-17T10:01:33.049+0800][30.677s][info][gc,cpu         ] GC(1166) User=0.00s Sys=0.00s Real=0.00s
[2026-06-17T10:01:33.071+0800][30.699s][info][gc,start       ] GC(1167) Pause Young (Allocation Failure)
[2026-06-17T10:01:33.073+0800][30.701s][info][gc,heap        ] GC(1167) PSYoungGen: 11150K(14336K)->1439K(14336K) Eden: 7118K(7168K)->0K(7168K) From: 4031K(7168K)->1439K(7168K)
[2026-06-17T10:01:33.074+0800][30.701s][info][gc,heap        ] GC(1167) ParOldGen: 35242K(44032K)->38164K(44032K)
[2026-06-17T10:01:33.075+0800][30.702s][info][gc,metaspace   ] GC(1167) Metaspace: 113K(320K)->113K(320K) NonClass: 105K(192K)->105K(192K) Class: 7K(128K)->7K(128K)
[2026-06-17T10:01:33.075+0800][30.703s][info][gc             ] GC(1167) Pause Young (Allocation Failure) 45M->38M(57M) 4.271ms
[2026-06-17T10:01:33.076+0800][30.704s][info][gc,cpu         ] GC(1167) User=0.01s Sys=0.00s Real=0.00s
[2026-06-17T10:01:33.088+0800][30.716s][info][gc,start       ] GC(1168) Pause Young (Allocation Failure)
[2026-06-17T10:01:33.090+0800][30.718s][info][gc,heap        ] GC(1168) PSYoungGen: 8580K(14336K)->5097K(14336K) Eden: 7141K(7168K)->0K(7168K) From: 1439K(7168K)->5097K(7168K)
[2026-06-17T10:01:33.091+0800][30.718s][info][gc,heap        ] GC(1168) ParOldGen: 38164K(44032K)->38164K(44032K)
[2026-06-17T10:01:33.091+0800][30.719s][info][gc,metaspace   ] GC(1168) Metaspace: 113K(320K)->113K(320K) NonClass: 105K(192K)->105K(192K) Class: 7K(128K)->7K(128K)
[2026-06-17T10:01:33.092+0800][30.720s][info][gc             ] GC(1168) Pause Young (Allocation Failure) 45M->42M(57M) 3.908ms
[2026-06-17T10:01:33.093+0800][30.720s][info][gc,cpu         ] GC(1168) User=0.00s Sys=0.00s Real=0.01s
[2026-06-17T10:01:33.115+0800][30.743s][info][gc,start       ] GC(1169) Pause Young (Allocation Failure)
[2026-06-17T10:01:33.117+0800][30.745s][info][gc,heap        ] GC(1169) PSYoungGen: 12247K(14336K)->3168K(14336K) Eden: 7149K(7168K)->0K(7168K) From: 5097K(7168K)->3168K(7168K)
[2026-06-17T10:01:33.118+0800][30.745s][info][gc,heap        ] GC(1169) ParOldGen: 38164K(44032K)->40144K(44032K)
[2026-06-17T10:01:33.118+0800][30.746s][info][gc,metaspace   ] GC(1169) Metaspace: 113K(320K)->113K(320K) NonClass: 105K(192K)->105K(192K) Class: 7K(128K)->7K(128K)
[2026-06-17T10:01:33.119+0800][30.747s][info][gc             ] GC(1169) Pause Young (Allocation Failure) 49M->42M(57M) 3.837ms
[2026-06-17T10:01:33.120+0800][30.747s][info][gc,cpu         ] GC(1169) User=0.00s Sys=0.00s Real=0.00s
[2026-06-17T10:01:33.142+0800][30.770s][info][gc,start       ] GC(1170) Pause Young (Allocation Failure)
[2026-06-17T10:01:33.144+0800][30.772s][info][gc,heap        ] GC(1170) PSYoungGen: 10318K(14336K)->3636K(14336K) Eden: 7150K(7168K)->0K(7168K) From: 3168K(7168K)->3636K(7168K)
[2026-06-17T10:01:33.146+0800][30.774s][info][gc,heap        ] GC(1170) ParOldGen: 40144K(44032K)->40144K(44032K)
[2026-06-17T10:01:33.147+0800][30.774s][info][gc,metaspace   ] GC(1170) Metaspace: 113K(320K)->113K(320K) NonClass: 105K(192K)->105K(192K) Class: 7K(128K)->7K(128K)
[2026-06-17T10:01:33.148+0800][30.776s][info][gc             ] GC(1170) Pause Young (Allocation Failure) 49M->42M(57M) 6.607ms
[2026-06-17T10:01:33.149+0800][30.777s][info][gc,cpu         ] GC(1170) User=0.01s Sys=0.00s Real=0.01s
[2026-06-17T10:01:33.172+0800][30.799s][info][gc,start       ] GC(1171) Pause Young (Allocation Failure)
[2026-06-17T10:01:33.174+0800][30.801s][info][gc,heap        ] GC(1171) PSYoungGen: 10773K(14336K)->2003K(14336K) Eden: 7136K(7168K)->0K(7168K) From: 3636K(7168K)->2003K(7168K)
[2026-06-17T10:01:33.175+0800][30.802s][info][gc,heap        ] GC(1171) ParOldGen: 40144K(44032K)->42010K(44032K)
[2026-06-17T10:01:33.175+0800][30.803s][info][gc,metaspace   ] GC(1171) Metaspace: 113K(320K)->113K(320K) NonClass: 105K(192K)->105K(192K) Class: 7K(128K)->7K(128K)
[2026-06-17T10:01:33.177+0800][30.805s][info][gc             ] GC(1171) Pause Young (Allocation Failure) 49M->42M(57M) 5.766ms
[2026-06-17T10:01:33.178+0800][30.806s][info][gc,cpu         ] GC(1171) User=0.00s Sys=0.00s Real=0.00s
[2026-06-17T10:01:33.202+0800][30.830s][info][gc,start       ] GC(1172) Pause Full (Ergonomics)
[2026-06-17T10:01:33.203+0800][30.831s][info][gc,phases,start] GC(1172) Marking Phase
[2026-06-17T10:01:33.206+0800][30.834s][info][gc,phases      ] GC(1172) Marking Phase 3.187ms
[2026-06-17T10:01:33.207+0800][30.835s][info][gc,phases,start] GC(1172) Summary Phase
[2026-06-17T10:01:33.208+0800][30.836s][info][gc,phases      ] GC(1172) Summary Phase 0.778ms
[2026-06-17T10:01:33.209+0800][30.836s][info][gc,phases,start] GC(1172) Adjust Roots
[2026-06-17T10:01:33.210+0800][30.838s][info][gc,phases      ] GC(1172) Adjust Roots 1.209ms
[2026-06-17T10:01:33.211+0800][30.838s][info][gc,phases,start] GC(1172) Compaction Phase
[2026-06-17T10:01:33.213+0800][30.841s][info][gc,phases      ] GC(1172) Compaction Phase 2.291ms
[2026-06-17T10:01:33.213+0800][30.841s][info][gc,phases,start] GC(1172) Post Compact
[2026-06-17T10:01:33.214+0800][30.842s][info][gc,phases      ] GC(1172) Post Compact 0.805ms
[2026-06-17T10:01:33.215+0800][30.843s][info][gc,heap        ] GC(1172) PSYoungGen: 9171K(14336K)->0K(14336K) Eden: 7168K(7168K)->0K(7168K) From: 2003K(7168K)->0K(7168K)
[2026-06-17T10:01:33.216+0800][30.843s][info][gc,heap        ] GC(1172) ParOldGen: 42010K(44032K)->23741K(44032K)
[2026-06-17T10:01:33.216+0800][30.844s][info][gc,metaspace   ] GC(1172) Metaspace: 113K(320K)->113K(320K) NonClass: 105K(192K)->105K(192K) Class: 7K(128K)->7K(128K)
[2026-06-17T10:01:33.217+0800][30.844s][info][gc             ] GC(1172) Pause Full (Ergonomics) 49M->23M(57M) 14.450ms
[2026-06-17T10:01:33.217+0800][30.845s][info][gc,cpu         ] GC(1172) User=0.01s Sys=0.00s Real=0.02s
[2026-06-17T10:01:33.229+0800][30.857s][info][gc,start       ] GC(1173) Pause Young (Allocation Failure)
[2026-06-17T10:01:33.231+0800][30.859s][info][gc,heap        ] GC(1173) PSYoungGen: 7141K(14336K)->7016K(14336K) Eden: 7141K(7168K)->0K(7168K) From: 0K(7168K)->7016K(7168K)
[2026-06-17T10:01:33.232+0800][30.860s][info][gc,heap        ] GC(1173) ParOldGen: 23741K(44032K)->23926K(44032K)
[2026-06-17T10:01:33.233+0800][30.861s][info][gc,metaspace   ] GC(1173) Metaspace: 113K(320K)->113K(320K) NonClass: 105K(192K)->105K(192K) Class: 7K(128K)->7K(128K)
[2026-06-17T10:01:33.234+0800][30.862s][info][gc             ] GC(1173) Pause Young (Allocation Failure) 30M->30M(57M) 4.653ms
[2026-06-17T10:01:33.235+0800][30.862s][info][gc,cpu         ] GC(1173) User=0.00s Sys=0.00s Real=0.01s
[2026-06-17T10:01:33.257+0800][30.885s][info][gc,start       ] GC(1174) Pause Young (Allocation Failure)
[2026-06-17T10:01:33.259+0800][30.887s][info][gc,heap        ] GC(1174) PSYoungGen: 14182K(14336K)->2517K(14336K) Eden: 7166K(7168K)->0K(7168K) From: 7016K(7168K)->2517K(7168K)
[2026-06-17T10:01:33.260+0800][30.888s][info][gc,heap        ] GC(1174) ParOldGen: 23926K(44032K)->28619K(44032K)
[2026-06-17T10:01:33.261+0800][30.889s][info][gc,metaspace   ] GC(1174) Metaspace: 113K(320K)->113K(320K) NonClass: 105K(192K)->105K(192K) Class: 7K(128K)->7K(128K)
[2026-06-17T10:01:33.262+0800][30.890s][info][gc             ] GC(1174) Pause Young (Allocation Failure) 37M->30M(57M) 4.945ms
[2026-06-17T10:01:33.263+0800][30.891s][info][gc,cpu         ] GC(1174) User=0.00s Sys=0.00s Real=0.01s
[2026-06-17T10:01:33.285+0800][30.913s][info][gc,start       ] GC(1175) Pause Young (Allocation Failure)
[2026-06-17T10:01:33.287+0800][30.915s][info][gc,heap        ] GC(1175) PSYoungGen: 9683K(14336K)->2802K(14336K) Eden: 7165K(7168K)->0K(7168K) From: 2517K(7168K)->2802K(7168K)
[2026-06-17T10:01:33.288+0800][30.916s][info][gc,heap        ] GC(1175) ParOldGen: 28619K(44032K)->28619K(44032K)
[2026-06-17T10:01:33.289+0800][30.917s][info][gc,metaspace   ] GC(1175) Metaspace: 113K(320K)->113K(320K) NonClass: 105K(192K)->105K(192K) Class: 7K(128K)->7K(128K)
[2026-06-17T10:01:33.290+0800][30.918s][info][gc             ] GC(1175) Pause Young (Allocation Failure) 37M->30M(57M) 4.902ms
[2026-06-17T10:01:33.291+0800][30.919s][info][gc,cpu         ] GC(1175) User=0.00s Sys=0.00s Real=0.01s
[2026-06-17T10:01:33.303+0800][30.931s][info][gc,start       ] GC(1176) Pause Young (Allocation Failure)
[2026-06-17T10:01:33.305+0800][30.933s][info][gc,heap        ] GC(1176) PSYoungGen: 9958K(14336K)->4092K(14336K) Eden: 7156K(7168K)->0K(7168K) From: 2802K(7168K)->4092K(7168K)
[2026-06-17T10:01:33.306+0800][30.934s][info][gc,heap        ] GC(1176) ParOldGen: 28619K(44032K)->30638K(44032K)
[2026-06-17T10:01:33.307+0800][30.935s][info][gc,metaspace   ] GC(1176) Metaspace: 113K(320K)->113K(320K) NonClass: 105K(192K)->105K(192K) Class: 7K(128K)->7K(128K)
[2026-06-17T10:01:33.308+0800][30.936s][info][gc             ] GC(1176) Pause Young (Allocation Failure) 37M->33M(57M) 4.792ms
[2026-06-17T10:01:33.309+0800][30.937s][info][gc,cpu         ] GC(1176) User=0.00s Sys=0.00s Real=0.00s
[2026-06-17T10:01:33.331+0800][30.959s][info][gc,start       ] GC(1177) Pause Young (Allocation Failure)
[2026-06-17T10:01:33.333+0800][30.960s][info][gc,heap        ] GC(1177) PSYoungGen: 11256K(14336K)->3051K(14336K) Eden: 7164K(7168K)->0K(7168K) From: 4092K(7168K)->3051K(7168K)
[2026-06-17T10:01:33.334+0800][30.961s][info][gc,heap        ] GC(1177) ParOldGen: 30638K(44032K)->31865K(44032K)
[2026-06-17T10:01:33.334+0800][30.962s][info][gc,metaspace   ] GC(1177) Metaspace: 113K(320K)->113K(320K) NonClass: 105K(192K)->105K(192K) Class: 7K(128K)->7K(128K)
[2026-06-17T10:01:33.335+0800][30.963s][info][gc             ] GC(1177) Pause Young (Allocation Failure) 40M->34M(57M) 3.945ms
[2026-06-17T10:01:33.336+0800][30.963s][info][gc,cpu         ] GC(1177) User=0.00s Sys=0.00s Real=0.00s
[2026-06-17T10:01:33.347+0800][30.975s][info][gc,start       ] GC(1178) Pause Young (Allocation Failure)
[2026-06-17T10:01:33.348+0800][30.976s][info][gc,heap        ] GC(1178) PSYoungGen: 10092K(14336K)->1106K(14336K) Eden: 7041K(7168K)->0K(7168K) From: 3051K(7168K)->1106K(7168K)
[2026-06-17T10:01:33.349+0800][30.977s][info][gc,heap        ] GC(1178) ParOldGen: 31865K(44032K)->34116K(44032K)
[2026-06-17T10:01:33.350+0800][30.977s][info][gc,metaspace   ] GC(1178) Metaspace: 113K(320K)->113K(320K) NonClass: 105K(192K)->105K(192K) Class: 7K(128K)->7K(128K)
[2026-06-17T10:01:33.350+0800][30.978s][info][gc             ] GC(1178) Pause Young (Allocation Failure) 40M->34M(57M) 3.283ms
[2026-06-17T10:01:33.351+0800][30.979s][info][gc,cpu         ] GC(1178) User=0.01s Sys=0.00s Real=0.01s
[2026-06-17T10:01:33.373+0800][31.000s][info][gc,start       ] GC(1179) Pause Young (Allocation Failure)
[2026-06-17T10:01:33.374+0800][31.002s][info][gc,heap        ] GC(1179) PSYoungGen: 8220K(14336K)->3924K(14336K) Eden: 7114K(7168K)->0K(7168K) From: 1106K(7168K)->3924K(7168K)
[2026-06-17T10:01:33.375+0800][31.002s][info][gc,heap        ] GC(1179) ParOldGen: 34116K(44032K)->35198K(44032K)
[2026-06-17T10:01:33.375+0800][31.003s][info][gc,metaspace   ] GC(1179) Metaspace: 113K(320K)->113K(320K) NonClass: 105K(192K)->105K(192K) Class: 7K(128K)->7K(128K)
[2026-06-17T10:01:33.376+0800][31.003s][info][gc             ] GC(1179) Pause Young (Allocation Failure) 41M->38M(57M) 2.800ms
[2026-06-17T10:01:33.376+0800][31.004s][info][gc,cpu         ] GC(1179) User=0.00s Sys=0.00s Real=0.00s
[2026-06-17T10:01:33.398+0800][31.026s][info][gc,start       ] GC(1180) Pause Young (Allocation Failure)
[2026-06-17T10:01:33.400+0800][31.028s][info][gc,heap        ] GC(1180) PSYoungGen: 11082K(14336K)->2763K(14336K) Eden: 7158K(7168K)->0K(7168K) From: 3924K(7168K)->2763K(7168K)
[2026-06-17T10:01:33.401+0800][31.029s][info][gc,heap        ] GC(1180) ParOldGen: 35198K(44032K)->36171K(44032K)
[2026-06-17T10:01:33.402+0800][31.030s][info][gc,metaspace   ] GC(1180) Metaspace: 113K(320K)->113K(320K) NonClass: 105K(192K)->105K(192K) Class: 7K(128K)->7K(128K)
[2026-06-17T10:01:33.403+0800][31.031s][info][gc             ] GC(1180) Pause Young (Allocation Failure) 45M->38M(57M) 4.597ms
[2026-06-17T10:01:33.403+0800][31.031s][info][gc,cpu         ] GC(1180) User=0.00s Sys=0.00s Real=0.01s
[2026-06-17T10:01:33.426+0800][31.054s][info][gc,start       ] GC(1181) Pause Young (Allocation Failure)
[2026-06-17T10:01:33.428+0800][31.056s][info][gc,heap        ] GC(1181) PSYoungGen: 9874K(14336K)->671K(13824K) Eden: 7111K(7168K)->0K(7168K) From: 2763K(7168K)->671K(6656K)
[2026-06-17T10:01:33.429+0800][31.057s][info][gc,heap        ] GC(1181) ParOldGen: 36171K(44032K)->38500K(44032K)
[2026-06-17T10:01:33.430+0800][31.057s][info][gc,metaspace   ] GC(1181) Metaspace: 113K(320K)->113K(320K) NonClass: 105K(192K)->105K(192K) Class: 7K(128K)->7K(128K)
[2026-06-17T10:01:33.430+0800][31.058s][info][gc             ] GC(1181) Pause Young (Allocation Failure) 44M->38M(56M) 4.298ms
[2026-06-17T10:01:33.431+0800][31.058s][info][gc,cpu         ] GC(1181) User=0.00s Sys=0.00s Real=0.01s
[2026-06-17T10:01:33.443+0800][31.071s][info][gc,start       ] GC(1182) Pause Young (Allocation Failure)
[2026-06-17T10:01:33.444+0800][31.072s][info][gc,heap        ] GC(1182) PSYoungGen: 7813K(13824K)->4501K(14336K) Eden: 7142K(7168K)->0K(7168K) From: 671K(6656K)->4501K(7168K)
[2026-06-17T10:01:33.445+0800][31.073s][info][gc,heap        ] GC(1182) ParOldGen: 38500K(44032K)->38500K(44032K)
[2026-06-17T10:01:33.446+0800][31.073s][info][gc,metaspace   ] GC(1182) Metaspace: 113K(320K)->113K(320K) NonClass: 105K(192K)->105K(192K) Class: 7K(128K)->7K(128K)
[2026-06-17T10:01:33.446+0800][31.074s][info][gc             ] GC(1182) Pause Young (Allocation Failure) 45M->41M(57M) 3.304ms
[2026-06-17T10:01:33.447+0800][31.074s][info][gc,cpu         ] GC(1182) User=0.01s Sys=0.00s Real=0.00s
[2026-06-17T10:01:33.469+0800][31.097s][info][gc,start       ] GC(1183) Pause Young (Allocation Failure)
[2026-06-17T10:01:33.471+0800][31.099s][info][gc,heap        ] GC(1183) PSYoungGen: 11656K(14336K)->2799K(14848K) Eden: 7155K(7168K)->0K(7680K) From: 4501K(7168K)->2799K(7168K)
[2026-06-17T10:01:33.473+0800][31.101s][info][gc,heap        ] GC(1183) ParOldGen: 38500K(44032K)->40252K(44032K)
[2026-06-17T10:01:33.475+0800][31.103s][info][gc,metaspace   ] GC(1183) Metaspace: 113K(320K)->113K(320K) NonClass: 105K(192K)->105K(192K) Class: 7K(128K)->7K(128K)
[2026-06-17T10:01:33.478+0800][31.106s][info][gc             ] GC(1183) Pause Young (Allocation Failure) 48M->42M(57M) 8.992ms
[2026-06-17T10:01:33.481+0800][31.108s][info][gc,cpu         ] GC(1183) User=0.00s Sys=0.00s Real=0.01s
[2026-06-17T10:01:33.504+0800][31.132s][info][gc,start       ] GC(1184) Pause Young (Allocation Failure)
[2026-06-17T10:01:33.507+0800][31.135s][info][gc,heap        ] GC(1184) PSYoungGen: 10478K(14848K)->3502K(14336K) Eden: 7678K(7680K)->0K(7680K) From: 2799K(7168K)->3502K(6656K)
[2026-06-17T10:01:33.508+0800][31.135s][info][gc,heap        ] GC(1184) ParOldGen: 40252K(44032K)->40252K(44032K)
[2026-06-17T10:01:33.508+0800][31.136s][info][gc,metaspace   ] GC(1184) Metaspace: 113K(320K)->113K(320K) NonClass: 105K(192K)->105K(192K) Class: 7K(128K)->7K(128K)
[2026-06-17T10:01:33.509+0800][31.136s][info][gc             ] GC(1184) Pause Young (Allocation Failure) 49M->42M(57M) 4.233ms
[2026-06-17T10:01:33.509+0800][31.137s][info][gc,cpu         ] GC(1184) User=0.00s Sys=0.00s Real=0.00s
[2026-06-17T10:01:33.531+0800][31.159s][info][gc,start       ] GC(1185) Pause Young (Allocation Failure)
[2026-06-17T10:01:33.534+0800][31.162s][info][gc,heap        ] GC(1185) PSYoungGen: 11181K(14336K)->2187K(14848K) Eden: 7679K(7680K)->0K(8192K) From: 3502K(6656K)->2187K(6656K)
[2026-06-17T10:01:33.536+0800][31.163s][info][gc,heap        ] GC(1185) ParOldGen: 40252K(44032K)->42305K(44032K)
[2026-06-17T10:01:33.538+0800][31.166s][info][gc,metaspace   ] GC(1185) Metaspace: 113K(320K)->113K(320K) NonClass: 105K(192K)->105K(192K) Class: 7K(128K)->7K(128K)
[2026-06-17T10:01:33.540+0800][31.168s][info][gc             ] GC(1185) Pause Young (Allocation Failure) 50M->43M(57M) 9.185ms
[2026-06-17T10:01:33.544+0800][31.172s][info][gc,cpu         ] GC(1185) User=0.01s Sys=0.00s Real=0.01s
[2026-06-17T10:01:33.567+0800][31.195s][info][gc,start       ] GC(1186) Pause Full (Ergonomics)
[2026-06-17T10:01:33.568+0800][31.195s][info][gc,phases,start] GC(1186) Marking Phase
[2026-06-17T10:01:33.570+0800][31.198s][info][gc,phases      ] GC(1186) Marking Phase 2.139ms
[2026-06-17T10:01:33.570+0800][31.198s][info][gc,phases,start] GC(1186) Summary Phase
[2026-06-17T10:01:33.570+0800][31.198s][info][gc,phases      ] GC(1186) Summary Phase 0.335ms
[2026-06-17T10:01:33.571+0800][31.198s][info][gc,phases,start] GC(1186) Adjust Roots
[2026-06-17T10:01:33.571+0800][31.199s][info][gc,phases      ] GC(1186) Adjust Roots 0.376ms
[2026-06-17T10:01:33.571+0800][31.199s][info][gc,phases,start] GC(1186) Compaction Phase
[2026-06-17T10:01:33.574+0800][31.201s][info][gc,phases      ] GC(1186) Compaction Phase 2.382ms
[2026-06-17T10:01:33.574+0800][31.202s][info][gc,phases,start] GC(1186) Post Compact
[2026-06-17T10:01:33.574+0800][31.202s][info][gc,phases      ] GC(1186) Post Compact 0.219ms
[2026-06-17T10:01:33.574+0800][31.202s][info][gc,heap        ] GC(1186) PSYoungGen: 10365K(14848K)->0K(14848K) Eden: 8178K(8192K)->0K(8192K) From: 2187K(6656K)->0K(6656K)
[2026-06-17T10:01:33.574+0800][31.202s][info][gc,heap        ] GC(1186) ParOldGen: 42305K(44032K)->26198K(44032K)
[2026-06-17T10:01:33.574+0800][31.202s][info][gc,metaspace   ] GC(1186) Metaspace: 113K(320K)->113K(320K) NonClass: 105K(192K)->105K(192K) Class: 7K(128K)->7K(128K)
[2026-06-17T10:01:33.575+0800][31.202s][info][gc             ] GC(1186) Pause Full (Ergonomics) 51M->25M(57M) 7.358ms
[2026-06-17T10:01:33.575+0800][31.202s][info][gc,cpu         ] GC(1186) User=0.01s Sys=0.00s Real=0.01s
[2026-06-17T10:01:33.586+0800][31.213s][info][gc,start       ] GC(1187) Pause Young (Allocation Failure)
[2026-06-17T10:01:33.586+0800][31.214s][info][gc,heap        ] GC(1187) PSYoungGen: 8184K(14848K)->6647K(13824K) Eden: 8184K(8192K)->0K(7168K) From: 0K(6656K)->6647K(6656K)
[2026-06-17T10:01:33.587+0800][31.214s][info][gc,heap        ] GC(1187) ParOldGen: 26198K(44032K)->27846K(44032K)
[2026-06-17T10:01:33.587+0800][31.215s][info][gc,metaspace   ] GC(1187) Metaspace: 113K(320K)->113K(320K) NonClass: 105K(192K)->105K(192K) Class: 7K(128K)->7K(128K)
[2026-06-17T10:01:33.587+0800][31.215s][info][gc             ] GC(1187) Pause Young (Allocation Failure) 33M->33M(56M) 1.248ms
[2026-06-17T10:01:33.587+0800][31.215s][info][gc,cpu         ] GC(1187) User=0.00s Sys=0.00s Real=0.00s
[2026-06-17T10:01:33.608+0800][31.236s][info][gc,start       ] GC(1188) Pause Young (Allocation Failure)
[2026-06-17T10:01:33.609+0800][31.237s][info][gc,heap        ] GC(1188) PSYoungGen: 13809K(13824K)->2669K(14336K) Eden: 7162K(7168K)->0K(7168K) From: 6647K(6656K)->2669K(7168K)
[2026-06-17T10:01:33.609+0800][31.237s][info][gc,heap        ] GC(1188) ParOldGen: 27846K(44032K)->32067K(44032K)
[2026-06-17T10:01:33.609+0800][31.237s][info][gc,metaspace   ] GC(1188) Metaspace: 113K(320K)->113K(320K) NonClass: 105K(192K)->105K(192K) Class: 7K(128K)->7K(128K)
[2026-06-17T10:01:33.610+0800][31.237s][info][gc             ] GC(1188) Pause Young (Allocation Failure) 40M->33M(57M) 1.583ms
[2026-06-17T10:01:33.610+0800][31.237s][info][gc,cpu         ] GC(1188) User=0.00s Sys=0.00s Real=0.00s
[2026-06-17T10:01:33.631+0800][31.258s][info][gc,start       ] GC(1189) Pause Young (Allocation Failure)
[2026-06-17T10:01:33.640+0800][31.268s][info][gc,heap        ] GC(1189) PSYoungGen: 9795K(14336K)->3053K(14848K) Eden: 7125K(7168K)->0K(7680K) From: 2669K(7168K)->3053K(7168K)
[2026-06-17T10:01:33.641+0800][31.269s][info][gc,heap        ] GC(1189) ParOldGen: 32067K(44032K)->32067K(44032K)
[2026-06-17T10:01:33.642+0800][31.269s][info][gc,metaspace   ] GC(1189) Metaspace: 113K(320K)->113K(320K) NonClass: 105K(192K)->105K(192K) Class: 7K(128K)->7K(128K)
[2026-06-17T10:01:33.642+0800][31.270s][info][gc             ] GC(1189) Pause Young (Allocation Failure) 40M->34M(57M) 11.405ms
[2026-06-17T10:01:33.643+0800][31.271s][info][gc,cpu         ] GC(1189) User=0.00s Sys=0.00s Real=0.01s
[2026-06-17T10:01:33.654+0800][31.282s][info][gc,start       ] GC(1190) Pause Young (Allocation Failure)
[2026-06-17T10:01:33.657+0800][31.285s][info][gc,heap        ] GC(1190) PSYoungGen: 10716K(14848K)->1651K(14336K) Eden: 7663K(7680K)->0K(7680K) From: 3053K(7168K)->1651K(6656K)
[2026-06-17T10:01:33.658+0800][31.286s][info][gc,heap        ] GC(1190) ParOldGen: 32067K(44032K)->34121K(44032K)
[2026-06-17T10:01:33.659+0800][31.286s][info][gc,metaspace   ] GC(1190) Metaspace: 113K(320K)->113K(320K) NonClass: 105K(192K)->105K(192K) Class: 7K(128K)->7K(128K)
[2026-06-17T10:01:33.662+0800][31.290s][info][gc             ] GC(1190) Pause Young (Allocation Failure) 41M->34M(57M) 7.958ms
[2026-06-17T10:01:33.663+0800][31.291s][info][gc,cpu         ] GC(1190) User=0.00s Sys=0.00s Real=0.01s
[2026-06-17T10:01:33.695+0800][31.323s][info][gc,start       ] GC(1191) Pause Young (Allocation Failure)
[2026-06-17T10:01:33.697+0800][31.325s][info][gc,heap        ] GC(1191) PSYoungGen: 9282K(14336K)->372K(13824K) Eden: 7630K(7680K)->0K(7168K) From: 1651K(6656K)->372K(6656K)
[2026-06-17T10:01:33.698+0800][31.326s][info][gc,heap        ] GC(1191) ParOldGen: 34121K(44032K)->35748K(44032K)
[2026-06-17T10:01:33.699+0800][31.326s][info][gc,metaspace   ] GC(1191) Metaspace: 113K(320K)->113K(320K) NonClass: 105K(192K)->105K(192K) Class: 7K(128K)->7K(128K)
[2026-06-17T10:01:33.699+0800][31.327s][info][gc             ] GC(1191) Pause Young (Allocation Failure) 42M->35M(56M) 3.753ms
[2026-06-17T10:01:33.700+0800][31.328s][info][gc,cpu         ] GC(1191) User=0.01s Sys=0.00s Real=0.00s
[2026-06-17T10:01:33.713+0800][31.340s][info][gc,start       ] GC(1192) Pause Young (Allocation Failure)
[2026-06-17T10:01:33.715+0800][31.343s][info][gc,heap        ] GC(1192) PSYoungGen: 7496K(13824K)->3844K(14336K) Eden: 7124K(7168K)->0K(7168K) From: 372K(6656K)->3844K(7168K)
[2026-06-17T10:01:33.716+0800][31.344s][info][gc,heap        ] GC(1192) ParOldGen: 35748K(44032K)->35965K(44032K)
[2026-06-17T10:01:33.717+0800][31.344s][info][gc,metaspace   ] GC(1192) Metaspace: 113K(320K)->113K(320K) NonClass: 105K(192K)->105K(192K) Class: 7K(128K)->7K(128K)
[2026-06-17T10:01:33.717+0800][31.345s][info][gc             ] GC(1192) Pause Young (Allocation Failure) 42M->38M(57M) 4.585ms
[2026-06-17T10:01:33.718+0800][31.345s][info][gc,cpu         ] GC(1192) User=0.00s Sys=0.00s Real=0.00s
[2026-06-17T10:01:33.740+0800][31.367s][info][gc,start       ] GC(1193) Pause Young (Allocation Failure)
[2026-06-17T10:01:33.741+0800][31.369s][info][gc,heap        ] GC(1193) PSYoungGen: 11011K(14336K)->2056K(14848K) Eden: 7166K(7168K)->0K(7680K) From: 3844K(7168K)->2056K(7168K)
[2026-06-17T10:01:33.742+0800][31.369s][info][gc,heap        ] GC(1193) ParOldGen: 35965K(44032K)->37764K(44032K)
[2026-06-17T10:01:33.742+0800][31.370s][info][gc,metaspace   ] GC(1193) Metaspace: 113K(320K)->113K(320K) NonClass: 105K(192K)->105K(192K) Class: 7K(128K)->7K(128K)
[2026-06-17T10:01:33.743+0800][31.370s][info][gc             ] GC(1193) Pause Young (Allocation Failure) 45M->38M(57M) 2.807ms
[2026-06-17T10:01:33.743+0800][31.371s][info][gc,cpu         ] GC(1193) User=0.00s Sys=0.00s Real=0.01s
[2026-06-17T10:01:33.765+0800][31.393s][info][gc,start       ] GC(1194) Pause Young (Allocation Failure)
[2026-06-17T10:01:33.767+0800][31.394s][info][gc,heap        ] GC(1194) PSYoungGen: 9718K(14848K)->2891K(14336K) Eden: 7661K(7680K)->0K(7680K) From: 2056K(7168K)->2891K(6656K)
[2026-06-17T10:01:33.767+0800][31.395s][info][gc,heap        ] GC(1194) ParOldGen: 37764K(44032K)->37764K(44032K)
[2026-06-17T10:01:33.768+0800][31.395s][info][gc,metaspace   ] GC(1194) Metaspace: 113K(320K)->113K(320K) NonClass: 105K(192K)->105K(192K) Class: 7K(128K)->7K(128K)
[2026-06-17T10:01:33.768+0800][31.396s][info][gc             ] GC(1194) Pause Young (Allocation Failure) 46M->39M(57M) 2.849ms
[2026-06-17T10:01:33.769+0800][31.396s][info][gc,cpu         ] GC(1194) User=0.00s Sys=0.00s Real=0.00s
[2026-06-17T10:01:33.780+0800][31.408s][info][gc,start       ] GC(1195) Pause Young (Allocation Failure)
[2026-06-17T10:01:33.781+0800][31.409s][info][gc,heap        ] GC(1195) PSYoungGen: 10535K(14336K)->1291K(15360K) Eden: 7643K(7680K)->0K(9216K) From: 2891K(6656K)->1291K(6144K)
[2026-06-17T10:01:33.782+0800][31.410s][info][gc,heap        ] GC(1195) ParOldGen: 37764K(44032K)->39640K(44032K)
[2026-06-17T10:01:33.782+0800][31.410s][info][gc,metaspace   ] GC(1195) Metaspace: 113K(320K)->113K(320K) NonClass: 105K(192K)->105K(192K) Class: 7K(128K)->7K(128K)
[2026-06-17T10:01:33.783+0800][31.411s][info][gc             ] GC(1195) Pause Young (Allocation Failure) 47M->39M(58M) 2.870ms
[2026-06-17T10:01:33.783+0800][31.411s][info][gc,cpu         ] GC(1195) User=0.01s Sys=0.00s Real=0.01s
[2026-06-17T10:01:33.816+0800][31.444s][info][gc,start       ] GC(1196) Pause Young (Allocation Failure)
[2026-06-17T10:01:33.818+0800][31.445s][info][gc,heap        ] GC(1196) PSYoungGen: 10476K(15360K)->2420K(15360K) Eden: 9185K(9216K)->0K(9216K) From: 1291K(6144K)->2420K(6144K)
[2026-06-17T10:01:33.818+0800][31.446s][info][gc,heap        ] GC(1196) ParOldGen: 39640K(44032K)->40908K(44032K)
[2026-06-17T10:01:33.819+0800][31.446s][info][gc,metaspace   ] GC(1196) Metaspace: 113K(320K)->113K(320K) NonClass: 105K(192K)->105K(192K) Class: 7K(128K)->7K(128K)
[2026-06-17T10:01:33.819+0800][31.447s][info][gc             ] GC(1196) Pause Young (Allocation Failure) 48M->42M(58M) 3.311ms
[2026-06-17T10:01:33.820+0800][31.448s][info][gc,cpu         ] GC(1196) User=0.00s Sys=0.00s Real=0.00s
[2026-06-17T10:01:33.842+0800][31.470s][info][gc,start       ] GC(1197) Pause Full (Ergonomics)
[2026-06-17T10:01:33.843+0800][31.471s][info][gc,phases,start] GC(1197) Marking Phase
[2026-06-17T10:01:33.846+0800][31.473s][info][gc,phases      ] GC(1197) Marking Phase 2.484ms
[2026-06-17T10:01:33.846+0800][31.474s][info][gc,phases,start] GC(1197) Summary Phase
[2026-06-17T10:01:33.846+0800][31.474s][info][gc,phases      ] GC(1197) Summary Phase 0.361ms
[2026-06-17T10:01:33.847+0800][31.474s][info][gc,phases,start] GC(1197) Adjust Roots
[2026-06-17T10:01:33.847+0800][31.475s][info][gc,phases      ] GC(1197) Adjust Roots 0.585ms
[2026-06-17T10:01:33.848+0800][31.475s][info][gc,phases,start] GC(1197) Compaction Phase
[2026-06-17T10:01:33.849+0800][31.477s][info][gc,phases      ] GC(1197) Compaction Phase 1.752ms
[2026-06-17T10:01:33.850+0800][31.478s][info][gc,phases,start] GC(1197) Post Compact
[2026-06-17T10:01:33.851+0800][31.478s][info][gc,phases      ] GC(1197) Post Compact 0.610ms
[2026-06-17T10:01:33.851+0800][31.479s][info][gc,heap        ] GC(1197) PSYoungGen: 11590K(15360K)->0K(15360K) Eden: 9169K(9216K)->0K(9216K) From: 2420K(6144K)->0K(6144K)
[2026-06-17T10:01:33.851+0800][31.479s][info][gc,heap        ] GC(1197) ParOldGen: 40908K(44032K)->21347K(44032K)
[2026-06-17T10:01:33.851+0800][31.479s][info][gc,metaspace   ] GC(1197) Metaspace: 113K(320K)->113K(320K) NonClass: 105K(192K)->105K(192K) Class: 7K(128K)->7K(128K)
[2026-06-17T10:01:33.851+0800][31.479s][info][gc             ] GC(1197) Pause Full (Ergonomics) 51M->20M(58M) 9.091ms
[2026-06-17T10:01:33.852+0800][31.479s][info][gc,cpu         ] GC(1197) User=0.01s Sys=0.00s Real=0.02s
[2026-06-17T10:01:33.874+0800][31.501s][info][gc,start       ] GC(1198) Pause Young (Allocation Failure)
[2026-06-17T10:01:33.876+0800][31.504s][info][gc,heap        ] GC(1198) PSYoungGen: 9214K(15360K)->5806K(15360K) Eden: 9214K(9216K)->0K(9216K) From: 0K(6144K)->5806K(6144K)
[2026-06-17T10:01:33.877+0800][31.504s][info][gc,heap        ] GC(1198) ParOldGen: 21347K(44032K)->21347K(44032K)
[2026-06-17T10:01:33.877+0800][31.505s][info][gc,metaspace   ] GC(1198) Metaspace: 113K(320K)->113K(320K) NonClass: 105K(192K)->105K(192K) Class: 7K(128K)->7K(128K)
[2026-06-17T10:01:33.878+0800][31.506s][info][gc             ] GC(1198) Pause Young (Allocation Failure) 29M->26M(58M) 4.170ms
[2026-06-17T10:01:33.878+0800][31.506s][info][gc,cpu         ] GC(1198) User=0.00s Sys=0.00s Real=0.00s
[2026-06-17T10:01:33.901+0800][31.528s][info][gc,start       ] GC(1199) Pause Young (Allocation Failure)
[2026-06-17T10:01:33.903+0800][31.530s][info][gc,heap        ] GC(1199) PSYoungGen: 15004K(15360K)->3131K(14336K) Eden: 9197K(9216K)->0K(8192K) From: 5806K(6144K)->3131K(6144K)
[2026-06-17T10:01:33.903+0800][31.531s][info][gc,heap        ] GC(1199) ParOldGen: 21347K(44032K)->26320K(44032K)
[2026-06-17T10:01:33.904+0800][31.531s][info][gc,metaspace   ] GC(1199) Metaspace: 113K(320K)->113K(320K) NonClass: 105K(192K)->105K(192K) Class: 7K(128K)->7K(128K)
[2026-06-17T10:01:33.904+0800][31.532s][info][gc             ] GC(1199) Pause Young (Allocation Failure) 35M->28M(57M) 3.399ms
[2026-06-17T10:01:33.905+0800][31.532s][info][gc,cpu         ] GC(1199) User=0.00s Sys=0.00s Real=0.01s
[2026-06-17T10:01:33.927+0800][31.554s][info][gc,start       ] GC(1200) Pause Young (Allocation Failure)
[2026-06-17T10:01:33.928+0800][31.556s][info][gc,heap        ] GC(1200) PSYoungGen: 11308K(14336K)->4175K(14848K) Eden: 8177K(8192K)->0K(8192K) From: 3131K(6144K)->4175K(6656K)
[2026-06-17T10:01:33.929+0800][31.557s][info][gc,heap        ] GC(1200) ParOldGen: 26320K(44032K)->26320K(44032K)
[2026-06-17T10:01:33.930+0800][31.558s][info][gc,metaspace   ] GC(1200) Metaspace: 113K(320K)->113K(320K) NonClass: 105K(192K)->105K(192K) Class: 7K(128K)->7K(128K)
[2026-06-17T10:01:33.931+0800][31.558s][info][gc             ] GC(1200) Pause Young (Allocation Failure) 36M->29M(57M) 4.017ms
[2026-06-17T10:01:33.931+0800][31.559s][info][gc,cpu         ] GC(1200) User=0.00s Sys=0.01s Real=0.01s
[2026-06-17T10:01:33.954+0800][31.581s][info][gc,start       ] GC(1201) Pause Young (Allocation Failure)
[2026-06-17T10:01:33.955+0800][31.583s][info][gc,heap        ] GC(1201) PSYoungGen: 12367K(14848K)->3641K(14848K) Eden: 8192K(8192K)->0K(8192K) From: 4175K(6656K)->3641K(6656K)
[2026-06-17T10:01:33.955+0800][31.583s][info][gc,heap        ] GC(1201) ParOldGen: 26320K(44032K)->28221K(44032K)
[2026-06-17T10:01:33.956+0800][31.584s][info][gc,metaspace   ] GC(1201) Metaspace: 113K(320K)->113K(320K) NonClass: 105K(192K)->105K(192K) Class: 7K(128K)->7K(128K)
[2026-06-17T10:01:33.956+0800][31.584s][info][gc             ] GC(1201) Pause Young (Allocation Failure) 37M->31M(57M) 2.594ms
[2026-06-17T10:01:33.957+0800][31.584s][info][gc,cpu         ] GC(1201) User=0.00s Sys=0.00s Real=0.00s
[2026-06-17T10:01:33.979+0800][31.607s][info][gc,start       ] GC(1202) Pause Young (Allocation Failure)
[2026-06-17T10:01:33.981+0800][31.608s][info][gc,heap        ] GC(1202) PSYoungGen: 11817K(14848K)->3425K(14848K) Eden: 8175K(8192K)->0K(8192K) From: 3641K(6656K)->3425K(6656K)
[2026-06-17T10:01:33.981+0800][31.609s][info][gc,heap        ] GC(1202) ParOldGen: 28221K(44032K)->30006K(44032K)
[2026-06-17T10:01:33.982+0800][31.609s][info][gc,metaspace   ] GC(1202) Metaspace: 113K(320K)->113K(320K) NonClass: 105K(192K)->105K(192K) Class: 7K(128K)->7K(128K)
[2026-06-17T10:01:33.982+0800][31.610s][info][gc             ] GC(1202) Pause Young (Allocation Failure) 39M->32M(57M) 3.421ms
[2026-06-17T10:01:33.983+0800][31.611s][info][gc,cpu         ] GC(1202) User=0.00s Sys=0.00s Real=0.01s
[2026-06-17T10:01:34.006+0800][31.633s][info][gc,start       ] GC(1203) Pause Young (Allocation Failure)
[2026-06-17T10:01:34.008+0800][31.636s][info][gc,heap        ] GC(1203) PSYoungGen: 11599K(14848K)->4340K(14336K) Eden: 8174K(8192K)->0K(8192K) From: 3425K(6656K)->4340K(6144K)
[2026-06-17T10:01:34.009+0800][31.636s][info][gc,heap        ] GC(1203) ParOldGen: 30006K(44032K)->30006K(44032K)
[2026-06-17T10:01:34.009+0800][31.637s][info][gc,metaspace   ] GC(1203) Metaspace: 113K(320K)->113K(320K) NonClass: 105K(192K)->105K(192K) Class: 7K(128K)->7K(128K)
[2026-06-17T10:01:34.010+0800][31.638s][info][gc             ] GC(1203) Pause Young (Allocation Failure) 40M->33M(57M) 4.039ms
[2026-06-17T10:01:34.010+0800][31.638s][info][gc,cpu         ] GC(1203) User=0.01s Sys=0.00s Real=0.00s
[2026-06-17T10:01:34.033+0800][31.661s][info][gc,start       ] GC(1204) Pause Young (Allocation Failure)
[2026-06-17T10:01:34.036+0800][31.663s][info][gc,heap        ] GC(1204) PSYoungGen: 12496K(14336K)->3722K(14848K) Eden: 8156K(8192K)->0K(8192K) From: 4340K(6144K)->3722K(6656K)
[2026-06-17T10:01:34.036+0800][31.664s][info][gc,heap        ] GC(1204) ParOldGen: 30006K(44032K)->31849K(44032K)
[2026-06-17T10:01:34.037+0800][31.665s][info][gc,metaspace   ] GC(1204) Metaspace: 113K(320K)->113K(320K) NonClass: 105K(192K)->105K(192K) Class: 7K(128K)->7K(128K)
[2026-06-17T10:01:34.038+0800][31.665s][info][gc             ] GC(1204) Pause Young (Allocation Failure) 41M->34M(57M) 4.241ms
[2026-06-17T10:01:34.038+0800][31.666s][info][gc,cpu         ] GC(1204) User=0.00s Sys=0.00s Real=0.00s
[2026-06-17T10:01:34.061+0800][31.689s][info][gc,start       ] GC(1205) Pause Young (Allocation Failure)
[2026-06-17T10:01:34.063+0800][31.691s][info][gc,heap        ] GC(1205) PSYoungGen: 11889K(14848K)->1697K(15360K) Eden: 8167K(8192K)->0K(9216K) From: 3722K(6656K)->1697K(6144K)
[2026-06-17T10:01:34.066+0800][31.693s][info][gc,heap        ] GC(1205) ParOldGen: 31849K(44032K)->34712K(44032K)
[2026-06-17T10:01:34.066+0800][31.694s][info][gc,metaspace   ] GC(1205) Metaspace: 113K(320K)->113K(320K) NonClass: 105K(192K)->105K(192K) Class: 7K(128K)->7K(128K)
[2026-06-17T10:01:34.067+0800][31.695s][info][gc             ] GC(1205) Pause Young (Allocation Failure) 42M->35M(58M) 6.413ms
[2026-06-17T10:01:34.069+0800][31.697s][info][gc,cpu         ] GC(1205) User=0.00s Sys=0.00s Real=0.01s
[2026-06-17T10:01:34.094+0800][31.722s][info][gc,start       ] GC(1206) Pause Young (Allocation Failure)
[2026-06-17T10:01:34.096+0800][31.723s][info][gc,heap        ] GC(1206) PSYoungGen: 10880K(15360K)->3863K(15360K) Eden: 9183K(9216K)->0K(9216K) From: 1697K(6144K)->3863K(6144K)
[2026-06-17T10:01:34.097+0800][31.724s][info][gc,heap        ] GC(1206) ParOldGen: 34712K(44032K)->34712K(44032K)
[2026-06-17T10:01:34.097+0800][31.725s][info][gc,metaspace   ] GC(1206) Metaspace: 113K(320K)->113K(320K) NonClass: 105K(192K)->105K(192K) Class: 7K(128K)->7K(128K)
[2026-06-17T10:01:34.098+0800][31.725s][info][gc             ] GC(1206) Pause Young (Allocation Failure) 44M->37M(58M) 3.923ms
[2026-06-17T10:01:34.098+0800][31.726s][info][gc,cpu         ] GC(1206) User=0.00s Sys=0.00s Real=0.00s
[2026-06-17T10:01:34.121+0800][31.749s][info][gc,start       ] GC(1207) Pause Young (Allocation Failure)
[2026-06-17T10:01:34.123+0800][31.751s][info][gc,heap        ] GC(1207) PSYoungGen: 13079K(15360K)->4710K(14336K) Eden: 9216K(9216K)->0K(8192K) From: 3863K(6144K)->4710K(6144K)
[2026-06-17T10:01:34.124+0800][31.752s][info][gc,heap        ] GC(1207) ParOldGen: 34712K(44032K)->36583K(44032K)
[2026-06-17T10:01:34.125+0800][31.753s][info][gc,metaspace   ] GC(1207) Metaspace: 113K(320K)->113K(320K) NonClass: 105K(192K)->105K(192K) Class: 7K(128K)->7K(128K)
[2026-06-17T10:01:34.125+0800][31.753s][info][gc             ] GC(1207) Pause Young (Allocation Failure) 46M->40M(57M) 4.198ms
[2026-06-17T10:01:34.126+0800][31.754s][info][gc,cpu         ] GC(1207) User=0.00s Sys=0.00s Real=0.01s
[2026-06-17T10:01:34.149+0800][31.777s][info][gc,start       ] GC(1208) Pause Young (Allocation Failure)
[2026-06-17T10:01:34.151+0800][31.778s][info][gc,heap        ] GC(1208) PSYoungGen: 12771K(14336K)->212K(14848K) Eden: 8061K(8192K)->0K(8192K) From: 4710K(6144K)->212K(6656K)
[2026-06-17T10:01:34.151+0800][31.779s][info][gc,heap        ] GC(1208) ParOldGen: 36583K(44032K)->38266K(44032K)
[2026-06-17T10:01:34.152+0800][31.780s][info][gc,metaspace   ] GC(1208) Metaspace: 113K(320K)->113K(320K) NonClass: 105K(192K)->105K(192K) Class: 7K(128K)->7K(128K)
[2026-06-17T10:01:34.152+0800][31.780s][info][gc             ] GC(1208) Pause Young (Allocation Failure) 48M->37M(57M) 3.527ms
[2026-06-17T10:01:34.153+0800][31.781s][info][gc,cpu         ] GC(1208) User=0.01s Sys=0.00s Real=0.01s
[2026-06-17T10:01:34.175+0800][31.803s][info][gc,start       ] GC(1209) Pause Young (Allocation Failure)
[2026-06-17T10:01:34.177+0800][31.805s][info][gc,heap        ] GC(1209) PSYoungGen: 8363K(14848K)->4571K(13824K) Eden: 8151K(8192K)->0K(7168K) From: 212K(6656K)->4571K(6656K)
[2026-06-17T10:01:34.177+0800][31.805s][info][gc,heap        ] GC(1209) ParOldGen: 38266K(44032K)->38454K(44032K)
[2026-06-17T10:01:34.178+0800][31.806s][info][gc,metaspace   ] GC(1209) Metaspace: 113K(320K)->113K(320K) NonClass: 105K(192K)->105K(192K) Class: 7K(128K)->7K(128K)
[2026-06-17T10:01:34.179+0800][31.807s][info][gc             ] GC(1209) Pause Young (Allocation Failure) 45M->42M(56M) 3.673ms
[2026-06-17T10:01:34.190+0800][31.818s][info][gc,cpu         ] GC(1209) User=0.00s Sys=0.00s Real=0.01s
[2026-06-17T10:01:34.215+0800][31.842s][info][gc,start       ] GC(1210) Pause Young (Allocation Failure)
[2026-06-17T10:01:34.217+0800][31.845s][info][gc,heap        ] GC(1210) PSYoungGen: 11729K(13824K)->2634K(14336K) Eden: 7158K(7168K)->0K(7168K) From: 4571K(6656K)->2634K(7168K)
[2026-06-17T10:01:34.218+0800][31.846s][info][gc,heap        ] GC(1210) ParOldGen: 38454K(44032K)->40518K(44032K)
[2026-06-17T10:01:34.219+0800][31.846s][info][gc,metaspace   ] GC(1210) Metaspace: 113K(320K)->113K(320K) NonClass: 105K(192K)->105K(192K) Class: 7K(128K)->7K(128K)
[2026-06-17T10:01:34.219+0800][31.847s][info][gc             ] GC(1210) Pause Young (Allocation Failure) 49M->42M(57M) 4.627ms
[2026-06-17T10:01:34.220+0800][31.848s][info][gc,cpu         ] GC(1210) User=0.00s Sys=0.00s Real=0.00s
[2026-06-17T10:01:34.243+0800][31.870s][info][gc,start       ] GC(1211) Pause Full (Ergonomics)
[2026-06-17T10:01:34.244+0800][31.872s][info][gc,phases,start] GC(1211) Marking Phase
[2026-06-17T10:01:34.247+0800][31.875s][info][gc,phases      ] GC(1211) Marking Phase 2.930ms
[2026-06-17T10:01:34.247+0800][31.875s][info][gc,phases,start] GC(1211) Summary Phase
[2026-06-17T10:01:34.248+0800][31.875s][info][gc,phases      ] GC(1211) Summary Phase 0.441ms
[2026-06-17T10:01:34.248+0800][31.876s][info][gc,phases,start] GC(1211) Adjust Roots
[2026-06-17T10:01:34.249+0800][31.877s][info][gc,phases      ] GC(1211) Adjust Roots 0.613ms
[2026-06-17T10:01:34.249+0800][31.877s][info][gc,phases,start] GC(1211) Compaction Phase
[2026-06-17T10:01:34.252+0800][31.879s][info][gc,phases      ] GC(1211) Compaction Phase 2.288ms
[2026-06-17T10:01:34.252+0800][31.880s][info][gc,phases,start] GC(1211) Post Compact
[2026-06-17T10:01:34.252+0800][31.880s][info][gc,phases      ] GC(1211) Post Compact 0.483ms
[2026-06-17T10:01:34.253+0800][31.881s][info][gc,heap        ] GC(1211) PSYoungGen: 9759K(14336K)->0K(14848K) Eden: 7125K(7168K)->0K(8192K) From: 2634K(7168K)->0K(6656K)
[2026-06-17T10:01:34.253+0800][31.881s][info][gc,heap        ] GC(1211) ParOldGen: 40518K(44032K)->30917K(44032K)
[2026-06-17T10:01:34.253+0800][31.881s][info][gc,metaspace   ] GC(1211) Metaspace: 113K(320K)->113K(320K) NonClass: 105K(192K)->105K(192K) Class: 7K(128K)->7K(128K)
[2026-06-17T10:01:34.254+0800][31.881s][info][gc             ] GC(1211) Pause Full (Ergonomics) 49M->30M(57M) 10.756ms
[2026-06-17T10:01:34.254+0800][31.881s][info][gc,cpu         ] GC(1211) User=0.00s Sys=0.00s Real=0.01s
[2026-06-17T10:01:34.265+0800][31.892s][info][gc,start       ] GC(1212) Pause Young (Allocation Failure)
[2026-06-17T10:01:34.265+0800][31.893s][info][gc,heap        ] GC(1212) PSYoungGen: 7483K(14848K)->3969K(14848K) Eden: 7483K(8192K)->0K(8192K) From: 0K(6656K)->3969K(6656K)
[2026-06-17T10:01:34.266+0800][31.893s][info][gc,heap        ] GC(1212) ParOldGen: 30917K(44032K)->30917K(44032K)
[2026-06-17T10:01:34.266+0800][31.894s][info][gc,metaspace   ] GC(1212) Metaspace: 113K(320K)->113K(320K) NonClass: 105K(192K)->105K(192K) Class: 7K(128K)->7K(128K)
[2026-06-17T10:01:34.266+0800][31.894s][info][gc             ] GC(1212) Pause Young (Allocation Failure) 37M->34M(57M) 1.543ms
[2026-06-17T10:01:34.266+0800][31.894s][info][gc,cpu         ] GC(1212) User=0.01s Sys=0.00s Real=0.00s
[2026-06-17T10:01:34.288+0800][31.916s][info][gc,start       ] GC(1213) Pause Young (Allocation Failure)
[2026-06-17T10:01:34.289+0800][31.917s][info][gc,heap        ] GC(1213) PSYoungGen: 11991K(14848K)->1312K(14848K) Eden: 8021K(8192K)->0K(8192K) From: 3969K(6656K)->1312K(6656K)
[2026-06-17T10:01:34.290+0800][31.918s][info][gc,heap        ] GC(1213) ParOldGen: 30917K(44032K)->34856K(44032K)
[2026-06-17T10:01:34.290+0800][31.918s][info][gc,metaspace   ] GC(1213) Metaspace: 113K(320K)->113K(320K) NonClass: 105K(192K)->105K(192K) Class: 7K(128K)->7K(128K)
[2026-06-17T10:01:34.291+0800][31.918s][info][gc             ] GC(1213) Pause Young (Allocation Failure) 41M->35M(57M) 2.600ms
[2026-06-17T10:01:34.291+0800][31.919s][info][gc,cpu         ] GC(1213) User=0.00s Sys=0.00s Real=0.01s
[2026-06-17T10:01:34.313+0800][31.940s][info][gc,start       ] GC(1214) Pause Young (Allocation Failure)
[2026-06-17T10:01:34.316+0800][31.943s][info][gc,heap        ] GC(1214) PSYoungGen: 9492K(14848K)->4854K(13312K) Eden: 8180K(8192K)->0K(8192K) From: 1312K(6656K)->4854K(5120K)
[2026-06-17T10:01:34.316+0800][31.944s][info][gc,heap        ] GC(1214) ParOldGen: 34856K(44032K)->36144K(44032K)
[2026-06-17T10:01:34.317+0800][31.945s][info][gc,metaspace   ] GC(1214) Metaspace: 113K(320K)->113K(320K) NonClass: 105K(192K)->105K(192K) Class: 7K(128K)->7K(128K)
[2026-06-17T10:01:34.318+0800][31.945s][info][gc             ] GC(1214) Pause Young (Allocation Failure) 43M->40M(56M) 4.978ms
[2026-06-17T10:01:34.320+0800][31.947s][info][gc,cpu         ] GC(1214) User=0.00s Sys=0.00s Real=0.00s
[2026-06-17T10:01:34.341+0800][31.969s][info][gc,start       ] GC(1215) Pause Young (Allocation Failure)
[2026-06-17T10:01:34.343+0800][31.970s][info][gc,heap        ] GC(1215) PSYoungGen: 13014K(13312K)->4156K(14336K) Eden: 8160K(8192K)->0K(7168K) From: 4854K(5120K)->4156K(7168K)
[2026-06-17T10:01:34.344+0800][31.971s][info][gc,heap        ] GC(1215) ParOldGen: 36144K(44032K)->37645K(44032K)
[2026-06-17T10:01:34.344+0800][31.972s][info][gc,metaspace   ] GC(1215) Metaspace: 113K(320K)->113K(320K) NonClass: 105K(192K)->105K(192K) Class: 7K(128K)->7K(128K)
[2026-06-17T10:01:34.345+0800][31.972s][info][gc             ] GC(1215) Pause Young (Allocation Failure) 48M->40M(57M) 3.039ms
[2026-06-17T10:01:34.345+0800][31.973s][info][gc,cpu         ] GC(1215) User=0.00s Sys=0.00s Real=0.01s
[2026-06-17T10:01:34.367+0800][31.995s][info][gc,start       ] GC(1216) Pause Young (Allocation Failure)
[2026-06-17T10:01:34.369+0800][31.997s][info][gc,heap        ] GC(1216) PSYoungGen: 11292K(14336K)->2205K(14336K) Eden: 7135K(7168K)->0K(7168K) From: 4156K(7168K)->2205K(7168K)
[2026-06-17T10:01:34.369+0800][31.997s][info][gc,heap        ] GC(1216) ParOldGen: 37645K(44032K)->39675K(44032K)
[2026-06-17T10:01:34.370+0800][31.998s][info][gc,metaspace   ] GC(1216) Metaspace: 113K(320K)->113K(320K) NonClass: 105K(192K)->105K(192K) Class: 7K(128K)->7K(128K)
[2026-06-17T10:01:34.371+0800][31.998s][info][gc             ] GC(1216) Pause Young (Allocation Failure) 47M->40M(57M) 3.582ms
[2026-06-17T10:01:34.371+0800][31.999s][info][gc,cpu         ] GC(1216) User=0.00s Sys=0.00s Real=0.01s
[2026-06-17T10:01:34.393+0800][32.021s][info][gc,start       ] GC(1217) Pause Young (Allocation Failure)
[2026-06-17T10:01:34.395+0800][32.023s][info][gc,heap        ] GC(1217) PSYoungGen: 9365K(14336K)->2522K(14848K) Eden: 7159K(7168K)->0K(8192K) From: 2205K(7168K)->2522K(6656K)
[2026-06-17T10:01:34.396+0800][32.023s][info][gc,heap        ] GC(1217) ParOldGen: 39675K(44032K)->39675K(44032K)
[2026-06-17T10:01:34.396+0800][32.024s][info][gc,metaspace   ] GC(1217) Metaspace: 113K(320K)->113K(320K) NonClass: 105K(192K)->105K(192K) Class: 7K(128K)->7K(128K)
[2026-06-17T10:01:34.397+0800][32.025s][info][gc             ] GC(1217) Pause Young (Allocation Failure) 47M->41M(57M) 3.409ms
[2026-06-17T10:01:34.397+0800][32.025s][info][gc,cpu         ] GC(1217) User=0.00s Sys=0.00s Real=0.00s
[2026-06-17T10:01:34.409+0800][32.037s][info][gc,start       ] GC(1218) Pause Young (Allocation Failure)
[2026-06-17T10:01:34.410+0800][32.038s][info][gc,heap        ] GC(1218) PSYoungGen: 10503K(14848K)->1587K(14848K) Eden: 7981K(8192K)->0K(8192K) From: 2522K(6656K)->1587K(6656K)
[2026-06-17T10:01:34.411+0800][32.039s][info][gc,heap        ] GC(1218) ParOldGen: 39675K(44032K)->41806K(44032K)
[2026-06-17T10:01:34.411+0800][32.039s][info][gc,metaspace   ] GC(1218) Metaspace: 113K(320K)->113K(320K) NonClass: 105K(192K)->105K(192K) Class: 7K(128K)->7K(128K)
[2026-06-17T10:01:34.411+0800][32.039s][info][gc             ] GC(1218) Pause Young (Allocation Failure) 49M->42M(57M) 2.297ms
[2026-06-17T10:01:34.412+0800][32.039s][info][gc,cpu         ] GC(1218) User=0.00s Sys=0.00s Real=0.01s
[2026-06-17T10:01:34.444+0800][32.072s][info][gc,start       ] GC(1219) Pause Full (Ergonomics)
[2026-06-17T10:01:34.446+0800][32.073s][info][gc,phases,start] GC(1219) Marking Phase
[2026-06-17T10:01:34.449+0800][32.077s][info][gc,phases      ] GC(1219) Marking Phase 3.539ms
[2026-06-17T10:01:34.450+0800][32.077s][info][gc,phases,start] GC(1219) Summary Phase
[2026-06-17T10:01:34.450+0800][32.078s][info][gc,phases      ] GC(1219) Summary Phase 0.562ms
[2026-06-17T10:01:34.451+0800][32.078s][info][gc,phases,start] GC(1219) Adjust Roots
[2026-06-17T10:01:34.452+0800][32.080s][info][gc,phases      ] GC(1219) Adjust Roots 1.096ms
[2026-06-17T10:01:34.452+0800][32.080s][info][gc,phases,start] GC(1219) Compaction Phase
[2026-06-17T10:01:34.455+0800][32.083s][info][gc,phases      ] GC(1219) Compaction Phase 2.522ms
[2026-06-17T10:01:34.455+0800][32.083s][info][gc,phases,start] GC(1219) Post Compact
[2026-06-17T10:01:34.456+0800][32.083s][info][gc,phases      ] GC(1219) Post Compact 0.466ms
[2026-06-17T10:01:34.456+0800][32.084s][info][gc,heap        ] GC(1219) PSYoungGen: 9743K(14848K)->0K(14848K) Eden: 8156K(8192K)->0K(8192K) From: 1587K(6656K)->0K(6656K)
[2026-06-17T10:01:34.457+0800][32.084s][info][gc,heap        ] GC(1219) ParOldGen: 41806K(44032K)->31896K(44032K)
[2026-06-17T10:01:34.457+0800][32.085s][info][gc,metaspace   ] GC(1219) Metaspace: 113K(320K)->113K(320K) NonClass: 105K(192K)->105K(192K) Class: 7K(128K)->7K(128K)
[2026-06-17T10:01:34.458+0800][32.085s][info][gc             ] GC(1219) Pause Full (Ergonomics) 50M->31M(57M) 13.202ms
[2026-06-17T10:01:34.458+0800][32.086s][info][gc,cpu         ] GC(1219) User=0.01s Sys=0.00s Real=0.01s
[2026-06-17T10:01:34.480+0800][32.108s][info][gc,start       ] GC(1220) Pause Young (Allocation Failure)
[2026-06-17T10:01:34.484+0800][32.112s][info][gc,heap        ] GC(1220) PSYoungGen: 8165K(14848K)->4840K(13312K) Eden: 8165K(8192K)->0K(8192K) From: 0K(6656K)->4840K(5120K)
[2026-06-17T10:01:34.485+0800][32.113s][info][gc,heap        ] GC(1220) ParOldGen: 31896K(44032K)->31896K(44032K)
[2026-06-17T10:01:34.486+0800][32.114s][info][gc,metaspace   ] GC(1220) Metaspace: 113K(320K)->113K(320K) NonClass: 105K(192K)->105K(192K) Class: 7K(128K)->7K(128K)
[2026-06-17T10:01:34.487+0800][32.114s][info][gc             ] GC(1220) Pause Young (Allocation Failure) 39M->35M(56M) 6.686ms
[2026-06-17T10:01:34.487+0800][32.115s][info][gc,cpu         ] GC(1220) User=0.00s Sys=0.00s Real=0.01s
[2026-06-17T10:01:34.499+0800][32.127s][info][gc,start       ] GC(1221) Pause Young (Allocation Failure)
[2026-06-17T10:01:34.501+0800][32.129s][info][gc,heap        ] GC(1221) PSYoungGen: 13016K(13312K)->1801K(14848K) Eden: 8176K(8192K)->0K(7680K) From: 4840K(5120K)->1801K(7168K)
[2026-06-17T10:01:34.502+0800][32.129s][info][gc,heap        ] GC(1221) ParOldGen: 31896K(44032K)->36458K(44032K)
[2026-06-17T10:01:34.502+0800][32.130s][info][gc,metaspace   ] GC(1221) Metaspace: 113K(320K)->113K(320K) NonClass: 105K(192K)->105K(192K) Class: 7K(128K)->7K(128K)
[2026-06-17T10:01:34.503+0800][32.131s][info][gc             ] GC(1221) Pause Young (Allocation Failure) 43M->37M(57M) 3.961ms
[2026-06-17T10:01:34.504+0800][32.131s][info][gc,cpu         ] GC(1221) User=0.00s Sys=0.00s Real=0.01s
[2026-06-17T10:01:34.525+0800][32.153s][info][gc,start       ] GC(1222) Pause Young (Allocation Failure)
[2026-06-17T10:01:34.526+0800][32.154s][info][gc,heap        ] GC(1222) PSYoungGen: 9457K(14848K)->4174K(14336K) Eden: 7656K(7680K)->0K(7680K) From: 1801K(7168K)->4174K(6656K)
[2026-06-17T10:01:34.527+0800][32.155s][info][gc,heap        ] GC(1222) ParOldGen: 36458K(44032K)->38235K(44032K)
[2026-06-17T10:01:34.527+0800][32.155s][info][gc,metaspace   ] GC(1222) Metaspace: 113K(320K)->113K(320K) NonClass: 105K(192K)->105K(192K) Class: 7K(128K)->7K(128K)
[2026-06-17T10:01:34.527+0800][32.155s][info][gc             ] GC(1222) Pause Young (Allocation Failure) 44M->41M(57M) 1.964ms
[2026-06-17T10:01:34.527+0800][32.155s][info][gc,cpu         ] GC(1222) User=0.00s Sys=0.00s Real=0.00s
[2026-06-17T10:01:34.549+0800][32.177s][info][gc,start       ] GC(1223) Pause Young (Allocation Failure)
[2026-06-17T10:01:34.555+0800][32.182s][info][gc,heap        ] GC(1223) PSYoungGen: 11841K(14336K)->3502K(14848K) Eden: 7667K(7680K)->0K(8192K) From: 4174K(6656K)->3502K(6656K)
[2026-06-17T10:01:34.555+0800][32.183s][info][gc,heap        ] GC(1223) ParOldGen: 38235K(44032K)->39321K(44032K)
[2026-06-17T10:01:34.556+0800][32.183s][info][gc,metaspace   ] GC(1223) Metaspace: 113K(320K)->113K(320K) NonClass: 105K(192K)->105K(192K) Class: 7K(128K)->7K(128K)
[2026-06-17T10:01:34.556+0800][32.184s][info][gc             ] GC(1223) Pause Young (Allocation Failure) 48M->41M(57M) 7.376ms
[2026-06-17T10:01:34.559+0800][32.187s][info][gc,cpu         ] GC(1223) User=0.01s Sys=0.00s Real=0.01s
[2026-06-17T10:01:34.582+0800][32.210s][info][gc,start       ] GC(1224) Pause Young (Allocation Failure)
[2026-06-17T10:01:34.584+0800][32.212s][info][gc,heap        ] GC(1224) PSYoungGen: 11667K(14848K)->2799K(14848K) Eden: 8164K(8192K)->0K(8192K) From: 3502K(6656K)->2799K(6656K)
[2026-06-17T10:01:34.586+0800][32.213s][info][gc,heap        ] GC(1224) ParOldGen: 39321K(44032K)->41341K(44032K)
[2026-06-17T10:01:34.586+0800][32.214s][info][gc,metaspace   ] GC(1224) Metaspace: 113K(320K)->113K(320K) NonClass: 105K(192K)->105K(192K) Class: 7K(128K)->7K(128K)
[2026-06-17T10:01:34.587+0800][32.214s][info][gc             ] GC(1224) Pause Young (Allocation Failure) 49M->43M(57M) 4.645ms
[2026-06-17T10:01:34.587+0800][32.215s][info][gc,cpu         ] GC(1224) User=0.00s Sys=0.00s Real=0.01s
[2026-06-17T10:01:34.610+0800][32.238s][info][gc,start       ] GC(1225) Pause Full (Ergonomics)
[2026-06-17T10:01:34.615+0800][32.243s][info][gc,phases,start] GC(1225) Marking Phase
[2026-06-17T10:01:34.619+0800][32.246s][info][gc,phases      ] GC(1225) Marking Phase 3.548ms
[2026-06-17T10:01:34.619+0800][32.247s][info][gc,phases,start] GC(1225) Summary Phase
[2026-06-17T10:01:34.620+0800][32.248s][info][gc,phases      ] GC(1225) Summary Phase 0.653ms
[2026-06-17T10:01:34.621+0800][32.248s][info][gc,phases,start] GC(1225) Adjust Roots
[2026-06-17T10:01:34.621+0800][32.249s][info][gc,phases      ] GC(1225) Adjust Roots 0.663ms
[2026-06-17T10:01:34.622+0800][32.249s][info][gc,phases,start] GC(1225) Compaction Phase
[2026-06-17T10:01:34.624+0800][32.252s][info][gc,phases      ] GC(1225) Compaction Phase 2.024ms
[2026-06-17T10:01:34.624+0800][32.252s][info][gc,phases,start] GC(1225) Post Compact
[2026-06-17T10:01:34.625+0800][32.253s][info][gc,phases      ] GC(1225) Post Compact 0.595ms
[2026-06-17T10:01:34.626+0800][32.253s][info][gc,heap        ] GC(1225) PSYoungGen: 10991K(14848K)->0K(14848K) Eden: 8192K(8192K)->0K(8192K) From: 2799K(6656K)->0K(6656K)
[2026-06-17T10:01:34.626+0800][32.254s][info][gc,heap        ] GC(1225) ParOldGen: 41341K(44032K)->31951K(44032K)
[2026-06-17T10:01:34.626+0800][32.254s][info][gc,metaspace   ] GC(1225) Metaspace: 113K(320K)->113K(320K) NonClass: 105K(192K)->105K(192K) Class: 7K(128K)->7K(128K)
[2026-06-17T10:01:34.627+0800][32.254s][info][gc             ] GC(1225) Pause Full (Ergonomics) 51M->31M(57M) 16.118ms
[2026-06-17T10:01:34.627+0800][32.255s][info][gc,cpu         ] GC(1225) User=0.00s Sys=0.00s Real=0.01s
[2026-06-17T10:01:34.649+0800][32.276s][info][gc,start       ] GC(1226) Pause Young (Allocation Failure)
[2026-06-17T10:01:34.650+0800][32.278s][info][gc,heap        ] GC(1226) PSYoungGen: 8166K(14848K)->4813K(14848K) Eden: 8166K(8192K)->0K(8192K) From: 0K(6656K)->4813K(6656K)
[2026-06-17T10:01:34.650+0800][32.278s][info][gc,heap        ] GC(1226) ParOldGen: 31951K(44032K)->31951K(44032K)
[2026-06-17T10:01:34.651+0800][32.279s][info][gc,metaspace   ] GC(1226) Metaspace: 113K(320K)->113K(320K) NonClass: 105K(192K)->105K(192K) Class: 7K(128K)->7K(128K)
[2026-06-17T10:01:34.651+0800][32.279s][info][gc             ] GC(1226) Pause Young (Allocation Failure) 39M->35M(57M) 2.761ms
[2026-06-17T10:01:34.652+0800][32.280s][info][gc,cpu         ] GC(1226) User=0.00s Sys=0.00s Real=0.01s
[2026-06-17T10:01:34.674+0800][32.301s][info][gc,start       ] GC(1227) Pause Young (Allocation Failure)
[2026-06-17T10:01:34.676+0800][32.304s][info][gc,heap        ] GC(1227) PSYoungGen: 12966K(14848K)->5714K(13824K) Eden: 8153K(8192K)->0K(7168K) From: 4813K(6656K)->5714K(6656K)
[2026-06-17T10:01:34.677+0800][32.305s][info][gc,heap        ] GC(1227) ParOldGen: 31951K(44032K)->31951K(44032K)
[2026-06-17T10:01:34.678+0800][32.305s][info][gc,metaspace   ] GC(1227) Metaspace: 113K(320K)->113K(320K) NonClass: 105K(192K)->105K(192K) Class: 7K(128K)->7K(128K)
[2026-06-17T10:01:34.678+0800][32.306s][info][gc             ] GC(1227) Pause Young (Allocation Failure) 43M->36M(56M) 4.296ms
[2026-06-17T10:01:34.679+0800][32.307s][info][gc,cpu         ] GC(1227) User=0.00s Sys=0.00s Real=0.00s
[2026-06-17T10:01:34.690+0800][32.318s][info][gc,start       ] GC(1228) Pause Young (Allocation Failure)
[2026-06-17T10:01:34.693+0800][32.320s][info][gc,heap        ] GC(1228) PSYoungGen: 12852K(13824K)->7156K(14336K) Eden: 7138K(7168K)->0K(7168K) From: 5714K(6656K)->7156K(7168K)
[2026-06-17T10:01:34.693+0800][32.321s][info][gc,heap        ] GC(1228) ParOldGen: 31951K(44032K)->33968K(44032K)
[2026-06-17T10:01:34.694+0800][32.322s][info][gc,metaspace   ] GC(1228) Metaspace: 113K(320K)->113K(320K) NonClass: 105K(192K)->105K(192K) Class: 7K(128K)->7K(128K)
[2026-06-17T10:01:34.695+0800][32.322s][info][gc             ] GC(1228) Pause Young (Allocation Failure) 43M->40M(57M) 4.367ms
[2026-06-17T10:01:34.695+0800][32.323s][info][gc,cpu         ] GC(1228) User=0.00s Sys=0.00s Real=0.01s
[2026-06-17T10:01:34.717+0800][32.345s][info][gc,start       ] GC(1229) Pause Young (Allocation Failure)
[2026-06-17T10:01:34.719+0800][32.347s][info][gc,heap        ] GC(1229) PSYoungGen: 14314K(14336K)->5502K(14336K) Eden: 7158K(7168K)->0K(7168K) From: 7156K(7168K)->5502K(7168K)
[2026-06-17T10:01:34.720+0800][32.347s][info][gc,heap        ] GC(1229) ParOldGen: 33968K(44032K)->36123K(44032K)
[2026-06-17T10:01:34.720+0800][32.348s][info][gc,metaspace   ] GC(1229) Metaspace: 113K(320K)->113K(320K) NonClass: 105K(192K)->105K(192K) Class: 7K(128K)->7K(128K)
[2026-06-17T10:01:34.720+0800][32.348s][info][gc             ] GC(1229) Pause Young (Allocation Failure) 47M->40M(57M) 3.122ms
[2026-06-17T10:01:34.721+0800][32.348s][info][gc,cpu         ] GC(1229) User=0.00s Sys=0.00s Real=0.00s
[2026-06-17T10:01:34.743+0800][32.371s][info][gc,start       ] GC(1230) Pause Young (Allocation Failure)
[2026-06-17T10:01:34.745+0800][32.372s][info][gc,heap        ] GC(1230) PSYoungGen: 12668K(14336K)->3829K(14336K) Eden: 7166K(7168K)->0K(7168K) From: 5502K(7168K)->3829K(7168K)
[2026-06-17T10:01:34.745+0800][32.373s][info][gc,heap        ] GC(1230) ParOldGen: 36123K(44032K)->38218K(44032K)
[2026-06-17T10:01:34.746+0800][32.374s][info][gc,metaspace   ] GC(1230) Metaspace: 113K(320K)->113K(320K) NonClass: 105K(192K)->105K(192K) Class: 7K(128K)->7K(128K)
[2026-06-17T10:01:34.746+0800][32.374s][info][gc             ] GC(1230) Pause Young (Allocation Failure) 47M->41M(57M) 3.443ms
[2026-06-17T10:01:34.747+0800][32.374s][info][gc,cpu         ] GC(1230) User=0.00s Sys=0.00s Real=0.00s
[2026-06-17T10:01:34.758+0800][32.386s][info][gc,start       ] GC(1231) Pause Young (Allocation Failure)
[2026-06-17T10:01:34.760+0800][32.387s][info][gc,heap        ] GC(1231) PSYoungGen: 10953K(14336K)->1949K(14336K) Eden: 7123K(7168K)->0K(7168K) From: 3829K(7168K)->1949K(7168K)
[2026-06-17T10:01:34.760+0800][32.388s][info][gc,heap        ] GC(1231) ParOldGen: 38218K(44032K)->40283K(44032K)
[2026-06-17T10:01:34.761+0800][32.388s][info][gc,metaspace   ] GC(1231) Metaspace: 113K(320K)->113K(320K) NonClass: 105K(192K)->105K(192K) Class: 7K(128K)->7K(128K)
[2026-06-17T10:01:34.761+0800][32.389s][info][gc             ] GC(1231) Pause Young (Allocation Failure) 48M->41M(57M) 2.671ms
[2026-06-17T10:01:34.761+0800][32.389s][info][gc,cpu         ] GC(1231) User=0.00s Sys=0.00s Real=0.00s
[2026-06-17T10:01:34.784+0800][32.411s][info][gc,start       ] GC(1232) Pause Young (Allocation Failure)
[2026-06-17T10:01:34.786+0800][32.414s][info][gc,heap        ] GC(1232) PSYoungGen: 9082K(14336K)->3722K(14336K) Eden: 7133K(7168K)->0K(7168K) From: 1949K(7168K)->3722K(7168K)
[2026-06-17T10:01:34.787+0800][32.414s][info][gc,heap        ] GC(1232) ParOldGen: 40283K(44032K)->42208K(44032K)
[2026-06-17T10:01:34.787+0800][32.415s][info][gc,metaspace   ] GC(1232) Metaspace: 113K(320K)->113K(320K) NonClass: 105K(192K)->105K(192K) Class: 7K(128K)->7K(128K)
[2026-06-17T10:01:34.788+0800][32.416s][info][gc             ] GC(1232) Pause Young (Allocation Failure) 48M->44M(57M) 4.396ms
[2026-06-17T10:01:34.789+0800][32.416s][info][gc,cpu         ] GC(1232) User=0.01s Sys=0.00s Real=0.00s
[2026-06-17T10:01:34.811+0800][32.439s][info][gc,start       ] GC(1233) Pause Full (Ergonomics)
[2026-06-17T10:01:34.811+0800][32.439s][info][gc,phases,start] GC(1233) Marking Phase
[2026-06-17T10:01:34.813+0800][32.441s][info][gc,phases      ] GC(1233) Marking Phase 1.716ms
[2026-06-17T10:01:34.813+0800][32.441s][info][gc,phases,start] GC(1233) Summary Phase
[2026-06-17T10:01:34.814+0800][32.442s][info][gc,phases      ] GC(1233) Summary Phase 0.376ms
[2026-06-17T10:01:34.814+0800][32.442s][info][gc,phases,start] GC(1233) Adjust Roots
[2026-06-17T10:01:34.815+0800][32.442s][info][gc,phases      ] GC(1233) Adjust Roots 0.481ms
[2026-06-17T10:01:34.815+0800][32.443s][info][gc,phases,start] GC(1233) Compaction Phase
[2026-06-17T10:01:34.817+0800][32.445s][info][gc,phases      ] GC(1233) Compaction Phase 2.133ms
[2026-06-17T10:01:34.818+0800][32.445s][info][gc,phases,start] GC(1233) Post Compact
[2026-06-17T10:01:34.818+0800][32.446s][info][gc,phases      ] GC(1233) Post Compact 0.383ms
[2026-06-17T10:01:34.818+0800][32.446s][info][gc,heap        ] GC(1233) PSYoungGen: 10873K(14336K)->0K(14336K) Eden: 7150K(7168K)->0K(7168K) From: 3722K(7168K)->0K(7168K)
[2026-06-17T10:01:34.819+0800][32.446s][info][gc,heap        ] GC(1233) ParOldGen: 42208K(44032K)->25926K(44032K)
[2026-06-17T10:01:34.819+0800][32.447s][info][gc,metaspace   ] GC(1233) Metaspace: 113K(320K)->113K(320K) NonClass: 105K(192K)->105K(192K) Class: 7K(128K)->7K(128K)
[2026-06-17T10:01:34.819+0800][32.447s][info][gc             ] GC(1233) Pause Full (Ergonomics) 51M->25M(57M) 8.120ms
[2026-06-17T10:01:34.819+0800][32.447s][info][gc,cpu         ] GC(1233) User=0.00s Sys=0.00s Real=0.00s
[2026-06-17T10:01:34.840+0800][32.468s][info][gc,start       ] GC(1234) Pause Young (Allocation Failure)
[2026-06-17T10:01:34.842+0800][32.469s][info][gc,heap        ] GC(1234) PSYoungGen: 7133K(14336K)->3962K(14336K) Eden: 7133K(7168K)->0K(7168K) From: 0K(7168K)->3962K(7168K)
[2026-06-17T10:01:34.843+0800][32.470s][info][gc,heap        ] GC(1234) ParOldGen: 25926K(44032K)->25926K(44032K)
[2026-06-17T10:01:34.843+0800][32.471s][info][gc,metaspace   ] GC(1234) Metaspace: 113K(320K)->113K(320K) NonClass: 105K(192K)->105K(192K) Class: 7K(128K)->7K(128K)
[2026-06-17T10:01:34.844+0800][32.471s][info][gc             ] GC(1234) Pause Young (Allocation Failure) 32M->29M(57M) 3.537ms
[2026-06-17T10:01:34.844+0800][32.472s][info][gc,cpu         ] GC(1234) User=0.01s Sys=0.00s Real=0.01s
[2026-06-17T10:01:34.856+0800][32.483s][info][gc,start       ] GC(1235) Pause Young (Allocation Failure)
[2026-06-17T10:01:34.857+0800][32.485s][info][gc,heap        ] GC(1235) PSYoungGen: 11127K(14336K)->4498K(14336K) Eden: 7165K(7168K)->0K(7168K) From: 3962K(7168K)->4498K(7168K)
[2026-06-17T10:01:34.858+0800][32.485s][info][gc,heap        ] GC(1235) ParOldGen: 25926K(44032K)->29101K(44032K)
[2026-06-17T10:01:34.858+0800][32.486s][info][gc,metaspace   ] GC(1235) Metaspace: 113K(320K)->113K(320K) NonClass: 105K(192K)->105K(192K) Class: 7K(128K)->7K(128K)
[2026-06-17T10:01:34.859+0800][32.486s][info][gc             ] GC(1235) Pause Young (Allocation Failure) 36M->32M(57M) 2.877ms
[2026-06-17T10:01:34.859+0800][32.487s][info][gc,cpu         ] GC(1235) User=0.00s Sys=0.00s Real=0.00s
[2026-06-17T10:01:34.881+0800][32.509s][info][gc,start       ] GC(1236) Pause Young (Allocation Failure)
[2026-06-17T10:01:34.884+0800][32.511s][info][gc,heap        ] GC(1236) PSYoungGen: 11646K(14336K)->2704K(14336K) Eden: 7147K(7168K)->0K(7168K) From: 4498K(7168K)->2704K(7168K)
[2026-06-17T10:01:34.906+0800][32.534s][info][gc,heap        ] GC(1236) ParOldGen: 29101K(44032K)->31211K(44032K)
[2026-06-17T10:01:34.907+0800][32.535s][info][gc,metaspace   ] GC(1236) Metaspace: 113K(320K)->113K(320K) NonClass: 105K(192K)->105K(192K) Class: 7K(128K)->7K(128K)
[2026-06-17T10:01:34.907+0800][32.535s][info][gc             ] GC(1236) Pause Young (Allocation Failure) 39M->33M(57M) 26.513ms
[2026-06-17T10:01:34.909+0800][32.537s][info][gc,cpu         ] GC(1236) User=0.00s Sys=0.00s Real=0.03s
[2026-06-17T10:01:34.932+0800][32.560s][info][gc,start       ] GC(1237) Pause Young (Allocation Failure)
[2026-06-17T10:01:34.934+0800][32.562s][info][gc,heap        ] GC(1237) PSYoungGen: 9871K(14336K)->3232K(14336K) Eden: 7167K(7168K)->0K(7168K) From: 2704K(7168K)->3232K(7168K)
[2026-06-17T10:01:34.935+0800][32.563s][info][gc,heap        ] GC(1237) ParOldGen: 31211K(44032K)->31211K(44032K)
[2026-06-17T10:01:34.935+0800][32.563s][info][gc,metaspace   ] GC(1237) Metaspace: 113K(320K)->113K(320K) NonClass: 105K(192K)->105K(192K) Class: 7K(128K)->7K(128K)
[2026-06-17T10:01:34.936+0800][32.564s][info][gc             ] GC(1237) Pause Young (Allocation Failure) 40M->33M(57M) 4.111ms
[2026-06-17T10:01:34.937+0800][32.564s][info][gc,cpu         ] GC(1237) User=0.00s Sys=0.00s Real=0.00s
[2026-06-17T10:01:34.948+0800][32.576s][info][gc,start       ] GC(1238) Pause Young (Allocation Failure)
[2026-06-17T10:01:34.950+0800][32.578s][info][gc,heap        ] GC(1238) PSYoungGen: 10227K(14336K)->3133K(14336K) Eden: 6995K(7168K)->0K(7168K) From: 3232K(7168K)->3133K(7168K)
[2026-06-17T10:01:34.951+0800][32.578s][info][gc,heap        ] GC(1238) ParOldGen: 31211K(44032K)->31211K(44032K)
[2026-06-17T10:01:34.951+0800][32.579s][info][gc,metaspace   ] GC(1238) Metaspace: 113K(320K)->113K(320K) NonClass: 105K(192K)->105K(192K) Class: 7K(128K)->7K(128K)
[2026-06-17T10:01:34.952+0800][32.580s][info][gc             ] GC(1238) Pause Young (Allocation Failure) 40M->33M(57M) 3.681ms
[2026-06-17T10:01:34.953+0800][32.580s][info][gc,cpu         ] GC(1238) User=0.01s Sys=0.00s Real=0.01s
[2026-06-17T10:01:34.975+0800][32.603s][info][gc,start       ] GC(1239) Pause Young (Allocation Failure)
[2026-06-17T10:01:34.977+0800][32.605s][info][gc,heap        ] GC(1239) PSYoungGen: 10278K(14336K)->4665K(14336K) Eden: 7145K(7168K)->0K(7168K) From: 3133K(7168K)->4665K(7168K)
[2026-06-17T10:01:34.978+0800][32.606s][info][gc,heap        ] GC(1239) ParOldGen: 31211K(44032K)->33400K(44032K)
[2026-06-17T10:01:34.978+0800][32.606s][info][gc,metaspace   ] GC(1239) Metaspace: 113K(320K)->113K(320K) NonClass: 105K(192K)->105K(192K) Class: 7K(128K)->7K(128K)
[2026-06-17T10:01:34.979+0800][32.607s][info][gc             ] GC(1239) Pause Young (Allocation Failure) 40M->37M(57M) 3.781ms
[2026-06-17T10:01:34.980+0800][32.607s][info][gc,cpu         ] GC(1239) User=0.00s Sys=0.00s Real=0.00s
[2026-06-17T10:01:35.002+0800][32.630s][info][gc,start       ] GC(1240) Pause Young (Allocation Failure)
[2026-06-17T10:01:35.013+0800][32.641s][info][gc,heap        ] GC(1240) PSYoungGen: 11809K(14336K)->4176K(14336K) Eden: 7143K(7168K)->0K(7168K) From: 4665K(7168K)->4176K(7168K)
[2026-06-17T10:01:35.015+0800][32.643s][info][gc,heap        ] GC(1240) ParOldGen: 33400K(44032K)->34296K(44032K)
[2026-06-17T10:01:35.017+0800][32.644s][info][gc,metaspace   ] GC(1240) Metaspace: 113K(320K)->113K(320K) NonClass: 105K(192K)->105K(192K) Class: 7K(128K)->7K(128K)
[2026-06-17T10:01:35.018+0800][32.646s][info][gc             ] GC(1240) Pause Young (Allocation Failure) 44M->37M(57M) 15.587ms
[2026-06-17T10:01:35.020+0800][32.648s][info][gc,cpu         ] GC(1240) User=0.00s Sys=0.00s Real=0.02s
[2026-06-17T10:01:35.044+0800][32.672s][info][gc,start       ] GC(1241) Pause Young (Allocation Failure)
[2026-06-17T10:01:35.047+0800][32.675s][info][gc,heap        ] GC(1241) PSYoungGen: 11317K(14336K)->3667K(14848K) Eden: 7140K(7168K)->0K(7680K) From: 4176K(7168K)->3667K(7168K)
[2026-06-17T10:01:35.048+0800][32.676s][info][gc,heap        ] GC(1241) ParOldGen: 34296K(44032K)->35148K(44032K)
[2026-06-17T10:01:35.051+0800][32.678s][info][gc,metaspace   ] GC(1241) Metaspace: 113K(320K)->113K(320K) NonClass: 105K(192K)->105K(192K) Class: 7K(128K)->7K(128K)
[2026-06-17T10:01:35.052+0800][32.680s][info][gc             ] GC(1241) Pause Young (Allocation Failure) 44M->37M(57M) 7.658ms
[2026-06-17T10:01:35.053+0800][32.681s][info][gc,cpu         ] GC(1241) User=0.01s Sys=0.00s Real=0.01s
[2026-06-17T10:01:35.066+0800][32.694s][info][gc,start       ] GC(1242) Pause Young (Allocation Failure)
[2026-06-17T10:01:35.085+0800][32.713s][info][gc,heap        ] GC(1242) PSYoungGen: 11332K(14848K)->5939K(14336K) Eden: 7665K(7680K)->0K(7680K) From: 3667K(7168K)->5939K(6656K)
[2026-06-17T10:01:35.092+0800][32.720s][info][gc,heap        ] GC(1242) ParOldGen: 35148K(44032K)->37233K(44032K)
[2026-06-17T10:01:35.095+0800][32.722s][info][gc,metaspace   ] GC(1242) Metaspace: 113K(320K)->113K(320K) NonClass: 105K(192K)->105K(192K) Class: 7K(128K)->7K(128K)
[2026-06-17T10:01:35.095+0800][32.723s][info][gc             ] GC(1242) Pause Young (Allocation Failure) 45M->42M(57M) 28.920ms
[2026-06-17T10:01:35.096+0800][32.723s][info][gc,cpu         ] GC(1242) User=0.00s Sys=0.00s Real=0.03s
[2026-06-17T10:01:35.118+0800][32.745s][info][gc,start       ] GC(1243) Pause Young (Allocation Failure)
[2026-06-17T10:01:35.119+0800][32.747s][info][gc,heap        ] GC(1243) PSYoungGen: 13333K(14336K)->1878K(14336K) Eden: 7394K(7680K)->0K(7168K) From: 5939K(6656K)->1878K(7168K)
[2026-06-17T10:01:35.120+0800][32.748s][info][gc,heap        ] GC(1243) ParOldGen: 37233K(44032K)->38231K(44032K)
[2026-06-17T10:01:35.120+0800][32.748s][info][gc,metaspace   ] GC(1243) Metaspace: 113K(320K)->113K(320K) NonClass: 105K(192K)->105K(192K) Class: 7K(128K)->7K(128K)
[2026-06-17T10:01:35.120+0800][32.748s][info][gc             ] GC(1243) Pause Young (Allocation Failure) 49M->39M(57M) 2.728ms
[2026-06-17T10:01:35.121+0800][32.748s][info][gc,cpu         ] GC(1243) User=0.00s Sys=0.00s Real=0.00s
[2026-06-17T10:01:35.142+0800][32.770s][info][gc,start       ] GC(1244) Pause Young (Allocation Failure)
[2026-06-17T10:01:35.144+0800][32.772s][info][gc,heap        ] GC(1244) PSYoungGen: 9027K(14336K)->5705K(14336K) Eden: 7149K(7168K)->0K(7168K) From: 1878K(7168K)->5705K(7168K)
[2026-06-17T10:01:35.146+0800][32.774s][info][gc,heap        ] GC(1244) ParOldGen: 38231K(44032K)->38231K(44032K)
[2026-06-17T10:01:35.146+0800][32.774s][info][gc,metaspace   ] GC(1244) Metaspace: 113K(320K)->113K(320K) NonClass: 105K(192K)->105K(192K) Class: 7K(128K)->7K(128K)
[2026-06-17T10:01:35.146+0800][32.774s][info][gc             ] GC(1244) Pause Young (Allocation Failure) 46M->42M(57M) 3.962ms
[2026-06-17T10:01:35.146+0800][32.774s][info][gc,cpu         ] GC(1244) User=0.00s Sys=0.00s Real=0.01s
[2026-06-17T10:01:35.168+0800][32.796s][info][gc,start       ] GC(1245) Pause Young (Allocation Failure)
[2026-06-17T10:01:35.170+0800][32.798s][info][gc,heap        ] GC(1245) PSYoungGen: 12847K(14336K)->4508K(14336K) Eden: 7142K(7168K)->0K(7168K) From: 5705K(7168K)->4508K(7168K)
[2026-06-17T10:01:35.173+0800][32.801s][info][gc,heap        ] GC(1245) ParOldGen: 38231K(44032K)->40085K(44032K)
[2026-06-17T10:01:35.174+0800][32.802s][info][gc,metaspace   ] GC(1245) Metaspace: 113K(320K)->113K(320K) NonClass: 105K(192K)->105K(192K) Class: 7K(128K)->7K(128K)
[2026-06-17T10:01:35.175+0800][32.802s][info][gc             ] GC(1245) Pause Young (Allocation Failure) 49M->43M(57M) 6.402ms
[2026-06-17T10:01:35.177+0800][32.805s][info][gc,cpu         ] GC(1245) User=0.01s Sys=0.00s Real=0.01s
[2026-06-17T10:01:35.200+0800][32.828s][info][gc,start       ] GC(1246) Pause Young (Allocation Failure)
[2026-06-17T10:01:35.205+0800][32.832s][info][gc,heap        ] GC(1246) PSYoungGen: 11674K(14336K)->1367K(14336K) Eden: 7165K(7168K)->0K(7168K) From: 4508K(7168K)->1367K(7168K)
[2026-06-17T10:01:35.207+0800][32.834s][info][gc,heap        ] GC(1246) ParOldGen: 40085K(44032K)->43299K(44032K)
[2026-06-17T10:01:35.210+0800][32.838s][info][gc,metaspace   ] GC(1246) Metaspace: 113K(320K)->113K(320K) NonClass: 105K(192K)->105K(192K) Class: 7K(128K)->7K(128K)
[2026-06-17T10:01:35.217+0800][32.844s][info][gc             ] GC(1246) Pause Young (Allocation Failure) 50M->43M(57M) 16.703ms
[2026-06-17T10:01:35.217+0800][32.845s][info][gc,cpu         ] GC(1246) User=0.00s Sys=0.00s Real=0.02s
[2026-06-17T10:01:35.229+0800][32.856s][info][gc,start       ] GC(1247) Pause Full (Ergonomics)
[2026-06-17T10:01:35.229+0800][32.857s][info][gc,phases,start] GC(1247) Marking Phase
[2026-06-17T10:01:35.230+0800][32.858s][info][gc,phases      ] GC(1247) Marking Phase 1.164ms
[2026-06-17T10:01:35.230+0800][32.858s][info][gc,phases,start] GC(1247) Summary Phase
[2026-06-17T10:01:35.231+0800][32.858s][info][gc,phases      ] GC(1247) Summary Phase 0.215ms
[2026-06-17T10:01:35.231+0800][32.858s][info][gc,phases,start] GC(1247) Adjust Roots
[2026-06-17T10:01:35.231+0800][32.859s][info][gc,phases      ] GC(1247) Adjust Roots 0.267ms
[2026-06-17T10:01:35.231+0800][32.859s][info][gc,phases,start] GC(1247) Compaction Phase
[2026-06-17T10:01:35.233+0800][32.861s][info][gc,phases      ] GC(1247) Compaction Phase 2.011ms
[2026-06-17T10:01:35.233+0800][32.861s][info][gc,phases,start] GC(1247) Post Compact
[2026-06-17T10:01:35.234+0800][32.861s][info][gc,phases      ] GC(1247) Post Compact 0.294ms
[2026-06-17T10:01:35.234+0800][32.862s][info][gc,heap        ] GC(1247) PSYoungGen: 8530K(14336K)->0K(14336K) Eden: 7163K(7168K)->0K(7168K) From: 1367K(7168K)->0K(7168K)
[2026-06-17T10:01:35.234+0800][32.862s][info][gc,heap        ] GC(1247) ParOldGen: 43299K(44032K)->24798K(44032K)
[2026-06-17T10:01:35.234+0800][32.862s][info][gc,metaspace   ] GC(1247) Metaspace: 113K(320K)->113K(320K) NonClass: 105K(192K)->105K(192K) Class: 7K(128K)->7K(128K)
[2026-06-17T10:01:35.234+0800][32.862s][info][gc             ] GC(1247) Pause Full (Ergonomics) 50M->24M(57M) 5.526ms
[2026-06-17T10:01:35.234+0800][32.862s][info][gc,cpu         ] GC(1247) User=0.00s Sys=0.01s Real=0.01s
[2026-06-17T10:01:35.255+0800][32.883s][info][gc,start       ] GC(1248) Pause Young (Allocation Failure)
[2026-06-17T10:01:35.256+0800][32.884s][info][gc,heap        ] GC(1248) PSYoungGen: 7125K(14336K)->360K(14336K) Eden: 7125K(7168K)->0K(7168K) From: 0K(7168K)->360K(7168K)
[2026-06-17T10:01:35.256+0800][32.884s][info][gc,heap        ] GC(1248) ParOldGen: 24798K(44032K)->24798K(44032K)
[2026-06-17T10:01:35.256+0800][32.884s][info][gc,metaspace   ] GC(1248) Metaspace: 113K(320K)->113K(320K) NonClass: 105K(192K)->105K(192K) Class: 7K(128K)->7K(128K)
[2026-06-17T10:01:35.257+0800][32.884s][info][gc             ] GC(1248) Pause Young (Allocation Failure) 31M->24M(57M) 1.276ms
[2026-06-17T10:01:35.257+0800][32.884s][info][gc,cpu         ] GC(1248) User=0.00s Sys=0.00s Real=0.00s
[2026-06-17T10:01:35.278+0800][32.905s][info][gc,start       ] GC(1249) Pause Young (Allocation Failure)
[2026-06-17T10:01:35.279+0800][32.906s][info][gc,heap        ] GC(1249) PSYoungGen: 7499K(14336K)->3674K(14336K) Eden: 7139K(7168K)->0K(7168K) From: 360K(7168K)->3674K(7168K)
[2026-06-17T10:01:35.279+0800][32.907s][info][gc,heap        ] GC(1249) ParOldGen: 24798K(44032K)->25134K(44032K)
[2026-06-17T10:01:35.279+0800][32.907s][info][gc,metaspace   ] GC(1249) Metaspace: 113K(320K)->113K(320K) NonClass: 105K(192K)->105K(192K) Class: 7K(128K)->7K(128K)
[2026-06-17T10:01:35.279+0800][32.907s][info][gc             ] GC(1249) Pause Young (Allocation Failure) 31M->28M(57M) 1.514ms
[2026-06-17T10:01:35.280+0800][32.908s][info][gc,cpu         ] GC(1249) User=0.00s Sys=0.00s Real=0.00s
[2026-06-17T10:01:35.291+0800][32.919s][info][gc,start       ] GC(1250) Pause Young (Allocation Failure)
[2026-06-17T10:01:35.292+0800][32.920s][info][gc,heap        ] GC(1250) PSYoungGen: 10417K(14336K)->1487K(14336K) Eden: 6742K(7168K)->0K(7168K) From: 3674K(7168K)->1487K(7168K)
[2026-06-17T10:01:35.292+0800][32.920s][info][gc,heap        ] GC(1250) ParOldGen: 25134K(44032K)->26967K(44032K)
[2026-06-17T10:01:35.292+0800][32.920s][info][gc,metaspace   ] GC(1250) Metaspace: 113K(320K)->113K(320K) NonClass: 105K(192K)->105K(192K) Class: 7K(128K)->7K(128K)
[2026-06-17T10:01:35.293+0800][32.920s][info][gc             ] GC(1250) Pause Young (Allocation Failure) 34M->27M(57M) 1.141ms
[2026-06-17T10:01:35.293+0800][32.920s][info][gc,cpu         ] GC(1250) User=0.00s Sys=0.00s Real=0.00s
[2026-06-17T10:01:35.314+0800][32.941s][info][gc,start       ] GC(1251) Pause Young (Allocation Failure)
[2026-06-17T10:01:35.315+0800][32.942s][info][gc,heap        ] GC(1251) PSYoungGen: 8654K(14336K)->3627K(14336K) Eden: 7167K(7168K)->0K(7168K) From: 1487K(7168K)->3627K(7168K)
[2026-06-17T10:01:35.315+0800][32.942s][info][gc,heap        ] GC(1251) ParOldGen: 26967K(44032K)->28430K(44032K)
[2026-06-17T10:01:35.315+0800][32.943s][info][gc,metaspace   ] GC(1251) Metaspace: 113K(320K)->113K(320K) NonClass: 105K(192K)->105K(192K) Class: 7K(128K)->7K(128K)
[2026-06-17T10:01:35.315+0800][32.943s][info][gc             ] GC(1251) Pause Young (Allocation Failure) 34M->31M(57M) 1.319ms
[2026-06-17T10:01:35.315+0800][32.943s][info][gc,cpu         ] GC(1251) User=0.00s Sys=0.00s Real=0.00s
[2026-06-17T10:01:35.336+0800][32.964s][info][gc,start       ] GC(1252) Pause Young (Allocation Failure)
[2026-06-17T10:01:35.337+0800][32.965s][info][gc,heap        ] GC(1252) PSYoungGen: 10769K(14336K)->3516K(14336K) Eden: 7141K(7168K)->0K(7168K) From: 3627K(7168K)->3516K(7168K)
[2026-06-17T10:01:35.337+0800][32.965s][info][gc,heap        ] GC(1252) ParOldGen: 28430K(44032K)->28430K(44032K)
[2026-06-17T10:01:35.338+0800][32.966s][info][gc,metaspace   ] GC(1252) Metaspace: 113K(320K)->113K(320K) NonClass: 105K(192K)->105K(192K) Class: 7K(128K)->7K(128K)
[2026-06-17T10:01:35.338+0800][32.966s][info][gc             ] GC(1252) Pause Young (Allocation Failure) 38M->31M(57M) 2.352ms
[2026-06-17T10:01:35.340+0800][32.968s][info][gc,cpu         ] GC(1252) User=0.00s Sys=0.00s Real=0.00s
[2026-06-17T10:01:35.364+0800][32.992s][info][gc,start       ] GC(1253) Pause Young (Allocation Failure)
[2026-06-17T10:01:35.365+0800][32.993s][info][gc,heap        ] GC(1253) PSYoungGen: 10665K(14336K)->3707K(14848K) Eden: 7148K(7168K)->0K(7680K) From: 3516K(7168K)->3707K(7168K)
[2026-06-17T10:01:35.365+0800][32.993s][info][gc,heap        ] GC(1253) ParOldGen: 28430K(44032K)->28430K(44032K)
[2026-06-17T10:01:35.365+0800][32.993s][info][gc,metaspace   ] GC(1253) Metaspace: 113K(320K)->113K(320K) NonClass: 105K(192K)->105K(192K) Class: 7K(128K)->7K(128K)
[2026-06-17T10:01:35.366+0800][32.993s][info][gc             ] GC(1253) Pause Young (Allocation Failure) 38M->31M(57M) 1.504ms
[2026-06-17T10:01:35.366+0800][32.993s][info][gc,cpu         ] GC(1253) User=0.00s Sys=0.00s Real=0.00s
[2026-06-17T10:01:35.377+0800][33.005s][info][gc,start       ] GC(1254) Pause Young (Allocation Failure)
[2026-06-17T10:01:35.378+0800][33.006s][info][gc,heap        ] GC(1254) PSYoungGen: 11384K(14848K)->6609K(14336K) Eden: 7677K(7680K)->0K(7680K) From: 3707K(7168K)->6609K(6656K)
[2026-06-17T10:01:35.378+0800][33.006s][info][gc,heap        ] GC(1254) ParOldGen: 28430K(44032K)->29578K(44032K)
[2026-06-17T10:01:35.378+0800][33.006s][info][gc,metaspace   ] GC(1254) Metaspace: 113K(320K)->113K(320K) NonClass: 105K(192K)->105K(192K) Class: 7K(128K)->7K(128K)
[2026-06-17T10:01:35.378+0800][33.006s][info][gc             ] GC(1254) Pause Young (Allocation Failure) 38M->35M(57M) 1.517ms
[2026-06-17T10:01:35.378+0800][33.006s][info][gc,cpu         ] GC(1254) User=0.00s Sys=0.00s Real=0.00s
[2026-06-17T10:01:35.400+0800][33.027s][info][gc,start       ] GC(1255) Pause Young (Allocation Failure)
[2026-06-17T10:01:35.401+0800][33.028s][info][gc,heap        ] GC(1255) PSYoungGen: 14238K(14336K)->5401K(14336K) Eden: 7629K(7680K)->0K(7168K) From: 6609K(6656K)->5401K(7168K)
[2026-06-17T10:01:35.401+0800][33.028s][info][gc,heap        ] GC(1255) ParOldGen: 29578K(44032K)->31254K(44032K)
[2026-06-17T10:01:35.401+0800][33.029s][info][gc,metaspace   ] GC(1255) Metaspace: 113K(320K)->113K(320K) NonClass: 105K(192K)->105K(192K) Class: 7K(128K)->7K(128K)
[2026-06-17T10:01:35.401+0800][33.029s][info][gc             ] GC(1255) Pause Young (Allocation Failure) 42M->35M(57M) 1.641ms
[2026-06-17T10:01:35.401+0800][33.029s][info][gc,cpu         ] GC(1255) User=0.00s Sys=0.00s Real=0.00s
[2026-06-17T10:01:35.422+0800][33.050s][info][gc,start       ] GC(1256) Pause Young (Allocation Failure)
[2026-06-17T10:01:35.424+0800][33.052s][info][gc,heap        ] GC(1256) PSYoungGen: 12551K(14336K)->3429K(14336K) Eden: 7149K(7168K)->0K(7168K) From: 5401K(7168K)->3429K(7168K)
[2026-06-17T10:01:35.427+0800][33.055s][info][gc,heap        ] GC(1256) ParOldGen: 31254K(44032K)->33186K(44032K)
[2026-06-17T10:01:35.430+0800][33.058s][info][gc,metaspace   ] GC(1256) Metaspace: 113K(320K)->113K(320K) NonClass: 105K(192K)->105K(192K) Class: 7K(128K)->7K(128K)
[2026-06-17T10:01:35.434+0800][33.062s][info][gc             ] GC(1256) Pause Young (Allocation Failure) 42M->35M(57M) 11.585ms
[2026-06-17T10:01:35.435+0800][33.063s][info][gc,cpu         ] GC(1256) User=0.00s Sys=0.00s Real=0.01s
[2026-06-17T10:01:35.447+0800][33.075s][info][gc,start       ] GC(1257) Pause Young (Allocation Failure)
[2026-06-17T10:01:35.448+0800][33.075s][info][gc,heap        ] GC(1257) PSYoungGen: 10458K(14336K)->1163K(14336K) Eden: 7029K(7168K)->0K(7168K) From: 3429K(7168K)->1163K(7168K)
[2026-06-17T10:01:35.448+0800][33.076s][info][gc,heap        ] GC(1257) ParOldGen: 33186K(44032K)->35558K(44032K)
[2026-06-17T10:01:35.448+0800][33.076s][info][gc,metaspace   ] GC(1257) Metaspace: 113K(320K)->113K(320K) NonClass: 105K(192K)->105K(192K) Class: 7K(128K)->7K(128K)
[2026-06-17T10:01:35.448+0800][33.076s][info][gc             ] GC(1257) Pause Young (Allocation Failure) 42M->35M(57M) 1.321ms
[2026-06-17T10:01:35.448+0800][33.076s][info][gc,cpu         ] GC(1257) User=0.00s Sys=0.00s Real=0.00s
[2026-06-17T10:01:35.469+0800][33.097s][info][gc,start       ] GC(1258) Pause Young (Allocation Failure)
[2026-06-17T10:01:35.470+0800][33.098s][info][gc,heap        ] GC(1258) PSYoungGen: 8300K(14336K)->3480K(14336K) Eden: 7137K(7168K)->0K(7168K) From: 1163K(7168K)->3480K(7168K)
[2026-06-17T10:01:35.471+0800][33.098s][info][gc,heap        ] GC(1258) ParOldGen: 35558K(44032K)->36698K(44032K)
[2026-06-17T10:01:35.471+0800][33.098s][info][gc,metaspace   ] GC(1258) Metaspace: 113K(320K)->113K(320K) NonClass: 105K(192K)->105K(192K) Class: 7K(128K)->7K(128K)
[2026-06-17T10:01:35.471+0800][33.098s][info][gc             ] GC(1258) Pause Young (Allocation Failure) 42M->39M(57M) 1.479ms
[2026-06-17T10:01:35.471+0800][33.099s][info][gc,cpu         ] GC(1258) User=0.01s Sys=0.00s Real=0.01s
[2026-06-17T10:01:35.492+0800][33.119s][info][gc,start       ] GC(1259) Pause Young (Allocation Failure)
[2026-06-17T10:01:35.492+0800][33.120s][info][gc,heap        ] GC(1259) PSYoungGen: 10599K(14336K)->3252K(14336K) Eden: 7119K(7168K)->0K(7168K) From: 3480K(7168K)->3252K(7168K)
[2026-06-17T10:01:35.492+0800][33.120s][info][gc,heap        ] GC(1259) ParOldGen: 36698K(44032K)->36698K(44032K)
[2026-06-17T10:01:35.493+0800][33.120s][info][gc,metaspace   ] GC(1259) Metaspace: 113K(320K)->113K(320K) NonClass: 105K(192K)->105K(192K) Class: 7K(128K)->7K(128K)
[2026-06-17T10:01:35.493+0800][33.121s][info][gc             ] GC(1259) Pause Young (Allocation Failure) 46M->39M(57M) 1.409ms
[2026-06-17T10:01:35.493+0800][33.121s][info][gc,cpu         ] GC(1259) User=0.00s Sys=0.00s Real=0.00s
[2026-06-17T10:01:35.504+0800][33.132s][info][gc,start       ] GC(1260) Pause Young (Allocation Failure)
[2026-06-17T10:01:35.504+0800][33.132s][info][gc,heap        ] GC(1260) PSYoungGen: 9652K(14336K)->2549K(14336K) Eden: 6399K(7168K)->0K(7168K) From: 3252K(7168K)->2549K(7168K)
[2026-06-17T10:01:35.505+0800][33.132s][info][gc,heap        ] GC(1260) ParOldGen: 36698K(44032K)->36698K(44032K)
[2026-06-17T10:01:35.505+0800][33.133s][info][gc,metaspace   ] GC(1260) Metaspace: 113K(320K)->113K(320K) NonClass: 105K(192K)->105K(192K) Class: 7K(128K)->7K(128K)
[2026-06-17T10:01:35.505+0800][33.133s][info][gc             ] GC(1260) Pause Young (Allocation Failure) 45M->38M(57M) 1.156ms
[2026-06-17T10:01:35.505+0800][33.133s][info][gc,cpu         ] GC(1260) User=0.00s Sys=0.00s Real=0.00s
[2026-06-17T10:01:35.526+0800][33.154s][info][gc,start       ] GC(1261) Pause Young (Allocation Failure)
[2026-06-17T10:01:35.527+0800][33.154s][info][gc,heap        ] GC(1261) PSYoungGen: 9693K(14336K)->6291K(13824K) Eden: 7144K(7168K)->0K(7168K) From: 2549K(7168K)->6291K(6656K)
[2026-06-17T10:01:35.527+0800][33.155s][info][gc,heap        ] GC(1261) ParOldGen: 36698K(44032K)->36698K(44032K)
[2026-06-17T10:01:35.527+0800][33.155s][info][gc,metaspace   ] GC(1261) Metaspace: 113K(320K)->113K(320K) NonClass: 105K(192K)->105K(192K) Class: 7K(128K)->7K(128K)
[2026-06-17T10:01:35.527+0800][33.155s][info][gc             ] GC(1261) Pause Young (Allocation Failure) 45M->41M(56M) 1.370ms
[2026-06-17T10:01:35.528+0800][33.155s][info][gc,cpu         ] GC(1261) User=0.00s Sys=0.00s Real=0.00s
[2026-06-17T10:01:35.548+0800][33.176s][info][gc,start       ] GC(1262) Pause Young (Allocation Failure)
[2026-06-17T10:01:35.549+0800][33.177s][info][gc,heap        ] GC(1262) PSYoungGen: 13442K(13824K)->4038K(14336K) Eden: 7151K(7168K)->0K(7168K) From: 6291K(6656K)->4038K(7168K)
[2026-06-17T10:01:35.550+0800][33.177s][info][gc,heap        ] GC(1262) ParOldGen: 36698K(44032K)->39223K(44032K)
[2026-06-17T10:01:35.550+0800][33.177s][info][gc,metaspace   ] GC(1262) Metaspace: 113K(320K)->113K(320K) NonClass: 105K(192K)->105K(192K) Class: 7K(128K)->7K(128K)
[2026-06-17T10:01:35.550+0800][33.177s][info][gc             ] GC(1262) Pause Young (Allocation Failure) 48M->42M(57M) 1.326ms
[2026-06-17T10:01:35.550+0800][33.178s][info][gc,cpu         ] GC(1262) User=0.00s Sys=0.00s Real=0.00s
[2026-06-17T10:01:35.561+0800][33.188s][info][gc,start       ] GC(1263) Pause Young (Allocation Failure)
[2026-06-17T10:01:35.561+0800][33.189s][info][gc,heap        ] GC(1263) PSYoungGen: 11184K(14336K)->7051K(14336K) Eden: 7145K(7168K)->0K(7168K) From: 4038K(7168K)->7051K(7168K)
[2026-06-17T10:01:35.562+0800][33.189s][info][gc,heap        ] GC(1263) ParOldGen: 39223K(44032K)->39781K(44032K)
[2026-06-17T10:01:35.562+0800][33.189s][info][gc,metaspace   ] GC(1263) Metaspace: 113K(320K)->113K(320K) NonClass: 105K(192K)->105K(192K) Class: 7K(128K)->7K(128K)
[2026-06-17T10:01:35.562+0800][33.189s][info][gc             ] GC(1263) Pause Young (Allocation Failure) 49M->45M(57M) 1.226ms
[2026-06-17T10:01:35.562+0800][33.190s][info][gc,cpu         ] GC(1263) User=0.00s Sys=0.00s Real=0.00s
[2026-06-17T10:01:35.583+0800][33.211s][info][gc,start       ] GC(1264) Pause Young (Allocation Failure)
[2026-06-17T10:01:35.584+0800][33.211s][info][gc,heap        ] GC(1264) PSYoungGen: 14167K(14336K)->4506K(14336K) Eden: 7115K(7168K)->0K(7168K) From: 7051K(7168K)->4506K(7168K)
[2026-06-17T10:01:35.584+0800][33.212s][info][gc,heap        ] GC(1264) ParOldGen: 39781K(44032K)->42583K(44032K)
[2026-06-17T10:01:35.584+0800][33.212s][info][gc,metaspace   ] GC(1264) Metaspace: 113K(320K)->113K(320K) NonClass: 105K(192K)->105K(192K) Class: 7K(128K)->7K(128K)
[2026-06-17T10:01:35.584+0800][33.212s][info][gc             ] GC(1264) Pause Young (Allocation Failure) 52M->45M(57M) 1.343ms
[2026-06-17T10:01:35.585+0800][33.212s][info][gc,cpu         ] GC(1264) User=0.00s Sys=0.00s Real=0.00s
[2026-06-17T10:01:35.606+0800][33.233s][info][gc,start       ] GC(1265) Pause Full (Ergonomics)
[2026-06-17T10:01:35.607+0800][33.235s][info][gc,phases,start] GC(1265) Marking Phase
[2026-06-17T10:01:35.610+0800][33.238s][info][gc,phases      ] GC(1265) Marking Phase 2.675ms
[2026-06-17T10:01:35.613+0800][33.241s][info][gc,phases,start] GC(1265) Summary Phase
[2026-06-17T10:01:35.615+0800][33.243s][info][gc,phases      ] GC(1265) Summary Phase 1.819ms
[2026-06-17T10:01:35.616+0800][33.243s][info][gc,phases,start] GC(1265) Adjust Roots
[2026-06-17T10:01:35.617+0800][33.245s][info][gc,phases      ] GC(1265) Adjust Roots 1.540ms
[2026-06-17T10:01:35.621+0800][33.249s][info][gc,phases,start] GC(1265) Compaction Phase
[2026-06-17T10:01:35.623+0800][33.251s][info][gc,phases      ] GC(1265) Compaction Phase 2.232ms
[2026-06-17T10:01:35.625+0800][33.253s][info][gc,phases,start] GC(1265) Post Compact
[2026-06-17T10:01:35.627+0800][33.255s][info][gc,phases      ] GC(1265) Post Compact 2.232ms
[2026-06-17T10:01:35.628+0800][33.256s][info][gc,heap        ] GC(1265) PSYoungGen: 11647K(14336K)->0K(14336K) Eden: 7141K(7168K)->0K(7168K) From: 4506K(7168K)->0K(7168K)
[2026-06-17T10:01:35.628+0800][33.256s][info][gc,heap        ] GC(1265) ParOldGen: 42583K(44032K)->25580K(44032K)
[2026-06-17T10:01:35.631+0800][33.259s][info][gc,metaspace   ] GC(1265) Metaspace: 113K(320K)->113K(320K) NonClass: 105K(192K)->105K(192K) Class: 7K(128K)->7K(128K)
[2026-06-17T10:01:35.634+0800][33.262s][info][gc             ] GC(1265) Pause Full (Ergonomics) 52M->24M(57M) 28.305ms
[2026-06-17T10:01:35.638+0800][33.265s][info][gc,cpu         ] GC(1265) User=0.01s Sys=0.00s Real=0.03s
[2026-06-17T10:01:35.650+0800][33.277s][info][gc,start       ] GC(1266) Pause Young (Allocation Failure)
[2026-06-17T10:01:35.650+0800][33.278s][info][gc,heap        ] GC(1266) PSYoungGen: 7146K(14336K)->3820K(14336K) Eden: 7146K(7168K)->0K(7168K) From: 0K(7168K)->3820K(7168K)
[2026-06-17T10:01:35.651+0800][33.278s][info][gc,heap        ] GC(1266) ParOldGen: 25580K(44032K)->25580K(44032K)
[2026-06-17T10:01:35.651+0800][33.279s][info][gc,metaspace   ] GC(1266) Metaspace: 113K(320K)->113K(320K) NonClass: 105K(192K)->105K(192K) Class: 7K(128K)->7K(128K)
[2026-06-17T10:01:35.651+0800][33.279s][info][gc             ] GC(1266) Pause Young (Allocation Failure) 31M->28M(57M) 1.522ms
[2026-06-17T10:01:35.651+0800][33.279s][info][gc,cpu         ] GC(1266) User=0.00s Sys=0.00s Real=0.01s
[2026-06-17T10:01:35.673+0800][33.300s][info][gc,start       ] GC(1267) Pause Young (Allocation Failure)
[2026-06-17T10:01:35.673+0800][33.301s][info][gc,heap        ] GC(1267) PSYoungGen: 10957K(14336K)->3680K(14336K) Eden: 7136K(7168K)->0K(7168K) From: 3820K(7168K)->3680K(7168K)
[2026-06-17T10:01:35.674+0800][33.301s][info][gc,heap        ] GC(1267) ParOldGen: 25580K(44032K)->29361K(44032K)
[2026-06-17T10:01:35.674+0800][33.302s][info][gc,metaspace   ] GC(1267) Metaspace: 113K(320K)->113K(320K) NonClass: 105K(192K)->105K(192K) Class: 7K(128K)->7K(128K)
[2026-06-17T10:01:35.674+0800][33.302s][info][gc             ] GC(1267) Pause Young (Allocation Failure) 35M->32M(57M) 1.649ms
[2026-06-17T10:01:35.674+0800][33.302s][info][gc,cpu         ] GC(1267) User=0.00s Sys=0.00s Real=0.00s
[2026-06-17T10:01:35.695+0800][33.323s][info][gc,start       ] GC(1268) Pause Young (Allocation Failure)
[2026-06-17T10:01:35.696+0800][33.323s][info][gc,heap        ] GC(1268) PSYoungGen: 10847K(14336K)->3388K(14336K) Eden: 7167K(7168K)->0K(7168K) From: 3680K(7168K)->3388K(7168K)
[2026-06-17T10:01:35.696+0800][33.324s][info][gc,heap        ] GC(1268) ParOldGen: 29361K(44032K)->29864K(44032K)
[2026-06-17T10:01:35.696+0800][33.324s][info][gc,metaspace   ] GC(1268) Metaspace: 113K(320K)->113K(320K) NonClass: 105K(192K)->105K(192K) Class: 7K(128K)->7K(128K)
[2026-06-17T10:01:35.696+0800][33.324s][info][gc             ] GC(1268) Pause Young (Allocation Failure) 39M->32M(57M) 1.256ms
[2026-06-17T10:01:35.697+0800][33.324s][info][gc,cpu         ] GC(1268) User=0.00s Sys=0.00s Real=0.00s
[2026-06-17T10:01:35.717+0800][33.345s][info][gc,start       ] GC(1269) Pause Young (Allocation Failure)
[2026-06-17T10:01:35.718+0800][33.346s][info][gc,heap        ] GC(1269) PSYoungGen: 10497K(14336K)->3608K(14336K) Eden: 7109K(7168K)->0K(7168K) From: 3388K(7168K)->3608K(7168K)
[2026-06-17T10:01:35.718+0800][33.346s][info][gc,heap        ] GC(1269) ParOldGen: 29864K(44032K)->29864K(44032K)
[2026-06-17T10:01:35.719+0800][33.346s][info][gc,metaspace   ] GC(1269) Metaspace: 113K(320K)->113K(320K) NonClass: 105K(192K)->105K(192K) Class: 7K(128K)->7K(128K)
[2026-06-17T10:01:35.719+0800][33.346s][info][gc             ] GC(1269) Pause Young (Allocation Failure) 39M->32M(57M) 1.350ms
[2026-06-17T10:01:35.719+0800][33.346s][info][gc,cpu         ] GC(1269) User=0.01s Sys=0.00s Real=0.00s
[2026-06-17T10:01:35.729+0800][33.357s][info][gc,start       ] GC(1270) Pause Young (Allocation Failure)
[2026-06-17T10:01:35.730+0800][33.358s][info][gc,heap        ] GC(1270) PSYoungGen: 10767K(14336K)->6966K(14336K) Eden: 7159K(7168K)->0K(7168K) From: 3608K(7168K)->6966K(7168K)
[2026-06-17T10:01:35.730+0800][33.358s][info][gc,heap        ] GC(1270) ParOldGen: 29864K(44032K)->29864K(44032K)
[2026-06-17T10:01:35.730+0800][33.358s][info][gc,metaspace   ] GC(1270) Metaspace: 113K(320K)->113K(320K) NonClass: 105K(192K)->105K(192K) Class: 7K(128K)->7K(128K)
[2026-06-17T10:01:35.730+0800][33.358s][info][gc             ] GC(1270) Pause Young (Allocation Failure) 39M->35M(57M) 1.196ms
[2026-06-17T10:01:35.731+0800][33.358s][info][gc,cpu         ] GC(1270) User=0.00s Sys=0.00s Real=0.01s
[2026-06-17T10:01:35.751+0800][33.379s][info][gc,start       ] GC(1271) Pause Young (Allocation Failure)
[2026-06-17T10:01:35.752+0800][33.380s][info][gc,heap        ] GC(1271) PSYoungGen: 14084K(14336K)->5138K(14336K) Eden: 7118K(7168K)->0K(7168K) From: 6966K(7168K)->5138K(7168K)
[2026-06-17T10:01:35.753+0800][33.380s][info][gc,heap        ] GC(1271) ParOldGen: 29864K(44032K)->31801K(44032K)
[2026-06-17T10:01:35.753+0800][33.381s][info][gc,metaspace   ] GC(1271) Metaspace: 113K(320K)->113K(320K) NonClass: 105K(192K)->105K(192K) Class: 7K(128K)->7K(128K)
[2026-06-17T10:01:35.757+0800][33.385s][info][gc             ] GC(1271) Pause Young (Allocation Failure) 42M->36M(57M) 5.630ms
[2026-06-17T10:01:35.757+0800][33.385s][info][gc,cpu         ] GC(1271) User=0.00s Sys=0.00s Real=0.00s
[2026-06-17T10:01:35.779+0800][33.406s][info][gc,start       ] GC(1272) Pause Young (Allocation Failure)
[2026-06-17T10:01:35.780+0800][33.407s][info][gc,heap        ] GC(1272) PSYoungGen: 12306K(14336K)->2389K(14336K) Eden: 7168K(7168K)->0K(7168K) From: 5138K(7168K)->2389K(7168K)
[2026-06-17T10:01:35.780+0800][33.408s][info][gc,heap        ] GC(1272) ParOldGen: 31801K(44032K)->34633K(44032K)
[2026-06-17T10:01:35.781+0800][33.408s][info][gc,metaspace   ] GC(1272) Metaspace: 113K(320K)->113K(320K) NonClass: 105K(192K)->105K(192K) Class: 7K(128K)->7K(128K)
[2026-06-17T10:01:35.781+0800][33.409s][info][gc             ] GC(1272) Pause Young (Allocation Failure) 43M->36M(57M) 2.388ms
[2026-06-17T10:01:35.781+0800][33.409s][info][gc,cpu         ] GC(1272) User=0.00s Sys=0.00s Real=0.00s
[2026-06-17T10:01:35.793+0800][33.420s][info][gc,start       ] GC(1273) Pause Young (Allocation Failure)
[2026-06-17T10:01:35.793+0800][33.421s][info][gc,heap        ] GC(1273) PSYoungGen: 9431K(14336K)->573K(14336K) Eden: 7042K(7168K)->0K(7168K) From: 2389K(7168K)->573K(7168K)
[2026-06-17T10:01:35.793+0800][33.421s][info][gc,heap        ] GC(1273) ParOldGen: 34633K(44032K)->36287K(44032K)
[2026-06-17T10:01:35.794+0800][33.421s][info][gc,metaspace   ] GC(1273) Metaspace: 113K(320K)->113K(320K) NonClass: 105K(192K)->105K(192K) Class: 7K(128K)->7K(128K)
[2026-06-17T10:01:35.794+0800][33.421s][info][gc             ] GC(1273) Pause Young (Allocation Failure) 43M->35M(57M) 1.089ms
[2026-06-17T10:01:35.794+0800][33.422s][info][gc,cpu         ] GC(1273) User=0.00s Sys=0.00s Real=0.00s
[2026-06-17T10:01:35.815+0800][33.442s][info][gc,start       ] GC(1274) Pause Young (Allocation Failure)
[2026-06-17T10:01:35.816+0800][33.444s][info][gc,heap        ] GC(1274) PSYoungGen: 7701K(14336K)->3628K(14336K) Eden: 7128K(7168K)->0K(7168K) From: 573K(7168K)->3628K(7168K)
[2026-06-17T10:01:35.816+0800][33.444s][info][gc,heap        ] GC(1274) ParOldGen: 36287K(44032K)->36836K(44032K)
[2026-06-17T10:01:35.817+0800][33.444s][info][gc,metaspace   ] GC(1274) Metaspace: 113K(320K)->113K(320K) NonClass: 105K(192K)->105K(192K) Class: 7K(128K)->7K(128K)
[2026-06-17T10:01:35.817+0800][33.444s][info][gc             ] GC(1274) Pause Young (Allocation Failure) 42M->39M(57M) 2.024ms
[2026-06-17T10:01:35.817+0800][33.445s][info][gc,cpu         ] GC(1274) User=0.00s Sys=0.00s Real=0.00s
[2026-06-17T10:01:35.838+0800][33.466s][info][gc,start       ] GC(1275) Pause Young (Allocation Failure)
[2026-06-17T10:01:35.840+0800][33.467s][info][gc,heap        ] GC(1275) PSYoungGen: 10796K(14336K)->2798K(14336K) Eden: 7168K(7168K)->0K(7168K) From: 3628K(7168K)->2798K(7168K)
[2026-06-17T10:01:35.840+0800][33.468s][info][gc,heap        ] GC(1275) ParOldGen: 36836K(44032K)->38153K(44032K)
[2026-06-17T10:01:35.840+0800][33.468s][info][gc,metaspace   ] GC(1275) Metaspace: 113K(320K)->113K(320K) NonClass: 105K(192K)->105K(192K) Class: 7K(128K)->7K(128K)
[2026-06-17T10:01:35.840+0800][33.468s][info][gc             ] GC(1275) Pause Young (Allocation Failure) 46M->39M(57M) 2.445ms
[2026-06-17T10:01:35.841+0800][33.468s][info][gc,cpu         ] GC(1275) User=0.00s Sys=0.00s Real=0.00s
[2026-06-17T10:01:35.862+0800][33.490s][info][gc,start       ] GC(1276) Pause Young (Allocation Failure)
[2026-06-17T10:01:35.863+0800][33.491s][info][gc,heap        ] GC(1276) PSYoungGen: 9962K(14336K)->763K(14336K) Eden: 7163K(7168K)->0K(7168K) From: 2798K(7168K)->763K(7168K)
[2026-06-17T10:01:35.863+0800][33.491s][info][gc,heap        ] GC(1276) ParOldGen: 38153K(44032K)->40674K(44032K)
[2026-06-17T10:01:35.864+0800][33.492s][info][gc,metaspace   ] GC(1276) Metaspace: 113K(320K)->113K(320K) NonClass: 105K(192K)->105K(192K) Class: 7K(128K)->7K(128K)
[2026-06-17T10:01:35.864+0800][33.492s][info][gc             ] GC(1276) Pause Young (Allocation Failure) 46M->40M(57M) 2.221ms
[2026-06-17T10:01:35.865+0800][33.492s][info][gc,cpu         ] GC(1276) User=0.01s Sys=0.00s Real=0.01s
[2026-06-17T10:01:35.876+0800][33.503s][info][gc,start       ] GC(1277) Pause Full (Ergonomics)
[2026-06-17T10:01:35.876+0800][33.504s][info][gc,phases,start] GC(1277) Marking Phase
[2026-06-17T10:01:35.878+0800][33.505s][info][gc,phases      ] GC(1277) Marking Phase 1.249ms
[2026-06-17T10:01:35.879+0800][33.506s][info][gc,phases,start] GC(1277) Summary Phase
[2026-06-17T10:01:35.879+0800][33.507s][info][gc,phases      ] GC(1277) Summary Phase 0.237ms
[2026-06-17T10:01:35.879+0800][33.507s][info][gc,phases,start] GC(1277) Adjust Roots
[2026-06-17T10:01:35.879+0800][33.507s][info][gc,phases      ] GC(1277) Adjust Roots 0.422ms
[2026-06-17T10:01:35.880+0800][33.507s][info][gc,phases,start] GC(1277) Compaction Phase
[2026-06-17T10:01:35.882+0800][33.509s][info][gc,phases      ] GC(1277) Compaction Phase 1.932ms
[2026-06-17T10:01:35.883+0800][33.510s][info][gc,phases,start] GC(1277) Post Compact
[2026-06-17T10:01:35.883+0800][33.511s][info][gc,phases      ] GC(1277) Post Compact 0.322ms
[2026-06-17T10:01:35.884+0800][33.511s][info][gc,heap        ] GC(1277) PSYoungGen: 7929K(14336K)->0K(14336K) Eden: 7166K(7168K)->0K(7168K) From: 763K(7168K)->0K(7168K)
[2026-06-17T10:01:35.884+0800][33.512s][info][gc,heap        ] GC(1277) ParOldGen: 40674K(44032K)->31348K(44032K)
[2026-06-17T10:01:35.884+0800][33.512s][info][gc,metaspace   ] GC(1277) Metaspace: 113K(320K)->113K(320K) NonClass: 105K(192K)->105K(192K) Class: 7K(128K)->7K(128K)
[2026-06-17T10:01:35.885+0800][33.512s][info][gc             ] GC(1277) Pause Full (Ergonomics) 47M->30M(57M) 9.171ms
[2026-06-17T10:01:35.885+0800][33.513s][info][gc,cpu         ] GC(1277) User=0.00s Sys=0.00s Real=0.01s
[2026-06-17T10:01:35.906+0800][33.534s][info][gc,start       ] GC(1278) Pause Young (Allocation Failure)
[2026-06-17T10:01:35.907+0800][33.535s][info][gc,heap        ] GC(1278) PSYoungGen: 7164K(14336K)->4170K(14336K) Eden: 7164K(7168K)->0K(7168K) From: 0K(7168K)->4170K(7168K)
[2026-06-17T10:01:35.908+0800][33.536s][info][gc,heap        ] GC(1278) ParOldGen: 31348K(44032K)->31348K(44032K)
[2026-06-17T10:01:35.908+0800][33.536s][info][gc,metaspace   ] GC(1278) Metaspace: 113K(320K)->113K(320K) NonClass: 105K(192K)->105K(192K) Class: 7K(128K)->7K(128K)
[2026-06-17T10:01:35.909+0800][33.536s][info][gc             ] GC(1278) Pause Young (Allocation Failure) 37M->34M(57M) 2.297ms
[2026-06-17T10:01:35.909+0800][33.537s][info][gc,cpu         ] GC(1278) User=0.00s Sys=0.00s Real=0.00s
[2026-06-17T10:01:35.930+0800][33.558s][info][gc,start       ] GC(1279) Pause Young (Allocation Failure)
[2026-06-17T10:01:35.931+0800][33.559s][info][gc,heap        ] GC(1279) PSYoungGen: 11280K(14336K)->3337K(14336K) Eden: 7110K(7168K)->0K(7168K) From: 4170K(7168K)->3337K(7168K)
[2026-06-17T10:01:35.932+0800][33.559s][info][gc,heap        ] GC(1279) ParOldGen: 31348K(44032K)->32411K(44032K)
[2026-06-17T10:01:35.932+0800][33.560s][info][gc,metaspace   ] GC(1279) Metaspace: 113K(320K)->113K(320K) NonClass: 105K(192K)->105K(192K) Class: 7K(128K)->7K(128K)
[2026-06-17T10:01:35.932+0800][33.560s][info][gc             ] GC(1279) Pause Young (Allocation Failure) 41M->34M(57M) 2.150ms
[2026-06-17T10:01:35.933+0800][33.560s][info][gc,cpu         ] GC(1279) User=0.00s Sys=0.00s Real=0.01s
[2026-06-17T10:01:35.944+0800][33.572s][info][gc,start       ] GC(1280) Pause Young (Allocation Failure)
[2026-06-17T10:01:35.945+0800][33.573s][info][gc,heap        ] GC(1280) PSYoungGen: 10273K(14336K)->3574K(14336K) Eden: 6935K(7168K)->0K(7168K) From: 3337K(7168K)->3574K(7168K)
[2026-06-17T10:01:35.947+0800][33.574s][info][gc,heap        ] GC(1280) ParOldGen: 32411K(44032K)->32411K(44032K)
[2026-06-17T10:01:35.947+0800][33.575s][info][gc,metaspace   ] GC(1280) Metaspace: 113K(320K)->113K(320K) NonClass: 105K(192K)->105K(192K) Class: 7K(128K)->7K(128K)
[2026-06-17T10:01:35.948+0800][33.575s][info][gc             ] GC(1280) Pause Young (Allocation Failure) 41M->35M(57M) 3.418ms
[2026-06-17T10:01:35.948+0800][33.576s][info][gc,cpu         ] GC(1280) User=0.01s Sys=0.00s Real=0.00s
[2026-06-17T10:01:35.970+0800][33.597s][info][gc,start       ] GC(1281) Pause Young (Allocation Failure)
[2026-06-17T10:01:35.971+0800][33.598s][info][gc,heap        ] GC(1281) PSYoungGen: 10739K(14336K)->6424K(13824K) Eden: 7164K(7168K)->0K(7168K) From: 3574K(7168K)->6424K(6656K)
[2026-06-17T10:01:35.971+0800][33.599s][info][gc,heap        ] GC(1281) ParOldGen: 32411K(44032K)->33131K(44032K)
[2026-06-17T10:01:35.972+0800][33.599s][info][gc,metaspace   ] GC(1281) Metaspace: 113K(320K)->113K(320K) NonClass: 105K(192K)->105K(192K) Class: 7K(128K)->7K(128K)
[2026-06-17T10:01:35.972+0800][33.600s][info][gc             ] GC(1281) Pause Young (Allocation Failure) 42M->38M(56M) 2.489ms
[2026-06-17T10:01:35.972+0800][33.600s][info][gc,cpu         ] GC(1281) User=0.00s Sys=0.00s Real=0.01s
[2026-06-17T10:01:35.983+0800][33.611s][info][gc,start       ] GC(1282) Pause Young (Allocation Failure)
[2026-06-17T10:01:35.985+0800][33.613s][info][gc,heap        ] GC(1282) PSYoungGen: 13534K(13824K)->3682K(14336K) Eden: 7110K(7168K)->0K(7168K) From: 6424K(6656K)->3682K(7168K)
[2026-06-17T10:01:35.985+0800][33.613s][info][gc,heap        ] GC(1282) ParOldGen: 33131K(44032K)->35929K(44032K)
[2026-06-17T10:01:35.986+0800][33.613s][info][gc,metaspace   ] GC(1282) Metaspace: 113K(320K)->113K(320K) NonClass: 105K(192K)->105K(192K) Class: 7K(128K)->7K(128K)
[2026-06-17T10:01:35.986+0800][33.614s][info][gc             ] GC(1282) Pause Young (Allocation Failure) 45M->38M(57M) 2.772ms
[2026-06-17T10:01:35.986+0800][33.614s][info][gc,cpu         ] GC(1282) User=0.00s Sys=0.00s Real=0.00s
[2026-06-17T10:01:36.008+0800][33.635s][info][gc,start       ] GC(1283) Pause Young (Allocation Failure)
[2026-06-17T10:01:36.009+0800][33.637s][info][gc,heap        ] GC(1283) PSYoungGen: 10846K(14336K)->5257K(14336K) Eden: 7164K(7168K)->0K(7168K) From: 3682K(7168K)->5257K(7168K)
[2026-06-17T10:01:36.009+0800][33.637s][info][gc,heap        ] GC(1283) ParOldGen: 35929K(44032K)->38143K(44032K)
[2026-06-17T10:01:36.010+0800][33.637s][info][gc,metaspace   ] GC(1283) Metaspace: 113K(320K)->113K(320K) NonClass: 105K(192K)->105K(192K) Class: 7K(128K)->7K(128K)
[2026-06-17T10:01:36.010+0800][33.637s][info][gc             ] GC(1283) Pause Young (Allocation Failure) 45M->42M(57M) 2.029ms
[2026-06-17T10:01:36.010+0800][33.638s][info][gc,cpu         ] GC(1283) User=0.00s Sys=0.01s Real=0.00s
[2026-06-17T10:01:36.031+0800][33.659s][info][gc,start       ] GC(1284) Pause Young (Allocation Failure)
[2026-06-17T10:01:36.033+0800][33.660s][info][gc,heap        ] GC(1284) PSYoungGen: 12425K(14336K)->3094K(14336K) Eden: 7168K(7168K)->0K(7168K) From: 5257K(7168K)->3094K(7168K)
[2026-06-17T10:01:36.033+0800][33.661s][info][gc,heap        ] GC(1284) ParOldGen: 38143K(44032K)->40126K(44032K)
[2026-06-17T10:01:36.034+0800][33.661s][info][gc,metaspace   ] GC(1284) Metaspace: 113K(320K)->113K(320K) NonClass: 105K(192K)->105K(192K) Class: 7K(128K)->7K(128K)
[2026-06-17T10:01:36.034+0800][33.662s][info][gc             ] GC(1284) Pause Young (Allocation Failure) 49M->42M(57M) 2.618ms
[2026-06-17T10:01:36.034+0800][33.662s][info][gc,cpu         ] GC(1284) User=0.00s Sys=0.00s Real=0.00s
[2026-06-17T10:01:36.056+0800][33.684s][info][gc,start       ] GC(1285) Pause Young (Allocation Failure)
[2026-06-17T10:01:36.057+0800][33.684s][info][gc,heap        ] GC(1285) PSYoungGen: 10240K(14336K)->689K(14336K) Eden: 7146K(7168K)->0K(7168K) From: 3094K(7168K)->689K(7168K)
[2026-06-17T10:01:36.057+0800][33.685s][info][gc,heap        ] GC(1285) ParOldGen: 40126K(44032K)->42771K(44032K)
[2026-06-17T10:01:36.057+0800][33.685s][info][gc,metaspace   ] GC(1285) Metaspace: 113K(320K)->113K(320K) NonClass: 105K(192K)->105K(192K) Class: 7K(128K)->7K(128K)
[2026-06-17T10:01:36.058+0800][33.686s][info][gc             ] GC(1285) Pause Young (Allocation Failure) 49M->42M(57M) 2.080ms
[2026-06-17T10:01:36.058+0800][33.686s][info][gc,cpu         ] GC(1285) User=0.00s Sys=0.00s Real=0.00s
[2026-06-17T10:01:36.069+0800][33.697s][info][gc,start       ] GC(1286) Pause Full (Ergonomics)
[2026-06-17T10:01:36.070+0800][33.698s][info][gc,phases,start] GC(1286) Marking Phase
[2026-06-17T10:01:36.071+0800][33.699s][info][gc,phases      ] GC(1286) Marking Phase 1.204ms
[2026-06-17T10:01:36.072+0800][33.699s][info][gc,phases,start] GC(1286) Summary Phase
[2026-06-17T10:01:36.072+0800][33.700s][info][gc,phases      ] GC(1286) Summary Phase 0.417ms
[2026-06-17T10:01:36.072+0800][33.700s][info][gc,phases,start] GC(1286) Adjust Roots
[2026-06-17T10:01:36.073+0800][33.700s][info][gc,phases      ] GC(1286) Adjust Roots 0.335ms
[2026-06-17T10:01:36.073+0800][33.701s][info][gc,phases,start] GC(1286) Compaction Phase
[2026-06-17T10:01:36.076+0800][33.704s][info][gc,phases      ] GC(1286) Compaction Phase 2.564ms
[2026-06-17T10:01:36.076+0800][33.704s][info][gc,phases,start] GC(1286) Post Compact
[2026-06-17T10:01:36.077+0800][33.704s][info][gc,phases      ] GC(1286) Post Compact 0.334ms
[2026-06-17T10:01:36.077+0800][33.705s][info][gc,heap        ] GC(1286) PSYoungGen: 7850K(14336K)->0K(14336K) Eden: 7161K(7168K)->0K(7168K) From: 689K(7168K)->0K(7168K)
[2026-06-17T10:01:36.077+0800][33.705s][info][gc,heap        ] GC(1286) ParOldGen: 42771K(44032K)->28644K(44032K)
[2026-06-17T10:01:36.077+0800][33.705s][info][gc,metaspace   ] GC(1286) Metaspace: 113K(320K)->113K(320K) NonClass: 105K(192K)->105K(192K) Class: 7K(128K)->7K(128K)
[2026-06-17T10:01:36.078+0800][33.705s][info][gc             ] GC(1286) Pause Full (Ergonomics) 49M->27M(57M) 8.362ms
[2026-06-17T10:01:36.078+0800][33.706s][info][gc,cpu         ] GC(1286) User=0.01s Sys=0.00s Real=0.01s
[2026-06-17T10:01:36.099+0800][33.727s][info][gc,start       ] GC(1287) Pause Young (Allocation Failure)
[2026-06-17T10:01:36.100+0800][33.728s][info][gc,heap        ] GC(1287) PSYoungGen: 7140K(14336K)->3758K(14336K) Eden: 7140K(7168K)->0K(7168K) From: 0K(7168K)->3758K(7168K)
[2026-06-17T10:01:36.101+0800][33.728s][info][gc,heap        ] GC(1287) ParOldGen: 28644K(44032K)->28644K(44032K)
[2026-06-17T10:01:36.101+0800][33.729s][info][gc,metaspace   ] GC(1287) Metaspace: 113K(320K)->113K(320K) NonClass: 105K(192K)->105K(192K) Class: 7K(128K)->7K(128K)
[2026-06-17T10:01:36.101+0800][33.729s][info][gc             ] GC(1287) Pause Young (Allocation Failure) 34M->31M(57M) 1.883ms
[2026-06-17T10:01:36.101+0800][33.729s][info][gc,cpu         ] GC(1287) User=0.00s Sys=0.00s Real=0.00s
[2026-06-17T10:01:36.123+0800][33.751s][info][gc,start       ] GC(1288) Pause Young (Allocation Failure)
[2026-06-17T10:01:36.124+0800][33.752s][info][gc,heap        ] GC(1288) PSYoungGen: 10906K(14336K)->3974K(14336K) Eden: 7148K(7168K)->0K(7168K) From: 3758K(7168K)->3974K(7168K)
[2026-06-17T10:01:36.125+0800][33.752s][info][gc,heap        ] GC(1288) ParOldGen: 28644K(44032K)->28644K(44032K)
[2026-06-17T10:01:36.125+0800][33.753s][info][gc,metaspace   ] GC(1288) Metaspace: 113K(320K)->113K(320K) NonClass: 105K(192K)->105K(192K) Class: 7K(128K)->7K(128K)
[2026-06-17T10:01:36.126+0800][33.754s][info][gc             ] GC(1288) Pause Young (Allocation Failure) 38M->31M(57M) 3.385ms
[2026-06-17T10:01:36.127+0800][33.754s][info][gc,cpu         ] GC(1288) User=0.00s Sys=0.00s Real=0.00s
[2026-06-17T10:01:36.138+0800][33.765s][info][gc,start       ] GC(1289) Pause Young (Allocation Failure)
[2026-06-17T10:01:36.139+0800][33.766s][info][gc,heap        ] GC(1289) PSYoungGen: 11123K(14336K)->4269K(14336K) Eden: 7149K(7168K)->0K(7168K) From: 3974K(7168K)->4269K(7168K)
[2026-06-17T10:01:36.139+0800][33.767s][info][gc,heap        ] GC(1289) ParOldGen: 28644K(44032K)->28644K(44032K)
[2026-06-17T10:01:36.139+0800][33.767s][info][gc,metaspace   ] GC(1289) Metaspace: 113K(320K)->113K(320K) NonClass: 105K(192K)->105K(192K) Class: 7K(128K)->7K(128K)
[2026-06-17T10:01:36.140+0800][33.768s][info][gc             ] GC(1289) Pause Young (Allocation Failure) 38M->32M(57M) 2.256ms
[2026-06-17T10:01:36.140+0800][33.768s][info][gc,cpu         ] GC(1289) User=0.01s Sys=0.00s Real=0.00s
[2026-06-17T10:01:36.162+0800][33.789s][info][gc,start       ] GC(1290) Pause Young (Allocation Failure)
[2026-06-17T10:01:36.163+0800][33.791s][info][gc,heap        ] GC(1290) PSYoungGen: 11435K(14336K)->7021K(14336K) Eden: 7166K(7168K)->0K(7168K) From: 4269K(7168K)->7021K(7168K)
[2026-06-17T10:01:36.163+0800][33.791s][info][gc,heap        ] GC(1290) ParOldGen: 28644K(44032K)->29731K(44032K)
[2026-06-17T10:01:36.164+0800][33.791s][info][gc,metaspace   ] GC(1290) Metaspace: 113K(320K)->113K(320K) NonClass: 105K(192K)->105K(192K) Class: 7K(128K)->7K(128K)
[2026-06-17T10:01:36.164+0800][33.792s][info][gc             ] GC(1290) Pause Young (Allocation Failure) 39M->35M(57M) 2.316ms
[2026-06-17T10:01:36.164+0800][33.792s][info][gc,cpu         ] GC(1290) User=0.00s Sys=0.00s Real=0.01s
[2026-06-17T10:01:36.186+0800][33.813s][info][gc,start       ] GC(1291) Pause Young (Allocation Failure)
[2026-06-17T10:01:36.187+0800][33.815s][info][gc,heap        ] GC(1291) PSYoungGen: 14146K(14336K)->5456K(14336K) Eden: 7125K(7168K)->0K(7168K) From: 7021K(7168K)->5456K(7168K)
[2026-06-17T10:01:36.187+0800][33.815s][info][gc,heap        ] GC(1291) ParOldGen: 29731K(44032K)->31697K(44032K)
[2026-06-17T10:01:36.188+0800][33.816s][info][gc,metaspace   ] GC(1291) Metaspace: 113K(320K)->113K(320K) NonClass: 105K(192K)->105K(192K) Class: 7K(128K)->7K(128K)
[2026-06-17T10:01:36.188+0800][33.816s][info][gc             ] GC(1291) Pause Young (Allocation Failure) 42M->36M(57M) 2.841ms
[2026-06-17T10:01:36.189+0800][33.817s][info][gc,cpu         ] GC(1291) User=0.00s Sys=0.00s Real=0.00s
[2026-06-17T10:01:36.211+0800][33.838s][info][gc,start       ] GC(1292) Pause Young (Allocation Failure)
[2026-06-17T10:01:36.212+0800][33.839s][info][gc,heap        ] GC(1292) PSYoungGen: 12620K(14336K)->3872K(14336K) Eden: 7164K(7168K)->0K(7168K) From: 5456K(7168K)->3872K(7168K)
[2026-06-17T10:01:36.212+0800][33.840s][info][gc,heap        ] GC(1292) ParOldGen: 31697K(44032K)->33575K(44032K)
[2026-06-17T10:01:36.213+0800][33.841s][info][gc,metaspace   ] GC(1292) Metaspace: 113K(320K)->113K(320K) NonClass: 105K(192K)->105K(192K) Class: 7K(128K)->7K(128K)
[2026-06-17T10:01:36.213+0800][33.841s][info][gc             ] GC(1292) Pause Young (Allocation Failure) 43M->36M(57M) 2.580ms
[2026-06-17T10:01:36.214+0800][33.841s][info][gc,cpu         ] GC(1292) User=0.00s Sys=0.00s Real=0.00s
[2026-06-17T10:01:36.225+0800][33.853s][info][gc,start       ] GC(1293) Pause Young (Allocation Failure)
[2026-06-17T10:01:36.227+0800][33.855s][info][gc,heap        ] GC(1293) PSYoungGen: 10994K(14336K)->4174K(14336K) Eden: 7122K(7168K)->0K(7168K) From: 3872K(7168K)->4174K(7168K)
[2026-06-17T10:01:36.228+0800][33.855s][info][gc,heap        ] GC(1293) ParOldGen: 33575K(44032K)->36775K(44032K)
[2026-06-17T10:01:36.228+0800][33.856s][info][gc,metaspace   ] GC(1293) Metaspace: 113K(320K)->113K(320K) NonClass: 105K(192K)->105K(192K) Class: 7K(128K)->7K(128K)
[2026-06-17T10:01:36.228+0800][33.856s][info][gc             ] GC(1293) Pause Young (Allocation Failure) 43M->39M(57M) 2.977ms
[2026-06-17T10:01:36.229+0800][33.857s][info][gc,cpu         ] GC(1293) User=0.00s Sys=0.00s Real=0.00s
[2026-06-17T10:01:36.250+0800][33.878s][info][gc,start       ] GC(1294) Pause Young (Allocation Failure)
[2026-06-17T10:01:36.253+0800][33.880s][info][gc,heap        ] GC(1294) PSYoungGen: 11329K(14336K)->2377K(14336K) Eden: 7154K(7168K)->0K(7168K) From: 4174K(7168K)->2377K(7168K)
[2026-06-17T10:01:36.253+0800][33.881s][info][gc,heap        ] GC(1294) ParOldGen: 36775K(44032K)->38772K(44032K)
[2026-06-17T10:01:36.254+0800][33.881s][info][gc,metaspace   ] GC(1294) Metaspace: 113K(320K)->113K(320K) NonClass: 105K(192K)->105K(192K) Class: 7K(128K)->7K(128K)
[2026-06-17T10:01:36.254+0800][33.882s][info][gc             ] GC(1294) Pause Young (Allocation Failure) 46M->40M(57M) 3.442ms
[2026-06-17T10:01:36.254+0800][33.882s][info][gc,cpu         ] GC(1294) User=0.01s Sys=0.00s Real=0.01s
[2026-06-17T10:01:36.276+0800][33.903s][info][gc,start       ] GC(1295) Pause Young (Allocation Failure)
[2026-06-17T10:01:36.276+0800][33.904s][info][gc,heap        ] GC(1295) PSYoungGen: 9511K(14336K)->2231K(14336K) Eden: 7133K(7168K)->0K(7168K) From: 2377K(7168K)->2231K(7168K)
[2026-06-17T10:01:36.277+0800][33.904s][info][gc,heap        ] GC(1295) ParOldGen: 38772K(44032K)->38772K(44032K)
[2026-06-17T10:01:36.277+0800][33.905s][info][gc,metaspace   ] GC(1295) Metaspace: 113K(320K)->113K(320K) NonClass: 105K(192K)->105K(192K) Class: 7K(128K)->7K(128K)
[2026-06-17T10:01:36.277+0800][33.905s][info][gc             ] GC(1295) Pause Young (Allocation Failure) 47M->40M(57M) 1.621ms
[2026-06-17T10:01:36.277+0800][33.905s][info][gc,cpu         ] GC(1295) User=0.00s Sys=0.00s Real=0.00s
[2026-06-17T10:01:36.288+0800][33.916s][info][gc,start       ] GC(1296) Pause Young (Allocation Failure)
[2026-06-17T10:01:36.289+0800][33.917s][info][gc,heap        ] GC(1296) PSYoungGen: 9293K(14336K)->2092K(14336K) Eden: 7062K(7168K)->0K(7168K) From: 2231K(7168K)->2092K(7168K)
[2026-06-17T10:01:36.290+0800][33.917s][info][gc,heap        ] GC(1296) ParOldGen: 38772K(44032K)->38772K(44032K)
[2026-06-17T10:01:36.290+0800][33.918s][info][gc,metaspace   ] GC(1296) Metaspace: 113K(320K)->113K(320K) NonClass: 105K(192K)->105K(192K) Class: 7K(128K)->7K(128K)
[2026-06-17T10:01:36.291+0800][33.918s][info][gc             ] GC(1296) Pause Young (Allocation Failure) 46M->39M(57M) 2.144ms
[2026-06-17T10:01:36.291+0800][33.919s][info][gc,cpu         ] GC(1296) User=0.00s Sys=0.00s Real=0.01s
[2026-06-17T10:01:36.312+0800][33.940s][info][gc,start       ] GC(1297) Pause Young (Allocation Failure)
[2026-06-17T10:01:36.313+0800][33.941s][info][gc,heap        ] GC(1297) PSYoungGen: 9237K(14336K)->5731K(14336K) Eden: 7145K(7168K)->0K(7168K) From: 2092K(7168K)->5731K(7168K)
[2026-06-17T10:01:36.314+0800][33.941s][info][gc,heap        ] GC(1297) ParOldGen: 38772K(44032K)->38772K(44032K)
[2026-06-17T10:01:36.314+0800][33.942s][info][gc,metaspace   ] GC(1297) Metaspace: 113K(320K)->113K(320K) NonClass: 105K(192K)->105K(192K) Class: 7K(128K)->7K(128K)
[2026-06-17T10:01:36.315+0800][33.942s][info][gc             ] GC(1297) Pause Young (Allocation Failure) 46M->43M(57M) 2.649ms
[2026-06-17T10:01:36.315+0800][33.943s][info][gc,cpu         ] GC(1297) User=0.00s Sys=0.00s Real=0.00s
[2026-06-17T10:01:36.337+0800][33.965s][info][gc,start       ] GC(1298) Pause Young (Allocation Failure)
[2026-06-17T10:01:36.338+0800][33.966s][info][gc,heap        ] GC(1298) PSYoungGen: 12856K(14336K)->4306K(14336K) Eden: 7124K(7168K)->0K(7168K) From: 5731K(7168K)->4306K(7168K)
[2026-06-17T10:01:36.339+0800][33.967s][info][gc,heap        ] GC(1298) ParOldGen: 38772K(44032K)->40848K(44032K)
[2026-06-17T10:01:36.339+0800][33.967s][info][gc,metaspace   ] GC(1298) Metaspace: 113K(320K)->113K(320K) NonClass: 105K(192K)->105K(192K) Class: 7K(128K)->7K(128K)
[2026-06-17T10:01:36.340+0800][33.968s][info][gc             ] GC(1298) Pause Young (Allocation Failure) 50M->44M(57M) 2.822ms
[2026-06-17T10:01:36.340+0800][33.968s][info][gc,cpu         ] GC(1298) User=0.00s Sys=0.00s Real=0.00s
[2026-06-17T10:01:36.362+0800][33.990s][info][gc,start       ] GC(1299) Pause Full (Ergonomics)
[2026-06-17T10:01:36.362+0800][33.990s][info][gc,phases,start] GC(1299) Marking Phase
[2026-06-17T10:01:36.364+0800][33.992s][info][gc,phases      ] GC(1299) Marking Phase 1.597ms
[2026-06-17T10:01:36.364+0800][33.992s][info][gc,phases,start] GC(1299) Summary Phase
[2026-06-17T10:01:36.365+0800][33.992s][info][gc,phases      ] GC(1299) Summary Phase 0.289ms
[2026-06-17T10:01:36.365+0800][33.993s][info][gc,phases,start] GC(1299) Adjust Roots
[2026-06-17T10:01:36.366+0800][33.993s][info][gc,phases      ] GC(1299) Adjust Roots 0.527ms
[2026-06-17T10:01:36.366+0800][33.994s][info][gc,phases,start] GC(1299) Compaction Phase
[2026-06-17T10:01:36.367+0800][33.995s][info][gc,phases      ] GC(1299) Compaction Phase 1.426ms
[2026-06-17T10:01:36.368+0800][33.996s][info][gc,phases,start] GC(1299) Post Compact
[2026-06-17T10:01:36.368+0800][33.996s][info][gc,phases      ] GC(1299) Post Compact 0.378ms
[2026-06-17T10:01:36.369+0800][33.996s][info][gc,heap        ] GC(1299) PSYoungGen: 11469K(14336K)->0K(14336K) Eden: 7163K(7168K)->0K(7168K) From: 4306K(7168K)->0K(7168K)
[2026-06-17T10:01:36.369+0800][33.996s][info][gc,heap        ] GC(1299) ParOldGen: 40848K(44032K)->20828K(44032K)
[2026-06-17T10:01:36.369+0800][33.997s][info][gc,metaspace   ] GC(1299) Metaspace: 113K(320K)->113K(320K) NonClass: 105K(192K)->105K(192K) Class: 7K(128K)->7K(128K)
[2026-06-17T10:01:36.369+0800][33.997s][info][gc             ] GC(1299) Pause Full (Ergonomics) 51M->20M(57M) 7.325ms
[2026-06-17T10:01:36.370+0800][33.997s][info][gc,cpu         ] GC(1299) User=0.01s Sys=0.00s Real=0.01s
[2026-06-17T10:01:36.381+0800][34.009s][info][gc,start       ] GC(1300) Pause Young (Allocation Failure)
[2026-06-17T10:01:36.382+0800][34.010s][info][gc,heap        ] GC(1300) PSYoungGen: 7161K(14336K)->6981K(14336K) Eden: 7161K(7168K)->0K(7168K) From: 0K(7168K)->6981K(7168K)
[2026-06-17T10:01:36.382+0800][34.010s][info][gc,heap        ] GC(1300) ParOldGen: 20828K(44032K)->21092K(44032K)
[2026-06-17T10:01:36.383+0800][34.010s][info][gc,metaspace   ] GC(1300) Metaspace: 113K(320K)->113K(320K) NonClass: 105K(192K)->105K(192K) Class: 7K(128K)->7K(128K)
[2026-06-17T10:01:36.383+0800][34.011s][info][gc             ] GC(1300) Pause Young (Allocation Failure) 27M->27M(57M) 2.373ms
[2026-06-17T10:01:36.384+0800][34.011s][info][gc,cpu         ] GC(1300) User=0.00s Sys=0.00s Real=0.01s
[2026-06-17T10:01:36.405+0800][34.033s][info][gc,start       ] GC(1301) Pause Young (Allocation Failure)
[2026-06-17T10:01:36.406+0800][34.034s][info][gc,heap        ] GC(1301) PSYoungGen: 14119K(14336K)->2178K(14336K) Eden: 7137K(7168K)->0K(7168K) From: 6981K(7168K)->2178K(7168K)
[2026-06-17T10:01:36.407+0800][34.034s][info][gc,heap        ] GC(1301) ParOldGen: 21092K(44032K)->26085K(44032K)
[2026-06-17T10:01:36.407+0800][34.035s][info][gc,metaspace   ] GC(1301) Metaspace: 113K(320K)->113K(320K) NonClass: 105K(192K)->105K(192K) Class: 7K(128K)->7K(128K)
[2026-06-17T10:01:36.407+0800][34.035s][info][gc             ] GC(1301) Pause Young (Allocation Failure) 34M->27M(57M) 2.424ms
[2026-06-17T10:01:36.408+0800][34.036s][info][gc,cpu         ] GC(1301) User=0.00s Sys=0.00s Real=0.00s
[2026-06-17T10:01:36.419+0800][34.047s][info][gc,start       ] GC(1302) Pause Young (Allocation Failure)
[2026-06-17T10:01:36.420+0800][34.048s][info][gc,heap        ] GC(1302) PSYoungGen: 9342K(14336K)->4937K(14336K) Eden: 7164K(7168K)->0K(7168K) From: 2178K(7168K)->4937K(7168K)
[2026-06-17T10:01:36.421+0800][34.049s][info][gc,heap        ] GC(1302) ParOldGen: 26085K(44032K)->27039K(44032K)
[2026-06-17T10:01:36.421+0800][34.049s][info][gc,metaspace   ] GC(1302) Metaspace: 113K(320K)->113K(320K) NonClass: 105K(192K)->105K(192K) Class: 7K(128K)->7K(128K)
[2026-06-17T10:01:36.421+0800][34.049s][info][gc             ] GC(1302) Pause Young (Allocation Failure) 34M->31M(57M) 2.130ms
[2026-06-17T10:01:36.422+0800][34.050s][info][gc,cpu         ] GC(1302) User=0.00s Sys=0.00s Real=0.00s
[2026-06-17T10:01:36.443+0800][34.071s][info][gc,start       ] GC(1303) Pause Young (Allocation Failure)
[2026-06-17T10:01:36.444+0800][34.072s][info][gc,heap        ] GC(1303) PSYoungGen: 12103K(14336K)->2507K(14336K) Eden: 7165K(7168K)->0K(7168K) From: 4937K(7168K)->2507K(7168K)
[2026-06-17T10:01:36.445+0800][34.073s][info][gc,heap        ] GC(1303) ParOldGen: 27039K(44032K)->29624K(44032K)
[2026-06-17T10:01:36.445+0800][34.073s][info][gc,metaspace   ] GC(1303) Metaspace: 113K(320K)->113K(320K) NonClass: 105K(192K)->105K(192K) Class: 7K(128K)->7K(128K)
[2026-06-17T10:01:36.446+0800][34.074s][info][gc             ] GC(1303) Pause Young (Allocation Failure) 38M->31M(57M) 2.711ms
[2026-06-17T10:01:36.446+0800][34.074s][info][gc,cpu         ] GC(1303) User=0.01s Sys=0.00s Real=0.00s
[2026-06-17T10:01:36.468+0800][34.096s][info][gc,start       ] GC(1304) Pause Young (Allocation Failure)
[2026-06-17T10:01:36.469+0800][34.097s][info][gc,heap        ] GC(1304) PSYoungGen: 9673K(14336K)->3067K(14336K) Eden: 7165K(7168K)->0K(7168K) From: 2507K(7168K)->3067K(7168K)
[2026-06-17T10:01:36.470+0800][34.098s][info][gc,heap        ] GC(1304) ParOldGen: 29624K(44032K)->29624K(44032K)
[2026-06-17T10:01:36.471+0800][34.098s][info][gc,metaspace   ] GC(1304) Metaspace: 113K(320K)->113K(320K) NonClass: 105K(192K)->105K(192K) Class: 7K(128K)->7K(128K)
[2026-06-17T10:01:36.471+0800][34.099s][info][gc             ] GC(1304) Pause Young (Allocation Failure) 38M->31M(57M) 3.139ms
[2026-06-17T10:01:36.471+0800][34.099s][info][gc,cpu         ] GC(1304) User=0.00s Sys=0.00s Real=0.01s
[2026-06-17T10:01:36.482+0800][34.110s][info][gc,start       ] GC(1305) Pause Young (Allocation Failure)
[2026-06-17T10:01:36.483+0800][34.111s][info][gc,heap        ] GC(1305) PSYoungGen: 10208K(14336K)->1578K(14336K) Eden: 7141K(7168K)->0K(7168K) From: 3067K(7168K)->1578K(7168K)
[2026-06-17T10:01:36.483+0800][34.111s][info][gc,heap        ] GC(1305) ParOldGen: 29624K(44032K)->31345K(44032K)
[2026-06-17T10:01:36.484+0800][34.111s][info][gc,metaspace   ] GC(1305) Metaspace: 113K(320K)->113K(320K) NonClass: 105K(192K)->105K(192K) Class: 7K(128K)->7K(128K)
[2026-06-17T10:01:36.484+0800][34.112s][info][gc             ] GC(1305) Pause Young (Allocation Failure) 38M->32M(57M) 2.018ms
[2026-06-17T10:01:36.484+0800][34.112s][info][gc,cpu         ] GC(1305) User=0.00s Sys=0.00s Real=0.01s
[2026-06-17T10:01:36.516+0800][34.143s][info][gc,start       ] GC(1306) Pause Young (Allocation Failure)
[2026-06-17T10:01:36.517+0800][34.144s][info][gc,heap        ] GC(1306) PSYoungGen: 8725K(14336K)->493K(14336K) Eden: 7147K(7168K)->0K(7168K) From: 1578K(7168K)->493K(7168K)
[2026-06-17T10:01:36.517+0800][34.145s][info][gc,heap        ] GC(1306) ParOldGen: 31345K(44032K)->32899K(44032K)
[2026-06-17T10:01:36.517+0800][34.145s][info][gc,metaspace   ] GC(1306) Metaspace: 113K(320K)->113K(320K) NonClass: 105K(192K)->105K(192K) Class: 7K(128K)->7K(128K)
[2026-06-17T10:01:36.518+0800][34.146s][info][gc             ] GC(1306) Pause Young (Allocation Failure) 39M->32M(57M) 2.262ms
[2026-06-17T10:01:36.518+0800][34.146s][info][gc,cpu         ] GC(1306) User=0.00s Sys=0.00s Real=0.00s
[2026-06-17T10:01:36.529+0800][34.157s][info][gc,start       ] GC(1307) Pause Young (Allocation Failure)
[2026-06-17T10:01:36.530+0800][34.158s][info][gc,heap        ] GC(1307) PSYoungGen: 7643K(14336K)->3855K(14336K) Eden: 7150K(7168K)->0K(7168K) From: 493K(7168K)->3855K(7168K)
[2026-06-17T10:01:36.531+0800][34.159s][info][gc,heap        ] GC(1307) ParOldGen: 32899K(44032K)->33171K(44032K)
[2026-06-17T10:01:36.532+0800][34.160s][info][gc,metaspace   ] GC(1307) Metaspace: 113K(320K)->113K(320K) NonClass: 105K(192K)->105K(192K) Class: 7K(128K)->7K(128K)
[2026-06-17T10:01:36.533+0800][34.161s][info][gc             ] GC(1307) Pause Young (Allocation Failure) 39M->36M(57M) 3.616ms
[2026-06-17T10:01:36.533+0800][34.161s][info][gc,cpu         ] GC(1307) User=0.00s Sys=0.00s Real=0.01s
[2026-06-17T10:01:36.555+0800][34.182s][info][gc,start       ] GC(1308) Pause Young (Allocation Failure)
[2026-06-17T10:01:36.556+0800][34.184s][info][gc,heap        ] GC(1308) PSYoungGen: 11016K(14336K)->2478K(14336K) Eden: 7160K(7168K)->0K(7168K) From: 3855K(7168K)->2478K(7168K)
[2026-06-17T10:01:36.556+0800][34.184s][info][gc,heap        ] GC(1308) ParOldGen: 33171K(44032K)->34727K(44032K)
[2026-06-17T10:01:36.557+0800][34.185s][info][gc,metaspace   ] GC(1308) Metaspace: 113K(320K)->113K(320K) NonClass: 105K(192K)->105K(192K) Class: 7K(128K)->7K(128K)
[2026-06-17T10:01:36.557+0800][34.185s][info][gc             ] GC(1308) Pause Young (Allocation Failure) 43M->36M(57M) 2.872ms
[2026-06-17T10:01:36.558+0800][34.186s][info][gc,cpu         ] GC(1308) User=0.00s Sys=0.00s Real=0.00s
[2026-06-17T10:01:36.580+0800][34.207s][info][gc,start       ] GC(1309) Pause Young (Allocation Failure)
[2026-06-17T10:01:36.581+0800][34.209s][info][gc,heap        ] GC(1309) PSYoungGen: 9635K(14336K)->2591K(14336K) Eden: 7157K(7168K)->0K(7168K) From: 2478K(7168K)->2591K(7168K)
[2026-06-17T10:01:36.582+0800][34.209s][info][gc,heap        ] GC(1309) ParOldGen: 34727K(44032K)->34727K(44032K)
[2026-06-17T10:01:36.582+0800][34.210s][info][gc,metaspace   ] GC(1309) Metaspace: 113K(320K)->113K(320K) NonClass: 105K(192K)->105K(192K) Class: 7K(128K)->7K(128K)
[2026-06-17T10:01:36.582+0800][34.210s][info][gc             ] GC(1309) Pause Young (Allocation Failure) 43M->36M(57M) 2.712ms
[2026-06-17T10:01:36.583+0800][34.211s][info][gc,cpu         ] GC(1309) User=0.00s Sys=0.00s Real=0.01s
[2026-06-17T10:01:36.594+0800][34.222s][info][gc,start       ] GC(1310) Pause Young (Allocation Failure)
[2026-06-17T10:01:36.595+0800][34.223s][info][gc,heap        ] GC(1310) PSYoungGen: 9758K(14336K)->2483K(14336K) Eden: 7167K(7168K)->0K(7168K) From: 2591K(7168K)->2483K(7168K)
[2026-06-17T10:01:36.595+0800][34.223s][info][gc,heap        ] GC(1310) ParOldGen: 34727K(44032K)->34727K(44032K)
[2026-06-17T10:01:36.596+0800][34.223s][info][gc,metaspace   ] GC(1310) Metaspace: 113K(320K)->113K(320K) NonClass: 105K(192K)->105K(192K) Class: 7K(128K)->7K(128K)
[2026-06-17T10:01:36.596+0800][34.224s][info][gc             ] GC(1310) Pause Young (Allocation Failure) 43M->36M(57M) 2.063ms
[2026-06-17T10:01:36.597+0800][34.225s][info][gc,cpu         ] GC(1310) User=0.00s Sys=0.00s Real=0.00s
[2026-06-17T10:01:36.618+0800][34.246s][info][gc,start       ] GC(1311) Pause Young (Allocation Failure)
[2026-06-17T10:01:36.619+0800][34.247s][info][gc,heap        ] GC(1311) PSYoungGen: 9648K(14336K)->6303K(14336K) Eden: 7164K(7168K)->0K(7168K) From: 2483K(7168K)->6303K(7168K)
[2026-06-17T10:01:36.619+0800][34.247s][info][gc,heap        ] GC(1311) ParOldGen: 34727K(44032K)->34727K(44032K)
[2026-06-17T10:01:36.620+0800][34.248s][info][gc,metaspace   ] GC(1311) Metaspace: 113K(320K)->113K(320K) NonClass: 105K(192K)->105K(192K) Class: 7K(128K)->7K(128K)
[2026-06-17T10:01:36.620+0800][34.248s][info][gc             ] GC(1311) Pause Young (Allocation Failure) 43M->40M(57M) 2.244ms
[2026-06-17T10:01:36.621+0800][34.248s][info][gc,cpu         ] GC(1311) User=0.00s Sys=0.00s Real=0.00s
[2026-06-17T10:01:36.632+0800][34.260s][info][gc,start       ] GC(1312) Pause Young (Allocation Failure)
[2026-06-17T10:01:36.634+0800][34.262s][info][gc,heap        ] GC(1312) PSYoungGen: 13230K(14336K)->4001K(14336K) Eden: 6927K(7168K)->0K(7168K) From: 6303K(7168K)->4001K(7168K)
[2026-06-17T10:01:36.635+0800][34.263s][info][gc,heap        ] GC(1312) ParOldGen: 34727K(44032K)->37162K(44032K)
[2026-06-17T10:01:36.635+0800][34.263s][info][gc,metaspace   ] GC(1312) Metaspace: 113K(320K)->113K(320K) NonClass: 105K(192K)->105K(192K) Class: 7K(128K)->7K(128K)
[2026-06-17T10:01:36.636+0800][34.264s][info][gc             ] GC(1312) Pause Young (Allocation Failure) 46M->40M(57M) 3.974ms
[2026-06-17T10:01:36.636+0800][34.264s][info][gc,cpu         ] GC(1312) User=0.00s Sys=0.00s Real=0.00s
[2026-06-17T10:01:36.658+0800][34.285s][info][gc,start       ] GC(1313) Pause Young (Allocation Failure)
[2026-06-17T10:01:36.659+0800][34.287s][info][gc,heap        ] GC(1313) PSYoungGen: 11125K(14336K)->3454K(14336K) Eden: 7124K(7168K)->0K(7168K) From: 4001K(7168K)->3454K(7168K)
[2026-06-17T10:01:36.660+0800][34.287s][info][gc,heap        ] GC(1313) ParOldGen: 37162K(44032K)->41139K(44032K)
[2026-06-17T10:01:36.660+0800][34.288s][info][gc,metaspace   ] GC(1313) Metaspace: 113K(320K)->113K(320K) NonClass: 105K(192K)->105K(192K) Class: 7K(128K)->7K(128K)
[2026-06-17T10:01:36.661+0800][34.289s][info][gc             ] GC(1313) Pause Young (Allocation Failure) 47M->43M(57M) 3.327ms
[2026-06-17T10:01:36.661+0800][34.289s][info][gc,cpu         ] GC(1313) User=0.00s Sys=0.00s Real=0.00s
[2026-06-17T10:01:36.683+0800][34.311s][info][gc,start       ] GC(1314) Pause Full (Ergonomics)
[2026-06-17T10:01:36.684+0800][34.312s][info][gc,phases,start] GC(1314) Marking Phase
[2026-06-17T10:01:36.687+0800][34.314s][info][gc,phases      ] GC(1314) Marking Phase 2.643ms
[2026-06-17T10:01:36.687+0800][34.315s][info][gc,phases,start] GC(1314) Summary Phase
[2026-06-17T10:01:36.688+0800][34.316s][info][gc,phases      ] GC(1314) Summary Phase 0.610ms
[2026-06-17T10:01:36.689+0800][34.316s][info][gc,phases,start] GC(1314) Adjust Roots
[2026-06-17T10:01:36.689+0800][34.317s][info][gc,phases      ] GC(1314) Adjust Roots 0.678ms
[2026-06-17T10:01:36.690+0800][34.317s][info][gc,phases,start] GC(1314) Compaction Phase
[2026-06-17T10:01:36.692+0800][34.319s][info][gc,phases      ] GC(1314) Compaction Phase 2.101ms
[2026-06-17T10:01:36.692+0800][34.320s][info][gc,phases,start] GC(1314) Post Compact
[2026-06-17T10:01:36.693+0800][34.320s][info][gc,phases      ] GC(1314) Post Compact 0.391ms
[2026-06-17T10:01:36.693+0800][34.321s][info][gc,heap        ] GC(1314) PSYoungGen: 10614K(14336K)->0K(14336K) Eden: 7159K(7168K)->0K(7168K) From: 3454K(7168K)->0K(7168K)
[2026-06-17T10:01:36.693+0800][34.321s][info][gc,heap        ] GC(1314) ParOldGen: 41139K(44032K)->31215K(44032K)
[2026-06-17T10:01:36.694+0800][34.322s][info][gc,metaspace   ] GC(1314) Metaspace: 113K(320K)->113K(320K) NonClass: 105K(192K)->105K(192K) Class: 7K(128K)->7K(128K)
[2026-06-17T10:01:36.694+0800][34.322s][info][gc             ] GC(1314) Pause Full (Ergonomics) 50M->30M(57M) 11.025ms
[2026-06-17T10:01:36.695+0800][34.322s][info][gc,cpu         ] GC(1314) User=0.01s Sys=0.00s Real=0.01s
[2026-06-17T10:01:36.716+0800][34.344s][info][gc,start       ] GC(1315) Pause Young (Allocation Failure)
[2026-06-17T10:01:36.717+0800][34.345s][info][gc,heap        ] GC(1315) PSYoungGen: 7155K(14336K)->3798K(14336K) Eden: 7155K(7168K)->0K(7168K) From: 0K(7168K)->3798K(7168K)
[2026-06-17T10:01:36.717+0800][34.345s][info][gc,heap        ] GC(1315) ParOldGen: 31215K(44032K)->31215K(44032K)
[2026-06-17T10:01:36.718+0800][34.345s][info][gc,metaspace   ] GC(1315) Metaspace: 113K(320K)->113K(320K) NonClass: 105K(192K)->105K(192K) Class: 7K(128K)->7K(128K)
[2026-06-17T10:01:36.718+0800][34.346s][info][gc             ] GC(1315) Pause Young (Allocation Failure) 37M->34M(57M) 1.931ms
[2026-06-17T10:01:36.718+0800][34.346s][info][gc,cpu         ] GC(1315) User=0.00s Sys=0.00s Real=0.00s
[2026-06-17T10:01:36.729+0800][34.357s][info][gc,start       ] GC(1316) Pause Young (Allocation Failure)
[2026-06-17T10:01:36.730+0800][34.358s][info][gc,heap        ] GC(1316) PSYoungGen: 10950K(14336K)->7126K(14336K) Eden: 7151K(7168K)->0K(7168K) From: 3798K(7168K)->7126K(7168K)
[2026-06-17T10:01:36.730+0800][34.358s][info][gc,heap        ] GC(1316) ParOldGen: 31215K(44032K)->31533K(44032K)
[2026-06-17T10:01:36.731+0800][34.358s][info][gc,metaspace   ] GC(1316) Metaspace: 113K(320K)->113K(320K) NonClass: 105K(192K)->105K(192K) Class: 7K(128K)->7K(128K)
[2026-06-17T10:01:36.731+0800][34.359s][info][gc             ] GC(1316) Pause Young (Allocation Failure) 41M->37M(57M) 2.177ms
[2026-06-17T10:01:36.732+0800][34.359s][info][gc,cpu         ] GC(1316) User=0.00s Sys=0.00s Real=0.01s
[2026-06-17T10:01:36.753+0800][34.381s][info][gc,start       ] GC(1317) Pause Young (Allocation Failure)
[2026-06-17T10:01:36.754+0800][34.382s][info][gc,heap        ] GC(1317) PSYoungGen: 14257K(14336K)->2916K(14336K) Eden: 7131K(7168K)->0K(7168K) From: 7126K(7168K)->2916K(7168K)
[2026-06-17T10:01:36.754+0800][34.382s][info][gc,heap        ] GC(1317) ParOldGen: 31533K(44032K)->35897K(44032K)
[2026-06-17T10:01:36.755+0800][34.382s][info][gc,metaspace   ] GC(1317) Metaspace: 113K(320K)->113K(320K) NonClass: 105K(192K)->105K(192K) Class: 7K(128K)->7K(128K)
[2026-06-17T10:01:36.755+0800][34.383s][info][gc             ] GC(1317) Pause Young (Allocation Failure) 44M->37M(57M) 2.107ms
[2026-06-17T10:01:36.755+0800][34.383s][info][gc,cpu         ] GC(1317) User=0.00s Sys=0.00s Real=0.00s
[2026-06-17T10:01:36.776+0800][34.404s][info][gc,start       ] GC(1318) Pause Young (Allocation Failure)
[2026-06-17T10:01:36.777+0800][34.405s][info][gc,heap        ] GC(1318) PSYoungGen: 10074K(14336K)->3375K(14336K) Eden: 7157K(7168K)->0K(7168K) From: 2916K(7168K)->3375K(7168K)
[2026-06-17T10:01:36.778+0800][34.405s][info][gc,heap        ] GC(1318) ParOldGen: 35897K(44032K)->35897K(44032K)
[2026-06-17T10:01:36.779+0800][34.407s][info][gc,metaspace   ] GC(1318) Metaspace: 113K(320K)->113K(320K) NonClass: 105K(192K)->105K(192K) Class: 7K(128K)->7K(128K)
[2026-06-17T10:01:36.779+0800][34.407s][info][gc             ] GC(1318) Pause Young (Allocation Failure) 44M->38M(57M) 2.861ms
[2026-06-17T10:01:36.780+0800][34.407s][info][gc,cpu         ] GC(1318) User=0.00s Sys=0.00s Real=0.00s
[2026-06-17T10:01:36.801+0800][34.429s][info][gc,start       ] GC(1319) Pause Young (Allocation Failure)
[2026-06-17T10:01:36.802+0800][34.430s][info][gc,heap        ] GC(1319) PSYoungGen: 10512K(14336K)->1911K(14336K) Eden: 7137K(7168K)->0K(7168K) From: 3375K(7168K)->1911K(7168K)
[2026-06-17T10:01:36.804+0800][34.431s][info][gc,heap        ] GC(1319) ParOldGen: 35897K(44032K)->37570K(44032K)
[2026-06-17T10:01:36.804+0800][34.432s][info][gc,metaspace   ] GC(1319) Metaspace: 113K(320K)->113K(320K) NonClass: 105K(192K)->105K(192K) Class: 7K(128K)->7K(128K)
[2026-06-17T10:01:36.804+0800][34.432s][info][gc             ] GC(1319) Pause Young (Allocation Failure) 45M->38M(57M) 3.076ms
[2026-06-17T10:01:36.805+0800][34.432s][info][gc,cpu         ] GC(1319) User=0.01s Sys=0.00s Real=0.01s
[2026-06-17T10:01:36.816+0800][34.444s][info][gc,start       ] GC(1320) Pause Young (Allocation Failure)
[2026-06-17T10:01:36.817+0800][34.444s][info][gc,heap        ] GC(1320) PSYoungGen: 8704K(14336K)->0K(14336K) Eden: 6792K(7168K)->0K(7168K) From: 1911K(7168K)->0K(7168K)
[2026-06-17T10:01:36.817+0800][34.445s][info][gc,heap        ] GC(1320) ParOldGen: 37570K(44032K)->39122K(44032K)
[2026-06-17T10:01:36.818+0800][34.445s][info][gc,metaspace   ] GC(1320) Metaspace: 113K(320K)->113K(320K) NonClass: 105K(192K)->105K(192K) Class: 7K(128K)->7K(128K)
[2026-06-17T10:01:36.818+0800][34.446s][info][gc             ] GC(1320) Pause Young (Allocation Failure) 45M->38M(57M) 2.210ms
[2026-06-17T10:01:36.819+0800][34.446s][info][gc,cpu         ] GC(1320) User=0.00s Sys=0.00s Real=0.00s
[2026-06-17T10:01:36.840+0800][34.468s][info][gc,start       ] GC(1321) Pause Young (Allocation Failure)
[2026-06-17T10:01:36.841+0800][34.469s][info][gc,heap        ] GC(1321) PSYoungGen: 7123K(14336K)->3850K(14336K) Eden: 7123K(7168K)->0K(7168K) From: 0K(7168K)->3850K(7168K)
[2026-06-17T10:01:36.841+0800][34.469s][info][gc,heap        ] GC(1321) ParOldGen: 39122K(44032K)->39122K(44032K)
[2026-06-17T10:01:36.842+0800][34.469s][info][gc,metaspace   ] GC(1321) Metaspace: 113K(320K)->113K(320K) NonClass: 105K(192K)->105K(192K) Class: 7K(128K)->7K(128K)
[2026-06-17T10:01:36.842+0800][34.470s][info][gc             ] GC(1321) Pause Young (Allocation Failure) 45M->41M(57M) 2.005ms
[2026-06-17T10:01:36.842+0800][34.470s][info][gc,cpu         ] GC(1321) User=0.00s Sys=0.00s Real=0.00s
[2026-06-17T10:01:36.864+0800][34.491s][info][gc,start       ] GC(1322) Pause Young (Allocation Failure)
[2026-06-17T10:01:36.865+0800][34.492s][info][gc,heap        ] GC(1322) PSYoungGen: 10965K(14336K)->717K(14336K) Eden: 7115K(7168K)->0K(7168K) From: 3850K(7168K)->717K(7168K)
[2026-06-17T10:01:36.865+0800][34.493s][info][gc,heap        ] GC(1322) ParOldGen: 39122K(44032K)->42372K(44032K)
[2026-06-17T10:01:36.865+0800][34.493s][info][gc,metaspace   ] GC(1322) Metaspace: 113K(320K)->113K(320K) NonClass: 105K(192K)->105K(192K) Class: 7K(128K)->7K(128K)
[2026-06-17T10:01:36.866+0800][34.494s][info][gc             ] GC(1322) Pause Young (Allocation Failure) 48M->42M(57M) 2.068ms
[2026-06-17T10:01:36.866+0800][34.494s][info][gc,cpu         ] GC(1322) User=0.00s Sys=0.00s Real=0.00s
[2026-06-17T10:01:36.877+0800][34.505s][info][gc,start       ] GC(1323) Pause Full (Ergonomics)
[2026-06-17T10:01:36.878+0800][34.505s][info][gc,phases,start] GC(1323) Marking Phase
[2026-06-17T10:01:36.879+0800][34.507s][info][gc,phases      ] GC(1323) Marking Phase 1.449ms
[2026-06-17T10:01:36.880+0800][34.507s][info][gc,phases,start] GC(1323) Summary Phase
[2026-06-17T10:01:36.880+0800][34.508s][info][gc,phases      ] GC(1323) Summary Phase 0.321ms
[2026-06-17T10:01:36.880+0800][34.508s][info][gc,phases,start] GC(1323) Adjust Roots
[2026-06-17T10:01:36.881+0800][34.508s][info][gc,phases      ] GC(1323) Adjust Roots 0.321ms
[2026-06-17T10:01:36.881+0800][34.509s][info][gc,phases,start] GC(1323) Compaction Phase
[2026-06-17T10:01:36.883+0800][34.511s][info][gc,phases      ] GC(1323) Compaction Phase 2.272ms
[2026-06-17T10:01:36.883+0800][34.511s][info][gc,phases,start] GC(1323) Post Compact
[2026-06-17T10:01:36.885+0800][34.513s][info][gc,phases      ] GC(1323) Post Compact 1.961ms
[2026-06-17T10:01:36.886+0800][34.514s][info][gc,heap        ] GC(1323) PSYoungGen: 7880K(14336K)->0K(14336K) Eden: 7163K(7168K)->0K(7168K) From: 717K(7168K)->0K(7168K)
[2026-06-17T10:01:36.886+0800][34.514s][info][gc,heap        ] GC(1323) ParOldGen: 42372K(44032K)->33315K(44032K)
[2026-06-17T10:01:36.886+0800][34.514s][info][gc,metaspace   ] GC(1323) Metaspace: 113K(320K)->113K(320K) NonClass: 105K(192K)->105K(192K) Class: 7K(128K)->7K(128K)
[2026-06-17T10:01:36.887+0800][34.514s][info][gc             ] GC(1323) Pause Full (Ergonomics) 49M->32M(57M) 9.236ms
[2026-06-17T10:01:36.887+0800][34.514s][info][gc,cpu         ] GC(1323) User=0.01s Sys=0.00s Real=0.01s
[2026-06-17T10:01:36.908+0800][34.536s][info][gc,start       ] GC(1324) Pause Young (Allocation Failure)
[2026-06-17T10:01:36.909+0800][34.537s][info][gc,heap        ] GC(1324) PSYoungGen: 7154K(14336K)->3737K(14336K) Eden: 7154K(7168K)->0K(7168K) From: 0K(7168K)->3737K(7168K)
[2026-06-17T10:01:36.909+0800][34.537s][info][gc,heap        ] GC(1324) ParOldGen: 33315K(44032K)->33315K(44032K)
[2026-06-17T10:01:36.910+0800][34.537s][info][gc,metaspace   ] GC(1324) Metaspace: 113K(320K)->113K(320K) NonClass: 105K(192K)->105K(192K) Class: 7K(128K)->7K(128K)
[2026-06-17T10:01:36.910+0800][34.538s][info][gc             ] GC(1324) Pause Young (Allocation Failure) 39M->36M(57M) 2.100ms
[2026-06-17T10:01:36.910+0800][34.538s][info][gc,cpu         ] GC(1324) User=0.00s Sys=0.00s Real=0.00s
[2026-06-17T10:01:36.931+0800][34.559s][info][gc,start       ] GC(1325) Pause Young (Allocation Failure)
[2026-06-17T10:01:36.932+0800][34.560s][info][gc,heap        ] GC(1325) PSYoungGen: 10891K(14336K)->3677K(14336K) Eden: 7153K(7168K)->0K(7168K) From: 3737K(7168K)->3677K(7168K)
[2026-06-17T10:01:36.933+0800][34.560s][info][gc,heap        ] GC(1325) ParOldGen: 33315K(44032K)->33315K(44032K)
[2026-06-17T10:01:36.933+0800][34.561s][info][gc,metaspace   ] GC(1325) Metaspace: 113K(320K)->113K(320K) NonClass: 105K(192K)->105K(192K) Class: 7K(128K)->7K(128K)
[2026-06-17T10:01:36.933+0800][34.561s][info][gc             ] GC(1325) Pause Young (Allocation Failure) 43M->36M(57M) 2.124ms
[2026-06-17T10:01:36.934+0800][34.562s][info][gc,cpu         ] GC(1325) User=0.00s Sys=0.00s Real=0.00s
[2026-06-17T10:01:36.945+0800][34.573s][info][gc,start       ] GC(1326) Pause Young (Allocation Failure)
[2026-06-17T10:01:36.946+0800][34.574s][info][gc,heap        ] GC(1326) PSYoungGen: 10671K(14336K)->3678K(14336K) Eden: 6993K(7168K)->0K(7168K) From: 3677K(7168K)->3678K(7168K)
[2026-06-17T10:01:36.946+0800][34.574s][info][gc,heap        ] GC(1326) ParOldGen: 33315K(44032K)->33315K(44032K)
[2026-06-17T10:01:36.947+0800][34.574s][info][gc,metaspace   ] GC(1326) Metaspace: 113K(320K)->113K(320K) NonClass: 105K(192K)->105K(192K) Class: 7K(128K)->7K(128K)
[2026-06-17T10:01:36.947+0800][34.574s][info][gc             ] GC(1326) Pause Young (Allocation Failure) 42M->36M(57M) 1.756ms
[2026-06-17T10:01:36.947+0800][34.575s][info][gc,cpu         ] GC(1326) User=0.00s Sys=0.00s Real=0.00s
[2026-06-17T10:01:36.968+0800][34.596s][info][gc,start       ] GC(1327) Pause Young (Allocation Failure)
[2026-06-17T10:01:36.970+0800][34.597s][info][gc,heap        ] GC(1327) PSYoungGen: 10809K(14336K)->7120K(14336K) Eden: 7130K(7168K)->0K(7168K) From: 3678K(7168K)->7120K(7168K)
[2026-06-17T10:01:36.970+0800][34.598s][info][gc,heap        ] GC(1327) ParOldGen: 33315K(44032K)->33504K(44032K)
[2026-06-17T10:01:36.971+0800][34.598s][info][gc,metaspace   ] GC(1327) Metaspace: 113K(320K)->113K(320K) NonClass: 105K(192K)->105K(192K) Class: 7K(128K)->7K(128K)
[2026-06-17T10:01:36.971+0800][34.599s][info][gc             ] GC(1327) Pause Young (Allocation Failure) 43M->39M(57M) 2.618ms
[2026-06-17T10:01:36.971+0800][34.599s][info][gc,cpu         ] GC(1327) User=0.00s Sys=0.00s Real=0.01s
[2026-06-17T10:01:36.993+0800][34.621s][info][gc,start       ] GC(1328) Pause Young (Allocation Failure)
[2026-06-17T10:01:36.995+0800][34.622s][info][gc,heap        ] GC(1328) PSYoungGen: 14261K(14336K)->4061K(14336K) Eden: 7141K(7168K)->0K(7168K) From: 7120K(7168K)->4061K(7168K)
[2026-06-17T10:01:36.995+0800][34.623s][info][gc,heap        ] GC(1328) ParOldGen: 33504K(44032K)->36695K(44032K)
[2026-06-17T10:01:36.995+0800][34.623s][info][gc,metaspace   ] GC(1328) Metaspace: 113K(320K)->113K(320K) NonClass: 105K(192K)->105K(192K) Class: 7K(128K)->7K(128K)
[2026-06-17T10:01:36.996+0800][34.624s][info][gc             ] GC(1328) Pause Young (Allocation Failure) 46M->39M(57M) 2.706ms
[2026-06-17T10:01:36.996+0800][34.624s][info][gc,cpu         ] GC(1328) User=0.01s Sys=0.00s Real=0.00s
[2026-06-17T10:01:37.017+0800][34.645s][info][gc,start       ] GC(1329) Pause Young (Allocation Failure)
[2026-06-17T10:01:37.018+0800][34.646s][info][gc,heap        ] GC(1329) PSYoungGen: 11190K(14336K)->2835K(14336K) Eden: 7128K(7168K)->0K(7168K) From: 4061K(7168K)->2835K(7168K)
[2026-06-17T10:01:37.019+0800][34.646s][info][gc,heap        ] GC(1329) ParOldGen: 36695K(44032K)->38436K(44032K)
[2026-06-17T10:01:37.019+0800][34.647s][info][gc,metaspace   ] GC(1329) Metaspace: 113K(320K)->113K(320K) NonClass: 105K(192K)->105K(192K) Class: 7K(128K)->7K(128K)
[2026-06-17T10:01:37.020+0800][34.648s][info][gc             ] GC(1329) Pause Young (Allocation Failure) 46M->40M(57M) 2.428ms
[2026-06-17T10:01:37.020+0800][34.648s][info][gc,cpu         ] GC(1329) User=0.00s Sys=0.00s Real=0.00s
[2026-06-17T10:01:37.032+0800][34.659s][info][gc,start       ] GC(1330) Pause Young (Allocation Failure)
[2026-06-17T10:01:37.033+0800][34.661s][info][gc,heap        ] GC(1330) PSYoungGen: 9963K(14336K)->4870K(14336K) Eden: 7127K(7168K)->0K(7168K) From: 2835K(7168K)->4870K(7168K)
[2026-06-17T10:01:37.034+0800][34.661s][info][gc,heap        ] GC(1330) ParOldGen: 38436K(44032K)->39961K(44032K)
[2026-06-17T10:01:37.034+0800][34.662s][info][gc,metaspace   ] GC(1330) Metaspace: 113K(320K)->113K(320K) NonClass: 105K(192K)->105K(192K) Class: 7K(128K)->7K(128K)
[2026-06-17T10:01:37.035+0800][34.662s][info][gc             ] GC(1330) Pause Young (Allocation Failure) 47M->43M(57M) 2.956ms
[2026-06-17T10:01:37.035+0800][34.663s][info][gc,cpu         ] GC(1330) User=0.00s Sys=0.00s Real=0.00s
[2026-06-17T10:01:37.057+0800][34.684s][info][gc,start       ] GC(1331) Pause Full (Ergonomics)
[2026-06-17T10:01:37.058+0800][34.685s][info][gc,phases,start] GC(1331) Marking Phase
[2026-06-17T10:01:37.059+0800][34.687s][info][gc,phases      ] GC(1331) Marking Phase 1.808ms
[2026-06-17T10:01:37.060+0800][34.688s][info][gc,phases,start] GC(1331) Summary Phase
[2026-06-17T10:01:37.061+0800][34.688s][info][gc,phases      ] GC(1331) Summary Phase 0.604ms
[2026-06-17T10:01:37.061+0800][34.689s][info][gc,phases,start] GC(1331) Adjust Roots
[2026-06-17T10:01:37.061+0800][34.689s][info][gc,phases      ] GC(1331) Adjust Roots 0.454ms
[2026-06-17T10:01:37.062+0800][34.690s][info][gc,phases,start] GC(1331) Compaction Phase
[2026-06-17T10:01:37.064+0800][34.692s][info][gc,phases      ] GC(1331) Compaction Phase 2.123ms
[2026-06-17T10:01:37.065+0800][34.692s][info][gc,phases,start] GC(1331) Post Compact
[2026-06-17T10:01:37.065+0800][34.693s][info][gc,phases      ] GC(1331) Post Compact 0.597ms
[2026-06-17T10:01:37.066+0800][34.693s][info][gc,heap        ] GC(1331) PSYoungGen: 12019K(14336K)->0K(14336K) Eden: 7149K(7168K)->0K(7168K) From: 4870K(7168K)->0K(7168K)
[2026-06-17T10:01:37.066+0800][34.694s][info][gc,heap        ] GC(1331) ParOldGen: 39961K(44032K)->26792K(44032K)
[2026-06-17T10:01:37.066+0800][34.694s][info][gc,metaspace   ] GC(1331) Metaspace: 113K(320K)->113K(320K) NonClass: 105K(192K)->105K(192K) Class: 7K(128K)->7K(128K)
[2026-06-17T10:01:37.067+0800][34.694s][info][gc             ] GC(1331) Pause Full (Ergonomics) 50M->26M(57M) 9.926ms
[2026-06-17T10:01:37.067+0800][34.695s][info][gc,cpu         ] GC(1331) User=0.01s Sys=0.00s Real=0.01s
[2026-06-17T10:01:37.088+0800][34.716s][info][gc,start       ] GC(1332) Pause Young (Allocation Failure)
[2026-06-17T10:01:37.090+0800][34.718s][info][gc,heap        ] GC(1332) PSYoungGen: 7156K(14336K)->3885K(14336K) Eden: 7156K(7168K)->0K(7168K) From: 0K(7168K)->3885K(7168K)
[2026-06-17T10:01:37.091+0800][34.718s][info][gc,heap        ] GC(1332) ParOldGen: 26792K(44032K)->26792K(44032K)
[2026-06-17T10:01:37.091+0800][34.719s][info][gc,metaspace   ] GC(1332) Metaspace: 113K(320K)->113K(320K) NonClass: 105K(192K)->105K(192K) Class: 7K(128K)->7K(128K)
[2026-06-17T10:01:37.092+0800][34.719s][info][gc             ] GC(1332) Pause Young (Allocation Failure) 33M->29M(57M) 3.411ms
[2026-06-17T10:01:37.092+0800][34.720s][info][gc,cpu         ] GC(1332) User=0.00s Sys=0.00s Real=0.01s
[2026-06-17T10:01:37.104+0800][34.731s][info][gc,start       ] GC(1333) Pause Young (Allocation Failure)
[2026-06-17T10:01:37.105+0800][34.733s][info][gc,heap        ] GC(1333) PSYoungGen: 11017K(14336K)->4074K(14336K) Eden: 7131K(7168K)->0K(7168K) From: 3885K(7168K)->4074K(7168K)
[2026-06-17T10:01:37.106+0800][34.734s][info][gc,heap        ] GC(1333) ParOldGen: 26792K(44032K)->26792K(44032K)
[2026-06-17T10:01:37.107+0800][34.734s][info][gc,metaspace   ] GC(1333) Metaspace: 113K(320K)->113K(320K) NonClass: 105K(192K)->105K(192K) Class: 7K(128K)->7K(128K)
[2026-06-17T10:01:37.107+0800][34.735s][info][gc             ] GC(1333) Pause Young (Allocation Failure) 36M->30M(57M) 3.656ms
[2026-06-17T10:01:37.108+0800][34.736s][info][gc,cpu         ] GC(1333) User=0.00s Sys=0.00s Real=0.00s
[2026-06-17T10:01:37.130+0800][34.757s][info][gc,start       ] GC(1334) Pause Young (Allocation Failure)
[2026-06-17T10:01:37.132+0800][34.759s][info][gc,heap        ] GC(1334) PSYoungGen: 11239K(14336K)->4378K(14336K) Eden: 7164K(7168K)->0K(7168K) From: 4074K(7168K)->4378K(7168K)
[2026-06-17T10:01:37.133+0800][34.760s][info][gc,heap        ] GC(1334) ParOldGen: 26792K(44032K)->30215K(44032K)
[2026-06-17T10:01:37.134+0800][34.761s][info][gc,metaspace   ] GC(1334) Metaspace: 113K(320K)->113K(320K) NonClass: 105K(192K)->105K(192K) Class: 7K(128K)->7K(128K)
[2026-06-17T10:01:37.135+0800][34.762s][info][gc             ] GC(1334) Pause Young (Allocation Failure) 37M->33M(57M) 5.085ms
[2026-06-17T10:01:37.136+0800][34.763s][info][gc,cpu         ] GC(1334) User=0.01s Sys=0.00s Real=0.01s
[2026-06-17T10:01:37.158+0800][34.786s][info][gc,start       ] GC(1335) Pause Young (Allocation Failure)
[2026-06-17T10:01:37.160+0800][34.788s][info][gc,heap        ] GC(1335) PSYoungGen: 11509K(14336K)->4074K(14848K) Eden: 7131K(7168K)->0K(7680K) From: 4378K(7168K)->4074K(7168K)
[2026-06-17T10:01:37.161+0800][34.789s][info][gc,heap        ] GC(1335) ParOldGen: 30215K(44032K)->30812K(44032K)
[2026-06-17T10:01:37.162+0800][34.790s][info][gc,metaspace   ] GC(1335) Metaspace: 113K(320K)->113K(320K) NonClass: 105K(192K)->105K(192K) Class: 7K(128K)->7K(128K)
[2026-06-17T10:01:37.163+0800][34.791s][info][gc             ] GC(1335) Pause Young (Allocation Failure) 40M->34M(57M) 5.001ms
[2026-06-17T10:01:37.164+0800][34.792s][info][gc,cpu         ] GC(1335) User=0.00s Sys=0.00s Real=0.01s
[2026-06-17T10:01:37.187+0800][34.814s][info][gc,start       ] GC(1336) Pause Young (Allocation Failure)
[2026-06-17T10:01:37.188+0800][34.816s][info][gc,heap        ] GC(1336) PSYoungGen: 11713K(14848K)->3884K(14336K) Eden: 7638K(7680K)->0K(7680K) From: 4074K(7168K)->3884K(6656K)
[2026-06-17T10:01:37.189+0800][34.817s][info][gc,heap        ] GC(1336) ParOldGen: 30812K(44032K)->31829K(44032K)
[2026-06-17T10:01:37.190+0800][34.817s][info][gc,metaspace   ] GC(1336) Metaspace: 113K(320K)->113K(320K) NonClass: 105K(192K)->105K(192K) Class: 7K(128K)->7K(128K)
[2026-06-17T10:01:37.191+0800][34.818s][info][gc             ] GC(1336) Pause Young (Allocation Failure) 41M->34M(57M) 4.152ms
[2026-06-17T10:01:37.192+0800][34.819s][info][gc,cpu         ] GC(1336) User=0.00s Sys=0.00s Real=0.01s
[2026-06-17T10:01:37.214+0800][34.842s][info][gc,start       ] GC(1337) Pause Young (Allocation Failure)
[2026-06-17T10:01:37.217+0800][34.844s][info][gc,heap        ] GC(1337) PSYoungGen: 11559K(14336K)->4606K(14848K) Eden: 7675K(7680K)->0K(8192K) From: 3884K(6656K)->4606K(6656K)
[2026-06-17T10:01:37.218+0800][34.845s][info][gc,heap        ] GC(1337) ParOldGen: 31829K(44032K)->31829K(44032K)
[2026-06-17T10:01:37.219+0800][34.846s][info][gc,metaspace   ] GC(1337) Metaspace: 113K(320K)->113K(320K) NonClass: 105K(192K)->105K(192K) Class: 7K(128K)->7K(128K)
[2026-06-17T10:01:37.220+0800][34.847s][info][gc             ] GC(1337) Pause Young (Allocation Failure) 42M->35M(57M) 5.145ms
[2026-06-17T10:01:37.220+0800][34.848s][info][gc,cpu         ] GC(1337) User=0.00s Sys=0.00s Real=0.00s
[2026-06-17T10:01:37.233+0800][34.861s][info][gc,start       ] GC(1338) Pause Young (Allocation Failure)
[2026-06-17T10:01:37.235+0800][34.863s][info][gc,heap        ] GC(1338) PSYoungGen: 12697K(14848K)->5653K(14336K) Eden: 8091K(8192K)->0K(8192K) From: 4606K(6656K)->5653K(6144K)
[2026-06-17T10:01:37.236+0800][34.864s][info][gc,heap        ] GC(1338) ParOldGen: 31829K(44032K)->31829K(44032K)
[2026-06-17T10:01:37.237+0800][34.865s][info][gc,metaspace   ] GC(1338) Metaspace: 113K(320K)->113K(320K) NonClass: 105K(192K)->105K(192K) Class: 7K(128K)->7K(128K)
[2026-06-17T10:01:37.238+0800][34.865s][info][gc             ] GC(1338) Pause Young (Allocation Failure) 43M->36M(57M) 4.480ms
[2026-06-17T10:01:37.239+0800][34.866s][info][gc,cpu         ] GC(1338) User=0.00s Sys=0.00s Real=0.00s
[2026-06-17T10:01:37.272+0800][34.899s][info][gc,start       ] GC(1339) Pause Young (Allocation Failure)
[2026-06-17T10:01:37.274+0800][34.902s][info][gc,heap        ] GC(1339) PSYoungGen: 13839K(14336K)->4884K(14336K) Eden: 8186K(8192K)->0K(7168K) From: 5653K(6144K)->4884K(7168K)
[2026-06-17T10:01:37.275+0800][34.903s][info][gc,heap        ] GC(1339) ParOldGen: 31829K(44032K)->33611K(44032K)
[2026-06-17T10:01:37.276+0800][34.903s][info][gc,metaspace   ] GC(1339) Metaspace: 113K(320K)->113K(320K) NonClass: 105K(192K)->105K(192K) Class: 7K(128K)->7K(128K)
[2026-06-17T10:01:37.276+0800][34.904s][info][gc             ] GC(1339) Pause Young (Allocation Failure) 44M->37M(57M) 4.773ms
[2026-06-17T10:01:37.277+0800][34.905s][info][gc,cpu         ] GC(1339) User=0.00s Sys=0.00s Real=0.00s
[2026-06-17T10:01:37.290+0800][34.917s][info][gc,start       ] GC(1340) Pause Young (Allocation Failure)
[2026-06-17T10:01:37.293+0800][34.921s][info][gc,heap        ] GC(1340) PSYoungGen: 12047K(14336K)->7063K(14336K) Eden: 7163K(7168K)->0K(7168K) From: 4884K(7168K)->7063K(7168K)
[2026-06-17T10:01:37.294+0800][34.922s][info][gc,heap        ] GC(1340) ParOldGen: 33611K(44032K)->35002K(44032K)
[2026-06-17T10:01:37.295+0800][34.923s][info][gc,metaspace   ] GC(1340) Metaspace: 113K(320K)->113K(320K) NonClass: 105K(192K)->105K(192K) Class: 7K(128K)->7K(128K)
[2026-06-17T10:01:37.296+0800][34.924s][info][gc             ] GC(1340) Pause Young (Allocation Failure) 44M->41M(57M) 6.366ms
[2026-06-17T10:01:37.297+0800][34.925s][info][gc,cpu         ] GC(1340) User=0.00s Sys=0.00s Real=0.01s
[2026-06-17T10:01:37.319+0800][34.947s][info][gc,start       ] GC(1341) Pause Young (Allocation Failure)
[2026-06-17T10:01:37.322+0800][34.950s][info][gc,heap        ] GC(1341) PSYoungGen: 14227K(14336K)->4771K(14336K) Eden: 7163K(7168K)->0K(7168K) From: 7063K(7168K)->4771K(7168K)
[2026-06-17T10:01:37.323+0800][34.951s][info][gc,heap        ] GC(1341) ParOldGen: 35002K(44032K)->37435K(44032K)
[2026-06-17T10:01:37.324+0800][34.952s][info][gc,metaspace   ] GC(1341) Metaspace: 113K(320K)->113K(320K) NonClass: 105K(192K)->105K(192K) Class: 7K(128K)->7K(128K)
[2026-06-17T10:01:37.325+0800][34.953s][info][gc             ] GC(1341) Pause Young (Allocation Failure) 48M->41M(57M) 5.372ms
[2026-06-17T10:01:37.326+0800][34.954s][info][gc,cpu         ] GC(1341) User=0.01s Sys=0.00s Real=0.01s
[2026-06-17T10:01:37.338+0800][34.966s][info][gc,start       ] GC(1342) Pause Young (Allocation Failure)
[2026-06-17T10:01:37.340+0800][34.968s][info][gc,heap        ] GC(1342) PSYoungGen: 11907K(14336K)->4418K(14336K) Eden: 7136K(7168K)->0K(7168K) From: 4771K(7168K)->4418K(7168K)
[2026-06-17T10:01:37.341+0800][34.969s][info][gc,heap        ] GC(1342) ParOldGen: 37435K(44032K)->41391K(44032K)
[2026-06-17T10:01:37.342+0800][34.970s][info][gc,metaspace   ] GC(1342) Metaspace: 113K(320K)->113K(320K) NonClass: 105K(192K)->105K(192K) Class: 7K(128K)->7K(128K)
[2026-06-17T10:01:37.343+0800][34.971s][info][gc             ] GC(1342) Pause Young (Allocation Failure) 48M->44M(57M) 4.713ms
[2026-06-17T10:01:37.343+0800][34.971s][info][gc,cpu         ] GC(1342) User=0.00s Sys=0.00s Real=0.01s
[2026-06-17T10:01:37.367+0800][34.995s][info][gc,start       ] GC(1343) Pause Full (Ergonomics)
[2026-06-17T10:01:37.368+0800][34.996s][info][gc,phases,start] GC(1343) Marking Phase
[2026-06-17T10:01:37.373+0800][35.001s][info][gc,phases      ] GC(1343) Marking Phase 4.982ms
[2026-06-17T10:01:37.374+0800][35.002s][info][gc,phases,start] GC(1343) Summary Phase
[2026-06-17T10:01:37.375+0800][35.003s][info][gc,phases      ] GC(1343) Summary Phase 0.927ms
[2026-06-17T10:01:37.378+0800][35.006s][info][gc,phases,start] GC(1343) Adjust Roots
[2026-06-17T10:01:37.379+0800][35.007s][info][gc,phases      ] GC(1343) Adjust Roots 1.071ms
[2026-06-17T10:01:37.380+0800][35.008s][info][gc,phases,start] GC(1343) Compaction Phase
[2026-06-17T10:01:37.382+0800][35.010s][info][gc,phases      ] GC(1343) Compaction Phase 2.267ms
[2026-06-17T10:01:37.383+0800][35.011s][info][gc,phases,start] GC(1343) Post Compact
[2026-06-17T10:01:37.384+0800][35.011s][info][gc,phases      ] GC(1343) Post Compact 0.822ms
[2026-06-17T10:01:37.385+0800][35.012s][info][gc,heap        ] GC(1343) PSYoungGen: 11476K(14336K)->0K(14336K) Eden: 7058K(7168K)->0K(7168K) From: 4418K(7168K)->0K(7168K)
[2026-06-17T10:01:37.385+0800][35.013s][info][gc,heap        ] GC(1343) ParOldGen: 41391K(44032K)->21637K(44032K)
[2026-06-17T10:01:37.386+0800][35.013s][info][gc,metaspace   ] GC(1343) Metaspace: 113K(320K)->113K(320K) NonClass: 105K(192K)->105K(192K) Class: 7K(128K)->7K(128K)
[2026-06-17T10:01:37.386+0800][35.014s][info][gc             ] GC(1343) Pause Full (Ergonomics) 51M->21M(57M) 19.101ms
[2026-06-17T10:01:37.386+0800][35.014s][info][gc,cpu         ] GC(1343) User=0.01s Sys=0.01s Real=0.02s
[2026-06-17T10:01:37.408+0800][35.036s][info][gc,start       ] GC(1344) Pause Young (Allocation Failure)
[2026-06-17T10:01:37.411+0800][35.039s][info][gc,heap        ] GC(1344) PSYoungGen: 7163K(14336K)->3282K(14336K) Eden: 7163K(7168K)->0K(7168K) From: 0K(7168K)->3282K(7168K)
[2026-06-17T10:01:37.412+0800][35.040s][info][gc,heap        ] GC(1344) ParOldGen: 21637K(44032K)->21637K(44032K)
[2026-06-17T10:01:37.413+0800][35.041s][info][gc,metaspace   ] GC(1344) Metaspace: 113K(320K)->113K(320K) NonClass: 105K(192K)->105K(192K) Class: 7K(128K)->7K(128K)
[2026-06-17T10:01:37.414+0800][35.042s][info][gc             ] GC(1344) Pause Young (Allocation Failure) 28M->24M(57M) 5.802ms
[2026-06-17T10:01:37.415+0800][35.043s][info][gc,cpu         ] GC(1344) User=0.00s Sys=0.00s Real=0.01s
[2026-06-17T10:01:37.427+0800][35.055s][info][gc,start       ] GC(1345) Pause Young (Allocation Failure)
[2026-06-17T10:01:37.429+0800][35.056s][info][gc,heap        ] GC(1345) PSYoungGen: 10213K(14336K)->1705K(14336K) Eden: 6931K(7168K)->0K(7168K) From: 3282K(7168K)->1705K(7168K)
[2026-06-17T10:01:37.429+0800][35.057s][info][gc,heap        ] GC(1345) ParOldGen: 21637K(44032K)->23183K(44032K)
[2026-06-17T10:01:37.430+0800][35.058s][info][gc,metaspace   ] GC(1345) Metaspace: 113K(320K)->113K(320K) NonClass: 105K(192K)->105K(192K) Class: 7K(128K)->7K(128K)
[2026-06-17T10:01:37.431+0800][35.058s][info][gc             ] GC(1345) Pause Young (Allocation Failure) 31M->24M(57M) 3.450ms
[2026-06-17T10:01:37.431+0800][35.059s][info][gc,cpu         ] GC(1345) User=0.00s Sys=0.00s Real=0.01s
[2026-06-17T10:01:37.453+0800][35.080s][info][gc,start       ] GC(1346) Pause Young (Allocation Failure)
[2026-06-17T10:01:37.455+0800][35.082s][info][gc,heap        ] GC(1346) PSYoungGen: 8830K(14336K)->3667K(14336K) Eden: 7125K(7168K)->0K(7168K) From: 1705K(7168K)->3667K(7168K)
[2026-06-17T10:01:37.455+0800][35.083s][info][gc,heap        ] GC(1346) ParOldGen: 23183K(44032K)->24864K(44032K)
[2026-06-17T10:01:37.455+0800][35.083s][info][gc,metaspace   ] GC(1346) Metaspace: 113K(320K)->113K(320K) NonClass: 105K(192K)->105K(192K) Class: 7K(128K)->7K(128K)
[2026-06-17T10:01:37.456+0800][35.084s][info][gc             ] GC(1346) Pause Young (Allocation Failure) 31M->27M(57M) 3.318ms
[2026-06-17T10:01:37.456+0800][35.084s][info][gc,cpu         ] GC(1346) User=0.00s Sys=0.00s Real=0.00s
[2026-06-17T10:01:37.478+0800][35.106s][info][gc,start       ] GC(1347) Pause Young (Allocation Failure)
[2026-06-17T10:01:37.479+0800][35.107s][info][gc,heap        ] GC(1347) PSYoungGen: 10819K(14336K)->3486K(14336K) Eden: 7152K(7168K)->0K(7168K) From: 3667K(7168K)->3486K(7168K)
[2026-06-17T10:01:37.480+0800][35.107s][info][gc,heap        ] GC(1347) ParOldGen: 24864K(44032K)->25241K(44032K)
[2026-06-17T10:01:37.480+0800][35.108s][info][gc,metaspace   ] GC(1347) Metaspace: 113K(320K)->113K(320K) NonClass: 105K(192K)->105K(192K) Class: 7K(128K)->7K(128K)
[2026-06-17T10:01:37.481+0800][35.108s][info][gc             ] GC(1347) Pause Young (Allocation Failure) 34M->28M(57M) 2.701ms
[2026-06-17T10:01:37.481+0800][35.109s][info][gc,cpu         ] GC(1347) User=0.00s Sys=0.00s Real=0.00s
[2026-06-17T10:01:37.502+0800][35.130s][info][gc,start       ] GC(1348) Pause Young (Allocation Failure)
[2026-06-17T10:01:37.503+0800][35.131s][info][gc,heap        ] GC(1348) PSYoungGen: 10634K(14336K)->1853K(14336K) Eden: 7147K(7168K)->0K(7168K) From: 3486K(7168K)->1853K(7168K)
[2026-06-17T10:01:37.505+0800][35.133s][info][gc,heap        ] GC(1348) ParOldGen: 25241K(44032K)->26994K(44032K)
[2026-06-17T10:01:37.506+0800][35.133s][info][gc,metaspace   ] GC(1348) Metaspace: 113K(320K)->113K(320K) NonClass: 105K(192K)->105K(192K) Class: 7K(128K)->7K(128K)
[2026-06-17T10:01:37.506+0800][35.134s][info][gc             ] GC(1348) Pause Young (Allocation Failure) 35M->28M(57M) 3.685ms
[2026-06-17T10:01:37.506+0800][35.134s][info][gc,cpu         ] GC(1348) User=0.00s Sys=0.00s Real=0.01s
[2026-06-17T10:01:37.528+0800][35.156s][info][gc,start       ] GC(1349) Pause Young (Allocation Failure)
[2026-06-17T10:01:37.529+0800][35.156s][info][gc,heap        ] GC(1349) PSYoungGen: 8993K(14336K)->1748K(14336K) Eden: 7140K(7168K)->0K(7168K) From: 1853K(7168K)->1748K(7168K)
[2026-06-17T10:01:37.529+0800][35.157s][info][gc,heap        ] GC(1349) ParOldGen: 26994K(44032K)->26994K(44032K)
[2026-06-17T10:01:37.530+0800][35.158s][info][gc,metaspace   ] GC(1349) Metaspace: 113K(320K)->113K(320K) NonClass: 105K(192K)->105K(192K) Class: 7K(128K)->7K(128K)
[2026-06-17T10:01:37.533+0800][35.161s][info][gc             ] GC(1349) Pause Young (Allocation Failure) 35M->28M(57M) 5.276ms
[2026-06-17T10:01:37.534+0800][35.162s][info][gc,cpu         ] GC(1349) User=0.00s Sys=0.00s Real=0.01s
[2026-06-17T10:01:37.546+0800][35.174s][info][gc,start       ] GC(1350) Pause Young (Allocation Failure)
[2026-06-17T10:01:37.548+0800][35.176s][info][gc,heap        ] GC(1350) PSYoungGen: 8916K(14336K)->5580K(14336K) Eden: 7167K(7168K)->0K(7168K) From: 1748K(7168K)->5580K(7168K)
[2026-06-17T10:01:37.549+0800][35.177s][info][gc,heap        ] GC(1350) ParOldGen: 26994K(44032K)->26994K(44032K)
[2026-06-17T10:01:37.549+0800][35.177s][info][gc,metaspace   ] GC(1350) Metaspace: 113K(320K)->113K(320K) NonClass: 105K(192K)->105K(192K) Class: 7K(128K)->7K(128K)
[2026-06-17T10:01:37.549+0800][35.177s][info][gc             ] GC(1350) Pause Young (Allocation Failure) 35M->31M(57M) 3.054ms
[2026-06-17T10:01:37.550+0800][35.178s][info][gc,cpu         ] GC(1350) User=0.00s Sys=0.01s Real=0.00s
[2026-06-17T10:01:37.573+0800][35.201s][info][gc,start       ] GC(1351) Pause Young (Allocation Failure)
[2026-06-17T10:01:37.574+0800][35.202s][info][gc,heap        ] GC(1351) PSYoungGen: 12742K(14336K)->4353K(14336K) Eden: 7161K(7168K)->0K(7168K) From: 5580K(7168K)->4353K(7168K)
[2026-06-17T10:01:37.575+0800][35.202s][info][gc,heap        ] GC(1351) ParOldGen: 26994K(44032K)->28514K(44032K)
[2026-06-17T10:01:37.575+0800][35.203s][info][gc,metaspace   ] GC(1351) Metaspace: 113K(320K)->113K(320K) NonClass: 105K(192K)->105K(192K) Class: 7K(128K)->7K(128K)
[2026-06-17T10:01:37.575+0800][35.203s][info][gc             ] GC(1351) Pause Young (Allocation Failure) 38M->32M(57M) 2.450ms
[2026-06-17T10:01:37.576+0800][35.203s][info][gc,cpu         ] GC(1351) User=0.00s Sys=0.00s Real=0.00s
[2026-06-17T10:01:37.587+0800][35.214s][info][gc,start       ] GC(1352) Pause Young (Allocation Failure)
[2026-06-17T10:01:37.587+0800][35.215s][info][gc,heap        ] GC(1352) PSYoungGen: 11440K(14336K)->1588K(14336K) Eden: 7087K(7168K)->0K(7168K) From: 4353K(7168K)->1588K(7168K)
[2026-06-17T10:01:37.588+0800][35.216s][info][gc,heap        ] GC(1352) ParOldGen: 28514K(44032K)->31719K(44032K)
[2026-06-17T10:01:37.588+0800][35.216s][info][gc,metaspace   ] GC(1352) Metaspace: 113K(320K)->113K(320K) NonClass: 105K(192K)->105K(192K) Class: 7K(128K)->7K(128K)
[2026-06-17T10:01:37.589+0800][35.216s][info][gc             ] GC(1352) Pause Young (Allocation Failure) 39M->32M(57M) 1.839ms
[2026-06-17T10:01:37.589+0800][35.216s][info][gc,cpu         ] GC(1352) User=0.00s Sys=0.00s Real=0.00s
[2026-06-17T10:01:37.610+0800][35.238s][info][gc,start       ] GC(1353) Pause Young (Allocation Failure)
[2026-06-17T10:01:37.611+0800][35.239s][info][gc,heap        ] GC(1353) PSYoungGen: 8721K(14336K)->3742K(14336K) Eden: 7133K(7168K)->0K(7168K) From: 1588K(7168K)->3742K(7168K)
[2026-06-17T10:01:37.611+0800][35.239s][info][gc,heap        ] GC(1353) ParOldGen: 31719K(44032K)->33283K(44032K)
[2026-06-17T10:01:37.611+0800][35.239s][info][gc,metaspace   ] GC(1353) Metaspace: 113K(320K)->113K(320K) NonClass: 105K(192K)->105K(192K) Class: 7K(128K)->7K(128K)
[2026-06-17T10:01:37.611+0800][35.239s][info][gc             ] GC(1353) Pause Young (Allocation Failure) 39M->36M(57M) 1.527ms
[2026-06-17T10:01:37.612+0800][35.239s][info][gc,cpu         ] GC(1353) User=0.00s Sys=0.00s Real=0.01s
[2026-06-17T10:01:37.633+0800][35.260s][info][gc,start       ] GC(1354) Pause Young (Allocation Failure)
[2026-06-17T10:01:37.635+0800][35.262s][info][gc,heap        ] GC(1354) PSYoungGen: 10910K(14336K)->3486K(14336K) Eden: 7168K(7168K)->0K(7168K) From: 3742K(7168K)->3486K(7168K)
[2026-06-17T10:01:37.635+0800][35.263s][info][gc,heap        ] GC(1354) ParOldGen: 33283K(44032K)->33283K(44032K)
[2026-06-17T10:01:37.635+0800][35.263s][info][gc,metaspace   ] GC(1354) Metaspace: 113K(320K)->113K(320K) NonClass: 105K(192K)->105K(192K) Class: 7K(128K)->7K(128K)
[2026-06-17T10:01:37.636+0800][35.264s][info][gc             ] GC(1354) Pause Young (Allocation Failure) 43M->35M(57M) 3.165ms
[2026-06-17T10:01:37.636+0800][35.264s][info][gc,cpu         ] GC(1354) User=0.00s Sys=0.00s Real=0.00s
[2026-06-17T10:01:37.657+0800][35.285s][info][gc,start       ] GC(1355) Pause Young (Allocation Failure)
[2026-06-17T10:01:37.658+0800][35.286s][info][gc,heap        ] GC(1355) PSYoungGen: 10638K(14336K)->3654K(14848K) Eden: 7152K(7168K)->0K(8192K) From: 3486K(7168K)->3654K(6656K)
[2026-06-17T10:01:37.659+0800][35.286s][info][gc,heap        ] GC(1355) ParOldGen: 33283K(44032K)->33283K(44032K)
[2026-06-17T10:01:37.659+0800][35.287s][info][gc,metaspace   ] GC(1355) Metaspace: 113K(320K)->113K(320K) NonClass: 105K(192K)->105K(192K) Class: 7K(128K)->7K(128K)
[2026-06-17T10:01:37.659+0800][35.287s][info][gc             ] GC(1355) Pause Young (Allocation Failure) 42M->36M(57M) 1.757ms
[2026-06-17T10:01:37.659+0800][35.287s][info][gc,cpu         ] GC(1355) User=0.01s Sys=0.00s Real=0.00s
[2026-06-17T10:01:37.681+0800][35.308s][info][gc,start       ] GC(1356) Pause Young (Allocation Failure)
[2026-06-17T10:01:37.682+0800][35.309s][info][gc,heap        ] GC(1356) PSYoungGen: 11810K(14848K)->4806K(14848K) Eden: 8155K(8192K)->0K(8192K) From: 3654K(6656K)->4806K(6656K)
[2026-06-17T10:01:37.682+0800][35.310s][info][gc,heap        ] GC(1356) ParOldGen: 33283K(44032K)->33283K(44032K)
[2026-06-17T10:01:37.683+0800][35.310s][info][gc,metaspace   ] GC(1356) Metaspace: 113K(320K)->113K(320K) NonClass: 105K(192K)->105K(192K) Class: 7K(128K)->7K(128K)
[2026-06-17T10:01:37.683+0800][35.310s][info][gc             ] GC(1356) Pause Young (Allocation Failure) 44M->37M(57M) 2.017ms
[2026-06-17T10:01:37.683+0800][35.311s][info][gc,cpu         ] GC(1356) User=0.00s Sys=0.00s Real=0.01s
[2026-06-17T10:01:37.694+0800][35.322s][info][gc,start       ] GC(1357) Pause Young (Allocation Failure)
[2026-06-17T10:01:37.695+0800][35.323s][info][gc,heap        ] GC(1357) PSYoungGen: 12853K(14848K)->5817K(13824K) Eden: 8046K(8192K)->0K(7168K) From: 4806K(6656K)->5817K(6656K)
[2026-06-17T10:01:37.695+0800][35.323s][info][gc,heap        ] GC(1357) ParOldGen: 33283K(44032K)->33283K(44032K)
[2026-06-17T10:01:37.695+0800][35.323s][info][gc,metaspace   ] GC(1357) Metaspace: 113K(320K)->113K(320K) NonClass: 105K(192K)->105K(192K) Class: 7K(128K)->7K(128K)
[2026-06-17T10:01:37.696+0800][35.323s][info][gc             ] GC(1357) Pause Young (Allocation Failure) 45M->38M(56M) 1.706ms
[2026-06-17T10:01:37.696+0800][35.324s][info][gc,cpu         ] GC(1357) User=0.00s Sys=0.00s Real=0.00s
[2026-06-17T10:01:37.717+0800][35.345s][info][gc,start       ] GC(1358) Pause Young (Allocation Failure)
[2026-06-17T10:01:37.719+0800][35.346s][info][gc,heap        ] GC(1358) PSYoungGen: 12951K(13824K)->7154K(14336K) Eden: 7133K(7168K)->0K(7168K) From: 5817K(6656K)->7154K(7168K)
[2026-06-17T10:01:37.719+0800][35.347s][info][gc,heap        ] GC(1358) ParOldGen: 33283K(44032K)->35648K(44032K)
[2026-06-17T10:01:37.719+0800][35.347s][info][gc,metaspace   ] GC(1358) Metaspace: 113K(320K)->113K(320K) NonClass: 105K(192K)->105K(192K) Class: 7K(128K)->7K(128K)
[2026-06-17T10:01:37.720+0800][35.347s][info][gc             ] GC(1358) Pause Young (Allocation Failure) 45M->41M(57M) 2.292ms
[2026-06-17T10:01:37.720+0800][35.348s][info][gc,cpu         ] GC(1358) User=0.00s Sys=0.00s Real=0.00s
[2026-06-17T10:01:37.741+0800][35.369s][info][gc,start       ] GC(1359) Pause Young (Allocation Failure)
[2026-06-17T10:01:37.742+0800][35.370s][info][gc,heap        ] GC(1359) PSYoungGen: 14322K(14336K)->6541K(14336K) Eden: 7168K(7168K)->0K(7168K) From: 7154K(7168K)->6541K(7168K)
[2026-06-17T10:01:37.743+0800][35.370s][info][gc,heap        ] GC(1359) ParOldGen: 35648K(44032K)->36429K(44032K)
[2026-06-17T10:01:37.743+0800][35.371s][info][gc,metaspace   ] GC(1359) Metaspace: 113K(320K)->113K(320K) NonClass: 105K(192K)->105K(192K) Class: 7K(128K)->7K(128K)
[2026-06-17T10:01:37.747+0800][35.374s][info][gc             ] GC(1359) Pause Young (Allocation Failure) 48M->41M(57M) 5.459ms
[2026-06-17T10:01:37.753+0800][35.381s][info][gc,cpu         ] GC(1359) User=0.00s Sys=0.00s Real=0.02s
[2026-06-17T10:01:37.778+0800][35.406s][info][gc,start       ] GC(1360) Pause Young (Allocation Failure)
[2026-06-17T10:01:37.781+0800][35.409s][info][gc,heap        ] GC(1360) PSYoungGen: 13709K(14336K)->5541K(14336K) Eden: 7168K(7168K)->0K(7168K) From: 6541K(7168K)->5541K(7168K)
[2026-06-17T10:01:37.783+0800][35.410s][info][gc,heap        ] GC(1360) ParOldGen: 36429K(44032K)->37911K(44032K)
[2026-06-17T10:01:37.783+0800][35.411s][info][gc,metaspace   ] GC(1360) Metaspace: 113K(320K)->113K(320K) NonClass: 105K(192K)->105K(192K) Class: 7K(128K)->7K(128K)
[2026-06-17T10:01:37.784+0800][35.411s][info][gc             ] GC(1360) Pause Young (Allocation Failure) 48M->42M(57M) 5.707ms
[2026-06-17T10:01:37.784+0800][35.412s][info][gc,cpu         ] GC(1360) User=0.01s Sys=0.00s Real=0.01s
[2026-06-17T10:01:37.796+0800][35.423s][info][gc,start       ] GC(1361) Pause Young (Allocation Failure)
[2026-06-17T10:01:37.797+0800][35.425s][info][gc,heap        ] GC(1361) PSYoungGen: 12666K(14336K)->7032K(14336K) Eden: 7125K(7168K)->0K(7168K) From: 5541K(7168K)->7032K(7168K)
[2026-06-17T10:01:37.797+0800][35.425s][info][gc,heap        ] GC(1361) ParOldGen: 37911K(44032K)->40296K(44032K)
[2026-06-17T10:01:37.798+0800][35.425s][info][gc,metaspace   ] GC(1361) Metaspace: 113K(320K)->113K(320K) NonClass: 105K(192K)->105K(192K) Class: 7K(128K)->7K(128K)
[2026-06-17T10:01:37.798+0800][35.426s][info][gc             ] GC(1361) Pause Young (Allocation Failure) 49M->46M(57M) 2.230ms
[2026-06-17T10:01:37.798+0800][35.426s][info][gc,cpu         ] GC(1361) User=0.00s Sys=0.00s Real=0.00s
[2026-06-17T10:01:37.819+0800][35.447s][info][gc,start       ] GC(1362) Pause Young (Allocation Failure)
[2026-06-17T10:01:37.821+0800][35.448s][info][gc,heap        ] GC(1362) PSYoungGen: 14191K(14336K)->4501K(14336K) Eden: 7158K(7168K)->0K(7168K) From: 7032K(7168K)->4501K(7168K)
[2026-06-17T10:01:37.821+0800][35.449s][info][gc,heap        ] GC(1362) ParOldGen: 40296K(44032K)->42925K(44032K)
[2026-06-17T10:01:37.821+0800][35.449s][info][gc,metaspace   ] GC(1362) Metaspace: 113K(320K)->113K(320K) NonClass: 105K(192K)->105K(192K) Class: 7K(128K)->7K(128K)
[2026-06-17T10:01:37.822+0800][35.449s][info][gc             ] GC(1362) Pause Young (Allocation Failure) 53M->46M(57M) 2.416ms
[2026-06-17T10:01:37.822+0800][35.450s][info][gc,cpu         ] GC(1362) User=0.00s Sys=0.00s Real=0.00s
[2026-06-17T10:01:37.843+0800][35.471s][info][gc,start       ] GC(1363) Pause Full (Ergonomics)
[2026-06-17T10:01:37.844+0800][35.472s][info][gc,phases,start] GC(1363) Marking Phase
[2026-06-17T10:01:37.846+0800][35.473s][info][gc,phases      ] GC(1363) Marking Phase 1.719ms
[2026-06-17T10:01:37.846+0800][35.474s][info][gc,phases,start] GC(1363) Summary Phase
[2026-06-17T10:01:37.847+0800][35.475s][info][gc,phases      ] GC(1363) Summary Phase 0.716ms
[2026-06-17T10:01:37.848+0800][35.475s][info][gc,phases,start] GC(1363) Adjust Roots
[2026-06-17T10:01:37.848+0800][35.476s][info][gc,phases      ] GC(1363) Adjust Roots 0.790ms
[2026-06-17T10:01:37.849+0800][35.477s][info][gc,phases,start] GC(1363) Compaction Phase
[2026-06-17T10:01:37.851+0800][35.479s][info][gc,phases      ] GC(1363) Compaction Phase 2.222ms
[2026-06-17T10:01:37.852+0800][35.480s][info][gc,phases,start] GC(1363) Post Compact
[2026-06-17T10:01:37.853+0800][35.480s][info][gc,phases      ] GC(1363) Post Compact 0.588ms
[2026-06-17T10:01:37.853+0800][35.481s][info][gc,heap        ] GC(1363) PSYoungGen: 11649K(14336K)->0K(14336K) Eden: 7147K(7168K)->0K(7168K) From: 4501K(7168K)->0K(7168K)
[2026-06-17T10:01:37.854+0800][35.482s][info][gc,heap        ] GC(1363) ParOldGen: 42925K(44032K)->29280K(44032K)
[2026-06-17T10:01:37.855+0800][35.482s][info][gc,metaspace   ] GC(1363) Metaspace: 113K(320K)->113K(320K) NonClass: 105K(192K)->105K(192K) Class: 7K(128K)->7K(128K)
[2026-06-17T10:01:37.855+0800][35.483s][info][gc             ] GC(1363) Pause Full (Ergonomics) 53M->28M(57M) 12.109ms
[2026-06-17T10:01:37.856+0800][35.484s][info][gc,cpu         ] GC(1363) User=0.01s Sys=0.00s Real=0.01s
[2026-06-17T10:01:37.867+0800][35.495s][info][gc,start       ] GC(1364) Pause Young (Allocation Failure)
[2026-06-17T10:01:37.869+0800][35.496s][info][gc,heap        ] GC(1364) PSYoungGen: 7096K(14336K)->3278K(14336K) Eden: 7096K(7168K)->0K(7168K) From: 0K(7168K)->3278K(7168K)
[2026-06-17T10:01:37.869+0800][35.497s][info][gc,heap        ] GC(1364) ParOldGen: 29280K(44032K)->29280K(44032K)
[2026-06-17T10:01:37.870+0800][35.497s][info][gc,metaspace   ] GC(1364) Metaspace: 113K(320K)->113K(320K) NonClass: 105K(192K)->105K(192K) Class: 7K(128K)->7K(128K)
[2026-06-17T10:01:37.870+0800][35.498s][info][gc             ] GC(1364) Pause Young (Allocation Failure) 35M->31M(57M) 2.724ms
[2026-06-17T10:01:37.871+0800][35.498s][info][gc,cpu         ] GC(1364) User=0.00s Sys=0.00s Real=0.01s
[2026-06-17T10:01:37.892+0800][35.520s][info][gc,start       ] GC(1365) Pause Young (Allocation Failure)
[2026-06-17T10:01:37.893+0800][35.521s][info][gc,heap        ] GC(1365) PSYoungGen: 10445K(14336K)->3854K(14336K) Eden: 7166K(7168K)->0K(7168K) From: 3278K(7168K)->3854K(7168K)
[2026-06-17T10:01:37.893+0800][35.521s][info][gc,heap        ] GC(1365) ParOldGen: 29280K(44032K)->32520K(44032K)
[2026-06-17T10:01:37.894+0800][35.521s][info][gc,metaspace   ] GC(1365) Metaspace: 113K(320K)->113K(320K) NonClass: 105K(192K)->105K(192K) Class: 7K(128K)->7K(128K)
[2026-06-17T10:01:37.894+0800][35.521s][info][gc             ] GC(1365) Pause Young (Allocation Failure) 38M->35M(57M) 1.793ms
[2026-06-17T10:01:37.894+0800][35.522s][info][gc,cpu         ] GC(1365) User=0.00s Sys=0.00s Real=0.00s
[2026-06-17T10:01:37.915+0800][35.543s][info][gc,start       ] GC(1366) Pause Young (Allocation Failure)
[2026-06-17T10:01:37.916+0800][35.544s][info][gc,heap        ] GC(1366) PSYoungGen: 11017K(14336K)->2737K(14336K) Eden: 7162K(7168K)->0K(7168K) From: 3854K(7168K)->2737K(7168K)
[2026-06-17T10:01:37.916+0800][35.544s][info][gc,heap        ] GC(1366) ParOldGen: 32520K(44032K)->33379K(44032K)
[2026-06-17T10:01:37.916+0800][35.544s][info][gc,metaspace   ] GC(1366) Metaspace: 113K(320K)->113K(320K) NonClass: 105K(192K)->105K(192K) Class: 7K(128K)->7K(128K)
[2026-06-17T10:01:37.916+0800][35.544s][info][gc             ] GC(1366) Pause Young (Allocation Failure) 42M->35M(57M) 1.018ms
[2026-06-17T10:01:37.916+0800][35.544s][info][gc,cpu         ] GC(1366) User=0.00s Sys=0.00s Real=0.00s
[2026-06-17T10:01:37.937+0800][35.565s][info][gc,start       ] GC(1367) Pause Young (Allocation Failure)
[2026-06-17T10:01:37.938+0800][35.566s][info][gc,heap        ] GC(1367) PSYoungGen: 9878K(14336K)->906K(14336K) Eden: 7141K(7168K)->0K(7168K) From: 2737K(7168K)->906K(7168K)
[2026-06-17T10:01:37.939+0800][35.566s][info][gc,heap        ] GC(1367) ParOldGen: 33379K(44032K)->35427K(44032K)
[2026-06-17T10:01:37.939+0800][35.566s][info][gc,metaspace   ] GC(1367) Metaspace: 113K(320K)->113K(320K) NonClass: 105K(192K)->105K(192K) Class: 7K(128K)->7K(128K)
[2026-06-17T10:01:37.939+0800][35.567s][info][gc             ] GC(1367) Pause Young (Allocation Failure) 42M->35M(57M) 1.943ms
[2026-06-17T10:01:37.940+0800][35.568s][info][gc,cpu         ] GC(1367) User=0.00s Sys=0.00s Real=0.00s
[2026-06-17T10:01:37.951+0800][35.579s][info][gc,start       ] GC(1368) Pause Young (Allocation Failure)
[2026-06-17T10:01:37.952+0800][35.580s][info][gc,heap        ] GC(1368) PSYoungGen: 8060K(14336K)->4755K(14336K) Eden: 7154K(7168K)->0K(7168K) From: 906K(7168K)->4755K(7168K)
[2026-06-17T10:01:37.953+0800][35.580s][info][gc,heap        ] GC(1368) ParOldGen: 35427K(44032K)->35427K(44032K)
[2026-06-17T10:01:37.953+0800][35.580s][info][gc,metaspace   ] GC(1368) Metaspace: 113K(320K)->113K(320K) NonClass: 105K(192K)->105K(192K) Class: 7K(128K)->7K(128K)
[2026-06-17T10:01:37.953+0800][35.581s][info][gc             ] GC(1368) Pause Young (Allocation Failure) 42M->39M(57M) 1.947ms
[2026-06-17T10:01:37.953+0800][35.581s][info][gc,cpu         ] GC(1368) User=0.00s Sys=0.00s Real=0.00s
[2026-06-17T10:01:37.974+0800][35.602s][info][gc,start       ] GC(1369) Pause Young (Allocation Failure)
[2026-06-17T10:01:37.976+0800][35.603s][info][gc,heap        ] GC(1369) PSYoungGen: 11867K(14336K)->3042K(14336K) Eden: 7112K(7168K)->0K(7168K) From: 4755K(7168K)->3042K(7168K)
[2026-06-17T10:01:37.976+0800][35.604s][info][gc,heap        ] GC(1369) ParOldGen: 35427K(44032K)->37498K(44032K)
[2026-06-17T10:01:37.976+0800][35.604s][info][gc,metaspace   ] GC(1369) Metaspace: 113K(320K)->113K(320K) NonClass: 105K(192K)->105K(192K) Class: 7K(128K)->7K(128K)
[2026-06-17T10:01:37.976+0800][35.604s][info][gc             ] GC(1369) Pause Young (Allocation Failure) 46M->39M(57M) 2.260ms
[2026-06-17T10:01:37.977+0800][35.605s][info][gc,cpu         ] GC(1369) User=0.01s Sys=0.00s Real=0.00s
[2026-06-17T10:01:37.999+0800][35.626s][info][gc,start       ] GC(1370) Pause Young (Allocation Failure)
[2026-06-17T10:01:38.000+0800][35.628s][info][gc,heap        ] GC(1370) PSYoungGen: 10199K(14336K)->3127K(14336K) Eden: 7157K(7168K)->0K(7168K) From: 3042K(7168K)->3127K(7168K)
[2026-06-17T10:01:38.000+0800][35.628s][info][gc,heap        ] GC(1370) ParOldGen: 37498K(44032K)->37498K(44032K)
[2026-06-17T10:01:38.001+0800][35.629s][info][gc,metaspace   ] GC(1370) Metaspace: 113K(320K)->113K(320K) NonClass: 105K(192K)->105K(192K) Class: 7K(128K)->7K(128K)
[2026-06-17T10:01:38.001+0800][35.629s][info][gc             ] GC(1370) Pause Young (Allocation Failure) 46M->39M(57M) 2.940ms
[2026-06-17T10:01:38.002+0800][35.629s][info][gc,cpu         ] GC(1370) User=0.00s Sys=0.00s Real=0.00s
[2026-06-17T10:01:38.013+0800][35.641s][info][gc,start       ] GC(1371) Pause Young (Allocation Failure)
[2026-06-17T10:01:38.014+0800][35.642s][info][gc,heap        ] GC(1371) PSYoungGen: 10247K(14336K)->32K(14336K) Eden: 7120K(7168K)->0K(7168K) From: 3127K(7168K)->32K(7168K)
[2026-06-17T10:01:38.014+0800][35.642s][info][gc,heap        ] GC(1371) ParOldGen: 37498K(44032K)->40539K(44032K)
[2026-06-17T10:01:38.015+0800][35.642s][info][gc,metaspace   ] GC(1371) Metaspace: 113K(320K)->113K(320K) NonClass: 105K(192K)->105K(192K) Class: 7K(128K)->7K(128K)
[2026-06-17T10:01:38.015+0800][35.643s][info][gc             ] GC(1371) Pause Young (Allocation Failure) 46M->39M(57M) 1.790ms
[2026-06-17T10:01:38.015+0800][35.643s][info][gc,cpu         ] GC(1371) User=0.00s Sys=0.00s Real=0.00s
[2026-06-17T10:01:38.037+0800][35.664s][info][gc,start       ] GC(1372) Pause Full (Ergonomics)
[2026-06-17T10:01:38.037+0800][35.665s][info][gc,phases,start] GC(1372) Marking Phase
[2026-06-17T10:01:38.039+0800][35.667s][info][gc,phases      ] GC(1372) Marking Phase 2.204ms
[2026-06-17T10:01:38.040+0800][35.667s][info][gc,phases,start] GC(1372) Summary Phase
[2026-06-17T10:01:38.040+0800][35.668s][info][gc,phases      ] GC(1372) Summary Phase 0.222ms
[2026-06-17T10:01:38.040+0800][35.668s][info][gc,phases,start] GC(1372) Adjust Roots
[2026-06-17T10:01:38.041+0800][35.668s][info][gc,phases      ] GC(1372) Adjust Roots 0.418ms
[2026-06-17T10:01:38.041+0800][35.668s][info][gc,phases,start] GC(1372) Compaction Phase
[2026-06-17T10:01:38.042+0800][35.670s][info][gc,phases      ] GC(1372) Compaction Phase 1.614ms
[2026-06-17T10:01:38.043+0800][35.670s][info][gc,phases,start] GC(1372) Post Compact
[2026-06-17T10:01:38.043+0800][35.671s][info][gc,phases      ] GC(1372) Post Compact 0.252ms
[2026-06-17T10:01:38.043+0800][35.671s][info][gc,heap        ] GC(1372) PSYoungGen: 7187K(14336K)->0K(14336K) Eden: 7155K(7168K)->0K(7168K) From: 32K(7168K)->0K(7168K)
[2026-06-17T10:01:38.043+0800][35.671s][info][gc,heap        ] GC(1372) ParOldGen: 40539K(44032K)->30782K(44032K)
[2026-06-17T10:01:38.043+0800][35.671s][info][gc,metaspace   ] GC(1372) Metaspace: 113K(320K)->113K(320K) NonClass: 105K(192K)->105K(192K) Class: 7K(128K)->7K(128K)
[2026-06-17T10:01:38.044+0800][35.671s][info][gc             ] GC(1372) Pause Full (Ergonomics) 46M->30M(57M) 7.020ms
[2026-06-17T10:01:38.044+0800][35.672s][info][gc,cpu         ] GC(1372) User=0.01s Sys=0.00s Real=0.01s
[2026-06-17T10:01:38.065+0800][35.693s][info][gc,start       ] GC(1373) Pause Young (Allocation Failure)
[2026-06-17T10:01:38.066+0800][35.694s][info][gc,heap        ] GC(1373) PSYoungGen: 7122K(14336K)->3637K(14336K) Eden: 7122K(7168K)->0K(7168K) From: 0K(7168K)->3637K(7168K)
[2026-06-17T10:01:38.067+0800][35.694s][info][gc,heap        ] GC(1373) ParOldGen: 30782K(44032K)->30782K(44032K)
[2026-06-17T10:01:38.067+0800][35.695s][info][gc,metaspace   ] GC(1373) Metaspace: 113K(320K)->113K(320K) NonClass: 105K(192K)->105K(192K) Class: 7K(128K)->7K(128K)
[2026-06-17T10:01:38.067+0800][35.695s][info][gc             ] GC(1373) Pause Young (Allocation Failure) 37M->33M(57M) 2.099ms
[2026-06-17T10:01:38.067+0800][35.695s][info][gc,cpu         ] GC(1373) User=0.00s Sys=0.00s Real=0.00s
[2026-06-17T10:01:38.089+0800][35.716s][info][gc,start       ] GC(1374) Pause Young (Allocation Failure)
[2026-06-17T10:01:38.090+0800][35.718s][info][gc,heap        ] GC(1374) PSYoungGen: 10785K(14336K)->576K(14336K) Eden: 7147K(7168K)->0K(7168K) From: 3637K(7168K)->576K(7168K)
[2026-06-17T10:01:38.091+0800][35.718s][info][gc,heap        ] GC(1374) ParOldGen: 30782K(44032K)->33851K(44032K)
[2026-06-17T10:01:38.091+0800][35.719s][info][gc,metaspace   ] GC(1374) Metaspace: 113K(320K)->113K(320K) NonClass: 105K(192K)->105K(192K) Class: 7K(128K)->7K(128K)
[2026-06-17T10:01:38.091+0800][35.719s][info][gc             ] GC(1374) Pause Young (Allocation Failure) 40M->33M(57M) 2.580ms
[2026-06-17T10:01:38.092+0800][35.719s][info][gc,cpu         ] GC(1374) User=0.00s Sys=0.00s Real=0.01s
[2026-06-17T10:01:38.103+0800][35.731s][info][gc,start       ] GC(1375) Pause Young (Allocation Failure)
[2026-06-17T10:01:38.104+0800][35.732s][info][gc,heap        ] GC(1375) PSYoungGen: 7690K(14336K)->4438K(14336K) Eden: 7114K(7168K)->0K(7168K) From: 576K(7168K)->4438K(7168K)
[2026-06-17T10:01:38.106+0800][35.734s][info][gc,heap        ] GC(1375) ParOldGen: 33851K(44032K)->33851K(44032K)
[2026-06-17T10:01:38.107+0800][35.735s][info][gc,metaspace   ] GC(1375) Metaspace: 113K(320K)->113K(320K) NonClass: 105K(192K)->105K(192K) Class: 7K(128K)->7K(128K)
[2026-06-17T10:01:38.110+0800][35.737s][info][gc             ] GC(1375) Pause Young (Allocation Failure) 40M->37M(57M) 6.724ms
[2026-06-17T10:01:38.111+0800][35.739s][info][gc,cpu         ] GC(1375) User=0.01s Sys=0.00s Real=0.01s
[2026-06-17T10:01:38.135+0800][35.763s][info][gc,start       ] GC(1376) Pause Young (Allocation Failure)
[2026-06-17T10:01:38.137+0800][35.764s][info][gc,heap        ] GC(1376) PSYoungGen: 11600K(14336K)->2564K(14336K) Eden: 7161K(7168K)->0K(7168K) From: 4438K(7168K)->2564K(7168K)
[2026-06-17T10:01:38.137+0800][35.765s][info][gc,heap        ] GC(1376) ParOldGen: 33851K(44032K)->35951K(44032K)
[2026-06-17T10:01:38.138+0800][35.766s][info][gc,metaspace   ] GC(1376) Metaspace: 113K(320K)->113K(320K) NonClass: 105K(192K)->105K(192K) Class: 7K(128K)->7K(128K)
[2026-06-17T10:01:38.138+0800][35.766s][info][gc             ] GC(1376) Pause Young (Allocation Failure) 44M->37M(57M) 3.390ms
[2026-06-17T10:01:38.139+0800][35.767s][info][gc,cpu         ] GC(1376) User=0.00s Sys=0.00s Real=0.00s
[2026-06-17T10:01:38.161+0800][35.789s][info][gc,start       ] GC(1377) Pause Young (Allocation Failure)
[2026-06-17T10:01:38.162+0800][35.790s][info][gc,heap        ] GC(1377) PSYoungGen: 9688K(14336K)->3369K(14336K) Eden: 7123K(7168K)->0K(7168K) From: 2564K(7168K)->3369K(7168K)
[2026-06-17T10:01:38.163+0800][35.790s][info][gc,heap        ] GC(1377) ParOldGen: 35951K(44032K)->35951K(44032K)
[2026-06-17T10:01:38.163+0800][35.791s][info][gc,metaspace   ] GC(1377) Metaspace: 113K(320K)->113K(320K) NonClass: 105K(192K)->105K(192K) Class: 7K(128K)->7K(128K)
[2026-06-17T10:01:38.164+0800][35.792s][info][gc             ] GC(1377) Pause Young (Allocation Failure) 44M->38M(57M) 2.980ms
[2026-06-17T10:01:38.164+0800][35.792s][info][gc,cpu         ] GC(1377) User=0.00s Sys=0.00s Real=0.01s
[2026-06-17T10:01:38.176+0800][35.804s][info][gc,start       ] GC(1378) Pause Young (Allocation Failure)
[2026-06-17T10:01:38.177+0800][35.805s][info][gc,heap        ] GC(1378) PSYoungGen: 10390K(14336K)->1724K(14336K) Eden: 7021K(7168K)->0K(7168K) From: 3369K(7168K)->1724K(7168K)
[2026-06-17T10:01:38.178+0800][35.805s][info][gc,heap        ] GC(1378) ParOldGen: 35951K(44032K)->37956K(44032K)
[2026-06-17T10:01:38.178+0800][35.806s][info][gc,metaspace   ] GC(1378) Metaspace: 113K(320K)->113K(320K) NonClass: 105K(192K)->105K(192K) Class: 7K(128K)->7K(128K)
[2026-06-17T10:01:38.179+0800][35.806s][info][gc             ] GC(1378) Pause Young (Allocation Failure) 45M->38M(57M) 2.815ms
[2026-06-17T10:01:38.179+0800][35.807s][info][gc,cpu         ] GC(1378) User=0.00s Sys=0.00s Real=0.00s
[2026-06-17T10:01:38.201+0800][35.829s][info][gc,start       ] GC(1379) Pause Young (Allocation Failure)
[2026-06-17T10:01:38.202+0800][35.830s][info][gc,heap        ] GC(1379) PSYoungGen: 8798K(14336K)->155K(14336K) Eden: 7074K(7168K)->0K(7168K) From: 1724K(7168K)->155K(7168K)
[2026-06-17T10:01:38.203+0800][35.831s][info][gc,heap        ] GC(1379) ParOldGen: 37956K(44032K)->39656K(44032K)
[2026-06-17T10:01:38.204+0800][35.832s][info][gc,metaspace   ] GC(1379) Metaspace: 113K(320K)->113K(320K) NonClass: 105K(192K)->105K(192K) Class: 7K(128K)->7K(128K)
[2026-06-17T10:01:38.204+0800][35.832s][info][gc             ] GC(1379) Pause Young (Allocation Failure) 45M->38M(57M) 3.385ms
[2026-06-17T10:01:38.205+0800][35.833s][info][gc,cpu         ] GC(1379) User=0.00s Sys=0.00s Real=0.01s
[2026-06-17T10:01:38.227+0800][35.855s][info][gc,start       ] GC(1380) Pause Young (Allocation Failure)
[2026-06-17T10:01:38.228+0800][35.856s][info][gc,heap        ] GC(1380) PSYoungGen: 7318K(14336K)->3975K(14336K) Eden: 7163K(7168K)->0K(7168K) From: 155K(7168K)->3975K(7168K)
[2026-06-17T10:01:38.229+0800][35.857s][info][gc,heap        ] GC(1380) ParOldGen: 39656K(44032K)->39656K(44032K)
[2026-06-17T10:01:38.232+0800][35.860s][info][gc,metaspace   ] GC(1380) Metaspace: 113K(320K)->113K(320K) NonClass: 105K(192K)->105K(192K) Class: 7K(128K)->7K(128K)
[2026-06-17T10:01:38.234+0800][35.862s][info][gc             ] GC(1380) Pause Young (Allocation Failure) 45M->42M(57M) 6.917ms
[2026-06-17T10:01:38.235+0800][35.863s][info][gc,cpu         ] GC(1380) User=0.00s Sys=0.00s Real=0.01s
[2026-06-17T10:01:38.259+0800][35.887s][info][gc,start       ] GC(1381) Pause Young (Allocation Failure)
[2026-06-17T10:01:38.261+0800][35.888s][info][gc,heap        ] GC(1381) PSYoungGen: 11138K(14336K)->3893K(14336K) Eden: 7163K(7168K)->0K(7168K) From: 3975K(7168K)->3893K(7168K)
[2026-06-17T10:01:38.261+0800][35.889s][info][gc,heap        ] GC(1381) ParOldGen: 39656K(44032K)->39656K(44032K)
[2026-06-17T10:01:38.262+0800][35.889s][info][gc,metaspace   ] GC(1381) Metaspace: 113K(320K)->113K(320K) NonClass: 105K(192K)->105K(192K) Class: 7K(128K)->7K(128K)
[2026-06-17T10:01:38.262+0800][35.890s][info][gc             ] GC(1381) Pause Young (Allocation Failure) 49M->42M(57M) 2.571ms
[2026-06-17T10:01:38.262+0800][35.890s][info][gc,cpu         ] GC(1381) User=0.00s Sys=0.00s Real=0.00s
[2026-06-17T10:01:38.274+0800][35.901s][info][gc,start       ] GC(1382) Pause Young (Allocation Failure)
[2026-06-17T10:01:38.275+0800][35.903s][info][gc,heap        ] GC(1382) PSYoungGen: 11021K(14336K)->7067K(14336K) Eden: 7128K(7168K)->0K(7168K) From: 3893K(7168K)->7067K(7168K)
[2026-06-17T10:01:38.276+0800][35.903s][info][gc,heap        ] GC(1382) ParOldGen: 39656K(44032K)->40049K(44032K)
[2026-06-17T10:01:38.276+0800][35.904s][info][gc,metaspace   ] GC(1382) Metaspace: 113K(320K)->113K(320K) NonClass: 105K(192K)->105K(192K) Class: 7K(128K)->7K(128K)
[2026-06-17T10:01:38.276+0800][35.904s][info][gc             ] GC(1382) Pause Young (Allocation Failure) 49M->46M(57M) 2.894ms
[2026-06-17T10:01:38.277+0800][35.904s][info][gc,cpu         ] GC(1382) User=0.00s Sys=0.00s Real=0.00s
[2026-06-17T10:01:38.299+0800][35.927s][info][gc,start       ] GC(1383) Pause Young (Allocation Failure)
[2026-06-17T10:01:38.302+0800][35.930s][info][gc,heap        ] GC(1383) PSYoungGen: 14224K(14336K)->4456K(14336K) Eden: 7157K(7168K)->0K(7168K) From: 7067K(7168K)->4456K(7168K)
[2026-06-17T10:01:38.303+0800][35.930s][info][gc,heap        ] GC(1383) ParOldGen: 40049K(44032K)->42955K(44032K)
[2026-06-17T10:01:38.303+0800][35.931s][info][gc,metaspace   ] GC(1383) Metaspace: 113K(320K)->113K(320K) NonClass: 105K(192K)->105K(192K) Class: 7K(128K)->7K(128K)
[2026-06-17T10:01:38.304+0800][35.932s][info][gc             ] GC(1383) Pause Young (Allocation Failure) 53M->46M(57M) 5.026ms
[2026-06-17T10:01:38.305+0800][35.932s][info][gc,cpu         ] GC(1383) User=0.01s Sys=0.00s Real=0.01s
[2026-06-17T10:01:38.327+0800][35.954s][info][gc,start       ] GC(1384) Pause Full (Ergonomics)
[2026-06-17T10:01:38.328+0800][35.955s][info][gc,phases,start] GC(1384) Marking Phase
[2026-06-17T10:01:38.331+0800][35.959s][info][gc,phases      ] GC(1384) Marking Phase 3.384ms
[2026-06-17T10:01:38.332+0800][35.959s][info][gc,phases,start] GC(1384) Summary Phase
[2026-06-17T10:01:38.332+0800][35.960s][info][gc,phases      ] GC(1384) Summary Phase 0.425ms
[2026-06-17T10:01:38.333+0800][35.960s][info][gc,phases,start] GC(1384) Adjust Roots
[2026-06-17T10:01:38.333+0800][35.961s][info][gc,phases      ] GC(1384) Adjust Roots 0.710ms
[2026-06-17T10:01:38.334+0800][35.961s][info][gc,phases,start] GC(1384) Compaction Phase
[2026-06-17T10:01:38.337+0800][35.964s][info][gc,phases      ] GC(1384) Compaction Phase 2.922ms
[2026-06-17T10:01:38.337+0800][35.965s][info][gc,phases,start] GC(1384) Post Compact
[2026-06-17T10:01:38.338+0800][35.965s][info][gc,phases      ] GC(1384) Post Compact 0.557ms
[2026-06-17T10:01:38.338+0800][35.966s][info][gc,heap        ] GC(1384) PSYoungGen: 11624K(14336K)->0K(14336K) Eden: 7168K(7168K)->0K(7168K) From: 4456K(7168K)->0K(7168K)
[2026-06-17T10:01:38.338+0800][35.966s][info][gc,heap        ] GC(1384) ParOldGen: 42955K(44032K)->28300K(44032K)
[2026-06-17T10:01:38.339+0800][35.966s][info][gc,metaspace   ] GC(1384) Metaspace: 113K(320K)->113K(320K) NonClass: 105K(192K)->105K(192K) Class: 7K(128K)->7K(128K)
[2026-06-17T10:01:38.339+0800][35.967s][info][gc             ] GC(1384) Pause Full (Ergonomics) 53M->27M(57M) 12.146ms
[2026-06-17T10:01:38.339+0800][35.967s][info][gc,cpu         ] GC(1384) User=0.01s Sys=0.00s Real=0.01s
[2026-06-17T10:01:38.350+0800][35.978s][info][gc,start       ] GC(1385) Pause Young (Allocation Failure)
[2026-06-17T10:01:38.351+0800][35.979s][info][gc,heap        ] GC(1385) PSYoungGen: 6985K(14336K)->3366K(14336K) Eden: 6985K(7168K)->0K(7168K) From: 0K(7168K)->3366K(7168K)
[2026-06-17T10:01:38.352+0800][35.979s][info][gc,heap        ] GC(1385) ParOldGen: 28300K(44032K)->28300K(44032K)
[2026-06-17T10:01:38.352+0800][35.980s][info][gc,metaspace   ] GC(1385) Metaspace: 113K(320K)->113K(320K) NonClass: 105K(192K)->105K(192K) Class: 7K(128K)->7K(128K)
[2026-06-17T10:01:38.352+0800][35.980s][info][gc             ] GC(1385) Pause Young (Allocation Failure) 34M->30M(57M) 1.756ms
[2026-06-17T10:01:38.352+0800][35.980s][info][gc,cpu         ] GC(1385) User=0.00s Sys=0.00s Real=0.01s
[2026-06-17T10:01:38.374+0800][36.002s][info][gc,start       ] GC(1386) Pause Young (Allocation Failure)
[2026-06-17T10:01:38.376+0800][36.004s][info][gc,heap        ] GC(1386) PSYoungGen: 10523K(14336K)->3845K(14336K) Eden: 7157K(7168K)->0K(7168K) From: 3366K(7168K)->3845K(7168K)
[2026-06-17T10:01:38.377+0800][36.004s][info][gc,heap        ] GC(1386) ParOldGen: 28300K(44032K)->31638K(44032K)
[2026-06-17T10:01:38.377+0800][36.005s][info][gc,metaspace   ] GC(1386) Metaspace: 113K(320K)->113K(320K) NonClass: 105K(192K)->105K(192K) Class: 7K(128K)->7K(128K)
[2026-06-17T10:01:38.378+0800][36.005s][info][gc             ] GC(1386) Pause Young (Allocation Failure) 37M->34M(57M) 3.675ms
[2026-06-17T10:01:38.379+0800][36.007s][info][gc,cpu         ] GC(1386) User=0.00s Sys=0.00s Real=0.00s
[2026-06-17T10:01:38.402+0800][36.029s][info][gc,start       ] GC(1387) Pause Young (Allocation Failure)
[2026-06-17T10:01:38.405+0800][36.032s][info][gc,heap        ] GC(1387) PSYoungGen: 11006K(14336K)->2125K(14336K) Eden: 7160K(7168K)->0K(7168K) From: 3845K(7168K)->2125K(7168K)
[2026-06-17T10:01:38.407+0800][36.034s][info][gc,heap        ] GC(1387) ParOldGen: 31638K(44032K)->33270K(44032K)
[2026-06-17T10:01:38.409+0800][36.036s][info][gc,metaspace   ] GC(1387) Metaspace: 113K(320K)->113K(320K) NonClass: 105K(192K)->105K(192K) Class: 7K(128K)->7K(128K)
[2026-06-17T10:01:38.411+0800][36.038s][info][gc             ] GC(1387) Pause Young (Allocation Failure) 41M->34M(57M) 8.908ms
[2026-06-17T10:01:38.415+0800][36.042s][info][gc,cpu         ] GC(1387) User=0.00s Sys=0.00s Real=0.02s
[2026-06-17T10:01:38.438+0800][36.066s][info][gc,start       ] GC(1388) Pause Young (Allocation Failure)
[2026-06-17T10:01:38.440+0800][36.068s][info][gc,heap        ] GC(1388) PSYoungGen: 9282K(14336K)->132K(14336K) Eden: 7157K(7168K)->0K(7168K) From: 2125K(7168K)->132K(7168K)
[2026-06-17T10:01:38.441+0800][36.068s][info][gc,heap        ] GC(1388) ParOldGen: 33270K(44032K)->35194K(44032K)
[2026-06-17T10:01:38.441+0800][36.069s][info][gc,metaspace   ] GC(1388) Metaspace: 113K(320K)->113K(320K) NonClass: 105K(192K)->105K(192K) Class: 7K(128K)->7K(128K)
[2026-06-17T10:01:38.442+0800][36.069s][info][gc             ] GC(1388) Pause Young (Allocation Failure) 41M->34M(57M) 3.800ms
[2026-06-17T10:01:38.442+0800][36.070s][info][gc,cpu         ] GC(1388) User=0.00s Sys=0.00s Real=0.00s
[2026-06-17T10:01:38.454+0800][36.082s][info][gc,start       ] GC(1389) Pause Young (Allocation Failure)
[2026-06-17T10:01:38.455+0800][36.083s][info][gc,heap        ] GC(1389) PSYoungGen: 7274K(14336K)->3937K(14336K) Eden: 7142K(7168K)->0K(7168K) From: 132K(7168K)->3937K(7168K)
[2026-06-17T10:01:38.455+0800][36.083s][info][gc,heap        ] GC(1389) ParOldGen: 35194K(44032K)->35194K(44032K)
[2026-06-17T10:01:38.456+0800][36.083s][info][gc,metaspace   ] GC(1389) Metaspace: 113K(320K)->113K(320K) NonClass: 105K(192K)->105K(192K) Class: 7K(128K)->7K(128K)
[2026-06-17T10:01:38.456+0800][36.084s][info][gc             ] GC(1389) Pause Young (Allocation Failure) 41M->38M(57M) 2.048ms
[2026-06-17T10:01:38.456+0800][36.084s][info][gc,cpu         ] GC(1389) User=0.00s Sys=0.00s Real=0.00s
[2026-06-17T10:01:38.477+0800][36.105s][info][gc,start       ] GC(1390) Pause Young (Allocation Failure)
[2026-06-17T10:01:38.479+0800][36.107s][info][gc,heap        ] GC(1390) PSYoungGen: 11072K(14336K)->2067K(14336K) Eden: 7134K(7168K)->0K(7168K) From: 3937K(7168K)->2067K(7168K)
[2026-06-17T10:01:38.480+0800][36.108s][info][gc,heap        ] GC(1390) ParOldGen: 35194K(44032K)->36906K(44032K)
[2026-06-17T10:01:38.480+0800][36.108s][info][gc,metaspace   ] GC(1390) Metaspace: 113K(320K)->113K(320K) NonClass: 105K(192K)->105K(192K) Class: 7K(128K)->7K(128K)
[2026-06-17T10:01:38.481+0800][36.109s][info][gc             ] GC(1390) Pause Young (Allocation Failure) 45M->38M(57M) 3.526ms
[2026-06-17T10:01:38.481+0800][36.109s][info][gc,cpu         ] GC(1390) User=0.00s Sys=0.00s Real=0.00s
[2026-06-17T10:01:38.493+0800][36.120s][info][gc,start       ] GC(1391) Pause Young (Allocation Failure)
[2026-06-17T10:01:38.495+0800][36.123s][info][gc,heap        ] GC(1391) PSYoungGen: 9203K(14336K)->4414K(14336K) Eden: 7136K(7168K)->0K(7168K) From: 2067K(7168K)->4414K(7168K)
[2026-06-17T10:01:38.498+0800][36.125s][info][gc,heap        ] GC(1391) ParOldGen: 36906K(44032K)->38437K(44032K)
[2026-06-17T10:01:38.499+0800][36.126s][info][gc,metaspace   ] GC(1391) Metaspace: 113K(320K)->113K(320K) NonClass: 105K(192K)->105K(192K) Class: 7K(128K)->7K(128K)
[2026-06-17T10:01:38.499+0800][36.127s][info][gc             ] GC(1391) Pause Young (Allocation Failure) 45M->41M(57M) 6.372ms
[2026-06-17T10:01:38.499+0800][36.127s][info][gc,cpu         ] GC(1391) User=0.01s Sys=0.00s Real=0.00s
[2026-06-17T10:01:38.521+0800][36.149s][info][gc,start       ] GC(1392) Pause Young (Allocation Failure)
[2026-06-17T10:01:38.522+0800][36.149s][info][gc,heap        ] GC(1392) PSYoungGen: 11576K(14336K)->2644K(14336K) Eden: 7161K(7168K)->0K(7168K) From: 4414K(7168K)->2644K(7168K)
[2026-06-17T10:01:38.522+0800][36.150s][info][gc,heap        ] GC(1392) ParOldGen: 38437K(44032K)->40597K(44032K)
[2026-06-17T10:01:38.522+0800][36.150s][info][gc,metaspace   ] GC(1392) Metaspace: 113K(320K)->113K(320K) NonClass: 105K(192K)->105K(192K) Class: 7K(128K)->7K(128K)
[2026-06-17T10:01:38.523+0800][36.150s][info][gc             ] GC(1392) Pause Young (Allocation Failure) 48M->42M(57M) 1.909ms
[2026-06-17T10:01:38.523+0800][36.151s][info][gc,cpu         ] GC(1392) User=0.00s Sys=0.00s Real=0.01s
[2026-06-17T10:01:38.544+0800][36.172s][info][gc,start       ] GC(1393) Pause Full (Ergonomics)
[2026-06-17T10:01:38.545+0800][36.173s][info][gc,phases,start] GC(1393) Marking Phase
[2026-06-17T10:01:38.548+0800][36.175s][info][gc,phases      ] GC(1393) Marking Phase 2.193ms
[2026-06-17T10:01:38.553+0800][36.181s][info][gc,phases,start] GC(1393) Summary Phase
[2026-06-17T10:01:38.553+0800][36.181s][info][gc,phases      ] GC(1393) Summary Phase 0.248ms
[2026-06-17T10:01:38.554+0800][36.181s][info][gc,phases,start] GC(1393) Adjust Roots
[2026-06-17T10:01:38.554+0800][36.182s][info][gc,phases      ] GC(1393) Adjust Roots 0.475ms
[2026-06-17T10:01:38.555+0800][36.182s][info][gc,phases,start] GC(1393) Compaction Phase
[2026-06-17T10:01:38.556+0800][36.184s][info][gc,phases      ] GC(1393) Compaction Phase 1.899ms
[2026-06-17T10:01:38.573+0800][36.201s][info][gc,phases,start] GC(1393) Post Compact
[2026-06-17T10:01:38.587+0800][36.215s][info][gc,phases      ] GC(1393) Post Compact 13.676ms
[2026-06-17T10:01:38.588+0800][36.215s][info][gc,heap        ] GC(1393) PSYoungGen: 9807K(14336K)->0K(14336K) Eden: 7163K(7168K)->0K(7168K) From: 2644K(7168K)->0K(7168K)
[2026-06-17T10:01:38.588+0800][36.215s][info][gc,heap        ] GC(1393) ParOldGen: 40597K(44032K)->29956K(44032K)
[2026-06-17T10:01:38.588+0800][36.216s][info][gc,metaspace   ] GC(1393) Metaspace: 113K(320K)->113K(320K) NonClass: 105K(192K)->105K(192K) Class: 7K(128K)->7K(128K)
[2026-06-17T10:01:38.588+0800][36.216s][info][gc             ] GC(1393) Pause Full (Ergonomics) 49M->29M(57M) 43.786ms
[2026-06-17T10:01:38.588+0800][36.216s][info][gc,cpu         ] GC(1393) User=0.00s Sys=0.00s Real=0.04s
[2026-06-17T10:01:38.599+0800][36.227s][info][gc,start       ] GC(1394) Pause Young (Allocation Failure)
[2026-06-17T10:01:38.600+0800][36.228s][info][gc,heap        ] GC(1394) PSYoungGen: 7055K(14336K)->3721K(14336K) Eden: 7055K(7168K)->0K(7168K) From: 0K(7168K)->3721K(7168K)
[2026-06-17T10:01:38.600+0800][36.228s][info][gc,heap        ] GC(1394) ParOldGen: 29956K(44032K)->29956K(44032K)
[2026-06-17T10:01:38.600+0800][36.228s][info][gc,metaspace   ] GC(1394) Metaspace: 113K(320K)->113K(320K) NonClass: 105K(192K)->105K(192K) Class: 7K(128K)->7K(128K)
[2026-06-17T10:01:38.600+0800][36.228s][info][gc             ] GC(1394) Pause Young (Allocation Failure) 36M->32M(57M) 1.338ms
[2026-06-17T10:01:38.601+0800][36.228s][info][gc,cpu         ] GC(1394) User=0.00s Sys=0.00s Real=0.00s
[2026-06-17T10:01:38.622+0800][36.249s][info][gc,start       ] GC(1395) Pause Young (Allocation Failure)
[2026-06-17T10:01:38.623+0800][36.250s][info][gc,heap        ] GC(1395) PSYoungGen: 10852K(14336K)->7099K(14336K) Eden: 7130K(7168K)->0K(7168K) From: 3721K(7168K)->7099K(7168K)
[2026-06-17T10:01:38.623+0800][36.251s][info][gc,heap        ] GC(1395) ParOldGen: 29956K(44032K)->30303K(44032K)
[2026-06-17T10:01:38.623+0800][36.251s][info][gc,metaspace   ] GC(1395) Metaspace: 113K(320K)->113K(320K) NonClass: 105K(192K)->105K(192K) Class: 7K(128K)->7K(128K)
[2026-06-17T10:01:38.623+0800][36.251s][info][gc             ] GC(1395) Pause Young (Allocation Failure) 39M->36M(57M) 1.653ms
[2026-06-17T10:01:38.623+0800][36.251s][info][gc,cpu         ] GC(1395) User=0.00s Sys=0.00s Real=0.01s
[2026-06-17T10:01:38.645+0800][36.272s][info][gc,start       ] GC(1396) Pause Young (Allocation Failure)
[2026-06-17T10:01:38.646+0800][36.274s][info][gc,heap        ] GC(1396) PSYoungGen: 14267K(14336K)->3091K(14336K) Eden: 7168K(7168K)->0K(7168K) From: 7099K(7168K)->3091K(7168K)
[2026-06-17T10:01:38.646+0800][36.274s][info][gc,heap        ] GC(1396) ParOldGen: 30303K(44032K)->34578K(44032K)
[2026-06-17T10:01:38.647+0800][36.274s][info][gc,metaspace   ] GC(1396) Metaspace: 113K(320K)->113K(320K) NonClass: 105K(192K)->105K(192K) Class: 7K(128K)->7K(128K)
[2026-06-17T10:01:38.647+0800][36.275s][info][gc             ] GC(1396) Pause Young (Allocation Failure) 43M->36M(57M) 2.655ms
[2026-06-17T10:01:38.648+0800][36.275s][info][gc,cpu         ] GC(1396) User=0.00s Sys=0.00s Real=0.00s
[2026-06-17T10:01:38.669+0800][36.297s][info][gc,start       ] GC(1397) Pause Young (Allocation Failure)
[2026-06-17T10:01:38.670+0800][36.298s][info][gc,heap        ] GC(1397) PSYoungGen: 10258K(14336K)->1360K(14336K) Eden: 7166K(7168K)->0K(7168K) From: 3091K(7168K)->1360K(7168K)
[2026-06-17T10:01:38.671+0800][36.298s][info][gc,heap        ] GC(1397) ParOldGen: 34578K(44032K)->36421K(44032K)
[2026-06-17T10:01:38.671+0800][36.299s][info][gc,metaspace   ] GC(1397) Metaspace: 113K(320K)->113K(320K) NonClass: 105K(192K)->105K(192K) Class: 7K(128K)->7K(128K)
[2026-06-17T10:01:38.671+0800][36.299s][info][gc             ] GC(1397) Pause Young (Allocation Failure) 43M->36M(57M) 2.270ms
[2026-06-17T10:01:38.672+0800][36.299s][info][gc,cpu         ] GC(1397) User=0.00s Sys=0.00s Real=0.01s
[2026-06-17T10:01:38.683+0800][36.311s][info][gc,start       ] GC(1398) Pause Young (Allocation Failure)
[2026-06-17T10:01:38.685+0800][36.312s][info][gc,heap        ] GC(1398) PSYoungGen: 8510K(14336K)->4841K(14336K) Eden: 7149K(7168K)->0K(7168K) From: 1360K(7168K)->4841K(7168K)
[2026-06-17T10:01:38.685+0800][36.313s][info][gc,heap        ] GC(1398) ParOldGen: 36421K(44032K)->36421K(44032K)
[2026-06-17T10:01:38.685+0800][36.313s][info][gc,metaspace   ] GC(1398) Metaspace: 113K(320K)->113K(320K) NonClass: 105K(192K)->105K(192K) Class: 7K(128K)->7K(128K)
[2026-06-17T10:01:38.686+0800][36.314s][info][gc             ] GC(1398) Pause Young (Allocation Failure) 43M->40M(57M) 2.735ms
[2026-06-17T10:01:38.686+0800][36.314s][info][gc,cpu         ] GC(1398) User=0.00s Sys=0.00s Real=0.00s
[2026-06-17T10:01:38.708+0800][36.335s][info][gc,start       ] GC(1399) Pause Young (Allocation Failure)
[2026-06-17T10:01:38.709+0800][36.337s][info][gc,heap        ] GC(1399) PSYoungGen: 11991K(14336K)->32K(14336K) Eden: 7150K(7168K)->0K(7168K) From: 4841K(7168K)->32K(7168K)
[2026-06-17T10:01:38.709+0800][36.337s][info][gc,heap        ] GC(1399) ParOldGen: 36421K(44032K)->38518K(44032K)
[2026-06-17T10:01:38.710+0800][36.337s][info][gc,metaspace   ] GC(1399) Metaspace: 113K(320K)->113K(320K) NonClass: 105K(192K)->105K(192K) Class: 7K(128K)->7K(128K)
[2026-06-17T10:01:38.710+0800][36.338s][info][gc             ] GC(1399) Pause Young (Allocation Failure) 47M->37M(57M) 2.556ms
[2026-06-17T10:01:38.711+0800][36.338s][info][gc,cpu         ] GC(1399) User=0.00s Sys=0.00s Real=0.01s
[2026-06-17T10:01:38.733+0800][36.361s][info][gc,start       ] GC(1400) Pause Young (Allocation Failure)
[2026-06-17T10:01:38.734+0800][36.362s][info][gc,heap        ] GC(1400) PSYoungGen: 7166K(14336K)->3595K(14336K) Eden: 7134K(7168K)->0K(7168K) From: 32K(7168K)->3595K(7168K)
[2026-06-17T10:01:38.734+0800][36.362s][info][gc,heap        ] GC(1400) ParOldGen: 38518K(44032K)->38526K(44032K)
[2026-06-17T10:01:38.735+0800][36.363s][info][gc,metaspace   ] GC(1400) Metaspace: 113K(320K)->113K(320K) NonClass: 105K(192K)->105K(192K) Class: 7K(128K)->7K(128K)
[2026-06-17T10:01:38.735+0800][36.363s][info][gc             ] GC(1400) Pause Young (Allocation Failure) 44M->41M(57M) 2.549ms
[2026-06-17T10:01:38.736+0800][36.364s][info][gc,cpu         ] GC(1400) User=0.00s Sys=0.00s Real=0.00s
[2026-06-17T10:01:38.747+0800][36.375s][info][gc,start       ] GC(1401) Pause Young (Allocation Failure)
[2026-06-17T10:01:38.749+0800][36.377s][info][gc,heap        ] GC(1401) PSYoungGen: 10708K(14336K)->881K(14336K) Eden: 7113K(7168K)->0K(7168K) From: 3595K(7168K)->881K(7168K)
[2026-06-17T10:01:38.752+0800][36.380s][info][gc,heap        ] GC(1401) ParOldGen: 38526K(44032K)->41767K(44032K)
[2026-06-17T10:01:38.753+0800][36.381s][info][gc,metaspace   ] GC(1401) Metaspace: 113K(320K)->113K(320K) NonClass: 105K(192K)->105K(192K) Class: 7K(128K)->7K(128K)
[2026-06-17T10:01:38.756+0800][36.384s][info][gc             ] GC(1401) Pause Young (Allocation Failure) 48M->41M(57M) 8.682ms
[2026-06-17T10:01:38.757+0800][36.384s][info][gc,cpu         ] GC(1401) User=0.00s Sys=0.00s Real=0.01s
[2026-06-17T10:01:38.781+0800][36.408s][info][gc,start       ] GC(1402) Pause Full (Ergonomics)
[2026-06-17T10:01:38.783+0800][36.411s][info][gc,phases,start] GC(1402) Marking Phase
[2026-06-17T10:01:38.785+0800][36.413s][info][gc,phases      ] GC(1402) Marking Phase 2.269ms
[2026-06-17T10:01:38.786+0800][36.414s][info][gc,phases,start] GC(1402) Summary Phase
[2026-06-17T10:01:38.786+0800][36.414s][info][gc,phases      ] GC(1402) Summary Phase 0.425ms
[2026-06-17T10:01:38.787+0800][36.415s][info][gc,phases,start] GC(1402) Adjust Roots
[2026-06-17T10:01:38.787+0800][36.415s][info][gc,phases      ] GC(1402) Adjust Roots 0.477ms
[2026-06-17T10:01:38.788+0800][36.415s][info][gc,phases,start] GC(1402) Compaction Phase
[2026-06-17T10:01:38.790+0800][36.418s][info][gc,phases      ] GC(1402) Compaction Phase 2.138ms
[2026-06-17T10:01:38.791+0800][36.419s][info][gc,phases,start] GC(1402) Post Compact
[2026-06-17T10:01:38.791+0800][36.419s][info][gc,phases      ] GC(1402) Post Compact 0.365ms
[2026-06-17T10:01:38.792+0800][36.419s][info][gc,heap        ] GC(1402) PSYoungGen: 8000K(14336K)->0K(14336K) Eden: 7119K(7168K)->0K(7168K) From: 881K(7168K)->0K(7168K)
[2026-06-17T10:01:38.792+0800][36.420s][info][gc,heap        ] GC(1402) ParOldGen: 41767K(44032K)->33041K(44032K)
[2026-06-17T10:01:38.792+0800][36.420s][info][gc,metaspace   ] GC(1402) Metaspace: 113K(320K)->113K(320K) NonClass: 105K(192K)->105K(192K) Class: 7K(128K)->7K(128K)
[2026-06-17T10:01:38.793+0800][36.420s][info][gc             ] GC(1402) Pause Full (Ergonomics) 48M->32M(57M) 11.806ms
[2026-06-17T10:01:38.793+0800][36.421s][info][gc,cpu         ] GC(1402) User=0.01s Sys=0.00s Real=0.02s
[2026-06-17T10:01:38.815+0800][36.443s][info][gc,start       ] GC(1403) Pause Young (Allocation Failure)
[2026-06-17T10:01:38.817+0800][36.445s][info][gc,heap        ] GC(1403) PSYoungGen: 7162K(14336K)->3901K(14336K) Eden: 7162K(7168K)->0K(7168K) From: 0K(7168K)->3901K(7168K)
[2026-06-17T10:01:38.817+0800][36.445s][info][gc,heap        ] GC(1403) ParOldGen: 33041K(44032K)->33041K(44032K)
[2026-06-17T10:01:38.818+0800][36.446s][info][gc,metaspace   ] GC(1403) Metaspace: 113K(320K)->113K(320K) NonClass: 105K(192K)->105K(192K) Class: 7K(128K)->7K(128K)
[2026-06-17T10:01:38.818+0800][36.446s][info][gc             ] GC(1403) Pause Young (Allocation Failure) 39M->36M(57M) 3.174ms
[2026-06-17T10:01:38.819+0800][36.447s][info][gc,cpu         ] GC(1403) User=0.00s Sys=0.00s Real=0.00s
[2026-06-17T10:01:38.841+0800][36.469s][info][gc,start       ] GC(1404) Pause Young (Allocation Failure)
[2026-06-17T10:01:38.843+0800][36.470s][info][gc,heap        ] GC(1404) PSYoungGen: 11037K(14336K)->1171K(14336K) Eden: 7136K(7168K)->0K(7168K) From: 3901K(7168K)->1171K(7168K)
[2026-06-17T10:01:38.843+0800][36.471s][info][gc,heap        ] GC(1404) ParOldGen: 33041K(44032K)->35859K(44032K)
[2026-06-17T10:01:38.844+0800][36.471s][info][gc,metaspace   ] GC(1404) Metaspace: 113K(320K)->113K(320K) NonClass: 105K(192K)->105K(192K) Class: 7K(128K)->7K(128K)
[2026-06-17T10:01:38.844+0800][36.472s][info][gc             ] GC(1404) Pause Young (Allocation Failure) 43M->36M(57M) 3.138ms
[2026-06-17T10:01:38.845+0800][36.472s][info][gc,cpu         ] GC(1404) User=0.00s Sys=0.00s Real=0.01s
[2026-06-17T10:01:38.857+0800][36.484s][info][gc,start       ] GC(1405) Pause Young (Allocation Failure)
[2026-06-17T10:01:38.859+0800][36.486s][info][gc,heap        ] GC(1405) PSYoungGen: 8331K(14336K)->4816K(14336K) Eden: 7159K(7168K)->0K(7168K) From: 1171K(7168K)->4816K(7168K)
[2026-06-17T10:01:38.859+0800][36.487s][info][gc,heap        ] GC(1405) ParOldGen: 35859K(44032K)->35859K(44032K)
[2026-06-17T10:01:38.860+0800][36.487s][info][gc,metaspace   ] GC(1405) Metaspace: 113K(320K)->113K(320K) NonClass: 105K(192K)->105K(192K) Class: 7K(128K)->7K(128K)
[2026-06-17T10:01:38.860+0800][36.488s][info][gc             ] GC(1405) Pause Young (Allocation Failure) 43M->39M(57M) 3.446ms
[2026-06-17T10:01:38.861+0800][36.488s][info][gc,cpu         ] GC(1405) User=0.00s Sys=0.00s Real=0.00s
[2026-06-17T10:01:38.883+0800][36.510s][info][gc,start       ] GC(1406) Pause Young (Allocation Failure)
[2026-06-17T10:01:38.884+0800][36.512s][info][gc,heap        ] GC(1406) PSYoungGen: 11939K(14336K)->2974K(14336K) Eden: 7123K(7168K)->0K(7168K) From: 4816K(7168K)->2974K(7168K)
[2026-06-17T10:01:38.885+0800][36.512s][info][gc,heap        ] GC(1406) ParOldGen: 35859K(44032K)->38204K(44032K)
[2026-06-17T10:01:38.885+0800][36.513s][info][gc,metaspace   ] GC(1406) Metaspace: 113K(320K)->113K(320K) NonClass: 105K(192K)->105K(192K) Class: 7K(128K)->7K(128K)
[2026-06-17T10:01:38.885+0800][36.513s][info][gc             ] GC(1406) Pause Young (Allocation Failure) 46M->40M(57M) 2.644ms
[2026-06-17T10:01:38.886+0800][36.513s][info][gc,cpu         ] GC(1406) User=0.01s Sys=0.00s Real=0.00s
[2026-06-17T10:01:38.907+0800][36.535s][info][gc,start       ] GC(1407) Pause Young (Allocation Failure)
[2026-06-17T10:01:38.909+0800][36.537s][info][gc,heap        ] GC(1407) PSYoungGen: 10135K(14336K)->3245K(14336K) Eden: 7160K(7168K)->0K(7168K) From: 2974K(7168K)->3245K(7168K)
[2026-06-17T10:01:38.910+0800][36.537s][info][gc,heap        ] GC(1407) ParOldGen: 38204K(44032K)->38204K(44032K)
[2026-06-17T10:01:38.910+0800][36.538s][info][gc,metaspace   ] GC(1407) Metaspace: 113K(320K)->113K(320K) NonClass: 105K(192K)->105K(192K) Class: 7K(128K)->7K(128K)
[2026-06-17T10:01:38.911+0800][36.539s][info][gc             ] GC(1407) Pause Young (Allocation Failure) 47M->40M(57M) 3.465ms
[2026-06-17T10:01:38.911+0800][36.539s][info][gc,cpu         ] GC(1407) User=0.00s Sys=0.00s Real=0.01s
[2026-06-17T10:01:38.923+0800][36.551s][info][gc,start       ] GC(1408) Pause Young (Allocation Failure)
[2026-06-17T10:01:38.925+0800][36.553s][info][gc,heap        ] GC(1408) PSYoungGen: 10154K(14336K)->3389K(14336K) Eden: 6908K(7168K)->0K(7168K) From: 3245K(7168K)->3389K(7168K)
[2026-06-17T10:01:38.925+0800][36.553s][info][gc,heap        ] GC(1408) ParOldGen: 38204K(44032K)->38204K(44032K)
[2026-06-17T10:01:38.926+0800][36.554s][info][gc,metaspace   ] GC(1408) Metaspace: 113K(320K)->113K(320K) NonClass: 105K(192K)->105K(192K) Class: 7K(128K)->7K(128K)
[2026-06-17T10:01:38.927+0800][36.554s][info][gc             ] GC(1408) Pause Young (Allocation Failure) 47M->40M(57M) 3.252ms
[2026-06-17T10:01:38.927+0800][36.555s][info][gc,cpu         ] GC(1408) User=0.00s Sys=0.00s Real=0.00s
[2026-06-17T10:01:38.949+0800][36.577s][info][gc,start       ] GC(1409) Pause Young (Allocation Failure)
[2026-06-17T10:01:38.951+0800][36.579s][info][gc,heap        ] GC(1409) PSYoungGen: 10510K(14336K)->4029K(14848K) Eden: 7120K(7168K)->0K(8192K) From: 3389K(7168K)->4029K(6656K)
[2026-06-17T10:01:38.953+0800][36.581s][info][gc,heap        ] GC(1409) ParOldGen: 38204K(44032K)->38204K(44032K)
[2026-06-17T10:01:38.955+0800][36.583s][info][gc,metaspace   ] GC(1409) Metaspace: 113K(320K)->113K(320K) NonClass: 105K(192K)->105K(192K) Class: 7K(128K)->7K(128K)
[2026-06-17T10:01:38.958+0800][36.585s][info][gc             ] GC(1409) Pause Young (Allocation Failure) 47M->41M(57M) 8.636ms
[2026-06-17T10:01:38.960+0800][36.588s][info][gc,cpu         ] GC(1409) User=0.00s Sys=0.00s Real=0.01s
[2026-06-17T10:01:38.984+0800][36.611s][info][gc,start       ] GC(1410) Pause Young (Allocation Failure)
[2026-06-17T10:01:38.986+0800][36.613s][info][gc,heap        ] GC(1410) PSYoungGen: 12218K(14848K)->6640K(14848K) Eden: 8188K(8192K)->0K(8192K) From: 4029K(6656K)->6640K(6656K)
[2026-06-17T10:01:38.986+0800][36.614s][info][gc,heap        ] GC(1410) ParOldGen: 38204K(44032K)->40317K(44032K)
[2026-06-17T10:01:38.987+0800][36.615s][info][gc,metaspace   ] GC(1410) Metaspace: 113K(320K)->113K(320K) NonClass: 105K(192K)->105K(192K) Class: 7K(128K)->7K(128K)
[2026-06-17T10:01:38.987+0800][36.615s][info][gc             ] GC(1410) Pause Young (Allocation Failure) 49M->45M(57M) 3.829ms
[2026-06-17T10:01:38.988+0800][36.616s][info][gc,cpu         ] GC(1410) User=0.01s Sys=0.01s Real=0.00s
[2026-06-17T10:01:39.010+0800][36.637s][info][gc,start       ] GC(1411) Pause Full (Ergonomics)
[2026-06-17T10:01:39.010+0800][36.638s][info][gc,phases,start] GC(1411) Marking Phase
[2026-06-17T10:01:39.012+0800][36.640s][info][gc,phases      ] GC(1411) Marking Phase 1.646ms
[2026-06-17T10:01:39.012+0800][36.640s][info][gc,phases,start] GC(1411) Summary Phase
[2026-06-17T10:01:39.013+0800][36.640s][info][gc,phases      ] GC(1411) Summary Phase 0.267ms
[2026-06-17T10:01:39.013+0800][36.641s][info][gc,phases,start] GC(1411) Adjust Roots
[2026-06-17T10:01:39.013+0800][36.641s][info][gc,phases      ] GC(1411) Adjust Roots 0.590ms
[2026-06-17T10:01:39.014+0800][36.641s][info][gc,phases,start] GC(1411) Compaction Phase
[2026-06-17T10:01:39.016+0800][36.644s][info][gc,phases      ] GC(1411) Compaction Phase 2.387ms
[2026-06-17T10:01:39.017+0800][36.644s][info][gc,phases,start] GC(1411) Post Compact
[2026-06-17T10:01:39.017+0800][36.645s][info][gc,phases      ] GC(1411) Post Compact 0.649ms
[2026-06-17T10:01:39.018+0800][36.645s][info][gc,heap        ] GC(1411) PSYoungGen: 14822K(14848K)->0K(13824K) Eden: 8181K(8192K)->0K(7168K) From: 6640K(6656K)->0K(6656K)
[2026-06-17T10:01:39.018+0800][36.646s][info][gc,heap        ] GC(1411) ParOldGen: 40317K(44032K)->35513K(44032K)
[2026-06-17T10:01:39.018+0800][36.646s][info][gc,metaspace   ] GC(1411) Metaspace: 113K(320K)->113K(320K) NonClass: 105K(192K)->105K(192K) Class: 7K(128K)->7K(128K)
[2026-06-17T10:01:39.019+0800][36.647s][info][gc             ] GC(1411) Pause Full (Ergonomics) 53M->34M(56M) 9.383ms
[2026-06-17T10:01:39.019+0800][36.647s][info][gc,cpu         ] GC(1411) User=0.00s Sys=0.00s Real=0.01s
[2026-06-17T10:01:39.041+0800][36.669s][info][gc,start       ] GC(1412) Pause Young (Allocation Failure)
[2026-06-17T10:01:39.042+0800][36.670s][info][gc,heap        ] GC(1412) PSYoungGen: 7137K(13824K)->3533K(14336K) Eden: 7137K(7168K)->0K(7168K) From: 0K(6656K)->3533K(7168K)
[2026-06-17T10:01:39.043+0800][36.670s][info][gc,heap        ] GC(1412) ParOldGen: 35513K(44032K)->35513K(44032K)
[2026-06-17T10:01:39.043+0800][36.671s][info][gc,metaspace   ] GC(1412) Metaspace: 113K(320K)->113K(320K) NonClass: 105K(192K)->105K(192K) Class: 7K(128K)->7K(128K)
[2026-06-17T10:01:39.043+0800][36.671s][info][gc             ] GC(1412) Pause Young (Allocation Failure) 41M->38M(57M) 2.415ms
[2026-06-17T10:01:39.044+0800][36.672s][info][gc,cpu         ] GC(1412) User=0.01s Sys=0.00s Real=0.01s
[2026-06-17T10:01:39.055+0800][36.683s][info][gc,start       ] GC(1413) Pause Young (Allocation Failure)
[2026-06-17T10:01:39.056+0800][36.684s][info][gc,heap        ] GC(1413) PSYoungGen: 10679K(14336K)->3798K(14336K) Eden: 7145K(7168K)->0K(7168K) From: 3533K(7168K)->3798K(7168K)
[2026-06-17T10:01:39.057+0800][36.684s][info][gc,heap        ] GC(1413) ParOldGen: 35513K(44032K)->35513K(44032K)
[2026-06-17T10:01:39.057+0800][36.685s][info][gc,metaspace   ] GC(1413) Metaspace: 113K(320K)->113K(320K) NonClass: 105K(192K)->105K(192K) Class: 7K(128K)->7K(128K)
[2026-06-17T10:01:39.058+0800][36.685s][info][gc             ] GC(1413) Pause Young (Allocation Failure) 45M->38M(57M) 2.480ms
[2026-06-17T10:01:39.058+0800][36.686s][info][gc,cpu         ] GC(1413) User=0.00s Sys=0.00s Real=0.00s
[2026-06-17T10:01:39.089+0800][36.717s][info][gc,start       ] GC(1414) Pause Young (Allocation Failure)
[2026-06-17T10:01:39.091+0800][36.719s][info][gc,heap        ] GC(1414) PSYoungGen: 10966K(14336K)->4171K(14336K) Eden: 7168K(7168K)->0K(7168K) From: 3798K(7168K)->4171K(7168K)
[2026-06-17T10:01:39.091+0800][36.719s][info][gc,heap        ] GC(1414) ParOldGen: 35513K(44032K)->35513K(44032K)
[2026-06-17T10:01:39.092+0800][36.719s][info][gc,metaspace   ] GC(1414) Metaspace: 113K(320K)->113K(320K) NonClass: 105K(192K)->105K(192K) Class: 7K(128K)->7K(128K)
[2026-06-17T10:01:39.092+0800][36.720s][info][gc             ] GC(1414) Pause Young (Allocation Failure) 45M->38M(57M) 2.860ms
[2026-06-17T10:01:39.093+0800][36.721s][info][gc,cpu         ] GC(1414) User=0.00s Sys=0.00s Real=0.01s
[2026-06-17T10:01:39.104+0800][36.732s][info][gc,start       ] GC(1415) Pause Young (Allocation Failure)
[2026-06-17T10:01:39.105+0800][36.733s][info][gc,heap        ] GC(1415) PSYoungGen: 11315K(14336K)->7103K(14336K) Eden: 7144K(7168K)->0K(7168K) From: 4171K(7168K)->7103K(7168K)
[2026-06-17T10:01:39.106+0800][36.734s][info][gc,heap        ] GC(1415) ParOldGen: 35513K(44032K)->36312K(44032K)
[2026-06-17T10:01:39.106+0800][36.734s][info][gc,metaspace   ] GC(1415) Metaspace: 113K(320K)->113K(320K) NonClass: 105K(192K)->105K(192K) Class: 7K(128K)->7K(128K)
[2026-06-17T10:01:39.107+0800][36.734s][info][gc             ] GC(1415) Pause Young (Allocation Failure) 45M->42M(57M) 2.521ms
[2026-06-17T10:01:39.107+0800][36.735s][info][gc,cpu         ] GC(1415) User=0.00s Sys=0.00s Real=0.00s
[2026-06-17T10:01:39.128+0800][36.756s][info][gc,start       ] GC(1416) Pause Young (Allocation Failure)
[2026-06-17T10:01:39.129+0800][36.757s][info][gc,heap        ] GC(1416) PSYoungGen: 14269K(14336K)->7085K(14336K) Eden: 7166K(7168K)->0K(7168K) From: 7103K(7168K)->7085K(7168K)
[2026-06-17T10:01:39.130+0800][36.758s][info][gc,heap        ] GC(1416) ParOldGen: 36312K(44032K)->36436K(44032K)
[2026-06-17T10:01:39.130+0800][36.758s][info][gc,metaspace   ] GC(1416) Metaspace: 113K(320K)->113K(320K) NonClass: 105K(192K)->105K(192K) Class: 7K(128K)->7K(128K)
[2026-06-17T10:01:39.131+0800][36.758s][info][gc             ] GC(1416) Pause Young (Allocation Failure) 49M->42M(57M) 2.417ms
[2026-06-17T10:01:39.131+0800][36.759s][info][gc,cpu         ] GC(1416) User=0.00s Sys=0.00s Real=0.01s
[2026-06-17T10:01:39.142+0800][36.770s][info][gc,start       ] GC(1417) Pause Young (Allocation Failure)
[2026-06-17T10:01:39.144+0800][36.771s][info][gc,heap        ] GC(1417) PSYoungGen: 14253K(14336K)->7091K(14336K) Eden: 7168K(7168K)->0K(7168K) From: 7085K(7168K)->7091K(7168K)
[2026-06-17T10:01:39.144+0800][36.772s][info][gc,heap        ] GC(1417) ParOldGen: 36436K(44032K)->39932K(44032K)
[2026-06-17T10:01:39.145+0800][36.773s][info][gc,metaspace   ] GC(1417) Metaspace: 113K(320K)->113K(320K) NonClass: 105K(192K)->105K(192K) Class: 7K(128K)->7K(128K)
[2026-06-17T10:01:39.145+0800][36.773s][info][gc             ] GC(1417) Pause Young (Allocation Failure) 49M->45M(57M) 3.108ms
[2026-06-17T10:01:39.146+0800][36.774s][info][gc,cpu         ] GC(1417) User=0.00s Sys=0.00s Real=0.01s
[2026-06-17T10:01:39.167+0800][36.795s][info][gc,start       ] GC(1418) Pause Full (Ergonomics)
[2026-06-17T10:01:39.168+0800][36.796s][info][gc,phases,start] GC(1418) Marking Phase
[2026-06-17T10:01:39.170+0800][36.797s][info][gc,phases      ] GC(1418) Marking Phase 1.627ms
[2026-06-17T10:01:39.170+0800][36.798s][info][gc,phases,start] GC(1418) Summary Phase
[2026-06-17T10:01:39.170+0800][36.798s][info][gc,phases      ] GC(1418) Summary Phase 0.421ms
[2026-06-17T10:01:39.171+0800][36.799s][info][gc,phases,start] GC(1418) Adjust Roots
[2026-06-17T10:01:39.171+0800][36.799s][info][gc,phases      ] GC(1418) Adjust Roots 0.600ms
[2026-06-17T10:01:39.172+0800][36.800s][info][gc,phases,start] GC(1418) Compaction Phase
[2026-06-17T10:01:39.174+0800][36.802s][info][gc,phases      ] GC(1418) Compaction Phase 1.852ms
[2026-06-17T10:01:39.174+0800][36.802s][info][gc,phases,start] GC(1418) Post Compact
[2026-06-17T10:01:39.175+0800][36.803s][info][gc,phases      ] GC(1418) Post Compact 0.576ms
[2026-06-17T10:01:39.175+0800][36.803s][info][gc,heap        ] GC(1418) PSYoungGen: 14181K(14336K)->0K(14336K) Eden: 7090K(7168K)->0K(7168K) From: 7091K(7168K)->0K(7168K)
[2026-06-17T10:01:39.176+0800][36.803s][info][gc,heap        ] GC(1418) ParOldGen: 39932K(44032K)->30322K(44032K)
[2026-06-17T10:01:39.176+0800][36.804s][info][gc,metaspace   ] GC(1418) Metaspace: 113K(320K)->113K(320K) NonClass: 105K(192K)->105K(192K) Class: 7K(128K)->7K(128K)
[2026-06-17T10:01:39.177+0800][36.805s][info][gc             ] GC(1418) Pause Full (Ergonomics) 52M->29M(57M) 9.801ms
[2026-06-17T10:01:39.177+0800][36.805s][info][gc,cpu         ] GC(1418) User=0.00s Sys=0.00s Real=0.01s
[2026-06-17T10:01:39.199+0800][36.826s][info][gc,start       ] GC(1419) Pause Young (Allocation Failure)
[2026-06-17T10:01:39.200+0800][36.828s][info][gc,heap        ] GC(1419) PSYoungGen: 7163K(14336K)->3624K(14336K) Eden: 7163K(7168K)->0K(7168K) From: 0K(7168K)->3624K(7168K)
[2026-06-17T10:01:39.201+0800][36.828s][info][gc,heap        ] GC(1419) ParOldGen: 30322K(44032K)->30322K(44032K)
[2026-06-17T10:01:39.201+0800][36.829s][info][gc,metaspace   ] GC(1419) Metaspace: 113K(320K)->113K(320K) NonClass: 105K(192K)->105K(192K) Class: 7K(128K)->7K(128K)
[2026-06-17T10:01:39.202+0800][36.829s][info][gc             ] GC(1419) Pause Young (Allocation Failure) 36M->33M(57M) 3.108ms
[2026-06-17T10:01:39.203+0800][36.830s][info][gc,cpu         ] GC(1419) User=0.00s Sys=0.00s Real=0.01s
[2026-06-17T10:01:39.214+0800][36.842s][info][gc,start       ] GC(1420) Pause Young (Allocation Failure)
[2026-06-17T10:01:39.216+0800][36.843s][info][gc,heap        ] GC(1420) PSYoungGen: 10618K(14336K)->3327K(14336K) Eden: 6994K(7168K)->0K(7168K) From: 3624K(7168K)->3327K(7168K)
[2026-06-17T10:01:39.216+0800][36.844s][info][gc,heap        ] GC(1420) ParOldGen: 30322K(44032K)->30322K(44032K)
[2026-06-17T10:01:39.217+0800][36.845s][info][gc,metaspace   ] GC(1420) Metaspace: 113K(320K)->113K(320K) NonClass: 105K(192K)->105K(192K) Class: 7K(128K)->7K(128K)
[2026-06-17T10:01:39.218+0800][36.846s][info][gc             ] GC(1420) Pause Young (Allocation Failure) 39M->32M(57M) 3.791ms
[2026-06-17T10:01:39.219+0800][36.846s][info][gc,cpu         ] GC(1420) User=0.00s Sys=0.00s Real=0.00s
[2026-06-17T10:01:39.240+0800][36.868s][info][gc,start       ] GC(1421) Pause Young (Allocation Failure)
[2026-06-17T10:01:39.242+0800][36.870s][info][gc,heap        ] GC(1421) PSYoungGen: 10483K(14336K)->4158K(14336K) Eden: 7156K(7168K)->0K(7168K) From: 3327K(7168K)->4158K(7168K)
[2026-06-17T10:01:39.243+0800][36.870s][info][gc,heap        ] GC(1421) ParOldGen: 30322K(44032K)->33266K(44032K)
[2026-06-17T10:01:39.243+0800][36.871s][info][gc,metaspace   ] GC(1421) Metaspace: 113K(320K)->113K(320K) NonClass: 105K(192K)->105K(192K) Class: 7K(128K)->7K(128K)
[2026-06-17T10:01:39.244+0800][36.872s][info][gc             ] GC(1421) Pause Young (Allocation Failure) 39M->36M(57M) 3.672ms
[2026-06-17T10:01:39.245+0800][36.873s][info][gc,cpu         ] GC(1421) User=0.01s Sys=0.00s Real=0.01s
[2026-06-17T10:01:39.267+0800][36.895s][info][gc,start       ] GC(1422) Pause Young (Allocation Failure)
[2026-06-17T10:01:39.268+0800][36.896s][info][gc,heap        ] GC(1422) PSYoungGen: 11314K(14336K)->2320K(14336K) Eden: 7155K(7168K)->0K(7168K) From: 4158K(7168K)->2320K(7168K)
[2026-06-17T10:01:39.269+0800][36.897s][info][gc,heap        ] GC(1422) ParOldGen: 33266K(44032K)->35408K(44032K)
[2026-06-17T10:01:39.270+0800][36.898s][info][gc,metaspace   ] GC(1422) Metaspace: 113K(320K)->113K(320K) NonClass: 105K(192K)->105K(192K) Class: 7K(128K)->7K(128K)
[2026-06-17T10:01:39.270+0800][36.898s][info][gc             ] GC(1422) Pause Young (Allocation Failure) 43M->36M(57M) 3.442ms
[2026-06-17T10:01:39.271+0800][36.899s][info][gc,cpu         ] GC(1422) User=0.00s Sys=0.00s Real=0.01s
[2026-06-17T10:01:39.295+0800][36.922s][info][gc,start       ] GC(1423) Pause Young (Allocation Failure)
[2026-06-17T10:01:39.296+0800][36.923s][info][gc,heap        ] GC(1423) PSYoungGen: 9466K(14336K)->248K(14336K) Eden: 7146K(7168K)->0K(7168K) From: 2320K(7168K)->248K(7168K)
[2026-06-17T10:01:39.296+0800][36.924s][info][gc,heap        ] GC(1423) ParOldGen: 35408K(44032K)->37704K(44032K)
[2026-06-17T10:01:39.297+0800][36.924s][info][gc,metaspace   ] GC(1423) Metaspace: 113K(320K)->113K(320K) NonClass: 105K(192K)->105K(192K) Class: 7K(128K)->7K(128K)
[2026-06-17T10:01:39.297+0800][36.925s][info][gc             ] GC(1423) Pause Young (Allocation Failure) 43M->37M(57M) 2.728ms
[2026-06-17T10:01:39.298+0800][36.926s][info][gc,cpu         ] GC(1423) User=0.00s Sys=0.00s Real=0.00s
[2026-06-17T10:01:39.309+0800][36.937s][info][gc,start       ] GC(1424) Pause Young (Allocation Failure)
[2026-06-17T10:01:39.310+0800][36.938s][info][gc,heap        ] GC(1424) PSYoungGen: 7416K(14336K)->4078K(14336K) Eden: 7168K(7168K)->0K(7168K) From: 248K(7168K)->4078K(7168K)
[2026-06-17T10:01:39.311+0800][36.939s][info][gc,heap        ] GC(1424) ParOldGen: 37704K(44032K)->37704K(44032K)
[2026-06-17T10:01:39.312+0800][36.939s][info][gc,metaspace   ] GC(1424) Metaspace: 113K(320K)->113K(320K) NonClass: 105K(192K)->105K(192K) Class: 7K(128K)->7K(128K)
[2026-06-17T10:01:39.312+0800][36.940s][info][gc             ] GC(1424) Pause Young (Allocation Failure) 44M->40M(57M) 2.780ms
[2026-06-17T10:01:39.312+0800][36.940s][info][gc,cpu         ] GC(1424) User=0.00s Sys=0.00s Real=0.01s
[2026-06-17T10:01:39.335+0800][36.963s][info][gc,start       ] GC(1425) Pause Young (Allocation Failure)
[2026-06-17T10:01:39.336+0800][36.964s][info][gc,heap        ] GC(1425) PSYoungGen: 11232K(14336K)->2385K(14336K) Eden: 7153K(7168K)->0K(7168K) From: 4078K(7168K)->2385K(7168K)
[2026-06-17T10:01:39.337+0800][36.964s][info][gc,heap        ] GC(1425) ParOldGen: 37704K(44032K)->39467K(44032K)
[2026-06-17T10:01:39.337+0800][36.965s][info][gc,metaspace   ] GC(1425) Metaspace: 113K(320K)->113K(320K) NonClass: 105K(192K)->105K(192K) Class: 7K(128K)->7K(128K)
[2026-06-17T10:01:39.337+0800][36.965s][info][gc             ] GC(1425) Pause Young (Allocation Failure) 47M->40M(57M) 2.613ms
[2026-06-17T10:01:39.338+0800][36.965s][info][gc,cpu         ] GC(1425) User=0.00s Sys=0.00s Real=0.00s
[2026-06-17T10:01:39.359+0800][36.987s][info][gc,start       ] GC(1426) Pause Young (Allocation Failure)
[2026-06-17T10:01:39.361+0800][36.988s][info][gc,heap        ] GC(1426) PSYoungGen: 9510K(14336K)->2093K(14336K) Eden: 7124K(7168K)->0K(7168K) From: 2385K(7168K)->2093K(7168K)
[2026-06-17T10:01:39.361+0800][36.989s][info][gc,heap        ] GC(1426) ParOldGen: 39467K(44032K)->39467K(44032K)
[2026-06-17T10:01:39.362+0800][36.989s][info][gc,metaspace   ] GC(1426) Metaspace: 113K(320K)->113K(320K) NonClass: 105K(192K)->105K(192K) Class: 7K(128K)->7K(128K)
[2026-06-17T10:01:39.363+0800][36.991s][info][gc             ] GC(1426) Pause Young (Allocation Failure) 47M->40M(57M) 4.118ms
[2026-06-17T10:01:39.364+0800][36.991s][info][gc,cpu         ] GC(1426) User=0.00s Sys=0.00s Real=0.01s
[2026-06-17T10:01:39.375+0800][37.003s][info][gc,start       ] GC(1427) Pause Young (Allocation Failure)
[2026-06-17T10:01:39.376+0800][37.004s][info][gc,heap        ] GC(1427) PSYoungGen: 9091K(14336K)->32K(14336K) Eden: 6998K(7168K)->0K(7168K) From: 2093K(7168K)->32K(7168K)
[2026-06-17T10:01:39.377+0800][37.005s][info][gc,heap        ] GC(1427) ParOldGen: 39467K(44032K)->41287K(44032K)
[2026-06-17T10:01:39.378+0800][37.005s][info][gc,metaspace   ] GC(1427) Metaspace: 113K(320K)->113K(320K) NonClass: 105K(192K)->105K(192K) Class: 7K(128K)->7K(128K)
[2026-06-17T10:01:39.378+0800][37.006s][info][gc             ] GC(1427) Pause Young (Allocation Failure) 47M->40M(57M) 3.350ms
[2026-06-17T10:01:39.379+0800][37.007s][info][gc,cpu         ] GC(1427) User=0.00s Sys=0.00s Real=0.00s
[2026-06-17T10:01:39.401+0800][37.029s][info][gc,start       ] GC(1428) Pause Full (Ergonomics)
[2026-06-17T10:01:39.402+0800][37.029s][info][gc,phases,start] GC(1428) Marking Phase
[2026-06-17T10:01:39.404+0800][37.031s][info][gc,phases      ] GC(1428) Marking Phase 1.966ms
[2026-06-17T10:01:39.404+0800][37.032s][info][gc,phases,start] GC(1428) Summary Phase
[2026-06-17T10:01:39.405+0800][37.033s][info][gc,phases      ] GC(1428) Summary Phase 0.910ms
[2026-06-17T10:01:39.406+0800][37.034s][info][gc,phases,start] GC(1428) Adjust Roots
[2026-06-17T10:01:39.407+0800][37.035s][info][gc,phases      ] GC(1428) Adjust Roots 1.139ms
[2026-06-17T10:01:39.408+0800][37.036s][info][gc,phases,start] GC(1428) Compaction Phase
[2026-06-17T10:01:39.412+0800][37.040s][info][gc,phases      ] GC(1428) Compaction Phase 3.547ms
[2026-06-17T10:01:39.413+0800][37.040s][info][gc,phases,start] GC(1428) Post Compact
[2026-06-17T10:01:39.414+0800][37.041s][info][gc,phases      ] GC(1428) Post Compact 0.889ms
[2026-06-17T10:01:39.414+0800][37.042s][info][gc,heap        ] GC(1428) PSYoungGen: 7186K(14336K)->0K(14336K) Eden: 7154K(7168K)->0K(7168K) From: 32K(7168K)->0K(7168K)
[2026-06-17T10:01:39.415+0800][37.043s][info][gc,heap        ] GC(1428) ParOldGen: 41287K(44032K)->34731K(44032K)
[2026-06-17T10:01:39.416+0800][37.043s][info][gc,metaspace   ] GC(1428) Metaspace: 113K(320K)->113K(320K) NonClass: 105K(192K)->105K(192K) Class: 7K(128K)->7K(128K)
[2026-06-17T10:01:39.416+0800][37.044s][info][gc             ] GC(1428) Pause Full (Ergonomics) 47M->33M(57M) 15.601ms
[2026-06-17T10:01:39.417+0800][37.045s][info][gc,cpu         ] GC(1428) User=0.01s Sys=0.00s Real=0.02s
[2026-06-17T10:01:39.429+0800][37.057s][info][gc,start       ] GC(1429) Pause Young (Allocation Failure)
[2026-06-17T10:01:39.431+0800][37.059s][info][gc,heap        ] GC(1429) PSYoungGen: 6792K(14336K)->3353K(14336K) Eden: 6792K(7168K)->0K(7168K) From: 0K(7168K)->3353K(7168K)
[2026-06-17T10:01:39.432+0800][37.060s][info][gc,heap        ] GC(1429) ParOldGen: 34731K(44032K)->34731K(44032K)
[2026-06-17T10:01:39.433+0800][37.061s][info][gc,metaspace   ] GC(1429) Metaspace: 113K(320K)->113K(320K) NonClass: 105K(192K)->105K(192K) Class: 7K(128K)->7K(128K)
[2026-06-17T10:01:39.434+0800][37.061s][info][gc             ] GC(1429) Pause Young (Allocation Failure) 40M->37M(57M) 4.542ms
[2026-06-17T10:01:39.435+0800][37.062s][info][gc,cpu         ] GC(1429) User=0.00s Sys=0.00s Real=0.01s
[2026-06-17T10:01:39.457+0800][37.085s][info][gc,start       ] GC(1430) Pause Young (Allocation Failure)
[2026-06-17T10:01:39.460+0800][37.087s][info][gc,heap        ] GC(1430) PSYoungGen: 10504K(14336K)->3768K(14336K) Eden: 7150K(7168K)->0K(7168K) From: 3353K(7168K)->3768K(7168K)
[2026-06-17T10:01:39.461+0800][37.088s][info][gc,heap        ] GC(1430) ParOldGen: 34731K(44032K)->38052K(44032K)
[2026-06-17T10:01:39.462+0800][37.089s][info][gc,metaspace   ] GC(1430) Metaspace: 113K(320K)->113K(320K) NonClass: 105K(192K)->105K(192K) Class: 7K(128K)->7K(128K)
[2026-06-17T10:01:39.462+0800][37.090s][info][gc             ] GC(1430) Pause Young (Allocation Failure) 44M->40M(57M) 4.778ms
[2026-06-17T10:01:39.463+0800][37.091s][info][gc,cpu         ] GC(1430) User=0.00s Sys=0.00s Real=0.01s
[2026-06-17T10:01:39.485+0800][37.113s][info][gc,start       ] GC(1431) Pause Young (Allocation Failure)
[2026-06-17T10:01:39.486+0800][37.114s][info][gc,heap        ] GC(1431) PSYoungGen: 10936K(14336K)->2066K(14336K) Eden: 7168K(7168K)->0K(7168K) From: 3768K(7168K)->2066K(7168K)
[2026-06-17T10:01:39.486+0800][37.114s][info][gc,heap        ] GC(1431) ParOldGen: 38052K(44032K)->39628K(44032K)
[2026-06-17T10:01:39.487+0800][37.114s][info][gc,metaspace   ] GC(1431) Metaspace: 113K(320K)->113K(320K) NonClass: 105K(192K)->105K(192K) Class: 7K(128K)->7K(128K)
[2026-06-17T10:01:39.487+0800][37.115s][info][gc             ] GC(1431) Pause Young (Allocation Failure) 47M->40M(57M) 1.943ms
[2026-06-17T10:01:39.487+0800][37.115s][info][gc,cpu         ] GC(1431) User=0.00s Sys=0.00s Real=0.00s
[2026-06-17T10:01:39.508+0800][37.136s][info][gc,start       ] GC(1432) Pause Full (Ergonomics)
[2026-06-17T10:01:39.509+0800][37.137s][info][gc,phases,start] GC(1432) Marking Phase
[2026-06-17T10:01:39.512+0800][37.139s][info][gc,phases      ] GC(1432) Marking Phase 2.805ms
[2026-06-17T10:01:39.512+0800][37.140s][info][gc,phases,start] GC(1432) Summary Phase
[2026-06-17T10:01:39.513+0800][37.140s][info][gc,phases      ] GC(1432) Summary Phase 0.324ms
[2026-06-17T10:01:39.513+0800][37.141s][info][gc,phases,start] GC(1432) Adjust Roots
[2026-06-17T10:01:39.513+0800][37.141s][info][gc,phases      ] GC(1432) Adjust Roots 0.362ms
[2026-06-17T10:01:39.513+0800][37.141s][info][gc,phases,start] GC(1432) Compaction Phase
[2026-06-17T10:01:39.515+0800][37.143s][info][gc,phases      ] GC(1432) Compaction Phase 2.007ms
[2026-06-17T10:01:39.516+0800][37.144s][info][gc,phases,start] GC(1432) Post Compact
[2026-06-17T10:01:39.516+0800][37.144s][info][gc,phases      ] GC(1432) Post Compact 0.446ms
[2026-06-17T10:01:39.517+0800][37.144s][info][gc,heap        ] GC(1432) PSYoungGen: 9220K(14336K)->0K(14336K) Eden: 7154K(7168K)->0K(7168K) From: 2066K(7168K)->0K(7168K)
[2026-06-17T10:01:39.517+0800][37.145s][info][gc,heap        ] GC(1432) ParOldGen: 39628K(44032K)->22172K(44032K)
[2026-06-17T10:01:39.517+0800][37.145s][info][gc,metaspace   ] GC(1432) Metaspace: 113K(320K)->113K(320K) NonClass: 105K(192K)->105K(192K) Class: 7K(128K)->7K(128K)
[2026-06-17T10:01:39.517+0800][37.145s][info][gc             ] GC(1432) Pause Full (Ergonomics) 47M->21M(57M) 8.739ms
[2026-06-17T10:01:39.517+0800][37.145s][info][gc,cpu         ] GC(1432) User=0.01s Sys=0.00s Real=0.01s
[2026-06-17T10:01:39.528+0800][37.156s][info][gc,start       ] GC(1433) Pause Young (Allocation Failure)
[2026-06-17T10:01:39.530+0800][37.158s][info][gc,heap        ] GC(1433) PSYoungGen: 7163K(14336K)->7044K(14336K) Eden: 7163K(7168K)->0K(7168K) From: 0K(7168K)->7044K(7168K)
[2026-06-17T10:01:39.530+0800][37.158s][info][gc,heap        ] GC(1433) ParOldGen: 22172K(44032K)->22368K(44032K)
[2026-06-17T10:01:39.531+0800][37.158s][info][gc,metaspace   ] GC(1433) Metaspace: 113K(320K)->113K(320K) NonClass: 105K(192K)->105K(192K) Class: 7K(128K)->7K(128K)
[2026-06-17T10:01:39.531+0800][37.159s][info][gc             ] GC(1433) Pause Young (Allocation Failure) 28M->28M(57M) 2.323ms
[2026-06-17T10:01:39.531+0800][37.159s][info][gc,cpu         ] GC(1433) User=0.00s Sys=0.00s Real=0.01s
[2026-06-17T10:01:39.553+0800][37.181s][info][gc,start       ] GC(1434) Pause Young (Allocation Failure)
[2026-06-17T10:01:39.556+0800][37.184s][info][gc,heap        ] GC(1434) PSYoungGen: 14212K(14336K)->1790K(14336K) Eden: 7167K(7168K)->0K(7168K) From: 7044K(7168K)->1790K(7168K)
[2026-06-17T10:01:39.557+0800][37.184s][info][gc,heap        ] GC(1434) ParOldGen: 22368K(44032K)->27569K(44032K)
[2026-06-17T10:01:39.557+0800][37.185s][info][gc,metaspace   ] GC(1434) Metaspace: 113K(320K)->113K(320K) NonClass: 105K(192K)->105K(192K) Class: 7K(128K)->7K(128K)
[2026-06-17T10:01:39.558+0800][37.186s][info][gc             ] GC(1434) Pause Young (Allocation Failure) 35M->28M(57M) 4.391ms
[2026-06-17T10:01:39.558+0800][37.186s][info][gc,cpu         ] GC(1434) User=0.00s Sys=0.00s Real=0.00s
[2026-06-17T10:01:39.571+0800][37.198s][info][gc,start       ] GC(1435) Pause Young (Allocation Failure)
[2026-06-17T10:01:39.572+0800][37.200s][info][gc,heap        ] GC(1435) PSYoungGen: 8956K(14336K)->5370K(14336K) Eden: 7165K(7168K)->0K(7168K) From: 1790K(7168K)->5370K(7168K)
[2026-06-17T10:01:39.573+0800][37.201s][info][gc,heap        ] GC(1435) ParOldGen: 27569K(44032K)->27569K(44032K)
[2026-06-17T10:01:39.573+0800][37.201s][info][gc,metaspace   ] GC(1435) Metaspace: 113K(320K)->113K(320K) NonClass: 105K(192K)->105K(192K) Class: 7K(128K)->7K(128K)
[2026-06-17T10:01:39.574+0800][37.202s][info][gc             ] GC(1435) Pause Young (Allocation Failure) 35M->32M(57M) 3.606ms
[2026-06-17T10:01:39.575+0800][37.202s][info][gc,cpu         ] GC(1435) User=0.00s Sys=0.00s Real=0.00s
[2026-06-17T10:01:39.597+0800][37.224s][info][gc,start       ] GC(1436) Pause Young (Allocation Failure)
[2026-06-17T10:01:39.598+0800][37.226s][info][gc,heap        ] GC(1436) PSYoungGen: 12515K(14336K)->3525K(14336K) Eden: 7144K(7168K)->0K(7168K) From: 5370K(7168K)->3525K(7168K)
[2026-06-17T10:01:39.598+0800][37.226s][info][gc,heap        ] GC(1436) ParOldGen: 27569K(44032K)->29742K(44032K)
[2026-06-17T10:01:39.599+0800][37.226s][info][gc,metaspace   ] GC(1436) Metaspace: 113K(320K)->113K(320K) NonClass: 105K(192K)->105K(192K) Class: 7K(128K)->7K(128K)
[2026-06-17T10:01:39.599+0800][37.227s][info][gc             ] GC(1436) Pause Young (Allocation Failure) 39M->32M(57M) 2.348ms
[2026-06-17T10:01:39.599+0800][37.227s][info][gc,cpu         ] GC(1436) User=0.00s Sys=0.00s Real=0.00s
[2026-06-17T10:01:39.621+0800][37.248s][info][gc,start       ] GC(1437) Pause Young (Allocation Failure)
[2026-06-17T10:01:39.622+0800][37.250s][info][gc,heap        ] GC(1437) PSYoungGen: 10683K(14336K)->3729K(14336K) Eden: 7157K(7168K)->0K(7168K) From: 3525K(7168K)->3729K(7168K)
[2026-06-17T10:01:39.622+0800][37.250s][info][gc,heap        ] GC(1437) ParOldGen: 29742K(44032K)->29742K(44032K)
[2026-06-17T10:01:39.623+0800][37.250s][info][gc,metaspace   ] GC(1437) Metaspace: 113K(320K)->113K(320K) NonClass: 105K(192K)->105K(192K) Class: 7K(128K)->7K(128K)
[2026-06-17T10:01:39.623+0800][37.251s][info][gc             ] GC(1437) Pause Young (Allocation Failure) 39M->32M(57M) 2.100ms
[2026-06-17T10:01:39.623+0800][37.251s][info][gc,cpu         ] GC(1437) User=0.00s Sys=0.00s Real=0.01s
[2026-06-17T10:01:39.634+0800][37.262s][info][gc,start       ] GC(1438) Pause Young (Allocation Failure)
[2026-06-17T10:01:39.635+0800][37.263s][info][gc,heap        ] GC(1438) PSYoungGen: 10885K(14336K)->1612K(14336K) Eden: 7156K(7168K)->0K(7168K) From: 3729K(7168K)->1612K(7168K)
[2026-06-17T10:01:39.635+0800][37.263s][info][gc,heap        ] GC(1438) ParOldGen: 29742K(44032K)->31720K(44032K)
[2026-06-17T10:01:39.636+0800][37.263s][info][gc,metaspace   ] GC(1438) Metaspace: 113K(320K)->113K(320K) NonClass: 105K(192K)->105K(192K) Class: 7K(128K)->7K(128K)
[2026-06-17T10:01:39.636+0800][37.263s][info][gc             ] GC(1438) Pause Young (Allocation Failure) 39M->32M(57M) 1.757ms
[2026-06-17T10:01:39.636+0800][37.264s][info][gc,cpu         ] GC(1438) User=0.00s Sys=0.00s Real=0.00s
[2026-06-17T10:01:39.658+0800][37.285s][info][gc,start       ] GC(1439) Pause Young (Allocation Failure)
[2026-06-17T10:01:39.661+0800][37.289s][info][gc,heap        ] GC(1439) PSYoungGen: 8780K(14336K)->220K(14336K) Eden: 7168K(7168K)->0K(7168K) From: 1612K(7168K)->220K(7168K)
[2026-06-17T10:01:39.663+0800][37.290s][info][gc,heap        ] GC(1439) ParOldGen: 31720K(44032K)->33308K(44032K)
[2026-06-17T10:01:39.665+0800][37.293s][info][gc,metaspace   ] GC(1439) Metaspace: 113K(320K)->113K(320K) NonClass: 105K(192K)->105K(192K) Class: 7K(128K)->7K(128K)
[2026-06-17T10:01:39.667+0800][37.295s][info][gc             ] GC(1439) Pause Young (Allocation Failure) 39M->32M(57M) 9.818ms
[2026-06-17T10:01:39.670+0800][37.298s][info][gc,cpu         ] GC(1439) User=0.01s Sys=0.00s Real=0.01s
[2026-06-17T10:01:39.693+0800][37.321s][info][gc,start       ] GC(1440) Pause Young (Allocation Failure)
[2026-06-17T10:01:39.696+0800][37.324s][info][gc,heap        ] GC(1440) PSYoungGen: 7369K(14336K)->3505K(14336K) Eden: 7149K(7168K)->0K(7168K) From: 220K(7168K)->3505K(7168K)
[2026-06-17T10:01:39.698+0800][37.325s][info][gc,heap        ] GC(1440) ParOldGen: 33308K(44032K)->33528K(44032K)
[2026-06-17T10:01:39.699+0800][37.326s][info][gc,metaspace   ] GC(1440) Metaspace: 113K(320K)->113K(320K) NonClass: 105K(192K)->105K(192K) Class: 7K(128K)->7K(128K)
[2026-06-17T10:01:39.700+0800][37.328s][info][gc             ] GC(1440) Pause Young (Allocation Failure) 39M->36M(57M) 7.355ms
[2026-06-17T10:01:39.702+0800][37.329s][info][gc,cpu         ] GC(1440) User=0.00s Sys=0.00s Real=0.00s
[2026-06-17T10:01:39.724+0800][37.352s][info][gc,start       ] GC(1441) Pause Young (Allocation Failure)
[2026-06-17T10:01:39.725+0800][37.353s][info][gc,heap        ] GC(1441) PSYoungGen: 10645K(14336K)->630K(14336K) Eden: 7140K(7168K)->0K(7168K) From: 3505K(7168K)->630K(7168K)
[2026-06-17T10:01:39.725+0800][37.353s][info][gc,heap        ] GC(1441) ParOldGen: 33528K(44032K)->36699K(44032K)
[2026-06-17T10:01:39.725+0800][37.353s][info][gc,metaspace   ] GC(1441) Metaspace: 113K(320K)->113K(320K) NonClass: 105K(192K)->105K(192K) Class: 7K(128K)->7K(128K)
[2026-06-17T10:01:39.726+0800][37.353s][info][gc             ] GC(1441) Pause Young (Allocation Failure) 43M->36M(57M) 1.737ms
[2026-06-17T10:01:39.726+0800][37.354s][info][gc,cpu         ] GC(1441) User=0.00s Sys=0.00s Real=0.00s
[2026-06-17T10:01:39.737+0800][37.365s][info][gc,start       ] GC(1442) Pause Young (Allocation Failure)
[2026-06-17T10:01:39.738+0800][37.365s][info][gc,heap        ] GC(1442) PSYoungGen: 7791K(14336K)->4273K(14336K) Eden: 7161K(7168K)->0K(7168K) From: 630K(7168K)->4273K(7168K)
[2026-06-17T10:01:39.738+0800][37.365s][info][gc,heap        ] GC(1442) ParOldGen: 36699K(44032K)->36699K(44032K)
[2026-06-17T10:01:39.738+0800][37.366s][info][gc,metaspace   ] GC(1442) Metaspace: 113K(320K)->113K(320K) NonClass: 105K(192K)->105K(192K) Class: 7K(128K)->7K(128K)
[2026-06-17T10:01:39.738+0800][37.366s][info][gc             ] GC(1442) Pause Young (Allocation Failure) 43M->40M(57M) 1.076ms
[2026-06-17T10:01:39.738+0800][37.366s][info][gc,cpu         ] GC(1442) User=0.00s Sys=0.00s Real=0.00s
[2026-06-17T10:01:39.759+0800][37.387s][info][gc,start       ] GC(1443) Pause Young (Allocation Failure)
[2026-06-17T10:01:39.760+0800][37.388s][info][gc,heap        ] GC(1443) PSYoungGen: 11434K(14336K)->2717K(14336K) Eden: 7161K(7168K)->0K(7168K) From: 4273K(7168K)->2717K(7168K)
[2026-06-17T10:01:39.761+0800][37.388s][info][gc,heap        ] GC(1443) ParOldGen: 36699K(44032K)->38389K(44032K)
[2026-06-17T10:01:39.761+0800][37.388s][info][gc,metaspace   ] GC(1443) Metaspace: 113K(320K)->113K(320K) NonClass: 105K(192K)->105K(192K) Class: 7K(128K)->7K(128K)
[2026-06-17T10:01:39.761+0800][37.389s][info][gc             ] GC(1443) Pause Young (Allocation Failure) 47M->40M(57M) 1.759ms
[2026-06-17T10:01:39.761+0800][37.389s][info][gc,cpu         ] GC(1443) User=0.00s Sys=0.00s Real=0.00s
[2026-06-17T10:01:39.783+0800][37.411s][info][gc,start       ] GC(1444) Pause Young (Allocation Failure)
[2026-06-17T10:01:39.784+0800][37.412s][info][gc,heap        ] GC(1444) PSYoungGen: 9864K(14336K)->3175K(14336K) Eden: 7147K(7168K)->0K(7168K) From: 2717K(7168K)->3175K(7168K)
[2026-06-17T10:01:39.785+0800][37.413s][info][gc,heap        ] GC(1444) ParOldGen: 38389K(44032K)->38389K(44032K)
[2026-06-17T10:01:39.786+0800][37.413s][info][gc,metaspace   ] GC(1444) Metaspace: 113K(320K)->113K(320K) NonClass: 105K(192K)->105K(192K) Class: 7K(128K)->7K(128K)
[2026-06-17T10:01:39.786+0800][37.414s][info][gc             ] GC(1444) Pause Young (Allocation Failure) 47M->40M(57M) 3.356ms
[2026-06-17T10:01:39.787+0800][37.414s][info][gc,cpu         ] GC(1444) User=0.01s Sys=0.00s Real=0.00s
[2026-06-17T10:01:39.798+0800][37.426s][info][gc,start       ] GC(1445) Pause Young (Allocation Failure)
[2026-06-17T10:01:39.799+0800][37.427s][info][gc,heap        ] GC(1445) PSYoungGen: 10195K(14336K)->2967K(14848K) Eden: 7019K(7168K)->0K(8192K) From: 3175K(7168K)->2967K(6656K)
[2026-06-17T10:01:39.801+0800][37.428s][info][gc,heap        ] GC(1445) ParOldGen: 38389K(44032K)->38389K(44032K)
[2026-06-17T10:01:39.801+0800][37.429s][info][gc,metaspace   ] GC(1445) Metaspace: 113K(320K)->113K(320K) NonClass: 105K(192K)->105K(192K) Class: 7K(128K)->7K(128K)
[2026-06-17T10:01:39.802+0800][37.429s][info][gc             ] GC(1445) Pause Young (Allocation Failure) 47M->40M(57M) 3.858ms
[2026-06-17T10:01:39.802+0800][37.430s][info][gc,cpu         ] GC(1445) User=0.00s Sys=0.00s Real=0.00s
[2026-06-17T10:01:39.833+0800][37.461s][info][gc,start       ] GC(1446) Pause Young (Allocation Failure)
[2026-06-17T10:01:39.838+0800][37.466s][info][gc,heap        ] GC(1446) PSYoungGen: 11153K(14848K)->4186K(14848K) Eden: 8186K(8192K)->0K(8192K) From: 2967K(6656K)->4186K(6656K)
[2026-06-17T10:01:39.841+0800][37.468s][info][gc,heap        ] GC(1446) ParOldGen: 38389K(44032K)->38389K(44032K)
[2026-06-17T10:01:39.842+0800][37.470s][info][gc,metaspace   ] GC(1446) Metaspace: 113K(320K)->113K(320K) NonClass: 105K(192K)->105K(192K) Class: 7K(128K)->7K(128K)
[2026-06-17T10:01:39.842+0800][37.470s][info][gc             ] GC(1446) Pause Young (Allocation Failure) 48M->41M(57M) 9.018ms
[2026-06-17T10:01:39.843+0800][37.470s][info][gc,cpu         ] GC(1446) User=0.00s Sys=0.01s Real=0.01s
[2026-06-17T10:01:39.854+0800][37.482s][info][gc,start       ] GC(1447) Pause Young (Allocation Failure)
[2026-06-17T10:01:39.859+0800][37.487s][info][gc,heap        ] GC(1447) PSYoungGen: 12345K(14848K)->6635K(13824K) Eden: 8159K(8192K)->0K(7168K) From: 4186K(6656K)->6635K(6656K)
[2026-06-17T10:01:39.862+0800][37.490s][info][gc,heap        ] GC(1447) ParOldGen: 38389K(44032K)->40611K(44032K)
[2026-06-17T10:01:39.866+0800][37.494s][info][gc,metaspace   ] GC(1447) Metaspace: 113K(320K)->113K(320K) NonClass: 105K(192K)->105K(192K) Class: 7K(128K)->7K(128K)
[2026-06-17T10:01:39.866+0800][37.494s][info][gc             ] GC(1447) Pause Young (Allocation Failure) 49M->46M(56M) 12.479ms
[2026-06-17T10:01:39.867+0800][37.494s][info][gc,cpu         ] GC(1447) User=0.00s Sys=0.00s Real=0.01s
[2026-06-17T10:01:39.891+0800][37.519s][info][gc,start       ] GC(1448) Pause Full (Ergonomics)
[2026-06-17T10:01:39.896+0800][37.523s][info][gc,phases,start] GC(1448) Marking Phase
[2026-06-17T10:01:39.903+0800][37.530s][info][gc,phases      ] GC(1448) Marking Phase 7.021ms
[2026-06-17T10:01:39.906+0800][37.534s][info][gc,phases,start] GC(1448) Summary Phase
[2026-06-17T10:01:39.911+0800][37.539s][info][gc,phases      ] GC(1448) Summary Phase 4.644ms
[2026-06-17T10:01:39.915+0800][37.543s][info][gc,phases,start] GC(1448) Adjust Roots
[2026-06-17T10:01:39.921+0800][37.549s][info][gc,phases      ] GC(1448) Adjust Roots 6.220ms
[2026-06-17T10:01:39.925+0800][37.553s][info][gc,phases,start] GC(1448) Compaction Phase
[2026-06-17T10:01:39.929+0800][37.556s][info][gc,phases      ] GC(1448) Compaction Phase 3.618ms
[2026-06-17T10:01:39.929+0800][37.557s][info][gc,phases,start] GC(1448) Post Compact
[2026-06-17T10:01:39.930+0800][37.557s][info][gc,phases      ] GC(1448) Post Compact 0.528ms
[2026-06-17T10:01:39.930+0800][37.558s][info][gc,heap        ] GC(1448) PSYoungGen: 13578K(13824K)->0K(14336K) Eden: 6943K(7168K)->0K(7168K) From: 6635K(6656K)->0K(7168K)
[2026-06-17T10:01:39.930+0800][37.558s][info][gc,heap        ] GC(1448) ParOldGen: 40611K(44032K)->20347K(44032K)
[2026-06-17T10:01:39.931+0800][37.558s][info][gc,metaspace   ] GC(1448) Metaspace: 113K(320K)->113K(320K) NonClass: 105K(192K)->105K(192K) Class: 7K(128K)->7K(128K)
[2026-06-17T10:01:39.932+0800][37.560s][info][gc             ] GC(1448) Pause Full (Ergonomics) 52M->19M(57M) 41.011ms
[2026-06-17T10:01:39.934+0800][37.561s][info][gc,cpu         ] GC(1448) User=0.00s Sys=0.00s Real=0.04s
[2026-06-17T10:01:39.956+0800][37.584s][info][gc,start       ] GC(1449) Pause Young (Allocation Failure)
[2026-06-17T10:01:39.957+0800][37.584s][info][gc,heap        ] GC(1449) PSYoungGen: 7153K(14336K)->3873K(14336K) Eden: 7153K(7168K)->0K(7168K) From: 0K(7168K)->3873K(7168K)
[2026-06-17T10:01:39.958+0800][37.586s][info][gc,heap        ] GC(1449) ParOldGen: 20347K(44032K)->20347K(44032K)
[2026-06-17T10:01:39.960+0800][37.588s][info][gc,metaspace   ] GC(1449) Metaspace: 113K(320K)->113K(320K) NonClass: 105K(192K)->105K(192K) Class: 7K(128K)->7K(128K)
[2026-06-17T10:01:39.961+0800][37.588s][info][gc             ] GC(1449) Pause Young (Allocation Failure) 26M->23M(57M) 4.676ms
[2026-06-17T10:01:39.963+0800][37.591s][info][gc,cpu         ] GC(1449) User=0.00s Sys=0.00s Real=0.01s
[2026-06-17T10:01:39.975+0800][37.603s][info][gc,start       ] GC(1450) Pause Young (Allocation Failure)
[2026-06-17T10:01:39.977+0800][37.604s][info][gc,heap        ] GC(1450) PSYoungGen: 10908K(14336K)->3793K(14336K) Eden: 7034K(7168K)->0K(7168K) From: 3873K(7168K)->3793K(7168K)
[2026-06-17T10:01:39.979+0800][37.607s][info][gc,heap        ] GC(1450) ParOldGen: 20347K(44032K)->20347K(44032K)
[2026-06-17T10:01:39.979+0800][37.607s][info][gc,metaspace   ] GC(1450) Metaspace: 113K(320K)->113K(320K) NonClass: 105K(192K)->105K(192K) Class: 7K(128K)->7K(128K)
[2026-06-17T10:01:39.979+0800][37.607s][info][gc             ] GC(1450) Pause Young (Allocation Failure) 30M->23M(57M) 4.566ms
[2026-06-17T10:01:39.980+0800][37.607s][info][gc,cpu         ] GC(1450) User=0.00s Sys=0.00s Real=0.00s
[2026-06-17T10:01:40.001+0800][37.629s][info][gc,start       ] GC(1451) Pause Young (Allocation Failure)
[2026-06-17T10:01:40.003+0800][37.630s][info][gc,heap        ] GC(1451) PSYoungGen: 10941K(14336K)->7072K(14336K) Eden: 7148K(7168K)->0K(7168K) From: 3793K(7168K)->7072K(7168K)
[2026-06-17T10:01:40.004+0800][37.632s][info][gc,heap        ] GC(1451) ParOldGen: 20347K(44032K)->20867K(44032K)
[2026-06-17T10:01:40.006+0800][37.634s][info][gc,metaspace   ] GC(1451) Metaspace: 113K(320K)->113K(320K) NonClass: 105K(192K)->105K(192K) Class: 7K(128K)->7K(128K)
[2026-06-17T10:01:40.007+0800][37.634s][info][gc             ] GC(1451) Pause Young (Allocation Failure) 30M->27M(57M) 5.590ms
[2026-06-17T10:01:40.007+0800][37.635s][info][gc,cpu         ] GC(1451) User=0.00s Sys=0.00s Real=0.01s
[2026-06-17T10:01:40.029+0800][37.656s][info][gc,start       ] GC(1452) Pause Young (Allocation Failure)
[2026-06-17T10:01:40.030+0800][37.657s][info][gc,heap        ] GC(1452) PSYoungGen: 14233K(14336K)->6931K(14336K) Eden: 7161K(7168K)->0K(7168K) From: 7072K(7168K)->6931K(7168K)
[2026-06-17T10:01:40.030+0800][37.658s][info][gc,heap        ] GC(1452) ParOldGen: 20867K(44032K)->21179K(44032K)
[2026-06-17T10:01:40.030+0800][37.658s][info][gc,metaspace   ] GC(1452) Metaspace: 113K(320K)->113K(320K) NonClass: 105K(192K)->105K(192K) Class: 7K(128K)->7K(128K)
[2026-06-17T10:01:40.031+0800][37.659s][info][gc             ] GC(1452) Pause Young (Allocation Failure) 34M->27M(57M) 2.129ms
[2026-06-17T10:01:40.031+0800][37.659s][info][gc,cpu         ] GC(1452) User=0.00s Sys=0.00s Real=0.01s
[2026-06-17T10:01:40.053+0800][37.681s][info][gc,start       ] GC(1453) Pause Young (Allocation Failure)
[2026-06-17T10:01:40.054+0800][37.682s][info][gc,heap        ] GC(1453) PSYoungGen: 14048K(14336K)->4241K(14336K) Eden: 7116K(7168K)->0K(7168K) From: 6931K(7168K)->4241K(7168K)
[2026-06-17T10:01:40.055+0800][37.682s][info][gc,heap        ] GC(1453) ParOldGen: 21179K(44032K)->23929K(44032K)
[2026-06-17T10:01:40.055+0800][37.682s][info][gc,metaspace   ] GC(1453) Metaspace: 113K(320K)->113K(320K) NonClass: 105K(192K)->105K(192K) Class: 7K(128K)->7K(128K)
[2026-06-17T10:01:40.055+0800][37.683s][info][gc             ] GC(1453) Pause Young (Allocation Failure) 34M->27M(57M) 2.110ms
[2026-06-17T10:01:40.055+0800][37.683s][info][gc,cpu         ] GC(1453) User=0.00s Sys=0.00s Real=0.00s
[2026-06-17T10:01:40.066+0800][37.694s][info][gc,start       ] GC(1454) Pause Young (Allocation Failure)
[2026-06-17T10:01:40.068+0800][37.696s][info][gc,heap        ] GC(1454) PSYoungGen: 11368K(14336K)->6258K(14336K) Eden: 7127K(7168K)->0K(7168K) From: 4241K(7168K)->6258K(7168K)
[2026-06-17T10:01:40.069+0800][37.697s][info][gc,heap        ] GC(1454) ParOldGen: 23929K(44032K)->25430K(44032K)
[2026-06-17T10:01:40.071+0800][37.698s][info][gc,metaspace   ] GC(1454) Metaspace: 113K(320K)->113K(320K) NonClass: 105K(192K)->105K(192K) Class: 7K(128K)->7K(128K)
[2026-06-17T10:01:40.071+0800][37.699s][info][gc             ] GC(1454) Pause Young (Allocation Failure) 34M->30M(57M) 4.810ms
[2026-06-17T10:01:40.072+0800][37.700s][info][gc,cpu         ] GC(1454) User=0.00s Sys=0.00s Real=0.01s
[2026-06-17T10:01:40.094+0800][37.722s][info][gc,start       ] GC(1455) Pause Young (Allocation Failure)
[2026-06-17T10:01:40.095+0800][37.723s][info][gc,heap        ] GC(1455) PSYoungGen: 13404K(14336K)->5116K(14336K) Eden: 7146K(7168K)->0K(7168K) From: 6258K(7168K)->5116K(7168K)
[2026-06-17T10:01:40.096+0800][37.723s][info][gc,heap        ] GC(1455) ParOldGen: 25430K(44032K)->26772K(44032K)
[2026-06-17T10:01:40.096+0800][37.724s][info][gc,metaspace   ] GC(1455) Metaspace: 113K(320K)->113K(320K) NonClass: 105K(192K)->105K(192K) Class: 7K(128K)->7K(128K)
[2026-06-17T10:01:40.096+0800][37.724s][info][gc             ] GC(1455) Pause Young (Allocation Failure) 37M->31M(57M) 2.081ms
[2026-06-17T10:01:40.097+0800][37.724s][info][gc,cpu         ] GC(1455) User=0.00s Sys=0.00s Real=0.00s
[2026-06-17T10:01:40.118+0800][37.746s][info][gc,start       ] GC(1456) Pause Young (Allocation Failure)
[2026-06-17T10:01:40.119+0800][37.747s][info][gc,heap        ] GC(1456) PSYoungGen: 12234K(14336K)->3306K(14336K) Eden: 7118K(7168K)->0K(7168K) From: 5116K(7168K)->3306K(7168K)
[2026-06-17T10:01:40.120+0800][37.747s][info][gc,heap        ] GC(1456) ParOldGen: 26772K(44032K)->28905K(44032K)
[2026-06-17T10:01:40.120+0800][37.748s][info][gc,metaspace   ] GC(1456) Metaspace: 113K(320K)->113K(320K) NonClass: 105K(192K)->105K(192K) Class: 7K(128K)->7K(128K)
[2026-06-17T10:01:40.121+0800][37.748s][info][gc             ] GC(1456) Pause Young (Allocation Failure) 38M->31M(57M) 2.685ms
[2026-06-17T10:01:40.121+0800][37.749s][info][gc,cpu         ] GC(1456) User=0.00s Sys=0.00s Real=0.00s
[2026-06-17T10:01:40.132+0800][37.760s][info][gc,start       ] GC(1457) Pause Young (Allocation Failure)
[2026-06-17T10:01:40.133+0800][37.761s][info][gc,heap        ] GC(1457) PSYoungGen: 10369K(14336K)->1416K(14336K) Eden: 7063K(7168K)->0K(7168K) From: 3306K(7168K)->1416K(7168K)
[2026-06-17T10:01:40.134+0800][37.762s][info][gc,heap        ] GC(1457) ParOldGen: 28905K(44032K)->31087K(44032K)
[2026-06-17T10:01:40.134+0800][37.762s][info][gc,metaspace   ] GC(1457) Metaspace: 113K(320K)->113K(320K) NonClass: 105K(192K)->105K(192K) Class: 7K(128K)->7K(128K)
[2026-06-17T10:01:40.134+0800][37.762s][info][gc             ] GC(1457) Pause Young (Allocation Failure) 38M->31M(57M) 2.035ms
[2026-06-17T10:01:40.135+0800][37.762s][info][gc,cpu         ] GC(1457) User=0.00s Sys=0.00s Real=0.00s
[2026-06-17T10:01:40.156+0800][37.784s][info][gc,start       ] GC(1458) Pause Young (Allocation Failure)
[2026-06-17T10:01:40.157+0800][37.785s][info][gc,heap        ] GC(1458) PSYoungGen: 8530K(14336K)->3647K(14336K) Eden: 7114K(7168K)->0K(7168K) From: 1416K(7168K)->3647K(7168K)
[2026-06-17T10:01:40.158+0800][37.785s][info][gc,heap        ] GC(1458) ParOldGen: 31087K(44032K)->32479K(44032K)
[2026-06-17T10:01:40.158+0800][37.786s][info][gc,metaspace   ] GC(1458) Metaspace: 113K(320K)->113K(320K) NonClass: 105K(192K)->105K(192K) Class: 7K(128K)->7K(128K)
[2026-06-17T10:01:40.158+0800][37.786s][info][gc             ] GC(1458) Pause Young (Allocation Failure) 38M->35M(57M) 2.415ms
[2026-06-17T10:01:40.159+0800][37.786s][info][gc,cpu         ] GC(1458) User=0.00s Sys=0.00s Real=0.00s
[2026-06-17T10:01:40.170+0800][37.798s][info][gc,start       ] GC(1459) Pause Young (Allocation Failure)
[2026-06-17T10:01:40.171+0800][37.798s][info][gc,heap        ] GC(1459) PSYoungGen: 10139K(14336K)->2163K(14336K) Eden: 6492K(7168K)->0K(7168K) From: 3647K(7168K)->2163K(7168K)
[2026-06-17T10:01:40.171+0800][37.799s][info][gc,heap        ] GC(1459) ParOldGen: 32479K(44032K)->33174K(44032K)
[2026-06-17T10:01:40.172+0800][37.799s][info][gc,metaspace   ] GC(1459) Metaspace: 113K(320K)->113K(320K) NonClass: 105K(192K)->105K(192K) Class: 7K(128K)->7K(128K)
[2026-06-17T10:01:40.172+0800][37.800s][info][gc             ] GC(1459) Pause Young (Allocation Failure) 41M->34M(57M) 2.222ms
[2026-06-17T10:01:40.173+0800][37.800s][info][gc,cpu         ] GC(1459) User=0.00s Sys=0.00s Real=0.01s
[2026-06-17T10:01:40.194+0800][37.822s][info][gc,start       ] GC(1460) Pause Young (Allocation Failure)
[2026-06-17T10:01:40.195+0800][37.823s][info][gc,heap        ] GC(1460) PSYoungGen: 9321K(14336K)->3635K(14336K) Eden: 7157K(7168K)->0K(7168K) From: 2163K(7168K)->3635K(7168K)
[2026-06-17T10:01:40.196+0800][37.824s][info][gc,heap        ] GC(1460) ParOldGen: 33174K(44032K)->35313K(44032K)
[2026-06-17T10:01:40.197+0800][37.824s][info][gc,metaspace   ] GC(1460) Metaspace: 113K(320K)->113K(320K) NonClass: 105K(192K)->105K(192K) Class: 7K(128K)->7K(128K)
[2026-06-17T10:01:40.197+0800][37.825s][info][gc             ] GC(1460) Pause Young (Allocation Failure) 41M->38M(57M) 3.434ms
[2026-06-17T10:01:40.198+0800][37.826s][info][gc,cpu         ] GC(1460) User=0.00s Sys=0.00s Real=0.00s
[2026-06-17T10:01:40.220+0800][37.848s][info][gc,start       ] GC(1461) Pause Young (Allocation Failure)
[2026-06-17T10:01:40.223+0800][37.850s][info][gc,heap        ] GC(1461) PSYoungGen: 10778K(14336K)->2963K(14336K) Eden: 7143K(7168K)->0K(7168K) From: 3635K(7168K)->2963K(7168K)
[2026-06-17T10:01:40.224+0800][37.852s][info][gc,heap        ] GC(1461) ParOldGen: 35313K(44032K)->36162K(44032K)
[2026-06-17T10:01:40.225+0800][37.852s][info][gc,metaspace   ] GC(1461) Metaspace: 113K(320K)->113K(320K) NonClass: 105K(192K)->105K(192K) Class: 7K(128K)->7K(128K)
[2026-06-17T10:01:40.226+0800][37.853s][info][gc             ] GC(1461) Pause Young (Allocation Failure) 45M->38M(57M) 5.703ms
[2026-06-17T10:01:40.226+0800][37.854s][info][gc,cpu         ] GC(1461) User=0.00s Sys=0.00s Real=0.01s
[2026-06-17T10:01:40.248+0800][37.876s][info][gc,start       ] GC(1462) Pause Young (Allocation Failure)
[2026-06-17T10:01:40.260+0800][37.888s][info][gc,heap        ] GC(1462) PSYoungGen: 10103K(14336K)->1225K(14336K) Eden: 7140K(7168K)->0K(7168K) From: 2963K(7168K)->1225K(7168K)
[2026-06-17T10:01:40.300+0800][37.927s][info][gc,heap        ] GC(1462) ParOldGen: 36162K(44032K)->38198K(44032K)
[2026-06-17T10:01:40.306+0800][37.933s][info][gc,metaspace   ] GC(1462) Metaspace: 113K(320K)->113K(320K) NonClass: 105K(192K)->105K(192K) Class: 7K(128K)->7K(128K)
[2026-06-17T10:01:40.307+0800][37.935s][info][gc             ] GC(1462) Pause Young (Allocation Failure) 45M->38M(57M) 58.929ms
[2026-06-17T10:01:40.309+0800][37.937s][info][gc,cpu         ] GC(1462) User=0.00s Sys=0.00s Real=0.06s
[2026-06-17T10:01:40.320+0800][37.948s][info][gc,start       ] GC(1463) Pause Young (Allocation Failure)
[2026-06-17T10:01:40.326+0800][37.954s][info][gc,heap        ] GC(1463) PSYoungGen: 8384K(14336K)->5041K(14336K) Eden: 7159K(7168K)->0K(7168K) From: 1225K(7168K)->5041K(7168K)
[2026-06-17T10:01:40.330+0800][37.958s][info][gc,heap        ] GC(1463) ParOldGen: 38198K(44032K)->38198K(44032K)
[2026-06-17T10:01:40.331+0800][37.959s][info][gc,metaspace   ] GC(1463) Metaspace: 113K(320K)->113K(320K) NonClass: 105K(192K)->105K(192K) Class: 7K(128K)->7K(128K)
[2026-06-17T10:01:40.332+0800][37.959s][info][gc             ] GC(1463) Pause Young (Allocation Failure) 45M->42M(57M) 11.088ms
[2026-06-17T10:01:40.333+0800][37.961s][info][gc,cpu         ] GC(1463) User=0.00s Sys=0.00s Real=0.02s
[2026-06-17T10:01:40.358+0800][37.986s][info][gc,start       ] GC(1464) Pause Young (Allocation Failure)
[2026-06-17T10:01:40.361+0800][37.989s][info][gc,heap        ] GC(1464) PSYoungGen: 12173K(14336K)->3160K(14336K) Eden: 7132K(7168K)->0K(7168K) From: 5041K(7168K)->3160K(7168K)
[2026-06-17T10:01:40.365+0800][37.993s][info][gc,heap        ] GC(1464) ParOldGen: 38198K(44032K)->40309K(44032K)
[2026-06-17T10:01:40.369+0800][37.997s][info][gc,metaspace   ] GC(1464) Metaspace: 113K(320K)->113K(320K) NonClass: 105K(192K)->105K(192K) Class: 7K(128K)->7K(128K)
[2026-06-17T10:01:40.373+0800][38.000s][info][gc             ] GC(1464) Pause Young (Allocation Failure) 49M->42M(57M) 14.600ms
[2026-06-17T10:01:40.373+0800][38.001s][info][gc,cpu         ] GC(1464) User=0.00s Sys=0.00s Real=0.02s
[2026-06-17T10:01:40.395+0800][38.023s][info][gc,start       ] GC(1465) Pause Young (Allocation Failure)
[2026-06-17T10:01:40.398+0800][38.026s][info][gc,heap        ] GC(1465) PSYoungGen: 10312K(14336K)->3402K(14336K) Eden: 7152K(7168K)->0K(7168K) From: 3160K(7168K)->3402K(7168K)
[2026-06-17T10:01:40.398+0800][38.026s][info][gc,heap        ] GC(1465) ParOldGen: 40309K(44032K)->40309K(44032K)
[2026-06-17T10:01:40.399+0800][38.026s][info][gc,metaspace   ] GC(1465) Metaspace: 113K(320K)->113K(320K) NonClass: 105K(192K)->105K(192K) Class: 7K(128K)->7K(128K)
[2026-06-17T10:01:40.402+0800][38.029s][info][gc             ] GC(1465) Pause Young (Allocation Failure) 49M->42M(57M) 6.645ms
[2026-06-17T10:01:40.406+0800][38.033s][info][gc,cpu         ] GC(1465) User=0.00s Sys=0.00s Real=0.01s
[2026-06-17T10:01:40.421+0800][38.049s][info][gc,start       ] GC(1466) Pause Young (Allocation Failure)
[2026-06-17T10:01:40.426+0800][38.054s][info][gc,heap        ] GC(1466) PSYoungGen: 10448K(14336K)->3445K(14336K) Eden: 7046K(7168K)->0K(7168K) From: 3402K(7168K)->3445K(7168K)
[2026-06-17T10:01:40.429+0800][38.057s][info][gc,heap        ] GC(1466) ParOldGen: 40309K(44032K)->40309K(44032K)
[2026-06-17T10:01:40.433+0800][38.061s][info][gc,metaspace   ] GC(1466) Metaspace: 113K(320K)->113K(320K) NonClass: 105K(192K)->105K(192K) Class: 7K(128K)->7K(128K)
[2026-06-17T10:01:40.441+0800][38.068s][info][gc             ] GC(1466) Pause Young (Allocation Failure) 49M->42M(57M) 19.550ms
[2026-06-17T10:01:40.445+0800][38.073s][info][gc,cpu         ] GC(1466) User=0.00s Sys=0.00s Real=0.03s
[2026-06-17T10:01:40.471+0800][38.099s][info][gc,start       ] GC(1467) Pause Young (Allocation Failure)
[2026-06-17T10:01:40.473+0800][38.101s][info][gc,heap        ] GC(1467) PSYoungGen: 10597K(14336K)->6297K(13824K) Eden: 7152K(7168K)->0K(7168K) From: 3445K(7168K)->6297K(6656K)
[2026-06-17T10:01:40.475+0800][38.102s][info][gc,heap        ] GC(1467) ParOldGen: 40309K(44032K)->41055K(44032K)
[2026-06-17T10:01:40.477+0800][38.105s][info][gc,metaspace   ] GC(1467) Metaspace: 113K(320K)->113K(320K) NonClass: 105K(192K)->105K(192K) Class: 7K(128K)->7K(128K)
[2026-06-17T10:01:40.479+0800][38.106s][info][gc             ] GC(1467) Pause Young (Allocation Failure) 49M->46M(56M) 7.601ms
[2026-06-17T10:01:40.480+0800][38.108s][info][gc,cpu         ] GC(1467) User=0.00s Sys=0.00s Real=0.00s
[2026-06-17T10:01:40.504+0800][38.132s][info][gc,start       ] GC(1468) Pause Full (Ergonomics)
[2026-06-17T10:01:40.507+0800][38.135s][info][gc,phases,start] GC(1468) Marking Phase
[2026-06-17T10:01:40.508+0800][38.136s][info][gc,phases      ] GC(1468) Marking Phase 1.185ms
[2026-06-17T10:01:40.509+0800][38.136s][info][gc,phases,start] GC(1468) Summary Phase
[2026-06-17T10:01:40.509+0800][38.137s][info][gc,phases      ] GC(1468) Summary Phase 0.443ms
[2026-06-17T10:01:40.509+0800][38.137s][info][gc,phases,start] GC(1468) Adjust Roots
[2026-06-17T10:01:40.510+0800][38.137s][info][gc,phases      ] GC(1468) Adjust Roots 0.342ms
[2026-06-17T10:01:40.510+0800][38.138s][info][gc,phases,start] GC(1468) Compaction Phase
[2026-06-17T10:01:40.512+0800][38.139s][info][gc,phases      ] GC(1468) Compaction Phase 1.863ms
[2026-06-17T10:01:40.512+0800][38.140s][info][gc,phases,start] GC(1468) Post Compact
[2026-06-17T10:01:40.512+0800][38.140s][info][gc,phases      ] GC(1468) Post Compact 0.313ms
[2026-06-17T10:01:40.513+0800][38.140s][info][gc,heap        ] GC(1468) PSYoungGen: 13465K(13824K)->0K(14336K) Eden: 7168K(7168K)->0K(7168K) From: 6297K(6656K)->0K(7168K)
[2026-06-17T10:01:40.513+0800][38.141s][info][gc,heap        ] GC(1468) ParOldGen: 41055K(44032K)->29343K(44032K)
[2026-06-17T10:01:40.513+0800][38.141s][info][gc,metaspace   ] GC(1468) Metaspace: 113K(320K)->113K(320K) NonClass: 105K(192K)->105K(192K) Class: 7K(128K)->7K(128K)
[2026-06-17T10:01:40.513+0800][38.141s][info][gc             ] GC(1468) Pause Full (Ergonomics) 53M->28M(57M) 8.741ms
[2026-06-17T10:01:40.513+0800][38.141s][info][gc,cpu         ] GC(1468) User=0.00s Sys=0.00s Real=0.01s
[2026-06-17T10:01:40.524+0800][38.152s][info][gc,start       ] GC(1469) Pause Young (Allocation Failure)
[2026-06-17T10:01:40.525+0800][38.153s][info][gc,heap        ] GC(1469) PSYoungGen: 6569K(14336K)->2987K(14336K) Eden: 6569K(7168K)->0K(7168K) From: 0K(7168K)->2987K(7168K)
[2026-06-17T10:01:40.525+0800][38.153s][info][gc,heap        ] GC(1469) ParOldGen: 29343K(44032K)->29343K(44032K)
[2026-06-17T10:01:40.525+0800][38.153s][info][gc,metaspace   ] GC(1469) Metaspace: 113K(320K)->113K(320K) NonClass: 105K(192K)->105K(192K) Class: 7K(128K)->7K(128K)
[2026-06-17T10:01:40.526+0800][38.153s][info][gc             ] GC(1469) Pause Young (Allocation Failure) 35M->31M(57M) 1.450ms
[2026-06-17T10:01:40.526+0800][38.153s][info][gc,cpu         ] GC(1469) User=0.00s Sys=0.00s Real=0.00s
[2026-06-17T10:01:40.547+0800][38.175s][info][gc,start       ] GC(1470) Pause Young (Allocation Failure)
[2026-06-17T10:01:40.548+0800][38.176s][info][gc,heap        ] GC(1470) PSYoungGen: 10146K(14336K)->6431K(14336K) Eden: 7159K(7168K)->0K(7168K) From: 2987K(7168K)->6431K(7168K)
[2026-06-17T10:01:40.548+0800][38.176s][info][gc,heap        ] GC(1470) ParOldGen: 29343K(44032K)->29343K(44032K)
[2026-06-17T10:01:40.548+0800][38.176s][info][gc,metaspace   ] GC(1470) Metaspace: 113K(320K)->113K(320K) NonClass: 105K(192K)->105K(192K) Class: 7K(128K)->7K(128K)
[2026-06-17T10:01:40.549+0800][38.176s][info][gc             ] GC(1470) Pause Young (Allocation Failure) 38M->34M(57M) 1.783ms
[2026-06-17T10:01:40.549+0800][38.177s][info][gc,cpu         ] GC(1470) User=0.00s Sys=0.00s Real=0.00s
[2026-06-17T10:01:40.570+0800][38.198s][info][gc,start       ] GC(1471) Pause Young (Allocation Failure)
[2026-06-17T10:01:40.571+0800][38.199s][info][gc,heap        ] GC(1471) PSYoungGen: 13599K(14336K)->3533K(14336K) Eden: 7168K(7168K)->0K(7168K) From: 6431K(7168K)->3533K(7168K)
[2026-06-17T10:01:40.572+0800][38.199s][info][gc,heap        ] GC(1471) ParOldGen: 29343K(44032K)->32282K(44032K)
[2026-06-17T10:01:40.572+0800][38.200s][info][gc,metaspace   ] GC(1471) Metaspace: 113K(320K)->113K(320K) NonClass: 105K(192K)->105K(192K) Class: 7K(128K)->7K(128K)
[2026-06-17T10:01:40.572+0800][38.200s][info][gc             ] GC(1471) Pause Young (Allocation Failure) 41M->34M(57M) 2.178ms
[2026-06-17T10:01:40.572+0800][38.200s][info][gc,cpu         ] GC(1471) User=0.00s Sys=0.00s Real=0.01s
[2026-06-17T10:01:40.583+0800][38.211s][info][gc,start       ] GC(1472) Pause Young (Allocation Failure)
[2026-06-17T10:01:40.584+0800][38.212s][info][gc,heap        ] GC(1472) PSYoungGen: 10698K(14336K)->4720K(14336K) Eden: 7165K(7168K)->0K(7168K) From: 3533K(7168K)->4720K(7168K)
[2026-06-17T10:01:40.585+0800][38.213s][info][gc,heap        ] GC(1472) ParOldGen: 32282K(44032K)->34994K(44032K)
[2026-06-17T10:01:40.585+0800][38.213s][info][gc,metaspace   ] GC(1472) Metaspace: 113K(320K)->113K(320K) NonClass: 105K(192K)->105K(192K) Class: 7K(128K)->7K(128K)
[2026-06-17T10:01:40.585+0800][38.213s][info][gc             ] GC(1472) Pause Young (Allocation Failure) 41M->38M(57M) 1.796ms
[2026-06-17T10:01:40.585+0800][38.213s][info][gc,cpu         ] GC(1472) User=0.00s Sys=0.00s Real=0.00s
[2026-06-17T10:01:40.606+0800][38.234s][info][gc,start       ] GC(1473) Pause Young (Allocation Failure)
[2026-06-17T10:01:40.607+0800][38.235s][info][gc,heap        ] GC(1473) PSYoungGen: 11878K(14336K)->2617K(14336K) Eden: 7158K(7168K)->0K(7168K) From: 4720K(7168K)->2617K(7168K)
[2026-06-17T10:01:40.608+0800][38.235s][info][gc,heap        ] GC(1473) ParOldGen: 34994K(44032K)->37225K(44032K)
[2026-06-17T10:01:40.608+0800][38.235s][info][gc,metaspace   ] GC(1473) Metaspace: 113K(320K)->113K(320K) NonClass: 105K(192K)->105K(192K) Class: 7K(128K)->7K(128K)
[2026-06-17T10:01:40.608+0800][38.236s][info][gc             ] GC(1473) Pause Young (Allocation Failure) 45M->38M(57M) 1.463ms
[2026-06-17T10:01:40.608+0800][38.236s][info][gc,cpu         ] GC(1473) User=0.00s Sys=0.00s Real=0.00s
[2026-06-17T10:01:40.629+0800][38.257s][info][gc,start       ] GC(1474) Pause Young (Allocation Failure)
[2026-06-17T10:01:40.630+0800][38.257s][info][gc,heap        ] GC(1474) PSYoungGen: 9732K(14336K)->2846K(14336K) Eden: 7114K(7168K)->0K(7168K) From: 2617K(7168K)->2846K(7168K)
[2026-06-17T10:01:40.630+0800][38.258s][info][gc,heap        ] GC(1474) ParOldGen: 37225K(44032K)->37225K(44032K)
[2026-06-17T10:01:40.630+0800][38.258s][info][gc,metaspace   ] GC(1474) Metaspace: 113K(320K)->113K(320K) NonClass: 105K(192K)->105K(192K) Class: 7K(128K)->7K(128K)
[2026-06-17T10:01:40.630+0800][38.258s][info][gc             ] GC(1474) Pause Young (Allocation Failure) 45M->39M(57M) 1.226ms
[2026-06-17T10:01:40.630+0800][38.258s][info][gc,cpu         ] GC(1474) User=0.01s Sys=0.00s Real=0.00s
[2026-06-17T10:01:40.641+0800][38.269s][info][gc,start       ] GC(1475) Pause Young (Allocation Failure)
[2026-06-17T10:01:40.642+0800][38.270s][info][gc,heap        ] GC(1475) PSYoungGen: 9887K(14336K)->3050K(14336K) Eden: 7041K(7168K)->0K(7168K) From: 2846K(7168K)->3050K(7168K)
[2026-06-17T10:01:40.642+0800][38.270s][info][gc,heap        ] GC(1475) ParOldGen: 37225K(44032K)->37225K(44032K)
[2026-06-17T10:01:40.642+0800][38.270s][info][gc,metaspace   ] GC(1475) Metaspace: 113K(320K)->113K(320K) NonClass: 105K(192K)->105K(192K) Class: 7K(128K)->7K(128K)
[2026-06-17T10:01:40.642+0800][38.270s][info][gc             ] GC(1475) Pause Young (Allocation Failure) 46M->39M(57M) 1.207ms
[2026-06-17T10:01:40.642+0800][38.270s][info][gc,cpu         ] GC(1475) User=0.00s Sys=0.00s Real=0.01s
[2026-06-17T10:01:40.664+0800][38.291s][info][gc,start       ] GC(1476) Pause Young (Allocation Failure)
[2026-06-17T10:01:40.665+0800][38.293s][info][gc,heap        ] GC(1476) PSYoungGen: 10215K(14336K)->6623K(14336K) Eden: 7165K(7168K)->0K(7168K) From: 3050K(7168K)->6623K(7168K)
[2026-06-17T10:01:40.665+0800][38.293s][info][gc,heap        ] GC(1476) ParOldGen: 37225K(44032K)->37225K(44032K)
[2026-06-17T10:01:40.665+0800][38.293s][info][gc,metaspace   ] GC(1476) Metaspace: 113K(320K)->113K(320K) NonClass: 105K(192K)->105K(192K) Class: 7K(128K)->7K(128K)
[2026-06-17T10:01:40.666+0800][38.293s][info][gc             ] GC(1476) Pause Young (Allocation Failure) 46M->42M(57M) 1.879ms
[2026-06-17T10:01:40.666+0800][38.294s][info][gc,cpu         ] GC(1476) User=0.00s Sys=0.00s Real=0.00s
[2026-06-17T10:01:40.687+0800][38.315s][info][gc,start       ] GC(1477) Pause Young (Allocation Failure)
[2026-06-17T10:01:40.689+0800][38.316s][info][gc,heap        ] GC(1477) PSYoungGen: 13763K(14336K)->3841K(14336K) Eden: 7140K(7168K)->0K(7168K) From: 6623K(7168K)->3841K(7168K)
[2026-06-17T10:01:40.689+0800][38.317s][info][gc,heap        ] GC(1477) ParOldGen: 37225K(44032K)->40227K(44032K)
[2026-06-17T10:01:40.689+0800][38.317s][info][gc,metaspace   ] GC(1477) Metaspace: 113K(320K)->113K(320K) NonClass: 105K(192K)->105K(192K) Class: 7K(128K)->7K(128K)
[2026-06-17T10:01:40.690+0800][38.317s][info][gc             ] GC(1477) Pause Young (Allocation Failure) 49M->43M(57M) 2.707ms
[2026-06-17T10:01:40.690+0800][38.318s][info][gc,cpu         ] GC(1477) User=0.00s Sys=0.00s Real=0.00s
[2026-06-17T10:01:40.711+0800][38.339s][info][gc,start       ] GC(1478) Pause Full (Ergonomics)
[2026-06-17T10:01:40.712+0800][38.340s][info][gc,phases,start] GC(1478) Marking Phase
[2026-06-17T10:01:40.714+0800][38.341s][info][gc,phases      ] GC(1478) Marking Phase 1.834ms
[2026-06-17T10:01:40.714+0800][38.342s][info][gc,phases,start] GC(1478) Summary Phase
[2026-06-17T10:01:40.714+0800][38.342s][info][gc,phases      ] GC(1478) Summary Phase 0.296ms
[2026-06-17T10:01:40.715+0800][38.342s][info][gc,phases,start] GC(1478) Adjust Roots
[2026-06-17T10:01:40.715+0800][38.343s][info][gc,phases      ] GC(1478) Adjust Roots 0.292ms
[2026-06-17T10:01:40.715+0800][38.343s][info][gc,phases,start] GC(1478) Compaction Phase
[2026-06-17T10:01:40.717+0800][38.344s][info][gc,phases      ] GC(1478) Compaction Phase 1.543ms
[2026-06-17T10:01:40.717+0800][38.345s][info][gc,phases,start] GC(1478) Post Compact
[2026-06-17T10:01:40.717+0800][38.345s][info][gc,phases      ] GC(1478) Post Compact 0.232ms
[2026-06-17T10:01:40.717+0800][38.345s][info][gc,heap        ] GC(1478) PSYoungGen: 10988K(14336K)->0K(14336K) Eden: 7147K(7168K)->0K(7168K) From: 3841K(7168K)->0K(7168K)
[2026-06-17T10:01:40.717+0800][38.345s][info][gc,heap        ] GC(1478) ParOldGen: 40227K(44032K)->29919K(44032K)
[2026-06-17T10:01:40.718+0800][38.345s][info][gc,metaspace   ] GC(1478) Metaspace: 113K(320K)->113K(320K) NonClass: 105K(192K)->105K(192K) Class: 7K(128K)->7K(128K)
[2026-06-17T10:01:40.718+0800][38.346s][info][gc             ] GC(1478) Pause Full (Ergonomics) 50M->29M(57M) 6.866ms
[2026-06-17T10:01:40.718+0800][38.346s][info][gc,cpu         ] GC(1478) User=0.01s Sys=0.00s Real=0.00s
[2026-06-17T10:01:40.729+0800][38.357s][info][gc,start       ] GC(1479) Pause Young (Allocation Failure)
[2026-06-17T10:01:40.730+0800][38.358s][info][gc,heap        ] GC(1479) PSYoungGen: 7167K(14336K)->6966K(14336K) Eden: 7167K(7168K)->0K(7168K) From: 0K(7168K)->6966K(7168K)
[2026-06-17T10:01:40.732+0800][38.360s][info][gc,heap        ] GC(1479) ParOldGen: 29919K(44032K)->30199K(44032K)
[2026-06-17T10:01:40.735+0800][38.362s][info][gc,metaspace   ] GC(1479) Metaspace: 113K(320K)->113K(320K) NonClass: 105K(192K)->105K(192K) Class: 7K(128K)->7K(128K)
[2026-06-17T10:01:40.735+0800][38.362s][info][gc             ] GC(1479) Pause Young (Allocation Failure) 36M->36M(57M) 5.893ms
[2026-06-17T10:01:40.735+0800][38.363s][info][gc,cpu         ] GC(1479) User=0.00s Sys=0.00s Real=0.01s
[2026-06-17T10:01:40.756+0800][38.384s][info][gc,start       ] GC(1480) Pause Young (Allocation Failure)
[2026-06-17T10:01:40.758+0800][38.385s][info][gc,heap        ] GC(1480) PSYoungGen: 14099K(14336K)->3549K(14336K) Eden: 7133K(7168K)->0K(7168K) From: 6966K(7168K)->3549K(7168K)
[2026-06-17T10:01:40.758+0800][38.386s][info][gc,heap        ] GC(1480) ParOldGen: 30199K(44032K)->34135K(44032K)
[2026-06-17T10:01:40.758+0800][38.386s][info][gc,metaspace   ] GC(1480) Metaspace: 113K(320K)->113K(320K) NonClass: 105K(192K)->105K(192K) Class: 7K(128K)->7K(128K)
[2026-06-17T10:01:40.758+0800][38.386s][info][gc             ] GC(1480) Pause Young (Allocation Failure) 43M->36M(57M) 2.071ms
[2026-06-17T10:01:40.759+0800][38.386s][info][gc,cpu         ] GC(1480) User=0.00s Sys=0.00s Real=0.00s
[2026-06-17T10:01:40.780+0800][38.407s][info][gc,start       ] GC(1481) Pause Young (Allocation Failure)
[2026-06-17T10:01:40.781+0800][38.409s][info][gc,heap        ] GC(1481) PSYoungGen: 10697K(14336K)->2660K(14336K) Eden: 7147K(7168K)->0K(7168K) From: 3549K(7168K)->2660K(7168K)
[2026-06-17T10:01:40.781+0800][38.409s][info][gc,heap        ] GC(1481) ParOldGen: 34135K(44032K)->35238K(44032K)
[2026-06-17T10:01:40.781+0800][38.409s][info][gc,metaspace   ] GC(1481) Metaspace: 113K(320K)->113K(320K) NonClass: 105K(192K)->105K(192K) Class: 7K(128K)->7K(128K)
[2026-06-17T10:01:40.782+0800][38.409s][info][gc             ] GC(1481) Pause Young (Allocation Failure) 43M->37M(57M) 2.000ms
[2026-06-17T10:01:40.782+0800][38.410s][info][gc,cpu         ] GC(1481) User=0.00s Sys=0.00s Real=0.00s
[2026-06-17T10:01:40.793+0800][38.420s][info][gc,start       ] GC(1482) Pause Young (Allocation Failure)
[2026-06-17T10:01:40.794+0800][38.421s][info][gc,heap        ] GC(1482) PSYoungGen: 9776K(14336K)->1150K(14336K) Eden: 7116K(7168K)->0K(7168K) From: 2660K(7168K)->1150K(7168K)
[2026-06-17T10:01:40.794+0800][38.422s][info][gc,heap        ] GC(1482) ParOldGen: 35238K(44032K)->37108K(44032K)
[2026-06-17T10:01:40.795+0800][38.422s][info][gc,metaspace   ] GC(1482) Metaspace: 113K(320K)->113K(320K) NonClass: 105K(192K)->105K(192K) Class: 7K(128K)->7K(128K)
[2026-06-17T10:01:40.795+0800][38.422s][info][gc             ] GC(1482) Pause Young (Allocation Failure) 43M->37M(57M) 2.007ms
[2026-06-17T10:01:40.795+0800][38.423s][info][gc,cpu         ] GC(1482) User=0.00s Sys=0.00s Real=0.00s
[2026-06-17T10:01:40.816+0800][38.444s][info][gc,start       ] GC(1483) Pause Young (Allocation Failure)
[2026-06-17T10:01:40.817+0800][38.445s][info][gc,heap        ] GC(1483) PSYoungGen: 8281K(14336K)->3837K(14336K) Eden: 7130K(7168K)->0K(7168K) From: 1150K(7168K)->3837K(7168K)
[2026-06-17T10:01:40.817+0800][38.445s][info][gc,heap        ] GC(1483) ParOldGen: 37108K(44032K)->38234K(44032K)
[2026-06-17T10:01:40.818+0800][38.445s][info][gc,metaspace   ] GC(1483) Metaspace: 113K(320K)->113K(320K) NonClass: 106K(192K)->106K(192K) Class: 7K(128K)->7K(128K)
[2026-06-17T10:01:40.818+0800][38.446s][info][gc             ] GC(1483) Pause Young (Allocation Failure) 44M->41M(57M) 1.882ms
[2026-06-17T10:01:40.818+0800][38.446s][info][gc,cpu         ] GC(1483) User=0.00s Sys=0.00s Real=0.00s
[2026-06-17T10:01:40.840+0800][38.468s][info][gc,start       ] GC(1484) Pause Young (Allocation Failure)
[2026-06-17T10:01:40.841+0800][38.469s][info][gc,heap        ] GC(1484) PSYoungGen: 10949K(14336K)->3227K(14336K) Eden: 7112K(7168K)->0K(7168K) From: 3837K(7168K)->3227K(7168K)
[2026-06-17T10:01:40.843+0800][38.470s][info][gc,heap        ] GC(1484) ParOldGen: 38234K(44032K)->39195K(44032K)
[2026-06-17T10:01:40.843+0800][38.471s][info][gc,metaspace   ] GC(1484) Metaspace: 113K(320K)->113K(320K) NonClass: 106K(192K)->106K(192K) Class: 7K(128K)->7K(128K)
[2026-06-17T10:01:40.843+0800][38.471s][info][gc             ] GC(1484) Pause Young (Allocation Failure) 48M->41M(57M) 3.322ms
[2026-06-17T10:01:40.843+0800][38.471s][info][gc,cpu         ] GC(1484) User=0.00s Sys=0.00s Real=0.01s
[2026-06-17T10:01:40.865+0800][38.493s][info][gc,start       ] GC(1485) Pause Young (Allocation Failure)
[2026-06-17T10:01:40.867+0800][38.495s][info][gc,heap        ] GC(1485) PSYoungGen: 10380K(14336K)->1439K(14336K) Eden: 7152K(7168K)->0K(7168K) From: 3227K(7168K)->1439K(7168K)
[2026-06-17T10:01:40.867+0800][38.495s][info][gc,heap        ] GC(1485) ParOldGen: 39195K(44032K)->41307K(44032K)
[2026-06-17T10:01:40.868+0800][38.496s][info][gc,metaspace   ] GC(1485) Metaspace: 113K(320K)->113K(320K) NonClass: 106K(192K)->106K(192K) Class: 7K(128K)->7K(128K)
[2026-06-17T10:01:40.869+0800][38.496s][info][gc             ] GC(1485) Pause Young (Allocation Failure) 48M->41M(57M) 3.462ms
[2026-06-17T10:01:40.870+0800][38.498s][info][gc,cpu         ] GC(1485) User=0.00s Sys=0.00s Real=0.00s
[2026-06-17T10:01:40.882+0800][38.510s][info][gc,start       ] GC(1486) Pause Full (Ergonomics)
[2026-06-17T10:01:40.883+0800][38.511s][info][gc,phases,start] GC(1486) Marking Phase
[2026-06-17T10:01:40.886+0800][38.514s][info][gc,phases      ] GC(1486) Marking Phase 2.790ms
[2026-06-17T10:01:40.887+0800][38.514s][info][gc,phases,start] GC(1486) Summary Phase
[2026-06-17T10:01:40.887+0800][38.515s][info][gc,phases      ] GC(1486) Summary Phase 0.515ms
[2026-06-17T10:01:40.888+0800][38.515s][info][gc,phases,start] GC(1486) Adjust Roots
[2026-06-17T10:01:40.888+0800][38.516s][info][gc,phases      ] GC(1486) Adjust Roots 0.674ms
[2026-06-17T10:01:40.889+0800][38.516s][info][gc,phases,start] GC(1486) Compaction Phase
[2026-06-17T10:01:40.891+0800][38.519s][info][gc,phases      ] GC(1486) Compaction Phase 2.541ms
[2026-06-17T10:01:40.892+0800][38.519s][info][gc,phases,start] GC(1486) Post Compact
[2026-06-17T10:01:40.892+0800][38.520s][info][gc,phases      ] GC(1486) Post Compact 0.488ms
[2026-06-17T10:01:40.893+0800][38.520s][info][gc,heap        ] GC(1486) PSYoungGen: 8605K(14336K)->0K(14336K) Eden: 7166K(7168K)->0K(7168K) From: 1439K(7168K)->0K(7168K)
[2026-06-17T10:01:40.893+0800][38.521s][info][gc,heap        ] GC(1486) ParOldGen: 41307K(44032K)->26529K(44032K)
[2026-06-17T10:01:40.894+0800][38.521s][info][gc,metaspace   ] GC(1486) Metaspace: 113K(320K)->113K(320K) NonClass: 106K(192K)->106K(192K) Class: 7K(128K)->7K(128K)
[2026-06-17T10:01:40.894+0800][38.522s][info][gc             ] GC(1486) Pause Full (Ergonomics) 48M->25M(57M) 11.588ms
[2026-06-17T10:01:40.894+0800][38.522s][info][gc,cpu         ] GC(1486) User=0.01s Sys=0.00s Real=0.02s
[2026-06-17T10:01:40.917+0800][38.544s][info][gc,start       ] GC(1487) Pause Young (Allocation Failure)
[2026-06-17T10:01:40.919+0800][38.546s][info][gc,heap        ] GC(1487) PSYoungGen: 7125K(14336K)->3499K(14336K) Eden: 7125K(7168K)->0K(7168K) From: 0K(7168K)->3499K(7168K)
[2026-06-17T10:01:40.920+0800][38.547s][info][gc,heap        ] GC(1487) ParOldGen: 26529K(44032K)->26529K(44032K)
[2026-06-17T10:01:40.920+0800][38.548s][info][gc,metaspace   ] GC(1487) Metaspace: 113K(320K)->113K(320K) NonClass: 106K(192K)->106K(192K) Class: 7K(128K)->7K(128K)
[2026-06-17T10:01:40.921+0800][38.548s][info][gc             ] GC(1487) Pause Young (Allocation Failure) 32M->29M(57M) 3.944ms
[2026-06-17T10:01:40.921+0800][38.549s][info][gc,cpu         ] GC(1487) User=0.00s Sys=0.00s Real=0.00s
[2026-06-17T10:01:40.943+0800][38.571s][info][gc,start       ] GC(1488) Pause Young (Allocation Failure)
[2026-06-17T10:01:40.945+0800][38.573s][info][gc,heap        ] GC(1488) PSYoungGen: 10666K(14336K)->3760K(14336K) Eden: 7167K(7168K)->0K(7168K) From: 3499K(7168K)->3760K(7168K)
[2026-06-17T10:01:40.946+0800][38.573s][info][gc,heap        ] GC(1488) ParOldGen: 26529K(44032K)->26529K(44032K)
[2026-06-17T10:01:40.946+0800][38.574s][info][gc,metaspace   ] GC(1488) Metaspace: 113K(320K)->113K(320K) NonClass: 106K(192K)->106K(192K) Class: 7K(128K)->7K(128K)
[2026-06-17T10:01:40.947+0800][38.574s][info][gc             ] GC(1488) Pause Young (Allocation Failure) 36M->29M(57M) 3.560ms
[2026-06-17T10:01:40.947+0800][38.575s][info][gc,cpu         ] GC(1488) User=0.01s Sys=0.00s Real=0.00s
[2026-06-17T10:01:40.959+0800][38.587s][info][gc,start       ] GC(1489) Pause Young (Allocation Failure)
[2026-06-17T10:01:40.960+0800][38.588s][info][gc,heap        ] GC(1489) PSYoungGen: 10873K(14336K)->3786K(14848K) Eden: 7113K(7168K)->0K(8192K) From: 3760K(7168K)->3786K(6656K)
[2026-06-17T10:01:40.961+0800][38.588s][info][gc,heap        ] GC(1489) ParOldGen: 26529K(44032K)->26529K(44032K)
[2026-06-17T10:01:40.961+0800][38.589s][info][gc,metaspace   ] GC(1489) Metaspace: 113K(320K)->113K(320K) NonClass: 106K(192K)->106K(192K) Class: 7K(128K)->7K(128K)
[2026-06-17T10:01:40.962+0800][38.590s][info][gc             ] GC(1489) Pause Young (Allocation Failure) 36M->29M(57M) 3.029ms
[2026-06-17T10:01:40.963+0800][38.590s][info][gc,cpu         ] GC(1489) User=0.00s Sys=0.01s Real=0.01s
[2026-06-17T10:01:40.984+0800][38.612s][info][gc,start       ] GC(1490) Pause Young (Allocation Failure)
[2026-06-17T10:01:40.986+0800][38.613s][info][gc,heap        ] GC(1490) PSYoungGen: 11945K(14848K)->6598K(14848K) Eden: 8159K(8192K)->0K(8192K) From: 3786K(6656K)->6598K(6656K)
[2026-06-17T10:01:40.986+0800][38.614s][info][gc,heap        ] GC(1490) ParOldGen: 26529K(44032K)->28502K(44032K)
[2026-06-17T10:01:40.986+0800][38.614s][info][gc,metaspace   ] GC(1490) Metaspace: 113K(320K)->113K(320K) NonClass: 106K(192K)->106K(192K) Class: 7K(128K)->7K(128K)
[2026-06-17T10:01:40.987+0800][38.614s][info][gc             ] GC(1490) Pause Young (Allocation Failure) 37M->34M(57M) 2.269ms
[2026-06-17T10:01:40.987+0800][38.615s][info][gc,cpu         ] GC(1490) User=0.00s Sys=0.00s Real=0.00s
[2026-06-17T10:01:41.008+0800][38.636s][info][gc,start       ] GC(1491) Pause Young (Allocation Failure)
[2026-06-17T10:01:41.010+0800][38.638s][info][gc,heap        ] GC(1491) PSYoungGen: 14782K(14848K)->6525K(13824K) Eden: 8184K(8192K)->0K(7168K) From: 6598K(6656K)->6525K(6656K)
[2026-06-17T10:01:41.011+0800][38.638s][info][gc,heap        ] GC(1491) ParOldGen: 28502K(44032K)->29848K(44032K)
[2026-06-17T10:01:41.011+0800][38.639s][info][gc,metaspace   ] GC(1491) Metaspace: 113K(320K)->113K(320K) NonClass: 106K(192K)->106K(192K) Class: 7K(128K)->7K(128K)
[2026-06-17T10:01:41.012+0800][38.640s][info][gc             ] GC(1491) Pause Young (Allocation Failure) 42M->35M(56M) 3.630ms
[2026-06-17T10:01:41.013+0800][38.640s][info][gc,cpu         ] GC(1491) User=0.00s Sys=0.00s Real=0.01s
[2026-06-17T10:01:41.035+0800][38.662s][info][gc,start       ] GC(1492) Pause Young (Allocation Failure)
[2026-06-17T10:01:41.036+0800][38.664s][info][gc,heap        ] GC(1492) PSYoungGen: 13689K(13824K)->4177K(14336K) Eden: 7163K(7168K)->0K(7168K) From: 6525K(6656K)->4177K(7168K)
[2026-06-17T10:01:41.037+0800][38.665s][info][gc,heap        ] GC(1492) ParOldGen: 29848K(44032K)->32419K(44032K)
[2026-06-17T10:01:41.038+0800][38.666s][info][gc,metaspace   ] GC(1492) Metaspace: 113K(320K)->113K(320K) NonClass: 106K(192K)->106K(192K) Class: 7K(128K)->7K(128K)
[2026-06-17T10:01:41.039+0800][38.666s][info][gc             ] GC(1492) Pause Young (Allocation Failure) 42M->35M(57M) 4.226ms
[2026-06-17T10:01:41.039+0800][38.667s][info][gc,cpu         ] GC(1492) User=0.00s Sys=0.00s Real=0.00s
[2026-06-17T10:01:41.061+0800][38.689s][info][gc,start       ] GC(1493) Pause Young (Allocation Failure)
[2026-06-17T10:01:41.063+0800][38.691s][info][gc,heap        ] GC(1493) PSYoungGen: 11329K(14336K)->2452K(14336K) Eden: 7151K(7168K)->0K(7168K) From: 4177K(7168K)->2452K(7168K)
[2026-06-17T10:01:41.064+0800][38.691s][info][gc,heap        ] GC(1493) ParOldGen: 32419K(44032K)->34412K(44032K)
[2026-06-17T10:01:41.064+0800][38.692s][info][gc,metaspace   ] GC(1493) Metaspace: 113K(320K)->113K(320K) NonClass: 106K(192K)->106K(192K) Class: 7K(128K)->7K(128K)
[2026-06-17T10:01:41.065+0800][38.693s][info][gc             ] GC(1493) Pause Young (Allocation Failure) 42M->36M(57M) 3.810ms
[2026-06-17T10:01:41.066+0800][38.693s][info][gc,cpu         ] GC(1493) User=0.00s Sys=0.00s Real=0.01s
[2026-06-17T10:01:41.077+0800][38.705s][info][gc,start       ] GC(1494) Pause Young (Allocation Failure)
[2026-06-17T10:01:41.078+0800][38.706s][info][gc,heap        ] GC(1494) PSYoungGen: 9513K(14336K)->1001K(14336K) Eden: 7061K(7168K)->0K(7168K) From: 2452K(7168K)->1001K(7168K)
[2026-06-17T10:01:41.079+0800][38.706s][info][gc,heap        ] GC(1494) ParOldGen: 34412K(44032K)->36137K(44032K)
[2026-06-17T10:01:41.079+0800][38.707s][info][gc,metaspace   ] GC(1494) Metaspace: 113K(320K)->113K(320K) NonClass: 106K(192K)->106K(192K) Class: 7K(128K)->7K(128K)
[2026-06-17T10:01:41.079+0800][38.707s][info][gc             ] GC(1494) Pause Young (Allocation Failure) 42M->36M(57M) 2.031ms
[2026-06-17T10:01:41.079+0800][38.707s][info][gc,cpu         ] GC(1494) User=0.00s Sys=0.00s Real=0.00s
[2026-06-17T10:01:41.111+0800][38.738s][info][gc,start       ] GC(1495) Pause Young (Allocation Failure)
[2026-06-17T10:01:41.112+0800][38.739s][info][gc,heap        ] GC(1495) PSYoungGen: 8162K(14336K)->854K(14336K) Eden: 7161K(7168K)->0K(7168K) From: 1001K(7168K)->854K(7168K)
[2026-06-17T10:01:41.112+0800][38.740s][info][gc,heap        ] GC(1495) ParOldGen: 36137K(44032K)->37114K(44032K)
[2026-06-17T10:01:41.112+0800][38.740s][info][gc,metaspace   ] GC(1495) Metaspace: 113K(320K)->113K(320K) NonClass: 106K(192K)->106K(192K) Class: 7K(128K)->7K(128K)
[2026-06-17T10:01:41.113+0800][38.740s][info][gc             ] GC(1495) Pause Young (Allocation Failure) 43M->37M(57M) 1.843ms
[2026-06-17T10:01:41.113+0800][38.741s][info][gc,cpu         ] GC(1495) User=0.00s Sys=0.00s Real=0.00s
[2026-06-17T10:01:41.124+0800][38.752s][info][gc,start       ] GC(1496) Pause Young (Allocation Failure)
[2026-06-17T10:01:41.125+0800][38.753s][info][gc,heap        ] GC(1496) PSYoungGen: 8018K(14336K)->3929K(14336K) Eden: 7164K(7168K)->0K(7168K) From: 854K(7168K)->3929K(7168K)
[2026-06-17T10:01:41.125+0800][38.753s][info][gc,heap        ] GC(1496) ParOldGen: 37114K(44032K)->37726K(44032K)
[2026-06-17T10:01:41.125+0800][38.753s][info][gc,metaspace   ] GC(1496) Metaspace: 113K(320K)->113K(320K) NonClass: 106K(192K)->106K(192K) Class: 7K(128K)->7K(128K)
[2026-06-17T10:01:41.126+0800][38.753s][info][gc             ] GC(1496) Pause Young (Allocation Failure) 44M->40M(57M) 1.887ms
[2026-06-17T10:01:41.126+0800][38.754s][info][gc,cpu         ] GC(1496) User=0.00s Sys=0.00s Real=0.00s
[2026-06-17T10:01:41.147+0800][38.775s][info][gc,start       ] GC(1497) Pause Young (Allocation Failure)
[2026-06-17T10:01:41.149+0800][38.776s][info][gc,heap        ] GC(1497) PSYoungGen: 11089K(14336K)->2289K(14336K) Eden: 7159K(7168K)->0K(7168K) From: 3929K(7168K)->2289K(7168K)
[2026-06-17T10:01:41.149+0800][38.777s][info][gc,heap        ] GC(1497) ParOldGen: 37726K(44032K)->39592K(44032K)
[2026-06-17T10:01:41.149+0800][38.777s][info][gc,metaspace   ] GC(1497) Metaspace: 113K(320K)->113K(320K) NonClass: 106K(192K)->106K(192K) Class: 7K(128K)->7K(128K)
[2026-06-17T10:01:41.150+0800][38.777s][info][gc             ] GC(1497) Pause Young (Allocation Failure) 47M->40M(57M) 2.206ms
[2026-06-17T10:01:41.150+0800][38.778s][info][gc,cpu         ] GC(1497) User=0.00s Sys=0.00s Real=0.00s
[2026-06-17T10:01:41.171+0800][38.799s][info][gc,start       ] GC(1498) Pause Young (Allocation Failure)
[2026-06-17T10:01:41.172+0800][38.800s][info][gc,heap        ] GC(1498) PSYoungGen: 9437K(14336K)->2828K(14336K) Eden: 7147K(7168K)->0K(7168K) From: 2289K(7168K)->2828K(7168K)
[2026-06-17T10:01:41.173+0800][38.800s][info][gc,heap        ] GC(1498) ParOldGen: 39592K(44032K)->39592K(44032K)
[2026-06-17T10:01:41.173+0800][38.801s][info][gc,metaspace   ] GC(1498) Metaspace: 113K(320K)->113K(320K) NonClass: 106K(192K)->106K(192K) Class: 7K(128K)->7K(128K)
[2026-06-17T10:01:41.173+0800][38.801s][info][gc             ] GC(1498) Pause Young (Allocation Failure) 47M->41M(57M) 1.912ms
[2026-06-17T10:01:41.173+0800][38.801s][info][gc,cpu         ] GC(1498) User=0.00s Sys=0.00s Real=0.00s
[2026-06-17T10:01:41.184+0800][38.812s][info][gc,start       ] GC(1499) Pause Young (Allocation Failure)
[2026-06-17T10:01:41.188+0800][38.816s][info][gc,heap        ] GC(1499) PSYoungGen: 9976K(14336K)->6481K(14336K) Eden: 7148K(7168K)->0K(7168K) From: 2828K(7168K)->6481K(7168K)
[2026-06-17T10:01:41.189+0800][38.816s][info][gc,heap        ] GC(1499) ParOldGen: 39592K(44032K)->39592K(44032K)
[2026-06-17T10:01:41.191+0800][38.819s][info][gc,metaspace   ] GC(1499) Metaspace: 113K(320K)->113K(320K) NonClass: 106K(192K)->106K(192K) Class: 7K(128K)->7K(128K)
[2026-06-17T10:01:41.193+0800][38.820s][info][gc             ] GC(1499) Pause Young (Allocation Failure) 48M->44M(57M) 8.006ms
[2026-06-17T10:01:41.196+0800][38.824s][info][gc,cpu         ] GC(1499) User=0.00s Sys=0.00s Real=0.01s
[2026-06-17T10:01:41.218+0800][38.845s][info][gc,start       ] GC(1500) Pause Young (Allocation Failure)
[2026-06-17T10:01:41.220+0800][38.848s][info][gc,heap        ] GC(1500) PSYoungGen: 13619K(14336K)->3359K(14336K) Eden: 7138K(7168K)->0K(7168K) From: 6481K(7168K)->3359K(7168K)
[2026-06-17T10:01:41.222+0800][38.850s][info][gc,heap        ] GC(1500) ParOldGen: 39592K(44032K)->43110K(44032K)
[2026-06-17T10:01:41.222+0800][38.850s][info][gc,metaspace   ] GC(1500) Metaspace: 113K(320K)->113K(320K) NonClass: 106K(192K)->106K(192K) Class: 7K(128K)->7K(128K)
[2026-06-17T10:01:41.223+0800][38.850s][info][gc             ] GC(1500) Pause Young (Allocation Failure) 51M->45M(57M) 4.938ms
[2026-06-17T10:01:41.223+0800][38.851s][info][gc,cpu         ] GC(1500) User=0.00s Sys=0.00s Real=0.01s
[2026-06-17T10:01:41.234+0800][38.862s][info][gc,start       ] GC(1501) Pause Full (Ergonomics)
[2026-06-17T10:01:41.234+0800][38.862s][info][gc,phases,start] GC(1501) Marking Phase
[2026-06-17T10:01:41.236+0800][38.864s][info][gc,phases      ] GC(1501) Marking Phase 1.693ms
[2026-06-17T10:01:41.236+0800][38.864s][info][gc,phases,start] GC(1501) Summary Phase
[2026-06-17T10:01:41.236+0800][38.864s][info][gc,phases      ] GC(1501) Summary Phase 0.197ms
[2026-06-17T10:01:41.237+0800][38.864s][info][gc,phases,start] GC(1501) Adjust Roots
[2026-06-17T10:01:41.237+0800][38.865s][info][gc,phases      ] GC(1501) Adjust Roots 0.283ms
[2026-06-17T10:01:41.237+0800][38.865s][info][gc,phases,start] GC(1501) Compaction Phase
[2026-06-17T10:01:41.238+0800][38.866s][info][gc,phases      ] GC(1501) Compaction Phase 1.466ms
[2026-06-17T10:01:41.239+0800][38.867s][info][gc,phases,start] GC(1501) Post Compact
[2026-06-17T10:01:41.239+0800][38.867s][info][gc,phases      ] GC(1501) Post Compact 0.428ms
[2026-06-17T10:01:41.240+0800][38.867s][info][gc,heap        ] GC(1501) PSYoungGen: 10345K(14336K)->0K(14336K) Eden: 6986K(7168K)->0K(7168K) From: 3359K(7168K)->0K(7168K)
[2026-06-17T10:01:41.240+0800][38.867s][info][gc,heap        ] GC(1501) ParOldGen: 43110K(44032K)->22519K(44032K)
[2026-06-17T10:01:41.240+0800][38.868s][info][gc,metaspace   ] GC(1501) Metaspace: 113K(320K)->113K(320K) NonClass: 106K(192K)->106K(192K) Class: 7K(128K)->7K(128K)
[2026-06-17T10:01:41.240+0800][38.868s][info][gc             ] GC(1501) Pause Full (Ergonomics) 52M->21M(57M) 6.258ms
[2026-06-17T10:01:41.240+0800][38.868s][info][gc,cpu         ] GC(1501) User=0.01s Sys=0.00s Real=0.00s
[2026-06-17T10:01:41.262+0800][38.889s][info][gc,start       ] GC(1502) Pause Young (Allocation Failure)
[2026-06-17T10:01:41.263+0800][38.890s][info][gc,heap        ] GC(1502) PSYoungGen: 7165K(14336K)->3825K(14336K) Eden: 7165K(7168K)->0K(7168K) From: 0K(7168K)->3825K(7168K)
[2026-06-17T10:01:41.263+0800][38.891s][info][gc,heap        ] GC(1502) ParOldGen: 22519K(44032K)->22519K(44032K)
[2026-06-17T10:01:41.263+0800][38.891s][info][gc,metaspace   ] GC(1502) Metaspace: 113K(320K)->113K(320K) NonClass: 106K(192K)->106K(192K) Class: 7K(128K)->7K(128K)
[2026-06-17T10:01:41.263+0800][38.891s][info][gc             ] GC(1502) Pause Young (Allocation Failure) 28M->25M(57M) 1.895ms
[2026-06-17T10:01:41.264+0800][38.891s][info][gc,cpu         ] GC(1502) User=0.00s Sys=0.00s Real=0.01s
[2026-06-17T10:01:41.285+0800][38.913s][info][gc,start       ] GC(1503) Pause Young (Allocation Failure)
[2026-06-17T10:01:41.286+0800][38.914s][info][gc,heap        ] GC(1503) PSYoungGen: 10976K(14336K)->3936K(14336K) Eden: 7151K(7168K)->0K(7168K) From: 3825K(7168K)->3936K(7168K)
[2026-06-17T10:01:41.287+0800][38.914s][info][gc,heap        ] GC(1503) ParOldGen: 22519K(44032K)->22519K(44032K)
[2026-06-17T10:01:41.287+0800][38.915s][info][gc,metaspace   ] GC(1503) Metaspace: 113K(320K)->113K(320K) NonClass: 106K(192K)->106K(192K) Class: 7K(128K)->7K(128K)
[2026-06-17T10:01:41.288+0800][38.915s][info][gc             ] GC(1503) Pause Young (Allocation Failure) 32M->25M(57M) 2.409ms
[2026-06-17T10:01:41.288+0800][38.916s][info][gc,cpu         ] GC(1503) User=0.00s Sys=0.00s Real=0.00s
[2026-06-17T10:01:41.309+0800][38.937s][info][gc,start       ] GC(1504) Pause Young (Allocation Failure)
[2026-06-17T10:01:41.311+0800][38.938s][info][gc,heap        ] GC(1504) PSYoungGen: 11087K(14336K)->4464K(14336K) Eden: 7150K(7168K)->0K(7168K) From: 3936K(7168K)->4464K(7168K)
[2026-06-17T10:01:41.311+0800][38.939s][info][gc,heap        ] GC(1504) ParOldGen: 22519K(44032K)->22519K(44032K)
[2026-06-17T10:01:41.311+0800][38.939s][info][gc,metaspace   ] GC(1504) Metaspace: 113K(320K)->113K(320K) NonClass: 106K(192K)->106K(192K) Class: 7K(128K)->7K(128K)
[2026-06-17T10:01:41.312+0800][38.939s][info][gc             ] GC(1504) Pause Young (Allocation Failure) 32M->26M(57M) 2.401ms
[2026-06-17T10:01:41.312+0800][38.940s][info][gc,cpu         ] GC(1504) User=0.00s Sys=0.00s Real=0.01s
[2026-06-17T10:01:41.323+0800][38.951s][info][gc,start       ] GC(1505) Pause Young (Allocation Failure)
[2026-06-17T10:01:41.325+0800][38.953s][info][gc,heap        ] GC(1505) PSYoungGen: 11611K(14336K)->6925K(14336K) Eden: 7146K(7168K)->0K(7168K) From: 4464K(7168K)->6925K(7168K)
[2026-06-17T10:01:41.325+0800][38.953s][info][gc,heap        ] GC(1505) ParOldGen: 22519K(44032K)->23476K(44032K)
[2026-06-17T10:01:41.326+0800][38.953s][info][gc,metaspace   ] GC(1505) Metaspace: 113K(320K)->113K(320K) NonClass: 106K(192K)->106K(192K) Class: 7K(128K)->7K(128K)
[2026-06-17T10:01:41.326+0800][38.954s][info][gc             ] GC(1505) Pause Young (Allocation Failure) 33M->29M(57M) 2.570ms
[2026-06-17T10:01:41.326+0800][38.954s][info][gc,cpu         ] GC(1505) User=0.00s Sys=0.00s Real=0.00s
[2026-06-17T10:01:41.347+0800][38.975s][info][gc,start       ] GC(1506) Pause Young (Allocation Failure)
[2026-06-17T10:01:41.348+0800][38.976s][info][gc,heap        ] GC(1506) PSYoungGen: 13775K(14336K)->1690K(14336K) Eden: 6849K(7168K)->0K(7168K) From: 6925K(7168K)->1690K(7168K)
[2026-06-17T10:01:41.349+0800][38.976s][info][gc,heap        ] GC(1506) ParOldGen: 23476K(44032K)->25289K(44032K)
[2026-06-17T10:01:41.349+0800][38.977s][info][gc,metaspace   ] GC(1506) Metaspace: 113K(320K)->113K(320K) NonClass: 106K(192K)->106K(192K) Class: 7K(128K)->7K(128K)
[2026-06-17T10:01:41.350+0800][38.977s][info][gc             ] GC(1506) Pause Young (Allocation Failure) 36M->26M(57M) 2.453ms
[2026-06-17T10:01:41.350+0800][38.978s][info][gc,cpu         ] GC(1506) User=0.00s Sys=0.00s Real=0.00s
[2026-06-17T10:01:41.372+0800][38.999s][info][gc,start       ] GC(1507) Pause Young (Allocation Failure)
[2026-06-17T10:01:41.373+0800][39.001s][info][gc,heap        ] GC(1507) PSYoungGen: 8841K(14336K)->3837K(14336K) Eden: 7151K(7168K)->0K(7168K) From: 1690K(7168K)->3837K(7168K)
[2026-06-17T10:01:41.373+0800][39.001s][info][gc,heap        ] GC(1507) ParOldGen: 25289K(44032K)->26923K(44032K)
[2026-06-17T10:01:41.374+0800][39.001s][info][gc,metaspace   ] GC(1507) Metaspace: 113K(320K)->113K(320K) NonClass: 106K(192K)->106K(192K) Class: 7K(128K)->7K(128K)
[2026-06-17T10:01:41.374+0800][39.002s][info][gc             ] GC(1507) Pause Young (Allocation Failure) 33M->30M(57M) 2.253ms
[2026-06-17T10:01:41.374+0800][39.002s][info][gc,cpu         ] GC(1507) User=0.00s Sys=0.00s Real=0.00s
[2026-06-17T10:01:41.396+0800][39.023s][info][gc,start       ] GC(1508) Pause Young (Allocation Failure)
[2026-06-17T10:01:41.397+0800][39.024s][info][gc,heap        ] GC(1508) PSYoungGen: 10993K(14336K)->2811K(14336K) Eden: 7155K(7168K)->0K(7168K) From: 3837K(7168K)->2811K(7168K)
[2026-06-17T10:01:41.397+0800][39.025s][info][gc,heap        ] GC(1508) ParOldGen: 26923K(44032K)->28612K(44032K)
[2026-06-17T10:01:41.397+0800][39.025s][info][gc,metaspace   ] GC(1508) Metaspace: 113K(320K)->113K(320K) NonClass: 106K(192K)->106K(192K) Class: 7K(128K)->7K(128K)
[2026-06-17T10:01:41.398+0800][39.025s][info][gc             ] GC(1508) Pause Young (Allocation Failure) 37M->30M(57M) 2.116ms
[2026-06-17T10:01:41.398+0800][39.026s][info][gc,cpu         ] GC(1508) User=0.00s Sys=0.00s Real=0.00s
[2026-06-17T10:01:41.409+0800][39.037s][info][gc,start       ] GC(1509) Pause Young (Allocation Failure)
[2026-06-17T10:01:41.410+0800][39.038s][info][gc,heap        ] GC(1509) PSYoungGen: 9974K(14336K)->4506K(14336K) Eden: 7162K(7168K)->0K(7168K) From: 2811K(7168K)->4506K(7168K)
[2026-06-17T10:01:41.411+0800][39.038s][info][gc,heap        ] GC(1509) ParOldGen: 28612K(44032K)->30576K(44032K)
[2026-06-17T10:01:41.411+0800][39.038s][info][gc,metaspace   ] GC(1509) Metaspace: 113K(320K)->113K(320K) NonClass: 106K(192K)->106K(192K) Class: 7K(128K)->7K(128K)
[2026-06-17T10:01:41.411+0800][39.039s][info][gc             ] GC(1509) Pause Young (Allocation Failure) 37M->34M(57M) 2.021ms
[2026-06-17T10:01:41.411+0800][39.039s][info][gc,cpu         ] GC(1509) User=0.00s Sys=0.00s Real=0.01s
[2026-06-17T10:01:41.432+0800][39.060s][info][gc,start       ] GC(1510) Pause Young (Allocation Failure)
[2026-06-17T10:01:41.434+0800][39.061s][info][gc,heap        ] GC(1510) PSYoungGen: 11639K(14336K)->3469K(14336K) Eden: 7133K(7168K)->0K(7168K) From: 4506K(7168K)->3469K(7168K)
[2026-06-17T10:01:41.434+0800][39.062s][info][gc,heap        ] GC(1510) ParOldGen: 30576K(44032K)->31479K(44032K)
[2026-06-17T10:01:41.434+0800][39.062s][info][gc,metaspace   ] GC(1510) Metaspace: 113K(320K)->113K(320K) NonClass: 106K(192K)->106K(192K) Class: 7K(128K)->7K(128K)
[2026-06-17T10:01:41.434+0800][39.062s][info][gc             ] GC(1510) Pause Young (Allocation Failure) 41M->34M(57M) 2.037ms
[2026-06-17T10:01:41.435+0800][39.062s][info][gc,cpu         ] GC(1510) User=0.00s Sys=0.00s Real=0.00s
[2026-06-17T10:01:41.456+0800][39.083s][info][gc,start       ] GC(1511) Pause Young (Allocation Failure)
[2026-06-17T10:01:41.457+0800][39.085s][info][gc,heap        ] GC(1511) PSYoungGen: 10622K(14336K)->1472K(14336K) Eden: 7153K(7168K)->0K(7168K) From: 3469K(7168K)->1472K(7168K)
[2026-06-17T10:01:41.457+0800][39.085s][info][gc,heap        ] GC(1511) ParOldGen: 31479K(44032K)->33468K(44032K)
[2026-06-17T10:01:41.458+0800][39.085s][info][gc,metaspace   ] GC(1511) Metaspace: 113K(320K)->113K(320K) NonClass: 106K(192K)->106K(192K) Class: 7K(128K)->7K(128K)
[2026-06-17T10:01:41.458+0800][39.086s][info][gc             ] GC(1511) Pause Young (Allocation Failure) 41M->34M(57M) 2.067ms
[2026-06-17T10:01:41.458+0800][39.086s][info][gc,cpu         ] GC(1511) User=0.01s Sys=0.00s Real=0.00s
[2026-06-17T10:01:41.469+0800][39.097s][info][gc,start       ] GC(1512) Pause Young (Allocation Failure)
[2026-06-17T10:01:41.471+0800][39.098s][info][gc,heap        ] GC(1512) PSYoungGen: 8626K(14336K)->5001K(14336K) Eden: 7153K(7168K)->0K(7168K) From: 1472K(7168K)->5001K(7168K)
[2026-06-17T10:01:41.471+0800][39.099s][info][gc,heap        ] GC(1512) ParOldGen: 33468K(44032K)->33468K(44032K)
[2026-06-17T10:01:41.471+0800][39.099s][info][gc,metaspace   ] GC(1512) Metaspace: 113K(320K)->113K(320K) NonClass: 106K(192K)->106K(192K) Class: 7K(128K)->7K(128K)
[2026-06-17T10:01:41.472+0800][39.100s][info][gc             ] GC(1512) Pause Young (Allocation Failure) 41M->37M(57M) 2.546ms
[2026-06-17T10:01:41.472+0800][39.100s][info][gc,cpu         ] GC(1512) User=0.00s Sys=0.00s Real=0.01s
[2026-06-17T10:01:41.494+0800][39.121s][info][gc,start       ] GC(1513) Pause Young (Allocation Failure)
[2026-06-17T10:01:41.497+0800][39.125s][info][gc,heap        ] GC(1513) PSYoungGen: 12143K(14336K)->32K(14336K) Eden: 7142K(7168K)->0K(7168K) From: 5001K(7168K)->32K(7168K)
[2026-06-17T10:01:41.499+0800][39.127s][info][gc,heap        ] GC(1513) ParOldGen: 33468K(44032K)->35285K(44032K)
[2026-06-17T10:01:41.500+0800][39.128s][info][gc,metaspace   ] GC(1513) Metaspace: 113K(320K)->113K(320K) NonClass: 106K(192K)->106K(192K) Class: 7K(128K)->7K(128K)
[2026-06-17T10:01:41.501+0800][39.129s][info][gc             ] GC(1513) Pause Young (Allocation Failure) 44M->34M(57M) 7.284ms
[2026-06-17T10:01:41.504+0800][39.131s][info][gc,cpu         ] GC(1513) User=0.00s Sys=0.00s Real=0.01s
[2026-06-17T10:01:41.526+0800][39.153s][info][gc,start       ] GC(1514) Pause Young (Allocation Failure)
[2026-06-17T10:01:41.527+0800][39.155s][info][gc,heap        ] GC(1514) PSYoungGen: 7185K(14336K)->3584K(14336K) Eden: 7153K(7168K)->0K(7168K) From: 32K(7168K)->3584K(7168K)
[2026-06-17T10:01:41.527+0800][39.155s][info][gc,heap        ] GC(1514) ParOldGen: 35285K(44032K)->35293K(44032K)
[2026-06-17T10:01:41.528+0800][39.156s][info][gc,metaspace   ] GC(1514) Metaspace: 113K(320K)->113K(320K) NonClass: 106K(192K)->106K(192K) Class: 7K(128K)->7K(128K)
[2026-06-17T10:01:41.528+0800][39.156s][info][gc             ] GC(1514) Pause Young (Allocation Failure) 41M->37M(57M) 2.454ms
[2026-06-17T10:01:41.529+0800][39.156s][info][gc,cpu         ] GC(1514) User=0.00s Sys=0.00s Real=0.00s
[2026-06-17T10:01:41.550+0800][39.178s][info][gc,start       ] GC(1515) Pause Young (Allocation Failure)
[2026-06-17T10:01:41.552+0800][39.179s][info][gc,heap        ] GC(1515) PSYoungGen: 10751K(14336K)->3980K(14336K) Eden: 7166K(7168K)->0K(7168K) From: 3584K(7168K)->3980K(7168K)
[2026-06-17T10:01:41.552+0800][39.180s][info][gc,heap        ] GC(1515) ParOldGen: 35293K(44032K)->35293K(44032K)
[2026-06-17T10:01:41.552+0800][39.180s][info][gc,metaspace   ] GC(1515) Metaspace: 113K(320K)->113K(320K) NonClass: 106K(192K)->106K(192K) Class: 7K(128K)->7K(128K)
[2026-06-17T10:01:41.553+0800][39.180s][info][gc             ] GC(1515) Pause Young (Allocation Failure) 44M->38M(57M) 2.606ms
[2026-06-17T10:01:41.553+0800][39.181s][info][gc,cpu         ] GC(1515) User=0.01s Sys=0.00s Real=0.01s
[2026-06-17T10:01:41.575+0800][39.202s][info][gc,start       ] GC(1516) Pause Young (Allocation Failure)
[2026-06-17T10:01:41.576+0800][39.204s][info][gc,heap        ] GC(1516) PSYoungGen: 11118K(14336K)->4129K(14336K) Eden: 7138K(7168K)->0K(7168K) From: 3980K(7168K)->4129K(7168K)
[2026-06-17T10:01:41.576+0800][39.204s][info][gc,heap        ] GC(1516) ParOldGen: 35293K(44032K)->35293K(44032K)
[2026-06-17T10:01:41.577+0800][39.204s][info][gc,metaspace   ] GC(1516) Metaspace: 113K(320K)->113K(320K) NonClass: 106K(192K)->106K(192K) Class: 7K(128K)->7K(128K)
[2026-06-17T10:01:41.577+0800][39.205s][info][gc             ] GC(1516) Pause Young (Allocation Failure) 45M->38M(57M) 2.403ms
[2026-06-17T10:01:41.577+0800][39.205s][info][gc,cpu         ] GC(1516) User=0.00s Sys=0.00s Real=0.00s
[2026-06-17T10:01:41.588+0800][39.216s][info][gc,start       ] GC(1517) Pause Young (Allocation Failure)
[2026-06-17T10:01:41.589+0800][39.217s][info][gc,heap        ] GC(1517) PSYoungGen: 11277K(14336K)->7107K(14336K) Eden: 7148K(7168K)->0K(7168K) From: 4129K(7168K)->7107K(7168K)
[2026-06-17T10:01:41.590+0800][39.217s][info][gc,heap        ] GC(1517) ParOldGen: 35293K(44032K)->35974K(44032K)
[2026-06-17T10:01:41.590+0800][39.218s][info][gc,metaspace   ] GC(1517) Metaspace: 113K(320K)->113K(320K) NonClass: 106K(192K)->106K(192K) Class: 7K(128K)->7K(128K)
[2026-06-17T10:01:41.590+0800][39.218s][info][gc             ] GC(1517) Pause Young (Allocation Failure) 45M->42M(57M) 2.137ms
[2026-06-17T10:01:41.591+0800][39.219s][info][gc,cpu         ] GC(1517) User=0.00s Sys=0.00s Real=0.01s
[2026-06-17T10:01:41.612+0800][39.240s][info][gc,start       ] GC(1518) Pause Young (Allocation Failure)
[2026-06-17T10:01:41.613+0800][39.241s][info][gc,heap        ] GC(1518) PSYoungGen: 14254K(14336K)->4399K(14336K) Eden: 7146K(7168K)->0K(7168K) From: 7107K(7168K)->4399K(7168K)
[2026-06-17T10:01:41.613+0800][39.241s][info][gc,heap        ] GC(1518) ParOldGen: 35974K(44032K)->38833K(44032K)
[2026-06-17T10:01:41.613+0800][39.241s][info][gc,metaspace   ] GC(1518) Metaspace: 113K(320K)->113K(320K) NonClass: 106K(192K)->106K(192K) Class: 7K(128K)->7K(128K)
[2026-06-17T10:01:41.614+0800][39.241s][info][gc             ] GC(1518) Pause Young (Allocation Failure) 49M->42M(57M) 1.768ms
[2026-06-17T10:01:41.614+0800][39.242s][info][gc,cpu         ] GC(1518) User=0.00s Sys=0.00s Real=0.00s
[2026-06-17T10:01:41.635+0800][39.263s][info][gc,start       ] GC(1519) Pause Young (Allocation Failure)
[2026-06-17T10:01:41.636+0800][39.264s][info][gc,heap        ] GC(1519) PSYoungGen: 11554K(14336K)->2815K(14336K) Eden: 7155K(7168K)->0K(7168K) From: 4399K(7168K)->2815K(7168K)
[2026-06-17T10:01:41.636+0800][39.264s][info][gc,heap        ] GC(1519) ParOldGen: 38833K(44032K)->40570K(44032K)
[2026-06-17T10:01:41.636+0800][39.264s][info][gc,metaspace   ] GC(1519) Metaspace: 113K(320K)->113K(320K) NonClass: 106K(192K)->106K(192K) Class: 7K(128K)->7K(128K)
[2026-06-17T10:01:41.637+0800][39.264s][info][gc             ] GC(1519) Pause Young (Allocation Failure) 49M->42M(57M) 1.401ms
[2026-06-17T10:01:41.637+0800][39.264s][info][gc,cpu         ] GC(1519) User=0.00s Sys=0.00s Real=0.00s
[2026-06-17T10:01:41.648+0800][39.275s][info][gc,start       ] GC(1520) Pause Young (Allocation Failure)
[2026-06-17T10:01:41.648+0800][39.276s][info][gc,heap        ] GC(1520) PSYoungGen: 9832K(14336K)->32K(14336K) Eden: 7017K(7168K)->0K(7168K) From: 2815K(7168K)->32K(7168K)
[2026-06-17T10:01:41.648+0800][39.276s][info][gc,heap        ] GC(1520) ParOldGen: 40570K(44032K)->43233K(44032K)
[2026-06-17T10:01:41.649+0800][39.276s][info][gc,metaspace   ] GC(1520) Metaspace: 113K(320K)->113K(320K) NonClass: 106K(192K)->106K(192K) Class: 7K(128K)->7K(128K)
[2026-06-17T10:01:41.649+0800][39.277s][info][gc             ] GC(1520) Pause Young (Allocation Failure) 49M->42M(57M) 1.247ms
[2026-06-17T10:01:41.649+0800][39.277s][info][gc,cpu         ] GC(1520) User=0.00s Sys=0.00s Real=0.00s
[2026-06-17T10:01:41.670+0800][39.298s][info][gc,start       ] GC(1521) Pause Full (Ergonomics)
[2026-06-17T10:01:41.670+0800][39.298s][info][gc,phases,start] GC(1521) Marking Phase
[2026-06-17T10:01:41.672+0800][39.300s][info][gc,phases      ] GC(1521) Marking Phase 1.600ms
[2026-06-17T10:01:41.672+0800][39.300s][info][gc,phases,start] GC(1521) Summary Phase
[2026-06-17T10:01:41.672+0800][39.300s][info][gc,phases      ] GC(1521) Summary Phase 0.223ms
[2026-06-17T10:01:41.673+0800][39.300s][info][gc,phases,start] GC(1521) Adjust Roots
[2026-06-17T10:01:41.673+0800][39.301s][info][gc,phases      ] GC(1521) Adjust Roots 0.308ms
[2026-06-17T10:01:41.673+0800][39.301s][info][gc,phases,start] GC(1521) Compaction Phase
[2026-06-17T10:01:41.675+0800][39.303s][info][gc,phases      ] GC(1521) Compaction Phase 1.681ms
[2026-06-17T10:01:41.675+0800][39.303s][info][gc,phases,start] GC(1521) Post Compact
[2026-06-17T10:01:41.675+0800][39.303s][info][gc,phases      ] GC(1521) Post Compact 0.317ms
[2026-06-17T10:01:41.676+0800][39.303s][info][gc,heap        ] GC(1521) PSYoungGen: 7160K(14336K)->0K(14336K) Eden: 7128K(7168K)->0K(7168K) From: 32K(7168K)->0K(7168K)
[2026-06-17T10:01:41.676+0800][39.304s][info][gc,heap        ] GC(1521) ParOldGen: 43233K(44032K)->28188K(44032K)
[2026-06-17T10:01:41.676+0800][39.304s][info][gc,metaspace   ] GC(1521) Metaspace: 113K(320K)->113K(320K) NonClass: 106K(192K)->106K(192K) Class: 7K(128K)->7K(128K)
[2026-06-17T10:01:41.676+0800][39.304s][info][gc             ] GC(1521) Pause Full (Ergonomics) 49M->27M(57M) 6.328ms
[2026-06-17T10:01:41.677+0800][39.304s][info][gc,cpu         ] GC(1521) User=0.01s Sys=0.00s Real=0.01s
[2026-06-17T10:01:41.688+0800][39.315s][info][gc,start       ] GC(1522) Pause Young (Allocation Failure)
[2026-06-17T10:01:41.688+0800][39.316s][info][gc,heap        ] GC(1522) PSYoungGen: 7003K(14336K)->3711K(14336K) Eden: 7003K(7168K)->0K(7168K) From: 0K(7168K)->3711K(7168K)
[2026-06-17T10:01:41.689+0800][39.316s][info][gc,heap        ] GC(1522) ParOldGen: 28188K(44032K)->28188K(44032K)
[2026-06-17T10:01:41.689+0800][39.317s][info][gc,metaspace   ] GC(1522) Metaspace: 113K(320K)->113K(320K) NonClass: 106K(192K)->106K(192K) Class: 7K(128K)->7K(128K)
[2026-06-17T10:01:41.689+0800][39.317s][info][gc             ] GC(1522) Pause Young (Allocation Failure) 34M->31M(57M) 1.690ms
[2026-06-17T10:01:41.690+0800][39.317s][info][gc,cpu         ] GC(1522) User=0.00s Sys=0.00s Real=0.00s
[2026-06-17T10:01:41.711+0800][39.339s][info][gc,start       ] GC(1523) Pause Young (Allocation Failure)
[2026-06-17T10:01:41.712+0800][39.340s][info][gc,heap        ] GC(1523) PSYoungGen: 10879K(14336K)->3703K(14336K) Eden: 7168K(7168K)->0K(7168K) From: 3711K(7168K)->3703K(7168K)
[2026-06-17T10:01:41.713+0800][39.341s][info][gc,heap        ] GC(1523) ParOldGen: 28188K(44032K)->31868K(44032K)
[2026-06-17T10:01:41.713+0800][39.341s][info][gc,metaspace   ] GC(1523) Metaspace: 113K(320K)->113K(320K) NonClass: 106K(192K)->106K(192K) Class: 7K(128K)->7K(128K)
[2026-06-17T10:01:41.714+0800][39.341s][info][gc             ] GC(1523) Pause Young (Allocation Failure) 38M->34M(57M) 2.678ms
[2026-06-17T10:01:41.714+0800][39.342s][info][gc,cpu         ] GC(1523) User=0.00s Sys=0.00s Real=0.00s
[2026-06-17T10:01:41.736+0800][39.364s][info][gc,start       ] GC(1524) Pause Young (Allocation Failure)
[2026-06-17T10:01:41.737+0800][39.365s][info][gc,heap        ] GC(1524) PSYoungGen: 10835K(14336K)->3648K(14336K) Eden: 7132K(7168K)->0K(7168K) From: 3703K(7168K)->3648K(7168K)
[2026-06-17T10:01:41.738+0800][39.366s][info][gc,heap        ] GC(1524) ParOldGen: 31868K(44032K)->32265K(44032K)
[2026-06-17T10:01:41.738+0800][39.366s][info][gc,metaspace   ] GC(1524) Metaspace: 113K(320K)->113K(320K) NonClass: 106K(192K)->106K(192K) Class: 7K(128K)->7K(128K)
[2026-06-17T10:01:41.739+0800][39.366s][info][gc             ] GC(1524) Pause Young (Allocation Failure) 41M->35M(57M) 2.442ms
[2026-06-17T10:01:41.739+0800][39.367s][info][gc,cpu         ] GC(1524) User=0.00s Sys=0.00s Real=0.00s
[2026-06-17T10:01:41.761+0800][39.388s][info][gc,start       ] GC(1525) Pause Young (Allocation Failure)
[2026-06-17T10:01:41.762+0800][39.390s][info][gc,heap        ] GC(1525) PSYoungGen: 10802K(14336K)->3775K(14848K) Eden: 7154K(7168K)->0K(7680K) From: 3648K(7168K)->3775K(7168K)
[2026-06-17T10:01:41.762+0800][39.390s][info][gc,heap        ] GC(1525) ParOldGen: 32265K(44032K)->32265K(44032K)
[2026-06-17T10:01:41.763+0800][39.391s][info][gc,metaspace   ] GC(1525) Metaspace: 113K(320K)->113K(320K) NonClass: 106K(192K)->106K(192K) Class: 7K(128K)->7K(128K)
[2026-06-17T10:01:41.763+0800][39.391s][info][gc             ] GC(1525) Pause Young (Allocation Failure) 42M->35M(57M) 2.589ms
[2026-06-17T10:01:41.764+0800][39.391s][info][gc,cpu         ] GC(1525) User=0.00s Sys=0.00s Real=0.01s
[2026-06-17T10:01:41.785+0800][39.413s][info][gc,start       ] GC(1526) Pause Young (Allocation Failure)
[2026-06-17T10:01:41.787+0800][39.415s][info][gc,heap        ] GC(1526) PSYoungGen: 11437K(14848K)->2077K(14336K) Eden: 7662K(7680K)->0K(7680K) From: 3775K(7168K)->2077K(6656K)
[2026-06-17T10:01:41.788+0800][39.415s][info][gc,heap        ] GC(1526) ParOldGen: 32265K(44032K)->34356K(44032K)
[2026-06-17T10:01:41.788+0800][39.416s][info][gc,metaspace   ] GC(1526) Metaspace: 113K(320K)->113K(320K) NonClass: 106K(192K)->106K(192K) Class: 7K(128K)->7K(128K)
[2026-06-17T10:01:41.789+0800][39.417s][info][gc             ] GC(1526) Pause Young (Allocation Failure) 42M->35M(57M) 3.452ms
[2026-06-17T10:01:41.789+0800][39.417s][info][gc,cpu         ] GC(1526) User=0.00s Sys=0.00s Real=0.00s
[2026-06-17T10:01:41.802+0800][39.430s][info][gc,start       ] GC(1527) Pause Young (Allocation Failure)
[2026-06-17T10:01:41.804+0800][39.431s][info][gc,heap        ] GC(1527) PSYoungGen: 9668K(14336K)->3072K(14848K) Eden: 7591K(7680K)->0K(8192K) From: 2077K(6656K)->3072K(6656K)
[2026-06-17T10:01:41.829+0800][39.457s][info][gc,heap        ] GC(1527) ParOldGen: 34356K(44032K)->34356K(44032K)
[2026-06-17T10:01:41.830+0800][39.458s][info][gc,metaspace   ] GC(1527) Metaspace: 113K(320K)->113K(320K) NonClass: 106K(192K)->106K(192K) Class: 7K(128K)->7K(128K)
[2026-06-17T10:01:41.844+0800][39.471s][info][gc             ] GC(1527) Pause Young (Allocation Failure) 42M->36M(57M) 41.867ms
[2026-06-17T10:01:41.870+0800][39.498s][info][gc,cpu         ] GC(1527) User=0.00s Sys=0.00s Real=0.07s
[2026-06-17T10:01:41.894+0800][39.522s][info][gc,start       ] GC(1528) Pause Young (Allocation Failure)
[2026-06-17T10:01:41.931+0800][39.558s][info][gc,heap        ] GC(1528) PSYoungGen: 11238K(14848K)->4619K(14848K) Eden: 8166K(8192K)->0K(8192K) From: 3072K(6656K)->4619K(6656K)
[2026-06-17T10:01:41.936+0800][39.564s][info][gc,heap        ] GC(1528) ParOldGen: 34356K(44032K)->37372K(44032K)
[2026-06-17T10:01:41.943+0800][39.570s][info][gc,metaspace   ] GC(1528) Metaspace: 113K(320K)->113K(320K) NonClass: 106K(192K)->106K(192K) Class: 7K(128K)->7K(128K)
[2026-06-17T10:01:41.943+0800][39.571s][info][gc             ] GC(1528) Pause Young (Allocation Failure) 44M->41M(57M) 48.843ms
[2026-06-17T10:01:41.943+0800][39.571s][info][gc,cpu         ] GC(1528) User=0.00s Sys=0.01s Real=0.05s
[2026-06-17T10:01:41.965+0800][39.592s][info][gc,start       ] GC(1529) Pause Young (Allocation Failure)
[2026-06-17T10:01:41.966+0800][39.593s][info][gc,heap        ] GC(1529) PSYoungGen: 12782K(14848K)->4489K(14848K) Eden: 8162K(8192K)->0K(8192K) From: 4619K(6656K)->4489K(6656K)
[2026-06-17T10:01:41.966+0800][39.594s][info][gc,heap        ] GC(1529) ParOldGen: 37372K(44032K)->38499K(44032K)
[2026-06-17T10:01:41.966+0800][39.594s][info][gc,metaspace   ] GC(1529) Metaspace: 113K(320K)->113K(320K) NonClass: 106K(192K)->106K(192K) Class: 7K(128K)->7K(128K)
[2026-06-17T10:01:41.966+0800][39.594s][info][gc             ] GC(1529) Pause Young (Allocation Failure) 48M->41M(57M) 1.708ms
[2026-06-17T10:01:41.968+0800][39.596s][info][gc,cpu         ] GC(1529) User=0.00s Sys=0.00s Real=0.00s
[2026-06-17T10:01:41.990+0800][39.618s][info][gc,start       ] GC(1530) Pause Young (Allocation Failure)
[2026-06-17T10:01:41.993+0800][39.621s][info][gc,heap        ] GC(1530) PSYoungGen: 12663K(14848K)->5518K(13824K) Eden: 8173K(8192K)->0K(8192K) From: 4489K(6656K)->5518K(5632K)
[2026-06-17T10:01:41.995+0800][39.623s][info][gc,heap        ] GC(1530) ParOldGen: 38499K(44032K)->38499K(44032K)
[2026-06-17T10:01:41.998+0800][39.626s][info][gc,metaspace   ] GC(1530) Metaspace: 113K(320K)->113K(320K) NonClass: 106K(192K)->106K(192K) Class: 7K(128K)->7K(128K)
[2026-06-17T10:01:42.000+0800][39.628s][info][gc             ] GC(1530) Pause Young (Allocation Failure) 49M->42M(56M) 9.713ms
[2026-06-17T10:01:42.002+0800][39.629s][info][gc,cpu         ] GC(1530) User=0.00s Sys=0.00s Real=0.01s
[2026-06-17T10:01:42.030+0800][39.657s][info][gc,start       ] GC(1531) Pause Young (Allocation Failure)
[2026-06-17T10:01:42.031+0800][39.659s][info][gc,heap        ] GC(1531) PSYoungGen: 13665K(13824K)->6916K(14336K) Eden: 8147K(8192K)->0K(7168K) From: 5518K(5632K)->6916K(7168K)
[2026-06-17T10:01:42.031+0800][39.659s][info][gc,heap        ] GC(1531) ParOldGen: 38499K(44032K)->38499K(44032K)
[2026-06-17T10:01:42.032+0800][39.660s][info][gc,metaspace   ] GC(1531) Metaspace: 113K(320K)->113K(320K) NonClass: 106K(192K)->106K(192K) Class: 7K(128K)->7K(128K)
[2026-06-17T10:01:42.032+0800][39.660s][info][gc             ] GC(1531) Pause Young (Allocation Failure) 50M->44M(57M) 2.635ms
[2026-06-17T10:01:42.033+0800][39.660s][info][gc,cpu         ] GC(1531) User=0.00s Sys=0.00s Real=0.01s
[2026-06-17T10:01:42.054+0800][39.682s][info][gc,start       ] GC(1532) Pause Young (Allocation Failure)
[2026-06-17T10:01:42.055+0800][39.683s][info][gc,heap        ] GC(1532) PSYoungGen: 14078K(14336K)->4428K(14336K) Eden: 7161K(7168K)->0K(7168K) From: 6916K(7168K)->4428K(7168K)
[2026-06-17T10:01:42.056+0800][39.683s][info][gc,heap        ] GC(1532) ParOldGen: 38499K(44032K)->41313K(44032K)
[2026-06-17T10:01:42.056+0800][39.684s][info][gc,metaspace   ] GC(1532) Metaspace: 113K(320K)->113K(320K) NonClass: 106K(192K)->106K(192K) Class: 7K(128K)->7K(128K)
[2026-06-17T10:01:42.056+0800][39.684s][info][gc             ] GC(1532) Pause Young (Allocation Failure) 51M->44M(57M) 2.272ms
[2026-06-17T10:01:42.057+0800][39.684s][info][gc,cpu         ] GC(1532) User=0.00s Sys=0.00s Real=0.00s
[2026-06-17T10:01:42.078+0800][39.706s][info][gc,start       ] GC(1533) Pause Full (Ergonomics)
[2026-06-17T10:01:42.078+0800][39.706s][info][gc,phases,start] GC(1533) Marking Phase
[2026-06-17T10:01:42.079+0800][39.707s][info][gc,phases      ] GC(1533) Marking Phase 1.120ms
[2026-06-17T10:01:42.080+0800][39.707s][info][gc,phases,start] GC(1533) Summary Phase
[2026-06-17T10:01:42.080+0800][39.707s][info][gc,phases      ] GC(1533) Summary Phase 0.140ms
[2026-06-17T10:01:42.080+0800][39.708s][info][gc,phases,start] GC(1533) Adjust Roots
[2026-06-17T10:01:42.080+0800][39.708s][info][gc,phases      ] GC(1533) Adjust Roots 0.210ms
[2026-06-17T10:01:42.080+0800][39.708s][info][gc,phases,start] GC(1533) Compaction Phase
[2026-06-17T10:01:42.082+0800][39.710s][info][gc,phases      ] GC(1533) Compaction Phase 2.001ms
[2026-06-17T10:01:42.082+0800][39.710s][info][gc,phases,start] GC(1533) Post Compact
[2026-06-17T10:01:42.083+0800][39.710s][info][gc,phases      ] GC(1533) Post Compact 0.233ms
[2026-06-17T10:01:42.083+0800][39.711s][info][gc,heap        ] GC(1533) PSYoungGen: 11581K(14336K)->0K(14336K) Eden: 7153K(7168K)->0K(7168K) From: 4428K(7168K)->0K(7168K)
[2026-06-17T10:01:42.083+0800][39.711s][info][gc,heap        ] GC(1533) ParOldGen: 41313K(44032K)->27440K(44032K)
[2026-06-17T10:01:42.083+0800][39.711s][info][gc,metaspace   ] GC(1533) Metaspace: 113K(320K)->113K(320K) NonClass: 106K(192K)->106K(192K) Class: 7K(128K)->7K(128K)
[2026-06-17T10:01:42.083+0800][39.711s][info][gc             ] GC(1533) Pause Full (Ergonomics) 51M->26M(57M) 5.372ms
[2026-06-17T10:01:42.083+0800][39.711s][info][gc,cpu         ] GC(1533) User=0.01s Sys=0.00s Real=0.01s
[2026-06-17T10:01:42.094+0800][39.722s][info][gc,start       ] GC(1534) Pause Young (Allocation Failure)
[2026-06-17T10:01:42.095+0800][39.723s][info][gc,heap        ] GC(1534) PSYoungGen: 7150K(14336K)->7102K(14336K) Eden: 7150K(7168K)->0K(7168K) From: 0K(7168K)->7102K(7168K)
[2026-06-17T10:01:42.095+0800][39.723s][info][gc,heap        ] GC(1534) ParOldGen: 27440K(44032K)->27569K(44032K)
[2026-06-17T10:01:42.096+0800][39.723s][info][gc,metaspace   ] GC(1534) Metaspace: 113K(320K)->113K(320K) NonClass: 106K(192K)->106K(192K) Class: 7K(128K)->7K(128K)
[2026-06-17T10:01:42.096+0800][39.723s][info][gc             ] GC(1534) Pause Young (Allocation Failure) 33M->33M(57M) 1.570ms
[2026-06-17T10:01:42.096+0800][39.724s][info][gc,cpu         ] GC(1534) User=0.00s Sys=0.00s Real=0.00s
[2026-06-17T10:01:42.117+0800][39.745s][info][gc,start       ] GC(1535) Pause Young (Allocation Failure)
[2026-06-17T10:01:42.118+0800][39.746s][info][gc,heap        ] GC(1535) PSYoungGen: 14255K(14336K)->3196K(14336K) Eden: 7153K(7168K)->0K(7168K) From: 7102K(7168K)->3196K(7168K)
[2026-06-17T10:01:42.119+0800][39.746s][info][gc,heap        ] GC(1535) ParOldGen: 27569K(44032K)->32173K(44032K)
[2026-06-17T10:01:42.119+0800][39.747s][info][gc,metaspace   ] GC(1535) Metaspace: 113K(320K)->113K(320K) NonClass: 106K(192K)->106K(192K) Class: 7K(128K)->7K(128K)
[2026-06-17T10:01:42.119+0800][39.747s][info][gc             ] GC(1535) Pause Young (Allocation Failure) 40M->34M(57M) 2.117ms
[2026-06-17T10:01:42.119+0800][39.747s][info][gc,cpu         ] GC(1535) User=0.00s Sys=0.00s Real=0.00s
[2026-06-17T10:01:42.140+0800][39.768s][info][gc,start       ] GC(1536) Pause Young (Allocation Failure)
[2026-06-17T10:01:42.141+0800][39.769s][info][gc,heap        ] GC(1536) PSYoungGen: 10341K(14336K)->3390K(14336K) Eden: 7145K(7168K)->0K(7168K) From: 3196K(7168K)->3390K(7168K)
[2026-06-17T10:01:42.141+0800][39.769s][info][gc,heap        ] GC(1536) ParOldGen: 32173K(44032K)->32173K(44032K)
[2026-06-17T10:01:42.142+0800][39.769s][info][gc,metaspace   ] GC(1536) Metaspace: 113K(320K)->113K(320K) NonClass: 106K(192K)->106K(192K) Class: 7K(128K)->7K(128K)
[2026-06-17T10:01:42.142+0800][39.770s][info][gc             ] GC(1536) Pause Young (Allocation Failure) 41M->34M(57M) 1.488ms
[2026-06-17T10:01:42.142+0800][39.770s][info][gc,cpu         ] GC(1536) User=0.00s Sys=0.00s Real=0.00s
[2026-06-17T10:01:42.153+0800][39.781s][info][gc,start       ] GC(1537) Pause Young (Allocation Failure)
[2026-06-17T10:01:42.154+0800][39.782s][info][gc,heap        ] GC(1537) PSYoungGen: 10366K(14336K)->1547K(14336K) Eden: 6975K(7168K)->0K(7168K) From: 3390K(7168K)->1547K(7168K)
[2026-06-17T10:01:42.154+0800][39.782s][info][gc,heap        ] GC(1537) ParOldGen: 32173K(44032K)->34330K(44032K)
[2026-06-17T10:01:42.155+0800][39.782s][info][gc,metaspace   ] GC(1537) Metaspace: 113K(320K)->113K(320K) NonClass: 106K(192K)->106K(192K) Class: 7K(128K)->7K(128K)
[2026-06-17T10:01:42.155+0800][39.783s][info][gc             ] GC(1537) Pause Young (Allocation Failure) 41M->35M(57M) 1.667ms
[2026-06-17T10:01:42.155+0800][39.783s][info][gc,cpu         ] GC(1537) User=0.00s Sys=0.00s Real=0.00s
[2026-06-17T10:01:42.176+0800][39.804s][info][gc,start       ] GC(1538) Pause Young (Allocation Failure)
[2026-06-17T10:01:42.177+0800][39.805s][info][gc,heap        ] GC(1538) PSYoungGen: 8711K(14336K)->3783K(14336K) Eden: 7164K(7168K)->0K(7168K) From: 1547K(7168K)->3783K(7168K)
[2026-06-17T10:01:42.178+0800][39.805s][info][gc,heap        ] GC(1538) ParOldGen: 34330K(44032K)->35854K(44032K)
[2026-06-17T10:01:42.178+0800][39.806s][info][gc,metaspace   ] GC(1538) Metaspace: 113K(320K)->113K(320K) NonClass: 106K(192K)->106K(192K) Class: 7K(128K)->7K(128K)
[2026-06-17T10:01:42.179+0800][39.806s][info][gc             ] GC(1538) Pause Young (Allocation Failure) 42M->38M(57M) 2.175ms
[2026-06-17T10:01:42.179+0800][39.807s][info][gc,cpu         ] GC(1538) User=0.01s Sys=0.00s Real=0.00s
[2026-06-17T10:01:42.190+0800][39.818s][info][gc,start       ] GC(1539) Pause Young (Allocation Failure)
[2026-06-17T10:01:42.191+0800][39.819s][info][gc,heap        ] GC(1539) PSYoungGen: 10889K(14336K)->1713K(14336K) Eden: 7105K(7168K)->0K(7168K) From: 3783K(7168K)->1713K(7168K)
[2026-06-17T10:01:42.191+0800][39.819s][info][gc,heap        ] GC(1539) ParOldGen: 35854K(44032K)->38257K(44032K)
[2026-06-17T10:01:42.191+0800][39.819s][info][gc,metaspace   ] GC(1539) Metaspace: 113K(320K)->113K(320K) NonClass: 106K(192K)->106K(192K) Class: 7K(128K)->7K(128K)
[2026-06-17T10:01:42.192+0800][39.819s][info][gc             ] GC(1539) Pause Young (Allocation Failure) 45M->39M(57M) 1.733ms
[2026-06-17T10:01:42.192+0800][39.820s][info][gc,cpu         ] GC(1539) User=0.00s Sys=0.00s Real=0.01s
[2026-06-17T10:01:42.213+0800][39.841s][info][gc,start       ] GC(1540) Pause Young (Allocation Failure)
[2026-06-17T10:01:42.216+0800][39.843s][info][gc,heap        ] GC(1540) PSYoungGen: 8850K(14336K)->3810K(14336K) Eden: 7137K(7168K)->0K(7168K) From: 1713K(7168K)->3810K(7168K)
[2026-06-17T10:01:42.216+0800][39.844s][info][gc,heap        ] GC(1540) ParOldGen: 38257K(44032K)->39946K(44032K)
[2026-06-17T10:01:42.217+0800][39.844s][info][gc,metaspace   ] GC(1540) Metaspace: 113K(320K)->113K(320K) NonClass: 106K(192K)->106K(192K) Class: 7K(128K)->7K(128K)
[2026-06-17T10:01:42.217+0800][39.845s][info][gc             ] GC(1540) Pause Young (Allocation Failure) 46M->42M(57M) 3.618ms
[2026-06-17T10:01:42.217+0800][39.845s][info][gc,cpu         ] GC(1540) User=0.00s Sys=0.00s Real=0.00s
[2026-06-17T10:01:42.239+0800][39.867s][info][gc,start       ] GC(1541) Pause Full (Ergonomics)
[2026-06-17T10:01:42.239+0800][39.867s][info][gc,phases,start] GC(1541) Marking Phase
[2026-06-17T10:01:42.241+0800][39.869s][info][gc,phases      ] GC(1541) Marking Phase 1.560ms
[2026-06-17T10:01:42.241+0800][39.869s][info][gc,phases,start] GC(1541) Summary Phase
[2026-06-17T10:01:42.242+0800][39.869s][info][gc,phases      ] GC(1541) Summary Phase 0.241ms
[2026-06-17T10:01:42.242+0800][39.870s][info][gc,phases,start] GC(1541) Adjust Roots
[2026-06-17T10:01:42.242+0800][39.870s][info][gc,phases      ] GC(1541) Adjust Roots 0.434ms
[2026-06-17T10:01:42.242+0800][39.870s][info][gc,phases,start] GC(1541) Compaction Phase
[2026-06-17T10:01:42.244+0800][39.872s][info][gc,phases      ] GC(1541) Compaction Phase 1.923ms
[2026-06-17T10:01:42.245+0800][39.873s][info][gc,phases,start] GC(1541) Post Compact
[2026-06-17T10:01:42.245+0800][39.873s][info][gc,phases      ] GC(1541) Post Compact 0.431ms
[2026-06-17T10:01:42.246+0800][39.873s][info][gc,heap        ] GC(1541) PSYoungGen: 10976K(14336K)->0K(14336K) Eden: 7165K(7168K)->0K(7168K) From: 3810K(7168K)->0K(7168K)
[2026-06-17T10:01:42.246+0800][39.874s][info][gc,heap        ] GC(1541) ParOldGen: 39946K(44032K)->30934K(44032K)
[2026-06-17T10:01:42.246+0800][39.874s][info][gc,metaspace   ] GC(1541) Metaspace: 113K(320K)->113K(320K) NonClass: 106K(192K)->106K(192K) Class: 7K(128K)->7K(128K)
[2026-06-17T10:01:42.247+0800][39.874s][info][gc             ] GC(1541) Pause Full (Ergonomics) 49M->30M(57M) 7.611ms
[2026-06-17T10:01:42.247+0800][39.874s][info][gc,cpu         ] GC(1541) User=0.01s Sys=0.00s Real=0.01s
[2026-06-17T10:01:42.268+0800][39.896s][info][gc,start       ] GC(1542) Pause Young (Allocation Failure)
[2026-06-17T10:01:42.269+0800][39.897s][info][gc,heap        ] GC(1542) PSYoungGen: 7156K(14336K)->3469K(14336K) Eden: 7156K(7168K)->0K(7168K) From: 0K(7168K)->3469K(7168K)
[2026-06-17T10:01:42.269+0800][39.897s][info][gc,heap        ] GC(1542) ParOldGen: 30934K(44032K)->30934K(44032K)
[2026-06-17T10:01:42.270+0800][39.898s][info][gc,metaspace   ] GC(1542) Metaspace: 113K(320K)->113K(320K) NonClass: 106K(192K)->106K(192K) Class: 7K(128K)->7K(128K)
[2026-06-17T10:01:42.270+0800][39.898s][info][gc             ] GC(1542) Pause Young (Allocation Failure) 37M->33M(57M) 2.209ms
[2026-06-17T10:01:42.270+0800][39.898s][info][gc,cpu         ] GC(1542) User=0.00s Sys=0.00s Real=0.00s
[2026-06-17T10:01:42.282+0800][39.909s][info][gc,start       ] GC(1543) Pause Young (Allocation Failure)
[2026-06-17T10:01:42.283+0800][39.911s][info][gc,heap        ] GC(1543) PSYoungGen: 10587K(14336K)->5153K(14336K) Eden: 7118K(7168K)->0K(7168K) From: 3469K(7168K)->5153K(7168K)
[2026-06-17T10:01:42.283+0800][39.911s][info][gc,heap        ] GC(1543) ParOldGen: 30934K(44032K)->32936K(44032K)
[2026-06-17T10:01:42.283+0800][39.911s][info][gc,metaspace   ] GC(1543) Metaspace: 113K(320K)->113K(320K) NonClass: 106K(192K)->106K(192K) Class: 7K(128K)->7K(128K)
[2026-06-17T10:01:42.284+0800][39.911s][info][gc             ] GC(1543) Pause Young (Allocation Failure) 40M->37M(57M) 2.069ms
[2026-06-17T10:01:42.284+0800][39.912s][info][gc,cpu         ] GC(1543) User=0.00s Sys=0.00s Real=0.01s
[2026-06-17T10:01:42.305+0800][39.933s][info][gc,start       ] GC(1544) Pause Young (Allocation Failure)
[2026-06-17T10:01:42.306+0800][39.934s][info][gc,heap        ] GC(1544) PSYoungGen: 12285K(14336K)->2822K(14336K) Eden: 7132K(7168K)->0K(7168K) From: 5153K(7168K)->2822K(7168K)
[2026-06-17T10:01:42.307+0800][39.934s][info][gc,heap        ] GC(1544) ParOldGen: 32936K(44032K)->35265K(44032K)
[2026-06-17T10:01:42.307+0800][39.935s][info][gc,metaspace   ] GC(1544) Metaspace: 113K(320K)->113K(320K) NonClass: 106K(192K)->106K(192K) Class: 7K(128K)->7K(128K)
[2026-06-17T10:01:42.307+0800][39.935s][info][gc             ] GC(1544) Pause Young (Allocation Failure) 44M->37M(57M) 2.015ms
[2026-06-17T10:01:42.308+0800][39.935s][info][gc,cpu         ] GC(1544) User=0.00s Sys=0.00s Real=0.00s
[2026-06-17T10:01:42.329+0800][39.957s][info][gc,start       ] GC(1545) Pause Young (Allocation Failure)
[2026-06-17T10:01:42.330+0800][39.957s][info][gc,heap        ] GC(1545) PSYoungGen: 9953K(14336K)->3119K(14336K) Eden: 7130K(7168K)->0K(7168K) From: 2822K(7168K)->3119K(7168K)
[2026-06-17T10:01:42.330+0800][39.958s][info][gc,heap        ] GC(1545) ParOldGen: 35265K(44032K)->35265K(44032K)
[2026-06-17T10:01:42.330+0800][39.958s][info][gc,metaspace   ] GC(1545) Metaspace: 113K(320K)->113K(320K) NonClass: 106K(192K)->106K(192K) Class: 7K(128K)->7K(128K)
[2026-06-17T10:01:42.330+0800][39.958s][info][gc             ] GC(1545) Pause Young (Allocation Failure) 44M->37M(57M) 1.497ms
[2026-06-17T10:01:42.331+0800][39.958s][info][gc,cpu         ] GC(1545) User=0.00s Sys=0.00s Real=0.01s
[2026-06-17T10:01:42.342+0800][39.969s][info][gc,start       ] GC(1546) Pause Young (Allocation Failure)
[2026-06-17T10:01:42.343+0800][39.970s][info][gc,heap        ] GC(1546) PSYoungGen: 10105K(14336K)->1350K(14336K) Eden: 6985K(7168K)->0K(7168K) From: 3119K(7168K)->1350K(7168K)
[2026-06-17T10:01:42.343+0800][39.971s][info][gc,heap        ] GC(1546) ParOldGen: 35265K(44032K)->37057K(44032K)
[2026-06-17T10:01:42.343+0800][39.971s][info][gc,metaspace   ] GC(1546) Metaspace: 113K(320K)->113K(320K) NonClass: 106K(192K)->106K(192K) Class: 7K(128K)->7K(128K)
[2026-06-17T10:01:42.344+0800][39.971s][info][gc             ] GC(1546) Pause Young (Allocation Failure) 44M->37M(57M) 2.212ms
[2026-06-17T10:01:42.344+0800][39.972s][info][gc,cpu         ] GC(1546) User=0.00s Sys=0.00s Real=0.01s
[2026-06-17T10:01:42.366+0800][39.993s][info][gc,start       ] GC(1547) Pause Young (Allocation Failure)
[2026-06-17T10:01:42.368+0800][39.996s][info][gc,heap        ] GC(1547) PSYoungGen: 8497K(14336K)->3616K(14848K) Eden: 7147K(7168K)->0K(7680K) From: 1350K(7168K)->3616K(7168K)
[2026-06-17T10:01:42.370+0800][39.997s][info][gc,heap        ] GC(1547) ParOldGen: 37057K(44032K)->38384K(44032K)
[2026-06-17T10:01:42.371+0800][39.998s][info][gc,metaspace   ] GC(1547) Metaspace: 113K(320K)->113K(320K) NonClass: 106K(192K)->106K(192K) Class: 7K(128K)->7K(128K)
[2026-06-17T10:01:42.371+0800][39.999s][info][gc             ] GC(1547) Pause Young (Allocation Failure) 44M->41M(57M) 5.672ms
[2026-06-17T10:01:42.372+0800][40.000s][info][gc,cpu         ] GC(1547) User=0.00s Sys=0.00s Real=0.01s
[2026-06-17T10:01:42.394+0800][40.022s][info][gc,start       ] GC(1548) Pause Young (Allocation Failure)
[2026-06-17T10:01:42.395+0800][40.023s][info][gc,heap        ] GC(1548) PSYoungGen: 11283K(14848K)->3355K(14336K) Eden: 7666K(7680K)->0K(7680K) From: 3616K(7168K)->3355K(6656K)
[2026-06-17T10:01:42.396+0800][40.024s][info][gc,heap        ] GC(1548) ParOldGen: 38384K(44032K)->39557K(44032K)
[2026-06-17T10:01:42.396+0800][40.024s][info][gc,metaspace   ] GC(1548) Metaspace: 113K(320K)->113K(320K) NonClass: 106K(192K)->106K(192K) Class: 7K(128K)->7K(128K)
[2026-06-17T10:01:42.397+0800][40.025s][info][gc             ] GC(1548) Pause Young (Allocation Failure) 48M->41M(57M) 2.719ms
[2026-06-17T10:01:42.397+0800][40.025s][info][gc,cpu         ] GC(1548) User=0.00s Sys=0.00s Real=0.00s
[2026-06-17T10:01:42.419+0800][40.046s][info][gc,start       ] GC(1549) Pause Young (Allocation Failure)
[2026-06-17T10:01:42.420+0800][40.048s][info][gc,heap        ] GC(1549) PSYoungGen: 11023K(14336K)->880K(14848K) Eden: 7668K(7680K)->0K(8192K) From: 3355K(6656K)->880K(6656K)
[2026-06-17T10:01:42.421+0800][40.048s][info][gc,heap        ] GC(1549) ParOldGen: 39557K(44032K)->42524K(44032K)
[2026-06-17T10:01:42.421+0800][40.049s][info][gc,metaspace   ] GC(1549) Metaspace: 113K(320K)->113K(320K) NonClass: 106K(192K)->106K(192K) Class: 7K(128K)->7K(128K)
[2026-06-17T10:01:42.422+0800][40.050s][info][gc             ] GC(1549) Pause Young (Allocation Failure) 49M->42M(57M) 3.201ms
[2026-06-17T10:01:42.422+0800][40.050s][info][gc,cpu         ] GC(1549) User=0.00s Sys=0.00s Real=0.01s
[2026-06-17T10:01:42.444+0800][40.072s][info][gc,start       ] GC(1550) Pause Full (Ergonomics)
[2026-06-17T10:01:42.445+0800][40.072s][info][gc,phases,start] GC(1550) Marking Phase
[2026-06-17T10:01:42.446+0800][40.074s][info][gc,phases      ] GC(1550) Marking Phase 1.518ms
[2026-06-17T10:01:42.447+0800][40.074s][info][gc,phases,start] GC(1550) Summary Phase
[2026-06-17T10:01:42.447+0800][40.075s][info][gc,phases      ] GC(1550) Summary Phase 0.816ms
[2026-06-17T10:01:42.448+0800][40.076s][info][gc,phases,start] GC(1550) Adjust Roots
[2026-06-17T10:01:42.449+0800][40.076s][info][gc,phases      ] GC(1550) Adjust Roots 0.504ms
[2026-06-17T10:01:42.449+0800][40.077s][info][gc,phases,start] GC(1550) Compaction Phase
[2026-06-17T10:01:42.451+0800][40.079s][info][gc,phases      ] GC(1550) Compaction Phase 2.035ms
[2026-06-17T10:01:42.451+0800][40.079s][info][gc,phases,start] GC(1550) Post Compact
[2026-06-17T10:01:42.452+0800][40.080s][info][gc,phases      ] GC(1550) Post Compact 0.512ms
[2026-06-17T10:01:42.452+0800][40.080s][info][gc,heap        ] GC(1550) PSYoungGen: 9068K(14848K)->0K(14848K) Eden: 8187K(8192K)->0K(8192K) From: 880K(6656K)->0K(6656K)
[2026-06-17T10:01:42.453+0800][40.081s][info][gc,heap        ] GC(1550) ParOldGen: 42524K(44032K)->30602K(44032K)
[2026-06-17T10:01:42.454+0800][40.082s][info][gc,metaspace   ] GC(1550) Metaspace: 113K(320K)->113K(320K) NonClass: 106K(192K)->106K(192K) Class: 7K(128K)->7K(128K)
[2026-06-17T10:01:42.454+0800][40.082s][info][gc             ] GC(1550) Pause Full (Ergonomics) 50M->29M(57M) 10.148ms
[2026-06-17T10:01:42.455+0800][40.082s][info][gc,cpu         ] GC(1550) User=0.01s Sys=0.00s Real=0.01s
[2026-06-17T10:01:42.466+0800][40.094s][info][gc,start       ] GC(1551) Pause Young (Allocation Failure)
[2026-06-17T10:01:42.467+0800][40.095s][info][gc,heap        ] GC(1551) PSYoungGen: 7837K(14848K)->4353K(14848K) Eden: 7837K(8192K)->0K(8192K) From: 0K(6656K)->4353K(6656K)
[2026-06-17T10:01:42.468+0800][40.096s][info][gc,heap        ] GC(1551) ParOldGen: 30602K(44032K)->30602K(44032K)
[2026-06-17T10:01:42.468+0800][40.096s][info][gc,metaspace   ] GC(1551) Metaspace: 113K(320K)->113K(320K) NonClass: 106K(192K)->106K(192K) Class: 7K(128K)->7K(128K)
[2026-06-17T10:01:42.469+0800][40.097s][info][gc             ] GC(1551) Pause Young (Allocation Failure) 37M->34M(57M) 2.912ms
[2026-06-17T10:01:42.470+0800][40.097s][info][gc,cpu         ] GC(1551) User=0.00s Sys=0.00s Real=0.00s
[2026-06-17T10:01:42.502+0800][40.129s][info][gc,start       ] GC(1552) Pause Young (Allocation Failure)
[2026-06-17T10:01:42.503+0800][40.130s][info][gc,heap        ] GC(1552) PSYoungGen: 12536K(14848K)->5534K(13824K) Eden: 8182K(8192K)->0K(8192K) From: 4353K(6656K)->5534K(5632K)
[2026-06-17T10:01:42.503+0800][40.131s][info][gc,heap        ] GC(1552) ParOldGen: 30602K(44032K)->30602K(44032K)
[2026-06-17T10:01:42.503+0800][40.131s][info][gc,metaspace   ] GC(1552) Metaspace: 113K(320K)->113K(320K) NonClass: 106K(192K)->106K(192K) Class: 7K(128K)->7K(128K)
[2026-06-17T10:01:42.503+0800][40.131s][info][gc             ] GC(1552) Pause Young (Allocation Failure) 42M->35M(56M) 1.826ms
[2026-06-17T10:01:42.503+0800][40.131s][info][gc,cpu         ] GC(1552) User=0.00s Sys=0.00s Real=0.01s
[2026-06-17T10:01:42.514+0800][40.142s][info][gc,start       ] GC(1553) Pause Young (Allocation Failure)
[2026-06-17T10:01:42.516+0800][40.143s][info][gc,heap        ] GC(1553) PSYoungGen: 13719K(13824K)->7081K(14336K) Eden: 8184K(8192K)->0K(7168K) From: 5534K(5632K)->7081K(7168K)
[2026-06-17T10:01:42.516+0800][40.144s][info][gc,heap        ] GC(1553) ParOldGen: 30602K(44032K)->33622K(44032K)
[2026-06-17T10:01:42.516+0800][40.144s][info][gc,metaspace   ] GC(1553) Metaspace: 113K(320K)->113K(320K) NonClass: 106K(192K)->106K(192K) Class: 7K(128K)->7K(128K)
[2026-06-17T10:01:42.516+0800][40.144s][info][gc             ] GC(1553) Pause Young (Allocation Failure) 43M->39M(57M) 1.799ms
[2026-06-17T10:01:42.516+0800][40.144s][info][gc,cpu         ] GC(1553) User=0.01s Sys=0.00s Real=0.00s
[2026-06-17T10:01:42.538+0800][40.166s][info][gc,start       ] GC(1554) Pause Young (Allocation Failure)
[2026-06-17T10:01:42.539+0800][40.167s][info][gc,heap        ] GC(1554) PSYoungGen: 14234K(14336K)->3088K(14336K) Eden: 7153K(7168K)->0K(7168K) From: 7081K(7168K)->3088K(7168K)
[2026-06-17T10:01:42.539+0800][40.167s][info][gc,heap        ] GC(1554) ParOldGen: 33622K(44032K)->37621K(44032K)
[2026-06-17T10:01:42.540+0800][40.167s][info][gc,metaspace   ] GC(1554) Metaspace: 113K(320K)->113K(320K) NonClass: 106K(192K)->106K(192K) Class: 7K(128K)->7K(128K)
[2026-06-17T10:01:42.540+0800][40.167s][info][gc             ] GC(1554) Pause Young (Allocation Failure) 46M->39M(57M) 1.522ms
[2026-06-17T10:01:42.540+0800][40.168s][info][gc,cpu         ] GC(1554) User=0.00s Sys=0.00s Real=0.00s
[2026-06-17T10:01:42.561+0800][40.189s][info][gc,start       ] GC(1555) Pause Young (Allocation Failure)
[2026-06-17T10:01:42.562+0800][40.190s][info][gc,heap        ] GC(1555) PSYoungGen: 10253K(14336K)->2883K(14336K) Eden: 7164K(7168K)->0K(7168K) From: 3088K(7168K)->2883K(7168K)
[2026-06-17T10:01:42.562+0800][40.190s][info][gc,heap        ] GC(1555) ParOldGen: 37621K(44032K)->38004K(44032K)
[2026-06-17T10:01:42.563+0800][40.190s][info][gc,metaspace   ] GC(1555) Metaspace: 113K(320K)->113K(320K) NonClass: 106K(192K)->106K(192K) Class: 7K(128K)->7K(128K)
[2026-06-17T10:01:42.563+0800][40.190s][info][gc             ] GC(1555) Pause Young (Allocation Failure) 46M->39M(57M) 1.813ms
[2026-06-17T10:01:42.563+0800][40.191s][info][gc,cpu         ] GC(1555) User=0.00s Sys=0.00s Real=0.01s
[2026-06-17T10:01:42.574+0800][40.202s][info][gc,start       ] GC(1556) Pause Young (Allocation Failure)
[2026-06-17T10:01:42.575+0800][40.203s][info][gc,heap        ] GC(1556) PSYoungGen: 10020K(14336K)->988K(14336K) Eden: 7136K(7168K)->0K(7168K) From: 2883K(7168K)->988K(7168K)
[2026-06-17T10:01:42.576+0800][40.203s][info][gc,heap        ] GC(1556) ParOldGen: 38004K(44032K)->39907K(44032K)
[2026-06-17T10:01:42.576+0800][40.204s][info][gc,metaspace   ] GC(1556) Metaspace: 113K(320K)->113K(320K) NonClass: 106K(192K)->106K(192K) Class: 7K(128K)->7K(128K)
[2026-06-17T10:01:42.576+0800][40.204s][info][gc             ] GC(1556) Pause Young (Allocation Failure) 46M->39M(57M) 2.181ms
[2026-06-17T10:01:42.576+0800][40.204s][info][gc,cpu         ] GC(1556) User=0.00s Sys=0.00s Real=0.00s
[2026-06-17T10:01:42.598+0800][40.226s][info][gc,start       ] GC(1557) Pause Full (Ergonomics)
[2026-06-17T10:01:42.598+0800][40.226s][info][gc,phases,start] GC(1557) Marking Phase
[2026-06-17T10:01:42.600+0800][40.228s][info][gc,phases      ] GC(1557) Marking Phase 1.856ms
[2026-06-17T10:01:42.600+0800][40.228s][info][gc,phases,start] GC(1557) Summary Phase
[2026-06-17T10:01:42.601+0800][40.228s][info][gc,phases      ] GC(1557) Summary Phase 0.232ms
[2026-06-17T10:01:42.601+0800][40.229s][info][gc,phases,start] GC(1557) Adjust Roots
[2026-06-17T10:01:42.601+0800][40.229s][info][gc,phases      ] GC(1557) Adjust Roots 0.332ms
[2026-06-17T10:01:42.601+0800][40.229s][info][gc,phases,start] GC(1557) Compaction Phase
[2026-06-17T10:01:42.603+0800][40.231s][info][gc,phases      ] GC(1557) Compaction Phase 1.904ms
[2026-06-17T10:01:42.604+0800][40.232s][info][gc,phases,start] GC(1557) Post Compact
[2026-06-17T10:01:42.604+0800][40.232s][info][gc,phases      ] GC(1557) Post Compact 0.317ms
[2026-06-17T10:01:42.604+0800][40.232s][info][gc,heap        ] GC(1557) PSYoungGen: 8141K(14336K)->0K(14336K) Eden: 7153K(7168K)->0K(7168K) From: 988K(7168K)->0K(7168K)
[2026-06-17T10:01:42.605+0800][40.232s][info][gc,heap        ] GC(1557) ParOldGen: 39907K(44032K)->30708K(44032K)
[2026-06-17T10:01:42.605+0800][40.233s][info][gc,metaspace   ] GC(1557) Metaspace: 113K(320K)->113K(320K) NonClass: 106K(192K)->106K(192K) Class: 7K(128K)->7K(128K)
[2026-06-17T10:01:42.605+0800][40.233s][info][gc             ] GC(1557) Pause Full (Ergonomics) 46M->29M(57M) 7.191ms
[2026-06-17T10:01:42.607+0800][40.234s][info][gc,cpu         ] GC(1557) User=0.01s Sys=0.00s Real=0.01s
[2026-06-17T10:01:42.629+0800][40.257s][info][gc,start       ] GC(1558) Pause Young (Allocation Failure)
[2026-06-17T10:01:42.630+0800][40.258s][info][gc,heap        ] GC(1558) PSYoungGen: 7162K(14336K)->4114K(14336K) Eden: 7162K(7168K)->0K(7168K) From: 0K(7168K)->4114K(7168K)
[2026-06-17T10:01:42.631+0800][40.259s][info][gc,heap        ] GC(1558) ParOldGen: 30708K(44032K)->30708K(44032K)
[2026-06-17T10:01:42.632+0800][40.259s][info][gc,metaspace   ] GC(1558) Metaspace: 113K(320K)->113K(320K) NonClass: 106K(192K)->106K(192K) Class: 7K(128K)->7K(128K)
[2026-06-17T10:01:42.632+0800][40.260s][info][gc             ] GC(1558) Pause Young (Allocation Failure) 36M->34M(57M) 2.502ms
[2026-06-17T10:01:42.632+0800][40.260s][info][gc,cpu         ] GC(1558) User=0.00s Sys=0.00s Real=0.01s
[2026-06-17T10:01:42.653+0800][40.281s][info][gc,start       ] GC(1559) Pause Young (Allocation Failure)
[2026-06-17T10:01:42.654+0800][40.282s][info][gc,heap        ] GC(1559) PSYoungGen: 11237K(14336K)->1088K(14336K) Eden: 7123K(7168K)->0K(7168K) From: 4114K(7168K)->1088K(7168K)
[2026-06-17T10:01:42.655+0800][40.282s][info][gc,heap        ] GC(1559) ParOldGen: 30708K(44032K)->33867K(44032K)
[2026-06-17T10:01:42.655+0800][40.282s][info][gc,metaspace   ] GC(1559) Metaspace: 113K(320K)->113K(320K) NonClass: 106K(192K)->106K(192K) Class: 7K(128K)->7K(128K)
[2026-06-17T10:01:42.656+0800][40.283s][info][gc             ] GC(1559) Pause Young (Allocation Failure) 40M->34M(57M) 2.228ms
[2026-06-17T10:01:42.656+0800][40.284s][info][gc,cpu         ] GC(1559) User=0.00s Sys=0.00s Real=0.00s
[2026-06-17T10:01:42.667+0800][40.294s][info][gc,start       ] GC(1560) Pause Young (Allocation Failure)
[2026-06-17T10:01:42.668+0800][40.295s][info][gc,heap        ] GC(1560) PSYoungGen: 8250K(14336K)->4941K(14336K) Eden: 7162K(7168K)->0K(7168K) From: 1088K(7168K)->4941K(7168K)
[2026-06-17T10:01:42.668+0800][40.295s][info][gc,heap        ] GC(1560) ParOldGen: 33867K(44032K)->33867K(44032K)
[2026-06-17T10:01:42.668+0800][40.296s][info][gc,metaspace   ] GC(1560) Metaspace: 113K(320K)->113K(320K) NonClass: 106K(192K)->106K(192K) Class: 7K(128K)->7K(128K)
[2026-06-17T10:01:42.668+0800][40.296s][info][gc             ] GC(1560) Pause Young (Allocation Failure) 41M->37M(57M) 1.456ms
[2026-06-17T10:01:42.668+0800][40.296s][info][gc,cpu         ] GC(1560) User=0.00s Sys=0.00s Real=0.00s
[2026-06-17T10:01:42.690+0800][40.317s][info][gc,start       ] GC(1561) Pause Young (Allocation Failure)
[2026-06-17T10:01:42.691+0800][40.319s][info][gc,heap        ] GC(1561) PSYoungGen: 11966K(14336K)->32K(14336K) Eden: 7025K(7168K)->0K(7168K) From: 4941K(7168K)->32K(7168K)
[2026-06-17T10:01:42.691+0800][40.319s][info][gc,heap        ] GC(1561) ParOldGen: 33867K(44032K)->35458K(44032K)
[2026-06-17T10:01:42.692+0800][40.319s][info][gc,metaspace   ] GC(1561) Metaspace: 113K(320K)->113K(320K) NonClass: 106K(192K)->106K(192K) Class: 7K(128K)->7K(128K)
[2026-06-17T10:01:42.692+0800][40.320s][info][gc             ] GC(1561) Pause Young (Allocation Failure) 44M->34M(57M) 2.357ms
[2026-06-17T10:01:42.692+0800][40.320s][info][gc,cpu         ] GC(1561) User=0.01s Sys=0.00s Real=0.01s
[2026-06-17T10:01:42.714+0800][40.342s][info][gc,start       ] GC(1562) Pause Young (Allocation Failure)
[2026-06-17T10:01:42.716+0800][40.344s][info][gc,heap        ] GC(1562) PSYoungGen: 7170K(14336K)->3507K(14336K) Eden: 7138K(7168K)->0K(7168K) From: 32K(7168K)->3507K(7168K)
[2026-06-17T10:01:42.717+0800][40.344s][info][gc,heap        ] GC(1562) ParOldGen: 35458K(44032K)->35466K(44032K)
[2026-06-17T10:01:42.719+0800][40.347s][info][gc,metaspace   ] GC(1562) Metaspace: 113K(320K)->113K(320K) NonClass: 106K(192K)->106K(192K) Class: 7K(128K)->7K(128K)
[2026-06-17T10:01:42.719+0800][40.347s][info][gc             ] GC(1562) Pause Young (Allocation Failure) 41M->38M(57M) 5.080ms
[2026-06-17T10:01:42.720+0800][40.348s][info][gc,cpu         ] GC(1562) User=0.00s Sys=0.00s Real=0.00s
[2026-06-17T10:01:42.731+0800][40.359s][info][gc,start       ] GC(1563) Pause Young (Allocation Failure)
[2026-06-17T10:01:42.732+0800][40.360s][info][gc,heap        ] GC(1563) PSYoungGen: 10655K(14336K)->1693K(14336K) Eden: 7147K(7168K)->0K(7168K) From: 3507K(7168K)->1693K(7168K)
[2026-06-17T10:01:42.734+0800][40.362s][info][gc,heap        ] GC(1563) ParOldGen: 35466K(44032K)->37647K(44032K)
[2026-06-17T10:01:42.736+0800][40.364s][info][gc,metaspace   ] GC(1563) Metaspace: 113K(320K)->113K(320K) NonClass: 106K(192K)->106K(192K) Class: 7K(128K)->7K(128K)
[2026-06-17T10:01:42.737+0800][40.365s][info][gc             ] GC(1563) Pause Young (Allocation Failure) 45M->38M(57M) 6.124ms
[2026-06-17T10:01:42.739+0800][40.367s][info][gc,cpu         ] GC(1563) User=0.00s Sys=0.00s Real=0.00s
[2026-06-17T10:01:42.763+0800][40.391s][info][gc,start       ] GC(1564) Pause Young (Allocation Failure)
[2026-06-17T10:01:42.765+0800][40.392s][info][gc,heap        ] GC(1564) PSYoungGen: 8854K(14336K)->3855K(14336K) Eden: 7161K(7168K)->0K(7168K) From: 1693K(7168K)->3855K(7168K)
[2026-06-17T10:01:42.765+0800][40.393s][info][gc,heap        ] GC(1564) ParOldGen: 37647K(44032K)->39317K(44032K)
[2026-06-17T10:01:42.766+0800][40.394s][info][gc,metaspace   ] GC(1564) Metaspace: 113K(320K)->113K(320K) NonClass: 106K(192K)->106K(192K) Class: 7K(128K)->7K(128K)
[2026-06-17T10:01:42.767+0800][40.395s][info][gc             ] GC(1564) Pause Young (Allocation Failure) 45M->42M(57M) 4.417ms
[2026-06-17T10:01:42.768+0800][40.396s][info][gc,cpu         ] GC(1564) User=0.00s Sys=0.00s Real=0.00s
[2026-06-17T10:01:42.790+0800][40.418s][info][gc,start       ] GC(1565) Pause Young (Allocation Failure)
[2026-06-17T10:01:42.792+0800][40.419s][info][gc,heap        ] GC(1565) PSYoungGen: 11023K(14336K)->3958K(14336K) Eden: 7168K(7168K)->0K(7168K) From: 3855K(7168K)->3958K(7168K)
[2026-06-17T10:01:42.792+0800][40.420s][info][gc,heap        ] GC(1565) ParOldGen: 39317K(44032K)->39817K(44032K)
[2026-06-17T10:01:42.793+0800][40.421s][info][gc,metaspace   ] GC(1565) Metaspace: 113K(320K)->113K(320K) NonClass: 106K(192K)->106K(192K) Class: 7K(128K)->7K(128K)
[2026-06-17T10:01:42.793+0800][40.421s][info][gc             ] GC(1565) Pause Young (Allocation Failure) 49M->42M(57M) 2.929ms
[2026-06-17T10:01:42.794+0800][40.421s][info][gc,cpu         ] GC(1565) User=0.00s Sys=0.00s Real=0.01s
[2026-06-17T10:01:42.815+0800][40.443s][info][gc,start       ] GC(1566) Pause Young (Allocation Failure)
[2026-06-17T10:01:42.816+0800][40.444s][info][gc,heap        ] GC(1566) PSYoungGen: 11091K(14336K)->2281K(14336K) Eden: 7132K(7168K)->0K(7168K) From: 3958K(7168K)->2281K(7168K)
[2026-06-17T10:01:42.817+0800][40.445s][info][gc,heap        ] GC(1566) ParOldGen: 39817K(44032K)->41562K(44032K)
[2026-06-17T10:01:42.830+0800][40.458s][info][gc,metaspace   ] GC(1566) Metaspace: 113K(320K)->113K(320K) NonClass: 106K(192K)->106K(192K) Class: 7K(128K)->7K(128K)
[2026-06-17T10:01:42.833+0800][40.461s][info][gc             ] GC(1566) Pause Young (Allocation Failure) 49M->42M(57M) 18.160ms
[2026-06-17T10:01:42.834+0800][40.462s][info][gc,cpu         ] GC(1566) User=0.00s Sys=0.00s Real=0.02s
[2026-06-17T10:01:42.846+0800][40.473s][info][gc,start       ] GC(1567) Pause Full (Ergonomics)
[2026-06-17T10:01:42.846+0800][40.474s][info][gc,phases,start] GC(1567) Marking Phase
[2026-06-17T10:01:42.849+0800][40.477s][info][gc,phases      ] GC(1567) Marking Phase 2.844ms
[2026-06-17T10:01:42.852+0800][40.479s][info][gc,phases,start] GC(1567) Summary Phase
[2026-06-17T10:01:42.852+0800][40.480s][info][gc,phases      ] GC(1567) Summary Phase 0.531ms
[2026-06-17T10:01:42.853+0800][40.481s][info][gc,phases,start] GC(1567) Adjust Roots
[2026-06-17T10:01:42.854+0800][40.481s][info][gc,phases      ] GC(1567) Adjust Roots 0.754ms
[2026-06-17T10:01:42.854+0800][40.482s][info][gc,phases,start] GC(1567) Compaction Phase
[2026-06-17T10:01:42.857+0800][40.485s][info][gc,phases      ] GC(1567) Compaction Phase 3.095ms
[2026-06-17T10:01:42.858+0800][40.485s][info][gc,phases,start] GC(1567) Post Compact
[2026-06-17T10:01:42.858+0800][40.486s][info][gc,phases      ] GC(1567) Post Compact 0.365ms
[2026-06-17T10:01:42.858+0800][40.486s][info][gc,heap        ] GC(1567) PSYoungGen: 9283K(14336K)->0K(14336K) Eden: 7001K(7168K)->0K(7168K) From: 2281K(7168K)->0K(7168K)
[2026-06-17T10:01:42.859+0800][40.487s][info][gc,heap        ] GC(1567) ParOldGen: 41562K(44032K)->30518K(44032K)
[2026-06-17T10:01:42.859+0800][40.487s][info][gc,metaspace   ] GC(1567) Metaspace: 113K(320K)->113K(320K) NonClass: 106K(192K)->106K(192K) Class: 7K(128K)->7K(128K)
[2026-06-17T10:01:42.860+0800][40.487s][info][gc             ] GC(1567) Pause Full (Ergonomics) 49M->29M(57M) 13.834ms
[2026-06-17T10:01:42.860+0800][40.488s][info][gc,cpu         ] GC(1567) User=0.01s Sys=0.00s Real=0.01s
[2026-06-17T10:01:42.881+0800][40.509s][info][gc,start       ] GC(1568) Pause Young (Allocation Failure)
[2026-06-17T10:01:42.883+0800][40.511s][info][gc,heap        ] GC(1568) PSYoungGen: 7149K(14336K)->3831K(14336K) Eden: 7149K(7168K)->0K(7168K) From: 0K(7168K)->3831K(7168K)
[2026-06-17T10:01:42.883+0800][40.511s][info][gc,heap        ] GC(1568) ParOldGen: 30518K(44032K)->30518K(44032K)
[2026-06-17T10:01:42.884+0800][40.511s][info][gc,metaspace   ] GC(1568) Metaspace: 113K(320K)->113K(320K) NonClass: 106K(192K)->106K(192K) Class: 7K(128K)->7K(128K)
[2026-06-17T10:01:42.884+0800][40.512s][info][gc             ] GC(1568) Pause Young (Allocation Failure) 36M->33M(57M) 2.740ms
[2026-06-17T10:01:42.884+0800][40.512s][info][gc,cpu         ] GC(1568) User=0.00s Sys=0.00s Real=0.01s
[2026-06-17T10:01:42.895+0800][40.523s][info][gc,start       ] GC(1569) Pause Young (Allocation Failure)
[2026-06-17T10:01:42.897+0800][40.524s][info][gc,heap        ] GC(1569) PSYoungGen: 10977K(14336K)->7154K(14336K) Eden: 7145K(7168K)->0K(7168K) From: 3831K(7168K)->7154K(7168K)
[2026-06-17T10:01:42.897+0800][40.525s][info][gc,heap        ] GC(1569) ParOldGen: 30518K(44032K)->30820K(44032K)
[2026-06-17T10:01:42.897+0800][40.525s][info][gc,metaspace   ] GC(1569) Metaspace: 113K(320K)->113K(320K) NonClass: 106K(192K)->106K(192K) Class: 7K(128K)->7K(128K)
[2026-06-17T10:01:42.898+0800][40.526s][info][gc             ] GC(1569) Pause Young (Allocation Failure) 40M->37M(57M) 2.489ms
[2026-06-17T10:01:42.898+0800][40.526s][info][gc,cpu         ] GC(1569) User=0.00s Sys=0.00s Real=0.00s
[2026-06-17T10:01:42.919+0800][40.547s][info][gc,start       ] GC(1570) Pause Young (Allocation Failure)
[2026-06-17T10:01:42.923+0800][40.550s][info][gc,heap        ] GC(1570) PSYoungGen: 14312K(14336K)->5926K(14336K) Eden: 7157K(7168K)->0K(7168K) From: 7154K(7168K)->5926K(7168K)
[2026-06-17T10:01:42.924+0800][40.552s][info][gc,heap        ] GC(1570) ParOldGen: 30820K(44032K)->32258K(44032K)
[2026-06-17T10:01:42.926+0800][40.554s][info][gc,metaspace   ] GC(1570) Metaspace: 113K(320K)->113K(320K) NonClass: 106K(192K)->106K(192K) Class: 7K(128K)->7K(128K)
[2026-06-17T10:01:42.928+0800][40.556s][info][gc             ] GC(1570) Pause Young (Allocation Failure) 44M->37M(57M) 9.011ms
[2026-06-17T10:01:42.929+0800][40.557s][info][gc,cpu         ] GC(1570) User=0.01s Sys=0.00s Real=0.01s
[2026-06-17T10:01:42.951+0800][40.579s][info][gc,start       ] GC(1571) Pause Young (Allocation Failure)
[2026-06-17T10:01:42.953+0800][40.580s][info][gc,heap        ] GC(1571) PSYoungGen: 13078K(14336K)->3615K(14336K) Eden: 7152K(7168K)->0K(7168K) From: 5926K(7168K)->3615K(7168K)
[2026-06-17T10:01:42.953+0800][40.581s][info][gc,heap        ] GC(1571) ParOldGen: 32258K(44032K)->34756K(44032K)
[2026-06-17T10:01:42.954+0800][40.581s][info][gc,metaspace   ] GC(1571) Metaspace: 113K(320K)->113K(320K) NonClass: 106K(192K)->106K(192K) Class: 7K(128K)->7K(128K)
[2026-06-17T10:01:42.955+0800][40.583s][info][gc             ] GC(1571) Pause Young (Allocation Failure) 44M->37M(57M) 4.037ms
[2026-06-17T10:01:42.955+0800][40.583s][info][gc,cpu         ] GC(1571) User=0.00s Sys=0.00s Real=0.00s
[2026-06-17T10:01:42.967+0800][40.595s][info][gc,start       ] GC(1572) Pause Young (Allocation Failure)
[2026-06-17T10:01:42.968+0800][40.596s][info][gc,heap        ] GC(1572) PSYoungGen: 10528K(14336K)->1305K(14336K) Eden: 6912K(7168K)->0K(7168K) From: 3615K(7168K)->1305K(7168K)
[2026-06-17T10:01:42.969+0800][40.596s][info][gc,heap        ] GC(1572) ParOldGen: 34756K(44032K)->36717K(44032K)
[2026-06-17T10:01:42.969+0800][40.597s][info][gc,metaspace   ] GC(1572) Metaspace: 113K(320K)->113K(320K) NonClass: 106K(192K)->106K(192K) Class: 7K(128K)->7K(128K)
[2026-06-17T10:01:42.970+0800][40.597s][info][gc             ] GC(1572) Pause Young (Allocation Failure) 44M->37M(57M) 2.675ms
[2026-06-17T10:01:42.970+0800][40.598s][info][gc,cpu         ] GC(1572) User=0.00s Sys=0.00s Real=0.00s
[2026-06-17T10:01:42.992+0800][40.620s][info][gc,start       ] GC(1573) Pause Young (Allocation Failure)
[2026-06-17T10:01:42.993+0800][40.621s][info][gc,heap        ] GC(1573) PSYoungGen: 8448K(14336K)->3620K(14336K) Eden: 7143K(7168K)->0K(7168K) From: 1305K(7168K)->3620K(7168K)
[2026-06-17T10:01:42.994+0800][40.621s][info][gc,heap        ] GC(1573) ParOldGen: 36717K(44032K)->37998K(44032K)
[2026-06-17T10:01:42.994+0800][40.622s][info][gc,metaspace   ] GC(1573) Metaspace: 113K(320K)->113K(320K) NonClass: 106K(192K)->106K(192K) Class: 7K(128K)->7K(128K)
[2026-06-17T10:01:42.994+0800][40.622s][info][gc             ] GC(1573) Pause Young (Allocation Failure) 44M->40M(57M) 2.587ms
[2026-06-17T10:01:42.995+0800][40.622s][info][gc,cpu         ] GC(1573) User=0.00s Sys=0.00s Real=0.00s
[2026-06-17T10:01:43.017+0800][40.644s][info][gc,start       ] GC(1574) Pause Young (Allocation Failure)
[2026-06-17T10:01:43.018+0800][40.646s][info][gc,heap        ] GC(1574) PSYoungGen: 10783K(14336K)->3716K(14336K) Eden: 7162K(7168K)->0K(7168K) From: 3620K(7168K)->3716K(7168K)
[2026-06-17T10:01:43.019+0800][40.646s][info][gc,heap        ] GC(1574) ParOldGen: 37998K(44032K)->38329K(44032K)
[2026-06-17T10:01:43.019+0800][40.647s][info][gc,metaspace   ] GC(1574) Metaspace: 113K(320K)->113K(320K) NonClass: 106K(192K)->106K(192K) Class: 7K(128K)->7K(128K)
[2026-06-17T10:01:43.020+0800][40.647s][info][gc             ] GC(1574) Pause Young (Allocation Failure) 47M->41M(57M) 3.020ms
[2026-06-17T10:01:43.020+0800][40.648s][info][gc,cpu         ] GC(1574) User=0.00s Sys=0.00s Real=0.00s
[2026-06-17T10:01:43.042+0800][40.670s][info][gc,start       ] GC(1575) Pause Young (Allocation Failure)
[2026-06-17T10:01:43.043+0800][40.671s][info][gc,heap        ] GC(1575) PSYoungGen: 10858K(14336K)->2427K(14336K) Eden: 7141K(7168K)->0K(7168K) From: 3716K(7168K)->2427K(7168K)
[2026-06-17T10:01:43.043+0800][40.671s][info][gc,heap        ] GC(1575) ParOldGen: 38329K(44032K)->39983K(44032K)
[2026-06-17T10:01:43.043+0800][40.671s][info][gc,metaspace   ] GC(1575) Metaspace: 113K(320K)->113K(320K) NonClass: 106K(192K)->106K(192K) Class: 7K(128K)->7K(128K)
[2026-06-17T10:01:43.044+0800][40.671s][info][gc             ] GC(1575) Pause Young (Allocation Failure) 48M->41M(57M) 1.825ms
[2026-06-17T10:01:43.044+0800][40.672s][info][gc,cpu         ] GC(1575) User=0.00s Sys=0.00s Real=0.01s
[2026-06-17T10:01:43.065+0800][40.693s][info][gc,start       ] GC(1576) Pause Young (Allocation Failure)
[2026-06-17T10:01:43.066+0800][40.694s][info][gc,heap        ] GC(1576) PSYoungGen: 9582K(14336K)->2827K(14336K) Eden: 7154K(7168K)->0K(7168K) From: 2427K(7168K)->2827K(7168K)
[2026-06-17T10:01:43.066+0800][40.694s][info][gc,heap        ] GC(1576) ParOldGen: 39983K(44032K)->39983K(44032K)
[2026-06-17T10:01:43.067+0800][40.694s][info][gc,metaspace   ] GC(1576) Metaspace: 113K(320K)->113K(320K) NonClass: 106K(192K)->106K(192K) Class: 7K(128K)->7K(128K)
[2026-06-17T10:01:43.067+0800][40.695s][info][gc             ] GC(1576) Pause Young (Allocation Failure) 48M->41M(57M) 1.809ms
[2026-06-17T10:01:43.067+0800][40.695s][info][gc,cpu         ] GC(1576) User=0.00s Sys=0.00s Real=0.00s
[2026-06-17T10:01:43.078+0800][40.706s][info][gc,start       ] GC(1577) Pause Young (Allocation Failure)
[2026-06-17T10:01:43.079+0800][40.707s][info][gc,heap        ] GC(1577) PSYoungGen: 9928K(14336K)->2650K(14848K) Eden: 7101K(7168K)->0K(7680K) From: 2827K(7168K)->2650K(7168K)
[2026-06-17T10:01:43.080+0800][40.707s][info][gc,heap        ] GC(1577) ParOldGen: 39983K(44032K)->39983K(44032K)
[2026-06-17T10:01:43.080+0800][40.708s][info][gc,metaspace   ] GC(1577) Metaspace: 113K(320K)->113K(320K) NonClass: 106K(192K)->106K(192K) Class: 7K(128K)->7K(128K)
[2026-06-17T10:01:43.081+0800][40.708s][info][gc             ] GC(1577) Pause Young (Allocation Failure) 48M->41M(57M) 2.540ms
[2026-06-17T10:01:43.081+0800][40.709s][info][gc,cpu         ] GC(1577) User=0.00s Sys=0.00s Real=0.00s
[2026-06-17T10:01:43.103+0800][40.730s][info][gc,start       ] GC(1578) Pause Young (Allocation Failure)
[2026-06-17T10:01:43.104+0800][40.732s][info][gc,heap        ] GC(1578) PSYoungGen: 10325K(14848K)->6532K(14336K) Eden: 7675K(7680K)->0K(7680K) From: 2650K(7168K)->6532K(6656K)
[2026-06-17T10:01:43.104+0800][40.732s][info][gc,heap        ] GC(1578) ParOldGen: 39983K(44032K)->40426K(44032K)
[2026-06-17T10:01:43.105+0800][40.732s][info][gc,metaspace   ] GC(1578) Metaspace: 113K(320K)->113K(320K) NonClass: 106K(192K)->106K(192K) Class: 7K(128K)->7K(128K)
[2026-06-17T10:01:43.105+0800][40.733s][info][gc             ] GC(1578) Pause Young (Allocation Failure) 49M->45M(57M) 2.128ms
[2026-06-17T10:01:43.105+0800][40.733s][info][gc,cpu         ] GC(1578) User=0.00s Sys=0.00s Real=0.00s
[2026-06-17T10:01:43.127+0800][40.754s][info][gc,start       ] GC(1579) Pause Young (Allocation Failure)
[2026-06-17T10:01:43.128+0800][40.756s][info][gc,heap        ] GC(1579) PSYoungGen: 14188K(14336K)->5818K(14336K) Eden: 7655K(7680K)->0K(7168K) From: 6532K(6656K)->5818K(7168K)
[2026-06-17T10:01:43.129+0800][40.756s][info][gc,heap        ] GC(1579) ParOldGen: 40426K(44032K)->41835K(44032K)
[2026-06-17T10:01:43.129+0800][40.757s][info][gc,metaspace   ] GC(1579) Metaspace: 113K(320K)->113K(320K) NonClass: 106K(192K)->106K(192K) Class: 7K(128K)->7K(128K)
[2026-06-17T10:01:43.130+0800][40.757s][info][gc             ] GC(1579) Pause Young (Allocation Failure) 53M->46M(57M) 2.892ms
[2026-06-17T10:01:43.130+0800][40.758s][info][gc,cpu         ] GC(1579) User=0.00s Sys=0.00s Real=0.00s
[2026-06-17T10:01:43.151+0800][40.779s][info][gc,start       ] GC(1580) Pause Full (Ergonomics)
[2026-06-17T10:01:43.152+0800][40.780s][info][gc,phases,start] GC(1580) Marking Phase
[2026-06-17T10:01:43.155+0800][40.783s][info][gc,phases      ] GC(1580) Marking Phase 2.896ms
[2026-06-17T10:01:43.155+0800][40.783s][info][gc,phases,start] GC(1580) Summary Phase
[2026-06-17T10:01:43.155+0800][40.783s][info][gc,phases      ] GC(1580) Summary Phase 0.280ms
[2026-06-17T10:01:43.156+0800][40.783s][info][gc,phases,start] GC(1580) Adjust Roots
[2026-06-17T10:01:43.156+0800][40.784s][info][gc,phases      ] GC(1580) Adjust Roots 0.470ms
[2026-06-17T10:01:43.157+0800][40.784s][info][gc,phases,start] GC(1580) Compaction Phase
[2026-06-17T10:01:43.159+0800][40.786s][info][gc,phases      ] GC(1580) Compaction Phase 2.200ms
[2026-06-17T10:01:43.159+0800][40.787s][info][gc,phases,start] GC(1580) Post Compact
[2026-06-17T10:01:43.159+0800][40.787s][info][gc,phases      ] GC(1580) Post Compact 0.347ms
[2026-06-17T10:01:43.160+0800][40.788s][info][gc,heap        ] GC(1580) PSYoungGen: 12971K(14336K)->0K(14336K) Eden: 7153K(7168K)->0K(7168K) From: 5818K(7168K)->0K(7168K)
[2026-06-17T10:01:43.160+0800][40.788s][info][gc,heap        ] GC(1580) ParOldGen: 41835K(44032K)->23167K(44032K)
[2026-06-17T10:01:43.160+0800][40.788s][info][gc,metaspace   ] GC(1580) Metaspace: 113K(320K)->113K(320K) NonClass: 106K(192K)->106K(192K) Class: 7K(128K)->7K(128K)
[2026-06-17T10:01:43.161+0800][40.788s][info][gc             ] GC(1580) Pause Full (Ergonomics) 53M->22M(57M) 9.344ms
[2026-06-17T10:01:43.161+0800][40.789s][info][gc,cpu         ] GC(1580) User=0.01s Sys=0.00s Real=0.00s
[2026-06-17T10:01:43.172+0800][40.800s][info][gc,start       ] GC(1581) Pause Young (Allocation Failure)
[2026-06-17T10:01:43.173+0800][40.801s][info][gc,heap        ] GC(1581) PSYoungGen: 7168K(14336K)->6902K(14336K) Eden: 7168K(7168K)->0K(7168K) From: 0K(7168K)->6902K(7168K)
[2026-06-17T10:01:43.173+0800][40.801s][info][gc,heap        ] GC(1581) ParOldGen: 23167K(44032K)->23479K(44032K)
[2026-06-17T10:01:43.173+0800][40.801s][info][gc,metaspace   ] GC(1581) Metaspace: 113K(320K)->113K(320K) NonClass: 106K(192K)->106K(192K) Class: 7K(128K)->7K(128K)
[2026-06-17T10:01:43.174+0800][40.801s][info][gc             ] GC(1581) Pause Young (Allocation Failure) 29M->29M(57M) 1.799ms
[2026-06-17T10:01:43.174+0800][40.802s][info][gc,cpu         ] GC(1581) User=0.00s Sys=0.00s Real=0.00s
[2026-06-17T10:01:43.195+0800][40.823s][info][gc,start       ] GC(1582) Pause Young (Allocation Failure)
[2026-06-17T10:01:43.197+0800][40.825s][info][gc,heap        ] GC(1582) PSYoungGen: 14049K(14336K)->2842K(14336K) Eden: 7146K(7168K)->0K(7168K) From: 6902K(7168K)->2842K(7168K)
[2026-06-17T10:01:43.197+0800][40.825s][info][gc,heap        ] GC(1582) ParOldGen: 23479K(44032K)->27438K(44032K)
[2026-06-17T10:01:43.198+0800][40.825s][info][gc,metaspace   ] GC(1582) Metaspace: 113K(320K)->113K(320K) NonClass: 106K(192K)->106K(192K) Class: 7K(128K)->7K(128K)
[2026-06-17T10:01:43.198+0800][40.826s][info][gc             ] GC(1582) Pause Young (Allocation Failure) 36M->29M(57M) 2.772ms
[2026-06-17T10:01:43.198+0800][40.826s][info][gc,cpu         ] GC(1582) User=0.00s Sys=0.00s Real=0.00s
[2026-06-17T10:01:43.220+0800][40.848s][info][gc,start       ] GC(1583) Pause Young (Allocation Failure)
[2026-06-17T10:01:43.222+0800][40.850s][info][gc,heap        ] GC(1583) PSYoungGen: 9991K(14336K)->2950K(14336K) Eden: 7148K(7168K)->0K(7168K) From: 2842K(7168K)->2950K(7168K)
[2026-06-17T10:01:43.223+0800][40.850s][info][gc,heap        ] GC(1583) ParOldGen: 27438K(44032K)->27438K(44032K)
[2026-06-17T10:01:43.223+0800][40.851s][info][gc,metaspace   ] GC(1583) Metaspace: 113K(320K)->113K(320K) NonClass: 106K(192K)->106K(192K) Class: 7K(128K)->7K(128K)
[2026-06-17T10:01:43.224+0800][40.852s][info][gc             ] GC(1583) Pause Young (Allocation Failure) 36M->29M(57M) 3.811ms
[2026-06-17T10:01:43.225+0800][40.852s][info][gc,cpu         ] GC(1583) User=0.01s Sys=0.00s Real=0.01s
[2026-06-17T10:01:43.247+0800][40.875s][info][gc,start       ] GC(1584) Pause Young (Allocation Failure)
[2026-06-17T10:01:43.249+0800][40.877s][info][gc,heap        ] GC(1584) PSYoungGen: 10107K(14336K)->1729K(14336K) Eden: 7157K(7168K)->0K(7168K) From: 2950K(7168K)->1729K(7168K)
[2026-06-17T10:01:43.250+0800][40.877s][info][gc,heap        ] GC(1584) ParOldGen: 27438K(44032K)->29001K(44032K)
[2026-06-17T10:01:43.250+0800][40.878s][info][gc,metaspace   ] GC(1584) Metaspace: 113K(320K)->113K(320K) NonClass: 106K(192K)->106K(192K) Class: 7K(128K)->7K(128K)
[2026-06-17T10:01:43.251+0800][40.878s][info][gc             ] GC(1584) Pause Young (Allocation Failure) 36M->30M(57M) 3.668ms
[2026-06-17T10:01:43.252+0800][40.879s][info][gc,cpu         ] GC(1584) User=0.00s Sys=0.00s Real=0.01s
[2026-06-17T10:01:43.274+0800][40.902s][info][gc,start       ] GC(1585) Pause Young (Allocation Failure)
[2026-06-17T10:01:43.276+0800][40.904s][info][gc,heap        ] GC(1585) PSYoungGen: 8885K(14336K)->654K(14336K) Eden: 7155K(7168K)->0K(7168K) From: 1729K(7168K)->654K(7168K)
[2026-06-17T10:01:43.278+0800][40.906s][info][gc,heap        ] GC(1585) ParOldGen: 29001K(44032K)->30381K(44032K)
[2026-06-17T10:01:43.279+0800][40.907s][info][gc,metaspace   ] GC(1585) Metaspace: 113K(320K)->113K(320K) NonClass: 106K(192K)->106K(192K) Class: 7K(128K)->7K(128K)
[2026-06-17T10:01:43.279+0800][40.907s][info][gc             ] GC(1585) Pause Young (Allocation Failure) 36M->30M(57M) 5.324ms
[2026-06-17T10:01:43.280+0800][40.908s][info][gc,cpu         ] GC(1585) User=0.00s Sys=0.00s Real=0.00s
[2026-06-17T10:01:43.293+0800][40.920s][info][gc,start       ] GC(1586) Pause Young (Allocation Failure)
[2026-06-17T10:01:43.294+0800][40.922s][info][gc,heap        ] GC(1586) PSYoungGen: 7771K(14336K)->4303K(14336K) Eden: 7117K(7168K)->0K(7168K) From: 654K(7168K)->4303K(7168K)
[2026-06-17T10:01:43.295+0800][40.923s][info][gc,heap        ] GC(1586) ParOldGen: 30381K(44032K)->30381K(44032K)
[2026-06-17T10:01:43.295+0800][40.923s][info][gc,metaspace   ] GC(1586) Metaspace: 113K(320K)->113K(320K) NonClass: 106K(192K)->106K(192K) Class: 7K(128K)->7K(128K)
[2026-06-17T10:01:43.296+0800][40.924s][info][gc             ] GC(1586) Pause Young (Allocation Failure) 37M->33M(57M) 3.498ms
[2026-06-17T10:01:43.297+0800][40.924s][info][gc,cpu         ] GC(1586) User=0.00s Sys=0.00s Real=0.00s
[2026-06-17T10:01:43.319+0800][40.946s][info][gc,start       ] GC(1587) Pause Young (Allocation Failure)
[2026-06-17T10:01:43.320+0800][40.948s][info][gc,heap        ] GC(1587) PSYoungGen: 11442K(14336K)->2529K(14336K) Eden: 7139K(7168K)->0K(7168K) From: 4303K(7168K)->2529K(7168K)
[2026-06-17T10:01:43.321+0800][40.948s][info][gc,heap        ] GC(1587) ParOldGen: 30381K(44032K)->32230K(44032K)
[2026-06-17T10:01:43.321+0800][40.949s][info][gc,metaspace   ] GC(1587) Metaspace: 113K(320K)->113K(320K) NonClass: 106K(192K)->106K(192K) Class: 7K(128K)->7K(128K)
[2026-06-17T10:01:43.321+0800][40.949s][info][gc             ] GC(1587) Pause Young (Allocation Failure) 40M->33M(57M) 2.858ms
[2026-06-17T10:01:43.322+0800][40.949s][info][gc,cpu         ] GC(1587) User=0.00s Sys=0.00s Real=0.00s
[2026-06-17T10:01:43.333+0800][40.961s][info][gc,start       ] GC(1588) Pause Young (Allocation Failure)
[2026-06-17T10:01:43.334+0800][40.961s][info][gc,heap        ] GC(1588) PSYoungGen: 9656K(14336K)->4663K(14336K) Eden: 7127K(7168K)->0K(7168K) From: 2529K(7168K)->4663K(7168K)
[2026-06-17T10:01:43.334+0800][40.962s][info][gc,heap        ] GC(1588) ParOldGen: 32230K(44032K)->33609K(44032K)
[2026-06-17T10:01:43.334+0800][40.962s][info][gc,metaspace   ] GC(1588) Metaspace: 113K(320K)->113K(320K) NonClass: 106K(192K)->106K(192K) Class: 7K(128K)->7K(128K)
[2026-06-17T10:01:43.334+0800][40.962s][info][gc             ] GC(1588) Pause Young (Allocation Failure) 40M->37M(57M) 1.440ms
[2026-06-17T10:01:43.335+0800][40.962s][info][gc,cpu         ] GC(1588) User=0.00s Sys=0.00s Real=0.00s
[2026-06-17T10:01:43.356+0800][40.983s][info][gc,start       ] GC(1589) Pause Young (Allocation Failure)
[2026-06-17T10:01:43.357+0800][40.984s][info][gc,heap        ] GC(1589) PSYoungGen: 11824K(14336K)->2842K(14336K) Eden: 7160K(7168K)->0K(7168K) From: 4663K(7168K)->2842K(7168K)
[2026-06-17T10:01:43.357+0800][40.985s][info][gc,heap        ] GC(1589) ParOldGen: 33609K(44032K)->35592K(44032K)
[2026-06-17T10:01:43.357+0800][40.985s][info][gc,metaspace   ] GC(1589) Metaspace: 113K(320K)->113K(320K) NonClass: 106K(192K)->106K(192K) Class: 7K(128K)->7K(128K)
[2026-06-17T10:01:43.358+0800][40.985s][info][gc             ] GC(1589) Pause Young (Allocation Failure) 44M->37M(57M) 1.998ms
[2026-06-17T10:01:43.358+0800][40.986s][info][gc,cpu         ] GC(1589) User=0.00s Sys=0.00s Real=0.00s
[2026-06-17T10:01:43.379+0800][41.007s][info][gc,start       ] GC(1590) Pause Young (Allocation Failure)
[2026-06-17T10:01:43.380+0800][41.008s][info][gc,heap        ] GC(1590) PSYoungGen: 9978K(14336K)->2891K(14336K) Eden: 7136K(7168K)->0K(7168K) From: 2842K(7168K)->2891K(7168K)
[2026-06-17T10:01:43.381+0800][41.009s][info][gc,heap        ] GC(1590) ParOldGen: 35592K(44032K)->35592K(44032K)
[2026-06-17T10:01:43.381+0800][41.009s][info][gc,metaspace   ] GC(1590) Metaspace: 113K(320K)->113K(320K) NonClass: 106K(192K)->106K(192K) Class: 7K(128K)->7K(128K)
[2026-06-17T10:01:43.382+0800][41.009s][info][gc             ] GC(1590) Pause Young (Allocation Failure) 44M->37M(57M) 2.366ms
[2026-06-17T10:01:43.382+0800][41.010s][info][gc,cpu         ] GC(1590) User=0.00s Sys=0.00s Real=0.00s
[2026-06-17T10:01:43.393+0800][41.021s][info][gc,start       ] GC(1591) Pause Young (Allocation Failure)
[2026-06-17T10:01:43.395+0800][41.022s][info][gc,heap        ] GC(1591) PSYoungGen: 9937K(14336K)->1291K(14336K) Eden: 7046K(7168K)->0K(7168K) From: 2891K(7168K)->1291K(7168K)
[2026-06-17T10:01:43.395+0800][41.023s][info][gc,heap        ] GC(1591) ParOldGen: 35592K(44032K)->37120K(44032K)
[2026-06-17T10:01:43.396+0800][41.023s][info][gc,metaspace   ] GC(1591) Metaspace: 113K(320K)->113K(320K) NonClass: 106K(192K)->106K(192K) Class: 7K(128K)->7K(128K)
[2026-06-17T10:01:43.396+0800][41.024s][info][gc             ] GC(1591) Pause Young (Allocation Failure) 44M->37M(57M) 2.628ms
[2026-06-17T10:01:43.397+0800][41.025s][info][gc,cpu         ] GC(1591) User=0.01s Sys=0.00s Real=0.00s
[2026-06-17T10:01:43.419+0800][41.047s][info][gc,start       ] GC(1592) Pause Young (Allocation Failure)
[2026-06-17T10:01:43.421+0800][41.048s][info][gc,heap        ] GC(1592) PSYoungGen: 8442K(14336K)->3806K(14336K) Eden: 7151K(7168K)->0K(7168K) From: 1291K(7168K)->3806K(7168K)
[2026-06-17T10:01:43.422+0800][41.050s][info][gc,heap        ] GC(1592) ParOldGen: 37120K(44032K)->38387K(44032K)
[2026-06-17T10:01:43.422+0800][41.050s][info][gc,metaspace   ] GC(1592) Metaspace: 113K(320K)->113K(320K) NonClass: 106K(192K)->106K(192K) Class: 7K(128K)->7K(128K)
[2026-06-17T10:01:43.423+0800][41.051s][info][gc             ] GC(1592) Pause Young (Allocation Failure) 44M->41M(57M) 4.013ms
[2026-06-17T10:01:43.424+0800][41.051s][info][gc,cpu         ] GC(1592) User=0.00s Sys=0.00s Real=0.01s
[2026-06-17T10:01:43.445+0800][41.073s][info][gc,start       ] GC(1593) Pause Young (Allocation Failure)
[2026-06-17T10:01:43.449+0800][41.076s][info][gc,heap        ] GC(1593) PSYoungGen: 10973K(14336K)->3831K(14336K) Eden: 7167K(7168K)->0K(7168K) From: 3806K(7168K)->3831K(7168K)
[2026-06-17T10:01:43.449+0800][41.077s][info][gc,heap        ] GC(1593) ParOldGen: 38387K(44032K)->38987K(44032K)
[2026-06-17T10:01:43.450+0800][41.077s][info][gc,metaspace   ] GC(1593) Metaspace: 113K(320K)->113K(320K) NonClass: 106K(192K)->106K(192K) Class: 7K(128K)->7K(128K)
[2026-06-17T10:01:43.450+0800][41.078s][info][gc             ] GC(1593) Pause Young (Allocation Failure) 48M->41M(57M) 5.066ms
[2026-06-17T10:01:43.451+0800][41.078s][info][gc,cpu         ] GC(1593) User=0.00s Sys=0.00s Real=0.01s
[2026-06-17T10:01:43.473+0800][41.100s][info][gc,start       ] GC(1594) Pause Young (Allocation Failure)
[2026-06-17T10:01:43.474+0800][41.101s][info][gc,heap        ] GC(1594) PSYoungGen: 10985K(14336K)->2065K(14336K) Eden: 7153K(7168K)->0K(7168K) From: 3831K(7168K)->2065K(7168K)
[2026-06-17T10:01:43.474+0800][41.102s][info][gc,heap        ] GC(1594) ParOldGen: 38987K(44032K)->40924K(44032K)
[2026-06-17T10:01:43.475+0800][41.102s][info][gc,metaspace   ] GC(1594) Metaspace: 113K(320K)->113K(320K) NonClass: 106K(192K)->106K(192K) Class: 7K(128K)->7K(128K)
[2026-06-17T10:01:43.475+0800][41.103s][info][gc             ] GC(1594) Pause Young (Allocation Failure) 48M->41M(57M) 2.872ms
[2026-06-17T10:01:43.476+0800][41.103s][info][gc,cpu         ] GC(1594) User=0.00s Sys=0.00s Real=0.00s
[2026-06-17T10:01:43.498+0800][41.125s][info][gc,start       ] GC(1595) Pause Young (Allocation Failure)
[2026-06-17T10:01:43.499+0800][41.126s][info][gc,heap        ] GC(1595) PSYoungGen: 9196K(14336K)->2561K(14848K) Eden: 7130K(7168K)->0K(7680K) From: 2065K(7168K)->2561K(7168K)
[2026-06-17T10:01:43.499+0800][41.127s][info][gc,heap        ] GC(1595) ParOldGen: 40924K(44032K)->40924K(44032K)
[2026-06-17T10:01:43.500+0800][41.128s][info][gc,metaspace   ] GC(1595) Metaspace: 113K(320K)->113K(320K) NonClass: 106K(192K)->106K(192K) Class: 7K(128K)->7K(128K)
[2026-06-17T10:01:43.500+0800][41.128s][info][gc             ] GC(1595) Pause Young (Allocation Failure) 48M->42M(57M) 2.719ms
[2026-06-17T10:01:43.501+0800][41.128s][info][gc,cpu         ] GC(1595) User=0.01s Sys=0.00s Real=0.00s
[2026-06-17T10:01:43.512+0800][41.140s][info][gc,start       ] GC(1596) Pause Young (Allocation Failure)
[2026-06-17T10:01:43.513+0800][41.141s][info][gc,heap        ] GC(1596) PSYoungGen: 10045K(14848K)->1063K(14336K) Eden: 7484K(7680K)->0K(7680K) From: 2561K(7168K)->1063K(6656K)
[2026-06-17T10:01:43.514+0800][41.142s][info][gc,heap        ] GC(1596) ParOldGen: 40924K(44032K)->42828K(44032K)
[2026-06-17T10:01:43.515+0800][41.142s][info][gc,metaspace   ] GC(1596) Metaspace: 113K(320K)->113K(320K) NonClass: 106K(192K)->106K(192K) Class: 7K(128K)->7K(128K)
[2026-06-17T10:01:43.515+0800][41.143s][info][gc             ] GC(1596) Pause Young (Allocation Failure) 49M->42M(57M) 3.232ms
[2026-06-17T10:01:43.516+0800][41.143s][info][gc,cpu         ] GC(1596) User=0.00s Sys=0.00s Real=0.00s
[2026-06-17T10:01:43.538+0800][41.166s][info][gc,start       ] GC(1597) Pause Full (Ergonomics)
[2026-06-17T10:01:43.539+0800][41.166s][info][gc,phases,start] GC(1597) Marking Phase
[2026-06-17T10:01:43.541+0800][41.169s][info][gc,phases      ] GC(1597) Marking Phase 2.552ms
[2026-06-17T10:01:43.543+0800][41.171s][info][gc,phases,start] GC(1597) Summary Phase
[2026-06-17T10:01:43.546+0800][41.173s][info][gc,phases      ] GC(1597) Summary Phase 2.036ms
[2026-06-17T10:01:43.548+0800][41.176s][info][gc,phases,start] GC(1597) Adjust Roots
[2026-06-17T10:01:43.550+0800][41.178s][info][gc,phases      ] GC(1597) Adjust Roots 2.130ms
[2026-06-17T10:01:43.552+0800][41.180s][info][gc,phases,start] GC(1597) Compaction Phase
[2026-06-17T10:01:43.555+0800][41.183s][info][gc,phases      ] GC(1597) Compaction Phase 2.825ms
[2026-06-17T10:01:43.557+0800][41.185s][info][gc,phases,start] GC(1597) Post Compact
[2026-06-17T10:01:43.560+0800][41.188s][info][gc,phases      ] GC(1597) Post Compact 2.826ms
[2026-06-17T10:01:43.561+0800][41.189s][info][gc,heap        ] GC(1597) PSYoungGen: 8741K(14336K)->0K(14848K) Eden: 7678K(7680K)->0K(8192K) From: 1063K(6656K)->0K(6656K)
[2026-06-17T10:01:43.563+0800][41.191s][info][gc,heap        ] GC(1597) ParOldGen: 42828K(44032K)->26430K(44032K)
[2026-06-17T10:01:43.564+0800][41.192s][info][gc,metaspace   ] GC(1597) Metaspace: 113K(320K)->113K(320K) NonClass: 106K(192K)->106K(192K) Class: 7K(128K)->7K(128K)
[2026-06-17T10:01:43.565+0800][41.192s][info][gc             ] GC(1597) Pause Full (Ergonomics) 50M->25M(57M) 26.768ms
[2026-06-17T10:01:43.565+0800][41.193s][info][gc,cpu         ] GC(1597) User=0.01s Sys=0.00s Real=0.03s
[2026-06-17T10:01:43.587+0800][41.215s][info][gc,start       ] GC(1598) Pause Young (Allocation Failure)
[2026-06-17T10:01:43.589+0800][41.217s][info][gc,heap        ] GC(1598) PSYoungGen: 8175K(14848K)->4808K(13312K) Eden: 8175K(8192K)->0K(8192K) From: 0K(6656K)->4808K(5120K)
[2026-06-17T10:01:43.590+0800][41.218s][info][gc,heap        ] GC(1598) ParOldGen: 26430K(44032K)->26430K(44032K)
[2026-06-17T10:01:43.591+0800][41.218s][info][gc,metaspace   ] GC(1598) Metaspace: 113K(320K)->113K(320K) NonClass: 106K(192K)->106K(192K) Class: 7K(128K)->7K(128K)
[2026-06-17T10:01:43.591+0800][41.219s][info][gc             ] GC(1598) Pause Young (Allocation Failure) 33M->30M(56M) 3.987ms
[2026-06-17T10:01:43.592+0800][41.220s][info][gc,cpu         ] GC(1598) User=0.00s Sys=0.00s Real=0.01s
[2026-06-17T10:01:43.614+0800][41.242s][info][gc,start       ] GC(1599) Pause Young (Allocation Failure)
[2026-06-17T10:01:43.615+0800][41.243s][info][gc,heap        ] GC(1599) PSYoungGen: 12973K(13312K)->5816K(14336K) Eden: 8165K(8192K)->0K(7168K) From: 4808K(5120K)->5816K(7168K)
[2026-06-17T10:01:43.616+0800][41.243s][info][gc,heap        ] GC(1599) ParOldGen: 26430K(44032K)->26430K(44032K)
[2026-06-17T10:01:43.616+0800][41.244s][info][gc,metaspace   ] GC(1599) Metaspace: 113K(320K)->113K(320K) NonClass: 106K(192K)->106K(192K) Class: 7K(128K)->7K(128K)
[2026-06-17T10:01:43.616+0800][41.244s][info][gc             ] GC(1599) Pause Young (Allocation Failure) 38M->31M(57M) 2.455ms
[2026-06-17T10:01:43.617+0800][41.244s][info][gc,cpu         ] GC(1599) User=0.00s Sys=0.00s Real=0.00s
[2026-06-17T10:01:43.638+0800][41.266s][info][gc,start       ] GC(1600) Pause Young (Allocation Failure)
[2026-06-17T10:01:43.639+0800][41.267s][info][gc,heap        ] GC(1600) PSYoungGen: 12980K(14336K)->3120K(14336K) Eden: 7164K(7168K)->0K(7168K) From: 5816K(7168K)->3120K(7168K)
[2026-06-17T10:01:43.640+0800][41.267s][info][gc,heap        ] GC(1600) ParOldGen: 26430K(44032K)->29232K(44032K)
[2026-06-17T10:01:43.642+0800][41.269s][info][gc,metaspace   ] GC(1600) Metaspace: 113K(320K)->113K(320K) NonClass: 106K(192K)->106K(192K) Class: 7K(128K)->7K(128K)
[2026-06-17T10:01:43.642+0800][41.270s][info][gc             ] GC(1600) Pause Young (Allocation Failure) 38M->31M(57M) 3.878ms
[2026-06-17T10:01:43.642+0800][41.270s][info][gc,cpu         ] GC(1600) User=0.00s Sys=0.00s Real=0.00s
[2026-06-17T10:01:43.664+0800][41.291s][info][gc,start       ] GC(1601) Pause Young (Allocation Failure)
[2026-06-17T10:01:43.665+0800][41.293s][info][gc,heap        ] GC(1601) PSYoungGen: 10288K(14336K)->3338K(14336K) Eden: 7168K(7168K)->0K(7168K) From: 3120K(7168K)->3338K(7168K)
[2026-06-17T10:01:43.666+0800][41.293s][info][gc,heap        ] GC(1601) ParOldGen: 29232K(44032K)->29232K(44032K)
[2026-06-17T10:01:43.668+0800][41.295s][info][gc,metaspace   ] GC(1601) Metaspace: 113K(320K)->113K(320K) NonClass: 106K(192K)->106K(192K) Class: 7K(128K)->7K(128K)
[2026-06-17T10:01:43.669+0800][41.296s][info][gc             ] GC(1601) Pause Young (Allocation Failure) 38M->31M(57M) 4.972ms
[2026-06-17T10:01:43.669+0800][41.297s][info][gc,cpu         ] GC(1601) User=0.00s Sys=0.00s Real=0.00s
[2026-06-17T10:01:43.691+0800][41.319s][info][gc,start       ] GC(1602) Pause Young (Allocation Failure)
[2026-06-17T10:01:43.692+0800][41.320s][info][gc,heap        ] GC(1602) PSYoungGen: 10457K(14336K)->3423K(14336K) Eden: 7119K(7168K)->0K(7168K) From: 3338K(7168K)->3423K(7168K)
[2026-06-17T10:01:43.693+0800][41.321s][info][gc,heap        ] GC(1602) ParOldGen: 29232K(44032K)->29232K(44032K)
[2026-06-17T10:01:43.694+0800][41.321s][info][gc,metaspace   ] GC(1602) Metaspace: 113K(320K)->113K(320K) NonClass: 106K(192K)->106K(192K) Class: 7K(128K)->7K(128K)
[2026-06-17T10:01:43.694+0800][41.322s][info][gc             ] GC(1602) Pause Young (Allocation Failure) 38M->31M(57M) 2.776ms
[2026-06-17T10:01:43.695+0800][41.322s][info][gc,cpu         ] GC(1602) User=0.00s Sys=0.00s Real=0.00s
[2026-06-17T10:01:43.706+0800][41.334s][info][gc,start       ] GC(1603) Pause Young (Allocation Failure)
[2026-06-17T10:01:43.708+0800][41.336s][info][gc,heap        ] GC(1603) PSYoungGen: 10572K(14336K)->6560K(13824K) Eden: 7149K(7168K)->0K(7168K) From: 3423K(7168K)->6560K(6656K)
[2026-06-17T10:01:43.709+0800][41.336s][info][gc,heap        ] GC(1603) ParOldGen: 29232K(44032K)->29809K(44032K)
[2026-06-17T10:01:43.709+0800][41.337s][info][gc,metaspace   ] GC(1603) Metaspace: 113K(320K)->113K(320K) NonClass: 106K(192K)->106K(192K) Class: 7K(128K)->7K(128K)
[2026-06-17T10:01:43.710+0800][41.338s][info][gc             ] GC(1603) Pause Young (Allocation Failure) 38M->35M(56M) 4.173ms
[2026-06-17T10:01:43.711+0800][41.339s][info][gc,cpu         ] GC(1603) User=0.00s Sys=0.00s Real=0.01s
[2026-06-17T10:01:43.733+0800][41.361s][info][gc,start       ] GC(1604) Pause Young (Allocation Failure)
[2026-06-17T10:01:43.734+0800][41.362s][info][gc,heap        ] GC(1604) PSYoungGen: 13677K(13824K)->3991K(14336K) Eden: 7117K(7168K)->0K(7168K) From: 6560K(6656K)->3991K(7168K)
[2026-06-17T10:01:43.735+0800][41.362s][info][gc,heap        ] GC(1604) ParOldGen: 29809K(44032K)->32423K(44032K)
[2026-06-17T10:01:43.735+0800][41.363s][info][gc,metaspace   ] GC(1604) Metaspace: 113K(320K)->113K(320K) NonClass: 106K(192K)->106K(192K) Class: 7K(128K)->7K(128K)
[2026-06-17T10:01:43.736+0800][41.364s][info][gc             ] GC(1604) Pause Young (Allocation Failure) 42M->35M(57M) 2.975ms
[2026-06-17T10:01:43.737+0800][41.364s][info][gc,cpu         ] GC(1604) User=0.00s Sys=0.00s Real=0.00s
[2026-06-17T10:01:43.758+0800][41.386s][info][gc,start       ] GC(1605) Pause Young (Allocation Failure)
[2026-06-17T10:01:43.761+0800][41.389s][info][gc,heap        ] GC(1605) PSYoungGen: 11132K(14336K)->4332K(14336K) Eden: 7140K(7168K)->0K(7168K) From: 3991K(7168K)->4332K(7168K)
[2026-06-17T10:01:43.762+0800][41.390s][info][gc,heap        ] GC(1605) ParOldGen: 32423K(44032K)->32423K(44032K)
[2026-06-17T10:01:43.763+0800][41.391s][info][gc,metaspace   ] GC(1605) Metaspace: 113K(320K)->113K(320K) NonClass: 106K(192K)->106K(192K) Class: 7K(128K)->7K(128K)
[2026-06-17T10:01:43.764+0800][41.392s][info][gc             ] GC(1605) Pause Young (Allocation Failure) 42M->35M(57M) 5.403ms
[2026-06-17T10:01:43.766+0800][41.394s][info][gc,cpu         ] GC(1605) User=0.00s Sys=0.00s Real=0.01s
[2026-06-17T10:01:43.778+0800][41.406s][info][gc,start       ] GC(1606) Pause Young (Allocation Failure)
[2026-06-17T10:01:43.780+0800][41.407s][info][gc,heap        ] GC(1606) PSYoungGen: 11444K(14336K)->4984K(14336K) Eden: 7112K(7168K)->0K(7168K) From: 4332K(7168K)->4984K(7168K)
[2026-06-17T10:01:43.780+0800][41.408s][info][gc,heap        ] GC(1606) ParOldGen: 32423K(44032K)->32423K(44032K)
[2026-06-17T10:01:43.782+0800][41.410s][info][gc,metaspace   ] GC(1606) Metaspace: 113K(320K)->113K(320K) NonClass: 106K(192K)->106K(192K) Class: 7K(128K)->7K(128K)
[2026-06-17T10:01:43.783+0800][41.410s][info][gc             ] GC(1606) Pause Young (Allocation Failure) 42M->36M(57M) 4.818ms
[2026-06-17T10:01:43.784+0800][41.412s][info][gc,cpu         ] GC(1606) User=0.01s Sys=0.00s Real=0.01s
[2026-06-17T10:01:43.806+0800][41.434s][info][gc,start       ] GC(1607) Pause Young (Allocation Failure)
[2026-06-17T10:01:43.809+0800][41.436s][info][gc,heap        ] GC(1607) PSYoungGen: 12137K(14336K)->7146K(14336K) Eden: 7153K(7168K)->0K(7168K) From: 4984K(7168K)->7146K(7168K)
[2026-06-17T10:01:43.810+0800][41.437s][info][gc,heap        ] GC(1607) ParOldGen: 32423K(44032K)->33649K(44032K)
[2026-06-17T10:01:43.811+0800][41.438s][info][gc,metaspace   ] GC(1607) Metaspace: 113K(320K)->113K(320K) NonClass: 106K(192K)->106K(192K) Class: 7K(128K)->7K(128K)
[2026-06-17T10:01:43.812+0800][41.439s][info][gc             ] GC(1607) Pause Young (Allocation Failure) 43M->39M(57M) 5.463ms
[2026-06-17T10:01:43.814+0800][41.442s][info][gc,cpu         ] GC(1607) User=0.00s Sys=0.01s Real=0.01s
[2026-06-17T10:01:43.836+0800][41.464s][info][gc,start       ] GC(1608) Pause Young (Allocation Failure)
[2026-06-17T10:01:43.839+0800][41.467s][info][gc,heap        ] GC(1608) PSYoungGen: 14294K(14336K)->5412K(14336K) Eden: 7148K(7168K)->0K(7168K) From: 7146K(7168K)->5412K(7168K)
[2026-06-17T10:01:43.840+0800][41.468s][info][gc,heap        ] GC(1608) ParOldGen: 33649K(44032K)->35466K(44032K)
[2026-06-17T10:01:43.841+0800][41.468s][info][gc,metaspace   ] GC(1608) Metaspace: 113K(320K)->113K(320K) NonClass: 106K(192K)->106K(192K) Class: 7K(128K)->7K(128K)
[2026-06-17T10:01:43.842+0800][41.469s][info][gc             ] GC(1608) Pause Young (Allocation Failure) 46M->39M(57M) 5.319ms
[2026-06-17T10:01:43.842+0800][41.470s][info][gc,cpu         ] GC(1608) User=0.00s Sys=0.00s Real=0.00s
[2026-06-17T10:01:43.865+0800][41.493s][info][gc,start       ] GC(1609) Pause Young (Allocation Failure)
[2026-06-17T10:01:43.868+0800][41.496s][info][gc,heap        ] GC(1609) PSYoungGen: 12549K(14336K)->5077K(14336K) Eden: 7136K(7168K)->0K(7168K) From: 5412K(7168K)->5077K(7168K)
[2026-06-17T10:01:43.869+0800][41.497s][info][gc,heap        ] GC(1609) ParOldGen: 35466K(44032K)->36067K(44032K)
[2026-06-17T10:01:43.870+0800][41.498s][info][gc,metaspace   ] GC(1609) Metaspace: 113K(320K)->113K(320K) NonClass: 106K(192K)->106K(192K) Class: 7K(128K)->7K(128K)
[2026-06-17T10:01:43.871+0800][41.499s][info][gc             ] GC(1609) Pause Young (Allocation Failure) 46M->40M(57M) 6.108ms
[2026-06-17T10:01:43.872+0800][41.500s][info][gc,cpu         ] GC(1609) User=0.01s Sys=0.00s Real=0.01s
[2026-06-17T10:01:43.884+0800][41.512s][info][gc,start       ] GC(1610) Pause Young (Allocation Failure)
[2026-06-17T10:01:43.887+0800][41.515s][info][gc,heap        ] GC(1610) PSYoungGen: 12236K(14336K)->5667K(14336K) Eden: 7159K(7168K)->0K(7168K) From: 5077K(7168K)->5667K(7168K)
[2026-06-17T10:01:43.888+0800][41.515s][info][gc,heap        ] GC(1610) ParOldGen: 36067K(44032K)->39207K(44032K)
[2026-06-17T10:01:43.888+0800][41.516s][info][gc,metaspace   ] GC(1610) Metaspace: 113K(320K)->113K(320K) NonClass: 106K(192K)->106K(192K) Class: 7K(128K)->7K(128K)
[2026-06-17T10:01:43.889+0800][41.517s][info][gc             ] GC(1610) Pause Young (Allocation Failure) 47M->43M(57M) 4.723ms
[2026-06-17T10:01:43.890+0800][41.517s][info][gc,cpu         ] GC(1610) User=0.00s Sys=0.00s Real=0.00s
[2026-06-17T10:01:43.913+0800][41.540s][info][gc,start       ] GC(1611) Pause Young (Allocation Failure)
[2026-06-17T10:01:43.914+0800][41.542s][info][gc,heap        ] GC(1611) PSYoungGen: 12813K(14336K)->4034K(14336K) Eden: 7146K(7168K)->0K(7168K) From: 5667K(7168K)->4034K(7168K)
[2026-06-17T10:01:43.916+0800][41.544s][info][gc,heap        ] GC(1611) ParOldGen: 39207K(44032K)->40839K(44032K)
[2026-06-17T10:01:43.918+0800][41.545s][info][gc,metaspace   ] GC(1611) Metaspace: 113K(320K)->113K(320K) NonClass: 106K(192K)->106K(192K) Class: 7K(128K)->7K(128K)
[2026-06-17T10:01:43.919+0800][41.546s][info][gc             ] GC(1611) Pause Young (Allocation Failure) 50M->43M(57M) 6.214ms
[2026-06-17T10:01:43.920+0800][41.547s][info][gc,cpu         ] GC(1611) User=0.00s Sys=0.00s Real=0.00s
[2026-06-17T10:01:43.942+0800][41.570s][info][gc,start       ] GC(1612) Pause Full (Ergonomics)
[2026-06-17T10:01:43.943+0800][41.571s][info][gc,phases,start] GC(1612) Marking Phase
[2026-06-17T10:01:43.946+0800][41.574s][info][gc,phases      ] GC(1612) Marking Phase 3.115ms
[2026-06-17T10:01:43.947+0800][41.575s][info][gc,phases,start] GC(1612) Summary Phase
[2026-06-17T10:01:43.948+0800][41.576s][info][gc,phases      ] GC(1612) Summary Phase 0.999ms
[2026-06-17T10:01:43.949+0800][41.576s][info][gc,phases,start] GC(1612) Adjust Roots
[2026-06-17T10:01:43.949+0800][41.577s][info][gc,phases      ] GC(1612) Adjust Roots 0.788ms
[2026-06-17T10:01:43.950+0800][41.578s][info][gc,phases,start] GC(1612) Compaction Phase
[2026-06-17T10:01:43.953+0800][41.580s][info][gc,phases      ] GC(1612) Compaction Phase 2.696ms
[2026-06-17T10:01:43.953+0800][41.581s][info][gc,phases,start] GC(1612) Post Compact
[2026-06-17T10:01:43.954+0800][41.582s][info][gc,phases      ] GC(1612) Post Compact 1.190ms
[2026-06-17T10:01:43.955+0800][41.583s][info][gc,heap        ] GC(1612) PSYoungGen: 11174K(14336K)->0K(14336K) Eden: 7139K(7168K)->0K(7168K) From: 4034K(7168K)->0K(7168K)
[2026-06-17T10:01:43.956+0800][41.584s][info][gc,heap        ] GC(1612) ParOldGen: 40839K(44032K)->24003K(44032K)
[2026-06-17T10:01:43.956+0800][41.584s][info][gc,metaspace   ] GC(1612) Metaspace: 113K(320K)->113K(320K) NonClass: 106K(192K)->106K(192K) Class: 7K(128K)->7K(128K)
[2026-06-17T10:01:43.957+0800][41.584s][info][gc             ] GC(1612) Pause Full (Ergonomics) 50M->23M(57M) 14.688ms
[2026-06-17T10:01:43.957+0800][41.585s][info][gc,cpu         ] GC(1612) User=0.01s Sys=0.00s Real=0.02s
[2026-06-17T10:01:43.968+0800][41.596s][info][gc,start       ] GC(1613) Pause Young (Allocation Failure)
[2026-06-17T10:01:43.970+0800][41.597s][info][gc,heap        ] GC(1613) PSYoungGen: 6927K(14336K)->3363K(14336K) Eden: 6927K(7168K)->0K(7168K) From: 0K(7168K)->3363K(7168K)
[2026-06-17T10:01:43.970+0800][41.598s][info][gc,heap        ] GC(1613) ParOldGen: 24003K(44032K)->24003K(44032K)
[2026-06-17T10:01:43.971+0800][41.598s][info][gc,metaspace   ] GC(1613) Metaspace: 113K(320K)->113K(320K) NonClass: 106K(192K)->106K(192K) Class: 7K(128K)->7K(128K)
[2026-06-17T10:01:43.972+0800][41.600s][info][gc             ] GC(1613) Pause Young (Allocation Failure) 30M->26M(57M) 3.997ms
[2026-06-17T10:01:43.973+0800][41.601s][info][gc,cpu         ] GC(1613) User=0.00s Sys=0.00s Real=0.01s
[2026-06-17T10:01:43.995+0800][41.623s][info][gc,start       ] GC(1614) Pause Young (Allocation Failure)
[2026-06-17T10:01:43.997+0800][41.624s][info][gc,heap        ] GC(1614) PSYoungGen: 10476K(14336K)->3373K(14336K) Eden: 7113K(7168K)->0K(7168K) From: 3363K(7168K)->3373K(7168K)
[2026-06-17T10:01:43.998+0800][41.625s][info][gc,heap        ] GC(1614) ParOldGen: 24003K(44032K)->27323K(44032K)
[2026-06-17T10:01:43.998+0800][41.626s][info][gc,metaspace   ] GC(1614) Metaspace: 113K(320K)->113K(320K) NonClass: 106K(192K)->106K(192K) Class: 7K(128K)->7K(128K)
[2026-06-17T10:01:43.999+0800][41.626s][info][gc             ] GC(1614) Pause Young (Allocation Failure) 33M->29M(57M) 3.970ms
[2026-06-17T10:01:43.999+0800][41.627s][info][gc,cpu         ] GC(1614) User=0.01s Sys=0.00s Real=0.00s
[2026-06-17T10:01:44.012+0800][41.640s][info][gc,start       ] GC(1615) Pause Young (Allocation Failure)
[2026-06-17T10:01:44.014+0800][41.641s][info][gc,heap        ] GC(1615) PSYoungGen: 10336K(14336K)->1237K(14336K) Eden: 6962K(7168K)->0K(7168K) From: 3373K(7168K)->1237K(7168K)
[2026-06-17T10:01:44.015+0800][41.643s][info][gc,heap        ] GC(1615) ParOldGen: 27323K(44032K)->29159K(44032K)
[2026-06-17T10:01:44.015+0800][41.643s][info][gc,metaspace   ] GC(1615) Metaspace: 113K(320K)->113K(320K) NonClass: 106K(192K)->106K(192K) Class: 7K(128K)->7K(128K)
[2026-06-17T10:01:44.017+0800][41.645s][info][gc             ] GC(1615) Pause Young (Allocation Failure) 36M->29M(57M) 4.888ms
[2026-06-17T10:01:44.018+0800][41.645s][info][gc,cpu         ] GC(1615) User=0.00s Sys=0.00s Real=0.00s
[2026-06-17T10:01:44.040+0800][41.667s][info][gc,start       ] GC(1616) Pause Young (Allocation Failure)
[2026-06-17T10:01:44.043+0800][41.671s][info][gc,heap        ] GC(1616) PSYoungGen: 8374K(14336K)->3678K(14336K) Eden: 7137K(7168K)->0K(7168K) From: 1237K(7168K)->3678K(7168K)
[2026-06-17T10:01:44.043+0800][41.671s][info][gc,heap        ] GC(1616) ParOldGen: 29159K(44032K)->30372K(44032K)
[2026-06-17T10:01:44.046+0800][41.673s][info][gc,metaspace   ] GC(1616) Metaspace: 113K(320K)->113K(320K) NonClass: 106K(192K)->106K(192K) Class: 7K(128K)->7K(128K)
[2026-06-17T10:01:44.047+0800][41.674s][info][gc             ] GC(1616) Pause Young (Allocation Failure) 36M->33M(57M) 7.068ms
[2026-06-17T10:01:44.048+0800][41.676s][info][gc,cpu         ] GC(1616) User=0.00s Sys=0.00s Real=0.01s
[2026-06-17T10:01:44.060+0800][41.688s][info][gc,start       ] GC(1617) Pause Young (Allocation Failure)
[2026-06-17T10:01:44.063+0800][41.691s][info][gc,heap        ] GC(1617) PSYoungGen: 10727K(14336K)->2545K(14336K) Eden: 7049K(7168K)->0K(7168K) From: 3678K(7168K)->2545K(7168K)
[2026-06-17T10:01:44.064+0800][41.691s][info][gc,heap        ] GC(1617) ParOldGen: 30372K(44032K)->31586K(44032K)
[2026-06-17T10:01:44.064+0800][41.692s][info][gc,metaspace   ] GC(1617) Metaspace: 113K(320K)->113K(320K) NonClass: 106K(192K)->106K(192K) Class: 7K(128K)->7K(128K)
[2026-06-17T10:01:44.065+0800][41.693s][info][gc             ] GC(1617) Pause Young (Allocation Failure) 40M->33M(57M) 4.877ms
[2026-06-17T10:01:44.066+0800][41.694s][info][gc,cpu         ] GC(1617) User=0.00s Sys=0.00s Real=0.01s
[2026-06-17T10:01:44.088+0800][41.716s][info][gc,start       ] GC(1618) Pause Young (Allocation Failure)
[2026-06-17T10:01:44.091+0800][41.718s][info][gc,heap        ] GC(1618) PSYoungGen: 9704K(14336K)->3843K(14336K) Eden: 7159K(7168K)->0K(7168K) From: 2545K(7168K)->3843K(7168K)
[2026-06-17T10:01:44.091+0800][41.719s][info][gc,heap        ] GC(1618) ParOldGen: 31586K(44032K)->34107K(44032K)
[2026-06-17T10:01:44.093+0800][41.720s][info][gc,metaspace   ] GC(1618) Metaspace: 113K(320K)->113K(320K) NonClass: 106K(192K)->106K(192K) Class: 7K(128K)->7K(128K)
[2026-06-17T10:01:44.094+0800][41.721s][info][gc             ] GC(1618) Pause Young (Allocation Failure) 40M->37M(57M) 5.466ms
[2026-06-17T10:01:44.095+0800][41.723s][info][gc,cpu         ] GC(1618) User=0.01s Sys=0.00s Real=0.01s
[2026-06-17T10:01:44.117+0800][41.745s][info][gc,start       ] GC(1619) Pause Young (Allocation Failure)
[2026-06-17T10:01:44.120+0800][41.748s][info][gc,heap        ] GC(1619) PSYoungGen: 10990K(14336K)->3130K(14336K) Eden: 7146K(7168K)->0K(7168K) From: 3843K(7168K)->3130K(7168K)
[2026-06-17T10:01:44.121+0800][41.749s][info][gc,heap        ] GC(1619) ParOldGen: 34107K(44032K)->34829K(44032K)
[2026-06-17T10:01:44.122+0800][41.750s][info][gc,metaspace   ] GC(1619) Metaspace: 113K(320K)->113K(320K) NonClass: 106K(192K)->106K(192K) Class: 7K(128K)->7K(128K)
[2026-06-17T10:01:44.123+0800][41.751s][info][gc             ] GC(1619) Pause Young (Allocation Failure) 44M->37M(57M) 6.093ms
[2026-06-17T10:01:44.124+0800][41.752s][info][gc,cpu         ] GC(1619) User=0.00s Sys=0.00s Real=0.01s
[2026-06-17T10:01:44.147+0800][41.775s][info][gc,start       ] GC(1620) Pause Young (Allocation Failure)
[2026-06-17T10:01:44.149+0800][41.777s][info][gc,heap        ] GC(1620) PSYoungGen: 10267K(14336K)->1750K(14336K) Eden: 7137K(7168K)->0K(7168K) From: 3130K(7168K)->1750K(7168K)
[2026-06-17T10:01:44.150+0800][41.778s][info][gc,heap        ] GC(1620) ParOldGen: 34829K(44032K)->36612K(44032K)
[2026-06-17T10:01:44.151+0800][41.779s][info][gc,metaspace   ] GC(1620) Metaspace: 113K(320K)->113K(320K) NonClass: 106K(192K)->106K(192K) Class: 7K(128K)->7K(128K)
[2026-06-17T10:01:44.152+0800][41.780s][info][gc             ] GC(1620) Pause Young (Allocation Failure) 44M->37M(57M) 5.350ms
[2026-06-17T10:01:44.154+0800][41.781s][info][gc,cpu         ] GC(1620) User=0.00s Sys=0.00s Real=0.01s
[2026-06-17T10:01:44.176+0800][41.804s][info][gc,start       ] GC(1621) Pause Young (Allocation Failure)
[2026-06-17T10:01:44.179+0800][41.807s][info][gc,heap        ] GC(1621) PSYoungGen: 8905K(14336K)->1959K(14336K) Eden: 7154K(7168K)->0K(7168K) From: 1750K(7168K)->1959K(7168K)
[2026-06-17T10:01:44.180+0800][41.808s][info][gc,heap        ] GC(1621) ParOldGen: 36612K(44032K)->36612K(44032K)
[2026-06-17T10:01:44.181+0800][41.809s][info][gc,metaspace   ] GC(1621) Metaspace: 113K(320K)->113K(320K) NonClass: 106K(192K)->106K(192K) Class: 7K(128K)->7K(128K)
[2026-06-17T10:01:44.182+0800][41.810s][info][gc             ] GC(1621) Pause Young (Allocation Failure) 44M->37M(57M) 6.001ms
[2026-06-17T10:01:44.183+0800][41.811s][info][gc,cpu         ] GC(1621) User=0.01s Sys=0.00s Real=0.01s
[2026-06-17T10:01:44.195+0800][41.823s][info][gc,start       ] GC(1622) Pause Young (Allocation Failure)
[2026-06-17T10:01:44.197+0800][41.825s][info][gc,heap        ] GC(1622) PSYoungGen: 8798K(14336K)->318K(14336K) Eden: 6839K(7168K)->0K(7168K) From: 1959K(7168K)->318K(7168K)
[2026-06-17T10:01:44.198+0800][41.826s][info][gc,heap        ] GC(1622) ParOldGen: 36612K(44032K)->38547K(44032K)
[2026-06-17T10:01:44.199+0800][41.827s][info][gc,metaspace   ] GC(1622) Metaspace: 113K(320K)->113K(320K) NonClass: 106K(192K)->106K(192K) Class: 7K(128K)->7K(128K)
[2026-06-17T10:01:44.199+0800][41.827s][info][gc             ] GC(1622) Pause Young (Allocation Failure) 44M->37M(57M) 3.940ms
[2026-06-17T10:01:44.202+0800][41.830s][info][gc,cpu         ] GC(1622) User=0.00s Sys=0.00s Real=0.00s
[2026-06-17T10:01:44.225+0800][41.852s][info][gc,start       ] GC(1623) Pause Young (Allocation Failure)
[2026-06-17T10:01:44.229+0800][41.857s][info][gc,heap        ] GC(1623) PSYoungGen: 7443K(14336K)->3728K(14336K) Eden: 7125K(7168K)->0K(7168K) From: 318K(7168K)->3728K(7168K)
[2026-06-17T10:01:44.230+0800][41.857s][info][gc,heap        ] GC(1623) ParOldGen: 38547K(44032K)->38841K(44032K)
[2026-06-17T10:01:44.230+0800][41.858s][info][gc,metaspace   ] GC(1623) Metaspace: 113K(320K)->113K(320K) NonClass: 106K(192K)->106K(192K) Class: 7K(128K)->7K(128K)
[2026-06-17T10:01:44.231+0800][41.859s][info][gc             ] GC(1623) Pause Young (Allocation Failure) 44M->41M(57M) 6.620ms
[2026-06-17T10:01:44.233+0800][41.861s][info][gc,cpu         ] GC(1623) User=0.00s Sys=0.00s Real=0.01s
[2026-06-17T10:01:44.245+0800][41.873s][info][gc,start       ] GC(1624) Pause Young (Allocation Failure)
[2026-06-17T10:01:44.249+0800][41.877s][info][gc,heap        ] GC(1624) PSYoungGen: 10642K(14336K)->1674K(14336K) Eden: 6913K(7168K)->0K(7168K) From: 3728K(7168K)->1674K(7168K)
[2026-06-17T10:01:44.250+0800][41.877s][info][gc,heap        ] GC(1624) ParOldGen: 38841K(44032K)->40694K(44032K)
[2026-06-17T10:01:44.252+0800][41.879s][info][gc,metaspace   ] GC(1624) Metaspace: 113K(320K)->113K(320K) NonClass: 106K(192K)->106K(192K) Class: 7K(128K)->7K(128K)
[2026-06-17T10:01:44.252+0800][41.880s][info][gc             ] GC(1624) Pause Young (Allocation Failure) 48M->41M(57M) 7.346ms
[2026-06-17T10:01:44.253+0800][41.881s][info][gc,cpu         ] GC(1624) User=0.01s Sys=0.00s Real=0.01s
[2026-06-17T10:01:44.276+0800][41.903s][info][gc,start       ] GC(1625) Pause Full (Ergonomics)
[2026-06-17T10:01:44.277+0800][41.905s][info][gc,phases,start] GC(1625) Marking Phase
[2026-06-17T10:01:44.280+0800][41.908s][info][gc,phases      ] GC(1625) Marking Phase 3.464ms
[2026-06-17T10:01:44.281+0800][41.909s][info][gc,phases,start] GC(1625) Summary Phase
[2026-06-17T10:01:44.282+0800][41.910s][info][gc,phases      ] GC(1625) Summary Phase 0.890ms
[2026-06-17T10:01:44.283+0800][41.911s][info][gc,phases,start] GC(1625) Adjust Roots
[2026-06-17T10:01:44.285+0800][41.912s][info][gc,phases      ] GC(1625) Adjust Roots 1.345ms
[2026-06-17T10:01:44.286+0800][41.914s][info][gc,phases,start] GC(1625) Compaction Phase
[2026-06-17T10:01:44.290+0800][41.918s][info][gc,phases      ] GC(1625) Compaction Phase 4.070ms
[2026-06-17T10:01:44.291+0800][41.919s][info][gc,phases,start] GC(1625) Post Compact
[2026-06-17T10:01:44.292+0800][41.920s][info][gc,phases      ] GC(1625) Post Compact 1.083ms
[2026-06-17T10:01:44.294+0800][41.922s][info][gc,heap        ] GC(1625) PSYoungGen: 8802K(14336K)->0K(14848K) Eden: 7128K(7168K)->0K(8192K) From: 1674K(7168K)->0K(6656K)
[2026-06-17T10:01:44.295+0800][41.923s][info][gc,heap        ] GC(1625) ParOldGen: 40694K(44032K)->33053K(44032K)
[2026-06-17T10:01:44.296+0800][41.924s][info][gc,metaspace   ] GC(1625) Metaspace: 113K(320K)->113K(320K) NonClass: 106K(192K)->106K(192K) Class: 7K(128K)->7K(128K)
[2026-06-17T10:01:44.297+0800][41.925s][info][gc             ] GC(1625) Pause Full (Ergonomics) 48M->32M(57M) 21.504ms
[2026-06-17T10:01:44.298+0800][41.926s][info][gc,cpu         ] GC(1625) User=0.01s Sys=0.00s Real=0.02s
[2026-06-17T10:01:44.321+0800][41.948s][info][gc,start       ] GC(1626) Pause Young (Allocation Failure)
[2026-06-17T10:01:44.323+0800][41.951s][info][gc,heap        ] GC(1626) PSYoungGen: 8131K(14848K)->4626K(13312K) Eden: 8131K(8192K)->0K(8192K) From: 0K(6656K)->4626K(5120K)
[2026-06-17T10:01:44.324+0800][41.952s][info][gc,heap        ] GC(1626) ParOldGen: 33053K(44032K)->33053K(44032K)
[2026-06-17T10:01:44.326+0800][41.954s][info][gc,metaspace   ] GC(1626) Metaspace: 113K(320K)->113K(320K) NonClass: 106K(192K)->106K(192K) Class: 7K(128K)->7K(128K)
[2026-06-17T10:01:44.327+0800][41.955s][info][gc             ] GC(1626) Pause Young (Allocation Failure) 40M->36M(56M) 6.446ms
[2026-06-17T10:01:44.329+0800][41.956s][info][gc,cpu         ] GC(1626) User=0.00s Sys=0.00s Real=0.01s
[2026-06-17T10:01:44.351+0800][41.979s][info][gc,start       ] GC(1627) Pause Young (Allocation Failure)
[2026-06-17T10:01:44.353+0800][41.981s][info][gc,heap        ] GC(1627) PSYoungGen: 12780K(13312K)->3807K(14336K) Eden: 8154K(8192K)->0K(7168K) From: 4626K(5120K)->3807K(7168K)
[2026-06-17T10:01:44.354+0800][41.982s][info][gc,heap        ] GC(1627) ParOldGen: 33053K(44032K)->35323K(44032K)
[2026-06-17T10:01:44.356+0800][41.983s][info][gc,metaspace   ] GC(1627) Metaspace: 113K(320K)->113K(320K) NonClass: 106K(192K)->106K(192K) Class: 7K(128K)->7K(128K)
[2026-06-17T10:01:44.356+0800][41.984s][info][gc             ] GC(1627) Pause Young (Allocation Failure) 44M->38M(57M) 5.563ms
[2026-06-17T10:01:44.358+0800][41.985s][info][gc,cpu         ] GC(1627) User=0.01s Sys=0.00s Real=0.00s
[2026-06-17T10:01:44.380+0800][42.008s][info][gc,start       ] GC(1628) Pause Young (Allocation Failure)
[2026-06-17T10:01:44.382+0800][42.010s][info][gc,heap        ] GC(1628) PSYoungGen: 10975K(14336K)->3692K(14336K) Eden: 7168K(7168K)->0K(7168K) From: 3807K(7168K)->3692K(7168K)
[2026-06-17T10:01:44.383+0800][42.011s][info][gc,heap        ] GC(1628) ParOldGen: 35323K(44032K)->35323K(44032K)
[2026-06-17T10:01:44.384+0800][42.011s][info][gc,metaspace   ] GC(1628) Metaspace: 113K(320K)->113K(320K) NonClass: 106K(192K)->106K(192K) Class: 7K(128K)->7K(128K)
[2026-06-17T10:01:44.384+0800][42.012s][info][gc             ] GC(1628) Pause Young (Allocation Failure) 45M->38M(57M) 4.457ms
[2026-06-17T10:01:44.386+0800][42.013s][info][gc,cpu         ] GC(1628) User=0.00s Sys=0.00s Real=0.01s
[2026-06-17T10:01:44.398+0800][42.025s][info][gc,start       ] GC(1629) Pause Young (Allocation Failure)
[2026-06-17T10:01:44.400+0800][42.028s][info][gc,heap        ] GC(1629) PSYoungGen: 10689K(14336K)->3884K(14848K) Eden: 6997K(7168K)->0K(8192K) From: 3692K(7168K)->3884K(6656K)
[2026-06-17T10:01:44.401+0800][42.029s][info][gc,heap        ] GC(1629) ParOldGen: 35323K(44032K)->35323K(44032K)
[2026-06-17T10:01:44.402+0800][42.030s][info][gc,metaspace   ] GC(1629) Metaspace: 113K(320K)->113K(320K) NonClass: 106K(192K)->106K(192K) Class: 7K(128K)->7K(128K)
[2026-06-17T10:01:44.403+0800][42.030s][info][gc             ] GC(1629) Pause Young (Allocation Failure) 44M->38M(57M) 4.850ms
[2026-06-17T10:01:44.403+0800][42.031s][info][gc,cpu         ] GC(1629) User=0.00s Sys=0.00s Real=0.01s
[2026-06-17T10:01:44.425+0800][42.053s][info][gc,start       ] GC(1630) Pause Young (Allocation Failure)
[2026-06-17T10:01:44.427+0800][42.055s][info][gc,heap        ] GC(1630) PSYoungGen: 12072K(14848K)->6619K(14848K) Eden: 8188K(8192K)->0K(8192K) From: 3884K(6656K)->6619K(6656K)
[2026-06-17T10:01:44.428+0800][42.055s][info][gc,heap        ] GC(1630) ParOldGen: 35323K(44032K)->37251K(44032K)
[2026-06-17T10:01:44.428+0800][42.056s][info][gc,metaspace   ] GC(1630) Metaspace: 113K(320K)->113K(320K) NonClass: 106K(192K)->106K(192K) Class: 7K(128K)->7K(128K)
[2026-06-17T10:01:44.429+0800][42.056s][info][gc             ] GC(1630) Pause Young (Allocation Failure) 46M->42M(57M) 3.323ms
[2026-06-17T10:01:44.429+0800][42.057s][info][gc,cpu         ] GC(1630) User=0.00s Sys=0.00s Real=0.00s
[2026-06-17T10:01:44.451+0800][42.078s][info][gc,start       ] GC(1631) Pause Young (Allocation Failure)
[2026-06-17T10:01:44.452+0800][42.080s][info][gc,heap        ] GC(1631) PSYoungGen: 14799K(14848K)->6128K(13824K) Eden: 8180K(8192K)->0K(7168K) From: 6619K(6656K)->6128K(6656K)
[2026-06-17T10:01:44.453+0800][42.080s][info][gc,heap        ] GC(1631) ParOldGen: 37251K(44032K)->39191K(44032K)
[2026-06-17T10:01:44.453+0800][42.081s][info][gc,metaspace   ] GC(1631) Metaspace: 113K(320K)->113K(320K) NonClass: 106K(192K)->106K(192K) Class: 7K(128K)->7K(128K)
[2026-06-17T10:01:44.454+0800][42.082s][info][gc             ] GC(1631) Pause Young (Allocation Failure) 50M->44M(56M) 3.368ms
[2026-06-17T10:01:44.457+0800][42.084s][info][gc,cpu         ] GC(1631) User=0.00s Sys=0.00s Real=0.00s
[2026-06-17T10:01:44.478+0800][42.106s][info][gc,start       ] GC(1632) Pause Young (Allocation Failure)
[2026-06-17T10:01:44.480+0800][42.108s][info][gc,heap        ] GC(1632) PSYoungGen: 13296K(13824K)->2788K(14336K) Eden: 7168K(7168K)->0K(7168K) From: 6128K(6656K)->2788K(7168K)
[2026-06-17T10:01:44.480+0800][42.108s][info][gc,heap        ] GC(1632) ParOldGen: 39191K(44032K)->43167K(44032K)
[2026-06-17T10:01:44.481+0800][42.109s][info][gc,metaspace   ] GC(1632) Metaspace: 113K(320K)->113K(320K) NonClass: 106K(192K)->106K(192K) Class: 7K(128K)->7K(128K)
[2026-06-17T10:01:44.482+0800][42.109s][info][gc             ] GC(1632) Pause Young (Allocation Failure) 51M->44M(57M) 3.108ms
[2026-06-17T10:01:44.482+0800][42.110s][info][gc,cpu         ] GC(1632) User=0.00s Sys=0.00s Real=0.00s
[2026-06-17T10:01:44.504+0800][42.131s][info][gc,start       ] GC(1633) Pause Full (Ergonomics)
[2026-06-17T10:01:44.504+0800][42.132s][info][gc,phases,start] GC(1633) Marking Phase
[2026-06-17T10:01:44.506+0800][42.134s][info][gc,phases      ] GC(1633) Marking Phase 1.734ms
[2026-06-17T10:01:44.506+0800][42.134s][info][gc,phases,start] GC(1633) Summary Phase
[2026-06-17T10:01:44.507+0800][42.135s][info][gc,phases      ] GC(1633) Summary Phase 0.511ms
[2026-06-17T10:01:44.508+0800][42.135s][info][gc,phases,start] GC(1633) Adjust Roots
[2026-06-17T10:01:44.508+0800][42.136s][info][gc,phases      ] GC(1633) Adjust Roots 0.742ms
[2026-06-17T10:01:44.510+0800][42.138s][info][gc,phases,start] GC(1633) Compaction Phase
[2026-06-17T10:01:44.512+0800][42.140s][info][gc,phases      ] GC(1633) Compaction Phase 1.984ms
[2026-06-17T10:01:44.513+0800][42.141s][info][gc,phases,start] GC(1633) Post Compact
[2026-06-17T10:01:44.514+0800][42.141s][info][gc,phases      ] GC(1633) Post Compact 0.729ms
[2026-06-17T10:01:44.515+0800][42.143s][info][gc,heap        ] GC(1633) PSYoungGen: 9955K(14336K)->0K(14336K) Eden: 7166K(7168K)->0K(7168K) From: 2788K(7168K)->0K(7168K)
[2026-06-17T10:01:44.516+0800][42.143s][info][gc,heap        ] GC(1633) ParOldGen: 43167K(44032K)->25642K(44032K)
[2026-06-17T10:01:44.516+0800][42.144s][info][gc,metaspace   ] GC(1633) Metaspace: 113K(320K)->113K(320K) NonClass: 106K(192K)->106K(192K) Class: 7K(128K)->7K(128K)
[2026-06-17T10:01:44.517+0800][42.144s][info][gc             ] GC(1633) Pause Full (Ergonomics) 51M->25M(57M) 12.950ms
[2026-06-17T10:01:44.519+0800][42.146s][info][gc,cpu         ] GC(1633) User=0.01s Sys=0.00s Real=0.01s
[2026-06-17T10:01:44.530+0800][42.158s][info][gc,start       ] GC(1634) Pause Young (Allocation Failure)
[2026-06-17T10:01:44.532+0800][42.159s][info][gc,heap        ] GC(1634) PSYoungGen: 7136K(14336K)->3741K(14336K) Eden: 7136K(7168K)->0K(7168K) From: 0K(7168K)->3741K(7168K)
[2026-06-17T10:01:44.532+0800][42.160s][info][gc,heap        ] GC(1634) ParOldGen: 25642K(44032K)->25642K(44032K)
[2026-06-17T10:01:44.533+0800][42.161s][info][gc,metaspace   ] GC(1634) Metaspace: 113K(320K)->113K(320K) NonClass: 106K(192K)->106K(192K) Class: 7K(128K)->7K(128K)
[2026-06-17T10:01:44.534+0800][42.161s][info][gc             ] GC(1634) Pause Young (Allocation Failure) 32M->28M(57M) 3.402ms
[2026-06-17T10:01:44.534+0800][42.162s][info][gc,cpu         ] GC(1634) User=0.00s Sys=0.00s Real=0.01s
[2026-06-17T10:01:44.556+0800][42.184s][info][gc,start       ] GC(1635) Pause Young (Allocation Failure)
[2026-06-17T10:01:44.561+0800][42.189s][info][gc,heap        ] GC(1635) PSYoungGen: 10875K(14336K)->3678K(14336K) Eden: 7133K(7168K)->0K(7168K) From: 3741K(7168K)->3678K(7168K)
[2026-06-17T10:01:44.563+0800][42.190s][info][gc,heap        ] GC(1635) ParOldGen: 25642K(44032K)->29347K(44032K)
[2026-06-17T10:01:44.564+0800][42.191s][info][gc,metaspace   ] GC(1635) Metaspace: 113K(320K)->113K(320K) NonClass: 106K(192K)->106K(192K) Class: 7K(128K)->7K(128K)
[2026-06-17T10:01:44.565+0800][42.193s][info][gc             ] GC(1635) Pause Young (Allocation Failure) 35M->32M(57M) 8.516ms
[2026-06-17T10:01:44.568+0800][42.195s][info][gc,cpu         ] GC(1635) User=0.00s Sys=0.00s Real=0.01s
[2026-06-17T10:01:44.580+0800][42.208s][info][gc,start       ] GC(1636) Pause Young (Allocation Failure)
[2026-06-17T10:01:44.584+0800][42.212s][info][gc,heap        ] GC(1636) PSYoungGen: 9711K(14336K)->2648K(14336K) Eden: 6033K(7168K)->0K(7168K) From: 3678K(7168K)->2648K(7168K)
[2026-06-17T10:01:44.586+0800][42.214s][info][gc,heap        ] GC(1636) ParOldGen: 29347K(44032K)->29347K(44032K)
[2026-06-17T10:01:44.587+0800][42.215s][info][gc,metaspace   ] GC(1636) Metaspace: 113K(320K)->113K(320K) NonClass: 106K(192K)->106K(192K) Class: 7K(128K)->7K(128K)
[2026-06-17T10:01:44.588+0800][42.215s][info][gc             ] GC(1636) Pause Young (Allocation Failure) 38M->31M(57M) 7.153ms
[2026-06-17T10:01:44.594+0800][42.221s][info][gc,cpu         ] GC(1636) User=0.00s Sys=0.00s Real=0.02s
[2026-06-17T10:01:44.619+0800][42.247s][info][gc,start       ] GC(1637) Pause Young (Allocation Failure)
[2026-06-17T10:01:44.621+0800][42.249s][info][gc,heap        ] GC(1637) PSYoungGen: 9777K(14336K)->6218K(14336K) Eden: 7129K(7168K)->0K(7168K) From: 2648K(7168K)->6218K(7168K)
[2026-06-17T10:01:44.624+0800][42.252s][info][gc,heap        ] GC(1637) ParOldGen: 29347K(44032K)->29347K(44032K)
[2026-06-17T10:01:44.625+0800][42.252s][info][gc,metaspace   ] GC(1637) Metaspace: 113K(320K)->113K(320K) NonClass: 106K(192K)->106K(192K) Class: 7K(128K)->7K(128K)
[2026-06-17T10:01:44.625+0800][42.253s][info][gc             ] GC(1637) Pause Young (Allocation Failure) 38M->34M(57M) 5.858ms
[2026-06-17T10:01:44.626+0800][42.253s][info][gc,cpu         ] GC(1637) User=0.01s Sys=0.00s Real=0.01s
[2026-06-17T10:01:44.647+0800][42.275s][info][gc,start       ] GC(1638) Pause Young (Allocation Failure)
[2026-06-17T10:01:44.649+0800][42.277s][info][gc,heap        ] GC(1638) PSYoungGen: 13377K(14336K)->3823K(14336K) Eden: 7159K(7168K)->0K(7168K) From: 6218K(7168K)->3823K(7168K)
[2026-06-17T10:01:44.649+0800][42.277s][info][gc,heap        ] GC(1638) ParOldGen: 29347K(44032K)->31971K(44032K)
[2026-06-17T10:01:44.650+0800][42.277s][info][gc,metaspace   ] GC(1638) Metaspace: 113K(320K)->113K(320K) NonClass: 106K(192K)->106K(192K) Class: 7K(128K)->7K(128K)
[2026-06-17T10:01:44.650+0800][42.278s][info][gc             ] GC(1638) Pause Young (Allocation Failure) 41M->34M(57M) 2.540ms
[2026-06-17T10:01:44.650+0800][42.278s][info][gc,cpu         ] GC(1638) User=0.00s Sys=0.00s Real=0.00s
[2026-06-17T10:01:44.671+0800][42.299s][info][gc,start       ] GC(1639) Pause Young (Allocation Failure)
[2026-06-17T10:01:44.673+0800][42.301s][info][gc,heap        ] GC(1639) PSYoungGen: 10950K(14336K)->3760K(14336K) Eden: 7127K(7168K)->0K(7168K) From: 3823K(7168K)->3760K(7168K)
[2026-06-17T10:01:44.674+0800][42.301s][info][gc,heap        ] GC(1639) ParOldGen: 31971K(44032K)->31971K(44032K)
[2026-06-17T10:01:44.674+0800][42.302s][info][gc,metaspace   ] GC(1639) Metaspace: 113K(320K)->113K(320K) NonClass: 106K(192K)->106K(192K) Class: 7K(128K)->7K(128K)
[2026-06-17T10:01:44.675+0800][42.303s][info][gc             ] GC(1639) Pause Young (Allocation Failure) 41M->34M(57M) 3.589ms
[2026-06-17T10:01:44.676+0800][42.303s][info][gc,cpu         ] GC(1639) User=0.00s Sys=0.00s Real=0.00s
[2026-06-17T10:01:44.688+0800][42.315s][info][gc,start       ] GC(1640) Pause Young (Allocation Failure)
[2026-06-17T10:01:44.690+0800][42.317s][info][gc,heap        ] GC(1640) PSYoungGen: 10926K(14336K)->7129K(14336K) Eden: 7166K(7168K)->0K(7168K) From: 3760K(7168K)->7129K(7168K)
[2026-06-17T10:01:44.690+0800][42.318s][info][gc,heap        ] GC(1640) ParOldGen: 31971K(44032K)->32301K(44032K)
[2026-06-17T10:01:44.691+0800][42.319s][info][gc,metaspace   ] GC(1640) Metaspace: 113K(320K)->113K(320K) NonClass: 106K(192K)->106K(192K) Class: 7K(128K)->7K(128K)
[2026-06-17T10:01:44.692+0800][42.319s][info][gc             ] GC(1640) Pause Young (Allocation Failure) 41M->38M(57M) 4.064ms
[2026-06-17T10:01:44.692+0800][42.320s][info][gc,cpu         ] GC(1640) User=0.01s Sys=0.00s Real=0.01s
[2026-06-17T10:01:44.715+0800][42.342s][info][gc,start       ] GC(1641) Pause Young (Allocation Failure)
[2026-06-17T10:01:44.718+0800][42.345s][info][gc,heap        ] GC(1641) PSYoungGen: 14260K(14336K)->4610K(14336K) Eden: 7131K(7168K)->0K(7168K) From: 7129K(7168K)->4610K(7168K)
[2026-06-17T10:01:44.718+0800][42.346s][info][gc,heap        ] GC(1641) ParOldGen: 32301K(44032K)->35247K(44032K)
[2026-06-17T10:01:44.719+0800][42.346s][info][gc,metaspace   ] GC(1641) Metaspace: 113K(320K)->113K(320K) NonClass: 106K(192K)->106K(192K) Class: 7K(128K)->7K(128K)
[2026-06-17T10:01:44.719+0800][42.347s][info][gc             ] GC(1641) Pause Young (Allocation Failure) 45M->38M(57M) 4.645ms
[2026-06-17T10:01:44.720+0800][42.348s][info][gc,cpu         ] GC(1641) User=0.00s Sys=0.00s Real=0.00s
[2026-06-17T10:01:44.743+0800][42.370s][info][gc,start       ] GC(1642) Pause Young (Allocation Failure)
[2026-06-17T10:01:44.745+0800][42.372s][info][gc,heap        ] GC(1642) PSYoungGen: 11747K(14336K)->3270K(14336K) Eden: 7137K(7168K)->0K(7168K) From: 4610K(7168K)->3270K(7168K)
[2026-06-17T10:01:44.745+0800][42.373s][info][gc,heap        ] GC(1642) ParOldGen: 35247K(44032K)->36919K(44032K)
[2026-06-17T10:01:44.746+0800][42.374s][info][gc,metaspace   ] GC(1642) Metaspace: 113K(320K)->113K(320K) NonClass: 106K(192K)->106K(192K) Class: 7K(128K)->7K(128K)
[2026-06-17T10:01:44.747+0800][42.375s][info][gc             ] GC(1642) Pause Young (Allocation Failure) 45M->39M(57M) 4.215ms
[2026-06-17T10:01:44.747+0800][42.375s][info][gc,cpu         ] GC(1642) User=0.00s Sys=0.00s Real=0.00s
[2026-06-17T10:01:44.760+0800][42.387s][info][gc,start       ] GC(1643) Pause Young (Allocation Failure)
[2026-06-17T10:01:44.761+0800][42.389s][info][gc,heap        ] GC(1643) PSYoungGen: 10280K(14336K)->1229K(14336K) Eden: 7009K(7168K)->0K(7168K) From: 3270K(7168K)->1229K(7168K)
[2026-06-17T10:01:44.762+0800][42.390s][info][gc,heap        ] GC(1643) ParOldGen: 36919K(44032K)->38784K(44032K)
[2026-06-17T10:01:44.762+0800][42.390s][info][gc,metaspace   ] GC(1643) Metaspace: 113K(320K)->113K(320K) NonClass: 106K(192K)->106K(192K) Class: 7K(128K)->7K(128K)
[2026-06-17T10:01:44.763+0800][42.391s][info][gc             ] GC(1643) Pause Young (Allocation Failure) 46M->39M(57M) 3.490ms
[2026-06-17T10:01:44.764+0800][42.391s][info][gc,cpu         ] GC(1643) User=0.01s Sys=0.00s Real=0.01s
[2026-06-17T10:01:44.786+0800][42.413s][info][gc,start       ] GC(1644) Pause Young (Allocation Failure)
[2026-06-17T10:01:44.787+0800][42.415s][info][gc,heap        ] GC(1644) PSYoungGen: 8379K(14336K)->3578K(14336K) Eden: 7150K(7168K)->0K(7168K) From: 1229K(7168K)->3578K(7168K)
[2026-06-17T10:01:44.788+0800][42.415s][info][gc,heap        ] GC(1644) ParOldGen: 38784K(44032K)->39990K(44032K)
[2026-06-17T10:01:44.788+0800][42.416s][info][gc,metaspace   ] GC(1644) Metaspace: 113K(320K)->113K(320K) NonClass: 106K(192K)->106K(192K) Class: 7K(128K)->7K(128K)
[2026-06-17T10:01:44.788+0800][42.416s][info][gc             ] GC(1644) Pause Young (Allocation Failure) 46M->42M(57M) 2.637ms
[2026-06-17T10:01:44.789+0800][42.417s][info][gc,cpu         ] GC(1644) User=0.00s Sys=0.00s Real=0.00s
[2026-06-17T10:01:44.811+0800][42.438s][info][gc,start       ] GC(1645) Pause Young (Allocation Failure)
[2026-06-17T10:01:44.814+0800][42.442s][info][gc,heap        ] GC(1645) PSYoungGen: 10717K(14336K)->3087K(14336K) Eden: 7139K(7168K)->0K(7168K) From: 3578K(7168K)->3087K(7168K)
[2026-06-17T10:01:44.815+0800][42.443s][info][gc,heap        ] GC(1645) ParOldGen: 39990K(44032K)->40949K(44032K)
[2026-06-17T10:01:44.817+0800][42.445s][info][gc,metaspace   ] GC(1645) Metaspace: 113K(320K)->113K(320K) NonClass: 106K(192K)->106K(192K) Class: 7K(128K)->7K(128K)
[2026-06-17T10:01:44.818+0800][42.445s][info][gc             ] GC(1645) Pause Young (Allocation Failure) 49M->43M(57M) 7.043ms
[2026-06-17T10:01:44.819+0800][42.447s][info][gc,cpu         ] GC(1645) User=0.00s Sys=0.00s Real=0.00s
[2026-06-17T10:01:44.832+0800][42.459s][info][gc,start       ] GC(1646) Pause Full (Ergonomics)
[2026-06-17T10:01:44.832+0800][42.460s][info][gc,phases,start] GC(1646) Marking Phase
[2026-06-17T10:01:44.834+0800][42.462s][info][gc,phases      ] GC(1646) Marking Phase 2.065ms
[2026-06-17T10:01:44.834+0800][42.462s][info][gc,phases,start] GC(1646) Summary Phase
[2026-06-17T10:01:44.834+0800][42.462s][info][gc,phases      ] GC(1646) Summary Phase 0.171ms
[2026-06-17T10:01:44.835+0800][42.462s][info][gc,phases,start] GC(1646) Adjust Roots
[2026-06-17T10:01:44.835+0800][42.463s][info][gc,phases      ] GC(1646) Adjust Roots 0.284ms
[2026-06-17T10:01:44.835+0800][42.463s][info][gc,phases,start] GC(1646) Compaction Phase
[2026-06-17T10:01:44.837+0800][42.465s][info][gc,phases      ] GC(1646) Compaction Phase 2.039ms
[2026-06-17T10:01:44.837+0800][42.465s][info][gc,phases,start] GC(1646) Post Compact
[2026-06-17T10:01:44.838+0800][42.465s][info][gc,phases      ] GC(1646) Post Compact 0.289ms
[2026-06-17T10:01:44.838+0800][42.465s][info][gc,heap        ] GC(1646) PSYoungGen: 9461K(14336K)->0K(14336K) Eden: 6373K(7168K)->0K(7168K) From: 3087K(7168K)->0K(7168K)
[2026-06-17T10:01:44.838+0800][42.466s][info][gc,heap        ] GC(1646) ParOldGen: 40949K(44032K)->29687K(44032K)
[2026-06-17T10:01:44.838+0800][42.466s][info][gc,metaspace   ] GC(1646) Metaspace: 113K(320K)->113K(320K) NonClass: 106K(192K)->106K(192K) Class: 7K(128K)->7K(128K)
[2026-06-17T10:01:44.838+0800][42.466s][info][gc             ] GC(1646) Pause Full (Ergonomics) 49M->28M(57M) 6.805ms
[2026-06-17T10:01:44.839+0800][42.466s][info][gc,cpu         ] GC(1646) User=0.01s Sys=0.00s Real=0.00s
[2026-06-17T10:01:44.860+0800][42.487s][info][gc,start       ] GC(1647) Pause Young (Allocation Failure)
[2026-06-17T10:01:44.861+0800][42.488s][info][gc,heap        ] GC(1647) PSYoungGen: 7134K(14336K)->3659K(14336K) Eden: 7134K(7168K)->0K(7168K) From: 0K(7168K)->3659K(7168K)
[2026-06-17T10:01:44.861+0800][42.489s][info][gc,heap        ] GC(1647) ParOldGen: 29687K(44032K)->29687K(44032K)
[2026-06-17T10:01:44.861+0800][42.489s][info][gc,metaspace   ] GC(1647) Metaspace: 113K(320K)->113K(320K) NonClass: 106K(192K)->106K(192K) Class: 7K(128K)->7K(128K)
[2026-06-17T10:01:44.861+0800][42.489s][info][gc             ] GC(1647) Pause Young (Allocation Failure) 35M->32M(57M) 1.632ms
[2026-06-17T10:01:44.862+0800][42.489s][info][gc,cpu         ] GC(1647) User=0.00s Sys=0.00s Real=0.00s
[2026-06-17T10:01:44.883+0800][42.511s][info][gc,start       ] GC(1648) Pause Young (Allocation Failure)
[2026-06-17T10:01:44.884+0800][42.512s][info][gc,heap        ] GC(1648) PSYoungGen: 10781K(14336K)->640K(14336K) Eden: 7121K(7168K)->0K(7168K) From: 3659K(7168K)->640K(7168K)
[2026-06-17T10:01:44.885+0800][42.512s][info][gc,heap        ] GC(1648) ParOldGen: 29687K(44032K)->32679K(44032K)
[2026-06-17T10:01:44.885+0800][42.513s][info][gc,metaspace   ] GC(1648) Metaspace: 113K(320K)->113K(320K) NonClass: 106K(192K)->106K(192K) Class: 7K(128K)->7K(128K)
[2026-06-17T10:01:44.885+0800][42.513s][info][gc             ] GC(1648) Pause Young (Allocation Failure) 39M->32M(57M) 2.261ms
[2026-06-17T10:01:44.885+0800][42.513s][info][gc,cpu         ] GC(1648) User=0.00s Sys=0.00s Real=0.00s
[2026-06-17T10:01:44.897+0800][42.524s][info][gc,start       ] GC(1649) Pause Young (Allocation Failure)
[2026-06-17T10:01:44.898+0800][42.525s][info][gc,heap        ] GC(1649) PSYoungGen: 7801K(14336K)->4050K(14336K) Eden: 7161K(7168K)->0K(7168K) From: 640K(7168K)->4050K(7168K)
[2026-06-17T10:01:44.898+0800][42.526s][info][gc,heap        ] GC(1649) ParOldGen: 32679K(44032K)->32679K(44032K)
[2026-06-17T10:01:44.898+0800][42.526s][info][gc,metaspace   ] GC(1649) Metaspace: 113K(320K)->113K(320K) NonClass: 106K(192K)->106K(192K) Class: 7K(128K)->7K(128K)
[2026-06-17T10:01:44.899+0800][42.526s][info][gc             ] GC(1649) Pause Young (Allocation Failure) 39M->35M(57M) 1.913ms
[2026-06-17T10:01:44.899+0800][42.527s][info][gc,cpu         ] GC(1649) User=0.00s Sys=0.00s Real=0.00s
[2026-06-17T10:01:44.920+0800][42.548s][info][gc,start       ] GC(1650) Pause Young (Allocation Failure)
[2026-06-17T10:01:44.921+0800][42.549s][info][gc,heap        ] GC(1650) PSYoungGen: 11218K(14336K)->2063K(14336K) Eden: 7168K(7168K)->0K(7168K) From: 4050K(7168K)->2063K(7168K)
[2026-06-17T10:01:44.921+0800][42.549s][info][gc,heap        ] GC(1650) ParOldGen: 32679K(44032K)->34949K(44032K)
[2026-06-17T10:01:44.922+0800][42.549s][info][gc,metaspace   ] GC(1650) Metaspace: 113K(320K)->113K(320K) NonClass: 106K(192K)->106K(192K) Class: 7K(128K)->7K(128K)
[2026-06-17T10:01:44.922+0800][42.550s][info][gc             ] GC(1650) Pause Young (Allocation Failure) 42M->36M(57M) 1.896ms
[2026-06-17T10:01:44.922+0800][42.550s][info][gc,cpu         ] GC(1650) User=0.00s Sys=0.00s Real=0.00s
[2026-06-17T10:01:44.943+0800][42.571s][info][gc,start       ] GC(1651) Pause Young (Allocation Failure)
[2026-06-17T10:01:44.944+0800][42.572s][info][gc,heap        ] GC(1651) PSYoungGen: 9231K(14336K)->2109K(14848K) Eden: 7168K(7168K)->0K(7680K) From: 2063K(7168K)->2109K(7168K)
[2026-06-17T10:01:44.944+0800][42.572s][info][gc,heap        ] GC(1651) ParOldGen: 34949K(44032K)->34949K(44032K)
[2026-06-17T10:01:44.945+0800][42.572s][info][gc,metaspace   ] GC(1651) Metaspace: 113K(320K)->113K(320K) NonClass: 106K(192K)->106K(192K) Class: 7K(128K)->7K(128K)
[2026-06-17T10:01:44.945+0800][42.573s][info][gc             ] GC(1651) Pause Young (Allocation Failure) 43M->36M(57M) 1.606ms
[2026-06-17T10:01:44.945+0800][42.573s][info][gc,cpu         ] GC(1651) User=0.00s Sys=0.00s Real=0.00s
[2026-06-17T10:01:44.956+0800][42.584s][info][gc,start       ] GC(1652) Pause Young (Allocation Failure)
[2026-06-17T10:01:44.957+0800][42.585s][info][gc,heap        ] GC(1652) PSYoungGen: 9534K(14848K)->2109K(14336K) Eden: 7425K(7680K)->0K(7680K) From: 2109K(7168K)->2109K(6656K)
[2026-06-17T10:01:44.957+0800][42.585s][info][gc,heap        ] GC(1652) ParOldGen: 34949K(44032K)->34949K(44032K)
[2026-06-17T10:01:44.958+0800][42.585s][info][gc,metaspace   ] GC(1652) Metaspace: 113K(320K)->113K(320K) NonClass: 106K(192K)->106K(192K) Class: 7K(128K)->7K(128K)
[2026-06-17T10:01:44.958+0800][42.586s][info][gc             ] GC(1652) Pause Young (Allocation Failure) 43M->36M(57M) 1.601ms
[2026-06-17T10:01:44.958+0800][42.586s][info][gc,cpu         ] GC(1652) User=0.00s Sys=0.00s Real=0.00s
[2026-06-17T10:01:44.979+0800][42.607s][info][gc,start       ] GC(1653) Pause Young (Allocation Failure)
[2026-06-17T10:01:44.980+0800][42.608s][info][gc,heap        ] GC(1653) PSYoungGen: 9737K(14336K)->6564K(13824K) Eden: 7628K(7680K)->0K(7168K) From: 2109K(6656K)->6564K(6656K)
[2026-06-17T10:01:44.981+0800][42.608s][info][gc,heap        ] GC(1653) ParOldGen: 34949K(44032K)->34949K(44032K)
[2026-06-17T10:01:44.981+0800][42.609s][info][gc,metaspace   ] GC(1653) Metaspace: 113K(320K)->113K(320K) NonClass: 106K(192K)->106K(192K) Class: 7K(128K)->7K(128K)
[2026-06-17T10:01:44.981+0800][42.609s][info][gc             ] GC(1653) Pause Young (Allocation Failure) 43M->40M(56M) 1.978ms
[2026-06-17T10:01:44.981+0800][42.609s][info][gc,cpu         ] GC(1653) User=0.00s Sys=0.00s Real=0.00s
[2026-06-17T10:01:45.003+0800][42.630s][info][gc,start       ] GC(1654) Pause Young (Allocation Failure)
[2026-06-17T10:01:45.005+0800][42.632s][info][gc,heap        ] GC(1654) PSYoungGen: 13694K(13824K)->4554K(14336K) Eden: 7130K(7168K)->0K(7168K) From: 6564K(6656K)->4554K(7168K)
[2026-06-17T10:01:45.007+0800][42.635s][info][gc,heap        ] GC(1654) ParOldGen: 34949K(44032K)->37042K(44032K)
[2026-06-17T10:01:45.008+0800][42.636s][info][gc,metaspace   ] GC(1654) Metaspace: 113K(320K)->113K(320K) NonClass: 106K(192K)->106K(192K) Class: 7K(128K)->7K(128K)
[2026-06-17T10:01:45.010+0800][42.637s][info][gc             ] GC(1654) Pause Young (Allocation Failure) 47M->40M(57M) 6.926ms
[2026-06-17T10:01:45.010+0800][42.638s][info][gc,cpu         ] GC(1654) User=0.00s Sys=0.00s Real=0.00s
[2026-06-17T10:01:45.033+0800][42.661s][info][gc,start       ] GC(1655) Pause Young (Allocation Failure)
[2026-06-17T10:01:45.034+0800][42.662s][info][gc,heap        ] GC(1655) PSYoungGen: 11714K(14336K)->769K(14336K) Eden: 7160K(7168K)->0K(7168K) From: 4554K(7168K)->769K(7168K)
[2026-06-17T10:01:45.035+0800][42.662s][info][gc,heap        ] GC(1655) ParOldGen: 37042K(44032K)->40975K(44032K)
[2026-06-17T10:01:45.035+0800][42.663s][info][gc,metaspace   ] GC(1655) Metaspace: 113K(320K)->113K(320K) NonClass: 106K(192K)->106K(192K) Class: 7K(128K)->7K(128K)
[2026-06-17T10:01:45.035+0800][42.663s][info][gc             ] GC(1655) Pause Young (Allocation Failure) 47M->40M(57M) 1.942ms
[2026-06-17T10:01:45.035+0800][42.663s][info][gc,cpu         ] GC(1655) User=0.00s Sys=0.00s Real=0.00s
[2026-06-17T10:01:45.046+0800][42.674s][info][gc,start       ] GC(1656) Pause Full (Ergonomics)
[2026-06-17T10:01:45.047+0800][42.674s][info][gc,phases,start] GC(1656) Marking Phase
[2026-06-17T10:01:45.049+0800][42.676s][info][gc,phases      ] GC(1656) Marking Phase 1.803ms
[2026-06-17T10:01:45.049+0800][42.677s][info][gc,phases,start] GC(1656) Summary Phase
[2026-06-17T10:01:45.049+0800][42.677s][info][gc,phases      ] GC(1656) Summary Phase 0.242ms
[2026-06-17T10:01:45.049+0800][42.677s][info][gc,phases,start] GC(1656) Adjust Roots
[2026-06-17T10:01:45.050+0800][42.677s][info][gc,phases      ] GC(1656) Adjust Roots 0.317ms
[2026-06-17T10:01:45.050+0800][42.678s][info][gc,phases,start] GC(1656) Compaction Phase
[2026-06-17T10:01:45.052+0800][42.679s][info][gc,phases      ] GC(1656) Compaction Phase 1.711ms
[2026-06-17T10:01:45.052+0800][42.680s][info][gc,phases,start] GC(1656) Post Compact
[2026-06-17T10:01:45.052+0800][42.680s][info][gc,phases      ] GC(1656) Post Compact 0.321ms
[2026-06-17T10:01:45.052+0800][42.680s][info][gc,heap        ] GC(1656) PSYoungGen: 7910K(14336K)->0K(14336K) Eden: 7141K(7168K)->0K(7168K) From: 769K(7168K)->0K(7168K)
[2026-06-17T10:01:45.053+0800][42.680s][info][gc,heap        ] GC(1656) ParOldGen: 40975K(44032K)->25256K(44032K)
[2026-06-17T10:01:45.053+0800][42.680s][info][gc,metaspace   ] GC(1656) Metaspace: 113K(320K)->113K(320K) NonClass: 106K(192K)->106K(192K) Class: 7K(128K)->7K(128K)
[2026-06-17T10:01:45.053+0800][42.681s][info][gc             ] GC(1656) Pause Full (Ergonomics) 47M->24M(57M) 6.639ms
[2026-06-17T10:01:45.053+0800][42.681s][info][gc,cpu         ] GC(1656) User=0.01s Sys=0.00s Real=0.01s
[2026-06-17T10:01:45.074+0800][42.702s][info][gc,start       ] GC(1657) Pause Young (Allocation Failure)
[2026-06-17T10:01:45.079+0800][42.707s][info][gc,heap        ] GC(1657) PSYoungGen: 7126K(14336K)->3382K(14336K) Eden: 7126K(7168K)->0K(7168K) From: 0K(7168K)->3382K(7168K)
[2026-06-17T10:01:45.085+0800][42.713s][info][gc,heap        ] GC(1657) ParOldGen: 25256K(44032K)->25256K(44032K)
[2026-06-17T10:01:45.086+0800][42.714s][info][gc,metaspace   ] GC(1657) Metaspace: 113K(320K)->113K(320K) NonClass: 106K(192K)->106K(192K) Class: 7K(128K)->7K(128K)
[2026-06-17T10:01:45.087+0800][42.715s][info][gc             ] GC(1657) Pause Young (Allocation Failure) 31M->27M(57M) 12.870ms
[2026-06-17T10:01:45.088+0800][42.715s][info][gc,cpu         ] GC(1657) User=0.00s Sys=0.01s Real=0.01s
[2026-06-17T10:01:45.099+0800][42.727s][info][gc,start       ] GC(1658) Pause Young (Allocation Failure)
[2026-06-17T10:01:45.101+0800][42.729s][info][gc,heap        ] GC(1658) PSYoungGen: 10550K(14336K)->6851K(14336K) Eden: 7167K(7168K)->0K(7168K) From: 3382K(7168K)->6851K(7168K)
[2026-06-17T10:01:45.101+0800][42.729s][info][gc,heap        ] GC(1658) ParOldGen: 25256K(44032K)->25256K(44032K)
[2026-06-17T10:01:45.102+0800][42.729s][info][gc,metaspace   ] GC(1658) Metaspace: 113K(320K)->113K(320K) NonClass: 106K(192K)->106K(192K) Class: 7K(128K)->7K(128K)
[2026-06-17T10:01:45.102+0800][42.730s][info][gc             ] GC(1658) Pause Young (Allocation Failure) 34M->31M(57M) 2.428ms
[2026-06-17T10:01:45.102+0800][42.730s][info][gc,cpu         ] GC(1658) User=0.01s Sys=0.00s Real=0.00s
[2026-06-17T10:01:45.124+0800][42.752s][info][gc,start       ] GC(1659) Pause Young (Allocation Failure)
[2026-06-17T10:01:45.126+0800][42.753s][info][gc,heap        ] GC(1659) PSYoungGen: 13910K(14336K)->32K(14336K) Eden: 7059K(7168K)->0K(7168K) From: 6851K(7168K)->32K(7168K)
[2026-06-17T10:01:45.126+0800][42.754s][info][gc,heap        ] GC(1659) ParOldGen: 25256K(44032K)->29300K(44032K)
[2026-06-17T10:01:45.127+0800][42.754s][info][gc,metaspace   ] GC(1659) Metaspace: 113K(320K)->113K(320K) NonClass: 106K(192K)->106K(192K) Class: 7K(128K)->7K(128K)
[2026-06-17T10:01:45.127+0800][42.755s][info][gc             ] GC(1659) Pause Young (Allocation Failure) 38M->28M(57M) 3.037ms
[2026-06-17T10:01:45.127+0800][42.755s][info][gc,cpu         ] GC(1659) User=0.00s Sys=0.00s Real=0.00s
[2026-06-17T10:01:45.150+0800][42.777s][info][gc,start       ] GC(1660) Pause Young (Allocation Failure)
[2026-06-17T10:01:45.152+0800][42.779s][info][gc,heap        ] GC(1660) PSYoungGen: 7200K(14336K)->3652K(14336K) Eden: 7168K(7168K)->0K(7168K) From: 32K(7168K)->3652K(7168K)
[2026-06-17T10:01:45.152+0800][42.780s][info][gc,heap        ] GC(1660) ParOldGen: 29300K(44032K)->29308K(44032K)
[2026-06-17T10:01:45.153+0800][42.781s][info][gc,metaspace   ] GC(1660) Metaspace: 113K(320K)->113K(320K) NonClass: 106K(192K)->106K(192K) Class: 7K(128K)->7K(128K)
[2026-06-17T10:01:45.154+0800][42.782s][info][gc             ] GC(1660) Pause Young (Allocation Failure) 35M->32M(57M) 4.578ms
[2026-06-17T10:01:45.155+0800][42.782s][info][gc,cpu         ] GC(1660) User=0.00s Sys=0.00s Real=0.01s
[2026-06-17T10:01:45.177+0800][42.805s][info][gc,start       ] GC(1661) Pause Young (Allocation Failure)
[2026-06-17T10:01:45.180+0800][42.808s][info][gc,heap        ] GC(1661) PSYoungGen: 10813K(14336K)->2245K(14336K) Eden: 7160K(7168K)->0K(7168K) From: 3652K(7168K)->2245K(7168K)
[2026-06-17T10:01:45.181+0800][42.809s][info][gc,heap        ] GC(1661) ParOldGen: 29308K(44032K)->30965K(44032K)
[2026-06-17T10:01:45.182+0800][42.810s][info][gc,metaspace   ] GC(1661) Metaspace: 113K(320K)->113K(320K) NonClass: 106K(192K)->106K(192K) Class: 7K(128K)->7K(128K)
[2026-06-17T10:01:45.183+0800][42.811s][info][gc             ] GC(1661) Pause Young (Allocation Failure) 39M->32M(57M) 5.364ms
[2026-06-17T10:01:45.183+0800][42.811s][info][gc,cpu         ] GC(1661) User=0.00s Sys=0.00s Real=0.01s
[2026-06-17T10:01:45.206+0800][42.834s][info][gc,start       ] GC(1662) Pause Young (Allocation Failure)
[2026-06-17T10:01:45.208+0800][42.835s][info][gc,heap        ] GC(1662) PSYoungGen: 9353K(14336K)->823K(14336K) Eden: 7107K(7168K)->0K(7168K) From: 2245K(7168K)->823K(7168K)
[2026-06-17T10:01:45.209+0800][42.836s][info][gc,heap        ] GC(1662) ParOldGen: 30965K(44032K)->32673K(44032K)
[2026-06-17T10:01:45.209+0800][42.837s][info][gc,metaspace   ] GC(1662) Metaspace: 113K(320K)->113K(320K) NonClass: 106K(192K)->106K(192K) Class: 7K(128K)->7K(128K)
[2026-06-17T10:01:45.210+0800][42.837s][info][gc             ] GC(1662) Pause Young (Allocation Failure) 39M->32M(57M) 3.745ms
[2026-06-17T10:01:45.210+0800][42.838s][info][gc,cpu         ] GC(1662) User=0.00s Sys=0.00s Real=0.00s
[2026-06-17T10:01:45.222+0800][42.850s][info][gc,start       ] GC(1663) Pause Young (Allocation Failure)
[2026-06-17T10:01:45.223+0800][42.851s][info][gc,heap        ] GC(1663) PSYoungGen: 7943K(14336K)->4409K(14336K) Eden: 7120K(7168K)->0K(7168K) From: 823K(7168K)->4409K(7168K)
[2026-06-17T10:01:45.224+0800][42.852s][info][gc,heap        ] GC(1663) ParOldGen: 32673K(44032K)->32673K(44032K)
[2026-06-17T10:01:45.225+0800][42.852s][info][gc,metaspace   ] GC(1663) Metaspace: 113K(320K)->113K(320K) NonClass: 106K(192K)->106K(192K) Class: 7K(128K)->7K(128K)
[2026-06-17T10:01:45.225+0800][42.853s][info][gc             ] GC(1663) Pause Young (Allocation Failure) 39M->36M(57M) 3.260ms
[2026-06-17T10:01:45.226+0800][42.853s][info][gc,cpu         ] GC(1663) User=0.00s Sys=0.00s Real=0.01s
[2026-06-17T10:01:45.248+0800][42.876s][info][gc,start       ] GC(1664) Pause Young (Allocation Failure)
[2026-06-17T10:01:45.250+0800][42.878s][info][gc,heap        ] GC(1664) PSYoungGen: 11577K(14336K)->2402K(14336K) Eden: 7168K(7168K)->0K(7168K) From: 4409K(7168K)->2402K(7168K)
[2026-06-17T10:01:45.251+0800][42.879s][info][gc,heap        ] GC(1664) ParOldGen: 32673K(44032K)->34894K(44032K)
[2026-06-17T10:01:45.251+0800][42.879s][info][gc,metaspace   ] GC(1664) Metaspace: 113K(320K)->113K(320K) NonClass: 106K(192K)->106K(192K) Class: 7K(128K)->7K(128K)
[2026-06-17T10:01:45.252+0800][42.880s][info][gc             ] GC(1664) Pause Young (Allocation Failure) 43M->36M(57M) 3.629ms
[2026-06-17T10:01:45.253+0800][42.880s][info][gc,cpu         ] GC(1664) User=0.00s Sys=0.00s Real=0.01s
[2026-06-17T10:01:45.275+0800][42.903s][info][gc,start       ] GC(1665) Pause Young (Allocation Failure)
[2026-06-17T10:01:45.277+0800][42.905s][info][gc,heap        ] GC(1665) PSYoungGen: 9541K(14336K)->3136K(14336K) Eden: 7138K(7168K)->0K(7168K) From: 2402K(7168K)->3136K(7168K)
[2026-06-17T10:01:45.278+0800][42.906s][info][gc,heap        ] GC(1665) ParOldGen: 34894K(44032K)->34894K(44032K)
[2026-06-17T10:01:45.279+0800][42.906s][info][gc,metaspace   ] GC(1665) Metaspace: 113K(320K)->113K(320K) NonClass: 106K(192K)->106K(192K) Class: 7K(128K)->7K(128K)
[2026-06-17T10:01:45.282+0800][42.910s][info][gc             ] GC(1665) Pause Young (Allocation Failure) 43M->37M(57M) 7.011ms
[2026-06-17T10:01:45.283+0800][42.911s][info][gc,cpu         ] GC(1665) User=0.00s Sys=0.00s Real=0.01s
[2026-06-17T10:01:45.295+0800][42.923s][info][gc,start       ] GC(1666) Pause Young (Allocation Failure)
[2026-06-17T10:01:45.297+0800][42.924s][info][gc,heap        ] GC(1666) PSYoungGen: 10132K(14336K)->1319K(14336K) Eden: 6996K(7168K)->0K(7168K) From: 3136K(7168K)->1319K(7168K)
[2026-06-17T10:01:45.297+0800][42.925s][info][gc,heap        ] GC(1666) ParOldGen: 34894K(44032K)->36643K(44032K)
[2026-06-17T10:01:45.298+0800][42.926s][info][gc,metaspace   ] GC(1666) Metaspace: 113K(320K)->113K(320K) NonClass: 106K(192K)->106K(192K) Class: 7K(128K)->7K(128K)
[2026-06-17T10:01:45.299+0800][42.926s][info][gc             ] GC(1666) Pause Young (Allocation Failure) 43M->37M(57M) 3.590ms
[2026-06-17T10:01:45.299+0800][42.927s][info][gc,cpu         ] GC(1666) User=0.00s Sys=0.00s Real=0.00s
[2026-06-17T10:01:45.322+0800][42.950s][info][gc,start       ] GC(1667) Pause Young (Allocation Failure)
[2026-06-17T10:01:45.324+0800][42.952s][info][gc,heap        ] GC(1667) PSYoungGen: 8455K(14336K)->3525K(14336K) Eden: 7135K(7168K)->0K(7168K) From: 1319K(7168K)->3525K(7168K)
[2026-06-17T10:01:45.324+0800][42.952s][info][gc,heap        ] GC(1667) ParOldGen: 36643K(44032K)->37938K(44032K)
[2026-06-17T10:01:45.325+0800][42.953s][info][gc,metaspace   ] GC(1667) Metaspace: 113K(320K)->113K(320K) NonClass: 106K(192K)->106K(192K) Class: 7K(128K)->7K(128K)
[2026-06-17T10:01:45.326+0800][42.953s][info][gc             ] GC(1667) Pause Young (Allocation Failure) 44M->40M(57M) 3.650ms
[2026-06-17T10:01:45.326+0800][42.954s][info][gc,cpu         ] GC(1667) User=0.01s Sys=0.00s Real=0.01s
[2026-06-17T10:01:45.347+0800][42.975s][info][gc,start       ] GC(1668) Pause Young (Allocation Failure)
[2026-06-17T10:01:45.348+0800][42.976s][info][gc,heap        ] GC(1668) PSYoungGen: 10652K(14336K)->2279K(14336K) Eden: 7126K(7168K)->0K(7168K) From: 3525K(7168K)->2279K(7168K)
[2026-06-17T10:01:45.349+0800][42.977s][info][gc,heap        ] GC(1668) ParOldGen: 37938K(44032K)->39669K(44032K)
[2026-06-17T10:01:45.349+0800][42.977s][info][gc,metaspace   ] GC(1668) Metaspace: 113K(320K)->113K(320K) NonClass: 106K(192K)->106K(192K) Class: 7K(128K)->7K(128K)
[2026-06-17T10:01:45.350+0800][42.977s][info][gc             ] GC(1668) Pause Young (Allocation Failure) 47M->40M(57M) 2.315ms
[2026-06-17T10:01:45.350+0800][42.978s][info][gc,cpu         ] GC(1668) User=0.00s Sys=0.00s Real=0.00s
[2026-06-17T10:01:45.372+0800][42.999s][info][gc,start       ] GC(1669) Pause Young (Allocation Failure)
[2026-06-17T10:01:45.373+0800][43.001s][info][gc,heap        ] GC(1669) PSYoungGen: 9386K(14336K)->435K(14848K) Eden: 7107K(7168K)->0K(8192K) From: 2279K(7168K)->435K(6656K)
[2026-06-17T10:01:45.373+0800][43.001s][info][gc,heap        ] GC(1669) ParOldGen: 39669K(44032K)->41734K(44032K)
[2026-06-17T10:01:45.374+0800][43.002s][info][gc,metaspace   ] GC(1669) Metaspace: 113K(320K)->113K(320K) NonClass: 106K(192K)->106K(192K) Class: 7K(128K)->7K(128K)
[2026-06-17T10:01:45.375+0800][43.002s][info][gc             ] GC(1669) Pause Young (Allocation Failure) 47M->41M(57M) 2.974ms
[2026-06-17T10:01:45.375+0800][43.003s][info][gc,cpu         ] GC(1669) User=0.00s Sys=0.01s Real=0.00s
[2026-06-17T10:01:45.397+0800][43.024s][info][gc,start       ] GC(1670) Pause Full (Ergonomics)
[2026-06-17T10:01:45.397+0800][43.025s][info][gc,phases,start] GC(1670) Marking Phase
[2026-06-17T10:01:45.401+0800][43.028s][info][gc,phases      ] GC(1670) Marking Phase 3.339ms
[2026-06-17T10:01:45.401+0800][43.029s][info][gc,phases,start] GC(1670) Summary Phase
[2026-06-17T10:01:45.402+0800][43.030s][info][gc,phases      ] GC(1670) Summary Phase 0.611ms
[2026-06-17T10:01:45.403+0800][43.030s][info][gc,phases,start] GC(1670) Adjust Roots
[2026-06-17T10:01:45.403+0800][43.031s][info][gc,phases      ] GC(1670) Adjust Roots 0.669ms
[2026-06-17T10:01:45.404+0800][43.032s][info][gc,phases,start] GC(1670) Compaction Phase
[2026-06-17T10:01:45.406+0800][43.034s][info][gc,phases      ] GC(1670) Compaction Phase 2.360ms
[2026-06-17T10:01:45.407+0800][43.035s][info][gc,phases,start] GC(1670) Post Compact
[2026-06-17T10:01:45.408+0800][43.035s][info][gc,phases      ] GC(1670) Post Compact 0.781ms
[2026-06-17T10:01:45.408+0800][43.036s][info][gc,heap        ] GC(1670) PSYoungGen: 8611K(14848K)->0K(14848K) Eden: 8176K(8192K)->0K(8192K) From: 435K(6656K)->0K(6656K)
[2026-06-17T10:01:45.409+0800][43.036s][info][gc,heap        ] GC(1670) ParOldGen: 41734K(44032K)->29644K(44032K)
[2026-06-17T10:01:45.409+0800][43.037s][info][gc,metaspace   ] GC(1670) Metaspace: 113K(320K)->113K(320K) NonClass: 106K(192K)->106K(192K) Class: 7K(128K)->7K(128K)
[2026-06-17T10:01:45.409+0800][43.037s][info][gc             ] GC(1670) Pause Full (Ergonomics) 49M->28M(57M) 12.742ms
[2026-06-17T10:01:45.410+0800][43.037s][info][gc,cpu         ] GC(1670) User=0.01s Sys=0.00s Real=0.01s
[2026-06-17T10:01:45.421+0800][43.049s][info][gc,start       ] GC(1671) Pause Young (Allocation Failure)
[2026-06-17T10:01:45.422+0800][43.050s][info][gc,heap        ] GC(1671) PSYoungGen: 8099K(14848K)->4676K(13824K) Eden: 8099K(8192K)->0K(7168K) From: 0K(6656K)->4676K(6656K)
[2026-06-17T10:01:45.423+0800][43.050s][info][gc,heap        ] GC(1671) ParOldGen: 29644K(44032K)->29644K(44032K)
[2026-06-17T10:01:45.423+0800][43.051s][info][gc,metaspace   ] GC(1671) Metaspace: 113K(320K)->113K(320K) NonClass: 106K(192K)->106K(192K) Class: 7K(128K)->7K(128K)
[2026-06-17T10:01:45.424+0800][43.051s][info][gc             ] GC(1671) Pause Young (Allocation Failure) 36M->33M(56M) 2.571ms
[2026-06-17T10:01:45.424+0800][43.052s][info][gc,cpu         ] GC(1671) User=0.00s Sys=0.00s Real=0.01s
[2026-06-17T10:01:45.446+0800][43.074s][info][gc,start       ] GC(1672) Pause Young (Allocation Failure)
[2026-06-17T10:01:45.448+0800][43.076s][info][gc,heap        ] GC(1672) PSYoungGen: 11816K(13824K)->3935K(14336K) Eden: 7140K(7168K)->0K(7168K) From: 4676K(6656K)->3935K(7168K)
[2026-06-17T10:01:45.448+0800][43.076s][info][gc,heap        ] GC(1672) ParOldGen: 29644K(44032K)->34209K(44032K)
[2026-06-17T10:01:45.449+0800][43.077s][info][gc,metaspace   ] GC(1672) Metaspace: 113K(320K)->113K(320K) NonClass: 106K(192K)->106K(192K) Class: 7K(128K)->7K(128K)
[2026-06-17T10:01:45.449+0800][43.077s][info][gc             ] GC(1672) Pause Young (Allocation Failure) 40M->37M(57M) 3.384ms
[2026-06-17T10:01:45.450+0800][43.077s][info][gc,cpu         ] GC(1672) User=0.00s Sys=0.00s Real=0.00s
[2026-06-17T10:01:45.471+0800][43.099s][info][gc,start       ] GC(1673) Pause Young (Allocation Failure)
[2026-06-17T10:01:45.473+0800][43.101s][info][gc,heap        ] GC(1673) PSYoungGen: 11063K(14336K)->2935K(14848K) Eden: 7127K(7168K)->0K(7680K) From: 3935K(7168K)->2935K(7168K)
[2026-06-17T10:01:45.474+0800][43.102s][info][gc,heap        ] GC(1673) ParOldGen: 34209K(44032K)->35458K(44032K)
[2026-06-17T10:01:45.475+0800][43.102s][info][gc,metaspace   ] GC(1673) Metaspace: 113K(320K)->113K(320K) NonClass: 106K(192K)->106K(192K) Class: 7K(128K)->7K(128K)
[2026-06-17T10:01:45.475+0800][43.103s][info][gc             ] GC(1673) Pause Young (Allocation Failure) 44M->37M(57M) 3.822ms
[2026-06-17T10:01:45.476+0800][43.103s][info][gc,cpu         ] GC(1673) User=0.01s Sys=0.00s Real=0.00s
[2026-06-17T10:01:45.497+0800][43.125s][info][gc,start       ] GC(1674) Pause Young (Allocation Failure)
[2026-06-17T10:01:45.499+0800][43.127s][info][gc,heap        ] GC(1674) PSYoungGen: 10571K(14848K)->1065K(14336K) Eden: 7636K(7680K)->0K(7680K) From: 2935K(7168K)->1065K(6656K)
[2026-06-17T10:01:45.500+0800][43.128s][info][gc,heap        ] GC(1674) ParOldGen: 35458K(44032K)->37951K(44032K)
[2026-06-17T10:01:45.500+0800][43.128s][info][gc,metaspace   ] GC(1674) Metaspace: 113K(320K)->113K(320K) NonClass: 106K(192K)->106K(192K) Class: 7K(128K)->7K(128K)
[2026-06-17T10:01:45.501+0800][43.129s][info][gc             ] GC(1674) Pause Young (Allocation Failure) 44M->38M(57M) 3.323ms
[2026-06-17T10:01:45.501+0800][43.129s][info][gc,cpu         ] GC(1674) User=0.00s Sys=0.00s Real=0.00s
[2026-06-17T10:01:45.523+0800][43.151s][info][gc,start       ] GC(1675) Pause Young (Allocation Failure)
[2026-06-17T10:01:45.524+0800][43.152s][info][gc,heap        ] GC(1675) PSYoungGen: 8725K(14336K)->2243K(14848K) Eden: 7660K(7680K)->0K(8192K) From: 1065K(6656K)->2243K(6656K)
[2026-06-17T10:01:45.527+0800][43.155s][info][gc,heap        ] GC(1675) ParOldGen: 37951K(44032K)->37951K(44032K)
[2026-06-17T10:01:45.530+0800][43.158s][info][gc,metaspace   ] GC(1675) Metaspace: 113K(320K)->113K(320K) NonClass: 106K(192K)->106K(192K) Class: 7K(128K)->7K(128K)
[2026-06-17T10:01:45.531+0800][43.158s][info][gc             ] GC(1675) Pause Young (Allocation Failure) 45M->39M(57M) 7.565ms
[2026-06-17T10:01:45.531+0800][43.159s][info][gc,cpu         ] GC(1675) User=0.00s Sys=0.00s Real=0.01s
[2026-06-17T10:01:45.543+0800][43.171s][info][gc,start       ] GC(1676) Pause Young (Allocation Failure)
[2026-06-17T10:01:45.544+0800][43.172s][info][gc,heap        ] GC(1676) PSYoungGen: 10336K(14848K)->1761K(14848K) Eden: 8092K(8192K)->0K(8192K) From: 2243K(6656K)->1761K(6656K)
[2026-06-17T10:01:45.545+0800][43.172s][info][gc,heap        ] GC(1676) ParOldGen: 37951K(44032K)->39848K(44032K)
[2026-06-17T10:01:45.545+0800][43.173s][info][gc,metaspace   ] GC(1676) Metaspace: 113K(320K)->113K(320K) NonClass: 106K(192K)->106K(192K) Class: 7K(128K)->7K(128K)
[2026-06-17T10:01:45.545+0800][43.173s][info][gc             ] GC(1676) Pause Young (Allocation Failure) 47M->40M(57M) 2.652ms
[2026-06-17T10:01:45.546+0800][43.174s][info][gc,cpu         ] GC(1676) User=0.00s Sys=0.00s Real=0.00s
[2026-06-17T10:01:45.568+0800][43.195s][info][gc,start       ] GC(1677) Pause Full (Ergonomics)
[2026-06-17T10:01:45.568+0800][43.196s][info][gc,phases,start] GC(1677) Marking Phase
[2026-06-17T10:01:45.571+0800][43.198s][info][gc,phases      ] GC(1677) Marking Phase 2.460ms
[2026-06-17T10:01:45.571+0800][43.199s][info][gc,phases,start] GC(1677) Summary Phase
[2026-06-17T10:01:45.572+0800][43.199s][info][gc,phases      ] GC(1677) Summary Phase 0.461ms
[2026-06-17T10:01:45.572+0800][43.200s][info][gc,phases,start] GC(1677) Adjust Roots
[2026-06-17T10:01:45.573+0800][43.200s][info][gc,phases      ] GC(1677) Adjust Roots 0.560ms
[2026-06-17T10:01:45.573+0800][43.201s][info][gc,phases,start] GC(1677) Compaction Phase
[2026-06-17T10:01:45.575+0800][43.203s][info][gc,phases      ] GC(1677) Compaction Phase 2.294ms
[2026-06-17T10:01:45.576+0800][43.203s][info][gc,phases,start] GC(1677) Post Compact
[2026-06-17T10:01:45.576+0800][43.204s][info][gc,phases      ] GC(1677) Post Compact 0.317ms
[2026-06-17T10:01:45.576+0800][43.204s][info][gc,heap        ] GC(1677) PSYoungGen: 9902K(14848K)->0K(15360K) Eden: 8141K(8192K)->0K(9216K) From: 1761K(6656K)->0K(6144K)
[2026-06-17T10:01:45.577+0800][43.204s][info][gc,heap        ] GC(1677) ParOldGen: 39848K(44032K)->27403K(44032K)
[2026-06-17T10:01:45.577+0800][43.204s][info][gc,metaspace   ] GC(1677) Metaspace: 113K(320K)->113K(320K) NonClass: 106K(192K)->106K(192K) Class: 7K(128K)->7K(128K)
[2026-06-17T10:01:45.577+0800][43.205s][info][gc             ] GC(1677) Pause Full (Ergonomics) 48M->26M(58M) 9.275ms
[2026-06-17T10:01:45.577+0800][43.205s][info][gc,cpu         ] GC(1677) User=0.01s Sys=0.00s Real=0.01s
[2026-06-17T10:01:45.609+0800][43.236s][info][gc,start       ] GC(1678) Pause Young (Allocation Failure)
[2026-06-17T10:01:45.610+0800][43.238s][info][gc,heap        ] GC(1678) PSYoungGen: 9161K(15360K)->2426K(15360K) Eden: 9161K(9216K)->0K(9216K) From: 0K(6144K)->2426K(6144K)
[2026-06-17T10:01:45.610+0800][43.238s][info][gc,heap        ] GC(1678) ParOldGen: 27403K(44032K)->27403K(44032K)
[2026-06-17T10:01:45.611+0800][43.238s][info][gc,metaspace   ] GC(1678) Metaspace: 113K(320K)->113K(320K) NonClass: 106K(192K)->106K(192K) Class: 7K(128K)->7K(128K)
[2026-06-17T10:01:45.611+0800][43.239s][info][gc             ] GC(1678) Pause Young (Allocation Failure) 35M->29M(58M) 2.633ms
[2026-06-17T10:01:45.612+0800][43.239s][info][gc,cpu         ] GC(1678) User=0.00s Sys=0.00s Real=0.01s
[2026-06-17T10:01:45.634+0800][43.261s][info][gc,start       ] GC(1679) Pause Young (Allocation Failure)
[2026-06-17T10:01:45.635+0800][43.263s][info][gc,heap        ] GC(1679) PSYoungGen: 11617K(15360K)->4693K(15360K) Eden: 9190K(9216K)->0K(9216K) From: 2426K(6144K)->4693K(6144K)
[2026-06-17T10:01:45.636+0800][43.263s][info][gc,heap        ] GC(1679) ParOldGen: 27403K(44032K)->27403K(44032K)
[2026-06-17T10:01:45.636+0800][43.264s][info][gc,metaspace   ] GC(1679) Metaspace: 113K(320K)->113K(320K) NonClass: 106K(192K)->106K(192K) Class: 7K(128K)->7K(128K)
[2026-06-17T10:01:45.637+0800][43.265s][info][gc             ] GC(1679) Pause Young (Allocation Failure) 38M->31M(58M) 3.222ms
[2026-06-17T10:01:45.637+0800][43.265s][info][gc,cpu         ] GC(1679) User=0.01s Sys=0.00s Real=0.00s
[2026-06-17T10:01:45.659+0800][43.287s][info][gc,start       ] GC(1680) Pause Young (Allocation Failure)
[2026-06-17T10:01:45.660+0800][43.288s][info][gc,heap        ] GC(1680) PSYoungGen: 13874K(15360K)->6001K(15360K) Eden: 9180K(9216K)->0K(9216K) From: 4693K(6144K)->6001K(6144K)
[2026-06-17T10:01:45.661+0800][43.289s][info][gc,heap        ] GC(1680) ParOldGen: 27403K(44032K)->28290K(44032K)
[2026-06-17T10:01:45.661+0800][43.289s][info][gc,metaspace   ] GC(1680) Metaspace: 113K(320K)->113K(320K) NonClass: 106K(192K)->106K(192K) Class: 7K(128K)->7K(128K)
[2026-06-17T10:01:45.661+0800][43.289s][info][gc             ] GC(1680) Pause Young (Allocation Failure) 40M->33M(58M) 2.248ms
[2026-06-17T10:01:45.662+0800][43.289s][info][gc,cpu         ] GC(1680) User=0.00s Sys=0.00s Real=0.00s
[2026-06-17T10:01:45.683+0800][43.311s][info][gc,start       ] GC(1681) Pause Young (Allocation Failure)
[2026-06-17T10:01:45.685+0800][43.313s][info][gc,heap        ] GC(1681) PSYoungGen: 15190K(15360K)->6057K(13312K) Eden: 9189K(9216K)->0K(7168K) From: 6001K(6144K)->6057K(6144K)
[2026-06-17T10:01:45.686+0800][43.313s][info][gc,heap        ] GC(1681) ParOldGen: 28290K(44032K)->30383K(44032K)
[2026-06-17T10:01:45.686+0800][43.314s][info][gc,metaspace   ] GC(1681) Metaspace: 113K(320K)->113K(320K) NonClass: 106K(192K)->106K(192K) Class: 7K(128K)->7K(128K)
[2026-06-17T10:01:45.687+0800][43.314s][info][gc             ] GC(1681) Pause Young (Allocation Failure) 42M->35M(56M) 3.389ms
[2026-06-17T10:01:45.687+0800][43.315s][info][gc,cpu         ] GC(1681) User=0.00s Sys=0.00s Real=0.00s
[2026-06-17T10:01:45.710+0800][43.338s][info][gc,start       ] GC(1682) Pause Young (Allocation Failure)
[2026-06-17T10:01:45.712+0800][43.340s][info][gc,heap        ] GC(1682) PSYoungGen: 13224K(13312K)->3259K(14336K) Eden: 7167K(7168K)->0K(7168K) From: 6057K(6144K)->3259K(7168K)
[2026-06-17T10:01:45.713+0800][43.340s][info][gc,heap        ] GC(1682) ParOldGen: 30383K(44032K)->33424K(44032K)
[2026-06-17T10:01:45.713+0800][43.341s][info][gc,metaspace   ] GC(1682) Metaspace: 113K(320K)->113K(320K) NonClass: 106K(192K)->106K(192K) Class: 7K(128K)->7K(128K)
[2026-06-17T10:01:45.714+0800][43.341s][info][gc             ] GC(1682) Pause Young (Allocation Failure) 42M->35M(57M) 3.578ms
[2026-06-17T10:01:45.714+0800][43.342s][info][gc,cpu         ] GC(1682) User=0.01s Sys=0.00s Real=0.01s
[2026-06-17T10:01:45.736+0800][43.364s][info][gc,start       ] GC(1683) Pause Young (Allocation Failure)
[2026-06-17T10:01:45.738+0800][43.366s][info][gc,heap        ] GC(1683) PSYoungGen: 10403K(14336K)->2985K(14336K) Eden: 7144K(7168K)->0K(7168K) From: 3259K(7168K)->2985K(7168K)
[2026-06-17T10:01:45.739+0800][43.366s][info][gc,heap        ] GC(1683) ParOldGen: 33424K(44032K)->33826K(44032K)
[2026-06-17T10:01:45.739+0800][43.367s][info][gc,metaspace   ] GC(1683) Metaspace: 113K(320K)->113K(320K) NonClass: 106K(192K)->106K(192K) Class: 7K(128K)->7K(128K)
[2026-06-17T10:01:45.740+0800][43.367s][info][gc             ] GC(1683) Pause Young (Allocation Failure) 42M->35M(57M) 3.534ms
[2026-06-17T10:01:45.740+0800][43.368s][info][gc,cpu         ] GC(1683) User=0.00s Sys=0.00s Real=0.00s
[2026-06-17T10:01:45.752+0800][43.380s][info][gc,start       ] GC(1684) Pause Young (Allocation Failure)
[2026-06-17T10:01:45.754+0800][43.382s][info][gc,heap        ] GC(1684) PSYoungGen: 10153K(14336K)->4406K(14336K) Eden: 7168K(7168K)->0K(7168K) From: 2985K(7168K)->4406K(7168K)
[2026-06-17T10:01:45.757+0800][43.384s][info][gc,heap        ] GC(1684) ParOldGen: 33826K(44032K)->36002K(44032K)
[2026-06-17T10:01:45.757+0800][43.385s][info][gc,metaspace   ] GC(1684) Metaspace: 113K(320K)->113K(320K) NonClass: 106K(192K)->106K(192K) Class: 7K(128K)->7K(128K)
[2026-06-17T10:01:45.758+0800][43.386s][info][gc             ] GC(1684) Pause Young (Allocation Failure) 42M->39M(57M) 5.738ms
[2026-06-17T10:01:45.759+0800][43.386s][info][gc,cpu         ] GC(1684) User=0.00s Sys=0.00s Real=0.00s
[2026-06-17T10:01:45.781+0800][43.409s][info][gc,start       ] GC(1685) Pause Young (Allocation Failure)
[2026-06-17T10:01:45.783+0800][43.410s][info][gc,heap        ] GC(1685) PSYoungGen: 11570K(14336K)->3254K(14336K) Eden: 7164K(7168K)->0K(7168K) From: 4406K(7168K)->3254K(7168K)
[2026-06-17T10:01:45.783+0800][43.411s][info][gc,heap        ] GC(1685) ParOldGen: 36002K(44032K)->37408K(44032K)
[2026-06-17T10:01:45.783+0800][43.411s][info][gc,metaspace   ] GC(1685) Metaspace: 113K(320K)->113K(320K) NonClass: 106K(192K)->106K(192K) Class: 7K(128K)->7K(128K)
[2026-06-17T10:01:45.784+0800][43.412s][info][gc             ] GC(1685) Pause Young (Allocation Failure) 46M->39M(57M) 2.818ms
[2026-06-17T10:01:45.784+0800][43.412s][info][gc,cpu         ] GC(1685) User=0.00s Sys=0.00s Real=0.01s
[2026-06-17T10:01:45.806+0800][43.434s][info][gc,start       ] GC(1686) Pause Young (Allocation Failure)
[2026-06-17T10:01:45.810+0800][43.437s][info][gc,heap        ] GC(1686) PSYoungGen: 10407K(14336K)->2757K(14336K) Eden: 7152K(7168K)->0K(7168K) From: 3254K(7168K)->2757K(7168K)
[2026-06-17T10:01:45.813+0800][43.440s][info][gc,heap        ] GC(1686) ParOldGen: 37408K(44032K)->38420K(44032K)
[2026-06-17T10:01:45.816+0800][43.444s][info][gc,metaspace   ] GC(1686) Metaspace: 113K(320K)->113K(320K) NonClass: 106K(192K)->106K(192K) Class: 7K(128K)->7K(128K)
[2026-06-17T10:01:45.818+0800][43.446s][info][gc             ] GC(1686) Pause Young (Allocation Failure) 46M->40M(57M) 11.921ms
[2026-06-17T10:01:45.821+0800][43.448s][info][gc,cpu         ] GC(1686) User=0.00s Sys=0.00s Real=0.01s
[2026-06-17T10:01:45.834+0800][43.461s][info][gc,start       ] GC(1687) Pause Young (Allocation Failure)
[2026-06-17T10:01:45.836+0800][43.463s][info][gc,heap        ] GC(1687) PSYoungGen: 9693K(14336K)->743K(14848K) Eden: 6935K(7168K)->0K(8192K) From: 2757K(7168K)->743K(6656K)
[2026-06-17T10:01:45.838+0800][43.466s][info][gc,heap        ] GC(1687) ParOldGen: 38420K(44032K)->40156K(44032K)
[2026-06-17T10:01:45.841+0800][43.469s][info][gc,metaspace   ] GC(1687) Metaspace: 113K(320K)->113K(320K) NonClass: 106K(192K)->106K(192K) Class: 7K(128K)->7K(128K)
[2026-06-17T10:01:45.842+0800][43.470s][info][gc             ] GC(1687) Pause Young (Allocation Failure) 46M->39M(57M) 8.150ms
[2026-06-17T10:01:45.843+0800][43.471s][info][gc,cpu         ] GC(1687) User=0.00s Sys=0.01s Real=0.01s
[2026-06-17T10:01:45.865+0800][43.493s][info][gc,start       ] GC(1688) Pause Young (Allocation Failure)
[2026-06-17T10:01:45.867+0800][43.495s][info][gc,heap        ] GC(1688) PSYoungGen: 8935K(14848K)->4678K(13312K) Eden: 8192K(8192K)->0K(8192K) From: 743K(6656K)->4678K(5120K)
[2026-06-17T10:01:45.868+0800][43.495s][info][gc,heap        ] GC(1688) ParOldGen: 40156K(44032K)->40875K(44032K)
[2026-06-17T10:01:45.868+0800][43.496s][info][gc,metaspace   ] GC(1688) Metaspace: 113K(320K)->113K(320K) NonClass: 106K(192K)->106K(192K) Class: 7K(128K)->7K(128K)
[2026-06-17T10:01:45.868+0800][43.496s][info][gc             ] GC(1688) Pause Young (Allocation Failure) 47M->44M(56M) 3.096ms
[2026-06-17T10:01:45.869+0800][43.497s][info][gc,cpu         ] GC(1688) User=0.01s Sys=0.00s Real=0.00s
[2026-06-17T10:01:45.891+0800][43.519s][info][gc,start       ] GC(1689) Pause Full (Ergonomics)
[2026-06-17T10:01:45.893+0800][43.520s][info][gc,phases,start] GC(1689) Marking Phase
[2026-06-17T10:01:45.897+0800][43.524s][info][gc,phases      ] GC(1689) Marking Phase 4.232ms
[2026-06-17T10:01:45.897+0800][43.525s][info][gc,phases,start] GC(1689) Summary Phase
[2026-06-17T10:01:45.898+0800][43.526s][info][gc,phases      ] GC(1689) Summary Phase 0.583ms
[2026-06-17T10:01:45.899+0800][43.526s][info][gc,phases,start] GC(1689) Adjust Roots
[2026-06-17T10:01:45.900+0800][43.527s][info][gc,phases      ] GC(1689) Adjust Roots 0.754ms
[2026-06-17T10:01:45.900+0800][43.528s][info][gc,phases,start] GC(1689) Compaction Phase
[2026-06-17T10:01:45.902+0800][43.530s][info][gc,phases      ] GC(1689) Compaction Phase 2.259ms
[2026-06-17T10:01:45.903+0800][43.530s][info][gc,phases,start] GC(1689) Post Compact
[2026-06-17T10:01:45.903+0800][43.531s][info][gc,phases      ] GC(1689) Post Compact 0.602ms
[2026-06-17T10:01:45.904+0800][43.531s][info][gc,heap        ] GC(1689) PSYoungGen: 12865K(13312K)->0K(14336K) Eden: 8187K(8192K)->0K(7168K) From: 4678K(5120K)->0K(7168K)
[2026-06-17T10:01:45.904+0800][43.532s][info][gc,heap        ] GC(1689) ParOldGen: 40875K(44032K)->23329K(44032K)
[2026-06-17T10:01:45.904+0800][43.532s][info][gc,metaspace   ] GC(1689) Metaspace: 113K(320K)->113K(320K) NonClass: 106K(192K)->106K(192K) Class: 7K(128K)->7K(128K)
[2026-06-17T10:01:45.904+0800][43.532s][info][gc             ] GC(1689) Pause Full (Ergonomics) 52M->22M(57M) 13.252ms
[2026-06-17T10:01:45.905+0800][43.532s][info][gc,cpu         ] GC(1689) User=0.01s Sys=0.00s Real=0.01s
[2026-06-17T10:01:45.926+0800][43.553s][info][gc,start       ] GC(1690) Pause Young (Allocation Failure)
[2026-06-17T10:01:45.930+0800][43.557s][info][gc,heap        ] GC(1690) PSYoungGen: 7118K(14336K)->3721K(14336K) Eden: 7118K(7168K)->0K(7168K) From: 0K(7168K)->3721K(7168K)
[2026-06-17T10:01:45.930+0800][43.558s][info][gc,heap        ] GC(1690) ParOldGen: 23329K(44032K)->23329K(44032K)
[2026-06-17T10:01:45.930+0800][43.558s][info][gc,metaspace   ] GC(1690) Metaspace: 113K(320K)->113K(320K) NonClass: 106K(192K)->106K(192K) Class: 7K(128K)->7K(128K)
[2026-06-17T10:01:45.931+0800][43.558s][info][gc             ] GC(1690) Pause Young (Allocation Failure) 29M->26M(57M) 4.967ms
[2026-06-17T10:01:45.931+0800][43.559s][info][gc,cpu         ] GC(1690) User=0.00s Sys=0.00s Real=0.01s
[2026-06-17T10:01:45.952+0800][43.580s][info][gc,start       ] GC(1691) Pause Young (Allocation Failure)
[2026-06-17T10:01:45.953+0800][43.581s][info][gc,heap        ] GC(1691) PSYoungGen: 10830K(14336K)->3901K(14848K) Eden: 7109K(7168K)->0K(8192K) From: 3721K(7168K)->3901K(6656K)
[2026-06-17T10:01:45.954+0800][43.581s][info][gc,heap        ] GC(1691) ParOldGen: 23329K(44032K)->23329K(44032K)
[2026-06-17T10:01:45.954+0800][43.582s][info][gc,metaspace   ] GC(1691) Metaspace: 113K(320K)->113K(320K) NonClass: 106K(192K)->106K(192K) Class: 7K(128K)->7K(128K)
[2026-06-17T10:01:45.954+0800][43.582s][info][gc             ] GC(1691) Pause Young (Allocation Failure) 33M->26M(57M) 1.845ms
[2026-06-17T10:01:45.955+0800][43.582s][info][gc,cpu         ] GC(1691) User=0.00s Sys=0.00s Real=0.00s
[2026-06-17T10:01:45.966+0800][43.594s][info][gc,start       ] GC(1692) Pause Young (Allocation Failure)
[2026-06-17T10:01:45.967+0800][43.595s][info][gc,heap        ] GC(1692) PSYoungGen: 11959K(14848K)->4849K(13312K) Eden: 8057K(8192K)->0K(8192K) From: 3901K(6656K)->4849K(5120K)
[2026-06-17T10:01:45.967+0800][43.595s][info][gc,heap        ] GC(1692) ParOldGen: 23329K(44032K)->23329K(44032K)
[2026-06-17T10:01:45.968+0800][43.595s][info][gc,metaspace   ] GC(1692) Metaspace: 113K(320K)->113K(320K) NonClass: 106K(192K)->106K(192K) Class: 7K(128K)->7K(128K)
[2026-06-17T10:01:45.968+0800][43.596s][info][gc             ] GC(1692) Pause Young (Allocation Failure) 34M->27M(56M) 2.061ms
[2026-06-17T10:01:45.968+0800][43.596s][info][gc,cpu         ] GC(1692) User=0.00s Sys=0.00s Real=0.00s
[2026-06-17T10:01:45.989+0800][43.617s][info][gc,start       ] GC(1693) Pause Young (Allocation Failure)
[2026-06-17T10:01:45.991+0800][43.618s][info][gc,heap        ] GC(1693) PSYoungGen: 13041K(13312K)->7153K(14336K) Eden: 8192K(8192K)->0K(7168K) From: 4849K(5120K)->7153K(7168K)
[2026-06-17T10:01:45.991+0800][43.619s][info][gc,heap        ] GC(1693) ParOldGen: 23329K(44032K)->25434K(44032K)
[2026-06-17T10:01:45.991+0800][43.619s][info][gc,metaspace   ] GC(1693) Metaspace: 113K(320K)->113K(320K) NonClass: 106K(192K)->106K(192K) Class: 7K(128K)->7K(128K)
[2026-06-17T10:01:45.992+0800][43.619s][info][gc             ] GC(1693) Pause Young (Allocation Failure) 35M->31M(57M) 2.151ms
[2026-06-17T10:01:45.992+0800][43.620s][info][gc,cpu         ] GC(1693) User=0.01s Sys=0.00s Real=0.01s
[2026-06-17T10:01:46.013+0800][43.641s][info][gc,start       ] GC(1694) Pause Young (Allocation Failure)
[2026-06-17T10:01:46.015+0800][43.643s][info][gc,heap        ] GC(1694) PSYoungGen: 14321K(14336K)->5773K(14336K) Eden: 7167K(7168K)->0K(7168K) From: 7153K(7168K)->5773K(7168K)
[2026-06-17T10:01:46.015+0800][43.643s][info][gc,heap        ] GC(1694) ParOldGen: 25434K(44032K)->27097K(44032K)
[2026-06-17T10:01:46.016+0800][43.643s][info][gc,metaspace   ] GC(1694) Metaspace: 113K(320K)->113K(320K) NonClass: 106K(192K)->106K(192K) Class: 7K(128K)->7K(128K)
[2026-06-17T10:01:46.016+0800][43.644s][info][gc             ] GC(1694) Pause Young (Allocation Failure) 38M->32M(57M) 2.581ms
[2026-06-17T10:01:46.016+0800][43.644s][info][gc,cpu         ] GC(1694) User=0.00s Sys=0.00s Real=0.00s
[2026-06-17T10:01:46.037+0800][43.665s][info][gc,start       ] GC(1695) Pause Young (Allocation Failure)
[2026-06-17T10:01:46.039+0800][43.667s][info][gc,heap        ] GC(1695) PSYoungGen: 12940K(14336K)->3925K(14336K) Eden: 7166K(7168K)->0K(7168K) From: 5773K(7168K)->3925K(7168K)
[2026-06-17T10:01:46.039+0800][43.667s][info][gc,heap        ] GC(1695) ParOldGen: 27097K(44032K)->29048K(44032K)
[2026-06-17T10:01:46.040+0800][43.668s][info][gc,metaspace   ] GC(1695) Metaspace: 113K(320K)->113K(320K) NonClass: 106K(192K)->106K(192K) Class: 7K(128K)->7K(128K)
[2026-06-17T10:01:46.040+0800][43.668s][info][gc             ] GC(1695) Pause Young (Allocation Failure) 39M->32M(57M) 2.930ms
[2026-06-17T10:01:46.040+0800][43.668s][info][gc,cpu         ] GC(1695) User=0.00s Sys=0.00s Real=0.00s
[2026-06-17T10:01:46.052+0800][43.679s][info][gc,start       ] GC(1696) Pause Young (Allocation Failure)
[2026-06-17T10:01:46.053+0800][43.680s][info][gc,heap        ] GC(1696) PSYoungGen: 11069K(14336K)->4851K(14336K) Eden: 7144K(7168K)->0K(7168K) From: 3925K(7168K)->4851K(7168K)
[2026-06-17T10:01:46.053+0800][43.681s][info][gc,heap        ] GC(1696) ParOldGen: 29048K(44032K)->32061K(44032K)
[2026-06-17T10:01:46.053+0800][43.681s][info][gc,metaspace   ] GC(1696) Metaspace: 113K(320K)->113K(320K) NonClass: 106K(192K)->106K(192K) Class: 7K(128K)->7K(128K)
[2026-06-17T10:01:46.054+0800][43.681s][info][gc             ] GC(1696) Pause Young (Allocation Failure) 39M->36M(57M) 2.239ms
[2026-06-17T10:01:46.054+0800][43.682s][info][gc,cpu         ] GC(1696) User=0.00s Sys=0.00s Real=0.00s
[2026-06-17T10:01:46.076+0800][43.704s][info][gc,start       ] GC(1697) Pause Young (Allocation Failure)
[2026-06-17T10:01:46.077+0800][43.705s][info][gc,heap        ] GC(1697) PSYoungGen: 12005K(14336K)->3078K(14336K) Eden: 7154K(7168K)->0K(7168K) From: 4851K(7168K)->3078K(7168K)
[2026-06-17T10:01:46.078+0800][43.705s][info][gc,heap        ] GC(1697) ParOldGen: 32061K(44032K)->34155K(44032K)
[2026-06-17T10:01:46.078+0800][43.706s][info][gc,metaspace   ] GC(1697) Metaspace: 113K(320K)->113K(320K) NonClass: 106K(192K)->106K(192K) Class: 7K(128K)->7K(128K)
[2026-06-17T10:01:46.079+0800][43.706s][info][gc             ] GC(1697) Pause Young (Allocation Failure) 43M->36M(57M) 2.713ms
[2026-06-17T10:01:46.079+0800][43.707s][info][gc,cpu         ] GC(1697) User=0.01s Sys=0.00s Real=0.00s
[2026-06-17T10:01:46.101+0800][43.729s][info][gc,start       ] GC(1698) Pause Young (Allocation Failure)
[2026-06-17T10:01:46.103+0800][43.731s][info][gc,heap        ] GC(1698) PSYoungGen: 10232K(14336K)->3241K(14336K) Eden: 7154K(7168K)->0K(7168K) From: 3078K(7168K)->3241K(7168K)
[2026-06-17T10:01:46.104+0800][43.731s][info][gc,heap        ] GC(1698) ParOldGen: 34155K(44032K)->34155K(44032K)
[2026-06-17T10:01:46.104+0800][43.732s][info][gc,metaspace   ] GC(1698) Metaspace: 113K(320K)->113K(320K) NonClass: 106K(192K)->106K(192K) Class: 7K(128K)->7K(128K)
[2026-06-17T10:01:46.105+0800][43.732s][info][gc             ] GC(1698) Pause Young (Allocation Failure) 43M->36M(57M) 3.617ms
[2026-06-17T10:01:46.105+0800][43.733s][info][gc,cpu         ] GC(1698) User=0.00s Sys=0.00s Real=0.01s
[2026-06-17T10:01:46.118+0800][43.745s][info][gc,start       ] GC(1699) Pause Young (Allocation Failure)
[2026-06-17T10:01:46.119+0800][43.747s][info][gc,heap        ] GC(1699) PSYoungGen: 10101K(14336K)->974K(14336K) Eden: 6859K(7168K)->0K(7168K) From: 3241K(7168K)->974K(7168K)
[2026-06-17T10:01:46.120+0800][43.748s][info][gc,heap        ] GC(1699) ParOldGen: 34155K(44032K)->36251K(44032K)
[2026-06-17T10:01:46.120+0800][43.748s][info][gc,metaspace   ] GC(1699) Metaspace: 113K(320K)->113K(320K) NonClass: 106K(192K)->106K(192K) Class: 7K(128K)->7K(128K)
[2026-06-17T10:01:46.121+0800][43.749s][info][gc             ] GC(1699) Pause Young (Allocation Failure) 43M->36M(57M) 3.416ms
[2026-06-17T10:01:46.122+0800][43.749s][info][gc,cpu         ] GC(1699) User=0.00s Sys=0.00s Real=0.00s
[2026-06-17T10:01:46.144+0800][43.771s][info][gc,start       ] GC(1700) Pause Young (Allocation Failure)
[2026-06-17T10:01:46.145+0800][43.773s][info][gc,heap        ] GC(1700) PSYoungGen: 8124K(14336K)->3814K(14336K) Eden: 7150K(7168K)->0K(7168K) From: 974K(7168K)->3814K(7168K)
[2026-06-17T10:01:46.146+0800][43.774s][info][gc,heap        ] GC(1700) ParOldGen: 36251K(44032K)->37201K(44032K)
[2026-06-17T10:01:46.147+0800][43.774s][info][gc,metaspace   ] GC(1700) Metaspace: 113K(320K)->113K(320K) NonClass: 106K(192K)->106K(192K) Class: 7K(128K)->7K(128K)
[2026-06-17T10:01:46.147+0800][43.775s][info][gc             ] GC(1700) Pause Young (Allocation Failure) 43M->40M(57M) 3.474ms
[2026-06-17T10:01:46.148+0800][43.776s][info][gc,cpu         ] GC(1700) User=0.00s Sys=0.00s Real=0.00s
[2026-06-17T10:01:46.171+0800][43.798s][info][gc,start       ] GC(1701) Pause Young (Allocation Failure)
[2026-06-17T10:01:46.173+0800][43.800s][info][gc,heap        ] GC(1701) PSYoungGen: 10938K(14336K)->2944K(14336K) Eden: 7123K(7168K)->0K(7168K) From: 3814K(7168K)->2944K(7168K)
[2026-06-17T10:01:46.173+0800][43.801s][info][gc,heap        ] GC(1701) ParOldGen: 37201K(44032K)->38263K(44032K)
[2026-06-17T10:01:46.174+0800][43.802s][info][gc,metaspace   ] GC(1701) Metaspace: 113K(320K)->113K(320K) NonClass: 106K(192K)->106K(192K) Class: 7K(128K)->7K(128K)
[2026-06-17T10:01:46.175+0800][43.802s][info][gc             ] GC(1701) Pause Young (Allocation Failure) 47M->40M(57M) 4.137ms
[2026-06-17T10:01:46.175+0800][43.803s][info][gc,cpu         ] GC(1701) User=0.00s Sys=0.00s Real=0.00s
[2026-06-17T10:01:46.197+0800][43.825s][info][gc,start       ] GC(1702) Pause Young (Allocation Failure)
[2026-06-17T10:01:46.198+0800][43.826s][info][gc,heap        ] GC(1702) PSYoungGen: 10066K(14336K)->1336K(14336K) Eden: 7121K(7168K)->0K(7168K) From: 2944K(7168K)->1336K(7168K)
[2026-06-17T10:01:46.198+0800][43.826s][info][gc,heap        ] GC(1702) ParOldGen: 38263K(44032K)->40022K(44032K)
[2026-06-17T10:01:46.199+0800][43.827s][info][gc,metaspace   ] GC(1702) Metaspace: 113K(320K)->113K(320K) NonClass: 106K(192K)->106K(192K) Class: 7K(128K)->7K(128K)
[2026-06-17T10:01:46.199+0800][43.827s][info][gc             ] GC(1702) Pause Young (Allocation Failure) 47M->40M(57M) 2.018ms
[2026-06-17T10:01:46.199+0800][43.827s][info][gc,cpu         ] GC(1702) User=0.00s Sys=0.00s Real=0.00s
[2026-06-17T10:01:46.221+0800][43.848s][info][gc,start       ] GC(1703) Pause Young (Allocation Failure)
[2026-06-17T10:01:46.222+0800][43.849s][info][gc,heap        ] GC(1703) PSYoungGen: 8498K(14336K)->1966K(14336K) Eden: 7161K(7168K)->0K(7168K) From: 1336K(7168K)->1966K(7168K)
[2026-06-17T10:01:46.222+0800][43.850s][info][gc,heap        ] GC(1703) ParOldGen: 40022K(44032K)->40022K(44032K)
[2026-06-17T10:01:46.223+0800][43.851s][info][gc,metaspace   ] GC(1703) Metaspace: 113K(320K)->113K(320K) NonClass: 106K(192K)->106K(192K) Class: 7K(128K)->7K(128K)
[2026-06-17T10:01:46.224+0800][43.852s][info][gc             ] GC(1703) Pause Young (Allocation Failure) 47M->41M(57M) 3.066ms
[2026-06-17T10:01:46.225+0800][43.852s][info][gc,cpu         ] GC(1703) User=0.00s Sys=0.00s Real=0.01s
[2026-06-17T10:01:46.236+0800][43.864s][info][gc,start       ] GC(1704) Pause Young (Allocation Failure)
[2026-06-17T10:01:46.237+0800][43.865s][info][gc,heap        ] GC(1704) PSYoungGen: 9105K(14336K)->5934K(14336K) Eden: 7139K(7168K)->0K(7168K) From: 1966K(7168K)->5934K(7168K)
[2026-06-17T10:01:46.238+0800][43.866s][info][gc,heap        ] GC(1704) ParOldGen: 40022K(44032K)->40022K(44032K)
[2026-06-17T10:01:46.239+0800][43.866s][info][gc,metaspace   ] GC(1704) Metaspace: 113K(320K)->113K(320K) NonClass: 106K(192K)->106K(192K) Class: 7K(128K)->7K(128K)
[2026-06-17T10:01:46.239+0800][43.867s][info][gc             ] GC(1704) Pause Young (Allocation Failure) 47M->44M(57M) 3.609ms
[2026-06-17T10:01:46.240+0800][43.868s][info][gc,cpu         ] GC(1704) User=0.00s Sys=0.00s Real=0.00s
[2026-06-17T10:01:46.262+0800][43.889s][info][gc,start       ] GC(1705) Pause Young (Allocation Failure)
[2026-06-17T10:01:46.264+0800][43.891s][info][gc,heap        ] GC(1705) PSYoungGen: 13064K(14336K)->3059K(14336K) Eden: 7130K(7168K)->0K(7168K) From: 5934K(7168K)->3059K(7168K)
[2026-06-17T10:01:46.264+0800][43.892s][info][gc,heap        ] GC(1705) ParOldGen: 40022K(44032K)->43020K(44032K)
[2026-06-17T10:01:46.265+0800][43.893s][info][gc,metaspace   ] GC(1705) Metaspace: 113K(320K)->113K(320K) NonClass: 106K(192K)->106K(192K) Class: 7K(128K)->7K(128K)
[2026-06-17T10:01:46.266+0800][43.894s][info][gc             ] GC(1705) Pause Young (Allocation Failure) 51M->44M(57M) 4.442ms
[2026-06-17T10:01:46.267+0800][43.894s][info][gc,cpu         ] GC(1705) User=0.01s Sys=0.00s Real=0.01s
[2026-06-17T10:01:46.278+0800][43.906s][info][gc,start       ] GC(1706) Pause Full (Ergonomics)
[2026-06-17T10:01:46.279+0800][43.907s][info][gc,phases,start] GC(1706) Marking Phase
[2026-06-17T10:01:46.281+0800][43.908s][info][gc,phases      ] GC(1706) Marking Phase 1.740ms
[2026-06-17T10:01:46.281+0800][43.909s][info][gc,phases,start] GC(1706) Summary Phase
[2026-06-17T10:01:46.282+0800][43.910s][info][gc,phases      ] GC(1706) Summary Phase 0.857ms
[2026-06-17T10:01:46.283+0800][43.911s][info][gc,phases,start] GC(1706) Adjust Roots
[2026-06-17T10:01:46.284+0800][43.912s][info][gc,phases      ] GC(1706) Adjust Roots 0.982ms
[2026-06-17T10:01:46.285+0800][43.913s][info][gc,phases,start] GC(1706) Compaction Phase
[2026-06-17T10:01:46.287+0800][43.915s][info][gc,phases      ] GC(1706) Compaction Phase 2.491ms
[2026-06-17T10:01:46.288+0800][43.916s][info][gc,phases,start] GC(1706) Post Compact
[2026-06-17T10:01:46.289+0800][43.917s][info][gc,phases      ] GC(1706) Post Compact 0.914ms
[2026-06-17T10:01:46.290+0800][43.918s][info][gc,heap        ] GC(1706) PSYoungGen: 10173K(14336K)->0K(14336K) Eden: 7113K(7168K)->0K(7168K) From: 3059K(7168K)->0K(7168K)
[2026-06-17T10:01:46.291+0800][43.918s][info][gc,heap        ] GC(1706) ParOldGen: 43020K(44032K)->32784K(44032K)
[2026-06-17T10:01:46.292+0800][43.919s][info][gc,metaspace   ] GC(1706) Metaspace: 113K(320K)->113K(320K) NonClass: 106K(192K)->106K(192K) Class: 7K(128K)->7K(128K)
[2026-06-17T10:01:46.292+0800][43.920s][info][gc             ] GC(1706) Pause Full (Ergonomics) 51M->32M(57M) 14.186ms
[2026-06-17T10:01:46.293+0800][43.921s][info][gc,cpu         ] GC(1706) User=0.00s Sys=0.00s Real=0.02s
[2026-06-17T10:01:46.315+0800][43.943s][info][gc,start       ] GC(1707) Pause Young (Allocation Failure)
[2026-06-17T10:01:46.317+0800][43.945s][info][gc,heap        ] GC(1707) PSYoungGen: 7148K(14336K)->3890K(14336K) Eden: 7148K(7168K)->0K(7168K) From: 0K(7168K)->3890K(7168K)
[2026-06-17T10:01:46.319+0800][43.946s][info][gc,heap        ] GC(1707) ParOldGen: 32784K(44032K)->32784K(44032K)
[2026-06-17T10:01:46.319+0800][43.947s][info][gc,metaspace   ] GC(1707) Metaspace: 113K(320K)->113K(320K) NonClass: 106K(192K)->106K(192K) Class: 7K(128K)->7K(128K)
[2026-06-17T10:01:46.320+0800][43.948s][info][gc             ] GC(1707) Pause Young (Allocation Failure) 38M->35M(57M) 5.040ms
[2026-06-17T10:01:46.321+0800][43.949s][info][gc,cpu         ] GC(1707) User=0.00s Sys=0.00s Real=0.00s
[2026-06-17T10:01:46.343+0800][43.971s][info][gc,start       ] GC(1708) Pause Young (Allocation Failure)
[2026-06-17T10:01:46.344+0800][43.972s][info][gc,heap        ] GC(1708) PSYoungGen: 11058K(14336K)->3872K(14336K) Eden: 7168K(7168K)->0K(7168K) From: 3890K(7168K)->3872K(7168K)
[2026-06-17T10:01:46.345+0800][43.972s][info][gc,heap        ] GC(1708) ParOldGen: 32784K(44032K)->33343K(44032K)
[2026-06-17T10:01:46.345+0800][43.973s][info][gc,metaspace   ] GC(1708) Metaspace: 113K(320K)->113K(320K) NonClass: 106K(192K)->106K(192K) Class: 7K(128K)->7K(128K)
[2026-06-17T10:01:46.346+0800][43.974s][info][gc             ] GC(1708) Pause Young (Allocation Failure) 42M->36M(57M) 3.069ms
[2026-06-17T10:01:46.346+0800][43.974s][info][gc,cpu         ] GC(1708) User=0.01s Sys=0.00s Real=0.00s
[2026-06-17T10:01:46.368+0800][43.996s][info][gc,start       ] GC(1709) Pause Young (Allocation Failure)
[2026-06-17T10:01:46.371+0800][43.999s][info][gc,heap        ] GC(1709) PSYoungGen: 10995K(14336K)->4116K(14848K) Eden: 7122K(7168K)->0K(7680K) From: 3872K(7168K)->4116K(7168K)
[2026-06-17T10:01:46.372+0800][44.000s][info][gc,heap        ] GC(1709) ParOldGen: 33343K(44032K)->33343K(44032K)
[2026-06-17T10:01:46.374+0800][44.002s][info][gc,metaspace   ] GC(1709) Metaspace: 113K(320K)->113K(320K) NonClass: 106K(192K)->106K(192K) Class: 7K(128K)->7K(128K)
[2026-06-17T10:01:46.376+0800][44.003s][info][gc             ] GC(1709) Pause Young (Allocation Failure) 43M->36M(57M) 7.196ms
[2026-06-17T10:01:46.377+0800][44.004s][info][gc,cpu         ] GC(1709) User=0.00s Sys=0.00s Real=0.01s
[2026-06-17T10:01:46.399+0800][44.027s][info][gc,start       ] GC(1710) Pause Young (Allocation Failure)
[2026-06-17T10:01:46.402+0800][44.030s][info][gc,heap        ] GC(1710) PSYoungGen: 11774K(14848K)->5026K(14336K) Eden: 7658K(7680K)->0K(7680K) From: 4116K(7168K)->5026K(6656K)
[2026-06-17T10:01:46.403+0800][44.031s][info][gc,heap        ] GC(1710) ParOldGen: 33343K(44032K)->33343K(44032K)
[2026-06-17T10:01:46.406+0800][44.034s][info][gc,metaspace   ] GC(1710) Metaspace: 113K(320K)->113K(320K) NonClass: 106K(192K)->106K(192K) Class: 7K(128K)->7K(128K)
[2026-06-17T10:01:46.407+0800][44.035s][info][gc             ] GC(1710) Pause Young (Allocation Failure) 44M->37M(57M) 7.760ms
[2026-06-17T10:01:46.409+0800][44.037s][info][gc,cpu         ] GC(1710) User=0.00s Sys=0.00s Real=0.01s
[2026-06-17T10:01:46.432+0800][44.060s][info][gc,start       ] GC(1711) Pause Young (Allocation Failure)
[2026-06-17T10:01:46.435+0800][44.063s][info][gc,heap        ] GC(1711) PSYoungGen: 12662K(14336K)->4256K(14336K) Eden: 7635K(7680K)->0K(7168K) From: 5026K(6656K)->4256K(7168K)
[2026-06-17T10:01:46.438+0800][44.065s][info][gc,heap        ] GC(1711) ParOldGen: 33343K(44032K)->35052K(44032K)
[2026-06-17T10:01:46.439+0800][44.066s][info][gc,metaspace   ] GC(1711) Metaspace: 113K(320K)->113K(320K) NonClass: 106K(192K)->106K(192K) Class: 7K(128K)->7K(128K)
[2026-06-17T10:01:46.441+0800][44.069s][info][gc             ] GC(1711) Pause Young (Allocation Failure) 44M->38M(57M) 8.766ms
[2026-06-17T10:01:46.442+0800][44.070s][info][gc,cpu         ] GC(1711) User=0.01s Sys=0.00s Real=0.00s
[2026-06-17T10:01:46.465+0800][44.093s][info][gc,start       ] GC(1712) Pause Young (Allocation Failure)
[2026-06-17T10:01:46.466+0800][44.094s][info][gc,heap        ] GC(1712) PSYoungGen: 11414K(14336K)->4324K(14336K) Eden: 7158K(7168K)->0K(7168K) From: 4256K(7168K)->4324K(7168K)
[2026-06-17T10:01:46.467+0800][44.095s][info][gc,heap        ] GC(1712) ParOldGen: 35052K(44032K)->35052K(44032K)
[2026-06-17T10:01:46.468+0800][44.095s][info][gc,metaspace   ] GC(1712) Metaspace: 113K(320K)->113K(320K) NonClass: 106K(192K)->106K(192K) Class: 7K(128K)->7K(128K)
[2026-06-17T10:01:46.469+0800][44.097s][info][gc             ] GC(1712) Pause Young (Allocation Failure) 45M->38M(57M) 4.057ms
[2026-06-17T10:01:46.470+0800][44.098s][info][gc,cpu         ] GC(1712) User=0.00s Sys=0.00s Real=0.00s
[2026-06-17T10:01:46.482+0800][44.110s][info][gc,start       ] GC(1713) Pause Young (Allocation Failure)
[2026-06-17T10:01:46.485+0800][44.113s][info][gc,heap        ] GC(1713) PSYoungGen: 11486K(14336K)->6558K(13824K) Eden: 7161K(7168K)->0K(7168K) From: 4324K(7168K)->6558K(6656K)
[2026-06-17T10:01:46.486+0800][44.114s][info][gc,heap        ] GC(1713) ParOldGen: 35052K(44032K)->36483K(44032K)
[2026-06-17T10:01:46.487+0800][44.115s][info][gc,metaspace   ] GC(1713) Metaspace: 113K(320K)->113K(320K) NonClass: 106K(192K)->106K(192K) Class: 7K(128K)->7K(128K)
[2026-06-17T10:01:46.488+0800][44.115s][info][gc             ] GC(1713) Pause Young (Allocation Failure) 45M->42M(56M) 5.317ms
[2026-06-17T10:01:46.489+0800][44.116s][info][gc,cpu         ] GC(1713) User=0.00s Sys=0.00s Real=0.01s
[2026-06-17T10:01:46.512+0800][44.140s][info][gc,start       ] GC(1714) Pause Young (Allocation Failure)
[2026-06-17T10:01:46.516+0800][44.143s][info][gc,heap        ] GC(1714) PSYoungGen: 13717K(13824K)->3986K(14336K) Eden: 7159K(7168K)->0K(7168K) From: 6558K(6656K)->3986K(7168K)
[2026-06-17T10:01:46.516+0800][44.144s][info][gc,heap        ] GC(1714) ParOldGen: 36483K(44032K)->39148K(44032K)
[2026-06-17T10:01:46.517+0800][44.145s][info][gc,metaspace   ] GC(1714) Metaspace: 113K(320K)->113K(320K) NonClass: 106K(192K)->106K(192K) Class: 7K(128K)->7K(128K)
[2026-06-17T10:01:46.518+0800][44.146s][info][gc             ] GC(1714) Pause Young (Allocation Failure) 49M->42M(57M) 6.273ms
[2026-06-17T10:01:46.519+0800][44.146s][info][gc,cpu         ] GC(1714) User=0.01s Sys=0.00s Real=0.00s
[2026-06-17T10:01:46.530+0800][44.158s][info][gc,start       ] GC(1715) Pause Young (Allocation Failure)
[2026-06-17T10:01:46.532+0800][44.160s][info][gc,heap        ] GC(1715) PSYoungGen: 11111K(14336K)->5972K(14336K) Eden: 7125K(7168K)->0K(7168K) From: 3986K(7168K)->5972K(7168K)
[2026-06-17T10:01:46.533+0800][44.161s][info][gc,heap        ] GC(1715) ParOldGen: 39148K(44032K)->40628K(44032K)
[2026-06-17T10:01:46.534+0800][44.162s][info][gc,metaspace   ] GC(1715) Metaspace: 113K(320K)->113K(320K) NonClass: 106K(192K)->106K(192K) Class: 7K(128K)->7K(128K)
[2026-06-17T10:01:46.538+0800][44.166s][info][gc             ] GC(1715) Pause Young (Allocation Failure) 49M->45M(57M) 7.415ms
[2026-06-17T10:01:46.540+0800][44.168s][info][gc,cpu         ] GC(1715) User=0.00s Sys=0.00s Real=0.01s
[2026-06-17T10:01:46.561+0800][44.189s][info][gc,start       ] GC(1716) Pause Full (Ergonomics)
[2026-06-17T10:01:46.564+0800][44.192s][info][gc,phases,start] GC(1716) Marking Phase
[2026-06-17T10:01:46.566+0800][44.193s][info][gc,phases      ] GC(1716) Marking Phase 1.479ms
[2026-06-17T10:01:46.567+0800][44.194s][info][gc,phases,start] GC(1716) Summary Phase
[2026-06-17T10:01:46.567+0800][44.195s][info][gc,phases      ] GC(1716) Summary Phase 0.548ms
[2026-06-17T10:01:46.568+0800][44.196s][info][gc,phases,start] GC(1716) Adjust Roots
[2026-06-17T10:01:46.568+0800][44.196s][info][gc,phases      ] GC(1716) Adjust Roots 0.609ms
[2026-06-17T10:01:46.570+0800][44.198s][info][gc,phases,start] GC(1716) Compaction Phase
[2026-06-17T10:01:46.572+0800][44.200s][info][gc,phases      ] GC(1716) Compaction Phase 1.589ms
[2026-06-17T10:01:46.572+0800][44.200s][info][gc,phases,start] GC(1716) Post Compact
[2026-06-17T10:01:46.573+0800][44.200s][info][gc,phases      ] GC(1716) Post Compact 0.471ms
[2026-06-17T10:01:46.573+0800][44.201s][info][gc,heap        ] GC(1716) PSYoungGen: 13117K(14336K)->0K(14336K) Eden: 7145K(7168K)->0K(7168K) From: 5972K(7168K)->0K(7168K)
[2026-06-17T10:01:46.574+0800][44.201s][info][gc,heap        ] GC(1716) ParOldGen: 40628K(44032K)->26918K(44032K)
[2026-06-17T10:01:46.574+0800][44.202s][info][gc,metaspace   ] GC(1716) Metaspace: 113K(320K)->113K(320K) NonClass: 106K(192K)->106K(192K) Class: 7K(128K)->7K(128K)
[2026-06-17T10:01:46.574+0800][44.202s][info][gc             ] GC(1716) Pause Full (Ergonomics) 52M->26M(57M) 13.061ms
[2026-06-17T10:01:46.575+0800][44.203s][info][gc,cpu         ] GC(1716) User=0.00s Sys=0.00s Real=0.02s
[2026-06-17T10:01:46.596+0800][44.224s][info][gc,start       ] GC(1717) Pause Young (Allocation Failure)
[2026-06-17T10:01:46.599+0800][44.227s][info][gc,heap        ] GC(1717) PSYoungGen: 7160K(14336K)->3733K(14336K) Eden: 7160K(7168K)->0K(7168K) From: 0K(7168K)->3733K(7168K)
[2026-06-17T10:01:46.600+0800][44.228s][info][gc,heap        ] GC(1717) ParOldGen: 26918K(44032K)->26918K(44032K)
[2026-06-17T10:01:46.602+0800][44.230s][info][gc,metaspace   ] GC(1717) Metaspace: 113K(320K)->113K(320K) NonClass: 106K(192K)->106K(192K) Class: 7K(128K)->7K(128K)
[2026-06-17T10:01:46.602+0800][44.230s][info][gc             ] GC(1717) Pause Young (Allocation Failure) 33M->29M(57M) 6.109ms
[2026-06-17T10:01:46.603+0800][44.230s][info][gc,cpu         ] GC(1717) User=0.00s Sys=0.00s Real=0.01s
[2026-06-17T10:01:46.624+0800][44.252s][info][gc,start       ] GC(1718) Pause Young (Allocation Failure)
[2026-06-17T10:01:46.625+0800][44.253s][info][gc,heap        ] GC(1718) PSYoungGen: 10901K(14336K)->2287K(14336K) Eden: 7167K(7168K)->0K(7168K) From: 3733K(7168K)->2287K(7168K)
[2026-06-17T10:01:46.625+0800][44.253s][info][gc,heap        ] GC(1718) ParOldGen: 26918K(44032K)->28741K(44032K)
[2026-06-17T10:01:46.627+0800][44.254s][info][gc,metaspace   ] GC(1718) Metaspace: 113K(320K)->113K(320K) NonClass: 106K(192K)->106K(192K) Class: 7K(128K)->7K(128K)
[2026-06-17T10:01:46.627+0800][44.255s][info][gc             ] GC(1718) Pause Young (Allocation Failure) 36M->30M(57M) 2.940ms
[2026-06-17T10:01:46.627+0800][44.255s][info][gc,cpu         ] GC(1718) User=0.00s Sys=0.00s Real=0.00s
[2026-06-17T10:01:46.648+0800][44.276s][info][gc,start       ] GC(1719) Pause Young (Allocation Failure)
[2026-06-17T10:01:46.651+0800][44.279s][info][gc,heap        ] GC(1719) PSYoungGen: 9432K(14336K)->181K(14336K) Eden: 7145K(7168K)->0K(7168K) From: 2287K(7168K)->181K(7168K)
[2026-06-17T10:01:46.652+0800][44.280s][info][gc,heap        ] GC(1719) ParOldGen: 28741K(44032K)->30591K(44032K)
[2026-06-17T10:01:46.652+0800][44.280s][info][gc,metaspace   ] GC(1719) Metaspace: 113K(320K)->113K(320K) NonClass: 106K(192K)->106K(192K) Class: 7K(128K)->7K(128K)
[2026-06-17T10:01:46.653+0800][44.281s][info][gc             ] GC(1719) Pause Young (Allocation Failure) 37M->30M(57M) 4.386ms
[2026-06-17T10:01:46.655+0800][44.283s][info][gc,cpu         ] GC(1719) User=0.00s Sys=0.00s Real=0.01s
[2026-06-17T10:01:46.666+0800][44.294s][info][gc,start       ] GC(1720) Pause Young (Allocation Failure)
[2026-06-17T10:01:46.667+0800][44.295s][info][gc,heap        ] GC(1720) PSYoungGen: 7318K(14336K)->3814K(14336K) Eden: 7137K(7168K)->0K(7168K) From: 181K(7168K)->3814K(7168K)
[2026-06-17T10:01:46.668+0800][44.295s][info][gc,heap        ] GC(1720) ParOldGen: 30591K(44032K)->30591K(44032K)
[2026-06-17T10:01:46.668+0800][44.296s][info][gc,metaspace   ] GC(1720) Metaspace: 113K(320K)->113K(320K) NonClass: 106K(192K)->106K(192K) Class: 7K(128K)->7K(128K)
[2026-06-17T10:01:46.668+0800][44.296s][info][gc             ] GC(1720) Pause Young (Allocation Failure) 37M->33M(57M) 2.270ms
[2026-06-17T10:01:46.669+0800][44.297s][info][gc,cpu         ] GC(1720) User=0.00s Sys=0.00s Real=0.00s
[2026-06-17T10:01:46.690+0800][44.318s][info][gc,start       ] GC(1721) Pause Young (Allocation Failure)
[2026-06-17T10:01:46.692+0800][44.319s][info][gc,heap        ] GC(1721) PSYoungGen: 10982K(14336K)->2635K(14336K) Eden: 7168K(7168K)->0K(7168K) From: 3814K(7168K)->2635K(7168K)
[2026-06-17T10:01:46.692+0800][44.320s][info][gc,heap        ] GC(1721) ParOldGen: 30591K(44032K)->32274K(44032K)
[2026-06-17T10:01:46.693+0800][44.321s][info][gc,metaspace   ] GC(1721) Metaspace: 113K(320K)->113K(320K) NonClass: 106K(192K)->106K(192K) Class: 7K(128K)->7K(128K)
[2026-06-17T10:01:46.694+0800][44.321s][info][gc             ] GC(1721) Pause Young (Allocation Failure) 40M->34M(57M) 3.208ms
[2026-06-17T10:01:46.694+0800][44.322s][info][gc,cpu         ] GC(1721) User=0.00s Sys=0.00s Real=0.01s
[2026-06-17T10:01:46.716+0800][44.343s][info][gc,start       ] GC(1722) Pause Young (Allocation Failure)
[2026-06-17T10:01:46.717+0800][44.345s][info][gc,heap        ] GC(1722) PSYoungGen: 9803K(14336K)->2931K(14336K) Eden: 7168K(7168K)->0K(7168K) From: 2635K(7168K)->2931K(7168K)
[2026-06-17T10:01:46.718+0800][44.345s][info][gc,heap        ] GC(1722) ParOldGen: 32274K(44032K)->32274K(44032K)
[2026-06-17T10:01:46.718+0800][44.346s][info][gc,metaspace   ] GC(1722) Metaspace: 113K(320K)->113K(320K) NonClass: 106K(192K)->106K(192K) Class: 7K(128K)->7K(128K)
[2026-06-17T10:01:46.719+0800][44.347s][info][gc             ] GC(1722) Pause Young (Allocation Failure) 41M->34M(57M) 3.206ms
[2026-06-17T10:01:46.719+0800][44.347s][info][gc,cpu         ] GC(1722) User=0.00s Sys=0.00s Real=0.00s
[2026-06-17T10:01:46.731+0800][44.359s][info][gc,start       ] GC(1723) Pause Young (Allocation Failure)
[2026-06-17T10:01:46.732+0800][44.360s][info][gc,heap        ] GC(1723) PSYoungGen: 9901K(14336K)->3108K(14848K) Eden: 6969K(7168K)->0K(7680K) From: 2931K(7168K)->3108K(7168K)
[2026-06-17T10:01:46.733+0800][44.360s][info][gc,heap        ] GC(1723) ParOldGen: 32274K(44032K)->32274K(44032K)
[2026-06-17T10:01:46.733+0800][44.361s][info][gc,metaspace   ] GC(1723) Metaspace: 113K(320K)->113K(320K) NonClass: 106K(192K)->106K(192K) Class: 7K(128K)->7K(128K)
[2026-06-17T10:01:46.734+0800][44.362s][info][gc             ] GC(1723) Pause Young (Allocation Failure) 41M->34M(57M) 2.957ms
[2026-06-17T10:01:46.735+0800][44.362s][info][gc,cpu         ] GC(1723) User=0.00s Sys=0.00s Real=0.00s
[2026-06-17T10:01:46.756+0800][44.384s][info][gc,start       ] GC(1724) Pause Young (Allocation Failure)
[2026-06-17T10:01:46.758+0800][44.385s][info][gc,heap        ] GC(1724) PSYoungGen: 10739K(14848K)->6649K(14336K) Eden: 7631K(7680K)->0K(7680K) From: 3108K(7168K)->6649K(6656K)
[2026-06-17T10:01:46.758+0800][44.386s][info][gc,heap        ] GC(1724) ParOldGen: 32274K(44032K)->32861K(44032K)
[2026-06-17T10:01:46.759+0800][44.386s][info][gc,metaspace   ] GC(1724) Metaspace: 113K(320K)->113K(320K) NonClass: 106K(192K)->106K(192K) Class: 7K(128K)->7K(128K)
[2026-06-17T10:01:46.759+0800][44.387s][info][gc             ] GC(1724) Pause Young (Allocation Failure) 42M->38M(57M) 2.976ms
[2026-06-17T10:01:46.760+0800][44.387s][info][gc,cpu         ] GC(1724) User=0.00s Sys=0.00s Real=0.00s
[2026-06-17T10:01:46.781+0800][44.409s][info][gc,start       ] GC(1725) Pause Young (Allocation Failure)
[2026-06-17T10:01:46.783+0800][44.410s][info][gc,heap        ] GC(1725) PSYoungGen: 14317K(14336K)->5526K(14336K) Eden: 7668K(7680K)->0K(7168K) From: 6649K(6656K)->5526K(7168K)
[2026-06-17T10:01:46.783+0800][44.411s][info][gc,heap        ] GC(1725) ParOldGen: 32861K(44032K)->34172K(44032K)
[2026-06-17T10:01:46.784+0800][44.412s][info][gc,metaspace   ] GC(1725) Metaspace: 113K(320K)->113K(320K) NonClass: 106K(192K)->106K(192K) Class: 7K(128K)->7K(128K)
[2026-06-17T10:01:46.785+0800][44.412s][info][gc             ] GC(1725) Pause Young (Allocation Failure) 46M->38M(57M) 3.554ms
[2026-06-17T10:01:46.785+0800][44.413s][info][gc,cpu         ] GC(1725) User=0.00s Sys=0.00s Real=0.01s
[2026-06-17T10:01:46.807+0800][44.435s][info][gc,start       ] GC(1726) Pause Young (Allocation Failure)
[2026-06-17T10:01:46.809+0800][44.436s][info][gc,heap        ] GC(1726) PSYoungGen: 12681K(14336K)->2663K(14336K) Eden: 7155K(7168K)->0K(7168K) From: 5526K(7168K)->2663K(7168K)
[2026-06-17T10:01:46.809+0800][44.437s][info][gc,heap        ] GC(1726) ParOldGen: 34172K(44032K)->36797K(44032K)
[2026-06-17T10:01:46.810+0800][44.437s][info][gc,metaspace   ] GC(1726) Metaspace: 113K(320K)->113K(320K) NonClass: 106K(192K)->106K(192K) Class: 7K(128K)->7K(128K)
[2026-06-17T10:01:46.810+0800][44.438s][info][gc             ] GC(1726) Pause Young (Allocation Failure) 45M->38M(57M) 3.116ms
[2026-06-17T10:01:46.811+0800][44.438s][info][gc,cpu         ] GC(1726) User=0.00s Sys=0.00s Real=0.01s
[2026-06-17T10:01:46.822+0800][44.450s][info][gc,start       ] GC(1727) Pause Young (Allocation Failure)
[2026-06-17T10:01:46.824+0800][44.451s][info][gc,heap        ] GC(1727) PSYoungGen: 9828K(14336K)->4510K(14336K) Eden: 7165K(7168K)->0K(7168K) From: 2663K(7168K)->4510K(7168K)
[2026-06-17T10:01:46.824+0800][44.452s][info][gc,heap        ] GC(1727) ParOldGen: 36797K(44032K)->38642K(44032K)
[2026-06-17T10:01:46.825+0800][44.452s][info][gc,metaspace   ] GC(1727) Metaspace: 113K(320K)->113K(320K) NonClass: 106K(192K)->106K(192K) Class: 7K(128K)->7K(128K)
[2026-06-17T10:01:46.825+0800][44.453s][info][gc             ] GC(1727) Pause Young (Allocation Failure) 45M->42M(57M) 3.213ms
[2026-06-17T10:01:46.826+0800][44.453s][info][gc,cpu         ] GC(1727) User=0.00s Sys=0.00s Real=0.01s
[2026-06-17T10:01:46.847+0800][44.475s][info][gc,start       ] GC(1728) Pause Young (Allocation Failure)
[2026-06-17T10:01:46.849+0800][44.477s][info][gc,heap        ] GC(1728) PSYoungGen: 11678K(14336K)->2981K(14336K) Eden: 7168K(7168K)->0K(7168K) From: 4510K(7168K)->2981K(7168K)
[2026-06-17T10:01:46.850+0800][44.477s][info][gc,heap        ] GC(1728) ParOldGen: 38642K(44032K)->40652K(44032K)
[2026-06-17T10:01:46.851+0800][44.478s][info][gc,metaspace   ] GC(1728) Metaspace: 113K(320K)->113K(320K) NonClass: 106K(192K)->106K(192K) Class: 7K(128K)->7K(128K)
[2026-06-17T10:01:46.851+0800][44.479s][info][gc             ] GC(1728) Pause Young (Allocation Failure) 49M->42M(57M) 3.949ms
[2026-06-17T10:01:46.852+0800][44.480s][info][gc,cpu         ] GC(1728) User=0.01s Sys=0.00s Real=0.01s
[2026-06-17T10:01:46.874+0800][44.502s][info][gc,start       ] GC(1729) Pause Full (Ergonomics)
[2026-06-17T10:01:46.875+0800][44.503s][info][gc,phases,start] GC(1729) Marking Phase
[2026-06-17T10:01:46.878+0800][44.506s][info][gc,phases      ] GC(1729) Marking Phase 2.950ms
[2026-06-17T10:01:46.878+0800][44.506s][info][gc,phases,start] GC(1729) Summary Phase
[2026-06-17T10:01:46.879+0800][44.507s][info][gc,phases      ] GC(1729) Summary Phase 0.660ms
[2026-06-17T10:01:46.880+0800][44.508s][info][gc,phases,start] GC(1729) Adjust Roots
[2026-06-17T10:01:46.881+0800][44.508s][info][gc,phases      ] GC(1729) Adjust Roots 0.760ms
[2026-06-17T10:01:46.882+0800][44.510s][info][gc,phases,start] GC(1729) Compaction Phase
[2026-06-17T10:01:46.885+0800][44.513s][info][gc,phases      ] GC(1729) Compaction Phase 2.845ms
[2026-06-17T10:01:46.885+0800][44.513s][info][gc,phases,start] GC(1729) Post Compact
[2026-06-17T10:01:46.886+0800][44.514s][info][gc,phases      ] GC(1729) Post Compact 0.523ms
[2026-06-17T10:01:46.886+0800][44.514s][info][gc,heap        ] GC(1729) PSYoungGen: 10149K(14336K)->0K(14336K) Eden: 7168K(7168K)->0K(7168K) From: 2981K(7168K)->0K(7168K)
[2026-06-17T10:01:46.887+0800][44.515s][info][gc,heap        ] GC(1729) ParOldGen: 40652K(44032K)->25570K(44032K)
[2026-06-17T10:01:46.887+0800][44.515s][info][gc,metaspace   ] GC(1729) Metaspace: 113K(320K)->113K(320K) NonClass: 106K(192K)->106K(192K) Class: 7K(128K)->7K(128K)
[2026-06-17T10:01:46.888+0800][44.516s][info][gc             ] GC(1729) Pause Full (Ergonomics) 49M->24M(57M) 14.014ms
[2026-06-17T10:01:46.888+0800][44.516s][info][gc,cpu         ] GC(1729) User=0.01s Sys=0.00s Real=0.01s
[2026-06-17T10:01:46.900+0800][44.527s][info][gc,start       ] GC(1730) Pause Young (Allocation Failure)
[2026-06-17T10:01:46.901+0800][44.528s][info][gc,heap        ] GC(1730) PSYoungGen: 6964K(14336K)->3348K(14336K) Eden: 6964K(7168K)->0K(7168K) From: 0K(7168K)->3348K(7168K)
[2026-06-17T10:01:46.901+0800][44.529s][info][gc,heap        ] GC(1730) ParOldGen: 25570K(44032K)->25570K(44032K)
[2026-06-17T10:01:46.902+0800][44.529s][info][gc,metaspace   ] GC(1730) Metaspace: 113K(320K)->113K(320K) NonClass: 106K(192K)->106K(192K) Class: 7K(128K)->7K(128K)
[2026-06-17T10:01:46.902+0800][44.530s][info][gc             ] GC(1730) Pause Young (Allocation Failure) 31M->28M(57M) 2.229ms
[2026-06-17T10:01:46.902+0800][44.530s][info][gc,cpu         ] GC(1730) User=0.00s Sys=0.00s Real=0.00s
[2026-06-17T10:01:46.924+0800][44.552s][info][gc,start       ] GC(1731) Pause Young (Allocation Failure)
[2026-06-17T10:01:46.929+0800][44.557s][info][gc,heap        ] GC(1731) PSYoungGen: 10512K(14336K)->7128K(14336K) Eden: 7163K(7168K)->0K(7168K) From: 3348K(7168K)->7128K(7168K)
[2026-06-17T10:01:46.930+0800][44.558s][info][gc,heap        ] GC(1731) ParOldGen: 25570K(44032K)->25570K(44032K)
[2026-06-17T10:01:46.931+0800][44.558s][info][gc,metaspace   ] GC(1731) Metaspace: 113K(320K)->113K(320K) NonClass: 106K(192K)->106K(192K) Class: 7K(128K)->7K(128K)
[2026-06-17T10:01:46.931+0800][44.559s][info][gc             ] GC(1731) Pause Young (Allocation Failure) 35M->31M(57M) 6.797ms
[2026-06-17T10:01:46.931+0800][44.559s][info][gc,cpu         ] GC(1731) User=0.00s Sys=0.00s Real=0.01s
[2026-06-17T10:01:46.953+0800][44.581s][info][gc,start       ] GC(1732) Pause Young (Allocation Failure)
[2026-06-17T10:01:46.955+0800][44.583s][info][gc,heap        ] GC(1732) PSYoungGen: 14295K(14336K)->3612K(14336K) Eden: 7167K(7168K)->0K(7168K) From: 7128K(7168K)->3612K(7168K)
[2026-06-17T10:01:46.955+0800][44.583s][info][gc,heap        ] GC(1732) ParOldGen: 25570K(44032K)->29251K(44032K)
[2026-06-17T10:01:46.956+0800][44.584s][info][gc,metaspace   ] GC(1732) Metaspace: 113K(320K)->113K(320K) NonClass: 106K(192K)->106K(192K) Class: 7K(128K)->7K(128K)
[2026-06-17T10:01:46.956+0800][44.584s][info][gc             ] GC(1732) Pause Young (Allocation Failure) 38M->32M(57M) 3.031ms
[2026-06-17T10:01:46.957+0800][44.584s][info][gc,cpu         ] GC(1732) User=0.00s Sys=0.00s Real=0.00s
[2026-06-17T10:01:46.978+0800][44.606s][info][gc,start       ] GC(1733) Pause Young (Allocation Failure)
[2026-06-17T10:01:46.980+0800][44.608s][info][gc,heap        ] GC(1733) PSYoungGen: 10762K(14336K)->1721K(14336K) Eden: 7150K(7168K)->0K(7168K) From: 3612K(7168K)->1721K(7168K)
[2026-06-17T10:01:46.981+0800][44.609s][info][gc,heap        ] GC(1733) ParOldGen: 29251K(44032K)->31076K(44032K)
[2026-06-17T10:01:46.982+0800][44.610s][info][gc,metaspace   ] GC(1733) Metaspace: 113K(320K)->113K(320K) NonClass: 106K(192K)->106K(192K) Class: 7K(128K)->7K(128K)
[2026-06-17T10:01:46.983+0800][44.610s][info][gc             ] GC(1733) Pause Young (Allocation Failure) 39M->32M(57M) 4.422ms
[2026-06-17T10:01:46.983+0800][44.611s][info][gc,cpu         ] GC(1733) User=0.00s Sys=0.00s Real=0.01s
[2026-06-17T10:01:46.995+0800][44.623s][info][gc,start       ] GC(1734) Pause Young (Allocation Failure)
[2026-06-17T10:01:46.997+0800][44.625s][info][gc,heap        ] GC(1734) PSYoungGen: 8827K(14336K)->3703K(14336K) Eden: 7106K(7168K)->0K(7168K) From: 1721K(7168K)->3703K(7168K)
[2026-06-17T10:01:46.998+0800][44.626s][info][gc,heap        ] GC(1734) ParOldGen: 31076K(44032K)->32555K(44032K)
[2026-06-17T10:01:46.999+0800][44.626s][info][gc,metaspace   ] GC(1734) Metaspace: 113K(320K)->113K(320K) NonClass: 106K(192K)->106K(192K) Class: 7K(128K)->7K(128K)
[2026-06-17T10:01:46.999+0800][44.627s][info][gc             ] GC(1734) Pause Young (Allocation Failure) 38M->35M(57M) 3.956ms
[2026-06-17T10:01:47.000+0800][44.628s][info][gc,cpu         ] GC(1734) User=0.00s Sys=0.00s Real=0.00s
[2026-06-17T10:01:47.022+0800][44.649s][info][gc,start       ] GC(1735) Pause Young (Allocation Failure)
[2026-06-17T10:01:47.024+0800][44.651s][info][gc,heap        ] GC(1735) PSYoungGen: 10845K(14336K)->1833K(14336K) Eden: 7141K(7168K)->0K(7168K) From: 3703K(7168K)->1833K(7168K)
[2026-06-17T10:01:47.024+0800][44.652s][info][gc,heap        ] GC(1735) ParOldGen: 32555K(44032K)->34241K(44032K)
[2026-06-17T10:01:47.025+0800][44.653s][info][gc,metaspace   ] GC(1735) Metaspace: 113K(320K)->113K(320K) NonClass: 106K(192K)->106K(192K) Class: 7K(128K)->7K(128K)
[2026-06-17T10:01:47.026+0800][44.654s][info][gc             ] GC(1735) Pause Young (Allocation Failure) 42M->35M(57M) 4.336ms
[2026-06-17T10:01:47.027+0800][44.654s][info][gc,cpu         ] GC(1735) User=0.00s Sys=0.00s Real=0.01s
[2026-06-17T10:01:47.049+0800][44.677s][info][gc,start       ] GC(1736) Pause Young (Allocation Failure)
[2026-06-17T10:01:47.051+0800][44.679s][info][gc,heap        ] GC(1736) PSYoungGen: 8998K(14336K)->2139K(14336K) Eden: 7164K(7168K)->0K(7168K) From: 1833K(7168K)->2139K(7168K)
[2026-06-17T10:01:47.052+0800][44.680s][info][gc,heap        ] GC(1736) ParOldGen: 34241K(44032K)->34241K(44032K)
[2026-06-17T10:01:47.053+0800][44.681s][info][gc,metaspace   ] GC(1736) Metaspace: 113K(320K)->113K(320K) NonClass: 106K(192K)->106K(192K) Class: 7K(128K)->7K(128K)
[2026-06-17T10:01:47.054+0800][44.682s][info][gc             ] GC(1736) Pause Young (Allocation Failure) 42M->35M(57M) 4.633ms
[2026-06-17T10:01:47.055+0800][44.682s][info][gc,cpu         ] GC(1736) User=0.00s Sys=0.00s Real=0.01s
[2026-06-17T10:01:47.067+0800][44.695s][info][gc,start       ] GC(1737) Pause Young (Allocation Failure)
[2026-06-17T10:01:47.069+0800][44.697s][info][gc,heap        ] GC(1737) PSYoungGen: 9016K(14336K)->181K(14336K) Eden: 6877K(7168K)->0K(7168K) From: 2139K(7168K)->181K(7168K)
[2026-06-17T10:01:47.070+0800][44.697s][info][gc,heap        ] GC(1737) ParOldGen: 34241K(44032K)->35941K(44032K)
[2026-06-17T10:01:47.071+0800][44.698s][info][gc,metaspace   ] GC(1737) Metaspace: 113K(320K)->113K(320K) NonClass: 106K(192K)->106K(192K) Class: 7K(128K)->7K(128K)
[2026-06-17T10:01:47.071+0800][44.699s][info][gc             ] GC(1737) Pause Young (Allocation Failure) 42M->35M(57M) 4.545ms
[2026-06-17T10:01:47.072+0800][44.700s][info][gc,cpu         ] GC(1737) User=0.01s Sys=0.00s Real=0.01s
[2026-06-17T10:01:47.095+0800][44.723s][info][gc,start       ] GC(1738) Pause Young (Allocation Failure)
[2026-06-17T10:01:47.096+0800][44.724s][info][gc,heap        ] GC(1738) PSYoungGen: 7331K(14336K)->3588K(14336K) Eden: 7150K(7168K)->0K(7168K) From: 181K(7168K)->3588K(7168K)
[2026-06-17T10:01:47.097+0800][44.725s][info][gc,heap        ] GC(1738) ParOldGen: 35941K(44032K)->36098K(44032K)
[2026-06-17T10:01:47.098+0800][44.726s][info][gc,metaspace   ] GC(1738) Metaspace: 113K(320K)->113K(320K) NonClass: 106K(192K)->106K(192K) Class: 7K(128K)->7K(128K)
[2026-06-17T10:01:47.099+0800][44.727s][info][gc             ] GC(1738) Pause Young (Allocation Failure) 42M->38M(57M) 4.513ms
[2026-06-17T10:01:47.100+0800][44.728s][info][gc,cpu         ] GC(1738) User=0.00s Sys=0.00s Real=0.00s
[2026-06-17T10:01:47.122+0800][44.750s][info][gc,start       ] GC(1739) Pause Young (Allocation Failure)
[2026-06-17T10:01:47.125+0800][44.752s][info][gc,heap        ] GC(1739) PSYoungGen: 10744K(14336K)->2498K(14336K) Eden: 7156K(7168K)->0K(7168K) From: 3588K(7168K)->2498K(7168K)
[2026-06-17T10:01:47.125+0800][44.753s][info][gc,heap        ] GC(1739) ParOldGen: 36098K(44032K)->37803K(44032K)
[2026-06-17T10:01:47.126+0800][44.754s][info][gc,metaspace   ] GC(1739) Metaspace: 113K(320K)->113K(320K) NonClass: 106K(192K)->106K(192K) Class: 7K(128K)->7K(128K)
[2026-06-17T10:01:47.127+0800][44.755s][info][gc             ] GC(1739) Pause Young (Allocation Failure) 45M->39M(57M) 4.757ms
[2026-06-17T10:01:47.128+0800][44.756s][info][gc,cpu         ] GC(1739) User=0.00s Sys=0.00s Real=0.01s
[2026-06-17T10:01:47.150+0800][44.778s][info][gc,start       ] GC(1740) Pause Young (Allocation Failure)
[2026-06-17T10:01:47.153+0800][44.781s][info][gc,heap        ] GC(1740) PSYoungGen: 9648K(14336K)->1383K(14336K) Eden: 7150K(7168K)->0K(7168K) From: 2498K(7168K)->1383K(7168K)
[2026-06-17T10:01:47.154+0800][44.782s][info][gc,heap        ] GC(1740) ParOldGen: 37803K(44032K)->39535K(44032K)
[2026-06-17T10:01:47.155+0800][44.783s][info][gc,metaspace   ] GC(1740) Metaspace: 113K(320K)->113K(320K) NonClass: 106K(192K)->106K(192K) Class: 7K(128K)->7K(128K)
[2026-06-17T10:01:47.156+0800][44.784s][info][gc             ] GC(1740) Pause Young (Allocation Failure) 46M->39M(57M) 6.227ms
[2026-06-17T10:01:47.157+0800][44.785s][info][gc,cpu         ] GC(1740) User=0.00s Sys=0.00s Real=0.01s
[2026-06-17T10:01:47.169+0800][44.797s][info][gc,start       ] GC(1741) Pause Young (Allocation Failure)
[2026-06-17T10:01:47.171+0800][44.799s][info][gc,heap        ] GC(1741) PSYoungGen: 8518K(14336K)->4903K(14336K) Eden: 7135K(7168K)->0K(7168K) From: 1383K(7168K)->4903K(7168K)
[2026-06-17T10:01:47.172+0800][44.800s][info][gc,heap        ] GC(1741) ParOldGen: 39535K(44032K)->39535K(44032K)
[2026-06-17T10:01:47.173+0800][44.801s][info][gc,metaspace   ] GC(1741) Metaspace: 114K(320K)->114K(320K) NonClass: 106K(192K)->106K(192K) Class: 7K(128K)->7K(128K)
[2026-06-17T10:01:47.174+0800][44.802s][info][gc             ] GC(1741) Pause Young (Allocation Failure) 46M->43M(57M) 5.038ms
[2026-06-17T10:01:47.175+0800][44.803s][info][gc,cpu         ] GC(1741) User=0.01s Sys=0.00s Real=0.01s
[2026-06-17T10:01:47.197+0800][44.825s][info][gc,start       ] GC(1742) Pause Young (Allocation Failure)
[2026-06-17T10:01:47.199+0800][44.827s][info][gc,heap        ] GC(1742) PSYoungGen: 12003K(14336K)->32K(14336K) Eden: 7100K(7168K)->0K(7168K) From: 4903K(7168K)->32K(7168K)
[2026-06-17T10:01:47.200+0800][44.827s][info][gc,heap        ] GC(1742) ParOldGen: 39535K(44032K)->41132K(44032K)
[2026-06-17T10:01:47.201+0800][44.828s][info][gc,metaspace   ] GC(1742) Metaspace: 114K(320K)->114K(320K) NonClass: 106K(192K)->106K(192K) Class: 7K(128K)->7K(128K)
[2026-06-17T10:01:47.201+0800][44.829s][info][gc             ] GC(1742) Pause Young (Allocation Failure) 50M->40M(57M) 4.113ms
[2026-06-17T10:01:47.202+0800][44.830s][info][gc,cpu         ] GC(1742) User=0.00s Sys=0.00s Real=0.00s
[2026-06-17T10:01:47.224+0800][44.851s][info][gc,start       ] GC(1743) Pause Full (Ergonomics)
[2026-06-17T10:01:47.225+0800][44.852s][info][gc,phases,start] GC(1743) Marking Phase
[2026-06-17T10:01:47.228+0800][44.855s][info][gc,phases      ] GC(1743) Marking Phase 2.901ms
[2026-06-17T10:01:47.228+0800][44.856s][info][gc,phases,start] GC(1743) Summary Phase
[2026-06-17T10:01:47.229+0800][44.857s][info][gc,phases      ] GC(1743) Summary Phase 0.811ms
[2026-06-17T10:01:47.230+0800][44.858s][info][gc,phases,start] GC(1743) Adjust Roots
[2026-06-17T10:01:47.231+0800][44.859s][info][gc,phases      ] GC(1743) Adjust Roots 1.179ms
[2026-06-17T10:01:47.232+0800][44.860s][info][gc,phases,start] GC(1743) Compaction Phase
[2026-06-17T10:01:47.235+0800][44.863s][info][gc,phases      ] GC(1743) Compaction Phase 2.465ms
[2026-06-17T10:01:47.236+0800][44.863s][info][gc,phases,start] GC(1743) Post Compact
[2026-06-17T10:01:47.236+0800][44.864s][info][gc,phases      ] GC(1743) Post Compact 0.534ms
[2026-06-17T10:01:47.237+0800][44.865s][info][gc,heap        ] GC(1743) PSYoungGen: 7181K(14336K)->0K(14336K) Eden: 7149K(7168K)->0K(7168K) From: 32K(7168K)->0K(7168K)
[2026-06-17T10:01:47.238+0800][44.865s][info][gc,heap        ] GC(1743) ParOldGen: 41132K(44032K)->23300K(44032K)
[2026-06-17T10:01:47.239+0800][44.866s][info][gc,metaspace   ] GC(1743) Metaspace: 114K(320K)->114K(320K) NonClass: 106K(192K)->106K(192K) Class: 7K(128K)->7K(128K)
[2026-06-17T10:01:47.239+0800][44.867s][info][gc             ] GC(1743) Pause Full (Ergonomics) 47M->22M(57M) 15.434ms
[2026-06-17T10:01:47.240+0800][44.867s][info][gc,cpu         ] GC(1743) User=0.01s Sys=0.00s Real=0.01s
[2026-06-17T10:01:47.252+0800][44.879s][info][gc,start       ] GC(1744) Pause Young (Allocation Failure)
[2026-06-17T10:01:47.253+0800][44.881s][info][gc,heap        ] GC(1744) PSYoungGen: 7098K(14336K)->3606K(14336K) Eden: 7098K(7168K)->0K(7168K) From: 0K(7168K)->3606K(7168K)
[2026-06-17T10:01:47.254+0800][44.882s][info][gc,heap        ] GC(1744) ParOldGen: 23300K(44032K)->23300K(44032K)
[2026-06-17T10:01:47.255+0800][44.883s][info][gc,metaspace   ] GC(1744) Metaspace: 114K(320K)->114K(320K) NonClass: 106K(192K)->106K(192K) Class: 7K(128K)->7K(128K)
[2026-06-17T10:01:47.256+0800][44.884s][info][gc             ] GC(1744) Pause Young (Allocation Failure) 29M->26M(57M) 4.667ms
[2026-06-17T10:01:47.257+0800][44.885s][info][gc,cpu         ] GC(1744) User=0.00s Sys=0.00s Real=0.00s
[2026-06-17T10:01:47.280+0800][44.908s][info][gc,start       ] GC(1745) Pause Young (Allocation Failure)
[2026-06-17T10:01:47.282+0800][44.910s][info][gc,heap        ] GC(1745) PSYoungGen: 10772K(14336K)->3701K(14336K) Eden: 7166K(7168K)->0K(7168K) From: 3606K(7168K)->3701K(7168K)
[2026-06-17T10:01:47.283+0800][44.911s][info][gc,heap        ] GC(1745) ParOldGen: 23300K(44032K)->26878K(44032K)
[2026-06-17T10:01:47.284+0800][44.912s][info][gc,metaspace   ] GC(1745) Metaspace: 114K(320K)->114K(320K) NonClass: 106K(192K)->106K(192K) Class: 7K(128K)->7K(128K)
[2026-06-17T10:01:47.285+0800][44.913s][info][gc             ] GC(1745) Pause Young (Allocation Failure) 33M->29M(57M) 4.923ms
[2026-06-17T10:01:47.286+0800][44.914s][info][gc,cpu         ] GC(1745) User=0.00s Sys=0.00s Real=0.01s
[2026-06-17T10:01:47.308+0800][44.936s][info][gc,start       ] GC(1746) Pause Young (Allocation Failure)
[2026-06-17T10:01:47.310+0800][44.938s][info][gc,heap        ] GC(1746) PSYoungGen: 10853K(14336K)->2390K(14336K) Eden: 7151K(7168K)->0K(7168K) From: 3701K(7168K)->2390K(7168K)
[2026-06-17T10:01:47.311+0800][44.939s][info][gc,heap        ] GC(1746) ParOldGen: 26878K(44032K)->28164K(44032K)
[2026-06-17T10:01:47.311+0800][44.939s][info][gc,metaspace   ] GC(1746) Metaspace: 114K(320K)->114K(320K) NonClass: 106K(192K)->106K(192K) Class: 7K(128K)->7K(128K)
[2026-06-17T10:01:47.312+0800][44.940s][info][gc             ] GC(1746) Pause Young (Allocation Failure) 36M->29M(57M) 3.789ms
[2026-06-17T10:01:47.313+0800][44.941s][info][gc,cpu         ] GC(1746) User=0.01s Sys=0.00s Real=0.01s
[2026-06-17T10:01:47.335+0800][44.963s][info][gc,start       ] GC(1747) Pause Young (Allocation Failure)
[2026-06-17T10:01:47.336+0800][44.964s][info][gc,heap        ] GC(1747) PSYoungGen: 9526K(14336K)->158K(13824K) Eden: 7136K(7168K)->0K(7168K) From: 2390K(7168K)->158K(6656K)
[2026-06-17T10:01:47.337+0800][44.964s][info][gc,heap        ] GC(1747) ParOldGen: 28164K(44032K)->30324K(44032K)
[2026-06-17T10:01:47.337+0800][44.965s][info][gc,metaspace   ] GC(1747) Metaspace: 114K(320K)->114K(320K) NonClass: 106K(192K)->106K(192K) Class: 7K(128K)->7K(128K)
[2026-06-17T10:01:47.338+0800][44.965s][info][gc             ] GC(1747) Pause Young (Allocation Failure) 36M->29M(56M) 2.563ms
[2026-06-17T10:01:47.338+0800][44.966s][info][gc,cpu         ] GC(1747) User=0.00s Sys=0.00s Real=0.00s
[2026-06-17T10:01:47.349+0800][44.977s][info][gc,start       ] GC(1748) Pause Young (Allocation Failure)
[2026-06-17T10:01:47.350+0800][44.978s][info][gc,heap        ] GC(1748) PSYoungGen: 7319K(13824K)->3628K(14336K) Eden: 7161K(7168K)->0K(7168K) From: 158K(6656K)->3628K(7168K)
[2026-06-17T10:01:47.354+0800][44.982s][info][gc,heap        ] GC(1748) ParOldGen: 30324K(44032K)->30324K(44032K)
[2026-06-17T10:01:47.354+0800][44.982s][info][gc,metaspace   ] GC(1748) Metaspace: 114K(320K)->114K(320K) NonClass: 106K(192K)->106K(192K) Class: 7K(128K)->7K(128K)
[2026-06-17T10:01:47.355+0800][44.983s][info][gc             ] GC(1748) Pause Young (Allocation Failure) 36M->33M(57M) 5.731ms
[2026-06-17T10:01:47.355+0800][44.983s][info][gc,cpu         ] GC(1748) User=0.00s Sys=0.00s Real=0.01s
[2026-06-17T10:01:47.377+0800][45.005s][info][gc,start       ] GC(1749) Pause Young (Allocation Failure)
[2026-06-17T10:01:47.379+0800][45.006s][info][gc,heap        ] GC(1749) PSYoungGen: 10770K(14336K)->3361K(14848K) Eden: 7142K(7168K)->0K(7680K) From: 3628K(7168K)->3361K(7168K)
[2026-06-17T10:01:47.379+0800][45.007s][info][gc,heap        ] GC(1749) ParOldGen: 30324K(44032K)->30324K(44032K)
[2026-06-17T10:01:47.380+0800][45.007s][info][gc,metaspace   ] GC(1749) Metaspace: 114K(320K)->114K(320K) NonClass: 106K(192K)->106K(192K) Class: 7K(128K)->7K(128K)
[2026-06-17T10:01:47.380+0800][45.008s][info][gc             ] GC(1749) Pause Young (Allocation Failure) 40M->32M(57M) 2.943ms
[2026-06-17T10:01:47.381+0800][45.008s][info][gc,cpu         ] GC(1749) User=0.00s Sys=0.00s Real=0.00s
[2026-06-17T10:01:47.392+0800][45.020s][info][gc,start       ] GC(1750) Pause Young (Allocation Failure)
[2026-06-17T10:01:47.394+0800][45.022s][info][gc,heap        ] GC(1750) PSYoungGen: 11014K(14848K)->6599K(14336K) Eden: 7653K(7680K)->0K(7680K) From: 3361K(7168K)->6599K(6656K)
[2026-06-17T10:01:47.395+0800][45.023s][info][gc,heap        ] GC(1750) ParOldGen: 30324K(44032K)->31255K(44032K)
[2026-06-17T10:01:47.396+0800][45.023s][info][gc,metaspace   ] GC(1750) Metaspace: 114K(320K)->114K(320K) NonClass: 106K(192K)->106K(192K) Class: 7K(128K)->7K(128K)
[2026-06-17T10:01:47.397+0800][45.024s][info][gc             ] GC(1750) Pause Young (Allocation Failure) 40M->36M(57M) 4.448ms
[2026-06-17T10:01:47.397+0800][45.025s][info][gc,cpu         ] GC(1750) User=0.01s Sys=0.00s Real=0.00s
[2026-06-17T10:01:47.420+0800][45.048s][info][gc,start       ] GC(1751) Pause Young (Allocation Failure)
[2026-06-17T10:01:47.421+0800][45.049s][info][gc,heap        ] GC(1751) PSYoungGen: 14163K(14336K)->2304K(14336K) Eden: 7564K(7680K)->0K(7168K) From: 6599K(6656K)->2304K(7168K)
[2026-06-17T10:01:47.422+0800][45.049s][info][gc,heap        ] GC(1751) ParOldGen: 31255K(44032K)->32534K(44032K)
[2026-06-17T10:01:47.422+0800][45.050s][info][gc,metaspace   ] GC(1751) Metaspace: 114K(320K)->114K(320K) NonClass: 106K(192K)->106K(192K) Class: 7K(128K)->7K(128K)
[2026-06-17T10:01:47.423+0800][45.050s][info][gc             ] GC(1751) Pause Young (Allocation Failure) 44M->34M(57M) 2.739ms
[2026-06-17T10:01:47.423+0800][45.051s][info][gc,cpu         ] GC(1751) User=0.00s Sys=0.00s Real=0.01s
[2026-06-17T10:01:47.445+0800][45.073s][info][gc,start       ] GC(1752) Pause Young (Allocation Failure)
[2026-06-17T10:01:47.447+0800][45.074s][info][gc,heap        ] GC(1752) PSYoungGen: 9465K(14336K)->3906K(14336K) Eden: 7161K(7168K)->0K(7168K) From: 2304K(7168K)->3906K(7168K)
[2026-06-17T10:01:47.447+0800][45.075s][info][gc,heap        ] GC(1752) ParOldGen: 32534K(44032K)->34814K(44032K)
[2026-06-17T10:01:47.448+0800][45.076s][info][gc,metaspace   ] GC(1752) Metaspace: 114K(320K)->114K(320K) NonClass: 106K(192K)->106K(192K) Class: 7K(128K)->7K(128K)
[2026-06-17T10:01:47.449+0800][45.076s][info][gc             ] GC(1752) Pause Young (Allocation Failure) 41M->37M(57M) 3.739ms
[2026-06-17T10:01:47.449+0800][45.077s][info][gc,cpu         ] GC(1752) User=0.00s Sys=0.00s Real=0.00s
[2026-06-17T10:01:47.461+0800][45.089s][info][gc,start       ] GC(1753) Pause Young (Allocation Failure)
[2026-06-17T10:01:47.464+0800][45.092s][info][gc,heap        ] GC(1753) PSYoungGen: 10730K(14336K)->1646K(14336K) Eden: 6824K(7168K)->0K(7168K) From: 3906K(7168K)->1646K(7168K)
[2026-06-17T10:01:47.465+0800][45.093s][info][gc,heap        ] GC(1753) ParOldGen: 34814K(44032K)->36979K(44032K)
[2026-06-17T10:01:47.465+0800][45.093s][info][gc,metaspace   ] GC(1753) Metaspace: 114K(320K)->114K(320K) NonClass: 106K(192K)->106K(192K) Class: 7K(128K)->7K(128K)
[2026-06-17T10:01:47.466+0800][45.094s][info][gc             ] GC(1753) Pause Young (Allocation Failure) 44M->37M(57M) 5.011ms
[2026-06-17T10:01:47.467+0800][45.094s][info][gc,cpu         ] GC(1753) User=0.00s Sys=0.00s Real=0.01s
[2026-06-17T10:01:47.488+0800][45.116s][info][gc,start       ] GC(1754) Pause Young (Allocation Failure)
[2026-06-17T10:01:47.489+0800][45.117s][info][gc,heap        ] GC(1754) PSYoungGen: 8786K(14336K)->3671K(14336K) Eden: 7140K(7168K)->0K(7168K) From: 1646K(7168K)->3671K(7168K)
[2026-06-17T10:01:47.489+0800][45.117s][info][gc,heap        ] GC(1754) ParOldGen: 36979K(44032K)->38601K(44032K)
[2026-06-17T10:01:47.490+0800][45.118s][info][gc,metaspace   ] GC(1754) Metaspace: 114K(320K)->114K(320K) NonClass: 106K(192K)->106K(192K) Class: 7K(128K)->7K(128K)
[2026-06-17T10:01:47.490+0800][45.118s][info][gc             ] GC(1754) Pause Young (Allocation Failure) 44M->41M(57M) 2.227ms
[2026-06-17T10:01:47.490+0800][45.118s][info][gc,cpu         ] GC(1754) User=0.00s Sys=0.00s Real=0.00s
[2026-06-17T10:01:47.512+0800][45.139s][info][gc,start       ] GC(1755) Pause Young (Allocation Failure)
[2026-06-17T10:01:47.513+0800][45.140s][info][gc,heap        ] GC(1755) PSYoungGen: 10832K(14336K)->2265K(14848K) Eden: 7161K(7168K)->0K(7680K) From: 3671K(7168K)->2265K(7168K)
[2026-06-17T10:01:47.513+0800][45.141s][info][gc,heap        ] GC(1755) ParOldGen: 38601K(44032K)->40130K(44032K)
[2026-06-17T10:01:47.513+0800][45.141s][info][gc,metaspace   ] GC(1755) Metaspace: 114K(320K)->114K(320K) NonClass: 106K(192K)->106K(192K) Class: 7K(128K)->7K(128K)
[2026-06-17T10:01:47.514+0800][45.141s][info][gc             ] GC(1755) Pause Young (Allocation Failure) 48M->41M(57M) 1.872ms
[2026-06-17T10:01:47.514+0800][45.142s][info][gc,cpu         ] GC(1755) User=0.01s Sys=0.00s Real=0.00s
[2026-06-17T10:01:47.536+0800][45.164s][info][gc,start       ] GC(1756) Pause Young (Allocation Failure)
[2026-06-17T10:01:47.537+0800][45.165s][info][gc,heap        ] GC(1756) PSYoungGen: 9936K(14848K)->2770K(14336K) Eden: 7671K(7680K)->0K(7680K) From: 2265K(7168K)->2770K(6656K)
[2026-06-17T10:01:47.537+0800][45.165s][info][gc,heap        ] GC(1756) ParOldGen: 40130K(44032K)->40130K(44032K)
[2026-06-17T10:01:47.538+0800][45.165s][info][gc,metaspace   ] GC(1756) Metaspace: 114K(320K)->114K(320K) NonClass: 106K(192K)->106K(192K) Class: 7K(128K)->7K(128K)
[2026-06-17T10:01:47.538+0800][45.166s][info][gc             ] GC(1756) Pause Young (Allocation Failure) 48M->41M(57M) 2.214ms
[2026-06-17T10:01:47.539+0800][45.166s][info][gc,cpu         ] GC(1756) User=0.00s Sys=0.00s Real=0.00s
[2026-06-17T10:01:47.550+0800][45.177s][info][gc,start       ] GC(1757) Pause Young (Allocation Failure)
[2026-06-17T10:01:47.551+0800][45.179s][info][gc,heap        ] GC(1757) PSYoungGen: 10430K(14336K)->6603K(13824K) Eden: 7660K(7680K)->0K(7168K) From: 2770K(6656K)->6603K(6656K)
[2026-06-17T10:01:47.551+0800][45.179s][info][gc,heap        ] GC(1757) ParOldGen: 40130K(44032K)->40367K(44032K)
[2026-06-17T10:01:47.551+0800][45.179s][info][gc,metaspace   ] GC(1757) Metaspace: 114K(320K)->114K(320K) NonClass: 106K(192K)->106K(192K) Class: 7K(128K)->7K(128K)
[2026-06-17T10:01:47.552+0800][45.179s][info][gc             ] GC(1757) Pause Young (Allocation Failure) 49M->45M(56M) 1.797ms
[2026-06-17T10:01:47.552+0800][45.179s][info][gc,cpu         ] GC(1757) User=0.00s Sys=0.00s Real=0.01s
[2026-06-17T10:01:47.573+0800][45.201s][info][gc,start       ] GC(1758) Pause Young (Allocation Failure)
[2026-06-17T10:01:47.574+0800][45.202s][info][gc,heap        ] GC(1758) PSYoungGen: 13753K(13824K)->5202K(14336K) Eden: 7150K(7168K)->0K(7168K) From: 6603K(6656K)->5202K(7168K)
[2026-06-17T10:01:47.575+0800][45.202s][info][gc,heap        ] GC(1758) ParOldGen: 40367K(44032K)->42145K(44032K)
[2026-06-17T10:01:47.575+0800][45.203s][info][gc,metaspace   ] GC(1758) Metaspace: 114K(320K)->114K(320K) NonClass: 106K(192K)->106K(192K) Class: 7K(128K)->7K(128K)
[2026-06-17T10:01:47.575+0800][45.203s][info][gc             ] GC(1758) Pause Young (Allocation Failure) 52M->46M(57M) 2.486ms
[2026-06-17T10:01:47.576+0800][45.203s][info][gc,cpu         ] GC(1758) User=0.00s Sys=0.00s Real=0.00s
[2026-06-17T10:01:47.597+0800][45.225s][info][gc,start       ] GC(1759) Pause Full (Ergonomics)
[2026-06-17T10:01:47.598+0800][45.225s][info][gc,phases,start] GC(1759) Marking Phase
[2026-06-17T10:01:47.599+0800][45.227s][info][gc,phases      ] GC(1759) Marking Phase 1.515ms
[2026-06-17T10:01:47.600+0800][45.227s][info][gc,phases,start] GC(1759) Summary Phase
[2026-06-17T10:01:47.600+0800][45.228s][info][gc,phases      ] GC(1759) Summary Phase 0.552ms
[2026-06-17T10:01:47.601+0800][45.229s][info][gc,phases,start] GC(1759) Adjust Roots
[2026-06-17T10:01:47.601+0800][45.229s][info][gc,phases      ] GC(1759) Adjust Roots 0.655ms
[2026-06-17T10:01:47.602+0800][45.230s][info][gc,phases,start] GC(1759) Compaction Phase
[2026-06-17T10:01:47.604+0800][45.232s][info][gc,phases      ] GC(1759) Compaction Phase 1.900ms
[2026-06-17T10:01:47.604+0800][45.232s][info][gc,phases,start] GC(1759) Post Compact
[2026-06-17T10:01:47.605+0800][45.232s][info][gc,phases      ] GC(1759) Post Compact 0.410ms
[2026-06-17T10:01:47.605+0800][45.233s][info][gc,heap        ] GC(1759) PSYoungGen: 12343K(14336K)->0K(14336K) Eden: 7141K(7168K)->0K(7168K) From: 5202K(7168K)->0K(7168K)
[2026-06-17T10:01:47.605+0800][45.233s][info][gc,heap        ] GC(1759) ParOldGen: 42145K(44032K)->25517K(44032K)
[2026-06-17T10:01:47.606+0800][45.233s][info][gc,metaspace   ] GC(1759) Metaspace: 114K(320K)->114K(320K) NonClass: 106K(192K)->106K(192K) Class: 7K(128K)->7K(128K)
[2026-06-17T10:01:47.606+0800][45.233s][info][gc             ] GC(1759) Pause Full (Ergonomics) 53M->24M(57M) 8.790ms
[2026-06-17T10:01:47.606+0800][45.234s][info][gc,cpu         ] GC(1759) User=0.01s Sys=0.00s Real=0.01s
[2026-06-17T10:01:47.627+0800][45.255s][info][gc,start       ] GC(1760) Pause Young (Allocation Failure)
[2026-06-17T10:01:47.630+0800][45.258s][info][gc,heap        ] GC(1760) PSYoungGen: 7164K(14336K)->4036K(14336K) Eden: 7164K(7168K)->0K(7168K) From: 0K(7168K)->4036K(7168K)
[2026-06-17T10:01:47.631+0800][45.259s][info][gc,heap        ] GC(1760) ParOldGen: 25517K(44032K)->25517K(44032K)
[2026-06-17T10:01:47.632+0800][45.260s][info][gc,metaspace   ] GC(1760) Metaspace: 114K(320K)->114K(320K) NonClass: 106K(192K)->106K(192K) Class: 7K(128K)->7K(128K)
[2026-06-17T10:01:47.632+0800][45.260s][info][gc             ] GC(1760) Pause Young (Allocation Failure) 31M->28M(57M) 5.432ms
[2026-06-17T10:01:47.633+0800][45.261s][info][gc,cpu         ] GC(1760) User=0.00s Sys=0.00s Real=0.01s
[2026-06-17T10:01:47.655+0800][45.282s][info][gc,start       ] GC(1761) Pause Young (Allocation Failure)
[2026-06-17T10:01:47.657+0800][45.284s][info][gc,heap        ] GC(1761) PSYoungGen: 11178K(14336K)->639K(14336K) Eden: 7141K(7168K)->0K(7168K) From: 4036K(7168K)->639K(7168K)
[2026-06-17T10:01:47.657+0800][45.285s][info][gc,heap        ] GC(1761) ParOldGen: 25517K(44032K)->29083K(44032K)
[2026-06-17T10:01:47.657+0800][45.285s][info][gc,metaspace   ] GC(1761) Metaspace: 114K(320K)->114K(320K) NonClass: 106K(192K)->106K(192K) Class: 7K(128K)->7K(128K)
[2026-06-17T10:01:47.658+0800][45.285s][info][gc             ] GC(1761) Pause Young (Allocation Failure) 35M->29M(57M) 2.960ms
[2026-06-17T10:01:47.658+0800][45.285s][info][gc,cpu         ] GC(1761) User=0.00s Sys=0.00s Real=0.00s
[2026-06-17T10:01:47.669+0800][45.296s][info][gc,start       ] GC(1762) Pause Young (Allocation Failure)
[2026-06-17T10:01:47.671+0800][45.298s][info][gc,heap        ] GC(1762) PSYoungGen: 7800K(14336K)->4104K(14336K) Eden: 7161K(7168K)->0K(7168K) From: 639K(7168K)->4104K(7168K)
[2026-06-17T10:01:47.671+0800][45.299s][info][gc,heap        ] GC(1762) ParOldGen: 29083K(44032K)->29083K(44032K)
[2026-06-17T10:01:47.673+0800][45.301s][info][gc,metaspace   ] GC(1762) Metaspace: 114K(320K)->114K(320K) NonClass: 106K(192K)->106K(192K) Class: 7K(128K)->7K(128K)
[2026-06-17T10:01:47.675+0800][45.303s][info][gc             ] GC(1762) Pause Young (Allocation Failure) 36M->32M(57M) 6.803ms
[2026-06-17T10:01:47.676+0800][45.304s][info][gc,cpu         ] GC(1762) User=0.00s Sys=0.00s Real=0.01s
[2026-06-17T10:01:47.700+0800][45.328s][info][gc,start       ] GC(1763) Pause Young (Allocation Failure)
[2026-06-17T10:01:47.701+0800][45.329s][info][gc,heap        ] GC(1763) PSYoungGen: 11272K(14336K)->2477K(14336K) Eden: 7167K(7168K)->0K(7168K) From: 4104K(7168K)->2477K(7168K)
[2026-06-17T10:01:47.703+0800][45.330s][info][gc,heap        ] GC(1763) ParOldGen: 29083K(44032K)->30845K(44032K)
[2026-06-17T10:01:47.705+0800][45.332s][info][gc,metaspace   ] GC(1763) Metaspace: 114K(320K)->114K(320K) NonClass: 106K(192K)->106K(192K) Class: 7K(128K)->7K(128K)
[2026-06-17T10:01:47.706+0800][45.334s][info][gc             ] GC(1763) Pause Young (Allocation Failure) 39M->32M(57M) 5.975ms
[2026-06-17T10:01:47.707+0800][45.335s][info][gc,cpu         ] GC(1763) User=0.00s Sys=0.00s Real=0.01s
[2026-06-17T10:01:47.718+0800][45.346s][info][gc,start       ] GC(1764) Pause Young (Allocation Failure)
[2026-06-17T10:01:47.721+0800][45.349s][info][gc,heap        ] GC(1764) PSYoungGen: 9623K(14336K)->5960K(14336K) Eden: 7146K(7168K)->0K(7168K) From: 2477K(7168K)->5960K(7168K)
[2026-06-17T10:01:47.721+0800][45.349s][info][gc,heap        ] GC(1764) ParOldGen: 30845K(44032K)->30845K(44032K)
[2026-06-17T10:01:47.723+0800][45.351s][info][gc,metaspace   ] GC(1764) Metaspace: 114K(320K)->114K(320K) NonClass: 106K(192K)->106K(192K) Class: 7K(128K)->7K(128K)
[2026-06-17T10:01:47.724+0800][45.351s][info][gc             ] GC(1764) Pause Young (Allocation Failure) 39M->35M(57M) 5.207ms
[2026-06-17T10:01:47.725+0800][45.352s][info][gc,cpu         ] GC(1764) User=0.01s Sys=0.00s Real=0.01s
[2026-06-17T10:01:47.746+0800][45.373s][info][gc,start       ] GC(1765) Pause Young (Allocation Failure)
[2026-06-17T10:01:47.747+0800][45.374s][info][gc,heap        ] GC(1765) PSYoungGen: 13109K(14336K)->2426K(14336K) Eden: 7149K(7168K)->0K(7168K) From: 5960K(7168K)->2426K(7168K)
[2026-06-17T10:01:47.747+0800][45.375s][info][gc,heap        ] GC(1765) ParOldGen: 30845K(44032K)->34333K(44032K)
[2026-06-17T10:01:47.748+0800][45.375s][info][gc,metaspace   ] GC(1765) Metaspace: 114K(320K)->114K(320K) NonClass: 106K(192K)->106K(192K) Class: 7K(128K)->7K(128K)
[2026-06-17T10:01:47.748+0800][45.376s][info][gc             ] GC(1765) Pause Young (Allocation Failure) 42M->35M(57M) 2.505ms
[2026-06-17T10:01:47.749+0800][45.376s][info][gc,cpu         ] GC(1765) User=0.00s Sys=0.00s Real=0.00s
[2026-06-17T10:01:47.770+0800][45.398s][info][gc,start       ] GC(1766) Pause Young (Allocation Failure)
[2026-06-17T10:01:47.771+0800][45.399s][info][gc,heap        ] GC(1766) PSYoungGen: 9549K(14336K)->2592K(14336K) Eden: 7122K(7168K)->0K(7168K) From: 2426K(7168K)->2592K(7168K)
[2026-06-17T10:01:47.771+0800][45.399s][info][gc,heap        ] GC(1766) ParOldGen: 34333K(44032K)->34333K(44032K)
[2026-06-17T10:01:47.771+0800][45.399s][info][gc,metaspace   ] GC(1766) Metaspace: 114K(320K)->114K(320K) NonClass: 106K(192K)->106K(192K) Class: 7K(128K)->7K(128K)
[2026-06-17T10:01:47.772+0800][45.399s][info][gc             ] GC(1766) Pause Young (Allocation Failure) 42M->36M(57M) 1.686ms
[2026-06-17T10:01:47.772+0800][45.400s][info][gc,cpu         ] GC(1766) User=0.00s Sys=0.00s Real=0.01s
[2026-06-17T10:01:47.783+0800][45.411s][info][gc,start       ] GC(1767) Pause Young (Allocation Failure)
[2026-06-17T10:01:47.784+0800][45.412s][info][gc,heap        ] GC(1767) PSYoungGen: 9739K(14336K)->711K(14336K) Eden: 7146K(7168K)->0K(7168K) From: 2592K(7168K)->711K(7168K)
[2026-06-17T10:01:47.784+0800][45.412s][info][gc,heap        ] GC(1767) ParOldGen: 34333K(44032K)->36384K(44032K)
[2026-06-17T10:01:47.784+0800][45.412s][info][gc,metaspace   ] GC(1767) Metaspace: 114K(320K)->114K(320K) NonClass: 106K(192K)->106K(192K) Class: 7K(128K)->7K(128K)
[2026-06-17T10:01:47.785+0800][45.413s][info][gc             ] GC(1767) Pause Young (Allocation Failure) 43M->36M(57M) 2.073ms
[2026-06-17T10:01:47.786+0800][45.413s][info][gc,cpu         ] GC(1767) User=0.00s Sys=0.00s Real=0.00s
[2026-06-17T10:01:47.807+0800][45.435s][info][gc,start       ] GC(1768) Pause Young (Allocation Failure)
[2026-06-17T10:01:47.808+0800][45.436s][info][gc,heap        ] GC(1768) PSYoungGen: 7860K(14336K)->3800K(14336K) Eden: 7149K(7168K)->0K(7168K) From: 711K(7168K)->3800K(7168K)
[2026-06-17T10:01:47.808+0800][45.436s][info][gc,heap        ] GC(1768) ParOldGen: 36384K(44032K)->37071K(44032K)
[2026-06-17T10:01:47.809+0800][45.437s][info][gc,metaspace   ] GC(1768) Metaspace: 114K(320K)->114K(320K) NonClass: 106K(192K)->106K(192K) Class: 7K(128K)->7K(128K)
[2026-06-17T10:01:47.810+0800][45.437s][info][gc             ] GC(1768) Pause Young (Allocation Failure) 43M->39M(57M) 2.764ms
[2026-06-17T10:01:47.810+0800][45.438s][info][gc,cpu         ] GC(1768) User=0.00s Sys=0.00s Real=0.00s
[2026-06-17T10:01:47.832+0800][45.459s][info][gc,start       ] GC(1769) Pause Young (Allocation Failure)
[2026-06-17T10:01:47.833+0800][45.461s][info][gc,heap        ] GC(1769) PSYoungGen: 10966K(14336K)->4036K(14336K) Eden: 7165K(7168K)->0K(7168K) From: 3800K(7168K)->4036K(7168K)
[2026-06-17T10:01:47.834+0800][45.462s][info][gc,heap        ] GC(1769) ParOldGen: 37071K(44032K)->37071K(44032K)
[2026-06-17T10:01:47.834+0800][45.462s][info][gc,metaspace   ] GC(1769) Metaspace: 114K(320K)->114K(320K) NonClass: 106K(192K)->106K(192K) Class: 7K(128K)->7K(128K)
[2026-06-17T10:01:47.835+0800][45.463s][info][gc             ] GC(1769) Pause Young (Allocation Failure) 46M->40M(57M) 3.477ms
[2026-06-17T10:01:47.836+0800][45.463s][info][gc,cpu         ] GC(1769) User=0.00s Sys=0.00s Real=0.00s
[2026-06-17T10:01:47.858+0800][45.485s][info][gc,start       ] GC(1770) Pause Young (Allocation Failure)
[2026-06-17T10:01:47.859+0800][45.487s][info][gc,heap        ] GC(1770) PSYoungGen: 11166K(14336K)->4559K(14336K) Eden: 7130K(7168K)->0K(7168K) From: 4036K(7168K)->4559K(7168K)
[2026-06-17T10:01:47.859+0800][45.487s][info][gc,heap        ] GC(1770) ParOldGen: 37071K(44032K)->37071K(44032K)
[2026-06-17T10:01:47.860+0800][45.488s][info][gc,metaspace   ] GC(1770) Metaspace: 114K(320K)->114K(320K) NonClass: 106K(192K)->106K(192K) Class: 7K(128K)->7K(128K)
[2026-06-17T10:01:47.860+0800][45.488s][info][gc             ] GC(1770) Pause Young (Allocation Failure) 47M->40M(57M) 2.892ms
[2026-06-17T10:01:47.861+0800][45.489s][info][gc,cpu         ] GC(1770) User=0.00s Sys=0.00s Real=0.00s
[2026-06-17T10:01:47.872+0800][45.500s][info][gc,start       ] GC(1771) Pause Young (Allocation Failure)
[2026-06-17T10:01:47.874+0800][45.502s][info][gc,heap        ] GC(1771) PSYoungGen: 11708K(14336K)->4851K(14336K) Eden: 7148K(7168K)->0K(7168K) From: 4559K(7168K)->4851K(7168K)
[2026-06-17T10:01:47.875+0800][45.502s][info][gc,heap        ] GC(1771) ParOldGen: 37071K(44032K)->40319K(44032K)
[2026-06-17T10:01:47.875+0800][45.503s][info][gc,metaspace   ] GC(1771) Metaspace: 114K(320K)->114K(320K) NonClass: 106K(192K)->106K(192K) Class: 7K(128K)->7K(128K)
[2026-06-17T10:01:47.876+0800][45.504s][info][gc             ] GC(1771) Pause Young (Allocation Failure) 47M->44M(57M) 3.442ms
[2026-06-17T10:01:47.876+0800][45.504s][info][gc,cpu         ] GC(1771) User=0.00s Sys=0.00s Real=0.00s
[2026-06-17T10:01:47.898+0800][45.525s][info][gc,start       ] GC(1772) Pause Full (Ergonomics)
[2026-06-17T10:01:47.899+0800][45.527s][info][gc,phases,start] GC(1772) Marking Phase
[2026-06-17T10:01:47.901+0800][45.528s][info][gc,phases      ] GC(1772) Marking Phase 1.359ms
[2026-06-17T10:01:47.903+0800][45.531s][info][gc,phases,start] GC(1772) Summary Phase
[2026-06-17T10:01:47.903+0800][45.531s][info][gc,phases      ] GC(1772) Summary Phase 0.389ms
[2026-06-17T10:01:47.904+0800][45.532s][info][gc,phases,start] GC(1772) Adjust Roots
[2026-06-17T10:01:47.904+0800][45.532s][info][gc,phases      ] GC(1772) Adjust Roots 0.376ms
[2026-06-17T10:01:47.905+0800][45.533s][info][gc,phases,start] GC(1772) Compaction Phase
[2026-06-17T10:01:47.907+0800][45.534s][info][gc,phases      ] GC(1772) Compaction Phase 1.916ms
[2026-06-17T10:01:47.907+0800][45.535s][info][gc,phases,start] GC(1772) Post Compact
[2026-06-17T10:01:47.908+0800][45.535s][info][gc,phases      ] GC(1772) Post Compact 0.502ms
[2026-06-17T10:01:47.908+0800][45.536s][info][gc,heap        ] GC(1772) PSYoungGen: 12007K(14336K)->0K(14336K) Eden: 7156K(7168K)->0K(7168K) From: 4851K(7168K)->0K(7168K)
[2026-06-17T10:01:47.909+0800][45.536s][info][gc,heap        ] GC(1772) ParOldGen: 40319K(44032K)->31384K(44032K)
[2026-06-17T10:01:47.909+0800][45.537s][info][gc,metaspace   ] GC(1772) Metaspace: 114K(320K)->114K(320K) NonClass: 106K(192K)->106K(192K) Class: 7K(128K)->7K(128K)
[2026-06-17T10:01:47.910+0800][45.538s][info][gc             ] GC(1772) Pause Full (Ergonomics) 51M->30M(57M) 12.486ms
[2026-06-17T10:01:47.910+0800][45.538s][info][gc,cpu         ] GC(1772) User=0.00s Sys=0.00s Real=0.01s
[2026-06-17T10:01:47.922+0800][45.549s][info][gc,start       ] GC(1773) Pause Young (Allocation Failure)
[2026-06-17T10:01:47.923+0800][45.550s][info][gc,heap        ] GC(1773) PSYoungGen: 6130K(14336K)->2660K(14336K) Eden: 6130K(7168K)->0K(7168K) From: 0K(7168K)->2660K(7168K)
[2026-06-17T10:01:47.923+0800][45.551s][info][gc,heap        ] GC(1773) ParOldGen: 31384K(44032K)->31384K(44032K)
[2026-06-17T10:01:47.924+0800][45.552s][info][gc,metaspace   ] GC(1773) Metaspace: 114K(320K)->114K(320K) NonClass: 106K(192K)->106K(192K) Class: 7K(128K)->7K(128K)
[2026-06-17T10:01:47.925+0800][45.552s][info][gc             ] GC(1773) Pause Young (Allocation Failure) 36M->33M(57M) 3.002ms
[2026-06-17T10:01:47.925+0800][45.553s][info][gc,cpu         ] GC(1773) User=0.00s Sys=0.00s Real=0.01s
[2026-06-17T10:01:47.947+0800][45.574s][info][gc,start       ] GC(1774) Pause Young (Allocation Failure)
[2026-06-17T10:01:47.947+0800][45.575s][info][gc,heap        ] GC(1774) PSYoungGen: 9828K(14336K)->6289K(14336K) Eden: 7168K(7168K)->0K(7168K) From: 2660K(7168K)->6289K(7168K)
[2026-06-17T10:01:47.948+0800][45.575s][info][gc,heap        ] GC(1774) ParOldGen: 31384K(44032K)->31384K(44032K)
[2026-06-17T10:01:47.948+0800][45.576s][info][gc,metaspace   ] GC(1774) Metaspace: 114K(320K)->114K(320K) NonClass: 106K(192K)->106K(192K) Class: 7K(128K)->7K(128K)
[2026-06-17T10:01:47.948+0800][45.576s][info][gc             ] GC(1774) Pause Young (Allocation Failure) 40M->36M(57M) 1.531ms
[2026-06-17T10:01:47.948+0800][45.576s][info][gc,cpu         ] GC(1774) User=0.00s Sys=0.00s Real=0.00s
[2026-06-17T10:01:47.969+0800][45.597s][info][gc,start       ] GC(1775) Pause Young (Allocation Failure)
[2026-06-17T10:01:47.970+0800][45.598s][info][gc,heap        ] GC(1775) PSYoungGen: 13454K(14336K)->2840K(14336K) Eden: 7165K(7168K)->0K(7168K) From: 6289K(7168K)->2840K(7168K)
[2026-06-17T10:01:47.971+0800][45.598s][info][gc,heap        ] GC(1775) ParOldGen: 31384K(44032K)->35348K(44032K)
[2026-06-17T10:01:47.971+0800][45.598s][info][gc,metaspace   ] GC(1775) Metaspace: 114K(320K)->114K(320K) NonClass: 106K(192K)->106K(192K) Class: 7K(128K)->7K(128K)
[2026-06-17T10:01:47.971+0800][45.599s][info][gc             ] GC(1775) Pause Young (Allocation Failure) 43M->37M(57M) 1.654ms
[2026-06-17T10:01:47.971+0800][45.599s][info][gc,cpu         ] GC(1775) User=0.00s Sys=0.00s Real=0.01s
[2026-06-17T10:01:47.982+0800][45.610s][info][gc,start       ] GC(1776) Pause Young (Allocation Failure)
[2026-06-17T10:01:47.983+0800][45.610s][info][gc,heap        ] GC(1776) PSYoungGen: 9924K(14336K)->1297K(14336K) Eden: 7083K(7168K)->0K(7168K) From: 2840K(7168K)->1297K(7168K)
[2026-06-17T10:01:47.983+0800][45.611s][info][gc,heap        ] GC(1776) ParOldGen: 35348K(44032K)->37441K(44032K)
[2026-06-17T10:01:47.983+0800][45.611s][info][gc,metaspace   ] GC(1776) Metaspace: 114K(320K)->114K(320K) NonClass: 106K(192K)->106K(192K) Class: 7K(128K)->7K(128K)
[2026-06-17T10:01:47.984+0800][45.611s][info][gc             ] GC(1776) Pause Young (Allocation Failure) 44M->37M(57M) 1.696ms
[2026-06-17T10:01:47.984+0800][45.611s][info][gc,cpu         ] GC(1776) User=0.00s Sys=0.00s Real=0.01s
[2026-06-17T10:01:48.005+0800][45.633s][info][gc,start       ] GC(1777) Pause Young (Allocation Failure)
[2026-06-17T10:01:48.007+0800][45.634s][info][gc,heap        ] GC(1777) PSYoungGen: 8411K(14336K)->3542K(14336K) Eden: 7114K(7168K)->0K(7168K) From: 1297K(7168K)->3542K(7168K)
[2026-06-17T10:01:48.007+0800][45.635s][info][gc,heap        ] GC(1777) ParOldGen: 37441K(44032K)->38714K(44032K)
[2026-06-17T10:01:48.008+0800][45.635s][info][gc,metaspace   ] GC(1777) Metaspace: 114K(320K)->114K(320K) NonClass: 106K(192K)->106K(192K) Class: 7K(128K)->7K(128K)
[2026-06-17T10:01:48.008+0800][45.636s][info][gc             ] GC(1777) Pause Young (Allocation Failure) 44M->41M(57M) 2.974ms
[2026-06-17T10:01:48.009+0800][45.636s][info][gc,cpu         ] GC(1777) User=0.00s Sys=0.00s Real=0.00s
[2026-06-17T10:01:48.030+0800][45.658s][info][gc,start       ] GC(1778) Pause Young (Allocation Failure)
[2026-06-17T10:01:48.032+0800][45.659s][info][gc,heap        ] GC(1778) PSYoungGen: 10660K(14336K)->3360K(14336K) Eden: 7118K(7168K)->0K(7168K) From: 3542K(7168K)->3360K(7168K)
[2026-06-17T10:01:48.032+0800][45.660s][info][gc,heap        ] GC(1778) ParOldGen: 38714K(44032K)->38930K(44032K)
[2026-06-17T10:01:48.032+0800][45.660s][info][gc,metaspace   ] GC(1778) Metaspace: 114K(320K)->114K(320K) NonClass: 106K(192K)->106K(192K) Class: 7K(128K)->7K(128K)
[2026-06-17T10:01:48.033+0800][45.661s][info][gc             ] GC(1778) Pause Young (Allocation Failure) 48M->41M(57M) 2.656ms
[2026-06-17T10:01:48.033+0800][45.661s][info][gc,cpu         ] GC(1778) User=0.01s Sys=0.00s Real=0.01s
[2026-06-17T10:01:48.055+0800][45.682s][info][gc,start       ] GC(1779) Pause Young (Allocation Failure)
[2026-06-17T10:01:48.056+0800][45.683s][info][gc,heap        ] GC(1779) PSYoungGen: 10496K(14336K)->1417K(14336K) Eden: 7136K(7168K)->0K(7168K) From: 3360K(7168K)->1417K(7168K)
[2026-06-17T10:01:48.056+0800][45.684s][info][gc,heap        ] GC(1779) ParOldGen: 38930K(44032K)->41062K(44032K)
[2026-06-17T10:01:48.056+0800][45.684s][info][gc,metaspace   ] GC(1779) Metaspace: 114K(320K)->114K(320K) NonClass: 106K(192K)->106K(192K) Class: 7K(128K)->7K(128K)
[2026-06-17T10:01:48.057+0800][45.684s][info][gc             ] GC(1779) Pause Young (Allocation Failure) 48M->41M(57M) 1.999ms
[2026-06-17T10:01:48.057+0800][45.684s][info][gc,cpu         ] GC(1779) User=0.00s Sys=0.01s Real=0.00s
[2026-06-17T10:01:48.068+0800][45.696s][info][gc,start       ] GC(1780) Pause Full (Ergonomics)
[2026-06-17T10:01:48.068+0800][45.696s][info][gc,phases,start] GC(1780) Marking Phase
[2026-06-17T10:01:48.071+0800][45.698s][info][gc,phases      ] GC(1780) Marking Phase 2.117ms
[2026-06-17T10:01:48.071+0800][45.699s][info][gc,phases,start] GC(1780) Summary Phase
[2026-06-17T10:01:48.071+0800][45.699s][info][gc,phases      ] GC(1780) Summary Phase 0.237ms
[2026-06-17T10:01:48.071+0800][45.699s][info][gc,phases,start] GC(1780) Adjust Roots
[2026-06-17T10:01:48.072+0800][45.699s][info][gc,phases      ] GC(1780) Adjust Roots 0.339ms
[2026-06-17T10:01:48.072+0800][45.700s][info][gc,phases,start] GC(1780) Compaction Phase
[2026-06-17T10:01:48.074+0800][45.702s][info][gc,phases      ] GC(1780) Compaction Phase 2.185ms
[2026-06-17T10:01:48.074+0800][45.702s][info][gc,phases,start] GC(1780) Post Compact
[2026-06-17T10:01:48.075+0800][45.702s][info][gc,phases      ] GC(1780) Post Compact 0.319ms
[2026-06-17T10:01:48.075+0800][45.703s][info][gc,heap        ] GC(1780) PSYoungGen: 8555K(14336K)->0K(14336K) Eden: 7138K(7168K)->0K(7168K) From: 1417K(7168K)->0K(7168K)
[2026-06-17T10:01:48.075+0800][45.703s][info][gc,heap        ] GC(1780) ParOldGen: 41062K(44032K)->27524K(44032K)
[2026-06-17T10:01:48.075+0800][45.703s][info][gc,metaspace   ] GC(1780) Metaspace: 114K(320K)->114K(320K) NonClass: 106K(192K)->106K(192K) Class: 7K(128K)->7K(128K)
[2026-06-17T10:01:48.075+0800][45.703s][info][gc             ] GC(1780) Pause Full (Ergonomics) 48M->26M(57M) 7.514ms
[2026-06-17T10:01:48.076+0800][45.703s][info][gc,cpu         ] GC(1780) User=0.00s Sys=0.00s Real=0.01s
[2026-06-17T10:01:48.097+0800][45.724s][info][gc,start       ] GC(1781) Pause Young (Allocation Failure)
[2026-06-17T10:01:48.098+0800][45.725s][info][gc,heap        ] GC(1781) PSYoungGen: 7128K(14336K)->333K(14336K) Eden: 7128K(7168K)->0K(7168K) From: 0K(7168K)->333K(7168K)
[2026-06-17T10:01:48.098+0800][45.726s][info][gc,heap        ] GC(1781) ParOldGen: 27524K(44032K)->27524K(44032K)
[2026-06-17T10:01:48.098+0800][45.726s][info][gc,metaspace   ] GC(1781) Metaspace: 114K(320K)->114K(320K) NonClass: 106K(192K)->106K(192K) Class: 7K(128K)->7K(128K)
[2026-06-17T10:01:48.098+0800][45.726s][info][gc             ] GC(1781) Pause Young (Allocation Failure) 33M->27M(57M) 1.671ms
[2026-06-17T10:01:48.099+0800][45.726s][info][gc,cpu         ] GC(1781) User=0.00s Sys=0.00s Real=0.00s
[2026-06-17T10:01:48.120+0800][45.748s][info][gc,start       ] GC(1782) Pause Young (Allocation Failure)
[2026-06-17T10:01:48.121+0800][45.748s][info][gc,heap        ] GC(1782) PSYoungGen: 7476K(14336K)->4324K(14336K) Eden: 7143K(7168K)->0K(7168K) From: 333K(7168K)->4324K(7168K)
[2026-06-17T10:01:48.121+0800][45.749s][info][gc,heap        ] GC(1782) ParOldGen: 27524K(44032K)->27524K(44032K)
[2026-06-17T10:01:48.121+0800][45.749s][info][gc,metaspace   ] GC(1782) Metaspace: 114K(320K)->114K(320K) NonClass: 106K(192K)->106K(192K) Class: 7K(128K)->7K(128K)
[2026-06-17T10:01:48.121+0800][45.749s][info][gc             ] GC(1782) Pause Young (Allocation Failure) 34M->31M(57M) 1.589ms
[2026-06-17T10:01:48.122+0800][45.749s][info][gc,cpu         ] GC(1782) User=0.00s Sys=0.00s Real=0.00s
[2026-06-17T10:01:48.133+0800][45.760s][info][gc,start       ] GC(1783) Pause Young (Allocation Failure)
[2026-06-17T10:01:48.134+0800][45.761s][info][gc,heap        ] GC(1783) PSYoungGen: 10913K(14336K)->3795K(14336K) Eden: 6588K(7168K)->0K(7168K) From: 4324K(7168K)->3795K(7168K)
[2026-06-17T10:01:48.134+0800][45.762s][info][gc,heap        ] GC(1783) ParOldGen: 27524K(44032K)->27524K(44032K)
[2026-06-17T10:01:48.135+0800][45.762s][info][gc,metaspace   ] GC(1783) Metaspace: 114K(320K)->114K(320K) NonClass: 106K(192K)->106K(192K) Class: 7K(128K)->7K(128K)
[2026-06-17T10:01:48.135+0800][45.763s][info][gc             ] GC(1783) Pause Young (Allocation Failure) 37M->30M(57M) 2.330ms
[2026-06-17T10:01:48.136+0800][45.764s][info][gc,cpu         ] GC(1783) User=0.00s Sys=0.00s Real=0.00s
[2026-06-17T10:01:48.158+0800][45.786s][info][gc,start       ] GC(1784) Pause Young (Allocation Failure)
[2026-06-17T10:01:48.160+0800][45.788s][info][gc,heap        ] GC(1784) PSYoungGen: 10946K(14336K)->7159K(14336K) Eden: 7151K(7168K)->0K(7168K) From: 3795K(7168K)->7159K(7168K)
[2026-06-17T10:01:48.161+0800][45.788s][info][gc,heap        ] GC(1784) ParOldGen: 27524K(44032K)->27828K(44032K)
[2026-06-17T10:01:48.161+0800][45.789s][info][gc,metaspace   ] GC(1784) Metaspace: 114K(320K)->114K(320K) NonClass: 106K(192K)->106K(192K) Class: 7K(128K)->7K(128K)
[2026-06-17T10:01:48.162+0800][45.789s][info][gc             ] GC(1784) Pause Young (Allocation Failure) 37M->34M(57M) 3.342ms
[2026-06-17T10:01:48.162+0800][45.790s][info][gc,cpu         ] GC(1784) User=0.01s Sys=0.00s Real=0.00s
[2026-06-17T10:01:48.183+0800][45.811s][info][gc,start       ] GC(1785) Pause Young (Allocation Failure)
[2026-06-17T10:01:48.185+0800][45.813s][info][gc,heap        ] GC(1785) PSYoungGen: 14317K(14336K)->6030K(14336K) Eden: 7158K(7168K)->0K(7168K) From: 7159K(7168K)->6030K(7168K)
[2026-06-17T10:01:48.186+0800][45.813s][info][gc,heap        ] GC(1785) ParOldGen: 27828K(44032K)->29474K(44032K)
[2026-06-17T10:01:48.186+0800][45.814s][info][gc,metaspace   ] GC(1785) Metaspace: 114K(320K)->114K(320K) NonClass: 106K(192K)->106K(192K) Class: 7K(128K)->7K(128K)
[2026-06-17T10:01:48.186+0800][45.814s][info][gc             ] GC(1785) Pause Young (Allocation Failure) 41M->34M(57M) 2.713ms
[2026-06-17T10:01:48.186+0800][45.814s][info][gc,cpu         ] GC(1785) User=0.00s Sys=0.00s Real=0.00s
[2026-06-17T10:01:48.208+0800][45.835s][info][gc,start       ] GC(1786) Pause Young (Allocation Failure)
[2026-06-17T10:01:48.209+0800][45.837s][info][gc,heap        ] GC(1786) PSYoungGen: 13198K(14336K)->3289K(14336K) Eden: 7167K(7168K)->0K(7168K) From: 6030K(7168K)->3289K(7168K)
[2026-06-17T10:01:48.210+0800][45.837s][info][gc,heap        ] GC(1786) ParOldGen: 29474K(44032K)->32681K(44032K)
[2026-06-17T10:01:48.210+0800][45.838s][info][gc,metaspace   ] GC(1786) Metaspace: 114K(320K)->114K(320K) NonClass: 106K(192K)->106K(192K) Class: 7K(128K)->7K(128K)
[2026-06-17T10:01:48.210+0800][45.838s][info][gc             ] GC(1786) Pause Young (Allocation Failure) 41M->35M(57M) 2.553ms
[2026-06-17T10:01:48.211+0800][45.838s][info][gc,cpu         ] GC(1786) User=0.00s Sys=0.00s Real=0.01s
[2026-06-17T10:01:48.222+0800][45.850s][info][gc,start       ] GC(1787) Pause Young (Allocation Failure)
[2026-06-17T10:01:48.223+0800][45.851s][info][gc,heap        ] GC(1787) PSYoungGen: 10455K(14336K)->5039K(14336K) Eden: 7165K(7168K)->0K(7168K) From: 3289K(7168K)->5039K(7168K)
[2026-06-17T10:01:48.223+0800][45.851s][info][gc,heap        ] GC(1787) ParOldGen: 32681K(44032K)->34499K(44032K)
[2026-06-17T10:01:48.224+0800][45.851s][info][gc,metaspace   ] GC(1787) Metaspace: 114K(320K)->114K(320K) NonClass: 106K(192K)->106K(192K) Class: 7K(128K)->7K(128K)
[2026-06-17T10:01:48.224+0800][45.852s][info][gc             ] GC(1787) Pause Young (Allocation Failure) 42M->38M(57M) 2.059ms
[2026-06-17T10:01:48.224+0800][45.852s][info][gc,cpu         ] GC(1787) User=0.00s Sys=0.00s Real=0.01s
[2026-06-17T10:01:48.245+0800][45.873s][info][gc,start       ] GC(1788) Pause Young (Allocation Failure)
[2026-06-17T10:01:48.247+0800][45.874s][info][gc,heap        ] GC(1788) PSYoungGen: 12201K(14336K)->3155K(14336K) Eden: 7162K(7168K)->0K(7168K) From: 5039K(7168K)->3155K(7168K)
[2026-06-17T10:01:48.247+0800][45.875s][info][gc,heap        ] GC(1788) ParOldGen: 34499K(44032K)->36572K(44032K)
[2026-06-17T10:01:48.247+0800][45.875s][info][gc,metaspace   ] GC(1788) Metaspace: 114K(320K)->114K(320K) NonClass: 106K(192K)->106K(192K) Class: 7K(128K)->7K(128K)
[2026-06-17T10:01:48.248+0800][45.876s][info][gc             ] GC(1788) Pause Young (Allocation Failure) 45M->38M(57M) 2.526ms
[2026-06-17T10:01:48.248+0800][45.876s][info][gc,cpu         ] GC(1788) User=0.00s Sys=0.00s Real=0.00s
[2026-06-17T10:01:48.269+0800][45.897s][info][gc,start       ] GC(1789) Pause Young (Allocation Failure)
[2026-06-17T10:01:48.271+0800][45.898s][info][gc,heap        ] GC(1789) PSYoungGen: 10320K(14336K)->3296K(14336K) Eden: 7165K(7168K)->0K(7168K) From: 3155K(7168K)->3296K(7168K)
[2026-06-17T10:01:48.271+0800][45.899s][info][gc,heap        ] GC(1789) ParOldGen: 36572K(44032K)->36572K(44032K)
[2026-06-17T10:01:48.271+0800][45.899s][info][gc,metaspace   ] GC(1789) Metaspace: 114K(320K)->114K(320K) NonClass: 106K(192K)->106K(192K) Class: 7K(128K)->7K(128K)
[2026-06-17T10:01:48.272+0800][45.900s][info][gc             ] GC(1789) Pause Young (Allocation Failure) 45M->38M(57M) 2.482ms
[2026-06-17T10:01:48.272+0800][45.900s][info][gc,cpu         ] GC(1789) User=0.00s Sys=0.00s Real=0.01s
[2026-06-17T10:01:48.284+0800][45.911s][info][gc,start       ] GC(1790) Pause Young (Allocation Failure)
[2026-06-17T10:01:48.285+0800][45.913s][info][gc,heap        ] GC(1790) PSYoungGen: 10463K(14336K)->1708K(14336K) Eden: 7166K(7168K)->0K(7168K) From: 3296K(7168K)->1708K(7168K)
[2026-06-17T10:01:48.285+0800][45.913s][info][gc,heap        ] GC(1790) ParOldGen: 36572K(44032K)->38292K(44032K)
[2026-06-17T10:01:48.286+0800][45.913s][info][gc,metaspace   ] GC(1790) Metaspace: 114K(320K)->114K(320K) NonClass: 106K(192K)->106K(192K) Class: 7K(128K)->7K(128K)
[2026-06-17T10:01:48.286+0800][45.914s][info][gc             ] GC(1790) Pause Young (Allocation Failure) 45M->39M(57M) 2.115ms
[2026-06-17T10:01:48.286+0800][45.914s][info][gc,cpu         ] GC(1790) User=0.00s Sys=0.00s Real=0.00s
[2026-06-17T10:01:48.308+0800][45.935s][info][gc,start       ] GC(1791) Pause Young (Allocation Failure)
[2026-06-17T10:01:48.309+0800][45.937s][info][gc,heap        ] GC(1791) PSYoungGen: 8871K(14336K)->3741K(14336K) Eden: 7163K(7168K)->0K(7168K) From: 1708K(7168K)->3741K(7168K)
[2026-06-17T10:01:48.309+0800][45.937s][info][gc,heap        ] GC(1791) ParOldGen: 38292K(44032K)->39977K(44032K)
[2026-06-17T10:01:48.310+0800][45.937s][info][gc,metaspace   ] GC(1791) Metaspace: 114K(320K)->114K(320K) NonClass: 106K(192K)->106K(192K) Class: 7K(128K)->7K(128K)
[2026-06-17T10:01:48.310+0800][45.938s][info][gc             ] GC(1791) Pause Young (Allocation Failure) 46M->42M(57M) 2.477ms
[2026-06-17T10:01:48.310+0800][45.938s][info][gc,cpu         ] GC(1791) User=0.00s Sys=0.00s Real=0.00s
[2026-06-17T10:01:48.332+0800][45.959s][info][gc,start       ] GC(1792) Pause Young (Allocation Failure)
[2026-06-17T10:01:48.333+0800][45.961s][info][gc,heap        ] GC(1792) PSYoungGen: 10909K(14336K)->3459K(14336K) Eden: 7168K(7168K)->0K(7168K) From: 3741K(7168K)->3459K(7168K)
[2026-06-17T10:01:48.333+0800][45.961s][info][gc,heap        ] GC(1792) ParOldGen: 39977K(44032K)->40121K(44032K)
[2026-06-17T10:01:48.333+0800][45.961s][info][gc,metaspace   ] GC(1792) Metaspace: 114K(320K)->114K(320K) NonClass: 106K(192K)->106K(192K) Class: 7K(128K)->7K(128K)
[2026-06-17T10:01:48.334+0800][45.961s][info][gc             ] GC(1792) Pause Young (Allocation Failure) 49M->42M(57M) 1.804ms
[2026-06-17T10:01:48.334+0800][45.961s][info][gc,cpu         ] GC(1792) User=0.00s Sys=0.00s Real=0.00s
[2026-06-17T10:01:48.345+0800][45.972s][info][gc,start       ] GC(1793) Pause Young (Allocation Failure)
[2026-06-17T10:01:48.346+0800][45.974s][info][gc,heap        ] GC(1793) PSYoungGen: 9712K(14336K)->0K(14336K) Eden: 6253K(7168K)->0K(7168K) From: 3459K(7168K)->0K(7168K)
[2026-06-17T10:01:48.348+0800][45.976s][info][gc,heap        ] GC(1793) ParOldGen: 40121K(44032K)->42239K(44032K)
[2026-06-17T10:01:48.348+0800][45.976s][info][gc,metaspace   ] GC(1793) Metaspace: 114K(320K)->114K(320K) NonClass: 106K(192K)->106K(192K) Class: 7K(128K)->7K(128K)
[2026-06-17T10:01:48.349+0800][45.977s][info][gc             ] GC(1793) Pause Young (Allocation Failure) 48M->41M(57M) 4.442ms
[2026-06-17T10:01:48.350+0800][45.977s][info][gc,cpu         ] GC(1793) User=0.00s Sys=0.00s Real=0.00s
[2026-06-17T10:01:48.371+0800][45.999s][info][gc,start       ] GC(1794) Pause Full (Ergonomics)
[2026-06-17T10:01:48.372+0800][45.999s][info][gc,phases,start] GC(1794) Marking Phase
[2026-06-17T10:01:48.374+0800][46.001s][info][gc,phases      ] GC(1794) Marking Phase 2.186ms
[2026-06-17T10:01:48.374+0800][46.002s][info][gc,phases,start] GC(1794) Summary Phase
[2026-06-17T10:01:48.374+0800][46.002s][info][gc,phases      ] GC(1794) Summary Phase 0.269ms
[2026-06-17T10:01:48.375+0800][46.002s][info][gc,phases,start] GC(1794) Adjust Roots
[2026-06-17T10:01:48.375+0800][46.003s][info][gc,phases      ] GC(1794) Adjust Roots 0.365ms
[2026-06-17T10:01:48.375+0800][46.003s][info][gc,phases,start] GC(1794) Compaction Phase
[2026-06-17T10:01:48.377+0800][46.004s][info][gc,phases      ] GC(1794) Compaction Phase 1.548ms
[2026-06-17T10:01:48.377+0800][46.005s][info][gc,phases,start] GC(1794) Post Compact
[2026-06-17T10:01:48.377+0800][46.005s][info][gc,phases      ] GC(1794) Post Compact 0.290ms
[2026-06-17T10:01:48.377+0800][46.005s][info][gc,heap        ] GC(1794) PSYoungGen: 7137K(14336K)->0K(14336K) Eden: 7137K(7168K)->0K(7168K) From: 0K(7168K)->0K(7168K)
[2026-06-17T10:01:48.378+0800][46.005s][info][gc,heap        ] GC(1794) ParOldGen: 42239K(44032K)->23375K(44032K)
[2026-06-17T10:01:48.378+0800][46.006s][info][gc,metaspace   ] GC(1794) Metaspace: 114K(320K)->114K(320K) NonClass: 106K(192K)->106K(192K) Class: 7K(128K)->7K(128K)
[2026-06-17T10:01:48.378+0800][46.006s][info][gc             ] GC(1794) Pause Full (Ergonomics) 48M->22M(57M) 7.045ms
[2026-06-17T10:01:48.378+0800][46.006s][info][gc,cpu         ] GC(1794) User=0.00s Sys=0.00s Real=0.00s
[2026-06-17T10:01:48.399+0800][46.027s][info][gc,start       ] GC(1795) Pause Young (Allocation Failure)
[2026-06-17T10:01:48.401+0800][46.029s][info][gc,heap        ] GC(1795) PSYoungGen: 7155K(14336K)->4100K(14336K) Eden: 7155K(7168K)->0K(7168K) From: 0K(7168K)->4100K(7168K)
[2026-06-17T10:01:48.401+0800][46.029s][info][gc,heap        ] GC(1795) ParOldGen: 23375K(44032K)->23375K(44032K)
[2026-06-17T10:01:48.402+0800][46.029s][info][gc,metaspace   ] GC(1795) Metaspace: 114K(320K)->114K(320K) NonClass: 106K(192K)->106K(192K) Class: 7K(128K)->7K(128K)
[2026-06-17T10:01:48.402+0800][46.030s][info][gc             ] GC(1795) Pause Young (Allocation Failure) 29M->26M(57M) 2.472ms
[2026-06-17T10:01:48.402+0800][46.030s][info][gc,cpu         ] GC(1795) User=0.00s Sys=0.00s Real=0.00s
[2026-06-17T10:01:48.413+0800][46.041s][info][gc,start       ] GC(1796) Pause Young (Allocation Failure)
[2026-06-17T10:01:48.415+0800][46.042s][info][gc,heap        ] GC(1796) PSYoungGen: 11228K(14336K)->4413K(14336K) Eden: 7127K(7168K)->0K(7168K) From: 4100K(7168K)->4413K(7168K)
[2026-06-17T10:01:48.415+0800][46.043s][info][gc,heap        ] GC(1796) ParOldGen: 23375K(44032K)->26614K(44032K)
[2026-06-17T10:01:48.415+0800][46.043s][info][gc,metaspace   ] GC(1796) Metaspace: 114K(320K)->114K(320K) NonClass: 106K(192K)->106K(192K) Class: 7K(128K)->7K(128K)
[2026-06-17T10:01:48.415+0800][46.043s][info][gc             ] GC(1796) Pause Young (Allocation Failure) 33M->30M(57M) 1.866ms
[2026-06-17T10:01:48.415+0800][46.043s][info][gc,cpu         ] GC(1796) User=0.01s Sys=0.00s Real=0.00s
[2026-06-17T10:01:48.437+0800][46.065s][info][gc,start       ] GC(1797) Pause Young (Allocation Failure)
[2026-06-17T10:01:48.439+0800][46.067s][info][gc,heap        ] GC(1797) PSYoungGen: 11545K(14336K)->2721K(14336K) Eden: 7132K(7168K)->0K(7168K) From: 4413K(7168K)->2721K(7168K)
[2026-06-17T10:01:48.439+0800][46.067s][info][gc,heap        ] GC(1797) ParOldGen: 26614K(44032K)->28357K(44032K)
[2026-06-17T10:01:48.440+0800][46.067s][info][gc,metaspace   ] GC(1797) Metaspace: 114K(320K)->114K(320K) NonClass: 106K(192K)->106K(192K) Class: 7K(128K)->7K(128K)
[2026-06-17T10:01:48.440+0800][46.068s][info][gc             ] GC(1797) Pause Young (Allocation Failure) 37M->30M(57M) 3.425ms
[2026-06-17T10:01:48.441+0800][46.069s][info][gc,cpu         ] GC(1797) User=0.00s Sys=0.00s Real=0.00s
[2026-06-17T10:01:48.463+0800][46.091s][info][gc,start       ] GC(1798) Pause Young (Allocation Failure)
[2026-06-17T10:01:48.465+0800][46.092s][info][gc,heap        ] GC(1798) PSYoungGen: 9868K(14336K)->3356K(14336K) Eden: 7146K(7168K)->0K(7168K) From: 2721K(7168K)->3356K(7168K)
[2026-06-17T10:01:48.465+0800][46.093s][info][gc,heap        ] GC(1798) ParOldGen: 28357K(44032K)->28357K(44032K)
[2026-06-17T10:01:48.466+0800][46.093s][info][gc,metaspace   ] GC(1798) Metaspace: 114K(320K)->114K(320K) NonClass: 106K(192K)->106K(192K) Class: 7K(128K)->7K(128K)
[2026-06-17T10:01:48.466+0800][46.094s][info][gc             ] GC(1798) Pause Young (Allocation Failure) 37M->30M(57M) 3.438ms
[2026-06-17T10:01:48.467+0800][46.095s][info][gc,cpu         ] GC(1798) User=0.00s Sys=0.00s Real=0.00s
[2026-06-17T10:01:48.479+0800][46.106s][info][gc,start       ] GC(1799) Pause Young (Allocation Failure)
[2026-06-17T10:01:48.480+0800][46.107s][info][gc,heap        ] GC(1799) PSYoungGen: 10349K(14336K)->1296K(14848K) Eden: 6992K(7168K)->0K(8192K) From: 3356K(7168K)->1296K(6656K)
[2026-06-17T10:01:48.480+0800][46.108s][info][gc,heap        ] GC(1799) ParOldGen: 28357K(44032K)->30587K(44032K)
[2026-06-17T10:01:48.480+0800][46.108s][info][gc,metaspace   ] GC(1799) Metaspace: 114K(320K)->114K(320K) NonClass: 106K(192K)->106K(192K) Class: 7K(128K)->7K(128K)
[2026-06-17T10:01:48.480+0800][46.108s][info][gc             ] GC(1799) Pause Young (Allocation Failure) 37M->31M(57M) 1.602ms
[2026-06-17T10:01:48.481+0800][46.108s][info][gc,cpu         ] GC(1799) User=0.00s Sys=0.00s Real=0.00s
[2026-06-17T10:01:48.512+0800][46.140s][info][gc,start       ] GC(1800) Pause Young (Allocation Failure)
[2026-06-17T10:01:48.513+0800][46.141s][info][gc,heap        ] GC(1800) PSYoungGen: 9485K(14848K)->1127K(14848K) Eden: 8189K(8192K)->0K(8192K) From: 1296K(6656K)->1127K(6656K)
[2026-06-17T10:01:48.514+0800][46.141s][info][gc,heap        ] GC(1800) ParOldGen: 30587K(44032K)->31859K(44032K)
[2026-06-17T10:01:48.514+0800][46.142s][info][gc,metaspace   ] GC(1800) Metaspace: 114K(320K)->114K(320K) NonClass: 106K(192K)->106K(192K) Class: 7K(128K)->7K(128K)
[2026-06-17T10:01:48.514+0800][46.142s][info][gc             ] GC(1800) Pause Young (Allocation Failure) 39M->32M(57M) 1.990ms
[2026-06-17T10:01:48.514+0800][46.142s][info][gc,cpu         ] GC(1800) User=0.00s Sys=0.00s Real=0.00s
[2026-06-17T10:01:48.526+0800][46.153s][info][gc,start       ] GC(1801) Pause Young (Allocation Failure)
[2026-06-17T10:01:48.527+0800][46.155s][info][gc,heap        ] GC(1801) PSYoungGen: 9306K(14848K)->5002K(13824K) Eden: 8179K(8192K)->0K(7168K) From: 1127K(6656K)->5002K(6656K)
[2026-06-17T10:01:48.527+0800][46.155s][info][gc,heap        ] GC(1801) ParOldGen: 31859K(44032K)->32632K(44032K)
[2026-06-17T10:01:48.528+0800][46.155s][info][gc,metaspace   ] GC(1801) Metaspace: 114K(320K)->114K(320K) NonClass: 106K(192K)->106K(192K) Class: 7K(128K)->7K(128K)
[2026-06-17T10:01:48.528+0800][46.156s][info][gc             ] GC(1801) Pause Young (Allocation Failure) 40M->36M(56M) 2.821ms
[2026-06-17T10:01:48.529+0800][46.156s][info][gc,cpu         ] GC(1801) User=0.00s Sys=0.00s Real=0.00s
[2026-06-17T10:01:48.551+0800][46.178s][info][gc,start       ] GC(1802) Pause Young (Allocation Failure)
[2026-06-17T10:01:48.552+0800][46.180s][info][gc,heap        ] GC(1802) PSYoungGen: 12167K(13824K)->3014K(14336K) Eden: 7164K(7168K)->0K(7168K) From: 5002K(6656K)->3014K(7168K)
[2026-06-17T10:01:48.553+0800][46.181s][info][gc,heap        ] GC(1802) ParOldGen: 32632K(44032K)->34633K(44032K)
[2026-06-17T10:01:48.554+0800][46.182s][info][gc,metaspace   ] GC(1802) Metaspace: 114K(320K)->114K(320K) NonClass: 106K(192K)->106K(192K) Class: 7K(128K)->7K(128K)
[2026-06-17T10:01:48.555+0800][46.182s][info][gc             ] GC(1802) Pause Young (Allocation Failure) 43M->36M(57M) 3.834ms
[2026-06-17T10:01:48.555+0800][46.183s][info][gc,cpu         ] GC(1802) User=0.00s Sys=0.00s Real=0.00s
[2026-06-17T10:01:48.566+0800][46.194s][info][gc,start       ] GC(1803) Pause Young (Allocation Failure)
[2026-06-17T10:01:48.567+0800][46.195s][info][gc,heap        ] GC(1803) PSYoungGen: 9501K(14336K)->2285K(14848K) Eden: 6487K(7168K)->0K(8192K) From: 3014K(7168K)->2285K(6656K)
[2026-06-17T10:01:48.568+0800][46.196s][info][gc,heap        ] GC(1803) ParOldGen: 34633K(44032K)->34633K(44032K)
[2026-06-17T10:01:48.568+0800][46.196s][info][gc,metaspace   ] GC(1803) Metaspace: 114K(320K)->114K(320K) NonClass: 106K(192K)->106K(192K) Class: 7K(128K)->7K(128K)
[2026-06-17T10:01:48.568+0800][46.196s][info][gc             ] GC(1803) Pause Young (Allocation Failure) 43M->36M(57M) 2.102ms
[2026-06-17T10:01:48.569+0800][46.196s][info][gc,cpu         ] GC(1803) User=0.00s Sys=0.00s Real=0.00s
[2026-06-17T10:01:48.591+0800][46.218s][info][gc,start       ] GC(1804) Pause Young (Allocation Failure)
[2026-06-17T10:01:48.592+0800][46.220s][info][gc,heap        ] GC(1804) PSYoungGen: 10434K(14848K)->4826K(13312K) Eden: 8149K(8192K)->0K(8192K) From: 2285K(6656K)->4826K(5120K)
[2026-06-17T10:01:48.593+0800][46.220s][info][gc,heap        ] GC(1804) ParOldGen: 34633K(44032K)->36894K(44032K)
[2026-06-17T10:01:48.593+0800][46.221s][info][gc,metaspace   ] GC(1804) Metaspace: 114K(320K)->114K(320K) NonClass: 106K(192K)->106K(192K) Class: 7K(128K)->7K(128K)
[2026-06-17T10:01:48.593+0800][46.221s][info][gc             ] GC(1804) Pause Young (Allocation Failure) 44M->40M(56M) 2.950ms
[2026-06-17T10:01:48.594+0800][46.222s][info][gc,cpu         ] GC(1804) User=0.00s Sys=0.00s Real=0.00s
[2026-06-17T10:01:48.616+0800][46.243s][info][gc,start       ] GC(1805) Pause Young (Allocation Failure)
[2026-06-17T10:01:48.617+0800][46.245s][info][gc,heap        ] GC(1805) PSYoungGen: 12992K(13312K)->4416K(14336K) Eden: 8165K(8192K)->0K(7168K) From: 4826K(5120K)->4416K(7168K)
[2026-06-17T10:01:48.618+0800][46.246s][info][gc,heap        ] GC(1805) ParOldGen: 36894K(44032K)->38394K(44032K)
[2026-06-17T10:01:48.619+0800][46.246s][info][gc,metaspace   ] GC(1805) Metaspace: 114K(320K)->114K(320K) NonClass: 106K(192K)->106K(192K) Class: 7K(128K)->7K(128K)
[2026-06-17T10:01:48.619+0800][46.247s][info][gc             ] GC(1805) Pause Young (Allocation Failure) 48M->41M(57M) 3.660ms
[2026-06-17T10:01:48.620+0800][46.248s][info][gc,cpu         ] GC(1805) User=0.01s Sys=0.00s Real=0.00s
[2026-06-17T10:01:48.641+0800][46.269s][info][gc,start       ] GC(1806) Pause Young (Allocation Failure)
[2026-06-17T10:01:48.642+0800][46.270s][info][gc,heap        ] GC(1806) PSYoungGen: 11558K(14336K)->2435K(14336K) Eden: 7142K(7168K)->0K(7168K) From: 4416K(7168K)->2435K(7168K)
[2026-06-17T10:01:48.643+0800][46.270s][info][gc,heap        ] GC(1806) ParOldGen: 38394K(44032K)->40755K(44032K)
[2026-06-17T10:01:48.643+0800][46.271s][info][gc,metaspace   ] GC(1806) Metaspace: 114K(320K)->114K(320K) NonClass: 106K(192K)->106K(192K) Class: 7K(128K)->7K(128K)
[2026-06-17T10:01:48.643+0800][46.271s][info][gc             ] GC(1806) Pause Young (Allocation Failure) 48M->42M(57M) 1.623ms
[2026-06-17T10:01:48.643+0800][46.271s][info][gc,cpu         ] GC(1806) User=0.00s Sys=0.00s Real=0.01s
[2026-06-17T10:01:48.664+0800][46.292s][info][gc,start       ] GC(1807) Pause Full (Ergonomics)
[2026-06-17T10:01:48.665+0800][46.293s][info][gc,phases,start] GC(1807) Marking Phase
[2026-06-17T10:01:48.667+0800][46.294s][info][gc,phases      ] GC(1807) Marking Phase 1.703ms
[2026-06-17T10:01:48.668+0800][46.295s][info][gc,phases,start] GC(1807) Summary Phase
[2026-06-17T10:01:48.670+0800][46.298s][info][gc,phases      ] GC(1807) Summary Phase 2.074ms
[2026-06-17T10:01:48.671+0800][46.299s][info][gc,phases,start] GC(1807) Adjust Roots
[2026-06-17T10:01:48.673+0800][46.301s][info][gc,phases      ] GC(1807) Adjust Roots 2.474ms
[2026-06-17T10:01:48.676+0800][46.303s][info][gc,phases,start] GC(1807) Compaction Phase
[2026-06-17T10:01:48.679+0800][46.307s][info][gc,phases      ] GC(1807) Compaction Phase 3.249ms
[2026-06-17T10:01:48.679+0800][46.307s][info][gc,phases,start] GC(1807) Post Compact
[2026-06-17T10:01:48.680+0800][46.308s][info][gc,phases      ] GC(1807) Post Compact 0.524ms
[2026-06-17T10:01:48.680+0800][46.308s][info][gc,heap        ] GC(1807) PSYoungGen: 9580K(14336K)->0K(14848K) Eden: 7144K(7168K)->0K(8192K) From: 2435K(7168K)->0K(6656K)
[2026-06-17T10:01:48.681+0800][46.309s][info][gc,heap        ] GC(1807) ParOldGen: 40755K(44032K)->29980K(44032K)
[2026-06-17T10:01:48.682+0800][46.310s][info][gc,metaspace   ] GC(1807) Metaspace: 114K(320K)->114K(320K) NonClass: 106K(192K)->106K(192K) Class: 7K(128K)->7K(128K)
[2026-06-17T10:01:48.682+0800][46.310s][info][gc             ] GC(1807) Pause Full (Ergonomics) 49M->29M(57M) 18.149ms
[2026-06-17T10:01:48.683+0800][46.310s][info][gc,cpu         ] GC(1807) User=0.00s Sys=0.00s Real=0.02s
[2026-06-17T10:01:48.694+0800][46.322s][info][gc,start       ] GC(1808) Pause Young (Allocation Failure)
[2026-06-17T10:01:48.750+0800][46.378s][info][gc,heap        ] GC(1808) PSYoungGen: 8163K(14848K)->6598K(14848K) Eden: 8163K(8192K)->0K(8192K) From: 0K(6656K)->6598K(6656K)
[2026-06-17T10:01:48.792+0800][46.420s][info][gc,heap        ] GC(1808) ParOldGen: 29980K(44032K)->31560K(44032K)
[2026-06-17T10:01:48.792+0800][46.420s][info][gc,metaspace   ] GC(1808) Metaspace: 114K(320K)->114K(320K) NonClass: 106K(192K)->106K(192K) Class: 7K(128K)->7K(128K)
[2026-06-17T10:01:48.815+0800][46.442s][info][gc             ] GC(1808) Pause Young (Allocation Failure) 37M->37M(57M) 120.570ms
[2026-06-17T10:01:48.815+0800][46.443s][info][gc,cpu         ] GC(1808) User=0.01s Sys=0.01s Real=0.12s
[2026-06-17T10:01:48.839+0800][46.467s][info][gc,start       ] GC(1809) Pause Young (Allocation Failure)
[2026-06-17T10:01:48.840+0800][46.468s][info][gc,heap        ] GC(1809) PSYoungGen: 14578K(14848K)->628K(13824K) Eden: 7980K(8192K)->0K(7168K) From: 6598K(6656K)->628K(6656K)
[2026-06-17T10:01:48.841+0800][46.469s][info][gc,heap        ] GC(1809) ParOldGen: 31560K(44032K)->35520K(44032K)
[2026-06-17T10:01:48.842+0800][46.469s][info][gc,metaspace   ] GC(1809) Metaspace: 114K(320K)->114K(320K) NonClass: 106K(192K)->106K(192K) Class: 7K(128K)->7K(128K)
[2026-06-17T10:01:48.842+0800][46.470s][info][gc             ] GC(1809) Pause Young (Allocation Failure) 45M->35M(56M) 2.739ms
[2026-06-17T10:01:48.842+0800][46.470s][info][gc,cpu         ] GC(1809) User=0.00s Sys=0.00s Real=0.00s
[2026-06-17T10:01:48.864+0800][46.491s][info][gc,start       ] GC(1810) Pause Young (Allocation Failure)
[2026-06-17T10:01:48.865+0800][46.493s][info][gc,heap        ] GC(1810) PSYoungGen: 7786K(13824K)->3659K(14336K) Eden: 7158K(7168K)->0K(7168K) From: 628K(6656K)->3659K(7168K)
[2026-06-17T10:01:48.865+0800][46.493s][info][gc,heap        ] GC(1810) ParOldGen: 35520K(44032K)->36124K(44032K)
[2026-06-17T10:01:48.866+0800][46.494s][info][gc,metaspace   ] GC(1810) Metaspace: 114K(320K)->114K(320K) NonClass: 106K(192K)->106K(192K) Class: 7K(128K)->7K(128K)
[2026-06-17T10:01:48.867+0800][46.494s][info][gc             ] GC(1810) Pause Young (Allocation Failure) 42M->38M(57M) 2.992ms
[2026-06-17T10:01:48.867+0800][46.495s][info][gc,cpu         ] GC(1810) User=0.00s Sys=0.00s Real=0.00s
[2026-06-17T10:01:48.889+0800][46.516s][info][gc,start       ] GC(1811) Pause Young (Allocation Failure)
[2026-06-17T10:01:48.890+0800][46.518s][info][gc,heap        ] GC(1811) PSYoungGen: 10800K(14336K)->2801K(14336K) Eden: 7140K(7168K)->0K(7168K) From: 3659K(7168K)->2801K(7168K)
[2026-06-17T10:01:48.892+0800][46.520s][info][gc,heap        ] GC(1811) ParOldGen: 36124K(44032K)->37434K(44032K)
[2026-06-17T10:01:48.894+0800][46.522s][info][gc,metaspace   ] GC(1811) Metaspace: 114K(320K)->114K(320K) NonClass: 106K(192K)->106K(192K) Class: 7K(128K)->7K(128K)
[2026-06-17T10:01:48.897+0800][46.525s][info][gc             ] GC(1811) Pause Young (Allocation Failure) 45M->39M(57M) 8.840ms
[2026-06-17T10:01:48.900+0800][46.528s][info][gc,cpu         ] GC(1811) User=0.00s Sys=0.00s Real=0.01s
[2026-06-17T10:01:48.923+0800][46.551s][info][gc,start       ] GC(1812) Pause Young (Allocation Failure)
[2026-06-17T10:01:48.926+0800][46.553s][info][gc,heap        ] GC(1812) PSYoungGen: 9969K(14336K)->2957K(14336K) Eden: 7168K(7168K)->0K(7168K) From: 2801K(7168K)->2957K(7168K)
[2026-06-17T10:01:48.927+0800][46.555s][info][gc,heap        ] GC(1812) ParOldGen: 37434K(44032K)->37434K(44032K)
[2026-06-17T10:01:48.928+0800][46.556s][info][gc,metaspace   ] GC(1812) Metaspace: 114K(320K)->114K(320K) NonClass: 106K(192K)->106K(192K) Class: 7K(128K)->7K(128K)
[2026-06-17T10:01:48.929+0800][46.557s][info][gc             ] GC(1812) Pause Young (Allocation Failure) 46M->39M(57M) 6.355ms
[2026-06-17T10:01:48.930+0800][46.558s][info][gc,cpu         ] GC(1812) User=0.00s Sys=0.00s Real=0.00s
[2026-06-17T10:01:48.943+0800][46.570s][info][gc,start       ] GC(1813) Pause Young (Allocation Failure)
[2026-06-17T10:01:48.945+0800][46.572s][info][gc,heap        ] GC(1813) PSYoungGen: 10122K(14336K)->6912K(14336K) Eden: 7165K(7168K)->0K(7168K) From: 2957K(7168K)->6912K(7168K)
[2026-06-17T10:01:48.945+0800][46.573s][info][gc,heap        ] GC(1813) ParOldGen: 37434K(44032K)->37434K(44032K)
[2026-06-17T10:01:48.946+0800][46.574s][info][gc,metaspace   ] GC(1813) Metaspace: 114K(320K)->114K(320K) NonClass: 106K(192K)->106K(192K) Class: 7K(128K)->7K(128K)
[2026-06-17T10:01:48.946+0800][46.574s][info][gc             ] GC(1813) Pause Young (Allocation Failure) 46M->43M(57M) 3.669ms
[2026-06-17T10:01:48.947+0800][46.575s][info][gc,cpu         ] GC(1813) User=0.00s Sys=0.00s Real=0.00s
[2026-06-17T10:01:48.969+0800][46.597s][info][gc,start       ] GC(1814) Pause Young (Allocation Failure)
[2026-06-17T10:01:48.971+0800][46.598s][info][gc,heap        ] GC(1814) PSYoungGen: 14045K(14336K)->5019K(14336K) Eden: 7132K(7168K)->0K(7168K) From: 6912K(7168K)->5019K(7168K)
[2026-06-17T10:01:48.971+0800][46.599s][info][gc,heap        ] GC(1814) ParOldGen: 37434K(44032K)->39584K(44032K)
[2026-06-17T10:01:48.972+0800][46.599s][info][gc,metaspace   ] GC(1814) Metaspace: 114K(320K)->114K(320K) NonClass: 106K(192K)->106K(192K) Class: 7K(128K)->7K(128K)
[2026-06-17T10:01:48.972+0800][46.600s][info][gc             ] GC(1814) Pause Young (Allocation Failure) 50M->43M(57M) 3.196ms
[2026-06-17T10:01:48.972+0800][46.600s][info][gc,cpu         ] GC(1814) User=0.01s Sys=0.00s Real=0.01s
[2026-06-17T10:01:48.994+0800][46.622s][info][gc,start       ] GC(1815) Pause Young (Allocation Failure)
[2026-06-17T10:01:48.996+0800][46.623s][info][gc,heap        ] GC(1815) PSYoungGen: 12181K(14336K)->2469K(14336K) Eden: 7161K(7168K)->0K(7168K) From: 5019K(7168K)->2469K(7168K)
[2026-06-17T10:01:48.996+0800][46.624s][info][gc,heap        ] GC(1815) ParOldGen: 39584K(44032K)->42597K(44032K)
[2026-06-17T10:01:48.997+0800][46.625s][info][gc,metaspace   ] GC(1815) Metaspace: 114K(320K)->114K(320K) NonClass: 106K(192K)->106K(192K) Class: 7K(128K)->7K(128K)
[2026-06-17T10:01:48.997+0800][46.625s][info][gc             ] GC(1815) Pause Young (Allocation Failure) 50M->44M(57M) 3.252ms
[2026-06-17T10:01:48.998+0800][46.625s][info][gc,cpu         ] GC(1815) User=0.00s Sys=0.00s Real=0.00s
[2026-06-17T10:01:49.009+0800][46.637s][info][gc,start       ] GC(1816) Pause Full (Ergonomics)
[2026-06-17T10:01:49.009+0800][46.637s][info][gc,phases,start] GC(1816) Marking Phase
[2026-06-17T10:01:49.012+0800][46.640s][info][gc,phases      ] GC(1816) Marking Phase 2.441ms
[2026-06-17T10:01:49.012+0800][46.640s][info][gc,phases,start] GC(1816) Summary Phase
[2026-06-17T10:01:49.012+0800][46.640s][info][gc,phases      ] GC(1816) Summary Phase 0.241ms
[2026-06-17T10:01:49.013+0800][46.640s][info][gc,phases,start] GC(1816) Adjust Roots
[2026-06-17T10:01:49.013+0800][46.641s][info][gc,phases      ] GC(1816) Adjust Roots 0.369ms
[2026-06-17T10:01:49.013+0800][46.641s][info][gc,phases,start] GC(1816) Compaction Phase
[2026-06-17T10:01:49.015+0800][46.643s][info][gc,phases      ] GC(1816) Compaction Phase 2.159ms
[2026-06-17T10:01:49.016+0800][46.644s][info][gc,phases,start] GC(1816) Post Compact
[2026-06-17T10:01:49.016+0800][46.644s][info][gc,phases      ] GC(1816) Post Compact 0.352ms
[2026-06-17T10:01:49.016+0800][46.644s][info][gc,heap        ] GC(1816) PSYoungGen: 9527K(14336K)->0K(14336K) Eden: 7058K(7168K)->0K(7168K) From: 2469K(7168K)->0K(7168K)
[2026-06-17T10:01:49.017+0800][46.644s][info][gc,heap        ] GC(1816) ParOldGen: 42597K(44032K)->31631K(44032K)
[2026-06-17T10:01:49.017+0800][46.644s][info][gc,metaspace   ] GC(1816) Metaspace: 114K(320K)->114K(320K) NonClass: 106K(192K)->106K(192K) Class: 7K(128K)->7K(128K)
[2026-06-17T10:01:49.017+0800][46.645s][info][gc             ] GC(1816) Pause Full (Ergonomics) 50M->30M(57M) 7.926ms
[2026-06-17T10:01:49.017+0800][46.645s][info][gc,cpu         ] GC(1816) User=0.01s Sys=0.00s Real=0.01s
[2026-06-17T10:01:49.038+0800][46.666s][info][gc,start       ] GC(1817) Pause Young (Allocation Failure)
[2026-06-17T10:01:49.040+0800][46.667s][info][gc,heap        ] GC(1817) PSYoungGen: 7133K(14336K)->3460K(14336K) Eden: 7133K(7168K)->0K(7168K) From: 0K(7168K)->3460K(7168K)
[2026-06-17T10:01:49.040+0800][46.668s][info][gc,heap        ] GC(1817) ParOldGen: 31631K(44032K)->31631K(44032K)
[2026-06-17T10:01:49.040+0800][46.668s][info][gc,metaspace   ] GC(1817) Metaspace: 114K(320K)->114K(320K) NonClass: 106K(192K)->106K(192K) Class: 7K(128K)->7K(128K)
[2026-06-17T10:01:49.041+0800][46.668s][info][gc             ] GC(1817) Pause Young (Allocation Failure) 37M->34M(57M) 2.280ms
[2026-06-17T10:01:49.041+0800][46.669s][info][gc,cpu         ] GC(1817) User=0.00s Sys=0.00s Real=0.00s
[2026-06-17T10:01:49.063+0800][46.691s][info][gc,start       ] GC(1818) Pause Young (Allocation Failure)
[2026-06-17T10:01:49.064+0800][46.692s][info][gc,heap        ] GC(1818) PSYoungGen: 10620K(14336K)->1853K(14336K) Eden: 7160K(7168K)->0K(7168K) From: 3460K(7168K)->1853K(7168K)
[2026-06-17T10:01:49.065+0800][46.692s][info][gc,heap        ] GC(1818) ParOldGen: 31631K(44032K)->33160K(44032K)
[2026-06-17T10:01:49.065+0800][46.693s][info][gc,metaspace   ] GC(1818) Metaspace: 114K(320K)->114K(320K) NonClass: 106K(192K)->106K(192K) Class: 7K(128K)->7K(128K)
[2026-06-17T10:01:49.065+0800][46.693s][info][gc             ] GC(1818) Pause Young (Allocation Failure) 41M->34M(57M) 2.443ms
[2026-06-17T10:01:49.066+0800][46.693s][info][gc,cpu         ] GC(1818) User=0.00s Sys=0.00s Real=0.00s
[2026-06-17T10:01:49.087+0800][46.715s][info][gc,start       ] GC(1819) Pause Young (Allocation Failure)
[2026-06-17T10:01:49.089+0800][46.716s][info][gc,heap        ] GC(1819) PSYoungGen: 9008K(14336K)->519K(14336K) Eden: 7155K(7168K)->0K(7168K) From: 1853K(7168K)->519K(7168K)
[2026-06-17T10:01:49.089+0800][46.717s][info][gc,heap        ] GC(1819) ParOldGen: 33160K(44032K)->34957K(44032K)
[2026-06-17T10:01:49.089+0800][46.717s][info][gc,metaspace   ] GC(1819) Metaspace: 114K(320K)->114K(320K) NonClass: 106K(192K)->106K(192K) Class: 7K(128K)->7K(128K)
[2026-06-17T10:01:49.090+0800][46.717s][info][gc             ] GC(1819) Pause Young (Allocation Failure) 41M->34M(57M) 2.510ms
[2026-06-17T10:01:49.090+0800][46.718s][info][gc,cpu         ] GC(1819) User=0.00s Sys=0.00s Real=0.00s
[2026-06-17T10:01:49.102+0800][46.729s][info][gc,start       ] GC(1820) Pause Young (Allocation Failure)
[2026-06-17T10:01:49.103+0800][46.730s][info][gc,heap        ] GC(1820) PSYoungGen: 7682K(14336K)->4259K(14336K) Eden: 7163K(7168K)->0K(7168K) From: 519K(7168K)->4259K(7168K)
[2026-06-17T10:01:49.103+0800][46.731s][info][gc,heap        ] GC(1820) ParOldGen: 34957K(44032K)->34957K(44032K)
[2026-06-17T10:01:49.103+0800][46.731s][info][gc,metaspace   ] GC(1820) Metaspace: 114K(320K)->114K(320K) NonClass: 106K(192K)->106K(192K) Class: 7K(128K)->7K(128K)
[2026-06-17T10:01:49.104+0800][46.732s][info][gc             ] GC(1820) Pause Young (Allocation Failure) 41M->38M(57M) 2.520ms
[2026-06-17T10:01:49.104+0800][46.732s][info][gc,cpu         ] GC(1820) User=0.00s Sys=0.00s Real=0.01s
[2026-06-17T10:01:49.126+0800][46.753s][info][gc,start       ] GC(1821) Pause Young (Allocation Failure)
[2026-06-17T10:01:49.127+0800][46.755s][info][gc,heap        ] GC(1821) PSYoungGen: 11406K(14336K)->2943K(14336K) Eden: 7146K(7168K)->0K(7168K) From: 4259K(7168K)->2943K(7168K)
[2026-06-17T10:01:49.127+0800][46.755s][info][gc,heap        ] GC(1821) ParOldGen: 34957K(44032K)->36896K(44032K)
[2026-06-17T10:01:49.128+0800][46.755s][info][gc,metaspace   ] GC(1821) Metaspace: 114K(320K)->114K(320K) NonClass: 106K(192K)->106K(192K) Class: 7K(128K)->7K(128K)
[2026-06-17T10:01:49.128+0800][46.756s][info][gc             ] GC(1821) Pause Young (Allocation Failure) 45M->38M(57M) 2.087ms
[2026-06-17T10:01:49.128+0800][46.756s][info][gc,cpu         ] GC(1821) User=0.00s Sys=0.00s Real=0.00s
[2026-06-17T10:01:49.150+0800][46.777s][info][gc,start       ] GC(1822) Pause Young (Allocation Failure)
[2026-06-17T10:01:49.151+0800][46.778s][info][gc,heap        ] GC(1822) PSYoungGen: 10111K(14336K)->3295K(14336K) Eden: 7168K(7168K)->0K(7168K) From: 2943K(7168K)->3295K(7168K)
[2026-06-17T10:01:49.153+0800][46.780s][info][gc,heap        ] GC(1822) ParOldGen: 36896K(44032K)->36896K(44032K)
[2026-06-17T10:01:49.155+0800][46.783s][info][gc,metaspace   ] GC(1822) Metaspace: 114K(320K)->114K(320K) NonClass: 106K(192K)->106K(192K) Class: 7K(128K)->7K(128K)
[2026-06-17T10:01:49.156+0800][46.784s][info][gc             ] GC(1822) Pause Young (Allocation Failure) 45M->39M(57M) 6.376ms
[2026-06-17T10:01:49.156+0800][46.784s][info][gc,cpu         ] GC(1822) User=0.00s Sys=0.00s Real=0.01s
[2026-06-17T10:01:49.168+0800][46.795s][info][gc,start       ] GC(1823) Pause Young (Allocation Failure)
[2026-06-17T10:01:49.169+0800][46.796s][info][gc,heap        ] GC(1823) PSYoungGen: 10242K(14336K)->965K(14848K) Eden: 6946K(7168K)->0K(8192K) From: 3295K(7168K)->965K(6656K)
[2026-06-17T10:01:49.169+0800][46.797s][info][gc,heap        ] GC(1823) ParOldGen: 36896K(44032K)->39092K(44032K)
[2026-06-17T10:01:49.169+0800][46.797s][info][gc,metaspace   ] GC(1823) Metaspace: 114K(320K)->114K(320K) NonClass: 106K(192K)->106K(192K) Class: 7K(128K)->7K(128K)
[2026-06-17T10:01:49.169+0800][46.797s][info][gc             ] GC(1823) Pause Young (Allocation Failure) 46M->39M(57M) 1.808ms
[2026-06-17T10:01:49.170+0800][46.797s][info][gc,cpu         ] GC(1823) User=0.00s Sys=0.00s Real=0.00s
[2026-06-17T10:01:49.191+0800][46.819s][info][gc,start       ] GC(1824) Pause Young (Allocation Failure)
[2026-06-17T10:01:49.193+0800][46.821s][info][gc,heap        ] GC(1824) PSYoungGen: 9146K(14848K)->4825K(13312K) Eden: 8180K(8192K)->0K(8192K) From: 965K(6656K)->4825K(5120K)
[2026-06-17T10:01:49.193+0800][46.821s][info][gc,heap        ] GC(1824) ParOldGen: 39092K(44032K)->40033K(44032K)
[2026-06-17T10:01:49.194+0800][46.822s][info][gc,metaspace   ] GC(1824) Metaspace: 114K(320K)->114K(320K) NonClass: 106K(192K)->106K(192K) Class: 7K(128K)->7K(128K)
[2026-06-17T10:01:49.195+0800][46.822s][info][gc             ] GC(1824) Pause Young (Allocation Failure) 47M->43M(56M) 3.714ms
[2026-06-17T10:01:49.195+0800][46.823s][info][gc,cpu         ] GC(1824) User=0.01s Sys=0.00s Real=0.00s
[2026-06-17T10:01:49.218+0800][46.846s][info][gc,start       ] GC(1825) Pause Young (Allocation Failure)
[2026-06-17T10:01:49.220+0800][46.848s][info][gc,heap        ] GC(1825) PSYoungGen: 13001K(13312K)->4269K(14336K) Eden: 8176K(8192K)->0K(7168K) From: 4825K(5120K)->4269K(7168K)
[2026-06-17T10:01:49.221+0800][46.849s][info][gc,heap        ] GC(1825) ParOldGen: 40033K(44032K)->41907K(44032K)
[2026-06-17T10:01:49.222+0800][46.849s][info][gc,metaspace   ] GC(1825) Metaspace: 114K(320K)->114K(320K) NonClass: 106K(192K)->106K(192K) Class: 7K(128K)->7K(128K)
[2026-06-17T10:01:49.222+0800][46.850s][info][gc             ] GC(1825) Pause Young (Allocation Failure) 51M->45M(57M) 3.981ms
[2026-06-17T10:01:49.223+0800][46.850s][info][gc,cpu         ] GC(1825) User=0.00s Sys=0.00s Real=0.01s
[2026-06-17T10:01:49.245+0800][46.873s][info][gc,start       ] GC(1826) Pause Full (Ergonomics)
[2026-06-17T10:01:49.246+0800][46.874s][info][gc,phases,start] GC(1826) Marking Phase
[2026-06-17T10:01:49.249+0800][46.877s][info][gc,phases      ] GC(1826) Marking Phase 3.278ms
[2026-06-17T10:01:49.250+0800][46.878s][info][gc,phases,start] GC(1826) Summary Phase
[2026-06-17T10:01:49.251+0800][46.878s][info][gc,phases      ] GC(1826) Summary Phase 0.711ms
[2026-06-17T10:01:49.251+0800][46.879s][info][gc,phases,start] GC(1826) Adjust Roots
[2026-06-17T10:01:49.252+0800][46.880s][info][gc,phases      ] GC(1826) Adjust Roots 0.757ms
[2026-06-17T10:01:49.252+0800][46.880s][info][gc,phases,start] GC(1826) Compaction Phase
[2026-06-17T10:01:49.255+0800][46.883s][info][gc,phases      ] GC(1826) Compaction Phase 3.005ms
[2026-06-17T10:01:49.256+0800][46.884s][info][gc,phases,start] GC(1826) Post Compact
[2026-06-17T10:01:49.257+0800][46.885s][info][gc,phases      ] GC(1826) Post Compact 0.754ms
[2026-06-17T10:01:49.257+0800][46.885s][info][gc,heap        ] GC(1826) PSYoungGen: 11410K(14336K)->0K(14336K) Eden: 7140K(7168K)->0K(7168K) From: 4269K(7168K)->0K(7168K)
[2026-06-17T10:01:49.258+0800][46.885s][info][gc,heap        ] GC(1826) ParOldGen: 41907K(44032K)->28921K(44032K)
[2026-06-17T10:01:49.258+0800][46.886s][info][gc,metaspace   ] GC(1826) Metaspace: 114K(320K)->114K(320K) NonClass: 106K(192K)->106K(192K) Class: 7K(128K)->7K(128K)
[2026-06-17T10:01:49.258+0800][46.886s][info][gc             ] GC(1826) Pause Full (Ergonomics) 52M->28M(57M) 13.098ms
[2026-06-17T10:01:49.259+0800][46.886s][info][gc,cpu         ] GC(1826) User=0.01s Sys=0.00s Real=0.01s
[2026-06-17T10:01:49.280+0800][46.908s][info][gc,start       ] GC(1827) Pause Young (Allocation Failure)
[2026-06-17T10:01:49.283+0800][46.910s][info][gc,heap        ] GC(1827) PSYoungGen: 7158K(14336K)->3396K(14336K) Eden: 7158K(7168K)->0K(7168K) From: 0K(7168K)->3396K(7168K)
[2026-06-17T10:01:49.283+0800][46.911s][info][gc,heap        ] GC(1827) ParOldGen: 28921K(44032K)->28921K(44032K)
[2026-06-17T10:01:49.284+0800][46.912s][info][gc,metaspace   ] GC(1827) Metaspace: 114K(320K)->114K(320K) NonClass: 106K(192K)->106K(192K) Class: 7K(128K)->7K(128K)
[2026-06-17T10:01:49.285+0800][46.912s][info][gc             ] GC(1827) Pause Young (Allocation Failure) 35M->31M(57M) 4.332ms
[2026-06-17T10:01:49.285+0800][46.913s][info][gc,cpu         ] GC(1827) User=0.01s Sys=0.00s Real=0.01s
[2026-06-17T10:01:49.297+0800][46.924s][info][gc,start       ] GC(1828) Pause Young (Allocation Failure)
[2026-06-17T10:01:49.298+0800][46.926s][info][gc,heap        ] GC(1828) PSYoungGen: 10430K(14336K)->892K(14336K) Eden: 7034K(7168K)->0K(7168K) From: 3396K(7168K)->892K(7168K)
[2026-06-17T10:01:49.299+0800][46.926s][info][gc,heap        ] GC(1828) ParOldGen: 28921K(44032K)->31880K(44032K)
[2026-06-17T10:01:49.299+0800][46.927s][info][gc,metaspace   ] GC(1828) Metaspace: 114K(320K)->114K(320K) NonClass: 106K(192K)->106K(192K) Class: 7K(128K)->7K(128K)
[2026-06-17T10:01:49.300+0800][46.928s][info][gc             ] GC(1828) Pause Young (Allocation Failure) 38M->32M(57M) 3.337ms
[2026-06-17T10:01:49.301+0800][46.928s][info][gc,cpu         ] GC(1828) User=0.00s Sys=0.00s Real=0.00s
[2026-06-17T10:01:49.323+0800][46.951s][info][gc,start       ] GC(1829) Pause Young (Allocation Failure)
[2026-06-17T10:01:49.325+0800][46.953s][info][gc,heap        ] GC(1829) PSYoungGen: 8010K(14336K)->3518K(14848K) Eden: 7118K(7168K)->0K(7680K) From: 892K(7168K)->3518K(7168K)
[2026-06-17T10:01:49.325+0800][46.953s][info][gc,heap        ] GC(1829) ParOldGen: 31880K(44032K)->32748K(44032K)
[2026-06-17T10:01:49.326+0800][46.954s][info][gc,metaspace   ] GC(1829) Metaspace: 114K(320K)->114K(320K) NonClass: 106K(192K)->106K(192K) Class: 7K(128K)->7K(128K)
[2026-06-17T10:01:49.326+0800][46.954s][info][gc             ] GC(1829) Pause Young (Allocation Failure) 38M->35M(57M) 3.502ms
[2026-06-17T10:01:49.327+0800][46.955s][info][gc,cpu         ] GC(1829) User=0.00s Sys=0.00s Real=0.00s
[2026-06-17T10:01:49.348+0800][46.976s][info][gc,start       ] GC(1830) Pause Young (Allocation Failure)
[2026-06-17T10:01:49.349+0800][46.976s][info][gc,heap        ] GC(1830) PSYoungGen: 11196K(14848K)->3457K(14336K) Eden: 7678K(7680K)->0K(7680K) From: 3518K(7168K)->3457K(6656K)
[2026-06-17T10:01:49.349+0800][46.977s][info][gc,heap        ] GC(1830) ParOldGen: 32748K(44032K)->33485K(44032K)
[2026-06-17T10:01:49.349+0800][46.977s][info][gc,metaspace   ] GC(1830) Metaspace: 114K(320K)->114K(320K) NonClass: 106K(192K)->106K(192K) Class: 7K(128K)->7K(128K)
[2026-06-17T10:01:49.349+0800][46.977s][info][gc             ] GC(1830) Pause Young (Allocation Failure) 42M->36M(57M) 1.212ms
[2026-06-17T10:01:49.349+0800][46.977s][info][gc,cpu         ] GC(1830) User=0.00s Sys=0.00s Real=0.00s
[2026-06-17T10:01:49.370+0800][46.998s][info][gc,start       ] GC(1831) Pause Young (Allocation Failure)
[2026-06-17T10:01:49.372+0800][47.000s][info][gc,heap        ] GC(1831) PSYoungGen: 11105K(14336K)->3777K(14848K) Eden: 7647K(7680K)->0K(8192K) From: 3457K(6656K)->3777K(6656K)
[2026-06-17T10:01:49.372+0800][47.000s][info][gc,heap        ] GC(1831) ParOldGen: 33485K(44032K)->33485K(44032K)
[2026-06-17T10:01:49.373+0800][47.000s][info][gc,metaspace   ] GC(1831) Metaspace: 114K(320K)->114K(320K) NonClass: 106K(192K)->106K(192K) Class: 7K(128K)->7K(128K)
[2026-06-17T10:01:49.373+0800][47.000s][info][gc             ] GC(1831) Pause Young (Allocation Failure) 43M->36M(57M) 2.258ms
[2026-06-17T10:01:49.373+0800][47.001s][info][gc,cpu         ] GC(1831) User=0.00s Sys=0.00s Real=0.00s
[2026-06-17T10:01:49.384+0800][47.012s][info][gc,start       ] GC(1832) Pause Young (Allocation Failure)
[2026-06-17T10:01:49.385+0800][47.013s][info][gc,heap        ] GC(1832) PSYoungGen: 11570K(14848K)->2012K(14848K) Eden: 7792K(8192K)->0K(8192K) From: 3777K(6656K)->2012K(6656K)
[2026-06-17T10:01:49.386+0800][47.014s][info][gc,heap        ] GC(1832) ParOldGen: 33485K(44032K)->35440K(44032K)
[2026-06-17T10:01:49.386+0800][47.014s][info][gc,metaspace   ] GC(1832) Metaspace: 114K(320K)->114K(320K) NonClass: 106K(192K)->106K(192K) Class: 7K(128K)->7K(128K)
[2026-06-17T10:01:49.386+0800][47.014s][info][gc             ] GC(1832) Pause Young (Allocation Failure) 44M->36M(57M) 1.971ms
[2026-06-17T10:01:49.387+0800][47.014s][info][gc,cpu         ] GC(1832) User=0.00s Sys=0.00s Real=0.00s
[2026-06-17T10:01:49.408+0800][47.036s][info][gc,start       ] GC(1833) Pause Young (Allocation Failure)
[2026-06-17T10:01:49.410+0800][47.037s][info][gc,heap        ] GC(1833) PSYoungGen: 10201K(14848K)->6131K(13312K) Eden: 8189K(8192K)->0K(7168K) From: 2012K(6656K)->6131K(6144K)
[2026-06-17T10:01:49.410+0800][47.038s][info][gc,heap        ] GC(1833) ParOldGen: 35440K(44032K)->36090K(44032K)
[2026-06-17T10:01:49.410+0800][47.038s][info][gc,metaspace   ] GC(1833) Metaspace: 114K(320K)->114K(320K) NonClass: 106K(192K)->106K(192K) Class: 7K(128K)->7K(128K)
[2026-06-17T10:01:49.411+0800][47.038s][info][gc             ] GC(1833) Pause Young (Allocation Failure) 44M->41M(56M) 2.415ms
[2026-06-17T10:01:49.411+0800][47.038s][info][gc,cpu         ] GC(1833) User=0.00s Sys=0.00s Real=0.01s
[2026-06-17T10:01:49.432+0800][47.060s][info][gc,start       ] GC(1834) Pause Young (Allocation Failure)
[2026-06-17T10:01:49.434+0800][47.062s][info][gc,heap        ] GC(1834) PSYoungGen: 13278K(13312K)->3618K(14336K) Eden: 7147K(7168K)->0K(7168K) From: 6131K(6144K)->3618K(7168K)
[2026-06-17T10:01:49.434+0800][47.062s][info][gc,heap        ] GC(1834) ParOldGen: 36090K(44032K)->39211K(44032K)
[2026-06-17T10:01:49.435+0800][47.062s][info][gc,metaspace   ] GC(1834) Metaspace: 114K(320K)->114K(320K) NonClass: 106K(192K)->106K(192K) Class: 7K(128K)->7K(128K)
[2026-06-17T10:01:49.435+0800][47.063s][info][gc             ] GC(1834) Pause Young (Allocation Failure) 48M->41M(57M) 2.790ms
[2026-06-17T10:01:49.435+0800][47.063s][info][gc,cpu         ] GC(1834) User=0.00s Sys=0.00s Real=0.00s
[2026-06-17T10:01:49.456+0800][47.084s][info][gc,start       ] GC(1835) Pause Young (Allocation Failure)
[2026-06-17T10:01:49.458+0800][47.085s][info][gc,heap        ] GC(1835) PSYoungGen: 10766K(14336K)->2147K(14848K) Eden: 7148K(7168K)->0K(7680K) From: 3618K(7168K)->2147K(7168K)
[2026-06-17T10:01:49.458+0800][47.086s][info][gc,heap        ] GC(1835) ParOldGen: 39211K(44032K)->40793K(44032K)
[2026-06-17T10:01:49.458+0800][47.086s][info][gc,metaspace   ] GC(1835) Metaspace: 114K(320K)->114K(320K) NonClass: 106K(192K)->106K(192K) Class: 7K(128K)->7K(128K)
[2026-06-17T10:01:49.458+0800][47.086s][info][gc             ] GC(1835) Pause Young (Allocation Failure) 48M->41M(57M) 1.899ms
[2026-06-17T10:01:49.459+0800][47.086s][info][gc,cpu         ] GC(1835) User=0.00s Sys=0.00s Real=0.00s
[2026-06-17T10:01:49.480+0800][47.107s][info][gc,start       ] GC(1836) Pause Full (Ergonomics)
[2026-06-17T10:01:49.480+0800][47.108s][info][gc,phases,start] GC(1836) Marking Phase
[2026-06-17T10:01:49.482+0800][47.110s][info][gc,phases      ] GC(1836) Marking Phase 1.785ms
[2026-06-17T10:01:49.482+0800][47.110s][info][gc,phases,start] GC(1836) Summary Phase
[2026-06-17T10:01:49.482+0800][47.110s][info][gc,phases      ] GC(1836) Summary Phase 0.188ms
[2026-06-17T10:01:49.482+0800][47.110s][info][gc,phases,start] GC(1836) Adjust Roots
[2026-06-17T10:01:49.483+0800][47.110s][info][gc,phases      ] GC(1836) Adjust Roots 0.286ms
[2026-06-17T10:01:49.483+0800][47.111s][info][gc,phases,start] GC(1836) Compaction Phase
[2026-06-17T10:01:49.485+0800][47.113s][info][gc,phases      ] GC(1836) Compaction Phase 1.932ms
[2026-06-17T10:01:49.485+0800][47.113s][info][gc,phases,start] GC(1836) Post Compact
[2026-06-17T10:01:49.485+0800][47.113s][info][gc,phases      ] GC(1836) Post Compact 0.244ms
[2026-06-17T10:01:49.486+0800][47.113s][info][gc,heap        ] GC(1836) PSYoungGen: 9821K(14848K)->0K(14336K) Eden: 7673K(7680K)->0K(7680K) From: 2147K(7168K)->0K(6656K)
[2026-06-17T10:01:49.486+0800][47.113s][info][gc,heap        ] GC(1836) ParOldGen: 40793K(44032K)->29469K(44032K)
[2026-06-17T10:01:49.486+0800][47.113s][info][gc,metaspace   ] GC(1836) Metaspace: 114K(320K)->114K(320K) NonClass: 106K(192K)->106K(192K) Class: 7K(128K)->7K(128K)
[2026-06-17T10:01:49.486+0800][47.114s][info][gc             ] GC(1836) Pause Full (Ergonomics) 49M->28M(57M) 6.192ms
[2026-06-17T10:01:49.486+0800][47.114s][info][gc,cpu         ] GC(1836) User=0.00s Sys=0.00s Real=0.01s
[2026-06-17T10:01:49.497+0800][47.125s][info][gc,start       ] GC(1837) Pause Young (Allocation Failure)
[2026-06-17T10:01:49.498+0800][47.126s][info][gc,heap        ] GC(1837) PSYoungGen: 7667K(14336K)->6566K(13824K) Eden: 7667K(7680K)->0K(7168K) From: 0K(6656K)->6566K(6656K)
[2026-06-17T10:01:49.498+0800][47.126s][info][gc,heap        ] GC(1837) ParOldGen: 29469K(44032K)->30622K(44032K)
[2026-06-17T10:01:49.498+0800][47.126s][info][gc,metaspace   ] GC(1837) Metaspace: 114K(320K)->114K(320K) NonClass: 106K(192K)->106K(192K) Class: 7K(128K)->7K(128K)
[2026-06-17T10:01:49.499+0800][47.126s][info][gc             ] GC(1837) Pause Young (Allocation Failure) 36M->36M(56M) 1.720ms
[2026-06-17T10:01:49.499+0800][47.126s][info][gc,cpu         ] GC(1837) User=0.00s Sys=0.00s Real=0.00s
[2026-06-17T10:01:49.520+0800][47.148s][info][gc,start       ] GC(1838) Pause Young (Allocation Failure)
[2026-06-17T10:01:49.521+0800][47.148s][info][gc,heap        ] GC(1838) PSYoungGen: 13699K(13824K)->3334K(14336K) Eden: 7133K(7168K)->0K(7168K) From: 6566K(6656K)->3334K(7168K)
[2026-06-17T10:01:49.521+0800][47.149s][info][gc,heap        ] GC(1838) ParOldGen: 30622K(44032K)->34159K(44032K)
[2026-06-17T10:01:49.522+0800][47.149s][info][gc,metaspace   ] GC(1838) Metaspace: 114K(320K)->114K(320K) NonClass: 106K(192K)->106K(192K) Class: 7K(128K)->7K(128K)
[2026-06-17T10:01:49.522+0800][47.149s][info][gc             ] GC(1838) Pause Young (Allocation Failure) 43M->36M(57M) 1.981ms
[2026-06-17T10:01:49.522+0800][47.150s][info][gc,cpu         ] GC(1838) User=0.01s Sys=0.00s Real=0.00s
[2026-06-17T10:01:49.543+0800][47.171s][info][gc,start       ] GC(1839) Pause Young (Allocation Failure)
[2026-06-17T10:01:49.545+0800][47.172s][info][gc,heap        ] GC(1839) PSYoungGen: 10466K(14336K)->3643K(14336K) Eden: 7132K(7168K)->0K(7168K) From: 3334K(7168K)->3643K(7168K)
[2026-06-17T10:01:49.545+0800][47.173s][info][gc,heap        ] GC(1839) ParOldGen: 34159K(44032K)->34159K(44032K)
[2026-06-17T10:01:49.546+0800][47.174s][info][gc,metaspace   ] GC(1839) Metaspace: 114K(320K)->114K(320K) NonClass: 106K(192K)->106K(192K) Class: 7K(128K)->7K(128K)
[2026-06-17T10:01:49.546+0800][47.174s][info][gc             ] GC(1839) Pause Young (Allocation Failure) 43M->36M(57M) 3.167ms
[2026-06-17T10:01:49.547+0800][47.175s][info][gc,cpu         ] GC(1839) User=0.00s Sys=0.00s Real=0.00s
[2026-06-17T10:01:49.569+0800][47.197s][info][gc,start       ] GC(1840) Pause Young (Allocation Failure)
[2026-06-17T10:01:49.571+0800][47.199s][info][gc,heap        ] GC(1840) PSYoungGen: 10806K(14336K)->2246K(14336K) Eden: 7163K(7168K)->0K(7168K) From: 3643K(7168K)->2246K(7168K)
[2026-06-17T10:01:49.572+0800][47.200s][info][gc,heap        ] GC(1840) ParOldGen: 34159K(44032K)->35926K(44032K)
[2026-06-17T10:01:49.572+0800][47.200s][info][gc,metaspace   ] GC(1840) Metaspace: 114K(320K)->114K(320K) NonClass: 106K(192K)->106K(192K) Class: 7K(128K)->7K(128K)
[2026-06-17T10:01:49.573+0800][47.201s][info][gc             ] GC(1840) Pause Young (Allocation Failure) 43M->37M(57M) 3.716ms
[2026-06-17T10:01:49.574+0800][47.201s][info][gc,cpu         ] GC(1840) User=0.00s Sys=0.00s Real=0.01s
[2026-06-17T10:01:49.596+0800][47.223s][info][gc,start       ] GC(1841) Pause Young (Allocation Failure)
[2026-06-17T10:01:49.597+0800][47.225s][info][gc,heap        ] GC(1841) PSYoungGen: 9362K(14336K)->567K(14336K) Eden: 7115K(7168K)->0K(7168K) From: 2246K(7168K)->567K(7168K)
[2026-06-17T10:01:49.598+0800][47.225s][info][gc,heap        ] GC(1841) ParOldGen: 35926K(44032K)->37655K(44032K)
[2026-06-17T10:01:49.598+0800][47.226s][info][gc,metaspace   ] GC(1841) Metaspace: 114K(320K)->114K(320K) NonClass: 106K(192K)->106K(192K) Class: 7K(128K)->7K(128K)
[2026-06-17T10:01:49.598+0800][47.226s][info][gc             ] GC(1841) Pause Young (Allocation Failure) 44M->37M(57M) 2.584ms
[2026-06-17T10:01:49.598+0800][47.226s][info][gc,cpu         ] GC(1841) User=0.00s Sys=0.00s Real=0.00s
[2026-06-17T10:01:49.610+0800][47.238s][info][gc,start       ] GC(1842) Pause Young (Allocation Failure)
[2026-06-17T10:01:49.612+0800][47.240s][info][gc,heap        ] GC(1842) PSYoungGen: 7716K(14336K)->4119K(14336K) Eden: 7148K(7168K)->0K(7168K) From: 567K(7168K)->4119K(7168K)
[2026-06-17T10:01:49.613+0800][47.240s][info][gc,heap        ] GC(1842) ParOldGen: 37655K(44032K)->37655K(44032K)
[2026-06-17T10:01:49.613+0800][47.241s][info][gc,metaspace   ] GC(1842) Metaspace: 114K(320K)->114K(320K) NonClass: 106K(192K)->106K(192K) Class: 7K(128K)->7K(128K)
[2026-06-17T10:01:49.614+0800][47.241s][info][gc             ] GC(1842) Pause Young (Allocation Failure) 44M->40M(57M) 3.504ms
[2026-06-17T10:01:49.614+0800][47.242s][info][gc,cpu         ] GC(1842) User=0.00s Sys=0.01s Real=0.01s
[2026-06-17T10:01:49.637+0800][47.264s][info][gc,start       ] GC(1843) Pause Young (Allocation Failure)
[2026-06-17T10:01:49.638+0800][47.266s][info][gc,heap        ] GC(1843) PSYoungGen: 11285K(14336K)->1085K(14336K) Eden: 7166K(7168K)->0K(7168K) From: 4119K(7168K)->1085K(7168K)
[2026-06-17T10:01:49.639+0800][47.267s][info][gc,heap        ] GC(1843) ParOldGen: 37655K(44032K)->40848K(44032K)
[2026-06-17T10:01:49.639+0800][47.267s][info][gc,metaspace   ] GC(1843) Metaspace: 114K(320K)->114K(320K) NonClass: 106K(192K)->106K(192K) Class: 7K(128K)->7K(128K)
[2026-06-17T10:01:49.640+0800][47.267s][info][gc             ] GC(1843) Pause Young (Allocation Failure) 47M->40M(57M) 3.193ms
[2026-06-17T10:01:49.640+0800][47.268s][info][gc,cpu         ] GC(1843) User=0.01s Sys=0.00s Real=0.00s
[2026-06-17T10:01:49.652+0800][47.279s][info][gc,start       ] GC(1844) Pause Full (Ergonomics)
[2026-06-17T10:01:49.652+0800][47.280s][info][gc,phases,start] GC(1844) Marking Phase
[2026-06-17T10:01:49.654+0800][47.282s][info][gc,phases      ] GC(1844) Marking Phase 1.971ms
[2026-06-17T10:01:49.655+0800][47.282s][info][gc,phases,start] GC(1844) Summary Phase
[2026-06-17T10:01:49.655+0800][47.282s][info][gc,phases      ] GC(1844) Summary Phase 0.239ms
[2026-06-17T10:01:49.655+0800][47.283s][info][gc,phases,start] GC(1844) Adjust Roots
[2026-06-17T10:01:49.655+0800][47.283s][info][gc,phases      ] GC(1844) Adjust Roots 0.302ms
[2026-06-17T10:01:49.655+0800][47.283s][info][gc,phases,start] GC(1844) Compaction Phase
[2026-06-17T10:01:49.658+0800][47.285s][info][gc,phases      ] GC(1844) Compaction Phase 2.190ms
[2026-06-17T10:01:49.658+0800][47.286s][info][gc,phases,start] GC(1844) Post Compact
[2026-06-17T10:01:49.659+0800][47.287s][info][gc,phases      ] GC(1844) Post Compact 0.858ms
[2026-06-17T10:01:49.661+0800][47.289s][info][gc,heap        ] GC(1844) PSYoungGen: 8240K(14336K)->0K(14336K) Eden: 7155K(7168K)->0K(7168K) From: 1085K(7168K)->0K(7168K)
[2026-06-17T10:01:49.662+0800][47.290s][info][gc,heap        ] GC(1844) ParOldGen: 40848K(44032K)->32110K(44032K)
[2026-06-17T10:01:49.663+0800][47.291s][info][gc,metaspace   ] GC(1844) Metaspace: 114K(320K)->114K(320K) NonClass: 106K(192K)->106K(192K) Class: 7K(128K)->7K(128K)
[2026-06-17T10:01:49.667+0800][47.295s][info][gc             ] GC(1844) Pause Full (Ergonomics) 47M->31M(57M) 15.415ms
[2026-06-17T10:01:49.670+0800][47.298s][info][gc,cpu         ] GC(1844) User=0.00s Sys=0.00s Real=0.01s
[2026-06-17T10:01:49.692+0800][47.319s][info][gc,start       ] GC(1845) Pause Young (Allocation Failure)
[2026-06-17T10:01:49.693+0800][47.320s][info][gc,heap        ] GC(1845) PSYoungGen: 7166K(14336K)->3699K(14336K) Eden: 7166K(7168K)->0K(7168K) From: 0K(7168K)->3699K(7168K)
[2026-06-17T10:01:49.693+0800][47.321s][info][gc,heap        ] GC(1845) ParOldGen: 32110K(44032K)->32110K(44032K)
[2026-06-17T10:01:49.694+0800][47.322s][info][gc,metaspace   ] GC(1845) Metaspace: 114K(320K)->114K(320K) NonClass: 106K(192K)->106K(192K) Class: 7K(128K)->7K(128K)
[2026-06-17T10:01:49.694+0800][47.322s][info][gc             ] GC(1845) Pause Young (Allocation Failure) 38M->34M(57M) 2.604ms
[2026-06-17T10:01:49.697+0800][47.325s][info][gc,cpu         ] GC(1845) User=0.01s Sys=0.00s Real=0.00s
[2026-06-17T10:01:49.719+0800][47.347s][info][gc,start       ] GC(1846) Pause Young (Allocation Failure)
[2026-06-17T10:01:49.720+0800][47.348s][info][gc,heap        ] GC(1846) PSYoungGen: 10821K(14336K)->3314K(14336K) Eden: 7122K(7168K)->0K(7168K) From: 3699K(7168K)->3314K(7168K)
[2026-06-17T10:01:49.721+0800][47.348s][info][gc,heap        ] GC(1846) ParOldGen: 32110K(44032K)->32733K(44032K)
[2026-06-17T10:01:49.721+0800][47.349s][info][gc,metaspace   ] GC(1846) Metaspace: 114K(320K)->114K(320K) NonClass: 106K(192K)->106K(192K) Class: 7K(128K)->7K(128K)
[2026-06-17T10:01:49.721+0800][47.349s][info][gc             ] GC(1846) Pause Young (Allocation Failure) 41M->35M(57M) 1.657ms
[2026-06-17T10:01:49.721+0800][47.349s][info][gc,cpu         ] GC(1846) User=0.00s Sys=0.00s Real=0.00s
[2026-06-17T10:01:49.732+0800][47.360s][info][gc,start       ] GC(1847) Pause Young (Allocation Failure)
[2026-06-17T10:01:49.733+0800][47.361s][info][gc,heap        ] GC(1847) PSYoungGen: 10149K(14336K)->3303K(14848K) Eden: 6835K(7168K)->0K(8192K) From: 3314K(7168K)->3303K(6656K)
[2026-06-17T10:01:49.733+0800][47.361s][info][gc,heap        ] GC(1847) ParOldGen: 32733K(44032K)->32733K(44032K)
[2026-06-17T10:01:49.733+0800][47.361s][info][gc,metaspace   ] GC(1847) Metaspace: 114K(320K)->114K(320K) NonClass: 106K(192K)->106K(192K) Class: 7K(128K)->7K(128K)
[2026-06-17T10:01:49.733+0800][47.361s][info][gc             ] GC(1847) Pause Young (Allocation Failure) 41M->35M(57M) 1.407ms
[2026-06-17T10:01:49.734+0800][47.361s][info][gc,cpu         ] GC(1847) User=0.00s Sys=0.00s Real=0.00s
[2026-06-17T10:01:49.765+0800][47.393s][info][gc,start       ] GC(1848) Pause Young (Allocation Failure)
[2026-06-17T10:01:49.767+0800][47.395s][info][gc,heap        ] GC(1848) PSYoungGen: 11464K(14848K)->2785K(14848K) Eden: 8161K(8192K)->0K(8192K) From: 3303K(6656K)->2785K(6656K)
[2026-06-17T10:01:49.768+0800][47.396s][info][gc,heap        ] GC(1848) ParOldGen: 32733K(44032K)->34629K(44032K)
[2026-06-17T10:01:49.769+0800][47.396s][info][gc,metaspace   ] GC(1848) Metaspace: 114K(320K)->114K(320K) NonClass: 106K(192K)->106K(192K) Class: 7K(128K)->7K(128K)
[2026-06-17T10:01:49.769+0800][47.397s][info][gc             ] GC(1848) Pause Young (Allocation Failure) 43M->36M(57M) 3.801ms
[2026-06-17T10:01:49.769+0800][47.397s][info][gc,cpu         ] GC(1848) User=0.00s Sys=0.00s Real=0.00s
[2026-06-17T10:01:49.791+0800][47.419s][info][gc,start       ] GC(1849) Pause Young (Allocation Failure)
[2026-06-17T10:01:49.793+0800][47.421s][info][gc,heap        ] GC(1849) PSYoungGen: 10966K(14848K)->3110K(15360K) Eden: 8180K(8192K)->0K(9216K) From: 2785K(6656K)->3110K(6144K)
[2026-06-17T10:01:49.794+0800][47.422s][info][gc,heap        ] GC(1849) ParOldGen: 34629K(44032K)->35988K(44032K)
[2026-06-17T10:01:49.795+0800][47.422s][info][gc,metaspace   ] GC(1849) Metaspace: 114K(320K)->114K(320K) NonClass: 106K(192K)->106K(192K) Class: 7K(128K)->7K(128K)
[2026-06-17T10:01:49.795+0800][47.423s][info][gc             ] GC(1849) Pause Young (Allocation Failure) 44M->38M(58M) 3.767ms
[2026-06-17T10:01:49.795+0800][47.423s][info][gc,cpu         ] GC(1849) User=0.01s Sys=0.00s Real=0.00s
[2026-06-17T10:01:49.818+0800][47.445s][info][gc,start       ] GC(1850) Pause Young (Allocation Failure)
[2026-06-17T10:01:49.819+0800][47.447s][info][gc,heap        ] GC(1850) PSYoungGen: 12322K(15360K)->5270K(14848K) Eden: 9212K(9216K)->0K(9216K) From: 3110K(6144K)->5270K(5632K)
[2026-06-17T10:01:49.820+0800][47.448s][info][gc,heap        ] GC(1850) ParOldGen: 35988K(44032K)->36325K(44032K)
[2026-06-17T10:01:49.821+0800][47.449s][info][gc,metaspace   ] GC(1850) Metaspace: 114K(320K)->114K(320K) NonClass: 106K(192K)->106K(192K) Class: 7K(128K)->7K(128K)
[2026-06-17T10:01:49.822+0800][47.450s][info][gc             ] GC(1850) Pause Young (Allocation Failure) 47M->40M(57M) 4.073ms
[2026-06-17T10:01:49.822+0800][47.450s][info][gc,cpu         ] GC(1850) User=0.00s Sys=0.00s Real=0.00s
[2026-06-17T10:01:49.844+0800][47.472s][info][gc,start       ] GC(1851) Pause Young (Allocation Failure)
[2026-06-17T10:01:49.846+0800][47.474s][info][gc,heap        ] GC(1851) PSYoungGen: 14450K(14848K)->5326K(14848K) Eden: 9180K(9216K)->0K(8192K) From: 5270K(5632K)->5326K(6656K)
[2026-06-17T10:01:49.847+0800][47.475s][info][gc,heap        ] GC(1851) ParOldGen: 36325K(44032K)->38389K(44032K)
[2026-06-17T10:01:49.847+0800][47.475s][info][gc,metaspace   ] GC(1851) Metaspace: 114K(320K)->114K(320K) NonClass: 106K(192K)->106K(192K) Class: 7K(128K)->7K(128K)
[2026-06-17T10:01:49.848+0800][47.476s][info][gc             ] GC(1851) Pause Young (Allocation Failure) 49M->42M(57M) 3.757ms
[2026-06-17T10:01:49.849+0800][47.476s][info][gc,cpu         ] GC(1851) User=0.00s Sys=0.00s Real=0.00s
[2026-06-17T10:01:49.871+0800][47.499s][info][gc,start       ] GC(1852) Pause Young (Allocation Failure)
[2026-06-17T10:01:49.873+0800][47.501s][info][gc,heap        ] GC(1852) PSYoungGen: 13489K(14848K)->4519K(12800K) Eden: 8162K(8192K)->0K(8192K) From: 5326K(6656K)->4519K(4608K)
[2026-06-17T10:01:49.875+0800][47.502s][info][gc,heap        ] GC(1852) ParOldGen: 38389K(44032K)->40392K(44032K)
[2026-06-17T10:01:49.875+0800][47.503s][info][gc,metaspace   ] GC(1852) Metaspace: 114K(320K)->114K(320K) NonClass: 106K(192K)->106K(192K) Class: 7K(128K)->7K(128K)
[2026-06-17T10:01:49.876+0800][47.504s][info][gc             ] GC(1852) Pause Young (Allocation Failure) 50M->43M(55M) 5.167ms
[2026-06-17T10:01:49.877+0800][47.505s][info][gc,cpu         ] GC(1852) User=0.01s Sys=0.00s Real=0.00s
[2026-06-17T10:01:49.899+0800][47.526s][info][gc,start       ] GC(1853) Pause Young (Allocation Failure)
[2026-06-17T10:01:49.901+0800][47.529s][info][gc,heap        ] GC(1853) PSYoungGen: 12683K(12800K)->3159K(14848K) Eden: 8164K(8192K)->0K(7680K) From: 4519K(4608K)->3159K(7168K)
[2026-06-17T10:01:49.902+0800][47.530s][info][gc,heap        ] GC(1853) ParOldGen: 40392K(44032K)->43256K(44032K)
[2026-06-17T10:01:49.904+0800][47.532s][info][gc,metaspace   ] GC(1853) Metaspace: 114K(320K)->114K(320K) NonClass: 106K(192K)->106K(192K) Class: 7K(128K)->7K(128K)
[2026-06-17T10:01:49.905+0800][47.532s][info][gc             ] GC(1853) Pause Young (Allocation Failure) 51M->45M(57M) 6.077ms
[2026-06-17T10:01:49.906+0800][47.533s][info][gc,cpu         ] GC(1853) User=0.00s Sys=0.00s Real=0.01s
[2026-06-17T10:01:49.928+0800][47.556s][info][gc,start       ] GC(1854) Pause Full (Ergonomics)
[2026-06-17T10:01:49.929+0800][47.556s][info][gc,phases,start] GC(1854) Marking Phase
[2026-06-17T10:01:49.931+0800][47.559s][info][gc,phases      ] GC(1854) Marking Phase 2.074ms
[2026-06-17T10:01:49.931+0800][47.559s][info][gc,phases,start] GC(1854) Summary Phase
[2026-06-17T10:01:49.932+0800][47.560s][info][gc,phases      ] GC(1854) Summary Phase 0.391ms
[2026-06-17T10:01:49.932+0800][47.560s][info][gc,phases,start] GC(1854) Adjust Roots
[2026-06-17T10:01:49.933+0800][47.561s][info][gc,phases      ] GC(1854) Adjust Roots 0.788ms
[2026-06-17T10:01:49.934+0800][47.562s][info][gc,phases,start] GC(1854) Compaction Phase
[2026-06-17T10:01:49.936+0800][47.564s][info][gc,phases      ] GC(1854) Compaction Phase 2.083ms
[2026-06-17T10:01:49.937+0800][47.564s][info][gc,phases,start] GC(1854) Post Compact
[2026-06-17T10:01:49.937+0800][47.565s][info][gc,phases      ] GC(1854) Post Compact 0.855ms
[2026-06-17T10:01:49.938+0800][47.566s][info][gc,heap        ] GC(1854) PSYoungGen: 10820K(14848K)->0K(14336K) Eden: 7661K(7680K)->0K(7680K) From: 3159K(7168K)->0K(6656K)
[2026-06-17T10:01:49.939+0800][47.566s][info][gc,heap        ] GC(1854) ParOldGen: 43256K(44032K)->25730K(44032K)
[2026-06-17T10:01:49.939+0800][47.567s][info][gc,metaspace   ] GC(1854) Metaspace: 114K(320K)->114K(320K) NonClass: 106K(192K)->106K(192K) Class: 7K(128K)->7K(128K)
[2026-06-17T10:01:49.940+0800][47.568s][info][gc             ] GC(1854) Pause Full (Ergonomics) 52M->25M(57M) 11.932ms
[2026-06-17T10:01:49.941+0800][47.569s][info][gc,cpu         ] GC(1854) User=0.00s Sys=0.01s Real=0.01s
[2026-06-17T10:01:49.963+0800][47.591s][info][gc,start       ] GC(1855) Pause Young (Allocation Failure)
[2026-06-17T10:01:49.965+0800][47.593s][info][gc,heap        ] GC(1855) PSYoungGen: 7676K(14336K)->4432K(14848K) Eden: 7676K(7680K)->0K(8192K) From: 0K(6656K)->4432K(6656K)
[2026-06-17T10:01:49.966+0800][47.594s][info][gc,heap        ] GC(1855) ParOldGen: 25730K(44032K)->25730K(44032K)
[2026-06-17T10:01:49.967+0800][47.595s][info][gc,metaspace   ] GC(1855) Metaspace: 114K(320K)->114K(320K) NonClass: 106K(192K)->106K(192K) Class: 7K(128K)->7K(128K)
[2026-06-17T10:01:49.968+0800][47.596s][info][gc             ] GC(1855) Pause Young (Allocation Failure) 32M->29M(57M) 4.794ms
[2026-06-17T10:01:49.969+0800][47.597s][info][gc,cpu         ] GC(1855) User=0.00s Sys=0.00s Real=0.00s
[2026-06-17T10:01:49.991+0800][47.619s][info][gc,start       ] GC(1856) Pause Young (Allocation Failure)
[2026-06-17T10:01:49.994+0800][47.621s][info][gc,heap        ] GC(1856) PSYoungGen: 12618K(14848K)->2295K(14848K) Eden: 8185K(8192K)->0K(8192K) From: 4432K(6656K)->2295K(6656K)
[2026-06-17T10:01:49.995+0800][47.622s][info][gc,heap        ] GC(1856) ParOldGen: 25730K(44032K)->29461K(44032K)
[2026-06-17T10:01:49.997+0800][47.624s][info][gc,metaspace   ] GC(1856) Metaspace: 114K(320K)->114K(320K) NonClass: 106K(192K)->106K(192K) Class: 7K(128K)->7K(128K)
[2026-06-17T10:01:49.998+0800][47.625s][info][gc             ] GC(1856) Pause Young (Allocation Failure) 37M->31M(57M) 6.288ms
[2026-06-17T10:01:49.999+0800][47.627s][info][gc,cpu         ] GC(1856) User=0.01s Sys=0.00s Real=0.00s
[2026-06-17T10:01:50.022+0800][47.650s][info][gc,start       ] GC(1857) Pause Young (Allocation Failure)
[2026-06-17T10:01:50.024+0800][47.652s][info][gc,heap        ] GC(1857) PSYoungGen: 10466K(14848K)->1714K(14848K) Eden: 8171K(8192K)->0K(8192K) From: 2295K(6656K)->1714K(6656K)
[2026-06-17T10:01:50.025+0800][47.653s][info][gc,heap        ] GC(1857) ParOldGen: 29461K(44032K)->31209K(44032K)
[2026-06-17T10:01:50.026+0800][47.654s][info][gc,metaspace   ] GC(1857) Metaspace: 114K(320K)->114K(320K) NonClass: 106K(192K)->106K(192K) Class: 7K(128K)->7K(128K)
[2026-06-17T10:01:50.027+0800][47.655s][info][gc             ] GC(1857) Pause Young (Allocation Failure) 38M->32M(57M) 5.141ms
[2026-06-17T10:01:50.028+0800][47.655s][info][gc,cpu         ] GC(1857) User=0.00s Sys=0.00s Real=0.01s
[2026-06-17T10:01:50.050+0800][47.678s][info][gc,start       ] GC(1858) Pause Young (Allocation Failure)
[2026-06-17T10:01:50.052+0800][47.680s][info][gc,heap        ] GC(1858) PSYoungGen: 9902K(14848K)->2918K(14848K) Eden: 8187K(8192K)->0K(8192K) From: 1714K(6656K)->2918K(6656K)
[2026-06-17T10:01:50.053+0800][47.681s][info][gc,heap        ] GC(1858) ParOldGen: 31209K(44032K)->31209K(44032K)
[2026-06-17T10:01:50.054+0800][47.682s][info][gc,metaspace   ] GC(1858) Metaspace: 114K(320K)->114K(320K) NonClass: 106K(192K)->106K(192K) Class: 7K(128K)->7K(128K)
[2026-06-17T10:01:50.055+0800][47.682s][info][gc             ] GC(1858) Pause Young (Allocation Failure) 40M->33M(57M) 4.695ms
[2026-06-17T10:01:50.057+0800][47.685s][info][gc,cpu         ] GC(1858) User=0.00s Sys=0.00s Real=0.01s
[2026-06-17T10:01:50.080+0800][47.707s][info][gc,start       ] GC(1859) Pause Young (Allocation Failure)
[2026-06-17T10:01:50.081+0800][47.709s][info][gc,heap        ] GC(1859) PSYoungGen: 11103K(14848K)->2823K(15360K) Eden: 8184K(8192K)->0K(8704K) From: 2918K(6656K)->2823K(6656K)
[2026-06-17T10:01:50.082+0800][47.710s][info][gc,heap        ] GC(1859) ParOldGen: 31209K(44032K)->32715K(44032K)
[2026-06-17T10:01:50.083+0800][47.711s][info][gc,metaspace   ] GC(1859) Metaspace: 114K(320K)->114K(320K) NonClass: 106K(192K)->106K(192K) Class: 7K(128K)->7K(128K)
[2026-06-17T10:01:50.083+0800][47.711s][info][gc             ] GC(1859) Pause Young (Allocation Failure) 41M->34M(58M) 3.537ms
[2026-06-17T10:01:50.084+0800][47.711s][info][gc,cpu         ] GC(1859) User=0.00s Sys=0.00s Real=0.01s
[2026-06-17T10:01:50.105+0800][47.733s][info][gc,start       ] GC(1860) Pause Young (Allocation Failure)
[2026-06-17T10:01:50.107+0800][47.735s][info][gc,heap        ] GC(1860) PSYoungGen: 11494K(15360K)->4423K(14848K) Eden: 8671K(8704K)->0K(8704K) From: 2823K(6656K)->4423K(6144K)
[2026-06-17T10:01:50.108+0800][47.735s][info][gc,heap        ] GC(1860) ParOldGen: 32715K(44032K)->32715K(44032K)
[2026-06-17T10:01:50.108+0800][47.736s][info][gc,metaspace   ] GC(1860) Metaspace: 114K(320K)->114K(320K) NonClass: 106K(192K)->106K(192K) Class: 7K(128K)->7K(128K)
[2026-06-17T10:01:50.109+0800][47.736s][info][gc             ] GC(1860) Pause Young (Allocation Failure) 43M->36M(57M) 3.235ms
[2026-06-17T10:01:50.109+0800][47.737s][info][gc,cpu         ] GC(1860) User=0.00s Sys=0.00s Real=0.00s
[2026-06-17T10:01:50.131+0800][47.759s][info][gc,start       ] GC(1861) Pause Young (Allocation Failure)
[2026-06-17T10:01:50.133+0800][47.761s][info][gc,heap        ] GC(1861) PSYoungGen: 13121K(14848K)->5685K(13824K) Eden: 8698K(8704K)->0K(7168K) From: 4423K(6144K)->5685K(6656K)
[2026-06-17T10:01:50.134+0800][47.761s][info][gc,heap        ] GC(1861) ParOldGen: 32715K(44032K)->32715K(44032K)
[2026-06-17T10:01:50.135+0800][47.763s][info][gc,metaspace   ] GC(1861) Metaspace: 118K(320K)->118K(320K) NonClass: 111K(192K)->111K(192K) Class: 7K(128K)->7K(128K)
[2026-06-17T10:01:50.136+0800][47.763s][info][gc             ] GC(1861) Pause Young (Allocation Failure) 44M->37M(56M) 4.412ms
[2026-06-17T10:01:50.136+0800][47.764s][info][gc,cpu         ] GC(1861) User=0.00s Sys=0.00s Real=0.00s
[2026-06-17T10:01:50.148+0800][47.776s][info][gc,start       ] GC(1862) Pause Young (Allocation Failure)
[2026-06-17T10:01:50.149+0800][47.777s][info][gc,heap        ] GC(1862) PSYoungGen: 12818K(13824K)->5746K(14336K) Eden: 7133K(7168K)->0K(7168K) From: 5685K(6656K)->5746K(7168K)
[2026-06-17T10:01:50.150+0800][47.777s][info][gc,heap        ] GC(1862) ParOldGen: 32715K(44032K)->32715K(44032K)
[2026-06-17T10:01:50.150+0800][47.778s][info][gc,metaspace   ] GC(1862) Metaspace: 118K(320K)->118K(320K) NonClass: 111K(192K)->111K(192K) Class: 7K(128K)->7K(128K)
[2026-06-17T10:01:50.151+0800][47.779s][info][gc             ] GC(1862) Pause Young (Allocation Failure) 44M->37M(57M) 2.747ms
[2026-06-17T10:01:50.151+0800][47.779s][info][gc,cpu         ] GC(1862) User=0.00s Sys=0.00s Real=0.01s
[2026-06-17T10:01:50.173+0800][47.801s][info][gc,start       ] GC(1863) Pause Young (Allocation Failure)
[2026-06-17T10:01:50.176+0800][47.804s][info][gc,heap        ] GC(1863) PSYoungGen: 12884K(14336K)->6475K(14336K) Eden: 7138K(7168K)->0K(7168K) From: 5746K(7168K)->6475K(7168K)
[2026-06-17T10:01:50.177+0800][47.805s][info][gc,heap        ] GC(1863) ParOldGen: 32715K(44032K)->35537K(44032K)
[2026-06-17T10:01:50.178+0800][47.805s][info][gc,metaspace   ] GC(1863) Metaspace: 118K(320K)->118K(320K) NonClass: 111K(192K)->111K(192K) Class: 7K(128K)->7K(128K)
[2026-06-17T10:01:50.178+0800][47.806s][info][gc             ] GC(1863) Pause Young (Allocation Failure) 44M->41M(57M) 5.269ms
[2026-06-17T10:01:50.179+0800][47.806s][info][gc,cpu         ] GC(1863) User=0.00s Sys=0.00s Real=0.00s
[2026-06-17T10:01:50.201+0800][47.828s][info][gc,start       ] GC(1864) Pause Young (Allocation Failure)
[2026-06-17T10:01:50.203+0800][47.830s][info][gc,heap        ] GC(1864) PSYoungGen: 13630K(14336K)->3865K(14336K) Eden: 7155K(7168K)->0K(7168K) From: 6475K(7168K)->3865K(7168K)
[2026-06-17T10:01:50.203+0800][47.831s][info][gc,heap        ] GC(1864) ParOldGen: 35537K(44032K)->38421K(44032K)
[2026-06-17T10:01:50.204+0800][47.831s][info][gc,metaspace   ] GC(1864) Metaspace: 118K(320K)->118K(320K) NonClass: 111K(192K)->111K(192K) Class: 7K(128K)->7K(128K)
[2026-06-17T10:01:50.204+0800][47.832s][info][gc             ] GC(1864) Pause Young (Allocation Failure) 48M->41M(57M) 3.586ms
[2026-06-17T10:01:50.205+0800][47.833s][info][gc,cpu         ] GC(1864) User=0.00s Sys=0.00s Real=0.01s
[2026-06-17T10:01:50.227+0800][47.854s][info][gc,start       ] GC(1865) Pause Young (Allocation Failure)
[2026-06-17T10:01:50.228+0800][47.856s][info][gc,heap        ] GC(1865) PSYoungGen: 11033K(14336K)->1681K(14336K) Eden: 7168K(7168K)->0K(7168K) From: 3865K(7168K)->1681K(7168K)
[2026-06-17T10:01:50.228+0800][47.856s][info][gc,heap        ] GC(1865) ParOldGen: 38421K(44032K)->41125K(44032K)
[2026-06-17T10:01:50.231+0800][47.859s][info][gc,metaspace   ] GC(1865) Metaspace: 118K(320K)->118K(320K) NonClass: 111K(192K)->111K(192K) Class: 7K(128K)->7K(128K)
[2026-06-17T10:01:50.231+0800][47.859s][info][gc             ] GC(1865) Pause Young (Allocation Failure) 48M->41M(57M) 4.871ms
[2026-06-17T10:01:50.232+0800][47.860s][info][gc,cpu         ] GC(1865) User=0.00s Sys=0.01s Real=0.01s
[2026-06-17T10:01:50.254+0800][47.881s][info][gc,start       ] GC(1866) Pause Full (Ergonomics)
[2026-06-17T10:01:50.256+0800][47.883s][info][gc,phases,start] GC(1866) Marking Phase
[2026-06-17T10:01:50.258+0800][47.886s][info][gc,phases      ] GC(1866) Marking Phase 2.264ms
[2026-06-17T10:01:50.258+0800][47.886s][info][gc,phases,start] GC(1866) Summary Phase
[2026-06-17T10:01:50.259+0800][47.887s][info][gc,phases      ] GC(1866) Summary Phase 0.557ms
[2026-06-17T10:01:50.260+0800][47.887s][info][gc,phases,start] GC(1866) Adjust Roots
[2026-06-17T10:01:50.260+0800][47.888s][info][gc,phases      ] GC(1866) Adjust Roots 0.448ms
[2026-06-17T10:01:50.260+0800][47.888s][info][gc,phases,start] GC(1866) Compaction Phase
[2026-06-17T10:01:50.262+0800][47.890s][info][gc,phases      ] GC(1866) Compaction Phase 2.079ms
[2026-06-17T10:01:50.263+0800][47.891s][info][gc,phases,start] GC(1866) Post Compact
[2026-06-17T10:01:50.264+0800][47.891s][info][gc,phases      ] GC(1866) Post Compact 0.575ms
[2026-06-17T10:01:50.264+0800][47.892s][info][gc,heap        ] GC(1866) PSYoungGen: 8849K(14336K)->0K(14336K) Eden: 7168K(7168K)->0K(7168K) From: 1681K(7168K)->0K(7168K)
[2026-06-17T10:01:50.264+0800][47.892s][info][gc,heap        ] GC(1866) ParOldGen: 41125K(44032K)->30133K(44032K)
[2026-06-17T10:01:50.265+0800][47.892s][info][gc,metaspace   ] GC(1866) Metaspace: 118K(320K)->118K(320K) NonClass: 111K(192K)->111K(192K) Class: 7K(128K)->7K(128K)
[2026-06-17T10:01:50.265+0800][47.893s][info][gc             ] GC(1866) Pause Full (Ergonomics) 48M->29M(57M) 11.368ms
[2026-06-17T10:01:50.266+0800][47.893s][info][gc,cpu         ] GC(1866) User=0.00s Sys=0.00s Real=0.01s
[2026-06-17T10:01:50.277+0800][47.905s][info][gc,start       ] GC(1867) Pause Young (Allocation Failure)
[2026-06-17T10:01:50.278+0800][47.906s][info][gc,heap        ] GC(1867) PSYoungGen: 7070K(14336K)->3555K(14336K) Eden: 7070K(7168K)->0K(7168K) From: 0K(7168K)->3555K(7168K)
[2026-06-17T10:01:50.279+0800][47.906s][info][gc,heap        ] GC(1867) ParOldGen: 30133K(44032K)->30133K(44032K)
[2026-06-17T10:01:50.279+0800][47.907s][info][gc,metaspace   ] GC(1867) Metaspace: 118K(320K)->118K(320K) NonClass: 111K(192K)->111K(192K) Class: 7K(128K)->7K(128K)
[2026-06-17T10:01:50.280+0800][47.907s][info][gc             ] GC(1867) Pause Young (Allocation Failure) 36M->32M(57M) 2.586ms
[2026-06-17T10:01:50.280+0800][47.908s][info][gc,cpu         ] GC(1867) User=0.01s Sys=0.00s Real=0.00s
[2026-06-17T10:01:50.301+0800][47.929s][info][gc,start       ] GC(1868) Pause Young (Allocation Failure)
[2026-06-17T10:01:50.302+0800][47.930s][info][gc,heap        ] GC(1868) PSYoungGen: 10712K(14336K)->3496K(14336K) Eden: 7156K(7168K)->0K(7168K) From: 3555K(7168K)->3496K(7168K)
[2026-06-17T10:01:50.303+0800][47.931s][info][gc,heap        ] GC(1868) ParOldGen: 30133K(44032K)->33666K(44032K)
[2026-06-17T10:01:50.304+0800][47.931s][info][gc,metaspace   ] GC(1868) Metaspace: 118K(320K)->118K(320K) NonClass: 111K(192K)->111K(192K) Class: 7K(128K)->7K(128K)
[2026-06-17T10:01:50.304+0800][47.932s][info][gc             ] GC(1868) Pause Young (Allocation Failure) 39M->36M(57M) 2.755ms
[2026-06-17T10:01:50.306+0800][47.934s][info][gc,cpu         ] GC(1868) User=0.00s Sys=0.00s Real=0.01s
[2026-06-17T10:01:50.317+0800][47.945s][info][gc,start       ] GC(1869) Pause Young (Allocation Failure)
[2026-06-17T10:01:50.319+0800][47.946s][info][gc,heap        ] GC(1869) PSYoungGen: 10265K(14336K)->3344K(14336K) Eden: 6768K(7168K)->0K(7168K) From: 3496K(7168K)->3344K(7168K)
[2026-06-17T10:01:50.319+0800][47.947s][info][gc,heap        ] GC(1869) ParOldGen: 33666K(44032K)->33666K(44032K)
[2026-06-17T10:01:50.320+0800][47.948s][info][gc,metaspace   ] GC(1869) Metaspace: 118K(320K)->118K(320K) NonClass: 111K(192K)->111K(192K) Class: 7K(128K)->7K(128K)
[2026-06-17T10:01:50.321+0800][47.948s][info][gc             ] GC(1869) Pause Young (Allocation Failure) 42M->36M(57M) 3.224ms
[2026-06-17T10:01:50.322+0800][47.950s][info][gc,cpu         ] GC(1869) User=0.00s Sys=0.00s Real=0.00s
[2026-06-17T10:01:50.343+0800][47.971s][info][gc,start       ] GC(1870) Pause Young (Allocation Failure)
[2026-06-17T10:01:50.346+0800][47.973s][info][gc,heap        ] GC(1870) PSYoungGen: 10511K(14336K)->6919K(14336K) Eden: 7167K(7168K)->0K(7168K) From: 3344K(7168K)->6919K(7168K)
[2026-06-17T10:01:50.346+0800][47.974s][info][gc,heap        ] GC(1870) ParOldGen: 33666K(44032K)->33666K(44032K)
[2026-06-17T10:01:50.347+0800][47.975s][info][gc,metaspace   ] GC(1870) Metaspace: 118K(320K)->118K(320K) NonClass: 111K(192K)->111K(192K) Class: 7K(128K)->7K(128K)
[2026-06-17T10:01:50.347+0800][47.975s][info][gc             ] GC(1870) Pause Young (Allocation Failure) 43M->39M(57M) 4.087ms
[2026-06-17T10:01:50.348+0800][47.976s][info][gc,cpu         ] GC(1870) User=0.00s Sys=0.00s Real=0.00s
[2026-06-17T10:01:50.359+0800][47.987s][info][gc,start       ] GC(1871) Pause Young (Allocation Failure)
[2026-06-17T10:01:50.362+0800][47.989s][info][gc,heap        ] GC(1871) PSYoungGen: 13816K(14336K)->3340K(14336K) Eden: 6897K(7168K)->0K(7168K) From: 6919K(7168K)->3340K(7168K)
[2026-06-17T10:01:50.362+0800][47.990s][info][gc,heap        ] GC(1871) ParOldGen: 33666K(44032K)->36986K(44032K)
[2026-06-17T10:01:50.363+0800][47.990s][info][gc,metaspace   ] GC(1871) Metaspace: 118K(320K)->118K(320K) NonClass: 111K(192K)->111K(192K) Class: 7K(128K)->7K(128K)
[2026-06-17T10:01:50.364+0800][47.992s][info][gc             ] GC(1871) Pause Young (Allocation Failure) 46M->39M(57M) 4.453ms
[2026-06-17T10:01:50.364+0800][47.992s][info][gc,cpu         ] GC(1871) User=0.00s Sys=0.00s Real=0.01s
[2026-06-17T10:01:50.386+0800][48.014s][info][gc,start       ] GC(1872) Pause Young (Allocation Failure)
[2026-06-17T10:01:50.388+0800][48.015s][info][gc,heap        ] GC(1872) PSYoungGen: 10484K(14336K)->3685K(14336K) Eden: 7144K(7168K)->0K(7168K) From: 3340K(7168K)->3685K(7168K)
[2026-06-17T10:01:50.389+0800][48.016s][info][gc,heap        ] GC(1872) ParOldGen: 36986K(44032K)->40302K(44032K)
[2026-06-17T10:01:50.389+0800][48.017s][info][gc,metaspace   ] GC(1872) Metaspace: 118K(320K)->118K(320K) NonClass: 111K(192K)->111K(192K) Class: 7K(128K)->7K(128K)
[2026-06-17T10:01:50.390+0800][48.018s][info][gc             ] GC(1872) Pause Young (Allocation Failure) 46M->42M(57M) 4.026ms
[2026-06-17T10:01:50.391+0800][48.018s][info][gc,cpu         ] GC(1872) User=0.01s Sys=0.00s Real=0.01s
[2026-06-17T10:01:50.412+0800][48.040s][info][gc,start       ] GC(1873) Pause Full (Ergonomics)
[2026-06-17T10:01:50.413+0800][48.041s][info][gc,phases,start] GC(1873) Marking Phase
[2026-06-17T10:01:50.415+0800][48.043s][info][gc,phases      ] GC(1873) Marking Phase 2.288ms
[2026-06-17T10:01:50.416+0800][48.043s][info][gc,phases,start] GC(1873) Summary Phase
[2026-06-17T10:01:50.417+0800][48.045s][info][gc,phases      ] GC(1873) Summary Phase 1.583ms
[2026-06-17T10:01:50.418+0800][48.045s][info][gc,phases,start] GC(1873) Adjust Roots
[2026-06-17T10:01:50.418+0800][48.046s][info][gc,phases      ] GC(1873) Adjust Roots 0.469ms
[2026-06-17T10:01:50.419+0800][48.046s][info][gc,phases,start] GC(1873) Compaction Phase
[2026-06-17T10:01:50.421+0800][48.049s][info][gc,phases      ] GC(1873) Compaction Phase 2.688ms
[2026-06-17T10:01:50.422+0800][48.050s][info][gc,phases,start] GC(1873) Post Compact
[2026-06-17T10:01:50.422+0800][48.050s][info][gc,phases      ] GC(1873) Post Compact 0.559ms
[2026-06-17T10:01:50.423+0800][48.051s][info][gc,heap        ] GC(1873) PSYoungGen: 10845K(14336K)->0K(14336K) Eden: 7160K(7168K)->0K(7168K) From: 3685K(7168K)->0K(7168K)
[2026-06-17T10:01:50.424+0800][48.051s][info][gc,heap        ] GC(1873) ParOldGen: 40302K(44032K)->25056K(44032K)
[2026-06-17T10:01:50.424+0800][48.052s][info][gc,metaspace   ] GC(1873) Metaspace: 118K(320K)->118K(320K) NonClass: 111K(192K)->111K(192K) Class: 7K(128K)->7K(128K)
[2026-06-17T10:01:50.425+0800][48.052s][info][gc             ] GC(1873) Pause Full (Ergonomics) 49M->24M(57M) 12.317ms
[2026-06-17T10:01:50.425+0800][48.053s][info][gc,cpu         ] GC(1873) User=0.01s Sys=0.00s Real=0.01s
[2026-06-17T10:01:50.447+0800][48.074s][info][gc,start       ] GC(1874) Pause Young (Allocation Failure)
[2026-06-17T10:01:50.449+0800][48.077s][info][gc,heap        ] GC(1874) PSYoungGen: 7143K(14336K)->3700K(14336K) Eden: 7143K(7168K)->0K(7168K) From: 0K(7168K)->3700K(7168K)
[2026-06-17T10:01:50.449+0800][48.077s][info][gc,heap        ] GC(1874) ParOldGen: 25056K(44032K)->25056K(44032K)
[2026-06-17T10:01:50.450+0800][48.078s][info][gc,metaspace   ] GC(1874) Metaspace: 118K(320K)->118K(320K) NonClass: 111K(192K)->111K(192K) Class: 7K(128K)->7K(128K)
[2026-06-17T10:01:50.450+0800][48.078s][info][gc             ] GC(1874) Pause Young (Allocation Failure) 31M->28M(57M) 3.777ms
[2026-06-17T10:01:50.452+0800][48.080s][info][gc,cpu         ] GC(1874) User=0.00s Sys=0.00s Real=0.01s
[2026-06-17T10:01:50.464+0800][48.091s][info][gc,start       ] GC(1875) Pause Young (Allocation Failure)
[2026-06-17T10:01:50.465+0800][48.093s][info][gc,heap        ] GC(1875) PSYoungGen: 10856K(14336K)->7059K(14336K) Eden: 7156K(7168K)->0K(7168K) From: 3700K(7168K)->7059K(7168K)
[2026-06-17T10:01:50.466+0800][48.094s][info][gc,heap        ] GC(1875) ParOldGen: 25056K(44032K)->25324K(44032K)
[2026-06-17T10:01:50.466+0800][48.094s][info][gc,metaspace   ] GC(1875) Metaspace: 118K(320K)->118K(320K) NonClass: 111K(192K)->111K(192K) Class: 7K(128K)->7K(128K)
[2026-06-17T10:01:50.467+0800][48.095s][info][gc             ] GC(1875) Pause Young (Allocation Failure) 35M->31M(57M) 3.379ms
[2026-06-17T10:01:50.468+0800][48.096s][info][gc,cpu         ] GC(1875) User=0.00s Sys=0.00s Real=0.00s
[2026-06-17T10:01:50.490+0800][48.118s][info][gc,start       ] GC(1876) Pause Young (Allocation Failure)
[2026-06-17T10:01:50.494+0800][48.122s][info][gc,heap        ] GC(1876) PSYoungGen: 14217K(14336K)->32K(14336K) Eden: 7157K(7168K)->0K(7168K) From: 7059K(7168K)->32K(7168K)
[2026-06-17T10:01:50.495+0800][48.123s][info][gc,heap        ] GC(1876) ParOldGen: 25324K(44032K)->29366K(44032K)
[2026-06-17T10:01:50.496+0800][48.123s][info][gc,metaspace   ] GC(1876) Metaspace: 118K(320K)->118K(320K) NonClass: 111K(192K)->111K(192K) Class: 7K(128K)->7K(128K)
[2026-06-17T10:01:50.496+0800][48.124s][info][gc             ] GC(1876) Pause Young (Allocation Failure) 38M->28M(57M) 6.082ms
[2026-06-17T10:01:50.497+0800][48.125s][info][gc,cpu         ] GC(1876) User=0.00s Sys=0.00s Real=0.01s
[2026-06-17T10:01:50.519+0800][48.147s][info][gc,start       ] GC(1877) Pause Young (Allocation Failure)
[2026-06-17T10:01:50.521+0800][48.148s][info][gc,heap        ] GC(1877) PSYoungGen: 7177K(14336K)->4004K(14336K) Eden: 7145K(7168K)->0K(7168K) From: 32K(7168K)->4004K(7168K)
[2026-06-17T10:01:50.521+0800][48.149s][info][gc,heap        ] GC(1877) ParOldGen: 29366K(44032K)->29374K(44032K)
[2026-06-17T10:01:50.522+0800][48.150s][info][gc,metaspace   ] GC(1877) Metaspace: 118K(320K)->118K(320K) NonClass: 111K(192K)->111K(192K) Class: 7K(128K)->7K(128K)
[2026-06-17T10:01:50.523+0800][48.151s][info][gc             ] GC(1877) Pause Young (Allocation Failure) 35M->32M(57M) 3.709ms
[2026-06-17T10:01:50.523+0800][48.151s][info][gc,cpu         ] GC(1877) User=0.01s Sys=0.00s Real=0.01s
[2026-06-17T10:01:50.545+0800][48.173s][info][gc,start       ] GC(1878) Pause Young (Allocation Failure)
[2026-06-17T10:01:50.548+0800][48.175s][info][gc,heap        ] GC(1878) PSYoungGen: 11147K(14336K)->2651K(14336K) Eden: 7142K(7168K)->0K(7168K) From: 4004K(7168K)->2651K(7168K)
[2026-06-17T10:01:50.548+0800][48.176s][info][gc,heap        ] GC(1878) ParOldGen: 29374K(44032K)->31195K(44032K)
[2026-06-17T10:01:50.550+0800][48.177s][info][gc,metaspace   ] GC(1878) Metaspace: 118K(320K)->118K(320K) NonClass: 111K(192K)->111K(192K) Class: 7K(128K)->7K(128K)
[2026-06-17T10:01:50.550+0800][48.178s][info][gc             ] GC(1878) Pause Young (Allocation Failure) 39M->33M(57M) 4.658ms
[2026-06-17T10:01:50.550+0800][48.178s][info][gc,cpu         ] GC(1878) User=0.00s Sys=0.00s Real=0.00s
[2026-06-17T10:01:50.562+0800][48.189s][info][gc,start       ] GC(1879) Pause Young (Allocation Failure)
[2026-06-17T10:01:50.563+0800][48.190s][info][gc,heap        ] GC(1879) PSYoungGen: 9006K(14336K)->0K(14336K) Eden: 6354K(7168K)->0K(7168K) From: 2651K(7168K)->0K(7168K)
[2026-06-17T10:01:50.563+0800][48.191s][info][gc,heap        ] GC(1879) ParOldGen: 31195K(44032K)->32921K(44032K)
[2026-06-17T10:01:50.564+0800][48.191s][info][gc,metaspace   ] GC(1879) Metaspace: 118K(320K)->118K(320K) NonClass: 111K(192K)->111K(192K) Class: 7K(128K)->7K(128K)
[2026-06-17T10:01:50.564+0800][48.192s][info][gc             ] GC(1879) Pause Young (Allocation Failure) 39M->32M(57M) 2.532ms
[2026-06-17T10:01:50.565+0800][48.192s][info][gc,cpu         ] GC(1879) User=0.00s Sys=0.00s Real=0.01s
[2026-06-17T10:01:50.586+0800][48.214s][info][gc,start       ] GC(1880) Pause Young (Allocation Failure)
[2026-06-17T10:01:50.587+0800][48.215s][info][gc,heap        ] GC(1880) PSYoungGen: 7159K(14336K)->3804K(14336K) Eden: 7159K(7168K)->0K(7168K) From: 0K(7168K)->3804K(7168K)
[2026-06-17T10:01:50.587+0800][48.215s][info][gc,heap        ] GC(1880) ParOldGen: 32921K(44032K)->32921K(44032K)
[2026-06-17T10:01:50.588+0800][48.215s][info][gc,metaspace   ] GC(1880) Metaspace: 118K(320K)->118K(320K) NonClass: 111K(192K)->111K(192K) Class: 7K(128K)->7K(128K)
[2026-06-17T10:01:50.588+0800][48.216s][info][gc             ] GC(1880) Pause Young (Allocation Failure) 39M->35M(57M) 2.206ms
[2026-06-17T10:01:50.589+0800][48.216s][info][gc,cpu         ] GC(1880) User=0.00s Sys=0.00s Real=0.00s
[2026-06-17T10:01:50.611+0800][48.239s][info][gc,start       ] GC(1881) Pause Young (Allocation Failure)
[2026-06-17T10:01:50.612+0800][48.240s][info][gc,heap        ] GC(1881) PSYoungGen: 10968K(14336K)->717K(14336K) Eden: 7164K(7168K)->0K(7168K) From: 3804K(7168K)->717K(7168K)
[2026-06-17T10:01:50.614+0800][48.241s][info][gc,heap        ] GC(1881) ParOldGen: 32921K(44032K)->36356K(44032K)
[2026-06-17T10:01:50.614+0800][48.242s][info][gc,metaspace   ] GC(1881) Metaspace: 118K(320K)->118K(320K) NonClass: 111K(192K)->111K(192K) Class: 7K(128K)->7K(128K)
[2026-06-17T10:01:50.615+0800][48.243s][info][gc             ] GC(1881) Pause Young (Allocation Failure) 42M->36M(57M) 3.623ms
[2026-06-17T10:01:50.616+0800][48.243s][info][gc,cpu         ] GC(1881) User=0.00s Sys=0.00s Real=0.00s
[2026-06-17T10:01:50.626+0800][48.254s][info][gc,start       ] GC(1882) Pause Young (Allocation Failure)
[2026-06-17T10:01:50.627+0800][48.255s][info][gc,heap        ] GC(1882) PSYoungGen: 7875K(14336K)->4689K(14336K) Eden: 7158K(7168K)->0K(7168K) From: 717K(7168K)->4689K(7168K)
[2026-06-17T10:01:50.628+0800][48.255s][info][gc,heap        ] GC(1882) ParOldGen: 36356K(44032K)->36356K(44032K)
[2026-06-17T10:01:50.628+0800][48.256s][info][gc,metaspace   ] GC(1882) Metaspace: 118K(320K)->118K(320K) NonClass: 111K(192K)->111K(192K) Class: 7K(128K)->7K(128K)
[2026-06-17T10:01:50.628+0800][48.256s][info][gc             ] GC(1882) Pause Young (Allocation Failure) 43M->40M(57M) 1.681ms
[2026-06-17T10:01:50.628+0800][48.256s][info][gc,cpu         ] GC(1882) User=0.00s Sys=0.00s Real=0.00s
[2026-06-17T10:01:50.650+0800][48.277s][info][gc,start       ] GC(1883) Pause Young (Allocation Failure)
[2026-06-17T10:01:50.651+0800][48.278s][info][gc,heap        ] GC(1883) PSYoungGen: 11840K(14336K)->2466K(14336K) Eden: 7151K(7168K)->0K(7168K) From: 4689K(7168K)->2466K(7168K)
[2026-06-17T10:01:50.651+0800][48.279s][info][gc,heap        ] GC(1883) ParOldGen: 36356K(44032K)->38426K(44032K)
[2026-06-17T10:01:50.651+0800][48.279s][info][gc,metaspace   ] GC(1883) Metaspace: 118K(320K)->118K(320K) NonClass: 111K(192K)->111K(192K) Class: 7K(128K)->7K(128K)
[2026-06-17T10:01:50.652+0800][48.280s][info][gc             ] GC(1883) Pause Young (Allocation Failure) 47M->39M(57M) 2.210ms
[2026-06-17T10:01:50.652+0800][48.280s][info][gc,cpu         ] GC(1883) User=0.01s Sys=0.00s Real=0.01s
[2026-06-17T10:01:50.673+0800][48.301s][info][gc,start       ] GC(1884) Pause Young (Allocation Failure)
[2026-06-17T10:01:50.674+0800][48.302s][info][gc,heap        ] GC(1884) PSYoungGen: 9615K(14336K)->2543K(14336K) Eden: 7148K(7168K)->0K(7168K) From: 2466K(7168K)->2543K(7168K)
[2026-06-17T10:01:50.675+0800][48.302s][info][gc,heap        ] GC(1884) ParOldGen: 38426K(44032K)->38426K(44032K)
[2026-06-17T10:01:50.675+0800][48.303s][info][gc,metaspace   ] GC(1884) Metaspace: 118K(320K)->118K(320K) NonClass: 111K(192K)->111K(192K) Class: 7K(128K)->7K(128K)
[2026-06-17T10:01:50.676+0800][48.303s][info][gc             ] GC(1884) Pause Young (Allocation Failure) 46M->40M(57M) 2.285ms
[2026-06-17T10:01:50.676+0800][48.304s][info][gc,cpu         ] GC(1884) User=0.00s Sys=0.00s Real=0.00s
[2026-06-17T10:01:50.687+0800][48.315s][info][gc,start       ] GC(1885) Pause Young (Allocation Failure)
[2026-06-17T10:01:50.688+0800][48.316s][info][gc,heap        ] GC(1885) PSYoungGen: 9703K(14336K)->2652K(14336K) Eden: 7160K(7168K)->0K(7168K) From: 2543K(7168K)->2652K(7168K)
[2026-06-17T10:01:50.691+0800][48.318s][info][gc,heap        ] GC(1885) ParOldGen: 38426K(44032K)->38426K(44032K)
[2026-06-17T10:01:50.691+0800][48.319s][info][gc,metaspace   ] GC(1885) Metaspace: 118K(320K)->118K(320K) NonClass: 111K(192K)->111K(192K) Class: 7K(128K)->7K(128K)
[2026-06-17T10:01:50.693+0800][48.320s][info][gc             ] GC(1885) Pause Young (Allocation Failure) 47M->40M(57M) 5.519ms
[2026-06-17T10:01:50.693+0800][48.321s][info][gc,cpu         ] GC(1885) User=0.00s Sys=0.00s Real=0.01s
[2026-06-17T10:01:50.715+0800][48.343s][info][gc,start       ] GC(1886) Pause Young (Allocation Failure)
[2026-06-17T10:01:50.717+0800][48.344s][info][gc,heap        ] GC(1886) PSYoungGen: 9820K(14336K)->6264K(14336K) Eden: 7168K(7168K)->0K(7168K) From: 2652K(7168K)->6264K(7168K)
[2026-06-17T10:01:50.718+0800][48.345s][info][gc,heap        ] GC(1886) ParOldGen: 38426K(44032K)->38426K(44032K)
[2026-06-17T10:01:50.718+0800][48.346s][info][gc,metaspace   ] GC(1886) Metaspace: 118K(320K)->118K(320K) NonClass: 111K(192K)->111K(192K) Class: 7K(128K)->7K(128K)
[2026-06-17T10:01:50.719+0800][48.346s][info][gc             ] GC(1886) Pause Young (Allocation Failure) 47M->43M(57M) 3.282ms
[2026-06-17T10:01:50.719+0800][48.347s][info][gc,cpu         ] GC(1886) User=0.00s Sys=0.00s Real=0.00s
[2026-06-17T10:01:50.731+0800][48.358s][info][gc,start       ] GC(1887) Pause Young (Allocation Failure)
[2026-06-17T10:01:50.732+0800][48.360s][info][gc,heap        ] GC(1887) PSYoungGen: 13259K(14336K)->3326K(14336K) Eden: 6995K(7168K)->0K(7168K) From: 6264K(7168K)->3326K(7168K)
[2026-06-17T10:01:50.733+0800][48.361s][info][gc,heap        ] GC(1887) ParOldGen: 38426K(44032K)->41031K(44032K)
[2026-06-17T10:01:50.733+0800][48.361s][info][gc,metaspace   ] GC(1887) Metaspace: 118K(320K)->118K(320K) NonClass: 111K(192K)->111K(192K) Class: 7K(128K)->7K(128K)
[2026-06-17T10:01:50.734+0800][48.362s][info][gc             ] GC(1887) Pause Young (Allocation Failure) 50M->43M(57M) 3.348ms
[2026-06-17T10:01:50.734+0800][48.362s][info][gc,cpu         ] GC(1887) User=0.00s Sys=0.01s Real=0.00s
[2026-06-17T10:01:50.756+0800][48.384s][info][gc,start       ] GC(1888) Pause Full (Ergonomics)
[2026-06-17T10:01:50.758+0800][48.386s][info][gc,phases,start] GC(1888) Marking Phase
[2026-06-17T10:01:50.761+0800][48.389s][info][gc,phases      ] GC(1888) Marking Phase 3.343ms
[2026-06-17T10:01:50.762+0800][48.390s][info][gc,phases,start] GC(1888) Summary Phase
[2026-06-17T10:01:50.763+0800][48.390s][info][gc,phases      ] GC(1888) Summary Phase 0.538ms
[2026-06-17T10:01:50.764+0800][48.392s][info][gc,phases,start] GC(1888) Adjust Roots
[2026-06-17T10:01:50.765+0800][48.392s][info][gc,phases      ] GC(1888) Adjust Roots 0.620ms
[2026-06-17T10:01:50.765+0800][48.393s][info][gc,phases,start] GC(1888) Compaction Phase
[2026-06-17T10:01:50.769+0800][48.397s][info][gc,phases      ] GC(1888) Compaction Phase 4.139ms
[2026-06-17T10:01:50.771+0800][48.399s][info][gc,phases,start] GC(1888) Post Compact
[2026-06-17T10:01:50.772+0800][48.400s][info][gc,phases      ] GC(1888) Post Compact 0.584ms
[2026-06-17T10:01:50.772+0800][48.400s][info][gc,heap        ] GC(1888) PSYoungGen: 10493K(14336K)->0K(14336K) Eden: 7166K(7168K)->0K(7168K) From: 3326K(7168K)->0K(7168K)
[2026-06-17T10:01:50.774+0800][48.401s][info][gc,heap        ] GC(1888) ParOldGen: 41031K(44032K)->24914K(44032K)
[2026-06-17T10:01:50.774+0800][48.402s][info][gc,metaspace   ] GC(1888) Metaspace: 118K(320K)->118K(320K) NonClass: 111K(192K)->111K(192K) Class: 7K(128K)->7K(128K)
[2026-06-17T10:01:50.777+0800][48.405s][info][gc             ] GC(1888) Pause Full (Ergonomics) 50M->24M(57M) 21.512ms
[2026-06-17T10:01:50.778+0800][48.406s][info][gc,cpu         ] GC(1888) User=0.01s Sys=0.00s Real=0.02s
[2026-06-17T10:01:50.800+0800][48.428s][info][gc,start       ] GC(1889) Pause Young (Allocation Failure)
[2026-06-17T10:01:50.803+0800][48.431s][info][gc,heap        ] GC(1889) PSYoungGen: 7157K(14336K)->3675K(14336K) Eden: 7157K(7168K)->0K(7168K) From: 0K(7168K)->3675K(7168K)
[2026-06-17T10:01:50.807+0800][48.434s][info][gc,heap        ] GC(1889) ParOldGen: 24914K(44032K)->24914K(44032K)
[2026-06-17T10:01:50.808+0800][48.436s][info][gc,metaspace   ] GC(1889) Metaspace: 118K(320K)->118K(320K) NonClass: 111K(192K)->111K(192K) Class: 7K(128K)->7K(128K)
[2026-06-17T10:01:50.809+0800][48.437s][info][gc             ] GC(1889) Pause Young (Allocation Failure) 31M->27M(57M) 8.931ms
[2026-06-17T10:01:50.810+0800][48.438s][info][gc,cpu         ] GC(1889) User=0.00s Sys=0.00s Real=0.01s
[2026-06-17T10:01:50.832+0800][48.460s][info][gc,start       ] GC(1890) Pause Young (Allocation Failure)
[2026-06-17T10:01:50.835+0800][48.462s][info][gc,heap        ] GC(1890) PSYoungGen: 10810K(14336K)->4173K(14336K) Eden: 7134K(7168K)->0K(7168K) From: 3675K(7168K)->4173K(7168K)
[2026-06-17T10:01:50.835+0800][48.463s][info][gc,heap        ] GC(1890) ParOldGen: 24914K(44032K)->24914K(44032K)
[2026-06-17T10:01:50.838+0800][48.466s][info][gc,metaspace   ] GC(1890) Metaspace: 118K(320K)->118K(320K) NonClass: 111K(192K)->111K(192K) Class: 7K(128K)->7K(128K)
[2026-06-17T10:01:50.839+0800][48.467s][info][gc             ] GC(1890) Pause Young (Allocation Failure) 34M->28M(57M) 7.462ms
[2026-06-17T10:01:50.840+0800][48.468s][info][gc,cpu         ] GC(1890) User=0.00s Sys=0.00s Real=0.00s
[2026-06-17T10:01:50.854+0800][48.481s][info][gc,start       ] GC(1891) Pause Young (Allocation Failure)
[2026-06-17T10:01:50.855+0800][48.483s][info][gc,heap        ] GC(1891) PSYoungGen: 11341K(14336K)->7149K(14336K) Eden: 7168K(7168K)->0K(7168K) From: 4173K(7168K)->7149K(7168K)
[2026-06-17T10:01:50.857+0800][48.485s][info][gc,heap        ] GC(1891) ParOldGen: 24914K(44032K)->25694K(44032K)
[2026-06-17T10:01:50.858+0800][48.486s][info][gc,metaspace   ] GC(1891) Metaspace: 118K(320K)->118K(320K) NonClass: 111K(192K)->111K(192K) Class: 7K(128K)->7K(128K)
[2026-06-17T10:01:50.858+0800][48.486s][info][gc             ] GC(1891) Pause Young (Allocation Failure) 35M->32M(57M) 4.734ms
[2026-06-17T10:01:50.861+0800][48.488s][info][gc,cpu         ] GC(1891) User=0.00s Sys=0.00s Real=0.00s
[2026-06-17T10:01:50.882+0800][48.510s][info][gc,start       ] GC(1892) Pause Young (Allocation Failure)
[2026-06-17T10:01:50.884+0800][48.512s][info][gc,heap        ] GC(1892) PSYoungGen: 14279K(14336K)->7158K(14336K) Eden: 7130K(7168K)->0K(7168K) From: 7149K(7168K)->7158K(7168K)
[2026-06-17T10:01:50.885+0800][48.513s][info][gc,heap        ] GC(1892) ParOldGen: 25694K(44032K)->26324K(44032K)
[2026-06-17T10:01:50.887+0800][48.515s][info][gc,metaspace   ] GC(1892) Metaspace: 118K(320K)->118K(320K) NonClass: 111K(192K)->111K(192K) Class: 7K(128K)->7K(128K)
[2026-06-17T10:01:50.888+0800][48.516s][info][gc             ] GC(1892) Pause Young (Allocation Failure) 39M->32M(57M) 5.627ms
[2026-06-17T10:01:50.890+0800][48.517s][info][gc,cpu         ] GC(1892) User=0.00s Sys=0.00s Real=0.01s
[2026-06-17T10:01:50.913+0800][48.541s][info][gc,start       ] GC(1893) Pause Young (Allocation Failure)
[2026-06-17T10:01:50.915+0800][48.543s][info][gc,heap        ] GC(1893) PSYoungGen: 14271K(14336K)->5539K(14336K) Eden: 7113K(7168K)->0K(7168K) From: 7158K(7168K)->5539K(7168K)
[2026-06-17T10:01:50.916+0800][48.544s][info][gc,heap        ] GC(1893) ParOldGen: 26324K(44032K)->27771K(44032K)
[2026-06-17T10:01:50.917+0800][48.544s][info][gc,metaspace   ] GC(1893) Metaspace: 118K(320K)->118K(320K) NonClass: 111K(192K)->111K(192K) Class: 7K(128K)->7K(128K)
[2026-06-17T10:01:50.918+0800][48.546s][info][gc             ] GC(1893) Pause Young (Allocation Failure) 39M->32M(57M) 5.171ms
[2026-06-17T10:01:50.920+0800][48.548s][info][gc,cpu         ] GC(1893) User=0.00s Sys=0.00s Real=0.00s
[2026-06-17T10:01:50.942+0800][48.570s][info][gc,start       ] GC(1894) Pause Young (Allocation Failure)
[2026-06-17T10:01:50.946+0800][48.573s][info][gc,heap        ] GC(1894) PSYoungGen: 12702K(14336K)->3356K(14336K) Eden: 7162K(7168K)->0K(7168K) From: 5539K(7168K)->3356K(7168K)
[2026-06-17T10:01:50.948+0800][48.576s][info][gc,heap        ] GC(1894) ParOldGen: 27771K(44032K)->30138K(44032K)
[2026-06-17T10:01:50.949+0800][48.576s][info][gc,metaspace   ] GC(1894) Metaspace: 118K(320K)->118K(320K) NonClass: 111K(192K)->111K(192K) Class: 7K(128K)->7K(128K)
[2026-06-17T10:01:50.950+0800][48.578s][info][gc             ] GC(1894) Pause Young (Allocation Failure) 39M->32M(57M) 8.237ms
[2026-06-17T10:01:50.952+0800][48.580s][info][gc,cpu         ] GC(1894) User=0.00s Sys=0.00s Real=0.02s
[2026-06-17T10:01:50.974+0800][48.602s][info][gc,start       ] GC(1895) Pause Young (Allocation Failure)
[2026-06-17T10:01:50.975+0800][48.603s][info][gc,heap        ] GC(1895) PSYoungGen: 10484K(14336K)->64K(14336K) Eden: 7127K(7168K)->0K(7168K) From: 3356K(7168K)->64K(7168K)
[2026-06-17T10:01:50.976+0800][48.604s][info][gc,heap        ] GC(1895) ParOldGen: 30138K(44032K)->33235K(44032K)
[2026-06-17T10:01:50.977+0800][48.605s][info][gc,metaspace   ] GC(1895) Metaspace: 118K(320K)->118K(320K) NonClass: 111K(192K)->111K(192K) Class: 7K(128K)->7K(128K)
[2026-06-17T10:01:50.980+0800][48.607s][info][gc             ] GC(1895) Pause Young (Allocation Failure) 39M->32M(57M) 5.747ms
[2026-06-17T10:01:50.983+0800][48.611s][info][gc,cpu         ] GC(1895) User=0.00s Sys=0.00s Real=0.01s
[2026-06-17T10:01:50.996+0800][48.623s][info][gc,start       ] GC(1896) Pause Young (Allocation Failure)
[2026-06-17T10:01:51.027+0800][48.655s][info][gc,heap        ] GC(1896) PSYoungGen: 7200K(14336K)->3284K(14336K) Eden: 7136K(7168K)->0K(7168K) From: 64K(7168K)->3284K(7168K)
[2026-06-17T10:01:51.057+0800][48.685s][info][gc,heap        ] GC(1896) ParOldGen: 33235K(44032K)->33235K(44032K)
[2026-06-17T10:01:51.058+0800][48.686s][info][gc,metaspace   ] GC(1896) Metaspace: 118K(320K)->118K(320K) NonClass: 111K(192K)->111K(192K) Class: 7K(128K)->7K(128K)
[2026-06-17T10:01:51.059+0800][48.686s][info][gc             ] GC(1896) Pause Young (Allocation Failure) 39M->35M(57M) 62.891ms
[2026-06-17T10:01:51.059+0800][48.687s][info][gc,cpu         ] GC(1896) User=0.00s Sys=0.00s Real=0.06s
[2026-06-17T10:01:51.082+0800][48.709s][info][gc,start       ] GC(1897) Pause Young (Allocation Failure)
[2026-06-17T10:01:51.085+0800][48.713s][info][gc,heap        ] GC(1897) PSYoungGen: 10445K(14336K)->1246K(14336K) Eden: 7160K(7168K)->0K(7168K) From: 3284K(7168K)->1246K(7168K)
[2026-06-17T10:01:51.087+0800][48.714s][info][gc,heap        ] GC(1897) ParOldGen: 33235K(44032K)->35429K(44032K)
[2026-06-17T10:01:51.088+0800][48.716s][info][gc,metaspace   ] GC(1897) Metaspace: 118K(320K)->118K(320K) NonClass: 111K(192K)->111K(192K) Class: 7K(128K)->7K(128K)
[2026-06-17T10:01:51.089+0800][48.717s][info][gc             ] GC(1897) Pause Young (Allocation Failure) 42M->35M(57M) 7.308ms
[2026-06-17T10:01:51.090+0800][48.717s][info][gc,cpu         ] GC(1897) User=0.01s Sys=0.00s Real=0.01s
[2026-06-17T10:01:51.102+0800][48.729s][info][gc,start       ] GC(1898) Pause Young (Allocation Failure)
[2026-06-17T10:01:51.103+0800][48.730s][info][gc,heap        ] GC(1898) PSYoungGen: 8389K(14336K)->4868K(14336K) Eden: 7142K(7168K)->0K(7168K) From: 1246K(7168K)->4868K(7168K)
[2026-06-17T10:01:51.103+0800][48.731s][info][gc,heap        ] GC(1898) ParOldGen: 35429K(44032K)->35429K(44032K)
[2026-06-17T10:01:51.104+0800][48.731s][info][gc,metaspace   ] GC(1898) Metaspace: 118K(320K)->118K(320K) NonClass: 111K(192K)->111K(192K) Class: 7K(128K)->7K(128K)
[2026-06-17T10:01:51.104+0800][48.732s][info][gc             ] GC(1898) Pause Young (Allocation Failure) 42M->39M(57M) 2.339ms
[2026-06-17T10:01:51.104+0800][48.732s][info][gc,cpu         ] GC(1898) User=0.00s Sys=0.00s Real=0.01s
[2026-06-17T10:01:51.126+0800][48.754s][info][gc,start       ] GC(1899) Pause Young (Allocation Failure)
[2026-06-17T10:01:51.130+0800][48.758s][info][gc,heap        ] GC(1899) PSYoungGen: 12009K(14336K)->2976K(14336K) Eden: 7141K(7168K)->0K(7168K) From: 4868K(7168K)->2976K(7168K)
[2026-06-17T10:01:51.136+0800][48.764s][info][gc,heap        ] GC(1899) ParOldGen: 35429K(44032K)->37410K(44032K)
[2026-06-17T10:01:51.137+0800][48.764s][info][gc,metaspace   ] GC(1899) Metaspace: 118K(320K)->118K(320K) NonClass: 111K(192K)->111K(192K) Class: 7K(128K)->7K(128K)
[2026-06-17T10:01:51.138+0800][48.766s][info][gc             ] GC(1899) Pause Young (Allocation Failure) 46M->39M(57M) 12.022ms
[2026-06-17T10:01:51.139+0800][48.767s][info][gc,cpu         ] GC(1899) User=0.00s Sys=0.00s Real=0.01s
[2026-06-17T10:01:51.153+0800][48.780s][info][gc,start       ] GC(1900) Pause Young (Allocation Failure)
[2026-06-17T10:01:51.154+0800][48.782s][info][gc,heap        ] GC(1900) PSYoungGen: 10116K(14336K)->6680K(14336K) Eden: 7139K(7168K)->0K(7168K) From: 2976K(7168K)->6680K(7168K)
[2026-06-17T10:01:51.155+0800][48.782s][info][gc,heap        ] GC(1900) ParOldGen: 37410K(44032K)->37410K(44032K)
[2026-06-17T10:01:51.155+0800][48.783s][info][gc,metaspace   ] GC(1900) Metaspace: 118K(320K)->118K(320K) NonClass: 111K(192K)->111K(192K) Class: 7K(128K)->7K(128K)
[2026-06-17T10:01:51.155+0800][48.783s][info][gc             ] GC(1900) Pause Young (Allocation Failure) 46M->43M(57M) 2.298ms
[2026-06-17T10:01:51.155+0800][48.783s][info][gc,cpu         ] GC(1900) User=0.00s Sys=0.00s Real=0.00s
[2026-06-17T10:01:51.177+0800][48.804s][info][gc,start       ] GC(1901) Pause Young (Allocation Failure)
[2026-06-17T10:01:51.178+0800][48.806s][info][gc,heap        ] GC(1901) PSYoungGen: 13795K(14336K)->3570K(14336K) Eden: 7115K(7168K)->0K(7168K) From: 6680K(7168K)->3570K(7168K)
[2026-06-17T10:01:51.179+0800][48.806s][info][gc,heap        ] GC(1901) ParOldGen: 37410K(44032K)->40898K(44032K)
[2026-06-17T10:01:51.179+0800][48.807s][info][gc,metaspace   ] GC(1901) Metaspace: 118K(320K)->118K(320K) NonClass: 111K(192K)->111K(192K) Class: 7K(128K)->7K(128K)
[2026-06-17T10:01:51.179+0800][48.807s][info][gc             ] GC(1901) Pause Young (Allocation Failure) 50M->43M(57M) 2.614ms
[2026-06-17T10:01:51.180+0800][48.807s][info][gc,cpu         ] GC(1901) User=0.00s Sys=0.00s Real=0.00s
[2026-06-17T10:01:51.201+0800][48.829s][info][gc,start       ] GC(1902) Pause Full (Ergonomics)
[2026-06-17T10:01:51.202+0800][48.829s][info][gc,phases,start] GC(1902) Marking Phase
[2026-06-17T10:01:51.204+0800][48.832s][info][gc,phases      ] GC(1902) Marking Phase 2.836ms
[2026-06-17T10:01:51.205+0800][48.833s][info][gc,phases,start] GC(1902) Summary Phase
[2026-06-17T10:01:51.205+0800][48.833s][info][gc,phases      ] GC(1902) Summary Phase 0.293ms
[2026-06-17T10:01:51.206+0800][48.833s][info][gc,phases,start] GC(1902) Adjust Roots
[2026-06-17T10:01:51.206+0800][48.834s][info][gc,phases      ] GC(1902) Adjust Roots 0.532ms
[2026-06-17T10:01:51.207+0800][48.834s][info][gc,phases,start] GC(1902) Compaction Phase
[2026-06-17T10:01:51.209+0800][48.836s][info][gc,phases      ] GC(1902) Compaction Phase 2.062ms
[2026-06-17T10:01:51.209+0800][48.837s][info][gc,phases,start] GC(1902) Post Compact
[2026-06-17T10:01:51.209+0800][48.837s][info][gc,phases      ] GC(1902) Post Compact 0.289ms
[2026-06-17T10:01:51.210+0800][48.837s][info][gc,heap        ] GC(1902) PSYoungGen: 10715K(14336K)->0K(14336K) Eden: 7145K(7168K)->0K(7168K) From: 3570K(7168K)->0K(7168K)
[2026-06-17T10:01:51.210+0800][48.837s][info][gc,heap        ] GC(1902) ParOldGen: 40898K(44032K)->30516K(44032K)
[2026-06-17T10:01:51.210+0800][48.838s][info][gc,metaspace   ] GC(1902) Metaspace: 118K(320K)->118K(320K) NonClass: 111K(192K)->111K(192K) Class: 7K(128K)->7K(128K)
[2026-06-17T10:01:51.210+0800][48.838s][info][gc             ] GC(1902) Pause Full (Ergonomics) 50M->29M(57M) 8.975ms
[2026-06-17T10:01:51.210+0800][48.838s][info][gc,cpu         ] GC(1902) User=0.01s Sys=0.01s Real=0.01s
[2026-06-17T10:01:51.221+0800][48.849s][info][gc,start       ] GC(1903) Pause Young (Allocation Failure)
[2026-06-17T10:01:51.222+0800][48.849s][info][gc,heap        ] GC(1903) PSYoungGen: 7124K(14336K)->3462K(14336K) Eden: 7124K(7168K)->0K(7168K) From: 0K(7168K)->3462K(7168K)
[2026-06-17T10:01:51.222+0800][48.850s][info][gc,heap        ] GC(1903) ParOldGen: 30516K(44032K)->30516K(44032K)
[2026-06-17T10:01:51.222+0800][48.850s][info][gc,metaspace   ] GC(1903) Metaspace: 118K(320K)->118K(320K) NonClass: 111K(192K)->111K(192K) Class: 7K(128K)->7K(128K)
[2026-06-17T10:01:51.223+0800][48.850s][info][gc             ] GC(1903) Pause Young (Allocation Failure) 36M->33M(57M) 1.693ms
[2026-06-17T10:01:51.223+0800][48.851s][info][gc,cpu         ] GC(1903) User=0.00s Sys=0.00s Real=0.01s
[2026-06-17T10:01:51.245+0800][48.873s][info][gc,start       ] GC(1904) Pause Young (Allocation Failure)
[2026-06-17T10:01:51.247+0800][48.875s][info][gc,heap        ] GC(1904) PSYoungGen: 10601K(14336K)->3600K(14336K) Eden: 7138K(7168K)->0K(7168K) From: 3462K(7168K)->3600K(7168K)
[2026-06-17T10:01:51.249+0800][48.876s][info][gc,heap        ] GC(1904) ParOldGen: 30516K(44032K)->33945K(44032K)
[2026-06-17T10:01:51.249+0800][48.877s][info][gc,metaspace   ] GC(1904) Metaspace: 118K(320K)->118K(320K) NonClass: 111K(192K)->111K(192K) Class: 7K(128K)->7K(128K)
[2026-06-17T10:01:51.249+0800][48.877s][info][gc             ] GC(1904) Pause Young (Allocation Failure) 40M->36M(57M) 4.431ms
[2026-06-17T10:01:51.250+0800][48.877s][info][gc,cpu         ] GC(1904) User=0.00s Sys=0.00s Real=0.00s
[2026-06-17T10:01:51.271+0800][48.899s][info][gc,start       ] GC(1905) Pause Young (Allocation Failure)
[2026-06-17T10:01:51.272+0800][48.900s][info][gc,heap        ] GC(1905) PSYoungGen: 10732K(14336K)->2896K(14336K) Eden: 7132K(7168K)->0K(7168K) From: 3600K(7168K)->2896K(7168K)
[2026-06-17T10:01:51.273+0800][48.900s][info][gc,heap        ] GC(1905) ParOldGen: 33945K(44032K)->34940K(44032K)
[2026-06-17T10:01:51.273+0800][48.901s][info][gc,metaspace   ] GC(1905) Metaspace: 118K(320K)->118K(320K) NonClass: 111K(192K)->111K(192K) Class: 7K(128K)->7K(128K)
[2026-06-17T10:01:51.273+0800][48.901s][info][gc             ] GC(1905) Pause Young (Allocation Failure) 43M->36M(57M) 2.209ms
[2026-06-17T10:01:51.274+0800][48.901s][info][gc,cpu         ] GC(1905) User=0.00s Sys=0.00s Real=0.00s
[2026-06-17T10:01:51.295+0800][48.923s][info][gc,start       ] GC(1906) Pause Young (Allocation Failure)
[2026-06-17T10:01:51.296+0800][48.924s][info][gc,heap        ] GC(1906) PSYoungGen: 10047K(14336K)->761K(14336K) Eden: 7151K(7168K)->0K(7168K) From: 2896K(7168K)->761K(7168K)
[2026-06-17T10:01:51.297+0800][48.924s][info][gc,heap        ] GC(1906) ParOldGen: 34940K(44032K)->37148K(44032K)
[2026-06-17T10:01:51.297+0800][48.925s][info][gc,metaspace   ] GC(1906) Metaspace: 118K(320K)->118K(320K) NonClass: 111K(192K)->111K(192K) Class: 7K(128K)->7K(128K)
[2026-06-17T10:01:51.297+0800][48.925s][info][gc             ] GC(1906) Pause Young (Allocation Failure) 43M->37M(57M) 2.302ms
[2026-06-17T10:01:51.298+0800][48.925s][info][gc,cpu         ] GC(1906) User=0.00s Sys=0.00s Real=0.00s
[2026-06-17T10:01:51.309+0800][48.937s][info][gc,start       ] GC(1907) Pause Young (Allocation Failure)
[2026-06-17T10:01:51.310+0800][48.938s][info][gc,heap        ] GC(1907) PSYoungGen: 7901K(14336K)->4216K(14336K) Eden: 7140K(7168K)->0K(7168K) From: 761K(7168K)->4216K(7168K)
[2026-06-17T10:01:51.310+0800][48.938s][info][gc,heap        ] GC(1907) ParOldGen: 37148K(44032K)->37148K(44032K)
[2026-06-17T10:01:51.311+0800][48.938s][info][gc,metaspace   ] GC(1907) Metaspace: 118K(320K)->118K(320K) NonClass: 111K(192K)->111K(192K) Class: 7K(128K)->7K(128K)
[2026-06-17T10:01:51.311+0800][48.939s][info][gc             ] GC(1907) Pause Young (Allocation Failure) 43M->40M(57M) 2.175ms
[2026-06-17T10:01:51.311+0800][48.939s][info][gc,cpu         ] GC(1907) User=0.00s Sys=0.01s Real=0.01s
[2026-06-17T10:01:51.333+0800][48.960s][info][gc,start       ] GC(1908) Pause Young (Allocation Failure)
[2026-06-17T10:01:51.333+0800][48.961s][info][gc,heap        ] GC(1908) PSYoungGen: 11364K(14336K)->2500K(14336K) Eden: 7147K(7168K)->0K(7168K) From: 4216K(7168K)->2500K(7168K)
[2026-06-17T10:01:51.334+0800][48.961s][info][gc,heap        ] GC(1908) ParOldGen: 37148K(44032K)->39175K(44032K)
[2026-06-17T10:01:51.334+0800][48.962s][info][gc,metaspace   ] GC(1908) Metaspace: 118K(320K)->118K(320K) NonClass: 111K(192K)->111K(192K) Class: 7K(128K)->7K(128K)
[2026-06-17T10:01:51.334+0800][48.962s][info][gc             ] GC(1908) Pause Young (Allocation Failure) 47M->40M(57M) 1.449ms
[2026-06-17T10:01:51.334+0800][48.962s][info][gc,cpu         ] GC(1908) User=0.00s Sys=0.00s Real=0.00s
[2026-06-17T10:01:51.355+0800][48.983s][info][gc,start       ] GC(1909) Pause Young (Allocation Failure)
[2026-06-17T10:01:51.356+0800][48.984s][info][gc,heap        ] GC(1909) PSYoungGen: 9635K(14336K)->2980K(14336K) Eden: 7134K(7168K)->0K(7168K) From: 2500K(7168K)->2980K(7168K)
[2026-06-17T10:01:51.357+0800][48.984s][info][gc,heap        ] GC(1909) ParOldGen: 39175K(44032K)->39175K(44032K)
[2026-06-17T10:01:51.357+0800][48.985s][info][gc,metaspace   ] GC(1909) Metaspace: 118K(320K)->118K(320K) NonClass: 111K(192K)->111K(192K) Class: 7K(128K)->7K(128K)
[2026-06-17T10:01:51.357+0800][48.985s][info][gc             ] GC(1909) Pause Young (Allocation Failure) 47M->41M(57M) 1.733ms
[2026-06-17T10:01:51.357+0800][48.985s][info][gc,cpu         ] GC(1909) User=0.00s Sys=0.00s Real=0.00s
[2026-06-17T10:01:51.368+0800][48.996s][info][gc,start       ] GC(1910) Pause Young (Allocation Failure)
[2026-06-17T10:01:51.370+0800][48.997s][info][gc,heap        ] GC(1910) PSYoungGen: 10127K(14336K)->4520K(14336K) Eden: 7147K(7168K)->0K(7168K) From: 2980K(7168K)->4520K(7168K)
[2026-06-17T10:01:51.370+0800][48.998s][info][gc,heap        ] GC(1910) ParOldGen: 39175K(44032K)->41260K(44032K)
[2026-06-17T10:01:51.370+0800][48.998s][info][gc,metaspace   ] GC(1910) Metaspace: 118K(320K)->118K(320K) NonClass: 111K(192K)->111K(192K) Class: 7K(128K)->7K(128K)
[2026-06-17T10:01:51.370+0800][48.998s][info][gc             ] GC(1910) Pause Young (Allocation Failure) 48M->44M(57M) 2.129ms
[2026-06-17T10:01:51.371+0800][48.998s][info][gc,cpu         ] GC(1910) User=0.00s Sys=0.00s Real=0.01s
[2026-06-17T10:01:51.392+0800][49.019s][info][gc,start       ] GC(1911) Pause Full (Ergonomics)
[2026-06-17T10:01:51.392+0800][49.020s][info][gc,phases,start] GC(1911) Marking Phase
[2026-06-17T10:01:51.395+0800][49.022s][info][gc,phases      ] GC(1911) Marking Phase 2.445ms
[2026-06-17T10:01:51.395+0800][49.023s][info][gc,phases,start] GC(1911) Summary Phase
[2026-06-17T10:01:51.395+0800][49.023s][info][gc,phases      ] GC(1911) Summary Phase 0.338ms
[2026-06-17T10:01:51.396+0800][49.023s][info][gc,phases,start] GC(1911) Adjust Roots
[2026-06-17T10:01:51.396+0800][49.024s][info][gc,phases      ] GC(1911) Adjust Roots 0.465ms
[2026-06-17T10:01:51.396+0800][49.024s][info][gc,phases,start] GC(1911) Compaction Phase
[2026-06-17T10:01:51.399+0800][49.026s][info][gc,phases      ] GC(1911) Compaction Phase 2.263ms
[2026-06-17T10:01:51.399+0800][49.027s][info][gc,phases,start] GC(1911) Post Compact
[2026-06-17T10:01:51.399+0800][49.027s][info][gc,phases      ] GC(1911) Post Compact 0.410ms
[2026-06-17T10:01:51.400+0800][49.027s][info][gc,heap        ] GC(1911) PSYoungGen: 11687K(14336K)->0K(14336K) Eden: 7167K(7168K)->0K(7168K) From: 4520K(7168K)->0K(7168K)
[2026-06-17T10:01:51.400+0800][49.028s][info][gc,heap        ] GC(1911) ParOldGen: 41260K(44032K)->33590K(44032K)
[2026-06-17T10:01:51.400+0800][49.028s][info][gc,metaspace   ] GC(1911) Metaspace: 118K(320K)->118K(320K) NonClass: 111K(192K)->111K(192K) Class: 7K(128K)->7K(128K)
[2026-06-17T10:01:51.400+0800][49.028s][info][gc             ] GC(1911) Pause Full (Ergonomics) 51M->32M(57M) 8.647ms
[2026-06-17T10:01:51.401+0800][49.028s][info][gc,cpu         ] GC(1911) User=0.00s Sys=0.00s Real=0.00s
[2026-06-17T10:01:51.412+0800][49.039s][info][gc,start       ] GC(1912) Pause Young (Allocation Failure)
[2026-06-17T10:01:51.412+0800][49.040s][info][gc,heap        ] GC(1912) PSYoungGen: 7149K(14336K)->3813K(14336K) Eden: 7149K(7168K)->0K(7168K) From: 0K(7168K)->3813K(7168K)
[2026-06-17T10:01:51.413+0800][49.041s][info][gc,heap        ] GC(1912) ParOldGen: 33590K(44032K)->33590K(44032K)
[2026-06-17T10:01:51.413+0800][49.041s][info][gc,metaspace   ] GC(1912) Metaspace: 118K(320K)->118K(320K) NonClass: 111K(192K)->111K(192K) Class: 7K(128K)->7K(128K)
[2026-06-17T10:01:51.413+0800][49.041s][info][gc             ] GC(1912) Pause Young (Allocation Failure) 39M->36M(57M) 1.610ms
[2026-06-17T10:01:51.414+0800][49.041s][info][gc,cpu         ] GC(1912) User=0.01s Sys=0.00s Real=0.00s
[2026-06-17T10:01:51.435+0800][49.063s][info][gc,start       ] GC(1913) Pause Young (Allocation Failure)
[2026-06-17T10:01:51.437+0800][49.064s][info][gc,heap        ] GC(1913) PSYoungGen: 10980K(14336K)->3484K(14848K) Eden: 7166K(7168K)->0K(7680K) From: 3813K(7168K)->3484K(7168K)
[2026-06-17T10:01:51.437+0800][49.065s][info][gc,heap        ] GC(1913) ParOldGen: 33590K(44032K)->37362K(44032K)
[2026-06-17T10:01:51.437+0800][49.065s][info][gc,metaspace   ] GC(1913) Metaspace: 118K(320K)->118K(320K) NonClass: 111K(192K)->111K(192K) Class: 7K(128K)->7K(128K)
[2026-06-17T10:01:51.438+0800][49.065s][info][gc             ] GC(1913) Pause Young (Allocation Failure) 43M->39M(57M) 2.763ms
[2026-06-17T10:01:51.438+0800][49.066s][info][gc,cpu         ] GC(1913) User=0.00s Sys=0.00s Real=0.00s
[2026-06-17T10:01:51.460+0800][49.087s][info][gc,start       ] GC(1914) Pause Young (Allocation Failure)
[2026-06-17T10:01:51.461+0800][49.089s][info][gc,heap        ] GC(1914) PSYoungGen: 11159K(14848K)->3897K(14336K) Eden: 7675K(7680K)->0K(7680K) From: 3484K(7168K)->3897K(6656K)
[2026-06-17T10:01:51.461+0800][49.089s][info][gc,heap        ] GC(1914) ParOldGen: 37362K(44032K)->37526K(44032K)
[2026-06-17T10:01:51.462+0800][49.089s][info][gc,metaspace   ] GC(1914) Metaspace: 118K(320K)->118K(320K) NonClass: 111K(192K)->111K(192K) Class: 7K(128K)->7K(128K)
[2026-06-17T10:01:51.462+0800][49.090s][info][gc             ] GC(1914) Pause Young (Allocation Failure) 47M->40M(57M) 2.135ms
[2026-06-17T10:01:51.462+0800][49.090s][info][gc,cpu         ] GC(1914) User=0.00s Sys=0.00s Real=0.00s
[2026-06-17T10:01:51.484+0800][49.112s][info][gc,start       ] GC(1915) Pause Young (Allocation Failure)
[2026-06-17T10:01:51.486+0800][49.114s][info][gc,heap        ] GC(1915) PSYoungGen: 11577K(14336K)->1774K(14848K) Eden: 7680K(7680K)->0K(8192K) From: 3897K(6656K)->1774K(6656K)
[2026-06-17T10:01:51.487+0800][49.115s][info][gc,heap        ] GC(1915) ParOldGen: 37526K(44032K)->40025K(44032K)
[2026-06-17T10:01:51.487+0800][49.115s][info][gc,metaspace   ] GC(1915) Metaspace: 118K(320K)->118K(320K) NonClass: 111K(192K)->111K(192K) Class: 7K(128K)->7K(128K)
[2026-06-17T10:01:51.488+0800][49.116s][info][gc             ] GC(1915) Pause Young (Allocation Failure) 47M->40M(57M) 3.879ms
[2026-06-17T10:01:51.488+0800][49.116s][info][gc,cpu         ] GC(1915) User=0.00s Sys=0.00s Real=0.00s
[2026-06-17T10:01:51.511+0800][49.138s][info][gc,start       ] GC(1916) Pause Full (Ergonomics)
[2026-06-17T10:01:51.512+0800][49.140s][info][gc,phases,start] GC(1916) Marking Phase
[2026-06-17T10:01:51.516+0800][49.143s][info][gc,phases      ] GC(1916) Marking Phase 3.788ms
[2026-06-17T10:01:51.516+0800][49.144s][info][gc,phases,start] GC(1916) Summary Phase
[2026-06-17T10:01:51.517+0800][49.144s][info][gc,phases      ] GC(1916) Summary Phase 0.413ms
[2026-06-17T10:01:51.517+0800][49.145s][info][gc,phases,start] GC(1916) Adjust Roots
[2026-06-17T10:01:51.518+0800][49.146s][info][gc,phases      ] GC(1916) Adjust Roots 0.721ms
[2026-06-17T10:01:51.519+0800][49.146s][info][gc,phases,start] GC(1916) Compaction Phase
[2026-06-17T10:01:51.521+0800][49.148s][info][gc,phases      ] GC(1916) Compaction Phase 2.136ms
[2026-06-17T10:01:51.521+0800][49.149s][info][gc,phases,start] GC(1916) Post Compact
[2026-06-17T10:01:51.522+0800][49.149s][info][gc,phases      ] GC(1916) Post Compact 0.577ms
[2026-06-17T10:01:51.522+0800][49.150s][info][gc,heap        ] GC(1916) PSYoungGen: 9930K(14848K)->0K(14848K) Eden: 8156K(8192K)->0K(8192K) From: 1774K(6656K)->0K(6656K)
[2026-06-17T10:01:51.523+0800][49.150s][info][gc,heap        ] GC(1916) ParOldGen: 40025K(44032K)->28962K(44032K)
[2026-06-17T10:01:51.523+0800][49.151s][info][gc,metaspace   ] GC(1916) Metaspace: 118K(320K)->118K(320K) NonClass: 111K(192K)->111K(192K) Class: 7K(128K)->7K(128K)
[2026-06-17T10:01:51.523+0800][49.151s][info][gc             ] GC(1916) Pause Full (Ergonomics) 48M->28M(57M) 12.752ms
[2026-06-17T10:01:51.524+0800][49.151s][info][gc,cpu         ] GC(1916) User=0.01s Sys=0.00s Real=0.01s
[2026-06-17T10:01:51.546+0800][49.174s][info][gc,start       ] GC(1917) Pause Young (Allocation Failure)
[2026-06-17T10:01:51.548+0800][49.176s][info][gc,heap        ] GC(1917) PSYoungGen: 8151K(14848K)->4605K(14848K) Eden: 8151K(8192K)->0K(8192K) From: 0K(6656K)->4605K(6656K)
[2026-06-17T10:01:51.549+0800][49.176s][info][gc,heap        ] GC(1917) ParOldGen: 28962K(44032K)->28962K(44032K)
[2026-06-17T10:01:51.549+0800][49.177s][info][gc,metaspace   ] GC(1917) Metaspace: 118K(320K)->118K(320K) NonClass: 111K(192K)->111K(192K) Class: 7K(128K)->7K(128K)
[2026-06-17T10:01:51.550+0800][49.178s][info][gc             ] GC(1917) Pause Young (Allocation Failure) 36M->32M(57M) 4.022ms
[2026-06-17T10:01:51.551+0800][49.178s][info][gc,cpu         ] GC(1917) User=0.00s Sys=0.00s Real=0.01s
[2026-06-17T10:01:51.573+0800][49.201s][info][gc,start       ] GC(1918) Pause Young (Allocation Failure)
[2026-06-17T10:01:51.575+0800][49.203s][info][gc,heap        ] GC(1918) PSYoungGen: 12749K(14848K)->5970K(14336K) Eden: 8144K(8192K)->0K(8192K) From: 4605K(6656K)->5970K(6144K)
[2026-06-17T10:01:51.576+0800][49.203s][info][gc,heap        ] GC(1918) ParOldGen: 28962K(44032K)->28962K(44032K)
[2026-06-17T10:01:51.576+0800][49.204s][info][gc,metaspace   ] GC(1918) Metaspace: 118K(320K)->118K(320K) NonClass: 111K(192K)->111K(192K) Class: 7K(128K)->7K(128K)
[2026-06-17T10:01:51.576+0800][49.204s][info][gc             ] GC(1918) Pause Young (Allocation Failure) 40M->34M(57M) 3.497ms
[2026-06-17T10:01:51.577+0800][49.205s][info][gc,cpu         ] GC(1918) User=0.00s Sys=0.00s Real=0.00s
[2026-06-17T10:01:51.589+0800][49.216s][info][gc,start       ] GC(1919) Pause Young (Allocation Failure)
[2026-06-17T10:01:51.590+0800][49.218s][info][gc,heap        ] GC(1919) PSYoungGen: 13097K(14336K)->5619K(14336K) Eden: 7126K(8192K)->0K(7168K) From: 5970K(6144K)->5619K(7168K)
[2026-06-17T10:01:51.591+0800][49.219s][info][gc,heap        ] GC(1919) ParOldGen: 28962K(44032K)->28962K(44032K)
[2026-06-17T10:01:51.592+0800][49.219s][info][gc,metaspace   ] GC(1919) Metaspace: 118K(320K)->118K(320K) NonClass: 111K(192K)->111K(192K) Class: 7K(128K)->7K(128K)
[2026-06-17T10:01:51.592+0800][49.220s][info][gc             ] GC(1919) Pause Young (Allocation Failure) 41M->33M(57M) 3.242ms
[2026-06-17T10:01:51.593+0800][49.220s][info][gc,cpu         ] GC(1919) User=0.00s Sys=0.00s Real=0.01s
[2026-06-17T10:01:51.614+0800][49.242s][info][gc,start       ] GC(1920) Pause Young (Allocation Failure)
[2026-06-17T10:01:51.617+0800][49.244s][info][gc,heap        ] GC(1920) PSYoungGen: 12782K(14336K)->5436K(14336K) Eden: 7163K(7168K)->0K(7168K) From: 5619K(7168K)->5436K(7168K)
[2026-06-17T10:01:51.617+0800][49.245s][info][gc,heap        ] GC(1920) ParOldGen: 28962K(44032K)->32933K(44032K)
[2026-06-17T10:01:51.618+0800][49.246s][info][gc,metaspace   ] GC(1920) Metaspace: 118K(320K)->118K(320K) NonClass: 111K(192K)->111K(192K) Class: 7K(128K)->7K(128K)
[2026-06-17T10:01:51.619+0800][49.246s][info][gc             ] GC(1920) Pause Young (Allocation Failure) 40M->37M(57M) 4.206ms
[2026-06-17T10:01:51.619+0800][49.247s][info][gc,cpu         ] GC(1920) User=0.00s Sys=0.00s Real=0.00s
[2026-06-17T10:01:51.642+0800][49.269s][info][gc,start       ] GC(1921) Pause Young (Allocation Failure)
[2026-06-17T10:01:51.644+0800][49.271s][info][gc,heap        ] GC(1921) PSYoungGen: 12596K(14336K)->2992K(14336K) Eden: 7159K(7168K)->0K(7168K) From: 5436K(7168K)->2992K(7168K)
[2026-06-17T10:01:51.645+0800][49.272s][info][gc,heap        ] GC(1921) ParOldGen: 32933K(44032K)->36047K(44032K)
[2026-06-17T10:01:51.645+0800][49.273s][info][gc,metaspace   ] GC(1921) Metaspace: 118K(320K)->118K(320K) NonClass: 111K(192K)->111K(192K) Class: 7K(128K)->7K(128K)
[2026-06-17T10:01:51.646+0800][49.273s][info][gc             ] GC(1921) Pause Young (Allocation Failure) 44M->38M(57M) 4.190ms
[2026-06-17T10:01:51.646+0800][49.274s][info][gc,cpu         ] GC(1921) User=0.00s Sys=0.01s Real=0.01s
[2026-06-17T10:01:51.668+0800][49.296s][info][gc,start       ] GC(1922) Pause Young (Allocation Failure)
[2026-06-17T10:01:51.670+0800][49.297s][info][gc,heap        ] GC(1922) PSYoungGen: 10151K(14336K)->1793K(14336K) Eden: 7158K(7168K)->0K(7168K) From: 2992K(7168K)->1793K(7168K)
[2026-06-17T10:01:51.670+0800][49.298s][info][gc,heap        ] GC(1922) ParOldGen: 36047K(44032K)->37608K(44032K)
[2026-06-17T10:01:51.671+0800][49.299s][info][gc,metaspace   ] GC(1922) Metaspace: 118K(320K)->118K(320K) NonClass: 111K(192K)->111K(192K) Class: 7K(128K)->7K(128K)
[2026-06-17T10:01:51.672+0800][49.299s][info][gc             ] GC(1922) Pause Young (Allocation Failure) 45M->38M(57M) 3.608ms
[2026-06-17T10:01:51.672+0800][49.300s][info][gc,cpu         ] GC(1922) User=0.00s Sys=0.00s Real=0.01s
[2026-06-17T10:01:51.694+0800][49.322s][info][gc,start       ] GC(1923) Pause Young (Allocation Failure)
[2026-06-17T10:01:51.695+0800][49.323s][info][gc,heap        ] GC(1923) PSYoungGen: 8955K(14336K)->32K(14336K) Eden: 7162K(7168K)->0K(7168K) From: 1793K(7168K)->32K(7168K)
[2026-06-17T10:01:51.696+0800][49.323s][info][gc,heap        ] GC(1923) ParOldGen: 37608K(44032K)->39312K(44032K)
[2026-06-17T10:01:51.696+0800][49.324s][info][gc,metaspace   ] GC(1923) Metaspace: 118K(320K)->118K(320K) NonClass: 111K(192K)->111K(192K) Class: 7K(128K)->7K(128K)
[2026-06-17T10:01:51.697+0800][49.324s][info][gc             ] GC(1923) Pause Young (Allocation Failure) 45M->38M(57M) 2.776ms
[2026-06-17T10:01:51.697+0800][49.325s][info][gc,cpu         ] GC(1923) User=0.00s Sys=0.00s Real=0.00s
[2026-06-17T10:01:51.710+0800][49.338s][info][gc,start       ] GC(1924) Pause Full (Ergonomics)
[2026-06-17T10:01:51.711+0800][49.338s][info][gc,phases,start] GC(1924) Marking Phase
[2026-06-17T10:01:51.714+0800][49.342s][info][gc,phases      ] GC(1924) Marking Phase 3.430ms
[2026-06-17T10:01:51.715+0800][49.343s][info][gc,phases,start] GC(1924) Summary Phase
[2026-06-17T10:01:51.715+0800][49.343s][info][gc,phases      ] GC(1924) Summary Phase 0.669ms
[2026-06-17T10:01:51.716+0800][49.344s][info][gc,phases,start] GC(1924) Adjust Roots
[2026-06-17T10:01:51.717+0800][49.345s][info][gc,phases      ] GC(1924) Adjust Roots 1.101ms
[2026-06-17T10:01:51.718+0800][49.345s][info][gc,phases,start] GC(1924) Compaction Phase
[2026-06-17T10:01:51.720+0800][49.348s][info][gc,phases      ] GC(1924) Compaction Phase 2.477ms
[2026-06-17T10:01:51.721+0800][49.348s][info][gc,phases,start] GC(1924) Post Compact
[2026-06-17T10:01:51.721+0800][49.349s][info][gc,phases      ] GC(1924) Post Compact 0.493ms
[2026-06-17T10:01:51.722+0800][49.349s][info][gc,heap        ] GC(1924) PSYoungGen: 7150K(14336K)->0K(14336K) Eden: 7118K(7168K)->0K(7168K) From: 32K(7168K)->0K(7168K)
[2026-06-17T10:01:51.722+0800][49.350s][info][gc,heap        ] GC(1924) ParOldGen: 39312K(44032K)->23866K(44032K)
[2026-06-17T10:01:51.723+0800][49.350s][info][gc,metaspace   ] GC(1924) Metaspace: 118K(320K)->118K(320K) NonClass: 111K(192K)->111K(192K) Class: 7K(128K)->7K(128K)
[2026-06-17T10:01:51.723+0800][49.351s][info][gc             ] GC(1924) Pause Full (Ergonomics) 45M->23M(57M) 13.246ms
[2026-06-17T10:01:51.723+0800][49.351s][info][gc,cpu         ] GC(1924) User=0.01s Sys=0.00s Real=0.02s
[2026-06-17T10:01:51.745+0800][49.373s][info][gc,start       ] GC(1925) Pause Young (Allocation Failure)
[2026-06-17T10:01:51.746+0800][49.374s][info][gc,heap        ] GC(1925) PSYoungGen: 7162K(14336K)->3771K(14336K) Eden: 7162K(7168K)->0K(7168K) From: 0K(7168K)->3771K(7168K)
[2026-06-17T10:01:51.747+0800][49.375s][info][gc,heap        ] GC(1925) ParOldGen: 23866K(44032K)->23866K(44032K)
[2026-06-17T10:01:51.748+0800][49.375s][info][gc,metaspace   ] GC(1925) Metaspace: 118K(320K)->118K(320K) NonClass: 111K(192K)->111K(192K) Class: 7K(128K)->7K(128K)
[2026-06-17T10:01:51.748+0800][49.376s][info][gc             ] GC(1925) Pause Young (Allocation Failure) 30M->26M(57M) 3.252ms
[2026-06-17T10:01:51.749+0800][49.376s][info][gc,cpu         ] GC(1925) User=0.00s Sys=0.00s Real=0.00s
[2026-06-17T10:01:51.773+0800][49.401s][info][gc,start       ] GC(1926) Pause Young (Allocation Failure)
[2026-06-17T10:01:51.776+0800][49.403s][info][gc,heap        ] GC(1926) PSYoungGen: 10919K(14336K)->3020K(14336K) Eden: 7148K(7168K)->0K(7168K) From: 3771K(7168K)->3020K(7168K)
[2026-06-17T10:01:51.776+0800][49.404s][info][gc,heap        ] GC(1926) ParOldGen: 23866K(44032K)->25193K(44032K)
[2026-06-17T10:01:51.777+0800][49.404s][info][gc,metaspace   ] GC(1926) Metaspace: 118K(320K)->118K(320K) NonClass: 111K(192K)->111K(192K) Class: 7K(128K)->7K(128K)
[2026-06-17T10:01:51.777+0800][49.405s][info][gc             ] GC(1926) Pause Young (Allocation Failure) 33M->27M(57M) 3.999ms
[2026-06-17T10:01:51.778+0800][49.405s][info][gc,cpu         ] GC(1926) User=0.00s Sys=0.00s Real=0.00s
[2026-06-17T10:01:51.789+0800][49.417s][info][gc,start       ] GC(1927) Pause Young (Allocation Failure)
[2026-06-17T10:01:51.791+0800][49.419s][info][gc,heap        ] GC(1927) PSYoungGen: 10139K(14336K)->3503K(14336K) Eden: 7118K(7168K)->0K(7168K) From: 3020K(7168K)->3503K(7168K)
[2026-06-17T10:01:51.792+0800][49.420s][info][gc,heap        ] GC(1927) ParOldGen: 25193K(44032K)->25193K(44032K)
[2026-06-17T10:01:51.792+0800][49.420s][info][gc,metaspace   ] GC(1927) Metaspace: 118K(320K)->118K(320K) NonClass: 111K(192K)->111K(192K) Class: 7K(128K)->7K(128K)
[2026-06-17T10:01:51.793+0800][49.421s][info][gc             ] GC(1927) Pause Young (Allocation Failure) 34M->28M(57M) 3.405ms
[2026-06-17T10:01:51.793+0800][49.421s][info][gc,cpu         ] GC(1927) User=0.00s Sys=0.00s Real=0.01s
[2026-06-17T10:01:51.815+0800][49.443s][info][gc,start       ] GC(1928) Pause Young (Allocation Failure)
[2026-06-17T10:01:51.817+0800][49.444s][info][gc,heap        ] GC(1928) PSYoungGen: 10639K(14336K)->7151K(14336K) Eden: 7136K(7168K)->0K(7168K) From: 3503K(7168K)->7151K(7168K)
[2026-06-17T10:01:51.817+0800][49.445s][info][gc,heap        ] GC(1928) ParOldGen: 25193K(44032K)->25289K(44032K)
[2026-06-17T10:01:51.817+0800][49.445s][info][gc,metaspace   ] GC(1928) Metaspace: 118K(320K)->118K(320K) NonClass: 111K(192K)->111K(192K) Class: 7K(128K)->7K(128K)
[2026-06-17T10:01:51.817+0800][49.445s][info][gc             ] GC(1928) Pause Young (Allocation Failure) 34M->31M(57M) 2.654ms
[2026-06-17T10:01:51.818+0800][49.445s][info][gc,cpu         ] GC(1928) User=0.00s Sys=0.00s Real=0.00s
[2026-06-17T10:01:51.839+0800][49.467s][info][gc,start       ] GC(1929) Pause Young (Allocation Failure)
[2026-06-17T10:01:51.840+0800][49.468s][info][gc,heap        ] GC(1929) PSYoungGen: 14311K(14336K)->3759K(14336K) Eden: 7160K(7168K)->0K(7168K) From: 7151K(7168K)->3759K(7168K)
[2026-06-17T10:01:51.840+0800][49.468s][info][gc,heap        ] GC(1929) ParOldGen: 25289K(44032K)->28736K(44032K)
[2026-06-17T10:01:51.840+0800][49.468s][info][gc,metaspace   ] GC(1929) Metaspace: 118K(320K)->118K(320K) NonClass: 111K(192K)->111K(192K) Class: 7K(128K)->7K(128K)
[2026-06-17T10:01:51.841+0800][49.468s][info][gc             ] GC(1929) Pause Young (Allocation Failure) 38M->31M(57M) 1.639ms
[2026-06-17T10:01:51.841+0800][49.468s][info][gc,cpu         ] GC(1929) User=0.01s Sys=0.00s Real=0.00s
[2026-06-17T10:01:51.862+0800][49.489s][info][gc,start       ] GC(1930) Pause Young (Allocation Failure)
[2026-06-17T10:01:51.863+0800][49.491s][info][gc,heap        ] GC(1930) PSYoungGen: 10900K(14336K)->639K(14336K) Eden: 7141K(7168K)->0K(7168K) From: 3759K(7168K)->639K(7168K)
[2026-06-17T10:01:51.863+0800][49.491s][info][gc,heap        ] GC(1930) ParOldGen: 28736K(44032K)->32303K(44032K)
[2026-06-17T10:01:51.864+0800][49.491s][info][gc,metaspace   ] GC(1930) Metaspace: 118K(320K)->118K(320K) NonClass: 111K(192K)->111K(192K) Class: 7K(128K)->7K(128K)
[2026-06-17T10:01:51.864+0800][49.492s][info][gc             ] GC(1930) Pause Young (Allocation Failure) 38M->32M(57M) 2.092ms
[2026-06-17T10:01:51.864+0800][49.492s][info][gc,cpu         ] GC(1930) User=0.00s Sys=0.00s Real=0.01s
[2026-06-17T10:01:51.875+0800][49.503s][info][gc,start       ] GC(1931) Pause Young (Allocation Failure)
[2026-06-17T10:01:51.878+0800][49.505s][info][gc,heap        ] GC(1931) PSYoungGen: 7761K(14336K)->4272K(14336K) Eden: 7122K(7168K)->0K(7168K) From: 639K(7168K)->4272K(7168K)
[2026-06-17T10:01:51.878+0800][49.506s][info][gc,heap        ] GC(1931) ParOldGen: 32303K(44032K)->32303K(44032K)
[2026-06-17T10:01:51.878+0800][49.506s][info][gc,metaspace   ] GC(1931) Metaspace: 118K(320K)->118K(320K) NonClass: 111K(192K)->111K(192K) Class: 7K(128K)->7K(128K)
[2026-06-17T10:01:51.878+0800][49.506s][info][gc             ] GC(1931) Pause Young (Allocation Failure) 39M->35M(57M) 3.200ms
[2026-06-17T10:01:51.879+0800][49.506s][info][gc,cpu         ] GC(1931) User=0.00s Sys=0.00s Real=0.00s
[2026-06-17T10:01:51.900+0800][49.528s][info][gc,start       ] GC(1932) Pause Young (Allocation Failure)
[2026-06-17T10:01:51.901+0800][49.529s][info][gc,heap        ] GC(1932) PSYoungGen: 11414K(14336K)->2791K(14336K) Eden: 7141K(7168K)->0K(7168K) From: 4272K(7168K)->2791K(7168K)
[2026-06-17T10:01:51.901+0800][49.529s][info][gc,heap        ] GC(1932) ParOldGen: 32303K(44032K)->34279K(44032K)
[2026-06-17T10:01:51.902+0800][49.530s][info][gc,metaspace   ] GC(1932) Metaspace: 118K(320K)->118K(320K) NonClass: 111K(192K)->111K(192K) Class: 7K(128K)->7K(128K)
[2026-06-17T10:01:51.902+0800][49.530s][info][gc             ] GC(1932) Pause Young (Allocation Failure) 42M->36M(57M) 2.202ms
[2026-06-17T10:01:51.902+0800][49.530s][info][gc,cpu         ] GC(1932) User=0.00s Sys=0.00s Real=0.01s
[2026-06-17T10:01:51.924+0800][49.552s][info][gc,start       ] GC(1933) Pause Young (Allocation Failure)
[2026-06-17T10:01:51.925+0800][49.553s][info][gc,heap        ] GC(1933) PSYoungGen: 9921K(14336K)->2902K(14336K) Eden: 7129K(7168K)->0K(7168K) From: 2791K(7168K)->2902K(7168K)
[2026-06-17T10:01:51.925+0800][49.553s][info][gc,heap        ] GC(1933) ParOldGen: 34279K(44032K)->34279K(44032K)
[2026-06-17T10:01:51.926+0800][49.553s][info][gc,metaspace   ] GC(1933) Metaspace: 118K(320K)->118K(320K) NonClass: 111K(192K)->111K(192K) Class: 7K(128K)->7K(128K)
[2026-06-17T10:01:51.926+0800][49.554s][info][gc             ] GC(1933) Pause Young (Allocation Failure) 43M->36M(57M) 2.046ms
[2026-06-17T10:01:51.926+0800][49.554s][info][gc,cpu         ] GC(1933) User=0.00s Sys=0.00s Real=0.00s
[2026-06-17T10:01:51.937+0800][49.565s][info][gc,start       ] GC(1934) Pause Young (Allocation Failure)
[2026-06-17T10:01:51.939+0800][49.567s][info][gc,heap        ] GC(1934) PSYoungGen: 9962K(14336K)->3535K(14336K) Eden: 7060K(7168K)->0K(7168K) From: 2902K(7168K)->3535K(7168K)
[2026-06-17T10:01:51.939+0800][49.567s][info][gc,heap        ] GC(1934) ParOldGen: 34279K(44032K)->34279K(44032K)
[2026-06-17T10:01:51.940+0800][49.567s][info][gc,metaspace   ] GC(1934) Metaspace: 118K(320K)->118K(320K) NonClass: 111K(192K)->111K(192K) Class: 7K(128K)->7K(128K)
[2026-06-17T10:01:51.940+0800][49.567s][info][gc             ] GC(1934) Pause Young (Allocation Failure) 43M->36M(57M) 2.435ms
[2026-06-17T10:01:51.940+0800][49.568s][info][gc,cpu         ] GC(1934) User=0.00s Sys=0.00s Real=0.00s
[2026-06-17T10:01:51.961+0800][49.589s][info][gc,start       ] GC(1935) Pause Young (Allocation Failure)
[2026-06-17T10:01:51.963+0800][49.591s][info][gc,heap        ] GC(1935) PSYoungGen: 10651K(14336K)->6584K(13824K) Eden: 7116K(7168K)->0K(7168K) From: 3535K(7168K)->6584K(6656K)
[2026-06-17T10:01:51.964+0800][49.591s][info][gc,heap        ] GC(1935) ParOldGen: 34279K(44032K)->34842K(44032K)
[2026-06-17T10:01:51.964+0800][49.592s][info][gc,metaspace   ] GC(1935) Metaspace: 118K(320K)->118K(320K) NonClass: 111K(192K)->111K(192K) Class: 7K(128K)->7K(128K)
[2026-06-17T10:01:51.964+0800][49.592s][info][gc             ] GC(1935) Pause Young (Allocation Failure) 43M->40M(56M) 2.970ms
[2026-06-17T10:01:51.965+0800][49.592s][info][gc,cpu         ] GC(1935) User=0.00s Sys=0.00s Real=0.01s
[2026-06-17T10:01:51.987+0800][49.614s][info][gc,start       ] GC(1936) Pause Young (Allocation Failure)
[2026-06-17T10:01:51.988+0800][49.616s][info][gc,heap        ] GC(1936) PSYoungGen: 13736K(13824K)->3691K(14336K) Eden: 7151K(7168K)->0K(7168K) From: 6584K(6656K)->3691K(7168K)
[2026-06-17T10:01:51.989+0800][49.617s][info][gc,heap        ] GC(1936) ParOldGen: 34842K(44032K)->37766K(44032K)
[2026-06-17T10:01:51.991+0800][49.618s][info][gc,metaspace   ] GC(1936) Metaspace: 118K(320K)->118K(320K) NonClass: 111K(192K)->111K(192K) Class: 7K(128K)->7K(128K)
[2026-06-17T10:01:51.993+0800][49.621s][info][gc             ] GC(1936) Pause Young (Allocation Failure) 47M->40M(57M) 6.786ms
[2026-06-17T10:01:51.995+0800][49.623s][info][gc,cpu         ] GC(1936) User=0.00s Sys=0.00s Real=0.01s
[2026-06-17T10:01:52.019+0800][49.646s][info][gc,start       ] GC(1937) Pause Young (Allocation Failure)
[2026-06-17T10:01:52.021+0800][49.649s][info][gc,heap        ] GC(1937) PSYoungGen: 10857K(14336K)->4048K(14336K) Eden: 7165K(7168K)->0K(7168K) From: 3691K(7168K)->4048K(7168K)
[2026-06-17T10:01:52.022+0800][49.650s][info][gc,heap        ] GC(1937) ParOldGen: 37766K(44032K)->37766K(44032K)
[2026-06-17T10:01:52.025+0800][49.652s][info][gc,metaspace   ] GC(1937) Metaspace: 118K(320K)->118K(320K) NonClass: 111K(192K)->111K(192K) Class: 7K(128K)->7K(128K)
[2026-06-17T10:01:52.027+0800][49.654s][info][gc             ] GC(1937) Pause Young (Allocation Failure) 47M->40M(57M) 8.050ms
[2026-06-17T10:01:52.027+0800][49.655s][info][gc,cpu         ] GC(1937) User=0.00s Sys=0.00s Real=0.01s
[2026-06-17T10:01:52.050+0800][49.677s][info][gc,start       ] GC(1938) Pause Young (Allocation Failure)
[2026-06-17T10:01:52.051+0800][49.679s][info][gc,heap        ] GC(1938) PSYoungGen: 11197K(14336K)->4433K(14336K) Eden: 7148K(7168K)->0K(7168K) From: 4048K(7168K)->4433K(7168K)
[2026-06-17T10:01:52.052+0800][49.679s][info][gc,heap        ] GC(1938) ParOldGen: 37766K(44032K)->37766K(44032K)
[2026-06-17T10:01:52.052+0800][49.680s][info][gc,metaspace   ] GC(1938) Metaspace: 118K(320K)->118K(320K) NonClass: 111K(192K)->111K(192K) Class: 7K(128K)->7K(128K)
[2026-06-17T10:01:52.052+0800][49.680s][info][gc             ] GC(1938) Pause Young (Allocation Failure) 47M->41M(57M) 2.929ms
[2026-06-17T10:01:52.053+0800][49.680s][info][gc,cpu         ] GC(1938) User=0.00s Sys=0.00s Real=0.01s
[2026-06-17T10:01:52.064+0800][49.692s][info][gc,start       ] GC(1939) Pause Young (Allocation Failure)
[2026-06-17T10:01:52.066+0800][49.693s][info][gc,heap        ] GC(1939) PSYoungGen: 11579K(14336K)->6986K(14336K) Eden: 7146K(7168K)->0K(7168K) From: 4433K(7168K)->6986K(7168K)
[2026-06-17T10:01:52.066+0800][49.694s][info][gc,heap        ] GC(1939) ParOldGen: 37766K(44032K)->38848K(44032K)
[2026-06-17T10:01:52.066+0800][49.694s][info][gc,metaspace   ] GC(1939) Metaspace: 118K(320K)->118K(320K) NonClass: 111K(192K)->111K(192K) Class: 7K(128K)->7K(128K)
[2026-06-17T10:01:52.067+0800][49.694s][info][gc             ] GC(1939) Pause Young (Allocation Failure) 48M->44M(57M) 2.517ms
[2026-06-17T10:01:52.067+0800][49.695s][info][gc,cpu         ] GC(1939) User=0.01s Sys=0.00s Real=0.00s
[2026-06-17T10:01:52.088+0800][49.716s][info][gc,start       ] GC(1940) Pause Young (Allocation Failure)
[2026-06-17T10:01:52.090+0800][49.718s][info][gc,heap        ] GC(1940) PSYoungGen: 14122K(14336K)->5865K(14336K) Eden: 7136K(7168K)->0K(7168K) From: 6986K(7168K)->5865K(7168K)
[2026-06-17T10:01:52.091+0800][49.718s][info][gc,heap        ] GC(1940) ParOldGen: 38848K(44032K)->40804K(44032K)
[2026-06-17T10:01:52.091+0800][49.719s][info][gc,metaspace   ] GC(1940) Metaspace: 118K(320K)->118K(320K) NonClass: 111K(192K)->111K(192K) Class: 7K(128K)->7K(128K)
[2026-06-17T10:01:52.091+0800][49.719s][info][gc             ] GC(1940) Pause Young (Allocation Failure) 51M->45M(57M) 3.118ms
[2026-06-17T10:01:52.092+0800][49.719s][info][gc,cpu         ] GC(1940) User=0.00s Sys=0.00s Real=0.01s
[2026-06-17T10:01:52.113+0800][49.741s][info][gc,start       ] GC(1941) Pause Full (Ergonomics)
[2026-06-17T10:01:52.114+0800][49.742s][info][gc,phases,start] GC(1941) Marking Phase
[2026-06-17T10:01:52.117+0800][49.745s][info][gc,phases      ] GC(1941) Marking Phase 3.253ms
[2026-06-17T10:01:52.118+0800][49.745s][info][gc,phases,start] GC(1941) Summary Phase
[2026-06-17T10:01:52.118+0800][49.746s][info][gc,phases      ] GC(1941) Summary Phase 0.430ms
[2026-06-17T10:01:52.118+0800][49.746s][info][gc,phases,start] GC(1941) Adjust Roots
[2026-06-17T10:01:52.119+0800][49.746s][info][gc,phases      ] GC(1941) Adjust Roots 0.483ms
[2026-06-17T10:01:52.119+0800][49.747s][info][gc,phases,start] GC(1941) Compaction Phase
[2026-06-17T10:01:52.121+0800][49.749s][info][gc,phases      ] GC(1941) Compaction Phase 2.281ms
[2026-06-17T10:01:52.122+0800][49.749s][info][gc,phases,start] GC(1941) Post Compact
[2026-06-17T10:01:52.122+0800][49.750s][info][gc,phases      ] GC(1941) Post Compact 0.354ms
[2026-06-17T10:01:52.122+0800][49.750s][info][gc,heap        ] GC(1941) PSYoungGen: 13033K(14336K)->0K(14336K) Eden: 7168K(7168K)->0K(7168K) From: 5865K(7168K)->0K(7168K)
[2026-06-17T10:01:52.123+0800][49.750s][info][gc,heap        ] GC(1941) ParOldGen: 40804K(44032K)->24731K(44032K)
[2026-06-17T10:01:52.123+0800][49.750s][info][gc,metaspace   ] GC(1941) Metaspace: 118K(320K)->118K(320K) NonClass: 111K(192K)->111K(192K) Class: 7K(128K)->7K(128K)
[2026-06-17T10:01:52.123+0800][49.751s][info][gc             ] GC(1941) Pause Full (Ergonomics) 52M->24M(57M) 9.947ms
[2026-06-17T10:01:52.123+0800][49.751s][info][gc,cpu         ] GC(1941) User=0.01s Sys=0.00s Real=0.01s
[2026-06-17T10:01:52.145+0800][49.772s][info][gc,start       ] GC(1942) Pause Young (Allocation Failure)
[2026-06-17T10:01:52.146+0800][49.774s][info][gc,heap        ] GC(1942) PSYoungGen: 7168K(14336K)->3345K(14336K) Eden: 7168K(7168K)->0K(7168K) From: 0K(7168K)->3345K(7168K)
[2026-06-17T10:01:52.147+0800][49.774s][info][gc,heap        ] GC(1942) ParOldGen: 24731K(44032K)->24731K(44032K)
[2026-06-17T10:01:52.147+0800][49.775s][info][gc,metaspace   ] GC(1942) Metaspace: 118K(320K)->118K(320K) NonClass: 111K(192K)->111K(192K) Class: 7K(128K)->7K(128K)
[2026-06-17T10:01:52.148+0800][49.776s][info][gc             ] GC(1942) Pause Young (Allocation Failure) 31M->27M(57M) 3.302ms
[2026-06-17T10:01:52.148+0800][49.776s][info][gc,cpu         ] GC(1942) User=0.00s Sys=0.00s Real=0.00s
[2026-06-17T10:01:52.160+0800][49.788s][info][gc,start       ] GC(1943) Pause Young (Allocation Failure)
[2026-06-17T10:01:52.162+0800][49.790s][info][gc,heap        ] GC(1943) PSYoungGen: 10512K(14336K)->7161K(14336K) Eden: 7167K(7168K)->0K(7168K) From: 3345K(7168K)->7161K(7168K)
[2026-06-17T10:01:52.163+0800][49.790s][info][gc,heap        ] GC(1943) ParOldGen: 24731K(44032K)->24731K(44032K)
[2026-06-17T10:01:52.163+0800][49.791s][info][gc,metaspace   ] GC(1943) Metaspace: 118K(320K)->118K(320K) NonClass: 111K(192K)->111K(192K) Class: 7K(128K)->7K(128K)
[2026-06-17T10:01:52.164+0800][49.792s][info][gc             ] GC(1943) Pause Young (Allocation Failure) 34M->31M(57M) 4.199ms
[2026-06-17T10:01:52.165+0800][49.792s][info][gc,cpu         ] GC(1943) User=0.01s Sys=0.01s Real=0.01s
[2026-06-17T10:01:52.187+0800][49.815s][info][gc,start       ] GC(1944) Pause Young (Allocation Failure)
[2026-06-17T10:01:52.189+0800][49.816s][info][gc,heap        ] GC(1944) PSYoungGen: 14314K(14336K)->2598K(14336K) Eden: 7153K(7168K)->0K(7168K) From: 7161K(7168K)->2598K(7168K)
[2026-06-17T10:01:52.189+0800][49.817s][info][gc,heap        ] GC(1944) ParOldGen: 24731K(44032K)->29625K(44032K)
[2026-06-17T10:01:52.189+0800][49.817s][info][gc,metaspace   ] GC(1944) Metaspace: 118K(320K)->118K(320K) NonClass: 111K(192K)->111K(192K) Class: 7K(128K)->7K(128K)
[2026-06-17T10:01:52.190+0800][49.817s][info][gc             ] GC(1944) Pause Young (Allocation Failure) 38M->31M(57M) 2.750ms
[2026-06-17T10:01:52.190+0800][49.818s][info][gc,cpu         ] GC(1944) User=0.00s Sys=0.00s Real=0.00s
[2026-06-17T10:01:52.211+0800][49.839s][info][gc,start       ] GC(1945) Pause Young (Allocation Failure)
[2026-06-17T10:01:52.213+0800][49.840s][info][gc,heap        ] GC(1945) PSYoungGen: 9766K(14336K)->2846K(14336K) Eden: 7168K(7168K)->0K(7168K) From: 2598K(7168K)->2846K(7168K)
[2026-06-17T10:01:52.213+0800][49.841s][info][gc,heap        ] GC(1945) ParOldGen: 29625K(44032K)->29625K(44032K)
[2026-06-17T10:01:52.214+0800][49.842s][info][gc,metaspace   ] GC(1945) Metaspace: 118K(320K)->118K(320K) NonClass: 111K(192K)->111K(192K) Class: 7K(128K)->7K(128K)
[2026-06-17T10:01:52.215+0800][49.843s][info][gc             ] GC(1945) Pause Young (Allocation Failure) 38M->31M(57M) 3.635ms
[2026-06-17T10:01:52.216+0800][49.843s][info][gc,cpu         ] GC(1945) User=0.00s Sys=0.00s Real=0.00s
[2026-06-17T10:01:52.228+0800][49.856s][info][gc,start       ] GC(1946) Pause Young (Allocation Failure)
[2026-06-17T10:01:52.230+0800][49.857s][info][gc,heap        ] GC(1946) PSYoungGen: 9880K(14336K)->759K(14336K) Eden: 7034K(7168K)->0K(7168K) From: 2846K(7168K)->759K(7168K)
[2026-06-17T10:01:52.230+0800][49.858s][info][gc,heap        ] GC(1946) ParOldGen: 29625K(44032K)->31574K(44032K)
[2026-06-17T10:01:52.231+0800][49.859s][info][gc,metaspace   ] GC(1946) Metaspace: 118K(320K)->118K(320K) NonClass: 111K(192K)->111K(192K) Class: 7K(128K)->7K(128K)
[2026-06-17T10:01:52.231+0800][49.859s][info][gc             ] GC(1946) Pause Young (Allocation Failure) 38M->31M(57M) 3.518ms
[2026-06-17T10:01:52.232+0800][49.860s][info][gc,cpu         ] GC(1946) User=0.00s Sys=0.00s Real=0.01s
[2026-06-17T10:01:52.255+0800][49.883s][info][gc,start       ] GC(1947) Pause Young (Allocation Failure)
[2026-06-17T10:01:52.258+0800][49.885s][info][gc,heap        ] GC(1947) PSYoungGen: 7914K(14336K)->3625K(14336K) Eden: 7155K(7168K)->0K(7168K) From: 759K(7168K)->3625K(7168K)
[2026-06-17T10:01:52.258+0800][49.886s][info][gc,heap        ] GC(1947) ParOldGen: 31574K(44032K)->32309K(44032K)
[2026-06-17T10:01:52.259+0800][49.887s][info][gc,metaspace   ] GC(1947) Metaspace: 118K(320K)->118K(320K) NonClass: 111K(192K)->111K(192K) Class: 7K(128K)->7K(128K)
[2026-06-17T10:01:52.260+0800][49.887s][info][gc             ] GC(1947) Pause Young (Allocation Failure) 38M->35M(57M) 4.707ms
[2026-06-17T10:01:52.260+0800][49.888s][info][gc,cpu         ] GC(1947) User=0.00s Sys=0.00s Real=0.00s
[2026-06-17T10:01:52.282+0800][49.910s][info][gc,start       ] GC(1948) Pause Young (Allocation Failure)
[2026-06-17T10:01:52.284+0800][49.912s][info][gc,heap        ] GC(1948) PSYoungGen: 10782K(14336K)->2245K(14336K) Eden: 7156K(7168K)->0K(7168K) From: 3625K(7168K)->2245K(7168K)
[2026-06-17T10:01:52.285+0800][49.913s][info][gc,heap        ] GC(1948) ParOldGen: 32309K(44032K)->33601K(44032K)
[2026-06-17T10:01:52.285+0800][49.913s][info][gc,metaspace   ] GC(1948) Metaspace: 118K(320K)->118K(320K) NonClass: 111K(192K)->111K(192K) Class: 7K(128K)->7K(128K)
[2026-06-17T10:01:52.286+0800][49.914s][info][gc             ] GC(1948) Pause Young (Allocation Failure) 42M->35M(57M) 3.628ms
[2026-06-17T10:01:52.287+0800][49.915s][info][gc,cpu         ] GC(1948) User=0.01s Sys=0.00s Real=0.00s
[2026-06-17T10:01:52.299+0800][49.927s][info][gc,start       ] GC(1949) Pause Young (Allocation Failure)
[2026-06-17T10:01:52.302+0800][49.929s][info][gc,heap        ] GC(1949) PSYoungGen: 9390K(14336K)->4167K(14336K) Eden: 7145K(7168K)->0K(7168K) From: 2245K(7168K)->4167K(7168K)
[2026-06-17T10:01:52.302+0800][49.930s][info][gc,heap        ] GC(1949) ParOldGen: 33601K(44032K)->35401K(44032K)
[2026-06-17T10:01:52.303+0800][49.930s][info][gc,metaspace   ] GC(1949) Metaspace: 118K(320K)->118K(320K) NonClass: 111K(192K)->111K(192K) Class: 7K(128K)->7K(128K)
[2026-06-17T10:01:52.303+0800][49.931s][info][gc             ] GC(1949) Pause Young (Allocation Failure) 41M->38M(57M) 3.847ms
[2026-06-17T10:01:52.304+0800][49.931s][info][gc,cpu         ] GC(1949) User=0.00s Sys=0.00s Real=0.01s
[2026-06-17T10:01:52.326+0800][49.954s][info][gc,start       ] GC(1950) Pause Young (Allocation Failure)
[2026-06-17T10:01:52.328+0800][49.956s][info][gc,heap        ] GC(1950) PSYoungGen: 11300K(14336K)->3283K(14336K) Eden: 7133K(7168K)->0K(7168K) From: 4167K(7168K)->3283K(7168K)
[2026-06-17T10:01:52.328+0800][49.956s][info][gc,heap        ] GC(1950) ParOldGen: 35401K(44032K)->36738K(44032K)
[2026-06-17T10:01:52.329+0800][49.956s][info][gc,metaspace   ] GC(1950) Metaspace: 118K(320K)->118K(320K) NonClass: 111K(192K)->111K(192K) Class: 7K(128K)->7K(128K)
[2026-06-17T10:01:52.329+0800][49.957s][info][gc             ] GC(1950) Pause Young (Allocation Failure) 45M->39M(57M) 3.174ms
[2026-06-17T10:01:52.330+0800][49.957s][info][gc,cpu         ] GC(1950) User=0.00s Sys=0.00s Real=0.00s
[2026-06-17T10:01:52.351+0800][49.979s][info][gc,start       ] GC(1951) Pause Young (Allocation Failure)
[2026-06-17T10:01:52.352+0800][49.980s][info][gc,heap        ] GC(1951) PSYoungGen: 10427K(14336K)->1520K(14336K) Eden: 7143K(7168K)->0K(7168K) From: 3283K(7168K)->1520K(7168K)
[2026-06-17T10:01:52.353+0800][49.980s][info][gc,heap        ] GC(1951) ParOldGen: 36738K(44032K)->38721K(44032K)
[2026-06-17T10:01:52.353+0800][49.981s][info][gc,metaspace   ] GC(1951) Metaspace: 118K(320K)->118K(320K) NonClass: 111K(192K)->111K(192K) Class: 7K(128K)->7K(128K)
[2026-06-17T10:01:52.353+0800][49.981s][info][gc             ] GC(1951) Pause Young (Allocation Failure) 46M->39M(57M) 2.043ms
[2026-06-17T10:01:52.354+0800][49.981s][info][gc,cpu         ] GC(1951) User=0.00s Sys=0.00s Real=0.00s
[2026-06-17T10:01:52.365+0800][49.993s][info][gc,start       ] GC(1952) Pause Young (Allocation Failure)
[2026-06-17T10:01:52.366+0800][49.994s][info][gc,heap        ] GC(1952) PSYoungGen: 8641K(14336K)->5013K(14336K) Eden: 7120K(7168K)->0K(7168K) From: 1520K(7168K)->5013K(7168K)
[2026-06-17T10:01:52.367+0800][49.995s][info][gc,heap        ] GC(1952) ParOldGen: 38721K(44032K)->38721K(44032K)
[2026-06-17T10:01:52.367+0800][49.995s][info][gc,metaspace   ] GC(1952) Metaspace: 118K(320K)->118K(320K) NonClass: 111K(192K)->111K(192K) Class: 7K(128K)->7K(128K)
[2026-06-17T10:01:52.368+0800][49.996s][info][gc             ] GC(1952) Pause Young (Allocation Failure) 46M->42M(57M) 2.961ms
[2026-06-17T10:01:52.368+0800][49.996s][info][gc,cpu         ] GC(1952) User=0.00s Sys=0.00s Real=0.00s
[2026-06-17T10:01:52.391+0800][50.018s][info][gc,start       ] GC(1953) Pause Young (Allocation Failure)
[2026-06-17T10:01:52.392+0800][50.020s][info][gc,heap        ] GC(1953) PSYoungGen: 12181K(14336K)->3578K(14336K) Eden: 7168K(7168K)->0K(7168K) From: 5013K(7168K)->3578K(7168K)
[2026-06-17T10:01:52.393+0800][50.020s][info][gc,heap        ] GC(1953) ParOldGen: 38721K(44032K)->40267K(44032K)
[2026-06-17T10:01:52.393+0800][50.021s][info][gc,metaspace   ] GC(1953) Metaspace: 118K(320K)->118K(320K) NonClass: 111K(192K)->111K(192K) Class: 7K(128K)->7K(128K)
[2026-06-17T10:01:52.394+0800][50.022s][info][gc             ] GC(1953) Pause Young (Allocation Failure) 49M->42M(57M) 3.349ms
[2026-06-17T10:01:52.395+0800][50.022s][info][gc,cpu         ] GC(1953) User=0.00s Sys=0.00s Real=0.00s
[2026-06-17T10:01:52.416+0800][50.044s][info][gc,start       ] GC(1954) Pause Young (Allocation Failure)
[2026-06-17T10:01:52.418+0800][50.046s][info][gc,heap        ] GC(1954) PSYoungGen: 10746K(14336K)->3712K(14336K) Eden: 7168K(7168K)->0K(7168K) From: 3578K(7168K)->3712K(7168K)
[2026-06-17T10:01:52.419+0800][50.046s][info][gc,heap        ] GC(1954) ParOldGen: 40267K(44032K)->40267K(44032K)
[2026-06-17T10:01:52.419+0800][50.047s][info][gc,metaspace   ] GC(1954) Metaspace: 118K(320K)->118K(320K) NonClass: 111K(192K)->111K(192K) Class: 7K(128K)->7K(128K)
[2026-06-17T10:01:52.420+0800][50.048s][info][gc             ] GC(1954) Pause Young (Allocation Failure) 49M->42M(57M) 3.829ms
[2026-06-17T10:01:52.421+0800][50.049s][info][gc,cpu         ] GC(1954) User=0.00s Sys=0.00s Real=0.00s
[2026-06-17T10:01:52.433+0800][50.061s][info][gc,start       ] GC(1955) Pause Young (Allocation Failure)
[2026-06-17T10:01:52.435+0800][50.062s][info][gc,heap        ] GC(1955) PSYoungGen: 10848K(14336K)->1925K(14336K) Eden: 7136K(7168K)->0K(7168K) From: 3712K(7168K)->1925K(7168K)
[2026-06-17T10:01:52.435+0800][50.063s][info][gc,heap        ] GC(1955) ParOldGen: 40267K(44032K)->42482K(44032K)
[2026-06-17T10:01:52.436+0800][50.063s][info][gc,metaspace   ] GC(1955) Metaspace: 118K(320K)->118K(320K) NonClass: 111K(192K)->111K(192K) Class: 7K(128K)->7K(128K)
[2026-06-17T10:01:52.436+0800][50.064s][info][gc             ] GC(1955) Pause Young (Allocation Failure) 49M->43M(57M) 3.108ms
[2026-06-17T10:01:52.437+0800][50.065s][info][gc,cpu         ] GC(1955) User=0.00s Sys=0.00s Real=0.00s
[2026-06-17T10:01:52.469+0800][50.097s][info][gc,start       ] GC(1956) Pause Full (Ergonomics)
[2026-06-17T10:01:52.470+0800][50.098s][info][gc,phases,start] GC(1956) Marking Phase
[2026-06-17T10:01:52.473+0800][50.100s][info][gc,phases      ] GC(1956) Marking Phase 2.672ms
[2026-06-17T10:01:52.473+0800][50.101s][info][gc,phases,start] GC(1956) Summary Phase
[2026-06-17T10:01:52.474+0800][50.101s][info][gc,phases      ] GC(1956) Summary Phase 0.559ms
[2026-06-17T10:01:52.474+0800][50.102s][info][gc,phases,start] GC(1956) Adjust Roots
[2026-06-17T10:01:52.475+0800][50.103s][info][gc,phases      ] GC(1956) Adjust Roots 1.013ms
[2026-06-17T10:01:52.476+0800][50.103s][info][gc,phases,start] GC(1956) Compaction Phase
[2026-06-17T10:01:52.478+0800][50.106s][info][gc,phases      ] GC(1956) Compaction Phase 2.336ms
[2026-06-17T10:01:52.478+0800][50.106s][info][gc,phases,start] GC(1956) Post Compact
[2026-06-17T10:01:52.479+0800][50.107s][info][gc,phases      ] GC(1956) Post Compact 0.535ms
[2026-06-17T10:01:52.479+0800][50.107s][info][gc,heap        ] GC(1956) PSYoungGen: 9090K(14336K)->0K(14336K) Eden: 7165K(7168K)->0K(7168K) From: 1925K(7168K)->0K(7168K)
[2026-06-17T10:01:52.480+0800][50.107s][info][gc,heap        ] GC(1956) ParOldGen: 42482K(44032K)->31938K(44032K)
[2026-06-17T10:01:52.480+0800][50.108s][info][gc,metaspace   ] GC(1956) Metaspace: 118K(320K)->118K(320K) NonClass: 111K(192K)->111K(192K) Class: 7K(128K)->7K(128K)
[2026-06-17T10:01:52.480+0800][50.108s][info][gc             ] GC(1956) Pause Full (Ergonomics) 50M->31M(57M) 10.653ms
[2026-06-17T10:01:52.480+0800][50.108s][info][gc,cpu         ] GC(1956) User=0.00s Sys=0.00s Real=0.01s
[2026-06-17T10:01:52.491+0800][50.119s][info][gc,start       ] GC(1957) Pause Young (Allocation Failure)
[2026-06-17T10:01:52.492+0800][50.120s][info][gc,heap        ] GC(1957) PSYoungGen: 7165K(14336K)->7069K(14336K) Eden: 7165K(7168K)->0K(7168K) From: 0K(7168K)->7069K(7168K)
[2026-06-17T10:01:52.493+0800][50.121s][info][gc,heap        ] GC(1957) ParOldGen: 31938K(44032K)->32112K(44032K)
[2026-06-17T10:01:52.493+0800][50.121s][info][gc,metaspace   ] GC(1957) Metaspace: 118K(320K)->118K(320K) NonClass: 111K(192K)->111K(192K) Class: 7K(128K)->7K(128K)
[2026-06-17T10:01:52.494+0800][50.121s][info][gc             ] GC(1957) Pause Young (Allocation Failure) 38M->38M(57M) 2.365ms
[2026-06-17T10:01:52.494+0800][50.122s][info][gc,cpu         ] GC(1957) User=0.00s Sys=0.00s Real=0.00s
[2026-06-17T10:01:52.515+0800][50.143s][info][gc,start       ] GC(1958) Pause Young (Allocation Failure)
[2026-06-17T10:01:52.517+0800][50.144s][info][gc,heap        ] GC(1958) PSYoungGen: 14182K(14336K)->2578K(14336K) Eden: 7113K(7168K)->0K(7168K) From: 7069K(7168K)->2578K(7168K)
[2026-06-17T10:01:52.517+0800][50.145s][info][gc,heap        ] GC(1958) ParOldGen: 32112K(44032K)->36912K(44032K)
[2026-06-17T10:01:52.518+0800][50.145s][info][gc,metaspace   ] GC(1958) Metaspace: 118K(320K)->118K(320K) NonClass: 111K(192K)->111K(192K) Class: 7K(128K)->7K(128K)
[2026-06-17T10:01:52.518+0800][50.146s][info][gc             ] GC(1958) Pause Young (Allocation Failure) 45M->38M(57M) 2.856ms
[2026-06-17T10:01:52.518+0800][50.146s][info][gc,cpu         ] GC(1958) User=0.00s Sys=0.00s Real=0.00s
[2026-06-17T10:01:52.530+0800][50.157s][info][gc,start       ] GC(1959) Pause Young (Allocation Failure)
[2026-06-17T10:01:52.531+0800][50.159s][info][gc,heap        ] GC(1959) PSYoungGen: 9746K(14336K)->6082K(14336K) Eden: 7168K(7168K)->0K(7168K) From: 2578K(7168K)->6082K(7168K)
[2026-06-17T10:01:52.532+0800][50.160s][info][gc,heap        ] GC(1959) ParOldGen: 36912K(44032K)->36912K(44032K)
[2026-06-17T10:01:52.532+0800][50.160s][info][gc,metaspace   ] GC(1959) Metaspace: 118K(320K)->118K(320K) NonClass: 111K(192K)->111K(192K) Class: 7K(128K)->7K(128K)
[2026-06-17T10:01:52.533+0800][50.160s][info][gc             ] GC(1959) Pause Young (Allocation Failure) 45M->41M(57M) 2.743ms
[2026-06-17T10:01:52.533+0800][50.160s][info][gc,cpu         ] GC(1959) User=0.00s Sys=0.00s Real=0.01s
[2026-06-17T10:01:52.555+0800][50.183s][info][gc,start       ] GC(1960) Pause Young (Allocation Failure)
[2026-06-17T10:01:52.557+0800][50.185s][info][gc,heap        ] GC(1960) PSYoungGen: 13220K(14336K)->2623K(14336K) Eden: 7138K(7168K)->0K(7168K) From: 6082K(7168K)->2623K(7168K)
[2026-06-17T10:01:52.557+0800][50.185s][info][gc,heap        ] GC(1960) ParOldGen: 36912K(44032K)->40395K(44032K)
[2026-06-17T10:01:52.558+0800][50.186s][info][gc,metaspace   ] GC(1960) Metaspace: 118K(320K)->118K(320K) NonClass: 111K(192K)->111K(192K) Class: 7K(128K)->7K(128K)
[2026-06-17T10:01:52.558+0800][50.186s][info][gc             ] GC(1960) Pause Young (Allocation Failure) 48M->42M(57M) 3.464ms
[2026-06-17T10:01:52.559+0800][50.187s][info][gc,cpu         ] GC(1960) User=0.01s Sys=0.00s Real=0.00s
[2026-06-17T10:01:52.581+0800][50.209s][info][gc,start       ] GC(1961) Pause Full (Ergonomics)
[2026-06-17T10:01:52.586+0800][50.214s][info][gc,phases,start] GC(1961) Marking Phase
[2026-06-17T10:01:52.588+0800][50.215s][info][gc,phases      ] GC(1961) Marking Phase 1.555ms
[2026-06-17T10:01:52.588+0800][50.216s][info][gc,phases,start] GC(1961) Summary Phase
[2026-06-17T10:01:52.588+0800][50.216s][info][gc,phases      ] GC(1961) Summary Phase 0.261ms
[2026-06-17T10:01:52.589+0800][50.216s][info][gc,phases,start] GC(1961) Adjust Roots
[2026-06-17T10:01:52.589+0800][50.217s][info][gc,phases      ] GC(1961) Adjust Roots 0.345ms
[2026-06-17T10:01:52.589+0800][50.217s][info][gc,phases,start] GC(1961) Compaction Phase
[2026-06-17T10:01:52.591+0800][50.218s][info][gc,phases      ] GC(1961) Compaction Phase 1.643ms
[2026-06-17T10:01:52.591+0800][50.219s][info][gc,phases,start] GC(1961) Post Compact
[2026-06-17T10:01:52.591+0800][50.219s][info][gc,phases      ] GC(1961) Post Compact 0.375ms
[2026-06-17T10:01:52.592+0800][50.219s][info][gc,heap        ] GC(1961) PSYoungGen: 9781K(14336K)->0K(14336K) Eden: 7157K(7168K)->0K(7168K) From: 2623K(7168K)->0K(7168K)
[2026-06-17T10:01:52.592+0800][50.220s][info][gc,heap        ] GC(1961) ParOldGen: 40395K(44032K)->30472K(44032K)
[2026-06-17T10:01:52.592+0800][50.220s][info][gc,metaspace   ] GC(1961) Metaspace: 118K(320K)->118K(320K) NonClass: 111K(192K)->111K(192K) Class: 7K(128K)->7K(128K)
[2026-06-17T10:01:52.592+0800][50.220s][info][gc             ] GC(1961) Pause Full (Ergonomics) 49M->29M(57M) 11.643ms
[2026-06-17T10:01:52.593+0800][50.221s][info][gc,cpu         ] GC(1961) User=0.00s Sys=0.00s Real=0.02s
[2026-06-17T10:01:52.604+0800][50.232s][info][gc,start       ] GC(1962) Pause Young (Allocation Failure)
[2026-06-17T10:01:52.605+0800][50.233s][info][gc,heap        ] GC(1962) PSYoungGen: 7092K(14336K)->3648K(14336K) Eden: 7092K(7168K)->0K(7168K) From: 0K(7168K)->3648K(7168K)
[2026-06-17T10:01:52.605+0800][50.233s][info][gc,heap        ] GC(1962) ParOldGen: 30472K(44032K)->30472K(44032K)
[2026-06-17T10:01:52.606+0800][50.233s][info][gc,metaspace   ] GC(1962) Metaspace: 118K(320K)->118K(320K) NonClass: 111K(192K)->111K(192K) Class: 7K(128K)->7K(128K)
[2026-06-17T10:01:52.606+0800][50.233s][info][gc             ] GC(1962) Pause Young (Allocation Failure) 36M->33M(57M) 1.491ms
[2026-06-17T10:01:52.606+0800][50.234s][info][gc,cpu         ] GC(1962) User=0.00s Sys=0.00s Real=0.00s
[2026-06-17T10:01:52.627+0800][50.255s][info][gc,start       ] GC(1963) Pause Young (Allocation Failure)
[2026-06-17T10:01:52.628+0800][50.256s][info][gc,heap        ] GC(1963) PSYoungGen: 10800K(14336K)->3618K(14336K) Eden: 7152K(7168K)->0K(7168K) From: 3648K(7168K)->3618K(7168K)
[2026-06-17T10:01:52.628+0800][50.256s][info][gc,heap        ] GC(1963) ParOldGen: 30472K(44032K)->34081K(44032K)
[2026-06-17T10:01:52.629+0800][50.256s][info][gc,metaspace   ] GC(1963) Metaspace: 118K(320K)->118K(320K) NonClass: 111K(192K)->111K(192K) Class: 7K(128K)->7K(128K)
[2026-06-17T10:01:52.629+0800][50.257s][info][gc             ] GC(1963) Pause Young (Allocation Failure) 40M->36M(57M) 1.952ms
[2026-06-17T10:01:52.629+0800][50.257s][info][gc,cpu         ] GC(1963) User=0.00s Sys=0.00s Real=0.00s
[2026-06-17T10:01:52.650+0800][50.278s][info][gc,start       ] GC(1964) Pause Young (Allocation Failure)
[2026-06-17T10:01:52.651+0800][50.279s][info][gc,heap        ] GC(1964) PSYoungGen: 10786K(14336K)->3879K(14336K) Eden: 7168K(7168K)->0K(7168K) From: 3618K(7168K)->3879K(7168K)
[2026-06-17T10:01:52.653+0800][50.280s][info][gc,heap        ] GC(1964) ParOldGen: 34081K(44032K)->34081K(44032K)
[2026-06-17T10:01:52.653+0800][50.281s][info][gc,metaspace   ] GC(1964) Metaspace: 118K(320K)->118K(320K) NonClass: 111K(192K)->111K(192K) Class: 7K(128K)->7K(128K)
[2026-06-17T10:01:52.654+0800][50.281s][info][gc             ] GC(1964) Pause Young (Allocation Failure) 43M->37M(57M) 3.619ms
[2026-06-17T10:01:52.654+0800][50.282s][info][gc,cpu         ] GC(1964) User=0.00s Sys=0.00s Real=0.01s
[2026-06-17T10:01:52.676+0800][50.304s][info][gc,start       ] GC(1965) Pause Young (Allocation Failure)
[2026-06-17T10:01:52.678+0800][50.306s][info][gc,heap        ] GC(1965) PSYoungGen: 11036K(14336K)->4220K(14336K) Eden: 7157K(7168K)->0K(7168K) From: 3879K(7168K)->4220K(7168K)
[2026-06-17T10:01:52.679+0800][50.307s][info][gc,heap        ] GC(1965) ParOldGen: 34081K(44032K)->34081K(44032K)
[2026-06-17T10:01:52.680+0800][50.308s][info][gc,metaspace   ] GC(1965) Metaspace: 118K(320K)->118K(320K) NonClass: 111K(192K)->111K(192K) Class: 7K(128K)->7K(128K)
[2026-06-17T10:01:52.681+0800][50.309s][info][gc             ] GC(1965) Pause Young (Allocation Failure) 44M->37M(57M) 4.677ms
[2026-06-17T10:01:52.682+0800][50.309s][info][gc,cpu         ] GC(1965) User=0.00s Sys=0.00s Real=0.00s
[2026-06-17T10:01:52.694+0800][50.322s][info][gc,start       ] GC(1966) Pause Young (Allocation Failure)
[2026-06-17T10:01:52.696+0800][50.324s][info][gc,heap        ] GC(1966) PSYoungGen: 11375K(14336K)->7094K(14336K) Eden: 7155K(7168K)->0K(7168K) From: 4220K(7168K)->7094K(7168K)
[2026-06-17T10:01:52.697+0800][50.325s][info][gc,heap        ] GC(1966) ParOldGen: 34081K(44032K)->34867K(44032K)
[2026-06-17T10:01:52.697+0800][50.325s][info][gc,metaspace   ] GC(1966) Metaspace: 118K(320K)->118K(320K) NonClass: 111K(192K)->111K(192K) Class: 7K(128K)->7K(128K)
[2026-06-17T10:01:52.698+0800][50.326s][info][gc             ] GC(1966) Pause Young (Allocation Failure) 44M->40M(57M) 4.296ms
[2026-06-17T10:01:52.699+0800][50.327s][info][gc,cpu         ] GC(1966) User=0.01s Sys=0.00s Real=0.00s
[2026-06-17T10:01:52.721+0800][50.349s][info][gc,start       ] GC(1967) Pause Young (Allocation Failure)
[2026-06-17T10:01:52.724+0800][50.351s][info][gc,heap        ] GC(1967) PSYoungGen: 14238K(14336K)->3690K(14336K) Eden: 7144K(7168K)->0K(7168K) From: 7094K(7168K)->3690K(7168K)
[2026-06-17T10:01:52.725+0800][50.352s][info][gc,heap        ] GC(1967) ParOldGen: 34867K(44032K)->38336K(44032K)
[2026-06-17T10:01:52.725+0800][50.353s][info][gc,metaspace   ] GC(1967) Metaspace: 118K(320K)->118K(320K) NonClass: 111K(192K)->111K(192K) Class: 7K(128K)->7K(128K)
[2026-06-17T10:01:52.726+0800][50.354s][info][gc             ] GC(1967) Pause Young (Allocation Failure) 47M->41M(57M) 4.741ms
[2026-06-17T10:01:52.727+0800][50.355s][info][gc,cpu         ] GC(1967) User=0.00s Sys=0.00s Real=0.01s
[2026-06-17T10:01:52.749+0800][50.377s][info][gc,start       ] GC(1968) Pause Young (Allocation Failure)
[2026-06-17T10:01:52.751+0800][50.379s][info][gc,heap        ] GC(1968) PSYoungGen: 10842K(14336K)->3126K(14336K) Eden: 7152K(7168K)->0K(7168K) From: 3690K(7168K)->3126K(7168K)
[2026-06-17T10:01:52.752+0800][50.380s][info][gc,heap        ] GC(1968) ParOldGen: 38336K(44032K)->39300K(44032K)
[2026-06-17T10:01:52.753+0800][50.380s][info][gc,metaspace   ] GC(1968) Metaspace: 118K(320K)->118K(320K) NonClass: 111K(192K)->111K(192K) Class: 7K(128K)->7K(128K)
[2026-06-17T10:01:52.753+0800][50.381s][info][gc             ] GC(1968) Pause Young (Allocation Failure) 48M->41M(57M) 4.191ms
[2026-06-17T10:01:52.754+0800][50.382s][info][gc,cpu         ] GC(1968) User=0.00s Sys=0.00s Real=0.01s
[2026-06-17T10:01:52.766+0800][50.394s][info][gc,start       ] GC(1969) Pause Full (Ergonomics)
[2026-06-17T10:01:52.767+0800][50.395s][info][gc,phases,start] GC(1969) Marking Phase
[2026-06-17T10:01:52.770+0800][50.398s][info][gc,phases      ] GC(1969) Marking Phase 3.103ms
[2026-06-17T10:01:52.771+0800][50.399s][info][gc,phases,start] GC(1969) Summary Phase
[2026-06-17T10:01:52.772+0800][50.400s][info][gc,phases      ] GC(1969) Summary Phase 0.851ms
[2026-06-17T10:01:52.773+0800][50.400s][info][gc,phases,start] GC(1969) Adjust Roots
[2026-06-17T10:01:52.774+0800][50.401s][info][gc,phases      ] GC(1969) Adjust Roots 1.140ms
[2026-06-17T10:01:52.775+0800][50.402s][info][gc,phases,start] GC(1969) Compaction Phase
[2026-06-17T10:01:52.778+0800][50.405s][info][gc,phases      ] GC(1969) Compaction Phase 3.129ms
[2026-06-17T10:01:52.778+0800][50.406s][info][gc,phases,start] GC(1969) Post Compact
[2026-06-17T10:01:52.779+0800][50.407s][info][gc,phases      ] GC(1969) Post Compact 1.007ms
[2026-06-17T10:01:52.780+0800][50.408s][info][gc,heap        ] GC(1969) PSYoungGen: 10281K(14336K)->0K(14336K) Eden: 7155K(7168K)->0K(7168K) From: 3126K(7168K)->0K(7168K)
[2026-06-17T10:01:52.781+0800][50.409s][info][gc,heap        ] GC(1969) ParOldGen: 39300K(44032K)->25909K(44032K)
[2026-06-17T10:01:52.782+0800][50.410s][info][gc,metaspace   ] GC(1969) Metaspace: 118K(320K)->118K(320K) NonClass: 111K(192K)->111K(192K) Class: 7K(128K)->7K(128K)
[2026-06-17T10:01:52.783+0800][50.410s][info][gc             ] GC(1969) Pause Full (Ergonomics) 48M->25M(57M) 16.661ms
[2026-06-17T10:01:52.783+0800][50.411s][info][gc,cpu         ] GC(1969) User=0.01s Sys=0.00s Real=0.02s
[2026-06-17T10:01:52.806+0800][50.433s][info][gc,start       ] GC(1970) Pause Young (Allocation Failure)
[2026-06-17T10:01:52.808+0800][50.436s][info][gc,heap        ] GC(1970) PSYoungGen: 7168K(14336K)->4122K(14336K) Eden: 7168K(7168K)->0K(7168K) From: 0K(7168K)->4122K(7168K)
[2026-06-17T10:01:52.809+0800][50.436s][info][gc,heap        ] GC(1970) ParOldGen: 25909K(44032K)->25909K(44032K)
[2026-06-17T10:01:52.810+0800][50.438s][info][gc,metaspace   ] GC(1970) Metaspace: 118K(320K)->118K(320K) NonClass: 111K(192K)->111K(192K) Class: 7K(128K)->7K(128K)
[2026-06-17T10:01:52.811+0800][50.439s][info][gc             ] GC(1970) Pause Young (Allocation Failure) 32M->29M(57M) 5.001ms
[2026-06-17T10:01:52.812+0800][50.439s][info][gc,cpu         ] GC(1970) User=0.01s Sys=0.00s Real=0.01s
[2026-06-17T10:01:52.834+0800][50.462s][info][gc,start       ] GC(1971) Pause Young (Allocation Failure)
[2026-06-17T10:01:52.836+0800][50.464s][info][gc,heap        ] GC(1971) PSYoungGen: 11240K(14336K)->4286K(14336K) Eden: 7117K(7168K)->0K(7168K) From: 4122K(7168K)->4286K(7168K)
[2026-06-17T10:01:52.837+0800][50.465s][info][gc,heap        ] GC(1971) ParOldGen: 25909K(44032K)->25909K(44032K)
[2026-06-17T10:01:52.838+0800][50.466s][info][gc,metaspace   ] GC(1971) Metaspace: 118K(320K)->118K(320K) NonClass: 111K(192K)->111K(192K) Class: 7K(128K)->7K(128K)
[2026-06-17T10:01:52.839+0800][50.467s][info][gc             ] GC(1971) Pause Young (Allocation Failure) 36M->29M(57M) 4.724ms
[2026-06-17T10:01:52.840+0800][50.467s][info][gc,cpu         ] GC(1971) User=0.00s Sys=0.00s Real=0.00s
[2026-06-17T10:01:52.862+0800][50.489s][info][gc,start       ] GC(1972) Pause Young (Allocation Failure)
[2026-06-17T10:01:52.863+0800][50.491s][info][gc,heap        ] GC(1972) PSYoungGen: 11452K(14336K)->4356K(14336K) Eden: 7166K(7168K)->0K(7168K) From: 4286K(7168K)->4356K(7168K)
[2026-06-17T10:01:52.864+0800][50.492s][info][gc,heap        ] GC(1972) ParOldGen: 25909K(44032K)->25909K(44032K)
[2026-06-17T10:01:52.865+0800][50.493s][info][gc,metaspace   ] GC(1972) Metaspace: 118K(320K)->118K(320K) NonClass: 111K(192K)->111K(192K) Class: 7K(128K)->7K(128K)
[2026-06-17T10:01:52.866+0800][50.494s][info][gc             ] GC(1972) Pause Young (Allocation Failure) 36M->29M(57M) 4.094ms
[2026-06-17T10:01:52.867+0800][50.494s][info][gc,cpu         ] GC(1972) User=0.00s Sys=0.00s Real=0.01s
[2026-06-17T10:01:52.879+0800][50.506s][info][gc,start       ] GC(1973) Pause Young (Allocation Failure)
[2026-06-17T10:01:52.881+0800][50.509s][info][gc,heap        ] GC(1973) PSYoungGen: 11500K(14336K)->6577K(13824K) Eden: 7144K(7168K)->0K(7168K) From: 4356K(7168K)->6577K(6656K)
[2026-06-17T10:01:52.881+0800][50.509s][info][gc,heap        ] GC(1973) ParOldGen: 25909K(44032K)->27394K(44032K)
[2026-06-17T10:01:52.882+0800][50.510s][info][gc,metaspace   ] GC(1973) Metaspace: 118K(320K)->118K(320K) NonClass: 111K(192K)->111K(192K) Class: 7K(128K)->7K(128K)
[2026-06-17T10:01:52.883+0800][50.511s][info][gc             ] GC(1973) Pause Young (Allocation Failure) 36M->33M(56M) 4.255ms
[2026-06-17T10:01:52.884+0800][50.511s][info][gc,cpu         ] GC(1973) User=0.00s Sys=0.00s Real=0.01s
[2026-06-17T10:01:52.906+0800][50.534s][info][gc,start       ] GC(1974) Pause Young (Allocation Failure)
[2026-06-17T10:01:52.909+0800][50.536s][info][gc,heap        ] GC(1974) PSYoungGen: 13713K(13824K)->4080K(14336K) Eden: 7136K(7168K)->0K(7168K) From: 6577K(6656K)->4080K(7168K)
[2026-06-17T10:01:52.910+0800][50.537s][info][gc,heap        ] GC(1974) ParOldGen: 27394K(44032K)->29903K(44032K)
[2026-06-17T10:01:52.911+0800][50.538s][info][gc,metaspace   ] GC(1974) Metaspace: 118K(320K)->118K(320K) NonClass: 111K(192K)->111K(192K) Class: 7K(128K)->7K(128K)
[2026-06-17T10:01:52.912+0800][50.539s][info][gc             ] GC(1974) Pause Young (Allocation Failure) 40M->33M(57M) 5.453ms
[2026-06-17T10:01:52.913+0800][50.540s][info][gc,cpu         ] GC(1974) User=0.01s Sys=0.00s Real=0.01s
[2026-06-17T10:01:52.926+0800][50.554s][info][gc,start       ] GC(1975) Pause Young (Allocation Failure)
[2026-06-17T10:01:52.928+0800][50.556s][info][gc,heap        ] GC(1975) PSYoungGen: 11228K(14336K)->7036K(14336K) Eden: 7147K(7168K)->0K(7168K) From: 4080K(7168K)->7036K(7168K)
[2026-06-17T10:01:52.929+0800][50.557s][info][gc,heap        ] GC(1975) ParOldGen: 29903K(44032K)->30413K(44032K)
[2026-06-17T10:01:52.930+0800][50.558s][info][gc,metaspace   ] GC(1975) Metaspace: 118K(320K)->118K(320K) NonClass: 111K(192K)->111K(192K) Class: 7K(128K)->7K(128K)
[2026-06-17T10:01:52.931+0800][50.559s][info][gc             ] GC(1975) Pause Young (Allocation Failure) 40M->36M(57M) 5.334ms
[2026-06-17T10:01:52.932+0800][50.560s][info][gc,cpu         ] GC(1975) User=0.00s Sys=0.00s Real=0.01s
[2026-06-17T10:01:52.955+0800][50.582s][info][gc,start       ] GC(1976) Pause Young (Allocation Failure)
[2026-06-17T10:01:52.956+0800][50.584s][info][gc,heap        ] GC(1976) PSYoungGen: 14184K(14336K)->5281K(14336K) Eden: 7148K(7168K)->0K(7168K) From: 7036K(7168K)->5281K(7168K)
[2026-06-17T10:01:52.956+0800][50.584s][info][gc,heap        ] GC(1976) ParOldGen: 30413K(44032K)->32325K(44032K)
[2026-06-17T10:01:52.957+0800][50.585s][info][gc,metaspace   ] GC(1976) Metaspace: 118K(320K)->118K(320K) NonClass: 111K(192K)->111K(192K) Class: 7K(128K)->7K(128K)
[2026-06-17T10:01:52.957+0800][50.585s][info][gc             ] GC(1976) Pause Young (Allocation Failure) 43M->36M(57M) 2.822ms
[2026-06-17T10:01:52.958+0800][50.586s][info][gc,cpu         ] GC(1976) User=0.00s Sys=0.00s Real=0.00s
[2026-06-17T10:01:52.979+0800][50.607s][info][gc,start       ] GC(1977) Pause Young (Allocation Failure)
[2026-06-17T10:01:52.981+0800][50.608s][info][gc,heap        ] GC(1977) PSYoungGen: 12417K(14336K)->3502K(14336K) Eden: 7136K(7168K)->0K(7168K) From: 5281K(7168K)->3502K(7168K)
[2026-06-17T10:01:52.981+0800][50.609s][info][gc,heap        ] GC(1977) ParOldGen: 32325K(44032K)->34112K(44032K)
[2026-06-17T10:01:52.982+0800][50.610s][info][gc,metaspace   ] GC(1977) Metaspace: 118K(320K)->118K(320K) NonClass: 111K(192K)->111K(192K) Class: 7K(128K)->7K(128K)
[2026-06-17T10:01:52.983+0800][50.610s][info][gc             ] GC(1977) Pause Young (Allocation Failure) 43M->36M(57M) 3.088ms
[2026-06-17T10:01:52.983+0800][50.611s][info][gc,cpu         ] GC(1977) User=0.00s Sys=0.00s Real=0.01s
[2026-06-17T10:01:52.994+0800][50.622s][info][gc,start       ] GC(1978) Pause Young (Allocation Failure)
[2026-06-17T10:01:52.996+0800][50.623s][info][gc,heap        ] GC(1978) PSYoungGen: 10515K(14336K)->1383K(14336K) Eden: 7012K(7168K)->0K(7168K) From: 3502K(7168K)->1383K(7168K)
[2026-06-17T10:01:52.996+0800][50.624s][info][gc,heap        ] GC(1978) ParOldGen: 34112K(44032K)->35952K(44032K)
[2026-06-17T10:01:52.997+0800][50.625s][info][gc,metaspace   ] GC(1978) Metaspace: 118K(320K)->118K(320K) NonClass: 111K(192K)->111K(192K) Class: 7K(128K)->7K(128K)
[2026-06-17T10:01:52.997+0800][50.625s][info][gc             ] GC(1978) Pause Young (Allocation Failure) 43M->36M(57M) 3.005ms
[2026-06-17T10:01:52.998+0800][50.626s][info][gc,cpu         ] GC(1978) User=0.00s Sys=0.00s Real=0.00s
[2026-06-17T10:01:53.019+0800][50.647s][info][gc,start       ] GC(1979) Pause Young (Allocation Failure)
[2026-06-17T10:01:53.020+0800][50.648s][info][gc,heap        ] GC(1979) PSYoungGen: 8528K(14336K)->4121K(14336K) Eden: 7145K(7168K)->0K(7168K) From: 1383K(7168K)->4121K(7168K)
[2026-06-17T10:01:53.020+0800][50.648s][info][gc,heap        ] GC(1979) ParOldGen: 35952K(44032K)->37311K(44032K)
[2026-06-17T10:01:53.021+0800][50.648s][info][gc,metaspace   ] GC(1979) Metaspace: 118K(320K)->118K(320K) NonClass: 111K(192K)->111K(192K) Class: 7K(128K)->7K(128K)
[2026-06-17T10:01:53.021+0800][50.649s][info][gc             ] GC(1979) Pause Young (Allocation Failure) 43M->40M(57M) 1.704ms
[2026-06-17T10:01:53.021+0800][50.649s][info][gc,cpu         ] GC(1979) User=0.00s Sys=0.00s Real=0.00s
[2026-06-17T10:01:53.042+0800][50.670s][info][gc,start       ] GC(1980) Pause Young (Allocation Failure)
[2026-06-17T10:01:53.043+0800][50.671s][info][gc,heap        ] GC(1980) PSYoungGen: 11276K(14336K)->2364K(14336K) Eden: 7154K(7168K)->0K(7168K) From: 4121K(7168K)->2364K(7168K)
[2026-06-17T10:01:53.044+0800][50.671s][info][gc,heap        ] GC(1980) ParOldGen: 37311K(44032K)->39340K(44032K)
[2026-06-17T10:01:53.044+0800][50.672s][info][gc,metaspace   ] GC(1980) Metaspace: 118K(320K)->118K(320K) NonClass: 111K(192K)->111K(192K) Class: 7K(128K)->7K(128K)
[2026-06-17T10:01:53.045+0800][50.672s][info][gc             ] GC(1980) Pause Young (Allocation Failure) 47M->40M(57M) 2.258ms
[2026-06-17T10:01:53.045+0800][50.673s][info][gc,cpu         ] GC(1980) User=0.00s Sys=0.00s Real=0.01s
[2026-06-17T10:01:53.066+0800][50.694s][info][gc,start       ] GC(1981) Pause Young (Allocation Failure)
[2026-06-17T10:01:53.067+0800][50.695s][info][gc,heap        ] GC(1981) PSYoungGen: 9497K(14336K)->695K(14336K) Eden: 7132K(7168K)->0K(7168K) From: 2364K(7168K)->695K(7168K)
[2026-06-17T10:01:53.068+0800][50.695s][info][gc,heap        ] GC(1981) ParOldGen: 39340K(44032K)->41039K(44032K)
[2026-06-17T10:01:53.068+0800][50.696s][info][gc,metaspace   ] GC(1981) Metaspace: 118K(320K)->118K(320K) NonClass: 111K(192K)->111K(192K) Class: 7K(128K)->7K(128K)
[2026-06-17T10:01:53.069+0800][50.697s][info][gc             ] GC(1981) Pause Young (Allocation Failure) 47M->40M(57M) 2.645ms
[2026-06-17T10:01:53.069+0800][50.697s][info][gc,cpu         ] GC(1981) User=0.00s Sys=0.00s Real=0.00s
[2026-06-17T10:01:53.080+0800][50.708s][info][gc,start       ] GC(1982) Pause Full (Ergonomics)
[2026-06-17T10:01:53.081+0800][50.709s][info][gc,phases,start] GC(1982) Marking Phase
[2026-06-17T10:01:53.083+0800][50.711s][info][gc,phases      ] GC(1982) Marking Phase 1.742ms
[2026-06-17T10:01:53.084+0800][50.711s][info][gc,phases,start] GC(1982) Summary Phase
[2026-06-17T10:01:53.084+0800][50.712s][info][gc,phases      ] GC(1982) Summary Phase 0.707ms
[2026-06-17T10:01:53.085+0800][50.712s][info][gc,phases,start] GC(1982) Adjust Roots
[2026-06-17T10:01:53.085+0800][50.713s][info][gc,phases      ] GC(1982) Adjust Roots 0.667ms
[2026-06-17T10:01:53.086+0800][50.714s][info][gc,phases,start] GC(1982) Compaction Phase
[2026-06-17T10:01:53.088+0800][50.716s][info][gc,phases      ] GC(1982) Compaction Phase 2.452ms
[2026-06-17T10:01:53.089+0800][50.716s][info][gc,phases,start] GC(1982) Post Compact
[2026-06-17T10:01:53.089+0800][50.717s][info][gc,phases      ] GC(1982) Post Compact 0.517ms
[2026-06-17T10:01:53.090+0800][50.717s][info][gc,heap        ] GC(1982) PSYoungGen: 7861K(14336K)->0K(14336K) Eden: 7166K(7168K)->0K(7168K) From: 695K(7168K)->0K(7168K)
[2026-06-17T10:01:53.090+0800][50.718s][info][gc,heap        ] GC(1982) ParOldGen: 41039K(44032K)->32274K(44032K)
[2026-06-17T10:01:53.091+0800][50.718s][info][gc,metaspace   ] GC(1982) Metaspace: 118K(320K)->118K(320K) NonClass: 111K(192K)->111K(192K) Class: 7K(128K)->7K(128K)
[2026-06-17T10:01:53.091+0800][50.719s][info][gc             ] GC(1982) Pause Full (Ergonomics) 47M->31M(57M) 10.485ms
[2026-06-17T10:01:53.091+0800][50.719s][info][gc,cpu         ] GC(1982) User=0.01s Sys=0.00s Real=0.02s
[2026-06-17T10:01:53.113+0800][50.740s][info][gc,start       ] GC(1983) Pause Young (Allocation Failure)
[2026-06-17T10:01:53.114+0800][50.742s][info][gc,heap        ] GC(1983) PSYoungGen: 7147K(14336K)->3685K(14336K) Eden: 7147K(7168K)->0K(7168K) From: 0K(7168K)->3685K(7168K)
[2026-06-17T10:01:53.115+0800][50.742s][info][gc,heap        ] GC(1983) ParOldGen: 32274K(44032K)->32274K(44032K)
[2026-06-17T10:01:53.115+0800][50.743s][info][gc,metaspace   ] GC(1983) Metaspace: 118K(320K)->118K(320K) NonClass: 111K(192K)->111K(192K) Class: 7K(128K)->7K(128K)
[2026-06-17T10:01:53.116+0800][50.743s][info][gc             ] GC(1983) Pause Young (Allocation Failure) 38M->35M(57M) 3.015ms
[2026-06-17T10:01:53.116+0800][50.744s][info][gc,cpu         ] GC(1983) User=0.00s Sys=0.00s Real=0.00s
[2026-06-17T10:01:53.138+0800][50.765s][info][gc,start       ] GC(1984) Pause Young (Allocation Failure)
[2026-06-17T10:01:53.139+0800][50.766s][info][gc,heap        ] GC(1984) PSYoungGen: 10853K(14336K)->2822K(14336K) Eden: 7168K(7168K)->0K(7168K) From: 3685K(7168K)->2822K(7168K)
[2026-06-17T10:01:53.139+0800][50.767s][info][gc,heap        ] GC(1984) ParOldGen: 32274K(44032K)->33416K(44032K)
[2026-06-17T10:01:53.139+0800][50.767s][info][gc,metaspace   ] GC(1984) Metaspace: 118K(320K)->118K(320K) NonClass: 111K(192K)->111K(192K) Class: 7K(128K)->7K(128K)
[2026-06-17T10:01:53.140+0800][50.768s][info][gc             ] GC(1984) Pause Young (Allocation Failure) 42M->35M(57M) 2.298ms
[2026-06-17T10:01:53.140+0800][50.768s][info][gc,cpu         ] GC(1984) User=0.00s Sys=0.00s Real=0.00s
[2026-06-17T10:01:53.152+0800][50.780s][info][gc,start       ] GC(1985) Pause Young (Allocation Failure)
[2026-06-17T10:01:53.154+0800][50.781s][info][gc,heap        ] GC(1985) PSYoungGen: 9959K(14336K)->3260K(14336K) Eden: 7136K(7168K)->0K(7168K) From: 2822K(7168K)->3260K(7168K)
[2026-06-17T10:01:53.154+0800][50.782s][info][gc,heap        ] GC(1985) ParOldGen: 33416K(44032K)->33416K(44032K)
[2026-06-17T10:01:53.155+0800][50.782s][info][gc,metaspace   ] GC(1985) Metaspace: 118K(320K)->118K(320K) NonClass: 111K(192K)->111K(192K) Class: 7K(128K)->7K(128K)
[2026-06-17T10:01:53.155+0800][50.783s][info][gc             ] GC(1985) Pause Young (Allocation Failure) 42M->35M(57M) 3.318ms
[2026-06-17T10:01:53.156+0800][50.783s][info][gc,cpu         ] GC(1985) User=0.00s Sys=0.00s Real=0.00s
[2026-06-17T10:01:53.177+0800][50.805s][info][gc,start       ] GC(1986) Pause Young (Allocation Failure)
[2026-06-17T10:01:53.178+0800][50.806s][info][gc,heap        ] GC(1986) PSYoungGen: 10427K(14336K)->7060K(14336K) Eden: 7166K(7168K)->0K(7168K) From: 3260K(7168K)->7060K(7168K)
[2026-06-17T10:01:53.179+0800][50.806s][info][gc,heap        ] GC(1986) ParOldGen: 33416K(44032K)->33416K(44032K)
[2026-06-17T10:01:53.179+0800][50.807s][info][gc,metaspace   ] GC(1986) Metaspace: 118K(320K)->118K(320K) NonClass: 111K(192K)->111K(192K) Class: 7K(128K)->7K(128K)
[2026-06-17T10:01:53.179+0800][50.807s][info][gc             ] GC(1986) Pause Young (Allocation Failure) 42M->39M(57M) 2.378ms
[2026-06-17T10:01:53.180+0800][50.807s][info][gc,cpu         ] GC(1986) User=0.01s Sys=0.00s Real=0.00s
[2026-06-17T10:01:53.201+0800][50.829s][info][gc,start       ] GC(1987) Pause Young (Allocation Failure)
[2026-06-17T10:01:53.202+0800][50.830s][info][gc,heap        ] GC(1987) PSYoungGen: 14227K(14336K)->3939K(14336K) Eden: 7167K(7168K)->0K(7168K) From: 7060K(7168K)->3939K(7168K)
[2026-06-17T10:01:53.203+0800][50.831s][info][gc,heap        ] GC(1987) ParOldGen: 33416K(44032K)->36628K(44032K)
[2026-06-17T10:01:53.203+0800][50.831s][info][gc,metaspace   ] GC(1987) Metaspace: 118K(320K)->118K(320K) NonClass: 111K(192K)->111K(192K) Class: 7K(128K)->7K(128K)
[2026-06-17T10:01:53.204+0800][50.831s][info][gc             ] GC(1987) Pause Young (Allocation Failure) 46M->39M(57M) 2.583ms
[2026-06-17T10:01:53.204+0800][50.832s][info][gc,cpu         ] GC(1987) User=0.00s Sys=0.00s Real=0.01s
[2026-06-17T10:01:53.225+0800][50.853s][info][gc,start       ] GC(1988) Pause Young (Allocation Failure)
[2026-06-17T10:01:53.227+0800][50.854s][info][gc,heap        ] GC(1988) PSYoungGen: 11080K(14336K)->1664K(14336K) Eden: 7140K(7168K)->0K(7168K) From: 3939K(7168K)->1664K(7168K)
[2026-06-17T10:01:53.227+0800][50.855s][info][gc,heap        ] GC(1988) ParOldGen: 36628K(44032K)->38607K(44032K)
[2026-06-17T10:01:53.228+0800][50.855s][info][gc,metaspace   ] GC(1988) Metaspace: 118K(320K)->118K(320K) NonClass: 111K(192K)->111K(192K) Class: 7K(128K)->7K(128K)
[2026-06-17T10:01:53.228+0800][50.856s][info][gc             ] GC(1988) Pause Young (Allocation Failure) 46M->39M(57M) 2.540ms
[2026-06-17T10:01:53.228+0800][50.856s][info][gc,cpu         ] GC(1988) User=0.00s Sys=0.00s Real=0.00s
[2026-06-17T10:01:53.239+0800][50.867s][info][gc,start       ] GC(1989) Pause Young (Allocation Failure)
[2026-06-17T10:01:53.240+0800][50.868s][info][gc,heap        ] GC(1989) PSYoungGen: 8824K(14336K)->5417K(14336K) Eden: 7159K(7168K)->0K(7168K) From: 1664K(7168K)->5417K(7168K)
[2026-06-17T10:01:53.241+0800][50.868s][info][gc,heap        ] GC(1989) ParOldGen: 38607K(44032K)->38607K(44032K)
[2026-06-17T10:01:53.241+0800][50.869s][info][gc,metaspace   ] GC(1989) Metaspace: 118K(320K)->118K(320K) NonClass: 111K(192K)->111K(192K) Class: 7K(128K)->7K(128K)
[2026-06-17T10:01:53.242+0800][50.869s][info][gc             ] GC(1989) Pause Young (Allocation Failure) 46M->42M(57M) 2.519ms
[2026-06-17T10:01:53.242+0800][50.870s][info][gc,cpu         ] GC(1989) User=0.00s Sys=0.00s Real=0.00s
[2026-06-17T10:01:53.264+0800][50.891s][info][gc,start       ] GC(1990) Pause Young (Allocation Failure)
[2026-06-17T10:01:53.265+0800][50.893s][info][gc,heap        ] GC(1990) PSYoungGen: 12552K(14336K)->2686K(14336K) Eden: 7134K(7168K)->0K(7168K) From: 5417K(7168K)->2686K(7168K)
[2026-06-17T10:01:53.265+0800][50.893s][info][gc,heap        ] GC(1990) ParOldGen: 38607K(44032K)->41715K(44032K)
[2026-06-17T10:01:53.266+0800][50.894s][info][gc,metaspace   ] GC(1990) Metaspace: 118K(320K)->118K(320K) NonClass: 111K(192K)->111K(192K) Class: 7K(128K)->7K(128K)
[2026-06-17T10:01:53.267+0800][50.894s][info][gc             ] GC(1990) Pause Young (Allocation Failure) 49M->43M(57M) 2.803ms
[2026-06-17T10:01:53.267+0800][50.895s][info][gc,cpu         ] GC(1990) User=0.00s Sys=0.00s Real=0.00s
[2026-06-17T10:01:53.288+0800][50.916s][info][gc,start       ] GC(1991) Pause Full (Ergonomics)
[2026-06-17T10:01:53.289+0800][50.917s][info][gc,phases,start] GC(1991) Marking Phase
[2026-06-17T10:01:53.292+0800][50.920s][info][gc,phases      ] GC(1991) Marking Phase 3.297ms
[2026-06-17T10:01:53.293+0800][50.920s][info][gc,phases,start] GC(1991) Summary Phase
[2026-06-17T10:01:53.293+0800][50.921s][info][gc,phases      ] GC(1991) Summary Phase 0.565ms
[2026-06-17T10:01:53.295+0800][50.923s][info][gc,phases,start] GC(1991) Adjust Roots
[2026-06-17T10:01:53.296+0800][50.924s][info][gc,phases      ] GC(1991) Adjust Roots 0.789ms
[2026-06-17T10:01:53.297+0800][50.924s][info][gc,phases,start] GC(1991) Compaction Phase
[2026-06-17T10:01:53.299+0800][50.927s][info][gc,phases      ] GC(1991) Compaction Phase 2.507ms
[2026-06-17T10:01:53.300+0800][50.928s][info][gc,phases,start] GC(1991) Post Compact
[2026-06-17T10:01:53.301+0800][50.929s][info][gc,phases      ] GC(1991) Post Compact 1.210ms
[2026-06-17T10:01:53.302+0800][50.930s][info][gc,heap        ] GC(1991) PSYoungGen: 9837K(14336K)->0K(14336K) Eden: 7150K(7168K)->0K(7168K) From: 2686K(7168K)->0K(7168K)
[2026-06-17T10:01:53.303+0800][50.931s][info][gc,heap        ] GC(1991) ParOldGen: 41715K(44032K)->31383K(44032K)
[2026-06-17T10:01:53.304+0800][50.931s][info][gc,metaspace   ] GC(1991) Metaspace: 118K(320K)->118K(320K) NonClass: 111K(192K)->111K(192K) Class: 7K(128K)->7K(128K)
[2026-06-17T10:01:53.304+0800][50.932s][info][gc             ] GC(1991) Pause Full (Ergonomics) 50M->30M(57M) 15.923ms
[2026-06-17T10:01:53.305+0800][50.933s][info][gc,cpu         ] GC(1991) User=0.01s Sys=0.00s Real=0.02s
[2026-06-17T10:01:53.318+0800][50.946s][info][gc,start       ] GC(1992) Pause Young (Allocation Failure)
[2026-06-17T10:01:53.319+0800][50.947s][info][gc,heap        ] GC(1992) PSYoungGen: 7079K(14336K)->3763K(14336K) Eden: 7079K(7168K)->0K(7168K) From: 0K(7168K)->3763K(7168K)
[2026-06-17T10:01:53.320+0800][50.948s][info][gc,heap        ] GC(1992) ParOldGen: 31383K(44032K)->31383K(44032K)
[2026-06-17T10:01:53.320+0800][50.948s][info][gc,metaspace   ] GC(1992) Metaspace: 118K(320K)->118K(320K) NonClass: 111K(192K)->111K(192K) Class: 7K(128K)->7K(128K)
[2026-06-17T10:01:53.321+0800][50.949s][info][gc             ] GC(1992) Pause Young (Allocation Failure) 37M->34M(57M) 2.512ms
[2026-06-17T10:01:53.321+0800][50.949s][info][gc,cpu         ] GC(1992) User=0.00s Sys=0.00s Real=0.00s
[2026-06-17T10:01:53.343+0800][50.971s][info][gc,start       ] GC(1993) Pause Young (Allocation Failure)
[2026-06-17T10:01:53.344+0800][50.972s][info][gc,heap        ] GC(1993) PSYoungGen: 10922K(14336K)->7131K(14336K) Eden: 7158K(7168K)->0K(7168K) From: 3763K(7168K)->7131K(7168K)
[2026-06-17T10:01:53.345+0800][50.973s][info][gc,heap        ] GC(1993) ParOldGen: 31383K(44032K)->31709K(44032K)
[2026-06-17T10:01:53.345+0800][50.973s][info][gc,metaspace   ] GC(1993) Metaspace: 118K(320K)->118K(320K) NonClass: 111K(192K)->111K(192K) Class: 7K(128K)->7K(128K)
[2026-06-17T10:01:53.346+0800][50.973s][info][gc             ] GC(1993) Pause Young (Allocation Failure) 41M->37M(57M) 2.863ms
[2026-06-17T10:01:53.346+0800][50.974s][info][gc,cpu         ] GC(1993) User=0.00s Sys=0.00s Real=0.00s
[2026-06-17T10:01:53.368+0800][50.995s][info][gc,start       ] GC(1994) Pause Young (Allocation Failure)
[2026-06-17T10:01:53.369+0800][50.997s][info][gc,heap        ] GC(1994) PSYoungGen: 14291K(14336K)->3529K(14336K) Eden: 7159K(7168K)->0K(7168K) From: 7131K(7168K)->3529K(7168K)
[2026-06-17T10:01:53.371+0800][50.998s][info][gc,heap        ] GC(1994) ParOldGen: 31709K(44032K)->35807K(44032K)
[2026-06-17T10:01:53.371+0800][50.999s][info][gc,metaspace   ] GC(1994) Metaspace: 118K(320K)->118K(320K) NonClass: 111K(192K)->111K(192K) Class: 7K(128K)->7K(128K)
[2026-06-17T10:01:53.372+0800][50.999s][info][gc             ] GC(1994) Pause Young (Allocation Failure) 44M->38M(57M) 4.175ms
[2026-06-17T10:01:53.372+0800][51.000s][info][gc,cpu         ] GC(1994) User=0.00s Sys=0.00s Real=0.01s
[2026-06-17T10:01:53.394+0800][51.021s][info][gc,start       ] GC(1995) Pause Young (Allocation Failure)
[2026-06-17T10:01:53.396+0800][51.024s][info][gc,heap        ] GC(1995) PSYoungGen: 10697K(14336K)->2446K(14336K) Eden: 7168K(7168K)->0K(7168K) From: 3529K(7168K)->2446K(7168K)
[2026-06-17T10:01:53.397+0800][51.025s][info][gc,heap        ] GC(1995) ParOldGen: 35807K(44032K)->37302K(44032K)
[2026-06-17T10:01:53.398+0800][51.025s][info][gc,metaspace   ] GC(1995) Metaspace: 118K(320K)->118K(320K) NonClass: 111K(192K)->111K(192K) Class: 7K(128K)->7K(128K)
[2026-06-17T10:01:53.398+0800][51.026s][info][gc             ] GC(1995) Pause Young (Allocation Failure) 45M->38M(57M) 4.579ms
[2026-06-17T10:01:53.399+0800][51.027s][info][gc,cpu         ] GC(1995) User=0.01s Sys=0.00s Real=0.00s
[2026-06-17T10:01:53.421+0800][51.049s][info][gc,start       ] GC(1996) Pause Young (Allocation Failure)
[2026-06-17T10:01:53.422+0800][51.050s][info][gc,heap        ] GC(1996) PSYoungGen: 9596K(14336K)->2312K(14336K) Eden: 7149K(7168K)->0K(7168K) From: 2446K(7168K)->2312K(7168K)
[2026-06-17T10:01:53.424+0800][51.051s][info][gc,heap        ] GC(1996) ParOldGen: 37302K(44032K)->37302K(44032K)
[2026-06-17T10:01:53.424+0800][51.052s][info][gc,metaspace   ] GC(1996) Metaspace: 118K(320K)->118K(320K) NonClass: 111K(192K)->111K(192K) Class: 7K(128K)->7K(128K)
[2026-06-17T10:01:53.425+0800][51.052s][info][gc             ] GC(1996) Pause Young (Allocation Failure) 45M->38M(57M) 3.607ms
[2026-06-17T10:01:53.426+0800][51.053s][info][gc,cpu         ] GC(1996) User=0.00s Sys=0.00s Real=0.01s
[2026-06-17T10:01:53.437+0800][51.064s][info][gc,start       ] GC(1997) Pause Young (Allocation Failure)
[2026-06-17T10:01:53.438+0800][51.065s][info][gc,heap        ] GC(1997) PSYoungGen: 9407K(14336K)->404K(14336K) Eden: 7094K(7168K)->0K(7168K) From: 2312K(7168K)->404K(7168K)
[2026-06-17T10:01:53.438+0800][51.066s][info][gc,heap        ] GC(1997) ParOldGen: 37302K(44032K)->38922K(44032K)
[2026-06-17T10:01:53.439+0800][51.067s][info][gc,metaspace   ] GC(1997) Metaspace: 118K(320K)->118K(320K) NonClass: 111K(192K)->111K(192K) Class: 7K(128K)->7K(128K)
[2026-06-17T10:01:53.439+0800][51.067s][info][gc             ] GC(1997) Pause Young (Allocation Failure) 45M->38M(57M) 2.506ms
[2026-06-17T10:01:53.440+0800][51.067s][info][gc,cpu         ] GC(1997) User=0.00s Sys=0.00s Real=0.00s
[2026-06-17T10:01:53.461+0800][51.089s][info][gc,start       ] GC(1998) Pause Young (Allocation Failure)
[2026-06-17T10:01:53.463+0800][51.090s][info][gc,heap        ] GC(1998) PSYoungGen: 7529K(14336K)->3742K(14336K) Eden: 7124K(7168K)->0K(7168K) From: 404K(7168K)->3742K(7168K)
[2026-06-17T10:01:53.463+0800][51.091s][info][gc,heap        ] GC(1998) ParOldGen: 38922K(44032K)->39302K(44032K)
[2026-06-17T10:01:53.464+0800][51.092s][info][gc,metaspace   ] GC(1998) Metaspace: 118K(320K)->118K(320K) NonClass: 111K(192K)->111K(192K) Class: 7K(128K)->7K(128K)
[2026-06-17T10:01:53.464+0800][51.092s][info][gc             ] GC(1998) Pause Young (Allocation Failure) 45M->42M(57M) 3.237ms
[2026-06-17T10:01:53.465+0800][51.092s][info][gc,cpu         ] GC(1998) User=0.00s Sys=0.00s Real=0.01s
[2026-06-17T10:01:53.476+0800][51.104s][info][gc,start       ] GC(1999) Pause Young (Allocation Failure)
[2026-06-17T10:01:53.477+0800][51.105s][info][gc,heap        ] GC(1999) PSYoungGen: 10841K(14336K)->1995K(14336K) Eden: 7098K(7168K)->0K(7168K) From: 3742K(7168K)->1995K(7168K)
[2026-06-17T10:01:53.478+0800][51.105s][info][gc,heap        ] GC(1999) ParOldGen: 39302K(44032K)->41329K(44032K)
[2026-06-17T10:01:53.478+0800][51.106s][info][gc,metaspace   ] GC(1999) Metaspace: 118K(320K)->118K(320K) NonClass: 111K(192K)->111K(192K) Class: 7K(128K)->7K(128K)
[2026-06-17T10:01:53.479+0800][51.106s][info][gc             ] GC(1999) Pause Young (Allocation Failure) 48M->42M(57M) 2.653ms
[2026-06-17T10:01:53.479+0800][51.107s][info][gc,cpu         ] GC(1999) User=0.00s Sys=0.00s Real=0.00s
[2026-06-17T10:01:53.501+0800][51.128s][info][gc,start       ] GC(2000) Pause Full (Ergonomics)
[2026-06-17T10:01:53.501+0800][51.129s][info][gc,phases,start] GC(2000) Marking Phase
[2026-06-17T10:01:53.503+0800][51.131s][info][gc,phases      ] GC(2000) Marking Phase 1.612ms
[2026-06-17T10:01:53.503+0800][51.131s][info][gc,phases,start] GC(2000) Summary Phase
[2026-06-17T10:01:53.504+0800][51.132s][info][gc,phases      ] GC(2000) Summary Phase 0.576ms
[2026-06-17T10:01:53.505+0800][51.132s][info][gc,phases,start] GC(2000) Adjust Roots
[2026-06-17T10:01:53.505+0800][51.133s][info][gc,phases      ] GC(2000) Adjust Roots 0.595ms
[2026-06-17T10:01:53.506+0800][51.133s][info][gc,phases,start] GC(2000) Compaction Phase
[2026-06-17T10:01:53.508+0800][51.136s][info][gc,phases      ] GC(2000) Compaction Phase 2.084ms
[2026-06-17T10:01:53.508+0800][51.136s][info][gc,phases,start] GC(2000) Post Compact
[2026-06-17T10:01:53.509+0800][51.137s][info][gc,phases      ] GC(2000) Post Compact 0.532ms
[2026-06-17T10:01:53.509+0800][51.137s][info][gc,heap        ] GC(2000) PSYoungGen: 9140K(14336K)->0K(14336K) Eden: 7145K(7168K)->0K(7168K) From: 1995K(7168K)->0K(7168K)
[2026-06-17T10:01:53.510+0800][51.138s][info][gc,heap        ] GC(2000) ParOldGen: 41329K(44032K)->33984K(44032K)
[2026-06-17T10:01:53.510+0800][51.138s][info][gc,metaspace   ] GC(2000) Metaspace: 118K(320K)->118K(320K) NonClass: 111K(192K)->111K(192K) Class: 7K(128K)->7K(128K)
[2026-06-17T10:01:53.511+0800][51.138s][info][gc             ] GC(2000) Pause Full (Ergonomics) 49M->33M(57M) 9.912ms
[2026-06-17T10:01:53.511+0800][51.139s][info][gc,cpu         ] GC(2000) User=0.01s Sys=0.00s Real=0.02s
[2026-06-17T10:01:53.533+0800][51.160s][info][gc,start       ] GC(2001) Pause Young (Allocation Failure)
[2026-06-17T10:01:53.534+0800][51.161s][info][gc,heap        ] GC(2001) PSYoungGen: 7140K(14336K)->3582K(14336K) Eden: 7140K(7168K)->0K(7168K) From: 0K(7168K)->3582K(7168K)
[2026-06-17T10:01:53.534+0800][51.162s][info][gc,heap        ] GC(2001) ParOldGen: 33984K(44032K)->33984K(44032K)
[2026-06-17T10:01:53.534+0800][51.162s][info][gc,metaspace   ] GC(2001) Metaspace: 118K(320K)->118K(320K) NonClass: 111K(192K)->111K(192K) Class: 7K(128K)->7K(128K)
[2026-06-17T10:01:53.535+0800][51.162s][info][gc             ] GC(2001) Pause Young (Allocation Failure) 40M->36M(57M) 2.104ms
[2026-06-17T10:01:53.535+0800][51.163s][info][gc,cpu         ] GC(2001) User=0.00s Sys=0.00s Real=0.00s
[2026-06-17T10:01:53.557+0800][51.184s][info][gc,start       ] GC(2002) Pause Young (Allocation Failure)
[2026-06-17T10:01:53.558+0800][51.186s][info][gc,heap        ] GC(2002) PSYoungGen: 10749K(14336K)->3799K(14336K) Eden: 7166K(7168K)->0K(7168K) From: 3582K(7168K)->3799K(7168K)
[2026-06-17T10:01:53.560+0800][51.188s][info][gc,heap        ] GC(2002) ParOldGen: 33984K(44032K)->33984K(44032K)
[2026-06-17T10:01:53.561+0800][51.188s][info][gc,metaspace   ] GC(2002) Metaspace: 118K(320K)->118K(320K) NonClass: 111K(192K)->111K(192K) Class: 7K(128K)->7K(128K)
[2026-06-17T10:01:53.562+0800][51.189s][info][gc             ] GC(2002) Pause Young (Allocation Failure) 43M->36M(57M) 5.206ms
[2026-06-17T10:01:53.562+0800][51.190s][info][gc,cpu         ] GC(2002) User=0.00s Sys=0.00s Real=0.00s
[2026-06-17T10:01:53.583+0800][51.211s][info][gc,start       ] GC(2003) Pause Young (Allocation Failure)
[2026-06-17T10:01:53.585+0800][51.213s][info][gc,heap        ] GC(2003) PSYoungGen: 10948K(14336K)->4142K(14336K) Eden: 7148K(7168K)->0K(7168K) From: 3799K(7168K)->4142K(7168K)
[2026-06-17T10:01:53.586+0800][51.213s][info][gc,heap        ] GC(2003) ParOldGen: 33984K(44032K)->33984K(44032K)
[2026-06-17T10:01:53.586+0800][51.214s][info][gc,metaspace   ] GC(2003) Metaspace: 118K(320K)->118K(320K) NonClass: 111K(192K)->111K(192K) Class: 7K(128K)->7K(128K)
[2026-06-17T10:01:53.589+0800][51.217s][info][gc             ] GC(2003) Pause Young (Allocation Failure) 43M->37M(57M) 5.507ms
[2026-06-17T10:01:53.590+0800][51.218s][info][gc,cpu         ] GC(2003) User=0.00s Sys=0.00s Real=0.00s
[2026-06-17T10:01:53.601+0800][51.229s][info][gc,start       ] GC(2004) Pause Young (Allocation Failure)
[2026-06-17T10:01:53.603+0800][51.231s][info][gc,heap        ] GC(2004) PSYoungGen: 10957K(14336K)->4258K(14336K) Eden: 6814K(7168K)->0K(7168K) From: 4142K(7168K)->4258K(7168K)
[2026-06-17T10:01:53.604+0800][51.232s][info][gc,heap        ] GC(2004) ParOldGen: 33984K(44032K)->33984K(44032K)
[2026-06-17T10:01:53.604+0800][51.232s][info][gc,metaspace   ] GC(2004) Metaspace: 118K(320K)->118K(320K) NonClass: 111K(192K)->111K(192K) Class: 7K(128K)->7K(128K)
[2026-06-17T10:01:53.604+0800][51.232s][info][gc             ] GC(2004) Pause Young (Allocation Failure) 43M->37M(57M) 3.419ms
[2026-06-17T10:01:53.605+0800][51.232s][info][gc,cpu         ] GC(2004) User=0.00s Sys=0.00s Real=0.01s
[2026-06-17T10:01:53.626+0800][51.254s][info][gc,start       ] GC(2005) Pause Young (Allocation Failure)
[2026-06-17T10:01:53.627+0800][51.255s][info][gc,heap        ] GC(2005) PSYoungGen: 11415K(14336K)->7151K(14336K) Eden: 7156K(7168K)->0K(7168K) From: 4258K(7168K)->7151K(7168K)
[2026-06-17T10:01:53.627+0800][51.255s][info][gc,heap        ] GC(2005) ParOldGen: 33984K(44032K)->34567K(44032K)
[2026-06-17T10:01:53.628+0800][51.255s][info][gc,metaspace   ] GC(2005) Metaspace: 118K(320K)->118K(320K) NonClass: 111K(192K)->111K(192K) Class: 7K(128K)->7K(128K)
[2026-06-17T10:01:53.628+0800][51.256s][info][gc             ] GC(2005) Pause Young (Allocation Failure) 44M->40M(57M) 2.403ms
[2026-06-17T10:01:53.629+0800][51.256s][info][gc,cpu         ] GC(2005) User=0.00s Sys=0.00s Real=0.00s
[2026-06-17T10:01:53.650+0800][51.277s][info][gc,start       ] GC(2006) Pause Young (Allocation Failure)
[2026-06-17T10:01:53.651+0800][51.279s][info][gc,heap        ] GC(2006) PSYoungGen: 14280K(14336K)->5808K(14336K) Eden: 7128K(7168K)->0K(7168K) From: 7151K(7168K)->5808K(7168K)
[2026-06-17T10:01:53.651+0800][51.279s][info][gc,heap        ] GC(2006) ParOldGen: 34567K(44032K)->36159K(44032K)
[2026-06-17T10:01:53.652+0800][51.279s][info][gc,metaspace   ] GC(2006) Metaspace: 118K(320K)->118K(320K) NonClass: 111K(192K)->111K(192K) Class: 7K(128K)->7K(128K)
[2026-06-17T10:01:53.652+0800][51.280s][info][gc             ] GC(2006) Pause Young (Allocation Failure) 47M->40M(57M) 2.401ms
[2026-06-17T10:01:53.653+0800][51.280s][info][gc,cpu         ] GC(2006) User=0.00s Sys=0.00s Real=0.01s
[2026-06-17T10:01:53.674+0800][51.302s][info][gc,start       ] GC(2007) Pause Young (Allocation Failure)
[2026-06-17T10:01:53.676+0800][51.304s][info][gc,heap        ] GC(2007) PSYoungGen: 12944K(14336K)->3806K(14336K) Eden: 7135K(7168K)->0K(7168K) From: 5808K(7168K)->3806K(7168K)
[2026-06-17T10:01:53.678+0800][51.306s][info][gc,heap        ] GC(2007) ParOldGen: 36159K(44032K)->38217K(44032K)
[2026-06-17T10:01:53.678+0800][51.306s][info][gc,metaspace   ] GC(2007) Metaspace: 118K(320K)->118K(320K) NonClass: 111K(192K)->111K(192K) Class: 7K(128K)->7K(128K)
[2026-06-17T10:01:53.679+0800][51.306s][info][gc             ] GC(2007) Pause Young (Allocation Failure) 47M->41M(57M) 4.365ms
[2026-06-17T10:01:53.679+0800][51.307s][info][gc,cpu         ] GC(2007) User=0.00s Sys=0.00s Real=0.00s
[2026-06-17T10:01:53.690+0800][51.318s][info][gc,start       ] GC(2008) Pause Young (Allocation Failure)
[2026-06-17T10:01:53.692+0800][51.320s][info][gc,heap        ] GC(2008) PSYoungGen: 10971K(14336K)->4424K(14336K) Eden: 7164K(7168K)->0K(7168K) From: 3806K(7168K)->4424K(7168K)
[2026-06-17T10:01:53.695+0800][51.322s][info][gc,heap        ] GC(2008) ParOldGen: 38217K(44032K)->41421K(44032K)
[2026-06-17T10:01:53.696+0800][51.324s][info][gc,metaspace   ] GC(2008) Metaspace: 118K(320K)->118K(320K) NonClass: 111K(192K)->111K(192K) Class: 7K(128K)->7K(128K)
[2026-06-17T10:01:53.696+0800][51.324s][info][gc             ] GC(2008) Pause Young (Allocation Failure) 48M->44M(57M) 5.744ms
[2026-06-17T10:01:53.697+0800][51.324s][info][gc,cpu         ] GC(2008) User=0.00s Sys=0.00s Real=0.00s
[2026-06-17T10:01:53.718+0800][51.346s][info][gc,start       ] GC(2009) Pause Full (Ergonomics)
[2026-06-17T10:01:53.719+0800][51.346s][info][gc,phases,start] GC(2009) Marking Phase
[2026-06-17T10:01:53.721+0800][51.349s][info][gc,phases      ] GC(2009) Marking Phase 2.031ms
[2026-06-17T10:01:53.721+0800][51.349s][info][gc,phases,start] GC(2009) Summary Phase
[2026-06-17T10:01:53.722+0800][51.349s][info][gc,phases      ] GC(2009) Summary Phase 0.430ms
[2026-06-17T10:01:53.722+0800][51.350s][info][gc,phases,start] GC(2009) Adjust Roots
[2026-06-17T10:01:53.723+0800][51.350s][info][gc,phases      ] GC(2009) Adjust Roots 0.472ms
[2026-06-17T10:01:53.723+0800][51.351s][info][gc,phases,start] GC(2009) Compaction Phase
[2026-06-17T10:01:53.725+0800][51.353s][info][gc,phases      ] GC(2009) Compaction Phase 2.033ms
[2026-06-17T10:01:53.727+0800][51.354s][info][gc,phases,start] GC(2009) Post Compact
[2026-06-17T10:01:53.727+0800][51.355s][info][gc,phases      ] GC(2009) Post Compact 0.554ms
[2026-06-17T10:01:53.728+0800][51.355s][info][gc,heap        ] GC(2009) PSYoungGen: 11570K(14336K)->0K(14336K) Eden: 7146K(7168K)->0K(7168K) From: 4424K(7168K)->0K(7168K)
[2026-06-17T10:01:53.728+0800][51.356s][info][gc,heap        ] GC(2009) ParOldGen: 41421K(44032K)->33909K(44032K)
[2026-06-17T10:01:53.728+0800][51.356s][info][gc,metaspace   ] GC(2009) Metaspace: 118K(320K)->118K(320K) NonClass: 111K(192K)->111K(192K) Class: 7K(128K)->7K(128K)
[2026-06-17T10:01:53.729+0800][51.356s][info][gc             ] GC(2009) Pause Full (Ergonomics) 51M->33M(57M) 10.842ms
[2026-06-17T10:01:53.729+0800][51.357s][info][gc,cpu         ] GC(2009) User=0.01s Sys=0.00s Real=0.01s
[2026-06-17T10:01:53.751+0800][51.378s][info][gc,start       ] GC(2010) Pause Young (Allocation Failure)
[2026-06-17T10:01:53.752+0800][51.380s][info][gc,heap        ] GC(2010) PSYoungGen: 7153K(14336K)->3862K(14336K) Eden: 7153K(7168K)->0K(7168K) From: 0K(7168K)->3862K(7168K)
[2026-06-17T10:01:53.753+0800][51.380s][info][gc,heap        ] GC(2010) ParOldGen: 33909K(44032K)->33909K(44032K)
[2026-06-17T10:01:53.753+0800][51.381s][info][gc,metaspace   ] GC(2010) Metaspace: 118K(320K)->118K(320K) NonClass: 111K(192K)->111K(192K) Class: 7K(128K)->7K(128K)
[2026-06-17T10:01:53.754+0800][51.381s][info][gc             ] GC(2010) Pause Young (Allocation Failure) 40M->36M(57M) 3.010ms
[2026-06-17T10:01:53.754+0800][51.382s][info][gc,cpu         ] GC(2010) User=0.00s Sys=0.00s Real=0.00s
[2026-06-17T10:01:53.765+0800][51.393s][info][gc,start       ] GC(2011) Pause Young (Allocation Failure)
[2026-06-17T10:01:53.766+0800][51.394s][info][gc,heap        ] GC(2011) PSYoungGen: 11030K(14336K)->238K(14336K) Eden: 7168K(7168K)->0K(7168K) From: 3862K(7168K)->238K(7168K)
[2026-06-17T10:01:53.767+0800][51.394s][info][gc,heap        ] GC(2011) ParOldGen: 33909K(44032K)->37215K(44032K)
[2026-06-17T10:01:53.767+0800][51.395s][info][gc,metaspace   ] GC(2011) Metaspace: 118K(320K)->118K(320K) NonClass: 111K(192K)->111K(192K) Class: 7K(128K)->7K(128K)
[2026-06-17T10:01:53.767+0800][51.395s][info][gc             ] GC(2011) Pause Young (Allocation Failure) 43M->36M(57M) 2.361ms
[2026-06-17T10:01:53.768+0800][51.395s][info][gc,cpu         ] GC(2011) User=0.00s Sys=0.00s Real=0.00s
[2026-06-17T10:01:53.789+0800][51.417s][info][gc,start       ] GC(2012) Pause Young (Allocation Failure)
[2026-06-17T10:01:53.790+0800][51.418s][info][gc,heap        ] GC(2012) PSYoungGen: 7406K(14336K)->3829K(14336K) Eden: 7168K(7168K)->0K(7168K) From: 238K(7168K)->3829K(7168K)
[2026-06-17T10:01:53.791+0800][51.419s][info][gc,heap        ] GC(2012) ParOldGen: 37215K(44032K)->37429K(44032K)
[2026-06-17T10:01:53.792+0800][51.420s][info][gc,metaspace   ] GC(2012) Metaspace: 118K(320K)->118K(320K) NonClass: 111K(192K)->111K(192K) Class: 7K(128K)->7K(128K)
[2026-06-17T10:01:53.792+0800][51.420s][info][gc             ] GC(2012) Pause Young (Allocation Failure) 43M->40M(57M) 3.300ms
[2026-06-17T10:01:53.792+0800][51.420s][info][gc,cpu         ] GC(2012) User=0.00s Sys=0.00s Real=0.01s
[2026-06-17T10:01:53.814+0800][51.441s][info][gc,start       ] GC(2013) Pause Young (Allocation Failure)
[2026-06-17T10:01:53.815+0800][51.443s][info][gc,heap        ] GC(2013) PSYoungGen: 10988K(14336K)->2605K(14336K) Eden: 7159K(7168K)->0K(7168K) From: 3829K(7168K)->2605K(7168K)
[2026-06-17T10:01:53.815+0800][51.443s][info][gc,heap        ] GC(2013) ParOldGen: 37429K(44032K)->39097K(44032K)
[2026-06-17T10:01:53.816+0800][51.443s][info][gc,metaspace   ] GC(2013) Metaspace: 118K(320K)->118K(320K) NonClass: 111K(192K)->111K(192K) Class: 7K(128K)->7K(128K)
[2026-06-17T10:01:53.816+0800][51.444s][info][gc             ] GC(2013) Pause Young (Allocation Failure) 47M->40M(57M) 2.514ms
[2026-06-17T10:01:53.817+0800][51.445s][info][gc,cpu         ] GC(2013) User=0.00s Sys=0.00s Real=0.00s
[2026-06-17T10:01:53.838+0800][51.466s][info][gc,start       ] GC(2014) Pause Young (Allocation Failure)
[2026-06-17T10:01:53.840+0800][51.468s][info][gc,heap        ] GC(2014) PSYoungGen: 9736K(14336K)->2829K(14336K) Eden: 7130K(7168K)->0K(7168K) From: 2605K(7168K)->2829K(7168K)
[2026-06-17T10:01:53.840+0800][51.468s][info][gc,heap        ] GC(2014) ParOldGen: 39097K(44032K)->39097K(44032K)
[2026-06-17T10:01:53.841+0800][51.469s][info][gc,metaspace   ] GC(2014) Metaspace: 118K(320K)->118K(320K) NonClass: 111K(192K)->111K(192K) Class: 7K(128K)->7K(128K)
[2026-06-17T10:01:53.841+0800][51.469s][info][gc             ] GC(2014) Pause Young (Allocation Failure) 47M->40M(57M) 3.038ms
[2026-06-17T10:01:53.842+0800][51.470s][info][gc,cpu         ] GC(2014) User=0.00s Sys=0.00s Real=0.00s
[2026-06-17T10:01:53.853+0800][51.481s][info][gc,start       ] GC(2015) Pause Young (Allocation Failure)
[2026-06-17T10:01:53.854+0800][51.482s][info][gc,heap        ] GC(2015) PSYoungGen: 9986K(14336K)->6674K(14336K) Eden: 7157K(7168K)->0K(7168K) From: 2829K(7168K)->6674K(7168K)
[2026-06-17T10:01:53.855+0800][51.482s][info][gc,heap        ] GC(2015) ParOldGen: 39097K(44032K)->39097K(44032K)
[2026-06-17T10:01:53.855+0800][51.483s][info][gc,metaspace   ] GC(2015) Metaspace: 118K(320K)->118K(320K) NonClass: 111K(192K)->111K(192K) Class: 7K(128K)->7K(128K)
[2026-06-17T10:01:53.855+0800][51.483s][info][gc             ] GC(2015) Pause Young (Allocation Failure) 47M->44M(57M) 1.777ms
[2026-06-17T10:01:53.855+0800][51.483s][info][gc,cpu         ] GC(2015) User=0.00s Sys=0.00s Real=0.00s
[2026-06-17T10:01:53.877+0800][51.504s][info][gc,start       ] GC(2016) Pause Young (Allocation Failure)
[2026-06-17T10:01:53.878+0800][51.506s][info][gc,heap        ] GC(2016) PSYoungGen: 13836K(14336K)->4951K(14336K) Eden: 7161K(7168K)->0K(7168K) From: 6674K(7168K)->4951K(7168K)
[2026-06-17T10:01:53.879+0800][51.506s][info][gc,heap        ] GC(2016) ParOldGen: 39097K(44032K)->41374K(44032K)
[2026-06-17T10:01:53.879+0800][51.507s][info][gc,metaspace   ] GC(2016) Metaspace: 118K(320K)->118K(320K) NonClass: 111K(192K)->111K(192K) Class: 7K(128K)->7K(128K)
[2026-06-17T10:01:53.880+0800][51.507s][info][gc             ] GC(2016) Pause Young (Allocation Failure) 51M->45M(57M) 3.119ms
[2026-06-17T10:01:53.880+0800][51.508s][info][gc,cpu         ] GC(2016) User=0.00s Sys=0.00s Real=0.00s
[2026-06-17T10:01:53.902+0800][51.530s][info][gc,start       ] GC(2017) Pause Full (Ergonomics)
[2026-06-17T10:01:53.903+0800][51.530s][info][gc,phases,start] GC(2017) Marking Phase
[2026-06-17T10:01:53.906+0800][51.533s][info][gc,phases      ] GC(2017) Marking Phase 2.962ms
[2026-06-17T10:01:53.907+0800][51.534s][info][gc,phases,start] GC(2017) Summary Phase
[2026-06-17T10:01:53.907+0800][51.535s][info][gc,phases      ] GC(2017) Summary Phase 0.785ms
[2026-06-17T10:01:53.908+0800][51.536s][info][gc,phases,start] GC(2017) Adjust Roots
[2026-06-17T10:01:53.909+0800][51.537s][info][gc,phases      ] GC(2017) Adjust Roots 1.053ms
[2026-06-17T10:01:53.910+0800][51.538s][info][gc,phases,start] GC(2017) Compaction Phase
[2026-06-17T10:01:53.913+0800][51.541s][info][gc,phases      ] GC(2017) Compaction Phase 3.408ms
[2026-06-17T10:01:53.914+0800][51.542s][info][gc,phases,start] GC(2017) Post Compact
[2026-06-17T10:01:53.915+0800][51.543s][info][gc,phases      ] GC(2017) Post Compact 0.743ms
[2026-06-17T10:01:53.916+0800][51.543s][info][gc,heap        ] GC(2017) PSYoungGen: 12102K(14336K)->0K(14336K) Eden: 7150K(7168K)->0K(7168K) From: 4951K(7168K)->0K(7168K)
[2026-06-17T10:01:53.916+0800][51.544s][info][gc,heap        ] GC(2017) ParOldGen: 41374K(44032K)->33669K(44032K)
[2026-06-17T10:01:53.917+0800][51.545s][info][gc,metaspace   ] GC(2017) Metaspace: 118K(320K)->118K(320K) NonClass: 111K(192K)->111K(192K) Class: 7K(128K)->7K(128K)
[2026-06-17T10:01:53.918+0800][51.545s][info][gc             ] GC(2017) Pause Full (Ergonomics) 52M->32M(57M) 15.541ms
[2026-06-17T10:01:53.918+0800][51.546s][info][gc,cpu         ] GC(2017) User=0.00s Sys=0.01s Real=0.02s
[2026-06-17T10:01:53.930+0800][51.558s][info][gc,start       ] GC(2018) Pause Young (Allocation Failure)
[2026-06-17T10:01:53.932+0800][51.559s][info][gc,heap        ] GC(2018) PSYoungGen: 7033K(14336K)->3529K(14336K) Eden: 7033K(7168K)->0K(7168K) From: 0K(7168K)->3529K(7168K)
[2026-06-17T10:01:53.932+0800][51.560s][info][gc,heap        ] GC(2018) ParOldGen: 33669K(44032K)->33669K(44032K)
[2026-06-17T10:01:53.933+0800][51.561s][info][gc,metaspace   ] GC(2018) Metaspace: 118K(320K)->118K(320K) NonClass: 111K(192K)->111K(192K) Class: 7K(128K)->7K(128K)
[2026-06-17T10:01:53.934+0800][51.562s][info][gc             ] GC(2018) Pause Young (Allocation Failure) 39M->36M(57M) 3.812ms
[2026-06-17T10:01:53.935+0800][51.562s][info][gc,cpu         ] GC(2018) User=0.01s Sys=0.00s Real=0.01s
[2026-06-17T10:01:53.957+0800][51.584s][info][gc,start       ] GC(2019) Pause Young (Allocation Failure)
[2026-06-17T10:01:53.959+0800][51.586s][info][gc,heap        ] GC(2019) PSYoungGen: 10668K(14336K)->3780K(14336K) Eden: 7138K(7168K)->0K(7168K) From: 3529K(7168K)->3780K(7168K)
[2026-06-17T10:01:53.960+0800][51.588s][info][gc,heap        ] GC(2019) ParOldGen: 33669K(44032K)->37158K(44032K)
[2026-06-17T10:01:53.962+0800][51.590s][info][gc,metaspace   ] GC(2019) Metaspace: 118K(320K)->118K(320K) NonClass: 111K(192K)->111K(192K) Class: 7K(128K)->7K(128K)
[2026-06-17T10:01:53.963+0800][51.590s][info][gc             ] GC(2019) Pause Young (Allocation Failure) 43M->39M(57M) 6.016ms
[2026-06-17T10:01:53.963+0800][51.591s][info][gc,cpu         ] GC(2019) User=0.00s Sys=0.00s Real=0.01s
[2026-06-17T10:01:53.986+0800][51.613s][info][gc,start       ] GC(2020) Pause Young (Allocation Failure)
[2026-06-17T10:01:53.988+0800][51.615s][info][gc,heap        ] GC(2020) PSYoungGen: 10946K(14336K)->3985K(14336K) Eden: 7165K(7168K)->0K(7168K) From: 3780K(7168K)->3985K(7168K)
[2026-06-17T10:01:53.988+0800][51.616s][info][gc,heap        ] GC(2020) ParOldGen: 37158K(44032K)->37158K(44032K)
[2026-06-17T10:01:53.991+0800][51.619s][info][gc,metaspace   ] GC(2020) Metaspace: 118K(320K)->118K(320K) NonClass: 111K(192K)->111K(192K) Class: 7K(128K)->7K(128K)
[2026-06-17T10:01:53.992+0800][51.619s][info][gc             ] GC(2020) Pause Young (Allocation Failure) 46M->40M(57M) 6.140ms
[2026-06-17T10:01:53.993+0800][51.620s][info][gc,cpu         ] GC(2020) User=0.00s Sys=0.00s Real=0.01s
[2026-06-17T10:01:54.015+0800][51.643s][info][gc,start       ] GC(2021) Pause Young (Allocation Failure)
[2026-06-17T10:01:54.017+0800][51.645s][info][gc,heap        ] GC(2021) PSYoungGen: 11151K(14336K)->4314K(14848K) Eden: 7165K(7168K)->0K(7680K) From: 3985K(7168K)->4314K(7168K)
[2026-06-17T10:01:54.018+0800][51.646s][info][gc,heap        ] GC(2021) ParOldGen: 37158K(44032K)->37158K(44032K)
[2026-06-17T10:01:54.020+0800][51.647s][info][gc,metaspace   ] GC(2021) Metaspace: 118K(320K)->118K(320K) NonClass: 111K(192K)->111K(192K) Class: 7K(128K)->7K(128K)
[2026-06-17T10:01:54.020+0800][51.648s][info][gc             ] GC(2021) Pause Young (Allocation Failure) 47M->40M(57M) 5.224ms
[2026-06-17T10:01:54.021+0800][51.649s][info][gc,cpu         ] GC(2021) User=0.00s Sys=0.00s Real=0.00s
[2026-06-17T10:01:54.034+0800][51.661s][info][gc,start       ] GC(2022) Pause Young (Allocation Failure)
[2026-06-17T10:01:54.035+0800][51.663s][info][gc,heap        ] GC(2022) PSYoungGen: 11931K(14848K)->6642K(14336K) Eden: 7617K(7680K)->0K(7680K) From: 4314K(7168K)->6642K(6656K)
[2026-06-17T10:01:54.036+0800][51.664s][info][gc,heap        ] GC(2022) ParOldGen: 37158K(44032K)->38931K(44032K)
[2026-06-17T10:01:54.037+0800][51.664s][info][gc,metaspace   ] GC(2022) Metaspace: 118K(320K)->118K(320K) NonClass: 111K(192K)->111K(192K) Class: 7K(128K)->7K(128K)
[2026-06-17T10:01:54.038+0800][51.666s][info][gc             ] GC(2022) Pause Young (Allocation Failure) 47M->44M(57M) 4.281ms
[2026-06-17T10:01:54.039+0800][51.666s][info][gc,cpu         ] GC(2022) User=0.00s Sys=0.00s Real=0.00s
[2026-06-17T10:01:54.061+0800][51.688s][info][gc,start       ] GC(2023) Pause Young (Allocation Failure)
[2026-06-17T10:01:54.063+0800][51.690s][info][gc,heap        ] GC(2023) PSYoungGen: 14053K(14336K)->2165K(14336K) Eden: 7411K(7680K)->0K(7168K) From: 6642K(6656K)->2165K(7168K)
[2026-06-17T10:01:54.063+0800][51.691s][info][gc,heap        ] GC(2023) ParOldGen: 38931K(44032K)->40709K(44032K)
[2026-06-17T10:01:54.063+0800][51.691s][info][gc,metaspace   ] GC(2023) Metaspace: 118K(320K)->118K(320K) NonClass: 111K(192K)->111K(192K) Class: 7K(128K)->7K(128K)
[2026-06-17T10:01:54.064+0800][51.692s][info][gc             ] GC(2023) Pause Young (Allocation Failure) 51M->41M(57M) 3.284ms
[2026-06-17T10:01:54.064+0800][51.692s][info][gc,cpu         ] GC(2023) User=0.00s Sys=0.00s Real=0.01s
[2026-06-17T10:01:54.086+0800][51.714s][info][gc,start       ] GC(2024) Pause Full (Ergonomics)
[2026-06-17T10:01:54.087+0800][51.715s][info][gc,phases,start] GC(2024) Marking Phase
[2026-06-17T10:01:54.090+0800][51.718s][info][gc,phases      ] GC(2024) Marking Phase 3.152ms
[2026-06-17T10:01:54.091+0800][51.719s][info][gc,phases,start] GC(2024) Summary Phase
[2026-06-17T10:01:54.092+0800][51.720s][info][gc,phases      ] GC(2024) Summary Phase 0.763ms
[2026-06-17T10:01:54.093+0800][51.720s][info][gc,phases,start] GC(2024) Adjust Roots
[2026-06-17T10:01:54.094+0800][51.721s][info][gc,phases      ] GC(2024) Adjust Roots 0.986ms
[2026-06-17T10:01:54.094+0800][51.722s][info][gc,phases,start] GC(2024) Compaction Phase
[2026-06-17T10:01:54.097+0800][51.725s][info][gc,phases      ] GC(2024) Compaction Phase 2.724ms
[2026-06-17T10:01:54.098+0800][51.726s][info][gc,phases,start] GC(2024) Post Compact
[2026-06-17T10:01:54.099+0800][51.727s][info][gc,phases      ] GC(2024) Post Compact 1.114ms
[2026-06-17T10:01:54.100+0800][51.727s][info][gc,heap        ] GC(2024) PSYoungGen: 9313K(14336K)->0K(14336K) Eden: 7148K(7168K)->0K(7168K) From: 2165K(7168K)->0K(7168K)
[2026-06-17T10:01:54.102+0800][51.730s][info][gc,heap        ] GC(2024) ParOldGen: 40709K(44032K)->28231K(44032K)
[2026-06-17T10:01:54.104+0800][51.732s][info][gc,metaspace   ] GC(2024) Metaspace: 118K(320K)->118K(320K) NonClass: 111K(192K)->111K(192K) Class: 7K(128K)->7K(128K)
[2026-06-17T10:01:54.106+0800][51.733s][info][gc             ] GC(2024) Pause Full (Ergonomics) 48M->27M(57M) 19.514ms
[2026-06-17T10:01:54.106+0800][51.734s][info][gc,cpu         ] GC(2024) User=0.00s Sys=0.00s Real=0.02s
[2026-06-17T10:01:54.129+0800][51.757s][info][gc,start       ] GC(2025) Pause Young (Allocation Failure)
[2026-06-17T10:01:54.131+0800][51.758s][info][gc,heap        ] GC(2025) PSYoungGen: 7143K(14336K)->3382K(14336K) Eden: 7143K(7168K)->0K(7168K) From: 0K(7168K)->3382K(7168K)
[2026-06-17T10:01:54.131+0800][51.759s][info][gc,heap        ] GC(2025) ParOldGen: 28231K(44032K)->28231K(44032K)
[2026-06-17T10:01:54.132+0800][51.760s][info][gc,metaspace   ] GC(2025) Metaspace: 118K(320K)->118K(320K) NonClass: 111K(192K)->111K(192K) Class: 7K(128K)->7K(128K)
[2026-06-17T10:01:54.133+0800][51.760s][info][gc             ] GC(2025) Pause Young (Allocation Failure) 34M->30M(57M) 3.192ms
[2026-06-17T10:01:54.133+0800][51.761s][info][gc,cpu         ] GC(2025) User=0.00s Sys=0.00s Real=0.01s
[2026-06-17T10:01:54.155+0800][51.782s][info][gc,start       ] GC(2026) Pause Young (Allocation Failure)
[2026-06-17T10:01:54.155+0800][51.783s][info][gc,heap        ] GC(2026) PSYoungGen: 10523K(14336K)->3575K(14336K) Eden: 7140K(7168K)->0K(7168K) From: 3382K(7168K)->3575K(7168K)
[2026-06-17T10:01:54.156+0800][51.783s][info][gc,heap        ] GC(2026) ParOldGen: 28231K(44032K)->28231K(44032K)
[2026-06-17T10:01:54.156+0800][51.784s][info][gc,metaspace   ] GC(2026) Metaspace: 118K(320K)->118K(320K) NonClass: 111K(192K)->111K(192K) Class: 7K(128K)->7K(128K)
[2026-06-17T10:01:54.156+0800][51.784s][info][gc             ] GC(2026) Pause Young (Allocation Failure) 37M->31M(57M) 1.313ms
[2026-06-17T10:01:54.156+0800][51.784s][info][gc,cpu         ] GC(2026) User=0.00s Sys=0.00s Real=0.00s
[2026-06-17T10:01:54.167+0800][51.795s][info][gc,start       ] GC(2027) Pause Young (Allocation Failure)
[2026-06-17T10:01:54.168+0800][51.796s][info][gc,heap        ] GC(2027) PSYoungGen: 10738K(14336K)->6991K(14336K) Eden: 7163K(7168K)->0K(7168K) From: 3575K(7168K)->6991K(7168K)
[2026-06-17T10:01:54.169+0800][51.796s][info][gc,heap        ] GC(2027) ParOldGen: 28231K(44032K)->28506K(44032K)
[2026-06-17T10:01:54.169+0800][51.796s][info][gc,metaspace   ] GC(2027) Metaspace: 118K(320K)->118K(320K) NonClass: 111K(192K)->111K(192K) Class: 7K(128K)->7K(128K)
[2026-06-17T10:01:54.169+0800][51.797s][info][gc             ] GC(2027) Pause Young (Allocation Failure) 38M->34M(57M) 1.765ms
[2026-06-17T10:01:54.169+0800][51.797s][info][gc,cpu         ] GC(2027) User=0.00s Sys=0.00s Real=0.00s
[2026-06-17T10:01:54.190+0800][51.818s][info][gc,start       ] GC(2028) Pause Young (Allocation Failure)
[2026-06-17T10:01:54.191+0800][51.819s][info][gc,heap        ] GC(2028) PSYoungGen: 14146K(14336K)->4265K(14336K) Eden: 7155K(7168K)->0K(7168K) From: 6991K(7168K)->4265K(7168K)
[2026-06-17T10:01:54.191+0800][51.819s][info][gc,heap        ] GC(2028) ParOldGen: 28506K(44032K)->31382K(44032K)
[2026-06-17T10:01:54.191+0800][51.819s][info][gc,metaspace   ] GC(2028) Metaspace: 118K(320K)->118K(320K) NonClass: 111K(192K)->111K(192K) Class: 7K(128K)->7K(128K)
[2026-06-17T10:01:54.192+0800][51.819s][info][gc             ] GC(2028) Pause Young (Allocation Failure) 41M->34M(57M) 1.660ms
[2026-06-17T10:01:54.192+0800][51.819s][info][gc,cpu         ] GC(2028) User=0.00s Sys=0.00s Real=0.01s
[2026-06-17T10:01:54.203+0800][51.830s][info][gc,start       ] GC(2029) Pause Young (Allocation Failure)
[2026-06-17T10:01:54.203+0800][51.831s][info][gc,heap        ] GC(2029) PSYoungGen: 11377K(14336K)->5706K(14336K) Eden: 7111K(7168K)->0K(7168K) From: 4265K(7168K)->5706K(7168K)
[2026-06-17T10:01:54.204+0800][51.831s][info][gc,heap        ] GC(2029) ParOldGen: 31382K(44032K)->33721K(44032K)
[2026-06-17T10:01:54.204+0800][51.832s][info][gc,metaspace   ] GC(2029) Metaspace: 118K(320K)->118K(320K) NonClass: 111K(192K)->111K(192K) Class: 7K(128K)->7K(128K)
[2026-06-17T10:01:54.204+0800][51.832s][info][gc             ] GC(2029) Pause Young (Allocation Failure) 41M->38M(57M) 1.452ms
[2026-06-17T10:01:54.204+0800][51.832s][info][gc,cpu         ] GC(2029) User=0.00s Sys=0.00s Real=0.00s
[2026-06-17T10:01:54.225+0800][51.853s][info][gc,start       ] GC(2030) Pause Young (Allocation Failure)
[2026-06-17T10:01:54.226+0800][51.854s][info][gc,heap        ] GC(2030) PSYoungGen: 12833K(14336K)->2625K(14336K) Eden: 7127K(7168K)->0K(7168K) From: 5706K(7168K)->2625K(7168K)
[2026-06-17T10:01:54.226+0800][51.854s][info][gc,heap        ] GC(2030) ParOldGen: 33721K(44032K)->37007K(44032K)
[2026-06-17T10:01:54.226+0800][51.854s][info][gc,metaspace   ] GC(2030) Metaspace: 118K(320K)->118K(320K) NonClass: 111K(192K)->111K(192K) Class: 7K(128K)->7K(128K)
[2026-06-17T10:01:54.226+0800][51.854s][info][gc             ] GC(2030) Pause Young (Allocation Failure) 45M->38M(57M) 1.245ms
[2026-06-17T10:01:54.226+0800][51.854s][info][gc,cpu         ] GC(2030) User=0.01s Sys=0.00s Real=0.00s
[2026-06-17T10:01:54.247+0800][51.875s][info][gc,start       ] GC(2031) Pause Young (Allocation Failure)
[2026-06-17T10:01:54.248+0800][51.876s][info][gc,heap        ] GC(2031) PSYoungGen: 9764K(14336K)->3032K(14336K) Eden: 7138K(7168K)->0K(7168K) From: 2625K(7168K)->3032K(7168K)
[2026-06-17T10:01:54.249+0800][51.876s][info][gc,heap        ] GC(2031) ParOldGen: 37007K(44032K)->37007K(44032K)
[2026-06-17T10:01:54.249+0800][51.877s][info][gc,metaspace   ] GC(2031) Metaspace: 118K(320K)->118K(320K) NonClass: 111K(192K)->111K(192K) Class: 7K(128K)->7K(128K)
[2026-06-17T10:01:54.249+0800][51.877s][info][gc             ] GC(2031) Pause Young (Allocation Failure) 45M->39M(57M) 1.559ms
[2026-06-17T10:01:54.249+0800][51.877s][info][gc,cpu         ] GC(2031) User=0.00s Sys=0.00s Real=0.00s
[2026-06-17T10:01:54.260+0800][51.888s][info][gc,start       ] GC(2032) Pause Young (Allocation Failure)
[2026-06-17T10:01:54.261+0800][51.889s][info][gc,heap        ] GC(2032) PSYoungGen: 10200K(14336K)->1559K(14336K) Eden: 7168K(7168K)->0K(7168K) From: 3032K(7168K)->1559K(7168K)
[2026-06-17T10:01:54.261+0800][51.889s][info][gc,heap        ] GC(2032) ParOldGen: 37007K(44032K)->38818K(44032K)
[2026-06-17T10:01:54.261+0800][51.889s][info][gc,metaspace   ] GC(2032) Metaspace: 118K(320K)->118K(320K) NonClass: 111K(192K)->111K(192K) Class: 7K(128K)->7K(128K)
[2026-06-17T10:01:54.261+0800][51.889s][info][gc             ] GC(2032) Pause Young (Allocation Failure) 46M->39M(57M) 1.068ms
[2026-06-17T10:01:54.261+0800][51.889s][info][gc,cpu         ] GC(2032) User=0.00s Sys=0.00s Real=0.00s
[2026-06-17T10:01:54.282+0800][51.910s][info][gc,start       ] GC(2033) Pause Young (Allocation Failure)
[2026-06-17T10:01:54.283+0800][51.911s][info][gc,heap        ] GC(2033) PSYoungGen: 8712K(14336K)->3515K(14336K) Eden: 7153K(7168K)->0K(7168K) From: 1559K(7168K)->3515K(7168K)
[2026-06-17T10:01:54.283+0800][51.911s][info][gc,heap        ] GC(2033) ParOldGen: 38818K(44032K)->40353K(44032K)
[2026-06-17T10:01:54.283+0800][51.911s][info][gc,metaspace   ] GC(2033) Metaspace: 118K(320K)->118K(320K) NonClass: 111K(192K)->111K(192K) Class: 7K(128K)->7K(128K)
[2026-06-17T10:01:54.284+0800][51.911s][info][gc             ] GC(2033) Pause Young (Allocation Failure) 46M->42M(57M) 1.254ms
[2026-06-17T10:01:54.284+0800][51.911s][info][gc,cpu         ] GC(2033) User=0.00s Sys=0.00s Real=0.01s
[2026-06-17T10:01:54.305+0800][51.932s][info][gc,start       ] GC(2034) Pause Full (Ergonomics)
[2026-06-17T10:01:54.306+0800][51.934s][info][gc,phases,start] GC(2034) Marking Phase
[2026-06-17T10:01:54.307+0800][51.935s][info][gc,phases      ] GC(2034) Marking Phase 1.107ms
[2026-06-17T10:01:54.307+0800][51.935s][info][gc,phases,start] GC(2034) Summary Phase
[2026-06-17T10:01:54.308+0800][51.935s][info][gc,phases      ] GC(2034) Summary Phase 0.112ms
[2026-06-17T10:01:54.308+0800][51.935s][info][gc,phases,start] GC(2034) Adjust Roots
[2026-06-17T10:01:54.308+0800][51.936s][info][gc,phases      ] GC(2034) Adjust Roots 0.167ms
[2026-06-17T10:01:54.308+0800][51.936s][info][gc,phases,start] GC(2034) Compaction Phase
[2026-06-17T10:01:54.309+0800][51.937s][info][gc,phases      ] GC(2034) Compaction Phase 1.536ms
[2026-06-17T10:01:54.310+0800][51.937s][info][gc,phases,start] GC(2034) Post Compact
[2026-06-17T10:01:54.310+0800][51.938s][info][gc,phases      ] GC(2034) Post Compact 0.230ms
[2026-06-17T10:01:54.310+0800][51.938s][info][gc,heap        ] GC(2034) PSYoungGen: 10681K(14336K)->0K(14336K) Eden: 7165K(7168K)->0K(7168K) From: 3515K(7168K)->0K(7168K)
[2026-06-17T10:01:54.310+0800][51.938s][info][gc,heap        ] GC(2034) ParOldGen: 40353K(44032K)->30993K(44032K)
[2026-06-17T10:01:54.310+0800][51.938s][info][gc,metaspace   ] GC(2034) Metaspace: 118K(320K)->118K(320K) NonClass: 111K(192K)->111K(192K) Class: 7K(128K)->7K(128K)
[2026-06-17T10:01:54.310+0800][51.938s][info][gc             ] GC(2034) Pause Full (Ergonomics) 49M->30M(57M) 5.719ms
[2026-06-17T10:01:54.311+0800][51.938s][info][gc,cpu         ] GC(2034) User=0.01s Sys=0.00s Real=0.01s
[2026-06-17T10:01:54.332+0800][51.959s][info][gc,start       ] GC(2035) Pause Young (Allocation Failure)
[2026-06-17T10:01:54.332+0800][51.960s][info][gc,heap        ] GC(2035) PSYoungGen: 7153K(14336K)->3575K(14336K) Eden: 7153K(7168K)->0K(7168K) From: 0K(7168K)->3575K(7168K)
[2026-06-17T10:01:54.333+0800][51.960s][info][gc,heap        ] GC(2035) ParOldGen: 30993K(44032K)->30993K(44032K)
[2026-06-17T10:01:54.333+0800][51.960s][info][gc,metaspace   ] GC(2035) Metaspace: 118K(320K)->118K(320K) NonClass: 111K(192K)->111K(192K) Class: 7K(128K)->7K(128K)
[2026-06-17T10:01:54.333+0800][51.961s][info][gc             ] GC(2035) Pause Young (Allocation Failure) 37M->33M(57M) 1.353ms
[2026-06-17T10:01:54.333+0800][51.961s][info][gc,cpu         ] GC(2035) User=0.00s Sys=0.00s Real=0.00s
[2026-06-17T10:01:54.344+0800][51.972s][info][gc,start       ] GC(2036) Pause Young (Allocation Failure)
[2026-06-17T10:01:54.345+0800][51.972s][info][gc,heap        ] GC(2036) PSYoungGen: 10743K(14336K)->7100K(14336K) Eden: 7168K(7168K)->0K(7168K) From: 3575K(7168K)->7100K(7168K)
[2026-06-17T10:01:54.345+0800][51.973s][info][gc,heap        ] GC(2036) ParOldGen: 30993K(44032K)->31317K(44032K)
[2026-06-17T10:01:54.345+0800][51.973s][info][gc,metaspace   ] GC(2036) Metaspace: 118K(320K)->118K(320K) NonClass: 111K(192K)->111K(192K) Class: 7K(128K)->7K(128K)
[2026-06-17T10:01:54.345+0800][51.973s][info][gc             ] GC(2036) Pause Young (Allocation Failure) 40M->37M(57M) 1.384ms
[2026-06-17T10:01:54.345+0800][51.973s][info][gc,cpu         ] GC(2036) User=0.00s Sys=0.00s Real=0.00s
[2026-06-17T10:01:54.366+0800][51.994s][info][gc,start       ] GC(2037) Pause Young (Allocation Failure)
[2026-06-17T10:01:54.367+0800][51.995s][info][gc,heap        ] GC(2037) PSYoungGen: 14231K(14336K)->3403K(14336K) Eden: 7130K(7168K)->0K(7168K) From: 7100K(7168K)->3403K(7168K)
[2026-06-17T10:01:54.368+0800][51.995s][info][gc,heap        ] GC(2037) ParOldGen: 31317K(44032K)->35453K(44032K)
[2026-06-17T10:01:54.368+0800][51.995s][info][gc,metaspace   ] GC(2037) Metaspace: 118K(320K)->118K(320K) NonClass: 111K(192K)->111K(192K) Class: 7K(128K)->7K(128K)
[2026-06-17T10:01:54.368+0800][51.996s][info][gc             ] GC(2037) Pause Young (Allocation Failure) 44M->37M(57M) 1.611ms
[2026-06-17T10:01:54.368+0800][51.996s][info][gc,cpu         ] GC(2037) User=0.00s Sys=0.00s Real=0.00s
[2026-06-17T10:01:54.389+0800][52.017s][info][gc,start       ] GC(2038) Pause Young (Allocation Failure)
[2026-06-17T10:01:54.390+0800][52.018s][info][gc,heap        ] GC(2038) PSYoungGen: 10550K(14336K)->3388K(14336K) Eden: 7147K(7168K)->0K(7168K) From: 3403K(7168K)->3388K(7168K)
[2026-06-17T10:01:54.391+0800][52.019s][info][gc,heap        ] GC(2038) ParOldGen: 35453K(44032K)->35453K(44032K)
[2026-06-17T10:01:54.391+0800][52.019s][info][gc,metaspace   ] GC(2038) Metaspace: 118K(320K)->118K(320K) NonClass: 111K(192K)->111K(192K) Class: 7K(128K)->7K(128K)
[2026-06-17T10:01:54.391+0800][52.019s][info][gc             ] GC(2038) Pause Young (Allocation Failure) 44M->37M(57M) 1.746ms
[2026-06-17T10:01:54.391+0800][52.019s][info][gc,cpu         ] GC(2038) User=0.00s Sys=0.00s Real=0.01s
[2026-06-17T10:01:54.403+0800][52.030s][info][gc,start       ] GC(2039) Pause Young (Allocation Failure)
[2026-06-17T10:01:54.404+0800][52.031s][info][gc,heap        ] GC(2039) PSYoungGen: 10376K(14336K)->155K(14336K) Eden: 6988K(7168K)->0K(7168K) From: 3388K(7168K)->155K(7168K)
[2026-06-17T10:01:54.404+0800][52.032s][info][gc,heap        ] GC(2039) ParOldGen: 35453K(44032K)->38590K(44032K)
[2026-06-17T10:01:54.405+0800][52.032s][info][gc,metaspace   ] GC(2039) Metaspace: 118K(320K)->118K(320K) NonClass: 111K(192K)->111K(192K) Class: 7K(128K)->7K(128K)
[2026-06-17T10:01:54.405+0800][52.032s][info][gc             ] GC(2039) Pause Young (Allocation Failure) 44M->37M(57M) 1.989ms
[2026-06-17T10:01:54.405+0800][52.033s][info][gc,cpu         ] GC(2039) User=0.00s Sys=0.00s Real=0.00s
[2026-06-17T10:01:54.426+0800][52.054s][info][gc,start       ] GC(2040) Pause Young (Allocation Failure)
[2026-06-17T10:01:54.428+0800][52.055s][info][gc,heap        ] GC(2040) PSYoungGen: 7282K(14336K)->3760K(14336K) Eden: 7127K(7168K)->0K(7168K) From: 155K(7168K)->3760K(7168K)
[2026-06-17T10:01:54.428+0800][52.056s][info][gc,heap        ] GC(2040) ParOldGen: 38590K(44032K)->38722K(44032K)
[2026-06-17T10:01:54.428+0800][52.056s][info][gc,metaspace   ] GC(2040) Metaspace: 118K(320K)->118K(320K) NonClass: 111K(192K)->111K(192K) Class: 7K(128K)->7K(128K)
[2026-06-17T10:01:54.429+0800][52.056s][info][gc             ] GC(2040) Pause Young (Allocation Failure) 44M->41M(57M) 2.188ms
[2026-06-17T10:01:54.429+0800][52.057s][info][gc,cpu         ] GC(2040) User=0.00s Sys=0.00s Real=0.00s
[2026-06-17T10:01:54.440+0800][52.068s][info][gc,start       ] GC(2041) Pause Young (Allocation Failure)
[2026-06-17T10:01:54.441+0800][52.069s][info][gc,heap        ] GC(2041) PSYoungGen: 10720K(14336K)->1403K(14336K) Eden: 6959K(7168K)->0K(7168K) From: 3760K(7168K)->1403K(7168K)
[2026-06-17T10:01:54.442+0800][52.069s][info][gc,heap        ] GC(2041) ParOldGen: 38722K(44032K)->40680K(44032K)
[2026-06-17T10:01:54.442+0800][52.070s][info][gc,metaspace   ] GC(2041) Metaspace: 118K(320K)->118K(320K) NonClass: 111K(192K)->111K(192K) Class: 7K(128K)->7K(128K)
[2026-06-17T10:01:54.443+0800][52.070s][info][gc             ] GC(2041) Pause Young (Allocation Failure) 48M->41M(57M) 2.483ms
[2026-06-17T10:01:54.443+0800][52.071s][info][gc,cpu         ] GC(2041) User=0.00s Sys=0.00s Real=0.01s
[2026-06-17T10:01:54.465+0800][52.092s][info][gc,start       ] GC(2042) Pause Full (Ergonomics)
[2026-06-17T10:01:54.465+0800][52.093s][info][gc,phases,start] GC(2042) Marking Phase
[2026-06-17T10:01:54.468+0800][52.096s][info][gc,phases      ] GC(2042) Marking Phase 3.199ms
[2026-06-17T10:01:54.469+0800][52.097s][info][gc,phases,start] GC(2042) Summary Phase
[2026-06-17T10:01:54.470+0800][52.097s][info][gc,phases      ] GC(2042) Summary Phase 0.573ms
[2026-06-17T10:01:54.470+0800][52.098s][info][gc,phases,start] GC(2042) Adjust Roots
[2026-06-17T10:01:54.471+0800][52.099s][info][gc,phases      ] GC(2042) Adjust Roots 0.681ms
[2026-06-17T10:01:54.471+0800][52.099s][info][gc,phases,start] GC(2042) Compaction Phase
[2026-06-17T10:01:54.474+0800][52.102s][info][gc,phases      ] GC(2042) Compaction Phase 2.576ms
[2026-06-17T10:01:54.475+0800][52.102s][info][gc,phases,start] GC(2042) Post Compact
[2026-06-17T10:01:54.475+0800][52.103s][info][gc,phases      ] GC(2042) Post Compact 0.459ms
[2026-06-17T10:01:54.476+0800][52.103s][info][gc,heap        ] GC(2042) PSYoungGen: 8566K(14336K)->0K(14336K) Eden: 7163K(7168K)->0K(7168K) From: 1403K(7168K)->0K(7168K)
[2026-06-17T10:01:54.476+0800][52.104s][info][gc,heap        ] GC(2042) ParOldGen: 40680K(44032K)->33395K(44032K)
[2026-06-17T10:01:54.476+0800][52.104s][info][gc,metaspace   ] GC(2042) Metaspace: 118K(320K)->118K(320K) NonClass: 111K(192K)->111K(192K) Class: 7K(128K)->7K(128K)
[2026-06-17T10:01:54.477+0800][52.105s][info][gc             ] GC(2042) Pause Full (Ergonomics) 48M->32M(57M) 12.169ms
[2026-06-17T10:01:54.477+0800][52.105s][info][gc,cpu         ] GC(2042) User=0.01s Sys=0.00s Real=0.01s
[2026-06-17T10:01:54.499+0800][52.127s][info][gc,start       ] GC(2043) Pause Young (Allocation Failure)
[2026-06-17T10:01:54.500+0800][52.128s][info][gc,heap        ] GC(2043) PSYoungGen: 7155K(14336K)->3908K(14336K) Eden: 7155K(7168K)->0K(7168K) From: 0K(7168K)->3908K(7168K)
[2026-06-17T10:01:54.500+0800][52.128s][info][gc,heap        ] GC(2043) ParOldGen: 33395K(44032K)->33395K(44032K)
[2026-06-17T10:01:54.501+0800][52.128s][info][gc,metaspace   ] GC(2043) Metaspace: 118K(320K)->118K(320K) NonClass: 111K(192K)->111K(192K) Class: 7K(128K)->7K(128K)
[2026-06-17T10:01:54.501+0800][52.129s][info][gc             ] GC(2043) Pause Young (Allocation Failure) 39M->36M(57M) 1.937ms
[2026-06-17T10:01:54.501+0800][52.129s][info][gc,cpu         ] GC(2043) User=0.00s Sys=0.00s Real=0.00s
[2026-06-17T10:01:54.522+0800][52.150s][info][gc,start       ] GC(2044) Pause Young (Allocation Failure)
[2026-06-17T10:01:54.523+0800][52.151s][info][gc,heap        ] GC(2044) PSYoungGen: 11046K(14336K)->3851K(14336K) Eden: 7137K(7168K)->0K(7168K) From: 3908K(7168K)->3851K(7168K)
[2026-06-17T10:01:54.523+0800][52.151s][info][gc,heap        ] GC(2044) ParOldGen: 33395K(44032K)->33395K(44032K)
[2026-06-17T10:01:54.524+0800][52.151s][info][gc,metaspace   ] GC(2044) Metaspace: 118K(320K)->118K(320K) NonClass: 111K(192K)->111K(192K) Class: 7K(128K)->7K(128K)
[2026-06-17T10:01:54.524+0800][52.152s][info][gc             ] GC(2044) Pause Young (Allocation Failure) 43M->36M(57M) 1.758ms
[2026-06-17T10:01:54.524+0800][52.152s][info][gc,cpu         ] GC(2044) User=0.00s Sys=0.00s Real=0.01s
[2026-06-17T10:01:54.535+0800][52.163s][info][gc,start       ] GC(2045) Pause Young (Allocation Failure)
[2026-06-17T10:01:54.536+0800][52.164s][info][gc,heap        ] GC(2045) PSYoungGen: 10989K(14336K)->7034K(14336K) Eden: 7138K(7168K)->0K(7168K) From: 3851K(7168K)->7034K(7168K)
[2026-06-17T10:01:54.536+0800][52.164s][info][gc,heap        ] GC(2045) ParOldGen: 33395K(44032K)->33904K(44032K)
[2026-06-17T10:01:54.536+0800][52.164s][info][gc,metaspace   ] GC(2045) Metaspace: 118K(320K)->118K(320K) NonClass: 111K(192K)->111K(192K) Class: 7K(128K)->7K(128K)
[2026-06-17T10:01:54.537+0800][52.164s][info][gc             ] GC(2045) Pause Young (Allocation Failure) 43M->39M(57M) 1.656ms
[2026-06-17T10:01:54.537+0800][52.164s][info][gc,cpu         ] GC(2045) User=0.01s Sys=0.00s Real=0.00s
[2026-06-17T10:01:54.558+0800][52.186s][info][gc,start       ] GC(2046) Pause Young (Allocation Failure)
[2026-06-17T10:01:54.559+0800][52.187s][info][gc,heap        ] GC(2046) PSYoungGen: 14193K(14336K)->5294K(14336K) Eden: 7159K(7168K)->0K(7168K) From: 7034K(7168K)->5294K(7168K)
[2026-06-17T10:01:54.559+0800][52.187s][info][gc,heap        ] GC(2046) ParOldGen: 33904K(44032K)->35745K(44032K)
[2026-06-17T10:01:54.560+0800][52.187s][info][gc,metaspace   ] GC(2046) Metaspace: 118K(320K)->118K(320K) NonClass: 111K(192K)->111K(192K) Class: 7K(128K)->7K(128K)
[2026-06-17T10:01:54.560+0800][52.188s][info][gc             ] GC(2046) Pause Young (Allocation Failure) 46M->40M(57M) 1.723ms
[2026-06-17T10:01:54.560+0800][52.188s][info][gc,cpu         ] GC(2046) User=0.00s Sys=0.00s Real=0.00s
[2026-06-17T10:01:54.581+0800][52.209s][info][gc,start       ] GC(2047) Pause Young (Allocation Failure)
[2026-06-17T10:01:54.582+0800][52.210s][info][gc,heap        ] GC(2047) PSYoungGen: 12440K(14336K)->3521K(14336K) Eden: 7146K(7168K)->0K(7168K) From: 5294K(7168K)->3521K(7168K)
[2026-06-17T10:01:54.582+0800][52.210s][info][gc,heap        ] GC(2047) ParOldGen: 35745K(44032K)->37879K(44032K)
[2026-06-17T10:01:54.583+0800][52.210s][info][gc,metaspace   ] GC(2047) Metaspace: 118K(320K)->118K(320K) NonClass: 111K(192K)->111K(192K) Class: 7K(128K)->7K(128K)
[2026-06-17T10:01:54.583+0800][52.210s][info][gc             ] GC(2047) Pause Young (Allocation Failure) 47M->40M(57M) 1.861ms
[2026-06-17T10:01:54.583+0800][52.211s][info][gc,cpu         ] GC(2047) User=0.00s Sys=0.00s Real=0.01s
[2026-06-17T10:01:54.594+0800][52.222s][info][gc,start       ] GC(2048) Pause Young (Allocation Failure)
[2026-06-17T10:01:54.596+0800][52.224s][info][gc,heap        ] GC(2048) PSYoungGen: 10561K(14336K)->1626K(14336K) Eden: 7039K(7168K)->0K(7168K) From: 3521K(7168K)->1626K(7168K)
[2026-06-17T10:01:54.597+0800][52.224s][info][gc,heap        ] GC(2048) ParOldGen: 37879K(44032K)->39771K(44032K)
[2026-06-17T10:01:54.597+0800][52.225s][info][gc,metaspace   ] GC(2048) Metaspace: 118K(320K)->118K(320K) NonClass: 111K(192K)->111K(192K) Class: 7K(128K)->7K(128K)
[2026-06-17T10:01:54.598+0800][52.225s][info][gc             ] GC(2048) Pause Young (Allocation Failure) 47M->40M(57M) 3.287ms
[2026-06-17T10:01:54.598+0800][52.226s][info][gc,cpu         ] GC(2048) User=0.00s Sys=0.00s Real=0.00s
[2026-06-17T10:01:54.620+0800][52.248s][info][gc,start       ] GC(2049) Pause Young (Allocation Failure)
[2026-06-17T10:01:54.623+0800][52.251s][info][gc,heap        ] GC(2049) PSYoungGen: 8788K(14336K)->3528K(14336K) Eden: 7162K(7168K)->0K(7168K) From: 1626K(7168K)->3528K(7168K)
[2026-06-17T10:01:54.624+0800][52.252s][info][gc,heap        ] GC(2049) ParOldGen: 39771K(44032K)->41374K(44032K)
[2026-06-17T10:01:54.625+0800][52.252s][info][gc,metaspace   ] GC(2049) Metaspace: 118K(320K)->118K(320K) NonClass: 111K(192K)->111K(192K) Class: 7K(128K)->7K(128K)
[2026-06-17T10:01:54.625+0800][52.253s][info][gc             ] GC(2049) Pause Young (Allocation Failure) 47M->43M(57M) 5.110ms
[2026-06-17T10:01:54.626+0800][52.254s][info][gc,cpu         ] GC(2049) User=0.00s Sys=0.00s Real=0.01s
[2026-06-17T10:01:54.648+0800][52.276s][info][gc,start       ] GC(2050) Pause Full (Ergonomics)
[2026-06-17T10:01:54.649+0800][52.277s][info][gc,phases,start] GC(2050) Marking Phase
[2026-06-17T10:01:54.652+0800][52.280s][info][gc,phases      ] GC(2050) Marking Phase 3.171ms
[2026-06-17T10:01:54.653+0800][52.280s][info][gc,phases,start] GC(2050) Summary Phase
[2026-06-17T10:01:54.653+0800][52.281s][info][gc,phases      ] GC(2050) Summary Phase 0.525ms
[2026-06-17T10:01:54.654+0800][52.282s][info][gc,phases,start] GC(2050) Adjust Roots
[2026-06-17T10:01:54.655+0800][52.282s][info][gc,phases      ] GC(2050) Adjust Roots 0.884ms
[2026-06-17T10:01:54.655+0800][52.283s][info][gc,phases,start] GC(2050) Compaction Phase
[2026-06-17T10:01:54.658+0800][52.286s][info][gc,phases      ] GC(2050) Compaction Phase 2.872ms
[2026-06-17T10:01:54.659+0800][52.286s][info][gc,phases,start] GC(2050) Post Compact
[2026-06-17T10:01:54.659+0800][52.287s][info][gc,phases      ] GC(2050) Post Compact 0.545ms
[2026-06-17T10:01:54.660+0800][52.287s][info][gc,heap        ] GC(2050) PSYoungGen: 10672K(14336K)->0K(14336K) Eden: 7144K(7168K)->0K(7168K) From: 3528K(7168K)->0K(7168K)
[2026-06-17T10:01:54.660+0800][52.288s][info][gc,heap        ] GC(2050) ParOldGen: 41374K(44032K)->31782K(44032K)
[2026-06-17T10:01:54.661+0800][52.288s][info][gc,metaspace   ] GC(2050) Metaspace: 118K(320K)->118K(320K) NonClass: 111K(192K)->111K(192K) Class: 7K(128K)->7K(128K)
[2026-06-17T10:01:54.661+0800][52.289s][info][gc             ] GC(2050) Pause Full (Ergonomics) 50M->31M(57M) 12.694ms
[2026-06-17T10:01:54.661+0800][52.289s][info][gc,cpu         ] GC(2050) User=0.01s Sys=0.00s Real=0.01s
[2026-06-17T10:01:54.683+0800][52.310s][info][gc,start       ] GC(2051) Pause Young (Allocation Failure)
[2026-06-17T10:01:54.687+0800][52.315s][info][gc,heap        ] GC(2051) PSYoungGen: 7118K(14336K)->3639K(14336K) Eden: 7118K(7168K)->0K(7168K) From: 0K(7168K)->3639K(7168K)
[2026-06-17T10:01:54.687+0800][52.315s][info][gc,heap        ] GC(2051) ParOldGen: 31782K(44032K)->31782K(44032K)
[2026-06-17T10:01:54.688+0800][52.315s][info][gc,metaspace   ] GC(2051) Metaspace: 118K(320K)->118K(320K) NonClass: 111K(192K)->111K(192K) Class: 7K(128K)->7K(128K)
[2026-06-17T10:01:54.688+0800][52.316s][info][gc             ] GC(2051) Pause Young (Allocation Failure) 37M->34M(57M) 5.424ms
[2026-06-17T10:01:54.688+0800][52.316s][info][gc,cpu         ] GC(2051) User=0.00s Sys=0.00s Real=0.00s
[2026-06-17T10:01:54.700+0800][52.327s][info][gc,start       ] GC(2052) Pause Young (Allocation Failure)
[2026-06-17T10:01:54.701+0800][52.329s][info][gc,heap        ] GC(2052) PSYoungGen: 10752K(14336K)->6927K(14336K) Eden: 7113K(7168K)->0K(7168K) From: 3639K(7168K)->6927K(7168K)
[2026-06-17T10:01:54.701+0800][52.329s][info][gc,heap        ] GC(2052) ParOldGen: 31782K(44032K)->32030K(44032K)
[2026-06-17T10:01:54.701+0800][52.329s][info][gc,metaspace   ] GC(2052) Metaspace: 118K(320K)->118K(320K) NonClass: 111K(192K)->111K(192K) Class: 7K(128K)->7K(128K)
[2026-06-17T10:01:54.702+0800][52.329s][info][gc             ] GC(2052) Pause Young (Allocation Failure) 41M->38M(57M) 1.925ms
[2026-06-17T10:01:54.702+0800][52.330s][info][gc,cpu         ] GC(2052) User=0.01s Sys=0.00s Real=0.00s
[2026-06-17T10:01:54.723+0800][52.351s][info][gc,start       ] GC(2053) Pause Young (Allocation Failure)
[2026-06-17T10:01:54.725+0800][52.353s][info][gc,heap        ] GC(2053) PSYoungGen: 14094K(14336K)->2116K(14336K) Eden: 7167K(7168K)->0K(7168K) From: 6927K(7168K)->2116K(7168K)
[2026-06-17T10:01:54.725+0800][52.353s][info][gc,heap        ] GC(2053) ParOldGen: 32030K(44032K)->36929K(44032K)
[2026-06-17T10:01:54.726+0800][52.353s][info][gc,metaspace   ] GC(2053) Metaspace: 118K(320K)->118K(320K) NonClass: 111K(192K)->111K(192K) Class: 7K(128K)->7K(128K)
[2026-06-17T10:01:54.726+0800][52.354s][info][gc             ] GC(2053) Pause Young (Allocation Failure) 45M->38M(57M) 2.636ms
[2026-06-17T10:01:54.726+0800][52.354s][info][gc,cpu         ] GC(2053) User=0.00s Sys=0.00s Real=0.00s
[2026-06-17T10:01:54.747+0800][52.375s][info][gc,start       ] GC(2054) Pause Young (Allocation Failure)
[2026-06-17T10:01:54.749+0800][52.377s][info][gc,heap        ] GC(2054) PSYoungGen: 9282K(14336K)->2347K(14336K) Eden: 7166K(7168K)->0K(7168K) From: 2116K(7168K)->2347K(7168K)
[2026-06-17T10:01:54.750+0800][52.378s][info][gc,heap        ] GC(2054) ParOldGen: 36929K(44032K)->36929K(44032K)
[2026-06-17T10:01:54.751+0800][52.378s][info][gc,metaspace   ] GC(2054) Metaspace: 118K(320K)->118K(320K) NonClass: 111K(192K)->111K(192K) Class: 7K(128K)->7K(128K)
[2026-06-17T10:01:54.751+0800][52.379s][info][gc             ] GC(2054) Pause Young (Allocation Failure) 45M->38M(57M) 3.837ms
[2026-06-17T10:01:54.752+0800][52.380s][info][gc,cpu         ] GC(2054) User=0.00s Sys=0.00s Real=0.01s
[2026-06-17T10:01:54.764+0800][52.392s][info][gc,start       ] GC(2055) Pause Young (Allocation Failure)
[2026-06-17T10:01:54.766+0800][52.394s][info][gc,heap        ] GC(2055) PSYoungGen: 9434K(14336K)->493K(14336K) Eden: 7086K(7168K)->0K(7168K) From: 2347K(7168K)->493K(7168K)
[2026-06-17T10:01:54.766+0800][52.394s][info][gc,heap        ] GC(2055) ParOldGen: 36929K(44032K)->39068K(44032K)
[2026-06-17T10:01:54.767+0800][52.395s][info][gc,metaspace   ] GC(2055) Metaspace: 118K(320K)->118K(320K) NonClass: 111K(192K)->111K(192K) Class: 7K(128K)->7K(128K)
[2026-06-17T10:01:54.767+0800][52.395s][info][gc             ] GC(2055) Pause Young (Allocation Failure) 45M->38M(57M) 3.158ms
[2026-06-17T10:01:54.768+0800][52.395s][info][gc,cpu         ] GC(2055) User=0.00s Sys=0.00s Real=0.00s
[2026-06-17T10:01:54.789+0800][52.417s][info][gc,start       ] GC(2056) Pause Young (Allocation Failure)
[2026-06-17T10:01:54.791+0800][52.418s][info][gc,heap        ] GC(2056) PSYoungGen: 7635K(14336K)->3665K(14336K) Eden: 7142K(7168K)->0K(7168K) From: 493K(7168K)->3665K(7168K)
[2026-06-17T10:01:54.791+0800][52.419s][info][gc,heap        ] GC(2056) ParOldGen: 39068K(44032K)->39537K(44032K)
[2026-06-17T10:01:54.792+0800][52.420s][info][gc,metaspace   ] GC(2056) Metaspace: 118K(320K)->118K(320K) NonClass: 111K(192K)->111K(192K) Class: 7K(128K)->7K(128K)
[2026-06-17T10:01:54.793+0800][52.420s][info][gc             ] GC(2056) Pause Young (Allocation Failure) 45M->42M(57M) 3.253ms
[2026-06-17T10:01:54.793+0800][52.421s][info][gc,cpu         ] GC(2056) User=0.00s Sys=0.00s Real=0.01s
[2026-06-17T10:01:54.814+0800][52.442s][info][gc,start       ] GC(2057) Pause Full (Ergonomics)
[2026-06-17T10:01:54.815+0800][52.443s][info][gc,phases,start] GC(2057) Marking Phase
[2026-06-17T10:01:54.817+0800][52.444s][info][gc,phases      ] GC(2057) Marking Phase 1.453ms
[2026-06-17T10:01:54.817+0800][52.445s][info][gc,phases,start] GC(2057) Summary Phase
[2026-06-17T10:01:54.817+0800][52.445s][info][gc,phases      ] GC(2057) Summary Phase 0.385ms
[2026-06-17T10:01:54.818+0800][52.445s][info][gc,phases,start] GC(2057) Adjust Roots
[2026-06-17T10:01:54.818+0800][52.446s][info][gc,phases      ] GC(2057) Adjust Roots 0.399ms
[2026-06-17T10:01:54.818+0800][52.446s][info][gc,phases,start] GC(2057) Compaction Phase
[2026-06-17T10:01:54.820+0800][52.448s][info][gc,phases      ] GC(2057) Compaction Phase 1.577ms
[2026-06-17T10:01:54.820+0800][52.448s][info][gc,phases,start] GC(2057) Post Compact
[2026-06-17T10:01:54.821+0800][52.448s][info][gc,phases      ] GC(2057) Post Compact 0.587ms
[2026-06-17T10:01:54.821+0800][52.449s][info][gc,heap        ] GC(2057) PSYoungGen: 10820K(14336K)->0K(14336K) Eden: 7154K(7168K)->0K(7168K) From: 3665K(7168K)->0K(7168K)
[2026-06-17T10:01:54.821+0800][52.449s][info][gc,heap        ] GC(2057) ParOldGen: 39537K(44032K)->29446K(44032K)
[2026-06-17T10:01:54.821+0800][52.449s][info][gc,metaspace   ] GC(2057) Metaspace: 118K(320K)->118K(320K) NonClass: 111K(192K)->111K(192K) Class: 7K(128K)->7K(128K)
[2026-06-17T10:01:54.822+0800][52.450s][info][gc             ] GC(2057) Pause Full (Ergonomics) 49M->28M(57M) 7.333ms
[2026-06-17T10:01:54.822+0800][52.450s][info][gc,cpu         ] GC(2057) User=0.01s Sys=0.00s Real=0.00s
[2026-06-17T10:01:54.833+0800][52.461s][info][gc,start       ] GC(2058) Pause Young (Allocation Failure)
[2026-06-17T10:01:54.834+0800][52.462s][info][gc,heap        ] GC(2058) PSYoungGen: 6168K(14336K)->2655K(14336K) Eden: 6168K(7168K)->0K(7168K) From: 0K(7168K)->2655K(7168K)
[2026-06-17T10:01:54.835+0800][52.463s][info][gc,heap        ] GC(2058) ParOldGen: 29446K(44032K)->29446K(44032K)
[2026-06-17T10:01:54.835+0800][52.463s][info][gc,metaspace   ] GC(2058) Metaspace: 118K(320K)->118K(320K) NonClass: 111K(192K)->111K(192K) Class: 7K(128K)->7K(128K)
[2026-06-17T10:01:54.836+0800][52.464s][info][gc             ] GC(2058) Pause Young (Allocation Failure) 34M->31M(57M) 2.559ms
[2026-06-17T10:01:54.836+0800][52.464s][info][gc,cpu         ] GC(2058) User=0.00s Sys=0.00s Real=0.00s
[2026-06-17T10:01:54.857+0800][52.485s][info][gc,start       ] GC(2059) Pause Young (Allocation Failure)
[2026-06-17T10:01:54.858+0800][52.486s][info][gc,heap        ] GC(2059) PSYoungGen: 9801K(14336K)->3384K(14336K) Eden: 7145K(7168K)->0K(7168K) From: 2655K(7168K)->3384K(7168K)
[2026-06-17T10:01:54.859+0800][52.487s][info][gc,heap        ] GC(2059) ParOldGen: 29446K(44032K)->32060K(44032K)
[2026-06-17T10:01:54.859+0800][52.487s][info][gc,metaspace   ] GC(2059) Metaspace: 118K(320K)->118K(320K) NonClass: 111K(192K)->111K(192K) Class: 7K(128K)->7K(128K)
[2026-06-17T10:01:54.860+0800][52.487s][info][gc             ] GC(2059) Pause Young (Allocation Failure) 38M->34M(57M) 2.331ms
[2026-06-17T10:01:54.860+0800][52.488s][info][gc,cpu         ] GC(2059) User=0.00s Sys=0.01s Real=0.00s
[2026-06-17T10:01:54.881+0800][52.509s][info][gc,start       ] GC(2060) Pause Young (Allocation Failure)
[2026-06-17T10:01:54.882+0800][52.510s][info][gc,heap        ] GC(2060) PSYoungGen: 10508K(14336K)->3329K(14336K) Eden: 7123K(7168K)->0K(7168K) From: 3384K(7168K)->3329K(7168K)
[2026-06-17T10:01:54.883+0800][52.511s][info][gc,heap        ] GC(2060) ParOldGen: 32060K(44032K)->32060K(44032K)
[2026-06-17T10:01:54.883+0800][52.511s][info][gc,metaspace   ] GC(2060) Metaspace: 118K(320K)->118K(320K) NonClass: 111K(192K)->111K(192K) Class: 7K(128K)->7K(128K)
[2026-06-17T10:01:54.884+0800][52.511s][info][gc             ] GC(2060) Pause Young (Allocation Failure) 41M->34M(57M) 2.202ms
[2026-06-17T10:01:54.884+0800][52.512s][info][gc,cpu         ] GC(2060) User=0.00s Sys=0.00s Real=0.01s
[2026-06-17T10:01:54.895+0800][52.523s][info][gc,start       ] GC(2061) Pause Young (Allocation Failure)
[2026-06-17T10:01:54.896+0800][52.524s][info][gc,heap        ] GC(2061) PSYoungGen: 10469K(14336K)->6610K(13824K) Eden: 7140K(7168K)->0K(7168K) From: 3329K(7168K)->6610K(6656K)
[2026-06-17T10:01:54.897+0800][52.524s][info][gc,heap        ] GC(2061) ParOldGen: 32060K(44032K)->32391K(44032K)
[2026-06-17T10:01:54.897+0800][52.525s][info][gc,metaspace   ] GC(2061) Metaspace: 118K(320K)->118K(320K) NonClass: 111K(192K)->111K(192K) Class: 7K(128K)->7K(128K)
[2026-06-17T10:01:54.897+0800][52.525s][info][gc             ] GC(2061) Pause Young (Allocation Failure) 41M->38M(56M) 1.899ms
[2026-06-17T10:01:54.897+0800][52.525s][info][gc,cpu         ] GC(2061) User=0.00s Sys=0.00s Real=0.00s
[2026-06-17T10:01:54.918+0800][52.546s][info][gc,start       ] GC(2062) Pause Young (Allocation Failure)
[2026-06-17T10:01:54.919+0800][52.547s][info][gc,heap        ] GC(2062) PSYoungGen: 13775K(13824K)->3590K(14336K) Eden: 7164K(7168K)->0K(7168K) From: 6610K(6656K)->3590K(7168K)
[2026-06-17T10:01:54.920+0800][52.547s][info][gc,heap        ] GC(2062) ParOldGen: 32391K(44032K)->35307K(44032K)
[2026-06-17T10:01:54.920+0800][52.548s][info][gc,metaspace   ] GC(2062) Metaspace: 118K(320K)->118K(320K) NonClass: 111K(192K)->111K(192K) Class: 7K(128K)->7K(128K)
[2026-06-17T10:01:54.920+0800][52.548s][info][gc             ] GC(2062) Pause Young (Allocation Failure) 45M->37M(57M) 1.743ms
[2026-06-17T10:01:54.920+0800][52.548s][info][gc,cpu         ] GC(2062) User=0.00s Sys=0.00s Real=0.00s
[2026-06-17T10:01:54.943+0800][52.571s][info][gc,start       ] GC(2063) Pause Young (Allocation Failure)
[2026-06-17T10:01:54.944+0800][52.572s][info][gc,heap        ] GC(2063) PSYoungGen: 10738K(14336K)->3947K(14336K) Eden: 7148K(7168K)->0K(7168K) From: 3590K(7168K)->3947K(7168K)
[2026-06-17T10:01:54.944+0800][52.572s][info][gc,heap        ] GC(2063) ParOldGen: 35307K(44032K)->35307K(44032K)
[2026-06-17T10:01:54.945+0800][52.572s][info][gc,metaspace   ] GC(2063) Metaspace: 118K(320K)->118K(320K) NonClass: 111K(192K)->111K(192K) Class: 7K(128K)->7K(128K)
[2026-06-17T10:01:54.945+0800][52.573s][info][gc             ] GC(2063) Pause Young (Allocation Failure) 44M->38M(57M) 1.867ms
[2026-06-17T10:01:54.945+0800][52.573s][info][gc,cpu         ] GC(2063) User=0.00s Sys=0.00s Real=0.00s
[2026-06-17T10:01:54.956+0800][52.584s][info][gc,start       ] GC(2064) Pause Young (Allocation Failure)
[2026-06-17T10:01:54.957+0800][52.585s][info][gc,heap        ] GC(2064) PSYoungGen: 10982K(14336K)->3640K(14336K) Eden: 7035K(7168K)->0K(7168K) From: 3947K(7168K)->3640K(7168K)
[2026-06-17T10:01:54.958+0800][52.586s][info][gc,heap        ] GC(2064) ParOldGen: 35307K(44032K)->35307K(44032K)
[2026-06-17T10:01:54.958+0800][52.586s][info][gc,metaspace   ] GC(2064) Metaspace: 118K(320K)->118K(320K) NonClass: 111K(192K)->111K(192K) Class: 7K(128K)->7K(128K)
[2026-06-17T10:01:54.959+0800][52.586s][info][gc             ] GC(2064) Pause Young (Allocation Failure) 45M->38M(57M) 2.322ms
[2026-06-17T10:01:54.959+0800][52.587s][info][gc,cpu         ] GC(2064) User=0.00s Sys=0.00s Real=0.00s
[2026-06-17T10:01:54.980+0800][52.608s][info][gc,start       ] GC(2065) Pause Young (Allocation Failure)
[2026-06-17T10:01:54.982+0800][52.610s][info][gc,heap        ] GC(2065) PSYoungGen: 10807K(14336K)->6439K(13824K) Eden: 7166K(7168K)->0K(7168K) From: 3640K(7168K)->6439K(6656K)
[2026-06-17T10:01:54.983+0800][52.610s][info][gc,heap        ] GC(2065) ParOldGen: 35307K(44032K)->36278K(44032K)
[2026-06-17T10:01:54.983+0800][52.611s][info][gc,metaspace   ] GC(2065) Metaspace: 118K(320K)->118K(320K) NonClass: 111K(192K)->111K(192K) Class: 7K(128K)->7K(128K)
[2026-06-17T10:01:54.983+0800][52.611s][info][gc             ] GC(2065) Pause Young (Allocation Failure) 45M->41M(56M) 3.423ms
[2026-06-17T10:01:54.984+0800][52.612s][info][gc,cpu         ] GC(2065) User=0.00s Sys=0.01s Real=0.01s
[2026-06-17T10:01:55.006+0800][52.633s][info][gc,start       ] GC(2066) Pause Young (Allocation Failure)
[2026-06-17T10:01:55.007+0800][52.634s][info][gc,heap        ] GC(2066) PSYoungGen: 13598K(13824K)->5451K(14336K) Eden: 7159K(7168K)->0K(7168K) From: 6439K(6656K)->5451K(7168K)
[2026-06-17T10:01:55.007+0800][52.634s][info][gc,heap        ] GC(2066) ParOldGen: 36278K(44032K)->37629K(44032K)
[2026-06-17T10:01:55.007+0800][52.635s][info][gc,metaspace   ] GC(2066) Metaspace: 118K(320K)->118K(320K) NonClass: 111K(192K)->111K(192K) Class: 7K(128K)->7K(128K)
[2026-06-17T10:01:55.007+0800][52.635s][info][gc             ] GC(2066) Pause Young (Allocation Failure) 48M->42M(57M) 1.345ms
[2026-06-17T10:01:55.007+0800][52.635s][info][gc,cpu         ] GC(2066) User=0.00s Sys=0.00s Real=0.00s
[2026-06-17T10:01:55.028+0800][52.656s][info][gc,start       ] GC(2067) Pause Young (Allocation Failure)
[2026-06-17T10:01:55.029+0800][52.657s][info][gc,heap        ] GC(2067) PSYoungGen: 12562K(14336K)->3990K(14336K) Eden: 7110K(7168K)->0K(7168K) From: 5451K(7168K)->3990K(7168K)
[2026-06-17T10:01:55.029+0800][52.657s][info][gc,heap        ] GC(2067) ParOldGen: 37629K(44032K)->38899K(44032K)
[2026-06-17T10:01:55.029+0800][52.657s][info][gc,metaspace   ] GC(2067) Metaspace: 118K(320K)->118K(320K) NonClass: 111K(192K)->111K(192K) Class: 7K(128K)->7K(128K)
[2026-06-17T10:01:55.030+0800][52.657s][info][gc             ] GC(2067) Pause Young (Allocation Failure) 49M->41M(57M) 1.481ms
[2026-06-17T10:01:55.030+0800][52.657s][info][gc,cpu         ] GC(2067) User=0.00s Sys=0.00s Real=0.00s
[2026-06-17T10:01:55.041+0800][52.668s][info][gc,start       ] GC(2068) Pause Young (Allocation Failure)
[2026-06-17T10:01:55.042+0800][52.670s][info][gc,heap        ] GC(2068) PSYoungGen: 11134K(14336K)->6970K(14336K) Eden: 7144K(7168K)->0K(7168K) From: 3990K(7168K)->6970K(7168K)
[2026-06-17T10:01:55.042+0800][52.670s][info][gc,heap        ] GC(2068) ParOldGen: 38899K(44032K)->39783K(44032K)
[2026-06-17T10:01:55.043+0800][52.670s][info][gc,metaspace   ] GC(2068) Metaspace: 118K(320K)->118K(320K) NonClass: 111K(192K)->111K(192K) Class: 7K(128K)->7K(128K)
[2026-06-17T10:01:55.043+0800][52.671s][info][gc             ] GC(2068) Pause Young (Allocation Failure) 48M->45M(57M) 2.286ms
[2026-06-17T10:01:55.043+0800][52.671s][info][gc,cpu         ] GC(2068) User=0.01s Sys=0.00s Real=0.01s
[2026-06-17T10:01:55.065+0800][52.692s][info][gc,start       ] GC(2069) Pause Young (Allocation Failure)
[2026-06-17T10:01:55.066+0800][52.694s][info][gc,heap        ] GC(2069) PSYoungGen: 14125K(14336K)->4663K(14336K) Eden: 7155K(7168K)->0K(7168K) From: 6970K(7168K)->4663K(7168K)
[2026-06-17T10:01:55.067+0800][52.695s][info][gc,heap        ] GC(2069) ParOldGen: 39783K(44032K)->42702K(44032K)
[2026-06-17T10:01:55.069+0800][52.696s][info][gc,metaspace   ] GC(2069) Metaspace: 118K(320K)->118K(320K) NonClass: 111K(192K)->111K(192K) Class: 7K(128K)->7K(128K)
[2026-06-17T10:01:55.069+0800][52.697s][info][gc             ] GC(2069) Pause Young (Allocation Failure) 52M->46M(57M) 4.795ms
[2026-06-17T10:01:55.071+0800][52.699s][info][gc,cpu         ] GC(2069) User=0.00s Sys=0.00s Real=0.01s
[2026-06-17T10:01:55.085+0800][52.713s][info][gc,start       ] GC(2070) Pause Full (Ergonomics)
[2026-06-17T10:01:55.086+0800][52.714s][info][gc,phases,start] GC(2070) Marking Phase
[2026-06-17T10:01:55.089+0800][52.716s][info][gc,phases      ] GC(2070) Marking Phase 2.643ms
[2026-06-17T10:01:55.090+0800][52.718s][info][gc,phases,start] GC(2070) Summary Phase
[2026-06-17T10:01:55.091+0800][52.719s][info][gc,phases      ] GC(2070) Summary Phase 1.278ms
[2026-06-17T10:01:55.092+0800][52.720s][info][gc,phases,start] GC(2070) Adjust Roots
[2026-06-17T10:01:55.093+0800][52.720s][info][gc,phases      ] GC(2070) Adjust Roots 0.720ms
[2026-06-17T10:01:55.094+0800][52.722s][info][gc,phases,start] GC(2070) Compaction Phase
[2026-06-17T10:01:55.099+0800][52.726s][info][gc,phases      ] GC(2070) Compaction Phase 4.568ms
[2026-06-17T10:01:55.100+0800][52.728s][info][gc,phases,start] GC(2070) Post Compact
[2026-06-17T10:01:55.102+0800][52.730s][info][gc,phases      ] GC(2070) Post Compact 2.039ms
[2026-06-17T10:01:55.104+0800][52.732s][info][gc,heap        ] GC(2070) PSYoungGen: 11787K(14336K)->0K(14336K) Eden: 7123K(7168K)->0K(7168K) From: 4663K(7168K)->0K(7168K)
[2026-06-17T10:01:55.107+0800][52.735s][info][gc,heap        ] GC(2070) ParOldGen: 42702K(44032K)->31115K(44032K)
[2026-06-17T10:01:55.109+0800][52.737s][info][gc,metaspace   ] GC(2070) Metaspace: 118K(320K)->118K(320K) NonClass: 111K(192K)->111K(192K) Class: 7K(128K)->7K(128K)
[2026-06-17T10:01:55.111+0800][52.739s][info][gc             ] GC(2070) Pause Full (Ergonomics) 53M->30M(57M) 26.301ms
[2026-06-17T10:01:55.112+0800][52.740s][info][gc,cpu         ] GC(2070) User=0.01s Sys=0.00s Real=0.03s
[2026-06-17T10:01:55.134+0800][52.761s][info][gc,start       ] GC(2071) Pause Young (Allocation Failure)
[2026-06-17T10:01:55.135+0800][52.763s][info][gc,heap        ] GC(2071) PSYoungGen: 7130K(14336K)->3598K(14336K) Eden: 7130K(7168K)->0K(7168K) From: 0K(7168K)->3598K(7168K)
[2026-06-17T10:01:55.138+0800][52.766s][info][gc,heap        ] GC(2071) ParOldGen: 31115K(44032K)->31115K(44032K)
[2026-06-17T10:01:55.140+0800][52.768s][info][gc,metaspace   ] GC(2071) Metaspace: 118K(320K)->118K(320K) NonClass: 111K(192K)->111K(192K) Class: 7K(128K)->7K(128K)
[2026-06-17T10:01:55.141+0800][52.768s][info][gc             ] GC(2071) Pause Young (Allocation Failure) 37M->33M(57M) 7.105ms
[2026-06-17T10:01:55.141+0800][52.769s][info][gc,cpu         ] GC(2071) User=0.00s Sys=0.00s Real=0.00s
[2026-06-17T10:01:55.163+0800][52.791s][info][gc,start       ] GC(2072) Pause Young (Allocation Failure)
[2026-06-17T10:01:55.164+0800][52.792s][info][gc,heap        ] GC(2072) PSYoungGen: 10748K(14336K)->3189K(14336K) Eden: 7150K(7168K)->0K(7168K) From: 3598K(7168K)->3189K(7168K)
[2026-06-17T10:01:55.164+0800][52.792s][info][gc,heap        ] GC(2072) ParOldGen: 31115K(44032K)->31508K(44032K)
[2026-06-17T10:01:55.164+0800][52.792s][info][gc,metaspace   ] GC(2072) Metaspace: 118K(320K)->118K(320K) NonClass: 111K(192K)->111K(192K) Class: 7K(128K)->7K(128K)
[2026-06-17T10:01:55.165+0800][52.793s][info][gc             ] GC(2072) Pause Young (Allocation Failure) 40M->33M(57M) 2.132ms
[2026-06-17T10:01:55.165+0800][52.793s][info][gc,cpu         ] GC(2072) User=0.00s Sys=0.00s Real=0.00s
[2026-06-17T10:01:55.176+0800][52.804s][info][gc,start       ] GC(2073) Pause Young (Allocation Failure)
[2026-06-17T10:01:55.177+0800][52.805s][info][gc,heap        ] GC(2073) PSYoungGen: 10257K(14336K)->1721K(14336K) Eden: 7068K(7168K)->0K(7168K) From: 3189K(7168K)->1721K(7168K)
[2026-06-17T10:01:55.177+0800][52.805s][info][gc,heap        ] GC(2073) ParOldGen: 31508K(44032K)->33215K(44032K)
[2026-06-17T10:01:55.178+0800][52.806s][info][gc,metaspace   ] GC(2073) Metaspace: 118K(320K)->118K(320K) NonClass: 111K(192K)->111K(192K) Class: 7K(128K)->7K(128K)
[2026-06-17T10:01:55.178+0800][52.806s][info][gc             ] GC(2073) Pause Young (Allocation Failure) 40M->34M(57M) 1.857ms
[2026-06-17T10:01:55.179+0800][52.806s][info][gc,cpu         ] GC(2073) User=0.00s Sys=0.00s Real=0.00s
[2026-06-17T10:01:55.210+0800][52.838s][info][gc,start       ] GC(2074) Pause Young (Allocation Failure)
[2026-06-17T10:01:55.211+0800][52.839s][info][gc,heap        ] GC(2074) PSYoungGen: 8839K(14336K)->254K(14336K) Eden: 7118K(7168K)->0K(7168K) From: 1721K(7168K)->254K(7168K)
[2026-06-17T10:01:55.211+0800][52.839s][info][gc,heap        ] GC(2074) ParOldGen: 33215K(44032K)->34912K(44032K)
[2026-06-17T10:01:55.212+0800][52.839s][info][gc,metaspace   ] GC(2074) Metaspace: 118K(320K)->118K(320K) NonClass: 111K(192K)->111K(192K) Class: 7K(128K)->7K(128K)
[2026-06-17T10:01:55.212+0800][52.840s][info][gc             ] GC(2074) Pause Young (Allocation Failure) 41M->34M(57M) 1.789ms
[2026-06-17T10:01:55.212+0800][52.840s][info][gc,cpu         ] GC(2074) User=0.01s Sys=0.00s Real=0.01s
[2026-06-17T10:01:55.223+0800][52.851s][info][gc,start       ] GC(2075) Pause Young (Allocation Failure)
[2026-06-17T10:01:55.224+0800][52.852s][info][gc,heap        ] GC(2075) PSYoungGen: 7392K(14336K)->3661K(14336K) Eden: 7138K(7168K)->0K(7168K) From: 254K(7168K)->3661K(7168K)
[2026-06-17T10:01:55.224+0800][52.852s][info][gc,heap        ] GC(2075) ParOldGen: 34912K(44032K)->35134K(44032K)
[2026-06-17T10:01:55.224+0800][52.852s][info][gc,metaspace   ] GC(2075) Metaspace: 118K(320K)->118K(320K) NonClass: 111K(192K)->111K(192K) Class: 7K(128K)->7K(128K)
[2026-06-17T10:01:55.225+0800][52.852s][info][gc             ] GC(2075) Pause Young (Allocation Failure) 41M->37M(57M) 1.629ms
[2026-06-17T10:01:55.225+0800][52.853s][info][gc,cpu         ] GC(2075) User=0.00s Sys=0.00s Real=0.00s
[2026-06-17T10:01:55.246+0800][52.874s][info][gc,start       ] GC(2076) Pause Young (Allocation Failure)
[2026-06-17T10:01:55.250+0800][52.877s][info][gc,heap        ] GC(2076) PSYoungGen: 10784K(14336K)->1629K(14336K) Eden: 7122K(7168K)->0K(7168K) From: 3661K(7168K)->1629K(7168K)
[2026-06-17T10:01:55.251+0800][52.879s][info][gc,heap        ] GC(2076) ParOldGen: 35134K(44032K)->37386K(44032K)
[2026-06-17T10:01:55.257+0800][52.884s][info][gc,metaspace   ] GC(2076) Metaspace: 118K(320K)->118K(320K) NonClass: 111K(192K)->111K(192K) Class: 7K(128K)->7K(128K)
[2026-06-17T10:01:55.257+0800][52.885s][info][gc             ] GC(2076) Pause Young (Allocation Failure) 44M->38M(57M) 10.896ms
[2026-06-17T10:01:55.257+0800][52.885s][info][gc,cpu         ] GC(2076) User=0.00s Sys=0.00s Real=0.01s
[2026-06-17T10:01:55.268+0800][52.896s][info][gc,start       ] GC(2077) Pause Young (Allocation Failure)
[2026-06-17T10:01:55.270+0800][52.897s][info][gc,heap        ] GC(2077) PSYoungGen: 8784K(14336K)->5457K(14336K) Eden: 7154K(7168K)->0K(7168K) From: 1629K(7168K)->5457K(7168K)
[2026-06-17T10:01:55.270+0800][52.898s][info][gc,heap        ] GC(2077) ParOldGen: 37386K(44032K)->37386K(44032K)
[2026-06-17T10:01:55.270+0800][52.898s][info][gc,metaspace   ] GC(2077) Metaspace: 118K(320K)->118K(320K) NonClass: 111K(192K)->111K(192K) Class: 7K(128K)->7K(128K)
[2026-06-17T10:01:55.270+0800][52.898s][info][gc             ] GC(2077) Pause Young (Allocation Failure) 45M->41M(57M) 2.159ms
[2026-06-17T10:01:55.301+0800][52.929s][info][gc,cpu         ] GC(2077) User=0.00s Sys=0.00s Real=0.03s
[2026-06-17T10:01:55.328+0800][52.956s][info][gc,start       ] GC(2078) Pause Young (Allocation Failure)
[2026-06-17T10:01:55.331+0800][52.958s][info][gc,heap        ] GC(2078) PSYoungGen: 12624K(14336K)->3374K(14336K) Eden: 7166K(7168K)->0K(7168K) From: 5457K(7168K)->3374K(7168K)
[2026-06-17T10:01:55.331+0800][52.959s][info][gc,heap        ] GC(2078) ParOldGen: 37386K(44032K)->39345K(44032K)
[2026-06-17T10:01:55.331+0800][52.959s][info][gc,metaspace   ] GC(2078) Metaspace: 118K(320K)->118K(320K) NonClass: 111K(192K)->111K(192K) Class: 7K(128K)->7K(128K)
[2026-06-17T10:01:55.332+0800][52.960s][info][gc             ] GC(2078) Pause Young (Allocation Failure) 48M->41M(57M) 4.336ms
[2026-06-17T10:01:55.333+0800][52.960s][info][gc,cpu         ] GC(2078) User=0.00s Sys=0.00s Real=0.01s
[2026-06-17T10:01:55.354+0800][52.982s][info][gc,start       ] GC(2079) Pause Young (Allocation Failure)
[2026-06-17T10:01:55.355+0800][52.983s][info][gc,heap        ] GC(2079) PSYoungGen: 10537K(14336K)->3353K(14336K) Eden: 7163K(7168K)->0K(7168K) From: 3374K(7168K)->3353K(7168K)
[2026-06-17T10:01:55.358+0800][52.985s][info][gc,heap        ] GC(2079) ParOldGen: 39345K(44032K)->39345K(44032K)
[2026-06-17T10:01:55.360+0800][52.987s][info][gc,metaspace   ] GC(2079) Metaspace: 118K(320K)->118K(320K) NonClass: 111K(192K)->111K(192K) Class: 7K(128K)->7K(128K)
[2026-06-17T10:01:55.360+0800][52.988s][info][gc             ] GC(2079) Pause Young (Allocation Failure) 48M->41M(57M) 6.232ms
[2026-06-17T10:01:55.360+0800][52.988s][info][gc,cpu         ] GC(2079) User=0.00s Sys=0.00s Real=0.00s
[2026-06-17T10:01:55.372+0800][53.000s][info][gc,start       ] GC(2080) Pause Young (Allocation Failure)
[2026-06-17T10:01:55.373+0800][53.001s][info][gc,heap        ] GC(2080) PSYoungGen: 10449K(14336K)->3763K(14336K) Eden: 7096K(7168K)->0K(7168K) From: 3353K(7168K)->3763K(7168K)
[2026-06-17T10:01:55.374+0800][53.001s][info][gc,heap        ] GC(2080) ParOldGen: 39345K(44032K)->39345K(44032K)
[2026-06-17T10:01:55.374+0800][53.002s][info][gc,metaspace   ] GC(2080) Metaspace: 118K(320K)->118K(320K) NonClass: 111K(192K)->111K(192K) Class: 7K(128K)->7K(128K)
[2026-06-17T10:01:55.374+0800][53.002s][info][gc             ] GC(2080) Pause Young (Allocation Failure) 48M->42M(57M) 1.544ms
[2026-06-17T10:01:55.374+0800][53.002s][info][gc,cpu         ] GC(2080) User=0.00s Sys=0.00s Real=0.00s
[2026-06-17T10:01:55.395+0800][53.023s][info][gc,start       ] GC(2081) Pause Young (Allocation Failure)
[2026-06-17T10:01:55.397+0800][53.025s][info][gc,heap        ] GC(2081) PSYoungGen: 10928K(14336K)->6966K(14336K) Eden: 7164K(7168K)->0K(7168K) From: 3763K(7168K)->6966K(7168K)
[2026-06-17T10:01:55.397+0800][53.025s][info][gc,heap        ] GC(2081) ParOldGen: 39345K(44032K)->39922K(44032K)
[2026-06-17T10:01:55.398+0800][53.025s][info][gc,metaspace   ] GC(2081) Metaspace: 118K(320K)->118K(320K) NonClass: 111K(192K)->111K(192K) Class: 7K(128K)->7K(128K)
[2026-06-17T10:01:55.398+0800][53.026s][info][gc             ] GC(2081) Pause Young (Allocation Failure) 49M->45M(57M) 2.722ms
[2026-06-17T10:01:55.398+0800][53.026s][info][gc,cpu         ] GC(2081) User=0.01s Sys=0.00s Real=0.00s
[2026-06-17T10:01:55.420+0800][53.047s][info][gc,start       ] GC(2082) Pause Young (Allocation Failure)
[2026-06-17T10:01:55.421+0800][53.048s][info][gc,heap        ] GC(2082) PSYoungGen: 14115K(14336K)->3968K(14336K) Eden: 7149K(7168K)->0K(7168K) From: 6966K(7168K)->3968K(7168K)
[2026-06-17T10:01:55.421+0800][53.049s][info][gc,heap        ] GC(2082) ParOldGen: 39922K(44032K)->43084K(44032K)
[2026-06-17T10:01:55.421+0800][53.049s][info][gc,metaspace   ] GC(2082) Metaspace: 118K(320K)->118K(320K) NonClass: 111K(192K)->111K(192K) Class: 7K(128K)->7K(128K)
[2026-06-17T10:01:55.421+0800][53.049s][info][gc             ] GC(2082) Pause Young (Allocation Failure) 52M->45M(57M) 1.572ms
[2026-06-17T10:01:55.422+0800][53.049s][info][gc,cpu         ] GC(2082) User=0.00s Sys=0.00s Real=0.00s
[2026-06-17T10:01:55.443+0800][53.070s][info][gc,start       ] GC(2083) Pause Full (Ergonomics)
[2026-06-17T10:01:55.443+0800][53.071s][info][gc,phases,start] GC(2083) Marking Phase
[2026-06-17T10:01:55.444+0800][53.072s][info][gc,phases      ] GC(2083) Marking Phase 1.272ms
[2026-06-17T10:01:55.445+0800][53.072s][info][gc,phases,start] GC(2083) Summary Phase
[2026-06-17T10:01:55.445+0800][53.073s][info][gc,phases      ] GC(2083) Summary Phase 0.137ms
[2026-06-17T10:01:55.445+0800][53.073s][info][gc,phases,start] GC(2083) Adjust Roots
[2026-06-17T10:01:55.445+0800][53.073s][info][gc,phases      ] GC(2083) Adjust Roots 0.265ms
[2026-06-17T10:01:55.445+0800][53.073s][info][gc,phases,start] GC(2083) Compaction Phase
[2026-06-17T10:01:55.447+0800][53.075s][info][gc,phases      ] GC(2083) Compaction Phase 1.563ms
[2026-06-17T10:01:55.447+0800][53.075s][info][gc,phases,start] GC(2083) Post Compact
[2026-06-17T10:01:55.447+0800][53.075s][info][gc,phases      ] GC(2083) Post Compact 0.365ms
[2026-06-17T10:01:55.448+0800][53.075s][info][gc,heap        ] GC(2083) PSYoungGen: 11101K(14336K)->0K(14336K) Eden: 7133K(7168K)->0K(7168K) From: 3968K(7168K)->0K(7168K)
[2026-06-17T10:01:55.448+0800][53.076s][info][gc,heap        ] GC(2083) ParOldGen: 43084K(44032K)->24468K(44032K)
[2026-06-17T10:01:55.448+0800][53.076s][info][gc,metaspace   ] GC(2083) Metaspace: 118K(320K)->118K(320K) NonClass: 111K(192K)->111K(192K) Class: 7K(128K)->7K(128K)
[2026-06-17T10:01:55.448+0800][53.076s][info][gc             ] GC(2083) Pause Full (Ergonomics) 52M->23M(57M) 5.636ms
[2026-06-17T10:01:55.448+0800][53.076s][info][gc,cpu         ] GC(2083) User=0.00s Sys=0.00s Real=0.00s
[2026-06-17T10:01:55.459+0800][53.087s][info][gc,start       ] GC(2084) Pause Young (Allocation Failure)
[2026-06-17T10:01:55.460+0800][53.088s][info][gc,heap        ] GC(2084) PSYoungGen: 7149K(14336K)->7023K(14336K) Eden: 7149K(7168K)->0K(7168K) From: 0K(7168K)->7023K(7168K)
[2026-06-17T10:01:55.461+0800][53.088s][info][gc,heap        ] GC(2084) ParOldGen: 24468K(44032K)->24648K(44032K)
[2026-06-17T10:01:55.461+0800][53.088s][info][gc,metaspace   ] GC(2084) Metaspace: 118K(320K)->118K(320K) NonClass: 111K(192K)->111K(192K) Class: 7K(128K)->7K(128K)
[2026-06-17T10:01:55.461+0800][53.089s][info][gc             ] GC(2084) Pause Young (Allocation Failure) 30M->30M(57M) 1.734ms
[2026-06-17T10:01:55.461+0800][53.089s][info][gc,cpu         ] GC(2084) User=0.01s Sys=0.00s Real=0.00s
[2026-06-17T10:01:55.482+0800][53.110s][info][gc,start       ] GC(2085) Pause Young (Allocation Failure)
[2026-06-17T10:01:55.484+0800][53.111s][info][gc,heap        ] GC(2085) PSYoungGen: 14188K(14336K)->2725K(14336K) Eden: 7164K(7168K)->0K(7168K) From: 7023K(7168K)->2725K(7168K)
[2026-06-17T10:01:55.484+0800][53.112s][info][gc,heap        ] GC(2085) ParOldGen: 24648K(44032K)->29150K(44032K)
[2026-06-17T10:01:55.485+0800][53.112s][info][gc,metaspace   ] GC(2085) Metaspace: 118K(320K)->118K(320K) NonClass: 111K(192K)->111K(192K) Class: 7K(128K)->7K(128K)
[2026-06-17T10:01:55.485+0800][53.113s][info][gc             ] GC(2085) Pause Young (Allocation Failure) 37M->31M(57M) 2.843ms
[2026-06-17T10:01:55.486+0800][53.113s][info][gc,cpu         ] GC(2085) User=0.00s Sys=0.00s Real=0.01s
[2026-06-17T10:01:55.507+0800][53.135s][info][gc,start       ] GC(2086) Pause Young (Allocation Failure)
[2026-06-17T10:01:55.544+0800][53.172s][info][gc,heap        ] GC(2086) PSYoungGen: 9861K(14336K)->2905K(14336K) Eden: 7136K(7168K)->0K(7168K) From: 2725K(7168K)->2905K(7168K)
[2026-06-17T10:01:55.636+0800][53.264s][info][gc,heap        ] GC(2086) ParOldGen: 29150K(44032K)->29150K(44032K)
[2026-06-17T10:01:55.647+0800][53.275s][info][gc,metaspace   ] GC(2086) Metaspace: 118K(320K)->118K(320K) NonClass: 111K(192K)->111K(192K) Class: 7K(128K)->7K(128K)
[2026-06-17T10:01:55.648+0800][53.276s][info][gc             ] GC(2086) Pause Young (Allocation Failure) 38M->31M(57M) 140.878ms
[2026-06-17T10:01:55.892+0800][53.519s][info][gc,cpu         ] GC(2086) User=0.00s Sys=0.00s Real=0.39s
[2026-06-17T10:01:55.904+0800][53.531s][info][gc,start       ] GC(2087) Pause Young (Allocation Failure)
[2026-06-17T10:01:55.905+0800][53.533s][info][gc,heap        ] GC(2087) PSYoungGen: 10010K(14336K)->1237K(14336K) Eden: 7104K(7168K)->0K(7168K) From: 2905K(7168K)->1237K(7168K)
[2026-06-17T10:01:55.906+0800][53.534s][info][gc,heap        ] GC(2087) ParOldGen: 29150K(44032K)->30990K(44032K)
[2026-06-17T10:01:55.907+0800][53.534s][info][gc,metaspace   ] GC(2087) Metaspace: 118K(320K)->118K(320K) NonClass: 111K(192K)->111K(192K) Class: 7K(128K)->7K(128K)
[2026-06-17T10:01:55.962+0800][53.590s][info][gc             ] GC(2087) Pause Young (Allocation Failure) 38M->31M(57M) 58.016ms
[2026-06-17T10:01:55.968+0800][53.595s][info][gc,cpu         ] GC(2087) User=0.00s Sys=0.00s Real=0.06s
[2026-06-17T10:01:55.989+0800][53.617s][info][gc,start       ] GC(2088) Pause Young (Allocation Failure)
[2026-06-17T10:01:55.990+0800][53.618s][info][gc,heap        ] GC(2088) PSYoungGen: 8398K(14336K)->3952K(14336K) Eden: 7161K(7168K)->0K(7168K) From: 1237K(7168K)->3952K(7168K)
[2026-06-17T10:01:55.990+0800][53.618s][info][gc,heap        ] GC(2088) ParOldGen: 30990K(44032K)->32203K(44032K)
[2026-06-17T10:01:55.991+0800][53.618s][info][gc,metaspace   ] GC(2088) Metaspace: 118K(320K)->118K(320K) NonClass: 111K(192K)->111K(192K) Class: 7K(128K)->7K(128K)
[2026-06-17T10:01:55.991+0800][53.619s][info][gc             ] GC(2088) Pause Young (Allocation Failure) 38M->35M(57M) 1.840ms
[2026-06-17T10:01:55.991+0800][53.619s][info][gc,cpu         ] GC(2088) User=0.00s Sys=0.00s Real=0.01s
[2026-06-17T10:01:56.013+0800][53.640s][info][gc,start       ] GC(2089) Pause Young (Allocation Failure)
[2026-06-17T10:01:56.015+0800][53.643s][info][gc,heap        ] GC(2089) PSYoungGen: 11076K(14336K)->3313K(14336K) Eden: 7124K(7168K)->0K(7168K) From: 3952K(7168K)->3313K(7168K)
[2026-06-17T10:01:56.018+0800][53.645s][info][gc,heap        ] GC(2089) ParOldGen: 32203K(44032K)->33084K(44032K)
[2026-06-17T10:01:56.018+0800][53.646s][info][gc,metaspace   ] GC(2089) Metaspace: 118K(320K)->118K(320K) NonClass: 111K(192K)->111K(192K) Class: 7K(128K)->7K(128K)
[2026-06-17T10:01:56.018+0800][53.646s][info][gc             ] GC(2089) Pause Young (Allocation Failure) 42M->35M(57M) 5.524ms
[2026-06-17T10:01:56.025+0800][53.652s][info][gc,cpu         ] GC(2089) User=0.00s Sys=0.00s Real=0.01s
[2026-06-17T10:01:56.046+0800][53.674s][info][gc,start       ] GC(2090) Pause Young (Allocation Failure)
[2026-06-17T10:01:56.048+0800][53.676s][info][gc,heap        ] GC(2090) PSYoungGen: 10457K(14336K)->241K(14336K) Eden: 7144K(7168K)->0K(7168K) From: 3313K(7168K)->241K(7168K)
[2026-06-17T10:01:56.049+0800][53.677s][info][gc,heap        ] GC(2090) ParOldGen: 33084K(44032K)->36328K(44032K)
[2026-06-17T10:01:56.050+0800][53.678s][info][gc,metaspace   ] GC(2090) Metaspace: 118K(320K)->118K(320K) NonClass: 111K(192K)->111K(192K) Class: 7K(128K)->7K(128K)
[2026-06-17T10:01:56.051+0800][53.679s][info][gc             ] GC(2090) Pause Young (Allocation Failure) 42M->35M(57M) 5.189ms
[2026-06-17T10:01:56.055+0800][53.683s][info][gc,cpu         ] GC(2090) User=0.00s Sys=0.00s Real=0.01s
[2026-06-17T10:01:56.066+0800][53.694s][info][gc,start       ] GC(2091) Pause Young (Allocation Failure)
[2026-06-17T10:01:56.077+0800][53.704s][info][gc,heap        ] GC(2091) PSYoungGen: 7405K(14336K)->4083K(14336K) Eden: 7163K(7168K)->0K(7168K) From: 241K(7168K)->4083K(7168K)
[2026-06-17T10:01:56.079+0800][53.707s][info][gc,heap        ] GC(2091) ParOldGen: 36328K(44032K)->36328K(44032K)
[2026-06-17T10:01:56.079+0800][53.707s][info][gc,metaspace   ] GC(2091) Metaspace: 118K(320K)->118K(320K) NonClass: 111K(192K)->111K(192K) Class: 7K(128K)->7K(128K)
[2026-06-17T10:01:56.079+0800][53.707s][info][gc             ] GC(2091) Pause Young (Allocation Failure) 42M->39M(57M) 13.037ms
[2026-06-17T10:01:56.079+0800][53.707s][info][gc,cpu         ] GC(2091) User=0.00s Sys=0.00s Real=0.01s
[2026-06-17T10:01:56.100+0800][53.728s][info][gc,start       ] GC(2092) Pause Young (Allocation Failure)
[2026-06-17T10:01:56.101+0800][53.729s][info][gc,heap        ] GC(2092) PSYoungGen: 11236K(14336K)->2134K(14336K) Eden: 7152K(7168K)->0K(7168K) From: 4083K(7168K)->2134K(7168K)
[2026-06-17T10:01:56.102+0800][53.729s][info][gc,heap        ] GC(2092) ParOldGen: 36328K(44032K)->38313K(44032K)
[2026-06-17T10:01:56.102+0800][53.730s][info][gc,metaspace   ] GC(2092) Metaspace: 118K(320K)->118K(320K) NonClass: 111K(192K)->111K(192K) Class: 7K(128K)->7K(128K)
[2026-06-17T10:01:56.102+0800][53.730s][info][gc             ] GC(2092) Pause Young (Allocation Failure) 46M->39M(57M) 1.773ms
[2026-06-17T10:01:56.103+0800][53.730s][info][gc,cpu         ] GC(2092) User=0.00s Sys=0.00s Real=0.01s
[2026-06-17T10:01:56.114+0800][53.742s][info][gc,start       ] GC(2093) Pause Young (Allocation Failure)
[2026-06-17T10:01:56.117+0800][53.745s][info][gc,heap        ] GC(2093) PSYoungGen: 9275K(14336K)->5617K(14336K) Eden: 7140K(7168K)->0K(7168K) From: 2134K(7168K)->5617K(7168K)
[2026-06-17T10:01:56.129+0800][53.757s][info][gc,heap        ] GC(2093) ParOldGen: 38313K(44032K)->38313K(44032K)
[2026-06-17T10:01:56.129+0800][53.757s][info][gc,metaspace   ] GC(2093) Metaspace: 118K(320K)->118K(320K) NonClass: 111K(192K)->111K(192K) Class: 7K(128K)->7K(128K)
[2026-06-17T10:01:56.129+0800][53.757s][info][gc             ] GC(2093) Pause Young (Allocation Failure) 46M->42M(57M) 15.645ms
[2026-06-17T10:01:56.130+0800][53.757s][info][gc,cpu         ] GC(2093) User=0.00s Sys=0.00s Real=0.01s
[2026-06-17T10:01:56.151+0800][53.779s][info][gc,start       ] GC(2094) Pause Young (Allocation Failure)
[2026-06-17T10:01:56.153+0800][53.781s][info][gc,heap        ] GC(2094) PSYoungGen: 12762K(14336K)->3279K(14336K) Eden: 7145K(7168K)->0K(7168K) From: 5617K(7168K)->3279K(7168K)
[2026-06-17T10:01:56.154+0800][53.782s][info][gc,heap        ] GC(2094) ParOldGen: 38313K(44032K)->40741K(44032K)
[2026-06-17T10:01:56.155+0800][53.783s][info][gc,metaspace   ] GC(2094) Metaspace: 118K(320K)->118K(320K) NonClass: 111K(192K)->111K(192K) Class: 7K(128K)->7K(128K)
[2026-06-17T10:01:56.158+0800][53.785s][info][gc             ] GC(2094) Pause Young (Allocation Failure) 49M->42M(57M) 6.415ms
[2026-06-17T10:01:56.168+0800][53.796s][info][gc,cpu         ] GC(2094) User=0.00s Sys=0.00s Real=0.01s
[2026-06-17T10:01:56.193+0800][53.820s][info][gc,start       ] GC(2095) Pause Full (Ergonomics)
[2026-06-17T10:01:56.204+0800][53.831s][info][gc,phases,start] GC(2095) Marking Phase
[2026-06-17T10:01:56.224+0800][53.852s][info][gc,phases      ] GC(2095) Marking Phase 20.592ms
[2026-06-17T10:01:56.229+0800][53.857s][info][gc,phases,start] GC(2095) Summary Phase
[2026-06-17T10:01:56.230+0800][53.857s][info][gc,phases      ] GC(2095) Summary Phase 0.756ms
[2026-06-17T10:01:56.242+0800][53.869s][info][gc,phases,start] GC(2095) Adjust Roots
[2026-06-17T10:01:56.255+0800][53.883s][info][gc,phases      ] GC(2095) Adjust Roots 13.267ms
[2026-06-17T10:01:56.268+0800][53.896s][info][gc,phases,start] GC(2095) Compaction Phase
[2026-06-17T10:01:56.272+0800][53.900s][info][gc,phases      ] GC(2095) Compaction Phase 4.095ms
[2026-06-17T10:01:56.273+0800][53.901s][info][gc,phases,start] GC(2095) Post Compact
[2026-06-17T10:01:56.279+0800][53.906s][info][gc,phases      ] GC(2095) Post Compact 5.335ms
[2026-06-17T10:01:56.279+0800][53.907s][info][gc,heap        ] GC(2095) PSYoungGen: 10441K(14336K)->0K(14336K) Eden: 7162K(7168K)->0K(7168K) From: 3279K(7168K)->0K(7168K)
[2026-06-17T10:01:56.281+0800][53.909s][info][gc,heap        ] GC(2095) ParOldGen: 40741K(44032K)->30861K(44032K)
[2026-06-17T10:01:56.283+0800][53.911s][info][gc,metaspace   ] GC(2095) Metaspace: 118K(320K)->118K(320K) NonClass: 111K(192K)->111K(192K) Class: 7K(128K)->7K(128K)
[2026-06-17T10:01:56.284+0800][53.911s][info][gc             ] GC(2095) Pause Full (Ergonomics) 49M->30M(57M) 90.857ms
[2026-06-17T10:01:56.284+0800][53.912s][info][gc,cpu         ] GC(2095) User=0.01s Sys=0.01s Real=0.09s
[2026-06-17T10:01:56.295+0800][53.923s][info][gc,start       ] GC(2096) Pause Young (Allocation Failure)
[2026-06-17T10:01:56.303+0800][53.931s][info][gc,heap        ] GC(2096) PSYoungGen: 7142K(14336K)->3840K(14336K) Eden: 7142K(7168K)->0K(7168K) From: 0K(7168K)->3840K(7168K)
[2026-06-17T10:01:56.304+0800][53.931s][info][gc,heap        ] GC(2096) ParOldGen: 30861K(44032K)->30861K(44032K)
[2026-06-17T10:01:56.304+0800][53.932s][info][gc,metaspace   ] GC(2096) Metaspace: 118K(320K)->118K(320K) NonClass: 111K(192K)->111K(192K) Class: 7K(128K)->7K(128K)
[2026-06-17T10:01:56.304+0800][53.932s][info][gc             ] GC(2096) Pause Young (Allocation Failure) 37M->33M(57M) 9.325ms
[2026-06-17T10:01:56.308+0800][53.936s][info][gc,cpu         ] GC(2096) User=0.00s Sys=0.00s Real=0.01s
[2026-06-17T10:01:56.347+0800][53.974s][info][gc,start       ] GC(2097) Pause Young (Allocation Failure)
[2026-06-17T10:01:56.354+0800][53.981s][info][gc,heap        ] GC(2097) PSYoungGen: 10996K(14336K)->4378K(14336K) Eden: 7155K(7168K)->0K(7168K) From: 3840K(7168K)->4378K(7168K)
[2026-06-17T10:01:56.357+0800][53.984s][info][gc,heap        ] GC(2097) ParOldGen: 30861K(44032K)->30861K(44032K)
[2026-06-17T10:01:56.359+0800][53.986s][info][gc,metaspace   ] GC(2097) Metaspace: 118K(320K)->118K(320K) NonClass: 111K(192K)->111K(192K) Class: 7K(128K)->7K(128K)
[2026-06-17T10:01:56.359+0800][53.987s][info][gc             ] GC(2097) Pause Young (Allocation Failure) 40M->34M(57M) 12.047ms
[2026-06-17T10:01:56.365+0800][53.993s][info][gc,cpu         ] GC(2097) User=0.00s Sys=0.00s Real=0.02s
[2026-06-17T10:01:56.382+0800][54.009s][info][gc,start       ] GC(2098) Pause Young (Allocation Failure)
[2026-06-17T10:01:56.391+0800][54.019s][info][gc,heap        ] GC(2098) PSYoungGen: 11538K(14336K)->7159K(14336K) Eden: 7160K(7168K)->0K(7168K) From: 4378K(7168K)->7159K(7168K)
[2026-06-17T10:01:56.406+0800][54.033s][info][gc,heap        ] GC(2098) ParOldGen: 30861K(44032K)->31978K(44032K)
[2026-06-17T10:01:56.406+0800][54.034s][info][gc,metaspace   ] GC(2098) Metaspace: 118K(320K)->118K(320K) NonClass: 111K(192K)->111K(192K) Class: 7K(128K)->7K(128K)
[2026-06-17T10:01:56.407+0800][54.034s][info][gc             ] GC(2098) Pause Young (Allocation Failure) 41M->38M(57M) 25.130ms
[2026-06-17T10:01:56.407+0800][54.035s][info][gc,cpu         ] GC(2098) User=0.00s Sys=0.00s Real=0.03s
[2026-06-17T10:01:56.428+0800][54.056s][info][gc,start       ] GC(2099) Pause Young (Allocation Failure)
[2026-06-17T10:01:56.437+0800][54.065s][info][gc,heap        ] GC(2099) PSYoungGen: 14326K(14336K)->3443K(14336K) Eden: 7166K(7168K)->0K(7168K) From: 7159K(7168K)->3443K(7168K)
[2026-06-17T10:01:56.441+0800][54.069s][info][gc,heap        ] GC(2099) ParOldGen: 31978K(44032K)->35580K(44032K)
[2026-06-17T10:01:56.442+0800][54.070s][info][gc,metaspace   ] GC(2099) Metaspace: 118K(320K)->118K(320K) NonClass: 111K(192K)->111K(192K) Class: 7K(128K)->7K(128K)
[2026-06-17T10:01:56.442+0800][54.070s][info][gc             ] GC(2099) Pause Young (Allocation Failure) 45M->38M(57M) 13.861ms
[2026-06-17T10:01:56.443+0800][54.070s][info][gc,cpu         ] GC(2099) User=0.00s Sys=0.00s Real=0.02s
[2026-06-17T10:01:56.457+0800][54.085s][info][gc,start       ] GC(2100) Pause Young (Allocation Failure)
[2026-06-17T10:01:56.464+0800][54.092s][info][gc,heap        ] GC(2100) PSYoungGen: 10597K(14336K)->4925K(14336K) Eden: 7154K(7168K)->0K(7168K) From: 3443K(7168K)->4925K(7168K)
[2026-06-17T10:01:56.468+0800][54.095s][info][gc,heap        ] GC(2100) ParOldGen: 35580K(44032K)->37879K(44032K)
[2026-06-17T10:01:56.471+0800][54.098s][info][gc,metaspace   ] GC(2100) Metaspace: 118K(320K)->118K(320K) NonClass: 111K(192K)->111K(192K) Class: 7K(128K)->7K(128K)
[2026-06-17T10:01:56.473+0800][54.100s][info][gc             ] GC(2100) Pause Young (Allocation Failure) 45M->41M(57M) 15.662ms
[2026-06-17T10:01:56.475+0800][54.102s][info][gc,cpu         ] GC(2100) User=0.00s Sys=0.00s Real=0.02s
[2026-06-17T10:01:56.497+0800][54.125s][info][gc,start       ] GC(2101) Pause Young (Allocation Failure)
[2026-06-17T10:01:56.506+0800][54.134s][info][gc,heap        ] GC(2101) PSYoungGen: 11825K(14336K)->32K(14336K) Eden: 6900K(7168K)->0K(7168K) From: 4925K(7168K)->32K(7168K)
[2026-06-17T10:01:56.517+0800][54.145s][info][gc,heap        ] GC(2101) ParOldGen: 37879K(44032K)->39858K(44032K)
[2026-06-17T10:01:56.518+0800][54.145s][info][gc,metaspace   ] GC(2101) Metaspace: 118K(320K)->118K(320K) NonClass: 111K(192K)->111K(192K) Class: 7K(128K)->7K(128K)
[2026-06-17T10:01:56.530+0800][54.158s][info][gc             ] GC(2101) Pause Young (Allocation Failure) 48M->38M(57M) 33.221ms
[2026-06-17T10:01:56.543+0800][54.171s][info][gc,cpu         ] GC(2101) User=0.01s Sys=0.00s Real=0.05s
[2026-06-17T10:01:56.565+0800][54.193s][info][gc,start       ] GC(2102) Pause Full (Ergonomics)
[2026-06-17T10:01:56.568+0800][54.195s][info][gc,phases,start] GC(2102) Marking Phase
[2026-06-17T10:01:56.569+0800][54.197s][info][gc,phases      ] GC(2102) Marking Phase 1.325ms
[2026-06-17T10:01:56.571+0800][54.198s][info][gc,phases,start] GC(2102) Summary Phase
[2026-06-17T10:01:56.584+0800][54.211s][info][gc,phases      ] GC(2102) Summary Phase 12.738ms
[2026-06-17T10:01:56.593+0800][54.221s][info][gc,phases,start] GC(2102) Adjust Roots
[2026-06-17T10:01:56.610+0800][54.237s][info][gc,phases      ] GC(2102) Adjust Roots 16.537ms
[2026-06-17T10:01:56.617+0800][54.245s][info][gc,phases,start] GC(2102) Compaction Phase
[2026-06-17T10:01:56.619+0800][54.247s][info][gc,phases      ] GC(2102) Compaction Phase 2.253ms
[2026-06-17T10:01:56.623+0800][54.251s][info][gc,phases,start] GC(2102) Post Compact
[2026-06-17T10:01:56.627+0800][54.255s][info][gc,phases      ] GC(2102) Post Compact 3.855ms
[2026-06-17T10:01:56.629+0800][54.257s][info][gc,heap        ] GC(2102) PSYoungGen: 7200K(14336K)->0K(14336K) Eden: 7168K(7168K)->0K(7168K) From: 32K(7168K)->0K(7168K)
[2026-06-17T10:01:56.630+0800][54.257s][info][gc,heap        ] GC(2102) ParOldGen: 39858K(44032K)->29683K(44032K)
[2026-06-17T10:01:56.632+0800][54.259s][info][gc,metaspace   ] GC(2102) Metaspace: 118K(320K)->118K(320K) NonClass: 111K(192K)->111K(192K) Class: 7K(128K)->7K(128K)
[2026-06-17T10:01:56.634+0800][54.262s][info][gc             ] GC(2102) Pause Full (Ergonomics) 45M->28M(57M) 68.724ms
[2026-06-17T10:01:56.635+0800][54.263s][info][gc,cpu         ] GC(2102) User=0.00s Sys=0.00s Real=0.07s
[2026-06-17T10:01:56.648+0800][54.276s][info][gc,start       ] GC(2103) Pause Young (Allocation Failure)
[2026-06-17T10:01:56.650+0800][54.277s][info][gc,heap        ] GC(2103) PSYoungGen: 6862K(14336K)->3551K(14336K) Eden: 6862K(7168K)->0K(7168K) From: 0K(7168K)->3551K(7168K)
[2026-06-17T10:01:56.650+0800][54.278s][info][gc,heap        ] GC(2103) ParOldGen: 29683K(44032K)->29683K(44032K)
[2026-06-17T10:01:56.650+0800][54.278s][info][gc,metaspace   ] GC(2103) Metaspace: 118K(320K)->118K(320K) NonClass: 111K(192K)->111K(192K) Class: 7K(128K)->7K(128K)
[2026-06-17T10:01:56.651+0800][54.278s][info][gc             ] GC(2103) Pause Young (Allocation Failure) 35M->32M(57M) 2.391ms
[2026-06-17T10:01:56.651+0800][54.279s][info][gc,cpu         ] GC(2103) User=0.00s Sys=0.00s Real=0.01s
[2026-06-17T10:01:56.672+0800][54.300s][info][gc,start       ] GC(2104) Pause Young (Allocation Failure)
[2026-06-17T10:01:56.674+0800][54.301s][info][gc,heap        ] GC(2104) PSYoungGen: 10689K(14336K)->3646K(14336K) Eden: 7137K(7168K)->0K(7168K) From: 3551K(7168K)->3646K(7168K)
[2026-06-17T10:01:56.674+0800][54.302s][info][gc,heap        ] GC(2104) ParOldGen: 29683K(44032K)->33192K(44032K)
[2026-06-17T10:01:56.674+0800][54.302s][info][gc,metaspace   ] GC(2104) Metaspace: 118K(320K)->118K(320K) NonClass: 111K(192K)->111K(192K) Class: 7K(128K)->7K(128K)
[2026-06-17T10:01:56.675+0800][54.302s][info][gc             ] GC(2104) Pause Young (Allocation Failure) 39M->35M(57M) 2.288ms
[2026-06-17T10:01:56.675+0800][54.303s][info][gc,cpu         ] GC(2104) User=0.01s Sys=0.00s Real=0.00s
[2026-06-17T10:01:56.696+0800][54.324s][info][gc,start       ] GC(2105) Pause Young (Allocation Failure)
[2026-06-17T10:01:56.697+0800][54.325s][info][gc,heap        ] GC(2105) PSYoungGen: 10764K(14336K)->3758K(14336K) Eden: 7117K(7168K)->0K(7168K) From: 3646K(7168K)->3758K(7168K)
[2026-06-17T10:01:56.698+0800][54.325s][info][gc,heap        ] GC(2105) ParOldGen: 33192K(44032K)->33192K(44032K)
[2026-06-17T10:01:56.698+0800][54.326s][info][gc,metaspace   ] GC(2105) Metaspace: 118K(320K)->118K(320K) NonClass: 111K(192K)->111K(192K) Class: 7K(128K)->7K(128K)
[2026-06-17T10:01:56.698+0800][54.326s][info][gc             ] GC(2105) Pause Young (Allocation Failure) 42M->36M(57M) 2.275ms
[2026-06-17T10:01:56.699+0800][54.327s][info][gc,cpu         ] GC(2105) User=0.00s Sys=0.00s Real=0.00s
[2026-06-17T10:01:56.720+0800][54.348s][info][gc,start       ] GC(2106) Pause Young (Allocation Failure)
[2026-06-17T10:01:56.722+0800][54.349s][info][gc,heap        ] GC(2106) PSYoungGen: 10920K(14336K)->3755K(14336K) Eden: 7162K(7168K)->0K(7168K) From: 3758K(7168K)->3755K(7168K)
[2026-06-17T10:01:56.722+0800][54.350s][info][gc,heap        ] GC(2106) ParOldGen: 33192K(44032K)->33192K(44032K)
[2026-06-17T10:01:56.723+0800][54.350s][info][gc,metaspace   ] GC(2106) Metaspace: 118K(320K)->118K(320K) NonClass: 111K(192K)->111K(192K) Class: 7K(128K)->7K(128K)
[2026-06-17T10:01:56.723+0800][54.351s][info][gc             ] GC(2106) Pause Young (Allocation Failure) 43M->36M(57M) 2.950ms
[2026-06-17T10:01:56.724+0800][54.352s][info][gc,cpu         ] GC(2106) User=0.00s Sys=0.00s Real=0.01s
[2026-06-17T10:01:56.735+0800][54.363s][info][gc,start       ] GC(2107) Pause Young (Allocation Failure)
[2026-06-17T10:01:56.737+0800][54.364s][info][gc,heap        ] GC(2107) PSYoungGen: 10921K(14336K)->6455K(13824K) Eden: 7166K(7168K)->0K(7168K) From: 3755K(7168K)->6455K(6656K)
[2026-06-17T10:01:56.737+0800][54.365s][info][gc,heap        ] GC(2107) ParOldGen: 33192K(44032K)->34047K(44032K)
[2026-06-17T10:01:56.738+0800][54.365s][info][gc,metaspace   ] GC(2107) Metaspace: 118K(320K)->118K(320K) NonClass: 111K(192K)->111K(192K) Class: 7K(128K)->7K(128K)
[2026-06-17T10:01:56.738+0800][54.366s][info][gc             ] GC(2107) Pause Young (Allocation Failure) 43M->39M(56M) 2.496ms
[2026-06-17T10:01:56.738+0800][54.366s][info][gc,cpu         ] GC(2107) User=0.00s Sys=0.00s Real=0.00s
[2026-06-17T10:01:56.759+0800][54.387s][info][gc,start       ] GC(2108) Pause Young (Allocation Failure)
[2026-06-17T10:01:56.761+0800][54.389s][info][gc,heap        ] GC(2108) PSYoungGen: 13614K(13824K)->3677K(14336K) Eden: 7158K(7168K)->0K(7168K) From: 6455K(6656K)->3677K(7168K)
[2026-06-17T10:01:56.761+0800][54.389s][info][gc,heap        ] GC(2108) ParOldGen: 34047K(44032K)->37302K(44032K)
[2026-06-17T10:01:56.762+0800][54.389s][info][gc,metaspace   ] GC(2108) Metaspace: 118K(320K)->118K(320K) NonClass: 111K(192K)->111K(192K) Class: 7K(128K)->7K(128K)
[2026-06-17T10:01:56.762+0800][54.390s][info][gc             ] GC(2108) Pause Young (Allocation Failure) 46M->40M(57M) 2.497ms
[2026-06-17T10:01:56.762+0800][54.390s][info][gc,cpu         ] GC(2108) User=0.01s Sys=0.00s Real=0.00s
[2026-06-17T10:01:56.773+0800][54.401s][info][gc,start       ] GC(2109) Pause Young (Allocation Failure)
[2026-06-17T10:01:56.774+0800][54.402s][info][gc,heap        ] GC(2109) PSYoungGen: 10824K(14336K)->7016K(14336K) Eden: 7146K(7168K)->0K(7168K) From: 3677K(7168K)->7016K(7168K)
[2026-06-17T10:01:56.775+0800][54.402s][info][gc,heap        ] GC(2109) ParOldGen: 37302K(44032K)->37717K(44032K)
[2026-06-17T10:01:56.775+0800][54.403s][info][gc,metaspace   ] GC(2109) Metaspace: 118K(320K)->118K(320K) NonClass: 111K(192K)->111K(192K) Class: 7K(128K)->7K(128K)
[2026-06-17T10:01:56.775+0800][54.403s][info][gc             ] GC(2109) Pause Young (Allocation Failure) 46M->43M(57M) 1.932ms
[2026-06-17T10:01:56.775+0800][54.403s][info][gc,cpu         ] GC(2109) User=0.00s Sys=0.00s Real=0.00s
[2026-06-17T10:01:56.797+0800][54.424s][info][gc,start       ] GC(2110) Pause Young (Allocation Failure)
[2026-06-17T10:01:56.798+0800][54.426s][info][gc,heap        ] GC(2110) PSYoungGen: 14148K(14336K)->6450K(14336K) Eden: 7131K(7168K)->0K(7168K) From: 7016K(7168K)->6450K(7168K)
[2026-06-17T10:01:56.798+0800][54.426s][info][gc,heap        ] GC(2110) ParOldGen: 37717K(44032K)->38562K(44032K)
[2026-06-17T10:01:56.799+0800][54.427s][info][gc,metaspace   ] GC(2110) Metaspace: 118K(320K)->118K(320K) NonClass: 111K(192K)->111K(192K) Class: 7K(128K)->7K(128K)
[2026-06-17T10:01:56.799+0800][54.427s][info][gc             ] GC(2110) Pause Young (Allocation Failure) 50M->43M(57M) 2.502ms
[2026-06-17T10:01:56.799+0800][54.427s][info][gc,cpu         ] GC(2110) User=0.00s Sys=0.00s Real=0.00s
[2026-06-17T10:01:56.821+0800][54.448s][info][gc,start       ] GC(2111) Pause Young (Allocation Failure)
[2026-06-17T10:01:56.822+0800][54.450s][info][gc,heap        ] GC(2111) PSYoungGen: 13602K(14336K)->3072K(14336K) Eden: 7152K(7168K)->0K(7168K) From: 6450K(7168K)->3072K(7168K)
[2026-06-17T10:01:56.823+0800][54.451s][info][gc,heap        ] GC(2111) ParOldGen: 38562K(44032K)->42046K(44032K)
[2026-06-17T10:01:56.823+0800][54.451s][info][gc,metaspace   ] GC(2111) Metaspace: 118K(320K)->118K(320K) NonClass: 111K(192K)->111K(192K) Class: 7K(128K)->7K(128K)
[2026-06-17T10:01:56.824+0800][54.452s][info][gc             ] GC(2111) Pause Young (Allocation Failure) 50M->44M(57M) 3.364ms
[2026-06-17T10:01:56.824+0800][54.452s][info][gc,cpu         ] GC(2111) User=0.00s Sys=0.00s Real=0.01s
[2026-06-17T10:01:56.835+0800][54.463s][info][gc,start       ] GC(2112) Pause Full (Ergonomics)
[2026-06-17T10:01:56.836+0800][54.463s][info][gc,phases,start] GC(2112) Marking Phase
[2026-06-17T10:01:56.837+0800][54.465s][info][gc,phases      ] GC(2112) Marking Phase 1.610ms
[2026-06-17T10:01:56.838+0800][54.465s][info][gc,phases,start] GC(2112) Summary Phase
[2026-06-17T10:01:56.838+0800][54.465s][info][gc,phases      ] GC(2112) Summary Phase 0.234ms
[2026-06-17T10:01:56.838+0800][54.466s][info][gc,phases,start] GC(2112) Adjust Roots
[2026-06-17T10:01:56.838+0800][54.466s][info][gc,phases      ] GC(2112) Adjust Roots 0.328ms
[2026-06-17T10:01:56.839+0800][54.466s][info][gc,phases,start] GC(2112) Compaction Phase
[2026-06-17T10:01:56.840+0800][54.468s][info][gc,phases      ] GC(2112) Compaction Phase 1.759ms
[2026-06-17T10:01:56.841+0800][54.468s][info][gc,phases,start] GC(2112) Post Compact
[2026-06-17T10:01:56.842+0800][54.470s][info][gc,phases      ] GC(2112) Post Compact 1.153ms
[2026-06-17T10:01:56.843+0800][54.471s][info][gc,heap        ] GC(2112) PSYoungGen: 10011K(14336K)->0K(14336K) Eden: 6939K(7168K)->0K(7168K) From: 3072K(7168K)->0K(7168K)
[2026-06-17T10:01:56.844+0800][54.471s][info][gc,heap        ] GC(2112) ParOldGen: 42046K(44032K)->30808K(44032K)
[2026-06-17T10:01:56.844+0800][54.472s][info][gc,metaspace   ] GC(2112) Metaspace: 118K(320K)->118K(320K) NonClass: 111K(192K)->111K(192K) Class: 7K(128K)->7K(128K)
[2026-06-17T10:01:56.844+0800][54.472s][info][gc             ] GC(2112) Pause Full (Ergonomics) 50M->30M(57M) 9.067ms
[2026-06-17T10:01:56.845+0800][54.472s][info][gc,cpu         ] GC(2112) User=0.01s Sys=0.00s Real=0.01s
[2026-06-17T10:01:56.866+0800][54.494s][info][gc,start       ] GC(2113) Pause Young (Allocation Failure)
[2026-06-17T10:01:56.868+0800][54.495s][info][gc,heap        ] GC(2113) PSYoungGen: 7161K(14336K)->3472K(14336K) Eden: 7161K(7168K)->0K(7168K) From: 0K(7168K)->3472K(7168K)
[2026-06-17T10:01:56.868+0800][54.496s][info][gc,heap        ] GC(2113) ParOldGen: 30808K(44032K)->30808K(44032K)
[2026-06-17T10:01:56.868+0800][54.496s][info][gc,metaspace   ] GC(2113) Metaspace: 118K(320K)->118K(320K) NonClass: 111K(192K)->111K(192K) Class: 7K(128K)->7K(128K)
[2026-06-17T10:01:56.869+0800][54.496s][info][gc             ] GC(2113) Pause Young (Allocation Failure) 37M->33M(57M) 2.049ms
[2026-06-17T10:01:56.869+0800][54.497s][info][gc,cpu         ] GC(2113) User=0.00s Sys=0.00s Real=0.00s
[2026-06-17T10:01:56.891+0800][54.519s][info][gc,start       ] GC(2114) Pause Young (Allocation Failure)
[2026-06-17T10:01:56.892+0800][54.520s][info][gc,heap        ] GC(2114) PSYoungGen: 10604K(14336K)->2642K(14336K) Eden: 7132K(7168K)->0K(7168K) From: 3472K(7168K)->2642K(7168K)
[2026-06-17T10:01:56.893+0800][54.520s][info][gc,heap        ] GC(2114) ParOldGen: 30808K(44032K)->31837K(44032K)
[2026-06-17T10:01:56.893+0800][54.521s][info][gc,metaspace   ] GC(2114) Metaspace: 118K(320K)->118K(320K) NonClass: 111K(192K)->111K(192K) Class: 7K(128K)->7K(128K)
[2026-06-17T10:01:56.894+0800][54.522s][info][gc             ] GC(2114) Pause Young (Allocation Failure) 40M->33M(57M) 3.331ms
[2026-06-17T10:01:56.895+0800][54.522s][info][gc,cpu         ] GC(2114) User=0.00s Sys=0.00s Real=0.00s
[2026-06-17T10:01:56.916+0800][54.544s][info][gc,start       ] GC(2115) Pause Young (Allocation Failure)
[2026-06-17T10:01:56.917+0800][54.545s][info][gc,heap        ] GC(2115) PSYoungGen: 9800K(14336K)->800K(14336K) Eden: 7157K(7168K)->0K(7168K) From: 2642K(7168K)->800K(7168K)
[2026-06-17T10:01:56.918+0800][54.545s][info][gc,heap        ] GC(2115) ParOldGen: 31837K(44032K)->33915K(44032K)
[2026-06-17T10:01:56.918+0800][54.546s][info][gc,metaspace   ] GC(2115) Metaspace: 118K(320K)->118K(320K) NonClass: 111K(192K)->111K(192K) Class: 7K(128K)->7K(128K)
[2026-06-17T10:01:56.919+0800][54.546s][info][gc             ] GC(2115) Pause Young (Allocation Failure) 40M->33M(57M) 2.787ms
[2026-06-17T10:01:56.919+0800][54.547s][info][gc,cpu         ] GC(2115) User=0.00s Sys=0.00s Real=0.00s
[2026-06-17T10:01:56.930+0800][54.558s][info][gc,start       ] GC(2116) Pause Young (Allocation Failure)
[2026-06-17T10:01:56.932+0800][54.559s][info][gc,heap        ] GC(2116) PSYoungGen: 7951K(14336K)->4707K(14336K) Eden: 7151K(7168K)->0K(7168K) From: 800K(7168K)->4707K(7168K)
[2026-06-17T10:01:56.932+0800][54.560s][info][gc,heap        ] GC(2116) ParOldGen: 33915K(44032K)->33915K(44032K)
[2026-06-17T10:01:56.933+0800][54.560s][info][gc,metaspace   ] GC(2116) Metaspace: 118K(320K)->118K(320K) NonClass: 111K(192K)->111K(192K) Class: 7K(128K)->7K(128K)
[2026-06-17T10:01:56.933+0800][54.561s][info][gc             ] GC(2116) Pause Young (Allocation Failure) 40M->37M(57M) 2.722ms
[2026-06-17T10:01:56.933+0800][54.561s][info][gc,cpu         ] GC(2116) User=0.00s Sys=0.00s Real=0.01s
[2026-06-17T10:01:56.955+0800][54.582s][info][gc,start       ] GC(2117) Pause Young (Allocation Failure)
[2026-06-17T10:01:56.956+0800][54.584s][info][gc,heap        ] GC(2117) PSYoungGen: 11860K(14336K)->2329K(14336K) Eden: 7152K(7168K)->0K(7168K) From: 4707K(7168K)->2329K(7168K)
[2026-06-17T10:01:56.956+0800][54.584s][info][gc,heap        ] GC(2117) ParOldGen: 33915K(44032K)->36067K(44032K)
[2026-06-17T10:01:56.957+0800][54.584s][info][gc,metaspace   ] GC(2117) Metaspace: 118K(320K)->118K(320K) NonClass: 111K(192K)->111K(192K) Class: 7K(128K)->7K(128K)
[2026-06-17T10:01:56.957+0800][54.585s][info][gc             ] GC(2117) Pause Young (Allocation Failure) 44M->37M(57M) 2.364ms
[2026-06-17T10:01:56.957+0800][54.585s][info][gc,cpu         ] GC(2117) User=0.00s Sys=0.00s Real=0.00s
[2026-06-17T10:01:56.979+0800][54.607s][info][gc,start       ] GC(2118) Pause Young (Allocation Failure)
[2026-06-17T10:01:56.980+0800][54.608s][info][gc,heap        ] GC(2118) PSYoungGen: 9488K(14336K)->3065K(14336K) Eden: 7158K(7168K)->0K(7168K) From: 2329K(7168K)->3065K(7168K)
[2026-06-17T10:01:56.980+0800][54.608s][info][gc,heap        ] GC(2118) ParOldGen: 36067K(44032K)->36067K(44032K)
[2026-06-17T10:01:56.981+0800][54.608s][info][gc,metaspace   ] GC(2118) Metaspace: 118K(320K)->118K(320K) NonClass: 111K(192K)->111K(192K) Class: 7K(128K)->7K(128K)
[2026-06-17T10:01:56.981+0800][54.609s][info][gc             ] GC(2118) Pause Young (Allocation Failure) 44M->38M(57M) 1.966ms
[2026-06-17T10:01:56.981+0800][54.609s][info][gc,cpu         ] GC(2118) User=0.00s Sys=0.00s Real=0.00s
[2026-06-17T10:01:56.992+0800][54.620s][info][gc,start       ] GC(2119) Pause Young (Allocation Failure)
[2026-06-17T10:01:56.994+0800][54.621s][info][gc,heap        ] GC(2119) PSYoungGen: 10183K(14336K)->1816K(14336K) Eden: 7117K(7168K)->0K(7168K) From: 3065K(7168K)->1816K(7168K)
[2026-06-17T10:01:56.994+0800][54.622s][info][gc,heap        ] GC(2119) ParOldGen: 36067K(44032K)->37591K(44032K)
[2026-06-17T10:01:56.995+0800][54.622s][info][gc,metaspace   ] GC(2119) Metaspace: 118K(320K)->118K(320K) NonClass: 111K(192K)->111K(192K) Class: 7K(128K)->7K(128K)
[2026-06-17T10:01:56.995+0800][54.623s][info][gc             ] GC(2119) Pause Young (Allocation Failure) 45M->38M(57M) 2.642ms
[2026-06-17T10:01:56.996+0800][54.623s][info][gc,cpu         ] GC(2119) User=0.00s Sys=0.00s Real=0.00s
[2026-06-17T10:01:57.017+0800][54.645s][info][gc,start       ] GC(2120) Pause Young (Allocation Failure)
[2026-06-17T10:01:57.019+0800][54.646s][info][gc,heap        ] GC(2120) PSYoungGen: 8965K(14336K)->3738K(14336K) Eden: 7149K(7168K)->0K(7168K) From: 1816K(7168K)->3738K(7168K)
[2026-06-17T10:01:57.021+0800][54.649s][info][gc,heap        ] GC(2120) ParOldGen: 37591K(44032K)->39383K(44032K)
[2026-06-17T10:01:57.022+0800][54.650s][info][gc,metaspace   ] GC(2120) Metaspace: 118K(320K)->118K(320K) NonClass: 111K(192K)->111K(192K) Class: 7K(128K)->7K(128K)
[2026-06-17T10:01:57.023+0800][54.650s][info][gc             ] GC(2120) Pause Young (Allocation Failure) 45M->42M(57M) 5.301ms
[2026-06-17T10:01:57.023+0800][54.651s][info][gc,cpu         ] GC(2120) User=0.00s Sys=0.00s Real=0.01s
[2026-06-17T10:01:57.044+0800][54.672s][info][gc,start       ] GC(2121) Pause Young (Allocation Failure)
[2026-06-17T10:01:57.046+0800][54.674s][info][gc,heap        ] GC(2121) PSYoungGen: 10865K(14336K)->3628K(14336K) Eden: 7126K(7168K)->0K(7168K) From: 3738K(7168K)->3628K(7168K)
[2026-06-17T10:01:57.046+0800][54.674s][info][gc,heap        ] GC(2121) ParOldGen: 39383K(44032K)->39383K(44032K)
[2026-06-17T10:01:57.047+0800][54.674s][info][gc,metaspace   ] GC(2121) Metaspace: 118K(320K)->118K(320K) NonClass: 111K(192K)->111K(192K) Class: 7K(128K)->7K(128K)
[2026-06-17T10:01:57.047+0800][54.675s][info][gc             ] GC(2121) Pause Young (Allocation Failure) 49M->42M(57M) 2.653ms
[2026-06-17T10:01:57.047+0800][54.675s][info][gc,cpu         ] GC(2121) User=0.00s Sys=0.00s Real=0.00s
[2026-06-17T10:01:57.069+0800][54.696s][info][gc,start       ] GC(2122) Pause Young (Allocation Failure)
[2026-06-17T10:01:57.070+0800][54.698s][info][gc,heap        ] GC(2122) PSYoungGen: 10796K(14336K)->3788K(14336K) Eden: 7168K(7168K)->0K(7168K) From: 3628K(7168K)->3788K(7168K)
[2026-06-17T10:01:57.071+0800][54.699s][info][gc,heap        ] GC(2122) ParOldGen: 39383K(44032K)->39383K(44032K)
[2026-06-17T10:01:57.071+0800][54.699s][info][gc,metaspace   ] GC(2122) Metaspace: 118K(320K)->118K(320K) NonClass: 111K(192K)->111K(192K) Class: 7K(128K)->7K(128K)
[2026-06-17T10:01:57.072+0800][54.700s][info][gc             ] GC(2122) Pause Young (Allocation Failure) 49M->42M(57M) 3.199ms
[2026-06-17T10:01:57.072+0800][54.700s][info][gc,cpu         ] GC(2122) User=0.00s Sys=0.00s Real=0.01s
[2026-06-17T10:01:57.083+0800][54.711s][info][gc,start       ] GC(2123) Pause Young (Allocation Failure)
[2026-06-17T10:01:57.085+0800][54.713s][info][gc,heap        ] GC(2123) PSYoungGen: 10935K(14336K)->6645K(13824K) Eden: 7147K(7168K)->0K(7168K) From: 3788K(7168K)->6645K(6656K)
[2026-06-17T10:01:57.085+0800][54.713s][info][gc,heap        ] GC(2123) ParOldGen: 39383K(44032K)->40300K(44032K)
[2026-06-17T10:01:57.085+0800][54.713s][info][gc,metaspace   ] GC(2123) Metaspace: 118K(320K)->118K(320K) NonClass: 111K(192K)->111K(192K) Class: 7K(128K)->7K(128K)
[2026-06-17T10:01:57.086+0800][54.713s][info][gc             ] GC(2123) Pause Young (Allocation Failure) 49M->45M(56M) 2.166ms
[2026-06-17T10:01:57.086+0800][54.714s][info][gc,cpu         ] GC(2123) User=0.00s Sys=0.00s Real=0.00s
[2026-06-17T10:01:57.107+0800][54.735s][info][gc,start       ] GC(2124) Pause Young (Allocation Failure)
[2026-06-17T10:01:57.109+0800][54.737s][info][gc,heap        ] GC(2124) PSYoungGen: 13788K(13824K)->3754K(14336K) Eden: 7143K(7168K)->0K(7168K) From: 6645K(6656K)->3754K(7168K)
[2026-06-17T10:01:57.109+0800][54.737s][info][gc,heap        ] GC(2124) ParOldGen: 40300K(44032K)->43164K(44032K)
[2026-06-17T10:01:57.110+0800][54.737s][info][gc,metaspace   ] GC(2124) Metaspace: 118K(320K)->118K(320K) NonClass: 111K(192K)->111K(192K) Class: 7K(128K)->7K(128K)
[2026-06-17T10:01:57.110+0800][54.738s][info][gc             ] GC(2124) Pause Young (Allocation Failure) 52M->45M(57M) 2.445ms
[2026-06-17T10:01:57.110+0800][54.738s][info][gc,cpu         ] GC(2124) User=0.00s Sys=0.00s Real=0.00s
[2026-06-17T10:01:57.132+0800][54.760s][info][gc,start       ] GC(2125) Pause Full (Ergonomics)
[2026-06-17T10:01:57.133+0800][54.761s][info][gc,phases,start] GC(2125) Marking Phase
[2026-06-17T10:01:57.139+0800][54.767s][info][gc,phases      ] GC(2125) Marking Phase 5.582ms
[2026-06-17T10:01:57.140+0800][54.768s][info][gc,phases,start] GC(2125) Summary Phase
[2026-06-17T10:01:57.141+0800][54.769s][info][gc,phases      ] GC(2125) Summary Phase 0.660ms
[2026-06-17T10:01:57.143+0800][54.771s][info][gc,phases,start] GC(2125) Adjust Roots
[2026-06-17T10:01:57.144+0800][54.772s][info][gc,phases      ] GC(2125) Adjust Roots 1.157ms
[2026-06-17T10:01:57.145+0800][54.773s][info][gc,phases,start] GC(2125) Compaction Phase
[2026-06-17T10:01:57.148+0800][54.776s][info][gc,phases      ] GC(2125) Compaction Phase 2.865ms
[2026-06-17T10:01:57.151+0800][54.778s][info][gc,phases,start] GC(2125) Post Compact
[2026-06-17T10:01:57.153+0800][54.780s][info][gc,phases      ] GC(2125) Post Compact 1.977ms
[2026-06-17T10:01:57.154+0800][54.782s][info][gc,heap        ] GC(2125) PSYoungGen: 10901K(14336K)->0K(14336K) Eden: 7147K(7168K)->0K(7168K) From: 3754K(7168K)->0K(7168K)
[2026-06-17T10:01:57.156+0800][54.784s][info][gc,heap        ] GC(2125) ParOldGen: 43164K(44032K)->19732K(44032K)
[2026-06-17T10:01:57.159+0800][54.786s][info][gc,metaspace   ] GC(2125) Metaspace: 118K(320K)->118K(320K) NonClass: 111K(192K)->111K(192K) Class: 7K(128K)->7K(128K)
[2026-06-17T10:01:57.161+0800][54.788s][info][gc             ] GC(2125) Pause Full (Ergonomics) 52M->19M(57M) 28.788ms
[2026-06-17T10:01:57.162+0800][54.789s][info][gc,cpu         ] GC(2125) User=0.01s Sys=0.00s Real=0.02s
[2026-06-17T10:01:57.173+0800][54.801s][info][gc,start       ] GC(2126) Pause Young (Allocation Failure)
[2026-06-17T10:01:57.175+0800][54.802s][info][gc,heap        ] GC(2126) PSYoungGen: 7078K(14336K)->3816K(14336K) Eden: 7078K(7168K)->0K(7168K) From: 0K(7168K)->3816K(7168K)
[2026-06-17T10:01:57.175+0800][54.803s][info][gc,heap        ] GC(2126) ParOldGen: 19732K(44032K)->19732K(44032K)
[2026-06-17T10:01:57.176+0800][54.803s][info][gc,metaspace   ] GC(2126) Metaspace: 118K(320K)->118K(320K) NonClass: 111K(192K)->111K(192K) Class: 7K(128K)->7K(128K)
[2026-06-17T10:01:57.176+0800][54.804s][info][gc             ] GC(2126) Pause Young (Allocation Failure) 26M->22M(57M) 2.667ms
[2026-06-17T10:01:57.176+0800][54.804s][info][gc,cpu         ] GC(2126) User=0.00s Sys=0.00s Real=0.00s
[2026-06-17T10:01:57.199+0800][54.826s][info][gc,start       ] GC(2127) Pause Young (Allocation Failure)
[2026-06-17T10:01:57.199+0800][54.827s][info][gc,heap        ] GC(2127) PSYoungGen: 10979K(14336K)->7051K(14336K) Eden: 7163K(7168K)->0K(7168K) From: 3816K(7168K)->7051K(7168K)
[2026-06-17T10:01:57.200+0800][54.827s][info][gc,heap        ] GC(2127) ParOldGen: 19732K(44032K)->19904K(44032K)
[2026-06-17T10:01:57.200+0800][54.827s][info][gc,metaspace   ] GC(2127) Metaspace: 118K(320K)->118K(320K) NonClass: 111K(192K)->111K(192K) Class: 7K(128K)->7K(128K)
[2026-06-17T10:01:57.200+0800][54.827s][info][gc             ] GC(2127) Pause Young (Allocation Failure) 29M->26M(57M) 1.247ms
[2026-06-17T10:01:57.200+0800][54.828s][info][gc,cpu         ] GC(2127) User=0.01s Sys=0.00s Real=0.00s
[2026-06-17T10:01:57.221+0800][54.849s][info][gc,start       ] GC(2128) Pause Young (Allocation Failure)
[2026-06-17T10:01:57.222+0800][54.850s][info][gc,heap        ] GC(2128) PSYoungGen: 14208K(14336K)->7166K(14336K) Eden: 7157K(7168K)->0K(7168K) From: 7051K(7168K)->7166K(7168K)
[2026-06-17T10:01:57.223+0800][54.850s][info][gc,heap        ] GC(2128) ParOldGen: 19904K(44032K)->19904K(44032K)
[2026-06-17T10:01:57.223+0800][54.850s][info][gc,metaspace   ] GC(2128) Metaspace: 118K(320K)->118K(320K) NonClass: 111K(192K)->111K(192K) Class: 7K(128K)->7K(128K)
[2026-06-17T10:01:57.223+0800][54.851s][info][gc             ] GC(2128) Pause Young (Allocation Failure) 33M->26M(57M) 1.932ms
[2026-06-17T10:01:57.223+0800][54.851s][info][gc,cpu         ] GC(2128) User=0.00s Sys=0.00s Real=0.01s
[2026-06-17T10:01:57.234+0800][54.862s][info][gc,start       ] GC(2129) Pause Young (Allocation Failure)
[2026-06-17T10:01:57.236+0800][54.864s][info][gc,heap        ] GC(2129) PSYoungGen: 14311K(14336K)->6846K(14336K) Eden: 7145K(7168K)->0K(7168K) From: 7166K(7168K)->6846K(7168K)
[2026-06-17T10:01:57.237+0800][54.865s][info][gc,heap        ] GC(2129) ParOldGen: 19904K(44032K)->23863K(44032K)
[2026-06-17T10:01:57.237+0800][54.865s][info][gc,metaspace   ] GC(2129) Metaspace: 118K(320K)->118K(320K) NonClass: 111K(192K)->111K(192K) Class: 7K(128K)->7K(128K)
[2026-06-17T10:01:57.238+0800][54.866s][info][gc             ] GC(2129) Pause Young (Allocation Failure) 33M->29M(57M) 3.528ms
[2026-06-17T10:01:57.239+0800][54.866s][info][gc,cpu         ] GC(2129) User=0.00s Sys=0.00s Real=0.00s
[2026-06-17T10:01:57.261+0800][54.889s][info][gc,start       ] GC(2130) Pause Young (Allocation Failure)
[2026-06-17T10:01:57.264+0800][54.892s][info][gc,heap        ] GC(2130) PSYoungGen: 13989K(14336K)->4487K(14336K) Eden: 7143K(7168K)->0K(7168K) From: 6846K(7168K)->4487K(7168K)
[2026-06-17T10:01:57.265+0800][54.893s][info][gc,heap        ] GC(2130) ParOldGen: 23863K(44032K)->26158K(44032K)
[2026-06-17T10:01:57.265+0800][54.893s][info][gc,metaspace   ] GC(2130) Metaspace: 118K(320K)->118K(320K) NonClass: 111K(192K)->111K(192K) Class: 7K(128K)->7K(128K)
[2026-06-17T10:01:57.266+0800][54.894s][info][gc             ] GC(2130) Pause Young (Allocation Failure) 36M->29M(57M) 5.111ms
[2026-06-17T10:01:57.267+0800][54.894s][info][gc,cpu         ] GC(2130) User=0.01s Sys=0.00s Real=0.01s
[2026-06-17T10:01:57.289+0800][54.917s][info][gc,start       ] GC(2131) Pause Young (Allocation Failure)
[2026-06-17T10:01:57.291+0800][54.918s][info][gc,heap        ] GC(2131) PSYoungGen: 11637K(14336K)->848K(14336K) Eden: 7150K(7168K)->0K(7168K) From: 4487K(7168K)->848K(7168K)
[2026-06-17T10:01:57.291+0800][54.919s][info][gc,heap        ] GC(2131) ParOldGen: 26158K(44032K)->29747K(44032K)
[2026-06-17T10:01:57.292+0800][54.920s][info][gc,metaspace   ] GC(2131) Metaspace: 118K(320K)->118K(320K) NonClass: 111K(192K)->111K(192K) Class: 7K(128K)->7K(128K)
[2026-06-17T10:01:57.292+0800][54.920s][info][gc             ] GC(2131) Pause Young (Allocation Failure) 36M->29M(57M) 3.210ms
[2026-06-17T10:01:57.293+0800][54.920s][info][gc,cpu         ] GC(2131) User=0.00s Sys=0.00s Real=0.01s
[2026-06-17T10:01:57.304+0800][54.932s][info][gc,start       ] GC(2132) Pause Young (Allocation Failure)
[2026-06-17T10:01:57.305+0800][54.933s][info][gc,heap        ] GC(2132) PSYoungGen: 7993K(14336K)->4333K(14336K) Eden: 7145K(7168K)->0K(7168K) From: 848K(7168K)->4333K(7168K)
[2026-06-17T10:01:57.306+0800][54.933s][info][gc,heap        ] GC(2132) ParOldGen: 29747K(44032K)->29747K(44032K)
[2026-06-17T10:01:57.306+0800][54.934s][info][gc,metaspace   ] GC(2132) Metaspace: 118K(320K)->118K(320K) NonClass: 111K(192K)->111K(192K) Class: 7K(128K)->7K(128K)
[2026-06-17T10:01:57.307+0800][54.934s][info][gc             ] GC(2132) Pause Young (Allocation Failure) 36M->33M(57M) 2.733ms
[2026-06-17T10:01:57.307+0800][54.935s][info][gc,cpu         ] GC(2132) User=0.00s Sys=0.00s Real=0.00s
[2026-06-17T10:01:57.329+0800][54.956s][info][gc,start       ] GC(2133) Pause Young (Allocation Failure)
[2026-06-17T10:01:57.330+0800][54.958s][info][gc,heap        ] GC(2133) PSYoungGen: 11501K(14336K)->2690K(14336K) Eden: 7167K(7168K)->0K(7168K) From: 4333K(7168K)->2690K(7168K)
[2026-06-17T10:01:57.331+0800][54.958s][info][gc,heap        ] GC(2133) ParOldGen: 29747K(44032K)->31480K(44032K)
[2026-06-17T10:01:57.331+0800][54.959s][info][gc,metaspace   ] GC(2133) Metaspace: 118K(320K)->118K(320K) NonClass: 111K(192K)->111K(192K) Class: 7K(128K)->7K(128K)
[2026-06-17T10:01:57.332+0800][54.959s][info][gc             ] GC(2133) Pause Young (Allocation Failure) 40M->33M(57M) 2.920ms
[2026-06-17T10:01:57.332+0800][54.960s][info][gc,cpu         ] GC(2133) User=0.01s Sys=0.00s Real=0.01s
[2026-06-17T10:01:57.354+0800][54.981s][info][gc,start       ] GC(2134) Pause Young (Allocation Failure)
[2026-06-17T10:01:57.354+0800][54.982s][info][gc,heap        ] GC(2134) PSYoungGen: 9819K(14336K)->3034K(14336K) Eden: 7128K(7168K)->0K(7168K) From: 2690K(7168K)->3034K(7168K)
[2026-06-17T10:01:57.355+0800][54.982s][info][gc,heap        ] GC(2134) ParOldGen: 31480K(44032K)->31480K(44032K)
[2026-06-17T10:01:57.355+0800][54.983s][info][gc,metaspace   ] GC(2134) Metaspace: 118K(320K)->118K(320K) NonClass: 111K(192K)->111K(192K) Class: 7K(128K)->7K(128K)
[2026-06-17T10:01:57.355+0800][54.983s][info][gc             ] GC(2134) Pause Young (Allocation Failure) 40M->33M(57M) 1.703ms
[2026-06-17T10:01:57.355+0800][54.983s][info][gc,cpu         ] GC(2134) User=0.00s Sys=0.00s Real=0.00s
[2026-06-17T10:01:57.366+0800][54.994s][info][gc,start       ] GC(2135) Pause Young (Allocation Failure)
[2026-06-17T10:01:57.367+0800][54.995s][info][gc,heap        ] GC(2135) PSYoungGen: 10137K(14336K)->731K(14336K) Eden: 7103K(7168K)->0K(7168K) From: 3034K(7168K)->731K(7168K)
[2026-06-17T10:01:57.368+0800][54.995s][info][gc,heap        ] GC(2135) ParOldGen: 31480K(44032K)->33607K(44032K)
[2026-06-17T10:01:57.368+0800][54.996s][info][gc,metaspace   ] GC(2135) Metaspace: 118K(320K)->118K(320K) NonClass: 111K(192K)->111K(192K) Class: 7K(128K)->7K(128K)
[2026-06-17T10:01:57.368+0800][54.996s][info][gc             ] GC(2135) Pause Young (Allocation Failure) 40M->33M(57M) 2.019ms
[2026-06-17T10:01:57.369+0800][54.996s][info][gc,cpu         ] GC(2135) User=0.00s Sys=0.00s Real=0.00s
[2026-06-17T10:01:57.390+0800][55.018s][info][gc,start       ] GC(2136) Pause Young (Allocation Failure)
[2026-06-17T10:01:57.392+0800][55.019s][info][gc,heap        ] GC(2136) PSYoungGen: 7839K(14336K)->3792K(14336K) Eden: 7108K(7168K)->0K(7168K) From: 731K(7168K)->3792K(7168K)
[2026-06-17T10:01:57.392+0800][55.020s][info][gc,heap        ] GC(2136) ParOldGen: 33607K(44032K)->34314K(44032K)
[2026-06-17T10:01:57.392+0800][55.020s][info][gc,metaspace   ] GC(2136) Metaspace: 118K(320K)->118K(320K) NonClass: 111K(192K)->111K(192K) Class: 7K(128K)->7K(128K)
[2026-06-17T10:01:57.392+0800][55.020s][info][gc             ] GC(2136) Pause Young (Allocation Failure) 40M->37M(57M) 1.976ms
[2026-06-17T10:01:57.392+0800][55.020s][info][gc,cpu         ] GC(2136) User=0.00s Sys=0.00s Real=0.01s
[2026-06-17T10:01:57.414+0800][55.041s][info][gc,start       ] GC(2137) Pause Young (Allocation Failure)
[2026-06-17T10:01:57.415+0800][55.043s][info][gc,heap        ] GC(2137) PSYoungGen: 10928K(14336K)->2710K(14336K) Eden: 7136K(7168K)->0K(7168K) From: 3792K(7168K)->2710K(7168K)
[2026-06-17T10:01:57.416+0800][55.043s][info][gc,heap        ] GC(2137) ParOldGen: 34314K(44032K)->35398K(44032K)
[2026-06-17T10:01:57.416+0800][55.044s][info][gc,metaspace   ] GC(2137) Metaspace: 118K(320K)->118K(320K) NonClass: 111K(192K)->111K(192K) Class: 7K(128K)->7K(128K)
[2026-06-17T10:01:57.417+0800][55.044s][info][gc             ] GC(2137) Pause Young (Allocation Failure) 44M->37M(57M) 2.912ms
[2026-06-17T10:01:57.417+0800][55.045s][info][gc,cpu         ] GC(2137) User=0.00s Sys=0.00s Real=0.00s
[2026-06-17T10:01:57.439+0800][55.066s][info][gc,start       ] GC(2138) Pause Young (Allocation Failure)
[2026-06-17T10:01:57.439+0800][55.067s][info][gc,heap        ] GC(2138) PSYoungGen: 9877K(14336K)->1164K(14336K) Eden: 7167K(7168K)->0K(7168K) From: 2710K(7168K)->1164K(7168K)
[2026-06-17T10:01:57.440+0800][55.067s][info][gc,heap        ] GC(2138) ParOldGen: 35398K(44032K)->37324K(44032K)
[2026-06-17T10:01:57.440+0800][55.068s][info][gc,metaspace   ] GC(2138) Metaspace: 118K(320K)->118K(320K) NonClass: 111K(192K)->111K(192K) Class: 7K(128K)->7K(128K)
[2026-06-17T10:01:57.440+0800][55.068s][info][gc             ] GC(2138) Pause Young (Allocation Failure) 44M->37M(57M) 1.276ms
[2026-06-17T10:01:57.440+0800][55.068s][info][gc,cpu         ] GC(2138) User=0.00s Sys=0.00s Real=0.00s
[2026-06-17T10:01:57.451+0800][55.079s][info][gc,start       ] GC(2139) Pause Young (Allocation Failure)
[2026-06-17T10:01:57.458+0800][55.086s][info][gc,heap        ] GC(2139) PSYoungGen: 8321K(14336K)->5284K(14336K) Eden: 7157K(7168K)->0K(7168K) From: 1164K(7168K)->5284K(7168K)
[2026-06-17T10:01:57.460+0800][55.088s][info][gc,heap        ] GC(2139) ParOldGen: 37324K(44032K)->37324K(44032K)
[2026-06-17T10:01:57.464+0800][55.091s][info][gc,metaspace   ] GC(2139) Metaspace: 118K(320K)->118K(320K) NonClass: 111K(192K)->111K(192K) Class: 7K(128K)->7K(128K)
[2026-06-17T10:01:57.464+0800][55.092s][info][gc             ] GC(2139) Pause Young (Allocation Failure) 44M->41M(57M) 12.761ms
[2026-06-17T10:01:57.465+0800][55.092s][info][gc,cpu         ] GC(2139) User=0.00s Sys=0.00s Real=0.01s
[2026-06-17T10:01:57.487+0800][55.115s][info][gc,start       ] GC(2140) Pause Young (Allocation Failure)
[2026-06-17T10:01:57.490+0800][55.118s][info][gc,heap        ] GC(2140) PSYoungGen: 12435K(14336K)->2813K(14336K) Eden: 7151K(7168K)->0K(7168K) From: 5284K(7168K)->2813K(7168K)
[2026-06-17T10:01:57.491+0800][55.118s][info][gc,heap        ] GC(2140) ParOldGen: 37324K(44032K)->40029K(44032K)
[2026-06-17T10:01:57.491+0800][55.119s][info][gc,metaspace   ] GC(2140) Metaspace: 118K(320K)->118K(320K) NonClass: 111K(192K)->111K(192K) Class: 7K(128K)->7K(128K)
[2026-06-17T10:01:57.491+0800][55.119s][info][gc             ] GC(2140) Pause Young (Allocation Failure) 48M->41M(57M) 4.107ms
[2026-06-17T10:01:57.494+0800][55.122s][info][gc,cpu         ] GC(2140) User=0.00s Sys=0.00s Real=0.01s
[2026-06-17T10:01:57.521+0800][55.148s][info][gc,start       ] GC(2141) Pause Full (Ergonomics)
[2026-06-17T10:01:57.521+0800][55.149s][info][gc,phases,start] GC(2141) Marking Phase
[2026-06-17T10:01:57.523+0800][55.151s][info][gc,phases      ] GC(2141) Marking Phase 1.757ms
[2026-06-17T10:01:57.525+0800][55.152s][info][gc,phases,start] GC(2141) Summary Phase
[2026-06-17T10:01:57.526+0800][55.154s][info][gc,phases      ] GC(2141) Summary Phase 1.259ms
[2026-06-17T10:01:57.527+0800][55.154s][info][gc,phases,start] GC(2141) Adjust Roots
[2026-06-17T10:01:57.529+0800][55.156s][info][gc,phases      ] GC(2141) Adjust Roots 1.908ms
[2026-06-17T10:01:57.529+0800][55.157s][info][gc,phases,start] GC(2141) Compaction Phase
[2026-06-17T10:01:57.532+0800][55.160s][info][gc,phases      ] GC(2141) Compaction Phase 2.582ms
[2026-06-17T10:01:57.533+0800][55.161s][info][gc,phases,start] GC(2141) Post Compact
[2026-06-17T10:01:57.534+0800][55.162s][info][gc,phases      ] GC(2141) Post Compact 1.294ms
[2026-06-17T10:01:57.535+0800][55.163s][info][gc,heap        ] GC(2141) PSYoungGen: 9930K(14336K)->0K(14336K) Eden: 7117K(7168K)->0K(7168K) From: 2813K(7168K)->0K(7168K)
[2026-06-17T10:01:57.536+0800][55.164s][info][gc,heap        ] GC(2141) ParOldGen: 40029K(44032K)->30637K(44032K)
[2026-06-17T10:01:57.537+0800][55.165s][info][gc,metaspace   ] GC(2141) Metaspace: 118K(320K)->118K(320K) NonClass: 111K(192K)->111K(192K) Class: 7K(128K)->7K(128K)
[2026-06-17T10:01:57.537+0800][55.165s][info][gc             ] GC(2141) Pause Full (Ergonomics) 48M->29M(57M) 16.738ms
[2026-06-17T10:01:57.539+0800][55.167s][info][gc,cpu         ] GC(2141) User=0.01s Sys=0.00s Real=0.02s
[2026-06-17T10:01:57.551+0800][55.179s][info][gc,start       ] GC(2142) Pause Young (Allocation Failure)
[2026-06-17T10:01:57.558+0800][55.185s][info][gc,heap        ] GC(2142) PSYoungGen: 7050K(14336K)->3421K(14336K) Eden: 7050K(7168K)->0K(7168K) From: 0K(7168K)->3421K(7168K)
[2026-06-17T10:01:57.559+0800][55.186s][info][gc,heap        ] GC(2142) ParOldGen: 30637K(44032K)->30637K(44032K)
[2026-06-17T10:01:57.559+0800][55.187s][info][gc,metaspace   ] GC(2142) Metaspace: 118K(320K)->118K(320K) NonClass: 111K(192K)->111K(192K) Class: 7K(128K)->7K(128K)
[2026-06-17T10:01:57.560+0800][55.188s][info][gc             ] GC(2142) Pause Young (Allocation Failure) 36M->33M(57M) 9.253ms
[2026-06-17T10:01:57.562+0800][55.190s][info][gc,cpu         ] GC(2142) User=0.00s Sys=0.00s Real=0.00s
[2026-06-17T10:01:57.583+0800][55.211s][info][gc,start       ] GC(2143) Pause Young (Allocation Failure)
[2026-06-17T10:01:57.585+0800][55.213s][info][gc,heap        ] GC(2143) PSYoungGen: 10581K(14336K)->6808K(14336K) Eden: 7160K(7168K)->0K(7168K) From: 3421K(7168K)->6808K(7168K)
[2026-06-17T10:01:57.585+0800][55.213s][info][gc,heap        ] GC(2143) ParOldGen: 30637K(44032K)->30637K(44032K)
[2026-06-17T10:01:57.586+0800][55.214s][info][gc,metaspace   ] GC(2143) Metaspace: 118K(320K)->118K(320K) NonClass: 111K(192K)->111K(192K) Class: 7K(128K)->7K(128K)
[2026-06-17T10:01:57.586+0800][55.214s][info][gc             ] GC(2143) Pause Young (Allocation Failure) 40M->36M(57M) 3.057ms
[2026-06-17T10:01:57.587+0800][55.215s][info][gc,cpu         ] GC(2143) User=0.00s Sys=0.00s Real=0.00s
[2026-06-17T10:01:57.608+0800][55.236s][info][gc,start       ] GC(2144) Pause Young (Allocation Failure)
[2026-06-17T10:01:57.609+0800][55.237s][info][gc,heap        ] GC(2144) PSYoungGen: 13970K(14336K)->2764K(14336K) Eden: 7161K(7168K)->0K(7168K) From: 6808K(7168K)->2764K(7168K)
[2026-06-17T10:01:57.610+0800][55.237s][info][gc,heap        ] GC(2144) ParOldGen: 30637K(44032K)->35206K(44032K)
[2026-06-17T10:01:57.611+0800][55.238s][info][gc,metaspace   ] GC(2144) Metaspace: 118K(320K)->118K(320K) NonClass: 111K(192K)->111K(192K) Class: 7K(128K)->7K(128K)
[2026-06-17T10:01:57.611+0800][55.239s][info][gc             ] GC(2144) Pause Young (Allocation Failure) 43M->37M(57M) 3.158ms
[2026-06-17T10:01:57.612+0800][55.239s][info][gc,cpu         ] GC(2144) User=0.00s Sys=0.00s Real=0.01s
[2026-06-17T10:01:57.633+0800][55.261s][info][gc,start       ] GC(2145) Pause Young (Allocation Failure)
[2026-06-17T10:01:57.634+0800][55.261s][info][gc,heap        ] GC(2145) PSYoungGen: 9927K(14336K)->718K(14336K) Eden: 7162K(7168K)->0K(7168K) From: 2764K(7168K)->718K(7168K)
[2026-06-17T10:01:57.634+0800][55.262s][info][gc,heap        ] GC(2145) ParOldGen: 35206K(44032K)->37212K(44032K)
[2026-06-17T10:01:57.634+0800][55.262s][info][gc,metaspace   ] GC(2145) Metaspace: 118K(320K)->118K(320K) NonClass: 111K(192K)->111K(192K) Class: 7K(128K)->7K(128K)
[2026-06-17T10:01:57.634+0800][55.262s][info][gc             ] GC(2145) Pause Young (Allocation Failure) 44M->37M(57M) 1.224ms
[2026-06-17T10:01:57.634+0800][55.262s][info][gc,cpu         ] GC(2145) User=0.00s Sys=0.00s Real=0.00s
[2026-06-17T10:01:57.645+0800][55.273s][info][gc,start       ] GC(2146) Pause Young (Allocation Failure)
[2026-06-17T10:01:57.646+0800][55.274s][info][gc,heap        ] GC(2146) PSYoungGen: 7885K(14336K)->4524K(14336K) Eden: 7167K(7168K)->0K(7168K) From: 718K(7168K)->4524K(7168K)
[2026-06-17T10:01:57.647+0800][55.274s][info][gc,heap        ] GC(2146) ParOldGen: 37212K(44032K)->37212K(44032K)
[2026-06-17T10:01:57.647+0800][55.275s][info][gc,metaspace   ] GC(2146) Metaspace: 118K(320K)->118K(320K) NonClass: 111K(192K)->111K(192K) Class: 7K(128K)->7K(128K)
[2026-06-17T10:01:57.647+0800][55.275s][info][gc             ] GC(2146) Pause Young (Allocation Failure) 44M->40M(57M) 1.698ms
[2026-06-17T10:01:57.647+0800][55.275s][info][gc,cpu         ] GC(2146) User=0.00s Sys=0.00s Real=0.00s
[2026-06-17T10:01:57.668+0800][55.296s][info][gc,start       ] GC(2147) Pause Young (Allocation Failure)
[2026-06-17T10:01:57.669+0800][55.297s][info][gc,heap        ] GC(2147) PSYoungGen: 11677K(14336K)->3119K(14336K) Eden: 7152K(7168K)->0K(7168K) From: 4524K(7168K)->3119K(7168K)
[2026-06-17T10:01:57.669+0800][55.297s][info][gc,heap        ] GC(2147) ParOldGen: 37212K(44032K)->39419K(44032K)
[2026-06-17T10:01:57.669+0800][55.297s][info][gc,metaspace   ] GC(2147) Metaspace: 118K(320K)->118K(320K) NonClass: 111K(192K)->111K(192K) Class: 7K(128K)->7K(128K)
[2026-06-17T10:01:57.669+0800][55.297s][info][gc             ] GC(2147) Pause Young (Allocation Failure) 47M->41M(57M) 1.387ms
[2026-06-17T10:01:57.670+0800][55.297s][info][gc,cpu         ] GC(2147) User=0.01s Sys=0.00s Real=0.00s
[2026-06-17T10:01:57.691+0800][55.318s][info][gc,start       ] GC(2148) Pause Young (Allocation Failure)
[2026-06-17T10:01:57.691+0800][55.319s][info][gc,heap        ] GC(2148) PSYoungGen: 10261K(14336K)->2936K(14336K) Eden: 7142K(7168K)->0K(7168K) From: 3119K(7168K)->2936K(7168K)
[2026-06-17T10:01:57.692+0800][55.319s][info][gc,heap        ] GC(2148) ParOldGen: 39419K(44032K)->39419K(44032K)
[2026-06-17T10:01:57.692+0800][55.320s][info][gc,metaspace   ] GC(2148) Metaspace: 118K(320K)->118K(320K) NonClass: 111K(192K)->111K(192K) Class: 7K(128K)->7K(128K)
[2026-06-17T10:01:57.692+0800][55.320s][info][gc             ] GC(2148) Pause Young (Allocation Failure) 48M->41M(57M) 1.369ms
[2026-06-17T10:01:57.692+0800][55.320s][info][gc,cpu         ] GC(2148) User=0.00s Sys=0.00s Real=0.00s
[2026-06-17T10:01:57.703+0800][55.331s][info][gc,start       ] GC(2149) Pause Young (Allocation Failure)
[2026-06-17T10:01:57.704+0800][55.332s][info][gc,heap        ] GC(2149) PSYoungGen: 10040K(14336K)->3260K(14336K) Eden: 7103K(7168K)->0K(7168K) From: 2936K(7168K)->3260K(7168K)
[2026-06-17T10:01:57.704+0800][55.332s][info][gc,heap        ] GC(2149) ParOldGen: 39419K(44032K)->39419K(44032K)
[2026-06-17T10:01:57.704+0800][55.332s][info][gc,metaspace   ] GC(2149) Metaspace: 118K(320K)->118K(320K) NonClass: 111K(192K)->111K(192K) Class: 7K(128K)->7K(128K)
[2026-06-17T10:01:57.704+0800][55.332s][info][gc             ] GC(2149) Pause Young (Allocation Failure) 48M->41M(57M) 1.440ms
[2026-06-17T10:01:57.705+0800][55.332s][info][gc,cpu         ] GC(2149) User=0.00s Sys=0.00s Real=0.00s
[2026-06-17T10:01:57.726+0800][55.354s][info][gc,start       ] GC(2150) Pause Young (Allocation Failure)
[2026-06-17T10:01:57.731+0800][55.359s][info][gc,heap        ] GC(2150) PSYoungGen: 10426K(14336K)->6952K(14336K) Eden: 7166K(7168K)->0K(7168K) From: 3260K(7168K)->6952K(7168K)
[2026-06-17T10:01:57.733+0800][55.361s][info][gc,heap        ] GC(2150) ParOldGen: 39419K(44032K)->39419K(44032K)
[2026-06-17T10:01:57.734+0800][55.362s][info][gc,metaspace   ] GC(2150) Metaspace: 118K(320K)->118K(320K) NonClass: 111K(192K)->111K(192K) Class: 7K(128K)->7K(128K)
[2026-06-17T10:01:57.735+0800][55.363s][info][gc             ] GC(2150) Pause Young (Allocation Failure) 48M->45M(57M) 9.508ms
[2026-06-17T10:01:57.747+0800][55.374s][info][gc,cpu         ] GC(2150) User=0.00s Sys=0.00s Real=0.02s
[2026-06-17T10:01:57.773+0800][55.401s][info][gc,start       ] GC(2151) Pause Young (Allocation Failure)
[2026-06-17T10:01:57.774+0800][55.402s][info][gc,heap        ] GC(2151) PSYoungGen: 14120K(14336K)->3969K(14336K) Eden: 7168K(7168K)->0K(7168K) From: 6952K(7168K)->3969K(7168K)
[2026-06-17T10:01:57.775+0800][55.403s][info][gc,heap        ] GC(2151) ParOldGen: 39419K(44032K)->42663K(44032K)
[2026-06-17T10:01:57.775+0800][55.403s][info][gc,metaspace   ] GC(2151) Metaspace: 118K(320K)->118K(320K) NonClass: 111K(192K)->111K(192K) Class: 7K(128K)->7K(128K)
[2026-06-17T10:01:57.775+0800][55.403s][info][gc             ] GC(2151) Pause Young (Allocation Failure) 52M->45M(57M) 2.155ms
[2026-06-17T10:01:57.776+0800][55.403s][info][gc,cpu         ] GC(2151) User=0.00s Sys=0.00s Real=0.00s
[2026-06-17T10:01:57.797+0800][55.425s][info][gc,start       ] GC(2152) Pause Full (Ergonomics)
[2026-06-17T10:01:57.800+0800][55.428s][info][gc,phases,start] GC(2152) Marking Phase
[2026-06-17T10:01:57.801+0800][55.429s][info][gc,phases      ] GC(2152) Marking Phase 1.424ms
[2026-06-17T10:01:57.802+0800][55.429s][info][gc,phases,start] GC(2152) Summary Phase
[2026-06-17T10:01:57.802+0800][55.430s][info][gc,phases      ] GC(2152) Summary Phase 0.165ms
[2026-06-17T10:01:57.802+0800][55.430s][info][gc,phases,start] GC(2152) Adjust Roots
[2026-06-17T10:01:57.803+0800][55.430s][info][gc,phases      ] GC(2152) Adjust Roots 0.389ms
[2026-06-17T10:01:57.803+0800][55.430s][info][gc,phases,start] GC(2152) Compaction Phase
[2026-06-17T10:01:57.804+0800][55.432s][info][gc,phases      ] GC(2152) Compaction Phase 1.413ms
[2026-06-17T10:01:57.804+0800][55.432s][info][gc,phases,start] GC(2152) Post Compact
[2026-06-17T10:01:57.805+0800][55.432s][info][gc,phases      ] GC(2152) Post Compact 0.368ms
[2026-06-17T10:01:57.805+0800][55.433s][info][gc,heap        ] GC(2152) PSYoungGen: 11092K(14336K)->0K(14336K) Eden: 7123K(7168K)->0K(7168K) From: 3969K(7168K)->0K(7168K)
[2026-06-17T10:01:57.805+0800][55.433s][info][gc,heap        ] GC(2152) ParOldGen: 42663K(44032K)->23822K(44032K)
[2026-06-17T10:01:57.805+0800][55.433s][info][gc,metaspace   ] GC(2152) Metaspace: 118K(320K)->118K(320K) NonClass: 111K(192K)->111K(192K) Class: 7K(128K)->7K(128K)
[2026-06-17T10:01:57.806+0800][55.433s][info][gc             ] GC(2152) Pause Full (Ergonomics) 52M->23M(57M) 8.594ms
[2026-06-17T10:01:57.806+0800][55.433s][info][gc,cpu         ] GC(2152) User=0.01s Sys=0.00s Real=0.01s
[2026-06-17T10:01:57.817+0800][55.445s][info][gc,start       ] GC(2153) Pause Young (Allocation Failure)
[2026-06-17T10:01:57.818+0800][55.446s][info][gc,heap        ] GC(2153) PSYoungGen: 7145K(14336K)->6907K(14336K) Eden: 7145K(7168K)->0K(7168K) From: 0K(7168K)->6907K(7168K)
[2026-06-17T10:01:57.818+0800][55.446s][info][gc,heap        ] GC(2153) ParOldGen: 23822K(44032K)->24129K(44032K)
[2026-06-17T10:01:57.819+0800][55.446s][info][gc,metaspace   ] GC(2153) Metaspace: 118K(320K)->118K(320K) NonClass: 111K(192K)->111K(192K) Class: 7K(128K)->7K(128K)
[2026-06-17T10:01:57.819+0800][55.447s][info][gc             ] GC(2153) Pause Young (Allocation Failure) 30M->30M(57M) 2.097ms
[2026-06-17T10:01:57.819+0800][55.447s][info][gc,cpu         ] GC(2153) User=0.00s Sys=0.00s Real=0.00s
[2026-06-17T10:01:57.840+0800][55.468s][info][gc,start       ] GC(2154) Pause Young (Allocation Failure)
[2026-06-17T10:01:57.845+0800][55.473s][info][gc,heap        ] GC(2154) PSYoungGen: 13878K(14336K)->32K(14336K) Eden: 6970K(7168K)->0K(7168K) From: 6907K(7168K)->32K(7168K)
[2026-06-17T10:01:57.847+0800][55.475s][info][gc,heap        ] GC(2154) ParOldGen: 24129K(44032K)->27701K(44032K)
[2026-06-17T10:01:57.849+0800][55.477s][info][gc,metaspace   ] GC(2154) Metaspace: 118K(320K)->118K(320K) NonClass: 111K(192K)->111K(192K) Class: 7K(128K)->7K(128K)
[2026-06-17T10:01:57.851+0800][55.479s][info][gc             ] GC(2154) Pause Young (Allocation Failure) 37M->27M(57M) 10.932ms
[2026-06-17T10:01:57.855+0800][55.483s][info][gc,cpu         ] GC(2154) User=0.00s Sys=0.00s Real=0.02s
[2026-06-17T10:01:57.878+0800][55.505s][info][gc,start       ] GC(2155) Pause Young (Allocation Failure)
[2026-06-17T10:01:57.881+0800][55.509s][info][gc,heap        ] GC(2155) PSYoungGen: 7179K(14336K)->3751K(14336K) Eden: 7147K(7168K)->0K(7168K) From: 32K(7168K)->3751K(7168K)
[2026-06-17T10:01:57.882+0800][55.509s][info][gc,heap        ] GC(2155) ParOldGen: 27701K(44032K)->27709K(44032K)
[2026-06-17T10:01:57.883+0800][55.511s][info][gc,metaspace   ] GC(2155) Metaspace: 118K(320K)->118K(320K) NonClass: 111K(192K)->111K(192K) Class: 7K(128K)->7K(128K)
[2026-06-17T10:01:57.885+0800][55.513s][info][gc             ] GC(2155) Pause Young (Allocation Failure) 34M->30M(57M) 7.807ms
[2026-06-17T10:01:57.886+0800][55.514s][info][gc,cpu         ] GC(2155) User=0.00s Sys=0.00s Real=0.01s
[2026-06-17T10:01:57.898+0800][55.526s][info][gc,start       ] GC(2156) Pause Young (Allocation Failure)
[2026-06-17T10:01:57.900+0800][55.528s][info][gc,heap        ] GC(2156) PSYoungGen: 10829K(14336K)->1745K(14336K) Eden: 7077K(7168K)->0K(7168K) From: 3751K(7168K)->1745K(7168K)
[2026-06-17T10:01:57.902+0800][55.530s][info][gc,heap        ] GC(2156) ParOldGen: 27709K(44032K)->29624K(44032K)
[2026-06-17T10:01:57.903+0800][55.531s][info][gc,metaspace   ] GC(2156) Metaspace: 118K(320K)->118K(320K) NonClass: 111K(192K)->111K(192K) Class: 7K(128K)->7K(128K)
[2026-06-17T10:01:57.905+0800][55.533s][info][gc             ] GC(2156) Pause Young (Allocation Failure) 37M->30M(57M) 7.402ms
[2026-06-17T10:01:57.906+0800][55.534s][info][gc,cpu         ] GC(2156) User=0.00s Sys=0.00s Real=0.01s
[2026-06-17T10:01:57.928+0800][55.556s][info][gc,start       ] GC(2157) Pause Young (Allocation Failure)
[2026-06-17T10:01:57.929+0800][55.556s][info][gc,heap        ] GC(2157) PSYoungGen: 8865K(14336K)->3720K(14336K) Eden: 7120K(7168K)->0K(7168K) From: 1745K(7168K)->3720K(7168K)
[2026-06-17T10:01:57.929+0800][55.557s][info][gc,heap        ] GC(2157) ParOldGen: 29624K(44032K)->31345K(44032K)
[2026-06-17T10:01:57.929+0800][55.557s][info][gc,metaspace   ] GC(2157) Metaspace: 118K(320K)->118K(320K) NonClass: 111K(192K)->111K(192K) Class: 7K(128K)->7K(128K)
[2026-06-17T10:01:57.929+0800][55.557s][info][gc             ] GC(2157) Pause Young (Allocation Failure) 37M->34M(57M) 1.588ms
[2026-06-17T10:01:57.930+0800][55.557s][info][gc,cpu         ] GC(2157) User=0.01s Sys=0.00s Real=0.00s
[2026-06-17T10:01:57.951+0800][55.579s][info][gc,start       ] GC(2158) Pause Young (Allocation Failure)
[2026-06-17T10:01:57.952+0800][55.580s][info][gc,heap        ] GC(2158) PSYoungGen: 10881K(14336K)->3320K(14336K) Eden: 7161K(7168K)->0K(7168K) From: 3720K(7168K)->3320K(7168K)
[2026-06-17T10:01:57.952+0800][55.580s][info][gc,heap        ] GC(2158) ParOldGen: 31345K(44032K)->31788K(44032K)
[2026-06-17T10:01:57.952+0800][55.580s][info][gc,metaspace   ] GC(2158) Metaspace: 118K(320K)->118K(320K) NonClass: 111K(192K)->111K(192K) Class: 7K(128K)->7K(128K)
[2026-06-17T10:01:57.953+0800][55.580s][info][gc             ] GC(2158) Pause Young (Allocation Failure) 41M->34M(57M) 1.540ms
[2026-06-17T10:01:57.953+0800][55.581s][info][gc,cpu         ] GC(2158) User=0.00s Sys=0.00s Real=0.00s
[2026-06-17T10:01:57.974+0800][55.602s][info][gc,start       ] GC(2159) Pause Young (Allocation Failure)
[2026-06-17T10:01:57.975+0800][55.603s][info][gc,heap        ] GC(2159) PSYoungGen: 10449K(14336K)->1666K(14336K) Eden: 7129K(7168K)->0K(7168K) From: 3320K(7168K)->1666K(7168K)
[2026-06-17T10:01:57.976+0800][55.603s][info][gc,heap        ] GC(2159) ParOldGen: 31788K(44032K)->33614K(44032K)
[2026-06-17T10:01:57.976+0800][55.604s][info][gc,metaspace   ] GC(2159) Metaspace: 118K(320K)->118K(320K) NonClass: 111K(192K)->111K(192K) Class: 7K(128K)->7K(128K)
[2026-06-17T10:01:57.976+0800][55.604s][info][gc             ] GC(2159) Pause Young (Allocation Failure) 41M->34M(57M) 1.840ms
[2026-06-17T10:01:57.976+0800][55.604s][info][gc,cpu         ] GC(2159) User=0.00s Sys=0.01s Real=0.00s
[2026-06-17T10:01:57.987+0800][55.615s][info][gc,start       ] GC(2160) Pause Young (Allocation Failure)
[2026-06-17T10:01:57.988+0800][55.616s][info][gc,heap        ] GC(2160) PSYoungGen: 8828K(14336K)->5437K(14336K) Eden: 7162K(7168K)->0K(7168K) From: 1666K(7168K)->5437K(7168K)
[2026-06-17T10:01:57.989+0800][55.617s][info][gc,heap        ] GC(2160) ParOldGen: 33614K(44032K)->33614K(44032K)
[2026-06-17T10:01:57.989+0800][55.617s][info][gc,metaspace   ] GC(2160) Metaspace: 118K(320K)->118K(320K) NonClass: 111K(192K)->111K(192K) Class: 7K(128K)->7K(128K)
[2026-06-17T10:01:57.990+0800][55.617s][info][gc             ] GC(2160) Pause Young (Allocation Failure) 41M->38M(57M) 2.349ms
[2026-06-17T10:01:57.990+0800][55.618s][info][gc,cpu         ] GC(2160) User=0.00s Sys=0.00s Real=0.00s
[2026-06-17T10:01:58.012+0800][55.639s][info][gc,start       ] GC(2161) Pause Young (Allocation Failure)
[2026-06-17T10:01:58.016+0800][55.644s][info][gc,heap        ] GC(2161) PSYoungGen: 12603K(14336K)->2591K(14336K) Eden: 7165K(7168K)->0K(7168K) From: 5437K(7168K)->2591K(7168K)
[2026-06-17T10:01:58.018+0800][55.645s][info][gc,heap        ] GC(2161) ParOldGen: 33614K(44032K)->36541K(44032K)
[2026-06-17T10:01:58.019+0800][55.646s][info][gc,metaspace   ] GC(2161) Metaspace: 118K(320K)->118K(320K) NonClass: 111K(192K)->111K(192K) Class: 7K(128K)->7K(128K)
[2026-06-17T10:01:58.021+0800][55.648s][info][gc             ] GC(2161) Pause Young (Allocation Failure) 45M->38M(57M) 9.003ms
[2026-06-17T10:01:58.023+0800][55.650s][info][gc,cpu         ] GC(2161) User=0.00s Sys=0.00s Real=0.01s
[2026-06-17T10:01:58.047+0800][55.674s][info][gc,start       ] GC(2162) Pause Young (Allocation Failure)
[2026-06-17T10:01:58.051+0800][55.679s][info][gc,heap        ] GC(2162) PSYoungGen: 9736K(14336K)->3100K(14336K) Eden: 7144K(7168K)->0K(7168K) From: 2591K(7168K)->3100K(7168K)
[2026-06-17T10:01:58.054+0800][55.681s][info][gc,heap        ] GC(2162) ParOldGen: 36541K(44032K)->36541K(44032K)
[2026-06-17T10:01:58.055+0800][55.683s][info][gc,metaspace   ] GC(2162) Metaspace: 118K(320K)->118K(320K) NonClass: 111K(192K)->111K(192K) Class: 7K(128K)->7K(128K)
[2026-06-17T10:01:58.057+0800][55.685s][info][gc             ] GC(2162) Pause Young (Allocation Failure) 45M->38M(57M) 10.279ms
[2026-06-17T10:01:58.059+0800][55.687s][info][gc,cpu         ] GC(2162) User=0.01s Sys=0.00s Real=0.01s
[2026-06-17T10:01:58.073+0800][55.701s][info][gc,start       ] GC(2163) Pause Young (Allocation Failure)
[2026-06-17T10:01:58.083+0800][55.711s][info][gc,heap        ] GC(2163) PSYoungGen: 10027K(14336K)->3222K(14336K) Eden: 6926K(7168K)->0K(7168K) From: 3100K(7168K)->3222K(7168K)
[2026-06-17T10:01:58.085+0800][55.713s][info][gc,heap        ] GC(2163) ParOldGen: 36541K(44032K)->36541K(44032K)
[2026-06-17T10:01:58.087+0800][55.715s][info][gc,metaspace   ] GC(2163) Metaspace: 118K(320K)->118K(320K) NonClass: 111K(192K)->111K(192K) Class: 7K(128K)->7K(128K)
[2026-06-17T10:01:58.123+0800][55.751s][info][gc             ] GC(2163) Pause Young (Allocation Failure) 45M->38M(57M) 50.207ms
[2026-06-17T10:01:58.124+0800][55.752s][info][gc,cpu         ] GC(2163) User=0.00s Sys=0.00s Real=0.05s
[2026-06-17T10:01:58.146+0800][55.774s][info][gc,start       ] GC(2164) Pause Young (Allocation Failure)
[2026-06-17T10:01:58.148+0800][55.776s][info][gc,heap        ] GC(2164) PSYoungGen: 10375K(14336K)->6885K(14336K) Eden: 7153K(7168K)->0K(7168K) From: 3222K(7168K)->6885K(7168K)
[2026-06-17T10:01:58.149+0800][55.777s][info][gc,heap        ] GC(2164) ParOldGen: 36541K(44032K)->36541K(44032K)
[2026-06-17T10:01:58.149+0800][55.777s][info][gc,metaspace   ] GC(2164) Metaspace: 118K(320K)->118K(320K) NonClass: 111K(192K)->111K(192K) Class: 7K(128K)->7K(128K)
[2026-06-17T10:01:58.150+0800][55.777s][info][gc             ] GC(2164) Pause Young (Allocation Failure) 45M->42M(57M) 3.699ms
[2026-06-17T10:01:58.152+0800][55.780s][info][gc,cpu         ] GC(2164) User=0.00s Sys=0.00s Real=0.01s
[2026-06-17T10:01:58.176+0800][55.804s][info][gc,start       ] GC(2165) Pause Young (Allocation Failure)
[2026-06-17T10:01:58.179+0800][55.806s][info][gc,heap        ] GC(2165) PSYoungGen: 14010K(14336K)->3735K(14336K) Eden: 7124K(7168K)->0K(7168K) From: 6885K(7168K)->3735K(7168K)
[2026-06-17T10:01:58.179+0800][55.807s][info][gc,heap        ] GC(2165) ParOldGen: 36541K(44032K)->39715K(44032K)
[2026-06-17T10:01:58.180+0800][55.807s][info][gc,metaspace   ] GC(2165) Metaspace: 118K(320K)->118K(320K) NonClass: 111K(192K)->111K(192K) Class: 7K(128K)->7K(128K)
[2026-06-17T10:01:58.180+0800][55.808s][info][gc             ] GC(2165) Pause Young (Allocation Failure) 49M->42M(57M) 4.142ms
[2026-06-17T10:01:58.181+0800][55.808s][info][gc,cpu         ] GC(2165) User=0.01s Sys=0.00s Real=0.00s
[2026-06-17T10:01:58.202+0800][55.830s][info][gc,start       ] GC(2166) Pause Full (Ergonomics)
[2026-06-17T10:01:58.202+0800][55.830s][info][gc,phases,start] GC(2166) Marking Phase
[2026-06-17T10:01:58.204+0800][55.832s][info][gc,phases      ] GC(2166) Marking Phase 1.469ms
[2026-06-17T10:01:58.205+0800][55.832s][info][gc,phases,start] GC(2166) Summary Phase
[2026-06-17T10:01:58.205+0800][55.833s][info][gc,phases      ] GC(2166) Summary Phase 0.446ms
[2026-06-17T10:01:58.205+0800][55.833s][info][gc,phases,start] GC(2166) Adjust Roots
[2026-06-17T10:01:58.206+0800][55.834s][info][gc,phases      ] GC(2166) Adjust Roots 0.586ms
[2026-06-17T10:01:58.207+0800][55.834s][info][gc,phases,start] GC(2166) Compaction Phase
[2026-06-17T10:01:58.208+0800][55.836s][info][gc,phases      ] GC(2166) Compaction Phase 1.886ms
[2026-06-17T10:01:58.209+0800][55.837s][info][gc,phases,start] GC(2166) Post Compact
[2026-06-17T10:01:58.209+0800][55.837s][info][gc,phases      ] GC(2166) Post Compact 0.506ms
[2026-06-17T10:01:58.210+0800][55.837s][info][gc,heap        ] GC(2166) PSYoungGen: 10883K(14336K)->0K(14336K) Eden: 7147K(7168K)->0K(7168K) From: 3735K(7168K)->0K(7168K)
[2026-06-17T10:01:58.210+0800][55.838s][info][gc,heap        ] GC(2166) ParOldGen: 39715K(44032K)->30508K(44032K)
[2026-06-17T10:01:58.211+0800][55.838s][info][gc,metaspace   ] GC(2166) Metaspace: 118K(320K)->118K(320K) NonClass: 111K(192K)->111K(192K) Class: 7K(128K)->7K(128K)
[2026-06-17T10:01:58.211+0800][55.839s][info][gc             ] GC(2166) Pause Full (Ergonomics) 49M->29M(57M) 9.205ms
[2026-06-17T10:01:58.212+0800][55.839s][info][gc,cpu         ] GC(2166) User=0.00s Sys=0.00s Real=0.02s
[2026-06-17T10:01:58.223+0800][55.851s][info][gc,start       ] GC(2167) Pause Young (Allocation Failure)
[2026-06-17T10:01:58.224+0800][55.852s][info][gc,heap        ] GC(2167) PSYoungGen: 7167K(14336K)->7111K(14336K) Eden: 7167K(7168K)->0K(7168K) From: 0K(7168K)->7111K(7168K)
[2026-06-17T10:01:58.225+0800][55.852s][info][gc,heap        ] GC(2167) ParOldGen: 30508K(44032K)->30606K(44032K)
[2026-06-17T10:01:58.225+0800][55.853s][info][gc,metaspace   ] GC(2167) Metaspace: 118K(320K)->118K(320K) NonClass: 111K(192K)->111K(192K) Class: 7K(128K)->7K(128K)
[2026-06-17T10:01:58.226+0800][55.853s][info][gc             ] GC(2167) Pause Young (Allocation Failure) 36M->36M(57M) 2.786ms
[2026-06-17T10:01:58.226+0800][55.854s][info][gc,cpu         ] GC(2167) User=0.00s Sys=0.00s Real=0.00s
[2026-06-17T10:01:58.248+0800][55.875s][info][gc,start       ] GC(2168) Pause Young (Allocation Failure)
[2026-06-17T10:01:58.249+0800][55.877s][info][gc,heap        ] GC(2168) PSYoungGen: 14266K(14336K)->2529K(14336K) Eden: 7154K(7168K)->0K(7168K) From: 7111K(7168K)->2529K(7168K)
[2026-06-17T10:01:58.250+0800][55.878s][info][gc,heap        ] GC(2168) ParOldGen: 30606K(44032K)->35316K(44032K)
[2026-06-17T10:01:58.251+0800][55.878s][info][gc,metaspace   ] GC(2168) Metaspace: 118K(320K)->118K(320K) NonClass: 111K(192K)->111K(192K) Class: 7K(128K)->7K(128K)
[2026-06-17T10:01:58.251+0800][55.879s][info][gc             ] GC(2168) Pause Young (Allocation Failure) 43M->36M(57M) 3.465ms
[2026-06-17T10:01:58.252+0800][55.879s][info][gc,cpu         ] GC(2168) User=0.00s Sys=0.00s Real=0.01s
[2026-06-17T10:01:58.263+0800][55.891s][info][gc,start       ] GC(2169) Pause Young (Allocation Failure)
[2026-06-17T10:01:58.264+0800][55.892s][info][gc,heap        ] GC(2169) PSYoungGen: 9657K(14336K)->5978K(14336K) Eden: 7127K(7168K)->0K(7168K) From: 2529K(7168K)->5978K(7168K)
[2026-06-17T10:01:58.265+0800][55.893s][info][gc,heap        ] GC(2169) ParOldGen: 35316K(44032K)->35316K(44032K)
[2026-06-17T10:01:58.266+0800][55.894s][info][gc,metaspace   ] GC(2169) Metaspace: 118K(320K)->118K(320K) NonClass: 111K(192K)->111K(192K) Class: 7K(128K)->7K(128K)
[2026-06-17T10:01:58.266+0800][55.894s][info][gc             ] GC(2169) Pause Young (Allocation Failure) 43M->40M(57M) 3.170ms
[2026-06-17T10:01:58.268+0800][55.895s][info][gc,cpu         ] GC(2169) User=0.00s Sys=0.00s Real=0.00s
[2026-06-17T10:01:58.291+0800][55.918s][info][gc,start       ] GC(2170) Pause Young (Allocation Failure)
[2026-06-17T10:01:58.292+0800][55.920s][info][gc,heap        ] GC(2170) PSYoungGen: 13145K(14336K)->2581K(14336K) Eden: 7166K(7168K)->0K(7168K) From: 5978K(7168K)->2581K(7168K)
[2026-06-17T10:01:58.293+0800][55.921s][info][gc,heap        ] GC(2170) ParOldGen: 35316K(44032K)->38583K(44032K)
[2026-06-17T10:01:58.296+0800][55.923s][info][gc,metaspace   ] GC(2170) Metaspace: 118K(320K)->118K(320K) NonClass: 111K(192K)->111K(192K) Class: 7K(128K)->7K(128K)
[2026-06-17T10:01:58.298+0800][55.926s][info][gc             ] GC(2170) Pause Young (Allocation Failure) 47M->40M(57M) 7.066ms
[2026-06-17T10:01:58.300+0800][55.927s][info][gc,cpu         ] GC(2170) User=0.00s Sys=0.00s Real=0.00s
[2026-06-17T10:01:58.323+0800][55.950s][info][gc,start       ] GC(2171) Pause Full (Ergonomics)
[2026-06-17T10:01:58.323+0800][55.951s][info][gc,phases,start] GC(2171) Marking Phase
[2026-06-17T10:01:58.326+0800][55.954s][info][gc,phases      ] GC(2171) Marking Phase 2.566ms
[2026-06-17T10:01:58.326+0800][55.954s][info][gc,phases,start] GC(2171) Summary Phase
[2026-06-17T10:01:58.327+0800][55.954s][info][gc,phases      ] GC(2171) Summary Phase 0.275ms
[2026-06-17T10:01:58.327+0800][55.954s][info][gc,phases,start] GC(2171) Adjust Roots
[2026-06-17T10:01:58.327+0800][55.955s][info][gc,phases      ] GC(2171) Adjust Roots 0.458ms
[2026-06-17T10:01:58.327+0800][55.955s][info][gc,phases,start] GC(2171) Compaction Phase
[2026-06-17T10:01:58.330+0800][55.958s][info][gc,phases      ] GC(2171) Compaction Phase 2.595ms
[2026-06-17T10:01:58.330+0800][55.958s][info][gc,phases,start] GC(2171) Post Compact
[2026-06-17T10:01:58.331+0800][55.958s][info][gc,phases      ] GC(2171) Post Compact 0.344ms
[2026-06-17T10:01:58.331+0800][55.959s][info][gc,heap        ] GC(2171) PSYoungGen: 9741K(14336K)->0K(14336K) Eden: 7159K(7168K)->0K(7168K) From: 2581K(7168K)->0K(7168K)
[2026-06-17T10:01:58.331+0800][55.959s][info][gc,heap        ] GC(2171) ParOldGen: 38583K(44032K)->22426K(44032K)
[2026-06-17T10:01:58.331+0800][55.959s][info][gc,metaspace   ] GC(2171) Metaspace: 118K(320K)->118K(320K) NonClass: 111K(192K)->111K(192K) Class: 7K(128K)->7K(128K)
[2026-06-17T10:01:58.331+0800][55.959s][info][gc             ] GC(2171) Pause Full (Ergonomics) 47M->21M(57M) 8.649ms
[2026-06-17T10:01:58.331+0800][55.959s][info][gc,cpu         ] GC(2171) User=0.01s Sys=0.00s Real=0.01s
[2026-06-17T10:01:58.342+0800][55.970s][info][gc,start       ] GC(2172) Pause Young (Allocation Failure)
[2026-06-17T10:01:58.343+0800][55.971s][info][gc,heap        ] GC(2172) PSYoungGen: 7112K(14336K)->3638K(14336K) Eden: 7112K(7168K)->0K(7168K) From: 0K(7168K)->3638K(7168K)
[2026-06-17T10:01:58.343+0800][55.971s][info][gc,heap        ] GC(2172) ParOldGen: 22426K(44032K)->22426K(44032K)
[2026-06-17T10:01:58.343+0800][55.971s][info][gc,metaspace   ] GC(2172) Metaspace: 118K(320K)->118K(320K) NonClass: 111K(192K)->111K(192K) Class: 7K(128K)->7K(128K)
[2026-06-17T10:01:58.343+0800][55.971s][info][gc             ] GC(2172) Pause Young (Allocation Failure) 28M->25M(57M) 1.070ms
[2026-06-17T10:01:58.344+0800][55.971s][info][gc,cpu         ] GC(2172) User=0.00s Sys=0.00s Real=0.01s
[2026-06-17T10:01:58.364+0800][55.992s][info][gc,start       ] GC(2173) Pause Young (Allocation Failure)
[2026-06-17T10:01:58.366+0800][55.993s][info][gc,heap        ] GC(2173) PSYoungGen: 10780K(14336K)->3599K(14336K) Eden: 7142K(7168K)->0K(7168K) From: 3638K(7168K)->3599K(7168K)
[2026-06-17T10:01:58.366+0800][55.994s][info][gc,heap        ] GC(2173) ParOldGen: 22426K(44032K)->26026K(44032K)
[2026-06-17T10:01:58.366+0800][55.994s][info][gc,metaspace   ] GC(2173) Metaspace: 118K(320K)->118K(320K) NonClass: 111K(192K)->111K(192K) Class: 7K(128K)->7K(128K)
[2026-06-17T10:01:58.366+0800][55.994s][info][gc             ] GC(2173) Pause Young (Allocation Failure) 32M->28M(57M) 2.007ms
[2026-06-17T10:01:58.367+0800][55.994s][info][gc,cpu         ] GC(2173) User=0.00s Sys=0.00s Real=0.00s
[2026-06-17T10:01:58.388+0800][56.016s][info][gc,start       ] GC(2174) Pause Young (Allocation Failure)
[2026-06-17T10:01:58.389+0800][56.017s][info][gc,heap        ] GC(2174) PSYoungGen: 10761K(14336K)->3142K(14336K) Eden: 7162K(7168K)->0K(7168K) From: 3599K(7168K)->3142K(7168K)
[2026-06-17T10:01:58.389+0800][56.017s][info][gc,heap        ] GC(2174) ParOldGen: 26026K(44032K)->26698K(44032K)
[2026-06-17T10:01:58.390+0800][56.018s][info][gc,metaspace   ] GC(2174) Metaspace: 118K(320K)->118K(320K) NonClass: 111K(192K)->111K(192K) Class: 7K(128K)->7K(128K)
[2026-06-17T10:01:58.390+0800][56.018s][info][gc             ] GC(2174) Pause Young (Allocation Failure) 35M->29M(57M) 2.072ms
[2026-06-17T10:01:58.391+0800][56.018s][info][gc,cpu         ] GC(2174) User=0.00s Sys=0.00s Real=0.01s
[2026-06-17T10:01:58.412+0800][56.040s][info][gc,start       ] GC(2175) Pause Young (Allocation Failure)
[2026-06-17T10:01:58.413+0800][56.041s][info][gc,heap        ] GC(2175) PSYoungGen: 10300K(14336K)->1136K(14336K) Eden: 7157K(7168K)->0K(7168K) From: 3142K(7168K)->1136K(7168K)
[2026-06-17T10:01:58.413+0800][56.041s][info][gc,heap        ] GC(2175) ParOldGen: 26698K(44032K)->28660K(44032K)
[2026-06-17T10:01:58.414+0800][56.041s][info][gc,metaspace   ] GC(2175) Metaspace: 118K(320K)->118K(320K) NonClass: 111K(192K)->111K(192K) Class: 7K(128K)->7K(128K)
[2026-06-17T10:01:58.414+0800][56.042s][info][gc             ] GC(2175) Pause Young (Allocation Failure) 36M->29M(57M) 2.015ms
[2026-06-17T10:01:58.414+0800][56.042s][info][gc,cpu         ] GC(2175) User=0.00s Sys=0.00s Real=0.00s
[2026-06-17T10:01:58.425+0800][56.053s][info][gc,start       ] GC(2176) Pause Young (Allocation Failure)
[2026-06-17T10:01:58.427+0800][56.054s][info][gc,heap        ] GC(2176) PSYoungGen: 8254K(14336K)->4907K(14336K) Eden: 7118K(7168K)->0K(7168K) From: 1136K(7168K)->4907K(7168K)
[2026-06-17T10:01:58.427+0800][56.055s][info][gc,heap        ] GC(2176) ParOldGen: 28660K(44032K)->28660K(44032K)
[2026-06-17T10:01:58.427+0800][56.055s][info][gc,metaspace   ] GC(2176) Metaspace: 118K(320K)->118K(320K) NonClass: 111K(192K)->111K(192K) Class: 7K(128K)->7K(128K)
[2026-06-17T10:01:58.428+0800][56.056s][info][gc             ] GC(2176) Pause Young (Allocation Failure) 36M->32M(57M) 2.598ms
[2026-06-17T10:01:58.428+0800][56.056s][info][gc,cpu         ] GC(2176) User=0.00s Sys=0.00s Real=0.00s
[2026-06-17T10:01:58.450+0800][56.077s][info][gc,start       ] GC(2177) Pause Young (Allocation Failure)
[2026-06-17T10:01:58.451+0800][56.078s][info][gc,heap        ] GC(2177) PSYoungGen: 12043K(14336K)->2903K(14336K) Eden: 7136K(7168K)->0K(7168K) From: 4907K(7168K)->2903K(7168K)
[2026-06-17T10:01:58.451+0800][56.079s][info][gc,heap        ] GC(2177) ParOldGen: 28660K(44032K)->30793K(44032K)
[2026-06-17T10:01:58.452+0800][56.079s][info][gc,metaspace   ] GC(2177) Metaspace: 118K(320K)->118K(320K) NonClass: 111K(192K)->111K(192K) Class: 7K(128K)->7K(128K)
[2026-06-17T10:01:58.452+0800][56.080s][info][gc             ] GC(2177) Pause Young (Allocation Failure) 39M->32M(57M) 2.230ms
[2026-06-17T10:01:58.452+0800][56.080s][info][gc,cpu         ] GC(2177) User=0.00s Sys=0.00s Real=0.01s
[2026-06-17T10:01:58.474+0800][56.101s][info][gc,start       ] GC(2178) Pause Young (Allocation Failure)
[2026-06-17T10:01:58.475+0800][56.103s][info][gc,heap        ] GC(2178) PSYoungGen: 10071K(14336K)->3387K(14336K) Eden: 7168K(7168K)->0K(7168K) From: 2903K(7168K)->3387K(7168K)
[2026-06-17T10:01:58.475+0800][56.103s][info][gc,heap        ] GC(2178) ParOldGen: 30793K(44032K)->30793K(44032K)
[2026-06-17T10:01:58.476+0800][56.103s][info][gc,metaspace   ] GC(2178) Metaspace: 118K(320K)->118K(320K) NonClass: 111K(192K)->111K(192K) Class: 7K(128K)->7K(128K)
[2026-06-17T10:01:58.476+0800][56.104s][info][gc             ] GC(2178) Pause Young (Allocation Failure) 39M->33M(57M) 2.468ms
[2026-06-17T10:01:58.476+0800][56.104s][info][gc,cpu         ] GC(2178) User=0.00s Sys=0.00s Real=0.00s
[2026-06-17T10:01:58.487+0800][56.115s][info][gc,start       ] GC(2179) Pause Young (Allocation Failure)
[2026-06-17T10:01:58.489+0800][56.116s][info][gc,heap        ] GC(2179) PSYoungGen: 10235K(14336K)->3238K(14848K) Eden: 6847K(7168K)->0K(7680K) From: 3387K(7168K)->3238K(7168K)
[2026-06-17T10:01:58.489+0800][56.117s][info][gc,heap        ] GC(2179) ParOldGen: 30793K(44032K)->30793K(44032K)
[2026-06-17T10:01:58.489+0800][56.117s][info][gc,metaspace   ] GC(2179) Metaspace: 118K(320K)->118K(320K) NonClass: 111K(192K)->111K(192K) Class: 7K(128K)->7K(128K)
[2026-06-17T10:01:58.490+0800][56.118s][info][gc             ] GC(2179) Pause Young (Allocation Failure) 40M->33M(57M) 2.421ms
[2026-06-17T10:01:58.491+0800][56.119s][info][gc,cpu         ] GC(2179) User=0.00s Sys=0.00s Real=0.01s
[2026-06-17T10:01:58.513+0800][56.141s][info][gc,start       ] GC(2180) Pause Young (Allocation Failure)
[2026-06-17T10:01:58.515+0800][56.142s][info][gc,heap        ] GC(2180) PSYoungGen: 10899K(14848K)->6649K(14336K) Eden: 7661K(7680K)->0K(7680K) From: 3238K(7168K)->6649K(6656K)
[2026-06-17T10:01:58.515+0800][56.143s][info][gc,heap        ] GC(2180) ParOldGen: 30793K(44032K)->31463K(44032K)
[2026-06-17T10:01:58.516+0800][56.143s][info][gc,metaspace   ] GC(2180) Metaspace: 118K(320K)->118K(320K) NonClass: 111K(192K)->111K(192K) Class: 7K(128K)->7K(128K)
[2026-06-17T10:01:58.516+0800][56.144s][info][gc             ] GC(2180) Pause Young (Allocation Failure) 40M->37M(57M) 3.133ms
[2026-06-17T10:01:58.517+0800][56.144s][info][gc,cpu         ] GC(2180) User=0.01s Sys=0.00s Real=0.00s
[2026-06-17T10:01:58.539+0800][56.167s][info][gc,start       ] GC(2181) Pause Young (Allocation Failure)
[2026-06-17T10:01:58.542+0800][56.169s][info][gc,heap        ] GC(2181) PSYoungGen: 14329K(14336K)->5001K(14336K) Eden: 7680K(7680K)->0K(7168K) From: 6649K(6656K)->5001K(7168K)
[2026-06-17T10:01:58.542+0800][56.170s][info][gc,heap        ] GC(2181) ParOldGen: 31463K(44032K)->34007K(44032K)
[2026-06-17T10:01:58.543+0800][56.170s][info][gc,metaspace   ] GC(2181) Metaspace: 118K(320K)->118K(320K) NonClass: 111K(192K)->111K(192K) Class: 7K(128K)->7K(128K)
[2026-06-17T10:01:58.543+0800][56.171s][info][gc             ] GC(2181) Pause Young (Allocation Failure) 44M->38M(57M) 3.874ms
[2026-06-17T10:01:58.544+0800][56.171s][info][gc,cpu         ] GC(2181) User=0.00s Sys=0.00s Real=0.01s
[2026-06-17T10:01:58.566+0800][56.194s][info][gc,start       ] GC(2182) Pause Young (Allocation Failure)
[2026-06-17T10:01:58.570+0800][56.197s][info][gc,heap        ] GC(2182) PSYoungGen: 12127K(14336K)->1034K(14336K) Eden: 7125K(7168K)->0K(7168K) From: 5001K(7168K)->1034K(7168K)
[2026-06-17T10:01:58.572+0800][56.200s][info][gc,heap        ] GC(2182) ParOldGen: 34007K(44032K)->38387K(44032K)
[2026-06-17T10:01:58.575+0800][56.202s][info][gc,metaspace   ] GC(2182) Metaspace: 118K(320K)->118K(320K) NonClass: 111K(192K)->111K(192K) Class: 7K(128K)->7K(128K)
[2026-06-17T10:01:58.576+0800][56.204s][info][gc             ] GC(2182) Pause Young (Allocation Failure) 45M->38M(57M) 10.196ms
[2026-06-17T10:01:58.578+0800][56.206s][info][gc,cpu         ] GC(2182) User=0.00s Sys=0.00s Real=0.01s
[2026-06-17T10:01:58.592+0800][56.220s][info][gc,start       ] GC(2183) Pause Young (Allocation Failure)
[2026-06-17T10:01:58.594+0800][56.222s][info][gc,heap        ] GC(2183) PSYoungGen: 8191K(14336K)->4668K(14336K) Eden: 7157K(7168K)->0K(7168K) From: 1034K(7168K)->4668K(7168K)
[2026-06-17T10:01:58.595+0800][56.222s][info][gc,heap        ] GC(2183) ParOldGen: 38387K(44032K)->38387K(44032K)
[2026-06-17T10:01:58.595+0800][56.223s][info][gc,metaspace   ] GC(2183) Metaspace: 118K(320K)->118K(320K) NonClass: 111K(192K)->111K(192K) Class: 7K(128K)->7K(128K)
[2026-06-17T10:01:58.596+0800][56.223s][info][gc             ] GC(2183) Pause Young (Allocation Failure) 45M->42M(57M) 3.652ms
[2026-06-17T10:01:58.596+0800][56.224s][info][gc,cpu         ] GC(2183) User=0.00s Sys=0.00s Real=0.00s
[2026-06-17T10:01:58.619+0800][56.247s][info][gc,start       ] GC(2184) Pause Young (Allocation Failure)
[2026-06-17T10:01:58.623+0800][56.251s][info][gc,heap        ] GC(2184) PSYoungGen: 11802K(14336K)->3545K(14336K) Eden: 7134K(7168K)->0K(7168K) From: 4668K(7168K)->3545K(7168K)
[2026-06-17T10:01:58.624+0800][56.251s][info][gc,heap        ] GC(2184) ParOldGen: 38387K(44032K)->39969K(44032K)
[2026-06-17T10:01:58.624+0800][56.252s][info][gc,metaspace   ] GC(2184) Metaspace: 118K(320K)->118K(320K) NonClass: 111K(192K)->111K(192K) Class: 7K(128K)->7K(128K)
[2026-06-17T10:01:58.625+0800][56.253s][info][gc             ] GC(2184) Pause Young (Allocation Failure) 49M->42M(57M) 6.049ms
[2026-06-17T10:01:58.626+0800][56.253s][info][gc,cpu         ] GC(2184) User=0.01s Sys=0.00s Real=0.01s
[2026-06-17T10:01:58.648+0800][56.276s][info][gc,start       ] GC(2185) Pause Full (Ergonomics)
[2026-06-17T10:01:58.649+0800][56.277s][info][gc,phases,start] GC(2185) Marking Phase
[2026-06-17T10:01:58.653+0800][56.280s][info][gc,phases      ] GC(2185) Marking Phase 3.170ms
[2026-06-17T10:01:58.653+0800][56.281s][info][gc,phases,start] GC(2185) Summary Phase
[2026-06-17T10:01:58.654+0800][56.281s][info][gc,phases      ] GC(2185) Summary Phase 0.625ms
[2026-06-17T10:01:58.654+0800][56.282s][info][gc,phases,start] GC(2185) Adjust Roots
[2026-06-17T10:01:58.655+0800][56.283s][info][gc,phases      ] GC(2185) Adjust Roots 0.849ms
[2026-06-17T10:01:58.656+0800][56.283s][info][gc,phases,start] GC(2185) Compaction Phase
[2026-06-17T10:01:58.658+0800][56.286s][info][gc,phases      ] GC(2185) Compaction Phase 2.719ms
[2026-06-17T10:01:58.659+0800][56.287s][info][gc,phases,start] GC(2185) Post Compact
[2026-06-17T10:01:58.659+0800][56.287s][info][gc,phases      ] GC(2185) Post Compact 0.554ms
[2026-06-17T10:01:58.660+0800][56.288s][info][gc,heap        ] GC(2185) PSYoungGen: 10680K(14336K)->0K(14336K) Eden: 7135K(7168K)->0K(7168K) From: 3545K(7168K)->0K(7168K)
[2026-06-17T10:01:58.660+0800][56.288s][info][gc,heap        ] GC(2185) ParOldGen: 39969K(44032K)->30131K(44032K)
[2026-06-17T10:01:58.661+0800][56.288s][info][gc,metaspace   ] GC(2185) Metaspace: 118K(320K)->118K(320K) NonClass: 111K(192K)->111K(192K) Class: 7K(128K)->7K(128K)
[2026-06-17T10:01:58.661+0800][56.289s][info][gc             ] GC(2185) Pause Full (Ergonomics) 49M->29M(57M) 12.471ms
[2026-06-17T10:01:58.661+0800][56.289s][info][gc,cpu         ] GC(2185) User=0.01s Sys=0.00s Real=0.01s
[2026-06-17T10:01:58.683+0800][56.311s][info][gc,start       ] GC(2186) Pause Young (Allocation Failure)
[2026-06-17T10:01:58.685+0800][56.313s][info][gc,heap        ] GC(2186) PSYoungGen: 7149K(14336K)->3717K(14336K) Eden: 7149K(7168K)->0K(7168K) From: 0K(7168K)->3717K(7168K)
[2026-06-17T10:01:58.686+0800][56.313s][info][gc,heap        ] GC(2186) ParOldGen: 30131K(44032K)->30131K(44032K)
[2026-06-17T10:01:58.687+0800][56.314s][info][gc,metaspace   ] GC(2186) Metaspace: 118K(320K)->118K(320K) NonClass: 111K(192K)->111K(192K) Class: 7K(128K)->7K(128K)
[2026-06-17T10:01:58.687+0800][56.315s][info][gc             ] GC(2186) Pause Young (Allocation Failure) 36M->33M(57M) 4.301ms
[2026-06-17T10:01:58.688+0800][56.316s][info][gc,cpu         ] GC(2186) User=0.00s Sys=0.00s Real=0.00s
[2026-06-17T10:01:58.710+0800][56.338s][info][gc,start       ] GC(2187) Pause Young (Allocation Failure)
[2026-06-17T10:01:58.712+0800][56.340s][info][gc,heap        ] GC(2187) PSYoungGen: 10872K(14336K)->4141K(14336K) Eden: 7154K(7168K)->0K(7168K) From: 3717K(7168K)->4141K(7168K)
[2026-06-17T10:01:58.713+0800][56.340s][info][gc,heap        ] GC(2187) ParOldGen: 30131K(44032K)->30131K(44032K)
[2026-06-17T10:01:58.713+0800][56.341s][info][gc,metaspace   ] GC(2187) Metaspace: 118K(320K)->118K(320K) NonClass: 111K(192K)->111K(192K) Class: 7K(128K)->7K(128K)
[2026-06-17T10:01:58.714+0800][56.342s][info][gc             ] GC(2187) Pause Young (Allocation Failure) 40M->33M(57M) 4.078ms
[2026-06-17T10:01:58.715+0800][56.342s][info][gc,cpu         ] GC(2187) User=0.00s Sys=0.00s Real=0.01s
[2026-06-17T10:01:58.727+0800][56.354s][info][gc,start       ] GC(2188) Pause Young (Allocation Failure)
[2026-06-17T10:01:58.729+0800][56.357s][info][gc,heap        ] GC(2188) PSYoungGen: 11284K(14336K)->7054K(14336K) Eden: 7143K(7168K)->0K(7168K) From: 4141K(7168K)->7054K(7168K)
[2026-06-17T10:01:58.730+0800][56.358s][info][gc,heap        ] GC(2188) ParOldGen: 30131K(44032K)->30830K(44032K)
[2026-06-17T10:01:58.731+0800][56.359s][info][gc,metaspace   ] GC(2188) Metaspace: 118K(320K)->118K(320K) NonClass: 111K(192K)->111K(192K) Class: 7K(128K)->7K(128K)
[2026-06-17T10:01:58.731+0800][56.359s][info][gc             ] GC(2188) Pause Young (Allocation Failure) 40M->36M(57M) 4.716ms
[2026-06-17T10:01:58.732+0800][56.360s][info][gc,cpu         ] GC(2188) User=0.01s Sys=0.00s Real=0.01s
[2026-06-17T10:01:58.755+0800][56.382s][info][gc,start       ] GC(2189) Pause Young (Allocation Failure)
[2026-06-17T10:01:58.757+0800][56.384s][info][gc,heap        ] GC(2189) PSYoungGen: 14191K(14336K)->4022K(14336K) Eden: 7136K(7168K)->0K(7168K) From: 7054K(7168K)->4022K(7168K)
[2026-06-17T10:01:58.757+0800][56.385s][info][gc,heap        ] GC(2189) ParOldGen: 30830K(44032K)->34230K(44032K)
[2026-06-17T10:01:58.758+0800][56.385s][info][gc,metaspace   ] GC(2189) Metaspace: 118K(320K)->118K(320K) NonClass: 111K(192K)->111K(192K) Class: 7K(128K)->7K(128K)
[2026-06-17T10:01:58.758+0800][56.386s][info][gc             ] GC(2189) Pause Young (Allocation Failure) 43M->37M(57M) 3.702ms
[2026-06-17T10:01:58.759+0800][56.387s][info][gc,cpu         ] GC(2189) User=0.00s Sys=0.00s Real=0.00s
[2026-06-17T10:01:58.781+0800][56.409s][info][gc,start       ] GC(2190) Pause Young (Allocation Failure)
[2026-06-17T10:01:58.785+0800][56.413s][info][gc,heap        ] GC(2190) PSYoungGen: 11173K(14336K)->2333K(14336K) Eden: 7151K(7168K)->0K(7168K) From: 4022K(7168K)->2333K(7168K)
[2026-06-17T10:01:58.788+0800][56.416s][info][gc,heap        ] GC(2190) ParOldGen: 34230K(44032K)->36485K(44032K)
[2026-06-17T10:01:58.792+0800][56.419s][info][gc,metaspace   ] GC(2190) Metaspace: 118K(320K)->118K(320K) NonClass: 111K(192K)->111K(192K) Class: 7K(128K)->7K(128K)
[2026-06-17T10:01:58.792+0800][56.420s][info][gc             ] GC(2190) Pause Young (Allocation Failure) 44M->37M(57M) 11.026ms
[2026-06-17T10:01:58.793+0800][56.421s][info][gc,cpu         ] GC(2190) User=0.00s Sys=0.00s Real=0.02s
[2026-06-17T10:01:58.805+0800][56.433s][info][gc,start       ] GC(2191) Pause Young (Allocation Failure)
[2026-06-17T10:01:58.807+0800][56.435s][info][gc,heap        ] GC(2191) PSYoungGen: 9366K(14336K)->797K(14336K) Eden: 7033K(7168K)->0K(7168K) From: 2333K(7168K)->797K(7168K)
[2026-06-17T10:01:58.807+0800][56.435s][info][gc,heap        ] GC(2191) ParOldGen: 36485K(44032K)->38493K(44032K)
[2026-06-17T10:01:58.808+0800][56.436s][info][gc,metaspace   ] GC(2191) Metaspace: 118K(320K)->118K(320K) NonClass: 111K(192K)->111K(192K) Class: 7K(128K)->7K(128K)
[2026-06-17T10:01:58.808+0800][56.436s][info][gc             ] GC(2191) Pause Young (Allocation Failure) 44M->38M(57M) 3.414ms
[2026-06-17T10:01:58.809+0800][56.437s][info][gc,cpu         ] GC(2191) User=0.00s Sys=0.00s Real=0.00s
[2026-06-17T10:01:58.831+0800][56.459s][info][gc,start       ] GC(2192) Pause Young (Allocation Failure)
[2026-06-17T10:01:58.833+0800][56.461s][info][gc,heap        ] GC(2192) PSYoungGen: 7931K(14336K)->3752K(14336K) Eden: 7134K(7168K)->0K(7168K) From: 797K(7168K)->3752K(7168K)
[2026-06-17T10:01:58.834+0800][56.461s][info][gc,heap        ] GC(2192) ParOldGen: 38493K(44032K)->39266K(44032K)
[2026-06-17T10:01:58.834+0800][56.462s][info][gc,metaspace   ] GC(2192) Metaspace: 118K(320K)->118K(320K) NonClass: 111K(192K)->111K(192K) Class: 7K(128K)->7K(128K)
[2026-06-17T10:01:58.835+0800][56.462s][info][gc             ] GC(2192) Pause Young (Allocation Failure) 45M->42M(57M) 3.387ms
[2026-06-17T10:01:58.835+0800][56.463s][info][gc,cpu         ] GC(2192) User=0.00s Sys=0.00s Real=0.00s
[2026-06-17T10:01:58.857+0800][56.485s][info][gc,start       ] GC(2193) Pause Young (Allocation Failure)
[2026-06-17T10:01:58.858+0800][56.485s][info][gc,heap        ] GC(2193) PSYoungGen: 10912K(14336K)->3123K(14336K) Eden: 7160K(7168K)->0K(7168K) From: 3752K(7168K)->3123K(7168K)
[2026-06-17T10:01:58.858+0800][56.486s][info][gc,heap        ] GC(2193) ParOldGen: 39266K(44032K)->40313K(44032K)
[2026-06-17T10:01:58.858+0800][56.486s][info][gc,metaspace   ] GC(2193) Metaspace: 118K(320K)->118K(320K) NonClass: 111K(192K)->111K(192K) Class: 7K(128K)->7K(128K)
[2026-06-17T10:01:58.859+0800][56.486s][info][gc             ] GC(2193) Pause Young (Allocation Failure) 49M->42M(57M) 1.867ms
[2026-06-17T10:01:58.859+0800][56.487s][info][gc,cpu         ] GC(2193) User=0.00s Sys=0.00s Real=0.00s
[2026-06-17T10:01:58.881+0800][56.508s][info][gc,start       ] GC(2194) Pause Full (Ergonomics)
[2026-06-17T10:01:58.881+0800][56.509s][info][gc,phases,start] GC(2194) Marking Phase
[2026-06-17T10:01:58.883+0800][56.511s][info][gc,phases      ] GC(2194) Marking Phase 2.223ms
[2026-06-17T10:01:58.884+0800][56.512s][info][gc,phases,start] GC(2194) Summary Phase
[2026-06-17T10:01:58.884+0800][56.512s][info][gc,phases      ] GC(2194) Summary Phase 0.408ms
[2026-06-17T10:01:58.885+0800][56.512s][info][gc,phases,start] GC(2194) Adjust Roots
[2026-06-17T10:01:58.885+0800][56.513s][info][gc,phases      ] GC(2194) Adjust Roots 0.505ms
[2026-06-17T10:01:58.886+0800][56.513s][info][gc,phases,start] GC(2194) Compaction Phase
[2026-06-17T10:01:58.888+0800][56.516s][info][gc,phases      ] GC(2194) Compaction Phase 2.301ms
[2026-06-17T10:01:58.888+0800][56.516s][info][gc,phases,start] GC(2194) Post Compact
[2026-06-17T10:01:58.888+0800][56.516s][info][gc,phases      ] GC(2194) Post Compact 0.251ms
[2026-06-17T10:01:58.889+0800][56.516s][info][gc,heap        ] GC(2194) PSYoungGen: 10255K(14336K)->0K(14336K) Eden: 7131K(7168K)->0K(7168K) From: 3123K(7168K)->0K(7168K)
[2026-06-17T10:01:58.889+0800][56.516s][info][gc,heap        ] GC(2194) ParOldGen: 40313K(44032K)->30627K(44032K)
[2026-06-17T10:01:58.889+0800][56.517s][info][gc,metaspace   ] GC(2194) Metaspace: 118K(320K)->118K(320K) NonClass: 111K(192K)->111K(192K) Class: 7K(128K)->7K(128K)
[2026-06-17T10:01:58.889+0800][56.517s][info][gc             ] GC(2194) Pause Full (Ergonomics) 49M->29M(57M) 8.355ms
[2026-06-17T10:01:58.889+0800][56.517s][info][gc,cpu         ] GC(2194) User=0.00s Sys=0.00s Real=0.01s
[2026-06-17T10:01:58.900+0800][56.528s][info][gc,start       ] GC(2195) Pause Young (Allocation Failure)
[2026-06-17T10:01:58.901+0800][56.529s][info][gc,heap        ] GC(2195) PSYoungGen: 7168K(14336K)->7152K(14336K) Eden: 7168K(7168K)->0K(7168K) From: 0K(7168K)->7152K(7168K)
[2026-06-17T10:01:58.901+0800][56.529s][info][gc,heap        ] GC(2195) ParOldGen: 30627K(44032K)->30673K(44032K)
[2026-06-17T10:01:58.901+0800][56.529s][info][gc,metaspace   ] GC(2195) Metaspace: 118K(320K)->118K(320K) NonClass: 111K(192K)->111K(192K) Class: 7K(128K)->7K(128K)
[2026-06-17T10:01:58.901+0800][56.529s][info][gc             ] GC(2195) Pause Young (Allocation Failure) 36M->36M(57M) 1.339ms
[2026-06-17T10:01:58.901+0800][56.529s][info][gc,cpu         ] GC(2195) User=0.00s Sys=0.00s Real=0.00s
[2026-06-17T10:01:58.923+0800][56.551s][info][gc,start       ] GC(2196) Pause Young (Allocation Failure)
[2026-06-17T10:01:58.924+0800][56.552s][info][gc,heap        ] GC(2196) PSYoungGen: 14318K(14336K)->3344K(14336K) Eden: 7166K(7168K)->0K(7168K) From: 7152K(7168K)->3344K(7168K)
[2026-06-17T10:01:58.925+0800][56.552s][info][gc,heap        ] GC(2196) ParOldGen: 30673K(44032K)->34539K(44032K)
[2026-06-17T10:01:58.925+0800][56.553s][info][gc,metaspace   ] GC(2196) Metaspace: 118K(320K)->118K(320K) NonClass: 111K(192K)->111K(192K) Class: 7K(128K)->7K(128K)
[2026-06-17T10:01:58.925+0800][56.553s][info][gc             ] GC(2196) Pause Young (Allocation Failure) 43M->36M(57M) 2.568ms
[2026-06-17T10:01:58.926+0800][56.554s][info][gc,cpu         ] GC(2196) User=0.01s Sys=0.00s Real=0.00s
[2026-06-17T10:01:58.947+0800][56.575s][info][gc,start       ] GC(2197) Pause Young (Allocation Failure)
[2026-06-17T10:01:58.948+0800][56.576s][info][gc,heap        ] GC(2197) PSYoungGen: 10493K(14336K)->3619K(14336K) Eden: 7149K(7168K)->0K(7168K) From: 3344K(7168K)->3619K(7168K)
[2026-06-17T10:01:58.949+0800][56.577s][info][gc,heap        ] GC(2197) ParOldGen: 34539K(44032K)->34539K(44032K)
[2026-06-17T10:01:58.949+0800][56.577s][info][gc,metaspace   ] GC(2197) Metaspace: 118K(320K)->118K(320K) NonClass: 111K(192K)->111K(192K) Class: 7K(128K)->7K(128K)
[2026-06-17T10:01:58.949+0800][56.577s][info][gc             ] GC(2197) Pause Young (Allocation Failure) 43M->37M(57M) 2.147ms
[2026-06-17T10:01:58.950+0800][56.578s][info][gc,cpu         ] GC(2197) User=0.00s Sys=0.00s Real=0.00s
[2026-06-17T10:01:58.961+0800][56.589s][info][gc,start       ] GC(2198) Pause Young (Allocation Failure)
[2026-06-17T10:01:58.963+0800][56.590s][info][gc,heap        ] GC(2198) PSYoungGen: 10772K(14336K)->1811K(14336K) Eden: 7153K(7168K)->0K(7168K) From: 3619K(7168K)->1811K(7168K)
[2026-06-17T10:01:58.963+0800][56.591s][info][gc,heap        ] GC(2198) ParOldGen: 34539K(44032K)->36842K(44032K)
[2026-06-17T10:01:58.963+0800][56.591s][info][gc,metaspace   ] GC(2198) Metaspace: 118K(320K)->118K(320K) NonClass: 111K(192K)->111K(192K) Class: 7K(128K)->7K(128K)
[2026-06-17T10:01:58.964+0800][56.591s][info][gc             ] GC(2198) Pause Young (Allocation Failure) 44M->37M(57M) 2.391ms
[2026-06-17T10:01:58.964+0800][56.592s][info][gc,cpu         ] GC(2198) User=0.00s Sys=0.00s Real=0.01s
[2026-06-17T10:01:58.986+0800][56.613s][info][gc,start       ] GC(2199) Pause Young (Allocation Failure)
[2026-06-17T10:01:58.987+0800][56.615s][info][gc,heap        ] GC(2199) PSYoungGen: 8956K(14336K)->3703K(14336K) Eden: 7145K(7168K)->0K(7168K) From: 1811K(7168K)->3703K(7168K)
[2026-06-17T10:01:58.988+0800][56.615s][info][gc,heap        ] GC(2199) ParOldGen: 36842K(44032K)->38630K(44032K)
[2026-06-17T10:01:58.988+0800][56.616s][info][gc,metaspace   ] GC(2199) Metaspace: 118K(320K)->118K(320K) NonClass: 111K(192K)->111K(192K) Class: 7K(128K)->7K(128K)
[2026-06-17T10:01:58.988+0800][56.616s][info][gc             ] GC(2199) Pause Young (Allocation Failure) 44M->41M(57M) 2.565ms
[2026-06-17T10:01:58.989+0800][56.616s][info][gc,cpu         ] GC(2199) User=0.00s Sys=0.00s Real=0.00s
[2026-06-17T10:01:59.000+0800][56.628s][info][gc,start       ] GC(2200) Pause Young (Allocation Failure)
[2026-06-17T10:01:59.001+0800][56.629s][info][gc,heap        ] GC(2200) PSYoungGen: 10642K(14336K)->3728K(14336K) Eden: 6938K(7168K)->0K(7168K) From: 3703K(7168K)->3728K(7168K)
[2026-06-17T10:01:59.002+0800][56.629s][info][gc,heap        ] GC(2200) ParOldGen: 38630K(44032K)->38630K(44032K)
[2026-06-17T10:01:59.002+0800][56.630s][info][gc,metaspace   ] GC(2200) Metaspace: 118K(320K)->118K(320K) NonClass: 111K(192K)->111K(192K) Class: 7K(128K)->7K(128K)
[2026-06-17T10:01:59.002+0800][56.630s][info][gc             ] GC(2200) Pause Young (Allocation Failure) 48M->41M(57M) 2.554ms
[2026-06-17T10:01:59.003+0800][56.630s][info][gc,cpu         ] GC(2200) User=0.01s Sys=0.00s Real=0.01s
[2026-06-17T10:01:59.025+0800][56.652s][info][gc,start       ] GC(2201) Pause Young (Allocation Failure)
[2026-06-17T10:01:59.027+0800][56.655s][info][gc,heap        ] GC(2201) PSYoungGen: 10872K(14336K)->5102K(13824K) Eden: 7144K(7168K)->0K(7168K) From: 3728K(7168K)->5102K(6656K)
[2026-06-17T10:01:59.028+0800][56.656s][info][gc,heap        ] GC(2201) ParOldGen: 38630K(44032K)->40560K(44032K)
[2026-06-17T10:01:59.029+0800][56.656s][info][gc,metaspace   ] GC(2201) Metaspace: 118K(320K)->118K(320K) NonClass: 111K(192K)->111K(192K) Class: 7K(128K)->7K(128K)
[2026-06-17T10:01:59.031+0800][56.658s][info][gc             ] GC(2201) Pause Young (Allocation Failure) 48M->44M(56M) 5.887ms
[2026-06-17T10:01:59.031+0800][56.659s][info][gc,cpu         ] GC(2201) User=0.00s Sys=0.00s Real=0.01s
[2026-06-17T10:01:59.053+0800][56.681s][info][gc,start       ] GC(2202) Pause Full (Ergonomics)
[2026-06-17T10:01:59.054+0800][56.682s][info][gc,phases,start] GC(2202) Marking Phase
[2026-06-17T10:01:59.058+0800][56.686s][info][gc,phases      ] GC(2202) Marking Phase 3.709ms
[2026-06-17T10:01:59.059+0800][56.686s][info][gc,phases,start] GC(2202) Summary Phase
[2026-06-17T10:01:59.059+0800][56.687s][info][gc,phases      ] GC(2202) Summary Phase 0.549ms
[2026-06-17T10:01:59.060+0800][56.687s][info][gc,phases,start] GC(2202) Adjust Roots
[2026-06-17T10:01:59.061+0800][56.688s][info][gc,phases      ] GC(2202) Adjust Roots 0.890ms
[2026-06-17T10:01:59.061+0800][56.689s][info][gc,phases,start] GC(2202) Compaction Phase
[2026-06-17T10:01:59.064+0800][56.692s][info][gc,phases      ] GC(2202) Compaction Phase 2.884ms
[2026-06-17T10:01:59.065+0800][56.692s][info][gc,phases,start] GC(2202) Post Compact
[2026-06-17T10:01:59.065+0800][56.693s][info][gc,phases      ] GC(2202) Post Compact 0.593ms
[2026-06-17T10:01:59.066+0800][56.693s][info][gc,heap        ] GC(2202) PSYoungGen: 12250K(13824K)->0K(14336K) Eden: 7148K(7168K)->0K(7168K) From: 5102K(6656K)->0K(7168K)
[2026-06-17T10:01:59.066+0800][56.694s][info][gc,heap        ] GC(2202) ParOldGen: 40560K(44032K)->32561K(44032K)
[2026-06-17T10:01:59.066+0800][56.694s][info][gc,metaspace   ] GC(2202) Metaspace: 118K(320K)->118K(320K) NonClass: 111K(192K)->111K(192K) Class: 7K(128K)->7K(128K)
[2026-06-17T10:01:59.067+0800][56.694s][info][gc             ] GC(2202) Pause Full (Ergonomics) 51M->31M(57M) 13.136ms
[2026-06-17T10:01:59.067+0800][56.695s][info][gc,cpu         ] GC(2202) User=0.01s Sys=0.00s Real=0.01s
[2026-06-17T10:01:59.088+0800][56.716s][info][gc,start       ] GC(2203) Pause Young (Allocation Failure)
[2026-06-17T10:01:59.089+0800][56.717s][info][gc,heap        ] GC(2203) PSYoungGen: 7130K(14336K)->3717K(14848K) Eden: 7130K(7168K)->0K(7680K) From: 0K(7168K)->3717K(7168K)
[2026-06-17T10:01:59.090+0800][56.718s][info][gc,heap        ] GC(2203) ParOldGen: 32561K(44032K)->32561K(44032K)
[2026-06-17T10:01:59.091+0800][56.719s][info][gc,metaspace   ] GC(2203) Metaspace: 118K(320K)->118K(320K) NonClass: 111K(192K)->111K(192K) Class: 7K(128K)->7K(128K)
[2026-06-17T10:01:59.092+0800][56.720s][info][gc             ] GC(2203) Pause Young (Allocation Failure) 38M->35M(57M) 3.667ms
[2026-06-17T10:01:59.093+0800][56.720s][info][gc,cpu         ] GC(2203) User=0.00s Sys=0.00s Real=0.01s
[2026-06-17T10:01:59.116+0800][56.744s][info][gc,start       ] GC(2204) Pause Young (Allocation Failure)
[2026-06-17T10:01:59.119+0800][56.747s][info][gc,heap        ] GC(2204) PSYoungGen: 11394K(14848K)->4912K(14336K) Eden: 7677K(7680K)->0K(7680K) From: 3717K(7168K)->4912K(6656K)
[2026-06-17T10:01:59.120+0800][56.748s][info][gc,heap        ] GC(2204) ParOldGen: 32561K(44032K)->32561K(44032K)
[2026-06-17T10:01:59.121+0800][56.749s][info][gc,metaspace   ] GC(2204) Metaspace: 118K(320K)->118K(320K) NonClass: 111K(192K)->111K(192K) Class: 7K(128K)->7K(128K)
[2026-06-17T10:01:59.122+0800][56.750s][info][gc             ] GC(2204) Pause Young (Allocation Failure) 42M->36M(57M) 5.505ms
[2026-06-17T10:01:59.123+0800][56.751s][info][gc,cpu         ] GC(2204) User=0.00s Sys=0.00s Real=0.01s
[2026-06-17T10:01:59.136+0800][56.763s][info][gc,start       ] GC(2205) Pause Young (Allocation Failure)
[2026-06-17T10:01:59.139+0800][56.766s][info][gc,heap        ] GC(2205) PSYoungGen: 12492K(14336K)->3033K(14848K) Eden: 7580K(7680K)->0K(7680K) From: 4912K(6656K)->3033K(7168K)
[2026-06-17T10:01:59.140+0800][56.767s][info][gc,heap        ] GC(2205) ParOldGen: 32561K(44032K)->35328K(44032K)
[2026-06-17T10:01:59.141+0800][56.769s][info][gc,metaspace   ] GC(2205) Metaspace: 118K(320K)->118K(320K) NonClass: 111K(192K)->111K(192K) Class: 7K(128K)->7K(128K)
[2026-06-17T10:01:59.142+0800][56.770s][info][gc             ] GC(2205) Pause Young (Allocation Failure) 43M->37M(57M) 6.323ms
[2026-06-17T10:01:59.143+0800][56.771s][info][gc,cpu         ] GC(2205) User=0.00s Sys=0.00s Real=0.01s
[2026-06-17T10:01:59.166+0800][56.794s][info][gc,start       ] GC(2206) Pause Young (Allocation Failure)
[2026-06-17T10:01:59.170+0800][56.797s][info][gc,heap        ] GC(2206) PSYoungGen: 10700K(14848K)->4298K(14336K) Eden: 7667K(7680K)->0K(7680K) From: 3033K(7168K)->4298K(6656K)
[2026-06-17T10:01:59.171+0800][56.799s][info][gc,heap        ] GC(2206) ParOldGen: 35328K(44032K)->38337K(44032K)
[2026-06-17T10:01:59.172+0800][56.800s][info][gc,metaspace   ] GC(2206) Metaspace: 118K(320K)->118K(320K) NonClass: 111K(192K)->111K(192K) Class: 7K(128K)->7K(128K)
[2026-06-17T10:01:59.173+0800][56.801s][info][gc             ] GC(2206) Pause Young (Allocation Failure) 44M->41M(57M) 6.780ms
[2026-06-17T10:01:59.174+0800][56.802s][info][gc,cpu         ] GC(2206) User=0.00s Sys=0.00s Real=0.01s
[2026-06-17T10:01:59.197+0800][56.825s][info][gc,start       ] GC(2207) Pause Young (Allocation Failure)
[2026-06-17T10:01:59.198+0800][56.826s][info][gc,heap        ] GC(2207) PSYoungGen: 11966K(14336K)->3721K(14848K) Eden: 7667K(7680K)->0K(8192K) From: 4298K(6656K)->3721K(6656K)
[2026-06-17T10:01:59.199+0800][56.827s][info][gc,heap        ] GC(2207) ParOldGen: 38337K(44032K)->39643K(44032K)
[2026-06-17T10:01:59.200+0800][56.827s][info][gc,metaspace   ] GC(2207) Metaspace: 118K(320K)->118K(320K) NonClass: 111K(192K)->111K(192K) Class: 7K(128K)->7K(128K)
[2026-06-17T10:01:59.201+0800][56.828s][info][gc             ] GC(2207) Pause Young (Allocation Failure) 49M->42M(57M) 3.521ms
[2026-06-17T10:01:59.202+0800][56.830s][info][gc,cpu         ] GC(2207) User=0.00s Sys=0.00s Real=0.00s
[2026-06-17T10:01:59.225+0800][56.853s][info][gc,start       ] GC(2208) Pause Full (Ergonomics)
[2026-06-17T10:01:59.226+0800][56.854s][info][gc,phases,start] GC(2208) Marking Phase
[2026-06-17T10:01:59.231+0800][56.858s][info][gc,phases      ] GC(2208) Marking Phase 4.515ms
[2026-06-17T10:01:59.231+0800][56.859s][info][gc,phases,start] GC(2208) Summary Phase
[2026-06-17T10:01:59.232+0800][56.860s][info][gc,phases      ] GC(2208) Summary Phase 0.940ms
[2026-06-17T10:01:59.233+0800][56.861s][info][gc,phases,start] GC(2208) Adjust Roots
[2026-06-17T10:01:59.234+0800][56.862s][info][gc,phases      ] GC(2208) Adjust Roots 1.121ms
[2026-06-17T10:01:59.235+0800][56.863s][info][gc,phases,start] GC(2208) Compaction Phase
[2026-06-17T10:01:59.238+0800][56.866s][info][gc,phases      ] GC(2208) Compaction Phase 3.275ms
[2026-06-17T10:01:59.239+0800][56.867s][info][gc,phases,start] GC(2208) Post Compact
[2026-06-17T10:01:59.240+0800][56.868s][info][gc,phases      ] GC(2208) Post Compact 0.950ms
[2026-06-17T10:01:59.241+0800][56.868s][info][gc,heap        ] GC(2208) PSYoungGen: 11909K(14848K)->0K(14848K) Eden: 8187K(8192K)->0K(8192K) From: 3721K(6656K)->0K(6656K)
[2026-06-17T10:01:59.241+0800][56.869s][info][gc,heap        ] GC(2208) ParOldGen: 39643K(44032K)->31458K(44032K)
[2026-06-17T10:01:59.242+0800][56.870s][info][gc,metaspace   ] GC(2208) Metaspace: 118K(320K)->118K(320K) NonClass: 111K(192K)->111K(192K) Class: 7K(128K)->7K(128K)
[2026-06-17T10:01:59.243+0800][56.871s][info][gc             ] GC(2208) Pause Full (Ergonomics) 50M->30M(57M) 18.110ms
[2026-06-17T10:01:59.244+0800][56.872s][info][gc,cpu         ] GC(2208) User=0.01s Sys=0.00s Real=0.02s
[2026-06-17T10:01:59.267+0800][56.895s][info][gc,start       ] GC(2209) Pause Young (Allocation Failure)
[2026-06-17T10:01:59.269+0800][56.897s][info][gc,heap        ] GC(2209) PSYoungGen: 8173K(14848K)->4645K(14848K) Eden: 8173K(8192K)->0K(8192K) From: 0K(6656K)->4645K(6656K)
[2026-06-17T10:01:59.270+0800][56.898s][info][gc,heap        ] GC(2209) ParOldGen: 31458K(44032K)->31458K(44032K)
[2026-06-17T10:01:59.271+0800][56.899s][info][gc,metaspace   ] GC(2209) Metaspace: 118K(320K)->118K(320K) NonClass: 111K(192K)->111K(192K) Class: 7K(128K)->7K(128K)
[2026-06-17T10:01:59.272+0800][56.899s][info][gc             ] GC(2209) Pause Young (Allocation Failure) 38M->35M(57M) 4.704ms
[2026-06-17T10:01:59.272+0800][56.900s][info][gc,cpu         ] GC(2209) User=0.00s Sys=0.00s Real=0.01s
[2026-06-17T10:01:59.285+0800][56.913s][info][gc,start       ] GC(2210) Pause Young (Allocation Failure)
[2026-06-17T10:01:59.287+0800][56.915s][info][gc,heap        ] GC(2210) PSYoungGen: 12703K(14848K)->5823K(14336K) Eden: 8057K(8192K)->0K(8192K) From: 4645K(6656K)->5823K(6144K)
[2026-06-17T10:01:59.288+0800][56.915s][info][gc,heap        ] GC(2210) ParOldGen: 31458K(44032K)->31458K(44032K)
[2026-06-17T10:01:59.288+0800][56.916s][info][gc,metaspace   ] GC(2210) Metaspace: 118K(320K)->118K(320K) NonClass: 111K(192K)->111K(192K) Class: 7K(128K)->7K(128K)
[2026-06-17T10:01:59.289+0800][56.916s][info][gc             ] GC(2210) Pause Young (Allocation Failure) 43M->36M(57M) 3.771ms
[2026-06-17T10:01:59.289+0800][56.917s][info][gc,cpu         ] GC(2210) User=0.01s Sys=0.00s Real=0.00s
[2026-06-17T10:01:59.322+0800][56.949s][info][gc,start       ] GC(2211) Pause Young (Allocation Failure)
[2026-06-17T10:01:59.323+0800][56.951s][info][gc,heap        ] GC(2211) PSYoungGen: 14006K(14336K)->7132K(14336K) Eden: 8183K(8192K)->0K(7168K) From: 5823K(6144K)->7132K(7168K)
[2026-06-17T10:01:59.324+0800][56.951s][info][gc,heap        ] GC(2211) ParOldGen: 31458K(44032K)->31458K(44032K)
[2026-06-17T10:01:59.324+0800][56.952s][info][gc,metaspace   ] GC(2211) Metaspace: 118K(320K)->118K(320K) NonClass: 111K(192K)->111K(192K) Class: 7K(128K)->7K(128K)
[2026-06-17T10:01:59.325+0800][56.953s][info][gc             ] GC(2211) Pause Young (Allocation Failure) 44M->37M(57M) 3.105ms
[2026-06-17T10:01:59.325+0800][56.953s][info][gc,cpu         ] GC(2211) User=0.00s Sys=0.00s Real=0.01s
[2026-06-17T10:01:59.337+0800][56.964s][info][gc,start       ] GC(2212) Pause Young (Allocation Failure)
[2026-06-17T10:01:59.338+0800][56.966s][info][gc,heap        ] GC(2212) PSYoungGen: 14279K(14336K)->4785K(14336K) Eden: 7147K(7168K)->0K(7168K) From: 7132K(7168K)->4785K(7168K)
[2026-06-17T10:01:59.339+0800][56.966s][info][gc,heap        ] GC(2212) ParOldGen: 31458K(44032K)->37214K(44032K)
[2026-06-17T10:01:59.339+0800][56.967s][info][gc,metaspace   ] GC(2212) Metaspace: 118K(320K)->118K(320K) NonClass: 111K(192K)->111K(192K) Class: 7K(128K)->7K(128K)
[2026-06-17T10:01:59.339+0800][56.967s][info][gc             ] GC(2212) Pause Young (Allocation Failure) 44M->41M(57M) 2.629ms
[2026-06-17T10:01:59.340+0800][56.967s][info][gc,cpu         ] GC(2212) User=0.00s Sys=0.00s Real=0.00s
[2026-06-17T10:01:59.361+0800][56.989s][info][gc,start       ] GC(2213) Pause Young (Allocation Failure)
[2026-06-17T10:01:59.362+0800][56.990s][info][gc,heap        ] GC(2213) PSYoungGen: 11932K(14336K)->2530K(14336K) Eden: 7147K(7168K)->0K(7168K) From: 4785K(7168K)->2530K(7168K)
[2026-06-17T10:01:59.363+0800][56.991s][info][gc,heap        ] GC(2213) ParOldGen: 37214K(44032K)->39480K(44032K)
[2026-06-17T10:01:59.363+0800][56.991s][info][gc,metaspace   ] GC(2213) Metaspace: 118K(320K)->118K(320K) NonClass: 111K(192K)->111K(192K) Class: 7K(128K)->7K(128K)
[2026-06-17T10:01:59.364+0800][56.992s][info][gc             ] GC(2213) Pause Young (Allocation Failure) 47M->41M(57M) 2.963ms
[2026-06-17T10:01:59.364+0800][56.992s][info][gc,cpu         ] GC(2213) User=0.00s Sys=0.00s Real=0.01s
[2026-06-17T10:01:59.386+0800][57.014s][info][gc,start       ] GC(2214) Pause Full (Ergonomics)
[2026-06-17T10:01:59.387+0800][57.014s][info][gc,phases,start] GC(2214) Marking Phase
[2026-06-17T10:01:59.388+0800][57.016s][info][gc,phases      ] GC(2214) Marking Phase 1.432ms
[2026-06-17T10:01:59.389+0800][57.016s][info][gc,phases,start] GC(2214) Summary Phase
[2026-06-17T10:01:59.389+0800][57.017s][info][gc,phases      ] GC(2214) Summary Phase 0.470ms
[2026-06-17T10:01:59.390+0800][57.017s][info][gc,phases,start] GC(2214) Adjust Roots
[2026-06-17T10:01:59.390+0800][57.018s][info][gc,phases      ] GC(2214) Adjust Roots 0.513ms
[2026-06-17T10:01:59.390+0800][57.018s][info][gc,phases,start] GC(2214) Compaction Phase
[2026-06-17T10:01:59.392+0800][57.019s][info][gc,phases      ] GC(2214) Compaction Phase 1.428ms
[2026-06-17T10:01:59.392+0800][57.020s][info][gc,phases,start] GC(2214) Post Compact
[2026-06-17T10:01:59.392+0800][57.020s][info][gc,phases      ] GC(2214) Post Compact 0.314ms
[2026-06-17T10:01:59.393+0800][57.020s][info][gc,heap        ] GC(2214) PSYoungGen: 9682K(14336K)->0K(14336K) Eden: 7151K(7168K)->0K(7168K) From: 2530K(7168K)->0K(7168K)
[2026-06-17T10:01:59.393+0800][57.020s][info][gc,heap        ] GC(2214) ParOldGen: 39480K(44032K)->27324K(44032K)
[2026-06-17T10:01:59.393+0800][57.021s][info][gc,metaspace   ] GC(2214) Metaspace: 118K(320K)->118K(320K) NonClass: 111K(192K)->111K(192K) Class: 7K(128K)->7K(128K)
[2026-06-17T10:01:59.393+0800][57.021s][info][gc             ] GC(2214) Pause Full (Ergonomics) 48M->26M(57M) 7.214ms
[2026-06-17T10:01:59.393+0800][57.021s][info][gc,cpu         ] GC(2214) User=0.01s Sys=0.00s Real=0.01s
[2026-06-17T10:01:59.404+0800][57.032s][info][gc,start       ] GC(2215) Pause Young (Allocation Failure)
[2026-06-17T10:01:59.405+0800][57.033s][info][gc,heap        ] GC(2215) PSYoungGen: 6985K(14336K)->3540K(14336K) Eden: 6985K(7168K)->0K(7168K) From: 0K(7168K)->3540K(7168K)
[2026-06-17T10:01:59.406+0800][57.034s][info][gc,heap        ] GC(2215) ParOldGen: 27324K(44032K)->27324K(44032K)
[2026-06-17T10:01:59.407+0800][57.034s][info][gc,metaspace   ] GC(2215) Metaspace: 118K(320K)->118K(320K) NonClass: 111K(192K)->111K(192K) Class: 7K(128K)->7K(128K)
[2026-06-17T10:01:59.407+0800][57.035s][info][gc             ] GC(2215) Pause Young (Allocation Failure) 33M->30M(57M) 2.563ms
[2026-06-17T10:01:59.407+0800][57.035s][info][gc,cpu         ] GC(2215) User=0.00s Sys=0.00s Real=0.00s
[2026-06-17T10:01:59.428+0800][57.056s][info][gc,start       ] GC(2216) Pause Young (Allocation Failure)
[2026-06-17T10:01:59.430+0800][57.058s][info][gc,heap        ] GC(2216) PSYoungGen: 10674K(14336K)->3658K(14336K) Eden: 7134K(7168K)->0K(7168K) From: 3540K(7168K)->3658K(7168K)
[2026-06-17T10:01:59.432+0800][57.060s][info][gc,heap        ] GC(2216) ParOldGen: 27324K(44032K)->30836K(44032K)
[2026-06-17T10:01:59.433+0800][57.061s][info][gc,metaspace   ] GC(2216) Metaspace: 118K(320K)->118K(320K) NonClass: 111K(192K)->111K(192K) Class: 7K(128K)->7K(128K)
[2026-06-17T10:01:59.433+0800][57.061s][info][gc             ] GC(2216) Pause Young (Allocation Failure) 37M->33M(57M) 4.880ms
[2026-06-17T10:01:59.434+0800][57.062s][info][gc,cpu         ] GC(2216) User=0.00s Sys=0.01s Real=0.01s
[2026-06-17T10:01:59.445+0800][57.073s][info][gc,start       ] GC(2217) Pause Young (Allocation Failure)
[2026-06-17T10:01:59.446+0800][57.074s][info][gc,heap        ] GC(2217) PSYoungGen: 10648K(14336K)->3429K(14336K) Eden: 6989K(7168K)->0K(7168K) From: 3658K(7168K)->3429K(7168K)
[2026-06-17T10:01:59.446+0800][57.074s][info][gc,heap        ] GC(2217) ParOldGen: 30836K(44032K)->30836K(44032K)
[2026-06-17T10:01:59.447+0800][57.074s][info][gc,metaspace   ] GC(2217) Metaspace: 118K(320K)->118K(320K) NonClass: 111K(192K)->111K(192K) Class: 7K(128K)->7K(128K)
[2026-06-17T10:01:59.447+0800][57.075s][info][gc             ] GC(2217) Pause Young (Allocation Failure) 40M->33M(57M) 1.753ms
[2026-06-17T10:01:59.447+0800][57.075s][info][gc,cpu         ] GC(2217) User=0.00s Sys=0.00s Real=0.00s
[2026-06-17T10:01:59.468+0800][57.096s][info][gc,start       ] GC(2218) Pause Young (Allocation Failure)
[2026-06-17T10:01:59.470+0800][57.097s][info][gc,heap        ] GC(2218) PSYoungGen: 10582K(14336K)->7143K(14336K) Eden: 7153K(7168K)->0K(7168K) From: 3429K(7168K)->7143K(7168K)
[2026-06-17T10:01:59.470+0800][57.098s][info][gc,heap        ] GC(2218) ParOldGen: 30836K(44032K)->30836K(44032K)
[2026-06-17T10:01:59.471+0800][57.099s][info][gc,metaspace   ] GC(2218) Metaspace: 118K(320K)->118K(320K) NonClass: 111K(192K)->111K(192K) Class: 7K(128K)->7K(128K)
[2026-06-17T10:01:59.472+0800][57.099s][info][gc             ] GC(2218) Pause Young (Allocation Failure) 40M->37M(57M) 3.365ms
[2026-06-17T10:01:59.472+0800][57.100s][info][gc,cpu         ] GC(2218) User=0.01s Sys=0.00s Real=0.01s
[2026-06-17T10:01:59.494+0800][57.122s][info][gc,start       ] GC(2219) Pause Young (Allocation Failure)
[2026-06-17T10:01:59.495+0800][57.123s][info][gc,heap        ] GC(2219) PSYoungGen: 14270K(14336K)->3738K(14336K) Eden: 7127K(7168K)->0K(7168K) From: 7143K(7168K)->3738K(7168K)
[2026-06-17T10:01:59.496+0800][57.124s][info][gc,heap        ] GC(2219) ParOldGen: 30836K(44032K)->34241K(44032K)
[2026-06-17T10:01:59.497+0800][57.125s][info][gc,metaspace   ] GC(2219) Metaspace: 118K(320K)->118K(320K) NonClass: 111K(192K)->111K(192K) Class: 7K(128K)->7K(128K)
[2026-06-17T10:01:59.497+0800][57.125s][info][gc             ] GC(2219) Pause Young (Allocation Failure) 44M->37M(57M) 3.457ms
[2026-06-17T10:01:59.499+0800][57.126s][info][gc,cpu         ] GC(2219) User=0.00s Sys=0.00s Real=0.00s
[2026-06-17T10:01:59.521+0800][57.148s][info][gc,start       ] GC(2220) Pause Young (Allocation Failure)
[2026-06-17T10:01:59.522+0800][57.150s][info][gc,heap        ] GC(2220) PSYoungGen: 10889K(14336K)->753K(14336K) Eden: 7150K(7168K)->0K(7168K) From: 3738K(7168K)->753K(7168K)
[2026-06-17T10:01:59.523+0800][57.150s][info][gc,heap        ] GC(2220) ParOldGen: 34241K(44032K)->37526K(44032K)
[2026-06-17T10:01:59.523+0800][57.151s][info][gc,metaspace   ] GC(2220) Metaspace: 118K(320K)->118K(320K) NonClass: 111K(192K)->111K(192K) Class: 7K(128K)->7K(128K)
[2026-06-17T10:01:59.524+0800][57.152s][info][gc             ] GC(2220) Pause Young (Allocation Failure) 44M->37M(57M) 3.436ms
[2026-06-17T10:01:59.525+0800][57.152s][info][gc,cpu         ] GC(2220) User=0.00s Sys=0.00s Real=0.01s
[2026-06-17T10:01:59.536+0800][57.164s][info][gc,start       ] GC(2221) Pause Young (Allocation Failure)
[2026-06-17T10:01:59.538+0800][57.166s][info][gc,heap        ] GC(2221) PSYoungGen: 7914K(14336K)->4558K(14336K) Eden: 7161K(7168K)->0K(7168K) From: 753K(7168K)->4558K(7168K)
[2026-06-17T10:01:59.539+0800][57.166s][info][gc,heap        ] GC(2221) ParOldGen: 37526K(44032K)->37526K(44032K)
[2026-06-17T10:01:59.540+0800][57.167s][info][gc,metaspace   ] GC(2221) Metaspace: 118K(320K)->118K(320K) NonClass: 111K(192K)->111K(192K) Class: 7K(128K)->7K(128K)
[2026-06-17T10:01:59.540+0800][57.168s][info][gc             ] GC(2221) Pause Young (Allocation Failure) 44M->41M(57M) 3.924ms
[2026-06-17T10:01:59.541+0800][57.169s][info][gc,cpu         ] GC(2221) User=0.00s Sys=0.00s Real=0.00s
[2026-06-17T10:01:59.563+0800][57.191s][info][gc,start       ] GC(2222) Pause Young (Allocation Failure)
[2026-06-17T10:01:59.564+0800][57.192s][info][gc,heap        ] GC(2222) PSYoungGen: 11713K(14336K)->3146K(14336K) Eden: 7155K(7168K)->0K(7168K) From: 4558K(7168K)->3146K(7168K)
[2026-06-17T10:01:59.564+0800][57.192s][info][gc,heap        ] GC(2222) ParOldGen: 37526K(44032K)->39508K(44032K)
[2026-06-17T10:01:59.565+0800][57.193s][info][gc,metaspace   ] GC(2222) Metaspace: 118K(320K)->118K(320K) NonClass: 111K(192K)->111K(192K) Class: 7K(128K)->7K(128K)
[2026-06-17T10:01:59.565+0800][57.193s][info][gc             ] GC(2222) Pause Young (Allocation Failure) 48M->41M(57M) 2.248ms
[2026-06-17T10:01:59.566+0800][57.193s][info][gc,cpu         ] GC(2222) User=0.00s Sys=0.00s Real=0.00s
[2026-06-17T10:01:59.587+0800][57.215s][info][gc,start       ] GC(2223) Pause Full (Ergonomics)
[2026-06-17T10:01:59.588+0800][57.216s][info][gc,phases,start] GC(2223) Marking Phase
[2026-06-17T10:01:59.591+0800][57.219s][info][gc,phases      ] GC(2223) Marking Phase 3.180ms
[2026-06-17T10:01:59.592+0800][57.219s][info][gc,phases,start] GC(2223) Summary Phase
[2026-06-17T10:01:59.592+0800][57.220s][info][gc,phases      ] GC(2223) Summary Phase 0.600ms
[2026-06-17T10:01:59.593+0800][57.220s][info][gc,phases,start] GC(2223) Adjust Roots
[2026-06-17T10:01:59.593+0800][57.221s][info][gc,phases      ] GC(2223) Adjust Roots 0.320ms
[2026-06-17T10:01:59.593+0800][57.221s][info][gc,phases,start] GC(2223) Compaction Phase
[2026-06-17T10:01:59.596+0800][57.223s][info][gc,phases      ] GC(2223) Compaction Phase 2.394ms
[2026-06-17T10:01:59.596+0800][57.224s][info][gc,phases,start] GC(2223) Post Compact
[2026-06-17T10:01:59.597+0800][57.225s][info][gc,phases      ] GC(2223) Post Compact 0.712ms
[2026-06-17T10:01:59.598+0800][57.225s][info][gc,heap        ] GC(2223) PSYoungGen: 10295K(14336K)->0K(14336K) Eden: 7148K(7168K)->0K(7168K) From: 3146K(7168K)->0K(7168K)
[2026-06-17T10:01:59.598+0800][57.226s][info][gc,heap        ] GC(2223) ParOldGen: 39508K(44032K)->23247K(44032K)
[2026-06-17T10:01:59.599+0800][57.227s][info][gc,metaspace   ] GC(2223) Metaspace: 118K(320K)->118K(320K) NonClass: 111K(192K)->111K(192K) Class: 7K(128K)->7K(128K)
[2026-06-17T10:01:59.599+0800][57.227s][info][gc             ] GC(2223) Pause Full (Ergonomics) 48M->22M(57M) 12.360ms
[2026-06-17T10:01:59.600+0800][57.228s][info][gc,cpu         ] GC(2223) User=0.01s Sys=0.00s Real=0.01s
[2026-06-17T10:01:59.611+0800][57.239s][info][gc,start       ] GC(2224) Pause Young (Allocation Failure)
[2026-06-17T10:01:59.612+0800][57.240s][info][gc,heap        ] GC(2224) PSYoungGen: 7138K(14336K)->3262K(14336K) Eden: 7138K(7168K)->0K(7168K) From: 0K(7168K)->3262K(7168K)
[2026-06-17T10:01:59.614+0800][57.242s][info][gc,heap        ] GC(2224) ParOldGen: 23247K(44032K)->23247K(44032K)
[2026-06-17T10:01:59.615+0800][57.242s][info][gc,metaspace   ] GC(2224) Metaspace: 118K(320K)->118K(320K) NonClass: 111K(192K)->111K(192K) Class: 7K(128K)->7K(128K)
[2026-06-17T10:01:59.615+0800][57.243s][info][gc             ] GC(2224) Pause Young (Allocation Failure) 29M->25M(57M) 3.906ms
[2026-06-17T10:01:59.616+0800][57.244s][info][gc,cpu         ] GC(2224) User=0.00s Sys=0.00s Real=0.00s
[2026-06-17T10:01:59.638+0800][57.265s][info][gc,start       ] GC(2225) Pause Young (Allocation Failure)
[2026-06-17T10:01:59.640+0800][57.267s][info][gc,heap        ] GC(2225) PSYoungGen: 10408K(14336K)->3577K(14336K) Eden: 7145K(7168K)->0K(7168K) From: 3262K(7168K)->3577K(7168K)
[2026-06-17T10:01:59.640+0800][57.268s][info][gc,heap        ] GC(2225) ParOldGen: 23247K(44032K)->26471K(44032K)
[2026-06-17T10:01:59.641+0800][57.269s][info][gc,metaspace   ] GC(2225) Metaspace: 118K(320K)->118K(320K) NonClass: 111K(192K)->111K(192K) Class: 7K(128K)->7K(128K)
[2026-06-17T10:01:59.642+0800][57.270s][info][gc             ] GC(2225) Pause Young (Allocation Failure) 32M->29M(57M) 4.276ms
[2026-06-17T10:01:59.643+0800][57.270s][info][gc,cpu         ] GC(2225) User=0.00s Sys=0.00s Real=0.01s
[2026-06-17T10:01:59.665+0800][57.292s][info][gc,start       ] GC(2226) Pause Young (Allocation Failure)
[2026-06-17T10:01:59.667+0800][57.294s][info][gc,heap        ] GC(2226) PSYoungGen: 10709K(14336K)->3666K(14336K) Eden: 7131K(7168K)->0K(7168K) From: 3577K(7168K)->3666K(7168K)
[2026-06-17T10:01:59.668+0800][57.295s][info][gc,heap        ] GC(2226) ParOldGen: 26471K(44032K)->26471K(44032K)
[2026-06-17T10:01:59.668+0800][57.296s][info][gc,metaspace   ] GC(2226) Metaspace: 118K(320K)->118K(320K) NonClass: 111K(192K)->111K(192K) Class: 7K(128K)->7K(128K)
[2026-06-17T10:01:59.669+0800][57.297s][info][gc             ] GC(2226) Pause Young (Allocation Failure) 36M->29M(57M) 4.101ms
[2026-06-17T10:01:59.670+0800][57.297s][info][gc,cpu         ] GC(2226) User=0.00s Sys=0.00s Real=0.00s
[2026-06-17T10:01:59.692+0800][57.320s][info][gc,start       ] GC(2227) Pause Young (Allocation Failure)
[2026-06-17T10:01:59.693+0800][57.321s][info][gc,heap        ] GC(2227) PSYoungGen: 10810K(14336K)->3808K(14848K) Eden: 7144K(7168K)->0K(8192K) From: 3666K(7168K)->3808K(6656K)
[2026-06-17T10:01:59.694+0800][57.322s][info][gc,heap        ] GC(2227) ParOldGen: 26471K(44032K)->26471K(44032K)
[2026-06-17T10:01:59.695+0800][57.322s][info][gc,metaspace   ] GC(2227) Metaspace: 118K(320K)->118K(320K) NonClass: 111K(192K)->111K(192K) Class: 7K(128K)->7K(128K)
[2026-06-17T10:01:59.695+0800][57.323s][info][gc             ] GC(2227) Pause Young (Allocation Failure) 36M->29M(57M) 3.246ms
[2026-06-17T10:01:59.696+0800][57.323s][info][gc,cpu         ] GC(2227) User=0.00s Sys=0.00s Real=0.00s
[2026-06-17T10:01:59.707+0800][57.334s][info][gc,start       ] GC(2228) Pause Young (Allocation Failure)
[2026-06-17T10:01:59.709+0800][57.337s][info][gc,heap        ] GC(2228) PSYoungGen: 12000K(14848K)->6651K(14848K) Eden: 8192K(8192K)->0K(8192K) From: 3808K(6656K)->6651K(6656K)
[2026-06-17T10:01:59.710+0800][57.338s][info][gc,heap        ] GC(2228) ParOldGen: 26471K(44032K)->28467K(44032K)
[2026-06-17T10:01:59.711+0800][57.338s][info][gc,metaspace   ] GC(2228) Metaspace: 118K(320K)->118K(320K) NonClass: 111K(192K)->111K(192K) Class: 7K(128K)->7K(128K)
[2026-06-17T10:01:59.711+0800][57.339s][info][gc             ] GC(2228) Pause Young (Allocation Failure) 37M->34M(57M) 4.772ms
[2026-06-17T10:01:59.712+0800][57.340s][info][gc,cpu         ] GC(2228) User=0.00s Sys=0.00s Real=0.01s
[2026-06-17T10:01:59.735+0800][57.362s][info][gc,start       ] GC(2229) Pause Young (Allocation Failure)
[2026-06-17T10:01:59.737+0800][57.364s][info][gc,heap        ] GC(2229) PSYoungGen: 14831K(14848K)->6649K(13824K) Eden: 8179K(8192K)->0K(7168K) From: 6651K(6656K)->6649K(6656K)
[2026-06-17T10:01:59.737+0800][57.365s][info][gc,heap        ] GC(2229) ParOldGen: 28467K(44032K)->29791K(44032K)
[2026-06-17T10:01:59.738+0800][57.366s][info][gc,metaspace   ] GC(2229) Metaspace: 118K(320K)->118K(320K) NonClass: 111K(192K)->111K(192K) Class: 7K(128K)->7K(128K)
[2026-06-17T10:01:59.739+0800][57.366s][info][gc             ] GC(2229) Pause Young (Allocation Failure) 42M->35M(56M) 4.126ms
[2026-06-17T10:01:59.739+0800][57.367s][info][gc,cpu         ] GC(2229) User=0.00s Sys=0.00s Real=0.00s
[2026-06-17T10:01:59.762+0800][57.390s][info][gc,start       ] GC(2230) Pause Young (Allocation Failure)
[2026-06-17T10:01:59.764+0800][57.391s][info][gc,heap        ] GC(2230) PSYoungGen: 13816K(13824K)->5543K(14336K) Eden: 7167K(7168K)->0K(7168K) From: 6649K(6656K)->5543K(7168K)
[2026-06-17T10:01:59.764+0800][57.392s][info][gc,heap        ] GC(2230) ParOldGen: 29791K(44032K)->31247K(44032K)
[2026-06-17T10:01:59.765+0800][57.393s][info][gc,metaspace   ] GC(2230) Metaspace: 118K(320K)->118K(320K) NonClass: 111K(192K)->111K(192K) Class: 7K(128K)->7K(128K)
[2026-06-17T10:01:59.766+0800][57.394s][info][gc             ] GC(2230) Pause Young (Allocation Failure) 42M->35M(57M) 3.880ms
[2026-06-17T10:01:59.767+0800][57.394s][info][gc,cpu         ] GC(2230) User=0.00s Sys=0.00s Real=0.01s
[2026-06-17T10:01:59.779+0800][57.406s][info][gc,start       ] GC(2231) Pause Young (Allocation Failure)
[2026-06-17T10:01:59.780+0800][57.407s][info][gc,heap        ] GC(2231) PSYoungGen: 12378K(14336K)->3094K(14336K) Eden: 6835K(7168K)->0K(7168K) From: 5543K(7168K)->3094K(7168K)
[2026-06-17T10:01:59.780+0800][57.408s][info][gc,heap        ] GC(2231) ParOldGen: 31247K(44032K)->33405K(44032K)
[2026-06-17T10:01:59.781+0800][57.408s][info][gc,metaspace   ] GC(2231) Metaspace: 118K(320K)->118K(320K) NonClass: 111K(192K)->111K(192K) Class: 7K(128K)->7K(128K)
[2026-06-17T10:01:59.781+0800][57.409s][info][gc             ] GC(2231) Pause Young (Allocation Failure) 42M->35M(57M) 2.439ms
[2026-06-17T10:01:59.783+0800][57.411s][info][gc,cpu         ] GC(2231) User=0.00s Sys=0.00s Real=0.01s
[2026-06-17T10:01:59.806+0800][57.434s][info][gc,start       ] GC(2232) Pause Young (Allocation Failure)
[2026-06-17T10:01:59.810+0800][57.438s][info][gc,heap        ] GC(2232) PSYoungGen: 10238K(14336K)->5249K(14336K) Eden: 7144K(7168K)->0K(7168K) From: 3094K(7168K)->5249K(7168K)
[2026-06-17T10:01:59.811+0800][57.438s][info][gc,heap        ] GC(2232) ParOldGen: 33405K(44032K)->34996K(44032K)
[2026-06-17T10:01:59.812+0800][57.439s][info][gc,metaspace   ] GC(2232) Metaspace: 118K(320K)->118K(320K) NonClass: 111K(192K)->111K(192K) Class: 7K(128K)->7K(128K)
[2026-06-17T10:01:59.813+0800][57.440s][info][gc             ] GC(2232) Pause Young (Allocation Failure) 42M->39M(57M) 6.495ms
[2026-06-17T10:01:59.814+0800][57.441s][info][gc,cpu         ] GC(2232) User=0.01s Sys=0.00s Real=0.01s
[2026-06-17T10:01:59.836+0800][57.464s][info][gc,start       ] GC(2233) Pause Young (Allocation Failure)
[2026-06-17T10:01:59.837+0800][57.465s][info][gc,heap        ] GC(2233) PSYoungGen: 12380K(14336K)->3451K(14336K) Eden: 7131K(7168K)->0K(7168K) From: 5249K(7168K)->3451K(7168K)
[2026-06-17T10:01:59.837+0800][57.465s][info][gc,heap        ] GC(2233) ParOldGen: 34996K(44032K)->36794K(44032K)
[2026-06-17T10:01:59.838+0800][57.465s][info][gc,metaspace   ] GC(2233) Metaspace: 118K(320K)->118K(320K) NonClass: 111K(192K)->111K(192K) Class: 7K(128K)->7K(128K)
[2026-06-17T10:01:59.838+0800][57.466s][info][gc             ] GC(2233) Pause Young (Allocation Failure) 46M->39M(57M) 2.271ms
[2026-06-17T10:01:59.839+0800][57.466s][info][gc,cpu         ] GC(2233) User=0.00s Sys=0.01s Real=0.00s
[2026-06-17T10:01:59.860+0800][57.488s][info][gc,start       ] GC(2234) Pause Young (Allocation Failure)
[2026-06-17T10:01:59.861+0800][57.489s][info][gc,heap        ] GC(2234) PSYoungGen: 10601K(14336K)->1787K(14336K) Eden: 7149K(7168K)->0K(7168K) From: 3451K(7168K)->1787K(7168K)
[2026-06-17T10:01:59.862+0800][57.489s][info][gc,heap        ] GC(2234) ParOldGen: 36794K(44032K)->38494K(44032K)
[2026-06-17T10:01:59.862+0800][57.490s][info][gc,metaspace   ] GC(2234) Metaspace: 118K(320K)->118K(320K) NonClass: 111K(192K)->111K(192K) Class: 7K(128K)->7K(128K)
[2026-06-17T10:01:59.863+0800][57.490s][info][gc             ] GC(2234) Pause Young (Allocation Failure) 46M->39M(57M) 2.876ms
[2026-06-17T10:01:59.863+0800][57.491s][info][gc,cpu         ] GC(2234) User=0.00s Sys=0.00s Real=0.01s
[2026-06-17T10:01:59.885+0800][57.513s][info][gc,start       ] GC(2235) Pause Young (Allocation Failure)
[2026-06-17T10:01:59.887+0800][57.515s][info][gc,heap        ] GC(2235) PSYoungGen: 8918K(14336K)->1976K(14336K) Eden: 7131K(7168K)->0K(7168K) From: 1787K(7168K)->1976K(7168K)
[2026-06-17T10:01:59.887+0800][57.515s][info][gc,heap        ] GC(2235) ParOldGen: 38494K(44032K)->38494K(44032K)
[2026-06-17T10:01:59.888+0800][57.516s][info][gc,metaspace   ] GC(2235) Metaspace: 118K(320K)->118K(320K) NonClass: 111K(192K)->111K(192K) Class: 7K(128K)->7K(128K)
[2026-06-17T10:01:59.889+0800][57.516s][info][gc             ] GC(2235) Pause Young (Allocation Failure) 46M->39M(57M) 3.341ms
[2026-06-17T10:01:59.889+0800][57.517s][info][gc,cpu         ] GC(2235) User=0.00s Sys=0.00s Real=0.00s
[2026-06-17T10:01:59.901+0800][57.529s][info][gc,start       ] GC(2236) Pause Young (Allocation Failure)
[2026-06-17T10:01:59.903+0800][57.531s][info][gc,heap        ] GC(2236) PSYoungGen: 8858K(14336K)->165K(14336K) Eden: 6881K(7168K)->0K(7168K) From: 1976K(7168K)->165K(7168K)
[2026-06-17T10:01:59.904+0800][57.532s][info][gc,heap        ] GC(2236) ParOldGen: 38494K(44032K)->40359K(44032K)
[2026-06-17T10:01:59.905+0800][57.532s][info][gc,metaspace   ] GC(2236) Metaspace: 118K(320K)->118K(320K) NonClass: 111K(192K)->111K(192K) Class: 7K(128K)->7K(128K)
[2026-06-17T10:01:59.905+0800][57.533s][info][gc             ] GC(2236) Pause Young (Allocation Failure) 46M->39M(57M) 3.763ms
[2026-06-17T10:01:59.906+0800][57.533s][info][gc,cpu         ] GC(2236) User=0.00s Sys=0.00s Real=0.01s
[2026-06-17T10:01:59.928+0800][57.556s][info][gc,start       ] GC(2237) Pause Young (Allocation Failure)
[2026-06-17T10:01:59.930+0800][57.557s][info][gc,heap        ] GC(2237) PSYoungGen: 7302K(14336K)->3885K(14336K) Eden: 7137K(7168K)->0K(7168K) From: 165K(7168K)->3885K(7168K)
[2026-06-17T10:01:59.930+0800][57.558s][info][gc,heap        ] GC(2237) ParOldGen: 40359K(44032K)->40500K(44032K)
[2026-06-17T10:01:59.931+0800][57.558s][info][gc,metaspace   ] GC(2237) Metaspace: 118K(320K)->118K(320K) NonClass: 111K(192K)->111K(192K) Class: 7K(128K)->7K(128K)
[2026-06-17T10:01:59.931+0800][57.559s][info][gc             ] GC(2237) Pause Young (Allocation Failure) 46M->43M(57M) 2.876ms
[2026-06-17T10:01:59.932+0800][57.560s][info][gc,cpu         ] GC(2237) User=0.00s Sys=0.00s Real=0.01s
[2026-06-17T10:01:59.943+0800][57.571s][info][gc,start       ] GC(2238) Pause Full (Ergonomics)
[2026-06-17T10:01:59.943+0800][57.571s][info][gc,phases,start] GC(2238) Marking Phase
[2026-06-17T10:01:59.945+0800][57.572s][info][gc,phases      ] GC(2238) Marking Phase 1.237ms
[2026-06-17T10:01:59.945+0800][57.573s][info][gc,phases,start] GC(2238) Summary Phase
[2026-06-17T10:01:59.946+0800][57.573s][info][gc,phases      ] GC(2238) Summary Phase 0.365ms
[2026-06-17T10:01:59.946+0800][57.574s][info][gc,phases,start] GC(2238) Adjust Roots
[2026-06-17T10:01:59.947+0800][57.574s][info][gc,phases      ] GC(2238) Adjust Roots 0.557ms
[2026-06-17T10:01:59.947+0800][57.575s][info][gc,phases,start] GC(2238) Compaction Phase
[2026-06-17T10:01:59.949+0800][57.577s][info][gc,phases      ] GC(2238) Compaction Phase 2.177ms
[2026-06-17T10:01:59.950+0800][57.577s][info][gc,phases,start] GC(2238) Post Compact
[2026-06-17T10:01:59.950+0800][57.578s][info][gc,phases      ] GC(2238) Post Compact 0.541ms
[2026-06-17T10:01:59.951+0800][57.578s][info][gc,heap        ] GC(2238) PSYoungGen: 11023K(14336K)->0K(14336K) Eden: 7138K(7168K)->0K(7168K) From: 3885K(7168K)->0K(7168K)
[2026-06-17T10:01:59.951+0800][57.579s][info][gc,heap        ] GC(2238) ParOldGen: 40500K(44032K)->30921K(44032K)
[2026-06-17T10:01:59.951+0800][57.579s][info][gc,metaspace   ] GC(2238) Metaspace: 118K(320K)->118K(320K) NonClass: 111K(192K)->111K(192K) Class: 7K(128K)->7K(128K)
[2026-06-17T10:01:59.952+0800][57.580s][info][gc             ] GC(2238) Pause Full (Ergonomics) 50M->30M(57M) 9.015ms
[2026-06-17T10:01:59.952+0800][57.580s][info][gc,cpu         ] GC(2238) User=0.01s Sys=0.00s Real=0.01s
[2026-06-17T10:01:59.974+0800][57.602s][info][gc,start       ] GC(2239) Pause Young (Allocation Failure)
[2026-06-17T10:01:59.975+0800][57.603s][info][gc,heap        ] GC(2239) PSYoungGen: 7149K(14336K)->3928K(14336K) Eden: 7149K(7168K)->0K(7168K) From: 0K(7168K)->3928K(7168K)
[2026-06-17T10:01:59.975+0800][57.603s][info][gc,heap        ] GC(2239) ParOldGen: 30921K(44032K)->30921K(44032K)
[2026-06-17T10:01:59.976+0800][57.603s][info][gc,metaspace   ] GC(2239) Metaspace: 118K(320K)->118K(320K) NonClass: 111K(192K)->111K(192K) Class: 7K(128K)->7K(128K)
[2026-06-17T10:01:59.976+0800][57.604s][info][gc             ] GC(2239) Pause Young (Allocation Failure) 37M->34M(57M) 2.096ms
[2026-06-17T10:01:59.976+0800][57.604s][info][gc,cpu         ] GC(2239) User=0.00s Sys=0.00s Real=0.00s
[2026-06-17T10:01:59.998+0800][57.626s][info][gc,start       ] GC(2240) Pause Young (Allocation Failure)
[2026-06-17T10:02:00.000+0800][57.628s][info][gc,heap        ] GC(2240) PSYoungGen: 11095K(14336K)->3531K(14336K) Eden: 7167K(7168K)->0K(7168K) From: 3928K(7168K)->3531K(7168K)
[2026-06-17T10:02:00.001+0800][57.628s][info][gc,heap        ] GC(2240) ParOldGen: 30921K(44032K)->31705K(44032K)
[2026-06-17T10:02:00.001+0800][57.629s][info][gc,metaspace   ] GC(2240) Metaspace: 118K(320K)->118K(320K) NonClass: 111K(192K)->111K(192K) Class: 7K(128K)->7K(128K)
[2026-06-17T10:02:00.002+0800][57.630s][info][gc             ] GC(2240) Pause Young (Allocation Failure) 41M->34M(57M) 4.133ms
[2026-06-17T10:02:00.003+0800][57.631s][info][gc,cpu         ] GC(2240) User=0.00s Sys=0.00s Real=0.01s
[2026-06-17T10:02:00.026+0800][57.654s][info][gc,start       ] GC(2241) Pause Young (Allocation Failure)
[2026-06-17T10:02:00.028+0800][57.656s][info][gc,heap        ] GC(2241) PSYoungGen: 10691K(14336K)->3748K(14336K) Eden: 7160K(7168K)->0K(7168K) From: 3531K(7168K)->3748K(7168K)
[2026-06-17T10:02:00.030+0800][57.657s][info][gc,heap        ] GC(2241) ParOldGen: 31705K(44032K)->31705K(44032K)
[2026-06-17T10:02:00.031+0800][57.659s][info][gc,metaspace   ] GC(2241) Metaspace: 118K(320K)->118K(320K) NonClass: 111K(192K)->111K(192K) Class: 7K(128K)->7K(128K)
[2026-06-17T10:02:00.032+0800][57.660s][info][gc             ] GC(2241) Pause Young (Allocation Failure) 41M->34M(57M) 5.840ms
[2026-06-17T10:02:00.033+0800][57.660s][info][gc,cpu         ] GC(2241) User=0.00s Sys=0.00s Real=0.01s
[2026-06-17T10:02:00.046+0800][57.673s][info][gc,start       ] GC(2242) Pause Young (Allocation Failure)
[2026-06-17T10:02:00.048+0800][57.675s][info][gc,heap        ] GC(2242) PSYoungGen: 10916K(14336K)->7009K(14336K) Eden: 7168K(7168K)->0K(7168K) From: 3748K(7168K)->7009K(7168K)
[2026-06-17T10:02:00.048+0800][57.676s][info][gc,heap        ] GC(2242) ParOldGen: 31705K(44032K)->32221K(44032K)
[2026-06-17T10:02:00.049+0800][57.677s][info][gc,metaspace   ] GC(2242) Metaspace: 118K(320K)->118K(320K) NonClass: 111K(192K)->111K(192K) Class: 7K(128K)->7K(128K)
[2026-06-17T10:02:00.050+0800][57.678s][info][gc             ] GC(2242) Pause Young (Allocation Failure) 41M->38M(57M) 4.282ms
[2026-06-17T10:02:00.051+0800][57.679s][info][gc,cpu         ] GC(2242) User=0.00s Sys=0.00s Real=0.01s
[2026-06-17T10:02:00.073+0800][57.701s][info][gc,start       ] GC(2243) Pause Young (Allocation Failure)
[2026-06-17T10:02:00.075+0800][57.703s][info][gc,heap        ] GC(2243) PSYoungGen: 13977K(14336K)->2121K(14336K) Eden: 6967K(7168K)->0K(7168K) From: 7009K(7168K)->2121K(7168K)
[2026-06-17T10:02:00.076+0800][57.704s][info][gc,heap        ] GC(2243) ParOldGen: 32221K(44032K)->33776K(44032K)
[2026-06-17T10:02:00.077+0800][57.705s][info][gc,metaspace   ] GC(2243) Metaspace: 118K(320K)->118K(320K) NonClass: 111K(192K)->111K(192K) Class: 7K(128K)->7K(128K)
[2026-06-17T10:02:00.078+0800][57.706s][info][gc             ] GC(2243) Pause Young (Allocation Failure) 45M->35M(57M) 4.687ms
[2026-06-17T10:02:00.079+0800][57.707s][info][gc,cpu         ] GC(2243) User=0.01s Sys=0.00s Real=0.00s
[2026-06-17T10:02:00.101+0800][57.729s][info][gc,start       ] GC(2244) Pause Young (Allocation Failure)
[2026-06-17T10:02:00.102+0800][57.730s][info][gc,heap        ] GC(2244) PSYoungGen: 9261K(14336K)->3524K(14336K) Eden: 7140K(7168K)->0K(7168K) From: 2121K(7168K)->3524K(7168K)
[2026-06-17T10:02:00.104+0800][57.731s][info][gc,heap        ] GC(2244) ParOldGen: 33776K(44032K)->35849K(44032K)
[2026-06-17T10:02:00.104+0800][57.732s][info][gc,metaspace   ] GC(2244) Metaspace: 118K(320K)->118K(320K) NonClass: 111K(192K)->111K(192K) Class: 7K(128K)->7K(128K)
[2026-06-17T10:02:00.105+0800][57.732s][info][gc             ] GC(2244) Pause Young (Allocation Failure) 42M->38M(57M) 3.684ms
[2026-06-17T10:02:00.106+0800][57.734s][info][gc,cpu         ] GC(2244) User=0.00s Sys=0.00s Real=0.01s
[2026-06-17T10:02:00.127+0800][57.755s][info][gc,start       ] GC(2245) Pause Young (Allocation Failure)
[2026-06-17T10:02:00.129+0800][57.756s][info][gc,heap        ] GC(2245) PSYoungGen: 10642K(14336K)->1743K(14336K) Eden: 7117K(7168K)->0K(7168K) From: 3524K(7168K)->1743K(7168K)
[2026-06-17T10:02:00.129+0800][57.757s][info][gc,heap        ] GC(2245) ParOldGen: 35849K(44032K)->37939K(44032K)
[2026-06-17T10:02:00.130+0800][57.758s][info][gc,metaspace   ] GC(2245) Metaspace: 118K(320K)->118K(320K) NonClass: 111K(192K)->111K(192K) Class: 7K(128K)->7K(128K)
[2026-06-17T10:02:00.131+0800][57.758s][info][gc             ] GC(2245) Pause Young (Allocation Failure) 45M->38M(57M) 3.044ms
[2026-06-17T10:02:00.131+0800][57.759s][info][gc,cpu         ] GC(2245) User=0.00s Sys=0.00s Real=0.01s
[2026-06-17T10:02:00.152+0800][57.780s][info][gc,start       ] GC(2246) Pause Young (Allocation Failure)
[2026-06-17T10:02:00.154+0800][57.781s][info][gc,heap        ] GC(2246) PSYoungGen: 8903K(14336K)->380K(14336K) Eden: 7160K(7168K)->0K(7168K) From: 1743K(7168K)->380K(7168K)
[2026-06-17T10:02:00.154+0800][57.782s][info][gc,heap        ] GC(2246) ParOldGen: 37939K(44032K)->39658K(44032K)
[2026-06-17T10:02:00.155+0800][57.782s][info][gc,metaspace   ] GC(2246) Metaspace: 118K(320K)->118K(320K) NonClass: 111K(192K)->111K(192K) Class: 7K(128K)->7K(128K)
[2026-06-17T10:02:00.155+0800][57.783s][info][gc             ] GC(2246) Pause Young (Allocation Failure) 45M->39M(57M) 2.592ms
[2026-06-17T10:02:00.155+0800][57.783s][info][gc,cpu         ] GC(2246) User=0.00s Sys=0.00s Real=0.00s
[2026-06-17T10:02:00.167+0800][57.795s][info][gc,start       ] GC(2247) Pause Young (Allocation Failure)
[2026-06-17T10:02:00.169+0800][57.797s][info][gc,heap        ] GC(2247) PSYoungGen: 7493K(14336K)->3965K(14336K) Eden: 7113K(7168K)->0K(7168K) From: 380K(7168K)->3965K(7168K)
[2026-06-17T10:02:00.170+0800][57.797s][info][gc,heap        ] GC(2247) ParOldGen: 39658K(44032K)->39658K(44032K)
[2026-06-17T10:02:00.170+0800][57.798s][info][gc,metaspace   ] GC(2247) Metaspace: 118K(320K)->118K(320K) NonClass: 111K(192K)->111K(192K) Class: 7K(128K)->7K(128K)
[2026-06-17T10:02:00.171+0800][57.798s][info][gc             ] GC(2247) Pause Young (Allocation Failure) 46M->42M(57M) 3.554ms
[2026-06-17T10:02:00.171+0800][57.799s][info][gc,cpu         ] GC(2247) User=0.00s Sys=0.00s Real=0.01s
[2026-06-17T10:02:00.193+0800][57.821s][info][gc,start       ] GC(2248) Pause Young (Allocation Failure)
[2026-06-17T10:02:00.194+0800][57.822s][info][gc,heap        ] GC(2248) PSYoungGen: 11116K(14336K)->2876K(14336K) Eden: 7150K(7168K)->0K(7168K) From: 3965K(7168K)->2876K(7168K)
[2026-06-17T10:02:00.195+0800][57.823s][info][gc,heap        ] GC(2248) ParOldGen: 39658K(44032K)->41357K(44032K)
[2026-06-17T10:02:00.195+0800][57.823s][info][gc,metaspace   ] GC(2248) Metaspace: 118K(320K)->118K(320K) NonClass: 111K(192K)->111K(192K) Class: 7K(128K)->7K(128K)
[2026-06-17T10:02:00.196+0800][57.824s][info][gc             ] GC(2248) Pause Young (Allocation Failure) 49M->43M(57M) 2.968ms
[2026-06-17T10:02:00.197+0800][57.824s][info][gc,cpu         ] GC(2248) User=0.00s Sys=0.00s Real=0.00s
[2026-06-17T10:02:00.218+0800][57.846s][info][gc,start       ] GC(2249) Pause Full (Ergonomics)
[2026-06-17T10:02:00.219+0800][57.847s][info][gc,phases,start] GC(2249) Marking Phase
[2026-06-17T10:02:00.220+0800][57.848s][info][gc,phases      ] GC(2249) Marking Phase 1.543ms
[2026-06-17T10:02:00.222+0800][57.850s][info][gc,phases,start] GC(2249) Summary Phase
[2026-06-17T10:02:00.224+0800][57.852s][info][gc,phases      ] GC(2249) Summary Phase 2.017ms
[2026-06-17T10:02:00.225+0800][57.853s][info][gc,phases,start] GC(2249) Adjust Roots
[2026-06-17T10:02:00.226+0800][57.854s][info][gc,phases      ] GC(2249) Adjust Roots 0.881ms
[2026-06-17T10:02:00.227+0800][57.855s][info][gc,phases,start] GC(2249) Compaction Phase
[2026-06-17T10:02:00.229+0800][57.856s][info][gc,phases      ] GC(2249) Compaction Phase 1.775ms
[2026-06-17T10:02:00.229+0800][57.857s][info][gc,phases,start] GC(2249) Post Compact
[2026-06-17T10:02:00.230+0800][57.858s][info][gc,phases      ] GC(2249) Post Compact 0.664ms
[2026-06-17T10:02:00.231+0800][57.858s][info][gc,heap        ] GC(2249) PSYoungGen: 10024K(14336K)->0K(14336K) Eden: 7148K(7168K)->0K(7168K) From: 2876K(7168K)->0K(7168K)
[2026-06-17T10:02:00.231+0800][57.859s][info][gc,heap        ] GC(2249) ParOldGen: 41357K(44032K)->24870K(44032K)
[2026-06-17T10:02:00.232+0800][57.859s][info][gc,metaspace   ] GC(2249) Metaspace: 118K(320K)->118K(320K) NonClass: 111K(192K)->111K(192K) Class: 7K(128K)->7K(128K)
[2026-06-17T10:02:00.232+0800][57.860s][info][gc             ] GC(2249) Pause Full (Ergonomics) 50M->24M(57M) 13.921ms
[2026-06-17T10:02:00.233+0800][57.860s][info][gc,cpu         ] GC(2249) User=0.01s Sys=0.00s Real=0.02s
[2026-06-17T10:02:00.244+0800][57.872s][info][gc,start       ] GC(2250) Pause Young (Allocation Failure)
[2026-06-17T10:02:00.246+0800][57.873s][info][gc,heap        ] GC(2250) PSYoungGen: 7070K(14336K)->3702K(14336K) Eden: 7070K(7168K)->0K(7168K) From: 0K(7168K)->3702K(7168K)
[2026-06-17T10:02:00.246+0800][57.874s][info][gc,heap        ] GC(2250) ParOldGen: 24870K(44032K)->24870K(44032K)
[2026-06-17T10:02:00.246+0800][57.874s][info][gc,metaspace   ] GC(2250) Metaspace: 118K(320K)->118K(320K) NonClass: 111K(192K)->111K(192K) Class: 7K(128K)->7K(128K)
[2026-06-17T10:02:00.247+0800][57.874s][info][gc             ] GC(2250) Pause Young (Allocation Failure) 31M->27M(57M) 2.607ms
[2026-06-17T10:02:00.247+0800][57.875s][info][gc,cpu         ] GC(2250) User=0.00s Sys=0.00s Real=0.00s
[2026-06-17T10:02:00.269+0800][57.896s][info][gc,start       ] GC(2251) Pause Young (Allocation Failure)
[2026-06-17T10:02:00.271+0800][57.899s][info][gc,heap        ] GC(2251) PSYoungGen: 10870K(14336K)->7118K(14336K) Eden: 7168K(7168K)->0K(7168K) From: 3702K(7168K)->7118K(7168K)
[2026-06-17T10:02:00.272+0800][57.900s][info][gc,heap        ] GC(2251) ParOldGen: 24870K(44032K)->25162K(44032K)
[2026-06-17T10:02:00.273+0800][57.900s][info][gc,metaspace   ] GC(2251) Metaspace: 118K(320K)->118K(320K) NonClass: 111K(192K)->111K(192K) Class: 7K(128K)->7K(128K)
[2026-06-17T10:02:00.273+0800][57.901s][info][gc             ] GC(2251) Pause Young (Allocation Failure) 34M->31M(57M) 4.808ms
[2026-06-17T10:02:00.274+0800][57.902s][info][gc,cpu         ] GC(2251) User=0.00s Sys=0.00s Real=0.01s
[2026-06-17T10:02:00.297+0800][57.924s][info][gc,start       ] GC(2252) Pause Young (Allocation Failure)
[2026-06-17T10:02:00.299+0800][57.927s][info][gc,heap        ] GC(2252) PSYoungGen: 14285K(14336K)->3409K(14336K) Eden: 7167K(7168K)->0K(7168K) From: 7118K(7168K)->3409K(7168K)
[2026-06-17T10:02:00.300+0800][57.928s][info][gc,heap        ] GC(2252) ParOldGen: 25162K(44032K)->28761K(44032K)
[2026-06-17T10:02:00.301+0800][57.929s][info][gc,metaspace   ] GC(2252) Metaspace: 118K(320K)->118K(320K) NonClass: 111K(192K)->111K(192K) Class: 7K(128K)->7K(128K)
[2026-06-17T10:02:00.302+0800][57.930s][info][gc             ] GC(2252) Pause Young (Allocation Failure) 38M->31M(57M) 5.456ms
[2026-06-17T10:02:00.303+0800][57.931s][info][gc,cpu         ] GC(2252) User=0.01s Sys=0.00s Real=0.01s
[2026-06-17T10:02:00.326+0800][57.953s][info][gc,start       ] GC(2253) Pause Young (Allocation Failure)
[2026-06-17T10:02:00.330+0800][57.957s][info][gc,heap        ] GC(2253) PSYoungGen: 10528K(14336K)->840K(14336K) Eden: 7119K(7168K)->0K(7168K) From: 3409K(7168K)->840K(7168K)
[2026-06-17T10:02:00.332+0800][57.959s][info][gc,heap        ] GC(2253) ParOldGen: 28761K(44032K)->31676K(44032K)
[2026-06-17T10:02:00.333+0800][57.960s][info][gc,metaspace   ] GC(2253) Metaspace: 118K(320K)->118K(320K) NonClass: 111K(192K)->111K(192K) Class: 7K(128K)->7K(128K)
[2026-06-17T10:02:00.333+0800][57.961s][info][gc             ] GC(2253) Pause Young (Allocation Failure) 38M->31M(57M) 7.551ms
[2026-06-17T10:02:00.335+0800][57.962s][info][gc,cpu         ] GC(2253) User=0.00s Sys=0.00s Real=0.01s
[2026-06-17T10:02:00.346+0800][57.974s][info][gc,start       ] GC(2254) Pause Young (Allocation Failure)
[2026-06-17T10:02:00.347+0800][57.975s][info][gc,heap        ] GC(2254) PSYoungGen: 7998K(14336K)->4476K(14336K) Eden: 7158K(7168K)->0K(7168K) From: 840K(7168K)->4476K(7168K)
[2026-06-17T10:02:00.348+0800][57.975s][info][gc,heap        ] GC(2254) ParOldGen: 31676K(44032K)->31676K(44032K)
[2026-06-17T10:02:00.348+0800][57.976s][info][gc,metaspace   ] GC(2254) Metaspace: 118K(320K)->118K(320K) NonClass: 111K(192K)->111K(192K) Class: 7K(128K)->7K(128K)
[2026-06-17T10:02:00.349+0800][57.977s][info][gc             ] GC(2254) Pause Young (Allocation Failure) 38M->35M(57M) 2.809ms
[2026-06-17T10:02:00.349+0800][57.977s][info][gc,cpu         ] GC(2254) User=0.00s Sys=0.00s Real=0.00s
[2026-06-17T10:02:00.371+0800][57.999s][info][gc,start       ] GC(2255) Pause Young (Allocation Failure)
[2026-06-17T10:02:00.373+0800][58.001s][info][gc,heap        ] GC(2255) PSYoungGen: 11637K(14336K)->3015K(14336K) Eden: 7160K(7168K)->0K(7168K) From: 4476K(7168K)->3015K(7168K)
[2026-06-17T10:02:00.373+0800][58.001s][info][gc,heap        ] GC(2255) ParOldGen: 31676K(44032K)->33327K(44032K)
[2026-06-17T10:02:00.374+0800][58.002s][info][gc,metaspace   ] GC(2255) Metaspace: 118K(320K)->118K(320K) NonClass: 111K(192K)->111K(192K) Class: 7K(128K)->7K(128K)
[2026-06-17T10:02:00.375+0800][58.002s][info][gc             ] GC(2255) Pause Young (Allocation Failure) 42M->35M(57M) 3.490ms
[2026-06-17T10:02:00.375+0800][58.003s][info][gc,cpu         ] GC(2255) User=0.00s Sys=0.00s Real=0.00s
[2026-06-17T10:02:00.397+0800][58.025s][info][gc,start       ] GC(2256) Pause Young (Allocation Failure)
[2026-06-17T10:02:00.401+0800][58.029s][info][gc,heap        ] GC(2256) PSYoungGen: 10183K(14336K)->3499K(14336K) Eden: 7168K(7168K)->0K(7168K) From: 3015K(7168K)->3499K(7168K)
[2026-06-17T10:02:00.403+0800][58.030s][info][gc,heap        ] GC(2256) ParOldGen: 33327K(44032K)->33327K(44032K)
[2026-06-17T10:02:00.403+0800][58.031s][info][gc,metaspace   ] GC(2256) Metaspace: 118K(320K)->118K(320K) NonClass: 111K(192K)->111K(192K) Class: 7K(128K)->7K(128K)
[2026-06-17T10:02:00.404+0800][58.032s][info][gc             ] GC(2256) Pause Young (Allocation Failure) 42M->35M(57M) 7.404ms
[2026-06-17T10:02:00.405+0800][58.033s][info][gc,cpu         ] GC(2256) User=0.00s Sys=0.00s Real=0.01s
[2026-06-17T10:02:00.417+0800][58.045s][info][gc,start       ] GC(2257) Pause Young (Allocation Failure)
[2026-06-17T10:02:00.420+0800][58.047s][info][gc,heap        ] GC(2257) PSYoungGen: 10390K(14336K)->3368K(14848K) Eden: 6890K(7168K)->0K(7680K) From: 3499K(7168K)->3368K(7168K)
[2026-06-17T10:02:00.421+0800][58.049s][info][gc,heap        ] GC(2257) ParOldGen: 33327K(44032K)->33327K(44032K)
[2026-06-17T10:02:00.423+0800][58.051s][info][gc,metaspace   ] GC(2257) Metaspace: 118K(320K)->118K(320K) NonClass: 111K(192K)->111K(192K) Class: 7K(128K)->7K(128K)
[2026-06-17T10:02:00.425+0800][58.052s][info][gc             ] GC(2257) Pause Young (Allocation Failure) 42M->35M(57M) 7.341ms
[2026-06-17T10:02:00.427+0800][58.054s][info][gc,cpu         ] GC(2257) User=0.00s Sys=0.00s Real=0.01s
[2026-06-17T10:02:00.449+0800][58.077s][info][gc,start       ] GC(2258) Pause Young (Allocation Failure)
[2026-06-17T10:02:00.452+0800][58.080s][info][gc,heap        ] GC(2258) PSYoungGen: 11020K(14848K)->5790K(14336K) Eden: 7652K(7680K)->0K(7680K) From: 3368K(7168K)->5790K(6656K)
[2026-06-17T10:02:00.455+0800][58.082s][info][gc,heap        ] GC(2258) ParOldGen: 33327K(44032K)->35028K(44032K)
[2026-06-17T10:02:00.456+0800][58.084s][info][gc,metaspace   ] GC(2258) Metaspace: 118K(320K)->118K(320K) NonClass: 111K(192K)->111K(192K) Class: 7K(128K)->7K(128K)
[2026-06-17T10:02:00.457+0800][58.085s][info][gc             ] GC(2258) Pause Young (Allocation Failure) 43M->39M(57M) 7.914ms
[2026-06-17T10:02:00.459+0800][58.086s][info][gc,cpu         ] GC(2258) User=0.00s Sys=0.00s Real=0.01s
[2026-06-17T10:02:00.482+0800][58.110s][info][gc,start       ] GC(2259) Pause Young (Allocation Failure)
[2026-06-17T10:02:00.486+0800][58.114s][info][gc,heap        ] GC(2259) PSYoungGen: 13420K(14336K)->4777K(14336K) Eden: 7629K(7680K)->0K(7168K) From: 5790K(6656K)->4777K(7168K)
[2026-06-17T10:02:00.487+0800][58.115s][info][gc,heap        ] GC(2259) ParOldGen: 35028K(44032K)->36647K(44032K)
[2026-06-17T10:02:00.488+0800][58.115s][info][gc,metaspace   ] GC(2259) Metaspace: 118K(320K)->118K(320K) NonClass: 111K(192K)->111K(192K) Class: 7K(128K)->7K(128K)
[2026-06-17T10:02:00.488+0800][58.116s][info][gc             ] GC(2259) Pause Young (Allocation Failure) 47M->40M(57M) 6.385ms
[2026-06-17T10:02:00.490+0800][58.118s][info][gc,cpu         ] GC(2259) User=0.00s Sys=0.00s Real=0.01s
[2026-06-17T10:02:00.514+0800][58.142s][info][gc,start       ] GC(2260) Pause Young (Allocation Failure)
[2026-06-17T10:02:00.517+0800][58.145s][info][gc,heap        ] GC(2260) PSYoungGen: 11917K(14336K)->4908K(14336K) Eden: 7140K(7168K)->0K(7168K) From: 4777K(7168K)->4908K(7168K)
[2026-06-17T10:02:00.519+0800][58.146s][info][gc,heap        ] GC(2260) ParOldGen: 36647K(44032K)->36647K(44032K)
[2026-06-17T10:02:00.519+0800][58.147s][info][gc,metaspace   ] GC(2260) Metaspace: 118K(320K)->118K(320K) NonClass: 111K(192K)->111K(192K) Class: 7K(128K)->7K(128K)
[2026-06-17T10:02:00.520+0800][58.148s][info][gc             ] GC(2260) Pause Young (Allocation Failure) 47M->40M(57M) 6.406ms
[2026-06-17T10:02:00.521+0800][58.149s][info][gc,cpu         ] GC(2260) User=0.00s Sys=0.00s Real=0.00s
[2026-06-17T10:02:00.533+0800][58.161s][info][gc,start       ] GC(2261) Pause Young (Allocation Failure)
[2026-06-17T10:02:00.536+0800][58.164s][info][gc,heap        ] GC(2261) PSYoungGen: 12066K(14336K)->3912K(14336K) Eden: 7157K(7168K)->0K(7168K) From: 4908K(7168K)->3912K(7168K)
[2026-06-17T10:02:00.538+0800][58.166s][info][gc,heap        ] GC(2261) ParOldGen: 36647K(44032K)->41126K(44032K)
[2026-06-17T10:02:00.540+0800][58.168s][info][gc,metaspace   ] GC(2261) Metaspace: 118K(320K)->118K(320K) NonClass: 111K(192K)->111K(192K) Class: 7K(128K)->7K(128K)
[2026-06-17T10:02:00.543+0800][58.171s][info][gc             ] GC(2261) Pause Young (Allocation Failure) 47M->43M(57M) 9.827ms
[2026-06-17T10:02:00.544+0800][58.171s][info][gc,cpu         ] GC(2261) User=0.00s Sys=0.00s Real=0.01s
[2026-06-17T10:02:00.566+0800][58.194s][info][gc,start       ] GC(2262) Pause Full (Ergonomics)
[2026-06-17T10:02:00.567+0800][58.195s][info][gc,phases,start] GC(2262) Marking Phase
[2026-06-17T10:02:00.571+0800][58.198s][info][gc,phases      ] GC(2262) Marking Phase 3.703ms
[2026-06-17T10:02:00.571+0800][58.199s][info][gc,phases,start] GC(2262) Summary Phase
[2026-06-17T10:02:00.573+0800][58.201s][info][gc,phases      ] GC(2262) Summary Phase 1.775ms
[2026-06-17T10:02:00.576+0800][58.203s][info][gc,phases,start] GC(2262) Adjust Roots
[2026-06-17T10:02:00.577+0800][58.205s][info][gc,phases      ] GC(2262) Adjust Roots 1.689ms
[2026-06-17T10:02:00.579+0800][58.206s][info][gc,phases,start] GC(2262) Compaction Phase
[2026-06-17T10:02:00.581+0800][58.209s][info][gc,phases      ] GC(2262) Compaction Phase 2.558ms
[2026-06-17T10:02:00.582+0800][58.209s][info][gc,phases,start] GC(2262) Post Compact
[2026-06-17T10:02:00.583+0800][58.210s][info][gc,phases      ] GC(2262) Post Compact 0.935ms
[2026-06-17T10:02:00.583+0800][58.211s][info][gc,heap        ] GC(2262) PSYoungGen: 11043K(14336K)->0K(14336K) Eden: 7130K(7168K)->0K(7168K) From: 3912K(7168K)->0K(7168K)
[2026-06-17T10:02:00.584+0800][58.212s][info][gc,heap        ] GC(2262) ParOldGen: 41126K(44032K)->32201K(44032K)
[2026-06-17T10:02:00.585+0800][58.213s][info][gc,metaspace   ] GC(2262) Metaspace: 118K(320K)->118K(320K) NonClass: 111K(192K)->111K(192K) Class: 7K(128K)->7K(128K)
[2026-06-17T10:02:00.585+0800][58.213s][info][gc             ] GC(2262) Pause Full (Ergonomics) 50M->31M(57M) 19.541ms
[2026-06-17T10:02:00.586+0800][58.214s][info][gc,cpu         ] GC(2262) User=0.01s Sys=0.00s Real=0.02s
[2026-06-17T10:02:00.608+0800][58.236s][info][gc,start       ] GC(2263) Pause Young (Allocation Failure)
[2026-06-17T10:02:00.610+0800][58.238s][info][gc,heap        ] GC(2263) PSYoungGen: 7156K(14336K)->3801K(14848K) Eden: 7156K(7168K)->0K(7680K) From: 0K(7168K)->3801K(7168K)
[2026-06-17T10:02:00.611+0800][58.239s][info][gc,heap        ] GC(2263) ParOldGen: 32201K(44032K)->32201K(44032K)
[2026-06-17T10:02:00.612+0800][58.240s][info][gc,metaspace   ] GC(2263) Metaspace: 118K(320K)->118K(320K) NonClass: 111K(192K)->111K(192K) Class: 7K(128K)->7K(128K)
[2026-06-17T10:02:00.614+0800][58.241s][info][gc             ] GC(2263) Pause Young (Allocation Failure) 38M->35M(57M) 5.436ms
[2026-06-17T10:02:00.615+0800][58.243s][info][gc,cpu         ] GC(2263) User=0.00s Sys=0.00s Real=0.01s
[2026-06-17T10:02:00.629+0800][58.256s][info][gc,start       ] GC(2264) Pause Young (Allocation Failure)
[2026-06-17T10:02:00.631+0800][58.259s][info][gc,heap        ] GC(2264) PSYoungGen: 11443K(14848K)->4406K(14336K) Eden: 7642K(7680K)->0K(7680K) From: 3801K(7168K)->4406K(6656K)
[2026-06-17T10:02:00.632+0800][58.260s][info][gc,heap        ] GC(2264) ParOldGen: 32201K(44032K)->32201K(44032K)
[2026-06-17T10:02:00.633+0800][58.261s][info][gc,metaspace   ] GC(2264) Metaspace: 118K(320K)->118K(320K) NonClass: 111K(192K)->111K(192K) Class: 7K(128K)->7K(128K)
[2026-06-17T10:02:00.634+0800][58.262s][info][gc             ] GC(2264) Pause Young (Allocation Failure) 42M->35M(57M) 5.117ms
[2026-06-17T10:02:00.635+0800][58.262s][info][gc,cpu         ] GC(2264) User=0.00s Sys=0.00s Real=0.01s
[2026-06-17T10:02:00.657+0800][58.285s][info][gc,start       ] GC(2265) Pause Young (Allocation Failure)
[2026-06-17T10:02:00.661+0800][58.289s][info][gc,heap        ] GC(2265) PSYoungGen: 12073K(14336K)->4963K(13824K) Eden: 7667K(7680K)->0K(7168K) From: 4406K(6656K)->4963K(6656K)
[2026-06-17T10:02:00.662+0800][58.290s][info][gc,heap        ] GC(2265) ParOldGen: 32201K(44032K)->35888K(44032K)
[2026-06-17T10:02:00.663+0800][58.291s][info][gc,metaspace   ] GC(2265) Metaspace: 118K(320K)->118K(320K) NonClass: 111K(192K)->111K(192K) Class: 7K(128K)->7K(128K)
[2026-06-17T10:02:00.665+0800][58.293s][info][gc             ] GC(2265) Pause Young (Allocation Failure) 43M->39M(56M) 7.921ms
[2026-06-17T10:02:00.667+0800][58.295s][info][gc,cpu         ] GC(2265) User=0.00s Sys=0.00s Real=0.01s
[2026-06-17T10:02:00.690+0800][58.317s][info][gc,start       ] GC(2266) Pause Young (Allocation Failure)
[2026-06-17T10:02:00.692+0800][58.320s][info][gc,heap        ] GC(2266) PSYoungGen: 12121K(13824K)->4779K(14336K) Eden: 7158K(7168K)->0K(7168K) From: 4963K(6656K)->4779K(7168K)
[2026-06-17T10:02:00.693+0800][58.321s][info][gc,heap        ] GC(2266) ParOldGen: 35888K(44032K)->36588K(44032K)
[2026-06-17T10:02:00.694+0800][58.321s][info][gc,metaspace   ] GC(2266) Metaspace: 118K(320K)->118K(320K) NonClass: 111K(192K)->111K(192K) Class: 7K(128K)->7K(128K)
[2026-06-17T10:02:00.695+0800][58.322s][info][gc             ] GC(2266) Pause Young (Allocation Failure) 46M->40M(57M) 5.000ms
[2026-06-17T10:02:00.696+0800][58.323s][info][gc,cpu         ] GC(2266) User=0.00s Sys=0.00s Real=0.01s
[2026-06-17T10:02:00.718+0800][58.346s][info][gc,start       ] GC(2267) Pause Young (Allocation Failure)
[2026-06-17T10:02:00.720+0800][58.347s][info][gc,heap        ] GC(2267) PSYoungGen: 11947K(14336K)->3756K(14848K) Eden: 7168K(7168K)->0K(7680K) From: 4779K(7168K)->3756K(7168K)
[2026-06-17T10:02:00.721+0800][58.349s][info][gc,heap        ] GC(2267) ParOldGen: 36588K(44032K)->37781K(44032K)
[2026-06-17T10:02:00.723+0800][58.351s][info][gc,metaspace   ] GC(2267) Metaspace: 118K(320K)->118K(320K) NonClass: 111K(192K)->111K(192K) Class: 7K(128K)->7K(128K)
[2026-06-17T10:02:00.725+0800][58.353s][info][gc             ] GC(2267) Pause Young (Allocation Failure) 47M->40M(57M) 7.331ms
[2026-06-17T10:02:00.726+0800][58.354s][info][gc,cpu         ] GC(2267) User=0.00s Sys=0.00s Real=0.01s
[2026-06-17T10:02:00.738+0800][58.366s][info][gc,start       ] GC(2268) Pause Young (Allocation Failure)
[2026-06-17T10:02:00.741+0800][58.368s][info][gc,heap        ] GC(2268) PSYoungGen: 11384K(14848K)->6013K(14336K) Eden: 7627K(7680K)->0K(7680K) From: 3756K(7168K)->6013K(6656K)
[2026-06-17T10:02:00.741+0800][58.369s][info][gc,heap        ] GC(2268) ParOldGen: 37781K(44032K)->39616K(44032K)
[2026-06-17T10:02:00.742+0800][58.370s][info][gc,metaspace   ] GC(2268) Metaspace: 118K(320K)->118K(320K) NonClass: 111K(192K)->111K(192K) Class: 7K(128K)->7K(128K)
[2026-06-17T10:02:00.743+0800][58.371s][info][gc             ] GC(2268) Pause Young (Allocation Failure) 48M->44M(57M) 4.611ms
[2026-06-17T10:02:00.744+0800][58.371s][info][gc,cpu         ] GC(2268) User=0.00s Sys=0.01s Real=0.01s
[2026-06-17T10:02:00.765+0800][58.393s][info][gc,start       ] GC(2269) Pause Young (Allocation Failure)
[2026-06-17T10:02:00.766+0800][58.394s][info][gc,heap        ] GC(2269) PSYoungGen: 13641K(14336K)->1677K(14336K) Eden: 7628K(7680K)->0K(7168K) From: 6013K(6656K)->1677K(7168K)
[2026-06-17T10:02:00.767+0800][58.394s][info][gc,heap        ] GC(2269) ParOldGen: 39616K(44032K)->40717K(44032K)
[2026-06-17T10:02:00.767+0800][58.395s][info][gc,metaspace   ] GC(2269) Metaspace: 118K(320K)->118K(320K) NonClass: 111K(192K)->111K(192K) Class: 7K(128K)->7K(128K)
[2026-06-17T10:02:00.768+0800][58.396s][info][gc             ] GC(2269) Pause Young (Allocation Failure) 52M->41M(57M) 2.738ms
[2026-06-17T10:02:00.769+0800][58.396s][info][gc,cpu         ] GC(2269) User=0.00s Sys=0.00s Real=0.00s
[2026-06-17T10:02:00.791+0800][58.419s][info][gc,start       ] GC(2270) Pause Full (Ergonomics)
[2026-06-17T10:02:00.792+0800][58.419s][info][gc,phases,start] GC(2270) Marking Phase
[2026-06-17T10:02:00.795+0800][58.423s][info][gc,phases      ] GC(2270) Marking Phase 3.357ms
[2026-06-17T10:02:00.797+0800][58.425s][info][gc,phases,start] GC(2270) Summary Phase
[2026-06-17T10:02:00.799+0800][58.427s][info][gc,phases      ] GC(2270) Summary Phase 1.997ms
[2026-06-17T10:02:00.800+0800][58.427s][info][gc,phases,start] GC(2270) Adjust Roots
[2026-06-17T10:02:00.801+0800][58.429s][info][gc,phases      ] GC(2270) Adjust Roots 1.770ms
[2026-06-17T10:02:00.803+0800][58.431s][info][gc,phases,start] GC(2270) Compaction Phase
[2026-06-17T10:02:00.807+0800][58.435s][info][gc,phases      ] GC(2270) Compaction Phase 4.370ms
[2026-06-17T10:02:00.808+0800][58.436s][info][gc,phases,start] GC(2270) Post Compact
[2026-06-17T10:02:00.809+0800][58.437s][info][gc,phases      ] GC(2270) Post Compact 0.773ms
[2026-06-17T10:02:00.810+0800][58.437s][info][gc,heap        ] GC(2270) PSYoungGen: 8826K(14336K)->0K(14336K) Eden: 7149K(7168K)->0K(7168K) From: 1677K(7168K)->0K(7168K)
[2026-06-17T10:02:00.811+0800][58.438s][info][gc,heap        ] GC(2270) ParOldGen: 40717K(44032K)->27546K(44032K)
[2026-06-17T10:02:00.811+0800][58.439s][info][gc,metaspace   ] GC(2270) Metaspace: 118K(320K)->118K(320K) NonClass: 111K(192K)->111K(192K) Class: 7K(128K)->7K(128K)
[2026-06-17T10:02:00.812+0800][58.440s][info][gc             ] GC(2270) Pause Full (Ergonomics) 48M->26M(57M) 21.351ms
[2026-06-17T10:02:00.813+0800][58.441s][info][gc,cpu         ] GC(2270) User=0.01s Sys=0.00s Real=0.02s
[2026-06-17T10:02:00.835+0800][58.463s][info][gc,start       ] GC(2271) Pause Young (Allocation Failure)
[2026-06-17T10:02:00.837+0800][58.464s][info][gc,heap        ] GC(2271) PSYoungGen: 7139K(14336K)->3883K(14336K) Eden: 7139K(7168K)->0K(7168K) From: 0K(7168K)->3883K(7168K)
[2026-06-17T10:02:00.838+0800][58.465s][info][gc,heap        ] GC(2271) ParOldGen: 27546K(44032K)->27546K(44032K)
[2026-06-17T10:02:00.839+0800][58.466s][info][gc,metaspace   ] GC(2271) Metaspace: 118K(320K)->118K(320K) NonClass: 111K(192K)->111K(192K) Class: 7K(128K)->7K(128K)
[2026-06-17T10:02:00.839+0800][58.467s][info][gc             ] GC(2271) Pause Young (Allocation Failure) 33M->30M(57M) 4.320ms
[2026-06-17T10:02:00.840+0800][58.468s][info][gc,cpu         ] GC(2271) User=0.00s Sys=0.00s Real=0.00s
[2026-06-17T10:02:00.862+0800][58.490s][info][gc,start       ] GC(2272) Pause Young (Allocation Failure)
[2026-06-17T10:02:00.865+0800][58.493s][info][gc,heap        ] GC(2272) PSYoungGen: 11038K(14336K)->3904K(14336K) Eden: 7155K(7168K)->0K(7168K) From: 3883K(7168K)->3904K(7168K)
[2026-06-17T10:02:00.867+0800][58.495s][info][gc,heap        ] GC(2272) ParOldGen: 27546K(44032K)->27546K(44032K)
[2026-06-17T10:02:00.868+0800][58.496s][info][gc,metaspace   ] GC(2272) Metaspace: 118K(320K)->118K(320K) NonClass: 111K(192K)->111K(192K) Class: 7K(128K)->7K(128K)
[2026-06-17T10:02:00.869+0800][58.497s][info][gc             ] GC(2272) Pause Young (Allocation Failure) 37M->30M(57M) 6.826ms
[2026-06-17T10:02:00.870+0800][58.497s][info][gc,cpu         ] GC(2272) User=0.00s Sys=0.00s Real=0.01s
[2026-06-17T10:02:00.881+0800][58.509s][info][gc,start       ] GC(2273) Pause Young (Allocation Failure)
[2026-06-17T10:02:00.885+0800][58.513s][info][gc,heap        ] GC(2273) PSYoungGen: 11070K(14336K)->6652K(13824K) Eden: 7165K(7168K)->0K(7168K) From: 3904K(7168K)->6652K(6656K)
[2026-06-17T10:02:00.886+0800][58.513s][info][gc,heap        ] GC(2273) ParOldGen: 27546K(44032K)->28653K(44032K)
[2026-06-17T10:02:00.886+0800][58.514s][info][gc,metaspace   ] GC(2273) Metaspace: 118K(320K)->118K(320K) NonClass: 111K(192K)->111K(192K) Class: 7K(128K)->7K(128K)
[2026-06-17T10:02:00.887+0800][58.515s][info][gc             ] GC(2273) Pause Young (Allocation Failure) 37M->34M(56M) 5.507ms
[2026-06-17T10:02:00.888+0800][58.516s][info][gc,cpu         ] GC(2273) User=0.00s Sys=0.00s Real=0.01s
[2026-06-17T10:02:00.910+0800][58.538s][info][gc,start       ] GC(2274) Pause Young (Allocation Failure)
[2026-06-17T10:02:00.912+0800][58.540s][info][gc,heap        ] GC(2274) PSYoungGen: 13815K(13824K)->6775K(14336K) Eden: 7163K(7168K)->0K(7168K) From: 6652K(6656K)->6775K(7168K)
[2026-06-17T10:02:00.913+0800][58.541s][info][gc,heap        ] GC(2274) ParOldGen: 28653K(44032K)->28653K(44032K)
[2026-06-17T10:02:00.914+0800][58.542s][info][gc,metaspace   ] GC(2274) Metaspace: 118K(320K)->118K(320K) NonClass: 111K(192K)->111K(192K) Class: 7K(128K)->7K(128K)
[2026-06-17T10:02:00.915+0800][58.543s][info][gc             ] GC(2274) Pause Young (Allocation Failure) 41M->34M(57M) 4.691ms
[2026-06-17T10:02:00.916+0800][58.543s][info][gc,cpu         ] GC(2274) User=0.00s Sys=0.00s Real=0.01s
[2026-06-17T10:02:00.937+0800][58.565s][info][gc,start       ] GC(2275) Pause Young (Allocation Failure)
[2026-06-17T10:02:00.939+0800][58.566s][info][gc,heap        ] GC(2275) PSYoungGen: 13941K(14336K)->4598K(14336K) Eden: 7165K(7168K)->0K(7168K) From: 6775K(7168K)->4598K(7168K)
[2026-06-17T10:02:00.939+0800][58.567s][info][gc,heap        ] GC(2275) ParOldGen: 28653K(44032K)->30857K(44032K)
[2026-06-17T10:02:00.940+0800][58.567s][info][gc,metaspace   ] GC(2275) Metaspace: 118K(320K)->118K(320K) NonClass: 111K(192K)->111K(192K) Class: 7K(128K)->7K(128K)
[2026-06-17T10:02:00.940+0800][58.568s][info][gc             ] GC(2275) Pause Young (Allocation Failure) 41M->34M(57M) 2.393ms
[2026-06-17T10:02:00.940+0800][58.568s][info][gc,cpu         ] GC(2275) User=0.00s Sys=0.00s Real=0.00s
[2026-06-17T10:02:00.951+0800][58.579s][info][gc,start       ] GC(2276) Pause Young (Allocation Failure)
[2026-06-17T10:02:00.953+0800][58.580s][info][gc,heap        ] GC(2276) PSYoungGen: 11581K(14336K)->2694K(14336K) Eden: 6982K(7168K)->0K(7168K) From: 4598K(7168K)->2694K(7168K)
[2026-06-17T10:02:00.953+0800][58.581s][info][gc,heap        ] GC(2276) ParOldGen: 30857K(44032K)->32817K(44032K)
[2026-06-17T10:02:00.954+0800][58.581s][info][gc,metaspace   ] GC(2276) Metaspace: 118K(320K)->118K(320K) NonClass: 111K(192K)->111K(192K) Class: 7K(128K)->7K(128K)
[2026-06-17T10:02:00.954+0800][58.582s][info][gc             ] GC(2276) Pause Young (Allocation Failure) 41M->34M(57M) 2.512ms
[2026-06-17T10:02:00.954+0800][58.582s][info][gc,cpu         ] GC(2276) User=0.00s Sys=0.00s Real=0.00s
[2026-06-17T10:02:00.976+0800][58.603s][info][gc,start       ] GC(2277) Pause Young (Allocation Failure)
[2026-06-17T10:02:00.981+0800][58.608s][info][gc,heap        ] GC(2277) PSYoungGen: 9846K(14336K)->3672K(14336K) Eden: 7152K(7168K)->0K(7168K) From: 2694K(7168K)->3672K(7168K)
[2026-06-17T10:02:00.982+0800][58.610s][info][gc,heap        ] GC(2277) ParOldGen: 32817K(44032K)->35463K(44032K)
[2026-06-17T10:02:00.982+0800][58.610s][info][gc,metaspace   ] GC(2277) Metaspace: 118K(320K)->118K(320K) NonClass: 111K(192K)->111K(192K) Class: 7K(128K)->7K(128K)
[2026-06-17T10:02:00.982+0800][58.610s][info][gc             ] GC(2277) Pause Young (Allocation Failure) 41M->38M(57M) 6.817ms
[2026-06-17T10:02:00.983+0800][58.610s][info][gc,cpu         ] GC(2277) User=0.00s Sys=0.00s Real=0.01s
[2026-06-17T10:02:00.994+0800][58.621s][info][gc,start       ] GC(2278) Pause Young (Allocation Failure)
[2026-06-17T10:02:00.994+0800][58.622s][info][gc,heap        ] GC(2278) PSYoungGen: 10644K(14336K)->1571K(14336K) Eden: 6971K(7168K)->0K(7168K) From: 3672K(7168K)->1571K(7168K)
[2026-06-17T10:02:00.995+0800][58.622s][info][gc,heap        ] GC(2278) ParOldGen: 35463K(44032K)->37410K(44032K)
[2026-06-17T10:02:00.995+0800][58.623s][info][gc,metaspace   ] GC(2278) Metaspace: 118K(320K)->118K(320K) NonClass: 111K(192K)->111K(192K) Class: 7K(128K)->7K(128K)
[2026-06-17T10:02:00.996+0800][58.624s][info][gc             ] GC(2278) Pause Young (Allocation Failure) 45M->38M(57M) 2.465ms
[2026-06-17T10:02:00.996+0800][58.624s][info][gc,cpu         ] GC(2278) User=0.00s Sys=0.00s Real=0.00s
[2026-06-17T10:02:01.017+0800][58.645s][info][gc,start       ] GC(2279) Pause Young (Allocation Failure)
[2026-06-17T10:02:01.021+0800][58.649s][info][gc,heap        ] GC(2279) PSYoungGen: 8734K(14336K)->3928K(14336K) Eden: 7163K(7168K)->0K(7168K) From: 1571K(7168K)->3928K(7168K)
[2026-06-17T10:02:01.024+0800][58.652s][info][gc,heap        ] GC(2279) ParOldGen: 37410K(44032K)->38957K(44032K)
[2026-06-17T10:02:01.026+0800][58.654s][info][gc,metaspace   ] GC(2279) Metaspace: 118K(320K)->118K(320K) NonClass: 111K(192K)->111K(192K) Class: 7K(128K)->7K(128K)
[2026-06-17T10:02:01.029+0800][58.657s][info][gc             ] GC(2279) Pause Young (Allocation Failure) 45M->41M(57M) 11.874ms
[2026-06-17T10:02:01.030+0800][58.658s][info][gc,cpu         ] GC(2279) User=0.00s Sys=0.00s Real=0.01s
[2026-06-17T10:02:01.052+0800][58.679s][info][gc,start       ] GC(2280) Pause Young (Allocation Failure)
[2026-06-17T10:02:01.055+0800][58.683s][info][gc,heap        ] GC(2280) PSYoungGen: 11069K(14336K)->3675K(14336K) Eden: 7140K(7168K)->0K(7168K) From: 3928K(7168K)->3675K(7168K)
[2026-06-17T10:02:01.059+0800][58.687s][info][gc,heap        ] GC(2280) ParOldGen: 38957K(44032K)->39330K(44032K)
[2026-06-17T10:02:01.065+0800][58.693s][info][gc,metaspace   ] GC(2280) Metaspace: 118K(320K)->118K(320K) NonClass: 111K(192K)->111K(192K) Class: 7K(128K)->7K(128K)
[2026-06-17T10:02:01.067+0800][58.695s][info][gc             ] GC(2280) Pause Young (Allocation Failure) 48M->41M(57M) 15.633ms
[2026-06-17T10:02:01.070+0800][58.698s][info][gc,cpu         ] GC(2280) User=0.00s Sys=0.00s Real=0.01s
[2026-06-17T10:02:01.096+0800][58.724s][info][gc,start       ] GC(2281) Pause Young (Allocation Failure)
[2026-06-17T10:02:01.099+0800][58.727s][info][gc,heap        ] GC(2281) PSYoungGen: 10836K(14336K)->1872K(14336K) Eden: 7160K(7168K)->0K(7168K) From: 3675K(7168K)->1872K(7168K)
[2026-06-17T10:02:01.100+0800][58.728s][info][gc,heap        ] GC(2281) ParOldGen: 39330K(44032K)->41309K(44032K)
[2026-06-17T10:02:01.100+0800][58.728s][info][gc,metaspace   ] GC(2281) Metaspace: 118K(320K)->118K(320K) NonClass: 111K(192K)->111K(192K) Class: 7K(128K)->7K(128K)
[2026-06-17T10:02:01.104+0800][58.732s][info][gc             ] GC(2281) Pause Young (Allocation Failure) 48M->42M(57M) 7.775ms
[2026-06-17T10:02:01.105+0800][58.732s][info][gc,cpu         ] GC(2281) User=0.00s Sys=0.00s Real=0.01s
[2026-06-17T10:02:01.119+0800][58.747s][info][gc,start       ] GC(2282) Pause Full (Ergonomics)
[2026-06-17T10:02:01.120+0800][58.748s][info][gc,phases,start] GC(2282) Marking Phase
[2026-06-17T10:02:01.121+0800][58.749s][info][gc,phases      ] GC(2282) Marking Phase 1.478ms
[2026-06-17T10:02:01.122+0800][58.749s][info][gc,phases,start] GC(2282) Summary Phase
[2026-06-17T10:02:01.122+0800][58.750s][info][gc,phases      ] GC(2282) Summary Phase 0.240ms
[2026-06-17T10:02:01.122+0800][58.750s][info][gc,phases,start] GC(2282) Adjust Roots
[2026-06-17T10:02:01.122+0800][58.750s][info][gc,phases      ] GC(2282) Adjust Roots 0.215ms
[2026-06-17T10:02:01.122+0800][58.750s][info][gc,phases,start] GC(2282) Compaction Phase
[2026-06-17T10:02:01.124+0800][58.752s][info][gc,phases      ] GC(2282) Compaction Phase 1.508ms
[2026-06-17T10:02:01.124+0800][58.752s][info][gc,phases,start] GC(2282) Post Compact
[2026-06-17T10:02:01.124+0800][58.752s][info][gc,phases      ] GC(2282) Post Compact 0.205ms
[2026-06-17T10:02:01.125+0800][58.752s][info][gc,heap        ] GC(2282) PSYoungGen: 8996K(14336K)->0K(14336K) Eden: 7123K(7168K)->0K(7168K) From: 1872K(7168K)->0K(7168K)
[2026-06-17T10:02:01.125+0800][58.752s][info][gc,heap        ] GC(2282) ParOldGen: 41309K(44032K)->23507K(44032K)
[2026-06-17T10:02:01.125+0800][58.752s][info][gc,metaspace   ] GC(2282) Metaspace: 118K(320K)->118K(320K) NonClass: 111K(192K)->111K(192K) Class: 7K(128K)->7K(128K)
[2026-06-17T10:02:01.125+0800][58.753s][info][gc             ] GC(2282) Pause Full (Ergonomics) 49M->22M(57M) 5.439ms
[2026-06-17T10:02:01.125+0800][58.753s][info][gc,cpu         ] GC(2282) User=0.01s Sys=0.00s Real=0.01s
[2026-06-17T10:02:01.146+0800][58.774s][info][gc,start       ] GC(2283) Pause Young (Allocation Failure)
[2026-06-17T10:02:01.147+0800][58.774s][info][gc,heap        ] GC(2283) PSYoungGen: 7161K(14336K)->3661K(14336K) Eden: 7161K(7168K)->0K(7168K) From: 0K(7168K)->3661K(7168K)
[2026-06-17T10:02:01.147+0800][58.775s][info][gc,heap        ] GC(2283) ParOldGen: 23507K(44032K)->23507K(44032K)
[2026-06-17T10:02:01.147+0800][58.775s][info][gc,metaspace   ] GC(2283) Metaspace: 118K(320K)->118K(320K) NonClass: 111K(192K)->111K(192K) Class: 7K(128K)->7K(128K)
[2026-06-17T10:02:01.148+0800][58.775s][info][gc             ] GC(2283) Pause Young (Allocation Failure) 29M->26M(57M) 1.745ms
[2026-06-17T10:02:01.148+0800][58.776s][info][gc,cpu         ] GC(2283) User=0.00s Sys=0.00s Real=0.00s
[2026-06-17T10:02:01.169+0800][58.797s][info][gc,start       ] GC(2284) Pause Young (Allocation Failure)
[2026-06-17T10:02:01.170+0800][58.798s][info][gc,heap        ] GC(2284) PSYoungGen: 10780K(14336K)->3576K(14336K) Eden: 7119K(7168K)->0K(7168K) From: 3661K(7168K)->3576K(7168K)
[2026-06-17T10:02:01.170+0800][58.798s][info][gc,heap        ] GC(2284) ParOldGen: 23507K(44032K)->23507K(44032K)
[2026-06-17T10:02:01.170+0800][58.798s][info][gc,metaspace   ] GC(2284) Metaspace: 118K(320K)->118K(320K) NonClass: 111K(192K)->111K(192K) Class: 7K(128K)->7K(128K)
[2026-06-17T10:02:01.171+0800][58.798s][info][gc             ] GC(2284) Pause Young (Allocation Failure) 33M->26M(57M) 1.488ms
[2026-06-17T10:02:01.171+0800][58.798s][info][gc,cpu         ] GC(2284) User=0.00s Sys=0.00s Real=0.01s
[2026-06-17T10:02:01.182+0800][58.810s][info][gc,start       ] GC(2285) Pause Young (Allocation Failure)
[2026-06-17T10:02:01.185+0800][58.813s][info][gc,heap        ] GC(2285) PSYoungGen: 10611K(14336K)->3867K(14848K) Eden: 7034K(7168K)->0K(8192K) From: 3576K(7168K)->3867K(6656K)
[2026-06-17T10:02:01.186+0800][58.814s][info][gc,heap        ] GC(2285) ParOldGen: 23507K(44032K)->23507K(44032K)
[2026-06-17T10:02:01.188+0800][58.816s][info][gc,metaspace   ] GC(2285) Metaspace: 118K(320K)->118K(320K) NonClass: 111K(192K)->111K(192K) Class: 7K(128K)->7K(128K)
[2026-06-17T10:02:01.189+0800][58.817s][info][gc             ] GC(2285) Pause Young (Allocation Failure) 33M->26M(57M) 6.893ms
[2026-06-17T10:02:01.190+0800][58.817s][info][gc,cpu         ] GC(2285) User=0.00s Sys=0.00s Real=0.01s
[2026-06-17T10:02:01.222+0800][58.850s][info][gc,start       ] GC(2286) Pause Young (Allocation Failure)
[2026-06-17T10:02:01.224+0800][58.851s][info][gc,heap        ] GC(2286) PSYoungGen: 12034K(14848K)->5299K(13824K) Eden: 8166K(8192K)->0K(8192K) From: 3867K(6656K)->5299K(5632K)
[2026-06-17T10:02:01.224+0800][58.852s][info][gc,heap        ] GC(2286) ParOldGen: 23507K(44032K)->23507K(44032K)
[2026-06-17T10:02:01.225+0800][58.852s][info][gc,metaspace   ] GC(2286) Metaspace: 118K(320K)->118K(320K) NonClass: 111K(192K)->111K(192K) Class: 7K(128K)->7K(128K)
[2026-06-17T10:02:01.225+0800][58.853s][info][gc             ] GC(2286) Pause Young (Allocation Failure) 34M->28M(56M) 3.400ms
[2026-06-17T10:02:01.226+0800][58.854s][info][gc,cpu         ] GC(2286) User=0.00s Sys=0.01s Real=0.01s
[2026-06-17T10:02:01.238+0800][58.865s][info][gc,start       ] GC(2287) Pause Young (Allocation Failure)
[2026-06-17T10:02:01.240+0800][58.867s][info][gc,heap        ] GC(2287) PSYoungGen: 13489K(13824K)->7102K(14336K) Eden: 8190K(8192K)->0K(7168K) From: 5299K(5632K)->7102K(7168K)
[2026-06-17T10:02:01.242+0800][58.870s][info][gc,heap        ] GC(2287) ParOldGen: 23507K(44032K)->26392K(44032K)
[2026-06-17T10:02:01.243+0800][58.870s][info][gc,metaspace   ] GC(2287) Metaspace: 118K(320K)->118K(320K) NonClass: 111K(192K)->111K(192K) Class: 7K(128K)->7K(128K)
[2026-06-17T10:02:01.245+0800][58.873s][info][gc             ] GC(2287) Pause Young (Allocation Failure) 36M->32M(57M) 7.351ms
[2026-06-17T10:02:01.248+0800][58.876s][info][gc,cpu         ] GC(2287) User=0.00s Sys=0.00s Real=0.01s
[2026-06-17T10:02:01.272+0800][58.899s][info][gc,start       ] GC(2288) Pause Young (Allocation Failure)
[2026-06-17T10:02:01.273+0800][58.901s][info][gc,heap        ] GC(2288) PSYoungGen: 14261K(14336K)->5104K(14336K) Eden: 7159K(7168K)->0K(7168K) From: 7102K(7168K)->5104K(7168K)
[2026-06-17T10:02:01.273+0800][58.901s][info][gc,heap        ] GC(2288) ParOldGen: 26392K(44032K)->28656K(44032K)
[2026-06-17T10:02:01.274+0800][58.901s][info][gc,metaspace   ] GC(2288) Metaspace: 118K(320K)->118K(320K) NonClass: 111K(192K)->111K(192K) Class: 7K(128K)->7K(128K)
[2026-06-17T10:02:01.274+0800][58.902s][info][gc             ] GC(2288) Pause Young (Allocation Failure) 39M->32M(57M) 2.530ms
[2026-06-17T10:02:01.275+0800][58.902s][info][gc,cpu         ] GC(2288) User=0.00s Sys=0.00s Real=0.00s
[2026-06-17T10:02:01.296+0800][58.924s][info][gc,start       ] GC(2289) Pause Young (Allocation Failure)
[2026-06-17T10:02:01.297+0800][58.925s][info][gc,heap        ] GC(2289) PSYoungGen: 12249K(14336K)->5046K(14336K) Eden: 7145K(7168K)->0K(7168K) From: 5104K(7168K)->5046K(7168K)
[2026-06-17T10:02:01.298+0800][58.926s][info][gc,heap        ] GC(2289) ParOldGen: 28656K(44032K)->29087K(44032K)
[2026-06-17T10:02:01.298+0800][58.926s][info][gc,metaspace   ] GC(2289) Metaspace: 118K(320K)->118K(320K) NonClass: 111K(192K)->111K(192K) Class: 7K(128K)->7K(128K)
[2026-06-17T10:02:01.298+0800][58.926s][info][gc             ] GC(2289) Pause Young (Allocation Failure) 39M->33M(57M) 2.005ms
[2026-06-17T10:02:01.298+0800][58.926s][info][gc,cpu         ] GC(2289) User=0.00s Sys=0.00s Real=0.00s
[2026-06-17T10:02:01.319+0800][58.947s][info][gc,start       ] GC(2290) Pause Young (Allocation Failure)
[2026-06-17T10:02:01.320+0800][58.948s][info][gc,heap        ] GC(2290) PSYoungGen: 12173K(14336K)->3840K(14336K) Eden: 7126K(7168K)->0K(7168K) From: 5046K(7168K)->3840K(7168K)
[2026-06-17T10:02:01.321+0800][58.949s][info][gc,heap        ] GC(2290) ParOldGen: 29087K(44032K)->30611K(44032K)
[2026-06-17T10:02:01.321+0800][58.949s][info][gc,metaspace   ] GC(2290) Metaspace: 118K(320K)->118K(320K) NonClass: 111K(192K)->111K(192K) Class: 7K(128K)->7K(128K)
[2026-06-17T10:02:01.322+0800][58.949s][info][gc             ] GC(2290) Pause Young (Allocation Failure) 40M->33M(57M) 2.169ms
[2026-06-17T10:02:01.322+0800][58.949s][info][gc,cpu         ] GC(2290) User=0.00s Sys=0.00s Real=0.00s
[2026-06-17T10:02:01.343+0800][58.970s][info][gc,start       ] GC(2291) Pause Young (Allocation Failure)
[2026-06-17T10:02:01.344+0800][58.971s][info][gc,heap        ] GC(2291) PSYoungGen: 11001K(14336K)->705K(14336K) Eden: 7160K(7168K)->0K(7168K) From: 3840K(7168K)->705K(7168K)
[2026-06-17T10:02:01.344+0800][58.972s][info][gc,heap        ] GC(2291) ParOldGen: 30611K(44032K)->33977K(44032K)
[2026-06-17T10:02:01.344+0800][58.972s][info][gc,metaspace   ] GC(2291) Metaspace: 118K(320K)->118K(320K) NonClass: 111K(192K)->111K(192K) Class: 7K(128K)->7K(128K)
[2026-06-17T10:02:01.345+0800][58.973s][info][gc             ] GC(2291) Pause Young (Allocation Failure) 40M->33M(57M) 2.134ms
[2026-06-17T10:02:01.345+0800][58.973s][info][gc,cpu         ] GC(2291) User=0.01s Sys=0.00s Real=0.00s
[2026-06-17T10:02:01.356+0800][58.984s][info][gc,start       ] GC(2292) Pause Young (Allocation Failure)
[2026-06-17T10:02:01.357+0800][58.985s][info][gc,heap        ] GC(2292) PSYoungGen: 7866K(14336K)->4354K(14336K) Eden: 7160K(7168K)->0K(7168K) From: 705K(7168K)->4354K(7168K)
[2026-06-17T10:02:01.358+0800][58.985s][info][gc,heap        ] GC(2292) ParOldGen: 33977K(44032K)->33977K(44032K)
[2026-06-17T10:02:01.358+0800][58.986s][info][gc,metaspace   ] GC(2292) Metaspace: 118K(320K)->118K(320K) NonClass: 111K(192K)->111K(192K) Class: 7K(128K)->7K(128K)
[2026-06-17T10:02:01.358+0800][58.986s][info][gc             ] GC(2292) Pause Young (Allocation Failure) 40M->37M(57M) 1.667ms
[2026-06-17T10:02:01.358+0800][58.986s][info][gc,cpu         ] GC(2292) User=0.00s Sys=0.00s Real=0.00s
[2026-06-17T10:02:01.380+0800][59.008s][info][gc,start       ] GC(2293) Pause Young (Allocation Failure)
[2026-06-17T10:02:01.381+0800][59.009s][info][gc,heap        ] GC(2293) PSYoungGen: 11484K(14336K)->2688K(14336K) Eden: 7129K(7168K)->0K(7168K) From: 4354K(7168K)->2688K(7168K)
[2026-06-17T10:02:01.384+0800][59.012s][info][gc,heap        ] GC(2293) ParOldGen: 33977K(44032K)->35923K(44032K)
[2026-06-17T10:02:01.392+0800][59.020s][info][gc,metaspace   ] GC(2293) Metaspace: 118K(320K)->118K(320K) NonClass: 111K(192K)->111K(192K) Class: 7K(128K)->7K(128K)
[2026-06-17T10:02:01.401+0800][59.029s][info][gc             ] GC(2293) Pause Young (Allocation Failure) 44M->37M(57M) 21.417ms
[2026-06-17T10:02:01.410+0800][59.038s][info][gc,cpu         ] GC(2293) User=0.00s Sys=0.00s Real=0.03s
[2026-06-17T10:02:01.436+0800][59.064s][info][gc,start       ] GC(2294) Pause Young (Allocation Failure)
[2026-06-17T10:02:01.441+0800][59.068s][info][gc,heap        ] GC(2294) PSYoungGen: 9830K(14336K)->3224K(14336K) Eden: 7142K(7168K)->0K(7168K) From: 2688K(7168K)->3224K(7168K)
[2026-06-17T10:02:01.446+0800][59.073s][info][gc,heap        ] GC(2294) ParOldGen: 35923K(44032K)->35923K(44032K)
[2026-06-17T10:02:01.449+0800][59.077s][info][gc,metaspace   ] GC(2294) Metaspace: 118K(320K)->118K(320K) NonClass: 111K(192K)->111K(192K) Class: 7K(128K)->7K(128K)
[2026-06-17T10:02:01.452+0800][59.080s][info][gc             ] GC(2294) Pause Young (Allocation Failure) 44M->38M(57M) 16.427ms
[2026-06-17T10:02:01.453+0800][59.081s][info][gc,cpu         ] GC(2294) User=0.00s Sys=0.00s Real=0.02s
[2026-06-17T10:02:01.474+0800][59.102s][info][gc,start       ] GC(2295) Pause Young (Allocation Failure)
[2026-06-17T10:02:01.480+0800][59.108s][info][gc,heap        ] GC(2295) PSYoungGen: 10385K(14336K)->3761K(14336K) Eden: 7160K(7168K)->0K(7168K) From: 3224K(7168K)->3761K(7168K)
[2026-06-17T10:02:01.486+0800][59.114s][info][gc,heap        ] GC(2295) ParOldGen: 35923K(44032K)->35923K(44032K)
[2026-06-17T10:02:01.487+0800][59.115s][info][gc,metaspace   ] GC(2295) Metaspace: 118K(320K)->118K(320K) NonClass: 111K(192K)->111K(192K) Class: 7K(128K)->7K(128K)
[2026-06-17T10:02:01.488+0800][59.115s][info][gc             ] GC(2295) Pause Young (Allocation Failure) 45M->38M(57M) 13.342ms
[2026-06-17T10:02:01.488+0800][59.116s][info][gc,cpu         ] GC(2295) User=0.00s Sys=0.00s Real=0.01s
[2026-06-17T10:02:01.499+0800][59.127s][info][gc,start       ] GC(2296) Pause Young (Allocation Failure)
[2026-06-17T10:02:01.500+0800][59.128s][info][gc,heap        ] GC(2296) PSYoungGen: 10882K(14336K)->3761K(14336K) Eden: 7121K(7168K)->0K(7168K) From: 3761K(7168K)->3761K(7168K)
[2026-06-17T10:02:01.501+0800][59.128s][info][gc,heap        ] GC(2296) ParOldGen: 35923K(44032K)->35923K(44032K)
[2026-06-17T10:02:01.501+0800][59.129s][info][gc,metaspace   ] GC(2296) Metaspace: 118K(320K)->118K(320K) NonClass: 111K(192K)->111K(192K) Class: 7K(128K)->7K(128K)
[2026-06-17T10:02:01.501+0800][59.129s][info][gc             ] GC(2296) Pause Young (Allocation Failure) 45M->38M(57M) 1.942ms
[2026-06-17T10:02:01.502+0800][59.129s][info][gc,cpu         ] GC(2296) User=0.00s Sys=0.00s Real=0.00s
[2026-06-17T10:02:01.523+0800][59.151s][info][gc,start       ] GC(2297) Pause Young (Allocation Failure)
[2026-06-17T10:02:01.526+0800][59.154s][info][gc,heap        ] GC(2297) PSYoungGen: 10929K(14336K)->6497K(13824K) Eden: 7168K(7168K)->0K(7168K) From: 3761K(7168K)->6497K(6656K)
[2026-06-17T10:02:01.530+0800][59.158s][info][gc,heap        ] GC(2297) ParOldGen: 35923K(44032K)->36549K(44032K)
[2026-06-17T10:02:01.537+0800][59.164s][info][gc,metaspace   ] GC(2297) Metaspace: 118K(320K)->118K(320K) NonClass: 111K(192K)->111K(192K) Class: 7K(128K)->7K(128K)
[2026-06-17T10:02:01.540+0800][59.168s][info][gc             ] GC(2297) Pause Young (Allocation Failure) 45M->42M(56M) 17.217ms
[2026-06-17T10:02:01.544+0800][59.172s][info][gc,cpu         ] GC(2297) User=0.01s Sys=0.00s Real=0.02s
[2026-06-17T10:02:01.568+0800][59.196s][info][gc,start       ] GC(2298) Pause Young (Allocation Failure)
[2026-06-17T10:02:01.569+0800][59.197s][info][gc,heap        ] GC(2298) PSYoungGen: 13646K(13824K)->3786K(14336K) Eden: 7149K(7168K)->0K(7168K) From: 6497K(6656K)->3786K(7168K)
[2026-06-17T10:02:01.570+0800][59.197s][info][gc,heap        ] GC(2298) ParOldGen: 36549K(44032K)->39636K(44032K)
[2026-06-17T10:02:01.570+0800][59.197s][info][gc,metaspace   ] GC(2298) Metaspace: 118K(320K)->118K(320K) NonClass: 111K(192K)->111K(192K) Class: 7K(128K)->7K(128K)
[2026-06-17T10:02:01.570+0800][59.198s][info][gc             ] GC(2298) Pause Young (Allocation Failure) 49M->42M(57M) 1.490ms
[2026-06-17T10:02:01.570+0800][59.198s][info][gc,cpu         ] GC(2298) User=0.00s Sys=0.00s Real=0.00s
[2026-06-17T10:02:01.581+0800][59.209s][info][gc,start       ] GC(2299) Pause Young (Allocation Failure)
[2026-06-17T10:02:01.582+0800][59.210s][info][gc,heap        ] GC(2299) PSYoungGen: 10941K(14336K)->7154K(14336K) Eden: 7155K(7168K)->0K(7168K) From: 3786K(7168K)->7154K(7168K)
[2026-06-17T10:02:01.582+0800][59.210s][info][gc,heap        ] GC(2299) ParOldGen: 39636K(44032K)->40219K(44032K)
[2026-06-17T10:02:01.582+0800][59.210s][info][gc,metaspace   ] GC(2299) Metaspace: 118K(320K)->118K(320K) NonClass: 111K(192K)->111K(192K) Class: 7K(128K)->7K(128K)
[2026-06-17T10:02:01.583+0800][59.210s][info][gc             ] GC(2299) Pause Young (Allocation Failure) 49M->46M(57M) 1.853ms
[2026-06-17T10:02:01.583+0800][59.211s][info][gc,cpu         ] GC(2299) User=0.00s Sys=0.00s Real=0.01s
[2026-06-17T10:02:01.604+0800][59.232s][info][gc,start       ] GC(2300) Pause Young (Allocation Failure)
[2026-06-17T10:02:01.605+0800][59.233s][info][gc,heap        ] GC(2300) PSYoungGen: 14301K(14336K)->3779K(14336K) Eden: 7147K(7168K)->0K(7168K) From: 7154K(7168K)->3779K(7168K)
[2026-06-17T10:02:01.606+0800][59.233s][info][gc,heap        ] GC(2300) ParOldGen: 40219K(44032K)->43362K(44032K)
[2026-06-17T10:02:01.606+0800][59.234s][info][gc,metaspace   ] GC(2300) Metaspace: 118K(320K)->118K(320K) NonClass: 111K(192K)->111K(192K) Class: 7K(128K)->7K(128K)
[2026-06-17T10:02:01.606+0800][59.234s][info][gc             ] GC(2300) Pause Young (Allocation Failure) 53M->46M(57M) 2.032ms
[2026-06-17T10:02:01.606+0800][59.234s][info][gc,cpu         ] GC(2300) User=0.00s Sys=0.00s Real=0.00s
[2026-06-17T10:02:01.628+0800][59.255s][info][gc,start       ] GC(2301) Pause Full (Ergonomics)
[2026-06-17T10:02:01.628+0800][59.256s][info][gc,phases,start] GC(2301) Marking Phase
[2026-06-17T10:02:01.630+0800][59.258s][info][gc,phases      ] GC(2301) Marking Phase 2.148ms
[2026-06-17T10:02:01.631+0800][59.258s][info][gc,phases,start] GC(2301) Summary Phase
[2026-06-17T10:02:01.631+0800][59.258s][info][gc,phases      ] GC(2301) Summary Phase 0.249ms
[2026-06-17T10:02:01.631+0800][59.259s][info][gc,phases,start] GC(2301) Adjust Roots
[2026-06-17T10:02:01.631+0800][59.259s][info][gc,phases      ] GC(2301) Adjust Roots 0.380ms
[2026-06-17T10:02:01.632+0800][59.259s][info][gc,phases,start] GC(2301) Compaction Phase
[2026-06-17T10:02:01.634+0800][59.261s][info][gc,phases      ] GC(2301) Compaction Phase 2.024ms
[2026-06-17T10:02:01.634+0800][59.262s][info][gc,phases,start] GC(2301) Post Compact
[2026-06-17T10:02:01.634+0800][59.262s][info][gc,phases      ] GC(2301) Post Compact 0.338ms
[2026-06-17T10:02:01.635+0800][59.262s][info][gc,heap        ] GC(2301) PSYoungGen: 10894K(14336K)->0K(14336K) Eden: 7114K(7168K)->0K(7168K) From: 3779K(7168K)->0K(7168K)
[2026-06-17T10:02:01.635+0800][59.263s][info][gc,heap        ] GC(2301) ParOldGen: 43362K(44032K)->24790K(44032K)
[2026-06-17T10:02:01.635+0800][59.263s][info][gc,metaspace   ] GC(2301) Metaspace: 118K(320K)->118K(320K) NonClass: 111K(192K)->111K(192K) Class: 7K(128K)->7K(128K)
[2026-06-17T10:02:01.635+0800][59.263s][info][gc             ] GC(2301) Pause Full (Ergonomics) 52M->24M(57M) 7.673ms
[2026-06-17T10:02:01.635+0800][59.263s][info][gc,cpu         ] GC(2301) User=0.01s Sys=0.00s Real=0.01s
[2026-06-17T10:02:01.646+0800][59.274s][info][gc,start       ] GC(2302) Pause Young (Allocation Failure)
[2026-06-17T10:02:01.647+0800][59.275s][info][gc,heap        ] GC(2302) PSYoungGen: 7086K(14336K)->3614K(14336K) Eden: 7086K(7168K)->0K(7168K) From: 0K(7168K)->3614K(7168K)
[2026-06-17T10:02:01.648+0800][59.275s][info][gc,heap        ] GC(2302) ParOldGen: 24790K(44032K)->24790K(44032K)
[2026-06-17T10:02:01.648+0800][59.276s][info][gc,metaspace   ] GC(2302) Metaspace: 118K(320K)->118K(320K) NonClass: 111K(192K)->111K(192K) Class: 7K(128K)->7K(128K)
[2026-06-17T10:02:01.648+0800][59.276s][info][gc             ] GC(2302) Pause Young (Allocation Failure) 31M->27M(57M) 1.782ms
[2026-06-17T10:02:01.648+0800][59.276s][info][gc,cpu         ] GC(2302) User=0.00s Sys=0.00s Real=0.00s
[2026-06-17T10:02:01.669+0800][59.297s][info][gc,start       ] GC(2303) Pause Young (Allocation Failure)
[2026-06-17T10:02:01.671+0800][59.299s][info][gc,heap        ] GC(2303) PSYoungGen: 10731K(14336K)->3601K(14336K) Eden: 7117K(7168K)->0K(7168K) From: 3614K(7168K)->3601K(7168K)
[2026-06-17T10:02:01.671+0800][59.299s][info][gc,heap        ] GC(2303) ParOldGen: 24790K(44032K)->28363K(44032K)
[2026-06-17T10:02:01.672+0800][59.299s][info][gc,metaspace   ] GC(2303) Metaspace: 118K(320K)->118K(320K) NonClass: 111K(192K)->111K(192K) Class: 7K(128K)->7K(128K)
[2026-06-17T10:02:01.672+0800][59.300s][info][gc             ] GC(2303) Pause Young (Allocation Failure) 34M->31M(57M) 2.457ms
[2026-06-17T10:02:01.672+0800][59.300s][info][gc,cpu         ] GC(2303) User=0.00s Sys=0.00s Real=0.01s
[2026-06-17T10:02:01.693+0800][59.321s][info][gc,start       ] GC(2304) Pause Young (Allocation Failure)
[2026-06-17T10:02:01.695+0800][59.323s][info][gc,heap        ] GC(2304) PSYoungGen: 10769K(14336K)->4071K(14336K) Eden: 7168K(7168K)->0K(7168K) From: 3601K(7168K)->4071K(7168K)
[2026-06-17T10:02:01.696+0800][59.324s][info][gc,heap        ] GC(2304) ParOldGen: 28363K(44032K)->28363K(44032K)
[2026-06-17T10:02:01.698+0800][59.326s][info][gc,metaspace   ] GC(2304) Metaspace: 118K(320K)->118K(320K) NonClass: 111K(192K)->111K(192K) Class: 7K(128K)->7K(128K)
[2026-06-17T10:02:01.700+0800][59.328s][info][gc             ] GC(2304) Pause Young (Allocation Failure) 38M->31M(57M) 6.614ms
[2026-06-17T10:02:01.701+0800][59.328s][info][gc,cpu         ] GC(2304) User=0.01s Sys=0.00s Real=0.00s
[2026-06-17T10:02:01.725+0800][59.353s][info][gc,start       ] GC(2305) Pause Young (Allocation Failure)
[2026-06-17T10:02:01.735+0800][59.363s][info][gc,heap        ] GC(2305) PSYoungGen: 11230K(14336K)->4300K(14848K) Eden: 7159K(7168K)->0K(7680K) From: 4071K(7168K)->4300K(7168K)
[2026-06-17T10:02:01.736+0800][59.363s][info][gc,heap        ] GC(2305) ParOldGen: 28363K(44032K)->28363K(44032K)
[2026-06-17T10:02:01.736+0800][59.364s][info][gc,metaspace   ] GC(2305) Metaspace: 118K(320K)->118K(320K) NonClass: 111K(192K)->111K(192K) Class: 7K(128K)->7K(128K)
[2026-06-17T10:02:01.736+0800][59.364s][info][gc             ] GC(2305) Pause Young (Allocation Failure) 38M->31M(57M) 10.774ms
[2026-06-17T10:02:01.736+0800][59.364s][info][gc,cpu         ] GC(2305) User=0.00s Sys=0.00s Real=0.01s
[2026-06-17T10:02:01.747+0800][59.375s][info][gc,start       ] GC(2306) Pause Young (Allocation Failure)
[2026-06-17T10:02:01.749+0800][59.377s][info][gc,heap        ] GC(2306) PSYoungGen: 11968K(14848K)->6554K(14336K) Eden: 7668K(7680K)->0K(7680K) From: 4300K(7168K)->6554K(6656K)
[2026-06-17T10:02:01.752+0800][59.380s][info][gc,heap        ] GC(2306) ParOldGen: 28363K(44032K)->30381K(44032K)
[2026-06-17T10:02:01.753+0800][59.381s][info][gc,metaspace   ] GC(2306) Metaspace: 118K(320K)->118K(320K) NonClass: 111K(192K)->111K(192K) Class: 7K(128K)->7K(128K)
[2026-06-17T10:02:01.753+0800][59.381s][info][gc             ] GC(2306) Pause Young (Allocation Failure) 39M->36M(57M) 5.744ms
[2026-06-17T10:02:01.753+0800][59.381s][info][gc,cpu         ] GC(2306) User=0.00s Sys=0.00s Real=0.01s
[2026-06-17T10:02:01.775+0800][59.403s][info][gc,start       ] GC(2307) Pause Young (Allocation Failure)
[2026-06-17T10:02:01.776+0800][59.404s][info][gc,heap        ] GC(2307) PSYoungGen: 14211K(14336K)->6291K(14336K) Eden: 7656K(7680K)->0K(7168K) From: 6554K(6656K)->6291K(7168K)
[2026-06-17T10:02:01.777+0800][59.404s][info][gc,heap        ] GC(2307) ParOldGen: 30381K(44032K)->31379K(44032K)
[2026-06-17T10:02:01.777+0800][59.405s][info][gc,metaspace   ] GC(2307) Metaspace: 118K(320K)->118K(320K) NonClass: 111K(192K)->111K(192K) Class: 7K(128K)->7K(128K)
[2026-06-17T10:02:01.777+0800][59.405s][info][gc             ] GC(2307) Pause Young (Allocation Failure) 43M->36M(57M) 2.355ms
[2026-06-17T10:02:01.778+0800][59.405s][info][gc,cpu         ] GC(2307) User=0.00s Sys=0.00s Real=0.00s
[2026-06-17T10:02:01.799+0800][59.427s][info][gc,start       ] GC(2308) Pause Young (Allocation Failure)
[2026-06-17T10:02:01.800+0800][59.428s][info][gc,heap        ] GC(2308) PSYoungGen: 13459K(14336K)->4070K(14336K) Eden: 7168K(7168K)->0K(7168K) From: 6291K(7168K)->4070K(7168K)
[2026-06-17T10:02:01.801+0800][59.429s][info][gc,heap        ] GC(2308) ParOldGen: 31379K(44032K)->33687K(44032K)
[2026-06-17T10:02:01.801+0800][59.429s][info][gc,metaspace   ] GC(2308) Metaspace: 118K(320K)->118K(320K) NonClass: 111K(192K)->111K(192K) Class: 7K(128K)->7K(128K)
[2026-06-17T10:02:01.802+0800][59.429s][info][gc             ] GC(2308) Pause Young (Allocation Failure) 43M->36M(57M) 2.657ms
[2026-06-17T10:02:01.802+0800][59.430s][info][gc,cpu         ] GC(2308) User=0.00s Sys=0.00s Real=0.00s
[2026-06-17T10:02:01.824+0800][59.451s][info][gc,start       ] GC(2309) Pause Young (Allocation Failure)
[2026-06-17T10:02:01.825+0800][59.453s][info][gc,heap        ] GC(2309) PSYoungGen: 11226K(14336K)->1913K(14336K) Eden: 7155K(7168K)->0K(7168K) From: 4070K(7168K)->1913K(7168K)
[2026-06-17T10:02:01.826+0800][59.453s][info][gc,heap        ] GC(2309) ParOldGen: 33687K(44032K)->36557K(44032K)
[2026-06-17T10:02:01.826+0800][59.454s][info][gc,metaspace   ] GC(2309) Metaspace: 118K(320K)->118K(320K) NonClass: 111K(192K)->111K(192K) Class: 7K(128K)->7K(128K)
[2026-06-17T10:02:01.827+0800][59.454s][info][gc             ] GC(2309) Pause Young (Allocation Failure) 43M->37M(57M) 2.951ms
[2026-06-17T10:02:01.827+0800][59.455s][info][gc,cpu         ] GC(2309) User=0.01s Sys=0.00s Real=0.00s
[2026-06-17T10:02:01.848+0800][59.476s][info][gc,start       ] GC(2310) Pause Young (Allocation Failure)
[2026-06-17T10:02:01.850+0800][59.477s][info][gc,heap        ] GC(2310) PSYoungGen: 9060K(14336K)->747K(14336K) Eden: 7147K(7168K)->0K(7168K) From: 1913K(7168K)->747K(7168K)
[2026-06-17T10:02:01.850+0800][59.478s][info][gc,heap        ] GC(2310) ParOldGen: 36557K(44032K)->38320K(44032K)
[2026-06-17T10:02:01.851+0800][59.479s][info][gc,metaspace   ] GC(2310) Metaspace: 118K(320K)->118K(320K) NonClass: 111K(192K)->111K(192K) Class: 7K(128K)->7K(128K)
[2026-06-17T10:02:01.851+0800][59.479s][info][gc             ] GC(2310) Pause Young (Allocation Failure) 44M->38M(57M) 2.795ms
[2026-06-17T10:02:01.852+0800][59.479s][info][gc,cpu         ] GC(2310) User=0.00s Sys=0.00s Real=0.01s
[2026-06-17T10:02:01.863+0800][59.491s][info][gc,start       ] GC(2311) Pause Young (Allocation Failure)
[2026-06-17T10:02:01.864+0800][59.492s][info][gc,heap        ] GC(2311) PSYoungGen: 7893K(14336K)->4249K(14336K) Eden: 7146K(7168K)->0K(7168K) From: 747K(7168K)->4249K(7168K)
[2026-06-17T10:02:01.865+0800][59.492s][info][gc,heap        ] GC(2311) ParOldGen: 38320K(44032K)->38320K(44032K)
[2026-06-17T10:02:01.865+0800][59.493s][info][gc,metaspace   ] GC(2311) Metaspace: 118K(320K)->118K(320K) NonClass: 111K(192K)->111K(192K) Class: 7K(128K)->7K(128K)
[2026-06-17T10:02:01.865+0800][59.493s][info][gc             ] GC(2311) Pause Young (Allocation Failure) 45M->41M(57M) 2.277ms
[2026-06-17T10:02:01.865+0800][59.493s][info][gc,cpu         ] GC(2311) User=0.00s Sys=0.00s Real=0.00s
[2026-06-17T10:02:01.887+0800][59.515s][info][gc,start       ] GC(2312) Pause Young (Allocation Failure)
[2026-06-17T10:02:01.889+0800][59.516s][info][gc,heap        ] GC(2312) PSYoungGen: 11385K(14336K)->2300K(14336K) Eden: 7135K(7168K)->0K(7168K) From: 4249K(7168K)->2300K(7168K)
[2026-06-17T10:02:01.889+0800][59.517s][info][gc,heap        ] GC(2312) ParOldGen: 38320K(44032K)->40534K(44032K)
[2026-06-17T10:02:01.890+0800][59.518s][info][gc,metaspace   ] GC(2312) Metaspace: 118K(320K)->118K(320K) NonClass: 111K(192K)->111K(192K) Class: 7K(128K)->7K(128K)
[2026-06-17T10:02:01.890+0800][59.518s][info][gc             ] GC(2312) Pause Young (Allocation Failure) 48M->41M(57M) 3.246ms
[2026-06-17T10:02:01.891+0800][59.518s][info][gc,cpu         ] GC(2312) User=0.00s Sys=0.00s Real=0.01s
[2026-06-17T10:02:01.913+0800][59.540s][info][gc,start       ] GC(2313) Pause Full (Ergonomics)
[2026-06-17T10:02:01.913+0800][59.541s][info][gc,phases,start] GC(2313) Marking Phase
[2026-06-17T10:02:01.917+0800][59.545s][info][gc,phases      ] GC(2313) Marking Phase 3.576ms
[2026-06-17T10:02:01.918+0800][59.545s][info][gc,phases,start] GC(2313) Summary Phase
[2026-06-17T10:02:01.918+0800][59.546s][info][gc,phases      ] GC(2313) Summary Phase 0.594ms
[2026-06-17T10:02:01.919+0800][59.546s][info][gc,phases,start] GC(2313) Adjust Roots
[2026-06-17T10:02:01.920+0800][59.547s][info][gc,phases      ] GC(2313) Adjust Roots 0.822ms
[2026-06-17T10:02:01.920+0800][59.548s][info][gc,phases,start] GC(2313) Compaction Phase
[2026-06-17T10:02:01.923+0800][59.551s][info][gc,phases      ] GC(2313) Compaction Phase 3.051ms
[2026-06-17T10:02:01.924+0800][59.552s][info][gc,phases,start] GC(2313) Post Compact
[2026-06-17T10:02:01.925+0800][59.553s][info][gc,phases      ] GC(2313) Post Compact 0.587ms
[2026-06-17T10:02:01.925+0800][59.553s][info][gc,heap        ] GC(2313) PSYoungGen: 9457K(14336K)->0K(14336K) Eden: 7156K(7168K)->0K(7168K) From: 2300K(7168K)->0K(7168K)
[2026-06-17T10:02:01.926+0800][59.553s][info][gc,heap        ] GC(2313) ParOldGen: 40534K(44032K)->30074K(44032K)
[2026-06-17T10:02:01.926+0800][59.554s][info][gc,metaspace   ] GC(2313) Metaspace: 118K(320K)->118K(320K) NonClass: 111K(192K)->111K(192K) Class: 7K(128K)->7K(128K)
[2026-06-17T10:02:01.926+0800][59.554s][info][gc             ] GC(2313) Pause Full (Ergonomics) 48M->29M(57M) 13.585ms
[2026-06-17T10:02:01.926+0800][59.554s][info][gc,cpu         ] GC(2313) User=0.01s Sys=0.00s Real=0.01s
[2026-06-17T10:02:01.937+0800][59.565s][info][gc,start       ] GC(2314) Pause Young (Allocation Failure)
