[2026-06-17T09:55:51.374+0800][0.003s][info][gc] Using Serial
[2026-06-17T09:55:51.375+0800][0.004s][info][gc,init] Version: 17.0.19+10 (release)
[2026-06-17T09:55:51.375+0800][0.004s][info][gc,init] CPUs: 24 total, 24 available
[2026-06-17T09:55:51.375+0800][0.004s][info][gc,init] Memory: 15856M
[2026-06-17T09:55:51.375+0800][0.004s][info][gc,init] Large Page Support: Disabled
[2026-06-17T09:55:51.375+0800][0.004s][info][gc,init] NUMA Support: Disabled
[2026-06-17T09:55:51.375+0800][0.005s][info][gc,init] Compressed Oops: Enabled (32-bit)
[2026-06-17T09:55:51.376+0800][0.005s][info][gc,init] Heap Min Capacity: 64M
[2026-06-17T09:55:51.376+0800][0.005s][info][gc,init] Heap Initial Capacity: 64M
[2026-06-17T09:55:51.376+0800][0.005s][info][gc,init] Heap Max Capacity: 64M
[2026-06-17T09:55:51.376+0800][0.005s][info][gc,init] Pre-touch: Disabled
[2026-06-17T09:55:51.381+0800][0.010s][info][gc,metaspace] CDS archive(s) mapped at: [0x000079da4a000000-0x000079da4aa60000-0x000079da4aa60000), size 10878976, SharedBaseAddress: 0x000079da4a000000, ArchiveRelocationMode: 1.
[2026-06-17T09:55:51.381+0800][0.010s][info][gc,metaspace] Compressed class space mapped at: 0x000079da4b000000-0x000079da8b000000, reserved size: 1073741824
[2026-06-17T09:55:51.381+0800][0.010s][info][gc,metaspace] Narrow klass base: 0x000079da4a000000, Narrow klass shift: 0, Narrow klass range: 0x100000000
[2026-06-17T09:55:51.445+0800][0.074s][info][gc,start    ] GC(0) Pause Young (Allocation Failure)
[2026-06-17T09:55:51.450+0800][0.079s][info][gc,heap     ] GC(0) DefNew: 17442K(19648K)->2175K(19648K) Eden: 17442K(17472K)->0K(17472K) From: 0K(2176K)->2175K(2176K)
[2026-06-17T09:55:51.450+0800][0.079s][info][gc,heap     ] GC(0) Tenured: 0K(43712K)->4504K(43712K)
[2026-06-17T09:55:51.450+0800][0.079s][info][gc,metaspace] GC(0) Metaspace: 139K(320K)->139K(320K) NonClass: 134K(192K)->134K(192K) Class: 4K(128K)->4K(128K)
[2026-06-17T09:55:51.450+0800][0.079s][info][gc          ] GC(0) Pause Young (Allocation Failure) 17M->6M(61M) 5.395ms
[2026-06-17T09:55:51.451+0800][0.080s][info][gc,cpu      ] GC(0) User=0.00s Sys=0.00s Real=0.01s
[2026-06-17T09:55:51.493+0800][0.123s][info][gc,start    ] GC(1) Pause Young (Allocation Failure)
[2026-06-17T09:55:51.497+0800][0.126s][info][gc,heap     ] GC(1) DefNew: 19647K(19648K)->2147K(19648K) Eden: 17472K(17472K)->0K(17472K) From: 2175K(2176K)->2147K(2176K)
[2026-06-17T09:55:51.498+0800][0.127s][info][gc,heap     ] GC(1) Tenured: 4504K(43712K)->8609K(43712K)
[2026-06-17T09:55:51.498+0800][0.127s][info][gc,metaspace] GC(1) Metaspace: 139K(320K)->139K(320K) NonClass: 134K(192K)->134K(192K) Class: 4K(128K)->4K(128K)
[2026-06-17T09:55:51.498+0800][0.127s][info][gc          ] GC(1) Pause Young (Allocation Failure) 23M->10M(61M) 4.700ms
[2026-06-17T09:55:51.498+0800][0.127s][info][gc,cpu      ] GC(1) User=0.00s Sys=0.00s Real=0.00s
[2026-06-17T09:55:51.551+0800][0.180s][info][gc,start    ] GC(2) Pause Young (Allocation Failure)
[2026-06-17T09:55:51.552+0800][0.181s][info][gc,heap     ] GC(2) DefNew: 19619K(19648K)->1789K(19648K) Eden: 17472K(17472K)->0K(17472K) From: 2147K(2176K)->1789K(2176K)
[2026-06-17T09:55:51.552+0800][0.182s][info][gc,heap     ] GC(2) Tenured: 8609K(43712K)->8754K(43712K)
[2026-06-17T09:55:51.553+0800][0.182s][info][gc,metaspace] GC(2) Metaspace: 139K(320K)->139K(320K) NonClass: 134K(192K)->134K(192K) Class: 4K(128K)->4K(128K)
[2026-06-17T09:55:51.553+0800][0.182s][info][gc          ] GC(2) Pause Young (Allocation Failure) 27M->10M(61M) 1.658ms
[2026-06-17T09:55:51.553+0800][0.182s][info][gc,cpu      ] GC(2) User=0.00s Sys=0.00s Real=0.00s
[2026-06-17T09:55:51.586+0800][0.215s][info][gc,start    ] GC(3) Pause Young (Allocation Failure)
[2026-06-17T09:55:51.588+0800][0.217s][info][gc,heap     ] GC(3) DefNew: 19176K(19648K)->2173K(19648K) Eden: 17386K(17472K)->0K(17472K) From: 1789K(2176K)->2173K(2176K)
[2026-06-17T09:55:51.588+0800][0.217s][info][gc,heap     ] GC(3) Tenured: 8754K(43712K)->11767K(43712K)
[2026-06-17T09:55:51.589+0800][0.218s][info][gc,metaspace] GC(3) Metaspace: 139K(320K)->139K(320K) NonClass: 134K(192K)->134K(192K) Class: 4K(128K)->4K(128K)
[2026-06-17T09:55:51.589+0800][0.218s][info][gc          ] GC(3) Pause Young (Allocation Failure) 27M->13M(61M) 3.275ms
[2026-06-17T09:55:51.589+0800][0.218s][info][gc,cpu      ] GC(3) User=0.01s Sys=0.00s Real=0.00s
[2026-06-17T09:55:51.643+0800][0.272s][info][gc,start    ] GC(4) Pause Young (Allocation Failure)
[2026-06-17T09:55:51.646+0800][0.275s][info][gc,heap     ] GC(4) DefNew: 19641K(19648K)->2129K(19648K) Eden: 17468K(17472K)->0K(17472K) From: 2173K(2176K)->2129K(2176K)
[2026-06-17T09:55:51.646+0800][0.275s][info][gc,heap     ] GC(4) Tenured: 11767K(43712K)->15811K(43712K)
[2026-06-17T09:55:51.647+0800][0.276s][info][gc,metaspace] GC(4) Metaspace: 139K(320K)->139K(320K) NonClass: 134K(192K)->134K(192K) Class: 4K(128K)->4K(128K)
[2026-06-17T09:55:51.647+0800][0.277s][info][gc          ] GC(4) Pause Young (Allocation Failure) 30M->17M(61M) 4.756ms
[2026-06-17T09:55:51.648+0800][0.277s][info][gc,cpu      ] GC(4) User=0.00s Sys=0.00s Real=0.00s
[2026-06-17T09:55:51.690+0800][0.319s][info][gc,start    ] GC(5) Pause Young (Allocation Failure)
[2026-06-17T09:55:51.694+0800][0.323s][info][gc,heap     ] GC(5) DefNew: 19601K(19648K)->2064K(19648K) Eden: 17472K(17472K)->0K(17472K) From: 2129K(2176K)->2064K(2176K)
[2026-06-17T09:55:51.694+0800][0.323s][info][gc,heap     ] GC(5) Tenured: 15811K(43712K)->19400K(43712K)
[2026-06-17T09:55:51.694+0800][0.324s][info][gc,metaspace] GC(5) Metaspace: 139K(320K)->139K(320K) NonClass: 134K(192K)->134K(192K) Class: 4K(128K)->4K(128K)
[2026-06-17T09:55:51.695+0800][0.324s][info][gc          ] GC(5) Pause Young (Allocation Failure) 34M->20M(61M) 4.470ms
[2026-06-17T09:55:51.695+0800][0.324s][info][gc,cpu      ] GC(5) User=0.00s Sys=0.01s Real=0.01s
[2026-06-17T09:55:51.737+0800][0.366s][info][gc,start    ] GC(6) Pause Young (Allocation Failure)
[2026-06-17T09:55:51.741+0800][0.370s][info][gc,heap     ] GC(6) DefNew: 19536K(19648K)->2163K(19648K) Eden: 17472K(17472K)->0K(17472K) From: 2064K(2176K)->2163K(2176K)
[2026-06-17T09:55:51.741+0800][0.370s][info][gc,heap     ] GC(6) Tenured: 19400K(43712K)->22760K(43712K)
[2026-06-17T09:55:51.742+0800][0.371s][info][gc,metaspace] GC(6) Metaspace: 139K(320K)->139K(320K) NonClass: 134K(192K)->134K(192K) Class: 4K(128K)->4K(128K)
[2026-06-17T09:55:51.742+0800][0.371s][info][gc          ] GC(6) Pause Young (Allocation Failure) 38M->24M(61M) 4.495ms
[2026-06-17T09:55:51.742+0800][0.371s][info][gc,cpu      ] GC(6) User=0.00s Sys=0.00s Real=0.00s
[2026-06-17T09:55:51.785+0800][0.414s][info][gc,start    ] GC(7) Pause Young (Allocation Failure)
[2026-06-17T09:55:51.788+0800][0.417s][info][gc,heap     ] GC(7) DefNew: 19633K(19648K)->2172K(19648K) Eden: 17470K(17472K)->0K(17472K) From: 2163K(2176K)->2172K(2176K)
[2026-06-17T09:55:51.789+0800][0.418s][info][gc,heap     ] GC(7) Tenured: 22760K(43712K)->26131K(43712K)
[2026-06-17T09:55:51.789+0800][0.418s][info][gc,metaspace] GC(7) Metaspace: 139K(320K)->139K(320K) NonClass: 134K(192K)->134K(192K) Class: 4K(128K)->4K(128K)
[2026-06-17T09:55:51.789+0800][0.418s][info][gc          ] GC(7) Pause Young (Allocation Failure) 41M->27M(61M) 4.087ms
[2026-06-17T09:55:51.789+0800][0.418s][info][gc,cpu      ] GC(7) User=0.00s Sys=0.01s Real=0.00s
[2026-06-17T09:55:51.832+0800][0.461s][info][gc,start    ] GC(8) Pause Young (Allocation Failure)
[2026-06-17T09:55:51.837+0800][0.467s][info][gc,heap     ] GC(8) DefNew: 19644K(19648K)->2172K(19648K) Eden: 17472K(17472K)->0K(17472K) From: 2172K(2176K)->2172K(2176K)
[2026-06-17T09:55:51.840+0800][0.469s][info][gc,heap     ] GC(8) Tenured: 26131K(43712K)->31074K(43712K)
[2026-06-17T09:55:51.841+0800][0.470s][info][gc,metaspace] GC(8) Metaspace: 139K(320K)->139K(320K) NonClass: 134K(192K)->134K(192K) Class: 4K(128K)->4K(128K)
[2026-06-17T09:55:51.843+0800][0.472s][info][gc          ] GC(8) Pause Young (Allocation Failure) 44M->32M(61M) 11.223ms
[2026-06-17T09:55:51.845+0800][0.474s][info][gc,cpu      ] GC(8) User=0.01s Sys=0.00s Real=0.01s
[2026-06-17T09:55:51.899+0800][0.528s][info][gc,start    ] GC(9) Pause Young (Allocation Failure)
[2026-06-17T09:55:51.903+0800][0.532s][info][gc,heap     ] GC(9) DefNew: 19634K(19648K)->2123K(19648K) Eden: 17461K(17472K)->0K(17472K) From: 2172K(2176K)->2123K(2176K)
[2026-06-17T09:55:51.904+0800][0.533s][info][gc,heap     ] GC(9) Tenured: 31074K(43712K)->34086K(43712K)
[2026-06-17T09:55:51.904+0800][0.533s][info][gc,metaspace] GC(9) Metaspace: 139K(320K)->139K(320K) NonClass: 134K(192K)->134K(192K) Class: 4K(128K)->4K(128K)
[2026-06-17T09:55:51.904+0800][0.533s][info][gc          ] GC(9) Pause Young (Allocation Failure) 49M->35M(61M) 4.981ms
[2026-06-17T09:55:51.904+0800][0.534s][info][gc,cpu      ] GC(9) User=0.00s Sys=0.00s Real=0.01s
[2026-06-17T09:55:51.947+0800][0.576s][info][gc,start    ] GC(10) Pause Young (Allocation Failure)
[2026-06-17T09:55:51.951+0800][0.580s][info][gc,heap     ] GC(10) DefNew: 19578K(19648K)->2048K(19648K) Eden: 17455K(17472K)->0K(17472K) From: 2123K(2176K)->2048K(2176K)
[2026-06-17T09:55:51.951+0800][0.580s][info][gc,heap     ] GC(10) Tenured: 34086K(43712K)->37411K(43712K)
[2026-06-17T09:55:51.951+0800][0.581s][info][gc,metaspace] GC(10) Metaspace: 139K(320K)->139K(320K) NonClass: 134K(192K)->134K(192K) Class: 4K(128K)->4K(128K)
[2026-06-17T09:55:51.952+0800][0.581s][info][gc          ] GC(10) Pause Young (Allocation Failure) 52M->38M(61M) 4.478ms
[2026-06-17T09:55:51.952+0800][0.581s][info][gc,cpu      ] GC(10) User=0.00s Sys=0.00s Real=0.01s
[2026-06-17T09:55:51.994+0800][0.623s][info][gc,start    ] GC(11) Pause Young (Allocation Failure)
[2026-06-17T09:55:51.998+0800][0.627s][info][gc,heap     ] GC(11) DefNew: 19502K(19648K)->2065K(19648K) Eden: 17454K(17472K)->0K(17472K) From: 2048K(2176K)->2065K(2176K)
[2026-06-17T09:55:51.998+0800][0.627s][info][gc,heap     ] GC(11) Tenured: 37411K(43712K)->41162K(43712K)
[2026-06-17T09:55:51.999+0800][0.628s][info][gc,metaspace] GC(11) Metaspace: 139K(320K)->139K(320K) NonClass: 134K(192K)->134K(192K) Class: 4K(128K)->4K(128K)
[2026-06-17T09:55:51.999+0800][0.628s][info][gc          ] GC(11) Pause Young (Allocation Failure) 55M->42M(61M) 4.424ms
[2026-06-17T09:55:51.999+0800][0.628s][info][gc,cpu      ] GC(11) User=0.00s Sys=0.00s Real=0.00s
[2026-06-17T09:55:52.041+0800][0.671s][info][gc,start    ] GC(12) Pause Young (Allocation Failure)
[2026-06-17T09:55:52.042+0800][0.671s][info][gc          ] GC(12) Pause Young (Allocation Failure) 59M->59M(61M) 0.518ms
[2026-06-17T09:55:52.042+0800][0.671s][info][gc,cpu      ] GC(12) User=0.00s Sys=0.00s Real=0.00s
[2026-06-17T09:55:52.042+0800][0.672s][info][gc,start    ] GC(13) Pause Full (Allocation Failure)
[2026-06-17T09:55:52.043+0800][0.672s][info][gc,phases,start] GC(13) Phase 1: Mark live objects
[2026-06-17T09:55:52.043+0800][0.673s][info][gc,phases      ] GC(13) Phase 1: Mark live objects 0.743ms
[2026-06-17T09:55:52.044+0800][0.673s][info][gc,phases,start] GC(13) Phase 2: Compute new object addresses
[2026-06-17T09:55:52.044+0800][0.673s][info][gc,phases      ] GC(13) Phase 2: Compute new object addresses 0.478ms
[2026-06-17T09:55:52.044+0800][0.674s][info][gc,phases,start] GC(13) Phase 3: Adjust pointers
[2026-06-17T09:55:52.045+0800][0.674s][info][gc,phases      ] GC(13) Phase 3: Adjust pointers 0.431ms
[2026-06-17T09:55:52.045+0800][0.674s][info][gc,phases,start] GC(13) Phase 4: Move objects
[2026-06-17T09:55:52.047+0800][0.676s][info][gc,phases      ] GC(13) Phase 4: Move objects 2.247ms
[2026-06-17T09:55:52.048+0800][0.677s][info][gc,heap        ] GC(13) DefNew: 19537K(19648K)->0K(19648K) Eden: 17472K(17472K)->0K(17472K) From: 2065K(2176K)->0K(2176K)
[2026-06-17T09:55:52.048+0800][0.677s][info][gc,heap        ] GC(13) Tenured: 41162K(43712K)->23791K(43712K)
[2026-06-17T09:55:52.048+0800][0.677s][info][gc,metaspace   ] GC(13) Metaspace: 139K(320K)->139K(320K) NonClass: 134K(192K)->134K(192K) Class: 4K(128K)->4K(128K)
[2026-06-17T09:55:52.048+0800][0.677s][info][gc             ] GC(13) Pause Full (Allocation Failure) 59M->23M(61M) 5.519ms
[2026-06-17T09:55:52.048+0800][0.677s][info][gc,cpu         ] GC(13) User=0.00s Sys=0.00s Real=0.01s
[2026-06-17T09:55:52.090+0800][0.720s][info][gc,start       ] GC(14) Pause Young (Allocation Failure)
[2026-06-17T09:55:52.092+0800][0.721s][info][gc,heap        ] GC(14) DefNew: 17442K(19648K)->2172K(19648K) Eden: 17442K(17472K)->0K(17472K) From: 0K(2176K)->2172K(2176K)
[2026-06-17T09:55:52.092+0800][0.721s][info][gc,heap        ] GC(14) Tenured: 23791K(43712K)->28362K(43712K)
[2026-06-17T09:55:52.092+0800][0.722s][info][gc,metaspace   ] GC(14) Metaspace: 139K(320K)->139K(320K) NonClass: 134K(192K)->134K(192K) Class: 4K(128K)->4K(128K)
[2026-06-17T09:55:52.093+0800][0.722s][info][gc             ] GC(14) Pause Young (Allocation Failure) 40M->29M(61M) 2.311ms
[2026-06-17T09:55:52.093+0800][0.722s][info][gc,cpu         ] GC(14) User=0.00s Sys=0.00s Real=0.01s
[2026-06-17T09:55:52.136+0800][0.765s][info][gc,start       ] GC(15) Pause Young (Allocation Failure)
[2026-06-17T09:55:52.139+0800][0.769s][info][gc,heap        ] GC(15) DefNew: 19638K(19648K)->2089K(19648K) Eden: 17465K(17472K)->0K(17472K) From: 2172K(2176K)->2089K(2176K)
[2026-06-17T09:55:52.143+0800][0.772s][info][gc,heap        ] GC(15) Tenured: 28362K(43712K)->33687K(43712K)
[2026-06-17T09:55:52.145+0800][0.774s][info][gc,metaspace   ] GC(15) Metaspace: 139K(320K)->139K(320K) NonClass: 134K(192K)->134K(192K) Class: 4K(128K)->4K(128K)
[2026-06-17T09:55:52.147+0800][0.776s][info][gc             ] GC(15) Pause Young (Allocation Failure) 46M->34M(61M) 10.956ms
[2026-06-17T09:55:52.149+0800][0.778s][info][gc,cpu         ] GC(15) User=0.00s Sys=0.00s Real=0.01s
[2026-06-17T09:55:52.203+0800][0.833s][info][gc,start       ] GC(16) Pause Young (Allocation Failure)
[2026-06-17T09:55:52.212+0800][0.841s][info][gc,heap        ] GC(16) DefNew: 19552K(19648K)->1992K(19648K) Eden: 17462K(17472K)->0K(17472K) From: 2089K(2176K)->1992K(2176K)
[2026-06-17T09:55:52.225+0800][0.854s][info][gc,heap        ] GC(16) Tenured: 33687K(43712K)->34062K(43712K)
[2026-06-17T09:55:52.241+0800][0.870s][info][gc,metaspace   ] GC(16) Metaspace: 139K(320K)->139K(320K) NonClass: 134K(192K)->134K(192K) Class: 4K(128K)->4K(128K)
[2026-06-17T09:55:52.241+0800][0.870s][info][gc             ] GC(16) Pause Young (Allocation Failure) 51M->35M(61M) 37.776ms
[2026-06-17T09:55:52.260+0800][0.889s][info][gc,cpu         ] GC(16) User=0.00s Sys=0.00s Real=0.05s
[2026-06-17T09:55:52.293+0800][0.922s][info][gc,start       ] GC(17) Pause Young (Allocation Failure)
[2026-06-17T09:55:52.295+0800][0.924s][info][gc,heap        ] GC(17) DefNew: 19315K(19648K)->2100K(19648K) Eden: 17322K(17472K)->0K(17472K) From: 1992K(2176K)->2100K(2176K)
[2026-06-17T09:55:52.299+0800][0.929s][info][gc,heap        ] GC(17) Tenured: 34062K(43712K)->37036K(43712K)
[2026-06-17T09:55:52.301+0800][0.931s][info][gc,metaspace   ] GC(17) Metaspace: 139K(320K)->139K(320K) NonClass: 134K(192K)->134K(192K) Class: 4K(128K)->4K(128K)
[2026-06-17T09:55:52.308+0800][0.937s][info][gc             ] GC(17) Pause Young (Allocation Failure) 52M->38M(61M) 15.656ms
[2026-06-17T09:55:52.309+0800][0.938s][info][gc,cpu         ] GC(17) User=0.00s Sys=0.00s Real=0.01s
[2026-06-17T09:55:52.356+0800][0.985s][info][gc,start       ] GC(18) Pause Young (Allocation Failure)
[2026-06-17T09:55:52.360+0800][0.989s][info][gc,promotion   ] GC(18) Promotion failed
[2026-06-17T09:55:52.361+0800][0.990s][info][gc             ] GC(18) Pause Young (Allocation Failure) 55M->61M(61M) 4.977ms
[2026-06-17T09:55:52.362+0800][0.991s][info][gc,cpu         ] GC(18) User=0.01s Sys=0.00s Real=0.00s
[2026-06-17T09:55:52.362+0800][0.991s][info][gc,start       ] GC(19) Pause Full (Allocation Failure)
[2026-06-17T09:55:52.362+0800][0.992s][info][gc,phases,start] GC(19) Phase 1: Mark live objects
[2026-06-17T09:55:52.365+0800][0.994s][info][gc,phases      ] GC(19) Phase 1: Mark live objects 2.179ms
[2026-06-17T09:55:52.366+0800][0.996s][info][gc,phases,start] GC(19) Phase 2: Compute new object addresses
[2026-06-17T09:55:52.368+0800][0.997s][info][gc,phases      ] GC(19) Phase 2: Compute new object addresses 1.888ms
[2026-06-17T09:55:52.370+0800][0.999s][info][gc,phases,start] GC(19) Phase 3: Adjust pointers
[2026-06-17T09:55:52.372+0800][1.001s][info][gc,phases      ] GC(19) Phase 3: Adjust pointers 2.365ms
[2026-06-17T09:55:52.374+0800][1.003s][info][gc,phases,start] GC(19) Phase 4: Move objects
[2026-06-17T09:55:52.378+0800][1.007s][info][gc,phases      ] GC(19) Phase 4: Move objects 3.797ms
[2026-06-17T09:55:52.380+0800][1.009s][info][gc,heap        ] GC(19) DefNew: 19556K(19648K)->0K(19648K) Eden: 17455K(17472K)->0K(17472K) From: 2100K(2176K)->0K(2176K)
[2026-06-17T09:55:52.382+0800][1.012s][info][gc,heap        ] GC(19) Tenured: 37036K(43712K)->30601K(43712K)
[2026-06-17T09:55:52.383+0800][1.012s][info][gc,metaspace   ] GC(19) Metaspace: 139K(320K)->139K(320K) NonClass: 134K(192K)->134K(192K) Class: 4K(128K)->4K(128K)
[2026-06-17T09:55:52.385+0800][1.014s][info][gc             ] GC(19) Pause Full (Allocation Failure) 61M->29M(61M) 22.992ms
[2026-06-17T09:55:52.386+0800][1.015s][info][gc,cpu         ] GC(19) User=0.00s Sys=0.00s Real=0.03s
[2026-06-17T09:55:52.441+0800][1.070s][info][gc,start       ] GC(20) Pause Young (Allocation Failure)
[2026-06-17T09:55:52.442+0800][1.071s][info][gc,heap        ] GC(20) DefNew: 17471K(19648K)->2130K(19648K) Eden: 17471K(17472K)->0K(17472K) From: 0K(2176K)->2130K(2176K)
[2026-06-17T09:55:52.443+0800][1.072s][info][gc,heap        ] GC(20) Tenured: 30601K(43712K)->31984K(43712K)
[2026-06-17T09:55:52.443+0800][1.073s][info][gc,metaspace   ] GC(20) Metaspace: 139K(320K)->139K(320K) NonClass: 134K(192K)->134K(192K) Class: 4K(128K)->4K(128K)
[2026-06-17T09:55:52.444+0800][1.073s][info][gc             ] GC(20) Pause Young (Allocation Failure) 46M->33M(61M) 2.756ms
[2026-06-17T09:55:52.445+0800][1.074s][info][gc,cpu         ] GC(20) User=0.00s Sys=0.00s Real=0.01s
[2026-06-17T09:55:52.488+0800][1.117s][info][gc,start       ] GC(21) Pause Young (Allocation Failure)
[2026-06-17T09:55:52.490+0800][1.119s][info][gc,heap        ] GC(21) DefNew: 19589K(19648K)->2148K(19648K) Eden: 17459K(17472K)->0K(17472K) From: 2130K(2176K)->2148K(2176K)
[2026-06-17T09:55:52.491+0800][1.120s][info][gc,heap        ] GC(21) Tenured: 31984K(43712K)->35277K(43712K)
[2026-06-17T09:55:52.491+0800][1.120s][info][gc,metaspace   ] GC(21) Metaspace: 139K(320K)->139K(320K) NonClass: 134K(192K)->134K(192K) Class: 4K(128K)->4K(128K)
[2026-06-17T09:55:52.492+0800][1.121s][info][gc             ] GC(21) Pause Young (Allocation Failure) 50M->36M(61M) 3.824ms
[2026-06-17T09:55:52.492+0800][1.121s][info][gc,cpu         ] GC(21) User=0.00s Sys=0.00s Real=0.01s
[2026-06-17T09:55:52.536+0800][1.165s][info][gc,start       ] GC(22) Pause Young (Allocation Failure)
[2026-06-17T09:55:52.537+0800][1.167s][info][gc,heap        ] GC(22) DefNew: 19620K(19648K)->2169K(19648K) Eden: 17472K(17472K)->0K(17472K) From: 2148K(2176K)->2169K(2176K)
[2026-06-17T09:55:52.538+0800][1.167s][info][gc,heap        ] GC(22) Tenured: 35277K(43712K)->38902K(43712K)
[2026-06-17T09:55:52.538+0800][1.167s][info][gc,metaspace   ] GC(22) Metaspace: 139K(320K)->139K(320K) NonClass: 134K(192K)->134K(192K) Class: 4K(128K)->4K(128K)
[2026-06-17T09:55:52.539+0800][1.168s][info][gc             ] GC(22) Pause Young (Allocation Failure) 53M->40M(61M) 2.820ms
[2026-06-17T09:55:52.539+0800][1.168s][info][gc,cpu         ] GC(22) User=0.00s Sys=0.00s Real=0.00s
[2026-06-17T09:55:52.583+0800][1.212s][info][gc,start       ] GC(23) Pause Young (Allocation Failure)
[2026-06-17T09:55:52.583+0800][1.212s][info][gc             ] GC(23) Pause Young (Allocation Failure) 57M->57M(61M) 0.542ms
[2026-06-17T09:55:52.584+0800][1.213s][info][gc,cpu         ] GC(23) User=0.00s Sys=0.00s Real=0.00s
[2026-06-17T09:55:52.584+0800][1.213s][info][gc,start       ] GC(24) Pause Full (Allocation Failure)
[2026-06-17T09:55:52.584+0800][1.213s][info][gc,phases,start] GC(24) Phase 1: Mark live objects
[2026-06-17T09:55:52.585+0800][1.214s][info][gc,phases      ] GC(24) Phase 1: Mark live objects 0.660ms
[2026-06-17T09:55:52.586+0800][1.215s][info][gc,phases,start] GC(24) Phase 2: Compute new object addresses
[2026-06-17T09:55:52.587+0800][1.216s][info][gc,phases      ] GC(24) Phase 2: Compute new object addresses 0.907ms
[2026-06-17T09:55:52.589+0800][1.219s][info][gc,phases,start] GC(24) Phase 3: Adjust pointers
[2026-06-17T09:55:52.592+0800][1.221s][info][gc,phases      ] GC(24) Phase 3: Adjust pointers 2.550ms
[2026-06-17T09:55:52.593+0800][1.222s][info][gc,phases,start] GC(24) Phase 4: Move objects
[2026-06-17T09:55:52.597+0800][1.226s][info][gc,phases      ] GC(24) Phase 4: Move objects 4.257ms
[2026-06-17T09:55:52.599+0800][1.228s][info][gc,heap        ] GC(24) DefNew: 19641K(19648K)->0K(19648K) Eden: 17472K(17472K)->0K(17472K) From: 2169K(2176K)->0K(2176K)
[2026-06-17T09:55:52.599+0800][1.228s][info][gc,heap        ] GC(24) Tenured: 38902K(43712K)->31466K(43712K)
[2026-06-17T09:55:52.599+0800][1.228s][info][gc,metaspace   ] GC(24) Metaspace: 139K(320K)->139K(320K) NonClass: 134K(192K)->134K(192K) Class: 4K(128K)->4K(128K)
[2026-06-17T09:55:52.600+0800][1.229s][info][gc             ] GC(24) Pause Full (Allocation Failure) 57M->30M(61M) 15.784ms
[2026-06-17T09:55:52.600+0800][1.229s][info][gc,cpu         ] GC(24) User=0.01s Sys=0.00s Real=0.01s
[2026-06-17T09:55:52.642+0800][1.272s][info][gc,start       ] GC(25) Pause Young (Allocation Failure)
[2026-06-17T09:55:52.644+0800][1.273s][info][gc,heap        ] GC(25) DefNew: 17472K(19648K)->2170K(19648K) Eden: 17472K(17472K)->0K(17472K) From: 0K(2176K)->2170K(2176K)
[2026-06-17T09:55:52.644+0800][1.273s][info][gc,heap        ] GC(25) Tenured: 31466K(43712K)->36147K(43712K)
[2026-06-17T09:55:52.645+0800][1.274s][info][gc,metaspace   ] GC(25) Metaspace: 139K(320K)->139K(320K) NonClass: 134K(192K)->134K(192K) Class: 4K(128K)->4K(128K)
[2026-06-17T09:55:52.645+0800][1.274s][info][gc             ] GC(25) Pause Young (Allocation Failure) 47M->37M(61M) 2.276ms
[2026-06-17T09:55:52.645+0800][1.274s][info][gc,cpu         ] GC(25) User=0.00s Sys=0.00s Real=0.00s
[2026-06-17T09:55:52.698+0800][1.327s][info][gc,start       ] GC(26) Pause Young (Allocation Failure)
[2026-06-17T09:55:52.699+0800][1.328s][info][gc,heap        ] GC(26) DefNew: 19622K(19648K)->2151K(19648K) Eden: 17452K(17472K)->0K(17472K) From: 2170K(2176K)->2151K(2176K)
[2026-06-17T09:55:52.700+0800][1.329s][info][gc,heap        ] GC(26) Tenured: 36147K(43712K)->36958K(43712K)
[2026-06-17T09:55:52.700+0800][1.329s][info][gc,metaspace   ] GC(26) Metaspace: 139K(320K)->139K(320K) NonClass: 134K(192K)->134K(192K) Class: 4K(128K)->4K(128K)
[2026-06-17T09:55:52.700+0800][1.330s][info][gc             ] GC(26) Pause Young (Allocation Failure) 54M->38M(61M) 2.150ms
[2026-06-17T09:55:52.701+0800][1.330s][info][gc,cpu         ] GC(26) User=0.00s Sys=0.00s Real=0.00s
[2026-06-17T09:55:52.734+0800][1.363s][info][gc,start       ] GC(27) Pause Young (Allocation Failure)
[2026-06-17T09:55:52.735+0800][1.364s][info][gc,heap        ] GC(27) DefNew: 18915K(19648K)->2171K(19648K) Eden: 16763K(17472K)->0K(17472K) From: 2151K(2176K)->2171K(2176K)
[2026-06-17T09:55:52.735+0800][1.364s][info][gc,heap        ] GC(27) Tenured: 36958K(43712K)->40185K(43712K)
[2026-06-17T09:55:52.735+0800][1.365s][info][gc,metaspace   ] GC(27) Metaspace: 139K(320K)->139K(320K) NonClass: 134K(192K)->134K(192K) Class: 4K(128K)->4K(128K)
[2026-06-17T09:55:52.736+0800][1.365s][info][gc             ] GC(27) Pause Young (Allocation Failure) 54M->41M(61M) 2.262ms
[2026-06-17T09:55:52.736+0800][1.365s][info][gc,cpu         ] GC(27) User=0.00s Sys=0.00s Real=0.00s
[2026-06-17T09:55:52.789+0800][1.418s][info][gc,start       ] GC(28) Pause Young (Allocation Failure)
[2026-06-17T09:55:52.790+0800][1.419s][info][gc             ] GC(28) Pause Young (Allocation Failure) 58M->58M(61M) 0.532ms
[2026-06-17T09:55:52.790+0800][1.419s][info][gc,cpu         ] GC(28) User=0.00s Sys=0.00s Real=0.00s
[2026-06-17T09:55:52.790+0800][1.419s][info][gc,start       ] GC(29) Pause Full (Allocation Failure)
[2026-06-17T09:55:52.791+0800][1.420s][info][gc,phases,start] GC(29) Phase 1: Mark live objects
[2026-06-17T09:55:52.791+0800][1.421s][info][gc,phases      ] GC(29) Phase 1: Mark live objects 0.825ms
[2026-06-17T09:55:52.792+0800][1.421s][info][gc,phases,start] GC(29) Phase 2: Compute new object addresses
[2026-06-17T09:55:52.792+0800][1.421s][info][gc,phases      ] GC(29) Phase 2: Compute new object addresses 0.588ms
[2026-06-17T09:55:52.793+0800][1.422s][info][gc,phases,start] GC(29) Phase 3: Adjust pointers
[2026-06-17T09:55:52.793+0800][1.422s][info][gc,phases      ] GC(29) Phase 3: Adjust pointers 0.550ms
[2026-06-17T09:55:52.793+0800][1.423s][info][gc,phases,start] GC(29) Phase 4: Move objects
[2026-06-17T09:55:52.796+0800][1.425s][info][gc,phases      ] GC(29) Phase 4: Move objects 2.349ms
[2026-06-17T09:55:52.796+0800][1.425s][info][gc,heap        ] GC(29) DefNew: 19643K(19648K)->0K(19648K) Eden: 17472K(17472K)->0K(17472K) From: 2171K(2176K)->0K(2176K)
[2026-06-17T09:55:52.796+0800][1.425s][info][gc,heap        ] GC(29) Tenured: 40185K(43712K)->21045K(43712K)
[2026-06-17T09:55:52.796+0800][1.425s][info][gc,metaspace   ] GC(29) Metaspace: 143K(384K)->143K(384K) NonClass: 138K(256K)->138K(256K) Class: 4K(128K)->4K(128K)
[2026-06-17T09:55:52.796+0800][1.426s][info][gc             ] GC(29) Pause Full (Allocation Failure) 58M->20M(61M) 6.110ms
[2026-06-17T09:55:52.797+0800][1.426s][info][gc,cpu         ] GC(29) User=0.00s Sys=0.00s Real=0.01s
[2026-06-17T09:55:52.839+0800][1.469s][info][gc,start       ] GC(30) Pause Young (Allocation Failure)
[2026-06-17T09:55:52.841+0800][1.470s][info][gc,heap        ] GC(30) DefNew: 17461K(19648K)->2171K(19648K) Eden: 17461K(17472K)->0K(17472K) From: 0K(2176K)->2171K(2176K)
[2026-06-17T09:55:52.842+0800][1.471s][info][gc,heap        ] GC(30) Tenured: 21045K(43712K)->26224K(43712K)
[2026-06-17T09:55:52.842+0800][1.471s][info][gc,metaspace   ] GC(30) Metaspace: 143K(384K)->143K(384K) NonClass: 138K(256K)->138K(256K) Class: 4K(128K)->4K(128K)
[2026-06-17T09:55:52.842+0800][1.471s][info][gc             ] GC(30) Pause Young (Allocation Failure) 37M->27M(61M) 2.873ms
[2026-06-17T09:55:52.843+0800][1.472s][info][gc,cpu         ] GC(30) User=0.00s Sys=0.00s Real=0.01s
[2026-06-17T09:55:52.886+0800][1.515s][info][gc,start       ] GC(31) Pause Young (Allocation Failure)
[2026-06-17T09:55:52.888+0800][1.517s][info][gc,heap        ] GC(31) DefNew: 19643K(19648K)->2158K(19648K) Eden: 17472K(17472K)->0K(17472K) From: 2171K(2176K)->2158K(2176K)
[2026-06-17T09:55:52.888+0800][1.517s][info][gc,heap        ] GC(31) Tenured: 26224K(43712K)->32232K(43712K)
[2026-06-17T09:55:52.888+0800][1.518s][info][gc,metaspace   ] GC(31) Metaspace: 143K(384K)->143K(384K) NonClass: 138K(256K)->138K(256K) Class: 4K(128K)->4K(128K)
[2026-06-17T09:55:52.889+0800][1.518s][info][gc             ] GC(31) Pause Young (Allocation Failure) 44M->33M(61M) 2.737ms
[2026-06-17T09:55:52.889+0800][1.518s][info][gc,cpu         ] GC(31) User=0.00s Sys=0.00s Real=0.00s
[2026-06-17T09:55:52.932+0800][1.562s][info][gc,start       ] GC(32) Pause Young (Allocation Failure)
[2026-06-17T09:55:52.933+0800][1.562s][info][gc,heap        ] GC(32) DefNew: 18722K(19648K)->1514K(19648K) Eden: 16564K(17472K)->0K(17472K) From: 2158K(2176K)->1514K(2176K)
[2026-06-17T09:55:52.934+0800][1.563s][info][gc,heap        ] GC(32) Tenured: 32232K(43712K)->32376K(43712K)
[2026-06-17T09:55:52.934+0800][1.563s][info][gc,metaspace   ] GC(32) Metaspace: 143K(384K)->143K(384K) NonClass: 138K(256K)->138K(256K) Class: 4K(128K)->4K(128K)
[2026-06-17T09:55:52.934+0800][1.563s][info][gc             ] GC(32) Pause Young (Allocation Failure) 49M->33M(61M) 1.865ms
[2026-06-17T09:55:52.935+0800][1.564s][info][gc,cpu         ] GC(32) User=0.00s Sys=0.00s Real=0.00s
[2026-06-17T09:55:52.978+0800][1.607s][info][gc,start       ] GC(33) Pause Young (Allocation Failure)
[2026-06-17T09:55:52.980+0800][1.609s][info][gc,heap        ] GC(33) DefNew: 18976K(19648K)->2168K(19648K) Eden: 17462K(17472K)->0K(17472K) From: 1514K(2176K)->2168K(2176K)
[2026-06-17T09:55:52.980+0800][1.609s][info][gc,heap        ] GC(33) Tenured: 32376K(43712K)->38762K(43712K)
[2026-06-17T09:55:52.981+0800][1.610s][info][gc,metaspace   ] GC(33) Metaspace: 143K(384K)->143K(384K) NonClass: 138K(256K)->138K(256K) Class: 4K(128K)->4K(128K)
[2026-06-17T09:55:52.981+0800][1.610s][info][gc             ] GC(33) Pause Young (Allocation Failure) 50M->39M(61M) 2.961ms
[2026-06-17T09:55:52.981+0800][1.610s][info][gc,cpu         ] GC(33) User=0.00s Sys=0.00s Real=0.00s
[2026-06-17T09:55:53.024+0800][1.653s][info][gc,start       ] GC(34) Pause Young (Allocation Failure)
[2026-06-17T09:55:53.024+0800][1.653s][info][gc             ] GC(34) Pause Young (Allocation Failure) 57M->57M(61M) 0.503ms
[2026-06-17T09:55:53.025+0800][1.654s][info][gc,cpu         ] GC(34) User=0.00s Sys=0.00s Real=0.00s
[2026-06-17T09:55:53.025+0800][1.654s][info][gc,start       ] GC(35) Pause Full (Allocation Failure)
[2026-06-17T09:55:53.025+0800][1.654s][info][gc,phases,start] GC(35) Phase 1: Mark live objects
[2026-06-17T09:55:53.025+0800][1.655s][info][gc,phases      ] GC(35) Phase 1: Mark live objects 0.540ms
[2026-06-17T09:55:53.026+0800][1.655s][info][gc,phases,start] GC(35) Phase 2: Compute new object addresses
[2026-06-17T09:55:53.026+0800][1.655s][info][gc,phases      ] GC(35) Phase 2: Compute new object addresses 0.493ms
[2026-06-17T09:55:53.027+0800][1.656s][info][gc,phases,start] GC(35) Phase 3: Adjust pointers
[2026-06-17T09:55:53.027+0800][1.656s][info][gc,phases      ] GC(35) Phase 3: Adjust pointers 0.421ms
[2026-06-17T09:55:53.027+0800][1.656s][info][gc,phases,start] GC(35) Phase 4: Move objects
[2026-06-17T09:55:53.030+0800][1.659s][info][gc,phases      ] GC(35) Phase 4: Move objects 2.250ms
[2026-06-17T09:55:53.030+0800][1.659s][info][gc,heap        ] GC(35) DefNew: 19624K(19648K)->0K(19648K) Eden: 17455K(17472K)->0K(17472K) From: 2168K(2176K)->0K(2176K)
[2026-06-17T09:55:53.030+0800][1.659s][info][gc,heap        ] GC(35) Tenured: 38762K(43712K)->28103K(43712K)
[2026-06-17T09:55:53.030+0800][1.659s][info][gc,metaspace   ] GC(35) Metaspace: 143K(384K)->143K(384K) NonClass: 138K(256K)->138K(256K) Class: 4K(128K)->4K(128K)
[2026-06-17T09:55:53.030+0800][1.659s][info][gc             ] GC(35) Pause Full (Allocation Failure) 57M->27M(61M) 5.571ms
[2026-06-17T09:55:53.030+0800][1.660s][info][gc,cpu         ] GC(35) User=0.00s Sys=0.00s Real=0.00s
[2026-06-17T09:55:53.083+0800][1.712s][info][gc,start       ] GC(36) Pause Young (Allocation Failure)
[2026-06-17T09:55:53.084+0800][1.713s][info][gc,heap        ] GC(36) DefNew: 17415K(19648K)->1998K(19648K) Eden: 17415K(17472K)->0K(17472K) From: 0K(2176K)->1998K(2176K)
[2026-06-17T09:55:53.084+0800][1.714s][info][gc,heap        ] GC(36) Tenured: 28103K(43712K)->29684K(43712K)
[2026-06-17T09:55:53.085+0800][1.714s][info][gc,metaspace   ] GC(36) Metaspace: 143K(384K)->143K(384K) NonClass: 138K(256K)->138K(256K) Class: 4K(128K)->4K(128K)
[2026-06-17T09:55:53.085+0800][1.714s][info][gc             ] GC(36) Pause Young (Allocation Failure) 44M->30M(61M) 2.143ms
[2026-06-17T09:55:53.085+0800][1.715s][info][gc,cpu         ] GC(36) User=0.00s Sys=0.00s Real=0.00s
[2026-06-17T09:55:53.118+0800][1.747s][info][gc,start       ] GC(37) Pause Young (Allocation Failure)
[2026-06-17T09:55:53.119+0800][1.749s][info][gc,heap        ] GC(37) DefNew: 19253K(19648K)->2160K(19648K) Eden: 17255K(17472K)->0K(17472K) From: 1998K(2176K)->2160K(2176K)
[2026-06-17T09:55:53.120+0800][1.749s][info][gc,heap        ] GC(37) Tenured: 29684K(43712K)->32559K(43712K)
[2026-06-17T09:55:53.120+0800][1.749s][info][gc,metaspace   ] GC(37) Metaspace: 143K(384K)->143K(384K) NonClass: 138K(256K)->138K(256K) Class: 4K(128K)->4K(128K)
[2026-06-17T09:55:53.120+0800][1.750s][info][gc             ] GC(37) Pause Young (Allocation Failure) 47M->33M(61M) 2.503ms
[2026-06-17T09:55:53.121+0800][1.750s][info][gc,cpu         ] GC(37) User=0.00s Sys=0.01s Real=0.00s
[2026-06-17T09:55:53.174+0800][1.803s][info][gc,start       ] GC(38) Pause Young (Allocation Failure)
[2026-06-17T09:55:53.177+0800][1.806s][info][gc,heap        ] GC(38) DefNew: 19609K(19648K)->2105K(19648K) Eden: 17449K(17472K)->0K(17472K) From: 2160K(2176K)->2105K(2176K)
[2026-06-17T09:55:53.178+0800][1.807s][info][gc,heap        ] GC(38) Tenured: 32559K(43712K)->36407K(43712K)
[2026-06-17T09:55:53.180+0800][1.809s][info][gc,metaspace   ] GC(38) Metaspace: 143K(384K)->143K(384K) NonClass: 138K(256K)->138K(256K) Class: 4K(128K)->4K(128K)
[2026-06-17T09:55:53.181+0800][1.810s][info][gc             ] GC(38) Pause Young (Allocation Failure) 50M->37M(61M) 7.084ms
[2026-06-17T09:55:53.181+0800][1.810s][info][gc,cpu         ] GC(38) User=0.00s Sys=0.00s Real=0.00s
[2026-06-17T09:55:53.226+0800][1.855s][info][gc,start       ] GC(39) Pause Young (Allocation Failure)
[2026-06-17T09:55:53.227+0800][1.856s][info][gc,heap        ] GC(39) DefNew: 19577K(19648K)->2168K(19648K) Eden: 17472K(17472K)->0K(17472K) From: 2105K(2176K)->2168K(2176K)
[2026-06-17T09:55:53.227+0800][1.856s][info][gc,heap        ] GC(39) Tenured: 36407K(43712K)->40022K(43712K)
[2026-06-17T09:55:53.228+0800][1.857s][info][gc,metaspace   ] GC(39) Metaspace: 143K(384K)->143K(384K) NonClass: 138K(256K)->138K(256K) Class: 4K(128K)->4K(128K)
[2026-06-17T09:55:53.228+0800][1.857s][info][gc             ] GC(39) Pause Young (Allocation Failure) 54M->41M(61M) 2.241ms
[2026-06-17T09:55:53.228+0800][1.857s][info][gc,cpu         ] GC(39) User=0.00s Sys=0.00s Real=0.00s
[2026-06-17T09:55:53.271+0800][1.900s][info][gc,start       ] GC(40) Pause Young (Allocation Failure)
[2026-06-17T09:55:53.272+0800][1.901s][info][gc             ] GC(40) Pause Young (Allocation Failure) 58M->58M(61M) 0.583ms
[2026-06-17T09:55:53.272+0800][1.901s][info][gc,cpu         ] GC(40) User=0.00s Sys=0.00s Real=0.00s
[2026-06-17T09:55:53.272+0800][1.901s][info][gc,start       ] GC(41) Pause Full (Allocation Failure)
[2026-06-17T09:55:53.273+0800][1.902s][info][gc,phases,start] GC(41) Phase 1: Mark live objects
[2026-06-17T09:55:53.273+0800][1.902s][info][gc,phases      ] GC(41) Phase 1: Mark live objects 0.547ms
[2026-06-17T09:55:53.273+0800][1.903s][info][gc,phases,start] GC(41) Phase 2: Compute new object addresses
[2026-06-17T09:55:53.274+0800][1.903s][info][gc,phases      ] GC(41) Phase 2: Compute new object addresses 0.546ms
[2026-06-17T09:55:53.274+0800][1.903s][info][gc,phases,start] GC(41) Phase 3: Adjust pointers
[2026-06-17T09:55:53.275+0800][1.904s][info][gc,phases      ] GC(41) Phase 3: Adjust pointers 0.415ms
[2026-06-17T09:55:53.275+0800][1.904s][info][gc,phases,start] GC(41) Phase 4: Move objects
[2026-06-17T09:55:53.277+0800][1.907s][info][gc,phases      ] GC(41) Phase 4: Move objects 2.789ms
[2026-06-17T09:55:53.278+0800][1.907s][info][gc,heap        ] GC(41) DefNew: 19632K(19648K)->0K(19648K) Eden: 17463K(17472K)->0K(17472K) From: 2168K(2176K)->0K(2176K)
[2026-06-17T09:55:53.278+0800][1.907s][info][gc,heap        ] GC(41) Tenured: 40022K(43712K)->33203K(43712K)
[2026-06-17T09:55:53.278+0800][1.907s][info][gc,metaspace   ] GC(41) Metaspace: 143K(384K)->143K(384K) NonClass: 138K(256K)->138K(256K) Class: 4K(128K)->4K(128K)
[2026-06-17T09:55:53.278+0800][1.908s][info][gc             ] GC(41) Pause Full (Allocation Failure) 58M->32M(61M) 6.121ms
[2026-06-17T09:55:53.278+0800][1.908s][info][gc,cpu         ] GC(41) User=0.00s Sys=0.00s Real=0.00s
[2026-06-17T09:55:53.331+0800][1.960s][info][gc,start       ] GC(42) Pause Young (Allocation Failure)
[2026-06-17T09:55:53.333+0800][1.962s][info][gc,heap        ] GC(42) DefNew: 17465K(19648K)->2098K(19648K) Eden: 17465K(17472K)->0K(17472K) From: 0K(2176K)->2098K(2176K)
[2026-06-17T09:55:53.333+0800][1.962s][info][gc,heap        ] GC(42) Tenured: 33203K(43712K)->34571K(43712K)
[2026-06-17T09:55:53.334+0800][1.963s][info][gc,metaspace   ] GC(42) Metaspace: 143K(384K)->143K(384K) NonClass: 138K(256K)->138K(256K) Class: 4K(128K)->4K(128K)
[2026-06-17T09:55:53.334+0800][1.963s][info][gc             ] GC(42) Pause Young (Allocation Failure) 49M->35M(61M) 2.944ms
[2026-06-17T09:55:53.334+0800][1.963s][info][gc,cpu         ] GC(42) User=0.01s Sys=0.00s Real=0.00s
[2026-06-17T09:55:53.367+0800][1.996s][info][gc,start       ] GC(43) Pause Young (Allocation Failure)
[2026-06-17T09:55:53.368+0800][1.997s][info][gc,heap        ] GC(43) DefNew: 19491K(19648K)->2173K(19648K) Eden: 17393K(17472K)->0K(17472K) From: 2098K(2176K)->2173K(2176K)
[2026-06-17T09:55:53.369+0800][1.998s][info][gc,heap        ] GC(43) Tenured: 34571K(43712K)->37423K(43712K)
[2026-06-17T09:55:53.369+0800][1.998s][info][gc,metaspace   ] GC(43) Metaspace: 143K(384K)->143K(384K) NonClass: 138K(256K)->138K(256K) Class: 4K(128K)->4K(128K)
[2026-06-17T09:55:53.369+0800][1.999s][info][gc             ] GC(43) Pause Young (Allocation Failure) 52M->38M(61M) 2.475ms
[2026-06-17T09:55:53.370+0800][1.999s][info][gc,cpu         ] GC(43) User=0.00s Sys=0.00s Real=0.00s
[2026-06-17T09:55:53.423+0800][2.052s][info][gc,start       ] GC(44) Pause Young (Allocation Failure)
[2026-06-17T09:55:53.424+0800][2.053s][info][gc,heap        ] GC(44) DefNew: 19590K(19648K)->2015K(19648K) Eden: 17417K(17472K)->0K(17472K) From: 2173K(2176K)->2015K(2176K)
[2026-06-17T09:55:53.427+0800][2.056s][info][gc,heap        ] GC(44) Tenured: 37423K(43712K)->41097K(43712K)
[2026-06-17T09:55:53.429+0800][2.058s][info][gc,metaspace   ] GC(44) Metaspace: 143K(384K)->143K(384K) NonClass: 138K(256K)->138K(256K) Class: 4K(128K)->4K(128K)
[2026-06-17T09:55:53.431+0800][2.060s][info][gc             ] GC(44) Pause Young (Allocation Failure) 55M->42M(61M) 7.849ms
[2026-06-17T09:55:53.433+0800][2.062s][info][gc,cpu         ] GC(44) User=0.00s Sys=0.00s Real=0.01s
[2026-06-17T09:55:53.477+0800][2.106s][info][gc,start       ] GC(45) Pause Young (Allocation Failure)
[2026-06-17T09:55:53.477+0800][2.107s][info][gc             ] GC(45) Pause Young (Allocation Failure) 59M->59M(61M) 0.472ms
[2026-06-17T09:55:53.478+0800][2.107s][info][gc,cpu         ] GC(45) User=0.00s Sys=0.00s Real=0.00s
[2026-06-17T09:55:53.478+0800][2.107s][info][gc,start       ] GC(46) Pause Full (Allocation Failure)
[2026-06-17T09:55:53.479+0800][2.108s][info][gc,phases,start] GC(46) Phase 1: Mark live objects
[2026-06-17T09:55:53.479+0800][2.108s][info][gc,phases      ] GC(46) Phase 1: Mark live objects 0.719ms
[2026-06-17T09:55:53.480+0800][2.109s][info][gc,phases,start] GC(46) Phase 2: Compute new object addresses
[2026-06-17T09:55:53.480+0800][2.109s][info][gc,phases      ] GC(46) Phase 2: Compute new object addresses 0.483ms
[2026-06-17T09:55:53.480+0800][2.110s][info][gc,phases,start] GC(46) Phase 3: Adjust pointers
[2026-06-17T09:55:53.481+0800][2.110s][info][gc,phases      ] GC(46) Phase 3: Adjust pointers 0.466ms
[2026-06-17T09:55:53.481+0800][2.110s][info][gc,phases,start] GC(46) Phase 4: Move objects
[2026-06-17T09:55:53.484+0800][2.113s][info][gc,phases      ] GC(46) Phase 4: Move objects 2.664ms
[2026-06-17T09:55:53.484+0800][2.113s][info][gc,heap        ] GC(46) DefNew: 19426K(19648K)->0K(19648K) Eden: 17411K(17472K)->0K(17472K) From: 2015K(2176K)->0K(2176K)
[2026-06-17T09:55:53.484+0800][2.114s][info][gc,heap        ] GC(46) Tenured: 41097K(43712K)->32270K(43712K)
[2026-06-17T09:55:53.485+0800][2.114s][info][gc,metaspace   ] GC(46) Metaspace: 143K(384K)->143K(384K) NonClass: 138K(256K)->138K(256K) Class: 4K(128K)->4K(128K)
[2026-06-17T09:55:53.485+0800][2.114s][info][gc             ] GC(46) Pause Full (Allocation Failure) 59M->31M(61M) 6.800ms
[2026-06-17T09:55:53.485+0800][2.114s][info][gc,cpu         ] GC(46) User=0.01s Sys=0.00s Real=0.01s
[2026-06-17T09:55:53.528+0800][2.157s][info][gc,start       ] GC(47) Pause Young (Allocation Failure)
[2026-06-17T09:55:53.529+0800][2.158s][info][gc,heap        ] GC(47) DefNew: 17448K(19648K)->2169K(19648K) Eden: 17448K(17472K)->0K(17472K) From: 0K(2176K)->2169K(2176K)
[2026-06-17T09:55:53.529+0800][2.158s][info][gc,heap        ] GC(47) Tenured: 32270K(43712K)->37195K(43712K)
[2026-06-17T09:55:53.529+0800][2.159s][info][gc,metaspace   ] GC(47) Metaspace: 143K(384K)->143K(384K) NonClass: 138K(256K)->138K(256K) Class: 4K(128K)->4K(128K)
[2026-06-17T09:55:53.530+0800][2.159s][info][gc             ] GC(47) Pause Young (Allocation Failure) 48M->38M(61M) 1.787ms
[2026-06-17T09:55:53.530+0800][2.159s][info][gc,cpu         ] GC(47) User=0.00s Sys=0.00s Real=0.00s
[2026-06-17T09:55:53.572+0800][2.201s][info][gc,start       ] GC(48) Pause Young (Allocation Failure)
[2026-06-17T09:55:53.573+0800][2.202s][info][gc             ] GC(48) Pause Young (Allocation Failure) 55M->55M(61M) 0.517ms
[2026-06-17T09:55:53.573+0800][2.202s][info][gc,cpu         ] GC(48) User=0.00s Sys=0.00s Real=0.00s
[2026-06-17T09:55:53.574+0800][2.203s][info][gc,start       ] GC(49) Pause Full (Allocation Failure)
[2026-06-17T09:55:53.574+0800][2.203s][info][gc,phases,start] GC(49) Phase 1: Mark live objects
[2026-06-17T09:55:53.575+0800][2.204s][info][gc,phases      ] GC(49) Phase 1: Mark live objects 0.885ms
[2026-06-17T09:55:53.575+0800][2.204s][info][gc,phases,start] GC(49) Phase 2: Compute new object addresses
[2026-06-17T09:55:53.576+0800][2.205s][info][gc,phases      ] GC(49) Phase 2: Compute new object addresses 0.491ms
[2026-06-17T09:55:53.576+0800][2.205s][info][gc,phases,start] GC(49) Phase 3: Adjust pointers
[2026-06-17T09:55:53.577+0800][2.206s][info][gc,phases      ] GC(49) Phase 3: Adjust pointers 0.422ms
[2026-06-17T09:55:53.577+0800][2.206s][info][gc,phases,start] GC(49) Phase 4: Move objects
[2026-06-17T09:55:53.579+0800][2.209s][info][gc,phases      ] GC(49) Phase 4: Move objects 2.730ms
[2026-06-17T09:55:53.580+0800][2.209s][info][gc,heap        ] GC(49) DefNew: 19620K(19648K)->0K(19648K) Eden: 17450K(17472K)->0K(17472K) From: 2169K(2176K)->0K(2176K)
[2026-06-17T09:55:53.580+0800][2.209s][info][gc,heap        ] GC(49) Tenured: 37195K(43712K)->24240K(43712K)
[2026-06-17T09:55:53.580+0800][2.209s][info][gc,metaspace   ] GC(49) Metaspace: 143K(384K)->143K(384K) NonClass: 138K(256K)->138K(256K) Class: 4K(128K)->4K(128K)
[2026-06-17T09:55:53.580+0800][2.209s][info][gc             ] GC(49) Pause Full (Allocation Failure) 55M->23M(61M) 6.627ms
[2026-06-17T09:55:53.580+0800][2.210s][info][gc,cpu         ] GC(49) User=0.01s Sys=0.00s Real=0.00s
[2026-06-17T09:55:53.623+0800][2.252s][info][gc,start       ] GC(50) Pause Young (Allocation Failure)
[2026-06-17T09:55:53.625+0800][2.254s][info][gc,heap        ] GC(50) DefNew: 17351K(19648K)->2142K(19648K) Eden: 17351K(17472K)->0K(17472K) From: 0K(2176K)->2142K(2176K)
[2026-06-17T09:55:53.627+0800][2.256s][info][gc,heap        ] GC(50) Tenured: 24240K(43712K)->25366K(43712K)
[2026-06-17T09:55:53.629+0800][2.258s][info][gc,metaspace   ] GC(50) Metaspace: 143K(384K)->143K(384K) NonClass: 138K(256K)->138K(256K) Class: 4K(128K)->4K(128K)
[2026-06-17T09:55:53.629+0800][2.258s][info][gc             ] GC(50) Pause Young (Allocation Failure) 40M->26M(61M) 6.108ms
[2026-06-17T09:55:53.631+0800][2.260s][info][gc,cpu         ] GC(50) User=0.00s Sys=0.00s Real=0.01s
[2026-06-17T09:55:53.686+0800][2.315s][info][gc,start       ] GC(51) Pause Young (Allocation Failure)
[2026-06-17T09:55:53.687+0800][2.316s][info][gc,heap        ] GC(51) DefNew: 19560K(19648K)->2168K(19648K) Eden: 17418K(17472K)->0K(17472K) From: 2142K(2176K)->2168K(2176K)
[2026-06-17T09:55:53.688+0800][2.317s][info][gc,heap        ] GC(51) Tenured: 25366K(43712K)->29106K(43712K)
[2026-06-17T09:55:53.688+0800][2.317s][info][gc,metaspace   ] GC(51) Metaspace: 143K(384K)->143K(384K) NonClass: 138K(256K)->138K(256K) Class: 4K(128K)->4K(128K)
[2026-06-17T09:55:53.689+0800][2.318s][info][gc             ] GC(51) Pause Young (Allocation Failure) 43M->30M(61M) 2.881ms
[2026-06-17T09:55:53.689+0800][2.318s][info][gc,cpu         ] GC(51) User=0.00s Sys=0.00s Real=0.00s
[2026-06-17T09:55:53.732+0800][2.361s][info][gc,start       ] GC(52) Pause Young (Allocation Failure)
[2026-06-17T09:55:53.733+0800][2.363s][info][gc,heap        ] GC(52) DefNew: 19631K(19648K)->2099K(19648K) Eden: 17463K(17472K)->0K(17472K) From: 2168K(2176K)->2099K(2176K)
[2026-06-17T09:55:53.734+0800][2.363s][info][gc,heap        ] GC(52) Tenured: 29106K(43712K)->32302K(43712K)
[2026-06-17T09:55:53.734+0800][2.363s][info][gc,metaspace   ] GC(52) Metaspace: 143K(384K)->143K(384K) NonClass: 138K(256K)->138K(256K) Class: 4K(128K)->4K(128K)
[2026-06-17T09:55:53.734+0800][2.363s][info][gc             ] GC(52) Pause Young (Allocation Failure) 47M->33M(61M) 2.241ms
[2026-06-17T09:55:53.735+0800][2.364s][info][gc,cpu         ] GC(52) User=0.00s Sys=0.00s Real=0.00s
[2026-06-17T09:55:53.778+0800][2.407s][info][gc,start       ] GC(53) Pause Young (Allocation Failure)
[2026-06-17T09:55:53.780+0800][2.409s][info][gc,heap        ] GC(53) DefNew: 19571K(19648K)->2049K(19648K) Eden: 17472K(17472K)->0K(17472K) From: 2099K(2176K)->2049K(2176K)
[2026-06-17T09:55:53.780+0800][2.409s][info][gc,heap        ] GC(53) Tenured: 32302K(43712K)->36074K(43712K)
[2026-06-17T09:55:53.780+0800][2.409s][info][gc,metaspace   ] GC(53) Metaspace: 143K(384K)->143K(384K) NonClass: 138K(256K)->138K(256K) Class: 4K(128K)->4K(128K)
[2026-06-17T09:55:53.781+0800][2.410s][info][gc             ] GC(53) Pause Young (Allocation Failure) 50M->37M(61M) 3.061ms
[2026-06-17T09:55:53.781+0800][2.410s][info][gc,cpu         ] GC(53) User=0.00s Sys=0.00s Real=0.00s
[2026-06-17T09:55:53.824+0800][2.453s][info][gc,start       ] GC(54) Pause Young (Allocation Failure)
[2026-06-17T09:55:53.825+0800][2.454s][info][gc,heap        ] GC(54) DefNew: 19482K(19648K)->2075K(19648K) Eden: 17432K(17472K)->0K(17472K) From: 2049K(2176K)->2075K(2176K)
[2026-06-17T09:55:53.826+0800][2.455s][info][gc,heap        ] GC(54) Tenured: 36074K(43712K)->39965K(43712K)
[2026-06-17T09:55:53.826+0800][2.455s][info][gc,metaspace   ] GC(54) Metaspace: 143K(384K)->143K(384K) NonClass: 138K(256K)->138K(256K) Class: 4K(128K)->4K(128K)
[2026-06-17T09:55:53.826+0800][2.455s][info][gc             ] GC(54) Pause Young (Allocation Failure) 54M->41M(61M) 2.314ms
[2026-06-17T09:55:53.827+0800][2.456s][info][gc,cpu         ] GC(54) User=0.00s Sys=0.00s Real=0.00s
[2026-06-17T09:55:53.869+0800][2.499s][info][gc,start       ] GC(55) Pause Young (Allocation Failure)
[2026-06-17T09:55:53.870+0800][2.499s][info][gc             ] GC(55) Pause Young (Allocation Failure) 57M->57M(61M) 0.717ms
[2026-06-17T09:55:53.871+0800][2.500s][info][gc,cpu         ] GC(55) User=0.00s Sys=0.00s Real=0.01s
[2026-06-17T09:55:53.871+0800][2.500s][info][gc,start       ] GC(56) Pause Full (Allocation Failure)
[2026-06-17T09:55:53.872+0800][2.501s][info][gc,phases,start] GC(56) Phase 1: Mark live objects
[2026-06-17T09:55:53.872+0800][2.502s][info][gc,phases      ] GC(56) Phase 1: Mark live objects 0.879ms
[2026-06-17T09:55:53.873+0800][2.502s][info][gc,phases,start] GC(56) Phase 2: Compute new object addresses
[2026-06-17T09:55:53.874+0800][2.503s][info][gc,phases      ] GC(56) Phase 2: Compute new object addresses 0.646ms
[2026-06-17T09:55:53.874+0800][2.503s][info][gc,phases,start] GC(56) Phase 3: Adjust pointers
[2026-06-17T09:55:53.874+0800][2.503s][info][gc,phases      ] GC(56) Phase 3: Adjust pointers 0.501ms
[2026-06-17T09:55:53.875+0800][2.504s][info][gc,phases,start] GC(56) Phase 4: Move objects
[2026-06-17T09:55:53.876+0800][2.506s][info][gc,phases      ] GC(56) Phase 4: Move objects 1.748ms
[2026-06-17T09:55:53.877+0800][2.506s][info][gc,heap        ] GC(56) DefNew: 19369K(19648K)->0K(19648K) Eden: 17293K(17472K)->0K(17472K) From: 2075K(2176K)->0K(2176K)
[2026-06-17T09:55:53.877+0800][2.506s][info][gc,heap        ] GC(56) Tenured: 39965K(43712K)->19753K(43712K)
[2026-06-17T09:55:53.877+0800][2.506s][info][gc,metaspace   ] GC(56) Metaspace: 143K(384K)->143K(384K) NonClass: 138K(256K)->138K(256K) Class: 4K(128K)->4K(128K)
[2026-06-17T09:55:53.878+0800][2.507s][info][gc             ] GC(56) Pause Full (Allocation Failure) 57M->19M(61M) 6.396ms
[2026-06-17T09:55:53.878+0800][2.507s][info][gc,cpu         ] GC(56) User=0.01s Sys=0.00s Real=0.00s
[2026-06-17T09:55:53.931+0800][2.560s][info][gc,start       ] GC(57) Pause Young (Allocation Failure)
[2026-06-17T09:55:53.932+0800][2.561s][info][gc,heap        ] GC(57) DefNew: 17472K(19648K)->2134K(19648K) Eden: 17472K(17472K)->0K(17472K) From: 0K(2176K)->2134K(2176K)
[2026-06-17T09:55:53.932+0800][2.561s][info][gc,heap        ] GC(57) Tenured: 19753K(43712K)->21338K(43712K)
[2026-06-17T09:55:53.933+0800][2.562s][info][gc,metaspace   ] GC(57) Metaspace: 147K(384K)->147K(384K) NonClass: 143K(256K)->143K(256K) Class: 4K(128K)->4K(128K)
[2026-06-17T09:55:53.933+0800][2.562s][info][gc             ] GC(57) Pause Young (Allocation Failure) 36M->22M(61M) 2.232ms
[2026-06-17T09:55:53.933+0800][2.562s][info][gc,cpu         ] GC(57) User=0.00s Sys=0.00s Real=0.00s
[2026-06-17T09:55:53.976+0800][2.605s][info][gc,start       ] GC(58) Pause Young (Allocation Failure)
[2026-06-17T09:55:53.978+0800][2.607s][info][gc,heap        ] GC(58) DefNew: 19581K(19648K)->2114K(19648K) Eden: 17447K(17472K)->0K(17472K) From: 2134K(2176K)->2114K(2176K)
[2026-06-17T09:55:53.978+0800][2.607s][info][gc,heap        ] GC(58) Tenured: 21338K(43712K)->24851K(43712K)
[2026-06-17T09:55:53.978+0800][2.608s][info][gc,metaspace   ] GC(58) Metaspace: 147K(384K)->147K(384K) NonClass: 143K(256K)->143K(256K) Class: 4K(128K)->4K(128K)
[2026-06-17T09:55:53.979+0800][2.608s][info][gc             ] GC(58) Pause Young (Allocation Failure) 39M->26M(61M) 2.637ms
[2026-06-17T09:55:53.979+0800][2.608s][info][gc,cpu         ] GC(58) User=0.00s Sys=0.00s Real=0.00s
[2026-06-17T09:55:54.022+0800][2.651s][info][gc,start       ] GC(59) Pause Young (Allocation Failure)
[2026-06-17T09:55:54.024+0800][2.653s][info][gc,heap        ] GC(59) DefNew: 19566K(19648K)->2076K(19648K) Eden: 17451K(17472K)->0K(17472K) From: 2114K(2176K)->2076K(2176K)
[2026-06-17T09:55:54.024+0800][2.653s][info][gc,heap        ] GC(59) Tenured: 24851K(43712K)->28133K(43712K)
[2026-06-17T09:55:54.024+0800][2.654s][info][gc,metaspace   ] GC(59) Metaspace: 147K(384K)->147K(384K) NonClass: 143K(256K)->143K(256K) Class: 4K(128K)->4K(128K)
[2026-06-17T09:55:54.025+0800][2.654s][info][gc             ] GC(59) Pause Young (Allocation Failure) 43M->29M(61M) 2.267ms
[2026-06-17T09:55:54.025+0800][2.654s][info][gc,cpu         ] GC(59) User=0.01s Sys=0.00s Real=0.01s
[2026-06-17T09:55:54.068+0800][2.697s][info][gc,start       ] GC(60) Pause Young (Allocation Failure)
[2026-06-17T09:55:54.069+0800][2.698s][info][gc,heap        ] GC(60) DefNew: 19512K(19648K)->2033K(19648K) Eden: 17435K(17472K)->0K(17472K) From: 2076K(2176K)->2033K(2176K)
[2026-06-17T09:55:54.070+0800][2.699s][info][gc,heap        ] GC(60) Tenured: 28133K(43712K)->31703K(43712K)
[2026-06-17T09:55:54.070+0800][2.699s][info][gc,metaspace   ] GC(60) Metaspace: 147K(384K)->147K(384K) NonClass: 143K(256K)->143K(256K) Class: 4K(128K)->4K(128K)
[2026-06-17T09:55:54.070+0800][2.700s][info][gc             ] GC(60) Pause Young (Allocation Failure) 46M->32M(61M) 2.663ms
[2026-06-17T09:55:54.071+0800][2.700s][info][gc,cpu         ] GC(60) User=0.00s Sys=0.00s Real=0.01s
[2026-06-17T09:55:54.114+0800][2.743s][info][gc,start       ] GC(61) Pause Young (Allocation Failure)
[2026-06-17T09:55:54.115+0800][2.744s][info][gc,heap        ] GC(61) DefNew: 19505K(19648K)->2175K(19648K) Eden: 17472K(17472K)->0K(17472K) From: 2033K(2176K)->2175K(2176K)
[2026-06-17T09:55:54.116+0800][2.745s][info][gc,heap        ] GC(61) Tenured: 31703K(43712K)->34850K(43712K)
[2026-06-17T09:55:54.116+0800][2.745s][info][gc,metaspace   ] GC(61) Metaspace: 147K(384K)->147K(384K) NonClass: 143K(256K)->143K(256K) Class: 4K(128K)->4K(128K)
[2026-06-17T09:55:54.117+0800][2.746s][info][gc             ] GC(61) Pause Young (Allocation Failure) 50M->36M(61M) 2.652ms
[2026-06-17T09:55:54.117+0800][2.746s][info][gc,cpu         ] GC(61) User=0.00s Sys=0.00s Real=0.00s
[2026-06-17T09:55:54.160+0800][2.789s][info][gc,start       ] GC(62) Pause Young (Allocation Failure)
[2026-06-17T09:55:54.162+0800][2.791s][info][gc,heap        ] GC(62) DefNew: 19620K(19648K)->2152K(19648K) Eden: 17445K(17472K)->0K(17472K) From: 2175K(2176K)->2152K(2176K)
[2026-06-17T09:55:54.163+0800][2.792s][info][gc,heap        ] GC(62) Tenured: 34850K(43712K)->39517K(43712K)
[2026-06-17T09:55:54.163+0800][2.792s][info][gc,metaspace   ] GC(62) Metaspace: 147K(384K)->147K(384K) NonClass: 143K(256K)->143K(256K) Class: 4K(128K)->4K(128K)
[2026-06-17T09:55:54.163+0800][2.792s][info][gc             ] GC(62) Pause Young (Allocation Failure) 53M->40M(61M) 2.669ms
[2026-06-17T09:55:54.163+0800][2.793s][info][gc,cpu         ] GC(62) User=0.00s Sys=0.00s Real=0.01s
[2026-06-17T09:55:54.207+0800][2.836s][info][gc,start       ] GC(63) Pause Young (Allocation Failure)
[2026-06-17T09:55:54.208+0800][2.837s][info][gc             ] GC(63) Pause Young (Allocation Failure) 57M->57M(61M) 1.020ms
[2026-06-17T09:55:54.209+0800][2.839s][info][gc,cpu         ] GC(63) User=0.00s Sys=0.00s Real=0.00s
[2026-06-17T09:55:54.210+0800][2.839s][info][gc,start       ] GC(64) Pause Full (Allocation Failure)
[2026-06-17T09:55:54.210+0800][2.839s][info][gc,phases,start] GC(64) Phase 1: Mark live objects
[2026-06-17T09:55:54.211+0800][2.840s][info][gc,phases      ] GC(64) Phase 1: Mark live objects 0.685ms
[2026-06-17T09:55:54.211+0800][2.840s][info][gc,phases,start] GC(64) Phase 2: Compute new object addresses
[2026-06-17T09:55:54.212+0800][2.841s][info][gc,phases      ] GC(64) Phase 2: Compute new object addresses 0.529ms
[2026-06-17T09:55:54.212+0800][2.841s][info][gc,phases,start] GC(64) Phase 3: Adjust pointers
[2026-06-17T09:55:54.213+0800][2.842s][info][gc,phases      ] GC(64) Phase 3: Adjust pointers 0.468ms
[2026-06-17T09:55:54.213+0800][2.842s][info][gc,phases,start] GC(64) Phase 4: Move objects
[2026-06-17T09:55:54.215+0800][2.844s][info][gc,phases      ] GC(64) Phase 4: Move objects 1.914ms
[2026-06-17T09:55:54.215+0800][2.844s][info][gc,heap        ] GC(64) DefNew: 19602K(19648K)->0K(19648K) Eden: 17449K(17472K)->0K(17472K) From: 2152K(2176K)->0K(2176K)
[2026-06-17T09:55:54.215+0800][2.845s][info][gc,heap        ] GC(64) Tenured: 39517K(43712K)->24757K(43712K)
[2026-06-17T09:55:54.216+0800][2.845s][info][gc,metaspace   ] GC(64) Metaspace: 147K(384K)->147K(384K) NonClass: 143K(256K)->143K(256K) Class: 4K(128K)->4K(128K)
[2026-06-17T09:55:54.217+0800][2.846s][info][gc             ] GC(64) Pause Full (Allocation Failure) 57M->24M(61M) 6.632ms
[2026-06-17T09:55:54.217+0800][2.846s][info][gc,cpu         ] GC(64) User=0.00s Sys=0.00s Real=0.01s
[2026-06-17T09:55:54.259+0800][2.888s][info][gc,start       ] GC(65) Pause Young (Allocation Failure)
[2026-06-17T09:55:54.260+0800][2.889s][info][gc,heap        ] GC(65) DefNew: 17388K(19648K)->2099K(19648K) Eden: 17388K(17472K)->0K(17472K) From: 0K(2176K)->2099K(2176K)
[2026-06-17T09:55:54.261+0800][2.890s][info][gc,heap        ] GC(65) Tenured: 24757K(43712K)->25855K(43712K)
[2026-06-17T09:55:54.261+0800][2.890s][info][gc,metaspace   ] GC(65) Metaspace: 147K(384K)->147K(384K) NonClass: 143K(256K)->143K(256K) Class: 4K(128K)->4K(128K)
[2026-06-17T09:55:54.261+0800][2.890s][info][gc             ] GC(65) Pause Young (Allocation Failure) 41M->27M(61M) 1.753ms
[2026-06-17T09:55:54.261+0800][2.890s][info][gc,cpu         ] GC(65) User=0.00s Sys=0.00s Real=0.00s
[2026-06-17T09:55:54.314+0800][2.943s][info][gc,start       ] GC(66) Pause Young (Allocation Failure)
[2026-06-17T09:55:54.315+0800][2.944s][info][gc,heap        ] GC(66) DefNew: 19562K(19648K)->2172K(19648K) Eden: 17463K(17472K)->0K(17472K) From: 2099K(2176K)->2172K(2176K)
[2026-06-17T09:55:54.315+0800][2.945s][info][gc,heap        ] GC(66) Tenured: 25855K(43712K)->29150K(43712K)
[2026-06-17T09:55:54.316+0800][2.945s][info][gc,metaspace   ] GC(66) Metaspace: 147K(384K)->147K(384K) NonClass: 143K(256K)->143K(256K) Class: 4K(128K)->4K(128K)
[2026-06-17T09:55:54.316+0800][2.945s][info][gc             ] GC(66) Pause Young (Allocation Failure) 44M->30M(61M) 2.057ms
[2026-06-17T09:55:54.316+0800][2.945s][info][gc,cpu         ] GC(66) User=0.00s Sys=0.00s Real=0.00s
[2026-06-17T09:55:54.359+0800][2.988s][info][gc,start       ] GC(67) Pause Young (Allocation Failure)
[2026-06-17T09:55:54.360+0800][2.989s][info][gc,heap        ] GC(67) DefNew: 19644K(19648K)->2174K(19648K) Eden: 17472K(17472K)->0K(17472K) From: 2172K(2176K)->2174K(2176K)
[2026-06-17T09:55:54.360+0800][2.989s][info][gc,heap        ] GC(67) Tenured: 29150K(43712K)->33147K(43712K)
[2026-06-17T09:55:54.360+0800][2.989s][info][gc,metaspace   ] GC(67) Metaspace: 147K(384K)->147K(384K) NonClass: 143K(256K)->143K(256K) Class: 4K(128K)->4K(128K)
[2026-06-17T09:55:54.360+0800][2.989s][info][gc             ] GC(67) Pause Young (Allocation Failure) 47M->34M(61M) 1.762ms
[2026-06-17T09:55:54.361+0800][2.990s][info][gc,cpu         ] GC(67) User=0.00s Sys=0.01s Real=0.00s
[2026-06-17T09:55:54.403+0800][3.033s][info][gc,start       ] GC(68) Pause Young (Allocation Failure)
[2026-06-17T09:55:54.405+0800][3.034s][info][gc,heap        ] GC(68) DefNew: 19646K(19648K)->2156K(19648K) Eden: 17472K(17472K)->0K(17472K) From: 2174K(2176K)->2156K(2176K)
[2026-06-17T09:55:54.405+0800][3.034s][info][gc,heap        ] GC(68) Tenured: 33147K(43712K)->36981K(43712K)
[2026-06-17T09:55:54.405+0800][3.034s][info][gc,metaspace   ] GC(68) Metaspace: 147K(384K)->147K(384K) NonClass: 143K(256K)->143K(256K) Class: 4K(128K)->4K(128K)
[2026-06-17T09:55:54.406+0800][3.035s][info][gc             ] GC(68) Pause Young (Allocation Failure) 51M->38M(61M) 2.054ms
[2026-06-17T09:55:54.406+0800][3.035s][info][gc,cpu         ] GC(68) User=0.01s Sys=0.00s Real=0.00s
[2026-06-17T09:55:54.448+0800][3.077s][info][gc,start       ] GC(69) Pause Young (Allocation Failure)
[2026-06-17T09:55:54.472+0800][3.102s][info][gc,heap        ] GC(69) DefNew: 19628K(19648K)->2173K(19648K) Eden: 17472K(17472K)->0K(17472K) From: 2156K(2176K)->2173K(2176K)
[2026-06-17T09:55:54.473+0800][3.102s][info][gc,heap        ] GC(69) Tenured: 36981K(43712K)->40313K(43712K)
[2026-06-17T09:55:54.473+0800][3.103s][info][gc,metaspace   ] GC(69) Metaspace: 147K(384K)->147K(384K) NonClass: 143K(256K)->143K(256K) Class: 4K(128K)->4K(128K)
[2026-06-17T09:55:54.474+0800][3.103s][info][gc             ] GC(69) Pause Young (Allocation Failure) 55M->41M(61M) 25.983ms
[2026-06-17T09:55:54.474+0800][3.103s][info][gc,cpu         ] GC(69) User=0.00s Sys=0.00s Real=0.03s
[2026-06-17T09:55:54.517+0800][3.146s][info][gc,start       ] GC(70) Pause Young (Allocation Failure)
[2026-06-17T09:55:54.545+0800][3.174s][info][gc             ] GC(70) Pause Young (Allocation Failure) 58M->58M(61M) 27.973ms
[2026-06-17T09:55:54.546+0800][3.175s][info][gc,cpu         ] GC(70) User=0.00s Sys=0.00s Real=0.03s
[2026-06-17T09:55:54.552+0800][3.181s][info][gc,start       ] GC(71) Pause Full (Allocation Failure)
[2026-06-17T09:55:54.556+0800][3.186s][info][gc,phases,start] GC(71) Phase 1: Mark live objects
[2026-06-17T09:55:54.558+0800][3.187s][info][gc,phases      ] GC(71) Phase 1: Mark live objects 1.688ms
[2026-06-17T09:55:54.559+0800][3.189s][info][gc,phases,start] GC(71) Phase 2: Compute new object addresses
[2026-06-17T09:55:54.561+0800][3.191s][info][gc,phases      ] GC(71) Phase 2: Compute new object addresses 1.999ms
[2026-06-17T09:55:54.562+0800][3.191s][info][gc,phases,start] GC(71) Phase 3: Adjust pointers
[2026-06-17T09:55:54.564+0800][3.193s][info][gc,phases      ] GC(71) Phase 3: Adjust pointers 2.193ms
[2026-06-17T09:55:54.566+0800][3.195s][info][gc,phases,start] GC(71) Phase 4: Move objects
[2026-06-17T09:55:54.570+0800][3.199s][info][gc,phases      ] GC(71) Phase 4: Move objects 4.185ms
[2026-06-17T09:55:54.571+0800][3.200s][info][gc,heap        ] GC(71) DefNew: 19493K(19648K)->0K(19648K) Eden: 17320K(17472K)->0K(17472K) From: 2173K(2176K)->0K(2176K)
[2026-06-17T09:55:54.573+0800][3.202s][info][gc,heap        ] GC(71) Tenured: 40313K(43712K)->28681K(43712K)
[2026-06-17T09:55:54.574+0800][3.203s][info][gc,metaspace   ] GC(71) Metaspace: 147K(384K)->147K(384K) NonClass: 143K(256K)->143K(256K) Class: 4K(128K)->4K(128K)
[2026-06-17T09:55:54.575+0800][3.204s][info][gc             ] GC(71) Pause Full (Allocation Failure) 58M->28M(61M) 23.469ms
[2026-06-17T09:55:54.576+0800][3.205s][info][gc,cpu         ] GC(71) User=0.00s Sys=0.00s Real=0.02s
[2026-06-17T09:55:54.619+0800][3.248s][info][gc,start       ] GC(72) Pause Young (Allocation Failure)
[2026-06-17T09:55:54.620+0800][3.249s][info][gc,heap        ] GC(72) DefNew: 17451K(19648K)->2173K(19648K) Eden: 17451K(17472K)->0K(17472K) From: 0K(2176K)->2173K(2176K)
[2026-06-17T09:55:54.620+0800][3.249s][info][gc,heap        ] GC(72) Tenured: 28681K(43712K)->33170K(43712K)
[2026-06-17T09:55:54.620+0800][3.250s][info][gc,metaspace   ] GC(72) Metaspace: 147K(384K)->147K(384K) NonClass: 143K(256K)->143K(256K) Class: 4K(128K)->4K(128K)
[2026-06-17T09:55:54.621+0800][3.250s][info][gc             ] GC(72) Pause Young (Allocation Failure) 45M->34M(61M) 2.220ms
[2026-06-17T09:55:54.621+0800][3.250s][info][gc,cpu         ] GC(72) User=0.01s Sys=0.00s Real=0.00s
[2026-06-17T09:55:54.675+0800][3.304s][info][gc,start       ] GC(73) Pause Young (Allocation Failure)
[2026-06-17T09:55:54.676+0800][3.305s][info][gc,heap        ] GC(73) DefNew: 19645K(19648K)->2172K(19648K) Eden: 17472K(17472K)->0K(17472K) From: 2173K(2176K)->2172K(2176K)
[2026-06-17T09:55:54.676+0800][3.306s][info][gc,heap        ] GC(73) Tenured: 33170K(43712K)->34990K(43712K)
[2026-06-17T09:55:54.677+0800][3.306s][info][gc,metaspace   ] GC(73) Metaspace: 147K(384K)->147K(384K) NonClass: 143K(256K)->143K(256K) Class: 4K(128K)->4K(128K)
[2026-06-17T09:55:54.677+0800][3.306s][info][gc             ] GC(73) Pause Young (Allocation Failure) 51M->36M(61M) 2.354ms
[2026-06-17T09:55:54.678+0800][3.307s][info][gc,cpu         ] GC(73) User=0.00s Sys=0.00s Real=0.00s
[2026-06-17T09:55:54.720+0800][3.350s][info][gc,start       ] GC(74) Pause Young (Allocation Failure)
[2026-06-17T09:55:54.722+0800][3.351s][info][gc,heap        ] GC(74) DefNew: 19638K(19648K)->2086K(19648K) Eden: 17466K(17472K)->0K(17472K) From: 2172K(2176K)->2086K(2176K)
[2026-06-17T09:55:54.722+0800][3.351s][info][gc,heap        ] GC(74) Tenured: 34990K(43712K)->38892K(43712K)
[2026-06-17T09:55:54.723+0800][3.352s][info][gc,metaspace   ] GC(74) Metaspace: 147K(384K)->147K(384K) NonClass: 143K(256K)->143K(256K) Class: 4K(128K)->4K(128K)
[2026-06-17T09:55:54.723+0800][3.352s][info][gc             ] GC(74) Pause Young (Allocation Failure) 53M->40M(61M) 2.329ms
[2026-06-17T09:55:54.723+0800][3.352s][info][gc,cpu         ] GC(74) User=0.00s Sys=0.00s Real=0.01s
[2026-06-17T09:55:54.766+0800][3.395s][info][gc,start       ] GC(75) Pause Young (Allocation Failure)
[2026-06-17T09:55:54.767+0800][3.396s][info][gc             ] GC(75) Pause Young (Allocation Failure) 57M->57M(61M) 0.765ms
[2026-06-17T09:55:54.768+0800][3.397s][info][gc,cpu         ] GC(75) User=0.00s Sys=0.00s Real=0.00s
[2026-06-17T09:55:54.768+0800][3.398s][info][gc,start       ] GC(76) Pause Full (Allocation Failure)
[2026-06-17T09:55:54.769+0800][3.398s][info][gc,phases,start] GC(76) Phase 1: Mark live objects
[2026-06-17T09:55:54.770+0800][3.399s][info][gc,phases      ] GC(76) Phase 1: Mark live objects 0.741ms
[2026-06-17T09:55:54.770+0800][3.399s][info][gc,phases,start] GC(76) Phase 2: Compute new object addresses
[2026-06-17T09:55:54.771+0800][3.400s][info][gc,phases      ] GC(76) Phase 2: Compute new object addresses 0.626ms
[2026-06-17T09:55:54.771+0800][3.400s][info][gc,phases,start] GC(76) Phase 3: Adjust pointers
[2026-06-17T09:55:54.772+0800][3.401s][info][gc,phases      ] GC(76) Phase 3: Adjust pointers 0.488ms
[2026-06-17T09:55:54.772+0800][3.401s][info][gc,phases,start] GC(76) Phase 4: Move objects
[2026-06-17T09:55:54.775+0800][3.404s][info][gc,phases      ] GC(76) Phase 4: Move objects 2.949ms
[2026-06-17T09:55:54.775+0800][3.404s][info][gc,heap        ] GC(76) DefNew: 19531K(19648K)->0K(19648K) Eden: 17445K(17472K)->0K(17472K) From: 2086K(2176K)->0K(2176K)
[2026-06-17T09:55:54.776+0800][3.405s][info][gc,heap        ] GC(76) Tenured: 38892K(43712K)->28066K(43712K)
[2026-06-17T09:55:54.776+0800][3.405s][info][gc,metaspace   ] GC(76) Metaspace: 147K(384K)->147K(384K) NonClass: 143K(256K)->143K(256K) Class: 4K(128K)->4K(128K)
[2026-06-17T09:55:54.776+0800][3.405s][info][gc             ] GC(76) Pause Full (Allocation Failure) 57M->27M(61M) 7.732ms
[2026-06-17T09:55:54.776+0800][3.405s][info][gc,cpu         ] GC(76) User=0.01s Sys=0.00s Real=0.01s
[2026-06-17T09:55:54.819+0800][3.448s][info][gc,start       ] GC(77) Pause Young (Allocation Failure)
[2026-06-17T09:55:54.820+0800][3.449s][info][gc,heap        ] GC(77) DefNew: 17463K(19648K)->2174K(19648K) Eden: 17463K(17472K)->0K(17472K) From: 0K(2176K)->2174K(2176K)
[2026-06-17T09:55:54.821+0800][3.450s][info][gc,heap        ] GC(77) Tenured: 28066K(43712K)->32885K(43712K)
[2026-06-17T09:55:54.821+0800][3.450s][info][gc,metaspace   ] GC(77) Metaspace: 147K(384K)->147K(384K) NonClass: 143K(256K)->143K(256K) Class: 4K(128K)->4K(128K)
[2026-06-17T09:55:54.821+0800][3.450s][info][gc             ] GC(77) Pause Young (Allocation Failure) 44M->34M(61M) 2.354ms
[2026-06-17T09:55:54.821+0800][3.451s][info][gc,cpu         ] GC(77) User=0.00s Sys=0.00s Real=0.00s
[2026-06-17T09:55:54.864+0800][3.494s][info][gc,start       ] GC(78) Pause Young (Allocation Failure)
[2026-06-17T09:55:54.866+0800][3.496s][info][gc,heap        ] GC(78) DefNew: 19635K(19648K)->2172K(19648K) Eden: 17461K(17472K)->0K(17472K) From: 2174K(2176K)->2172K(2176K)
[2026-06-17T09:55:54.867+0800][3.496s][info][gc,heap        ] GC(78) Tenured: 32885K(43712K)->39524K(43712K)
[2026-06-17T09:55:54.867+0800][3.496s][info][gc,metaspace   ] GC(78) Metaspace: 147K(384K)->147K(384K) NonClass: 143K(256K)->143K(256K) Class: 4K(128K)->4K(128K)
[2026-06-17T09:55:54.867+0800][3.497s][info][gc             ] GC(78) Pause Young (Allocation Failure) 51M->40M(61M) 2.977ms
[2026-06-17T09:55:54.868+0800][3.497s][info][gc,cpu         ] GC(78) User=0.00s Sys=0.00s Real=0.00s
[2026-06-17T09:55:54.921+0800][3.550s][info][gc,start       ] GC(79) Pause Young (Allocation Failure)
[2026-06-17T09:55:54.921+0800][3.550s][info][gc             ] GC(79) Pause Young (Allocation Failure) 57M->57M(61M) 0.559ms
[2026-06-17T09:55:54.922+0800][3.551s][info][gc,cpu         ] GC(79) User=0.00s Sys=0.00s Real=0.00s
[2026-06-17T09:55:54.922+0800][3.551s][info][gc,start       ] GC(80) Pause Full (Allocation Failure)
[2026-06-17T09:55:54.922+0800][3.551s][info][gc,phases,start] GC(80) Phase 1: Mark live objects
[2026-06-17T09:55:54.923+0800][3.552s][info][gc,phases      ] GC(80) Phase 1: Mark live objects 0.717ms
[2026-06-17T09:55:54.923+0800][3.552s][info][gc,phases,start] GC(80) Phase 2: Compute new object addresses
[2026-06-17T09:55:54.924+0800][3.553s][info][gc,phases      ] GC(80) Phase 2: Compute new object addresses 0.483ms
[2026-06-17T09:55:54.924+0800][3.553s][info][gc,phases,start] GC(80) Phase 3: Adjust pointers
[2026-06-17T09:55:54.925+0800][3.554s][info][gc,phases      ] GC(80) Phase 3: Adjust pointers 0.989ms
[2026-06-17T09:55:54.925+0800][3.554s][info][gc,phases,start] GC(80) Phase 4: Move objects
[2026-06-17T09:55:54.927+0800][3.557s][info][gc,phases      ] GC(80) Phase 4: Move objects 2.115ms
[2026-06-17T09:55:54.930+0800][3.559s][info][gc,heap        ] GC(80) DefNew: 19644K(19648K)->0K(19648K) Eden: 17472K(17472K)->0K(17472K) From: 2172K(2176K)->0K(2176K)
[2026-06-17T09:55:54.931+0800][3.560s][info][gc,heap        ] GC(80) Tenured: 39524K(43712K)->25669K(43712K)
[2026-06-17T09:55:54.931+0800][3.561s][info][gc,metaspace   ] GC(80) Metaspace: 147K(384K)->147K(384K) NonClass: 143K(256K)->143K(256K) Class: 4K(128K)->4K(128K)
[2026-06-17T09:55:54.934+0800][3.563s][info][gc             ] GC(80) Pause Full (Allocation Failure) 57M->25M(61M) 12.097ms
[2026-06-17T09:55:54.936+0800][3.565s][info][gc,cpu         ] GC(80) User=0.01s Sys=0.00s Real=0.02s
[2026-06-17T09:55:54.980+0800][3.609s][info][gc,start       ] GC(81) Pause Young (Allocation Failure)
[2026-06-17T09:55:54.982+0800][3.611s][info][gc,heap        ] GC(81) DefNew: 17450K(19648K)->2172K(19648K) Eden: 17450K(17472K)->0K(17472K) From: 0K(2176K)->2172K(2176K)
[2026-06-17T09:55:54.982+0800][3.611s][info][gc,heap        ] GC(81) Tenured: 25669K(43712K)->30360K(43712K)
[2026-06-17T09:55:54.982+0800][3.611s][info][gc,metaspace   ] GC(81) Metaspace: 147K(384K)->147K(384K) NonClass: 143K(256K)->143K(256K) Class: 4K(128K)->4K(128K)
[2026-06-17T09:55:54.983+0800][3.612s][info][gc             ] GC(81) Pause Young (Allocation Failure) 42M->31M(61M) 2.406ms
[2026-06-17T09:55:54.983+0800][3.612s][info][gc,cpu         ] GC(81) User=0.00s Sys=0.00s Real=0.01s
[2026-06-17T09:55:55.025+0800][3.655s][info][gc,start       ] GC(82) Pause Young (Allocation Failure)
[2026-06-17T09:55:55.027+0800][3.656s][info][gc,heap        ] GC(82) DefNew: 19644K(19648K)->2170K(19648K) Eden: 17472K(17472K)->0K(17472K) From: 2172K(2176K)->2170K(2176K)
[2026-06-17T09:55:55.028+0800][3.657s][info][gc,heap        ] GC(82) Tenured: 30360K(43712K)->34597K(43712K)
[2026-06-17T09:55:55.028+0800][3.658s][info][gc,metaspace   ] GC(82) Metaspace: 147K(384K)->147K(384K) NonClass: 143K(256K)->143K(256K) Class: 4K(128K)->4K(128K)
[2026-06-17T09:55:55.029+0800][3.658s][info][gc             ] GC(82) Pause Young (Allocation Failure) 48M->35M(61M) 3.313ms
[2026-06-17T09:55:55.029+0800][3.658s][info][gc,cpu         ] GC(82) User=0.00s Sys=0.00s Real=0.00s
[2026-06-17T09:55:55.072+0800][3.701s][info][gc,start       ] GC(83) Pause Young (Allocation Failure)
[2026-06-17T09:55:55.073+0800][3.702s][info][gc,heap        ] GC(83) DefNew: 19506K(19648K)->1988K(19648K) Eden: 17336K(17472K)->0K(17472K) From: 2170K(2176K)->1988K(2176K)
[2026-06-17T09:55:55.073+0800][3.703s][info][gc,heap        ] GC(83) Tenured: 34597K(43712K)->36063K(43712K)
[2026-06-17T09:55:55.074+0800][3.703s][info][gc,metaspace   ] GC(83) Metaspace: 147K(384K)->147K(384K) NonClass: 143K(256K)->143K(256K) Class: 4K(128K)->4K(128K)
[2026-06-17T09:55:55.074+0800][3.703s][info][gc             ] GC(83) Pause Young (Allocation Failure) 52M->37M(61M) 2.352ms
[2026-06-17T09:55:55.075+0800][3.704s][info][gc,cpu         ] GC(83) User=0.00s Sys=0.00s Real=0.00s
[2026-06-17T09:55:55.118+0800][3.747s][info][gc,start       ] GC(84) Pause Young (Allocation Failure)
[2026-06-17T09:55:55.120+0800][3.749s][info][gc,heap        ] GC(84) DefNew: 19456K(19648K)->2173K(19648K) Eden: 17467K(17472K)->0K(17472K) From: 1988K(2176K)->2173K(2176K)
[2026-06-17T09:55:55.120+0800][3.749s][info][gc,heap        ] GC(84) Tenured: 36063K(43712K)->42603K(43712K)
[2026-06-17T09:55:55.120+0800][3.750s][info][gc,metaspace   ] GC(84) Metaspace: 147K(384K)->147K(384K) NonClass: 143K(256K)->143K(256K) Class: 4K(128K)->4K(128K)
[2026-06-17T09:55:55.121+0800][3.750s][info][gc             ] GC(84) Pause Young (Allocation Failure) 54M->43M(61M) 2.984ms
[2026-06-17T09:55:55.121+0800][3.750s][info][gc,cpu         ] GC(84) User=0.00s Sys=0.00s Real=0.00s
[2026-06-17T09:55:55.174+0800][3.803s][info][gc,start       ] GC(85) Pause Young (Allocation Failure)
[2026-06-17T09:55:55.174+0800][3.803s][info][gc             ] GC(85) Pause Young (Allocation Failure) 60M->60M(61M) 0.469ms
[2026-06-17T09:55:55.174+0800][3.804s][info][gc,cpu         ] GC(85) User=0.00s Sys=0.00s Real=0.00s
[2026-06-17T09:55:55.175+0800][3.804s][info][gc,start       ] GC(86) Pause Full (Allocation Failure)
[2026-06-17T09:55:55.175+0800][3.804s][info][gc,phases,start] GC(86) Phase 1: Mark live objects
[2026-06-17T09:55:55.175+0800][3.805s][info][gc,phases      ] GC(86) Phase 1: Mark live objects 0.602ms
[2026-06-17T09:55:55.176+0800][3.805s][info][gc,phases,start] GC(86) Phase 2: Compute new object addresses
[2026-06-17T09:55:55.176+0800][3.805s][info][gc,phases      ] GC(86) Phase 2: Compute new object addresses 0.510ms
[2026-06-17T09:55:55.177+0800][3.806s][info][gc,phases,start] GC(86) Phase 3: Adjust pointers
[2026-06-17T09:55:55.177+0800][3.806s][info][gc,phases      ] GC(86) Phase 3: Adjust pointers 0.459ms
[2026-06-17T09:55:55.177+0800][3.806s][info][gc,phases,start] GC(86) Phase 4: Move objects
[2026-06-17T09:55:55.179+0800][3.808s][info][gc,phases      ] GC(86) Phase 4: Move objects 1.616ms
[2026-06-17T09:55:55.179+0800][3.808s][info][gc,heap        ] GC(86) DefNew: 19645K(19648K)->0K(19648K) Eden: 17472K(17472K)->0K(17472K) From: 2173K(2176K)->0K(2176K)
[2026-06-17T09:55:55.179+0800][3.808s][info][gc,heap        ] GC(86) Tenured: 42603K(43712K)->22371K(43712K)
[2026-06-17T09:55:55.180+0800][3.809s][info][gc,metaspace   ] GC(86) Metaspace: 147K(384K)->147K(384K) NonClass: 143K(256K)->143K(256K) Class: 4K(128K)->4K(128K)
[2026-06-17T09:55:55.180+0800][3.809s][info][gc             ] GC(86) Pause Full (Allocation Failure) 60M->21M(61M) 5.026ms
[2026-06-17T09:55:55.180+0800][3.809s][info][gc,cpu         ] GC(86) User=0.00s Sys=0.00s Real=0.00s
[2026-06-17T09:55:55.222+0800][3.851s][info][gc,start       ] GC(87) Pause Young (Allocation Failure)
[2026-06-17T09:55:55.225+0800][3.854s][info][gc,heap        ] GC(87) DefNew: 17472K(19648K)->2145K(19648K) Eden: 17472K(17472K)->0K(17472K) From: 0K(2176K)->2145K(2176K)
[2026-06-17T09:55:55.226+0800][3.855s][info][gc,heap        ] GC(87) Tenured: 22371K(43712K)->27294K(43712K)
[2026-06-17T09:55:55.228+0800][3.857s][info][gc,metaspace   ] GC(87) Metaspace: 147K(384K)->147K(384K) NonClass: 143K(256K)->143K(256K) Class: 4K(128K)->4K(128K)
[2026-06-17T09:55:55.229+0800][3.858s][info][gc             ] GC(87) Pause Young (Allocation Failure) 38M->28M(61M) 6.678ms
[2026-06-17T09:55:55.230+0800][3.859s][info][gc,cpu         ] GC(87) User=0.00s Sys=0.00s Real=0.01s
[2026-06-17T09:55:55.273+0800][3.902s][info][gc,start       ] GC(88) Pause Young (Allocation Failure)
[2026-06-17T09:55:55.274+0800][3.903s][info][gc,heap        ] GC(88) DefNew: 19617K(19648K)->2082K(19648K) Eden: 17472K(17472K)->0K(17472K) From: 2145K(2176K)->2082K(2176K)
[2026-06-17T09:55:55.274+0800][3.903s][info][gc,heap        ] GC(88) Tenured: 27294K(43712K)->30693K(43712K)
[2026-06-17T09:55:55.274+0800][3.903s][info][gc,metaspace   ] GC(88) Metaspace: 147K(384K)->147K(384K) NonClass: 143K(256K)->143K(256K) Class: 4K(128K)->4K(128K)
[2026-06-17T09:55:55.274+0800][3.903s][info][gc             ] GC(88) Pause Young (Allocation Failure) 45M->32M(61M) 1.560ms
[2026-06-17T09:55:55.275+0800][3.904s][info][gc,cpu         ] GC(88) User=0.00s Sys=0.00s Real=0.00s
[2026-06-17T09:55:55.317+0800][3.946s][info][gc,start       ] GC(89) Pause Young (Allocation Failure)
[2026-06-17T09:55:55.318+0800][3.947s][info][gc,heap        ] GC(89) DefNew: 19554K(19648K)->2172K(19648K) Eden: 17472K(17472K)->0K(17472K) From: 2082K(2176K)->2172K(2176K)
[2026-06-17T09:55:55.318+0800][3.948s][info][gc,heap        ] GC(89) Tenured: 30693K(43712K)->34306K(43712K)
[2026-06-17T09:55:55.319+0800][3.948s][info][gc,metaspace   ] GC(89) Metaspace: 147K(384K)->147K(384K) NonClass: 143K(256K)->143K(256K) Class: 4K(128K)->4K(128K)
[2026-06-17T09:55:55.319+0800][3.948s][info][gc             ] GC(89) Pause Young (Allocation Failure) 49M->35M(61M) 1.845ms
[2026-06-17T09:55:55.319+0800][3.948s][info][gc,cpu         ] GC(89) User=0.00s Sys=0.00s Real=0.00s
[2026-06-17T09:55:55.361+0800][3.990s][info][gc,start       ] GC(90) Pause Young (Allocation Failure)
[2026-06-17T09:55:55.362+0800][3.992s][info][gc,heap        ] GC(90) DefNew: 19620K(19648K)->2168K(19648K) Eden: 17447K(17472K)->0K(17472K) From: 2172K(2176K)->2168K(2176K)
[2026-06-17T09:55:55.363+0800][3.992s][info][gc,heap        ] GC(90) Tenured: 34306K(43712K)->38791K(43712K)
[2026-06-17T09:55:55.363+0800][3.992s][info][gc,metaspace   ] GC(90) Metaspace: 147K(384K)->147K(384K) NonClass: 143K(256K)->143K(256K) Class: 4K(128K)->4K(128K)
[2026-06-17T09:55:55.363+0800][3.992s][info][gc             ] GC(90) Pause Young (Allocation Failure) 52M->40M(61M) 1.751ms
[2026-06-17T09:55:55.363+0800][3.992s][info][gc,cpu         ] GC(90) User=0.00s Sys=0.00s Real=0.01s
[2026-06-17T09:55:55.416+0800][4.045s][info][gc,start       ] GC(91) Pause Young (Allocation Failure)
[2026-06-17T09:55:55.416+0800][4.045s][info][gc             ] GC(91) Pause Young (Allocation Failure) 57M->57M(61M) 0.415ms
[2026-06-17T09:55:55.417+0800][4.046s][info][gc,cpu         ] GC(91) User=0.01s Sys=0.00s Real=0.00s
[2026-06-17T09:55:55.417+0800][4.046s][info][gc,start       ] GC(92) Pause Full (Allocation Failure)
[2026-06-17T09:55:55.417+0800][4.046s][info][gc,phases,start] GC(92) Phase 1: Mark live objects
[2026-06-17T09:55:55.418+0800][4.047s][info][gc,phases      ] GC(92) Phase 1: Mark live objects 0.663ms
[2026-06-17T09:55:55.418+0800][4.047s][info][gc,phases,start] GC(92) Phase 2: Compute new object addresses
[2026-06-17T09:55:55.419+0800][4.048s][info][gc,phases      ] GC(92) Phase 2: Compute new object addresses 0.453ms
[2026-06-17T09:55:55.419+0800][4.048s][info][gc,phases,start] GC(92) Phase 3: Adjust pointers
[2026-06-17T09:55:55.419+0800][4.048s][info][gc,phases      ] GC(92) Phase 3: Adjust pointers 0.417ms
[2026-06-17T09:55:55.419+0800][4.049s][info][gc,phases,start] GC(92) Phase 4: Move objects
[2026-06-17T09:55:55.421+0800][4.051s][info][gc,phases      ] GC(92) Phase 4: Move objects 1.947ms
[2026-06-17T09:55:55.422+0800][4.051s][info][gc,heap        ] GC(92) DefNew: 19634K(19648K)->0K(19648K) Eden: 17465K(17472K)->0K(17472K) From: 2168K(2176K)->0K(2176K)
[2026-06-17T09:55:55.422+0800][4.051s][info][gc,heap        ] GC(92) Tenured: 38791K(43712K)->27353K(43712K)
[2026-06-17T09:55:55.422+0800][4.051s][info][gc,metaspace   ] GC(92) Metaspace: 147K(384K)->147K(384K) NonClass: 143K(256K)->143K(256K) Class: 4K(128K)->4K(128K)
[2026-06-17T09:55:55.422+0800][4.051s][info][gc             ] GC(92) Pause Full (Allocation Failure) 57M->26M(61M) 5.430ms
[2026-06-17T09:55:55.422+0800][4.052s][info][gc,cpu         ] GC(92) User=0.00s Sys=0.00s Real=0.01s
[2026-06-17T09:55:55.465+0800][4.094s][info][gc,start       ] GC(93) Pause Young (Allocation Failure)
[2026-06-17T09:55:55.467+0800][4.096s][info][gc,heap        ] GC(93) DefNew: 17443K(19648K)->2169K(19648K) Eden: 17443K(17472K)->0K(17472K) From: 0K(2176K)->2169K(2176K)
[2026-06-17T09:55:55.467+0800][4.096s][info][gc,heap        ] GC(93) Tenured: 27353K(43712K)->32520K(43712K)
[2026-06-17T09:55:55.468+0800][4.097s][info][gc,metaspace   ] GC(93) Metaspace: 147K(384K)->147K(384K) NonClass: 143K(256K)->143K(256K) Class: 4K(128K)->4K(128K)
[2026-06-17T09:55:55.468+0800][4.097s][info][gc             ] GC(93) Pause Young (Allocation Failure) 43M->33M(61M) 2.755ms
[2026-06-17T09:55:55.468+0800][4.097s][info][gc,cpu         ] GC(93) User=0.00s Sys=0.00s Real=0.00s
[2026-06-17T09:55:55.511+0800][4.140s][info][gc,start       ] GC(94) Pause Young (Allocation Failure)
[2026-06-17T09:55:55.512+0800][4.141s][info][gc,heap        ] GC(94) DefNew: 19634K(19648K)->2108K(19648K) Eden: 17464K(17472K)->0K(17472K) From: 2169K(2176K)->2108K(2176K)
[2026-06-17T09:55:55.513+0800][4.142s][info][gc,heap        ] GC(94) Tenured: 32520K(43712K)->35912K(43712K)
[2026-06-17T09:55:55.513+0800][4.142s][info][gc,metaspace   ] GC(94) Metaspace: 147K(384K)->147K(384K) NonClass: 143K(256K)->143K(256K) Class: 4K(128K)->4K(128K)
[2026-06-17T09:55:55.513+0800][4.143s][info][gc             ] GC(94) Pause Young (Allocation Failure) 50M->37M(61M) 2.762ms
[2026-06-17T09:55:55.514+0800][4.143s][info][gc,cpu         ] GC(94) User=0.00s Sys=0.00s Real=0.00s
[2026-06-17T09:55:55.557+0800][4.186s][info][gc,start       ] GC(95) Pause Young (Allocation Failure)
[2026-06-17T09:55:55.558+0800][4.187s][info][gc,heap        ] GC(95) DefNew: 19513K(19648K)->2120K(19648K) Eden: 17405K(17472K)->0K(17472K) From: 2108K(2176K)->2120K(2176K)
[2026-06-17T09:55:55.558+0800][4.187s][info][gc,heap        ] GC(95) Tenured: 35912K(43712K)->36429K(43712K)
[2026-06-17T09:55:55.559+0800][4.188s][info][gc,metaspace   ] GC(95) Metaspace: 147K(384K)->147K(384K) NonClass: 143K(256K)->143K(256K) Class: 4K(128K)->4K(128K)
[2026-06-17T09:55:55.559+0800][4.188s][info][gc             ] GC(95) Pause Young (Allocation Failure) 54M->37M(61M) 2.220ms
[2026-06-17T09:55:55.559+0800][4.188s][info][gc,cpu         ] GC(95) User=0.00s Sys=0.00s Real=0.00s
[2026-06-17T09:55:55.612+0800][4.241s][info][gc,start       ] GC(96) Pause Young (Allocation Failure)
[2026-06-17T09:55:55.616+0800][4.245s][info][gc,heap        ] GC(96) DefNew: 19580K(19648K)->2119K(19648K) Eden: 17459K(17472K)->0K(17472K) From: 2120K(2176K)->2119K(2176K)
[2026-06-17T09:55:55.617+0800][4.246s][info][gc,heap        ] GC(96) Tenured: 36429K(43712K)->40753K(43712K)
[2026-06-17T09:55:55.617+0800][4.246s][info][gc,metaspace   ] GC(96) Metaspace: 147K(384K)->147K(384K) NonClass: 143K(256K)->143K(256K) Class: 4K(128K)->4K(128K)
[2026-06-17T09:55:55.619+0800][4.248s][info][gc             ] GC(96) Pause Young (Allocation Failure) 54M->41M(61M) 6.254ms
[2026-06-17T09:55:55.620+0800][4.250s][info][gc,cpu         ] GC(96) User=0.00s Sys=0.00s Real=0.00s
[2026-06-17T09:55:55.665+0800][4.294s][info][gc,start       ] GC(97) Pause Young (Allocation Failure)
[2026-06-17T09:55:55.665+0800][4.295s][info][gc             ] GC(97) Pause Young (Allocation Failure) 58M->58M(61M) 0.481ms
[2026-06-17T09:55:55.666+0800][4.295s][info][gc,cpu         ] GC(97) User=0.00s Sys=0.00s Real=0.00s
[2026-06-17T09:55:55.666+0800][4.295s][info][gc,start       ] GC(98) Pause Full (Allocation Failure)
[2026-06-17T09:55:55.667+0800][4.296s][info][gc,phases,start] GC(98) Phase 1: Mark live objects
[2026-06-17T09:55:55.667+0800][4.297s][info][gc,phases      ] GC(98) Phase 1: Mark live objects 0.788ms
[2026-06-17T09:55:55.668+0800][4.297s][info][gc,phases,start] GC(98) Phase 2: Compute new object addresses
[2026-06-17T09:55:55.668+0800][4.298s][info][gc,phases      ] GC(98) Phase 2: Compute new object addresses 0.646ms
[2026-06-17T09:55:55.669+0800][4.298s][info][gc,phases,start] GC(98) Phase 3: Adjust pointers
[2026-06-17T09:55:55.669+0800][4.299s][info][gc,phases      ] GC(98) Phase 3: Adjust pointers 0.619ms
[2026-06-17T09:55:55.670+0800][4.299s][info][gc,phases,start] GC(98) Phase 4: Move objects
[2026-06-17T09:55:55.673+0800][4.302s][info][gc,phases      ] GC(98) Phase 4: Move objects 2.879ms
[2026-06-17T09:55:55.673+0800][4.302s][info][gc,heap        ] GC(98) DefNew: 19591K(19648K)->0K(19648K) Eden: 17472K(17472K)->0K(17472K) From: 2119K(2176K)->0K(2176K)
[2026-06-17T09:55:55.673+0800][4.302s][info][gc,heap        ] GC(98) Tenured: 40753K(43712K)->27624K(43712K)
[2026-06-17T09:55:55.673+0800][4.303s][info][gc,metaspace   ] GC(98) Metaspace: 147K(384K)->147K(384K) NonClass: 143K(256K)->143K(256K) Class: 4K(128K)->4K(128K)
[2026-06-17T09:55:55.674+0800][4.303s][info][gc             ] GC(98) Pause Full (Allocation Failure) 58M->26M(61M) 7.467ms
[2026-06-17T09:55:55.674+0800][4.303s][info][gc,cpu         ] GC(98) User=0.01s Sys=0.00s Real=0.01s
[2026-06-17T09:55:55.716+0800][4.346s][info][gc,start       ] GC(99) Pause Young (Allocation Failure)
[2026-06-17T09:55:55.718+0800][4.347s][info][gc,heap        ] GC(99) DefNew: 17443K(19648K)->2172K(19648K) Eden: 17443K(17472K)->0K(17472K) From: 0K(2176K)->2172K(2176K)
[2026-06-17T09:55:55.719+0800][4.348s][info][gc,heap        ] GC(99) Tenured: 27624K(43712K)->32775K(43712K)
[2026-06-17T09:55:55.719+0800][4.348s][info][gc,metaspace   ] GC(99) Metaspace: 147K(384K)->147K(384K) NonClass: 143K(256K)->143K(256K) Class: 4K(128K)->4K(128K)
[2026-06-17T09:55:55.719+0800][4.348s][info][gc             ] GC(99) Pause Young (Allocation Failure) 44M->34M(61M) 2.721ms
[2026-06-17T09:55:55.719+0800][4.349s][info][gc,cpu         ] GC(99) User=0.00s Sys=0.00s Real=0.00s
[2026-06-17T09:55:55.763+0800][4.392s][info][gc,start       ] GC(100) Pause Young (Allocation Failure)
[2026-06-17T09:55:55.764+0800][4.393s][info][gc,heap        ] GC(100) DefNew: 19644K(19648K)->2175K(19648K) Eden: 17472K(17472K)->0K(17472K) From: 2172K(2176K)->2175K(2176K)
[2026-06-17T09:55:55.765+0800][4.394s][info][gc,heap        ] GC(100) Tenured: 32775K(43712K)->37850K(43712K)
[2026-06-17T09:55:55.765+0800][4.394s][info][gc,metaspace   ] GC(100) Metaspace: 147K(384K)->147K(384K) NonClass: 143K(256K)->143K(256K) Class: 4K(128K)->4K(128K)
[2026-06-17T09:55:55.765+0800][4.394s][info][gc             ] GC(100) Pause Young (Allocation Failure) 51M->39M(61M) 2.429ms
[2026-06-17T09:55:55.765+0800][4.395s][info][gc,cpu         ] GC(100) User=0.00s Sys=0.00s Real=0.00s
[2026-06-17T09:55:55.808+0800][4.437s][info][gc,start       ] GC(101) Pause Young (Allocation Failure)
[2026-06-17T09:55:55.809+0800][4.438s][info][gc             ] GC(101) Pause Young (Allocation Failure) 56M->56M(61M) 0.556ms
[2026-06-17T09:55:55.809+0800][4.438s][info][gc,cpu         ] GC(101) User=0.00s Sys=0.00s Real=0.00s
[2026-06-17T09:55:55.810+0800][4.439s][info][gc,start       ] GC(102) Pause Full (Allocation Failure)
[2026-06-17T09:55:55.811+0800][4.440s][info][gc,phases,start] GC(102) Phase 1: Mark live objects
[2026-06-17T09:55:55.811+0800][4.441s][info][gc,phases      ] GC(102) Phase 1: Mark live objects 0.767ms
[2026-06-17T09:55:55.812+0800][4.441s][info][gc,phases,start] GC(102) Phase 2: Compute new object addresses
[2026-06-17T09:55:55.812+0800][4.441s][info][gc,phases      ] GC(102) Phase 2: Compute new object addresses 0.529ms
[2026-06-17T09:55:55.813+0800][4.442s][info][gc,phases,start] GC(102) Phase 3: Adjust pointers
[2026-06-17T09:55:55.813+0800][4.443s][info][gc,phases      ] GC(102) Phase 3: Adjust pointers 0.780ms
[2026-06-17T09:55:55.814+0800][4.443s][info][gc,phases,start] GC(102) Phase 4: Move objects
[2026-06-17T09:55:55.816+0800][4.445s][info][gc,phases      ] GC(102) Phase 4: Move objects 2.454ms
[2026-06-17T09:55:55.817+0800][4.446s][info][gc,heap        ] GC(102) DefNew: 19591K(19648K)->0K(19648K) Eden: 17415K(17472K)->0K(17472K) From: 2175K(2176K)->0K(2176K)
[2026-06-17T09:55:55.817+0800][4.446s][info][gc,heap        ] GC(102) Tenured: 37850K(43712K)->24797K(43712K)
[2026-06-17T09:55:55.817+0800][4.446s][info][gc,metaspace   ] GC(102) Metaspace: 147K(384K)->147K(384K) NonClass: 143K(256K)->143K(256K) Class: 4K(128K)->4K(128K)
[2026-06-17T09:55:55.818+0800][4.447s][info][gc             ] GC(102) Pause Full (Allocation Failure) 56M->24M(61M) 7.363ms
[2026-06-17T09:55:55.818+0800][4.447s][info][gc,cpu         ] GC(102) User=0.00s Sys=0.00s Real=0.01s
[2026-06-17T09:55:55.871+0800][4.500s][info][gc,start       ] GC(103) Pause Young (Allocation Failure)
[2026-06-17T09:55:55.872+0800][4.501s][info][gc,heap        ] GC(103) DefNew: 17437K(19648K)->2086K(19648K) Eden: 17437K(17472K)->0K(17472K) From: 0K(2176K)->2086K(2176K)
[2026-06-17T09:55:55.872+0800][4.501s][info][gc,heap        ] GC(103) Tenured: 24797K(43712K)->26385K(43712K)
[2026-06-17T09:55:55.872+0800][4.502s][info][gc,metaspace   ] GC(103) Metaspace: 147K(384K)->147K(384K) NonClass: 143K(256K)->143K(256K) Class: 4K(128K)->4K(128K)
[2026-06-17T09:55:55.873+0800][4.502s][info][gc             ] GC(103) Pause Young (Allocation Failure) 41M->27M(61M) 2.386ms
[2026-06-17T09:55:55.873+0800][4.502s][info][gc,cpu         ] GC(103) User=0.00s Sys=0.00s Real=0.00s
[2026-06-17T09:55:55.916+0800][4.545s][info][gc,start       ] GC(104) Pause Young (Allocation Failure)
[2026-06-17T09:55:55.917+0800][4.547s][info][gc,heap        ] GC(104) DefNew: 19544K(19648K)->2135K(19648K) Eden: 17457K(17472K)->0K(17472K) From: 2086K(2176K)->2135K(2176K)
[2026-06-17T09:55:55.918+0800][4.547s][info][gc,heap        ] GC(104) Tenured: 26385K(43712K)->30003K(43712K)
[2026-06-17T09:55:55.918+0800][4.548s][info][gc,metaspace   ] GC(104) Metaspace: 147K(384K)->147K(384K) NonClass: 143K(256K)->143K(256K) Class: 4K(128K)->4K(128K)
[2026-06-17T09:55:55.919+0800][4.548s][info][gc             ] GC(104) Pause Young (Allocation Failure) 44M->31M(61M) 2.929ms
[2026-06-17T09:55:55.920+0800][4.549s][info][gc,cpu         ] GC(104) User=0.00s Sys=0.00s Real=0.00s
[2026-06-17T09:55:55.962+0800][4.592s][info][gc,start       ] GC(105) Pause Young (Allocation Failure)
[2026-06-17T09:55:55.964+0800][4.593s][info][gc,heap        ] GC(105) DefNew: 19577K(19648K)->2163K(19648K) Eden: 17442K(17472K)->0K(17472K) From: 2135K(2176K)->2163K(2176K)
[2026-06-17T09:55:55.964+0800][4.593s][info][gc,heap        ] GC(105) Tenured: 30003K(43712K)->33573K(43712K)
[2026-06-17T09:55:55.965+0800][4.594s][info][gc,metaspace   ] GC(105) Metaspace: 147K(384K)->147K(384K) NonClass: 143K(256K)->143K(256K) Class: 4K(128K)->4K(128K)
[2026-06-17T09:55:55.965+0800][4.594s][info][gc             ] GC(105) Pause Young (Allocation Failure) 48M->34M(61M) 2.405ms
[2026-06-17T09:55:55.965+0800][4.594s][info][gc,cpu         ] GC(105) User=0.00s Sys=0.00s Real=0.01s
[2026-06-17T09:55:56.008+0800][4.637s][info][gc,start       ] GC(106) Pause Young (Allocation Failure)
[2026-06-17T09:55:56.009+0800][4.638s][info][gc,heap        ] GC(106) DefNew: 18970K(19648K)->1746K(19648K) Eden: 16807K(17472K)->0K(17472K) From: 2163K(2176K)->1746K(2176K)
[2026-06-17T09:55:56.009+0800][4.638s][info][gc,heap        ] GC(106) Tenured: 33573K(43712K)->33674K(43712K)
[2026-06-17T09:55:56.010+0800][4.639s][info][gc,metaspace   ] GC(106) Metaspace: 147K(384K)->147K(384K) NonClass: 143K(256K)->143K(256K) Class: 4K(128K)->4K(128K)
[2026-06-17T09:55:56.011+0800][4.640s][info][gc             ] GC(106) Pause Young (Allocation Failure) 51M->34M(61M) 2.682ms
[2026-06-17T09:55:56.011+0800][4.640s][info][gc,cpu         ] GC(106) User=0.00s Sys=0.00s Real=0.01s
[2026-06-17T09:55:56.054+0800][4.683s][info][gc,start       ] GC(107) Pause Young (Allocation Failure)
[2026-06-17T09:55:56.055+0800][4.684s][info][gc,heap        ] GC(107) DefNew: 19112K(19648K)->2143K(19648K) Eden: 17365K(17472K)->0K(17472K) From: 1746K(2176K)->2143K(2176K)
[2026-06-17T09:55:56.056+0800][4.685s][info][gc,heap        ] GC(107) Tenured: 33674K(43712K)->36159K(43712K)
[2026-06-17T09:55:56.056+0800][4.685s][info][gc,metaspace   ] GC(107) Metaspace: 147K(384K)->147K(384K) NonClass: 143K(256K)->143K(256K) Class: 4K(128K)->4K(128K)
[2026-06-17T09:55:56.056+0800][4.685s][info][gc             ] GC(107) Pause Young (Allocation Failure) 51M->37M(61M) 2.394ms
[2026-06-17T09:55:56.056+0800][4.686s][info][gc,cpu         ] GC(107) User=0.01s Sys=0.00s Real=0.00s
[2026-06-17T09:55:56.110+0800][4.739s][info][gc,start       ] GC(108) Pause Young (Allocation Failure)
[2026-06-17T09:55:56.111+0800][4.741s][info][gc,heap        ] GC(108) DefNew: 19590K(19648K)->2163K(19648K) Eden: 17447K(17472K)->0K(17472K) From: 2143K(2176K)->2163K(2176K)
[2026-06-17T09:55:56.112+0800][4.741s][info][gc,heap        ] GC(108) Tenured: 36159K(43712K)->40228K(43712K)
[2026-06-17T09:55:56.112+0800][4.742s][info][gc,metaspace   ] GC(108) Metaspace: 147K(384K)->147K(384K) NonClass: 143K(256K)->143K(256K) Class: 4K(128K)->4K(128K)
[2026-06-17T09:55:56.113+0800][4.742s][info][gc             ] GC(108) Pause Young (Allocation Failure) 54M->41M(61M) 3.034ms
[2026-06-17T09:55:56.113+0800][4.742s][info][gc,cpu         ] GC(108) User=0.00s Sys=0.00s Real=0.01s
[2026-06-17T09:55:56.156+0800][4.786s][info][gc,start       ] GC(109) Pause Young (Allocation Failure)
[2026-06-17T09:55:56.157+0800][4.786s][info][gc             ] GC(109) Pause Young (Allocation Failure) 58M->58M(61M) 0.505ms
[2026-06-17T09:55:56.157+0800][4.787s][info][gc,cpu         ] GC(109) User=0.00s Sys=0.00s Real=0.00s
[2026-06-17T09:55:56.158+0800][4.787s][info][gc,start       ] GC(110) Pause Full (Allocation Failure)
[2026-06-17T09:55:56.158+0800][4.787s][info][gc,phases,start] GC(110) Phase 1: Mark live objects
[2026-06-17T09:55:56.159+0800][4.788s][info][gc,phases      ] GC(110) Phase 1: Mark live objects 0.789ms
[2026-06-17T09:55:56.160+0800][4.789s][info][gc,phases,start] GC(110) Phase 2: Compute new object addresses
[2026-06-17T09:55:56.160+0800][4.789s][info][gc,phases      ] GC(110) Phase 2: Compute new object addresses 0.571ms
[2026-06-17T09:55:56.161+0800][4.790s][info][gc,phases,start] GC(110) Phase 3: Adjust pointers
[2026-06-17T09:55:56.162+0800][4.791s][info][gc,phases      ] GC(110) Phase 3: Adjust pointers 0.905ms
[2026-06-17T09:55:56.162+0800][4.791s][info][gc,phases,start] GC(110) Phase 4: Move objects
[2026-06-17T09:55:56.164+0800][4.793s][info][gc,phases      ] GC(110) Phase 4: Move objects 2.381ms
[2026-06-17T09:55:56.165+0800][4.794s][info][gc,heap        ] GC(110) DefNew: 19635K(19648K)->0K(19648K) Eden: 17472K(17472K)->0K(17472K) From: 2163K(2176K)->0K(2176K)
[2026-06-17T09:55:56.165+0800][4.794s][info][gc,heap        ] GC(110) Tenured: 40228K(43712K)->28720K(43712K)
[2026-06-17T09:55:56.165+0800][4.794s][info][gc,metaspace   ] GC(110) Metaspace: 147K(384K)->147K(384K) NonClass: 143K(256K)->143K(256K) Class: 4K(128K)->4K(128K)
[2026-06-17T09:55:56.165+0800][4.794s][info][gc             ] GC(110) Pause Full (Allocation Failure) 58M->28M(61M) 7.212ms
[2026-06-17T09:55:56.165+0800][4.794s][info][gc,cpu         ] GC(110) User=0.01s Sys=0.00s Real=0.01s
[2026-06-17T09:55:56.208+0800][4.837s][info][gc,start       ] GC(111) Pause Young (Allocation Failure)
[2026-06-17T09:55:56.210+0800][4.839s][info][gc,heap        ] GC(111) DefNew: 17471K(19648K)->2173K(19648K) Eden: 17471K(17472K)->0K(17472K) From: 0K(2176K)->2173K(2176K)
[2026-06-17T09:55:56.210+0800][4.839s][info][gc,heap        ] GC(111) Tenured: 28720K(43712K)->33459K(43712K)
[2026-06-17T09:55:56.211+0800][4.840s][info][gc,metaspace   ] GC(111) Metaspace: 147K(384K)->147K(384K) NonClass: 143K(256K)->143K(256K) Class: 4K(128K)->4K(128K)
[2026-06-17T09:55:56.211+0800][4.840s][info][gc             ] GC(111) Pause Young (Allocation Failure) 45M->34M(61M) 2.953ms
[2026-06-17T09:55:56.211+0800][4.840s][info][gc,cpu         ] GC(111) User=0.00s Sys=0.00s Real=0.01s
[2026-06-17T09:55:56.255+0800][4.884s][info][gc,start       ] GC(112) Pause Young (Allocation Failure)
[2026-06-17T09:55:56.256+0800][4.885s][info][gc,heap        ] GC(112) DefNew: 19644K(19648K)->2175K(19648K) Eden: 17471K(17472K)->0K(17472K) From: 2173K(2176K)->2175K(2176K)
[2026-06-17T09:55:56.257+0800][4.886s][info][gc,heap        ] GC(112) Tenured: 33459K(43712K)->38257K(43712K)
[2026-06-17T09:55:56.257+0800][4.886s][info][gc,metaspace   ] GC(112) Metaspace: 147K(384K)->147K(384K) NonClass: 143K(256K)->143K(256K) Class: 4K(128K)->4K(128K)
[2026-06-17T09:55:56.257+0800][4.887s][info][gc             ] GC(112) Pause Young (Allocation Failure) 51M->39M(61M) 2.840ms
[2026-06-17T09:55:56.258+0800][4.887s][info][gc,cpu         ] GC(112) User=0.00s Sys=0.00s Real=0.00s
[2026-06-17T09:55:56.301+0800][4.930s][info][gc,start       ] GC(113) Pause Young (Allocation Failure)
[2026-06-17T09:55:56.301+0800][4.930s][info][gc             ] GC(113) Pause Young (Allocation Failure) 56M->56M(61M) 0.511ms
[2026-06-17T09:55:56.301+0800][4.931s][info][gc,cpu         ] GC(113) User=0.00s Sys=0.00s Real=0.00s
[2026-06-17T09:55:56.302+0800][4.931s][info][gc,start       ] GC(114) Pause Full (Allocation Failure)
[2026-06-17T09:55:56.302+0800][4.931s][info][gc,phases,start] GC(114) Phase 1: Mark live objects
[2026-06-17T09:55:56.302+0800][4.931s][info][gc,phases      ] GC(114) Phase 1: Mark live objects 0.451ms
[2026-06-17T09:55:56.302+0800][4.932s][info][gc,phases,start] GC(114) Phase 2: Compute new object addresses
[2026-06-17T09:55:56.303+0800][4.932s][info][gc,phases      ] GC(114) Phase 2: Compute new object addresses 0.327ms
[2026-06-17T09:55:56.303+0800][4.932s][info][gc,phases,start] GC(114) Phase 3: Adjust pointers
[2026-06-17T09:55:56.303+0800][4.932s][info][gc,phases      ] GC(114) Phase 3: Adjust pointers 0.414ms
[2026-06-17T09:55:56.303+0800][4.933s][info][gc,phases,start] GC(114) Phase 4: Move objects
[2026-06-17T09:55:56.305+0800][4.934s][info][gc,phases      ] GC(114) Phase 4: Move objects 1.860ms
[2026-06-17T09:55:56.306+0800][4.935s][info][gc,heap        ] GC(114) DefNew: 19647K(19648K)->0K(19648K) Eden: 17472K(17472K)->0K(17472K) From: 2175K(2176K)->0K(2176K)
[2026-06-17T09:55:56.306+0800][4.935s][info][gc,heap        ] GC(114) Tenured: 38257K(43712K)->31462K(43712K)
[2026-06-17T09:55:56.306+0800][4.935s][info][gc,metaspace   ] GC(114) Metaspace: 147K(384K)->147K(384K) NonClass: 143K(256K)->143K(256K) Class: 4K(128K)->4K(128K)
[2026-06-17T09:55:56.306+0800][4.935s][info][gc             ] GC(114) Pause Full (Allocation Failure) 56M->30M(61M) 4.667ms
[2026-06-17T09:55:56.306+0800][4.936s][info][gc,cpu         ] GC(114) User=0.01s Sys=0.00s Real=0.01s
[2026-06-17T09:55:56.349+0800][4.978s][info][gc,start       ] GC(115) Pause Young (Allocation Failure)
[2026-06-17T09:55:56.350+0800][4.979s][info][gc,heap        ] GC(115) DefNew: 17415K(19648K)->2175K(19648K) Eden: 17415K(17472K)->0K(17472K) From: 0K(2176K)->2175K(2176K)
[2026-06-17T09:55:56.350+0800][4.979s][info][gc,heap        ] GC(115) Tenured: 31462K(43712K)->36371K(43712K)
[2026-06-17T09:55:56.350+0800][4.979s][info][gc,metaspace   ] GC(115) Metaspace: 147K(384K)->147K(384K) NonClass: 143K(256K)->143K(256K) Class: 4K(128K)->4K(128K)
[2026-06-17T09:55:56.351+0800][4.980s][info][gc             ] GC(115) Pause Young (Allocation Failure) 47M->37M(61M) 1.912ms
[2026-06-17T09:55:56.351+0800][4.980s][info][gc,cpu         ] GC(115) User=0.00s Sys=0.00s Real=0.01s
[2026-06-17T09:55:56.403+0800][5.032s][info][gc,start       ] GC(116) Pause Young (Allocation Failure)
[2026-06-17T09:55:56.404+0800][5.033s][info][gc,heap        ] GC(116) DefNew: 19647K(19648K)->1740K(19648K) Eden: 17472K(17472K)->0K(17472K) From: 2175K(2176K)->1740K(2176K)
[2026-06-17T09:55:56.410+0800][5.039s][info][gc,heap        ] GC(116) Tenured: 36371K(43712K)->36732K(43712K)
[2026-06-17T09:55:56.417+0800][5.046s][info][gc,metaspace   ] GC(116) Metaspace: 148K(384K)->148K(384K) NonClass: 143K(256K)->143K(256K) Class: 4K(128K)->4K(128K)
[2026-06-17T09:55:56.418+0800][5.047s][info][gc             ] GC(116) Pause Young (Allocation Failure) 54M->37M(61M) 14.588ms
[2026-06-17T09:55:56.418+0800][5.047s][info][gc,cpu         ] GC(116) User=0.00s Sys=0.00s Real=0.01s
[2026-06-17T09:55:56.451+0800][5.080s][info][gc,start       ] GC(117) Pause Young (Allocation Failure)
[2026-06-17T09:55:56.452+0800][5.082s][info][gc             ] GC(117) Pause Young (Allocation Failure) 54M->54M(61M) 1.461ms
[2026-06-17T09:55:56.453+0800][5.082s][info][gc,cpu         ] GC(117) User=0.00s Sys=0.00s Real=0.00s
[2026-06-17T09:55:56.453+0800][5.083s][info][gc,start       ] GC(118) Pause Full (Allocation Failure)
[2026-06-17T09:55:56.456+0800][5.085s][info][gc,phases,start] GC(118) Phase 1: Mark live objects
[2026-06-17T09:55:56.458+0800][5.087s][info][gc,phases      ] GC(118) Phase 1: Mark live objects 2.436ms
[2026-06-17T09:55:56.459+0800][5.088s][info][gc,phases,start] GC(118) Phase 2: Compute new object addresses
[2026-06-17T09:55:56.461+0800][5.090s][info][gc,phases      ] GC(118) Phase 2: Compute new object addresses 2.091ms
[2026-06-17T09:55:56.463+0800][5.092s][info][gc,phases,start] GC(118) Phase 3: Adjust pointers
[2026-06-17T09:55:56.465+0800][5.094s][info][gc,phases      ] GC(118) Phase 3: Adjust pointers 2.654ms
[2026-06-17T09:55:56.466+0800][5.096s][info][gc,phases,start] GC(118) Phase 4: Move objects
[2026-06-17T09:55:56.472+0800][5.101s][info][gc,phases      ] GC(118) Phase 4: Move objects 5.041ms
[2026-06-17T09:55:56.474+0800][5.103s][info][gc,heap        ] GC(118) DefNew: 19101K(19648K)->0K(19648K) Eden: 17361K(17472K)->0K(17472K) From: 1740K(2176K)->0K(2176K)
[2026-06-17T09:55:56.476+0800][5.105s][info][gc,heap        ] GC(118) Tenured: 36732K(43712K)->26840K(43712K)
[2026-06-17T09:55:56.477+0800][5.106s][info][gc,metaspace   ] GC(118) Metaspace: 148K(384K)->148K(384K) NonClass: 143K(256K)->143K(256K) Class: 4K(128K)->4K(128K)
[2026-06-17T09:55:56.478+0800][5.107s][info][gc             ] GC(118) Pause Full (Allocation Failure) 54M->26M(61M) 24.662ms
[2026-06-17T09:55:56.480+0800][5.109s][info][gc,cpu         ] GC(118) User=0.00s Sys=0.00s Real=0.02s
[2026-06-17T09:55:56.535+0800][5.164s][info][gc,start       ] GC(119) Pause Young (Allocation Failure)
[2026-06-17T09:55:56.537+0800][5.166s][info][gc,heap        ] GC(119) DefNew: 17472K(19648K)->2123K(19648K) Eden: 17472K(17472K)->0K(17472K) From: 0K(2176K)->2123K(2176K)
[2026-06-17T09:55:56.537+0800][5.166s][info][gc,heap        ] GC(119) Tenured: 26840K(43712K)->28400K(43712K)
[2026-06-17T09:55:56.537+0800][5.167s][info][gc,metaspace   ] GC(119) Metaspace: 148K(384K)->148K(384K) NonClass: 143K(256K)->143K(256K) Class: 4K(128K)->4K(128K)
[2026-06-17T09:55:56.538+0800][5.167s][info][gc             ] GC(119) Pause Young (Allocation Failure) 43M->29M(61M) 2.504ms
[2026-06-17T09:55:56.538+0800][5.167s][info][gc,cpu         ] GC(119) User=0.00s Sys=0.00s Real=0.00s
[2026-06-17T09:55:56.581+0800][5.210s][info][gc,start       ] GC(120) Pause Young (Allocation Failure)
[2026-06-17T09:55:56.582+0800][5.212s][info][gc,heap        ] GC(120) DefNew: 19583K(19648K)->2164K(19648K) Eden: 17459K(17472K)->0K(17472K) From: 2123K(2176K)->2164K(2176K)
[2026-06-17T09:55:56.583+0800][5.212s][info][gc,heap        ] GC(120) Tenured: 28400K(43712K)->32043K(43712K)
[2026-06-17T09:55:56.583+0800][5.212s][info][gc,metaspace   ] GC(120) Metaspace: 148K(384K)->148K(384K) NonClass: 143K(256K)->143K(256K) Class: 4K(128K)->4K(128K)
[2026-06-17T09:55:56.584+0800][5.213s][info][gc             ] GC(120) Pause Young (Allocation Failure) 46M->33M(61M) 2.315ms
[2026-06-17T09:55:56.584+0800][5.213s][info][gc,cpu         ] GC(120) User=0.00s Sys=0.00s Real=0.01s
[2026-06-17T09:55:56.626+0800][5.256s][info][gc,start       ] GC(121) Pause Young (Allocation Failure)
[2026-06-17T09:55:56.628+0800][5.257s][info][gc,heap        ] GC(121) DefNew: 19636K(19648K)->2099K(19648K) Eden: 17472K(17472K)->0K(17472K) From: 2164K(2176K)->2099K(2176K)
[2026-06-17T09:55:56.628+0800][5.257s][info][gc,heap        ] GC(121) Tenured: 32043K(43712K)->35223K(43712K)
[2026-06-17T09:55:56.628+0800][5.258s][info][gc,metaspace   ] GC(121) Metaspace: 148K(384K)->148K(384K) NonClass: 143K(256K)->143K(256K) Class: 4K(128K)->4K(128K)
[2026-06-17T09:55:56.629+0800][5.258s][info][gc             ] GC(121) Pause Young (Allocation Failure) 50M->36M(61M) 2.335ms
[2026-06-17T09:55:56.629+0800][5.258s][info][gc,cpu         ] GC(121) User=0.00s Sys=0.00s Real=0.00s
[2026-06-17T09:55:56.672+0800][5.301s][info][gc,start       ] GC(122) Pause Young (Allocation Failure)
[2026-06-17T09:55:56.673+0800][5.302s][info][gc,heap        ] GC(122) DefNew: 19550K(19648K)->2175K(19648K) Eden: 17451K(17472K)->0K(17472K) From: 2099K(2176K)->2175K(2176K)
[2026-06-17T09:55:56.674+0800][5.303s][info][gc,heap        ] GC(122) Tenured: 35223K(43712K)->38849K(43712K)
[2026-06-17T09:55:56.674+0800][5.303s][info][gc,metaspace   ] GC(122) Metaspace: 148K(384K)->148K(384K) NonClass: 143K(256K)->143K(256K) Class: 4K(128K)->4K(128K)
[2026-06-17T09:55:56.674+0800][5.303s][info][gc             ] GC(122) Pause Young (Allocation Failure) 53M->40M(61M) 2.325ms
[2026-06-17T09:55:56.675+0800][5.304s][info][gc,cpu         ] GC(122) User=0.00s Sys=0.00s Real=0.00s
[2026-06-17T09:55:56.718+0800][5.347s][info][gc,start       ] GC(123) Pause Young (Allocation Failure)
[2026-06-17T09:55:56.719+0800][5.348s][info][gc             ] GC(123) Pause Young (Allocation Failure) 56M->56M(61M) 1.609ms
[2026-06-17T09:55:56.720+0800][5.349s][info][gc,cpu         ] GC(123) User=0.00s Sys=0.00s Real=0.00s
[2026-06-17T09:55:56.722+0800][5.351s][info][gc,start       ] GC(124) Pause Full (Allocation Failure)
[2026-06-17T09:55:56.723+0800][5.352s][info][gc,phases,start] GC(124) Phase 1: Mark live objects
[2026-06-17T09:55:56.741+0800][5.370s][info][gc,phases      ] GC(124) Phase 1: Mark live objects 17.830ms
[2026-06-17T09:55:56.757+0800][5.386s][info][gc,phases,start] GC(124) Phase 2: Compute new object addresses
[2026-06-17T09:55:56.757+0800][5.387s][info][gc,phases      ] GC(124) Phase 2: Compute new object addresses 0.717ms
[2026-06-17T09:55:56.815+0800][5.444s][info][gc,phases,start] GC(124) Phase 3: Adjust pointers
[2026-06-17T09:55:56.822+0800][5.452s][info][gc,phases      ] GC(124) Phase 3: Adjust pointers 7.849ms
[2026-06-17T09:55:56.823+0800][5.452s][info][gc,phases,start] GC(124) Phase 4: Move objects
[2026-06-17T09:55:56.825+0800][5.454s][info][gc,phases      ] GC(124) Phase 4: Move objects 2.238ms
[2026-06-17T09:55:56.826+0800][5.455s][info][gc,heap        ] GC(124) DefNew: 19487K(19648K)->0K(19648K) Eden: 17311K(17472K)->0K(17472K) From: 2175K(2176K)->0K(2176K)
[2026-06-17T09:55:56.826+0800][5.455s][info][gc,heap        ] GC(124) Tenured: 38849K(43712K)->24286K(43712K)
[2026-06-17T09:55:56.826+0800][5.455s][info][gc,metaspace   ] GC(124) Metaspace: 148K(384K)->148K(384K) NonClass: 143K(256K)->143K(256K) Class: 4K(128K)->4K(128K)
[2026-06-17T09:55:56.827+0800][5.456s][info][gc             ] GC(124) Pause Full (Allocation Failure) 56M->23M(61M) 104.375ms
[2026-06-17T09:55:56.827+0800][5.456s][info][gc,cpu         ] GC(124) User=0.01s Sys=0.00s Real=0.11s
[2026-06-17T09:55:56.880+0800][5.509s][info][gc,start       ] GC(125) Pause Young (Allocation Failure)
[2026-06-17T09:55:56.881+0800][5.510s][info][gc,heap        ] GC(125) DefNew: 17431K(19648K)->2099K(19648K) Eden: 17431K(17472K)->0K(17472K) From: 0K(2176K)->2099K(2176K)
[2026-06-17T09:55:56.883+0800][5.512s][info][gc,heap        ] GC(125) Tenured: 24286K(43712K)->25411K(43712K)
[2026-06-17T09:55:56.884+0800][5.513s][info][gc,metaspace   ] GC(125) Metaspace: 148K(384K)->148K(384K) NonClass: 143K(256K)->143K(256K) Class: 4K(128K)->4K(128K)
[2026-06-17T09:55:56.884+0800][5.513s][info][gc             ] GC(125) Pause Young (Allocation Failure) 40M->26M(61M) 4.385ms
[2026-06-17T09:55:56.889+0800][5.519s][info][gc,cpu         ] GC(125) User=0.00s Sys=0.00s Real=0.01s
[2026-06-17T09:55:56.943+0800][5.572s][info][gc,start       ] GC(126) Pause Young (Allocation Failure)
[2026-06-17T09:55:56.945+0800][5.574s][info][gc,heap        ] GC(126) DefNew: 19546K(19648K)->2108K(19648K) Eden: 17446K(17472K)->0K(17472K) From: 2099K(2176K)->2108K(2176K)
[2026-06-17T09:55:56.948+0800][5.577s][info][gc,heap        ] GC(126) Tenured: 25411K(43712K)->28686K(43712K)
[2026-06-17T09:55:56.950+0800][5.579s][info][gc,metaspace   ] GC(126) Metaspace: 148K(384K)->148K(384K) NonClass: 143K(256K)->143K(256K) Class: 4K(128K)->4K(128K)
[2026-06-17T09:55:56.952+0800][5.581s][info][gc             ] GC(126) Pause Young (Allocation Failure) 43M->30M(61M) 8.528ms
[2026-06-17T09:55:56.954+0800][5.583s][info][gc,cpu         ] GC(126) User=0.00s Sys=0.00s Real=0.01s
[2026-06-17T09:55:56.989+0800][5.619s][info][gc,start       ] GC(127) Pause Young (Allocation Failure)
[2026-06-17T09:55:56.991+0800][5.620s][info][gc,heap        ] GC(127) DefNew: 19398K(19648K)->2157K(19648K) Eden: 17290K(17472K)->0K(17472K) From: 2108K(2176K)->2157K(2176K)
[2026-06-17T09:55:56.991+0800][5.621s][info][gc,heap        ] GC(127) Tenured: 28686K(43712K)->31740K(43712K)
[2026-06-17T09:55:56.992+0800][5.621s][info][gc,metaspace   ] GC(127) Metaspace: 148K(384K)->148K(384K) NonClass: 143K(256K)->143K(256K) Class: 4K(128K)->4K(128K)
[2026-06-17T09:55:56.992+0800][5.621s][info][gc             ] GC(127) Pause Young (Allocation Failure) 46M->33M(61M) 2.599ms
[2026-06-17T09:55:56.993+0800][5.622s][info][gc,cpu         ] GC(127) User=0.00s Sys=0.00s Real=0.01s
[2026-06-17T09:55:57.046+0800][5.675s][info][gc,start       ] GC(128) Pause Young (Allocation Failure)
[2026-06-17T09:55:57.047+0800][5.676s][info][gc,heap        ] GC(128) DefNew: 19587K(19648K)->2132K(19648K) Eden: 17430K(17472K)->0K(17472K) From: 2157K(2176K)->2132K(2176K)
[2026-06-17T09:55:57.048+0800][5.677s][info][gc,heap        ] GC(128) Tenured: 31740K(43712K)->35636K(43712K)
[2026-06-17T09:55:57.048+0800][5.677s][info][gc,metaspace   ] GC(128) Metaspace: 148K(384K)->148K(384K) NonClass: 143K(256K)->143K(256K) Class: 4K(128K)->4K(128K)
[2026-06-17T09:55:57.048+0800][5.677s][info][gc             ] GC(128) Pause Young (Allocation Failure) 50M->36M(61M) 2.778ms
[2026-06-17T09:55:57.049+0800][5.678s][info][gc,cpu         ] GC(128) User=0.00s Sys=0.00s Real=0.00s
[2026-06-17T09:55:57.092+0800][5.721s][info][gc,start       ] GC(129) Pause Young (Allocation Failure)
[2026-06-17T09:55:57.094+0800][5.723s][info][gc,heap        ] GC(129) DefNew: 19591K(19648K)->2175K(19648K) Eden: 17458K(17472K)->0K(17472K) From: 2132K(2176K)->2175K(2176K)
[2026-06-17T09:55:57.094+0800][5.723s][info][gc,heap        ] GC(129) Tenured: 35636K(43712K)->39028K(43712K)
[2026-06-17T09:55:57.095+0800][5.724s][info][gc,metaspace   ] GC(129) Metaspace: 148K(384K)->148K(384K) NonClass: 143K(256K)->143K(256K) Class: 4K(128K)->4K(128K)
[2026-06-17T09:55:57.095+0800][5.724s][info][gc             ] GC(129) Pause Young (Allocation Failure) 53M->40M(61M) 2.888ms
[2026-06-17T09:55:57.095+0800][5.724s][info][gc,cpu         ] GC(129) User=0.01s Sys=0.00s Real=0.00s
[2026-06-17T09:55:57.139+0800][5.768s][info][gc,start       ] GC(130) Pause Young (Allocation Failure)
[2026-06-17T09:55:57.139+0800][5.768s][info][gc             ] GC(130) Pause Young (Allocation Failure) 57M->57M(61M) 0.504ms
[2026-06-17T09:55:57.139+0800][5.768s][info][gc,cpu         ] GC(130) User=0.00s Sys=0.00s Real=0.00s
[2026-06-17T09:55:57.140+0800][5.769s][info][gc,start       ] GC(131) Pause Full (Allocation Failure)
[2026-06-17T09:55:57.140+0800][5.769s][info][gc,phases,start] GC(131) Phase 1: Mark live objects
[2026-06-17T09:55:57.140+0800][5.769s][info][gc,phases      ] GC(131) Phase 1: Mark live objects 0.629ms
[2026-06-17T09:55:57.141+0800][5.770s][info][gc,phases,start] GC(131) Phase 2: Compute new object addresses
[2026-06-17T09:55:57.141+0800][5.770s][info][gc,phases      ] GC(131) Phase 2: Compute new object addresses 0.389ms
[2026-06-17T09:55:57.141+0800][5.770s][info][gc,phases,start] GC(131) Phase 3: Adjust pointers
[2026-06-17T09:55:57.142+0800][5.771s][info][gc,phases      ] GC(131) Phase 3: Adjust pointers 0.426ms
[2026-06-17T09:55:57.142+0800][5.771s][info][gc,phases,start] GC(131) Phase 4: Move objects
[2026-06-17T09:55:57.144+0800][5.773s][info][gc,phases      ] GC(131) Phase 4: Move objects 2.313ms
[2026-06-17T09:55:57.145+0800][5.774s][info][gc,heap        ] GC(131) DefNew: 19623K(19648K)->0K(19648K) Eden: 17447K(17472K)->0K(17472K) From: 2175K(2176K)->0K(2176K)
[2026-06-17T09:55:57.145+0800][5.774s][info][gc,heap        ] GC(131) Tenured: 39028K(43712K)->28137K(43712K)
[2026-06-17T09:55:57.145+0800][5.774s][info][gc,metaspace   ] GC(131) Metaspace: 148K(384K)->148K(384K) NonClass: 143K(256K)->143K(256K) Class: 4K(128K)->4K(128K)
[2026-06-17T09:55:57.145+0800][5.774s][info][gc             ] GC(131) Pause Full (Allocation Failure) 57M->27M(61M) 5.751ms
[2026-06-17T09:55:57.146+0800][5.775s][info][gc,cpu         ] GC(131) User=0.00s Sys=0.00s Real=0.01s
[2026-06-17T09:55:57.199+0800][5.828s][info][gc,start       ] GC(132) Pause Young (Allocation Failure)
[2026-06-17T09:55:57.202+0800][5.832s][info][gc,heap        ] GC(132) DefNew: 17472K(19648K)->2078K(19648K) Eden: 17472K(17472K)->0K(17472K) From: 0K(2176K)->2078K(2176K)
[2026-06-17T09:55:57.207+0800][5.836s][info][gc,heap        ] GC(132) Tenured: 28137K(43712K)->30004K(43712K)
[2026-06-17T09:55:57.209+0800][5.838s][info][gc,metaspace   ] GC(132) Metaspace: 148K(384K)->148K(384K) NonClass: 143K(256K)->143K(256K) Class: 4K(128K)->4K(128K)
[2026-06-17T09:55:57.210+0800][5.839s][info][gc             ] GC(132) Pause Young (Allocation Failure) 44M->31M(61M) 11.144ms
[2026-06-17T09:55:57.210+0800][5.839s][info][gc,cpu         ] GC(132) User=0.00s Sys=0.00s Real=0.01s
[2026-06-17T09:55:57.253+0800][5.882s][info][gc,start       ] GC(133) Pause Young (Allocation Failure)
[2026-06-17T09:55:57.254+0800][5.883s][info][gc,heap        ] GC(133) DefNew: 19550K(19648K)->2123K(19648K) Eden: 17472K(17472K)->0K(17472K) From: 2078K(2176K)->2123K(2176K)
[2026-06-17T09:55:57.255+0800][5.884s][info][gc,heap        ] GC(133) Tenured: 30004K(43712K)->33540K(43712K)
[2026-06-17T09:55:57.255+0800][5.884s][info][gc,metaspace   ] GC(133) Metaspace: 148K(384K)->148K(384K) NonClass: 143K(256K)->143K(256K) Class: 4K(128K)->4K(128K)
[2026-06-17T09:55:57.256+0800][5.885s][info][gc             ] GC(133) Pause Young (Allocation Failure) 48M->34M(61M) 2.718ms
[2026-06-17T09:55:57.256+0800][5.885s][info][gc,cpu         ] GC(133) User=0.00s Sys=0.00s Real=0.00s
[2026-06-17T09:55:57.299+0800][5.928s][info][gc,start       ] GC(134) Pause Young (Allocation Failure)
[2026-06-17T09:55:57.304+0800][5.933s][info][gc,heap        ] GC(134) DefNew: 19583K(19648K)->2138K(19648K) Eden: 17459K(17472K)->0K(17472K) From: 2123K(2176K)->2138K(2176K)
[2026-06-17T09:55:57.305+0800][5.935s][info][gc,heap        ] GC(134) Tenured: 33540K(43712K)->37299K(43712K)
[2026-06-17T09:55:57.306+0800][5.935s][info][gc,metaspace   ] GC(134) Metaspace: 148K(384K)->148K(384K) NonClass: 143K(256K)->143K(256K) Class: 4K(128K)->4K(128K)
[2026-06-17T09:55:57.306+0800][5.936s][info][gc             ] GC(134) Pause Young (Allocation Failure) 51M->38M(61M) 7.531ms
[2026-06-17T09:55:57.307+0800][5.936s][info][gc,cpu         ] GC(134) User=0.00s Sys=0.00s Real=0.01s
[2026-06-17T09:55:57.350+0800][5.979s][info][gc,start       ] GC(135) Pause Young (Allocation Failure)
[2026-06-17T09:55:57.351+0800][5.980s][info][gc,heap        ] GC(135) DefNew: 19610K(19648K)->2172K(19648K) Eden: 17472K(17472K)->0K(17472K) From: 2138K(2176K)->2172K(2176K)
[2026-06-17T09:55:57.351+0800][5.980s][info][gc,heap        ] GC(135) Tenured: 37299K(43712K)->40370K(43712K)
[2026-06-17T09:55:57.351+0800][5.981s][info][gc,metaspace   ] GC(135) Metaspace: 148K(384K)->148K(384K) NonClass: 143K(256K)->143K(256K) Class: 4K(128K)->4K(128K)
[2026-06-17T09:55:57.352+0800][5.981s][info][gc             ] GC(135) Pause Young (Allocation Failure) 55M->41M(61M) 1.834ms
[2026-06-17T09:55:57.352+0800][5.981s][info][gc,cpu         ] GC(135) User=0.00s Sys=0.00s Real=0.01s
[2026-06-17T09:55:57.394+0800][6.023s][info][gc,start       ] GC(136) Pause Young (Allocation Failure)
[2026-06-17T09:55:57.395+0800][6.024s][info][gc             ] GC(136) Pause Young (Allocation Failure) 58M->58M(61M) 0.395ms
[2026-06-17T09:55:57.395+0800][6.024s][info][gc,cpu         ] GC(136) User=0.00s Sys=0.00s Real=0.00s
[2026-06-17T09:55:57.395+0800][6.024s][info][gc,start       ] GC(137) Pause Full (Allocation Failure)
[2026-06-17T09:55:57.395+0800][6.025s][info][gc,phases,start] GC(137) Phase 1: Mark live objects
[2026-06-17T09:55:57.396+0800][6.025s][info][gc,phases      ] GC(137) Phase 1: Mark live objects 0.466ms
[2026-06-17T09:55:57.396+0800][6.025s][info][gc,phases,start] GC(137) Phase 2: Compute new object addresses
[2026-06-17T09:55:57.397+0800][6.026s][info][gc,phases      ] GC(137) Phase 2: Compute new object addresses 0.563ms
[2026-06-17T09:55:57.398+0800][6.027s][info][gc,phases,start] GC(137) Phase 3: Adjust pointers
[2026-06-17T09:55:57.399+0800][6.028s][info][gc,phases      ] GC(137) Phase 3: Adjust pointers 0.597ms
[2026-06-17T09:55:57.399+0800][6.028s][info][gc,phases,start] GC(137) Phase 4: Move objects
[2026-06-17T09:55:57.401+0800][6.030s][info][gc,phases      ] GC(137) Phase 4: Move objects 2.218ms
[2026-06-17T09:55:57.401+0800][6.030s][info][gc,heap        ] GC(137) DefNew: 19644K(19648K)->0K(19648K) Eden: 17472K(17472K)->0K(17472K) From: 2172K(2176K)->0K(2176K)
[2026-06-17T09:55:57.401+0800][6.030s][info][gc,heap        ] GC(137) Tenured: 40370K(43712K)->33236K(43712K)
[2026-06-17T09:55:57.401+0800][6.031s][info][gc,metaspace   ] GC(137) Metaspace: 148K(384K)->148K(384K) NonClass: 143K(256K)->143K(256K) Class: 4K(128K)->4K(128K)
[2026-06-17T09:55:57.401+0800][6.031s][info][gc             ] GC(137) Pause Full (Allocation Failure) 58M->32M(61M) 6.247ms
[2026-06-17T09:55:57.402+0800][6.031s][info][gc,cpu         ] GC(137) User=0.01s Sys=0.00s Real=0.00s
[2026-06-17T09:55:57.444+0800][6.073s][info][gc,start       ] GC(138) Pause Young (Allocation Failure)
[2026-06-17T09:55:57.445+0800][6.074s][info][gc,heap        ] GC(138) DefNew: 17472K(19648K)->2170K(19648K) Eden: 17472K(17472K)->0K(17472K) From: 0K(2176K)->2170K(2176K)
[2026-06-17T09:55:57.445+0800][6.075s][info][gc,heap        ] GC(138) Tenured: 33236K(43712K)->38030K(43712K)
[2026-06-17T09:55:57.446+0800][6.075s][info][gc,metaspace   ] GC(138) Metaspace: 148K(384K)->148K(384K) NonClass: 143K(256K)->143K(256K) Class: 4K(128K)->4K(128K)
[2026-06-17T09:55:57.446+0800][6.075s][info][gc             ] GC(138) Pause Young (Allocation Failure) 49M->39M(61M) 2.307ms
[2026-06-17T09:55:57.446+0800][6.076s][info][gc,cpu         ] GC(138) User=0.00s Sys=0.00s Real=0.00s
[2026-06-17T09:55:57.489+0800][6.118s][info][gc,start       ] GC(139) Pause Young (Allocation Failure)
[2026-06-17T09:55:57.500+0800][6.129s][info][gc             ] GC(139) Pause Young (Allocation Failure) 56M->56M(61M) 11.536ms
[2026-06-17T09:55:57.503+0800][6.132s][info][gc,cpu         ] GC(139) User=0.00s Sys=0.00s Real=0.02s
[2026-06-17T09:55:57.503+0800][6.132s][info][gc,start       ] GC(140) Pause Full (Allocation Failure)
[2026-06-17T09:55:57.503+0800][6.132s][info][gc,phases,start] GC(140) Phase 1: Mark live objects
[2026-06-17T09:55:57.504+0800][6.133s][info][gc,phases      ] GC(140) Phase 1: Mark live objects 0.450ms
[2026-06-17T09:55:57.504+0800][6.133s][info][gc,phases,start] GC(140) Phase 2: Compute new object addresses
[2026-06-17T09:55:57.505+0800][6.134s][info][gc,phases      ] GC(140) Phase 2: Compute new object addresses 0.532ms
[2026-06-17T09:55:57.505+0800][6.134s][info][gc,phases,start] GC(140) Phase 3: Adjust pointers
[2026-06-17T09:55:57.505+0800][6.134s][info][gc,phases      ] GC(140) Phase 3: Adjust pointers 0.341ms
[2026-06-17T09:55:57.505+0800][6.135s][info][gc,phases,start] GC(140) Phase 4: Move objects
[2026-06-17T09:55:57.508+0800][6.137s][info][gc,phases      ] GC(140) Phase 4: Move objects 2.373ms
[2026-06-17T09:55:57.508+0800][6.137s][info][gc,heap        ] GC(140) DefNew: 19351K(19648K)->0K(19648K) Eden: 17180K(17472K)->0K(17472K) From: 2170K(2176K)->0K(2176K)
[2026-06-17T09:55:57.508+0800][6.137s][info][gc,heap        ] GC(140) Tenured: 38030K(43712K)->25534K(43712K)
[2026-06-17T09:55:57.508+0800][6.138s][info][gc,metaspace   ] GC(140) Metaspace: 148K(384K)->148K(384K) NonClass: 143K(256K)->143K(256K) Class: 4K(128K)->4K(128K)
[2026-06-17T09:55:57.509+0800][6.138s][info][gc             ] GC(140) Pause Full (Allocation Failure) 56M->24M(61M) 5.659ms
[2026-06-17T09:55:57.509+0800][6.138s][info][gc,cpu         ] GC(140) User=0.00s Sys=0.00s Real=0.00s
[2026-06-17T09:55:57.561+0800][6.191s][info][gc,start       ] GC(141) Pause Young (Allocation Failure)
[2026-06-17T09:55:57.562+0800][6.192s][info][gc,heap        ] GC(141) DefNew: 17447K(19648K)->2118K(19648K) Eden: 17447K(17472K)->0K(17472K) From: 0K(2176K)->2118K(2176K)
[2026-06-17T09:55:57.563+0800][6.192s][info][gc,heap        ] GC(141) Tenured: 25534K(43712K)->26669K(43712K)
[2026-06-17T09:55:57.563+0800][6.192s][info][gc,metaspace   ] GC(141) Metaspace: 148K(384K)->148K(384K) NonClass: 143K(256K)->143K(256K) Class: 4K(128K)->4K(128K)
[2026-06-17T09:55:57.563+0800][6.192s][info][gc             ] GC(141) Pause Young (Allocation Failure) 41M->28M(61M) 1.705ms
[2026-06-17T09:55:57.563+0800][6.193s][info][gc,cpu         ] GC(141) User=0.01s Sys=0.00s Real=0.01s
[2026-06-17T09:55:57.606+0800][6.235s][info][gc,start       ] GC(142) Pause Young (Allocation Failure)
[2026-06-17T09:55:57.607+0800][6.236s][info][gc,heap        ] GC(142) DefNew: 19556K(19648K)->2113K(19648K) Eden: 17437K(17472K)->0K(17472K) From: 2118K(2176K)->2113K(2176K)
[2026-06-17T09:55:57.607+0800][6.236s][info][gc,heap        ] GC(142) Tenured: 26669K(43712K)->29858K(43712K)
[2026-06-17T09:55:57.607+0800][6.237s][info][gc,metaspace   ] GC(142) Metaspace: 148K(384K)->148K(384K) NonClass: 143K(256K)->143K(256K) Class: 4K(128K)->4K(128K)
[2026-06-17T09:55:57.608+0800][6.237s][info][gc             ] GC(142) Pause Young (Allocation Failure) 45M->31M(61M) 1.858ms
[2026-06-17T09:55:57.608+0800][6.237s][info][gc,cpu         ] GC(142) User=0.00s Sys=0.00s Real=0.00s
[2026-06-17T09:55:57.650+0800][6.279s][info][gc,start       ] GC(143) Pause Young (Allocation Failure)
[2026-06-17T09:55:57.651+0800][6.280s][info][gc,heap        ] GC(143) DefNew: 19551K(19648K)->2157K(19648K) Eden: 17437K(17472K)->0K(17472K) From: 2113K(2176K)->2157K(2176K)
[2026-06-17T09:55:57.651+0800][6.281s][info][gc,heap        ] GC(143) Tenured: 29858K(43712K)->33680K(43712K)
[2026-06-17T09:55:57.652+0800][6.281s][info][gc,metaspace   ] GC(143) Metaspace: 148K(384K)->148K(384K) NonClass: 143K(256K)->143K(256K) Class: 4K(128K)->4K(128K)
[2026-06-17T09:55:57.652+0800][6.281s][info][gc             ] GC(143) Pause Young (Allocation Failure) 48M->34M(61M) 2.038ms
[2026-06-17T09:55:57.652+0800][6.281s][info][gc,cpu         ] GC(143) User=0.00s Sys=0.00s Real=0.01s
[2026-06-17T09:55:57.694+0800][6.324s][info][gc,start       ] GC(144) Pause Young (Allocation Failure)
[2026-06-17T09:55:57.696+0800][6.325s][info][gc,heap        ] GC(144) DefNew: 19608K(19648K)->2166K(19648K) Eden: 17450K(17472K)->0K(17472K) From: 2157K(2176K)->2166K(2176K)
[2026-06-17T09:55:57.696+0800][6.325s][info][gc,heap        ] GC(144) Tenured: 33680K(43712K)->37179K(43712K)
[2026-06-17T09:55:57.696+0800][6.325s][info][gc,metaspace   ] GC(144) Metaspace: 148K(384K)->148K(384K) NonClass: 143K(256K)->143K(256K) Class: 4K(128K)->4K(128K)
[2026-06-17T09:55:57.696+0800][6.325s][info][gc             ] GC(144) Pause Young (Allocation Failure) 52M->38M(61M) 1.683ms
[2026-06-17T09:55:57.696+0800][6.325s][info][gc,cpu         ] GC(144) User=0.00s Sys=0.00s Real=0.00s
[2026-06-17T09:55:57.739+0800][6.368s][info][gc,start       ] GC(145) Pause Young (Allocation Failure)
[2026-06-17T09:55:57.740+0800][6.369s][info][gc,heap        ] GC(145) DefNew: 19317K(19648K)->2059K(19648K) Eden: 17150K(17472K)->0K(17472K) From: 2166K(2176K)->2059K(2176K)
[2026-06-17T09:55:57.742+0800][6.371s][info][gc,heap        ] GC(145) Tenured: 37179K(43712K)->37527K(43712K)
[2026-06-17T09:55:57.742+0800][6.372s][info][gc,metaspace   ] GC(145) Metaspace: 148K(384K)->148K(384K) NonClass: 143K(256K)->143K(256K) Class: 4K(128K)->4K(128K)
[2026-06-17T09:55:57.743+0800][6.372s][info][gc             ] GC(145) Pause Young (Allocation Failure) 55M->38M(61M) 4.115ms
[2026-06-17T09:55:57.743+0800][6.372s][info][gc,cpu         ] GC(145) User=0.00s Sys=0.01s Real=0.01s
[2026-06-17T09:55:57.788+0800][6.417s][info][gc,start       ] GC(146) Pause Young (Allocation Failure)
[2026-06-17T09:55:57.790+0800][6.419s][info][gc,promotion   ] GC(146) Promotion failed
[2026-06-17T09:55:57.791+0800][6.420s][info][gc             ] GC(146) Pause Young (Allocation Failure) 55M->61M(61M) 2.410ms
[2026-06-17T09:55:57.791+0800][6.420s][info][gc,cpu         ] GC(146) User=0.00s Sys=0.00s Real=0.01s
[2026-06-17T09:55:57.792+0800][6.421s][info][gc,start       ] GC(147) Pause Full (Allocation Failure)
[2026-06-17T09:55:57.792+0800][6.421s][info][gc,phases,start] GC(147) Phase 1: Mark live objects
[2026-06-17T09:55:57.793+0800][6.422s][info][gc,phases      ] GC(147) Phase 1: Mark live objects 0.632ms
[2026-06-17T09:55:57.793+0800][6.422s][info][gc,phases,start] GC(147) Phase 2: Compute new object addresses
[2026-06-17T09:55:57.794+0800][6.423s][info][gc,phases      ] GC(147) Phase 2: Compute new object addresses 0.580ms
[2026-06-17T09:55:57.794+0800][6.423s][info][gc,phases,start] GC(147) Phase 3: Adjust pointers
[2026-06-17T09:55:57.795+0800][6.424s][info][gc,phases      ] GC(147) Phase 3: Adjust pointers 0.640ms
[2026-06-17T09:55:57.795+0800][6.424s][info][gc,phases,start] GC(147) Phase 4: Move objects
[2026-06-17T09:55:57.798+0800][6.427s][info][gc,phases      ] GC(147) Phase 4: Move objects 2.609ms
[2026-06-17T09:55:57.798+0800][6.427s][info][gc,heap        ] GC(147) DefNew: 19516K(19648K)->0K(19648K) Eden: 17456K(17472K)->0K(17472K) From: 2059K(2176K)->0K(2176K)
[2026-06-17T09:55:57.799+0800][6.428s][info][gc,heap        ] GC(147) Tenured: 37527K(43712K)->21671K(43712K)
[2026-06-17T09:55:57.799+0800][6.428s][info][gc,metaspace   ] GC(147) Metaspace: 148K(384K)->148K(384K) NonClass: 143K(256K)->143K(256K) Class: 4K(128K)->4K(128K)
[2026-06-17T09:55:57.799+0800][6.428s][info][gc             ] GC(147) Pause Full (Allocation Failure) 61M->21M(61M) 7.552ms
[2026-06-17T09:55:57.799+0800][6.428s][info][gc,cpu         ] GC(147) User=0.00s Sys=0.00s Real=0.00s
[2026-06-17T09:55:57.852+0800][6.481s][info][gc,start       ] GC(148) Pause Young (Allocation Failure)
[2026-06-17T09:55:57.853+0800][6.483s][info][gc,heap        ] GC(148) DefNew: 17431K(19648K)->2122K(19648K) Eden: 17431K(17472K)->0K(17472K) From: 0K(2176K)->2122K(2176K)
[2026-06-17T09:55:57.854+0800][6.483s][info][gc,heap        ] GC(148) Tenured: 21671K(43712K)->23446K(43712K)
[2026-06-17T09:55:57.854+0800][6.483s][info][gc,metaspace   ] GC(148) Metaspace: 148K(384K)->148K(384K) NonClass: 143K(256K)->143K(256K) Class: 4K(128K)->4K(128K)
[2026-06-17T09:55:57.855+0800][6.484s][info][gc             ] GC(148) Pause Young (Allocation Failure) 38M->24M(61M) 2.462ms
[2026-06-17T09:55:57.855+0800][6.484s][info][gc,cpu         ] GC(148) User=0.00s Sys=0.00s Real=0.00s
[2026-06-17T09:55:57.898+0800][6.527s][info][gc,start       ] GC(149) Pause Young (Allocation Failure)
[2026-06-17T09:55:57.899+0800][6.528s][info][gc,heap        ] GC(149) DefNew: 19583K(19648K)->2149K(19648K) Eden: 17461K(17472K)->0K(17472K) From: 2122K(2176K)->2149K(2176K)
[2026-06-17T09:55:57.899+0800][6.529s][info][gc,heap        ] GC(149) Tenured: 23446K(43712K)->26890K(43712K)
[2026-06-17T09:55:57.900+0800][6.529s][info][gc,metaspace   ] GC(149) Metaspace: 148K(384K)->148K(384K) NonClass: 143K(256K)->143K(256K) Class: 4K(128K)->4K(128K)
[2026-06-17T09:55:57.900+0800][6.529s][info][gc             ] GC(149) Pause Young (Allocation Failure) 42M->28M(61M) 2.480ms
[2026-06-17T09:55:57.900+0800][6.530s][info][gc,cpu         ] GC(149) User=0.01s Sys=0.00s Real=0.00s
[2026-06-17T09:55:57.943+0800][6.573s][info][gc,start       ] GC(150) Pause Young (Allocation Failure)
[2026-06-17T09:55:57.945+0800][6.574s][info][gc,heap        ] GC(150) DefNew: 19568K(19648K)->2077K(19648K) Eden: 17418K(17472K)->0K(17472K) From: 2149K(2176K)->2077K(2176K)
[2026-06-17T09:55:57.946+0800][6.575s][info][gc,heap        ] GC(150) Tenured: 26890K(43712K)->30763K(43712K)
[2026-06-17T09:55:57.946+0800][6.575s][info][gc,metaspace   ] GC(150) Metaspace: 148K(384K)->148K(384K) NonClass: 143K(256K)->143K(256K) Class: 4K(128K)->4K(128K)
[2026-06-17T09:55:57.947+0800][6.576s][info][gc             ] GC(150) Pause Young (Allocation Failure) 45M->32M(61M) 3.106ms
[2026-06-17T09:55:57.947+0800][6.576s][info][gc,cpu         ] GC(150) User=0.00s Sys=0.00s Real=0.00s
[2026-06-17T09:55:57.990+0800][6.619s][info][gc,start       ] GC(151) Pause Young (Allocation Failure)
[2026-06-17T09:55:57.991+0800][6.620s][info][gc,heap        ] GC(151) DefNew: 19525K(19648K)->2170K(19648K) Eden: 17448K(17472K)->0K(17472K) From: 2077K(2176K)->2170K(2176K)
[2026-06-17T09:55:57.992+0800][6.621s][info][gc,heap        ] GC(151) Tenured: 30763K(43712K)->34247K(43712K)
[2026-06-17T09:55:57.992+0800][6.621s][info][gc,metaspace   ] GC(151) Metaspace: 148K(384K)->148K(384K) NonClass: 143K(256K)->143K(256K) Class: 4K(128K)->4K(128K)
[2026-06-17T09:55:57.992+0800][6.622s][info][gc             ] GC(151) Pause Young (Allocation Failure) 49M->35M(61M) 2.848ms
[2026-06-17T09:55:57.993+0800][6.622s][info][gc,cpu         ] GC(151) User=0.00s Sys=0.00s Real=0.01s
[2026-06-17T09:55:58.036+0800][6.665s][info][gc,start       ] GC(152) Pause Young (Allocation Failure)
[2026-06-17T09:55:58.037+0800][6.666s][info][gc,heap        ] GC(152) DefNew: 19642K(19648K)->2097K(19648K) Eden: 17472K(17472K)->0K(17472K) From: 2170K(2176K)->2097K(2176K)
[2026-06-17T09:55:58.037+0800][6.667s][info][gc,heap        ] GC(152) Tenured: 34247K(43712K)->38772K(43712K)
[2026-06-17T09:55:58.038+0800][6.667s][info][gc,metaspace   ] GC(152) Metaspace: 148K(384K)->148K(384K) NonClass: 143K(256K)->143K(256K) Class: 4K(128K)->4K(128K)
[2026-06-17T09:55:58.038+0800][6.667s][info][gc             ] GC(152) Pause Young (Allocation Failure) 52M->39M(61M) 2.007ms
[2026-06-17T09:55:58.038+0800][6.667s][info][gc,cpu         ] GC(152) User=0.01s Sys=0.00s Real=0.00s
[2026-06-17T09:55:58.091+0800][6.720s][info][gc,start       ] GC(153) Pause Young (Allocation Failure)
[2026-06-17T09:55:58.093+0800][6.722s][info][gc             ] GC(153) Pause Young (Allocation Failure) 56M->56M(61M) 2.094ms
[2026-06-17T09:55:58.094+0800][6.723s][info][gc,cpu         ] GC(153) User=0.00s Sys=0.00s Real=0.00s
[2026-06-17T09:55:58.095+0800][6.724s][info][gc,start       ] GC(154) Pause Full (Allocation Failure)
[2026-06-17T09:55:58.095+0800][6.725s][info][gc,phases,start] GC(154) Phase 1: Mark live objects
[2026-06-17T09:55:58.096+0800][6.726s][info][gc,phases      ] GC(154) Phase 1: Mark live objects 1.039ms
[2026-06-17T09:55:58.103+0800][6.732s][info][gc,phases,start] GC(154) Phase 2: Compute new object addresses
[2026-06-17T09:55:58.104+0800][6.733s][info][gc,phases      ] GC(154) Phase 2: Compute new object addresses 0.686ms
[2026-06-17T09:55:58.104+0800][6.733s][info][gc,phases,start] GC(154) Phase 3: Adjust pointers
[2026-06-17T09:55:58.105+0800][6.734s][info][gc,phases      ] GC(154) Phase 3: Adjust pointers 0.601ms
[2026-06-17T09:55:58.105+0800][6.734s][info][gc,phases,start] GC(154) Phase 4: Move objects
[2026-06-17T09:55:58.107+0800][6.737s][info][gc,phases      ] GC(154) Phase 4: Move objects 2.478ms
[2026-06-17T09:55:58.108+0800][6.737s][info][gc,heap        ] GC(154) DefNew: 19569K(19648K)->0K(19648K) Eden: 17472K(17472K)->0K(17472K) From: 2097K(2176K)->0K(2176K)
[2026-06-17T09:55:58.108+0800][6.737s][info][gc,heap        ] GC(154) Tenured: 38772K(43712K)->27059K(43712K)
[2026-06-17T09:55:58.108+0800][6.737s][info][gc,metaspace   ] GC(154) Metaspace: 148K(384K)->148K(384K) NonClass: 143K(256K)->143K(256K) Class: 4K(128K)->4K(128K)
[2026-06-17T09:55:58.108+0800][6.738s][info][gc             ] GC(154) Pause Full (Allocation Failure) 56M->26M(61M) 13.688ms
[2026-06-17T09:55:58.109+0800][6.738s][info][gc,cpu         ] GC(154) User=0.01s Sys=0.00s Real=0.01s
[2026-06-17T09:55:58.141+0800][6.770s][info][gc,start       ] GC(155) Pause Young (Allocation Failure)
[2026-06-17T09:55:58.143+0800][6.773s][info][gc,heap        ] GC(155) DefNew: 17304K(19648K)->2175K(19648K) Eden: 17304K(17472K)->0K(17472K) From: 0K(2176K)->2175K(2176K)
[2026-06-17T09:55:58.144+0800][6.773s][info][gc,heap        ] GC(155) Tenured: 27059K(43712K)->31754K(43712K)
[2026-06-17T09:55:58.145+0800][6.774s][info][gc,metaspace   ] GC(155) Metaspace: 148K(384K)->148K(384K) NonClass: 143K(256K)->143K(256K) Class: 4K(128K)->4K(128K)
[2026-06-17T09:55:58.145+0800][6.775s][info][gc             ] GC(155) Pause Young (Allocation Failure) 43M->33M(61M) 4.514ms
[2026-06-17T09:55:58.146+0800][6.775s][info][gc,cpu         ] GC(155) User=0.00s Sys=0.00s Real=0.01s
[2026-06-17T09:55:58.199+0800][6.828s][info][gc,start       ] GC(156) Pause Young (Allocation Failure)
[2026-06-17T09:55:58.201+0800][6.830s][info][gc,heap        ] GC(156) DefNew: 19647K(19648K)->2174K(19648K) Eden: 17472K(17472K)->0K(17472K) From: 2175K(2176K)->2174K(2176K)
[2026-06-17T09:55:58.201+0800][6.830s][info][gc,heap        ] GC(156) Tenured: 31754K(43712K)->35276K(43712K)
[2026-06-17T09:55:58.202+0800][6.831s][info][gc,metaspace   ] GC(156) Metaspace: 148K(384K)->148K(384K) NonClass: 143K(256K)->143K(256K) Class: 4K(128K)->4K(128K)
[2026-06-17T09:55:58.202+0800][6.831s][info][gc             ] GC(156) Pause Young (Allocation Failure) 50M->36M(61M) 3.348ms
[2026-06-17T09:55:58.203+0800][6.832s][info][gc,cpu         ] GC(156) User=0.00s Sys=0.00s Real=0.01s
[2026-06-17T09:55:58.245+0800][6.874s][info][gc,start       ] GC(157) Pause Young (Allocation Failure)
[2026-06-17T09:55:58.247+0800][6.876s][info][gc,heap        ] GC(157) DefNew: 19623K(19648K)->2132K(19648K) Eden: 17449K(17472K)->0K(17472K) From: 2174K(2176K)->2132K(2176K)
[2026-06-17T09:55:58.247+0800][6.877s][info][gc,heap        ] GC(157) Tenured: 35276K(43712K)->38663K(43712K)
[2026-06-17T09:55:58.248+0800][6.877s][info][gc,metaspace   ] GC(157) Metaspace: 148K(384K)->148K(384K) NonClass: 143K(256K)->143K(256K) Class: 4K(128K)->4K(128K)
[2026-06-17T09:55:58.248+0800][6.877s][info][gc             ] GC(157) Pause Young (Allocation Failure) 53M->39M(61M) 2.906ms
[2026-06-17T09:55:58.248+0800][6.877s][info][gc,cpu         ] GC(157) User=0.01s Sys=0.00s Real=0.00s
[2026-06-17T09:55:58.291+0800][6.920s][info][gc,start       ] GC(158) Pause Young (Allocation Failure)
[2026-06-17T09:55:58.293+0800][6.922s][info][gc             ] GC(158) Pause Young (Allocation Failure) 56M->56M(61M) 2.179ms
[2026-06-17T09:55:58.295+0800][6.924s][info][gc,cpu         ] GC(158) User=0.00s Sys=0.00s Real=0.00s
[2026-06-17T09:55:58.299+0800][6.928s][info][gc,start       ] GC(159) Pause Full (Allocation Failure)
[2026-06-17T09:55:58.302+0800][6.931s][info][gc,phases,start] GC(159) Phase 1: Mark live objects
[2026-06-17T09:55:58.305+0800][6.934s][info][gc,phases      ] GC(159) Phase 1: Mark live objects 3.040ms
[2026-06-17T09:55:58.305+0800][6.935s][info][gc,phases,start] GC(159) Phase 2: Compute new object addresses
[2026-06-17T09:55:58.306+0800][6.935s][info][gc,phases      ] GC(159) Phase 2: Compute new object addresses 0.712ms
[2026-06-17T09:55:58.307+0800][6.936s][info][gc,phases,start] GC(159) Phase 3: Adjust pointers
[2026-06-17T09:55:58.308+0800][6.937s][info][gc,phases      ] GC(159) Phase 3: Adjust pointers 0.685ms
[2026-06-17T09:55:58.308+0800][6.937s][info][gc,phases,start] GC(159) Phase 4: Move objects
[2026-06-17T09:55:58.310+0800][6.939s][info][gc,phases      ] GC(159) Phase 4: Move objects 2.148ms
[2026-06-17T09:55:58.311+0800][6.940s][info][gc,heap        ] GC(159) DefNew: 19572K(19648K)->0K(19648K) Eden: 17440K(17472K)->0K(17472K) From: 2132K(2176K)->0K(2176K)
[2026-06-17T09:55:58.311+0800][6.940s][info][gc,heap        ] GC(159) Tenured: 38663K(43712K)->32783K(43712K)
[2026-06-17T09:55:58.311+0800][6.940s][info][gc,metaspace   ] GC(159) Metaspace: 148K(384K)->148K(384K) NonClass: 143K(256K)->143K(256K) Class: 4K(128K)->4K(128K)
[2026-06-17T09:55:58.311+0800][6.940s][info][gc             ] GC(159) Pause Full (Allocation Failure) 56M->32M(61M) 12.051ms
[2026-06-17T09:55:58.311+0800][6.940s][info][gc,cpu         ] GC(159) User=0.00s Sys=0.00s Real=0.02s
[2026-06-17T09:55:58.364+0800][6.993s][info][gc,start       ] GC(160) Pause Young (Allocation Failure)
[2026-06-17T09:55:58.365+0800][6.994s][info][gc,heap        ] GC(160) DefNew: 17472K(19648K)->2161K(19648K) Eden: 17472K(17472K)->0K(17472K) From: 0K(2176K)->2161K(2176K)
[2026-06-17T09:55:58.365+0800][6.994s][info][gc,heap        ] GC(160) Tenured: 32783K(43712K)->34263K(43712K)
[2026-06-17T09:55:58.365+0800][6.994s][info][gc,metaspace   ] GC(160) Metaspace: 148K(384K)->148K(384K) NonClass: 143K(256K)->143K(256K) Class: 4K(128K)->4K(128K)
[2026-06-17T09:55:58.365+0800][6.995s][info][gc             ] GC(160) Pause Young (Allocation Failure) 49M->35M(61M) 1.550ms
[2026-06-17T09:55:58.366+0800][6.995s][info][gc,cpu         ] GC(160) User=0.00s Sys=0.00s Real=0.00s
[2026-06-17T09:55:58.398+0800][7.027s][info][gc,start       ] GC(161) Pause Young (Allocation Failure)
[2026-06-17T09:55:58.399+0800][7.028s][info][gc,heap        ] GC(161) DefNew: 19536K(19648K)->2110K(19648K) Eden: 17375K(17472K)->0K(17472K) From: 2161K(2176K)->2110K(2176K)
[2026-06-17T09:55:58.400+0800][7.029s][info][gc,heap        ] GC(161) Tenured: 34263K(43712K)->37202K(43712K)
[2026-06-17T09:55:58.400+0800][7.029s][info][gc,metaspace   ] GC(161) Metaspace: 148K(384K)->148K(384K) NonClass: 143K(256K)->143K(256K) Class: 4K(128K)->4K(128K)
[2026-06-17T09:55:58.400+0800][7.029s][info][gc             ] GC(161) Pause Young (Allocation Failure) 52M->38M(61M) 2.465ms
[2026-06-17T09:55:58.400+0800][7.030s][info][gc,cpu         ] GC(161) User=0.00s Sys=0.00s Real=0.00s
[2026-06-17T09:55:58.453+0800][7.083s][info][gc,start       ] GC(162) Pause Young (Allocation Failure)
[2026-06-17T09:55:58.455+0800][7.084s][info][gc,heap        ] GC(162) DefNew: 19558K(19648K)->2092K(19648K) Eden: 17448K(17472K)->0K(17472K) From: 2110K(2176K)->2092K(2176K)
[2026-06-17T09:55:58.455+0800][7.084s][info][gc,heap        ] GC(162) Tenured: 37202K(43712K)->40858K(43712K)
[2026-06-17T09:55:58.455+0800][7.084s][info][gc,metaspace   ] GC(162) Metaspace: 148K(384K)->148K(384K) NonClass: 143K(256K)->143K(256K) Class: 4K(128K)->4K(128K)
[2026-06-17T09:55:58.455+0800][7.084s][info][gc             ] GC(162) Pause Young (Allocation Failure) 55M->41M(61M) 1.884ms
[2026-06-17T09:55:58.456+0800][7.085s][info][gc,cpu         ] GC(162) User=0.00s Sys=0.00s Real=0.00s
[2026-06-17T09:55:58.498+0800][7.127s][info][gc,start       ] GC(163) Pause Young (Allocation Failure)
[2026-06-17T09:55:58.499+0800][7.128s][info][gc             ] GC(163) Pause Young (Allocation Failure) 58M->58M(61M) 0.524ms
[2026-06-17T09:55:58.499+0800][7.128s][info][gc,cpu         ] GC(163) User=0.00s Sys=0.00s Real=0.00s
[2026-06-17T09:55:58.499+0800][7.128s][info][gc,start       ] GC(164) Pause Full (Allocation Failure)
[2026-06-17T09:55:58.499+0800][7.129s][info][gc,phases,start] GC(164) Phase 1: Mark live objects
[2026-06-17T09:55:58.500+0800][7.129s][info][gc,phases      ] GC(164) Phase 1: Mark live objects 0.717ms
[2026-06-17T09:55:58.500+0800][7.130s][info][gc,phases,start] GC(164) Phase 2: Compute new object addresses
[2026-06-17T09:55:58.501+0800][7.130s][info][gc,phases      ] GC(164) Phase 2: Compute new object addresses 0.417ms
[2026-06-17T09:55:58.501+0800][7.130s][info][gc,phases,start] GC(164) Phase 3: Adjust pointers
[2026-06-17T09:55:58.502+0800][7.131s][info][gc,phases      ] GC(164) Phase 3: Adjust pointers 0.338ms
[2026-06-17T09:55:58.502+0800][7.131s][info][gc,phases,start] GC(164) Phase 4: Move objects
[2026-06-17T09:55:58.504+0800][7.133s][info][gc,phases      ] GC(164) Phase 4: Move objects 2.135ms
[2026-06-17T09:55:58.504+0800][7.134s][info][gc,heap        ] GC(164) DefNew: 19537K(19648K)->0K(19648K) Eden: 17444K(17472K)->0K(17472K) From: 2092K(2176K)->0K(2176K)
[2026-06-17T09:55:58.505+0800][7.134s][info][gc,heap        ] GC(164) Tenured: 40858K(43712K)->31835K(43712K)
[2026-06-17T09:55:58.505+0800][7.134s][info][gc,metaspace   ] GC(164) Metaspace: 148K(384K)->148K(384K) NonClass: 143K(256K)->143K(256K) Class: 4K(128K)->4K(128K)
[2026-06-17T09:55:58.505+0800][7.134s][info][gc             ] GC(164) Pause Full (Allocation Failure) 58M->31M(61M) 5.561ms
[2026-06-17T09:55:58.505+0800][7.134s][info][gc,cpu         ] GC(164) User=0.00s Sys=0.00s Real=0.01s
[2026-06-17T09:55:58.547+0800][7.176s][info][gc,start       ] GC(165) Pause Young (Allocation Failure)
[2026-06-17T09:55:58.564+0800][7.193s][info][gc,heap        ] GC(165) DefNew: 17441K(19648K)->2173K(19648K) Eden: 17441K(17472K)->0K(17472K) From: 0K(2176K)->2173K(2176K)
[2026-06-17T09:55:58.565+0800][7.194s][info][gc,heap        ] GC(165) Tenured: 31835K(43712K)->36298K(43712K)
[2026-06-17T09:55:58.565+0800][7.194s][info][gc,metaspace   ] GC(165) Metaspace: 148K(384K)->148K(384K) NonClass: 143K(256K)->143K(256K) Class: 4K(128K)->4K(128K)
[2026-06-17T09:55:58.565+0800][7.195s][info][gc             ] GC(165) Pause Young (Allocation Failure) 48M->37M(61M) 18.160ms
[2026-06-17T09:55:58.566+0800][7.195s][info][gc,cpu         ] GC(165) User=0.00s Sys=0.00s Real=0.02s
[2026-06-17T09:55:58.608+0800][7.237s][info][gc,start       ] GC(166) Pause Young (Allocation Failure)
[2026-06-17T09:55:58.610+0800][7.239s][info][gc,heap        ] GC(166) DefNew: 19634K(19648K)->2171K(19648K) Eden: 17460K(17472K)->0K(17472K) From: 2173K(2176K)->2171K(2176K)
[2026-06-17T09:55:58.610+0800][7.240s][info][gc,heap        ] GC(166) Tenured: 36298K(43712K)->40519K(43712K)
[2026-06-17T09:55:58.611+0800][7.240s][info][gc,metaspace   ] GC(166) Metaspace: 148K(384K)->148K(384K) NonClass: 143K(256K)->143K(256K) Class: 4K(128K)->4K(128K)
[2026-06-17T09:55:58.611+0800][7.240s][info][gc             ] GC(166) Pause Young (Allocation Failure) 54M->41M(61M) 2.925ms
[2026-06-17T09:55:58.611+0800][7.241s][info][gc,cpu         ] GC(166) User=0.00s Sys=0.00s Real=0.01s
[2026-06-17T09:55:58.654+0800][7.283s][info][gc,start       ] GC(167) Pause Young (Allocation Failure)
[2026-06-17T09:55:58.655+0800][7.284s][info][gc             ] GC(167) Pause Young (Allocation Failure) 58M->58M(61M) 0.512ms
[2026-06-17T09:55:58.655+0800][7.284s][info][gc,cpu         ] GC(167) User=0.00s Sys=0.00s Real=0.00s
[2026-06-17T09:55:58.655+0800][7.284s][info][gc,start       ] GC(168) Pause Full (Allocation Failure)
[2026-06-17T09:55:58.655+0800][7.284s][info][gc,phases,start] GC(168) Phase 1: Mark live objects
[2026-06-17T09:55:58.656+0800][7.285s][info][gc,phases      ] GC(168) Phase 1: Mark live objects 0.629ms
[2026-06-17T09:55:58.656+0800][7.285s][info][gc,phases,start] GC(168) Phase 2: Compute new object addresses
[2026-06-17T09:55:58.657+0800][7.286s][info][gc,phases      ] GC(168) Phase 2: Compute new object addresses 0.459ms
[2026-06-17T09:55:58.657+0800][7.286s][info][gc,phases,start] GC(168) Phase 3: Adjust pointers
[2026-06-17T09:55:58.657+0800][7.286s][info][gc,phases      ] GC(168) Phase 3: Adjust pointers 0.430ms
[2026-06-17T09:55:58.658+0800][7.287s][info][gc,phases,start] GC(168) Phase 4: Move objects
[2026-06-17T09:55:58.660+0800][7.289s][info][gc,phases      ] GC(168) Phase 4: Move objects 2.334ms
[2026-06-17T09:55:58.660+0800][7.290s][info][gc,heap        ] GC(168) DefNew: 19643K(19648K)->0K(19648K) Eden: 17472K(17472K)->0K(17472K) From: 2171K(2176K)->0K(2176K)
[2026-06-17T09:55:58.661+0800][7.290s][info][gc,heap        ] GC(168) Tenured: 40519K(43712K)->32074K(43712K)
[2026-06-17T09:55:58.661+0800][7.290s][info][gc,metaspace   ] GC(168) Metaspace: 148K(384K)->148K(384K) NonClass: 143K(256K)->143K(256K) Class: 4K(128K)->4K(128K)
[2026-06-17T09:55:58.661+0800][7.290s][info][gc             ] GC(168) Pause Full (Allocation Failure) 58M->31M(61M) 5.940ms
[2026-06-17T09:55:58.661+0800][7.290s][info][gc,cpu         ] GC(168) User=0.01s Sys=0.00s Real=0.00s
[2026-06-17T09:55:58.704+0800][7.333s][info][gc,start       ] GC(169) Pause Young (Allocation Failure)
[2026-06-17T09:55:58.705+0800][7.334s][info][gc,heap        ] GC(169) DefNew: 17472K(19648K)->2161K(19648K) Eden: 17472K(17472K)->0K(17472K) From: 0K(2176K)->2161K(2176K)
[2026-06-17T09:55:58.706+0800][7.335s][info][gc,heap        ] GC(169) Tenured: 32074K(43712K)->35919K(43712K)
[2026-06-17T09:55:58.706+0800][7.335s][info][gc,metaspace   ] GC(169) Metaspace: 148K(384K)->148K(384K) NonClass: 143K(256K)->143K(256K) Class: 4K(128K)->4K(128K)
[2026-06-17T09:55:58.706+0800][7.336s][info][gc             ] GC(169) Pause Young (Allocation Failure) 48M->37M(61M) 2.707ms
[2026-06-17T09:55:58.707+0800][7.336s][info][gc,cpu         ] GC(169) User=0.00s Sys=0.00s Real=0.00s
[2026-06-17T09:55:58.749+0800][7.378s][info][gc,start       ] GC(170) Pause Young (Allocation Failure)
[2026-06-17T09:55:58.751+0800][7.380s][info][gc,heap        ] GC(170) DefNew: 19612K(19648K)->2173K(19648K) Eden: 17450K(17472K)->0K(17472K) From: 2161K(2176K)->2173K(2176K)
[2026-06-17T09:55:58.751+0800][7.380s][info][gc,heap        ] GC(170) Tenured: 35919K(43712K)->39518K(43712K)
[2026-06-17T09:55:58.751+0800][7.380s][info][gc,metaspace   ] GC(170) Metaspace: 148K(384K)->148K(384K) NonClass: 143K(256K)->143K(256K) Class: 4K(128K)->4K(128K)
[2026-06-17T09:55:58.751+0800][7.380s][info][gc             ] GC(170) Pause Young (Allocation Failure) 54M->40M(61M) 2.090ms
[2026-06-17T09:55:58.752+0800][7.381s][info][gc,cpu         ] GC(170) User=0.00s Sys=0.00s Real=0.01s
[2026-06-17T09:55:58.794+0800][7.424s][info][gc,start       ] GC(171) Pause Young (Allocation Failure)
[2026-06-17T09:55:58.795+0800][7.424s][info][gc             ] GC(171) Pause Young (Allocation Failure) 57M->57M(61M) 0.760ms
[2026-06-17T09:55:58.796+0800][7.425s][info][gc,cpu         ] GC(171) User=0.00s Sys=0.00s Real=0.00s
[2026-06-17T09:55:58.796+0800][7.425s][info][gc,start       ] GC(172) Pause Full (Allocation Failure)
[2026-06-17T09:55:58.796+0800][7.426s][info][gc,phases,start] GC(172) Phase 1: Mark live objects
[2026-06-17T09:55:58.797+0800][7.427s][info][gc,phases      ] GC(172) Phase 1: Mark live objects 1.011ms
[2026-06-17T09:55:58.798+0800][7.427s][info][gc,phases,start] GC(172) Phase 2: Compute new object addresses
[2026-06-17T09:55:58.798+0800][7.427s][info][gc,phases      ] GC(172) Phase 2: Compute new object addresses 0.514ms
[2026-06-17T09:55:58.799+0800][7.428s][info][gc,phases,start] GC(172) Phase 3: Adjust pointers
[2026-06-17T09:55:58.799+0800][7.428s][info][gc,phases      ] GC(172) Phase 3: Adjust pointers 0.608ms
[2026-06-17T09:55:58.799+0800][7.429s][info][gc,phases,start] GC(172) Phase 4: Move objects
[2026-06-17T09:55:58.801+0800][7.430s][info][gc,phases      ] GC(172) Phase 4: Move objects 1.767ms
[2026-06-17T09:55:58.802+0800][7.431s][info][gc,heap        ] GC(172) DefNew: 19419K(19648K)->0K(19648K) Eden: 17246K(17472K)->0K(17472K) From: 2173K(2176K)->0K(2176K)
[2026-06-17T09:55:58.802+0800][7.431s][info][gc,heap        ] GC(172) Tenured: 39518K(43712K)->28667K(43712K)
[2026-06-17T09:55:58.802+0800][7.431s][info][gc,metaspace   ] GC(172) Metaspace: 148K(384K)->148K(384K) NonClass: 143K(256K)->143K(256K) Class: 4K(128K)->4K(128K)
[2026-06-17T09:55:58.802+0800][7.431s][info][gc             ] GC(172) Pause Full (Allocation Failure) 57M->27M(61M) 5.811ms
[2026-06-17T09:55:58.802+0800][7.431s][info][gc,cpu         ] GC(172) User=0.00s Sys=0.00s Real=0.00s
[2026-06-17T09:55:58.845+0800][7.474s][info][gc,start       ] GC(173) Pause Young (Allocation Failure)
[2026-06-17T09:55:58.847+0800][7.476s][info][gc,heap        ] GC(173) DefNew: 17423K(19648K)->2167K(19648K) Eden: 17423K(17472K)->0K(17472K) From: 0K(2176K)->2167K(2176K)
[2026-06-17T09:55:58.847+0800][7.476s][info][gc,heap        ] GC(173) Tenured: 28667K(43712K)->33478K(43712K)
[2026-06-17T09:55:58.848+0800][7.477s][info][gc,metaspace   ] GC(173) Metaspace: 148K(384K)->148K(384K) NonClass: 143K(256K)->143K(256K) Class: 4K(128K)->4K(128K)
[2026-06-17T09:55:58.848+0800][7.477s][info][gc             ] GC(173) Pause Young (Allocation Failure) 45M->34M(61M) 3.510ms
[2026-06-17T09:55:58.849+0800][7.478s][info][gc,cpu         ] GC(173) User=0.00s Sys=0.00s Real=0.00s
[2026-06-17T09:55:58.902+0800][7.531s][info][gc,start       ] GC(174) Pause Young (Allocation Failure)
[2026-06-17T09:55:58.903+0800][7.532s][info][gc,heap        ] GC(174) DefNew: 19619K(19648K)->2056K(19648K) Eden: 17451K(17472K)->0K(17472K) From: 2167K(2176K)->2056K(2176K)
[2026-06-17T09:55:58.904+0800][7.533s][info][gc,heap        ] GC(174) Tenured: 33478K(43712K)->35978K(43712K)
[2026-06-17T09:55:58.904+0800][7.533s][info][gc,metaspace   ] GC(174) Metaspace: 148K(384K)->148K(384K) NonClass: 143K(256K)->143K(256K) Class: 4K(128K)->4K(128K)
[2026-06-17T09:55:58.904+0800][7.533s][info][gc             ] GC(174) Pause Young (Allocation Failure) 51M->37M(61M) 2.149ms
[2026-06-17T09:55:58.904+0800][7.534s][info][gc,cpu         ] GC(174) User=0.00s Sys=0.00s Real=0.01s
[2026-06-17T09:55:58.948+0800][7.577s][info][gc,start       ] GC(175) Pause Young (Allocation Failure)
[2026-06-17T09:55:58.949+0800][7.578s][info][gc,heap        ] GC(175) DefNew: 19528K(19648K)->2127K(19648K) Eden: 17472K(17472K)->0K(17472K) From: 2056K(2176K)->2127K(2176K)
[2026-06-17T09:55:58.950+0800][7.579s][info][gc,heap        ] GC(175) Tenured: 35978K(43712K)->39543K(43712K)
[2026-06-17T09:55:58.950+0800][7.579s][info][gc,metaspace   ] GC(175) Metaspace: 148K(384K)->148K(384K) NonClass: 143K(256K)->143K(256K) Class: 4K(128K)->4K(128K)
[2026-06-17T09:55:58.950+0800][7.579s][info][gc             ] GC(175) Pause Young (Allocation Failure) 54M->40M(61M) 2.640ms
[2026-06-17T09:55:58.951+0800][7.580s][info][gc,cpu         ] GC(175) User=0.00s Sys=0.00s Real=0.01s
[2026-06-17T09:55:58.994+0800][7.623s][info][gc,start       ] GC(176) Pause Young (Allocation Failure)
[2026-06-17T09:55:59.018+0800][7.647s][info][gc             ] GC(176) Pause Young (Allocation Failure) 57M->57M(61M) 24.149ms
[2026-06-17T09:55:59.095+0800][7.724s][info][gc,cpu         ] GC(176) User=0.00s Sys=0.00s Real=0.10s
[2026-06-17T09:55:59.096+0800][7.725s][info][gc,start       ] GC(177) Pause Full (Allocation Failure)
[2026-06-17T09:55:59.096+0800][7.725s][info][gc,phases,start] GC(177) Phase 1: Mark live objects
[2026-06-17T09:55:59.099+0800][7.728s][info][gc,phases      ] GC(177) Phase 1: Mark live objects 2.796ms
[2026-06-17T09:55:59.101+0800][7.730s][info][gc,phases,start] GC(177) Phase 2: Compute new object addresses
[2026-06-17T09:55:59.105+0800][7.734s][info][gc,phases      ] GC(177) Phase 2: Compute new object addresses 4.031ms
[2026-06-17T09:55:59.113+0800][7.742s][info][gc,phases,start] GC(177) Phase 3: Adjust pointers
[2026-06-17T09:55:59.114+0800][7.744s][info][gc,phases      ] GC(177) Phase 3: Adjust pointers 1.467ms
[2026-06-17T09:55:59.116+0800][7.746s][info][gc,phases,start] GC(177) Phase 4: Move objects
[2026-06-17T09:55:59.120+0800][7.749s][info][gc,phases      ] GC(177) Phase 4: Move objects 3.705ms
[2026-06-17T09:55:59.121+0800][7.750s][info][gc,heap        ] GC(177) DefNew: 19597K(19648K)->0K(19648K) Eden: 17469K(17472K)->0K(17472K) From: 2127K(2176K)->0K(2176K)
[2026-06-17T09:55:59.121+0800][7.750s][info][gc,heap        ] GC(177) Tenured: 39543K(43712K)->27037K(43712K)
[2026-06-17T09:55:59.121+0800][7.750s][info][gc,metaspace   ] GC(177) Metaspace: 148K(384K)->148K(384K) NonClass: 143K(256K)->143K(256K) Class: 4K(128K)->4K(128K)
[2026-06-17T09:55:59.121+0800][7.750s][info][gc             ] GC(177) Pause Full (Allocation Failure) 57M->26M(61M) 25.369ms
[2026-06-17T09:55:59.121+0800][7.750s][info][gc,cpu         ] GC(177) User=0.01s Sys=0.00s Real=0.02s
[2026-06-17T09:55:59.164+0800][7.793s][info][gc,start       ] GC(178) Pause Young (Allocation Failure)
[2026-06-17T09:55:59.173+0800][7.802s][info][gc,heap        ] GC(178) DefNew: 17472K(19648K)->2171K(19648K) Eden: 17472K(17472K)->0K(17472K) From: 0K(2176K)->2171K(2176K)
[2026-06-17T09:55:59.179+0800][7.809s][info][gc,heap        ] GC(178) Tenured: 27037K(43712K)->31668K(43712K)
[2026-06-17T09:55:59.180+0800][7.809s][info][gc,metaspace   ] GC(178) Metaspace: 148K(384K)->148K(384K) NonClass: 143K(256K)->143K(256K) Class: 4K(128K)->4K(128K)
[2026-06-17T09:55:59.183+0800][7.813s][info][gc             ] GC(178) Pause Young (Allocation Failure) 43M->33M(61M) 19.939ms
[2026-06-17T09:55:59.194+0800][7.823s][info][gc,cpu         ] GC(178) User=0.00s Sys=0.00s Real=0.03s
[2026-06-17T09:55:59.237+0800][7.866s][info][gc,start       ] GC(179) Pause Young (Allocation Failure)
[2026-06-17T09:55:59.238+0800][7.867s][info][gc,heap        ] GC(179) DefNew: 19639K(19648K)->2171K(19648K) Eden: 17467K(17472K)->0K(17472K) From: 2171K(2176K)->2171K(2176K)
[2026-06-17T09:55:59.239+0800][7.869s][info][gc,heap        ] GC(179) Tenured: 31668K(43712K)->37470K(43712K)
[2026-06-17T09:55:59.240+0800][7.869s][info][gc,metaspace   ] GC(179) Metaspace: 148K(384K)->148K(384K) NonClass: 143K(256K)->143K(256K) Class: 4K(128K)->4K(128K)
[2026-06-17T09:55:59.241+0800][7.871s][info][gc             ] GC(179) Pause Young (Allocation Failure) 50M->38M(61M) 4.616ms
[2026-06-17T09:55:59.242+0800][7.872s][info][gc,cpu         ] GC(179) User=0.00s Sys=0.00s Real=0.01s
[2026-06-17T09:55:59.296+0800][7.925s][info][gc,start       ] GC(180) Pause Young (Allocation Failure)
[2026-06-17T09:55:59.297+0800][7.926s][info][gc             ] GC(180) Pause Young (Allocation Failure) 55M->55M(61M) 0.526ms
[2026-06-17T09:55:59.297+0800][7.926s][info][gc,cpu         ] GC(180) User=0.00s Sys=0.00s Real=0.00s
[2026-06-17T09:55:59.297+0800][7.926s][info][gc,start       ] GC(181) Pause Full (Allocation Failure)
[2026-06-17T09:55:59.297+0800][7.927s][info][gc,phases,start] GC(181) Phase 1: Mark live objects
[2026-06-17T09:55:59.298+0800][7.927s][info][gc,phases      ] GC(181) Phase 1: Mark live objects 0.531ms
[2026-06-17T09:55:59.298+0800][7.927s][info][gc,phases,start] GC(181) Phase 2: Compute new object addresses
[2026-06-17T09:55:59.299+0800][7.928s][info][gc,phases      ] GC(181) Phase 2: Compute new object addresses 0.447ms
[2026-06-17T09:55:59.299+0800][7.928s][info][gc,phases,start] GC(181) Phase 3: Adjust pointers
[2026-06-17T09:55:59.299+0800][7.928s][info][gc,phases      ] GC(181) Phase 3: Adjust pointers 0.404ms
[2026-06-17T09:55:59.299+0800][7.929s][info][gc,phases,start] GC(181) Phase 4: Move objects
[2026-06-17T09:55:59.302+0800][7.931s][info][gc,phases      ] GC(181) Phase 4: Move objects 2.365ms
[2026-06-17T09:55:59.302+0800][7.931s][info][gc,heap        ] GC(181) DefNew: 19643K(19648K)->0K(19648K) Eden: 17472K(17472K)->0K(17472K) From: 2171K(2176K)->0K(2176K)
[2026-06-17T09:55:59.302+0800][7.932s][info][gc,heap        ] GC(181) Tenured: 37470K(43712K)->24569K(43712K)
[2026-06-17T09:55:59.303+0800][7.932s][info][gc,metaspace   ] GC(181) Metaspace: 148K(384K)->148K(384K) NonClass: 143K(256K)->143K(256K) Class: 4K(128K)->4K(128K)
[2026-06-17T09:55:59.303+0800][7.932s][info][gc             ] GC(181) Pause Full (Allocation Failure) 55M->23M(61M) 5.508ms
[2026-06-17T09:55:59.303+0800][7.932s][info][gc,cpu         ] GC(181) User=0.00s Sys=0.00s Real=0.01s
[2026-06-17T09:55:59.345+0800][7.975s][info][gc,start       ] GC(182) Pause Young (Allocation Failure)
[2026-06-17T09:55:59.347+0800][7.976s][info][gc,heap        ] GC(182) DefNew: 17472K(19648K)->2175K(19648K) Eden: 17472K(17472K)->0K(17472K) From: 0K(2176K)->2175K(2176K)
[2026-06-17T09:55:59.347+0800][7.976s][info][gc,heap        ] GC(182) Tenured: 24569K(43712K)->29249K(43712K)
[2026-06-17T09:55:59.347+0800][7.976s][info][gc,metaspace   ] GC(182) Metaspace: 148K(384K)->148K(384K) NonClass: 143K(256K)->143K(256K) Class: 4K(128K)->4K(128K)
[2026-06-17T09:55:59.347+0800][7.976s][info][gc             ] GC(182) Pause Young (Allocation Failure) 41M->30M(61M) 1.635ms
[2026-06-17T09:55:59.347+0800][7.976s][info][gc,cpu         ] GC(182) User=0.01s Sys=0.00s Real=0.00s
[2026-06-17T09:55:59.389+0800][8.018s][info][gc,start       ] GC(183) Pause Young (Allocation Failure)
[2026-06-17T09:55:59.391+0800][8.020s][info][gc,heap        ] GC(183) DefNew: 19631K(19648K)->2174K(19648K) Eden: 17456K(17472K)->0K(17472K) From: 2175K(2176K)->2174K(2176K)
[2026-06-17T09:55:59.392+0800][8.022s][info][gc,heap        ] GC(183) Tenured: 29249K(43712K)->33561K(43712K)
[2026-06-17T09:55:59.393+0800][8.022s][info][gc,metaspace   ] GC(183) Metaspace: 148K(384K)->148K(384K) NonClass: 143K(256K)->143K(256K) Class: 4K(128K)->4K(128K)
[2026-06-17T09:55:59.393+0800][8.022s][info][gc             ] GC(183) Pause Young (Allocation Failure) 47M->34M(61M) 3.960ms
[2026-06-17T09:55:59.394+0800][8.023s][info][gc,cpu         ] GC(183) User=0.00s Sys=0.00s Real=0.01s
[2026-06-17T09:55:59.436+0800][8.065s][info][gc,start       ] GC(184) Pause Young (Allocation Failure)
[2026-06-17T09:55:59.437+0800][8.066s][info][gc,heap        ] GC(184) DefNew: 19637K(19648K)->2175K(19648K) Eden: 17462K(17472K)->0K(17472K) From: 2174K(2176K)->2175K(2176K)
[2026-06-17T09:55:59.437+0800][8.066s][info][gc,heap        ] GC(184) Tenured: 33561K(43712K)->37850K(43712K)
[2026-06-17T09:55:59.438+0800][8.067s][info][gc,metaspace   ] GC(184) Metaspace: 148K(384K)->148K(384K) NonClass: 143K(256K)->143K(256K) Class: 4K(128K)->4K(128K)
[2026-06-17T09:55:59.438+0800][8.067s][info][gc             ] GC(184) Pause Young (Allocation Failure) 51M->39M(61M) 1.937ms
[2026-06-17T09:55:59.438+0800][8.067s][info][gc,cpu         ] GC(184) User=0.00s Sys=0.00s Real=0.00s
[2026-06-17T09:55:59.480+0800][8.110s][info][gc,start       ] GC(185) Pause Young (Allocation Failure)
[2026-06-17T09:55:59.482+0800][8.112s][info][gc             ] GC(185) Pause Young (Allocation Failure) 56M->56M(61M) 2.011ms
[2026-06-17T09:55:59.483+0800][8.112s][info][gc,cpu         ] GC(185) User=0.00s Sys=0.00s Real=0.01s
[2026-06-17T09:55:59.485+0800][8.114s][info][gc,start       ] GC(186) Pause Full (Allocation Failure)
[2026-06-17T09:55:59.487+0800][8.116s][info][gc,phases,start] GC(186) Phase 1: Mark live objects
[2026-06-17T09:55:59.490+0800][8.119s][info][gc,phases      ] GC(186) Phase 1: Mark live objects 2.555ms
[2026-06-17T09:55:59.491+0800][8.120s][info][gc,phases,start] GC(186) Phase 2: Compute new object addresses
[2026-06-17T09:55:59.493+0800][8.122s][info][gc,phases      ] GC(186) Phase 2: Compute new object addresses 2.273ms
[2026-06-17T09:55:59.494+0800][8.123s][info][gc,phases,start] GC(186) Phase 3: Adjust pointers
[2026-06-17T09:55:59.495+0800][8.124s][info][gc,phases      ] GC(186) Phase 3: Adjust pointers 1.018ms
[2026-06-17T09:55:59.497+0800][8.126s][info][gc,phases,start] GC(186) Phase 4: Move objects
[2026-06-17T09:55:59.502+0800][8.131s][info][gc,phases      ] GC(186) Phase 4: Move objects 4.798ms
[2026-06-17T09:55:59.504+0800][8.133s][info][gc,heap        ] GC(186) DefNew: 19647K(19648K)->0K(19648K) Eden: 17472K(17472K)->0K(17472K) From: 2175K(2176K)->0K(2176K)
[2026-06-17T09:55:59.506+0800][8.135s][info][gc,heap        ] GC(186) Tenured: 37850K(43712K)->29744K(43712K)
[2026-06-17T09:55:59.507+0800][8.136s][info][gc,metaspace   ] GC(186) Metaspace: 148K(384K)->148K(384K) NonClass: 143K(256K)->143K(256K) Class: 4K(128K)->4K(128K)
[2026-06-17T09:55:59.509+0800][8.138s][info][gc             ] GC(186) Pause Full (Allocation Failure) 56M->29M(61M) 23.887ms
[2026-06-17T09:55:59.509+0800][8.138s][info][gc,cpu         ] GC(186) User=0.00s Sys=0.01s Real=0.02s
[2026-06-17T09:55:59.562+0800][8.191s][info][gc,start       ] GC(187) Pause Young (Allocation Failure)
[2026-06-17T09:55:59.564+0800][8.193s][info][gc,heap        ] GC(187) DefNew: 17472K(19648K)->2074K(19648K) Eden: 17472K(17472K)->0K(17472K) From: 0K(2176K)->2074K(2176K)
[2026-06-17T09:55:59.564+0800][8.193s][info][gc,heap        ] GC(187) Tenured: 29744K(43712K)->31067K(43712K)
[2026-06-17T09:55:59.565+0800][8.194s][info][gc,metaspace   ] GC(187) Metaspace: 148K(384K)->148K(384K) NonClass: 143K(256K)->143K(256K) Class: 4K(128K)->4K(128K)
[2026-06-17T09:55:59.565+0800][8.194s][info][gc             ] GC(187) Pause Young (Allocation Failure) 46M->32M(61M) 2.853ms
[2026-06-17T09:55:59.566+0800][8.195s][info][gc,cpu         ] GC(187) User=0.00s Sys=0.00s Real=0.01s
[2026-06-17T09:55:59.598+0800][8.227s][info][gc,start       ] GC(188) Pause Young (Allocation Failure)
[2026-06-17T09:55:59.600+0800][8.229s][info][gc,heap        ] GC(188) DefNew: 19351K(19648K)->2156K(19648K) Eden: 17277K(17472K)->0K(17472K) From: 2074K(2176K)->2156K(2176K)
[2026-06-17T09:55:59.600+0800][8.229s][info][gc,heap        ] GC(188) Tenured: 31067K(43712K)->34459K(43712K)
[2026-06-17T09:55:59.601+0800][8.230s][info][gc,metaspace   ] GC(188) Metaspace: 148K(384K)->148K(384K) NonClass: 143K(256K)->143K(256K) Class: 4K(128K)->4K(128K)
[2026-06-17T09:55:59.601+0800][8.230s][info][gc             ] GC(188) Pause Young (Allocation Failure) 49M->35M(61M) 2.723ms
[2026-06-17T09:55:59.601+0800][8.230s][info][gc,cpu         ] GC(188) User=0.00s Sys=0.00s Real=0.00s
[2026-06-17T09:55:59.655+0800][8.284s][info][gc,start       ] GC(189) Pause Young (Allocation Failure)
[2026-06-17T09:55:59.656+0800][8.285s][info][gc,heap        ] GC(189) DefNew: 19628K(19648K)->2147K(19648K) Eden: 17472K(17472K)->0K(17472K) From: 2156K(2176K)->2147K(2176K)
[2026-06-17T09:55:59.657+0800][8.286s][info][gc,heap        ] GC(189) Tenured: 34459K(43712K)->38380K(43712K)
[2026-06-17T09:55:59.657+0800][8.286s][info][gc,metaspace   ] GC(189) Metaspace: 148K(384K)->148K(384K) NonClass: 143K(256K)->143K(256K) Class: 4K(128K)->4K(128K)
[2026-06-17T09:55:59.657+0800][8.286s][info][gc             ] GC(189) Pause Young (Allocation Failure) 52M->39M(61M) 2.739ms
[2026-06-17T09:55:59.658+0800][8.287s][info][gc,cpu         ] GC(189) User=0.00s Sys=0.00s Real=0.00s
[2026-06-17T09:55:59.701+0800][8.330s][info][gc,start       ] GC(190) Pause Young (Allocation Failure)
[2026-06-17T09:55:59.701+0800][8.331s][info][gc             ] GC(190) Pause Young (Allocation Failure) 56M->56M(61M) 0.753ms
[2026-06-17T09:55:59.702+0800][8.331s][info][gc,cpu         ] GC(190) User=0.00s Sys=0.00s Real=0.00s
[2026-06-17T09:55:59.702+0800][8.331s][info][gc,start       ] GC(191) Pause Full (Allocation Failure)
[2026-06-17T09:55:59.703+0800][8.332s][info][gc,phases,start] GC(191) Phase 1: Mark live objects
[2026-06-17T09:55:59.703+0800][8.333s][info][gc,phases      ] GC(191) Phase 1: Mark live objects 0.737ms
[2026-06-17T09:55:59.704+0800][8.333s][info][gc,phases,start] GC(191) Phase 2: Compute new object addresses
[2026-06-17T09:55:59.704+0800][8.333s][info][gc,phases      ] GC(191) Phase 2: Compute new object addresses 0.494ms
[2026-06-17T09:55:59.705+0800][8.334s][info][gc,phases,start] GC(191) Phase 3: Adjust pointers
[2026-06-17T09:55:59.705+0800][8.334s][info][gc,phases      ] GC(191) Phase 3: Adjust pointers 0.475ms
[2026-06-17T09:55:59.705+0800][8.334s][info][gc,phases,start] GC(191) Phase 4: Move objects
[2026-06-17T09:55:59.708+0800][8.337s][info][gc,phases      ] GC(191) Phase 4: Move objects 2.579ms
[2026-06-17T09:55:59.708+0800][8.337s][info][gc,heap        ] GC(191) DefNew: 19619K(19648K)->0K(19648K) Eden: 17472K(17472K)->0K(17472K) From: 2147K(2176K)->0K(2176K)
[2026-06-17T09:55:59.708+0800][8.337s][info][gc,heap        ] GC(191) Tenured: 38380K(43712K)->31278K(43712K)
[2026-06-17T09:55:59.708+0800][8.338s][info][gc,metaspace   ] GC(191) Metaspace: 148K(384K)->148K(384K) NonClass: 143K(256K)->143K(256K) Class: 4K(128K)->4K(128K)
[2026-06-17T09:55:59.709+0800][8.338s][info][gc             ] GC(191) Pause Full (Allocation Failure) 56M->30M(61M) 6.328ms
[2026-06-17T09:55:59.709+0800][8.338s][info][gc,cpu         ] GC(191) User=0.01s Sys=0.00s Real=0.01s
[2026-06-17T09:55:59.751+0800][8.380s][info][gc,start       ] GC(192) Pause Young (Allocation Failure)
[2026-06-17T09:55:59.752+0800][8.382s][info][gc,heap        ] GC(192) DefNew: 17445K(19648K)->2170K(19648K) Eden: 17445K(17472K)->0K(17472K) From: 0K(2176K)->2170K(2176K)
[2026-06-17T09:55:59.753+0800][8.382s][info][gc,heap        ] GC(192) Tenured: 31278K(43712K)->36589K(43712K)
[2026-06-17T09:55:59.753+0800][8.382s][info][gc,metaspace   ] GC(192) Metaspace: 148K(384K)->148K(384K) NonClass: 143K(256K)->143K(256K) Class: 4K(128K)->4K(128K)
[2026-06-17T09:55:59.753+0800][8.383s][info][gc             ] GC(192) Pause Young (Allocation Failure) 47M->37M(61M) 2.353ms
[2026-06-17T09:55:59.754+0800][8.383s][info][gc,cpu         ] GC(192) User=0.00s Sys=0.00s Real=0.00s
[2026-06-17T09:55:59.807+0800][8.436s][info][gc,start       ] GC(193) Pause Young (Allocation Failure)
[2026-06-17T09:55:59.808+0800][8.437s][info][gc,heap        ] GC(193) DefNew: 19613K(19648K)->2110K(19648K) Eden: 17442K(17472K)->0K(17472K) From: 2170K(2176K)->2110K(2176K)
[2026-06-17T09:55:59.809+0800][8.438s][info][gc,heap        ] GC(193) Tenured: 36589K(43712K)->38085K(43712K)
[2026-06-17T09:55:59.809+0800][8.438s][info][gc,metaspace   ] GC(193) Metaspace: 148K(384K)->148K(384K) NonClass: 143K(256K)->143K(256K) Class: 4K(128K)->4K(128K)
[2026-06-17T09:55:59.809+0800][8.439s][info][gc             ] GC(193) Pause Young (Allocation Failure) 54M->39M(61M) 2.507ms
[2026-06-17T09:55:59.810+0800][8.439s][info][gc,cpu         ] GC(193) User=0.00s Sys=0.00s Real=0.00s
[2026-06-17T09:55:59.853+0800][8.482s][info][gc,start       ] GC(194) Pause Young (Allocation Failure)
[2026-06-17T09:55:59.853+0800][8.483s][info][gc             ] GC(194) Pause Young (Allocation Failure) 56M->56M(61M) 0.471ms
[2026-06-17T09:55:59.854+0800][8.483s][info][gc,cpu         ] GC(194) User=0.00s Sys=0.00s Real=0.00s
[2026-06-17T09:55:59.854+0800][8.483s][info][gc,start       ] GC(195) Pause Full (Allocation Failure)
[2026-06-17T09:55:59.855+0800][8.484s][info][gc,phases,start] GC(195) Phase 1: Mark live objects
[2026-06-17T09:55:59.855+0800][8.484s][info][gc,phases      ] GC(195) Phase 1: Mark live objects 0.661ms
[2026-06-17T09:55:59.856+0800][8.485s][info][gc,phases,start] GC(195) Phase 2: Compute new object addresses
[2026-06-17T09:55:59.856+0800][8.485s][info][gc,phases      ] GC(195) Phase 2: Compute new object addresses 0.626ms
[2026-06-17T09:55:59.857+0800][8.486s][info][gc,phases,start] GC(195) Phase 3: Adjust pointers
[2026-06-17T09:55:59.857+0800][8.486s][info][gc,phases      ] GC(195) Phase 3: Adjust pointers 0.438ms
[2026-06-17T09:55:59.857+0800][8.486s][info][gc,phases,start] GC(195) Phase 4: Move objects
[2026-06-17T09:55:59.860+0800][8.489s][info][gc,phases      ] GC(195) Phase 4: Move objects 2.203ms
[2026-06-17T09:55:59.860+0800][8.489s][info][gc,heap        ] GC(195) DefNew: 19571K(19648K)->0K(19648K) Eden: 17461K(17472K)->0K(17472K) From: 2110K(2176K)->0K(2176K)
[2026-06-17T09:55:59.860+0800][8.489s][info][gc,heap        ] GC(195) Tenured: 38085K(43712K)->31223K(43712K)
[2026-06-17T09:55:59.860+0800][8.489s][info][gc,metaspace   ] GC(195) Metaspace: 148K(384K)->148K(384K) NonClass: 143K(256K)->143K(256K) Class: 4K(128K)->4K(128K)
[2026-06-17T09:55:59.860+0800][8.490s][info][gc             ] GC(195) Pause Full (Allocation Failure) 56M->30M(61M) 6.212ms
[2026-06-17T09:55:59.861+0800][8.490s][info][gc,cpu         ] GC(195) User=0.00s Sys=0.00s Real=0.00s
[2026-06-17T09:55:59.903+0800][8.532s][info][gc,start       ] GC(196) Pause Young (Allocation Failure)
[2026-06-17T09:55:59.905+0800][8.534s][info][gc,heap        ] GC(196) DefNew: 17428K(19648K)->2175K(19648K) Eden: 17428K(17472K)->0K(17472K) From: 0K(2176K)->2175K(2176K)
[2026-06-17T09:55:59.905+0800][8.534s][info][gc,heap        ] GC(196) Tenured: 31223K(43712K)->35666K(43712K)
[2026-06-17T09:55:59.906+0800][8.535s][info][gc,metaspace   ] GC(196) Metaspace: 148K(384K)->148K(384K) NonClass: 143K(256K)->143K(256K) Class: 4K(128K)->4K(128K)
[2026-06-17T09:55:59.906+0800][8.535s][info][gc             ] GC(196) Pause Young (Allocation Failure) 47M->36M(61M) 2.700ms
[2026-06-17T09:55:59.906+0800][8.536s][info][gc,cpu         ] GC(196) User=0.00s Sys=0.00s Real=0.00s
[2026-06-17T09:55:59.949+0800][8.578s][info][gc,start       ] GC(197) Pause Young (Allocation Failure)
[2026-06-17T09:55:59.951+0800][8.580s][info][gc,heap        ] GC(197) DefNew: 19647K(19648K)->2174K(19648K) Eden: 17472K(17472K)->0K(17472K) From: 2175K(2176K)->2174K(2176K)
[2026-06-17T09:55:59.952+0800][8.581s][info][gc,heap        ] GC(197) Tenured: 35666K(43712K)->43014K(43712K)
[2026-06-17T09:55:59.952+0800][8.581s][info][gc,metaspace   ] GC(197) Metaspace: 148K(384K)->148K(384K) NonClass: 143K(256K)->143K(256K) Class: 4K(128K)->4K(128K)
[2026-06-17T09:55:59.952+0800][8.581s][info][gc             ] GC(197) Pause Young (Allocation Failure) 54M->44M(61M) 2.804ms
[2026-06-17T09:55:59.952+0800][8.581s][info][gc,cpu         ] GC(197) User=0.01s Sys=0.00s Real=0.01s
[2026-06-17T09:55:59.995+0800][8.624s][info][gc,start       ] GC(198) Pause Young (Allocation Failure)
[2026-06-17T09:55:59.995+0800][8.625s][info][gc             ] GC(198) Pause Young (Allocation Failure) 61M->61M(61M) 0.503ms
[2026-06-17T09:55:59.996+0800][8.625s][info][gc,cpu         ] GC(198) User=0.00s Sys=0.00s Real=0.00s
[2026-06-17T09:55:59.996+0800][8.625s][info][gc,start       ] GC(199) Pause Full (Allocation Failure)
[2026-06-17T09:55:59.997+0800][8.626s][info][gc,phases,start] GC(199) Phase 1: Mark live objects
[2026-06-17T09:55:59.998+0800][8.627s][info][gc,phases      ] GC(199) Phase 1: Mark live objects 1.077ms
[2026-06-17T09:55:59.998+0800][8.627s][info][gc,phases,start] GC(199) Phase 2: Compute new object addresses
[2026-06-17T09:55:59.999+0800][8.628s][info][gc,phases      ] GC(199) Phase 2: Compute new object addresses 0.552ms
[2026-06-17T09:55:59.999+0800][8.628s][info][gc,phases,start] GC(199) Phase 3: Adjust pointers
[2026-06-17T09:55:59.999+0800][8.629s][info][gc,phases      ] GC(199) Phase 3: Adjust pointers 0.540ms
[2026-06-17T09:56:00.000+0800][8.629s][info][gc,phases,start] GC(199) Phase 4: Move objects
[2026-06-17T09:56:00.002+0800][8.631s][info][gc,phases      ] GC(199) Phase 4: Move objects 2.509ms
[2026-06-17T09:56:00.003+0800][8.632s][info][gc,heap        ] GC(199) DefNew: 19624K(19648K)->0K(19648K) Eden: 17449K(17472K)->0K(17472K) From: 2174K(2176K)->0K(2176K)
[2026-06-17T09:56:00.004+0800][8.633s][info][gc,heap        ] GC(199) Tenured: 43014K(43712K)->25936K(43712K)
[2026-06-17T09:56:00.006+0800][8.635s][info][gc,metaspace   ] GC(199) Metaspace: 148K(384K)->148K(384K) NonClass: 143K(256K)->143K(256K) Class: 4K(128K)->4K(128K)
[2026-06-17T09:56:00.008+0800][8.637s][info][gc             ] GC(199) Pause Full (Allocation Failure) 61M->25M(61M) 12.275ms
[2026-06-17T09:56:00.010+0800][8.639s][info][gc,cpu         ] GC(199) User=0.00s Sys=0.00s Real=0.01s
[2026-06-17T09:56:00.064+0800][8.693s][info][gc,start       ] GC(200) Pause Young (Allocation Failure)
[2026-06-17T09:56:00.065+0800][8.694s][info][gc,heap        ] GC(200) DefNew: 17468K(19648K)->2142K(19648K) Eden: 17468K(17472K)->0K(17472K) From: 0K(2176K)->2142K(2176K)
[2026-06-17T09:56:00.065+0800][8.695s][info][gc,heap        ] GC(200) Tenured: 25936K(43712K)->27729K(43712K)
[2026-06-17T09:56:00.066+0800][8.695s][info][gc,metaspace   ] GC(200) Metaspace: 148K(384K)->148K(384K) NonClass: 143K(256K)->143K(256K) Class: 4K(128K)->4K(128K)
[2026-06-17T09:56:00.066+0800][8.695s][info][gc             ] GC(200) Pause Young (Allocation Failure) 42M->29M(61M) 2.259ms
[2026-06-17T09:56:00.066+0800][8.695s][info][gc,cpu         ] GC(200) User=0.01s Sys=0.00s Real=0.00s
[2026-06-17T09:56:00.099+0800][8.728s][info][gc,start       ] GC(201) Pause Young (Allocation Failure)
[2026-06-17T09:56:00.100+0800][8.730s][info][gc,heap        ] GC(201) DefNew: 19503K(19648K)->2128K(19648K) Eden: 17360K(17472K)->0K(17472K) From: 2142K(2176K)->2128K(2176K)
[2026-06-17T09:56:00.101+0800][8.730s][info][gc,heap        ] GC(201) Tenured: 27729K(43712K)->31306K(43712K)
[2026-06-17T09:56:00.102+0800][8.731s][info][gc,metaspace   ] GC(201) Metaspace: 148K(384K)->148K(384K) NonClass: 143K(256K)->143K(256K) Class: 4K(128K)->4K(128K)
[2026-06-17T09:56:00.102+0800][8.731s][info][gc             ] GC(201) Pause Young (Allocation Failure) 46M->32M(61M) 3.203ms
[2026-06-17T09:56:00.102+0800][8.731s][info][gc,cpu         ] GC(201) User=0.00s Sys=0.00s Real=0.00s
[2026-06-17T09:56:00.155+0800][8.784s][info][gc,start       ] GC(202) Pause Young (Allocation Failure)
[2026-06-17T09:56:00.157+0800][8.786s][info][gc,heap        ] GC(202) DefNew: 19600K(19648K)->2096K(19648K) Eden: 17472K(17472K)->0K(17472K) From: 2128K(2176K)->2096K(2176K)
[2026-06-17T09:56:00.157+0800][8.786s][info][gc,heap        ] GC(202) Tenured: 31306K(43712K)->34842K(43712K)
[2026-06-17T09:56:00.157+0800][8.787s][info][gc,metaspace   ] GC(202) Metaspace: 148K(384K)->148K(384K) NonClass: 143K(256K)->143K(256K) Class: 4K(128K)->4K(128K)
[2026-06-17T09:56:00.158+0800][8.787s][info][gc             ] GC(202) Pause Young (Allocation Failure) 49M->36M(61M) 2.638ms
[2026-06-17T09:56:00.158+0800][8.787s][info][gc,cpu         ] GC(202) User=0.00s Sys=0.00s Real=0.00s
[2026-06-17T09:56:00.201+0800][8.830s][info][gc,start       ] GC(203) Pause Young (Allocation Failure)
[2026-06-17T09:56:00.205+0800][8.834s][info][gc,heap        ] GC(203) DefNew: 19556K(19648K)->2172K(19648K) Eden: 17460K(17472K)->0K(17472K) From: 2096K(2176K)->2172K(2176K)
[2026-06-17T09:56:00.206+0800][8.835s][info][gc,heap        ] GC(203) Tenured: 34842K(43712K)->38345K(43712K)
[2026-06-17T09:56:00.206+0800][8.835s][info][gc,metaspace   ] GC(203) Metaspace: 148K(384K)->148K(384K) NonClass: 143K(256K)->143K(256K) Class: 4K(128K)->4K(128K)
[2026-06-17T09:56:00.206+0800][8.835s][info][gc             ] GC(203) Pause Young (Allocation Failure) 53M->39M(61M) 4.707ms
[2026-06-17T09:56:00.206+0800][8.835s][info][gc,cpu         ] GC(203) User=0.00s Sys=0.00s Real=0.01s
[2026-06-17T09:56:00.249+0800][8.878s][info][gc,start       ] GC(204) Pause Young (Allocation Failure)
[2026-06-17T09:56:00.251+0800][8.880s][info][gc             ] GC(204) Pause Young (Allocation Failure) 56M->56M(61M) 1.776ms
[2026-06-17T09:56:00.259+0800][8.888s][info][gc,cpu         ] GC(204) User=0.00s Sys=0.00s Real=0.01s
[2026-06-17T09:56:00.265+0800][8.894s][info][gc,start       ] GC(205) Pause Full (Allocation Failure)
[2026-06-17T09:56:00.266+0800][8.895s][info][gc,phases,start] GC(205) Phase 1: Mark live objects
[2026-06-17T09:56:00.268+0800][8.897s][info][gc,phases      ] GC(205) Phase 1: Mark live objects 2.382ms
[2026-06-17T09:56:00.270+0800][8.899s][info][gc,phases,start] GC(205) Phase 2: Compute new object addresses
[2026-06-17T09:56:00.271+0800][8.900s][info][gc,phases      ] GC(205) Phase 2: Compute new object addresses 1.497ms
[2026-06-17T09:56:00.272+0800][8.901s][info][gc,phases,start] GC(205) Phase 3: Adjust pointers
[2026-06-17T09:56:00.274+0800][8.904s][info][gc,phases      ] GC(205) Phase 3: Adjust pointers 2.398ms
[2026-06-17T09:56:00.276+0800][8.906s][info][gc,phases,start] GC(205) Phase 4: Move objects
[2026-06-17T09:56:00.279+0800][8.908s][info][gc,phases      ] GC(205) Phase 4: Move objects 2.589ms
[2026-06-17T09:56:00.280+0800][8.910s][info][gc,heap        ] GC(205) DefNew: 19644K(19648K)->0K(19648K) Eden: 17472K(17472K)->0K(17472K) From: 2172K(2176K)->0K(2176K)
[2026-06-17T09:56:00.281+0800][8.910s][info][gc,heap        ] GC(205) Tenured: 38345K(43712K)->29947K(43712K)
[2026-06-17T09:56:00.281+0800][8.911s][info][gc,metaspace   ] GC(205) Metaspace: 148K(384K)->148K(384K) NonClass: 143K(256K)->143K(256K) Class: 4K(128K)->4K(128K)
[2026-06-17T09:56:00.282+0800][8.911s][info][gc             ] GC(205) Pause Full (Allocation Failure) 56M->29M(61M) 17.007ms
[2026-06-17T09:56:00.282+0800][8.911s][info][gc,cpu         ] GC(205) User=0.00s Sys=0.00s Real=0.01s
[2026-06-17T09:56:00.325+0800][8.954s][info][gc,start       ] GC(206) Pause Young (Allocation Failure)
[2026-06-17T09:56:00.327+0800][8.956s][info][gc,heap        ] GC(206) DefNew: 17463K(19648K)->2174K(19648K) Eden: 17463K(17472K)->0K(17472K) From: 0K(2176K)->2174K(2176K)
[2026-06-17T09:56:00.328+0800][8.957s][info][gc,heap        ] GC(206) Tenured: 29947K(43712K)->35118K(43712K)
[2026-06-17T09:56:00.328+0800][8.957s][info][gc,metaspace   ] GC(206) Metaspace: 148K(384K)->148K(384K) NonClass: 143K(256K)->143K(256K) Class: 4K(128K)->4K(128K)
[2026-06-17T09:56:00.328+0800][8.957s][info][gc             ] GC(206) Pause Young (Allocation Failure) 46M->36M(61M) 3.025ms
[2026-06-17T09:56:00.328+0800][8.958s][info][gc,cpu         ] GC(206) User=0.00s Sys=0.00s Real=0.00s
[2026-06-17T09:56:00.371+0800][9.000s][info][gc,start       ] GC(207) Pause Young (Allocation Failure)
[2026-06-17T09:56:00.372+0800][9.001s][info][gc,heap        ] GC(207) DefNew: 19609K(19648K)->2105K(19648K) Eden: 17435K(17472K)->0K(17472K) From: 2174K(2176K)->2105K(2176K)
[2026-06-17T09:56:00.372+0800][9.001s][info][gc,heap        ] GC(207) Tenured: 35118K(43712K)->38473K(43712K)
[2026-06-17T09:56:00.373+0800][9.002s][info][gc,metaspace   ] GC(207) Metaspace: 148K(384K)->148K(384K) NonClass: 143K(256K)->143K(256K) Class: 4K(128K)->4K(128K)
[2026-06-17T09:56:00.373+0800][9.002s][info][gc             ] GC(207) Pause Young (Allocation Failure) 53M->39M(61M) 2.694ms
[2026-06-17T09:56:00.374+0800][9.003s][info][gc,cpu         ] GC(207) User=0.00s Sys=0.00s Real=0.00s
[2026-06-17T09:56:00.416+0800][9.045s][info][gc,start       ] GC(208) Pause Young (Allocation Failure)
[2026-06-17T09:56:00.416+0800][9.046s][info][gc             ] GC(208) Pause Young (Allocation Failure) 56M->56M(61M) 0.594ms
[2026-06-17T09:56:00.417+0800][9.046s][info][gc,cpu         ] GC(208) User=0.00s Sys=0.00s Real=0.00s
[2026-06-17T09:56:00.417+0800][9.047s][info][gc,start       ] GC(209) Pause Full (Allocation Failure)
[2026-06-17T09:56:00.418+0800][9.047s][info][gc,phases,start] GC(209) Phase 1: Mark live objects
[2026-06-17T09:56:00.419+0800][9.048s][info][gc,phases      ] GC(209) Phase 1: Mark live objects 0.921ms
[2026-06-17T09:56:00.419+0800][9.048s][info][gc,phases,start] GC(209) Phase 2: Compute new object addresses
[2026-06-17T09:56:00.420+0800][9.049s][info][gc,phases      ] GC(209) Phase 2: Compute new object addresses 0.603ms
[2026-06-17T09:56:00.420+0800][9.050s][info][gc,phases,start] GC(209) Phase 3: Adjust pointers
[2026-06-17T09:56:00.421+0800][9.050s][info][gc,phases      ] GC(209) Phase 3: Adjust pointers 0.627ms
[2026-06-17T09:56:00.421+0800][9.051s][info][gc,phases,start] GC(209) Phase 4: Move objects
[2026-06-17T09:56:00.424+0800][9.053s][info][gc,phases      ] GC(209) Phase 4: Move objects 2.474ms
[2026-06-17T09:56:00.424+0800][9.054s][info][gc,heap        ] GC(209) DefNew: 19546K(19648K)->0K(19648K) Eden: 17440K(17472K)->0K(17472K) From: 2105K(2176K)->0K(2176K)
[2026-06-17T09:56:00.425+0800][9.054s][info][gc,heap        ] GC(209) Tenured: 38473K(43712K)->30479K(43712K)
[2026-06-17T09:56:00.425+0800][9.054s][info][gc,metaspace   ] GC(209) Metaspace: 148K(384K)->148K(384K) NonClass: 143K(256K)->143K(256K) Class: 4K(128K)->4K(128K)
[2026-06-17T09:56:00.426+0800][9.055s][info][gc             ] GC(209) Pause Full (Allocation Failure) 56M->29M(61M) 8.050ms
[2026-06-17T09:56:00.426+0800][9.055s][info][gc,cpu         ] GC(209) User=0.00s Sys=0.00s Real=0.01s
[2026-06-17T09:56:00.478+0800][9.108s][info][gc,start       ] GC(210) Pause Young (Allocation Failure)
[2026-06-17T09:56:00.479+0800][9.109s][info][gc,heap        ] GC(210) DefNew: 17448K(19648K)->2089K(19648K) Eden: 17448K(17472K)->0K(17472K) From: 0K(2176K)->2089K(2176K)
[2026-06-17T09:56:00.480+0800][9.109s][info][gc,heap        ] GC(210) Tenured: 30479K(43712K)->32050K(43712K)
[2026-06-17T09:56:00.480+0800][9.109s][info][gc,metaspace   ] GC(210) Metaspace: 148K(384K)->148K(384K) NonClass: 143K(256K)->143K(256K) Class: 4K(128K)->4K(128K)
[2026-06-17T09:56:00.480+0800][9.109s][info][gc             ] GC(210) Pause Young (Allocation Failure) 46M->33M(61M) 1.534ms
[2026-06-17T09:56:00.480+0800][9.109s][info][gc,cpu         ] GC(210) User=0.00s Sys=0.00s Real=0.00s
[2026-06-17T09:56:00.523+0800][9.152s][info][gc,start       ] GC(211) Pause Young (Allocation Failure)
[2026-06-17T09:56:00.524+0800][9.153s][info][gc,heap        ] GC(211) DefNew: 19556K(19648K)->2174K(19648K) Eden: 17467K(17472K)->0K(17472K) From: 2089K(2176K)->2174K(2176K)
[2026-06-17T09:56:00.525+0800][9.154s][info][gc,heap        ] GC(211) Tenured: 32050K(43712K)->35527K(43712K)
[2026-06-17T09:56:00.525+0800][9.154s][info][gc,metaspace   ] GC(211) Metaspace: 148K(384K)->148K(384K) NonClass: 143K(256K)->143K(256K) Class: 4K(128K)->4K(128K)
[2026-06-17T09:56:00.526+0800][9.155s][info][gc             ] GC(211) Pause Young (Allocation Failure) 50M->36M(61M) 2.896ms
[2026-06-17T09:56:00.526+0800][9.155s][info][gc,cpu         ] GC(211) User=0.00s Sys=0.00s Real=0.00s
[2026-06-17T09:56:00.568+0800][9.198s][info][gc,start       ] GC(212) Pause Young (Allocation Failure)
[2026-06-17T09:56:00.570+0800][9.199s][info][gc,heap        ] GC(212) DefNew: 19634K(19648K)->2171K(19648K) Eden: 17460K(17472K)->0K(17472K) From: 2174K(2176K)->2171K(2176K)
[2026-06-17T09:56:00.570+0800][9.199s][info][gc,heap        ] GC(212) Tenured: 35527K(43712K)->40060K(43712K)
[2026-06-17T09:56:00.571+0800][9.200s][info][gc,metaspace   ] GC(212) Metaspace: 148K(384K)->148K(384K) NonClass: 143K(256K)->143K(256K) Class: 4K(128K)->4K(128K)
[2026-06-17T09:56:00.571+0800][9.200s][info][gc             ] GC(212) Pause Young (Allocation Failure) 53M->41M(61M) 2.484ms
[2026-06-17T09:56:00.571+0800][9.200s][info][gc,cpu         ] GC(212) User=0.00s Sys=0.00s Real=0.01s
[2026-06-17T09:56:00.614+0800][9.243s][info][gc,start       ] GC(213) Pause Young (Allocation Failure)
[2026-06-17T09:56:00.615+0800][9.244s][info][gc             ] GC(213) Pause Young (Allocation Failure) 58M->58M(61M) 0.604ms
[2026-06-17T09:56:00.616+0800][9.246s][info][gc,cpu         ] GC(213) User=0.00s Sys=0.00s Real=0.00s
[2026-06-17T09:56:00.617+0800][9.246s][info][gc,start       ] GC(214) Pause Full (Allocation Failure)
[2026-06-17T09:56:00.618+0800][9.247s][info][gc,phases,start] GC(214) Phase 1: Mark live objects
[2026-06-17T09:56:00.619+0800][9.248s][info][gc,phases      ] GC(214) Phase 1: Mark live objects 0.957ms
[2026-06-17T09:56:00.619+0800][9.248s][info][gc,phases,start] GC(214) Phase 2: Compute new object addresses
[2026-06-17T09:56:00.620+0800][9.249s][info][gc,phases      ] GC(214) Phase 2: Compute new object addresses 0.531ms
[2026-06-17T09:56:00.620+0800][9.249s][info][gc,phases,start] GC(214) Phase 3: Adjust pointers
[2026-06-17T09:56:00.620+0800][9.250s][info][gc,phases      ] GC(214) Phase 3: Adjust pointers 0.448ms
[2026-06-17T09:56:00.621+0800][9.250s][info][gc,phases,start] GC(214) Phase 4: Move objects
[2026-06-17T09:56:00.623+0800][9.252s][info][gc,phases      ] GC(214) Phase 4: Move objects 2.528ms
[2026-06-17T09:56:00.624+0800][9.253s][info][gc,heap        ] GC(214) DefNew: 19528K(19648K)->0K(19648K) Eden: 17357K(17472K)->0K(17472K) From: 2171K(2176K)->0K(2176K)
[2026-06-17T09:56:00.624+0800][9.253s][info][gc,heap        ] GC(214) Tenured: 40060K(43712K)->28873K(43712K)
[2026-06-17T09:56:00.624+0800][9.253s][info][gc,metaspace   ] GC(214) Metaspace: 148K(384K)->148K(384K) NonClass: 143K(256K)->143K(256K) Class: 4K(128K)->4K(128K)
[2026-06-17T09:56:00.624+0800][9.253s][info][gc             ] GC(214) Pause Full (Allocation Failure) 58M->28M(61M) 6.935ms
[2026-06-17T09:56:00.624+0800][9.253s][info][gc,cpu         ] GC(214) User=0.00s Sys=0.00s Real=0.01s
[2026-06-17T09:56:00.677+0800][9.306s][info][gc,start       ] GC(215) Pause Young (Allocation Failure)
[2026-06-17T09:56:00.678+0800][9.307s][info][gc,heap        ] GC(215) DefNew: 17440K(19648K)->2152K(19648K) Eden: 17440K(17472K)->0K(17472K) From: 0K(2176K)->2152K(2176K)
[2026-06-17T09:56:00.678+0800][9.307s][info][gc,heap        ] GC(215) Tenured: 28873K(43712K)->30459K(43712K)
[2026-06-17T09:56:00.679+0800][9.308s][info][gc,metaspace   ] GC(215) Metaspace: 148K(384K)->148K(384K) NonClass: 143K(256K)->143K(256K) Class: 4K(128K)->4K(128K)
[2026-06-17T09:56:00.679+0800][9.308s][info][gc             ] GC(215) Pause Young (Allocation Failure) 45M->31M(61M) 2.099ms
[2026-06-17T09:56:00.679+0800][9.308s][info][gc,cpu         ] GC(215) User=0.01s Sys=0.00s Real=0.00s
[2026-06-17T09:56:00.722+0800][9.351s][info][gc,start       ] GC(216) Pause Young (Allocation Failure)
[2026-06-17T09:56:00.723+0800][9.352s][info][gc,heap        ] GC(216) DefNew: 19586K(19648K)->2048K(19648K) Eden: 17433K(17472K)->0K(17472K) From: 2152K(2176K)->2048K(2176K)
[2026-06-17T09:56:00.724+0800][9.353s][info][gc,heap        ] GC(216) Tenured: 30459K(43712K)->34330K(43712K)
[2026-06-17T09:56:00.724+0800][9.353s][info][gc,metaspace   ] GC(216) Metaspace: 148K(384K)->148K(384K) NonClass: 143K(256K)->143K(256K) Class: 4K(128K)->4K(128K)
[2026-06-17T09:56:00.724+0800][9.353s][info][gc             ] GC(216) Pause Young (Allocation Failure) 48M->35M(61M) 2.435ms
[2026-06-17T09:56:00.724+0800][9.354s][info][gc,cpu         ] GC(216) User=0.00s Sys=0.00s Real=0.01s
[2026-06-17T09:56:00.767+0800][9.396s][info][gc,start       ] GC(217) Pause Young (Allocation Failure)
[2026-06-17T09:56:00.768+0800][9.397s][info][gc,heap        ] GC(217) DefNew: 19497K(19648K)->2141K(19648K) Eden: 17449K(17472K)->0K(17472K) From: 2048K(2176K)->2141K(2176K)
[2026-06-17T09:56:00.769+0800][9.398s][info][gc,heap        ] GC(217) Tenured: 34330K(43712K)->37931K(43712K)
[2026-06-17T09:56:00.769+0800][9.398s][info][gc,metaspace   ] GC(217) Metaspace: 148K(384K)->148K(384K) NonClass: 143K(256K)->143K(256K) Class: 4K(128K)->4K(128K)
[2026-06-17T09:56:00.770+0800][9.399s][info][gc             ] GC(217) Pause Young (Allocation Failure) 52M->39M(61M) 2.558ms
[2026-06-17T09:56:00.770+0800][9.399s][info][gc,cpu         ] GC(217) User=0.00s Sys=0.01s Real=0.00s
[2026-06-17T09:56:00.813+0800][9.442s][info][gc,start       ] GC(218) Pause Young (Allocation Failure)
[2026-06-17T09:56:00.813+0800][9.442s][info][gc             ] GC(218) Pause Young (Allocation Failure) 56M->56M(61M) 0.493ms
[2026-06-17T09:56:00.814+0800][9.443s][info][gc,cpu         ] GC(218) User=0.00s Sys=0.00s Real=0.00s
[2026-06-17T09:56:00.814+0800][9.443s][info][gc,start       ] GC(219) Pause Full (Allocation Failure)
[2026-06-17T09:56:00.814+0800][9.443s][info][gc,phases,start] GC(219) Phase 1: Mark live objects
[2026-06-17T09:56:00.815+0800][9.444s][info][gc,phases      ] GC(219) Phase 1: Mark live objects 0.781ms
[2026-06-17T09:56:00.816+0800][9.445s][info][gc,phases,start] GC(219) Phase 2: Compute new object addresses
[2026-06-17T09:56:00.817+0800][9.446s][info][gc,phases      ] GC(219) Phase 2: Compute new object addresses 0.902ms
[2026-06-17T09:56:00.819+0800][9.448s][info][gc,phases,start] GC(219) Phase 3: Adjust pointers
[2026-06-17T09:56:00.822+0800][9.451s][info][gc,phases      ] GC(219) Phase 3: Adjust pointers 2.450ms
[2026-06-17T09:56:00.822+0800][9.451s][info][gc,phases,start] GC(219) Phase 4: Move objects
[2026-06-17T09:56:00.827+0800][9.456s][info][gc,phases      ] GC(219) Phase 4: Move objects 4.320ms
[2026-06-17T09:56:00.829+0800][9.458s][info][gc,heap        ] GC(219) DefNew: 19579K(19648K)->0K(19648K) Eden: 17438K(17472K)->0K(17472K) From: 2141K(2176K)->0K(2176K)
[2026-06-17T09:56:00.829+0800][9.458s][info][gc,heap        ] GC(219) Tenured: 37931K(43712K)->33485K(43712K)
[2026-06-17T09:56:00.830+0800][9.459s][info][gc,metaspace   ] GC(219) Metaspace: 148K(384K)->148K(384K) NonClass: 143K(256K)->143K(256K) Class: 4K(128K)->4K(128K)
[2026-06-17T09:56:00.832+0800][9.461s][info][gc             ] GC(219) Pause Full (Allocation Failure) 56M->32M(61M) 18.241ms
[2026-06-17T09:56:00.834+0800][9.463s][info][gc,cpu         ] GC(219) User=0.00s Sys=0.00s Real=0.02s
[2026-06-17T09:56:00.878+0800][9.507s][info][gc,start       ] GC(220) Pause Young (Allocation Failure)
[2026-06-17T09:56:00.879+0800][9.508s][info][gc,heap        ] GC(220) DefNew: 17446K(19648K)->2169K(19648K) Eden: 17446K(17472K)->0K(17472K) From: 0K(2176K)->2169K(2176K)
[2026-06-17T09:56:00.879+0800][9.509s][info][gc,heap        ] GC(220) Tenured: 33485K(43712K)->38184K(43712K)
[2026-06-17T09:56:00.880+0800][9.509s][info][gc,metaspace   ] GC(220) Metaspace: 148K(384K)->148K(384K) NonClass: 143K(256K)->143K(256K) Class: 4K(128K)->4K(128K)
[2026-06-17T09:56:00.880+0800][9.509s][info][gc             ] GC(220) Pause Young (Allocation Failure) 49M->39M(61M) 1.966ms
[2026-06-17T09:56:00.880+0800][9.509s][info][gc,cpu         ] GC(220) User=0.00s Sys=0.00s Real=0.00s
[2026-06-17T09:56:00.923+0800][9.552s][info][gc,start       ] GC(221) Pause Young (Allocation Failure)
[2026-06-17T09:56:00.923+0800][9.552s][info][gc             ] GC(221) Pause Young (Allocation Failure) 56M->56M(61M) 0.532ms
[2026-06-17T09:56:00.924+0800][9.553s][info][gc,cpu         ] GC(221) User=0.00s Sys=0.00s Real=0.00s
[2026-06-17T09:56:00.924+0800][9.553s][info][gc,start       ] GC(222) Pause Full (Allocation Failure)
[2026-06-17T09:56:00.925+0800][9.554s][info][gc,phases,start] GC(222) Phase 1: Mark live objects
[2026-06-17T09:56:00.925+0800][9.555s][info][gc,phases      ] GC(222) Phase 1: Mark live objects 0.820ms
[2026-06-17T09:56:00.926+0800][9.555s][info][gc,phases,start] GC(222) Phase 2: Compute new object addresses
[2026-06-17T09:56:00.927+0800][9.556s][info][gc,phases      ] GC(222) Phase 2: Compute new object addresses 0.726ms
[2026-06-17T09:56:00.927+0800][9.556s][info][gc,phases,start] GC(222) Phase 3: Adjust pointers
[2026-06-17T09:56:00.927+0800][9.556s][info][gc,phases      ] GC(222) Phase 3: Adjust pointers 0.553ms
[2026-06-17T09:56:00.928+0800][9.557s][info][gc,phases,start] GC(222) Phase 4: Move objects
[2026-06-17T09:56:00.930+0800][9.559s][info][gc,phases      ] GC(222) Phase 4: Move objects 1.979ms
[2026-06-17T09:56:00.930+0800][9.559s][info][gc,heap        ] GC(222) DefNew: 19614K(19648K)->0K(19648K) Eden: 17444K(17472K)->0K(17472K) From: 2169K(2176K)->0K(2176K)
[2026-06-17T09:56:00.930+0800][9.559s][info][gc,heap        ] GC(222) Tenured: 38184K(43712K)->29928K(43712K)
[2026-06-17T09:56:00.931+0800][9.560s][info][gc,metaspace   ] GC(222) Metaspace: 148K(384K)->148K(384K) NonClass: 143K(256K)->143K(256K) Class: 4K(128K)->4K(128K)
[2026-06-17T09:56:00.931+0800][9.560s][info][gc             ] GC(222) Pause Full (Allocation Failure) 56M->29M(61M) 6.811ms
[2026-06-17T09:56:00.931+0800][9.560s][info][gc,cpu         ] GC(222) User=0.00s Sys=0.00s Real=0.01s
[2026-06-17T09:56:00.984+0800][9.613s][info][gc,start       ] GC(223) Pause Young (Allocation Failure)
[2026-06-17T09:56:00.985+0800][9.614s][info][gc,heap        ] GC(223) DefNew: 17472K(19648K)->2114K(19648K) Eden: 17472K(17472K)->0K(17472K) From: 0K(2176K)->2114K(2176K)
[2026-06-17T09:56:00.985+0800][9.614s][info][gc,heap        ] GC(223) Tenured: 29928K(43712K)->31481K(43712K)
[2026-06-17T09:56:00.986+0800][9.615s][info][gc,metaspace   ] GC(223) Metaspace: 148K(384K)->148K(384K) NonClass: 143K(256K)->143K(256K) Class: 4K(128K)->4K(128K)
[2026-06-17T09:56:00.986+0800][9.615s][info][gc             ] GC(223) Pause Young (Allocation Failure) 46M->32M(61M) 2.227ms
[2026-06-17T09:56:00.986+0800][9.616s][info][gc,cpu         ] GC(223) User=0.01s Sys=0.00s Real=0.00s
[2026-06-17T09:56:01.019+0800][9.648s][info][gc,start       ] GC(224) Pause Young (Allocation Failure)
[2026-06-17T09:56:01.020+0800][9.649s][info][gc,heap        ] GC(224) DefNew: 18853K(19648K)->2153K(19648K) Eden: 16739K(17472K)->0K(17472K) From: 2114K(2176K)->2153K(2176K)
[2026-06-17T09:56:01.020+0800][9.649s][info][gc,heap        ] GC(224) Tenured: 31481K(43712K)->34244K(43712K)
[2026-06-17T09:56:01.020+0800][9.650s][info][gc,metaspace   ] GC(224) Metaspace: 149K(384K)->149K(384K) NonClass: 144K(256K)->144K(256K) Class: 4K(128K)->4K(128K)
[2026-06-17T09:56:01.021+0800][9.650s][info][gc             ] GC(224) Pause Young (Allocation Failure) 49M->35M(61M) 1.788ms
[2026-06-17T09:56:01.021+0800][9.650s][info][gc,cpu         ] GC(224) User=0.00s Sys=0.00s Real=0.00s
[2026-06-17T09:56:01.074+0800][9.703s][info][gc,start       ] GC(225) Pause Young (Allocation Failure)
[2026-06-17T09:56:01.076+0800][9.705s][info][gc,heap        ] GC(225) DefNew: 19572K(19648K)->2168K(19648K) Eden: 17418K(17472K)->0K(17472K) From: 2153K(2176K)->2168K(2176K)
[2026-06-17T09:56:01.076+0800][9.705s][info][gc,heap        ] GC(225) Tenured: 34244K(43712K)->37692K(43712K)
[2026-06-17T09:56:01.077+0800][9.706s][info][gc,metaspace   ] GC(225) Metaspace: 149K(384K)->149K(384K) NonClass: 144K(256K)->144K(256K) Class: 4K(128K)->4K(128K)
[2026-06-17T09:56:01.079+0800][9.708s][info][gc             ] GC(225) Pause Young (Allocation Failure) 52M->38M(61M) 5.466ms
[2026-06-17T09:56:01.081+0800][9.711s][info][gc,cpu         ] GC(225) User=0.00s Sys=0.00s Real=0.00s
[2026-06-17T09:56:01.127+0800][9.756s][info][gc,start       ] GC(226) Pause Young (Allocation Failure)
[2026-06-17T09:56:01.128+0800][9.757s][info][gc,heap        ] GC(226) DefNew: 19620K(19648K)->2136K(19648K) Eden: 17451K(17472K)->0K(17472K) From: 2168K(2176K)->2136K(2176K)
[2026-06-17T09:56:01.128+0800][9.757s][info][gc,heap        ] GC(226) Tenured: 37692K(43712K)->41020K(43712K)
[2026-06-17T09:56:01.129+0800][9.758s][info][gc,metaspace   ] GC(226) Metaspace: 149K(384K)->149K(384K) NonClass: 144K(256K)->144K(256K) Class: 4K(128K)->4K(128K)
[2026-06-17T09:56:01.129+0800][9.758s][info][gc             ] GC(226) Pause Young (Allocation Failure) 55M->42M(61M) 2.175ms
[2026-06-17T09:56:01.129+0800][9.758s][info][gc,cpu         ] GC(226) User=0.00s Sys=0.00s Real=0.00s
[2026-06-17T09:56:01.172+0800][9.801s][info][gc,start       ] GC(227) Pause Young (Allocation Failure)
[2026-06-17T09:56:01.172+0800][9.801s][info][gc             ] GC(227) Pause Young (Allocation Failure) 59M->59M(61M) 0.666ms
[2026-06-17T09:56:01.173+0800][9.802s][info][gc,cpu         ] GC(227) User=0.00s Sys=0.00s Real=0.00s
[2026-06-17T09:56:01.174+0800][9.803s][info][gc,start       ] GC(228) Pause Full (Allocation Failure)
[2026-06-17T09:56:01.175+0800][9.804s][info][gc,phases,start] GC(228) Phase 1: Mark live objects
[2026-06-17T09:56:01.175+0800][9.804s][info][gc,phases      ] GC(228) Phase 1: Mark live objects 0.761ms
[2026-06-17T09:56:01.176+0800][9.805s][info][gc,phases,start] GC(228) Phase 2: Compute new object addresses
[2026-06-17T09:56:01.176+0800][9.805s][info][gc,phases      ] GC(228) Phase 2: Compute new object addresses 0.645ms
[2026-06-17T09:56:01.177+0800][9.806s][info][gc,phases,start] GC(228) Phase 3: Adjust pointers
[2026-06-17T09:56:01.177+0800][9.806s][info][gc,phases      ] GC(228) Phase 3: Adjust pointers 0.614ms
[2026-06-17T09:56:01.178+0800][9.807s][info][gc,phases,start] GC(228) Phase 4: Move objects
[2026-06-17T09:56:01.180+0800][9.810s][info][gc,phases      ] GC(228) Phase 4: Move objects 2.870ms
[2026-06-17T09:56:01.181+0800][9.810s][info][gc,heap        ] GC(228) DefNew: 19560K(19648K)->0K(19648K) Eden: 17423K(17472K)->0K(17472K) From: 2136K(2176K)->0K(2176K)
[2026-06-17T09:56:01.181+0800][9.810s][info][gc,heap        ] GC(228) Tenured: 41020K(43712K)->27889K(43712K)
[2026-06-17T09:56:01.181+0800][9.810s][info][gc,metaspace   ] GC(228) Metaspace: 149K(384K)->149K(384K) NonClass: 144K(256K)->144K(256K) Class: 4K(128K)->4K(128K)
[2026-06-17T09:56:01.181+0800][9.810s][info][gc             ] GC(228) Pause Full (Allocation Failure) 59M->27M(61M) 7.250ms
[2026-06-17T09:56:01.181+0800][9.811s][info][gc,cpu         ] GC(228) User=0.00s Sys=0.00s Real=0.00s
[2026-06-17T09:56:01.224+0800][9.853s][info][gc,start       ] GC(229) Pause Young (Allocation Failure)
[2026-06-17T09:56:01.226+0800][9.855s][info][gc,heap        ] GC(229) DefNew: 17472K(19648K)->2174K(19648K) Eden: 17472K(17472K)->0K(17472K) From: 0K(2176K)->2174K(2176K)
[2026-06-17T09:56:01.227+0800][9.856s][info][gc,heap        ] GC(229) Tenured: 27889K(43712K)->32563K(43712K)
[2026-06-17T09:56:01.229+0800][9.859s][info][gc,metaspace   ] GC(229) Metaspace: 149K(384K)->149K(384K) NonClass: 144K(256K)->144K(256K) Class: 4K(128K)->4K(128K)
[2026-06-17T09:56:01.233+0800][9.862s][info][gc             ] GC(229) Pause Young (Allocation Failure) 44M->33M(61M) 9.136ms
[2026-06-17T09:56:01.235+0800][9.864s][info][gc,cpu         ] GC(229) User=0.01s Sys=0.00s Real=0.01s
[2026-06-17T09:56:01.280+0800][9.909s][info][gc,start       ] GC(230) Pause Young (Allocation Failure)
[2026-06-17T09:56:01.296+0800][9.926s][info][gc,heap        ] GC(230) DefNew: 19646K(19648K)->2125K(19648K) Eden: 17472K(17472K)->0K(17472K) From: 2174K(2176K)->2125K(2176K)
[2026-06-17T09:56:01.304+0800][9.933s][info][gc,heap        ] GC(230) Tenured: 32563K(43712K)->34956K(43712K)
[2026-06-17T09:56:01.307+0800][9.936s][info][gc,metaspace   ] GC(230) Metaspace: 149K(384K)->149K(384K) NonClass: 144K(256K)->144K(256K) Class: 4K(128K)->4K(128K)
[2026-06-17T09:56:01.310+0800][9.939s][info][gc             ] GC(230) Pause Young (Allocation Failure) 50M->36M(61M) 30.295ms
[2026-06-17T09:56:01.312+0800][9.942s][info][gc,cpu         ] GC(230) User=0.00s Sys=0.00s Real=0.04s
[2026-06-17T09:56:01.366+0800][9.995s][info][gc,start       ] GC(231) Pause Young (Allocation Failure)
[2026-06-17T09:56:01.368+0800][9.997s][info][gc,heap        ] GC(231) DefNew: 19594K(19648K)->2100K(19648K) Eden: 17468K(17472K)->0K(17472K) From: 2125K(2176K)->2100K(2176K)
[2026-06-17T09:56:01.370+0800][9.999s][info][gc,heap        ] GC(231) Tenured: 34956K(43712K)->38786K(43712K)
[2026-06-17T09:56:01.371+0800][10.000s][info][gc,metaspace   ] GC(231) Metaspace: 149K(384K)->149K(384K) NonClass: 144K(256K)->144K(256K) Class: 4K(128K)->4K(128K)
[2026-06-17T09:56:01.372+0800][10.001s][info][gc             ] GC(231) Pause Young (Allocation Failure) 53M->39M(61M) 5.930ms
[2026-06-17T09:56:01.406+0800][10.036s][info][gc,cpu         ] GC(231) User=0.00s Sys=0.00s Real=0.04s
[2026-06-17T09:56:01.449+0800][10.078s][info][gc,start       ] GC(232) Pause Young (Allocation Failure)
[2026-06-17T09:56:01.452+0800][10.081s][info][gc             ] GC(232) Pause Young (Allocation Failure) 56M->56M(61M) 2.544ms
[2026-06-17T09:56:01.452+0800][10.081s][info][gc,cpu         ] GC(232) User=0.00s Sys=0.00s Real=0.01s
[2026-06-17T09:56:01.455+0800][10.084s][info][gc,start       ] GC(233) Pause Full (Allocation Failure)
[2026-06-17T09:56:01.456+0800][10.085s][info][gc,phases,start] GC(233) Phase 1: Mark live objects
[2026-06-17T09:56:01.459+0800][10.088s][info][gc,phases      ] GC(233) Phase 1: Mark live objects 3.077ms
[2026-06-17T09:56:01.461+0800][10.090s][info][gc,phases,start] GC(233) Phase 2: Compute new object addresses
[2026-06-17T09:56:01.465+0800][10.094s][info][gc,phases      ] GC(233) Phase 2: Compute new object addresses 4.427ms
[2026-06-17T09:56:01.465+0800][10.095s][info][gc,phases,start] GC(233) Phase 3: Adjust pointers
[2026-06-17T09:56:01.466+0800][10.095s][info][gc,phases      ] GC(233) Phase 3: Adjust pointers 0.545ms
[2026-06-17T09:56:01.466+0800][10.095s][info][gc,phases,start] GC(233) Phase 4: Move objects
[2026-06-17T09:56:01.469+0800][10.098s][info][gc,phases      ] GC(233) Phase 4: Move objects 2.582ms
[2026-06-17T09:56:01.477+0800][10.107s][info][gc,heap        ] GC(233) DefNew: 19572K(19648K)->0K(19648K) Eden: 17472K(17472K)->0K(17472K) From: 2100K(2176K)->0K(2176K)
[2026-06-17T09:56:01.479+0800][10.108s][info][gc,heap        ] GC(233) Tenured: 38786K(43712K)->29586K(43712K)
[2026-06-17T09:56:01.489+0800][10.119s][info][gc,metaspace   ] GC(233) Metaspace: 149K(384K)->149K(384K) NonClass: 145K(256K)->145K(256K) Class: 4K(128K)->4K(128K)
[2026-06-17T09:56:01.492+0800][10.121s][info][gc             ] GC(233) Pause Full (Allocation Failure) 56M->28M(61M) 36.656ms
[2026-06-17T09:56:01.494+0800][10.123s][info][gc,cpu         ] GC(233) User=0.01s Sys=0.00s Real=0.04s
[2026-06-17T09:56:01.537+0800][10.166s][info][gc,start       ] GC(234) Pause Young (Allocation Failure)
[2026-06-17T09:56:01.539+0800][10.168s][info][gc,heap        ] GC(234) DefNew: 17432K(19648K)->2175K(19648K) Eden: 17432K(17472K)->0K(17472K) From: 0K(2176K)->2175K(2176K)
[2026-06-17T09:56:01.540+0800][10.169s][info][gc,heap        ] GC(234) Tenured: 29586K(43712K)->34197K(43712K)
[2026-06-17T09:56:01.540+0800][10.169s][info][gc,metaspace   ] GC(234) Metaspace: 150K(384K)->150K(384K) NonClass: 145K(256K)->145K(256K) Class: 4K(128K)->4K(128K)
[2026-06-17T09:56:01.540+0800][10.169s][info][gc             ] GC(234) Pause Young (Allocation Failure) 45M->35M(61M) 2.901ms
[2026-06-17T09:56:01.540+0800][10.170s][info][gc,cpu         ] GC(234) User=0.00s Sys=0.00s Real=0.00s
[2026-06-17T09:56:01.583+0800][10.212s][info][gc,start       ] GC(235) Pause Young (Allocation Failure)
[2026-06-17T09:56:01.584+0800][10.214s][info][gc,heap        ] GC(235) DefNew: 19620K(19648K)->2169K(19648K) Eden: 17444K(17472K)->0K(17472K) From: 2175K(2176K)->2169K(2176K)
[2026-06-17T09:56:01.585+0800][10.214s][info][gc,heap        ] GC(235) Tenured: 34197K(43712K)->38058K(43712K)
[2026-06-17T09:56:01.585+0800][10.214s][info][gc,metaspace   ] GC(235) Metaspace: 150K(384K)->150K(384K) NonClass: 145K(256K)->145K(256K) Class: 4K(128K)->4K(128K)
[2026-06-17T09:56:01.586+0800][10.215s][info][gc             ] GC(235) Pause Young (Allocation Failure) 52M->39M(61M) 2.690ms
[2026-06-17T09:56:01.586+0800][10.215s][info][gc,cpu         ] GC(235) User=0.00s Sys=0.00s Real=0.00s
[2026-06-17T09:56:01.630+0800][10.259s][info][gc,start       ] GC(236) Pause Young (Allocation Failure)
[2026-06-17T09:56:01.631+0800][10.260s][info][gc             ] GC(236) Pause Young (Allocation Failure) 56M->56M(61M) 0.610ms
[2026-06-17T09:56:01.631+0800][10.260s][info][gc,cpu         ] GC(236) User=0.00s Sys=0.00s Real=0.01s
[2026-06-17T09:56:01.631+0800][10.261s][info][gc,start       ] GC(237) Pause Full (Allocation Failure)
[2026-06-17T09:56:01.632+0800][10.261s][info][gc,phases,start] GC(237) Phase 1: Mark live objects
[2026-06-17T09:56:01.632+0800][10.261s][info][gc,phases      ] GC(237) Phase 1: Mark live objects 0.672ms
[2026-06-17T09:56:01.633+0800][10.262s][info][gc,phases,start] GC(237) Phase 2: Compute new object addresses
[2026-06-17T09:56:01.633+0800][10.262s][info][gc,phases      ] GC(237) Phase 2: Compute new object addresses 0.609ms
[2026-06-17T09:56:01.634+0800][10.263s][info][gc,phases,start] GC(237) Phase 3: Adjust pointers
[2026-06-17T09:56:01.634+0800][10.263s][info][gc,phases      ] GC(237) Phase 3: Adjust pointers 0.622ms
[2026-06-17T09:56:01.635+0800][10.264s][info][gc,phases,start] GC(237) Phase 4: Move objects
[2026-06-17T09:56:01.637+0800][10.266s][info][gc,phases      ] GC(237) Phase 4: Move objects 2.232ms
[2026-06-17T09:56:01.637+0800][10.266s][info][gc,heap        ] GC(237) DefNew: 19561K(19648K)->0K(19648K) Eden: 17392K(17472K)->0K(17472K) From: 2169K(2176K)->0K(2176K)
[2026-06-17T09:56:01.638+0800][10.267s][info][gc,heap        ] GC(237) Tenured: 38058K(43712K)->27496K(43712K)
[2026-06-17T09:56:01.638+0800][10.267s][info][gc,metaspace   ] GC(237) Metaspace: 150K(384K)->150K(384K) NonClass: 145K(256K)->145K(256K) Class: 4K(128K)->4K(128K)
[2026-06-17T09:56:01.638+0800][10.267s][info][gc             ] GC(237) Pause Full (Allocation Failure) 56M->26M(61M) 6.874ms
[2026-06-17T09:56:01.639+0800][10.268s][info][gc,cpu         ] GC(237) User=0.00s Sys=0.00s Real=0.00s
[2026-06-17T09:56:01.692+0800][10.321s][info][gc,start       ] GC(238) Pause Young (Allocation Failure)
[2026-06-17T09:56:01.693+0800][10.322s][info][gc,heap        ] GC(238) DefNew: 17467K(19648K)->2085K(19648K) Eden: 17467K(17472K)->0K(17472K) From: 0K(2176K)->2085K(2176K)
[2026-06-17T09:56:01.694+0800][10.323s][info][gc,heap        ] GC(238) Tenured: 27496K(43712K)->28978K(43712K)
[2026-06-17T09:56:01.695+0800][10.324s][info][gc,metaspace   ] GC(238) Metaspace: 150K(384K)->150K(384K) NonClass: 145K(256K)->145K(256K) Class: 4K(128K)->4K(128K)
[2026-06-17T09:56:01.695+0800][10.324s][info][gc             ] GC(238) Pause Young (Allocation Failure) 43M->30M(61M) 2.907ms
[2026-06-17T09:56:01.695+0800][10.324s][info][gc,cpu         ] GC(238) User=0.00s Sys=0.00s Real=0.00s
[2026-06-17T09:56:01.738+0800][10.367s][info][gc,start       ] GC(239) Pause Young (Allocation Failure)
[2026-06-17T09:56:01.739+0800][10.368s][info][gc,heap        ] GC(239) DefNew: 19544K(19648K)->2161K(19648K) Eden: 17459K(17472K)->0K(17472K) From: 2085K(2176K)->2161K(2176K)
[2026-06-17T09:56:01.739+0800][10.368s][info][gc,heap        ] GC(239) Tenured: 28978K(43712K)->32679K(43712K)
[2026-06-17T09:56:01.740+0800][10.369s][info][gc,metaspace   ] GC(239) Metaspace: 150K(384K)->150K(384K) NonClass: 145K(256K)->145K(256K) Class: 4K(128K)->4K(128K)
[2026-06-17T09:56:01.740+0800][10.369s][info][gc             ] GC(239) Pause Young (Allocation Failure) 47M->34M(61M) 2.103ms
[2026-06-17T09:56:01.740+0800][10.369s][info][gc,cpu         ] GC(239) User=0.00s Sys=0.00s Real=0.00s
[2026-06-17T09:56:01.783+0800][10.412s][info][gc,start       ] GC(240) Pause Young (Allocation Failure)
[2026-06-17T09:56:01.784+0800][10.413s][info][gc,heap        ] GC(240) DefNew: 19633K(19648K)->2164K(19648K) Eden: 17472K(17472K)->0K(17472K) From: 2161K(2176K)->2164K(2176K)
[2026-06-17T09:56:01.785+0800][10.414s][info][gc,heap        ] GC(240) Tenured: 32679K(43712K)->37368K(43712K)
[2026-06-17T09:56:01.785+0800][10.414s][info][gc,metaspace   ] GC(240) Metaspace: 150K(384K)->150K(384K) NonClass: 145K(256K)->145K(256K) Class: 4K(128K)->4K(128K)
[2026-06-17T09:56:01.785+0800][10.414s][info][gc             ] GC(240) Pause Young (Allocation Failure) 51M->38M(61M) 2.527ms
[2026-06-17T09:56:01.786+0800][10.415s][info][gc,cpu         ] GC(240) User=0.00s Sys=0.00s Real=0.00s
[2026-06-17T09:56:01.839+0800][10.468s][info][gc,start       ] GC(241) Pause Young (Allocation Failure)
[2026-06-17T09:56:01.840+0800][10.469s][info][gc             ] GC(241) Pause Young (Allocation Failure) 55M->55M(61M) 0.767ms
[2026-06-17T09:56:01.840+0800][10.469s][info][gc,cpu         ] GC(241) User=0.00s Sys=0.00s Real=0.00s
[2026-06-17T09:56:01.841+0800][10.470s][info][gc,start       ] GC(242) Pause Full (Allocation Failure)
[2026-06-17T09:56:01.841+0800][10.470s][info][gc,phases,start] GC(242) Phase 1: Mark live objects
[2026-06-17T09:56:01.843+0800][10.472s][info][gc,phases      ] GC(242) Phase 1: Mark live objects 2.097ms
[2026-06-17T09:56:01.845+0800][10.474s][info][gc,phases,start] GC(242) Phase 2: Compute new object addresses
[2026-06-17T09:56:01.847+0800][10.476s][info][gc,phases      ] GC(242) Phase 2: Compute new object addresses 1.893ms
[2026-06-17T09:56:01.850+0800][10.479s][info][gc,phases,start] GC(242) Phase 3: Adjust pointers
[2026-06-17T09:56:01.853+0800][10.482s][info][gc,phases      ] GC(242) Phase 3: Adjust pointers 2.337ms
[2026-06-17T09:56:01.854+0800][10.483s][info][gc,phases,start] GC(242) Phase 4: Move objects
[2026-06-17T09:56:01.860+0800][10.489s][info][gc,phases      ] GC(242) Phase 4: Move objects 5.753ms
[2026-06-17T09:56:01.862+0800][10.492s][info][gc,heap        ] GC(242) DefNew: 19613K(19648K)->0K(19648K) Eden: 17449K(17472K)->0K(17472K) From: 2164K(2176K)->0K(2176K)
[2026-06-17T09:56:01.865+0800][10.494s][info][gc,heap        ] GC(242) Tenured: 37368K(43712K)->30864K(43712K)
[2026-06-17T09:56:01.865+0800][10.494s][info][gc,metaspace   ] GC(242) Metaspace: 150K(384K)->150K(384K) NonClass: 145K(256K)->145K(256K) Class: 4K(128K)->4K(128K)
[2026-06-17T09:56:01.866+0800][10.495s][info][gc             ] GC(242) Pause Full (Allocation Failure) 55M->30M(61M) 24.832ms
[2026-06-17T09:56:01.866+0800][10.495s][info][gc,cpu         ] GC(242) User=0.01s Sys=0.00s Real=0.03s
[2026-06-17T09:56:01.899+0800][10.528s][info][gc,start       ] GC(243) Pause Young (Allocation Failure)
[2026-06-17T09:56:01.900+0800][10.530s][info][gc,heap        ] GC(243) DefNew: 17294K(19648K)->2171K(19648K) Eden: 17294K(17472K)->0K(17472K) From: 0K(2176K)->2171K(2176K)
[2026-06-17T09:56:01.901+0800][10.530s][info][gc,heap        ] GC(243) Tenured: 30864K(43712K)->35304K(43712K)
[2026-06-17T09:56:01.901+0800][10.530s][info][gc,metaspace   ] GC(243) Metaspace: 150K(384K)->150K(384K) NonClass: 145K(256K)->145K(256K) Class: 4K(128K)->4K(128K)
[2026-06-17T09:56:01.902+0800][10.531s][info][gc             ] GC(243) Pause Young (Allocation Failure) 47M->36M(61M) 2.771ms
[2026-06-17T09:56:01.902+0800][10.531s][info][gc,cpu         ] GC(243) User=0.00s Sys=0.00s Real=0.00s
[2026-06-17T09:56:01.956+0800][10.585s][info][gc,start       ] GC(244) Pause Young (Allocation Failure)
[2026-06-17T09:56:01.957+0800][10.586s][info][gc,heap        ] GC(244) DefNew: 19635K(19648K)->2165K(19648K) Eden: 17464K(17472K)->0K(17472K) From: 2171K(2176K)->2165K(2176K)
[2026-06-17T09:56:01.957+0800][10.586s][info][gc,heap        ] GC(244) Tenured: 35304K(43712K)->39024K(43712K)
[2026-06-17T09:56:01.957+0800][10.587s][info][gc,metaspace   ] GC(244) Metaspace: 150K(384K)->150K(384K) NonClass: 145K(256K)->145K(256K) Class: 4K(128K)->4K(128K)
[2026-06-17T09:56:01.958+0800][10.587s][info][gc             ] GC(244) Pause Young (Allocation Failure) 53M->40M(61M) 2.138ms
[2026-06-17T09:56:01.958+0800][10.587s][info][gc,cpu         ] GC(244) User=0.00s Sys=0.00s Real=0.00s
[2026-06-17T09:56:02.000+0800][10.629s][info][gc,start       ] GC(245) Pause Young (Allocation Failure)
[2026-06-17T09:56:02.001+0800][10.630s][info][gc             ] GC(245) Pause Young (Allocation Failure) 57M->57M(61M) 0.593ms
[2026-06-17T09:56:02.001+0800][10.630s][info][gc,cpu         ] GC(245) User=0.00s Sys=0.00s Real=0.00s
[2026-06-17T09:56:02.002+0800][10.631s][info][gc,start       ] GC(246) Pause Full (Allocation Failure)
[2026-06-17T09:56:02.002+0800][10.631s][info][gc,phases,start] GC(246) Phase 1: Mark live objects
[2026-06-17T09:56:02.003+0800][10.632s][info][gc,phases      ] GC(246) Phase 1: Mark live objects 0.823ms
[2026-06-17T09:56:02.003+0800][10.632s][info][gc,phases,start] GC(246) Phase 2: Compute new object addresses
[2026-06-17T09:56:02.004+0800][10.633s][info][gc,phases      ] GC(246) Phase 2: Compute new object addresses 0.546ms
[2026-06-17T09:56:02.004+0800][10.633s][info][gc,phases,start] GC(246) Phase 3: Adjust pointers
[2026-06-17T09:56:02.005+0800][10.634s][info][gc,phases      ] GC(246) Phase 3: Adjust pointers 0.749ms
[2026-06-17T09:56:02.005+0800][10.634s][info][gc,phases,start] GC(246) Phase 4: Move objects
[2026-06-17T09:56:02.007+0800][10.636s][info][gc,phases      ] GC(246) Phase 4: Move objects 2.189ms
[2026-06-17T09:56:02.007+0800][10.637s][info][gc,heap        ] GC(246) DefNew: 19620K(19648K)->0K(19648K) Eden: 17455K(17472K)->0K(17472K) From: 2165K(2176K)->0K(2176K)
[2026-06-17T09:56:02.008+0800][10.637s][info][gc,heap        ] GC(246) Tenured: 39024K(43712K)->30988K(43712K)
[2026-06-17T09:56:02.008+0800][10.637s][info][gc,metaspace   ] GC(246) Metaspace: 150K(384K)->150K(384K) NonClass: 145K(256K)->145K(256K) Class: 4K(128K)->4K(128K)
[2026-06-17T09:56:02.008+0800][10.637s][info][gc             ] GC(246) Pause Full (Allocation Failure) 57M->30M(61M) 6.284ms
[2026-06-17T09:56:02.008+0800][10.637s][info][gc,cpu         ] GC(246) User=0.00s Sys=0.00s Real=0.01s
[2026-06-17T09:56:02.050+0800][10.680s][info][gc,start       ] GC(247) Pause Young (Allocation Failure)
[2026-06-17T09:56:02.052+0800][10.682s][info][gc,heap        ] GC(247) DefNew: 17435K(19648K)->2167K(19648K) Eden: 17435K(17472K)->0K(17472K) From: 0K(2176K)->2167K(2176K)
[2026-06-17T09:56:02.053+0800][10.682s][info][gc,heap        ] GC(247) Tenured: 30988K(43712K)->35711K(43712K)
[2026-06-17T09:56:02.053+0800][10.682s][info][gc,metaspace   ] GC(247) Metaspace: 150K(384K)->150K(384K) NonClass: 145K(256K)->145K(256K) Class: 4K(128K)->4K(128K)
[2026-06-17T09:56:02.054+0800][10.683s][info][gc             ] GC(247) Pause Young (Allocation Failure) 47M->36M(61M) 3.206ms
[2026-06-17T09:56:02.054+0800][10.683s][info][gc,cpu         ] GC(247) User=0.00s Sys=0.00s Real=0.01s
[2026-06-17T09:56:02.096+0800][10.726s][info][gc,start       ] GC(248) Pause Young (Allocation Failure)
[2026-06-17T09:56:02.098+0800][10.727s][info][gc,heap        ] GC(248) DefNew: 19638K(19648K)->2164K(19648K) Eden: 17471K(17472K)->0K(17472K) From: 2167K(2176K)->2164K(2176K)
[2026-06-17T09:56:02.098+0800][10.727s][info][gc,heap        ] GC(248) Tenured: 35711K(43712K)->40003K(43712K)
[2026-06-17T09:56:02.099+0800][10.728s][info][gc,metaspace   ] GC(248) Metaspace: 150K(384K)->150K(384K) NonClass: 145K(256K)->145K(256K) Class: 4K(128K)->4K(128K)
[2026-06-17T09:56:02.099+0800][10.728s][info][gc             ] GC(248) Pause Young (Allocation Failure) 54M->41M(61M) 2.484ms
[2026-06-17T09:56:02.099+0800][10.728s][info][gc,cpu         ] GC(248) User=0.00s Sys=0.00s Real=0.00s
[2026-06-17T09:56:02.142+0800][10.771s][info][gc,start       ] GC(249) Pause Young (Allocation Failure)
[2026-06-17T09:56:02.143+0800][10.772s][info][gc             ] GC(249) Pause Young (Allocation Failure) 58M->58M(61M) 1.056ms
[2026-06-17T09:56:02.144+0800][10.773s][info][gc,cpu         ] GC(249) User=0.00s Sys=0.00s Real=0.01s
[2026-06-17T09:56:02.144+0800][10.773s][info][gc,start       ] GC(250) Pause Full (Allocation Failure)
[2026-06-17T09:56:02.145+0800][10.774s][info][gc,phases,start] GC(250) Phase 1: Mark live objects
[2026-06-17T09:56:02.146+0800][10.775s][info][gc,phases      ] GC(250) Phase 1: Mark live objects 0.952ms
[2026-06-17T09:56:02.146+0800][10.776s][info][gc,phases,start] GC(250) Phase 2: Compute new object addresses
[2026-06-17T09:56:02.147+0800][10.776s][info][gc,phases      ] GC(250) Phase 2: Compute new object addresses 0.626ms
[2026-06-17T09:56:02.147+0800][10.777s][info][gc,phases,start] GC(250) Phase 3: Adjust pointers
[2026-06-17T09:56:02.148+0800][10.777s][info][gc,phases      ] GC(250) Phase 3: Adjust pointers 0.625ms
[2026-06-17T09:56:02.148+0800][10.777s][info][gc,phases,start] GC(250) Phase 4: Move objects
[2026-06-17T09:56:02.151+0800][10.780s][info][gc,phases      ] GC(250) Phase 4: Move objects 2.184ms
[2026-06-17T09:56:02.151+0800][10.780s][info][gc,heap        ] GC(250) DefNew: 19548K(19648K)->0K(19648K) Eden: 17384K(17472K)->0K(17472K) From: 2164K(2176K)->0K(2176K)
[2026-06-17T09:56:02.151+0800][10.780s][info][gc,heap        ] GC(250) Tenured: 40003K(43712K)->27626K(43712K)
[2026-06-17T09:56:02.152+0800][10.781s][info][gc,metaspace   ] GC(250) Metaspace: 150K(384K)->150K(384K) NonClass: 145K(256K)->145K(256K) Class: 4K(128K)->4K(128K)
[2026-06-17T09:56:02.152+0800][10.781s][info][gc             ] GC(250) Pause Full (Allocation Failure) 58M->26M(61M) 7.473ms
[2026-06-17T09:56:02.152+0800][10.781s][info][gc,cpu         ] GC(250) User=0.01s Sys=0.00s Real=0.01s
[2026-06-17T09:56:02.204+0800][10.834s][info][gc,start       ] GC(251) Pause Young (Allocation Failure)
[2026-06-17T09:56:02.206+0800][10.835s][info][gc,heap        ] GC(251) DefNew: 17459K(19648K)->2127K(19648K) Eden: 17459K(17472K)->0K(17472K) From: 0K(2176K)->2127K(2176K)
[2026-06-17T09:56:02.206+0800][10.835s][info][gc,heap        ] GC(251) Tenured: 27626K(43712K)->29566K(43712K)
[2026-06-17T09:56:02.206+0800][10.836s][info][gc,metaspace   ] GC(251) Metaspace: 150K(384K)->150K(384K) NonClass: 145K(256K)->145K(256K) Class: 4K(128K)->4K(128K)
[2026-06-17T09:56:02.207+0800][10.836s][info][gc             ] GC(251) Pause Young (Allocation Failure) 44M->30M(61M) 2.421ms
[2026-06-17T09:56:02.207+0800][10.836s][info][gc,cpu         ] GC(251) User=0.00s Sys=0.00s Real=0.00s
[2026-06-17T09:56:02.250+0800][10.879s][info][gc,start       ] GC(252) Pause Young (Allocation Failure)
[2026-06-17T09:56:02.252+0800][10.881s][info][gc,heap        ] GC(252) DefNew: 19595K(19648K)->2097K(19648K) Eden: 17467K(17472K)->0K(17472K) From: 2127K(2176K)->2097K(2176K)
[2026-06-17T09:56:02.252+0800][10.882s][info][gc,heap        ] GC(252) Tenured: 29566K(43712K)->33126K(43712K)
[2026-06-17T09:56:02.253+0800][10.882s][info][gc,metaspace   ] GC(252) Metaspace: 150K(384K)->150K(384K) NonClass: 145K(256K)->145K(256K) Class: 4K(128K)->4K(128K)
[2026-06-17T09:56:02.254+0800][10.883s][info][gc             ] GC(252) Pause Young (Allocation Failure) 48M->34M(61M) 3.602ms
[2026-06-17T09:56:02.254+0800][10.883s][info][gc,cpu         ] GC(252) User=0.00s Sys=0.00s Real=0.01s
[2026-06-17T09:56:02.296+0800][10.926s][info][gc,start       ] GC(253) Pause Young (Allocation Failure)
[2026-06-17T09:56:02.298+0800][10.927s][info][gc,heap        ] GC(253) DefNew: 19567K(19648K)->2174K(19648K) Eden: 17469K(17472K)->0K(17472K) From: 2097K(2176K)->2174K(2176K)
[2026-06-17T09:56:02.298+0800][10.927s][info][gc,heap        ] GC(253) Tenured: 33126K(43712K)->36617K(43712K)
[2026-06-17T09:56:02.298+0800][10.927s][info][gc,metaspace   ] GC(253) Metaspace: 150K(384K)->150K(384K) NonClass: 145K(256K)->145K(256K) Class: 4K(128K)->4K(128K)
[2026-06-17T09:56:02.298+0800][10.927s][info][gc             ] GC(253) Pause Young (Allocation Failure) 51M->37M(61M) 1.648ms
[2026-06-17T09:56:02.298+0800][10.927s][info][gc,cpu         ] GC(253) User=0.00s Sys=0.00s Real=0.00s
[2026-06-17T09:56:02.340+0800][10.970s][info][gc,start       ] GC(254) Pause Young (Allocation Failure)
[2026-06-17T09:56:02.343+0800][10.972s][info][gc,heap        ] GC(254) DefNew: 19646K(19648K)->2175K(19648K) Eden: 17472K(17472K)->0K(17472K) From: 2174K(2176K)->2175K(2176K)
[2026-06-17T09:56:02.344+0800][10.973s][info][gc,heap        ] GC(254) Tenured: 36617K(43712K)->40566K(43712K)
[2026-06-17T09:56:02.347+0800][10.976s][info][gc,metaspace   ] GC(254) Metaspace: 150K(384K)->150K(384K) NonClass: 145K(256K)->145K(256K) Class: 4K(128K)->4K(128K)
[2026-06-17T09:56:02.348+0800][10.978s][info][gc             ] GC(254) Pause Young (Allocation Failure) 54M->41M(61M) 7.966ms
[2026-06-17T09:56:02.349+0800][10.978s][info][gc,cpu         ] GC(254) User=0.00s Sys=0.00s Real=0.01s
[2026-06-17T09:56:02.393+0800][11.022s][info][gc,start       ] GC(255) Pause Young (Allocation Failure)
[2026-06-17T09:56:02.395+0800][11.024s][info][gc             ] GC(255) Pause Young (Allocation Failure) 58M->58M(61M) 2.005ms
[2026-06-17T09:56:02.395+0800][11.024s][info][gc,cpu         ] GC(255) User=0.00s Sys=0.00s Real=0.00s
[2026-06-17T09:56:02.395+0800][11.024s][info][gc,start       ] GC(256) Pause Full (Allocation Failure)
[2026-06-17T09:56:02.395+0800][11.024s][info][gc,phases,start] GC(256) Phase 1: Mark live objects
[2026-06-17T09:56:02.396+0800][11.025s][info][gc,phases      ] GC(256) Phase 1: Mark live objects 0.382ms
[2026-06-17T09:56:02.396+0800][11.025s][info][gc,phases,start] GC(256) Phase 2: Compute new object addresses
[2026-06-17T09:56:02.396+0800][11.025s][info][gc,phases      ] GC(256) Phase 2: Compute new object addresses 0.434ms
[2026-06-17T09:56:02.397+0800][11.026s][info][gc,phases,start] GC(256) Phase 3: Adjust pointers
[2026-06-17T09:56:02.397+0800][11.026s][info][gc,phases      ] GC(256) Phase 3: Adjust pointers 0.408ms
[2026-06-17T09:56:02.397+0800][11.026s][info][gc,phases,start] GC(256) Phase 4: Move objects
[2026-06-17T09:56:02.400+0800][11.029s][info][gc,phases      ] GC(256) Phase 4: Move objects 2.466ms
[2026-06-17T09:56:02.400+0800][11.029s][info][gc,heap        ] GC(256) DefNew: 19645K(19648K)->0K(19648K) Eden: 17470K(17472K)->0K(17472K) From: 2175K(2176K)->0K(2176K)
[2026-06-17T09:56:02.400+0800][11.029s][info][gc,heap        ] GC(256) Tenured: 40566K(43712K)->27749K(43712K)
[2026-06-17T09:56:02.400+0800][11.029s][info][gc,metaspace   ] GC(256) Metaspace: 150K(384K)->150K(384K) NonClass: 145K(256K)->145K(256K) Class: 4K(128K)->4K(128K)
[2026-06-17T09:56:02.400+0800][11.029s][info][gc             ] GC(256) Pause Full (Allocation Failure) 58M->27M(61M) 5.026ms
[2026-06-17T09:56:02.400+0800][11.029s][info][gc,cpu         ] GC(256) User=0.00s Sys=0.00s Real=0.00s
[2026-06-17T09:56:02.453+0800][11.082s][info][gc,start       ] GC(257) Pause Young (Allocation Failure)
[2026-06-17T09:56:02.454+0800][11.084s][info][gc,heap        ] GC(257) DefNew: 17460K(19648K)->2156K(19648K) Eden: 17460K(17472K)->0K(17472K) From: 0K(2176K)->2156K(2176K)
[2026-06-17T09:56:02.455+0800][11.084s][info][gc,heap        ] GC(257) Tenured: 27749K(43712K)->29037K(43712K)
[2026-06-17T09:56:02.455+0800][11.084s][info][gc,metaspace   ] GC(257) Metaspace: 150K(384K)->150K(384K) NonClass: 145K(256K)->145K(256K) Class: 4K(128K)->4K(128K)
[2026-06-17T09:56:02.455+0800][11.085s][info][gc             ] GC(257) Pause Young (Allocation Failure) 44M->30M(61M) 2.359ms
[2026-06-17T09:56:02.456+0800][11.085s][info][gc,cpu         ] GC(257) User=0.00s Sys=0.00s Real=0.00s
[2026-06-17T09:56:02.498+0800][11.128s][info][gc,start       ] GC(258) Pause Young (Allocation Failure)
[2026-06-17T09:56:02.500+0800][11.129s][info][gc,heap        ] GC(258) DefNew: 19608K(19648K)->2079K(19648K) Eden: 17452K(17472K)->0K(17472K) From: 2156K(2176K)->2079K(2176K)
[2026-06-17T09:56:02.500+0800][11.129s][info][gc,heap        ] GC(258) Tenured: 29037K(43712K)->32733K(43712K)
[2026-06-17T09:56:02.500+0800][11.129s][info][gc,metaspace   ] GC(258) Metaspace: 150K(384K)->150K(384K) NonClass: 145K(256K)->145K(256K) Class: 4K(128K)->4K(128K)
[2026-06-17T09:56:02.501+0800][11.130s][info][gc             ] GC(258) Pause Young (Allocation Failure) 47M->33M(61M) 2.081ms
[2026-06-17T09:56:02.501+0800][11.130s][info][gc,cpu         ] GC(258) User=0.00s Sys=0.00s Real=0.00s
[2026-06-17T09:56:02.544+0800][11.173s][info][gc,start       ] GC(259) Pause Young (Allocation Failure)
[2026-06-17T09:56:02.546+0800][11.175s][info][gc,heap        ] GC(259) DefNew: 19551K(19648K)->2166K(19648K) Eden: 17472K(17472K)->0K(17472K) From: 2079K(2176K)->2166K(2176K)
[2026-06-17T09:56:02.547+0800][11.177s][info][gc,heap        ] GC(259) Tenured: 32733K(43712K)->36168K(43712K)
[2026-06-17T09:56:02.548+0800][11.177s][info][gc,metaspace   ] GC(259) Metaspace: 150K(384K)->150K(384K) NonClass: 145K(256K)->145K(256K) Class: 4K(128K)->4K(128K)
[2026-06-17T09:56:02.548+0800][11.178s][info][gc             ] GC(259) Pause Young (Allocation Failure) 51M->37M(61M) 4.791ms
[2026-06-17T09:56:02.549+0800][11.178s][info][gc,cpu         ] GC(259) User=0.00s Sys=0.00s Real=0.00s
[2026-06-17T09:56:02.593+0800][11.222s][info][gc,start       ] GC(260) Pause Young (Allocation Failure)
[2026-06-17T09:56:02.594+0800][11.223s][info][gc,heap        ] GC(260) DefNew: 19628K(19648K)->2157K(19648K) Eden: 17462K(17472K)->0K(17472K) From: 2166K(2176K)->2157K(2176K)
[2026-06-17T09:56:02.595+0800][11.224s][info][gc,heap        ] GC(260) Tenured: 36168K(43712K)->39603K(43712K)
[2026-06-17T09:56:02.595+0800][11.224s][info][gc,metaspace   ] GC(260) Metaspace: 150K(384K)->150K(384K) NonClass: 145K(256K)->145K(256K) Class: 4K(128K)->4K(128K)
[2026-06-17T09:56:02.595+0800][11.225s][info][gc             ] GC(260) Pause Young (Allocation Failure) 54M->40M(61M) 2.860ms
[2026-06-17T09:56:02.596+0800][11.225s][info][gc,cpu         ] GC(260) User=0.01s Sys=0.00s Real=0.00s
[2026-06-17T09:56:02.639+0800][11.268s][info][gc,start       ] GC(261) Pause Young (Allocation Failure)
[2026-06-17T09:56:02.640+0800][11.269s][info][gc             ] GC(261) Pause Young (Allocation Failure) 57M->57M(61M) 1.038ms
[2026-06-17T09:56:02.641+0800][11.270s][info][gc,cpu         ] GC(261) User=0.00s Sys=0.00s Real=0.00s
[2026-06-17T09:56:02.641+0800][11.270s][info][gc,start       ] GC(262) Pause Full (Allocation Failure)
[2026-06-17T09:56:02.643+0800][11.272s][info][gc,phases,start] GC(262) Phase 1: Mark live objects
[2026-06-17T09:56:02.645+0800][11.274s][info][gc,phases      ] GC(262) Phase 1: Mark live objects 2.713ms
[2026-06-17T09:56:02.647+0800][11.276s][info][gc,phases,start] GC(262) Phase 2: Compute new object addresses
[2026-06-17T09:56:02.648+0800][11.277s][info][gc,phases      ] GC(262) Phase 2: Compute new object addresses 1.303ms
[2026-06-17T09:56:02.649+0800][11.278s][info][gc,phases,start] GC(262) Phase 3: Adjust pointers
[2026-06-17T09:56:02.650+0800][11.279s][info][gc,phases      ] GC(262) Phase 3: Adjust pointers 0.989ms
[2026-06-17T09:56:02.650+0800][11.280s][info][gc,phases,start] GC(262) Phase 4: Move objects
[2026-06-17T09:56:02.653+0800][11.282s][info][gc,phases      ] GC(262) Phase 4: Move objects 2.794ms
[2026-06-17T09:56:02.654+0800][11.283s][info][gc,heap        ] GC(262) DefNew: 19621K(19648K)->0K(19648K) Eden: 17463K(17472K)->0K(17472K) From: 2157K(2176K)->0K(2176K)
[2026-06-17T09:56:02.654+0800][11.283s][info][gc,heap        ] GC(262) Tenured: 39603K(43712K)->25229K(43712K)
[2026-06-17T09:56:02.654+0800][11.283s][info][gc,metaspace   ] GC(262) Metaspace: 150K(384K)->150K(384K) NonClass: 145K(256K)->145K(256K) Class: 4K(128K)->4K(128K)
[2026-06-17T09:56:02.654+0800][11.283s][info][gc             ] GC(262) Pause Full (Allocation Failure) 57M->24M(61M) 13.008ms
[2026-06-17T09:56:02.655+0800][11.284s][info][gc,cpu         ] GC(262) User=0.00s Sys=0.00s Real=0.02s
[2026-06-17T09:56:02.697+0800][11.326s][info][gc,start       ] GC(263) Pause Young (Allocation Failure)
[2026-06-17T09:56:02.700+0800][11.329s][info][gc,heap        ] GC(263) DefNew: 17449K(19648K)->2168K(19648K) Eden: 17449K(17472K)->0K(17472K) From: 0K(2176K)->2168K(2176K)
[2026-06-17T09:56:02.702+0800][11.331s][info][gc,heap        ] GC(263) Tenured: 25229K(43712K)->30212K(43712K)
[2026-06-17T09:56:02.703+0800][11.332s][info][gc,metaspace   ] GC(263) Metaspace: 150K(384K)->150K(384K) NonClass: 145K(256K)->145K(256K) Class: 4K(128K)->4K(128K)
[2026-06-17T09:56:02.704+0800][11.333s][info][gc             ] GC(263) Pause Young (Allocation Failure) 41M->31M(61M) 6.946ms
[2026-06-17T09:56:02.708+0800][11.338s][info][gc,cpu         ] GC(263) User=0.00s Sys=0.00s Real=0.01s
[2026-06-17T09:56:02.763+0800][11.392s][info][gc,start       ] GC(264) Pause Young (Allocation Failure)
[2026-06-17T09:56:02.764+0800][11.393s][info][gc,heap        ] GC(264) DefNew: 19635K(19648K)->2046K(19648K) Eden: 17466K(17472K)->0K(17472K) From: 2168K(2176K)->2046K(2176K)
[2026-06-17T09:56:02.765+0800][11.394s][info][gc,heap        ] GC(264) Tenured: 30212K(43712K)->32143K(43712K)
[2026-06-17T09:56:02.765+0800][11.394s][info][gc,metaspace   ] GC(264) Metaspace: 150K(384K)->150K(384K) NonClass: 145K(256K)->145K(256K) Class: 4K(128K)->4K(128K)
[2026-06-17T09:56:02.766+0800][11.395s][info][gc             ] GC(264) Pause Young (Allocation Failure) 48M->33M(61M) 2.847ms
[2026-06-17T09:56:02.766+0800][11.395s][info][gc,cpu         ] GC(264) User=0.00s Sys=0.00s Real=0.00s
[2026-06-17T09:56:02.799+0800][11.428s][info][gc,start       ] GC(265) Pause Young (Allocation Failure)
[2026-06-17T09:56:02.800+0800][11.430s][info][gc,heap        ] GC(265) DefNew: 19432K(19648K)->2132K(19648K) Eden: 17386K(17472K)->0K(17472K) From: 2046K(2176K)->2132K(2176K)
[2026-06-17T09:56:02.801+0800][11.430s][info][gc,heap        ] GC(265) Tenured: 32143K(43712K)->35336K(43712K)
[2026-06-17T09:56:02.801+0800][11.430s][info][gc,metaspace   ] GC(265) Metaspace: 150K(384K)->150K(384K) NonClass: 145K(256K)->145K(256K) Class: 4K(128K)->4K(128K)
[2026-06-17T09:56:02.802+0800][11.431s][info][gc             ] GC(265) Pause Young (Allocation Failure) 50M->36M(61M) 2.555ms
[2026-06-17T09:56:02.802+0800][11.431s][info][gc,cpu         ] GC(265) User=0.00s Sys=0.00s Real=0.00s
[2026-06-17T09:56:02.855+0800][11.484s][info][gc,start       ] GC(266) Pause Young (Allocation Failure)
[2026-06-17T09:56:02.857+0800][11.486s][info][gc,heap        ] GC(266) DefNew: 19574K(19648K)->2100K(19648K) Eden: 17442K(17472K)->0K(17472K) From: 2132K(2176K)->2100K(2176K)
[2026-06-17T09:56:02.857+0800][11.486s][info][gc,heap        ] GC(266) Tenured: 35336K(43712K)->38572K(43712K)
[2026-06-17T09:56:02.859+0800][11.488s][info][gc,metaspace   ] GC(266) Metaspace: 150K(384K)->150K(384K) NonClass: 145K(256K)->145K(256K) Class: 4K(128K)->4K(128K)
[2026-06-17T09:56:02.861+0800][11.490s][info][gc             ] GC(266) Pause Young (Allocation Failure) 53M->39M(61M) 5.756ms
[2026-06-17T09:56:02.863+0800][11.492s][info][gc,cpu         ] GC(266) User=0.00s Sys=0.00s Real=0.01s
[2026-06-17T09:56:02.907+0800][11.536s][info][gc,start       ] GC(267) Pause Young (Allocation Failure)
[2026-06-17T09:56:02.908+0800][11.537s][info][gc             ] GC(267) Pause Young (Allocation Failure) 56M->56M(61M) 0.712ms
[2026-06-17T09:56:02.908+0800][11.537s][info][gc,cpu         ] GC(267) User=0.00s Sys=0.00s Real=0.00s
[2026-06-17T09:56:02.909+0800][11.538s][info][gc,start       ] GC(268) Pause Full (Allocation Failure)
[2026-06-17T09:56:02.909+0800][11.538s][info][gc,phases,start] GC(268) Phase 1: Mark live objects
[2026-06-17T09:56:02.910+0800][11.540s][info][gc,phases      ] GC(268) Phase 1: Mark live objects 1.061ms
[2026-06-17T09:56:02.911+0800][11.540s][info][gc,phases,start] GC(268) Phase 2: Compute new object addresses
[2026-06-17T09:56:02.912+0800][11.541s][info][gc,phases      ] GC(268) Phase 2: Compute new object addresses 0.692ms
[2026-06-17T09:56:02.913+0800][11.542s][info][gc,phases,start] GC(268) Phase 3: Adjust pointers
[2026-06-17T09:56:02.913+0800][11.543s][info][gc,phases      ] GC(268) Phase 3: Adjust pointers 0.898ms
[2026-06-17T09:56:02.914+0800][11.543s][info][gc,phases,start] GC(268) Phase 4: Move objects
[2026-06-17T09:56:02.916+0800][11.545s][info][gc,phases      ] GC(268) Phase 4: Move objects 2.493ms
[2026-06-17T09:56:02.917+0800][11.546s][info][gc,heap        ] GC(268) DefNew: 19572K(19648K)->0K(19648K) Eden: 17471K(17472K)->0K(17472K) From: 2100K(2176K)->0K(2176K)
[2026-06-17T09:56:02.917+0800][11.546s][info][gc,heap        ] GC(268) Tenured: 38572K(43712K)->29696K(43712K)
[2026-06-17T09:56:02.917+0800][11.546s][info][gc,metaspace   ] GC(268) Metaspace: 150K(384K)->150K(384K) NonClass: 145K(256K)->145K(256K) Class: 4K(128K)->4K(128K)
[2026-06-17T09:56:02.917+0800][11.546s][info][gc             ] GC(268) Pause Full (Allocation Failure) 56M->29M(61M) 8.284ms
[2026-06-17T09:56:02.917+0800][11.546s][info][gc,cpu         ] GC(268) User=0.00s Sys=0.00s Real=0.01s
[2026-06-17T09:56:02.960+0800][11.589s][info][gc,start       ] GC(269) Pause Young (Allocation Failure)
[2026-06-17T09:56:02.963+0800][11.592s][info][gc,heap        ] GC(269) DefNew: 17413K(19648K)->2167K(19648K) Eden: 17413K(17472K)->0K(17472K) From: 0K(2176K)->2167K(2176K)
[2026-06-17T09:56:02.963+0800][11.592s][info][gc,heap        ] GC(269) Tenured: 29696K(43712K)->34169K(43712K)
[2026-06-17T09:56:02.964+0800][11.593s][info][gc,metaspace   ] GC(269) Metaspace: 150K(384K)->150K(384K) NonClass: 145K(256K)->145K(256K) Class: 4K(128K)->4K(128K)
[2026-06-17T09:56:02.964+0800][11.593s][info][gc             ] GC(269) Pause Young (Allocation Failure) 46M->35M(61M) 4.106ms
[2026-06-17T09:56:02.965+0800][11.594s][info][gc,cpu         ] GC(269) User=0.00s Sys=0.00s Real=0.01s
[2026-06-17T09:56:03.008+0800][11.637s][info][gc,start       ] GC(270) Pause Young (Allocation Failure)
[2026-06-17T09:56:03.010+0800][11.639s][info][gc,heap        ] GC(270) DefNew: 19632K(19648K)->2169K(19648K) Eden: 17465K(17472K)->0K(17472K) From: 2167K(2176K)->2169K(2176K)
[2026-06-17T09:56:03.010+0800][11.639s][info][gc,heap        ] GC(270) Tenured: 34169K(43712K)->38373K(43712K)
[2026-06-17T09:56:03.011+0800][11.640s][info][gc,metaspace   ] GC(270) Metaspace: 150K(384K)->150K(384K) NonClass: 145K(256K)->145K(256K) Class: 4K(128K)->4K(128K)
[2026-06-17T09:56:03.011+0800][11.640s][info][gc             ] GC(270) Pause Young (Allocation Failure) 52M->39M(61M) 3.288ms
[2026-06-17T09:56:03.012+0800][11.641s][info][gc,cpu         ] GC(270) User=0.00s Sys=0.00s Real=0.01s
[2026-06-17T09:56:03.055+0800][11.684s][info][gc,start       ] GC(271) Pause Young (Allocation Failure)
[2026-06-17T09:56:03.056+0800][11.685s][info][gc             ] GC(271) Pause Young (Allocation Failure) 56M->56M(61M) 0.718ms
[2026-06-17T09:56:03.056+0800][11.686s][info][gc,cpu         ] GC(271) User=0.00s Sys=0.00s Real=0.00s
[2026-06-17T09:56:03.057+0800][11.686s][info][gc,start       ] GC(272) Pause Full (Allocation Failure)
[2026-06-17T09:56:03.057+0800][11.686s][info][gc,phases,start] GC(272) Phase 1: Mark live objects
[2026-06-17T09:56:03.058+0800][11.687s][info][gc,phases      ] GC(272) Phase 1: Mark live objects 0.791ms
[2026-06-17T09:56:03.059+0800][11.688s][info][gc,phases,start] GC(272) Phase 2: Compute new object addresses
[2026-06-17T09:56:03.059+0800][11.688s][info][gc,phases      ] GC(272) Phase 2: Compute new object addresses 0.606ms
[2026-06-17T09:56:03.059+0800][11.689s][info][gc,phases,start] GC(272) Phase 3: Adjust pointers
[2026-06-17T09:56:03.060+0800][11.689s][info][gc,phases      ] GC(272) Phase 3: Adjust pointers 0.550ms
[2026-06-17T09:56:03.060+0800][11.690s][info][gc,phases,start] GC(272) Phase 4: Move objects
[2026-06-17T09:56:03.063+0800][11.692s][info][gc,phases      ] GC(272) Phase 4: Move objects 2.116ms
[2026-06-17T09:56:03.063+0800][11.692s][info][gc,heap        ] GC(272) DefNew: 19472K(19648K)->0K(19648K) Eden: 17303K(17472K)->0K(17472K) From: 2169K(2176K)->0K(2176K)
[2026-06-17T09:56:03.063+0800][11.693s][info][gc,heap        ] GC(272) Tenured: 38373K(43712K)->26598K(43712K)
[2026-06-17T09:56:03.064+0800][11.693s][info][gc,metaspace   ] GC(272) Metaspace: 150K(384K)->150K(384K) NonClass: 145K(256K)->145K(256K) Class: 4K(128K)->4K(128K)
[2026-06-17T09:56:03.064+0800][11.693s][info][gc             ] GC(272) Pause Full (Allocation Failure) 56M->25M(61M) 7.119ms
[2026-06-17T09:56:03.064+0800][11.693s][info][gc,cpu         ] GC(272) User=0.00s Sys=0.00s Real=0.01s
[2026-06-17T09:56:03.107+0800][11.736s][info][gc,start       ] GC(273) Pause Young (Allocation Failure)
[2026-06-17T09:56:03.108+0800][11.737s][info][gc,heap        ] GC(273) DefNew: 17451K(19648K)->2173K(19648K) Eden: 17451K(17472K)->0K(17472K) From: 0K(2176K)->2173K(2176K)
[2026-06-17T09:56:03.109+0800][11.738s][info][gc,heap        ] GC(273) Tenured: 26598K(43712K)->31400K(43712K)
[2026-06-17T09:56:03.109+0800][11.738s][info][gc,metaspace   ] GC(273) Metaspace: 150K(384K)->150K(384K) NonClass: 145K(256K)->145K(256K) Class: 4K(128K)->4K(128K)
[2026-06-17T09:56:03.109+0800][11.739s][info][gc             ] GC(273) Pause Young (Allocation Failure) 43M->32M(61M) 2.819ms
[2026-06-17T09:56:03.110+0800][11.739s][info][gc,cpu         ] GC(273) User=0.00s Sys=0.00s Real=0.00s
[2026-06-17T09:56:03.163+0800][11.792s][info][gc,start       ] GC(274) Pause Young (Allocation Failure)
[2026-06-17T09:56:03.164+0800][11.793s][info][gc,heap        ] GC(274) DefNew: 19599K(19648K)->1960K(19648K) Eden: 17425K(17472K)->0K(17472K) From: 2173K(2176K)->1960K(2176K)
[2026-06-17T09:56:03.164+0800][11.794s][info][gc,heap        ] GC(274) Tenured: 31400K(43712K)->33480K(43712K)
[2026-06-17T09:56:03.165+0800][11.794s][info][gc,metaspace   ] GC(274) Metaspace: 150K(384K)->150K(384K) NonClass: 145K(256K)->145K(256K) Class: 4K(128K)->4K(128K)
[2026-06-17T09:56:03.165+0800][11.794s][info][gc             ] GC(274) Pause Young (Allocation Failure) 49M->34M(61M) 2.236ms
[2026-06-17T09:56:03.166+0800][11.795s][info][gc,cpu         ] GC(274) User=0.01s Sys=0.00s Real=0.00s
[2026-06-17T09:56:03.198+0800][11.827s][info][gc,start       ] GC(275) Pause Young (Allocation Failure)
[2026-06-17T09:56:03.199+0800][11.828s][info][gc,heap        ] GC(275) DefNew: 19182K(19648K)->2164K(19648K) Eden: 17221K(17472K)->0K(17472K) From: 1960K(2176K)->2164K(2176K)
[2026-06-17T09:56:03.199+0800][11.828s][info][gc,heap        ] GC(275) Tenured: 33480K(43712K)->36475K(43712K)
[2026-06-17T09:56:03.199+0800][11.829s][info][gc,metaspace   ] GC(275) Metaspace: 150K(384K)->150K(384K) NonClass: 145K(256K)->145K(256K) Class: 4K(128K)->4K(128K)
[2026-06-17T09:56:03.200+0800][11.829s][info][gc             ] GC(275) Pause Young (Allocation Failure) 51M->37M(61M) 1.639ms
[2026-06-17T09:56:03.200+0800][11.829s][info][gc,cpu         ] GC(275) User=0.00s Sys=0.00s Real=0.00s
[2026-06-17T09:56:03.252+0800][11.881s][info][gc,start       ] GC(276) Pause Young (Allocation Failure)
[2026-06-17T09:56:03.254+0800][11.883s][info][gc,heap        ] GC(276) DefNew: 19594K(19648K)->2164K(19648K) Eden: 17429K(17472K)->0K(17472K) From: 2164K(2176K)->2164K(2176K)
[2026-06-17T09:56:03.254+0800][11.883s][info][gc,heap        ] GC(276) Tenured: 36475K(43712K)->39995K(43712K)
[2026-06-17T09:56:03.255+0800][11.884s][info][gc,metaspace   ] GC(276) Metaspace: 150K(384K)->150K(384K) NonClass: 145K(256K)->145K(256K) Class: 4K(128K)->4K(128K)
[2026-06-17T09:56:03.255+0800][11.884s][info][gc             ] GC(276) Pause Young (Allocation Failure) 54M->41M(61M) 2.586ms
[2026-06-17T09:56:03.255+0800][11.884s][info][gc,cpu         ] GC(276) User=0.00s Sys=0.00s Real=0.00s
[2026-06-17T09:56:03.298+0800][11.927s][info][gc,start       ] GC(277) Pause Young (Allocation Failure)
[2026-06-17T09:56:03.299+0800][11.928s][info][gc             ] GC(277) Pause Young (Allocation Failure) 58M->58M(61M) 0.599ms
[2026-06-17T09:56:03.299+0800][11.928s][info][gc,cpu         ] GC(277) User=0.00s Sys=0.00s Real=0.00s
[2026-06-17T09:56:03.299+0800][11.928s][info][gc,start       ] GC(278) Pause Full (Allocation Failure)
[2026-06-17T09:56:03.300+0800][11.929s][info][gc,phases,start] GC(278) Phase 1: Mark live objects
[2026-06-17T09:56:03.301+0800][11.930s][info][gc,phases      ] GC(278) Phase 1: Mark live objects 0.870ms
[2026-06-17T09:56:03.301+0800][11.930s][info][gc,phases,start] GC(278) Phase 2: Compute new object addresses
[2026-06-17T09:56:03.302+0800][11.931s][info][gc,phases      ] GC(278) Phase 2: Compute new object addresses 0.663ms
[2026-06-17T09:56:03.302+0800][11.931s][info][gc,phases,start] GC(278) Phase 3: Adjust pointers
[2026-06-17T09:56:03.303+0800][11.932s][info][gc,phases      ] GC(278) Phase 3: Adjust pointers 0.685ms
[2026-06-17T09:56:03.303+0800][11.932s][info][gc,phases,start] GC(278) Phase 4: Move objects
[2026-06-17T09:56:03.306+0800][11.935s][info][gc,phases      ] GC(278) Phase 4: Move objects 2.990ms
[2026-06-17T09:56:03.306+0800][11.936s][info][gc,heap        ] GC(278) DefNew: 19636K(19648K)->0K(19648K) Eden: 17472K(17472K)->0K(17472K) From: 2164K(2176K)->0K(2176K)
[2026-06-17T09:56:03.307+0800][11.936s][info][gc,heap        ] GC(278) Tenured: 39995K(43712K)->28973K(43712K)
[2026-06-17T09:56:03.307+0800][11.936s][info][gc,metaspace   ] GC(278) Metaspace: 150K(384K)->150K(384K) NonClass: 145K(256K)->145K(256K) Class: 4K(128K)->4K(128K)
[2026-06-17T09:56:03.307+0800][11.936s][info][gc             ] GC(278) Pause Full (Allocation Failure) 58M->28M(61M) 7.868ms
[2026-06-17T09:56:03.307+0800][11.937s][info][gc,cpu         ] GC(278) User=0.00s Sys=0.01s Real=0.01s
[2026-06-17T09:56:03.350+0800][11.979s][info][gc,start       ] GC(279) Pause Young (Allocation Failure)
[2026-06-17T09:56:03.351+0800][11.980s][info][gc,heap        ] GC(279) DefNew: 17472K(19648K)->2174K(19648K) Eden: 17472K(17472K)->0K(17472K) From: 0K(2176K)->2174K(2176K)
[2026-06-17T09:56:03.351+0800][11.980s][info][gc,heap        ] GC(279) Tenured: 28973K(43712K)->33488K(43712K)
[2026-06-17T09:56:03.351+0800][11.980s][info][gc,metaspace   ] GC(279) Metaspace: 150K(384K)->150K(384K) NonClass: 145K(256K)->145K(256K) Class: 4K(128K)->4K(128K)
[2026-06-17T09:56:03.351+0800][11.980s][info][gc             ] GC(279) Pause Young (Allocation Failure) 45M->34M(61M) 1.544ms
[2026-06-17T09:56:03.351+0800][11.980s][info][gc,cpu         ] GC(279) User=0.00s Sys=0.00s Real=0.01s
[2026-06-17T09:56:03.394+0800][12.023s][info][gc,start       ] GC(280) Pause Young (Allocation Failure)
[2026-06-17T09:56:03.396+0800][12.026s][info][gc,heap        ] GC(280) DefNew: 19646K(19648K)->2169K(19648K) Eden: 17472K(17472K)->0K(17472K) From: 2174K(2176K)->2169K(2176K)
[2026-06-17T09:56:03.398+0800][12.027s][info][gc,heap        ] GC(280) Tenured: 33488K(43712K)->38138K(43712K)
[2026-06-17T09:56:03.399+0800][12.028s][info][gc,metaspace   ] GC(280) Metaspace: 150K(384K)->150K(384K) NonClass: 145K(256K)->145K(256K) Class: 4K(128K)->4K(128K)
[2026-06-17T09:56:03.401+0800][12.030s][info][gc             ] GC(280) Pause Young (Allocation Failure) 51M->39M(61M) 7.038ms
[2026-06-17T09:56:03.404+0800][12.034s][info][gc,cpu         ] GC(280) User=0.00s Sys=0.00s Real=0.01s
[2026-06-17T09:56:03.447+0800][12.077s][info][gc,start       ] GC(281) Pause Young (Allocation Failure)
[2026-06-17T09:56:03.450+0800][12.079s][info][gc             ] GC(281) Pause Young (Allocation Failure) 56M->56M(61M) 2.768ms
[2026-06-17T09:56:03.451+0800][12.080s][info][gc,cpu         ] GC(281) User=0.00s Sys=0.00s Real=0.01s
[2026-06-17T09:56:03.451+0800][12.080s][info][gc,start       ] GC(282) Pause Full (Allocation Failure)
[2026-06-17T09:56:03.452+0800][12.081s][info][gc,phases,start] GC(282) Phase 1: Mark live objects
[2026-06-17T09:56:03.452+0800][12.081s][info][gc,phases      ] GC(282) Phase 1: Mark live objects 0.709ms
[2026-06-17T09:56:03.453+0800][12.082s][info][gc,phases,start] GC(282) Phase 2: Compute new object addresses
[2026-06-17T09:56:03.454+0800][12.083s][info][gc,phases      ] GC(282) Phase 2: Compute new object addresses 1.178ms
[2026-06-17T09:56:03.455+0800][12.084s][info][gc,phases,start] GC(282) Phase 3: Adjust pointers
[2026-06-17T09:56:03.455+0800][12.085s][info][gc,phases      ] GC(282) Phase 3: Adjust pointers 0.760ms
[2026-06-17T09:56:03.456+0800][12.085s][info][gc,phases,start] GC(282) Phase 4: Move objects
[2026-06-17T09:56:03.459+0800][12.088s][info][gc,phases      ] GC(282) Phase 4: Move objects 3.322ms
[2026-06-17T09:56:03.460+0800][12.089s][info][gc,heap        ] GC(282) DefNew: 19519K(19648K)->0K(19648K) Eden: 17349K(17472K)->0K(17472K) From: 2169K(2176K)->0K(2176K)
[2026-06-17T09:56:03.460+0800][12.089s][info][gc,heap        ] GC(282) Tenured: 38138K(43712K)->26292K(43712K)
[2026-06-17T09:56:03.461+0800][12.090s][info][gc,metaspace   ] GC(282) Metaspace: 150K(384K)->150K(384K) NonClass: 145K(256K)->145K(256K) Class: 4K(128K)->4K(128K)
[2026-06-17T09:56:03.461+0800][12.091s][info][gc             ] GC(282) Pause Full (Allocation Failure) 56M->25M(61M) 10.258ms
[2026-06-17T09:56:03.462+0800][12.091s][info][gc,cpu         ] GC(282) User=0.01s Sys=0.00s Real=0.00s
[2026-06-17T09:56:03.515+0800][12.144s][info][gc,start       ] GC(283) Pause Young (Allocation Failure)
[2026-06-17T09:56:03.516+0800][12.145s][info][gc,heap        ] GC(283) DefNew: 17466K(19648K)->2145K(19648K) Eden: 17466K(17472K)->0K(17472K) From: 0K(2176K)->2145K(2176K)
[2026-06-17T09:56:03.517+0800][12.146s][info][gc,heap        ] GC(283) Tenured: 26292K(43712K)->28488K(43712K)
[2026-06-17T09:56:03.517+0800][12.146s][info][gc,metaspace   ] GC(283) Metaspace: 150K(384K)->150K(384K) NonClass: 145K(256K)->145K(256K) Class: 4K(128K)->4K(128K)
[2026-06-17T09:56:03.518+0800][12.147s][info][gc             ] GC(283) Pause Young (Allocation Failure) 42M->29M(61M) 2.941ms
[2026-06-17T09:56:03.518+0800][12.148s][info][gc,cpu         ] GC(283) User=0.00s Sys=0.00s Real=0.00s
[2026-06-17T09:56:03.561+0800][12.191s][info][gc,start       ] GC(284) Pause Young (Allocation Failure)
[2026-06-17T09:56:03.563+0800][12.192s][info][gc,heap        ] GC(284) DefNew: 19617K(19648K)->2171K(19648K) Eden: 17472K(17472K)->0K(17472K) From: 2145K(2176K)->2171K(2176K)
[2026-06-17T09:56:03.563+0800][12.192s][info][gc,heap        ] GC(284) Tenured: 28488K(43712K)->32082K(43712K)
[2026-06-17T09:56:03.563+0800][12.192s][info][gc,metaspace   ] GC(284) Metaspace: 150K(384K)->150K(384K) NonClass: 145K(256K)->145K(256K) Class: 4K(128K)->4K(128K)
[2026-06-17T09:56:03.563+0800][12.193s][info][gc             ] GC(284) Pause Young (Allocation Failure) 46M->33M(61M) 1.985ms
[2026-06-17T09:56:03.564+0800][12.193s][info][gc,cpu         ] GC(284) User=0.00s Sys=0.00s Real=0.01s
[2026-06-17T09:56:03.606+0800][12.236s][info][gc,start       ] GC(285) Pause Young (Allocation Failure)
[2026-06-17T09:56:03.608+0800][12.237s][info][gc,heap        ] GC(285) DefNew: 19643K(19648K)->2170K(19648K) Eden: 17472K(17472K)->0K(17472K) From: 2171K(2176K)->2170K(2176K)
[2026-06-17T09:56:03.609+0800][12.238s][info][gc,heap        ] GC(285) Tenured: 32082K(43712K)->36744K(43712K)
[2026-06-17T09:56:03.609+0800][12.238s][info][gc,metaspace   ] GC(285) Metaspace: 150K(384K)->150K(384K) NonClass: 145K(256K)->145K(256K) Class: 4K(128K)->4K(128K)
[2026-06-17T09:56:03.610+0800][12.239s][info][gc             ] GC(285) Pause Young (Allocation Failure) 50M->38M(61M) 3.236ms
[2026-06-17T09:56:03.610+0800][12.239s][info][gc,cpu         ] GC(285) User=0.00s Sys=0.00s Real=0.00s
[2026-06-17T09:56:03.664+0800][12.293s][info][gc,start       ] GC(286) Pause Young (Allocation Failure)
[2026-06-17T09:56:03.664+0800][12.293s][info][gc,heap        ] GC(286) DefNew: 19591K(19648K)->2134K(19648K) Eden: 17421K(17472K)->0K(17472K) From: 2170K(2176K)->2134K(2176K)
[2026-06-17T09:56:03.665+0800][12.294s][info][gc,heap        ] GC(286) Tenured: 36744K(43712K)->38285K(43712K)
[2026-06-17T09:56:03.665+0800][12.294s][info][gc,metaspace   ] GC(286) Metaspace: 150K(384K)->150K(384K) NonClass: 145K(256K)->145K(256K) Class: 4K(128K)->4K(128K)
[2026-06-17T09:56:03.665+0800][12.294s][info][gc             ] GC(286) Pause Young (Allocation Failure) 55M->39M(61M) 1.568ms
[2026-06-17T09:56:03.665+0800][12.295s][info][gc,cpu         ] GC(286) User=0.00s Sys=0.00s Real=0.00s
[2026-06-17T09:56:03.698+0800][12.327s][info][gc,start       ] GC(287) Pause Young (Allocation Failure)
[2026-06-17T09:56:03.698+0800][12.328s][info][gc             ] GC(287) Pause Young (Allocation Failure) 56M->56M(61M) 0.624ms
[2026-06-17T09:56:03.699+0800][12.328s][info][gc,cpu         ] GC(287) User=0.00s Sys=0.00s Real=0.00s
[2026-06-17T09:56:03.699+0800][12.329s][info][gc,start       ] GC(288) Pause Full (Allocation Failure)
[2026-06-17T09:56:03.700+0800][12.329s][info][gc,phases,start] GC(288) Phase 1: Mark live objects
[2026-06-17T09:56:03.701+0800][12.330s][info][gc,phases      ] GC(288) Phase 1: Mark live objects 0.821ms
[2026-06-17T09:56:03.701+0800][12.330s][info][gc,phases,start] GC(288) Phase 2: Compute new object addresses
[2026-06-17T09:56:03.702+0800][12.331s][info][gc,phases      ] GC(288) Phase 2: Compute new object addresses 0.638ms
[2026-06-17T09:56:03.702+0800][12.331s][info][gc,phases,start] GC(288) Phase 3: Adjust pointers
[2026-06-17T09:56:03.703+0800][12.332s][info][gc,phases      ] GC(288) Phase 3: Adjust pointers 0.663ms
[2026-06-17T09:56:03.703+0800][12.332s][info][gc,phases,start] GC(288) Phase 4: Move objects
[2026-06-17T09:56:03.705+0800][12.334s][info][gc,phases      ] GC(288) Phase 4: Move objects 1.842ms
[2026-06-17T09:56:03.705+0800][12.334s][info][gc,heap        ] GC(288) DefNew: 19405K(19648K)->0K(19648K) Eden: 17271K(17472K)->0K(17472K) From: 2134K(2176K)->0K(2176K)
[2026-06-17T09:56:03.706+0800][12.335s][info][gc,heap        ] GC(288) Tenured: 38285K(43712K)->22043K(43712K)
[2026-06-17T09:56:03.706+0800][12.335s][info][gc,metaspace   ] GC(288) Metaspace: 150K(384K)->150K(384K) NonClass: 145K(256K)->145K(256K) Class: 4K(128K)->4K(128K)
[2026-06-17T09:56:03.706+0800][12.336s][info][gc             ] GC(288) Pause Full (Allocation Failure) 56M->21M(61M) 6.973ms
[2026-06-17T09:56:03.707+0800][12.336s][info][gc,cpu         ] GC(288) User=0.00s Sys=0.00s Real=0.01s
[2026-06-17T09:56:03.760+0800][12.389s][info][gc,start       ] GC(289) Pause Young (Allocation Failure)
[2026-06-17T09:56:03.761+0800][12.390s][info][gc,heap        ] GC(289) DefNew: 17443K(19648K)->2093K(19648K) Eden: 17443K(17472K)->0K(17472K) From: 0K(2176K)->2093K(2176K)
[2026-06-17T09:56:03.761+0800][12.390s][info][gc,heap        ] GC(289) Tenured: 22043K(43712K)->23906K(43712K)
[2026-06-17T09:56:03.762+0800][12.391s][info][gc,metaspace   ] GC(289) Metaspace: 150K(384K)->150K(384K) NonClass: 145K(256K)->145K(256K) Class: 4K(128K)->4K(128K)
[2026-06-17T09:56:03.762+0800][12.391s][info][gc             ] GC(289) Pause Young (Allocation Failure) 38M->25M(61M) 2.320ms
[2026-06-17T09:56:03.762+0800][12.391s][info][gc,cpu         ] GC(289) User=0.00s Sys=0.00s Real=0.00s
[2026-06-17T09:56:03.805+0800][12.435s][info][gc,start       ] GC(290) Pause Young (Allocation Failure)
[2026-06-17T09:56:03.807+0800][12.436s][info][gc,heap        ] GC(290) DefNew: 19565K(19648K)->2173K(19648K) Eden: 17472K(17472K)->0K(17472K) From: 2093K(2176K)->2173K(2176K)
[2026-06-17T09:56:03.807+0800][12.436s][info][gc,heap        ] GC(290) Tenured: 23906K(43712K)->27257K(43712K)
[2026-06-17T09:56:03.808+0800][12.437s][info][gc,metaspace   ] GC(290) Metaspace: 150K(384K)->150K(384K) NonClass: 145K(256K)->145K(256K) Class: 4K(128K)->4K(128K)
[2026-06-17T09:56:03.808+0800][12.437s][info][gc             ] GC(290) Pause Young (Allocation Failure) 42M->28M(61M) 2.797ms
[2026-06-17T09:56:03.809+0800][12.438s][info][gc,cpu         ] GC(290) User=0.00s Sys=0.00s Real=0.00s
[2026-06-17T09:56:03.852+0800][12.481s][info][gc,start       ] GC(291) Pause Young (Allocation Failure)
[2026-06-17T09:56:03.854+0800][12.483s][info][gc,heap        ] GC(291) DefNew: 19615K(19648K)->2170K(19648K) Eden: 17441K(17472K)->0K(17472K) From: 2173K(2176K)->2170K(2176K)
[2026-06-17T09:56:03.855+0800][12.484s][info][gc,heap        ] GC(291) Tenured: 27257K(43712K)->32336K(43712K)
[2026-06-17T09:56:03.855+0800][12.484s][info][gc,metaspace   ] GC(291) Metaspace: 150K(384K)->150K(384K) NonClass: 145K(256K)->145K(256K) Class: 4K(128K)->4K(128K)
[2026-06-17T09:56:03.855+0800][12.484s][info][gc             ] GC(291) Pause Young (Allocation Failure) 45M->33M(61M) 3.358ms
[2026-06-17T09:56:03.856+0800][12.485s][info][gc,cpu         ] GC(291) User=0.00s Sys=0.00s Real=0.00s
[2026-06-17T09:56:03.908+0800][12.537s][info][gc,start       ] GC(292) Pause Young (Allocation Failure)
[2026-06-17T09:56:03.909+0800][12.538s][info][gc,heap        ] GC(292) DefNew: 19614K(19648K)->2039K(19648K) Eden: 17443K(17472K)->0K(17472K) From: 2170K(2176K)->2039K(2176K)
[2026-06-17T09:56:03.909+0800][12.538s][info][gc,heap        ] GC(292) Tenured: 32336K(43712K)->33137K(43712K)
[2026-06-17T09:56:03.909+0800][12.539s][info][gc,metaspace   ] GC(292) Metaspace: 150K(384K)->150K(384K) NonClass: 145K(256K)->145K(256K) Class: 4K(128K)->4K(128K)
[2026-06-17T09:56:03.910+0800][12.539s][info][gc             ] GC(292) Pause Young (Allocation Failure) 50M->34M(61M) 1.470ms
[2026-06-17T09:56:03.910+0800][12.539s][info][gc,cpu         ] GC(292) User=0.00s Sys=0.00s Real=0.00s
[2026-06-17T09:56:03.953+0800][12.582s][info][gc,start       ] GC(293) Pause Young (Allocation Failure)
[2026-06-17T09:56:03.954+0800][12.583s][info][gc,heap        ] GC(293) DefNew: 19511K(19648K)->2112K(19648K) Eden: 17472K(17472K)->0K(17472K) From: 2039K(2176K)->2112K(2176K)
[2026-06-17T09:56:03.954+0800][12.584s][info][gc,heap        ] GC(293) Tenured: 33137K(43712K)->36924K(43712K)
[2026-06-17T09:56:03.955+0800][12.584s][info][gc,metaspace   ] GC(293) Metaspace: 150K(384K)->150K(384K) NonClass: 145K(256K)->145K(256K) Class: 4K(128K)->4K(128K)
[2026-06-17T09:56:03.955+0800][12.584s][info][gc             ] GC(293) Pause Young (Allocation Failure) 51M->38M(61M) 2.713ms
[2026-06-17T09:56:03.956+0800][12.585s][info][gc,cpu         ] GC(293) User=0.00s Sys=0.00s Real=0.00s
[2026-06-17T09:56:03.999+0800][12.628s][info][gc,start       ] GC(294) Pause Young (Allocation Failure)
[2026-06-17T09:56:04.000+0800][12.630s][info][gc,heap        ] GC(294) DefNew: 19584K(19648K)->2167K(19648K) Eden: 17472K(17472K)->0K(17472K) From: 2112K(2176K)->2167K(2176K)
[2026-06-17T09:56:04.001+0800][12.630s][info][gc,heap        ] GC(294) Tenured: 36924K(43712K)->40567K(43712K)
[2026-06-17T09:56:04.001+0800][12.631s][info][gc,metaspace   ] GC(294) Metaspace: 150K(384K)->150K(384K) NonClass: 145K(256K)->145K(256K) Class: 4K(128K)->4K(128K)
[2026-06-17T09:56:04.002+0800][12.631s][info][gc             ] GC(294) Pause Young (Allocation Failure) 55M->41M(61M) 3.093ms
[2026-06-17T09:56:04.002+0800][12.632s][info][gc,cpu         ] GC(294) User=0.01s Sys=0.00s Real=0.00s
[2026-06-17T09:56:04.046+0800][12.675s][info][gc,start       ] GC(295) Pause Young (Allocation Failure)
[2026-06-17T09:56:04.046+0800][12.675s][info][gc             ] GC(295) Pause Young (Allocation Failure) 58M->58M(61M) 0.719ms
[2026-06-17T09:56:04.047+0800][12.676s][info][gc,cpu         ] GC(295) User=0.00s Sys=0.00s Real=0.00s
[2026-06-17T09:56:04.047+0800][12.676s][info][gc,start       ] GC(296) Pause Full (Allocation Failure)
[2026-06-17T09:56:04.047+0800][12.677s][info][gc,phases,start] GC(296) Phase 1: Mark live objects
[2026-06-17T09:56:04.049+0800][12.678s][info][gc,phases      ] GC(296) Phase 1: Mark live objects 1.003ms
[2026-06-17T09:56:04.049+0800][12.678s][info][gc,phases,start] GC(296) Phase 2: Compute new object addresses
[2026-06-17T09:56:04.050+0800][12.679s][info][gc,phases      ] GC(296) Phase 2: Compute new object addresses 0.850ms
[2026-06-17T09:56:04.050+0800][12.680s][info][gc,phases,start] GC(296) Phase 3: Adjust pointers
[2026-06-17T09:56:04.051+0800][12.680s][info][gc,phases      ] GC(296) Phase 3: Adjust pointers 0.929ms
[2026-06-17T09:56:04.052+0800][12.681s][info][gc,phases,start] GC(296) Phase 4: Move objects
[2026-06-17T09:56:04.054+0800][12.683s][info][gc,phases      ] GC(296) Phase 4: Move objects 2.116ms
[2026-06-17T09:56:04.054+0800][12.683s][info][gc,heap        ] GC(296) DefNew: 19495K(19648K)->0K(19648K) Eden: 17327K(17472K)->0K(17472K) From: 2167K(2176K)->0K(2176K)
[2026-06-17T09:56:04.055+0800][12.684s][info][gc,heap        ] GC(296) Tenured: 40567K(43712K)->22806K(43712K)
[2026-06-17T09:56:04.055+0800][12.684s][info][gc,metaspace   ] GC(296) Metaspace: 150K(384K)->150K(384K) NonClass: 145K(256K)->145K(256K) Class: 4K(128K)->4K(128K)
[2026-06-17T09:56:04.055+0800][12.684s][info][gc             ] GC(296) Pause Full (Allocation Failure) 58M->22M(61M) 8.018ms
[2026-06-17T09:56:04.055+0800][12.684s][info][gc,cpu         ] GC(296) User=0.00s Sys=0.00s Real=0.01s
[2026-06-17T09:56:04.098+0800][12.727s][info][gc,start       ] GC(297) Pause Young (Allocation Failure)
[2026-06-17T09:56:04.100+0800][12.729s][info][gc,heap        ] GC(297) DefNew: 17453K(19648K)->2168K(19648K) Eden: 17453K(17472K)->0K(17472K) From: 0K(2176K)->2168K(2176K)
[2026-06-17T09:56:04.100+0800][12.729s][info][gc,heap        ] GC(297) Tenured: 22806K(43712K)->27722K(43712K)
[2026-06-17T09:56:04.100+0800][12.729s][info][gc,metaspace   ] GC(297) Metaspace: 150K(384K)->150K(384K) NonClass: 145K(256K)->145K(256K) Class: 4K(128K)->4K(128K)
[2026-06-17T09:56:04.101+0800][12.730s][info][gc             ] GC(297) Pause Young (Allocation Failure) 39M->29M(61M) 2.821ms
[2026-06-17T09:56:04.101+0800][12.730s][info][gc,cpu         ] GC(297) User=0.00s Sys=0.00s Real=0.00s
[2026-06-17T09:56:04.156+0800][12.785s][info][gc,start       ] GC(298) Pause Young (Allocation Failure)
[2026-06-17T09:56:04.157+0800][12.786s][info][gc,heap        ] GC(298) DefNew: 19610K(19648K)->2136K(19648K) Eden: 17441K(17472K)->0K(17472K) From: 2168K(2176K)->2136K(2176K)
[2026-06-17T09:56:04.158+0800][12.787s][info][gc,heap        ] GC(298) Tenured: 27722K(43712K)->30627K(43712K)
[2026-06-17T09:56:04.159+0800][12.788s][info][gc,metaspace   ] GC(298) Metaspace: 150K(384K)->150K(384K) NonClass: 145K(256K)->145K(256K) Class: 4K(128K)->4K(128K)
[2026-06-17T09:56:04.159+0800][12.789s][info][gc             ] GC(298) Pause Young (Allocation Failure) 46M->31M(61M) 3.369ms
[2026-06-17T09:56:04.160+0800][12.789s][info][gc,cpu         ] GC(298) User=0.00s Sys=0.00s Real=0.00s
[2026-06-17T09:56:04.193+0800][12.822s][info][gc,start       ] GC(299) Pause Young (Allocation Failure)
[2026-06-17T09:56:04.195+0800][12.824s][info][gc,heap        ] GC(299) DefNew: 18717K(19648K)->2034K(19648K) Eden: 16581K(17472K)->0K(17472K) From: 2136K(2176K)->2034K(2176K)
[2026-06-17T09:56:04.196+0800][12.825s][info][gc,heap        ] GC(299) Tenured: 30627K(43712K)->33356K(43712K)
[2026-06-17T09:56:04.196+0800][12.826s][info][gc,metaspace   ] GC(299) Metaspace: 150K(384K)->150K(384K) NonClass: 145K(256K)->145K(256K) Class: 4K(128K)->4K(128K)
[2026-06-17T09:56:04.197+0800][12.826s][info][gc             ] GC(299) Pause Young (Allocation Failure) 48M->34M(61M) 3.850ms
[2026-06-17T09:56:04.198+0800][12.827s][info][gc,cpu         ] GC(299) User=0.00s Sys=0.00s Real=0.00s
[2026-06-17T09:56:04.252+0800][12.881s][info][gc,start       ] GC(300) Pause Young (Allocation Failure)
[2026-06-17T09:56:04.254+0800][12.883s][info][gc,heap        ] GC(300) DefNew: 19450K(19648K)->2044K(19648K) Eden: 17415K(17472K)->0K(17472K) From: 2034K(2176K)->2044K(2176K)
[2026-06-17T09:56:04.255+0800][12.884s][info][gc,heap        ] GC(300) Tenured: 33356K(43712K)->37099K(43712K)
[2026-06-17T09:56:04.258+0800][12.887s][info][gc,metaspace   ] GC(300) Metaspace: 150K(384K)->150K(384K) NonClass: 145K(256K)->145K(256K) Class: 4K(128K)->4K(128K)
[2026-06-17T09:56:04.263+0800][12.892s][info][gc             ] GC(300) Pause Young (Allocation Failure) 51M->38M(61M) 11.043ms
[2026-06-17T09:56:04.264+0800][12.893s][info][gc,cpu         ] GC(300) User=0.00s Sys=0.00s Real=0.01s
[2026-06-17T09:56:04.315+0800][12.944s][info][gc,start       ] GC(301) Pause Young (Allocation Failure)
[2026-06-17T09:56:04.316+0800][12.945s][info][gc,heap        ] GC(301) DefNew: 19505K(19648K)->2076K(19648K) Eden: 17461K(17472K)->0K(17472K) From: 2044K(2176K)->2076K(2176K)
[2026-06-17T09:56:04.316+0800][12.945s][info][gc,heap        ] GC(301) Tenured: 37099K(43712K)->40144K(43712K)
[2026-06-17T09:56:04.317+0800][12.946s][info][gc,metaspace   ] GC(301) Metaspace: 150K(384K)->150K(384K) NonClass: 145K(256K)->145K(256K) Class: 4K(128K)->4K(128K)
[2026-06-17T09:56:04.317+0800][12.946s][info][gc             ] GC(301) Pause Young (Allocation Failure) 55M->41M(61M) 2.131ms
[2026-06-17T09:56:04.317+0800][12.946s][info][gc,cpu         ] GC(301) User=0.00s Sys=0.00s Real=0.00s
[2026-06-17T09:56:04.359+0800][12.989s][info][gc,start       ] GC(302) Pause Young (Allocation Failure)
[2026-06-17T09:56:04.360+0800][12.989s][info][gc             ] GC(302) Pause Young (Allocation Failure) 58M->58M(61M) 0.433ms
[2026-06-17T09:56:04.360+0800][12.989s][info][gc,cpu         ] GC(302) User=0.00s Sys=0.00s Real=0.00s
[2026-06-17T09:56:04.361+0800][12.990s][info][gc,start       ] GC(303) Pause Full (Allocation Failure)
[2026-06-17T09:56:04.361+0800][12.990s][info][gc,phases,start] GC(303) Phase 1: Mark live objects
[2026-06-17T09:56:04.361+0800][12.991s][info][gc,phases      ] GC(303) Phase 1: Mark live objects 0.526ms
[2026-06-17T09:56:04.362+0800][12.991s][info][gc,phases,start] GC(303) Phase 2: Compute new object addresses
[2026-06-17T09:56:04.362+0800][12.991s][info][gc,phases      ] GC(303) Phase 2: Compute new object addresses 0.411ms
[2026-06-17T09:56:04.362+0800][12.991s][info][gc,phases,start] GC(303) Phase 3: Adjust pointers
[2026-06-17T09:56:04.363+0800][12.992s][info][gc,phases      ] GC(303) Phase 3: Adjust pointers 0.360ms
[2026-06-17T09:56:04.363+0800][12.992s][info][gc,phases,start] GC(303) Phase 4: Move objects
[2026-06-17T09:56:04.365+0800][12.994s][info][gc,phases      ] GC(303) Phase 4: Move objects 2.321ms
[2026-06-17T09:56:04.366+0800][12.995s][info][gc,heap        ] GC(303) DefNew: 19522K(19648K)->0K(19648K) Eden: 17445K(17472K)->0K(17472K) From: 2076K(2176K)->0K(2176K)
[2026-06-17T09:56:04.366+0800][12.995s][info][gc,heap        ] GC(303) Tenured: 40144K(43712K)->28238K(43712K)
[2026-06-17T09:56:04.366+0800][12.995s][info][gc,metaspace   ] GC(303) Metaspace: 150K(384K)->150K(384K) NonClass: 145K(256K)->145K(256K) Class: 4K(128K)->4K(128K)
[2026-06-17T09:56:04.366+0800][12.995s][info][gc             ] GC(303) Pause Full (Allocation Failure) 58M->27M(61M) 5.529ms
[2026-06-17T09:56:04.366+0800][12.996s][info][gc,cpu         ] GC(303) User=0.00s Sys=0.00s Real=0.01s
[2026-06-17T09:56:04.409+0800][13.038s][info][gc,start       ] GC(304) Pause Young (Allocation Failure)
[2026-06-17T09:56:04.410+0800][13.039s][info][gc,heap        ] GC(304) DefNew: 16954K(19648K)->2119K(19648K) Eden: 16954K(17472K)->0K(17472K) From: 0K(2176K)->2119K(2176K)
[2026-06-17T09:56:04.410+0800][13.039s][info][gc,heap        ] GC(304) Tenured: 28238K(43712K)->29329K(43712K)
[2026-06-17T09:56:04.411+0800][13.040s][info][gc,metaspace   ] GC(304) Metaspace: 150K(384K)->150K(384K) NonClass: 145K(256K)->145K(256K) Class: 4K(128K)->4K(128K)
[2026-06-17T09:56:04.411+0800][13.040s][info][gc             ] GC(304) Pause Young (Allocation Failure) 44M->30M(61M) 1.783ms
[2026-06-17T09:56:04.411+0800][13.040s][info][gc,cpu         ] GC(304) User=0.01s Sys=0.00s Real=0.01s
[2026-06-17T09:56:04.453+0800][13.083s][info][gc,start       ] GC(305) Pause Young (Allocation Failure)
[2026-06-17T09:56:04.455+0800][13.084s][info][gc,heap        ] GC(305) DefNew: 19504K(19648K)->2142K(19648K) Eden: 17385K(17472K)->0K(17472K) From: 2119K(2176K)->2142K(2176K)
[2026-06-17T09:56:04.455+0800][13.085s][info][gc,heap        ] GC(305) Tenured: 29329K(43712K)->32768K(43712K)
[2026-06-17T09:56:04.456+0800][13.085s][info][gc,metaspace   ] GC(305) Metaspace: 150K(384K)->150K(384K) NonClass: 145K(256K)->145K(256K) Class: 4K(128K)->4K(128K)
[2026-06-17T09:56:04.456+0800][13.086s][info][gc             ] GC(305) Pause Young (Allocation Failure) 47M->34M(61M) 2.962ms
[2026-06-17T09:56:04.457+0800][13.086s][info][gc,cpu         ] GC(305) User=0.00s Sys=0.00s Real=0.00s
[2026-06-17T09:56:04.511+0800][13.140s][info][gc,start       ] GC(306) Pause Young (Allocation Failure)
[2026-06-17T09:56:04.512+0800][13.141s][info][gc,heap        ] GC(306) DefNew: 19584K(19648K)->2103K(19648K) Eden: 17441K(17472K)->0K(17472K) From: 2142K(2176K)->2103K(2176K)
[2026-06-17T09:56:04.512+0800][13.142s][info][gc,heap        ] GC(306) Tenured: 32768K(43712K)->36017K(43712K)
[2026-06-17T09:56:04.513+0800][13.142s][info][gc,metaspace   ] GC(306) Metaspace: 150K(384K)->150K(384K) NonClass: 145K(256K)->145K(256K) Class: 4K(128K)->4K(128K)
[2026-06-17T09:56:04.513+0800][13.142s][info][gc             ] GC(306) Pause Young (Allocation Failure) 51M->37M(61M) 2.333ms
[2026-06-17T09:56:04.513+0800][13.142s][info][gc,cpu         ] GC(306) User=0.00s Sys=0.00s Real=0.00s
[2026-06-17T09:56:04.556+0800][13.185s][info][gc,start       ] GC(307) Pause Young (Allocation Failure)
[2026-06-17T09:56:04.556+0800][13.186s][info][gc,heap        ] GC(307) DefNew: 19555K(19648K)->2158K(19648K) Eden: 17451K(17472K)->0K(17472K) From: 2103K(2176K)->2158K(2176K)
[2026-06-17T09:56:04.557+0800][13.186s][info][gc,heap        ] GC(307) Tenured: 36017K(43712K)->39593K(43712K)
[2026-06-17T09:56:04.557+0800][13.186s][info][gc,metaspace   ] GC(307) Metaspace: 150K(384K)->150K(384K) NonClass: 145K(256K)->145K(256K) Class: 4K(128K)->4K(128K)
[2026-06-17T09:56:04.557+0800][13.186s][info][gc             ] GC(307) Pause Young (Allocation Failure) 54M->40M(61M) 1.309ms
[2026-06-17T09:56:04.557+0800][13.186s][info][gc,cpu         ] GC(307) User=0.00s Sys=0.00s Real=0.00s
[2026-06-17T09:56:04.599+0800][13.228s][info][gc,start       ] GC(308) Pause Young (Allocation Failure)
[2026-06-17T09:56:04.600+0800][13.229s][info][gc             ] GC(308) Pause Young (Allocation Failure) 57M->57M(61M) 0.432ms
[2026-06-17T09:56:04.600+0800][13.229s][info][gc,cpu         ] GC(308) User=0.00s Sys=0.00s Real=0.00s
[2026-06-17T09:56:04.600+0800][13.229s][info][gc,start       ] GC(309) Pause Full (Allocation Failure)
[2026-06-17T09:56:04.600+0800][13.230s][info][gc,phases,start] GC(309) Phase 1: Mark live objects
[2026-06-17T09:56:04.601+0800][13.230s][info][gc,phases      ] GC(309) Phase 1: Mark live objects 0.564ms
[2026-06-17T09:56:04.601+0800][13.230s][info][gc,phases,start] GC(309) Phase 2: Compute new object addresses
[2026-06-17T09:56:04.602+0800][13.231s][info][gc,phases      ] GC(309) Phase 2: Compute new object addresses 0.523ms
[2026-06-17T09:56:04.602+0800][13.231s][info][gc,phases,start] GC(309) Phase 3: Adjust pointers
[2026-06-17T09:56:04.603+0800][13.232s][info][gc,phases      ] GC(309) Phase 3: Adjust pointers 0.557ms
[2026-06-17T09:56:04.603+0800][13.232s][info][gc,phases,start] GC(309) Phase 4: Move objects
[2026-06-17T09:56:04.606+0800][13.235s][info][gc,phases      ] GC(309) Phase 4: Move objects 2.276ms
[2026-06-17T09:56:04.606+0800][13.235s][info][gc,heap        ] GC(309) DefNew: 19625K(19648K)->0K(19648K) Eden: 17467K(17472K)->0K(17472K) From: 2158K(2176K)->0K(2176K)
[2026-06-17T09:56:04.606+0800][13.235s][info][gc,heap        ] GC(309) Tenured: 39593K(43712K)->24771K(43712K)
[2026-06-17T09:56:04.606+0800][13.236s][info][gc,metaspace   ] GC(309) Metaspace: 150K(384K)->150K(384K) NonClass: 145K(256K)->145K(256K) Class: 4K(128K)->4K(128K)
[2026-06-17T09:56:04.607+0800][13.236s][info][gc             ] GC(309) Pause Full (Allocation Failure) 57M->24M(61M) 6.633ms
[2026-06-17T09:56:04.607+0800][13.236s][info][gc,cpu         ] GC(309) User=0.00s Sys=0.00s Real=0.01s
[2026-06-17T09:56:04.649+0800][13.278s][info][gc,start       ] GC(310) Pause Young (Allocation Failure)
[2026-06-17T09:56:04.650+0800][13.279s][info][gc,heap        ] GC(310) DefNew: 17455K(19648K)->2166K(19648K) Eden: 17455K(17472K)->0K(17472K) From: 0K(2176K)->2166K(2176K)
[2026-06-17T09:56:04.651+0800][13.280s][info][gc,heap        ] GC(310) Tenured: 24771K(43712K)->29302K(43712K)
[2026-06-17T09:56:04.651+0800][13.280s][info][gc,metaspace   ] GC(310) Metaspace: 150K(384K)->150K(384K) NonClass: 145K(256K)->145K(256K) Class: 4K(128K)->4K(128K)
[2026-06-17T09:56:04.651+0800][13.280s][info][gc             ] GC(310) Pause Young (Allocation Failure) 41M->30M(61M) 2.039ms
[2026-06-17T09:56:04.651+0800][13.280s][info][gc,cpu         ] GC(310) User=0.00s Sys=0.00s Real=0.01s
[2026-06-17T09:56:04.694+0800][13.323s][info][gc,start       ] GC(311) Pause Young (Allocation Failure)
[2026-06-17T09:56:04.696+0800][13.325s][info][gc,heap        ] GC(311) DefNew: 19613K(19648K)->2165K(19648K) Eden: 17447K(17472K)->0K(17472K) From: 2166K(2176K)->2165K(2176K)
[2026-06-17T09:56:04.696+0800][13.325s][info][gc,heap        ] GC(311) Tenured: 29302K(43712K)->34407K(43712K)
[2026-06-17T09:56:04.697+0800][13.326s][info][gc,metaspace   ] GC(311) Metaspace: 150K(384K)->150K(384K) NonClass: 145K(256K)->145K(256K) Class: 4K(128K)->4K(128K)
[2026-06-17T09:56:04.697+0800][13.326s][info][gc             ] GC(311) Pause Young (Allocation Failure) 47M->35M(61M) 3.301ms
[2026-06-17T09:56:04.698+0800][13.327s][info][gc,cpu         ] GC(311) User=0.00s Sys=0.00s Real=0.00s
[2026-06-17T09:56:04.740+0800][13.369s][info][gc,start       ] GC(312) Pause Young (Allocation Failure)
[2026-06-17T09:56:04.742+0800][13.371s][info][gc,heap        ] GC(312) DefNew: 19637K(19648K)->2174K(19648K) Eden: 17472K(17472K)->0K(17472K) From: 2165K(2176K)->2174K(2176K)
[2026-06-17T09:56:04.742+0800][13.372s][info][gc,heap        ] GC(312) Tenured: 34407K(43712K)->38748K(43712K)
[2026-06-17T09:56:04.743+0800][13.372s][info][gc,metaspace   ] GC(312) Metaspace: 150K(384K)->150K(384K) NonClass: 145K(256K)->145K(256K) Class: 4K(128K)->4K(128K)
[2026-06-17T09:56:04.743+0800][13.373s][info][gc             ] GC(312) Pause Young (Allocation Failure) 52M->39M(61M) 3.124ms
[2026-06-17T09:56:04.744+0800][13.373s][info][gc,cpu         ] GC(312) User=0.00s Sys=0.00s Real=0.01s
[2026-06-17T09:56:04.797+0800][13.426s][info][gc,start       ] GC(313) Pause Young (Allocation Failure)
[2026-06-17T09:56:04.798+0800][13.427s][info][gc             ] GC(313) Pause Young (Allocation Failure) 57M->57M(61M) 0.556ms
[2026-06-17T09:56:04.798+0800][13.427s][info][gc,cpu         ] GC(313) User=0.00s Sys=0.00s Real=0.00s
[2026-06-17T09:56:04.798+0800][13.427s][info][gc,start       ] GC(314) Pause Full (Allocation Failure)
[2026-06-17T09:56:04.799+0800][13.428s][info][gc,phases,start] GC(314) Phase 1: Mark live objects
[2026-06-17T09:56:04.799+0800][13.429s][info][gc,phases      ] GC(314) Phase 1: Mark live objects 0.840ms
[2026-06-17T09:56:04.800+0800][13.429s][info][gc,phases,start] GC(314) Phase 2: Compute new object addresses
[2026-06-17T09:56:04.801+0800][13.430s][info][gc,phases      ] GC(314) Phase 2: Compute new object addresses 0.804ms
[2026-06-17T09:56:04.801+0800][13.430s][info][gc,phases,start] GC(314) Phase 3: Adjust pointers
[2026-06-17T09:56:04.802+0800][13.431s][info][gc,phases      ] GC(314) Phase 3: Adjust pointers 0.752ms
[2026-06-17T09:56:04.803+0800][13.432s][info][gc,phases,start] GC(314) Phase 4: Move objects
[2026-06-17T09:56:04.805+0800][13.434s][info][gc,phases      ] GC(314) Phase 4: Move objects 1.997ms
[2026-06-17T09:56:04.805+0800][13.434s][info][gc,heap        ] GC(314) DefNew: 19646K(19648K)->0K(19648K) Eden: 17472K(17472K)->0K(17472K) From: 2174K(2176K)->0K(2176K)
[2026-06-17T09:56:04.805+0800][13.434s][info][gc,heap        ] GC(314) Tenured: 38748K(43712K)->26892K(43712K)
[2026-06-17T09:56:04.806+0800][13.435s][info][gc,metaspace   ] GC(314) Metaspace: 150K(384K)->150K(384K) NonClass: 145K(256K)->145K(256K) Class: 4K(128K)->4K(128K)
[2026-06-17T09:56:04.806+0800][13.435s][info][gc             ] GC(314) Pause Full (Allocation Failure) 57M->26M(61M) 7.565ms
[2026-06-17T09:56:04.806+0800][13.435s][info][gc,cpu         ] GC(314) User=0.00s Sys=0.00s Real=0.01s
[2026-06-17T09:56:04.848+0800][13.478s][info][gc,start       ] GC(315) Pause Young (Allocation Failure)
[2026-06-17T09:56:04.850+0800][13.479s][info][gc,heap        ] GC(315) DefNew: 17472K(19648K)->2172K(19648K) Eden: 17472K(17472K)->0K(17472K) From: 0K(2176K)->2172K(2176K)
[2026-06-17T09:56:04.851+0800][13.480s][info][gc,heap        ] GC(315) Tenured: 26892K(43712K)->31913K(43712K)
[2026-06-17T09:56:04.851+0800][13.480s][info][gc,metaspace   ] GC(315) Metaspace: 150K(384K)->150K(384K) NonClass: 145K(256K)->145K(256K) Class: 4K(128K)->4K(128K)
[2026-06-17T09:56:04.852+0800][13.481s][info][gc             ] GC(315) Pause Young (Allocation Failure) 43M->33M(61M) 3.140ms
[2026-06-17T09:56:04.852+0800][13.481s][info][gc,cpu         ] GC(315) User=0.00s Sys=0.00s Real=0.01s
[2026-06-17T09:56:04.895+0800][13.524s][info][gc,start       ] GC(316) Pause Young (Allocation Failure)
[2026-06-17T09:56:04.896+0800][13.526s][info][gc,heap        ] GC(316) DefNew: 19595K(19648K)->2172K(19648K) Eden: 17422K(17472K)->0K(17472K) From: 2172K(2176K)->2172K(2176K)
[2026-06-17T09:56:04.897+0800][13.526s][info][gc,heap        ] GC(316) Tenured: 31913K(43712K)->36339K(43712K)
[2026-06-17T09:56:04.897+0800][13.526s][info][gc,metaspace   ] GC(316) Metaspace: 150K(384K)->150K(384K) NonClass: 145K(256K)->145K(256K) Class: 4K(128K)->4K(128K)
[2026-06-17T09:56:04.897+0800][13.526s][info][gc             ] GC(316) Pause Young (Allocation Failure) 50M->37M(61M) 2.014ms
[2026-06-17T09:56:04.897+0800][13.527s][info][gc,cpu         ] GC(316) User=0.00s Sys=0.00s Real=0.00s
[2026-06-17T09:56:04.940+0800][13.569s][info][gc,start       ] GC(317) Pause Young (Allocation Failure)
[2026-06-17T09:56:04.940+0800][13.570s][info][gc,heap        ] GC(317) DefNew: 19617K(19648K)->1967K(19648K) Eden: 17445K(17472K)->0K(17472K) From: 2172K(2176K)->1967K(2176K)
[2026-06-17T09:56:04.941+0800][13.570s][info][gc,heap        ] GC(317) Tenured: 36339K(43712K)->37496K(43712K)
[2026-06-17T09:56:04.941+0800][13.570s][info][gc,metaspace   ] GC(317) Metaspace: 150K(384K)->150K(384K) NonClass: 145K(256K)->145K(256K) Class: 4K(128K)->4K(128K)
[2026-06-17T09:56:04.941+0800][13.570s][info][gc             ] GC(317) Pause Young (Allocation Failure) 54M->38M(61M) 1.349ms
[2026-06-17T09:56:04.941+0800][13.570s][info][gc,cpu         ] GC(317) User=0.00s Sys=0.00s Real=0.00s
[2026-06-17T09:56:04.994+0800][13.623s][info][gc,start       ] GC(318) Pause Young (Allocation Failure)
[2026-06-17T09:56:04.994+0800][13.624s][info][gc             ] GC(318) Pause Young (Allocation Failure) 55M->55M(61M) 0.545ms
[2026-06-17T09:56:04.995+0800][13.624s][info][gc,cpu         ] GC(318) User=0.00s Sys=0.00s Real=0.00s
[2026-06-17T09:56:04.995+0800][13.624s][info][gc,start       ] GC(319) Pause Full (Allocation Failure)
[2026-06-17T09:56:04.995+0800][13.624s][info][gc,phases,start] GC(319) Phase 1: Mark live objects
[2026-06-17T09:56:04.996+0800][13.625s][info][gc,phases      ] GC(319) Phase 1: Mark live objects 0.569ms
[2026-06-17T09:56:04.996+0800][13.625s][info][gc,phases,start] GC(319) Phase 2: Compute new object addresses
[2026-06-17T09:56:04.996+0800][13.625s][info][gc,phases      ] GC(319) Phase 2: Compute new object addresses 0.383ms
[2026-06-17T09:56:04.997+0800][13.626s][info][gc,phases,start] GC(319) Phase 3: Adjust pointers
[2026-06-17T09:56:04.998+0800][13.627s][info][gc,phases      ] GC(319) Phase 3: Adjust pointers 0.957ms
[2026-06-17T09:56:04.998+0800][13.627s][info][gc,phases,start] GC(319) Phase 4: Move objects
[2026-06-17T09:56:05.000+0800][13.629s][info][gc,phases      ] GC(319) Phase 4: Move objects 1.977ms
[2026-06-17T09:56:05.000+0800][13.629s][info][gc,heap        ] GC(319) DefNew: 19439K(19648K)->0K(19648K) Eden: 17472K(17472K)->0K(17472K) From: 1967K(2176K)->0K(2176K)
[2026-06-17T09:56:05.001+0800][13.630s][info][gc,heap        ] GC(319) Tenured: 37496K(43712K)->28443K(43712K)
[2026-06-17T09:56:05.001+0800][13.630s][info][gc,metaspace   ] GC(319) Metaspace: 150K(384K)->150K(384K) NonClass: 145K(256K)->145K(256K) Class: 4K(128K)->4K(128K)
[2026-06-17T09:56:05.001+0800][13.630s][info][gc             ] GC(319) Pause Full (Allocation Failure) 55M->27M(61M) 5.990ms
[2026-06-17T09:56:05.001+0800][13.630s][info][gc,cpu         ] GC(319) User=0.00s Sys=0.00s Real=0.00s
[2026-06-17T09:56:05.044+0800][13.673s][info][gc,start       ] GC(320) Pause Young (Allocation Failure)
[2026-06-17T09:56:05.045+0800][13.674s][info][gc,heap        ] GC(320) DefNew: 17472K(19648K)->2174K(19648K) Eden: 17472K(17472K)->0K(17472K) From: 0K(2176K)->2174K(2176K)
[2026-06-17T09:56:05.046+0800][13.675s][info][gc,heap        ] GC(320) Tenured: 28443K(43712K)->33275K(43712K)
[2026-06-17T09:56:05.046+0800][13.675s][info][gc,metaspace   ] GC(320) Metaspace: 150K(384K)->150K(384K) NonClass: 145K(256K)->145K(256K) Class: 4K(128K)->4K(128K)
[2026-06-17T09:56:05.046+0800][13.675s][info][gc             ] GC(320) Pause Young (Allocation Failure) 44M->34M(61M) 2.281ms
[2026-06-17T09:56:05.046+0800][13.675s][info][gc,cpu         ] GC(320) User=0.01s Sys=0.00s Real=0.00s
[2026-06-17T09:56:05.089+0800][13.718s][info][gc,start       ] GC(321) Pause Young (Allocation Failure)
[2026-06-17T09:56:05.090+0800][13.720s][info][gc,heap        ] GC(321) DefNew: 19641K(19648K)->2162K(19648K) Eden: 17467K(17472K)->0K(17472K) From: 2174K(2176K)->2162K(2176K)
[2026-06-17T09:56:05.091+0800][13.720s][info][gc,heap        ] GC(321) Tenured: 33275K(43712K)->38925K(43712K)
[2026-06-17T09:56:05.091+0800][13.720s][info][gc,metaspace   ] GC(321) Metaspace: 150K(384K)->150K(384K) NonClass: 145K(256K)->145K(256K) Class: 4K(128K)->4K(128K)
[2026-06-17T09:56:05.091+0800][13.721s][info][gc             ] GC(321) Pause Young (Allocation Failure) 51M->40M(61M) 2.646ms
[2026-06-17T09:56:05.092+0800][13.721s][info][gc,cpu         ] GC(321) User=0.00s Sys=0.00s Real=0.01s
[2026-06-17T09:56:05.135+0800][13.764s][info][gc,start       ] GC(322) Pause Young (Allocation Failure)
[2026-06-17T09:56:05.138+0800][13.767s][info][gc             ] GC(322) Pause Young (Allocation Failure) 57M->57M(61M) 2.438ms
[2026-06-17T09:56:05.138+0800][13.767s][info][gc,cpu         ] GC(322) User=0.00s Sys=0.00s Real=0.00s
[2026-06-17T09:56:05.139+0800][13.768s][info][gc,start       ] GC(323) Pause Full (Allocation Failure)
[2026-06-17T09:56:05.139+0800][13.768s][info][gc,phases,start] GC(323) Phase 1: Mark live objects
[2026-06-17T09:56:05.140+0800][13.769s][info][gc,phases      ] GC(323) Phase 1: Mark live objects 0.913ms
[2026-06-17T09:56:05.140+0800][13.769s][info][gc,phases,start] GC(323) Phase 2: Compute new object addresses
[2026-06-17T09:56:05.141+0800][13.770s][info][gc,phases      ] GC(323) Phase 2: Compute new object addresses 0.650ms
[2026-06-17T09:56:05.141+0800][13.771s][info][gc,phases,start] GC(323) Phase 3: Adjust pointers
[2026-06-17T09:56:05.142+0800][13.771s][info][gc,phases      ] GC(323) Phase 3: Adjust pointers 0.706ms
[2026-06-17T09:56:05.142+0800][13.771s][info][gc,phases,start] GC(323) Phase 4: Move objects
[2026-06-17T09:56:05.145+0800][13.774s][info][gc,phases      ] GC(323) Phase 4: Move objects 2.598ms
[2026-06-17T09:56:05.145+0800][13.775s][info][gc,heap        ] GC(323) DefNew: 19634K(19648K)->0K(19648K) Eden: 17472K(17472K)->0K(17472K) From: 2162K(2176K)->0K(2176K)
[2026-06-17T09:56:05.146+0800][13.775s][info][gc,heap        ] GC(323) Tenured: 38925K(43712K)->29046K(43712K)
[2026-06-17T09:56:05.146+0800][13.775s][info][gc,metaspace   ] GC(323) Metaspace: 150K(384K)->150K(384K) NonClass: 145K(256K)->145K(256K) Class: 4K(128K)->4K(128K)
[2026-06-17T09:56:05.146+0800][13.775s][info][gc             ] GC(323) Pause Full (Allocation Failure) 57M->28M(61M) 7.317ms
[2026-06-17T09:56:05.146+0800][13.775s][info][gc,cpu         ] GC(323) User=0.00s Sys=0.00s Real=0.01s
[2026-06-17T09:56:05.188+0800][13.817s][info][gc,start       ] GC(324) Pause Young (Allocation Failure)
[2026-06-17T09:56:05.189+0800][13.818s][info][gc,heap        ] GC(324) DefNew: 17395K(19648K)->2169K(19648K) Eden: 17395K(17472K)->0K(17472K) From: 0K(2176K)->2169K(2176K)
[2026-06-17T09:56:05.190+0800][13.819s][info][gc,heap        ] GC(324) Tenured: 29046K(43712K)->30489K(43712K)
[2026-06-17T09:56:05.190+0800][13.819s][info][gc,metaspace   ] GC(324) Metaspace: 150K(384K)->150K(384K) NonClass: 145K(256K)->145K(256K) Class: 4K(128K)->4K(128K)
[2026-06-17T09:56:05.191+0800][13.820s][info][gc             ] GC(324) Pause Young (Allocation Failure) 45M->31M(61M) 2.229ms
[2026-06-17T09:56:05.191+0800][13.820s][info][gc,cpu         ] GC(324) User=0.00s Sys=0.00s Real=0.01s
[2026-06-17T09:56:05.233+0800][13.863s][info][gc,start       ] GC(325) Pause Young (Allocation Failure)
[2026-06-17T09:56:05.235+0800][13.864s][info][gc,heap        ] GC(325) DefNew: 19616K(19648K)->2170K(19648K) Eden: 17447K(17472K)->0K(17472K) From: 2169K(2176K)->2170K(2176K)
[2026-06-17T09:56:05.235+0800][13.865s][info][gc,heap        ] GC(325) Tenured: 30489K(43712K)->37127K(43712K)
[2026-06-17T09:56:05.236+0800][13.865s][info][gc,metaspace   ] GC(325) Metaspace: 150K(384K)->150K(384K) NonClass: 145K(256K)->145K(256K) Class: 4K(128K)->4K(128K)
[2026-06-17T09:56:05.236+0800][13.865s][info][gc             ] GC(325) Pause Young (Allocation Failure) 48M->38M(61M) 2.882ms
[2026-06-17T09:56:05.237+0800][13.866s][info][gc,cpu         ] GC(325) User=0.00s Sys=0.00s Real=0.00s
[2026-06-17T09:56:05.279+0800][13.909s][info][gc,start       ] GC(326) Pause Young (Allocation Failure)
[2026-06-17T09:56:05.280+0800][13.909s][info][gc             ] GC(326) Pause Young (Allocation Failure) 55M->55M(61M) 0.536ms
[2026-06-17T09:56:05.280+0800][13.909s][info][gc,cpu         ] GC(326) User=0.00s Sys=0.00s Real=0.00s
[2026-06-17T09:56:05.281+0800][13.910s][info][gc,start       ] GC(327) Pause Full (Allocation Failure)
[2026-06-17T09:56:05.281+0800][13.910s][info][gc,phases,start] GC(327) Phase 1: Mark live objects
[2026-06-17T09:56:05.282+0800][13.911s][info][gc,phases      ] GC(327) Phase 1: Mark live objects 0.706ms
[2026-06-17T09:56:05.282+0800][13.911s][info][gc,phases,start] GC(327) Phase 2: Compute new object addresses
[2026-06-17T09:56:05.282+0800][13.911s][info][gc,phases      ] GC(327) Phase 2: Compute new object addresses 0.397ms
[2026-06-17T09:56:05.282+0800][13.912s][info][gc,phases,start] GC(327) Phase 3: Adjust pointers
[2026-06-17T09:56:05.283+0800][13.912s][info][gc,phases      ] GC(327) Phase 3: Adjust pointers 0.410ms
[2026-06-17T09:56:05.283+0800][13.912s][info][gc,phases,start] GC(327) Phase 4: Move objects
[2026-06-17T09:56:05.285+0800][13.914s][info][gc,phases      ] GC(327) Phase 4: Move objects 1.975ms
[2026-06-17T09:56:05.285+0800][13.915s][info][gc,heap        ] GC(327) DefNew: 19632K(19648K)->0K(19648K) Eden: 17461K(17472K)->0K(17472K) From: 2170K(2176K)->0K(2176K)
[2026-06-17T09:56:05.286+0800][13.915s][info][gc,heap        ] GC(327) Tenured: 37127K(43712K)->22931K(43712K)
[2026-06-17T09:56:05.286+0800][13.915s][info][gc,metaspace   ] GC(327) Metaspace: 150K(384K)->150K(384K) NonClass: 145K(256K)->145K(256K) Class: 4K(128K)->4K(128K)
[2026-06-17T09:56:05.286+0800][13.915s][info][gc             ] GC(327) Pause Full (Allocation Failure) 55M->22M(61M) 5.692ms
[2026-06-17T09:56:05.286+0800][13.915s][info][gc,cpu         ] GC(327) User=0.00s Sys=0.00s Real=0.01s
[2026-06-17T09:56:05.339+0800][13.968s][info][gc,start       ] GC(328) Pause Young (Allocation Failure)
[2026-06-17T09:56:05.340+0800][13.969s][info][gc,heap        ] GC(328) DefNew: 17444K(19648K)->2170K(19648K) Eden: 17444K(17472K)->0K(17472K) From: 0K(2176K)->2170K(2176K)
[2026-06-17T09:56:05.340+0800][13.969s][info][gc,heap        ] GC(328) Tenured: 22931K(43712K)->25447K(43712K)
[2026-06-17T09:56:05.340+0800][13.969s][info][gc,metaspace   ] GC(328) Metaspace: 150K(384K)->150K(384K) NonClass: 145K(256K)->145K(256K) Class: 4K(128K)->4K(128K)
[2026-06-17T09:56:05.340+0800][13.970s][info][gc             ] GC(328) Pause Young (Allocation Failure) 39M->26M(61M) 1.453ms
[2026-06-17T09:56:05.341+0800][13.970s][info][gc,cpu         ] GC(328) User=0.00s Sys=0.00s Real=0.00s
[2026-06-17T09:56:05.383+0800][14.012s][info][gc,start       ] GC(329) Pause Young (Allocation Failure)
[2026-06-17T09:56:05.384+0800][14.013s][info][gc,heap        ] GC(329) DefNew: 19620K(19648K)->2045K(19648K) Eden: 17449K(17472K)->0K(17472K) From: 2170K(2176K)->2045K(2176K)
[2026-06-17T09:56:05.384+0800][14.013s][info][gc,heap        ] GC(329) Tenured: 25447K(43712K)->28853K(43712K)
[2026-06-17T09:56:05.384+0800][14.014s][info][gc,metaspace   ] GC(329) Metaspace: 150K(384K)->150K(384K) NonClass: 145K(256K)->145K(256K) Class: 4K(128K)->4K(128K)
[2026-06-17T09:56:05.385+0800][14.014s][info][gc             ] GC(329) Pause Young (Allocation Failure) 44M->30M(61M) 1.892ms
[2026-06-17T09:56:05.385+0800][14.014s][info][gc,cpu         ] GC(329) User=0.00s Sys=0.00s Real=0.00s
[2026-06-17T09:56:05.428+0800][14.057s][info][gc,start       ] GC(330) Pause Young (Allocation Failure)
[2026-06-17T09:56:05.429+0800][14.058s][info][gc,heap        ] GC(330) DefNew: 19517K(19648K)->2174K(19648K) Eden: 17472K(17472K)->0K(17472K) From: 2045K(2176K)->2174K(2176K)
[2026-06-17T09:56:05.430+0800][14.059s][info][gc,heap        ] GC(330) Tenured: 28853K(43712K)->32910K(43712K)
[2026-06-17T09:56:05.430+0800][14.059s][info][gc,metaspace   ] GC(330) Metaspace: 150K(384K)->150K(384K) NonClass: 145K(256K)->145K(256K) Class: 4K(128K)->4K(128K)
[2026-06-17T09:56:05.430+0800][14.060s][info][gc             ] GC(330) Pause Young (Allocation Failure) 47M->34M(61M) 2.847ms
[2026-06-17T09:56:05.431+0800][14.060s][info][gc,cpu         ] GC(330) User=0.01s Sys=0.00s Real=0.01s
[2026-06-17T09:56:05.474+0800][14.104s][info][gc,start       ] GC(331) Pause Young (Allocation Failure)
[2026-06-17T09:56:05.478+0800][14.107s][info][gc,heap        ] GC(331) DefNew: 19646K(19648K)->2040K(19648K) Eden: 17472K(17472K)->0K(17472K) From: 2174K(2176K)->2040K(2176K)
[2026-06-17T09:56:05.480+0800][14.109s][info][gc,heap        ] GC(331) Tenured: 32910K(43712K)->38096K(43712K)
[2026-06-17T09:56:05.482+0800][14.111s][info][gc,metaspace   ] GC(331) Metaspace: 150K(384K)->150K(384K) NonClass: 145K(256K)->145K(256K) Class: 4K(128K)->4K(128K)
[2026-06-17T09:56:05.483+0800][14.112s][info][gc             ] GC(331) Pause Young (Allocation Failure) 51M->39M(61M) 8.383ms
[2026-06-17T09:56:05.483+0800][14.112s][info][gc,cpu         ] GC(331) User=0.00s Sys=0.00s Real=0.01s
[2026-06-17T09:56:05.526+0800][14.155s][info][gc,start       ] GC(332) Pause Young (Allocation Failure)
[2026-06-17T09:56:05.527+0800][14.156s][info][gc             ] GC(332) Pause Young (Allocation Failure) 56M->56M(61M) 0.503ms
[2026-06-17T09:56:05.527+0800][14.156s][info][gc,cpu         ] GC(332) User=0.00s Sys=0.00s Real=0.00s
[2026-06-17T09:56:05.527+0800][14.156s][info][gc,start       ] GC(333) Pause Full (Allocation Failure)
[2026-06-17T09:56:05.528+0800][14.157s][info][gc,phases,start] GC(333) Phase 1: Mark live objects
[2026-06-17T09:56:05.528+0800][14.158s][info][gc,phases      ] GC(333) Phase 1: Mark live objects 0.764ms
[2026-06-17T09:56:05.529+0800][14.158s][info][gc,phases,start] GC(333) Phase 2: Compute new object addresses
[2026-06-17T09:56:05.529+0800][14.158s][info][gc,phases      ] GC(333) Phase 2: Compute new object addresses 0.558ms
[2026-06-17T09:56:05.530+0800][14.159s][info][gc,phases,start] GC(333) Phase 3: Adjust pointers
[2026-06-17T09:56:05.531+0800][14.160s][info][gc,phases      ] GC(333) Phase 3: Adjust pointers 0.659ms
[2026-06-17T09:56:05.531+0800][14.160s][info][gc,phases,start] GC(333) Phase 4: Move objects
[2026-06-17T09:56:05.533+0800][14.162s][info][gc,phases      ] GC(333) Phase 4: Move objects 2.057ms
[2026-06-17T09:56:05.533+0800][14.162s][info][gc,heap        ] GC(333) DefNew: 19454K(19648K)->0K(19648K) Eden: 17414K(17472K)->0K(17472K) From: 2040K(2176K)->0K(2176K)
[2026-06-17T09:56:05.533+0800][14.162s][info][gc,heap        ] GC(333) Tenured: 38096K(43712K)->27487K(43712K)
[2026-06-17T09:56:05.533+0800][14.163s][info][gc,metaspace   ] GC(333) Metaspace: 150K(384K)->150K(384K) NonClass: 145K(256K)->145K(256K) Class: 4K(128K)->4K(128K)
[2026-06-17T09:56:05.534+0800][14.163s][info][gc             ] GC(333) Pause Full (Allocation Failure) 56M->26M(61M) 6.263ms
[2026-06-17T09:56:05.534+0800][14.163s][info][gc,cpu         ] GC(333) User=0.00s Sys=0.00s Real=0.01s
[2026-06-17T09:56:05.577+0800][14.206s][info][gc,start       ] GC(334) Pause Young (Allocation Failure)
[2026-06-17T09:56:05.579+0800][14.208s][info][gc,heap        ] GC(334) DefNew: 17443K(19648K)->2095K(19648K) Eden: 17443K(17472K)->0K(17472K) From: 0K(2176K)->2095K(2176K)
[2026-06-17T09:56:05.580+0800][14.209s][info][gc,heap        ] GC(334) Tenured: 27487K(43712K)->28769K(43712K)
[2026-06-17T09:56:05.582+0800][14.211s][info][gc,metaspace   ] GC(334) Metaspace: 150K(384K)->150K(384K) NonClass: 145K(256K)->145K(256K) Class: 4K(128K)->4K(128K)
[2026-06-17T09:56:05.584+0800][14.213s][info][gc             ] GC(334) Pause Young (Allocation Failure) 43M->30M(61M) 7.714ms
[2026-06-17T09:56:05.586+0800][14.216s][info][gc,cpu         ] GC(334) User=0.00s Sys=0.00s Real=0.01s
[2026-06-17T09:56:05.640+0800][14.269s][info][gc,start       ] GC(335) Pause Young (Allocation Failure)
[2026-06-17T09:56:05.642+0800][14.271s][info][gc,heap        ] GC(335) DefNew: 19519K(19648K)->2115K(19648K) Eden: 17424K(17472K)->0K(17472K) From: 2095K(2176K)->2115K(2176K)
[2026-06-17T09:56:05.642+0800][14.271s][info][gc,heap        ] GC(335) Tenured: 28769K(43712K)->32540K(43712K)
[2026-06-17T09:56:05.643+0800][14.272s][info][gc,metaspace   ] GC(335) Metaspace: 150K(384K)->150K(384K) NonClass: 145K(256K)->145K(256K) Class: 4K(128K)->4K(128K)
[2026-06-17T09:56:05.643+0800][14.272s][info][gc             ] GC(335) Pause Young (Allocation Failure) 47M->33M(61M) 2.993ms
[2026-06-17T09:56:05.644+0800][14.273s][info][gc,cpu         ] GC(335) User=0.00s Sys=0.00s Real=0.01s
[2026-06-17T09:56:05.687+0800][14.316s][info][gc,start       ] GC(336) Pause Young (Allocation Failure)
[2026-06-17T09:56:05.689+0800][14.318s][info][gc,heap        ] GC(336) DefNew: 19587K(19648K)->2158K(19648K) Eden: 17471K(17472K)->0K(17472K) From: 2115K(2176K)->2158K(2176K)
[2026-06-17T09:56:05.691+0800][14.320s][info][gc,heap        ] GC(336) Tenured: 32540K(43712K)->35723K(43712K)
[2026-06-17T09:56:05.693+0800][14.322s][info][gc,metaspace   ] GC(336) Metaspace: 150K(384K)->150K(384K) NonClass: 145K(256K)->145K(256K) Class: 4K(128K)->4K(128K)
[2026-06-17T09:56:05.696+0800][14.325s][info][gc             ] GC(336) Pause Young (Allocation Failure) 50M->36M(61M) 8.598ms
[2026-06-17T09:56:05.697+0800][14.326s][info][gc,cpu         ] GC(336) User=0.00s Sys=0.00s Real=0.01s
[2026-06-17T09:56:05.742+0800][14.371s][info][gc,start       ] GC(337) Pause Young (Allocation Failure)
[2026-06-17T09:56:05.743+0800][14.373s][info][gc,heap        ] GC(337) DefNew: 19628K(19648K)->2128K(19648K) Eden: 17470K(17472K)->0K(17472K) From: 2158K(2176K)->2128K(2176K)
[2026-06-17T09:56:05.744+0800][14.373s][info][gc,heap        ] GC(337) Tenured: 35723K(43712K)->39887K(43712K)
[2026-06-17T09:56:05.744+0800][14.374s][info][gc,metaspace   ] GC(337) Metaspace: 150K(384K)->150K(384K) NonClass: 145K(256K)->145K(256K) Class: 4K(128K)->4K(128K)
[2026-06-17T09:56:05.745+0800][14.374s][info][gc             ] GC(337) Pause Young (Allocation Failure) 54M->41M(61M) 3.292ms
[2026-06-17T09:56:05.745+0800][14.375s][info][gc,cpu         ] GC(337) User=0.00s Sys=0.00s Real=0.01s
[2026-06-17T09:56:05.789+0800][14.418s][info][gc,start       ] GC(338) Pause Young (Allocation Failure)
[2026-06-17T09:56:05.811+0800][14.440s][info][gc             ] GC(338) Pause Young (Allocation Failure) 58M->58M(61M) 22.494ms
[2026-06-17T09:56:05.811+0800][14.441s][info][gc,cpu         ] GC(338) User=0.00s Sys=0.00s Real=0.03s
[2026-06-17T09:56:05.812+0800][14.441s][info][gc,start       ] GC(339) Pause Full (Allocation Failure)
[2026-06-17T09:56:05.849+0800][14.479s][info][gc,phases,start] GC(339) Phase 1: Mark live objects
[2026-06-17T09:56:05.851+0800][14.480s][info][gc,phases      ] GC(339) Phase 1: Mark live objects 1.172ms
[2026-06-17T09:56:05.883+0800][14.512s][info][gc,phases,start] GC(339) Phase 2: Compute new object addresses
[2026-06-17T09:56:05.900+0800][14.529s][info][gc,phases      ] GC(339) Phase 2: Compute new object addresses 16.558ms
[2026-06-17T09:56:05.907+0800][14.536s][info][gc,phases,start] GC(339) Phase 3: Adjust pointers
[2026-06-17T09:56:05.908+0800][14.537s][info][gc,phases      ] GC(339) Phase 3: Adjust pointers 0.648ms
[2026-06-17T09:56:05.912+0800][14.541s][info][gc,phases,start] GC(339) Phase 4: Move objects
[2026-06-17T09:56:05.921+0800][14.550s][info][gc,phases      ] GC(339) Phase 4: Move objects 8.695ms
[2026-06-17T09:56:05.923+0800][14.552s][info][gc,heap        ] GC(339) DefNew: 19600K(19648K)->0K(19648K) Eden: 17472K(17472K)->0K(17472K) From: 2128K(2176K)->0K(2176K)
[2026-06-17T09:56:05.924+0800][14.553s][info][gc,heap        ] GC(339) Tenured: 39887K(43712K)->34521K(43712K)
[2026-06-17T09:56:05.924+0800][14.553s][info][gc,metaspace   ] GC(339) Metaspace: 150K(384K)->150K(384K) NonClass: 145K(256K)->145K(256K) Class: 4K(128K)->4K(128K)
[2026-06-17T09:56:05.924+0800][14.553s][info][gc             ] GC(339) Pause Full (Allocation Failure) 58M->33M(61M) 112.509ms
[2026-06-17T09:56:05.924+0800][14.554s][info][gc,cpu         ] GC(339) User=0.00s Sys=0.00s Real=0.11s
[2026-06-17T09:56:05.968+0800][14.597s][info][gc,start       ] GC(340) Pause Young (Allocation Failure)
[2026-06-17T09:56:05.969+0800][14.598s][info][gc,heap        ] GC(340) DefNew: 17276K(19648K)->2075K(19648K) Eden: 17276K(17472K)->0K(17472K) From: 0K(2176K)->2075K(2176K)
[2026-06-17T09:56:05.969+0800][14.598s][info][gc,heap        ] GC(340) Tenured: 34521K(43712K)->35751K(43712K)
[2026-06-17T09:56:05.970+0800][14.599s][info][gc,metaspace   ] GC(340) Metaspace: 150K(384K)->150K(384K) NonClass: 145K(256K)->145K(256K) Class: 4K(128K)->4K(128K)
[2026-06-17T09:56:05.970+0800][14.599s][info][gc             ] GC(340) Pause Young (Allocation Failure) 50M->36M(61M) 2.097ms
[2026-06-17T09:56:05.970+0800][14.599s][info][gc,cpu         ] GC(340) User=0.00s Sys=0.00s Real=0.00s
[2026-06-17T09:56:06.013+0800][14.642s][info][gc,start       ] GC(341) Pause Young (Allocation Failure)
[2026-06-17T09:56:06.016+0800][14.645s][info][gc,heap        ] GC(341) DefNew: 19547K(19648K)->2172K(19648K) Eden: 17472K(17472K)->0K(17472K) From: 2075K(2176K)->2172K(2176K)
[2026-06-17T09:56:06.019+0800][14.648s][info][gc,heap        ] GC(341) Tenured: 35751K(43712K)->42313K(43712K)
[2026-06-17T09:56:06.021+0800][14.650s][info][gc,metaspace   ] GC(341) Metaspace: 150K(384K)->150K(384K) NonClass: 145K(256K)->145K(256K) Class: 4K(128K)->4K(128K)
[2026-06-17T09:56:06.023+0800][14.652s][info][gc             ] GC(341) Pause Young (Allocation Failure) 54M->43M(61M) 9.377ms
[2026-06-17T09:56:06.024+0800][14.653s][info][gc,cpu         ] GC(341) User=0.00s Sys=0.00s Real=0.01s
[2026-06-17T09:56:06.080+0800][14.709s][info][gc,start       ] GC(342) Pause Young (Allocation Failure)
[2026-06-17T09:56:06.081+0800][14.710s][info][gc             ] GC(342) Pause Young (Allocation Failure) 60M->60M(61M) 0.628ms
[2026-06-17T09:56:06.081+0800][14.710s][info][gc,cpu         ] GC(342) User=0.00s Sys=0.00s Real=0.00s
[2026-06-17T09:56:06.082+0800][14.711s][info][gc,start       ] GC(343) Pause Full (Allocation Failure)
[2026-06-17T09:56:06.082+0800][14.711s][info][gc,phases,start] GC(343) Phase 1: Mark live objects
[2026-06-17T09:56:06.083+0800][14.712s][info][gc,phases      ] GC(343) Phase 1: Mark live objects 1.056ms
[2026-06-17T09:56:06.083+0800][14.713s][info][gc,phases,start] GC(343) Phase 2: Compute new object addresses
[2026-06-17T09:56:06.084+0800][14.713s][info][gc,phases      ] GC(343) Phase 2: Compute new object addresses 0.630ms
[2026-06-17T09:56:06.085+0800][14.714s][info][gc,phases,start] GC(343) Phase 3: Adjust pointers
[2026-06-17T09:56:06.085+0800][14.714s][info][gc,phases      ] GC(343) Phase 3: Adjust pointers 0.593ms
[2026-06-17T09:56:06.085+0800][14.715s][info][gc,phases,start] GC(343) Phase 4: Move objects
[2026-06-17T09:56:06.088+0800][14.717s][info][gc,phases      ] GC(343) Phase 4: Move objects 2.578ms
[2026-06-17T09:56:06.089+0800][14.718s][info][gc,heap        ] GC(343) DefNew: 19630K(19648K)->0K(19648K) Eden: 17458K(17472K)->0K(17472K) From: 2172K(2176K)->0K(2176K)
[2026-06-17T09:56:06.089+0800][14.718s][info][gc,heap        ] GC(343) Tenured: 42313K(43712K)->29408K(43712K)
[2026-06-17T09:56:06.089+0800][14.718s][info][gc,metaspace   ] GC(343) Metaspace: 150K(384K)->150K(384K) NonClass: 145K(256K)->145K(256K) Class: 4K(128K)->4K(128K)
[2026-06-17T09:56:06.089+0800][14.718s][info][gc             ] GC(343) Pause Full (Allocation Failure) 60M->28M(61M) 7.555ms
[2026-06-17T09:56:06.089+0800][14.718s][info][gc,cpu         ] GC(343) User=0.00s Sys=0.00s Real=0.01s
[2026-06-17T09:56:06.131+0800][14.761s][info][gc,start       ] GC(344) Pause Young (Allocation Failure)
[2026-06-17T09:56:06.133+0800][14.762s][info][gc,heap        ] GC(344) DefNew: 17472K(19648K)->2175K(19648K) Eden: 17472K(17472K)->0K(17472K) From: 0K(2176K)->2175K(2176K)
[2026-06-17T09:56:06.133+0800][14.763s][info][gc,heap        ] GC(344) Tenured: 29408K(43712K)->33923K(43712K)
[2026-06-17T09:56:06.134+0800][14.763s][info][gc,metaspace   ] GC(344) Metaspace: 150K(384K)->150K(384K) NonClass: 145K(256K)->145K(256K) Class: 4K(128K)->4K(128K)
[2026-06-17T09:56:06.135+0800][14.764s][info][gc             ] GC(344) Pause Young (Allocation Failure) 45M->35M(61M) 3.115ms
[2026-06-17T09:56:06.135+0800][14.764s][info][gc,cpu         ] GC(344) User=0.00s Sys=0.00s Real=0.00s
[2026-06-17T09:56:06.178+0800][14.807s][info][gc,start       ] GC(345) Pause Young (Allocation Failure)
[2026-06-17T09:56:06.179+0800][14.809s][info][gc,heap        ] GC(345) DefNew: 19595K(19648K)->2175K(19648K) Eden: 17419K(17472K)->0K(17472K) From: 2175K(2176K)->2175K(2176K)
[2026-06-17T09:56:06.180+0800][14.810s][info][gc,heap        ] GC(345) Tenured: 33923K(43712K)->38471K(43712K)
[2026-06-17T09:56:06.181+0800][14.810s][info][gc,metaspace   ] GC(345) Metaspace: 150K(384K)->150K(384K) NonClass: 145K(256K)->145K(256K) Class: 4K(128K)->4K(128K)
[2026-06-17T09:56:06.181+0800][14.810s][info][gc             ] GC(345) Pause Young (Allocation Failure) 52M->39M(61M) 3.519ms
[2026-06-17T09:56:06.181+0800][14.810s][info][gc,cpu         ] GC(345) User=0.00s Sys=0.00s Real=0.00s
[2026-06-17T09:56:06.224+0800][14.853s][info][gc,start       ] GC(346) Pause Young (Allocation Failure)
[2026-06-17T09:56:06.225+0800][14.854s][info][gc             ] GC(346) Pause Young (Allocation Failure) 56M->56M(61M) 0.632ms
[2026-06-17T09:56:06.225+0800][14.854s][info][gc,cpu         ] GC(346) User=0.00s Sys=0.00s Real=0.00s
[2026-06-17T09:56:06.225+0800][14.854s][info][gc,start       ] GC(347) Pause Full (Allocation Failure)
[2026-06-17T09:56:06.225+0800][14.854s][info][gc,phases,start] GC(347) Phase 1: Mark live objects
[2026-06-17T09:56:06.226+0800][14.855s][info][gc,phases      ] GC(347) Phase 1: Mark live objects 0.753ms
[2026-06-17T09:56:06.227+0800][14.856s][info][gc,phases,start] GC(347) Phase 2: Compute new object addresses
[2026-06-17T09:56:06.228+0800][14.857s][info][gc,phases      ] GC(347) Phase 2: Compute new object addresses 1.034ms
[2026-06-17T09:56:06.228+0800][14.857s][info][gc,phases,start] GC(347) Phase 3: Adjust pointers
[2026-06-17T09:56:06.229+0800][14.858s][info][gc,phases      ] GC(347) Phase 3: Adjust pointers 0.621ms
[2026-06-17T09:56:06.229+0800][14.858s][info][gc,phases,start] GC(347) Phase 4: Move objects
[2026-06-17T09:56:06.231+0800][14.860s][info][gc,phases      ] GC(347) Phase 4: Move objects 2.200ms
[2026-06-17T09:56:06.232+0800][14.861s][info][gc,heap        ] GC(347) DefNew: 19647K(19648K)->0K(19648K) Eden: 17472K(17472K)->0K(17472K) From: 2175K(2176K)->0K(2176K)
[2026-06-17T09:56:06.232+0800][14.861s][info][gc,heap        ] GC(347) Tenured: 38471K(43712K)->30936K(43712K)
[2026-06-17T09:56:06.232+0800][14.861s][info][gc,metaspace   ] GC(347) Metaspace: 150K(384K)->150K(384K) NonClass: 145K(256K)->145K(256K) Class: 4K(128K)->4K(128K)
[2026-06-17T09:56:06.232+0800][14.861s][info][gc             ] GC(347) Pause Full (Allocation Failure) 56M->30M(61M) 6.937ms
[2026-06-17T09:56:06.232+0800][14.861s][info][gc,cpu         ] GC(347) User=0.01s Sys=0.00s Real=0.01s
[2026-06-17T09:56:06.275+0800][14.904s][info][gc,start       ] GC(348) Pause Young (Allocation Failure)
[2026-06-17T09:56:06.277+0800][14.906s][info][gc,heap        ] GC(348) DefNew: 17472K(19648K)->2173K(19648K) Eden: 17472K(17472K)->0K(17472K) From: 0K(2176K)->2173K(2176K)
[2026-06-17T09:56:06.277+0800][14.907s][info][gc,heap        ] GC(348) Tenured: 30936K(43712K)->35695K(43712K)
[2026-06-17T09:56:06.278+0800][14.907s][info][gc,metaspace   ] GC(348) Metaspace: 150K(384K)->150K(384K) NonClass: 145K(256K)->145K(256K) Class: 4K(128K)->4K(128K)
[2026-06-17T09:56:06.278+0800][14.907s][info][gc             ] GC(348) Pause Young (Allocation Failure) 47M->36M(61M) 3.112ms
[2026-06-17T09:56:06.279+0800][14.908s][info][gc,cpu         ] GC(348) User=0.00s Sys=0.00s Real=0.00s
[2026-06-17T09:56:06.322+0800][14.951s][info][gc,start       ] GC(349) Pause Young (Allocation Failure)
[2026-06-17T09:56:06.323+0800][14.952s][info][gc,heap        ] GC(349) DefNew: 19645K(19648K)->2174K(19648K) Eden: 17472K(17472K)->0K(17472K) From: 2173K(2176K)->2174K(2176K)
[2026-06-17T09:56:06.324+0800][14.953s][info][gc,heap        ] GC(349) Tenured: 35695K(43712K)->39341K(43712K)
[2026-06-17T09:56:06.324+0800][14.953s][info][gc,metaspace   ] GC(349) Metaspace: 150K(384K)->150K(384K) NonClass: 145K(256K)->145K(256K) Class: 4K(128K)->4K(128K)
[2026-06-17T09:56:06.325+0800][14.954s][info][gc             ] GC(349) Pause Young (Allocation Failure) 54M->40M(61M) 3.075ms
[2026-06-17T09:56:06.325+0800][14.954s][info][gc,cpu         ] GC(349) User=0.00s Sys=0.00s Real=0.01s
[2026-06-17T09:56:06.368+0800][14.997s][info][gc,start       ] GC(350) Pause Young (Allocation Failure)
[2026-06-17T09:56:06.368+0800][14.997s][info][gc             ] GC(350) Pause Young (Allocation Failure) 57M->57M(61M) 0.495ms
[2026-06-17T09:56:06.369+0800][14.998s][info][gc,cpu         ] GC(350) User=0.00s Sys=0.00s Real=0.00s
[2026-06-17T09:56:06.369+0800][14.998s][info][gc,start       ] GC(351) Pause Full (Allocation Failure)
[2026-06-17T09:56:06.369+0800][14.998s][info][gc,phases,start] GC(351) Phase 1: Mark live objects
[2026-06-17T09:56:06.370+0800][14.999s][info][gc,phases      ] GC(351) Phase 1: Mark live objects 0.711ms
[2026-06-17T09:56:06.370+0800][14.999s][info][gc,phases,start] GC(351) Phase 2: Compute new object addresses
[2026-06-17T09:56:06.371+0800][15.000s][info][gc,phases      ] GC(351) Phase 2: Compute new object addresses 0.595ms
[2026-06-17T09:56:06.371+0800][15.000s][info][gc,phases,start] GC(351) Phase 3: Adjust pointers
[2026-06-17T09:56:06.371+0800][15.001s][info][gc,phases      ] GC(351) Phase 3: Adjust pointers 0.514ms
[2026-06-17T09:56:06.372+0800][15.001s][info][gc,phases,start] GC(351) Phase 4: Move objects
[2026-06-17T09:56:06.374+0800][15.004s][info][gc,phases      ] GC(351) Phase 4: Move objects 2.726ms
[2026-06-17T09:56:06.375+0800][15.004s][info][gc,heap        ] GC(351) DefNew: 19622K(19648K)->0K(19648K) Eden: 17447K(17472K)->0K(17472K) From: 2174K(2176K)->0K(2176K)
[2026-06-17T09:56:06.375+0800][15.004s][info][gc,heap        ] GC(351) Tenured: 39341K(43712K)->21495K(43712K)
[2026-06-17T09:56:06.375+0800][15.004s][info][gc,metaspace   ] GC(351) Metaspace: 150K(384K)->150K(384K) NonClass: 145K(256K)->145K(256K) Class: 4K(128K)->4K(128K)
[2026-06-17T09:56:06.375+0800][15.004s][info][gc             ] GC(351) Pause Full (Allocation Failure) 57M->20M(61M) 6.272ms
[2026-06-17T09:56:06.375+0800][15.004s][info][gc,cpu         ] GC(351) User=0.00s Sys=0.00s Real=0.01s
[2026-06-17T09:56:06.428+0800][15.057s][info][gc,start       ] GC(352) Pause Young (Allocation Failure)
[2026-06-17T09:56:06.429+0800][15.058s][info][gc,heap        ] GC(352) DefNew: 17458K(19648K)->2009K(19648K) Eden: 17458K(17472K)->0K(17472K) From: 0K(2176K)->2009K(2176K)
[2026-06-17T09:56:06.430+0800][15.059s][info][gc,heap        ] GC(352) Tenured: 21495K(43712K)->23306K(43712K)
[2026-06-17T09:56:06.430+0800][15.059s][info][gc,metaspace   ] GC(352) Metaspace: 150K(384K)->150K(384K) NonClass: 145K(256K)->145K(256K) Class: 4K(128K)->4K(128K)
[2026-06-17T09:56:06.431+0800][15.060s][info][gc             ] GC(352) Pause Young (Allocation Failure) 38M->24M(61M) 2.561ms
[2026-06-17T09:56:06.431+0800][15.060s][info][gc,cpu         ] GC(352) User=0.00s Sys=0.00s Real=0.01s
[2026-06-17T09:56:06.475+0800][15.104s][info][gc,start       ] GC(353) Pause Young (Allocation Failure)
[2026-06-17T09:56:06.476+0800][15.105s][info][gc,heap        ] GC(353) DefNew: 19481K(19648K)->2173K(19648K) Eden: 17472K(17472K)->0K(17472K) From: 2009K(2176K)->2173K(2176K)
[2026-06-17T09:56:06.479+0800][15.109s][info][gc,heap        ] GC(353) Tenured: 23306K(43712K)->27237K(43712K)
[2026-06-17T09:56:06.482+0800][15.111s][info][gc,metaspace   ] GC(353) Metaspace: 150K(384K)->150K(384K) NonClass: 145K(256K)->145K(256K) Class: 4K(128K)->4K(128K)
[2026-06-17T09:56:06.483+0800][15.112s][info][gc             ] GC(353) Pause Young (Allocation Failure) 41M->28M(61M) 7.875ms
[2026-06-17T09:56:06.483+0800][15.112s][info][gc,cpu         ] GC(353) User=0.00s Sys=0.00s Real=0.01s
[2026-06-17T09:56:06.537+0800][15.166s][info][gc,start       ] GC(354) Pause Young (Allocation Failure)
[2026-06-17T09:56:06.538+0800][15.167s][info][gc,heap        ] GC(354) DefNew: 19645K(19648K)->2113K(19648K) Eden: 17472K(17472K)->0K(17472K) From: 2173K(2176K)->2113K(2176K)
[2026-06-17T09:56:06.538+0800][15.167s][info][gc,heap        ] GC(354) Tenured: 27237K(43712K)->28543K(43712K)
[2026-06-17T09:56:06.539+0800][15.168s][info][gc,metaspace   ] GC(354) Metaspace: 150K(384K)->150K(384K) NonClass: 145K(256K)->145K(256K) Class: 4K(128K)->4K(128K)
[2026-06-17T09:56:06.539+0800][15.168s][info][gc             ] GC(354) Pause Young (Allocation Failure) 45M->29M(61M) 2.008ms
[2026-06-17T09:56:06.539+0800][15.168s][info][gc,cpu         ] GC(354) User=0.00s Sys=0.00s Real=0.00s
[2026-06-17T09:56:06.582+0800][15.211s][info][gc,start       ] GC(355) Pause Young (Allocation Failure)
[2026-06-17T09:56:06.584+0800][15.213s][info][gc,heap        ] GC(355) DefNew: 19574K(19648K)->2169K(19648K) Eden: 17461K(17472K)->0K(17472K) From: 2113K(2176K)->2169K(2176K)
[2026-06-17T09:56:06.584+0800][15.213s][info][gc,heap        ] GC(355) Tenured: 28543K(43712K)->32228K(43712K)
[2026-06-17T09:56:06.585+0800][15.214s][info][gc,metaspace   ] GC(355) Metaspace: 150K(384K)->150K(384K) NonClass: 145K(256K)->145K(256K) Class: 4K(128K)->4K(128K)
[2026-06-17T09:56:06.585+0800][15.214s][info][gc             ] GC(355) Pause Young (Allocation Failure) 46M->33M(61M) 2.772ms
[2026-06-17T09:56:06.585+0800][15.214s][info][gc,cpu         ] GC(355) User=0.00s Sys=0.00s Real=0.01s
[2026-06-17T09:56:06.628+0800][15.257s][info][gc,start       ] GC(356) Pause Young (Allocation Failure)
[2026-06-17T09:56:06.630+0800][15.259s][info][gc,heap        ] GC(356) DefNew: 19641K(19648K)->2127K(19648K) Eden: 17472K(17472K)->0K(17472K) From: 2169K(2176K)->2127K(2176K)
[2026-06-17T09:56:06.630+0800][15.259s][info][gc,heap        ] GC(356) Tenured: 32228K(43712K)->35729K(43712K)
[2026-06-17T09:56:06.631+0800][15.260s][info][gc,metaspace   ] GC(356) Metaspace: 150K(384K)->150K(384K) NonClass: 145K(256K)->145K(256K) Class: 4K(128K)->4K(128K)
[2026-06-17T09:56:06.631+0800][15.260s][info][gc             ] GC(356) Pause Young (Allocation Failure) 50M->36M(61M) 2.749ms
[2026-06-17T09:56:06.631+0800][15.261s][info][gc,cpu         ] GC(356) User=0.01s Sys=0.00s Real=0.01s
[2026-06-17T09:56:06.675+0800][15.304s][info][gc,start       ] GC(357) Pause Young (Allocation Failure)
[2026-06-17T09:56:06.676+0800][15.306s][info][gc,heap        ] GC(357) DefNew: 19587K(19648K)->2174K(19648K) Eden: 17459K(17472K)->0K(17472K) From: 2127K(2176K)->2174K(2176K)
[2026-06-17T09:56:06.677+0800][15.306s][info][gc,heap        ] GC(357) Tenured: 35729K(43712K)->39314K(43712K)
[2026-06-17T09:56:06.677+0800][15.306s][info][gc,metaspace   ] GC(357) Metaspace: 150K(384K)->150K(384K) NonClass: 145K(256K)->145K(256K) Class: 4K(128K)->4K(128K)
[2026-06-17T09:56:06.678+0800][15.307s][info][gc             ] GC(357) Pause Young (Allocation Failure) 54M->40M(61M) 2.717ms
[2026-06-17T09:56:06.678+0800][15.307s][info][gc,cpu         ] GC(357) User=0.00s Sys=0.00s Real=0.00s
[2026-06-17T09:56:06.721+0800][15.351s][info][gc,start       ] GC(358) Pause Young (Allocation Failure)
[2026-06-17T09:56:06.722+0800][15.351s][info][gc             ] GC(358) Pause Young (Allocation Failure) 57M->57M(61M) 0.446ms
[2026-06-17T09:56:06.722+0800][15.351s][info][gc,cpu         ] GC(358) User=0.00s Sys=0.00s Real=0.00s
[2026-06-17T09:56:06.722+0800][15.351s][info][gc,start       ] GC(359) Pause Full (Allocation Failure)
[2026-06-17T09:56:06.722+0800][15.352s][info][gc,phases,start] GC(359) Phase 1: Mark live objects
[2026-06-17T09:56:06.723+0800][15.352s][info][gc,phases      ] GC(359) Phase 1: Mark live objects 0.675ms
[2026-06-17T09:56:06.723+0800][15.353s][info][gc,phases,start] GC(359) Phase 2: Compute new object addresses
[2026-06-17T09:56:06.725+0800][15.354s][info][gc,phases      ] GC(359) Phase 2: Compute new object addresses 1.057ms
[2026-06-17T09:56:06.725+0800][15.354s][info][gc,phases,start] GC(359) Phase 3: Adjust pointers
[2026-06-17T09:56:06.726+0800][15.355s][info][gc,phases      ] GC(359) Phase 3: Adjust pointers 0.624ms
[2026-06-17T09:56:06.726+0800][15.355s][info][gc,phases,start] GC(359) Phase 4: Move objects
[2026-06-17T09:56:06.728+0800][15.357s][info][gc,phases      ] GC(359) Phase 4: Move objects 2.082ms
[2026-06-17T09:56:06.728+0800][15.358s][info][gc,heap        ] GC(359) DefNew: 19646K(19648K)->0K(19648K) Eden: 17472K(17472K)->0K(17472K) From: 2174K(2176K)->0K(2176K)
[2026-06-17T09:56:06.729+0800][15.358s][info][gc,heap        ] GC(359) Tenured: 39314K(43712K)->24536K(43712K)
[2026-06-17T09:56:06.729+0800][15.358s][info][gc,metaspace   ] GC(359) Metaspace: 150K(384K)->150K(384K) NonClass: 145K(256K)->145K(256K) Class: 4K(128K)->4K(128K)
[2026-06-17T09:56:06.729+0800][15.358s][info][gc             ] GC(359) Pause Full (Allocation Failure) 57M->23M(61M) 6.770ms
[2026-06-17T09:56:06.729+0800][15.358s][info][gc,cpu         ] GC(359) User=0.00s Sys=0.00s Real=0.01s
[2026-06-17T09:56:06.772+0800][15.401s][info][gc,start       ] GC(360) Pause Young (Allocation Failure)
[2026-06-17T09:56:06.774+0800][15.403s][info][gc,heap        ] GC(360) DefNew: 17450K(19648K)->2171K(19648K) Eden: 17450K(17472K)->0K(17472K) From: 0K(2176K)->2171K(2176K)
[2026-06-17T09:56:06.774+0800][15.403s][info][gc,heap        ] GC(360) Tenured: 24536K(43712K)->29260K(43712K)
[2026-06-17T09:56:06.775+0800][15.404s][info][gc,metaspace   ] GC(360) Metaspace: 150K(384K)->150K(384K) NonClass: 145K(256K)->145K(256K) Class: 4K(128K)->4K(128K)
[2026-06-17T09:56:06.775+0800][15.404s][info][gc             ] GC(360) Pause Young (Allocation Failure) 41M->30M(61M) 3.041ms
[2026-06-17T09:56:06.775+0800][15.404s][info][gc,cpu         ] GC(360) User=0.00s Sys=0.00s Real=0.00s
[2026-06-17T09:56:06.828+0800][15.458s][info][gc,start       ] GC(361) Pause Young (Allocation Failure)
[2026-06-17T09:56:06.830+0800][15.459s][info][gc,heap        ] GC(361) DefNew: 19643K(19648K)->2151K(19648K) Eden: 17472K(17472K)->0K(17472K) From: 2171K(2176K)->2151K(2176K)
[2026-06-17T09:56:06.830+0800][15.459s][info][gc,heap        ] GC(361) Tenured: 29260K(43712K)->31059K(43712K)
[2026-06-17T09:56:06.830+0800][15.460s][info][gc,metaspace   ] GC(361) Metaspace: 150K(384K)->150K(384K) NonClass: 145K(256K)->145K(256K) Class: 4K(128K)->4K(128K)
[2026-06-17T09:56:06.831+0800][15.460s][info][gc             ] GC(361) Pause Young (Allocation Failure) 47M->32M(61M) 2.155ms
[2026-06-17T09:56:06.831+0800][15.460s][info][gc,cpu         ] GC(361) User=0.00s Sys=0.00s Real=0.01s
[2026-06-17T09:56:06.864+0800][15.493s][info][gc,start       ] GC(362) Pause Young (Allocation Failure)
[2026-06-17T09:56:06.865+0800][15.494s][info][gc,heap        ] GC(362) DefNew: 19418K(19648K)->2081K(19648K) Eden: 17266K(17472K)->0K(17472K) From: 2151K(2176K)->2081K(2176K)
[2026-06-17T09:56:06.866+0800][15.495s][info][gc,heap        ] GC(362) Tenured: 31059K(43712K)->34444K(43712K)
[2026-06-17T09:56:06.866+0800][15.495s][info][gc,metaspace   ] GC(362) Metaspace: 150K(384K)->150K(384K) NonClass: 145K(256K)->145K(256K) Class: 4K(128K)->4K(128K)
[2026-06-17T09:56:06.866+0800][15.495s][info][gc             ] GC(362) Pause Young (Allocation Failure) 49M->35M(61M) 2.620ms
[2026-06-17T09:56:06.867+0800][15.496s][info][gc,cpu         ] GC(362) User=0.00s Sys=0.00s Real=0.00s
[2026-06-17T09:56:06.920+0800][15.549s][info][gc,start       ] GC(363) Pause Young (Allocation Failure)
[2026-06-17T09:56:06.921+0800][15.550s][info][gc,heap        ] GC(363) DefNew: 19524K(19648K)->2091K(19648K) Eden: 17442K(17472K)->0K(17472K) From: 2081K(2176K)->2091K(2176K)
[2026-06-17T09:56:06.922+0800][15.551s][info][gc,heap        ] GC(363) Tenured: 34444K(43712K)->37972K(43712K)
[2026-06-17T09:56:06.922+0800][15.552s][info][gc,metaspace   ] GC(363) Metaspace: 150K(384K)->150K(384K) NonClass: 145K(256K)->145K(256K) Class: 4K(128K)->4K(128K)
[2026-06-17T09:56:06.923+0800][15.552s][info][gc             ] GC(363) Pause Young (Allocation Failure) 52M->39M(61M) 2.951ms
[2026-06-17T09:56:06.923+0800][15.553s][info][gc,cpu         ] GC(363) User=0.00s Sys=0.00s Real=0.01s
[2026-06-17T09:56:06.967+0800][15.596s][info][gc,start       ] GC(364) Pause Young (Allocation Failure)
[2026-06-17T09:56:06.967+0800][15.596s][info][gc             ] GC(364) Pause Young (Allocation Failure) 56M->56M(61M) 0.535ms
[2026-06-17T09:56:06.968+0800][15.597s][info][gc,cpu         ] GC(364) User=0.00s Sys=0.00s Real=0.00s
[2026-06-17T09:56:06.968+0800][15.597s][info][gc,start       ] GC(365) Pause Full (Allocation Failure)
[2026-06-17T09:56:06.968+0800][15.597s][info][gc,phases,start] GC(365) Phase 1: Mark live objects
[2026-06-17T09:56:06.969+0800][15.598s][info][gc,phases      ] GC(365) Phase 1: Mark live objects 0.755ms
[2026-06-17T09:56:06.969+0800][15.598s][info][gc,phases,start] GC(365) Phase 2: Compute new object addresses
[2026-06-17T09:56:06.970+0800][15.599s][info][gc,phases      ] GC(365) Phase 2: Compute new object addresses 0.554ms
[2026-06-17T09:56:06.970+0800][15.599s][info][gc,phases,start] GC(365) Phase 3: Adjust pointers
[2026-06-17T09:56:06.971+0800][15.600s][info][gc,phases      ] GC(365) Phase 3: Adjust pointers 0.608ms
[2026-06-17T09:56:06.971+0800][15.600s][info][gc,phases,start] GC(365) Phase 4: Move objects
[2026-06-17T09:56:06.974+0800][15.603s][info][gc,phases      ] GC(365) Phase 4: Move objects 2.721ms
[2026-06-17T09:56:06.974+0800][15.603s][info][gc,heap        ] GC(365) DefNew: 19515K(19648K)->0K(19648K) Eden: 17424K(17472K)->0K(17472K) From: 2091K(2176K)->0K(2176K)
[2026-06-17T09:56:06.975+0800][15.604s][info][gc,heap        ] GC(365) Tenured: 37972K(43712K)->30501K(43712K)
[2026-06-17T09:56:06.975+0800][15.604s][info][gc,metaspace   ] GC(365) Metaspace: 150K(384K)->150K(384K) NonClass: 145K(256K)->145K(256K) Class: 4K(128K)->4K(128K)
[2026-06-17T09:56:06.975+0800][15.604s][info][gc             ] GC(365) Pause Full (Allocation Failure) 56M->29M(61M) 7.277ms
[2026-06-17T09:56:06.975+0800][15.604s][info][gc,cpu         ] GC(365) User=0.00s Sys=0.00s Real=0.01s
[2026-06-17T09:56:07.018+0800][15.647s][info][gc,start       ] GC(366) Pause Young (Allocation Failure)
[2026-06-17T09:56:07.019+0800][15.649s][info][gc,heap        ] GC(366) DefNew: 17435K(19648K)->2174K(19648K) Eden: 17435K(17472K)->0K(17472K) From: 0K(2176K)->2174K(2176K)
[2026-06-17T09:56:07.020+0800][15.649s][info][gc,heap        ] GC(366) Tenured: 30501K(43712K)->35443K(43712K)
[2026-06-17T09:56:07.020+0800][15.649s][info][gc,metaspace   ] GC(366) Metaspace: 150K(384K)->150K(384K) NonClass: 145K(256K)->145K(256K) Class: 4K(128K)->4K(128K)
[2026-06-17T09:56:07.021+0800][15.650s][info][gc             ] GC(366) Pause Young (Allocation Failure) 46M->36M(61M) 2.839ms
[2026-06-17T09:56:07.022+0800][15.651s][info][gc,cpu         ] GC(366) User=0.00s Sys=0.00s Real=0.00s
[2026-06-17T09:56:07.066+0800][15.696s][info][gc,start       ] GC(367) Pause Young (Allocation Failure)
[2026-06-17T09:56:07.068+0800][15.697s][info][gc,heap        ] GC(367) DefNew: 19646K(19648K)->2168K(19648K) Eden: 17472K(17472K)->0K(17472K) From: 2174K(2176K)->2168K(2176K)
[2026-06-17T09:56:07.069+0800][15.698s][info][gc,heap        ] GC(367) Tenured: 35443K(43712K)->39941K(43712K)
[2026-06-17T09:56:07.069+0800][15.698s][info][gc,metaspace   ] GC(367) Metaspace: 150K(384K)->150K(384K) NonClass: 145K(256K)->145K(256K) Class: 4K(128K)->4K(128K)
[2026-06-17T09:56:07.069+0800][15.699s][info][gc             ] GC(367) Pause Young (Allocation Failure) 53M->41M(61M) 3.032ms
[2026-06-17T09:56:07.070+0800][15.699s][info][gc,cpu         ] GC(367) User=0.00s Sys=0.00s Real=0.00s
[2026-06-17T09:56:07.113+0800][15.742s][info][gc,start       ] GC(368) Pause Young (Allocation Failure)
[2026-06-17T09:56:07.114+0800][15.743s][info][gc             ] GC(368) Pause Young (Allocation Failure) 58M->58M(61M) 0.591ms
[2026-06-17T09:56:07.114+0800][15.744s][info][gc,cpu         ] GC(368) User=0.00s Sys=0.00s Real=0.00s
[2026-06-17T09:56:07.115+0800][15.744s][info][gc,start       ] GC(369) Pause Full (Allocation Failure)
[2026-06-17T09:56:07.115+0800][15.745s][info][gc,phases,start] GC(369) Phase 1: Mark live objects
[2026-06-17T09:56:07.117+0800][15.746s][info][gc,phases      ] GC(369) Phase 1: Mark live objects 1.090ms
[2026-06-17T09:56:07.117+0800][15.746s][info][gc,phases,start] GC(369) Phase 2: Compute new object addresses
[2026-06-17T09:56:07.118+0800][15.747s][info][gc,phases      ] GC(369) Phase 2: Compute new object addresses 0.729ms
[2026-06-17T09:56:07.118+0800][15.747s][info][gc,phases,start] GC(369) Phase 3: Adjust pointers
[2026-06-17T09:56:07.119+0800][15.748s][info][gc,phases      ] GC(369) Phase 3: Adjust pointers 0.842ms
[2026-06-17T09:56:07.119+0800][15.748s][info][gc,phases,start] GC(369) Phase 4: Move objects
[2026-06-17T09:56:07.122+0800][15.751s][info][gc,phases      ] GC(369) Phase 4: Move objects 2.442ms
[2026-06-17T09:56:07.122+0800][15.751s][info][gc,heap        ] GC(369) DefNew: 19597K(19648K)->0K(19648K) Eden: 17428K(17472K)->0K(17472K) From: 2168K(2176K)->0K(2176K)
[2026-06-17T09:56:07.123+0800][15.752s][info][gc,heap        ] GC(369) Tenured: 39941K(43712K)->27877K(43712K)
[2026-06-17T09:56:07.123+0800][15.752s][info][gc,metaspace   ] GC(369) Metaspace: 150K(384K)->150K(384K) NonClass: 145K(256K)->145K(256K) Class: 4K(128K)->4K(128K)
[2026-06-17T09:56:07.123+0800][15.753s][info][gc             ] GC(369) Pause Full (Allocation Failure) 58M->27M(61M) 8.474ms
[2026-06-17T09:56:07.124+0800][15.753s][info][gc,cpu         ] GC(369) User=0.00s Sys=0.00s Real=0.01s
[2026-06-17T09:56:07.166+0800][15.795s][info][gc,start       ] GC(370) Pause Young (Allocation Failure)
[2026-06-17T09:56:07.167+0800][15.796s][info][gc,heap        ] GC(370) DefNew: 16750K(19648K)->1913K(19648K) Eden: 16750K(17472K)->0K(17472K) From: 0K(2176K)->1913K(2176K)
[2026-06-17T09:56:07.168+0800][15.797s][info][gc,heap        ] GC(370) Tenured: 27877K(43712K)->28506K(43712K)
[2026-06-17T09:56:07.168+0800][15.797s][info][gc,metaspace   ] GC(370) Metaspace: 150K(384K)->150K(384K) NonClass: 145K(256K)->145K(256K) Class: 4K(128K)->4K(128K)
[2026-06-17T09:56:07.168+0800][15.798s][info][gc             ] GC(370) Pause Young (Allocation Failure) 43M->29M(61M) 2.257ms
[2026-06-17T09:56:07.169+0800][15.798s][info][gc,cpu         ] GC(370) User=0.00s Sys=0.00s Real=0.00s
[2026-06-17T09:56:07.222+0800][15.851s][info][gc,start       ] GC(371) Pause Young (Allocation Failure)
[2026-06-17T09:56:07.223+0800][15.852s][info][gc,heap        ] GC(371) DefNew: 19385K(19648K)->2110K(19648K) Eden: 17472K(17472K)->0K(17472K) From: 1913K(2176K)->2110K(2176K)
[2026-06-17T09:56:07.224+0800][15.853s][info][gc,heap        ] GC(371) Tenured: 28506K(43712K)->32349K(43712K)
[2026-06-17T09:56:07.225+0800][15.854s][info][gc,metaspace   ] GC(371) Metaspace: 150K(384K)->150K(384K) NonClass: 145K(256K)->145K(256K) Class: 4K(128K)->4K(128K)
[2026-06-17T09:56:07.230+0800][15.860s][info][gc             ] GC(371) Pause Young (Allocation Failure) 46M->33M(61M) 8.851ms
[2026-06-17T09:56:07.233+0800][15.862s][info][gc,cpu         ] GC(371) User=0.00s Sys=0.00s Real=0.02s
[2026-06-17T09:56:07.276+0800][15.905s][info][gc,start       ] GC(372) Pause Young (Allocation Failure)
[2026-06-17T09:56:07.277+0800][15.906s][info][gc,heap        ] GC(372) DefNew: 19582K(19648K)->2172K(19648K) Eden: 17472K(17472K)->0K(17472K) From: 2110K(2176K)->2172K(2176K)
[2026-06-17T09:56:07.278+0800][15.907s][info][gc,heap        ] GC(372) Tenured: 32349K(43712K)->35963K(43712K)
[2026-06-17T09:56:07.278+0800][15.907s][info][gc,metaspace   ] GC(372) Metaspace: 150K(384K)->150K(384K) NonClass: 145K(256K)->145K(256K) Class: 4K(128K)->4K(128K)
[2026-06-17T09:56:07.279+0800][15.908s][info][gc             ] GC(372) Pause Young (Allocation Failure) 50M->37M(61M) 2.997ms
[2026-06-17T09:56:07.279+0800][15.908s][info][gc,cpu         ] GC(372) User=0.00s Sys=0.00s Real=0.00s
[2026-06-17T09:56:07.322+0800][15.951s][info][gc,start       ] GC(373) Pause Young (Allocation Failure)
[2026-06-17T09:56:07.323+0800][15.952s][info][gc,heap        ] GC(373) DefNew: 19644K(19648K)->2100K(19648K) Eden: 17472K(17472K)->0K(17472K) From: 2172K(2176K)->2100K(2176K)
[2026-06-17T09:56:07.324+0800][15.953s][info][gc,heap        ] GC(373) Tenured: 35963K(43712K)->40053K(43712K)
[2026-06-17T09:56:07.324+0800][15.953s][info][gc,metaspace   ] GC(373) Metaspace: 150K(384K)->150K(384K) NonClass: 145K(256K)->145K(256K) Class: 4K(128K)->4K(128K)
[2026-06-17T09:56:07.324+0800][15.954s][info][gc             ] GC(373) Pause Young (Allocation Failure) 54M->41M(61M) 2.935ms
[2026-06-17T09:56:07.325+0800][15.954s][info][gc,cpu         ] GC(373) User=0.00s Sys=0.00s Real=0.01s
[2026-06-17T09:56:07.368+0800][15.997s][info][gc,start       ] GC(374) Pause Young (Allocation Failure)
[2026-06-17T09:56:07.368+0800][15.997s][info][gc             ] GC(374) Pause Young (Allocation Failure) 58M->58M(61M) 0.424ms
[2026-06-17T09:56:07.368+0800][15.997s][info][gc,cpu         ] GC(374) User=0.00s Sys=0.00s Real=0.00s
[2026-06-17T09:56:07.368+0800][15.998s][info][gc,start       ] GC(375) Pause Full (Allocation Failure)
[2026-06-17T09:56:07.369+0800][15.998s][info][gc,phases,start] GC(375) Phase 1: Mark live objects
[2026-06-17T09:56:07.369+0800][15.998s][info][gc,phases      ] GC(375) Phase 1: Mark live objects 0.482ms
[2026-06-17T09:56:07.369+0800][15.998s][info][gc,phases,start] GC(375) Phase 2: Compute new object addresses
[2026-06-17T09:56:07.370+0800][15.999s][info][gc,phases      ] GC(375) Phase 2: Compute new object addresses 0.377ms
[2026-06-17T09:56:07.370+0800][15.999s][info][gc,phases,start] GC(375) Phase 3: Adjust pointers
[2026-06-17T09:56:07.370+0800][15.999s][info][gc,phases      ] GC(375) Phase 3: Adjust pointers 0.406ms
[2026-06-17T09:56:07.371+0800][16.000s][info][gc,phases,start] GC(375) Phase 4: Move objects
[2026-06-17T09:56:07.373+0800][16.002s][info][gc,phases      ] GC(375) Phase 4: Move objects 2.578ms
[2026-06-17T09:56:07.373+0800][16.003s][info][gc,heap        ] GC(375) DefNew: 19572K(19648K)->0K(19648K) Eden: 17472K(17472K)->0K(17472K) From: 2100K(2176K)->0K(2176K)
[2026-06-17T09:56:07.374+0800][16.003s][info][gc,heap        ] GC(375) Tenured: 40053K(43712K)->32840K(43712K)
[2026-06-17T09:56:07.374+0800][16.003s][info][gc,metaspace   ] GC(375) Metaspace: 150K(384K)->150K(384K) NonClass: 145K(256K)->145K(256K) Class: 4K(128K)->4K(128K)
[2026-06-17T09:56:07.374+0800][16.003s][info][gc             ] GC(375) Pause Full (Allocation Failure) 58M->32M(61M) 5.433ms
[2026-06-17T09:56:07.374+0800][16.003s][info][gc,cpu         ] GC(375) User=0.00s Sys=0.00s Real=0.01s
[2026-06-17T09:56:07.416+0800][16.046s][info][gc,start       ] GC(376) Pause Young (Allocation Failure)
[2026-06-17T09:56:07.418+0800][16.047s][info][gc,heap        ] GC(376) DefNew: 17466K(19648K)->2175K(19648K) Eden: 17466K(17472K)->0K(17472K) From: 0K(2176K)->2175K(2176K)
[2026-06-17T09:56:07.418+0800][16.047s][info][gc,heap        ] GC(376) Tenured: 32840K(43712K)->37799K(43712K)
[2026-06-17T09:56:07.418+0800][16.047s][info][gc,metaspace   ] GC(376) Metaspace: 150K(384K)->150K(384K) NonClass: 145K(256K)->145K(256K) Class: 4K(128K)->4K(128K)
[2026-06-17T09:56:07.418+0800][16.047s][info][gc             ] GC(376) Pause Young (Allocation Failure) 49M->39M(61M) 1.733ms
[2026-06-17T09:56:07.418+0800][16.047s][info][gc,cpu         ] GC(376) User=0.00s Sys=0.00s Real=0.00s
[2026-06-17T09:56:07.471+0800][16.100s][info][gc,start       ] GC(377) Pause Young (Allocation Failure)
[2026-06-17T09:56:07.473+0800][16.103s][info][gc             ] GC(377) Pause Young (Allocation Failure) 56M->56M(61M) 2.792ms
[2026-06-17T09:56:07.474+0800][16.103s][info][gc,cpu         ] GC(377) User=0.00s Sys=0.00s Real=0.00s
[2026-06-17T09:56:07.475+0800][16.104s][info][gc,start       ] GC(378) Pause Full (Allocation Failure)
[2026-06-17T09:56:07.475+0800][16.104s][info][gc,phases,start] GC(378) Phase 1: Mark live objects
[2026-06-17T09:56:07.488+0800][16.117s][info][gc,phases      ] GC(378) Phase 1: Mark live objects 12.727ms
[2026-06-17T09:56:07.488+0800][16.117s][info][gc,phases,start] GC(378) Phase 2: Compute new object addresses
[2026-06-17T09:56:07.501+0800][16.130s][info][gc,phases      ] GC(378) Phase 2: Compute new object addresses 12.750ms
[2026-06-17T09:56:07.502+0800][16.131s][info][gc,phases,start] GC(378) Phase 3: Adjust pointers
[2026-06-17T09:56:07.506+0800][16.135s][info][gc,phases      ] GC(378) Phase 3: Adjust pointers 4.680ms
[2026-06-17T09:56:07.507+0800][16.136s][info][gc,phases,start] GC(378) Phase 4: Move objects
[2026-06-17T09:56:07.509+0800][16.138s][info][gc,phases      ] GC(378) Phase 4: Move objects 2.494ms
[2026-06-17T09:56:07.511+0800][16.140s][info][gc,heap        ] GC(378) DefNew: 19596K(19648K)->0K(19648K) Eden: 17420K(17472K)->0K(17472K) From: 2175K(2176K)->0K(2176K)
[2026-06-17T09:56:07.511+0800][16.141s][info][gc,heap        ] GC(378) Tenured: 37799K(43712K)->23978K(43712K)
[2026-06-17T09:56:07.512+0800][16.141s][info][gc,metaspace   ] GC(378) Metaspace: 150K(384K)->150K(384K) NonClass: 145K(256K)->145K(256K) Class: 4K(128K)->4K(128K)
[2026-06-17T09:56:07.513+0800][16.142s][info][gc             ] GC(378) Pause Full (Allocation Failure) 56M->23M(61M) 38.334ms
[2026-06-17T09:56:07.514+0800][16.143s][info][gc,cpu         ] GC(378) User=0.00s Sys=0.00s Real=0.04s
[2026-06-17T09:56:07.558+0800][16.187s][info][gc,start       ] GC(379) Pause Young (Allocation Failure)
[2026-06-17T09:56:07.561+0800][16.190s][info][gc,heap        ] GC(379) DefNew: 17472K(19648K)->2171K(19648K) Eden: 17472K(17472K)->0K(17472K) From: 0K(2176K)->2171K(2176K)
[2026-06-17T09:56:07.562+0800][16.191s][info][gc,heap        ] GC(379) Tenured: 23978K(43712K)->29226K(43712K)
[2026-06-17T09:56:07.563+0800][16.192s][info][gc,metaspace   ] GC(379) Metaspace: 150K(384K)->150K(384K) NonClass: 145K(256K)->145K(256K) Class: 4K(128K)->4K(128K)
[2026-06-17T09:56:07.563+0800][16.192s][info][gc             ] GC(379) Pause Young (Allocation Failure) 40M->30M(61M) 4.964ms
[2026-06-17T09:56:07.564+0800][16.193s][info][gc,cpu         ] GC(379) User=0.00s Sys=0.00s Real=0.01s
[2026-06-17T09:56:07.607+0800][16.236s][info][gc,start       ] GC(380) Pause Young (Allocation Failure)
[2026-06-17T09:56:07.609+0800][16.238s][info][gc,heap        ] GC(380) DefNew: 19636K(19648K)->2149K(19648K) Eden: 17464K(17472K)->0K(17472K) From: 2171K(2176K)->2149K(2176K)
[2026-06-17T09:56:07.609+0800][16.239s][info][gc,heap        ] GC(380) Tenured: 29226K(43712K)->33015K(43712K)
[2026-06-17T09:56:07.610+0800][16.239s][info][gc,metaspace   ] GC(380) Metaspace: 150K(384K)->150K(384K) NonClass: 145K(256K)->145K(256K) Class: 4K(128K)->4K(128K)
[2026-06-17T09:56:07.611+0800][16.240s][info][gc             ] GC(380) Pause Young (Allocation Failure) 47M->34M(61M) 3.573ms
[2026-06-17T09:56:07.611+0800][16.240s][info][gc,cpu         ] GC(380) User=0.00s Sys=0.00s Real=0.01s
[2026-06-17T09:56:07.654+0800][16.283s][info][gc,start       ] GC(381) Pause Young (Allocation Failure)
[2026-06-17T09:56:07.655+0800][16.284s][info][gc,heap        ] GC(381) DefNew: 19621K(19648K)->2175K(19648K) Eden: 17472K(17472K)->0K(17472K) From: 2149K(2176K)->2175K(2176K)
[2026-06-17T09:56:07.656+0800][16.286s][info][gc,heap        ] GC(381) Tenured: 33015K(43712K)->36731K(43712K)
[2026-06-17T09:56:07.657+0800][16.286s][info][gc,metaspace   ] GC(381) Metaspace: 150K(384K)->150K(384K) NonClass: 145K(256K)->145K(256K) Class: 4K(128K)->4K(128K)
[2026-06-17T09:56:07.658+0800][16.287s][info][gc             ] GC(381) Pause Young (Allocation Failure) 51M->37M(61M) 4.616ms
[2026-06-17T09:56:07.659+0800][16.288s][info][gc,cpu         ] GC(381) User=0.00s Sys=0.00s Real=0.00s
[2026-06-17T09:56:07.714+0800][16.343s][info][gc,start       ] GC(382) Pause Young (Allocation Failure)
[2026-06-17T09:56:07.714+0800][16.343s][info][gc             ] GC(382) Pause Young (Allocation Failure) 55M->55M(61M) 0.470ms
[2026-06-17T09:56:07.714+0800][16.343s][info][gc,cpu         ] GC(382) User=0.00s Sys=0.00s Real=0.00s
[2026-06-17T09:56:07.715+0800][16.344s][info][gc,start       ] GC(383) Pause Full (Allocation Failure)
[2026-06-17T09:56:07.715+0800][16.344s][info][gc,phases,start] GC(383) Phase 1: Mark live objects
[2026-06-17T09:56:07.715+0800][16.345s][info][gc,phases      ] GC(383) Phase 1: Mark live objects 0.739ms
[2026-06-17T09:56:07.716+0800][16.345s][info][gc,phases,start] GC(383) Phase 2: Compute new object addresses
[2026-06-17T09:56:07.716+0800][16.345s][info][gc,phases      ] GC(383) Phase 2: Compute new object addresses 0.357ms
[2026-06-17T09:56:07.716+0800][16.346s][info][gc,phases,start] GC(383) Phase 3: Adjust pointers
[2026-06-17T09:56:07.717+0800][16.346s][info][gc,phases      ] GC(383) Phase 3: Adjust pointers 0.552ms
[2026-06-17T09:56:07.717+0800][16.346s][info][gc,phases,start] GC(383) Phase 4: Move objects
[2026-06-17T09:56:07.719+0800][16.349s][info][gc,phases      ] GC(383) Phase 4: Move objects 2.274ms
[2026-06-17T09:56:07.720+0800][16.349s][info][gc,heap        ] GC(383) DefNew: 19647K(19648K)->0K(19648K) Eden: 17472K(17472K)->0K(17472K) From: 2175K(2176K)->0K(2176K)
[2026-06-17T09:56:07.720+0800][16.349s][info][gc,heap        ] GC(383) Tenured: 36731K(43712K)->25909K(43712K)
[2026-06-17T09:56:07.720+0800][16.349s][info][gc,metaspace   ] GC(383) Metaspace: 150K(384K)->150K(384K) NonClass: 145K(256K)->145K(256K) Class: 4K(128K)->4K(128K)
[2026-06-17T09:56:07.720+0800][16.349s][info][gc             ] GC(383) Pause Full (Allocation Failure) 55M->25M(61M) 5.582ms
[2026-06-17T09:56:07.720+0800][16.349s][info][gc,cpu         ] GC(383) User=0.00s Sys=0.00s Real=0.00s
[2026-06-17T09:56:07.762+0800][16.391s][info][gc,start       ] GC(384) Pause Young (Allocation Failure)
[2026-06-17T09:56:07.764+0800][16.393s][info][gc,heap        ] GC(384) DefNew: 17457K(19648K)->2175K(19648K) Eden: 17457K(17472K)->0K(17472K) From: 0K(2176K)->2175K(2176K)
[2026-06-17T09:56:07.764+0800][16.393s][info][gc,heap        ] GC(384) Tenured: 25909K(43712K)->30888K(43712K)
[2026-06-17T09:56:07.764+0800][16.394s][info][gc,metaspace   ] GC(384) Metaspace: 150K(384K)->150K(384K) NonClass: 145K(256K)->145K(256K) Class: 4K(128K)->4K(128K)
[2026-06-17T09:56:07.765+0800][16.394s][info][gc             ] GC(384) Pause Young (Allocation Failure) 42M->32M(61M) 2.541ms
[2026-06-17T09:56:07.765+0800][16.394s][info][gc,cpu         ] GC(384) User=0.00s Sys=0.00s Real=0.01s
[2026-06-17T09:56:07.808+0800][16.437s][info][gc,start       ] GC(385) Pause Young (Allocation Failure)
[2026-06-17T09:56:07.810+0800][16.439s][info][gc,heap        ] GC(385) DefNew: 19647K(19648K)->2085K(19648K) Eden: 17472K(17472K)->0K(17472K) From: 2175K(2176K)->2085K(2176K)
[2026-06-17T09:56:07.811+0800][16.440s][info][gc,heap        ] GC(385) Tenured: 30888K(43712K)->35929K(43712K)
[2026-06-17T09:56:07.811+0800][16.440s][info][gc,metaspace   ] GC(385) Metaspace: 150K(384K)->150K(384K) NonClass: 145K(256K)->145K(256K) Class: 4K(128K)->4K(128K)
[2026-06-17T09:56:07.811+0800][16.441s][info][gc             ] GC(385) Pause Young (Allocation Failure) 49M->37M(61M) 3.344ms
[2026-06-17T09:56:07.812+0800][16.441s][info][gc,cpu         ] GC(385) User=0.00s Sys=0.00s Real=0.01s
[2026-06-17T09:56:07.855+0800][16.484s][info][gc,start       ] GC(386) Pause Young (Allocation Failure)
[2026-06-17T09:56:07.857+0800][16.486s][info][gc,heap        ] GC(386) DefNew: 19542K(19648K)->2170K(19648K) Eden: 17456K(17472K)->0K(17472K) From: 2085K(2176K)->2170K(2176K)
[2026-06-17T09:56:07.857+0800][16.486s][info][gc,heap        ] GC(386) Tenured: 35929K(43712K)->39174K(43712K)
[2026-06-17T09:56:07.858+0800][16.487s][info][gc,metaspace   ] GC(386) Metaspace: 150K(384K)->150K(384K) NonClass: 145K(256K)->145K(256K) Class: 4K(128K)->4K(128K)
[2026-06-17T09:56:07.858+0800][16.487s][info][gc             ] GC(386) Pause Young (Allocation Failure) 54M->40M(61M) 2.890ms
[2026-06-17T09:56:07.859+0800][16.488s][info][gc,cpu         ] GC(386) User=0.00s Sys=0.00s Real=0.00s
[2026-06-17T09:56:07.902+0800][16.531s][info][gc,start       ] GC(387) Pause Young (Allocation Failure)
[2026-06-17T09:56:07.902+0800][16.531s][info][gc             ] GC(387) Pause Young (Allocation Failure) 57M->57M(61M) 0.552ms
[2026-06-17T09:56:07.903+0800][16.532s][info][gc,cpu         ] GC(387) User=0.00s Sys=0.00s Real=0.01s
[2026-06-17T09:56:07.903+0800][16.532s][info][gc,start       ] GC(388) Pause Full (Allocation Failure)
[2026-06-17T09:56:07.904+0800][16.533s][info][gc,phases,start] GC(388) Phase 1: Mark live objects
[2026-06-17T09:56:07.904+0800][16.534s][info][gc,phases      ] GC(388) Phase 1: Mark live objects 0.862ms
[2026-06-17T09:56:07.905+0800][16.534s][info][gc,phases,start] GC(388) Phase 2: Compute new object addresses
[2026-06-17T09:56:07.905+0800][16.535s][info][gc,phases      ] GC(388) Phase 2: Compute new object addresses 0.600ms
[2026-06-17T09:56:07.906+0800][16.535s][info][gc,phases,start] GC(388) Phase 3: Adjust pointers
[2026-06-17T09:56:07.906+0800][16.536s][info][gc,phases      ] GC(388) Phase 3: Adjust pointers 0.631ms
[2026-06-17T09:56:07.907+0800][16.536s][info][gc,phases,start] GC(388) Phase 4: Move objects
[2026-06-17T09:56:07.909+0800][16.538s][info][gc,phases      ] GC(388) Phase 4: Move objects 1.896ms
[2026-06-17T09:56:07.909+0800][16.538s][info][gc,heap        ] GC(388) DefNew: 19569K(19648K)->0K(19648K) Eden: 17398K(17472K)->0K(17472K) From: 2170K(2176K)->0K(2176K)
[2026-06-17T09:56:07.909+0800][16.538s][info][gc,heap        ] GC(388) Tenured: 39174K(43712K)->27167K(43712K)
[2026-06-17T09:56:07.909+0800][16.538s][info][gc,metaspace   ] GC(388) Metaspace: 150K(384K)->150K(384K) NonClass: 145K(256K)->145K(256K) Class: 4K(128K)->4K(128K)
[2026-06-17T09:56:07.909+0800][16.538s][info][gc             ] GC(388) Pause Full (Allocation Failure) 57M->26M(61M) 6.111ms
[2026-06-17T09:56:07.909+0800][16.538s][info][gc,cpu         ] GC(388) User=0.01s Sys=0.00s Real=0.00s
[2026-06-17T09:56:07.962+0800][16.591s][info][gc,start       ] GC(389) Pause Young (Allocation Failure)
[2026-06-17T09:56:07.963+0800][16.592s][info][gc,heap        ] GC(389) DefNew: 17442K(19648K)->2100K(19648K) Eden: 17442K(17472K)->0K(17472K) From: 0K(2176K)->2100K(2176K)
[2026-06-17T09:56:07.964+0800][16.593s][info][gc,heap        ] GC(389) Tenured: 27167K(43712K)->28718K(43712K)
[2026-06-17T09:56:07.964+0800][16.593s][info][gc,metaspace   ] GC(389) Metaspace: 150K(384K)->150K(384K) NonClass: 145K(256K)->145K(256K) Class: 4K(128K)->4K(128K)
[2026-06-17T09:56:07.964+0800][16.593s][info][gc             ] GC(389) Pause Young (Allocation Failure) 43M->30M(61M) 2.229ms
[2026-06-17T09:56:07.964+0800][16.593s][info][gc,cpu         ] GC(389) User=0.00s Sys=0.00s Real=0.01s
[2026-06-17T09:56:08.007+0800][16.636s][info][gc,start       ] GC(390) Pause Young (Allocation Failure)
[2026-06-17T09:56:08.009+0800][16.638s][info][gc,heap        ] GC(390) DefNew: 19572K(19648K)->2143K(19648K) Eden: 17472K(17472K)->0K(17472K) From: 2100K(2176K)->2143K(2176K)
[2026-06-17T09:56:08.010+0800][16.639s][info][gc,heap        ] GC(390) Tenured: 28718K(43712K)->31952K(43712K)
[2026-06-17T09:56:08.010+0800][16.639s][info][gc,metaspace   ] GC(390) Metaspace: 150K(384K)->150K(384K) NonClass: 145K(256K)->145K(256K) Class: 4K(128K)->4K(128K)
[2026-06-17T09:56:08.011+0800][16.640s][info][gc             ] GC(390) Pause Young (Allocation Failure) 47M->33M(61M) 3.326ms
[2026-06-17T09:56:08.011+0800][16.640s][info][gc,cpu         ] GC(390) User=0.00s Sys=0.00s Real=0.01s
[2026-06-17T09:56:08.054+0800][16.683s][info][gc,start       ] GC(391) Pause Young (Allocation Failure)
[2026-06-17T09:56:08.059+0800][16.688s][info][gc,heap        ] GC(391) DefNew: 19606K(19648K)->2156K(19648K) Eden: 17463K(17472K)->0K(17472K) From: 2143K(2176K)->2156K(2176K)
[2026-06-17T09:56:08.061+0800][16.690s][info][gc,heap        ] GC(391) Tenured: 31952K(43712K)->35755K(43712K)
[2026-06-17T09:56:08.063+0800][16.693s][info][gc,metaspace   ] GC(391) Metaspace: 150K(384K)->150K(384K) NonClass: 145K(256K)->145K(256K) Class: 4K(128K)->4K(128K)
[2026-06-17T09:56:08.064+0800][16.693s][info][gc             ] GC(391) Pause Young (Allocation Failure) 50M->37M(61M) 9.901ms
[2026-06-17T09:56:08.064+0800][16.694s][info][gc,cpu         ] GC(391) User=0.00s Sys=0.00s Real=0.01s
[2026-06-17T09:56:08.109+0800][16.738s][info][gc,start       ] GC(392) Pause Young (Allocation Failure)
[2026-06-17T09:56:08.113+0800][16.742s][info][gc,heap        ] GC(392) DefNew: 19628K(19648K)->2130K(19648K) Eden: 17472K(17472K)->0K(17472K) From: 2156K(2176K)->2130K(2176K)
[2026-06-17T09:56:08.120+0800][16.749s][info][gc,heap        ] GC(392) Tenured: 35755K(43712K)->39164K(43712K)
[2026-06-17T09:56:08.121+0800][16.751s][info][gc,metaspace   ] GC(392) Metaspace: 150K(384K)->150K(384K) NonClass: 145K(256K)->145K(256K) Class: 4K(128K)->4K(128K)
[2026-06-17T09:56:08.122+0800][16.751s][info][gc             ] GC(392) Pause Young (Allocation Failure) 54M->40M(61M) 13.127ms
[2026-06-17T09:56:08.123+0800][16.752s][info][gc,cpu         ] GC(392) User=0.00s Sys=0.00s Real=0.02s
[2026-06-17T09:56:08.166+0800][16.795s][info][gc,start       ] GC(393) Pause Young (Allocation Failure)
[2026-06-17T09:56:08.173+0800][16.802s][info][gc             ] GC(393) Pause Young (Allocation Failure) 57M->57M(61M) 6.630ms
[2026-06-17T09:56:08.173+0800][16.802s][info][gc,cpu         ] GC(393) User=0.00s Sys=0.00s Real=0.01s
[2026-06-17T09:56:08.175+0800][16.804s][info][gc,start       ] GC(394) Pause Full (Allocation Failure)
[2026-06-17T09:56:08.181+0800][16.810s][info][gc,phases,start] GC(394) Phase 1: Mark live objects
[2026-06-17T09:56:08.183+0800][16.812s][info][gc,phases      ] GC(394) Phase 1: Mark live objects 1.889ms
[2026-06-17T09:56:08.184+0800][16.814s][info][gc,phases,start] GC(394) Phase 2: Compute new object addresses
[2026-06-17T09:56:08.187+0800][16.816s][info][gc,phases      ] GC(394) Phase 2: Compute new object addresses 2.405ms
[2026-06-17T09:56:08.191+0800][16.820s][info][gc,phases,start] GC(394) Phase 3: Adjust pointers
[2026-06-17T09:56:08.192+0800][16.821s][info][gc,phases      ] GC(394) Phase 3: Adjust pointers 1.061ms
[2026-06-17T09:56:08.204+0800][16.833s][info][gc,phases,start] GC(394) Phase 4: Move objects
[2026-06-17T09:56:08.207+0800][16.836s][info][gc,phases      ] GC(394) Phase 4: Move objects 2.416ms
[2026-06-17T09:56:08.209+0800][16.838s][info][gc,heap        ] GC(394) DefNew: 19586K(19648K)->0K(19648K) Eden: 17456K(17472K)->0K(17472K) From: 2130K(2176K)->0K(2176K)
[2026-06-17T09:56:08.210+0800][16.839s][info][gc,heap        ] GC(394) Tenured: 39164K(43712K)->23265K(43712K)
[2026-06-17T09:56:08.210+0800][16.840s][info][gc,metaspace   ] GC(394) Metaspace: 150K(384K)->150K(384K) NonClass: 145K(256K)->145K(256K) Class: 4K(128K)->4K(128K)
[2026-06-17T09:56:08.211+0800][16.840s][info][gc             ] GC(394) Pause Full (Allocation Failure) 57M->22M(61M) 36.112ms
[2026-06-17T09:56:08.212+0800][16.841s][info][gc,cpu         ] GC(394) User=0.00s Sys=0.00s Real=0.04s
[2026-06-17T09:56:08.270+0800][16.899s][info][gc,start       ] GC(395) Pause Young (Allocation Failure)
[2026-06-17T09:56:08.294+0800][16.923s][info][gc,heap        ] GC(395) DefNew: 17457K(19648K)->2109K(19648K) Eden: 17457K(17472K)->0K(17472K) From: 0K(2176K)->2109K(2176K)
[2026-06-17T09:56:08.294+0800][16.923s][info][gc,heap        ] GC(395) Tenured: 23265K(43712K)->24179K(43712K)
[2026-06-17T09:56:08.294+0800][16.924s][info][gc,metaspace   ] GC(395) Metaspace: 150K(384K)->150K(384K) NonClass: 145K(256K)->145K(256K) Class: 4K(128K)->4K(128K)
[2026-06-17T09:56:08.302+0800][16.931s][info][gc             ] GC(395) Pause Young (Allocation Failure) 39M->25M(61M) 31.354ms
[2026-06-17T09:56:08.302+0800][16.932s][info][gc,cpu         ] GC(395) User=0.00s Sys=0.00s Real=0.04s
[2026-06-17T09:56:08.350+0800][16.979s][info][gc,start       ] GC(396) Pause Young (Allocation Failure)
[2026-06-17T09:56:08.354+0800][16.983s][info][gc,heap        ] GC(396) DefNew: 19550K(19648K)->2137K(19648K) Eden: 17440K(17472K)->0K(17472K) From: 2109K(2176K)->2137K(2176K)
[2026-06-17T09:56:08.355+0800][16.984s][info][gc,heap        ] GC(396) Tenured: 24179K(43712K)->28032K(43712K)
[2026-06-17T09:56:08.355+0800][16.984s][info][gc,metaspace   ] GC(396) Metaspace: 150K(384K)->150K(384K) NonClass: 145K(256K)->145K(256K) Class: 4K(128K)->4K(128K)
[2026-06-17T09:56:08.356+0800][16.985s][info][gc             ] GC(396) Pause Young (Allocation Failure) 42M->29M(61M) 5.432ms
[2026-06-17T09:56:08.356+0800][16.985s][info][gc,cpu         ] GC(396) User=0.01s Sys=0.00s Real=0.01s
[2026-06-17T09:56:08.400+0800][17.029s][info][gc,start       ] GC(397) Pause Young (Allocation Failure)
[2026-06-17T09:56:08.401+0800][17.031s][info][gc,heap        ] GC(397) DefNew: 19609K(19648K)->2012K(19648K) Eden: 17472K(17472K)->0K(17472K) From: 2137K(2176K)->2012K(2176K)
[2026-06-17T09:56:08.402+0800][17.031s][info][gc,heap        ] GC(397) Tenured: 28032K(43712K)->31668K(43712K)
[2026-06-17T09:56:08.403+0800][17.032s][info][gc,metaspace   ] GC(397) Metaspace: 150K(384K)->150K(384K) NonClass: 145K(256K)->145K(256K) Class: 4K(128K)->4K(128K)
[2026-06-17T09:56:08.404+0800][17.033s][info][gc             ] GC(397) Pause Young (Allocation Failure) 46M->32M(61M) 4.190ms
[2026-06-17T09:56:08.405+0800][17.034s][info][gc,cpu         ] GC(397) User=0.00s Sys=0.00s Real=0.01s
[2026-06-17T09:56:08.447+0800][17.077s][info][gc,start       ] GC(398) Pause Young (Allocation Failure)
[2026-06-17T09:56:08.448+0800][17.078s][info][gc,heap        ] GC(398) DefNew: 19484K(19648K)->2012K(19648K) Eden: 17472K(17472K)->0K(17472K) From: 2012K(2176K)->2012K(2176K)
[2026-06-17T09:56:08.449+0800][17.078s][info][gc,heap        ] GC(398) Tenured: 31668K(43712K)->35224K(43712K)
[2026-06-17T09:56:08.449+0800][17.078s][info][gc,metaspace   ] GC(398) Metaspace: 150K(384K)->150K(384K) NonClass: 145K(256K)->145K(256K) Class: 4K(128K)->4K(128K)
[2026-06-17T09:56:08.449+0800][17.078s][info][gc             ] GC(398) Pause Young (Allocation Failure) 49M->36M(61M) 1.713ms
[2026-06-17T09:56:08.449+0800][17.078s][info][gc,cpu         ] GC(398) User=0.00s Sys=0.00s Real=0.00s
[2026-06-17T09:56:08.491+0800][17.120s][info][gc,start       ] GC(399) Pause Young (Allocation Failure)
[2026-06-17T09:56:08.493+0800][17.122s][info][gc,heap        ] GC(399) DefNew: 19484K(19648K)->2175K(19648K) Eden: 17472K(17472K)->0K(17472K) From: 2012K(2176K)->2175K(2176K)
[2026-06-17T09:56:08.493+0800][17.122s][info][gc,heap        ] GC(399) Tenured: 35224K(43712K)->38924K(43712K)
[2026-06-17T09:56:08.494+0800][17.123s][info][gc,metaspace   ] GC(399) Metaspace: 150K(384K)->150K(384K) NonClass: 145K(256K)->145K(256K) Class: 4K(128K)->4K(128K)
[2026-06-17T09:56:08.494+0800][17.123s][info][gc             ] GC(399) Pause Young (Allocation Failure) 53M->40M(61M) 2.596ms
[2026-06-17T09:56:08.494+0800][17.123s][info][gc,cpu         ] GC(399) User=0.00s Sys=0.00s Real=0.00s
[2026-06-17T09:56:08.537+0800][17.166s][info][gc,start       ] GC(400) Pause Young (Allocation Failure)
[2026-06-17T09:56:08.538+0800][17.167s][info][gc             ] GC(400) Pause Young (Allocation Failure) 57M->57M(61M) 0.871ms
[2026-06-17T09:56:08.541+0800][17.170s][info][gc,cpu         ] GC(400) User=0.00s Sys=0.00s Real=0.00s
[2026-06-17T09:56:08.543+0800][17.173s][info][gc,start       ] GC(401) Pause Full (Allocation Failure)
[2026-06-17T09:56:08.545+0800][17.174s][info][gc,phases,start] GC(401) Phase 1: Mark live objects
[2026-06-17T09:56:08.548+0800][17.177s][info][gc,phases      ] GC(401) Phase 1: Mark live objects 2.656ms
[2026-06-17T09:56:08.549+0800][17.178s][info][gc,phases,start] GC(401) Phase 2: Compute new object addresses
[2026-06-17T09:56:08.550+0800][17.179s][info][gc,phases      ] GC(401) Phase 2: Compute new object addresses 0.808ms
[2026-06-17T09:56:08.552+0800][17.181s][info][gc,phases,start] GC(401) Phase 3: Adjust pointers
[2026-06-17T09:56:08.555+0800][17.184s][info][gc,phases      ] GC(401) Phase 3: Adjust pointers 2.485ms
[2026-06-17T09:56:08.555+0800][17.184s][info][gc,phases,start] GC(401) Phase 4: Move objects
[2026-06-17T09:56:08.559+0800][17.188s][info][gc,phases      ] GC(401) Phase 4: Move objects 3.915ms
[2026-06-17T09:56:08.560+0800][17.189s][info][gc,heap        ] GC(401) DefNew: 19647K(19648K)->0K(19648K) Eden: 17472K(17472K)->0K(17472K) From: 2175K(2176K)->0K(2176K)
[2026-06-17T09:56:08.560+0800][17.189s][info][gc,heap        ] GC(401) Tenured: 38924K(43712K)->28209K(43712K)
[2026-06-17T09:56:08.561+0800][17.190s][info][gc,metaspace   ] GC(401) Metaspace: 150K(384K)->150K(384K) NonClass: 145K(256K)->145K(256K) Class: 4K(128K)->4K(128K)
[2026-06-17T09:56:08.561+0800][17.190s][info][gc             ] GC(401) Pause Full (Allocation Failure) 57M->27M(61M) 17.627ms
[2026-06-17T09:56:08.561+0800][17.191s][info][gc,cpu         ] GC(401) User=0.00s Sys=0.00s Real=0.01s
[2026-06-17T09:56:08.605+0800][17.234s][info][gc,start       ] GC(402) Pause Young (Allocation Failure)
[2026-06-17T09:56:08.607+0800][17.236s][info][gc,heap        ] GC(402) DefNew: 17472K(19648K)->2169K(19648K) Eden: 17472K(17472K)->0K(17472K) From: 0K(2176K)->2169K(2176K)
[2026-06-17T09:56:08.609+0800][17.238s][info][gc,heap        ] GC(402) Tenured: 28209K(43712K)->33208K(43712K)
[2026-06-17T09:56:08.610+0800][17.239s][info][gc,metaspace   ] GC(402) Metaspace: 150K(384K)->150K(384K) NonClass: 145K(256K)->145K(256K) Class: 4K(128K)->4K(128K)
[2026-06-17T09:56:08.611+0800][17.240s][info][gc             ] GC(402) Pause Young (Allocation Failure) 44M->34M(61M) 6.710ms
[2026-06-17T09:56:08.613+0800][17.242s][info][gc,cpu         ] GC(402) User=0.01s Sys=0.00s Real=0.01s
[2026-06-17T09:56:08.659+0800][17.288s][info][gc,start       ] GC(403) Pause Young (Allocation Failure)
[2026-06-17T09:56:08.660+0800][17.289s][info][gc,heap        ] GC(403) DefNew: 19331K(19648K)->1959K(19648K) Eden: 17161K(17472K)->0K(17472K) From: 2169K(2176K)->1959K(2176K)
[2026-06-17T09:56:08.660+0800][17.290s][info][gc,heap        ] GC(403) Tenured: 33208K(43712K)->35931K(43712K)
[2026-06-17T09:56:08.661+0800][17.290s][info][gc,metaspace   ] GC(403) Metaspace: 150K(384K)->150K(384K) NonClass: 145K(256K)->145K(256K) Class: 4K(128K)->4K(128K)
[2026-06-17T09:56:08.662+0800][17.291s][info][gc             ] GC(403) Pause Young (Allocation Failure) 51M->37M(61M) 2.917ms
[2026-06-17T09:56:08.662+0800][17.291s][info][gc,cpu         ] GC(403) User=0.00s Sys=0.00s Real=0.00s
[2026-06-17T09:56:08.716+0800][17.345s][info][gc,start       ] GC(404) Pause Young (Allocation Failure)
[2026-06-17T09:56:08.717+0800][17.347s][info][gc,heap        ] GC(404) DefNew: 19420K(19648K)->2142K(19648K) Eden: 17460K(17472K)->0K(17472K) From: 1959K(2176K)->2142K(2176K)
[2026-06-17T09:56:08.718+0800][17.347s][info][gc,heap        ] GC(404) Tenured: 35931K(43712K)->39065K(43712K)
[2026-06-17T09:56:08.718+0800][17.347s][info][gc,metaspace   ] GC(404) Metaspace: 150K(384K)->150K(384K) NonClass: 145K(256K)->145K(256K) Class: 4K(128K)->4K(128K)
[2026-06-17T09:56:08.719+0800][17.348s][info][gc             ] GC(404) Pause Young (Allocation Failure) 54M->40M(61M) 2.839ms
[2026-06-17T09:56:08.719+0800][17.348s][info][gc,cpu         ] GC(404) User=0.00s Sys=0.00s Real=0.00s
[2026-06-17T09:56:08.762+0800][17.391s][info][gc,start       ] GC(405) Pause Young (Allocation Failure)
[2026-06-17T09:56:08.763+0800][17.392s][info][gc             ] GC(405) Pause Young (Allocation Failure) 57M->57M(61M) 0.504ms
[2026-06-17T09:56:08.763+0800][17.392s][info][gc,cpu         ] GC(405) User=0.00s Sys=0.00s Real=0.01s
[2026-06-17T09:56:08.764+0800][17.393s][info][gc,start       ] GC(406) Pause Full (Allocation Failure)
[2026-06-17T09:56:08.764+0800][17.393s][info][gc,phases,start] GC(406) Phase 1: Mark live objects
[2026-06-17T09:56:08.765+0800][17.394s][info][gc,phases      ] GC(406) Phase 1: Mark live objects 0.648ms
[2026-06-17T09:56:08.765+0800][17.394s][info][gc,phases,start] GC(406) Phase 2: Compute new object addresses
[2026-06-17T09:56:08.765+0800][17.395s][info][gc,phases      ] GC(406) Phase 2: Compute new object addresses 0.469ms
[2026-06-17T09:56:08.766+0800][17.395s][info][gc,phases,start] GC(406) Phase 3: Adjust pointers
[2026-06-17T09:56:08.767+0800][17.396s][info][gc,phases      ] GC(406) Phase 3: Adjust pointers 1.449ms
[2026-06-17T09:56:08.768+0800][17.397s][info][gc,phases,start] GC(406) Phase 4: Move objects
[2026-06-17T09:56:08.770+0800][17.399s][info][gc,phases      ] GC(406) Phase 4: Move objects 2.450ms
[2026-06-17T09:56:08.770+0800][17.399s][info][gc,heap        ] GC(406) DefNew: 19614K(19648K)->0K(19648K) Eden: 17472K(17472K)->0K(17472K) From: 2142K(2176K)->0K(2176K)
[2026-06-17T09:56:08.770+0800][17.400s][info][gc,heap        ] GC(406) Tenured: 39065K(43712K)->29896K(43712K)
[2026-06-17T09:56:08.771+0800][17.400s][info][gc,metaspace   ] GC(406) Metaspace: 150K(384K)->150K(384K) NonClass: 145K(256K)->145K(256K) Class: 4K(128K)->4K(128K)
[2026-06-17T09:56:08.771+0800][17.400s][info][gc             ] GC(406) Pause Full (Allocation Failure) 57M->29M(61M) 7.161ms
[2026-06-17T09:56:08.771+0800][17.400s][info][gc,cpu         ] GC(406) User=0.01s Sys=0.00s Real=0.01s
[2026-06-17T09:56:08.813+0800][17.442s][info][gc,start       ] GC(407) Pause Young (Allocation Failure)
[2026-06-17T09:56:08.815+0800][17.444s][info][gc,heap        ] GC(407) DefNew: 17472K(19648K)->2167K(19648K) Eden: 17472K(17472K)->0K(17472K) From: 0K(2176K)->2167K(2176K)
[2026-06-17T09:56:08.816+0800][17.445s][info][gc,heap        ] GC(407) Tenured: 29896K(43712K)->34684K(43712K)
[2026-06-17T09:56:08.816+0800][17.445s][info][gc,metaspace   ] GC(407) Metaspace: 150K(384K)->150K(384K) NonClass: 145K(256K)->145K(256K) Class: 4K(128K)->4K(128K)
[2026-06-17T09:56:08.816+0800][17.445s][info][gc             ] GC(407) Pause Young (Allocation Failure) 46M->35M(61M) 2.817ms
[2026-06-17T09:56:08.816+0800][17.446s][info][gc,cpu         ] GC(407) User=0.00s Sys=0.00s Real=0.00s
[2026-06-17T09:56:08.860+0800][17.489s][info][gc,start       ] GC(408) Pause Young (Allocation Failure)
[2026-06-17T09:56:08.861+0800][17.491s][info][gc,heap        ] GC(408) DefNew: 19639K(19648K)->2068K(19648K) Eden: 17472K(17472K)->0K(17472K) From: 2167K(2176K)->2068K(2176K)
[2026-06-17T09:56:08.862+0800][17.491s][info][gc,heap        ] GC(408) Tenured: 34684K(43712K)->38937K(43712K)
[2026-06-17T09:56:08.862+0800][17.492s][info][gc,metaspace   ] GC(408) Metaspace: 150K(384K)->150K(384K) NonClass: 145K(256K)->145K(256K) Class: 4K(128K)->4K(128K)
[2026-06-17T09:56:08.863+0800][17.492s][info][gc             ] GC(408) Pause Young (Allocation Failure) 53M->40M(61M) 3.011ms
[2026-06-17T09:56:08.863+0800][17.493s][info][gc,cpu         ] GC(408) User=0.01s Sys=0.00s Real=0.01s
[2026-06-17T09:56:08.906+0800][17.535s][info][gc,start       ] GC(409) Pause Young (Allocation Failure)
[2026-06-17T09:56:08.907+0800][17.536s][info][gc             ] GC(409) Pause Young (Allocation Failure) 57M->57M(61M) 0.682ms
[2026-06-17T09:56:08.907+0800][17.537s][info][gc,cpu         ] GC(409) User=0.00s Sys=0.00s Real=0.00s
[2026-06-17T09:56:08.908+0800][17.537s][info][gc,start       ] GC(410) Pause Full (Allocation Failure)
[2026-06-17T09:56:08.909+0800][17.538s][info][gc,phases,start] GC(410) Phase 1: Mark live objects
[2026-06-17T09:56:08.910+0800][17.539s][info][gc,phases      ] GC(410) Phase 1: Mark live objects 1.052ms
[2026-06-17T09:56:08.910+0800][17.539s][info][gc,phases,start] GC(410) Phase 2: Compute new object addresses
[2026-06-17T09:56:08.911+0800][17.540s][info][gc,phases      ] GC(410) Phase 2: Compute new object addresses 0.815ms
[2026-06-17T09:56:08.912+0800][17.541s][info][gc,phases,start] GC(410) Phase 3: Adjust pointers
[2026-06-17T09:56:08.913+0800][17.542s][info][gc,phases      ] GC(410) Phase 3: Adjust pointers 1.039ms
[2026-06-17T09:56:08.913+0800][17.542s][info][gc,phases,start] GC(410) Phase 4: Move objects
[2026-06-17T09:56:08.915+0800][17.544s][info][gc,phases      ] GC(410) Phase 4: Move objects 2.479ms
[2026-06-17T09:56:08.916+0800][17.545s][info][gc,heap        ] GC(410) DefNew: 19448K(19648K)->0K(19648K) Eden: 17380K(17472K)->0K(17472K) From: 2068K(2176K)->0K(2176K)
[2026-06-17T09:56:08.916+0800][17.545s][info][gc,heap        ] GC(410) Tenured: 38937K(43712K)->26285K(43712K)
[2026-06-17T09:56:08.916+0800][17.545s][info][gc,metaspace   ] GC(410) Metaspace: 150K(384K)->150K(384K) NonClass: 145K(256K)->145K(256K) Class: 4K(128K)->4K(128K)
[2026-06-17T09:56:08.916+0800][17.546s][info][gc             ] GC(410) Pause Full (Allocation Failure) 57M->25M(61M) 8.361ms
[2026-06-17T09:56:08.917+0800][17.546s][info][gc,cpu         ] GC(410) User=0.00s Sys=0.00s Real=0.01s
[2026-06-17T09:56:08.960+0800][17.589s][info][gc,start       ] GC(411) Pause Young (Allocation Failure)
[2026-06-17T09:56:08.962+0800][17.591s][info][gc,heap        ] GC(411) DefNew: 17464K(19648K)->2175K(19648K) Eden: 17464K(17472K)->0K(17472K) From: 0K(2176K)->2175K(2176K)
[2026-06-17T09:56:08.962+0800][17.591s][info][gc,heap        ] GC(411) Tenured: 26285K(43712K)->30988K(43712K)
[2026-06-17T09:56:08.963+0800][17.592s][info][gc,metaspace   ] GC(411) Metaspace: 150K(384K)->150K(384K) NonClass: 145K(256K)->145K(256K) Class: 4K(128K)->4K(128K)
[2026-06-17T09:56:08.963+0800][17.592s][info][gc             ] GC(411) Pause Young (Allocation Failure) 42M->32M(61M) 3.233ms
[2026-06-17T09:56:08.963+0800][17.592s][info][gc,cpu         ] GC(411) User=0.01s Sys=0.00s Real=0.01s
[2026-06-17T09:56:09.017+0800][17.646s][info][gc,start       ] GC(412) Pause Young (Allocation Failure)
[2026-06-17T09:56:09.018+0800][17.647s][info][gc,heap        ] GC(412) DefNew: 19607K(19648K)->2035K(19648K) Eden: 17431K(17472K)->0K(17472K) From: 2175K(2176K)->2035K(2176K)
[2026-06-17T09:56:09.018+0800][17.647s][info][gc,heap        ] GC(412) Tenured: 30988K(43712K)->33171K(43712K)
[2026-06-17T09:56:09.018+0800][17.647s][info][gc,metaspace   ] GC(412) Metaspace: 150K(384K)->150K(384K) NonClass: 145K(256K)->145K(256K) Class: 4K(128K)->4K(128K)
[2026-06-17T09:56:09.019+0800][17.648s][info][gc             ] GC(412) Pause Young (Allocation Failure) 49M->34M(61M) 2.087ms
[2026-06-17T09:56:09.019+0800][17.648s][info][gc,cpu         ] GC(412) User=0.00s Sys=0.00s Real=0.00s
[2026-06-17T09:56:09.051+0800][17.680s][info][gc,start       ] GC(413) Pause Young (Allocation Failure)
[2026-06-17T09:56:09.053+0800][17.682s][info][gc,heap        ] GC(413) DefNew: 19324K(19648K)->2105K(19648K) Eden: 17288K(17472K)->0K(17472K) From: 2035K(2176K)->2105K(2176K)
[2026-06-17T09:56:09.054+0800][17.683s][info][gc,heap        ] GC(413) Tenured: 33171K(43712K)->36135K(43712K)
[2026-06-17T09:56:09.054+0800][17.683s][info][gc,metaspace   ] GC(413) Metaspace: 150K(384K)->150K(384K) NonClass: 145K(256K)->145K(256K) Class: 4K(128K)->4K(128K)
[2026-06-17T09:56:09.055+0800][17.684s][info][gc             ] GC(413) Pause Young (Allocation Failure) 51M->37M(61M) 3.356ms
[2026-06-17T09:56:09.055+0800][17.684s][info][gc,cpu         ] GC(413) User=0.00s Sys=0.00s Real=0.00s
[2026-06-17T09:56:09.108+0800][17.738s][info][gc,start       ] GC(414) Pause Young (Allocation Failure)
[2026-06-17T09:56:09.110+0800][17.739s][info][gc,heap        ] GC(414) DefNew: 19569K(19648K)->2047K(19648K) Eden: 17464K(17472K)->0K(17472K) From: 2105K(2176K)->2047K(2176K)
[2026-06-17T09:56:09.111+0800][17.740s][info][gc,heap        ] GC(414) Tenured: 36135K(43712K)->39820K(43712K)
[2026-06-17T09:56:09.111+0800][17.740s][info][gc,metaspace   ] GC(414) Metaspace: 150K(384K)->150K(384K) NonClass: 145K(256K)->145K(256K) Class: 4K(128K)->4K(128K)
[2026-06-17T09:56:09.111+0800][17.741s][info][gc             ] GC(414) Pause Young (Allocation Failure) 54M->40M(61M) 3.006ms
[2026-06-17T09:56:09.112+0800][17.741s][info][gc,cpu         ] GC(414) User=0.00s Sys=0.00s Real=0.01s
[2026-06-17T09:56:09.155+0800][17.784s][info][gc,start       ] GC(415) Pause Young (Allocation Failure)
[2026-06-17T09:56:09.155+0800][17.784s][info][gc             ] GC(415) Pause Young (Allocation Failure) 57M->57M(61M) 0.540ms
[2026-06-17T09:56:09.156+0800][17.785s][info][gc,cpu         ] GC(415) User=0.00s Sys=0.00s Real=0.00s
[2026-06-17T09:56:09.156+0800][17.785s][info][gc,start       ] GC(416) Pause Full (Allocation Failure)
[2026-06-17T09:56:09.156+0800][17.785s][info][gc,phases,start] GC(416) Phase 1: Mark live objects
[2026-06-17T09:56:09.157+0800][17.786s][info][gc,phases      ] GC(416) Phase 1: Mark live objects 0.674ms
[2026-06-17T09:56:09.157+0800][17.786s][info][gc,phases,start] GC(416) Phase 2: Compute new object addresses
[2026-06-17T09:56:09.158+0800][17.787s][info][gc,phases      ] GC(416) Phase 2: Compute new object addresses 0.499ms
[2026-06-17T09:56:09.158+0800][17.787s][info][gc,phases,start] GC(416) Phase 3: Adjust pointers
[2026-06-17T09:56:09.159+0800][17.788s][info][gc,phases      ] GC(416) Phase 3: Adjust pointers 0.464ms
[2026-06-17T09:56:09.159+0800][17.788s][info][gc,phases,start] GC(416) Phase 4: Move objects
[2026-06-17T09:56:09.161+0800][17.790s][info][gc,phases      ] GC(416) Phase 4: Move objects 1.935ms
[2026-06-17T09:56:09.161+0800][17.790s][info][gc,heap        ] GC(416) DefNew: 19471K(19648K)->0K(19648K) Eden: 17423K(17472K)->0K(17472K) From: 2047K(2176K)->0K(2176K)
[2026-06-17T09:56:09.161+0800][17.790s][info][gc,heap        ] GC(416) Tenured: 39820K(43712K)->24149K(43712K)
[2026-06-17T09:56:09.162+0800][17.791s][info][gc,metaspace   ] GC(416) Metaspace: 150K(384K)->150K(384K) NonClass: 145K(256K)->145K(256K) Class: 4K(128K)->4K(128K)
[2026-06-17T09:56:09.162+0800][17.791s][info][gc             ] GC(416) Pause Full (Allocation Failure) 57M->23M(61M) 5.879ms
[2026-06-17T09:56:09.162+0800][17.791s][info][gc,cpu         ] GC(416) User=0.00s Sys=0.00s Real=0.00s
[2026-06-17T09:56:09.204+0800][17.833s][info][gc,start       ] GC(417) Pause Young (Allocation Failure)
[2026-06-17T09:56:09.205+0800][17.835s][info][gc,heap        ] GC(417) DefNew: 17472K(19648K)->2173K(19648K) Eden: 17472K(17472K)->0K(17472K) From: 0K(2176K)->2173K(2176K)
[2026-06-17T09:56:09.206+0800][17.835s][info][gc,heap        ] GC(417) Tenured: 24149K(43712K)->29072K(43712K)
[2026-06-17T09:56:09.206+0800][17.835s][info][gc,metaspace   ] GC(417) Metaspace: 150K(384K)->150K(384K) NonClass: 145K(256K)->145K(256K) Class: 4K(128K)->4K(128K)
[2026-06-17T09:56:09.206+0800][17.835s][info][gc             ] GC(417) Pause Young (Allocation Failure) 40M->30M(61M) 2.011ms
[2026-06-17T09:56:09.206+0800][17.836s][info][gc,cpu         ] GC(417) User=0.00s Sys=0.00s Real=0.00s
[2026-06-17T09:56:09.249+0800][17.878s][info][gc,start       ] GC(418) Pause Young (Allocation Failure)
[2026-06-17T09:56:09.251+0800][17.880s][info][gc,heap        ] GC(418) DefNew: 19645K(19648K)->2166K(19648K) Eden: 17472K(17472K)->0K(17472K) From: 2173K(2176K)->2166K(2176K)
[2026-06-17T09:56:09.252+0800][17.881s][info][gc,heap        ] GC(418) Tenured: 29072K(43712K)->33750K(43712K)
[2026-06-17T09:56:09.252+0800][17.881s][info][gc,metaspace   ] GC(418) Metaspace: 150K(384K)->150K(384K) NonClass: 145K(256K)->145K(256K) Class: 4K(128K)->4K(128K)
[2026-06-17T09:56:09.253+0800][17.882s][info][gc             ] GC(418) Pause Young (Allocation Failure) 47M->35M(61M) 3.641ms
[2026-06-17T09:56:09.253+0800][17.882s][info][gc,cpu         ] GC(418) User=0.00s Sys=0.00s Real=0.01s
[2026-06-17T09:56:09.296+0800][17.925s][info][gc,start       ] GC(419) Pause Young (Allocation Failure)
[2026-06-17T09:56:09.297+0800][17.926s][info][gc,heap        ] GC(419) DefNew: 19415K(19648K)->2147K(19648K) Eden: 17249K(17472K)->0K(17472K) From: 2166K(2176K)->2147K(2176K)
[2026-06-17T09:56:09.298+0800][17.927s][info][gc,heap        ] GC(419) Tenured: 33750K(43712K)->34182K(43712K)
[2026-06-17T09:56:09.298+0800][17.927s][info][gc,metaspace   ] GC(419) Metaspace: 150K(384K)->150K(384K) NonClass: 145K(256K)->145K(256K) Class: 4K(128K)->4K(128K)
[2026-06-17T09:56:09.299+0800][17.928s][info][gc             ] GC(419) Pause Young (Allocation Failure) 51M->35M(61M) 2.320ms
[2026-06-17T09:56:09.299+0800][17.928s][info][gc,cpu         ] GC(419) User=0.00s Sys=0.00s Real=0.00s
[2026-06-17T09:56:09.353+0800][17.982s][info][gc,start       ] GC(420) Pause Young (Allocation Failure)
[2026-06-17T09:56:09.354+0800][17.983s][info][gc,heap        ] GC(420) DefNew: 19619K(19648K)->2123K(19648K) Eden: 17472K(17472K)->0K(17472K) From: 2147K(2176K)->2123K(2176K)
[2026-06-17T09:56:09.354+0800][17.983s][info][gc,heap        ] GC(420) Tenured: 34182K(43712K)->38351K(43712K)
[2026-06-17T09:56:09.355+0800][17.984s][info][gc,metaspace   ] GC(420) Metaspace: 150K(384K)->150K(384K) NonClass: 145K(256K)->145K(256K) Class: 4K(128K)->4K(128K)
[2026-06-17T09:56:09.355+0800][17.984s][info][gc             ] GC(420) Pause Young (Allocation Failure) 52M->39M(61M) 2.413ms
[2026-06-17T09:56:09.355+0800][17.984s][info][gc,cpu         ] GC(420) User=0.00s Sys=0.00s Real=0.00s
[2026-06-17T09:56:09.398+0800][18.027s][info][gc,start       ] GC(421) Pause Young (Allocation Failure)
[2026-06-17T09:56:09.399+0800][18.028s][info][gc             ] GC(421) Pause Young (Allocation Failure) 56M->56M(61M) 0.641ms
[2026-06-17T09:56:09.400+0800][18.029s][info][gc,cpu         ] GC(421) User=0.00s Sys=0.00s Real=0.00s
[2026-06-17T09:56:09.400+0800][18.029s][info][gc,start       ] GC(422) Pause Full (Allocation Failure)
[2026-06-17T09:56:09.401+0800][18.030s][info][gc,phases,start] GC(422) Phase 1: Mark live objects
[2026-06-17T09:56:09.402+0800][18.031s][info][gc,phases      ] GC(422) Phase 1: Mark live objects 0.946ms
[2026-06-17T09:56:09.402+0800][18.031s][info][gc,phases,start] GC(422) Phase 2: Compute new object addresses
[2026-06-17T09:56:09.403+0800][18.032s][info][gc,phases      ] GC(422) Phase 2: Compute new object addresses 0.731ms
[2026-06-17T09:56:09.403+0800][18.032s][info][gc,phases,start] GC(422) Phase 3: Adjust pointers
[2026-06-17T09:56:09.404+0800][18.033s][info][gc,phases      ] GC(422) Phase 3: Adjust pointers 0.690ms
[2026-06-17T09:56:09.404+0800][18.033s][info][gc,phases,start] GC(422) Phase 4: Move objects
[2026-06-17T09:56:09.406+0800][18.036s][info][gc,phases      ] GC(422) Phase 4: Move objects 2.167ms
[2026-06-17T09:56:09.407+0800][18.036s][info][gc,heap        ] GC(422) DefNew: 19571K(19648K)->0K(19648K) Eden: 17447K(17472K)->0K(17472K) From: 2123K(2176K)->0K(2176K)
[2026-06-17T09:56:09.407+0800][18.036s][info][gc,heap        ] GC(422) Tenured: 38351K(43712K)->29141K(43712K)
[2026-06-17T09:56:09.407+0800][18.037s][info][gc,metaspace   ] GC(422) Metaspace: 150K(384K)->150K(384K) NonClass: 145K(256K)->145K(256K) Class: 4K(128K)->4K(128K)
[2026-06-17T09:56:09.408+0800][18.037s][info][gc             ] GC(422) Pause Full (Allocation Failure) 56M->28M(61M) 7.803ms
[2026-06-17T09:56:09.408+0800][18.037s][info][gc,cpu         ] GC(422) User=0.01s Sys=0.00s Real=0.01s
[2026-06-17T09:56:09.450+0800][18.079s][info][gc,start       ] GC(423) Pause Young (Allocation Failure)
[2026-06-17T09:56:09.452+0800][18.081s][info][gc,heap        ] GC(423) DefNew: 17472K(19648K)->2175K(19648K) Eden: 17472K(17472K)->0K(17472K) From: 0K(2176K)->2175K(2176K)
[2026-06-17T09:56:09.452+0800][18.081s][info][gc,heap        ] GC(423) Tenured: 29141K(43712K)->34267K(43712K)
[2026-06-17T09:56:09.452+0800][18.082s][info][gc,metaspace   ] GC(423) Metaspace: 150K(384K)->150K(384K) NonClass: 145K(256K)->145K(256K) Class: 4K(128K)->4K(128K)
[2026-06-17T09:56:09.453+0800][18.082s][info][gc             ] GC(423) Pause Young (Allocation Failure) 45M->35M(61M) 2.285ms
[2026-06-17T09:56:09.453+0800][18.082s][info][gc,cpu         ] GC(423) User=0.00s Sys=0.00s Real=0.01s
[2026-06-17T09:56:09.506+0800][18.135s][info][gc,start       ] GC(424) Pause Young (Allocation Failure)
[2026-06-17T09:56:09.508+0800][18.137s][info][gc,heap        ] GC(424) DefNew: 19647K(19648K)->2073K(19648K) Eden: 17472K(17472K)->0K(17472K) From: 2175K(2176K)->2073K(2176K)
[2026-06-17T09:56:09.508+0800][18.137s][info][gc,heap        ] GC(424) Tenured: 34267K(43712K)->36335K(43712K)
[2026-06-17T09:56:09.508+0800][18.138s][info][gc,metaspace   ] GC(424) Metaspace: 150K(384K)->150K(384K) NonClass: 145K(256K)->145K(256K) Class: 4K(128K)->4K(128K)
[2026-06-17T09:56:09.509+0800][18.138s][info][gc             ] GC(424) Pause Young (Allocation Failure) 52M->37M(61M) 2.957ms
[2026-06-17T09:56:09.509+0800][18.138s][info][gc,cpu         ] GC(424) User=0.00s Sys=0.00s Real=0.00s
[2026-06-17T09:56:09.542+0800][18.171s][info][gc,start       ] GC(425) Pause Young (Allocation Failure)
[2026-06-17T09:56:09.543+0800][18.172s][info][gc,heap        ] GC(425) DefNew: 19431K(19648K)->2065K(19648K) Eden: 17357K(17472K)->0K(17472K) From: 2073K(2176K)->2065K(2176K)
[2026-06-17T09:56:09.544+0800][18.173s][info][gc,heap        ] GC(425) Tenured: 36335K(43712K)->39858K(43712K)
[2026-06-17T09:56:09.544+0800][18.173s][info][gc,metaspace   ] GC(425) Metaspace: 150K(384K)->150K(384K) NonClass: 145K(256K)->145K(256K) Class: 4K(128K)->4K(128K)
[2026-06-17T09:56:09.545+0800][18.174s][info][gc             ] GC(425) Pause Young (Allocation Failure) 54M->40M(61M) 2.985ms
[2026-06-17T09:56:09.545+0800][18.174s][info][gc,cpu         ] GC(425) User=0.01s Sys=0.00s Real=0.01s
[2026-06-17T09:56:09.598+0800][18.227s][info][gc,start       ] GC(426) Pause Young (Allocation Failure)
[2026-06-17T09:56:09.599+0800][18.228s][info][gc             ] GC(426) Pause Young (Allocation Failure) 58M->58M(61M) 0.632ms
[2026-06-17T09:56:09.599+0800][18.228s][info][gc,cpu         ] GC(426) User=0.00s Sys=0.00s Real=0.00s
[2026-06-17T09:56:09.600+0800][18.229s][info][gc,start       ] GC(427) Pause Full (Allocation Failure)
[2026-06-17T09:56:09.600+0800][18.229s][info][gc,phases,start] GC(427) Phase 1: Mark live objects
[2026-06-17T09:56:09.601+0800][18.230s][info][gc,phases      ] GC(427) Phase 1: Mark live objects 0.806ms
[2026-06-17T09:56:09.601+0800][18.230s][info][gc,phases,start] GC(427) Phase 2: Compute new object addresses
[2026-06-17T09:56:09.602+0800][18.231s][info][gc,phases      ] GC(427) Phase 2: Compute new object addresses 0.521ms
[2026-06-17T09:56:09.602+0800][18.231s][info][gc,phases,start] GC(427) Phase 3: Adjust pointers
[2026-06-17T09:56:09.603+0800][18.232s][info][gc,phases      ] GC(427) Phase 3: Adjust pointers 0.871ms
[2026-06-17T09:56:09.603+0800][18.232s][info][gc,phases,start] GC(427) Phase 4: Move objects
[2026-06-17T09:56:09.606+0800][18.235s][info][gc,phases      ] GC(427) Phase 4: Move objects 2.881ms
[2026-06-17T09:56:09.607+0800][18.236s][info][gc,heap        ] GC(427) DefNew: 19537K(19648K)->0K(19648K) Eden: 17471K(17472K)->0K(17472K) From: 2065K(2176K)->0K(2176K)
[2026-06-17T09:56:09.607+0800][18.236s][info][gc,heap        ] GC(427) Tenured: 39858K(43712K)->25769K(43712K)
[2026-06-17T09:56:09.607+0800][18.236s][info][gc,metaspace   ] GC(427) Metaspace: 150K(384K)->150K(384K) NonClass: 145K(256K)->145K(256K) Class: 4K(128K)->4K(128K)
[2026-06-17T09:56:09.607+0800][18.236s][info][gc             ] GC(427) Pause Full (Allocation Failure) 58M->25M(61M) 7.531ms
[2026-06-17T09:56:09.607+0800][18.236s][info][gc,cpu         ] GC(427) User=0.00s Sys=0.00s Real=0.01s
[2026-06-17T09:56:09.650+0800][18.279s][info][gc,start       ] GC(428) Pause Young (Allocation Failure)
[2026-06-17T09:56:09.652+0800][18.281s][info][gc,heap        ] GC(428) DefNew: 17472K(19648K)->2168K(19648K) Eden: 17472K(17472K)->0K(17472K) From: 0K(2176K)->2168K(2176K)
[2026-06-17T09:56:09.653+0800][18.282s][info][gc,heap        ] GC(428) Tenured: 25769K(43712K)->30856K(43712K)
[2026-06-17T09:56:09.653+0800][18.282s][info][gc,metaspace   ] GC(428) Metaspace: 150K(384K)->150K(384K) NonClass: 145K(256K)->145K(256K) Class: 4K(128K)->4K(128K)
[2026-06-17T09:56:09.654+0800][18.283s][info][gc             ] GC(428) Pause Young (Allocation Failure) 42M->32M(61M) 3.580ms
[2026-06-17T09:56:09.654+0800][18.283s][info][gc,cpu         ] GC(428) User=0.01s Sys=0.00s Real=0.01s
[2026-06-17T09:56:09.697+0800][18.327s][info][gc,start       ] GC(429) Pause Young (Allocation Failure)
[2026-06-17T09:56:09.699+0800][18.328s][info][gc,heap        ] GC(429) DefNew: 19588K(19648K)->2076K(19648K) Eden: 17419K(17472K)->0K(17472K) From: 2168K(2176K)->2076K(2176K)
[2026-06-17T09:56:09.700+0800][18.329s][info][gc,heap        ] GC(429) Tenured: 30856K(43712K)->36583K(43712K)
[2026-06-17T09:56:09.700+0800][18.329s][info][gc,metaspace   ] GC(429) Metaspace: 150K(384K)->150K(384K) NonClass: 145K(256K)->145K(256K) Class: 4K(128K)->4K(128K)
[2026-06-17T09:56:09.700+0800][18.329s][info][gc             ] GC(429) Pause Young (Allocation Failure) 49M->37M(61M) 2.919ms
[2026-06-17T09:56:09.701+0800][18.330s][info][gc,cpu         ] GC(429) User=0.00s Sys=0.00s Real=0.00s
[2026-06-17T09:56:09.744+0800][18.373s][info][gc,start       ] GC(430) Pause Young (Allocation Failure)
[2026-06-17T09:56:09.744+0800][18.373s][info][gc             ] GC(430) Pause Young (Allocation Failure) 54M->54M(61M) 0.640ms
[2026-06-17T09:56:09.745+0800][18.374s][info][gc,cpu         ] GC(430) User=0.00s Sys=0.00s Real=0.00s
[2026-06-17T09:56:09.745+0800][18.374s][info][gc,start       ] GC(431) Pause Full (Allocation Failure)
[2026-06-17T09:56:09.745+0800][18.374s][info][gc,phases,start] GC(431) Phase 1: Mark live objects
[2026-06-17T09:56:09.746+0800][18.375s][info][gc,phases      ] GC(431) Phase 1: Mark live objects 0.793ms
[2026-06-17T09:56:09.746+0800][18.375s][info][gc,phases,start] GC(431) Phase 2: Compute new object addresses
[2026-06-17T09:56:09.747+0800][18.376s][info][gc,phases      ] GC(431) Phase 2: Compute new object addresses 0.572ms
[2026-06-17T09:56:09.747+0800][18.376s][info][gc,phases,start] GC(431) Phase 3: Adjust pointers
[2026-06-17T09:56:09.748+0800][18.377s][info][gc,phases      ] GC(431) Phase 3: Adjust pointers 0.510ms
[2026-06-17T09:56:09.748+0800][18.377s][info][gc,phases,start] GC(431) Phase 4: Move objects
[2026-06-17T09:56:09.751+0800][18.380s][info][gc,phases      ] GC(431) Phase 4: Move objects 2.918ms
[2026-06-17T09:56:09.751+0800][18.380s][info][gc,heap        ] GC(431) DefNew: 19500K(19648K)->0K(19648K) Eden: 17424K(17472K)->0K(17472K) From: 2076K(2176K)->0K(2176K)
[2026-06-17T09:56:09.752+0800][18.381s][info][gc,heap        ] GC(431) Tenured: 36583K(43712K)->27354K(43712K)
[2026-06-17T09:56:09.752+0800][18.381s][info][gc,metaspace   ] GC(431) Metaspace: 150K(384K)->150K(384K) NonClass: 145K(256K)->145K(256K) Class: 4K(128K)->4K(128K)
[2026-06-17T09:56:09.752+0800][18.381s][info][gc             ] GC(431) Pause Full (Allocation Failure) 54M->26M(61M) 7.097ms
[2026-06-17T09:56:09.752+0800][18.381s][info][gc,cpu         ] GC(431) User=0.01s Sys=0.00s Real=0.01s
[2026-06-17T09:56:09.795+0800][18.424s][info][gc,start       ] GC(432) Pause Young (Allocation Failure)
[2026-06-17T09:56:09.796+0800][18.425s][info][gc,heap        ] GC(432) DefNew: 17443K(19648K)->2148K(19648K) Eden: 17443K(17472K)->0K(17472K) From: 0K(2176K)->2148K(2176K)
[2026-06-17T09:56:09.796+0800][18.426s][info][gc,heap        ] GC(432) Tenured: 27354K(43712K)->29198K(43712K)
[2026-06-17T09:56:09.797+0800][18.426s][info][gc,metaspace   ] GC(432) Metaspace: 150K(384K)->150K(384K) NonClass: 145K(256K)->145K(256K) Class: 4K(128K)->4K(128K)
[2026-06-17T09:56:09.797+0800][18.426s][info][gc             ] GC(432) Pause Young (Allocation Failure) 43M->30M(61M) 2.510ms
[2026-06-17T09:56:09.798+0800][18.427s][info][gc,cpu         ] GC(432) User=0.00s Sys=0.00s Real=0.00s
[2026-06-17T09:56:09.851+0800][18.480s][info][gc,start       ] GC(433) Pause Young (Allocation Failure)
[2026-06-17T09:56:09.853+0800][18.482s][info][gc,heap        ] GC(433) DefNew: 19604K(19648K)->2105K(19648K) Eden: 17455K(17472K)->0K(17472K) From: 2148K(2176K)->2105K(2176K)
[2026-06-17T09:56:09.853+0800][18.482s][info][gc,heap        ] GC(433) Tenured: 29198K(43712K)->32803K(43712K)
[2026-06-17T09:56:09.853+0800][18.482s][info][gc,metaspace   ] GC(433) Metaspace: 150K(384K)->150K(384K) NonClass: 145K(256K)->145K(256K) Class: 4K(128K)->4K(128K)
[2026-06-17T09:56:09.854+0800][18.483s][info][gc             ] GC(433) Pause Young (Allocation Failure) 47M->34M(61M) 2.641ms
[2026-06-17T09:56:09.854+0800][18.483s][info][gc,cpu         ] GC(433) User=0.00s Sys=0.00s Real=0.00s
[2026-06-17T09:56:09.897+0800][18.526s][info][gc,start       ] GC(434) Pause Young (Allocation Failure)
[2026-06-17T09:56:09.899+0800][18.528s][info][gc,heap        ] GC(434) DefNew: 19577K(19648K)->2134K(19648K) Eden: 17472K(17472K)->0K(17472K) From: 2105K(2176K)->2134K(2176K)
[2026-06-17T09:56:09.899+0800][18.528s][info][gc,heap        ] GC(434) Tenured: 32803K(43712K)->36219K(43712K)
[2026-06-17T09:56:09.900+0800][18.529s][info][gc,metaspace   ] GC(434) Metaspace: 150K(384K)->150K(384K) NonClass: 145K(256K)->145K(256K) Class: 4K(128K)->4K(128K)
[2026-06-17T09:56:09.900+0800][18.529s][info][gc             ] GC(434) Pause Young (Allocation Failure) 51M->37M(61M) 2.930ms
[2026-06-17T09:56:09.901+0800][18.530s][info][gc,cpu         ] GC(434) User=0.01s Sys=0.00s Real=0.00s
[2026-06-17T09:56:09.933+0800][18.562s][info][gc,start       ] GC(435) Pause Young (Allocation Failure)
[2026-06-17T09:56:09.934+0800][18.564s][info][gc,heap        ] GC(435) DefNew: 18494K(19648K)->2171K(19648K) Eden: 16360K(17472K)->0K(17472K) From: 2134K(2176K)->2171K(2176K)
[2026-06-17T09:56:09.935+0800][18.564s][info][gc,heap        ] GC(435) Tenured: 36219K(43712K)->38694K(43712K)
[2026-06-17T09:56:09.936+0800][18.565s][info][gc,metaspace   ] GC(435) Metaspace: 150K(384K)->150K(384K) NonClass: 145K(256K)->145K(256K) Class: 4K(128K)->4K(128K)
[2026-06-17T09:56:09.936+0800][18.565s][info][gc             ] GC(435) Pause Young (Allocation Failure) 53M->39M(61M) 2.804ms
[2026-06-17T09:56:09.936+0800][18.565s][info][gc,cpu         ] GC(435) User=0.00s Sys=0.00s Real=0.00s
[2026-06-17T09:56:09.990+0800][18.619s][info][gc,start       ] GC(436) Pause Young (Allocation Failure)
[2026-06-17T09:56:09.991+0800][18.620s][info][gc             ] GC(436) Pause Young (Allocation Failure) 56M->56M(61M) 0.741ms
[2026-06-17T09:56:09.991+0800][18.620s][info][gc,cpu         ] GC(436) User=0.00s Sys=0.00s Real=0.01s
[2026-06-17T09:56:09.992+0800][18.621s][info][gc,start       ] GC(437) Pause Full (Allocation Failure)
[2026-06-17T09:56:09.992+0800][18.621s][info][gc,phases,start] GC(437) Phase 1: Mark live objects
[2026-06-17T09:56:09.993+0800][18.622s][info][gc,phases      ] GC(437) Phase 1: Mark live objects 0.889ms
[2026-06-17T09:56:09.993+0800][18.622s][info][gc,phases,start] GC(437) Phase 2: Compute new object addresses
[2026-06-17T09:56:09.994+0800][18.623s][info][gc,phases      ] GC(437) Phase 2: Compute new object addresses 0.709ms
[2026-06-17T09:56:09.995+0800][18.624s][info][gc,phases,start] GC(437) Phase 3: Adjust pointers
[2026-06-17T09:56:09.995+0800][18.624s][info][gc,phases      ] GC(437) Phase 3: Adjust pointers 0.633ms
[2026-06-17T09:56:09.996+0800][18.625s][info][gc,phases,start] GC(437) Phase 4: Move objects
[2026-06-17T09:56:09.999+0800][18.628s][info][gc,phases      ] GC(437) Phase 4: Move objects 3.407ms
[2026-06-17T09:56:10.000+0800][18.629s][info][gc,heap        ] GC(437) DefNew: 19591K(19648K)->0K(19648K) Eden: 17419K(17472K)->0K(17472K) From: 2171K(2176K)->0K(2176K)
[2026-06-17T09:56:10.000+0800][18.629s][info][gc,heap        ] GC(437) Tenured: 38694K(43712K)->30354K(43712K)
[2026-06-17T09:56:10.001+0800][18.630s][info][gc,metaspace   ] GC(437) Metaspace: 150K(384K)->150K(384K) NonClass: 145K(256K)->145K(256K) Class: 4K(128K)->4K(128K)
[2026-06-17T09:56:10.001+0800][18.630s][info][gc             ] GC(437) Pause Full (Allocation Failure) 56M->29M(61M) 9.351ms
[2026-06-17T09:56:10.001+0800][18.631s][info][gc,cpu         ] GC(437) User=0.00s Sys=0.00s Real=0.00s
[2026-06-17T09:56:10.045+0800][18.674s][info][gc,start       ] GC(438) Pause Young (Allocation Failure)
[2026-06-17T09:56:10.047+0800][18.676s][info][gc,heap        ] GC(438) DefNew: 17458K(19648K)->2168K(19648K) Eden: 17458K(17472K)->0K(17472K) From: 0K(2176K)->2168K(2176K)
[2026-06-17T09:56:10.047+0800][18.676s][info][gc,heap        ] GC(438) Tenured: 30354K(43712K)->35022K(43712K)
[2026-06-17T09:56:10.048+0800][18.677s][info][gc,metaspace   ] GC(438) Metaspace: 150K(384K)->150K(384K) NonClass: 145K(256K)->145K(256K) Class: 4K(128K)->4K(128K)
[2026-06-17T09:56:10.048+0800][18.677s][info][gc             ] GC(438) Pause Young (Allocation Failure) 46M->36M(61M) 3.741ms
[2026-06-17T09:56:10.049+0800][18.678s][info][gc,cpu         ] GC(438) User=0.00s Sys=0.00s Real=0.00s
[2026-06-17T09:56:10.093+0800][18.722s][info][gc,start       ] GC(439) Pause Young (Allocation Failure)
[2026-06-17T09:56:10.096+0800][18.725s][info][gc,heap        ] GC(439) DefNew: 19632K(19648K)->2167K(19648K) Eden: 17464K(17472K)->0K(17472K) From: 2168K(2176K)->2167K(2176K)
[2026-06-17T09:56:10.096+0800][18.725s][info][gc,heap        ] GC(439) Tenured: 35022K(43712K)->41056K(43712K)
[2026-06-17T09:56:10.097+0800][18.726s][info][gc,metaspace   ] GC(439) Metaspace: 150K(384K)->150K(384K) NonClass: 145K(256K)->145K(256K) Class: 4K(128K)->4K(128K)
[2026-06-17T09:56:10.097+0800][18.726s][info][gc             ] GC(439) Pause Young (Allocation Failure) 53M->42M(61M) 4.560ms
[2026-06-17T09:56:10.098+0800][18.727s][info][gc,cpu         ] GC(439) User=0.00s Sys=0.00s Real=0.00s
[2026-06-17T09:56:10.141+0800][18.770s][info][gc,start       ] GC(440) Pause Young (Allocation Failure)
[2026-06-17T09:56:10.142+0800][18.771s][info][gc             ] GC(440) Pause Young (Allocation Failure) 58M->58M(61M) 1.069ms
[2026-06-17T09:56:10.142+0800][18.771s][info][gc,cpu         ] GC(440) User=0.00s Sys=0.00s Real=0.00s
[2026-06-17T09:56:10.144+0800][18.773s][info][gc,start       ] GC(441) Pause Full (Allocation Failure)
[2026-06-17T09:56:10.144+0800][18.773s][info][gc,phases,start] GC(441) Phase 1: Mark live objects
[2026-06-17T09:56:10.145+0800][18.774s][info][gc,phases      ] GC(441) Phase 1: Mark live objects 1.011ms
[2026-06-17T09:56:10.147+0800][18.776s][info][gc,phases,start] GC(441) Phase 2: Compute new object addresses
[2026-06-17T09:56:10.150+0800][18.779s][info][gc,phases      ] GC(441) Phase 2: Compute new object addresses 2.923ms
[2026-06-17T09:56:10.152+0800][18.782s][info][gc,phases,start] GC(441) Phase 3: Adjust pointers
[2026-06-17T09:56:10.153+0800][18.783s][info][gc,phases      ] GC(441) Phase 3: Adjust pointers 1.006ms
[2026-06-17T09:56:10.154+0800][18.783s][info][gc,phases,start] GC(441) Phase 4: Move objects
[2026-06-17T09:56:10.157+0800][18.786s][info][gc,phases      ] GC(441) Phase 4: Move objects 3.260ms
[2026-06-17T09:56:10.158+0800][18.787s][info][gc,heap        ] GC(441) DefNew: 19346K(19648K)->0K(19648K) Eden: 17178K(17472K)->0K(17472K) From: 2167K(2176K)->0K(2176K)
[2026-06-17T09:56:10.158+0800][18.787s][info][gc,heap        ] GC(441) Tenured: 41056K(43712K)->27396K(43712K)
[2026-06-17T09:56:10.158+0800][18.787s][info][gc,metaspace   ] GC(441) Metaspace: 150K(384K)->150K(384K) NonClass: 145K(256K)->145K(256K) Class: 4K(128K)->4K(128K)
[2026-06-17T09:56:10.158+0800][18.787s][info][gc             ] GC(441) Pause Full (Allocation Failure) 58M->26M(61M) 14.508ms
[2026-06-17T09:56:10.158+0800][18.788s][info][gc,cpu         ] GC(441) User=0.01s Sys=0.00s Real=0.01s
[2026-06-17T09:56:10.200+0800][18.830s][info][gc,start       ] GC(442) Pause Young (Allocation Failure)
[2026-06-17T09:56:10.203+0800][18.832s][info][gc,heap        ] GC(442) DefNew: 17436K(19648K)->2172K(19648K) Eden: 17436K(17472K)->0K(17472K) From: 0K(2176K)->2172K(2176K)
[2026-06-17T09:56:10.205+0800][18.835s][info][gc,heap        ] GC(442) Tenured: 27396K(43712K)->32199K(43712K)
[2026-06-17T09:56:10.206+0800][18.835s][info][gc,metaspace   ] GC(442) Metaspace: 150K(384K)->150K(384K) NonClass: 145K(256K)->145K(256K) Class: 4K(128K)->4K(128K)
[2026-06-17T09:56:10.206+0800][18.835s][info][gc             ] GC(442) Pause Young (Allocation Failure) 43M->33M(61M) 5.378ms
[2026-06-17T09:56:10.206+0800][18.835s][info][gc,cpu         ] GC(442) User=0.00s Sys=0.00s Real=0.01s
[2026-06-17T09:56:10.249+0800][18.878s][info][gc,start       ] GC(443) Pause Young (Allocation Failure)
[2026-06-17T09:56:10.251+0800][18.880s][info][gc,heap        ] GC(443) DefNew: 19617K(19648K)->2173K(19648K) Eden: 17445K(17472K)->0K(17472K) From: 2172K(2176K)->2173K(2176K)
[2026-06-17T09:56:10.251+0800][18.880s][info][gc,heap        ] GC(443) Tenured: 32199K(43712K)->38390K(43712K)
[2026-06-17T09:56:10.252+0800][18.881s][info][gc,metaspace   ] GC(443) Metaspace: 150K(384K)->150K(384K) NonClass: 145K(256K)->145K(256K) Class: 4K(128K)->4K(128K)
[2026-06-17T09:56:10.252+0800][18.881s][info][gc             ] GC(443) Pause Young (Allocation Failure) 50M->39M(61M) 3.357ms
[2026-06-17T09:56:10.252+0800][18.882s][info][gc,cpu         ] GC(443) User=0.01s Sys=0.00s Real=0.01s
[2026-06-17T09:56:10.306+0800][18.935s][info][gc,start       ] GC(444) Pause Young (Allocation Failure)
[2026-06-17T09:56:10.307+0800][18.936s][info][gc             ] GC(444) Pause Young (Allocation Failure) 56M->56M(61M) 1.015ms
[2026-06-17T09:56:10.308+0800][18.937s][info][gc,cpu         ] GC(444) User=0.00s Sys=0.00s Real=0.00s
[2026-06-17T09:56:10.309+0800][18.939s][info][gc,start       ] GC(445) Pause Full (Allocation Failure)
[2026-06-17T09:56:10.312+0800][18.941s][info][gc,phases,start] GC(445) Phase 1: Mark live objects
[2026-06-17T09:56:10.313+0800][18.942s][info][gc,phases      ] GC(445) Phase 1: Mark live objects 0.591ms
[2026-06-17T09:56:10.314+0800][18.943s][info][gc,phases,start] GC(445) Phase 2: Compute new object addresses
[2026-06-17T09:56:10.316+0800][18.945s][info][gc,phases      ] GC(445) Phase 2: Compute new object addresses 1.994ms
[2026-06-17T09:56:10.318+0800][18.947s][info][gc,phases,start] GC(445) Phase 3: Adjust pointers
[2026-06-17T09:56:10.318+0800][18.947s][info][gc,phases      ] GC(445) Phase 3: Adjust pointers 0.532ms
[2026-06-17T09:56:10.319+0800][18.948s][info][gc,phases,start] GC(445) Phase 4: Move objects
[2026-06-17T09:56:10.322+0800][18.951s][info][gc,phases      ] GC(445) Phase 4: Move objects 3.578ms
[2026-06-17T09:56:10.324+0800][18.953s][info][gc,heap        ] GC(445) DefNew: 19637K(19648K)->0K(19648K) Eden: 17463K(17472K)->0K(17472K) From: 2173K(2176K)->0K(2176K)
[2026-06-17T09:56:10.325+0800][18.954s][info][gc,heap        ] GC(445) Tenured: 38390K(43712K)->28411K(43712K)
[2026-06-17T09:56:10.326+0800][18.956s][info][gc,metaspace   ] GC(445) Metaspace: 150K(384K)->150K(384K) NonClass: 145K(256K)->145K(256K) Class: 4K(128K)->4K(128K)
[2026-06-17T09:56:10.328+0800][18.957s][info][gc             ] GC(445) Pause Full (Allocation Failure) 56M->27M(61M) 18.827ms
[2026-06-17T09:56:10.331+0800][18.960s][info][gc,cpu         ] GC(445) User=0.00s Sys=0.01s Real=0.03s
[2026-06-17T09:56:10.377+0800][19.006s][info][gc,start       ] GC(446) Pause Young (Allocation Failure)
[2026-06-17T09:56:10.379+0800][19.008s][info][gc,heap        ] GC(446) DefNew: 17456K(19648K)->2171K(19648K) Eden: 17456K(17472K)->0K(17472K) From: 0K(2176K)->2171K(2176K)
[2026-06-17T09:56:10.379+0800][19.008s][info][gc,heap        ] GC(446) Tenured: 28411K(43712K)->33464K(43712K)
[2026-06-17T09:56:10.380+0800][19.009s][info][gc,metaspace   ] GC(446) Metaspace: 150K(384K)->150K(384K) NonClass: 145K(256K)->145K(256K) Class: 4K(128K)->4K(128K)
[2026-06-17T09:56:10.380+0800][19.009s][info][gc             ] GC(446) Pause Young (Allocation Failure) 44M->34M(61M) 3.437ms
[2026-06-17T09:56:10.380+0800][19.010s][info][gc,cpu         ] GC(446) User=0.00s Sys=0.00s Real=0.00s
[2026-06-17T09:56:10.424+0800][19.053s][info][gc,start       ] GC(447) Pause Young (Allocation Failure)
[2026-06-17T09:56:10.429+0800][19.058s][info][gc,heap        ] GC(447) DefNew: 19612K(19648K)->2175K(19648K) Eden: 17440K(17472K)->0K(17472K) From: 2171K(2176K)->2175K(2176K)
[2026-06-17T09:56:10.440+0800][19.069s][info][gc,heap        ] GC(447) Tenured: 33464K(43712K)->37938K(43712K)
[2026-06-17T09:56:10.445+0800][19.074s][info][gc,metaspace   ] GC(447) Metaspace: 150K(384K)->150K(384K) NonClass: 145K(256K)->145K(256K) Class: 4K(128K)->4K(128K)
[2026-06-17T09:56:10.452+0800][19.081s][info][gc             ] GC(447) Pause Young (Allocation Failure) 51M->39M(61M) 28.833ms
[2026-06-17T09:56:10.477+0800][19.106s][info][gc,cpu         ] GC(447) User=0.01s Sys=0.00s Real=0.05s
[2026-06-17T09:56:10.540+0800][19.169s][info][gc,start       ] GC(448) Pause Young (Allocation Failure)
[2026-06-17T09:56:10.540+0800][19.169s][info][gc             ] GC(448) Pause Young (Allocation Failure) 56M->56M(61M) 0.431ms
[2026-06-17T09:56:10.540+0800][19.169s][info][gc,cpu         ] GC(448) User=0.00s Sys=0.00s Real=0.00s
[2026-06-17T09:56:10.540+0800][19.170s][info][gc,start       ] GC(449) Pause Full (Allocation Failure)
[2026-06-17T09:56:10.541+0800][19.170s][info][gc,phases,start] GC(449) Phase 1: Mark live objects
[2026-06-17T09:56:10.541+0800][19.170s][info][gc,phases      ] GC(449) Phase 1: Mark live objects 0.560ms
[2026-06-17T09:56:10.542+0800][19.171s][info][gc,phases,start] GC(449) Phase 2: Compute new object addresses
[2026-06-17T09:56:10.543+0800][19.172s][info][gc,phases      ] GC(449) Phase 2: Compute new object addresses 1.086ms
[2026-06-17T09:56:10.545+0800][19.174s][info][gc,phases,start] GC(449) Phase 3: Adjust pointers
[2026-06-17T09:56:10.557+0800][19.186s][info][gc,phases      ] GC(449) Phase 3: Adjust pointers 11.996ms
[2026-06-17T09:56:10.560+0800][19.189s][info][gc,phases,start] GC(449) Phase 4: Move objects
[2026-06-17T09:56:10.563+0800][19.192s][info][gc,phases      ] GC(449) Phase 4: Move objects 2.452ms
[2026-06-17T09:56:10.566+0800][19.195s][info][gc,heap        ] GC(449) DefNew: 19596K(19648K)->0K(19648K) Eden: 17420K(17472K)->0K(17472K) From: 2175K(2176K)->0K(2176K)
[2026-06-17T09:56:10.570+0800][19.199s][info][gc,heap        ] GC(449) Tenured: 37938K(43712K)->29113K(43712K)
[2026-06-17T09:56:10.571+0800][19.200s][info][gc,metaspace   ] GC(449) Metaspace: 150K(384K)->150K(384K) NonClass: 145K(256K)->145K(256K) Class: 4K(128K)->4K(128K)
[2026-06-17T09:56:10.573+0800][19.202s][info][gc             ] GC(449) Pause Full (Allocation Failure) 56M->28M(61M) 32.347ms
[2026-06-17T09:56:10.580+0800][19.209s][info][gc,cpu         ] GC(449) User=0.00s Sys=0.00s Real=0.04s
[2026-06-17T09:56:10.624+0800][19.253s][info][gc,start       ] GC(450) Pause Young (Allocation Failure)
[2026-06-17T09:56:10.626+0800][19.255s][info][gc,heap        ] GC(450) DefNew: 17438K(19648K)->2169K(19648K) Eden: 17438K(17472K)->0K(17472K) From: 0K(2176K)->2169K(2176K)
[2026-06-17T09:56:10.628+0800][19.257s][info][gc,heap        ] GC(450) Tenured: 29113K(43712K)->34225K(43712K)
[2026-06-17T09:56:10.634+0800][19.263s][info][gc,metaspace   ] GC(450) Metaspace: 150K(384K)->150K(384K) NonClass: 145K(256K)->145K(256K) Class: 4K(128K)->4K(128K)
[2026-06-17T09:56:10.637+0800][19.266s][info][gc             ] GC(450) Pause Young (Allocation Failure) 45M->35M(61M) 12.734ms
[2026-06-17T09:56:10.640+0800][19.269s][info][gc,cpu         ] GC(450) User=0.00s Sys=0.00s Real=0.01s
[2026-06-17T09:56:10.695+0800][19.324s][info][gc,start       ] GC(451) Pause Young (Allocation Failure)
[2026-06-17T09:56:10.698+0800][19.327s][info][gc,heap        ] GC(451) DefNew: 19635K(19648K)->2073K(19648K) Eden: 17466K(17472K)->0K(17472K) From: 2169K(2176K)->2073K(2176K)
[2026-06-17T09:56:10.699+0800][19.328s][info][gc,heap        ] GC(451) Tenured: 34225K(43712K)->35686K(43712K)
[2026-06-17T09:56:10.701+0800][19.330s][info][gc,metaspace   ] GC(451) Metaspace: 150K(384K)->150K(384K) NonClass: 145K(256K)->145K(256K) Class: 4K(128K)->4K(128K)
[2026-06-17T09:56:10.701+0800][19.330s][info][gc             ] GC(451) Pause Young (Allocation Failure) 52M->36M(61M) 6.279ms
[2026-06-17T09:56:10.702+0800][19.331s][info][gc,cpu         ] GC(451) User=0.00s Sys=0.00s Real=0.00s
[2026-06-17T09:56:10.735+0800][19.364s][info][gc,start       ] GC(452) Pause Young (Allocation Failure)
[2026-06-17T09:56:10.736+0800][19.365s][info][gc,heap        ] GC(452) DefNew: 19294K(19648K)->2143K(19648K) Eden: 17220K(17472K)->0K(17472K) From: 2073K(2176K)->2143K(2176K)
[2026-06-17T09:56:10.737+0800][19.366s][info][gc,heap        ] GC(452) Tenured: 35686K(43712K)->39035K(43712K)
[2026-06-17T09:56:10.737+0800][19.366s][info][gc,metaspace   ] GC(452) Metaspace: 150K(384K)->150K(384K) NonClass: 145K(256K)->145K(256K) Class: 4K(128K)->4K(128K)
[2026-06-17T09:56:10.737+0800][19.366s][info][gc             ] GC(452) Pause Young (Allocation Failure) 53M->40M(61M) 2.552ms
[2026-06-17T09:56:10.738+0800][19.367s][info][gc,cpu         ] GC(452) User=0.00s Sys=0.00s Real=0.00s
[2026-06-17T09:56:10.791+0800][19.420s][info][gc,start       ] GC(453) Pause Young (Allocation Failure)
[2026-06-17T09:56:10.791+0800][19.420s][info][gc             ] GC(453) Pause Young (Allocation Failure) 57M->57M(61M) 0.492ms
[2026-06-17T09:56:10.792+0800][19.421s][info][gc,cpu         ] GC(453) User=0.00s Sys=0.00s Real=0.00s
[2026-06-17T09:56:10.792+0800][19.421s][info][gc,start       ] GC(454) Pause Full (Allocation Failure)
[2026-06-17T09:56:10.793+0800][19.422s][info][gc,phases,start] GC(454) Phase 1: Mark live objects
[2026-06-17T09:56:10.794+0800][19.423s][info][gc,phases      ] GC(454) Phase 1: Mark live objects 0.817ms
[2026-06-17T09:56:10.794+0800][19.423s][info][gc,phases,start] GC(454) Phase 2: Compute new object addresses
[2026-06-17T09:56:10.795+0800][19.424s][info][gc,phases      ] GC(454) Phase 2: Compute new object addresses 0.701ms
[2026-06-17T09:56:10.795+0800][19.424s][info][gc,phases,start] GC(454) Phase 3: Adjust pointers
[2026-06-17T09:56:10.796+0800][19.425s][info][gc,phases      ] GC(454) Phase 3: Adjust pointers 0.674ms
[2026-06-17T09:56:10.796+0800][19.425s][info][gc,phases,start] GC(454) Phase 4: Move objects
[2026-06-17T09:56:10.799+0800][19.428s][info][gc,phases      ] GC(454) Phase 4: Move objects 2.713ms
[2026-06-17T09:56:10.799+0800][19.428s][info][gc,heap        ] GC(454) DefNew: 19615K(19648K)->0K(19648K) Eden: 17472K(17472K)->0K(17472K) From: 2143K(2176K)->0K(2176K)
[2026-06-17T09:56:10.800+0800][19.429s][info][gc,heap        ] GC(454) Tenured: 39035K(43712K)->24570K(43712K)
[2026-06-17T09:56:10.800+0800][19.429s][info][gc,metaspace   ] GC(454) Metaspace: 150K(384K)->150K(384K) NonClass: 145K(256K)->145K(256K) Class: 4K(128K)->4K(128K)
[2026-06-17T09:56:10.801+0800][19.430s][info][gc             ] GC(454) Pause Full (Allocation Failure) 57M->23M(61M) 8.479ms
[2026-06-17T09:56:10.801+0800][19.430s][info][gc,cpu         ] GC(454) User=0.01s Sys=0.00s Real=0.00s
[2026-06-17T09:56:10.844+0800][19.473s][info][gc,start       ] GC(455) Pause Young (Allocation Failure)
[2026-06-17T09:56:10.846+0800][19.475s][info][gc,heap        ] GC(455) DefNew: 17472K(19648K)->2176K(19648K) Eden: 17472K(17472K)->0K(17472K) From: 0K(2176K)->2176K(2176K)
[2026-06-17T09:56:10.847+0800][19.476s][info][gc,heap        ] GC(455) Tenured: 24570K(43712K)->29401K(43712K)
[2026-06-17T09:56:10.847+0800][19.477s][info][gc,metaspace   ] GC(455) Metaspace: 150K(384K)->150K(384K) NonClass: 145K(256K)->145K(256K) Class: 4K(128K)->4K(128K)
[2026-06-17T09:56:10.848+0800][19.477s][info][gc             ] GC(455) Pause Young (Allocation Failure) 41M->30M(61M) 4.062ms
[2026-06-17T09:56:10.849+0800][19.478s][info][gc,cpu         ] GC(455) User=0.00s Sys=0.00s Real=0.00s
[2026-06-17T09:56:10.893+0800][19.522s][info][gc,start       ] GC(456) Pause Young (Allocation Failure)
[2026-06-17T09:56:10.895+0800][19.524s][info][gc,heap        ] GC(456) DefNew: 19648K(19648K)->2169K(19648K) Eden: 17472K(17472K)->0K(17472K) From: 2176K(2176K)->2169K(2176K)
[2026-06-17T09:56:10.896+0800][19.525s][info][gc,heap        ] GC(456) Tenured: 29401K(43712K)->36820K(43712K)
[2026-06-17T09:56:10.896+0800][19.525s][info][gc,metaspace   ] GC(456) Metaspace: 150K(384K)->150K(384K) NonClass: 145K(256K)->145K(256K) Class: 4K(128K)->4K(128K)
[2026-06-17T09:56:10.897+0800][19.526s][info][gc             ] GC(456) Pause Young (Allocation Failure) 47M->38M(61M) 4.091ms
[2026-06-17T09:56:10.897+0800][19.526s][info][gc,cpu         ] GC(456) User=0.01s Sys=0.00s Real=0.00s
[2026-06-17T09:56:10.941+0800][19.570s][info][gc,start       ] GC(457) Pause Young (Allocation Failure)
[2026-06-17T09:56:10.941+0800][19.571s][info][gc             ] GC(457) Pause Young (Allocation Failure) 55M->55M(61M) 0.759ms
[2026-06-17T09:56:10.942+0800][19.571s][info][gc,cpu         ] GC(457) User=0.00s Sys=0.00s Real=0.00s
[2026-06-17T09:56:10.942+0800][19.572s][info][gc,start       ] GC(458) Pause Full (Allocation Failure)
[2026-06-17T09:56:10.943+0800][19.572s][info][gc,phases,start] GC(458) Phase 1: Mark live objects
[2026-06-17T09:56:10.944+0800][19.573s][info][gc,phases      ] GC(458) Phase 1: Mark live objects 1.040ms
[2026-06-17T09:56:10.945+0800][19.574s][info][gc,phases,start] GC(458) Phase 2: Compute new object addresses
[2026-06-17T09:56:10.945+0800][19.575s][info][gc,phases      ] GC(458) Phase 2: Compute new object addresses 0.859ms
[2026-06-17T09:56:10.946+0800][19.575s][info][gc,phases,start] GC(458) Phase 3: Adjust pointers
[2026-06-17T09:56:10.947+0800][19.576s][info][gc,phases      ] GC(458) Phase 3: Adjust pointers 0.900ms
[2026-06-17T09:56:10.947+0800][19.576s][info][gc,phases,start] GC(458) Phase 4: Move objects
[2026-06-17T09:56:10.950+0800][19.579s][info][gc,phases      ] GC(458) Phase 4: Move objects 2.585ms
[2026-06-17T09:56:10.950+0800][19.580s][info][gc,heap        ] GC(458) DefNew: 19599K(19648K)->0K(19648K) Eden: 17430K(17472K)->0K(17472K) From: 2169K(2176K)->0K(2176K)
[2026-06-17T09:56:10.951+0800][19.580s][info][gc,heap        ] GC(458) Tenured: 36820K(43712K)->25921K(43712K)
[2026-06-17T09:56:10.951+0800][19.580s][info][gc,metaspace   ] GC(458) Metaspace: 150K(384K)->150K(384K) NonClass: 145K(256K)->145K(256K) Class: 4K(128K)->4K(128K)
[2026-06-17T09:56:10.951+0800][19.580s][info][gc             ] GC(458) Pause Full (Allocation Failure) 55M->25M(61M) 8.708ms
[2026-06-17T09:56:10.951+0800][19.580s][info][gc,cpu         ] GC(458) User=0.00s Sys=0.00s Real=0.02s
[2026-06-17T09:56:10.994+0800][19.623s][info][gc,start       ] GC(459) Pause Young (Allocation Failure)
[2026-06-17T09:56:10.995+0800][19.624s][info][gc,heap        ] GC(459) DefNew: 17100K(19648K)->2150K(19648K) Eden: 17100K(17472K)->0K(17472K) From: 0K(2176K)->2150K(2176K)
[2026-06-17T09:56:10.996+0800][19.626s][info][gc,heap        ] GC(459) Tenured: 25921K(43712K)->27003K(43712K)
[2026-06-17T09:56:10.997+0800][19.626s][info][gc,metaspace   ] GC(459) Metaspace: 150K(384K)->150K(384K) NonClass: 145K(256K)->145K(256K) Class: 4K(128K)->4K(128K)
[2026-06-17T09:56:10.998+0800][19.627s][info][gc             ] GC(459) Pause Young (Allocation Failure) 42M->28M(61M) 3.568ms
[2026-06-17T09:56:10.998+0800][19.627s][info][gc,cpu         ] GC(459) User=0.01s Sys=0.00s Real=0.00s
[2026-06-17T09:56:11.052+0800][19.681s][info][gc,start       ] GC(460) Pause Young (Allocation Failure)
[2026-06-17T09:56:11.054+0800][19.683s][info][gc,heap        ] GC(460) DefNew: 19622K(19648K)->2170K(19648K) Eden: 17472K(17472K)->0K(17472K) From: 2150K(2176K)->2170K(2176K)
[2026-06-17T09:56:11.054+0800][19.684s][info][gc,heap        ] GC(460) Tenured: 27003K(43712K)->30691K(43712K)
[2026-06-17T09:56:11.055+0800][19.684s][info][gc,metaspace   ] GC(460) Metaspace: 150K(384K)->150K(384K) NonClass: 145K(256K)->145K(256K) Class: 4K(128K)->4K(128K)
[2026-06-17T09:56:11.055+0800][19.685s][info][gc             ] GC(460) Pause Young (Allocation Failure) 45M->32M(61M) 3.594ms
[2026-06-17T09:56:11.056+0800][19.685s][info][gc,cpu         ] GC(460) User=0.00s Sys=0.00s Real=0.00s
[2026-06-17T09:56:11.100+0800][19.729s][info][gc,start       ] GC(461) Pause Young (Allocation Failure)
[2026-06-17T09:56:11.101+0800][19.730s][info][gc,heap        ] GC(461) DefNew: 19642K(19648K)->2168K(19648K) Eden: 17472K(17472K)->0K(17472K) From: 2170K(2176K)->2168K(2176K)
[2026-06-17T09:56:11.102+0800][19.731s][info][gc,heap        ] GC(461) Tenured: 30691K(43712K)->34523K(43712K)
[2026-06-17T09:56:11.102+0800][19.731s][info][gc,metaspace   ] GC(461) Metaspace: 150K(384K)->150K(384K) NonClass: 145K(256K)->145K(256K) Class: 4K(128K)->4K(128K)
[2026-06-17T09:56:11.103+0800][19.732s][info][gc             ] GC(461) Pause Young (Allocation Failure) 49M->35M(61M) 3.243ms
[2026-06-17T09:56:11.103+0800][19.732s][info][gc,cpu         ] GC(461) User=0.00s Sys=0.00s Real=0.01s
[2026-06-17T09:56:11.146+0800][19.776s][info][gc,start       ] GC(462) Pause Young (Allocation Failure)
[2026-06-17T09:56:11.148+0800][19.777s][info][gc,heap        ] GC(462) DefNew: 19635K(19648K)->2099K(19648K) Eden: 17467K(17472K)->0K(17472K) From: 2168K(2176K)->2099K(2176K)
[2026-06-17T09:56:11.148+0800][19.778s][info][gc,heap        ] GC(462) Tenured: 34523K(43712K)->38167K(43712K)
[2026-06-17T09:56:11.149+0800][19.778s][info][gc,metaspace   ] GC(462) Metaspace: 150K(384K)->150K(384K) NonClass: 145K(256K)->145K(256K) Class: 4K(128K)->4K(128K)
[2026-06-17T09:56:11.149+0800][19.779s][info][gc             ] GC(462) Pause Young (Allocation Failure) 52M->39M(61M) 3.009ms
[2026-06-17T09:56:11.150+0800][19.779s][info][gc,cpu         ] GC(462) User=0.00s Sys=0.00s Real=0.00s
[2026-06-17T09:56:11.193+0800][19.822s][info][gc,start       ] GC(463) Pause Young (Allocation Failure)
[2026-06-17T09:56:11.193+0800][19.823s][info][gc             ] GC(463) Pause Young (Allocation Failure) 56M->56M(61M) 0.610ms
[2026-06-17T09:56:11.194+0800][19.823s][info][gc,cpu         ] GC(463) User=0.00s Sys=0.00s Real=0.00s
[2026-06-17T09:56:11.194+0800][19.823s][info][gc,start       ] GC(464) Pause Full (Allocation Failure)
[2026-06-17T09:56:11.194+0800][19.824s][info][gc,phases,start] GC(464) Phase 1: Mark live objects
[2026-06-17T09:56:11.195+0800][19.824s][info][gc,phases      ] GC(464) Phase 1: Mark live objects 0.465ms
[2026-06-17T09:56:11.195+0800][19.825s][info][gc,phases,start] GC(464) Phase 2: Compute new object addresses
[2026-06-17T09:56:11.196+0800][19.825s][info][gc,phases      ] GC(464) Phase 2: Compute new object addresses 0.504ms
[2026-06-17T09:56:11.196+0800][19.825s][info][gc,phases,start] GC(464) Phase 3: Adjust pointers
[2026-06-17T09:56:11.197+0800][19.826s][info][gc,phases      ] GC(464) Phase 3: Adjust pointers 0.469ms
[2026-06-17T09:56:11.197+0800][19.826s][info][gc,phases,start] GC(464) Phase 4: Move objects
[2026-06-17T09:56:11.199+0800][19.828s][info][gc,phases      ] GC(464) Phase 4: Move objects 2.228ms
[2026-06-17T09:56:11.200+0800][19.829s][info][gc,heap        ] GC(464) DefNew: 19571K(19648K)->0K(19648K) Eden: 17472K(17472K)->0K(17472K) From: 2099K(2176K)->0K(2176K)
[2026-06-17T09:56:11.200+0800][19.829s][info][gc,heap        ] GC(464) Tenured: 38167K(43712K)->29965K(43712K)
[2026-06-17T09:56:11.200+0800][19.829s][info][gc,metaspace   ] GC(464) Metaspace: 150K(384K)->150K(384K) NonClass: 145K(256K)->145K(256K) Class: 4K(128K)->4K(128K)
[2026-06-17T09:56:11.200+0800][19.829s][info][gc             ] GC(464) Pause Full (Allocation Failure) 56M->29M(61M) 5.916ms
[2026-06-17T09:56:11.200+0800][19.829s][info][gc,cpu         ] GC(464) User=0.00s Sys=0.00s Real=0.00s
[2026-06-17T09:56:11.242+0800][19.871s][info][gc,start       ] GC(465) Pause Young (Allocation Failure)
[2026-06-17T09:56:11.244+0800][19.873s][info][gc,heap        ] GC(465) DefNew: 17472K(19648K)->2171K(19648K) Eden: 17472K(17472K)->0K(17472K) From: 0K(2176K)->2171K(2176K)
[2026-06-17T09:56:11.244+0800][19.873s][info][gc,heap        ] GC(465) Tenured: 29965K(43712K)->34652K(43712K)
[2026-06-17T09:56:11.245+0800][19.874s][info][gc,metaspace   ] GC(465) Metaspace: 150K(384K)->150K(384K) NonClass: 145K(256K)->145K(256K) Class: 4K(128K)->4K(128K)
[2026-06-17T09:56:11.245+0800][19.874s][info][gc             ] GC(465) Pause Young (Allocation Failure) 46M->35M(61M) 2.696ms
[2026-06-17T09:56:11.245+0800][19.875s][info][gc,cpu         ] GC(465) User=0.00s Sys=0.00s Real=0.01s
[2026-06-17T09:56:11.288+0800][19.917s][info][gc,start       ] GC(466) Pause Young (Allocation Failure)
[2026-06-17T09:56:11.291+0800][19.920s][info][gc,heap        ] GC(466) DefNew: 19643K(19648K)->2145K(19648K) Eden: 17472K(17472K)->0K(17472K) From: 2171K(2176K)->2145K(2176K)
[2026-06-17T09:56:11.291+0800][19.920s][info][gc,heap        ] GC(466) Tenured: 34652K(43712K)->40644K(43712K)
[2026-06-17T09:56:11.292+0800][19.921s][info][gc,metaspace   ] GC(466) Metaspace: 150K(384K)->150K(384K) NonClass: 145K(256K)->145K(256K) Class: 4K(128K)->4K(128K)
[2026-06-17T09:56:11.292+0800][19.921s][info][gc             ] GC(466) Pause Young (Allocation Failure) 53M->41M(61M) 4.036ms
[2026-06-17T09:56:11.293+0800][19.922s][info][gc,cpu         ] GC(466) User=0.00s Sys=0.00s Real=0.01s
[2026-06-17T09:56:11.336+0800][19.965s][info][gc,start       ] GC(467) Pause Young (Allocation Failure)
[2026-06-17T09:56:11.337+0800][19.966s][info][gc             ] GC(467) Pause Young (Allocation Failure) 58M->58M(61M) 1.317ms
[2026-06-17T09:56:11.338+0800][19.967s][info][gc,cpu         ] GC(467) User=0.00s Sys=0.00s Real=0.00s
[2026-06-17T09:56:11.338+0800][19.967s][info][gc,start       ] GC(468) Pause Full (Allocation Failure)
[2026-06-17T09:56:11.338+0800][19.967s][info][gc,phases,start] GC(468) Phase 1: Mark live objects
[2026-06-17T09:56:11.339+0800][19.968s][info][gc,phases      ] GC(468) Phase 1: Mark live objects 0.787ms
[2026-06-17T09:56:11.339+0800][19.969s][info][gc,phases,start] GC(468) Phase 2: Compute new object addresses
[2026-06-17T09:56:11.340+0800][19.969s][info][gc,phases      ] GC(468) Phase 2: Compute new object addresses 0.578ms
[2026-06-17T09:56:11.340+0800][19.969s][info][gc,phases,start] GC(468) Phase 3: Adjust pointers
[2026-06-17T09:56:11.341+0800][19.970s][info][gc,phases      ] GC(468) Phase 3: Adjust pointers 0.455ms
[2026-06-17T09:56:11.341+0800][19.970s][info][gc,phases,start] GC(468) Phase 4: Move objects
[2026-06-17T09:56:11.343+0800][19.972s][info][gc,phases      ] GC(468) Phase 4: Move objects 2.256ms
[2026-06-17T09:56:11.344+0800][19.973s][info][gc,heap        ] GC(468) DefNew: 19593K(19648K)->0K(19648K) Eden: 17447K(17472K)->0K(17472K) From: 2145K(2176K)->0K(2176K)
[2026-06-17T09:56:11.344+0800][19.973s][info][gc,heap        ] GC(468) Tenured: 40644K(43712K)->33050K(43712K)
[2026-06-17T09:56:11.344+0800][19.973s][info][gc,metaspace   ] GC(468) Metaspace: 150K(384K)->150K(384K) NonClass: 145K(256K)->145K(256K) Class: 4K(128K)->4K(128K)
[2026-06-17T09:56:11.344+0800][19.973s][info][gc             ] GC(468) Pause Full (Allocation Failure) 58M->32M(61M) 6.340ms
[2026-06-17T09:56:11.344+0800][19.974s][info][gc,cpu         ] GC(468) User=0.00s Sys=0.00s Real=0.01s
[2026-06-17T09:56:11.387+0800][20.016s][info][gc,start       ] GC(469) Pause Young (Allocation Failure)
[2026-06-17T09:56:11.388+0800][20.017s][info][gc,heap        ] GC(469) DefNew: 17430K(19648K)->2096K(19648K) Eden: 17430K(17472K)->0K(17472K) From: 0K(2176K)->2096K(2176K)
[2026-06-17T09:56:11.388+0800][20.018s][info][gc,heap        ] GC(469) Tenured: 33050K(43712K)->33925K(43712K)
[2026-06-17T09:56:11.389+0800][20.018s][info][gc,metaspace   ] GC(469) Metaspace: 150K(384K)->150K(384K) NonClass: 145K(256K)->145K(256K) Class: 4K(128K)->4K(128K)
[2026-06-17T09:56:11.389+0800][20.018s][info][gc             ] GC(469) Pause Young (Allocation Failure) 49M->35M(61M) 2.528ms
[2026-06-17T09:56:11.390+0800][20.019s][info][gc,cpu         ] GC(469) User=0.00s Sys=0.00s Real=0.00s
[2026-06-17T09:56:11.433+0800][20.062s][info][gc,start       ] GC(470) Pause Young (Allocation Failure)
[2026-06-17T09:56:11.436+0800][20.065s][info][gc,heap        ] GC(470) DefNew: 19548K(19648K)->2158K(19648K) Eden: 17452K(17472K)->0K(17472K) From: 2096K(2176K)->2158K(2176K)
[2026-06-17T09:56:11.437+0800][20.066s][info][gc,heap        ] GC(470) Tenured: 33925K(43712K)->40651K(43712K)
[2026-06-17T09:56:11.437+0800][20.066s][info][gc,metaspace   ] GC(470) Metaspace: 150K(384K)->150K(384K) NonClass: 145K(256K)->145K(256K) Class: 4K(128K)->4K(128K)
[2026-06-17T09:56:11.438+0800][20.067s][info][gc             ] GC(470) Pause Young (Allocation Failure) 52M->41M(61M) 4.346ms
[2026-06-17T09:56:11.438+0800][20.067s][info][gc,cpu         ] GC(470) User=0.01s Sys=0.00s Real=0.00s
[2026-06-17T09:56:11.492+0800][20.121s][info][gc,start       ] GC(471) Pause Young (Allocation Failure)
[2026-06-17T09:56:11.493+0800][20.122s][info][gc             ] GC(471) Pause Young (Allocation Failure) 58M->58M(61M) 0.699ms
[2026-06-17T09:56:11.494+0800][20.123s][info][gc,cpu         ] GC(471) User=0.00s Sys=0.00s Real=0.00s
[2026-06-17T09:56:11.494+0800][20.123s][info][gc,start       ] GC(472) Pause Full (Allocation Failure)
[2026-06-17T09:56:11.494+0800][20.124s][info][gc,phases,start] GC(472) Phase 1: Mark live objects
[2026-06-17T09:56:11.496+0800][20.125s][info][gc,phases      ] GC(472) Phase 1: Mark live objects 1.099ms
[2026-06-17T09:56:11.496+0800][20.125s][info][gc,phases,start] GC(472) Phase 2: Compute new object addresses
[2026-06-17T09:56:11.497+0800][20.126s][info][gc,phases      ] GC(472) Phase 2: Compute new object addresses 0.854ms
[2026-06-17T09:56:11.497+0800][20.126s][info][gc,phases,start] GC(472) Phase 3: Adjust pointers
[2026-06-17T09:56:11.498+0800][20.127s][info][gc,phases      ] GC(472) Phase 3: Adjust pointers 0.680ms
[2026-06-17T09:56:11.498+0800][20.127s][info][gc,phases,start] GC(472) Phase 4: Move objects
[2026-06-17T09:56:11.501+0800][20.130s][info][gc,phases      ] GC(472) Phase 4: Move objects 2.668ms
[2026-06-17T09:56:11.502+0800][20.131s][info][gc,heap        ] GC(472) DefNew: 19610K(19648K)->0K(19648K) Eden: 17451K(17472K)->0K(17472K) From: 2158K(2176K)->0K(2176K)
[2026-06-17T09:56:11.502+0800][20.131s][info][gc,heap        ] GC(472) Tenured: 40651K(43712K)->29346K(43712K)
[2026-06-17T09:56:11.503+0800][20.132s][info][gc,metaspace   ] GC(472) Metaspace: 151K(384K)->151K(384K) NonClass: 146K(256K)->146K(256K) Class: 4K(128K)->4K(128K)
[2026-06-17T09:56:11.503+0800][20.132s][info][gc             ] GC(472) Pause Full (Allocation Failure) 58M->28M(61M) 8.723ms
[2026-06-17T09:56:11.503+0800][20.132s][info][gc,cpu         ] GC(472) User=0.00s Sys=0.00s Real=0.01s
[2026-06-17T09:56:11.535+0800][20.164s][info][gc,start       ] GC(473) Pause Young (Allocation Failure)
[2026-06-17T09:56:11.537+0800][20.166s][info][gc,heap        ] GC(473) DefNew: 17419K(19648K)->2175K(19648K) Eden: 17419K(17472K)->0K(17472K) From: 0K(2176K)->2175K(2176K)
[2026-06-17T09:56:11.537+0800][20.167s][info][gc,heap        ] GC(473) Tenured: 29346K(43712K)->34215K(43712K)
[2026-06-17T09:56:11.538+0800][20.167s][info][gc,metaspace   ] GC(473) Metaspace: 151K(384K)->151K(384K) NonClass: 146K(256K)->146K(256K) Class: 4K(128K)->4K(128K)
[2026-06-17T09:56:11.538+0800][20.167s][info][gc             ] GC(473) Pause Young (Allocation Failure) 45M->35M(61M) 2.775ms
[2026-06-17T09:56:11.538+0800][20.167s][info][gc,cpu         ] GC(473) User=0.00s Sys=0.00s Real=0.00s
[2026-06-17T09:56:11.592+0800][20.221s][info][gc,start       ] GC(474) Pause Young (Allocation Failure)
[2026-06-17T09:56:11.594+0800][20.223s][info][gc,heap        ] GC(474) DefNew: 19645K(19648K)->2079K(19648K) Eden: 17469K(17472K)->0K(17472K) From: 2175K(2176K)->2079K(2176K)
[2026-06-17T09:56:11.595+0800][20.224s][info][gc,heap        ] GC(474) Tenured: 34215K(43712K)->37894K(43712K)
[2026-06-17T09:56:11.595+0800][20.224s][info][gc,metaspace   ] GC(474) Metaspace: 151K(384K)->151K(384K) NonClass: 146K(256K)->146K(256K) Class: 4K(128K)->4K(128K)
[2026-06-17T09:56:11.595+0800][20.225s][info][gc             ] GC(474) Pause Young (Allocation Failure) 52M->39M(61M) 3.198ms
[2026-06-17T09:56:11.596+0800][20.225s][info][gc,cpu         ] GC(474) User=0.00s Sys=0.00s Real=0.00s
[2026-06-17T09:56:11.639+0800][20.269s][info][gc,start       ] GC(475) Pause Young (Allocation Failure)
[2026-06-17T09:56:11.640+0800][20.269s][info][gc             ] GC(475) Pause Young (Allocation Failure) 56M->56M(61M) 0.778ms
[2026-06-17T09:56:11.641+0800][20.270s][info][gc,cpu         ] GC(475) User=0.00s Sys=0.00s Real=0.00s
[2026-06-17T09:56:11.644+0800][20.273s][info][gc,start       ] GC(476) Pause Full (Allocation Failure)
[2026-06-17T09:56:11.646+0800][20.275s][info][gc,phases,start] GC(476) Phase 1: Mark live objects
[2026-06-17T09:56:11.647+0800][20.276s][info][gc,phases      ] GC(476) Phase 1: Mark live objects 1.274ms
[2026-06-17T09:56:11.650+0800][20.279s][info][gc,phases,start] GC(476) Phase 2: Compute new object addresses
[2026-06-17T09:56:11.652+0800][20.281s][info][gc,phases      ] GC(476) Phase 2: Compute new object addresses 2.277ms
[2026-06-17T09:56:11.654+0800][20.283s][info][gc,phases,start] GC(476) Phase 3: Adjust pointers
[2026-06-17T09:56:11.656+0800][20.285s][info][gc,phases      ] GC(476) Phase 3: Adjust pointers 2.626ms
[2026-06-17T09:56:11.658+0800][20.287s][info][gc,phases,start] GC(476) Phase 4: Move objects
[2026-06-17T09:56:11.660+0800][20.289s][info][gc,phases      ] GC(476) Phase 4: Move objects 2.168ms
[2026-06-17T09:56:11.663+0800][20.292s][info][gc,heap        ] GC(476) DefNew: 19543K(19648K)->0K(19648K) Eden: 17463K(17472K)->0K(17472K) From: 2079K(2176K)->0K(2176K)
[2026-06-17T09:56:11.665+0800][20.294s][info][gc,heap        ] GC(476) Tenured: 37894K(43712K)->30055K(43712K)
[2026-06-17T09:56:11.665+0800][20.294s][info][gc,metaspace   ] GC(476) Metaspace: 151K(384K)->151K(384K) NonClass: 146K(256K)->146K(256K) Class: 4K(128K)->4K(128K)
[2026-06-17T09:56:11.666+0800][20.295s][info][gc             ] GC(476) Pause Full (Allocation Failure) 56M->29M(61M) 22.207ms
[2026-06-17T09:56:11.666+0800][20.295s][info][gc,cpu         ] GC(476) User=0.00s Sys=0.00s Real=0.02s
[2026-06-17T09:56:11.709+0800][20.338s][info][gc,start       ] GC(477) Pause Young (Allocation Failure)
[2026-06-17T09:56:11.711+0800][20.340s][info][gc,heap        ] GC(477) DefNew: 17454K(19648K)->2174K(19648K) Eden: 17454K(17472K)->0K(17472K) From: 0K(2176K)->2174K(2176K)
[2026-06-17T09:56:11.711+0800][20.340s][info][gc,heap        ] GC(477) Tenured: 30055K(43712K)->35026K(43712K)
[2026-06-17T09:56:11.712+0800][20.341s][info][gc,metaspace   ] GC(477) Metaspace: 151K(384K)->151K(384K) NonClass: 146K(256K)->146K(256K) Class: 4K(128K)->4K(128K)
[2026-06-17T09:56:11.712+0800][20.341s][info][gc             ] GC(477) Pause Young (Allocation Failure) 46M->36M(61M) 2.477ms
[2026-06-17T09:56:11.712+0800][20.341s][info][gc,cpu         ] GC(477) User=0.00s Sys=0.00s Real=0.01s
[2026-06-17T09:56:11.765+0800][20.394s][info][gc,start       ] GC(478) Pause Young (Allocation Failure)
[2026-06-17T09:56:11.767+0800][20.396s][info][gc,heap        ] GC(478) DefNew: 19646K(19648K)->2160K(19648K) Eden: 17472K(17472K)->0K(17472K) From: 2174K(2176K)->2160K(2176K)
[2026-06-17T09:56:11.769+0800][20.398s][info][gc,heap        ] GC(478) Tenured: 35026K(43712K)->37243K(43712K)
[2026-06-17T09:56:11.769+0800][20.398s][info][gc,metaspace   ] GC(478) Metaspace: 151K(384K)->151K(384K) NonClass: 146K(256K)->146K(256K) Class: 4K(128K)->4K(128K)
[2026-06-17T09:56:11.770+0800][20.399s][info][gc             ] GC(478) Pause Young (Allocation Failure) 53M->38M(61M) 4.360ms
[2026-06-17T09:56:11.770+0800][20.399s][info][gc,cpu         ] GC(478) User=0.00s Sys=0.00s Real=0.00s
[2026-06-17T09:56:11.814+0800][20.443s][info][gc,start       ] GC(479) Pause Young (Allocation Failure)
[2026-06-17T09:56:11.815+0800][20.444s][info][gc             ] GC(479) Pause Young (Allocation Failure) 55M->55M(61M) 0.878ms
[2026-06-17T09:56:11.816+0800][20.445s][info][gc,cpu         ] GC(479) User=0.00s Sys=0.00s Real=0.00s
[2026-06-17T09:56:11.816+0800][20.445s][info][gc,start       ] GC(480) Pause Full (Allocation Failure)
[2026-06-17T09:56:11.816+0800][20.445s][info][gc,phases,start] GC(480) Phase 1: Mark live objects
[2026-06-17T09:56:11.817+0800][20.446s][info][gc,phases      ] GC(480) Phase 1: Mark live objects 0.915ms
[2026-06-17T09:56:11.818+0800][20.447s][info][gc,phases,start] GC(480) Phase 2: Compute new object addresses
[2026-06-17T09:56:11.818+0800][20.447s][info][gc,phases      ] GC(480) Phase 2: Compute new object addresses 0.626ms
[2026-06-17T09:56:11.819+0800][20.448s][info][gc,phases,start] GC(480) Phase 3: Adjust pointers
[2026-06-17T09:56:11.819+0800][20.449s][info][gc,phases      ] GC(480) Phase 3: Adjust pointers 0.649ms
[2026-06-17T09:56:11.820+0800][20.449s][info][gc,phases,start] GC(480) Phase 4: Move objects
[2026-06-17T09:56:11.822+0800][20.452s][info][gc,phases      ] GC(480) Phase 4: Move objects 2.453ms
[2026-06-17T09:56:11.823+0800][20.452s][info][gc,heap        ] GC(480) DefNew: 19580K(19648K)->0K(19648K) Eden: 17419K(17472K)->0K(17472K) From: 2160K(2176K)->0K(2176K)
[2026-06-17T09:56:11.823+0800][20.452s][info][gc,heap        ] GC(480) Tenured: 37243K(43712K)->19355K(43712K)
[2026-06-17T09:56:11.824+0800][20.453s][info][gc,metaspace   ] GC(480) Metaspace: 151K(384K)->151K(384K) NonClass: 146K(256K)->146K(256K) Class: 4K(128K)->4K(128K)
[2026-06-17T09:56:11.824+0800][20.453s][info][gc             ] GC(480) Pause Full (Allocation Failure) 55M->18M(61M) 8.025ms
[2026-06-17T09:56:11.824+0800][20.454s][info][gc,cpu         ] GC(480) User=0.01s Sys=0.00s Real=0.01s
[2026-06-17T09:56:11.867+0800][20.496s][info][gc,start       ] GC(481) Pause Young (Allocation Failure)
[2026-06-17T09:56:11.870+0800][20.499s][info][gc,heap        ] GC(481) DefNew: 17472K(19648K)->2175K(19648K) Eden: 17472K(17472K)->0K(17472K) From: 0K(2176K)->2175K(2176K)
[2026-06-17T09:56:11.871+0800][20.500s][info][gc,heap        ] GC(481) Tenured: 19355K(43712K)->24617K(43712K)
[2026-06-17T09:56:11.871+0800][20.501s][info][gc,metaspace   ] GC(481) Metaspace: 151K(384K)->151K(384K) NonClass: 146K(256K)->146K(256K) Class: 4K(128K)->4K(128K)
[2026-06-17T09:56:11.872+0800][20.501s][info][gc             ] GC(481) Pause Young (Allocation Failure) 35M->26M(61M) 4.729ms
[2026-06-17T09:56:11.873+0800][20.502s][info][gc,cpu         ] GC(481) User=0.00s Sys=0.00s Real=0.01s
[2026-06-17T09:56:11.916+0800][20.545s][info][gc,start       ] GC(482) Pause Young (Allocation Failure)
[2026-06-17T09:56:11.919+0800][20.548s][info][gc,heap        ] GC(482) DefNew: 19647K(19648K)->2057K(19648K) Eden: 17472K(17472K)->0K(17472K) From: 2175K(2176K)->2057K(2176K)
[2026-06-17T09:56:11.920+0800][20.549s][info][gc,heap        ] GC(482) Tenured: 24617K(43712K)->27260K(43712K)
[2026-06-17T09:56:11.922+0800][20.551s][info][gc,metaspace   ] GC(482) Metaspace: 151K(384K)->151K(384K) NonClass: 146K(256K)->146K(256K) Class: 4K(128K)->4K(128K)
[2026-06-17T09:56:11.925+0800][20.554s][info][gc             ] GC(482) Pause Young (Allocation Failure) 43M->28M(61M) 8.854ms
[2026-06-17T09:56:11.925+0800][20.554s][info][gc,cpu         ] GC(482) User=0.00s Sys=0.00s Real=0.01s
[2026-06-17T09:56:11.970+0800][20.599s][info][gc,start       ] GC(483) Pause Young (Allocation Failure)
[2026-06-17T09:56:11.972+0800][20.601s][info][gc,heap        ] GC(483) DefNew: 19529K(19648K)->2167K(19648K) Eden: 17472K(17472K)->0K(17472K) From: 2057K(2176K)->2167K(2176K)
[2026-06-17T09:56:11.972+0800][20.601s][info][gc,heap        ] GC(483) Tenured: 27260K(43712K)->34227K(43712K)
[2026-06-17T09:56:11.973+0800][20.602s][info][gc,metaspace   ] GC(483) Metaspace: 151K(384K)->151K(384K) NonClass: 146K(256K)->146K(256K) Class: 4K(128K)->4K(128K)
[2026-06-17T09:56:11.973+0800][20.602s][info][gc             ] GC(483) Pause Young (Allocation Failure) 45M->35M(61M) 3.008ms
[2026-06-17T09:56:11.973+0800][20.602s][info][gc,cpu         ] GC(483) User=0.00s Sys=0.00s Real=0.01s
[2026-06-17T09:56:12.027+0800][20.656s][info][gc,start       ] GC(484) Pause Young (Allocation Failure)
[2026-06-17T09:56:12.028+0800][20.657s][info][gc,heap        ] GC(484) DefNew: 19603K(19648K)->2131K(19648K) Eden: 17435K(17472K)->0K(17472K) From: 2167K(2176K)->2131K(2176K)
[2026-06-17T09:56:12.029+0800][20.658s][info][gc,heap        ] GC(484) Tenured: 34227K(43712K)->35824K(43712K)
[2026-06-17T09:56:12.029+0800][20.658s][info][gc,metaspace   ] GC(484) Metaspace: 151K(384K)->151K(384K) NonClass: 146K(256K)->146K(256K) Class: 4K(128K)->4K(128K)
[2026-06-17T09:56:12.030+0800][20.659s][info][gc             ] GC(484) Pause Young (Allocation Failure) 52M->37M(61M) 3.128ms
[2026-06-17T09:56:12.030+0800][20.659s][info][gc,cpu         ] GC(484) User=0.01s Sys=0.00s Real=0.00s
[2026-06-17T09:56:12.074+0800][20.703s][info][gc,start       ] GC(485) Pause Young (Allocation Failure)
[2026-06-17T09:56:12.074+0800][20.703s][info][gc             ] GC(485) Pause Young (Allocation Failure) 54M->54M(61M) 0.689ms
[2026-06-17T09:56:12.075+0800][20.704s][info][gc,cpu         ] GC(485) User=0.00s Sys=0.00s Real=0.00s
[2026-06-17T09:56:12.076+0800][20.705s][info][gc,start       ] GC(486) Pause Full (Allocation Failure)
[2026-06-17T09:56:12.077+0800][20.706s][info][gc,phases,start] GC(486) Phase 1: Mark live objects
[2026-06-17T09:56:12.078+0800][20.707s][info][gc,phases      ] GC(486) Phase 1: Mark live objects 0.899ms
[2026-06-17T09:56:12.078+0800][20.707s][info][gc,phases,start] GC(486) Phase 2: Compute new object addresses
[2026-06-17T09:56:12.079+0800][20.708s][info][gc,phases      ] GC(486) Phase 2: Compute new object addresses 0.783ms
[2026-06-17T09:56:12.079+0800][20.708s][info][gc,phases,start] GC(486) Phase 3: Adjust pointers
[2026-06-17T09:56:12.080+0800][20.709s][info][gc,phases      ] GC(486) Phase 3: Adjust pointers 0.679ms
[2026-06-17T09:56:12.080+0800][20.709s][info][gc,phases,start] GC(486) Phase 4: Move objects
[2026-06-17T09:56:12.083+0800][20.712s][info][gc,phases      ] GC(486) Phase 4: Move objects 2.903ms
[2026-06-17T09:56:12.084+0800][20.713s][info][gc,heap        ] GC(486) DefNew: 19568K(19648K)->0K(19648K) Eden: 17437K(17472K)->0K(17472K) From: 2131K(2176K)->0K(2176K)
[2026-06-17T09:56:12.084+0800][20.713s][info][gc,heap        ] GC(486) Tenured: 35824K(43712K)->26251K(43712K)
[2026-06-17T09:56:12.084+0800][20.713s][info][gc,metaspace   ] GC(486) Metaspace: 151K(384K)->151K(384K) NonClass: 146K(256K)->146K(256K) Class: 4K(128K)->4K(128K)
[2026-06-17T09:56:12.085+0800][20.714s][info][gc             ] GC(486) Pause Full (Allocation Failure) 54M->25M(61M) 8.456ms
[2026-06-17T09:56:12.085+0800][20.714s][info][gc,cpu         ] GC(486) User=0.00s Sys=0.00s Real=0.01s
[2026-06-17T09:56:12.127+0800][20.756s][info][gc,start       ] GC(487) Pause Young (Allocation Failure)
[2026-06-17T09:56:12.129+0800][20.758s][info][gc,heap        ] GC(487) DefNew: 17451K(19648K)->2173K(19648K) Eden: 17451K(17472K)->0K(17472K) From: 0K(2176K)->2173K(2176K)
[2026-06-17T09:56:12.129+0800][20.758s][info][gc,heap        ] GC(487) Tenured: 26251K(43712K)->31252K(43712K)
[2026-06-17T09:56:12.130+0800][20.759s][info][gc,metaspace   ] GC(487) Metaspace: 151K(384K)->151K(384K) NonClass: 146K(256K)->146K(256K) Class: 4K(128K)->4K(128K)
[2026-06-17T09:56:12.130+0800][20.759s][info][gc             ] GC(487) Pause Young (Allocation Failure) 42M->32M(61M) 2.740ms
[2026-06-17T09:56:12.130+0800][20.759s][info][gc,cpu         ] GC(487) User=0.00s Sys=0.00s Real=0.00s
[2026-06-17T09:56:12.173+0800][20.802s][info][gc,start       ] GC(488) Pause Young (Allocation Failure)
[2026-06-17T09:56:12.175+0800][20.804s][info][gc,heap        ] GC(488) DefNew: 19628K(19648K)->2170K(19648K) Eden: 17454K(17472K)->0K(17472K) From: 2173K(2176K)->2170K(2176K)
[2026-06-17T09:56:12.176+0800][20.805s][info][gc,heap        ] GC(488) Tenured: 31252K(43712K)->37069K(43712K)
[2026-06-17T09:56:12.178+0800][20.808s][info][gc,metaspace   ] GC(488) Metaspace: 151K(384K)->151K(384K) NonClass: 146K(256K)->146K(256K) Class: 4K(128K)->4K(128K)
[2026-06-17T09:56:12.180+0800][20.809s][info][gc             ] GC(488) Pause Young (Allocation Failure) 49M->38M(61M) 7.105ms
[2026-06-17T09:56:12.181+0800][20.810s][info][gc,cpu         ] GC(488) User=0.00s Sys=0.00s Real=0.00s
[2026-06-17T09:56:12.226+0800][20.855s][info][gc,start       ] GC(489) Pause Young (Allocation Failure)
[2026-06-17T09:56:12.228+0800][20.857s][info][gc             ] GC(489) Pause Young (Allocation Failure) 55M->55M(61M) 1.976ms
[2026-06-17T09:56:12.229+0800][20.858s][info][gc,cpu         ] GC(489) User=0.00s Sys=0.00s Real=0.00s
[2026-06-17T09:56:12.229+0800][20.858s][info][gc,start       ] GC(490) Pause Full (Allocation Failure)
[2026-06-17T09:56:12.230+0800][20.859s][info][gc,phases,start] GC(490) Phase 1: Mark live objects
[2026-06-17T09:56:12.231+0800][20.860s][info][gc,phases      ] GC(490) Phase 1: Mark live objects 1.185ms
[2026-06-17T09:56:12.231+0800][20.861s][info][gc,phases,start] GC(490) Phase 2: Compute new object addresses
[2026-06-17T09:56:12.232+0800][20.861s][info][gc,phases      ] GC(490) Phase 2: Compute new object addresses 0.697ms
[2026-06-17T09:56:12.233+0800][20.862s][info][gc,phases,start] GC(490) Phase 3: Adjust pointers
[2026-06-17T09:56:12.234+0800][20.863s][info][gc,phases      ] GC(490) Phase 3: Adjust pointers 0.991ms
[2026-06-17T09:56:12.234+0800][20.863s][info][gc,phases,start] GC(490) Phase 4: Move objects
[2026-06-17T09:56:12.236+0800][20.865s][info][gc,phases      ] GC(490) Phase 4: Move objects 2.294ms
[2026-06-17T09:56:12.237+0800][20.866s][info][gc,heap        ] GC(490) DefNew: 19633K(19648K)->0K(19648K) Eden: 17462K(17472K)->0K(17472K) From: 2170K(2176K)->0K(2176K)
[2026-06-17T09:56:12.237+0800][20.866s][info][gc,heap        ] GC(490) Tenured: 37069K(43712K)->28915K(43712K)
[2026-06-17T09:56:12.238+0800][20.867s][info][gc,metaspace   ] GC(490) Metaspace: 151K(384K)->151K(384K) NonClass: 146K(256K)->146K(256K) Class: 4K(128K)->4K(128K)
[2026-06-17T09:56:12.238+0800][20.867s][info][gc             ] GC(490) Pause Full (Allocation Failure) 55M->28M(61M) 8.748ms
[2026-06-17T09:56:12.238+0800][20.868s][info][gc,cpu         ] GC(490) User=0.01s Sys=0.00s Real=0.01s
[2026-06-17T09:56:12.282+0800][20.911s][info][gc,start       ] GC(491) Pause Young (Allocation Failure)
[2026-06-17T09:56:12.283+0800][20.913s][info][gc,heap        ] GC(491) DefNew: 17426K(19648K)->2172K(19648K) Eden: 17426K(17472K)->0K(17472K) From: 0K(2176K)->2172K(2176K)
[2026-06-17T09:56:12.284+0800][20.913s][info][gc,heap        ] GC(491) Tenured: 28915K(43712K)->33343K(43712K)
[2026-06-17T09:56:12.284+0800][20.913s][info][gc,metaspace   ] GC(491) Metaspace: 151K(384K)->151K(384K) NonClass: 146K(256K)->146K(256K) Class: 4K(128K)->4K(128K)
[2026-06-17T09:56:12.285+0800][20.914s][info][gc             ] GC(491) Pause Young (Allocation Failure) 45M->34M(61M) 3.181ms
[2026-06-17T09:56:12.285+0800][20.914s][info][gc,cpu         ] GC(491) User=0.00s Sys=0.00s Real=0.01s
[2026-06-17T09:56:12.329+0800][20.958s][info][gc,start       ] GC(492) Pause Young (Allocation Failure)
[2026-06-17T09:56:12.330+0800][20.959s][info][gc,heap        ] GC(492) DefNew: 19483K(19648K)->2086K(19648K) Eden: 17311K(17472K)->0K(17472K) From: 2172K(2176K)->2086K(2176K)
[2026-06-17T09:56:12.333+0800][20.962s][info][gc,heap        ] GC(492) Tenured: 33343K(43712K)->35946K(43712K)
[2026-06-17T09:56:12.334+0800][20.963s][info][gc,metaspace   ] GC(492) Metaspace: 151K(384K)->151K(384K) NonClass: 146K(256K)->146K(256K) Class: 4K(128K)->4K(128K)
[2026-06-17T09:56:12.335+0800][20.964s][info][gc             ] GC(492) Pause Young (Allocation Failure) 51M->37M(61M) 6.439ms
[2026-06-17T09:56:12.336+0800][20.965s][info][gc,cpu         ] GC(492) User=0.00s Sys=0.00s Real=0.01s
[2026-06-17T09:56:12.393+0800][21.022s][info][gc,start       ] GC(493) Pause Young (Allocation Failure)
[2026-06-17T09:56:12.394+0800][21.023s][info][gc             ] GC(493) Pause Young (Allocation Failure) 54M->54M(61M) 0.624ms
[2026-06-17T09:56:12.394+0800][21.023s][info][gc,cpu         ] GC(493) User=0.00s Sys=0.00s Real=0.00s
[2026-06-17T09:56:12.395+0800][21.024s][info][gc,start       ] GC(494) Pause Full (Allocation Failure)
[2026-06-17T09:56:12.395+0800][21.024s][info][gc,phases,start] GC(494) Phase 1: Mark live objects
[2026-06-17T09:56:12.396+0800][21.025s][info][gc,phases      ] GC(494) Phase 1: Mark live objects 1.059ms
[2026-06-17T09:56:12.398+0800][21.027s][info][gc,phases,start] GC(494) Phase 2: Compute new object addresses
[2026-06-17T09:56:12.398+0800][21.027s][info][gc,phases      ] GC(494) Phase 2: Compute new object addresses 0.633ms
[2026-06-17T09:56:12.399+0800][21.028s][info][gc,phases,start] GC(494) Phase 3: Adjust pointers
[2026-06-17T09:56:12.399+0800][21.028s][info][gc,phases      ] GC(494) Phase 3: Adjust pointers 0.646ms
[2026-06-17T09:56:12.400+0800][21.029s][info][gc,phases,start] GC(494) Phase 4: Move objects
[2026-06-17T09:56:12.401+0800][21.030s][info][gc,phases      ] GC(494) Phase 4: Move objects 1.521ms
[2026-06-17T09:56:12.401+0800][21.031s][info][gc,heap        ] GC(494) DefNew: 19558K(19648K)->0K(19648K) Eden: 17472K(17472K)->0K(17472K) From: 2086K(2176K)->0K(2176K)
[2026-06-17T09:56:12.402+0800][21.031s][info][gc,heap        ] GC(494) Tenured: 35946K(43712K)->25354K(43712K)
[2026-06-17T09:56:12.402+0800][21.031s][info][gc,metaspace   ] GC(494) Metaspace: 152K(384K)->152K(384K) NonClass: 147K(256K)->147K(256K) Class: 4K(128K)->4K(128K)
[2026-06-17T09:56:12.402+0800][21.031s][info][gc             ] GC(494) Pause Full (Allocation Failure) 54M->24M(61M) 7.356ms
[2026-06-17T09:56:12.402+0800][21.031s][info][gc,cpu         ] GC(494) User=0.01s Sys=0.00s Real=0.00s
[2026-06-17T09:56:12.445+0800][21.074s][info][gc,start       ] GC(495) Pause Young (Allocation Failure)
[2026-06-17T09:56:12.447+0800][21.076s][info][gc,heap        ] GC(495) DefNew: 17472K(19648K)->2175K(19648K) Eden: 17472K(17472K)->0K(17472K) From: 0K(2176K)->2175K(2176K)
[2026-06-17T09:56:12.448+0800][21.077s][info][gc,heap        ] GC(495) Tenured: 25354K(43712K)->30215K(43712K)
[2026-06-17T09:56:12.448+0800][21.077s][info][gc,metaspace   ] GC(495) Metaspace: 152K(384K)->152K(384K) NonClass: 147K(256K)->147K(256K) Class: 4K(128K)->4K(128K)
[2026-06-17T09:56:12.448+0800][21.078s][info][gc             ] GC(495) Pause Young (Allocation Failure) 41M->31M(61M) 3.472ms
[2026-06-17T09:56:12.449+0800][21.078s][info][gc,cpu         ] GC(495) User=0.00s Sys=0.00s Real=0.00s
[2026-06-17T09:56:12.492+0800][21.121s][info][gc,start       ] GC(496) Pause Young (Allocation Failure)
[2026-06-17T09:56:12.494+0800][21.123s][info][gc,heap        ] GC(496) DefNew: 19623K(19648K)->2131K(19648K) Eden: 17448K(17472K)->0K(17472K) From: 2175K(2176K)->2131K(2176K)
[2026-06-17T09:56:12.494+0800][21.123s][info][gc,heap        ] GC(496) Tenured: 30215K(43712K)->35798K(43712K)
[2026-06-17T09:56:12.494+0800][21.124s][info][gc,metaspace   ] GC(496) Metaspace: 152K(384K)->152K(384K) NonClass: 147K(256K)->147K(256K) Class: 4K(128K)->4K(128K)
[2026-06-17T09:56:12.495+0800][21.124s][info][gc             ] GC(496) Pause Young (Allocation Failure) 48M->37M(61M) 3.227ms
[2026-06-17T09:56:12.495+0800][21.125s][info][gc,cpu         ] GC(496) User=0.00s Sys=0.00s Real=0.00s
[2026-06-17T09:56:12.538+0800][21.167s][info][gc,start       ] GC(497) Pause Young (Allocation Failure)
[2026-06-17T09:56:12.539+0800][21.168s][info][gc             ] GC(497) Pause Young (Allocation Failure) 54M->54M(61M) 0.619ms
[2026-06-17T09:56:12.539+0800][21.168s][info][gc,cpu         ] GC(497) User=0.00s Sys=0.00s Real=0.00s
[2026-06-17T09:56:12.540+0800][21.169s][info][gc,start       ] GC(498) Pause Full (Allocation Failure)
[2026-06-17T09:56:12.540+0800][21.169s][info][gc,phases,start] GC(498) Phase 1: Mark live objects
[2026-06-17T09:56:12.541+0800][21.170s][info][gc,phases      ] GC(498) Phase 1: Mark live objects 0.994ms
[2026-06-17T09:56:12.542+0800][21.171s][info][gc,phases,start] GC(498) Phase 2: Compute new object addresses
[2026-06-17T09:56:12.543+0800][21.172s][info][gc,phases      ] GC(498) Phase 2: Compute new object addresses 0.744ms
[2026-06-17T09:56:12.543+0800][21.172s][info][gc,phases,start] GC(498) Phase 3: Adjust pointers
[2026-06-17T09:56:12.544+0800][21.173s][info][gc,phases      ] GC(498) Phase 3: Adjust pointers 0.716ms
[2026-06-17T09:56:12.544+0800][21.173s][info][gc,phases,start] GC(498) Phase 4: Move objects
[2026-06-17T09:56:12.548+0800][21.177s][info][gc,phases      ] GC(498) Phase 4: Move objects 3.212ms
[2026-06-17T09:56:12.548+0800][21.177s][info][gc,heap        ] GC(498) DefNew: 19578K(19648K)->0K(19648K) Eden: 17447K(17472K)->0K(17472K) From: 2131K(2176K)->0K(2176K)
[2026-06-17T09:56:12.548+0800][21.178s][info][gc,heap        ] GC(498) Tenured: 35798K(43712K)->34520K(43712K)
[2026-06-17T09:56:12.549+0800][21.178s][info][gc,metaspace   ] GC(498) Metaspace: 152K(384K)->152K(384K) NonClass: 147K(256K)->147K(256K) Class: 4K(128K)->4K(128K)
[2026-06-17T09:56:12.549+0800][21.178s][info][gc             ] GC(498) Pause Full (Allocation Failure) 54M->33M(61M) 9.348ms
[2026-06-17T09:56:12.549+0800][21.179s][info][gc,cpu         ] GC(498) User=0.00s Sys=0.00s Real=0.01s
[2026-06-17T09:56:12.592+0800][21.222s][info][gc,start       ] GC(499) Pause Young (Allocation Failure)
[2026-06-17T09:56:12.593+0800][21.223s][info][gc,heap        ] GC(499) DefNew: 17307K(19648K)->2149K(19648K) Eden: 17307K(17472K)->0K(17472K) From: 0K(2176K)->2149K(2176K)
[2026-06-17T09:56:12.594+0800][21.223s][info][gc,heap        ] GC(499) Tenured: 34520K(43712K)->36109K(43712K)
[2026-06-17T09:56:12.595+0800][21.224s][info][gc,metaspace   ] GC(499) Metaspace: 152K(384K)->152K(384K) NonClass: 147K(256K)->147K(256K) Class: 4K(128K)->4K(128K)
[2026-06-17T09:56:12.595+0800][21.224s][info][gc             ] GC(499) Pause Young (Allocation Failure) 50M->37M(61M) 2.575ms
[2026-06-17T09:56:12.596+0800][21.225s][info][gc,cpu         ] GC(499) User=0.00s Sys=0.00s Real=0.00s
[2026-06-17T09:56:12.650+0800][21.279s][info][gc,start       ] GC(500) Pause Young (Allocation Failure)
[2026-06-17T09:56:12.651+0800][21.280s][info][gc             ] GC(500) Pause Young (Allocation Failure) 54M->54M(61M) 1.541ms
[2026-06-17T09:56:12.652+0800][21.281s][info][gc,cpu         ] GC(500) User=0.00s Sys=0.00s Real=0.01s
[2026-06-17T09:56:12.654+0800][21.283s][info][gc,start       ] GC(501) Pause Full (Allocation Failure)
[2026-06-17T09:56:12.656+0800][21.285s][info][gc,phases,start] GC(501) Phase 1: Mark live objects
[2026-06-17T09:56:12.658+0800][21.287s][info][gc,phases      ] GC(501) Phase 1: Mark live objects 1.388ms
[2026-06-17T09:56:12.658+0800][21.287s][info][gc,phases,start] GC(501) Phase 2: Compute new object addresses
[2026-06-17T09:56:12.659+0800][21.288s][info][gc,phases      ] GC(501) Phase 2: Compute new object addresses 1.010ms
[2026-06-17T09:56:12.660+0800][21.289s][info][gc,phases,start] GC(501) Phase 3: Adjust pointers
[2026-06-17T09:56:12.661+0800][21.290s][info][gc,phases      ] GC(501) Phase 3: Adjust pointers 0.971ms
[2026-06-17T09:56:12.661+0800][21.290s][info][gc,phases,start] GC(501) Phase 4: Move objects
[2026-06-17T09:56:12.664+0800][21.293s][info][gc,phases      ] GC(501) Phase 4: Move objects 2.970ms
[2026-06-17T09:56:12.665+0800][21.294s][info][gc,heap        ] GC(501) DefNew: 19575K(19648K)->0K(19648K) Eden: 17426K(17472K)->0K(17472K) From: 2149K(2176K)->0K(2176K)
[2026-06-17T09:56:12.665+0800][21.294s][info][gc,heap        ] GC(501) Tenured: 36109K(43712K)->28331K(43712K)
[2026-06-17T09:56:12.666+0800][21.295s][info][gc,metaspace   ] GC(501) Metaspace: 152K(384K)->152K(384K) NonClass: 147K(256K)->147K(256K) Class: 4K(128K)->4K(128K)
[2026-06-17T09:56:12.666+0800][21.295s][info][gc             ] GC(501) Pause Full (Allocation Failure) 54M->27M(61M) 11.746ms
[2026-06-17T09:56:12.666+0800][21.295s][info][gc,cpu         ] GC(501) User=0.00s Sys=0.00s Real=0.01s
[2026-06-17T09:56:12.709+0800][21.338s][info][gc,start       ] GC(502) Pause Young (Allocation Failure)
[2026-06-17T09:56:12.711+0800][21.340s][info][gc,heap        ] GC(502) DefNew: 17472K(19648K)->2171K(19648K) Eden: 17472K(17472K)->0K(17472K) From: 0K(2176K)->2171K(2176K)
[2026-06-17T09:56:12.712+0800][21.341s][info][gc,heap        ] GC(502) Tenured: 28331K(43712K)->33077K(43712K)
[2026-06-17T09:56:12.712+0800][21.341s][info][gc,metaspace   ] GC(502) Metaspace: 152K(384K)->152K(384K) NonClass: 147K(256K)->147K(256K) Class: 4K(128K)->4K(128K)
[2026-06-17T09:56:12.713+0800][21.342s][info][gc             ] GC(502) Pause Young (Allocation Failure) 44M->34M(61M) 3.614ms
[2026-06-17T09:56:12.713+0800][21.342s][info][gc,cpu         ] GC(502) User=0.01s Sys=0.00s Real=0.01s
[2026-06-17T09:56:12.757+0800][21.386s][info][gc,start       ] GC(503) Pause Young (Allocation Failure)
[2026-06-17T09:56:12.759+0800][21.388s][info][gc,heap        ] GC(503) DefNew: 19633K(19648K)->2120K(19648K) Eden: 17461K(17472K)->0K(17472K) From: 2171K(2176K)->2120K(2176K)
[2026-06-17T09:56:12.767+0800][21.396s][info][gc,heap        ] GC(503) Tenured: 33077K(43712K)->38568K(43712K)
[2026-06-17T09:56:12.816+0800][21.445s][info][gc,metaspace   ] GC(503) Metaspace: 152K(384K)->152K(384K) NonClass: 147K(256K)->147K(256K) Class: 4K(128K)->4K(128K)
[2026-06-17T09:56:12.817+0800][21.446s][info][gc             ] GC(503) Pause Young (Allocation Failure) 51M->39M(61M) 59.857ms
[2026-06-17T09:56:12.817+0800][21.446s][info][gc,cpu         ] GC(503) User=0.00s Sys=0.00s Real=0.06s
[2026-06-17T09:56:12.861+0800][21.490s][info][gc,start       ] GC(504) Pause Young (Allocation Failure)
[2026-06-17T09:56:12.867+0800][21.496s][info][gc             ] GC(504) Pause Young (Allocation Failure) 56M->56M(61M) 5.833ms
[2026-06-17T09:56:12.868+0800][21.497s][info][gc,cpu         ] GC(504) User=0.00s Sys=0.00s Real=0.01s
[2026-06-17T09:56:12.868+0800][21.498s][info][gc,start       ] GC(505) Pause Full (Allocation Failure)
[2026-06-17T09:56:12.869+0800][21.498s][info][gc,phases,start] GC(505) Phase 1: Mark live objects
[2026-06-17T09:56:12.870+0800][21.499s][info][gc,phases      ] GC(505) Phase 1: Mark live objects 1.055ms
[2026-06-17T09:56:12.870+0800][21.500s][info][gc,phases,start] GC(505) Phase 2: Compute new object addresses
[2026-06-17T09:56:12.871+0800][21.500s][info][gc,phases      ] GC(505) Phase 2: Compute new object addresses 0.575ms
[2026-06-17T09:56:12.871+0800][21.501s][info][gc,phases,start] GC(505) Phase 3: Adjust pointers
[2026-06-17T09:56:12.872+0800][21.501s][info][gc,phases      ] GC(505) Phase 3: Adjust pointers 0.811ms
[2026-06-17T09:56:12.873+0800][21.502s][info][gc,phases,start] GC(505) Phase 4: Move objects
[2026-06-17T09:56:12.875+0800][21.504s][info][gc,phases      ] GC(505) Phase 4: Move objects 2.135ms
[2026-06-17T09:56:12.875+0800][21.505s][info][gc,heap        ] GC(505) DefNew: 19585K(19648K)->0K(19648K) Eden: 17464K(17472K)->0K(17472K) From: 2120K(2176K)->0K(2176K)
[2026-06-17T09:56:12.876+0800][21.505s][info][gc,heap        ] GC(505) Tenured: 38568K(43712K)->30422K(43712K)
[2026-06-17T09:56:12.880+0800][21.509s][info][gc,metaspace   ] GC(505) Metaspace: 152K(384K)->152K(384K) NonClass: 147K(256K)->147K(256K) Class: 4K(128K)->4K(128K)
[2026-06-17T09:56:12.881+0800][21.510s][info][gc             ] GC(505) Pause Full (Allocation Failure) 56M->29M(61M) 12.741ms
[2026-06-17T09:56:12.882+0800][21.511s][info][gc,cpu         ] GC(505) User=0.00s Sys=0.00s Real=0.01s
[2026-06-17T09:56:12.926+0800][21.555s][info][gc,start       ] GC(506) Pause Young (Allocation Failure)
[2026-06-17T09:56:12.936+0800][21.565s][info][gc,heap        ] GC(506) DefNew: 17435K(19648K)->2169K(19648K) Eden: 17435K(17472K)->0K(17472K) From: 0K(2176K)->2169K(2176K)
[2026-06-17T09:56:12.939+0800][21.568s][info][gc,heap        ] GC(506) Tenured: 30422K(43712K)->32037K(43712K)
[2026-06-17T09:56:12.940+0800][21.569s][info][gc,metaspace   ] GC(506) Metaspace: 152K(384K)->152K(384K) NonClass: 147K(256K)->147K(256K) Class: 4K(128K)->4K(128K)
[2026-06-17T09:56:12.940+0800][21.569s][info][gc             ] GC(506) Pause Young (Allocation Failure) 46M->33M(61M) 14.271ms
[2026-06-17T09:56:12.941+0800][21.570s][info][gc,cpu         ] GC(506) User=0.00s Sys=0.00s Real=0.01s
[2026-06-17T09:56:12.985+0800][21.614s][info][gc,start       ] GC(507) Pause Young (Allocation Failure)
[2026-06-17T09:56:12.987+0800][21.616s][info][gc,heap        ] GC(507) DefNew: 19580K(19648K)->2171K(19648K) Eden: 17410K(17472K)->0K(17472K) From: 2169K(2176K)->2171K(2176K)
[2026-06-17T09:56:12.988+0800][21.617s][info][gc,heap        ] GC(507) Tenured: 32037K(43712K)->38298K(43712K)
[2026-06-17T09:56:12.988+0800][21.618s][info][gc,metaspace   ] GC(507) Metaspace: 152K(384K)->152K(384K) NonClass: 147K(256K)->147K(256K) Class: 4K(128K)->4K(128K)
[2026-06-17T09:56:12.989+0800][21.618s][info][gc             ] GC(507) Pause Young (Allocation Failure) 50M->39M(61M) 4.539ms
[2026-06-17T09:56:12.990+0800][21.619s][info][gc,cpu         ] GC(507) User=0.00s Sys=0.00s Real=0.00s
[2026-06-17T09:56:13.046+0800][21.675s][info][gc,start       ] GC(508) Pause Young (Allocation Failure)
[2026-06-17T09:56:13.047+0800][21.676s][info][gc             ] GC(508) Pause Young (Allocation Failure) 56M->56M(61M) 0.491ms
[2026-06-17T09:56:13.047+0800][21.676s][info][gc,cpu         ] GC(508) User=0.00s Sys=0.00s Real=0.00s
[2026-06-17T09:56:13.047+0800][21.676s][info][gc,start       ] GC(509) Pause Full (Allocation Failure)
[2026-06-17T09:56:13.048+0800][21.677s][info][gc,phases,start] GC(509) Phase 1: Mark live objects
[2026-06-17T09:56:13.048+0800][21.677s][info][gc,phases      ] GC(509) Phase 1: Mark live objects 0.724ms
[2026-06-17T09:56:13.049+0800][21.678s][info][gc,phases,start] GC(509) Phase 2: Compute new object addresses
[2026-06-17T09:56:13.049+0800][21.678s][info][gc,phases      ] GC(509) Phase 2: Compute new object addresses 0.382ms
[2026-06-17T09:56:13.049+0800][21.678s][info][gc,phases,start] GC(509) Phase 3: Adjust pointers
[2026-06-17T09:56:13.050+0800][21.679s][info][gc,phases      ] GC(509) Phase 3: Adjust pointers 0.381ms
[2026-06-17T09:56:13.050+0800][21.679s][info][gc,phases,start] GC(509) Phase 4: Move objects
[2026-06-17T09:56:13.052+0800][21.681s][info][gc,phases      ] GC(509) Phase 4: Move objects 2.091ms
[2026-06-17T09:56:13.052+0800][21.681s][info][gc,heap        ] GC(509) DefNew: 19643K(19648K)->0K(19648K) Eden: 17472K(17472K)->0K(17472K) From: 2171K(2176K)->0K(2176K)
[2026-06-17T09:56:13.052+0800][21.681s][info][gc,heap        ] GC(509) Tenured: 38298K(43712K)->19534K(43712K)
[2026-06-17T09:56:13.052+0800][21.682s][info][gc,metaspace   ] GC(509) Metaspace: 152K(384K)->152K(384K) NonClass: 147K(256K)->147K(256K) Class: 4K(128K)->4K(128K)
[2026-06-17T09:56:13.053+0800][21.682s][info][gc             ] GC(509) Pause Full (Allocation Failure) 56M->19M(61M) 5.302ms
[2026-06-17T09:56:13.053+0800][21.682s][info][gc,cpu         ] GC(509) User=0.00s Sys=0.00s Real=0.01s
[2026-06-17T09:56:13.085+0800][21.714s][info][gc,start       ] GC(510) Pause Young (Allocation Failure)
[2026-06-17T09:56:13.086+0800][21.715s][info][gc,heap        ] GC(510) DefNew: 17153K(19648K)->2175K(19648K) Eden: 17153K(17472K)->0K(17472K) From: 0K(2176K)->2175K(2176K)
[2026-06-17T09:56:13.087+0800][21.716s][info][gc,heap        ] GC(510) Tenured: 19534K(43712K)->23796K(43712K)
[2026-06-17T09:56:13.087+0800][21.716s][info][gc,metaspace   ] GC(510) Metaspace: 152K(384K)->152K(384K) NonClass: 147K(256K)->147K(256K) Class: 4K(128K)->4K(128K)
[2026-06-17T09:56:13.087+0800][21.716s][info][gc             ] GC(510) Pause Young (Allocation Failure) 35M->25M(61M) 2.358ms
[2026-06-17T09:56:13.087+0800][21.716s][info][gc,cpu         ] GC(510) User=0.00s Sys=0.00s Real=0.00s
[2026-06-17T09:56:13.130+0800][21.759s][info][gc,start       ] GC(511) Pause Young (Allocation Failure)
[2026-06-17T09:56:13.133+0800][21.762s][info][gc,heap        ] GC(511) DefNew: 19646K(19648K)->2170K(19648K) Eden: 17471K(17472K)->0K(17472K) From: 2175K(2176K)->2170K(2176K)
[2026-06-17T09:56:13.133+0800][21.762s][info][gc,heap        ] GC(511) Tenured: 23796K(43712K)->30535K(43712K)
[2026-06-17T09:56:13.134+0800][21.763s][info][gc,metaspace   ] GC(511) Metaspace: 152K(384K)->152K(384K) NonClass: 147K(256K)->147K(256K) Class: 4K(128K)->4K(128K)
[2026-06-17T09:56:13.134+0800][21.763s][info][gc             ] GC(511) Pause Young (Allocation Failure) 42M->31M(61M) 3.960ms
[2026-06-17T09:56:13.135+0800][21.764s][info][gc,cpu         ] GC(511) User=0.00s Sys=0.00s Real=0.01s
[2026-06-17T09:56:13.188+0800][21.817s][info][gc,start       ] GC(512) Pause Young (Allocation Failure)
[2026-06-17T09:56:13.189+0800][21.818s][info][gc,heap        ] GC(512) DefNew: 19642K(19648K)->2102K(19648K) Eden: 17472K(17472K)->0K(17472K) From: 2170K(2176K)->2102K(2176K)
[2026-06-17T09:56:13.190+0800][21.819s][info][gc,heap        ] GC(512) Tenured: 30535K(43712K)->31704K(43712K)
[2026-06-17T09:56:13.190+0800][21.819s][info][gc,metaspace   ] GC(512) Metaspace: 152K(384K)->152K(384K) NonClass: 147K(256K)->147K(256K) Class: 4K(128K)->4K(128K)
[2026-06-17T09:56:13.190+0800][21.820s][info][gc             ] GC(512) Pause Young (Allocation Failure) 49M->33M(61M) 2.553ms
[2026-06-17T09:56:13.191+0800][21.820s][info][gc,cpu         ] GC(512) User=0.00s Sys=0.00s Real=0.01s
[2026-06-17T09:56:13.233+0800][21.863s][info][gc,start       ] GC(513) Pause Young (Allocation Failure)
[2026-06-17T09:56:13.235+0800][21.864s][info][gc,heap        ] GC(513) DefNew: 19567K(19648K)->2174K(19648K) Eden: 17464K(17472K)->0K(17472K) From: 2102K(2176K)->2174K(2176K)
[2026-06-17T09:56:13.235+0800][21.864s][info][gc,heap        ] GC(513) Tenured: 31704K(43712K)->35442K(43712K)
[2026-06-17T09:56:13.235+0800][21.865s][info][gc,metaspace   ] GC(513) Metaspace: 152K(384K)->152K(384K) NonClass: 147K(256K)->147K(256K) Class: 4K(128K)->4K(128K)
[2026-06-17T09:56:13.236+0800][21.865s][info][gc             ] GC(513) Pause Young (Allocation Failure) 50M->36M(61M) 2.422ms
[2026-06-17T09:56:13.236+0800][21.865s][info][gc,cpu         ] GC(513) User=0.00s Sys=0.00s Real=0.00s
[2026-06-17T09:56:13.280+0800][21.909s][info][gc,start       ] GC(514) Pause Young (Allocation Failure)
[2026-06-17T09:56:13.280+0800][21.910s][info][gc             ] GC(514) Pause Young (Allocation Failure) 53M->53M(61M) 0.747ms
[2026-06-17T09:56:13.281+0800][21.910s][info][gc,cpu         ] GC(514) User=0.00s Sys=0.00s Real=0.00s
[2026-06-17T09:56:13.282+0800][21.911s][info][gc,start       ] GC(515) Pause Full (Allocation Failure)
[2026-06-17T09:56:13.282+0800][21.911s][info][gc,phases,start] GC(515) Phase 1: Mark live objects
[2026-06-17T09:56:13.283+0800][21.912s][info][gc,phases      ] GC(515) Phase 1: Mark live objects 0.906ms
[2026-06-17T09:56:13.284+0800][21.913s][info][gc,phases,start] GC(515) Phase 2: Compute new object addresses
[2026-06-17T09:56:13.284+0800][21.914s][info][gc,phases      ] GC(515) Phase 2: Compute new object addresses 0.844ms
[2026-06-17T09:56:13.285+0800][21.914s][info][gc,phases,start] GC(515) Phase 3: Adjust pointers
[2026-06-17T09:56:13.286+0800][21.915s][info][gc,phases      ] GC(515) Phase 3: Adjust pointers 0.901ms
[2026-06-17T09:56:13.286+0800][21.915s][info][gc,phases,start] GC(515) Phase 4: Move objects
[2026-06-17T09:56:13.289+0800][21.918s][info][gc,phases      ] GC(515) Phase 4: Move objects 2.561ms
[2026-06-17T09:56:13.289+0800][21.919s][info][gc,heap        ] GC(515) DefNew: 19638K(19648K)->0K(19648K) Eden: 17464K(17472K)->0K(17472K) From: 2174K(2176K)->0K(2176K)
[2026-06-17T09:56:13.290+0800][21.919s][info][gc,heap        ] GC(515) Tenured: 35442K(43712K)->26870K(43712K)
[2026-06-17T09:56:13.290+0800][21.919s][info][gc,metaspace   ] GC(515) Metaspace: 152K(384K)->152K(384K) NonClass: 147K(256K)->147K(256K) Class: 4K(128K)->4K(128K)
[2026-06-17T09:56:13.291+0800][21.920s][info][gc             ] GC(515) Pause Full (Allocation Failure) 53M->26M(61M) 8.837ms
[2026-06-17T09:56:13.291+0800][21.920s][info][gc,cpu         ] GC(515) User=0.00s Sys=0.00s Real=0.02s
[2026-06-17T09:56:13.333+0800][21.962s][info][gc,start       ] GC(516) Pause Young (Allocation Failure)
[2026-06-17T09:56:13.335+0800][21.964s][info][gc,heap        ] GC(516) DefNew: 17459K(19648K)->2171K(19648K) Eden: 17459K(17472K)->0K(17472K) From: 0K(2176K)->2171K(2176K)
[2026-06-17T09:56:13.335+0800][21.965s][info][gc,heap        ] GC(516) Tenured: 26870K(43712K)->31784K(43712K)
[2026-06-17T09:56:13.336+0800][21.965s][info][gc,metaspace   ] GC(516) Metaspace: 152K(384K)->152K(384K) NonClass: 147K(256K)->147K(256K) Class: 4K(128K)->4K(128K)
[2026-06-17T09:56:13.336+0800][21.965s][info][gc             ] GC(516) Pause Young (Allocation Failure) 43M->33M(61M) 2.931ms
[2026-06-17T09:56:13.336+0800][21.966s][info][gc,cpu         ] GC(516) User=0.01s Sys=0.00s Real=0.00s
[2026-06-17T09:56:13.379+0800][22.009s][info][gc,start       ] GC(517) Pause Young (Allocation Failure)
[2026-06-17T09:56:13.381+0800][22.010s][info][gc,heap        ] GC(517) DefNew: 19637K(19648K)->2168K(19648K) Eden: 17465K(17472K)->0K(17472K) From: 2171K(2176K)->2168K(2176K)
[2026-06-17T09:56:13.382+0800][22.011s][info][gc,heap        ] GC(517) Tenured: 31784K(43712K)->36507K(43712K)
[2026-06-17T09:56:13.382+0800][22.011s][info][gc,metaspace   ] GC(517) Metaspace: 152K(384K)->152K(384K) NonClass: 147K(256K)->147K(256K) Class: 4K(128K)->4K(128K)
[2026-06-17T09:56:13.383+0800][22.012s][info][gc             ] GC(517) Pause Young (Allocation Failure) 50M->37M(61M) 3.147ms
[2026-06-17T09:56:13.383+0800][22.012s][info][gc,cpu         ] GC(517) User=0.00s Sys=0.00s Real=0.01s
[2026-06-17T09:56:13.436+0800][22.065s][info][gc,start       ] GC(518) Pause Young (Allocation Failure)
[2026-06-17T09:56:13.437+0800][22.066s][info][gc             ] GC(518) Pause Young (Allocation Failure) 54M->54M(61M) 0.621ms
[2026-06-17T09:56:13.437+0800][22.066s][info][gc,cpu         ] GC(518) User=0.00s Sys=0.00s Real=0.00s
[2026-06-17T09:56:13.438+0800][22.067s][info][gc,start       ] GC(519) Pause Full (Allocation Failure)
[2026-06-17T09:56:13.438+0800][22.067s][info][gc,phases,start] GC(519) Phase 1: Mark live objects
[2026-06-17T09:56:13.439+0800][22.068s][info][gc,phases      ] GC(519) Phase 1: Mark live objects 0.932ms
[2026-06-17T09:56:13.439+0800][22.069s][info][gc,phases,start] GC(519) Phase 2: Compute new object addresses
[2026-06-17T09:56:13.440+0800][22.069s][info][gc,phases      ] GC(519) Phase 2: Compute new object addresses 0.613ms
[2026-06-17T09:56:13.440+0800][22.070s][info][gc,phases,start] GC(519) Phase 3: Adjust pointers
[2026-06-17T09:56:13.441+0800][22.070s][info][gc,phases      ] GC(519) Phase 3: Adjust pointers 0.710ms
[2026-06-17T09:56:13.442+0800][22.071s][info][gc,phases,start] GC(519) Phase 4: Move objects
[2026-06-17T09:56:13.444+0800][22.073s][info][gc,phases      ] GC(519) Phase 4: Move objects 1.998ms
[2026-06-17T09:56:13.444+0800][22.073s][info][gc,heap        ] GC(519) DefNew: 19584K(19648K)->0K(19648K) Eden: 17415K(17472K)->0K(17472K) From: 2168K(2176K)->0K(2176K)
[2026-06-17T09:56:13.444+0800][22.073s][info][gc,heap        ] GC(519) Tenured: 36507K(43712K)->23923K(43712K)
[2026-06-17T09:56:13.445+0800][22.074s][info][gc,metaspace   ] GC(519) Metaspace: 152K(384K)->152K(384K) NonClass: 147K(256K)->147K(256K) Class: 4K(128K)->4K(128K)
[2026-06-17T09:56:13.445+0800][22.074s][info][gc             ] GC(519) Pause Full (Allocation Failure) 54M->23M(61M) 7.134ms
[2026-06-17T09:56:13.445+0800][22.075s][info][gc,cpu         ] GC(519) User=0.01s Sys=0.00s Real=0.01s
[2026-06-17T09:56:13.488+0800][22.117s][info][gc,start       ] GC(520) Pause Young (Allocation Failure)
[2026-06-17T09:56:13.489+0800][22.118s][info][gc,heap        ] GC(520) DefNew: 17428K(19648K)->2169K(19648K) Eden: 17428K(17472K)->0K(17472K) From: 0K(2176K)->2169K(2176K)
[2026-06-17T09:56:13.489+0800][22.118s][info][gc,heap        ] GC(520) Tenured: 23923K(43712K)->28598K(43712K)
[2026-06-17T09:56:13.489+0800][22.118s][info][gc,metaspace   ] GC(520) Metaspace: 152K(384K)->152K(384K) NonClass: 147K(256K)->147K(256K) Class: 4K(128K)->4K(128K)
[2026-06-17T09:56:13.490+0800][22.119s][info][gc             ] GC(520) Pause Young (Allocation Failure) 40M->30M(61M) 1.846ms
[2026-06-17T09:56:13.490+0800][22.119s][info][gc,cpu         ] GC(520) User=0.00s Sys=0.00s Real=0.00s
[2026-06-17T09:56:13.533+0800][22.162s][info][gc,start       ] GC(521) Pause Young (Allocation Failure)
[2026-06-17T09:56:13.534+0800][22.163s][info][gc,heap        ] GC(521) DefNew: 19641K(19648K)->2148K(19648K) Eden: 17472K(17472K)->0K(17472K) From: 2169K(2176K)->2148K(2176K)
[2026-06-17T09:56:13.535+0800][22.164s][info][gc,heap        ] GC(521) Tenured: 28598K(43712K)->32506K(43712K)
[2026-06-17T09:56:13.535+0800][22.164s][info][gc,metaspace   ] GC(521) Metaspace: 152K(384K)->152K(384K) NonClass: 147K(256K)->147K(256K) Class: 4K(128K)->4K(128K)
[2026-06-17T09:56:13.536+0800][22.165s][info][gc             ] GC(521) Pause Young (Allocation Failure) 47M->33M(61M) 3.184ms
[2026-06-17T09:56:13.537+0800][22.166s][info][gc,cpu         ] GC(521) User=0.00s Sys=0.00s Real=0.00s
[2026-06-17T09:56:13.580+0800][22.209s][info][gc,start       ] GC(522) Pause Young (Allocation Failure)
[2026-06-17T09:56:13.581+0800][22.210s][info][gc,heap        ] GC(522) DefNew: 19590K(19648K)->2166K(19648K) Eden: 17442K(17472K)->0K(17472K) From: 2148K(2176K)->2166K(2176K)
[2026-06-17T09:56:13.582+0800][22.211s][info][gc,heap        ] GC(522) Tenured: 32506K(43712K)->35859K(43712K)
[2026-06-17T09:56:13.582+0800][22.211s][info][gc,metaspace   ] GC(522) Metaspace: 152K(384K)->152K(384K) NonClass: 147K(256K)->147K(256K) Class: 4K(128K)->4K(128K)
[2026-06-17T09:56:13.583+0800][22.212s][info][gc             ] GC(522) Pause Young (Allocation Failure) 50M->37M(61M) 2.739ms
[2026-06-17T09:56:13.583+0800][22.212s][info][gc,cpu         ] GC(522) User=0.00s Sys=0.00s Real=0.01s
[2026-06-17T09:56:13.627+0800][22.256s][info][gc,start       ] GC(523) Pause Young (Allocation Failure)
[2026-06-17T09:56:13.628+0800][22.257s][info][gc,heap        ] GC(523) DefNew: 19591K(19648K)->2159K(19648K) Eden: 17425K(17472K)->0K(17472K) From: 2166K(2176K)->2159K(2176K)
[2026-06-17T09:56:13.628+0800][22.258s][info][gc,heap        ] GC(523) Tenured: 35859K(43712K)->39133K(43712K)
[2026-06-17T09:56:13.629+0800][22.258s][info][gc,metaspace   ] GC(523) Metaspace: 152K(384K)->152K(384K) NonClass: 147K(256K)->147K(256K) Class: 4K(128K)->4K(128K)
[2026-06-17T09:56:13.629+0800][22.258s][info][gc             ] GC(523) Pause Young (Allocation Failure) 54M->40M(61M) 2.649ms
[2026-06-17T09:56:13.630+0800][22.259s][info][gc,cpu         ] GC(523) User=0.00s Sys=0.00s Real=0.00s
[2026-06-17T09:56:13.683+0800][22.312s][info][gc,start       ] GC(524) Pause Young (Allocation Failure)
[2026-06-17T09:56:13.684+0800][22.313s][info][gc             ] GC(524) Pause Young (Allocation Failure) 57M->57M(61M) 0.537ms
[2026-06-17T09:56:13.684+0800][22.313s][info][gc,cpu         ] GC(524) User=0.00s Sys=0.00s Real=0.00s
[2026-06-17T09:56:13.685+0800][22.314s][info][gc,start       ] GC(525) Pause Full (Allocation Failure)
[2026-06-17T09:56:13.685+0800][22.314s][info][gc,phases,start] GC(525) Phase 1: Mark live objects
[2026-06-17T09:56:13.686+0800][22.315s][info][gc,phases      ] GC(525) Phase 1: Mark live objects 0.987ms
[2026-06-17T09:56:13.687+0800][22.316s][info][gc,phases,start] GC(525) Phase 2: Compute new object addresses
[2026-06-17T09:56:13.687+0800][22.316s][info][gc,phases      ] GC(525) Phase 2: Compute new object addresses 0.688ms
[2026-06-17T09:56:13.688+0800][22.317s][info][gc,phases,start] GC(525) Phase 3: Adjust pointers
[2026-06-17T09:56:13.688+0800][22.318s][info][gc,phases      ] GC(525) Phase 3: Adjust pointers 0.744ms
[2026-06-17T09:56:13.689+0800][22.318s][info][gc,phases,start] GC(525) Phase 4: Move objects
[2026-06-17T09:56:13.691+0800][22.320s][info][gc,phases      ] GC(525) Phase 4: Move objects 2.289ms
[2026-06-17T09:56:13.692+0800][22.321s][info][gc,heap        ] GC(525) DefNew: 19631K(19648K)->0K(19648K) Eden: 17472K(17472K)->0K(17472K) From: 2159K(2176K)->0K(2176K)
[2026-06-17T09:56:13.692+0800][22.321s][info][gc,heap        ] GC(525) Tenured: 39133K(43712K)->28759K(43712K)
[2026-06-17T09:56:13.692+0800][22.321s][info][gc,metaspace   ] GC(525) Metaspace: 152K(384K)->152K(384K) NonClass: 147K(256K)->147K(256K) Class: 4K(128K)->4K(128K)
[2026-06-17T09:56:13.693+0800][22.322s][info][gc             ] GC(525) Pause Full (Allocation Failure) 57M->28M(61M) 8.000ms
[2026-06-17T09:56:13.693+0800][22.322s][info][gc,cpu         ] GC(525) User=0.00s Sys=0.00s Real=0.01s
[2026-06-17T09:56:13.725+0800][22.354s][info][gc,start       ] GC(526) Pause Young (Allocation Failure)
[2026-06-17T09:56:13.727+0800][22.356s][info][gc,heap        ] GC(526) DefNew: 17462K(19648K)->2169K(19648K) Eden: 17462K(17472K)->0K(17472K) From: 0K(2176K)->2169K(2176K)
[2026-06-17T09:56:13.728+0800][22.357s][info][gc,heap        ] GC(526) Tenured: 28759K(43712K)->36998K(43712K)
[2026-06-17T09:56:13.728+0800][22.357s][info][gc,metaspace   ] GC(526) Metaspace: 152K(384K)->152K(384K) NonClass: 147K(256K)->147K(256K) Class: 4K(128K)->4K(128K)
[2026-06-17T09:56:13.728+0800][22.357s][info][gc             ] GC(526) Pause Young (Allocation Failure) 45M->38M(61M) 2.862ms
[2026-06-17T09:56:13.728+0800][22.357s][info][gc,cpu         ] GC(526) User=0.01s Sys=0.00s Real=0.00s
[2026-06-17T09:56:13.771+0800][22.400s][info][gc,start       ] GC(527) Pause Young (Allocation Failure)
[2026-06-17T09:56:13.772+0800][22.402s][info][gc             ] GC(527) Pause Young (Allocation Failure) 55M->55M(61M) 1.381ms
[2026-06-17T09:56:13.773+0800][22.403s][info][gc,cpu         ] GC(527) User=0.00s Sys=0.00s Real=0.00s
[2026-06-17T09:56:13.775+0800][22.405s][info][gc,start       ] GC(528) Pause Full (Allocation Failure)
[2026-06-17T09:56:13.778+0800][22.407s][info][gc,phases,start] GC(528) Phase 1: Mark live objects
[2026-06-17T09:56:13.780+0800][22.409s][info][gc,phases      ] GC(528) Phase 1: Mark live objects 2.636ms
[2026-06-17T09:56:13.783+0800][22.412s][info][gc,phases,start] GC(528) Phase 2: Compute new object addresses
[2026-06-17T09:56:13.786+0800][22.415s][info][gc,phases      ] GC(528) Phase 2: Compute new object addresses 3.222ms
[2026-06-17T09:56:13.788+0800][22.417s][info][gc,phases,start] GC(528) Phase 3: Adjust pointers
[2026-06-17T09:56:13.791+0800][22.420s][info][gc,phases      ] GC(528) Phase 3: Adjust pointers 3.104ms
[2026-06-17T09:56:13.792+0800][22.421s][info][gc,phases,start] GC(528) Phase 4: Move objects
[2026-06-17T09:56:13.794+0800][22.423s][info][gc,phases      ] GC(528) Phase 4: Move objects 2.394ms
[2026-06-17T09:56:13.795+0800][22.424s][info][gc,heap        ] GC(528) DefNew: 19631K(19648K)->0K(19648K) Eden: 17461K(17472K)->0K(17472K) From: 2169K(2176K)->0K(2176K)
[2026-06-17T09:56:13.795+0800][22.424s][info][gc,heap        ] GC(528) Tenured: 36998K(43712K)->28820K(43712K)
[2026-06-17T09:56:13.795+0800][22.424s][info][gc,metaspace   ] GC(528) Metaspace: 152K(384K)->152K(384K) NonClass: 147K(256K)->147K(256K) Class: 4K(128K)->4K(128K)
[2026-06-17T09:56:13.796+0800][22.425s][info][gc             ] GC(528) Pause Full (Allocation Failure) 55M->28M(61M) 20.115ms
[2026-06-17T09:56:13.796+0800][22.425s][info][gc,cpu         ] GC(528) User=0.00s Sys=0.00s Real=0.02s
[2026-06-17T09:56:13.850+0800][22.479s][info][gc,start       ] GC(529) Pause Young (Allocation Failure)
[2026-06-17T09:56:13.851+0800][22.480s][info][gc,heap        ] GC(529) DefNew: 17472K(19648K)->2150K(19648K) Eden: 17472K(17472K)->0K(17472K) From: 0K(2176K)->2150K(2176K)
[2026-06-17T09:56:13.852+0800][22.481s][info][gc,heap        ] GC(529) Tenured: 28820K(43712K)->30256K(43712K)
[2026-06-17T09:56:13.852+0800][22.481s][info][gc,metaspace   ] GC(529) Metaspace: 152K(384K)->152K(384K) NonClass: 147K(256K)->147K(256K) Class: 4K(128K)->4K(128K)
[2026-06-17T09:56:13.852+0800][22.482s][info][gc             ] GC(529) Pause Young (Allocation Failure) 45M->31M(61M) 2.909ms
[2026-06-17T09:56:13.853+0800][22.482s][info][gc,cpu         ] GC(529) User=0.00s Sys=0.00s Real=0.01s
[2026-06-17T09:56:13.896+0800][22.525s][info][gc,start       ] GC(530) Pause Young (Allocation Failure)
[2026-06-17T09:56:13.898+0800][22.527s][info][gc,heap        ] GC(530) DefNew: 19622K(19648K)->2104K(19648K) Eden: 17472K(17472K)->0K(17472K) From: 2150K(2176K)->2104K(2176K)
[2026-06-17T09:56:13.899+0800][22.528s][info][gc,heap        ] GC(530) Tenured: 30256K(43712K)->34102K(43712K)
[2026-06-17T09:56:13.899+0800][22.528s][info][gc,metaspace   ] GC(530) Metaspace: 152K(384K)->152K(384K) NonClass: 147K(256K)->147K(256K) Class: 4K(128K)->4K(128K)
[2026-06-17T09:56:13.900+0800][22.529s][info][gc             ] GC(530) Pause Young (Allocation Failure) 48M->35M(61M) 3.469ms
[2026-06-17T09:56:13.900+0800][22.530s][info][gc,cpu         ] GC(530) User=0.00s Sys=0.00s Real=0.00s
[2026-06-17T09:56:13.944+0800][22.573s][info][gc,start       ] GC(531) Pause Young (Allocation Failure)
[2026-06-17T09:56:13.945+0800][22.575s][info][gc,heap        ] GC(531) DefNew: 19532K(19648K)->2171K(19648K) Eden: 17427K(17472K)->0K(17472K) From: 2104K(2176K)->2171K(2176K)
[2026-06-17T09:56:13.946+0800][22.575s][info][gc,heap        ] GC(531) Tenured: 34102K(43712K)->37840K(43712K)
[2026-06-17T09:56:13.946+0800][22.575s][info][gc,metaspace   ] GC(531) Metaspace: 152K(384K)->152K(384K) NonClass: 147K(256K)->147K(256K) Class: 4K(128K)->4K(128K)
[2026-06-17T09:56:13.947+0800][22.576s][info][gc             ] GC(531) Pause Young (Allocation Failure) 52M->39M(61M) 2.702ms
[2026-06-17T09:56:13.947+0800][22.576s][info][gc,cpu         ] GC(531) User=0.00s Sys=0.00s Real=0.00s
[2026-06-17T09:56:13.991+0800][22.620s][info][gc,start       ] GC(532) Pause Young (Allocation Failure)
[2026-06-17T09:56:13.991+0800][22.620s][info][gc             ] GC(532) Pause Young (Allocation Failure) 55M->55M(61M) 0.535ms
[2026-06-17T09:56:13.992+0800][22.621s][info][gc,cpu         ] GC(532) User=0.00s Sys=0.00s Real=0.00s
[2026-06-17T09:56:13.992+0800][22.621s][info][gc,start       ] GC(533) Pause Full (Allocation Failure)
[2026-06-17T09:56:13.993+0800][22.622s][info][gc,phases,start] GC(533) Phase 1: Mark live objects
[2026-06-17T09:56:13.993+0800][22.623s][info][gc,phases      ] GC(533) Phase 1: Mark live objects 0.845ms
[2026-06-17T09:56:13.994+0800][22.623s][info][gc,phases,start] GC(533) Phase 2: Compute new object addresses
[2026-06-17T09:56:13.994+0800][22.624s][info][gc,phases      ] GC(533) Phase 2: Compute new object addresses 0.603ms
[2026-06-17T09:56:13.995+0800][22.624s][info][gc,phases,start] GC(533) Phase 3: Adjust pointers
[2026-06-17T09:56:13.995+0800][22.625s][info][gc,phases      ] GC(533) Phase 3: Adjust pointers 0.678ms
[2026-06-17T09:56:13.996+0800][22.625s][info][gc,phases,start] GC(533) Phase 4: Move objects
[2026-06-17T09:56:13.999+0800][22.628s][info][gc,phases      ] GC(533) Phase 4: Move objects 2.603ms
[2026-06-17T09:56:13.999+0800][22.628s][info][gc,heap        ] GC(533) DefNew: 19490K(19648K)->0K(19648K) Eden: 17318K(17472K)->0K(17472K) From: 2171K(2176K)->0K(2176K)
[2026-06-17T09:56:13.999+0800][22.629s][info][gc,heap        ] GC(533) Tenured: 37840K(43712K)->21079K(43712K)
[2026-06-17T09:56:14.000+0800][22.629s][info][gc,metaspace   ] GC(533) Metaspace: 152K(384K)->152K(384K) NonClass: 147K(256K)->147K(256K) Class: 4K(128K)->4K(128K)
[2026-06-17T09:56:14.000+0800][22.629s][info][gc             ] GC(533) Pause Full (Allocation Failure) 55M->20M(61M) 8.173ms
[2026-06-17T09:56:14.001+0800][22.630s][info][gc,cpu         ] GC(533) User=0.00s Sys=0.00s Real=0.00s
[2026-06-17T09:56:14.055+0800][22.684s][info][gc,start       ] GC(534) Pause Young (Allocation Failure)
[2026-06-17T09:56:14.056+0800][22.685s][info][gc,heap        ] GC(534) DefNew: 17472K(19648K)->2121K(19648K) Eden: 17472K(17472K)->0K(17472K) From: 0K(2176K)->2121K(2176K)
[2026-06-17T09:56:14.057+0800][22.686s][info][gc,heap        ] GC(534) Tenured: 21079K(43712K)->22743K(43712K)
[2026-06-17T09:56:14.057+0800][22.687s][info][gc,metaspace   ] GC(534) Metaspace: 152K(384K)->152K(384K) NonClass: 147K(256K)->147K(256K) Class: 4K(128K)->4K(128K)
[2026-06-17T09:56:14.058+0800][22.687s][info][gc             ] GC(534) Pause Young (Allocation Failure) 37M->24M(61M) 3.120ms
[2026-06-17T09:56:14.058+0800][22.687s][info][gc,cpu         ] GC(534) User=0.00s Sys=0.00s Real=0.00s
[2026-06-17T09:56:14.102+0800][22.731s][info][gc,start       ] GC(535) Pause Young (Allocation Failure)
[2026-06-17T09:56:14.103+0800][22.733s][info][gc,heap        ] GC(535) DefNew: 19583K(19648K)->2107K(19648K) Eden: 17462K(17472K)->0K(17472K) From: 2121K(2176K)->2107K(2176K)
[2026-06-17T09:56:14.104+0800][22.733s][info][gc,heap        ] GC(535) Tenured: 22743K(43712K)->25985K(43712K)
[2026-06-17T09:56:14.105+0800][22.734s][info][gc,metaspace   ] GC(535) Metaspace: 152K(384K)->152K(384K) NonClass: 147K(256K)->147K(256K) Class: 4K(128K)->4K(128K)
[2026-06-17T09:56:14.105+0800][22.734s][info][gc             ] GC(535) Pause Young (Allocation Failure) 41M->27M(61M) 3.140ms
[2026-06-17T09:56:14.106+0800][22.735s][info][gc,cpu         ] GC(535) User=0.00s Sys=0.00s Real=0.01s
[2026-06-17T09:56:14.149+0800][22.778s][info][gc,start       ] GC(536) Pause Young (Allocation Failure)
[2026-06-17T09:56:14.150+0800][22.780s][info][gc,heap        ] GC(536) DefNew: 19553K(19648K)->2115K(19648K) Eden: 17445K(17472K)->0K(17472K) From: 2107K(2176K)->2115K(2176K)
[2026-06-17T09:56:14.151+0800][22.780s][info][gc,heap        ] GC(536) Tenured: 25985K(43712K)->29769K(43712K)
[2026-06-17T09:56:14.151+0800][22.780s][info][gc,metaspace   ] GC(536) Metaspace: 152K(384K)->152K(384K) NonClass: 147K(256K)->147K(256K) Class: 4K(128K)->4K(128K)
[2026-06-17T09:56:14.152+0800][22.781s][info][gc             ] GC(536) Pause Young (Allocation Failure) 44M->31M(61M) 2.574ms
[2026-06-17T09:56:14.152+0800][22.781s][info][gc,cpu         ] GC(536) User=0.00s Sys=0.00s Real=0.01s
[2026-06-17T09:56:14.195+0800][22.824s][info][gc,start       ] GC(537) Pause Young (Allocation Failure)
[2026-06-17T09:56:14.197+0800][22.826s][info][gc,heap        ] GC(537) DefNew: 19587K(19648K)->2170K(19648K) Eden: 17472K(17472K)->0K(17472K) From: 2115K(2176K)->2170K(2176K)
[2026-06-17T09:56:14.197+0800][22.827s][info][gc,heap        ] GC(537) Tenured: 29769K(43712K)->33237K(43712K)
[2026-06-17T09:56:14.198+0800][22.827s][info][gc,metaspace   ] GC(537) Metaspace: 152K(384K)->152K(384K) NonClass: 147K(256K)->147K(256K) Class: 4K(128K)->4K(128K)
[2026-06-17T09:56:14.199+0800][22.828s][info][gc             ] GC(537) Pause Young (Allocation Failure) 48M->34M(61M) 3.548ms
[2026-06-17T09:56:14.199+0800][22.828s][info][gc,cpu         ] GC(537) User=0.00s Sys=0.00s Real=0.00s
[2026-06-17T09:56:14.242+0800][22.871s][info][gc,start       ] GC(538) Pause Young (Allocation Failure)
[2026-06-17T09:56:14.244+0800][22.873s][info][gc,heap        ] GC(538) DefNew: 19628K(19648K)->1673K(19648K) Eden: 17458K(17472K)->0K(17472K) From: 2170K(2176K)->1673K(2176K)
[2026-06-17T09:56:14.246+0800][22.875s][info][gc,heap        ] GC(538) Tenured: 33237K(43712K)->33237K(43712K)
[2026-06-17T09:56:14.248+0800][22.877s][info][gc,metaspace   ] GC(538) Metaspace: 152K(384K)->152K(384K) NonClass: 147K(256K)->147K(256K) Class: 4K(128K)->4K(128K)
[2026-06-17T09:56:14.250+0800][22.879s][info][gc             ] GC(538) Pause Young (Allocation Failure) 51M->34M(61M) 8.003ms
[2026-06-17T09:56:14.251+0800][22.880s][info][gc,cpu         ] GC(538) User=0.00s Sys=0.00s Real=0.02s
[2026-06-17T09:56:14.294+0800][22.923s][info][gc,start       ] GC(539) Pause Young (Allocation Failure)
[2026-06-17T09:56:14.296+0800][22.925s][info][gc,heap        ] GC(539) DefNew: 19145K(19648K)->2174K(19648K) Eden: 17472K(17472K)->0K(17472K) From: 1673K(2176K)->2174K(2176K)
[2026-06-17T09:56:14.296+0800][22.926s][info][gc,heap        ] GC(539) Tenured: 33237K(43712K)->39727K(43712K)
[2026-06-17T09:56:14.297+0800][22.926s][info][gc,metaspace   ] GC(539) Metaspace: 152K(384K)->152K(384K) NonClass: 147K(256K)->147K(256K) Class: 4K(128K)->4K(128K)
[2026-06-17T09:56:14.297+0800][22.927s][info][gc             ] GC(539) Pause Young (Allocation Failure) 51M->40M(61M) 3.271ms
[2026-06-17T09:56:14.298+0800][22.927s][info][gc,cpu         ] GC(539) User=0.00s Sys=0.00s Real=0.00s
[2026-06-17T09:56:14.351+0800][22.980s][info][gc,start       ] GC(540) Pause Young (Allocation Failure)
[2026-06-17T09:56:14.351+0800][22.980s][info][gc             ] GC(540) Pause Young (Allocation Failure) 57M->57M(61M) 0.357ms
[2026-06-17T09:56:14.351+0800][22.980s][info][gc,cpu         ] GC(540) User=0.00s Sys=0.00s Real=0.00s
[2026-06-17T09:56:14.352+0800][22.981s][info][gc,start       ] GC(541) Pause Full (Allocation Failure)
[2026-06-17T09:56:14.352+0800][22.981s][info][gc,phases,start] GC(541) Phase 1: Mark live objects
[2026-06-17T09:56:14.352+0800][22.981s][info][gc,phases      ] GC(541) Phase 1: Mark live objects 0.594ms
[2026-06-17T09:56:14.353+0800][22.982s][info][gc,phases,start] GC(541) Phase 2: Compute new object addresses
[2026-06-17T09:56:14.353+0800][22.982s][info][gc,phases      ] GC(541) Phase 2: Compute new object addresses 0.394ms
[2026-06-17T09:56:14.353+0800][22.982s][info][gc,phases,start] GC(541) Phase 3: Adjust pointers
[2026-06-17T09:56:14.354+0800][22.983s][info][gc,phases      ] GC(541) Phase 3: Adjust pointers 0.416ms
[2026-06-17T09:56:14.354+0800][22.983s][info][gc,phases,start] GC(541) Phase 4: Move objects
[2026-06-17T09:56:14.356+0800][22.985s][info][gc,phases      ] GC(541) Phase 4: Move objects 2.018ms
[2026-06-17T09:56:14.356+0800][22.986s][info][gc,heap        ] GC(541) DefNew: 19646K(19648K)->0K(19648K) Eden: 17472K(17472K)->0K(17472K) From: 2174K(2176K)->0K(2176K)
[2026-06-17T09:56:14.356+0800][22.986s][info][gc,heap        ] GC(541) Tenured: 39727K(43712K)->23240K(43712K)
[2026-06-17T09:56:14.357+0800][22.986s][info][gc,metaspace   ] GC(541) Metaspace: 152K(384K)->152K(384K) NonClass: 147K(256K)->147K(256K) Class: 4K(128K)->4K(128K)
[2026-06-17T09:56:14.357+0800][22.986s][info][gc             ] GC(541) Pause Full (Allocation Failure) 57M->22M(61M) 5.248ms
[2026-06-17T09:56:14.357+0800][22.986s][info][gc,cpu         ] GC(541) User=0.00s Sys=0.00s Real=0.00s
[2026-06-17T09:56:14.400+0800][23.029s][info][gc,start       ] GC(542) Pause Young (Allocation Failure)
[2026-06-17T09:56:14.411+0800][23.041s][info][gc,heap        ] GC(542) DefNew: 17441K(19648K)->2173K(19648K) Eden: 17441K(17472K)->0K(17472K) From: 0K(2176K)->2173K(2176K)
[2026-06-17T09:56:14.429+0800][23.058s][info][gc,heap        ] GC(542) Tenured: 23240K(43712K)->28826K(43712K)
[2026-06-17T09:56:14.443+0800][23.072s][info][gc,metaspace   ] GC(542) Metaspace: 152K(384K)->152K(384K) NonClass: 147K(256K)->147K(256K) Class: 4K(128K)->4K(128K)
[2026-06-17T09:56:14.443+0800][23.073s][info][gc             ] GC(542) Pause Young (Allocation Failure) 39M->30M(61M) 43.843ms
[2026-06-17T09:56:14.444+0800][23.073s][info][gc,cpu         ] GC(542) User=0.00s Sys=0.00s Real=0.05s
[2026-06-17T09:56:14.487+0800][23.116s][info][gc,start       ] GC(543) Pause Young (Allocation Failure)
[2026-06-17T09:56:14.489+0800][23.118s][info][gc,heap        ] GC(543) DefNew: 19645K(19648K)->2168K(19648K) Eden: 17472K(17472K)->0K(17472K) From: 2173K(2176K)->2168K(2176K)
[2026-06-17T09:56:14.490+0800][23.119s][info][gc,heap        ] GC(543) Tenured: 28826K(43712K)->33205K(43712K)
[2026-06-17T09:56:14.490+0800][23.119s][info][gc,metaspace   ] GC(543) Metaspace: 152K(384K)->152K(384K) NonClass: 147K(256K)->147K(256K) Class: 4K(128K)->4K(128K)
[2026-06-17T09:56:14.490+0800][23.119s][info][gc             ] GC(543) Pause Young (Allocation Failure) 47M->34M(61M) 3.049ms
[2026-06-17T09:56:14.491+0800][23.120s][info][gc,cpu         ] GC(543) User=0.00s Sys=0.00s Real=0.01s
[2026-06-17T09:56:14.533+0800][23.162s][info][gc,start       ] GC(544) Pause Young (Allocation Failure)
[2026-06-17T09:56:14.534+0800][23.163s][info][gc,heap        ] GC(544) DefNew: 19607K(19648K)->2014K(19648K) Eden: 17439K(17472K)->0K(17472K) From: 2168K(2176K)->2014K(2176K)
[2026-06-17T09:56:14.534+0800][23.164s][info][gc,heap        ] GC(544) Tenured: 33205K(43712K)->33865K(43712K)
[2026-06-17T09:56:14.535+0800][23.164s][info][gc,metaspace   ] GC(544) Metaspace: 152K(384K)->152K(384K) NonClass: 147K(256K)->147K(256K) Class: 4K(128K)->4K(128K)
[2026-06-17T09:56:14.535+0800][23.164s][info][gc             ] GC(544) Pause Young (Allocation Failure) 51M->35M(61M) 1.744ms
[2026-06-17T09:56:14.535+0800][23.164s][info][gc,cpu         ] GC(544) User=0.00s Sys=0.00s Real=0.00s
[2026-06-17T09:56:14.578+0800][23.207s][info][gc,start       ] GC(545) Pause Young (Allocation Failure)
[2026-06-17T09:56:14.579+0800][23.208s][info][gc,heap        ] GC(545) DefNew: 19486K(19648K)->2175K(19648K) Eden: 17472K(17472K)->0K(17472K) From: 2014K(2176K)->2175K(2176K)
[2026-06-17T09:56:14.580+0800][23.209s][info][gc,heap        ] GC(545) Tenured: 33865K(43712K)->40416K(43712K)
[2026-06-17T09:56:14.580+0800][23.209s][info][gc,metaspace   ] GC(545) Metaspace: 152K(384K)->152K(384K) NonClass: 147K(256K)->147K(256K) Class: 4K(128K)->4K(128K)
[2026-06-17T09:56:14.580+0800][23.209s][info][gc             ] GC(545) Pause Young (Allocation Failure) 52M->41M(61M) 2.683ms
[2026-06-17T09:56:14.581+0800][23.210s][info][gc,cpu         ] GC(545) User=0.00s Sys=0.00s Real=0.00s
[2026-06-17T09:56:14.633+0800][23.263s][info][gc,start       ] GC(546) Pause Young (Allocation Failure)
[2026-06-17T09:56:14.634+0800][23.263s][info][gc             ] GC(546) Pause Young (Allocation Failure) 58M->58M(61M) 0.531ms
[2026-06-17T09:56:14.635+0800][23.264s][info][gc,cpu         ] GC(546) User=0.00s Sys=0.00s Real=0.00s
[2026-06-17T09:56:14.635+0800][23.264s][info][gc,start       ] GC(547) Pause Full (Allocation Failure)
[2026-06-17T09:56:14.635+0800][23.265s][info][gc,phases,start] GC(547) Phase 1: Mark live objects
[2026-06-17T09:56:14.636+0800][23.265s][info][gc,phases      ] GC(547) Phase 1: Mark live objects 0.864ms
[2026-06-17T09:56:14.637+0800][23.266s][info][gc,phases,start] GC(547) Phase 2: Compute new object addresses
[2026-06-17T09:56:14.637+0800][23.266s][info][gc,phases      ] GC(547) Phase 2: Compute new object addresses 0.629ms
[2026-06-17T09:56:14.638+0800][23.267s][info][gc,phases,start] GC(547) Phase 3: Adjust pointers
[2026-06-17T09:56:14.638+0800][23.268s][info][gc,phases      ] GC(547) Phase 3: Adjust pointers 0.675ms
[2026-06-17T09:56:14.639+0800][23.268s][info][gc,phases,start] GC(547) Phase 4: Move objects
[2026-06-17T09:56:14.642+0800][23.271s][info][gc,phases      ] GC(547) Phase 4: Move objects 3.212ms
[2026-06-17T09:56:14.642+0800][23.272s][info][gc,heap        ] GC(547) DefNew: 19639K(19648K)->0K(19648K) Eden: 17464K(17472K)->0K(17472K) From: 2175K(2176K)->0K(2176K)
[2026-06-17T09:56:14.643+0800][23.272s][info][gc,heap        ] GC(547) Tenured: 40416K(43712K)->29058K(43712K)
[2026-06-17T09:56:14.643+0800][23.272s][info][gc,metaspace   ] GC(547) Metaspace: 152K(384K)->152K(384K) NonClass: 147K(256K)->147K(256K) Class: 4K(128K)->4K(128K)
[2026-06-17T09:56:14.643+0800][23.273s][info][gc             ] GC(547) Pause Full (Allocation Failure) 58M->28M(61M) 8.466ms
[2026-06-17T09:56:14.644+0800][23.273s][info][gc,cpu         ] GC(547) User=0.00s Sys=0.00s Real=0.01s
[2026-06-17T09:56:14.687+0800][23.316s][info][gc,start       ] GC(548) Pause Young (Allocation Failure)
[2026-06-17T09:56:14.689+0800][23.318s][info][gc,heap        ] GC(548) DefNew: 17454K(19648K)->2174K(19648K) Eden: 17454K(17472K)->0K(17472K) From: 0K(2176K)->2174K(2176K)
[2026-06-17T09:56:14.690+0800][23.319s][info][gc,heap        ] GC(548) Tenured: 29058K(43712K)->33748K(43712K)
[2026-06-17T09:56:14.692+0800][23.321s][info][gc,metaspace   ] GC(548) Metaspace: 152K(384K)->152K(384K) NonClass: 147K(256K)->147K(256K) Class: 4K(128K)->4K(128K)
[2026-06-17T09:56:14.694+0800][23.324s][info][gc             ] GC(548) Pause Young (Allocation Failure) 45M->35M(61M) 7.685ms
[2026-06-17T09:56:14.695+0800][23.325s][info][gc,cpu         ] GC(548) User=0.00s Sys=0.00s Real=0.01s
[2026-06-17T09:56:14.739+0800][23.368s][info][gc,start       ] GC(549) Pause Young (Allocation Failure)
[2026-06-17T09:56:14.741+0800][23.370s][info][gc,heap        ] GC(549) DefNew: 19626K(19648K)->2144K(19648K) Eden: 17452K(17472K)->0K(17472K) From: 2174K(2176K)->2144K(2176K)
[2026-06-17T09:56:14.741+0800][23.370s][info][gc,heap        ] GC(549) Tenured: 33748K(43712K)->38247K(43712K)
[2026-06-17T09:56:14.742+0800][23.371s][info][gc,metaspace   ] GC(549) Metaspace: 152K(384K)->152K(384K) NonClass: 147K(256K)->147K(256K) Class: 4K(128K)->4K(128K)
[2026-06-17T09:56:14.742+0800][23.371s][info][gc             ] GC(549) Pause Young (Allocation Failure) 52M->39M(61M) 3.082ms
[2026-06-17T09:56:14.743+0800][23.372s][info][gc,cpu         ] GC(549) User=0.00s Sys=0.00s Real=0.01s
[2026-06-17T09:56:14.786+0800][23.415s][info][gc,start       ] GC(550) Pause Young (Allocation Failure)
[2026-06-17T09:56:14.786+0800][23.416s][info][gc             ] GC(550) Pause Young (Allocation Failure) 56M->56M(61M) 0.492ms
[2026-06-17T09:56:14.787+0800][23.416s][info][gc,cpu         ] GC(550) User=0.00s Sys=0.00s Real=0.00s
[2026-06-17T09:56:14.787+0800][23.416s][info][gc,start       ] GC(551) Pause Full (Allocation Failure)
[2026-06-17T09:56:14.788+0800][23.417s][info][gc,phases,start] GC(551) Phase 1: Mark live objects
[2026-06-17T09:56:14.789+0800][23.418s][info][gc,phases      ] GC(551) Phase 1: Mark live objects 0.890ms
[2026-06-17T09:56:14.789+0800][23.418s][info][gc,phases,start] GC(551) Phase 2: Compute new object addresses
[2026-06-17T09:56:14.790+0800][23.419s][info][gc,phases      ] GC(551) Phase 2: Compute new object addresses 0.676ms
[2026-06-17T09:56:14.790+0800][23.419s][info][gc,phases,start] GC(551) Phase 3: Adjust pointers
[2026-06-17T09:56:14.791+0800][23.420s][info][gc,phases      ] GC(551) Phase 3: Adjust pointers 0.977ms
[2026-06-17T09:56:14.792+0800][23.421s][info][gc,phases,start] GC(551) Phase 4: Move objects
[2026-06-17T09:56:14.793+0800][23.423s][info][gc,phases      ] GC(551) Phase 4: Move objects 1.872ms
[2026-06-17T09:56:14.794+0800][23.423s][info][gc,heap        ] GC(551) DefNew: 19443K(19648K)->0K(19648K) Eden: 17299K(17472K)->0K(17472K) From: 2144K(2176K)->0K(2176K)
[2026-06-17T09:56:14.794+0800][23.423s][info][gc,heap        ] GC(551) Tenured: 38247K(43712K)->26090K(43712K)
[2026-06-17T09:56:14.794+0800][23.423s][info][gc,metaspace   ] GC(551) Metaspace: 152K(384K)->152K(384K) NonClass: 147K(256K)->147K(256K) Class: 4K(128K)->4K(128K)
[2026-06-17T09:56:14.795+0800][23.424s][info][gc             ] GC(551) Pause Full (Allocation Failure) 56M->25M(61M) 7.290ms
[2026-06-17T09:56:14.795+0800][23.424s][info][gc,cpu         ] GC(551) User=0.00s Sys=0.00s Real=0.01s
[2026-06-17T09:56:14.838+0800][23.467s][info][gc,start       ] GC(552) Pause Young (Allocation Failure)
[2026-06-17T09:56:14.840+0800][23.469s][info][gc,heap        ] GC(552) DefNew: 17464K(19648K)->2173K(19648K) Eden: 17464K(17472K)->0K(17472K) From: 0K(2176K)->2173K(2176K)
[2026-06-17T09:56:14.840+0800][23.469s][info][gc,heap        ] GC(552) Tenured: 26090K(43712K)->30820K(43712K)
[2026-06-17T09:56:14.840+0800][23.470s][info][gc,metaspace   ] GC(552) Metaspace: 152K(384K)->152K(384K) NonClass: 147K(256K)->147K(256K) Class: 4K(128K)->4K(128K)
[2026-06-17T09:56:14.841+0800][23.470s][info][gc             ] GC(552) Pause Young (Allocation Failure) 42M->32M(61M) 2.994ms
[2026-06-17T09:56:14.841+0800][23.470s][info][gc,cpu         ] GC(552) User=0.01s Sys=0.00s Real=0.00s
[2026-06-17T09:56:14.894+0800][23.524s][info][gc,start       ] GC(553) Pause Young (Allocation Failure)
[2026-06-17T09:56:14.896+0800][23.525s][info][gc,heap        ] GC(553) DefNew: 19645K(19648K)->2017K(19648K) Eden: 17472K(17472K)->0K(17472K) From: 2173K(2176K)->2017K(2176K)
[2026-06-17T09:56:14.896+0800][23.526s][info][gc,heap        ] GC(553) Tenured: 30820K(43712K)->33984K(43712K)
[2026-06-17T09:56:14.897+0800][23.526s][info][gc,metaspace   ] GC(553) Metaspace: 152K(384K)->152K(384K) NonClass: 147K(256K)->147K(256K) Class: 4K(128K)->4K(128K)
[2026-06-17T09:56:14.897+0800][23.526s][info][gc             ] GC(553) Pause Young (Allocation Failure) 49M->35M(61M) 2.664ms
[2026-06-17T09:56:14.897+0800][23.527s][info][gc,cpu         ] GC(553) User=0.00s Sys=0.00s Real=0.00s
[2026-06-17T09:56:14.941+0800][23.570s][info][gc,start       ] GC(554) Pause Young (Allocation Failure)
[2026-06-17T09:56:14.944+0800][23.573s][info][gc,heap        ] GC(554) DefNew: 19489K(19648K)->2169K(19648K) Eden: 17472K(17472K)->0K(17472K) From: 2017K(2176K)->2169K(2176K)
[2026-06-17T09:56:14.948+0800][23.577s][info][gc,heap        ] GC(554) Tenured: 33984K(43712K)->37220K(43712K)
[2026-06-17T09:56:14.948+0800][23.577s][info][gc,metaspace   ] GC(554) Metaspace: 152K(384K)->152K(384K) NonClass: 147K(256K)->147K(256K) Class: 4K(128K)->4K(128K)
[2026-06-17T09:56:14.950+0800][23.579s][info][gc             ] GC(554) Pause Young (Allocation Failure) 52M->38M(61M) 9.066ms
[2026-06-17T09:56:14.951+0800][23.580s][info][gc,cpu         ] GC(554) User=0.00s Sys=0.00s Real=0.02s
[2026-06-17T09:56:14.995+0800][23.624s][info][gc,start       ] GC(555) Pause Young (Allocation Failure)
[2026-06-17T09:56:14.996+0800][23.625s][info][gc             ] GC(555) Pause Young (Allocation Failure) 55M->55M(61M) 0.784ms
[2026-06-17T09:56:14.996+0800][23.625s][info][gc,cpu         ] GC(555) User=0.00s Sys=0.00s Real=0.00s
[2026-06-17T09:56:14.997+0800][23.626s][info][gc,start       ] GC(556) Pause Full (Allocation Failure)
[2026-06-17T09:56:14.997+0800][23.626s][info][gc,phases,start] GC(556) Phase 1: Mark live objects
[2026-06-17T09:56:14.998+0800][23.627s][info][gc,phases      ] GC(556) Phase 1: Mark live objects 0.730ms
[2026-06-17T09:56:14.998+0800][23.627s][info][gc,phases,start] GC(556) Phase 2: Compute new object addresses
[2026-06-17T09:56:14.999+0800][23.628s][info][gc,phases      ] GC(556) Phase 2: Compute new object addresses 0.704ms
[2026-06-17T09:56:14.999+0800][23.628s][info][gc,phases,start] GC(556) Phase 3: Adjust pointers
[2026-06-17T09:56:15.000+0800][23.629s][info][gc,phases      ] GC(556) Phase 3: Adjust pointers 0.654ms
[2026-06-17T09:56:15.000+0800][23.629s][info][gc,phases,start] GC(556) Phase 4: Move objects
[2026-06-17T09:56:15.003+0800][23.632s][info][gc,phases      ] GC(556) Phase 4: Move objects 3.008ms
[2026-06-17T09:56:15.004+0800][23.633s][info][gc,heap        ] GC(556) DefNew: 19637K(19648K)->0K(19648K) Eden: 17467K(17472K)->0K(17472K) From: 2169K(2176K)->0K(2176K)
[2026-06-17T09:56:15.004+0800][23.633s][info][gc,heap        ] GC(556) Tenured: 37220K(43712K)->26076K(43712K)
[2026-06-17T09:56:15.004+0800][23.634s][info][gc,metaspace   ] GC(556) Metaspace: 152K(384K)->152K(384K) NonClass: 147K(256K)->147K(256K) Class: 4K(128K)->4K(128K)
[2026-06-17T09:56:15.005+0800][23.634s][info][gc             ] GC(556) Pause Full (Allocation Failure) 55M->25M(61M) 8.123ms
[2026-06-17T09:56:15.005+0800][23.634s][info][gc,cpu         ] GC(556) User=0.01s Sys=0.00s Real=0.01s
[2026-06-17T09:56:15.048+0800][23.677s][info][gc,start       ] GC(557) Pause Young (Allocation Failure)
[2026-06-17T09:56:15.100+0800][23.729s][info][gc,heap        ] GC(557) DefNew: 17458K(19648K)->2171K(19648K) Eden: 17458K(17472K)->0K(17472K) From: 0K(2176K)->2171K(2176K)
[2026-06-17T09:56:15.112+0800][23.742s][info][gc,heap        ] GC(557) Tenured: 26076K(43712K)->31441K(43712K)
[2026-06-17T09:56:15.165+0800][23.794s][info][gc,metaspace   ] GC(557) Metaspace: 152K(384K)->152K(384K) NonClass: 147K(256K)->147K(256K) Class: 4K(128K)->4K(128K)
[2026-06-17T09:56:15.165+0800][23.795s][info][gc             ] GC(557) Pause Young (Allocation Failure) 42M->32M(61M) 117.576ms
[2026-06-17T09:56:15.173+0800][23.802s][info][gc,cpu         ] GC(557) User=0.00s Sys=0.00s Real=0.13s
[2026-06-17T09:56:15.222+0800][23.851s][info][gc,start       ] GC(558) Pause Young (Allocation Failure)
[2026-06-17T09:56:15.224+0800][23.854s][info][gc,heap        ] GC(558) DefNew: 19643K(19648K)->2173K(19648K) Eden: 17472K(17472K)->0K(17472K) From: 2171K(2176K)->2173K(2176K)
[2026-06-17T09:56:15.226+0800][23.855s][info][gc,heap        ] GC(558) Tenured: 31441K(43712K)->38515K(43712K)
[2026-06-17T09:56:15.227+0800][23.856s][info][gc,metaspace   ] GC(558) Metaspace: 152K(384K)->152K(384K) NonClass: 147K(256K)->147K(256K) Class: 4K(128K)->4K(128K)
[2026-06-17T09:56:15.227+0800][23.856s][info][gc             ] GC(558) Pause Young (Allocation Failure) 49M->39M(61M) 5.210ms
[2026-06-17T09:56:15.228+0800][23.857s][info][gc,cpu         ] GC(558) User=0.00s Sys=0.00s Real=0.01s
[2026-06-17T09:56:15.281+0800][23.910s][info][gc,start       ] GC(559) Pause Young (Allocation Failure)
[2026-06-17T09:56:15.282+0800][23.911s][info][gc             ] GC(559) Pause Young (Allocation Failure) 56M->56M(61M) 0.634ms
[2026-06-17T09:56:15.282+0800][23.911s][info][gc,cpu         ] GC(559) User=0.00s Sys=0.00s Real=0.00s
[2026-06-17T09:56:15.283+0800][23.912s][info][gc,start       ] GC(560) Pause Full (Allocation Failure)
[2026-06-17T09:56:15.283+0800][23.913s][info][gc,phases,start] GC(560) Phase 1: Mark live objects
[2026-06-17T09:56:15.285+0800][23.914s][info][gc,phases      ] GC(560) Phase 1: Mark live objects 1.087ms
[2026-06-17T09:56:15.285+0800][23.914s][info][gc,phases,start] GC(560) Phase 2: Compute new object addresses
[2026-06-17T09:56:15.286+0800][23.915s][info][gc,phases      ] GC(560) Phase 2: Compute new object addresses 0.869ms
[2026-06-17T09:56:15.287+0800][23.916s][info][gc,phases,start] GC(560) Phase 3: Adjust pointers
[2026-06-17T09:56:15.288+0800][23.917s][info][gc,phases      ] GC(560) Phase 3: Adjust pointers 0.878ms
[2026-06-17T09:56:15.288+0800][23.917s][info][gc,phases,start] GC(560) Phase 4: Move objects
[2026-06-17T09:56:15.291+0800][23.920s][info][gc,phases      ] GC(560) Phase 4: Move objects 2.851ms
[2026-06-17T09:56:15.291+0800][23.921s][info][gc,heap        ] GC(560) DefNew: 19645K(19648K)->0K(19648K) Eden: 17472K(17472K)->0K(17472K) From: 2173K(2176K)->0K(2176K)
[2026-06-17T09:56:15.292+0800][23.921s][info][gc,heap        ] GC(560) Tenured: 38515K(43712K)->24054K(43712K)
[2026-06-17T09:56:15.293+0800][23.922s][info][gc,metaspace   ] GC(560) Metaspace: 152K(384K)->152K(384K) NonClass: 147K(256K)->147K(256K) Class: 4K(128K)->4K(128K)
[2026-06-17T09:56:15.293+0800][23.922s][info][gc             ] GC(560) Pause Full (Allocation Failure) 56M->23M(61M) 10.434ms
[2026-06-17T09:56:15.294+0800][23.923s][info][gc,cpu         ] GC(560) User=0.00s Sys=0.00s Real=0.01s
[2026-06-17T09:56:15.327+0800][23.956s][info][gc,start       ] GC(561) Pause Young (Allocation Failure)
[2026-06-17T09:56:15.329+0800][23.958s][info][gc,heap        ] GC(561) DefNew: 17014K(19648K)->2170K(19648K) Eden: 17014K(17472K)->0K(17472K) From: 0K(2176K)->2170K(2176K)
[2026-06-17T09:56:15.330+0800][23.959s][info][gc,heap        ] GC(561) Tenured: 24054K(43712K)->28529K(43712K)
[2026-06-17T09:56:15.331+0800][23.960s][info][gc,metaspace   ] GC(561) Metaspace: 152K(384K)->152K(384K) NonClass: 147K(256K)->147K(256K) Class: 4K(128K)->4K(128K)
[2026-06-17T09:56:15.331+0800][23.960s][info][gc             ] GC(561) Pause Young (Allocation Failure) 40M->29M(61M) 4.322ms
[2026-06-17T09:56:15.332+0800][23.961s][info][gc,cpu         ] GC(561) User=0.00s Sys=0.00s Real=0.01s
[2026-06-17T09:56:15.385+0800][24.014s][info][gc,start       ] GC(562) Pause Young (Allocation Failure)
[2026-06-17T09:56:15.386+0800][24.015s][info][gc,heap        ] GC(562) DefNew: 19618K(19648K)->2132K(19648K) Eden: 17448K(17472K)->0K(17472K) From: 2170K(2176K)->2132K(2176K)
[2026-06-17T09:56:15.387+0800][24.016s][info][gc,heap        ] GC(562) Tenured: 28529K(43712K)->32035K(43712K)
[2026-06-17T09:56:15.387+0800][24.016s][info][gc,metaspace   ] GC(562) Metaspace: 152K(384K)->152K(384K) NonClass: 147K(256K)->147K(256K) Class: 4K(128K)->4K(128K)
[2026-06-17T09:56:15.388+0800][24.017s][info][gc             ] GC(562) Pause Young (Allocation Failure) 47M->33M(61M) 3.113ms
[2026-06-17T09:56:15.388+0800][24.017s][info][gc,cpu         ] GC(562) User=0.00s Sys=0.00s Real=0.00s
[2026-06-17T09:56:15.432+0800][24.061s][info][gc,start       ] GC(563) Pause Young (Allocation Failure)
[2026-06-17T09:56:15.433+0800][24.062s][info][gc,heap        ] GC(563) DefNew: 19587K(19648K)->2106K(19648K) Eden: 17454K(17472K)->0K(17472K) From: 2132K(2176K)->2106K(2176K)
[2026-06-17T09:56:15.434+0800][24.063s][info][gc,heap        ] GC(563) Tenured: 32035K(43712K)->35386K(43712K)
[2026-06-17T09:56:15.434+0800][24.063s][info][gc,metaspace   ] GC(563) Metaspace: 152K(384K)->152K(384K) NonClass: 147K(256K)->147K(256K) Class: 4K(128K)->4K(128K)
[2026-06-17T09:56:15.435+0800][24.064s][info][gc             ] GC(563) Pause Young (Allocation Failure) 50M->36M(61M) 3.233ms
[2026-06-17T09:56:15.435+0800][24.065s][info][gc,cpu         ] GC(563) User=0.00s Sys=0.00s Real=0.00s
[2026-06-17T09:56:15.479+0800][24.108s][info][gc,start       ] GC(564) Pause Young (Allocation Failure)
[2026-06-17T09:56:15.481+0800][24.110s][info][gc,heap        ] GC(564) DefNew: 19576K(19648K)->2129K(19648K) Eden: 17470K(17472K)->0K(17472K) From: 2106K(2176K)->2129K(2176K)
[2026-06-17T09:56:15.481+0800][24.110s][info][gc,heap        ] GC(564) Tenured: 35386K(43712K)->38647K(43712K)
[2026-06-17T09:56:15.481+0800][24.111s][info][gc,metaspace   ] GC(564) Metaspace: 152K(384K)->152K(384K) NonClass: 147K(256K)->147K(256K) Class: 4K(128K)->4K(128K)
[2026-06-17T09:56:15.482+0800][24.112s][info][gc             ] GC(564) Pause Young (Allocation Failure) 53M->39M(61M) 3.306ms
[2026-06-17T09:56:15.483+0800][24.112s][info][gc,cpu         ] GC(564) User=0.00s Sys=0.00s Real=0.01s
[2026-06-17T09:56:15.528+0800][24.158s][info][gc,start       ] GC(565) Pause Young (Allocation Failure)
[2026-06-17T09:56:15.529+0800][24.158s][info][gc             ] GC(565) Pause Young (Allocation Failure) 56M->56M(61M) 0.799ms
[2026-06-17T09:56:15.530+0800][24.159s][info][gc,cpu         ] GC(565) User=0.00s Sys=0.00s Real=0.00s
[2026-06-17T09:56:15.530+0800][24.159s][info][gc,start       ] GC(566) Pause Full (Allocation Failure)
[2026-06-17T09:56:15.531+0800][24.160s][info][gc,phases,start] GC(566) Phase 1: Mark live objects
[2026-06-17T09:56:15.532+0800][24.161s][info][gc,phases      ] GC(566) Phase 1: Mark live objects 1.048ms
[2026-06-17T09:56:15.532+0800][24.161s][info][gc,phases,start] GC(566) Phase 2: Compute new object addresses
[2026-06-17T09:56:15.533+0800][24.162s][info][gc,phases      ] GC(566) Phase 2: Compute new object addresses 0.867ms
[2026-06-17T09:56:15.534+0800][24.163s][info][gc,phases,start] GC(566) Phase 3: Adjust pointers
[2026-06-17T09:56:15.535+0800][24.164s][info][gc,phases      ] GC(566) Phase 3: Adjust pointers 0.890ms
[2026-06-17T09:56:15.535+0800][24.164s][info][gc,phases,start] GC(566) Phase 4: Move objects
[2026-06-17T09:56:15.538+0800][24.167s][info][gc,phases      ] GC(566) Phase 4: Move objects 3.083ms
[2026-06-17T09:56:15.539+0800][24.168s][info][gc,heap        ] GC(566) DefNew: 19586K(19648K)->0K(19648K) Eden: 17456K(17472K)->0K(17472K) From: 2129K(2176K)->0K(2176K)
[2026-06-17T09:56:15.539+0800][24.168s][info][gc,heap        ] GC(566) Tenured: 38647K(43712K)->30595K(43712K)
[2026-06-17T09:56:15.540+0800][24.169s][info][gc,metaspace   ] GC(566) Metaspace: 152K(384K)->152K(384K) NonClass: 147K(256K)->147K(256K) Class: 4K(128K)->4K(128K)
[2026-06-17T09:56:15.540+0800][24.169s][info][gc             ] GC(566) Pause Full (Allocation Failure) 56M->29M(61M) 9.791ms
[2026-06-17T09:56:15.540+0800][24.169s][info][gc,cpu         ] GC(566) User=0.00s Sys=0.00s Real=0.01s
[2026-06-17T09:56:15.583+0800][24.212s][info][gc,start       ] GC(567) Pause Young (Allocation Failure)
[2026-06-17T09:56:15.585+0800][24.214s][info][gc,heap        ] GC(567) DefNew: 17439K(19648K)->2170K(19648K) Eden: 17439K(17472K)->0K(17472K) From: 0K(2176K)->2170K(2176K)
[2026-06-17T09:56:15.586+0800][24.215s][info][gc,heap        ] GC(567) Tenured: 30595K(43712K)->35380K(43712K)
[2026-06-17T09:56:15.586+0800][24.215s][info][gc,metaspace   ] GC(567) Metaspace: 152K(384K)->152K(384K) NonClass: 147K(256K)->147K(256K) Class: 4K(128K)->4K(128K)
[2026-06-17T09:56:15.587+0800][24.216s][info][gc             ] GC(567) Pause Young (Allocation Failure) 46M->36M(61M) 3.675ms
[2026-06-17T09:56:15.587+0800][24.216s][info][gc,cpu         ] GC(567) User=0.00s Sys=0.00s Real=0.00s
[2026-06-17T09:56:15.631+0800][24.260s][info][gc,start       ] GC(568) Pause Young (Allocation Failure)
[2026-06-17T09:56:15.632+0800][24.262s][info][gc,heap        ] GC(568) DefNew: 19642K(19648K)->2129K(19648K) Eden: 17472K(17472K)->0K(17472K) From: 2170K(2176K)->2129K(2176K)
[2026-06-17T09:56:15.633+0800][24.262s][info][gc,heap        ] GC(568) Tenured: 35380K(43712K)->40319K(43712K)
[2026-06-17T09:56:15.634+0800][24.263s][info][gc,metaspace   ] GC(568) Metaspace: 152K(384K)->152K(384K) NonClass: 147K(256K)->147K(256K) Class: 4K(128K)->4K(128K)
[2026-06-17T09:56:15.634+0800][24.263s][info][gc             ] GC(568) Pause Young (Allocation Failure) 53M->41M(61M) 2.978ms
[2026-06-17T09:56:15.634+0800][24.263s][info][gc,cpu         ] GC(568) User=0.00s Sys=0.00s Real=0.00s
[2026-06-17T09:56:15.677+0800][24.306s][info][gc,start       ] GC(569) Pause Young (Allocation Failure)
[2026-06-17T09:56:15.678+0800][24.307s][info][gc             ] GC(569) Pause Young (Allocation Failure) 58M->58M(61M) 0.717ms
[2026-06-17T09:56:15.678+0800][24.308s][info][gc,cpu         ] GC(569) User=0.00s Sys=0.00s Real=0.00s
[2026-06-17T09:56:15.679+0800][24.308s][info][gc,start       ] GC(570) Pause Full (Allocation Failure)
[2026-06-17T09:56:15.679+0800][24.308s][info][gc,phases,start] GC(570) Phase 1: Mark live objects
[2026-06-17T09:56:15.680+0800][24.309s][info][gc,phases      ] GC(570) Phase 1: Mark live objects 0.851ms
[2026-06-17T09:56:15.681+0800][24.310s][info][gc,phases,start] GC(570) Phase 2: Compute new object addresses
[2026-06-17T09:56:15.681+0800][24.310s][info][gc,phases      ] GC(570) Phase 2: Compute new object addresses 0.607ms
[2026-06-17T09:56:15.682+0800][24.311s][info][gc,phases,start] GC(570) Phase 3: Adjust pointers
[2026-06-17T09:56:15.682+0800][24.311s][info][gc,phases      ] GC(570) Phase 3: Adjust pointers 0.624ms
[2026-06-17T09:56:15.683+0800][24.312s][info][gc,phases,start] GC(570) Phase 4: Move objects
[2026-06-17T09:56:15.686+0800][24.315s][info][gc,phases      ] GC(570) Phase 4: Move objects 2.763ms
[2026-06-17T09:56:15.686+0800][24.315s][info][gc,heap        ] GC(570) DefNew: 19601K(19648K)->0K(19648K) Eden: 17472K(17472K)->0K(17472K) From: 2129K(2176K)->0K(2176K)
[2026-06-17T09:56:15.687+0800][24.316s][info][gc,heap        ] GC(570) Tenured: 40319K(43712K)->30404K(43712K)
[2026-06-17T09:56:15.687+0800][24.317s][info][gc,metaspace   ] GC(570) Metaspace: 152K(384K)->152K(384K) NonClass: 147K(256K)->147K(256K) Class: 4K(128K)->4K(128K)
[2026-06-17T09:56:15.688+0800][24.317s][info][gc             ] GC(570) Pause Full (Allocation Failure) 58M->29M(61M) 9.014ms
[2026-06-17T09:56:15.688+0800][24.317s][info][gc,cpu         ] GC(570) User=0.00s Sys=0.00s Real=0.01s
[2026-06-17T09:56:15.742+0800][24.371s][info][gc,start       ] GC(571) Pause Young (Allocation Failure)
[2026-06-17T09:56:15.743+0800][24.372s][info][gc,heap        ] GC(571) DefNew: 17470K(19648K)->2136K(19648K) Eden: 17470K(17472K)->0K(17472K) From: 0K(2176K)->2136K(2176K)
[2026-06-17T09:56:15.744+0800][24.373s][info][gc,heap        ] GC(571) Tenured: 30404K(43712K)->32126K(43712K)
[2026-06-17T09:56:15.744+0800][24.373s][info][gc,metaspace   ] GC(571) Metaspace: 152K(384K)->152K(384K) NonClass: 147K(256K)->147K(256K) Class: 4K(128K)->4K(128K)
[2026-06-17T09:56:15.745+0800][24.374s][info][gc             ] GC(571) Pause Young (Allocation Failure) 46M->33M(61M) 3.259ms
[2026-06-17T09:56:15.745+0800][24.374s][info][gc,cpu         ] GC(571) User=0.00s Sys=0.00s Real=0.01s
[2026-06-17T09:56:15.789+0800][24.418s][info][gc,start       ] GC(572) Pause Young (Allocation Failure)
[2026-06-17T09:56:15.791+0800][24.420s][info][gc,heap        ] GC(572) DefNew: 19599K(19648K)->2157K(19648K) Eden: 17462K(17472K)->0K(17472K) From: 2136K(2176K)->2157K(2176K)
[2026-06-17T09:56:15.791+0800][24.420s][info][gc,heap        ] GC(572) Tenured: 32126K(43712K)->35991K(43712K)
[2026-06-17T09:56:15.792+0800][24.421s][info][gc,metaspace   ] GC(572) Metaspace: 152K(384K)->152K(384K) NonClass: 147K(256K)->147K(256K) Class: 4K(128K)->4K(128K)
[2026-06-17T09:56:15.792+0800][24.421s][info][gc             ] GC(572) Pause Young (Allocation Failure) 50M->37M(61M) 3.515ms
[2026-06-17T09:56:15.793+0800][24.422s][info][gc,cpu         ] GC(572) User=0.00s Sys=0.00s Real=0.01s
[2026-06-17T09:56:15.836+0800][24.465s][info][gc,start       ] GC(573) Pause Young (Allocation Failure)
[2026-06-17T09:56:15.838+0800][24.467s][info][gc,heap        ] GC(573) DefNew: 19629K(19648K)->2163K(19648K) Eden: 17472K(17472K)->0K(17472K) From: 2157K(2176K)->2163K(2176K)
[2026-06-17T09:56:15.838+0800][24.467s][info][gc,heap        ] GC(573) Tenured: 35991K(43712K)->39176K(43712K)
[2026-06-17T09:56:15.839+0800][24.468s][info][gc,metaspace   ] GC(573) Metaspace: 152K(384K)->152K(384K) NonClass: 147K(256K)->147K(256K) Class: 4K(128K)->4K(128K)
[2026-06-17T09:56:15.839+0800][24.468s][info][gc             ] GC(573) Pause Young (Allocation Failure) 54M->40M(61M) 3.400ms
[2026-06-17T09:56:15.840+0800][24.469s][info][gc,cpu         ] GC(573) User=0.00s Sys=0.00s Real=0.00s
[2026-06-17T09:56:15.883+0800][24.513s][info][gc,start       ] GC(574) Pause Young (Allocation Failure)
[2026-06-17T09:56:15.884+0800][24.513s][info][gc             ] GC(574) Pause Young (Allocation Failure) 57M->57M(61M) 0.650ms
[2026-06-17T09:56:15.885+0800][24.514s][info][gc,cpu         ] GC(574) User=0.00s Sys=0.00s Real=0.00s
[2026-06-17T09:56:15.885+0800][24.514s][info][gc,start       ] GC(575) Pause Full (Allocation Failure)
[2026-06-17T09:56:15.886+0800][24.515s][info][gc,phases,start] GC(575) Phase 1: Mark live objects
[2026-06-17T09:56:15.887+0800][24.516s][info][gc,phases      ] GC(575) Phase 1: Mark live objects 1.061ms
[2026-06-17T09:56:15.887+0800][24.516s][info][gc,phases,start] GC(575) Phase 2: Compute new object addresses
[2026-06-17T09:56:15.888+0800][24.517s][info][gc,phases      ] GC(575) Phase 2: Compute new object addresses 0.698ms
[2026-06-17T09:56:15.888+0800][24.518s][info][gc,phases,start] GC(575) Phase 3: Adjust pointers
[2026-06-17T09:56:15.889+0800][24.518s][info][gc,phases      ] GC(575) Phase 3: Adjust pointers 0.801ms
[2026-06-17T09:56:15.889+0800][24.519s][info][gc,phases,start] GC(575) Phase 4: Move objects
[2026-06-17T09:56:15.892+0800][24.522s][info][gc,phases      ] GC(575) Phase 4: Move objects 2.995ms
[2026-06-17T09:56:15.893+0800][24.522s][info][gc,heap        ] GC(575) DefNew: 19635K(19648K)->0K(19648K) Eden: 17472K(17472K)->0K(17472K) From: 2163K(2176K)->0K(2176K)
[2026-06-17T09:56:15.893+0800][24.522s][info][gc,heap        ] GC(575) Tenured: 39176K(43712K)->31253K(43712K)
[2026-06-17T09:56:15.894+0800][24.523s][info][gc,metaspace   ] GC(575) Metaspace: 152K(384K)->152K(384K) NonClass: 147K(256K)->147K(256K) Class: 4K(128K)->4K(128K)
[2026-06-17T09:56:15.894+0800][24.523s][info][gc             ] GC(575) Pause Full (Allocation Failure) 57M->30M(61M) 8.688ms
[2026-06-17T09:56:15.894+0800][24.523s][info][gc,cpu         ] GC(575) User=0.00s Sys=0.00s Real=0.01s
[2026-06-17T09:56:15.948+0800][24.577s][info][gc,start       ] GC(576) Pause Young (Allocation Failure)
[2026-06-17T09:56:15.949+0800][24.578s][info][gc,heap        ] GC(576) DefNew: 17432K(19648K)->2083K(19648K) Eden: 17432K(17472K)->0K(17472K) From: 0K(2176K)->2083K(2176K)
[2026-06-17T09:56:15.950+0800][24.579s][info][gc,heap        ] GC(576) Tenured: 31253K(43712K)->32514K(43712K)
[2026-06-17T09:56:15.950+0800][24.579s][info][gc,metaspace   ] GC(576) Metaspace: 152K(384K)->152K(384K) NonClass: 147K(256K)->147K(256K) Class: 4K(128K)->4K(128K)
[2026-06-17T09:56:15.951+0800][24.580s][info][gc             ] GC(576) Pause Young (Allocation Failure) 47M->33M(61M) 2.922ms
[2026-06-17T09:56:15.951+0800][24.580s][info][gc,cpu         ] GC(576) User=0.00s Sys=0.00s Real=0.01s
[2026-06-17T09:56:15.984+0800][24.613s][info][gc,start       ] GC(577) Pause Young (Allocation Failure)
[2026-06-17T09:56:15.986+0800][24.615s][info][gc,heap        ] GC(577) DefNew: 19421K(19648K)->2127K(19648K) Eden: 17338K(17472K)->0K(17472K) From: 2083K(2176K)->2127K(2176K)
[2026-06-17T09:56:15.987+0800][24.616s][info][gc,heap        ] GC(577) Tenured: 32514K(43712K)->35701K(43712K)
[2026-06-17T09:56:15.987+0800][24.616s][info][gc,metaspace   ] GC(577) Metaspace: 152K(384K)->152K(384K) NonClass: 147K(256K)->147K(256K) Class: 4K(128K)->4K(128K)
[2026-06-17T09:56:15.988+0800][24.617s][info][gc             ] GC(577) Pause Young (Allocation Failure) 50M->36M(61M) 3.396ms
[2026-06-17T09:56:15.988+0800][24.617s][info][gc,cpu         ] GC(577) User=0.00s Sys=0.00s Real=0.00s
[2026-06-17T09:56:16.041+0800][24.670s][info][gc,start       ] GC(578) Pause Young (Allocation Failure)
[2026-06-17T09:56:16.043+0800][24.672s][info][gc,heap        ] GC(578) DefNew: 19599K(19648K)->2139K(19648K) Eden: 17472K(17472K)->0K(17472K) From: 2127K(2176K)->2139K(2176K)
[2026-06-17T09:56:16.043+0800][24.672s][info][gc,heap        ] GC(578) Tenured: 35701K(43712K)->39175K(43712K)
[2026-06-17T09:56:16.044+0800][24.673s][info][gc,metaspace   ] GC(578) Metaspace: 152K(384K)->152K(384K) NonClass: 147K(256K)->147K(256K) Class: 4K(128K)->4K(128K)
[2026-06-17T09:56:16.044+0800][24.673s][info][gc             ] GC(578) Pause Young (Allocation Failure) 54M->40M(61M) 2.921ms
[2026-06-17T09:56:16.045+0800][24.674s][info][gc,cpu         ] GC(578) User=0.00s Sys=0.00s Real=0.01s
[2026-06-17T09:56:16.088+0800][24.717s][info][gc,start       ] GC(579) Pause Young (Allocation Failure)
[2026-06-17T09:56:16.088+0800][24.718s][info][gc             ] GC(579) Pause Young (Allocation Failure) 57M->57M(61M) 0.670ms
[2026-06-17T09:56:16.089+0800][24.718s][info][gc,cpu         ] GC(579) User=0.00s Sys=0.00s Real=0.00s
[2026-06-17T09:56:16.089+0800][24.718s][info][gc,start       ] GC(580) Pause Full (Allocation Failure)
[2026-06-17T09:56:16.090+0800][24.719s][info][gc,phases,start] GC(580) Phase 1: Mark live objects
[2026-06-17T09:56:16.091+0800][24.720s][info][gc,phases      ] GC(580) Phase 1: Mark live objects 0.966ms
[2026-06-17T09:56:16.091+0800][24.720s][info][gc,phases,start] GC(580) Phase 2: Compute new object addresses
[2026-06-17T09:56:16.092+0800][24.721s][info][gc,phases      ] GC(580) Phase 2: Compute new object addresses 0.752ms
[2026-06-17T09:56:16.092+0800][24.721s][info][gc,phases,start] GC(580) Phase 3: Adjust pointers
[2026-06-17T09:56:16.093+0800][24.722s][info][gc,phases      ] GC(580) Phase 3: Adjust pointers 0.914ms
[2026-06-17T09:56:16.093+0800][24.723s][info][gc,phases,start] GC(580) Phase 4: Move objects
[2026-06-17T09:56:16.096+0800][24.725s][info][gc,phases      ] GC(580) Phase 4: Move objects 2.670ms
[2026-06-17T09:56:16.097+0800][24.726s][info][gc,heap        ] GC(580) DefNew: 19611K(19648K)->0K(19648K) Eden: 17472K(17472K)->0K(17472K) From: 2139K(2176K)->0K(2176K)
[2026-06-17T09:56:16.097+0800][24.726s][info][gc,heap        ] GC(580) Tenured: 39175K(43712K)->31821K(43712K)
[2026-06-17T09:56:16.097+0800][24.726s][info][gc,metaspace   ] GC(580) Metaspace: 152K(384K)->152K(384K) NonClass: 147K(256K)->147K(256K) Class: 4K(128K)->4K(128K)
[2026-06-17T09:56:16.097+0800][24.726s][info][gc             ] GC(580) Pause Full (Allocation Failure) 57M->31M(61M) 7.949ms
[2026-06-17T09:56:16.097+0800][24.727s][info][gc,cpu         ] GC(580) User=0.01s Sys=0.00s Real=0.01s
[2026-06-17T09:56:16.140+0800][24.770s][info][gc,start       ] GC(581) Pause Young (Allocation Failure)
[2026-06-17T09:56:16.143+0800][24.772s][info][gc,heap        ] GC(581) DefNew: 17451K(19648K)->2173K(19648K) Eden: 17451K(17472K)->0K(17472K) From: 0K(2176K)->2173K(2176K)
[2026-06-17T09:56:16.143+0800][24.772s][info][gc,heap        ] GC(581) Tenured: 31821K(43712K)->37026K(43712K)
[2026-06-17T09:56:16.144+0800][24.773s][info][gc,metaspace   ] GC(581) Metaspace: 152K(384K)->152K(384K) NonClass: 147K(256K)->147K(256K) Class: 4K(128K)->4K(128K)
[2026-06-17T09:56:16.144+0800][24.773s][info][gc             ] GC(581) Pause Young (Allocation Failure) 48M->38M(61M) 3.687ms
[2026-06-17T09:56:16.145+0800][24.774s][info][gc,cpu         ] GC(581) User=0.00s Sys=0.00s Real=0.01s
[2026-06-17T09:56:16.188+0800][24.817s][info][gc,start       ] GC(582) Pause Young (Allocation Failure)
[2026-06-17T09:56:16.190+0800][24.819s][info][gc,heap        ] GC(582) DefNew: 19645K(19648K)->2171K(19648K) Eden: 17472K(17472K)->0K(17472K) From: 2173K(2176K)->2171K(2176K)
[2026-06-17T09:56:16.191+0800][24.820s][info][gc,heap        ] GC(582) Tenured: 37026K(43712K)->41841K(43712K)
[2026-06-17T09:56:16.191+0800][24.820s][info][gc,metaspace   ] GC(582) Metaspace: 152K(384K)->152K(384K) NonClass: 147K(256K)->147K(256K) Class: 4K(128K)->4K(128K)
[2026-06-17T09:56:16.192+0800][24.821s][info][gc             ] GC(582) Pause Young (Allocation Failure) 55M->42M(61M) 3.626ms
[2026-06-17T09:56:16.192+0800][24.821s][info][gc,cpu         ] GC(582) User=0.00s Sys=0.00s Real=0.01s
[2026-06-17T09:56:16.235+0800][24.864s][info][gc,start       ] GC(583) Pause Young (Allocation Failure)
[2026-06-17T09:56:16.236+0800][24.865s][info][gc             ] GC(583) Pause Young (Allocation Failure) 60M->60M(61M) 0.579ms
[2026-06-17T09:56:16.236+0800][24.865s][info][gc,cpu         ] GC(583) User=0.00s Sys=0.00s Real=0.00s
[2026-06-17T09:56:16.237+0800][24.866s][info][gc,start       ] GC(584) Pause Full (Allocation Failure)
[2026-06-17T09:56:16.237+0800][24.867s][info][gc,phases,start] GC(584) Phase 1: Mark live objects
[2026-06-17T09:56:16.238+0800][24.867s][info][gc,phases      ] GC(584) Phase 1: Mark live objects 0.916ms
[2026-06-17T09:56:16.239+0800][24.868s][info][gc,phases,start] GC(584) Phase 2: Compute new object addresses
[2026-06-17T09:56:16.240+0800][24.869s][info][gc,phases      ] GC(584) Phase 2: Compute new object addresses 0.771ms
[2026-06-17T09:56:16.240+0800][24.869s][info][gc,phases,start] GC(584) Phase 3: Adjust pointers
[2026-06-17T09:56:16.240+0800][24.870s][info][gc,phases      ] GC(584) Phase 3: Adjust pointers 0.574ms
[2026-06-17T09:56:16.241+0800][24.870s][info][gc,phases,start] GC(584) Phase 4: Move objects
[2026-06-17T09:56:16.244+0800][24.873s][info][gc,phases      ] GC(584) Phase 4: Move objects 2.935ms
[2026-06-17T09:56:16.244+0800][24.873s][info][gc,heap        ] GC(584) DefNew: 19612K(19648K)->0K(19648K) Eden: 17440K(17472K)->0K(17472K) From: 2171K(2176K)->0K(2176K)
[2026-06-17T09:56:16.244+0800][24.874s][info][gc,heap        ] GC(584) Tenured: 41841K(43712K)->28018K(43712K)
[2026-06-17T09:56:16.245+0800][24.874s][info][gc,metaspace   ] GC(584) Metaspace: 152K(384K)->152K(384K) NonClass: 147K(256K)->147K(256K) Class: 4K(128K)->4K(128K)
[2026-06-17T09:56:16.245+0800][24.874s][info][gc             ] GC(584) Pause Full (Allocation Failure) 60M->27M(61M) 8.410ms
[2026-06-17T09:56:16.245+0800][24.875s][info][gc,cpu         ] GC(584) User=0.00s Sys=0.00s Real=0.01s
[2026-06-17T09:56:16.288+0800][24.917s][info][gc,start       ] GC(585) Pause Young (Allocation Failure)
[2026-06-17T09:56:16.290+0800][24.920s][info][gc,heap        ] GC(585) DefNew: 17472K(19648K)->2168K(19648K) Eden: 17472K(17472K)->0K(17472K) From: 0K(2176K)->2168K(2176K)
[2026-06-17T09:56:16.292+0800][24.921s][info][gc,heap        ] GC(585) Tenured: 28018K(43712K)->33354K(43712K)
[2026-06-17T09:56:16.294+0800][24.923s][info][gc,metaspace   ] GC(585) Metaspace: 152K(384K)->152K(384K) NonClass: 147K(256K)->147K(256K) Class: 4K(128K)->4K(128K)
[2026-06-17T09:56:16.297+0800][24.927s][info][gc             ] GC(585) Pause Young (Allocation Failure) 44M->34M(61M) 9.310ms
[2026-06-17T09:56:16.300+0800][24.929s][info][gc,cpu         ] GC(585) User=0.00s Sys=0.00s Real=0.01s
[2026-06-17T09:56:16.354+0800][24.983s][info][gc,start       ] GC(586) Pause Young (Allocation Failure)
[2026-06-17T09:56:16.355+0800][24.984s][info][gc,heap        ] GC(586) DefNew: 19640K(19648K)->2153K(19648K) Eden: 17472K(17472K)->0K(17472K) From: 2168K(2176K)->2153K(2176K)
[2026-06-17T09:56:16.355+0800][24.984s][info][gc,heap        ] GC(586) Tenured: 33354K(43712K)->34310K(43712K)
[2026-06-17T09:56:16.355+0800][24.985s][info][gc,metaspace   ] GC(586) Metaspace: 152K(384K)->152K(384K) NonClass: 147K(256K)->147K(256K) Class: 4K(128K)->4K(128K)
[2026-06-17T09:56:16.356+0800][24.985s][info][gc             ] GC(586) Pause Young (Allocation Failure) 51M->35M(61M) 1.838ms
[2026-06-17T09:56:16.356+0800][24.985s][info][gc,cpu         ] GC(586) User=0.00s Sys=0.00s Real=0.00s
[2026-06-17T09:56:16.388+0800][25.018s][info][gc,start       ] GC(587) Pause Young (Allocation Failure)
[2026-06-17T09:56:16.390+0800][25.019s][info][gc,heap        ] GC(587) DefNew: 19587K(19648K)->2130K(19648K) Eden: 17433K(17472K)->0K(17472K) From: 2153K(2176K)->2130K(2176K)
[2026-06-17T09:56:16.391+0800][25.020s][info][gc,heap        ] GC(587) Tenured: 34310K(43712K)->37795K(43712K)
[2026-06-17T09:56:16.391+0800][25.020s][info][gc,metaspace   ] GC(587) Metaspace: 152K(384K)->152K(384K) NonClass: 147K(256K)->147K(256K) Class: 4K(128K)->4K(128K)
[2026-06-17T09:56:16.391+0800][25.020s][info][gc             ] GC(587) Pause Young (Allocation Failure) 52M->38M(61M) 2.839ms
[2026-06-17T09:56:16.392+0800][25.021s][info][gc,cpu         ] GC(587) User=0.00s Sys=0.00s Real=0.01s
[2026-06-17T09:56:16.445+0800][25.074s][info][gc,start       ] GC(588) Pause Young (Allocation Failure)
[2026-06-17T09:56:16.446+0800][25.075s][info][gc             ] GC(588) Pause Young (Allocation Failure) 56M->56M(61M) 0.660ms
[2026-06-17T09:56:16.446+0800][25.075s][info][gc,cpu         ] GC(588) User=0.00s Sys=0.00s Real=0.00s
[2026-06-17T09:56:16.447+0800][25.076s][info][gc,start       ] GC(589) Pause Full (Allocation Failure)
[2026-06-17T09:56:16.447+0800][25.076s][info][gc,phases,start] GC(589) Phase 1: Mark live objects
[2026-06-17T09:56:16.448+0800][25.077s][info][gc,phases      ] GC(589) Phase 1: Mark live objects 0.991ms
[2026-06-17T09:56:16.449+0800][25.078s][info][gc,phases,start] GC(589) Phase 2: Compute new object addresses
[2026-06-17T09:56:16.450+0800][25.079s][info][gc,phases      ] GC(589) Phase 2: Compute new object addresses 0.835ms
[2026-06-17T09:56:16.450+0800][25.079s][info][gc,phases,start] GC(589) Phase 3: Adjust pointers
[2026-06-17T09:56:16.451+0800][25.080s][info][gc,phases      ] GC(589) Phase 3: Adjust pointers 0.909ms
[2026-06-17T09:56:16.451+0800][25.080s][info][gc,phases,start] GC(589) Phase 4: Move objects
[2026-06-17T09:56:16.454+0800][25.083s][info][gc,phases      ] GC(589) Phase 4: Move objects 2.778ms
[2026-06-17T09:56:16.454+0800][25.084s][info][gc,heap        ] GC(589) DefNew: 19563K(19648K)->0K(19648K) Eden: 17433K(17472K)->0K(17472K) From: 2130K(2176K)->0K(2176K)
[2026-06-17T09:56:16.455+0800][25.084s][info][gc,heap        ] GC(589) Tenured: 37795K(43712K)->29753K(43712K)
[2026-06-17T09:56:16.455+0800][25.084s][info][gc,metaspace   ] GC(589) Metaspace: 152K(384K)->152K(384K) NonClass: 147K(256K)->147K(256K) Class: 4K(128K)->4K(128K)
[2026-06-17T09:56:16.455+0800][25.084s][info][gc             ] GC(589) Pause Full (Allocation Failure) 56M->29M(61M) 8.078ms
[2026-06-17T09:56:16.455+0800][25.084s][info][gc,cpu         ] GC(589) User=0.01s Sys=0.00s Real=0.01s
[2026-06-17T09:56:16.501+0800][25.130s][info][gc,start       ] GC(590) Pause Young (Allocation Failure)
[2026-06-17T09:56:16.502+0800][25.131s][info][gc,heap        ] GC(590) DefNew: 17472K(19648K)->2174K(19648K) Eden: 17472K(17472K)->0K(17472K) From: 0K(2176K)->2174K(2176K)
[2026-06-17T09:56:16.502+0800][25.132s][info][gc,heap        ] GC(590) Tenured: 29753K(43712K)->34315K(43712K)
[2026-06-17T09:56:16.503+0800][25.132s][info][gc,metaspace   ] GC(590) Metaspace: 152K(384K)->152K(384K) NonClass: 147K(256K)->147K(256K) Class: 4K(128K)->4K(128K)
[2026-06-17T09:56:16.503+0800][25.132s][info][gc             ] GC(590) Pause Young (Allocation Failure) 46M->35M(61M) 2.244ms
[2026-06-17T09:56:16.503+0800][25.133s][info][gc,cpu         ] GC(590) User=0.00s Sys=0.00s Real=0.01s
[2026-06-17T09:56:16.546+0800][25.176s][info][gc,start       ] GC(591) Pause Young (Allocation Failure)
[2026-06-17T09:56:16.549+0800][25.178s][info][gc,heap        ] GC(591) DefNew: 19646K(19648K)->2128K(19648K) Eden: 17472K(17472K)->0K(17472K) From: 2174K(2176K)->2128K(2176K)
[2026-06-17T09:56:16.549+0800][25.178s][info][gc,heap        ] GC(591) Tenured: 34315K(43712K)->40265K(43712K)
[2026-06-17T09:56:16.549+0800][25.179s][info][gc,metaspace   ] GC(591) Metaspace: 152K(384K)->152K(384K) NonClass: 147K(256K)->147K(256K) Class: 4K(128K)->4K(128K)
[2026-06-17T09:56:16.550+0800][25.179s][info][gc             ] GC(591) Pause Young (Allocation Failure) 52M->41M(61M) 3.327ms
[2026-06-17T09:56:16.550+0800][25.179s][info][gc,cpu         ] GC(591) User=0.00s Sys=0.00s Real=0.00s
[2026-06-17T09:56:16.594+0800][25.223s][info][gc,start       ] GC(592) Pause Young (Allocation Failure)
[2026-06-17T09:56:16.594+0800][25.223s][info][gc             ] GC(592) Pause Young (Allocation Failure) 58M->58M(61M) 0.659ms
[2026-06-17T09:56:16.595+0800][25.224s][info][gc,cpu         ] GC(592) User=0.00s Sys=0.00s Real=0.00s
[2026-06-17T09:56:16.595+0800][25.225s][info][gc,start       ] GC(593) Pause Full (Allocation Failure)
[2026-06-17T09:56:16.596+0800][25.225s][info][gc,phases,start] GC(593) Phase 1: Mark live objects
[2026-06-17T09:56:16.597+0800][25.226s][info][gc,phases      ] GC(593) Phase 1: Mark live objects 1.246ms
[2026-06-17T09:56:16.598+0800][25.227s][info][gc,phases,start] GC(593) Phase 2: Compute new object addresses
[2026-06-17T09:56:16.599+0800][25.228s][info][gc,phases      ] GC(593) Phase 2: Compute new object addresses 0.802ms
[2026-06-17T09:56:16.599+0800][25.228s][info][gc,phases,start] GC(593) Phase 3: Adjust pointers
[2026-06-17T09:56:16.600+0800][25.229s][info][gc,phases      ] GC(593) Phase 3: Adjust pointers 0.682ms
[2026-06-17T09:56:16.600+0800][25.229s][info][gc,phases,start] GC(593) Phase 4: Move objects
[2026-06-17T09:56:16.603+0800][25.232s][info][gc,phases      ] GC(593) Phase 4: Move objects 2.753ms
[2026-06-17T09:56:16.603+0800][25.232s][info][gc,heap        ] GC(593) DefNew: 19596K(19648K)->0K(19648K) Eden: 17467K(17472K)->0K(17472K) From: 2128K(2176K)->0K(2176K)
[2026-06-17T09:56:16.603+0800][25.233s][info][gc,heap        ] GC(593) Tenured: 40265K(43712K)->30009K(43712K)
[2026-06-17T09:56:16.604+0800][25.233s][info][gc,metaspace   ] GC(593) Metaspace: 152K(384K)->152K(384K) NonClass: 147K(256K)->147K(256K) Class: 4K(128K)->4K(128K)
[2026-06-17T09:56:16.604+0800][25.233s][info][gc             ] GC(593) Pause Full (Allocation Failure) 58M->29M(61M) 8.626ms
[2026-06-17T09:56:16.604+0800][25.233s][info][gc,cpu         ] GC(593) User=0.00s Sys=0.00s Real=0.01s
[2026-06-17T09:56:16.647+0800][25.276s][info][gc,start       ] GC(594) Pause Young (Allocation Failure)
[2026-06-17T09:56:16.649+0800][25.278s][info][gc,heap        ] GC(594) DefNew: 17287K(19648K)->2121K(19648K) Eden: 17287K(17472K)->0K(17472K) From: 0K(2176K)->2121K(2176K)
[2026-06-17T09:56:16.649+0800][25.278s][info][gc,heap        ] GC(594) Tenured: 30009K(43712K)->31590K(43712K)
[2026-06-17T09:56:16.650+0800][25.279s][info][gc,metaspace   ] GC(594) Metaspace: 152K(384K)->152K(384K) NonClass: 147K(256K)->147K(256K) Class: 4K(128K)->4K(128K)
[2026-06-17T09:56:16.650+0800][25.279s][info][gc             ] GC(594) Pause Young (Allocation Failure) 46M->32M(61M) 3.171ms
[2026-06-17T09:56:16.651+0800][25.280s][info][gc,cpu         ] GC(594) User=0.00s Sys=0.00s Real=0.01s
[2026-06-17T09:56:16.694+0800][25.323s][info][gc,start       ] GC(595) Pause Young (Allocation Failure)
[2026-06-17T09:56:16.697+0800][25.326s][info][gc,heap        ] GC(595) DefNew: 19565K(19648K)->2173K(19648K) Eden: 17443K(17472K)->0K(17472K) From: 2121K(2176K)->2173K(2176K)
[2026-06-17T09:56:16.697+0800][25.326s][info][gc,heap        ] GC(595) Tenured: 31590K(43712K)->38416K(43712K)
[2026-06-17T09:56:16.698+0800][25.327s][info][gc,metaspace   ] GC(595) Metaspace: 152K(384K)->152K(384K) NonClass: 147K(256K)->147K(256K) Class: 4K(128K)->4K(128K)
[2026-06-17T09:56:16.698+0800][25.327s][info][gc             ] GC(595) Pause Young (Allocation Failure) 49M->39M(61M) 4.063ms
[2026-06-17T09:56:16.699+0800][25.328s][info][gc,cpu         ] GC(595) User=0.00s Sys=0.00s Real=0.00s
[2026-06-17T09:56:16.753+0800][25.382s][info][gc,start       ] GC(596) Pause Young (Allocation Failure)
[2026-06-17T09:56:16.754+0800][25.383s][info][gc             ] GC(596) Pause Young (Allocation Failure) 56M->56M(61M) 0.885ms
[2026-06-17T09:56:16.754+0800][25.383s][info][gc,cpu         ] GC(596) User=0.00s Sys=0.00s Real=0.00s
[2026-06-17T09:56:16.755+0800][25.384s][info][gc,start       ] GC(597) Pause Full (Allocation Failure)
[2026-06-17T09:56:16.755+0800][25.384s][info][gc,phases,start] GC(597) Phase 1: Mark live objects
[2026-06-17T09:56:16.756+0800][25.385s][info][gc,phases      ] GC(597) Phase 1: Mark live objects 1.047ms
[2026-06-17T09:56:16.757+0800][25.386s][info][gc,phases,start] GC(597) Phase 2: Compute new object addresses
[2026-06-17T09:56:16.757+0800][25.387s][info][gc,phases      ] GC(597) Phase 2: Compute new object addresses 0.786ms
[2026-06-17T09:56:16.758+0800][25.387s][info][gc,phases,start] GC(597) Phase 3: Adjust pointers
[2026-06-17T09:56:16.759+0800][25.388s][info][gc,phases      ] GC(597) Phase 3: Adjust pointers 0.836ms
[2026-06-17T09:56:16.759+0800][25.388s][info][gc,phases,start] GC(597) Phase 4: Move objects
[2026-06-17T09:56:16.762+0800][25.391s][info][gc,phases      ] GC(597) Phase 4: Move objects 2.595ms
[2026-06-17T09:56:16.762+0800][25.391s][info][gc,heap        ] GC(597) DefNew: 19645K(19648K)->0K(19648K) Eden: 17472K(17472K)->0K(17472K) From: 2173K(2176K)->0K(2176K)
[2026-06-17T09:56:16.763+0800][25.392s][info][gc,heap        ] GC(597) Tenured: 38416K(43712K)->27546K(43712K)
[2026-06-17T09:56:16.763+0800][25.392s][info][gc,metaspace   ] GC(597) Metaspace: 152K(384K)->152K(384K) NonClass: 147K(256K)->147K(256K) Class: 4K(128K)->4K(128K)
[2026-06-17T09:56:16.763+0800][25.393s][info][gc             ] GC(597) Pause Full (Allocation Failure) 56M->26M(61M) 8.731ms
[2026-06-17T09:56:16.764+0800][25.393s][info][gc,cpu         ] GC(597) User=0.01s Sys=0.00s Real=0.01s
[2026-06-17T09:56:16.796+0800][25.425s][info][gc,start       ] GC(598) Pause Young (Allocation Failure)
[2026-06-17T09:56:16.798+0800][25.427s][info][gc,heap        ] GC(598) DefNew: 17289K(19648K)->2161K(19648K) Eden: 17289K(17472K)->0K(17472K) From: 0K(2176K)->2161K(2176K)
[2026-06-17T09:56:16.799+0800][25.428s][info][gc,heap        ] GC(598) Tenured: 27546K(43712K)->32329K(43712K)
[2026-06-17T09:56:16.799+0800][25.428s][info][gc,metaspace   ] GC(598) Metaspace: 152K(384K)->152K(384K) NonClass: 147K(256K)->147K(256K) Class: 4K(128K)->4K(128K)
[2026-06-17T09:56:16.800+0800][25.429s][info][gc             ] GC(598) Pause Young (Allocation Failure) 43M->33M(61M) 3.290ms
[2026-06-17T09:56:16.800+0800][25.429s][info][gc,cpu         ] GC(598) User=0.00s Sys=0.00s Real=0.00s
[2026-06-17T09:56:16.854+0800][25.484s][info][gc,start       ] GC(599) Pause Young (Allocation Failure)
[2026-06-17T09:56:16.856+0800][25.485s][info][gc,heap        ] GC(599) DefNew: 19622K(19648K)->2058K(19648K) Eden: 17461K(17472K)->0K(17472K) From: 2161K(2176K)->2058K(2176K)
[2026-06-17T09:56:16.857+0800][25.486s][info][gc,heap        ] GC(599) Tenured: 32329K(43712K)->36355K(43712K)
[2026-06-17T09:56:16.857+0800][25.486s][info][gc,metaspace   ] GC(599) Metaspace: 152K(384K)->152K(384K) NonClass: 147K(256K)->147K(256K) Class: 4K(128K)->4K(128K)
[2026-06-17T09:56:16.857+0800][25.486s][info][gc             ] GC(599) Pause Young (Allocation Failure) 50M->37M(61M) 2.899ms
[2026-06-17T09:56:16.858+0800][25.487s][info][gc,cpu         ] GC(599) User=0.00s Sys=0.00s Real=0.00s
[2026-06-17T09:56:16.901+0800][25.530s][info][gc,start       ] GC(600) Pause Young (Allocation Failure)
[2026-06-17T09:56:16.903+0800][25.532s][info][gc             ] GC(600) Pause Young (Allocation Failure) 54M->54M(61M) 1.652ms
[2026-06-17T09:56:16.905+0800][25.534s][info][gc,cpu         ] GC(600) User=0.00s Sys=0.00s Real=0.01s
[2026-06-17T09:56:16.906+0800][25.535s][info][gc,start       ] GC(601) Pause Full (Allocation Failure)
[2026-06-17T09:56:16.907+0800][25.536s][info][gc,phases,start] GC(601) Phase 1: Mark live objects
[2026-06-17T09:56:16.911+0800][25.540s][info][gc,phases      ] GC(601) Phase 1: Mark live objects 3.671ms
[2026-06-17T09:56:16.913+0800][25.542s][info][gc,phases,start] GC(601) Phase 2: Compute new object addresses
[2026-06-17T09:56:16.914+0800][25.543s][info][gc,phases      ] GC(601) Phase 2: Compute new object addresses 0.914ms
[2026-06-17T09:56:16.914+0800][25.543s][info][gc,phases,start] GC(601) Phase 3: Adjust pointers
[2026-06-17T09:56:16.915+0800][25.544s][info][gc,phases      ] GC(601) Phase 3: Adjust pointers 0.961ms
[2026-06-17T09:56:16.916+0800][25.545s][info][gc,phases,start] GC(601) Phase 4: Move objects
[2026-06-17T09:56:16.918+0800][25.547s][info][gc,phases      ] GC(601) Phase 4: Move objects 2.475ms
[2026-06-17T09:56:16.919+0800][25.548s][info][gc,heap        ] GC(601) DefNew: 19526K(19648K)->0K(19648K) Eden: 17468K(17472K)->0K(17472K) From: 2058K(2176K)->0K(2176K)
[2026-06-17T09:56:16.919+0800][25.548s][info][gc,heap        ] GC(601) Tenured: 36355K(43712K)->28062K(43712K)
[2026-06-17T09:56:16.919+0800][25.548s][info][gc,metaspace   ] GC(601) Metaspace: 152K(384K)->152K(384K) NonClass: 147K(256K)->147K(256K) Class: 4K(128K)->4K(128K)
[2026-06-17T09:56:16.919+0800][25.549s][info][gc             ] GC(601) Pause Full (Allocation Failure) 54M->27M(61M) 13.175ms
[2026-06-17T09:56:16.920+0800][25.549s][info][gc,cpu         ] GC(601) User=0.00s Sys=0.00s Real=0.01s
[2026-06-17T09:56:16.963+0800][25.592s][info][gc,start       ] GC(602) Pause Young (Allocation Failure)
[2026-06-17T09:56:16.964+0800][25.593s][info][gc,heap        ] GC(602) DefNew: 17435K(19648K)->2174K(19648K) Eden: 17435K(17472K)->0K(17472K) From: 0K(2176K)->2174K(2176K)
[2026-06-17T09:56:16.964+0800][25.594s][info][gc,heap        ] GC(602) Tenured: 28062K(43712K)->32855K(43712K)
[2026-06-17T09:56:16.965+0800][25.594s][info][gc,metaspace   ] GC(602) Metaspace: 152K(384K)->152K(384K) NonClass: 147K(256K)->147K(256K) Class: 4K(128K)->4K(128K)
[2026-06-17T09:56:16.965+0800][25.594s][info][gc             ] GC(602) Pause Young (Allocation Failure) 44M->34M(61M) 2.725ms
[2026-06-17T09:56:16.966+0800][25.595s][info][gc,cpu         ] GC(602) User=0.00s Sys=0.00s Real=0.00s
[2026-06-17T09:56:17.009+0800][25.638s][info][gc,start       ] GC(603) Pause Young (Allocation Failure)
[2026-06-17T09:56:17.010+0800][25.639s][info][gc,heap        ] GC(603) DefNew: 19646K(19648K)->2168K(19648K) Eden: 17472K(17472K)->0K(17472K) From: 2174K(2176K)->2168K(2176K)
[2026-06-17T09:56:17.011+0800][25.640s][info][gc,heap        ] GC(603) Tenured: 32855K(43712K)->37786K(43712K)
[2026-06-17T09:56:17.011+0800][25.640s][info][gc,metaspace   ] GC(603) Metaspace: 152K(384K)->152K(384K) NonClass: 147K(256K)->147K(256K) Class: 4K(128K)->4K(128K)
[2026-06-17T09:56:17.012+0800][25.641s][info][gc             ] GC(603) Pause Young (Allocation Failure) 51M->39M(61M) 2.754ms
[2026-06-17T09:56:17.012+0800][25.641s][info][gc,cpu         ] GC(603) User=0.00s Sys=0.00s Real=0.01s
[2026-06-17T09:56:17.055+0800][25.684s][info][gc,start       ] GC(604) Pause Young (Allocation Failure)
[2026-06-17T09:56:17.056+0800][25.685s][info][gc             ] GC(604) Pause Young (Allocation Failure) 55M->55M(61M) 0.703ms
[2026-06-17T09:56:17.056+0800][25.685s][info][gc,cpu         ] GC(604) User=0.00s Sys=0.00s Real=0.00s
[2026-06-17T09:56:17.057+0800][25.686s][info][gc,start       ] GC(605) Pause Full (Allocation Failure)
[2026-06-17T09:56:17.058+0800][25.687s][info][gc,phases,start] GC(605) Phase 1: Mark live objects
[2026-06-17T09:56:17.059+0800][25.688s][info][gc,phases      ] GC(605) Phase 1: Mark live objects 1.250ms
[2026-06-17T09:56:17.060+0800][25.689s][info][gc,phases,start] GC(605) Phase 2: Compute new object addresses
[2026-06-17T09:56:17.060+0800][25.689s][info][gc,phases      ] GC(605) Phase 2: Compute new object addresses 0.580ms
[2026-06-17T09:56:17.061+0800][25.690s][info][gc,phases,start] GC(605) Phase 3: Adjust pointers
[2026-06-17T09:56:17.061+0800][25.690s][info][gc,phases      ] GC(605) Phase 3: Adjust pointers 0.712ms
[2026-06-17T09:56:17.062+0800][25.691s][info][gc,phases,start] GC(605) Phase 4: Move objects
[2026-06-17T09:56:17.064+0800][25.693s][info][gc,phases      ] GC(605) Phase 4: Move objects 2.088ms
[2026-06-17T09:56:17.064+0800][25.693s][info][gc,heap        ] GC(605) DefNew: 19542K(19648K)->0K(19648K) Eden: 17373K(17472K)->0K(17472K) From: 2168K(2176K)->0K(2176K)
[2026-06-17T09:56:17.064+0800][25.693s][info][gc,heap        ] GC(605) Tenured: 37786K(43712K)->25289K(43712K)
[2026-06-17T09:56:17.065+0800][25.694s][info][gc,metaspace   ] GC(605) Metaspace: 152K(384K)->152K(384K) NonClass: 147K(256K)->147K(256K) Class: 4K(128K)->4K(128K)
[2026-06-17T09:56:17.065+0800][25.694s][info][gc             ] GC(605) Pause Full (Allocation Failure) 55M->24M(61M) 8.193ms
[2026-06-17T09:56:17.065+0800][25.694s][info][gc,cpu         ] GC(605) User=0.00s Sys=0.00s Real=0.01s
[2026-06-17T09:56:17.118+0800][25.747s][info][gc,start       ] GC(606) Pause Young (Allocation Failure)
[2026-06-17T09:56:17.120+0800][25.749s][info][gc,heap        ] GC(606) DefNew: 17447K(19648K)->2119K(19648K) Eden: 17447K(17472K)->0K(17472K) From: 0K(2176K)->2119K(2176K)
[2026-06-17T09:56:17.120+0800][25.749s][info][gc,heap        ] GC(606) Tenured: 25289K(43712K)->26332K(43712K)
[2026-06-17T09:56:17.121+0800][25.750s][info][gc,metaspace   ] GC(606) Metaspace: 152K(384K)->152K(384K) NonClass: 147K(256K)->147K(256K) Class: 4K(128K)->4K(128K)
[2026-06-17T09:56:17.121+0800][25.750s][info][gc             ] GC(606) Pause Young (Allocation Failure) 41M->27M(61M) 2.764ms
[2026-06-17T09:56:17.121+0800][25.751s][info][gc,cpu         ] GC(606) User=0.00s Sys=0.00s Real=0.00s
[2026-06-17T09:56:17.164+0800][25.794s][info][gc,start       ] GC(607) Pause Young (Allocation Failure)
[2026-06-17T09:56:17.166+0800][25.795s][info][gc,heap        ] GC(607) DefNew: 19560K(19648K)->2127K(19648K) Eden: 17440K(17472K)->0K(17472K) From: 2119K(2176K)->2127K(2176K)
[2026-06-17T09:56:17.167+0800][25.796s][info][gc,heap        ] GC(607) Tenured: 26332K(43712K)->29646K(43712K)
[2026-06-17T09:56:17.167+0800][25.796s][info][gc,metaspace   ] GC(607) Metaspace: 152K(384K)->152K(384K) NonClass: 147K(256K)->147K(256K) Class: 4K(128K)->4K(128K)
[2026-06-17T09:56:17.168+0800][25.797s][info][gc             ] GC(607) Pause Young (Allocation Failure) 44M->31M(61M) 3.162ms
[2026-06-17T09:56:17.168+0800][25.797s][info][gc,cpu         ] GC(607) User=0.00s Sys=0.00s Real=0.00s
[2026-06-17T09:56:17.211+0800][25.840s][info][gc,start       ] GC(608) Pause Young (Allocation Failure)
[2026-06-17T09:56:17.212+0800][25.841s][info][gc,heap        ] GC(608) DefNew: 19599K(19648K)->2145K(19648K) Eden: 17472K(17472K)->0K(17472K) From: 2127K(2176K)->2145K(2176K)
[2026-06-17T09:56:17.212+0800][25.841s][info][gc,heap        ] GC(608) Tenured: 29646K(43712K)->33167K(43712K)
[2026-06-17T09:56:17.212+0800][25.842s][info][gc,metaspace   ] GC(608) Metaspace: 152K(384K)->152K(384K) NonClass: 147K(256K)->147K(256K) Class: 4K(128K)->4K(128K)
[2026-06-17T09:56:17.213+0800][25.842s][info][gc             ] GC(608) Pause Young (Allocation Failure) 48M->34M(61M) 2.063ms
[2026-06-17T09:56:17.213+0800][25.842s][info][gc,cpu         ] GC(608) User=0.00s Sys=0.00s Real=0.00s
[2026-06-17T09:56:17.255+0800][25.884s][info][gc,start       ] GC(609) Pause Young (Allocation Failure)
[2026-06-17T09:56:17.263+0800][25.892s][info][gc,heap        ] GC(609) DefNew: 19617K(19648K)->2173K(19648K) Eden: 17472K(17472K)->0K(17472K) From: 2145K(2176K)->2173K(2176K)
[2026-06-17T09:56:17.264+0800][25.893s][info][gc,heap        ] GC(609) Tenured: 33167K(43712K)->36835K(43712K)
[2026-06-17T09:56:17.264+0800][25.893s][info][gc,metaspace   ] GC(609) Metaspace: 152K(384K)->152K(384K) NonClass: 147K(256K)->147K(256K) Class: 4K(128K)->4K(128K)
[2026-06-17T09:56:17.265+0800][25.894s][info][gc             ] GC(609) Pause Young (Allocation Failure) 51M->38M(61M) 9.659ms
[2026-06-17T09:56:17.266+0800][25.895s][info][gc,cpu         ] GC(609) User=0.00s Sys=0.00s Real=0.01s
[2026-06-17T09:56:17.308+0800][25.937s][info][gc,start       ] GC(610) Pause Young (Allocation Failure)
[2026-06-17T09:56:17.315+0800][25.944s][info][gc             ] GC(610) Pause Young (Allocation Failure) 55M->55M(61M) 7.061ms
[2026-06-17T09:56:17.318+0800][25.947s][info][gc,cpu         ] GC(610) User=0.00s Sys=0.00s Real=0.01s
[2026-06-17T09:56:17.319+0800][25.948s][info][gc,start       ] GC(611) Pause Full (Allocation Failure)
[2026-06-17T09:56:17.319+0800][25.948s][info][gc,phases,start] GC(611) Phase 1: Mark live objects
[2026-06-17T09:56:17.320+0800][25.949s][info][gc,phases      ] GC(611) Phase 1: Mark live objects 0.955ms
[2026-06-17T09:56:17.321+0800][25.950s][info][gc,phases,start] GC(611) Phase 2: Compute new object addresses
[2026-06-17T09:56:17.322+0800][25.951s][info][gc,phases      ] GC(611) Phase 2: Compute new object addresses 1.059ms
[2026-06-17T09:56:17.324+0800][25.953s][info][gc,phases,start] GC(611) Phase 3: Adjust pointers
[2026-06-17T09:56:17.330+0800][25.959s][info][gc,phases      ] GC(611) Phase 3: Adjust pointers 6.366ms
[2026-06-17T09:56:17.330+0800][25.960s][info][gc,phases,start] GC(611) Phase 4: Move objects
[2026-06-17T09:56:17.334+0800][25.963s][info][gc,phases      ] GC(611) Phase 4: Move objects 3.342ms
[2026-06-17T09:56:17.335+0800][25.964s][info][gc,heap        ] GC(611) DefNew: 19645K(19648K)->0K(19648K) Eden: 17472K(17472K)->0K(17472K) From: 2173K(2176K)->0K(2176K)
[2026-06-17T09:56:17.336+0800][25.965s][info][gc,heap        ] GC(611) Tenured: 36835K(43712K)->23886K(43712K)
[2026-06-17T09:56:17.336+0800][25.965s][info][gc,metaspace   ] GC(611) Metaspace: 152K(384K)->152K(384K) NonClass: 147K(256K)->147K(256K) Class: 4K(128K)->4K(128K)
[2026-06-17T09:56:17.337+0800][25.966s][info][gc             ] GC(611) Pause Full (Allocation Failure) 55M->23M(61M) 18.068ms
[2026-06-17T09:56:17.337+0800][25.966s][info][gc,cpu         ] GC(611) User=0.00s Sys=0.00s Real=0.02s
[2026-06-17T09:56:17.390+0800][26.019s][info][gc,start       ] GC(612) Pause Young (Allocation Failure)
[2026-06-17T09:56:17.391+0800][26.020s][info][gc,heap        ] GC(612) DefNew: 17424K(19648K)->2167K(19648K) Eden: 17424K(17472K)->0K(17472K) From: 0K(2176K)->2167K(2176K)
[2026-06-17T09:56:17.392+0800][26.021s][info][gc,heap        ] GC(612) Tenured: 23886K(43712K)->25752K(43712K)
[2026-06-17T09:56:17.392+0800][26.021s][info][gc,metaspace   ] GC(612) Metaspace: 152K(384K)->152K(384K) NonClass: 147K(256K)->147K(256K) Class: 4K(128K)->4K(128K)
[2026-06-17T09:56:17.393+0800][26.022s][info][gc             ] GC(612) Pause Young (Allocation Failure) 40M->27M(61M) 2.572ms
[2026-06-17T09:56:17.393+0800][26.022s][info][gc,cpu         ] GC(612) User=0.00s Sys=0.00s Real=0.01s
[2026-06-17T09:56:17.436+0800][26.065s][info][gc,start       ] GC(613) Pause Young (Allocation Failure)
[2026-06-17T09:56:17.437+0800][26.066s][info][gc,heap        ] GC(613) DefNew: 19605K(19648K)->2164K(19648K) Eden: 17438K(17472K)->0K(17472K) From: 2167K(2176K)->2164K(2176K)
[2026-06-17T09:56:17.437+0800][26.066s][info][gc,heap        ] GC(613) Tenured: 25752K(43712K)->29586K(43712K)
[2026-06-17T09:56:17.437+0800][26.066s][info][gc,metaspace   ] GC(613) Metaspace: 152K(384K)->152K(384K) NonClass: 147K(256K)->147K(256K) Class: 4K(128K)->4K(128K)
[2026-06-17T09:56:17.437+0800][26.067s][info][gc             ] GC(613) Pause Young (Allocation Failure) 44M->31M(61M) 1.670ms
[2026-06-17T09:56:17.438+0800][26.067s][info][gc,cpu         ] GC(613) User=0.00s Sys=0.00s Real=0.00s
[2026-06-17T09:56:17.481+0800][26.110s][info][gc,start       ] GC(614) Pause Young (Allocation Failure)
[2026-06-17T09:56:17.483+0800][26.112s][info][gc,heap        ] GC(614) DefNew: 19636K(19648K)->2154K(19648K) Eden: 17472K(17472K)->0K(17472K) From: 2164K(2176K)->2154K(2176K)
[2026-06-17T09:56:17.484+0800][26.113s][info][gc,heap        ] GC(614) Tenured: 29586K(43712K)->33995K(43712K)
[2026-06-17T09:56:17.488+0800][26.118s][info][gc,metaspace   ] GC(614) Metaspace: 152K(384K)->152K(384K) NonClass: 147K(256K)->147K(256K) Class: 4K(128K)->4K(128K)
[2026-06-17T09:56:17.492+0800][26.121s][info][gc             ] GC(614) Pause Young (Allocation Failure) 48M->35M(61M) 11.624ms
[2026-06-17T09:56:17.494+0800][26.123s][info][gc,cpu         ] GC(614) User=0.00s Sys=0.00s Real=0.02s
[2026-06-17T09:56:17.548+0800][26.177s][info][gc,start       ] GC(615) Pause Young (Allocation Failure)
[2026-06-17T09:56:17.549+0800][26.178s][info][gc,heap        ] GC(615) DefNew: 19593K(19648K)->1927K(19648K) Eden: 17438K(17472K)->0K(17472K) From: 2154K(2176K)->1927K(2176K)
[2026-06-17T09:56:17.550+0800][26.179s][info][gc,heap        ] GC(615) Tenured: 33995K(43712K)->34251K(43712K)
[2026-06-17T09:56:17.550+0800][26.179s][info][gc,metaspace   ] GC(615) Metaspace: 152K(384K)->152K(384K) NonClass: 147K(256K)->147K(256K) Class: 4K(128K)->4K(128K)
[2026-06-17T09:56:17.551+0800][26.180s][info][gc             ] GC(615) Pause Young (Allocation Failure) 52M->35M(61M) 2.575ms
[2026-06-17T09:56:17.551+0800][26.180s][info][gc,cpu         ] GC(615) User=0.00s Sys=0.00s Real=0.01s
[2026-06-17T09:56:17.583+0800][26.212s][info][gc,start       ] GC(616) Pause Young (Allocation Failure)
[2026-06-17T09:56:17.585+0800][26.214s][info][gc,heap        ] GC(616) DefNew: 19336K(19648K)->2123K(19648K) Eden: 17408K(17472K)->0K(17472K) From: 1927K(2176K)->2123K(2176K)
[2026-06-17T09:56:17.586+0800][26.215s][info][gc,heap        ] GC(616) Tenured: 34251K(43712K)->37242K(43712K)
[2026-06-17T09:56:17.588+0800][26.217s][info][gc,metaspace   ] GC(616) Metaspace: 152K(384K)->152K(384K) NonClass: 147K(256K)->147K(256K) Class: 4K(128K)->4K(128K)
[2026-06-17T09:56:17.588+0800][26.217s][info][gc             ] GC(616) Pause Young (Allocation Failure) 52M->38M(61M) 4.902ms
[2026-06-17T09:56:17.589+0800][26.218s][info][gc,cpu         ] GC(616) User=0.00s Sys=0.00s Real=0.00s
[2026-06-17T09:56:17.632+0800][26.261s][info][gc,start       ] GC(617) Pause Young (Allocation Failure)
[2026-06-17T09:56:17.632+0800][26.262s][info][gc             ] GC(617) Pause Young (Allocation Failure) 55M->55M(61M) 0.420ms
[2026-06-17T09:56:17.633+0800][26.262s][info][gc,cpu         ] GC(617) User=0.00s Sys=0.00s Real=0.00s
[2026-06-17T09:56:17.633+0800][26.262s][info][gc,start       ] GC(618) Pause Full (Allocation Failure)
[2026-06-17T09:56:17.634+0800][26.263s][info][gc,phases,start] GC(618) Phase 1: Mark live objects
[2026-06-17T09:56:17.634+0800][26.263s][info][gc,phases      ] GC(618) Phase 1: Mark live objects 0.599ms
[2026-06-17T09:56:17.635+0800][26.264s][info][gc,phases,start] GC(618) Phase 2: Compute new object addresses
[2026-06-17T09:56:17.635+0800][26.264s][info][gc,phases      ] GC(618) Phase 2: Compute new object addresses 0.478ms
[2026-06-17T09:56:17.635+0800][26.265s][info][gc,phases,start] GC(618) Phase 3: Adjust pointers
[2026-06-17T09:56:17.636+0800][26.265s][info][gc,phases      ] GC(618) Phase 3: Adjust pointers 0.452ms
[2026-06-17T09:56:17.636+0800][26.265s][info][gc,phases,start] GC(618) Phase 4: Move objects
[2026-06-17T09:56:17.638+0800][26.267s][info][gc,phases      ] GC(618) Phase 4: Move objects 1.876ms
[2026-06-17T09:56:17.639+0800][26.268s][info][gc,heap        ] GC(618) DefNew: 19320K(19648K)->0K(19648K) Eden: 17197K(17472K)->0K(17472K) From: 2123K(2176K)->0K(2176K)
[2026-06-17T09:56:17.639+0800][26.268s][info][gc,heap        ] GC(618) Tenured: 37242K(43712K)->23759K(43712K)
[2026-06-17T09:56:17.640+0800][26.269s][info][gc,metaspace   ] GC(618) Metaspace: 152K(384K)->152K(384K) NonClass: 147K(256K)->147K(256K) Class: 4K(128K)->4K(128K)
[2026-06-17T09:56:17.640+0800][26.270s][info][gc             ] GC(618) Pause Full (Allocation Failure) 55M->23M(61M) 7.316ms
[2026-06-17T09:56:17.641+0800][26.270s][info][gc,cpu         ] GC(618) User=0.00s Sys=0.00s Real=0.00s
[2026-06-17T09:56:17.693+0800][26.323s][info][gc,start       ] GC(619) Pause Young (Allocation Failure)
[2026-06-17T09:56:17.694+0800][26.323s][info][gc,heap        ] GC(619) DefNew: 17472K(19648K)->2046K(19648K) Eden: 17472K(17472K)->0K(17472K) From: 0K(2176K)->2046K(2176K)
[2026-06-17T09:56:17.695+0800][26.324s][info][gc,heap        ] GC(619) Tenured: 23759K(43712K)->25192K(43712K)
[2026-06-17T09:56:17.695+0800][26.324s][info][gc,metaspace   ] GC(619) Metaspace: 152K(384K)->152K(384K) NonClass: 147K(256K)->147K(256K) Class: 4K(128K)->4K(128K)
[2026-06-17T09:56:17.695+0800][26.324s][info][gc             ] GC(619) Pause Young (Allocation Failure) 40M->26M(61M) 1.453ms
[2026-06-17T09:56:17.695+0800][26.324s][info][gc,cpu         ] GC(619) User=0.00s Sys=0.00s Real=0.00s
[2026-06-17T09:56:17.737+0800][26.366s][info][gc,start       ] GC(620) Pause Young (Allocation Failure)
[2026-06-17T09:56:17.738+0800][26.367s][info][gc,heap        ] GC(620) DefNew: 19469K(19648K)->2172K(19648K) Eden: 17422K(17472K)->0K(17472K) From: 2046K(2176K)->2172K(2176K)
[2026-06-17T09:56:17.738+0800][26.368s][info][gc,heap        ] GC(620) Tenured: 25192K(43712K)->28916K(43712K)
[2026-06-17T09:56:17.739+0800][26.368s][info][gc,metaspace   ] GC(620) Metaspace: 152K(384K)->152K(384K) NonClass: 147K(256K)->147K(256K) Class: 4K(128K)->4K(128K)
[2026-06-17T09:56:17.739+0800][26.368s][info][gc             ] GC(620) Pause Young (Allocation Failure) 43M->30M(61M) 1.513ms
[2026-06-17T09:56:17.739+0800][26.368s][info][gc,cpu         ] GC(620) User=0.00s Sys=0.00s Real=0.00s
[2026-06-17T09:56:17.781+0800][26.410s][info][gc,start       ] GC(621) Pause Young (Allocation Failure)
[2026-06-17T09:56:17.783+0800][26.412s][info][gc,heap        ] GC(621) DefNew: 19644K(19648K)->2097K(19648K) Eden: 17472K(17472K)->0K(17472K) From: 2172K(2176K)->2097K(2176K)
[2026-06-17T09:56:17.783+0800][26.412s][info][gc,heap        ] GC(621) Tenured: 28916K(43712K)->32249K(43712K)
[2026-06-17T09:56:17.783+0800][26.412s][info][gc,metaspace   ] GC(621) Metaspace: 152K(384K)->152K(384K) NonClass: 147K(256K)->147K(256K) Class: 4K(128K)->4K(128K)
[2026-06-17T09:56:17.784+0800][26.413s][info][gc             ] GC(621) Pause Young (Allocation Failure) 47M->33M(61M) 2.703ms
[2026-06-17T09:56:17.784+0800][26.413s][info][gc,cpu         ] GC(621) User=0.01s Sys=0.00s Real=0.01s
[2026-06-17T09:56:17.827+0800][26.457s][info][gc,start       ] GC(622) Pause Young (Allocation Failure)
[2026-06-17T09:56:17.829+0800][26.458s][info][gc,heap        ] GC(622) DefNew: 19569K(19648K)->1572K(19648K) Eden: 17472K(17472K)->0K(17472K) From: 2097K(2176K)->1572K(2176K)
[2026-06-17T09:56:17.830+0800][26.459s][info][gc,heap        ] GC(622) Tenured: 32249K(43712K)->32836K(43712K)
[2026-06-17T09:56:17.830+0800][26.459s][info][gc,metaspace   ] GC(622) Metaspace: 152K(384K)->152K(384K) NonClass: 147K(256K)->147K(256K) Class: 4K(128K)->4K(128K)
[2026-06-17T09:56:17.831+0800][26.460s][info][gc             ] GC(622) Pause Young (Allocation Failure) 50M->33M(61M) 3.147ms
[2026-06-17T09:56:17.831+0800][26.460s][info][gc,cpu         ] GC(622) User=0.00s Sys=0.00s Real=0.01s
[2026-06-17T09:56:17.874+0800][26.503s][info][gc,start       ] GC(623) Pause Young (Allocation Failure)
[2026-06-17T09:56:17.877+0800][26.506s][info][gc,heap        ] GC(623) DefNew: 19029K(19648K)->2175K(19648K) Eden: 17457K(17472K)->0K(17472K) From: 1572K(2176K)->2175K(2176K)
[2026-06-17T09:56:17.877+0800][26.506s][info][gc,heap        ] GC(623) Tenured: 32836K(43712K)->39406K(43712K)
[2026-06-17T09:56:17.878+0800][26.507s][info][gc,metaspace   ] GC(623) Metaspace: 152K(384K)->152K(384K) NonClass: 147K(256K)->147K(256K) Class: 4K(128K)->4K(128K)
[2026-06-17T09:56:17.878+0800][26.507s][info][gc             ] GC(623) Pause Young (Allocation Failure) 50M->40M(61M) 4.040ms
[2026-06-17T09:56:17.879+0800][26.508s][info][gc,cpu         ] GC(623) User=0.00s Sys=0.00s Real=0.00s
[2026-06-17T09:56:17.933+0800][26.562s][info][gc,start       ] GC(624) Pause Young (Allocation Failure)
[2026-06-17T09:56:17.933+0800][26.563s][info][gc             ] GC(624) Pause Young (Allocation Failure) 57M->57M(61M) 0.779ms
[2026-06-17T09:56:17.934+0800][26.563s][info][gc,cpu         ] GC(624) User=0.00s Sys=0.00s Real=0.00s
[2026-06-17T09:56:17.935+0800][26.564s][info][gc,start       ] GC(625) Pause Full (Allocation Failure)
[2026-06-17T09:56:17.935+0800][26.564s][info][gc,phases,start] GC(625) Phase 1: Mark live objects
[2026-06-17T09:56:17.937+0800][26.566s][info][gc,phases      ] GC(625) Phase 1: Mark live objects 1.333ms
[2026-06-17T09:56:17.937+0800][26.566s][info][gc,phases,start] GC(625) Phase 2: Compute new object addresses
[2026-06-17T09:56:17.938+0800][26.567s][info][gc,phases      ] GC(625) Phase 2: Compute new object addresses 0.845ms
[2026-06-17T09:56:17.938+0800][26.567s][info][gc,phases,start] GC(625) Phase 3: Adjust pointers
[2026-06-17T09:56:17.939+0800][26.568s][info][gc,phases      ] GC(625) Phase 3: Adjust pointers 0.862ms
[2026-06-17T09:56:17.939+0800][26.569s][info][gc,phases,start] GC(625) Phase 4: Move objects
[2026-06-17T09:56:17.943+0800][26.572s][info][gc,phases      ] GC(625) Phase 4: Move objects 3.059ms
[2026-06-17T09:56:17.943+0800][26.572s][info][gc,heap        ] GC(625) DefNew: 19615K(19648K)->0K(19648K) Eden: 17440K(17472K)->0K(17472K) From: 2175K(2176K)->0K(2176K)
[2026-06-17T09:56:17.944+0800][26.573s][info][gc,heap        ] GC(625) Tenured: 39406K(43712K)->32232K(43712K)
[2026-06-17T09:56:17.944+0800][26.574s][info][gc,metaspace   ] GC(625) Metaspace: 152K(384K)->152K(384K) NonClass: 147K(256K)->147K(256K) Class: 4K(128K)->4K(128K)
[2026-06-17T09:56:17.945+0800][26.574s][info][gc             ] GC(625) Pause Full (Allocation Failure) 57M->31M(61M) 10.244ms
[2026-06-17T09:56:17.945+0800][26.575s][info][gc,cpu         ] GC(625) User=0.00s Sys=0.00s Real=0.01s
[2026-06-17T09:56:17.988+0800][26.618s][info][gc,start       ] GC(626) Pause Young (Allocation Failure)
[2026-06-17T09:56:17.990+0800][26.619s][info][gc,heap        ] GC(626) DefNew: 17448K(19648K)->2168K(19648K) Eden: 17448K(17472K)->0K(17472K) From: 0K(2176K)->2168K(2176K)
[2026-06-17T09:56:17.991+0800][26.620s][info][gc,heap        ] GC(626) Tenured: 32232K(43712K)->37048K(43712K)
[2026-06-17T09:56:17.991+0800][26.620s][info][gc,metaspace   ] GC(626) Metaspace: 152K(384K)->152K(384K) NonClass: 147K(256K)->147K(256K) Class: 4K(128K)->4K(128K)
[2026-06-17T09:56:17.992+0800][26.621s][info][gc             ] GC(626) Pause Young (Allocation Failure) 48M->38M(61M) 3.479ms
[2026-06-17T09:56:17.992+0800][26.621s][info][gc,cpu         ] GC(626) User=0.00s Sys=0.00s Real=0.01s
[2026-06-17T09:56:18.035+0800][26.664s][info][gc,start       ] GC(627) Pause Young (Allocation Failure)
[2026-06-17T09:56:18.036+0800][26.665s][info][gc             ] GC(627) Pause Young (Allocation Failure) 55M->55M(61M) 0.538ms
[2026-06-17T09:56:18.036+0800][26.665s][info][gc,cpu         ] GC(627) User=0.00s Sys=0.00s Real=0.00s
[2026-06-17T09:56:18.037+0800][26.666s][info][gc,start       ] GC(628) Pause Full (Allocation Failure)
[2026-06-17T09:56:18.037+0800][26.666s][info][gc,phases,start] GC(628) Phase 1: Mark live objects
[2026-06-17T09:56:18.038+0800][26.667s][info][gc,phases      ] GC(628) Phase 1: Mark live objects 0.875ms
[2026-06-17T09:56:18.038+0800][26.668s][info][gc,phases,start] GC(628) Phase 2: Compute new object addresses
[2026-06-17T09:56:18.039+0800][26.668s][info][gc,phases      ] GC(628) Phase 2: Compute new object addresses 0.586ms
[2026-06-17T09:56:18.039+0800][26.668s][info][gc,phases,start] GC(628) Phase 3: Adjust pointers
[2026-06-17T09:56:18.040+0800][26.669s][info][gc,phases      ] GC(628) Phase 3: Adjust pointers 0.597ms
[2026-06-17T09:56:18.040+0800][26.669s][info][gc,phases,start] GC(628) Phase 4: Move objects
[2026-06-17T09:56:18.042+0800][26.671s][info][gc,phases      ] GC(628) Phase 4: Move objects 2.030ms
[2026-06-17T09:56:18.043+0800][26.672s][info][gc,heap        ] GC(628) DefNew: 19604K(19648K)->0K(19648K) Eden: 17435K(17472K)->0K(17472K) From: 2168K(2176K)->0K(2176K)
[2026-06-17T09:56:18.043+0800][26.672s][info][gc,heap        ] GC(628) Tenured: 37048K(43712K)->28713K(43712K)
[2026-06-17T09:56:18.043+0800][26.672s][info][gc,metaspace   ] GC(628) Metaspace: 152K(384K)->152K(384K) NonClass: 147K(256K)->147K(256K) Class: 4K(128K)->4K(128K)
[2026-06-17T09:56:18.043+0800][26.672s][info][gc             ] GC(628) Pause Full (Allocation Failure) 55M->28M(61M) 6.386ms
[2026-06-17T09:56:18.043+0800][26.672s][info][gc,cpu         ] GC(628) User=0.00s Sys=0.00s Real=0.01s
[2026-06-17T09:56:18.086+0800][26.715s][info][gc,start       ] GC(629) Pause Young (Allocation Failure)
[2026-06-17T09:56:18.088+0800][26.717s][info][gc,heap        ] GC(629) DefNew: 17472K(19648K)->2171K(19648K) Eden: 17472K(17472K)->0K(17472K) From: 0K(2176K)->2171K(2176K)
[2026-06-17T09:56:18.089+0800][26.718s][info][gc,heap        ] GC(629) Tenured: 28713K(43712K)->33666K(43712K)
[2026-06-17T09:56:18.089+0800][26.718s][info][gc,metaspace   ] GC(629) Metaspace: 152K(384K)->152K(384K) NonClass: 147K(256K)->147K(256K) Class: 4K(128K)->4K(128K)
[2026-06-17T09:56:18.090+0800][26.719s][info][gc             ] GC(629) Pause Young (Allocation Failure) 45M->34M(61M) 3.850ms
[2026-06-17T09:56:18.090+0800][26.719s][info][gc,cpu         ] GC(629) User=0.00s Sys=0.00s Real=0.00s
[2026-06-17T09:56:18.133+0800][26.763s][info][gc,start       ] GC(630) Pause Young (Allocation Failure)
[2026-06-17T09:56:18.135+0800][26.764s][info][gc,heap        ] GC(630) DefNew: 19598K(19648K)->2058K(19648K) Eden: 17426K(17472K)->0K(17472K) From: 2171K(2176K)->2058K(2176K)
[2026-06-17T09:56:18.135+0800][26.765s][info][gc,heap        ] GC(630) Tenured: 33666K(43712K)->38619K(43712K)
[2026-06-17T09:56:18.136+0800][26.765s][info][gc,metaspace   ] GC(630) Metaspace: 152K(384K)->152K(384K) NonClass: 147K(256K)->147K(256K) Class: 4K(128K)->4K(128K)
[2026-06-17T09:56:18.138+0800][26.767s][info][gc             ] GC(630) Pause Young (Allocation Failure) 52M->39M(61M) 4.614ms
[2026-06-17T09:56:18.139+0800][26.768s][info][gc,cpu         ] GC(630) User=0.01s Sys=0.00s Real=0.00s
[2026-06-17T09:56:18.183+0800][26.812s][info][gc,start       ] GC(631) Pause Young (Allocation Failure)
[2026-06-17T09:56:18.183+0800][26.813s][info][gc             ] GC(631) Pause Young (Allocation Failure) 56M->56M(61M) 0.606ms
[2026-06-17T09:56:18.184+0800][26.813s][info][gc,cpu         ] GC(631) User=0.00s Sys=0.00s Real=0.00s
[2026-06-17T09:56:18.184+0800][26.813s][info][gc,start       ] GC(632) Pause Full (Allocation Failure)
[2026-06-17T09:56:18.185+0800][26.814s][info][gc,phases,start] GC(632) Phase 1: Mark live objects
[2026-06-17T09:56:18.185+0800][26.815s][info][gc,phases      ] GC(632) Phase 1: Mark live objects 0.827ms
[2026-06-17T09:56:18.186+0800][26.815s][info][gc,phases,start] GC(632) Phase 2: Compute new object addresses
[2026-06-17T09:56:18.187+0800][26.816s][info][gc,phases      ] GC(632) Phase 2: Compute new object addresses 0.742ms
[2026-06-17T09:56:18.187+0800][26.816s][info][gc,phases,start] GC(632) Phase 3: Adjust pointers
[2026-06-17T09:56:18.187+0800][26.817s][info][gc,phases      ] GC(632) Phase 3: Adjust pointers 0.482ms
[2026-06-17T09:56:18.188+0800][26.817s][info][gc,phases,start] GC(632) Phase 4: Move objects
[2026-06-17T09:56:18.190+0800][26.819s][info][gc,phases      ] GC(632) Phase 4: Move objects 1.996ms
[2026-06-17T09:56:18.190+0800][26.819s][info][gc,heap        ] GC(632) DefNew: 19530K(19648K)->0K(19648K) Eden: 17472K(17472K)->0K(17472K) From: 2058K(2176K)->0K(2176K)
[2026-06-17T09:56:18.190+0800][26.819s][info][gc,heap        ] GC(632) Tenured: 38619K(43712K)->29444K(43712K)
[2026-06-17T09:56:18.190+0800][26.820s][info][gc,metaspace   ] GC(632) Metaspace: 152K(384K)->152K(384K) NonClass: 147K(256K)->147K(256K) Class: 4K(128K)->4K(128K)
[2026-06-17T09:56:18.191+0800][26.820s][info][gc             ] GC(632) Pause Full (Allocation Failure) 56M->28M(61M) 6.597ms
[2026-06-17T09:56:18.191+0800][26.820s][info][gc,cpu         ] GC(632) User=0.00s Sys=0.00s Real=0.01s
[2026-06-17T09:56:18.233+0800][26.862s][info][gc,start       ] GC(633) Pause Young (Allocation Failure)
[2026-06-17T09:56:18.234+0800][26.863s][info][gc,heap        ] GC(633) DefNew: 17321K(19648K)->2156K(19648K) Eden: 17321K(17472K)->0K(17472K) From: 0K(2176K)->2156K(2176K)
[2026-06-17T09:56:18.234+0800][26.864s][info][gc,heap        ] GC(633) Tenured: 29444K(43712K)->30689K(43712K)
[2026-06-17T09:56:18.235+0800][26.864s][info][gc,metaspace   ] GC(633) Metaspace: 152K(384K)->152K(384K) NonClass: 147K(256K)->147K(256K) Class: 4K(128K)->4K(128K)
[2026-06-17T09:56:18.235+0800][26.864s][info][gc             ] GC(633) Pause Young (Allocation Failure) 45M->32M(61M) 1.606ms
[2026-06-17T09:56:18.235+0800][26.864s][info][gc,cpu         ] GC(633) User=0.00s Sys=0.00s Real=0.00s
[2026-06-17T09:56:18.277+0800][26.907s][info][gc,start       ] GC(634) Pause Young (Allocation Failure)
[2026-06-17T09:56:18.279+0800][26.908s][info][gc,heap        ] GC(634) DefNew: 19606K(19648K)->2169K(19648K) Eden: 17450K(17472K)->0K(17472K) From: 2156K(2176K)->2169K(2176K)
[2026-06-17T09:56:18.279+0800][26.908s][info][gc,heap        ] GC(634) Tenured: 30689K(43712K)->37178K(43712K)
[2026-06-17T09:56:18.279+0800][26.909s][info][gc,metaspace   ] GC(634) Metaspace: 152K(384K)->152K(384K) NonClass: 147K(256K)->147K(256K) Class: 4K(128K)->4K(128K)
[2026-06-17T09:56:18.280+0800][26.909s][info][gc             ] GC(634) Pause Young (Allocation Failure) 49M->38M(61M) 2.295ms
[2026-06-17T09:56:18.280+0800][26.909s][info][gc,cpu         ] GC(634) User=0.00s Sys=0.00s Real=0.00s
[2026-06-17T09:56:18.333+0800][26.962s][info][gc,start       ] GC(635) Pause Young (Allocation Failure)
[2026-06-17T09:56:18.334+0800][26.963s][info][gc             ] GC(635) Pause Young (Allocation Failure) 55M->55M(61M) 0.640ms
[2026-06-17T09:56:18.334+0800][26.963s][info][gc,cpu         ] GC(635) User=0.00s Sys=0.00s Real=0.00s
[2026-06-17T09:56:18.335+0800][26.964s][info][gc,start       ] GC(636) Pause Full (Allocation Failure)
[2026-06-17T09:56:18.335+0800][26.964s][info][gc,phases,start] GC(636) Phase 1: Mark live objects
[2026-06-17T09:56:18.337+0800][26.966s][info][gc,phases      ] GC(636) Phase 1: Mark live objects 1.757ms
[2026-06-17T09:56:18.337+0800][26.966s][info][gc,phases,start] GC(636) Phase 2: Compute new object addresses
[2026-06-17T09:56:18.338+0800][26.967s][info][gc,phases      ] GC(636) Phase 2: Compute new object addresses 0.448ms
[2026-06-17T09:56:18.338+0800][26.967s][info][gc,phases,start] GC(636) Phase 3: Adjust pointers
[2026-06-17T09:56:18.339+0800][26.968s][info][gc,phases      ] GC(636) Phase 3: Adjust pointers 0.647ms
[2026-06-17T09:56:18.339+0800][26.968s][info][gc,phases,start] GC(636) Phase 4: Move objects
[2026-06-17T09:56:18.341+0800][26.970s][info][gc,phases      ] GC(636) Phase 4: Move objects 2.124ms
[2026-06-17T09:56:18.341+0800][26.970s][info][gc,heap        ] GC(636) DefNew: 19641K(19648K)->0K(19648K) Eden: 17472K(17472K)->0K(17472K) From: 2169K(2176K)->0K(2176K)
[2026-06-17T09:56:18.342+0800][26.971s][info][gc,heap        ] GC(636) Tenured: 37178K(43712K)->19987K(43712K)
[2026-06-17T09:56:18.343+0800][26.972s][info][gc,metaspace   ] GC(636) Metaspace: 152K(384K)->152K(384K) NonClass: 147K(256K)->147K(256K) Class: 4K(128K)->4K(128K)
[2026-06-17T09:56:18.343+0800][26.972s][info][gc             ] GC(636) Pause Full (Allocation Failure) 55M->19M(61M) 8.537ms
[2026-06-17T09:56:18.344+0800][26.973s][info][gc,cpu         ] GC(636) User=0.00s Sys=0.00s Real=0.01s
[2026-06-17T09:56:18.378+0800][27.007s][info][gc,start       ] GC(637) Pause Young (Allocation Failure)
[2026-06-17T09:56:18.379+0800][27.008s][info][gc,heap        ] GC(637) DefNew: 17178K(19648K)->2175K(19648K) Eden: 17178K(17472K)->0K(17472K) From: 0K(2176K)->2175K(2176K)
[2026-06-17T09:56:18.380+0800][27.009s][info][gc,heap        ] GC(637) Tenured: 19987K(43712K)->24104K(43712K)
[2026-06-17T09:56:18.380+0800][27.009s][info][gc,metaspace   ] GC(637) Metaspace: 152K(384K)->152K(384K) NonClass: 147K(256K)->147K(256K) Class: 4K(128K)->4K(128K)
[2026-06-17T09:56:18.380+0800][27.009s][info][gc             ] GC(637) Pause Young (Allocation Failure) 36M->25M(61M) 2.630ms
[2026-06-17T09:56:18.381+0800][27.010s][info][gc,cpu         ] GC(637) User=0.01s Sys=0.00s Real=0.00s
[2026-06-17T09:56:18.434+0800][27.063s][info][gc,start       ] GC(638) Pause Young (Allocation Failure)
[2026-06-17T09:56:18.436+0800][27.065s][info][gc,heap        ] GC(638) DefNew: 19633K(19648K)->2084K(19648K) Eden: 17457K(17472K)->0K(17472K) From: 2175K(2176K)->2084K(2176K)
[2026-06-17T09:56:18.437+0800][27.066s][info][gc,heap        ] GC(638) Tenured: 24104K(43712K)->27646K(43712K)
[2026-06-17T09:56:18.437+0800][27.066s][info][gc,metaspace   ] GC(638) Metaspace: 152K(384K)->152K(384K) NonClass: 147K(256K)->147K(256K) Class: 4K(128K)->4K(128K)
[2026-06-17T09:56:18.438+0800][27.067s][info][gc             ] GC(638) Pause Young (Allocation Failure) 42M->29M(61M) 4.081ms
[2026-06-17T09:56:18.438+0800][27.068s][info][gc,cpu         ] GC(638) User=0.00s Sys=0.00s Real=0.00s
[2026-06-17T09:56:18.482+0800][27.111s][info][gc,start       ] GC(639) Pause Young (Allocation Failure)
[2026-06-17T09:56:18.484+0800][27.113s][info][gc,heap        ] GC(639) DefNew: 19511K(19648K)->2170K(19648K) Eden: 17426K(17472K)->0K(17472K) From: 2084K(2176K)->2170K(2176K)
[2026-06-17T09:56:18.485+0800][27.114s][info][gc,heap        ] GC(639) Tenured: 27646K(43712K)->30865K(43712K)
[2026-06-17T09:56:18.485+0800][27.114s][info][gc,metaspace   ] GC(639) Metaspace: 152K(384K)->152K(384K) NonClass: 147K(256K)->147K(256K) Class: 4K(128K)->4K(128K)
[2026-06-17T09:56:18.486+0800][27.115s][info][gc             ] GC(639) Pause Young (Allocation Failure) 46M->32M(61M) 4.039ms
[2026-06-17T09:56:18.486+0800][27.115s][info][gc,cpu         ] GC(639) User=0.00s Sys=0.00s Real=0.01s
[2026-06-17T09:56:18.529+0800][27.158s][info][gc,start       ] GC(640) Pause Young (Allocation Failure)
[2026-06-17T09:56:18.531+0800][27.160s][info][gc,heap        ] GC(640) DefNew: 19642K(19648K)->2082K(19648K) Eden: 17472K(17472K)->0K(17472K) From: 2170K(2176K)->2082K(2176K)
[2026-06-17T09:56:18.531+0800][27.160s][info][gc,heap        ] GC(640) Tenured: 30865K(43712K)->34210K(43712K)
[2026-06-17T09:56:18.531+0800][27.160s][info][gc,metaspace   ] GC(640) Metaspace: 152K(384K)->152K(384K) NonClass: 147K(256K)->147K(256K) Class: 4K(128K)->4K(128K)
[2026-06-17T09:56:18.532+0800][27.161s][info][gc             ] GC(640) Pause Young (Allocation Failure) 49M->35M(61M) 2.346ms
[2026-06-17T09:56:18.532+0800][27.161s][info][gc,cpu         ] GC(640) User=0.00s Sys=0.00s Real=0.01s
[2026-06-17T09:56:18.574+0800][27.203s][info][gc,start       ] GC(641) Pause Young (Allocation Failure)
[2026-06-17T09:56:18.575+0800][27.204s][info][gc,heap        ] GC(641) DefNew: 19554K(19648K)->2117K(19648K) Eden: 17472K(17472K)->0K(17472K) From: 2082K(2176K)->2117K(2176K)
[2026-06-17T09:56:18.576+0800][27.205s][info][gc,heap        ] GC(641) Tenured: 34210K(43712K)->37611K(43712K)
[2026-06-17T09:56:18.576+0800][27.205s][info][gc,metaspace   ] GC(641) Metaspace: 152K(384K)->152K(384K) NonClass: 147K(256K)->147K(256K) Class: 4K(128K)->4K(128K)
[2026-06-17T09:56:18.576+0800][27.205s][info][gc             ] GC(641) Pause Young (Allocation Failure) 52M->38M(61M) 1.698ms
[2026-06-17T09:56:18.576+0800][27.205s][info][gc,cpu         ] GC(641) User=0.00s Sys=0.00s Real=0.00s
[2026-06-17T09:56:18.618+0800][27.247s][info][gc,start       ] GC(642) Pause Young (Allocation Failure)
[2026-06-17T09:56:18.619+0800][27.248s][info][gc             ] GC(642) Pause Young (Allocation Failure) 55M->55M(61M) 0.414ms
[2026-06-17T09:56:18.619+0800][27.248s][info][gc,cpu         ] GC(642) User=0.00s Sys=0.00s Real=0.00s
[2026-06-17T09:56:18.619+0800][27.248s][info][gc,start       ] GC(643) Pause Full (Allocation Failure)
[2026-06-17T09:56:18.619+0800][27.248s][info][gc,phases,start] GC(643) Phase 1: Mark live objects
[2026-06-17T09:56:18.620+0800][27.249s][info][gc,phases      ] GC(643) Phase 1: Mark live objects 0.547ms
[2026-06-17T09:56:18.620+0800][27.249s][info][gc,phases,start] GC(643) Phase 2: Compute new object addresses
[2026-06-17T09:56:18.621+0800][27.250s][info][gc,phases      ] GC(643) Phase 2: Compute new object addresses 0.976ms
[2026-06-17T09:56:18.621+0800][27.250s][info][gc,phases,start] GC(643) Phase 3: Adjust pointers
[2026-06-17T09:56:18.622+0800][27.251s][info][gc,phases      ] GC(643) Phase 3: Adjust pointers 0.498ms
[2026-06-17T09:56:18.622+0800][27.251s][info][gc,phases,start] GC(643) Phase 4: Move objects
[2026-06-17T09:56:18.624+0800][27.253s][info][gc,phases      ] GC(643) Phase 4: Move objects 2.050ms
[2026-06-17T09:56:18.624+0800][27.253s][info][gc,heap        ] GC(643) DefNew: 19336K(19648K)->0K(19648K) Eden: 17219K(17472K)->0K(17472K) From: 2117K(2176K)->0K(2176K)
[2026-06-17T09:56:18.625+0800][27.254s][info][gc,heap        ] GC(643) Tenured: 37611K(43712K)->26129K(43712K)
[2026-06-17T09:56:18.625+0800][27.254s][info][gc,metaspace   ] GC(643) Metaspace: 152K(384K)->152K(384K) NonClass: 147K(256K)->147K(256K) Class: 4K(128K)->4K(128K)
[2026-06-17T09:56:18.625+0800][27.254s][info][gc             ] GC(643) Pause Full (Allocation Failure) 55M->25M(61M) 5.806ms
[2026-06-17T09:56:18.625+0800][27.254s][info][gc,cpu         ] GC(643) User=0.00s Sys=0.00s Real=0.01s
[2026-06-17T09:56:18.667+0800][27.296s][info][gc,start       ] GC(644) Pause Young (Allocation Failure)
[2026-06-17T09:56:18.669+0800][27.298s][info][gc,heap        ] GC(644) DefNew: 17444K(19648K)->2167K(19648K) Eden: 17444K(17472K)->0K(17472K) From: 0K(2176K)->2167K(2176K)
[2026-06-17T09:56:18.670+0800][27.299s][info][gc,heap        ] GC(644) Tenured: 26129K(43712K)->30839K(43712K)
[2026-06-17T09:56:18.670+0800][27.299s][info][gc,metaspace   ] GC(644) Metaspace: 152K(384K)->152K(384K) NonClass: 147K(256K)->147K(256K) Class: 4K(128K)->4K(128K)
[2026-06-17T09:56:18.670+0800][27.299s][info][gc             ] GC(644) Pause Young (Allocation Failure) 42M->32M(61M) 3.081ms
[2026-06-17T09:56:18.670+0800][27.300s][info][gc,cpu         ] GC(644) User=0.00s Sys=0.00s Real=0.01s
[2026-06-17T09:56:18.723+0800][27.352s][info][gc,start       ] GC(645) Pause Young (Allocation Failure)
[2026-06-17T09:56:18.724+0800][27.353s][info][gc,heap        ] GC(645) DefNew: 19639K(19648K)->2076K(19648K) Eden: 17472K(17472K)->0K(17472K) From: 2167K(2176K)->2076K(2176K)
[2026-06-17T09:56:18.725+0800][27.354s][info][gc,heap        ] GC(645) Tenured: 30839K(43712K)->32707K(43712K)
[2026-06-17T09:56:18.725+0800][27.354s][info][gc,metaspace   ] GC(645) Metaspace: 152K(384K)->152K(384K) NonClass: 147K(256K)->147K(256K) Class: 4K(128K)->4K(128K)
[2026-06-17T09:56:18.725+0800][27.355s][info][gc             ] GC(645) Pause Young (Allocation Failure) 49M->33M(61M) 2.352ms
[2026-06-17T09:56:18.726+0800][27.355s][info][gc,cpu         ] GC(645) User=0.00s Sys=0.00s Real=0.00s
[2026-06-17T09:56:18.759+0800][27.388s][info][gc,start       ] GC(646) Pause Young (Allocation Failure)
[2026-06-17T09:56:18.761+0800][27.390s][info][gc,heap        ] GC(646) DefNew: 19498K(19648K)->2076K(19648K) Eden: 17421K(17472K)->0K(17472K) From: 2076K(2176K)->2076K(2176K)
[2026-06-17T09:56:18.761+0800][27.391s][info][gc,heap        ] GC(646) Tenured: 32707K(43712K)->35884K(43712K)
[2026-06-17T09:56:18.762+0800][27.391s][info][gc,metaspace   ] GC(646) Metaspace: 152K(384K)->152K(384K) NonClass: 147K(256K)->147K(256K) Class: 4K(128K)->4K(128K)
[2026-06-17T09:56:18.762+0800][27.391s][info][gc             ] GC(646) Pause Young (Allocation Failure) 50M->37M(61M) 2.981ms
[2026-06-17T09:56:18.762+0800][27.391s][info][gc,cpu         ] GC(646) User=0.00s Sys=0.00s Real=0.00s
[2026-06-17T09:56:18.815+0800][27.444s][info][gc,start       ] GC(647) Pause Young (Allocation Failure)
[2026-06-17T09:56:18.817+0800][27.446s][info][gc,heap        ] GC(647) DefNew: 19517K(19648K)->2139K(19648K) Eden: 17441K(17472K)->0K(17472K) From: 2076K(2176K)->2139K(2176K)
[2026-06-17T09:56:18.818+0800][27.447s][info][gc,heap        ] GC(647) Tenured: 35884K(43712K)->39655K(43712K)
[2026-06-17T09:56:18.818+0800][27.447s][info][gc,metaspace   ] GC(647) Metaspace: 152K(384K)->152K(384K) NonClass: 147K(256K)->147K(256K) Class: 4K(128K)->4K(128K)
[2026-06-17T09:56:18.819+0800][27.448s][info][gc             ] GC(647) Pause Young (Allocation Failure) 54M->40M(61M) 3.457ms
[2026-06-17T09:56:18.819+0800][27.448s][info][gc,cpu         ] GC(647) User=0.00s Sys=0.00s Real=0.00s
[2026-06-17T09:56:18.863+0800][27.492s][info][gc,start       ] GC(648) Pause Young (Allocation Failure)
[2026-06-17T09:56:18.865+0800][27.494s][info][gc             ] GC(648) Pause Young (Allocation Failure) 57M->57M(61M) 2.025ms
[2026-06-17T09:56:18.865+0800][27.494s][info][gc,cpu         ] GC(648) User=0.00s Sys=0.00s Real=0.00s
[2026-06-17T09:56:18.866+0800][27.495s][info][gc,start       ] GC(649) Pause Full (Allocation Failure)
[2026-06-17T09:56:18.866+0800][27.495s][info][gc,phases,start] GC(649) Phase 1: Mark live objects
[2026-06-17T09:56:18.867+0800][27.496s][info][gc,phases      ] GC(649) Phase 1: Mark live objects 1.130ms
[2026-06-17T09:56:18.868+0800][27.497s][info][gc,phases,start] GC(649) Phase 2: Compute new object addresses
[2026-06-17T09:56:18.868+0800][27.497s][info][gc,phases      ] GC(649) Phase 2: Compute new object addresses 0.743ms
[2026-06-17T09:56:18.869+0800][27.498s][info][gc,phases,start] GC(649) Phase 3: Adjust pointers
[2026-06-17T09:56:18.870+0800][27.499s][info][gc,phases      ] GC(649) Phase 3: Adjust pointers 0.778ms
[2026-06-17T09:56:18.870+0800][27.499s][info][gc,phases,start] GC(649) Phase 4: Move objects
[2026-06-17T09:56:18.872+0800][27.501s][info][gc,phases      ] GC(649) Phase 4: Move objects 2.123ms
[2026-06-17T09:56:18.872+0800][27.502s][info][gc,heap        ] GC(649) DefNew: 19598K(19648K)->0K(19648K) Eden: 17458K(17472K)->0K(17472K) From: 2139K(2176K)->0K(2176K)
[2026-06-17T09:56:18.873+0800][27.502s][info][gc,heap        ] GC(649) Tenured: 39655K(43712K)->27164K(43712K)
[2026-06-17T09:56:18.873+0800][27.502s][info][gc,metaspace   ] GC(649) Metaspace: 152K(384K)->152K(384K) NonClass: 147K(256K)->147K(256K) Class: 4K(128K)->4K(128K)
[2026-06-17T09:56:18.874+0800][27.503s][info][gc             ] GC(649) Pause Full (Allocation Failure) 57M->26M(61M) 8.013ms
[2026-06-17T09:56:18.874+0800][27.503s][info][gc,cpu         ] GC(649) User=0.00s Sys=0.00s Real=0.01s
[2026-06-17T09:56:18.917+0800][27.546s][info][gc,start       ] GC(650) Pause Young (Allocation Failure)
[2026-06-17T09:56:18.919+0800][27.548s][info][gc,heap        ] GC(650) DefNew: 17472K(19648K)->2172K(19648K) Eden: 17472K(17472K)->0K(17472K) From: 0K(2176K)->2172K(2176K)
[2026-06-17T09:56:18.920+0800][27.549s][info][gc,heap        ] GC(650) Tenured: 27164K(43712K)->31674K(43712K)
[2026-06-17T09:56:18.920+0800][27.550s][info][gc,metaspace   ] GC(650) Metaspace: 152K(384K)->152K(384K) NonClass: 147K(256K)->147K(256K) Class: 4K(128K)->4K(128K)
[2026-06-17T09:56:18.922+0800][27.552s][info][gc             ] GC(650) Pause Young (Allocation Failure) 43M->33M(61M) 5.636ms
[2026-06-17T09:56:18.924+0800][27.553s][info][gc,cpu         ] GC(650) User=0.01s Sys=0.00s Real=0.01s
[2026-06-17T09:56:18.967+0800][27.596s][info][gc,start       ] GC(651) Pause Young (Allocation Failure)
[2026-06-17T09:56:18.968+0800][27.598s][info][gc,heap        ] GC(651) DefNew: 19639K(19648K)->2170K(19648K) Eden: 17467K(17472K)->0K(17472K) From: 2172K(2176K)->2170K(2176K)
[2026-06-17T09:56:18.969+0800][27.598s][info][gc,heap        ] GC(651) Tenured: 31674K(43712K)->35701K(43712K)
[2026-06-17T09:56:18.969+0800][27.598s][info][gc,metaspace   ] GC(651) Metaspace: 152K(384K)->152K(384K) NonClass: 147K(256K)->147K(256K) Class: 4K(128K)->4K(128K)
[2026-06-17T09:56:18.969+0800][27.598s][info][gc             ] GC(651) Pause Young (Allocation Failure) 50M->36M(61M) 2.019ms
[2026-06-17T09:56:18.969+0800][27.599s][info][gc,cpu         ] GC(651) User=0.00s Sys=0.00s Real=0.00s
[2026-06-17T09:56:19.012+0800][27.641s][info][gc,start       ] GC(652) Pause Young (Allocation Failure)
[2026-06-17T09:56:19.013+0800][27.642s][info][gc,heap        ] GC(652) DefNew: 19527K(19648K)->2108K(19648K) Eden: 17356K(17472K)->0K(17472K) From: 2170K(2176K)->2108K(2176K)
[2026-06-17T09:56:19.013+0800][27.642s][info][gc,heap        ] GC(652) Tenured: 35701K(43712K)->37009K(43712K)
[2026-06-17T09:56:19.013+0800][27.642s][info][gc,metaspace   ] GC(652) Metaspace: 152K(384K)->152K(384K) NonClass: 147K(256K)->147K(256K) Class: 4K(128K)->4K(128K)
[2026-06-17T09:56:19.013+0800][27.643s][info][gc             ] GC(652) Pause Young (Allocation Failure) 53M->38M(61M) 1.578ms
[2026-06-17T09:56:19.013+0800][27.643s][info][gc,cpu         ] GC(652) User=0.00s Sys=0.00s Real=0.00s
[2026-06-17T09:56:19.066+0800][27.695s][info][gc,start       ] GC(653) Pause Young (Allocation Failure)
[2026-06-17T09:56:19.068+0800][27.697s][info][gc,heap        ] GC(653) DefNew: 19528K(19648K)->2107K(19648K) Eden: 17420K(17472K)->0K(17472K) From: 2108K(2176K)->2107K(2176K)
[2026-06-17T09:56:19.068+0800][27.697s][info][gc,heap        ] GC(653) Tenured: 37009K(43712K)->40852K(43712K)
[2026-06-17T09:56:19.068+0800][27.698s][info][gc,metaspace   ] GC(653) Metaspace: 152K(384K)->152K(384K) NonClass: 147K(256K)->147K(256K) Class: 4K(128K)->4K(128K)
[2026-06-17T09:56:19.069+0800][27.698s][info][gc             ] GC(653) Pause Young (Allocation Failure) 55M->41M(61M) 2.990ms
[2026-06-17T09:56:19.069+0800][27.699s][info][gc,cpu         ] GC(653) User=0.00s Sys=0.00s Real=0.00s
[2026-06-17T09:56:19.112+0800][27.741s][info][gc,start       ] GC(654) Pause Young (Allocation Failure)
[2026-06-17T09:56:19.112+0800][27.741s][info][gc             ] GC(654) Pause Young (Allocation Failure) 59M->59M(61M) 0.513ms
[2026-06-17T09:56:19.112+0800][27.742s][info][gc,cpu         ] GC(654) User=0.00s Sys=0.00s Real=0.00s
[2026-06-17T09:56:19.113+0800][27.742s][info][gc,start       ] GC(655) Pause Full (Allocation Failure)
[2026-06-17T09:56:19.113+0800][27.742s][info][gc,phases,start] GC(655) Phase 1: Mark live objects
[2026-06-17T09:56:19.114+0800][27.743s][info][gc,phases      ] GC(655) Phase 1: Mark live objects 0.648ms
[2026-06-17T09:56:19.114+0800][27.743s][info][gc,phases,start] GC(655) Phase 2: Compute new object addresses
[2026-06-17T09:56:19.114+0800][27.743s][info][gc,phases      ] GC(655) Phase 2: Compute new object addresses 0.388ms
[2026-06-17T09:56:19.114+0800][27.743s][info][gc,phases,start] GC(655) Phase 3: Adjust pointers
[2026-06-17T09:56:19.115+0800][27.744s][info][gc,phases      ] GC(655) Phase 3: Adjust pointers 0.482ms
[2026-06-17T09:56:19.115+0800][27.744s][info][gc,phases,start] GC(655) Phase 4: Move objects
[2026-06-17T09:56:19.118+0800][27.747s][info][gc,phases      ] GC(655) Phase 4: Move objects 2.682ms
[2026-06-17T09:56:19.118+0800][27.747s][info][gc,heap        ] GC(655) DefNew: 19579K(19648K)->0K(19648K) Eden: 17472K(17472K)->0K(17472K) From: 2107K(2176K)->0K(2176K)
[2026-06-17T09:56:19.119+0800][27.748s][info][gc,heap        ] GC(655) Tenured: 40852K(43712K)->29663K(43712K)
[2026-06-17T09:56:19.119+0800][27.748s][info][gc,metaspace   ] GC(655) Metaspace: 152K(384K)->152K(384K) NonClass: 147K(256K)->147K(256K) Class: 4K(128K)->4K(128K)
[2026-06-17T09:56:19.119+0800][27.748s][info][gc             ] GC(655) Pause Full (Allocation Failure) 59M->28M(61M) 6.264ms
[2026-06-17T09:56:19.119+0800][27.748s][info][gc,cpu         ] GC(655) User=0.00s Sys=0.00s Real=0.00s
[2026-06-17T09:56:19.161+0800][27.790s][info][gc,start       ] GC(656) Pause Young (Allocation Failure)
[2026-06-17T09:56:19.162+0800][27.792s][info][gc,heap        ] GC(656) DefNew: 17461K(19648K)->2161K(19648K) Eden: 17461K(17472K)->0K(17472K) From: 0K(2176K)->2161K(2176K)
[2026-06-17T09:56:19.163+0800][27.792s][info][gc,heap        ] GC(656) Tenured: 29663K(43712K)->34323K(43712K)
[2026-06-17T09:56:19.163+0800][27.792s][info][gc,metaspace   ] GC(656) Metaspace: 152K(384K)->152K(384K) NonClass: 147K(256K)->147K(256K) Class: 4K(128K)->4K(128K)
[2026-06-17T09:56:19.163+0800][27.792s][info][gc             ] GC(656) Pause Young (Allocation Failure) 46M->35M(61M) 1.764ms
[2026-06-17T09:56:19.163+0800][27.792s][info][gc,cpu         ] GC(656) User=0.00s Sys=0.00s Real=0.01s
[2026-06-17T09:56:19.205+0800][27.834s][info][gc,start       ] GC(657) Pause Young (Allocation Failure)
[2026-06-17T09:56:19.207+0800][27.836s][info][gc,heap        ] GC(657) DefNew: 19631K(19648K)->2114K(19648K) Eden: 17470K(17472K)->0K(17472K) From: 2161K(2176K)->2114K(2176K)
[2026-06-17T09:56:19.207+0800][27.836s][info][gc,heap        ] GC(657) Tenured: 34323K(43712K)->38008K(43712K)
[2026-06-17T09:56:19.207+0800][27.836s][info][gc,metaspace   ] GC(657) Metaspace: 152K(384K)->152K(384K) NonClass: 147K(256K)->147K(256K) Class: 4K(128K)->4K(128K)
[2026-06-17T09:56:19.207+0800][27.837s][info][gc             ] GC(657) Pause Young (Allocation Failure) 52M->39M(61M) 2.166ms
[2026-06-17T09:56:19.208+0800][27.837s][info][gc,cpu         ] GC(657) User=0.00s Sys=0.00s Real=0.00s
[2026-06-17T09:56:19.251+0800][27.880s][info][gc,start       ] GC(658) Pause Young (Allocation Failure)
[2026-06-17T09:56:19.251+0800][27.880s][info][gc             ] GC(658) Pause Young (Allocation Failure) 56M->56M(61M) 0.596ms
[2026-06-17T09:56:19.252+0800][27.881s][info][gc,cpu         ] GC(658) User=0.00s Sys=0.00s Real=0.00s
[2026-06-17T09:56:19.252+0800][27.881s][info][gc,start       ] GC(659) Pause Full (Allocation Failure)
[2026-06-17T09:56:19.253+0800][27.882s][info][gc,phases,start] GC(659) Phase 1: Mark live objects
[2026-06-17T09:56:19.253+0800][27.883s][info][gc,phases      ] GC(659) Phase 1: Mark live objects 0.882ms
[2026-06-17T09:56:19.254+0800][27.883s][info][gc,phases,start] GC(659) Phase 2: Compute new object addresses
[2026-06-17T09:56:19.255+0800][27.884s][info][gc,phases      ] GC(659) Phase 2: Compute new object addresses 0.737ms
[2026-06-17T09:56:19.255+0800][27.884s][info][gc,phases,start] GC(659) Phase 3: Adjust pointers
[2026-06-17T09:56:19.256+0800][27.885s][info][gc,phases      ] GC(659) Phase 3: Adjust pointers 0.749ms
[2026-06-17T09:56:19.256+0800][27.885s][info][gc,phases,start] GC(659) Phase 4: Move objects
[2026-06-17T09:56:19.259+0800][27.888s][info][gc,phases      ] GC(659) Phase 4: Move objects 2.842ms
[2026-06-17T09:56:19.259+0800][27.888s][info][gc,heap        ] GC(659) DefNew: 19586K(19648K)->0K(19648K) Eden: 17472K(17472K)->0K(17472K) From: 2114K(2176K)->0K(2176K)
[2026-06-17T09:56:19.260+0800][27.889s][info][gc,heap        ] GC(659) Tenured: 38008K(43712K)->23757K(43712K)
[2026-06-17T09:56:19.260+0800][27.889s][info][gc,metaspace   ] GC(659) Metaspace: 152K(384K)->152K(384K) NonClass: 147K(256K)->147K(256K) Class: 4K(128K)->4K(128K)
[2026-06-17T09:56:19.261+0800][27.890s][info][gc             ] GC(659) Pause Full (Allocation Failure) 56M->23M(61M) 8.508ms
[2026-06-17T09:56:19.261+0800][27.890s][info][gc,cpu         ] GC(659) User=0.00s Sys=0.00s Real=0.00s
[2026-06-17T09:56:19.304+0800][27.933s][info][gc,start       ] GC(660) Pause Young (Allocation Failure)
[2026-06-17T09:56:19.306+0800][27.935s][info][gc,heap        ] GC(660) DefNew: 17468K(19648K)->2141K(19648K) Eden: 17468K(17472K)->0K(17472K) From: 0K(2176K)->2141K(2176K)
[2026-06-17T09:56:19.306+0800][27.935s][info][gc,heap        ] GC(660) Tenured: 23757K(43712K)->28218K(43712K)
[2026-06-17T09:56:19.307+0800][27.936s][info][gc,metaspace   ] GC(660) Metaspace: 152K(384K)->152K(384K) NonClass: 147K(256K)->147K(256K) Class: 4K(128K)->4K(128K)
[2026-06-17T09:56:19.307+0800][27.936s][info][gc             ] GC(660) Pause Young (Allocation Failure) 40M->29M(61M) 2.694ms
[2026-06-17T09:56:19.307+0800][27.936s][info][gc,cpu         ] GC(660) User=0.00s Sys=0.00s Real=0.00s
[2026-06-17T09:56:19.360+0800][27.989s][info][gc,start       ] GC(661) Pause Young (Allocation Failure)
[2026-06-17T09:56:19.361+0800][27.990s][info][gc,heap        ] GC(661) DefNew: 19613K(19648K)->1973K(19648K) Eden: 17471K(17472K)->0K(17472K) From: 2141K(2176K)->1973K(2176K)
[2026-06-17T09:56:19.361+0800][27.990s][info][gc,heap        ] GC(661) Tenured: 28218K(43712K)->29121K(43712K)
[2026-06-17T09:56:19.361+0800][27.990s][info][gc,metaspace   ] GC(661) Metaspace: 152K(384K)->152K(384K) NonClass: 147K(256K)->147K(256K) Class: 4K(128K)->4K(128K)
[2026-06-17T09:56:19.361+0800][27.990s][info][gc             ] GC(661) Pause Young (Allocation Failure) 46M->30M(61M) 1.676ms
[2026-06-17T09:56:19.362+0800][27.991s][info][gc,cpu         ] GC(661) User=0.00s Sys=0.00s Real=0.00s
[2026-06-17T09:56:19.404+0800][28.033s][info][gc,start       ] GC(662) Pause Young (Allocation Failure)
[2026-06-17T09:56:19.405+0800][28.034s][info][gc,heap        ] GC(662) DefNew: 19435K(19648K)->2159K(19648K) Eden: 17461K(17472K)->0K(17472K) From: 1973K(2176K)->2159K(2176K)
[2026-06-17T09:56:19.405+0800][28.035s][info][gc,heap        ] GC(662) Tenured: 29121K(43712K)->32605K(43712K)
[2026-06-17T09:56:19.406+0800][28.035s][info][gc,metaspace   ] GC(662) Metaspace: 152K(384K)->152K(384K) NonClass: 147K(256K)->147K(256K) Class: 4K(128K)->4K(128K)
[2026-06-17T09:56:19.406+0800][28.035s][info][gc             ] GC(662) Pause Young (Allocation Failure) 47M->33M(61M) 1.869ms
[2026-06-17T09:56:19.406+0800][28.035s][info][gc,cpu         ] GC(662) User=0.00s Sys=0.00s Real=0.00s
[2026-06-17T09:56:19.448+0800][28.077s][info][gc,start       ] GC(663) Pause Young (Allocation Failure)
[2026-06-17T09:56:19.449+0800][28.079s][info][gc,heap        ] GC(663) DefNew: 19603K(19648K)->2168K(19648K) Eden: 17443K(17472K)->0K(17472K) From: 2159K(2176K)->2168K(2176K)
[2026-06-17T09:56:19.450+0800][28.079s][info][gc,heap        ] GC(663) Tenured: 32605K(43712K)->36543K(43712K)
[2026-06-17T09:56:19.451+0800][28.080s][info][gc,metaspace   ] GC(663) Metaspace: 152K(384K)->152K(384K) NonClass: 147K(256K)->147K(256K) Class: 4K(128K)->4K(128K)
[2026-06-17T09:56:19.452+0800][28.081s][info][gc             ] GC(663) Pause Young (Allocation Failure) 50M->37M(61M) 3.373ms
[2026-06-17T09:56:19.452+0800][28.081s][info][gc,cpu         ] GC(663) User=0.00s Sys=0.00s Real=0.01s
[2026-06-17T09:56:19.494+0800][28.124s][info][gc,start       ] GC(664) Pause Young (Allocation Failure)
[2026-06-17T09:56:19.497+0800][28.127s][info][gc,heap        ] GC(664) DefNew: 19639K(19648K)->2174K(19648K) Eden: 17470K(17472K)->0K(17472K) From: 2168K(2176K)->2174K(2176K)
[2026-06-17T09:56:19.499+0800][28.128s][info][gc,heap        ] GC(664) Tenured: 36543K(43712K)->40239K(43712K)
[2026-06-17T09:56:19.500+0800][28.129s][info][gc,metaspace   ] GC(664) Metaspace: 152K(384K)->152K(384K) NonClass: 147K(256K)->147K(256K) Class: 4K(128K)->4K(128K)
[2026-06-17T09:56:19.502+0800][28.131s][info][gc             ] GC(664) Pause Young (Allocation Failure) 54M->41M(61M) 7.338ms
[2026-06-17T09:56:19.503+0800][28.132s][info][gc,cpu         ] GC(664) User=0.01s Sys=0.00s Real=0.01s
[2026-06-17T09:56:19.557+0800][28.186s][info][gc,start       ] GC(665) Pause Young (Allocation Failure)
[2026-06-17T09:56:19.558+0800][28.187s][info][gc             ] GC(665) Pause Young (Allocation Failure) 58M->58M(61M) 0.460ms
[2026-06-17T09:56:19.558+0800][28.187s][info][gc,cpu         ] GC(665) User=0.00s Sys=0.00s Real=0.00s
[2026-06-17T09:56:19.558+0800][28.187s][info][gc,start       ] GC(666) Pause Full (Allocation Failure)
[2026-06-17T09:56:19.558+0800][28.188s][info][gc,phases,start] GC(666) Phase 1: Mark live objects
[2026-06-17T09:56:19.559+0800][28.188s][info][gc,phases      ] GC(666) Phase 1: Mark live objects 0.764ms
[2026-06-17T09:56:19.560+0800][28.189s][info][gc,phases,start] GC(666) Phase 2: Compute new object addresses
[2026-06-17T09:56:19.563+0800][28.193s][info][gc,phases      ] GC(666) Phase 2: Compute new object addresses 3.886ms
[2026-06-17T09:56:19.593+0800][28.222s][info][gc,phases,start] GC(666) Phase 3: Adjust pointers
[2026-06-17T09:56:19.627+0800][28.256s][info][gc,phases      ] GC(666) Phase 3: Adjust pointers 33.518ms
[2026-06-17T09:56:19.628+0800][28.257s][info][gc,phases,start] GC(666) Phase 4: Move objects
[2026-06-17T09:56:19.629+0800][28.258s][info][gc,phases      ] GC(666) Phase 4: Move objects 1.659ms
[2026-06-17T09:56:19.685+0800][28.314s][info][gc,heap        ] GC(666) DefNew: 19646K(19648K)->0K(19648K) Eden: 17472K(17472K)->0K(17472K) From: 2174K(2176K)->0K(2176K)
[2026-06-17T09:56:19.687+0800][28.316s][info][gc,heap        ] GC(666) Tenured: 40239K(43712K)->18902K(43712K)
[2026-06-17T09:56:19.687+0800][28.317s][info][gc,metaspace   ] GC(666) Metaspace: 152K(384K)->152K(384K) NonClass: 147K(256K)->147K(256K) Class: 4K(128K)->4K(128K)
[2026-06-17T09:56:19.694+0800][28.323s][info][gc             ] GC(666) Pause Full (Allocation Failure) 58M->18M(61M) 135.452ms
[2026-06-17T09:56:19.694+0800][28.324s][info][gc,cpu         ] GC(666) User=0.00s Sys=0.00s Real=0.14s
[2026-06-17T09:56:19.744+0800][28.373s][info][gc,start       ] GC(667) Pause Young (Allocation Failure)
[2026-06-17T09:56:19.745+0800][28.374s][info][gc,heap        ] GC(667) DefNew: 17448K(19648K)->2168K(19648K) Eden: 17448K(17472K)->0K(17472K) From: 0K(2176K)->2168K(2176K)
[2026-06-17T09:56:19.745+0800][28.374s][info][gc,heap        ] GC(667) Tenured: 18902K(43712K)->24129K(43712K)
[2026-06-17T09:56:19.745+0800][28.375s][info][gc,metaspace   ] GC(667) Metaspace: 152K(384K)->152K(384K) NonClass: 147K(256K)->147K(256K) Class: 4K(128K)->4K(128K)
[2026-06-17T09:56:19.746+0800][28.375s][info][gc             ] GC(667) Pause Young (Allocation Failure) 35M->25M(61M) 1.627ms
[2026-06-17T09:56:19.746+0800][28.375s][info][gc,cpu         ] GC(667) User=0.00s Sys=0.00s Real=0.00s
[2026-06-17T09:56:19.788+0800][28.417s][info][gc,start       ] GC(668) Pause Young (Allocation Failure)
[2026-06-17T09:56:19.789+0800][28.418s][info][gc,heap        ] GC(668) DefNew: 19588K(19648K)->2168K(19648K) Eden: 17419K(17472K)->0K(17472K) From: 2168K(2176K)->2168K(2176K)
[2026-06-17T09:56:19.789+0800][28.418s][info][gc,heap        ] GC(668) Tenured: 24129K(43712K)->29489K(43712K)
[2026-06-17T09:56:19.789+0800][28.419s][info][gc,metaspace   ] GC(668) Metaspace: 152K(384K)->152K(384K) NonClass: 147K(256K)->147K(256K) Class: 4K(128K)->4K(128K)
[2026-06-17T09:56:19.790+0800][28.419s][info][gc             ] GC(668) Pause Young (Allocation Failure) 42M->30M(61M) 2.311ms
[2026-06-17T09:56:19.790+0800][28.419s][info][gc,cpu         ] GC(668) User=0.00s Sys=0.00s Real=0.00s
[2026-06-17T09:56:19.833+0800][28.462s][info][gc,start       ] GC(669) Pause Young (Allocation Failure)
[2026-06-17T09:56:19.834+0800][28.463s][info][gc,heap        ] GC(669) DefNew: 19600K(19648K)->2174K(19648K) Eden: 17432K(17472K)->0K(17472K) From: 2168K(2176K)->2174K(2176K)
[2026-06-17T09:56:19.834+0800][28.463s][info][gc,heap        ] GC(669) Tenured: 29489K(43712K)->32779K(43712K)
[2026-06-17T09:56:19.834+0800][28.464s][info][gc,metaspace   ] GC(669) Metaspace: 152K(384K)->152K(384K) NonClass: 147K(256K)->147K(256K) Class: 4K(128K)->4K(128K)
[2026-06-17T09:56:19.835+0800][28.464s][info][gc             ] GC(669) Pause Young (Allocation Failure) 47M->34M(61M) 1.979ms
[2026-06-17T09:56:19.835+0800][28.464s][info][gc,cpu         ] GC(669) User=0.00s Sys=0.00s Real=0.00s
[2026-06-17T09:56:19.877+0800][28.506s][info][gc,start       ] GC(670) Pause Young (Allocation Failure)
[2026-06-17T09:56:19.878+0800][28.508s][info][gc,heap        ] GC(670) DefNew: 19646K(19648K)->2175K(19648K) Eden: 17472K(17472K)->0K(17472K) From: 2174K(2176K)->2175K(2176K)
[2026-06-17T09:56:19.879+0800][28.508s][info][gc,heap        ] GC(670) Tenured: 32779K(43712K)->35923K(43712K)
[2026-06-17T09:56:19.879+0800][28.508s][info][gc,metaspace   ] GC(670) Metaspace: 152K(384K)->152K(384K) NonClass: 147K(256K)->147K(256K) Class: 4K(128K)->4K(128K)
[2026-06-17T09:56:19.879+0800][28.508s][info][gc             ] GC(670) Pause Young (Allocation Failure) 51M->37M(61M) 1.892ms
[2026-06-17T09:56:19.879+0800][28.508s][info][gc,cpu         ] GC(670) User=0.00s Sys=0.00s Real=0.00s
[2026-06-17T09:56:19.922+0800][28.551s][info][gc,start       ] GC(671) Pause Young (Allocation Failure)
[2026-06-17T09:56:19.924+0800][28.553s][info][gc,heap        ] GC(671) DefNew: 19647K(19648K)->2170K(19648K) Eden: 17472K(17472K)->0K(17472K) From: 2175K(2176K)->2170K(2176K)
[2026-06-17T09:56:19.924+0800][28.554s][info][gc,heap        ] GC(671) Tenured: 35923K(43712K)->40489K(43712K)
[2026-06-17T09:56:19.925+0800][28.554s][info][gc,metaspace   ] GC(671) Metaspace: 152K(384K)->152K(384K) NonClass: 147K(256K)->147K(256K) Class: 4K(128K)->4K(128K)
[2026-06-17T09:56:19.925+0800][28.555s][info][gc             ] GC(671) Pause Young (Allocation Failure) 54M->41M(61M) 3.128ms
[2026-06-17T09:56:19.926+0800][28.555s][info][gc,cpu         ] GC(671) User=0.00s Sys=0.00s Real=0.01s
[2026-06-17T09:56:19.968+0800][28.597s][info][gc,start       ] GC(672) Pause Young (Allocation Failure)
[2026-06-17T09:56:19.969+0800][28.598s][info][gc             ] GC(672) Pause Young (Allocation Failure) 58M->58M(61M) 0.581ms
[2026-06-17T09:56:19.969+0800][28.598s][info][gc,cpu         ] GC(672) User=0.00s Sys=0.00s Real=0.00s
[2026-06-17T09:56:19.970+0800][28.599s][info][gc,start       ] GC(673) Pause Full (Allocation Failure)
[2026-06-17T09:56:19.970+0800][28.599s][info][gc,phases,start] GC(673) Phase 1: Mark live objects
[2026-06-17T09:56:19.971+0800][28.600s][info][gc,phases      ] GC(673) Phase 1: Mark live objects 0.783ms
[2026-06-17T09:56:19.971+0800][28.601s][info][gc,phases,start] GC(673) Phase 2: Compute new object addresses
[2026-06-17T09:56:19.972+0800][28.601s][info][gc,phases      ] GC(673) Phase 2: Compute new object addresses 0.703ms
[2026-06-17T09:56:19.972+0800][28.602s][info][gc,phases,start] GC(673) Phase 3: Adjust pointers
[2026-06-17T09:56:19.973+0800][28.602s][info][gc,phases      ] GC(673) Phase 3: Adjust pointers 0.624ms
[2026-06-17T09:56:19.973+0800][28.602s][info][gc,phases,start] GC(673) Phase 4: Move objects
[2026-06-17T09:56:19.975+0800][28.604s][info][gc,phases      ] GC(673) Phase 4: Move objects 2.043ms
[2026-06-17T09:56:19.976+0800][28.605s][info][gc,heap        ] GC(673) DefNew: 19597K(19648K)->0K(19648K) Eden: 17426K(17472K)->0K(17472K) From: 2170K(2176K)->0K(2176K)
[2026-06-17T09:56:19.976+0800][28.605s][info][gc,heap        ] GC(673) Tenured: 40489K(43712K)->25571K(43712K)
[2026-06-17T09:56:19.976+0800][28.605s][info][gc,metaspace   ] GC(673) Metaspace: 152K(384K)->152K(384K) NonClass: 147K(256K)->147K(256K) Class: 4K(128K)->4K(128K)
[2026-06-17T09:56:19.976+0800][28.605s][info][gc             ] GC(673) Pause Full (Allocation Failure) 58M->24M(61M) 6.280ms
[2026-06-17T09:56:19.976+0800][28.605s][info][gc,cpu         ] GC(673) User=0.01s Sys=0.00s Real=0.01s
[2026-06-17T09:56:20.018+0800][28.648s][info][gc,start       ] GC(674) Pause Young (Allocation Failure)
[2026-06-17T09:56:20.020+0800][28.649s][info][gc,heap        ] GC(674) DefNew: 17236K(19648K)->2002K(19648K) Eden: 17236K(17472K)->0K(17472K) From: 0K(2176K)->2002K(2176K)
[2026-06-17T09:56:20.020+0800][28.649s][info][gc,heap        ] GC(674) Tenured: 25571K(43712K)->26921K(43712K)
[2026-06-17T09:56:20.021+0800][28.650s][info][gc,metaspace   ] GC(674) Metaspace: 152K(384K)->152K(384K) NonClass: 147K(256K)->147K(256K) Class: 4K(128K)->4K(128K)
[2026-06-17T09:56:20.022+0800][28.651s][info][gc             ] GC(674) Pause Young (Allocation Failure) 41M->28M(61M) 3.800ms
[2026-06-17T09:56:20.024+0800][28.653s][info][gc,cpu         ] GC(674) User=0.00s Sys=0.00s Real=0.01s
[2026-06-17T09:56:20.078+0800][28.707s][info][gc,start       ] GC(675) Pause Young (Allocation Failure)
[2026-06-17T09:56:20.079+0800][28.708s][info][gc,heap        ] GC(675) DefNew: 19433K(19648K)->2170K(19648K) Eden: 17431K(17472K)->0K(17472K) From: 2002K(2176K)->2170K(2176K)
[2026-06-17T09:56:20.080+0800][28.709s][info][gc,heap        ] GC(675) Tenured: 26921K(43712K)->30609K(43712K)
[2026-06-17T09:56:20.080+0800][28.709s][info][gc,metaspace   ] GC(675) Metaspace: 152K(384K)->152K(384K) NonClass: 147K(256K)->147K(256K) Class: 4K(128K)->4K(128K)
[2026-06-17T09:56:20.081+0800][28.710s][info][gc             ] GC(675) Pause Young (Allocation Failure) 45M->32M(61M) 2.958ms
[2026-06-17T09:56:20.081+0800][28.710s][info][gc,cpu         ] GC(675) User=0.00s Sys=0.00s Real=0.00s
[2026-06-17T09:56:20.124+0800][28.753s][info][gc,start       ] GC(676) Pause Young (Allocation Failure)
[2026-06-17T09:56:20.126+0800][28.755s][info][gc,heap        ] GC(676) DefNew: 19632K(19648K)->2088K(19648K) Eden: 17461K(17472K)->0K(17472K) From: 2170K(2176K)->2088K(2176K)
[2026-06-17T09:56:20.126+0800][28.755s][info][gc,heap        ] GC(676) Tenured: 30609K(43712K)->34175K(43712K)
[2026-06-17T09:56:20.127+0800][28.756s][info][gc,metaspace   ] GC(676) Metaspace: 152K(384K)->152K(384K) NonClass: 147K(256K)->147K(256K) Class: 4K(128K)->4K(128K)
[2026-06-17T09:56:20.127+0800][28.756s][info][gc             ] GC(676) Pause Young (Allocation Failure) 49M->35M(61M) 2.569ms
[2026-06-17T09:56:20.127+0800][28.756s][info][gc,cpu         ] GC(676) User=0.01s Sys=0.00s Real=0.00s
[2026-06-17T09:56:20.170+0800][28.799s][info][gc,start       ] GC(677) Pause Young (Allocation Failure)
[2026-06-17T09:56:20.171+0800][28.800s][info][gc,heap        ] GC(677) DefNew: 19560K(19648K)->2165K(19648K) Eden: 17472K(17472K)->0K(17472K) From: 2088K(2176K)->2165K(2176K)
[2026-06-17T09:56:20.172+0800][28.801s][info][gc,heap        ] GC(677) Tenured: 34175K(43712K)->37340K(43712K)
[2026-06-17T09:56:20.172+0800][28.802s][info][gc,metaspace   ] GC(677) Metaspace: 152K(384K)->152K(384K) NonClass: 147K(256K)->147K(256K) Class: 4K(128K)->4K(128K)
[2026-06-17T09:56:20.173+0800][28.802s][info][gc             ] GC(677) Pause Young (Allocation Failure) 52M->38M(61M) 2.785ms
[2026-06-17T09:56:20.173+0800][28.802s][info][gc,cpu         ] GC(677) User=0.00s Sys=0.00s Real=0.01s
[2026-06-17T09:56:20.216+0800][28.845s][info][gc,start       ] GC(678) Pause Young (Allocation Failure)
[2026-06-17T09:56:20.217+0800][28.846s][info][gc,heap        ] GC(678) DefNew: 19637K(19648K)->2172K(19648K) Eden: 17472K(17472K)->0K(17472K) From: 2165K(2176K)->2172K(2176K)
[2026-06-17T09:56:20.217+0800][28.846s][info][gc,heap        ] GC(678) Tenured: 37340K(43712K)->40689K(43712K)
[2026-06-17T09:56:20.217+0800][28.847s][info][gc,metaspace   ] GC(678) Metaspace: 152K(384K)->152K(384K) NonClass: 147K(256K)->147K(256K) Class: 4K(128K)->4K(128K)
[2026-06-17T09:56:20.218+0800][28.847s][info][gc             ] GC(678) Pause Young (Allocation Failure) 55M->41M(61M) 2.243ms
[2026-06-17T09:56:20.218+0800][28.847s][info][gc,cpu         ] GC(678) User=0.00s Sys=0.00s Real=0.00s
[2026-06-17T09:56:20.261+0800][28.890s][info][gc,start       ] GC(679) Pause Young (Allocation Failure)
[2026-06-17T09:56:20.261+0800][28.891s][info][gc             ] GC(679) Pause Young (Allocation Failure) 58M->58M(61M) 0.628ms
[2026-06-17T09:56:20.262+0800][28.891s][info][gc,cpu         ] GC(679) User=0.00s Sys=0.00s Real=0.00s
[2026-06-17T09:56:20.262+0800][28.891s][info][gc,start       ] GC(680) Pause Full (Allocation Failure)
[2026-06-17T09:56:20.263+0800][28.892s][info][gc,phases,start] GC(680) Phase 1: Mark live objects
[2026-06-17T09:56:20.264+0800][28.893s][info][gc,phases      ] GC(680) Phase 1: Mark live objects 0.904ms
[2026-06-17T09:56:20.264+0800][28.893s][info][gc,phases,start] GC(680) Phase 2: Compute new object addresses
[2026-06-17T09:56:20.265+0800][28.894s][info][gc,phases      ] GC(680) Phase 2: Compute new object addresses 0.639ms
[2026-06-17T09:56:20.265+0800][28.894s][info][gc,phases,start] GC(680) Phase 3: Adjust pointers
[2026-06-17T09:56:20.266+0800][28.895s][info][gc,phases      ] GC(680) Phase 3: Adjust pointers 0.702ms
[2026-06-17T09:56:20.266+0800][28.895s][info][gc,phases,start] GC(680) Phase 4: Move objects
[2026-06-17T09:56:20.268+0800][28.897s][info][gc,phases      ] GC(680) Phase 4: Move objects 1.958ms
[2026-06-17T09:56:20.269+0800][28.898s][info][gc,heap        ] GC(680) DefNew: 19377K(19648K)->0K(19648K) Eden: 17205K(17472K)->0K(17472K) From: 2172K(2176K)->0K(2176K)
[2026-06-17T09:56:20.269+0800][28.898s][info][gc,heap        ] GC(680) Tenured: 40689K(43712K)->23775K(43712K)
[2026-06-17T09:56:20.269+0800][28.899s][info][gc,metaspace   ] GC(680) Metaspace: 152K(384K)->152K(384K) NonClass: 147K(256K)->147K(256K) Class: 4K(128K)->4K(128K)
[2026-06-17T09:56:20.270+0800][28.899s][info][gc             ] GC(680) Pause Full (Allocation Failure) 58M->23M(61M) 7.708ms
[2026-06-17T09:56:20.270+0800][28.900s][info][gc,cpu         ] GC(680) User=0.01s Sys=0.00s Real=0.01s
[2026-06-17T09:56:20.313+0800][28.942s][info][gc,start       ] GC(681) Pause Young (Allocation Failure)
[2026-06-17T09:56:20.315+0800][28.944s][info][gc,heap        ] GC(681) DefNew: 17472K(19648K)->2175K(19648K) Eden: 17472K(17472K)->0K(17472K) From: 0K(2176K)->2175K(2176K)
[2026-06-17T09:56:20.315+0800][28.945s][info][gc,heap        ] GC(681) Tenured: 23775K(43712K)->28802K(43712K)
[2026-06-17T09:56:20.316+0800][28.945s][info][gc,metaspace   ] GC(681) Metaspace: 152K(384K)->152K(384K) NonClass: 147K(256K)->147K(256K) Class: 4K(128K)->4K(128K)
[2026-06-17T09:56:20.317+0800][28.946s][info][gc             ] GC(681) Pause Young (Allocation Failure) 40M->30M(61M) 3.312ms
[2026-06-17T09:56:20.318+0800][28.947s][info][gc,cpu         ] GC(681) User=0.00s Sys=0.00s Real=0.00s
[2026-06-17T09:56:20.371+0800][29.000s][info][gc,start       ] GC(682) Pause Young (Allocation Failure)
[2026-06-17T09:56:20.372+0800][29.001s][info][gc,heap        ] GC(682) DefNew: 19602K(19648K)->2116K(19648K) Eden: 17427K(17472K)->0K(17472K) From: 2175K(2176K)->2116K(2176K)
[2026-06-17T09:56:20.373+0800][29.002s][info][gc,heap        ] GC(682) Tenured: 28802K(43712K)->32153K(43712K)
[2026-06-17T09:56:20.373+0800][29.002s][info][gc,metaspace   ] GC(682) Metaspace: 152K(384K)->152K(384K) NonClass: 147K(256K)->147K(256K) Class: 4K(128K)->4K(128K)
[2026-06-17T09:56:20.374+0800][29.003s][info][gc             ] GC(682) Pause Young (Allocation Failure) 47M->33M(61M) 3.234ms
[2026-06-17T09:56:20.374+0800][29.003s][info][gc,cpu         ] GC(682) User=0.00s Sys=0.00s Real=0.00s
[2026-06-17T09:56:20.407+0800][29.036s][info][gc,start       ] GC(683) Pause Young (Allocation Failure)
[2026-06-17T09:56:20.410+0800][29.040s][info][gc,heap        ] GC(683) DefNew: 19365K(19648K)->2082K(19648K) Eden: 17249K(17472K)->0K(17472K) From: 2116K(2176K)->2082K(2176K)
[2026-06-17T09:56:20.412+0800][29.041s][info][gc,heap        ] GC(683) Tenured: 32153K(43712K)->35556K(43712K)
[2026-06-17T09:56:20.415+0800][29.044s][info][gc,metaspace   ] GC(683) Metaspace: 152K(384K)->152K(384K) NonClass: 147K(256K)->147K(256K) Class: 4K(128K)->4K(128K)
[2026-06-17T09:56:20.415+0800][29.044s][info][gc             ] GC(683) Pause Young (Allocation Failure) 50M->36M(61M) 8.187ms
[2026-06-17T09:56:20.415+0800][29.045s][info][gc,cpu         ] GC(683) User=0.01s Sys=0.00s Real=0.01s
[2026-06-17T09:56:20.458+0800][29.087s][info][gc,start       ] GC(684) Pause Young (Allocation Failure)
[2026-06-17T09:56:20.460+0800][29.089s][info][gc,heap        ] GC(684) DefNew: 19538K(19648K)->2172K(19648K) Eden: 17455K(17472K)->0K(17472K) From: 2082K(2176K)->2172K(2176K)
[2026-06-17T09:56:20.461+0800][29.090s][info][gc,heap        ] GC(684) Tenured: 35556K(43712K)->42180K(43712K)
[2026-06-17T09:56:20.461+0800][29.090s][info][gc,metaspace   ] GC(684) Metaspace: 152K(384K)->152K(384K) NonClass: 147K(256K)->147K(256K) Class: 4K(128K)->4K(128K)
[2026-06-17T09:56:20.461+0800][29.090s][info][gc             ] GC(684) Pause Young (Allocation Failure) 53M->43M(61M) 2.867ms
[2026-06-17T09:56:20.461+0800][29.090s][info][gc,cpu         ] GC(684) User=0.00s Sys=0.00s Real=0.00s
[2026-06-17T09:56:20.515+0800][29.144s][info][gc,start       ] GC(685) Pause Young (Allocation Failure)
[2026-06-17T09:56:20.516+0800][29.145s][info][gc             ] GC(685) Pause Young (Allocation Failure) 60M->60M(61M) 1.766ms
[2026-06-17T09:56:20.519+0800][29.148s][info][gc,cpu         ] GC(685) User=0.00s Sys=0.00s Real=0.00s
[2026-06-17T09:56:20.521+0800][29.151s][info][gc,start       ] GC(686) Pause Full (Allocation Failure)
[2026-06-17T09:56:20.522+0800][29.151s][info][gc,phases,start] GC(686) Phase 1: Mark live objects
[2026-06-17T09:56:20.523+0800][29.152s][info][gc,phases      ] GC(686) Phase 1: Mark live objects 0.817ms
[2026-06-17T09:56:20.523+0800][29.152s][info][gc,phases,start] GC(686) Phase 2: Compute new object addresses
[2026-06-17T09:56:20.524+0800][29.153s][info][gc,phases      ] GC(686) Phase 2: Compute new object addresses 0.480ms
[2026-06-17T09:56:20.524+0800][29.153s][info][gc,phases,start] GC(686) Phase 3: Adjust pointers
[2026-06-17T09:56:20.524+0800][29.153s][info][gc,phases      ] GC(686) Phase 3: Adjust pointers 0.450ms
[2026-06-17T09:56:20.525+0800][29.154s][info][gc,phases,start] GC(686) Phase 4: Move objects
[2026-06-17T09:56:20.527+0800][29.156s][info][gc,phases      ] GC(686) Phase 4: Move objects 2.595ms
[2026-06-17T09:56:20.528+0800][29.157s][info][gc,heap        ] GC(686) DefNew: 19633K(19648K)->0K(19648K) Eden: 17461K(17472K)->0K(17472K) From: 2172K(2176K)->0K(2176K)
[2026-06-17T09:56:20.528+0800][29.157s][info][gc,heap        ] GC(686) Tenured: 42180K(43712K)->27009K(43712K)
[2026-06-17T09:56:20.528+0800][29.157s][info][gc,metaspace   ] GC(686) Metaspace: 152K(384K)->152K(384K) NonClass: 147K(256K)->147K(256K) Class: 4K(128K)->4K(128K)
[2026-06-17T09:56:20.528+0800][29.157s][info][gc             ] GC(686) Pause Full (Allocation Failure) 60M->26M(61M) 6.718ms
[2026-06-17T09:56:20.528+0800][29.157s][info][gc,cpu         ] GC(686) User=0.00s Sys=0.00s Real=0.01s
[2026-06-17T09:56:20.571+0800][29.200s][info][gc,start       ] GC(687) Pause Young (Allocation Failure)
[2026-06-17T09:56:20.573+0800][29.202s][info][gc,heap        ] GC(687) DefNew: 17472K(19648K)->2174K(19648K) Eden: 17472K(17472K)->0K(17472K) From: 0K(2176K)->2174K(2176K)
[2026-06-17T09:56:20.573+0800][29.202s][info][gc,heap        ] GC(687) Tenured: 27009K(43712K)->32044K(43712K)
[2026-06-17T09:56:20.574+0800][29.203s][info][gc,metaspace   ] GC(687) Metaspace: 152K(384K)->152K(384K) NonClass: 147K(256K)->147K(256K) Class: 4K(128K)->4K(128K)
[2026-06-17T09:56:20.574+0800][29.203s][info][gc             ] GC(687) Pause Young (Allocation Failure) 43M->33M(61M) 3.059ms
[2026-06-17T09:56:20.574+0800][29.203s][info][gc,cpu         ] GC(687) User=0.00s Sys=0.00s Real=0.00s
[2026-06-17T09:56:20.617+0800][29.246s][info][gc,start       ] GC(688) Pause Young (Allocation Failure)
[2026-06-17T09:56:20.619+0800][29.248s][info][gc,heap        ] GC(688) DefNew: 19644K(19648K)->2174K(19648K) Eden: 17469K(17472K)->0K(17472K) From: 2174K(2176K)->2174K(2176K)
[2026-06-17T09:56:20.619+0800][29.249s][info][gc,heap        ] GC(688) Tenured: 32044K(43712K)->37246K(43712K)
[2026-06-17T09:56:20.620+0800][29.249s][info][gc,metaspace   ] GC(688) Metaspace: 152K(384K)->152K(384K) NonClass: 147K(256K)->147K(256K) Class: 4K(128K)->4K(128K)
[2026-06-17T09:56:20.620+0800][29.249s][info][gc             ] GC(688) Pause Young (Allocation Failure) 50M->38M(61M) 2.675ms
[2026-06-17T09:56:20.620+0800][29.249s][info][gc,cpu         ] GC(688) User=0.00s Sys=0.00s Real=0.00s
[2026-06-17T09:56:20.663+0800][29.292s][info][gc,start       ] GC(689) Pause Young (Allocation Failure)
[2026-06-17T09:56:20.664+0800][29.293s][info][gc             ] GC(689) Pause Young (Allocation Failure) 55M->55M(61M) 0.761ms
[2026-06-17T09:56:20.665+0800][29.294s][info][gc,cpu         ] GC(689) User=0.00s Sys=0.00s Real=0.00s
[2026-06-17T09:56:20.665+0800][29.294s][info][gc,start       ] GC(690) Pause Full (Allocation Failure)
[2026-06-17T09:56:20.665+0800][29.295s][info][gc,phases,start] GC(690) Phase 1: Mark live objects
[2026-06-17T09:56:20.667+0800][29.296s][info][gc,phases      ] GC(690) Phase 1: Mark live objects 1.152ms
[2026-06-17T09:56:20.667+0800][29.296s][info][gc,phases,start] GC(690) Phase 2: Compute new object addresses
[2026-06-17T09:56:20.668+0800][29.297s][info][gc,phases      ] GC(690) Phase 2: Compute new object addresses 0.666ms
[2026-06-17T09:56:20.668+0800][29.297s][info][gc,phases,start] GC(690) Phase 3: Adjust pointers
[2026-06-17T09:56:20.669+0800][29.298s][info][gc,phases      ] GC(690) Phase 3: Adjust pointers 0.733ms
[2026-06-17T09:56:20.669+0800][29.298s][info][gc,phases,start] GC(690) Phase 4: Move objects
[2026-06-17T09:56:20.673+0800][29.302s][info][gc,phases      ] GC(690) Phase 4: Move objects 3.414ms
[2026-06-17T09:56:20.673+0800][29.302s][info][gc,heap        ] GC(690) DefNew: 19643K(19648K)->0K(19648K) Eden: 17468K(17472K)->0K(17472K) From: 2174K(2176K)->0K(2176K)
[2026-06-17T09:56:20.674+0800][29.303s][info][gc,heap        ] GC(690) Tenured: 37246K(43712K)->28112K(43712K)
[2026-06-17T09:56:20.674+0800][29.303s][info][gc,metaspace   ] GC(690) Metaspace: 152K(384K)->152K(384K) NonClass: 147K(256K)->147K(256K) Class: 4K(128K)->4K(128K)
[2026-06-17T09:56:20.674+0800][29.303s][info][gc             ] GC(690) Pause Full (Allocation Failure) 55M->27M(61M) 9.029ms
[2026-06-17T09:56:20.674+0800][29.303s][info][gc,cpu         ] GC(690) User=0.01s Sys=0.00s Real=0.01s
[2026-06-17T09:56:20.718+0800][29.347s][info][gc,start       ] GC(691) Pause Young (Allocation Failure)
[2026-06-17T09:56:20.720+0800][29.349s][info][gc,heap        ] GC(691) DefNew: 17418K(19648K)->2174K(19648K) Eden: 17418K(17472K)->0K(17472K) From: 0K(2176K)->2174K(2176K)
[2026-06-17T09:56:20.720+0800][29.349s][info][gc,heap        ] GC(691) Tenured: 28112K(43712K)->32445K(43712K)
[2026-06-17T09:56:20.721+0800][29.350s][info][gc,metaspace   ] GC(691) Metaspace: 152K(384K)->152K(384K) NonClass: 147K(256K)->147K(256K) Class: 4K(128K)->4K(128K)
[2026-06-17T09:56:20.721+0800][29.350s][info][gc             ] GC(691) Pause Young (Allocation Failure) 44M->33M(61M) 3.401ms
[2026-06-17T09:56:20.721+0800][29.351s][info][gc,cpu         ] GC(691) User=0.00s Sys=0.00s Real=0.00s
[2026-06-17T09:56:20.775+0800][29.404s][info][gc,start       ] GC(692) Pause Young (Allocation Failure)
[2026-06-17T09:56:20.776+0800][29.405s][info][gc,heap        ] GC(692) DefNew: 19646K(19648K)->1982K(19648K) Eden: 17472K(17472K)->0K(17472K) From: 2174K(2176K)->1982K(2176K)
[2026-06-17T09:56:20.777+0800][29.406s][info][gc,heap        ] GC(692) Tenured: 32445K(43712K)->33208K(43712K)
[2026-06-17T09:56:20.777+0800][29.406s][info][gc,metaspace   ] GC(692) Metaspace: 152K(384K)->152K(384K) NonClass: 147K(256K)->147K(256K) Class: 4K(128K)->4K(128K)
[2026-06-17T09:56:20.777+0800][29.407s][info][gc             ] GC(692) Pause Young (Allocation Failure) 50M->34M(61M) 2.474ms
[2026-06-17T09:56:20.778+0800][29.407s][info][gc,cpu         ] GC(692) User=0.00s Sys=0.00s Real=0.00s
[2026-06-17T09:56:20.811+0800][29.440s][info][gc,start       ] GC(693) Pause Young (Allocation Failure)
[2026-06-17T09:56:20.812+0800][29.441s][info][gc,heap        ] GC(693) DefNew: 19283K(19648K)->1940K(19648K) Eden: 17300K(17472K)->0K(17472K) From: 1982K(2176K)->1940K(2176K)
[2026-06-17T09:56:20.813+0800][29.442s][info][gc,heap        ] GC(693) Tenured: 33208K(43712K)->36383K(43712K)
[2026-06-17T09:56:20.813+0800][29.442s][info][gc,metaspace   ] GC(693) Metaspace: 152K(384K)->152K(384K) NonClass: 147K(256K)->147K(256K) Class: 4K(128K)->4K(128K)
[2026-06-17T09:56:20.814+0800][29.443s][info][gc             ] GC(693) Pause Young (Allocation Failure) 51M->37M(61M) 2.914ms
[2026-06-17T09:56:20.814+0800][29.443s][info][gc,cpu         ] GC(693) User=0.00s Sys=0.00s Real=0.00s
[2026-06-17T09:56:20.868+0800][29.497s][info][gc,start       ] GC(694) Pause Young (Allocation Failure)
[2026-06-17T09:56:20.869+0800][29.498s][info][gc,heap        ] GC(694) DefNew: 19412K(19648K)->1961K(19648K) Eden: 17472K(17472K)->0K(17472K) From: 1940K(2176K)->1961K(2176K)
[2026-06-17T09:56:20.870+0800][29.499s][info][gc,heap        ] GC(694) Tenured: 36383K(43712K)->40205K(43712K)
[2026-06-17T09:56:20.870+0800][29.499s][info][gc,metaspace   ] GC(694) Metaspace: 152K(384K)->152K(384K) NonClass: 147K(256K)->147K(256K) Class: 4K(128K)->4K(128K)
[2026-06-17T09:56:20.870+0800][29.500s][info][gc             ] GC(694) Pause Young (Allocation Failure) 54M->41M(61M) 2.622ms
[2026-06-17T09:56:20.871+0800][29.500s][info][gc,cpu         ] GC(694) User=0.00s Sys=0.00s Real=0.01s
[2026-06-17T09:56:20.914+0800][29.543s][info][gc,start       ] GC(695) Pause Young (Allocation Failure)
[2026-06-17T09:56:20.914+0800][29.544s][info][gc             ] GC(695) Pause Young (Allocation Failure) 58M->58M(61M) 0.568ms
[2026-06-17T09:56:20.915+0800][29.544s][info][gc,cpu         ] GC(695) User=0.00s Sys=0.00s Real=0.00s
[2026-06-17T09:56:20.915+0800][29.544s][info][gc,start       ] GC(696) Pause Full (Allocation Failure)
[2026-06-17T09:56:20.916+0800][29.545s][info][gc,phases,start] GC(696) Phase 1: Mark live objects
[2026-06-17T09:56:20.917+0800][29.546s][info][gc,phases      ] GC(696) Phase 1: Mark live objects 0.992ms
[2026-06-17T09:56:20.917+0800][29.546s][info][gc,phases,start] GC(696) Phase 2: Compute new object addresses
[2026-06-17T09:56:20.918+0800][29.547s][info][gc,phases      ] GC(696) Phase 2: Compute new object addresses 0.675ms
[2026-06-17T09:56:20.918+0800][29.547s][info][gc,phases,start] GC(696) Phase 3: Adjust pointers
[2026-06-17T09:56:20.919+0800][29.548s][info][gc,phases      ] GC(696) Phase 3: Adjust pointers 0.812ms
[2026-06-17T09:56:20.919+0800][29.548s][info][gc,phases,start] GC(696) Phase 4: Move objects
[2026-06-17T09:56:20.922+0800][29.551s][info][gc,phases      ] GC(696) Phase 4: Move objects 3.181ms
[2026-06-17T09:56:20.923+0800][29.552s][info][gc,heap        ] GC(696) DefNew: 19430K(19648K)->0K(19648K) Eden: 17468K(17472K)->0K(17472K) From: 1961K(2176K)->0K(2176K)
[2026-06-17T09:56:20.923+0800][29.552s][info][gc,heap        ] GC(696) Tenured: 40205K(43712K)->31210K(43712K)
[2026-06-17T09:56:20.923+0800][29.552s][info][gc,metaspace   ] GC(696) Metaspace: 152K(384K)->152K(384K) NonClass: 147K(256K)->147K(256K) Class: 4K(128K)->4K(128K)
[2026-06-17T09:56:20.923+0800][29.552s][info][gc             ] GC(696) Pause Full (Allocation Failure) 58M->30M(61M) 7.979ms
[2026-06-17T09:56:20.923+0800][29.553s][info][gc,cpu         ] GC(696) User=0.00s Sys=0.00s Real=0.01s
[2026-06-17T09:56:20.967+0800][29.596s][info][gc,start       ] GC(697) Pause Young (Allocation Failure)
[2026-06-17T09:56:20.969+0800][29.598s][info][gc,heap        ] GC(697) DefNew: 17467K(19648K)->2172K(19648K) Eden: 17467K(17472K)->0K(17472K) From: 0K(2176K)->2172K(2176K)
[2026-06-17T09:56:20.969+0800][29.598s][info][gc,heap        ] GC(697) Tenured: 31210K(43712K)->35968K(43712K)
[2026-06-17T09:56:20.970+0800][29.599s][info][gc,metaspace   ] GC(697) Metaspace: 152K(384K)->152K(384K) NonClass: 147K(256K)->147K(256K) Class: 4K(128K)->4K(128K)
[2026-06-17T09:56:20.970+0800][29.600s][info][gc             ] GC(697) Pause Young (Allocation Failure) 47M->37M(61M) 3.767ms
[2026-06-17T09:56:20.971+0800][29.600s][info][gc,cpu         ] GC(697) User=0.01s Sys=0.00s Real=0.01s
[2026-06-17T09:56:21.015+0800][29.644s][info][gc,start       ] GC(698) Pause Young (Allocation Failure)
[2026-06-17T09:56:21.017+0800][29.647s][info][gc,heap        ] GC(698) DefNew: 19636K(19648K)->2171K(19648K) Eden: 17464K(17472K)->0K(17472K) From: 2172K(2176K)->2171K(2176K)
[2026-06-17T09:56:21.018+0800][29.647s][info][gc,heap        ] GC(698) Tenured: 35968K(43712K)->40150K(43712K)
[2026-06-17T09:56:21.019+0800][29.648s][info][gc,metaspace   ] GC(698) Metaspace: 152K(384K)->152K(384K) NonClass: 147K(256K)->147K(256K) Class: 4K(128K)->4K(128K)
[2026-06-17T09:56:21.019+0800][29.648s][info][gc             ] GC(698) Pause Young (Allocation Failure) 54M->41M(61M) 4.251ms
[2026-06-17T09:56:21.020+0800][29.649s][info][gc,cpu         ] GC(698) User=0.00s Sys=0.00s Real=0.00s
[2026-06-17T09:56:21.064+0800][29.693s][info][gc,start       ] GC(699) Pause Young (Allocation Failure)
[2026-06-17T09:56:21.065+0800][29.694s][info][gc             ] GC(699) Pause Young (Allocation Failure) 58M->58M(61M) 0.952ms
[2026-06-17T09:56:21.067+0800][29.696s][info][gc,cpu         ] GC(699) User=0.00s Sys=0.00s Real=0.00s
[2026-06-17T09:56:21.069+0800][29.698s][info][gc,start       ] GC(700) Pause Full (Allocation Failure)
[2026-06-17T09:56:21.072+0800][29.701s][info][gc,phases,start] GC(700) Phase 1: Mark live objects
[2026-06-17T09:56:21.074+0800][29.703s][info][gc,phases      ] GC(700) Phase 1: Mark live objects 2.025ms
[2026-06-17T09:56:21.075+0800][29.704s][info][gc,phases,start] GC(700) Phase 2: Compute new object addresses
[2026-06-17T09:56:21.076+0800][29.705s][info][gc,phases      ] GC(700) Phase 2: Compute new object addresses 1.065ms
[2026-06-17T09:56:21.077+0800][29.706s][info][gc,phases,start] GC(700) Phase 3: Adjust pointers
[2026-06-17T09:56:21.078+0800][29.707s][info][gc,phases      ] GC(700) Phase 3: Adjust pointers 1.265ms
[2026-06-17T09:56:21.079+0800][29.708s][info][gc,phases,start] GC(700) Phase 4: Move objects
[2026-06-17T09:56:21.081+0800][29.711s][info][gc,phases      ] GC(700) Phase 4: Move objects 2.910ms
[2026-06-17T09:56:21.082+0800][29.711s][info][gc,heap        ] GC(700) DefNew: 19636K(19648K)->0K(19648K) Eden: 17464K(17472K)->0K(17472K) From: 2171K(2176K)->0K(2176K)
[2026-06-17T09:56:21.082+0800][29.711s][info][gc,heap        ] GC(700) Tenured: 40150K(43712K)->31541K(43712K)
[2026-06-17T09:56:21.085+0800][29.714s][info][gc,metaspace   ] GC(700) Metaspace: 152K(384K)->152K(384K) NonClass: 147K(256K)->147K(256K) Class: 4K(128K)->4K(128K)
[2026-06-17T09:56:21.085+0800][29.715s][info][gc             ] GC(700) Pause Full (Allocation Failure) 58M->30M(61M) 16.127ms
[2026-06-17T09:56:21.086+0800][29.715s][info][gc,cpu         ] GC(700) User=0.01s Sys=0.00s Real=0.02s
[2026-06-17T09:56:21.130+0800][29.759s][info][gc,start       ] GC(701) Pause Young (Allocation Failure)
[2026-06-17T09:56:21.131+0800][29.760s][info][gc,heap        ] GC(701) DefNew: 17428K(19648K)->2174K(19648K) Eden: 17428K(17472K)->0K(17472K) From: 0K(2176K)->2174K(2176K)
[2026-06-17T09:56:21.131+0800][29.760s][info][gc,heap        ] GC(701) Tenured: 31541K(43712K)->36597K(43712K)
[2026-06-17T09:56:21.131+0800][29.760s][info][gc,metaspace   ] GC(701) Metaspace: 152K(384K)->152K(384K) NonClass: 147K(256K)->147K(256K) Class: 4K(128K)->4K(128K)
[2026-06-17T09:56:21.132+0800][29.761s][info][gc             ] GC(701) Pause Young (Allocation Failure) 47M->37M(61M) 1.975ms
[2026-06-17T09:56:21.132+0800][29.761s][info][gc,cpu         ] GC(701) User=0.00s Sys=0.00s Real=0.01s
[2026-06-17T09:56:21.184+0800][29.813s][info][gc,start       ] GC(702) Pause Young (Allocation Failure)
[2026-06-17T09:56:21.185+0800][29.814s][info][gc,heap        ] GC(702) DefNew: 19646K(19648K)->2143K(19648K) Eden: 17472K(17472K)->0K(17472K) From: 2174K(2176K)->2143K(2176K)
[2026-06-17T09:56:21.186+0800][29.815s][info][gc,heap        ] GC(702) Tenured: 36597K(43712K)->38125K(43712K)
[2026-06-17T09:56:21.186+0800][29.815s][info][gc,metaspace   ] GC(702) Metaspace: 152K(384K)->152K(384K) NonClass: 147K(256K)->147K(256K) Class: 4K(128K)->4K(128K)
[2026-06-17T09:56:21.186+0800][29.815s][info][gc             ] GC(702) Pause Young (Allocation Failure) 54M->39M(61M) 2.164ms
[2026-06-17T09:56:21.187+0800][29.816s][info][gc,cpu         ] GC(702) User=0.00s Sys=0.00s Real=0.00s
[2026-06-17T09:56:21.229+0800][29.858s][info][gc,start       ] GC(703) Pause Young (Allocation Failure)
[2026-06-17T09:56:21.230+0800][29.859s][info][gc             ] GC(703) Pause Young (Allocation Failure) 56M->56M(61M) 0.663ms
[2026-06-17T09:56:21.230+0800][29.859s][info][gc,cpu         ] GC(703) User=0.00s Sys=0.00s Real=0.00s
[2026-06-17T09:56:21.231+0800][29.860s][info][gc,start       ] GC(704) Pause Full (Allocation Failure)
[2026-06-17T09:56:21.231+0800][29.860s][info][gc,phases,start] GC(704) Phase 1: Mark live objects
[2026-06-17T09:56:21.232+0800][29.861s][info][gc,phases      ] GC(704) Phase 1: Mark live objects 0.836ms
[2026-06-17T09:56:21.232+0800][29.862s][info][gc,phases,start] GC(704) Phase 2: Compute new object addresses
[2026-06-17T09:56:21.233+0800][29.862s][info][gc,phases      ] GC(704) Phase 2: Compute new object addresses 0.594ms
[2026-06-17T09:56:21.233+0800][29.863s][info][gc,phases,start] GC(704) Phase 3: Adjust pointers
[2026-06-17T09:56:21.234+0800][29.863s][info][gc,phases      ] GC(704) Phase 3: Adjust pointers 0.736ms
[2026-06-17T09:56:21.235+0800][29.864s][info][gc,phases,start] GC(704) Phase 4: Move objects
[2026-06-17T09:56:21.237+0800][29.866s][info][gc,phases      ] GC(704) Phase 4: Move objects 2.328ms
[2026-06-17T09:56:21.237+0800][29.867s][info][gc,heap        ] GC(704) DefNew: 19614K(19648K)->0K(19648K) Eden: 17470K(17472K)->0K(17472K) From: 2143K(2176K)->0K(2176K)
[2026-06-17T09:56:21.238+0800][29.867s][info][gc,heap        ] GC(704) Tenured: 38125K(43712K)->29007K(43712K)
[2026-06-17T09:56:21.238+0800][29.868s][info][gc,metaspace   ] GC(704) Metaspace: 152K(384K)->152K(384K) NonClass: 147K(256K)->147K(256K) Class: 4K(128K)->4K(128K)
[2026-06-17T09:56:21.239+0800][29.868s][info][gc             ] GC(704) Pause Full (Allocation Failure) 56M->28M(61M) 8.169ms
[2026-06-17T09:56:21.239+0800][29.869s][info][gc,cpu         ] GC(704) User=0.00s Sys=0.00s Real=0.00s
[2026-06-17T09:56:21.282+0800][29.911s][info][gc,start       ] GC(705) Pause Young (Allocation Failure)
[2026-06-17T09:56:21.283+0800][29.912s][info][gc,heap        ] GC(705) DefNew: 17441K(19648K)->2172K(19648K) Eden: 17441K(17472K)->0K(17472K) From: 0K(2176K)->2172K(2176K)
[2026-06-17T09:56:21.283+0800][29.912s][info][gc,heap        ] GC(705) Tenured: 29007K(43712K)->33637K(43712K)
[2026-06-17T09:56:21.283+0800][29.913s][info][gc,metaspace   ] GC(705) Metaspace: 152K(384K)->152K(384K) NonClass: 147K(256K)->147K(256K) Class: 4K(128K)->4K(128K)
[2026-06-17T09:56:21.284+0800][29.913s][info][gc             ] GC(705) Pause Young (Allocation Failure) 45M->34M(61M) 1.993ms
[2026-06-17T09:56:21.284+0800][29.913s][info][gc,cpu         ] GC(705) User=0.00s Sys=0.00s Real=0.01s
[2026-06-17T09:56:21.326+0800][29.955s][info][gc,start       ] GC(706) Pause Young (Allocation Failure)
[2026-06-17T09:56:21.328+0800][29.957s][info][gc,heap        ] GC(706) DefNew: 19644K(19648K)->2168K(19648K) Eden: 17472K(17472K)->0K(17472K) From: 2172K(2176K)->2168K(2176K)
[2026-06-17T09:56:21.328+0800][29.957s][info][gc,heap        ] GC(706) Tenured: 33637K(43712K)->38600K(43712K)
[2026-06-17T09:56:21.329+0800][29.958s][info][gc,metaspace   ] GC(706) Metaspace: 152K(384K)->152K(384K) NonClass: 147K(256K)->147K(256K) Class: 4K(128K)->4K(128K)
[2026-06-17T09:56:21.329+0800][29.959s][info][gc             ] GC(706) Pause Young (Allocation Failure) 52M->39M(61M) 3.213ms
[2026-06-17T09:56:21.330+0800][29.959s][info][gc,cpu         ] GC(706) User=0.00s Sys=0.00s Real=0.00s
[2026-06-17T09:56:21.372+0800][30.001s][info][gc,start       ] GC(707) Pause Young (Allocation Failure)
[2026-06-17T09:56:21.373+0800][30.002s][info][gc             ] GC(707) Pause Young (Allocation Failure) 56M->56M(61M) 0.409ms
[2026-06-17T09:56:21.373+0800][30.002s][info][gc,cpu         ] GC(707) User=0.00s Sys=0.00s Real=0.00s
[2026-06-17T09:56:21.373+0800][30.002s][info][gc,start       ] GC(708) Pause Full (Allocation Failure)
[2026-06-17T09:56:21.374+0800][30.003s][info][gc,phases,start] GC(708) Phase 1: Mark live objects
[2026-06-17T09:56:21.374+0800][30.003s][info][gc,phases      ] GC(708) Phase 1: Mark live objects 0.640ms
[2026-06-17T09:56:21.375+0800][30.004s][info][gc,phases,start] GC(708) Phase 2: Compute new object addresses
[2026-06-17T09:56:21.375+0800][30.004s][info][gc,phases      ] GC(708) Phase 2: Compute new object addresses 0.482ms
[2026-06-17T09:56:21.376+0800][30.005s][info][gc,phases,start] GC(708) Phase 3: Adjust pointers
[2026-06-17T09:56:21.376+0800][30.005s][info][gc,phases      ] GC(708) Phase 3: Adjust pointers 0.513ms
[2026-06-17T09:56:21.376+0800][30.005s][info][gc,phases,start] GC(708) Phase 4: Move objects
[2026-06-17T09:56:21.379+0800][30.008s][info][gc,phases      ] GC(708) Phase 4: Move objects 2.217ms
[2026-06-17T09:56:21.379+0800][30.008s][info][gc,heap        ] GC(708) DefNew: 19640K(19648K)->0K(19648K) Eden: 17472K(17472K)->0K(17472K) From: 2168K(2176K)->0K(2176K)
[2026-06-17T09:56:21.379+0800][30.008s][info][gc,heap        ] GC(708) Tenured: 38600K(43712K)->29364K(43712K)
[2026-06-17T09:56:21.379+0800][30.009s][info][gc,metaspace   ] GC(708) Metaspace: 152K(384K)->152K(384K) NonClass: 147K(256K)->147K(256K) Class: 4K(128K)->4K(128K)
[2026-06-17T09:56:21.380+0800][30.009s][info][gc             ] GC(708) Pause Full (Allocation Failure) 56M->28M(61M) 6.228ms
[2026-06-17T09:56:21.380+0800][30.009s][info][gc,cpu         ] GC(708) User=0.00s Sys=0.00s Real=0.00s
[2026-06-17T09:56:21.433+0800][30.062s][info][gc,start       ] GC(709) Pause Young (Allocation Failure)
[2026-06-17T09:56:21.435+0800][30.064s][info][gc,heap        ] GC(709) DefNew: 17460K(19648K)->2126K(19648K) Eden: 17460K(17472K)->0K(17472K) From: 0K(2176K)->2126K(2176K)
[2026-06-17T09:56:21.436+0800][30.065s][info][gc,heap        ] GC(709) Tenured: 29364K(43712K)->30907K(43712K)
[2026-06-17T09:56:21.438+0800][30.067s][info][gc,metaspace   ] GC(709) Metaspace: 152K(384K)->152K(384K) NonClass: 147K(256K)->147K(256K) Class: 4K(128K)->4K(128K)
[2026-06-17T09:56:21.439+0800][30.068s][info][gc             ] GC(709) Pause Young (Allocation Failure) 45M->32M(61M) 6.102ms
[2026-06-17T09:56:21.439+0800][30.068s][info][gc,cpu         ] GC(709) User=0.00s Sys=0.00s Real=0.00s
[2026-06-17T09:56:21.484+0800][30.113s][info][gc,start       ] GC(710) Pause Young (Allocation Failure)
[2026-06-17T09:56:21.485+0800][30.114s][info][gc,heap        ] GC(710) DefNew: 19598K(19648K)->2094K(19648K) Eden: 17472K(17472K)->0K(17472K) From: 2126K(2176K)->2094K(2176K)
[2026-06-17T09:56:21.486+0800][30.115s][info][gc,heap        ] GC(710) Tenured: 30907K(43712K)->34755K(43712K)
[2026-06-17T09:56:21.486+0800][30.115s][info][gc,metaspace   ] GC(710) Metaspace: 152K(384K)->152K(384K) NonClass: 147K(256K)->147K(256K) Class: 4K(128K)->4K(128K)
[2026-06-17T09:56:21.487+0800][30.116s][info][gc             ] GC(710) Pause Young (Allocation Failure) 49M->35M(61M) 2.998ms
[2026-06-17T09:56:21.487+0800][30.116s][info][gc,cpu         ] GC(710) User=0.00s Sys=0.00s Real=0.00s
[2026-06-17T09:56:21.530+0800][30.159s][info][gc,start       ] GC(711) Pause Young (Allocation Failure)
[2026-06-17T09:56:21.531+0800][30.160s][info][gc,heap        ] GC(711) DefNew: 19566K(19648K)->2172K(19648K) Eden: 17472K(17472K)->0K(17472K) From: 2094K(2176K)->2172K(2176K)
[2026-06-17T09:56:21.531+0800][30.161s][info][gc,heap        ] GC(711) Tenured: 34755K(43712K)->38116K(43712K)
[2026-06-17T09:56:21.532+0800][30.161s][info][gc,metaspace   ] GC(711) Metaspace: 152K(384K)->152K(384K) NonClass: 147K(256K)->147K(256K) Class: 4K(128K)->4K(128K)
[2026-06-17T09:56:21.532+0800][30.161s][info][gc             ] GC(711) Pause Young (Allocation Failure) 53M->39M(61M) 1.804ms
[2026-06-17T09:56:21.532+0800][30.161s][info][gc,cpu         ] GC(711) User=0.00s Sys=0.00s Real=0.01s
[2026-06-17T09:56:21.574+0800][30.203s][info][gc,start       ] GC(712) Pause Young (Allocation Failure)
[2026-06-17T09:56:21.574+0800][30.203s][info][gc             ] GC(712) Pause Young (Allocation Failure) 56M->56M(61M) 0.440ms
[2026-06-17T09:56:21.574+0800][30.204s][info][gc,cpu         ] GC(712) User=0.00s Sys=0.00s Real=0.00s
[2026-06-17T09:56:21.575+0800][30.204s][info][gc,start       ] GC(713) Pause Full (Allocation Failure)
[2026-06-17T09:56:21.575+0800][30.204s][info][gc,phases,start] GC(713) Phase 1: Mark live objects
[2026-06-17T09:56:21.575+0800][30.204s][info][gc,phases      ] GC(713) Phase 1: Mark live objects 0.413ms
[2026-06-17T09:56:21.575+0800][30.205s][info][gc,phases,start] GC(713) Phase 2: Compute new object addresses
[2026-06-17T09:56:21.576+0800][30.205s][info][gc,phases      ] GC(713) Phase 2: Compute new object addresses 0.322ms
[2026-06-17T09:56:21.576+0800][30.205s][info][gc,phases,start] GC(713) Phase 3: Adjust pointers
[2026-06-17T09:56:21.576+0800][30.205s][info][gc,phases      ] GC(713) Phase 3: Adjust pointers 0.325ms
[2026-06-17T09:56:21.576+0800][30.205s][info][gc,phases,start] GC(713) Phase 4: Move objects
[2026-06-17T09:56:21.579+0800][30.208s][info][gc,phases      ] GC(713) Phase 4: Move objects 2.334ms
[2026-06-17T09:56:21.579+0800][30.208s][info][gc,heap        ] GC(713) DefNew: 19348K(19648K)->0K(19648K) Eden: 17176K(17472K)->0K(17472K) From: 2172K(2176K)->0K(2176K)
[2026-06-17T09:56:21.579+0800][30.208s][info][gc,heap        ] GC(713) Tenured: 38116K(43712K)->22596K(43712K)
[2026-06-17T09:56:21.579+0800][30.208s][info][gc,metaspace   ] GC(713) Metaspace: 152K(384K)->152K(384K) NonClass: 147K(256K)->147K(256K) Class: 4K(128K)->4K(128K)
[2026-06-17T09:56:21.579+0800][30.208s][info][gc             ] GC(713) Pause Full (Allocation Failure) 56M->22M(61M) 4.656ms
[2026-06-17T09:56:21.579+0800][30.209s][info][gc,cpu         ] GC(713) User=0.00s Sys=0.00s Real=0.00s
[2026-06-17T09:56:21.622+0800][30.251s][info][gc,start       ] GC(714) Pause Young (Allocation Failure)
[2026-06-17T09:56:21.623+0800][30.252s][info][gc,heap        ] GC(714) DefNew: 17472K(19648K)->2169K(19648K) Eden: 17472K(17472K)->0K(17472K) From: 0K(2176K)->2169K(2176K)
[2026-06-17T09:56:21.623+0800][30.252s][info][gc,heap        ] GC(714) Tenured: 22596K(43712K)->27124K(43712K)
[2026-06-17T09:56:21.623+0800][30.252s][info][gc,metaspace   ] GC(714) Metaspace: 152K(384K)->152K(384K) NonClass: 147K(256K)->147K(256K) Class: 4K(128K)->4K(128K)
[2026-06-17T09:56:21.624+0800][30.253s][info][gc             ] GC(714) Pause Young (Allocation Failure) 39M->28M(61M) 2.139ms
[2026-06-17T09:56:21.624+0800][30.253s][info][gc,cpu         ] GC(714) User=0.00s Sys=0.00s Real=0.01s
[2026-06-17T09:56:21.676+0800][30.306s][info][gc,start       ] GC(715) Pause Young (Allocation Failure)
[2026-06-17T09:56:21.678+0800][30.307s][info][gc,heap        ] GC(715) DefNew: 19641K(19648K)->1703K(19648K) Eden: 17472K(17472K)->0K(17472K) From: 2169K(2176K)->1703K(2176K)
[2026-06-17T09:56:21.678+0800][30.307s][info][gc,heap        ] GC(715) Tenured: 27124K(43712K)->29034K(43712K)
[2026-06-17T09:56:21.678+0800][30.307s][info][gc,metaspace   ] GC(715) Metaspace: 152K(384K)->152K(384K) NonClass: 147K(256K)->147K(256K) Class: 4K(128K)->4K(128K)
[2026-06-17T09:56:21.679+0800][30.308s][info][gc             ] GC(715) Pause Young (Allocation Failure) 45M->30M(61M) 2.132ms
[2026-06-17T09:56:21.679+0800][30.308s][info][gc,cpu         ] GC(715) User=0.00s Sys=0.00s Real=0.00s
[2026-06-17T09:56:21.711+0800][30.340s][info][gc,start       ] GC(716) Pause Young (Allocation Failure)
[2026-06-17T09:56:21.713+0800][30.342s][info][gc,heap        ] GC(716) DefNew: 19029K(19648K)->2153K(19648K) Eden: 17325K(17472K)->0K(17472K) From: 1703K(2176K)->2153K(2176K)
[2026-06-17T09:56:21.713+0800][30.342s][info][gc,heap        ] GC(716) Tenured: 29034K(43712K)->32003K(43712K)
[2026-06-17T09:56:21.714+0800][30.343s][info][gc,metaspace   ] GC(716) Metaspace: 152K(384K)->152K(384K) NonClass: 147K(256K)->147K(256K) Class: 4K(128K)->4K(128K)
[2026-06-17T09:56:21.714+0800][30.343s][info][gc             ] GC(716) Pause Young (Allocation Failure) 46M->33M(61M) 2.769ms
[2026-06-17T09:56:21.714+0800][30.343s][info][gc,cpu         ] GC(716) User=0.00s Sys=0.00s Real=0.00s
[2026-06-17T09:56:21.767+0800][30.396s][info][gc,start       ] GC(717) Pause Young (Allocation Failure)
[2026-06-17T09:56:21.768+0800][30.397s][info][gc,heap        ] GC(717) DefNew: 19625K(19648K)->2071K(19648K) Eden: 17472K(17472K)->0K(17472K) From: 2153K(2176K)->2071K(2176K)
[2026-06-17T09:56:21.769+0800][30.398s][info][gc,heap        ] GC(717) Tenured: 32003K(43712K)->35562K(43712K)
[2026-06-17T09:56:21.769+0800][30.398s][info][gc,metaspace   ] GC(717) Metaspace: 152K(384K)->152K(384K) NonClass: 147K(256K)->147K(256K) Class: 4K(128K)->4K(128K)
[2026-06-17T09:56:21.769+0800][30.398s][info][gc             ] GC(717) Pause Young (Allocation Failure) 50M->36M(61M) 1.950ms
[2026-06-17T09:56:21.769+0800][30.398s][info][gc,cpu         ] GC(717) User=0.01s Sys=0.00s Real=0.00s
[2026-06-17T09:56:21.812+0800][30.441s][info][gc,start       ] GC(718) Pause Young (Allocation Failure)
[2026-06-17T09:56:21.813+0800][30.442s][info][gc,heap        ] GC(718) DefNew: 19543K(19648K)->2173K(19648K) Eden: 17472K(17472K)->0K(17472K) From: 2071K(2176K)->2173K(2176K)
[2026-06-17T09:56:21.813+0800][30.442s][info][gc,heap        ] GC(718) Tenured: 35562K(43712K)->38821K(43712K)
[2026-06-17T09:56:21.814+0800][30.443s][info][gc,metaspace   ] GC(718) Metaspace: 152K(384K)->152K(384K) NonClass: 147K(256K)->147K(256K) Class: 4K(128K)->4K(128K)
[2026-06-17T09:56:21.814+0800][30.443s][info][gc             ] GC(718) Pause Young (Allocation Failure) 53M->40M(61M) 2.310ms
[2026-06-17T09:56:21.814+0800][30.443s][info][gc,cpu         ] GC(718) User=0.00s Sys=0.00s Real=0.00s
[2026-06-17T09:56:21.857+0800][30.486s][info][gc,start       ] GC(719) Pause Young (Allocation Failure)
[2026-06-17T09:56:21.860+0800][30.489s][info][gc             ] GC(719) Pause Young (Allocation Failure) 57M->57M(61M) 2.826ms
[2026-06-17T09:56:21.869+0800][30.499s][info][gc,cpu         ] GC(719) User=0.00s Sys=0.00s Real=0.01s
[2026-06-17T09:56:21.871+0800][30.501s][info][gc,start       ] GC(720) Pause Full (Allocation Failure)
[2026-06-17T09:56:21.872+0800][30.501s][info][gc,phases,start] GC(720) Phase 1: Mark live objects
[2026-06-17T09:56:21.873+0800][30.502s][info][gc,phases      ] GC(720) Phase 1: Mark live objects 0.829ms
[2026-06-17T09:56:21.873+0800][30.502s][info][gc,phases,start] GC(720) Phase 2: Compute new object addresses
[2026-06-17T09:56:21.874+0800][30.503s][info][gc,phases      ] GC(720) Phase 2: Compute new object addresses 0.626ms
[2026-06-17T09:56:21.874+0800][30.503s][info][gc,phases,start] GC(720) Phase 3: Adjust pointers
[2026-06-17T09:56:21.875+0800][30.504s][info][gc,phases      ] GC(720) Phase 3: Adjust pointers 0.562ms
[2026-06-17T09:56:21.875+0800][30.504s][info][gc,phases,start] GC(720) Phase 4: Move objects
[2026-06-17T09:56:21.877+0800][30.506s][info][gc,phases      ] GC(720) Phase 4: Move objects 2.155ms
[2026-06-17T09:56:21.877+0800][30.506s][info][gc,heap        ] GC(720) DefNew: 19611K(19648K)->0K(19648K) Eden: 17437K(17472K)->0K(17472K) From: 2173K(2176K)->0K(2176K)
[2026-06-17T09:56:21.877+0800][30.507s][info][gc,heap        ] GC(720) Tenured: 38821K(43712K)->25257K(43712K)
[2026-06-17T09:56:21.878+0800][30.507s][info][gc,metaspace   ] GC(720) Metaspace: 152K(384K)->152K(384K) NonClass: 147K(256K)->147K(256K) Class: 4K(128K)->4K(128K)
[2026-06-17T09:56:21.878+0800][30.507s][info][gc             ] GC(720) Pause Full (Allocation Failure) 57M->24M(61M) 6.243ms
[2026-06-17T09:56:21.878+0800][30.507s][info][gc,cpu         ] GC(720) User=0.00s Sys=0.00s Real=0.00s
[2026-06-17T09:56:21.920+0800][30.549s][info][gc,start       ] GC(721) Pause Young (Allocation Failure)
[2026-06-17T09:56:21.922+0800][30.551s][info][gc,heap        ] GC(721) DefNew: 17459K(19648K)->2175K(19648K) Eden: 17459K(17472K)->0K(17472K) From: 0K(2176K)->2175K(2176K)
[2026-06-17T09:56:21.922+0800][30.551s][info][gc,heap        ] GC(721) Tenured: 25257K(43712K)->29531K(43712K)
[2026-06-17T09:56:21.923+0800][30.552s][info][gc,metaspace   ] GC(721) Metaspace: 152K(384K)->152K(384K) NonClass: 147K(256K)->147K(256K) Class: 4K(128K)->4K(128K)
[2026-06-17T09:56:21.923+0800][30.553s][info][gc             ] GC(721) Pause Young (Allocation Failure) 41M->30M(61M) 3.131ms
[2026-06-17T09:56:21.924+0800][30.553s][info][gc,cpu         ] GC(721) User=0.01s Sys=0.00s Real=0.01s
[2026-06-17T09:56:21.967+0800][30.596s][info][gc,start       ] GC(722) Pause Young (Allocation Failure)
[2026-06-17T09:56:21.972+0800][30.601s][info][gc,heap        ] GC(722) DefNew: 19557K(19648K)->2159K(19648K) Eden: 17382K(17472K)->0K(17472K) From: 2175K(2176K)->2159K(2176K)
[2026-06-17T09:56:21.973+0800][30.602s][info][gc,heap        ] GC(722) Tenured: 29531K(43712K)->31657K(43712K)
[2026-06-17T09:56:21.974+0800][30.603s][info][gc,metaspace   ] GC(722) Metaspace: 152K(384K)->152K(384K) NonClass: 147K(256K)->147K(256K) Class: 4K(128K)->4K(128K)
[2026-06-17T09:56:21.976+0800][30.605s][info][gc             ] GC(722) Pause Young (Allocation Failure) 47M->33M(61M) 9.282ms
[2026-06-17T09:56:21.978+0800][30.607s][info][gc,cpu         ] GC(722) User=0.00s Sys=0.00s Real=0.01s
[2026-06-17T09:56:22.023+0800][30.652s][info][gc,start       ] GC(723) Pause Young (Allocation Failure)
[2026-06-17T09:56:22.024+0800][30.653s][info][gc,heap        ] GC(723) DefNew: 19278K(19648K)->2105K(19648K) Eden: 17118K(17472K)->0K(17472K) From: 2159K(2176K)->2105K(2176K)
[2026-06-17T09:56:22.024+0800][30.654s][info][gc,heap        ] GC(723) Tenured: 31657K(43712K)->34967K(43712K)
[2026-06-17T09:56:22.025+0800][30.654s][info][gc,metaspace   ] GC(723) Metaspace: 152K(384K)->152K(384K) NonClass: 147K(256K)->147K(256K) Class: 4K(128K)->4K(128K)
[2026-06-17T09:56:22.025+0800][30.654s][info][gc             ] GC(723) Pause Young (Allocation Failure) 49M->36M(61M) 2.632ms
[2026-06-17T09:56:22.025+0800][30.655s][info][gc,cpu         ] GC(723) User=0.00s Sys=0.00s Real=0.00s
[2026-06-17T09:56:22.080+0800][30.709s][info][gc,start       ] GC(724) Pause Young (Allocation Failure)
[2026-06-17T09:56:22.081+0800][30.711s][info][gc,heap        ] GC(724) DefNew: 19577K(19648K)->2139K(19648K) Eden: 17472K(17472K)->0K(17472K) From: 2105K(2176K)->2139K(2176K)
[2026-06-17T09:56:22.082+0800][30.711s][info][gc,heap        ] GC(724) Tenured: 34967K(43712K)->38808K(43712K)
[2026-06-17T09:56:22.082+0800][30.711s][info][gc,metaspace   ] GC(724) Metaspace: 152K(384K)->152K(384K) NonClass: 147K(256K)->147K(256K) Class: 4K(128K)->4K(128K)
[2026-06-17T09:56:22.083+0800][30.712s][info][gc             ] GC(724) Pause Young (Allocation Failure) 53M->39M(61M) 3.026ms
[2026-06-17T09:56:22.083+0800][30.712s][info][gc,cpu         ] GC(724) User=0.00s Sys=0.00s Real=0.01s
[2026-06-17T09:56:22.126+0800][30.755s][info][gc,start       ] GC(725) Pause Young (Allocation Failure)
[2026-06-17T09:56:22.127+0800][30.756s][info][gc             ] GC(725) Pause Young (Allocation Failure) 57M->57M(61M) 0.630ms
[2026-06-17T09:56:22.127+0800][30.756s][info][gc,cpu         ] GC(725) User=0.00s Sys=0.00s Real=0.00s
[2026-06-17T09:56:22.128+0800][30.757s][info][gc,start       ] GC(726) Pause Full (Allocation Failure)
[2026-06-17T09:56:22.128+0800][30.757s][info][gc,phases,start] GC(726) Phase 1: Mark live objects
[2026-06-17T09:56:22.129+0800][30.758s][info][gc,phases      ] GC(726) Phase 1: Mark live objects 0.865ms
[2026-06-17T09:56:22.131+0800][30.760s][info][gc,phases,start] GC(726) Phase 2: Compute new object addresses
[2026-06-17T09:56:22.131+0800][30.760s][info][gc,phases      ] GC(726) Phase 2: Compute new object addresses 0.653ms
[2026-06-17T09:56:22.131+0800][30.761s][info][gc,phases,start] GC(726) Phase 3: Adjust pointers
[2026-06-17T09:56:22.132+0800][30.761s][info][gc,phases      ] GC(726) Phase 3: Adjust pointers 0.630ms
[2026-06-17T09:56:22.132+0800][30.762s][info][gc,phases,start] GC(726) Phase 4: Move objects
[2026-06-17T09:56:22.135+0800][30.764s][info][gc,phases      ] GC(726) Phase 4: Move objects 2.046ms
[2026-06-17T09:56:22.135+0800][30.764s][info][gc,heap        ] GC(726) DefNew: 19598K(19648K)->0K(19648K) Eden: 17458K(17472K)->0K(17472K) From: 2139K(2176K)->0K(2176K)
[2026-06-17T09:56:22.135+0800][30.764s][info][gc,heap        ] GC(726) Tenured: 38808K(43712K)->29822K(43712K)
[2026-06-17T09:56:22.135+0800][30.764s][info][gc,metaspace   ] GC(726) Metaspace: 152K(384K)->152K(384K) NonClass: 147K(256K)->147K(256K) Class: 4K(128K)->4K(128K)
[2026-06-17T09:56:22.136+0800][30.765s][info][gc             ] GC(726) Pause Full (Allocation Failure) 57M->29M(61M) 7.629ms
[2026-06-17T09:56:22.136+0800][30.765s][info][gc,cpu         ] GC(726) User=0.00s Sys=0.00s Real=0.01s
[2026-06-17T09:56:22.179+0800][30.808s][info][gc,start       ] GC(727) Pause Young (Allocation Failure)
[2026-06-17T09:56:22.180+0800][30.809s][info][gc,heap        ] GC(727) DefNew: 17472K(19648K)->2175K(19648K) Eden: 17472K(17472K)->0K(17472K) From: 0K(2176K)->2175K(2176K)
[2026-06-17T09:56:22.184+0800][30.813s][info][gc,heap        ] GC(727) Tenured: 29822K(43712K)->33951K(43712K)
[2026-06-17T09:56:22.184+0800][30.813s][info][gc,metaspace   ] GC(727) Metaspace: 152K(384K)->152K(384K) NonClass: 147K(256K)->147K(256K) Class: 4K(128K)->4K(128K)
[2026-06-17T09:56:22.185+0800][30.814s][info][gc             ] GC(727) Pause Young (Allocation Failure) 46M->35M(61M) 6.477ms
[2026-06-17T09:56:22.185+0800][30.815s][info][gc,cpu         ] GC(727) User=0.00s Sys=0.00s Real=0.01s
[2026-06-17T09:56:22.229+0800][30.859s][info][gc,start       ] GC(728) Pause Young (Allocation Failure)
[2026-06-17T09:56:22.231+0800][30.860s][info][gc,heap        ] GC(728) DefNew: 19633K(19648K)->2063K(19648K) Eden: 17457K(17472K)->0K(17472K) From: 2175K(2176K)->2063K(2176K)
[2026-06-17T09:56:22.232+0800][30.861s][info][gc,heap        ] GC(728) Tenured: 33951K(43712K)->36118K(43712K)
[2026-06-17T09:56:22.233+0800][30.862s][info][gc,metaspace   ] GC(728) Metaspace: 152K(384K)->152K(384K) NonClass: 147K(256K)->147K(256K) Class: 4K(128K)->4K(128K)
[2026-06-17T09:56:22.233+0800][30.863s][info][gc             ] GC(728) Pause Young (Allocation Failure) 52M->37M(61M) 4.017ms
[2026-06-17T09:56:22.234+0800][30.863s][info][gc,cpu         ] GC(728) User=0.00s Sys=0.00s Real=0.01s
[2026-06-17T09:56:22.277+0800][30.906s][info][gc,start       ] GC(729) Pause Young (Allocation Failure)
[2026-06-17T09:56:22.278+0800][30.907s][info][gc,heap        ] GC(729) DefNew: 19511K(19648K)->2173K(19648K) Eden: 17447K(17472K)->0K(17472K) From: 2063K(2176K)->2173K(2176K)
[2026-06-17T09:56:22.278+0800][30.907s][info][gc,heap        ] GC(729) Tenured: 36118K(43712K)->42810K(43712K)
[2026-06-17T09:56:22.279+0800][30.908s][info][gc,metaspace   ] GC(729) Metaspace: 152K(384K)->152K(384K) NonClass: 147K(256K)->147K(256K) Class: 4K(128K)->4K(128K)
[2026-06-17T09:56:22.279+0800][30.908s][info][gc             ] GC(729) Pause Young (Allocation Failure) 54M->43M(61M) 2.171ms
[2026-06-17T09:56:22.279+0800][30.908s][info][gc,cpu         ] GC(729) User=0.00s Sys=0.00s Real=0.00s
[2026-06-17T09:56:22.332+0800][30.961s][info][gc,start       ] GC(730) Pause Young (Allocation Failure)
[2026-06-17T09:56:22.332+0800][30.961s][info][gc             ] GC(730) Pause Young (Allocation Failure) 60M->60M(61M) 0.561ms
[2026-06-17T09:56:22.333+0800][30.962s][info][gc,cpu         ] GC(730) User=0.00s Sys=0.00s Real=0.00s
[2026-06-17T09:56:22.333+0800][30.962s][info][gc,start       ] GC(731) Pause Full (Allocation Failure)
[2026-06-17T09:56:22.333+0800][30.962s][info][gc,phases,start] GC(731) Phase 1: Mark live objects
[2026-06-17T09:56:22.334+0800][30.963s][info][gc,phases      ] GC(731) Phase 1: Mark live objects 0.715ms
[2026-06-17T09:56:22.334+0800][30.964s][info][gc,phases,start] GC(731) Phase 2: Compute new object addresses
[2026-06-17T09:56:22.335+0800][30.964s][info][gc,phases      ] GC(731) Phase 2: Compute new object addresses 0.762ms
[2026-06-17T09:56:22.336+0800][30.965s][info][gc,phases,start] GC(731) Phase 3: Adjust pointers
[2026-06-17T09:56:22.336+0800][30.965s][info][gc,phases      ] GC(731) Phase 3: Adjust pointers 0.644ms
[2026-06-17T09:56:22.337+0800][30.966s][info][gc,phases,start] GC(731) Phase 4: Move objects
[2026-06-17T09:56:22.339+0800][30.968s][info][gc,phases      ] GC(731) Phase 4: Move objects 2.607ms
[2026-06-17T09:56:22.340+0800][30.969s][info][gc,heap        ] GC(731) DefNew: 19619K(19648K)->0K(19648K) Eden: 17446K(17472K)->0K(17472K) From: 2173K(2176K)->0K(2176K)
[2026-06-17T09:56:22.340+0800][30.969s][info][gc,heap        ] GC(731) Tenured: 42810K(43712K)->30001K(43712K)
[2026-06-17T09:56:22.340+0800][30.969s][info][gc,metaspace   ] GC(731) Metaspace: 152K(384K)->152K(384K) NonClass: 147K(256K)->147K(256K) Class: 4K(128K)->4K(128K)
[2026-06-17T09:56:22.340+0800][30.969s][info][gc             ] GC(731) Pause Full (Allocation Failure) 60M->29M(61M) 7.485ms
[2026-06-17T09:56:22.341+0800][30.970s][info][gc,cpu         ] GC(731) User=0.01s Sys=0.00s Real=0.00s
[2026-06-17T09:56:22.383+0800][31.012s][info][gc,start       ] GC(732) Pause Young (Allocation Failure)
[2026-06-17T09:56:22.384+0800][31.013s][info][gc,heap        ] GC(732) DefNew: 17471K(19648K)->2168K(19648K) Eden: 17471K(17472K)->0K(17472K) From: 0K(2176K)->2168K(2176K)
[2026-06-17T09:56:22.385+0800][31.014s][info][gc,heap        ] GC(732) Tenured: 30001K(43712K)->35145K(43712K)
[2026-06-17T09:56:22.385+0800][31.014s][info][gc,metaspace   ] GC(732) Metaspace: 152K(384K)->152K(384K) NonClass: 147K(256K)->147K(256K) Class: 4K(128K)->4K(128K)
[2026-06-17T09:56:22.386+0800][31.015s][info][gc             ] GC(732) Pause Young (Allocation Failure) 46M->36M(61M) 2.672ms
[2026-06-17T09:56:22.386+0800][31.015s][info][gc,cpu         ] GC(732) User=0.00s Sys=0.00s Real=0.00s
[2026-06-17T09:56:22.429+0800][31.058s][info][gc,start       ] GC(733) Pause Young (Allocation Failure)
[2026-06-17T09:56:22.430+0800][31.059s][info][gc,heap        ] GC(733) DefNew: 19630K(19648K)->2163K(19648K) Eden: 17462K(17472K)->0K(17472K) From: 2168K(2176K)->2163K(2176K)
[2026-06-17T09:56:22.431+0800][31.060s][info][gc,heap        ] GC(733) Tenured: 35145K(43712K)->39429K(43712K)
[2026-06-17T09:56:22.431+0800][31.061s][info][gc,metaspace   ] GC(733) Metaspace: 152K(384K)->152K(384K) NonClass: 147K(256K)->147K(256K) Class: 4K(128K)->4K(128K)
[2026-06-17T09:56:22.432+0800][31.061s][info][gc             ] GC(733) Pause Young (Allocation Failure) 53M->40M(61M) 3.260ms
[2026-06-17T09:56:22.432+0800][31.062s][info][gc,cpu         ] GC(733) User=0.00s Sys=0.00s Real=0.01s
[2026-06-17T09:56:22.476+0800][31.105s][info][gc,start       ] GC(734) Pause Young (Allocation Failure)
[2026-06-17T09:56:22.476+0800][31.105s][info][gc             ] GC(734) Pause Young (Allocation Failure) 57M->57M(61M) 0.608ms
[2026-06-17T09:56:22.477+0800][31.106s][info][gc,cpu         ] GC(734) User=0.00s Sys=0.00s Real=0.00s
[2026-06-17T09:56:22.477+0800][31.106s][info][gc,start       ] GC(735) Pause Full (Allocation Failure)
[2026-06-17T09:56:22.478+0800][31.107s][info][gc,phases,start] GC(735) Phase 1: Mark live objects
[2026-06-17T09:56:22.479+0800][31.108s][info][gc,phases      ] GC(735) Phase 1: Mark live objects 1.143ms
[2026-06-17T09:56:22.481+0800][31.110s][info][gc,phases,start] GC(735) Phase 2: Compute new object addresses
[2026-06-17T09:56:22.482+0800][31.111s][info][gc,phases      ] GC(735) Phase 2: Compute new object addresses 0.840ms
[2026-06-17T09:56:22.482+0800][31.111s][info][gc,phases,start] GC(735) Phase 3: Adjust pointers
[2026-06-17T09:56:22.483+0800][31.112s][info][gc,phases      ] GC(735) Phase 3: Adjust pointers 0.761ms
[2026-06-17T09:56:22.483+0800][31.112s][info][gc,phases,start] GC(735) Phase 4: Move objects
[2026-06-17T09:56:22.486+0800][31.115s][info][gc,phases      ] GC(735) Phase 4: Move objects 3.076ms
[2026-06-17T09:56:22.487+0800][31.116s][info][gc,heap        ] GC(735) DefNew: 19623K(19648K)->0K(19648K) Eden: 17460K(17472K)->0K(17472K) From: 2163K(2176K)->0K(2176K)
[2026-06-17T09:56:22.487+0800][31.116s][info][gc,heap        ] GC(735) Tenured: 39429K(43712K)->25986K(43712K)
[2026-06-17T09:56:22.487+0800][31.116s][info][gc,metaspace   ] GC(735) Metaspace: 152K(384K)->152K(384K) NonClass: 147K(256K)->147K(256K) Class: 4K(128K)->4K(128K)
[2026-06-17T09:56:22.487+0800][31.116s][info][gc             ] GC(735) Pause Full (Allocation Failure) 57M->25M(61M) 9.967ms
[2026-06-17T09:56:22.487+0800][31.116s][info][gc,cpu         ] GC(735) User=0.01s Sys=0.00s Real=0.01s
[2026-06-17T09:56:22.530+0800][31.159s][info][gc,start       ] GC(736) Pause Young (Allocation Failure)
[2026-06-17T09:56:22.533+0800][31.162s][info][gc,heap        ] GC(736) DefNew: 17456K(19648K)->2167K(19648K) Eden: 17456K(17472K)->0K(17472K) From: 0K(2176K)->2167K(2176K)
[2026-06-17T09:56:22.534+0800][31.163s][info][gc,heap        ] GC(736) Tenured: 25986K(43712K)->30764K(43712K)
[2026-06-17T09:56:22.537+0800][31.166s][info][gc,metaspace   ] GC(736) Metaspace: 152K(384K)->152K(384K) NonClass: 147K(256K)->147K(256K) Class: 4K(128K)->4K(128K)
[2026-06-17T09:56:22.537+0800][31.167s][info][gc             ] GC(736) Pause Young (Allocation Failure) 42M->32M(61M) 7.691ms
[2026-06-17T09:56:22.538+0800][31.167s][info][gc,cpu         ] GC(736) User=0.00s Sys=0.00s Real=0.01s
[2026-06-17T09:56:22.590+0800][31.220s][info][gc,start       ] GC(737) Pause Young (Allocation Failure)
[2026-06-17T09:56:22.591+0800][31.220s][info][gc,heap        ] GC(737) DefNew: 19621K(19648K)->1987K(19648K) Eden: 17454K(17472K)->0K(17472K) From: 2167K(2176K)->1987K(2176K)
[2026-06-17T09:56:22.591+0800][31.220s][info][gc,heap        ] GC(737) Tenured: 30764K(43712K)->31558K(43712K)
[2026-06-17T09:56:22.591+0800][31.221s][info][gc,metaspace   ] GC(737) Metaspace: 152K(384K)->152K(384K) NonClass: 147K(256K)->147K(256K) Class: 4K(128K)->4K(128K)
[2026-06-17T09:56:22.592+0800][31.221s][info][gc             ] GC(737) Pause Young (Allocation Failure) 49M->32M(61M) 1.106ms
[2026-06-17T09:56:22.592+0800][31.221s][info][gc,cpu         ] GC(737) User=0.00s Sys=0.00s Real=0.00s
[2026-06-17T09:56:22.624+0800][31.253s][info][gc,start       ] GC(738) Pause Young (Allocation Failure)
[2026-06-17T09:56:22.626+0800][31.255s][info][gc,heap        ] GC(738) DefNew: 19262K(19648K)->2089K(19648K) Eden: 17274K(17472K)->0K(17472K) From: 1987K(2176K)->2089K(2176K)
[2026-06-17T09:56:22.627+0800][31.256s][info][gc,heap        ] GC(738) Tenured: 31558K(43712K)->34577K(43712K)
[2026-06-17T09:56:22.627+0800][31.257s][info][gc,metaspace   ] GC(738) Metaspace: 152K(384K)->152K(384K) NonClass: 147K(256K)->147K(256K) Class: 4K(128K)->4K(128K)
[2026-06-17T09:56:22.628+0800][31.257s][info][gc             ] GC(738) Pause Young (Allocation Failure) 49M->35M(61M) 3.722ms
[2026-06-17T09:56:22.628+0800][31.257s][info][gc,cpu         ] GC(738) User=0.01s Sys=0.00s Real=0.00s
[2026-06-17T09:56:22.673+0800][31.302s][info][gc,start       ] GC(739) Pause Young (Allocation Failure)
[2026-06-17T09:56:22.675+0800][31.304s][info][gc,heap        ] GC(739) DefNew: 19561K(19648K)->2173K(19648K) Eden: 17472K(17472K)->0K(17472K) From: 2089K(2176K)->2173K(2176K)
[2026-06-17T09:56:22.675+0800][31.305s][info][gc,heap        ] GC(739) Tenured: 34577K(43712K)->41352K(43712K)
[2026-06-17T09:56:22.676+0800][31.305s][info][gc,metaspace   ] GC(739) Metaspace: 152K(384K)->152K(384K) NonClass: 147K(256K)->147K(256K) Class: 4K(128K)->4K(128K)
[2026-06-17T09:56:22.676+0800][31.305s][info][gc             ] GC(739) Pause Young (Allocation Failure) 52M->42M(61M) 3.719ms
[2026-06-17T09:56:22.677+0800][31.306s][info][gc,cpu         ] GC(739) User=0.00s Sys=0.00s Real=0.00s
[2026-06-17T09:56:22.731+0800][31.360s][info][gc,start       ] GC(740) Pause Young (Allocation Failure)
[2026-06-17T09:56:22.732+0800][31.361s][info][gc             ] GC(740) Pause Young (Allocation Failure) 59M->59M(61M) 0.863ms
[2026-06-17T09:56:22.732+0800][31.361s][info][gc,cpu         ] GC(740) User=0.00s Sys=0.00s Real=0.00s
[2026-06-17T09:56:22.733+0800][31.362s][info][gc,start       ] GC(741) Pause Full (Allocation Failure)
[2026-06-17T09:56:22.733+0800][31.362s][info][gc,phases,start] GC(741) Phase 1: Mark live objects
[2026-06-17T09:56:22.734+0800][31.363s][info][gc,phases      ] GC(741) Phase 1: Mark live objects 1.107ms
[2026-06-17T09:56:22.735+0800][31.364s][info][gc,phases,start] GC(741) Phase 2: Compute new object addresses
[2026-06-17T09:56:22.736+0800][31.365s][info][gc,phases      ] GC(741) Phase 2: Compute new object addresses 0.887ms
[2026-06-17T09:56:22.736+0800][31.365s][info][gc,phases,start] GC(741) Phase 3: Adjust pointers
[2026-06-17T09:56:22.737+0800][31.366s][info][gc,phases      ] GC(741) Phase 3: Adjust pointers 0.736ms
[2026-06-17T09:56:22.737+0800][31.367s][info][gc,phases,start] GC(741) Phase 4: Move objects
[2026-06-17T09:56:22.741+0800][31.370s][info][gc,phases      ] GC(741) Phase 4: Move objects 3.464ms
[2026-06-17T09:56:22.742+0800][31.371s][info][gc,heap        ] GC(741) DefNew: 19600K(19648K)->0K(19648K) Eden: 17426K(17472K)->0K(17472K) From: 2173K(2176K)->0K(2176K)
[2026-06-17T09:56:22.742+0800][31.371s][info][gc,heap        ] GC(741) Tenured: 41352K(43712K)->29315K(43712K)
[2026-06-17T09:56:22.742+0800][31.371s][info][gc,metaspace   ] GC(741) Metaspace: 152K(384K)->152K(384K) NonClass: 147K(256K)->147K(256K) Class: 4K(128K)->4K(128K)
[2026-06-17T09:56:22.742+0800][31.372s][info][gc             ] GC(741) Pause Full (Allocation Failure) 59M->28M(61M) 9.862ms
[2026-06-17T09:56:22.743+0800][31.372s][info][gc,cpu         ] GC(741) User=0.01s Sys=0.00s Real=0.01s
[2026-06-17T09:56:22.785+0800][31.414s][info][gc,start       ] GC(742) Pause Young (Allocation Failure)
[2026-06-17T09:56:22.787+0800][31.416s][info][gc,heap        ] GC(742) DefNew: 17461K(19648K)->2174K(19648K) Eden: 17461K(17472K)->0K(17472K) From: 0K(2176K)->2174K(2176K)
[2026-06-17T09:56:22.787+0800][31.416s][info][gc,heap        ] GC(742) Tenured: 29315K(43712K)->34273K(43712K)
[2026-06-17T09:56:22.787+0800][31.416s][info][gc,metaspace   ] GC(742) Metaspace: 152K(384K)->152K(384K) NonClass: 147K(256K)->147K(256K) Class: 4K(128K)->4K(128K)
[2026-06-17T09:56:22.787+0800][31.417s][info][gc             ] GC(742) Pause Young (Allocation Failure) 45M->35M(61M) 2.254ms
[2026-06-17T09:56:22.788+0800][31.417s][info][gc,cpu         ] GC(742) User=0.00s Sys=0.00s Real=0.00s
[2026-06-17T09:56:22.831+0800][31.460s][info][gc,start       ] GC(743) Pause Young (Allocation Failure)
[2026-06-17T09:56:22.833+0800][31.462s][info][gc,heap        ] GC(743) DefNew: 19639K(19648K)->2159K(19648K) Eden: 17464K(17472K)->0K(17472K) From: 2174K(2176K)->2159K(2176K)
[2026-06-17T09:56:22.834+0800][31.463s][info][gc,heap        ] GC(743) Tenured: 34273K(43712K)->38743K(43712K)
[2026-06-17T09:56:22.835+0800][31.464s][info][gc,metaspace   ] GC(743) Metaspace: 152K(384K)->152K(384K) NonClass: 147K(256K)->147K(256K) Class: 4K(128K)->4K(128K)
[2026-06-17T09:56:22.835+0800][31.465s][info][gc             ] GC(743) Pause Young (Allocation Failure) 52M->39M(61M) 4.537ms
[2026-06-17T09:56:22.836+0800][31.465s][info][gc,cpu         ] GC(743) User=0.01s Sys=0.00s Real=0.00s
[2026-06-17T09:56:22.879+0800][31.508s][info][gc,start       ] GC(744) Pause Young (Allocation Failure)
[2026-06-17T09:56:22.880+0800][31.509s][info][gc             ] GC(744) Pause Young (Allocation Failure) 57M->57M(61M) 0.820ms
[2026-06-17T09:56:22.881+0800][31.510s][info][gc,cpu         ] GC(744) User=0.00s Sys=0.00s Real=0.00s
[2026-06-17T09:56:22.882+0800][31.511s][info][gc,start       ] GC(745) Pause Full (Allocation Failure)
[2026-06-17T09:56:22.883+0800][31.512s][info][gc,phases,start] GC(745) Phase 1: Mark live objects
[2026-06-17T09:56:22.884+0800][31.513s][info][gc,phases      ] GC(745) Phase 1: Mark live objects 1.305ms
[2026-06-17T09:56:22.885+0800][31.514s][info][gc,phases,start] GC(745) Phase 2: Compute new object addresses
[2026-06-17T09:56:22.886+0800][31.515s][info][gc,phases      ] GC(745) Phase 2: Compute new object addresses 0.933ms
[2026-06-17T09:56:22.886+0800][31.515s][info][gc,phases,start] GC(745) Phase 3: Adjust pointers
[2026-06-17T09:56:22.887+0800][31.516s][info][gc,phases      ] GC(745) Phase 3: Adjust pointers 1.040ms
[2026-06-17T09:56:22.888+0800][31.517s][info][gc,phases,start] GC(745) Phase 4: Move objects
[2026-06-17T09:56:22.891+0800][31.520s][info][gc,phases      ] GC(745) Phase 4: Move objects 3.388ms
[2026-06-17T09:56:22.892+0800][31.521s][info][gc,heap        ] GC(745) DefNew: 19624K(19648K)->0K(19648K) Eden: 17465K(17472K)->0K(17472K) From: 2159K(2176K)->0K(2176K)
[2026-06-17T09:56:22.892+0800][31.521s][info][gc,heap        ] GC(745) Tenured: 38743K(43712K)->30804K(43712K)
[2026-06-17T09:56:22.892+0800][31.522s][info][gc,metaspace   ] GC(745) Metaspace: 152K(384K)->152K(384K) NonClass: 147K(256K)->147K(256K) Class: 4K(128K)->4K(128K)
[2026-06-17T09:56:22.893+0800][31.522s][info][gc             ] GC(745) Pause Full (Allocation Failure) 57M->30M(61M) 11.265ms
[2026-06-17T09:56:22.893+0800][31.522s][info][gc,cpu         ] GC(745) User=0.00s Sys=0.00s Real=0.02s
[2026-06-17T09:56:22.936+0800][31.566s][info][gc,start       ] GC(746) Pause Young (Allocation Failure)
[2026-06-17T09:56:22.938+0800][31.567s][info][gc,heap        ] GC(746) DefNew: 17442K(19648K)->2170K(19648K) Eden: 17442K(17472K)->0K(17472K) From: 0K(2176K)->2170K(2176K)
[2026-06-17T09:56:22.939+0800][31.568s][info][gc,heap        ] GC(746) Tenured: 30804K(43712K)->35843K(43712K)
[2026-06-17T09:56:22.939+0800][31.568s][info][gc,metaspace   ] GC(746) Metaspace: 152K(384K)->152K(384K) NonClass: 147K(256K)->147K(256K) Class: 4K(128K)->4K(128K)
[2026-06-17T09:56:22.939+0800][31.568s][info][gc             ] GC(746) Pause Young (Allocation Failure) 47M->37M(61M) 2.648ms
[2026-06-17T09:56:22.939+0800][31.568s][info][gc,cpu         ] GC(746) User=0.00s Sys=0.00s Real=0.00s
[2026-06-17T09:56:22.992+0800][31.622s][info][gc,start       ] GC(747) Pause Young (Allocation Failure)
[2026-06-17T09:56:22.993+0800][31.623s][info][gc,heap        ] GC(747) DefNew: 19614K(19648K)->2012K(19648K) Eden: 17443K(17472K)->0K(17472K) From: 2170K(2176K)->2012K(2176K)
[2026-06-17T09:56:22.994+0800][31.623s][info][gc,heap        ] GC(747) Tenured: 35843K(43712K)->37378K(43712K)
[2026-06-17T09:56:22.994+0800][31.623s][info][gc,metaspace   ] GC(747) Metaspace: 152K(384K)->152K(384K) NonClass: 147K(256K)->147K(256K) Class: 4K(128K)->4K(128K)
[2026-06-17T09:56:22.995+0800][31.624s][info][gc             ] GC(747) Pause Young (Allocation Failure) 54M->38M(61M) 2.182ms
[2026-06-17T09:56:22.995+0800][31.624s][info][gc,cpu         ] GC(747) User=0.00s Sys=0.00s Real=0.00s
[2026-06-17T09:56:23.038+0800][31.667s][info][gc,start       ] GC(748) Pause Young (Allocation Failure)
[2026-06-17T09:56:23.038+0800][31.667s][info][gc             ] GC(748) Pause Young (Allocation Failure) 55M->55M(61M) 0.375ms
[2026-06-17T09:56:23.038+0800][31.668s][info][gc,cpu         ] GC(748) User=0.00s Sys=0.00s Real=0.00s
[2026-06-17T09:56:23.039+0800][31.668s][info][gc,start       ] GC(749) Pause Full (Allocation Failure)
[2026-06-17T09:56:23.039+0800][31.668s][info][gc,phases,start] GC(749) Phase 1: Mark live objects
[2026-06-17T09:56:23.039+0800][31.669s][info][gc,phases      ] GC(749) Phase 1: Mark live objects 0.534ms
[2026-06-17T09:56:23.040+0800][31.669s][info][gc,phases,start] GC(749) Phase 2: Compute new object addresses
[2026-06-17T09:56:23.040+0800][31.669s][info][gc,phases      ] GC(749) Phase 2: Compute new object addresses 0.522ms
[2026-06-17T09:56:23.041+0800][31.670s][info][gc,phases,start] GC(749) Phase 3: Adjust pointers
[2026-06-17T09:56:23.041+0800][31.670s][info][gc,phases      ] GC(749) Phase 3: Adjust pointers 0.735ms
[2026-06-17T09:56:23.042+0800][31.671s][info][gc,phases,start] GC(749) Phase 4: Move objects
[2026-06-17T09:56:23.045+0800][31.674s][info][gc,phases      ] GC(749) Phase 4: Move objects 2.924ms
[2026-06-17T09:56:23.045+0800][31.674s][info][gc,heap        ] GC(749) DefNew: 19483K(19648K)->0K(19648K) Eden: 17470K(17472K)->0K(17472K) From: 2012K(2176K)->0K(2176K)
[2026-06-17T09:56:23.045+0800][31.674s][info][gc,heap        ] GC(749) Tenured: 37378K(43712K)->29352K(43712K)
[2026-06-17T09:56:23.045+0800][31.675s][info][gc,metaspace   ] GC(749) Metaspace: 152K(384K)->152K(384K) NonClass: 147K(256K)->147K(256K) Class: 4K(128K)->4K(128K)
[2026-06-17T09:56:23.046+0800][31.675s][info][gc             ] GC(749) Pause Full (Allocation Failure) 55M->28M(61M) 6.945ms
[2026-06-17T09:56:23.046+0800][31.675s][info][gc,cpu         ] GC(749) User=0.01s Sys=0.00s Real=0.01s
[2026-06-17T09:56:23.089+0800][31.718s][info][gc,start       ] GC(750) Pause Young (Allocation Failure)
[2026-06-17T09:56:23.090+0800][31.719s][info][gc,heap        ] GC(750) DefNew: 17472K(19648K)->2173K(19648K) Eden: 17472K(17472K)->0K(17472K) From: 0K(2176K)->2173K(2176K)
[2026-06-17T09:56:23.091+0800][31.720s][info][gc,heap        ] GC(750) Tenured: 29352K(43712K)->34322K(43712K)
[2026-06-17T09:56:23.092+0800][31.721s][info][gc,metaspace   ] GC(750) Metaspace: 152K(384K)->152K(384K) NonClass: 147K(256K)->147K(256K) Class: 4K(128K)->4K(128K)
[2026-06-17T09:56:23.093+0800][31.722s][info][gc             ] GC(750) Pause Young (Allocation Failure) 45M->35M(61M) 3.782ms
[2026-06-17T09:56:23.093+0800][31.722s][info][gc,cpu         ] GC(750) User=0.00s Sys=0.00s Real=0.01s
[2026-06-17T09:56:23.136+0800][31.765s][info][gc,start       ] GC(751) Pause Young (Allocation Failure)
[2026-06-17T09:56:23.137+0800][31.767s][info][gc,heap        ] GC(751) DefNew: 19645K(19648K)->1791K(19648K) Eden: 17472K(17472K)->0K(17472K) From: 2173K(2176K)->1791K(2176K)
[2026-06-17T09:56:23.138+0800][31.767s][info][gc,heap        ] GC(751) Tenured: 34322K(43712K)->36495K(43712K)
[2026-06-17T09:56:23.139+0800][31.768s][info][gc,metaspace   ] GC(751) Metaspace: 152K(384K)->152K(384K) NonClass: 147K(256K)->147K(256K) Class: 4K(128K)->4K(128K)
[2026-06-17T09:56:23.139+0800][31.768s][info][gc             ] GC(751) Pause Young (Allocation Failure) 52M->37M(61M) 3.121ms
[2026-06-17T09:56:23.140+0800][31.769s][info][gc,cpu         ] GC(751) User=0.00s Sys=0.00s Real=0.00s
[2026-06-17T09:56:23.183+0800][31.812s][info][gc,start       ] GC(752) Pause Young (Allocation Failure)
[2026-06-17T09:56:23.184+0800][31.813s][info][gc             ] GC(752) Pause Young (Allocation Failure) 54M->54M(61M) 0.648ms
[2026-06-17T09:56:23.184+0800][31.813s][info][gc,cpu         ] GC(752) User=0.00s Sys=0.00s Real=0.00s
[2026-06-17T09:56:23.184+0800][31.814s][info][gc,start       ] GC(753) Pause Full (Allocation Failure)
[2026-06-17T09:56:23.185+0800][31.814s][info][gc,phases,start] GC(753) Phase 1: Mark live objects
[2026-06-17T09:56:23.185+0800][31.814s][info][gc,phases      ] GC(753) Phase 1: Mark live objects 0.589ms
[2026-06-17T09:56:23.186+0800][31.815s][info][gc,phases,start] GC(753) Phase 2: Compute new object addresses
[2026-06-17T09:56:23.186+0800][31.815s][info][gc,phases      ] GC(753) Phase 2: Compute new object addresses 0.610ms
[2026-06-17T09:56:23.186+0800][31.816s][info][gc,phases,start] GC(753) Phase 3: Adjust pointers
[2026-06-17T09:56:23.187+0800][31.816s][info][gc,phases      ] GC(753) Phase 3: Adjust pointers 0.457ms
[2026-06-17T09:56:23.187+0800][31.816s][info][gc,phases,start] GC(753) Phase 4: Move objects
[2026-06-17T09:56:23.189+0800][31.818s][info][gc,phases      ] GC(753) Phase 4: Move objects 2.048ms
[2026-06-17T09:56:23.190+0800][31.819s][info][gc,heap        ] GC(753) DefNew: 19263K(19648K)->0K(19648K) Eden: 17472K(17472K)->0K(17472K) From: 1791K(2176K)->0K(2176K)
[2026-06-17T09:56:23.190+0800][31.819s][info][gc,heap        ] GC(753) Tenured: 36495K(43712K)->30864K(43712K)
[2026-06-17T09:56:23.190+0800][31.819s][info][gc,metaspace   ] GC(753) Metaspace: 152K(384K)->152K(384K) NonClass: 147K(256K)->147K(256K) Class: 4K(128K)->4K(128K)
[2026-06-17T09:56:23.191+0800][31.820s][info][gc             ] GC(753) Pause Full (Allocation Failure) 54M->30M(61M) 6.181ms
[2026-06-17T09:56:23.191+0800][31.820s][info][gc,cpu         ] GC(753) User=0.01s Sys=0.00s Real=0.01s
[2026-06-17T09:56:23.244+0800][31.873s][info][gc,start       ] GC(754) Pause Young (Allocation Failure)
[2026-06-17T09:56:23.245+0800][31.874s][info][gc,heap        ] GC(754) DefNew: 17456K(19648K)->2128K(19648K) Eden: 17456K(17472K)->0K(17472K) From: 0K(2176K)->2128K(2176K)
[2026-06-17T09:56:23.246+0800][31.875s][info][gc,heap        ] GC(754) Tenured: 30864K(43712K)->32070K(43712K)
[2026-06-17T09:56:23.247+0800][31.876s][info][gc,metaspace   ] GC(754) Metaspace: 152K(384K)->152K(384K) NonClass: 147K(256K)->147K(256K) Class: 4K(128K)->4K(128K)
[2026-06-17T09:56:23.247+0800][31.876s][info][gc             ] GC(754) Pause Young (Allocation Failure) 47M->33M(61M) 2.952ms
[2026-06-17T09:56:23.247+0800][31.876s][info][gc,cpu         ] GC(754) User=0.00s Sys=0.00s Real=0.00s
[2026-06-17T09:56:23.280+0800][31.909s][info][gc,start       ] GC(755) Pause Young (Allocation Failure)
[2026-06-17T09:56:23.282+0800][31.911s][info][gc,heap        ] GC(755) DefNew: 19556K(19648K)->2077K(19648K) Eden: 17428K(17472K)->0K(17472K) From: 2128K(2176K)->2077K(2176K)
[2026-06-17T09:56:23.283+0800][31.912s][info][gc,heap        ] GC(755) Tenured: 32070K(43712K)->35313K(43712K)
[2026-06-17T09:56:23.283+0800][31.913s][info][gc,metaspace   ] GC(755) Metaspace: 152K(384K)->152K(384K) NonClass: 147K(256K)->147K(256K) Class: 4K(128K)->4K(128K)
[2026-06-17T09:56:23.284+0800][31.913s][info][gc             ] GC(755) Pause Young (Allocation Failure) 50M->36M(61M) 3.950ms
[2026-06-17T09:56:23.284+0800][31.914s][info][gc,cpu         ] GC(755) User=0.00s Sys=0.00s Real=0.01s
[2026-06-17T09:56:23.338+0800][31.967s][info][gc,start       ] GC(756) Pause Young (Allocation Failure)
[2026-06-17T09:56:23.340+0800][31.969s][info][gc,heap        ] GC(756) DefNew: 19544K(19648K)->2150K(19648K) Eden: 17467K(17472K)->0K(17472K) From: 2077K(2176K)->2150K(2176K)
[2026-06-17T09:56:23.340+0800][31.969s][info][gc,heap        ] GC(756) Tenured: 35313K(43712K)->38843K(43712K)
[2026-06-17T09:56:23.340+0800][31.969s][info][gc,metaspace   ] GC(756) Metaspace: 152K(384K)->152K(384K) NonClass: 147K(256K)->147K(256K) Class: 4K(128K)->4K(128K)
[2026-06-17T09:56:23.340+0800][31.970s][info][gc             ] GC(756) Pause Young (Allocation Failure) 53M->40M(61M) 2.188ms
[2026-06-17T09:56:23.341+0800][31.970s][info][gc,cpu         ] GC(756) User=0.01s Sys=0.00s Real=0.00s
[2026-06-17T09:56:23.384+0800][32.013s][info][gc,start       ] GC(757) Pause Young (Allocation Failure)
[2026-06-17T09:56:23.384+0800][32.013s][info][gc             ] GC(757) Pause Young (Allocation Failure) 57M->57M(61M) 0.601ms
[2026-06-17T09:56:23.385+0800][32.014s][info][gc,cpu         ] GC(757) User=0.00s Sys=0.00s Real=0.00s
[2026-06-17T09:56:23.385+0800][32.015s][info][gc,start       ] GC(758) Pause Full (Allocation Failure)
[2026-06-17T09:56:23.386+0800][32.015s][info][gc,phases,start] GC(758) Phase 1: Mark live objects
[2026-06-17T09:56:23.387+0800][32.016s][info][gc,phases      ] GC(758) Phase 1: Mark live objects 0.871ms
[2026-06-17T09:56:23.387+0800][32.016s][info][gc,phases,start] GC(758) Phase 2: Compute new object addresses
[2026-06-17T09:56:23.388+0800][32.017s][info][gc,phases      ] GC(758) Phase 2: Compute new object addresses 0.572ms
[2026-06-17T09:56:23.388+0800][32.017s][info][gc,phases,start] GC(758) Phase 3: Adjust pointers
[2026-06-17T09:56:23.389+0800][32.018s][info][gc,phases      ] GC(758) Phase 3: Adjust pointers 0.774ms
[2026-06-17T09:56:23.389+0800][32.018s][info][gc,phases,start] GC(758) Phase 4: Move objects
[2026-06-17T09:56:23.392+0800][32.021s][info][gc,phases      ] GC(758) Phase 4: Move objects 2.321ms
[2026-06-17T09:56:23.392+0800][32.021s][info][gc,heap        ] GC(758) DefNew: 19622K(19648K)->0K(19648K) Eden: 17472K(17472K)->0K(17472K) From: 2150K(2176K)->0K(2176K)
[2026-06-17T09:56:23.392+0800][32.022s][info][gc,heap        ] GC(758) Tenured: 38843K(43712K)->30947K(43712K)
[2026-06-17T09:56:23.393+0800][32.022s][info][gc,metaspace   ] GC(758) Metaspace: 152K(384K)->152K(384K) NonClass: 147K(256K)->147K(256K) Class: 4K(128K)->4K(128K)
[2026-06-17T09:56:23.393+0800][32.022s][info][gc             ] GC(758) Pause Full (Allocation Failure) 57M->30M(61M) 7.453ms
[2026-06-17T09:56:23.393+0800][32.022s][info][gc,cpu         ] GC(758) User=0.00s Sys=0.00s Real=0.01s
[2026-06-17T09:56:23.436+0800][32.065s][info][gc,start       ] GC(759) Pause Young (Allocation Failure)
[2026-06-17T09:56:23.438+0800][32.067s][info][gc,heap        ] GC(759) DefNew: 17420K(19648K)->2161K(19648K) Eden: 17420K(17472K)->0K(17472K) From: 0K(2176K)->2161K(2176K)
[2026-06-17T09:56:23.439+0800][32.068s][info][gc,heap        ] GC(759) Tenured: 30947K(43712K)->35311K(43712K)
[2026-06-17T09:56:23.441+0800][32.070s][info][gc,metaspace   ] GC(759) Metaspace: 152K(384K)->152K(384K) NonClass: 147K(256K)->147K(256K) Class: 4K(128K)->4K(128K)
[2026-06-17T09:56:23.441+0800][32.071s][info][gc             ] GC(759) Pause Young (Allocation Failure) 47M->36M(61M) 5.376ms
[2026-06-17T09:56:23.442+0800][32.071s][info][gc,cpu         ] GC(759) User=0.00s Sys=0.00s Real=0.00s
[2026-06-17T09:56:23.485+0800][32.115s][info][gc,start       ] GC(760) Pause Young (Allocation Failure)
[2026-06-17T09:56:23.488+0800][32.117s][info][gc,heap        ] GC(760) DefNew: 19633K(19648K)->2153K(19648K) Eden: 17472K(17472K)->0K(17472K) From: 2161K(2176K)->2153K(2176K)
[2026-06-17T09:56:23.491+0800][32.120s][info][gc,heap        ] GC(760) Tenured: 35311K(43712K)->39567K(43712K)
[2026-06-17T09:56:23.492+0800][32.121s][info][gc,metaspace   ] GC(760) Metaspace: 152K(384K)->152K(384K) NonClass: 147K(256K)->147K(256K) Class: 4K(128K)->4K(128K)
[2026-06-17T09:56:23.493+0800][32.122s][info][gc             ] GC(760) Pause Young (Allocation Failure) 53M->40M(61M) 7.704ms
[2026-06-17T09:56:23.494+0800][32.123s][info][gc,cpu         ] GC(760) User=0.00s Sys=0.00s Real=0.01s
[2026-06-17T09:56:23.537+0800][32.166s][info][gc,start       ] GC(761) Pause Young (Allocation Failure)
[2026-06-17T09:56:23.538+0800][32.167s][info][gc             ] GC(761) Pause Young (Allocation Failure) 57M->57M(61M) 0.574ms
[2026-06-17T09:56:23.538+0800][32.167s][info][gc,cpu         ] GC(761) User=0.00s Sys=0.00s Real=0.00s
[2026-06-17T09:56:23.539+0800][32.168s][info][gc,start       ] GC(762) Pause Full (Allocation Failure)
[2026-06-17T09:56:23.539+0800][32.168s][info][gc,phases,start] GC(762) Phase 1: Mark live objects
[2026-06-17T09:56:23.540+0800][32.169s][info][gc,phases      ] GC(762) Phase 1: Mark live objects 0.715ms
[2026-06-17T09:56:23.540+0800][32.169s][info][gc,phases,start] GC(762) Phase 2: Compute new object addresses
[2026-06-17T09:56:23.541+0800][32.170s][info][gc,phases      ] GC(762) Phase 2: Compute new object addresses 0.488ms
[2026-06-17T09:56:23.541+0800][32.170s][info][gc,phases,start] GC(762) Phase 3: Adjust pointers
[2026-06-17T09:56:23.541+0800][32.171s][info][gc,phases      ] GC(762) Phase 3: Adjust pointers 0.560ms
[2026-06-17T09:56:23.542+0800][32.171s][info][gc,phases,start] GC(762) Phase 4: Move objects
[2026-06-17T09:56:23.544+0800][32.173s][info][gc,phases      ] GC(762) Phase 4: Move objects 2.486ms
[2026-06-17T09:56:23.545+0800][32.174s][info][gc,heap        ] GC(762) DefNew: 19625K(19648K)->0K(19648K) Eden: 17472K(17472K)->0K(17472K) From: 2153K(2176K)->0K(2176K)
[2026-06-17T09:56:23.545+0800][32.174s][info][gc,heap        ] GC(762) Tenured: 39567K(43712K)->24148K(43712K)
[2026-06-17T09:56:23.545+0800][32.174s][info][gc,metaspace   ] GC(762) Metaspace: 152K(384K)->152K(384K) NonClass: 147K(256K)->147K(256K) Class: 4K(128K)->4K(128K)
[2026-06-17T09:56:23.545+0800][32.174s][info][gc             ] GC(762) Pause Full (Allocation Failure) 57M->23M(61M) 6.525ms
[2026-06-17T09:56:23.545+0800][32.174s][info][gc,cpu         ] GC(762) User=0.00s Sys=0.00s Real=0.01s
[2026-06-17T09:56:23.587+0800][32.217s][info][gc,start       ] GC(763) Pause Young (Allocation Failure)
[2026-06-17T09:56:23.589+0800][32.218s][info][gc,heap        ] GC(763) DefNew: 17472K(19648K)->2172K(19648K) Eden: 17472K(17472K)->0K(17472K) From: 0K(2176K)->2172K(2176K)
[2026-06-17T09:56:23.589+0800][32.218s][info][gc,heap        ] GC(763) Tenured: 24148K(43712K)->28551K(43712K)
[2026-06-17T09:56:23.589+0800][32.218s][info][gc,metaspace   ] GC(763) Metaspace: 152K(384K)->152K(384K) NonClass: 147K(256K)->147K(256K) Class: 4K(128K)->4K(128K)
[2026-06-17T09:56:23.589+0800][32.219s][info][gc             ] GC(763) Pause Young (Allocation Failure) 40M->30M(61M) 1.970ms
[2026-06-17T09:56:23.590+0800][32.219s][info][gc,cpu         ] GC(763) User=0.00s Sys=0.00s Real=0.00s
[2026-06-17T09:56:23.633+0800][32.262s][info][gc,start       ] GC(764) Pause Young (Allocation Failure)
[2026-06-17T09:56:23.635+0800][32.264s][info][gc,heap        ] GC(764) DefNew: 19644K(19648K)->2170K(19648K) Eden: 17472K(17472K)->0K(17472K) From: 2172K(2176K)->2170K(2176K)
[2026-06-17T09:56:23.636+0800][32.265s][info][gc,heap        ] GC(764) Tenured: 28551K(43712K)->32606K(43712K)
[2026-06-17T09:56:23.636+0800][32.265s][info][gc,metaspace   ] GC(764) Metaspace: 152K(384K)->152K(384K) NonClass: 147K(256K)->147K(256K) Class: 4K(128K)->4K(128K)
[2026-06-17T09:56:23.637+0800][32.266s][info][gc             ] GC(764) Pause Young (Allocation Failure) 47M->33M(61M) 3.809ms
[2026-06-17T09:56:23.637+0800][32.266s][info][gc,cpu         ] GC(764) User=0.00s Sys=0.00s Real=0.00s
[2026-06-17T09:56:23.681+0800][32.310s][info][gc,start       ] GC(765) Pause Young (Allocation Failure)
[2026-06-17T09:56:23.683+0800][32.312s][info][gc,heap        ] GC(765) DefNew: 19585K(19648K)->2168K(19648K) Eden: 17414K(17472K)->0K(17472K) From: 2170K(2176K)->2168K(2176K)
[2026-06-17T09:56:23.683+0800][32.312s][info][gc,heap        ] GC(765) Tenured: 32606K(43712K)->37027K(43712K)
[2026-06-17T09:56:23.684+0800][32.313s][info][gc,metaspace   ] GC(765) Metaspace: 152K(384K)->152K(384K) NonClass: 147K(256K)->147K(256K) Class: 4K(128K)->4K(128K)
[2026-06-17T09:56:23.684+0800][32.313s][info][gc             ] GC(765) Pause Young (Allocation Failure) 50M->38M(61M) 3.441ms
[2026-06-17T09:56:23.685+0800][32.314s][info][gc,cpu         ] GC(765) User=0.00s Sys=0.00s Real=0.01s
[2026-06-17T09:56:23.728+0800][32.358s][info][gc,start       ] GC(766) Pause Young (Allocation Failure)
[2026-06-17T09:56:23.729+0800][32.358s][info][gc             ] GC(766) Pause Young (Allocation Failure) 55M->55M(61M) 0.870ms
[2026-06-17T09:56:23.730+0800][32.359s][info][gc,cpu         ] GC(766) User=0.00s Sys=0.00s Real=0.00s
[2026-06-17T09:56:23.730+0800][32.359s][info][gc,start       ] GC(767) Pause Full (Allocation Failure)
[2026-06-17T09:56:23.731+0800][32.360s][info][gc,phases,start] GC(767) Phase 1: Mark live objects
[2026-06-17T09:56:23.732+0800][32.361s][info][gc,phases      ] GC(767) Phase 1: Mark live objects 1.006ms
[2026-06-17T09:56:23.732+0800][32.362s][info][gc,phases,start] GC(767) Phase 2: Compute new object addresses
[2026-06-17T09:56:23.733+0800][32.362s][info][gc,phases      ] GC(767) Phase 2: Compute new object addresses 0.701ms
[2026-06-17T09:56:23.734+0800][32.363s][info][gc,phases,start] GC(767) Phase 3: Adjust pointers
[2026-06-17T09:56:23.734+0800][32.363s][info][gc,phases      ] GC(767) Phase 3: Adjust pointers 0.746ms
[2026-06-17T09:56:23.735+0800][32.364s][info][gc,phases,start] GC(767) Phase 4: Move objects
[2026-06-17T09:56:23.738+0800][32.367s][info][gc,phases      ] GC(767) Phase 4: Move objects 2.888ms
[2026-06-17T09:56:23.738+0800][32.368s][info][gc,heap        ] GC(767) DefNew: 19633K(19648K)->0K(19648K) Eden: 17464K(17472K)->0K(17472K) From: 2168K(2176K)->0K(2176K)
[2026-06-17T09:56:23.739+0800][32.368s][info][gc,heap        ] GC(767) Tenured: 37027K(43712K)->27833K(43712K)
[2026-06-17T09:56:23.739+0800][32.368s][info][gc,metaspace   ] GC(767) Metaspace: 152K(384K)->152K(384K) NonClass: 147K(256K)->147K(256K) Class: 4K(128K)->4K(128K)
[2026-06-17T09:56:23.739+0800][32.368s][info][gc             ] GC(767) Pause Full (Allocation Failure) 55M->27M(61M) 8.898ms
[2026-06-17T09:56:23.739+0800][32.369s][info][gc,cpu         ] GC(767) User=0.00s Sys=0.00s Real=0.01s
[2026-06-17T09:56:23.793+0800][32.422s][info][gc,start       ] GC(768) Pause Young (Allocation Failure)
[2026-06-17T09:56:23.794+0800][32.423s][info][gc,heap        ] GC(768) DefNew: 17472K(19648K)->2058K(19648K) Eden: 17472K(17472K)->0K(17472K) From: 0K(2176K)->2058K(2176K)
[2026-06-17T09:56:23.795+0800][32.424s][info][gc,heap        ] GC(768) Tenured: 27833K(43712K)->29477K(43712K)
[2026-06-17T09:56:23.795+0800][32.424s][info][gc,metaspace   ] GC(768) Metaspace: 152K(384K)->152K(384K) NonClass: 147K(256K)->147K(256K) Class: 4K(128K)->4K(128K)
[2026-06-17T09:56:23.796+0800][32.425s][info][gc             ] GC(768) Pause Young (Allocation Failure) 44M->30M(61M) 2.778ms
[2026-06-17T09:56:23.796+0800][32.425s][info][gc,cpu         ] GC(768) User=0.00s Sys=0.00s Real=0.00s
[2026-06-17T09:56:23.840+0800][32.469s][info][gc,start       ] GC(769) Pause Young (Allocation Failure)
[2026-06-17T09:56:23.844+0800][32.473s][info][gc,heap        ] GC(769) DefNew: 19530K(19648K)->2159K(19648K) Eden: 17472K(17472K)->0K(17472K) From: 2058K(2176K)->2159K(2176K)
[2026-06-17T09:56:23.844+0800][32.474s][info][gc,heap        ] GC(769) Tenured: 29477K(43712K)->32713K(43712K)
[2026-06-17T09:56:23.845+0800][32.474s][info][gc,metaspace   ] GC(769) Metaspace: 152K(384K)->152K(384K) NonClass: 147K(256K)->147K(256K) Class: 4K(128K)->4K(128K)
[2026-06-17T09:56:23.846+0800][32.475s][info][gc             ] GC(769) Pause Young (Allocation Failure) 47M->34M(61M) 6.105ms
[2026-06-17T09:56:23.846+0800][32.475s][info][gc,cpu         ] GC(769) User=0.00s Sys=0.00s Real=0.01s
[2026-06-17T09:56:23.889+0800][32.518s][info][gc,start       ] GC(770) Pause Young (Allocation Failure)
[2026-06-17T09:56:23.892+0800][32.521s][info][gc,heap        ] GC(770) DefNew: 19595K(19648K)->2174K(19648K) Eden: 17436K(17472K)->0K(17472K) From: 2159K(2176K)->2174K(2176K)
[2026-06-17T09:56:23.893+0800][32.522s][info][gc,heap        ] GC(770) Tenured: 32713K(43712K)->36761K(43712K)
[2026-06-17T09:56:23.895+0800][32.524s][info][gc,metaspace   ] GC(770) Metaspace: 152K(384K)->152K(384K) NonClass: 147K(256K)->147K(256K) Class: 4K(128K)->4K(128K)
[2026-06-17T09:56:23.897+0800][32.526s][info][gc             ] GC(770) Pause Young (Allocation Failure) 51M->38M(61M) 7.919ms
[2026-06-17T09:56:23.899+0800][32.528s][info][gc,cpu         ] GC(770) User=0.00s Sys=0.00s Real=0.01s
[2026-06-17T09:56:23.943+0800][32.572s][info][gc,start       ] GC(771) Pause Young (Allocation Failure)
[2026-06-17T09:56:23.945+0800][32.575s][info][gc,heap        ] GC(771) DefNew: 19578K(19648K)->1960K(19648K) Eden: 17404K(17472K)->0K(17472K) From: 2174K(2176K)->1960K(2176K)
[2026-06-17T09:56:23.946+0800][32.575s][info][gc,heap        ] GC(771) Tenured: 36761K(43712K)->37960K(43712K)
[2026-06-17T09:56:23.947+0800][32.576s][info][gc,metaspace   ] GC(771) Metaspace: 152K(384K)->152K(384K) NonClass: 147K(256K)->147K(256K) Class: 4K(128K)->4K(128K)
[2026-06-17T09:56:23.948+0800][32.577s][info][gc             ] GC(771) Pause Young (Allocation Failure) 55M->38M(61M) 5.133ms
[2026-06-17T09:56:23.948+0800][32.577s][info][gc,cpu         ] GC(771) User=0.00s Sys=0.00s Real=0.00s
[2026-06-17T09:56:23.991+0800][32.621s][info][gc,start       ] GC(772) Pause Young (Allocation Failure)
[2026-06-17T09:56:23.992+0800][32.621s][info][gc             ] GC(772) Pause Young (Allocation Failure) 56M->56M(61M) 0.584ms
[2026-06-17T09:56:23.992+0800][32.622s][info][gc,cpu         ] GC(772) User=0.00s Sys=0.00s Real=0.00s
[2026-06-17T09:56:23.993+0800][32.622s][info][gc,start       ] GC(773) Pause Full (Allocation Failure)
[2026-06-17T09:56:23.993+0800][32.623s][info][gc,phases,start] GC(773) Phase 1: Mark live objects
[2026-06-17T09:56:23.994+0800][32.624s][info][gc,phases      ] GC(773) Phase 1: Mark live objects 0.944ms
[2026-06-17T09:56:23.995+0800][32.624s][info][gc,phases,start] GC(773) Phase 2: Compute new object addresses
[2026-06-17T09:56:23.996+0800][32.625s][info][gc,phases      ] GC(773) Phase 2: Compute new object addresses 0.685ms
[2026-06-17T09:56:23.996+0800][32.625s][info][gc,phases,start] GC(773) Phase 3: Adjust pointers
[2026-06-17T09:56:24.010+0800][32.639s][info][gc,phases      ] GC(773) Phase 3: Adjust pointers 13.876ms
[2026-06-17T09:56:24.015+0800][32.644s][info][gc,phases,start] GC(773) Phase 4: Move objects
[2026-06-17T09:56:24.019+0800][32.648s][info][gc,phases      ] GC(773) Phase 4: Move objects 3.975ms
[2026-06-17T09:56:24.019+0800][32.649s][info][gc,heap        ] GC(773) DefNew: 19432K(19648K)->0K(19648K) Eden: 17472K(17472K)->0K(17472K) From: 1960K(2176K)->0K(2176K)
[2026-06-17T09:56:24.020+0800][32.649s][info][gc,heap        ] GC(773) Tenured: 37960K(43712K)->31477K(43712K)
[2026-06-17T09:56:24.021+0800][32.650s][info][gc,metaspace   ] GC(773) Metaspace: 152K(384K)->152K(384K) NonClass: 147K(256K)->147K(256K) Class: 4K(128K)->4K(128K)
[2026-06-17T09:56:24.021+0800][32.650s][info][gc             ] GC(773) Pause Full (Allocation Failure) 56M->30M(61M) 28.341ms
[2026-06-17T09:56:24.022+0800][32.651s][info][gc,cpu         ] GC(773) User=0.01s Sys=0.00s Real=0.02s
[2026-06-17T09:56:24.076+0800][32.705s][info][gc,start       ] GC(774) Pause Young (Allocation Failure)
[2026-06-17T09:56:24.098+0800][32.727s][info][gc,heap        ] GC(774) DefNew: 17463K(19648K)->2081K(19648K) Eden: 17463K(17472K)->0K(17472K) From: 0K(2176K)->2081K(2176K)
[2026-06-17T09:56:24.101+0800][32.730s][info][gc,heap        ] GC(774) Tenured: 31477K(43712K)->33328K(43712K)
[2026-06-17T09:56:24.103+0800][32.732s][info][gc,metaspace   ] GC(774) Metaspace: 152K(384K)->152K(384K) NonClass: 147K(256K)->147K(256K) Class: 4K(128K)->4K(128K)
[2026-06-17T09:56:24.105+0800][32.734s][info][gc             ] GC(774) Pause Young (Allocation Failure) 47M->34M(61M) 28.949ms
[2026-06-17T09:56:24.106+0800][32.735s][info][gc,cpu         ] GC(774) User=0.00s Sys=0.00s Real=0.03s
[2026-06-17T09:56:24.141+0800][32.770s][info][gc,start       ] GC(775) Pause Young (Allocation Failure)
[2026-06-17T09:56:24.144+0800][32.774s][info][gc,heap        ] GC(775) DefNew: 18911K(19648K)->2079K(19648K) Eden: 16830K(17472K)->0K(17472K) From: 2081K(2176K)->2079K(2176K)
[2026-06-17T09:56:24.147+0800][32.776s][info][gc,heap        ] GC(775) Tenured: 33328K(43712K)->35990K(43712K)
[2026-06-17T09:56:24.148+0800][32.777s][info][gc,metaspace   ] GC(775) Metaspace: 152K(384K)->152K(384K) NonClass: 147K(256K)->147K(256K) Class: 4K(128K)->4K(128K)
[2026-06-17T09:56:24.148+0800][32.777s][info][gc             ] GC(775) Pause Young (Allocation Failure) 51M->37M(61M) 7.160ms
[2026-06-17T09:56:24.149+0800][32.778s][info][gc,cpu         ] GC(775) User=0.01s Sys=0.00s Real=0.01s
[2026-06-17T09:56:24.202+0800][32.831s][info][gc,start       ] GC(776) Pause Young (Allocation Failure)
[2026-06-17T09:56:24.206+0800][32.835s][info][gc,heap        ] GC(776) DefNew: 19547K(19648K)->2167K(19648K) Eden: 17468K(17472K)->0K(17472K) From: 2079K(2176K)->2167K(2176K)
[2026-06-17T09:56:24.207+0800][32.836s][info][gc,heap        ] GC(776) Tenured: 35990K(43712K)->39536K(43712K)
[2026-06-17T09:56:24.208+0800][32.837s][info][gc,metaspace   ] GC(776) Metaspace: 152K(384K)->152K(384K) NonClass: 147K(256K)->147K(256K) Class: 4K(128K)->4K(128K)
[2026-06-17T09:56:24.213+0800][32.842s][info][gc             ] GC(776) Pause Young (Allocation Failure) 54M->40M(61M) 10.211ms
[2026-06-17T09:56:24.213+0800][32.842s][info][gc,cpu         ] GC(776) User=0.00s Sys=0.00s Real=0.02s
[2026-06-17T09:56:24.257+0800][32.886s][info][gc,start       ] GC(777) Pause Young (Allocation Failure)
[2026-06-17T09:56:24.258+0800][32.887s][info][gc             ] GC(777) Pause Young (Allocation Failure) 57M->57M(61M) 1.038ms
[2026-06-17T09:56:24.259+0800][32.889s][info][gc,cpu         ] GC(777) User=0.00s Sys=0.00s Real=0.00s
[2026-06-17T09:56:24.262+0800][32.891s][info][gc,start       ] GC(778) Pause Full (Allocation Failure)
[2026-06-17T09:56:24.264+0800][32.893s][info][gc,phases,start] GC(778) Phase 1: Mark live objects
[2026-06-17T09:56:24.266+0800][32.895s][info][gc,phases      ] GC(778) Phase 1: Mark live objects 1.987ms
[2026-06-17T09:56:24.268+0800][32.897s][info][gc,phases,start] GC(778) Phase 2: Compute new object addresses
[2026-06-17T09:56:24.271+0800][32.900s][info][gc,phases      ] GC(778) Phase 2: Compute new object addresses 2.751ms
[2026-06-17T09:56:24.274+0800][32.903s][info][gc,phases,start] GC(778) Phase 3: Adjust pointers
[2026-06-17T09:56:24.277+0800][32.906s][info][gc,phases      ] GC(778) Phase 3: Adjust pointers 2.720ms
[2026-06-17T09:56:24.278+0800][32.907s][info][gc,phases,start] GC(778) Phase 4: Move objects
[2026-06-17T09:56:24.284+0800][32.913s][info][gc,phases      ] GC(778) Phase 4: Move objects 5.919ms
[2026-06-17T09:56:24.286+0800][32.916s][info][gc,heap        ] GC(778) DefNew: 19580K(19648K)->0K(19648K) Eden: 17412K(17472K)->0K(17472K) From: 2167K(2176K)->0K(2176K)
[2026-06-17T09:56:24.288+0800][32.918s][info][gc,heap        ] GC(778) Tenured: 39536K(43712K)->32322K(43712K)
[2026-06-17T09:56:24.289+0800][32.918s][info][gc,metaspace   ] GC(778) Metaspace: 152K(384K)->152K(384K) NonClass: 147K(256K)->147K(256K) Class: 4K(128K)->4K(128K)
[2026-06-17T09:56:24.289+0800][32.919s][info][gc             ] GC(778) Pause Full (Allocation Failure) 57M->31M(61M) 27.925ms
[2026-06-17T09:56:24.290+0800][32.919s][info][gc,cpu         ] GC(778) User=0.01s Sys=0.00s Real=0.03s
[2026-06-17T09:56:24.333+0800][32.962s][info][gc,start       ] GC(779) Pause Young (Allocation Failure)
[2026-06-17T09:56:24.334+0800][32.964s][info][gc,heap        ] GC(779) DefNew: 17472K(19648K)->2166K(19648K) Eden: 17472K(17472K)->0K(17472K) From: 0K(2176K)->2166K(2176K)
[2026-06-17T09:56:24.335+0800][32.964s][info][gc,heap        ] GC(779) Tenured: 32322K(43712K)->37108K(43712K)
[2026-06-17T09:56:24.335+0800][32.964s][info][gc,metaspace   ] GC(779) Metaspace: 152K(384K)->152K(384K) NonClass: 147K(256K)->147K(256K) Class: 4K(128K)->4K(128K)
[2026-06-17T09:56:24.335+0800][32.965s][info][gc             ] GC(779) Pause Young (Allocation Failure) 48M->38M(61M) 2.276ms
[2026-06-17T09:56:24.336+0800][32.965s][info][gc,cpu         ] GC(779) User=0.00s Sys=0.00s Real=0.00s
[2026-06-17T09:56:24.379+0800][33.008s][info][gc,start       ] GC(780) Pause Young (Allocation Failure)
[2026-06-17T09:56:24.381+0800][33.011s][info][gc,heap        ] GC(780) DefNew: 19630K(19648K)->2175K(19648K) Eden: 17463K(17472K)->0K(17472K) From: 2166K(2176K)->2175K(2176K)
[2026-06-17T09:56:24.382+0800][33.011s][info][gc,heap        ] GC(780) Tenured: 37108K(43712K)->40509K(43712K)
[2026-06-17T09:56:24.383+0800][33.012s][info][gc,metaspace   ] GC(780) Metaspace: 152K(384K)->152K(384K) NonClass: 147K(256K)->147K(256K) Class: 4K(128K)->4K(128K)
[2026-06-17T09:56:24.383+0800][33.013s][info][gc             ] GC(780) Pause Young (Allocation Failure) 55M->41M(61M) 4.657ms
[2026-06-17T09:56:24.384+0800][33.013s][info][gc,cpu         ] GC(780) User=0.01s Sys=0.00s Real=0.01s
[2026-06-17T09:56:24.427+0800][33.057s][info][gc,start       ] GC(781) Pause Young (Allocation Failure)
[2026-06-17T09:56:24.428+0800][33.057s][info][gc             ] GC(781) Pause Young (Allocation Failure) 58M->58M(61M) 0.596ms
[2026-06-17T09:56:24.428+0800][33.057s][info][gc,cpu         ] GC(781) User=0.00s Sys=0.00s Real=0.00s
[2026-06-17T09:56:24.429+0800][33.058s][info][gc,start       ] GC(782) Pause Full (Allocation Failure)
[2026-06-17T09:56:24.429+0800][33.058s][info][gc,phases,start] GC(782) Phase 1: Mark live objects
[2026-06-17T09:56:24.430+0800][33.059s][info][gc,phases      ] GC(782) Phase 1: Mark live objects 0.721ms
[2026-06-17T09:56:24.430+0800][33.059s][info][gc,phases,start] GC(782) Phase 2: Compute new object addresses
[2026-06-17T09:56:24.431+0800][33.060s][info][gc,phases      ] GC(782) Phase 2: Compute new object addresses 0.494ms
[2026-06-17T09:56:24.431+0800][33.060s][info][gc,phases,start] GC(782) Phase 3: Adjust pointers
[2026-06-17T09:56:24.431+0800][33.060s][info][gc,phases      ] GC(782) Phase 3: Adjust pointers 0.503ms
[2026-06-17T09:56:24.432+0800][33.061s][info][gc,phases,start] GC(782) Phase 4: Move objects
[2026-06-17T09:56:24.435+0800][33.064s][info][gc,phases      ] GC(782) Phase 4: Move objects 3.088ms
[2026-06-17T09:56:24.435+0800][33.064s][info][gc,heap        ] GC(782) DefNew: 19647K(19648K)->0K(19648K) Eden: 17472K(17472K)->0K(17472K) From: 2175K(2176K)->0K(2176K)
[2026-06-17T09:56:24.435+0800][33.065s][info][gc,heap        ] GC(782) Tenured: 40509K(43712K)->33315K(43712K)
[2026-06-17T09:56:24.436+0800][33.065s][info][gc,metaspace   ] GC(782) Metaspace: 152K(384K)->152K(384K) NonClass: 147K(256K)->147K(256K) Class: 4K(128K)->4K(128K)
[2026-06-17T09:56:24.436+0800][33.065s][info][gc             ] GC(782) Pause Full (Allocation Failure) 58M->32M(61M) 7.058ms
[2026-06-17T09:56:24.436+0800][33.065s][info][gc,cpu         ] GC(782) User=0.00s Sys=0.00s Real=0.01s
[2026-06-17T09:56:24.479+0800][33.108s][info][gc,start       ] GC(783) Pause Young (Allocation Failure)
[2026-06-17T09:56:24.481+0800][33.110s][info][gc,heap        ] GC(783) DefNew: 17472K(19648K)->2175K(19648K) Eden: 17472K(17472K)->0K(17472K) From: 0K(2176K)->2175K(2176K)
[2026-06-17T09:56:24.481+0800][33.110s][info][gc,heap        ] GC(783) Tenured: 33315K(43712K)->38158K(43712K)
[2026-06-17T09:56:24.482+0800][33.111s][info][gc,metaspace   ] GC(783) Metaspace: 152K(384K)->152K(384K) NonClass: 147K(256K)->147K(256K) Class: 4K(128K)->4K(128K)
[2026-06-17T09:56:24.482+0800][33.111s][info][gc             ] GC(783) Pause Young (Allocation Failure) 49M->39M(61M) 2.883ms
[2026-06-17T09:56:24.483+0800][33.112s][info][gc,cpu         ] GC(783) User=0.01s Sys=0.00s Real=0.01s
[2026-06-17T09:56:24.536+0800][33.165s][info][gc,start       ] GC(784) Pause Young (Allocation Failure)
[2026-06-17T09:56:24.537+0800][33.166s][info][gc             ] GC(784) Pause Young (Allocation Failure) 56M->56M(61M) 0.378ms
[2026-06-17T09:56:24.537+0800][33.166s][info][gc,cpu         ] GC(784) User=0.00s Sys=0.00s Real=0.00s
[2026-06-17T09:56:24.537+0800][33.166s][info][gc,start       ] GC(785) Pause Full (Allocation Failure)
[2026-06-17T09:56:24.537+0800][33.166s][info][gc,phases,start] GC(785) Phase 1: Mark live objects
[2026-06-17T09:56:24.538+0800][33.167s][info][gc,phases      ] GC(785) Phase 1: Mark live objects 0.699ms
[2026-06-17T09:56:24.538+0800][33.168s][info][gc,phases,start] GC(785) Phase 2: Compute new object addresses
[2026-06-17T09:56:24.539+0800][33.168s][info][gc,phases      ] GC(785) Phase 2: Compute new object addresses 0.551ms
[2026-06-17T09:56:24.539+0800][33.168s][info][gc,phases,start] GC(785) Phase 3: Adjust pointers
[2026-06-17T09:56:24.540+0800][33.169s][info][gc,phases      ] GC(785) Phase 3: Adjust pointers 0.567ms
[2026-06-17T09:56:24.540+0800][33.169s][info][gc,phases,start] GC(785) Phase 4: Move objects
[2026-06-17T09:56:24.542+0800][33.171s][info][gc,phases      ] GC(785) Phase 4: Move objects 1.964ms
[2026-06-17T09:56:24.543+0800][33.172s][info][gc,heap        ] GC(785) DefNew: 19647K(19648K)->0K(19648K) Eden: 17472K(17472K)->0K(17472K) From: 2175K(2176K)->0K(2176K)
[2026-06-17T09:56:24.543+0800][33.172s][info][gc,heap        ] GC(785) Tenured: 38158K(43712K)->26630K(43712K)
[2026-06-17T09:56:24.543+0800][33.172s][info][gc,metaspace   ] GC(785) Metaspace: 152K(384K)->152K(384K) NonClass: 147K(256K)->147K(256K) Class: 4K(128K)->4K(128K)
[2026-06-17T09:56:24.543+0800][33.173s][info][gc             ] GC(785) Pause Full (Allocation Failure) 56M->26M(61M) 6.510ms
[2026-06-17T09:56:24.545+0800][33.174s][info][gc,cpu         ] GC(785) User=0.00s Sys=0.00s Real=0.01s
[2026-06-17T09:56:24.587+0800][33.216s][info][gc,start       ] GC(786) Pause Young (Allocation Failure)
[2026-06-17T09:56:24.589+0800][33.218s][info][gc,heap        ] GC(786) DefNew: 17416K(19648K)->2175K(19648K) Eden: 17416K(17472K)->0K(17472K) From: 0K(2176K)->2175K(2176K)
[2026-06-17T09:56:24.589+0800][33.218s][info][gc,heap        ] GC(786) Tenured: 26630K(43712K)->31580K(43712K)
[2026-06-17T09:56:24.589+0800][33.219s][info][gc,metaspace   ] GC(786) Metaspace: 152K(384K)->152K(384K) NonClass: 147K(256K)->147K(256K) Class: 4K(128K)->4K(128K)
[2026-06-17T09:56:24.590+0800][33.219s][info][gc             ] GC(786) Pause Young (Allocation Failure) 43M->32M(61M) 2.550ms
[2026-06-17T09:56:24.590+0800][33.219s][info][gc,cpu         ] GC(786) User=0.00s Sys=0.00s Real=0.00s
[2026-06-17T09:56:24.633+0800][33.263s][info][gc,start       ] GC(787) Pause Young (Allocation Failure)
[2026-06-17T09:56:24.636+0800][33.265s][info][gc,heap        ] GC(787) DefNew: 19608K(19648K)->2170K(19648K) Eden: 17432K(17472K)->0K(17472K) From: 2175K(2176K)->2170K(2176K)
[2026-06-17T09:56:24.637+0800][33.266s][info][gc,heap        ] GC(787) Tenured: 31580K(43712K)->38738K(43712K)
[2026-06-17T09:56:24.637+0800][33.266s][info][gc,metaspace   ] GC(787) Metaspace: 152K(384K)->152K(384K) NonClass: 147K(256K)->147K(256K) Class: 4K(128K)->4K(128K)
[2026-06-17T09:56:24.638+0800][33.267s][info][gc             ] GC(787) Pause Young (Allocation Failure) 49M->39M(61M) 4.416ms
[2026-06-17T09:56:24.638+0800][33.267s][info][gc,cpu         ] GC(787) User=0.00s Sys=0.00s Real=0.00s
[2026-06-17T09:56:24.682+0800][33.311s][info][gc,start       ] GC(788) Pause Young (Allocation Failure)
[2026-06-17T09:56:24.683+0800][33.312s][info][gc             ] GC(788) Pause Young (Allocation Failure) 56M->56M(61M) 0.868ms
[2026-06-17T09:56:24.683+0800][33.312s][info][gc,cpu         ] GC(788) User=0.00s Sys=0.00s Real=0.01s
[2026-06-17T09:56:24.684+0800][33.313s][info][gc,start       ] GC(789) Pause Full (Allocation Failure)
[2026-06-17T09:56:24.684+0800][33.314s][info][gc,phases,start] GC(789) Phase 1: Mark live objects
[2026-06-17T09:56:24.685+0800][33.315s][info][gc,phases      ] GC(789) Phase 1: Mark live objects 1.014ms
[2026-06-17T09:56:24.686+0800][33.315s][info][gc,phases,start] GC(789) Phase 2: Compute new object addresses
[2026-06-17T09:56:24.687+0800][33.316s][info][gc,phases      ] GC(789) Phase 2: Compute new object addresses 0.876ms
[2026-06-17T09:56:24.687+0800][33.316s][info][gc,phases,start] GC(789) Phase 3: Adjust pointers
[2026-06-17T09:56:24.688+0800][33.317s][info][gc,phases      ] GC(789) Phase 3: Adjust pointers 0.753ms
[2026-06-17T09:56:24.688+0800][33.318s][info][gc,phases,start] GC(789) Phase 4: Move objects
[2026-06-17T09:56:24.691+0800][33.320s][info][gc,phases      ] GC(789) Phase 4: Move objects 2.546ms
[2026-06-17T09:56:24.691+0800][33.321s][info][gc,heap        ] GC(789) DefNew: 19624K(19648K)->0K(19648K) Eden: 17454K(17472K)->0K(17472K) From: 2170K(2176K)->0K(2176K)
[2026-06-17T09:56:24.692+0800][33.321s][info][gc,heap        ] GC(789) Tenured: 38738K(43712K)->21515K(43712K)
[2026-06-17T09:56:24.692+0800][33.321s][info][gc,metaspace   ] GC(789) Metaspace: 152K(384K)->152K(384K) NonClass: 147K(256K)->147K(256K) Class: 4K(128K)->4K(128K)
[2026-06-17T09:56:24.692+0800][33.322s][info][gc             ] GC(789) Pause Full (Allocation Failure) 56M->21M(61M) 8.644ms
[2026-06-17T09:56:24.693+0800][33.322s][info][gc,cpu         ] GC(789) User=0.01s Sys=0.00s Real=0.01s
[2026-06-17T09:56:24.736+0800][33.365s][info][gc,start       ] GC(790) Pause Young (Allocation Failure)
[2026-06-17T09:56:24.738+0800][33.367s][info][gc,heap        ] GC(790) DefNew: 17472K(19648K)->2169K(19648K) Eden: 17472K(17472K)->0K(17472K) From: 0K(2176K)->2169K(2176K)
[2026-06-17T09:56:24.741+0800][33.371s][info][gc,heap        ] GC(790) Tenured: 21515K(43712K)->26615K(43712K)
[2026-06-17T09:56:24.746+0800][33.375s][info][gc,metaspace   ] GC(790) Metaspace: 152K(384K)->152K(384K) NonClass: 147K(256K)->147K(256K) Class: 4K(128K)->4K(128K)
[2026-06-17T09:56:24.750+0800][33.379s][info][gc             ] GC(790) Pause Young (Allocation Failure) 38M->28M(61M) 13.993ms
[2026-06-17T09:56:24.754+0800][33.383s][info][gc,cpu         ] GC(790) User=0.00s Sys=0.00s Real=0.02s
[2026-06-17T09:56:24.802+0800][33.431s][info][gc,start       ] GC(791) Pause Young (Allocation Failure)
[2026-06-17T09:56:24.804+0800][33.433s][info][gc,heap        ] GC(791) DefNew: 19595K(19648K)->2172K(19648K) Eden: 17425K(17472K)->0K(17472K) From: 2169K(2176K)->2172K(2176K)
[2026-06-17T09:56:24.804+0800][33.433s][info][gc,heap        ] GC(791) Tenured: 26615K(43712K)->30446K(43712K)
[2026-06-17T09:56:24.805+0800][33.434s][info][gc,metaspace   ] GC(791) Metaspace: 152K(384K)->152K(384K) NonClass: 147K(256K)->147K(256K) Class: 4K(128K)->4K(128K)
[2026-06-17T09:56:24.805+0800][33.434s][info][gc             ] GC(791) Pause Young (Allocation Failure) 45M->31M(61M) 2.913ms
[2026-06-17T09:56:24.805+0800][33.435s][info][gc,cpu         ] GC(791) User=0.00s Sys=0.00s Real=0.01s
[2026-06-17T09:56:24.848+0800][33.477s][info][gc,start       ] GC(792) Pause Young (Allocation Failure)
[2026-06-17T09:56:24.850+0800][33.479s][info][gc,heap        ] GC(792) DefNew: 19569K(19648K)->2052K(19648K) Eden: 17397K(17472K)->0K(17472K) From: 2172K(2176K)->2052K(2176K)
[2026-06-17T09:56:24.850+0800][33.479s][info][gc,heap        ] GC(792) Tenured: 30446K(43712K)->31855K(43712K)
[2026-06-17T09:56:24.850+0800][33.479s][info][gc,metaspace   ] GC(792) Metaspace: 152K(384K)->152K(384K) NonClass: 147K(256K)->147K(256K) Class: 4K(128K)->4K(128K)
[2026-06-17T09:56:24.851+0800][33.480s][info][gc             ] GC(792) Pause Young (Allocation Failure) 48M->33M(61M) 2.442ms
[2026-06-17T09:56:24.851+0800][33.480s][info][gc,cpu         ] GC(792) User=0.01s Sys=0.00s Real=0.01s
[2026-06-17T09:56:24.905+0800][33.534s][info][gc,start       ] GC(793) Pause Young (Allocation Failure)
[2026-06-17T09:56:24.906+0800][33.535s][info][gc,heap        ] GC(793) DefNew: 19524K(19648K)->2162K(19648K) Eden: 17472K(17472K)->0K(17472K) From: 2052K(2176K)->2162K(2176K)
[2026-06-17T09:56:24.907+0800][33.536s][info][gc,heap        ] GC(793) Tenured: 31855K(43712K)->35357K(43712K)
[2026-06-17T09:56:24.908+0800][33.537s][info][gc,metaspace   ] GC(793) Metaspace: 152K(384K)->152K(384K) NonClass: 147K(256K)->147K(256K) Class: 4K(128K)->4K(128K)
[2026-06-17T09:56:24.908+0800][33.537s][info][gc             ] GC(793) Pause Young (Allocation Failure) 50M->36M(61M) 3.229ms
[2026-06-17T09:56:24.908+0800][33.538s][info][gc,cpu         ] GC(793) User=0.00s Sys=0.00s Real=0.00s
[2026-06-17T09:56:24.952+0800][33.581s][info][gc,start       ] GC(794) Pause Young (Allocation Failure)
[2026-06-17T09:56:24.953+0800][33.582s][info][gc,heap        ] GC(794) DefNew: 19620K(19648K)->2171K(19648K) Eden: 17458K(17472K)->0K(17472K) From: 2162K(2176K)->2171K(2176K)
[2026-06-17T09:56:24.954+0800][33.583s][info][gc,heap        ] GC(794) Tenured: 35357K(43712K)->39659K(43712K)
[2026-06-17T09:56:24.955+0800][33.584s][info][gc,metaspace   ] GC(794) Metaspace: 152K(384K)->152K(384K) NonClass: 147K(256K)->147K(256K) Class: 4K(128K)->4K(128K)
[2026-06-17T09:56:24.955+0800][33.584s][info][gc             ] GC(794) Pause Young (Allocation Failure) 53M->40M(61M) 3.406ms
[2026-06-17T09:56:24.955+0800][33.585s][info][gc,cpu         ] GC(794) User=0.00s Sys=0.00s Real=0.00s
[2026-06-17T09:56:24.999+0800][33.628s][info][gc,start       ] GC(795) Pause Young (Allocation Failure)
[2026-06-17T09:56:25.000+0800][33.629s][info][gc             ] GC(795) Pause Young (Allocation Failure) 57M->57M(61M) 0.705ms
[2026-06-17T09:56:25.000+0800][33.629s][info][gc,cpu         ] GC(795) User=0.00s Sys=0.00s Real=0.00s
[2026-06-17T09:56:25.001+0800][33.630s][info][gc,start       ] GC(796) Pause Full (Allocation Failure)
[2026-06-17T09:56:25.001+0800][33.630s][info][gc,phases,start] GC(796) Phase 1: Mark live objects
[2026-06-17T09:56:25.002+0800][33.631s][info][gc,phases      ] GC(796) Phase 1: Mark live objects 1.078ms
[2026-06-17T09:56:25.003+0800][33.632s][info][gc,phases,start] GC(796) Phase 2: Compute new object addresses
[2026-06-17T09:56:25.004+0800][33.633s][info][gc,phases      ] GC(796) Phase 2: Compute new object addresses 0.709ms
[2026-06-17T09:56:25.004+0800][33.633s][info][gc,phases,start] GC(796) Phase 3: Adjust pointers
[2026-06-17T09:56:25.005+0800][33.634s][info][gc,phases      ] GC(796) Phase 3: Adjust pointers 0.650ms
[2026-06-17T09:56:25.005+0800][33.634s][info][gc,phases,start] GC(796) Phase 4: Move objects
[2026-06-17T09:56:25.009+0800][33.638s][info][gc,phases      ] GC(796) Phase 4: Move objects 3.311ms
[2026-06-17T09:56:25.009+0800][33.638s][info][gc,heap        ] GC(796) DefNew: 19627K(19648K)->0K(19648K) Eden: 17455K(17472K)->0K(17472K) From: 2171K(2176K)->0K(2176K)
[2026-06-17T09:56:25.009+0800][33.638s][info][gc,heap        ] GC(796) Tenured: 39659K(43712K)->30167K(43712K)
[2026-06-17T09:56:25.009+0800][33.638s][info][gc,metaspace   ] GC(796) Metaspace: 152K(384K)->152K(384K) NonClass: 147K(256K)->147K(256K) Class: 4K(128K)->4K(128K)
[2026-06-17T09:56:25.009+0800][33.639s][info][gc             ] GC(796) Pause Full (Allocation Failure) 57M->29M(61M) 8.733ms
[2026-06-17T09:56:25.010+0800][33.639s][info][gc,cpu         ] GC(796) User=0.01s Sys=0.00s Real=0.01s
[2026-06-17T09:56:25.052+0800][33.682s][info][gc,start       ] GC(797) Pause Young (Allocation Failure)
[2026-06-17T09:56:25.054+0800][33.683s][info][gc,heap        ] GC(797) DefNew: 17441K(19648K)->2173K(19648K) Eden: 17441K(17472K)->0K(17472K) From: 0K(2176K)->2173K(2176K)
[2026-06-17T09:56:25.055+0800][33.684s][info][gc,heap        ] GC(797) Tenured: 30167K(43712K)->35147K(43712K)
[2026-06-17T09:56:25.055+0800][33.684s][info][gc,metaspace   ] GC(797) Metaspace: 152K(384K)->152K(384K) NonClass: 147K(256K)->147K(256K) Class: 4K(128K)->4K(128K)
[2026-06-17T09:56:25.056+0800][33.685s][info][gc             ] GC(797) Pause Young (Allocation Failure) 46M->36M(61M) 3.213ms
[2026-06-17T09:56:25.056+0800][33.685s][info][gc,cpu         ] GC(797) User=0.00s Sys=0.00s Real=0.00s
[2026-06-17T09:56:25.099+0800][33.729s][info][gc,start       ] GC(798) Pause Young (Allocation Failure)
[2026-06-17T09:56:25.101+0800][33.730s][info][gc,heap        ] GC(798) DefNew: 19415K(19648K)->2129K(19648K) Eden: 17241K(17472K)->0K(17472K) From: 2173K(2176K)->2129K(2176K)
[2026-06-17T09:56:25.102+0800][33.731s][info][gc,heap        ] GC(798) Tenured: 35147K(43712K)->37850K(43712K)
[2026-06-17T09:56:25.103+0800][33.732s][info][gc,metaspace   ] GC(798) Metaspace: 152K(384K)->152K(384K) NonClass: 147K(256K)->147K(256K) Class: 4K(128K)->4K(128K)
[2026-06-17T09:56:25.103+0800][33.732s][info][gc             ] GC(798) Pause Young (Allocation Failure) 53M->39M(61M) 3.554ms
[2026-06-17T09:56:25.103+0800][33.733s][info][gc,cpu         ] GC(798) User=0.01s Sys=0.00s Real=0.01s
[2026-06-17T09:56:25.157+0800][33.786s][info][gc,start       ] GC(799) Pause Young (Allocation Failure)
[2026-06-17T09:56:25.157+0800][33.786s][info][gc             ] GC(799) Pause Young (Allocation Failure) 56M->56M(61M) 0.353ms
[2026-06-17T09:56:25.157+0800][33.786s][info][gc,cpu         ] GC(799) User=0.00s Sys=0.00s Real=0.00s
[2026-06-17T09:56:25.158+0800][33.787s][info][gc,start       ] GC(800) Pause Full (Allocation Failure)
[2026-06-17T09:56:25.158+0800][33.787s][info][gc,phases,start] GC(800) Phase 1: Mark live objects
[2026-06-17T09:56:25.158+0800][33.787s][info][gc,phases      ] GC(800) Phase 1: Mark live objects 0.536ms
[2026-06-17T09:56:25.159+0800][33.788s][info][gc,phases,start] GC(800) Phase 2: Compute new object addresses
[2026-06-17T09:56:25.159+0800][33.788s][info][gc,phases      ] GC(800) Phase 2: Compute new object addresses 0.380ms
[2026-06-17T09:56:25.159+0800][33.789s][info][gc,phases,start] GC(800) Phase 3: Adjust pointers
[2026-06-17T09:56:25.160+0800][33.789s][info][gc,phases      ] GC(800) Phase 3: Adjust pointers 0.516ms
[2026-06-17T09:56:25.160+0800][33.789s][info][gc,phases,start] GC(800) Phase 4: Move objects
[2026-06-17T09:56:25.162+0800][33.791s][info][gc,phases      ] GC(800) Phase 4: Move objects 1.917ms
[2026-06-17T09:56:25.162+0800][33.791s][info][gc,heap        ] GC(800) DefNew: 19558K(19648K)->0K(19648K) Eden: 17428K(17472K)->0K(17472K) From: 2129K(2176K)->0K(2176K)
[2026-06-17T09:56:25.162+0800][33.792s][info][gc,heap        ] GC(800) Tenured: 37850K(43712K)->27007K(43712K)
[2026-06-17T09:56:25.163+0800][33.792s][info][gc,metaspace   ] GC(800) Metaspace: 152K(384K)->152K(384K) NonClass: 147K(256K)->147K(256K) Class: 4K(128K)->4K(128K)
[2026-06-17T09:56:25.163+0800][33.792s][info][gc             ] GC(800) Pause Full (Allocation Failure) 56M->26M(61M) 5.166ms
[2026-06-17T09:56:25.163+0800][33.792s][info][gc,cpu         ] GC(800) User=0.00s Sys=0.00s Real=0.01s
[2026-06-17T09:56:25.205+0800][33.834s][info][gc,start       ] GC(801) Pause Young (Allocation Failure)
[2026-06-17T09:56:25.206+0800][33.835s][info][gc,heap        ] GC(801) DefNew: 17472K(19648K)->2172K(19648K) Eden: 17472K(17472K)->0K(17472K) From: 0K(2176K)->2172K(2176K)
[2026-06-17T09:56:25.206+0800][33.835s][info][gc,heap        ] GC(801) Tenured: 27007K(43712K)->32275K(43712K)
[2026-06-17T09:56:25.206+0800][33.835s][info][gc,metaspace   ] GC(801) Metaspace: 152K(384K)->152K(384K) NonClass: 147K(256K)->147K(256K) Class: 4K(128K)->4K(128K)
[2026-06-17T09:56:25.206+0800][33.836s][info][gc             ] GC(801) Pause Young (Allocation Failure) 43M->33M(61M) 1.549ms
[2026-06-17T09:56:25.207+0800][33.836s][info][gc,cpu         ] GC(801) User=0.00s Sys=0.00s Real=0.00s
[2026-06-17T09:56:25.249+0800][33.878s][info][gc,start       ] GC(802) Pause Young (Allocation Failure)
[2026-06-17T09:56:25.251+0800][33.880s][info][gc,heap        ] GC(802) DefNew: 19617K(19648K)->2173K(19648K) Eden: 17444K(17472K)->0K(17472K) From: 2172K(2176K)->2173K(2176K)
[2026-06-17T09:56:25.251+0800][33.880s][info][gc,heap        ] GC(802) Tenured: 32275K(43712K)->38865K(43712K)
[2026-06-17T09:56:25.251+0800][33.880s][info][gc,metaspace   ] GC(802) Metaspace: 152K(384K)->152K(384K) NonClass: 147K(256K)->147K(256K) Class: 4K(128K)->4K(128K)
[2026-06-17T09:56:25.252+0800][33.881s][info][gc             ] GC(802) Pause Young (Allocation Failure) 50M->40M(61M) 2.845ms
[2026-06-17T09:56:25.252+0800][33.881s][info][gc,cpu         ] GC(802) User=0.01s Sys=0.00s Real=0.01s
[2026-06-17T09:56:25.294+0800][33.924s][info][gc,start       ] GC(803) Pause Young (Allocation Failure)
[2026-06-17T09:56:25.295+0800][33.924s][info][gc             ] GC(803) Pause Young (Allocation Failure) 57M->57M(61M) 0.483ms
[2026-06-17T09:56:25.295+0800][33.924s][info][gc,cpu         ] GC(803) User=0.00s Sys=0.00s Real=0.00s
[2026-06-17T09:56:25.295+0800][33.925s][info][gc,start       ] GC(804) Pause Full (Allocation Failure)
[2026-06-17T09:56:25.296+0800][33.925s][info][gc,phases,start] GC(804) Phase 1: Mark live objects
[2026-06-17T09:56:25.296+0800][33.926s][info][gc,phases      ] GC(804) Phase 1: Mark live objects 0.667ms
[2026-06-17T09:56:25.297+0800][33.926s][info][gc,phases,start] GC(804) Phase 2: Compute new object addresses
[2026-06-17T09:56:25.297+0800][33.926s][info][gc,phases      ] GC(804) Phase 2: Compute new object addresses 0.473ms
[2026-06-17T09:56:25.297+0800][33.927s][info][gc,phases,start] GC(804) Phase 3: Adjust pointers
[2026-06-17T09:56:25.298+0800][33.927s][info][gc,phases      ] GC(804) Phase 3: Adjust pointers 0.466ms
[2026-06-17T09:56:25.298+0800][33.927s][info][gc,phases,start] GC(804) Phase 4: Move objects
[2026-06-17T09:56:25.302+0800][33.931s][info][gc,phases      ] GC(804) Phase 4: Move objects 3.301ms
[2026-06-17T09:56:25.302+0800][33.931s][info][gc,heap        ] GC(804) DefNew: 19612K(19648K)->0K(19648K) Eden: 17439K(17472K)->0K(17472K) From: 2173K(2176K)->0K(2176K)
[2026-06-17T09:56:25.302+0800][33.932s][info][gc,heap        ] GC(804) Tenured: 38865K(43712K)->28246K(43712K)
[2026-06-17T09:56:25.303+0800][33.932s][info][gc,metaspace   ] GC(804) Metaspace: 152K(384K)->152K(384K) NonClass: 147K(256K)->147K(256K) Class: 4K(128K)->4K(128K)
[2026-06-17T09:56:25.303+0800][33.932s][info][gc             ] GC(804) Pause Full (Allocation Failure) 57M->27M(61M) 7.369ms
[2026-06-17T09:56:25.303+0800][33.932s][info][gc,cpu         ] GC(804) User=0.00s Sys=0.00s Real=0.01s
[2026-06-17T09:56:25.345+0800][33.975s][info][gc,start       ] GC(805) Pause Young (Allocation Failure)
[2026-06-17T09:56:25.346+0800][33.975s][info][gc,heap        ] GC(805) DefNew: 17348K(19648K)->2003K(19648K) Eden: 17348K(17472K)->0K(17472K) From: 0K(2176K)->2003K(2176K)
[2026-06-17T09:56:25.347+0800][33.976s][info][gc,heap        ] GC(805) Tenured: 28246K(43712K)->29804K(43712K)
[2026-06-17T09:56:25.347+0800][33.976s][info][gc,metaspace   ] GC(805) Metaspace: 152K(384K)->152K(384K) NonClass: 147K(256K)->147K(256K) Class: 4K(128K)->4K(128K)
[2026-06-17T09:56:25.347+0800][33.976s][info][gc             ] GC(805) Pause Young (Allocation Failure) 44M->31M(61M) 1.570ms
[2026-06-17T09:56:25.347+0800][33.976s][info][gc,cpu         ] GC(805) User=0.00s Sys=0.00s Real=0.00s
[2026-06-17T09:56:25.400+0800][34.030s][info][gc,start       ] GC(806) Pause Young (Allocation Failure)
[2026-06-17T09:56:25.402+0800][34.031s][info][gc,heap        ] GC(806) DefNew: 19459K(19648K)->2076K(19648K) Eden: 17455K(17472K)->0K(17472K) From: 2003K(2176K)->2076K(2176K)
[2026-06-17T09:56:25.402+0800][34.032s][info][gc,heap        ] GC(806) Tenured: 29804K(43712K)->33320K(43712K)
[2026-06-17T09:56:25.403+0800][34.032s][info][gc,metaspace   ] GC(806) Metaspace: 152K(384K)->152K(384K) NonClass: 147K(256K)->147K(256K) Class: 4K(128K)->4K(128K)
[2026-06-17T09:56:25.403+0800][34.032s][info][gc             ] GC(806) Pause Young (Allocation Failure) 48M->34M(61M) 2.647ms
[2026-06-17T09:56:25.403+0800][34.033s][info][gc,cpu         ] GC(806) User=0.00s Sys=0.00s Real=0.01s
[2026-06-17T09:56:25.446+0800][34.075s][info][gc,start       ] GC(807) Pause Young (Allocation Failure)
[2026-06-17T09:56:25.448+0800][34.077s][info][gc,heap        ] GC(807) DefNew: 19544K(19648K)->2171K(19648K) Eden: 17468K(17472K)->0K(17472K) From: 2076K(2176K)->2171K(2176K)
[2026-06-17T09:56:25.448+0800][34.077s][info][gc,heap        ] GC(807) Tenured: 33320K(43712K)->36601K(43712K)
[2026-06-17T09:56:25.449+0800][34.078s][info][gc,metaspace   ] GC(807) Metaspace: 152K(384K)->152K(384K) NonClass: 147K(256K)->147K(256K) Class: 4K(128K)->4K(128K)
[2026-06-17T09:56:25.449+0800][34.078s][info][gc             ] GC(807) Pause Young (Allocation Failure) 51M->37M(61M) 2.525ms
[2026-06-17T09:56:25.449+0800][34.078s][info][gc,cpu         ] GC(807) User=0.00s Sys=0.00s Real=0.00s
[2026-06-17T09:56:25.492+0800][34.121s][info][gc,start       ] GC(808) Pause Young (Allocation Failure)
[2026-06-17T09:56:25.493+0800][34.122s][info][gc             ] GC(808) Pause Young (Allocation Failure) 54M->54M(61M) 0.626ms
[2026-06-17T09:56:25.493+0800][34.122s][info][gc,cpu         ] GC(808) User=0.00s Sys=0.00s Real=0.00s
[2026-06-17T09:56:25.493+0800][34.123s][info][gc,start       ] GC(809) Pause Full (Allocation Failure)
[2026-06-17T09:56:25.494+0800][34.123s][info][gc,phases,start] GC(809) Phase 1: Mark live objects
[2026-06-17T09:56:25.495+0800][34.124s][info][gc,phases      ] GC(809) Phase 1: Mark live objects 0.884ms
[2026-06-17T09:56:25.495+0800][34.124s][info][gc,phases,start] GC(809) Phase 2: Compute new object addresses
[2026-06-17T09:56:25.496+0800][34.125s][info][gc,phases      ] GC(809) Phase 2: Compute new object addresses 0.781ms
[2026-06-17T09:56:25.496+0800][34.125s][info][gc,phases,start] GC(809) Phase 3: Adjust pointers
[2026-06-17T09:56:25.497+0800][34.126s][info][gc,phases      ] GC(809) Phase 3: Adjust pointers 0.721ms
[2026-06-17T09:56:25.497+0800][34.127s][info][gc,phases,start] GC(809) Phase 4: Move objects
[2026-06-17T09:56:25.500+0800][34.129s][info][gc,phases      ] GC(809) Phase 4: Move objects 2.548ms
[2026-06-17T09:56:25.501+0800][34.131s][info][gc,heap        ] GC(809) DefNew: 19580K(19648K)->0K(19648K) Eden: 17409K(17472K)->0K(17472K) From: 2171K(2176K)->0K(2176K)
[2026-06-17T09:56:25.502+0800][34.131s][info][gc,heap        ] GC(809) Tenured: 36601K(43712K)->31414K(43712K)
[2026-06-17T09:56:25.502+0800][34.131s][info][gc,metaspace   ] GC(809) Metaspace: 152K(384K)->152K(384K) NonClass: 147K(256K)->147K(256K) Class: 4K(128K)->4K(128K)
[2026-06-17T09:56:25.502+0800][34.131s][info][gc             ] GC(809) Pause Full (Allocation Failure) 54M->30M(61M) 8.880ms
[2026-06-17T09:56:25.503+0800][34.132s][info][gc,cpu         ] GC(809) User=0.00s Sys=0.00s Real=0.01s
[2026-06-17T09:56:25.546+0800][34.175s][info][gc,start       ] GC(810) Pause Young (Allocation Failure)
[2026-06-17T09:56:25.547+0800][34.176s][info][gc,heap        ] GC(810) DefNew: 17457K(19648K)->2174K(19648K) Eden: 17457K(17472K)->0K(17472K) From: 0K(2176K)->2174K(2176K)
[2026-06-17T09:56:25.549+0800][34.178s][info][gc,heap        ] GC(810) Tenured: 31414K(43712K)->35985K(43712K)
[2026-06-17T09:56:25.550+0800][34.179s][info][gc,metaspace   ] GC(810) Metaspace: 152K(384K)->152K(384K) NonClass: 147K(256K)->147K(256K) Class: 4K(128K)->4K(128K)
[2026-06-17T09:56:25.550+0800][34.179s][info][gc             ] GC(810) Pause Young (Allocation Failure) 47M->37M(61M) 4.612ms
[2026-06-17T09:56:25.551+0800][34.180s][info][gc,cpu         ] GC(810) User=0.00s Sys=0.00s Real=0.01s
[2026-06-17T09:56:25.594+0800][34.223s][info][gc,start       ] GC(811) Pause Young (Allocation Failure)
[2026-06-17T09:56:25.595+0800][34.224s][info][gc,heap        ] GC(811) DefNew: 19638K(19648K)->2165K(19648K) Eden: 17464K(17472K)->0K(17472K) From: 2174K(2176K)->2165K(2176K)
[2026-06-17T09:56:25.595+0800][34.224s][info][gc,heap        ] GC(811) Tenured: 35985K(43712K)->38878K(43712K)
[2026-06-17T09:56:25.596+0800][34.225s][info][gc,metaspace   ] GC(811) Metaspace: 152K(384K)->152K(384K) NonClass: 147K(256K)->147K(256K) Class: 4K(128K)->4K(128K)
[2026-06-17T09:56:25.596+0800][34.225s][info][gc             ] GC(811) Pause Young (Allocation Failure) 54M->40M(61M) 2.610ms
[2026-06-17T09:56:25.597+0800][34.226s][info][gc,cpu         ] GC(811) User=0.00s Sys=0.00s Real=0.00s
[2026-06-17T09:56:25.640+0800][34.270s][info][gc,start       ] GC(812) Pause Young (Allocation Failure)
[2026-06-17T09:56:25.641+0800][34.270s][info][gc             ] GC(812) Pause Young (Allocation Failure) 57M->57M(61M) 0.678ms
[2026-06-17T09:56:25.642+0800][34.271s][info][gc,cpu         ] GC(812) User=0.00s Sys=0.00s Real=0.00s
[2026-06-17T09:56:25.642+0800][34.271s][info][gc,start       ] GC(813) Pause Full (Allocation Failure)
[2026-06-17T09:56:25.643+0800][34.272s][info][gc,phases,start] GC(813) Phase 1: Mark live objects
[2026-06-17T09:56:25.644+0800][34.273s][info][gc,phases      ] GC(813) Phase 1: Mark live objects 1.028ms
[2026-06-17T09:56:25.644+0800][34.273s][info][gc,phases,start] GC(813) Phase 2: Compute new object addresses
[2026-06-17T09:56:25.645+0800][34.274s][info][gc,phases      ] GC(813) Phase 2: Compute new object addresses 0.685ms
[2026-06-17T09:56:25.645+0800][34.275s][info][gc,phases,start] GC(813) Phase 3: Adjust pointers
[2026-06-17T09:56:25.646+0800][34.275s][info][gc,phases      ] GC(813) Phase 3: Adjust pointers 0.748ms
[2026-06-17T09:56:25.647+0800][34.277s][info][gc,phases,start] GC(813) Phase 4: Move objects
[2026-06-17T09:56:25.652+0800][34.282s][info][gc,phases      ] GC(813) Phase 4: Move objects 4.963ms
[2026-06-17T09:56:25.654+0800][34.283s][info][gc,heap        ] GC(813) DefNew: 19637K(19648K)->0K(19648K) Eden: 17472K(17472K)->0K(17472K) From: 2165K(2176K)->0K(2176K)
[2026-06-17T09:56:25.656+0800][34.285s][info][gc,heap        ] GC(813) Tenured: 38878K(43712K)->25196K(43712K)
[2026-06-17T09:56:25.659+0800][34.288s][info][gc,metaspace   ] GC(813) Metaspace: 152K(384K)->152K(384K) NonClass: 147K(256K)->147K(256K) Class: 4K(128K)->4K(128K)
[2026-06-17T09:56:25.660+0800][34.290s][info][gc             ] GC(813) Pause Full (Allocation Failure) 57M->24M(61M) 18.291ms
[2026-06-17T09:56:25.662+0800][34.292s][info][gc,cpu         ] GC(813) User=0.01s Sys=0.00s Real=0.03s
[2026-06-17T09:56:25.716+0800][34.345s][info][gc,start       ] GC(814) Pause Young (Allocation Failure)
[2026-06-17T09:56:25.717+0800][34.346s][info][gc,heap        ] GC(814) DefNew: 17458K(19648K)->2055K(19648K) Eden: 17458K(17472K)->0K(17472K) From: 0K(2176K)->2055K(2176K)
[2026-06-17T09:56:25.718+0800][34.347s][info][gc,heap        ] GC(814) Tenured: 25196K(43712K)->26713K(43712K)
[2026-06-17T09:56:25.718+0800][34.347s][info][gc,metaspace   ] GC(814) Metaspace: 152K(384K)->152K(384K) NonClass: 147K(256K)->147K(256K) Class: 4K(128K)->4K(128K)
[2026-06-17T09:56:25.718+0800][34.347s][info][gc             ] GC(814) Pause Young (Allocation Failure) 41M->28M(61M) 2.129ms
[2026-06-17T09:56:25.718+0800][34.347s][info][gc,cpu         ] GC(814) User=0.00s Sys=0.00s Real=0.00s
[2026-06-17T09:56:25.760+0800][34.390s][info][gc,start       ] GC(815) Pause Young (Allocation Failure)
[2026-06-17T09:56:25.762+0800][34.391s][info][gc,heap        ] GC(815) DefNew: 19516K(19648K)->2175K(19648K) Eden: 17460K(17472K)->0K(17472K) From: 2055K(2176K)->2175K(2176K)
[2026-06-17T09:56:25.762+0800][34.391s][info][gc,heap        ] GC(815) Tenured: 26713K(43712K)->30488K(43712K)
[2026-06-17T09:56:25.762+0800][34.392s][info][gc,metaspace   ] GC(815) Metaspace: 152K(384K)->152K(384K) NonClass: 147K(256K)->147K(256K) Class: 4K(128K)->4K(128K)
[2026-06-17T09:56:25.763+0800][34.392s][info][gc             ] GC(815) Pause Young (Allocation Failure) 45M->31M(61M) 2.055ms
[2026-06-17T09:56:25.763+0800][34.392s][info][gc,cpu         ] GC(815) User=0.00s Sys=0.00s Real=0.01s
[2026-06-17T09:56:25.805+0800][34.434s][info][gc,start       ] GC(816) Pause Young (Allocation Failure)
[2026-06-17T09:56:25.806+0800][34.435s][info][gc,heap        ] GC(816) DefNew: 19647K(19648K)->2169K(19648K) Eden: 17472K(17472K)->0K(17472K) From: 2175K(2176K)->2169K(2176K)
[2026-06-17T09:56:25.807+0800][34.436s][info][gc,heap        ] GC(816) Tenured: 30488K(43712K)->34528K(43712K)
[2026-06-17T09:56:25.807+0800][34.436s][info][gc,metaspace   ] GC(816) Metaspace: 152K(384K)->152K(384K) NonClass: 147K(256K)->147K(256K) Class: 4K(128K)->4K(128K)
[2026-06-17T09:56:25.807+0800][34.436s][info][gc             ] GC(816) Pause Young (Allocation Failure) 48M->35M(61M) 1.928ms
[2026-06-17T09:56:25.807+0800][34.436s][info][gc,cpu         ] GC(816) User=0.00s Sys=0.01s Real=0.00s
[2026-06-17T09:56:25.850+0800][34.479s][info][gc,start       ] GC(817) Pause Young (Allocation Failure)
[2026-06-17T09:56:25.852+0800][34.481s][info][gc,heap        ] GC(817) DefNew: 19631K(19648K)->2169K(19648K) Eden: 17461K(17472K)->0K(17472K) From: 2169K(2176K)->2169K(2176K)
[2026-06-17T09:56:25.852+0800][34.481s][info][gc,heap        ] GC(817) Tenured: 34528K(43712K)->38650K(43712K)
[2026-06-17T09:56:25.853+0800][34.482s][info][gc,metaspace   ] GC(817) Metaspace: 152K(384K)->152K(384K) NonClass: 147K(256K)->147K(256K) Class: 4K(128K)->4K(128K)
[2026-06-17T09:56:25.853+0800][34.482s][info][gc             ] GC(817) Pause Young (Allocation Failure) 52M->39M(61M) 3.054ms
[2026-06-17T09:56:25.854+0800][34.483s][info][gc,cpu         ] GC(817) User=0.01s Sys=0.00s Real=0.01s
[2026-06-17T09:56:25.896+0800][34.526s][info][gc,start       ] GC(818) Pause Young (Allocation Failure)
[2026-06-17T09:56:25.897+0800][34.526s][info][gc             ] GC(818) Pause Young (Allocation Failure) 56M->56M(61M) 0.622ms
[2026-06-17T09:56:25.897+0800][34.527s][info][gc,cpu         ] GC(818) User=0.00s Sys=0.00s Real=0.00s
[2026-06-17T09:56:25.898+0800][34.527s][info][gc,start       ] GC(819) Pause Full (Allocation Failure)
[2026-06-17T09:56:25.898+0800][34.527s][info][gc,phases,start] GC(819) Phase 1: Mark live objects
[2026-06-17T09:56:25.899+0800][34.528s][info][gc,phases      ] GC(819) Phase 1: Mark live objects 0.842ms
[2026-06-17T09:56:25.899+0800][34.528s][info][gc,phases,start] GC(819) Phase 2: Compute new object addresses
[2026-06-17T09:56:25.900+0800][34.529s][info][gc,phases      ] GC(819) Phase 2: Compute new object addresses 0.438ms
[2026-06-17T09:56:25.900+0800][34.529s][info][gc,phases,start] GC(819) Phase 3: Adjust pointers
[2026-06-17T09:56:25.900+0800][34.529s][info][gc,phases      ] GC(819) Phase 3: Adjust pointers 0.391ms
[2026-06-17T09:56:25.901+0800][34.530s][info][gc,phases,start] GC(819) Phase 4: Move objects
[2026-06-17T09:56:25.903+0800][34.532s][info][gc,phases      ] GC(819) Phase 4: Move objects 2.350ms
[2026-06-17T09:56:25.903+0800][34.532s][info][gc,heap        ] GC(819) DefNew: 19641K(19648K)->0K(19648K) Eden: 17472K(17472K)->0K(17472K) From: 2169K(2176K)->0K(2176K)
[2026-06-17T09:56:25.903+0800][34.533s][info][gc,heap        ] GC(819) Tenured: 38650K(43712K)->30997K(43712K)
[2026-06-17T09:56:25.904+0800][34.533s][info][gc,metaspace   ] GC(819) Metaspace: 152K(384K)->152K(384K) NonClass: 147K(256K)->147K(256K) Class: 4K(128K)->4K(128K)
[2026-06-17T09:56:25.904+0800][34.533s][info][gc             ] GC(819) Pause Full (Allocation Failure) 56M->30M(61M) 6.029ms
[2026-06-17T09:56:25.904+0800][34.533s][info][gc,cpu         ] GC(819) User=0.00s Sys=0.00s Real=0.01s
[2026-06-17T09:56:25.946+0800][34.575s][info][gc,start       ] GC(820) Pause Young (Allocation Failure)
[2026-06-17T09:56:25.948+0800][34.577s][info][gc,heap        ] GC(820) DefNew: 17460K(19648K)->2168K(19648K) Eden: 17460K(17472K)->0K(17472K) From: 0K(2176K)->2168K(2176K)
[2026-06-17T09:56:25.948+0800][34.577s][info][gc,heap        ] GC(820) Tenured: 30997K(43712K)->35496K(43712K)
[2026-06-17T09:56:25.949+0800][34.578s][info][gc,metaspace   ] GC(820) Metaspace: 152K(384K)->152K(384K) NonClass: 147K(256K)->147K(256K) Class: 4K(128K)->4K(128K)
[2026-06-17T09:56:25.949+0800][34.578s][info][gc             ] GC(820) Pause Young (Allocation Failure) 47M->36M(61M) 2.917ms
[2026-06-17T09:56:25.949+0800][34.579s][info][gc,cpu         ] GC(820) User=0.00s Sys=0.00s Real=0.00s
[2026-06-17T09:56:25.992+0800][34.621s][info][gc,start       ] GC(821) Pause Young (Allocation Failure)
[2026-06-17T09:56:25.994+0800][34.623s][info][gc,heap        ] GC(821) DefNew: 19542K(19648K)->2077K(19648K) Eden: 17373K(17472K)->0K(17472K) From: 2168K(2176K)->2077K(2176K)
[2026-06-17T09:56:25.994+0800][34.623s][info][gc,heap        ] GC(821) Tenured: 35496K(43712K)->37792K(43712K)
[2026-06-17T09:56:25.994+0800][34.623s][info][gc,metaspace   ] GC(821) Metaspace: 152K(384K)->152K(384K) NonClass: 147K(256K)->147K(256K) Class: 4K(128K)->4K(128K)
[2026-06-17T09:56:25.994+0800][34.624s][info][gc             ] GC(821) Pause Young (Allocation Failure) 53M->38M(61M) 2.297ms
[2026-06-17T09:56:25.995+0800][34.624s][info][gc,cpu         ] GC(821) User=0.00s Sys=0.00s Real=0.00s
[2026-06-17T09:56:26.037+0800][34.666s][info][gc,start       ] GC(822) Pause Young (Allocation Failure)
[2026-06-17T09:56:26.038+0800][34.667s][info][gc             ] GC(822) Pause Young (Allocation Failure) 55M->55M(61M) 0.494ms
[2026-06-17T09:56:26.038+0800][34.667s][info][gc,cpu         ] GC(822) User=0.00s Sys=0.00s Real=0.00s
[2026-06-17T09:56:26.038+0800][34.667s][info][gc,start       ] GC(823) Pause Full (Allocation Failure)
[2026-06-17T09:56:26.038+0800][34.668s][info][gc,phases,start] GC(823) Phase 1: Mark live objects
[2026-06-17T09:56:26.039+0800][34.668s][info][gc,phases      ] GC(823) Phase 1: Mark live objects 0.610ms
[2026-06-17T09:56:26.039+0800][34.668s][info][gc,phases,start] GC(823) Phase 2: Compute new object addresses
[2026-06-17T09:56:26.040+0800][34.669s][info][gc,phases      ] GC(823) Phase 2: Compute new object addresses 0.507ms
[2026-06-17T09:56:26.040+0800][34.669s][info][gc,phases,start] GC(823) Phase 3: Adjust pointers
[2026-06-17T09:56:26.040+0800][34.669s][info][gc,phases      ] GC(823) Phase 3: Adjust pointers 0.304ms
[2026-06-17T09:56:26.040+0800][34.670s][info][gc,phases,start] GC(823) Phase 4: Move objects
[2026-06-17T09:56:26.043+0800][34.672s][info][gc,phases      ] GC(823) Phase 4: Move objects 2.184ms
[2026-06-17T09:56:26.043+0800][34.672s][info][gc,heap        ] GC(823) DefNew: 19535K(19648K)->0K(19648K) Eden: 17458K(17472K)->0K(17472K) From: 2077K(2176K)->0K(2176K)
[2026-06-17T09:56:26.043+0800][34.672s][info][gc,heap        ] GC(823) Tenured: 37792K(43712K)->33041K(43712K)
[2026-06-17T09:56:26.043+0800][34.672s][info][gc,metaspace   ] GC(823) Metaspace: 152K(384K)->152K(384K) NonClass: 147K(256K)->147K(256K) Class: 4K(128K)->4K(128K)
[2026-06-17T09:56:26.043+0800][34.672s][info][gc             ] GC(823) Pause Full (Allocation Failure) 55M->32M(61M) 5.059ms
[2026-06-17T09:56:26.043+0800][34.673s][info][gc,cpu         ] GC(823) User=0.00s Sys=0.00s Real=0.01s
[2026-06-17T09:56:26.096+0800][34.725s][info][gc,start       ] GC(824) Pause Young (Allocation Failure)
[2026-06-17T09:56:26.097+0800][34.726s][info][gc,heap        ] GC(824) DefNew: 17472K(19648K)->2169K(19648K) Eden: 17472K(17472K)->0K(17472K) From: 0K(2176K)->2169K(2176K)
[2026-06-17T09:56:26.097+0800][34.726s][info][gc,heap        ] GC(824) Tenured: 33041K(43712K)->34209K(43712K)
[2026-06-17T09:56:26.097+0800][34.726s][info][gc,metaspace   ] GC(824) Metaspace: 152K(384K)->152K(384K) NonClass: 147K(256K)->147K(256K) Class: 4K(128K)->4K(128K)
[2026-06-17T09:56:26.097+0800][34.726s][info][gc             ] GC(824) Pause Young (Allocation Failure) 49M->35M(61M) 1.250ms
[2026-06-17T09:56:26.097+0800][34.726s][info][gc,cpu         ] GC(824) User=0.00s Sys=0.00s Real=0.00s
[2026-06-17T09:56:26.139+0800][34.769s][info][gc,start       ] GC(825) Pause Young (Allocation Failure)
[2026-06-17T09:56:26.143+0800][34.772s][info][gc,heap        ] GC(825) DefNew: 19641K(19648K)->2175K(19648K) Eden: 17472K(17472K)->0K(17472K) From: 2169K(2176K)->2175K(2176K)
[2026-06-17T09:56:26.144+0800][34.773s][info][gc,heap        ] GC(825) Tenured: 34209K(43712K)->37434K(43712K)
[2026-06-17T09:56:26.145+0800][34.774s][info][gc,metaspace   ] GC(825) Metaspace: 152K(384K)->152K(384K) NonClass: 147K(256K)->147K(256K) Class: 4K(128K)->4K(128K)
[2026-06-17T09:56:26.146+0800][34.775s][info][gc             ] GC(825) Pause Young (Allocation Failure) 52M->38M(61M) 6.276ms
[2026-06-17T09:56:26.148+0800][34.777s][info][gc,cpu         ] GC(825) User=0.00s Sys=0.00s Real=0.01s
[2026-06-17T09:56:26.192+0800][34.821s][info][gc,start       ] GC(826) Pause Young (Allocation Failure)
[2026-06-17T09:56:26.193+0800][34.822s][info][gc,heap        ] GC(826) DefNew: 19647K(19648K)->2130K(19648K) Eden: 17472K(17472K)->0K(17472K) From: 2175K(2176K)->2130K(2176K)
[2026-06-17T09:56:26.194+0800][34.823s][info][gc,heap        ] GC(826) Tenured: 37434K(43712K)->40801K(43712K)
[2026-06-17T09:56:26.195+0800][34.824s][info][gc,metaspace   ] GC(826) Metaspace: 152K(384K)->152K(384K) NonClass: 147K(256K)->147K(256K) Class: 4K(128K)->4K(128K)
[2026-06-17T09:56:26.195+0800][34.824s][info][gc             ] GC(826) Pause Young (Allocation Failure) 55M->41M(61M) 3.680ms
[2026-06-17T09:56:26.196+0800][34.825s][info][gc,cpu         ] GC(826) User=0.00s Sys=0.00s Real=0.00s
[2026-06-17T09:56:26.240+0800][34.869s][info][gc,start       ] GC(827) Pause Young (Allocation Failure)
[2026-06-17T09:56:26.241+0800][34.870s][info][gc             ] GC(827) Pause Young (Allocation Failure) 58M->58M(61M) 1.056ms
[2026-06-17T09:56:26.241+0800][34.871s][info][gc,cpu         ] GC(827) User=0.00s Sys=0.00s Real=0.00s
[2026-06-17T09:56:26.242+0800][34.871s][info][gc,start       ] GC(828) Pause Full (Allocation Failure)
[2026-06-17T09:56:26.242+0800][34.871s][info][gc,phases,start] GC(828) Phase 1: Mark live objects
[2026-06-17T09:56:26.243+0800][34.872s][info][gc,phases      ] GC(828) Phase 1: Mark live objects 0.687ms
[2026-06-17T09:56:26.243+0800][34.872s][info][gc,phases,start] GC(828) Phase 2: Compute new object addresses
[2026-06-17T09:56:26.244+0800][34.873s][info][gc,phases      ] GC(828) Phase 2: Compute new object addresses 0.856ms
[2026-06-17T09:56:26.245+0800][34.874s][info][gc,phases,start] GC(828) Phase 3: Adjust pointers
[2026-06-17T09:56:26.246+0800][34.875s][info][gc,phases      ] GC(828) Phase 3: Adjust pointers 0.915ms
[2026-06-17T09:56:26.246+0800][34.875s][info][gc,phases,start] GC(828) Phase 4: Move objects
[2026-06-17T09:56:26.249+0800][34.878s][info][gc,phases      ] GC(828) Phase 4: Move objects 3.261ms
[2026-06-17T09:56:26.250+0800][34.879s][info][gc,heap        ] GC(828) DefNew: 19592K(19648K)->0K(19648K) Eden: 17462K(17472K)->0K(17472K) From: 2130K(2176K)->0K(2176K)
[2026-06-17T09:56:26.250+0800][34.880s][info][gc,heap        ] GC(828) Tenured: 40801K(43712K)->32591K(43712K)
[2026-06-17T09:56:26.251+0800][34.880s][info][gc,metaspace   ] GC(828) Metaspace: 152K(384K)->152K(384K) NonClass: 147K(256K)->147K(256K) Class: 4K(128K)->4K(128K)
[2026-06-17T09:56:26.252+0800][34.881s][info][gc             ] GC(828) Pause Full (Allocation Failure) 58M->31M(61M) 9.613ms
[2026-06-17T09:56:26.252+0800][34.881s][info][gc,cpu         ] GC(828) User=0.01s Sys=0.00s Real=0.02s
[2026-06-17T09:56:26.296+0800][34.925s][info][gc,start       ] GC(829) Pause Young (Allocation Failure)
[2026-06-17T09:56:26.297+0800][34.926s][info][gc,heap        ] GC(829) DefNew: 17438K(19648K)->2172K(19648K) Eden: 17438K(17472K)->0K(17472K) From: 0K(2176K)->2172K(2176K)
[2026-06-17T09:56:26.297+0800][34.927s][info][gc,heap        ] GC(829) Tenured: 32591K(43712K)->37444K(43712K)
[2026-06-17T09:56:26.298+0800][34.927s][info][gc,metaspace   ] GC(829) Metaspace: 152K(384K)->152K(384K) NonClass: 147K(256K)->147K(256K) Class: 4K(128K)->4K(128K)
[2026-06-17T09:56:26.298+0800][34.927s][info][gc             ] GC(829) Pause Young (Allocation Failure) 48M->38M(61M) 2.433ms
[2026-06-17T09:56:26.298+0800][34.928s][info][gc,cpu         ] GC(829) User=0.00s Sys=0.00s Real=0.00s
[2026-06-17T09:56:26.351+0800][34.980s][info][gc,start       ] GC(830) Pause Young (Allocation Failure)
[2026-06-17T09:56:26.352+0800][34.981s][info][gc             ] GC(830) Pause Young (Allocation Failure) 55M->55M(61M) 0.672ms
[2026-06-17T09:56:26.352+0800][34.981s][info][gc,cpu         ] GC(830) User=0.00s Sys=0.00s Real=0.00s
[2026-06-17T09:56:26.352+0800][34.982s][info][gc,start       ] GC(831) Pause Full (Allocation Failure)
[2026-06-17T09:56:26.353+0800][34.982s][info][gc,phases,start] GC(831) Phase 1: Mark live objects
[2026-06-17T09:56:26.354+0800][34.983s][info][gc,phases      ] GC(831) Phase 1: Mark live objects 0.851ms
[2026-06-17T09:56:26.354+0800][34.983s][info][gc,phases,start] GC(831) Phase 2: Compute new object addresses
[2026-06-17T09:56:26.355+0800][34.984s][info][gc,phases      ] GC(831) Phase 2: Compute new object addresses 0.719ms
[2026-06-17T09:56:26.355+0800][34.984s][info][gc,phases,start] GC(831) Phase 3: Adjust pointers
[2026-06-17T09:56:26.356+0800][34.985s][info][gc,phases      ] GC(831) Phase 3: Adjust pointers 0.647ms
[2026-06-17T09:56:26.356+0800][34.985s][info][gc,phases,start] GC(831) Phase 4: Move objects
[2026-06-17T09:56:26.359+0800][34.988s][info][gc,phases      ] GC(831) Phase 4: Move objects 2.371ms
[2026-06-17T09:56:26.359+0800][34.988s][info][gc,heap        ] GC(831) DefNew: 19611K(19648K)->0K(19648K) Eden: 17439K(17472K)->0K(17472K) From: 2172K(2176K)->0K(2176K)
[2026-06-17T09:56:26.360+0800][34.989s][info][gc,heap        ] GC(831) Tenured: 37444K(43712K)->24796K(43712K)
[2026-06-17T09:56:26.361+0800][34.990s][info][gc,metaspace   ] GC(831) Metaspace: 152K(384K)->152K(384K) NonClass: 147K(256K)->147K(256K) Class: 4K(128K)->4K(128K)
[2026-06-17T09:56:26.361+0800][34.990s][info][gc             ] GC(831) Pause Full (Allocation Failure) 55M->24M(61M) 8.712ms
[2026-06-17T09:56:26.362+0800][34.991s][info][gc,cpu         ] GC(831) User=0.01s Sys=0.00s Real=0.00s
[2026-06-17T09:56:26.405+0800][35.034s][info][gc,start       ] GC(832) Pause Young (Allocation Failure)
[2026-06-17T09:56:26.407+0800][35.036s][info][gc,heap        ] GC(832) DefNew: 17469K(19648K)->2176K(19648K) Eden: 17469K(17472K)->0K(17472K) From: 0K(2176K)->2176K(2176K)
[2026-06-17T09:56:26.407+0800][35.037s][info][gc,heap        ] GC(832) Tenured: 24796K(43712K)->30107K(43712K)
[2026-06-17T09:56:26.408+0800][35.037s][info][gc,metaspace   ] GC(832) Metaspace: 152K(384K)->152K(384K) NonClass: 147K(256K)->147K(256K) Class: 4K(128K)->4K(128K)
[2026-06-17T09:56:26.408+0800][35.037s][info][gc             ] GC(832) Pause Young (Allocation Failure) 41M->31M(61M) 3.009ms
[2026-06-17T09:56:26.409+0800][35.038s][info][gc,cpu         ] GC(832) User=0.00s Sys=0.00s Real=0.00s
[2026-06-17T09:56:26.451+0800][35.080s][info][gc,start       ] GC(833) Pause Young (Allocation Failure)
[2026-06-17T09:56:26.453+0800][35.082s][info][gc,heap        ] GC(833) DefNew: 19648K(19648K)->2172K(19648K) Eden: 17472K(17472K)->0K(17472K) From: 2176K(2176K)->2172K(2176K)
[2026-06-17T09:56:26.453+0800][35.082s][info][gc,heap        ] GC(833) Tenured: 30107K(43712K)->36970K(43712K)
[2026-06-17T09:56:26.453+0800][35.083s][info][gc,metaspace   ] GC(833) Metaspace: 152K(384K)->152K(384K) NonClass: 147K(256K)->147K(256K) Class: 4K(128K)->4K(128K)
[2026-06-17T09:56:26.454+0800][35.083s][info][gc             ] GC(833) Pause Young (Allocation Failure) 48M->38M(61M) 3.075ms
[2026-06-17T09:56:26.454+0800][35.084s][info][gc,cpu         ] GC(833) User=0.00s Sys=0.00s Real=0.00s
[2026-06-17T09:56:26.499+0800][35.128s][info][gc,start       ] GC(834) Pause Young (Allocation Failure)
[2026-06-17T09:56:26.500+0800][35.130s][info][gc             ] GC(834) Pause Young (Allocation Failure) 55M->55M(61M) 1.494ms
[2026-06-17T09:56:26.502+0800][35.131s][info][gc,cpu         ] GC(834) User=0.00s Sys=0.00s Real=0.00s
[2026-06-17T09:56:26.504+0800][35.133s][info][gc,start       ] GC(835) Pause Full (Allocation Failure)
[2026-06-17T09:56:26.508+0800][35.137s][info][gc,phases,start] GC(835) Phase 1: Mark live objects
[2026-06-17T09:56:26.510+0800][35.139s][info][gc,phases      ] GC(835) Phase 1: Mark live objects 1.700ms
[2026-06-17T09:56:26.511+0800][35.140s][info][gc,phases,start] GC(835) Phase 2: Compute new object addresses
[2026-06-17T09:56:26.516+0800][35.145s][info][gc,phases      ] GC(835) Phase 2: Compute new object addresses 4.451ms
[2026-06-17T09:56:26.520+0800][35.149s][info][gc,phases,start] GC(835) Phase 3: Adjust pointers
[2026-06-17T09:56:26.522+0800][35.151s][info][gc,phases      ] GC(835) Phase 3: Adjust pointers 2.621ms
[2026-06-17T09:56:26.524+0800][35.153s][info][gc,phases,start] GC(835) Phase 4: Move objects
[2026-06-17T09:56:26.526+0800][35.155s][info][gc,phases      ] GC(835) Phase 4: Move objects 2.290ms
[2026-06-17T09:56:26.528+0800][35.157s][info][gc,heap        ] GC(835) DefNew: 19607K(19648K)->0K(19648K) Eden: 17435K(17472K)->0K(17472K) From: 2172K(2176K)->0K(2176K)
[2026-06-17T09:56:26.530+0800][35.159s][info][gc,heap        ] GC(835) Tenured: 36970K(43712K)->26592K(43712K)
[2026-06-17T09:56:26.533+0800][35.162s][info][gc,metaspace   ] GC(835) Metaspace: 152K(384K)->152K(384K) NonClass: 147K(256K)->147K(256K) Class: 4K(128K)->4K(128K)
[2026-06-17T09:56:26.533+0800][35.162s][info][gc             ] GC(835) Pause Full (Allocation Failure) 55M->25M(61M) 28.687ms
[2026-06-17T09:56:26.534+0800][35.163s][info][gc,cpu         ] GC(835) User=0.00s Sys=0.00s Real=0.03s
[2026-06-17T09:56:26.577+0800][35.206s][info][gc,start       ] GC(836) Pause Young (Allocation Failure)
[2026-06-17T09:56:26.578+0800][35.207s][info][gc,heap        ] GC(836) DefNew: 17468K(19648K)->2175K(19648K) Eden: 17468K(17472K)->0K(17472K) From: 0K(2176K)->2175K(2176K)
[2026-06-17T09:56:26.579+0800][35.208s][info][gc,heap        ] GC(836) Tenured: 26592K(43712K)->31273K(43712K)
[2026-06-17T09:56:26.579+0800][35.208s][info][gc,metaspace   ] GC(836) Metaspace: 152K(384K)->152K(384K) NonClass: 147K(256K)->147K(256K) Class: 4K(128K)->4K(128K)
[2026-06-17T09:56:26.579+0800][35.208s][info][gc             ] GC(836) Pause Young (Allocation Failure) 43M->32M(61M) 2.478ms
[2026-06-17T09:56:26.579+0800][35.209s][info][gc,cpu         ] GC(836) User=0.00s Sys=0.00s Real=0.00s
[2026-06-17T09:56:26.632+0800][35.262s][info][gc,start       ] GC(837) Pause Young (Allocation Failure)
[2026-06-17T09:56:26.634+0800][35.263s][info][gc,heap        ] GC(837) DefNew: 19647K(19648K)->1821K(19648K) Eden: 17472K(17472K)->0K(17472K) From: 2175K(2176K)->1821K(2176K)
[2026-06-17T09:56:26.635+0800][35.264s][info][gc,heap        ] GC(837) Tenured: 31273K(43712K)->33139K(43712K)
[2026-06-17T09:56:26.635+0800][35.264s][info][gc,metaspace   ] GC(837) Metaspace: 152K(384K)->152K(384K) NonClass: 147K(256K)->147K(256K) Class: 4K(128K)->4K(128K)
[2026-06-17T09:56:26.635+0800][35.265s][info][gc             ] GC(837) Pause Young (Allocation Failure) 49M->34M(61M) 3.072ms
[2026-06-17T09:56:26.636+0800][35.265s][info][gc,cpu         ] GC(837) User=0.01s Sys=0.00s Real=0.00s
[2026-06-17T09:56:26.669+0800][35.298s][info][gc,start       ] GC(838) Pause Young (Allocation Failure)
[2026-06-17T09:56:26.670+0800][35.299s][info][gc,heap        ] GC(838) DefNew: 19221K(19648K)->2166K(19648K) Eden: 17399K(17472K)->0K(17472K) From: 1821K(2176K)->2166K(2176K)
[2026-06-17T09:56:26.671+0800][35.300s][info][gc,heap        ] GC(838) Tenured: 33139K(43712K)->36102K(43712K)
[2026-06-17T09:56:26.671+0800][35.300s][info][gc,metaspace   ] GC(838) Metaspace: 152K(384K)->152K(384K) NonClass: 147K(256K)->147K(256K) Class: 4K(128K)->4K(128K)
[2026-06-17T09:56:26.671+0800][35.300s][info][gc             ] GC(838) Pause Young (Allocation Failure) 51M->37M(61M) 2.626ms
[2026-06-17T09:56:26.672+0800][35.301s][info][gc,cpu         ] GC(838) User=0.00s Sys=0.00s Real=0.01s
[2026-06-17T09:56:26.725+0800][35.354s][info][gc,start       ] GC(839) Pause Young (Allocation Failure)
[2026-06-17T09:56:26.726+0800][35.355s][info][gc,heap        ] GC(839) DefNew: 19638K(19648K)->2141K(19648K) Eden: 17472K(17472K)->0K(17472K) From: 2166K(2176K)->2141K(2176K)
[2026-06-17T09:56:26.726+0800][35.355s][info][gc,heap        ] GC(839) Tenured: 36102K(43712K)->39677K(43712K)
[2026-06-17T09:56:26.726+0800][35.355s][info][gc,metaspace   ] GC(839) Metaspace: 152K(384K)->152K(384K) NonClass: 147K(256K)->147K(256K) Class: 4K(128K)->4K(128K)
[2026-06-17T09:56:26.726+0800][35.355s][info][gc             ] GC(839) Pause Young (Allocation Failure) 54M->40M(61M) 1.792ms
[2026-06-17T09:56:26.726+0800][35.356s][info][gc,cpu         ] GC(839) User=0.00s Sys=0.00s Real=0.00s
[2026-06-17T09:56:26.769+0800][35.398s][info][gc,start       ] GC(840) Pause Young (Allocation Failure)
[2026-06-17T09:56:26.771+0800][35.400s][info][gc             ] GC(840) Pause Young (Allocation Failure) 57M->57M(61M) 1.864ms
[2026-06-17T09:56:26.774+0800][35.403s][info][gc,cpu         ] GC(840) User=0.00s Sys=0.00s Real=0.01s
[2026-06-17T09:56:26.774+0800][35.403s][info][gc,start       ] GC(841) Pause Full (Allocation Failure)
[2026-06-17T09:56:26.775+0800][35.404s][info][gc,phases,start] GC(841) Phase 1: Mark live objects
[2026-06-17T09:56:26.777+0800][35.406s][info][gc,phases      ] GC(841) Phase 1: Mark live objects 2.608ms
[2026-06-17T09:56:26.779+0800][35.408s][info][gc,phases,start] GC(841) Phase 2: Compute new object addresses
[2026-06-17T09:56:26.779+0800][35.408s][info][gc,phases      ] GC(841) Phase 2: Compute new object addresses 0.619ms
[2026-06-17T09:56:26.780+0800][35.409s][info][gc,phases,start] GC(841) Phase 3: Adjust pointers
[2026-06-17T09:56:26.780+0800][35.409s][info][gc,phases      ] GC(841) Phase 3: Adjust pointers 0.520ms
[2026-06-17T09:56:26.780+0800][35.410s][info][gc,phases,start] GC(841) Phase 4: Move objects
[2026-06-17T09:56:26.783+0800][35.412s][info][gc,phases      ] GC(841) Phase 4: Move objects 2.450ms
[2026-06-17T09:56:26.783+0800][35.412s][info][gc,heap        ] GC(841) DefNew: 19605K(19648K)->0K(19648K) Eden: 17463K(17472K)->0K(17472K) From: 2141K(2176K)->0K(2176K)
[2026-06-17T09:56:26.783+0800][35.413s][info][gc,heap        ] GC(841) Tenured: 39677K(43712K)->25085K(43712K)
[2026-06-17T09:56:26.784+0800][35.413s][info][gc,metaspace   ] GC(841) Metaspace: 152K(384K)->152K(384K) NonClass: 147K(256K)->147K(256K) Class: 4K(128K)->4K(128K)
[2026-06-17T09:56:26.784+0800][35.413s][info][gc             ] GC(841) Pause Full (Allocation Failure) 57M->24M(61M) 9.870ms
[2026-06-17T09:56:26.784+0800][35.413s][info][gc,cpu         ] GC(841) User=0.01s Sys=0.00s Real=0.01s
[2026-06-17T09:56:26.826+0800][35.455s][info][gc,start       ] GC(842) Pause Young (Allocation Failure)
[2026-06-17T09:56:26.828+0800][35.457s][info][gc,heap        ] GC(842) DefNew: 17470K(19648K)->2171K(19648K) Eden: 17470K(17472K)->0K(17472K) From: 0K(2176K)->2171K(2176K)
[2026-06-17T09:56:26.829+0800][35.458s][info][gc,heap        ] GC(842) Tenured: 25085K(43712K)->30149K(43712K)
[2026-06-17T09:56:26.829+0800][35.458s][info][gc,metaspace   ] GC(842) Metaspace: 152K(384K)->152K(384K) NonClass: 147K(256K)->147K(256K) Class: 4K(128K)->4K(128K)
[2026-06-17T09:56:26.829+0800][35.458s][info][gc             ] GC(842) Pause Young (Allocation Failure) 41M->31M(61M) 2.866ms
[2026-06-17T09:56:26.830+0800][35.459s][info][gc,cpu         ] GC(842) User=0.00s Sys=0.00s Real=0.00s
[2026-06-17T09:56:26.873+0800][35.502s][info][gc,start       ] GC(843) Pause Young (Allocation Failure)
[2026-06-17T09:56:26.874+0800][35.503s][info][gc,heap        ] GC(843) DefNew: 19184K(19648K)->1841K(19648K) Eden: 17012K(17472K)->0K(17472K) From: 2171K(2176K)->1841K(2176K)
[2026-06-17T09:56:26.874+0800][35.503s][info][gc,heap        ] GC(843) Tenured: 30149K(43712K)->31974K(43712K)
[2026-06-17T09:56:26.875+0800][35.504s][info][gc,metaspace   ] GC(843) Metaspace: 152K(384K)->152K(384K) NonClass: 147K(256K)->147K(256K) Class: 4K(128K)->4K(128K)
[2026-06-17T09:56:26.875+0800][35.504s][info][gc             ] GC(843) Pause Young (Allocation Failure) 48M->33M(61M) 2.513ms
[2026-06-17T09:56:26.875+0800][35.505s][info][gc,cpu         ] GC(843) User=0.00s Sys=0.00s Real=0.00s
[2026-06-17T09:56:26.919+0800][35.548s][info][gc,start       ] GC(844) Pause Young (Allocation Failure)
[2026-06-17T09:56:26.920+0800][35.549s][info][gc,heap        ] GC(844) DefNew: 19302K(19648K)->2171K(19648K) Eden: 17461K(17472K)->0K(17472K) From: 1841K(2176K)->2171K(2176K)
[2026-06-17T09:56:26.921+0800][35.550s][info][gc,heap        ] GC(844) Tenured: 31974K(43712K)->38467K(43712K)
[2026-06-17T09:56:26.921+0800][35.550s][info][gc,metaspace   ] GC(844) Metaspace: 152K(384K)->152K(384K) NonClass: 147K(256K)->147K(256K) Class: 4K(128K)->4K(128K)
[2026-06-17T09:56:26.922+0800][35.551s][info][gc             ] GC(844) Pause Young (Allocation Failure) 50M->39M(61M) 2.878ms
[2026-06-17T09:56:26.922+0800][35.551s][info][gc,cpu         ] GC(844) User=0.01s Sys=0.00s Real=0.00s
[2026-06-17T09:56:26.975+0800][35.604s][info][gc,start       ] GC(845) Pause Young (Allocation Failure)
[2026-06-17T09:56:26.976+0800][35.605s][info][gc             ] GC(845) Pause Young (Allocation Failure) 56M->56M(61M) 0.614ms
[2026-06-17T09:56:26.976+0800][35.605s][info][gc,cpu         ] GC(845) User=0.00s Sys=0.00s Real=0.00s
[2026-06-17T09:56:26.977+0800][35.606s][info][gc,start       ] GC(846) Pause Full (Allocation Failure)
[2026-06-17T09:56:26.977+0800][35.606s][info][gc,phases,start] GC(846) Phase 1: Mark live objects
[2026-06-17T09:56:26.978+0800][35.607s][info][gc,phases      ] GC(846) Phase 1: Mark live objects 0.954ms
[2026-06-17T09:56:26.979+0800][35.608s][info][gc,phases,start] GC(846) Phase 2: Compute new object addresses
[2026-06-17T09:56:26.979+0800][35.608s][info][gc,phases      ] GC(846) Phase 2: Compute new object addresses 0.501ms
[2026-06-17T09:56:26.980+0800][35.609s][info][gc,phases,start] GC(846) Phase 3: Adjust pointers
[2026-06-17T09:56:26.980+0800][35.609s][info][gc,phases      ] GC(846) Phase 3: Adjust pointers 0.461ms
[2026-06-17T09:56:26.980+0800][35.610s][info][gc,phases,start] GC(846) Phase 4: Move objects
[2026-06-17T09:56:26.982+0800][35.611s][info][gc,phases      ] GC(846) Phase 4: Move objects 1.774ms
[2026-06-17T09:56:26.983+0800][35.612s][info][gc,heap        ] GC(846) DefNew: 19637K(19648K)->0K(19648K) Eden: 17465K(17472K)->0K(17472K) From: 2171K(2176K)->0K(2176K)
[2026-06-17T09:56:26.983+0800][35.612s][info][gc,heap        ] GC(846) Tenured: 38467K(43712K)->25217K(43712K)
[2026-06-17T09:56:26.983+0800][35.612s][info][gc,metaspace   ] GC(846) Metaspace: 152K(384K)->152K(384K) NonClass: 147K(256K)->147K(256K) Class: 4K(128K)->4K(128K)
[2026-06-17T09:56:26.983+0800][35.612s][info][gc             ] GC(846) Pause Full (Allocation Failure) 56M->24M(61M) 6.235ms
[2026-06-17T09:56:26.983+0800][35.612s][info][gc,cpu         ] GC(846) User=0.00s Sys=0.00s Real=0.01s
[2026-06-17T09:56:27.026+0800][35.655s][info][gc,start       ] GC(847) Pause Young (Allocation Failure)
[2026-06-17T09:56:27.028+0800][35.657s][info][gc,heap        ] GC(847) DefNew: 17427K(19648K)->2174K(19648K) Eden: 17427K(17472K)->0K(17472K) From: 0K(2176K)->2174K(2176K)
[2026-06-17T09:56:27.028+0800][35.658s][info][gc,heap        ] GC(847) Tenured: 25217K(43712K)->30293K(43712K)
[2026-06-17T09:56:27.029+0800][35.658s][info][gc,metaspace   ] GC(847) Metaspace: 152K(384K)->152K(384K) NonClass: 147K(256K)->147K(256K) Class: 4K(128K)->4K(128K)
[2026-06-17T09:56:27.029+0800][35.659s][info][gc             ] GC(847) Pause Young (Allocation Failure) 41M->31M(61M) 3.272ms
[2026-06-17T09:56:27.030+0800][35.659s][info][gc,cpu         ] GC(847) User=0.00s Sys=0.00s Real=0.00s
[2026-06-17T09:56:27.073+0800][35.702s][info][gc,start       ] GC(848) Pause Young (Allocation Failure)
[2026-06-17T09:56:27.075+0800][35.704s][info][gc,heap        ] GC(848) DefNew: 19594K(19648K)->2106K(19648K) Eden: 17419K(17472K)->0K(17472K) From: 2174K(2176K)->2106K(2176K)
[2026-06-17T09:56:27.076+0800][35.705s][info][gc,heap        ] GC(848) Tenured: 30293K(43712K)->36007K(43712K)
[2026-06-17T09:56:27.076+0800][35.705s][info][gc,metaspace   ] GC(848) Metaspace: 152K(384K)->152K(384K) NonClass: 147K(256K)->147K(256K) Class: 4K(128K)->4K(128K)
[2026-06-17T09:56:27.077+0800][35.706s][info][gc             ] GC(848) Pause Young (Allocation Failure) 48M->37M(61M) 3.202ms
[2026-06-17T09:56:27.077+0800][35.706s][info][gc,cpu         ] GC(848) User=0.00s Sys=0.00s Real=0.00s
[2026-06-17T09:56:27.120+0800][35.749s][info][gc,start       ] GC(849) Pause Young (Allocation Failure)
[2026-06-17T09:56:27.121+0800][35.750s][info][gc             ] GC(849) Pause Young (Allocation Failure) 54M->54M(61M) 0.605ms
[2026-06-17T09:56:27.121+0800][35.750s][info][gc,cpu         ] GC(849) User=0.00s Sys=0.00s Real=0.00s
[2026-06-17T09:56:27.122+0800][35.751s][info][gc,start       ] GC(850) Pause Full (Allocation Failure)
[2026-06-17T09:56:27.122+0800][35.751s][info][gc,phases,start] GC(850) Phase 1: Mark live objects
[2026-06-17T09:56:27.123+0800][35.752s][info][gc,phases      ] GC(850) Phase 1: Mark live objects 0.921ms
[2026-06-17T09:56:27.123+0800][35.753s][info][gc,phases,start] GC(850) Phase 2: Compute new object addresses
[2026-06-17T09:56:27.124+0800][35.753s][info][gc,phases      ] GC(850) Phase 2: Compute new object addresses 0.642ms
[2026-06-17T09:56:27.125+0800][35.754s][info][gc,phases,start] GC(850) Phase 3: Adjust pointers
[2026-06-17T09:56:27.125+0800][35.754s][info][gc,phases      ] GC(850) Phase 3: Adjust pointers 0.548ms
[2026-06-17T09:56:27.125+0800][35.755s][info][gc,phases,start] GC(850) Phase 4: Move objects
[2026-06-17T09:56:27.128+0800][35.757s][info][gc,phases      ] GC(850) Phase 4: Move objects 2.120ms
[2026-06-17T09:56:27.128+0800][35.757s][info][gc,heap        ] GC(850) DefNew: 19578K(19648K)->0K(19648K) Eden: 17472K(17472K)->0K(17472K) From: 2106K(2176K)->0K(2176K)
[2026-06-17T09:56:27.128+0800][35.758s][info][gc,heap        ] GC(850) Tenured: 36007K(43712K)->27766K(43712K)
[2026-06-17T09:56:27.129+0800][35.758s][info][gc,metaspace   ] GC(850) Metaspace: 152K(384K)->152K(384K) NonClass: 147K(256K)->147K(256K) Class: 4K(128K)->4K(128K)
[2026-06-17T09:56:27.129+0800][35.758s][info][gc             ] GC(850) Pause Full (Allocation Failure) 54M->27M(61M) 7.352ms
[2026-06-17T09:56:27.129+0800][35.758s][info][gc,cpu         ] GC(850) User=0.00s Sys=0.00s Real=0.01s
[2026-06-17T09:56:27.172+0800][35.801s][info][gc,start       ] GC(851) Pause Young (Allocation Failure)
[2026-06-17T09:56:27.173+0800][35.802s][info][gc,heap        ] GC(851) DefNew: 17261K(19648K)->2108K(19648K) Eden: 17261K(17472K)->0K(17472K) From: 0K(2176K)->2108K(2176K)
[2026-06-17T09:56:27.173+0800][35.802s][info][gc,heap        ] GC(851) Tenured: 27766K(43712K)->28848K(43712K)
[2026-06-17T09:56:27.174+0800][35.803s][info][gc,metaspace   ] GC(851) Metaspace: 152K(384K)->152K(384K) NonClass: 147K(256K)->147K(256K) Class: 4K(128K)->4K(128K)
[2026-06-17T09:56:27.174+0800][35.803s][info][gc             ] GC(851) Pause Young (Allocation Failure) 43M->30M(61M) 2.250ms
[2026-06-17T09:56:27.174+0800][35.804s][info][gc,cpu         ] GC(851) User=0.00s Sys=0.00s Real=0.00s
[2026-06-17T09:56:27.227+0800][35.857s][info][gc,start       ] GC(852) Pause Young (Allocation Failure)
[2026-06-17T09:56:27.230+0800][35.859s][info][gc,heap        ] GC(852) DefNew: 19580K(19648K)->2136K(19648K) Eden: 17472K(17472K)->0K(17472K) From: 2108K(2176K)->2136K(2176K)
[2026-06-17T09:56:27.232+0800][35.861s][info][gc,heap        ] GC(852) Tenured: 28848K(43712K)->32213K(43712K)
[2026-06-17T09:56:27.233+0800][35.862s][info][gc,metaspace   ] GC(852) Metaspace: 152K(384K)->152K(384K) NonClass: 147K(256K)->147K(256K) Class: 4K(128K)->4K(128K)
[2026-06-17T09:56:27.233+0800][35.862s][info][gc             ] GC(852) Pause Young (Allocation Failure) 47M->33M(61M) 5.402ms
[2026-06-17T09:56:27.233+0800][35.862s][info][gc,cpu         ] GC(852) User=0.00s Sys=0.00s Real=0.01s
[2026-06-17T09:56:27.276+0800][35.905s][info][gc,start       ] GC(853) Pause Young (Allocation Failure)
[2026-06-17T09:56:27.281+0800][35.910s][info][gc,heap        ] GC(853) DefNew: 19589K(19648K)->2172K(19648K) Eden: 17452K(17472K)->0K(17472K) From: 2136K(2176K)->2172K(2176K)
[2026-06-17T09:56:27.283+0800][35.912s][info][gc,heap        ] GC(853) Tenured: 32213K(43712K)->36259K(43712K)
[2026-06-17T09:56:27.283+0800][35.912s][info][gc,metaspace   ] GC(853) Metaspace: 152K(384K)->152K(384K) NonClass: 147K(256K)->147K(256K) Class: 4K(128K)->4K(128K)
[2026-06-17T09:56:27.284+0800][35.913s][info][gc             ] GC(853) Pause Young (Allocation Failure) 50M->37M(61M) 7.764ms
[2026-06-17T09:56:27.284+0800][35.913s][info][gc,cpu         ] GC(853) User=0.00s Sys=0.00s Real=0.01s
[2026-06-17T09:56:27.327+0800][35.956s][info][gc,start       ] GC(854) Pause Young (Allocation Failure)
[2026-06-17T09:56:27.327+0800][35.956s][info][gc             ] GC(854) Pause Young (Allocation Failure) 54M->54M(61M) 0.550ms
[2026-06-17T09:56:27.328+0800][35.957s][info][gc,cpu         ] GC(854) User=0.00s Sys=0.00s Real=0.00s
[2026-06-17T09:56:27.333+0800][35.962s][info][gc,start       ] GC(855) Pause Full (Allocation Failure)
[2026-06-17T09:56:27.339+0800][35.968s][info][gc,phases,start] GC(855) Phase 1: Mark live objects
[2026-06-17T09:56:27.339+0800][35.969s][info][gc,phases      ] GC(855) Phase 1: Mark live objects 0.778ms
[2026-06-17T09:56:27.341+0800][35.970s][info][gc,phases,start] GC(855) Phase 2: Compute new object addresses
[2026-06-17T09:56:27.341+0800][35.971s][info][gc,phases      ] GC(855) Phase 2: Compute new object addresses 0.590ms
[2026-06-17T09:56:27.342+0800][35.971s][info][gc,phases,start] GC(855) Phase 3: Adjust pointers
[2026-06-17T09:56:27.342+0800][35.971s][info][gc,phases      ] GC(855) Phase 3: Adjust pointers 0.476ms
[2026-06-17T09:56:27.342+0800][35.972s][info][gc,phases,start] GC(855) Phase 4: Move objects
[2026-06-17T09:56:27.344+0800][35.974s][info][gc,phases      ] GC(855) Phase 4: Move objects 2.113ms
[2026-06-17T09:56:27.345+0800][35.974s][info][gc,heap        ] GC(855) DefNew: 19644K(19648K)->0K(19648K) Eden: 17472K(17472K)->0K(17472K) From: 2172K(2176K)->0K(2176K)
[2026-06-17T09:56:27.345+0800][35.974s][info][gc,heap        ] GC(855) Tenured: 36259K(43712K)->29173K(43712K)
[2026-06-17T09:56:27.345+0800][35.974s][info][gc,metaspace   ] GC(855) Metaspace: 152K(384K)->152K(384K) NonClass: 147K(256K)->147K(256K) Class: 4K(128K)->4K(128K)
[2026-06-17T09:56:27.345+0800][35.974s][info][gc             ] GC(855) Pause Full (Allocation Failure) 54M->28M(61M) 11.850ms
[2026-06-17T09:56:27.345+0800][35.974s][info][gc,cpu         ] GC(855) User=0.00s Sys=0.00s Real=0.01s
[2026-06-17T09:56:27.387+0800][36.016s][info][gc,start       ] GC(856) Pause Young (Allocation Failure)
[2026-06-17T09:56:27.388+0800][36.017s][info][gc,heap        ] GC(856) DefNew: 17455K(19648K)->2173K(19648K) Eden: 17455K(17472K)->0K(17472K) From: 0K(2176K)->2173K(2176K)
[2026-06-17T09:56:27.389+0800][36.018s][info][gc,heap        ] GC(856) Tenured: 29173K(43712K)->34276K(43712K)
[2026-06-17T09:56:27.389+0800][36.018s][info][gc,metaspace   ] GC(856) Metaspace: 152K(384K)->152K(384K) NonClass: 147K(256K)->147K(256K) Class: 4K(128K)->4K(128K)
[2026-06-17T09:56:27.389+0800][36.018s][info][gc             ] GC(856) Pause Young (Allocation Failure) 45M->35M(61M) 2.080ms
[2026-06-17T09:56:27.390+0800][36.019s][info][gc,cpu         ] GC(856) User=0.00s Sys=0.00s Real=0.00s
[2026-06-17T09:56:27.433+0800][36.062s][info][gc,start       ] GC(857) Pause Young (Allocation Failure)
[2026-06-17T09:56:27.434+0800][36.063s][info][gc,heap        ] GC(857) DefNew: 19559K(19648K)->2087K(19648K) Eden: 17385K(17472K)->0K(17472K) From: 2173K(2176K)->2087K(2176K)
[2026-06-17T09:56:27.435+0800][36.064s][info][gc,heap        ] GC(857) Tenured: 34276K(43712K)->37163K(43712K)
[2026-06-17T09:56:27.438+0800][36.067s][info][gc,metaspace   ] GC(857) Metaspace: 152K(384K)->152K(384K) NonClass: 147K(256K)->147K(256K) Class: 4K(128K)->4K(128K)
[2026-06-17T09:56:27.439+0800][36.068s][info][gc             ] GC(857) Pause Young (Allocation Failure) 52M->38M(61M) 6.575ms
[2026-06-17T09:56:27.440+0800][36.069s][info][gc,cpu         ] GC(857) User=0.00s Sys=0.00s Real=0.00s
[2026-06-17T09:56:27.483+0800][36.112s][info][gc,start       ] GC(858) Pause Young (Allocation Failure)
[2026-06-17T09:56:27.485+0800][36.114s][info][gc             ] GC(858) Pause Young (Allocation Failure) 55M->55M(61M) 2.357ms
[2026-06-17T09:56:27.485+0800][36.114s][info][gc,cpu         ] GC(858) User=0.00s Sys=0.00s Real=0.00s
[2026-06-17T09:56:27.486+0800][36.115s][info][gc,start       ] GC(859) Pause Full (Allocation Failure)
[2026-06-17T09:56:27.487+0800][36.116s][info][gc,phases,start] GC(859) Phase 1: Mark live objects
[2026-06-17T09:56:27.488+0800][36.117s][info][gc,phases      ] GC(859) Phase 1: Mark live objects 0.823ms
[2026-06-17T09:56:27.488+0800][36.117s][info][gc,phases,start] GC(859) Phase 2: Compute new object addresses
[2026-06-17T09:56:27.489+0800][36.118s][info][gc,phases      ] GC(859) Phase 2: Compute new object addresses 0.589ms
[2026-06-17T09:56:27.490+0800][36.120s][info][gc,phases,start] GC(859) Phase 3: Adjust pointers
[2026-06-17T09:56:27.494+0800][36.124s][info][gc,phases      ] GC(859) Phase 3: Adjust pointers 4.027ms
[2026-06-17T09:56:27.496+0800][36.126s][info][gc,phases,start] GC(859) Phase 4: Move objects
[2026-06-17T09:56:27.500+0800][36.129s][info][gc,phases      ] GC(859) Phase 4: Move objects 3.509ms
[2026-06-17T09:56:27.502+0800][36.131s][info][gc,heap        ] GC(859) DefNew: 19559K(19648K)->0K(19648K) Eden: 17472K(17472K)->0K(17472K) From: 2087K(2176K)->0K(2176K)
[2026-06-17T09:56:27.502+0800][36.131s][info][gc,heap        ] GC(859) Tenured: 37163K(43712K)->30320K(43712K)
[2026-06-17T09:56:27.505+0800][36.134s][info][gc,metaspace   ] GC(859) Metaspace: 152K(384K)->152K(384K) NonClass: 147K(256K)->147K(256K) Class: 4K(128K)->4K(128K)
[2026-06-17T09:56:27.507+0800][36.136s][info][gc             ] GC(859) Pause Full (Allocation Failure) 55M->29M(61M) 21.244ms
[2026-06-17T09:56:27.511+0800][36.140s][info][gc,cpu         ] GC(859) User=0.00s Sys=0.00s Real=0.03s
[2026-06-17T09:56:27.553+0800][36.182s][info][gc,start       ] GC(860) Pause Young (Allocation Failure)
[2026-06-17T09:56:27.555+0800][36.184s][info][gc,heap        ] GC(860) DefNew: 17452K(19648K)->2175K(19648K) Eden: 17452K(17472K)->0K(17472K) From: 0K(2176K)->2175K(2176K)
[2026-06-17T09:56:27.559+0800][36.188s][info][gc,heap        ] GC(860) Tenured: 30320K(43712K)->35228K(43712K)
[2026-06-17T09:56:27.561+0800][36.190s][info][gc,metaspace   ] GC(860) Metaspace: 152K(384K)->152K(384K) NonClass: 147K(256K)->147K(256K) Class: 4K(128K)->4K(128K)
[2026-06-17T09:56:27.561+0800][36.190s][info][gc             ] GC(860) Pause Young (Allocation Failure) 46M->36M(61M) 7.758ms
[2026-06-17T09:56:27.562+0800][36.191s][info][gc,cpu         ] GC(860) User=0.00s Sys=0.00s Real=0.00s
[2026-06-17T09:56:27.605+0800][36.234s][info][gc,start       ] GC(861) Pause Young (Allocation Failure)
[2026-06-17T09:56:27.606+0800][36.235s][info][gc,heap        ] GC(861) DefNew: 19516K(19648K)->2104K(19648K) Eden: 17341K(17472K)->0K(17472K) From: 2175K(2176K)->2104K(2176K)
[2026-06-17T09:56:27.607+0800][36.236s][info][gc,heap        ] GC(861) Tenured: 35228K(43712K)->38500K(43712K)
[2026-06-17T09:56:27.608+0800][36.237s][info][gc,metaspace   ] GC(861) Metaspace: 152K(384K)->152K(384K) NonClass: 147K(256K)->147K(256K) Class: 4K(128K)->4K(128K)
[2026-06-17T09:56:27.609+0800][36.238s][info][gc             ] GC(861) Pause Young (Allocation Failure) 53M->39M(61M) 3.633ms
[2026-06-17T09:56:27.609+0800][36.238s][info][gc,cpu         ] GC(861) User=0.00s Sys=0.00s Real=0.00s
[2026-06-17T09:56:27.662+0800][36.291s][info][gc,start       ] GC(862) Pause Young (Allocation Failure)
[2026-06-17T09:56:27.663+0800][36.292s][info][gc             ] GC(862) Pause Young (Allocation Failure) 56M->56M(61M) 0.556ms
[2026-06-17T09:56:27.663+0800][36.293s][info][gc,cpu         ] GC(862) User=0.00s Sys=0.00s Real=0.01s
[2026-06-17T09:56:27.664+0800][36.293s][info][gc,start       ] GC(863) Pause Full (Allocation Failure)
[2026-06-17T09:56:27.664+0800][36.294s][info][gc,phases,start] GC(863) Phase 1: Mark live objects
[2026-06-17T09:56:27.665+0800][36.294s][info][gc,phases      ] GC(863) Phase 1: Mark live objects 0.898ms
[2026-06-17T09:56:27.666+0800][36.295s][info][gc,phases,start] GC(863) Phase 2: Compute new object addresses
[2026-06-17T09:56:27.667+0800][36.296s][info][gc,phases      ] GC(863) Phase 2: Compute new object addresses 0.884ms
[2026-06-17T09:56:27.668+0800][36.297s][info][gc,phases,start] GC(863) Phase 3: Adjust pointers
[2026-06-17T09:56:27.669+0800][36.298s][info][gc,phases      ] GC(863) Phase 3: Adjust pointers 1.052ms
[2026-06-17T09:56:27.669+0800][36.298s][info][gc,phases,start] GC(863) Phase 4: Move objects
[2026-06-17T09:56:27.671+0800][36.300s][info][gc,phases      ] GC(863) Phase 4: Move objects 2.170ms
[2026-06-17T09:56:27.672+0800][36.301s][info][gc,heap        ] GC(863) DefNew: 19576K(19648K)->0K(19648K) Eden: 17472K(17472K)->0K(17472K) From: 2104K(2176K)->0K(2176K)
[2026-06-17T09:56:27.672+0800][36.301s][info][gc,heap        ] GC(863) Tenured: 38500K(43712K)->28374K(43712K)
[2026-06-17T09:56:27.673+0800][36.302s][info][gc,metaspace   ] GC(863) Metaspace: 152K(384K)->152K(384K) NonClass: 147K(256K)->147K(256K) Class: 4K(128K)->4K(128K)
[2026-06-17T09:56:27.673+0800][36.302s][info][gc             ] GC(863) Pause Full (Allocation Failure) 56M->27M(61M) 9.127ms
[2026-06-17T09:56:27.674+0800][36.303s][info][gc,cpu         ] GC(863) User=0.01s Sys=0.00s Real=0.01s
[2026-06-17T09:56:27.716+0800][36.345s][info][gc,start       ] GC(864) Pause Young (Allocation Failure)
[2026-06-17T09:56:27.718+0800][36.347s][info][gc,heap        ] GC(864) DefNew: 17453K(19648K)->2169K(19648K) Eden: 17453K(17472K)->0K(17472K) From: 0K(2176K)->2169K(2176K)
[2026-06-17T09:56:27.718+0800][36.347s][info][gc,heap        ] GC(864) Tenured: 28374K(43712K)->33204K(43712K)
[2026-06-17T09:56:27.718+0800][36.348s][info][gc,metaspace   ] GC(864) Metaspace: 152K(384K)->152K(384K) NonClass: 147K(256K)->147K(256K) Class: 4K(128K)->4K(128K)
[2026-06-17T09:56:27.719+0800][36.348s][info][gc             ] GC(864) Pause Young (Allocation Failure) 44M->34M(61M) 2.540ms
[2026-06-17T09:56:27.719+0800][36.348s][info][gc,cpu         ] GC(864) User=0.00s Sys=0.00s Real=0.00s
[2026-06-17T09:56:27.761+0800][36.390s][info][gc,start       ] GC(865) Pause Young (Allocation Failure)
[2026-06-17T09:56:27.762+0800][36.391s][info][gc,heap        ] GC(865) DefNew: 19629K(19648K)->2148K(19648K) Eden: 17459K(17472K)->0K(17472K) From: 2169K(2176K)->2148K(2176K)
[2026-06-17T09:56:27.763+0800][36.392s][info][gc,heap        ] GC(865) Tenured: 33204K(43712K)->39565K(43712K)
[2026-06-17T09:56:27.763+0800][36.392s][info][gc,metaspace   ] GC(865) Metaspace: 152K(384K)->152K(384K) NonClass: 147K(256K)->147K(256K) Class: 4K(128K)->4K(128K)
[2026-06-17T09:56:27.763+0800][36.392s][info][gc             ] GC(865) Pause Young (Allocation Failure) 51M->40M(61M) 1.962ms
[2026-06-17T09:56:27.763+0800][36.392s][info][gc,cpu         ] GC(865) User=0.00s Sys=0.00s Real=0.01s
[2026-06-17T09:56:27.805+0800][36.435s][info][gc,start       ] GC(866) Pause Young (Allocation Failure)
[2026-06-17T09:56:27.806+0800][36.435s][info][gc             ] GC(866) Pause Young (Allocation Failure) 57M->57M(61M) 0.509ms
[2026-06-17T09:56:27.806+0800][36.435s][info][gc,cpu         ] GC(866) User=0.00s Sys=0.00s Real=0.00s
[2026-06-17T09:56:27.806+0800][36.435s][info][gc,start       ] GC(867) Pause Full (Allocation Failure)
[2026-06-17T09:56:27.807+0800][36.436s][info][gc,phases,start] GC(867) Phase 1: Mark live objects
[2026-06-17T09:56:27.807+0800][36.436s][info][gc,phases      ] GC(867) Phase 1: Mark live objects 0.502ms
[2026-06-17T09:56:27.807+0800][36.437s][info][gc,phases,start] GC(867) Phase 2: Compute new object addresses
[2026-06-17T09:56:27.808+0800][36.437s][info][gc,phases      ] GC(867) Phase 2: Compute new object addresses 0.752ms
[2026-06-17T09:56:27.809+0800][36.438s][info][gc,phases,start] GC(867) Phase 3: Adjust pointers
[2026-06-17T09:56:27.809+0800][36.438s][info][gc,phases      ] GC(867) Phase 3: Adjust pointers 0.557ms
[2026-06-17T09:56:27.812+0800][36.441s][info][gc,phases,start] GC(867) Phase 4: Move objects
[2026-06-17T09:56:27.816+0800][36.445s][info][gc,phases      ] GC(867) Phase 4: Move objects 3.749ms
[2026-06-17T09:56:27.817+0800][36.446s][info][gc,heap        ] GC(867) DefNew: 19609K(19648K)->0K(19648K) Eden: 17461K(17472K)->0K(17472K) From: 2148K(2176K)->0K(2176K)
[2026-06-17T09:56:27.817+0800][36.446s][info][gc,heap        ] GC(867) Tenured: 39565K(43712K)->21932K(43712K)
[2026-06-17T09:56:27.818+0800][36.447s][info][gc,metaspace   ] GC(867) Metaspace: 152K(384K)->152K(384K) NonClass: 147K(256K)->147K(256K) Class: 4K(128K)->4K(128K)
[2026-06-17T09:56:27.818+0800][36.447s][info][gc             ] GC(867) Pause Full (Allocation Failure) 57M->21M(61M) 11.643ms
[2026-06-17T09:56:27.818+0800][36.447s][info][gc,cpu         ] GC(867) User=0.01s Sys=0.00s Real=0.01s
[2026-06-17T09:56:27.860+0800][36.490s][info][gc,start       ] GC(868) Pause Young (Allocation Failure)
[2026-06-17T09:56:27.862+0800][36.491s][info][gc,heap        ] GC(868) DefNew: 17358K(19648K)->2148K(19648K) Eden: 17358K(17472K)->0K(17472K) From: 0K(2176K)->2148K(2176K)
[2026-06-17T09:56:27.862+0800][36.491s][info][gc,heap        ] GC(868) Tenured: 21932K(43712K)->23238K(43712K)
[2026-06-17T09:56:27.862+0800][36.492s][info][gc,metaspace   ] GC(868) Metaspace: 152K(384K)->152K(384K) NonClass: 147K(256K)->147K(256K) Class: 4K(128K)->4K(128K)
[2026-06-17T09:56:27.863+0800][36.492s][info][gc             ] GC(868) Pause Young (Allocation Failure) 38M->24M(61M) 2.265ms
[2026-06-17T09:56:27.863+0800][36.492s][info][gc,cpu         ] GC(868) User=0.00s Sys=0.00s Real=0.01s
[2026-06-17T09:56:27.916+0800][36.545s][info][gc,start       ] GC(869) Pause Young (Allocation Failure)
[2026-06-17T09:56:27.917+0800][36.546s][info][gc,heap        ] GC(869) DefNew: 19620K(19648K)->2092K(19648K) Eden: 17472K(17472K)->0K(17472K) From: 2148K(2176K)->2092K(2176K)
[2026-06-17T09:56:27.918+0800][36.547s][info][gc,heap        ] GC(869) Tenured: 23238K(43712K)->27140K(43712K)
[2026-06-17T09:56:27.918+0800][36.547s][info][gc,metaspace   ] GC(869) Metaspace: 152K(384K)->152K(384K) NonClass: 147K(256K)->147K(256K) Class: 4K(128K)->4K(128K)
[2026-06-17T09:56:27.919+0800][36.548s][info][gc             ] GC(869) Pause Young (Allocation Failure) 41M->28M(61M) 2.850ms
[2026-06-17T09:56:27.919+0800][36.548s][info][gc,cpu         ] GC(869) User=0.00s Sys=0.00s Real=0.00s
[2026-06-17T09:56:27.962+0800][36.591s][info][gc,start       ] GC(870) Pause Young (Allocation Failure)
[2026-06-17T09:56:27.963+0800][36.592s][info][gc,heap        ] GC(870) DefNew: 19564K(19648K)->2117K(19648K) Eden: 17472K(17472K)->0K(17472K) From: 2092K(2176K)->2117K(2176K)
[2026-06-17T09:56:27.964+0800][36.593s][info][gc,heap        ] GC(870) Tenured: 27140K(43712K)->30440K(43712K)
[2026-06-17T09:56:27.966+0800][36.595s][info][gc,metaspace   ] GC(870) Metaspace: 152K(384K)->152K(384K) NonClass: 147K(256K)->147K(256K) Class: 4K(128K)->4K(128K)
[2026-06-17T09:56:27.966+0800][36.595s][info][gc             ] GC(870) Pause Young (Allocation Failure) 45M->31M(61M) 4.451ms
[2026-06-17T09:56:27.967+0800][36.596s][info][gc,cpu         ] GC(870) User=0.01s Sys=0.00s Real=0.01s
[2026-06-17T09:56:28.001+0800][36.630s][info][gc,start       ] GC(871) Pause Young (Allocation Failure)
[2026-06-17T09:56:28.002+0800][36.631s][info][gc,heap        ] GC(871) DefNew: 19400K(19648K)->2173K(19648K) Eden: 17282K(17472K)->0K(17472K) From: 2117K(2176K)->2173K(2176K)
[2026-06-17T09:56:28.002+0800][36.632s][info][gc,heap        ] GC(871) Tenured: 30440K(43712K)->33432K(43712K)
[2026-06-17T09:56:28.003+0800][36.632s][info][gc,metaspace   ] GC(871) Metaspace: 152K(384K)->152K(384K) NonClass: 147K(256K)->147K(256K) Class: 4K(128K)->4K(128K)
[2026-06-17T09:56:28.003+0800][36.632s][info][gc             ] GC(871) Pause Young (Allocation Failure) 48M->34M(61M) 1.919ms
[2026-06-17T09:56:28.003+0800][36.632s][info][gc,cpu         ] GC(871) User=0.00s Sys=0.00s Real=0.01s
[2026-06-17T09:56:28.056+0800][36.685s][info][gc,start       ] GC(872) Pause Young (Allocation Failure)
[2026-06-17T09:56:28.058+0800][36.687s][info][gc,heap        ] GC(872) DefNew: 19638K(19648K)->2174K(19648K) Eden: 17465K(17472K)->0K(17472K) From: 2173K(2176K)->2174K(2176K)
[2026-06-17T09:56:28.058+0800][36.687s][info][gc,heap        ] GC(872) Tenured: 33432K(43712K)->37374K(43712K)
[2026-06-17T09:56:28.058+0800][36.687s][info][gc,metaspace   ] GC(872) Metaspace: 152K(384K)->152K(384K) NonClass: 147K(256K)->147K(256K) Class: 4K(128K)->4K(128K)
[2026-06-17T09:56:28.059+0800][36.688s][info][gc             ] GC(872) Pause Young (Allocation Failure) 51M->38M(61M) 2.960ms
[2026-06-17T09:56:28.059+0800][36.688s][info][gc,cpu         ] GC(872) User=0.00s Sys=0.00s Real=0.00s
[2026-06-17T09:56:28.102+0800][36.731s][info][gc,start       ] GC(873) Pause Young (Allocation Failure)
[2026-06-17T09:56:28.102+0800][36.732s][info][gc             ] GC(873) Pause Young (Allocation Failure) 55M->55M(61M) 0.818ms
[2026-06-17T09:56:28.103+0800][36.732s][info][gc,cpu         ] GC(873) User=0.00s Sys=0.00s Real=0.01s
[2026-06-17T09:56:28.103+0800][36.732s][info][gc,start       ] GC(874) Pause Full (Allocation Failure)
[2026-06-17T09:56:28.103+0800][36.732s][info][gc,phases,start] GC(874) Phase 1: Mark live objects
[2026-06-17T09:56:28.104+0800][36.733s][info][gc,phases      ] GC(874) Phase 1: Mark live objects 0.553ms
[2026-06-17T09:56:28.104+0800][36.733s][info][gc,phases,start] GC(874) Phase 2: Compute new object addresses
[2026-06-17T09:56:28.104+0800][36.734s][info][gc,phases      ] GC(874) Phase 2: Compute new object addresses 0.422ms
[2026-06-17T09:56:28.105+0800][36.734s][info][gc,phases,start] GC(874) Phase 3: Adjust pointers
[2026-06-17T09:56:28.105+0800][36.735s][info][gc,phases      ] GC(874) Phase 3: Adjust pointers 0.608ms
[2026-06-17T09:56:28.106+0800][36.735s][info][gc,phases,start] GC(874) Phase 4: Move objects
[2026-06-17T09:56:28.108+0800][36.737s][info][gc,phases      ] GC(874) Phase 4: Move objects 2.253ms
[2026-06-17T09:56:28.108+0800][36.737s][info][gc,heap        ] GC(874) DefNew: 19618K(19648K)->0K(19648K) Eden: 17444K(17472K)->0K(17472K) From: 2174K(2176K)->0K(2176K)
[2026-06-17T09:56:28.108+0800][36.737s][info][gc,heap        ] GC(874) Tenured: 37374K(43712K)->29394K(43712K)
[2026-06-17T09:56:28.108+0800][36.738s][info][gc,metaspace   ] GC(874) Metaspace: 152K(384K)->152K(384K) NonClass: 147K(256K)->147K(256K) Class: 4K(128K)->4K(128K)
[2026-06-17T09:56:28.108+0800][36.738s][info][gc             ] GC(874) Pause Full (Allocation Failure) 55M->28M(61M) 5.497ms
[2026-06-17T09:56:28.109+0800][36.738s][info][gc,cpu         ] GC(874) User=0.00s Sys=0.00s Real=0.00s
[2026-06-17T09:56:28.151+0800][36.780s][info][gc,start       ] GC(875) Pause Young (Allocation Failure)
[2026-06-17T09:56:28.152+0800][36.781s][info][gc,heap        ] GC(875) DefNew: 17450K(19648K)->2172K(19648K) Eden: 17450K(17472K)->0K(17472K) From: 0K(2176K)->2172K(2176K)
[2026-06-17T09:56:28.152+0800][36.781s][info][gc,heap        ] GC(875) Tenured: 29394K(43712K)->34052K(43712K)
[2026-06-17T09:56:28.153+0800][36.782s][info][gc,metaspace   ] GC(875) Metaspace: 152K(384K)->152K(384K) NonClass: 147K(256K)->147K(256K) Class: 4K(128K)->4K(128K)
[2026-06-17T09:56:28.153+0800][36.782s][info][gc             ] GC(875) Pause Young (Allocation Failure) 45M->35M(61M) 1.948ms
[2026-06-17T09:56:28.153+0800][36.782s][info][gc,cpu         ] GC(875) User=0.01s Sys=0.00s Real=0.00s
[2026-06-17T09:56:28.195+0800][36.824s][info][gc,start       ] GC(876) Pause Young (Allocation Failure)
[2026-06-17T09:56:28.197+0800][36.826s][info][gc,heap        ] GC(876) DefNew: 19629K(19648K)->2119K(19648K) Eden: 17457K(17472K)->0K(17472K) From: 2172K(2176K)->2119K(2176K)
[2026-06-17T09:56:28.198+0800][36.827s][info][gc,heap        ] GC(876) Tenured: 34052K(43712K)->37565K(43712K)
[2026-06-17T09:56:28.198+0800][36.827s][info][gc,metaspace   ] GC(876) Metaspace: 152K(384K)->152K(384K) NonClass: 147K(256K)->147K(256K) Class: 4K(128K)->4K(128K)
[2026-06-17T09:56:28.198+0800][36.827s][info][gc             ] GC(876) Pause Young (Allocation Failure) 52M->38M(61M) 3.016ms
[2026-06-17T09:56:28.198+0800][36.827s][info][gc,cpu         ] GC(876) User=0.00s Sys=0.00s Real=0.00s
[2026-06-17T09:56:28.240+0800][36.869s][info][gc,start       ] GC(877) Pause Young (Allocation Failure)
[2026-06-17T09:56:28.241+0800][36.870s][info][gc             ] GC(877) Pause Young (Allocation Failure) 55M->55M(61M) 0.345ms
[2026-06-17T09:56:28.241+0800][36.870s][info][gc,cpu         ] GC(877) User=0.00s Sys=0.00s Real=0.00s
[2026-06-17T09:56:28.241+0800][36.870s][info][gc,start       ] GC(878) Pause Full (Allocation Failure)
[2026-06-17T09:56:28.241+0800][36.870s][info][gc,phases,start] GC(878) Phase 1: Mark live objects
[2026-06-17T09:56:28.241+0800][36.871s][info][gc,phases      ] GC(878) Phase 1: Mark live objects 0.373ms
[2026-06-17T09:56:28.242+0800][36.871s][info][gc,phases,start] GC(878) Phase 2: Compute new object addresses
[2026-06-17T09:56:28.242+0800][36.871s][info][gc,phases      ] GC(878) Phase 2: Compute new object addresses 0.285ms
[2026-06-17T09:56:28.242+0800][36.871s][info][gc,phases,start] GC(878) Phase 3: Adjust pointers
[2026-06-17T09:56:28.242+0800][36.871s][info][gc,phases      ] GC(878) Phase 3: Adjust pointers 0.332ms
[2026-06-17T09:56:28.242+0800][36.872s][info][gc,phases,start] GC(878) Phase 4: Move objects
[2026-06-17T09:56:28.245+0800][36.874s][info][gc,phases      ] GC(878) Phase 4: Move objects 2.364ms
[2026-06-17T09:56:28.245+0800][36.874s][info][gc,heap        ] GC(878) DefNew: 19590K(19648K)->0K(19648K) Eden: 17471K(17472K)->0K(17472K) From: 2119K(2176K)->0K(2176K)
[2026-06-17T09:56:28.245+0800][36.874s][info][gc,heap        ] GC(878) Tenured: 37565K(43712K)->29025K(43712K)
[2026-06-17T09:56:28.245+0800][36.875s][info][gc,metaspace   ] GC(878) Metaspace: 152K(384K)->152K(384K) NonClass: 147K(256K)->147K(256K) Class: 4K(128K)->4K(128K)
[2026-06-17T09:56:28.246+0800][36.875s][info][gc             ] GC(878) Pause Full (Allocation Failure) 55M->28M(61M) 4.727ms
[2026-06-17T09:56:28.246+0800][36.875s][info][gc,cpu         ] GC(878) User=0.00s Sys=0.00s Real=0.01s
[2026-06-17T09:56:28.288+0800][36.917s][info][gc,start       ] GC(879) Pause Young (Allocation Failure)
[2026-06-17T09:56:28.289+0800][36.918s][info][gc,heap        ] GC(879) DefNew: 17468K(19648K)->2169K(19648K) Eden: 17468K(17472K)->0K(17472K) From: 0K(2176K)->2169K(2176K)
[2026-06-17T09:56:28.289+0800][36.918s][info][gc,heap        ] GC(879) Tenured: 29025K(43712K)->34021K(43712K)
[2026-06-17T09:56:28.289+0800][36.919s][info][gc,metaspace   ] GC(879) Metaspace: 152K(384K)->152K(384K) NonClass: 147K(256K)->147K(256K) Class: 4K(128K)->4K(128K)
[2026-06-17T09:56:28.290+0800][36.919s][info][gc             ] GC(879) Pause Young (Allocation Failure) 45M->35M(61M) 1.618ms
[2026-06-17T09:56:28.290+0800][36.919s][info][gc,cpu         ] GC(879) User=0.00s Sys=0.00s Real=0.00s
[2026-06-17T09:56:28.332+0800][36.961s][info][gc,start       ] GC(880) Pause Young (Allocation Failure)
[2026-06-17T09:56:28.333+0800][36.963s][info][gc,heap        ] GC(880) DefNew: 19641K(19648K)->2175K(19648K) Eden: 17472K(17472K)->0K(17472K) From: 2169K(2176K)->2175K(2176K)
[2026-06-17T09:56:28.334+0800][36.964s][info][gc,heap        ] GC(880) Tenured: 34021K(43712K)->38624K(43712K)
[2026-06-17T09:56:28.335+0800][36.964s][info][gc,metaspace   ] GC(880) Metaspace: 152K(384K)->152K(384K) NonClass: 147K(256K)->147K(256K) Class: 4K(128K)->4K(128K)
[2026-06-17T09:56:28.335+0800][36.964s][info][gc             ] GC(880) Pause Young (Allocation Failure) 52M->39M(61M) 3.192ms
[2026-06-17T09:56:28.336+0800][36.965s][info][gc,cpu         ] GC(880) User=0.00s Sys=0.00s Real=0.00s
[2026-06-17T09:56:28.379+0800][37.008s][info][gc,start       ] GC(881) Pause Young (Allocation Failure)
[2026-06-17T09:56:28.379+0800][37.009s][info][gc             ] GC(881) Pause Young (Allocation Failure) 56M->56M(61M) 0.921ms
[2026-06-17T09:56:28.380+0800][37.009s][info][gc,cpu         ] GC(881) User=0.00s Sys=0.00s Real=0.00s
[2026-06-17T09:56:28.380+0800][37.009s][info][gc,start       ] GC(882) Pause Full (Allocation Failure)
[2026-06-17T09:56:28.380+0800][37.009s][info][gc,phases,start] GC(882) Phase 1: Mark live objects
[2026-06-17T09:56:28.380+0800][37.010s][info][gc,phases      ] GC(882) Phase 1: Mark live objects 0.413ms
[2026-06-17T09:56:28.381+0800][37.010s][info][gc,phases,start] GC(882) Phase 2: Compute new object addresses
[2026-06-17T09:56:28.381+0800][37.010s][info][gc,phases      ] GC(882) Phase 2: Compute new object addresses 0.282ms
[2026-06-17T09:56:28.381+0800][37.010s][info][gc,phases,start] GC(882) Phase 3: Adjust pointers
[2026-06-17T09:56:28.381+0800][37.010s][info][gc,phases      ] GC(882) Phase 3: Adjust pointers 0.356ms
[2026-06-17T09:56:28.381+0800][37.011s][info][gc,phases,start] GC(882) Phase 4: Move objects
[2026-06-17T09:56:28.383+0800][37.012s][info][gc,phases      ] GC(882) Phase 4: Move objects 1.685ms
[2026-06-17T09:56:28.383+0800][37.012s][info][gc,heap        ] GC(882) DefNew: 19640K(19648K)->0K(19648K) Eden: 17465K(17472K)->0K(17472K) From: 2175K(2176K)->0K(2176K)
[2026-06-17T09:56:28.383+0800][37.013s][info][gc,heap        ] GC(882) Tenured: 38624K(43712K)->26151K(43712K)
[2026-06-17T09:56:28.384+0800][37.013s][info][gc,metaspace   ] GC(882) Metaspace: 152K(384K)->152K(384K) NonClass: 147K(256K)->147K(256K) Class: 4K(128K)->4K(128K)
[2026-06-17T09:56:28.384+0800][37.013s][info][gc             ] GC(882) Pause Full (Allocation Failure) 56M->25M(61M) 4.000ms
[2026-06-17T09:56:28.384+0800][37.013s][info][gc,cpu         ] GC(882) User=0.00s Sys=0.00s Real=0.01s
[2026-06-17T09:56:28.437+0800][37.066s][info][gc,start       ] GC(883) Pause Young (Allocation Failure)
[2026-06-17T09:56:28.438+0800][37.067s][info][gc,heap        ] GC(883) DefNew: 17437K(19648K)->2158K(19648K) Eden: 17437K(17472K)->0K(17472K) From: 0K(2176K)->2158K(2176K)
[2026-06-17T09:56:28.439+0800][37.068s][info][gc,heap        ] GC(883) Tenured: 26151K(43712K)->27408K(43712K)
[2026-06-17T09:56:28.439+0800][37.068s][info][gc,metaspace   ] GC(883) Metaspace: 152K(384K)->152K(384K) NonClass: 147K(256K)->147K(256K) Class: 4K(128K)->4K(128K)
[2026-06-17T09:56:28.439+0800][37.068s][info][gc             ] GC(883) Pause Young (Allocation Failure) 42M->28M(61M) 2.214ms
[2026-06-17T09:56:28.439+0800][37.068s][info][gc,cpu         ] GC(883) User=0.00s Sys=0.00s Real=0.00s
[2026-06-17T09:56:28.482+0800][37.111s][info][gc,start       ] GC(884) Pause Young (Allocation Failure)
[2026-06-17T09:56:28.483+0800][37.112s][info][gc,heap        ] GC(884) DefNew: 19630K(19648K)->2166K(19648K) Eden: 17472K(17472K)->0K(17472K) From: 2158K(2176K)->2166K(2176K)
[2026-06-17T09:56:28.483+0800][37.112s][info][gc,heap        ] GC(884) Tenured: 27408K(43712K)->31042K(43712K)
[2026-06-17T09:56:28.483+0800][37.112s][info][gc,metaspace   ] GC(884) Metaspace: 152K(384K)->152K(384K) NonClass: 147K(256K)->147K(256K) Class: 4K(128K)->4K(128K)
[2026-06-17T09:56:28.483+0800][37.112s][info][gc             ] GC(884) Pause Young (Allocation Failure) 45M->32M(61M) 1.703ms
[2026-06-17T09:56:28.483+0800][37.113s][info][gc,cpu         ] GC(884) User=0.00s Sys=0.00s Real=0.01s
[2026-06-17T09:56:28.526+0800][37.155s][info][gc,start       ] GC(885) Pause Young (Allocation Failure)
[2026-06-17T09:56:28.527+0800][37.156s][info][gc,heap        ] GC(885) DefNew: 19621K(19648K)->2172K(19648K) Eden: 17454K(17472K)->0K(17472K) From: 2166K(2176K)->2172K(2176K)
[2026-06-17T09:56:28.527+0800][37.156s][info][gc,heap        ] GC(885) Tenured: 31042K(43712K)->35328K(43712K)
[2026-06-17T09:56:28.527+0800][37.156s][info][gc,metaspace   ] GC(885) Metaspace: 152K(384K)->152K(384K) NonClass: 147K(256K)->147K(256K) Class: 4K(128K)->4K(128K)
[2026-06-17T09:56:28.527+0800][37.156s][info][gc             ] GC(885) Pause Young (Allocation Failure) 49M->36M(61M) 1.736ms
[2026-06-17T09:56:28.527+0800][37.157s][info][gc,cpu         ] GC(885) User=0.00s Sys=0.00s Real=0.00s
[2026-06-17T09:56:28.570+0800][37.199s][info][gc,start       ] GC(886) Pause Young (Allocation Failure)
[2026-06-17T09:56:28.573+0800][37.202s][info][gc,heap        ] GC(886) DefNew: 19620K(19648K)->2173K(19648K) Eden: 17447K(17472K)->0K(17472K) From: 2172K(2176K)->2173K(2176K)
[2026-06-17T09:56:28.605+0800][37.234s][info][gc,heap        ] GC(886) Tenured: 35328K(43712K)->40009K(43712K)
[2026-06-17T09:56:28.606+0800][37.235s][info][gc,metaspace   ] GC(886) Metaspace: 152K(384K)->152K(384K) NonClass: 147K(256K)->147K(256K) Class: 4K(128K)->4K(128K)
[2026-06-17T09:56:28.606+0800][37.235s][info][gc             ] GC(886) Pause Young (Allocation Failure) 53M->41M(61M) 36.546ms
[2026-06-17T09:56:28.607+0800][37.236s][info][gc,cpu         ] GC(886) User=0.00s Sys=0.00s Real=0.04s
[2026-06-17T09:56:28.649+0800][37.279s][info][gc,start       ] GC(887) Pause Young (Allocation Failure)
[2026-06-17T09:56:28.650+0800][37.279s][info][gc             ] GC(887) Pause Young (Allocation Failure) 58M->58M(61M) 0.507ms
[2026-06-17T09:56:28.650+0800][37.280s][info][gc,cpu         ] GC(887) User=0.00s Sys=0.00s Real=0.00s
[2026-06-17T09:56:28.651+0800][37.280s][info][gc,start       ] GC(888) Pause Full (Allocation Failure)
[2026-06-17T09:56:28.651+0800][37.280s][info][gc,phases,start] GC(888) Phase 1: Mark live objects
[2026-06-17T09:56:28.652+0800][37.281s][info][gc,phases      ] GC(888) Phase 1: Mark live objects 0.883ms
[2026-06-17T09:56:28.653+0800][37.282s][info][gc,phases,start] GC(888) Phase 2: Compute new object addresses
[2026-06-17T09:56:28.654+0800][37.283s][info][gc,phases      ] GC(888) Phase 2: Compute new object addresses 0.657ms
[2026-06-17T09:56:28.654+0800][37.283s][info][gc,phases,start] GC(888) Phase 3: Adjust pointers
[2026-06-17T09:56:28.655+0800][37.284s][info][gc,phases      ] GC(888) Phase 3: Adjust pointers 0.629ms
[2026-06-17T09:56:28.655+0800][37.284s][info][gc,phases,start] GC(888) Phase 4: Move objects
[2026-06-17T09:56:28.658+0800][37.287s][info][gc,phases      ] GC(888) Phase 4: Move objects 2.583ms
[2026-06-17T09:56:28.658+0800][37.287s][info][gc,heap        ] GC(888) DefNew: 19423K(19648K)->0K(19648K) Eden: 17249K(17472K)->0K(17472K) From: 2173K(2176K)->0K(2176K)
[2026-06-17T09:56:28.659+0800][37.288s][info][gc,heap        ] GC(888) Tenured: 40009K(43712K)->30823K(43712K)
[2026-06-17T09:56:28.659+0800][37.288s][info][gc,metaspace   ] GC(888) Metaspace: 152K(384K)->152K(384K) NonClass: 147K(256K)->147K(256K) Class: 4K(128K)->4K(128K)
[2026-06-17T09:56:28.660+0800][37.289s][info][gc             ] GC(888) Pause Full (Allocation Failure) 58M->30M(61M) 8.599ms
[2026-06-17T09:56:28.660+0800][37.289s][info][gc,cpu         ] GC(888) User=0.00s Sys=0.00s Real=0.00s
[2026-06-17T09:56:28.712+0800][37.342s][info][gc,start       ] GC(889) Pause Young (Allocation Failure)
[2026-06-17T09:56:28.714+0800][37.343s][info][gc,heap        ] GC(889) DefNew: 17416K(19648K)->2168K(19648K) Eden: 17416K(17472K)->0K(17472K) From: 0K(2176K)->2168K(2176K)
[2026-06-17T09:56:28.714+0800][37.343s][info][gc,heap        ] GC(889) Tenured: 30823K(43712K)->32359K(43712K)
[2026-06-17T09:56:28.715+0800][37.344s][info][gc,metaspace   ] GC(889) Metaspace: 152K(384K)->152K(384K) NonClass: 147K(256K)->147K(256K) Class: 4K(128K)->4K(128K)
[2026-06-17T09:56:28.715+0800][37.344s][info][gc             ] GC(889) Pause Young (Allocation Failure) 47M->33M(61M) 2.879ms
[2026-06-17T09:56:28.716+0800][37.345s][info][gc,cpu         ] GC(889) User=0.00s Sys=0.00s Real=0.00s
[2026-06-17T09:56:28.759+0800][37.388s][info][gc,start       ] GC(890) Pause Young (Allocation Failure)
[2026-06-17T09:56:28.762+0800][37.391s][info][gc,heap        ] GC(890) DefNew: 19636K(19648K)->2173K(19648K) Eden: 17467K(17472K)->0K(17472K) From: 2168K(2176K)->2173K(2176K)
[2026-06-17T09:56:28.763+0800][37.392s][info][gc,heap        ] GC(890) Tenured: 32359K(43712K)->36587K(43712K)
[2026-06-17T09:56:28.766+0800][37.395s][info][gc,metaspace   ] GC(890) Metaspace: 152K(384K)->152K(384K) NonClass: 147K(256K)->147K(256K) Class: 4K(128K)->4K(128K)
[2026-06-17T09:56:28.767+0800][37.396s][info][gc             ] GC(890) Pause Young (Allocation Failure) 50M->37M(61M) 7.883ms
[2026-06-17T09:56:28.768+0800][37.398s][info][gc,cpu         ] GC(890) User=0.01s Sys=0.00s Real=0.01s
[2026-06-17T09:56:28.815+0800][37.444s][info][gc,start       ] GC(891) Pause Young (Allocation Failure)
[2026-06-17T09:56:28.817+0800][37.446s][info][gc,heap        ] GC(891) DefNew: 19640K(19648K)->2147K(19648K) Eden: 17466K(17472K)->0K(17472K) From: 2173K(2176K)->2147K(2176K)
[2026-06-17T09:56:28.820+0800][37.449s][info][gc,heap        ] GC(891) Tenured: 36587K(43712K)->41120K(43712K)
[2026-06-17T09:56:28.822+0800][37.451s][info][gc,metaspace   ] GC(891) Metaspace: 152K(384K)->152K(384K) NonClass: 147K(256K)->147K(256K) Class: 4K(128K)->4K(128K)
[2026-06-17T09:56:28.824+0800][37.453s][info][gc             ] GC(891) Pause Young (Allocation Failure) 54M->42M(61M) 8.977ms
[2026-06-17T09:56:28.826+0800][37.455s][info][gc,cpu         ] GC(891) User=0.00s Sys=0.00s Real=0.01s
[2026-06-17T09:56:28.871+0800][37.501s][info][gc,start       ] GC(892) Pause Young (Allocation Failure)
[2026-06-17T09:56:28.872+0800][37.501s][info][gc             ] GC(892) Pause Young (Allocation Failure) 59M->59M(61M) 0.670ms
[2026-06-17T09:56:28.873+0800][37.502s][info][gc,cpu         ] GC(892) User=0.00s Sys=0.00s Real=0.00s
[2026-06-17T09:56:28.873+0800][37.502s][info][gc,start       ] GC(893) Pause Full (Allocation Failure)
[2026-06-17T09:56:28.874+0800][37.503s][info][gc,phases,start] GC(893) Phase 1: Mark live objects
[2026-06-17T09:56:28.875+0800][37.504s][info][gc,phases      ] GC(893) Phase 1: Mark live objects 1.243ms
[2026-06-17T09:56:28.876+0800][37.505s][info][gc,phases,start] GC(893) Phase 2: Compute new object addresses
[2026-06-17T09:56:28.877+0800][37.506s][info][gc,phases      ] GC(893) Phase 2: Compute new object addresses 1.195ms
[2026-06-17T09:56:28.877+0800][37.506s][info][gc,phases,start] GC(893) Phase 3: Adjust pointers
[2026-06-17T09:56:28.878+0800][37.507s][info][gc,phases      ] GC(893) Phase 3: Adjust pointers 0.921ms
[2026-06-17T09:56:28.879+0800][37.508s][info][gc,phases,start] GC(893) Phase 4: Move objects
[2026-06-17T09:56:28.882+0800][37.511s][info][gc,phases      ] GC(893) Phase 4: Move objects 3.692ms
[2026-06-17T09:56:28.883+0800][37.512s][info][gc,heap        ] GC(893) DefNew: 19579K(19648K)->0K(19648K) Eden: 17432K(17472K)->0K(17472K) From: 2147K(2176K)->0K(2176K)
[2026-06-17T09:56:28.883+0800][37.512s][info][gc,heap        ] GC(893) Tenured: 41120K(43712K)->30483K(43712K)
[2026-06-17T09:56:28.884+0800][37.513s][info][gc,metaspace   ] GC(893) Metaspace: 152K(384K)->152K(384K) NonClass: 147K(256K)->147K(256K) Class: 4K(128K)->4K(128K)
[2026-06-17T09:56:28.884+0800][37.513s][info][gc             ] GC(893) Pause Full (Allocation Failure) 59M->29M(61M) 10.712ms
[2026-06-17T09:56:28.885+0800][37.514s][info][gc,cpu         ] GC(893) User=0.00s Sys=0.00s Real=0.01s
[2026-06-17T09:56:28.928+0800][37.557s][info][gc,start       ] GC(894) Pause Young (Allocation Failure)
[2026-06-17T09:56:28.929+0800][37.558s][info][gc,heap        ] GC(894) DefNew: 17429K(19648K)->2130K(19648K) Eden: 17429K(17472K)->0K(17472K) From: 0K(2176K)->2130K(2176K)
[2026-06-17T09:56:28.930+0800][37.559s][info][gc,heap        ] GC(894) Tenured: 30483K(43712K)->31786K(43712K)
[2026-06-17T09:56:28.930+0800][37.559s][info][gc,metaspace   ] GC(894) Metaspace: 152K(384K)->152K(384K) NonClass: 147K(256K)->147K(256K) Class: 4K(128K)->4K(128K)
[2026-06-17T09:56:28.931+0800][37.560s][info][gc             ] GC(894) Pause Young (Allocation Failure) 46M->33M(61M) 3.079ms
[2026-06-17T09:56:28.931+0800][37.560s][info][gc,cpu         ] GC(894) User=0.00s Sys=0.00s Real=0.01s
[2026-06-17T09:56:28.974+0800][37.603s][info][gc,start       ] GC(895) Pause Young (Allocation Failure)
[2026-06-17T09:56:28.981+0800][37.610s][info][gc,heap        ] GC(895) DefNew: 19153K(19648K)->2158K(19648K) Eden: 17022K(17472K)->0K(17472K) From: 2130K(2176K)->2158K(2176K)
[2026-06-17T09:56:28.984+0800][37.613s][info][gc,heap        ] GC(895) Tenured: 31786K(43712K)->34535K(43712K)
[2026-06-17T09:56:28.988+0800][37.618s][info][gc,metaspace   ] GC(895) Metaspace: 152K(384K)->152K(384K) NonClass: 147K(256K)->147K(256K) Class: 4K(128K)->4K(128K)
[2026-06-17T09:56:28.991+0800][37.620s][info][gc             ] GC(895) Pause Young (Allocation Failure) 49M->35M(61M) 16.707ms
[2026-06-17T09:56:28.993+0800][37.622s][info][gc,cpu         ] GC(895) User=0.00s Sys=0.00s Real=0.02s
[2026-06-17T09:56:29.047+0800][37.676s][info][gc,start       ] GC(896) Pause Young (Allocation Failure)
[2026-06-17T09:56:29.048+0800][37.677s][info][gc,heap        ] GC(896) DefNew: 19605K(19648K)->2160K(19648K) Eden: 17447K(17472K)->0K(17472K) From: 2158K(2176K)->2160K(2176K)
[2026-06-17T09:56:29.048+0800][37.677s][info][gc,heap        ] GC(896) Tenured: 34535K(43712K)->38538K(43712K)
[2026-06-17T09:56:29.048+0800][37.677s][info][gc,metaspace   ] GC(896) Metaspace: 152K(384K)->152K(384K) NonClass: 147K(256K)->147K(256K) Class: 4K(128K)->4K(128K)
[2026-06-17T09:56:29.048+0800][37.677s][info][gc             ] GC(896) Pause Young (Allocation Failure) 52M->39M(61M) 1.638ms
[2026-06-17T09:56:29.048+0800][37.678s][info][gc,cpu         ] GC(896) User=0.00s Sys=0.00s Real=0.00s
[2026-06-17T09:56:29.081+0800][37.710s][info][gc,start       ] GC(897) Pause Young (Allocation Failure)
[2026-06-17T09:56:29.083+0800][37.712s][info][gc             ] GC(897) Pause Young (Allocation Failure) 56M->56M(61M) 2.609ms
[2026-06-17T09:56:29.087+0800][37.716s][info][gc,cpu         ] GC(897) User=0.00s Sys=0.00s Real=0.01s
[2026-06-17T09:56:29.091+0800][37.720s][info][gc,start       ] GC(898) Pause Full (Allocation Failure)
[2026-06-17T09:56:29.093+0800][37.722s][info][gc,phases,start] GC(898) Phase 1: Mark live objects
[2026-06-17T09:56:29.094+0800][37.723s][info][gc,phases      ] GC(898) Phase 1: Mark live objects 0.976ms
[2026-06-17T09:56:29.097+0800][37.726s][info][gc,phases,start] GC(898) Phase 2: Compute new object addresses
[2026-06-17T09:56:29.099+0800][37.728s][info][gc,phases      ] GC(898) Phase 2: Compute new object addresses 2.100ms
[2026-06-17T09:56:29.103+0800][37.732s][info][gc,phases,start] GC(898) Phase 3: Adjust pointers
[2026-06-17T09:56:29.108+0800][37.737s][info][gc,phases      ] GC(898) Phase 3: Adjust pointers 5.363ms
[2026-06-17T09:56:29.111+0800][37.740s][info][gc,phases,start] GC(898) Phase 4: Move objects
[2026-06-17T09:56:29.116+0800][37.745s][info][gc,phases      ] GC(898) Phase 4: Move objects 4.377ms
[2026-06-17T09:56:29.116+0800][37.746s][info][gc,heap        ] GC(898) DefNew: 19499K(19648K)->0K(19648K) Eden: 17338K(17472K)->0K(17472K) From: 2160K(2176K)->0K(2176K)
[2026-06-17T09:56:29.117+0800][37.746s][info][gc,heap        ] GC(898) Tenured: 38538K(43712K)->30970K(43712K)
[2026-06-17T09:56:29.117+0800][37.746s][info][gc,metaspace   ] GC(898) Metaspace: 152K(384K)->152K(384K) NonClass: 147K(256K)->147K(256K) Class: 4K(128K)->4K(128K)
[2026-06-17T09:56:29.118+0800][37.747s][info][gc             ] GC(898) Pause Full (Allocation Failure) 56M->30M(61M) 26.469ms
[2026-06-17T09:56:29.118+0800][37.747s][info][gc,cpu         ] GC(898) User=0.01s Sys=0.00s Real=0.02s
[2026-06-17T09:56:29.171+0800][37.800s][info][gc,start       ] GC(899) Pause Young (Allocation Failure)
[2026-06-17T09:56:29.172+0800][37.801s][info][gc,heap        ] GC(899) DefNew: 17431K(19648K)->2132K(19648K) Eden: 17431K(17472K)->0K(17472K) From: 0K(2176K)->2132K(2176K)
[2026-06-17T09:56:29.173+0800][37.802s][info][gc,heap        ] GC(899) Tenured: 30970K(43712K)->32398K(43712K)
[2026-06-17T09:56:29.173+0800][37.803s][info][gc,metaspace   ] GC(899) Metaspace: 152K(384K)->152K(384K) NonClass: 147K(256K)->147K(256K) Class: 4K(128K)->4K(128K)
[2026-06-17T09:56:29.174+0800][37.803s][info][gc             ] GC(899) Pause Young (Allocation Failure) 47M->33M(61M) 2.915ms
[2026-06-17T09:56:29.175+0800][37.804s][info][gc,cpu         ] GC(899) User=0.00s Sys=0.00s Real=0.00s
[2026-06-17T09:56:29.217+0800][37.847s][info][gc,start       ] GC(900) Pause Young (Allocation Failure)
[2026-06-17T09:56:29.219+0800][37.848s][info][gc,heap        ] GC(900) DefNew: 19592K(19648K)->2151K(19648K) Eden: 17460K(17472K)->0K(17472K) From: 2132K(2176K)->2151K(2176K)
[2026-06-17T09:56:29.220+0800][37.849s][info][gc,heap        ] GC(900) Tenured: 32398K(43712K)->35148K(43712K)
[2026-06-17T09:56:29.220+0800][37.850s][info][gc,metaspace   ] GC(900) Metaspace: 152K(384K)->152K(384K) NonClass: 147K(256K)->147K(256K) Class: 4K(128K)->4K(128K)
[2026-06-17T09:56:29.221+0800][37.850s][info][gc             ] GC(900) Pause Young (Allocation Failure) 50M->36M(61M) 3.810ms
[2026-06-17T09:56:29.222+0800][37.851s][info][gc,cpu         ] GC(900) User=0.00s Sys=0.00s Real=0.00s
[2026-06-17T09:56:29.265+0800][37.894s][info][gc,start       ] GC(901) Pause Young (Allocation Failure)
[2026-06-17T09:56:29.267+0800][37.897s][info][gc,heap        ] GC(901) DefNew: 19612K(19648K)->2096K(19648K) Eden: 17461K(17472K)->0K(17472K) From: 2151K(2176K)->2096K(2176K)
[2026-06-17T09:56:29.268+0800][37.898s][info][gc,heap        ] GC(901) Tenured: 35148K(43712K)->39018K(43712K)
[2026-06-17T09:56:29.269+0800][37.898s][info][gc,metaspace   ] GC(901) Metaspace: 152K(384K)->152K(384K) NonClass: 147K(256K)->147K(256K) Class: 4K(128K)->4K(128K)
[2026-06-17T09:56:29.270+0800][37.899s][info][gc             ] GC(901) Pause Young (Allocation Failure) 53M->40M(61M) 4.298ms
[2026-06-17T09:56:29.270+0800][37.899s][info][gc,cpu         ] GC(901) User=0.00s Sys=0.00s Real=0.00s
[2026-06-17T09:56:29.314+0800][37.943s][info][gc,start       ] GC(902) Pause Young (Allocation Failure)
[2026-06-17T09:56:29.315+0800][37.944s][info][gc             ] GC(902) Pause Young (Allocation Failure) 57M->57M(61M) 0.810ms
[2026-06-17T09:56:29.315+0800][37.944s][info][gc,cpu         ] GC(902) User=0.00s Sys=0.00s Real=0.00s
[2026-06-17T09:56:29.316+0800][37.945s][info][gc,start       ] GC(903) Pause Full (Allocation Failure)
[2026-06-17T09:56:29.316+0800][37.945s][info][gc,phases,start] GC(903) Phase 1: Mark live objects
[2026-06-17T09:56:29.317+0800][37.947s][info][gc,phases      ] GC(903) Phase 1: Mark live objects 1.452ms
[2026-06-17T09:56:29.318+0800][37.947s][info][gc,phases,start] GC(903) Phase 2: Compute new object addresses
[2026-06-17T09:56:29.319+0800][37.948s][info][gc,phases      ] GC(903) Phase 2: Compute new object addresses 0.850ms
[2026-06-17T09:56:29.319+0800][37.948s][info][gc,phases,start] GC(903) Phase 3: Adjust pointers
[2026-06-17T09:56:29.320+0800][37.949s][info][gc,phases      ] GC(903) Phase 3: Adjust pointers 0.777ms
[2026-06-17T09:56:29.321+0800][37.950s][info][gc,phases,start] GC(903) Phase 4: Move objects
[2026-06-17T09:56:29.323+0800][37.952s][info][gc,phases      ] GC(903) Phase 4: Move objects 2.482ms
[2026-06-17T09:56:29.324+0800][37.953s][info][gc,heap        ] GC(903) DefNew: 19519K(19648K)->0K(19648K) Eden: 17422K(17472K)->0K(17472K) From: 2096K(2176K)->0K(2176K)
[2026-06-17T09:56:29.324+0800][37.953s][info][gc,heap        ] GC(903) Tenured: 39018K(43712K)->24619K(43712K)
[2026-06-17T09:56:29.325+0800][37.954s][info][gc,metaspace   ] GC(903) Metaspace: 152K(384K)->152K(384K) NonClass: 147K(256K)->147K(256K) Class: 4K(128K)->4K(128K)
[2026-06-17T09:56:29.325+0800][37.954s][info][gc             ] GC(903) Pause Full (Allocation Failure) 57M->24M(61M) 9.403ms
[2026-06-17T09:56:29.326+0800][37.955s][info][gc,cpu         ] GC(903) User=0.01s Sys=0.00s Real=0.01s
[2026-06-17T09:56:29.368+0800][37.997s][info][gc,start       ] GC(904) Pause Young (Allocation Failure)
[2026-06-17T09:56:29.369+0800][37.999s][info][gc,heap        ] GC(904) DefNew: 17359K(19648K)->1983K(19648K) Eden: 17359K(17472K)->0K(17472K) From: 0K(2176K)->1983K(2176K)
[2026-06-17T09:56:29.371+0800][38.001s][info][gc,heap        ] GC(904) Tenured: 24619K(43712K)->26267K(43712K)
[2026-06-17T09:56:29.372+0800][38.001s][info][gc,metaspace   ] GC(904) Metaspace: 152K(384K)->152K(384K) NonClass: 147K(256K)->147K(256K) Class: 4K(128K)->4K(128K)
[2026-06-17T09:56:29.373+0800][38.002s][info][gc             ] GC(904) Pause Young (Allocation Failure) 40M->27M(61M) 5.471ms
[2026-06-17T09:56:29.375+0800][38.004s][info][gc,cpu         ] GC(904) User=0.00s Sys=0.00s Real=0.01s
[2026-06-17T09:56:29.427+0800][38.056s][info][gc,start       ] GC(905) Pause Young (Allocation Failure)
[2026-06-17T09:56:29.428+0800][38.058s][info][gc,heap        ] GC(905) DefNew: 19454K(19648K)->2134K(19648K) Eden: 17470K(17472K)->0K(17472K) From: 1983K(2176K)->2134K(2176K)
[2026-06-17T09:56:29.429+0800][38.058s][info][gc,heap        ] GC(905) Tenured: 26267K(43712K)->30052K(43712K)
[2026-06-17T09:56:29.429+0800][38.058s][info][gc,metaspace   ] GC(905) Metaspace: 152K(384K)->152K(384K) NonClass: 147K(256K)->147K(256K) Class: 4K(128K)->4K(128K)
[2026-06-17T09:56:29.429+0800][38.058s][info][gc             ] GC(905) Pause Young (Allocation Failure) 44M->31M(61M) 2.139ms
[2026-06-17T09:56:29.429+0800][38.059s][info][gc,cpu         ] GC(905) User=0.00s Sys=0.00s Real=0.00s
[2026-06-17T09:56:29.472+0800][38.101s][info][gc,start       ] GC(906) Pause Young (Allocation Failure)
[2026-06-17T09:56:29.473+0800][38.102s][info][gc,heap        ] GC(906) DefNew: 19596K(19648K)->2168K(19648K) Eden: 17461K(17472K)->0K(17472K) From: 2134K(2176K)->2168K(2176K)
[2026-06-17T09:56:29.473+0800][38.102s][info][gc,heap        ] GC(906) Tenured: 30052K(43712K)->33767K(43712K)
[2026-06-17T09:56:29.473+0800][38.102s][info][gc,metaspace   ] GC(906) Metaspace: 152K(384K)->152K(384K) NonClass: 147K(256K)->147K(256K) Class: 4K(128K)->4K(128K)
[2026-06-17T09:56:29.473+0800][38.102s][info][gc             ] GC(906) Pause Young (Allocation Failure) 48M->35M(61M) 1.586ms
[2026-06-17T09:56:29.473+0800][38.102s][info][gc,cpu         ] GC(906) User=0.00s Sys=0.00s Real=0.00s
[2026-06-17T09:56:29.515+0800][38.144s][info][gc,start       ] GC(907) Pause Young (Allocation Failure)
[2026-06-17T09:56:29.516+0800][38.146s][info][gc,heap        ] GC(907) DefNew: 19591K(19648K)->2157K(19648K) Eden: 17422K(17472K)->0K(17472K) From: 2168K(2176K)->2157K(2176K)
[2026-06-17T09:56:29.517+0800][38.146s][info][gc,heap        ] GC(907) Tenured: 33767K(43712K)->38211K(43712K)
[2026-06-17T09:56:29.517+0800][38.146s][info][gc,metaspace   ] GC(907) Metaspace: 152K(384K)->152K(384K) NonClass: 147K(256K)->147K(256K) Class: 4K(128K)->4K(128K)
[2026-06-17T09:56:29.517+0800][38.147s][info][gc             ] GC(907) Pause Young (Allocation Failure) 52M->39M(61M) 2.132ms
[2026-06-17T09:56:29.518+0800][38.147s][info][gc,cpu         ] GC(907) User=0.01s Sys=0.00s Real=0.00s
[2026-06-17T09:56:29.570+0800][38.199s][info][gc,start       ] GC(908) Pause Young (Allocation Failure)
[2026-06-17T09:56:29.570+0800][38.199s][info][gc             ] GC(908) Pause Young (Allocation Failure) 56M->56M(61M) 0.384ms
[2026-06-17T09:56:29.570+0800][38.200s][info][gc,cpu         ] GC(908) User=0.00s Sys=0.00s Real=0.01s
[2026-06-17T09:56:29.571+0800][38.200s][info][gc,start       ] GC(909) Pause Full (Allocation Failure)
[2026-06-17T09:56:29.571+0800][38.200s][info][gc,phases,start] GC(909) Phase 1: Mark live objects
[2026-06-17T09:56:29.572+0800][38.201s][info][gc,phases      ] GC(909) Phase 1: Mark live objects 0.480ms
[2026-06-17T09:56:29.572+0800][38.201s][info][gc,phases,start] GC(909) Phase 2: Compute new object addresses
[2026-06-17T09:56:29.572+0800][38.201s][info][gc,phases      ] GC(909) Phase 2: Compute new object addresses 0.353ms
[2026-06-17T09:56:29.572+0800][38.201s][info][gc,phases,start] GC(909) Phase 3: Adjust pointers
[2026-06-17T09:56:29.573+0800][38.202s][info][gc,phases      ] GC(909) Phase 3: Adjust pointers 0.313ms
[2026-06-17T09:56:29.573+0800][38.202s][info][gc,phases,start] GC(909) Phase 4: Move objects
[2026-06-17T09:56:29.575+0800][38.204s][info][gc,phases      ] GC(909) Phase 4: Move objects 1.700ms
[2026-06-17T09:56:29.575+0800][38.204s][info][gc,heap        ] GC(909) DefNew: 19596K(19648K)->0K(19648K) Eden: 17438K(17472K)->0K(17472K) From: 2157K(2176K)->0K(2176K)
[2026-06-17T09:56:29.575+0800][38.204s][info][gc,heap        ] GC(909) Tenured: 38211K(43712K)->26578K(43712K)
[2026-06-17T09:56:29.575+0800][38.204s][info][gc,metaspace   ] GC(909) Metaspace: 152K(384K)->152K(384K) NonClass: 147K(256K)->147K(256K) Class: 4K(128K)->4K(128K)
[2026-06-17T09:56:29.575+0800][38.204s][info][gc             ] GC(909) Pause Full (Allocation Failure) 56M->25M(61M) 4.365ms
[2026-06-17T09:56:29.575+0800][38.204s][info][gc,cpu         ] GC(909) User=0.00s Sys=0.00s Real=0.00s
[2026-06-17T09:56:29.617+0800][38.247s][info][gc,start       ] GC(910) Pause Young (Allocation Failure)
[2026-06-17T09:56:29.618+0800][38.248s][info][gc,heap        ] GC(910) DefNew: 17433K(19648K)->2175K(19648K) Eden: 17433K(17472K)->0K(17472K) From: 0K(2176K)->2175K(2176K)
[2026-06-17T09:56:29.619+0800][38.248s][info][gc,heap        ] GC(910) Tenured: 26578K(43712K)->31200K(43712K)
[2026-06-17T09:56:29.619+0800][38.248s][info][gc,metaspace   ] GC(910) Metaspace: 152K(384K)->152K(384K) NonClass: 147K(256K)->147K(256K) Class: 4K(128K)->4K(128K)
[2026-06-17T09:56:29.619+0800][38.248s][info][gc             ] GC(910) Pause Young (Allocation Failure) 42M->32M(61M) 1.640ms
[2026-06-17T09:56:29.619+0800][38.248s][info][gc,cpu         ] GC(910) User=0.00s Sys=0.00s Real=0.00s
[2026-06-17T09:56:29.661+0800][38.290s][info][gc,start       ] GC(911) Pause Young (Allocation Failure)
[2026-06-17T09:56:29.663+0800][38.292s][info][gc,heap        ] GC(911) DefNew: 19614K(19648K)->2168K(19648K) Eden: 17438K(17472K)->0K(17472K) From: 2175K(2176K)->2168K(2176K)
[2026-06-17T09:56:29.663+0800][38.292s][info][gc,heap        ] GC(911) Tenured: 31200K(43712K)->37892K(43712K)
[2026-06-17T09:56:29.663+0800][38.292s][info][gc,metaspace   ] GC(911) Metaspace: 152K(384K)->152K(384K) NonClass: 147K(256K)->147K(256K) Class: 4K(128K)->4K(128K)
[2026-06-17T09:56:29.663+0800][38.292s][info][gc             ] GC(911) Pause Young (Allocation Failure) 49M->39M(61M) 2.100ms
[2026-06-17T09:56:29.663+0800][38.292s][info][gc,cpu         ] GC(911) User=0.00s Sys=0.00s Real=0.01s
[2026-06-17T09:56:29.706+0800][38.335s][info][gc,start       ] GC(912) Pause Young (Allocation Failure)
[2026-06-17T09:56:29.706+0800][38.335s][info][gc             ] GC(912) Pause Young (Allocation Failure) 56M->56M(61M) 0.394ms
[2026-06-17T09:56:29.706+0800][38.335s][info][gc,cpu         ] GC(912) User=0.00s Sys=0.00s Real=0.00s
[2026-06-17T09:56:29.706+0800][38.336s][info][gc,start       ] GC(913) Pause Full (Allocation Failure)
[2026-06-17T09:56:29.707+0800][38.336s][info][gc,phases,start] GC(913) Phase 1: Mark live objects
[2026-06-17T09:56:29.707+0800][38.336s][info][gc,phases      ] GC(913) Phase 1: Mark live objects 0.622ms
[2026-06-17T09:56:29.708+0800][38.337s][info][gc,phases,start] GC(913) Phase 2: Compute new object addresses
[2026-06-17T09:56:29.708+0800][38.337s][info][gc,phases      ] GC(913) Phase 2: Compute new object addresses 0.394ms
[2026-06-17T09:56:29.708+0800][38.337s][info][gc,phases,start] GC(913) Phase 3: Adjust pointers
[2026-06-17T09:56:29.708+0800][38.338s][info][gc,phases      ] GC(913) Phase 3: Adjust pointers 0.379ms
[2026-06-17T09:56:29.709+0800][38.338s][info][gc,phases,start] GC(913) Phase 4: Move objects
[2026-06-17T09:56:29.710+0800][38.340s][info][gc,phases      ] GC(913) Phase 4: Move objects 1.813ms
[2026-06-17T09:56:29.711+0800][38.340s][info][gc,heap        ] GC(913) DefNew: 19610K(19648K)->0K(19648K) Eden: 17441K(17472K)->0K(17472K) From: 2168K(2176K)->0K(2176K)
[2026-06-17T09:56:29.711+0800][38.340s][info][gc,heap        ] GC(913) Tenured: 37892K(43712K)->29407K(43712K)
[2026-06-17T09:56:29.711+0800][38.340s][info][gc,metaspace   ] GC(913) Metaspace: 152K(384K)->152K(384K) NonClass: 147K(256K)->147K(256K) Class: 4K(128K)->4K(128K)
[2026-06-17T09:56:29.711+0800][38.340s][info][gc             ] GC(913) Pause Full (Allocation Failure) 56M->28M(61M) 4.641ms
[2026-06-17T09:56:29.711+0800][38.340s][info][gc,cpu         ] GC(913) User=0.01s Sys=0.00s Real=0.01s
[2026-06-17T09:56:29.754+0800][38.383s][info][gc,start       ] GC(914) Pause Young (Allocation Failure)
[2026-06-17T09:56:29.755+0800][38.384s][info][gc,heap        ] GC(914) DefNew: 17460K(19648K)->2171K(19648K) Eden: 17460K(17472K)->0K(17472K) From: 0K(2176K)->2171K(2176K)
[2026-06-17T09:56:29.755+0800][38.385s][info][gc,heap        ] GC(914) Tenured: 29407K(43712K)->33735K(43712K)
[2026-06-17T09:56:29.756+0800][38.385s][info][gc,metaspace   ] GC(914) Metaspace: 152K(384K)->152K(384K) NonClass: 147K(256K)->147K(256K) Class: 4K(128K)->4K(128K)
[2026-06-17T09:56:29.756+0800][38.385s][info][gc             ] GC(914) Pause Young (Allocation Failure) 45M->35M(61M) 2.150ms
[2026-06-17T09:56:29.756+0800][38.385s][info][gc,cpu         ] GC(914) User=0.00s Sys=0.00s Real=0.00s
[2026-06-17T09:56:29.808+0800][38.438s][info][gc,start       ] GC(915) Pause Young (Allocation Failure)
[2026-06-17T09:56:29.809+0800][38.439s][info][gc,heap        ] GC(915) DefNew: 19643K(19648K)->2079K(19648K) Eden: 17471K(17472K)->0K(17472K) From: 2171K(2176K)->2079K(2176K)
[2026-06-17T09:56:29.810+0800][38.439s][info][gc,heap        ] GC(915) Tenured: 33735K(43712K)->35217K(43712K)
[2026-06-17T09:56:29.810+0800][38.439s][info][gc,metaspace   ] GC(915) Metaspace: 152K(384K)->152K(384K) NonClass: 147K(256K)->147K(256K) Class: 4K(128K)->4K(128K)
[2026-06-17T09:56:29.810+0800][38.439s][info][gc             ] GC(915) Pause Young (Allocation Failure) 52M->36M(61M) 1.793ms
[2026-06-17T09:56:29.810+0800][38.439s][info][gc,cpu         ] GC(915) User=0.00s Sys=0.00s Real=0.00s
[2026-06-17T09:56:29.843+0800][38.472s][info][gc,start       ] GC(916) Pause Young (Allocation Failure)
[2026-06-17T09:56:29.844+0800][38.473s][info][gc,heap        ] GC(916) DefNew: 19549K(19648K)->2152K(19648K) Eden: 17469K(17472K)->0K(17472K) From: 2079K(2176K)->2152K(2176K)
[2026-06-17T09:56:29.844+0800][38.473s][info][gc,heap        ] GC(916) Tenured: 35217K(43712K)->38193K(43712K)
[2026-06-17T09:56:29.845+0800][38.474s][info][gc,metaspace   ] GC(916) Metaspace: 152K(384K)->152K(384K) NonClass: 147K(256K)->147K(256K) Class: 4K(128K)->4K(128K)
[2026-06-17T09:56:29.845+0800][38.474s][info][gc             ] GC(916) Pause Young (Allocation Failure) 53M->39M(61M) 2.088ms
[2026-06-17T09:56:29.845+0800][38.474s][info][gc,cpu         ] GC(916) User=0.01s Sys=0.00s Real=0.00s
[2026-06-17T09:56:29.898+0800][38.527s][info][gc,start       ] GC(917) Pause Young (Allocation Failure)
[2026-06-17T09:56:29.898+0800][38.528s][info][gc             ] GC(917) Pause Young (Allocation Failure) 56M->56M(61M) 0.578ms
[2026-06-17T09:56:29.899+0800][38.528s][info][gc,cpu         ] GC(917) User=0.00s Sys=0.00s Real=0.00s
[2026-06-17T09:56:29.899+0800][38.528s][info][gc,start       ] GC(918) Pause Full (Allocation Failure)
[2026-06-17T09:56:29.899+0800][38.528s][info][gc,phases,start] GC(918) Phase 1: Mark live objects
[2026-06-17T09:56:29.900+0800][38.529s][info][gc,phases      ] GC(918) Phase 1: Mark live objects 0.776ms
[2026-06-17T09:56:29.900+0800][38.529s][info][gc,phases,start] GC(918) Phase 2: Compute new object addresses
[2026-06-17T09:56:29.901+0800][38.530s][info][gc,phases      ] GC(918) Phase 2: Compute new object addresses 0.566ms
[2026-06-17T09:56:29.901+0800][38.530s][info][gc,phases,start] GC(918) Phase 3: Adjust pointers
[2026-06-17T09:56:29.902+0800][38.531s][info][gc,phases      ] GC(918) Phase 3: Adjust pointers 0.628ms
[2026-06-17T09:56:29.902+0800][38.531s][info][gc,phases,start] GC(918) Phase 4: Move objects
[2026-06-17T09:56:29.904+0800][38.533s][info][gc,phases      ] GC(918) Phase 4: Move objects 2.414ms
[2026-06-17T09:56:29.905+0800][38.534s][info][gc,heap        ] GC(918) DefNew: 19624K(19648K)->0K(19648K) Eden: 17472K(17472K)->0K(17472K) From: 2152K(2176K)->0K(2176K)
[2026-06-17T09:56:29.905+0800][38.534s][info][gc,heap        ] GC(918) Tenured: 38193K(43712K)->22097K(43712K)
[2026-06-17T09:56:29.905+0800][38.535s][info][gc,metaspace   ] GC(918) Metaspace: 152K(384K)->152K(384K) NonClass: 147K(256K)->147K(256K) Class: 4K(128K)->4K(128K)
[2026-06-17T09:56:29.906+0800][38.535s][info][gc             ] GC(918) Pause Full (Allocation Failure) 56M->21M(61M) 6.569ms
[2026-06-17T09:56:29.906+0800][38.535s][info][gc,cpu         ] GC(918) User=0.00s Sys=0.00s Real=0.01s
[2026-06-17T09:56:29.948+0800][38.578s][info][gc,start       ] GC(919) Pause Young (Allocation Failure)
[2026-06-17T09:56:29.951+0800][38.580s][info][gc,heap        ] GC(919) DefNew: 17472K(19648K)->2174K(19648K) Eden: 17472K(17472K)->0K(17472K) From: 0K(2176K)->2174K(2176K)
[2026-06-17T09:56:29.951+0800][38.581s][info][gc,heap        ] GC(919) Tenured: 22097K(43712K)->27499K(43712K)
[2026-06-17T09:56:29.952+0800][38.581s][info][gc,metaspace   ] GC(919) Metaspace: 152K(384K)->152K(384K) NonClass: 147K(256K)->147K(256K) Class: 4K(128K)->4K(128K)
[2026-06-17T09:56:29.952+0800][38.581s][info][gc             ] GC(919) Pause Young (Allocation Failure) 38M->28M(61M) 3.656ms
[2026-06-17T09:56:29.952+0800][38.581s][info][gc,cpu         ] GC(919) User=0.01s Sys=0.00s Real=0.01s
[2026-06-17T09:56:29.996+0800][38.625s][info][gc,start       ] GC(920) Pause Young (Allocation Failure)
[2026-06-17T09:56:29.999+0800][38.628s][info][gc,heap        ] GC(920) DefNew: 19646K(19648K)->2172K(19648K) Eden: 17472K(17472K)->0K(17472K) From: 2174K(2176K)->2172K(2176K)
[2026-06-17T09:56:30.000+0800][38.629s][info][gc,heap        ] GC(920) Tenured: 27499K(43712K)->33755K(43712K)
[2026-06-17T09:56:30.001+0800][38.630s][info][gc,metaspace   ] GC(920) Metaspace: 152K(384K)->152K(384K) NonClass: 147K(256K)->147K(256K) Class: 4K(128K)->4K(128K)
[2026-06-17T09:56:30.001+0800][38.630s][info][gc             ] GC(920) Pause Young (Allocation Failure) 46M->35M(61M) 5.264ms
[2026-06-17T09:56:30.002+0800][38.631s][info][gc,cpu         ] GC(920) User=0.00s Sys=0.00s Real=0.00s
[2026-06-17T09:56:30.046+0800][38.675s][info][gc,start       ] GC(921) Pause Young (Allocation Failure)
[2026-06-17T09:56:30.049+0800][38.678s][info][gc,heap        ] GC(921) DefNew: 19644K(19648K)->2167K(19648K) Eden: 17472K(17472K)->0K(17472K) From: 2172K(2176K)->2167K(2176K)
[2026-06-17T09:56:30.050+0800][38.679s][info][gc,heap        ] GC(921) Tenured: 33755K(43712K)->37046K(43712K)
[2026-06-17T09:56:30.051+0800][38.680s][info][gc,metaspace   ] GC(921) Metaspace: 152K(384K)->152K(384K) NonClass: 147K(256K)->147K(256K) Class: 4K(128K)->4K(128K)
[2026-06-17T09:56:30.052+0800][38.681s][info][gc             ] GC(921) Pause Young (Allocation Failure) 52M->38M(61M) 5.550ms
[2026-06-17T09:56:30.052+0800][38.681s][info][gc,cpu         ] GC(921) User=0.01s Sys=0.00s Real=0.01s
[2026-06-17T09:56:30.096+0800][38.725s][info][gc,start       ] GC(922) Pause Young (Allocation Failure)
[2026-06-17T09:56:30.103+0800][38.732s][info][gc             ] GC(922) Pause Young (Allocation Failure) 55M->55M(61M) 6.760ms
[2026-06-17T09:56:30.105+0800][38.734s][info][gc,cpu         ] GC(922) User=0.00s Sys=0.00s Real=0.01s
[2026-06-17T09:56:30.106+0800][38.735s][info][gc,start       ] GC(923) Pause Full (Allocation Failure)
[2026-06-17T09:56:30.106+0800][38.735s][info][gc,phases,start] GC(923) Phase 1: Mark live objects
[2026-06-17T09:56:30.107+0800][38.736s][info][gc,phases      ] GC(923) Phase 1: Mark live objects 1.124ms
[2026-06-17T09:56:30.108+0800][38.737s][info][gc,phases,start] GC(923) Phase 2: Compute new object addresses
[2026-06-17T09:56:30.108+0800][38.738s][info][gc,phases      ] GC(923) Phase 2: Compute new object addresses 0.704ms
[2026-06-17T09:56:30.109+0800][38.738s][info][gc,phases,start] GC(923) Phase 3: Adjust pointers
[2026-06-17T09:56:30.110+0800][38.739s][info][gc,phases      ] GC(923) Phase 3: Adjust pointers 0.769ms
[2026-06-17T09:56:30.110+0800][38.739s][info][gc,phases,start] GC(923) Phase 4: Move objects
[2026-06-17T09:56:30.112+0800][38.741s][info][gc,phases      ] GC(923) Phase 4: Move objects 2.326ms
[2026-06-17T09:56:30.113+0800][38.742s][info][gc,heap        ] GC(923) DefNew: 19298K(19648K)->0K(19648K) Eden: 17131K(17472K)->0K(17472K) From: 2167K(2176K)->0K(2176K)
[2026-06-17T09:56:30.113+0800][38.742s][info][gc,heap        ] GC(923) Tenured: 37046K(43712K)->23301K(43712K)
[2026-06-17T09:56:30.114+0800][38.743s][info][gc,metaspace   ] GC(923) Metaspace: 152K(384K)->152K(384K) NonClass: 147K(256K)->147K(256K) Class: 4K(128K)->4K(128K)
[2026-06-17T09:56:30.114+0800][38.743s][info][gc             ] GC(923) Pause Full (Allocation Failure) 55M->22M(61M) 8.144ms
[2026-06-17T09:56:30.114+0800][38.743s][info][gc,cpu         ] GC(923) User=0.00s Sys=0.00s Real=0.01s
[2026-06-17T09:56:30.167+0800][38.796s][info][gc,start       ] GC(924) Pause Young (Allocation Failure)
[2026-06-17T09:56:30.168+0800][38.798s][info][gc,heap        ] GC(924) DefNew: 17464K(19648K)->2161K(19648K) Eden: 17464K(17472K)->0K(17472K) From: 0K(2176K)->2161K(2176K)
[2026-06-17T09:56:30.169+0800][38.798s][info][gc,heap        ] GC(924) Tenured: 23301K(43712K)->25169K(43712K)
[2026-06-17T09:56:30.170+0800][38.799s][info][gc,metaspace   ] GC(924) Metaspace: 152K(384K)->152K(384K) NonClass: 147K(256K)->147K(256K) Class: 4K(128K)->4K(128K)
[2026-06-17T09:56:30.170+0800][38.799s][info][gc             ] GC(924) Pause Young (Allocation Failure) 39M->26M(61M) 3.012ms
[2026-06-17T09:56:30.171+0800][38.800s][info][gc,cpu         ] GC(924) User=0.00s Sys=0.00s Real=0.01s
[2026-06-17T09:56:30.214+0800][38.843s][info][gc,start       ] GC(925) Pause Young (Allocation Failure)
[2026-06-17T09:56:30.216+0800][38.845s][info][gc,heap        ] GC(925) DefNew: 19597K(19648K)->2168K(19648K) Eden: 17435K(17472K)->0K(17472K) From: 2161K(2176K)->2168K(2176K)
[2026-06-17T09:56:30.217+0800][38.846s][info][gc,heap        ] GC(925) Tenured: 25169K(43712K)->28836K(43712K)
[2026-06-17T09:56:30.218+0800][38.847s][info][gc,metaspace   ] GC(925) Metaspace: 153K(384K)->153K(384K) NonClass: 148K(256K)->148K(256K) Class: 4K(128K)->4K(128K)
[2026-06-17T09:56:30.218+0800][38.847s][info][gc             ] GC(925) Pause Young (Allocation Failure) 43M->30M(61M) 3.977ms
[2026-06-17T09:56:30.219+0800][38.848s][info][gc,cpu         ] GC(925) User=0.00s Sys=0.00s Real=0.00s
[2026-06-17T09:56:30.262+0800][38.891s][info][gc,start       ] GC(926) Pause Young (Allocation Failure)
[2026-06-17T09:56:30.264+0800][38.893s][info][gc,heap        ] GC(926) DefNew: 19606K(19648K)->2172K(19648K) Eden: 17437K(17472K)->0K(17472K) From: 2168K(2176K)->2172K(2176K)
[2026-06-17T09:56:30.265+0800][38.894s][info][gc,heap        ] GC(926) Tenured: 28836K(43712K)->32603K(43712K)
[2026-06-17T09:56:30.266+0800][38.895s][info][gc,metaspace   ] GC(926) Metaspace: 153K(384K)->153K(384K) NonClass: 148K(256K)->148K(256K) Class: 4K(128K)->4K(128K)
[2026-06-17T09:56:30.266+0800][38.895s][info][gc             ] GC(926) Pause Young (Allocation Failure) 47M->33M(61M) 4.137ms
[2026-06-17T09:56:30.267+0800][38.896s][info][gc,cpu         ] GC(926) User=0.00s Sys=0.00s Real=0.01s
[2026-06-17T09:56:30.311+0800][38.940s][info][gc,start       ] GC(927) Pause Young (Allocation Failure)
[2026-06-17T09:56:30.313+0800][38.942s][info][gc,heap        ] GC(927) DefNew: 19644K(19648K)->2025K(19648K) Eden: 17472K(17472K)->0K(17472K) From: 2172K(2176K)->2025K(2176K)
[2026-06-17T09:56:30.314+0800][38.943s][info][gc,heap        ] GC(927) Tenured: 32603K(43712K)->36112K(43712K)
[2026-06-17T09:56:30.315+0800][38.944s][info][gc,metaspace   ] GC(927) Metaspace: 153K(384K)->153K(384K) NonClass: 148K(256K)->148K(256K) Class: 4K(128K)->4K(128K)
[2026-06-17T09:56:30.315+0800][38.945s][info][gc             ] GC(927) Pause Young (Allocation Failure) 51M->37M(61M) 4.717ms
[2026-06-17T09:56:30.317+0800][38.946s][info][gc,cpu         ] GC(927) User=0.00s Sys=0.00s Real=0.00s
[2026-06-17T09:56:30.360+0800][38.989s][info][gc,start       ] GC(928) Pause Young (Allocation Failure)
[2026-06-17T09:56:30.362+0800][38.991s][info][gc,heap        ] GC(928) DefNew: 19476K(19648K)->2172K(19648K) Eden: 17451K(17472K)->0K(17472K) From: 2025K(2176K)->2172K(2176K)
[2026-06-17T09:56:30.363+0800][38.992s][info][gc,heap        ] GC(928) Tenured: 36112K(43712K)->38716K(43712K)
[2026-06-17T09:56:30.363+0800][38.992s][info][gc,metaspace   ] GC(928) Metaspace: 153K(384K)->153K(384K) NonClass: 148K(256K)->148K(256K) Class: 4K(128K)->4K(128K)
[2026-06-17T09:56:30.364+0800][38.993s][info][gc             ] GC(928) Pause Young (Allocation Failure) 54M->39M(61M) 3.640ms
[2026-06-17T09:56:30.364+0800][38.994s][info][gc,cpu         ] GC(928) User=0.00s Sys=0.00s Real=0.01s
[2026-06-17T09:56:30.408+0800][39.037s][info][gc,start       ] GC(929) Pause Young (Allocation Failure)
[2026-06-17T09:56:30.408+0800][39.037s][info][gc             ] GC(929) Pause Young (Allocation Failure) 56M->56M(61M) 0.586ms
[2026-06-17T09:56:30.409+0800][39.038s][info][gc,cpu         ] GC(929) User=0.00s Sys=0.00s Real=0.00s
[2026-06-17T09:56:30.409+0800][39.038s][info][gc,start       ] GC(930) Pause Full (Allocation Failure)
[2026-06-17T09:56:30.409+0800][39.039s][info][gc,phases,start] GC(930) Phase 1: Mark live objects
[2026-06-17T09:56:30.410+0800][39.039s][info][gc,phases      ] GC(930) Phase 1: Mark live objects 0.595ms
[2026-06-17T09:56:30.410+0800][39.039s][info][gc,phases,start] GC(930) Phase 2: Compute new object addresses
[2026-06-17T09:56:30.411+0800][39.040s][info][gc,phases      ] GC(930) Phase 2: Compute new object addresses 0.502ms
[2026-06-17T09:56:30.411+0800][39.040s][info][gc,phases,start] GC(930) Phase 3: Adjust pointers
[2026-06-17T09:56:30.412+0800][39.041s][info][gc,phases      ] GC(930) Phase 3: Adjust pointers 0.655ms
[2026-06-17T09:56:30.412+0800][39.041s][info][gc,phases,start] GC(930) Phase 4: Move objects
[2026-06-17T09:56:30.415+0800][39.044s][info][gc,phases      ] GC(930) Phase 4: Move objects 2.286ms
[2026-06-17T09:56:30.415+0800][39.044s][info][gc,heap        ] GC(930) DefNew: 19605K(19648K)->0K(19648K) Eden: 17432K(17472K)->0K(17472K) From: 2172K(2176K)->0K(2176K)
[2026-06-17T09:56:30.415+0800][39.045s][info][gc,heap        ] GC(930) Tenured: 38716K(43712K)->25439K(43712K)
[2026-06-17T09:56:30.416+0800][39.045s][info][gc,metaspace   ] GC(930) Metaspace: 153K(384K)->153K(384K) NonClass: 148K(256K)->148K(256K) Class: 4K(128K)->4K(128K)
[2026-06-17T09:56:30.416+0800][39.045s][info][gc             ] GC(930) Pause Full (Allocation Failure) 56M->24M(61M) 7.139ms
[2026-06-17T09:56:30.417+0800][39.046s][info][gc,cpu         ] GC(930) User=0.00s Sys=0.00s Real=0.01s
[2026-06-17T09:56:30.459+0800][39.088s][info][gc,start       ] GC(931) Pause Young (Allocation Failure)
[2026-06-17T09:56:30.460+0800][39.089s][info][gc,heap        ] GC(931) DefNew: 17472K(19648K)->2170K(19648K) Eden: 17472K(17472K)->0K(17472K) From: 0K(2176K)->2170K(2176K)
[2026-06-17T09:56:30.460+0800][39.090s][info][gc,heap        ] GC(931) Tenured: 25439K(43712K)->30316K(43712K)
[2026-06-17T09:56:30.461+0800][39.090s][info][gc,metaspace   ] GC(931) Metaspace: 153K(384K)->153K(384K) NonClass: 148K(256K)->148K(256K) Class: 4K(128K)->4K(128K)
[2026-06-17T09:56:30.461+0800][39.090s][info][gc             ] GC(931) Pause Young (Allocation Failure) 41M->31M(61M) 1.811ms
[2026-06-17T09:56:30.461+0800][39.090s][info][gc,cpu         ] GC(931) User=0.00s Sys=0.00s Real=0.00s
[2026-06-17T09:56:30.503+0800][39.132s][info][gc,start       ] GC(932) Pause Young (Allocation Failure)
[2026-06-17T09:56:30.504+0800][39.134s][info][gc,heap        ] GC(932) DefNew: 19600K(19648K)->2169K(19648K) Eden: 17430K(17472K)->0K(17472K) From: 2170K(2176K)->2169K(2176K)
[2026-06-17T09:56:30.505+0800][39.134s][info][gc,heap        ] GC(932) Tenured: 30316K(43712K)->35211K(43712K)
[2026-06-17T09:56:30.505+0800][39.134s][info][gc,metaspace   ] GC(932) Metaspace: 153K(384K)->153K(384K) NonClass: 148K(256K)->148K(256K) Class: 4K(128K)->4K(128K)
[2026-06-17T09:56:30.505+0800][39.134s][info][gc             ] GC(932) Pause Young (Allocation Failure) 48M->36M(61M) 1.831ms
[2026-06-17T09:56:30.505+0800][39.134s][info][gc,cpu         ] GC(932) User=0.00s Sys=0.00s Real=0.00s
[2026-06-17T09:56:30.547+0800][39.176s][info][gc,start       ] GC(933) Pause Young (Allocation Failure)
[2026-06-17T09:56:30.549+0800][39.178s][info][gc,heap        ] GC(933) DefNew: 19621K(19648K)->2168K(19648K) Eden: 17452K(17472K)->0K(17472K) From: 2169K(2176K)->2168K(2176K)
[2026-06-17T09:56:30.550+0800][39.179s][info][gc,heap        ] GC(933) Tenured: 35211K(43712K)->39819K(43712K)
[2026-06-17T09:56:30.550+0800][39.179s][info][gc,metaspace   ] GC(933) Metaspace: 153K(384K)->153K(384K) NonClass: 148K(256K)->148K(256K) Class: 4K(128K)->4K(128K)
[2026-06-17T09:56:30.550+0800][39.179s][info][gc             ] GC(933) Pause Young (Allocation Failure) 53M->41M(61M) 2.876ms
[2026-06-17T09:56:30.550+0800][39.179s][info][gc,cpu         ] GC(933) User=0.00s Sys=0.00s Real=0.00s
[2026-06-17T09:56:30.603+0800][39.232s][info][gc,start       ] GC(934) Pause Young (Allocation Failure)
[2026-06-17T09:56:30.603+0800][39.232s][info][gc             ] GC(934) Pause Young (Allocation Failure) 58M->58M(61M) 0.277ms
[2026-06-17T09:56:30.603+0800][39.232s][info][gc,cpu         ] GC(934) User=0.00s Sys=0.00s Real=0.00s
[2026-06-17T09:56:30.603+0800][39.232s][info][gc,start       ] GC(935) Pause Full (Allocation Failure)
[2026-06-17T09:56:30.603+0800][39.233s][info][gc,phases,start] GC(935) Phase 1: Mark live objects
[2026-06-17T09:56:30.604+0800][39.233s][info][gc,phases      ] GC(935) Phase 1: Mark live objects 0.409ms
[2026-06-17T09:56:30.604+0800][39.233s][info][gc,phases,start] GC(935) Phase 2: Compute new object addresses
[2026-06-17T09:56:30.604+0800][39.233s][info][gc,phases      ] GC(935) Phase 2: Compute new object addresses 0.367ms
[2026-06-17T09:56:30.604+0800][39.234s][info][gc,phases,start] GC(935) Phase 3: Adjust pointers
[2026-06-17T09:56:30.605+0800][39.234s][info][gc,phases      ] GC(935) Phase 3: Adjust pointers 0.292ms
[2026-06-17T09:56:30.605+0800][39.234s][info][gc,phases,start] GC(935) Phase 4: Move objects
[2026-06-17T09:56:30.606+0800][39.236s][info][gc,phases      ] GC(935) Phase 4: Move objects 1.542ms
[2026-06-17T09:56:30.607+0800][39.236s][info][gc,heap        ] GC(935) DefNew: 19617K(19648K)->0K(19648K) Eden: 17448K(17472K)->0K(17472K) From: 2168K(2176K)->0K(2176K)
[2026-06-17T09:56:30.607+0800][39.236s][info][gc,heap        ] GC(935) Tenured: 39819K(43712K)->26777K(43712K)
[2026-06-17T09:56:30.607+0800][39.236s][info][gc,metaspace   ] GC(935) Metaspace: 153K(384K)->153K(384K) NonClass: 148K(256K)->148K(256K) Class: 4K(128K)->4K(128K)
[2026-06-17T09:56:30.607+0800][39.236s][info][gc             ] GC(935) Pause Full (Allocation Failure) 58M->26M(61M) 3.621ms
[2026-06-17T09:56:30.607+0800][39.236s][info][gc,cpu         ] GC(935) User=0.01s Sys=0.00s Real=0.00s
[2026-06-17T09:56:30.639+0800][39.268s][info][gc,start       ] GC(936) Pause Young (Allocation Failure)
[2026-06-17T09:56:30.640+0800][39.269s][info][gc,heap        ] GC(936) DefNew: 17422K(19648K)->2151K(19648K) Eden: 17422K(17472K)->0K(17472K) From: 0K(2176K)->2151K(2176K)
[2026-06-17T09:56:30.640+0800][39.269s][info][gc,heap        ] GC(936) Tenured: 26777K(43712K)->31265K(43712K)
[2026-06-17T09:56:30.640+0800][39.270s][info][gc,metaspace   ] GC(936) Metaspace: 153K(384K)->153K(384K) NonClass: 148K(256K)->148K(256K) Class: 4K(128K)->4K(128K)
[2026-06-17T09:56:30.641+0800][39.270s][info][gc             ] GC(936) Pause Young (Allocation Failure) 43M->32M(61M) 1.617ms
[2026-06-17T09:56:30.641+0800][39.270s][info][gc,cpu         ] GC(936) User=0.00s Sys=0.00s Real=0.00s
[2026-06-17T09:56:30.693+0800][39.322s][info][gc,start       ] GC(937) Pause Young (Allocation Failure)
[2026-06-17T09:56:30.694+0800][39.323s][info][gc,heap        ] GC(937) DefNew: 19618K(19648K)->2125K(19648K) Eden: 17466K(17472K)->0K(17472K) From: 2151K(2176K)->2125K(2176K)
[2026-06-17T09:56:30.694+0800][39.323s][info][gc,heap        ] GC(937) Tenured: 31265K(43712K)->34588K(43712K)
[2026-06-17T09:56:30.694+0800][39.323s][info][gc,metaspace   ] GC(937) Metaspace: 153K(384K)->153K(384K) NonClass: 148K(256K)->148K(256K) Class: 4K(128K)->4K(128K)
[2026-06-17T09:56:30.694+0800][39.323s][info][gc             ] GC(937) Pause Young (Allocation Failure) 49M->35M(61M) 1.418ms
[2026-06-17T09:56:30.694+0800][39.323s][info][gc,cpu         ] GC(937) User=0.00s Sys=0.00s Real=0.00s
[2026-06-17T09:56:30.736+0800][39.366s][info][gc,start       ] GC(938) Pause Young (Allocation Failure)
[2026-06-17T09:56:30.738+0800][39.367s][info][gc,heap        ] GC(938) DefNew: 19548K(19648K)->2167K(19648K) Eden: 17423K(17472K)->0K(17472K) From: 2125K(2176K)->2167K(2176K)
[2026-06-17T09:56:30.738+0800][39.367s][info][gc,heap        ] GC(938) Tenured: 34588K(43712K)->38104K(43712K)
[2026-06-17T09:56:30.738+0800][39.367s][info][gc,metaspace   ] GC(938) Metaspace: 153K(384K)->153K(384K) NonClass: 148K(256K)->148K(256K) Class: 4K(128K)->4K(128K)
[2026-06-17T09:56:30.738+0800][39.367s][info][gc             ] GC(938) Pause Young (Allocation Failure) 52M->39M(61M) 1.736ms
[2026-06-17T09:56:30.738+0800][39.367s][info][gc,cpu         ] GC(938) User=0.00s Sys=0.00s Real=0.00s
[2026-06-17T09:56:30.781+0800][39.410s][info][gc,start       ] GC(939) Pause Young (Allocation Failure)
[2026-06-17T09:56:30.781+0800][39.410s][info][gc             ] GC(939) Pause Young (Allocation Failure) 56M->56M(61M) 0.378ms
[2026-06-17T09:56:30.781+0800][39.410s][info][gc,cpu         ] GC(939) User=0.01s Sys=0.00s Real=0.00s
[2026-06-17T09:56:30.781+0800][39.410s][info][gc,start       ] GC(940) Pause Full (Allocation Failure)
[2026-06-17T09:56:30.781+0800][39.410s][info][gc,phases,start] GC(940) Phase 1: Mark live objects
[2026-06-17T09:56:30.782+0800][39.411s][info][gc,phases      ] GC(940) Phase 1: Mark live objects 0.515ms
[2026-06-17T09:56:30.782+0800][39.411s][info][gc,phases,start] GC(940) Phase 2: Compute new object addresses
[2026-06-17T09:56:30.782+0800][39.412s][info][gc,phases      ] GC(940) Phase 2: Compute new object addresses 0.438ms
[2026-06-17T09:56:30.783+0800][39.412s][info][gc,phases,start] GC(940) Phase 3: Adjust pointers
[2026-06-17T09:56:30.785+0800][39.414s][info][gc,phases      ] GC(940) Phase 3: Adjust pointers 2.176ms
[2026-06-17T09:56:30.785+0800][39.414s][info][gc,phases,start] GC(940) Phase 4: Move objects
[2026-06-17T09:56:30.787+0800][39.416s][info][gc,phases      ] GC(940) Phase 4: Move objects 1.896ms
[2026-06-17T09:56:30.787+0800][39.416s][info][gc,heap        ] GC(940) DefNew: 19639K(19648K)->0K(19648K) Eden: 17472K(17472K)->0K(17472K) From: 2167K(2176K)->0K(2176K)
[2026-06-17T09:56:30.787+0800][39.417s][info][gc,heap        ] GC(940) Tenured: 38104K(43712K)->29910K(43712K)
[2026-06-17T09:56:30.787+0800][39.417s][info][gc,metaspace   ] GC(940) Metaspace: 153K(384K)->153K(384K) NonClass: 148K(256K)->148K(256K) Class: 4K(128K)->4K(128K)
[2026-06-17T09:56:30.788+0800][39.417s][info][gc             ] GC(940) Pause Full (Allocation Failure) 56M->29M(61M) 6.333ms
[2026-06-17T09:56:30.788+0800][39.417s][info][gc,cpu         ] GC(940) User=0.00s Sys=0.00s Real=0.01s
[2026-06-17T09:56:30.830+0800][39.459s][info][gc,start       ] GC(941) Pause Young (Allocation Failure)
[2026-06-17T09:56:30.831+0800][39.460s][info][gc,heap        ] GC(941) DefNew: 17471K(19648K)->2174K(19648K) Eden: 17471K(17472K)->0K(17472K) From: 0K(2176K)->2174K(2176K)
[2026-06-17T09:56:30.832+0800][39.461s][info][gc,heap        ] GC(941) Tenured: 29910K(43712K)->34364K(43712K)
[2026-06-17T09:56:30.832+0800][39.461s][info][gc,metaspace   ] GC(941) Metaspace: 153K(384K)->153K(384K) NonClass: 148K(256K)->148K(256K) Class: 4K(128K)->4K(128K)
[2026-06-17T09:56:30.832+0800][39.461s][info][gc             ] GC(941) Pause Young (Allocation Failure) 46M->35M(61M) 2.156ms
[2026-06-17T09:56:30.832+0800][39.461s][info][gc,cpu         ] GC(941) User=0.00s Sys=0.00s Real=0.01s
[2026-06-17T09:56:30.875+0800][39.504s][info][gc,start       ] GC(942) Pause Young (Allocation Failure)
[2026-06-17T09:56:30.908+0800][39.537s][info][gc,heap        ] GC(942) DefNew: 19437K(19648K)->1856K(19648K) Eden: 17263K(17472K)->0K(17472K) From: 2174K(2176K)->1856K(2176K)
[2026-06-17T09:56:30.915+0800][39.544s][info][gc,heap        ] GC(942) Tenured: 34364K(43712K)->36447K(43712K)
[2026-06-17T09:56:30.920+0800][39.549s][info][gc,metaspace   ] GC(942) Metaspace: 153K(384K)->153K(384K) NonClass: 148K(256K)->148K(256K) Class: 4K(128K)->4K(128K)
[2026-06-17T09:56:30.923+0800][39.552s][info][gc             ] GC(942) Pause Young (Allocation Failure) 52M->37M(61M) 48.157ms
[2026-06-17T09:56:30.926+0800][39.555s][info][gc,cpu         ] GC(942) User=0.00s Sys=0.00s Real=0.05s
[2026-06-17T09:56:30.981+0800][39.610s][info][gc,start       ] GC(943) Pause Young (Allocation Failure)
[2026-06-17T09:56:30.988+0800][39.617s][info][gc,heap        ] GC(943) DefNew: 19328K(19648K)->2156K(19648K) Eden: 17472K(17472K)->0K(17472K) From: 1856K(2176K)->2156K(2176K)
[2026-06-17T09:56:30.989+0800][39.619s][info][gc,heap        ] GC(943) Tenured: 36447K(43712K)->39406K(43712K)
[2026-06-17T09:56:30.990+0800][39.619s][info][gc,metaspace   ] GC(943) Metaspace: 153K(384K)->153K(384K) NonClass: 148K(256K)->148K(256K) Class: 4K(128K)->4K(128K)
[2026-06-17T09:56:30.991+0800][39.620s][info][gc             ] GC(943) Pause Young (Allocation Failure) 54M->40M(61M) 9.988ms
[2026-06-17T09:56:30.993+0800][39.622s][info][gc,cpu         ] GC(943) User=0.00s Sys=0.00s Real=0.02s
[2026-06-17T09:56:31.035+0800][39.664s][info][gc,start       ] GC(944) Pause Young (Allocation Failure)
[2026-06-17T09:56:31.036+0800][39.665s][info][gc             ] GC(944) Pause Young (Allocation Failure) 57M->57M(61M) 0.847ms
[2026-06-17T09:56:31.037+0800][39.666s][info][gc,cpu         ] GC(944) User=0.00s Sys=0.00s Real=0.00s
[2026-06-17T09:56:31.038+0800][39.667s][info][gc,start       ] GC(945) Pause Full (Allocation Failure)
[2026-06-17T09:56:31.039+0800][39.668s][info][gc,phases,start] GC(945) Phase 1: Mark live objects
[2026-06-17T09:56:31.039+0800][39.668s][info][gc,phases      ] GC(945) Phase 1: Mark live objects 0.681ms
[2026-06-17T09:56:31.041+0800][39.670s][info][gc,phases,start] GC(945) Phase 2: Compute new object addresses
[2026-06-17T09:56:31.043+0800][39.672s][info][gc,phases      ] GC(945) Phase 2: Compute new object addresses 2.058ms
[2026-06-17T09:56:31.043+0800][39.673s][info][gc,phases,start] GC(945) Phase 3: Adjust pointers
[2026-06-17T09:56:31.046+0800][39.675s][info][gc,phases      ] GC(945) Phase 3: Adjust pointers 2.234ms
[2026-06-17T09:56:31.047+0800][39.676s][info][gc,phases,start] GC(945) Phase 4: Move objects
[2026-06-17T09:56:31.050+0800][39.679s][info][gc,phases      ] GC(945) Phase 4: Move objects 3.409ms
[2026-06-17T09:56:31.056+0800][39.686s][info][gc,heap        ] GC(945) DefNew: 19603K(19648K)->0K(19648K) Eden: 17446K(17472K)->0K(17472K) From: 2156K(2176K)->0K(2176K)
[2026-06-17T09:56:31.057+0800][39.686s][info][gc,heap        ] GC(945) Tenured: 39406K(43712K)->25518K(43712K)
[2026-06-17T09:56:31.060+0800][39.689s][info][gc,metaspace   ] GC(945) Metaspace: 153K(384K)->153K(384K) NonClass: 148K(256K)->148K(256K) Class: 4K(128K)->4K(128K)
[2026-06-17T09:56:31.063+0800][39.692s][info][gc             ] GC(945) Pause Full (Allocation Failure) 57M->24M(61M) 24.515ms
[2026-06-17T09:56:31.063+0800][39.692s][info][gc,cpu         ] GC(945) User=0.00s Sys=0.00s Real=0.03s
[2026-06-17T09:56:31.105+0800][39.734s][info][gc,start       ] GC(946) Pause Young (Allocation Failure)
[2026-06-17T09:56:31.107+0800][39.736s][info][gc,heap        ] GC(946) DefNew: 17454K(19648K)->2079K(19648K) Eden: 17454K(17472K)->0K(17472K) From: 0K(2176K)->2079K(2176K)
[2026-06-17T09:56:31.108+0800][39.737s][info][gc,heap        ] GC(946) Tenured: 25518K(43712K)->30568K(43712K)
[2026-06-17T09:56:31.110+0800][39.740s][info][gc,metaspace   ] GC(946) Metaspace: 153K(384K)->153K(384K) NonClass: 148K(256K)->148K(256K) Class: 4K(128K)->4K(128K)
[2026-06-17T09:56:31.111+0800][39.740s][info][gc             ] GC(946) Pause Young (Allocation Failure) 41M->31M(61M) 5.515ms
[2026-06-17T09:56:31.113+0800][39.742s][info][gc,cpu         ] GC(946) User=0.01s Sys=0.00s Real=0.01s
[2026-06-17T09:56:31.157+0800][39.786s][info][gc,start       ] GC(947) Pause Young (Allocation Failure)
[2026-06-17T09:56:31.159+0800][39.788s][info][gc,heap        ] GC(947) DefNew: 19498K(19648K)->2173K(19648K) Eden: 17419K(17472K)->0K(17472K) From: 2079K(2176K)->2173K(2176K)
[2026-06-17T09:56:31.159+0800][39.788s][info][gc,heap        ] GC(947) Tenured: 30568K(43712K)->34408K(43712K)
[2026-06-17T09:56:31.160+0800][39.789s][info][gc,metaspace   ] GC(947) Metaspace: 153K(384K)->153K(384K) NonClass: 148K(256K)->148K(256K) Class: 4K(128K)->4K(128K)
[2026-06-17T09:56:31.160+0800][39.789s][info][gc             ] GC(947) Pause Young (Allocation Failure) 48M->35M(61M) 2.797ms
[2026-06-17T09:56:31.161+0800][39.790s][info][gc,cpu         ] GC(947) User=0.00s Sys=0.00s Real=0.00s
[2026-06-17T09:56:31.203+0800][39.832s][info][gc,start       ] GC(948) Pause Young (Allocation Failure)
[2026-06-17T09:56:31.204+0800][39.833s][info][gc,heap        ] GC(948) DefNew: 19523K(19648K)->2028K(19648K) Eden: 17349K(17472K)->0K(17472K) From: 2173K(2176K)->2028K(2176K)
[2026-06-17T09:56:31.204+0800][39.834s][info][gc,heap        ] GC(948) Tenured: 34408K(43712K)->35062K(43712K)
[2026-06-17T09:56:31.205+0800][39.834s][info][gc,metaspace   ] GC(948) Metaspace: 153K(384K)->153K(384K) NonClass: 148K(256K)->148K(256K) Class: 4K(128K)->4K(128K)
[2026-06-17T09:56:31.205+0800][39.834s][info][gc             ] GC(948) Pause Young (Allocation Failure) 52M->36M(61M) 1.872ms
[2026-06-17T09:56:31.206+0800][39.835s][info][gc,cpu         ] GC(948) User=0.00s Sys=0.00s Real=0.00s
[2026-06-17T09:56:31.259+0800][39.888s][info][gc,start       ] GC(949) Pause Young (Allocation Failure)
[2026-06-17T09:56:31.260+0800][39.890s][info][gc,heap        ] GC(949) DefNew: 19464K(19648K)->2140K(19648K) Eden: 17436K(17472K)->0K(17472K) From: 2028K(2176K)->2140K(2176K)
[2026-06-17T09:56:31.261+0800][39.890s][info][gc,heap        ] GC(949) Tenured: 35062K(43712K)->38330K(43712K)
[2026-06-17T09:56:31.261+0800][39.890s][info][gc,metaspace   ] GC(949) Metaspace: 153K(384K)->153K(384K) NonClass: 148K(256K)->148K(256K) Class: 4K(128K)->4K(128K)
[2026-06-17T09:56:31.262+0800][39.891s][info][gc             ] GC(949) Pause Young (Allocation Failure) 53M->39M(61M) 2.318ms
[2026-06-17T09:56:31.262+0800][39.891s][info][gc,cpu         ] GC(949) User=0.00s Sys=0.00s Real=0.00s
[2026-06-17T09:56:31.294+0800][39.923s][info][gc,start       ] GC(950) Pause Young (Allocation Failure)
[2026-06-17T09:56:31.295+0800][39.924s][info][gc             ] GC(950) Pause Young (Allocation Failure) 55M->55M(61M) 0.809ms
[2026-06-17T09:56:31.295+0800][39.925s][info][gc,cpu         ] GC(950) User=0.00s Sys=0.00s Real=0.00s
[2026-06-17T09:56:31.296+0800][39.925s][info][gc,start       ] GC(951) Pause Full (Allocation Failure)
[2026-06-17T09:56:31.296+0800][39.926s][info][gc,phases,start] GC(951) Phase 1: Mark live objects
[2026-06-17T09:56:31.297+0800][39.926s][info][gc,phases      ] GC(951) Phase 1: Mark live objects 0.588ms
[2026-06-17T09:56:31.298+0800][39.927s][info][gc,phases,start] GC(951) Phase 2: Compute new object addresses
[2026-06-17T09:56:31.298+0800][39.927s][info][gc,phases      ] GC(951) Phase 2: Compute new object addresses 0.736ms
[2026-06-17T09:56:31.299+0800][39.928s][info][gc,phases,start] GC(951) Phase 3: Adjust pointers
[2026-06-17T09:56:31.300+0800][39.929s][info][gc,phases      ] GC(951) Phase 3: Adjust pointers 0.797ms
[2026-06-17T09:56:31.300+0800][39.929s][info][gc,phases,start] GC(951) Phase 4: Move objects
[2026-06-17T09:56:31.303+0800][39.932s][info][gc,phases      ] GC(951) Phase 4: Move objects 2.461ms
[2026-06-17T09:56:31.303+0800][39.932s][info][gc,heap        ] GC(951) DefNew: 18922K(19648K)->0K(19648K) Eden: 16781K(17472K)->0K(17472K) From: 2140K(2176K)->0K(2176K)
[2026-06-17T09:56:31.304+0800][39.933s][info][gc,heap        ] GC(951) Tenured: 38330K(43712K)->28161K(43712K)
[2026-06-17T09:56:31.304+0800][39.933s][info][gc,metaspace   ] GC(951) Metaspace: 153K(384K)->153K(384K) NonClass: 148K(256K)->148K(256K) Class: 4K(128K)->4K(128K)
[2026-06-17T09:56:31.305+0800][39.934s][info][gc             ] GC(951) Pause Full (Allocation Failure) 55M->27M(61M) 8.589ms
[2026-06-17T09:56:31.305+0800][39.934s][info][gc,cpu         ] GC(951) User=0.00s Sys=0.00s Real=0.01s
[2026-06-17T09:56:31.347+0800][39.977s][info][gc,start       ] GC(952) Pause Young (Allocation Failure)
[2026-06-17T09:56:31.348+0800][39.977s][info][gc,heap        ] GC(952) DefNew: 17290K(19648K)->2139K(19648K) Eden: 17290K(17472K)->0K(17472K) From: 0K(2176K)->2139K(2176K)
[2026-06-17T09:56:31.349+0800][39.978s][info][gc,heap        ] GC(952) Tenured: 28161K(43712K)->29068K(43712K)
[2026-06-17T09:56:31.349+0800][39.979s][info][gc,metaspace   ] GC(952) Metaspace: 153K(384K)->153K(384K) NonClass: 148K(256K)->148K(256K) Class: 4K(128K)->4K(128K)
[2026-06-17T09:56:31.350+0800][39.979s][info][gc             ] GC(952) Pause Young (Allocation Failure) 44M->30M(61M) 2.570ms
[2026-06-17T09:56:31.350+0800][39.979s][info][gc,cpu         ] GC(952) User=0.00s Sys=0.00s Real=0.00s
[2026-06-17T09:56:31.393+0800][40.022s][info][gc,start       ] GC(953) Pause Young (Allocation Failure)
[2026-06-17T09:56:31.394+0800][40.024s][info][gc,heap        ] GC(953) DefNew: 19560K(19648K)->2166K(19648K) Eden: 17421K(17472K)->0K(17472K) From: 2139K(2176K)->2166K(2176K)
[2026-06-17T09:56:31.395+0800][40.024s][info][gc,heap        ] GC(953) Tenured: 29068K(43712K)->36004K(43712K)
[2026-06-17T09:56:31.396+0800][40.025s][info][gc,metaspace   ] GC(953) Metaspace: 153K(384K)->153K(384K) NonClass: 148K(256K)->148K(256K) Class: 4K(128K)->4K(128K)
[2026-06-17T09:56:31.396+0800][40.025s][info][gc             ] GC(953) Pause Young (Allocation Failure) 47M->37M(61M) 3.201ms
[2026-06-17T09:56:31.396+0800][40.026s][info][gc,cpu         ] GC(953) User=0.00s Sys=0.00s Real=0.00s
[2026-06-17T09:56:31.449+0800][40.078s][info][gc,start       ] GC(954) Pause Young (Allocation Failure)
[2026-06-17T09:56:31.450+0800][40.079s][info][gc,heap        ] GC(954) DefNew: 19629K(19648K)->2166K(19648K) Eden: 17463K(17472K)->0K(17472K) From: 2166K(2176K)->2166K(2176K)
[2026-06-17T09:56:31.451+0800][40.080s][info][gc,heap        ] GC(954) Tenured: 36004K(43712K)->37212K(43712K)
[2026-06-17T09:56:31.451+0800][40.080s][info][gc,metaspace   ] GC(954) Metaspace: 153K(384K)->153K(384K) NonClass: 148K(256K)->148K(256K) Class: 4K(128K)->4K(128K)
[2026-06-17T09:56:31.452+0800][40.081s][info][gc             ] GC(954) Pause Young (Allocation Failure) 54M->38M(61M) 2.715ms
[2026-06-17T09:56:31.452+0800][40.081s][info][gc,cpu         ] GC(954) User=0.01s Sys=0.00s Real=0.01s
[2026-06-17T09:56:31.485+0800][40.114s][info][gc,start       ] GC(955) Pause Young (Allocation Failure)
[2026-06-17T09:56:31.486+0800][40.115s][info][gc             ] GC(955) Pause Young (Allocation Failure) 55M->55M(61M) 0.787ms
[2026-06-17T09:56:31.487+0800][40.116s][info][gc,cpu         ] GC(955) User=0.00s Sys=0.00s Real=0.00s
[2026-06-17T09:56:31.488+0800][40.118s][info][gc,start       ] GC(956) Pause Full (Allocation Failure)
[2026-06-17T09:56:31.489+0800][40.118s][info][gc,phases,start] GC(956) Phase 1: Mark live objects
[2026-06-17T09:56:31.491+0800][40.120s][info][gc,phases      ] GC(956) Phase 1: Mark live objects 1.659ms
[2026-06-17T09:56:31.491+0800][40.120s][info][gc,phases,start] GC(956) Phase 2: Compute new object addresses
[2026-06-17T09:56:31.492+0800][40.121s][info][gc,phases      ] GC(956) Phase 2: Compute new object addresses 1.238ms
[2026-06-17T09:56:31.493+0800][40.122s][info][gc,phases,start] GC(956) Phase 3: Adjust pointers
[2026-06-17T09:56:31.493+0800][40.123s][info][gc,phases      ] GC(956) Phase 3: Adjust pointers 0.869ms
[2026-06-17T09:56:31.494+0800][40.123s][info][gc,phases,start] GC(956) Phase 4: Move objects
[2026-06-17T09:56:31.496+0800][40.125s][info][gc,phases      ] GC(956) Phase 4: Move objects 2.373ms
[2026-06-17T09:56:31.497+0800][40.126s][info][gc,heap        ] GC(956) DefNew: 19383K(19648K)->0K(19648K) Eden: 17216K(17472K)->0K(17472K) From: 2166K(2176K)->0K(2176K)
[2026-06-17T09:56:31.497+0800][40.126s][info][gc,heap        ] GC(956) Tenured: 37212K(43712K)->32122K(43712K)
[2026-06-17T09:56:31.498+0800][40.127s][info][gc,metaspace   ] GC(956) Metaspace: 153K(384K)->153K(384K) NonClass: 148K(256K)->148K(256K) Class: 4K(128K)->4K(128K)
[2026-06-17T09:56:31.498+0800][40.127s][info][gc             ] GC(956) Pause Full (Allocation Failure) 55M->31M(61M) 9.578ms
[2026-06-17T09:56:31.498+0800][40.128s][info][gc,cpu         ] GC(956) User=0.00s Sys=0.00s Real=0.01s
[2026-06-17T09:56:31.541+0800][40.170s][info][gc,start       ] GC(957) Pause Young (Allocation Failure)
[2026-06-17T09:56:31.542+0800][40.171s][info][gc,heap        ] GC(957) DefNew: 17458K(19648K)->2171K(19648K) Eden: 17458K(17472K)->0K(17472K) From: 0K(2176K)->2171K(2176K)
[2026-06-17T09:56:31.543+0800][40.172s][info][gc,heap        ] GC(957) Tenured: 32122K(43712K)->37068K(43712K)
[2026-06-17T09:56:31.543+0800][40.172s][info][gc,metaspace   ] GC(957) Metaspace: 153K(384K)->153K(384K) NonClass: 148K(256K)->148K(256K) Class: 4K(128K)->4K(128K)
[2026-06-17T09:56:31.544+0800][40.173s][info][gc             ] GC(957) Pause Young (Allocation Failure) 48M->38M(61M) 2.895ms
[2026-06-17T09:56:31.544+0800][40.173s][info][gc,cpu         ] GC(957) User=0.00s Sys=0.00s Real=0.01s
[2026-06-17T09:56:31.597+0800][40.226s][info][gc,start       ] GC(958) Pause Young (Allocation Failure)
[2026-06-17T09:56:31.598+0800][40.227s][info][gc             ] GC(958) Pause Young (Allocation Failure) 55M->55M(61M) 0.898ms
[2026-06-17T09:56:31.598+0800][40.227s][info][gc,cpu         ] GC(958) User=0.00s Sys=0.00s Real=0.00s
[2026-06-17T09:56:31.599+0800][40.228s][info][gc,start       ] GC(959) Pause Full (Allocation Failure)
[2026-06-17T09:56:31.599+0800][40.228s][info][gc,phases,start] GC(959) Phase 1: Mark live objects
[2026-06-17T09:56:31.600+0800][40.229s][info][gc,phases      ] GC(959) Phase 1: Mark live objects 0.728ms
[2026-06-17T09:56:31.601+0800][40.230s][info][gc,phases,start] GC(959) Phase 2: Compute new object addresses
[2026-06-17T09:56:31.601+0800][40.231s][info][gc,phases      ] GC(959) Phase 2: Compute new object addresses 0.862ms
[2026-06-17T09:56:31.602+0800][40.231s][info][gc,phases,start] GC(959) Phase 3: Adjust pointers
[2026-06-17T09:56:31.603+0800][40.232s][info][gc,phases      ] GC(959) Phase 3: Adjust pointers 0.753ms
[2026-06-17T09:56:31.603+0800][40.233s][info][gc,phases,start] GC(959) Phase 4: Move objects
[2026-06-17T09:56:31.606+0800][40.235s][info][gc,phases      ] GC(959) Phase 4: Move objects 2.337ms
[2026-06-17T09:56:31.606+0800][40.236s][info][gc,heap        ] GC(959) DefNew: 19643K(19648K)->0K(19648K) Eden: 17472K(17472K)->0K(17472K) From: 2171K(2176K)->0K(2176K)
[2026-06-17T09:56:31.607+0800][40.236s][info][gc,heap        ] GC(959) Tenured: 37068K(43712K)->29795K(43712K)
[2026-06-17T09:56:31.607+0800][40.237s][info][gc,metaspace   ] GC(959) Metaspace: 153K(384K)->153K(384K) NonClass: 148K(256K)->148K(256K) Class: 4K(128K)->4K(128K)
[2026-06-17T09:56:31.608+0800][40.237s][info][gc             ] GC(959) Pause Full (Allocation Failure) 55M->29M(61M) 9.077ms
[2026-06-17T09:56:31.608+0800][40.237s][info][gc,cpu         ] GC(959) User=0.01s Sys=0.00s Real=0.01s
[2026-06-17T09:56:31.651+0800][40.280s][info][gc,start       ] GC(960) Pause Young (Allocation Failure)
[2026-06-17T09:56:31.652+0800][40.281s][info][gc,heap        ] GC(960) DefNew: 17472K(19648K)->2175K(19648K) Eden: 17472K(17472K)->0K(17472K) From: 0K(2176K)->2175K(2176K)
[2026-06-17T09:56:31.653+0800][40.282s][info][gc,heap        ] GC(960) Tenured: 29795K(43712K)->35018K(43712K)
[2026-06-17T09:56:31.653+0800][40.282s][info][gc,metaspace   ] GC(960) Metaspace: 153K(384K)->153K(384K) NonClass: 148K(256K)->148K(256K) Class: 4K(128K)->4K(128K)
[2026-06-17T09:56:31.654+0800][40.283s][info][gc             ] GC(960) Pause Young (Allocation Failure) 46M->36M(61M) 3.103ms
[2026-06-17T09:56:31.654+0800][40.283s][info][gc,cpu         ] GC(960) User=0.00s Sys=0.00s Real=0.00s
[2026-06-17T09:56:31.697+0800][40.326s][info][gc,start       ] GC(961) Pause Young (Allocation Failure)
[2026-06-17T09:56:31.700+0800][40.329s][info][gc,heap        ] GC(961) DefNew: 19647K(19648K)->2167K(19648K) Eden: 17472K(17472K)->0K(17472K) From: 2175K(2176K)->2167K(2176K)
[2026-06-17T09:56:31.700+0800][40.329s][info][gc,heap        ] GC(961) Tenured: 35018K(43712K)->39148K(43712K)
[2026-06-17T09:56:31.702+0800][40.331s][info][gc,metaspace   ] GC(961) Metaspace: 153K(384K)->153K(384K) NonClass: 148K(256K)->148K(256K) Class: 4K(128K)->4K(128K)
[2026-06-17T09:56:31.702+0800][40.331s][info][gc             ] GC(961) Pause Young (Allocation Failure) 53M->40M(61M) 5.019ms
[2026-06-17T09:56:31.703+0800][40.332s][info][gc,cpu         ] GC(961) User=0.00s Sys=0.00s Real=0.01s
[2026-06-17T09:56:31.747+0800][40.376s][info][gc,start       ] GC(962) Pause Young (Allocation Failure)
[2026-06-17T09:56:31.747+0800][40.377s][info][gc             ] GC(962) Pause Young (Allocation Failure) 57M->57M(61M) 0.581ms
[2026-06-17T09:56:31.748+0800][40.377s][info][gc,cpu         ] GC(962) User=0.00s Sys=0.00s Real=0.00s
[2026-06-17T09:56:31.748+0800][40.377s][info][gc,start       ] GC(963) Pause Full (Allocation Failure)
[2026-06-17T09:56:31.749+0800][40.378s][info][gc,phases,start] GC(963) Phase 1: Mark live objects
[2026-06-17T09:56:31.749+0800][40.378s][info][gc,phases      ] GC(963) Phase 1: Mark live objects 0.674ms
[2026-06-17T09:56:31.750+0800][40.379s][info][gc,phases,start] GC(963) Phase 2: Compute new object addresses
[2026-06-17T09:56:31.751+0800][40.380s][info][gc,phases      ] GC(963) Phase 2: Compute new object addresses 0.843ms
[2026-06-17T09:56:31.751+0800][40.380s][info][gc,phases,start] GC(963) Phase 3: Adjust pointers
[2026-06-17T09:56:31.752+0800][40.381s][info][gc,phases      ] GC(963) Phase 3: Adjust pointers 0.554ms
[2026-06-17T09:56:31.752+0800][40.381s][info][gc,phases,start] GC(963) Phase 4: Move objects
[2026-06-17T09:56:31.754+0800][40.384s][info][gc,phases      ] GC(963) Phase 4: Move objects 2.338ms
[2026-06-17T09:56:31.755+0800][40.384s][info][gc,heap        ] GC(963) DefNew: 19602K(19648K)->0K(19648K) Eden: 17435K(17472K)->0K(17472K) From: 2167K(2176K)->0K(2176K)
[2026-06-17T09:56:31.755+0800][40.384s][info][gc,heap        ] GC(963) Tenured: 39148K(43712K)->32060K(43712K)
[2026-06-17T09:56:31.756+0800][40.385s][info][gc,metaspace   ] GC(963) Metaspace: 153K(384K)->153K(384K) NonClass: 148K(256K)->148K(256K) Class: 4K(128K)->4K(128K)
[2026-06-17T09:56:31.756+0800][40.385s][info][gc             ] GC(963) Pause Full (Allocation Failure) 57M->31M(61M) 7.962ms
[2026-06-17T09:56:31.757+0800][40.386s][info][gc,cpu         ] GC(963) User=0.00s Sys=0.00s Real=0.01s
[2026-06-17T09:56:31.799+0800][40.428s][info][gc,start       ] GC(964) Pause Young (Allocation Failure)
[2026-06-17T09:56:31.801+0800][40.430s][info][gc,heap        ] GC(964) DefNew: 17454K(19648K)->2174K(19648K) Eden: 17454K(17472K)->0K(17472K) From: 0K(2176K)->2174K(2176K)
[2026-06-17T09:56:31.801+0800][40.430s][info][gc,heap        ] GC(964) Tenured: 32060K(43712K)->37367K(43712K)
[2026-06-17T09:56:31.801+0800][40.430s][info][gc,metaspace   ] GC(964) Metaspace: 153K(384K)->153K(384K) NonClass: 148K(256K)->148K(256K) Class: 4K(128K)->4K(128K)
[2026-06-17T09:56:31.801+0800][40.431s][info][gc             ] GC(964) Pause Young (Allocation Failure) 48M->38M(61M) 2.459ms
[2026-06-17T09:56:31.802+0800][40.431s][info][gc,cpu         ] GC(964) User=0.00s Sys=0.00s Real=0.00s
[2026-06-17T09:56:31.854+0800][40.483s][info][gc,start       ] GC(965) Pause Young (Allocation Failure)
[2026-06-17T09:56:31.854+0800][40.484s][info][gc             ] GC(965) Pause Young (Allocation Failure) 55M->55M(61M) 0.566ms
[2026-06-17T09:56:31.855+0800][40.484s][info][gc,cpu         ] GC(965) User=0.00s Sys=0.00s Real=0.00s
[2026-06-17T09:56:31.855+0800][40.484s][info][gc,start       ] GC(966) Pause Full (Allocation Failure)
[2026-06-17T09:56:31.855+0800][40.484s][info][gc,phases,start] GC(966) Phase 1: Mark live objects
[2026-06-17T09:56:31.855+0800][40.484s][info][gc,phases      ] GC(966) Phase 1: Mark live objects 0.423ms
[2026-06-17T09:56:31.856+0800][40.485s][info][gc,phases,start] GC(966) Phase 2: Compute new object addresses
[2026-06-17T09:56:31.856+0800][40.485s][info][gc,phases      ] GC(966) Phase 2: Compute new object addresses 0.368ms
[2026-06-17T09:56:31.856+0800][40.485s][info][gc,phases,start] GC(966) Phase 3: Adjust pointers
[2026-06-17T09:56:31.857+0800][40.486s][info][gc,phases      ] GC(966) Phase 3: Adjust pointers 0.420ms
[2026-06-17T09:56:31.857+0800][40.486s][info][gc,phases,start] GC(966) Phase 4: Move objects
[2026-06-17T09:56:31.859+0800][40.488s][info][gc,phases      ] GC(966) Phase 4: Move objects 2.210ms
[2026-06-17T09:56:31.859+0800][40.489s][info][gc,heap        ] GC(966) DefNew: 19646K(19648K)->0K(19648K) Eden: 17472K(17472K)->0K(17472K) From: 2174K(2176K)->0K(2176K)
[2026-06-17T09:56:31.860+0800][40.489s][info][gc,heap        ] GC(966) Tenured: 37367K(43712K)->35020K(43712K)
[2026-06-17T09:56:31.860+0800][40.489s][info][gc,metaspace   ] GC(966) Metaspace: 153K(384K)->153K(384K) NonClass: 148K(256K)->148K(256K) Class: 4K(128K)->4K(128K)
[2026-06-17T09:56:31.860+0800][40.489s][info][gc             ] GC(966) Pause Full (Allocation Failure) 55M->34M(61M) 5.091ms
[2026-06-17T09:56:31.860+0800][40.489s][info][gc,cpu         ] GC(966) User=0.01s Sys=0.00s Real=0.00s
[2026-06-17T09:56:31.902+0800][40.531s][info][gc,start       ] GC(967) Pause Young (Allocation Failure)
[2026-06-17T09:56:31.903+0800][40.532s][info][gc,heap        ] GC(967) DefNew: 17437K(19648K)->2173K(19648K) Eden: 17437K(17472K)->0K(17472K) From: 0K(2176K)->2173K(2176K)
[2026-06-17T09:56:31.903+0800][40.532s][info][gc,heap        ] GC(967) Tenured: 35020K(43712K)->40325K(43712K)
[2026-06-17T09:56:31.903+0800][40.532s][info][gc,metaspace   ] GC(967) Metaspace: 153K(384K)->153K(384K) NonClass: 148K(256K)->148K(256K) Class: 4K(128K)->4K(128K)
[2026-06-17T09:56:31.903+0800][40.533s][info][gc             ] GC(967) Pause Young (Allocation Failure) 51M->41M(61M) 1.581ms
[2026-06-17T09:56:31.904+0800][40.533s][info][gc,cpu         ] GC(967) User=0.00s Sys=0.00s Real=0.01s
[2026-06-17T09:56:31.946+0800][40.575s][info][gc,start       ] GC(968) Pause Young (Allocation Failure)
[2026-06-17T09:56:31.947+0800][40.576s][info][gc             ] GC(968) Pause Young (Allocation Failure) 58M->58M(61M) 0.386ms
[2026-06-17T09:56:31.947+0800][40.576s][info][gc,cpu         ] GC(968) User=0.00s Sys=0.00s Real=0.00s
[2026-06-17T09:56:31.947+0800][40.576s][info][gc,start       ] GC(969) Pause Full (Allocation Failure)
[2026-06-17T09:56:31.947+0800][40.577s][info][gc,phases,start] GC(969) Phase 1: Mark live objects
[2026-06-17T09:56:31.948+0800][40.577s][info][gc,phases      ] GC(969) Phase 1: Mark live objects 0.523ms
[2026-06-17T09:56:31.948+0800][40.577s][info][gc,phases,start] GC(969) Phase 2: Compute new object addresses
[2026-06-17T09:56:31.949+0800][40.578s][info][gc,phases      ] GC(969) Phase 2: Compute new object addresses 0.725ms
[2026-06-17T09:56:31.949+0800][40.578s][info][gc,phases,start] GC(969) Phase 3: Adjust pointers
[2026-06-17T09:56:31.950+0800][40.579s][info][gc,phases      ] GC(969) Phase 3: Adjust pointers 0.373ms
[2026-06-17T09:56:31.950+0800][40.579s][info][gc,phases,start] GC(969) Phase 4: Move objects
[2026-06-17T09:56:31.952+0800][40.581s][info][gc,phases      ] GC(969) Phase 4: Move objects 2.512ms
[2026-06-17T09:56:31.952+0800][40.582s][info][gc,heap        ] GC(969) DefNew: 19645K(19648K)->0K(19648K) Eden: 17471K(17472K)->0K(17472K) From: 2173K(2176K)->0K(2176K)
[2026-06-17T09:56:31.953+0800][40.582s][info][gc,heap        ] GC(969) Tenured: 40325K(43712K)->25382K(43712K)
[2026-06-17T09:56:31.955+0800][40.585s][info][gc,metaspace   ] GC(969) Metaspace: 153K(384K)->153K(384K) NonClass: 148K(256K)->148K(256K) Class: 4K(128K)->4K(128K)
[2026-06-17T09:56:31.956+0800][40.585s][info][gc             ] GC(969) Pause Full (Allocation Failure) 58M->24M(61M) 8.372ms
[2026-06-17T09:56:31.958+0800][40.587s][info][gc,cpu         ] GC(969) User=0.00s Sys=0.00s Real=0.01s
[2026-06-17T09:56:32.001+0800][40.630s][info][gc,start       ] GC(970) Pause Young (Allocation Failure)
[2026-06-17T09:56:32.003+0800][40.632s][info][gc,heap        ] GC(970) DefNew: 17450K(19648K)->2168K(19648K) Eden: 17450K(17472K)->0K(17472K) From: 0K(2176K)->2168K(2176K)
[2026-06-17T09:56:32.003+0800][40.632s][info][gc,heap        ] GC(970) Tenured: 25382K(43712K)->30359K(43712K)
[2026-06-17T09:56:32.003+0800][40.633s][info][gc,metaspace   ] GC(970) Metaspace: 153K(384K)->153K(384K) NonClass: 148K(256K)->148K(256K) Class: 4K(128K)->4K(128K)
[2026-06-17T09:56:32.004+0800][40.633s][info][gc             ] GC(970) Pause Young (Allocation Failure) 41M->31M(61M) 2.329ms
[2026-06-17T09:56:32.004+0800][40.633s][info][gc,cpu         ] GC(970) User=0.00s Sys=0.00s Real=0.01s
[2026-06-17T09:56:32.046+0800][40.675s][info][gc,start       ] GC(971) Pause Young (Allocation Failure)
[2026-06-17T09:56:32.047+0800][40.676s][info][gc,heap        ] GC(971) DefNew: 19637K(19648K)->2172K(19648K) Eden: 17469K(17472K)->0K(17472K) From: 2168K(2176K)->2172K(2176K)
[2026-06-17T09:56:32.047+0800][40.677s][info][gc,heap        ] GC(971) Tenured: 30359K(43712K)->36930K(43712K)
[2026-06-17T09:56:32.048+0800][40.677s][info][gc,metaspace   ] GC(971) Metaspace: 153K(384K)->153K(384K) NonClass: 148K(256K)->148K(256K) Class: 4K(128K)->4K(128K)
[2026-06-17T09:56:32.048+0800][40.677s][info][gc             ] GC(971) Pause Young (Allocation Failure) 48M->38M(61M) 1.877ms
[2026-06-17T09:56:32.048+0800][40.677s][info][gc,cpu         ] GC(971) User=0.00s Sys=0.00s Real=0.00s
[2026-06-17T09:56:32.100+0800][40.729s][info][gc,start       ] GC(972) Pause Young (Allocation Failure)
[2026-06-17T09:56:32.100+0800][40.730s][info][gc             ] GC(972) Pause Young (Allocation Failure) 55M->55M(61M) 0.334ms
[2026-06-17T09:56:32.101+0800][40.730s][info][gc,cpu         ] GC(972) User=0.00s Sys=0.00s Real=0.00s
[2026-06-17T09:56:32.101+0800][40.730s][info][gc,start       ] GC(973) Pause Full (Allocation Failure)
[2026-06-17T09:56:32.101+0800][40.730s][info][gc,phases,start] GC(973) Phase 1: Mark live objects
[2026-06-17T09:56:32.101+0800][40.730s][info][gc,phases      ] GC(973) Phase 1: Mark live objects 0.480ms
[2026-06-17T09:56:32.101+0800][40.731s][info][gc,phases,start] GC(973) Phase 2: Compute new object addresses
[2026-06-17T09:56:32.102+0800][40.731s][info][gc,phases      ] GC(973) Phase 2: Compute new object addresses 0.371ms
[2026-06-17T09:56:32.102+0800][40.731s][info][gc,phases,start] GC(973) Phase 3: Adjust pointers
[2026-06-17T09:56:32.102+0800][40.731s][info][gc,phases      ] GC(973) Phase 3: Adjust pointers 0.269ms
[2026-06-17T09:56:32.102+0800][40.732s][info][gc,phases,start] GC(973) Phase 4: Move objects
[2026-06-17T09:56:32.104+0800][40.733s][info][gc,phases      ] GC(973) Phase 4: Move objects 1.446ms
[2026-06-17T09:56:32.104+0800][40.733s][info][gc,heap        ] GC(973) DefNew: 19641K(19648K)->0K(19648K) Eden: 17469K(17472K)->0K(17472K) From: 2172K(2176K)->0K(2176K)
[2026-06-17T09:56:32.105+0800][40.734s][info][gc,heap        ] GC(973) Tenured: 36930K(43712K)->21752K(43712K)
[2026-06-17T09:56:32.105+0800][40.734s][info][gc,metaspace   ] GC(973) Metaspace: 153K(384K)->153K(384K) NonClass: 148K(256K)->148K(256K) Class: 4K(128K)->4K(128K)
[2026-06-17T09:56:32.106+0800][40.735s][info][gc             ] GC(973) Pause Full (Allocation Failure) 55M->21M(61M) 5.417ms
[2026-06-17T09:56:32.106+0800][40.735s][info][gc,cpu         ] GC(973) User=0.00s Sys=0.00s Real=0.01s
[2026-06-17T09:56:32.138+0800][40.767s][info][gc,start       ] GC(974) Pause Young (Allocation Failure)
[2026-06-17T09:56:32.139+0800][40.768s][info][gc,heap        ] GC(974) DefNew: 17349K(19648K)->2171K(19648K) Eden: 17349K(17472K)->0K(17472K) From: 0K(2176K)->2171K(2176K)
[2026-06-17T09:56:32.139+0800][40.769s][info][gc,heap        ] GC(974) Tenured: 21752K(43712K)->26371K(43712K)
[2026-06-17T09:56:32.140+0800][40.769s][info][gc,metaspace   ] GC(974) Metaspace: 153K(384K)->153K(384K) NonClass: 148K(256K)->148K(256K) Class: 4K(128K)->4K(128K)
[2026-06-17T09:56:32.140+0800][40.769s][info][gc             ] GC(974) Pause Young (Allocation Failure) 38M->27M(61M) 1.563ms
[2026-06-17T09:56:32.140+0800][40.769s][info][gc,cpu         ] GC(974) User=0.00s Sys=0.00s Real=0.00s
[2026-06-17T09:56:32.192+0800][40.821s][info][gc,start       ] GC(975) Pause Young (Allocation Failure)
[2026-06-17T09:56:32.193+0800][40.822s][info][gc,heap        ] GC(975) DefNew: 19637K(19648K)->2101K(19648K) Eden: 17466K(17472K)->0K(17472K) From: 2171K(2176K)->2101K(2176K)
[2026-06-17T09:56:32.193+0800][40.823s][info][gc,heap        ] GC(975) Tenured: 26371K(43712K)->29855K(43712K)
[2026-06-17T09:56:32.194+0800][40.823s][info][gc,metaspace   ] GC(975) Metaspace: 153K(384K)->153K(384K) NonClass: 148K(256K)->148K(256K) Class: 4K(128K)->4K(128K)
[2026-06-17T09:56:32.194+0800][40.823s][info][gc             ] GC(975) Pause Young (Allocation Failure) 44M->31M(61M) 2.424ms
[2026-06-17T09:56:32.195+0800][40.824s][info][gc,cpu         ] GC(975) User=0.00s Sys=0.00s Real=0.00s
[2026-06-17T09:56:32.237+0800][40.866s][info][gc,start       ] GC(976) Pause Young (Allocation Failure)
[2026-06-17T09:56:32.238+0800][40.867s][info][gc,heap        ] GC(976) DefNew: 19529K(19648K)->2140K(19648K) Eden: 17428K(17472K)->0K(17472K) From: 2101K(2176K)->2140K(2176K)
[2026-06-17T09:56:32.238+0800][40.868s][info][gc,heap        ] GC(976) Tenured: 29855K(43712K)->33401K(43712K)
[2026-06-17T09:56:32.239+0800][40.868s][info][gc,metaspace   ] GC(976) Metaspace: 153K(384K)->153K(384K) NonClass: 148K(256K)->148K(256K) Class: 4K(128K)->4K(128K)
[2026-06-17T09:56:32.239+0800][40.868s][info][gc             ] GC(976) Pause Young (Allocation Failure) 48M->34M(61M) 1.832ms
[2026-06-17T09:56:32.239+0800][40.868s][info][gc,cpu         ] GC(976) User=0.00s Sys=0.00s Real=0.00s
[2026-06-17T09:56:32.281+0800][40.910s][info][gc,start       ] GC(977) Pause Young (Allocation Failure)
[2026-06-17T09:56:32.282+0800][40.911s][info][gc,heap        ] GC(977) DefNew: 19604K(19648K)->2171K(19648K) Eden: 17464K(17472K)->0K(17472K) From: 2140K(2176K)->2171K(2176K)
[2026-06-17T09:56:32.282+0800][40.911s][info][gc,heap        ] GC(977) Tenured: 33401K(43712K)->37194K(43712K)
[2026-06-17T09:56:32.283+0800][40.912s][info][gc,metaspace   ] GC(977) Metaspace: 153K(384K)->153K(384K) NonClass: 148K(256K)->148K(256K) Class: 4K(128K)->4K(128K)
[2026-06-17T09:56:32.283+0800][40.912s][info][gc             ] GC(977) Pause Young (Allocation Failure) 51M->38M(61M) 1.828ms
[2026-06-17T09:56:32.283+0800][40.912s][info][gc,cpu         ] GC(977) User=0.00s Sys=0.00s Real=0.01s
[2026-06-17T09:56:32.325+0800][40.954s][info][gc,start       ] GC(978) Pause Young (Allocation Failure)
[2026-06-17T09:56:32.326+0800][40.955s][info][gc             ] GC(978) Pause Young (Allocation Failure) 55M->55M(61M) 0.443ms
[2026-06-17T09:56:32.326+0800][40.955s][info][gc,cpu         ] GC(978) User=0.00s Sys=0.00s Real=0.00s
[2026-06-17T09:56:32.326+0800][40.955s][info][gc,start       ] GC(979) Pause Full (Allocation Failure)
[2026-06-17T09:56:32.326+0800][40.955s][info][gc,phases,start] GC(979) Phase 1: Mark live objects
[2026-06-17T09:56:32.327+0800][40.956s][info][gc,phases      ] GC(979) Phase 1: Mark live objects 0.654ms
[2026-06-17T09:56:32.327+0800][40.956s][info][gc,phases,start] GC(979) Phase 2: Compute new object addresses
[2026-06-17T09:56:32.327+0800][40.957s][info][gc,phases      ] GC(979) Phase 2: Compute new object addresses 0.408ms
[2026-06-17T09:56:32.328+0800][40.957s][info][gc,phases,start] GC(979) Phase 3: Adjust pointers
[2026-06-17T09:56:32.328+0800][40.957s][info][gc,phases      ] GC(979) Phase 3: Adjust pointers 0.401ms
[2026-06-17T09:56:32.329+0800][40.958s][info][gc,phases,start] GC(979) Phase 4: Move objects
[2026-06-17T09:56:32.332+0800][40.961s][info][gc,phases      ] GC(979) Phase 4: Move objects 3.288ms
[2026-06-17T09:56:32.332+0800][40.962s][info][gc,heap        ] GC(979) DefNew: 19643K(19648K)->0K(19648K) Eden: 17472K(17472K)->0K(17472K) From: 2171K(2176K)->0K(2176K)
[2026-06-17T09:56:32.333+0800][40.962s][info][gc,heap        ] GC(979) Tenured: 37194K(43712K)->29189K(43712K)
[2026-06-17T09:56:32.333+0800][40.962s][info][gc,metaspace   ] GC(979) Metaspace: 153K(384K)->153K(384K) NonClass: 148K(256K)->148K(256K) Class: 4K(128K)->4K(128K)
[2026-06-17T09:56:32.333+0800][40.962s][info][gc             ] GC(979) Pause Full (Allocation Failure) 55M->28M(61M) 6.840ms
[2026-06-17T09:56:32.333+0800][40.962s][info][gc,cpu         ] GC(979) User=0.00s Sys=0.00s Real=0.01s
[2026-06-17T09:56:32.375+0800][41.004s][info][gc,start       ] GC(980) Pause Young (Allocation Failure)
[2026-06-17T09:56:32.376+0800][41.005s][info][gc,heap        ] GC(980) DefNew: 17408K(19648K)->2005K(19648K) Eden: 17408K(17472K)->0K(17472K) From: 0K(2176K)->2005K(2176K)
[2026-06-17T09:56:32.376+0800][41.006s][info][gc,heap        ] GC(980) Tenured: 29189K(43712K)->30565K(43712K)
[2026-06-17T09:56:32.377+0800][41.006s][info][gc,metaspace   ] GC(980) Metaspace: 153K(384K)->153K(384K) NonClass: 148K(256K)->148K(256K) Class: 4K(128K)->4K(128K)
[2026-06-17T09:56:32.377+0800][41.006s][info][gc             ] GC(980) Pause Young (Allocation Failure) 45M->31M(61M) 2.072ms
[2026-06-17T09:56:32.378+0800][41.007s][info][gc,cpu         ] GC(980) User=0.00s Sys=0.00s Real=0.00s
[2026-06-17T09:56:32.431+0800][41.060s][info][gc,start       ] GC(981) Pause Young (Allocation Failure)
[2026-06-17T09:56:32.434+0800][41.063s][info][gc,heap        ] GC(981) DefNew: 19455K(19648K)->2088K(19648K) Eden: 17449K(17472K)->0K(17472K) From: 2005K(2176K)->2088K(2176K)
[2026-06-17T09:56:32.435+0800][41.064s][info][gc,heap        ] GC(981) Tenured: 30565K(43712K)->34238K(43712K)
[2026-06-17T09:56:32.435+0800][41.065s][info][gc,metaspace   ] GC(981) Metaspace: 153K(384K)->153K(384K) NonClass: 148K(256K)->148K(256K) Class: 4K(128K)->4K(128K)
[2026-06-17T09:56:32.436+0800][41.065s][info][gc             ] GC(981) Pause Young (Allocation Failure) 48M->35M(61M) 4.759ms
[2026-06-17T09:56:32.436+0800][41.066s][info][gc,cpu         ] GC(981) User=0.00s Sys=0.00s Real=0.00s
[2026-06-17T09:56:32.480+0800][41.110s][info][gc,start       ] GC(982) Pause Young (Allocation Failure)
[2026-06-17T09:56:32.483+0800][41.112s][info][gc,heap        ] GC(982) DefNew: 19558K(19648K)->2168K(19648K) Eden: 17469K(17472K)->0K(17472K) From: 2088K(2176K)->2168K(2176K)
[2026-06-17T09:56:32.484+0800][41.113s][info][gc,heap        ] GC(982) Tenured: 34238K(43712K)->38125K(43712K)
[2026-06-17T09:56:32.484+0800][41.113s][info][gc,metaspace   ] GC(982) Metaspace: 153K(384K)->153K(384K) NonClass: 148K(256K)->148K(256K) Class: 4K(128K)->4K(128K)
[2026-06-17T09:56:32.485+0800][41.114s][info][gc             ] GC(982) Pause Young (Allocation Failure) 52M->39M(61M) 4.385ms
[2026-06-17T09:56:32.486+0800][41.115s][info][gc,cpu         ] GC(982) User=0.00s Sys=0.00s Real=0.01s
[2026-06-17T09:56:32.530+0800][41.159s][info][gc,start       ] GC(983) Pause Young (Allocation Failure)
[2026-06-17T09:56:32.531+0800][41.160s][info][gc             ] GC(983) Pause Young (Allocation Failure) 56M->56M(61M) 0.769ms
[2026-06-17T09:56:32.531+0800][41.160s][info][gc,cpu         ] GC(983) User=0.00s Sys=0.00s Real=0.01s
[2026-06-17T09:56:32.532+0800][41.161s][info][gc,start       ] GC(984) Pause Full (Allocation Failure)
[2026-06-17T09:56:32.533+0800][41.162s][info][gc,phases,start] GC(984) Phase 1: Mark live objects
[2026-06-17T09:56:32.534+0800][41.163s][info][gc,phases      ] GC(984) Phase 1: Mark live objects 1.128ms
[2026-06-17T09:56:32.535+0800][41.164s][info][gc,phases,start] GC(984) Phase 2: Compute new object addresses
[2026-06-17T09:56:32.535+0800][41.164s][info][gc,phases      ] GC(984) Phase 2: Compute new object addresses 0.821ms
[2026-06-17T09:56:32.536+0800][41.165s][info][gc,phases,start] GC(984) Phase 3: Adjust pointers
[2026-06-17T09:56:32.537+0800][41.166s][info][gc,phases      ] GC(984) Phase 3: Adjust pointers 0.803ms
[2026-06-17T09:56:32.537+0800][41.166s][info][gc,phases,start] GC(984) Phase 4: Move objects
[2026-06-17T09:56:32.541+0800][41.170s][info][gc,phases      ] GC(984) Phase 4: Move objects 3.868ms
[2026-06-17T09:56:32.542+0800][41.171s][info][gc,heap        ] GC(984) DefNew: 19620K(19648K)->0K(19648K) Eden: 17451K(17472K)->0K(17472K) From: 2168K(2176K)->0K(2176K)
[2026-06-17T09:56:32.542+0800][41.171s][info][gc,heap        ] GC(984) Tenured: 38125K(43712K)->31288K(43712K)
[2026-06-17T09:56:32.543+0800][41.172s][info][gc,metaspace   ] GC(984) Metaspace: 153K(384K)->153K(384K) NonClass: 148K(256K)->148K(256K) Class: 4K(128K)->4K(128K)
[2026-06-17T09:56:32.543+0800][41.172s][info][gc             ] GC(984) Pause Full (Allocation Failure) 56M->30M(61M) 10.839ms
[2026-06-17T09:56:32.543+0800][41.172s][info][gc,cpu         ] GC(984) User=0.00s Sys=0.00s Real=0.01s
[2026-06-17T09:56:32.588+0800][41.217s][info][gc,start       ] GC(985) Pause Young (Allocation Failure)
[2026-06-17T09:56:32.590+0800][41.219s][info][gc,heap        ] GC(985) DefNew: 17472K(19648K)->2175K(19648K) Eden: 17472K(17472K)->0K(17472K) From: 0K(2176K)->2175K(2176K)
[2026-06-17T09:56:32.590+0800][41.220s][info][gc,heap        ] GC(985) Tenured: 31288K(43712K)->36476K(43712K)
[2026-06-17T09:56:32.591+0800][41.220s][info][gc,metaspace   ] GC(985) Metaspace: 153K(384K)->153K(384K) NonClass: 148K(256K)->148K(256K) Class: 4K(128K)->4K(128K)
[2026-06-17T09:56:32.591+0800][41.220s][info][gc             ] GC(985) Pause Young (Allocation Failure) 47M->37M(61M) 3.552ms
[2026-06-17T09:56:32.592+0800][41.221s][info][gc,cpu         ] GC(985) User=0.00s Sys=0.00s Real=0.01s
[2026-06-17T09:56:32.635+0800][41.265s][info][gc,start       ] GC(986) Pause Young (Allocation Failure)
[2026-06-17T09:56:32.636+0800][41.266s][info][gc             ] GC(986) Pause Young (Allocation Failure) 54M->54M(61M) 1.077ms
[2026-06-17T09:56:32.637+0800][41.266s][info][gc,cpu         ] GC(986) User=0.00s Sys=0.00s Real=0.00s
[2026-06-17T09:56:32.638+0800][41.267s][info][gc,start       ] GC(987) Pause Full (Allocation Failure)
[2026-06-17T09:56:32.638+0800][41.267s][info][gc,phases,start] GC(987) Phase 1: Mark live objects
[2026-06-17T09:56:32.639+0800][41.269s][info][gc,phases      ] GC(987) Phase 1: Mark live objects 1.161ms
[2026-06-17T09:56:32.640+0800][41.270s][info][gc,phases,start] GC(987) Phase 2: Compute new object addresses
[2026-06-17T09:56:32.641+0800][41.270s][info][gc,phases      ] GC(987) Phase 2: Compute new object addresses 0.963ms
[2026-06-17T09:56:32.642+0800][41.271s][info][gc,phases,start] GC(987) Phase 3: Adjust pointers
[2026-06-17T09:56:32.643+0800][41.272s][info][gc,phases      ] GC(987) Phase 3: Adjust pointers 1.150ms
[2026-06-17T09:56:32.644+0800][41.273s][info][gc,phases,start] GC(987) Phase 4: Move objects
[2026-06-17T09:56:32.646+0800][41.276s][info][gc,phases      ] GC(987) Phase 4: Move objects 2.725ms
[2026-06-17T09:56:32.647+0800][41.276s][info][gc,heap        ] GC(987) DefNew: 19647K(19648K)->0K(19648K) Eden: 17472K(17472K)->0K(17472K) From: 2175K(2176K)->0K(2176K)
[2026-06-17T09:56:32.647+0800][41.277s][info][gc,heap        ] GC(987) Tenured: 36476K(43712K)->26669K(43712K)
[2026-06-17T09:56:32.648+0800][41.277s][info][gc,metaspace   ] GC(987) Metaspace: 153K(384K)->153K(384K) NonClass: 148K(256K)->148K(256K) Class: 4K(128K)->4K(128K)
[2026-06-17T09:56:32.648+0800][41.277s][info][gc             ] GC(987) Pause Full (Allocation Failure) 54M->26M(61M) 10.570ms
[2026-06-17T09:56:32.649+0800][41.278s][info][gc,cpu         ] GC(987) User=0.00s Sys=0.00s Real=0.01s
[2026-06-17T09:56:32.703+0800][41.332s][info][gc,start       ] GC(988) Pause Young (Allocation Failure)
[2026-06-17T09:56:32.704+0800][41.333s][info][gc,heap        ] GC(988) DefNew: 17430K(19648K)->2137K(19648K) Eden: 17430K(17472K)->0K(17472K) From: 0K(2176K)->2137K(2176K)
[2026-06-17T09:56:32.705+0800][41.334s][info][gc,heap        ] GC(988) Tenured: 26669K(43712K)->27934K(43712K)
[2026-06-17T09:56:32.705+0800][41.335s][info][gc,metaspace   ] GC(988) Metaspace: 153K(384K)->153K(384K) NonClass: 148K(256K)->148K(256K) Class: 4K(128K)->4K(128K)
[2026-06-17T09:56:32.706+0800][41.335s][info][gc             ] GC(988) Pause Young (Allocation Failure) 43M->29M(61M) 3.002ms
[2026-06-17T09:56:32.706+0800][41.335s][info][gc,cpu         ] GC(988) User=0.00s Sys=0.00s Real=0.00s
[2026-06-17T09:56:32.750+0800][41.379s][info][gc,start       ] GC(989) Pause Young (Allocation Failure)
[2026-06-17T09:56:32.752+0800][41.382s][info][gc,heap        ] GC(989) DefNew: 19559K(19648K)->2166K(19648K) Eden: 17422K(17472K)->0K(17472K) From: 2137K(2176K)->2166K(2176K)
[2026-06-17T09:56:32.753+0800][41.382s][info][gc,heap        ] GC(989) Tenured: 27934K(43712K)->31461K(43712K)
[2026-06-17T09:56:32.753+0800][41.383s][info][gc,metaspace   ] GC(989) Metaspace: 153K(384K)->153K(384K) NonClass: 148K(256K)->148K(256K) Class: 4K(128K)->4K(128K)
[2026-06-17T09:56:32.754+0800][41.383s][info][gc             ] GC(989) Pause Young (Allocation Failure) 46M->32M(61M) 3.783ms
[2026-06-17T09:56:32.755+0800][41.384s][info][gc,cpu         ] GC(989) User=0.00s Sys=0.00s Real=0.01s
[2026-06-17T09:56:32.800+0800][41.429s][info][gc,start       ] GC(990) Pause Young (Allocation Failure)
[2026-06-17T09:56:32.802+0800][41.431s][info][gc,heap        ] GC(990) DefNew: 19608K(19648K)->2077K(19648K) Eden: 17442K(17472K)->0K(17472K) From: 2166K(2176K)->2077K(2176K)
[2026-06-17T09:56:32.802+0800][41.431s][info][gc,heap        ] GC(990) Tenured: 31461K(43712K)->35363K(43712K)
[2026-06-17T09:56:32.803+0800][41.432s][info][gc,metaspace   ] GC(990) Metaspace: 158K(384K)->158K(384K) NonClass: 153K(256K)->153K(256K) Class: 4K(128K)->4K(128K)
[2026-06-17T09:56:32.803+0800][41.432s][info][gc             ] GC(990) Pause Young (Allocation Failure) 49M->36M(61M) 3.716ms
[2026-06-17T09:56:32.804+0800][41.433s][info][gc,cpu         ] GC(990) User=0.00s Sys=0.00s Real=0.01s
[2026-06-17T09:56:32.847+0800][41.476s][info][gc,start       ] GC(991) Pause Young (Allocation Failure)
[2026-06-17T09:56:32.849+0800][41.478s][info][gc,heap        ] GC(991) DefNew: 19530K(19648K)->2174K(19648K) Eden: 17453K(17472K)->0K(17472K) From: 2077K(2176K)->2174K(2176K)
[2026-06-17T09:56:32.849+0800][41.478s][info][gc,heap        ] GC(991) Tenured: 35363K(43712K)->39107K(43712K)
[2026-06-17T09:56:32.849+0800][41.478s][info][gc,metaspace   ] GC(991) Metaspace: 158K(384K)->158K(384K) NonClass: 153K(256K)->153K(256K) Class: 4K(128K)->4K(128K)
[2026-06-17T09:56:32.850+0800][41.479s][info][gc             ] GC(991) Pause Young (Allocation Failure) 53M->40M(61M) 2.492ms
[2026-06-17T09:56:32.850+0800][41.479s][info][gc,cpu         ] GC(991) User=0.00s Sys=0.00s Real=0.00s
[2026-06-17T09:56:32.893+0800][41.522s][info][gc,start       ] GC(992) Pause Young (Allocation Failure)
[2026-06-17T09:56:32.894+0800][41.523s][info][gc             ] GC(992) Pause Young (Allocation Failure) 57M->57M(61M) 0.593ms
[2026-06-17T09:56:32.894+0800][41.523s][info][gc,cpu         ] GC(992) User=0.00s Sys=0.00s Real=0.00s
[2026-06-17T09:56:32.894+0800][41.523s][info][gc,start       ] GC(993) Pause Full (Allocation Failure)
[2026-06-17T09:56:32.895+0800][41.524s][info][gc,phases,start] GC(993) Phase 1: Mark live objects
[2026-06-17T09:56:32.896+0800][41.525s][info][gc,phases      ] GC(993) Phase 1: Mark live objects 0.978ms
[2026-06-17T09:56:32.896+0800][41.525s][info][gc,phases,start] GC(993) Phase 2: Compute new object addresses
[2026-06-17T09:56:32.897+0800][41.526s][info][gc,phases      ] GC(993) Phase 2: Compute new object addresses 0.719ms
[2026-06-17T09:56:32.897+0800][41.526s][info][gc,phases,start] GC(993) Phase 3: Adjust pointers
[2026-06-17T09:56:32.898+0800][41.527s][info][gc,phases      ] GC(993) Phase 3: Adjust pointers 0.783ms
[2026-06-17T09:56:32.898+0800][41.527s][info][gc,phases,start] GC(993) Phase 4: Move objects
[2026-06-17T09:56:32.901+0800][41.530s][info][gc,phases      ] GC(993) Phase 4: Move objects 2.814ms
[2026-06-17T09:56:32.901+0800][41.531s][info][gc,heap        ] GC(993) DefNew: 19516K(19648K)->0K(19648K) Eden: 17341K(17472K)->0K(17472K) From: 2174K(2176K)->0K(2176K)
[2026-06-17T09:56:32.902+0800][41.531s][info][gc,heap        ] GC(993) Tenured: 39107K(43712K)->30530K(43712K)
[2026-06-17T09:56:32.902+0800][41.531s][info][gc,metaspace   ] GC(993) Metaspace: 158K(384K)->158K(384K) NonClass: 153K(256K)->153K(256K) Class: 4K(128K)->4K(128K)
[2026-06-17T09:56:32.902+0800][41.531s][info][gc             ] GC(993) Pause Full (Allocation Failure) 57M->29M(61M) 7.760ms
[2026-06-17T09:56:32.902+0800][41.531s][info][gc,cpu         ] GC(993) User=0.01s Sys=0.00s Real=0.00s
[2026-06-17T09:56:32.945+0800][41.574s][info][gc,start       ] GC(994) Pause Young (Allocation Failure)
[2026-06-17T09:56:32.946+0800][41.575s][info][gc,heap        ] GC(994) DefNew: 17468K(19648K)->2175K(19648K) Eden: 17468K(17472K)->0K(17472K) From: 0K(2176K)->2175K(2176K)
[2026-06-17T09:56:32.946+0800][41.575s][info][gc,heap        ] GC(994) Tenured: 30530K(43712K)->35194K(43712K)
[2026-06-17T09:56:32.946+0800][41.575s][info][gc,metaspace   ] GC(994) Metaspace: 158K(384K)->158K(384K) NonClass: 153K(256K)->153K(256K) Class: 4K(128K)->4K(128K)
[2026-06-17T09:56:32.946+0800][41.575s][info][gc             ] GC(994) Pause Young (Allocation Failure) 46M->36M(61M) 1.582ms
[2026-06-17T09:56:32.946+0800][41.575s][info][gc,cpu         ] GC(994) User=0.00s Sys=0.00s Real=0.00s
[2026-06-17T09:56:32.999+0800][41.628s][info][gc,start       ] GC(995) Pause Young (Allocation Failure)
[2026-06-17T09:56:33.000+0800][41.629s][info][gc,heap        ] GC(995) DefNew: 19615K(19648K)->2134K(19648K) Eden: 17440K(17472K)->0K(17472K) From: 2175K(2176K)->2134K(2176K)
[2026-06-17T09:56:33.000+0800][41.629s][info][gc,heap        ] GC(995) Tenured: 35194K(43712K)->37965K(43712K)
[2026-06-17T09:56:33.000+0800][41.629s][info][gc,metaspace   ] GC(995) Metaspace: 158K(384K)->158K(384K) NonClass: 153K(256K)->153K(256K) Class: 4K(128K)->4K(128K)
[2026-06-17T09:56:33.000+0800][41.629s][info][gc             ] GC(995) Pause Young (Allocation Failure) 53M->39M(61M) 1.795ms
[2026-06-17T09:56:33.001+0800][41.630s][info][gc,cpu         ] GC(995) User=0.00s Sys=0.00s Real=0.00s
[2026-06-17T09:56:33.033+0800][41.662s][info][gc,start       ] GC(996) Pause Young (Allocation Failure)
[2026-06-17T09:56:33.033+0800][41.662s][info][gc             ] GC(996) Pause Young (Allocation Failure) 55M->55M(61M) 0.378ms
[2026-06-17T09:56:33.033+0800][41.662s][info][gc,cpu         ] GC(996) User=0.00s Sys=0.00s Real=0.00s
[2026-06-17T09:56:33.034+0800][41.663s][info][gc,start       ] GC(997) Pause Full (Allocation Failure)
[2026-06-17T09:56:33.034+0800][41.664s][info][gc,phases,start] GC(997) Phase 1: Mark live objects
[2026-06-17T09:56:33.035+0800][41.664s][info][gc,phases      ] GC(997) Phase 1: Mark live objects 0.647ms
[2026-06-17T09:56:33.035+0800][41.665s][info][gc,phases,start] GC(997) Phase 2: Compute new object addresses
[2026-06-17T09:56:33.036+0800][41.665s][info][gc,phases      ] GC(997) Phase 2: Compute new object addresses 0.432ms
[2026-06-17T09:56:33.036+0800][41.665s][info][gc,phases,start] GC(997) Phase 3: Adjust pointers
[2026-06-17T09:56:33.037+0800][41.666s][info][gc,phases      ] GC(997) Phase 3: Adjust pointers 0.483ms
[2026-06-17T09:56:33.037+0800][41.666s][info][gc,phases,start] GC(997) Phase 4: Move objects
[2026-06-17T09:56:33.039+0800][41.668s][info][gc,phases      ] GC(997) Phase 4: Move objects 2.450ms
[2026-06-17T09:56:33.040+0800][41.669s][info][gc,heap        ] GC(997) DefNew: 19338K(19648K)->0K(19648K) Eden: 17204K(17472K)->0K(17472K) From: 2134K(2176K)->0K(2176K)
[2026-06-17T09:56:33.040+0800][41.669s][info][gc,heap        ] GC(997) Tenured: 37965K(43712K)->24962K(43712K)
[2026-06-17T09:56:33.040+0800][41.669s][info][gc,metaspace   ] GC(997) Metaspace: 158K(384K)->158K(384K) NonClass: 153K(256K)->153K(256K) Class: 4K(128K)->4K(128K)
[2026-06-17T09:56:33.040+0800][41.670s][info][gc             ] GC(997) Pause Full (Allocation Failure) 55M->24M(61M) 6.400ms
[2026-06-17T09:56:33.041+0800][41.670s][info][gc,cpu         ] GC(997) User=0.00s Sys=0.00s Real=0.00s
[2026-06-17T09:56:33.093+0800][41.722s][info][gc,start       ] GC(998) Pause Young (Allocation Failure)
[2026-06-17T09:56:33.095+0800][41.724s][info][gc,heap        ] GC(998) DefNew: 17471K(19648K)->2169K(19648K) Eden: 17471K(17472K)->0K(17472K) From: 0K(2176K)->2169K(2176K)
[2026-06-17T09:56:33.097+0800][41.726s][info][gc,heap        ] GC(998) Tenured: 24962K(43712K)->26896K(43712K)
[2026-06-17T09:56:33.098+0800][41.727s][info][gc,metaspace   ] GC(998) Metaspace: 158K(384K)->158K(384K) NonClass: 153K(256K)->153K(256K) Class: 4K(128K)->4K(128K)
[2026-06-17T09:56:33.098+0800][41.727s][info][gc             ] GC(998) Pause Young (Allocation Failure) 41M->28M(61M) 4.759ms
[2026-06-17T09:56:33.099+0800][41.728s][info][gc,cpu         ] GC(998) User=0.00s Sys=0.00s Real=0.00s
[2026-06-17T09:56:33.142+0800][41.771s][info][gc,start       ] GC(999) Pause Young (Allocation Failure)
[2026-06-17T09:56:33.143+0800][41.772s][info][gc,heap        ] GC(999) DefNew: 19633K(19648K)->2167K(19648K) Eden: 17464K(17472K)->0K(17472K) From: 2169K(2176K)->2167K(2176K)
[2026-06-17T09:56:33.144+0800][41.773s][info][gc,heap        ] GC(999) Tenured: 26896K(43712K)->30575K(43712K)
[2026-06-17T09:56:33.144+0800][41.773s][info][gc,metaspace   ] GC(999) Metaspace: 158K(384K)->158K(384K) NonClass: 153K(256K)->153K(256K) Class: 4K(128K)->4K(128K)
[2026-06-17T09:56:33.144+0800][41.774s][info][gc             ] GC(999) Pause Young (Allocation Failure) 45M->31M(61M) 2.521ms
[2026-06-17T09:56:33.145+0800][41.774s][info][gc,cpu         ] GC(999) User=0.00s Sys=0.00s Real=0.01s
[2026-06-17T09:56:33.187+0800][41.817s][info][gc,start       ] GC(1000) Pause Young (Allocation Failure)
[2026-06-17T09:56:33.189+0800][41.818s][info][gc,heap        ] GC(1000) DefNew: 19607K(19648K)->2146K(19648K) Eden: 17439K(17472K)->0K(17472K) From: 2167K(2176K)->2146K(2176K)
[2026-06-17T09:56:33.189+0800][41.819s][info][gc,heap        ] GC(1000) Tenured: 30575K(43712K)->36171K(43712K)
[2026-06-17T09:56:33.190+0800][41.819s][info][gc,metaspace   ] GC(1000) Metaspace: 158K(384K)->158K(384K) NonClass: 153K(256K)->153K(256K) Class: 4K(128K)->4K(128K)
[2026-06-17T09:56:33.191+0800][41.820s][info][gc             ] GC(1000) Pause Young (Allocation Failure) 49M->37M(61M) 3.129ms
[2026-06-17T09:56:33.191+0800][41.820s][info][gc,cpu         ] GC(1000) User=0.00s Sys=0.00s Real=0.01s
[2026-06-17T09:56:33.233+0800][41.862s][info][gc,start       ] GC(1001) Pause Young (Allocation Failure)
[2026-06-17T09:56:33.234+0800][41.864s][info][gc,heap        ] GC(1001) DefNew: 19581K(19648K)->2172K(19648K) Eden: 17435K(17472K)->0K(17472K) From: 2146K(2176K)->2172K(2176K)
[2026-06-17T09:56:33.235+0800][41.864s][info][gc,heap        ] GC(1001) Tenured: 36171K(43712K)->39314K(43712K)
[2026-06-17T09:56:33.236+0800][41.865s][info][gc,metaspace   ] GC(1001) Metaspace: 158K(384K)->158K(384K) NonClass: 153K(256K)->153K(256K) Class: 4K(128K)->4K(128K)
[2026-06-17T09:56:33.243+0800][41.872s][info][gc             ] GC(1001) Pause Young (Allocation Failure) 54M->40M(61M) 9.747ms
[2026-06-17T09:56:33.244+0800][41.873s][info][gc,cpu         ] GC(1001) User=0.00s Sys=0.00s Real=0.01s
[2026-06-17T09:56:33.286+0800][41.915s][info][gc,start       ] GC(1002) Pause Young (Allocation Failure)
[2026-06-17T09:56:33.286+0800][41.915s][info][gc             ] GC(1002) Pause Young (Allocation Failure) 57M->57M(61M) 0.313ms
[2026-06-17T09:56:33.286+0800][41.916s][info][gc,cpu         ] GC(1002) User=0.00s Sys=0.00s Real=0.00s
[2026-06-17T09:56:33.287+0800][41.916s][info][gc,start       ] GC(1003) Pause Full (Allocation Failure)
[2026-06-17T09:56:33.287+0800][41.916s][info][gc,phases,start] GC(1003) Phase 1: Mark live objects
[2026-06-17T09:56:33.287+0800][41.916s][info][gc,phases      ] GC(1003) Phase 1: Mark live objects 0.478ms
[2026-06-17T09:56:33.287+0800][41.917s][info][gc,phases,start] GC(1003) Phase 2: Compute new object addresses
[2026-06-17T09:56:33.288+0800][41.917s][info][gc,phases      ] GC(1003) Phase 2: Compute new object addresses 0.840ms
[2026-06-17T09:56:33.291+0800][41.920s][info][gc,phases,start] GC(1003) Phase 3: Adjust pointers
[2026-06-17T09:56:33.292+0800][41.921s][info][gc,phases      ] GC(1003) Phase 3: Adjust pointers 0.638ms
[2026-06-17T09:56:33.292+0800][41.921s][info][gc,phases,start] GC(1003) Phase 4: Move objects
[2026-06-17T09:56:33.294+0800][41.924s][info][gc,phases      ] GC(1003) Phase 4: Move objects 2.641ms
[2026-06-17T09:56:33.296+0800][41.925s][info][gc,heap        ] GC(1003) DefNew: 19477K(19648K)->0K(19648K) Eden: 17305K(17472K)->0K(17472K) From: 2172K(2176K)->0K(2176K)
[2026-06-17T09:56:33.296+0800][41.925s][info][gc,heap        ] GC(1003) Tenured: 39314K(43712K)->30105K(43712K)
[2026-06-17T09:56:33.296+0800][41.925s][info][gc,metaspace   ] GC(1003) Metaspace: 158K(384K)->158K(384K) NonClass: 153K(256K)->153K(256K) Class: 4K(128K)->4K(128K)
[2026-06-17T09:56:33.296+0800][41.926s][info][gc             ] GC(1003) Pause Full (Allocation Failure) 57M->29M(61M) 9.755ms
[2026-06-17T09:56:33.297+0800][41.926s][info][gc,cpu         ] GC(1003) User=0.00s Sys=0.00s Real=0.01s
[2026-06-17T09:56:33.339+0800][41.968s][info][gc,start       ] GC(1004) Pause Young (Allocation Failure)
[2026-06-17T09:56:33.341+0800][41.970s][info][gc,heap        ] GC(1004) DefNew: 16820K(19648K)->2141K(19648K) Eden: 16820K(17472K)->0K(17472K) From: 0K(2176K)->2141K(2176K)
[2026-06-17T09:56:33.344+0800][41.973s][info][gc,heap        ] GC(1004) Tenured: 30105K(43712K)->30728K(43712K)
[2026-06-17T09:56:33.347+0800][41.976s][info][gc,metaspace   ] GC(1004) Metaspace: 158K(384K)->158K(384K) NonClass: 153K(256K)->153K(256K) Class: 4K(128K)->4K(128K)
[2026-06-17T09:56:33.347+0800][41.977s][info][gc             ] GC(1004) Pause Young (Allocation Failure) 45M->32M(61M) 8.779ms
[2026-06-17T09:56:33.348+0800][41.977s][info][gc,cpu         ] GC(1004) User=0.00s Sys=0.00s Real=0.01s
[2026-06-17T09:56:33.400+0800][42.029s][info][gc,start       ] GC(1005) Pause Young (Allocation Failure)
[2026-06-17T09:56:33.402+0800][42.031s][info][gc,heap        ] GC(1005) DefNew: 19597K(19648K)->2042K(19648K) Eden: 17455K(17472K)->0K(17472K) From: 2141K(2176K)->2042K(2176K)
[2026-06-17T09:56:33.402+0800][42.031s][info][gc,heap        ] GC(1005) Tenured: 30728K(43712K)->34820K(43712K)
[2026-06-17T09:56:33.403+0800][42.032s][info][gc,metaspace   ] GC(1005) Metaspace: 158K(384K)->158K(384K) NonClass: 153K(256K)->153K(256K) Class: 4K(128K)->4K(128K)
[2026-06-17T09:56:33.403+0800][42.032s][info][gc             ] GC(1005) Pause Young (Allocation Failure) 49M->35M(61M) 2.921ms
[2026-06-17T09:56:33.404+0800][42.033s][info][gc,cpu         ] GC(1005) User=0.00s Sys=0.00s Real=0.01s
[2026-06-17T09:56:33.446+0800][42.075s][info][gc,start       ] GC(1006) Pause Young (Allocation Failure)
[2026-06-17T09:56:33.448+0800][42.077s][info][gc,heap        ] GC(1006) DefNew: 19514K(19648K)->2109K(19648K) Eden: 17472K(17472K)->0K(17472K) From: 2042K(2176K)->2109K(2176K)
[2026-06-17T09:56:33.448+0800][42.077s][info][gc,heap        ] GC(1006) Tenured: 34820K(43712K)->37937K(43712K)
[2026-06-17T09:56:33.448+0800][42.077s][info][gc,metaspace   ] GC(1006) Metaspace: 158K(384K)->158K(384K) NonClass: 153K(256K)->153K(256K) Class: 4K(128K)->4K(128K)
[2026-06-17T09:56:33.449+0800][42.078s][info][gc             ] GC(1006) Pause Young (Allocation Failure) 53M->39M(61M) 2.432ms
[2026-06-17T09:56:33.449+0800][42.078s][info][gc,cpu         ] GC(1006) User=0.00s Sys=0.00s Real=0.00s
[2026-06-17T09:56:33.491+0800][42.121s][info][gc,start       ] GC(1007) Pause Young (Allocation Failure)
[2026-06-17T09:56:33.492+0800][42.121s][info][gc             ] GC(1007) Pause Young (Allocation Failure) 56M->56M(61M) 0.307ms
[2026-06-17T09:56:33.492+0800][42.121s][info][gc,cpu         ] GC(1007) User=0.00s Sys=0.00s Real=0.00s
[2026-06-17T09:56:33.492+0800][42.121s][info][gc,start       ] GC(1008) Pause Full (Allocation Failure)
[2026-06-17T09:56:33.492+0800][42.121s][info][gc,phases,start] GC(1008) Phase 1: Mark live objects
[2026-06-17T09:56:33.493+0800][42.122s][info][gc,phases      ] GC(1008) Phase 1: Mark live objects 0.488ms
[2026-06-17T09:56:33.493+0800][42.122s][info][gc,phases,start] GC(1008) Phase 2: Compute new object addresses
[2026-06-17T09:56:33.493+0800][42.122s][info][gc,phases      ] GC(1008) Phase 2: Compute new object addresses 0.347ms
[2026-06-17T09:56:33.493+0800][42.123s][info][gc,phases,start] GC(1008) Phase 3: Adjust pointers
[2026-06-17T09:56:33.494+0800][42.123s][info][gc,phases      ] GC(1008) Phase 3: Adjust pointers 0.336ms
[2026-06-17T09:56:33.494+0800][42.123s][info][gc,phases,start] GC(1008) Phase 4: Move objects
[2026-06-17T09:56:33.496+0800][42.125s][info][gc,phases      ] GC(1008) Phase 4: Move objects 1.701ms
[2026-06-17T09:56:33.496+0800][42.125s][info][gc,heap        ] GC(1008) DefNew: 19581K(19648K)->0K(19648K) Eden: 17472K(17472K)->0K(17472K) From: 2109K(2176K)->0K(2176K)
[2026-06-17T09:56:33.496+0800][42.125s][info][gc,heap        ] GC(1008) Tenured: 37937K(43712K)->24123K(43712K)
[2026-06-17T09:56:33.496+0800][42.125s][info][gc,metaspace   ] GC(1008) Metaspace: 158K(384K)->158K(384K) NonClass: 153K(256K)->153K(256K) Class: 4K(128K)->4K(128K)
[2026-06-17T09:56:33.496+0800][42.125s][info][gc             ] GC(1008) Pause Full (Allocation Failure) 56M->23M(61M) 4.263ms
[2026-06-17T09:56:33.496+0800][42.126s][info][gc,cpu         ] GC(1008) User=0.00s Sys=0.00s Real=0.00s
[2026-06-17T09:56:33.538+0800][42.167s][info][gc,start       ] GC(1009) Pause Young (Allocation Failure)
[2026-06-17T09:56:33.539+0800][42.168s][info][gc,heap        ] GC(1009) DefNew: 17472K(19648K)->2171K(19648K) Eden: 17472K(17472K)->0K(17472K) From: 0K(2176K)->2171K(2176K)
[2026-06-17T09:56:33.540+0800][42.169s][info][gc,heap        ] GC(1009) Tenured: 24123K(43712K)->28730K(43712K)
[2026-06-17T09:56:33.540+0800][42.169s][info][gc,metaspace   ] GC(1009) Metaspace: 158K(384K)->158K(384K) NonClass: 153K(256K)->153K(256K) Class: 4K(128K)->4K(128K)
[2026-06-17T09:56:33.540+0800][42.169s][info][gc             ] GC(1009) Pause Young (Allocation Failure) 40M->30M(61M) 1.659ms
[2026-06-17T09:56:33.540+0800][42.169s][info][gc,cpu         ] GC(1009) User=0.00s Sys=0.00s Real=0.00s
[2026-06-17T09:56:33.582+0800][42.211s][info][gc,start       ] GC(1010) Pause Young (Allocation Failure)
[2026-06-17T09:56:33.583+0800][42.213s][info][gc,heap        ] GC(1010) DefNew: 19595K(19648K)->2135K(19648K) Eden: 17424K(17472K)->0K(17472K) From: 2171K(2176K)->2135K(2176K)
[2026-06-17T09:56:33.584+0800][42.213s][info][gc,heap        ] GC(1010) Tenured: 28730K(43712K)->34876K(43712K)
[2026-06-17T09:56:33.584+0800][42.213s][info][gc,metaspace   ] GC(1010) Metaspace: 158K(384K)->158K(384K) NonClass: 153K(256K)->153K(256K) Class: 4K(128K)->4K(128K)
[2026-06-17T09:56:33.584+0800][42.213s][info][gc             ] GC(1010) Pause Young (Allocation Failure) 47M->36M(61M) 1.769ms
[2026-06-17T09:56:33.584+0800][42.213s][info][gc,cpu         ] GC(1010) User=0.01s Sys=0.00s Real=0.01s
[2026-06-17T09:56:33.626+0800][42.255s][info][gc,start       ] GC(1011) Pause Young (Allocation Failure)
[2026-06-17T09:56:33.627+0800][42.256s][info][gc,heap        ] GC(1011) DefNew: 19572K(19648K)->2140K(19648K) Eden: 17436K(17472K)->0K(17472K) From: 2135K(2176K)->2140K(2176K)
[2026-06-17T09:56:33.627+0800][42.257s][info][gc,heap        ] GC(1011) Tenured: 34876K(43712K)->37776K(43712K)
[2026-06-17T09:56:33.630+0800][42.259s][info][gc,metaspace   ] GC(1011) Metaspace: 158K(384K)->158K(384K) NonClass: 153K(256K)->153K(256K) Class: 4K(128K)->4K(128K)
[2026-06-17T09:56:33.632+0800][42.261s][info][gc             ] GC(1011) Pause Young (Allocation Failure) 53M->38M(61M) 5.701ms
[2026-06-17T09:56:33.634+0800][42.263s][info][gc,cpu         ] GC(1011) User=0.00s Sys=0.00s Real=0.01s
[2026-06-17T09:56:33.677+0800][42.306s][info][gc,start       ] GC(1012) Pause Young (Allocation Failure)
[2026-06-17T09:56:33.677+0800][42.306s][info][gc             ] GC(1012) Pause Young (Allocation Failure) 56M->56M(61M) 0.635ms
[2026-06-17T09:56:33.678+0800][42.307s][info][gc,cpu         ] GC(1012) User=0.00s Sys=0.00s Real=0.00s
[2026-06-17T09:56:33.680+0800][42.309s][info][gc,start       ] GC(1013) Pause Full (Allocation Failure)
[2026-06-17T09:56:33.680+0800][42.309s][info][gc,phases,start] GC(1013) Phase 1: Mark live objects
[2026-06-17T09:56:33.682+0800][42.311s][info][gc,phases      ] GC(1013) Phase 1: Mark live objects 1.444ms
[2026-06-17T09:56:33.684+0800][42.313s][info][gc,phases,start] GC(1013) Phase 2: Compute new object addresses
[2026-06-17T09:56:33.686+0800][42.315s][info][gc,phases      ] GC(1013) Phase 2: Compute new object addresses 2.189ms
[2026-06-17T09:56:33.688+0800][42.317s][info][gc,phases,start] GC(1013) Phase 3: Adjust pointers
[2026-06-17T09:56:33.690+0800][42.319s][info][gc,phases      ] GC(1013) Phase 3: Adjust pointers 1.989ms
[2026-06-17T09:56:33.691+0800][42.320s][info][gc,phases,start] GC(1013) Phase 4: Move objects
[2026-06-17T09:56:33.694+0800][42.323s][info][gc,phases      ] GC(1013) Phase 4: Move objects 2.404ms
[2026-06-17T09:56:33.694+0800][42.323s][info][gc,heap        ] GC(1013) DefNew: 19612K(19648K)->0K(19648K) Eden: 17472K(17472K)->0K(17472K) From: 2140K(2176K)->0K(2176K)
[2026-06-17T09:56:33.694+0800][42.324s][info][gc,heap        ] GC(1013) Tenured: 37776K(43712K)->28473K(43712K)
[2026-06-17T09:56:33.695+0800][42.324s][info][gc,metaspace   ] GC(1013) Metaspace: 158K(384K)->158K(384K) NonClass: 153K(256K)->153K(256K) Class: 4K(128K)->4K(128K)
[2026-06-17T09:56:33.695+0800][42.324s][info][gc             ] GC(1013) Pause Full (Allocation Failure) 56M->27M(61M) 15.697ms
[2026-06-17T09:56:33.698+0800][42.327s][info][gc,cpu         ] GC(1013) User=0.00s Sys=0.01s Real=0.02s
[2026-06-17T09:56:33.743+0800][42.372s][info][gc,start       ] GC(1014) Pause Young (Allocation Failure)
[2026-06-17T09:56:33.745+0800][42.374s][info][gc,heap        ] GC(1014) DefNew: 17472K(19648K)->2171K(19648K) Eden: 17472K(17472K)->0K(17472K) From: 0K(2176K)->2171K(2176K)
[2026-06-17T09:56:33.745+0800][42.374s][info][gc,heap        ] GC(1014) Tenured: 28473K(43712K)->33625K(43712K)
[2026-06-17T09:56:33.746+0800][42.375s][info][gc,metaspace   ] GC(1014) Metaspace: 158K(384K)->158K(384K) NonClass: 153K(256K)->153K(256K) Class: 4K(128K)->4K(128K)
[2026-06-17T09:56:33.746+0800][42.375s][info][gc             ] GC(1014) Pause Young (Allocation Failure) 44M->34M(61M) 2.910ms
[2026-06-17T09:56:33.746+0800][42.375s][info][gc,cpu         ] GC(1014) User=0.00s Sys=0.00s Real=0.00s
[2026-06-17T09:56:33.789+0800][42.418s][info][gc,start       ] GC(1015) Pause Young (Allocation Failure)
[2026-06-17T09:56:33.791+0800][42.420s][info][gc,heap        ] GC(1015) DefNew: 19633K(19648K)->2170K(19648K) Eden: 17462K(17472K)->0K(17472K) From: 2171K(2176K)->2170K(2176K)
[2026-06-17T09:56:33.791+0800][42.420s][info][gc,heap        ] GC(1015) Tenured: 33625K(43712K)->38336K(43712K)
[2026-06-17T09:56:33.791+0800][42.421s][info][gc,metaspace   ] GC(1015) Metaspace: 158K(384K)->158K(384K) NonClass: 153K(256K)->153K(256K) Class: 4K(128K)->4K(128K)
[2026-06-17T09:56:33.792+0800][42.421s][info][gc             ] GC(1015) Pause Young (Allocation Failure) 52M->39M(61M) 2.795ms
[2026-06-17T09:56:33.792+0800][42.421s][info][gc,cpu         ] GC(1015) User=0.00s Sys=0.00s Real=0.01s
[2026-06-17T09:56:33.835+0800][42.464s][info][gc,start       ] GC(1016) Pause Young (Allocation Failure)
[2026-06-17T09:56:33.836+0800][42.465s][info][gc             ] GC(1016) Pause Young (Allocation Failure) 56M->56M(61M) 0.690ms
[2026-06-17T09:56:33.836+0800][42.465s][info][gc,cpu         ] GC(1016) User=0.00s Sys=0.00s Real=0.00s
[2026-06-17T09:56:33.837+0800][42.466s][info][gc,start       ] GC(1017) Pause Full (Allocation Failure)
[2026-06-17T09:56:33.837+0800][42.466s][info][gc,phases,start] GC(1017) Phase 1: Mark live objects
[2026-06-17T09:56:33.838+0800][42.467s][info][gc,phases      ] GC(1017) Phase 1: Mark live objects 1.124ms
[2026-06-17T09:56:33.838+0800][42.467s][info][gc,phases,start] GC(1017) Phase 2: Compute new object addresses
[2026-06-17T09:56:33.839+0800][42.468s][info][gc,phases      ] GC(1017) Phase 2: Compute new object addresses 0.863ms
[2026-06-17T09:56:33.840+0800][42.469s][info][gc,phases,start] GC(1017) Phase 3: Adjust pointers
[2026-06-17T09:56:33.840+0800][42.470s][info][gc,phases      ] GC(1017) Phase 3: Adjust pointers 0.786ms
[2026-06-17T09:56:33.841+0800][42.470s][info][gc,phases,start] GC(1017) Phase 4: Move objects
[2026-06-17T09:56:33.842+0800][42.471s][info][gc,phases      ] GC(1017) Phase 4: Move objects 1.669ms
[2026-06-17T09:56:33.843+0800][42.472s][info][gc,heap        ] GC(1017) DefNew: 19343K(19648K)->0K(19648K) Eden: 17172K(17472K)->0K(17472K) From: 2170K(2176K)->0K(2176K)
[2026-06-17T09:56:33.843+0800][42.472s][info][gc,heap        ] GC(1017) Tenured: 38336K(43712K)->35148K(43712K)
[2026-06-17T09:56:33.843+0800][42.472s][info][gc,metaspace   ] GC(1017) Metaspace: 158K(384K)->158K(384K) NonClass: 153K(256K)->153K(256K) Class: 4K(128K)->4K(128K)
[2026-06-17T09:56:33.844+0800][42.473s][info][gc             ] GC(1017) Pause Full (Allocation Failure) 56M->34M(61M) 7.142ms
[2026-06-17T09:56:33.844+0800][42.473s][info][gc,cpu         ] GC(1017) User=0.00s Sys=0.00s Real=0.01s
[2026-06-17T09:56:33.888+0800][42.517s][info][gc,start       ] GC(1018) Pause Young (Allocation Failure)
[2026-06-17T09:56:33.889+0800][42.519s][info][gc,heap        ] GC(1018) DefNew: 17472K(19648K)->2172K(19648K) Eden: 17472K(17472K)->0K(17472K) From: 0K(2176K)->2172K(2176K)
[2026-06-17T09:56:33.890+0800][42.519s][info][gc,heap        ] GC(1018) Tenured: 35148K(43712K)->39898K(43712K)
[2026-06-17T09:56:33.890+0800][42.519s][info][gc,metaspace   ] GC(1018) Metaspace: 158K(384K)->158K(384K) NonClass: 153K(256K)->153K(256K) Class: 4K(128K)->4K(128K)
[2026-06-17T09:56:33.891+0800][42.520s][info][gc             ] GC(1018) Pause Young (Allocation Failure) 51M->41M(61M) 3.061ms
[2026-06-17T09:56:33.891+0800][42.520s][info][gc,cpu         ] GC(1018) User=0.01s Sys=0.00s Real=0.01s
[2026-06-17T09:56:33.945+0800][42.574s][info][gc,start       ] GC(1019) Pause Young (Allocation Failure)
[2026-06-17T09:56:33.945+0800][42.575s][info][gc             ] GC(1019) Pause Young (Allocation Failure) 58M->58M(61M) 0.893ms
[2026-06-17T09:56:33.946+0800][42.575s][info][gc,cpu         ] GC(1019) User=0.00s Sys=0.00s Real=0.00s
[2026-06-17T09:56:33.947+0800][42.576s][info][gc,start       ] GC(1020) Pause Full (Allocation Failure)
[2026-06-17T09:56:33.948+0800][42.577s][info][gc,phases,start] GC(1020) Phase 1: Mark live objects
[2026-06-17T09:56:33.949+0800][42.578s][info][gc,phases      ] GC(1020) Phase 1: Mark live objects 1.384ms
[2026-06-17T09:56:33.949+0800][42.579s][info][gc,phases,start] GC(1020) Phase 2: Compute new object addresses
[2026-06-17T09:56:33.950+0800][42.579s][info][gc,phases      ] GC(1020) Phase 2: Compute new object addresses 0.760ms
[2026-06-17T09:56:33.951+0800][42.580s][info][gc,phases,start] GC(1020) Phase 3: Adjust pointers
[2026-06-17T09:56:33.951+0800][42.581s][info][gc,phases      ] GC(1020) Phase 3: Adjust pointers 0.838ms
[2026-06-17T09:56:33.952+0800][42.581s][info][gc,phases,start] GC(1020) Phase 4: Move objects
[2026-06-17T09:56:33.956+0800][42.585s][info][gc,phases      ] GC(1020) Phase 4: Move objects 4.068ms
[2026-06-17T09:56:33.956+0800][42.585s][info][gc,heap        ] GC(1020) DefNew: 19616K(19648K)->0K(19648K) Eden: 17443K(17472K)->0K(17472K) From: 2172K(2176K)->0K(2176K)
[2026-06-17T09:56:33.957+0800][42.586s][info][gc,heap        ] GC(1020) Tenured: 39898K(43712K)->29736K(43712K)
[2026-06-17T09:56:33.957+0800][42.586s][info][gc,metaspace   ] GC(1020) Metaspace: 158K(384K)->158K(384K) NonClass: 153K(256K)->153K(256K) Class: 4K(128K)->4K(128K)
[2026-06-17T09:56:33.957+0800][42.586s][info][gc             ] GC(1020) Pause Full (Allocation Failure) 58M->29M(61M) 10.254ms
[2026-06-17T09:56:33.957+0800][42.586s][info][gc,cpu         ] GC(1020) User=0.00s Sys=0.00s Real=0.01s
[2026-06-17T09:56:33.989+0800][42.619s][info][gc,start       ] GC(1021) Pause Young (Allocation Failure)
[2026-06-17T09:56:33.991+0800][42.620s][info][gc,heap        ] GC(1021) DefNew: 17322K(19648K)->2173K(19648K) Eden: 17322K(17472K)->0K(17472K) From: 0K(2176K)->2173K(2176K)
[2026-06-17T09:56:33.991+0800][42.620s][info][gc,heap        ] GC(1021) Tenured: 29736K(43712K)->34223K(43712K)
[2026-06-17T09:56:33.992+0800][42.621s][info][gc,metaspace   ] GC(1021) Metaspace: 158K(384K)->158K(384K) NonClass: 153K(256K)->153K(256K) Class: 4K(128K)->4K(128K)
[2026-06-17T09:56:33.992+0800][42.621s][info][gc             ] GC(1021) Pause Young (Allocation Failure) 45M->35M(61M) 2.450ms
[2026-06-17T09:56:33.992+0800][42.621s][info][gc,cpu         ] GC(1021) User=0.00s Sys=0.00s Real=0.01s
[2026-06-17T09:56:34.046+0800][42.675s][info][gc,start       ] GC(1022) Pause Young (Allocation Failure)
[2026-06-17T09:56:34.048+0800][42.677s][info][gc,heap        ] GC(1022) DefNew: 19645K(19648K)->2154K(19648K) Eden: 17472K(17472K)->0K(17472K) From: 2173K(2176K)->2154K(2176K)
[2026-06-17T09:56:34.049+0800][42.678s][info][gc,heap        ] GC(1022) Tenured: 34223K(43712K)->38269K(43712K)
[2026-06-17T09:56:34.050+0800][42.679s][info][gc,metaspace   ] GC(1022) Metaspace: 158K(384K)->158K(384K) NonClass: 153K(256K)->153K(256K) Class: 4K(128K)->4K(128K)
[2026-06-17T09:56:34.051+0800][42.680s][info][gc             ] GC(1022) Pause Young (Allocation Failure) 52M->39M(61M) 5.380ms
[2026-06-17T09:56:34.052+0800][42.681s][info][gc,cpu         ] GC(1022) User=0.00s Sys=0.00s Real=0.01s
[2026-06-17T09:56:34.097+0800][42.726s][info][gc,start       ] GC(1023) Pause Young (Allocation Failure)
[2026-06-17T09:56:34.098+0800][42.727s][info][gc             ] GC(1023) Pause Young (Allocation Failure) 56M->56M(61M) 0.795ms
[2026-06-17T09:56:34.100+0800][42.729s][info][gc,cpu         ] GC(1023) User=0.00s Sys=0.00s Real=0.00s
[2026-06-17T09:56:34.102+0800][42.732s][info][gc,start       ] GC(1024) Pause Full (Allocation Failure)
[2026-06-17T09:56:34.104+0800][42.734s][info][gc,phases,start] GC(1024) Phase 1: Mark live objects
[2026-06-17T09:56:34.107+0800][42.736s][info][gc,phases      ] GC(1024) Phase 1: Mark live objects 2.575ms
[2026-06-17T09:56:34.108+0800][42.737s][info][gc,phases,start] GC(1024) Phase 2: Compute new object addresses
[2026-06-17T09:56:34.109+0800][42.738s][info][gc,phases      ] GC(1024) Phase 2: Compute new object addresses 1.049ms
[2026-06-17T09:56:34.109+0800][42.738s][info][gc,phases,start] GC(1024) Phase 3: Adjust pointers
[2026-06-17T09:56:34.110+0800][42.739s][info][gc,phases      ] GC(1024) Phase 3: Adjust pointers 0.927ms
[2026-06-17T09:56:34.111+0800][42.740s][info][gc,phases,start] GC(1024) Phase 4: Move objects
[2026-06-17T09:56:34.113+0800][42.743s][info][gc,phases      ] GC(1024) Phase 4: Move objects 2.854ms
[2026-06-17T09:56:34.114+0800][42.743s][info][gc,heap        ] GC(1024) DefNew: 19349K(19648K)->0K(19648K) Eden: 17195K(17472K)->0K(17472K) From: 2154K(2176K)->0K(2176K)
[2026-06-17T09:56:34.114+0800][42.744s][info][gc,heap        ] GC(1024) Tenured: 38269K(43712K)->21226K(43712K)
[2026-06-17T09:56:34.115+0800][42.744s][info][gc,metaspace   ] GC(1024) Metaspace: 158K(384K)->158K(384K) NonClass: 153K(256K)->153K(256K) Class: 4K(128K)->4K(128K)
[2026-06-17T09:56:34.115+0800][42.744s][info][gc             ] GC(1024) Pause Full (Allocation Failure) 56M->20M(61M) 12.716ms
[2026-06-17T09:56:34.115+0800][42.745s][info][gc,cpu         ] GC(1024) User=0.01s Sys=0.00s Real=0.02s
[2026-06-17T09:56:34.158+0800][42.787s][info][gc,start       ] GC(1025) Pause Young (Allocation Failure)
[2026-06-17T09:56:34.160+0800][42.790s][info][gc,heap        ] GC(1025) DefNew: 17472K(19648K)->2173K(19648K) Eden: 17472K(17472K)->0K(17472K) From: 0K(2176K)->2173K(2176K)
[2026-06-17T09:56:34.161+0800][42.790s][info][gc,heap        ] GC(1025) Tenured: 21226K(43712K)->26411K(43712K)
[2026-06-17T09:56:34.162+0800][42.791s][info][gc,metaspace   ] GC(1025) Metaspace: 158K(384K)->158K(384K) NonClass: 153K(256K)->153K(256K) Class: 4K(128K)->4K(128K)
[2026-06-17T09:56:34.163+0800][42.792s][info][gc             ] GC(1025) Pause Young (Allocation Failure) 37M->27M(61M) 4.226ms
[2026-06-17T09:56:34.163+0800][42.792s][info][gc,cpu         ] GC(1025) User=0.00s Sys=0.00s Real=0.01s
[2026-06-17T09:56:34.217+0800][42.846s][info][gc,start       ] GC(1026) Pause Young (Allocation Failure)
[2026-06-17T09:56:34.218+0800][42.847s][info][gc,heap        ] GC(1026) DefNew: 19615K(19648K)->2121K(19648K) Eden: 17442K(17472K)->0K(17472K) From: 2173K(2176K)->2121K(2176K)
[2026-06-17T09:56:34.219+0800][42.848s][info][gc,heap        ] GC(1026) Tenured: 26411K(43712K)->29620K(43712K)
[2026-06-17T09:56:34.219+0800][42.848s][info][gc,metaspace   ] GC(1026) Metaspace: 158K(384K)->158K(384K) NonClass: 153K(256K)->153K(256K) Class: 4K(128K)->4K(128K)
[2026-06-17T09:56:34.220+0800][42.849s][info][gc             ] GC(1026) Pause Young (Allocation Failure) 44M->30M(61M) 3.223ms
[2026-06-17T09:56:34.220+0800][42.850s][info][gc,cpu         ] GC(1026) User=0.00s Sys=0.00s Real=0.00s
[2026-06-17T09:56:34.264+0800][42.893s][info][gc,start       ] GC(1027) Pause Young (Allocation Failure)
[2026-06-17T09:56:34.266+0800][42.895s][info][gc,heap        ] GC(1027) DefNew: 19593K(19648K)->2079K(19648K) Eden: 17472K(17472K)->0K(17472K) From: 2121K(2176K)->2079K(2176K)
[2026-06-17T09:56:34.266+0800][42.896s][info][gc,heap        ] GC(1027) Tenured: 29620K(43712K)->33463K(43712K)
[2026-06-17T09:56:34.267+0800][42.896s][info][gc,metaspace   ] GC(1027) Metaspace: 158K(384K)->158K(384K) NonClass: 153K(256K)->153K(256K) Class: 4K(128K)->4K(128K)
[2026-06-17T09:56:34.268+0800][42.897s][info][gc             ] GC(1027) Pause Young (Allocation Failure) 48M->34M(61M) 4.350ms
[2026-06-17T09:56:34.269+0800][42.898s][info][gc,cpu         ] GC(1027) User=0.00s Sys=0.00s Real=0.00s
[2026-06-17T09:56:34.312+0800][42.941s][info][gc,start       ] GC(1028) Pause Young (Allocation Failure)
[2026-06-17T09:56:34.314+0800][42.943s][info][gc,heap        ] GC(1028) DefNew: 19543K(19648K)->2175K(19648K) Eden: 17463K(17472K)->0K(17472K) From: 2079K(2176K)->2175K(2176K)
[2026-06-17T09:56:34.315+0800][42.944s][info][gc,heap        ] GC(1028) Tenured: 33463K(43712K)->37353K(43712K)
[2026-06-17T09:56:34.315+0800][42.945s][info][gc,metaspace   ] GC(1028) Metaspace: 158K(384K)->158K(384K) NonClass: 153K(256K)->153K(256K) Class: 4K(128K)->4K(128K)
[2026-06-17T09:56:34.316+0800][42.945s][info][gc             ] GC(1028) Pause Young (Allocation Failure) 51M->38M(61M) 4.338ms
[2026-06-17T09:56:34.317+0800][42.946s][info][gc,cpu         ] GC(1028) User=0.00s Sys=0.00s Real=0.00s
[2026-06-17T09:56:34.360+0800][42.989s][info][gc,start       ] GC(1029) Pause Young (Allocation Failure)
[2026-06-17T09:56:34.361+0800][42.990s][info][gc             ] GC(1029) Pause Young (Allocation Failure) 55M->55M(61M) 0.970ms
[2026-06-17T09:56:34.362+0800][42.991s][info][gc,cpu         ] GC(1029) User=0.00s Sys=0.00s Real=0.00s
[2026-06-17T09:56:34.362+0800][42.991s][info][gc,start       ] GC(1030) Pause Full (Allocation Failure)
[2026-06-17T09:56:34.363+0800][42.992s][info][gc,phases,start] GC(1030) Phase 1: Mark live objects
[2026-06-17T09:56:34.364+0800][42.993s][info][gc,phases      ] GC(1030) Phase 1: Mark live objects 1.253ms
[2026-06-17T09:56:34.365+0800][42.994s][info][gc,phases,start] GC(1030) Phase 2: Compute new object addresses
[2026-06-17T09:56:34.366+0800][42.995s][info][gc,phases      ] GC(1030) Phase 2: Compute new object addresses 1.027ms
[2026-06-17T09:56:34.366+0800][42.995s][info][gc,phases,start] GC(1030) Phase 3: Adjust pointers
[2026-06-17T09:56:34.367+0800][42.996s][info][gc,phases      ] GC(1030) Phase 3: Adjust pointers 1.003ms
[2026-06-17T09:56:34.368+0800][42.997s][info][gc,phases,start] GC(1030) Phase 4: Move objects
[2026-06-17T09:56:34.372+0800][43.001s][info][gc,phases      ] GC(1030) Phase 4: Move objects 3.679ms
[2026-06-17T09:56:34.373+0800][43.002s][info][gc,heap        ] GC(1030) DefNew: 19508K(19648K)->0K(19648K) Eden: 17333K(17472K)->0K(17472K) From: 2175K(2176K)->0K(2176K)
[2026-06-17T09:56:34.374+0800][43.003s][info][gc,heap        ] GC(1030) Tenured: 37353K(43712K)->27180K(43712K)
[2026-06-17T09:56:34.374+0800][43.003s][info][gc,metaspace   ] GC(1030) Metaspace: 158K(384K)->158K(384K) NonClass: 153K(256K)->153K(256K) Class: 4K(128K)->4K(128K)
[2026-06-17T09:56:34.375+0800][43.004s][info][gc             ] GC(1030) Pause Full (Allocation Failure) 55M->26M(61M) 13.213ms
[2026-06-17T09:56:34.376+0800][43.005s][info][gc,cpu         ] GC(1030) User=0.00s Sys=0.00s Real=0.02s
[2026-06-17T09:56:34.420+0800][43.049s][info][gc,start       ] GC(1031) Pause Young (Allocation Failure)
[2026-06-17T09:56:34.422+0800][43.051s][info][gc,heap        ] GC(1031) DefNew: 17452K(19648K)->2174K(19648K) Eden: 17452K(17472K)->0K(17472K) From: 0K(2176K)->2174K(2176K)
[2026-06-17T09:56:34.423+0800][43.052s][info][gc,heap        ] GC(1031) Tenured: 27180K(43712K)->32336K(43712K)
[2026-06-17T09:56:34.424+0800][43.053s][info][gc,metaspace   ] GC(1031) Metaspace: 158K(384K)->158K(384K) NonClass: 153K(256K)->153K(256K) Class: 4K(128K)->4K(128K)
[2026-06-17T09:56:34.425+0800][43.054s][info][gc             ] GC(1031) Pause Young (Allocation Failure) 43M->33M(61M) 5.071ms
[2026-06-17T09:56:34.425+0800][43.054s][info][gc,cpu         ] GC(1031) User=0.01s Sys=0.00s Real=0.01s
[2026-06-17T09:56:34.481+0800][43.110s][info][gc,start       ] GC(1032) Pause Young (Allocation Failure)
[2026-06-17T09:56:34.483+0800][43.112s][info][gc,heap        ] GC(1032) DefNew: 19618K(19648K)->2168K(19648K) Eden: 17443K(17472K)->0K(17472K) From: 2174K(2176K)->2168K(2176K)
[2026-06-17T09:56:34.484+0800][43.113s][info][gc,heap        ] GC(1032) Tenured: 32336K(43712K)->34273K(43712K)
[2026-06-17T09:56:34.484+0800][43.114s][info][gc,metaspace   ] GC(1032) Metaspace: 158K(384K)->158K(384K) NonClass: 153K(256K)->153K(256K) Class: 4K(128K)->4K(128K)
[2026-06-17T09:56:34.485+0800][43.114s][info][gc             ] GC(1032) Pause Young (Allocation Failure) 50M->35M(61M) 4.266ms
[2026-06-17T09:56:34.486+0800][43.115s][info][gc,cpu         ] GC(1032) User=0.00s Sys=0.00s Real=0.01s
[2026-06-17T09:56:34.531+0800][43.160s][info][gc,start       ] GC(1033) Pause Young (Allocation Failure)
[2026-06-17T09:56:34.532+0800][43.162s][info][gc,heap        ] GC(1033) DefNew: 19622K(19648K)->2132K(19648K) Eden: 17454K(17472K)->0K(17472K) From: 2168K(2176K)->2132K(2176K)
[2026-06-17T09:56:34.533+0800][43.162s][info][gc,heap        ] GC(1033) Tenured: 34273K(43712K)->38126K(43712K)
[2026-06-17T09:56:34.534+0800][43.163s][info][gc,metaspace   ] GC(1033) Metaspace: 158K(384K)->158K(384K) NonClass: 153K(256K)->153K(256K) Class: 4K(128K)->4K(128K)
[2026-06-17T09:56:34.535+0800][43.164s][info][gc             ] GC(1033) Pause Young (Allocation Failure) 52M->39M(61M) 4.150ms
[2026-06-17T09:56:34.535+0800][43.164s][info][gc,cpu         ] GC(1033) User=0.01s Sys=0.00s Real=0.00s
[2026-06-17T09:56:34.580+0800][43.209s][info][gc,start       ] GC(1034) Pause Young (Allocation Failure)
[2026-06-17T09:56:34.580+0800][43.210s][info][gc             ] GC(1034) Pause Young (Allocation Failure) 56M->56M(61M) 0.840ms
[2026-06-17T09:56:34.583+0800][43.212s][info][gc,cpu         ] GC(1034) User=0.00s Sys=0.00s Real=0.01s
[2026-06-17T09:56:34.583+0800][43.212s][info][gc,start       ] GC(1035) Pause Full (Allocation Failure)
[2026-06-17T09:56:34.584+0800][43.213s][info][gc,phases,start] GC(1035) Phase 1: Mark live objects
[2026-06-17T09:56:34.585+0800][43.214s][info][gc,phases      ] GC(1035) Phase 1: Mark live objects 1.206ms
[2026-06-17T09:56:34.586+0800][43.215s][info][gc,phases,start] GC(1035) Phase 2: Compute new object addresses
[2026-06-17T09:56:34.586+0800][43.215s][info][gc,phases      ] GC(1035) Phase 2: Compute new object addresses 0.723ms
[2026-06-17T09:56:34.587+0800][43.216s][info][gc,phases,start] GC(1035) Phase 3: Adjust pointers
[2026-06-17T09:56:34.587+0800][43.217s][info][gc,phases      ] GC(1035) Phase 3: Adjust pointers 0.801ms
[2026-06-17T09:56:34.588+0800][43.217s][info][gc,phases,start] GC(1035) Phase 4: Move objects
[2026-06-17T09:56:34.591+0800][43.220s][info][gc,phases      ] GC(1035) Phase 4: Move objects 3.373ms
[2026-06-17T09:56:34.592+0800][43.221s][info][gc,heap        ] GC(1035) DefNew: 19577K(19648K)->0K(19648K) Eden: 17444K(17472K)->0K(17472K) From: 2132K(2176K)->0K(2176K)
[2026-06-17T09:56:34.592+0800][43.221s][info][gc,heap        ] GC(1035) Tenured: 38126K(43712K)->32286K(43712K)
[2026-06-17T09:56:34.592+0800][43.221s][info][gc,metaspace   ] GC(1035) Metaspace: 158K(384K)->158K(384K) NonClass: 153K(256K)->153K(256K) Class: 4K(128K)->4K(128K)
[2026-06-17T09:56:34.592+0800][43.221s][info][gc             ] GC(1035) Pause Full (Allocation Failure) 56M->31M(61M) 8.771ms
[2026-06-17T09:56:34.592+0800][43.221s][info][gc,cpu         ] GC(1035) User=0.00s Sys=0.00s Real=0.01s
[2026-06-17T09:56:34.635+0800][43.264s][info][gc,start       ] GC(1036) Pause Young (Allocation Failure)
[2026-06-17T09:56:34.637+0800][43.266s][info][gc,heap        ] GC(1036) DefNew: 17472K(19648K)->2172K(19648K) Eden: 17472K(17472K)->0K(17472K) From: 0K(2176K)->2172K(2176K)
[2026-06-17T09:56:34.638+0800][43.267s][info][gc,heap        ] GC(1036) Tenured: 32286K(43712K)->36992K(43712K)
[2026-06-17T09:56:34.638+0800][43.267s][info][gc,metaspace   ] GC(1036) Metaspace: 158K(384K)->158K(384K) NonClass: 153K(256K)->153K(256K) Class: 4K(128K)->4K(128K)
[2026-06-17T09:56:34.639+0800][43.268s][info][gc             ] GC(1036) Pause Young (Allocation Failure) 48M->38M(61M) 3.456ms
[2026-06-17T09:56:34.639+0800][43.268s][info][gc,cpu         ] GC(1036) User=0.00s Sys=0.00s Real=0.00s
[2026-06-17T09:56:34.683+0800][43.312s][info][gc,start       ] GC(1037) Pause Young (Allocation Failure)
[2026-06-17T09:56:34.684+0800][43.313s][info][gc             ] GC(1037) Pause Young (Allocation Failure) 55M->55M(61M) 0.843ms
[2026-06-17T09:56:34.684+0800][43.313s][info][gc,cpu         ] GC(1037) User=0.00s Sys=0.00s Real=0.00s
[2026-06-17T09:56:34.685+0800][43.314s][info][gc,start       ] GC(1038) Pause Full (Allocation Failure)
[2026-06-17T09:56:34.686+0800][43.315s][info][gc,phases,start] GC(1038) Phase 1: Mark live objects
[2026-06-17T09:56:34.687+0800][43.316s][info][gc,phases      ] GC(1038) Phase 1: Mark live objects 1.382ms
[2026-06-17T09:56:34.688+0800][43.317s][info][gc,phases,start] GC(1038) Phase 2: Compute new object addresses
[2026-06-17T09:56:34.689+0800][43.318s][info][gc,phases      ] GC(1038) Phase 2: Compute new object addresses 0.812ms
[2026-06-17T09:56:34.689+0800][43.318s][info][gc,phases,start] GC(1038) Phase 3: Adjust pointers
[2026-06-17T09:56:34.690+0800][43.319s][info][gc,phases      ] GC(1038) Phase 3: Adjust pointers 1.092ms
[2026-06-17T09:56:34.691+0800][43.320s][info][gc,phases,start] GC(1038) Phase 4: Move objects
[2026-06-17T09:56:34.695+0800][43.324s][info][gc,phases      ] GC(1038) Phase 4: Move objects 3.865ms
[2026-06-17T09:56:34.695+0800][43.324s][info][gc,heap        ] GC(1038) DefNew: 19585K(19648K)->0K(19648K) Eden: 17412K(17472K)->0K(17472K) From: 2172K(2176K)->0K(2176K)
[2026-06-17T09:56:34.696+0800][43.325s][info][gc,heap        ] GC(1038) Tenured: 36992K(43712K)->29462K(43712K)
[2026-06-17T09:56:34.696+0800][43.325s][info][gc,metaspace   ] GC(1038) Metaspace: 158K(384K)->158K(384K) NonClass: 153K(256K)->153K(256K) Class: 4K(128K)->4K(128K)
[2026-06-17T09:56:34.696+0800][43.325s][info][gc             ] GC(1038) Pause Full (Allocation Failure) 55M->28M(61M) 11.198ms
[2026-06-17T09:56:34.697+0800][43.326s][info][gc,cpu         ] GC(1038) User=0.01s Sys=0.00s Real=0.01s
[2026-06-17T09:56:34.750+0800][43.379s][info][gc,start       ] GC(1039) Pause Young (Allocation Failure)
[2026-06-17T09:56:34.752+0800][43.381s][info][gc,heap        ] GC(1039) DefNew: 17436K(19648K)->2138K(19648K) Eden: 17436K(17472K)->0K(17472K) From: 0K(2176K)->2138K(2176K)
[2026-06-17T09:56:34.753+0800][43.382s][info][gc,heap        ] GC(1039) Tenured: 29462K(43712K)->31144K(43712K)
[2026-06-17T09:56:34.754+0800][43.383s][info][gc,metaspace   ] GC(1039) Metaspace: 158K(384K)->158K(384K) NonClass: 153K(256K)->153K(256K) Class: 4K(128K)->4K(128K)
[2026-06-17T09:56:34.754+0800][43.384s][info][gc             ] GC(1039) Pause Young (Allocation Failure) 45M->32M(61M) 4.708ms
[2026-06-17T09:56:34.755+0800][43.384s][info][gc,cpu         ] GC(1039) User=0.00s Sys=0.00s Real=0.01s
[2026-06-17T09:56:34.799+0800][43.428s][info][gc,start       ] GC(1040) Pause Young (Allocation Failure)
[2026-06-17T09:56:34.801+0800][43.430s][info][gc,heap        ] GC(1040) DefNew: 19589K(19648K)->2143K(19648K) Eden: 17451K(17472K)->0K(17472K) From: 2138K(2176K)->2143K(2176K)
[2026-06-17T09:56:34.802+0800][43.431s][info][gc,heap        ] GC(1040) Tenured: 31144K(43712K)->35105K(43712K)
[2026-06-17T09:56:34.802+0800][43.431s][info][gc,metaspace   ] GC(1040) Metaspace: 158K(384K)->158K(384K) NonClass: 153K(256K)->153K(256K) Class: 4K(128K)->4K(128K)
[2026-06-17T09:56:34.803+0800][43.432s][info][gc             ] GC(1040) Pause Young (Allocation Failure) 49M->36M(61M) 3.551ms
[2026-06-17T09:56:34.803+0800][43.432s][info][gc,cpu         ] GC(1040) User=0.00s Sys=0.00s Real=0.01s
[2026-06-17T09:56:34.848+0800][43.477s][info][gc,start       ] GC(1041) Pause Young (Allocation Failure)
[2026-06-17T09:56:34.850+0800][43.479s][info][gc,heap        ] GC(1041) DefNew: 19593K(19648K)->2173K(19648K) Eden: 17450K(17472K)->0K(17472K) From: 2143K(2176K)->2173K(2176K)
[2026-06-17T09:56:34.851+0800][43.480s][info][gc,heap        ] GC(1041) Tenured: 35105K(43712K)->38491K(43712K)
[2026-06-17T09:56:34.851+0800][43.480s][info][gc,metaspace   ] GC(1041) Metaspace: 158K(384K)->158K(384K) NonClass: 153K(256K)->153K(256K) Class: 4K(128K)->4K(128K)
[2026-06-17T09:56:34.852+0800][43.481s][info][gc             ] GC(1041) Pause Young (Allocation Failure) 53M->39M(61M) 4.009ms
[2026-06-17T09:56:34.852+0800][43.481s][info][gc,cpu         ] GC(1041) User=0.01s Sys=0.00s Real=0.01s
[2026-06-17T09:56:34.897+0800][43.526s][info][gc,start       ] GC(1042) Pause Young (Allocation Failure)
[2026-06-17T09:56:34.898+0800][43.527s][info][gc             ] GC(1042) Pause Young (Allocation Failure) 56M->56M(61M) 0.951ms
[2026-06-17T09:56:34.899+0800][43.528s][info][gc,cpu         ] GC(1042) User=0.00s Sys=0.00s Real=0.00s
[2026-06-17T09:56:34.901+0800][43.530s][info][gc,start       ] GC(1043) Pause Full (Allocation Failure)
[2026-06-17T09:56:34.903+0800][43.532s][info][gc,phases,start] GC(1043) Phase 1: Mark live objects
[2026-06-17T09:56:34.905+0800][43.534s][info][gc,phases      ] GC(1043) Phase 1: Mark live objects 2.621ms
[2026-06-17T09:56:34.909+0800][43.538s][info][gc,phases,start] GC(1043) Phase 2: Compute new object addresses
[2026-06-17T09:56:34.910+0800][43.539s][info][gc,phases      ] GC(1043) Phase 2: Compute new object addresses 1.606ms
[2026-06-17T09:56:34.911+0800][43.540s][info][gc,phases,start] GC(1043) Phase 3: Adjust pointers
[2026-06-17T09:56:34.913+0800][43.542s][info][gc,phases      ] GC(1043) Phase 3: Adjust pointers 2.338ms
[2026-06-17T09:56:34.915+0800][43.544s][info][gc,phases,start] GC(1043) Phase 4: Move objects
[2026-06-17T09:56:34.920+0800][43.549s][info][gc,phases      ] GC(1043) Phase 4: Move objects 5.151ms
[2026-06-17T09:56:34.921+0800][43.550s][info][gc,heap        ] GC(1043) DefNew: 19645K(19648K)->0K(19648K) Eden: 17472K(17472K)->0K(17472K) From: 2173K(2176K)->0K(2176K)
[2026-06-17T09:56:34.922+0800][43.551s][info][gc,heap        ] GC(1043) Tenured: 38491K(43712K)->31079K(43712K)
[2026-06-17T09:56:34.922+0800][43.551s][info][gc,metaspace   ] GC(1043) Metaspace: 158K(384K)->158K(384K) NonClass: 153K(256K)->153K(256K) Class: 4K(128K)->4K(128K)
[2026-06-17T09:56:34.923+0800][43.552s][info][gc             ] GC(1043) Pause Full (Allocation Failure) 56M->30M(61M) 22.098ms
[2026-06-17T09:56:34.923+0800][43.552s][info][gc,cpu         ] GC(1043) User=0.00s Sys=0.00s Real=0.03s
[2026-06-17T09:56:34.968+0800][43.597s][info][gc,start       ] GC(1044) Pause Young (Allocation Failure)
[2026-06-17T09:56:34.971+0800][43.600s][info][gc,heap        ] GC(1044) DefNew: 17431K(19648K)->2174K(19648K) Eden: 17431K(17472K)->0K(17472K) From: 0K(2176K)->2174K(2176K)
[2026-06-17T09:56:34.973+0800][43.602s][info][gc,heap        ] GC(1044) Tenured: 31079K(43712K)->35800K(43712K)
[2026-06-17T09:56:34.973+0800][43.602s][info][gc,metaspace   ] GC(1044) Metaspace: 158K(384K)->158K(384K) NonClass: 153K(256K)->153K(256K) Class: 4K(128K)->4K(128K)
[2026-06-17T09:56:34.974+0800][43.603s][info][gc             ] GC(1044) Pause Young (Allocation Failure) 47M->37M(61M) 5.441ms
[2026-06-17T09:56:34.974+0800][43.603s][info][gc,cpu         ] GC(1044) User=0.00s Sys=0.00s Real=0.01s
[2026-06-17T09:56:35.018+0800][43.647s][info][gc,start       ] GC(1045) Pause Young (Allocation Failure)
[2026-06-17T09:56:35.021+0800][43.650s][info][gc,heap        ] GC(1045) DefNew: 19610K(19648K)->2175K(19648K) Eden: 17436K(17472K)->0K(17472K) From: 2174K(2176K)->2175K(2176K)
[2026-06-17T09:56:35.021+0800][43.651s][info][gc,heap        ] GC(1045) Tenured: 35800K(43712K)->39945K(43712K)
[2026-06-17T09:56:35.022+0800][43.651s][info][gc,metaspace   ] GC(1045) Metaspace: 158K(384K)->158K(384K) NonClass: 153K(256K)->153K(256K) Class: 4K(128K)->4K(128K)
[2026-06-17T09:56:35.023+0800][43.652s][info][gc             ] GC(1045) Pause Young (Allocation Failure) 54M->41M(61M) 4.496ms
[2026-06-17T09:56:35.023+0800][43.652s][info][gc,cpu         ] GC(1045) User=0.00s Sys=0.01s Real=0.01s
[2026-06-17T09:56:35.068+0800][43.697s][info][gc,start       ] GC(1046) Pause Young (Allocation Failure)
[2026-06-17T09:56:35.069+0800][43.698s][info][gc             ] GC(1046) Pause Young (Allocation Failure) 58M->58M(61M) 1.034ms
[2026-06-17T09:56:35.069+0800][43.699s][info][gc,cpu         ] GC(1046) User=0.00s Sys=0.00s Real=0.00s
[2026-06-17T09:56:35.070+0800][43.699s][info][gc,start       ] GC(1047) Pause Full (Allocation Failure)
[2026-06-17T09:56:35.071+0800][43.700s][info][gc,phases,start] GC(1047) Phase 1: Mark live objects
[2026-06-17T09:56:35.073+0800][43.702s][info][gc,phases      ] GC(1047) Phase 1: Mark live objects 1.527ms
[2026-06-17T09:56:35.073+0800][43.702s][info][gc,phases,start] GC(1047) Phase 2: Compute new object addresses
[2026-06-17T09:56:35.074+0800][43.703s][info][gc,phases      ] GC(1047) Phase 2: Compute new object addresses 1.033ms
[2026-06-17T09:56:35.075+0800][43.704s][info][gc,phases,start] GC(1047) Phase 3: Adjust pointers
[2026-06-17T09:56:35.076+0800][43.705s][info][gc,phases      ] GC(1047) Phase 3: Adjust pointers 1.105ms
[2026-06-17T09:56:35.076+0800][43.706s][info][gc,phases,start] GC(1047) Phase 4: Move objects
[2026-06-17T09:56:35.080+0800][43.709s][info][gc,phases      ] GC(1047) Phase 4: Move objects 3.679ms
[2026-06-17T09:56:35.081+0800][43.710s][info][gc,heap        ] GC(1047) DefNew: 19580K(19648K)->0K(19648K) Eden: 17405K(17472K)->0K(17472K) From: 2175K(2176K)->0K(2176K)
[2026-06-17T09:56:35.082+0800][43.711s][info][gc,heap        ] GC(1047) Tenured: 39945K(43712K)->21915K(43712K)
[2026-06-17T09:56:35.083+0800][43.712s][info][gc,metaspace   ] GC(1047) Metaspace: 158K(384K)->158K(384K) NonClass: 153K(256K)->153K(256K) Class: 4K(128K)->4K(128K)
[2026-06-17T09:56:35.083+0800][43.712s][info][gc             ] GC(1047) Pause Full (Allocation Failure) 58M->21M(61M) 12.841ms
[2026-06-17T09:56:35.084+0800][43.713s][info][gc,cpu         ] GC(1047) User=0.00s Sys=0.00s Real=0.02s
[2026-06-17T09:56:35.127+0800][43.756s][info][gc,start       ] GC(1048) Pause Young (Allocation Failure)
[2026-06-17T09:56:35.131+0800][43.760s][info][gc,heap        ] GC(1048) DefNew: 17448K(19648K)->2172K(19648K) Eden: 17448K(17472K)->0K(17472K) From: 0K(2176K)->2172K(2176K)
[2026-06-17T09:56:35.132+0800][43.761s][info][gc,heap        ] GC(1048) Tenured: 21915K(43712K)->27120K(43712K)
[2026-06-17T09:56:35.133+0800][43.762s][info][gc,metaspace   ] GC(1048) Metaspace: 158K(384K)->158K(384K) NonClass: 153K(256K)->153K(256K) Class: 4K(128K)->4K(128K)
[2026-06-17T09:56:35.133+0800][43.762s][info][gc             ] GC(1048) Pause Young (Allocation Failure) 38M->28M(61M) 5.940ms
[2026-06-17T09:56:35.134+0800][43.763s][info][gc,cpu         ] GC(1048) User=0.00s Sys=0.00s Real=0.01s
[2026-06-17T09:56:35.188+0800][43.817s][info][gc,start       ] GC(1049) Pause Young (Allocation Failure)
[2026-06-17T09:56:35.190+0800][43.819s][info][gc,heap        ] GC(1049) DefNew: 19644K(19648K)->2172K(19648K) Eden: 17472K(17472K)->0K(17472K) From: 2172K(2176K)->2172K(2176K)
[2026-06-17T09:56:35.190+0800][43.819s][info][gc,heap        ] GC(1049) Tenured: 27120K(43712K)->30087K(43712K)
[2026-06-17T09:56:35.191+0800][43.820s][info][gc,metaspace   ] GC(1049) Metaspace: 158K(384K)->158K(384K) NonClass: 153K(256K)->153K(256K) Class: 4K(128K)->4K(128K)
[2026-06-17T09:56:35.192+0800][43.821s][info][gc             ] GC(1049) Pause Young (Allocation Failure) 45M->31M(61M) 3.939ms
[2026-06-17T09:56:35.192+0800][43.821s][info][gc,cpu         ] GC(1049) User=0.00s Sys=0.00s Real=0.01s
[2026-06-17T09:56:35.235+0800][43.864s][info][gc,start       ] GC(1050) Pause Young (Allocation Failure)
[2026-06-17T09:56:35.236+0800][43.865s][info][gc,heap        ] GC(1050) DefNew: 19644K(19648K)->2111K(19648K) Eden: 17472K(17472K)->0K(17472K) From: 2172K(2176K)->2111K(2176K)
[2026-06-17T09:56:35.236+0800][43.865s][info][gc,heap        ] GC(1050) Tenured: 30087K(43712K)->33272K(43712K)
[2026-06-17T09:56:35.237+0800][43.866s][info][gc,metaspace   ] GC(1050) Metaspace: 158K(384K)->158K(384K) NonClass: 153K(256K)->153K(256K) Class: 4K(128K)->4K(128K)
[2026-06-17T09:56:35.237+0800][43.866s][info][gc             ] GC(1050) Pause Young (Allocation Failure) 48M->34M(61M) 2.027ms
[2026-06-17T09:56:35.237+0800][43.866s][info][gc,cpu         ] GC(1050) User=0.00s Sys=0.00s Real=0.00s
[2026-06-17T09:56:35.280+0800][43.909s][info][gc,start       ] GC(1051) Pause Young (Allocation Failure)
[2026-06-17T09:56:35.281+0800][43.910s][info][gc,heap        ] GC(1051) DefNew: 19551K(19648K)->2161K(19648K) Eden: 17439K(17472K)->0K(17472K) From: 2111K(2176K)->2161K(2176K)
[2026-06-17T09:56:35.281+0800][43.910s][info][gc,heap        ] GC(1051) Tenured: 33272K(43712K)->36807K(43712K)
[2026-06-17T09:56:35.282+0800][43.911s][info][gc,metaspace   ] GC(1051) Metaspace: 158K(384K)->158K(384K) NonClass: 153K(256K)->153K(256K) Class: 4K(128K)->4K(128K)
[2026-06-17T09:56:35.282+0800][43.911s][info][gc             ] GC(1051) Pause Young (Allocation Failure) 51M->38M(61M) 2.399ms
[2026-06-17T09:56:35.282+0800][43.912s][info][gc,cpu         ] GC(1051) User=0.00s Sys=0.00s Real=0.00s
[2026-06-17T09:56:35.326+0800][43.955s][info][gc,start       ] GC(1052) Pause Young (Allocation Failure)
[2026-06-17T09:56:35.328+0800][43.957s][info][gc,heap        ] GC(1052) DefNew: 19630K(19648K)->2175K(19648K) Eden: 17468K(17472K)->0K(17472K) From: 2161K(2176K)->2175K(2176K)
[2026-06-17T09:56:35.329+0800][43.958s][info][gc,heap        ] GC(1052) Tenured: 36807K(43712K)->40276K(43712K)
[2026-06-17T09:56:35.333+0800][43.963s][info][gc,metaspace   ] GC(1052) Metaspace: 158K(384K)->158K(384K) NonClass: 153K(256K)->153K(256K) Class: 4K(128K)->4K(128K)
[2026-06-17T09:56:35.334+0800][43.963s][info][gc             ] GC(1052) Pause Young (Allocation Failure) 55M->41M(61M) 8.247ms
[2026-06-17T09:56:35.334+0800][43.963s][info][gc,cpu         ] GC(1052) User=0.00s Sys=0.00s Real=0.01s
[2026-06-17T09:56:35.378+0800][44.007s][info][gc,start       ] GC(1053) Pause Young (Allocation Failure)
[2026-06-17T09:56:35.378+0800][44.008s][info][gc             ] GC(1053) Pause Young (Allocation Failure) 58M->58M(61M) 0.745ms
[2026-06-17T09:56:35.379+0800][44.008s][info][gc,cpu         ] GC(1053) User=0.00s Sys=0.00s Real=0.00s
[2026-06-17T09:56:35.379+0800][44.008s][info][gc,start       ] GC(1054) Pause Full (Allocation Failure)
[2026-06-17T09:56:35.380+0800][44.009s][info][gc,phases,start] GC(1054) Phase 1: Mark live objects
[2026-06-17T09:56:35.381+0800][44.010s][info][gc,phases      ] GC(1054) Phase 1: Mark live objects 0.997ms
[2026-06-17T09:56:35.381+0800][44.011s][info][gc,phases,start] GC(1054) Phase 2: Compute new object addresses
[2026-06-17T09:56:35.382+0800][44.011s][info][gc,phases      ] GC(1054) Phase 2: Compute new object addresses 0.733ms
[2026-06-17T09:56:35.383+0800][44.012s][info][gc,phases,start] GC(1054) Phase 3: Adjust pointers
[2026-06-17T09:56:35.383+0800][44.012s][info][gc,phases      ] GC(1054) Phase 3: Adjust pointers 0.739ms
[2026-06-17T09:56:35.384+0800][44.013s][info][gc,phases,start] GC(1054) Phase 4: Move objects
[2026-06-17T09:56:35.386+0800][44.015s][info][gc,phases      ] GC(1054) Phase 4: Move objects 2.272ms
[2026-06-17T09:56:35.387+0800][44.016s][info][gc,heap        ] GC(1054) DefNew: 19647K(19648K)->0K(19648K) Eden: 17472K(17472K)->0K(17472K) From: 2175K(2176K)->0K(2176K)
[2026-06-17T09:56:35.387+0800][44.016s][info][gc,heap        ] GC(1054) Tenured: 40276K(43712K)->23468K(43712K)
[2026-06-17T09:56:35.387+0800][44.016s][info][gc,metaspace   ] GC(1054) Metaspace: 158K(384K)->158K(384K) NonClass: 153K(256K)->153K(256K) Class: 4K(128K)->4K(128K)
[2026-06-17T09:56:35.387+0800][44.016s][info][gc             ] GC(1054) Pause Full (Allocation Failure) 58M->22M(61M) 7.850ms
[2026-06-17T09:56:35.387+0800][44.017s][info][gc,cpu         ] GC(1054) User=0.01s Sys=0.00s Real=0.01s
[2026-06-17T09:56:35.441+0800][44.070s][info][gc,start       ] GC(1055) Pause Young (Allocation Failure)
[2026-06-17T09:56:35.443+0800][44.072s][info][gc,heap        ] GC(1055) DefNew: 17431K(19648K)->2133K(19648K) Eden: 17431K(17472K)->0K(17472K) From: 0K(2176K)->2133K(2176K)
[2026-06-17T09:56:35.443+0800][44.072s][info][gc,heap        ] GC(1055) Tenured: 23468K(43712K)->24997K(43712K)
[2026-06-17T09:56:35.443+0800][44.073s][info][gc,metaspace   ] GC(1055) Metaspace: 158K(384K)->158K(384K) NonClass: 153K(256K)->153K(256K) Class: 4K(128K)->4K(128K)
[2026-06-17T09:56:35.444+0800][44.073s][info][gc             ] GC(1055) Pause Young (Allocation Failure) 39M->26M(61M) 3.074ms
[2026-06-17T09:56:35.445+0800][44.074s][info][gc,cpu         ] GC(1055) User=0.00s Sys=0.00s Real=0.01s
[2026-06-17T09:56:35.478+0800][44.107s][info][gc,start       ] GC(1056) Pause Young (Allocation Failure)
[2026-06-17T09:56:35.480+0800][44.109s][info][gc,heap        ] GC(1056) DefNew: 19335K(19648K)->2165K(19648K) Eden: 17202K(17472K)->0K(17472K) From: 2133K(2176K)->2165K(2176K)
[2026-06-17T09:56:35.481+0800][44.110s][info][gc,heap        ] GC(1056) Tenured: 24997K(43712K)->27938K(43712K)
[2026-06-17T09:56:35.481+0800][44.110s][info][gc,metaspace   ] GC(1056) Metaspace: 158K(384K)->158K(384K) NonClass: 153K(256K)->153K(256K) Class: 4K(128K)->4K(128K)
[2026-06-17T09:56:35.482+0800][44.111s][info][gc             ] GC(1056) Pause Young (Allocation Failure) 43M->29M(61M) 3.801ms
[2026-06-17T09:56:35.482+0800][44.112s][info][gc,cpu         ] GC(1056) User=0.01s Sys=0.00s Real=0.00s
[2026-06-17T09:56:35.537+0800][44.166s][info][gc,start       ] GC(1057) Pause Young (Allocation Failure)
[2026-06-17T09:56:35.545+0800][44.174s][info][gc,heap        ] GC(1057) DefNew: 19626K(19648K)->2115K(19648K) Eden: 17461K(17472K)->0K(17472K) From: 2165K(2176K)->2115K(2176K)
[2026-06-17T09:56:35.551+0800][44.181s][info][gc,heap        ] GC(1057) Tenured: 27938K(43712K)->31792K(43712K)
[2026-06-17T09:56:35.553+0800][44.182s][info][gc,metaspace   ] GC(1057) Metaspace: 158K(384K)->158K(384K) NonClass: 153K(256K)->153K(256K) Class: 4K(128K)->4K(128K)
[2026-06-17T09:56:35.554+0800][44.183s][info][gc             ] GC(1057) Pause Young (Allocation Failure) 46M->33M(61M) 17.634ms
[2026-06-17T09:56:35.555+0800][44.184s][info][gc,cpu         ] GC(1057) User=0.00s Sys=0.00s Real=0.02s
[2026-06-17T09:56:35.600+0800][44.230s][info][gc,start       ] GC(1058) Pause Young (Allocation Failure)
[2026-06-17T09:56:35.613+0800][44.242s][info][gc,heap        ] GC(1058) DefNew: 19570K(19648K)->2173K(19648K) Eden: 17454K(17472K)->0K(17472K) From: 2115K(2176K)->2173K(2176K)
[2026-06-17T09:56:35.625+0800][44.254s][info][gc,heap        ] GC(1058) Tenured: 31792K(43712K)->35614K(43712K)
[2026-06-17T09:56:35.628+0800][44.257s][info][gc,metaspace   ] GC(1058) Metaspace: 158K(384K)->158K(384K) NonClass: 153K(256K)->153K(256K) Class: 4K(128K)->4K(128K)
[2026-06-17T09:56:35.629+0800][44.258s][info][gc             ] GC(1058) Pause Young (Allocation Failure) 50M->36M(61M) 28.736ms
[2026-06-17T09:56:35.633+0800][44.262s][info][gc,cpu         ] GC(1058) User=0.00s Sys=0.00s Real=0.04s
[2026-06-17T09:56:35.681+0800][44.310s][info][gc,start       ] GC(1059) Pause Young (Allocation Failure)
[2026-06-17T09:56:35.682+0800][44.312s][info][gc,heap        ] GC(1059) DefNew: 19645K(19648K)->2173K(19648K) Eden: 17472K(17472K)->0K(17472K) From: 2173K(2176K)->2173K(2176K)
[2026-06-17T09:56:35.683+0800][44.312s][info][gc,heap        ] GC(1059) Tenured: 35614K(43712K)->39590K(43712K)
[2026-06-17T09:56:35.683+0800][44.312s][info][gc,metaspace   ] GC(1059) Metaspace: 158K(384K)->158K(384K) NonClass: 153K(256K)->153K(256K) Class: 4K(128K)->4K(128K)
[2026-06-17T09:56:35.683+0800][44.312s][info][gc             ] GC(1059) Pause Young (Allocation Failure) 53M->40M(61M) 2.201ms
[2026-06-17T09:56:35.684+0800][44.313s][info][gc,cpu         ] GC(1059) User=0.00s Sys=0.00s Real=0.01s
[2026-06-17T09:56:35.726+0800][44.355s][info][gc,start       ] GC(1060) Pause Young (Allocation Failure)
[2026-06-17T09:56:35.727+0800][44.356s][info][gc             ] GC(1060) Pause Young (Allocation Failure) 57M->57M(61M) 0.745ms
[2026-06-17T09:56:35.728+0800][44.358s][info][gc,cpu         ] GC(1060) User=0.00s Sys=0.00s Real=0.00s
[2026-06-17T09:56:35.729+0800][44.358s][info][gc,start       ] GC(1061) Pause Full (Allocation Failure)
[2026-06-17T09:56:35.732+0800][44.362s][info][gc,phases,start] GC(1061) Phase 1: Mark live objects
[2026-06-17T09:56:35.735+0800][44.364s][info][gc,phases      ] GC(1061) Phase 1: Mark live objects 2.743ms
[2026-06-17T09:56:35.738+0800][44.368s][info][gc,phases,start] GC(1061) Phase 2: Compute new object addresses
[2026-06-17T09:56:35.741+0800][44.370s][info][gc,phases      ] GC(1061) Phase 2: Compute new object addresses 2.232ms
[2026-06-17T09:56:35.741+0800][44.370s][info][gc,phases,start] GC(1061) Phase 3: Adjust pointers
[2026-06-17T09:56:35.743+0800][44.373s][info][gc,phases      ] GC(1061) Phase 3: Adjust pointers 2.230ms
[2026-06-17T09:56:35.747+0800][44.376s][info][gc,phases,start] GC(1061) Phase 4: Move objects
[2026-06-17T09:56:35.751+0800][44.380s][info][gc,phases      ] GC(1061) Phase 4: Move objects 4.377ms
[2026-06-17T09:56:35.752+0800][44.381s][info][gc,heap        ] GC(1061) DefNew: 19183K(19648K)->0K(19648K) Eden: 17009K(17472K)->0K(17472K) From: 2173K(2176K)->0K(2176K)
[2026-06-17T09:56:35.754+0800][44.383s][info][gc,heap        ] GC(1061) Tenured: 39590K(43712K)->27810K(43712K)
[2026-06-17T09:56:35.755+0800][44.384s][info][gc,metaspace   ] GC(1061) Metaspace: 158K(384K)->158K(384K) NonClass: 153K(256K)->153K(256K) Class: 4K(128K)->4K(128K)
[2026-06-17T09:56:35.756+0800][44.385s][info][gc             ] GC(1061) Pause Full (Allocation Failure) 57M->27M(61M) 26.500ms
[2026-06-17T09:56:35.756+0800][44.386s][info][gc,cpu         ] GC(1061) User=0.00s Sys=0.00s Real=0.03s
[2026-06-17T09:56:35.799+0800][44.428s][info][gc,start       ] GC(1062) Pause Young (Allocation Failure)
[2026-06-17T09:56:35.800+0800][44.430s][info][gc,heap        ] GC(1062) DefNew: 17341K(19648K)->2104K(19648K) Eden: 17341K(17472K)->0K(17472K) From: 0K(2176K)->2104K(2176K)
[2026-06-17T09:56:35.801+0800][44.430s][info][gc,heap        ] GC(1062) Tenured: 27810K(43712K)->29131K(43712K)
[2026-06-17T09:56:35.801+0800][44.430s][info][gc,metaspace   ] GC(1062) Metaspace: 158K(384K)->158K(384K) NonClass: 153K(256K)->153K(256K) Class: 4K(128K)->4K(128K)
[2026-06-17T09:56:35.802+0800][44.431s][info][gc             ] GC(1062) Pause Young (Allocation Failure) 44M->30M(61M) 2.573ms
[2026-06-17T09:56:35.802+0800][44.431s][info][gc,cpu         ] GC(1062) User=0.00s Sys=0.00s Real=0.00s
[2026-06-17T09:56:35.855+0800][44.484s][info][gc,start       ] GC(1063) Pause Young (Allocation Failure)
[2026-06-17T09:56:35.856+0800][44.486s][info][gc,heap        ] GC(1063) DefNew: 19561K(19648K)->2111K(19648K) Eden: 17457K(17472K)->0K(17472K) From: 2104K(2176K)->2111K(2176K)
[2026-06-17T09:56:35.857+0800][44.486s][info][gc,heap        ] GC(1063) Tenured: 29131K(43712K)->32789K(43712K)
[2026-06-17T09:56:35.857+0800][44.486s][info][gc,metaspace   ] GC(1063) Metaspace: 158K(384K)->158K(384K) NonClass: 153K(256K)->153K(256K) Class: 4K(128K)->4K(128K)
[2026-06-17T09:56:35.858+0800][44.487s][info][gc             ] GC(1063) Pause Young (Allocation Failure) 47M->34M(61M) 3.048ms
[2026-06-17T09:56:35.858+0800][44.487s][info][gc,cpu         ] GC(1063) User=0.00s Sys=0.00s Real=0.00s
[2026-06-17T09:56:35.901+0800][44.530s][info][gc,start       ] GC(1064) Pause Young (Allocation Failure)
[2026-06-17T09:56:35.903+0800][44.532s][info][gc,heap        ] GC(1064) DefNew: 19566K(19648K)->2174K(19648K) Eden: 17455K(17472K)->0K(17472K) From: 2111K(2176K)->2174K(2176K)
[2026-06-17T09:56:35.903+0800][44.532s][info][gc,heap        ] GC(1064) Tenured: 32789K(43712K)->36396K(43712K)
[2026-06-17T09:56:35.904+0800][44.533s][info][gc,metaspace   ] GC(1064) Metaspace: 158K(384K)->158K(384K) NonClass: 153K(256K)->153K(256K) Class: 4K(128K)->4K(128K)
[2026-06-17T09:56:35.904+0800][44.533s][info][gc             ] GC(1064) Pause Young (Allocation Failure) 51M->37M(61M) 3.261ms
[2026-06-17T09:56:35.905+0800][44.534s][info][gc,cpu         ] GC(1064) User=0.00s Sys=0.00s Real=0.01s
[2026-06-17T09:56:35.948+0800][44.577s][info][gc,start       ] GC(1065) Pause Young (Allocation Failure)
[2026-06-17T09:56:35.950+0800][44.579s][info][gc,heap        ] GC(1065) DefNew: 19619K(19648K)->2173K(19648K) Eden: 17444K(17472K)->0K(17472K) From: 2174K(2176K)->2173K(2176K)
[2026-06-17T09:56:35.950+0800][44.579s][info][gc,heap        ] GC(1065) Tenured: 36396K(43712K)->40692K(43712K)
[2026-06-17T09:56:35.951+0800][44.580s][info][gc,metaspace   ] GC(1065) Metaspace: 158K(384K)->158K(384K) NonClass: 153K(256K)->153K(256K) Class: 4K(128K)->4K(128K)
[2026-06-17T09:56:35.951+0800][44.580s][info][gc             ] GC(1065) Pause Young (Allocation Failure) 54M->41M(61M) 3.106ms
[2026-06-17T09:56:35.951+0800][44.580s][info][gc,cpu         ] GC(1065) User=0.00s Sys=0.00s Real=0.01s
[2026-06-17T09:56:36.004+0800][44.634s][info][gc,start       ] GC(1066) Pause Young (Allocation Failure)
[2026-06-17T09:56:36.006+0800][44.635s][info][gc             ] GC(1066) Pause Young (Allocation Failure) 58M->58M(61M) 1.553ms
[2026-06-17T09:56:36.006+0800][44.636s][info][gc,cpu         ] GC(1066) User=0.00s Sys=0.00s Real=0.00s
[2026-06-17T09:56:36.007+0800][44.636s][info][gc,start       ] GC(1067) Pause Full (Allocation Failure)
[2026-06-17T09:56:36.007+0800][44.637s][info][gc,phases,start] GC(1067) Phase 1: Mark live objects
[2026-06-17T09:56:36.008+0800][44.638s][info][gc,phases      ] GC(1067) Phase 1: Mark live objects 0.976ms
[2026-06-17T09:56:36.009+0800][44.638s][info][gc,phases,start] GC(1067) Phase 2: Compute new object addresses
[2026-06-17T09:56:36.009+0800][44.639s][info][gc,phases      ] GC(1067) Phase 2: Compute new object addresses 0.707ms
[2026-06-17T09:56:36.010+0800][44.639s][info][gc,phases,start] GC(1067) Phase 3: Adjust pointers
[2026-06-17T09:56:36.011+0800][44.640s][info][gc,phases      ] GC(1067) Phase 3: Adjust pointers 0.746ms
[2026-06-17T09:56:36.011+0800][44.640s][info][gc,phases,start] GC(1067) Phase 4: Move objects
[2026-06-17T09:56:36.013+0800][44.642s][info][gc,phases      ] GC(1067) Phase 4: Move objects 2.030ms
[2026-06-17T09:56:36.013+0800][44.642s][info][gc,heap        ] GC(1067) DefNew: 19597K(19648K)->0K(19648K) Eden: 17423K(17472K)->0K(17472K) From: 2173K(2176K)->0K(2176K)
[2026-06-17T09:56:36.013+0800][44.643s][info][gc,heap        ] GC(1067) Tenured: 40692K(43712K)->23678K(43712K)
[2026-06-17T09:56:36.014+0800][44.643s][info][gc,metaspace   ] GC(1067) Metaspace: 158K(384K)->158K(384K) NonClass: 153K(256K)->153K(256K) Class: 4K(128K)->4K(128K)
[2026-06-17T09:56:36.014+0800][44.643s][info][gc             ] GC(1067) Pause Full (Allocation Failure) 58M->23M(61M) 6.765ms
[2026-06-17T09:56:36.014+0800][44.643s][info][gc,cpu         ] GC(1067) User=0.00s Sys=0.00s Real=0.01s
[2026-06-17T09:56:36.046+0800][44.675s][info][gc,start       ] GC(1068) Pause Young (Allocation Failure)
[2026-06-17T09:56:36.048+0800][44.677s][info][gc,heap        ] GC(1068) DefNew: 17255K(19648K)->2171K(19648K) Eden: 17255K(17472K)->0K(17472K) From: 0K(2176K)->2171K(2176K)
[2026-06-17T09:56:36.049+0800][44.678s][info][gc,heap        ] GC(1068) Tenured: 23678K(43712K)->28652K(43712K)
[2026-06-17T09:56:36.049+0800][44.678s][info][gc,metaspace   ] GC(1068) Metaspace: 158K(384K)->158K(384K) NonClass: 153K(256K)->153K(256K) Class: 4K(128K)->4K(128K)
[2026-06-17T09:56:36.050+0800][44.679s][info][gc             ] GC(1068) Pause Young (Allocation Failure) 39M->30M(61M) 3.425ms
[2026-06-17T09:56:36.050+0800][44.679s][info][gc,cpu         ] GC(1068) User=0.00s Sys=0.00s Real=0.00s
[2026-06-17T09:56:36.103+0800][44.733s][info][gc,start       ] GC(1069) Pause Young (Allocation Failure)
[2026-06-17T09:56:36.106+0800][44.735s][info][gc,heap        ] GC(1069) DefNew: 19633K(19648K)->2155K(19648K) Eden: 17462K(17472K)->0K(17472K) From: 2171K(2176K)->2155K(2176K)
[2026-06-17T09:56:36.106+0800][44.736s][info][gc,heap        ] GC(1069) Tenured: 28652K(43712K)->32787K(43712K)
[2026-06-17T09:56:36.107+0800][44.736s][info][gc,metaspace   ] GC(1069) Metaspace: 158K(384K)->158K(384K) NonClass: 153K(256K)->153K(256K) Class: 4K(128K)->4K(128K)
[2026-06-17T09:56:36.107+0800][44.737s][info][gc             ] GC(1069) Pause Young (Allocation Failure) 47M->34M(61M) 3.918ms
[2026-06-17T09:56:36.108+0800][44.737s][info][gc,cpu         ] GC(1069) User=0.00s Sys=0.00s Real=0.00s
[2026-06-17T09:56:36.151+0800][44.781s][info][gc,start       ] GC(1070) Pause Young (Allocation Failure)
[2026-06-17T09:56:36.153+0800][44.782s][info][gc,heap        ] GC(1070) DefNew: 19627K(19648K)->2174K(19648K) Eden: 17472K(17472K)->0K(17472K) From: 2155K(2176K)->2174K(2176K)
[2026-06-17T09:56:36.154+0800][44.783s][info][gc,heap        ] GC(1070) Tenured: 32787K(43712K)->36429K(43712K)
[2026-06-17T09:56:36.155+0800][44.784s][info][gc,metaspace   ] GC(1070) Metaspace: 158K(384K)->158K(384K) NonClass: 153K(256K)->153K(256K) Class: 4K(128K)->4K(128K)
[2026-06-17T09:56:36.155+0800][44.785s][info][gc             ] GC(1070) Pause Young (Allocation Failure) 51M->37M(61M) 4.117ms
[2026-06-17T09:56:36.156+0800][44.785s][info][gc,cpu         ] GC(1070) User=0.00s Sys=0.00s Real=0.00s
[2026-06-17T09:56:36.199+0800][44.828s][info][gc,start       ] GC(1071) Pause Young (Allocation Failure)
[2026-06-17T09:56:36.201+0800][44.830s][info][gc,heap        ] GC(1071) DefNew: 19646K(19648K)->2174K(19648K) Eden: 17472K(17472K)->0K(17472K) From: 2174K(2176K)->2174K(2176K)
[2026-06-17T09:56:36.202+0800][44.831s][info][gc,heap        ] GC(1071) Tenured: 36429K(43712K)->41281K(43712K)
[2026-06-17T09:56:36.203+0800][44.832s][info][gc,metaspace   ] GC(1071) Metaspace: 158K(384K)->158K(384K) NonClass: 153K(256K)->153K(256K) Class: 4K(128K)->4K(128K)
[2026-06-17T09:56:36.203+0800][44.833s][info][gc             ] GC(1071) Pause Young (Allocation Failure) 54M->42M(61M) 4.158ms
[2026-06-17T09:56:36.204+0800][44.833s][info][gc,cpu         ] GC(1071) User=0.00s Sys=0.00s Real=0.01s
[2026-06-17T09:56:36.257+0800][44.886s][info][gc,start       ] GC(1072) Pause Young (Allocation Failure)
[2026-06-17T09:56:36.258+0800][44.887s][info][gc             ] GC(1072) Pause Young (Allocation Failure) 59M->59M(61M) 0.864ms
[2026-06-17T09:56:36.259+0800][44.888s][info][gc,cpu         ] GC(1072) User=0.00s Sys=0.00s Real=0.00s
[2026-06-17T09:56:36.259+0800][44.888s][info][gc,start       ] GC(1073) Pause Full (Allocation Failure)
[2026-06-17T09:56:36.260+0800][44.889s][info][gc,phases,start] GC(1073) Phase 1: Mark live objects
[2026-06-17T09:56:36.261+0800][44.890s][info][gc,phases      ] GC(1073) Phase 1: Mark live objects 1.158ms
[2026-06-17T09:56:36.262+0800][44.891s][info][gc,phases,start] GC(1073) Phase 2: Compute new object addresses
[2026-06-17T09:56:36.263+0800][44.892s][info][gc,phases      ] GC(1073) Phase 2: Compute new object addresses 1.000ms
[2026-06-17T09:56:36.263+0800][44.892s][info][gc,phases,start] GC(1073) Phase 3: Adjust pointers
[2026-06-17T09:56:36.264+0800][44.894s][info][gc,phases      ] GC(1073) Phase 3: Adjust pointers 1.138ms
[2026-06-17T09:56:36.265+0800][44.894s][info][gc,phases,start] GC(1073) Phase 4: Move objects
[2026-06-17T09:56:36.270+0800][44.899s][info][gc,phases      ] GC(1073) Phase 4: Move objects 4.388ms
[2026-06-17T09:56:36.270+0800][44.900s][info][gc,heap        ] GC(1073) DefNew: 19618K(19648K)->0K(19648K) Eden: 17443K(17472K)->0K(17472K) From: 2174K(2176K)->0K(2176K)
[2026-06-17T09:56:36.271+0800][44.900s][info][gc,heap        ] GC(1073) Tenured: 41281K(43712K)->24116K(43712K)
[2026-06-17T09:56:36.271+0800][44.900s][info][gc,metaspace   ] GC(1073) Metaspace: 158K(384K)->158K(384K) NonClass: 153K(256K)->153K(256K) Class: 4K(128K)->4K(128K)
[2026-06-17T09:56:36.272+0800][44.901s][info][gc             ] GC(1073) Pause Full (Allocation Failure) 59M->23M(61M) 12.280ms
[2026-06-17T09:56:36.272+0800][44.901s][info][gc,cpu         ] GC(1073) User=0.01s Sys=0.00s Real=0.02s
[2026-06-17T09:56:36.315+0800][44.944s][info][gc,start       ] GC(1074) Pause Young (Allocation Failure)
[2026-06-17T09:56:36.317+0800][44.946s][info][gc,heap        ] GC(1074) DefNew: 17461K(19648K)->2172K(19648K) Eden: 17461K(17472K)->0K(17472K) From: 0K(2176K)->2172K(2176K)
[2026-06-17T09:56:36.318+0800][44.947s][info][gc,heap        ] GC(1074) Tenured: 24116K(43712K)->28550K(43712K)
[2026-06-17T09:56:36.318+0800][44.947s][info][gc,metaspace   ] GC(1074) Metaspace: 158K(384K)->158K(384K) NonClass: 153K(256K)->153K(256K) Class: 4K(128K)->4K(128K)
[2026-06-17T09:56:36.319+0800][44.948s][info][gc             ] GC(1074) Pause Young (Allocation Failure) 40M->30M(61M) 4.050ms
[2026-06-17T09:56:36.320+0800][44.949s][info][gc,cpu         ] GC(1074) User=0.00s Sys=0.00s Real=0.00s
[2026-06-17T09:56:36.363+0800][44.992s][info][gc,start       ] GC(1075) Pause Young (Allocation Failure)
[2026-06-17T09:56:36.365+0800][44.994s][info][gc,heap        ] GC(1075) DefNew: 19612K(19648K)->2118K(19648K) Eden: 17439K(17472K)->0K(17472K) From: 2172K(2176K)->2118K(2176K)
[2026-06-17T09:56:36.366+0800][44.995s][info][gc,heap        ] GC(1075) Tenured: 28550K(43712K)->32155K(43712K)
[2026-06-17T09:56:36.367+0800][44.996s][info][gc,metaspace   ] GC(1075) Metaspace: 158K(384K)->158K(384K) NonClass: 153K(256K)->153K(256K) Class: 4K(128K)->4K(128K)
[2026-06-17T09:56:36.368+0800][44.997s][info][gc             ] GC(1075) Pause Young (Allocation Failure) 47M->33M(61M) 4.469ms
[2026-06-17T09:56:36.369+0800][44.998s][info][gc,cpu         ] GC(1075) User=0.00s Sys=0.00s Real=0.00s
[2026-06-17T09:56:36.412+0800][45.042s][info][gc,start       ] GC(1076) Pause Young (Allocation Failure)
[2026-06-17T09:56:36.414+0800][45.043s][info][gc,heap        ] GC(1076) DefNew: 19554K(19648K)->2175K(19648K) Eden: 17436K(17472K)->0K(17472K) From: 2118K(2176K)->2175K(2176K)
[2026-06-17T09:56:36.415+0800][45.044s][info][gc,heap        ] GC(1076) Tenured: 32155K(43712K)->35686K(43712K)
[2026-06-17T09:56:36.416+0800][45.045s][info][gc,metaspace   ] GC(1076) Metaspace: 158K(384K)->158K(384K) NonClass: 153K(256K)->153K(256K) Class: 4K(128K)->4K(128K)
[2026-06-17T09:56:36.417+0800][45.046s][info][gc             ] GC(1076) Pause Young (Allocation Failure) 50M->36M(61M) 4.469ms
[2026-06-17T09:56:36.418+0800][45.047s][info][gc,cpu         ] GC(1076) User=0.00s Sys=0.00s Real=0.00s
[2026-06-17T09:56:36.462+0800][45.091s][info][gc,start       ] GC(1077) Pause Young (Allocation Failure)
[2026-06-17T09:56:36.464+0800][45.093s][info][gc,heap        ] GC(1077) DefNew: 19647K(19648K)->2170K(19648K) Eden: 17472K(17472K)->0K(17472K) From: 2175K(2176K)->2170K(2176K)
[2026-06-17T09:56:36.464+0800][45.093s][info][gc,heap        ] GC(1077) Tenured: 35686K(43712K)->39891K(43712K)
[2026-06-17T09:56:36.465+0800][45.094s][info][gc,metaspace   ] GC(1077) Metaspace: 158K(384K)->158K(384K) NonClass: 153K(256K)->153K(256K) Class: 4K(128K)->4K(128K)
[2026-06-17T09:56:36.465+0800][45.094s][info][gc             ] GC(1077) Pause Young (Allocation Failure) 54M->41M(61M) 3.141ms
[2026-06-17T09:56:36.465+0800][45.095s][info][gc,cpu         ] GC(1077) User=0.00s Sys=0.00s Real=0.01s
[2026-06-17T09:56:36.511+0800][45.140s][info][gc,start       ] GC(1078) Pause Young (Allocation Failure)
[2026-06-17T09:56:36.512+0800][45.141s][info][gc             ] GC(1078) Pause Young (Allocation Failure) 58M->58M(61M) 0.856ms
[2026-06-17T09:56:36.513+0800][45.142s][info][gc,cpu         ] GC(1078) User=0.00s Sys=0.00s Real=0.00s
[2026-06-17T09:56:36.513+0800][45.142s][info][gc,start       ] GC(1079) Pause Full (Allocation Failure)
[2026-06-17T09:56:36.514+0800][45.143s][info][gc,phases,start] GC(1079) Phase 1: Mark live objects
[2026-06-17T09:56:36.515+0800][45.144s][info][gc,phases      ] GC(1079) Phase 1: Mark live objects 1.241ms
[2026-06-17T09:56:36.515+0800][45.145s][info][gc,phases,start] GC(1079) Phase 2: Compute new object addresses
[2026-06-17T09:56:36.516+0800][45.145s][info][gc,phases      ] GC(1079) Phase 2: Compute new object addresses 0.765ms
[2026-06-17T09:56:36.517+0800][45.146s][info][gc,phases,start] GC(1079) Phase 3: Adjust pointers
[2026-06-17T09:56:36.518+0800][45.147s][info][gc,phases      ] GC(1079) Phase 3: Adjust pointers 0.763ms
[2026-06-17T09:56:36.518+0800][45.147s][info][gc,phases,start] GC(1079) Phase 4: Move objects
[2026-06-17T09:56:36.520+0800][45.150s][info][gc,phases      ] GC(1079) Phase 4: Move objects 2.532ms
[2026-06-17T09:56:36.521+0800][45.150s][info][gc,heap        ] GC(1079) DefNew: 19642K(19648K)->0K(19648K) Eden: 17472K(17472K)->0K(17472K) From: 2170K(2176K)->0K(2176K)
[2026-06-17T09:56:36.521+0800][45.150s][info][gc,heap        ] GC(1079) Tenured: 39891K(43712K)->32122K(43712K)
[2026-06-17T09:56:36.522+0800][45.151s][info][gc,metaspace   ] GC(1079) Metaspace: 158K(384K)->158K(384K) NonClass: 153K(256K)->153K(256K) Class: 4K(128K)->4K(128K)
[2026-06-17T09:56:36.522+0800][45.151s][info][gc             ] GC(1079) Pause Full (Allocation Failure) 58M->31M(61M) 8.722ms
[2026-06-17T09:56:36.522+0800][45.151s][info][gc,cpu         ] GC(1079) User=0.01s Sys=0.00s Real=0.00s
[2026-06-17T09:56:36.566+0800][45.195s][info][gc,start       ] GC(1080) Pause Young (Allocation Failure)
[2026-06-17T09:56:36.567+0800][45.196s][info][gc,heap        ] GC(1080) DefNew: 17456K(19648K)->2127K(19648K) Eden: 17456K(17472K)->0K(17472K) From: 0K(2176K)->2127K(2176K)
[2026-06-17T09:56:36.567+0800][45.197s][info][gc,heap        ] GC(1080) Tenured: 32122K(43712K)->33846K(43712K)
[2026-06-17T09:56:36.568+0800][45.197s][info][gc,metaspace   ] GC(1080) Metaspace: 158K(384K)->158K(384K) NonClass: 153K(256K)->153K(256K) Class: 4K(128K)->4K(128K)
[2026-06-17T09:56:36.568+0800][45.197s][info][gc             ] GC(1080) Pause Young (Allocation Failure) 48M->35M(61M) 2.718ms
[2026-06-17T09:56:36.569+0800][45.198s][info][gc,cpu         ] GC(1080) User=0.00s Sys=0.00s Real=0.00s
[2026-06-17T09:56:36.612+0800][45.242s][info][gc,start       ] GC(1081) Pause Young (Allocation Failure)
[2026-06-17T09:56:36.616+0800][45.245s][info][gc,heap        ] GC(1081) DefNew: 19577K(19648K)->2173K(19648K) Eden: 17450K(17472K)->0K(17472K) From: 2127K(2176K)->2173K(2176K)
[2026-06-17T09:56:36.617+0800][45.246s][info][gc,heap        ] GC(1081) Tenured: 33846K(43712K)->40620K(43712K)
[2026-06-17T09:56:36.617+0800][45.246s][info][gc,metaspace   ] GC(1081) Metaspace: 158K(384K)->158K(384K) NonClass: 153K(256K)->153K(256K) Class: 4K(128K)->4K(128K)
[2026-06-17T09:56:36.618+0800][45.247s][info][gc             ] GC(1081) Pause Young (Allocation Failure) 52M->41M(61M) 5.415ms
[2026-06-17T09:56:36.618+0800][45.247s][info][gc,cpu         ] GC(1081) User=0.00s Sys=0.00s Real=0.00s
[2026-06-17T09:56:36.673+0800][45.302s][info][gc,start       ] GC(1082) Pause Young (Allocation Failure)
[2026-06-17T09:56:36.673+0800][45.302s][info][gc             ] GC(1082) Pause Young (Allocation Failure) 58M->58M(61M) 0.524ms
[2026-06-17T09:56:36.673+0800][45.302s][info][gc,cpu         ] GC(1082) User=0.00s Sys=0.00s Real=0.00s
[2026-06-17T09:56:36.674+0800][45.303s][info][gc,start       ] GC(1083) Pause Full (Allocation Failure)
[2026-06-17T09:56:36.674+0800][45.303s][info][gc,phases,start] GC(1083) Phase 1: Mark live objects
[2026-06-17T09:56:36.675+0800][45.304s][info][gc,phases      ] GC(1083) Phase 1: Mark live objects 0.692ms
[2026-06-17T09:56:36.675+0800][45.304s][info][gc,phases,start] GC(1083) Phase 2: Compute new object addresses
[2026-06-17T09:56:36.675+0800][45.305s][info][gc,phases      ] GC(1083) Phase 2: Compute new object addresses 0.452ms
[2026-06-17T09:56:36.676+0800][45.305s][info][gc,phases,start] GC(1083) Phase 3: Adjust pointers
[2026-06-17T09:56:36.676+0800][45.305s][info][gc,phases      ] GC(1083) Phase 3: Adjust pointers 0.542ms
[2026-06-17T09:56:36.676+0800][45.306s][info][gc,phases,start] GC(1083) Phase 4: Move objects
[2026-06-17T09:56:36.679+0800][45.308s][info][gc,phases      ] GC(1083) Phase 4: Move objects 2.289ms
[2026-06-17T09:56:36.679+0800][45.308s][info][gc,heap        ] GC(1083) DefNew: 19645K(19648K)->0K(19648K) Eden: 17472K(17472K)->0K(17472K) From: 2173K(2176K)->0K(2176K)
[2026-06-17T09:56:36.679+0800][45.308s][info][gc,heap        ] GC(1083) Tenured: 40620K(43712K)->29995K(43712K)
[2026-06-17T09:56:36.679+0800][45.308s][info][gc,metaspace   ] GC(1083) Metaspace: 158K(384K)->158K(384K) NonClass: 153K(256K)->153K(256K) Class: 4K(128K)->4K(128K)
[2026-06-17T09:56:36.679+0800][45.309s][info][gc             ] GC(1083) Pause Full (Allocation Failure) 58M->29M(61M) 5.826ms
[2026-06-17T09:56:36.680+0800][45.309s][info][gc,cpu         ] GC(1083) User=0.01s Sys=0.00s Real=0.00s
[2026-06-17T09:56:36.712+0800][45.341s][info][gc,start       ] GC(1084) Pause Young (Allocation Failure)
[2026-06-17T09:56:36.714+0800][45.343s][info][gc,heap        ] GC(1084) DefNew: 17172K(19648K)->2175K(19648K) Eden: 17172K(17472K)->0K(17472K) From: 0K(2176K)->2175K(2176K)
[2026-06-17T09:56:36.715+0800][45.344s][info][gc,heap        ] GC(1084) Tenured: 29995K(43712K)->34294K(43712K)
[2026-06-17T09:56:36.715+0800][45.345s][info][gc,metaspace   ] GC(1084) Metaspace: 158K(384K)->158K(384K) NonClass: 153K(256K)->153K(256K) Class: 4K(128K)->4K(128K)
[2026-06-17T09:56:36.716+0800][45.345s][info][gc             ] GC(1084) Pause Young (Allocation Failure) 46M->35M(61M) 3.697ms
[2026-06-17T09:56:36.716+0800][45.346s][info][gc,cpu         ] GC(1084) User=0.00s Sys=0.00s Real=0.00s
[2026-06-17T09:56:36.771+0800][45.400s][info][gc,start       ] GC(1085) Pause Young (Allocation Failure)
[2026-06-17T09:56:36.773+0800][45.403s][info][gc,heap        ] GC(1085) DefNew: 19618K(19648K)->2103K(19648K) Eden: 17443K(17472K)->0K(17472K) From: 2175K(2176K)->2103K(2176K)
[2026-06-17T09:56:36.774+0800][45.403s][info][gc,heap        ] GC(1085) Tenured: 34294K(43712K)->37926K(43712K)
[2026-06-17T09:56:36.775+0800][45.404s][info][gc,metaspace   ] GC(1085) Metaspace: 158K(384K)->158K(384K) NonClass: 153K(256K)->153K(256K) Class: 4K(128K)->4K(128K)
[2026-06-17T09:56:36.775+0800][45.404s][info][gc             ] GC(1085) Pause Young (Allocation Failure) 52M->39M(61M) 3.874ms
[2026-06-17T09:56:36.776+0800][45.405s][info][gc,cpu         ] GC(1085) User=0.01s Sys=0.00s Real=0.00s
[2026-06-17T09:56:36.819+0800][45.448s][info][gc,start       ] GC(1086) Pause Young (Allocation Failure)
[2026-06-17T09:56:36.820+0800][45.449s][info][gc             ] GC(1086) Pause Young (Allocation Failure) 56M->56M(61M) 1.079ms
[2026-06-17T09:56:36.823+0800][45.453s][info][gc,cpu         ] GC(1086) User=0.00s Sys=0.00s Real=0.01s
[2026-06-17T09:56:36.825+0800][45.454s][info][gc,start       ] GC(1087) Pause Full (Allocation Failure)
[2026-06-17T09:56:36.825+0800][45.455s][info][gc,phases,start] GC(1087) Phase 1: Mark live objects
[2026-06-17T09:56:36.827+0800][45.456s][info][gc,phases      ] GC(1087) Phase 1: Mark live objects 1.147ms
[2026-06-17T09:56:36.827+0800][45.457s][info][gc,phases,start] GC(1087) Phase 2: Compute new object addresses
[2026-06-17T09:56:36.828+0800][45.457s][info][gc,phases      ] GC(1087) Phase 2: Compute new object addresses 0.521ms
[2026-06-17T09:56:36.828+0800][45.457s][info][gc,phases,start] GC(1087) Phase 3: Adjust pointers
[2026-06-17T09:56:36.829+0800][45.458s][info][gc,phases      ] GC(1087) Phase 3: Adjust pointers 0.533ms
[2026-06-17T09:56:36.829+0800][45.458s][info][gc,phases,start] GC(1087) Phase 4: Move objects
[2026-06-17T09:56:36.831+0800][45.460s][info][gc,phases      ] GC(1087) Phase 4: Move objects 2.442ms
[2026-06-17T09:56:36.832+0800][45.461s][info][gc,heap        ] GC(1087) DefNew: 19575K(19648K)->0K(19648K) Eden: 17472K(17472K)->0K(17472K) From: 2103K(2176K)->0K(2176K)
[2026-06-17T09:56:36.832+0800][45.461s][info][gc,heap        ] GC(1087) Tenured: 37926K(43712K)->30126K(43712K)
[2026-06-17T09:56:36.832+0800][45.461s][info][gc,metaspace   ] GC(1087) Metaspace: 158K(384K)->158K(384K) NonClass: 153K(256K)->153K(256K) Class: 4K(128K)->4K(128K)
[2026-06-17T09:56:36.832+0800][45.462s][info][gc             ] GC(1087) Pause Full (Allocation Failure) 56M->29M(61M) 7.484ms
[2026-06-17T09:56:36.833+0800][45.462s][info][gc,cpu         ] GC(1087) User=0.00s Sys=0.00s Real=0.01s
[2026-06-17T09:56:36.876+0800][45.505s][info][gc,start       ] GC(1088) Pause Young (Allocation Failure)
[2026-06-17T09:56:36.879+0800][45.508s][info][gc,heap        ] GC(1088) DefNew: 17468K(19648K)->2173K(19648K) Eden: 17468K(17472K)->0K(17472K) From: 0K(2176K)->2173K(2176K)
[2026-06-17T09:56:36.879+0800][45.508s][info][gc,heap        ] GC(1088) Tenured: 30126K(43712K)->34670K(43712K)
[2026-06-17T09:56:36.880+0800][45.509s][info][gc,metaspace   ] GC(1088) Metaspace: 158K(384K)->158K(384K) NonClass: 153K(256K)->153K(256K) Class: 4K(128K)->4K(128K)
[2026-06-17T09:56:36.880+0800][45.509s][info][gc             ] GC(1088) Pause Young (Allocation Failure) 46M->35M(61M) 4.173ms
[2026-06-17T09:56:36.881+0800][45.510s][info][gc,cpu         ] GC(1088) User=0.00s Sys=0.00s Real=0.00s
[2026-06-17T09:56:36.925+0800][45.554s][info][gc,start       ] GC(1089) Pause Young (Allocation Failure)
[2026-06-17T09:56:36.927+0800][45.556s][info][gc,heap        ] GC(1089) DefNew: 19632K(19648K)->2158K(19648K) Eden: 17459K(17472K)->0K(17472K) From: 2173K(2176K)->2158K(2176K)
[2026-06-17T09:56:36.928+0800][45.557s][info][gc,heap        ] GC(1089) Tenured: 34670K(43712K)->38975K(43712K)
[2026-06-17T09:56:36.928+0800][45.557s][info][gc,metaspace   ] GC(1089) Metaspace: 158K(384K)->158K(384K) NonClass: 153K(256K)->153K(256K) Class: 4K(128K)->4K(128K)
[2026-06-17T09:56:36.929+0800][45.558s][info][gc             ] GC(1089) Pause Young (Allocation Failure) 53M->40M(61M) 3.458ms
[2026-06-17T09:56:36.929+0800][45.558s][info][gc,cpu         ] GC(1089) User=0.00s Sys=0.00s Real=0.00s
[2026-06-17T09:56:36.974+0800][45.603s][info][gc,start       ] GC(1090) Pause Young (Allocation Failure)
[2026-06-17T09:56:36.975+0800][45.604s][info][gc             ] GC(1090) Pause Young (Allocation Failure) 57M->57M(61M) 1.006ms
[2026-06-17T09:56:36.976+0800][45.605s][info][gc,cpu         ] GC(1090) User=0.00s Sys=0.00s Real=0.00s
[2026-06-17T09:56:36.976+0800][45.606s][info][gc,start       ] GC(1091) Pause Full (Allocation Failure)
[2026-06-17T09:56:36.977+0800][45.606s][info][gc,phases,start] GC(1091) Phase 1: Mark live objects
[2026-06-17T09:56:36.979+0800][45.608s][info][gc,phases      ] GC(1091) Phase 1: Mark live objects 1.519ms
[2026-06-17T09:56:36.979+0800][45.609s][info][gc,phases,start] GC(1091) Phase 2: Compute new object addresses
[2026-06-17T09:56:36.980+0800][45.609s][info][gc,phases      ] GC(1091) Phase 2: Compute new object addresses 0.953ms
[2026-06-17T09:56:36.981+0800][45.610s][info][gc,phases,start] GC(1091) Phase 3: Adjust pointers
[2026-06-17T09:56:36.982+0800][45.611s][info][gc,phases      ] GC(1091) Phase 3: Adjust pointers 1.115ms
[2026-06-17T09:56:36.983+0800][45.612s][info][gc,phases,start] GC(1091) Phase 4: Move objects
[2026-06-17T09:56:36.985+0800][45.614s][info][gc,phases      ] GC(1091) Phase 4: Move objects 2.794ms
[2026-06-17T09:56:36.986+0800][45.615s][info][gc,heap        ] GC(1091) DefNew: 19630K(19648K)->0K(19648K) Eden: 17472K(17472K)->0K(17472K) From: 2158K(2176K)->0K(2176K)
[2026-06-17T09:56:36.986+0800][45.615s][info][gc,heap        ] GC(1091) Tenured: 38975K(43712K)->26744K(43712K)
[2026-06-17T09:56:36.987+0800][45.616s][info][gc,metaspace   ] GC(1091) Metaspace: 158K(384K)->158K(384K) NonClass: 153K(256K)->153K(256K) Class: 4K(128K)->4K(128K)
[2026-06-17T09:56:36.987+0800][45.616s][info][gc             ] GC(1091) Pause Full (Allocation Failure) 57M->26M(61M) 10.562ms
[2026-06-17T09:56:36.987+0800][45.616s][info][gc,cpu         ] GC(1091) User=0.01s Sys=0.00s Real=0.01s
[2026-06-17T09:56:37.031+0800][45.660s][info][gc,start       ] GC(1092) Pause Young (Allocation Failure)
[2026-06-17T09:56:37.033+0800][45.662s][info][gc,heap        ] GC(1092) DefNew: 17441K(19648K)->2174K(19648K) Eden: 17441K(17472K)->0K(17472K) From: 0K(2176K)->2174K(2176K)
[2026-06-17T09:56:37.034+0800][45.663s][info][gc,heap        ] GC(1092) Tenured: 26744K(43712K)->31384K(43712K)
[2026-06-17T09:56:37.034+0800][45.663s][info][gc,metaspace   ] GC(1092) Metaspace: 158K(384K)->158K(384K) NonClass: 153K(256K)->153K(256K) Class: 4K(128K)->4K(128K)
[2026-06-17T09:56:37.035+0800][45.664s][info][gc             ] GC(1092) Pause Young (Allocation Failure) 43M->32M(61M) 3.808ms
[2026-06-17T09:56:37.036+0800][45.665s][info][gc,cpu         ] GC(1092) User=0.00s Sys=0.00s Real=0.00s
[2026-06-17T09:56:37.080+0800][45.710s][info][gc,start       ] GC(1093) Pause Young (Allocation Failure)
[2026-06-17T09:56:37.083+0800][45.712s][info][gc,heap        ] GC(1093) DefNew: 19596K(19648K)->2170K(19648K) Eden: 17421K(17472K)->0K(17472K) From: 2174K(2176K)->2170K(2176K)
[2026-06-17T09:56:37.084+0800][45.713s][info][gc,heap        ] GC(1093) Tenured: 31384K(43712K)->35683K(43712K)
[2026-06-17T09:56:37.085+0800][45.714s][info][gc,metaspace   ] GC(1093) Metaspace: 158K(384K)->158K(384K) NonClass: 153K(256K)->153K(256K) Class: 4K(128K)->4K(128K)
[2026-06-17T09:56:37.085+0800][45.714s][info][gc             ] GC(1093) Pause Young (Allocation Failure) 49M->36M(61M) 4.855ms
[2026-06-17T09:56:37.086+0800][45.715s][info][gc,cpu         ] GC(1093) User=0.00s Sys=0.00s Real=0.01s
[2026-06-17T09:56:37.131+0800][45.760s][info][gc,start       ] GC(1094) Pause Young (Allocation Failure)
[2026-06-17T09:56:37.132+0800][45.761s][info][gc,heap        ] GC(1094) DefNew: 19381K(19648K)->2169K(19648K) Eden: 17210K(17472K)->0K(17472K) From: 2170K(2176K)->2169K(2176K)
[2026-06-17T09:56:37.133+0800][45.762s][info][gc,heap        ] GC(1094) Tenured: 35683K(43712K)->36411K(43712K)
[2026-06-17T09:56:37.133+0800][45.762s][info][gc,metaspace   ] GC(1094) Metaspace: 158K(384K)->158K(384K) NonClass: 153K(256K)->153K(256K) Class: 4K(128K)->4K(128K)
[2026-06-17T09:56:37.134+0800][45.763s][info][gc             ] GC(1094) Pause Young (Allocation Failure) 53M->37M(61M) 3.180ms
[2026-06-17T09:56:37.134+0800][45.764s][info][gc,cpu         ] GC(1094) User=0.00s Sys=0.00s Real=0.00s
[2026-06-17T09:56:37.189+0800][45.818s][info][gc,start       ] GC(1095) Pause Young (Allocation Failure)
[2026-06-17T09:56:37.191+0800][45.820s][info][gc,heap        ] GC(1095) DefNew: 19641K(19648K)->2081K(19648K) Eden: 17472K(17472K)->0K(17472K) From: 2169K(2176K)->2081K(2176K)
[2026-06-17T09:56:37.191+0800][45.821s][info][gc,heap        ] GC(1095) Tenured: 36411K(43712K)->39976K(43712K)
[2026-06-17T09:56:37.192+0800][45.821s][info][gc,metaspace   ] GC(1095) Metaspace: 158K(384K)->158K(384K) NonClass: 153K(256K)->153K(256K) Class: 4K(128K)->4K(128K)
[2026-06-17T09:56:37.193+0800][45.822s][info][gc             ] GC(1095) Pause Young (Allocation Failure) 54M->41M(61M) 4.035ms
[2026-06-17T09:56:37.193+0800][45.822s][info][gc,cpu         ] GC(1095) User=0.00s Sys=0.00s Real=0.01s
[2026-06-17T09:56:37.237+0800][45.866s][info][gc,start       ] GC(1096) Pause Young (Allocation Failure)
[2026-06-17T09:56:37.238+0800][45.867s][info][gc             ] GC(1096) Pause Young (Allocation Failure) 58M->58M(61M) 1.684ms
[2026-06-17T09:56:37.239+0800][45.869s][info][gc,cpu         ] GC(1096) User=0.00s Sys=0.00s Real=0.00s
[2026-06-17T09:56:37.246+0800][45.875s][info][gc,start       ] GC(1097) Pause Full (Allocation Failure)
[2026-06-17T09:56:37.248+0800][45.877s][info][gc,phases,start] GC(1097) Phase 1: Mark live objects
[2026-06-17T09:56:37.249+0800][45.878s][info][gc,phases      ] GC(1097) Phase 1: Mark live objects 1.450ms
[2026-06-17T09:56:37.250+0800][45.879s][info][gc,phases,start] GC(1097) Phase 2: Compute new object addresses
[2026-06-17T09:56:37.250+0800][45.879s][info][gc,phases      ] GC(1097) Phase 2: Compute new object addresses 0.450ms
[2026-06-17T09:56:37.251+0800][45.880s][info][gc,phases,start] GC(1097) Phase 3: Adjust pointers
[2026-06-17T09:56:37.253+0800][45.882s][info][gc,phases      ] GC(1097) Phase 3: Adjust pointers 1.583ms
[2026-06-17T09:56:37.253+0800][45.882s][info][gc,phases,start] GC(1097) Phase 4: Move objects
[2026-06-17T09:56:37.259+0800][45.888s][info][gc,phases      ] GC(1097) Phase 4: Move objects 6.035ms
[2026-06-17T09:56:37.260+0800][45.889s][info][gc,heap        ] GC(1097) DefNew: 19539K(19648K)->0K(19648K) Eden: 17457K(17472K)->0K(17472K) From: 2081K(2176K)->0K(2176K)
[2026-06-17T09:56:37.261+0800][45.890s][info][gc,heap        ] GC(1097) Tenured: 39976K(43712K)->26926K(43712K)
[2026-06-17T09:56:37.261+0800][45.891s][info][gc,metaspace   ] GC(1097) Metaspace: 158K(384K)->158K(384K) NonClass: 153K(256K)->153K(256K) Class: 4K(128K)->4K(128K)
[2026-06-17T09:56:37.262+0800][45.891s][info][gc             ] GC(1097) Pause Full (Allocation Failure) 58M->26M(61M) 15.497ms
[2026-06-17T09:56:37.263+0800][45.892s][info][gc,cpu         ] GC(1097) User=0.00s Sys=0.00s Real=0.02s
[2026-06-17T09:56:37.305+0800][45.934s][info][gc,start       ] GC(1098) Pause Young (Allocation Failure)
[2026-06-17T09:56:37.306+0800][45.935s][info][gc,heap        ] GC(1098) DefNew: 17472K(19648K)->2175K(19648K) Eden: 17472K(17472K)->0K(17472K) From: 0K(2176K)->2175K(2176K)
[2026-06-17T09:56:37.307+0800][45.936s][info][gc,heap        ] GC(1098) Tenured: 26926K(43712K)->31304K(43712K)
[2026-06-17T09:56:37.307+0800][45.936s][info][gc,metaspace   ] GC(1098) Metaspace: 158K(384K)->158K(384K) NonClass: 153K(256K)->153K(256K) Class: 4K(128K)->4K(128K)
[2026-06-17T09:56:37.307+0800][45.936s][info][gc             ] GC(1098) Pause Young (Allocation Failure) 43M->32M(61M) 1.752ms
[2026-06-17T09:56:37.307+0800][45.936s][info][gc,cpu         ] GC(1098) User=0.00s Sys=0.00s Real=0.00s
[2026-06-17T09:56:37.349+0800][45.978s][info][gc,start       ] GC(1099) Pause Young (Allocation Failure)
[2026-06-17T09:56:37.351+0800][45.980s][info][gc,heap        ] GC(1099) DefNew: 19628K(19648K)->2166K(19648K) Eden: 17453K(17472K)->0K(17472K) From: 2175K(2176K)->2166K(2176K)
[2026-06-17T09:56:37.351+0800][45.980s][info][gc,heap        ] GC(1099) Tenured: 31304K(43712K)->35688K(43712K)
[2026-06-17T09:56:37.351+0800][45.980s][info][gc,metaspace   ] GC(1099) Metaspace: 158K(384K)->158K(384K) NonClass: 153K(256K)->153K(256K) Class: 4K(128K)->4K(128K)
[2026-06-17T09:56:37.352+0800][45.981s][info][gc             ] GC(1099) Pause Young (Allocation Failure) 49M->36M(61M) 2.442ms
[2026-06-17T09:56:37.352+0800][45.981s][info][gc,cpu         ] GC(1099) User=0.00s Sys=0.00s Real=0.01s
[2026-06-17T09:56:37.394+0800][46.023s][info][gc,start       ] GC(1100) Pause Young (Allocation Failure)
[2026-06-17T09:56:37.395+0800][46.024s][info][gc,heap        ] GC(1100) DefNew: 19618K(19648K)->2174K(19648K) Eden: 17452K(17472K)->0K(17472K) From: 2166K(2176K)->2174K(2176K)
[2026-06-17T09:56:37.395+0800][46.024s][info][gc,heap        ] GC(1100) Tenured: 35688K(43712K)->36588K(43712K)
[2026-06-17T09:56:37.395+0800][46.025s][info][gc,metaspace   ] GC(1100) Metaspace: 158K(384K)->158K(384K) NonClass: 153K(256K)->153K(256K) Class: 4K(128K)->4K(128K)
[2026-06-17T09:56:37.396+0800][46.025s][info][gc             ] GC(1100) Pause Young (Allocation Failure) 54M->37M(61M) 1.605ms
[2026-06-17T09:56:37.396+0800][46.025s][info][gc,cpu         ] GC(1100) User=0.00s Sys=0.00s Real=0.00s
[2026-06-17T09:56:37.438+0800][46.067s][info][gc,start       ] GC(1101) Pause Young (Allocation Failure)
[2026-06-17T09:56:37.439+0800][46.068s][info][gc,heap        ] GC(1101) DefNew: 19641K(19648K)->2172K(19648K) Eden: 17466K(17472K)->0K(17472K) From: 2174K(2176K)->2172K(2176K)
[2026-06-17T09:56:37.439+0800][46.068s][info][gc,heap        ] GC(1101) Tenured: 36588K(43712K)->43283K(43712K)
[2026-06-17T09:56:37.439+0800][46.069s][info][gc,metaspace   ] GC(1101) Metaspace: 158K(384K)->158K(384K) NonClass: 153K(256K)->153K(256K) Class: 4K(128K)->4K(128K)
[2026-06-17T09:56:37.440+0800][46.069s][info][gc             ] GC(1101) Pause Young (Allocation Failure) 54M->44M(61M) 1.893ms
[2026-06-17T09:56:37.440+0800][46.069s][info][gc,cpu         ] GC(1101) User=0.00s Sys=0.00s Real=0.00s
[2026-06-17T09:56:37.492+0800][46.121s][info][gc,start       ] GC(1102) Pause Young (Allocation Failure)
[2026-06-17T09:56:37.495+0800][46.124s][info][gc             ] GC(1102) Pause Young (Allocation Failure) 61M->61M(61M) 2.817ms
[2026-06-17T09:56:37.497+0800][46.126s][info][gc,cpu         ] GC(1102) User=0.00s Sys=0.00s Real=0.00s
[2026-06-17T09:56:37.506+0800][46.135s][info][gc,start       ] GC(1103) Pause Full (Allocation Failure)
[2026-06-17T09:56:37.514+0800][46.143s][info][gc,phases,start] GC(1103) Phase 1: Mark live objects
[2026-06-17T09:56:37.516+0800][46.145s][info][gc,phases      ] GC(1103) Phase 1: Mark live objects 1.839ms
[2026-06-17T09:56:37.517+0800][46.146s][info][gc,phases,start] GC(1103) Phase 2: Compute new object addresses
[2026-06-17T09:56:37.518+0800][46.148s][info][gc,phases      ] GC(1103) Phase 2: Compute new object addresses 1.057ms
[2026-06-17T09:56:37.519+0800][46.148s][info][gc,phases,start] GC(1103) Phase 3: Adjust pointers
[2026-06-17T09:56:37.519+0800][46.148s][info][gc,phases      ] GC(1103) Phase 3: Adjust pointers 0.447ms
[2026-06-17T09:56:37.519+0800][46.149s][info][gc,phases,start] GC(1103) Phase 4: Move objects
[2026-06-17T09:56:37.521+0800][46.150s][info][gc,phases      ] GC(1103) Phase 4: Move objects 1.650ms
[2026-06-17T09:56:37.521+0800][46.150s][info][gc,heap        ] GC(1103) DefNew: 19642K(19648K)->0K(19648K) Eden: 17469K(17472K)->0K(17472K) From: 2172K(2176K)->0K(2176K)
[2026-06-17T09:56:37.521+0800][46.151s][info][gc,heap        ] GC(1103) Tenured: 43283K(43712K)->21487K(43712K)
[2026-06-17T09:56:37.522+0800][46.151s][info][gc,metaspace   ] GC(1103) Metaspace: 158K(384K)->158K(384K) NonClass: 153K(256K)->153K(256K) Class: 4K(128K)->4K(128K)
[2026-06-17T09:56:37.522+0800][46.151s][info][gc             ] GC(1103) Pause Full (Allocation Failure) 61M->20M(61M) 15.725ms
[2026-06-17T09:56:37.522+0800][46.151s][info][gc,cpu         ] GC(1103) User=0.00s Sys=0.00s Real=0.01s
[2026-06-17T09:56:37.564+0800][46.194s][info][gc,start       ] GC(1104) Pause Young (Allocation Failure)
[2026-06-17T09:56:37.566+0800][46.195s][info][gc,heap        ] GC(1104) DefNew: 17461K(19648K)->2173K(19648K) Eden: 17461K(17472K)->0K(17472K) From: 0K(2176K)->2173K(2176K)
[2026-06-17T09:56:37.568+0800][46.197s][info][gc,heap        ] GC(1104) Tenured: 21487K(43712K)->26472K(43712K)
[2026-06-17T09:56:37.569+0800][46.198s][info][gc,metaspace   ] GC(1104) Metaspace: 158K(384K)->158K(384K) NonClass: 153K(256K)->153K(256K) Class: 4K(128K)->4K(128K)
[2026-06-17T09:56:37.569+0800][46.198s][info][gc             ] GC(1104) Pause Young (Allocation Failure) 38M->27M(61M) 4.327ms
[2026-06-17T09:56:37.569+0800][46.198s][info][gc,cpu         ] GC(1104) User=0.00s Sys=0.00s Real=0.00s
[2026-06-17T09:56:37.612+0800][46.241s][info][gc,start       ] GC(1105) Pause Young (Allocation Failure)
[2026-06-17T09:56:37.613+0800][46.242s][info][gc,heap        ] GC(1105) DefNew: 19645K(19648K)->2058K(19648K) Eden: 17472K(17472K)->0K(17472K) From: 2173K(2176K)->2058K(2176K)
[2026-06-17T09:56:37.614+0800][46.243s][info][gc,heap        ] GC(1105) Tenured: 26472K(43712K)->30231K(43712K)
[2026-06-17T09:56:37.615+0800][46.244s][info][gc,metaspace   ] GC(1105) Metaspace: 158K(384K)->158K(384K) NonClass: 153K(256K)->153K(256K) Class: 4K(128K)->4K(128K)
[2026-06-17T09:56:37.618+0800][46.247s][info][gc             ] GC(1105) Pause Young (Allocation Failure) 45M->31M(61M) 6.217ms
[2026-06-17T09:56:37.618+0800][46.247s][info][gc,cpu         ] GC(1105) User=0.00s Sys=0.00s Real=0.00s
[2026-06-17T09:56:37.661+0800][46.290s][info][gc,start       ] GC(1106) Pause Young (Allocation Failure)
[2026-06-17T09:56:37.662+0800][46.291s][info][gc,heap        ] GC(1106) DefNew: 19530K(19648K)->2171K(19648K) Eden: 17472K(17472K)->0K(17472K) From: 2058K(2176K)->2171K(2176K)
[2026-06-17T09:56:37.663+0800][46.292s][info][gc,heap        ] GC(1106) Tenured: 30231K(43712K)->33993K(43712K)
[2026-06-17T09:56:37.663+0800][46.292s][info][gc,metaspace   ] GC(1106) Metaspace: 158K(384K)->158K(384K) NonClass: 153K(256K)->153K(256K) Class: 4K(128K)->4K(128K)
[2026-06-17T09:56:37.664+0800][46.293s][info][gc             ] GC(1106) Pause Young (Allocation Failure) 48M->35M(61M) 3.001ms
[2026-06-17T09:56:37.664+0800][46.293s][info][gc,cpu         ] GC(1106) User=0.00s Sys=0.01s Real=0.01s
[2026-06-17T09:56:37.707+0800][46.336s][info][gc,start       ] GC(1107) Pause Young (Allocation Failure)
[2026-06-17T09:56:37.708+0800][46.337s][info][gc,heap        ] GC(1107) DefNew: 19631K(19648K)->2063K(19648K) Eden: 17459K(17472K)->0K(17472K) From: 2171K(2176K)->2063K(2176K)
[2026-06-17T09:56:37.708+0800][46.338s][info][gc,heap        ] GC(1107) Tenured: 33993K(43712K)->39207K(43712K)
[2026-06-17T09:56:37.709+0800][46.338s][info][gc,metaspace   ] GC(1107) Metaspace: 158K(384K)->158K(384K) NonClass: 153K(256K)->153K(256K) Class: 4K(128K)->4K(128K)
[2026-06-17T09:56:37.709+0800][46.338s][info][gc             ] GC(1107) Pause Young (Allocation Failure) 52M->40M(61M) 1.775ms
[2026-06-17T09:56:37.709+0800][46.338s][info][gc,cpu         ] GC(1107) User=0.00s Sys=0.00s Real=0.00s
[2026-06-17T09:56:37.751+0800][46.380s][info][gc,start       ] GC(1108) Pause Young (Allocation Failure)
[2026-06-17T09:56:37.752+0800][46.381s][info][gc             ] GC(1108) Pause Young (Allocation Failure) 57M->57M(61M) 0.606ms
[2026-06-17T09:56:37.752+0800][46.381s][info][gc,cpu         ] GC(1108) User=0.00s Sys=0.00s Real=0.00s
[2026-06-17T09:56:37.752+0800][46.381s][info][gc,start       ] GC(1109) Pause Full (Allocation Failure)
[2026-06-17T09:56:37.752+0800][46.381s][info][gc,phases,start] GC(1109) Phase 1: Mark live objects
[2026-06-17T09:56:37.753+0800][46.382s][info][gc,phases      ] GC(1109) Phase 1: Mark live objects 0.567ms
[2026-06-17T09:56:37.753+0800][46.382s][info][gc,phases,start] GC(1109) Phase 2: Compute new object addresses
[2026-06-17T09:56:37.753+0800][46.382s][info][gc,phases      ] GC(1109) Phase 2: Compute new object addresses 0.462ms
[2026-06-17T09:56:37.753+0800][46.383s][info][gc,phases,start] GC(1109) Phase 3: Adjust pointers
[2026-06-17T09:56:37.754+0800][46.383s][info][gc,phases      ] GC(1109) Phase 3: Adjust pointers 0.486ms
[2026-06-17T09:56:37.754+0800][46.383s][info][gc,phases,start] GC(1109) Phase 4: Move objects
[2026-06-17T09:56:37.757+0800][46.386s][info][gc,phases      ] GC(1109) Phase 4: Move objects 2.274ms
[2026-06-17T09:56:37.757+0800][46.386s][info][gc,heap        ] GC(1109) DefNew: 19503K(19648K)->0K(19648K) Eden: 17439K(17472K)->0K(17472K) From: 2063K(2176K)->0K(2176K)
[2026-06-17T09:56:37.757+0800][46.386s][info][gc,heap        ] GC(1109) Tenured: 39207K(43712K)->29495K(43712K)
[2026-06-17T09:56:37.757+0800][46.386s][info][gc,metaspace   ] GC(1109) Metaspace: 158K(384K)->158K(384K) NonClass: 153K(256K)->153K(256K) Class: 4K(128K)->4K(128K)
[2026-06-17T09:56:37.757+0800][46.387s][info][gc             ] GC(1109) Pause Full (Allocation Failure) 57M->28M(61M) 5.533ms
[2026-06-17T09:56:37.758+0800][46.387s][info][gc,cpu         ] GC(1109) User=0.01s Sys=0.00s Real=0.00s
[2026-06-17T09:56:37.800+0800][46.429s][info][gc,start       ] GC(1110) Pause Young (Allocation Failure)
[2026-06-17T09:56:37.801+0800][46.430s][info][gc,heap        ] GC(1110) DefNew: 17288K(19648K)->2087K(19648K) Eden: 17288K(17472K)->0K(17472K) From: 0K(2176K)->2087K(2176K)
[2026-06-17T09:56:37.802+0800][46.431s][info][gc,heap        ] GC(1110) Tenured: 29495K(43712K)->30956K(43712K)
[2026-06-17T09:56:37.802+0800][46.432s][info][gc,metaspace   ] GC(1110) Metaspace: 158K(384K)->158K(384K) NonClass: 153K(256K)->153K(256K) Class: 4K(128K)->4K(128K)
[2026-06-17T09:56:37.803+0800][46.432s][info][gc             ] GC(1110) Pause Young (Allocation Failure) 45M->32M(61M) 2.952ms
[2026-06-17T09:56:37.803+0800][46.432s][info][gc,cpu         ] GC(1110) User=0.00s Sys=0.00s Real=0.01s
[2026-06-17T09:56:37.846+0800][46.475s][info][gc,start       ] GC(1111) Pause Young (Allocation Failure)
[2026-06-17T09:56:37.847+0800][46.476s][info][gc,heap        ] GC(1111) DefNew: 18948K(19648K)->2149K(19648K) Eden: 16861K(17472K)->0K(17472K) From: 2087K(2176K)->2149K(2176K)
[2026-06-17T09:56:37.847+0800][46.476s][info][gc,heap        ] GC(1111) Tenured: 30956K(43712K)->34135K(43712K)
[2026-06-17T09:56:37.848+0800][46.477s][info][gc,metaspace   ] GC(1111) Metaspace: 158K(384K)->158K(384K) NonClass: 153K(256K)->153K(256K) Class: 4K(128K)->4K(128K)
[2026-06-17T09:56:37.848+0800][46.477s][info][gc             ] GC(1111) Pause Young (Allocation Failure) 48M->35M(61M) 2.338ms
[2026-06-17T09:56:37.848+0800][46.477s][info][gc,cpu         ] GC(1111) User=0.00s Sys=0.00s Real=0.00s
[2026-06-17T09:56:37.901+0800][46.530s][info][gc,start       ] GC(1112) Pause Young (Allocation Failure)
[2026-06-17T09:56:37.905+0800][46.534s][info][gc,heap        ] GC(1112) DefNew: 19621K(19648K)->2076K(19648K) Eden: 17472K(17472K)->0K(17472K) From: 2149K(2176K)->2076K(2176K)
[2026-06-17T09:56:37.906+0800][46.535s][info][gc,heap        ] GC(1112) Tenured: 34135K(43712K)->38254K(43712K)
[2026-06-17T09:56:37.908+0800][46.537s][info][gc,metaspace   ] GC(1112) Metaspace: 158K(384K)->158K(384K) NonClass: 153K(256K)->153K(256K) Class: 4K(128K)->4K(128K)
[2026-06-17T09:56:37.909+0800][46.538s][info][gc             ] GC(1112) Pause Young (Allocation Failure) 52M->39M(61M) 8.145ms
[2026-06-17T09:56:37.917+0800][46.546s][info][gc,cpu         ] GC(1112) User=0.00s Sys=0.00s Real=0.02s
[2026-06-17T09:56:37.961+0800][46.590s][info][gc,start       ] GC(1113) Pause Young (Allocation Failure)
[2026-06-17T09:56:37.962+0800][46.591s][info][gc             ] GC(1113) Pause Young (Allocation Failure) 56M->56M(61M) 0.983ms
[2026-06-17T09:56:37.963+0800][46.592s][info][gc,cpu         ] GC(1113) User=0.00s Sys=0.00s Real=0.01s
[2026-06-17T09:56:37.965+0800][46.594s][info][gc,start       ] GC(1114) Pause Full (Allocation Failure)
[2026-06-17T09:56:37.965+0800][46.595s][info][gc,phases,start] GC(1114) Phase 1: Mark live objects
[2026-06-17T09:56:37.967+0800][46.596s][info][gc,phases      ] GC(1114) Phase 1: Mark live objects 1.407ms
[2026-06-17T09:56:37.968+0800][46.597s][info][gc,phases,start] GC(1114) Phase 2: Compute new object addresses
[2026-06-17T09:56:37.969+0800][46.599s][info][gc,phases      ] GC(1114) Phase 2: Compute new object addresses 1.188ms
[2026-06-17T09:56:37.970+0800][46.599s][info][gc,phases,start] GC(1114) Phase 3: Adjust pointers
[2026-06-17T09:56:37.971+0800][46.600s][info][gc,phases      ] GC(1114) Phase 3: Adjust pointers 0.763ms
[2026-06-17T09:56:37.973+0800][46.602s][info][gc,phases,start] GC(1114) Phase 4: Move objects
[2026-06-17T09:56:37.975+0800][46.604s][info][gc,phases      ] GC(1114) Phase 4: Move objects 2.341ms
[2026-06-17T09:56:37.977+0800][46.606s][info][gc,heap        ] GC(1114) DefNew: 19396K(19648K)->0K(19648K) Eden: 17319K(17472K)->0K(17472K) From: 2076K(2176K)->0K(2176K)
[2026-06-17T09:56:37.978+0800][46.607s][info][gc,heap        ] GC(1114) Tenured: 38254K(43712K)->31757K(43712K)
[2026-06-17T09:56:37.978+0800][46.608s][info][gc,metaspace   ] GC(1114) Metaspace: 158K(384K)->158K(384K) NonClass: 153K(256K)->153K(256K) Class: 4K(128K)->4K(128K)
[2026-06-17T09:56:37.979+0800][46.608s][info][gc             ] GC(1114) Pause Full (Allocation Failure) 56M->31M(61M) 14.572ms
[2026-06-17T09:56:37.980+0800][46.609s][info][gc,cpu         ] GC(1114) User=0.00s Sys=0.00s Real=0.01s
[2026-06-17T09:56:38.032+0800][46.661s][info][gc,start       ] GC(1115) Pause Young (Allocation Failure)
[2026-06-17T09:56:38.033+0800][46.662s][info][gc,heap        ] GC(1115) DefNew: 17464K(19648K)->2068K(19648K) Eden: 17464K(17472K)->0K(17472K) From: 0K(2176K)->2068K(2176K)
[2026-06-17T09:56:38.033+0800][46.662s][info][gc,heap        ] GC(1115) Tenured: 31757K(43712K)->33189K(43712K)
[2026-06-17T09:56:38.033+0800][46.662s][info][gc,metaspace   ] GC(1115) Metaspace: 158K(384K)->158K(384K) NonClass: 153K(256K)->153K(256K) Class: 4K(128K)->4K(128K)
[2026-06-17T09:56:38.033+0800][46.663s][info][gc             ] GC(1115) Pause Young (Allocation Failure) 48M->34M(61M) 1.440ms
[2026-06-17T09:56:38.034+0800][46.663s][info][gc,cpu         ] GC(1115) User=0.00s Sys=0.00s Real=0.00s
[2026-06-17T09:56:38.076+0800][46.705s][info][gc,start       ] GC(1116) Pause Young (Allocation Failure)
[2026-06-17T09:56:38.077+0800][46.706s][info][gc,heap        ] GC(1116) DefNew: 19540K(19648K)->2168K(19648K) Eden: 17472K(17472K)->0K(17472K) From: 2068K(2176K)->2168K(2176K)
[2026-06-17T09:56:38.077+0800][46.706s][info][gc,heap        ] GC(1116) Tenured: 33189K(43712K)->36420K(43712K)
[2026-06-17T09:56:38.077+0800][46.706s][info][gc,metaspace   ] GC(1116) Metaspace: 158K(384K)->158K(384K) NonClass: 153K(256K)->153K(256K) Class: 4K(128K)->4K(128K)
[2026-06-17T09:56:38.077+0800][46.706s][info][gc             ] GC(1116) Pause Young (Allocation Failure) 51M->37M(61M) 1.628ms
[2026-06-17T09:56:38.077+0800][46.707s][info][gc,cpu         ] GC(1116) User=0.00s Sys=0.00s Real=0.00s
[2026-06-17T09:56:38.120+0800][46.749s][info][gc,start       ] GC(1117) Pause Young (Allocation Failure)
[2026-06-17T09:56:38.121+0800][46.750s][info][gc,heap        ] GC(1117) DefNew: 19640K(19648K)->2124K(19648K) Eden: 17472K(17472K)->0K(17472K) From: 2168K(2176K)->2124K(2176K)
[2026-06-17T09:56:38.122+0800][46.751s][info][gc,heap        ] GC(1117) Tenured: 36420K(43712K)->40145K(43712K)
[2026-06-17T09:56:38.122+0800][46.751s][info][gc,metaspace   ] GC(1117) Metaspace: 158K(384K)->158K(384K) NonClass: 153K(256K)->153K(256K) Class: 4K(128K)->4K(128K)
[2026-06-17T09:56:38.123+0800][46.752s][info][gc             ] GC(1117) Pause Young (Allocation Failure) 54M->41M(61M) 2.995ms
[2026-06-17T09:56:38.123+0800][46.752s][info][gc,cpu         ] GC(1117) User=0.00s Sys=0.00s Real=0.01s
[2026-06-17T09:56:38.165+0800][46.794s][info][gc,start       ] GC(1118) Pause Young (Allocation Failure)
[2026-06-17T09:56:38.166+0800][46.795s][info][gc             ] GC(1118) Pause Young (Allocation Failure) 58M->58M(61M) 0.587ms
[2026-06-17T09:56:38.166+0800][46.795s][info][gc,cpu         ] GC(1118) User=0.00s Sys=0.00s Real=0.00s
[2026-06-17T09:56:38.167+0800][46.796s][info][gc,start       ] GC(1119) Pause Full (Allocation Failure)
[2026-06-17T09:56:38.167+0800][46.796s][info][gc,phases,start] GC(1119) Phase 1: Mark live objects
[2026-06-17T09:56:38.168+0800][46.797s][info][gc,phases      ] GC(1119) Phase 1: Mark live objects 0.580ms
[2026-06-17T09:56:38.168+0800][46.797s][info][gc,phases,start] GC(1119) Phase 2: Compute new object addresses
[2026-06-17T09:56:38.169+0800][46.798s][info][gc,phases      ] GC(1119) Phase 2: Compute new object addresses 0.503ms
[2026-06-17T09:56:38.169+0800][46.798s][info][gc,phases,start] GC(1119) Phase 3: Adjust pointers
[2026-06-17T09:56:38.170+0800][46.799s][info][gc,phases      ] GC(1119) Phase 3: Adjust pointers 0.736ms
[2026-06-17T09:56:38.170+0800][46.799s][info][gc,phases,start] GC(1119) Phase 4: Move objects
[2026-06-17T09:56:38.174+0800][46.803s][info][gc,phases      ] GC(1119) Phase 4: Move objects 3.393ms
[2026-06-17T09:56:38.174+0800][46.803s][info][gc,heap        ] GC(1119) DefNew: 19574K(19648K)->0K(19648K) Eden: 17449K(17472K)->0K(17472K) From: 2124K(2176K)->0K(2176K)
[2026-06-17T09:56:38.175+0800][46.804s][info][gc,heap        ] GC(1119) Tenured: 40145K(43712K)->34916K(43712K)
[2026-06-17T09:56:38.176+0800][46.805s][info][gc,metaspace   ] GC(1119) Metaspace: 158K(384K)->158K(384K) NonClass: 153K(256K)->153K(256K) Class: 4K(128K)->4K(128K)
[2026-06-17T09:56:38.176+0800][46.805s][info][gc             ] GC(1119) Pause Full (Allocation Failure) 58M->34M(61M) 9.218ms
[2026-06-17T09:56:38.176+0800][46.805s][info][gc,cpu         ] GC(1119) User=0.00s Sys=0.00s Real=0.01s
[2026-06-17T09:56:38.219+0800][46.848s][info][gc,start       ] GC(1120) Pause Young (Allocation Failure)
[2026-06-17T09:56:38.220+0800][46.849s][info][gc,heap        ] GC(1120) DefNew: 17472K(19648K)->2173K(19648K) Eden: 17472K(17472K)->0K(17472K) From: 0K(2176K)->2173K(2176K)
[2026-06-17T09:56:38.221+0800][46.850s][info][gc,heap        ] GC(1120) Tenured: 34916K(43712K)->39838K(43712K)
[2026-06-17T09:56:38.221+0800][46.850s][info][gc,metaspace   ] GC(1120) Metaspace: 158K(384K)->158K(384K) NonClass: 153K(256K)->153K(256K) Class: 4K(128K)->4K(128K)
[2026-06-17T09:56:38.221+0800][46.850s][info][gc             ] GC(1120) Pause Young (Allocation Failure) 51M->41M(61M) 2.241ms
[2026-06-17T09:56:38.221+0800][46.851s][info][gc,cpu         ] GC(1120) User=0.00s Sys=0.00s Real=0.00s
[2026-06-17T09:56:38.264+0800][46.893s][info][gc,start       ] GC(1121) Pause Young (Allocation Failure)
[2026-06-17T09:56:38.264+0800][46.893s][info][gc             ] GC(1121) Pause Young (Allocation Failure) 58M->58M(61M) 0.409ms
[2026-06-17T09:56:38.264+0800][46.894s][info][gc,cpu         ] GC(1121) User=0.00s Sys=0.00s Real=0.00s
[2026-06-17T09:56:38.265+0800][46.894s][info][gc,start       ] GC(1122) Pause Full (Allocation Failure)
[2026-06-17T09:56:38.265+0800][46.894s][info][gc,phases,start] GC(1122) Phase 1: Mark live objects
[2026-06-17T09:56:38.265+0800][46.894s][info][gc,phases      ] GC(1122) Phase 1: Mark live objects 0.534ms
[2026-06-17T09:56:38.266+0800][46.895s][info][gc,phases,start] GC(1122) Phase 2: Compute new object addresses
[2026-06-17T09:56:38.266+0800][46.895s][info][gc,phases      ] GC(1122) Phase 2: Compute new object addresses 0.385ms
[2026-06-17T09:56:38.266+0800][46.895s][info][gc,phases,start] GC(1122) Phase 3: Adjust pointers
[2026-06-17T09:56:38.267+0800][46.896s][info][gc,phases      ] GC(1122) Phase 3: Adjust pointers 0.424ms
[2026-06-17T09:56:38.267+0800][46.896s][info][gc,phases,start] GC(1122) Phase 4: Move objects
[2026-06-17T09:56:38.269+0800][46.898s][info][gc,phases      ] GC(1122) Phase 4: Move objects 2.484ms
[2026-06-17T09:56:38.270+0800][46.899s][info][gc,heap        ] GC(1122) DefNew: 19637K(19648K)->0K(19648K) Eden: 17463K(17472K)->0K(17472K) From: 2173K(2176K)->0K(2176K)
[2026-06-17T09:56:38.270+0800][46.899s][info][gc,heap        ] GC(1122) Tenured: 39838K(43712K)->29951K(43712K)
[2026-06-17T09:56:38.270+0800][46.899s][info][gc,metaspace   ] GC(1122) Metaspace: 158K(384K)->158K(384K) NonClass: 153K(256K)->153K(256K) Class: 4K(128K)->4K(128K)
[2026-06-17T09:56:38.271+0800][46.900s][info][gc             ] GC(1122) Pause Full (Allocation Failure) 58M->29M(61M) 5.876ms
[2026-06-17T09:56:38.271+0800][46.900s][info][gc,cpu         ] GC(1122) User=0.00s Sys=0.00s Real=0.01s
[2026-06-17T09:56:38.323+0800][46.952s][info][gc,start       ] GC(1123) Pause Young (Allocation Failure)
[2026-06-17T09:56:38.324+0800][46.953s][info][gc,heap        ] GC(1123) DefNew: 17457K(19648K)->2124K(19648K) Eden: 17457K(17472K)->0K(17472K) From: 0K(2176K)->2124K(2176K)
[2026-06-17T09:56:38.324+0800][46.954s][info][gc,heap        ] GC(1123) Tenured: 29951K(43712K)->31280K(43712K)
[2026-06-17T09:56:38.328+0800][46.958s][info][gc,metaspace   ] GC(1123) Metaspace: 158K(384K)->158K(384K) NonClass: 153K(256K)->153K(256K) Class: 4K(128K)->4K(128K)
[2026-06-17T09:56:38.332+0800][46.961s][info][gc             ] GC(1123) Pause Young (Allocation Failure) 46M->32M(61M) 8.323ms
[2026-06-17T09:56:38.332+0800][46.961s][info][gc,cpu         ] GC(1123) User=0.00s Sys=0.00s Real=0.01s
[2026-06-17T09:56:38.375+0800][47.004s][info][gc,start       ] GC(1124) Pause Young (Allocation Failure)
[2026-06-17T09:56:38.376+0800][47.005s][info][gc,heap        ] GC(1124) DefNew: 19596K(19648K)->2127K(19648K) Eden: 17472K(17472K)->0K(17472K) From: 2124K(2176K)->2127K(2176K)
[2026-06-17T09:56:38.376+0800][47.005s][info][gc,heap        ] GC(1124) Tenured: 31280K(43712K)->34765K(43712K)
[2026-06-17T09:56:38.377+0800][47.006s][info][gc,metaspace   ] GC(1124) Metaspace: 158K(384K)->158K(384K) NonClass: 153K(256K)->153K(256K) Class: 4K(128K)->4K(128K)
[2026-06-17T09:56:38.377+0800][47.006s][info][gc             ] GC(1124) Pause Young (Allocation Failure) 49M->36M(61M) 2.492ms
[2026-06-17T09:56:38.378+0800][47.007s][info][gc,cpu         ] GC(1124) User=0.00s Sys=0.00s Real=0.00s
[2026-06-17T09:56:38.420+0800][47.050s][info][gc,start       ] GC(1125) Pause Young (Allocation Failure)
[2026-06-17T09:56:38.421+0800][47.051s][info][gc,heap        ] GC(1125) DefNew: 19596K(19648K)->2063K(19648K) Eden: 17468K(17472K)->0K(17472K) From: 2127K(2176K)->2063K(2176K)
[2026-06-17T09:56:38.422+0800][47.051s][info][gc,heap        ] GC(1125) Tenured: 34765K(43712K)->37903K(43712K)
[2026-06-17T09:56:38.422+0800][47.051s][info][gc,metaspace   ] GC(1125) Metaspace: 158K(384K)->158K(384K) NonClass: 153K(256K)->153K(256K) Class: 4K(128K)->4K(128K)
[2026-06-17T09:56:38.422+0800][47.051s][info][gc             ] GC(1125) Pause Young (Allocation Failure) 53M->39M(61M) 1.494ms
[2026-06-17T09:56:38.422+0800][47.051s][info][gc,cpu         ] GC(1125) User=0.00s Sys=0.00s Real=0.00s
[2026-06-17T09:56:38.464+0800][47.093s][info][gc,start       ] GC(1126) Pause Young (Allocation Failure)
[2026-06-17T09:56:38.465+0800][47.094s][info][gc             ] GC(1126) Pause Young (Allocation Failure) 56M->56M(61M) 0.575ms
[2026-06-17T09:56:38.465+0800][47.094s][info][gc,cpu         ] GC(1126) User=0.00s Sys=0.00s Real=0.00s
[2026-06-17T09:56:38.465+0800][47.094s][info][gc,start       ] GC(1127) Pause Full (Allocation Failure)
[2026-06-17T09:56:38.466+0800][47.095s][info][gc,phases,start] GC(1127) Phase 1: Mark live objects
[2026-06-17T09:56:38.466+0800][47.095s][info][gc,phases      ] GC(1127) Phase 1: Mark live objects 0.475ms
[2026-06-17T09:56:38.466+0800][47.095s][info][gc,phases,start] GC(1127) Phase 2: Compute new object addresses
[2026-06-17T09:56:38.467+0800][47.096s][info][gc,phases      ] GC(1127) Phase 2: Compute new object addresses 0.459ms
[2026-06-17T09:56:38.467+0800][47.096s][info][gc,phases,start] GC(1127) Phase 3: Adjust pointers
[2026-06-17T09:56:38.467+0800][47.097s][info][gc,phases      ] GC(1127) Phase 3: Adjust pointers 0.516ms
[2026-06-17T09:56:38.468+0800][47.097s][info][gc,phases,start] GC(1127) Phase 4: Move objects
[2026-06-17T09:56:38.470+0800][47.099s][info][gc,phases      ] GC(1127) Phase 4: Move objects 2.576ms
[2026-06-17T09:56:38.471+0800][47.100s][info][gc,heap        ] GC(1127) DefNew: 19535K(19648K)->0K(19648K) Eden: 17472K(17472K)->0K(17472K) From: 2063K(2176K)->0K(2176K)
[2026-06-17T09:56:38.471+0800][47.100s][info][gc,heap        ] GC(1127) Tenured: 37903K(43712K)->19755K(43712K)
[2026-06-17T09:56:38.471+0800][47.100s][info][gc,metaspace   ] GC(1127) Metaspace: 158K(384K)->158K(384K) NonClass: 153K(256K)->153K(256K) Class: 4K(128K)->4K(128K)
[2026-06-17T09:56:38.471+0800][47.100s][info][gc             ] GC(1127) Pause Full (Allocation Failure) 56M->19M(61M) 5.754ms
[2026-06-17T09:56:38.471+0800][47.100s][info][gc,cpu         ] GC(1127) User=0.00s Sys=0.00s Real=0.01s
[2026-06-17T09:56:38.513+0800][47.142s][info][gc,start       ] GC(1128) Pause Young (Allocation Failure)
[2026-06-17T09:56:38.514+0800][47.143s][info][gc,heap        ] GC(1128) DefNew: 17460K(19648K)->2169K(19648K) Eden: 17460K(17472K)->0K(17472K) From: 0K(2176K)->2169K(2176K)
[2026-06-17T09:56:38.515+0800][47.144s][info][gc,heap        ] GC(1128) Tenured: 19755K(43712K)->24278K(43712K)
[2026-06-17T09:56:38.515+0800][47.144s][info][gc,metaspace   ] GC(1128) Metaspace: 158K(384K)->158K(384K) NonClass: 153K(256K)->153K(256K) Class: 4K(128K)->4K(128K)
[2026-06-17T09:56:38.515+0800][47.144s][info][gc             ] GC(1128) Pause Young (Allocation Failure) 36M->25M(61M) 1.714ms
[2026-06-17T09:56:38.515+0800][47.144s][info][gc,cpu         ] GC(1128) User=0.00s Sys=0.00s Real=0.00s
[2026-06-17T09:56:38.557+0800][47.186s][info][gc,start       ] GC(1129) Pause Young (Allocation Failure)
[2026-06-17T09:56:38.558+0800][47.187s][info][gc,heap        ] GC(1129) DefNew: 19641K(19648K)->2067K(19648K) Eden: 17472K(17472K)->0K(17472K) From: 2169K(2176K)->2067K(2176K)
[2026-06-17T09:56:38.558+0800][47.188s][info][gc,heap        ] GC(1129) Tenured: 24278K(43712K)->27945K(43712K)
[2026-06-17T09:56:38.559+0800][47.188s][info][gc,metaspace   ] GC(1129) Metaspace: 158K(384K)->158K(384K) NonClass: 153K(256K)->153K(256K) Class: 4K(128K)->4K(128K)
[2026-06-17T09:56:38.559+0800][47.188s][info][gc             ] GC(1129) Pause Young (Allocation Failure) 42M->29M(61M) 1.867ms
[2026-06-17T09:56:38.559+0800][47.188s][info][gc,cpu         ] GC(1129) User=0.00s Sys=0.00s Real=0.00s
[2026-06-17T09:56:38.601+0800][47.230s][info][gc,start       ] GC(1130) Pause Young (Allocation Failure)
[2026-06-17T09:56:38.602+0800][47.231s][info][gc,heap        ] GC(1130) DefNew: 19539K(19648K)->2174K(19648K) Eden: 17472K(17472K)->0K(17472K) From: 2067K(2176K)->2174K(2176K)
[2026-06-17T09:56:38.603+0800][47.232s][info][gc,heap        ] GC(1130) Tenured: 27945K(43712K)->31395K(43712K)
[2026-06-17T09:56:38.603+0800][47.232s][info][gc,metaspace   ] GC(1130) Metaspace: 158K(384K)->158K(384K) NonClass: 153K(256K)->153K(256K) Class: 4K(128K)->4K(128K)
[2026-06-17T09:56:38.603+0800][47.232s][info][gc             ] GC(1130) Pause Young (Allocation Failure) 46M->32M(61M) 1.501ms
[2026-06-17T09:56:38.603+0800][47.232s][info][gc,cpu         ] GC(1130) User=0.00s Sys=0.00s Real=0.01s
[2026-06-17T09:56:38.645+0800][47.274s][info][gc,start       ] GC(1131) Pause Young (Allocation Failure)
[2026-06-17T09:56:38.648+0800][47.277s][info][gc,heap        ] GC(1131) DefNew: 19626K(19648K)->2169K(19648K) Eden: 17452K(17472K)->0K(17472K) From: 2174K(2176K)->2169K(2176K)
[2026-06-17T09:56:38.649+0800][47.278s][info][gc,heap        ] GC(1131) Tenured: 31395K(43712K)->36110K(43712K)
[2026-06-17T09:56:38.650+0800][47.279s][info][gc,metaspace   ] GC(1131) Metaspace: 158K(384K)->158K(384K) NonClass: 153K(256K)->153K(256K) Class: 4K(128K)->4K(128K)
[2026-06-17T09:56:38.650+0800][47.279s][info][gc             ] GC(1131) Pause Young (Allocation Failure) 49M->37M(61M) 5.140ms
[2026-06-17T09:56:38.650+0800][47.279s][info][gc,cpu         ] GC(1131) User=0.00s Sys=0.00s Real=0.00s
[2026-06-17T09:56:38.704+0800][47.333s][info][gc,start       ] GC(1132) Pause Young (Allocation Failure)
[2026-06-17T09:56:38.705+0800][47.334s][info][gc,heap        ] GC(1132) DefNew: 19641K(19648K)->2095K(19648K) Eden: 17472K(17472K)->0K(17472K) From: 2169K(2176K)->2095K(2176K)
[2026-06-17T09:56:38.706+0800][47.335s][info][gc,heap        ] GC(1132) Tenured: 36110K(43712K)->37820K(43712K)
[2026-06-17T09:56:38.706+0800][47.335s][info][gc,metaspace   ] GC(1132) Metaspace: 158K(384K)->158K(384K) NonClass: 153K(256K)->153K(256K) Class: 4K(128K)->4K(128K)
[2026-06-17T09:56:38.706+0800][47.335s][info][gc             ] GC(1132) Pause Young (Allocation Failure) 54M->38M(61M) 1.677ms
[2026-06-17T09:56:38.706+0800][47.335s][info][gc,cpu         ] GC(1132) User=0.00s Sys=0.00s Real=0.00s
[2026-06-17T09:56:38.748+0800][47.377s][info][gc,start       ] GC(1133) Pause Young (Allocation Failure)
[2026-06-17T09:56:38.749+0800][47.378s][info][gc             ] GC(1133) Pause Young (Allocation Failure) 56M->56M(61M) 0.440ms
[2026-06-17T09:56:38.749+0800][47.378s][info][gc,cpu         ] GC(1133) User=0.00s Sys=0.00s Real=0.00s
[2026-06-17T09:56:38.749+0800][47.378s][info][gc,start       ] GC(1134) Pause Full (Allocation Failure)
[2026-06-17T09:56:38.749+0800][47.379s][info][gc,phases,start] GC(1134) Phase 1: Mark live objects
[2026-06-17T09:56:38.750+0800][47.379s][info][gc,phases      ] GC(1134) Phase 1: Mark live objects 0.544ms
[2026-06-17T09:56:38.750+0800][47.379s][info][gc,phases,start] GC(1134) Phase 2: Compute new object addresses
[2026-06-17T09:56:38.751+0800][47.380s][info][gc,phases      ] GC(1134) Phase 2: Compute new object addresses 0.410ms
[2026-06-17T09:56:38.751+0800][47.380s][info][gc,phases,start] GC(1134) Phase 3: Adjust pointers
[2026-06-17T09:56:38.751+0800][47.380s][info][gc,phases      ] GC(1134) Phase 3: Adjust pointers 0.371ms
[2026-06-17T09:56:38.751+0800][47.380s][info][gc,phases,start] GC(1134) Phase 4: Move objects
[2026-06-17T09:56:38.753+0800][47.382s][info][gc,phases      ] GC(1134) Phase 4: Move objects 1.621ms
[2026-06-17T09:56:38.753+0800][47.382s][info][gc,heap        ] GC(1134) DefNew: 19527K(19648K)->0K(19648K) Eden: 17431K(17472K)->0K(17472K) From: 2095K(2176K)->0K(2176K)
[2026-06-17T09:56:38.753+0800][47.382s][info][gc,heap        ] GC(1134) Tenured: 37820K(43712K)->21961K(43712K)
[2026-06-17T09:56:38.753+0800][47.382s][info][gc,metaspace   ] GC(1134) Metaspace: 158K(384K)->158K(384K) NonClass: 153K(256K)->153K(256K) Class: 4K(128K)->4K(128K)
[2026-06-17T09:56:38.753+0800][47.383s][info][gc             ] GC(1134) Pause Full (Allocation Failure) 56M->21M(61M) 4.196ms
[2026-06-17T09:56:38.753+0800][47.383s][info][gc,cpu         ] GC(1134) User=0.00s Sys=0.00s Real=0.01s
[2026-06-17T09:56:38.796+0800][47.425s][info][gc,start       ] GC(1135) Pause Young (Allocation Failure)
[2026-06-17T09:56:38.797+0800][47.426s][info][gc,heap        ] GC(1135) DefNew: 17472K(19648K)->2175K(19648K) Eden: 17472K(17472K)->0K(17472K) From: 0K(2176K)->2175K(2176K)
[2026-06-17T09:56:38.798+0800][47.427s][info][gc,heap        ] GC(1135) Tenured: 21961K(43712K)->27010K(43712K)
[2026-06-17T09:56:38.798+0800][47.427s][info][gc,metaspace   ] GC(1135) Metaspace: 158K(384K)->158K(384K) NonClass: 153K(256K)->153K(256K) Class: 4K(128K)->4K(128K)
[2026-06-17T09:56:38.799+0800][47.428s][info][gc             ] GC(1135) Pause Young (Allocation Failure) 38M->28M(61M) 2.820ms
[2026-06-17T09:56:38.799+0800][47.428s][info][gc,cpu         ] GC(1135) User=0.00s Sys=0.00s Real=0.00s
[2026-06-17T09:56:38.841+0800][47.470s][info][gc,start       ] GC(1136) Pause Young (Allocation Failure)
[2026-06-17T09:56:38.842+0800][47.471s][info][gc,heap        ] GC(1136) DefNew: 19641K(19648K)->1971K(19648K) Eden: 17465K(17472K)->0K(17472K) From: 2175K(2176K)->1971K(2176K)
[2026-06-17T09:56:38.842+0800][47.472s][info][gc,heap        ] GC(1136) Tenured: 27010K(43712K)->31185K(43712K)
[2026-06-17T09:56:38.843+0800][47.472s][info][gc,metaspace   ] GC(1136) Metaspace: 158K(384K)->158K(384K) NonClass: 153K(256K)->153K(256K) Class: 4K(128K)->4K(128K)
[2026-06-17T09:56:38.843+0800][47.472s][info][gc             ] GC(1136) Pause Young (Allocation Failure) 45M->32M(61M) 1.582ms
[2026-06-17T09:56:38.843+0800][47.472s][info][gc,cpu         ] GC(1136) User=0.00s Sys=0.00s Real=0.01s
[2026-06-17T09:56:38.885+0800][47.514s][info][gc,start       ] GC(1137) Pause Young (Allocation Failure)
[2026-06-17T09:56:38.887+0800][47.516s][info][gc,heap        ] GC(1137) DefNew: 19443K(19648K)->2174K(19648K) Eden: 17472K(17472K)->0K(17472K) From: 1971K(2176K)->2174K(2176K)
[2026-06-17T09:56:38.888+0800][47.517s][info][gc,heap        ] GC(1137) Tenured: 31185K(43712K)->38047K(43712K)
[2026-06-17T09:56:38.888+0800][47.517s][info][gc,metaspace   ] GC(1137) Metaspace: 158K(384K)->158K(384K) NonClass: 153K(256K)->153K(256K) Class: 4K(128K)->4K(128K)
[2026-06-17T09:56:38.889+0800][47.518s][info][gc             ] GC(1137) Pause Young (Allocation Failure) 49M->39M(61M) 3.587ms
[2026-06-17T09:56:38.889+0800][47.518s][info][gc,cpu         ] GC(1137) User=0.00s Sys=0.00s Real=0.00s
[2026-06-17T09:56:38.941+0800][47.571s][info][gc,start       ] GC(1138) Pause Young (Allocation Failure)
[2026-06-17T09:56:38.942+0800][47.571s][info][gc             ] GC(1138) Pause Young (Allocation Failure) 56M->56M(61M) 0.477ms
[2026-06-17T09:56:38.942+0800][47.571s][info][gc,cpu         ] GC(1138) User=0.00s Sys=0.00s Real=0.00s
[2026-06-17T09:56:38.943+0800][47.572s][info][gc,start       ] GC(1139) Pause Full (Allocation Failure)
[2026-06-17T09:56:38.943+0800][47.572s][info][gc,phases,start] GC(1139) Phase 1: Mark live objects
[2026-06-17T09:56:38.944+0800][47.573s][info][gc,phases      ] GC(1139) Phase 1: Mark live objects 0.774ms
[2026-06-17T09:56:38.944+0800][47.573s][info][gc,phases,start] GC(1139) Phase 2: Compute new object addresses
[2026-06-17T09:56:38.945+0800][47.574s][info][gc,phases      ] GC(1139) Phase 2: Compute new object addresses 0.755ms
[2026-06-17T09:56:38.945+0800][47.574s][info][gc,phases,start] GC(1139) Phase 3: Adjust pointers
[2026-06-17T09:56:38.946+0800][47.575s][info][gc,phases      ] GC(1139) Phase 3: Adjust pointers 0.531ms
[2026-06-17T09:56:38.946+0800][47.575s][info][gc,phases,start] GC(1139) Phase 4: Move objects
[2026-06-17T09:56:38.948+0800][47.577s][info][gc,phases      ] GC(1139) Phase 4: Move objects 1.698ms
[2026-06-17T09:56:38.948+0800][47.577s][info][gc,heap        ] GC(1139) DefNew: 19606K(19648K)->0K(19648K) Eden: 17432K(17472K)->0K(17472K) From: 2174K(2176K)->0K(2176K)
[2026-06-17T09:56:38.948+0800][47.577s][info][gc,heap        ] GC(1139) Tenured: 38047K(43712K)->22978K(43712K)
[2026-06-17T09:56:38.948+0800][47.578s][info][gc,metaspace   ] GC(1139) Metaspace: 158K(384K)->158K(384K) NonClass: 153K(256K)->153K(256K) Class: 4K(128K)->4K(128K)
[2026-06-17T09:56:38.949+0800][47.578s][info][gc             ] GC(1139) Pause Full (Allocation Failure) 56M->22M(61M) 5.948ms
[2026-06-17T09:56:38.949+0800][47.578s][info][gc,cpu         ] GC(1139) User=0.00s Sys=0.00s Real=0.00s
[2026-06-17T09:56:38.991+0800][47.621s][info][gc,start       ] GC(1140) Pause Young (Allocation Failure)
[2026-06-17T09:56:38.993+0800][47.622s][info][gc,heap        ] GC(1140) DefNew: 17471K(19648K)->2174K(19648K) Eden: 17471K(17472K)->0K(17472K) From: 0K(2176K)->2174K(2176K)
[2026-06-17T09:56:38.994+0800][47.623s][info][gc,heap        ] GC(1140) Tenured: 22978K(43712K)->28010K(43712K)
[2026-06-17T09:56:38.994+0800][47.623s][info][gc,metaspace   ] GC(1140) Metaspace: 158K(384K)->158K(384K) NonClass: 153K(256K)->153K(256K) Class: 4K(128K)->4K(128K)
[2026-06-17T09:56:38.994+0800][47.623s][info][gc             ] GC(1140) Pause Young (Allocation Failure) 39M->29M(61M) 2.659ms
[2026-06-17T09:56:38.994+0800][47.623s][info][gc,cpu         ] GC(1140) User=0.00s Sys=0.00s Real=0.00s
[2026-06-17T09:56:39.037+0800][47.666s][info][gc,start       ] GC(1141) Pause Young (Allocation Failure)
[2026-06-17T09:56:39.039+0800][47.668s][info][gc,heap        ] GC(1141) DefNew: 19638K(19648K)->2170K(19648K) Eden: 17464K(17472K)->0K(17472K) From: 2174K(2176K)->2170K(2176K)
[2026-06-17T09:56:39.039+0800][47.668s][info][gc,heap        ] GC(1141) Tenured: 28010K(43712K)->32676K(43712K)
[2026-06-17T09:56:39.039+0800][47.669s][info][gc,metaspace   ] GC(1141) Metaspace: 158K(384K)->158K(384K) NonClass: 153K(256K)->153K(256K) Class: 4K(128K)->4K(128K)
[2026-06-17T09:56:39.040+0800][47.669s][info][gc             ] GC(1141) Pause Young (Allocation Failure) 46M->34M(61M) 2.674ms
[2026-06-17T09:56:39.040+0800][47.669s][info][gc,cpu         ] GC(1141) User=0.00s Sys=0.00s Real=0.00s
[2026-06-17T09:56:39.083+0800][47.712s][info][gc,start       ] GC(1142) Pause Young (Allocation Failure)
[2026-06-17T09:56:39.085+0800][47.714s][info][gc,heap        ] GC(1142) DefNew: 19588K(19648K)->2173K(19648K) Eden: 17418K(17472K)->0K(17472K) From: 2170K(2176K)->2173K(2176K)
[2026-06-17T09:56:39.085+0800][47.714s][info][gc,heap        ] GC(1142) Tenured: 32676K(43712K)->36337K(43712K)
[2026-06-17T09:56:39.086+0800][47.715s][info][gc,metaspace   ] GC(1142) Metaspace: 158K(384K)->158K(384K) NonClass: 153K(256K)->153K(256K) Class: 4K(128K)->4K(128K)
[2026-06-17T09:56:39.086+0800][47.715s][info][gc             ] GC(1142) Pause Young (Allocation Failure) 51M->37M(61M) 3.385ms
[2026-06-17T09:56:39.087+0800][47.716s][info][gc,cpu         ] GC(1142) User=0.00s Sys=0.00s Real=0.00s
[2026-06-17T09:56:39.130+0800][47.759s][info][gc,start       ] GC(1143) Pause Young (Allocation Failure)
[2026-06-17T09:56:39.130+0800][47.759s][info][gc             ] GC(1143) Pause Young (Allocation Failure) 54M->54M(61M) 0.691ms
[2026-06-17T09:56:39.131+0800][47.760s][info][gc,cpu         ] GC(1143) User=0.00s Sys=0.00s Real=0.01s
[2026-06-17T09:56:39.131+0800][47.760s][info][gc,start       ] GC(1144) Pause Full (Allocation Failure)
[2026-06-17T09:56:39.132+0800][47.761s][info][gc,phases,start] GC(1144) Phase 1: Mark live objects
[2026-06-17T09:56:39.133+0800][47.762s][info][gc,phases      ] GC(1144) Phase 1: Mark live objects 0.865ms
[2026-06-17T09:56:39.133+0800][47.762s][info][gc,phases,start] GC(1144) Phase 2: Compute new object addresses
[2026-06-17T09:56:39.134+0800][47.763s][info][gc,phases      ] GC(1144) Phase 2: Compute new object addresses 0.553ms
[2026-06-17T09:56:39.135+0800][47.764s][info][gc,phases,start] GC(1144) Phase 3: Adjust pointers
[2026-06-17T09:56:39.135+0800][47.764s][info][gc,phases      ] GC(1144) Phase 3: Adjust pointers 0.699ms
[2026-06-17T09:56:39.136+0800][47.765s][info][gc,phases,start] GC(1144) Phase 4: Move objects
[2026-06-17T09:56:39.138+0800][47.767s][info][gc,phases      ] GC(1144) Phase 4: Move objects 2.009ms
[2026-06-17T09:56:39.138+0800][47.767s][info][gc,heap        ] GC(1144) DefNew: 19645K(19648K)->0K(19648K) Eden: 17472K(17472K)->0K(17472K) From: 2173K(2176K)->0K(2176K)
[2026-06-17T09:56:39.139+0800][47.768s][info][gc,heap        ] GC(1144) Tenured: 36337K(43712K)->27769K(43712K)
[2026-06-17T09:56:39.139+0800][47.768s][info][gc,metaspace   ] GC(1144) Metaspace: 158K(384K)->158K(384K) NonClass: 153K(256K)->153K(256K) Class: 4K(128K)->4K(128K)
[2026-06-17T09:56:39.139+0800][47.768s][info][gc             ] GC(1144) Pause Full (Allocation Failure) 54M->27M(61M) 7.816ms
[2026-06-17T09:56:39.139+0800][47.768s][info][gc,cpu         ] GC(1144) User=0.01s Sys=0.00s Real=0.00s
[2026-06-17T09:56:39.192+0800][47.821s][info][gc,start       ] GC(1145) Pause Young (Allocation Failure)
[2026-06-17T09:56:39.193+0800][47.822s][info][gc,heap        ] GC(1145) DefNew: 17472K(19648K)->2123K(19648K) Eden: 17472K(17472K)->0K(17472K) From: 0K(2176K)->2123K(2176K)
[2026-06-17T09:56:39.195+0800][47.825s][info][gc,heap        ] GC(1145) Tenured: 27769K(43712K)->29073K(43712K)
[2026-06-17T09:56:39.196+0800][47.825s][info][gc,metaspace   ] GC(1145) Metaspace: 158K(384K)->158K(384K) NonClass: 153K(256K)->153K(256K) Class: 4K(128K)->4K(128K)
[2026-06-17T09:56:39.198+0800][47.827s][info][gc             ] GC(1145) Pause Young (Allocation Failure) 44M->30M(61M) 5.829ms
[2026-06-17T09:56:39.198+0800][47.827s][info][gc,cpu         ] GC(1145) User=0.00s Sys=0.00s Real=0.00s
[2026-06-17T09:56:39.242+0800][47.871s][info][gc,start       ] GC(1146) Pause Young (Allocation Failure)
[2026-06-17T09:56:39.243+0800][47.872s][info][gc,heap        ] GC(1146) DefNew: 19582K(19648K)->2155K(19648K) Eden: 17458K(17472K)->0K(17472K) From: 2123K(2176K)->2155K(2176K)
[2026-06-17T09:56:39.244+0800][47.873s][info][gc,heap        ] GC(1146) Tenured: 29073K(43712K)->32128K(43712K)
[2026-06-17T09:56:39.244+0800][47.873s][info][gc,metaspace   ] GC(1146) Metaspace: 158K(384K)->158K(384K) NonClass: 153K(256K)->153K(256K) Class: 4K(128K)->4K(128K)
[2026-06-17T09:56:39.244+0800][47.873s][info][gc             ] GC(1146) Pause Young (Allocation Failure) 47M->33M(61M) 2.696ms
[2026-06-17T09:56:39.244+0800][47.874s][info][gc,cpu         ] GC(1146) User=0.00s Sys=0.00s Real=0.01s
[2026-06-17T09:56:39.277+0800][47.906s][info][gc,start       ] GC(1147) Pause Young (Allocation Failure)
[2026-06-17T09:56:39.278+0800][47.907s][info][gc,heap        ] GC(1147) DefNew: 19625K(19648K)->2174K(19648K) Eden: 17469K(17472K)->0K(17472K) From: 2155K(2176K)->2174K(2176K)
[2026-06-17T09:56:39.279+0800][47.908s][info][gc,heap        ] GC(1147) Tenured: 32128K(43712K)->38823K(43712K)
[2026-06-17T09:56:39.279+0800][47.908s][info][gc,metaspace   ] GC(1147) Metaspace: 158K(384K)->158K(384K) NonClass: 153K(256K)->153K(256K) Class: 4K(128K)->4K(128K)
[2026-06-17T09:56:39.279+0800][47.908s][info][gc             ] GC(1147) Pause Young (Allocation Failure) 50M->40M(61M) 2.486ms
[2026-06-17T09:56:39.279+0800][47.908s][info][gc,cpu         ] GC(1147) User=0.00s Sys=0.00s Real=0.00s
[2026-06-17T09:56:39.332+0800][47.961s][info][gc,start       ] GC(1148) Pause Young (Allocation Failure)
[2026-06-17T09:56:39.333+0800][47.962s][info][gc             ] GC(1148) Pause Young (Allocation Failure) 57M->57M(61M) 0.487ms
[2026-06-17T09:56:39.333+0800][47.962s][info][gc,cpu         ] GC(1148) User=0.00s Sys=0.00s Real=0.00s
[2026-06-17T09:56:39.333+0800][47.962s][info][gc,start       ] GC(1149) Pause Full (Allocation Failure)
[2026-06-17T09:56:39.334+0800][47.963s][info][gc,phases,start] GC(1149) Phase 1: Mark live objects
[2026-06-17T09:56:39.334+0800][47.963s][info][gc,phases      ] GC(1149) Phase 1: Mark live objects 0.654ms
[2026-06-17T09:56:39.335+0800][47.964s][info][gc,phases,start] GC(1149) Phase 2: Compute new object addresses
[2026-06-17T09:56:39.336+0800][47.965s][info][gc,phases      ] GC(1149) Phase 2: Compute new object addresses 0.523ms
[2026-06-17T09:56:39.336+0800][47.965s][info][gc,phases,start] GC(1149) Phase 3: Adjust pointers
[2026-06-17T09:56:39.336+0800][47.965s][info][gc,phases      ] GC(1149) Phase 3: Adjust pointers 0.371ms
[2026-06-17T09:56:39.337+0800][47.966s][info][gc,phases,start] GC(1149) Phase 4: Move objects
[2026-06-17T09:56:39.339+0800][47.968s][info][gc,phases      ] GC(1149) Phase 4: Move objects 2.091ms
[2026-06-17T09:56:39.339+0800][47.968s][info][gc,heap        ] GC(1149) DefNew: 19633K(19648K)->0K(19648K) Eden: 17458K(17472K)->0K(17472K) From: 2174K(2176K)->0K(2176K)
[2026-06-17T09:56:39.339+0800][47.968s][info][gc,heap        ] GC(1149) Tenured: 38823K(43712K)->22320K(43712K)
[2026-06-17T09:56:39.339+0800][47.968s][info][gc,metaspace   ] GC(1149) Metaspace: 158K(384K)->158K(384K) NonClass: 153K(256K)->153K(256K) Class: 4K(128K)->4K(128K)
[2026-06-17T09:56:39.339+0800][47.968s][info][gc             ] GC(1149) Pause Full (Allocation Failure) 57M->21M(61M) 5.990ms
[2026-06-17T09:56:39.339+0800][47.969s][info][gc,cpu         ] GC(1149) User=0.00s Sys=0.00s Real=0.00s
[2026-06-17T09:56:39.382+0800][48.011s][info][gc,start       ] GC(1150) Pause Young (Allocation Failure)
[2026-06-17T09:56:39.383+0800][48.013s][info][gc,heap        ] GC(1150) DefNew: 17467K(19648K)->2171K(19648K) Eden: 17467K(17472K)->0K(17472K) From: 0K(2176K)->2171K(2176K)
[2026-06-17T09:56:39.384+0800][48.013s][info][gc,heap        ] GC(1150) Tenured: 22320K(43712K)->27035K(43712K)
[2026-06-17T09:56:39.384+0800][48.013s][info][gc,metaspace   ] GC(1150) Metaspace: 158K(384K)->158K(384K) NonClass: 153K(256K)->153K(256K) Class: 4K(128K)->4K(128K)
[2026-06-17T09:56:39.385+0800][48.014s][info][gc             ] GC(1150) Pause Young (Allocation Failure) 38M->28M(61M) 2.842ms
[2026-06-17T09:56:39.385+0800][48.014s][info][gc,cpu         ] GC(1150) User=0.00s Sys=0.00s Real=0.01s
[2026-06-17T09:56:39.428+0800][48.057s][info][gc,start       ] GC(1151) Pause Young (Allocation Failure)
[2026-06-17T09:56:39.429+0800][48.058s][info][gc,heap        ] GC(1151) DefNew: 19643K(19648K)->2173K(19648K) Eden: 17472K(17472K)->0K(17472K) From: 2171K(2176K)->2173K(2176K)
[2026-06-17T09:56:39.430+0800][48.059s][info][gc,heap        ] GC(1151) Tenured: 27035K(43712K)->31450K(43712K)
[2026-06-17T09:56:39.430+0800][48.059s][info][gc,metaspace   ] GC(1151) Metaspace: 158K(384K)->158K(384K) NonClass: 153K(256K)->153K(256K) Class: 4K(128K)->4K(128K)
[2026-06-17T09:56:39.430+0800][48.059s][info][gc             ] GC(1151) Pause Young (Allocation Failure) 45M->32M(61M) 2.394ms
[2026-06-17T09:56:39.430+0800][48.060s][info][gc,cpu         ] GC(1151) User=0.01s Sys=0.00s Real=0.01s
[2026-06-17T09:56:39.474+0800][48.103s][info][gc,start       ] GC(1152) Pause Young (Allocation Failure)
[2026-06-17T09:56:39.476+0800][48.105s][info][gc,heap        ] GC(1152) DefNew: 19644K(19648K)->2175K(19648K) Eden: 17471K(17472K)->0K(17472K) From: 2173K(2176K)->2175K(2176K)
[2026-06-17T09:56:39.477+0800][48.106s][info][gc,heap        ] GC(1152) Tenured: 31450K(43712K)->35485K(43712K)
[2026-06-17T09:56:39.477+0800][48.106s][info][gc,metaspace   ] GC(1152) Metaspace: 158K(384K)->158K(384K) NonClass: 153K(256K)->153K(256K) Class: 4K(128K)->4K(128K)
[2026-06-17T09:56:39.478+0800][48.107s][info][gc             ] GC(1152) Pause Young (Allocation Failure) 49M->36M(61M) 4.118ms
[2026-06-17T09:56:39.478+0800][48.107s][info][gc,cpu         ] GC(1152) User=0.00s Sys=0.00s Real=0.00s
[2026-06-17T09:56:39.522+0800][48.151s][info][gc,start       ] GC(1153) Pause Young (Allocation Failure)
[2026-06-17T09:56:39.524+0800][48.153s][info][gc,heap        ] GC(1153) DefNew: 19645K(19648K)->2166K(19648K) Eden: 17469K(17472K)->0K(17472K) From: 2175K(2176K)->2166K(2176K)
[2026-06-17T09:56:39.524+0800][48.154s][info][gc,heap        ] GC(1153) Tenured: 35485K(43712K)->40831K(43712K)
[2026-06-17T09:56:39.525+0800][48.154s][info][gc,metaspace   ] GC(1153) Metaspace: 158K(384K)->158K(384K) NonClass: 153K(256K)->153K(256K) Class: 4K(128K)->4K(128K)
[2026-06-17T09:56:39.525+0800][48.155s][info][gc             ] GC(1153) Pause Young (Allocation Failure) 53M->41M(61M) 3.460ms
[2026-06-17T09:56:39.526+0800][48.155s][info][gc,cpu         ] GC(1153) User=0.00s Sys=0.00s Real=0.01s
[2026-06-17T09:56:39.581+0800][48.210s][info][gc,start       ] GC(1154) Pause Young (Allocation Failure)
[2026-06-17T09:56:39.582+0800][48.211s][info][gc             ] GC(1154) Pause Young (Allocation Failure) 59M->59M(61M) 0.940ms
[2026-06-17T09:56:39.582+0800][48.212s][info][gc,cpu         ] GC(1154) User=0.00s Sys=0.00s Real=0.00s
[2026-06-17T09:56:39.583+0800][48.212s][info][gc,start       ] GC(1155) Pause Full (Allocation Failure)
[2026-06-17T09:56:39.584+0800][48.213s][info][gc,phases,start] GC(1155) Phase 1: Mark live objects
[2026-06-17T09:56:39.585+0800][48.214s][info][gc,phases      ] GC(1155) Phase 1: Mark live objects 1.330ms
[2026-06-17T09:56:39.586+0800][48.215s][info][gc,phases,start] GC(1155) Phase 2: Compute new object addresses
[2026-06-17T09:56:39.587+0800][48.216s][info][gc,phases      ] GC(1155) Phase 2: Compute new object addresses 1.006ms
[2026-06-17T09:56:39.587+0800][48.217s][info][gc,phases,start] GC(1155) Phase 3: Adjust pointers
[2026-06-17T09:56:39.589+0800][48.218s][info][gc,phases      ] GC(1155) Phase 3: Adjust pointers 1.094ms
[2026-06-17T09:56:39.589+0800][48.218s][info][gc,phases,start] GC(1155) Phase 4: Move objects
[2026-06-17T09:56:39.593+0800][48.222s][info][gc,phases      ] GC(1155) Phase 4: Move objects 3.597ms
[2026-06-17T09:56:39.593+0800][48.222s][info][gc,heap        ] GC(1155) DefNew: 19638K(19648K)->0K(19648K) Eden: 17472K(17472K)->0K(17472K) From: 2166K(2176K)->0K(2176K)
[2026-06-17T09:56:39.594+0800][48.223s][info][gc,heap        ] GC(1155) Tenured: 40831K(43712K)->26985K(43712K)
[2026-06-17T09:56:39.594+0800][48.223s][info][gc,metaspace   ] GC(1155) Metaspace: 158K(384K)->158K(384K) NonClass: 153K(256K)->153K(256K) Class: 4K(128K)->4K(128K)
[2026-06-17T09:56:39.595+0800][48.224s][info][gc             ] GC(1155) Pause Full (Allocation Failure) 59M->26M(61M) 11.636ms
[2026-06-17T09:56:39.595+0800][48.224s][info][gc,cpu         ] GC(1155) User=0.00s Sys=0.00s Real=0.01s
[2026-06-17T09:56:39.639+0800][48.268s][info][gc,start       ] GC(1156) Pause Young (Allocation Failure)
[2026-06-17T09:56:39.642+0800][48.271s][info][gc,heap        ] GC(1156) DefNew: 17472K(19648K)->2175K(19648K) Eden: 17472K(17472K)->0K(17472K) From: 0K(2176K)->2175K(2176K)
[2026-06-17T09:56:39.644+0800][48.273s][info][gc,heap        ] GC(1156) Tenured: 26985K(43712K)->31754K(43712K)
[2026-06-17T09:56:39.644+0800][48.273s][info][gc,metaspace   ] GC(1156) Metaspace: 158K(384K)->158K(384K) NonClass: 153K(256K)->153K(256K) Class: 4K(128K)->4K(128K)
[2026-06-17T09:56:39.645+0800][48.274s][info][gc             ] GC(1156) Pause Young (Allocation Failure) 43M->33M(61M) 5.471ms
[2026-06-17T09:56:39.645+0800][48.274s][info][gc,cpu         ] GC(1156) User=0.00s Sys=0.00s Real=0.01s
[2026-06-17T09:56:39.690+0800][48.319s][info][gc,start       ] GC(1157) Pause Young (Allocation Failure)
[2026-06-17T09:56:39.692+0800][48.321s][info][gc,heap        ] GC(1157) DefNew: 19622K(19648K)->2175K(19648K) Eden: 17447K(17472K)->0K(17472K) From: 2175K(2176K)->2175K(2176K)
[2026-06-17T09:56:39.692+0800][48.322s][info][gc,heap        ] GC(1157) Tenured: 31754K(43712K)->36398K(43712K)
[2026-06-17T09:56:39.693+0800][48.322s][info][gc,metaspace   ] GC(1157) Metaspace: 158K(384K)->158K(384K) NonClass: 153K(256K)->153K(256K) Class: 4K(128K)->4K(128K)
[2026-06-17T09:56:39.693+0800][48.322s][info][gc             ] GC(1157) Pause Young (Allocation Failure) 50M->37M(61M) 3.419ms
[2026-06-17T09:56:39.693+0800][48.322s][info][gc,cpu         ] GC(1157) User=0.00s Sys=0.00s Real=0.01s
[2026-06-17T09:56:39.735+0800][48.364s][info][gc,start       ] GC(1158) Pause Young (Allocation Failure)
[2026-06-17T09:56:39.740+0800][48.369s][info][gc             ] GC(1158) Pause Young (Allocation Failure) 54M->54M(61M) 4.570ms
[2026-06-17T09:56:39.740+0800][48.369s][info][gc,cpu         ] GC(1158) User=0.00s Sys=0.00s Real=0.00s
[2026-06-17T09:56:39.741+0800][48.370s][info][gc,start       ] GC(1159) Pause Full (Allocation Failure)
[2026-06-17T09:56:39.741+0800][48.370s][info][gc,phases,start] GC(1159) Phase 1: Mark live objects
[2026-06-17T09:56:39.741+0800][48.370s][info][gc,phases      ] GC(1159) Phase 1: Mark live objects 0.488ms
[2026-06-17T09:56:39.742+0800][48.371s][info][gc,phases,start] GC(1159) Phase 2: Compute new object addresses
[2026-06-17T09:56:39.742+0800][48.371s][info][gc,phases      ] GC(1159) Phase 2: Compute new object addresses 0.357ms
[2026-06-17T09:56:39.742+0800][48.371s][info][gc,phases,start] GC(1159) Phase 3: Adjust pointers
[2026-06-17T09:56:39.743+0800][48.372s][info][gc,phases      ] GC(1159) Phase 3: Adjust pointers 0.458ms
[2026-06-17T09:56:39.743+0800][48.372s][info][gc,phases,start] GC(1159) Phase 4: Move objects
[2026-06-17T09:56:39.744+0800][48.374s][info][gc,phases      ] GC(1159) Phase 4: Move objects 1.729ms
[2026-06-17T09:56:39.745+0800][48.374s][info][gc,heap        ] GC(1159) DefNew: 19537K(19648K)->0K(19648K) Eden: 17362K(17472K)->0K(17472K) From: 2175K(2176K)->0K(2176K)
[2026-06-17T09:56:39.745+0800][48.374s][info][gc,heap        ] GC(1159) Tenured: 36398K(43712K)->25255K(43712K)
[2026-06-17T09:56:39.745+0800][48.374s][info][gc,metaspace   ] GC(1159) Metaspace: 158K(384K)->158K(384K) NonClass: 153K(256K)->153K(256K) Class: 4K(128K)->4K(128K)
[2026-06-17T09:56:39.745+0800][48.374s][info][gc             ] GC(1159) Pause Full (Allocation Failure) 54M->24M(61M) 4.499ms
[2026-06-17T09:56:39.745+0800][48.374s][info][gc,cpu         ] GC(1159) User=0.01s Sys=0.00s Real=0.01s
[2026-06-17T09:56:39.798+0800][48.427s][info][gc,start       ] GC(1160) Pause Young (Allocation Failure)
[2026-06-17T09:56:39.800+0800][48.429s][info][gc,heap        ] GC(1160) DefNew: 17451K(19648K)->2163K(19648K) Eden: 17451K(17472K)->0K(17472K) From: 0K(2176K)->2163K(2176K)
[2026-06-17T09:56:39.800+0800][48.430s][info][gc,heap        ] GC(1160) Tenured: 25255K(43712K)->26844K(43712K)
[2026-06-17T09:56:39.801+0800][48.430s][info][gc,metaspace   ] GC(1160) Metaspace: 158K(384K)->158K(384K) NonClass: 153K(256K)->153K(256K) Class: 4K(128K)->4K(128K)
[2026-06-17T09:56:39.802+0800][48.431s][info][gc             ] GC(1160) Pause Young (Allocation Failure) 41M->28M(61M) 3.718ms
[2026-06-17T09:56:39.802+0800][48.431s][info][gc,cpu         ] GC(1160) User=0.00s Sys=0.00s Real=0.00s
[2026-06-17T09:56:39.847+0800][48.476s][info][gc,start       ] GC(1161) Pause Young (Allocation Failure)
[2026-06-17T09:56:39.849+0800][48.478s][info][gc,heap        ] GC(1161) DefNew: 19635K(19648K)->2155K(19648K) Eden: 17472K(17472K)->0K(17472K) From: 2163K(2176K)->2155K(2176K)
[2026-06-17T09:56:39.850+0800][48.479s][info][gc,heap        ] GC(1161) Tenured: 26844K(43712K)->30477K(43712K)
[2026-06-17T09:56:39.851+0800][48.480s][info][gc,metaspace   ] GC(1161) Metaspace: 158K(384K)->158K(384K) NonClass: 153K(256K)->153K(256K) Class: 4K(128K)->4K(128K)
[2026-06-17T09:56:39.851+0800][48.480s][info][gc             ] GC(1161) Pause Young (Allocation Failure) 45M->31M(61M) 4.312ms
[2026-06-17T09:56:39.852+0800][48.481s][info][gc,cpu         ] GC(1161) User=0.01s Sys=0.00s Real=0.01s
[2026-06-17T09:56:39.896+0800][48.525s][info][gc,start       ] GC(1162) Pause Young (Allocation Failure)
[2026-06-17T09:56:39.898+0800][48.527s][info][gc,heap        ] GC(1162) DefNew: 19614K(19648K)->2133K(19648K) Eden: 17458K(17472K)->0K(17472K) From: 2155K(2176K)->2133K(2176K)
[2026-06-17T09:56:39.898+0800][48.527s][info][gc,heap        ] GC(1162) Tenured: 30477K(43712K)->34431K(43712K)
[2026-06-17T09:56:39.899+0800][48.528s][info][gc,metaspace   ] GC(1162) Metaspace: 158K(384K)->158K(384K) NonClass: 153K(256K)->153K(256K) Class: 4K(128K)->4K(128K)
[2026-06-17T09:56:39.899+0800][48.528s][info][gc             ] GC(1162) Pause Young (Allocation Failure) 48M->35M(61M) 3.628ms
[2026-06-17T09:56:39.900+0800][48.529s][info][gc,cpu         ] GC(1162) User=0.00s Sys=0.00s Real=0.00s
[2026-06-17T09:56:39.945+0800][48.574s][info][gc,start       ] GC(1163) Pause Young (Allocation Failure)
[2026-06-17T09:56:39.947+0800][48.576s][info][gc,heap        ] GC(1163) DefNew: 19561K(19648K)->2165K(19648K) Eden: 17428K(17472K)->0K(17472K) From: 2133K(2176K)->2165K(2176K)
[2026-06-17T09:56:39.948+0800][48.577s][info][gc,heap        ] GC(1163) Tenured: 34431K(43712K)->37504K(43712K)
[2026-06-17T09:56:39.948+0800][48.577s][info][gc,metaspace   ] GC(1163) Metaspace: 158K(384K)->158K(384K) NonClass: 153K(256K)->153K(256K) Class: 4K(128K)->4K(128K)
[2026-06-17T09:56:39.949+0800][48.578s][info][gc             ] GC(1163) Pause Young (Allocation Failure) 52M->38M(61M) 3.614ms
[2026-06-17T09:56:39.950+0800][48.579s][info][gc,cpu         ] GC(1163) User=0.01s Sys=0.00s Real=0.00s
[2026-06-17T09:56:39.993+0800][48.622s][info][gc,start       ] GC(1164) Pause Young (Allocation Failure)
[2026-06-17T09:56:39.997+0800][48.626s][info][gc             ] GC(1164) Pause Young (Allocation Failure) 55M->55M(61M) 3.489ms
[2026-06-17T09:56:40.031+0800][48.661s][info][gc,cpu         ] GC(1164) User=0.00s Sys=0.00s Real=0.04s
[2026-06-17T09:56:40.036+0800][48.665s][info][gc,start       ] GC(1165) Pause Full (Allocation Failure)
[2026-06-17T09:56:40.038+0800][48.667s][info][gc,phases,start] GC(1165) Phase 1: Mark live objects
[2026-06-17T09:56:40.061+0800][48.690s][info][gc,phases      ] GC(1165) Phase 1: Mark live objects 23.440ms
[2026-06-17T09:56:40.109+0800][48.739s][info][gc,phases,start] GC(1165) Phase 2: Compute new object addresses
[2026-06-17T09:56:40.110+0800][48.740s][info][gc,phases      ] GC(1165) Phase 2: Compute new object addresses 0.942ms
[2026-06-17T09:56:40.111+0800][48.741s][info][gc,phases,start] GC(1165) Phase 3: Adjust pointers
[2026-06-17T09:56:40.118+0800][48.747s][info][gc,phases      ] GC(1165) Phase 3: Adjust pointers 6.170ms
[2026-06-17T09:56:40.124+0800][48.753s][info][gc,phases,start] GC(1165) Phase 4: Move objects
[2026-06-17T09:56:40.128+0800][48.757s][info][gc,phases      ] GC(1165) Phase 4: Move objects 4.648ms
[2026-06-17T09:56:40.131+0800][48.760s][info][gc,heap        ] GC(1165) DefNew: 19637K(19648K)->0K(19648K) Eden: 17472K(17472K)->0K(17472K) From: 2165K(2176K)->0K(2176K)
[2026-06-17T09:56:40.134+0800][48.763s][info][gc,heap        ] GC(1165) Tenured: 37504K(43712K)->33461K(43712K)
[2026-06-17T09:56:40.139+0800][48.768s][info][gc,metaspace   ] GC(1165) Metaspace: 158K(384K)->158K(384K) NonClass: 153K(256K)->153K(256K) Class: 4K(128K)->4K(128K)
[2026-06-17T09:56:40.140+0800][48.769s][info][gc             ] GC(1165) Pause Full (Allocation Failure) 55M->32M(61M) 104.096ms
[2026-06-17T09:56:40.140+0800][48.769s][info][gc,cpu         ] GC(1165) User=0.00s Sys=0.00s Real=0.10s
[2026-06-17T09:56:40.183+0800][48.812s][info][gc,start       ] GC(1166) Pause Young (Allocation Failure)
[2026-06-17T09:56:40.185+0800][48.814s][info][gc,heap        ] GC(1166) DefNew: 17422K(19648K)->2175K(19648K) Eden: 17422K(17472K)->0K(17472K) From: 0K(2176K)->2175K(2176K)
[2026-06-17T09:56:40.185+0800][48.814s][info][gc,heap        ] GC(1166) Tenured: 33461K(43712K)->38888K(43712K)
[2026-06-17T09:56:40.187+0800][48.816s][info][gc,metaspace   ] GC(1166) Metaspace: 158K(384K)->158K(384K) NonClass: 153K(256K)->153K(256K) Class: 4K(128K)->4K(128K)
[2026-06-17T09:56:40.190+0800][48.819s][info][gc             ] GC(1166) Pause Young (Allocation Failure) 49M->40M(61M) 6.407ms
[2026-06-17T09:56:40.192+0800][48.821s][info][gc,cpu         ] GC(1166) User=0.00s Sys=0.00s Real=0.01s
[2026-06-17T09:56:40.237+0800][48.866s][info][gc,start       ] GC(1167) Pause Young (Allocation Failure)
[2026-06-17T09:56:40.239+0800][48.868s][info][gc             ] GC(1167) Pause Young (Allocation Failure) 57M->57M(61M) 2.176ms
[2026-06-17T09:56:40.241+0800][48.870s][info][gc,cpu         ] GC(1167) User=0.00s Sys=0.00s Real=0.00s
[2026-06-17T09:56:40.243+0800][48.872s][info][gc,start       ] GC(1168) Pause Full (Allocation Failure)
[2026-06-17T09:56:40.245+0800][48.874s][info][gc,phases,start] GC(1168) Phase 1: Mark live objects
[2026-06-17T09:56:40.247+0800][48.876s][info][gc,phases      ] GC(1168) Phase 1: Mark live objects 2.338ms
[2026-06-17T09:56:40.249+0800][48.878s][info][gc,phases,start] GC(1168) Phase 2: Compute new object addresses
[2026-06-17T09:56:40.251+0800][48.880s][info][gc,phases      ] GC(1168) Phase 2: Compute new object addresses 2.287ms
[2026-06-17T09:56:40.253+0800][48.882s][info][gc,phases,start] GC(1168) Phase 3: Adjust pointers
[2026-06-17T09:56:40.255+0800][48.884s][info][gc,phases      ] GC(1168) Phase 3: Adjust pointers 2.414ms
[2026-06-17T09:56:40.259+0800][48.888s][info][gc,phases,start] GC(1168) Phase 4: Move objects
[2026-06-17T09:56:40.263+0800][48.892s][info][gc,phases      ] GC(1168) Phase 4: Move objects 3.962ms
[2026-06-17T09:56:40.264+0800][48.893s][info][gc,heap        ] GC(1168) DefNew: 19647K(19648K)->0K(19648K) Eden: 17472K(17472K)->0K(17472K) From: 2175K(2176K)->0K(2176K)
[2026-06-17T09:56:40.264+0800][48.893s][info][gc,heap        ] GC(1168) Tenured: 38888K(43712K)->28240K(43712K)
[2026-06-17T09:56:40.265+0800][48.894s][info][gc,metaspace   ] GC(1168) Metaspace: 158K(384K)->158K(384K) NonClass: 153K(256K)->153K(256K) Class: 4K(128K)->4K(128K)
[2026-06-17T09:56:40.265+0800][48.894s][info][gc             ] GC(1168) Pause Full (Allocation Failure) 57M->27M(61M) 22.495ms
[2026-06-17T09:56:40.266+0800][48.895s][info][gc,cpu         ] GC(1168) User=0.01s Sys=0.00s Real=0.02s
[2026-06-17T09:56:40.310+0800][48.939s][info][gc,start       ] GC(1169) Pause Young (Allocation Failure)
[2026-06-17T09:56:40.311+0800][48.941s][info][gc,heap        ] GC(1169) DefNew: 17199K(19648K)->2129K(19648K) Eden: 17199K(17472K)->0K(17472K) From: 0K(2176K)->2129K(2176K)
[2026-06-17T09:56:40.312+0800][48.941s][info][gc,heap        ] GC(1169) Tenured: 28240K(43712K)->29508K(43712K)
[2026-06-17T09:56:40.312+0800][48.942s][info][gc,metaspace   ] GC(1169) Metaspace: 158K(384K)->158K(384K) NonClass: 153K(256K)->153K(256K) Class: 4K(128K)->4K(128K)
[2026-06-17T09:56:40.313+0800][48.942s][info][gc             ] GC(1169) Pause Young (Allocation Failure) 44M->30M(61M) 2.759ms
[2026-06-17T09:56:40.313+0800][48.942s][info][gc,cpu         ] GC(1169) User=0.00s Sys=0.00s Real=0.01s
[2026-06-17T09:56:40.356+0800][48.985s][info][gc,start       ] GC(1170) Pause Young (Allocation Failure)
[2026-06-17T09:56:40.358+0800][48.987s][info][gc,heap        ] GC(1170) DefNew: 19574K(19648K)->2170K(19648K) Eden: 17445K(17472K)->0K(17472K) From: 2129K(2176K)->2170K(2176K)
[2026-06-17T09:56:40.358+0800][48.988s][info][gc,heap        ] GC(1170) Tenured: 29508K(43712K)->36286K(43712K)
[2026-06-17T09:56:40.359+0800][48.988s][info][gc,metaspace   ] GC(1170) Metaspace: 158K(384K)->158K(384K) NonClass: 153K(256K)->153K(256K) Class: 4K(128K)->4K(128K)
[2026-06-17T09:56:40.359+0800][48.988s][info][gc             ] GC(1170) Pause Young (Allocation Failure) 47M->37M(61M) 2.987ms
[2026-06-17T09:56:40.359+0800][48.989s][info][gc,cpu         ] GC(1170) User=0.00s Sys=0.00s Real=0.00s
[2026-06-17T09:56:40.413+0800][49.042s][info][gc,start       ] GC(1171) Pause Young (Allocation Failure)
[2026-06-17T09:56:40.414+0800][49.043s][info][gc             ] GC(1171) Pause Young (Allocation Failure) 54M->54M(61M) 0.757ms
[2026-06-17T09:56:40.414+0800][49.043s][info][gc,cpu         ] GC(1171) User=0.00s Sys=0.00s Real=0.00s
[2026-06-17T09:56:40.416+0800][49.045s][info][gc,start       ] GC(1172) Pause Full (Allocation Failure)
[2026-06-17T09:56:40.416+0800][49.046s][info][gc,phases,start] GC(1172) Phase 1: Mark live objects
[2026-06-17T09:56:40.418+0800][49.047s][info][gc,phases      ] GC(1172) Phase 1: Mark live objects 1.178ms
[2026-06-17T09:56:40.418+0800][49.047s][info][gc,phases,start] GC(1172) Phase 2: Compute new object addresses
[2026-06-17T09:56:40.419+0800][49.048s][info][gc,phases      ] GC(1172) Phase 2: Compute new object addresses 0.722ms
[2026-06-17T09:56:40.419+0800][49.048s][info][gc,phases,start] GC(1172) Phase 3: Adjust pointers
[2026-06-17T09:56:40.420+0800][49.049s][info][gc,phases      ] GC(1172) Phase 3: Adjust pointers 0.727ms
[2026-06-17T09:56:40.420+0800][49.049s][info][gc,phases,start] GC(1172) Phase 4: Move objects
[2026-06-17T09:56:40.423+0800][49.052s][info][gc,phases      ] GC(1172) Phase 4: Move objects 2.219ms
[2026-06-17T09:56:40.423+0800][49.052s][info][gc,heap        ] GC(1172) DefNew: 19621K(19648K)->0K(19648K) Eden: 17451K(17472K)->0K(17472K) From: 2170K(2176K)->0K(2176K)
[2026-06-17T09:56:40.423+0800][49.052s][info][gc,heap        ] GC(1172) Tenured: 36286K(43712K)->26575K(43712K)
[2026-06-17T09:56:40.423+0800][49.052s][info][gc,metaspace   ] GC(1172) Metaspace: 158K(384K)->158K(384K) NonClass: 153K(256K)->153K(256K) Class: 4K(128K)->4K(128K)
[2026-06-17T09:56:40.423+0800][49.053s][info][gc             ] GC(1172) Pause Full (Allocation Failure) 54M->25M(61M) 7.586ms
[2026-06-17T09:56:40.424+0800][49.053s][info][gc,cpu         ] GC(1172) User=0.00s Sys=0.00s Real=0.01s
[2026-06-17T09:56:40.456+0800][49.085s][info][gc,start       ] GC(1173) Pause Young (Allocation Failure)
[2026-06-17T09:56:40.463+0800][49.093s][info][gc,heap        ] GC(1173) DefNew: 17414K(19648K)->2170K(19648K) Eden: 17414K(17472K)->0K(17472K) From: 0K(2176K)->2170K(2176K)
[2026-06-17T09:56:40.464+0800][49.093s][info][gc,heap        ] GC(1173) Tenured: 26575K(43712K)->31156K(43712K)
[2026-06-17T09:56:40.464+0800][49.093s][info][gc,metaspace   ] GC(1173) Metaspace: 158K(384K)->158K(384K) NonClass: 153K(256K)->153K(256K) Class: 4K(128K)->4K(128K)
[2026-06-17T09:56:40.464+0800][49.094s][info][gc             ] GC(1173) Pause Young (Allocation Failure) 42M->32M(61M) 8.805ms
[2026-06-17T09:56:40.465+0800][49.094s][info][gc,cpu         ] GC(1173) User=0.00s Sys=0.00s Real=0.01s
[2026-06-17T09:56:40.517+0800][49.146s][info][gc,start       ] GC(1174) Pause Young (Allocation Failure)
[2026-06-17T09:56:40.518+0800][49.147s][info][gc,heap        ] GC(1174) DefNew: 19642K(19648K)->2145K(19648K) Eden: 17472K(17472K)->0K(17472K) From: 2170K(2176K)->2145K(2176K)
[2026-06-17T09:56:40.518+0800][49.147s][info][gc,heap        ] GC(1174) Tenured: 31156K(43712K)->34523K(43712K)
[2026-06-17T09:56:40.519+0800][49.148s][info][gc,metaspace   ] GC(1174) Metaspace: 158K(384K)->158K(384K) NonClass: 153K(256K)->153K(256K) Class: 4K(128K)->4K(128K)
[2026-06-17T09:56:40.519+0800][49.148s][info][gc             ] GC(1174) Pause Young (Allocation Failure) 49M->35M(61M) 1.828ms
[2026-06-17T09:56:40.519+0800][49.148s][info][gc,cpu         ] GC(1174) User=0.00s Sys=0.00s Real=0.00s
[2026-06-17T09:56:40.561+0800][49.191s][info][gc,start       ] GC(1175) Pause Young (Allocation Failure)
[2026-06-17T09:56:40.563+0800][49.192s][info][gc,heap        ] GC(1175) DefNew: 19617K(19648K)->2152K(19648K) Eden: 17472K(17472K)->0K(17472K) From: 2145K(2176K)->2152K(2176K)
[2026-06-17T09:56:40.564+0800][49.193s][info][gc,heap        ] GC(1175) Tenured: 34523K(43712K)->38654K(43712K)
[2026-06-17T09:56:40.564+0800][49.193s][info][gc,metaspace   ] GC(1175) Metaspace: 158K(384K)->158K(384K) NonClass: 153K(256K)->153K(256K) Class: 4K(128K)->4K(128K)
[2026-06-17T09:56:40.564+0800][49.193s][info][gc             ] GC(1175) Pause Young (Allocation Failure) 52M->39M(61M) 2.496ms
[2026-06-17T09:56:40.564+0800][49.193s][info][gc,cpu         ] GC(1175) User=0.00s Sys=0.00s Real=0.01s
[2026-06-17T09:56:40.607+0800][49.236s][info][gc,start       ] GC(1176) Pause Young (Allocation Failure)
[2026-06-17T09:56:40.607+0800][49.236s][info][gc             ] GC(1176) Pause Young (Allocation Failure) 56M->56M(61M) 0.464ms
[2026-06-17T09:56:40.607+0800][49.237s][info][gc,cpu         ] GC(1176) User=0.00s Sys=0.00s Real=0.00s
[2026-06-17T09:56:40.608+0800][49.237s][info][gc,start       ] GC(1177) Pause Full (Allocation Failure)
[2026-06-17T09:56:40.608+0800][49.237s][info][gc,phases,start] GC(1177) Phase 1: Mark live objects
[2026-06-17T09:56:40.609+0800][49.238s][info][gc,phases      ] GC(1177) Phase 1: Mark live objects 0.675ms
[2026-06-17T09:56:40.609+0800][49.238s][info][gc,phases,start] GC(1177) Phase 2: Compute new object addresses
[2026-06-17T09:56:40.610+0800][49.239s][info][gc,phases      ] GC(1177) Phase 2: Compute new object addresses 0.884ms
[2026-06-17T09:56:40.610+0800][49.239s][info][gc,phases,start] GC(1177) Phase 3: Adjust pointers
[2026-06-17T09:56:40.611+0800][49.240s][info][gc,phases      ] GC(1177) Phase 3: Adjust pointers 0.521ms
[2026-06-17T09:56:40.611+0800][49.240s][info][gc,phases,start] GC(1177) Phase 4: Move objects
[2026-06-17T09:56:40.614+0800][49.243s][info][gc,phases      ] GC(1177) Phase 4: Move objects 2.543ms
[2026-06-17T09:56:40.614+0800][49.243s][info][gc,heap        ] GC(1177) DefNew: 19602K(19648K)->0K(19648K) Eden: 17450K(17472K)->0K(17472K) From: 2152K(2176K)->0K(2176K)
[2026-06-17T09:56:40.614+0800][49.243s][info][gc,heap        ] GC(1177) Tenured: 38654K(43712K)->24586K(43712K)
[2026-06-17T09:56:40.614+0800][49.243s][info][gc,metaspace   ] GC(1177) Metaspace: 158K(384K)->158K(384K) NonClass: 153K(256K)->153K(256K) Class: 4K(128K)->4K(128K)
[2026-06-17T09:56:40.614+0800][49.244s][info][gc             ] GC(1177) Pause Full (Allocation Failure) 56M->24M(61M) 6.760ms
[2026-06-17T09:56:40.615+0800][49.244s][info][gc,cpu         ] GC(1177) User=0.01s Sys=0.00s Real=0.01s
[2026-06-17T09:56:40.657+0800][49.286s][info][gc,start       ] GC(1178) Pause Young (Allocation Failure)
[2026-06-17T09:56:40.658+0800][49.287s][info][gc,heap        ] GC(1178) DefNew: 17472K(19648K)->2175K(19648K) Eden: 17472K(17472K)->0K(17472K) From: 0K(2176K)->2175K(2176K)
[2026-06-17T09:56:40.659+0800][49.288s][info][gc,heap        ] GC(1178) Tenured: 24586K(43712K)->29346K(43712K)
[2026-06-17T09:56:40.659+0800][49.288s][info][gc,metaspace   ] GC(1178) Metaspace: 158K(384K)->158K(384K) NonClass: 153K(256K)->153K(256K) Class: 4K(128K)->4K(128K)
[2026-06-17T09:56:40.659+0800][49.289s][info][gc             ] GC(1178) Pause Young (Allocation Failure) 41M->30M(61M) 2.440ms
[2026-06-17T09:56:40.660+0800][49.289s][info][gc,cpu         ] GC(1178) User=0.00s Sys=0.00s Real=0.00s
[2026-06-17T09:56:40.702+0800][49.331s][info][gc,start       ] GC(1179) Pause Young (Allocation Failure)
[2026-06-17T09:56:40.703+0800][49.332s][info][gc,heap        ] GC(1179) DefNew: 19617K(19648K)->2171K(19648K) Eden: 17441K(17472K)->0K(17472K) From: 2175K(2176K)->2171K(2176K)
[2026-06-17T09:56:40.703+0800][49.332s][info][gc,heap        ] GC(1179) Tenured: 29346K(43712K)->35317K(43712K)
[2026-06-17T09:56:40.703+0800][49.333s][info][gc,metaspace   ] GC(1179) Metaspace: 158K(384K)->158K(384K) NonClass: 153K(256K)->153K(256K) Class: 4K(128K)->4K(128K)
[2026-06-17T09:56:40.704+0800][49.333s][info][gc             ] GC(1179) Pause Young (Allocation Failure) 47M->36M(61M) 1.792ms
[2026-06-17T09:56:40.704+0800][49.333s][info][gc,cpu         ] GC(1179) User=0.00s Sys=0.00s Real=0.01s
[2026-06-17T09:56:40.746+0800][49.375s][info][gc,start       ] GC(1180) Pause Young (Allocation Failure)
[2026-06-17T09:56:40.747+0800][49.376s][info][gc,heap        ] GC(1180) DefNew: 19628K(19648K)->2167K(19648K) Eden: 17456K(17472K)->0K(17472K) From: 2171K(2176K)->2167K(2176K)
[2026-06-17T09:56:40.747+0800][49.377s][info][gc,heap        ] GC(1180) Tenured: 35317K(43712K)->40105K(43712K)
[2026-06-17T09:56:40.748+0800][49.377s][info][gc,metaspace   ] GC(1180) Metaspace: 158K(384K)->158K(384K) NonClass: 153K(256K)->153K(256K) Class: 4K(128K)->4K(128K)
[2026-06-17T09:56:40.748+0800][49.377s][info][gc             ] GC(1180) Pause Young (Allocation Failure) 53M->41M(61M) 1.773ms
[2026-06-17T09:56:40.748+0800][49.377s][info][gc,cpu         ] GC(1180) User=0.00s Sys=0.00s Real=0.00s
[2026-06-17T09:56:40.800+0800][49.429s][info][gc,start       ] GC(1181) Pause Young (Allocation Failure)
[2026-06-17T09:56:40.801+0800][49.430s][info][gc             ] GC(1181) Pause Young (Allocation Failure) 58M->58M(61M) 0.406ms
[2026-06-17T09:56:40.801+0800][49.430s][info][gc,cpu         ] GC(1181) User=0.00s Sys=0.00s Real=0.00s
[2026-06-17T09:56:40.801+0800][49.431s][info][gc,start       ] GC(1182) Pause Full (Allocation Failure)
[2026-06-17T09:56:40.802+0800][49.431s][info][gc,phases,start] GC(1182) Phase 1: Mark live objects
[2026-06-17T09:56:40.802+0800][49.431s][info][gc,phases      ] GC(1182) Phase 1: Mark live objects 0.620ms
[2026-06-17T09:56:40.802+0800][49.432s][info][gc,phases,start] GC(1182) Phase 2: Compute new object addresses
[2026-06-17T09:56:40.803+0800][49.432s][info][gc,phases      ] GC(1182) Phase 2: Compute new object addresses 0.622ms
[2026-06-17T09:56:40.803+0800][49.432s][info][gc,phases,start] GC(1182) Phase 3: Adjust pointers
[2026-06-17T09:56:40.804+0800][49.433s][info][gc,phases      ] GC(1182) Phase 3: Adjust pointers 0.622ms
[2026-06-17T09:56:40.804+0800][49.433s][info][gc,phases,start] GC(1182) Phase 4: Move objects
[2026-06-17T09:56:40.806+0800][49.435s][info][gc,phases      ] GC(1182) Phase 4: Move objects 1.783ms
[2026-06-17T09:56:40.806+0800][49.435s][info][gc,heap        ] GC(1182) DefNew: 19635K(19648K)->0K(19648K) Eden: 17467K(17472K)->0K(17472K) From: 2167K(2176K)->0K(2176K)
[2026-06-17T09:56:40.806+0800][49.435s][info][gc,heap        ] GC(1182) Tenured: 40105K(43712K)->24649K(43712K)
[2026-06-17T09:56:40.806+0800][49.436s][info][gc,metaspace   ] GC(1182) Metaspace: 158K(384K)->158K(384K) NonClass: 153K(256K)->153K(256K) Class: 4K(128K)->4K(128K)
[2026-06-17T09:56:40.806+0800][49.436s][info][gc             ] GC(1182) Pause Full (Allocation Failure) 58M->24M(61M) 5.126ms
[2026-06-17T09:56:40.807+0800][49.436s][info][gc,cpu         ] GC(1182) User=0.00s Sys=0.00s Real=0.01s
[2026-06-17T09:56:40.849+0800][49.478s][info][gc,start       ] GC(1183) Pause Young (Allocation Failure)
[2026-06-17T09:56:40.850+0800][49.479s][info][gc,heap        ] GC(1183) DefNew: 17472K(19648K)->2175K(19648K) Eden: 17472K(17472K)->0K(17472K) From: 0K(2176K)->2175K(2176K)
[2026-06-17T09:56:40.850+0800][49.480s][info][gc,heap        ] GC(1183) Tenured: 24649K(43712K)->29525K(43712K)
[2026-06-17T09:56:40.851+0800][49.480s][info][gc,metaspace   ] GC(1183) Metaspace: 158K(384K)->158K(384K) NonClass: 153K(256K)->153K(256K) Class: 4K(128K)->4K(128K)
[2026-06-17T09:56:40.851+0800][49.480s][info][gc             ] GC(1183) Pause Young (Allocation Failure) 41M->30M(61M) 2.116ms
[2026-06-17T09:56:40.851+0800][49.480s][info][gc,cpu         ] GC(1183) User=0.00s Sys=0.00s Real=0.01s
[2026-06-17T09:56:40.893+0800][49.522s][info][gc,start       ] GC(1184) Pause Young (Allocation Failure)
[2026-06-17T09:56:40.895+0800][49.524s][info][gc,heap        ] GC(1184) DefNew: 19587K(19648K)->2170K(19648K) Eden: 17412K(17472K)->0K(17472K) From: 2175K(2176K)->2170K(2176K)
[2026-06-17T09:56:40.896+0800][49.525s][info][gc,heap        ] GC(1184) Tenured: 29525K(43712K)->34082K(43712K)
[2026-06-17T09:56:40.896+0800][49.525s][info][gc,metaspace   ] GC(1184) Metaspace: 158K(384K)->158K(384K) NonClass: 153K(256K)->153K(256K) Class: 4K(128K)->4K(128K)
[2026-06-17T09:56:40.896+0800][49.525s][info][gc             ] GC(1184) Pause Young (Allocation Failure) 47M->35M(61M) 2.770ms
[2026-06-17T09:56:40.896+0800][49.525s][info][gc,cpu         ] GC(1184) User=0.00s Sys=0.00s Real=0.00s
[2026-06-17T09:56:40.938+0800][49.567s][info][gc,start       ] GC(1185) Pause Young (Allocation Failure)
[2026-06-17T09:56:40.939+0800][49.568s][info][gc,heap        ] GC(1185) DefNew: 19606K(19648K)->2175K(19648K) Eden: 17435K(17472K)->0K(17472K) From: 2170K(2176K)->2175K(2176K)
[2026-06-17T09:56:40.940+0800][49.569s][info][gc,heap        ] GC(1185) Tenured: 34082K(43712K)->38154K(43712K)
[2026-06-17T09:56:40.940+0800][49.569s][info][gc,metaspace   ] GC(1185) Metaspace: 158K(384K)->158K(384K) NonClass: 153K(256K)->153K(256K) Class: 4K(128K)->4K(128K)
[2026-06-17T09:56:40.940+0800][49.569s][info][gc             ] GC(1185) Pause Young (Allocation Failure) 52M->39M(61M) 1.752ms
[2026-06-17T09:56:40.940+0800][49.569s][info][gc,cpu         ] GC(1185) User=0.00s Sys=0.00s Real=0.00s
[2026-06-17T09:56:40.982+0800][49.611s][info][gc,start       ] GC(1186) Pause Young (Allocation Failure)
[2026-06-17T09:56:40.984+0800][49.613s][info][gc             ] GC(1186) Pause Young (Allocation Failure) 56M->56M(61M) 1.230ms
[2026-06-17T09:56:40.984+0800][49.613s][info][gc,cpu         ] GC(1186) User=0.00s Sys=0.00s Real=0.01s
[2026-06-17T09:56:40.984+0800][49.613s][info][gc,start       ] GC(1187) Pause Full (Allocation Failure)
[2026-06-17T09:56:40.984+0800][49.613s][info][gc,phases,start] GC(1187) Phase 1: Mark live objects
[2026-06-17T09:56:40.985+0800][49.614s][info][gc,phases      ] GC(1187) Phase 1: Mark live objects 0.630ms
[2026-06-17T09:56:40.985+0800][49.614s][info][gc,phases,start] GC(1187) Phase 2: Compute new object addresses
[2026-06-17T09:56:40.985+0800][49.615s][info][gc,phases      ] GC(1187) Phase 2: Compute new object addresses 0.373ms
[2026-06-17T09:56:40.986+0800][49.615s][info][gc,phases,start] GC(1187) Phase 3: Adjust pointers
[2026-06-17T09:56:40.986+0800][49.615s][info][gc,phases      ] GC(1187) Phase 3: Adjust pointers 0.452ms
[2026-06-17T09:56:40.986+0800][49.616s][info][gc,phases,start] GC(1187) Phase 4: Move objects
[2026-06-17T09:56:40.989+0800][49.618s][info][gc,phases      ] GC(1187) Phase 4: Move objects 2.215ms
[2026-06-17T09:56:40.989+0800][49.618s][info][gc,heap        ] GC(1187) DefNew: 19608K(19648K)->0K(19648K) Eden: 17432K(17472K)->0K(17472K) From: 2175K(2176K)->0K(2176K)
[2026-06-17T09:56:40.989+0800][49.619s][info][gc,heap        ] GC(1187) Tenured: 38154K(43712K)->29298K(43712K)
[2026-06-17T09:56:40.990+0800][49.619s][info][gc,metaspace   ] GC(1187) Metaspace: 158K(384K)->158K(384K) NonClass: 153K(256K)->153K(256K) Class: 4K(128K)->4K(128K)
[2026-06-17T09:56:40.990+0800][49.619s][info][gc             ] GC(1187) Pause Full (Allocation Failure) 56M->28M(61M) 5.629ms
[2026-06-17T09:56:40.990+0800][49.619s][info][gc,cpu         ] GC(1187) User=0.00s Sys=0.01s Real=0.00s
[2026-06-17T09:56:41.043+0800][49.672s][info][gc,start       ] GC(1188) Pause Young (Allocation Failure)
[2026-06-17T09:56:41.044+0800][49.673s][info][gc,heap        ] GC(1188) DefNew: 17450K(19648K)->2109K(19648K) Eden: 17450K(17472K)->0K(17472K) From: 0K(2176K)->2109K(2176K)
[2026-06-17T09:56:41.045+0800][49.674s][info][gc,heap        ] GC(1188) Tenured: 29298K(43712K)->31009K(43712K)
[2026-06-17T09:56:41.046+0800][49.675s][info][gc,metaspace   ] GC(1188) Metaspace: 158K(384K)->158K(384K) NonClass: 153K(256K)->153K(256K) Class: 4K(128K)->4K(128K)
[2026-06-17T09:56:41.046+0800][49.675s][info][gc             ] GC(1188) Pause Young (Allocation Failure) 45M->32M(61M) 3.502ms
[2026-06-17T09:56:41.047+0800][49.676s][info][gc,cpu         ] GC(1188) User=0.00s Sys=0.00s Real=0.00s
[2026-06-17T09:56:41.091+0800][49.720s][info][gc,start       ] GC(1189) Pause Young (Allocation Failure)
[2026-06-17T09:56:41.094+0800][49.723s][info][gc,heap        ] GC(1189) DefNew: 19568K(19648K)->2127K(19648K) Eden: 17459K(17472K)->0K(17472K) From: 2109K(2176K)->2127K(2176K)
[2026-06-17T09:56:41.095+0800][49.724s][info][gc,heap        ] GC(1189) Tenured: 31009K(43712K)->34605K(43712K)
[2026-06-17T09:56:41.095+0800][49.724s][info][gc,metaspace   ] GC(1189) Metaspace: 158K(384K)->158K(384K) NonClass: 153K(256K)->153K(256K) Class: 4K(128K)->4K(128K)
[2026-06-17T09:56:41.096+0800][49.725s][info][gc             ] GC(1189) Pause Young (Allocation Failure) 49M->35M(61M) 4.789ms
[2026-06-17T09:56:41.096+0800][49.726s][info][gc,cpu         ] GC(1189) User=0.00s Sys=0.00s Real=0.00s
[2026-06-17T09:56:41.141+0800][49.770s][info][gc,start       ] GC(1190) Pause Young (Allocation Failure)
[2026-06-17T09:56:41.144+0800][49.773s][info][gc,heap        ] GC(1190) DefNew: 19573K(19648K)->2159K(19648K) Eden: 17445K(17472K)->0K(17472K) From: 2127K(2176K)->2159K(2176K)
[2026-06-17T09:56:41.144+0800][49.773s][info][gc,heap        ] GC(1190) Tenured: 34605K(43712K)->38203K(43712K)
[2026-06-17T09:56:41.145+0800][49.774s][info][gc,metaspace   ] GC(1190) Metaspace: 158K(384K)->158K(384K) NonClass: 153K(256K)->153K(256K) Class: 4K(128K)->4K(128K)
[2026-06-17T09:56:41.146+0800][49.775s][info][gc             ] GC(1190) Pause Young (Allocation Failure) 52M->39M(61M) 4.700ms
[2026-06-17T09:56:41.147+0800][49.776s][info][gc,cpu         ] GC(1190) User=0.00s Sys=0.00s Real=0.01s
[2026-06-17T09:56:41.191+0800][49.821s][info][gc,start       ] GC(1191) Pause Young (Allocation Failure)
[2026-06-17T09:56:41.192+0800][49.821s][info][gc             ] GC(1191) Pause Young (Allocation Failure) 56M->56M(61M) 0.654ms
[2026-06-17T09:56:41.193+0800][49.822s][info][gc,cpu         ] GC(1191) User=0.00s Sys=0.00s Real=0.00s
[2026-06-17T09:56:41.193+0800][49.822s][info][gc,start       ] GC(1192) Pause Full (Allocation Failure)
[2026-06-17T09:56:41.194+0800][49.823s][info][gc,phases,start] GC(1192) Phase 1: Mark live objects
[2026-06-17T09:56:41.195+0800][49.824s][info][gc,phases      ] GC(1192) Phase 1: Mark live objects 0.935ms
[2026-06-17T09:56:41.195+0800][49.824s][info][gc,phases,start] GC(1192) Phase 2: Compute new object addresses
[2026-06-17T09:56:41.196+0800][49.825s][info][gc,phases      ] GC(1192) Phase 2: Compute new object addresses 0.627ms
[2026-06-17T09:56:41.196+0800][49.825s][info][gc,phases,start] GC(1192) Phase 3: Adjust pointers
[2026-06-17T09:56:41.197+0800][49.826s][info][gc,phases      ] GC(1192) Phase 3: Adjust pointers 0.700ms
[2026-06-17T09:56:41.197+0800][49.826s][info][gc,phases,start] GC(1192) Phase 4: Move objects
[2026-06-17T09:56:41.199+0800][49.828s][info][gc,phases      ] GC(1192) Phase 4: Move objects 2.003ms
[2026-06-17T09:56:41.200+0800][49.829s][info][gc,heap        ] GC(1192) DefNew: 19518K(19648K)->0K(19648K) Eden: 17359K(17472K)->0K(17472K) From: 2159K(2176K)->0K(2176K)
[2026-06-17T09:56:41.200+0800][49.829s][info][gc,heap        ] GC(1192) Tenured: 38203K(43712K)->27835K(43712K)
[2026-06-17T09:56:41.200+0800][49.829s][info][gc,metaspace   ] GC(1192) Metaspace: 158K(384K)->158K(384K) NonClass: 153K(256K)->153K(256K) Class: 4K(128K)->4K(128K)
[2026-06-17T09:56:41.200+0800][49.829s][info][gc             ] GC(1192) Pause Full (Allocation Failure) 56M->27M(61M) 6.907ms
[2026-06-17T09:56:41.200+0800][49.829s][info][gc,cpu         ] GC(1192) User=0.00s Sys=0.00s Real=0.00s
[2026-06-17T09:56:41.253+0800][49.883s][info][gc,start       ] GC(1193) Pause Young (Allocation Failure)
[2026-06-17T09:56:41.255+0800][49.885s][info][gc,heap        ] GC(1193) DefNew: 17452K(19648K)->2078K(19648K) Eden: 17452K(17472K)->0K(17472K) From: 0K(2176K)->2078K(2176K)
[2026-06-17T09:56:41.256+0800][49.885s][info][gc,heap        ] GC(1193) Tenured: 27835K(43712K)->29528K(43712K)
[2026-06-17T09:56:41.257+0800][49.886s][info][gc,metaspace   ] GC(1193) Metaspace: 158K(384K)->158K(384K) NonClass: 153K(256K)->153K(256K) Class: 4K(128K)->4K(128K)
[2026-06-17T09:56:41.257+0800][49.886s][info][gc             ] GC(1193) Pause Young (Allocation Failure) 44M->30M(61M) 3.691ms
[2026-06-17T09:56:41.258+0800][49.887s][info][gc,cpu         ] GC(1193) User=0.00s Sys=0.00s Real=0.00s
[2026-06-17T09:56:41.301+0800][49.930s][info][gc,start       ] GC(1194) Pause Young (Allocation Failure)
[2026-06-17T09:56:41.302+0800][49.931s][info][gc,heap        ] GC(1194) DefNew: 19542K(19648K)->2055K(19648K) Eden: 17463K(17472K)->0K(17472K) From: 2078K(2176K)->2055K(2176K)
[2026-06-17T09:56:41.303+0800][49.932s][info][gc,heap        ] GC(1194) Tenured: 29528K(43712K)->32962K(43712K)
[2026-06-17T09:56:41.303+0800][49.932s][info][gc,metaspace   ] GC(1194) Metaspace: 158K(384K)->158K(384K) NonClass: 153K(256K)->153K(256K) Class: 4K(128K)->4K(128K)
[2026-06-17T09:56:41.303+0800][49.932s][info][gc             ] GC(1194) Pause Young (Allocation Failure) 47M->34M(61M) 1.719ms
[2026-06-17T09:56:41.303+0800][49.932s][info][gc,cpu         ] GC(1194) User=0.00s Sys=0.00s Real=0.01s
[2026-06-17T09:56:41.335+0800][49.964s][info][gc,start       ] GC(1195) Pause Young (Allocation Failure)
[2026-06-17T09:56:41.336+0800][49.965s][info][gc,heap        ] GC(1195) DefNew: 19347K(19648K)->2061K(19648K) Eden: 17291K(17472K)->0K(17472K) From: 2055K(2176K)->2061K(2176K)
[2026-06-17T09:56:41.337+0800][49.966s][info][gc,heap        ] GC(1195) Tenured: 32962K(43712K)->36135K(43712K)
[2026-06-17T09:56:41.337+0800][49.966s][info][gc,metaspace   ] GC(1195) Metaspace: 158K(384K)->158K(384K) NonClass: 153K(256K)->153K(256K) Class: 4K(128K)->4K(128K)
[2026-06-17T09:56:41.337+0800][49.966s][info][gc             ] GC(1195) Pause Young (Allocation Failure) 51M->37M(61M) 1.508ms
[2026-06-17T09:56:41.337+0800][49.966s][info][gc,cpu         ] GC(1195) User=0.00s Sys=0.00s Real=0.00s
[2026-06-17T09:56:41.389+0800][50.019s][info][gc,start       ] GC(1196) Pause Young (Allocation Failure)
[2026-06-17T09:56:41.391+0800][50.020s][info][gc,heap        ] GC(1196) DefNew: 19533K(19648K)->2120K(19648K) Eden: 17472K(17472K)->0K(17472K) From: 2061K(2176K)->2120K(2176K)
[2026-06-17T09:56:41.391+0800][50.020s][info][gc,heap        ] GC(1196) Tenured: 36135K(43712K)->39829K(43712K)
[2026-06-17T09:56:41.391+0800][50.021s][info][gc,metaspace   ] GC(1196) Metaspace: 158K(384K)->158K(384K) NonClass: 153K(256K)->153K(256K) Class: 4K(128K)->4K(128K)
[2026-06-17T09:56:41.392+0800][50.021s][info][gc             ] GC(1196) Pause Young (Allocation Failure) 54M->40M(61M) 2.153ms
[2026-06-17T09:56:41.392+0800][50.021s][info][gc,cpu         ] GC(1196) User=0.00s Sys=0.00s Real=0.01s
[2026-06-17T09:56:41.434+0800][50.064s][info][gc,start       ] GC(1197) Pause Young (Allocation Failure)
[2026-06-17T09:56:41.436+0800][50.065s][info][gc             ] GC(1197) Pause Young (Allocation Failure) 57M->57M(61M) 1.693ms
[2026-06-17T09:56:41.437+0800][50.066s][info][gc,cpu         ] GC(1197) User=0.00s Sys=0.00s Real=0.00s
[2026-06-17T09:56:41.437+0800][50.066s][info][gc,start       ] GC(1198) Pause Full (Allocation Failure)
[2026-06-17T09:56:41.438+0800][50.067s][info][gc,phases,start] GC(1198) Phase 1: Mark live objects
[2026-06-17T09:56:41.439+0800][50.068s][info][gc,phases      ] GC(1198) Phase 1: Mark live objects 1.020ms
[2026-06-17T09:56:41.439+0800][50.068s][info][gc,phases,start] GC(1198) Phase 2: Compute new object addresses
[2026-06-17T09:56:41.440+0800][50.069s][info][gc,phases      ] GC(1198) Phase 2: Compute new object addresses 0.695ms
[2026-06-17T09:56:41.440+0800][50.070s][info][gc,phases,start] GC(1198) Phase 3: Adjust pointers
[2026-06-17T09:56:41.441+0800][50.070s][info][gc,phases      ] GC(1198) Phase 3: Adjust pointers 0.572ms
[2026-06-17T09:56:41.441+0800][50.070s][info][gc,phases,start] GC(1198) Phase 4: Move objects
[2026-06-17T09:56:41.443+0800][50.072s][info][gc,phases      ] GC(1198) Phase 4: Move objects 1.835ms
[2026-06-17T09:56:41.443+0800][50.072s][info][gc,heap        ] GC(1198) DefNew: 19544K(19648K)->0K(19648K) Eden: 17423K(17472K)->0K(17472K) From: 2120K(2176K)->0K(2176K)
[2026-06-17T09:56:41.444+0800][50.073s][info][gc,heap        ] GC(1198) Tenured: 39829K(43712K)->29187K(43712K)
[2026-06-17T09:56:41.444+0800][50.073s][info][gc,metaspace   ] GC(1198) Metaspace: 158K(384K)->158K(384K) NonClass: 153K(256K)->153K(256K) Class: 4K(128K)->4K(128K)
[2026-06-17T09:56:41.444+0800][50.074s][info][gc             ] GC(1198) Pause Full (Allocation Failure) 57M->28M(61M) 7.413ms
[2026-06-17T09:56:41.445+0800][50.074s][info][gc,cpu         ] GC(1198) User=0.01s Sys=0.00s Real=0.01s
[2026-06-17T09:56:41.488+0800][50.117s][info][gc,start       ] GC(1199) Pause Young (Allocation Failure)
[2026-06-17T09:56:41.489+0800][50.118s][info][gc,heap        ] GC(1199) DefNew: 17446K(19648K)->2148K(19648K) Eden: 17446K(17472K)->0K(17472K) From: 0K(2176K)->2148K(2176K)
[2026-06-17T09:56:41.490+0800][50.119s][info][gc,heap        ] GC(1199) Tenured: 29187K(43712K)->33905K(43712K)
[2026-06-17T09:56:41.490+0800][50.119s][info][gc,metaspace   ] GC(1199) Metaspace: 158K(384K)->158K(384K) NonClass: 153K(256K)->153K(256K) Class: 4K(128K)->4K(128K)
[2026-06-17T09:56:41.491+0800][50.120s][info][gc             ] GC(1199) Pause Young (Allocation Failure) 45M->35M(61M) 2.739ms
[2026-06-17T09:56:41.493+0800][50.122s][info][gc,cpu         ] GC(1199) User=0.00s Sys=0.00s Real=0.01s
[2026-06-17T09:56:41.535+0800][50.164s][info][gc,start       ] GC(1200) Pause Young (Allocation Failure)
[2026-06-17T09:56:41.536+0800][50.165s][info][gc,heap        ] GC(1200) DefNew: 19620K(19648K)->2173K(19648K) Eden: 17472K(17472K)->0K(17472K) From: 2148K(2176K)->2173K(2176K)
[2026-06-17T09:56:41.536+0800][50.165s][info][gc,heap        ] GC(1200) Tenured: 33905K(43712K)->37372K(43712K)
[2026-06-17T09:56:41.537+0800][50.166s][info][gc,metaspace   ] GC(1200) Metaspace: 158K(384K)->158K(384K) NonClass: 153K(256K)->153K(256K) Class: 4K(128K)->4K(128K)
[2026-06-17T09:56:41.537+0800][50.166s][info][gc             ] GC(1200) Pause Young (Allocation Failure) 52M->38M(61M) 2.417ms
[2026-06-17T09:56:41.538+0800][50.167s][info][gc,cpu         ] GC(1200) User=0.00s Sys=0.00s Real=0.00s
[2026-06-17T09:56:41.580+0800][50.209s][info][gc,start       ] GC(1201) Pause Young (Allocation Failure)
[2026-06-17T09:56:41.581+0800][50.210s][info][gc,heap        ] GC(1201) DefNew: 19451K(19648K)->2135K(19648K) Eden: 17277K(17472K)->0K(17472K) From: 2173K(2176K)->2135K(2176K)
[2026-06-17T09:56:41.581+0800][50.210s][info][gc,heap        ] GC(1201) Tenured: 37372K(43712K)->38101K(43712K)
[2026-06-17T09:56:41.582+0800][50.211s][info][gc,metaspace   ] GC(1201) Metaspace: 158K(384K)->158K(384K) NonClass: 153K(256K)->153K(256K) Class: 4K(128K)->4K(128K)
[2026-06-17T09:56:41.582+0800][50.211s][info][gc             ] GC(1201) Pause Young (Allocation Failure) 55M->39M(61M) 2.193ms
[2026-06-17T09:56:41.582+0800][50.212s][info][gc,cpu         ] GC(1201) User=0.00s Sys=0.00s Real=0.01s
[2026-06-17T09:56:41.636+0800][50.265s][info][gc,start       ] GC(1202) Pause Young (Allocation Failure)
[2026-06-17T09:56:41.637+0800][50.266s][info][gc             ] GC(1202) Pause Young (Allocation Failure) 56M->56M(61M) 1.042ms
[2026-06-17T09:56:41.637+0800][50.266s][info][gc,cpu         ] GC(1202) User=0.00s Sys=0.00s Real=0.00s
[2026-06-17T09:56:41.638+0800][50.267s][info][gc,start       ] GC(1203) Pause Full (Allocation Failure)
[2026-06-17T09:56:41.639+0800][50.268s][info][gc,phases,start] GC(1203) Phase 1: Mark live objects
[2026-06-17T09:56:41.641+0800][50.270s][info][gc,phases      ] GC(1203) Phase 1: Mark live objects 1.405ms
[2026-06-17T09:56:41.641+0800][50.271s][info][gc,phases,start] GC(1203) Phase 2: Compute new object addresses
[2026-06-17T09:56:41.643+0800][50.272s][info][gc,phases      ] GC(1203) Phase 2: Compute new object addresses 1.142ms
[2026-06-17T09:56:41.643+0800][50.272s][info][gc,phases,start] GC(1203) Phase 3: Adjust pointers
[2026-06-17T09:56:41.644+0800][50.273s][info][gc,phases      ] GC(1203) Phase 3: Adjust pointers 1.015ms
[2026-06-17T09:56:41.645+0800][50.274s][info][gc,phases,start] GC(1203) Phase 4: Move objects
[2026-06-17T09:56:41.648+0800][50.277s][info][gc,phases      ] GC(1203) Phase 4: Move objects 2.697ms
[2026-06-17T09:56:41.648+0800][50.277s][info][gc,heap        ] GC(1203) DefNew: 19550K(19648K)->0K(19648K) Eden: 17415K(17472K)->0K(17472K) From: 2135K(2176K)->0K(2176K)
[2026-06-17T09:56:41.649+0800][50.278s][info][gc,heap        ] GC(1203) Tenured: 38101K(43712K)->20003K(43712K)
[2026-06-17T09:56:41.650+0800][50.279s][info][gc,metaspace   ] GC(1203) Metaspace: 158K(384K)->158K(384K) NonClass: 153K(256K)->153K(256K) Class: 4K(128K)->4K(128K)
[2026-06-17T09:56:41.650+0800][50.279s][info][gc             ] GC(1203) Pause Full (Allocation Failure) 56M->19M(61M) 12.091ms
[2026-06-17T09:56:41.651+0800][50.280s][info][gc,cpu         ] GC(1203) User=0.00s Sys=0.00s Real=0.02s
[2026-06-17T09:56:41.694+0800][50.323s][info][gc,start       ] GC(1204) Pause Young (Allocation Failure)
[2026-06-17T09:56:41.695+0800][50.324s][info][gc,heap        ] GC(1204) DefNew: 17472K(19648K)->2175K(19648K) Eden: 17472K(17472K)->0K(17472K) From: 0K(2176K)->2175K(2176K)
[2026-06-17T09:56:41.696+0800][50.325s][info][gc,heap        ] GC(1204) Tenured: 20003K(43712K)->24604K(43712K)
[2026-06-17T09:56:41.697+0800][50.326s][info][gc,metaspace   ] GC(1204) Metaspace: 158K(384K)->158K(384K) NonClass: 153K(256K)->153K(256K) Class: 4K(128K)->4K(128K)
[2026-06-17T09:56:41.697+0800][50.326s][info][gc             ] GC(1204) Pause Young (Allocation Failure) 36M->26M(61M) 3.083ms
[2026-06-17T09:56:41.698+0800][50.327s][info][gc,cpu         ] GC(1204) User=0.00s Sys=0.00s Real=0.00s
[2026-06-17T09:56:41.741+0800][50.370s][info][gc,start       ] GC(1205) Pause Young (Allocation Failure)
[2026-06-17T09:56:41.743+0800][50.372s][info][gc,heap        ] GC(1205) DefNew: 19647K(19648K)->2175K(19648K) Eden: 17472K(17472K)->0K(17472K) From: 2175K(2176K)->2175K(2176K)
[2026-06-17T09:56:41.744+0800][50.373s][info][gc,heap        ] GC(1205) Tenured: 24604K(43712K)->31698K(43712K)
[2026-06-17T09:56:41.744+0800][50.373s][info][gc,metaspace   ] GC(1205) Metaspace: 158K(384K)->158K(384K) NonClass: 153K(256K)->153K(256K) Class: 4K(128K)->4K(128K)
[2026-06-17T09:56:41.745+0800][50.374s][info][gc             ] GC(1205) Pause Young (Allocation Failure) 43M->33M(61M) 3.800ms
[2026-06-17T09:56:41.745+0800][50.374s][info][gc,cpu         ] GC(1205) User=0.00s Sys=0.00s Real=0.01s
[2026-06-17T09:56:41.788+0800][50.417s][info][gc,start       ] GC(1206) Pause Young (Allocation Failure)
[2026-06-17T09:56:41.790+0800][50.419s][info][gc,heap        ] GC(1206) DefNew: 19625K(19648K)->2173K(19648K) Eden: 17449K(17472K)->0K(17472K) From: 2175K(2176K)->2173K(2176K)
[2026-06-17T09:56:41.790+0800][50.420s][info][gc,heap        ] GC(1206) Tenured: 31698K(43712K)->38310K(43712K)
[2026-06-17T09:56:41.791+0800][50.420s][info][gc,metaspace   ] GC(1206) Metaspace: 158K(384K)->158K(384K) NonClass: 153K(256K)->153K(256K) Class: 4K(128K)->4K(128K)
[2026-06-17T09:56:41.792+0800][50.421s][info][gc             ] GC(1206) Pause Young (Allocation Failure) 50M->39M(61M) 3.338ms
[2026-06-17T09:56:41.792+0800][50.421s][info][gc,cpu         ] GC(1206) User=0.00s Sys=0.00s Real=0.01s
[2026-06-17T09:56:41.835+0800][50.464s][info][gc,start       ] GC(1207) Pause Young (Allocation Failure)
[2026-06-17T09:56:41.836+0800][50.465s][info][gc             ] GC(1207) Pause Young (Allocation Failure) 56M->56M(61M) 0.746ms
[2026-06-17T09:56:41.836+0800][50.465s][info][gc,cpu         ] GC(1207) User=0.00s Sys=0.00s Real=0.00s
[2026-06-17T09:56:41.837+0800][50.466s][info][gc,start       ] GC(1208) Pause Full (Allocation Failure)
[2026-06-17T09:56:41.837+0800][50.466s][info][gc,phases,start] GC(1208) Phase 1: Mark live objects
[2026-06-17T09:56:41.838+0800][50.467s][info][gc,phases      ] GC(1208) Phase 1: Mark live objects 0.733ms
[2026-06-17T09:56:41.839+0800][50.468s][info][gc,phases,start] GC(1208) Phase 2: Compute new object addresses
[2026-06-17T09:56:41.839+0800][50.468s][info][gc,phases      ] GC(1208) Phase 2: Compute new object addresses 0.590ms
[2026-06-17T09:56:41.840+0800][50.469s][info][gc,phases,start] GC(1208) Phase 3: Adjust pointers
[2026-06-17T09:56:41.840+0800][50.470s][info][gc,phases      ] GC(1208) Phase 3: Adjust pointers 0.746ms
[2026-06-17T09:56:41.841+0800][50.470s][info][gc,phases,start] GC(1208) Phase 4: Move objects
[2026-06-17T09:56:41.843+0800][50.472s][info][gc,phases      ] GC(1208) Phase 4: Move objects 2.027ms
[2026-06-17T09:56:41.844+0800][50.473s][info][gc,heap        ] GC(1208) DefNew: 19602K(19648K)->0K(19648K) Eden: 17429K(17472K)->0K(17472K) From: 2173K(2176K)->0K(2176K)
[2026-06-17T09:56:41.844+0800][50.473s][info][gc,heap        ] GC(1208) Tenured: 38310K(43712K)->26803K(43712K)
[2026-06-17T09:56:41.845+0800][50.474s][info][gc,metaspace   ] GC(1208) Metaspace: 158K(384K)->158K(384K) NonClass: 153K(256K)->153K(256K) Class: 4K(128K)->4K(128K)
[2026-06-17T09:56:41.845+0800][50.474s][info][gc             ] GC(1208) Pause Full (Allocation Failure) 56M->26M(61M) 8.285ms
[2026-06-17T09:56:41.846+0800][50.475s][info][gc,cpu         ] GC(1208) User=0.00s Sys=0.00s Real=0.01s
[2026-06-17T09:56:41.888+0800][50.517s][info][gc,start       ] GC(1209) Pause Young (Allocation Failure)
[2026-06-17T09:56:41.889+0800][50.518s][info][gc,heap        ] GC(1209) DefNew: 17461K(19648K)->2169K(19648K) Eden: 17461K(17472K)->0K(17472K) From: 0K(2176K)->2169K(2176K)
[2026-06-17T09:56:41.890+0800][50.519s][info][gc,heap        ] GC(1209) Tenured: 26803K(43712K)->31815K(43712K)
[2026-06-17T09:56:41.890+0800][50.519s][info][gc,metaspace   ] GC(1209) Metaspace: 158K(384K)->158K(384K) NonClass: 153K(256K)->153K(256K) Class: 4K(128K)->4K(128K)
[2026-06-17T09:56:41.891+0800][50.520s][info][gc             ] GC(1209) Pause Young (Allocation Failure) 43M->33M(61M) 2.763ms
[2026-06-17T09:56:41.891+0800][50.520s][info][gc,cpu         ] GC(1209) User=0.00s Sys=0.00s Real=0.01s
[2026-06-17T09:56:41.944+0800][50.573s][info][gc,start       ] GC(1210) Pause Young (Allocation Failure)
[2026-06-17T09:56:41.945+0800][50.574s][info][gc,heap        ] GC(1210) DefNew: 19641K(19648K)->1981K(19648K) Eden: 17472K(17472K)->0K(17472K) From: 2169K(2176K)->1981K(2176K)
[2026-06-17T09:56:41.945+0800][50.575s][info][gc,heap        ] GC(1210) Tenured: 31815K(43712K)->33622K(43712K)
[2026-06-17T09:56:41.946+0800][50.575s][info][gc,metaspace   ] GC(1210) Metaspace: 158K(384K)->158K(384K) NonClass: 153K(256K)->153K(256K) Class: 4K(128K)->4K(128K)
[2026-06-17T09:56:41.947+0800][50.576s][info][gc             ] GC(1210) Pause Young (Allocation Failure) 50M->34M(61M) 3.144ms
[2026-06-17T09:56:41.947+0800][50.576s][info][gc,cpu         ] GC(1210) User=0.00s Sys=0.00s Real=0.00s
[2026-06-17T09:56:41.990+0800][50.619s][info][gc,start       ] GC(1211) Pause Young (Allocation Failure)
[2026-06-17T09:56:41.991+0800][50.621s][info][gc,heap        ] GC(1211) DefNew: 19453K(19648K)->2058K(19648K) Eden: 17472K(17472K)->0K(17472K) From: 1981K(2176K)->2058K(2176K)
[2026-06-17T09:56:41.992+0800][50.621s][info][gc,heap        ] GC(1211) Tenured: 33622K(43712K)->37300K(43712K)
[2026-06-17T09:56:41.992+0800][50.622s][info][gc,metaspace   ] GC(1211) Metaspace: 158K(384K)->158K(384K) NonClass: 153K(256K)->153K(256K) Class: 4K(128K)->4K(128K)
[2026-06-17T09:56:41.993+0800][50.622s][info][gc             ] GC(1211) Pause Young (Allocation Failure) 51M->38M(61M) 3.019ms
[2026-06-17T09:56:41.993+0800][50.623s][info][gc,cpu         ] GC(1211) User=0.00s Sys=0.00s Real=0.01s
[2026-06-17T09:56:42.036+0800][50.665s][info][gc,start       ] GC(1212) Pause Young (Allocation Failure)
[2026-06-17T09:56:42.037+0800][50.666s][info][gc             ] GC(1212) Pause Young (Allocation Failure) 55M->55M(61M) 0.779ms
[2026-06-17T09:56:42.037+0800][50.667s][info][gc,cpu         ] GC(1212) User=0.00s Sys=0.00s Real=0.00s
[2026-06-17T09:56:42.038+0800][50.667s][info][gc,start       ] GC(1213) Pause Full (Allocation Failure)
[2026-06-17T09:56:42.039+0800][50.668s][info][gc,phases,start] GC(1213) Phase 1: Mark live objects
[2026-06-17T09:56:42.039+0800][50.668s][info][gc,phases      ] GC(1213) Phase 1: Mark live objects 0.789ms
[2026-06-17T09:56:42.040+0800][50.669s][info][gc,phases,start] GC(1213) Phase 2: Compute new object addresses
[2026-06-17T09:56:42.041+0800][50.670s][info][gc,phases      ] GC(1213) Phase 2: Compute new object addresses 0.759ms
[2026-06-17T09:56:42.041+0800][50.670s][info][gc,phases,start] GC(1213) Phase 3: Adjust pointers
[2026-06-17T09:56:42.042+0800][50.671s][info][gc,phases      ] GC(1213) Phase 3: Adjust pointers 0.675ms
[2026-06-17T09:56:42.042+0800][50.671s][info][gc,phases,start] GC(1213) Phase 4: Move objects
[2026-06-17T09:56:42.045+0800][50.674s][info][gc,phases      ] GC(1213) Phase 4: Move objects 2.477ms
[2026-06-17T09:56:42.045+0800][50.674s][info][gc,heap        ] GC(1213) DefNew: 19489K(19648K)->0K(19648K) Eden: 17430K(17472K)->0K(17472K) From: 2058K(2176K)->0K(2176K)
[2026-06-17T09:56:42.046+0800][50.675s][info][gc,heap        ] GC(1213) Tenured: 37300K(43712K)->28616K(43712K)
[2026-06-17T09:56:42.046+0800][50.675s][info][gc,metaspace   ] GC(1213) Metaspace: 158K(384K)->158K(384K) NonClass: 153K(256K)->153K(256K) Class: 4K(128K)->4K(128K)
[2026-06-17T09:56:42.047+0800][50.676s][info][gc             ] GC(1213) Pause Full (Allocation Failure) 55M->27M(61M) 8.531ms
[2026-06-17T09:56:42.047+0800][50.676s][info][gc,cpu         ] GC(1213) User=0.00s Sys=0.00s Real=0.01s
[2026-06-17T09:56:42.089+0800][50.719s][info][gc,start       ] GC(1214) Pause Young (Allocation Failure)
[2026-06-17T09:56:42.091+0800][50.720s][info][gc,heap        ] GC(1214) DefNew: 17443K(19648K)->2172K(19648K) Eden: 17443K(17472K)->0K(17472K) From: 0K(2176K)->2172K(2176K)
[2026-06-17T09:56:42.091+0800][50.721s][info][gc,heap        ] GC(1214) Tenured: 28616K(43712K)->33425K(43712K)
[2026-06-17T09:56:42.092+0800][50.721s][info][gc,metaspace   ] GC(1214) Metaspace: 158K(384K)->158K(384K) NonClass: 153K(256K)->153K(256K) Class: 4K(128K)->4K(128K)
[2026-06-17T09:56:42.092+0800][50.721s][info][gc             ] GC(1214) Pause Young (Allocation Failure) 44M->34M(61M) 2.804ms
[2026-06-17T09:56:42.093+0800][50.722s][info][gc,cpu         ] GC(1214) User=0.01s Sys=0.00s Real=0.01s
[2026-06-17T09:56:42.135+0800][50.764s][info][gc,start       ] GC(1215) Pause Young (Allocation Failure)
[2026-06-17T09:56:42.137+0800][50.766s][info][gc,heap        ] GC(1215) DefNew: 19644K(19648K)->2170K(19648K) Eden: 17472K(17472K)->0K(17472K) From: 2172K(2176K)->2170K(2176K)
[2026-06-17T09:56:42.138+0800][50.767s][info][gc,heap        ] GC(1215) Tenured: 33425K(43712K)->40090K(43712K)
[2026-06-17T09:56:42.138+0800][50.767s][info][gc,metaspace   ] GC(1215) Metaspace: 158K(384K)->158K(384K) NonClass: 153K(256K)->153K(256K) Class: 4K(128K)->4K(128K)
[2026-06-17T09:56:42.138+0800][50.768s][info][gc             ] GC(1215) Pause Young (Allocation Failure) 51M->41M(61M) 3.382ms
[2026-06-17T09:56:42.139+0800][50.768s][info][gc,cpu         ] GC(1215) User=0.00s Sys=0.00s Real=0.00s
[2026-06-17T09:56:42.192+0800][50.821s][info][gc,start       ] GC(1216) Pause Young (Allocation Failure)
[2026-06-17T09:56:42.193+0800][50.822s][info][gc             ] GC(1216) Pause Young (Allocation Failure) 58M->58M(61M) 0.851ms
[2026-06-17T09:56:42.193+0800][50.823s][info][gc,cpu         ] GC(1216) User=0.00s Sys=0.00s Real=0.00s
[2026-06-17T09:56:42.194+0800][50.823s][info][gc,start       ] GC(1217) Pause Full (Allocation Failure)
[2026-06-17T09:56:42.195+0800][50.824s][info][gc,phases,start] GC(1217) Phase 1: Mark live objects
[2026-06-17T09:56:42.196+0800][50.825s][info][gc,phases      ] GC(1217) Phase 1: Mark live objects 1.445ms
[2026-06-17T09:56:42.197+0800][50.826s][info][gc,phases,start] GC(1217) Phase 2: Compute new object addresses
[2026-06-17T09:56:42.198+0800][50.827s][info][gc,phases      ] GC(1217) Phase 2: Compute new object addresses 1.050ms
[2026-06-17T09:56:42.198+0800][50.827s][info][gc,phases,start] GC(1217) Phase 3: Adjust pointers
[2026-06-17T09:56:42.199+0800][50.829s][info][gc,phases      ] GC(1217) Phase 3: Adjust pointers 1.120ms
[2026-06-17T09:56:42.200+0800][50.829s][info][gc,phases,start] GC(1217) Phase 4: Move objects
[2026-06-17T09:56:42.203+0800][50.833s][info][gc,phases      ] GC(1217) Phase 4: Move objects 3.295ms
[2026-06-17T09:56:42.204+0800][50.833s][info][gc,heap        ] GC(1217) DefNew: 19591K(19648K)->0K(19648K) Eden: 17420K(17472K)->0K(17472K) From: 2170K(2176K)->0K(2176K)
[2026-06-17T09:56:42.205+0800][50.834s][info][gc,heap        ] GC(1217) Tenured: 40090K(43712K)->26359K(43712K)
[2026-06-17T09:56:42.206+0800][50.835s][info][gc,metaspace   ] GC(1217) Metaspace: 158K(384K)->158K(384K) NonClass: 153K(256K)->153K(256K) Class: 4K(128K)->4K(128K)
[2026-06-17T09:56:42.208+0800][50.837s][info][gc             ] GC(1217) Pause Full (Allocation Failure) 58M->25M(61M) 14.369ms
[2026-06-17T09:56:42.209+0800][50.838s][info][gc,cpu         ] GC(1217) User=0.01s Sys=0.00s Real=0.01s
[2026-06-17T09:56:42.253+0800][50.882s][info][gc,start       ] GC(1218) Pause Young (Allocation Failure)
[2026-06-17T09:56:42.255+0800][50.884s][info][gc,heap        ] GC(1218) DefNew: 17468K(19648K)->2170K(19648K) Eden: 17468K(17472K)->0K(17472K) From: 0K(2176K)->2170K(2176K)
[2026-06-17T09:56:42.256+0800][50.885s][info][gc,heap        ] GC(1218) Tenured: 26359K(43712K)->31398K(43712K)
[2026-06-17T09:56:42.257+0800][50.886s][info][gc,metaspace   ] GC(1218) Metaspace: 158K(384K)->158K(384K) NonClass: 153K(256K)->153K(256K) Class: 4K(128K)->4K(128K)
[2026-06-17T09:56:42.257+0800][50.886s][info][gc             ] GC(1218) Pause Young (Allocation Failure) 42M->32M(61M) 4.449ms
[2026-06-17T09:56:42.258+0800][50.887s][info][gc,cpu         ] GC(1218) User=0.00s Sys=0.00s Real=0.00s
[2026-06-17T09:56:42.302+0800][50.931s][info][gc,start       ] GC(1219) Pause Young (Allocation Failure)
[2026-06-17T09:56:42.304+0800][50.933s][info][gc,heap        ] GC(1219) DefNew: 19642K(19648K)->2142K(19648K) Eden: 17472K(17472K)->0K(17472K) From: 2170K(2176K)->2142K(2176K)
[2026-06-17T09:56:42.305+0800][50.934s][info][gc,heap        ] GC(1219) Tenured: 31398K(43712K)->36026K(43712K)
[2026-06-17T09:56:42.305+0800][50.934s][info][gc,metaspace   ] GC(1219) Metaspace: 158K(384K)->158K(384K) NonClass: 153K(256K)->153K(256K) Class: 4K(128K)->4K(128K)
[2026-06-17T09:56:42.306+0800][50.935s][info][gc             ] GC(1219) Pause Young (Allocation Failure) 49M->37M(61M) 3.883ms
[2026-06-17T09:56:42.306+0800][50.935s][info][gc,cpu         ] GC(1219) User=0.00s Sys=0.00s Real=0.01s
[2026-06-17T09:56:42.350+0800][50.979s][info][gc,start       ] GC(1220) Pause Young (Allocation Failure)
[2026-06-17T09:56:42.350+0800][50.979s][info][gc             ] GC(1220) Pause Young (Allocation Failure) 54M->54M(61M) 0.628ms
[2026-06-17T09:56:42.351+0800][50.980s][info][gc,cpu         ] GC(1220) User=0.00s Sys=0.00s Real=0.01s
[2026-06-17T09:56:42.351+0800][50.980s][info][gc,start       ] GC(1221) Pause Full (Allocation Failure)
[2026-06-17T09:56:42.352+0800][50.981s][info][gc,phases,start] GC(1221) Phase 1: Mark live objects
[2026-06-17T09:56:42.353+0800][50.982s][info][gc,phases      ] GC(1221) Phase 1: Mark live objects 0.973ms
[2026-06-17T09:56:42.353+0800][50.982s][info][gc,phases,start] GC(1221) Phase 2: Compute new object addresses
[2026-06-17T09:56:42.354+0800][50.983s][info][gc,phases      ] GC(1221) Phase 2: Compute new object addresses 0.739ms
[2026-06-17T09:56:42.354+0800][50.983s][info][gc,phases,start] GC(1221) Phase 3: Adjust pointers
[2026-06-17T09:56:42.355+0800][50.984s][info][gc,phases      ] GC(1221) Phase 3: Adjust pointers 0.761ms
[2026-06-17T09:56:42.356+0800][50.985s][info][gc,phases,start] GC(1221) Phase 4: Move objects
[2026-06-17T09:56:42.358+0800][50.987s][info][gc,phases      ] GC(1221) Phase 4: Move objects 2.489ms
[2026-06-17T09:56:42.359+0800][50.988s][info][gc,heap        ] GC(1221) DefNew: 19614K(19648K)->0K(19648K) Eden: 17472K(17472K)->0K(17472K) From: 2142K(2176K)->0K(2176K)
[2026-06-17T09:56:42.360+0800][50.989s][info][gc,heap        ] GC(1221) Tenured: 36026K(43712K)->26343K(43712K)
[2026-06-17T09:56:42.360+0800][50.989s][info][gc,metaspace   ] GC(1221) Metaspace: 158K(384K)->158K(384K) NonClass: 153K(256K)->153K(256K) Class: 4K(128K)->4K(128K)
[2026-06-17T09:56:42.361+0800][50.990s][info][gc             ] GC(1221) Pause Full (Allocation Failure) 54M->25M(61M) 9.530ms
[2026-06-17T09:56:42.361+0800][50.990s][info][gc,cpu         ] GC(1221) User=0.00s Sys=0.00s Real=0.00s
[2026-06-17T09:56:42.404+0800][51.033s][info][gc,start       ] GC(1222) Pause Young (Allocation Failure)
[2026-06-17T09:56:42.407+0800][51.036s][info][gc,heap        ] GC(1222) DefNew: 17451K(19648K)->2173K(19648K) Eden: 17451K(17472K)->0K(17472K) From: 0K(2176K)->2173K(2176K)
[2026-06-17T09:56:42.407+0800][51.036s][info][gc,heap        ] GC(1222) Tenured: 26343K(43712K)->31419K(43712K)
[2026-06-17T09:56:42.408+0800][51.037s][info][gc,metaspace   ] GC(1222) Metaspace: 158K(384K)->158K(384K) NonClass: 153K(256K)->153K(256K) Class: 4K(128K)->4K(128K)
[2026-06-17T09:56:42.409+0800][51.038s][info][gc             ] GC(1222) Pause Young (Allocation Failure) 42M->32M(61M) 4.348ms
[2026-06-17T09:56:42.409+0800][51.038s][info][gc,cpu         ] GC(1222) User=0.00s Sys=0.00s Real=0.00s
[2026-06-17T09:56:42.463+0800][51.092s][info][gc,start       ] GC(1223) Pause Young (Allocation Failure)
[2026-06-17T09:56:42.464+0800][51.093s][info][gc,heap        ] GC(1223) DefNew: 19644K(19648K)->2170K(19648K) Eden: 17470K(17472K)->0K(17472K) From: 2173K(2176K)->2170K(2176K)
[2026-06-17T09:56:42.465+0800][51.094s][info][gc,heap        ] GC(1223) Tenured: 31419K(43712K)->32827K(43712K)
[2026-06-17T09:56:42.466+0800][51.095s][info][gc,metaspace   ] GC(1223) Metaspace: 158K(384K)->158K(384K) NonClass: 153K(256K)->153K(256K) Class: 4K(128K)->4K(128K)
[2026-06-17T09:56:42.466+0800][51.095s][info][gc             ] GC(1223) Pause Young (Allocation Failure) 49M->34M(61M) 3.445ms
[2026-06-17T09:56:42.467+0800][51.096s][info][gc,cpu         ] GC(1223) User=0.00s Sys=0.00s Real=0.00s
[2026-06-17T09:56:42.511+0800][51.140s][info][gc,start       ] GC(1224) Pause Young (Allocation Failure)
[2026-06-17T09:56:42.513+0800][51.142s][info][gc,heap        ] GC(1224) DefNew: 19613K(19648K)->2105K(19648K) Eden: 17443K(17472K)->0K(17472K) From: 2170K(2176K)->2105K(2176K)
[2026-06-17T09:56:42.514+0800][51.143s][info][gc,heap        ] GC(1224) Tenured: 32827K(43712K)->36147K(43712K)
[2026-06-17T09:56:42.515+0800][51.145s][info][gc,metaspace   ] GC(1224) Metaspace: 158K(384K)->158K(384K) NonClass: 153K(256K)->153K(256K) Class: 4K(128K)->4K(128K)
[2026-06-17T09:56:42.516+0800][51.145s][info][gc             ] GC(1224) Pause Young (Allocation Failure) 51M->37M(61M) 5.529ms
[2026-06-17T09:56:42.518+0800][51.147s][info][gc,cpu         ] GC(1224) User=0.00s Sys=0.00s Real=0.00s
[2026-06-17T09:56:42.562+0800][51.191s][info][gc,start       ] GC(1225) Pause Young (Allocation Failure)
[2026-06-17T09:56:42.563+0800][51.192s][info][gc             ] GC(1225) Pause Young (Allocation Failure) 54M->54M(61M) 1.210ms
[2026-06-17T09:56:42.564+0800][51.193s][info][gc,cpu         ] GC(1225) User=0.00s Sys=0.00s Real=0.01s
[2026-06-17T09:56:42.565+0800][51.194s][info][gc,start       ] GC(1226) Pause Full (Allocation Failure)
[2026-06-17T09:56:42.566+0800][51.195s][info][gc,phases,start] GC(1226) Phase 1: Mark live objects
[2026-06-17T09:56:42.568+0800][51.197s][info][gc,phases      ] GC(1226) Phase 1: Mark live objects 1.654ms
[2026-06-17T09:56:42.569+0800][51.198s][info][gc,phases,start] GC(1226) Phase 2: Compute new object addresses
[2026-06-17T09:56:42.570+0800][51.199s][info][gc,phases      ] GC(1226) Phase 2: Compute new object addresses 1.469ms
[2026-06-17T09:56:42.572+0800][51.201s][info][gc,phases,start] GC(1226) Phase 3: Adjust pointers
[2026-06-17T09:56:42.574+0800][51.203s][info][gc,phases      ] GC(1226) Phase 3: Adjust pointers 1.667ms
[2026-06-17T09:56:42.575+0800][51.204s][info][gc,phases,start] GC(1226) Phase 4: Move objects
[2026-06-17T09:56:42.580+0800][51.209s][info][gc,phases      ] GC(1226) Phase 4: Move objects 4.849ms
[2026-06-17T09:56:42.581+0800][51.210s][info][gc,heap        ] GC(1226) DefNew: 19528K(19648K)->0K(19648K) Eden: 17423K(17472K)->0K(17472K) From: 2105K(2176K)->0K(2176K)
[2026-06-17T09:56:42.582+0800][51.211s][info][gc,heap        ] GC(1226) Tenured: 36147K(43712K)->21894K(43712K)
[2026-06-17T09:56:42.582+0800][51.212s][info][gc,metaspace   ] GC(1226) Metaspace: 158K(384K)->158K(384K) NonClass: 153K(256K)->153K(256K) Class: 4K(128K)->4K(128K)
[2026-06-17T09:56:42.583+0800][51.213s][info][gc             ] GC(1226) Pause Full (Allocation Failure) 54M->21M(61M) 18.177ms
[2026-06-17T09:56:42.584+0800][51.213s][info][gc,cpu         ] GC(1226) User=0.01s Sys=0.00s Real=0.02s
[2026-06-17T09:56:42.629+0800][51.258s][info][gc,start       ] GC(1227) Pause Young (Allocation Failure)
[2026-06-17T09:56:42.631+0800][51.260s][info][gc,heap        ] GC(1227) DefNew: 17472K(19648K)->2171K(19648K) Eden: 17472K(17472K)->0K(17472K) From: 0K(2176K)->2171K(2176K)
[2026-06-17T09:56:42.632+0800][51.261s][info][gc,heap        ] GC(1227) Tenured: 21894K(43712K)->26845K(43712K)
[2026-06-17T09:56:42.633+0800][51.262s][info][gc,metaspace   ] GC(1227) Metaspace: 158K(384K)->158K(384K) NonClass: 153K(256K)->153K(256K) Class: 4K(128K)->4K(128K)
[2026-06-17T09:56:42.633+0800][51.263s][info][gc             ] GC(1227) Pause Young (Allocation Failure) 38M->28M(61M) 4.947ms
[2026-06-17T09:56:42.634+0800][51.263s][info][gc,cpu         ] GC(1227) User=0.00s Sys=0.00s Real=0.01s
[2026-06-17T09:56:42.677+0800][51.306s][info][gc,start       ] GC(1228) Pause Young (Allocation Failure)
[2026-06-17T09:56:42.680+0800][51.309s][info][gc,heap        ] GC(1228) DefNew: 19641K(19648K)->2158K(19648K) Eden: 17469K(17472K)->0K(17472K) From: 2171K(2176K)->2158K(2176K)
[2026-06-17T09:56:42.681+0800][51.310s][info][gc,heap        ] GC(1228) Tenured: 26845K(43712K)->33149K(43712K)
[2026-06-17T09:56:42.682+0800][51.311s][info][gc,metaspace   ] GC(1228) Metaspace: 158K(384K)->158K(384K) NonClass: 153K(256K)->153K(256K) Class: 4K(128K)->4K(128K)
[2026-06-17T09:56:42.683+0800][51.312s][info][gc             ] GC(1228) Pause Young (Allocation Failure) 45M->34M(61M) 5.551ms
[2026-06-17T09:56:42.684+0800][51.313s][info][gc,cpu         ] GC(1228) User=0.01s Sys=0.00s Real=0.01s
[2026-06-17T09:56:42.726+0800][51.356s][info][gc,start       ] GC(1229) Pause Young (Allocation Failure)
[2026-06-17T09:56:42.727+0800][51.356s][info][gc,heap        ] GC(1229) DefNew: 18741K(19648K)->1433K(19648K) Eden: 16583K(17472K)->0K(17472K) From: 2158K(2176K)->1433K(2176K)
[2026-06-17T09:56:42.728+0800][51.357s][info][gc,heap        ] GC(1229) Tenured: 33149K(43712K)->33149K(43712K)
[2026-06-17T09:56:42.728+0800][51.357s][info][gc,metaspace   ] GC(1229) Metaspace: 158K(384K)->158K(384K) NonClass: 153K(256K)->153K(256K) Class: 4K(128K)->4K(128K)
[2026-06-17T09:56:42.728+0800][51.358s][info][gc             ] GC(1229) Pause Young (Allocation Failure) 50M->33M(61M) 1.926ms
[2026-06-17T09:56:42.729+0800][51.358s][info][gc,cpu         ] GC(1229) User=0.00s Sys=0.00s Real=0.00s
[2026-06-17T09:56:42.771+0800][51.400s][info][gc,start       ] GC(1230) Pause Young (Allocation Failure)
[2026-06-17T09:56:42.772+0800][51.401s][info][gc,heap        ] GC(1230) DefNew: 18839K(19648K)->2036K(19648K) Eden: 17406K(17472K)->0K(17472K) From: 1433K(2176K)->2036K(2176K)
[2026-06-17T09:56:42.773+0800][51.402s][info][gc,heap        ] GC(1230) Tenured: 33149K(43712K)->36147K(43712K)
[2026-06-17T09:56:42.773+0800][51.402s][info][gc,metaspace   ] GC(1230) Metaspace: 158K(384K)->158K(384K) NonClass: 153K(256K)->153K(256K) Class: 4K(128K)->4K(128K)
[2026-06-17T09:56:42.774+0800][51.403s][info][gc             ] GC(1230) Pause Young (Allocation Failure) 50M->37M(61M) 2.737ms
[2026-06-17T09:56:42.774+0800][51.403s][info][gc,cpu         ] GC(1230) User=0.00s Sys=0.00s Real=0.00s
[2026-06-17T09:56:42.816+0800][51.446s][info][gc,start       ] GC(1231) Pause Young (Allocation Failure)
[2026-06-17T09:56:42.817+0800][51.446s][info][gc             ] GC(1231) Pause Young (Allocation Failure) 54M->54M(61M) 0.734ms
[2026-06-17T09:56:42.817+0800][51.447s][info][gc,cpu         ] GC(1231) User=0.00s Sys=0.00s Real=0.00s
[2026-06-17T09:56:42.818+0800][51.447s][info][gc,start       ] GC(1232) Pause Full (Allocation Failure)
[2026-06-17T09:56:42.818+0800][51.447s][info][gc,phases,start] GC(1232) Phase 1: Mark live objects
[2026-06-17T09:56:42.819+0800][51.448s][info][gc,phases      ] GC(1232) Phase 1: Mark live objects 0.653ms
[2026-06-17T09:56:42.819+0800][51.449s][info][gc,phases,start] GC(1232) Phase 2: Compute new object addresses
[2026-06-17T09:56:42.820+0800][51.449s][info][gc,phases      ] GC(1232) Phase 2: Compute new object addresses 0.600ms
[2026-06-17T09:56:42.820+0800][51.450s][info][gc,phases,start] GC(1232) Phase 3: Adjust pointers
[2026-06-17T09:56:42.821+0800][51.450s][info][gc,phases      ] GC(1232) Phase 3: Adjust pointers 0.595ms
[2026-06-17T09:56:42.822+0800][51.451s][info][gc,phases,start] GC(1232) Phase 4: Move objects
[2026-06-17T09:56:42.824+0800][51.453s][info][gc,phases      ] GC(1232) Phase 4: Move objects 2.434ms
[2026-06-17T09:56:42.825+0800][51.454s][info][gc,heap        ] GC(1232) DefNew: 19489K(19648K)->0K(19648K) Eden: 17453K(17472K)->0K(17472K) From: 2036K(2176K)->0K(2176K)
[2026-06-17T09:56:42.825+0800][51.454s][info][gc,heap        ] GC(1232) Tenured: 36147K(43712K)->31165K(43712K)
[2026-06-17T09:56:42.825+0800][51.455s][info][gc,metaspace   ] GC(1232) Metaspace: 158K(384K)->158K(384K) NonClass: 153K(256K)->153K(256K) Class: 4K(128K)->4K(128K)
[2026-06-17T09:56:42.826+0800][51.455s][info][gc             ] GC(1232) Pause Full (Allocation Failure) 54M->30M(61M) 8.018ms
[2026-06-17T09:56:42.826+0800][51.455s][info][gc,cpu         ] GC(1232) User=0.01s Sys=0.00s Real=0.01s
[2026-06-17T09:56:42.879+0800][51.508s][info][gc,start       ] GC(1233) Pause Young (Allocation Failure)
[2026-06-17T09:56:42.880+0800][51.509s][info][gc,heap        ] GC(1233) DefNew: 17447K(19648K)->2103K(19648K) Eden: 17447K(17472K)->0K(17472K) From: 0K(2176K)->2103K(2176K)
[2026-06-17T09:56:42.880+0800][51.509s][info][gc,heap        ] GC(1233) Tenured: 31165K(43712K)->32591K(43712K)
[2026-06-17T09:56:42.880+0800][51.510s][info][gc,metaspace   ] GC(1233) Metaspace: 158K(384K)->158K(384K) NonClass: 153K(256K)->153K(256K) Class: 4K(128K)->4K(128K)
[2026-06-17T09:56:42.881+0800][51.510s][info][gc             ] GC(1233) Pause Young (Allocation Failure) 47M->33M(61M) 1.981ms
[2026-06-17T09:56:42.881+0800][51.510s][info][gc,cpu         ] GC(1233) User=0.00s Sys=0.00s Real=0.00s
[2026-06-17T09:56:42.924+0800][51.553s][info][gc,start       ] GC(1234) Pause Young (Allocation Failure)
[2026-06-17T09:56:42.926+0800][51.555s][info][gc,heap        ] GC(1234) DefNew: 19548K(19648K)->2116K(19648K) Eden: 17445K(17472K)->0K(17472K) From: 2103K(2176K)->2116K(2176K)
[2026-06-17T09:56:42.927+0800][51.556s][info][gc,heap        ] GC(1234) Tenured: 32591K(43712K)->36235K(43712K)
[2026-06-17T09:56:42.927+0800][51.556s][info][gc,metaspace   ] GC(1234) Metaspace: 158K(384K)->158K(384K) NonClass: 153K(256K)->153K(256K) Class: 4K(128K)->4K(128K)
[2026-06-17T09:56:42.928+0800][51.557s][info][gc             ] GC(1234) Pause Young (Allocation Failure) 50M->37M(61M) 4.119ms
[2026-06-17T09:56:42.929+0800][51.558s][info][gc,cpu         ] GC(1234) User=0.00s Sys=0.00s Real=0.00s
[2026-06-17T09:56:42.973+0800][51.602s][info][gc,start       ] GC(1235) Pause Young (Allocation Failure)
[2026-06-17T09:56:42.975+0800][51.604s][info][gc,heap        ] GC(1235) DefNew: 19588K(19648K)->2170K(19648K) Eden: 17472K(17472K)->0K(17472K) From: 2116K(2176K)->2170K(2176K)
[2026-06-17T09:56:42.975+0800][51.604s][info][gc,heap        ] GC(1235) Tenured: 36235K(43712K)->40142K(43712K)
[2026-06-17T09:56:42.976+0800][51.605s][info][gc,metaspace   ] GC(1235) Metaspace: 158K(384K)->158K(384K) NonClass: 153K(256K)->153K(256K) Class: 4K(128K)->4K(128K)
[2026-06-17T09:56:42.976+0800][51.605s][info][gc             ] GC(1235) Pause Young (Allocation Failure) 54M->41M(61M) 2.909ms
[2026-06-17T09:56:42.976+0800][51.606s][info][gc,cpu         ] GC(1235) User=0.01s Sys=0.00s Real=0.00s
[2026-06-17T09:56:43.019+0800][51.648s][info][gc,start       ] GC(1236) Pause Young (Allocation Failure)
[2026-06-17T09:56:43.019+0800][51.648s][info][gc             ] GC(1236) Pause Young (Allocation Failure) 58M->58M(61M) 0.313ms
[2026-06-17T09:56:43.019+0800][51.648s][info][gc,cpu         ] GC(1236) User=0.00s Sys=0.00s Real=0.00s
[2026-06-17T09:56:43.019+0800][51.648s][info][gc,start       ] GC(1237) Pause Full (Allocation Failure)
[2026-06-17T09:56:43.019+0800][51.649s][info][gc,phases,start] GC(1237) Phase 1: Mark live objects
[2026-06-17T09:56:43.020+0800][51.649s][info][gc,phases      ] GC(1237) Phase 1: Mark live objects 0.434ms
[2026-06-17T09:56:43.020+0800][51.649s][info][gc,phases,start] GC(1237) Phase 2: Compute new object addresses
[2026-06-17T09:56:43.020+0800][51.649s][info][gc,phases      ] GC(1237) Phase 2: Compute new object addresses 0.301ms
[2026-06-17T09:56:43.021+0800][51.650s][info][gc,phases,start] GC(1237) Phase 3: Adjust pointers
[2026-06-17T09:56:43.021+0800][51.650s][info][gc,phases      ] GC(1237) Phase 3: Adjust pointers 0.311ms
[2026-06-17T09:56:43.021+0800][51.651s][info][gc,phases,start] GC(1237) Phase 4: Move objects
[2026-06-17T09:56:43.024+0800][51.653s][info][gc,phases      ] GC(1237) Phase 4: Move objects 2.162ms
[2026-06-17T09:56:43.024+0800][51.653s][info][gc,heap        ] GC(1237) DefNew: 19605K(19648K)->0K(19648K) Eden: 17435K(17472K)->0K(17472K) From: 2170K(2176K)->0K(2176K)
[2026-06-17T09:56:43.024+0800][51.653s][info][gc,heap        ] GC(1237) Tenured: 40142K(43712K)->31868K(43712K)
[2026-06-17T09:56:43.024+0800][51.653s][info][gc,metaspace   ] GC(1237) Metaspace: 158K(384K)->158K(384K) NonClass: 153K(256K)->153K(256K) Class: 4K(128K)->4K(128K)
[2026-06-17T09:56:43.024+0800][51.654s][info][gc             ] GC(1237) Pause Full (Allocation Failure) 58M->31M(61M) 5.153ms
[2026-06-17T09:56:43.025+0800][51.654s][info][gc,cpu         ] GC(1237) User=0.00s Sys=0.00s Real=0.01s
[2026-06-17T09:56:43.067+0800][51.696s][info][gc,start       ] GC(1238) Pause Young (Allocation Failure)
[2026-06-17T09:56:43.070+0800][51.699s][info][gc,heap        ] GC(1238) DefNew: 17471K(19648K)->2175K(19648K) Eden: 17471K(17472K)->0K(17472K) From: 0K(2176K)->2175K(2176K)
[2026-06-17T09:56:43.070+0800][51.699s][info][gc,heap        ] GC(1238) Tenured: 31868K(43712K)->36411K(43712K)
[2026-06-17T09:56:43.070+0800][51.699s][info][gc,metaspace   ] GC(1238) Metaspace: 158K(384K)->158K(384K) NonClass: 153K(256K)->153K(256K) Class: 4K(128K)->4K(128K)
[2026-06-17T09:56:43.071+0800][51.700s][info][gc             ] GC(1238) Pause Young (Allocation Failure) 48M->37M(61M) 3.295ms
[2026-06-17T09:56:43.071+0800][51.700s][info][gc,cpu         ] GC(1238) User=0.00s Sys=0.00s Real=0.01s
[2026-06-17T09:56:43.125+0800][51.754s][info][gc,start       ] GC(1239) Pause Young (Allocation Failure)
[2026-06-17T09:56:43.125+0800][51.754s][info][gc             ] GC(1239) Pause Young (Allocation Failure) 54M->54M(61M) 0.617ms
[2026-06-17T09:56:43.126+0800][51.755s][info][gc,cpu         ] GC(1239) User=0.00s Sys=0.00s Real=0.00s
[2026-06-17T09:56:43.126+0800][51.755s][info][gc,start       ] GC(1240) Pause Full (Allocation Failure)
[2026-06-17T09:56:43.126+0800][51.756s][info][gc,phases,start] GC(1240) Phase 1: Mark live objects
[2026-06-17T09:56:43.127+0800][51.757s][info][gc,phases      ] GC(1240) Phase 1: Mark live objects 1.093ms
[2026-06-17T09:56:43.128+0800][51.757s][info][gc,phases,start] GC(1240) Phase 2: Compute new object addresses
[2026-06-17T09:56:43.129+0800][51.758s][info][gc,phases      ] GC(1240) Phase 2: Compute new object addresses 1.096ms
[2026-06-17T09:56:43.129+0800][51.758s][info][gc,phases,start] GC(1240) Phase 3: Adjust pointers
[2026-06-17T09:56:43.130+0800][51.759s][info][gc,phases      ] GC(1240) Phase 3: Adjust pointers 0.798ms
[2026-06-17T09:56:43.131+0800][51.760s][info][gc,phases,start] GC(1240) Phase 4: Move objects
[2026-06-17T09:56:43.133+0800][51.762s][info][gc,phases      ] GC(1240) Phase 4: Move objects 2.618ms
[2026-06-17T09:56:43.134+0800][51.763s][info][gc,heap        ] GC(1240) DefNew: 19647K(19648K)->0K(19648K) Eden: 17472K(17472K)->0K(17472K) From: 2175K(2176K)->0K(2176K)
[2026-06-17T09:56:43.134+0800][51.763s][info][gc,heap        ] GC(1240) Tenured: 36411K(43712K)->22954K(43712K)
[2026-06-17T09:56:43.134+0800][51.764s][info][gc,metaspace   ] GC(1240) Metaspace: 158K(384K)->158K(384K) NonClass: 153K(256K)->153K(256K) Class: 4K(128K)->4K(128K)
[2026-06-17T09:56:43.135+0800][51.764s][info][gc             ] GC(1240) Pause Full (Allocation Failure) 54M->22M(61M) 8.808ms
[2026-06-17T09:56:43.135+0800][51.764s][info][gc,cpu         ] GC(1240) User=0.00s Sys=0.00s Real=0.01s
[2026-06-17T09:56:43.178+0800][51.808s][info][gc,start       ] GC(1241) Pause Young (Allocation Failure)
[2026-06-17T09:56:43.181+0800][51.810s][info][gc,heap        ] GC(1241) DefNew: 17459K(19648K)->2175K(19648K) Eden: 17459K(17472K)->0K(17472K) From: 0K(2176K)->2175K(2176K)
[2026-06-17T09:56:43.181+0800][51.810s][info][gc,heap        ] GC(1241) Tenured: 22954K(43712K)->27901K(43712K)
[2026-06-17T09:56:43.181+0800][51.810s][info][gc,metaspace   ] GC(1241) Metaspace: 158K(384K)->158K(384K) NonClass: 153K(256K)->153K(256K) Class: 4K(128K)->4K(128K)
[2026-06-17T09:56:43.182+0800][51.811s][info][gc             ] GC(1241) Pause Young (Allocation Failure) 39M->29M(61M) 3.091ms
[2026-06-17T09:56:43.185+0800][51.814s][info][gc,cpu         ] GC(1241) User=0.00s Sys=0.00s Real=0.01s
[2026-06-17T09:56:43.229+0800][51.859s][info][gc,start       ] GC(1242) Pause Young (Allocation Failure)
[2026-06-17T09:56:43.232+0800][51.861s][info][gc,heap        ] GC(1242) DefNew: 19608K(19648K)->2170K(19648K) Eden: 17432K(17472K)->0K(17472K) From: 2175K(2176K)->2170K(2176K)
[2026-06-17T09:56:43.233+0800][51.862s][info][gc,heap        ] GC(1242) Tenured: 27901K(43712K)->35220K(43712K)
[2026-06-17T09:56:43.233+0800][51.862s][info][gc,metaspace   ] GC(1242) Metaspace: 158K(384K)->158K(384K) NonClass: 153K(256K)->153K(256K) Class: 4K(128K)->4K(128K)
[2026-06-17T09:56:43.233+0800][51.863s][info][gc             ] GC(1242) Pause Young (Allocation Failure) 46M->36M(61M) 4.044ms
[2026-06-17T09:56:43.234+0800][51.863s][info][gc,cpu         ] GC(1242) User=0.00s Sys=0.00s Real=0.01s
[2026-06-17T09:56:43.276+0800][51.905s][info][gc,start       ] GC(1243) Pause Young (Allocation Failure)
[2026-06-17T09:56:43.277+0800][51.906s][info][gc             ] GC(1243) Pause Young (Allocation Failure) 53M->53M(61M) 0.532ms
[2026-06-17T09:56:43.277+0800][51.906s][info][gc,cpu         ] GC(1243) User=0.00s Sys=0.00s Real=0.00s
[2026-06-17T09:56:43.277+0800][51.907s][info][gc,start       ] GC(1244) Pause Full (Allocation Failure)
[2026-06-17T09:56:43.278+0800][51.907s][info][gc,phases,start] GC(1244) Phase 1: Mark live objects
[2026-06-17T09:56:43.278+0800][51.908s][info][gc,phases      ] GC(1244) Phase 1: Mark live objects 0.749ms
[2026-06-17T09:56:43.279+0800][51.908s][info][gc,phases,start] GC(1244) Phase 2: Compute new object addresses
[2026-06-17T09:56:43.279+0800][51.908s][info][gc,phases      ] GC(1244) Phase 2: Compute new object addresses 0.466ms
[2026-06-17T09:56:43.280+0800][51.909s][info][gc,phases,start] GC(1244) Phase 3: Adjust pointers
[2026-06-17T09:56:43.280+0800][51.909s][info][gc,phases      ] GC(1244) Phase 3: Adjust pointers 0.604ms
[2026-06-17T09:56:43.280+0800][51.910s][info][gc,phases,start] GC(1244) Phase 4: Move objects
[2026-06-17T09:56:43.282+0800][51.911s][info][gc,phases      ] GC(1244) Phase 4: Move objects 1.614ms
[2026-06-17T09:56:43.282+0800][51.911s][info][gc,heap        ] GC(1244) DefNew: 19569K(19648K)->0K(19648K) Eden: 17399K(17472K)->0K(17472K) From: 2170K(2176K)->0K(2176K)
[2026-06-17T09:56:43.282+0800][51.912s][info][gc,heap        ] GC(1244) Tenured: 35220K(43712K)->21317K(43712K)
[2026-06-17T09:56:43.282+0800][51.912s][info][gc,metaspace   ] GC(1244) Metaspace: 158K(384K)->158K(384K) NonClass: 153K(256K)->153K(256K) Class: 4K(128K)->4K(128K)
[2026-06-17T09:56:43.283+0800][51.912s][info][gc             ] GC(1244) Pause Full (Allocation Failure) 53M->20M(61M) 5.166ms
[2026-06-17T09:56:43.283+0800][51.912s][info][gc,cpu         ] GC(1244) User=0.00s Sys=0.00s Real=0.01s
[2026-06-17T09:56:43.336+0800][51.965s][info][gc,start       ] GC(1245) Pause Young (Allocation Failure)
[2026-06-17T09:56:43.337+0800][51.966s][info][gc,heap        ] GC(1245) DefNew: 17455K(19648K)->2066K(19648K) Eden: 17455K(17472K)->0K(17472K) From: 0K(2176K)->2066K(2176K)
[2026-06-17T09:56:43.338+0800][51.967s][info][gc,heap        ] GC(1245) Tenured: 21317K(43712K)->23031K(43712K)
[2026-06-17T09:56:43.339+0800][51.968s][info][gc,metaspace   ] GC(1245) Metaspace: 158K(384K)->158K(384K) NonClass: 153K(256K)->153K(256K) Class: 4K(128K)->4K(128K)
[2026-06-17T09:56:43.339+0800][51.968s][info][gc             ] GC(1245) Pause Young (Allocation Failure) 37M->24M(61M) 3.497ms
[2026-06-17T09:56:43.340+0800][51.969s][info][gc,cpu         ] GC(1245) User=0.01s Sys=0.00s Real=0.00s
[2026-06-17T09:56:43.383+0800][52.012s][info][gc,start       ] GC(1246) Pause Young (Allocation Failure)
[2026-06-17T09:56:43.386+0800][52.015s][info][gc,heap        ] GC(1246) DefNew: 19538K(19648K)->2174K(19648K) Eden: 17472K(17472K)->0K(17472K) From: 2066K(2176K)->2174K(2176K)
[2026-06-17T09:56:43.387+0800][52.016s][info][gc,heap        ] GC(1246) Tenured: 23031K(43712K)->26359K(43712K)
[2026-06-17T09:56:43.388+0800][52.017s][info][gc,metaspace   ] GC(1246) Metaspace: 158K(384K)->158K(384K) NonClass: 153K(256K)->153K(256K) Class: 4K(128K)->4K(128K)
[2026-06-17T09:56:43.388+0800][52.017s][info][gc             ] GC(1246) Pause Young (Allocation Failure) 41M->27M(61M) 5.085ms
[2026-06-17T09:56:43.389+0800][52.018s][info][gc,cpu         ] GC(1246) User=0.00s Sys=0.00s Real=0.00s
[2026-06-17T09:56:43.422+0800][52.051s][info][gc,start       ] GC(1247) Pause Young (Allocation Failure)
[2026-06-17T09:56:43.424+0800][52.053s][info][gc,heap        ] GC(1247) DefNew: 19424K(19648K)->2053K(19648K) Eden: 17249K(17472K)->0K(17472K) From: 2174K(2176K)->2053K(2176K)
[2026-06-17T09:56:43.424+0800][52.053s][info][gc,heap        ] GC(1247) Tenured: 26359K(43712K)->29689K(43712K)
[2026-06-17T09:56:43.424+0800][52.053s][info][gc,metaspace   ] GC(1247) Metaspace: 158K(384K)->158K(384K) NonClass: 153K(256K)->153K(256K) Class: 4K(128K)->4K(128K)
[2026-06-17T09:56:43.425+0800][52.054s][info][gc             ] GC(1247) Pause Young (Allocation Failure) 44M->30M(61M) 2.670ms
[2026-06-17T09:56:43.425+0800][52.054s][info][gc,cpu         ] GC(1247) User=0.00s Sys=0.00s Real=0.01s
[2026-06-17T09:56:43.478+0800][52.107s][info][gc,start       ] GC(1248) Pause Young (Allocation Failure)
[2026-06-17T09:56:43.480+0800][52.109s][info][gc,heap        ] GC(1248) DefNew: 19525K(19648K)->2142K(19648K) Eden: 17472K(17472K)->0K(17472K) From: 2053K(2176K)->2142K(2176K)
[2026-06-17T09:56:43.481+0800][52.110s][info][gc,heap        ] GC(1248) Tenured: 29689K(43712K)->33495K(43712K)
[2026-06-17T09:56:43.481+0800][52.110s][info][gc,metaspace   ] GC(1248) Metaspace: 158K(384K)->158K(384K) NonClass: 153K(256K)->153K(256K) Class: 4K(128K)->4K(128K)
[2026-06-17T09:56:43.482+0800][52.111s][info][gc             ] GC(1248) Pause Young (Allocation Failure) 48M->34M(61M) 3.454ms
[2026-06-17T09:56:43.482+0800][52.111s][info][gc,cpu         ] GC(1248) User=0.01s Sys=0.00s Real=0.00s
[2026-06-17T09:56:43.526+0800][52.155s][info][gc,start       ] GC(1249) Pause Young (Allocation Failure)
[2026-06-17T09:56:43.528+0800][52.157s][info][gc,heap        ] GC(1249) DefNew: 19568K(19648K)->2158K(19648K) Eden: 17425K(17472K)->0K(17472K) From: 2142K(2176K)->2158K(2176K)
[2026-06-17T09:56:43.528+0800][52.158s][info][gc,heap        ] GC(1249) Tenured: 33495K(43712K)->37069K(43712K)
[2026-06-17T09:56:43.529+0800][52.158s][info][gc,metaspace   ] GC(1249) Metaspace: 158K(384K)->158K(384K) NonClass: 153K(256K)->153K(256K) Class: 4K(128K)->4K(128K)
[2026-06-17T09:56:43.530+0800][52.159s][info][gc             ] GC(1249) Pause Young (Allocation Failure) 51M->38M(61M) 3.841ms
[2026-06-17T09:56:43.530+0800][52.159s][info][gc,cpu         ] GC(1249) User=0.00s Sys=0.00s Real=0.00s
[2026-06-17T09:56:43.575+0800][52.204s][info][gc,start       ] GC(1250) Pause Young (Allocation Failure)
[2026-06-17T09:56:43.576+0800][52.205s][info][gc             ] GC(1250) Pause Young (Allocation Failure) 55M->55M(61M) 0.980ms
[2026-06-17T09:56:43.576+0800][52.206s][info][gc,cpu         ] GC(1250) User=0.00s Sys=0.00s Real=0.00s
[2026-06-17T09:56:43.577+0800][52.206s][info][gc,start       ] GC(1251) Pause Full (Allocation Failure)
[2026-06-17T09:56:43.578+0800][52.207s][info][gc,phases,start] GC(1251) Phase 1: Mark live objects
[2026-06-17T09:56:43.579+0800][52.209s][info][gc,phases      ] GC(1251) Phase 1: Mark live objects 1.413ms
[2026-06-17T09:56:43.580+0800][52.209s][info][gc,phases,start] GC(1251) Phase 2: Compute new object addresses
[2026-06-17T09:56:43.581+0800][52.210s][info][gc,phases      ] GC(1251) Phase 2: Compute new object addresses 0.978ms
[2026-06-17T09:56:43.581+0800][52.211s][info][gc,phases,start] GC(1251) Phase 3: Adjust pointers
[2026-06-17T09:56:43.583+0800][52.212s][info][gc,phases      ] GC(1251) Phase 3: Adjust pointers 1.082ms
[2026-06-17T09:56:43.583+0800][52.212s][info][gc,phases,start] GC(1251) Phase 4: Move objects
[2026-06-17T09:56:43.588+0800][52.217s][info][gc,phases      ] GC(1251) Phase 4: Move objects 4.625ms
[2026-06-17T09:56:43.588+0800][52.217s][info][gc,heap        ] GC(1251) DefNew: 19630K(19648K)->0K(19648K) Eden: 17472K(17472K)->0K(17472K) From: 2158K(2176K)->0K(2176K)
[2026-06-17T09:56:43.589+0800][52.218s][info][gc,heap        ] GC(1251) Tenured: 37069K(43712K)->28669K(43712K)
[2026-06-17T09:56:43.589+0800][52.218s][info][gc,metaspace   ] GC(1251) Metaspace: 158K(384K)->158K(384K) NonClass: 153K(256K)->153K(256K) Class: 4K(128K)->4K(128K)
[2026-06-17T09:56:43.590+0800][52.219s][info][gc             ] GC(1251) Pause Full (Allocation Failure) 55M->27M(61M) 12.399ms
[2026-06-17T09:56:43.590+0800][52.219s][info][gc,cpu         ] GC(1251) User=0.01s Sys=0.00s Real=0.01s
[2026-06-17T09:56:43.634+0800][52.263s][info][gc,start       ] GC(1252) Pause Young (Allocation Failure)
[2026-06-17T09:56:43.637+0800][52.266s][info][gc,heap        ] GC(1252) DefNew: 17460K(19648K)->2169K(19648K) Eden: 17460K(17472K)->0K(17472K) From: 0K(2176K)->2169K(2176K)
[2026-06-17T09:56:43.638+0800][52.267s][info][gc,heap        ] GC(1252) Tenured: 28669K(43712K)->33112K(43712K)
[2026-06-17T09:56:43.638+0800][52.267s][info][gc,metaspace   ] GC(1252) Metaspace: 158K(384K)->158K(384K) NonClass: 153K(256K)->153K(256K) Class: 4K(128K)->4K(128K)
[2026-06-17T09:56:43.639+0800][52.268s][info][gc             ] GC(1252) Pause Young (Allocation Failure) 45M->34M(61M) 4.507ms
[2026-06-17T09:56:43.639+0800][52.268s][info][gc,cpu         ] GC(1252) User=0.00s Sys=0.00s Real=0.00s
[2026-06-17T09:56:43.683+0800][52.312s][info][gc,start       ] GC(1253) Pause Young (Allocation Failure)
[2026-06-17T09:56:43.685+0800][52.314s][info][gc,heap        ] GC(1253) DefNew: 19637K(19648K)->2050K(19648K) Eden: 17467K(17472K)->0K(17472K) From: 2169K(2176K)->2050K(2176K)
[2026-06-17T09:56:43.686+0800][52.315s][info][gc,heap        ] GC(1253) Tenured: 33112K(43712K)->35647K(43712K)
[2026-06-17T09:56:43.686+0800][52.315s][info][gc,metaspace   ] GC(1253) Metaspace: 158K(384K)->158K(384K) NonClass: 153K(256K)->153K(256K) Class: 4K(128K)->4K(128K)
[2026-06-17T09:56:43.687+0800][52.316s][info][gc             ] GC(1253) Pause Young (Allocation Failure) 51M->36M(61M) 3.790ms
[2026-06-17T09:56:43.687+0800][52.316s][info][gc,cpu         ] GC(1253) User=0.01s Sys=0.00s Real=0.00s
[2026-06-17T09:56:43.741+0800][52.371s][info][gc,start       ] GC(1254) Pause Young (Allocation Failure)
[2026-06-17T09:56:43.744+0800][52.373s][info][gc,heap        ] GC(1254) DefNew: 19506K(19648K)->2119K(19648K) Eden: 17456K(17472K)->0K(17472K) From: 2050K(2176K)->2119K(2176K)
[2026-06-17T09:56:43.744+0800][52.373s][info][gc,heap        ] GC(1254) Tenured: 35647K(43712K)->39115K(43712K)
[2026-06-17T09:56:43.745+0800][52.374s][info][gc,metaspace   ] GC(1254) Metaspace: 158K(384K)->158K(384K) NonClass: 153K(256K)->153K(256K) Class: 4K(128K)->4K(128K)
[2026-06-17T09:56:43.745+0800][52.374s][info][gc             ] GC(1254) Pause Young (Allocation Failure) 53M->40M(61M) 3.932ms
[2026-06-17T09:56:43.746+0800][52.375s][info][gc,cpu         ] GC(1254) User=0.00s Sys=0.00s Real=0.01s
[2026-06-17T09:56:43.790+0800][52.419s][info][gc,start       ] GC(1255) Pause Young (Allocation Failure)
[2026-06-17T09:56:43.791+0800][52.420s][info][gc             ] GC(1255) Pause Young (Allocation Failure) 57M->57M(61M) 0.807ms
[2026-06-17T09:56:43.791+0800][52.420s][info][gc,cpu         ] GC(1255) User=0.00s Sys=0.00s Real=0.01s
[2026-06-17T09:56:43.791+0800][52.421s][info][gc,start       ] GC(1256) Pause Full (Allocation Failure)
[2026-06-17T09:56:43.792+0800][52.421s][info][gc,phases,start] GC(1256) Phase 1: Mark live objects
[2026-06-17T09:56:43.793+0800][52.422s][info][gc,phases      ] GC(1256) Phase 1: Mark live objects 1.015ms
[2026-06-17T09:56:43.793+0800][52.422s][info][gc,phases,start] GC(1256) Phase 2: Compute new object addresses
[2026-06-17T09:56:43.794+0800][52.423s][info][gc,phases      ] GC(1256) Phase 2: Compute new object addresses 0.717ms
[2026-06-17T09:56:43.794+0800][52.423s][info][gc,phases,start] GC(1256) Phase 3: Adjust pointers
[2026-06-17T09:56:43.795+0800][52.424s][info][gc,phases      ] GC(1256) Phase 3: Adjust pointers 0.826ms
[2026-06-17T09:56:43.795+0800][52.425s][info][gc,phases,start] GC(1256) Phase 4: Move objects
[2026-06-17T09:56:43.799+0800][52.429s][info][gc,phases      ] GC(1256) Phase 4: Move objects 3.995ms
[2026-06-17T09:56:43.800+0800][52.429s][info][gc,heap        ] GC(1256) DefNew: 19572K(19648K)->0K(19648K) Eden: 17452K(17472K)->0K(17472K) From: 2119K(2176K)->0K(2176K)
[2026-06-17T09:56:43.800+0800][52.429s][info][gc,heap        ] GC(1256) Tenured: 39115K(43712K)->29461K(43712K)
[2026-06-17T09:56:43.800+0800][52.430s][info][gc,metaspace   ] GC(1256) Metaspace: 158K(384K)->158K(384K) NonClass: 153K(256K)->153K(256K) Class: 4K(128K)->4K(128K)
[2026-06-17T09:56:43.801+0800][52.430s][info][gc             ] GC(1256) Pause Full (Allocation Failure) 57M->28M(61M) 9.347ms
[2026-06-17T09:56:43.801+0800][52.430s][info][gc,cpu         ] GC(1256) User=0.01s Sys=0.00s Real=0.00s
[2026-06-17T09:56:43.844+0800][52.474s][info][gc,start       ] GC(1257) Pause Young (Allocation Failure)
[2026-06-17T09:56:43.847+0800][52.476s][info][gc,heap        ] GC(1257) DefNew: 17469K(19648K)->2169K(19648K) Eden: 17469K(17472K)->0K(17472K) From: 0K(2176K)->2169K(2176K)
[2026-06-17T09:56:43.848+0800][52.477s][info][gc,heap        ] GC(1257) Tenured: 29461K(43712K)->34642K(43712K)
[2026-06-17T09:56:43.848+0800][52.477s][info][gc,metaspace   ] GC(1257) Metaspace: 158K(384K)->158K(384K) NonClass: 153K(256K)->153K(256K) Class: 4K(128K)->4K(128K)
[2026-06-17T09:56:43.849+0800][52.478s][info][gc             ] GC(1257) Pause Young (Allocation Failure) 45M->35M(61M) 4.351ms
[2026-06-17T09:56:43.849+0800][52.478s][info][gc,cpu         ] GC(1257) User=0.00s Sys=0.00s Real=0.00s
[2026-06-17T09:56:43.904+0800][52.533s][info][gc,start       ] GC(1258) Pause Young (Allocation Failure)
[2026-06-17T09:56:43.906+0800][52.535s][info][gc,heap        ] GC(1258) DefNew: 19604K(19648K)->1930K(19648K) Eden: 17435K(17472K)->0K(17472K) From: 2169K(2176K)->1930K(2176K)
[2026-06-17T09:56:43.907+0800][52.536s][info][gc,heap        ] GC(1258) Tenured: 34642K(43712K)->36421K(43712K)
[2026-06-17T09:56:43.907+0800][52.537s][info][gc,metaspace   ] GC(1258) Metaspace: 158K(384K)->158K(384K) NonClass: 153K(256K)->153K(256K) Class: 4K(128K)->4K(128K)
[2026-06-17T09:56:43.908+0800][52.537s][info][gc             ] GC(1258) Pause Young (Allocation Failure) 52M->37M(61M) 3.926ms
[2026-06-17T09:56:43.909+0800][52.538s][info][gc,cpu         ] GC(1258) User=0.00s Sys=0.00s Real=0.00s
[2026-06-17T09:56:43.943+0800][52.572s][info][gc,start       ] GC(1259) Pause Young (Allocation Failure)
[2026-06-17T09:56:43.945+0800][52.574s][info][gc,heap        ] GC(1259) DefNew: 19320K(19648K)->2033K(19648K) Eden: 17389K(17472K)->0K(17472K) From: 1930K(2176K)->2033K(2176K)
[2026-06-17T09:56:43.946+0800][52.575s][info][gc,heap        ] GC(1259) Tenured: 36421K(43712K)->38900K(43712K)
[2026-06-17T09:56:43.947+0800][52.576s][info][gc,metaspace   ] GC(1259) Metaspace: 158K(384K)->158K(384K) NonClass: 153K(256K)->153K(256K) Class: 4K(128K)->4K(128K)
[2026-06-17T09:56:43.947+0800][52.576s][info][gc             ] GC(1259) Pause Young (Allocation Failure) 54M->39M(61M) 4.362ms
[2026-06-17T09:56:43.948+0800][52.577s][info][gc,cpu         ] GC(1259) User=0.00s Sys=0.00s Real=0.00s
[2026-06-17T09:56:44.003+0800][52.632s][info][gc,start       ] GC(1260) Pause Young (Allocation Failure)
[2026-06-17T09:56:44.004+0800][52.633s][info][gc             ] GC(1260) Pause Young (Allocation Failure) 57M->57M(61M) 0.949ms
[2026-06-17T09:56:44.004+0800][52.634s][info][gc,cpu         ] GC(1260) User=0.00s Sys=0.00s Real=0.00s
[2026-06-17T09:56:44.005+0800][52.634s][info][gc,start       ] GC(1261) Pause Full (Allocation Failure)
[2026-06-17T09:56:44.006+0800][52.635s][info][gc,phases,start] GC(1261) Phase 1: Mark live objects
[2026-06-17T09:56:44.007+0800][52.636s][info][gc,phases      ] GC(1261) Phase 1: Mark live objects 1.162ms
[2026-06-17T09:56:44.008+0800][52.637s][info][gc,phases,start] GC(1261) Phase 2: Compute new object addresses
[2026-06-17T09:56:44.009+0800][52.638s][info][gc,phases      ] GC(1261) Phase 2: Compute new object addresses 0.808ms
[2026-06-17T09:56:44.009+0800][52.638s][info][gc,phases,start] GC(1261) Phase 3: Adjust pointers
[2026-06-17T09:56:44.010+0800][52.639s][info][gc,phases      ] GC(1261) Phase 3: Adjust pointers 0.783ms
[2026-06-17T09:56:44.010+0800][52.640s][info][gc,phases,start] GC(1261) Phase 4: Move objects
[2026-06-17T09:56:44.012+0800][52.641s][info][gc,phases      ] GC(1261) Phase 4: Move objects 1.767ms
[2026-06-17T09:56:44.013+0800][52.642s][info][gc,heap        ] GC(1261) DefNew: 19502K(19648K)->0K(19648K) Eden: 17469K(17472K)->0K(17472K) From: 2033K(2176K)->0K(2176K)
[2026-06-17T09:56:44.013+0800][52.642s][info][gc,heap        ] GC(1261) Tenured: 38900K(43712K)->19713K(43712K)
[2026-06-17T09:56:44.014+0800][52.643s][info][gc,metaspace   ] GC(1261) Metaspace: 158K(384K)->158K(384K) NonClass: 153K(256K)->153K(256K) Class: 4K(128K)->4K(128K)
[2026-06-17T09:56:44.014+0800][52.643s][info][gc             ] GC(1261) Pause Full (Allocation Failure) 57M->19M(61M) 9.247ms
[2026-06-17T09:56:44.015+0800][52.644s][info][gc,cpu         ] GC(1261) User=0.00s Sys=0.00s Real=0.01s
[2026-06-17T09:56:44.058+0800][52.687s][info][gc,start       ] GC(1262) Pause Young (Allocation Failure)
[2026-06-17T09:56:44.060+0800][52.689s][info][gc,heap        ] GC(1262) DefNew: 17460K(19648K)->2165K(19648K) Eden: 17460K(17472K)->0K(17472K) From: 0K(2176K)->2165K(2176K)
[2026-06-17T09:56:44.061+0800][52.691s][info][gc,heap        ] GC(1262) Tenured: 19713K(43712K)->24217K(43712K)
[2026-06-17T09:56:44.072+0800][52.701s][info][gc,metaspace   ] GC(1262) Metaspace: 158K(384K)->158K(384K) NonClass: 153K(256K)->153K(256K) Class: 4K(128K)->4K(128K)
[2026-06-17T09:56:44.073+0800][52.702s][info][gc             ] GC(1262) Pause Young (Allocation Failure) 36M->25M(61M) 15.146ms
[2026-06-17T09:56:44.075+0800][52.704s][info][gc,cpu         ] GC(1262) User=0.00s Sys=0.00s Real=0.02s
[2026-06-17T09:56:44.119+0800][52.748s][info][gc,start       ] GC(1263) Pause Young (Allocation Failure)
[2026-06-17T09:56:44.121+0800][52.750s][info][gc,heap        ] GC(1263) DefNew: 19617K(19648K)->2165K(19648K) Eden: 17451K(17472K)->0K(17472K) From: 2165K(2176K)->2165K(2176K)
[2026-06-17T09:56:44.122+0800][52.751s][info][gc,heap        ] GC(1263) Tenured: 24217K(43712K)->28695K(43712K)
[2026-06-17T09:56:44.122+0800][52.751s][info][gc,metaspace   ] GC(1263) Metaspace: 158K(384K)->158K(384K) NonClass: 153K(256K)->153K(256K) Class: 4K(128K)->4K(128K)
[2026-06-17T09:56:44.123+0800][52.752s][info][gc             ] GC(1263) Pause Young (Allocation Failure) 42M->30M(61M) 4.015ms
[2026-06-17T09:56:44.123+0800][52.753s][info][gc,cpu         ] GC(1263) User=0.00s Sys=0.00s Real=0.01s
[2026-06-17T09:56:44.168+0800][52.797s][info][gc,start       ] GC(1264) Pause Young (Allocation Failure)
[2026-06-17T09:56:44.170+0800][52.799s][info][gc,heap        ] GC(1264) DefNew: 19594K(19648K)->2175K(19648K) Eden: 17429K(17472K)->0K(17472K) From: 2165K(2176K)->2175K(2176K)
[2026-06-17T09:56:44.171+0800][52.800s][info][gc,heap        ] GC(1264) Tenured: 28695K(43712K)->32066K(43712K)
[2026-06-17T09:56:44.171+0800][52.800s][info][gc,metaspace   ] GC(1264) Metaspace: 158K(384K)->158K(384K) NonClass: 153K(256K)->153K(256K) Class: 4K(128K)->4K(128K)
[2026-06-17T09:56:44.172+0800][52.801s][info][gc             ] GC(1264) Pause Young (Allocation Failure) 47M->33M(61M) 3.845ms
[2026-06-17T09:56:44.172+0800][52.801s][info][gc,cpu         ] GC(1264) User=0.00s Sys=0.00s Real=0.01s
[2026-06-17T09:56:44.216+0800][52.845s][info][gc,start       ] GC(1265) Pause Young (Allocation Failure)
[2026-06-17T09:56:44.222+0800][52.851s][info][gc,heap        ] GC(1265) DefNew: 19634K(19648K)->2175K(19648K) Eden: 17458K(17472K)->0K(17472K) From: 2175K(2176K)->2175K(2176K)
[2026-06-17T09:56:44.229+0800][52.858s][info][gc,heap        ] GC(1265) Tenured: 32066K(43712K)->35702K(43712K)
[2026-06-17T09:56:44.230+0800][52.859s][info][gc,metaspace   ] GC(1265) Metaspace: 158K(384K)->158K(384K) NonClass: 153K(256K)->153K(256K) Class: 4K(128K)->4K(128K)
[2026-06-17T09:56:44.233+0800][52.862s][info][gc             ] GC(1265) Pause Young (Allocation Failure) 50M->36M(61M) 16.569ms
[2026-06-17T09:56:44.233+0800][52.863s][info][gc,cpu         ] GC(1265) User=0.01s Sys=0.00s Real=0.02s
[2026-06-17T09:56:44.278+0800][52.907s][info][gc,start       ] GC(1266) Pause Young (Allocation Failure)
[2026-06-17T09:56:44.280+0800][52.909s][info][gc,heap        ] GC(1266) DefNew: 19624K(19648K)->2173K(19648K) Eden: 17448K(17472K)->0K(17472K) From: 2175K(2176K)->2173K(2176K)
[2026-06-17T09:56:44.280+0800][52.909s][info][gc,heap        ] GC(1266) Tenured: 35702K(43712K)->41495K(43712K)
[2026-06-17T09:56:44.280+0800][52.910s][info][gc,metaspace   ] GC(1266) Metaspace: 158K(384K)->158K(384K) NonClass: 153K(256K)->153K(256K) Class: 4K(128K)->4K(128K)
[2026-06-17T09:56:44.281+0800][52.910s][info][gc             ] GC(1266) Pause Young (Allocation Failure) 54M->42M(61M) 3.236ms
[2026-06-17T09:56:44.281+0800][52.910s][info][gc,cpu         ] GC(1266) User=0.00s Sys=0.00s Real=0.00s
[2026-06-17T09:56:44.335+0800][52.964s][info][gc,start       ] GC(1267) Pause Young (Allocation Failure)
[2026-06-17T09:56:44.335+0800][52.965s][info][gc             ] GC(1267) Pause Young (Allocation Failure) 59M->59M(61M) 0.711ms
[2026-06-17T09:56:44.336+0800][52.966s][info][gc,cpu         ] GC(1267) User=0.00s Sys=0.00s Real=0.00s
[2026-06-17T09:56:44.337+0800][52.966s][info][gc,start       ] GC(1268) Pause Full (Allocation Failure)
[2026-06-17T09:56:44.338+0800][52.967s][info][gc,phases,start] GC(1268) Phase 1: Mark live objects
[2026-06-17T09:56:44.339+0800][52.968s][info][gc,phases      ] GC(1268) Phase 1: Mark live objects 1.050ms
[2026-06-17T09:56:44.340+0800][52.969s][info][gc,phases,start] GC(1268) Phase 2: Compute new object addresses
[2026-06-17T09:56:44.341+0800][52.970s][info][gc,phases      ] GC(1268) Phase 2: Compute new object addresses 0.742ms
[2026-06-17T09:56:44.342+0800][52.971s][info][gc,phases,start] GC(1268) Phase 3: Adjust pointers
[2026-06-17T09:56:44.343+0800][52.972s][info][gc,phases      ] GC(1268) Phase 3: Adjust pointers 0.893ms
[2026-06-17T09:56:44.344+0800][52.973s][info][gc,phases,start] GC(1268) Phase 4: Move objects
[2026-06-17T09:56:44.346+0800][52.976s][info][gc,phases      ] GC(1268) Phase 4: Move objects 2.373ms
[2026-06-17T09:56:44.347+0800][52.976s][info][gc,heap        ] GC(1268) DefNew: 19621K(19648K)->0K(19648K) Eden: 17447K(17472K)->0K(17472K) From: 2173K(2176K)->0K(2176K)
[2026-06-17T09:56:44.347+0800][52.976s][info][gc,heap        ] GC(1268) Tenured: 41495K(43712K)->27760K(43712K)
[2026-06-17T09:56:44.348+0800][52.977s][info][gc,metaspace   ] GC(1268) Metaspace: 158K(384K)->158K(384K) NonClass: 153K(256K)->153K(256K) Class: 4K(128K)->4K(128K)
[2026-06-17T09:56:44.349+0800][52.978s][info][gc             ] GC(1268) Pause Full (Allocation Failure) 59M->27M(61M) 11.544ms
[2026-06-17T09:56:44.349+0800][52.978s][info][gc,cpu         ] GC(1268) User=0.01s Sys=0.00s Real=0.01s
[2026-06-17T09:56:44.393+0800][53.023s][info][gc,start       ] GC(1269) Pause Young (Allocation Failure)
[2026-06-17T09:56:44.395+0800][53.025s][info][gc,heap        ] GC(1269) DefNew: 17472K(19648K)->2173K(19648K) Eden: 17472K(17472K)->0K(17472K) From: 0K(2176K)->2173K(2176K)
[2026-06-17T09:56:44.396+0800][53.025s][info][gc,heap        ] GC(1269) Tenured: 27760K(43712K)->32359K(43712K)
[2026-06-17T09:56:44.396+0800][53.025s][info][gc,metaspace   ] GC(1269) Metaspace: 158K(384K)->158K(384K) NonClass: 153K(256K)->153K(256K) Class: 4K(128K)->4K(128K)
[2026-06-17T09:56:44.397+0800][53.026s][info][gc             ] GC(1269) Pause Young (Allocation Failure) 44M->33M(61M) 3.241ms
[2026-06-17T09:56:44.397+0800][53.026s][info][gc,cpu         ] GC(1269) User=0.00s Sys=0.00s Real=0.00s
[2026-06-17T09:56:44.441+0800][53.070s][info][gc,start       ] GC(1270) Pause Young (Allocation Failure)
[2026-06-17T09:56:44.443+0800][53.072s][info][gc,heap        ] GC(1270) DefNew: 19611K(19648K)->2129K(19648K) Eden: 17438K(17472K)->0K(17472K) From: 2173K(2176K)->2129K(2176K)
[2026-06-17T09:56:44.443+0800][53.073s][info][gc,heap        ] GC(1270) Tenured: 32359K(43712K)->36076K(43712K)
[2026-06-17T09:56:44.444+0800][53.073s][info][gc,metaspace   ] GC(1270) Metaspace: 158K(384K)->158K(384K) NonClass: 153K(256K)->153K(256K) Class: 4K(128K)->4K(128K)
[2026-06-17T09:56:44.445+0800][53.074s][info][gc             ] GC(1270) Pause Young (Allocation Failure) 50M->37M(61M) 4.490ms
[2026-06-17T09:56:44.446+0800][53.075s][info][gc,cpu         ] GC(1270) User=0.00s Sys=0.00s Real=0.01s
[2026-06-17T09:56:44.489+0800][53.118s][info][gc,start       ] GC(1271) Pause Young (Allocation Failure)
[2026-06-17T09:56:44.491+0800][53.121s][info][gc,heap        ] GC(1271) DefNew: 19585K(19648K)->2161K(19648K) Eden: 17456K(17472K)->0K(17472K) From: 2129K(2176K)->2161K(2176K)
[2026-06-17T09:56:44.492+0800][53.122s][info][gc,heap        ] GC(1271) Tenured: 36076K(43712K)->39480K(43712K)
[2026-06-17T09:56:44.494+0800][53.123s][info][gc,metaspace   ] GC(1271) Metaspace: 158K(384K)->158K(384K) NonClass: 153K(256K)->153K(256K) Class: 4K(128K)->4K(128K)
[2026-06-17T09:56:44.494+0800][53.123s][info][gc             ] GC(1271) Pause Young (Allocation Failure) 54M->40M(61M) 5.000ms
[2026-06-17T09:56:44.495+0800][53.124s][info][gc,cpu         ] GC(1271) User=0.00s Sys=0.00s Real=0.01s
[2026-06-17T09:56:44.539+0800][53.168s][info][gc,start       ] GC(1272) Pause Young (Allocation Failure)
[2026-06-17T09:56:44.540+0800][53.169s][info][gc             ] GC(1272) Pause Young (Allocation Failure) 57M->57M(61M) 1.270ms
[2026-06-17T09:56:44.541+0800][53.170s][info][gc,cpu         ] GC(1272) User=0.00s Sys=0.00s Real=0.00s
[2026-06-17T09:56:44.542+0800][53.171s][info][gc,start       ] GC(1273) Pause Full (Allocation Failure)
[2026-06-17T09:56:44.543+0800][53.172s][info][gc,phases,start] GC(1273) Phase 1: Mark live objects
[2026-06-17T09:56:44.545+0800][53.174s][info][gc,phases      ] GC(1273) Phase 1: Mark live objects 1.615ms
[2026-06-17T09:56:44.546+0800][53.175s][info][gc,phases,start] GC(1273) Phase 2: Compute new object addresses
[2026-06-17T09:56:44.547+0800][53.176s][info][gc,phases      ] GC(1273) Phase 2: Compute new object addresses 1.200ms
[2026-06-17T09:56:44.548+0800][53.177s][info][gc,phases,start] GC(1273) Phase 3: Adjust pointers
[2026-06-17T09:56:44.550+0800][53.179s][info][gc,phases      ] GC(1273) Phase 3: Adjust pointers 1.571ms
[2026-06-17T09:56:44.551+0800][53.180s][info][gc,phases,start] GC(1273) Phase 4: Move objects
[2026-06-17T09:56:44.556+0800][53.185s][info][gc,phases      ] GC(1273) Phase 4: Move objects 4.941ms
[2026-06-17T09:56:44.557+0800][53.186s][info][gc,heap        ] GC(1273) DefNew: 19633K(19648K)->0K(19648K) Eden: 17472K(17472K)->0K(17472K) From: 2161K(2176K)->0K(2176K)
[2026-06-17T09:56:44.558+0800][53.187s][info][gc,heap        ] GC(1273) Tenured: 39480K(43712K)->33013K(43712K)
[2026-06-17T09:56:44.558+0800][53.188s][info][gc,metaspace   ] GC(1273) Metaspace: 158K(384K)->158K(384K) NonClass: 153K(256K)->153K(256K) Class: 4K(128K)->4K(128K)
[2026-06-17T09:56:44.559+0800][53.188s][info][gc             ] GC(1273) Pause Full (Allocation Failure) 57M->32M(61M) 17.386ms
[2026-06-17T09:56:44.560+0800][53.189s][info][gc,cpu         ] GC(1273) User=0.00s Sys=0.00s Real=0.02s
[2026-06-17T09:56:44.605+0800][53.234s][info][gc,start       ] GC(1274) Pause Young (Allocation Failure)
[2026-06-17T09:56:44.608+0800][53.237s][info][gc,heap        ] GC(1274) DefNew: 17455K(19648K)->2174K(19648K) Eden: 17455K(17472K)->0K(17472K) From: 0K(2176K)->2174K(2176K)
[2026-06-17T09:56:44.609+0800][53.238s][info][gc,heap        ] GC(1274) Tenured: 33013K(43712K)->37871K(43712K)
[2026-06-17T09:56:44.611+0800][53.240s][info][gc,metaspace   ] GC(1274) Metaspace: 158K(384K)->158K(384K) NonClass: 153K(256K)->153K(256K) Class: 4K(128K)->4K(128K)
[2026-06-17T09:56:44.612+0800][53.241s][info][gc             ] GC(1274) Pause Young (Allocation Failure) 49M->39M(61M) 6.825ms
[2026-06-17T09:56:44.613+0800][53.243s][info][gc,cpu         ] GC(1274) User=0.00s Sys=0.00s Real=0.01s
[2026-06-17T09:56:44.659+0800][53.288s][info][gc,start       ] GC(1275) Pause Young (Allocation Failure)
[2026-06-17T09:56:44.660+0800][53.289s][info][gc             ] GC(1275) Pause Young (Allocation Failure) 56M->56M(61M) 1.659ms
[2026-06-17T09:56:44.661+0800][53.290s][info][gc,cpu         ] GC(1275) User=0.00s Sys=0.00s Real=0.00s
[2026-06-17T09:56:44.663+0800][53.292s][info][gc,start       ] GC(1276) Pause Full (Allocation Failure)
[2026-06-17T09:56:44.664+0800][53.293s][info][gc,phases,start] GC(1276) Phase 1: Mark live objects
[2026-06-17T09:56:44.666+0800][53.295s][info][gc,phases      ] GC(1276) Phase 1: Mark live objects 2.030ms
[2026-06-17T09:56:44.667+0800][53.296s][info][gc,phases,start] GC(1276) Phase 2: Compute new object addresses
[2026-06-17T09:56:44.668+0800][53.297s][info][gc,phases      ] GC(1276) Phase 2: Compute new object addresses 1.688ms
[2026-06-17T09:56:44.669+0800][53.298s][info][gc,phases,start] GC(1276) Phase 3: Adjust pointers
[2026-06-17T09:56:44.671+0800][53.300s][info][gc,phases      ] GC(1276) Phase 3: Adjust pointers 1.551ms
[2026-06-17T09:56:44.672+0800][53.301s][info][gc,phases,start] GC(1276) Phase 4: Move objects
[2026-06-17T09:56:44.676+0800][53.305s][info][gc,phases      ] GC(1276) Phase 4: Move objects 4.151ms
[2026-06-17T09:56:44.677+0800][53.306s][info][gc,heap        ] GC(1276) DefNew: 19593K(19648K)->0K(19648K) Eden: 17418K(17472K)->0K(17472K) From: 2174K(2176K)->0K(2176K)
[2026-06-17T09:56:44.678+0800][53.307s][info][gc,heap        ] GC(1276) Tenured: 37871K(43712K)->21624K(43712K)
[2026-06-17T09:56:44.679+0800][53.308s][info][gc,metaspace   ] GC(1276) Metaspace: 158K(384K)->158K(384K) NonClass: 153K(256K)->153K(256K) Class: 4K(128K)->4K(128K)
[2026-06-17T09:56:44.680+0800][53.309s][info][gc             ] GC(1276) Pause Full (Allocation Failure) 56M->21M(61M) 17.054ms
[2026-06-17T09:56:44.680+0800][53.309s][info][gc,cpu         ] GC(1276) User=0.00s Sys=0.00s Real=0.01s
[2026-06-17T09:56:44.724+0800][53.353s][info][gc,start       ] GC(1277) Pause Young (Allocation Failure)
[2026-06-17T09:56:44.726+0800][53.356s][info][gc,heap        ] GC(1277) DefNew: 17456K(19648K)->2172K(19648K) Eden: 17456K(17472K)->0K(17472K) From: 0K(2176K)->2172K(2176K)
[2026-06-17T09:56:44.727+0800][53.356s][info][gc,heap        ] GC(1277) Tenured: 21624K(43712K)->26697K(43712K)
[2026-06-17T09:56:44.728+0800][53.357s][info][gc,metaspace   ] GC(1277) Metaspace: 158K(384K)->158K(384K) NonClass: 153K(256K)->153K(256K) Class: 4K(128K)->4K(128K)
[2026-06-17T09:56:44.729+0800][53.358s][info][gc             ] GC(1277) Pause Young (Allocation Failure) 38M->28M(61M) 4.662ms
[2026-06-17T09:56:44.730+0800][53.359s][info][gc,cpu         ] GC(1277) User=0.00s Sys=0.00s Real=0.00s
[2026-06-17T09:56:44.783+0800][53.412s][info][gc,start       ] GC(1278) Pause Young (Allocation Failure)
[2026-06-17T09:56:44.785+0800][53.414s][info][gc,heap        ] GC(1278) DefNew: 19644K(19648K)->2175K(19648K) Eden: 17472K(17472K)->0K(17472K) From: 2172K(2176K)->2175K(2176K)
[2026-06-17T09:56:44.785+0800][53.414s][info][gc,heap        ] GC(1278) Tenured: 26697K(43712K)->29804K(43712K)
[2026-06-17T09:56:44.786+0800][53.415s][info][gc,metaspace   ] GC(1278) Metaspace: 158K(384K)->158K(384K) NonClass: 153K(256K)->153K(256K) Class: 4K(128K)->4K(128K)
[2026-06-17T09:56:44.786+0800][53.415s][info][gc             ] GC(1278) Pause Young (Allocation Failure) 45M->31M(61M) 3.155ms
[2026-06-17T09:56:44.787+0800][53.416s][info][gc,cpu         ] GC(1278) User=0.00s Sys=0.00s Real=0.00s
[2026-06-17T09:56:44.831+0800][53.460s][info][gc,start       ] GC(1279) Pause Young (Allocation Failure)
[2026-06-17T09:56:44.832+0800][53.461s][info][gc,heap        ] GC(1279) DefNew: 19647K(19648K)->2115K(19648K) Eden: 17472K(17472K)->0K(17472K) From: 2175K(2176K)->2115K(2176K)
[2026-06-17T09:56:44.833+0800][53.462s][info][gc,heap        ] GC(1279) Tenured: 29804K(43712K)->33405K(43712K)
[2026-06-17T09:56:44.833+0800][53.463s][info][gc,metaspace   ] GC(1279) Metaspace: 158K(384K)->158K(384K) NonClass: 153K(256K)->153K(256K) Class: 4K(128K)->4K(128K)
[2026-06-17T09:56:44.834+0800][53.463s][info][gc             ] GC(1279) Pause Young (Allocation Failure) 48M->34M(61M) 3.017ms
[2026-06-17T09:56:44.835+0800][53.464s][info][gc,cpu         ] GC(1279) User=0.00s Sys=0.00s Real=0.00s
[2026-06-17T09:56:44.879+0800][53.508s][info][gc,start       ] GC(1280) Pause Young (Allocation Failure)
[2026-06-17T09:56:44.881+0800][53.510s][info][gc,heap        ] GC(1280) DefNew: 19578K(19648K)->2168K(19648K) Eden: 17463K(17472K)->0K(17472K) From: 2115K(2176K)->2168K(2176K)
[2026-06-17T09:56:44.882+0800][53.511s][info][gc,heap        ] GC(1280) Tenured: 33405K(43712K)->36738K(43712K)
[2026-06-17T09:56:44.882+0800][53.511s][info][gc,metaspace   ] GC(1280) Metaspace: 158K(384K)->158K(384K) NonClass: 153K(256K)->153K(256K) Class: 4K(128K)->4K(128K)
[2026-06-17T09:56:44.883+0800][53.512s][info][gc             ] GC(1280) Pause Young (Allocation Failure) 51M->37M(61M) 4.070ms
[2026-06-17T09:56:44.883+0800][53.512s][info][gc,cpu         ] GC(1280) User=0.00s Sys=0.00s Real=0.01s
[2026-06-17T09:56:44.925+0800][53.554s][info][gc,start       ] GC(1281) Pause Young (Allocation Failure)
[2026-06-17T09:56:44.926+0800][53.556s][info][gc,heap        ] GC(1281) DefNew: 19640K(19648K)->1758K(19648K) Eden: 17472K(17472K)->0K(17472K) From: 2168K(2176K)->1758K(2176K)
[2026-06-17T09:56:44.927+0800][53.556s][info][gc,heap        ] GC(1281) Tenured: 36738K(43712K)->38084K(43712K)
[2026-06-17T09:56:44.927+0800][53.556s][info][gc,metaspace   ] GC(1281) Metaspace: 158K(384K)->158K(384K) NonClass: 153K(256K)->153K(256K) Class: 4K(128K)->4K(128K)
[2026-06-17T09:56:44.927+0800][53.556s][info][gc             ] GC(1281) Pause Young (Allocation Failure) 55M->38M(61M) 1.824ms
[2026-06-17T09:56:44.927+0800][53.556s][info][gc,cpu         ] GC(1281) User=0.00s Sys=0.00s Real=0.00s
[2026-06-17T09:56:44.970+0800][53.599s][info][gc,start       ] GC(1282) Pause Young (Allocation Failure)
[2026-06-17T09:56:44.970+0800][53.599s][info][gc             ] GC(1282) Pause Young (Allocation Failure) 55M->55M(61M) 0.531ms
[2026-06-17T09:56:44.971+0800][53.600s][info][gc,cpu         ] GC(1282) User=0.00s Sys=0.00s Real=0.01s
[2026-06-17T09:56:44.971+0800][53.600s][info][gc,start       ] GC(1283) Pause Full (Allocation Failure)
[2026-06-17T09:56:44.972+0800][53.601s][info][gc,phases,start] GC(1283) Phase 1: Mark live objects
[2026-06-17T09:56:44.973+0800][53.602s][info][gc,phases      ] GC(1283) Phase 1: Mark live objects 1.163ms
[2026-06-17T09:56:44.973+0800][53.602s][info][gc,phases,start] GC(1283) Phase 2: Compute new object addresses
[2026-06-17T09:56:44.974+0800][53.603s][info][gc,phases      ] GC(1283) Phase 2: Compute new object addresses 0.812ms
[2026-06-17T09:56:44.974+0800][53.603s][info][gc,phases,start] GC(1283) Phase 3: Adjust pointers
[2026-06-17T09:56:44.975+0800][53.604s][info][gc,phases      ] GC(1283) Phase 3: Adjust pointers 0.806ms
[2026-06-17T09:56:44.975+0800][53.604s][info][gc,phases,start] GC(1283) Phase 4: Move objects
[2026-06-17T09:56:44.978+0800][53.607s][info][gc,phases      ] GC(1283) Phase 4: Move objects 2.841ms
[2026-06-17T09:56:44.980+0800][53.609s][info][gc,heap        ] GC(1283) DefNew: 19202K(19648K)->0K(19648K) Eden: 17444K(17472K)->0K(17472K) From: 1758K(2176K)->0K(2176K)
[2026-06-17T09:56:44.980+0800][53.609s][info][gc,heap        ] GC(1283) Tenured: 38084K(43712K)->23402K(43712K)
[2026-06-17T09:56:44.980+0800][53.609s][info][gc,metaspace   ] GC(1283) Metaspace: 158K(384K)->158K(384K) NonClass: 153K(256K)->153K(256K) Class: 4K(128K)->4K(128K)
[2026-06-17T09:56:44.980+0800][53.610s][info][gc             ] GC(1283) Pause Full (Allocation Failure) 55M->22M(61M) 9.463ms
[2026-06-17T09:56:44.981+0800][53.610s][info][gc,cpu         ] GC(1283) User=0.00s Sys=0.00s Real=0.00s
[2026-06-17T09:56:45.034+0800][53.663s][info][gc,start       ] GC(1284) Pause Young (Allocation Failure)
[2026-06-17T09:56:45.037+0800][53.667s][info][gc,heap        ] GC(1284) DefNew: 17449K(19648K)->2145K(19648K) Eden: 17449K(17472K)->0K(17472K) From: 0K(2176K)->2145K(2176K)
[2026-06-17T09:56:45.041+0800][53.670s][info][gc,heap        ] GC(1284) Tenured: 23402K(43712K)->25231K(43712K)
[2026-06-17T09:56:45.048+0800][53.677s][info][gc,metaspace   ] GC(1284) Metaspace: 158K(384K)->158K(384K) NonClass: 153K(256K)->153K(256K) Class: 4K(128K)->4K(128K)
[2026-06-17T09:56:45.052+0800][53.681s][info][gc             ] GC(1284) Pause Young (Allocation Failure) 39M->26M(61M) 17.745ms
[2026-06-17T09:56:45.055+0800][53.685s][info][gc,cpu         ] GC(1284) User=0.00s Sys=0.00s Real=0.02s
[2026-06-17T09:56:45.105+0800][53.734s][info][gc,start       ] GC(1285) Pause Young (Allocation Failure)
[2026-06-17T09:56:45.108+0800][53.738s][info][gc,heap        ] GC(1285) DefNew: 19586K(19648K)->2106K(19648K) Eden: 17441K(17472K)->0K(17472K) From: 2145K(2176K)->2106K(2176K)
[2026-06-17T09:56:45.112+0800][53.741s][info][gc,heap        ] GC(1285) Tenured: 25231K(43712K)->29486K(43712K)
[2026-06-17T09:56:45.116+0800][53.745s][info][gc,metaspace   ] GC(1285) Metaspace: 158K(384K)->158K(384K) NonClass: 153K(256K)->153K(256K) Class: 4K(128K)->4K(128K)
[2026-06-17T09:56:45.122+0800][53.751s][info][gc             ] GC(1285) Pause Young (Allocation Failure) 43M->30M(61M) 17.439ms
[2026-06-17T09:56:45.123+0800][53.752s][info][gc,cpu         ] GC(1285) User=0.00s Sys=0.00s Real=0.02s
[2026-06-17T09:56:45.166+0800][53.795s][info][gc,start       ] GC(1286) Pause Young (Allocation Failure)
[2026-06-17T09:56:45.167+0800][53.796s][info][gc,heap        ] GC(1286) DefNew: 19578K(19648K)->2091K(19648K) Eden: 17472K(17472K)->0K(17472K) From: 2106K(2176K)->2091K(2176K)
[2026-06-17T09:56:45.168+0800][53.797s][info][gc,heap        ] GC(1286) Tenured: 29486K(43712K)->32827K(43712K)
[2026-06-17T09:56:45.168+0800][53.797s][info][gc,metaspace   ] GC(1286) Metaspace: 158K(384K)->158K(384K) NonClass: 153K(256K)->153K(256K) Class: 4K(128K)->4K(128K)
[2026-06-17T09:56:45.172+0800][53.801s][info][gc             ] GC(1286) Pause Young (Allocation Failure) 47M->34M(61M) 6.195ms
[2026-06-17T09:56:45.176+0800][53.805s][info][gc,cpu         ] GC(1286) User=0.00s Sys=0.00s Real=0.01s
[2026-06-17T09:56:45.219+0800][53.848s][info][gc,start       ] GC(1287) Pause Young (Allocation Failure)
[2026-06-17T09:56:45.224+0800][53.853s][info][gc,heap        ] GC(1287) DefNew: 19403K(19648K)->1852K(19648K) Eden: 17311K(17472K)->0K(17472K) From: 2091K(2176K)->1852K(2176K)
[2026-06-17T09:56:45.230+0800][53.859s][info][gc,heap        ] GC(1287) Tenured: 32827K(43712K)->33194K(43712K)
[2026-06-17T09:56:45.230+0800][53.859s][info][gc,metaspace   ] GC(1287) Metaspace: 158K(384K)->158K(384K) NonClass: 153K(256K)->153K(256K) Class: 4K(128K)->4K(128K)
[2026-06-17T09:56:45.235+0800][53.864s][info][gc             ] GC(1287) Pause Young (Allocation Failure) 51M->34M(61M) 15.828ms
[2026-06-17T09:56:45.239+0800][53.868s][info][gc,cpu         ] GC(1287) User=0.00s Sys=0.00s Real=0.02s
[2026-06-17T09:56:45.295+0800][53.924s][info][gc,start       ] GC(1288) Pause Young (Allocation Failure)
[2026-06-17T09:56:45.299+0800][53.928s][info][gc,heap        ] GC(1288) DefNew: 19316K(19648K)->2033K(19648K) Eden: 17463K(17472K)->0K(17472K) From: 1852K(2176K)->2033K(2176K)
[2026-06-17T09:56:45.304+0800][53.933s][info][gc,heap        ] GC(1288) Tenured: 33194K(43712K)->37384K(43712K)
[2026-06-17T09:56:45.305+0800][53.934s][info][gc,metaspace   ] GC(1288) Metaspace: 158K(384K)->158K(384K) NonClass: 153K(256K)->153K(256K) Class: 4K(128K)->4K(128K)
[2026-06-17T09:56:45.305+0800][53.934s][info][gc             ] GC(1288) Pause Young (Allocation Failure) 51M->38M(61M) 10.360ms
[2026-06-17T09:56:45.306+0800][53.935s][info][gc,cpu         ] GC(1288) User=0.00s Sys=0.00s Real=0.01s
[2026-06-17T09:56:45.349+0800][53.978s][info][gc,start       ] GC(1289) Pause Young (Allocation Failure)
[2026-06-17T09:56:45.354+0800][53.983s][info][gc,heap        ] GC(1289) DefNew: 19496K(19648K)->2170K(19648K) Eden: 17463K(17472K)->0K(17472K) From: 2033K(2176K)->2170K(2176K)
[2026-06-17T09:56:45.354+0800][53.983s][info][gc,heap        ] GC(1289) Tenured: 37384K(43712K)->41154K(43712K)
[2026-06-17T09:56:45.354+0800][53.984s][info][gc,metaspace   ] GC(1289) Metaspace: 158K(384K)->158K(384K) NonClass: 153K(256K)->153K(256K) Class: 4K(128K)->4K(128K)
[2026-06-17T09:56:45.355+0800][53.984s][info][gc             ] GC(1289) Pause Young (Allocation Failure) 55M->42M(61M) 6.103ms
[2026-06-17T09:56:45.355+0800][53.984s][info][gc,cpu         ] GC(1289) User=0.00s Sys=0.00s Real=0.01s
[2026-06-17T09:56:45.399+0800][54.028s][info][gc,start       ] GC(1290) Pause Young (Allocation Failure)
[2026-06-17T09:56:45.399+0800][54.029s][info][gc             ] GC(1290) Pause Young (Allocation Failure) 59M->59M(61M) 0.736ms
[2026-06-17T09:56:45.400+0800][54.029s][info][gc,cpu         ] GC(1290) User=0.00s Sys=0.00s Real=0.00s
[2026-06-17T09:56:45.401+0800][54.030s][info][gc,start       ] GC(1291) Pause Full (Allocation Failure)
[2026-06-17T09:56:45.402+0800][54.031s][info][gc,phases,start] GC(1291) Phase 1: Mark live objects
[2026-06-17T09:56:45.403+0800][54.032s][info][gc,phases      ] GC(1291) Phase 1: Mark live objects 1.496ms
[2026-06-17T09:56:45.404+0800][54.033s][info][gc,phases,start] GC(1291) Phase 2: Compute new object addresses
[2026-06-17T09:56:45.405+0800][54.034s][info][gc,phases      ] GC(1291) Phase 2: Compute new object addresses 1.270ms
[2026-06-17T09:56:45.406+0800][54.035s][info][gc,phases,start] GC(1291) Phase 3: Adjust pointers
[2026-06-17T09:56:45.407+0800][54.037s][info][gc,phases      ] GC(1291) Phase 3: Adjust pointers 1.306ms
[2026-06-17T09:56:45.408+0800][54.037s][info][gc,phases,start] GC(1291) Phase 4: Move objects
[2026-06-17T09:56:45.412+0800][54.041s][info][gc,phases      ] GC(1291) Phase 4: Move objects 3.482ms
[2026-06-17T09:56:45.413+0800][54.042s][info][gc,heap        ] GC(1291) DefNew: 19606K(19648K)->0K(19648K) Eden: 17435K(17472K)->0K(17472K) From: 2170K(2176K)->0K(2176K)
[2026-06-17T09:56:45.414+0800][54.043s][info][gc,heap        ] GC(1291) Tenured: 41154K(43712K)->23722K(43712K)
[2026-06-17T09:56:45.415+0800][54.044s][info][gc,metaspace   ] GC(1291) Metaspace: 158K(384K)->158K(384K) NonClass: 153K(256K)->153K(256K) Class: 4K(128K)->4K(128K)
[2026-06-17T09:56:45.415+0800][54.045s][info][gc             ] GC(1291) Pause Full (Allocation Failure) 59M->23M(61M) 14.561ms
[2026-06-17T09:56:45.416+0800][54.045s][info][gc,cpu         ] GC(1291) User=0.01s Sys=0.00s Real=0.02s
[2026-06-17T09:56:45.460+0800][54.090s][info][gc,start       ] GC(1292) Pause Young (Allocation Failure)
[2026-06-17T09:56:45.468+0800][54.097s][info][gc,heap        ] GC(1292) DefNew: 17445K(19648K)->2168K(19648K) Eden: 17445K(17472K)->0K(17472K) From: 0K(2176K)->2168K(2176K)
[2026-06-17T09:56:45.471+0800][54.101s][info][gc,heap        ] GC(1292) Tenured: 23722K(43712K)->28499K(43712K)
[2026-06-17T09:56:45.472+0800][54.102s][info][gc,metaspace   ] GC(1292) Metaspace: 158K(384K)->158K(384K) NonClass: 153K(256K)->153K(256K) Class: 4K(128K)->4K(128K)
[2026-06-17T09:56:45.473+0800][54.102s][info][gc             ] GC(1292) Pause Young (Allocation Failure) 40M->29M(61M) 12.708ms
[2026-06-17T09:56:45.523+0800][54.152s][info][gc,cpu         ] GC(1292) User=0.00s Sys=0.00s Real=0.07s
[2026-06-17T09:56:45.567+0800][54.196s][info][gc,start       ] GC(1293) Pause Young (Allocation Failure)
[2026-06-17T09:56:45.798+0800][54.427s][info][gc,heap        ] GC(1293) DefNew: 19418K(19648K)->1848K(19648K) Eden: 17249K(17472K)->0K(17472K) From: 2168K(2176K)->1848K(2176K)
[2026-06-17T09:56:45.806+0800][54.435s][info][gc,heap        ] GC(1293) Tenured: 28499K(43712K)->30667K(43712K)
[2026-06-17T09:56:45.811+0800][54.440s][info][gc,metaspace   ] GC(1293) Metaspace: 158K(384K)->158K(384K) NonClass: 153K(256K)->153K(256K) Class: 4K(128K)->4K(128K)
[2026-06-17T09:56:45.821+0800][54.450s][info][gc             ] GC(1293) Pause Young (Allocation Failure) 46M->31M(61M) 253.949ms
[2026-06-17T09:56:45.822+0800][54.451s][info][gc,cpu         ] GC(1293) User=0.00s Sys=0.00s Real=0.25s
[2026-06-17T09:56:45.955+0800][54.584s][info][gc,start       ] GC(1294) Pause Young (Allocation Failure)
[2026-06-17T09:56:45.966+0800][54.595s][info][gc,heap        ] GC(1294) DefNew: 19285K(19648K)->2175K(19648K) Eden: 17437K(17472K)->0K(17472K) From: 1848K(2176K)->2175K(2176K)
[2026-06-17T09:56:45.967+0800][54.596s][info][gc,heap        ] GC(1294) Tenured: 30667K(43712K)->37323K(43712K)
[2026-06-17T09:56:45.967+0800][54.596s][info][gc,metaspace   ] GC(1294) Metaspace: 158K(384K)->158K(384K) NonClass: 153K(256K)->153K(256K) Class: 4K(128K)->4K(128K)
[2026-06-17T09:56:45.968+0800][54.597s][info][gc             ] GC(1294) Pause Young (Allocation Failure) 48M->38M(61M) 12.783ms
[2026-06-17T09:56:45.969+0800][54.598s][info][gc,cpu         ] GC(1294) User=0.00s Sys=0.00s Real=0.01s
[2026-06-17T09:56:46.028+0800][54.657s][info][gc,start       ] GC(1295) Pause Young (Allocation Failure)
[2026-06-17T09:56:46.030+0800][54.659s][info][gc             ] GC(1295) Pause Young (Allocation Failure) 55M->55M(61M) 2.239ms
[2026-06-17T09:56:46.031+0800][54.660s][info][gc,cpu         ] GC(1295) User=0.00s Sys=0.00s Real=0.01s
[2026-06-17T09:56:46.031+0800][54.661s][info][gc,start       ] GC(1296) Pause Full (Allocation Failure)
[2026-06-17T09:56:46.037+0800][54.666s][info][gc,phases,start] GC(1296) Phase 1: Mark live objects
[2026-06-17T09:56:46.038+0800][54.667s][info][gc,phases      ] GC(1296) Phase 1: Mark live objects 1.628ms
[2026-06-17T09:56:46.039+0800][54.668s][info][gc,phases,start] GC(1296) Phase 2: Compute new object addresses
[2026-06-17T09:56:46.040+0800][54.669s][info][gc,phases      ] GC(1296) Phase 2: Compute new object addresses 1.138ms
[2026-06-17T09:56:46.041+0800][54.670s][info][gc,phases,start] GC(1296) Phase 3: Adjust pointers
[2026-06-17T09:56:46.042+0800][54.671s][info][gc,phases      ] GC(1296) Phase 3: Adjust pointers 1.282ms
[2026-06-17T09:56:46.043+0800][54.672s][info][gc,phases,start] GC(1296) Phase 4: Move objects
[2026-06-17T09:56:46.046+0800][54.675s][info][gc,phases      ] GC(1296) Phase 4: Move objects 3.012ms
[2026-06-17T09:56:46.046+0800][54.675s][info][gc,heap        ] GC(1296) DefNew: 19594K(19648K)->0K(19648K) Eden: 17418K(17472K)->0K(17472K) From: 2175K(2176K)->0K(2176K)
[2026-06-17T09:56:46.047+0800][54.676s][info][gc,heap        ] GC(1296) Tenured: 37323K(43712K)->27372K(43712K)
[2026-06-17T09:56:46.047+0800][54.676s][info][gc,metaspace   ] GC(1296) Metaspace: 158K(384K)->158K(384K) NonClass: 153K(256K)->153K(256K) Class: 4K(128K)->4K(128K)
[2026-06-17T09:56:46.047+0800][54.676s][info][gc             ] GC(1296) Pause Full (Allocation Failure) 55M->26M(61M) 15.652ms
[2026-06-17T09:56:46.047+0800][54.676s][info][gc,cpu         ] GC(1296) User=0.00s Sys=0.00s Real=0.01s
[2026-06-17T09:56:46.089+0800][54.718s][info][gc,start       ] GC(1297) Pause Young (Allocation Failure)
[2026-06-17T09:56:46.090+0800][54.719s][info][gc,heap        ] GC(1297) DefNew: 17452K(19648K)->2092K(19648K) Eden: 17452K(17472K)->0K(17472K) From: 0K(2176K)->2092K(2176K)
[2026-06-17T09:56:46.091+0800][54.720s][info][gc,heap        ] GC(1297) Tenured: 27372K(43712K)->28939K(43712K)
[2026-06-17T09:56:46.091+0800][54.720s][info][gc,metaspace   ] GC(1297) Metaspace: 158K(384K)->158K(384K) NonClass: 153K(256K)->153K(256K) Class: 4K(128K)->4K(128K)
[2026-06-17T09:56:46.091+0800][54.720s][info][gc             ] GC(1297) Pause Young (Allocation Failure) 43M->30M(61M) 1.693ms
[2026-06-17T09:56:46.091+0800][54.720s][info][gc,cpu         ] GC(1297) User=0.00s Sys=0.00s Real=0.01s
[2026-06-17T09:56:46.144+0800][54.773s][info][gc,start       ] GC(1298) Pause Young (Allocation Failure)
[2026-06-17T09:56:46.145+0800][54.774s][info][gc,heap        ] GC(1298) DefNew: 19560K(19648K)->2053K(19648K) Eden: 17468K(17472K)->0K(17472K) From: 2092K(2176K)->2053K(2176K)
[2026-06-17T09:56:46.154+0800][54.783s][info][gc,heap        ] GC(1298) Tenured: 28939K(43712K)->33130K(43712K)
[2026-06-17T09:56:46.154+0800][54.783s][info][gc,metaspace   ] GC(1298) Metaspace: 158K(384K)->158K(384K) NonClass: 153K(256K)->153K(256K) Class: 4K(128K)->4K(128K)
[2026-06-17T09:56:46.156+0800][54.785s][info][gc             ] GC(1298) Pause Young (Allocation Failure) 47M->34M(61M) 12.183ms
[2026-06-17T09:56:46.159+0800][54.789s][info][gc,cpu         ] GC(1298) User=0.00s Sys=0.00s Real=0.01s
[2026-06-17T09:56:46.202+0800][54.831s][info][gc,start       ] GC(1299) Pause Young (Allocation Failure)
[2026-06-17T09:56:46.204+0800][54.833s][info][gc,heap        ] GC(1299) DefNew: 19512K(19648K)->2158K(19648K) Eden: 17459K(17472K)->0K(17472K) From: 2053K(2176K)->2158K(2176K)
[2026-06-17T09:56:46.205+0800][54.834s][info][gc,heap        ] GC(1299) Tenured: 33130K(43712K)->35917K(43712K)
[2026-06-17T09:56:46.206+0800][54.835s][info][gc,metaspace   ] GC(1299) Metaspace: 158K(384K)->158K(384K) NonClass: 153K(256K)->153K(256K) Class: 4K(128K)->4K(128K)
[2026-06-17T09:56:46.207+0800][54.836s][info][gc             ] GC(1299) Pause Young (Allocation Failure) 51M->37M(61M) 5.457ms
[2026-06-17T09:56:46.210+0800][54.839s][info][gc,cpu         ] GC(1299) User=0.00s Sys=0.00s Real=0.01s
[2026-06-17T09:56:46.254+0800][54.883s][info][gc,start       ] GC(1300) Pause Young (Allocation Failure)
[2026-06-17T09:56:46.263+0800][54.893s][info][gc,heap        ] GC(1300) DefNew: 19630K(19648K)->2165K(19648K) Eden: 17472K(17472K)->0K(17472K) From: 2158K(2176K)->2165K(2176K)
[2026-06-17T09:56:46.268+0800][54.897s][info][gc,heap        ] GC(1300) Tenured: 35917K(43712K)->39383K(43712K)
[2026-06-17T09:56:46.268+0800][54.897s][info][gc,metaspace   ] GC(1300) Metaspace: 158K(384K)->158K(384K) NonClass: 153K(256K)->153K(256K) Class: 4K(128K)->4K(128K)
[2026-06-17T09:56:46.269+0800][54.898s][info][gc             ] GC(1300) Pause Young (Allocation Failure) 54M->40M(61M) 15.235ms
[2026-06-17T09:56:46.269+0800][54.899s][info][gc,cpu         ] GC(1300) User=0.00s Sys=0.00s Real=0.01s
[2026-06-17T09:56:46.314+0800][54.943s][info][gc,start       ] GC(1301) Pause Young (Allocation Failure)
[2026-06-17T09:56:46.315+0800][54.944s][info][gc             ] GC(1301) Pause Young (Allocation Failure) 57M->57M(61M) 0.968ms
[2026-06-17T09:56:46.316+0800][54.945s][info][gc,cpu         ] GC(1301) User=0.00s Sys=0.00s Real=0.00s
[2026-06-17T09:56:46.316+0800][54.946s][info][gc,start       ] GC(1302) Pause Full (Allocation Failure)
[2026-06-17T09:56:46.317+0800][54.946s][info][gc,phases,start] GC(1302) Phase 1: Mark live objects
[2026-06-17T09:56:46.319+0800][54.948s][info][gc,phases      ] GC(1302) Phase 1: Mark live objects 1.640ms
[2026-06-17T09:56:46.319+0800][54.948s][info][gc,phases,start] GC(1302) Phase 2: Compute new object addresses
[2026-06-17T09:56:46.320+0800][54.949s][info][gc,phases      ] GC(1302) Phase 2: Compute new object addresses 1.012ms
[2026-06-17T09:56:46.322+0800][54.951s][info][gc,phases,start] GC(1302) Phase 3: Adjust pointers
[2026-06-17T09:56:46.323+0800][54.952s][info][gc,phases      ] GC(1302) Phase 3: Adjust pointers 1.091ms
[2026-06-17T09:56:46.323+0800][54.952s][info][gc,phases,start] GC(1302) Phase 4: Move objects
[2026-06-17T09:56:46.327+0800][54.956s][info][gc,phases      ] GC(1302) Phase 4: Move objects 3.952ms
[2026-06-17T09:56:46.328+0800][54.957s][info][gc,heap        ] GC(1302) DefNew: 19629K(19648K)->0K(19648K) Eden: 17464K(17472K)->0K(17472K) From: 2165K(2176K)->0K(2176K)
[2026-06-17T09:56:46.328+0800][54.958s][info][gc,heap        ] GC(1302) Tenured: 39383K(43712K)->26033K(43712K)
[2026-06-17T09:56:46.329+0800][54.958s][info][gc,metaspace   ] GC(1302) Metaspace: 158K(384K)->158K(384K) NonClass: 153K(256K)->153K(256K) Class: 4K(128K)->4K(128K)
[2026-06-17T09:56:46.331+0800][54.960s][info][gc             ] GC(1302) Pause Full (Allocation Failure) 57M->25M(61M) 14.569ms
[2026-06-17T09:56:46.334+0800][54.963s][info][gc,cpu         ] GC(1302) User=0.00s Sys=0.00s Real=0.02s
[2026-06-17T09:56:46.377+0800][55.006s][info][gc,start       ] GC(1303) Pause Young (Allocation Failure)
[2026-06-17T09:56:46.379+0800][55.008s][info][gc,heap        ] GC(1303) DefNew: 17307K(19648K)->2057K(19648K) Eden: 17307K(17472K)->0K(17472K) From: 0K(2176K)->2057K(2176K)
[2026-06-17T09:56:46.379+0800][55.009s][info][gc,heap        ] GC(1303) Tenured: 26033K(43712K)->27808K(43712K)
[2026-06-17T09:56:46.380+0800][55.009s][info][gc,metaspace   ] GC(1303) Metaspace: 158K(384K)->158K(384K) NonClass: 153K(256K)->153K(256K) Class: 4K(128K)->4K(128K)
[2026-06-17T09:56:46.381+0800][55.010s][info][gc             ] GC(1303) Pause Young (Allocation Failure) 42M->29M(61M) 3.590ms
[2026-06-17T09:56:46.381+0800][55.010s][info][gc,cpu         ] GC(1303) User=0.00s Sys=0.00s Real=0.00s
[2026-06-17T09:56:46.425+0800][55.054s][info][gc,start       ] GC(1304) Pause Young (Allocation Failure)
[2026-06-17T09:56:46.428+0800][55.057s][info][gc,heap        ] GC(1304) DefNew: 19529K(19648K)->2168K(19648K) Eden: 17472K(17472K)->0K(17472K) From: 2057K(2176K)->2168K(2176K)
[2026-06-17T09:56:46.428+0800][55.057s][info][gc,heap        ] GC(1304) Tenured: 27808K(43712K)->34924K(43712K)
[2026-06-17T09:56:46.428+0800][55.057s][info][gc,metaspace   ] GC(1304) Metaspace: 158K(384K)->158K(384K) NonClass: 153K(256K)->153K(256K) Class: 4K(128K)->4K(128K)
[2026-06-17T09:56:46.429+0800][55.058s][info][gc             ] GC(1304) Pause Young (Allocation Failure) 46M->36M(61M) 3.932ms
[2026-06-17T09:56:46.429+0800][55.058s][info][gc,cpu         ] GC(1304) User=0.00s Sys=0.00s Real=0.00s
[2026-06-17T09:56:46.473+0800][55.102s][info][gc,start       ] GC(1305) Pause Young (Allocation Failure)
[2026-06-17T09:56:46.476+0800][55.105s][info][gc,heap        ] GC(1305) DefNew: 19640K(19648K)->2175K(19648K) Eden: 17472K(17472K)->0K(17472K) From: 2168K(2176K)->2175K(2176K)
[2026-06-17T09:56:46.477+0800][55.106s][info][gc,heap        ] GC(1305) Tenured: 34924K(43712K)->39691K(43712K)
[2026-06-17T09:56:46.478+0800][55.107s][info][gc,metaspace   ] GC(1305) Metaspace: 158K(384K)->158K(384K) NonClass: 153K(256K)->153K(256K) Class: 4K(128K)->4K(128K)
[2026-06-17T09:56:46.479+0800][55.108s][info][gc             ] GC(1305) Pause Young (Allocation Failure) 53M->40M(61M) 5.843ms
[2026-06-17T09:56:46.479+0800][55.109s][info][gc,cpu         ] GC(1305) User=0.01s Sys=0.00s Real=0.00s
[2026-06-17T09:56:46.525+0800][55.155s][info][gc,start       ] GC(1306) Pause Young (Allocation Failure)
[2026-06-17T09:56:46.526+0800][55.155s][info][gc             ] GC(1306) Pause Young (Allocation Failure) 57M->57M(61M) 0.886ms
[2026-06-17T09:56:46.527+0800][55.156s][info][gc,cpu         ] GC(1306) User=0.00s Sys=0.00s Real=0.00s
[2026-06-17T09:56:46.528+0800][55.157s][info][gc,start       ] GC(1307) Pause Full (Allocation Failure)
[2026-06-17T09:56:46.528+0800][55.157s][info][gc,phases,start] GC(1307) Phase 1: Mark live objects
[2026-06-17T09:56:46.529+0800][55.158s][info][gc,phases      ] GC(1307) Phase 1: Mark live objects 0.964ms
[2026-06-17T09:56:46.530+0800][55.159s][info][gc,phases,start] GC(1307) Phase 2: Compute new object addresses
[2026-06-17T09:56:46.530+0800][55.159s][info][gc,phases      ] GC(1307) Phase 2: Compute new object addresses 0.751ms
[2026-06-17T09:56:46.531+0800][55.160s][info][gc,phases,start] GC(1307) Phase 3: Adjust pointers
[2026-06-17T09:56:46.532+0800][55.161s][info][gc,phases      ] GC(1307) Phase 3: Adjust pointers 0.810ms
[2026-06-17T09:56:46.532+0800][55.161s][info][gc,phases,start] GC(1307) Phase 4: Move objects
[2026-06-17T09:56:46.535+0800][55.164s][info][gc,phases      ] GC(1307) Phase 4: Move objects 2.882ms
[2026-06-17T09:56:46.535+0800][55.164s][info][gc,heap        ] GC(1307) DefNew: 19634K(19648K)->0K(19648K) Eden: 17459K(17472K)->0K(17472K) From: 2175K(2176K)->0K(2176K)
[2026-06-17T09:56:46.536+0800][55.165s][info][gc,heap        ] GC(1307) Tenured: 39691K(43712K)->27016K(43712K)
[2026-06-17T09:56:46.536+0800][55.165s][info][gc,metaspace   ] GC(1307) Metaspace: 158K(384K)->158K(384K) NonClass: 153K(256K)->153K(256K) Class: 4K(128K)->4K(128K)
[2026-06-17T09:56:46.536+0800][55.165s][info][gc             ] GC(1307) Pause Full (Allocation Failure) 57M->26M(61M) 8.640ms
[2026-06-17T09:56:46.536+0800][55.165s][info][gc,cpu         ] GC(1307) User=0.00s Sys=0.00s Real=0.01s
[2026-06-17T09:56:46.590+0800][55.219s][info][gc,start       ] GC(1308) Pause Young (Allocation Failure)
[2026-06-17T09:56:46.591+0800][55.221s][info][gc,heap        ] GC(1308) DefNew: 17452K(19648K)->2143K(19648K) Eden: 17452K(17472K)->0K(17472K) From: 0K(2176K)->2143K(2176K)
[2026-06-17T09:56:46.592+0800][55.221s][info][gc,heap        ] GC(1308) Tenured: 27016K(43712K)->28355K(43712K)
[2026-06-17T09:56:46.593+0800][55.222s][info][gc,metaspace   ] GC(1308) Metaspace: 158K(384K)->158K(384K) NonClass: 153K(256K)->153K(256K) Class: 4K(128K)->4K(128K)
[2026-06-17T09:56:46.593+0800][55.222s][info][gc             ] GC(1308) Pause Young (Allocation Failure) 43M->29M(61M) 3.086ms
[2026-06-17T09:56:46.594+0800][55.223s][info][gc,cpu         ] GC(1308) User=0.00s Sys=0.00s Real=0.01s
[2026-06-17T09:56:46.638+0800][55.267s][info][gc,start       ] GC(1309) Pause Young (Allocation Failure)
[2026-06-17T09:56:46.640+0800][55.270s][info][gc,heap        ] GC(1309) DefNew: 19590K(19648K)->2172K(19648K) Eden: 17446K(17472K)->0K(17472K) From: 2143K(2176K)->2172K(2176K)
[2026-06-17T09:56:46.641+0800][55.270s][info][gc,heap        ] GC(1309) Tenured: 28355K(43712K)->31504K(43712K)
[2026-06-17T09:56:46.642+0800][55.271s][info][gc,metaspace   ] GC(1309) Metaspace: 158K(384K)->158K(384K) NonClass: 153K(256K)->153K(256K) Class: 4K(128K)->4K(128K)
[2026-06-17T09:56:46.643+0800][55.272s][info][gc             ] GC(1309) Pause Young (Allocation Failure) 46M->32M(61M) 4.396ms
[2026-06-17T09:56:46.643+0800][55.272s][info][gc,cpu         ] GC(1309) User=0.00s Sys=0.00s Real=0.01s
[2026-06-17T09:56:46.687+0800][55.317s][info][gc,start       ] GC(1310) Pause Young (Allocation Failure)
[2026-06-17T09:56:46.690+0800][55.319s][info][gc,heap        ] GC(1310) DefNew: 19608K(19648K)->2075K(19648K) Eden: 17436K(17472K)->0K(17472K) From: 2172K(2176K)->2075K(2176K)
[2026-06-17T09:56:46.690+0800][55.319s][info][gc,heap        ] GC(1310) Tenured: 31504K(43712K)->35823K(43712K)
[2026-06-17T09:56:46.691+0800][55.320s][info][gc,metaspace   ] GC(1310) Metaspace: 158K(384K)->158K(384K) NonClass: 153K(256K)->153K(256K) Class: 4K(128K)->4K(128K)
[2026-06-17T09:56:46.691+0800][55.321s][info][gc             ] GC(1310) Pause Young (Allocation Failure) 49M->37M(61M) 4.007ms
[2026-06-17T09:56:46.692+0800][55.321s][info][gc,cpu         ] GC(1310) User=0.00s Sys=0.00s Real=0.01s
[2026-06-17T09:56:46.736+0800][55.366s][info][gc,start       ] GC(1311) Pause Young (Allocation Failure)
[2026-06-17T09:56:46.739+0800][55.368s][info][gc,heap        ] GC(1311) DefNew: 19547K(19648K)->2174K(19648K) Eden: 17472K(17472K)->0K(17472K) From: 2075K(2176K)->2174K(2176K)
[2026-06-17T09:56:46.740+0800][55.369s][info][gc,heap        ] GC(1311) Tenured: 35823K(43712K)->39223K(43712K)
[2026-06-17T09:56:46.740+0800][55.369s][info][gc,metaspace   ] GC(1311) Metaspace: 158K(384K)->158K(384K) NonClass: 153K(256K)->153K(256K) Class: 4K(128K)->4K(128K)
[2026-06-17T09:56:46.741+0800][55.370s][info][gc             ] GC(1311) Pause Young (Allocation Failure) 54M->40M(61M) 4.159ms
[2026-06-17T09:56:46.741+0800][55.370s][info][gc,cpu         ] GC(1311) User=0.00s Sys=0.00s Real=0.00s
[2026-06-17T09:56:46.786+0800][55.415s][info][gc,start       ] GC(1312) Pause Young (Allocation Failure)
[2026-06-17T09:56:46.787+0800][55.416s][info][gc             ] GC(1312) Pause Young (Allocation Failure) 57M->57M(61M) 1.027ms
[2026-06-17T09:56:46.788+0800][55.417s][info][gc,cpu         ] GC(1312) User=0.00s Sys=0.00s Real=0.00s
[2026-06-17T09:56:46.789+0800][55.418s][info][gc,start       ] GC(1313) Pause Full (Allocation Failure)
[2026-06-17T09:56:46.789+0800][55.418s][info][gc,phases,start] GC(1313) Phase 1: Mark live objects
[2026-06-17T09:56:46.791+0800][55.420s][info][gc,phases      ] GC(1313) Phase 1: Mark live objects 1.621ms
[2026-06-17T09:56:46.791+0800][55.421s][info][gc,phases,start] GC(1313) Phase 2: Compute new object addresses
[2026-06-17T09:56:46.792+0800][55.422s][info][gc,phases      ] GC(1313) Phase 2: Compute new object addresses 0.940ms
[2026-06-17T09:56:46.793+0800][55.422s][info][gc,phases,start] GC(1313) Phase 3: Adjust pointers
[2026-06-17T09:56:46.794+0800][55.423s][info][gc,phases      ] GC(1313) Phase 3: Adjust pointers 0.964ms
[2026-06-17T09:56:46.794+0800][55.424s][info][gc,phases,start] GC(1313) Phase 4: Move objects
[2026-06-17T09:56:46.798+0800][55.427s][info][gc,phases      ] GC(1313) Phase 4: Move objects 3.773ms
[2026-06-17T09:56:46.799+0800][55.428s][info][gc,heap        ] GC(1313) DefNew: 19406K(19648K)->0K(19648K) Eden: 17232K(17472K)->0K(17472K) From: 2174K(2176K)->0K(2176K)
[2026-06-17T09:56:46.799+0800][55.428s][info][gc,heap        ] GC(1313) Tenured: 39223K(43712K)->30411K(43712K)
[2026-06-17T09:56:46.800+0800][55.429s][info][gc,metaspace   ] GC(1313) Metaspace: 158K(384K)->158K(384K) NonClass: 153K(256K)->153K(256K) Class: 4K(128K)->4K(128K)
[2026-06-17T09:56:46.800+0800][55.429s][info][gc             ] GC(1313) Pause Full (Allocation Failure) 57M->29M(61M) 11.668ms
[2026-06-17T09:56:46.800+0800][55.430s][info][gc,cpu         ] GC(1313) User=0.00s Sys=0.01s Real=0.01s
[2026-06-17T09:56:46.854+0800][55.483s][info][gc,start       ] GC(1314) Pause Young (Allocation Failure)
[2026-06-17T09:56:46.856+0800][55.485s][info][gc,heap        ] GC(1314) DefNew: 17449K(19648K)->2026K(19648K) Eden: 17449K(17472K)->0K(17472K) From: 0K(2176K)->2026K(2176K)
[2026-06-17T09:56:46.856+0800][55.485s][info][gc,heap        ] GC(1314) Tenured: 30411K(43712K)->31373K(43712K)
[2026-06-17T09:56:46.857+0800][55.486s][info][gc,metaspace   ] GC(1314) Metaspace: 158K(384K)->158K(384K) NonClass: 153K(256K)->153K(256K) Class: 4K(128K)->4K(128K)
[2026-06-17T09:56:46.858+0800][55.487s][info][gc             ] GC(1314) Pause Young (Allocation Failure) 46M->32M(61M) 3.747ms
[2026-06-17T09:56:46.858+0800][55.487s][info][gc,cpu         ] GC(1314) User=0.00s Sys=0.00s Real=0.00s
[2026-06-17T09:56:46.903+0800][55.533s][info][gc,start       ] GC(1315) Pause Young (Allocation Failure)
[2026-06-17T09:56:46.926+0800][55.555s][info][gc,heap        ] GC(1315) DefNew: 19498K(19648K)->2174K(19648K) Eden: 17472K(17472K)->0K(17472K) From: 2026K(2176K)->2174K(2176K)
[2026-06-17T09:56:46.938+0800][55.567s][info][gc,heap        ] GC(1315) Tenured: 31373K(43712K)->35023K(43712K)
[2026-06-17T09:56:46.938+0800][55.567s][info][gc,metaspace   ] GC(1315) Metaspace: 158K(384K)->158K(384K) NonClass: 153K(256K)->153K(256K) Class: 4K(128K)->4K(128K)
[2026-06-17T09:56:46.939+0800][55.568s][info][gc             ] GC(1315) Pause Young (Allocation Failure) 49M->36M(61M) 35.455ms
[2026-06-17T09:56:46.965+0800][55.594s][info][gc,cpu         ] GC(1315) User=0.00s Sys=0.00s Real=0.06s
[2026-06-17T09:56:47.010+0800][55.639s][info][gc,start       ] GC(1316) Pause Young (Allocation Failure)
[2026-06-17T09:56:47.029+0800][55.658s][info][gc,heap        ] GC(1316) DefNew: 19646K(19648K)->2057K(19648K) Eden: 17472K(17472K)->0K(17472K) From: 2174K(2176K)->2057K(2176K)
[2026-06-17T09:56:47.030+0800][55.659s][info][gc,heap        ] GC(1316) Tenured: 35023K(43712K)->39180K(43712K)
[2026-06-17T09:56:47.031+0800][55.660s][info][gc,metaspace   ] GC(1316) Metaspace: 158K(384K)->158K(384K) NonClass: 153K(256K)->153K(256K) Class: 4K(128K)->4K(128K)
[2026-06-17T09:56:47.031+0800][55.660s][info][gc             ] GC(1316) Pause Young (Allocation Failure) 53M->40M(61M) 21.626ms
[2026-06-17T09:56:47.032+0800][55.661s][info][gc,cpu         ] GC(1316) User=0.00s Sys=0.00s Real=0.03s
[2026-06-17T09:56:47.075+0800][55.704s][info][gc,start       ] GC(1317) Pause Young (Allocation Failure)
[2026-06-17T09:56:47.077+0800][55.706s][info][gc             ] GC(1317) Pause Young (Allocation Failure) 57M->57M(61M) 2.358ms
[2026-06-17T09:56:47.079+0800][55.708s][info][gc,cpu         ] GC(1317) User=0.00s Sys=0.00s Real=0.00s
[2026-06-17T09:56:47.079+0800][55.708s][info][gc,start       ] GC(1318) Pause Full (Allocation Failure)
[2026-06-17T09:56:47.080+0800][55.710s][info][gc,phases,start] GC(1318) Phase 1: Mark live objects
[2026-06-17T09:56:47.082+0800][55.711s][info][gc,phases      ] GC(1318) Phase 1: Mark live objects 1.730ms
[2026-06-17T09:56:47.084+0800][55.713s][info][gc,phases,start] GC(1318) Phase 2: Compute new object addresses
[2026-06-17T09:56:47.086+0800][55.715s][info][gc,phases      ] GC(1318) Phase 2: Compute new object addresses 2.643ms
[2026-06-17T09:56:47.087+0800][55.716s][info][gc,phases,start] GC(1318) Phase 3: Adjust pointers
[2026-06-17T09:56:47.094+0800][55.723s][info][gc,phases      ] GC(1318) Phase 3: Adjust pointers 7.004ms
[2026-06-17T09:56:47.098+0800][55.727s][info][gc,phases,start] GC(1318) Phase 4: Move objects
[2026-06-17T09:56:47.104+0800][55.733s][info][gc,phases      ] GC(1318) Phase 4: Move objects 5.743ms
[2026-06-17T09:56:47.107+0800][55.736s][info][gc,heap        ] GC(1318) DefNew: 19522K(19648K)->0K(19648K) Eden: 17464K(17472K)->0K(17472K) From: 2057K(2176K)->0K(2176K)
[2026-06-17T09:56:47.108+0800][55.737s][info][gc,heap        ] GC(1318) Tenured: 39180K(43712K)->24748K(43712K)
[2026-06-17T09:56:47.109+0800][55.738s][info][gc,metaspace   ] GC(1318) Metaspace: 158K(384K)->158K(384K) NonClass: 153K(256K)->153K(256K) Class: 4K(128K)->4K(128K)
[2026-06-17T09:56:47.120+0800][55.749s][info][gc             ] GC(1318) Pause Full (Allocation Failure) 57M->24M(61M) 40.388ms
[2026-06-17T09:56:47.126+0800][55.755s][info][gc,cpu         ] GC(1318) User=0.00s Sys=0.00s Real=0.05s
[2026-06-17T09:56:47.183+0800][55.812s][info][gc,start       ] GC(1319) Pause Young (Allocation Failure)
[2026-06-17T09:56:47.184+0800][55.813s][info][gc,heap        ] GC(1319) DefNew: 17444K(19648K)->2147K(19648K) Eden: 17444K(17472K)->0K(17472K) From: 0K(2176K)->2147K(2176K)
[2026-06-17T09:56:47.184+0800][55.813s][info][gc,heap        ] GC(1319) Tenured: 24748K(43712K)->26348K(43712K)
[2026-06-17T09:56:47.185+0800][55.814s][info][gc,metaspace   ] GC(1319) Metaspace: 158K(384K)->158K(384K) NonClass: 153K(256K)->153K(256K) Class: 4K(128K)->4K(128K)
[2026-06-17T09:56:47.185+0800][55.814s][info][gc             ] GC(1319) Pause Young (Allocation Failure) 41M->27M(61M) 2.403ms
[2026-06-17T09:56:47.185+0800][55.814s][info][gc,cpu         ] GC(1319) User=0.00s Sys=0.00s Real=0.00s
[2026-06-17T09:56:47.228+0800][55.857s][info][gc,start       ] GC(1320) Pause Young (Allocation Failure)
[2026-06-17T09:56:47.229+0800][55.858s][info][gc,heap        ] GC(1320) DefNew: 19593K(19648K)->2064K(19648K) Eden: 17446K(17472K)->0K(17472K) From: 2147K(2176K)->2064K(2176K)
[2026-06-17T09:56:47.230+0800][55.859s][info][gc,heap        ] GC(1320) Tenured: 26348K(43712K)->29940K(43712K)
[2026-06-17T09:56:47.230+0800][55.859s][info][gc,metaspace   ] GC(1320) Metaspace: 158K(384K)->158K(384K) NonClass: 153K(256K)->153K(256K) Class: 4K(128K)->4K(128K)
[2026-06-17T09:56:47.231+0800][55.860s][info][gc             ] GC(1320) Pause Young (Allocation Failure) 44M->31M(61M) 2.892ms
[2026-06-17T09:56:47.231+0800][55.860s][info][gc,cpu         ] GC(1320) User=0.00s Sys=0.00s Real=0.01s
[2026-06-17T09:56:47.275+0800][55.904s][info][gc,start       ] GC(1321) Pause Young (Allocation Failure)
[2026-06-17T09:56:47.281+0800][55.910s][info][gc,heap        ] GC(1321) DefNew: 19536K(19648K)->2174K(19648K) Eden: 17472K(17472K)->0K(17472K) From: 2064K(2176K)->2174K(2176K)
[2026-06-17T09:56:47.284+0800][55.913s][info][gc,heap        ] GC(1321) Tenured: 29940K(43712K)->33762K(43712K)
[2026-06-17T09:56:47.284+0800][55.914s][info][gc,metaspace   ] GC(1321) Metaspace: 158K(384K)->158K(384K) NonClass: 153K(256K)->153K(256K) Class: 4K(128K)->4K(128K)
[2026-06-17T09:56:47.286+0800][55.915s][info][gc             ] GC(1321) Pause Young (Allocation Failure) 48M->35M(61M) 11.775ms
[2026-06-17T09:56:47.287+0800][55.916s][info][gc,cpu         ] GC(1321) User=0.00s Sys=0.00s Real=0.01s
[2026-06-17T09:56:47.330+0800][55.959s][info][gc,start       ] GC(1322) Pause Young (Allocation Failure)
[2026-06-17T09:56:47.332+0800][55.961s][info][gc,heap        ] GC(1322) DefNew: 19630K(19648K)->2167K(19648K) Eden: 17455K(17472K)->0K(17472K) From: 2174K(2176K)->2167K(2176K)
[2026-06-17T09:56:47.335+0800][55.964s][info][gc,heap        ] GC(1322) Tenured: 33762K(43712K)->38054K(43712K)
[2026-06-17T09:56:47.335+0800][55.964s][info][gc,metaspace   ] GC(1322) Metaspace: 158K(384K)->158K(384K) NonClass: 153K(256K)->153K(256K) Class: 4K(128K)->4K(128K)
[2026-06-17T09:56:47.335+0800][55.964s][info][gc             ] GC(1322) Pause Young (Allocation Failure) 52M->39M(61M) 5.453ms
[2026-06-17T09:56:47.335+0800][55.964s][info][gc,cpu         ] GC(1322) User=0.00s Sys=0.00s Real=0.01s
[2026-06-17T09:56:47.388+0800][56.017s][info][gc,start       ] GC(1323) Pause Young (Allocation Failure)
[2026-06-17T09:56:47.389+0800][56.018s][info][gc             ] GC(1323) Pause Young (Allocation Failure) 56M->56M(61M) 1.568ms
[2026-06-17T09:56:47.390+0800][56.019s][info][gc,cpu         ] GC(1323) User=0.00s Sys=0.00s Real=0.00s
[2026-06-17T09:56:47.390+0800][56.019s][info][gc,start       ] GC(1324) Pause Full (Allocation Failure)
[2026-06-17T09:56:47.390+0800][56.019s][info][gc,phases,start] GC(1324) Phase 1: Mark live objects
[2026-06-17T09:56:47.391+0800][56.020s][info][gc,phases      ] GC(1324) Phase 1: Mark live objects 0.676ms
[2026-06-17T09:56:47.391+0800][56.020s][info][gc,phases,start] GC(1324) Phase 2: Compute new object addresses
[2026-06-17T09:56:47.392+0800][56.021s][info][gc,phases      ] GC(1324) Phase 2: Compute new object addresses 0.434ms
[2026-06-17T09:56:47.392+0800][56.021s][info][gc,phases,start] GC(1324) Phase 3: Adjust pointers
[2026-06-17T09:56:47.393+0800][56.022s][info][gc,phases      ] GC(1324) Phase 3: Adjust pointers 0.648ms
[2026-06-17T09:56:47.393+0800][56.022s][info][gc,phases,start] GC(1324) Phase 4: Move objects
[2026-06-17T09:56:47.395+0800][56.024s][info][gc,phases      ] GC(1324) Phase 4: Move objects 1.965ms
[2026-06-17T09:56:47.396+0800][56.025s][info][gc,heap        ] GC(1324) DefNew: 19625K(19648K)->0K(19648K) Eden: 17457K(17472K)->0K(17472K) From: 2167K(2176K)->0K(2176K)
[2026-06-17T09:56:47.396+0800][56.025s][info][gc,heap        ] GC(1324) Tenured: 38054K(43712K)->27861K(43712K)
[2026-06-17T09:56:47.396+0800][56.025s][info][gc,metaspace   ] GC(1324) Metaspace: 158K(384K)->158K(384K) NonClass: 153K(256K)->153K(256K) Class: 4K(128K)->4K(128K)
[2026-06-17T09:56:47.397+0800][56.026s][info][gc             ] GC(1324) Pause Full (Allocation Failure) 56M->27M(61M) 6.802ms
[2026-06-17T09:56:47.397+0800][56.026s][info][gc,cpu         ] GC(1324) User=0.01s Sys=0.00s Real=0.01s
[2026-06-17T09:56:47.439+0800][56.069s][info][gc,start       ] GC(1325) Pause Young (Allocation Failure)
[2026-06-17T09:56:47.441+0800][56.070s][info][gc,heap        ] GC(1325) DefNew: 17468K(19648K)->2171K(19648K) Eden: 17468K(17472K)->0K(17472K) From: 0K(2176K)->2171K(2176K)
[2026-06-17T09:56:47.442+0800][56.071s][info][gc,heap        ] GC(1325) Tenured: 27861K(43712K)->32993K(43712K)
[2026-06-17T09:56:47.442+0800][56.072s][info][gc,metaspace   ] GC(1325) Metaspace: 158K(384K)->158K(384K) NonClass: 153K(256K)->153K(256K) Class: 4K(128K)->4K(128K)
[2026-06-17T09:56:47.444+0800][56.073s][info][gc             ] GC(1325) Pause Young (Allocation Failure) 44M->34M(61M) 4.265ms
[2026-06-17T09:56:47.444+0800][56.073s][info][gc,cpu         ] GC(1325) User=0.00s Sys=0.00s Real=0.01s
[2026-06-17T09:56:47.487+0800][56.116s][info][gc,start       ] GC(1326) Pause Young (Allocation Failure)
[2026-06-17T09:56:47.488+0800][56.117s][info][gc,heap        ] GC(1326) DefNew: 19619K(19648K)->2173K(19648K) Eden: 17447K(17472K)->0K(17472K) From: 2171K(2176K)->2173K(2176K)
[2026-06-17T09:56:47.488+0800][56.117s][info][gc,heap        ] GC(1326) Tenured: 32993K(43712K)->37684K(43712K)
[2026-06-17T09:56:47.488+0800][56.117s][info][gc,metaspace   ] GC(1326) Metaspace: 158K(384K)->158K(384K) NonClass: 153K(256K)->153K(256K) Class: 4K(128K)->4K(128K)
[2026-06-17T09:56:47.489+0800][56.118s][info][gc             ] GC(1326) Pause Young (Allocation Failure) 51M->38M(61M) 1.833ms
[2026-06-17T09:56:47.489+0800][56.118s][info][gc,cpu         ] GC(1326) User=0.00s Sys=0.00s Real=0.00s
[2026-06-17T09:56:47.531+0800][56.160s][info][gc,start       ] GC(1327) Pause Young (Allocation Failure)
[2026-06-17T09:56:47.531+0800][56.160s][info][gc             ] GC(1327) Pause Young (Allocation Failure) 55M->55M(61M) 0.296ms
[2026-06-17T09:56:47.532+0800][56.161s][info][gc,cpu         ] GC(1327) User=0.00s Sys=0.00s Real=0.00s
[2026-06-17T09:56:47.541+0800][56.170s][info][gc,start       ] GC(1328) Pause Full (Allocation Failure)
[2026-06-17T09:56:47.546+0800][56.176s][info][gc,phases,start] GC(1328) Phase 1: Mark live objects
[2026-06-17T09:56:47.549+0800][56.178s][info][gc,phases      ] GC(1328) Phase 1: Mark live objects 2.740ms
[2026-06-17T09:56:47.550+0800][56.179s][info][gc,phases,start] GC(1328) Phase 2: Compute new object addresses
[2026-06-17T09:56:47.551+0800][56.180s][info][gc,phases      ] GC(1328) Phase 2: Compute new object addresses 0.923ms
[2026-06-17T09:56:47.566+0800][56.195s][info][gc,phases,start] GC(1328) Phase 3: Adjust pointers
[2026-06-17T09:56:47.576+0800][56.205s][info][gc,phases      ] GC(1328) Phase 3: Adjust pointers 10.317ms
[2026-06-17T09:56:47.577+0800][56.206s][info][gc,phases,start] GC(1328) Phase 4: Move objects
[2026-06-17T09:56:47.579+0800][56.208s][info][gc,phases      ] GC(1328) Phase 4: Move objects 2.535ms
[2026-06-17T09:56:47.579+0800][56.209s][info][gc,heap        ] GC(1328) DefNew: 19477K(19648K)->0K(19648K) Eden: 17303K(17472K)->0K(17472K) From: 2173K(2176K)->0K(2176K)
[2026-06-17T09:56:47.580+0800][56.209s][info][gc,heap        ] GC(1328) Tenured: 37684K(43712K)->21305K(43712K)
[2026-06-17T09:56:47.580+0800][56.209s][info][gc,metaspace   ] GC(1328) Metaspace: 158K(384K)->158K(384K) NonClass: 153K(256K)->153K(256K) Class: 4K(128K)->4K(128K)
[2026-06-17T09:56:47.580+0800][56.209s][info][gc             ] GC(1328) Pause Full (Allocation Failure) 55M->20M(61M) 38.978ms
[2026-06-17T09:56:47.580+0800][56.209s][info][gc,cpu         ] GC(1328) User=0.00s Sys=0.00s Real=0.04s
[2026-06-17T09:56:47.633+0800][56.262s][info][gc,start       ] GC(1329) Pause Young (Allocation Failure)
[2026-06-17T09:56:47.637+0800][56.266s][info][gc,heap        ] GC(1329) DefNew: 17465K(19648K)->2159K(19648K) Eden: 17465K(17472K)->0K(17472K) From: 0K(2176K)->2159K(2176K)
[2026-06-17T09:56:47.638+0800][56.267s][info][gc,heap        ] GC(1329) Tenured: 21305K(43712K)->23072K(43712K)
[2026-06-17T09:56:47.644+0800][56.273s][info][gc,metaspace   ] GC(1329) Metaspace: 158K(384K)->158K(384K) NonClass: 153K(256K)->153K(256K) Class: 4K(128K)->4K(128K)
[2026-06-17T09:56:47.644+0800][56.273s][info][gc             ] GC(1329) Pause Young (Allocation Failure) 37M->24M(61M) 11.048ms
[2026-06-17T09:56:47.650+0800][56.279s][info][gc,cpu         ] GC(1329) User=0.00s Sys=0.00s Real=0.01s
[2026-06-17T09:56:47.693+0800][56.322s][info][gc,start       ] GC(1330) Pause Young (Allocation Failure)
[2026-06-17T09:56:47.694+0800][56.323s][info][gc,heap        ] GC(1330) DefNew: 19631K(19648K)->2165K(19648K) Eden: 17472K(17472K)->0K(17472K) From: 2159K(2176K)->2165K(2176K)
[2026-06-17T09:56:47.694+0800][56.323s][info][gc,heap        ] GC(1330) Tenured: 23072K(43712K)->26891K(43712K)
[2026-06-17T09:56:47.694+0800][56.323s][info][gc,metaspace   ] GC(1330) Metaspace: 158K(384K)->158K(384K) NonClass: 153K(256K)->153K(256K) Class: 4K(128K)->4K(128K)
[2026-06-17T09:56:47.695+0800][56.324s][info][gc             ] GC(1330) Pause Young (Allocation Failure) 41M->28M(61M) 1.964ms
[2026-06-17T09:56:47.695+0800][56.324s][info][gc,cpu         ] GC(1330) User=0.00s Sys=0.00s Real=0.00s
[2026-06-17T09:56:47.737+0800][56.366s][info][gc,start       ] GC(1331) Pause Young (Allocation Failure)
[2026-06-17T09:56:47.738+0800][56.367s][info][gc,heap        ] GC(1331) DefNew: 19637K(19648K)->2119K(19648K) Eden: 17472K(17472K)->0K(17472K) From: 2165K(2176K)->2119K(2176K)
[2026-06-17T09:56:47.738+0800][56.368s][info][gc,heap        ] GC(1331) Tenured: 26891K(43712K)->31260K(43712K)
[2026-06-17T09:56:47.739+0800][56.368s][info][gc,metaspace   ] GC(1331) Metaspace: 158K(384K)->158K(384K) NonClass: 153K(256K)->153K(256K) Class: 4K(128K)->4K(128K)
[2026-06-17T09:56:47.739+0800][56.368s][info][gc             ] GC(1331) Pause Young (Allocation Failure) 45M->32M(61M) 1.990ms
[2026-06-17T09:56:47.739+0800][56.368s][info][gc,cpu         ] GC(1331) User=0.00s Sys=0.00s Real=0.00s
[2026-06-17T09:56:47.791+0800][56.420s][info][gc,start       ] GC(1332) Pause Young (Allocation Failure)
[2026-06-17T09:56:47.792+0800][56.421s][info][gc,heap        ] GC(1332) DefNew: 19568K(19648K)->2122K(19648K) Eden: 17448K(17472K)->0K(17472K) From: 2119K(2176K)->2122K(2176K)
[2026-06-17T09:56:47.792+0800][56.421s][info][gc,heap        ] GC(1332) Tenured: 31260K(43712K)->31718K(43712K)
[2026-06-17T09:56:47.792+0800][56.421s][info][gc,metaspace   ] GC(1332) Metaspace: 158K(384K)->158K(384K) NonClass: 153K(256K)->153K(256K) Class: 4K(128K)->4K(128K)
[2026-06-17T09:56:47.792+0800][56.422s][info][gc             ] GC(1332) Pause Young (Allocation Failure) 49M->33M(61M) 1.133ms
[2026-06-17T09:56:47.793+0800][56.422s][info][gc,cpu         ] GC(1332) User=0.00s Sys=0.00s Real=0.00s
[2026-06-17T09:56:47.824+0800][56.453s][info][gc,start       ] GC(1333) Pause Young (Allocation Failure)
[2026-06-17T09:56:47.826+0800][56.455s][info][gc,heap        ] GC(1333) DefNew: 19540K(19648K)->2123K(19648K) Eden: 17417K(17472K)->0K(17472K) From: 2122K(2176K)->2123K(2176K)
[2026-06-17T09:56:47.827+0800][56.456s][info][gc,heap        ] GC(1333) Tenured: 31718K(43712K)->34500K(43712K)
[2026-06-17T09:56:47.827+0800][56.456s][info][gc,metaspace   ] GC(1333) Metaspace: 158K(384K)->158K(384K) NonClass: 153K(256K)->153K(256K) Class: 4K(128K)->4K(128K)
[2026-06-17T09:56:47.827+0800][56.457s][info][gc             ] GC(1333) Pause Young (Allocation Failure) 50M->35M(61M) 3.105ms
[2026-06-17T09:56:47.828+0800][56.457s][info][gc,cpu         ] GC(1333) User=0.00s Sys=0.00s Real=0.00s
[2026-06-17T09:56:47.880+0800][56.509s][info][gc,start       ] GC(1334) Pause Young (Allocation Failure)
[2026-06-17T09:56:47.881+0800][56.510s][info][gc,heap        ] GC(1334) DefNew: 19595K(19648K)->2155K(19648K) Eden: 17472K(17472K)->0K(17472K) From: 2123K(2176K)->2155K(2176K)
[2026-06-17T09:56:47.881+0800][56.510s][info][gc,heap        ] GC(1334) Tenured: 34500K(43712K)->38194K(43712K)
[2026-06-17T09:56:47.881+0800][56.510s][info][gc,metaspace   ] GC(1334) Metaspace: 158K(384K)->158K(384K) NonClass: 153K(256K)->153K(256K) Class: 4K(128K)->4K(128K)
[2026-06-17T09:56:47.881+0800][56.510s][info][gc             ] GC(1334) Pause Young (Allocation Failure) 52M->39M(61M) 1.451ms
[2026-06-17T09:56:47.881+0800][56.510s][info][gc,cpu         ] GC(1334) User=0.00s Sys=0.00s Real=0.00s
[2026-06-17T09:56:47.924+0800][56.553s][info][gc,start       ] GC(1335) Pause Young (Allocation Failure)
[2026-06-17T09:56:47.924+0800][56.553s][info][gc             ] GC(1335) Pause Young (Allocation Failure) 56M->56M(61M) 0.308ms
[2026-06-17T09:56:47.924+0800][56.553s][info][gc,cpu         ] GC(1335) User=0.00s Sys=0.00s Real=0.00s
[2026-06-17T09:56:47.924+0800][56.553s][info][gc,start       ] GC(1336) Pause Full (Allocation Failure)
[2026-06-17T09:56:47.924+0800][56.554s][info][gc,phases,start] GC(1336) Phase 1: Mark live objects
[2026-06-17T09:56:47.925+0800][56.554s][info][gc,phases      ] GC(1336) Phase 1: Mark live objects 0.394ms
[2026-06-17T09:56:47.925+0800][56.554s][info][gc,phases,start] GC(1336) Phase 2: Compute new object addresses
[2026-06-17T09:56:47.925+0800][56.554s][info][gc,phases      ] GC(1336) Phase 2: Compute new object addresses 0.291ms
[2026-06-17T09:56:47.925+0800][56.555s][info][gc,phases,start] GC(1336) Phase 3: Adjust pointers
[2026-06-17T09:56:47.926+0800][56.555s][info][gc,phases      ] GC(1336) Phase 3: Adjust pointers 0.338ms
[2026-06-17T09:56:47.926+0800][56.555s][info][gc,phases,start] GC(1336) Phase 4: Move objects
[2026-06-17T09:56:47.928+0800][56.557s][info][gc,phases      ] GC(1336) Phase 4: Move objects 1.859ms
[2026-06-17T09:56:47.928+0800][56.557s][info][gc,heap        ] GC(1336) DefNew: 19585K(19648K)->0K(19648K) Eden: 17429K(17472K)->0K(17472K) From: 2155K(2176K)->0K(2176K)
[2026-06-17T09:56:47.929+0800][56.558s][info][gc,heap        ] GC(1336) Tenured: 38194K(43712K)->23667K(43712K)
[2026-06-17T09:56:47.929+0800][56.558s][info][gc,metaspace   ] GC(1336) Metaspace: 158K(384K)->158K(384K) NonClass: 153K(256K)->153K(256K) Class: 4K(128K)->4K(128K)
[2026-06-17T09:56:47.929+0800][56.558s][info][gc             ] GC(1336) Pause Full (Allocation Failure) 56M->23M(61M) 4.574ms
[2026-06-17T09:56:47.929+0800][56.558s][info][gc,cpu         ] GC(1336) User=0.00s Sys=0.01s Real=0.00s
[2026-06-17T09:56:47.971+0800][56.600s][info][gc,start       ] GC(1337) Pause Young (Allocation Failure)
[2026-06-17T09:56:47.972+0800][56.601s][info][gc,heap        ] GC(1337) DefNew: 17465K(19648K)->2174K(19648K) Eden: 17465K(17472K)->0K(17472K) From: 0K(2176K)->2174K(2176K)
[2026-06-17T09:56:47.972+0800][56.601s][info][gc,heap        ] GC(1337) Tenured: 23667K(43712K)->28525K(43712K)
[2026-06-17T09:56:47.972+0800][56.601s][info][gc,metaspace   ] GC(1337) Metaspace: 158K(384K)->158K(384K) NonClass: 153K(256K)->153K(256K) Class: 4K(128K)->4K(128K)
[2026-06-17T09:56:47.972+0800][56.601s][info][gc             ] GC(1337) Pause Young (Allocation Failure) 40M->29M(61M) 1.477ms
[2026-06-17T09:56:47.972+0800][56.602s][info][gc,cpu         ] GC(1337) User=0.00s Sys=0.00s Real=0.00s
[2026-06-17T09:56:48.025+0800][56.654s][info][gc,start       ] GC(1338) Pause Young (Allocation Failure)
[2026-06-17T09:56:48.026+0800][56.655s][info][gc,heap        ] GC(1338) DefNew: 19642K(19648K)->2007K(19648K) Eden: 17467K(17472K)->0K(17472K) From: 2174K(2176K)->2007K(2176K)
[2026-06-17T09:56:48.026+0800][56.655s][info][gc,heap        ] GC(1338) Tenured: 28525K(43712K)->30078K(43712K)
[2026-06-17T09:56:48.026+0800][56.656s][info][gc,metaspace   ] GC(1338) Metaspace: 158K(384K)->158K(384K) NonClass: 153K(256K)->153K(256K) Class: 4K(128K)->4K(128K)
[2026-06-17T09:56:48.027+0800][56.656s][info][gc             ] GC(1338) Pause Young (Allocation Failure) 47M->31M(61M) 1.986ms
[2026-06-17T09:56:48.027+0800][56.656s][info][gc,cpu         ] GC(1338) User=0.01s Sys=0.00s Real=0.00s
[2026-06-17T09:56:48.059+0800][56.688s][info][gc,start       ] GC(1339) Pause Young (Allocation Failure)
[2026-06-17T09:56:48.060+0800][56.689s][info][gc,heap        ] GC(1339) DefNew: 19222K(19648K)->2114K(19648K) Eden: 17214K(17472K)->0K(17472K) From: 2007K(2176K)->2114K(2176K)
[2026-06-17T09:56:48.060+0800][56.689s][info][gc,heap        ] GC(1339) Tenured: 30078K(43712K)->33165K(43712K)
[2026-06-17T09:56:48.060+0800][56.689s][info][gc,metaspace   ] GC(1339) Metaspace: 158K(384K)->158K(384K) NonClass: 153K(256K)->153K(256K) Class: 4K(128K)->4K(128K)
[2026-06-17T09:56:48.060+0800][56.690s][info][gc             ] GC(1339) Pause Young (Allocation Failure) 48M->34M(61M) 1.576ms
[2026-06-17T09:56:48.061+0800][56.690s][info][gc,cpu         ] GC(1339) User=0.00s Sys=0.00s Real=0.00s
[2026-06-17T09:56:48.113+0800][56.742s][info][gc,start       ] GC(1340) Pause Young (Allocation Failure)
[2026-06-17T09:56:48.114+0800][56.743s][info][gc,heap        ] GC(1340) DefNew: 19573K(19648K)->2099K(19648K) Eden: 17459K(17472K)->0K(17472K) From: 2114K(2176K)->2099K(2176K)
[2026-06-17T09:56:48.114+0800][56.744s][info][gc,heap        ] GC(1340) Tenured: 33165K(43712K)->37106K(43712K)
[2026-06-17T09:56:48.115+0800][56.744s][info][gc,metaspace   ] GC(1340) Metaspace: 158K(384K)->158K(384K) NonClass: 153K(256K)->153K(256K) Class: 4K(128K)->4K(128K)
[2026-06-17T09:56:48.115+0800][56.744s][info][gc             ] GC(1340) Pause Young (Allocation Failure) 51M->38M(61M) 1.801ms
[2026-06-17T09:56:48.115+0800][56.744s][info][gc,cpu         ] GC(1340) User=0.00s Sys=0.00s Real=0.00s
[2026-06-17T09:56:48.157+0800][56.786s][info][gc,start       ] GC(1341) Pause Young (Allocation Failure)
[2026-06-17T09:56:48.158+0800][56.787s][info][gc,heap        ] GC(1341) DefNew: 19521K(19648K)->2173K(19648K) Eden: 17421K(17472K)->0K(17472K) From: 2099K(2176K)->2173K(2176K)
[2026-06-17T09:56:48.158+0800][56.787s][info][gc,heap        ] GC(1341) Tenured: 37106K(43712K)->40895K(43712K)
[2026-06-17T09:56:48.158+0800][56.787s][info][gc,metaspace   ] GC(1341) Metaspace: 158K(384K)->158K(384K) NonClass: 153K(256K)->153K(256K) Class: 4K(128K)->4K(128K)
[2026-06-17T09:56:48.158+0800][56.788s][info][gc             ] GC(1341) Pause Young (Allocation Failure) 55M->42M(61M) 1.682ms
[2026-06-17T09:56:48.159+0800][56.788s][info][gc,cpu         ] GC(1341) User=0.00s Sys=0.00s Real=0.00s
[2026-06-17T09:56:48.201+0800][56.830s][info][gc,start       ] GC(1342) Pause Young (Allocation Failure)
[2026-06-17T09:56:48.201+0800][56.831s][info][gc             ] GC(1342) Pause Young (Allocation Failure) 59M->59M(61M) 0.451ms
[2026-06-17T09:56:48.202+0800][56.831s][info][gc,cpu         ] GC(1342) User=0.00s Sys=0.00s Real=0.00s
[2026-06-17T09:56:48.202+0800][56.831s][info][gc,start       ] GC(1343) Pause Full (Allocation Failure)
[2026-06-17T09:56:48.202+0800][56.831s][info][gc,phases,start] GC(1343) Phase 1: Mark live objects
[2026-06-17T09:56:48.202+0800][56.831s][info][gc,phases      ] GC(1343) Phase 1: Mark live objects 0.406ms
[2026-06-17T09:56:48.203+0800][56.832s][info][gc,phases,start] GC(1343) Phase 2: Compute new object addresses
[2026-06-17T09:56:48.203+0800][56.832s][info][gc,phases      ] GC(1343) Phase 2: Compute new object addresses 0.329ms
[2026-06-17T09:56:48.203+0800][56.832s][info][gc,phases,start] GC(1343) Phase 3: Adjust pointers
[2026-06-17T09:56:48.203+0800][56.832s][info][gc,phases      ] GC(1343) Phase 3: Adjust pointers 0.299ms
[2026-06-17T09:56:48.203+0800][56.832s][info][gc,phases,start] GC(1343) Phase 4: Move objects
[2026-06-17T09:56:48.205+0800][56.834s][info][gc,phases      ] GC(1343) Phase 4: Move objects 1.449ms
[2026-06-17T09:56:48.205+0800][56.834s][info][gc,heap        ] GC(1343) DefNew: 19629K(19648K)->0K(19648K) Eden: 17455K(17472K)->0K(17472K) From: 2173K(2176K)->0K(2176K)
[2026-06-17T09:56:48.205+0800][56.835s][info][gc,heap        ] GC(1343) Tenured: 40895K(43712K)->24090K(43712K)
[2026-06-17T09:56:48.206+0800][56.835s][info][gc,metaspace   ] GC(1343) Metaspace: 158K(384K)->158K(384K) NonClass: 153K(256K)->153K(256K) Class: 4K(128K)->4K(128K)
[2026-06-17T09:56:48.206+0800][56.835s][info][gc             ] GC(1343) Pause Full (Allocation Failure) 59M->23M(61M) 3.956ms
[2026-06-17T09:56:48.206+0800][56.835s][info][gc,cpu         ] GC(1343) User=0.00s Sys=0.00s Real=0.01s
[2026-06-17T09:56:48.248+0800][56.877s][info][gc,start       ] GC(1344) Pause Young (Allocation Failure)
[2026-06-17T09:56:48.250+0800][56.879s][info][gc,heap        ] GC(1344) DefNew: 17431K(19648K)->2171K(19648K) Eden: 17431K(17472K)->0K(17472K) From: 0K(2176K)->2171K(2176K)
[2026-06-17T09:56:48.250+0800][56.879s][info][gc,heap        ] GC(1344) Tenured: 24090K(43712K)->28889K(43712K)
[2026-06-17T09:56:48.250+0800][56.879s][info][gc,metaspace   ] GC(1344) Metaspace: 158K(384K)->158K(384K) NonClass: 153K(256K)->153K(256K) Class: 4K(128K)->4K(128K)
[2026-06-17T09:56:48.250+0800][56.879s][info][gc             ] GC(1344) Pause Young (Allocation Failure) 40M->30M(61M) 2.266ms
[2026-06-17T09:56:48.250+0800][56.880s][info][gc,cpu         ] GC(1344) User=0.00s Sys=0.00s Real=0.01s
[2026-06-17T09:56:48.293+0800][56.922s][info][gc,start       ] GC(1345) Pause Young (Allocation Failure)
[2026-06-17T09:56:48.294+0800][56.923s][info][gc,heap        ] GC(1345) DefNew: 19607K(19648K)->2165K(19648K) Eden: 17436K(17472K)->0K(17472K) From: 2171K(2176K)->2165K(2176K)
[2026-06-17T09:56:48.294+0800][56.923s][info][gc,heap        ] GC(1345) Tenured: 28889K(43712K)->31188K(43712K)
[2026-06-17T09:56:48.294+0800][56.923s][info][gc,metaspace   ] GC(1345) Metaspace: 158K(384K)->158K(384K) NonClass: 153K(256K)->153K(256K) Class: 4K(128K)->4K(128K)
[2026-06-17T09:56:48.294+0800][56.923s][info][gc             ] GC(1345) Pause Young (Allocation Failure) 47M->32M(61M) 1.573ms
[2026-06-17T09:56:48.294+0800][56.923s][info][gc,cpu         ] GC(1345) User=0.00s Sys=0.00s Real=0.00s
[2026-06-17T09:56:48.347+0800][56.976s][info][gc,start       ] GC(1346) Pause Young (Allocation Failure)
[2026-06-17T09:56:48.348+0800][56.977s][info][gc,heap        ] GC(1346) DefNew: 19633K(19648K)->2104K(19648K) Eden: 17468K(17472K)->0K(17472K) From: 2165K(2176K)->2104K(2176K)
[2026-06-17T09:56:48.348+0800][56.977s][info][gc,heap        ] GC(1346) Tenured: 31188K(43712K)->34544K(43712K)
[2026-06-17T09:56:48.348+0800][56.977s][info][gc,metaspace   ] GC(1346) Metaspace: 158K(384K)->158K(384K) NonClass: 153K(256K)->153K(256K) Class: 4K(128K)->4K(128K)
[2026-06-17T09:56:48.348+0800][56.977s][info][gc             ] GC(1346) Pause Young (Allocation Failure) 49M->35M(61M) 1.292ms
[2026-06-17T09:56:48.348+0800][56.977s][info][gc,cpu         ] GC(1346) User=0.00s Sys=0.00s Real=0.00s
[2026-06-17T09:56:48.390+0800][57.019s][info][gc,start       ] GC(1347) Pause Young (Allocation Failure)
[2026-06-17T09:56:48.392+0800][57.021s][info][gc,heap        ] GC(1347) DefNew: 19557K(19648K)->2166K(19648K) Eden: 17452K(17472K)->0K(17472K) From: 2104K(2176K)->2166K(2176K)
[2026-06-17T09:56:48.393+0800][57.022s][info][gc,heap        ] GC(1347) Tenured: 34544K(43712K)->38097K(43712K)
[2026-06-17T09:56:48.395+0800][57.024s][info][gc,metaspace   ] GC(1347) Metaspace: 158K(384K)->158K(384K) NonClass: 153K(256K)->153K(256K) Class: 4K(128K)->4K(128K)
[2026-06-17T09:56:48.395+0800][57.025s][info][gc             ] GC(1347) Pause Young (Allocation Failure) 52M->39M(61M) 5.220ms
[2026-06-17T09:56:48.396+0800][57.025s][info][gc,cpu         ] GC(1347) User=0.00s Sys=0.00s Real=0.01s
[2026-06-17T09:56:48.438+0800][57.067s][info][gc,start       ] GC(1348) Pause Young (Allocation Failure)
[2026-06-17T09:56:48.438+0800][57.067s][info][gc             ] GC(1348) Pause Young (Allocation Failure) 56M->56M(61M) 0.360ms
[2026-06-17T09:56:48.439+0800][57.068s][info][gc,cpu         ] GC(1348) User=0.00s Sys=0.00s Real=0.00s
[2026-06-17T09:56:48.439+0800][57.068s][info][gc,start       ] GC(1349) Pause Full (Allocation Failure)
[2026-06-17T09:56:48.439+0800][57.068s][info][gc,phases,start] GC(1349) Phase 1: Mark live objects
[2026-06-17T09:56:48.440+0800][57.069s][info][gc,phases      ] GC(1349) Phase 1: Mark live objects 0.476ms
[2026-06-17T09:56:48.440+0800][57.069s][info][gc,phases,start] GC(1349) Phase 2: Compute new object addresses
[2026-06-17T09:56:48.440+0800][57.069s][info][gc,phases      ] GC(1349) Phase 2: Compute new object addresses 0.324ms
[2026-06-17T09:56:48.440+0800][57.069s][info][gc,phases,start] GC(1349) Phase 3: Adjust pointers
[2026-06-17T09:56:48.441+0800][57.070s][info][gc,phases      ] GC(1349) Phase 3: Adjust pointers 0.409ms
[2026-06-17T09:56:48.441+0800][57.070s][info][gc,phases,start] GC(1349) Phase 4: Move objects
[2026-06-17T09:56:48.443+0800][57.072s][info][gc,phases      ] GC(1349) Phase 4: Move objects 2.278ms
[2026-06-17T09:56:48.444+0800][57.073s][info][gc,heap        ] GC(1349) DefNew: 19638K(19648K)->0K(19648K) Eden: 17472K(17472K)->0K(17472K) From: 2166K(2176K)->0K(2176K)
[2026-06-17T09:56:48.444+0800][57.073s][info][gc,heap        ] GC(1349) Tenured: 38097K(43712K)->24100K(43712K)
[2026-06-17T09:56:48.444+0800][57.073s][info][gc,metaspace   ] GC(1349) Metaspace: 158K(384K)->158K(384K) NonClass: 153K(256K)->153K(256K) Class: 4K(128K)->4K(128K)
[2026-06-17T09:56:48.444+0800][57.073s][info][gc             ] GC(1349) Pause Full (Allocation Failure) 56M->23M(61M) 5.134ms
[2026-06-17T09:56:48.444+0800][57.073s][info][gc,cpu         ] GC(1349) User=0.01s Sys=0.00s Real=0.01s
[2026-06-17T09:56:48.486+0800][57.115s][info][gc,start       ] GC(1350) Pause Young (Allocation Failure)
[2026-06-17T09:56:48.487+0800][57.116s][info][gc,heap        ] GC(1350) DefNew: 17455K(19648K)->2168K(19648K) Eden: 17455K(17472K)->0K(17472K) From: 0K(2176K)->2168K(2176K)
[2026-06-17T09:56:48.488+0800][57.117s][info][gc,heap        ] GC(1350) Tenured: 24100K(43712K)->28653K(43712K)
[2026-06-17T09:56:48.488+0800][57.117s][info][gc,metaspace   ] GC(1350) Metaspace: 158K(384K)->158K(384K) NonClass: 153K(256K)->153K(256K) Class: 4K(128K)->4K(128K)
[2026-06-17T09:56:48.488+0800][57.117s][info][gc             ] GC(1350) Pause Young (Allocation Failure) 40M->30M(61M) 1.418ms
[2026-06-17T09:56:48.488+0800][57.117s][info][gc,cpu         ] GC(1350) User=0.00s Sys=0.00s Real=0.00s
[2026-06-17T09:56:48.530+0800][57.159s][info][gc,start       ] GC(1351) Pause Young (Allocation Failure)
[2026-06-17T09:56:48.531+0800][57.160s][info][gc,heap        ] GC(1351) DefNew: 19500K(19648K)->2158K(19648K) Eden: 17332K(17472K)->0K(17472K) From: 2168K(2176K)->2158K(2176K)
[2026-06-17T09:56:48.531+0800][57.160s][info][gc,heap        ] GC(1351) Tenured: 28653K(43712K)->31274K(43712K)
[2026-06-17T09:56:48.531+0800][57.160s][info][gc,metaspace   ] GC(1351) Metaspace: 158K(384K)->158K(384K) NonClass: 153K(256K)->153K(256K) Class: 4K(128K)->4K(128K)
[2026-06-17T09:56:48.531+0800][57.160s][info][gc             ] GC(1351) Pause Young (Allocation Failure) 47M->32M(61M) 1.506ms
[2026-06-17T09:56:48.531+0800][57.161s][info][gc,cpu         ] GC(1351) User=0.00s Sys=0.00s Real=0.01s
[2026-06-17T09:56:48.584+0800][57.213s][info][gc,start       ] GC(1352) Pause Young (Allocation Failure)
[2026-06-17T09:56:48.585+0800][57.214s][info][gc,heap        ] GC(1352) DefNew: 19609K(19648K)->2070K(19648K) Eden: 17451K(17472K)->0K(17472K) From: 2158K(2176K)->2070K(2176K)
[2026-06-17T09:56:48.586+0800][57.215s][info][gc,heap        ] GC(1352) Tenured: 31274K(43712K)->35074K(43712K)
[2026-06-17T09:56:48.586+0800][57.215s][info][gc,metaspace   ] GC(1352) Metaspace: 158K(384K)->158K(384K) NonClass: 153K(256K)->153K(256K) Class: 4K(128K)->4K(128K)
[2026-06-17T09:56:48.586+0800][57.215s][info][gc             ] GC(1352) Pause Young (Allocation Failure) 49M->36M(61M) 2.335ms
[2026-06-17T09:56:48.586+0800][57.215s][info][gc,cpu         ] GC(1352) User=0.00s Sys=0.00s Real=0.00s
[2026-06-17T09:56:48.629+0800][57.258s][info][gc,start       ] GC(1353) Pause Young (Allocation Failure)
[2026-06-17T09:56:48.631+0800][57.260s][info][gc,heap        ] GC(1353) DefNew: 19542K(19648K)->2127K(19648K) Eden: 17472K(17472K)->0K(17472K) From: 2070K(2176K)->2127K(2176K)
[2026-06-17T09:56:48.632+0800][57.261s][info][gc,heap        ] GC(1353) Tenured: 35074K(43712K)->38657K(43712K)
[2026-06-17T09:56:48.632+0800][57.261s][info][gc,metaspace   ] GC(1353) Metaspace: 158K(384K)->158K(384K) NonClass: 153K(256K)->153K(256K) Class: 4K(128K)->4K(128K)
[2026-06-17T09:56:48.633+0800][57.262s][info][gc             ] GC(1353) Pause Young (Allocation Failure) 53M->39M(61M) 3.495ms
[2026-06-17T09:56:48.633+0800][57.262s][info][gc,cpu         ] GC(1353) User=0.00s Sys=0.00s Real=0.01s
[2026-06-17T09:56:48.667+0800][57.296s][info][gc,start       ] GC(1354) Pause Young (Allocation Failure)
[2026-06-17T09:56:48.668+0800][57.297s][info][gc             ] GC(1354) Pause Young (Allocation Failure) 56M->56M(61M) 1.058ms
[2026-06-17T09:56:48.669+0800][57.298s][info][gc,cpu         ] GC(1354) User=0.00s Sys=0.00s Real=0.00s
[2026-06-17T09:56:48.669+0800][57.299s][info][gc,start       ] GC(1355) Pause Full (Allocation Failure)
[2026-06-17T09:56:48.670+0800][57.299s][info][gc,phases,start] GC(1355) Phase 1: Mark live objects
[2026-06-17T09:56:48.672+0800][57.301s][info][gc,phases      ] GC(1355) Phase 1: Mark live objects 1.371ms
[2026-06-17T09:56:48.672+0800][57.301s][info][gc,phases,start] GC(1355) Phase 2: Compute new object addresses
[2026-06-17T09:56:48.674+0800][57.303s][info][gc,phases      ] GC(1355) Phase 2: Compute new object addresses 1.338ms
[2026-06-17T09:56:48.674+0800][57.303s][info][gc,phases,start] GC(1355) Phase 3: Adjust pointers
[2026-06-17T09:56:48.675+0800][57.304s][info][gc,phases      ] GC(1355) Phase 3: Adjust pointers 0.986ms
[2026-06-17T09:56:48.675+0800][57.304s][info][gc,phases,start] GC(1355) Phase 4: Move objects
[2026-06-17T09:56:48.679+0800][57.308s][info][gc,phases      ] GC(1355) Phase 4: Move objects 3.346ms
[2026-06-17T09:56:48.679+0800][57.308s][info][gc,heap        ] GC(1355) DefNew: 19336K(19648K)->0K(19648K) Eden: 17208K(17472K)->0K(17472K) From: 2127K(2176K)->0K(2176K)
[2026-06-17T09:56:48.680+0800][57.309s][info][gc,heap        ] GC(1355) Tenured: 38657K(43712K)->27932K(43712K)
[2026-06-17T09:56:48.680+0800][57.309s][info][gc,metaspace   ] GC(1355) Metaspace: 158K(384K)->158K(384K) NonClass: 153K(256K)->153K(256K) Class: 4K(128K)->4K(128K)
[2026-06-17T09:56:48.680+0800][57.309s][info][gc             ] GC(1355) Pause Full (Allocation Failure) 56M->27M(61M) 10.489ms
[2026-06-17T09:56:48.680+0800][57.309s][info][gc,cpu         ] GC(1355) User=0.01s Sys=0.00s Real=0.01s
[2026-06-17T09:56:48.735+0800][57.364s][info][gc,start       ] GC(1356) Pause Young (Allocation Failure)
[2026-06-17T09:56:48.737+0800][57.366s][info][gc,heap        ] GC(1356) DefNew: 17472K(19648K)->2148K(19648K) Eden: 17472K(17472K)->0K(17472K) From: 0K(2176K)->2148K(2176K)
[2026-06-17T09:56:48.737+0800][57.367s][info][gc,heap        ] GC(1356) Tenured: 27932K(43712K)->29177K(43712K)
[2026-06-17T09:56:48.739+0800][57.368s][info][gc,metaspace   ] GC(1356) Metaspace: 158K(384K)->158K(384K) NonClass: 153K(256K)->153K(256K) Class: 4K(128K)->4K(128K)
[2026-06-17T09:56:48.740+0800][57.369s][info][gc             ] GC(1356) Pause Young (Allocation Failure) 44M->30M(61M) 4.703ms
[2026-06-17T09:56:48.740+0800][57.369s][info][gc,cpu         ] GC(1356) User=0.00s Sys=0.00s Real=0.00s
[2026-06-17T09:56:48.785+0800][57.414s][info][gc,start       ] GC(1357) Pause Young (Allocation Failure)
[2026-06-17T09:56:48.787+0800][57.416s][info][gc,heap        ] GC(1357) DefNew: 19586K(19648K)->2168K(19648K) Eden: 17437K(17472K)->0K(17472K) From: 2148K(2176K)->2168K(2176K)
[2026-06-17T09:56:48.787+0800][57.416s][info][gc,heap        ] GC(1357) Tenured: 29177K(43712K)->32547K(43712K)
[2026-06-17T09:56:48.788+0800][57.417s][info][gc,metaspace   ] GC(1357) Metaspace: 158K(384K)->158K(384K) NonClass: 153K(256K)->153K(256K) Class: 4K(128K)->4K(128K)
[2026-06-17T09:56:48.789+0800][57.418s][info][gc             ] GC(1357) Pause Young (Allocation Failure) 47M->33M(61M) 3.525ms
[2026-06-17T09:56:48.789+0800][57.418s][info][gc,cpu         ] GC(1357) User=0.01s Sys=0.00s Real=0.00s
[2026-06-17T09:56:48.833+0800][57.462s][info][gc,start       ] GC(1358) Pause Young (Allocation Failure)
[2026-06-17T09:56:48.841+0800][57.470s][info][gc,heap        ] GC(1358) DefNew: 19625K(19648K)->2163K(19648K) Eden: 17457K(17472K)->0K(17472K) From: 2168K(2176K)->2163K(2176K)
[2026-06-17T09:56:48.843+0800][57.472s][info][gc,heap        ] GC(1358) Tenured: 32547K(43712K)->36708K(43712K)
[2026-06-17T09:56:48.843+0800][57.472s][info][gc,metaspace   ] GC(1358) Metaspace: 158K(384K)->158K(384K) NonClass: 153K(256K)->153K(256K) Class: 4K(128K)->4K(128K)
[2026-06-17T09:56:48.844+0800][57.473s][info][gc             ] GC(1358) Pause Young (Allocation Failure) 50M->37M(61M) 10.794ms
[2026-06-17T09:56:48.844+0800][57.473s][info][gc,cpu         ] GC(1358) User=0.00s Sys=0.00s Real=0.01s
[2026-06-17T09:56:48.888+0800][57.517s][info][gc,start       ] GC(1359) Pause Young (Allocation Failure)
[2026-06-17T09:56:48.890+0800][57.519s][info][gc,heap        ] GC(1359) DefNew: 19624K(19648K)->2015K(19648K) Eden: 17460K(17472K)->0K(17472K) From: 2163K(2176K)->2015K(2176K)
[2026-06-17T09:56:48.890+0800][57.519s][info][gc,heap        ] GC(1359) Tenured: 36708K(43712K)->39867K(43712K)
[2026-06-17T09:56:48.890+0800][57.520s][info][gc,metaspace   ] GC(1359) Metaspace: 158K(384K)->158K(384K) NonClass: 153K(256K)->153K(256K) Class: 4K(128K)->4K(128K)
[2026-06-17T09:56:48.891+0800][57.520s][info][gc             ] GC(1359) Pause Young (Allocation Failure) 55M->40M(61M) 2.603ms
[2026-06-17T09:56:48.891+0800][57.520s][info][gc,cpu         ] GC(1359) User=0.00s Sys=0.00s Real=0.01s
[2026-06-17T09:56:48.933+0800][57.563s][info][gc,start       ] GC(1360) Pause Young (Allocation Failure)
[2026-06-17T09:56:48.934+0800][57.563s][info][gc             ] GC(1360) Pause Young (Allocation Failure) 57M->57M(61M) 0.412ms
[2026-06-17T09:56:48.934+0800][57.563s][info][gc,cpu         ] GC(1360) User=0.00s Sys=0.00s Real=0.00s
[2026-06-17T09:56:48.934+0800][57.563s][info][gc,start       ] GC(1361) Pause Full (Allocation Failure)
[2026-06-17T09:56:48.934+0800][57.564s][info][gc,phases,start] GC(1361) Phase 1: Mark live objects
[2026-06-17T09:56:48.935+0800][57.564s][info][gc,phases      ] GC(1361) Phase 1: Mark live objects 0.686ms
[2026-06-17T09:56:48.935+0800][57.565s][info][gc,phases,start] GC(1361) Phase 2: Compute new object addresses
[2026-06-17T09:56:48.936+0800][57.565s][info][gc,phases      ] GC(1361) Phase 2: Compute new object addresses 0.394ms
[2026-06-17T09:56:48.936+0800][57.565s][info][gc,phases,start] GC(1361) Phase 3: Adjust pointers
[2026-06-17T09:56:48.937+0800][57.566s][info][gc,phases      ] GC(1361) Phase 3: Adjust pointers 0.551ms
[2026-06-17T09:56:48.937+0800][57.566s][info][gc,phases,start] GC(1361) Phase 4: Move objects
[2026-06-17T09:56:48.939+0800][57.568s][info][gc,phases      ] GC(1361) Phase 4: Move objects 2.180ms
[2026-06-17T09:56:48.939+0800][57.568s][info][gc,heap        ] GC(1361) DefNew: 19406K(19648K)->0K(19648K) Eden: 17390K(17472K)->0K(17472K) From: 2015K(2176K)->0K(2176K)
[2026-06-17T09:56:48.939+0800][57.568s][info][gc,heap        ] GC(1361) Tenured: 39867K(43712K)->21921K(43712K)
[2026-06-17T09:56:48.941+0800][57.570s][info][gc,metaspace   ] GC(1361) Metaspace: 158K(384K)->158K(384K) NonClass: 153K(256K)->153K(256K) Class: 4K(128K)->4K(128K)
[2026-06-17T09:56:48.941+0800][57.570s][info][gc             ] GC(1361) Pause Full (Allocation Failure) 57M->21M(61M) 7.061ms
[2026-06-17T09:56:48.942+0800][57.571s][info][gc,cpu         ] GC(1361) User=0.00s Sys=0.00s Real=0.00s
[2026-06-17T09:56:48.984+0800][57.613s][info][gc,start       ] GC(1362) Pause Young (Allocation Failure)
[2026-06-17T09:56:48.985+0800][57.615s][info][gc,heap        ] GC(1362) DefNew: 17450K(19648K)->2170K(19648K) Eden: 17450K(17472K)->0K(17472K) From: 0K(2176K)->2170K(2176K)
[2026-06-17T09:56:48.986+0800][57.615s][info][gc,heap        ] GC(1362) Tenured: 21921K(43712K)->26838K(43712K)
[2026-06-17T09:56:48.986+0800][57.615s][info][gc,metaspace   ] GC(1362) Metaspace: 158K(384K)->158K(384K) NonClass: 153K(256K)->153K(256K) Class: 4K(128K)->4K(128K)
[2026-06-17T09:56:48.986+0800][57.615s][info][gc             ] GC(1362) Pause Young (Allocation Failure) 38M->28M(61M) 1.901ms
[2026-06-17T09:56:48.986+0800][57.616s][info][gc,cpu         ] GC(1362) User=0.00s Sys=0.00s Real=0.00s
[2026-06-17T09:56:49.039+0800][57.668s][info][gc,start       ] GC(1363) Pause Young (Allocation Failure)
[2026-06-17T09:56:49.040+0800][57.669s][info][gc,heap        ] GC(1363) DefNew: 19636K(19648K)->2047K(19648K) Eden: 17465K(17472K)->0K(17472K) From: 2170K(2176K)->2047K(2176K)
[2026-06-17T09:56:49.040+0800][57.669s][info][gc,heap        ] GC(1363) Tenured: 26838K(43712K)->30088K(43712K)
[2026-06-17T09:56:49.040+0800][57.669s][info][gc,metaspace   ] GC(1363) Metaspace: 158K(384K)->158K(384K) NonClass: 153K(256K)->153K(256K) Class: 4K(128K)->4K(128K)
[2026-06-17T09:56:49.040+0800][57.669s][info][gc             ] GC(1363) Pause Young (Allocation Failure) 45M->31M(61M) 1.499ms
[2026-06-17T09:56:49.040+0800][57.669s][info][gc,cpu         ] GC(1363) User=0.00s Sys=0.00s Real=0.00s
[2026-06-17T09:56:49.072+0800][57.701s][info][gc,start       ] GC(1364) Pause Young (Allocation Failure)
[2026-06-17T09:56:49.074+0800][57.703s][info][gc,heap        ] GC(1364) DefNew: 19276K(19648K)->2152K(19648K) Eden: 17229K(17472K)->0K(17472K) From: 2047K(2176K)->2152K(2176K)
[2026-06-17T09:56:49.074+0800][57.704s][info][gc,heap        ] GC(1364) Tenured: 30088K(43712K)->33044K(43712K)
[2026-06-17T09:56:49.075+0800][57.704s][info][gc,metaspace   ] GC(1364) Metaspace: 158K(384K)->158K(384K) NonClass: 153K(256K)->153K(256K) Class: 4K(128K)->4K(128K)
[2026-06-17T09:56:49.075+0800][57.704s][info][gc             ] GC(1364) Pause Young (Allocation Failure) 48M->34M(61M) 2.887ms
[2026-06-17T09:56:49.075+0800][57.704s][info][gc,cpu         ] GC(1364) User=0.00s Sys=0.00s Real=0.00s
[2026-06-17T09:56:49.128+0800][57.757s][info][gc,start       ] GC(1365) Pause Young (Allocation Failure)
[2026-06-17T09:56:49.129+0800][57.758s][info][gc,heap        ] GC(1365) DefNew: 19580K(19648K)->2067K(19648K) Eden: 17428K(17472K)->0K(17472K) From: 2152K(2176K)->2067K(2176K)
[2026-06-17T09:56:49.129+0800][57.758s][info][gc,heap        ] GC(1365) Tenured: 33044K(43712K)->36443K(43712K)
[2026-06-17T09:56:49.129+0800][57.758s][info][gc,metaspace   ] GC(1365) Metaspace: 158K(384K)->158K(384K) NonClass: 153K(256K)->153K(256K) Class: 4K(128K)->4K(128K)
[2026-06-17T09:56:49.129+0800][57.759s][info][gc             ] GC(1365) Pause Young (Allocation Failure) 51M->37M(61M) 1.962ms
[2026-06-17T09:56:49.130+0800][57.759s][info][gc,cpu         ] GC(1365) User=0.00s Sys=0.01s Real=0.00s
[2026-06-17T09:56:49.171+0800][57.801s][info][gc,start       ] GC(1366) Pause Young (Allocation Failure)
[2026-06-17T09:56:49.173+0800][57.802s][info][gc,heap        ] GC(1366) DefNew: 19490K(19648K)->2133K(19648K) Eden: 17423K(17472K)->0K(17472K) From: 2067K(2176K)->2133K(2176K)
[2026-06-17T09:56:49.173+0800][57.802s][info][gc,heap        ] GC(1366) Tenured: 36443K(43712K)->39784K(43712K)
[2026-06-17T09:56:49.173+0800][57.802s][info][gc,metaspace   ] GC(1366) Metaspace: 158K(384K)->158K(384K) NonClass: 153K(256K)->153K(256K) Class: 4K(128K)->4K(128K)
[2026-06-17T09:56:49.173+0800][57.802s][info][gc             ] GC(1366) Pause Young (Allocation Failure) 54M->40M(61M) 1.735ms
[2026-06-17T09:56:49.173+0800][57.802s][info][gc,cpu         ] GC(1366) User=0.00s Sys=0.00s Real=0.00s
[2026-06-17T09:56:49.215+0800][57.844s][info][gc,start       ] GC(1367) Pause Young (Allocation Failure)
[2026-06-17T09:56:49.216+0800][57.845s][info][gc             ] GC(1367) Pause Young (Allocation Failure) 57M->57M(61M) 0.453ms
[2026-06-17T09:56:49.216+0800][57.845s][info][gc,cpu         ] GC(1367) User=0.00s Sys=0.00s Real=0.00s
[2026-06-17T09:56:49.216+0800][57.845s][info][gc,start       ] GC(1368) Pause Full (Allocation Failure)
[2026-06-17T09:56:49.216+0800][57.846s][info][gc,phases,start] GC(1368) Phase 1: Mark live objects
[2026-06-17T09:56:49.217+0800][57.846s][info][gc,phases      ] GC(1368) Phase 1: Mark live objects 0.606ms
[2026-06-17T09:56:49.217+0800][57.846s][info][gc,phases,start] GC(1368) Phase 2: Compute new object addresses
[2026-06-17T09:56:49.218+0800][57.847s][info][gc,phases      ] GC(1368) Phase 2: Compute new object addresses 0.431ms
[2026-06-17T09:56:49.218+0800][57.847s][info][gc,phases,start] GC(1368) Phase 3: Adjust pointers
[2026-06-17T09:56:49.218+0800][57.848s][info][gc,phases      ] GC(1368) Phase 3: Adjust pointers 0.447ms
[2026-06-17T09:56:49.219+0800][57.848s][info][gc,phases,start] GC(1368) Phase 4: Move objects
[2026-06-17T09:56:49.221+0800][57.851s][info][gc,phases      ] GC(1368) Phase 4: Move objects 2.598ms
[2026-06-17T09:56:49.222+0800][57.851s][info][gc,heap        ] GC(1368) DefNew: 19569K(19648K)->0K(19648K) Eden: 17435K(17472K)->0K(17472K) From: 2133K(2176K)->0K(2176K)
[2026-06-17T09:56:49.222+0800][57.851s][info][gc,heap        ] GC(1368) Tenured: 39784K(43712K)->33100K(43712K)
[2026-06-17T09:56:49.222+0800][57.851s][info][gc,metaspace   ] GC(1368) Metaspace: 158K(384K)->158K(384K) NonClass: 153K(256K)->153K(256K) Class: 4K(128K)->4K(128K)
[2026-06-17T09:56:49.222+0800][57.851s][info][gc             ] GC(1368) Pause Full (Allocation Failure) 57M->32M(61M) 5.963ms
[2026-06-17T09:56:49.222+0800][57.852s][info][gc,cpu         ] GC(1368) User=0.00s Sys=0.00s Real=0.00s
[2026-06-17T09:56:49.265+0800][57.894s][info][gc,start       ] GC(1369) Pause Young (Allocation Failure)
[2026-06-17T09:56:49.266+0800][57.895s][info][gc,heap        ] GC(1369) DefNew: 17454K(19648K)->2173K(19648K) Eden: 17454K(17472K)->0K(17472K) From: 0K(2176K)->2173K(2176K)
[2026-06-17T09:56:49.266+0800][57.895s][info][gc,heap        ] GC(1369) Tenured: 33100K(43712K)->37917K(43712K)
[2026-06-17T09:56:49.267+0800][57.896s][info][gc,metaspace   ] GC(1369) Metaspace: 158K(384K)->158K(384K) NonClass: 153K(256K)->153K(256K) Class: 4K(128K)->4K(128K)
[2026-06-17T09:56:49.267+0800][57.896s][info][gc             ] GC(1369) Pause Young (Allocation Failure) 49M->39M(61M) 1.804ms
[2026-06-17T09:56:49.267+0800][57.896s][info][gc,cpu         ] GC(1369) User=0.00s Sys=0.00s Real=0.00s
[2026-06-17T09:56:49.310+0800][57.939s][info][gc,start       ] GC(1370) Pause Young (Allocation Failure)
[2026-06-17T09:56:49.311+0800][57.940s][info][gc,heap        ] GC(1370) DefNew: 19610K(19648K)->2074K(19648K) Eden: 17437K(17472K)->0K(17472K) From: 2173K(2176K)->2074K(2176K)
[2026-06-17T09:56:49.311+0800][57.941s][info][gc,heap        ] GC(1370) Tenured: 37917K(43712K)->39722K(43712K)
[2026-06-17T09:56:49.316+0800][57.946s][info][gc,metaspace   ] GC(1370) Metaspace: 158K(384K)->158K(384K) NonClass: 153K(256K)->153K(256K) Class: 4K(128K)->4K(128K)
[2026-06-17T09:56:49.322+0800][57.951s][info][gc             ] GC(1370) Pause Young (Allocation Failure) 56M->40M(61M) 12.143ms
[2026-06-17T09:56:49.323+0800][57.952s][info][gc,cpu         ] GC(1370) User=0.00s Sys=0.00s Real=0.02s
[2026-06-17T09:56:49.376+0800][58.005s][info][gc,start       ] GC(1371) Pause Young (Allocation Failure)
[2026-06-17T09:56:49.376+0800][58.005s][info][gc             ] GC(1371) Pause Young (Allocation Failure) 57M->57M(61M) 0.675ms
[2026-06-17T09:56:49.378+0800][58.007s][info][gc,cpu         ] GC(1371) User=0.00s Sys=0.00s Real=0.00s
[2026-06-17T09:56:49.378+0800][58.007s][info][gc,start       ] GC(1372) Pause Full (Allocation Failure)
[2026-06-17T09:56:49.379+0800][58.008s][info][gc,phases,start] GC(1372) Phase 1: Mark live objects
[2026-06-17T09:56:49.379+0800][58.008s][info][gc,phases      ] GC(1372) Phase 1: Mark live objects 0.538ms
[2026-06-17T09:56:49.379+0800][58.009s][info][gc,phases,start] GC(1372) Phase 2: Compute new object addresses
[2026-06-17T09:56:49.380+0800][58.009s][info][gc,phases      ] GC(1372) Phase 2: Compute new object addresses 0.577ms
[2026-06-17T09:56:49.380+0800][58.010s][info][gc,phases,start] GC(1372) Phase 3: Adjust pointers
[2026-06-17T09:56:49.381+0800][58.010s][info][gc,phases      ] GC(1372) Phase 3: Adjust pointers 0.566ms
[2026-06-17T09:56:49.381+0800][58.010s][info][gc,phases,start] GC(1372) Phase 4: Move objects
[2026-06-17T09:56:49.383+0800][58.013s][info][gc,phases      ] GC(1372) Phase 4: Move objects 2.190ms
[2026-06-17T09:56:49.384+0800][58.013s][info][gc,heap        ] GC(1372) DefNew: 19512K(19648K)->0K(19648K) Eden: 17438K(17472K)->0K(17472K) From: 2074K(2176K)->0K(2176K)
[2026-06-17T09:56:49.384+0800][58.014s][info][gc,heap        ] GC(1372) Tenured: 39722K(43712K)->30250K(43712K)
[2026-06-17T09:56:49.385+0800][58.014s][info][gc,metaspace   ] GC(1372) Metaspace: 158K(384K)->158K(384K) NonClass: 153K(256K)->153K(256K) Class: 4K(128K)->4K(128K)
[2026-06-17T09:56:49.385+0800][58.014s][info][gc             ] GC(1372) Pause Full (Allocation Failure) 57M->29M(61M) 6.776ms
[2026-06-17T09:56:49.385+0800][58.015s][info][gc,cpu         ] GC(1372) User=0.00s Sys=0.00s Real=0.01s
[2026-06-17T09:56:49.428+0800][58.057s][info][gc,start       ] GC(1373) Pause Young (Allocation Failure)
[2026-06-17T09:56:49.431+0800][58.060s][info][gc,heap        ] GC(1373) DefNew: 17469K(19648K)->2175K(19648K) Eden: 17469K(17472K)->0K(17472K) From: 0K(2176K)->2175K(2176K)
[2026-06-17T09:56:49.432+0800][58.061s][info][gc,heap        ] GC(1373) Tenured: 30250K(43712K)->34660K(43712K)
[2026-06-17T09:56:49.432+0800][58.061s][info][gc,metaspace   ] GC(1373) Metaspace: 158K(384K)->158K(384K) NonClass: 153K(256K)->153K(256K) Class: 4K(128K)->4K(128K)
[2026-06-17T09:56:49.433+0800][58.062s][info][gc             ] GC(1373) Pause Young (Allocation Failure) 46M->35M(61M) 4.725ms
[2026-06-17T09:56:49.433+0800][58.062s][info][gc,cpu         ] GC(1373) User=0.00s Sys=0.00s Real=0.01s
[2026-06-17T09:56:49.465+0800][58.094s][info][gc,start       ] GC(1374) Pause Young (Allocation Failure)
[2026-06-17T09:56:49.466+0800][58.095s][info][gc,heap        ] GC(1374) DefNew: 19590K(19648K)->2164K(19648K) Eden: 17415K(17472K)->0K(17472K) From: 2175K(2176K)->2164K(2176K)
[2026-06-17T09:56:49.466+0800][58.095s][info][gc,heap        ] GC(1374) Tenured: 34660K(43712K)->38535K(43712K)
[2026-06-17T09:56:49.466+0800][58.095s][info][gc,metaspace   ] GC(1374) Metaspace: 158K(384K)->158K(384K) NonClass: 153K(256K)->153K(256K) Class: 4K(128K)->4K(128K)
[2026-06-17T09:56:49.466+0800][58.096s][info][gc             ] GC(1374) Pause Young (Allocation Failure) 52M->39M(61M) 1.397ms
[2026-06-17T09:56:49.467+0800][58.096s][info][gc,cpu         ] GC(1374) User=0.00s Sys=0.00s Real=0.00s
[2026-06-17T09:56:49.519+0800][58.148s][info][gc,start       ] GC(1375) Pause Young (Allocation Failure)
[2026-06-17T09:56:49.520+0800][58.149s][info][gc             ] GC(1375) Pause Young (Allocation Failure) 56M->56M(61M) 0.498ms
[2026-06-17T09:56:49.520+0800][58.149s][info][gc,cpu         ] GC(1375) User=0.00s Sys=0.00s Real=0.00s
[2026-06-17T09:56:49.520+0800][58.149s][info][gc,start       ] GC(1376) Pause Full (Allocation Failure)
[2026-06-17T09:56:49.520+0800][58.150s][info][gc,phases,start] GC(1376) Phase 1: Mark live objects
[2026-06-17T09:56:49.521+0800][58.150s][info][gc,phases      ] GC(1376) Phase 1: Mark live objects 0.637ms
[2026-06-17T09:56:49.521+0800][58.151s][info][gc,phases,start] GC(1376) Phase 2: Compute new object addresses
[2026-06-17T09:56:49.522+0800][58.151s][info][gc,phases      ] GC(1376) Phase 2: Compute new object addresses 0.659ms
[2026-06-17T09:56:49.522+0800][58.151s][info][gc,phases,start] GC(1376) Phase 3: Adjust pointers
[2026-06-17T09:56:49.523+0800][58.152s][info][gc,phases      ] GC(1376) Phase 3: Adjust pointers 0.456ms
[2026-06-17T09:56:49.523+0800][58.152s][info][gc,phases,start] GC(1376) Phase 4: Move objects
[2026-06-17T09:56:49.525+0800][58.154s][info][gc,phases      ] GC(1376) Phase 4: Move objects 2.264ms
[2026-06-17T09:56:49.526+0800][58.155s][info][gc,heap        ] GC(1376) DefNew: 19632K(19648K)->0K(19648K) Eden: 17468K(17472K)->0K(17472K) From: 2164K(2176K)->0K(2176K)
[2026-06-17T09:56:49.526+0800][58.155s][info][gc,heap        ] GC(1376) Tenured: 38535K(43712K)->24138K(43712K)
[2026-06-17T09:56:49.526+0800][58.155s][info][gc,metaspace   ] GC(1376) Metaspace: 158K(384K)->158K(384K) NonClass: 153K(256K)->153K(256K) Class: 4K(128K)->4K(128K)
[2026-06-17T09:56:49.526+0800][58.155s][info][gc             ] GC(1376) Pause Full (Allocation Failure) 56M->23M(61M) 6.237ms
[2026-06-17T09:56:49.527+0800][58.156s][info][gc,cpu         ] GC(1376) User=0.00s Sys=0.00s Real=0.01s
[2026-06-17T09:56:49.569+0800][58.198s][info][gc,start       ] GC(1377) Pause Young (Allocation Failure)
[2026-06-17T09:56:49.570+0800][58.199s][info][gc,heap        ] GC(1377) DefNew: 17445K(19648K)->2169K(19648K) Eden: 17445K(17472K)->0K(17472K) From: 0K(2176K)->2169K(2176K)
[2026-06-17T09:56:49.570+0800][58.199s][info][gc,heap        ] GC(1377) Tenured: 24138K(43712K)->29033K(43712K)
[2026-06-17T09:56:49.571+0800][58.200s][info][gc,metaspace   ] GC(1377) Metaspace: 158K(384K)->158K(384K) NonClass: 153K(256K)->153K(256K) Class: 4K(128K)->4K(128K)
[2026-06-17T09:56:49.571+0800][58.200s][info][gc             ] GC(1377) Pause Young (Allocation Failure) 40M->30M(61M) 2.098ms
[2026-06-17T09:56:49.571+0800][58.200s][info][gc,cpu         ] GC(1377) User=0.00s Sys=0.00s Real=0.01s
[2026-06-17T09:56:49.613+0800][58.242s][info][gc,start       ] GC(1378) Pause Young (Allocation Failure)
[2026-06-17T09:56:49.615+0800][58.244s][info][gc,heap        ] GC(1378) DefNew: 19618K(19648K)->2166K(19648K) Eden: 17449K(17472K)->0K(17472K) From: 2169K(2176K)->2166K(2176K)
[2026-06-17T09:56:49.615+0800][58.244s][info][gc,heap        ] GC(1378) Tenured: 29033K(43712K)->35275K(43712K)
[2026-06-17T09:56:49.615+0800][58.244s][info][gc,metaspace   ] GC(1378) Metaspace: 158K(384K)->158K(384K) NonClass: 153K(256K)->153K(256K) Class: 4K(128K)->4K(128K)
[2026-06-17T09:56:49.615+0800][58.244s][info][gc             ] GC(1378) Pause Young (Allocation Failure) 47M->36M(61M) 1.905ms
[2026-06-17T09:56:49.615+0800][58.244s][info][gc,cpu         ] GC(1378) User=0.00s Sys=0.00s Real=0.00s
[2026-06-17T09:56:49.657+0800][58.286s][info][gc,start       ] GC(1379) Pause Young (Allocation Failure)
[2026-06-17T09:56:49.658+0800][58.287s][info][gc,heap        ] GC(1379) DefNew: 19621K(19648K)->2175K(19648K) Eden: 17455K(17472K)->0K(17472K) From: 2166K(2176K)->2175K(2176K)
[2026-06-17T09:56:49.658+0800][58.288s][info][gc,heap        ] GC(1379) Tenured: 35275K(43712K)->39142K(43712K)
[2026-06-17T09:56:49.659+0800][58.288s][info][gc,metaspace   ] GC(1379) Metaspace: 158K(384K)->158K(384K) NonClass: 153K(256K)->153K(256K) Class: 4K(128K)->4K(128K)
[2026-06-17T09:56:49.659+0800][58.288s][info][gc             ] GC(1379) Pause Young (Allocation Failure) 53M->40M(61M) 1.562ms
[2026-06-17T09:56:49.659+0800][58.288s][info][gc,cpu         ] GC(1379) User=0.00s Sys=0.00s Real=0.00s
[2026-06-17T09:56:49.701+0800][58.330s][info][gc,start       ] GC(1380) Pause Young (Allocation Failure)
[2026-06-17T09:56:49.701+0800][58.330s][info][gc             ] GC(1380) Pause Young (Allocation Failure) 57M->57M(61M) 0.266ms
[2026-06-17T09:56:49.701+0800][58.330s][info][gc,cpu         ] GC(1380) User=0.00s Sys=0.00s Real=0.00s
[2026-06-17T09:56:49.701+0800][58.330s][info][gc,start       ] GC(1381) Pause Full (Allocation Failure)
[2026-06-17T09:56:49.701+0800][58.330s][info][gc,phases,start] GC(1381) Phase 1: Mark live objects
[2026-06-17T09:56:49.702+0800][58.331s][info][gc,phases      ] GC(1381) Phase 1: Mark live objects 0.377ms
[2026-06-17T09:56:49.702+0800][58.331s][info][gc,phases,start] GC(1381) Phase 2: Compute new object addresses
[2026-06-17T09:56:49.702+0800][58.331s][info][gc,phases      ] GC(1381) Phase 2: Compute new object addresses 0.324ms
[2026-06-17T09:56:49.702+0800][58.331s][info][gc,phases,start] GC(1381) Phase 3: Adjust pointers
[2026-06-17T09:56:49.703+0800][58.332s][info][gc,phases      ] GC(1381) Phase 3: Adjust pointers 0.318ms
[2026-06-17T09:56:49.703+0800][58.332s][info][gc,phases,start] GC(1381) Phase 4: Move objects
[2026-06-17T09:56:49.704+0800][58.334s][info][gc,phases      ] GC(1381) Phase 4: Move objects 1.743ms
[2026-06-17T09:56:49.705+0800][58.334s][info][gc,heap        ] GC(1381) DefNew: 19463K(19648K)->0K(19648K) Eden: 17287K(17472K)->0K(17472K) From: 2175K(2176K)->0K(2176K)
[2026-06-17T09:56:49.705+0800][58.334s][info][gc,heap        ] GC(1381) Tenured: 39142K(43712K)->24341K(43712K)
[2026-06-17T09:56:49.705+0800][58.334s][info][gc,metaspace   ] GC(1381) Metaspace: 158K(384K)->158K(384K) NonClass: 153K(256K)->153K(256K) Class: 4K(128K)->4K(128K)
[2026-06-17T09:56:49.705+0800][58.334s][info][gc             ] GC(1381) Pause Full (Allocation Failure) 57M->23M(61M) 3.808ms
[2026-06-17T09:56:49.705+0800][58.334s][info][gc,cpu         ] GC(1381) User=0.01s Sys=0.00s Real=0.01s
[2026-06-17T09:56:49.747+0800][58.376s][info][gc,start       ] GC(1382) Pause Young (Allocation Failure)
[2026-06-17T09:56:49.748+0800][58.377s][info][gc,heap        ] GC(1382) DefNew: 17472K(19648K)->2168K(19648K) Eden: 17472K(17472K)->0K(17472K) From: 0K(2176K)->2168K(2176K)
[2026-06-17T09:56:49.748+0800][58.378s][info][gc,heap        ] GC(1382) Tenured: 24341K(43712K)->28958K(43712K)
[2026-06-17T09:56:49.748+0800][58.378s][info][gc,metaspace   ] GC(1382) Metaspace: 158K(384K)->158K(384K) NonClass: 153K(256K)->153K(256K) Class: 4K(128K)->4K(128K)
[2026-06-17T09:56:49.749+0800][58.378s][info][gc             ] GC(1382) Pause Young (Allocation Failure) 40M->30M(61M) 1.515ms
[2026-06-17T09:56:49.749+0800][58.378s][info][gc,cpu         ] GC(1382) User=0.00s Sys=0.00s Real=0.00s
[2026-06-17T09:56:49.801+0800][58.430s][info][gc,start       ] GC(1383) Pause Young (Allocation Failure)
[2026-06-17T09:56:49.802+0800][58.431s][info][gc,heap        ] GC(1383) DefNew: 19616K(19648K)->2173K(19648K) Eden: 17448K(17472K)->0K(17472K) From: 2168K(2176K)->2173K(2176K)
[2026-06-17T09:56:49.802+0800][58.431s][info][gc,heap        ] GC(1383) Tenured: 28958K(43712K)->31871K(43712K)
[2026-06-17T09:56:49.802+0800][58.431s][info][gc,metaspace   ] GC(1383) Metaspace: 158K(384K)->158K(384K) NonClass: 153K(256K)->153K(256K) Class: 4K(128K)->4K(128K)
[2026-06-17T09:56:49.802+0800][58.431s][info][gc             ] GC(1383) Pause Young (Allocation Failure) 47M->33M(61M) 1.369ms
[2026-06-17T09:56:49.802+0800][58.431s][info][gc,cpu         ] GC(1383) User=0.00s Sys=0.00s Real=0.00s
[2026-06-17T09:56:49.834+0800][58.463s][info][gc,start       ] GC(1384) Pause Young (Allocation Failure)
[2026-06-17T09:56:49.835+0800][58.464s][info][gc,heap        ] GC(1384) DefNew: 19453K(19648K)->2162K(19648K) Eden: 17280K(17472K)->0K(17472K) From: 2173K(2176K)->2162K(2176K)
[2026-06-17T09:56:49.835+0800][58.464s][info][gc,heap        ] GC(1384) Tenured: 31871K(43712K)->35299K(43712K)
[2026-06-17T09:56:49.835+0800][58.465s][info][gc,metaspace   ] GC(1384) Metaspace: 158K(384K)->158K(384K) NonClass: 153K(256K)->153K(256K) Class: 4K(128K)->4K(128K)
[2026-06-17T09:56:49.836+0800][58.465s][info][gc             ] GC(1384) Pause Young (Allocation Failure) 50M->36M(61M) 1.510ms
[2026-06-17T09:56:49.836+0800][58.465s][info][gc,cpu         ] GC(1384) User=0.00s Sys=0.00s Real=0.00s
[2026-06-17T09:56:49.888+0800][58.517s][info][gc,start       ] GC(1385) Pause Young (Allocation Failure)
[2026-06-17T09:56:49.889+0800][58.518s][info][gc,heap        ] GC(1385) DefNew: 19584K(19648K)->2107K(19648K) Eden: 17422K(17472K)->0K(17472K) From: 2162K(2176K)->2107K(2176K)
[2026-06-17T09:56:49.889+0800][58.518s][info][gc,heap        ] GC(1385) Tenured: 35299K(43712K)->38349K(43712K)
[2026-06-17T09:56:49.889+0800][58.519s][info][gc,metaspace   ] GC(1385) Metaspace: 158K(384K)->158K(384K) NonClass: 153K(256K)->153K(256K) Class: 4K(128K)->4K(128K)
[2026-06-17T09:56:49.890+0800][58.519s][info][gc             ] GC(1385) Pause Young (Allocation Failure) 53M->39M(61M) 1.885ms
[2026-06-17T09:56:49.890+0800][58.519s][info][gc,cpu         ] GC(1385) User=0.00s Sys=0.00s Real=0.00s
[2026-06-17T09:56:49.932+0800][58.561s][info][gc,start       ] GC(1386) Pause Young (Allocation Failure)
[2026-06-17T09:56:49.933+0800][58.562s][info][gc             ] GC(1386) Pause Young (Allocation Failure) 56M->56M(61M) 0.444ms
[2026-06-17T09:56:49.933+0800][58.562s][info][gc,cpu         ] GC(1386) User=0.00s Sys=0.00s Real=0.00s
[2026-06-17T09:56:49.933+0800][58.562s][info][gc,start       ] GC(1387) Pause Full (Allocation Failure)
[2026-06-17T09:56:49.933+0800][58.562s][info][gc,phases,start] GC(1387) Phase 1: Mark live objects
[2026-06-17T09:56:49.934+0800][58.563s][info][gc,phases      ] GC(1387) Phase 1: Mark live objects 0.856ms
[2026-06-17T09:56:49.934+0800][58.564s][info][gc,phases,start] GC(1387) Phase 2: Compute new object addresses
[2026-06-17T09:56:49.935+0800][58.564s][info][gc,phases      ] GC(1387) Phase 2: Compute new object addresses 0.511ms
[2026-06-17T09:56:49.935+0800][58.564s][info][gc,phases,start] GC(1387) Phase 3: Adjust pointers
[2026-06-17T09:56:49.936+0800][58.565s][info][gc,phases      ] GC(1387) Phase 3: Adjust pointers 0.489ms
[2026-06-17T09:56:49.936+0800][58.565s][info][gc,phases,start] GC(1387) Phase 4: Move objects
[2026-06-17T09:56:49.939+0800][58.568s][info][gc,phases      ] GC(1387) Phase 4: Move objects 2.657ms
[2026-06-17T09:56:49.939+0800][58.568s][info][gc,heap        ] GC(1387) DefNew: 19577K(19648K)->0K(19648K) Eden: 17469K(17472K)->0K(17472K) From: 2107K(2176K)->0K(2176K)
[2026-06-17T09:56:49.939+0800][58.568s][info][gc,heap        ] GC(1387) Tenured: 38349K(43712K)->32667K(43712K)
[2026-06-17T09:56:49.939+0800][58.568s][info][gc,metaspace   ] GC(1387) Metaspace: 158K(384K)->158K(384K) NonClass: 153K(256K)->153K(256K) Class: 4K(128K)->4K(128K)
[2026-06-17T09:56:49.939+0800][58.568s][info][gc             ] GC(1387) Pause Full (Allocation Failure) 56M->31M(61M) 6.048ms
[2026-06-17T09:56:49.939+0800][58.568s][info][gc,cpu         ] GC(1387) User=0.00s Sys=0.00s Real=0.00s
[2026-06-17T09:56:49.981+0800][58.610s][info][gc,start       ] GC(1388) Pause Young (Allocation Failure)
[2026-06-17T09:56:49.983+0800][58.612s][info][gc,heap        ] GC(1388) DefNew: 17432K(19648K)->2170K(19648K) Eden: 17432K(17472K)->0K(17472K) From: 0K(2176K)->2170K(2176K)
[2026-06-17T09:56:49.983+0800][58.612s][info][gc,heap        ] GC(1388) Tenured: 32667K(43712K)->37820K(43712K)
[2026-06-17T09:56:49.983+0800][58.612s][info][gc,metaspace   ] GC(1388) Metaspace: 158K(384K)->158K(384K) NonClass: 153K(256K)->153K(256K) Class: 4K(128K)->4K(128K)
[2026-06-17T09:56:49.983+0800][58.612s][info][gc             ] GC(1388) Pause Young (Allocation Failure) 48M->39M(61M) 1.854ms
[2026-06-17T09:56:49.983+0800][58.612s][info][gc,cpu         ] GC(1388) User=0.00s Sys=0.00s Real=0.01s
[2026-06-17T09:56:50.036+0800][58.665s][info][gc,start       ] GC(1389) Pause Young (Allocation Failure)
[2026-06-17T09:56:50.036+0800][58.665s][info][gc             ] GC(1389) Pause Young (Allocation Failure) 56M->56M(61M) 0.411ms
[2026-06-17T09:56:50.036+0800][58.665s][info][gc,cpu         ] GC(1389) User=0.00s Sys=0.00s Real=0.00s
[2026-06-17T09:56:50.036+0800][58.665s][info][gc,start       ] GC(1390) Pause Full (Allocation Failure)
[2026-06-17T09:56:50.036+0800][58.665s][info][gc,phases,start] GC(1390) Phase 1: Mark live objects
[2026-06-17T09:56:50.037+0800][58.666s][info][gc,phases      ] GC(1390) Phase 1: Mark live objects 0.696ms
[2026-06-17T09:56:50.037+0800][58.666s][info][gc,phases,start] GC(1390) Phase 2: Compute new object addresses
[2026-06-17T09:56:50.038+0800][58.667s][info][gc,phases      ] GC(1390) Phase 2: Compute new object addresses 0.370ms
[2026-06-17T09:56:50.038+0800][58.667s][info][gc,phases,start] GC(1390) Phase 3: Adjust pointers
[2026-06-17T09:56:50.038+0800][58.667s][info][gc,phases      ] GC(1390) Phase 3: Adjust pointers 0.399ms
[2026-06-17T09:56:50.038+0800][58.667s][info][gc,phases,start] GC(1390) Phase 4: Move objects
[2026-06-17T09:56:50.040+0800][58.669s][info][gc,phases      ] GC(1390) Phase 4: Move objects 1.994ms
[2026-06-17T09:56:50.040+0800][58.670s][info][gc,heap        ] GC(1390) DefNew: 19605K(19648K)->0K(19648K) Eden: 17434K(17472K)->0K(17472K) From: 2170K(2176K)->0K(2176K)
[2026-06-17T09:56:50.041+0800][58.670s][info][gc,heap        ] GC(1390) Tenured: 37820K(43712K)->26849K(43712K)
[2026-06-17T09:56:50.041+0800][58.670s][info][gc,metaspace   ] GC(1390) Metaspace: 158K(384K)->158K(384K) NonClass: 153K(256K)->153K(256K) Class: 4K(128K)->4K(128K)
[2026-06-17T09:56:50.041+0800][58.670s][info][gc             ] GC(1390) Pause Full (Allocation Failure) 56M->26M(61M) 4.590ms
[2026-06-17T09:56:50.041+0800][58.670s][info][gc,cpu         ] GC(1390) User=0.00s Sys=0.00s Real=0.00s
[2026-06-17T09:56:50.083+0800][58.712s][info][gc,start       ] GC(1391) Pause Young (Allocation Failure)
[2026-06-17T09:56:50.084+0800][58.713s][info][gc,heap        ] GC(1391) DefNew: 17460K(19648K)->2171K(19648K) Eden: 17460K(17472K)->0K(17472K) From: 0K(2176K)->2171K(2176K)
[2026-06-17T09:56:50.084+0800][58.713s][info][gc,heap        ] GC(1391) Tenured: 26849K(43712K)->31837K(43712K)
[2026-06-17T09:56:50.084+0800][58.714s][info][gc,metaspace   ] GC(1391) Metaspace: 158K(384K)->158K(384K) NonClass: 153K(256K)->153K(256K) Class: 4K(128K)->4K(128K)
[2026-06-17T09:56:50.084+0800][58.714s][info][gc             ] GC(1391) Pause Young (Allocation Failure) 43M->33M(61M) 1.662ms
[2026-06-17T09:56:50.085+0800][58.714s][info][gc,cpu         ] GC(1391) User=0.00s Sys=0.00s Real=0.00s
[2026-06-17T09:56:50.127+0800][58.756s][info][gc,start       ] GC(1392) Pause Young (Allocation Failure)
[2026-06-17T09:56:50.128+0800][58.757s][info][gc,heap        ] GC(1392) DefNew: 19621K(19648K)->2168K(19648K) Eden: 17450K(17472K)->0K(17472K) From: 2171K(2176K)->2168K(2176K)
[2026-06-17T09:56:50.129+0800][58.758s][info][gc,heap        ] GC(1392) Tenured: 31837K(43712K)->36220K(43712K)
[2026-06-17T09:56:50.129+0800][58.758s][info][gc,metaspace   ] GC(1392) Metaspace: 158K(384K)->158K(384K) NonClass: 153K(256K)->153K(256K) Class: 4K(128K)->4K(128K)
[2026-06-17T09:56:50.129+0800][58.758s][info][gc             ] GC(1392) Pause Young (Allocation Failure) 50M->37M(61M) 2.722ms
[2026-06-17T09:56:50.130+0800][58.759s][info][gc,cpu         ] GC(1392) User=0.00s Sys=0.00s Real=0.00s
[2026-06-17T09:56:50.172+0800][58.801s][info][gc,start       ] GC(1393) Pause Young (Allocation Failure)
[2026-06-17T09:56:50.173+0800][58.802s][info][gc,heap        ] GC(1393) DefNew: 19630K(19648K)->2167K(19648K) Eden: 17461K(17472K)->0K(17472K) From: 2168K(2176K)->2167K(2176K)
[2026-06-17T09:56:50.173+0800][58.802s][info][gc,heap        ] GC(1393) Tenured: 36220K(43712K)->39753K(43712K)
[2026-06-17T09:56:50.174+0800][58.803s][info][gc,metaspace   ] GC(1393) Metaspace: 158K(384K)->158K(384K) NonClass: 153K(256K)->153K(256K) Class: 4K(128K)->4K(128K)
[2026-06-17T09:56:50.174+0800][58.803s][info][gc             ] GC(1393) Pause Young (Allocation Failure) 54M->40M(61M) 2.122ms
[2026-06-17T09:56:50.174+0800][58.803s][info][gc,cpu         ] GC(1393) User=0.00s Sys=0.00s Real=0.00s
[2026-06-17T09:56:50.216+0800][58.845s][info][gc,start       ] GC(1394) Pause Young (Allocation Failure)
[2026-06-17T09:56:50.217+0800][58.846s][info][gc             ] GC(1394) Pause Young (Allocation Failure) 57M->57M(61M) 0.507ms
[2026-06-17T09:56:50.217+0800][58.846s][info][gc,cpu         ] GC(1394) User=0.00s Sys=0.00s Real=0.00s
[2026-06-17T09:56:50.217+0800][58.846s][info][gc,start       ] GC(1395) Pause Full (Allocation Failure)
[2026-06-17T09:56:50.217+0800][58.847s][info][gc,phases,start] GC(1395) Phase 1: Mark live objects
[2026-06-17T09:56:50.218+0800][58.847s][info][gc,phases      ] GC(1395) Phase 1: Mark live objects 0.482ms
[2026-06-17T09:56:50.218+0800][58.847s][info][gc,phases,start] GC(1395) Phase 2: Compute new object addresses
[2026-06-17T09:56:50.219+0800][58.848s][info][gc,phases      ] GC(1395) Phase 2: Compute new object addresses 0.428ms
[2026-06-17T09:56:50.219+0800][58.848s][info][gc,phases,start] GC(1395) Phase 3: Adjust pointers
[2026-06-17T09:56:50.219+0800][58.848s][info][gc,phases      ] GC(1395) Phase 3: Adjust pointers 0.387ms
[2026-06-17T09:56:50.220+0800][58.849s][info][gc,phases,start] GC(1395) Phase 4: Move objects
[2026-06-17T09:56:50.222+0800][58.851s][info][gc,phases      ] GC(1395) Phase 4: Move objects 1.967ms
[2026-06-17T09:56:50.222+0800][58.851s][info][gc,heap        ] GC(1395) DefNew: 19606K(19648K)->0K(19648K) Eden: 17438K(17472K)->0K(17472K) From: 2167K(2176K)->0K(2176K)
[2026-06-17T09:56:50.222+0800][58.851s][info][gc,heap        ] GC(1395) Tenured: 39753K(43712K)->31497K(43712K)
[2026-06-17T09:56:50.222+0800][58.851s][info][gc,metaspace   ] GC(1395) Metaspace: 158K(384K)->158K(384K) NonClass: 153K(256K)->153K(256K) Class: 4K(128K)->4K(128K)
[2026-06-17T09:56:50.222+0800][58.852s][info][gc             ] GC(1395) Pause Full (Allocation Failure) 57M->30M(61M) 5.299ms
[2026-06-17T09:56:50.223+0800][58.852s][info][gc,cpu         ] GC(1395) User=0.00s Sys=0.00s Real=0.01s
[2026-06-17T09:56:50.266+0800][58.895s][info][gc,start       ] GC(1396) Pause Young (Allocation Failure)
[2026-06-17T09:56:50.267+0800][58.896s][info][gc,heap        ] GC(1396) DefNew: 17432K(19648K)->2172K(19648K) Eden: 17432K(17472K)->0K(17472K) From: 0K(2176K)->2172K(2176K)
[2026-06-17T09:56:50.268+0800][58.897s][info][gc,heap        ] GC(1396) Tenured: 31497K(43712K)->36169K(43712K)
[2026-06-17T09:56:50.268+0800][58.897s][info][gc,metaspace   ] GC(1396) Metaspace: 158K(384K)->158K(384K) NonClass: 153K(256K)->153K(256K) Class: 4K(128K)->4K(128K)
[2026-06-17T09:56:50.268+0800][58.897s][info][gc             ] GC(1396) Pause Young (Allocation Failure) 47M->37M(61M) 2.379ms
[2026-06-17T09:56:50.268+0800][58.898s][info][gc,cpu         ] GC(1396) User=0.00s Sys=0.00s Real=0.00s
[2026-06-17T09:56:50.311+0800][58.940s][info][gc,start       ] GC(1397) Pause Young (Allocation Failure)
[2026-06-17T09:56:50.312+0800][58.941s][info][gc,heap        ] GC(1397) DefNew: 19560K(19648K)->2174K(19648K) Eden: 17388K(17472K)->0K(17472K) From: 2172K(2176K)->2174K(2176K)
[2026-06-17T09:56:50.312+0800][58.941s][info][gc,heap        ] GC(1397) Tenured: 36169K(43712K)->38569K(43712K)
[2026-06-17T09:56:50.312+0800][58.941s][info][gc,metaspace   ] GC(1397) Metaspace: 158K(384K)->158K(384K) NonClass: 153K(256K)->153K(256K) Class: 4K(128K)->4K(128K)
[2026-06-17T09:56:50.312+0800][58.941s][info][gc             ] GC(1397) Pause Young (Allocation Failure) 54M->39M(61M) 1.451ms
[2026-06-17T09:56:50.312+0800][58.941s][info][gc,cpu         ] GC(1397) User=0.00s Sys=0.00s Real=0.00s
[2026-06-17T09:56:50.365+0800][58.994s][info][gc,start       ] GC(1398) Pause Young (Allocation Failure)
[2026-06-17T09:56:50.365+0800][58.994s][info][gc             ] GC(1398) Pause Young (Allocation Failure) 56M->56M(61M) 0.539ms
[2026-06-17T09:56:50.366+0800][58.995s][info][gc,cpu         ] GC(1398) User=0.00s Sys=0.00s Real=0.00s
[2026-06-17T09:56:50.366+0800][58.995s][info][gc,start       ] GC(1399) Pause Full (Allocation Failure)
[2026-06-17T09:56:50.366+0800][58.995s][info][gc,phases,start] GC(1399) Phase 1: Mark live objects
[2026-06-17T09:56:50.367+0800][58.996s][info][gc,phases      ] GC(1399) Phase 1: Mark live objects 0.850ms
[2026-06-17T09:56:50.367+0800][58.997s][info][gc,phases,start] GC(1399) Phase 2: Compute new object addresses
[2026-06-17T09:56:50.368+0800][58.997s][info][gc,phases      ] GC(1399) Phase 2: Compute new object addresses 0.544ms
[2026-06-17T09:56:50.368+0800][58.998s][info][gc,phases,start] GC(1399) Phase 3: Adjust pointers
[2026-06-17T09:56:50.369+0800][58.998s][info][gc,phases      ] GC(1399) Phase 3: Adjust pointers 0.567ms
[2026-06-17T09:56:50.369+0800][58.998s][info][gc,phases,start] GC(1399) Phase 4: Move objects
[2026-06-17T09:56:50.371+0800][59.001s][info][gc,phases      ] GC(1399) Phase 4: Move objects 2.129ms
[2026-06-17T09:56:50.372+0800][59.001s][info][gc,heap        ] GC(1399) DefNew: 19622K(19648K)->0K(19648K) Eden: 17448K(17472K)->0K(17472K) From: 2174K(2176K)->0K(2176K)
[2026-06-17T09:56:50.372+0800][59.001s][info][gc,heap        ] GC(1399) Tenured: 38569K(43712K)->28547K(43712K)
[2026-06-17T09:56:50.372+0800][59.001s][info][gc,metaspace   ] GC(1399) Metaspace: 158K(384K)->158K(384K) NonClass: 153K(256K)->153K(256K) Class: 4K(128K)->4K(128K)
[2026-06-17T09:56:50.372+0800][59.001s][info][gc             ] GC(1399) Pause Full (Allocation Failure) 56M->27M(61M) 6.458ms
[2026-06-17T09:56:50.372+0800][59.002s][info][gc,cpu         ] GC(1399) User=0.00s Sys=0.01s Real=0.01s
[2026-06-17T09:56:50.416+0800][59.045s][info][gc,start       ] GC(1400) Pause Young (Allocation Failure)
[2026-06-17T09:56:50.418+0800][59.047s][info][gc,heap        ] GC(1400) DefNew: 17472K(19648K)->2170K(19648K) Eden: 17472K(17472K)->0K(17472K) From: 0K(2176K)->2170K(2176K)
[2026-06-17T09:56:50.418+0800][59.048s][info][gc,heap        ] GC(1400) Tenured: 28547K(43712K)->33138K(43712K)
[2026-06-17T09:56:50.420+0800][59.049s][info][gc,metaspace   ] GC(1400) Metaspace: 158K(384K)->158K(384K) NonClass: 153K(256K)->153K(256K) Class: 4K(128K)->4K(128K)
[2026-06-17T09:56:50.423+0800][59.052s][info][gc             ] GC(1400) Pause Young (Allocation Failure) 44M->34M(61M) 7.159ms
[2026-06-17T09:56:50.426+0800][59.055s][info][gc,cpu         ] GC(1400) User=0.00s Sys=0.00s Real=0.01s
[2026-06-17T09:56:50.472+0800][59.101s][info][gc,start       ] GC(1401) Pause Young (Allocation Failure)
[2026-06-17T09:56:50.473+0800][59.103s][info][gc,heap        ] GC(1401) DefNew: 19628K(19648K)->2079K(19648K) Eden: 17458K(17472K)->0K(17472K) From: 2170K(2176K)->2079K(2176K)
[2026-06-17T09:56:50.474+0800][59.103s][info][gc,heap        ] GC(1401) Tenured: 33138K(43712K)->37521K(43712K)
[2026-06-17T09:56:50.474+0800][59.103s][info][gc,metaspace   ] GC(1401) Metaspace: 158K(384K)->158K(384K) NonClass: 153K(256K)->153K(256K) Class: 4K(128K)->4K(128K)
[2026-06-17T09:56:50.474+0800][59.103s][info][gc             ] GC(1401) Pause Young (Allocation Failure) 51M->38M(61M) 2.126ms
[2026-06-17T09:56:50.475+0800][59.104s][info][gc,cpu         ] GC(1401) User=0.00s Sys=0.00s Real=0.00s
[2026-06-17T09:56:50.517+0800][59.146s][info][gc,start       ] GC(1402) Pause Young (Allocation Failure)
[2026-06-17T09:56:50.517+0800][59.147s][info][gc             ] GC(1402) Pause Young (Allocation Failure) 55M->55M(61M) 0.555ms
[2026-06-17T09:56:50.518+0800][59.147s][info][gc,cpu         ] GC(1402) User=0.00s Sys=0.00s Real=0.00s
[2026-06-17T09:56:50.518+0800][59.147s][info][gc,start       ] GC(1403) Pause Full (Allocation Failure)
[2026-06-17T09:56:50.518+0800][59.147s][info][gc,phases,start] GC(1403) Phase 1: Mark live objects
[2026-06-17T09:56:50.518+0800][59.147s][info][gc,phases      ] GC(1403) Phase 1: Mark live objects 0.402ms
[2026-06-17T09:56:50.518+0800][59.148s][info][gc,phases,start] GC(1403) Phase 2: Compute new object addresses
[2026-06-17T09:56:50.519+0800][59.148s][info][gc,phases      ] GC(1403) Phase 2: Compute new object addresses 0.403ms
[2026-06-17T09:56:50.519+0800][59.148s][info][gc,phases,start] GC(1403) Phase 3: Adjust pointers
[2026-06-17T09:56:50.519+0800][59.148s][info][gc,phases      ] GC(1403) Phase 3: Adjust pointers 0.285ms
[2026-06-17T09:56:50.519+0800][59.149s][info][gc,phases,start] GC(1403) Phase 4: Move objects
[2026-06-17T09:56:50.521+0800][59.151s][info][gc,phases      ] GC(1403) Phase 4: Move objects 2.067ms
[2026-06-17T09:56:50.522+0800][59.151s][info][gc,heap        ] GC(1403) DefNew: 19539K(19648K)->0K(19648K) Eden: 17460K(17472K)->0K(17472K) From: 2079K(2176K)->0K(2176K)
[2026-06-17T09:56:50.522+0800][59.151s][info][gc,heap        ] GC(1403) Tenured: 37521K(43712K)->22855K(43712K)
[2026-06-17T09:56:50.522+0800][59.151s][info][gc,metaspace   ] GC(1403) Metaspace: 158K(384K)->158K(384K) NonClass: 153K(256K)->153K(256K) Class: 4K(128K)->4K(128K)
[2026-06-17T09:56:50.523+0800][59.152s][info][gc             ] GC(1403) Pause Full (Allocation Failure) 55M->22M(61M) 4.712ms
[2026-06-17T09:56:50.523+0800][59.152s][info][gc,cpu         ] GC(1403) User=0.00s Sys=0.00s Real=0.01s
[2026-06-17T09:56:50.565+0800][59.194s][info][gc,start       ] GC(1404) Pause Young (Allocation Failure)
[2026-06-17T09:56:50.566+0800][59.195s][info][gc,heap        ] GC(1404) DefNew: 17379K(19648K)->2048K(19648K) Eden: 17379K(17472K)->0K(17472K) From: 0K(2176K)->2048K(2176K)
[2026-06-17T09:56:50.566+0800][59.195s][info][gc,heap        ] GC(1404) Tenured: 22855K(43712K)->24160K(43712K)
[2026-06-17T09:56:50.566+0800][59.195s][info][gc,metaspace   ] GC(1404) Metaspace: 158K(384K)->158K(384K) NonClass: 153K(256K)->153K(256K) Class: 4K(128K)->4K(128K)
[2026-06-17T09:56:50.566+0800][59.196s][info][gc             ] GC(1404) Pause Young (Allocation Failure) 39M->25M(61M) 1.343ms
[2026-06-17T09:56:50.566+0800][59.196s][info][gc,cpu         ] GC(1404) User=0.00s Sys=0.00s Real=0.00s
[2026-06-17T09:56:50.609+0800][59.238s][info][gc,start       ] GC(1405) Pause Young (Allocation Failure)
[2026-06-17T09:56:50.610+0800][59.239s][info][gc,heap        ] GC(1405) DefNew: 19492K(19648K)->2172K(19648K) Eden: 17443K(17472K)->0K(17472K) From: 2048K(2176K)->2172K(2176K)
[2026-06-17T09:56:50.611+0800][59.240s][info][gc,heap        ] GC(1405) Tenured: 24160K(43712K)->31324K(43712K)
[2026-06-17T09:56:50.611+0800][59.240s][info][gc,metaspace   ] GC(1405) Metaspace: 158K(384K)->158K(384K) NonClass: 153K(256K)->153K(256K) Class: 4K(128K)->4K(128K)
[2026-06-17T09:56:50.611+0800][59.240s][info][gc             ] GC(1405) Pause Young (Allocation Failure) 42M->32M(61M) 2.366ms
[2026-06-17T09:56:50.611+0800][59.240s][info][gc,cpu         ] GC(1405) User=0.00s Sys=0.00s Real=0.01s
[2026-06-17T09:56:50.664+0800][59.293s][info][gc,start       ] GC(1406) Pause Young (Allocation Failure)
[2026-06-17T09:56:50.664+0800][59.294s][info][gc,heap        ] GC(1406) DefNew: 19635K(19648K)->2148K(19648K) Eden: 17462K(17472K)->0K(17472K) From: 2172K(2176K)->2148K(2176K)
[2026-06-17T09:56:50.665+0800][59.294s][info][gc,heap        ] GC(1406) Tenured: 31324K(43712K)->32669K(43712K)
[2026-06-17T09:56:50.665+0800][59.294s][info][gc,metaspace   ] GC(1406) Metaspace: 158K(384K)->158K(384K) NonClass: 153K(256K)->153K(256K) Class: 4K(128K)->4K(128K)
[2026-06-17T09:56:50.665+0800][59.294s][info][gc             ] GC(1406) Pause Young (Allocation Failure) 49M->34M(61M) 1.196ms
[2026-06-17T09:56:50.665+0800][59.294s][info][gc,cpu         ] GC(1406) User=0.00s Sys=0.00s Real=0.00s
[2026-06-17T09:56:50.707+0800][59.336s][info][gc,start       ] GC(1407) Pause Young (Allocation Failure)
[2026-06-17T09:56:50.708+0800][59.337s][info][gc,heap        ] GC(1407) DefNew: 19620K(19648K)->2120K(19648K) Eden: 17472K(17472K)->0K(17472K) From: 2148K(2176K)->2120K(2176K)
[2026-06-17T09:56:50.708+0800][59.337s][info][gc,heap        ] GC(1407) Tenured: 32669K(43712K)->36265K(43712K)
[2026-06-17T09:56:50.708+0800][59.337s][info][gc,metaspace   ] GC(1407) Metaspace: 158K(384K)->158K(384K) NonClass: 153K(256K)->153K(256K) Class: 4K(128K)->4K(128K)
[2026-06-17T09:56:50.708+0800][59.338s][info][gc             ] GC(1407) Pause Young (Allocation Failure) 51M->37M(61M) 1.436ms
[2026-06-17T09:56:50.708+0800][59.338s][info][gc,cpu         ] GC(1407) User=0.00s Sys=0.00s Real=0.00s
[2026-06-17T09:56:50.750+0800][59.380s][info][gc,start       ] GC(1408) Pause Young (Allocation Failure)
[2026-06-17T09:56:50.751+0800][59.380s][info][gc,heap        ] GC(1408) DefNew: 19592K(19648K)->2175K(19648K) Eden: 17472K(17472K)->0K(17472K) From: 2120K(2176K)->2175K(2176K)
[2026-06-17T09:56:50.752+0800][59.381s][info][gc,heap        ] GC(1408) Tenured: 36265K(43712K)->39633K(43712K)
[2026-06-17T09:56:50.752+0800][59.381s][info][gc,metaspace   ] GC(1408) Metaspace: 158K(384K)->158K(384K) NonClass: 153K(256K)->153K(256K) Class: 4K(128K)->4K(128K)
[2026-06-17T09:56:50.752+0800][59.381s][info][gc             ] GC(1408) Pause Young (Allocation Failure) 54M->40M(61M) 1.856ms
[2026-06-17T09:56:50.752+0800][59.382s][info][gc,cpu         ] GC(1408) User=0.00s Sys=0.00s Real=0.00s
[2026-06-17T09:56:50.795+0800][59.424s][info][gc,start       ] GC(1409) Pause Young (Allocation Failure)
[2026-06-17T09:56:50.795+0800][59.424s][info][gc             ] GC(1409) Pause Young (Allocation Failure) 57M->57M(61M) 0.371ms
[2026-06-17T09:56:50.795+0800][59.424s][info][gc,cpu         ] GC(1409) User=0.00s Sys=0.00s Real=0.00s
[2026-06-17T09:56:50.795+0800][59.424s][info][gc,start       ] GC(1410) Pause Full (Allocation Failure)
[2026-06-17T09:56:50.795+0800][59.425s][info][gc,phases,start] GC(1410) Phase 1: Mark live objects
[2026-06-17T09:56:50.796+0800][59.425s][info][gc,phases      ] GC(1410) Phase 1: Mark live objects 0.519ms
[2026-06-17T09:56:50.796+0800][59.425s][info][gc,phases,start] GC(1410) Phase 2: Compute new object addresses
[2026-06-17T09:56:50.796+0800][59.426s][info][gc,phases      ] GC(1410) Phase 2: Compute new object addresses 0.324ms
[2026-06-17T09:56:50.797+0800][59.426s][info][gc,phases,start] GC(1410) Phase 3: Adjust pointers
[2026-06-17T09:56:50.797+0800][59.426s][info][gc,phases      ] GC(1410) Phase 3: Adjust pointers 0.339ms
[2026-06-17T09:56:50.797+0800][59.426s][info][gc,phases,start] GC(1410) Phase 4: Move objects
[2026-06-17T09:56:50.799+0800][59.428s][info][gc,phases      ] GC(1410) Phase 4: Move objects 2.290ms
[2026-06-17T09:56:50.800+0800][59.429s][info][gc,heap        ] GC(1410) DefNew: 19647K(19648K)->0K(19648K) Eden: 17471K(17472K)->0K(17472K) From: 2175K(2176K)->0K(2176K)
[2026-06-17T09:56:50.800+0800][59.429s][info][gc,heap        ] GC(1410) Tenured: 39633K(43712K)->30056K(43712K)
[2026-06-17T09:56:50.800+0800][59.429s][info][gc,metaspace   ] GC(1410) Metaspace: 158K(384K)->158K(384K) NonClass: 153K(256K)->153K(256K) Class: 4K(128K)->4K(128K)
[2026-06-17T09:56:50.800+0800][59.430s][info][gc             ] GC(1410) Pause Full (Allocation Failure) 57M->29M(61M) 5.112ms
[2026-06-17T09:56:50.801+0800][59.430s][info][gc,cpu         ] GC(1410) User=0.01s Sys=0.00s Real=0.00s
[2026-06-17T09:56:50.843+0800][59.472s][info][gc,start       ] GC(1411) Pause Young (Allocation Failure)
[2026-06-17T09:56:50.844+0800][59.473s][info][gc,heap        ] GC(1411) DefNew: 17472K(19648K)->2173K(19648K) Eden: 17472K(17472K)->0K(17472K) From: 0K(2176K)->2173K(2176K)
[2026-06-17T09:56:50.845+0800][59.474s][info][gc,heap        ] GC(1411) Tenured: 30056K(43712K)->35049K(43712K)
[2026-06-17T09:56:50.845+0800][59.474s][info][gc,metaspace   ] GC(1411) Metaspace: 158K(384K)->158K(384K) NonClass: 153K(256K)->153K(256K) Class: 4K(128K)->4K(128K)
[2026-06-17T09:56:50.845+0800][59.474s][info][gc             ] GC(1411) Pause Young (Allocation Failure) 46M->36M(61M) 1.980ms
[2026-06-17T09:56:50.845+0800][59.474s][info][gc,cpu         ] GC(1411) User=0.00s Sys=0.00s Real=0.00s
[2026-06-17T09:56:50.887+0800][59.516s][info][gc,start       ] GC(1412) Pause Young (Allocation Failure)
[2026-06-17T09:56:50.888+0800][59.517s][info][gc,heap        ] GC(1412) DefNew: 19620K(19648K)->2173K(19648K) Eden: 17446K(17472K)->0K(17472K) From: 2173K(2176K)->2173K(2176K)
[2026-06-17T09:56:50.888+0800][59.517s][info][gc,heap        ] GC(1412) Tenured: 35049K(43712K)->38426K(43712K)
[2026-06-17T09:56:50.888+0800][59.518s][info][gc,metaspace   ] GC(1412) Metaspace: 158K(384K)->158K(384K) NonClass: 153K(256K)->153K(256K) Class: 4K(128K)->4K(128K)
[2026-06-17T09:56:50.888+0800][59.518s][info][gc             ] GC(1412) Pause Young (Allocation Failure) 53M->39M(61M) 1.538ms
[2026-06-17T09:56:50.889+0800][59.518s][info][gc,cpu         ] GC(1412) User=0.00s Sys=0.00s Real=0.00s
[2026-06-17T09:56:50.931+0800][59.560s][info][gc,start       ] GC(1413) Pause Young (Allocation Failure)
[2026-06-17T09:56:50.931+0800][59.561s][info][gc             ] GC(1413) Pause Young (Allocation Failure) 56M->56M(61M) 0.354ms
[2026-06-17T09:56:50.932+0800][59.561s][info][gc,cpu         ] GC(1413) User=0.00s Sys=0.00s Real=0.00s
[2026-06-17T09:56:50.932+0800][59.561s][info][gc,start       ] GC(1414) Pause Full (Allocation Failure)
[2026-06-17T09:56:50.932+0800][59.561s][info][gc,phases,start] GC(1414) Phase 1: Mark live objects
[2026-06-17T09:56:50.932+0800][59.561s][info][gc,phases      ] GC(1414) Phase 1: Mark live objects 0.400ms
[2026-06-17T09:56:50.932+0800][59.561s][info][gc,phases,start] GC(1414) Phase 2: Compute new object addresses
[2026-06-17T09:56:50.933+0800][59.562s][info][gc,phases      ] GC(1414) Phase 2: Compute new object addresses 0.306ms
[2026-06-17T09:56:50.933+0800][59.562s][info][gc,phases,start] GC(1414) Phase 3: Adjust pointers
[2026-06-17T09:56:50.933+0800][59.562s][info][gc,phases      ] GC(1414) Phase 3: Adjust pointers 0.493ms
[2026-06-17T09:56:50.933+0800][59.563s][info][gc,phases,start] GC(1414) Phase 4: Move objects
[2026-06-17T09:56:50.935+0800][59.565s][info][gc,phases      ] GC(1414) Phase 4: Move objects 2.033ms
[2026-06-17T09:56:50.936+0800][59.565s][info][gc,heap        ] GC(1414) DefNew: 19296K(19648K)->0K(19648K) Eden: 17123K(17472K)->0K(17472K) From: 2173K(2176K)->0K(2176K)
[2026-06-17T09:56:50.936+0800][59.565s][info][gc,heap        ] GC(1414) Tenured: 38426K(43712K)->27766K(43712K)
[2026-06-17T09:56:50.936+0800][59.565s][info][gc,metaspace   ] GC(1414) Metaspace: 158K(384K)->158K(384K) NonClass: 153K(256K)->153K(256K) Class: 4K(128K)->4K(128K)
[2026-06-17T09:56:50.936+0800][59.565s][info][gc             ] GC(1414) Pause Full (Allocation Failure) 56M->27M(61M) 4.523ms
[2026-06-17T09:56:50.936+0800][59.565s][info][gc,cpu         ] GC(1414) User=0.01s Sys=0.00s Real=0.00s
[2026-06-17T09:56:50.978+0800][59.607s][info][gc,start       ] GC(1415) Pause Young (Allocation Failure)
[2026-06-17T09:56:50.979+0800][59.608s][info][gc,heap        ] GC(1415) DefNew: 16378K(19648K)->1826K(19648K) Eden: 16378K(17472K)->0K(17472K) From: 0K(2176K)->1826K(2176K)
[2026-06-17T09:56:50.979+0800][59.608s][info][gc,heap        ] GC(1415) Tenured: 27766K(43712K)->28124K(43712K)
[2026-06-17T09:56:50.979+0800][59.608s][info][gc,metaspace   ] GC(1415) Metaspace: 158K(384K)->158K(384K) NonClass: 153K(256K)->153K(256K) Class: 4K(128K)->4K(128K)
[2026-06-17T09:56:50.979+0800][59.608s][info][gc             ] GC(1415) Pause Young (Allocation Failure) 43M->29M(61M) 1.023ms
[2026-06-17T09:56:50.979+0800][59.608s][info][gc,cpu         ] GC(1415) User=0.00s Sys=0.00s Real=0.00s
[2026-06-17T09:56:51.032+0800][59.661s][info][gc,start       ] GC(1416) Pause Young (Allocation Failure)
[2026-06-17T09:56:51.033+0800][59.662s][info][gc,heap        ] GC(1416) DefNew: 19290K(19648K)->2046K(19648K) Eden: 17463K(17472K)->0K(17472K) From: 1826K(2176K)->2046K(2176K)
[2026-06-17T09:56:51.033+0800][59.662s][info][gc,heap        ] GC(1416) Tenured: 28124K(43712K)->31603K(43712K)
[2026-06-17T09:56:51.033+0800][59.662s][info][gc,metaspace   ] GC(1416) Metaspace: 158K(384K)->158K(384K) NonClass: 153K(256K)->153K(256K) Class: 4K(128K)->4K(128K)
[2026-06-17T09:56:51.033+0800][59.662s][info][gc             ] GC(1416) Pause Young (Allocation Failure) 46M->32M(61M) 1.508ms
[2026-06-17T09:56:51.033+0800][59.662s][info][gc,cpu         ] GC(1416) User=0.00s Sys=0.00s Real=0.00s
[2026-06-17T09:56:51.075+0800][59.704s][info][gc,start       ] GC(1417) Pause Young (Allocation Failure)
[2026-06-17T09:56:51.076+0800][59.705s][info][gc,heap        ] GC(1417) DefNew: 19506K(19648K)->2096K(19648K) Eden: 17459K(17472K)->0K(17472K) From: 2046K(2176K)->2096K(2176K)
[2026-06-17T09:56:51.077+0800][59.706s][info][gc,heap        ] GC(1417) Tenured: 31603K(43712K)->35830K(43712K)
[2026-06-17T09:56:51.077+0800][59.706s][info][gc,metaspace   ] GC(1417) Metaspace: 158K(384K)->158K(384K) NonClass: 153K(256K)->153K(256K) Class: 4K(128K)->4K(128K)
[2026-06-17T09:56:51.077+0800][59.707s][info][gc             ] GC(1417) Pause Young (Allocation Failure) 49M->37M(61M) 2.301ms
[2026-06-17T09:56:51.078+0800][59.707s][info][gc,cpu         ] GC(1417) User=0.00s Sys=0.00s Real=0.00s
[2026-06-17T09:56:51.120+0800][59.749s][info][gc,start       ] GC(1418) Pause Young (Allocation Failure)
[2026-06-17T09:56:51.121+0800][59.750s][info][gc,heap        ] GC(1418) DefNew: 19566K(19648K)->2168K(19648K) Eden: 17470K(17472K)->0K(17472K) From: 2096K(2176K)->2168K(2176K)
[2026-06-17T09:56:51.122+0800][59.751s][info][gc,heap        ] GC(1418) Tenured: 35830K(43712K)->39613K(43712K)
[2026-06-17T09:56:51.122+0800][59.751s][info][gc,metaspace   ] GC(1418) Metaspace: 158K(384K)->158K(384K) NonClass: 153K(256K)->153K(256K) Class: 4K(128K)->4K(128K)
[2026-06-17T09:56:51.122+0800][59.751s][info][gc             ] GC(1418) Pause Young (Allocation Failure) 54M->40M(61M) 1.966ms
[2026-06-17T09:56:51.122+0800][59.752s][info][gc,cpu         ] GC(1418) User=0.00s Sys=0.00s Real=0.01s
[2026-06-17T09:56:51.165+0800][59.794s][info][gc,start       ] GC(1419) Pause Young (Allocation Failure)
[2026-06-17T09:56:51.166+0800][59.795s][info][gc             ] GC(1419) Pause Young (Allocation Failure) 57M->57M(61M) 1.678ms
[2026-06-17T09:56:51.167+0800][59.796s][info][gc,cpu         ] GC(1419) User=0.00s Sys=0.00s Real=0.00s
[2026-06-17T09:56:51.168+0800][59.797s][info][gc,start       ] GC(1420) Pause Full (Allocation Failure)
[2026-06-17T09:56:51.168+0800][59.798s][info][gc,phases,start] GC(1420) Phase 1: Mark live objects
[2026-06-17T09:56:51.171+0800][59.800s][info][gc,phases      ] GC(1420) Phase 1: Mark live objects 2.361ms
[2026-06-17T09:56:51.171+0800][59.800s][info][gc,phases,start] GC(1420) Phase 2: Compute new object addresses
[2026-06-17T09:56:51.172+0800][59.801s][info][gc,phases      ] GC(1420) Phase 2: Compute new object addresses 0.421ms
[2026-06-17T09:56:51.172+0800][59.801s][info][gc,phases,start] GC(1420) Phase 3: Adjust pointers
[2026-06-17T09:56:51.172+0800][59.801s][info][gc,phases      ] GC(1420) Phase 3: Adjust pointers 0.296ms
[2026-06-17T09:56:51.172+0800][59.801s][info][gc,phases,start] GC(1420) Phase 4: Move objects
[2026-06-17T09:56:51.173+0800][59.803s][info][gc,phases      ] GC(1420) Phase 4: Move objects 1.289ms
[2026-06-17T09:56:51.174+0800][59.803s][info][gc,heap        ] GC(1420) DefNew: 19603K(19648K)->0K(19648K) Eden: 17435K(17472K)->0K(17472K) From: 2168K(2176K)->0K(2176K)
[2026-06-17T09:56:51.174+0800][59.803s][info][gc,heap        ] GC(1420) Tenured: 39613K(43712K)->21904K(43712K)
[2026-06-17T09:56:51.174+0800][59.803s][info][gc,metaspace   ] GC(1420) Metaspace: 158K(384K)->158K(384K) NonClass: 153K(256K)->153K(256K) Class: 4K(128K)->4K(128K)
[2026-06-17T09:56:51.174+0800][59.803s][info][gc             ] GC(1420) Pause Full (Allocation Failure) 57M->21M(61M) 5.717ms
[2026-06-17T09:56:51.174+0800][59.803s][info][gc,cpu         ] GC(1420) User=0.00s Sys=0.00s Real=0.01s
[2026-06-17T09:56:51.216+0800][59.845s][info][gc,start       ] GC(1421) Pause Young (Allocation Failure)
[2026-06-17T09:56:51.217+0800][59.846s][info][gc,heap        ] GC(1421) DefNew: 17472K(19648K)->2169K(19648K) Eden: 17472K(17472K)->0K(17472K) From: 0K(2176K)->2169K(2176K)
[2026-06-17T09:56:51.218+0800][59.847s][info][gc,heap        ] GC(1421) Tenured: 21904K(43712K)->26677K(43712K)
[2026-06-17T09:56:51.218+0800][59.847s][info][gc,metaspace   ] GC(1421) Metaspace: 158K(384K)->158K(384K) NonClass: 153K(256K)->153K(256K) Class: 4K(128K)->4K(128K)
[2026-06-17T09:56:51.218+0800][59.847s][info][gc             ] GC(1421) Pause Young (Allocation Failure) 38M->28M(61M) 1.663ms
[2026-06-17T09:56:51.218+0800][59.847s][info][gc,cpu         ] GC(1421) User=0.00s Sys=0.00s Real=0.00s
[2026-06-17T09:56:51.270+0800][59.899s][info][gc,start       ] GC(1422) Pause Young (Allocation Failure)
[2026-06-17T09:56:51.271+0800][59.900s][info][gc,heap        ] GC(1422) DefNew: 19626K(19648K)->2125K(19648K) Eden: 17456K(17472K)->0K(17472K) From: 2169K(2176K)->2125K(2176K)
[2026-06-17T09:56:51.271+0800][59.900s][info][gc,heap        ] GC(1422) Tenured: 26677K(43712K)->28615K(43712K)
[2026-06-17T09:56:51.271+0800][59.900s][info][gc,metaspace   ] GC(1422) Metaspace: 158K(384K)->158K(384K) NonClass: 153K(256K)->153K(256K) Class: 4K(128K)->4K(128K)
[2026-06-17T09:56:51.271+0800][59.900s][info][gc             ] GC(1422) Pause Young (Allocation Failure) 45M->30M(61M) 1.201ms
[2026-06-17T09:56:51.271+0800][59.900s][info][gc,cpu         ] GC(1422) User=0.00s Sys=0.00s Real=0.01s
[2026-06-17T09:56:51.303+0800][59.932s][info][gc,start       ] GC(1423) Pause Young (Allocation Failure)
[2026-06-17T09:56:51.304+0800][59.933s][info][gc,heap        ] GC(1423) DefNew: 19416K(19648K)->2149K(19648K) Eden: 17291K(17472K)->0K(17472K) From: 2125K(2176K)->2149K(2176K)
[2026-06-17T09:56:51.304+0800][59.933s][info][gc,heap        ] GC(1423) Tenured: 28615K(43712K)->31764K(43712K)
[2026-06-17T09:56:51.304+0800][59.934s][info][gc,metaspace   ] GC(1423) Metaspace: 158K(384K)->158K(384K) NonClass: 153K(256K)->153K(256K) Class: 4K(128K)->4K(128K)
[2026-06-17T09:56:51.305+0800][59.934s][info][gc             ] GC(1423) Pause Young (Allocation Failure) 46M->33M(61M) 1.581ms
[2026-06-17T09:56:51.305+0800][59.934s][info][gc,cpu         ] GC(1423) User=0.01s Sys=0.00s Real=0.00s
[2026-06-17T09:56:51.357+0800][59.986s][info][gc,start       ] GC(1424) Pause Young (Allocation Failure)
[2026-06-17T09:56:51.358+0800][59.987s][info][gc,heap        ] GC(1424) DefNew: 19585K(19648K)->2104K(19648K) Eden: 17435K(17472K)->0K(17472K) From: 2149K(2176K)->2104K(2176K)
[2026-06-17T09:56:51.358+0800][59.987s][info][gc,heap        ] GC(1424) Tenured: 31764K(43712K)->35461K(43712K)
[2026-06-17T09:56:51.359+0800][59.988s][info][gc,metaspace   ] GC(1424) Metaspace: 158K(384K)->158K(384K) NonClass: 153K(256K)->153K(256K) Class: 4K(128K)->4K(128K)
[2026-06-17T09:56:51.359+0800][59.988s][info][gc             ] GC(1424) Pause Young (Allocation Failure) 50M->36M(61M) 2.043ms
[2026-06-17T09:56:51.359+0800][59.988s][info][gc,cpu         ] GC(1424) User=0.00s Sys=0.00s Real=0.00s
[2026-06-17T09:56:51.401+0800][60.030s][info][gc,start       ] GC(1425) Pause Young (Allocation Failure)
[2026-06-17T09:56:51.402+0800][60.031s][info][gc,heap        ] GC(1425) DefNew: 19527K(19648K)->2170K(19648K) Eden: 17422K(17472K)->0K(17472K) From: 2104K(2176K)->2170K(2176K)
[2026-06-17T09:56:51.402+0800][60.031s][info][gc,heap        ] GC(1425) Tenured: 35461K(43712K)->38728K(43712K)
[2026-06-17T09:56:51.402+0800][60.032s][info][gc,metaspace   ] GC(1425) Metaspace: 158K(384K)->158K(384K) NonClass: 153K(256K)->153K(256K) Class: 4K(128K)->4K(128K)
[2026-06-17T09:56:51.403+0800][60.032s][info][gc             ] GC(1425) Pause Young (Allocation Failure) 53M->39M(61M) 1.453ms
[2026-06-17T09:56:51.403+0800][60.032s][info][gc,cpu         ] GC(1425) User=0.00s Sys=0.00s Real=0.01s
[2026-06-17T09:56:52.414+0800][61.043s][info][gc,heap,exit   ] Heap
[2026-06-17T09:56:52.415+0800][61.044s][info][gc,heap,exit   ]  def new generation   total 19648K, used 6776K [0x00000000fc000000, 0x00000000fd550000, 0x00000000fd550000)
[2026-06-17T09:56:52.415+0800][61.044s][info][gc,heap,exit   ]   eden space 17472K,  26% used [0x00000000fc000000, 0x00000000fc47fbc0, 0x00000000fd110000)
[2026-06-17T09:56:52.416+0800][61.045s][info][gc,heap,exit   ]   from space 2176K,  99% used [0x00000000fd110000, 0x00000000fd32e830, 0x00000000fd330000)
[2026-06-17T09:56:52.416+0800][61.045s][info][gc,heap,exit   ]   to   space 2176K,   0% used [0x00000000fd330000, 0x00000000fd330000, 0x00000000fd550000)
[2026-06-17T09:56:52.417+0800][61.046s][info][gc,heap,exit   ]  tenured generation   total 43712K, used 38728K [0x00000000fd550000, 0x0000000100000000, 0x0000000100000000)
[2026-06-17T09:56:52.417+0800][61.046s][info][gc,heap,exit   ]    the space 43712K,  88% used [0x00000000fd550000, 0x00000000ffb22338, 0x00000000ffb22400, 0x0000000100000000)
[2026-06-17T09:56:52.418+0800][61.047s][info][gc,heap,exit   ]  Metaspace       used 159K, committed 384K, reserved 1114112K
[2026-06-17T09:56:52.418+0800][61.047s][info][gc,heap,exit   ]   class space    used 4K, committed 128K, reserved 1048576K
