OpenJDK 64-Bit Server VM (25.492-b09) for linux-amd64 JRE (1.8.0_492-b09), built on Apr 26 2026 11:46:09 by "jenkins" with gcc 7.5.0
Memory: 4k page, physical 16236216k(11345424k free), swap 4194304k(4194304k free)
CommandLine flags: -XX:InitialHeapSize=268435456 -XX:MaxHeapSize=268435456 -XX:+PrintGC -XX:+PrintGCDateStamps -XX:+PrintGCDetails -XX:+PrintGCTimeStamps -XX:+UseCompressedClassPointers -XX:+UseCompressedOops -XX:+UseParallelGC 
2026-06-18T14:05:26.250+0800: 0.305: [GC (Allocation Failure) [PSYoungGen: 65536K->10737K(76288K)] 65536K->11831K(251392K), 0.0262357 secs] [Times: user=0.35 sys=0.05, real=0.02 secs] 
2026-06-18T14:05:26.435+0800: 0.490: [GC (Allocation Failure) [PSYoungGen: 76175K->10747K(76288K)] 77269K->22519K(251392K), 0.0207655 secs] [Times: user=0.20 sys=0.02, real=0.02 secs] 
2026-06-18T14:05:26.626+0800: 0.681: [GC (Allocation Failure) [PSYoungGen: 76283K->10624K(76288K)] 88055K->26867K(251392K), 0.0147639 secs] [Times: user=0.13 sys=0.01, real=0.02 secs] 
2026-06-18T14:05:26.808+0800: 0.863: [GC (Allocation Failure) [PSYoungGen: 76160K->10728K(76288K)] 92403K->31882K(251392K), 0.0104581 secs] [Times: user=0.12 sys=0.00, real=0.01 secs] 
2026-06-18T14:05:26.979+0800: 1.034: [GC (Allocation Failure) [PSYoungGen: 76264K->10733K(76288K)] 97418K->40221K(251392K), 0.0146756 secs] [Times: user=0.18 sys=0.00, real=0.04 secs] 
2026-06-18T14:05:27.178+0800: 1.233: [GC (Allocation Failure) [PSYoungGen: 76269K->10734K(58880K)] 105757K->45463K(233984K), 0.0101312 secs] [Times: user=0.08 sys=0.05, real=0.02 secs] 
2026-06-18T14:05:27.316+0800: 1.371: [GC (Allocation Failure) [PSYoungGen: 58831K->17685K(66048K)] 93560K->52698K(241152K), 0.0168516 secs] [Times: user=0.16 sys=0.00, real=0.02 secs] 
2026-06-18T14:05:27.453+0800: 1.508: [GC (Allocation Failure) [PSYoungGen: 65813K->20949K(61952K)] 100826K->58194K(237056K), 0.0259829 secs] [Times: user=0.29 sys=0.01, real=0.02 secs] 
2026-06-18T14:05:27.585+0800: 1.640: [GC (Allocation Failure) [PSYoungGen: 61909K->15544K(64000K)] 99154K->55164K(239104K), 0.0100974 secs] [Times: user=0.09 sys=0.00, real=0.01 secs] 
2026-06-18T14:05:27.701+0800: 1.756: [GC (Allocation Failure) [PSYoungGen: 56504K->13213K(65024K)] 96124K->54109K(240128K), 0.0238288 secs] [Times: user=0.23 sys=0.00, real=0.02 secs] 
2026-06-18T14:05:27.831+0800: 1.886: [GC (Allocation Failure) [PSYoungGen: 55709K->8861K(64512K)] 96605K->62289K(239616K), 0.0083705 secs] [Times: user=0.07 sys=0.01, real=0.01 secs] 
2026-06-18T14:05:27.947+0800: 2.001: [GC (Allocation Failure) [PSYoungGen: 51357K->9189K(64512K)] 104785K->69299K(239616K), 0.0053462 secs] [Times: user=0.03 sys=0.00, real=0.01 secs] 
2026-06-18T14:05:27.965+0800: 2.020: [GC (System.gc()) [PSYoungGen: 15786K->1716K(44032K)] 75896K->68809K(219136K), 0.0108838 secs] [Times: user=0.14 sys=0.01, real=0.01 secs] 
2026-06-18T14:05:27.978+0800: 2.033: [Full GC (System.gc()) [PSYoungGen: 1716K->0K(44032K)] [ParOldGen: 67093K->26475K(175104K)] 68809K->26475K(219136K), [Metaspace: 2705K->2705K(1056768K)], 0.0097910 secs] [Times: user=0.08 sys=0.00, real=0.02 secs] 
2026-06-18T14:05:28.106+0800: 2.161: [GC (Allocation Failure) [PSYoungGen: 41984K->6945K(63488K)] 68459K->33421K(238592K), 0.0447360 secs] [Times: user=0.50 sys=0.00, real=0.05 secs] 
2026-06-18T14:05:28.247+0800: 2.302: [GC (Allocation Failure) [PSYoungGen: 46881K->9594K(63488K)] 73357K->41917K(238592K), 0.0202189 secs] [Times: user=0.19 sys=0.01, real=0.02 secs] 
2026-06-18T14:05:28.363+0800: 2.418: [GC (Allocation Failure) [PSYoungGen: 49375K->7511K(65024K)] 81698K->46744K(240128K), 0.0134328 secs] [Times: user=0.09 sys=0.00, real=0.01 secs] 
2026-06-18T14:05:28.493+0800: 2.548: [GC (Allocation Failure) [PSYoungGen: 50007K->8103K(64512K)] 89240K->52559K(239616K), 0.0166311 secs] [Times: user=0.12 sys=0.00, real=0.02 secs] 
2026-06-18T14:05:28.616+0800: 2.671: [GC (Allocation Failure) [PSYoungGen: 50539K->7554K(66048K)] 94995K->60074K(241152K), 0.0118345 secs] [Times: user=0.11 sys=0.01, real=0.02 secs] 
2026-06-18T14:05:28.734+0800: 2.789: [GC (Allocation Failure) [PSYoungGen: 52098K->10591K(65536K)] 104618K->69361K(240640K), 0.0115404 secs] [Times: user=0.10 sys=0.00, real=0.01 secs] 
2026-06-18T14:05:28.862+0800: 2.917: [GC (Allocation Failure) [PSYoungGen: 55135K->9524K(67584K)] 113905K->74019K(242688K), 0.0137663 secs] [Times: user=0.13 sys=0.00, real=0.01 secs] 
2026-06-18T14:05:28.993+0800: 3.048: [GC (Allocation Failure) [PSYoungGen: 57140K->11739K(67072K)] 121635K->83269K(242176K), 0.0202716 secs] [Times: user=0.19 sys=0.03, real=0.02 secs] 
2026-06-18T14:05:29.140+0800: 3.195: [GC (Allocation Failure) [PSYoungGen: 59355K->8335K(68608K)] 130885K->88376K(243712K), 0.0163743 secs] [Times: user=0.19 sys=0.04, real=0.02 secs] 
2026-06-18T14:05:29.285+0800: 3.340: [GC (Allocation Failure) [PSYoungGen: 57999K->9199K(68096K)] 138040K->96568K(243200K), 0.0363353 secs] [Times: user=0.16 sys=0.05, real=0.04 secs] 
2026-06-18T14:05:29.331+0800: 3.386: [GC (System.gc()) [PSYoungGen: 12537K->0K(67072K)] 99905K->96093K(242176K), 0.0066570 secs] [Times: user=0.06 sys=0.00, real=0.00 secs] 
2026-06-18T14:05:29.340+0800: 3.395: [Full GC (System.gc()) [PSYoungGen: 0K->0K(67072K)] [ParOldGen: 96093K->21593K(175104K)] 96093K->21593K(242176K), [Metaspace: 2706K->2706K(1056768K)], 0.0119013 secs] [Times: user=0.09 sys=0.00, real=0.02 secs] 
2026-06-18T14:05:29.482+0800: 3.537: [GC (Allocation Failure) [PSYoungGen: 49152K->10504K(68096K)] 70745K->32097K(243200K), 0.0170074 secs] [Times: user=0.14 sys=0.01, real=0.01 secs] 
2026-06-18T14:05:29.626+0800: 3.681: [GC (Allocation Failure) [PSYoungGen: 59656K->9643K(69120K)] 81249K->36421K(244224K), 0.0311280 secs] [Times: user=0.27 sys=0.00, real=0.03 secs] 
2026-06-18T14:05:29.679+0800: 3.734: [GC (System.gc()) [PSYoungGen: 20912K->3237K(68608K)] 47690K->37532K(243712K), 0.0110545 secs] [Times: user=0.13 sys=0.00, real=0.02 secs] 
2026-06-18T14:05:29.693+0800: 3.748: [Full GC (System.gc()) [PSYoungGen: 3237K->0K(68608K)] [ParOldGen: 34295K->22951K(175104K)] 37532K->22951K(243712K), [Metaspace: 2706K->2706K(1056768K)], 0.0080022 secs] [Times: user=0.08 sys=0.00, real=0.01 secs] 
2026-06-18T14:05:29.839+0800: 3.894: [GC (Allocation Failure) [PSYoungGen: 50688K->9468K(69632K)] 73639K->32419K(244736K), 0.0127943 secs] [Times: user=0.10 sys=0.00, real=0.02 secs] 
2026-06-18T14:05:29.981+0800: 4.036: [GC (Allocation Failure) [PSYoungGen: 61180K->11140K(69120K)] 84131K->41666K(244224K), 0.0114232 secs] [Times: user=0.09 sys=0.01, real=0.01 secs] 
2026-06-18T14:05:30.099+0800: 4.154: [GC (System.gc()) [PSYoungGen: 54800K->8373K(70144K)] 85326K->47731K(245248K), 0.0325581 secs] [Times: user=0.34 sys=0.00, real=0.04 secs] 
2026-06-18T14:05:30.134+0800: 4.189: [Full GC (System.gc()) [PSYoungGen: 8373K->0K(70144K)] [ParOldGen: 39357K->28600K(175104K)] 47731K->28600K(245248K), [Metaspace: 2706K->2706K(1056768K)], 0.0163008 secs] [Times: user=0.17 sys=0.01, real=0.02 secs] 
2026-06-18T14:05:30.300+0800: 4.355: [GC (Allocation Failure) [PSYoungGen: 52736K->8592K(69632K)] 81336K->37193K(244736K), 0.0222935 secs] [Times: user=0.20 sys=0.00, real=0.02 secs] 
2026-06-18T14:05:30.451+0800: 4.506: [GC (Allocation Failure) [PSYoungGen: 61328K->11180K(70144K)] 89929K->45914K(245248K), 0.0136625 secs] [Times: user=0.10 sys=0.00, real=0.01 secs] 
2026-06-18T14:05:30.602+0800: 4.657: [GC (Allocation Failure) [PSYoungGen: 65452K->12047K(70656K)] 100186K->51557K(245760K), 0.0431094 secs] [Times: user=0.48 sys=0.01, real=0.04 secs] 
2026-06-18T14:05:30.782+0800: 4.837: [GC (Allocation Failure) [PSYoungGen: 66319K->11993K(69632K)] 105829K->54393K(244736K), 0.0040103 secs] [Times: user=0.02 sys=0.00, real=0.00 secs] 
2026-06-18T14:05:30.925+0800: 4.980: [GC (Allocation Failure) [PSYoungGen: 65241K->9902K(70144K)] 107641K->63206K(245248K), 0.0267894 secs] [Times: user=0.28 sys=0.00, real=0.03 secs] 
2026-06-18T14:05:31.080+0800: 5.134: [GC (Allocation Failure) [PSYoungGen: 63150K->10385K(71168K)] 116454K->71966K(246272K), 0.0163975 secs] [Times: user=0.12 sys=0.01, real=0.02 secs] 
2026-06-18T14:05:31.161+0800: 5.216: [GC (System.gc()) [PSYoungGen: 37956K->4176K(70656K)] 99537K->74492K(245760K), 0.0145193 secs] [Times: user=0.15 sys=0.00, real=0.01 secs] 
2026-06-18T14:05:31.177+0800: 5.232: [Full GC (System.gc()) [PSYoungGen: 4176K->0K(70656K)] [ParOldGen: 70316K->22853K(175104K)] 74492K->22853K(245760K), [Metaspace: 2707K->2707K(1056768K)], 0.0113376 secs] [Times: user=0.12 sys=0.00, real=0.02 secs] 
2026-06-18T14:05:31.328+0800: 5.383: [GC (Allocation Failure) [PSYoungGen: 54728K->9350K(71680K)] 77581K->32203K(246784K), 0.0116196 secs] [Times: user=0.08 sys=0.01, real=0.02 secs] 
2026-06-18T14:05:31.477+0800: 5.532: [GC (Allocation Failure) [PSYoungGen: 64625K->13580K(70656K)] 87478K->45680K(245760K), 0.0095095 secs] [Times: user=0.11 sys=0.00, real=0.01 secs] 
2026-06-18T14:05:31.635+0800: 5.690: [GC (Allocation Failure) [PSYoungGen: 68876K->10192K(71168K)] 100976K->52186K(246272K), 0.0107028 secs] [Times: user=0.09 sys=0.01, real=0.02 secs] 
2026-06-18T14:05:31.777+0800: 5.832: [GC (Allocation Failure) [PSYoungGen: 64287K->9868K(70656K)] 106280K->60619K(245760K), 0.0139938 secs] [Times: user=0.13 sys=0.00, real=0.02 secs] 
2026-06-18T14:05:31.939+0800: 5.994: [GC (Allocation Failure) [PSYoungGen: 64652K->9267K(72192K)] 115403K->68134K(247296K), 0.0164218 secs] [Times: user=0.14 sys=0.00, real=0.02 secs] 
2026-06-18T14:05:32.092+0800: 6.147: [GC (Allocation Failure) [PSYoungGen: 66099K->11547K(71680K)] 124966K->77256K(246784K), 0.0124719 secs] [Times: user=0.11 sys=0.01, real=0.01 secs] 
2026-06-18T14:05:32.243+0800: 6.298: [GC (Allocation Failure) [PSYoungGen: 68379K->14103K(69632K)] 134088K->84710K(244736K), 0.0414990 secs] [Times: user=0.45 sys=0.01, real=0.04 secs] 
2026-06-18T14:05:32.432+0800: 6.487: [GC (Allocation Failure) [PSYoungGen: 68375K->9615K(70656K)] 138982K->85050K(245760K), 0.0308743 secs] [Times: user=0.34 sys=0.00, real=0.03 secs] 
2026-06-18T14:05:32.590+0800: 6.645: [GC (Allocation Failure) [PSYoungGen: 63659K->9418K(71680K)] 139095K->93435K(246784K), 0.0137434 secs] [Times: user=0.12 sys=0.00, real=0.01 secs] 
2026-06-18T14:05:32.752+0800: 6.807: [GC (Allocation Failure) [PSYoungGen: 65226K->11059K(71168K)] 149243K->104406K(246272K), 0.0156095 secs] [Times: user=0.16 sys=0.00, real=0.02 secs] 
2026-06-18T14:05:32.905+0800: 6.960: [GC (Allocation Failure) [PSYoungGen: 66867K->11545K(71680K)] 160214K->114175K(246784K), 0.0172434 secs] [Times: user=0.19 sys=0.02, real=0.02 secs] 
2026-06-18T14:05:33.059+0800: 7.114: [GC (Allocation Failure) [PSYoungGen: 67865K->13562K(70144K)] 170495K->125292K(245248K), 0.0118441 secs] [Times: user=0.12 sys=0.05, real=0.02 secs] 
2026-06-18T14:05:33.209+0800: 7.264: [GC (Allocation Failure) [PSYoungGen: 69882K->8535K(71168K)] 181612K->129009K(246272K), 0.0093142 secs] [Times: user=0.12 sys=0.02, real=0.00 secs] 
2026-06-18T14:05:33.355+0800: 7.410: [GC (Allocation Failure) [PSYoungGen: 63507K->9054K(71168K)] 183981K->135939K(246272K), 0.0089740 secs] [Times: user=0.10 sys=0.02, real=0.01 secs] 
2026-06-18T14:05:33.501+0800: 7.556: [GC (Allocation Failure) [PSYoungGen: 64350K->13576K(69632K)] 191235K->145713K(244736K), 0.0147030 secs] [Times: user=0.19 sys=0.06, real=0.01 secs] 
2026-06-18T14:05:33.653+0800: 7.708: [GC (Allocation Failure) [PSYoungGen: 67848K->12182K(70656K)] 199985K->150926K(245760K), 0.0048173 secs] [Times: user=0.05 sys=0.01, real=0.00 secs] 
2026-06-18T14:05:33.795+0800: 7.850: [GC (Allocation Failure) [PSYoungGen: 66452K->9500K(71168K)] 205196K->156747K(246272K), 0.0066134 secs] [Times: user=0.04 sys=0.01, real=0.01 secs] 
2026-06-18T14:05:33.949+0800: 8.004: [GC (Allocation Failure) [PSYoungGen: 64284K->9730K(70656K)] 211531K->166326K(245760K), 0.0167233 secs] [Times: user=0.21 sys=0.07, real=0.01 secs] 
2026-06-18T14:05:34.102+0800: 8.157: [GC (Allocation Failure) [PSYoungGen: 64514K->11025K(71680K)] 221110K->176983K(246784K), 0.0154388 secs] [Times: user=0.21 sys=0.05, real=0.01 secs] 
2026-06-18T14:05:34.120+0800: 8.175: [Full GC (Ergonomics) [PSYoungGen: 11025K->0K(71680K)] [ParOldGen: 165957K->30816K(175104K)] 176983K->30816K(246784K), [Metaspace: 2707K->2707K(1056768K)], 0.0151146 secs] [Times: user=0.17 sys=0.01, real=0.02 secs] 
2026-06-18T14:05:34.282+0800: 8.337: [GC (Allocation Failure) [PSYoungGen: 55808K->11325K(71168K)] 86624K->42142K(246272K), 0.0304051 secs] [Times: user=0.31 sys=0.01, real=0.03 secs] 
2026-06-18T14:05:34.449+0800: 8.504: [GC (Allocation Failure) [PSYoungGen: 67133K->11834K(71680K)] 97950K->51657K(246784K), 0.0280732 secs] [Times: user=0.28 sys=0.00, real=0.02 secs] 
2026-06-18T14:05:34.614+0800: 8.669: [GC (Allocation Failure) [PSYoungGen: 68154K->9378K(71680K)] 107977K->56268K(246784K), 0.0106603 secs] [Times: user=0.11 sys=0.00, real=0.02 secs] 
2026-06-18T14:05:34.783+0800: 8.838: [GC (Allocation Failure) [PSYoungGen: 65698K->11571K(72192K)] 112588K->63870K(247296K), 0.0247532 secs] [Times: user=0.19 sys=0.01, real=0.03 secs] 
2026-06-18T14:05:34.959+0800: 9.014: [GC (Allocation Failure) [PSYoungGen: 68915K->12444K(70144K)] 121214K->69698K(245248K), 0.0283284 secs] [Times: user=0.21 sys=0.00, real=0.04 secs] 
2026-06-18T14:05:35.133+0800: 9.188: [GC (Allocation Failure) [PSYoungGen: 69527K->10385K(72192K)] 126782K->72604K(247296K), 0.0183674 secs] [Times: user=0.12 sys=0.00, real=0.02 secs] 
2026-06-18T14:05:35.303+0800: 9.358: [GC (Allocation Failure) [PSYoungGen: 67217K->11260K(71680K)] 129436K->78565K(246784K), 0.0200084 secs] [Times: user=0.22 sys=0.00, real=0.02 secs] 
2026-06-18T14:05:35.463+0800: 9.518: [GC (Allocation Failure) [PSYoungGen: 67747K->9005K(72192K)] 135052K->86310K(247296K), 0.0351736 secs] [Times: user=0.27 sys=0.00, real=0.05 secs] 
2026-06-18T14:05:35.663+0800: 9.718: [GC (Allocation Failure) [PSYoungGen: 66349K->11707K(72192K)] 143654K->97873K(247296K), 0.0316027 secs] [Times: user=0.14 sys=0.00, real=0.03 secs] 
2026-06-18T14:05:35.853+0800: 9.908: [GC (Allocation Failure) [PSYoungGen: 69051K->10779K(72704K)] 155217K->107201K(247808K), 0.0406015 secs] [Times: user=0.19 sys=0.00, real=0.06 secs] 
2026-06-18T14:05:36.065+0800: 10.120: [GC (Allocation Failure) [PSYoungGen: 68635K->9864K(72192K)] 165057K->116670K(247296K), 0.0162728 secs] [Times: user=0.11 sys=0.00, real=0.02 secs] 
2026-06-18T14:05:36.240+0800: 10.295: [GC (Allocation Failure) [PSYoungGen: 67720K->10522K(73216K)] 174526K->127001K(248320K), 0.0247350 secs] [Times: user=0.16 sys=0.00, real=0.03 secs] 
2026-06-18T14:05:36.407+0800: 10.462: [GC (Allocation Failure) [PSYoungGen: 69329K->9686K(72704K)] 185808K->134818K(247808K), 0.0182756 secs] [Times: user=0.13 sys=0.00, real=0.02 secs] 
2026-06-18T14:05:36.588+0800: 10.643: [GC (Allocation Failure) [PSYoungGen: 68566K->10615K(73728K)] 193698K->143349K(248832K), 0.0184991 secs] [Times: user=0.13 sys=0.00, real=0.02 secs] 
2026-06-18T14:05:36.762+0800: 10.817: [GC (Allocation Failure) [PSYoungGen: 70519K->13305K(73216K)] 203253K->153508K(248320K), 0.0252128 secs] [Times: user=0.20 sys=0.00, real=0.03 secs] 
2026-06-18T14:05:36.949+0800: 11.004: [GC (Allocation Failure) [PSYoungGen: 73209K->10560K(73216K)] 213412K->156885K(248320K), 0.0176754 secs] [Times: user=0.10 sys=0.00, real=0.01 secs] 
2026-06-18T14:05:37.106+0800: 11.161: [GC (Allocation Failure) [PSYoungGen: 69946K->10993K(73216K)] 216271K->163919K(248320K), 0.0100298 secs] [Times: user=0.09 sys=0.00, real=0.01 secs] 
2026-06-18T14:05:37.277+0800: 11.332: [GC (Allocation Failure) [PSYoungGen: 70385K->10480K(73728K)] 223311K->170231K(248832K), 0.0134843 secs] [Times: user=0.15 sys=0.00, real=0.02 secs] 
2026-06-18T14:05:37.440+0800: 11.495: [GC (Allocation Failure) [PSYoungGen: 70384K->11533K(73216K)] 230135K->177017K(248320K), 0.0221231 secs] [Times: user=0.21 sys=0.00, real=0.03 secs] 
2026-06-18T14:05:37.471+0800: 11.526: [Full GC (Ergonomics) [PSYoungGen: 11533K->0K(73216K)] [ParOldGen: 165483K->25481K(175104K)] 177017K->25481K(248320K), [Metaspace: 2709K->2709K(1056768K)], 0.0187949 secs] [Times: user=0.16 sys=0.00, real=0.02 secs] 
2026-06-18T14:05:37.639+0800: 11.694: [GC (Allocation Failure) [PSYoungGen: 59904K->13285K(71680K)] 85385K->39099K(246784K), 0.0152750 secs] [Times: user=0.12 sys=0.00, real=0.02 secs] 
2026-06-18T14:05:37.801+0800: 11.856: [GC (Allocation Failure) [PSYoungGen: 71653K->11018K(72704K)] 97467K->43057K(247808K), 0.0179341 secs] [Times: user=0.16 sys=0.00, real=0.02 secs] 
2026-06-18T14:05:37.972+0800: 12.027: [GC (Allocation Failure) [PSYoungGen: 69386K->12704K(72192K)] 101425K->47686K(247296K), 0.0157747 secs] [Times: user=0.11 sys=0.00, real=0.02 secs] 
2026-06-18T14:05:38.139+0800: 12.194: [GC (Allocation Failure) [PSYoungGen: 71072K->12473K(72704K)] 106054K->50535K(247808K), 0.0195149 secs] [Times: user=0.16 sys=0.00, real=0.02 secs] 
2026-06-18T14:05:38.309+0800: 12.364: [GC (Allocation Failure) [PSYoungGen: 70841K->10759K(72704K)] 108903K->60398K(247808K), 0.0120299 secs] [Times: user=0.12 sys=0.00, real=0.01 secs] 
2026-06-18T14:05:38.472+0800: 12.527: [GC (Allocation Failure) [PSYoungGen: 69127K->12694K(72704K)] 118766K->71025K(247808K), 0.0165636 secs] [Times: user=0.12 sys=0.00, real=0.02 secs] 
2026-06-18T14:05:38.648+0800: 12.702: [GC (Allocation Failure) [PSYoungGen: 71062K->10636K(72704K)] 129393K->80274K(247808K), 0.0146133 secs] [Times: user=0.11 sys=0.00, real=0.02 secs] 
2026-06-18T14:05:38.811+0800: 12.866: [GC (Allocation Failure) [PSYoungGen: 69004K->11315K(72704K)] 138642K->89906K(247808K), 0.0133895 secs] [Times: user=0.09 sys=0.01, real=0.01 secs] 
2026-06-18T14:05:38.965+0800: 13.020: [GC (Allocation Failure) [PSYoungGen: 69683K->14202K(71680K)] 148274K->102641K(246784K), 0.0157989 secs] [Times: user=0.12 sys=0.00, real=0.02 secs] 
2026-06-18T14:05:39.128+0800: 13.183: [GC (Allocation Failure) [PSYoungGen: 71546K->10897K(72192K)] 159985K->108476K(247296K), 0.0217458 secs] [Times: user=0.16 sys=0.00, real=0.02 secs] 
2026-06-18T14:05:39.299+0800: 13.354: [GC (Allocation Failure) [PSYoungGen: 68241K->11214K(72704K)] 165820K->115946K(247808K), 0.0127121 secs] [Times: user=0.15 sys=0.01, real=0.02 secs] 
2026-06-18T14:05:39.459+0800: 13.514: [GC (Allocation Failure) [PSYoungGen: 69070K->10638K(72192K)] 173802K->122223K(247296K), 0.0108196 secs] [Times: user=0.12 sys=0.00, real=0.02 secs] 
2026-06-18T14:05:39.617+0800: 13.672: [GC (Allocation Failure) [PSYoungGen: 68494K->10896K(72704K)] 180079K->127967K(247808K), 0.0124796 secs] [Times: user=0.11 sys=0.00, real=0.02 secs] 
2026-06-18T14:05:39.778+0800: 13.833: [GC (Allocation Failure) [PSYoungGen: 69264K->11696K(72704K)] 186335K->133851K(247808K), 0.0164569 secs] [Times: user=0.14 sys=0.00, real=0.02 secs] 
2026-06-18T14:05:39.936+0800: 13.991: [GC (Allocation Failure) [PSYoungGen: 69817K->9726K(72192K)] 191972K->137234K(247296K), 0.0139807 secs] [Times: user=0.15 sys=0.00, real=0.02 secs] 
2026-06-18T14:05:40.099+0800: 14.154: [GC (Allocation Failure) [PSYoungGen: 68094K->12732K(72704K)] 195602K->143523K(247808K), 0.0218944 secs] [Times: user=0.17 sys=0.00, real=0.03 secs] 
2026-06-18T14:05:40.275+0800: 14.330: [GC (Allocation Failure) [PSYoungGen: 71091K->12720K(71680K)] 201881K->147560K(246784K), 0.0174878 secs] [Times: user=0.12 sys=0.00, real=0.02 secs] 
2026-06-18T14:05:40.444+0800: 14.499: [GC (Allocation Failure) [PSYoungGen: 70064K->11255K(72192K)] 204904K->156119K(247296K), 0.0270167 secs] [Times: user=0.26 sys=0.00, real=0.03 secs] 
2026-06-18T14:05:40.613+0800: 14.668: [GC (Allocation Failure) [PSYoungGen: 68599K->13130K(71680K)] 213463K->167273K(246784K), 0.0130449 secs] [Times: user=0.13 sys=0.00, real=0.01 secs] 
2026-06-18T14:05:40.773+0800: 14.828: [GC (Allocation Failure) [PSYoungGen: 70474K->11315K(72192K)] 224617K->176810K(247296K), 0.0126494 secs] [Times: user=0.13 sys=0.00, real=0.01 secs] 
2026-06-18T14:05:40.788+0800: 14.843: [Full GC (Ergonomics) [PSYoungGen: 11315K->0K(72192K)] [ParOldGen: 165495K->27439K(175104K)] 176810K->27439K(247296K), [Metaspace: 2709K->2709K(1056768K)], 0.0134832 secs] [Times: user=0.14 sys=0.01, real=0.02 secs] 
2026-06-18T14:05:40.940+0800: 14.995: [GC (Allocation Failure) [PSYoungGen: 57344K->14327K(70656K)] 84783K->43266K(245760K), 0.0142549 secs] [Times: user=0.14 sys=0.00, real=0.01 secs] 
2026-06-18T14:05:41.104+0800: 15.159: [GC (Allocation Failure) [PSYoungGen: 70647K->10754K(71680K)] 99586K->48781K(246784K), 0.0173257 secs] [Times: user=0.09 sys=0.00, real=0.02 secs] 
2026-06-18T14:05:42.233+0800: 15.320: [GC (Allocation Failure) [PSYoungGen: 67074K->14357K(70656K)] 105101K->57855K(245760K), 0.0143575 secs] [Times: user=0.16 sys=0.01, real=0.02 secs] 
2026-06-18T14:05:42.398+0800: 15.486: [GC (Allocation Failure) [PSYoungGen: 69653K->9153K(71168K)] 113151K->60180K(246272K), 0.0194145 secs] [Times: user=0.25 sys=0.00, real=0.02 secs] 
2026-06-18T14:05:42.559+0800: 15.646: [GC (Allocation Failure) [PSYoungGen: 64449K->11657K(71680K)] 115476K->67442K(246784K), 0.0152018 secs] [Times: user=0.20 sys=0.00, real=0.01 secs] 
2026-06-18T14:05:42.715+0800: 15.802: [GC (Allocation Failure) [PSYoungGen: 67465K->11318K(71168K)] 123250K->72196K(246272K), 0.0112183 secs] [Times: user=0.11 sys=0.00, real=0.01 secs] 
2026-06-18T14:05:42.878+0800: 15.965: [GC (Allocation Failure) [PSYoungGen: 67126K->10545K(71680K)] 128004K->74818K(246784K), 0.0164720 secs] [Times: user=0.16 sys=0.01, real=0.01 secs] 
2026-06-18T14:05:43.045+0800: 16.132: [GC (Allocation Failure) [PSYoungGen: 66865K->10423K(71680K)] 131138K->82987K(246784K), 0.0142677 secs] [Times: user=0.18 sys=0.00, real=0.02 secs] 
2026-06-18T14:05:43.200+0800: 16.287: [GC (Allocation Failure) [PSYoungGen: 66743K->12801K(71168K)] 139307K->94640K(246272K), 0.0104856 secs] [Times: user=0.10 sys=0.01, real=0.01 secs] 
2026-06-18T14:05:43.363+0800: 16.450: [GC (Allocation Failure) [PSYoungGen: 69121K->9546K(71680K)] 150960K->102269K(246784K), 0.0121198 secs] [Times: user=0.17 sys=0.00, real=0.02 secs] 
2026-06-18T14:05:43.514+0800: 16.602: [GC (Allocation Failure) [PSYoungGen: 65866K->12367K(71680K)] 158589K->113701K(246784K), 0.0064145 secs] [Times: user=0.08 sys=0.00, real=0.01 secs] 
2026-06-18T14:05:43.671+0800: 16.758: [GC (Allocation Failure) [PSYoungGen: 68687K->9353K(71680K)] 170021K->118929K(246784K), 0.0345829 secs] [Times: user=0.21 sys=0.00, real=0.04 secs] 
2026-06-18T14:05:43.850+0800: 16.937: [GC (Allocation Failure) [PSYoungGen: 65673K->11741K(72192K)] 175249K->127669K(247296K), 0.0132526 secs] [Times: user=0.16 sys=0.00, real=0.01 secs] 
2026-06-18T14:05:44.012+0800: 17.099: [GC (Allocation Failure) [PSYoungGen: 68573K->10817K(71680K)] 184501K->133078K(246784K), 0.0183847 secs] [Times: user=0.26 sys=0.00, real=0.02 secs] 
2026-06-18T14:05:44.167+0800: 17.255: [GC (Allocation Failure) [PSYoungGen: 67649K->12819K(72192K)] 189910K->140153K(247296K), 0.0100337 secs] [Times: user=0.12 sys=0.00, real=0.02 secs] 
2026-06-18T14:05:44.326+0800: 17.413: [GC (Allocation Failure) [PSYoungGen: 70163K->12023K(72192K)] 197497K->143494K(247296K), 0.0122950 secs] [Times: user=0.12 sys=0.00, real=0.02 secs] 
2026-06-18T14:05:44.486+0800: 17.573: [GC (Allocation Failure) [PSYoungGen: 69367K->12106K(72192K)] 200838K->147113K(247296K), 0.0225227 secs] [Times: user=0.21 sys=0.01, real=0.03 secs] 
2026-06-18T14:05:44.667+0800: 17.754: [GC (Allocation Failure) [PSYoungGen: 69450K->12490K(72192K)] 204457K->149511K(247296K), 0.0148320 secs] [Times: user=0.17 sys=0.00, real=0.02 secs] 
2026-06-18T14:05:44.830+0800: 17.917: [GC (Allocation Failure) [PSYoungGen: 69834K->10611K(72192K)] 206855K->158571K(247296K), 0.0301254 secs] [Times: user=0.29 sys=0.00, real=0.03 secs] 
2026-06-18T14:05:45.019+0800: 18.106: [GC (Allocation Failure) [PSYoungGen: 67955K->11081K(72192K)] 215915K->167607K(247296K), 0.0137474 secs] [Times: user=0.09 sys=0.00, real=0.02 secs] 
2026-06-18T14:05:45.180+0800: 18.268: [GC (Allocation Failure) [PSYoungGen: 68163K->10268K(72704K)] 224690K->176174K(247808K), 0.0157121 secs] [Times: user=0.12 sys=0.01, real=0.02 secs] 
2026-06-18T14:05:45.200+0800: 18.287: [Full GC (Ergonomics) [PSYoungGen: 10268K->0K(72704K)] [ParOldGen: 165906K->27286K(175104K)] 176174K->27286K(247808K), [Metaspace: 2709K->2709K(1056768K)], 0.0144703 secs] [Times: user=0.12 sys=0.00, real=0.02 secs] 
2026-06-18T14:05:45.364+0800: 18.452: [GC (Allocation Failure) [PSYoungGen: 58238K->8825K(67584K)] 85524K->36111K(242688K), 0.0180964 secs] [Times: user=0.10 sys=0.00, real=0.02 secs] 
2026-06-18T14:05:45.543+0800: 18.630: [GC (Allocation Failure) [PSYoungGen: 67193K->10545K(72704K)] 94479K->46585K(247808K), 0.0306403 secs] [Times: user=0.24 sys=0.00, real=0.04 secs] 
2026-06-18T14:05:45.721+0800: 18.808: [GC (Allocation Failure) [PSYoungGen: 68401K->9739K(72192K)] 104441K->54196K(247296K), 0.0211166 secs] [Times: user=0.33 sys=0.01, real=0.02 secs] 
2026-06-18T14:05:45.890+0800: 18.978: [GC (Allocation Failure) [PSYoungGen: 67595K->13000K(71680K)] 112052K->65049K(246784K), 0.0081709 secs] [Times: user=0.03 sys=0.00, real=0.01 secs] 
2026-06-18T14:05:46.056+0800: 19.143: [GC (Allocation Failure) [PSYoungGen: 70344K->11335K(72192K)] 122393K->72031K(247296K), 0.0152364 secs] [Times: user=0.13 sys=0.01, real=0.01 secs] 
2026-06-18T14:05:46.223+0800: 19.310: [GC (Allocation Failure) [PSYoungGen: 68679K->9117K(72704K)] 129375K->76657K(247808K), 0.0165510 secs] [Times: user=0.16 sys=0.00, real=0.02 secs] 
2026-06-18T14:05:46.378+0800: 19.465: [GC (Allocation Failure) [PSYoungGen: 67485K->13130K(71680K)] 135025K->85865K(246784K), 0.0161795 secs] [Times: user=0.19 sys=0.00, real=0.01 secs] 
2026-06-18T14:05:46.542+0800: 19.629: [GC (Allocation Failure) [PSYoungGen: 71498K->9317K(72192K)] 144233K->86057K(247296K), 0.0165744 secs] [Times: user=0.18 sys=0.00, real=0.02 secs] 
2026-06-18T14:05:46.707+0800: 19.794: [GC (Allocation Failure) [PSYoungGen: 66661K->12550K(70144K)] 143401K->92498K(245248K), 0.0350647 secs] [Times: user=0.39 sys=0.01, real=0.05 secs] 
2026-06-18T14:05:46.895+0800: 19.982: [GC (Allocation Failure) [PSYoungGen: 69643K->10333K(72192K)] 149591K->101443K(247296K), 0.0134291 secs] [Times: user=0.14 sys=0.01, real=0.02 secs] 
2026-06-18T14:05:47.056+0800: 20.144: [GC (Allocation Failure) [PSYoungGen: 67165K->12394K(71680K)] 158275K->113701K(246784K), 0.0114303 secs] [Times: user=0.11 sys=0.00, real=0.01 secs] 
2026-06-18T14:05:47.221+0800: 20.309: [GC (Allocation Failure) [PSYoungGen: 69226K->11406K(72192K)] 170533K->122580K(247296K), 0.0140514 secs] [Times: user=0.12 sys=0.00, real=0.02 secs] 
2026-06-18T14:05:47.384+0800: 20.472: [GC (Allocation Failure) [PSYoungGen: 68750K->11562K(72192K)] 179924K->130854K(247296K), 0.0117393 secs] [Times: user=0.12 sys=0.01, real=0.02 secs] 
2026-06-18T14:05:47.547+0800: 20.635: [GC (Allocation Failure) [PSYoungGen: 68905K->11065K(72704K)] 188196K->139474K(247808K), 0.0242555 secs] [Times: user=0.17 sys=0.01, real=0.03 secs] 
2026-06-18T14:05:47.720+0800: 20.807: [GC (Allocation Failure) [PSYoungGen: 69404K->13276K(71680K)] 197814K->150970K(246784K), 0.0129707 secs] [Times: user=0.14 sys=0.00, real=0.01 secs] 
2026-06-18T14:05:47.879+0800: 20.967: [GC (Allocation Failure) [PSYoungGen: 71644K->12625K(72192K)] 209338K->157637K(247296K), 0.0187092 secs] [Times: user=0.19 sys=0.00, real=0.02 secs] 
2026-06-18T14:05:48.035+0800: 21.122: [GC (Allocation Failure) [PSYoungGen: 69938K->8351K(66048K)] 214950K->160277K(241152K), 0.0271480 secs] [Times: user=0.23 sys=0.01, real=0.03 secs] 
2026-06-18T14:05:48.209+0800: 21.297: [GC (Allocation Failure) [PSYoungGen: 65695K->12407K(71680K)] 217621K->169280K(246784K), 0.0122117 secs] [Times: user=0.16 sys=0.00, real=0.01 secs] 
2026-06-18T14:05:48.358+0800: 21.445: [GC (Allocation Failure) [PSYoungGen: 68677K->10575K(71680K)] 225550K->173368K(246784K), 0.0079092 secs] [Times: user=0.07 sys=0.01, real=0.00 secs] 
2026-06-18T14:05:48.373+0800: 21.461: [Full GC (Ergonomics) [PSYoungGen: 10575K->0K(71680K)] [ParOldGen: 162793K->23819K(175104K)] 173368K->23819K(246784K), [Metaspace: 2710K->2710K(1056768K)], 0.0118789 secs] [Times: user=0.10 sys=0.00, real=0.01 secs] 
2026-06-18T14:05:48.531+0800: 21.619: [GC (Allocation Failure) [PSYoungGen: 56301K->11128K(72192K)] 80120K->34947K(247296K), 0.0108829 secs] [Times: user=0.09 sys=0.00, real=0.01 secs] 
2026-06-18T14:05:48.682+0800: 21.769: [GC (Allocation Failure) [PSYoungGen: 68472K->9719K(72192K)] 92291K->43166K(247296K), 0.0312721 secs] [Times: user=0.32 sys=0.00, real=0.03 secs] 
2026-06-18T14:05:48.872+0800: 21.959: [GC (Allocation Failure) [PSYoungGen: 67063K->9141K(72192K)] 100510K->52172K(247296K), 0.0240252 secs] [Times: user=0.15 sys=0.01, real=0.03 secs] 
2026-06-18T14:05:49.033+0800: 22.121: [GC (Allocation Failure) [PSYoungGen: 66485K->13571K(71168K)] 109516K->64645K(246272K), 0.0139702 secs] [Times: user=0.13 sys=0.01, real=0.02 secs] 
2026-06-18T14:05:49.197+0800: 22.284: [GC (Allocation Failure) [PSYoungGen: 70915K->10747K(72192K)] 121989K->72883K(247296K), 0.0126058 secs] [Times: user=0.09 sys=0.00, real=0.01 secs] 
2026-06-18T14:05:49.359+0800: 22.447: [GC (Allocation Failure) [PSYoungGen: 67579K->10780K(71680K)] 129715K->81696K(246784K), 0.0145239 secs] [Times: user=0.12 sys=0.00, real=0.01 secs] 
2026-06-18T14:05:49.514+0800: 22.601: [GC (Allocation Failure) [PSYoungGen: 67612K->12283K(72192K)] 138528K->91360K(247296K), 0.0462511 secs] [Times: user=0.35 sys=0.00, real=0.05 secs] 
2026-06-18T14:05:49.714+0800: 22.802: [GC (Allocation Failure) [PSYoungGen: 69627K->11948K(72192K)] 148704K->98045K(247296K), 0.0119965 secs] [Times: user=0.14 sys=0.00, real=0.01 secs] 
2026-06-18T14:05:49.873+0800: 22.960: [GC (Allocation Failure) [PSYoungGen: 69281K->11368K(72704K)] 155379K->103074K(247808K), 0.0135681 secs] [Times: user=0.15 sys=0.00, real=0.01 secs] 
2026-06-18T14:05:50.033+0800: 23.120: [GC (Allocation Failure) [PSYoungGen: 69224K->9905K(72192K)] 160930K->108612K(247296K), 0.0101707 secs] [Times: user=0.10 sys=0.00, real=0.01 secs] 
2026-06-18T14:05:50.180+0800: 23.267: [GC (Allocation Failure) [PSYoungGen: 67761K->12787K(71680K)] 166468K->116788K(246784K), 0.0479733 secs] [Times: user=0.57 sys=0.01, real=0.05 secs] 
2026-06-18T14:05:50.377+0800: 23.464: [GC (Allocation Failure) [PSYoungGen: 70098K->10026K(72192K)] 174100K->118685K(247296K), 0.0098203 secs] [Times: user=0.11 sys=0.00, real=0.01 secs] 
2026-06-18T14:05:50.525+0800: 23.612: [GC (Allocation Failure) [PSYoungGen: 67370K->13648K(70656K)] 176029K->124962K(245760K), 0.0129945 secs] [Times: user=0.12 sys=0.00, real=0.02 secs] 
2026-06-18T14:05:50.689+0800: 23.777: [GC (Allocation Failure) [PSYoungGen: 69968K->10334K(71680K)] 181282K->131501K(246784K), 0.0162864 secs] [Times: user=0.15 sys=0.00, real=0.01 secs] 
2026-06-18T14:05:50.846+0800: 23.933: [GC (Allocation Failure) [PSYoungGen: 66654K->12076K(72192K)] 187821K->141850K(247296K), 0.0164348 secs] [Times: user=0.12 sys=0.00, real=0.02 secs] 
2026-06-18T14:05:51.015+0800: 24.102: [GC (Allocation Failure) [PSYoungGen: 69420K->10557K(72192K)] 199194K->150752K(247296K), 0.0131254 secs] [Times: user=0.14 sys=0.01, real=0.02 secs] 
2026-06-18T14:05:51.167+0800: 24.254: [GC (Allocation Failure) [PSYoungGen: 67901K->13397K(71168K)] 208096K->162810K(246272K), 0.0169725 secs] [Times: user=0.14 sys=0.00, real=0.02 secs] 
2026-06-18T14:05:51.333+0800: 24.421: [GC (Allocation Failure) [PSYoungGen: 69717K->9585K(71680K)] 219130K->168241K(246784K), 0.0236507 secs] [Times: user=0.17 sys=0.01, real=0.03 secs] 
2026-06-18T14:05:51.510+0800: 24.597: [GC (Allocation Failure) [PSYoungGen: 65905K->10177K(72192K)] 224561K->174430K(247296K), 0.0215619 secs] [Times: user=0.19 sys=0.00, real=0.02 secs] 
2026-06-18T14:05:51.533+0800: 24.620: [Full GC (Ergonomics) [PSYoungGen: 10177K->0K(72192K)] [ParOldGen: 164253K->24468K(175104K)] 174430K->24468K(247296K), [Metaspace: 2710K->2710K(1056768K)], 0.0191273 secs] [Times: user=0.20 sys=0.01, real=0.02 secs] 
2026-06-18T14:05:51.691+0800: 24.778: [GC (Allocation Failure) [PSYoungGen: 56832K->11915K(71680K)] 81300K->36384K(246784K), 0.0241904 secs] [Times: user=0.20 sys=0.00, real=0.03 secs] 
2026-06-18T14:05:51.853+0800: 24.940: [GC (Allocation Failure) [PSYoungGen: 68747K->14558K(70144K)] 93216K->47079K(245248K), 0.0138680 secs] [Times: user=0.12 sys=0.01, real=0.02 secs] 
2026-06-18T14:05:52.005+0800: 25.093: [GC (Allocation Failure) [PSYoungGen: 69854K->12750K(71168K)] 102375K->53530K(246272K), 0.0118834 secs] [Times: user=0.10 sys=0.00, real=0.02 secs] 
2026-06-18T14:05:52.168+0800: 25.256: [GC (Allocation Failure) [PSYoungGen: 68046K->11283K(71680K)] 108826K->55379K(246784K), 0.0154498 secs] [Times: user=0.16 sys=0.00, real=0.01 secs] 
2026-06-18T14:05:52.333+0800: 25.420: [GC (Allocation Failure) [PSYoungGen: 67091K->9644K(71168K)] 111187K->62415K(246272K), 0.0136227 secs] [Times: user=0.15 sys=0.00, real=0.02 secs] 
2026-06-18T14:05:52.487+0800: 25.574: [GC (Allocation Failure) [PSYoungGen: 65452K->11043K(71680K)] 118223K->72928K(246784K), 0.0196932 secs] [Times: user=0.11 sys=0.00, real=0.03 secs] 
2026-06-18T14:05:52.659+0800: 25.746: [GC (Allocation Failure) [PSYoungGen: 67363K->9110K(71680K)] 129248K->80929K(246784K), 0.0221388 secs] [Times: user=0.20 sys=0.00, real=0.02 secs] 
2026-06-18T14:05:52.813+0800: 25.900: [GC (Allocation Failure) [PSYoungGen: 65184K->10992K(72192K)] 137002K->91546K(247296K), 0.0145337 secs] [Times: user=0.12 sys=0.00, real=0.02 secs] 
2026-06-18T14:05:52.975+0800: 26.062: [GC (Allocation Failure) [PSYoungGen: 67789K->11146K(71680K)] 148343K->100598K(246784K), 0.0166804 secs] [Times: user=0.11 sys=0.00, real=0.02 secs] 
2026-06-18T14:05:53.138+0800: 26.226: [GC (Allocation Failure) [PSYoungGen: 67978K->10718K(72704K)] 157430K->106425K(247808K), 0.0112513 secs] [Times: user=0.10 sys=0.00, real=0.01 secs] 
2026-06-18T14:05:53.289+0800: 26.377: [GC (Allocation Failure) [PSYoungGen: 69086K->12603K(72704K)] 164793K->115006K(247808K), 0.0335069 secs] [Times: user=0.29 sys=0.00, real=0.03 secs] 
2026-06-18T14:05:53.475+0800: 26.563: [GC (Allocation Failure) [PSYoungGen: 70971K->12360K(71680K)] 173374K->120046K(246784K), 0.0113964 secs] [Times: user=0.08 sys=0.00, real=0.02 secs] 
2026-06-18T14:05:53.640+0800: 26.728: [GC (Allocation Failure) [PSYoungGen: 69704K->9584K(72192K)] 177390K->122457K(247296K), 0.0081093 secs] [Times: user=0.08 sys=0.00, real=0.01 secs] 
2026-06-18T14:05:53.796+0800: 26.884: [GC (Allocation Failure) [PSYoungGen: 66928K->10146K(72704K)] 179801K->125848K(247808K), 0.0103189 secs] [Times: user=0.08 sys=0.00, real=0.00 secs] 
2026-06-18T14:05:53.945+0800: 27.032: [GC (Allocation Failure) [PSYoungGen: 68002K->11934K(72192K)] 183704K->137625K(247296K), 0.0107985 secs] [Times: user=0.10 sys=0.00, real=0.02 secs] 
2026-06-18T14:05:54.108+0800: 27.196: [GC (Allocation Failure) [PSYoungGen: 69790K->12704K(71680K)] 195481K->147214K(246784K), 0.0149264 secs] [Times: user=0.09 sys=0.00, real=0.01 secs] 
2026-06-18T14:05:54.261+0800: 27.349: [GC (Allocation Failure) [PSYoungGen: 70048K->9709K(72192K)] 204558K->156365K(247296K), 0.0201358 secs] [Times: user=0.15 sys=0.00, real=0.02 secs] 
2026-06-18T14:05:54.429+0800: 27.517: [GC (Allocation Failure) [PSYoungGen: 67053K->11780K(72192K)] 213709K->168065K(247296K), 0.0411518 secs] [Times: user=0.40 sys=0.00, real=0.04 secs] 
2026-06-18T14:05:54.625+0800: 27.712: [GC (Allocation Failure) [PSYoungGen: 69123K->8883K(72192K)] 225408K->175506K(247296K), 0.0321383 secs] [Times: user=0.11 sys=0.01, real=0.04 secs] 
2026-06-18T14:05:54.660+0800: 27.748: [Full GC (Ergonomics) [PSYoungGen: 8883K->0K(72192K)] [ParOldGen: 166622K->26054K(175104K)] 175506K->26054K(247296K), [Metaspace: 2710K->2710K(1056768K)], 0.0098640 secs] [Times: user=0.06 sys=0.01, real=0.01 secs] 
2026-06-18T14:05:54.807+0800: 27.895: [GC (Allocation Failure) [PSYoungGen: 57344K->14582K(70144K)] 83398K->42022K(245248K), 0.0147507 secs] [Times: user=0.16 sys=0.00, real=0.02 secs] 
2026-06-18T14:05:54.959+0800: 28.047: [GC (Allocation Failure) [PSYoungGen: 69567K->9227K(71168K)] 97006K->45684K(246272K), 0.0167658 secs] [Times: user=0.13 sys=0.00, real=0.02 secs] 
2026-06-18T14:05:55.124+0800: 28.212: [GC (Allocation Failure) [PSYoungGen: 64523K->10402K(71680K)] 100980K->52406K(246784K), 0.0131097 secs] [Times: user=0.10 sys=0.00, real=0.02 secs] 
2026-06-18T14:05:55.276+0800: 28.364: [GC (Allocation Failure) [PSYoungGen: 66210K->12368K(71168K)] 108214K->59736K(246272K), 0.0358317 secs] [Times: user=0.27 sys=0.01, real=0.03 secs] 
2026-06-18T14:05:55.459+0800: 28.546: [GC (Allocation Failure) [PSYoungGen: 68176K->9386K(71680K)] 115544K->60221K(246784K), 0.0199040 secs] [Times: user=0.11 sys=0.00, real=0.02 secs] 
2026-06-18T14:05:55.620+0800: 28.707: [GC (Allocation Failure) [PSYoungGen: 65706K->11850K(71680K)] 116541K->71888K(246784K), 0.0165283 secs] [Times: user=0.09 sys=0.00, real=0.02 secs] 
2026-06-18T14:05:55.783+0800: 28.871: [GC (Allocation Failure) [PSYoungGen: 68170K->10488K(72192K)] 128208K->79476K(247296K), 0.0182312 secs] [Times: user=0.17 sys=0.00, real=0.02 secs] 
2026-06-18T14:05:55.940+0800: 29.027: [GC (Allocation Failure) [PSYoungGen: 67320K->12325K(71680K)] 136308K->91180K(246784K), 0.0060384 secs] [Times: user=0.05 sys=0.00, real=0.00 secs] 
2026-06-18T14:05:56.092+0800: 29.180: [GC (Allocation Failure) [PSYoungGen: 69135K->11716K(72192K)] 147990K->99551K(247296K), 0.0123195 secs] [Times: user=0.13 sys=0.00, real=0.01 secs] 
2026-06-18T14:05:56.251+0800: 29.339: [GC (Allocation Failure) [PSYoungGen: 69060K->9979K(72192K)] 156895K->106119K(247296K), 0.0127744 secs] [Times: user=0.15 sys=0.00, real=0.01 secs] 
2026-06-18T14:05:56.401+0800: 29.488: [GC (Allocation Failure) [PSYoungGen: 67323K->12589K(72192K)] 163463K->116303K(247296K), 0.0104525 secs] [Times: user=0.11 sys=0.00, real=0.01 secs] 
2026-06-18T14:05:56.557+0800: 29.645: [GC (Allocation Failure) [PSYoungGen: 69900K->10960K(72192K)] 173614K->122132K(247296K), 0.0164111 secs] [Times: user=0.13 sys=0.00, real=0.01 secs] 
2026-06-18T14:05:56.720+0800: 29.808: [GC (Allocation Failure) [PSYoungGen: 68304K->9081K(72192K)] 179476K->126850K(247296K), 0.0370499 secs] [Times: user=0.23 sys=0.00, real=0.04 secs] 
2026-06-18T14:05:56.894+0800: 29.981: [GC (Allocation Failure) [PSYoungGen: 66425K->12753K(72192K)] 184194K->134982K(247296K), 0.0097147 secs] [Times: user=0.08 sys=0.00, real=0.01 secs] 
2026-06-18T14:05:57.052+0800: 30.140: [GC (Allocation Failure) [PSYoungGen: 70097K->12061K(72192K)] 192326K->138487K(247296K), 0.0127389 secs] [Times: user=0.09 sys=0.00, real=0.01 secs] 
2026-06-18T14:05:57.207+0800: 30.294: [GC (Allocation Failure) [PSYoungGen: 69405K->14625K(72192K)] 195831K->143101K(247296K), 0.0233558 secs] [Times: user=0.15 sys=0.00, real=0.04 secs] 
2026-06-18T14:05:57.393+0800: 30.480: [GC (Allocation Failure) [PSYoungGen: 71969K->11918K(71168K)] 200445K->151593K(246272K), 0.0227241 secs] [Times: user=0.14 sys=0.00, real=0.03 secs] 
2026-06-18T14:05:57.556+0800: 30.644: [GC (Allocation Failure) [PSYoungGen: 68229K->13812K(70144K)] 207905K->163093K(245248K), 0.0266193 secs] [Times: user=0.22 sys=0.01, real=0.02 secs] 
2026-06-18T14:05:57.734+0800: 30.821: [GC (Allocation Failure) [PSYoungGen: 70132K->10817K(71168K)] 219413K->171343K(246272K), 0.0091699 secs] [Times: user=0.10 sys=0.00, real=0.01 secs] 
2026-06-18T14:05:57.745+0800: 30.832: [Full GC (Ergonomics) [PSYoungGen: 10817K->0K(71168K)] [ParOldGen: 160526K->30008K(175104K)] 171343K->30008K(246272K), [Metaspace: 2710K->2710K(1056768K)], 0.0150123 secs] [Times: user=0.14 sys=0.01, real=0.02 secs] 
2026-06-18T14:05:57.897+0800: 30.984: [GC (Allocation Failure) [PSYoungGen: 55296K->13357K(71168K)] 85304K->43365K(246272K), 0.0156947 secs] [Times: user=0.15 sys=0.00, real=0.01 secs] 
2026-06-18T14:05:58.052+0800: 31.140: [GC (Allocation Failure) [PSYoungGen: 68653K->10865K(71168K)] 98661K->50177K(246272K), 0.0130237 secs] [Times: user=0.12 sys=0.00, real=0.01 secs] 
2026-06-18T14:05:58.205+0800: 31.292: [GC (Allocation Failure) [PSYoungGen: 66161K->10031K(71168K)] 105473K->56523K(246272K), 0.0132244 secs] [Times: user=0.09 sys=0.01, real=0.02 secs] 
2026-06-18T14:05:58.347+0800: 31.434: [GC (Allocation Failure) [PSYoungGen: 65292K->9986K(71168K)] 111784K->61769K(246272K), 0.0278035 secs] [Times: user=0.24 sys=0.00, real=0.04 secs] 
2026-06-18T14:05:58.535+0800: 31.623: [GC (Allocation Failure) [PSYoungGen: 65282K->10404K(71168K)] 117065K->66009K(246272K), 0.0257504 secs] [Times: user=0.20 sys=0.00, real=0.03 secs] 
2026-06-18T14:05:58.701+0800: 31.788: [GC (Allocation Failure) [PSYoungGen: 65700K->11718K(71680K)] 121305K->76446K(246784K), 0.0398162 secs] [Times: user=0.34 sys=0.00, real=0.04 secs] 
2026-06-18T14:05:58.883+0800: 31.970: [GC (Allocation Failure) [PSYoungGen: 68038K->13440K(71680K)] 132766K->87237K(246784K), 0.0174471 secs] [Times: user=0.10 sys=0.00, real=0.02 secs] 
2026-06-18T14:05:59.049+0800: 32.136: [GC (Allocation Failure) [PSYoungGen: 69760K->9551K(71680K)] 143557K->93813K(246784K), 0.0303567 secs] [Times: user=0.24 sys=0.00, real=0.03 secs] 
2026-06-18T14:05:59.227+0800: 32.315: [GC (Allocation Failure) [PSYoungGen: 65823K->12368K(71680K)] 150086K->105397K(246784K), 0.0140356 secs] [Times: user=0.08 sys=0.00, real=0.02 secs] 
2026-06-18T14:05:59.398+0800: 32.485: [GC (Allocation Failure) [PSYoungGen: 68688K->10835K(71680K)] 161717K->111216K(246784K), 0.0270295 secs] [Times: user=0.22 sys=0.01, real=0.02 secs] 
2026-06-18T14:05:59.564+0800: 32.652: [GC (Allocation Failure) [PSYoungGen: 67155K->12765K(71680K)] 167536K->120810K(246784K), 0.0128003 secs] [Times: user=0.11 sys=0.00, real=0.02 secs] 
2026-06-18T14:05:59.728+0800: 32.815: [GC (Allocation Failure) [PSYoungGen: 69085K->9212K(71680K)] 177130K->124332K(246784K), 0.0302830 secs] [Times: user=0.16 sys=0.00, real=0.03 secs] 
2026-06-18T14:05:59.908+0800: 32.996: [GC (Allocation Failure) [PSYoungGen: 65532K->12540K(71680K)] 180652K->132207K(246784K), 0.0361686 secs] [Times: user=0.30 sys=0.00, real=0.03 secs] 
2026-06-18T14:06:00.098+0800: 33.185: [GC (Allocation Failure) [PSYoungGen: 68860K->9151K(71680K)] 188527K->133250K(246784K), 0.0144041 secs] [Times: user=0.08 sys=0.00, real=0.01 secs] 
2026-06-18T14:06:00.252+0800: 33.339: [GC (Allocation Failure) [PSYoungGen: 65423K->12342K(71680K)] 189522K->138428K(246784K), 0.0153644 secs] [Times: user=0.11 sys=0.00, real=0.02 secs] 
2026-06-18T14:06:00.423+0800: 33.510: [GC (Allocation Failure) [PSYoungGen: 68662K->10052K(71680K)] 194748K->146498K(246784K), 0.0163692 secs] [Times: user=0.14 sys=0.01, real=0.02 secs] 
2026-06-18T14:06:00.580+0800: 33.667: [GC (Allocation Failure) [PSYoungGen: 66372K->13650K(70144K)] 202818K->157427K(245248K), 0.0179322 secs] [Times: user=0.14 sys=0.00, real=0.02 secs] 
2026-06-18T14:06:00.748+0800: 33.835: [GC (Allocation Failure) [PSYoungGen: 69960K->9692K(71168K)] 213737K->164844K(246272K), 0.0140564 secs] [Times: user=0.12 sys=0.00, real=0.02 secs] 
2026-06-18T14:06:00.902+0800: 33.990: [GC (Allocation Failure) [PSYoungGen: 64988K->11088K(71168K)] 220140K->174429K(246272K), 0.0107702 secs] [Times: user=0.13 sys=0.00, real=0.01 secs] 
2026-06-18T14:06:00.915+0800: 34.002: [Full GC (Ergonomics) [PSYoungGen: 11088K->0K(71168K)] [ParOldGen: 163340K->28160K(175104K)] 174429K->28160K(246272K), [Metaspace: 2710K->2710K(1056768K)], 0.0081100 secs] [Times: user=0.06 sys=0.01, real=0.01 secs] 
2026-06-18T14:06:01.072+0800: 34.159: [GC (Allocation Failure) [PSYoungGen: 55296K->10980K(72192K)] 83456K->39140K(247296K), 0.0255288 secs] [Times: user=0.17 sys=0.00, real=0.03 secs] 
2026-06-18T14:06:01.235+0800: 34.322: [GC (Allocation Failure) [PSYoungGen: 67812K->11890K(71680K)] 95972K->47527K(246784K), 0.0420321 secs] [Times: user=0.41 sys=0.00, real=0.05 secs] 
2026-06-18T14:06:01.420+0800: 34.507: [GC (Allocation Failure) [PSYoungGen: 68722K->12154K(72192K)] 104359K->54568K(247296K), 0.0111964 secs] [Times: user=0.08 sys=0.00, real=0.01 secs] 
2026-06-18T14:06:01.582+0800: 34.669: [GC (Allocation Failure) [PSYoungGen: 69498K->12079K(72192K)] 111912K->59414K(247296K), 0.0253119 secs] [Times: user=0.15 sys=0.00, real=0.03 secs] 
2026-06-18T14:06:01.772+0800: 34.859: [GC (Allocation Failure) [PSYoungGen: 69423K->9902K(72192K)] 116758K->63281K(247296K), 0.0154314 secs] [Times: user=0.12 sys=0.00, real=0.02 secs] 
2026-06-18T14:06:01.936+0800: 35.023: [GC (Allocation Failure) [PSYoungGen: 67246K->10758K(72192K)] 120625K->66087K(247296K), 0.0445977 secs] [Times: user=0.33 sys=0.00, real=0.04 secs] 
2026-06-18T14:06:02.123+0800: 35.210: [GC (Allocation Failure) [PSYoungGen: 68102K->12185K(72704K)] 123431K->77811K(247808K), 0.0175990 secs] [Times: user=0.10 sys=0.00, real=0.02 secs] 
2026-06-18T14:06:02.297+0800: 35.384: [GC (Allocation Failure) [PSYoungGen: 70553K->12289K(71168K)] 136179K->87345K(246272K), 0.0581265 secs] [Times: user=0.46 sys=0.00, real=0.06 secs] 
2026-06-18T14:06:02.497+0800: 35.584: [GC (Allocation Failure) [PSYoungGen: 70652K->9959K(72192K)] 145708K->96796K(247296K), 0.0132322 secs] [Times: user=0.10 sys=0.01, real=0.01 secs] 
2026-06-18T14:06:02.670+0800: 35.757: [GC (Allocation Failure) [PSYoungGen: 67303K->8983K(72192K)] 154140K->105684K(247296K), 0.0220373 secs] [Times: user=0.19 sys=0.00, real=0.03 secs] 
2026-06-18T14:06:02.842+0800: 35.930: [GC (Allocation Failure) [PSYoungGen: 66327K->13069K(72192K)] 163028K->117601K(247296K), 0.0424143 secs] [Times: user=0.36 sys=0.00, real=0.04 secs] 
2026-06-18T14:06:03.034+0800: 36.121: [GC (Allocation Failure) [PSYoungGen: 70413K->10669K(72192K)] 174945K->123374K(247296K), 0.0156249 secs] [Times: user=0.15 sys=0.01, real=0.02 secs] 
2026-06-18T14:06:03.189+0800: 36.276: [GC (Allocation Failure) [PSYoungGen: 68013K->13601K(71168K)] 180718K->133318K(246272K), 0.0149095 secs] [Times: user=0.15 sys=0.00, real=0.01 secs] 
2026-06-18T14:06:03.351+0800: 36.438: [GC (Allocation Failure) [PSYoungGen: 69921K->9835K(71680K)] 189638K->137357K(246784K), 0.0139268 secs] [Times: user=0.13 sys=0.00, real=0.01 secs] 
2026-06-18T14:06:03.502+0800: 36.589: [GC (Allocation Failure) [PSYoungGen: 66155K->12675K(71680K)] 193677K->145793K(246784K), 0.0169314 secs] [Times: user=0.12 sys=0.00, real=0.02 secs] 
2026-06-18T14:06:03.668+0800: 36.756: [GC (Allocation Failure) [PSYoungGen: 68995K->10536K(71680K)] 202113K->147219K(246784K), 0.0080930 secs] [Times: user=0.08 sys=0.00, real=0.01 secs] 
2026-06-18T14:06:03.816+0800: 36.903: [GC (Allocation Failure) [PSYoungGen: 66856K->12373K(71680K)] 203539K->152233K(246784K), 0.0151450 secs] [Times: user=0.12 sys=0.01, real=0.02 secs] 
2026-06-18T14:06:03.970+0800: 37.057: [GC (Allocation Failure) [PSYoungGen: 68693K->12072K(71680K)] 208553K->162589K(246784K), 0.0126938 secs] [Times: user=0.11 sys=0.00, real=0.01 secs] 
2026-06-18T14:06:04.122+0800: 37.209: [GC (Allocation Failure) [PSYoungGen: 68378K->10974K(72192K)] 218895K->170880K(247296K), 0.0166329 secs] [Times: user=0.11 sys=0.00, real=0.02 secs] 
2026-06-18T14:06:04.295+0800: 37.382: [GC (Allocation Failure) [PSYoungGen: 67806K->12057K(71680K)] 227712K->182873K(246784K), 0.0117075 secs] [Times: user=0.08 sys=0.01, real=0.01 secs] 
2026-06-18T14:06:04.308+0800: 37.396: [Full GC (Ergonomics) [PSYoungGen: 12057K->0K(71680K)] [ParOldGen: 170816K->33045K(175104K)] 182873K->33045K(246784K), [Metaspace: 2710K->2710K(1056768K)], 0.0329013 secs] [Times: user=0.36 sys=0.01, real=0.03 secs] 
2026-06-18T14:06:04.492+0800: 37.580: [GC (Allocation Failure) [PSYoungGen: 56832K->11430K(72704K)] 89877K->44476K(247808K), 0.0107545 secs] [Times: user=0.10 sys=0.00, real=0.01 secs] 
2026-06-18T14:06:04.652+0800: 37.739: [GC (Allocation Failure) [PSYoungGen: 69286K->9356K(72192K)] 102332K->51307K(247296K), 0.0187231 secs] [Times: user=0.11 sys=0.00, real=0.02 secs] 
2026-06-18T14:06:04.809+0800: 37.896: [GC (Allocation Failure) [PSYoungGen: 67212K->12291K(71680K)] 109163K->61014K(246784K), 0.0250831 secs] [Times: user=0.24 sys=0.00, real=0.03 secs] 
2026-06-18T14:06:04.977+0800: 38.064: [GC (Allocation Failure) [PSYoungGen: 69635K->13215K(72192K)] 118358K->69288K(247296K), 0.0222415 secs] [Times: user=0.21 sys=0.00, real=0.02 secs] 
2026-06-18T14:06:05.158+0800: 38.245: [GC (Allocation Failure) [PSYoungGen: 70547K->10974K(72192K)] 126619K->72644K(247296K), 0.0326838 secs] [Times: user=0.37 sys=0.00, real=0.03 secs] 
2026-06-18T14:06:05.339+0800: 38.427: [GC (Allocation Failure) [PSYoungGen: 68312K->9920K(72192K)] 129982K->75260K(247296K), 0.0093404 secs] [Times: user=0.06 sys=0.00, real=0.01 secs] 
2026-06-18T14:06:05.489+0800: 38.576: [GC (Allocation Failure) [PSYoungGen: 67231K->12378K(72192K)] 132571K->81037K(247296K), 0.0142524 secs] [Times: user=0.08 sys=0.01, real=0.01 secs] 
2026-06-18T14:06:05.659+0800: 38.746: [GC (Allocation Failure) [PSYoungGen: 69722K->10194K(72192K)] 138381K->89596K(247296K), 0.0125120 secs] [Times: user=0.10 sys=0.00, real=0.01 secs] 
2026-06-18T14:06:05.811+0800: 38.898: [GC (Allocation Failure) [PSYoungGen: 67538K->14245K(71168K)] 146940K->102577K(246272K), 0.0153221 secs] [Times: user=0.15 sys=0.00, real=0.02 secs] 
2026-06-18T14:06:05.976+0800: 39.063: [GC (Allocation Failure) [PSYoungGen: 70565K->9075K(71680K)] 158897K->108495K(246784K), 0.0393686 secs] [Times: user=0.36 sys=0.01, real=0.04 secs] 
2026-06-18T14:06:06.164+0800: 39.252: [GC (Allocation Failure) [PSYoungGen: 65395K->12809K(70656K)] 164815K->119748K(245760K), 0.0153345 secs] [Times: user=0.11 sys=0.00, real=0.02 secs] 
2026-06-18T14:06:06.328+0800: 39.415: [GC (Allocation Failure) [PSYoungGen: 68105K->8659K(71168K)] 175044K->124278K(246272K), 0.0140306 secs] [Times: user=0.10 sys=0.00, real=0.01 secs] 
2026-06-18T14:06:06.472+0800: 39.560: [GC (Allocation Failure) [PSYoungGen: 63935K->10557K(71680K)] 179553K->132800K(246784K), 0.0146329 secs] [Times: user=0.10 sys=0.00, real=0.02 secs] 
2026-06-18T14:06:06.635+0800: 39.722: [GC (Allocation Failure) [PSYoungGen: 66365K->11006K(71168K)] 188608K->140143K(246272K), 0.0294797 secs] [Times: user=0.29 sys=0.01, real=0.03 secs] 
2026-06-18T14:06:06.804+0800: 39.891: [GC (Allocation Failure) [PSYoungGen: 66814K->12584K(71168K)] 195951K->146108K(246272K), 0.0193513 secs] [Times: user=0.18 sys=0.00, real=0.02 secs] 
2026-06-18T14:06:06.962+0800: 40.049: [GC (Allocation Failure) [PSYoungGen: 68904K->13826K(70656K)] 202428K->150308K(245760K), 0.0192959 secs] [Times: user=0.18 sys=0.00, real=0.02 secs] 
2026-06-18T14:06:07.139+0800: 40.226: [GC (Allocation Failure) [PSYoungGen: 70146K->10692K(71680K)] 206628K->157944K(246784K), 0.0238402 secs] [Times: user=0.19 sys=0.00, real=0.02 secs] 
2026-06-18T14:06:07.315+0800: 40.402: [GC (Allocation Failure) [PSYoungGen: 66500K->10969K(71168K)] 213752K->166178K(246272K), 0.0273993 secs] [Times: user=0.25 sys=0.00, real=0.03 secs] 
2026-06-18T14:06:07.480+0800: 40.568: [GC (Allocation Failure) [PSYoungGen: 66777K->10993K(72192K)] 221986K->176785K(247296K), 0.0235817 secs] [Times: user=0.25 sys=0.00, real=0.02 secs] 
2026-06-18T14:06:07.505+0800: 40.592: [Full GC (Ergonomics) [PSYoungGen: 10993K->0K(72192K)] [ParOldGen: 165791K->30296K(175104K)] 176785K->30296K(247296K), [Metaspace: 2711K->2711K(1056768K)], 0.0199294 secs] [Times: user=0.21 sys=0.00, real=0.02 secs] 
2026-06-18T14:06:07.664+0800: 40.751: [GC (Allocation Failure) [PSYoungGen: 56832K->14845K(71680K)] 87128K->45320K(246784K), 0.0315226 secs] [Times: user=0.24 sys=0.00, real=0.04 secs] 
2026-06-18T14:06:07.844+0800: 40.931: [GC (Allocation Failure) [PSYoungGen: 71677K->10621K(70656K)] 102152K->51370K(245760K), 0.0182159 secs] [Times: user=0.15 sys=0.00, real=0.02 secs] 
2026-06-18T14:06:08.002+0800: 41.089: [GC (Allocation Failure) [PSYoungGen: 65917K->13104K(71168K)] 106666K->59755K(246272K), 0.0258453 secs] [Times: user=0.22 sys=0.00, real=0.03 secs] 
2026-06-18T14:06:08.165+0800: 41.253: [GC (Allocation Failure) [PSYoungGen: 68400K->11674K(71680K)] 115051K->65519K(246784K), 0.0109760 secs] [Times: user=0.09 sys=0.01, real=0.02 secs] 
2026-06-18T14:06:08.315+0800: 41.403: [GC (Allocation Failure) [PSYoungGen: 67482K->8491K(71168K)] 121327K->67228K(246272K), 0.0530434 secs] [Times: user=0.45 sys=0.01, real=0.06 secs] 
2026-06-18T14:06:08.520+0800: 41.607: [GC (Allocation Failure) [PSYoungGen: 64299K->9514K(71168K)] 123036K->70890K(246272K), 0.0225112 secs] [Times: user=0.20 sys=0.00, real=0.02 secs] 
2026-06-18T14:06:08.681+0800: 41.769: [GC (Allocation Failure) [PSYoungGen: 64810K->9935K(71168K)] 126186K->80526K(246272K), 0.0191314 secs] [Times: user=0.13 sys=0.00, real=0.02 secs] 
2026-06-18T14:06:08.837+0800: 41.925: [GC (Allocation Failure) [PSYoungGen: 64869K->10547K(71680K)] 135459K->90424K(246784K), 0.0134086 secs] [Times: user=0.11 sys=0.00, real=0.01 secs] 
2026-06-18T14:06:09.014+0800: 42.101: [GC (Allocation Failure) [PSYoungGen: 66867K->8506K(71680K)] 146744K->98827K(246784K), 0.0173542 secs] [Times: user=0.12 sys=0.00, real=0.02 secs] 
2026-06-18T14:06:09.170+0800: 42.258: [GC (Allocation Failure) [PSYoungGen: 64771K->12171K(71680K)] 155091K->110686K(246784K), 0.0147694 secs] [Times: user=0.10 sys=0.00, real=0.01 secs] 
2026-06-18T14:06:09.326+0800: 42.414: [GC (Allocation Failure) [PSYoungGen: 68491K->11417K(71680K)] 167006K->119877K(246784K), 0.0331643 secs] [Times: user=0.20 sys=0.01, real=0.04 secs] 
2026-06-18T14:06:09.515+0800: 42.602: [GC (Allocation Failure) [PSYoungGen: 67505K->9070K(72192K)] 175965K->124487K(247296K), 0.0195248 secs] [Times: user=0.12 sys=0.00, real=0.02 secs] 
2026-06-18T14:06:09.686+0800: 42.774: [GC (Allocation Failure) [PSYoungGen: 66414K->12185K(69632K)] 181831K->132959K(244736K), 0.0145417 secs] [Times: user=0.12 sys=0.00, real=0.02 secs] 
2026-06-18T14:06:09.854+0800: 42.942: [GC (Allocation Failure) [PSYoungGen: 69498K->10866K(72192K)] 190272K->138098K(247296K), 0.0154783 secs] [Times: user=0.13 sys=0.00, real=0.02 secs] 
2026-06-18T14:06:10.011+0800: 43.098: [GC (Allocation Failure) [PSYoungGen: 67698K->11849K(71680K)] 194930K->143017K(246784K), 0.0202828 secs] [Times: user=0.16 sys=0.01, real=0.02 secs] 
2026-06-18T14:06:10.177+0800: 43.264: [GC (Allocation Failure) [PSYoungGen: 68415K->11495K(72704K)] 199583K->151725K(247808K), 0.0124636 secs] [Times: user=0.07 sys=0.00, real=0.01 secs] 
2026-06-18T14:06:10.339+0800: 43.427: [GC (Allocation Failure) [PSYoungGen: 69351K->12845K(72192K)] 209581K->164443K(247296K), 0.0309217 secs] [Times: user=0.31 sys=0.00, real=0.03 secs] 
2026-06-18T14:06:10.520+0800: 43.608: [GC (Allocation Failure) [PSYoungGen: 70701K->12120K(72192K)] 222299K->173371K(247296K), 0.0111188 secs] [Times: user=0.08 sys=0.00, real=0.01 secs] 
2026-06-18T14:06:10.534+0800: 43.621: [Full GC (Ergonomics) [PSYoungGen: 12120K->0K(72192K)] [ParOldGen: 161250K->31327K(175104K)] 173371K->31327K(247296K), [Metaspace: 2714K->2714K(1056768K)], 0.0184077 secs] [Times: user=0.16 sys=0.00, real=0.02 secs] 
2026-06-18T14:06:10.703+0800: 43.791: [GC (Allocation Failure) [PSYoungGen: 57344K->12483K(72192K)] 88671K->43811K(247296K), 0.0195232 secs] [Times: user=0.19 sys=0.01, real=0.02 secs] 
2026-06-18T14:06:10.874+0800: 43.961: [GC (Allocation Failure) [PSYoungGen: 69827K->10698K(72192K)] 101155K->52969K(247296K), 0.0207706 secs] [Times: user=0.19 sys=0.00, real=0.03 secs] 
2026-06-18T14:06:11.038+0800: 44.125: [GC (Allocation Failure) [PSYoungGen: 67860K->8657K(72192K)] 110131K->59508K(247296K), 0.0282963 secs] [Times: user=0.23 sys=0.00, real=0.03 secs] 
2026-06-18T14:06:11.227+0800: 44.314: [GC (Allocation Failure) [PSYoungGen: 66001K->12536K(72192K)] 116852K->70200K(247296K), 0.0113294 secs] [Times: user=0.09 sys=0.00, real=0.02 secs] 
2026-06-18T14:06:11.379+0800: 44.466: [GC (Allocation Failure) [PSYoungGen: 69864K->9780K(72192K)] 127528K->76162K(247296K), 0.0175573 secs] [Times: user=0.10 sys=0.01, real=0.02 secs] 
2026-06-18T14:06:11.558+0800: 44.646: [GC (Allocation Failure) [PSYoungGen: 67124K->8946K(72192K)] 133506K->81011K(247296K), 0.0283922 secs] [Times: user=0.20 sys=0.00, real=0.03 secs] 
2026-06-18T14:06:11.732+0800: 44.819: [GC (Allocation Failure) [PSYoungGen: 66290K->12826K(70656K)] 138355K->89604K(245760K), 0.0165308 secs] [Times: user=0.10 sys=0.00, real=0.02 secs] 
2026-06-18T14:06:11.889+0800: 44.976: [GC (Allocation Failure) [PSYoungGen: 70170K->11654K(71680K)] 146948K->93567K(246784K), 0.0658963 secs] [Times: user=0.46 sys=0.00, real=0.07 secs] 
2026-06-18T14:06:12.106+0800: 45.193: [GC (Allocation Failure) [PSYoungGen: 67841K->9643K(71680K)] 149754K->101027K(246784K), 0.0131004 secs] [Times: user=0.11 sys=0.01, real=0.02 secs] 
2026-06-18T14:06:12.261+0800: 45.349: [GC (Allocation Failure) [PSYoungGen: 65963K->14372K(70144K)] 157347K->115311K(245248K), 0.0193326 secs] [Times: user=0.13 sys=0.01, real=0.02 secs] 
2026-06-18T14:06:12.429+0800: 45.517: [GC (Allocation Failure) [PSYoungGen: 69634K->9804K(71168K)] 170574K->121915K(246272K), 0.0134876 secs] [Times: user=0.12 sys=0.00, real=0.01 secs] 
2026-06-18T14:06:12.581+0800: 45.668: [GC (Allocation Failure) [PSYoungGen: 65100K->11992K(71680K)] 177211K->132056K(246784K), 0.0143724 secs] [Times: user=0.11 sys=0.00, real=0.02 secs] 
2026-06-18T14:06:12.744+0800: 45.831: [GC (Allocation Failure) [PSYoungGen: 67788K->8280K(71168K)] 187852K->137519K(246272K), 0.0171820 secs] [Times: user=0.17 sys=0.00, real=0.03 secs] 
2026-06-18T14:06:12.904+0800: 45.991: [GC (Allocation Failure) [PSYoungGen: 64071K->10255K(71680K)] 193309K->145797K(246784K), 0.0228407 secs] [Times: user=0.19 sys=0.00, real=0.02 secs] 
2026-06-18T14:06:13.073+0800: 46.161: [GC (Allocation Failure) [PSYoungGen: 66063K->11080K(71168K)] 201605K->152759K(246272K), 0.0149175 secs] [Times: user=0.13 sys=0.00, real=0.02 secs] 
2026-06-18T14:06:13.225+0800: 46.312: [GC (Allocation Failure) [PSYoungGen: 66888K->9105K(72192K)] 208567K->155142K(247296K), 0.0162627 secs] [Times: user=0.12 sys=0.00, real=0.02 secs] 
2026-06-18T14:06:13.390+0800: 46.477: [GC (Allocation Failure) [PSYoungGen: 66449K->11335K(72192K)] 212486K->160966K(247296K), 0.0158833 secs] [Times: user=0.12 sys=0.00, real=0.01 secs] 
2026-06-18T14:06:13.544+0800: 46.632: [GC (Allocation Failure) [PSYoungGen: 68556K->9340K(72192K)] 218187K->169419K(247296K), 0.0151201 secs] [Times: user=0.15 sys=0.00, real=0.02 secs] 
2026-06-18T14:06:13.707+0800: 46.794: [GC (Allocation Failure) [PSYoungGen: 66684K->12209K(72192K)] 226763K->181492K(247296K), 0.0350522 secs] [Times: user=0.23 sys=0.00, real=0.04 secs] 
2026-06-18T14:06:13.747+0800: 46.834: [Full GC (Ergonomics) [PSYoungGen: 12209K->0K(72192K)] [ParOldGen: 169283K->32020K(175104K)] 181492K->32020K(247296K), [Metaspace: 2714K->2714K(1056768K)], 0.0103926 secs] [Times: user=0.10 sys=0.00, real=0.02 secs] 
2026-06-18T14:06:13.894+0800: 46.981: [GC (Allocation Failure) [PSYoungGen: 57190K->11324K(72192K)] 89211K->43344K(247296K), 0.0413664 secs] [Times: user=0.38 sys=0.00, real=0.05 secs] 
2026-06-18T14:06:14.084+0800: 47.172: [GC (Allocation Failure) [PSYoungGen: 68668K->11969K(72192K)] 100688K->55254K(247296K), 0.0128786 secs] [Times: user=0.10 sys=0.01, real=0.02 secs] 
2026-06-18T14:06:14.236+0800: 47.323: [GC (Allocation Failure) [PSYoungGen: 69313K->10192K(72704K)] 112598K->62979K(247808K), 0.0396564 secs] [Times: user=0.37 sys=0.01, real=0.05 secs] 
2026-06-18T14:06:15.472+0800: 47.520: [GC (Allocation Failure) [PSYoungGen: 68048K->9717K(72192K)] 120835K->70341K(247296K), 0.0197135 secs] [Times: user=0.10 sys=0.00, real=0.02 secs] 
2026-06-18T14:06:15.632+0800: 47.680: [GC (Allocation Failure) [PSYoungGen: 67573K->14331K(70656K)] 128197K->82045K(245760K), 0.0188652 secs] [Times: user=0.14 sys=0.01, real=0.02 secs] 
2026-06-18T14:06:15.803+0800: 47.851: [GC (Allocation Failure) [PSYoungGen: 70572K->7502K(71680K)] 138285K->81808K(246784K), 0.0067881 secs] [Times: user=0.07 sys=0.00, real=0.01 secs] 
2026-06-18T14:06:15.956+0800: 48.005: [GC (Allocation Failure) [PSYoungGen: 63822K->11741K(71680K)] 138128K->89758K(246784K), 0.0118383 secs] [Times: user=0.11 sys=0.00, real=0.01 secs] 
2026-06-18T14:06:16.105+0800: 48.153: [GC (Allocation Failure) [PSYoungGen: 68061K->10746K(71680K)] 146078K->95892K(246784K), 0.0156686 secs] [Times: user=0.16 sys=0.01, real=0.02 secs] 
2026-06-18T14:06:16.257+0800: 48.306: [GC (Allocation Failure) [PSYoungGen: 67066K->13737K(70144K)] 152212K->101539K(245248K), 0.0170966 secs] [Times: user=0.13 sys=0.00, real=0.02 secs] 
2026-06-18T14:06:16.411+0800: 48.460: [GC (Allocation Failure) [PSYoungGen: 69033K->12060K(71168K)] 156835K->110524K(246272K), 0.0244689 secs] [Times: user=0.26 sys=0.00, real=0.03 secs] 
2026-06-18T14:06:16.573+0800: 48.621: [GC (Allocation Failure) [PSYoungGen: 67151K->9387K(71680K)] 165615K->116958K(246784K), 0.0127459 secs] [Times: user=0.14 sys=0.00, real=0.01 secs] 
2026-06-18T14:06:16.732+0800: 48.781: [GC (Allocation Failure) [PSYoungGen: 65195K->11257K(71168K)] 172766K->128127K(246272K), 0.0168941 secs] [Times: user=0.13 sys=0.00, real=0.02 secs] 
2026-06-18T14:06:16.887+0800: 48.935: [GC (Allocation Failure) [PSYoungGen: 67065K->11041K(72192K)] 183935K->138616K(247296K), 0.0213707 secs] [Times: user=0.20 sys=0.00, real=0.02 secs] 
2026-06-18T14:06:17.045+0800: 49.093: [GC (Allocation Failure) [PSYoungGen: 67873K->14836K(71680K)] 195448K->148777K(246784K), 0.0132929 secs] [Times: user=0.09 sys=0.00, real=0.02 secs] 
2026-06-18T14:06:17.210+0800: 49.259: [GC (Allocation Failure) [PSYoungGen: 71633K->10920K(71680K)] 205574K->151856K(246784K), 0.0227056 secs] [Times: user=0.21 sys=0.00, real=0.02 secs] 
2026-06-18T14:06:17.370+0800: 49.418: [GC (Allocation Failure) [PSYoungGen: 67240K->12456K(71680K)] 208176K->158669K(246784K), 0.0180464 secs] [Times: user=0.14 sys=0.00, real=0.02 secs] 
2026-06-18T14:06:17.535+0800: 49.584: [GC (Allocation Failure) [PSYoungGen: 68776K->10697K(71680K)] 214989K->160517K(246784K), 0.0176073 secs] [Times: user=0.17 sys=0.00, real=0.01 secs] 
2026-06-18T14:06:17.689+0800: 49.738: [GC (Allocation Failure) [PSYoungGen: 67017K->13001K(71680K)] 216837K->166083K(246784K), 0.0135108 secs] [Times: user=0.09 sys=0.00, real=0.01 secs] 
2026-06-18T14:06:17.850+0800: 49.898: [GC (Allocation Failure) [PSYoungGen: 69321K->10725K(71680K)] 222403K->174101K(246784K), 0.0114594 secs] [Times: user=0.13 sys=0.00, real=0.01 secs] 
2026-06-18T14:06:17.864+0800: 49.913: [Full GC (Ergonomics) [PSYoungGen: 10725K->0K(71680K)] [ParOldGen: 163375K->31546K(175104K)] 174101K->31546K(246784K), [Metaspace: 2714K->2714K(1056768K)], 0.0076842 secs] [Times: user=0.06 sys=0.00, real=0.01 secs] 
2026-06-18T14:06:18.010+0800: 50.058: [GC (Allocation Failure) [PSYoungGen: 55834K->10545K(71680K)] 87381K->42091K(246784K), 0.0285685 secs] [Times: user=0.29 sys=0.00, real=0.03 secs] 
2026-06-18T14:06:18.185+0800: 50.233: [GC (Allocation Failure) [PSYoungGen: 66865K->11589K(72192K)] 98411K->53570K(247296K), 0.0151435 secs] [Times: user=0.13 sys=0.00, real=0.02 secs] 
2026-06-18T14:06:18.347+0800: 50.396: [GC (Allocation Failure) [PSYoungGen: 68915K->12370K(72192K)] 110896K->62389K(247296K), 0.0144621 secs] [Times: user=0.14 sys=0.00, real=0.01 secs] 
2026-06-18T14:06:18.499+0800: 50.547: [GC (Allocation Failure) [PSYoungGen: 69454K->10523K(72192K)] 119473K->69449K(247296K), 0.0156737 secs] [Times: user=0.10 sys=0.00, real=0.02 secs] 
2026-06-18T14:06:18.662+0800: 50.711: [GC (Allocation Failure) [PSYoungGen: 67867K->12422K(72192K)] 126793K->79531K(247296K), 0.0193224 secs] [Times: user=0.21 sys=0.00, real=0.02 secs] 
2026-06-18T14:06:18.828+0800: 50.877: [GC (Allocation Failure) [PSYoungGen: 69740K->11208K(72704K)] 136850K->85963K(247808K), 0.0158911 secs] [Times: user=0.12 sys=0.00, real=0.01 secs] 
2026-06-18T14:06:18.990+0800: 51.039: [GC (Allocation Failure) [PSYoungGen: 69064K->9624K(72192K)] 143819K->91521K(247296K), 0.0233278 secs] [Times: user=0.26 sys=0.00, real=0.03 secs] 
2026-06-18T14:06:19.151+0800: 51.199: [GC (Allocation Failure) [PSYoungGen: 67480K->13697K(70656K)] 149377K->99901K(245760K), 0.0141650 secs] [Times: user=0.11 sys=0.00, real=0.01 secs] 
2026-06-18T14:06:19.312+0800: 51.361: [GC (Allocation Failure) [PSYoungGen: 70017K->10449K(71680K)] 156221K->101656K(246784K), 0.0282518 secs] [Times: user=0.28 sys=0.01, real=0.03 secs] 
2026-06-18T14:06:19.478+0800: 51.526: [GC (Allocation Failure) [PSYoungGen: 66710K->12706K(71168K)] 157916K->106972K(246272K), 0.0316510 secs] [Times: user=0.37 sys=0.00, real=0.03 secs] 
2026-06-18T14:06:19.647+0800: 51.696: [GC (Allocation Failure) [PSYoungGen: 69026K->8364K(71680K)] 163292K->113661K(246784K), 0.0132241 secs] [Times: user=0.12 sys=0.00, real=0.01 secs] 
2026-06-18T14:06:19.797+0800: 51.846: [GC (Allocation Failure) [PSYoungGen: 64627K->9340K(71680K)] 169925K->122906K(246784K), 0.0123661 secs] [Times: user=0.12 sys=0.00, real=0.01 secs] 
2026-06-18T14:06:19.961+0800: 52.010: [GC (Allocation Failure) [PSYoungGen: 65660K->11558K(71680K)] 179226K->134344K(246784K), 0.0114159 secs] [Times: user=0.10 sys=0.00, real=0.01 secs] 
2026-06-18T14:06:20.110+0800: 52.158: [GC (Allocation Failure) [PSYoungGen: 67723K->9165K(72192K)] 190509K->141569K(247296K), 0.0177295 secs] [Times: user=0.18 sys=0.01, real=0.02 secs] 
2026-06-18T14:06:20.275+0800: 52.323: [GC (Allocation Failure) [PSYoungGen: 66509K->12288K(70144K)] 198913K->151653K(245248K), 0.0336638 secs] [Times: user=0.30 sys=0.00, real=0.03 secs] 
2026-06-18T14:06:20.456+0800: 52.505: [GC (Allocation Failure) [PSYoungGen: 69632K->10676K(72192K)] 208997K->158235K(247296K), 0.0187649 secs] [Times: user=0.20 sys=0.00, real=0.02 secs] 
2026-06-18T14:06:20.623+0800: 52.672: [GC (Allocation Failure) [PSYoungGen: 67508K->9421K(71680K)] 215067K->163191K(246784K), 0.0302326 secs] [Times: user=0.30 sys=0.00, real=0.03 secs] 
2026-06-18T14:06:20.790+0800: 52.839: [GC (Allocation Failure) [PSYoungGen: 66253K->13163K(71168K)] 220023K->171802K(246272K), 0.0133926 secs] [Times: user=0.10 sys=0.00, real=0.01 secs] 
2026-06-18T14:06:20.951+0800: 53.000: [GC (Allocation Failure) [PSYoungGen: 69483K->11156K(71680K)] 228122K->174394K(246784K), 0.0185401 secs] [Times: user=0.16 sys=0.01, real=0.02 secs] 
2026-06-18T14:06:20.971+0800: 53.020: [Full GC (Ergonomics) [PSYoungGen: 11156K->0K(71680K)] [ParOldGen: 163237K->23519K(175104K)] 174394K->23519K(246784K), [Metaspace: 2714K->2714K(1056768K)], 0.0191668 secs] [Times: user=0.23 sys=0.00, real=0.02 secs] 
2026-06-18T14:06:21.128+0800: 53.176: [GC (Allocation Failure) [PSYoungGen: 56320K->14086K(70144K)] 79839K->37605K(245248K), 0.0182199 secs] [Times: user=0.17 sys=0.01, real=0.02 secs] 
2026-06-18T14:06:21.283+0800: 53.331: [GC (Allocation Failure) [PSYoungGen: 69382K->10864K(71168K)] 92901K->47200K(246272K), 0.0161920 secs] [Times: user=0.13 sys=0.00, real=0.02 secs] 
2026-06-18T14:06:21.436+0800: 53.484: [GC (Allocation Failure) [PSYoungGen: 66129K->10311K(71680K)] 102465K->54769K(246784K), 0.0132233 secs] [Times: user=0.15 sys=0.00, real=0.01 secs] 
2026-06-18T14:06:21.595+0800: 53.644: [GC (Allocation Failure) [PSYoungGen: 66631K->10810K(71680K)] 111089K->65443K(246784K), 0.0142844 secs] [Times: user=0.12 sys=0.00, real=0.01 secs] 
2026-06-18T14:06:21.747+0800: 53.796: [GC (Allocation Failure) [PSYoungGen: 67045K->8979K(72192K)] 121678K->72718K(247296K), 0.0129953 secs] [Times: user=0.10 sys=0.00, real=0.01 secs] 
2026-06-18T14:06:21.912+0800: 53.960: [GC (Allocation Failure) [PSYoungGen: 66323K->12089K(72192K)] 130062K->82808K(247296K), 0.0157727 secs] [Times: user=0.12 sys=0.01, real=0.02 secs] 
2026-06-18T14:06:22.075+0800: 54.123: [GC (Allocation Failure) [PSYoungGen: 69433K->11632K(72192K)] 140152K->89888K(247296K), 0.0164553 secs] [Times: user=0.13 sys=0.00, real=0.01 secs] 
2026-06-18T14:06:22.241+0800: 54.290: [GC (Allocation Failure) [PSYoungGen: 68976K->11350K(72192K)] 147232K->95721K(247296K), 0.0154677 secs] [Times: user=0.14 sys=0.01, real=0.02 secs] 
2026-06-18T14:06:22.404+0800: 54.452: [GC (Allocation Failure) [PSYoungGen: 68694K->12572K(71680K)] 153065K->102271K(246784K), 0.0147760 secs] [Times: user=0.15 sys=0.00, real=0.02 secs] 
2026-06-18T14:06:22.567+0800: 54.615: [GC (Allocation Failure) [PSYoungGen: 69916K->12029K(72192K)] 159615K->106624K(247296K), 0.0161760 secs] [Times: user=0.11 sys=0.01, real=0.01 secs] 
2026-06-18T14:06:22.729+0800: 54.778: [GC (Allocation Failure) [PSYoungGen: 69373K->9862K(72192K)] 163968K->109535K(247296K), 0.0142912 secs] [Times: user=0.11 sys=0.00, real=0.01 secs] 
2026-06-18T14:06:22.882+0800: 54.930: [GC (Allocation Failure) [PSYoungGen: 66178K->8838K(72192K)] 165850K->111076K(247296K), 0.0309410 secs] [Times: user=0.31 sys=0.00, real=0.03 secs] 
2026-06-18T14:06:23.060+0800: 55.108: [GC (Allocation Failure) [PSYoungGen: 66182K->9836K(72704K)] 168420K->120849K(247808K), 0.0203085 secs] [Times: user=0.18 sys=0.00, real=0.02 secs] 
2026-06-18T14:06:23.232+0800: 55.280: [GC (Allocation Failure) [PSYoungGen: 67692K->12520K(72192K)] 178705K->133241K(247296K), 0.0133063 secs] [Times: user=0.14 sys=0.00, real=0.01 secs] 
2026-06-18T14:06:23.382+0800: 55.430: [GC (Allocation Failure) [PSYoungGen: 70347K->10196K(72192K)] 191068K->142314K(247296K), 0.0200994 secs] [Times: user=0.21 sys=0.01, real=0.02 secs] 
2026-06-18T14:06:23.549+0800: 55.597: [GC (Allocation Failure) [PSYoungGen: 67540K->12491K(72192K)] 199658K->154685K(247296K), 0.0138170 secs] [Times: user=0.12 sys=0.01, real=0.01 secs] 
2026-06-18T14:06:23.700+0800: 55.748: [GC (Allocation Failure) [PSYoungGen: 69719K->9959K(72192K)] 211914K->162455K(247296K), 0.0087104 secs] [Times: user=0.02 sys=0.00, real=0.01 secs] 
2026-06-18T14:06:23.857+0800: 55.905: [GC (Allocation Failure) [PSYoungGen: 67303K->11836K(72192K)] 219799K->172175K(247296K), 0.0112082 secs] [Times: user=0.12 sys=0.00, real=0.01 secs] 
2026-06-18T14:06:24.005+0800: 56.053: [GC (Allocation Failure) [PSYoungGen: 69146K->10162K(72704K)] 229485K->178278K(247808K), 0.0150478 secs] [Times: user=0.11 sys=0.01, real=0.02 secs] 
2026-06-18T14:06:24.023+0800: 56.071: [Full GC (Ergonomics) [PSYoungGen: 10162K->0K(72704K)] [ParOldGen: 168115K->25160K(175104K)] 178278K->25160K(247808K), [Metaspace: 2714K->2714K(1056768K)], 0.0140148 secs] [Times: user=0.13 sys=0.00, real=0.02 secs] 
2026-06-18T14:06:24.185+0800: 56.234: [GC (Allocation Failure) [PSYoungGen: 57856K->12587K(72192K)] 83016K->37748K(247296K), 0.0106805 secs] [Times: user=0.12 sys=0.00, real=0.02 secs] 
2026-06-18T14:06:24.344+0800: 56.392: [GC (Allocation Failure) [PSYoungGen: 70443K->11107K(72704K)] 95604K->42282K(247808K), 0.0135790 secs] [Times: user=0.15 sys=0.00, real=0.02 secs] 
2026-06-18T14:06:24.495+0800: 56.544: [GC (Allocation Failure) [PSYoungGen: 68228K->7429K(72192K)] 99403K->43933K(247296K), 0.0136493 secs] [Times: user=0.13 sys=0.00, real=0.01 secs] 
2026-06-18T14:06:24.657+0800: 56.706: [GC (Allocation Failure) [PSYoungGen: 65285K->12495K(72192K)] 101789K->51113K(247296K), 0.0108625 secs] [Times: user=0.09 sys=0.00, real=0.01 secs] 
2026-06-18T14:06:24.815+0800: 56.864: [GC (Allocation Failure) [PSYoungGen: 69839K->10254K(72192K)] 108457K->59416K(247296K), 0.0134905 secs] [Times: user=0.13 sys=0.00, real=0.01 secs] 
2026-06-18T14:06:24.966+0800: 57.014: [GC (Allocation Failure) [PSYoungGen: 67598K->13443K(71168K)] 116760K->71858K(246272K), 0.0114733 secs] [Times: user=0.09 sys=0.00, real=0.02 secs] 
2026-06-18T14:06:25.115+0800: 57.163: [GC (Allocation Failure) [PSYoungGen: 69763K->12443K(71680K)] 128178K->82263K(246784K), 0.0127527 secs] [Times: user=0.12 sys=0.00, real=0.02 secs] 
2026-06-18T14:06:25.275+0800: 57.324: [GC (Allocation Failure) [PSYoungGen: 68763K->10368K(71680K)] 138583K->89389K(246784K), 0.0126052 secs] [Times: user=0.13 sys=0.00, real=0.01 secs] 
2026-06-18T14:06:25.439+0800: 57.487: [GC (Allocation Failure) [PSYoungGen: 66688K->8692K(71680K)] 145709K->95151K(246784K), 0.0147157 secs] [Times: user=0.17 sys=0.00, real=0.02 secs] 
2026-06-18T14:06:25.581+0800: 57.630: [GC (Allocation Failure) [PSYoungGen: 64839K->10272K(72192K)] 151298K->103141K(247296K), 0.0026806 secs] [Times: user=0.01 sys=0.00, real=0.00 secs] 
2026-06-18T14:06:25.731+0800: 57.779: [GC (Allocation Failure) [PSYoungGen: 67104K->11156K(71680K)] 159973K->110177K(246784K), 0.0153385 secs] [Times: user=0.09 sys=0.01, real=0.02 secs] 
2026-06-18T14:06:25.886+0800: 57.934: [GC (Allocation Failure) [PSYoungGen: 67988K->9412K(72704K)] 167009K->114953K(247808K), 0.8215232 secs] [Times: user=0.02 sys=0.00, real=0.83 secs] 
Heap
 PSYoungGen      total 72704K, used 12472K [0x00000000fab00000, 0x0000000100000000, 0x0000000100000000)
  eden space 57856K, 5% used [0x00000000fab00000,0x00000000fadfce38,0x00000000fe380000)
  from space 14848K, 63% used [0x00000000ff180000,0x00000000ffab1210,0x0000000100000000)
  to   space 14336K, 0% used [0x00000000fe380000,0x00000000fe380000,0x00000000ff180000)
 ParOldGen       total 175104K, used 105541K [0x00000000f0000000, 0x00000000fab00000, 0x00000000fab00000)
  object space 175104K, 60% used [0x00000000f0000000,0x00000000f67115c0,0x00000000fab00000)
 Metaspace       used 2722K, capacity 4494K, committed 4864K, reserved 1056768K
  class space    used 282K, capacity 386K, committed 512K, reserved 1048576K
